[    0.000000] Linux version 4.1.17+ (alessio@pc) (gcc version 5.5.0 20171010 (Ubuntu 5.5.0-12ubuntu1) ) #1 Mon May 15 23:04:08 CEST 2023
[    0.000000] earlycon: Early serial console at I/O port 0x3f8 (options '38400n8')
[    0.000000] bootconsole [uart0] enabled
[    0.000000] CPU0 revision is: 00019300 (MIPS 24Kc)
[    0.000000] FPU revision is: 00739300
[    0.000000] Software DMA cache coherency enabled
[    0.000000] Determined physical RAM map:
[    0.000000]  memory: 00001000 @ 00000000 (reserved)
[    0.000000]  memory: 000ef000 @ 00001000 (ROM data)
[    0.000000]  memory: 00798000 @ 000f0000 (reserved)
[    0.000000]  memory: 0f777000 @ 00888000 (usable)
[    0.000000] debug: ignoring loglevel setting.
[    0.000000] Wasting 69888 bytes for tracking 2184 unused pages
[    0.000000] Initrd not found or empty - disabling initrd
[    0.000000] Zone ranges:
[    0.000000]   DMA      [mem 0x0000000000000000-0x0000000000ffffff]
[    0.000000]   Normal   [mem 0x0000000001000000-0x000000000fffefff]
[    0.000000] Movable zone start for each node
[    0.000000] Early memory node ranges
[    0.000000]   node   0: [mem 0x0000000000000000-0x000000000fffefff]
[    0.000000] Initmem setup node 0 [mem 0x0000000000000000-0x000000000fffefff]
[    0.000000] On node 0 totalpages: 65535
[    0.000000] free_area_init_node: node 0, pgdat 8081d5b0, node_mem_map 81000000
[    0.000000]   DMA zone: 32 pages used for memmap
[    0.000000]   DMA zone: 0 pages reserved
[    0.000000]   DMA zone: 4096 pages, LIFO batch:0
[    0.000000]   Normal zone: 480 pages used for memmap
[    0.000000]   Normal zone: 61439 pages, LIFO batch:15
[    0.000000] Primary instruction cache 2kB, VIPT, 2-way, linesize 16 bytes.
[    0.000000] Primary data cache 2kB, 2-way, VIPT, no aliases, linesize 16 bytes
[    0.000000] pcpu-alloc: s0 r0 d32768 u32768 alloc=1*32768
[    0.000000] pcpu-alloc: [0] 0 
[    0.000000] Built 1 zonelists in Zone order, mobility grouping on.  Total pages: 65023
[    0.000000] Kernel command line: root=/dev/sda1 console=ttyS0 nandsim.parts=64,64,64,64,64,64,64,64,64,64 rdinit=/firmadyne/preInit.sh rw debug ignore_loglevel print-fatal-signals=1 FIRMAE_NET=true FIRMAE_NVRAM=true FIRMAE_KERNEL=true FIRMAE_ETC=true user_debug=0 firmadyne.syscall=1 noka
[    0.000000] found FIRMAE_KERNEL=t
[    0.000000] set the LD_PRELOAD=/firmadyne/libnvram_ioctl.so
[    0.000000] PID hash table entries: 1024 (order: 0, 4096 bytes)
[    0.000000] Dentry cache hash table entries: 32768 (order: 5, 131072 bytes)
[    0.000000] Inode-cache hash table entries: 16384 (order: 4, 65536 bytes)
[    0.000000] Writing ErrCtl register=00000000
[    0.000000] Readback ErrCtl register=00000000
[    0.000000] Memory: 251112K/262140K available (5360K kernel code, 244K rwdata, 1676K rodata, 260K init, 158K bss, 11028K reserved, 0K cma-reserved)
[    0.000000] NR_IRQS:256
[    0.000000] CPU frequency 200.00 MHz
[    0.000000] clocksource MIPS: mask: 0xffffffff max_cycles: 0xffffffff, max_idle_ns: 19112577707 ns
[    0.000170] sched_clock: 32 bits at 100MHz, resolution 9ns, wraps every 21474806779ns
[    0.011612] Console: colour dummy device 80x25
[    0.012508] Calibrating delay loop... 35.45 BogoMIPS (lpj=70912)
[    0.057141] pid_max: default: 32768 minimum: 301
[    0.060436] Mount-cache hash table entries: 1024 (order: 0, 4096 bytes)
[    0.060895] Mountpoint-cache hash table entries: 1024 (order: 0, 4096 bytes)
[    0.112171] clocksource jiffies: mask: 0xffffffff max_cycles: 0xffffffff, max_idle_ns: 7645041785100000 ns
[    0.120792] NET: Registered protocol family 16
[    0.342026] clocksource pit: mask: 0xffffffff max_cycles: 0xffffffff, max_idle_ns: 1601818034827 ns
[    0.463679] vgaarb: loaded
[    0.468224] SCSI subsystem initialized
[    0.470319] libata version 3.00 loaded.
[    0.473872] usbcore: registered new interface driver usbfs
[    0.474997] usbcore: registered new interface driver hub
[    0.475846] usbcore: registered new device driver usb
[    0.478073] pps_core: LinuxPPS API ver. 1 registered
[    0.478399] pps_core: Software ver. 5.3.6 - Copyright 2005-2007 Rodolfo Giometti <giometti@linux.it>
[    0.479143] PTP clock support registered
[    0.482931] PCI host bridge to bus 0000:00
[    0.483544] pci_bus 0000:00: root bus resource [mem 0x10000000-0x17ffffff]
[    0.484036] pci_bus 0000:00: root bus resource [io  0x1000-0x1fffff]
[    0.484517] pci_bus 0000:00: root bus resource [??? 0x00000000 flags 0x0]
[    0.484983] pci_bus 0000:00: No busn resource found for root bus, will use [bus 00-ff]
[    0.486152] pci 0000:00:00.0: [11ab:4620] type 00 class 0x060000
[    0.486939] pci 0000:00:00.0: [Firmware Bug]: reg 0x14: invalid BAR (can't size)
[    0.487413] pci 0000:00:00.0: [Firmware Bug]: reg 0x18: invalid BAR (can't size)
[    0.487879] pci 0000:00:00.0: [Firmware Bug]: reg 0x1c: invalid BAR (can't size)
[    0.488342] pci 0000:00:00.0: [Firmware Bug]: reg 0x20: invalid BAR (can't size)
[    0.488823] pci 0000:00:00.0: [Firmware Bug]: reg 0x24: invalid BAR (can't size)
[    0.492106] pci 0000:00:0a.0: [8086:7110] type 00 class 0x060100
[    0.494980] pci 0000:00:0a.1: [8086:7111] type 00 class 0x010180
[    0.495618] pci 0000:00:0a.1: reg 0x20: [io  0x0000-0x000f]
[    0.496095] pci 0000:00:0a.1: legacy IDE quirk: reg 0x10: [io  0x01f0-0x01f7]
[    0.496560] pci 0000:00:0a.1: legacy IDE quirk: reg 0x14: [io  0x03f6]
[    0.497012] pci 0000:00:0a.1: legacy IDE quirk: reg 0x18: [io  0x0170-0x0177]
[    0.497472] pci 0000:00:0a.1: legacy IDE quirk: reg 0x1c: [io  0x0376]
[    0.500110] pci 0000:00:0a.2: [8086:7112] type 00 class 0x0c0300
[    0.500666] pci 0000:00:0a.2: reg 0x20: [io  0x0000-0x001f]
[    0.503346] pci 0000:00:0a.3: [8086:7113] type 00 class 0x068000
[    0.504347] pci 0000:00:0a.3: quirk: [io  0x1000-0x103f] claimed by PIIX4 ACPI
[    0.504858] pci 0000:00:0a.3: quirk: [io  0x1100-0x110f] claimed by PIIX4 SMB
[    0.507531] pci 0000:00:12.0: [1013:00b8] type 00 class 0x030000
[    0.508020] pci 0000:00:12.0: reg 0x10: [mem 0x00000000-0x01ffffff pref]
[    0.508483] pci 0000:00:12.0: reg 0x14: [mem 0x00000000-0x00000fff]
[    0.509005] pci 0000:00:12.0: reg 0x30: [mem 0x00000000-0x0000ffff pref]
[    0.511268] vgaarb: device added: PCI:0000:00:12.0,decodes=io+mem,owns=none,locks=none
[    0.512237] pci 0000:00:13.0: [8086:100e] type 00 class 0x020000
[    0.512722] pci 0000:00:13.0: reg 0x10: [mem 0x00000000-0x0001ffff]
[    0.513168] pci 0000:00:13.0: reg 0x14: [io  0x0000-0x003f]
[    0.513677] pci 0000:00:13.0: reg 0x30: [mem 0x00000000-0x0003ffff pref]
[    0.516246] pci 0000:00:14.0: [8086:100e] type 00 class 0x020000
[    0.516741] pci 0000:00:14.0: reg 0x10: [mem 0x00000000-0x0001ffff]
[    0.517199] pci 0000:00:14.0: reg 0x14: [io  0x0000-0x003f]
[    0.517709] pci 0000:00:14.0: reg 0x30: [mem 0x00000000-0x0003ffff pref]
[    0.520375] pci 0000:00:15.0: [8086:100e] type 00 class 0x020000
[    0.520868] pci 0000:00:15.0: reg 0x10: [mem 0x00000000-0x0001ffff]
[    0.521328] pci 0000:00:15.0: reg 0x14: [io  0x0000-0x003f]
[    0.521844] pci 0000:00:15.0: reg 0x30: [mem 0x00000000-0x0003ffff pref]
[    0.524386] pci 0000:00:16.0: [8086:100e] type 00 class 0x020000
[    0.524867] pci 0000:00:16.0: reg 0x10: [mem 0x00000000-0x0001ffff]
[    0.525319] pci 0000:00:16.0: reg 0x14: [io  0x0000-0x003f]
[    0.525814] pci 0000:00:16.0: reg 0x30: [mem 0x00000000-0x0003ffff pref]
[    0.528503] pci_bus 0000:00: busn_res: [bus 00-ff] end is updated to 00
[    0.529771] pci 0000:00:12.0: BAR 0: assigned [mem 0x10000000-0x11ffffff pref]
[    0.530398] pci 0000:00:13.0: BAR 6: assigned [mem 0x12000000-0x1203ffff pref]
[    0.531076] pci 0000:00:14.0: BAR 6: assigned [mem 0x12040000-0x1207ffff pref]
[    0.531600] pci 0000:00:15.0: BAR 6: assigned [mem 0x12080000-0x120bffff pref]
[    0.532127] pci 0000:00:16.0: BAR 6: assigned [mem 0x120c0000-0x120fffff pref]
[    0.532652] pci 0000:00:13.0: BAR 0: assigned [mem 0x12100000-0x1211ffff]
[    0.533160] pci 0000:00:14.0: BAR 0: assigned [mem 0x12120000-0x1213ffff]
[    0.533662] pci 0000:00:15.0: BAR 0: assigned [mem 0x12140000-0x1215ffff]
[    0.534176] pci 0000:00:16.0: BAR 0: assigned [mem 0x12160000-0x1217ffff]
[    0.534692] pci 0000:00:12.0: BAR 6: assigned [mem 0x12180000-0x1218ffff pref]
[    0.535350] pci 0000:00:12.0: BAR 1: assigned [mem 0x12190000-0x12190fff]
[    0.535852] pci 0000:00:13.0: BAR 1: assigned [io  0x1040-0x107f]
[    0.536309] pci 0000:00:14.0: BAR 1: assigned [io  0x1080-0x10bf]
[    0.536766] pci 0000:00:15.0: BAR 1: assigned [io  0x10c0-0x10ff]
[    0.537225] pci 0000:00:16.0: BAR 1: assigned [io  0x1400-0x143f]
[    0.537677] pci 0000:00:0a.2: BAR 4: assigned [io  0x1440-0x145f]
[    0.538138] pci 0000:00:0a.1: BAR 4: assigned [io  0x1460-0x146f]
[    0.552410] cfg80211: Calling CRDA to update world regulatory domain
[    0.563310] Switched to clocksource MIPS
[    0.655877] NET: Registered protocol family 2
[    0.665521] TCP established hash table entries: 2048 (order: 1, 8192 bytes)
[    0.666415] TCP bind hash table entries: 2048 (order: 1, 8192 bytes)
[    0.667394] TCP: Hash tables configured (established 2048 bind 2048)
[    0.668332] UDP hash table entries: 256 (order: 0, 4096 bytes)
[    0.668890] UDP-Lite hash table entries: 256 (order: 0, 4096 bytes)
[    0.672127] NET: Registered protocol family 1
[    0.673496] PCI: Enabling device 0000:00:0a.2 (0000 -> 0001)
[    0.674658] PCI: CLS 0 bytes, default 16
[    0.701059] futex hash table entries: 256 (order: -1, 3072 bytes)
[    0.714366] squashfs: version 4.0 (2009/01/31) Phillip Lougher
[    0.716455] jffs2: version 2.2. (NAND) Â© 2001-2006 Red Hat, Inc.
[    0.719107] romfs: ROMFS MTD (C) 2007 Red Hat, Inc.
[    0.738931] Block layer SCSI generic (bsg) driver version 0.4 loaded (major 251)
[    0.739671] io scheduler noop registered
[    0.740254] io scheduler cfq registered (default)
[    0.741057] firmadyne: devfs: 1, execute: 1, procfs: 1, syscall: 1
[    0.745729] firmadyne: Cannot register character device: gpio, 0xfc, 0x0!
[    0.752721] firmadyne: Cannot register character device: watchdog, 0xa, 0x82!
[    0.753137] firmadyne: Cannot register character device: wdt, 0xfd, 0x0!
[    2.160774] strName = 4.1.17+
[    2.160774] init_task_addr  = 2155778944
[    2.160774] init_task_size  = 1296
[    2.160774] ts_tasks        = 292
[    2.160774] ts_pid          = 408
[    2.160774] ts_tgid         = 412
[    2.160774] ts_group_leader = 440
[    2.160774] ts_thread_group = 496
[    2.160774] ts_real_parent  = 416
[    2.160774] ts_mm           = 300
[    2.160774] ts_stack        = 4
[    2.162705] module_name   = 12
[    2.162705] module_size   = 208
[    2.162705] module_init   = 200
[    2.162705] module_list   = 4
[    2.163614] ts_real_cred    = 624
[    2.163614] ts_cred         = 628
[    2.163614] ts_comm         = 632
[    2.163614] cred_uid        = 4
[    2.163614] cred_gid        = 8
[    2.163614] cred_euid       = 20
[    2.163614] cred_egid       = 24
[    2.164857] mm_mmap         = 0
[    2.164857] mm_pgd          = 32
[    2.164857] mm_arg_start    = 136
[    2.164857] mm_start_brk    = 124
[    2.164857] mm_brk          = 128
[    2.164857] mm_start_stack  = 132
[    2.165938] vma_vm_start    = 0
[    2.165938] vma_vm_end      = 4
[    2.165938] vma_vm_next     = 8
[    2.165938] vma_vm_file     = 80
[    2.165938] vma_vm_flags    = 40
[    2.165938] vma_vm_pgoff    = 76
[    2.167015] file_dentry     = 12
[    2.167015] file_inode      = 40
[    2.167015] dentry_d_name   = 24
[    2.167015] dentry_d_iname  = 44
[    2.167015] dentry_d_parent = 16
[    2.167015] ti_task         = 0
[    2.167015] inode_ino   = 28
[    3.058639] proc_fork_connector  = 2151078840
[    3.058963] proc_exit_connector  = 2151080432
[    3.059259] proc_exec_connector  = 2151079052
[    3.059654] vma_link  = 2149124372
[    3.059896] vma_adjust  = 2149124540
[    3.060141] remove_vma  = 2149122188
[    3.060395] modules  = 2155833724
[    3.060631] trim_init_extable  = 2150545316
[    3.063818] PCI: Enabling device 0000:00:12.0 (0000 -> 0002)
[    3.064899] cirrusfb 0000:00:12.0: Cirrus Logic chipset on PCI bus, RAM (4096 kB) at 0x10000000
[    3.301840] Console: switching to colour frame buffer device 80x30
[    3.358146] Serial: 8250/16550 driver, 4 ports, IRQ sharing enabled
[    3.369960] console [ttyS0] disabled
[    3.396055] serial8250.0: ttyS0 at I/O 0x3f8 (irq = 4, base_baud = 115200) is a 16550A
[    3.397141] console [ttyS0] enabled
[    3.397141] console [ttyS0] enabled
[    3.397643] bootconsole [uart0] disabled
[    3.397643] bootconsole [uart0] disabled
[    3.426669] serial8250.0: ttyS1 at I/O 0x2f8 (irq = 3, base_baud = 115200) is a 16550A
[    3.527830] brd: module loaded
[    3.580213] loop: module loaded
[    3.585652] ata_piix 0000:00:0a.1: version 2.13
[    3.586137] PCI: Enabling device 0000:00:0a.1 (0000 -> 0001)
[    3.607647] scsi host0: ata_piix
[    3.612442] scsi host1: ata_piix
[    3.615721] ata1: PATA max UDMA/33 cmd 0x1f0 ctl 0x3f6 bmdma 0x1460 irq 14
[    3.616150] ata2: PATA max UDMA/33 cmd 0x170 ctl 0x376 bmdma 0x1468 irq 15
[    3.621775] [nandsim] warning: read_byte: unexpected data output cycle, state is STATE_READY return 0x0
[    3.622286] [nandsim] warning: read_byte: unexpected data output cycle, state is STATE_READY return 0x0
[    3.622778] [nandsim] warning: read_byte: unexpected data output cycle, state is STATE_READY return 0x0
[    3.623403] [nandsim] warning: read_byte: unexpected data output cycle, state is STATE_READY return 0x0
[    3.623906] [nandsim] warning: read_byte: unexpected data output cycle, state is STATE_READY return 0x0
[    3.624409] [nandsim] warning: read_byte: unexpected data output cycle, state is STATE_READY return 0x0
[    3.625070] nand: device found, Manufacturer ID: 0x98, Chip ID: 0x39
[    3.625461] nand: Toshiba NAND 128MiB 1,8V 8-bit
[    3.625812] nand: 128 MiB, SLC, erase size: 16 KiB, page size: 512, OOB size: 16
[    3.627210] flash size: 128 MiB
[    3.627548] page size: 512 bytes
[    3.627762] OOB area size: 16 bytes
[    3.627988] sector size: 16 KiB
[    3.628197] pages number: 262144
[    3.628413] pages per sector: 32
[    3.628620] bus width: 8
[    3.628808] bits in sector size: 14
[    3.629028] bits in page size: 9
[    3.629255] bits in OOB size: 4
[    3.629472] flash size with OOB: 135168 KiB
[    3.629720] page address bytes: 4
[    3.629937] sector address bytes: 3
[    3.630163] options: 0x42
[    3.699719] Scanning device for bad blocks
[    4.691122] cfg80211: Calling CRDA to update world regulatory domain
[    4.695588] ata2.01: NODEV after polling detection
[    4.696212] ata1.01: NODEV after polling detection
[    4.697674] ata2.00: ATAPI: QEMU DVD-ROM, 2.5+, max UDMA/100
[    4.699653] ata1.00: ATA-7: QEMU HARDDISK, 2.5+, max UDMA/100
[    4.700047] ata1.00: 2097152 sectors, multi 16: LBA48 
[    4.705650] ata1.00: configured for UDMA/33
[    4.711711] ata2.00: configured for UDMA/33
[    4.714822] scsi 0:0:0:0: Direct-Access     ATA      QEMU HARDDISK    2.5+ PQ: 0 ANSI: 5
[    4.728587] sd 0:0:0:0: [sda] 2097152 512-byte logical blocks: (1.07 GB/1.00 GiB)
[    4.729920] scsi 1:0:0:0: CD-ROM            QEMU     QEMU DVD-ROM     2.5+ PQ: 0 ANSI: 5
[    4.741142] sd 0:0:0:0: [sda] Write Protect is off
[    4.741584] sd 0:0:0:0: [sda] Mode Sense: 00 3a 00 00
[    4.742854] sd 0:0:0:0: [sda] Write cache: enabled, read cache: enabled, doesn't support DPO or FUA
[    4.752937] Creating 11 MTD partitions on "NAND 128MiB 1,8V 8-bit":
[    4.753529] 0x000000000000-0x000000100000 : "NAND simulator partition 0"
[    4.763129] 0x000000100000-0x000000200000 : "NAND simulator partition 1"
[    4.772307] 0x000000200000-0x000000300000 : "NAND simulator partition 2"
[    4.781313] 0x000000300000-0x000000400000 : "NAND simulator partition 3"
[    4.790424] 0x000000400000-0x000000500000 : "NAND simulator partition 4"
[    4.799765] 0x000000500000-0x000000600000 : "NAND simulator partition 5"
[    4.809307] 0x000000600000-0x000000700000 : "NAND simulator partition 6"
[    4.818871] 0x000000700000-0x000000800000 : "NAND simulator partition 7"
[    4.828571] 0x000000800000-0x000000900000 : "NAND simulator partition 8"
[    4.837511] 0x000000900000-0x000000a00000 : "NAND simulator partition 9"
[    4.846423] 0x000000a00000-0x000008000000 : "NAND simulator partition 10"
[    4.884940] tun: Universal TUN/TAP device driver, 1.6
[    4.885274] tun: (C) 1999-2004 Max Krasnyansky <maxk@qualcomm.com>
[    4.888457] pcnet32: pcnet32.c:v1.35 21.Apr.2008 tsbogend@alpha.franken.de
[    4.889607] e1000: Intel(R) PRO/1000 Network Driver - version 7.3.21-k8-NAPI
[    4.890006] e1000: Copyright (c) 1999-2006 Intel Corporation.
[    4.890815] PCI: Enabling device 0000:00:13.0 (0000 -> 0003)
[    4.892901]  sda: sda1
[    4.904653] sd 0:0:0:0: [sda] Attached SCSI disk
[    5.186469] e1000 0000:00:13.0 eth0: (PCI:33MHz:32-bit) 52:54:00:12:34:56
[    5.187074] e1000 0000:00:13.0 eth0: Intel(R) PRO/1000 Network Connection
[    5.187794] PCI: Enabling device 0000:00:14.0 (0000 -> 0003)
[    5.481028] e1000 0000:00:14.0 eth1: (PCI:33MHz:32-bit) 52:54:00:12:34:57
[    5.481508] e1000 0000:00:14.0 eth1: Intel(R) PRO/1000 Network Connection
[    5.482108] PCI: Enabling device 0000:00:15.0 (0000 -> 0003)
[    5.781821] e1000 0000:00:15.0 eth2: (PCI:33MHz:32-bit) 52:54:00:12:34:58
[    5.782318] e1000 0000:00:15.0 eth2: Intel(R) PRO/1000 Network Connection
[    5.782907] PCI: Enabling device 0000:00:16.0 (0000 -> 0003)
[    6.080406] e1000 0000:00:16.0 eth3: (PCI:33MHz:32-bit) 52:54:00:12:34:59
[    6.080893] e1000 0000:00:16.0 eth3: Intel(R) PRO/1000 Network Connection
[    6.082010] e1000e: Intel(R) PRO/1000 Network Driver - 2.3.2-k
[    6.082314] e1000e: Copyright(c) 1999 - 2014 Intel Corporation.
[    6.086094] PPP generic driver version 2.4.2
[    6.088143] PPP Deflate Compression module registered
[    6.088739] PPP MPPE Compression module registered
[    6.089094] NET: Registered protocol family 24
[    6.089760] ehci_hcd: USB 2.0 'Enhanced' Host Controller (EHCI) Driver
[    6.090198] ehci-pci: EHCI PCI platform driver
[    6.091185] ohci_hcd: USB 1.1 'Open' Host Controller (OHCI) Driver
[    6.091723] ohci-pci: OHCI PCI platform driver
[    6.092743] uhci_hcd: USB Universal Host Controller Interface driver
[    6.094236] uhci_hcd 0000:00:0a.2: UHCI Host Controller
[    6.094959] uhci_hcd 0000:00:0a.2: new USB bus registered, assigned bus number 1
[    6.096102] uhci_hcd 0000:00:0a.2: irq 11, io base 0x00001440
[    6.106894] hub 1-0:1.0: USB hub found
[    6.107878] hub 1-0:1.0: 2 ports detected
[    6.116054] usbcore: registered new interface driver usb-storage
[    6.119894] mousedev: PS/2 mouse device common for all mice
[    6.125710] rtc_cmos rtc_cmos: rtc core: registered rtc_cmos as rtc0
[    6.126393] rtc_cmos rtc_cmos: alarms up to one day, 242 bytes nvram
[    6.127884] i2c /dev entries driver
[    6.129011] piix4_smbus 0000:00:0a.3: SMBus Host Controller at 0x1100, revision 0
[    6.133212] sdhci: Secure Digital Host Controller Interface driver
[    6.133551] sdhci: Copyright(c) Pierre Ossman
[    6.135750] hidraw: raw HID events driver (C) Jiri Kosina
[    6.152609] usbcore: registered new interface driver usbhid
[    6.152940] usbhid: USB HID core driver
[    6.153911] Netfilter messages via NETLINK v0.30.
[    6.155149] nf_conntrack version 0.5.0 (3923 buckets, 15692 max)
[    6.158266] ctnetlink v0.93: registering with nfnetlink.
[    6.163415] ipip: IPv4 over IPv4 tunneling driver
[    6.174605] ip_tables: (C) 2000-2006 Netfilter Core Team
[    6.177276] arp_tables: (C) 2002 David S. Miller
[    6.178939] Initializing XFRM netlink socket
[    6.180115] NET: Registered protocol family 10
[    6.198054] ip6_tables: (C) 2000-2006 Netfilter Core Team
[    6.201537] sit: IPv6 over IPv4 tunneling driver
[    6.217514] NET: Registered protocol family 17
[    6.218371] bridge: automatic filtering via arp/ip/ip6tables has been deprecated. Update your scripts to load br_netfilter if you need this.
[    6.219514] Bridge firewalling registered
[    6.219897] Ebtables v2.0 registered
[    6.223907] 8021q: 802.1Q VLAN Support v1.8
[    6.244068] rtc_cmos rtc_cmos: setting system clock to 2025-07-23 22:44:34 UTC (1753310674)
[    6.264454] EXT2-fs (sda1): warning: mounting unchecked fs, running e2fsck is recommended
[    6.266565] VFS: Mounted root (ext2 filesystem) on device 8:1.
[    6.275203] Freeing YAMON memory: 956k freed
[    6.285707] Freeing unused kernel memory: 260K (8081f000 - 80860000)
[    6.315129] firmadyne: sys_reboot[PID: 1 (init)]: magic1:fee1dead, magic2:28121969, cmd:0
init started: BusyBox v1.14.1 (2024-07-07 02:43:58 CEST)
starting pid 48, tty '': '/etc/init.d/rcS'
[    6.394843] firmadyne: do_execve: /firmadyne/console
[    6.395638] OFFSETS: offset of pid: 0x198 offset of comm: 0x278
[/etc/init.d/S03config.sh]
Mounting proc and var ...
[    7.835988] cfg80211: Calling CRDA to update world regulatory domain
SymbLink /dev/mtdblock/0
SymbLink /dev/mtdblock/1
SymbLink /dev/mtdblock/10
SymbLink /dev/mtdblock/2
SymbLink /dev/mtdblock/3
SymbLink /dev/mtdblock/4
[   10.363497] spurious 8259A interrupt: IRQ7.
SymbLink /dev/mtdblock/5
SymbLink /dev/mtdblock/6
SymbLink /dev/mtdblock/7
SymbLink /dev/mtdblock/8
SymbLink /dev/mtdblock/9
Inserting kernel modules ...
Inserting Rebootm ...
Inserting atheros ethernet ...
[   10.979574] cfg80211: Calling CRDA to update world regulatory domain
Inserting gpio ...
done.
Start xmldb ...
[   11.451316] firmadyne: sys_socket[PID: 147 (xmldb)]: family:1, type:2, protocol:0
[/etc/scripts/misc/profile.sh] get ...
DEVCONF: unable to read config data (ret=-3) !
CAN NOT get devive config, generate default!
[/etc/scripts/misc/profile.sh] reset ...
[   12.754648] random: nonblocking pool is initialized
[   12.846456] firmadyne: sys_socket[PID: 159 (rgdb)]: family:1, type:2, protocol:0
[/etc/scripts/misc/defnodes.sh] ...
[/etc/defnodes/S10setext.sh] ...
[   13.154101] firmadyne: sys_socket[PID: 165 (xmldbc)]: family:1, type:2, protocol:0
[   13.198848] firmadyne: sys_socket[PID: 166 (xmldbc)]: family:1, type:2, protocol:0
[   13.243244] firmadyne: sys_socket[PID: 167 (xmldbc)]: family:1, type:2, protocol:0
[   13.288496] firmadyne: sys_socket[PID: 168 (xmldbc)]: family:1, type:2, protocol:0
[   13.332320] firmadyne: sys_socket[PID: 169 (xmldbc)]: family:1, type:2, protocol:0
[   13.376284] firmadyne: sys_socket[PID: 170 (xmldbc)]: family:1, type:2, protocol:0
[   13.421035] firmadyne: sys_socket[PID: 171 (xmldbc)]: family:1, type:2, protocol:0
[   13.465455] firmadyne: sys_socket[PID: 172 (xmldbc)]: family:1, type:2, protocol:0
[   13.511672] firmadyne: sys_socket[PID: 173 (xmldbc)]: family:1, type:2, protocol:0
[   13.555670] firmadyne: sys_socket[PID: 174 (xmldbc)]: family:1, type:2, protocol:0
[   13.599987] firmadyne: sys_socket[PID: 175 (xmldbc)]: family:1, type:2, protocol:0
[   13.644690] firmadyne: sys_socket[PID: 176 (xmldbc)]: family:1, type:2, protocol:0
[   13.690214] firmadyne: sys_socket[PID: 177 (xmldbc)]: family:1, type:2, protocol:0
[   13.734810] firmadyne: sys_socket[PID: 178 (xmldbc)]: family:1, type:2, protocol:0
[   13.780476] firmadyne: sys_socket[PID: 179 (xmldbc)]: family:1, type:2, protocol:0
[   13.825824] firmadyne: sys_socket[PID: 180 (xmldbc)]: family:1, type:2, protocol:0
[   13.872014] firmadyne: sys_socket[PID: 181 (xmldbc)]: family:1, type:2, protocol:0
[   13.917181] firmadyne: sys_socket[PID: 182 (xmldbc)]: family:1, type:2, protocol:0
[   13.961946] firmadyne: sys_socket[PID: 183 (xmldbc)]: family:1, type:2, protocol:0
[   14.007118] firmadyne: sys_socket[PID: 184 (xmldbc)]: family:1, type:2, protocol:0
[   14.052717] firmadyne: sys_socket[PID: 185 (xmldbc)]: family:1, type:2, protocol:0
[   14.099172] firmadyne: sys_socket[PID: 186 (rgdb)]: family:1, type:2, protocol:0
[   14.123612] cfg80211: Calling CRDA to update world regulatory domain
[   14.155142] firmadyne: sys_socket[PID: 187 (rgdb)]: family:1, type:2, protocol:0
[   14.200097] firmadyne: sys_socket[PID: 189 (rgdb)]: family:1, type:2, protocol:0
[   14.244982] firmadyne: sys_socket[PID: 190 (rgdb)]: family:1, type:2, protocol:0
[   14.291348] firmadyne: sys_socket[PID: 191 (rgdb)]: family:1, type:2, protocol:0
[   14.336539] firmadyne: sys_socket[PID: 192 (rgdb)]: family:1, type:2, protocol:0
[   14.381541] firmadyne: sys_socket[PID: 193 (rgdb)]: family:1, type:2, protocol:0
[   14.426206] firmadyne: sys_socket[PID: 194 (rgdb)]: family:1, type:2, protocol:0
[   14.472374] firmadyne: sys_socket[PID: 195 (rgdb)]: family:1, type:2, protocol:0
[   14.517118] firmadyne: sys_socket[PID: 196 (rgdb)]: family:1, type:2, protocol:0
[   14.561964] firmadyne: sys_socket[PID: 197 (rgdb)]: family:1, type:2, protocol:0
[   14.609275] firmadyne: sys_socket[PID: 198 (rgdb)]: family:1, type:2, protocol:0
[   14.653515] firmadyne: sys_socket[PID: 199 (rgdb)]: family:1, type:2, protocol:0
[   14.698899] firmadyne: sys_socket[PID: 200 (rgdb)]: family:1, type:2, protocol:0
[   14.798407] firmadyne: sys_socket[PID: 202 (xmldbc)]: family:1, type:2, protocol:0
[   14.844347] firmadyne: sys_socket[PID: 203 (xmldbc)]: family:1, type:2, protocol:0
[   14.891929] firmadyne: sys_socket[PID: 204 (xmldbc)]: family:1, type:2, protocol:0
[   14.937321] firmadyne: sys_socket[PID: 205 (xmldbc)]: family:1, type:2, protocol:0
[   14.983137] firmadyne: sys_socket[PID: 206 (xmldbc)]: family:1, type:2, protocol:0
[   15.029224] firmadyne: sys_socket[PID: 207 (xmldbc)]: family:1, type:2, protocol:0
[   15.075919] firmadyne: sys_socket[PID: 208 (xmldbc)]: family:1, type:2, protocol:0
[   15.120827] firmadyne: sys_socket[PID: 209 (xmldbc)]: family:1, type:2, protocol:0
[   15.166527] firmadyne: sys_socket[PID: 210 (xmldbc)]: family:1, type:2, protocol:0
[   15.211223] firmadyne: sys_socket[PID: 211 (xmldbc)]: family:1, type:2, protocol:0
[   15.256337] firmadyne: sys_socket[PID: 212 (xmldbc)]: family:1, type:2, protocol:0
[   15.302063] firmadyne: sys_socket[PID: 213 (xmldbc)]: family:1, type:2, protocol:0
[   15.347361] firmadyne: sys_socket[PID: 214 (xmldbc)]: family:1, type:2, protocol:0
[   15.393408] firmadyne: sys_socket[PID: 215 (xmldbc)]: family:1, type:2, protocol:0
[   15.438550] firmadyne: sys_socket[PID: 216 (xmldbc)]: family:1, type:2, protocol:0
[   15.484745] firmadyne: sys_socket[PID: 217 (xmldbc)]: family:1, type:2, protocol:0
[   15.529887] firmadyne: sys_socket[PID: 218 (xmldbc)]: family:1, type:2, protocol:0
[   15.574594] firmadyne: sys_socket[PID: 219 (xmldbc)]: family:1, type:2, protocol:0
[   15.736308] firmadyne: sys_socket[PID: 224 (xmldbc)]: family:1, type:2, protocol:0
[   15.777143] firmadyne: sys_socket[PID: 225 (xmldbc)]: family:1, type:2, protocol:0
[   15.821091] firmadyne: sys_socket[PID: 226 (xmldbc)]: family:1, type:2, protocol:0
[   15.865557] firmadyne: sys_socket[PID: 227 (xmldbc)]: family:1, type:2, protocol:0
[   15.911208] firmadyne: sys_socket[PID: 228 (xmldbc)]: family:1, type:2, protocol:0
[   15.957675] firmadyne: sys_socket[PID: 229 (xmldbc)]: family:1, type:2, protocol:0
[   16.024628] firmadyne: sys_socket[PID: 230 (xmldbc)]: family:1, type:2, protocol:0
[   16.073136] firmadyne: sys_socket[PID: 231 (xmldbc)]: family:1, type:2, protocol:0
[   16.118435] firmadyne: sys_socket[PID: 232 (xmldbc)]: family:1, type:2, protocol:0
[   16.163706] firmadyne: sys_socket[PID: 233 (xmldbc)]: family:1, type:2, protocol:0
[   16.208082] firmadyne: sys_socket[PID: 234 (xmldbc)]: family:1, type:2, protocol:0
[   16.252812] firmadyne: sys_socket[PID: 235 (xmldbc)]: family:1, type:2, protocol:0
[   16.300069] firmadyne: sys_socket[PID: 236 (xmldbc)]: family:1, type:2, protocol:0
[   16.346763] firmadyne: sys_socket[PID: 237 (xmldbc)]: family:1, type:2, protocol:0
[   16.392446] firmadyne: sys_socket[PID: 238 (xmldbc)]: family:1, type:2, protocol:0
[   16.438398] firmadyne: sys_socket[PID: 239 (xmldbc)]: family:1, type:2, protocol:0
[   16.485031] firmadyne: sys_socket[PID: 240 (xmldbc)]: family:1, type:2, protocol:0
[   16.530670] firmadyne: sys_socket[PID: 241 (xmldbc)]: family:1, type:2, protocol:0
[   16.574745] firmadyne: sys_socket[PID: 242 (xmldbc)]: family:1, type:2, protocol:0
[   16.680971] firmadyne: sys_socket[PID: 246 (xmldbc)]: family:1, type:2, protocol:0
[   16.721180] firmadyne: sys_socket[PID: 247 (xmldbc)]: family:1, type:2, protocol:0
[   16.766149] firmadyne: sys_socket[PID: 248 (xmldbc)]: family:1, type:2, protocol:0
[   16.811254] firmadyne: sys_socket[PID: 249 (xmldbc)]: family:1, type:2, protocol:0
[   16.857130] firmadyne: sys_socket[PID: 250 (xmldbc)]: family:1, type:2, protocol:0
[   16.902738] firmadyne: sys_socket[PID: 251 (xmldbc)]: family:1, type:2, protocol:0
[   16.947299] firmadyne: sys_socket[PID: 252 (xmldbc)]: family:1, type:2, protocol:0
[   16.992372] firmadyne: sys_socket[PID: 253 (xmldbc)]: family:1, type:2, protocol:0
[   17.037533] firmadyne: sys_socket[PID: 254 (xmldbc)]: family:1, type:2, protocol:0
[   17.083530] firmadyne: sys_socket[PID: 255 (xmldbc)]: family:1, type:2, protocol:0
[   17.128430] firmadyne: sys_socket[PID: 256 (xmldbc)]: family:1, type:2, protocol:0
[   17.174194] firmadyne: sys_socket[PID: 257 (xmldbc)]: family:1, type:2, protocol:0
[   17.218864] firmadyne: sys_socket[PID: 258 (xmldbc)]: family:1, type:2, protocol:0
[   17.263847] firmadyne: sys_socket[PID: 259 (xmldbc)]: family:1, type:2, protocol:0
[   17.268475] cfg80211: Calling CRDA to update world regulatory domain
[   17.321472] firmadyne: sys_socket[PID: 261 (xmldbc)]: family:1, type:2, protocol:0
[   17.366387] firmadyne: sys_socket[PID: 262 (xmldbc)]: family:1, type:2, protocol:0
[   17.411562] firmadyne: sys_socket[PID: 263 (xmldbc)]: family:1, type:2, protocol:0
[   17.456446] firmadyne: sys_socket[PID: 264 (xmldbc)]: family:1, type:2, protocol:0
[   17.502766] firmadyne: sys_socket[PID: 265 (xmldbc)]: family:1, type:2, protocol:0
[   17.608810] firmadyne: sys_socket[PID: 269 (xmldbc)]: family:1, type:2, protocol:0
[   17.656965] firmadyne: sys_socket[PID: 270 (xmldbc)]: family:1, type:2, protocol:0
[   17.702370] firmadyne: sys_socket[PID: 271 (xmldbc)]: family:1, type:2, protocol:0
[   17.746873] firmadyne: sys_socket[PID: 272 (xmldbc)]: family:1, type:2, protocol:0
[   17.791602] firmadyne: sys_socket[PID: 273 (xmldbc)]: family:1, type:2, protocol:0
[   17.836383] firmadyne: sys_socket[PID: 274 (xmldbc)]: family:1, type:2, protocol:0
[   17.882279] firmadyne: sys_socket[PID: 275 (xmldbc)]: family:1, type:2, protocol:0
[   17.927119] firmadyne: sys_socket[PID: 276 (xmldbc)]: family:1, type:2, protocol:0
[   17.971867] firmadyne: sys_socket[PID: 277 (xmldbc)]: family:1, type:2, protocol:0
[   18.016871] firmadyne: sys_socket[PID: 278 (xmldbc)]: family:1, type:2, protocol:0
[   18.062112] firmadyne: sys_socket[PID: 279 (xmldbc)]: family:1, type:2, protocol:0
[   18.109141] firmadyne: sys_socket[PID: 280 (xmldbc)]: family:1, type:2, protocol:0
[   18.154039] firmadyne: sys_socket[PID: 281 (xmldbc)]: family:1, type:2, protocol:0
[   18.194711] firmadyne: sys_socket[PID: 282 (xmldbc)]: family:1, type:2, protocol:0
[   18.239366] firmadyne: sys_socket[PID: 283 (xmldbc)]: family:1, type:2, protocol:0
[   18.281933] firmadyne: sys_socket[PID: 284 (xmldbc)]: family:1, type:2, protocol:0
[   18.326274] firmadyne: sys_socket[PID: 285 (xmldbc)]: family:1, type:2, protocol:0
[   18.370897] firmadyne: sys_socket[PID: 286 (xmldbc)]: family:1, type:2, protocol:0
[   18.416897] firmadyne: sys_socket[PID: 287 (xmldbc)]: family:1, type:2, protocol:0
[   18.522879] firmadyne: sys_socket[PID: 291 (xmldbc)]: family:1, type:2, protocol:0
[   18.567652] firmadyne: sys_socket[PID: 292 (xmldbc)]: family:1, type:2, protocol:0
[   18.612993] firmadyne: sys_socket[PID: 293 (xmldbc)]: family:1, type:2, protocol:0
[   18.657775] firmadyne: sys_socket[PID: 294 (xmldbc)]: family:1, type:2, protocol:0
[   18.703808] firmadyne: sys_socket[PID: 295 (xmldbc)]: family:1, type:2, protocol:0
[   18.748550] firmadyne: sys_socket[PID: 296 (xmldbc)]: family:1, type:2, protocol:0
[   18.793534] firmadyne: sys_socket[PID: 297 (xmldbc)]: family:1, type:2, protocol:0
[   18.839029] firmadyne: sys_socket[PID: 298 (xmldbc)]: family:1, type:2, protocol:0
[   18.890619] firmadyne: sys_socket[PID: 299 (xmldbc)]: family:1, type:2, protocol:0
[   18.935938] firmadyne: sys_socket[PID: 300 (xmldbc)]: family:1, type:2, protocol:0
[   18.981529] firmadyne: sys_socket[PID: 301 (xmldbc)]: family:1, type:2, protocol:0
[   19.026873] firmadyne: sys_socket[PID: 302 (xmldbc)]: family:1, type:2, protocol:0
[   19.072433] firmadyne: sys_socket[PID: 303 (xmldbc)]: family:1, type:2, protocol:0
[   19.117602] firmadyne: sys_socket[PID: 304 (xmldbc)]: family:1, type:2, protocol:0
[   19.162070] firmadyne: sys_socket[PID: 305 (xmldbc)]: family:1, type:2, protocol:0
[   19.206546] firmadyne: sys_socket[PID: 306 (xmldbc)]: family:1, type:2, protocol:0
[   19.250633] firmadyne: sys_socket[PID: 307 (xmldbc)]: family:1, type:2, protocol:0
[   19.296899] firmadyne: sys_socket[PID: 308 (xmldbc)]: family:1, type:2, protocol:0
[   19.341738] firmadyne: sys_socket[PID: 309 (xmldbc)]: family:1, type:2, protocol:0
[   19.454850] firmadyne: sys_socket[PID: 313 (xmldbc)]: family:1, type:2, protocol:0
[   19.501227] firmadyne: sys_socket[PID: 314 (xmldbc)]: family:1, type:2, protocol:0
[   19.546105] firmadyne: sys_socket[PID: 315 (xmldbc)]: family:1, type:2, protocol:0
[   19.591149] firmadyne: sys_socket[PID: 316 (xmldbc)]: family:1, type:2, protocol:0
[   19.636291] firmadyne: sys_socket[PID: 317 (xmldbc)]: family:1, type:2, protocol:0
[   19.682191] firmadyne: sys_socket[PID: 318 (xmldbc)]: family:1, type:2, protocol:0
[   19.722799] firmadyne: sys_socket[PID: 319 (xmldbc)]: family:1, type:2, protocol:0
[   19.767837] firmadyne: sys_socket[PID: 320 (xmldbc)]: family:1, type:2, protocol:0
[   19.813108] firmadyne: sys_socket[PID: 321 (xmldbc)]: family:1, type:2, protocol:0
[   19.858605] firmadyne: sys_socket[PID: 322 (xmldbc)]: family:1, type:2, protocol:0
[   19.904230] firmadyne: sys_socket[PID: 323 (xmldbc)]: family:1, type:2, protocol:0
[   19.949056] firmadyne: sys_socket[PID: 324 (xmldbc)]: family:1, type:2, protocol:0
[   19.993375] firmadyne: sys_socket[PID: 325 (xmldbc)]: family:1, type:2, protocol:0
[   20.038332] firmadyne: sys_socket[PID: 326 (xmldbc)]: family:1, type:2, protocol:0
[   20.084441] firmadyne: sys_socket[PID: 327 (xmldbc)]: family:1, type:2, protocol:0
[   20.129329] firmadyne: sys_socket[PID: 328 (xmldbc)]: family:1, type:2, protocol:0
[   20.174751] firmadyne: sys_socket[PID: 329 (xmldbc)]: family:1, type:2, protocol:0
[   20.220185] firmadyne: sys_socket[PID: 330 (xmldbc)]: family:1, type:2, protocol:0
[   20.267111] firmadyne: sys_socket[PID: 331 (xmldbc)]: family:1, type:2, protocol:0
[   20.372988] firmadyne: sys_socket[PID: 335 (xmldbc)]: family:1, type:2, protocol:0
[   20.411651] cfg80211: Calling CRDA to update world regulatory domain
[   20.415046] firmadyne: sys_socket[PID: 336 (xmldbc)]: family:1, type:2, protocol:0
[   20.469630] firmadyne: sys_socket[PID: 338 (xmldbc)]: family:1, type:2, protocol:0
[   20.514707] firmadyne: sys_socket[PID: 339 (xmldbc)]: family:1, type:2, protocol:0
[   20.560102] firmadyne: sys_socket[PID: 340 (xmldbc)]: family:1, type:2, protocol:0
[   20.605589] firmadyne: sys_socket[PID: 341 (xmldbc)]: family:1, type:2, protocol:0
[   20.651285] firmadyne: sys_socket[PID: 342 (xmldbc)]: family:1, type:2, protocol:0
[   20.697626] firmadyne: sys_socket[PID: 343 (xmldbc)]: family:1, type:2, protocol:0
[   20.742759] firmadyne: sys_socket[PID: 344 (xmldbc)]: family:1, type:2, protocol:0
[   20.787911] firmadyne: sys_socket[PID: 345 (xmldbc)]: family:1, type:2, protocol:0
[   20.833271] firmadyne: sys_socket[PID: 346 (xmldbc)]: family:1, type:2, protocol:0
[   20.880496] firmadyne: sys_socket[PID: 347 (xmldbc)]: family:1, type:2, protocol:0
[   20.925680] firmadyne: sys_socket[PID: 348 (xmldbc)]: family:1, type:2, protocol:0
[   20.970650] firmadyne: sys_socket[PID: 349 (xmldbc)]: family:1, type:2, protocol:0
[   21.017401] firmadyne: sys_socket[PID: 350 (xmldbc)]: family:1, type:2, protocol:0
[   21.065869] firmadyne: sys_socket[PID: 351 (xmldbc)]: family:1, type:2, protocol:0
[   21.115098] firmadyne: sys_socket[PID: 352 (xmldbc)]: family:1, type:2, protocol:0
[   21.161978] firmadyne: sys_socket[PID: 353 (xmldbc)]: family:1, type:2, protocol:0
[   21.207219] firmadyne: sys_socket[PID: 354 (xmldbc)]: family:1, type:2, protocol:0
[   21.314664] firmadyne: sys_socket[PID: 358 (xmldbc)]: family:1, type:2, protocol:0
[   21.359220] firmadyne: sys_socket[PID: 359 (xmldbc)]: family:1, type:2, protocol:0
[   21.414045] firmadyne: sys_socket[PID: 360 (xmldbc)]: family:1, type:2, protocol:0
[   21.466538] firmadyne: sys_socket[PID: 361 (xmldbc)]: family:1, type:2, protocol:0
[   21.510265] firmadyne: sys_socket[PID: 362 (xmldbc)]: family:1, type:2, protocol:0
[   21.555138] firmadyne: sys_socket[PID: 363 (xmldbc)]: family:1, type:2, protocol:0
[   21.600935] firmadyne: sys_socket[PID: 364 (xmldbc)]: family:1, type:2, protocol:0
[   21.646179] firmadyne: sys_socket[PID: 365 (xmldbc)]: family:1, type:2, protocol:0
[   21.691945] firmadyne: sys_socket[PID: 366 (xmldbc)]: family:1, type:2, protocol:0
[   21.736902] firmadyne: sys_socket[PID: 367 (xmldbc)]: family:1, type:2, protocol:0
[   21.781775] firmadyne: sys_socket[PID: 368 (xmldbc)]: family:1, type:2, protocol:0
[   21.825967] firmadyne: sys_socket[PID: 369 (xmldbc)]: family:1, type:2, protocol:0
[   21.871642] firmadyne: sys_socket[PID: 370 (xmldbc)]: family:1, type:2, protocol:0
[   21.916575] firmadyne: sys_socket[PID: 371 (xmldbc)]: family:1, type:2, protocol:0
[   21.961508] firmadyne: sys_socket[PID: 372 (xmldbc)]: family:1, type:2, protocol:0
[   22.006254] firmadyne: sys_socket[PID: 373 (xmldbc)]: family:1, type:2, protocol:0
[   22.051799] firmadyne: sys_socket[PID: 374 (xmldbc)]: family:1, type:2, protocol:0
[   22.097900] firmadyne: sys_socket[PID: 375 (xmldbc)]: family:1, type:2, protocol:0
[   22.142359] firmadyne: sys_socket[PID: 376 (xmldbc)]: family:1, type:2, protocol:0
[   22.247696] firmadyne: sys_socket[PID: 380 (xmldbc)]: family:1, type:2, protocol:0
[   22.293373] firmadyne: sys_socket[PID: 381 (xmldbc)]: family:1, type:2, protocol:0
[   22.337703] firmadyne: sys_socket[PID: 382 (xmldbc)]: family:1, type:2, protocol:0
[   22.382869] firmadyne: sys_socket[PID: 383 (xmldbc)]: family:1, type:2, protocol:0
[   22.427967] firmadyne: sys_socket[PID: 384 (xmldbc)]: family:1, type:2, protocol:0
[   22.473736] firmadyne: sys_socket[PID: 385 (xmldbc)]: family:1, type:2, protocol:0
[   22.518761] firmadyne: sys_socket[PID: 386 (xmldbc)]: family:1, type:2, protocol:0
[   22.563905] firmadyne: sys_socket[PID: 387 (xmldbc)]: family:1, type:2, protocol:0
[   22.608795] firmadyne: sys_socket[PID: 388 (xmldbc)]: family:1, type:2, protocol:0
[   22.653605] firmadyne: sys_socket[PID: 389 (xmldbc)]: family:1, type:2, protocol:0
[   22.699573] firmadyne: sys_socket[PID: 390 (xmldbc)]: family:1, type:2, protocol:0
[   22.744160] firmadyne: sys_socket[PID: 391 (xmldbc)]: family:1, type:2, protocol:0
[   22.789082] firmadyne: sys_socket[PID: 392 (xmldbc)]: family:1, type:2, protocol:0
[   22.834058] firmadyne: sys_socket[PID: 393 (xmldbc)]: family:1, type:2, protocol:0
[   22.876484] firmadyne: sys_socket[PID: 394 (xmldbc)]: family:1, type:2, protocol:0
[   22.921038] firmadyne: sys_socket[PID: 395 (xmldbc)]: family:1, type:2, protocol:0
[   22.966047] firmadyne: sys_socket[PID: 396 (xmldbc)]: family:1, type:2, protocol:0
[   23.011292] firmadyne: sys_socket[PID: 397 (xmldbc)]: family:1, type:2, protocol:0
[   23.056739] firmadyne: sys_socket[PID: 398 (xmldbc)]: family:1, type:2, protocol:0
[   23.162851] firmadyne: sys_socket[PID: 402 (xmldbc)]: family:1, type:2, protocol:0
[   23.207283] firmadyne: sys_socket[PID: 403 (xmldbc)]: family:1, type:2, protocol:0
[   23.252292] firmadyne: sys_socket[PID: 404 (xmldbc)]: family:1, type:2, protocol:0
[   23.298220] firmadyne: sys_socket[PID: 405 (xmldbc)]: family:1, type:2, protocol:0
[   23.342856] firmadyne: sys_socket[PID: 406 (xmldbc)]: family:1, type:2, protocol:0
[   23.387903] firmadyne: sys_socket[PID: 407 (xmldbc)]: family:1, type:2, protocol:0
[   23.432836] firmadyne: sys_socket[PID: 408 (xmldbc)]: family:1, type:2, protocol:0
[   23.479240] firmadyne: sys_socket[PID: 409 (xmldbc)]: family:1, type:2, protocol:0
[   23.524895] firmadyne: sys_socket[PID: 410 (xmldbc)]: family:1, type:2, protocol:0
[   23.555634] cfg80211: Calling CRDA to update world regulatory domain
[   23.581834] firmadyne: sys_socket[PID: 411 (xmldbc)]: family:1, type:2, protocol:0
[   23.627044] firmadyne: sys_socket[PID: 413 (xmldbc)]: family:1, type:2, protocol:0
[   23.674019] firmadyne: sys_socket[PID: 414 (xmldbc)]: family:1, type:2, protocol:0
[   23.719261] firmadyne: sys_socket[PID: 415 (xmldbc)]: family:1, type:2, protocol:0
[   23.764613] firmadyne: sys_socket[PID: 416 (xmldbc)]: family:1, type:2, protocol:0
[   23.809458] firmadyne: sys_socket[PID: 417 (xmldbc)]: family:1, type:2, protocol:0
[   23.854062] firmadyne: sys_socket[PID: 418 (xmldbc)]: family:1, type:2, protocol:0
[   23.900446] firmadyne: sys_socket[PID: 419 (xmldbc)]: family:1, type:2, protocol:0
[   23.946057] firmadyne: sys_socket[PID: 420 (xmldbc)]: family:1, type:2, protocol:0
[   23.991272] firmadyne: sys_socket[PID: 421 (xmldbc)]: family:1, type:2, protocol:0
[   24.094041] firmadyne: sys_socket[PID: 425 (xmldbc)]: family:1, type:2, protocol:0
[   24.138776] firmadyne: sys_socket[PID: 426 (xmldbc)]: family:1, type:2, protocol:0
[   24.184181] firmadyne: sys_socket[PID: 427 (xmldbc)]: family:1, type:2, protocol:0
[   24.229818] firmadyne: sys_socket[PID: 428 (xmldbc)]: family:1, type:2, protocol:0
[   24.275949] firmadyne: sys_socket[PID: 429 (xmldbc)]: family:1, type:2, protocol:0
[   24.316866] firmadyne: sys_socket[PID: 430 (xmldbc)]: family:1, type:2, protocol:0
[   24.361552] firmadyne: sys_socket[PID: 431 (xmldbc)]: family:1, type:2, protocol:0
[   24.402330] firmadyne: sys_socket[PID: 432 (xmldbc)]: family:1, type:2, protocol:0
[   24.446571] firmadyne: sys_socket[PID: 433 (xmldbc)]: family:1, type:2, protocol:0
[   24.492913] firmadyne: sys_socket[PID: 434 (xmldbc)]: family:1, type:2, protocol:0
[   24.537728] firmadyne: sys_socket[PID: 435 (xmldbc)]: family:1, type:2, protocol:0
[   24.583021] firmadyne: sys_socket[PID: 436 (xmldbc)]: family:1, type:2, protocol:0
[   24.628306] firmadyne: sys_socket[PID: 437 (xmldbc)]: family:1, type:2, protocol:0
[   24.674301] firmadyne: sys_socket[PID: 438 (xmldbc)]: family:1, type:2, protocol:0
[   24.719148] firmadyne: sys_socket[PID: 439 (xmldbc)]: family:1, type:2, protocol:0
[   24.764274] firmadyne: sys_socket[PID: 440 (xmldbc)]: family:1, type:2, protocol:0
[   24.809056] firmadyne: sys_socket[PID: 441 (xmldbc)]: family:1, type:2, protocol:0
[   24.854038] firmadyne: sys_socket[PID: 442 (xmldbc)]: family:1, type:2, protocol:0
[   24.899847] firmadyne: sys_socket[PID: 443 (xmldbc)]: family:1, type:2, protocol:0
[   25.005449] firmadyne: sys_socket[PID: 447 (xmldbc)]: family:1, type:2, protocol:0
[   25.050130] firmadyne: sys_socket[PID: 448 (xmldbc)]: family:1, type:2, protocol:0
[   25.096163] firmadyne: sys_socket[PID: 449 (xmldbc)]: family:1, type:2, protocol:0
[   25.141335] firmadyne: sys_socket[PID: 450 (xmldbc)]: family:1, type:2, protocol:0
[   25.185888] firmadyne: sys_socket[PID: 451 (xmldbc)]: family:1, type:2, protocol:0
[   25.230939] firmadyne: sys_socket[PID: 452 (xmldbc)]: family:1, type:2, protocol:0
[   25.277469] firmadyne: sys_socket[PID: 453 (xmldbc)]: family:1, type:2, protocol:0
[   25.323085] firmadyne: sys_socket[PID: 454 (xmldbc)]: family:1, type:2, protocol:0
[   25.368757] firmadyne: sys_socket[PID: 455 (xmldbc)]: family:1, type:2, protocol:0
[   25.414275] firmadyne: sys_socket[PID: 456 (xmldbc)]: family:1, type:2, protocol:0
[   25.459856] firmadyne: sys_socket[PID: 457 (xmldbc)]: family:1, type:2, protocol:0
[   25.505692] firmadyne: sys_socket[PID: 458 (xmldbc)]: family:1, type:2, protocol:0
[   25.550500] firmadyne: sys_socket[PID: 459 (xmldbc)]: family:1, type:2, protocol:0
[   25.596213] firmadyne: sys_socket[PID: 460 (xmldbc)]: family:1, type:2, protocol:0
[   25.641852] firmadyne: sys_socket[PID: 461 (xmldbc)]: family:1, type:2, protocol:0
[   25.688051] firmadyne: sys_socket[PID: 462 (xmldbc)]: family:1, type:2, protocol:0
[   25.732597] firmadyne: sys_socket[PID: 463 (xmldbc)]: family:1, type:2, protocol:0
[   25.777810] firmadyne: sys_socket[PID: 464 (xmldbc)]: family:1, type:2, protocol:0
[   25.822456] firmadyne: sys_socket[PID: 465 (xmldbc)]: family:1, type:2, protocol:0
[   25.928266] firmadyne: sys_socket[PID: 469 (xmldbc)]: family:1, type:2, protocol:0
[   25.972959] firmadyne: sys_socket[PID: 470 (xmldbc)]: family:1, type:2, protocol:0
[   26.019753] firmadyne: sys_socket[PID: 471 (xmldbc)]: family:1, type:2, protocol:0
[   26.065643] firmadyne: sys_socket[PID: 472 (xmldbc)]: family:1, type:2, protocol:0
[   26.112651] firmadyne: sys_socket[PID: 473 (xmldbc)]: family:1, type:2, protocol:0
[   26.157835] firmadyne: sys_socket[PID: 474 (xmldbc)]: family:1, type:2, protocol:0
[   26.203037] firmadyne: sys_socket[PID: 475 (xmldbc)]: family:1, type:2, protocol:0
[   26.248736] firmadyne: sys_socket[PID: 476 (xmldbc)]: family:1, type:2, protocol:0
[   26.295360] firmadyne: sys_socket[PID: 477 (xmldbc)]: family:1, type:2, protocol:0
[   26.340507] firmadyne: sys_socket[PID: 478 (xmldbc)]: family:1, type:2, protocol:0
[   26.385596] firmadyne: sys_socket[PID: 479 (xmldbc)]: family:1, type:2, protocol:0
[   26.430344] firmadyne: sys_socket[PID: 480 (xmldbc)]: family:1, type:2, protocol:0
[   26.476960] firmadyne: sys_socket[PID: 481 (xmldbc)]: family:1, type:2, protocol:0
[   26.522209] firmadyne: sys_socket[PID: 482 (xmldbc)]: family:1, type:2, protocol:0
[   26.567603] firmadyne: sys_socket[PID: 483 (xmldbc)]: family:1, type:2, protocol:0
[   26.612864] firmadyne: sys_socket[PID: 484 (xmldbc)]: family:1, type:2, protocol:0
[   26.657858] firmadyne: sys_socket[PID: 485 (xmldbc)]: family:1, type:2, protocol:0
[   26.699618] cfg80211: Calling CRDA to update world regulatory domain
[   26.706136] firmadyne: sys_socket[PID: 486 (xmldbc)]: family:1, type:2, protocol:0
[   26.761053] firmadyne: sys_socket[PID: 488 (xmldbc)]: family:1, type:2, protocol:0
[   26.864888] firmadyne: sys_socket[PID: 492 (xmldbc)]: family:1, type:2, protocol:0
[   26.909786] firmadyne: sys_socket[PID: 493 (xmldbc)]: family:1, type:2, protocol:0
[   26.954431] firmadyne: sys_socket[PID: 494 (xmldbc)]: family:1, type:2, protocol:0
[   26.998664] firmadyne: sys_socket[PID: 495 (xmldbc)]: family:1, type:2, protocol:0
[   27.043896] firmadyne: sys_socket[PID: 496 (xmldbc)]: family:1, type:2, protocol:0
[   27.089528] firmadyne: sys_socket[PID: 497 (xmldbc)]: family:1, type:2, protocol:0
[   27.130545] firmadyne: sys_socket[PID: 498 (xmldbc)]: family:1, type:2, protocol:0
[   27.175091] firmadyne: sys_socket[PID: 499 (xmldbc)]: family:1, type:2, protocol:0
[   27.219765] firmadyne: sys_socket[PID: 500 (xmldbc)]: family:1, type:2, protocol:0
[   27.264790] firmadyne: sys_socket[PID: 501 (xmldbc)]: family:1, type:2, protocol:0
[   27.320894] firmadyne: sys_socket[PID: 502 (xmldbc)]: family:1, type:2, protocol:0
[   27.365944] firmadyne: sys_socket[PID: 503 (xmldbc)]: family:1, type:2, protocol:0
[   27.412746] firmadyne: sys_socket[PID: 504 (xmldbc)]: family:1, type:2, protocol:0
[   27.457934] firmadyne: sys_socket[PID: 505 (xmldbc)]: family:1, type:2, protocol:0
[   27.504286] firmadyne: sys_socket[PID: 506 (xmldbc)]: family:1, type:2, protocol:0
[   27.549306] firmadyne: sys_socket[PID: 507 (xmldbc)]: family:1, type:2, protocol:0
[   27.589994] firmadyne: sys_socket[PID: 508 (xmldbc)]: family:1, type:2, protocol:0
[   27.634616] firmadyne: sys_socket[PID: 509 (xmldbc)]: family:1, type:2, protocol:0
[   27.680110] firmadyne: sys_socket[PID: 510 (xmldbc)]: family:1, type:2, protocol:0
[   27.785377] firmadyne: sys_socket[PID: 514 (xmldbc)]: family:1, type:2, protocol:0
[   27.829979] firmadyne: sys_socket[PID: 515 (xmldbc)]: family:1, type:2, protocol:0
[   27.875806] firmadyne: sys_socket[PID: 516 (xmldbc)]: family:1, type:2, protocol:0
[   27.920915] firmadyne: sys_socket[PID: 517 (xmldbc)]: family:1, type:2, protocol:0
[   27.965323] firmadyne: sys_socket[PID: 518 (xmldbc)]: family:1, type:2, protocol:0
[   28.010523] firmadyne: sys_socket[PID: 519 (xmldbc)]: family:1, type:2, protocol:0
[   28.058063] firmadyne: sys_socket[PID: 520 (xmldbc)]: family:1, type:2, protocol:0
[   28.104184] firmadyne: sys_socket[PID: 521 (xmldbc)]: family:1, type:2, protocol:0
[   28.149883] firmadyne: sys_socket[PID: 522 (xmldbc)]: family:1, type:2, protocol:0
[   28.195220] firmadyne: sys_socket[PID: 523 (xmldbc)]: family:1, type:2, protocol:0
[   28.241166] firmadyne: sys_socket[PID: 524 (xmldbc)]: family:1, type:2, protocol:0
[   28.286861] firmadyne: sys_socket[PID: 525 (xmldbc)]: family:1, type:2, protocol:0
[   28.331984] firmadyne: sys_socket[PID: 526 (xmldbc)]: family:1, type:2, protocol:0
[   28.377211] firmadyne: sys_socket[PID: 527 (xmldbc)]: family:1, type:2, protocol:0
[   28.422418] firmadyne: sys_socket[PID: 528 (xmldbc)]: family:1, type:2, protocol:0
[   28.468558] firmadyne: sys_socket[PID: 529 (xmldbc)]: family:1, type:2, protocol:0
[   28.513521] firmadyne: sys_socket[PID: 530 (xmldbc)]: family:1, type:2, protocol:0
[   28.558272] firmadyne: sys_socket[PID: 531 (xmldbc)]: family:1, type:2, protocol:0
[   28.603313] firmadyne: sys_socket[PID: 532 (xmldbc)]: family:1, type:2, protocol:0
[   28.710332] firmadyne: sys_socket[PID: 536 (xmldbc)]: family:1, type:2, protocol:0
[   28.754571] firmadyne: sys_socket[PID: 537 (xmldbc)]: family:1, type:2, protocol:0
[   28.799226] firmadyne: sys_socket[PID: 538 (xmldbc)]: family:1, type:2, protocol:0
[   28.845193] firmadyne: sys_socket[PID: 539 (xmldbc)]: family:1, type:2, protocol:0
[   28.892058] firmadyne: sys_socket[PID: 540 (xmldbc)]: family:1, type:2, protocol:0
[   28.937627] firmadyne: sys_socket[PID: 541 (xmldbc)]: family:1, type:2, protocol:0
[   28.983341] firmadyne: sys_socket[PID: 542 (xmldbc)]: family:1, type:2, protocol:0
[   29.029148] firmadyne: sys_socket[PID: 543 (xmldbc)]: family:1, type:2, protocol:0
[   29.075701] firmadyne: sys_socket[PID: 544 (xmldbc)]: family:1, type:2, protocol:0
[   29.121623] firmadyne: sys_socket[PID: 545 (xmldbc)]: family:1, type:2, protocol:0
[   29.166849] firmadyne: sys_socket[PID: 546 (xmldbc)]: family:1, type:2, protocol:0
[   29.212144] firmadyne: sys_socket[PID: 547 (xmldbc)]: family:1, type:2, protocol:0
[   29.257033] firmadyne: sys_socket[PID: 548 (xmldbc)]: family:1, type:2, protocol:0
[   29.303329] firmadyne: sys_socket[PID: 549 (xmldbc)]: family:1, type:2, protocol:0
[   29.348949] firmadyne: sys_socket[PID: 550 (xmldbc)]: family:1, type:2, protocol:0
[   29.394414] firmadyne: sys_socket[PID: 551 (xmldbc)]: family:1, type:2, protocol:0
[   29.440033] firmadyne: sys_socket[PID: 552 (xmldbc)]: family:1, type:2, protocol:0
[   29.486428] firmadyne: sys_socket[PID: 553 (xmldbc)]: family:1, type:2, protocol:0
[   29.531589] firmadyne: sys_socket[PID: 554 (xmldbc)]: family:1, type:2, protocol:0
[   29.638084] firmadyne: sys_socket[PID: 558 (xmldbc)]: family:1, type:2, protocol:0
[   29.684807] firmadyne: sys_socket[PID: 559 (xmldbc)]: family:1, type:2, protocol:0
[   29.729759] firmadyne: sys_socket[PID: 560 (xmldbc)]: family:1, type:2, protocol:0
[   29.775144] firmadyne: sys_socket[PID: 561 (xmldbc)]: family:1, type:2, protocol:0
[   29.820590] firmadyne: sys_socket[PID: 562 (xmldbc)]: family:1, type:2, protocol:0
[   29.843656] cfg80211: Calling CRDA to update world regulatory domain
[   29.877700] firmadyne: sys_socket[PID: 563 (xmldbc)]: family:1, type:2, protocol:0
[   29.923047] firmadyne: sys_socket[PID: 565 (xmldbc)]: family:1, type:2, protocol:0
[   29.968095] firmadyne: sys_socket[PID: 566 (xmldbc)]: family:1, type:2, protocol:0
[   30.013148] firmadyne: sys_socket[PID: 567 (xmldbc)]: family:1, type:2, protocol:0
[   30.058927] firmadyne: sys_socket[PID: 568 (xmldbc)]: family:1, type:2, protocol:0
[   30.101800] firmadyne: sys_socket[PID: 569 (xmldbc)]: family:1, type:2, protocol:0
[   30.147214] firmadyne: sys_socket[PID: 570 (xmldbc)]: family:1, type:2, protocol:0
[   30.193263] firmadyne: sys_socket[PID: 571 (xmldbc)]: family:1, type:2, protocol:0
[   30.238787] firmadyne: sys_socket[PID: 572 (xmldbc)]: family:1, type:2, protocol:0
[   30.285256] firmadyne: sys_socket[PID: 573 (xmldbc)]: family:1, type:2, protocol:0
[   30.330057] firmadyne: sys_socket[PID: 574 (xmldbc)]: family:1, type:2, protocol:0
[   30.374445] firmadyne: sys_socket[PID: 575 (xmldbc)]: family:1, type:2, protocol:0
[   30.420136] firmadyne: sys_socket[PID: 576 (xmldbc)]: family:1, type:2, protocol:0
[   30.465521] firmadyne: sys_socket[PID: 577 (xmldbc)]: family:1, type:2, protocol:0
[   30.574036] firmadyne: sys_socket[PID: 581 (xmldbc)]: family:1, type:2, protocol:0
[   30.619054] firmadyne: sys_socket[PID: 582 (xmldbc)]: family:1, type:2, protocol:0
[   30.664292] firmadyne: sys_socket[PID: 583 (xmldbc)]: family:1, type:2, protocol:0
[   30.710492] firmadyne: sys_socket[PID: 584 (xmldbc)]: family:1, type:2, protocol:0
[   30.755331] firmadyne: sys_socket[PID: 585 (xmldbc)]: family:1, type:2, protocol:0
[   30.800410] firmadyne: sys_socket[PID: 586 (xmldbc)]: family:1, type:2, protocol:0
[   30.846209] firmadyne: sys_socket[PID: 587 (xmldbc)]: family:1, type:2, protocol:0
[   30.892728] firmadyne: sys_socket[PID: 588 (xmldbc)]: family:1, type:2, protocol:0
[   30.938252] firmadyne: sys_socket[PID: 589 (xmldbc)]: family:1, type:2, protocol:0
[   30.983333] firmadyne: sys_socket[PID: 590 (xmldbc)]: family:1, type:2, protocol:0
[   31.030826] firmadyne: sys_socket[PID: 591 (xmldbc)]: family:1, type:2, protocol:0
[   31.073593] firmadyne: sys_socket[PID: 592 (xmldbc)]: family:1, type:2, protocol:0
[   31.118142] firmadyne: sys_socket[PID: 593 (xmldbc)]: family:1, type:2, protocol:0
[   31.163532] firmadyne: sys_socket[PID: 594 (xmldbc)]: family:1, type:2, protocol:0
[   31.204923] firmadyne: sys_socket[PID: 595 (xmldbc)]: family:1, type:2, protocol:0
[   31.251038] firmadyne: sys_socket[PID: 596 (xmldbc)]: family:1, type:2, protocol:0
[   31.298009] firmadyne: sys_socket[PID: 597 (xmldbc)]: family:1, type:2, protocol:0
[   31.343264] firmadyne: sys_socket[PID: 598 (xmldbc)]: family:1, type:2, protocol:0
[   31.388841] firmadyne: sys_socket[PID: 599 (xmldbc)]: family:1, type:2, protocol:0
[   31.496618] firmadyne: sys_socket[PID: 603 (xmldbc)]: family:1, type:2, protocol:0
[   31.542119] firmadyne: sys_socket[PID: 604 (xmldbc)]: family:1, type:2, protocol:0
[   31.587562] firmadyne: sys_socket[PID: 605 (xmldbc)]: family:1, type:2, protocol:0
[   31.632857] firmadyne: sys_socket[PID: 606 (xmldbc)]: family:1, type:2, protocol:0
[   31.679656] firmadyne: sys_socket[PID: 607 (xmldbc)]: family:1, type:2, protocol:0
[   31.725111] firmadyne: sys_socket[PID: 608 (xmldbc)]: family:1, type:2, protocol:0
[   31.770419] firmadyne: sys_socket[PID: 609 (xmldbc)]: family:1, type:2, protocol:0
[   31.815173] firmadyne: sys_socket[PID: 610 (xmldbc)]: family:1, type:2, protocol:0
[   31.860645] firmadyne: sys_socket[PID: 611 (xmldbc)]: family:1, type:2, protocol:0
[   31.906986] firmadyne: sys_socket[PID: 612 (xmldbc)]: family:1, type:2, protocol:0
[   31.952305] firmadyne: sys_socket[PID: 613 (xmldbc)]: family:1, type:2, protocol:0
[   31.997582] firmadyne: sys_socket[PID: 614 (xmldbc)]: family:1, type:2, protocol:0
[   32.043351] firmadyne: sys_socket[PID: 615 (xmldbc)]: family:1, type:2, protocol:0
[   32.090539] firmadyne: sys_socket[PID: 616 (xmldbc)]: family:1, type:2, protocol:0
[   32.137813] firmadyne: sys_socket[PID: 617 (xmldbc)]: family:1, type:2, protocol:0
[   32.184238] firmadyne: sys_socket[PID: 618 (xmldbc)]: family:1, type:2, protocol:0
[   32.231985] firmadyne: sys_socket[PID: 619 (xmldbc)]: family:1, type:2, protocol:0
[   32.279013] firmadyne: sys_socket[PID: 620 (xmldbc)]: family:1, type:2, protocol:0
[   32.324400] firmadyne: sys_socket[PID: 621 (xmldbc)]: family:1, type:2, protocol:0
[   32.430789] firmadyne: sys_socket[PID: 625 (xmldbc)]: family:1, type:2, protocol:0
[   32.478246] firmadyne: sys_socket[PID: 626 (xmldbc)]: family:1, type:2, protocol:0
[   32.523642] firmadyne: sys_socket[PID: 627 (xmldbc)]: family:1, type:2, protocol:0
[   32.569204] firmadyne: sys_socket[PID: 628 (xmldbc)]: family:1, type:2, protocol:0
[   32.614008] firmadyne: sys_socket[PID: 629 (xmldbc)]: family:1, type:2, protocol:0
[   32.659256] firmadyne: sys_socket[PID: 630 (xmldbc)]: family:1, type:2, protocol:0
[   32.705646] firmadyne: sys_socket[PID: 631 (xmldbc)]: family:1, type:2, protocol:0
[   32.750542] firmadyne: sys_socket[PID: 632 (xmldbc)]: family:1, type:2, protocol:0
[   32.791007] firmadyne: sys_socket[PID: 633 (xmldbc)]: family:1, type:2, protocol:0
[   32.831719] firmadyne: sys_socket[PID: 634 (xmldbc)]: family:1, type:2, protocol:0
[   32.878327] firmadyne: sys_socket[PID: 635 (xmldbc)]: family:1, type:2, protocol:0
[   32.923767] firmadyne: sys_socket[PID: 636 (xmldbc)]: family:1, type:2, protocol:0
[   32.969186] firmadyne: sys_socket[PID: 637 (xmldbc)]: family:1, type:2, protocol:0
[   32.987711] cfg80211: Calling CRDA to update world regulatory domain
[   33.025167] firmadyne: sys_socket[PID: 638 (xmldbc)]: family:1, type:2, protocol:0
[   33.071876] firmadyne: sys_socket[PID: 640 (xmldbc)]: family:1, type:2, protocol:0
[   33.117407] firmadyne: sys_socket[PID: 641 (xmldbc)]: family:1, type:2, protocol:0
[   33.163059] firmadyne: sys_socket[PID: 642 (xmldbc)]: family:1, type:2, protocol:0
[   33.208139] firmadyne: sys_socket[PID: 643 (xmldbc)]: family:1, type:2, protocol:0
[   33.254029] firmadyne: sys_socket[PID: 644 (xmldbc)]: family:1, type:2, protocol:0
[   33.360691] firmadyne: sys_socket[PID: 648 (xmldbc)]: family:1, type:2, protocol:0
[   33.401726] firmadyne: sys_socket[PID: 649 (xmldbc)]: family:1, type:2, protocol:0
[   33.446836] firmadyne: sys_socket[PID: 650 (xmldbc)]: family:1, type:2, protocol:0
[   33.489270] firmadyne: sys_socket[PID: 651 (xmldbc)]: family:1, type:2, protocol:0
[   33.534030] firmadyne: sys_socket[PID: 652 (xmldbc)]: family:1, type:2, protocol:0
[   33.579260] firmadyne: sys_socket[PID: 653 (xmldbc)]: family:1, type:2, protocol:0
[   33.620895] firmadyne: sys_socket[PID: 654 (xmldbc)]: family:1, type:2, protocol:0
[   33.666157] firmadyne: sys_socket[PID: 655 (xmldbc)]: family:1, type:2, protocol:0
[   33.708493] firmadyne: sys_socket[PID: 656 (xmldbc)]: family:1, type:2, protocol:0
[   33.753264] firmadyne: sys_socket[PID: 657 (xmldbc)]: family:1, type:2, protocol:0
[   33.797937] firmadyne: sys_socket[PID: 658 (xmldbc)]: family:1, type:2, protocol:0
[   33.839011] firmadyne: sys_socket[PID: 659 (xmldbc)]: family:1, type:2, protocol:0
[   33.880928] firmadyne: sys_socket[PID: 660 (xmldbc)]: family:1, type:2, protocol:0
[   33.926378] firmadyne: sys_socket[PID: 661 (xmldbc)]: family:1, type:2, protocol:0
[   33.971558] firmadyne: sys_socket[PID: 662 (xmldbc)]: family:1, type:2, protocol:0
[   34.016401] firmadyne: sys_socket[PID: 663 (xmldbc)]: family:1, type:2, protocol:0
[   34.061903] firmadyne: sys_socket[PID: 664 (xmldbc)]: family:1, type:2, protocol:0
[   34.108494] firmadyne: sys_socket[PID: 665 (xmldbc)]: family:1, type:2, protocol:0
[   34.153389] firmadyne: sys_socket[PID: 666 (xmldbc)]: family:1, type:2, protocol:0
[   34.259174] firmadyne: sys_socket[PID: 670 (xmldbc)]: family:1, type:2, protocol:0
[   34.305285] firmadyne: sys_socket[PID: 671 (xmldbc)]: family:1, type:2, protocol:0
[   34.350208] firmadyne: sys_socket[PID: 672 (xmldbc)]: family:1, type:2, protocol:0
[   34.394755] firmadyne: sys_socket[PID: 673 (xmldbc)]: family:1, type:2, protocol:0
[   34.439879] firmadyne: sys_socket[PID: 674 (xmldbc)]: family:1, type:2, protocol:0
[   34.486776] firmadyne: sys_socket[PID: 675 (xmldbc)]: family:1, type:2, protocol:0
[   34.532906] firmadyne: sys_socket[PID: 676 (xmldbc)]: family:1, type:2, protocol:0
[   34.578225] firmadyne: sys_socket[PID: 677 (xmldbc)]: family:1, type:2, protocol:0
[   34.623746] firmadyne: sys_socket[PID: 678 (xmldbc)]: family:1, type:2, protocol:0
[   34.665430] firmadyne: sys_socket[PID: 679 (xmldbc)]: family:1, type:2, protocol:0
[   34.711969] firmadyne: sys_socket[PID: 680 (xmldbc)]: family:1, type:2, protocol:0
[   34.758661] firmadyne: sys_socket[PID: 681 (xmldbc)]: family:1, type:2, protocol:0
[   34.804271] firmadyne: sys_socket[PID: 682 (xmldbc)]: family:1, type:2, protocol:0
[   34.850014] firmadyne: sys_socket[PID: 683 (xmldbc)]: family:1, type:2, protocol:0
[   34.896523] firmadyne: sys_socket[PID: 684 (xmldbc)]: family:1, type:2, protocol:0
[   34.942029] firmadyne: sys_socket[PID: 685 (xmldbc)]: family:1, type:2, protocol:0
[   34.987974] firmadyne: sys_socket[PID: 686 (xmldbc)]: family:1, type:2, protocol:0
[   35.033324] firmadyne: sys_socket[PID: 687 (xmldbc)]: family:1, type:2, protocol:0
[   35.075779] firmadyne: sys_socket[PID: 688 (xmldbc)]: family:1, type:2, protocol:0
[   35.177230] firmadyne: sys_socket[PID: 692 (xmldbc)]: family:1, type:2, protocol:0
[   35.222152] firmadyne: sys_socket[PID: 693 (xmldbc)]: family:1, type:2, protocol:0
[   35.267334] firmadyne: sys_socket[PID: 694 (xmldbc)]: family:1, type:2, protocol:0
[   35.313659] firmadyne: sys_socket[PID: 695 (xmldbc)]: family:1, type:2, protocol:0
[   35.358319] firmadyne: sys_socket[PID: 696 (xmldbc)]: family:1, type:2, protocol:0
[   35.403036] firmadyne: sys_socket[PID: 697 (xmldbc)]: family:1, type:2, protocol:0
[   35.448189] firmadyne: sys_socket[PID: 698 (xmldbc)]: family:1, type:2, protocol:0
[   35.494015] firmadyne: sys_socket[PID: 699 (xmldbc)]: family:1, type:2, protocol:0
[   35.538806] firmadyne: sys_socket[PID: 700 (xmldbc)]: family:1, type:2, protocol:0
[   35.583873] firmadyne: sys_socket[PID: 701 (xmldbc)]: family:1, type:2, protocol:0
[   35.628951] firmadyne: sys_socket[PID: 702 (xmldbc)]: family:1, type:2, protocol:0
[   35.675161] firmadyne: sys_socket[PID: 703 (xmldbc)]: family:1, type:2, protocol:0
[   35.720536] firmadyne: sys_socket[PID: 704 (xmldbc)]: family:1, type:2, protocol:0
[   35.765564] firmadyne: sys_socket[PID: 705 (xmldbc)]: family:1, type:2, protocol:0
[   35.810554] firmadyne: sys_socket[PID: 706 (xmldbc)]: family:1, type:2, protocol:0
[   35.855889] firmadyne: sys_socket[PID: 707 (xmldbc)]: family:1, type:2, protocol:0
[   35.902052] firmadyne: sys_socket[PID: 708 (xmldbc)]: family:1, type:2, protocol:0
[   35.947920] firmadyne: sys_socket[PID: 709 (xmldbc)]: family:1, type:2, protocol:0
[   35.993990] firmadyne: sys_socket[PID: 710 (xmldbc)]: family:1, type:2, protocol:0
[   36.104442] firmadyne: sys_socket[PID: 714 (xmldbc)]: family:1, type:2, protocol:0
[   36.131697] cfg80211: Exceeded CRDA call max attempts. Not calling CRDA
[   36.150510] firmadyne: sys_socket[PID: 715 (xmldbc)]: family:1, type:2, protocol:0
[   36.195380] firmadyne: sys_socket[PID: 716 (xmldbc)]: family:1, type:2, protocol:0
[   36.241103] firmadyne: sys_socket[PID: 717 (xmldbc)]: family:1, type:2, protocol:0
[   36.287074] firmadyne: sys_socket[PID: 718 (xmldbc)]: family:1, type:2, protocol:0
[   36.328138] firmadyne: sys_socket[PID: 719 (xmldbc)]: family:1, type:2, protocol:0
[   36.368512] firmadyne: sys_socket[PID: 720 (xmldbc)]: family:1, type:2, protocol:0
[   36.413499] firmadyne: sys_socket[PID: 721 (xmldbc)]: family:1, type:2, protocol:0
[   36.458313] firmadyne: sys_socket[PID: 722 (xmldbc)]: family:1, type:2, protocol:0
[   36.503932] firmadyne: sys_socket[PID: 723 (xmldbc)]: family:1, type:2, protocol:0
[   36.548451] firmadyne: sys_socket[PID: 724 (xmldbc)]: family:1, type:2, protocol:0
[   36.593090] firmadyne: sys_socket[PID: 725 (xmldbc)]: family:1, type:2, protocol:0
[   36.637850] firmadyne: sys_socket[PID: 726 (xmldbc)]: family:1, type:2, protocol:0
[   36.704946] firmadyne: sys_socket[PID: 727 (xmldbc)]: family:1, type:2, protocol:0
[   36.767737] firmadyne: sys_socket[PID: 728 (xmldbc)]: family:1, type:2, protocol:0
[   36.812620] firmadyne: sys_socket[PID: 729 (xmldbc)]: family:1, type:2, protocol:0
[   36.858301] firmadyne: sys_socket[PID: 730 (xmldbc)]: family:1, type:2, protocol:0
[   36.904575] firmadyne: sys_socket[PID: 731 (xmldbc)]: family:1, type:2, protocol:0
[   36.949069] firmadyne: sys_socket[PID: 732 (xmldbc)]: family:1, type:2, protocol:0
[   37.062551] firmadyne: sys_socket[PID: 736 (xmldbc)]: family:1, type:2, protocol:0
[   37.108249] firmadyne: sys_socket[PID: 737 (xmldbc)]: family:1, type:2, protocol:0
[   37.152675] firmadyne: sys_socket[PID: 738 (xmldbc)]: family:1, type:2, protocol:0
[   37.198117] firmadyne: sys_socket[PID: 739 (xmldbc)]: family:1, type:2, protocol:0
[   37.243033] firmadyne: sys_socket[PID: 740 (xmldbc)]: family:1, type:2, protocol:0
[   37.289455] firmadyne: sys_socket[PID: 741 (xmldbc)]: family:1, type:2, protocol:0
[   37.334244] firmadyne: sys_socket[PID: 742 (xmldbc)]: family:1, type:2, protocol:0
[   37.378567] firmadyne: sys_socket[PID: 743 (xmldbc)]: family:1, type:2, protocol:0
[   37.423958] firmadyne: sys_socket[PID: 744 (xmldbc)]: family:1, type:2, protocol:0
[   37.470395] firmadyne: sys_socket[PID: 745 (xmldbc)]: family:1, type:2, protocol:0
[   37.515630] firmadyne: sys_socket[PID: 746 (xmldbc)]: family:1, type:2, protocol:0
[   37.560571] firmadyne: sys_socket[PID: 747 (xmldbc)]: family:1, type:2, protocol:0
[   37.605841] firmadyne: sys_socket[PID: 748 (xmldbc)]: family:1, type:2, protocol:0
[   37.650907] firmadyne: sys_socket[PID: 749 (xmldbc)]: family:1, type:2, protocol:0
[   37.697397] firmadyne: sys_socket[PID: 750 (xmldbc)]: family:1, type:2, protocol:0
[   37.742751] firmadyne: sys_socket[PID: 751 (xmldbc)]: family:1, type:2, protocol:0
[   37.788663] firmadyne: sys_socket[PID: 752 (xmldbc)]: family:1, type:2, protocol:0
[   37.833734] firmadyne: sys_socket[PID: 753 (xmldbc)]: family:1, type:2, protocol:0
[   37.880245] firmadyne: sys_socket[PID: 754 (xmldbc)]: family:1, type:2, protocol:0
[   37.984945] firmadyne: sys_socket[PID: 758 (xmldbc)]: family:1, type:2, protocol:0
[   38.029475] firmadyne: sys_socket[PID: 759 (xmldbc)]: family:1, type:2, protocol:0
[   38.075535] firmadyne: sys_socket[PID: 760 (xmldbc)]: family:1, type:2, protocol:0
[   38.120221] firmadyne: sys_socket[PID: 761 (xmldbc)]: family:1, type:2, protocol:0
[   38.164693] firmadyne: sys_socket[PID: 762 (xmldbc)]: family:1, type:2, protocol:0
[   38.209754] firmadyne: sys_socket[PID: 763 (xmldbc)]: family:1, type:2, protocol:0
[   38.255171] firmadyne: sys_socket[PID: 764 (xmldbc)]: family:1, type:2, protocol:0
[   38.301335] firmadyne: sys_socket[PID: 765 (xmldbc)]: family:1, type:2, protocol:0
[   38.346225] firmadyne: sys_socket[PID: 766 (xmldbc)]: family:1, type:2, protocol:0
[   38.391010] firmadyne: sys_socket[PID: 767 (xmldbc)]: family:1, type:2, protocol:0
[   38.435611] firmadyne: sys_socket[PID: 768 (xmldbc)]: family:1, type:2, protocol:0
[   38.481611] firmadyne: sys_socket[PID: 769 (xmldbc)]: family:1, type:2, protocol:0
[   38.526747] firmadyne: sys_socket[PID: 770 (xmldbc)]: family:1, type:2, protocol:0
[   38.571535] firmadyne: sys_socket[PID: 771 (xmldbc)]: family:1, type:2, protocol:0
[   38.615946] firmadyne: sys_socket[PID: 772 (xmldbc)]: family:1, type:2, protocol:0
[   38.660501] firmadyne: sys_socket[PID: 773 (xmldbc)]: family:1, type:2, protocol:0
[   38.705911] firmadyne: sys_socket[PID: 774 (xmldbc)]: family:1, type:2, protocol:0
[   38.750566] firmadyne: sys_socket[PID: 775 (xmldbc)]: family:1, type:2, protocol:0
[   38.795183] firmadyne: sys_socket[PID: 776 (xmldbc)]: family:1, type:2, protocol:0
[   38.902823] firmadyne: sys_socket[PID: 780 (xmldbc)]: family:1, type:2, protocol:0
[   38.948230] firmadyne: sys_socket[PID: 781 (xmldbc)]: family:1, type:2, protocol:0
[   38.993967] firmadyne: sys_socket[PID: 782 (xmldbc)]: family:1, type:2, protocol:0
[   39.038740] firmadyne: sys_socket[PID: 783 (xmldbc)]: family:1, type:2, protocol:0
[   39.084928] firmadyne: sys_socket[PID: 784 (xmldbc)]: family:1, type:2, protocol:0
[   39.129804] firmadyne: sys_socket[PID: 785 (xmldbc)]: family:1, type:2, protocol:0
[   39.174601] firmadyne: sys_socket[PID: 786 (xmldbc)]: family:1, type:2, protocol:0
[   39.219512] firmadyne: sys_socket[PID: 787 (xmldbc)]: family:1, type:2, protocol:0
[   39.264444] firmadyne: sys_socket[PID: 788 (xmldbc)]: family:1, type:2, protocol:0
[   39.310959] firmadyne: sys_socket[PID: 789 (xmldbc)]: family:1, type:2, protocol:0
[   39.356255] firmadyne: sys_socket[PID: 790 (xmldbc)]: family:1, type:2, protocol:0
[   39.401308] firmadyne: sys_socket[PID: 791 (xmldbc)]: family:1, type:2, protocol:0
[   39.446760] firmadyne: sys_socket[PID: 792 (xmldbc)]: family:1, type:2, protocol:0
[   39.493118] firmadyne: sys_socket[PID: 793 (xmldbc)]: family:1, type:2, protocol:0
[   39.537892] firmadyne: sys_socket[PID: 794 (xmldbc)]: family:1, type:2, protocol:0
[   39.582163] firmadyne: sys_socket[PID: 795 (xmldbc)]: family:1, type:2, protocol:0
[   39.626573] firmadyne: sys_socket[PID: 796 (xmldbc)]: family:1, type:2, protocol:0
[   39.672104] firmadyne: sys_socket[PID: 797 (xmldbc)]: family:1, type:2, protocol:0
[   39.717332] firmadyne: sys_socket[PID: 798 (xmldbc)]: family:1, type:2, protocol:0
[   39.823346] firmadyne: sys_socket[PID: 802 (xmldbc)]: family:1, type:2, protocol:0
[   39.868943] firmadyne: sys_socket[PID: 803 (xmldbc)]: family:1, type:2, protocol:0
[   39.914320] firmadyne: sys_socket[PID: 804 (xmldbc)]: family:1, type:2, protocol:0
[   39.958646] firmadyne: sys_socket[PID: 805 (xmldbc)]: family:1, type:2, protocol:0
[   40.002825] firmadyne: sys_socket[PID: 806 (xmldbc)]: family:1, type:2, protocol:0
[   40.048105] firmadyne: sys_socket[PID: 807 (xmldbc)]: family:1, type:2, protocol:0
[   40.094309] firmadyne: sys_socket[PID: 808 (xmldbc)]: family:1, type:2, protocol:0
[   40.139587] firmadyne: sys_socket[PID: 809 (xmldbc)]: family:1, type:2, protocol:0
[   40.184715] firmadyne: sys_socket[PID: 810 (xmldbc)]: family:1, type:2, protocol:0
[   40.232141] firmadyne: sys_socket[PID: 811 (xmldbc)]: family:1, type:2, protocol:0
[   40.278979] firmadyne: sys_socket[PID: 812 (xmldbc)]: family:1, type:2, protocol:0
[   40.324003] firmadyne: sys_socket[PID: 813 (xmldbc)]: family:1, type:2, protocol:0
[   40.368982] firmadyne: sys_socket[PID: 814 (xmldbc)]: family:1, type:2, protocol:0
[   40.413648] firmadyne: sys_socket[PID: 815 (xmldbc)]: family:1, type:2, protocol:0
[   40.458830] firmadyne: sys_socket[PID: 816 (xmldbc)]: family:1, type:2, protocol:0
[   40.505057] firmadyne: sys_socket[PID: 817 (xmldbc)]: family:1, type:2, protocol:0
[   40.550461] firmadyne: sys_socket[PID: 818 (xmldbc)]: family:1, type:2, protocol:0
[   40.595739] firmadyne: sys_socket[PID: 819 (xmldbc)]: family:1, type:2, protocol:0
[   40.636547] firmadyne: sys_socket[PID: 820 (xmldbc)]: family:1, type:2, protocol:0
[   40.743136] firmadyne: sys_socket[PID: 824 (xmldbc)]: family:1, type:2, protocol:0
[   40.788698] firmadyne: sys_socket[PID: 825 (xmldbc)]: family:1, type:2, protocol:0
[   40.834101] firmadyne: sys_socket[PID: 826 (xmldbc)]: family:1, type:2, protocol:0
[   40.881087] firmadyne: sys_socket[PID: 827 (xmldbc)]: family:1, type:2, protocol:0
[   40.925944] firmadyne: sys_socket[PID: 828 (xmldbc)]: family:1, type:2, protocol:0
[   40.970631] firmadyne: sys_socket[PID: 829 (xmldbc)]: family:1, type:2, protocol:0
[   41.015515] firmadyne: sys_socket[PID: 830 (xmldbc)]: family:1, type:2, protocol:0
[   41.061928] firmadyne: sys_socket[PID: 831 (xmldbc)]: family:1, type:2, protocol:0
[   41.106996] firmadyne: sys_socket[PID: 832 (xmldbc)]: family:1, type:2, protocol:0
[   41.151892] firmadyne: sys_socket[PID: 833 (xmldbc)]: family:1, type:2, protocol:0
[   41.196697] firmadyne: sys_socket[PID: 834 (xmldbc)]: family:1, type:2, protocol:0
[   41.238354] firmadyne: sys_socket[PID: 835 (xmldbc)]: family:1, type:2, protocol:0
[   41.285160] firmadyne: sys_socket[PID: 836 (xmldbc)]: family:1, type:2, protocol:0
[   41.330424] firmadyne: sys_socket[PID: 837 (xmldbc)]: family:1, type:2, protocol:0
[   41.376106] firmadyne: sys_socket[PID: 838 (xmldbc)]: family:1, type:2, protocol:0
[   41.421633] firmadyne: sys_socket[PID: 839 (xmldbc)]: family:1, type:2, protocol:0
[   41.468906] firmadyne: sys_socket[PID: 840 (xmldbc)]: family:1, type:2, protocol:0
[   41.514283] firmadyne: sys_socket[PID: 841 (xmldbc)]: family:1, type:2, protocol:0
[   41.559144] firmadyne: sys_socket[PID: 842 (xmldbc)]: family:1, type:2, protocol:0
[   41.664212] firmadyne: sys_socket[PID: 846 (xmldbc)]: family:1, type:2, protocol:0
[   41.709881] firmadyne: sys_socket[PID: 847 (xmldbc)]: family:1, type:2, protocol:0
[   41.754561] firmadyne: sys_socket[PID: 848 (xmldbc)]: family:1, type:2, protocol:0
[   41.799781] firmadyne: sys_socket[PID: 849 (xmldbc)]: family:1, type:2, protocol:0
[   41.845383] firmadyne: sys_socket[PID: 850 (xmldbc)]: family:1, type:2, protocol:0
[   41.891298] firmadyne: sys_socket[PID: 851 (xmldbc)]: family:1, type:2, protocol:0
[   41.935811] firmadyne: sys_socket[PID: 852 (xmldbc)]: family:1, type:2, protocol:0
[   41.980389] firmadyne: sys_socket[PID: 853 (xmldbc)]: family:1, type:2, protocol:0
[   42.025240] firmadyne: sys_socket[PID: 854 (xmldbc)]: family:1, type:2, protocol:0
[   42.070600] firmadyne: sys_socket[PID: 855 (xmldbc)]: family:1, type:2, protocol:0
[   42.114725] firmadyne: sys_socket[PID: 856 (xmldbc)]: family:1, type:2, protocol:0
[   42.158827] firmadyne: sys_socket[PID: 857 (xmldbc)]: family:1, type:2, protocol:0
[   42.203701] firmadyne: sys_socket[PID: 858 (xmldbc)]: family:1, type:2, protocol:0
[   42.249458] firmadyne: sys_socket[PID: 859 (xmldbc)]: family:1, type:2, protocol:0
[   42.294965] firmadyne: sys_socket[PID: 860 (xmldbc)]: family:1, type:2, protocol:0
[   42.340250] firmadyne: sys_socket[PID: 861 (xmldbc)]: family:1, type:2, protocol:0
[   42.384770] firmadyne: sys_socket[PID: 862 (xmldbc)]: family:1, type:2, protocol:0
[   42.429492] firmadyne: sys_socket[PID: 863 (xmldbc)]: family:1, type:2, protocol:0
[   42.475588] firmadyne: sys_socket[PID: 864 (xmldbc)]: family:1, type:2, protocol:0
[   42.581080] firmadyne: sys_socket[PID: 868 (xmldbc)]: family:1, type:2, protocol:0
[   42.625680] firmadyne: sys_socket[PID: 869 (xmldbc)]: family:1, type:2, protocol:0
[   42.671222] firmadyne: sys_socket[PID: 870 (xmldbc)]: family:1, type:2, protocol:0
[   42.715949] firmadyne: sys_socket[PID: 871 (xmldbc)]: family:1, type:2, protocol:0
[   42.761149] firmadyne: sys_socket[PID: 872 (xmldbc)]: family:1, type:2, protocol:0
[   42.806694] firmadyne: sys_socket[PID: 873 (xmldbc)]: family:1, type:2, protocol:0
[   42.852934] firmadyne: sys_socket[PID: 874 (xmldbc)]: family:1, type:2, protocol:0
[   42.899630] firmadyne: sys_socket[PID: 875 (xmldbc)]: family:1, type:2, protocol:0
[   42.944830] firmadyne: sys_socket[PID: 876 (xmldbc)]: family:1, type:2, protocol:0
[   42.990257] firmadyne: sys_socket[PID: 877 (xmldbc)]: family:1, type:2, protocol:0
[   43.035157] firmadyne: sys_socket[PID: 878 (xmldbc)]: family:1, type:2, protocol:0
[   43.081551] firmadyne: sys_socket[PID: 879 (xmldbc)]: family:1, type:2, protocol:0
[   43.125973] firmadyne: sys_socket[PID: 880 (xmldbc)]: family:1, type:2, protocol:0
[   43.170786] firmadyne: sys_socket[PID: 881 (xmldbc)]: family:1, type:2, protocol:0
[   43.215838] firmadyne: sys_socket[PID: 882 (xmldbc)]: family:1, type:2, protocol:0
[   43.261120] firmadyne: sys_socket[PID: 883 (xmldbc)]: family:1, type:2, protocol:0
[   43.308091] firmadyne: sys_socket[PID: 884 (xmldbc)]: family:1, type:2, protocol:0
[   43.353598] firmadyne: sys_socket[PID: 885 (xmldbc)]: family:1, type:2, protocol:0
[   43.398566] firmadyne: sys_socket[PID: 886 (xmldbc)]: family:1, type:2, protocol:0
[   43.505902] firmadyne: sys_socket[PID: 890 (xmldbc)]: family:1, type:2, protocol:0
[   43.550377] firmadyne: sys_socket[PID: 891 (xmldbc)]: family:1, type:2, protocol:0
[   43.594797] firmadyne: sys_socket[PID: 892 (xmldbc)]: family:1, type:2, protocol:0
[   43.639975] firmadyne: sys_socket[PID: 893 (xmldbc)]: family:1, type:2, protocol:0
[   43.686112] firmadyne: sys_socket[PID: 894 (xmldbc)]: family:1, type:2, protocol:0
[   43.730708] firmadyne: sys_socket[PID: 895 (xmldbc)]: family:1, type:2, protocol:0
[   43.775710] firmadyne: sys_socket[PID: 896 (xmldbc)]: family:1, type:2, protocol:0
[   43.820851] firmadyne: sys_socket[PID: 897 (xmldbc)]: family:1, type:2, protocol:0
[   43.866169] firmadyne: sys_socket[PID: 898 (xmldbc)]: family:1, type:2, protocol:0
[   43.912529] firmadyne: sys_socket[PID: 899 (xmldbc)]: family:1, type:2, protocol:0
[   43.957851] firmadyne: sys_socket[PID: 900 (xmldbc)]: family:1, type:2, protocol:0
[   44.002362] firmadyne: sys_socket[PID: 901 (xmldbc)]: family:1, type:2, protocol:0
[   44.047857] firmadyne: sys_socket[PID: 902 (xmldbc)]: family:1, type:2, protocol:0
[   44.093809] firmadyne: sys_socket[PID: 903 (xmldbc)]: family:1, type:2, protocol:0
[   44.138475] firmadyne: sys_socket[PID: 904 (xmldbc)]: family:1, type:2, protocol:0
[   44.183526] firmadyne: sys_socket[PID: 905 (xmldbc)]: family:1, type:2, protocol:0
[   44.228757] firmadyne: sys_socket[PID: 906 (xmldbc)]: family:1, type:2, protocol:0
[   44.271243] firmadyne: sys_socket[PID: 907 (xmldbc)]: family:1, type:2, protocol:0
[   44.319355] firmadyne: sys_socket[PID: 908 (xmldbc)]: family:1, type:2, protocol:0
[   44.427154] firmadyne: sys_socket[PID: 912 (xmldbc)]: family:1, type:2, protocol:0
[   44.474427] firmadyne: sys_socket[PID: 913 (xmldbc)]: family:1, type:2, protocol:0
[   44.521440] firmadyne: sys_socket[PID: 914 (xmldbc)]: family:1, type:2, protocol:0
[   44.569176] firmadyne: sys_socket[PID: 915 (xmldbc)]: family:1, type:2, protocol:0
[   44.615051] firmadyne: sys_socket[PID: 916 (xmldbc)]: family:1, type:2, protocol:0
[   44.660721] firmadyne: sys_socket[PID: 917 (xmldbc)]: family:1, type:2, protocol:0
[   44.707256] firmadyne: sys_socket[PID: 918 (xmldbc)]: family:1, type:2, protocol:0
[   44.752684] firmadyne: sys_socket[PID: 919 (xmldbc)]: family:1, type:2, protocol:0
[   44.798446] firmadyne: sys_socket[PID: 920 (xmldbc)]: family:1, type:2, protocol:0
[   44.844113] firmadyne: sys_socket[PID: 921 (xmldbc)]: family:1, type:2, protocol:0
[   44.890810] firmadyne: sys_socket[PID: 922 (xmldbc)]: family:1, type:2, protocol:0
[   44.932319] firmadyne: sys_socket[PID: 923 (xmldbc)]: family:1, type:2, protocol:0
[   44.977200] firmadyne: sys_socket[PID: 924 (xmldbc)]: family:1, type:2, protocol:0
[   45.022558] firmadyne: sys_socket[PID: 925 (xmldbc)]: family:1, type:2, protocol:0
[   45.068869] firmadyne: sys_socket[PID: 926 (xmldbc)]: family:1, type:2, protocol:0
[   45.114258] firmadyne: sys_socket[PID: 927 (xmldbc)]: family:1, type:2, protocol:0
[   45.159326] firmadyne: sys_socket[PID: 928 (xmldbc)]: family:1, type:2, protocol:0
[   45.204346] firmadyne: sys_socket[PID: 929 (xmldbc)]: family:1, type:2, protocol:0
[   45.249566] firmadyne: sys_socket[PID: 930 (xmldbc)]: family:1, type:2, protocol:0
[   45.394245] firmadyne: sys_socket[PID: 935 (xmldbc)]: family:1, type:2, protocol:0
[   45.435760] firmadyne: sys_socket[PID: 936 (xmldbc)]: family:1, type:2, protocol:0
[   45.481614] firmadyne: sys_socket[PID: 937 (xmldbc)]: family:1, type:2, protocol:0
[   45.526664] firmadyne: sys_socket[PID: 938 (xmldbc)]: family:1, type:2, protocol:0
[   45.570909] firmadyne: sys_socket[PID: 939 (xmldbc)]: family:1, type:2, protocol:0
[   45.616186] firmadyne: sys_socket[PID: 940 (xmldbc)]: family:1, type:2, protocol:0
[   45.724395] firmadyne: sys_socket[PID: 944 (xmldbc)]: family:1, type:2, protocol:0
[   45.769477] firmadyne: sys_socket[PID: 945 (xmldbc)]: family:1, type:2, protocol:0
[   45.814570] firmadyne: sys_socket[PID: 946 (xmldbc)]: family:1, type:2, protocol:0
[   45.859666] firmadyne: sys_socket[PID: 947 (xmldbc)]: family:1, type:2, protocol:0
[   45.905494] firmadyne: sys_socket[PID: 948 (xmldbc)]: family:1, type:2, protocol:0
[   45.950942] firmadyne: sys_socket[PID: 949 (xmldbc)]: family:1, type:2, protocol:0
[   46.089144] firmadyne: sys_socket[PID: 954 (xmldbc)]: family:1, type:2, protocol:0
[   46.195778] firmadyne: sys_socket[PID: 958 (xmldbc)]: family:1, type:2, protocol:0
[   46.302366] firmadyne: sys_socket[PID: 962 (xmldbc)]: family:1, type:2, protocol:0
[   46.408368] firmadyne: sys_socket[PID: 966 (xmldbc)]: family:1, type:2, protocol:0
[   46.517818] firmadyne: sys_socket[PID: 970 (xmldbc)]: family:1, type:2, protocol:0
[   46.618073] firmadyne: sys_socket[PID: 974 (xmldbc)]: family:1, type:2, protocol:0
[   46.724031] firmadyne: sys_socket[PID: 978 (xmldbc)]: family:1, type:2, protocol:0
[   46.829496] firmadyne: sys_socket[PID: 982 (xmldbc)]: family:1, type:2, protocol:0
[   46.936458] firmadyne: sys_socket[PID: 986 (xmldbc)]: family:1, type:2, protocol:0
[   47.041305] firmadyne: sys_socket[PID: 990 (xmldbc)]: family:1, type:2, protocol:0
[   47.146699] firmadyne: sys_socket[PID: 994 (xmldbc)]: family:1, type:2, protocol:0
[   47.251231] firmadyne: sys_socket[PID: 998 (xmldbc)]: family:1, type:2, protocol:0
[   47.357216] firmadyne: sys_socket[PID: 1002 (xmldbc)]: family:1, type:2, protocol:0
[   47.462743] firmadyne: sys_socket[PID: 1006 (xmldbc)]: family:1, type:2, protocol:0
[   47.568363] firmadyne: sys_socket[PID: 1010 (xmldbc)]: family:1, type:2, protocol:0
[   47.674598] firmadyne: sys_socket[PID: 1014 (xmldbc)]: family:1, type:2, protocol:0
[   47.779188] firmadyne: sys_socket[PID: 1018 (xmldbc)]: family:1, type:2, protocol:0
[   47.885867] firmadyne: sys_socket[PID: 1022 (xmldbc)]: family:1, type:2, protocol:0
[   47.991549] firmadyne: sys_socket[PID: 1026 (xmldbc)]: family:1, type:2, protocol:0
[   48.097822] firmadyne: sys_socket[PID: 1030 (xmldbc)]: family:1, type:2, protocol:0
[   48.202158] firmadyne: sys_socket[PID: 1034 (xmldbc)]: family:1, type:2, protocol:0
[   48.309057] firmadyne: sys_socket[PID: 1038 (xmldbc)]: family:1, type:2, protocol:0
[   48.414544] firmadyne: sys_socket[PID: 1042 (xmldbc)]: family:1, type:2, protocol:0
[   48.521002] firmadyne: sys_socket[PID: 1046 (xmldbc)]: family:1, type:2, protocol:0
[   48.626338] firmadyne: sys_socket[PID: 1050 (xmldbc)]: family:1, type:2, protocol:0
[   48.731962] firmadyne: sys_socket[PID: 1054 (xmldbc)]: family:1, type:2, protocol:0
[   48.837664] firmadyne: sys_socket[PID: 1058 (xmldbc)]: family:1, type:2, protocol:0
[   48.945150] firmadyne: sys_socket[PID: 1062 (xmldbc)]: family:1, type:2, protocol:0
[   49.050405] firmadyne: sys_socket[PID: 1066 (xmldbc)]: family:1, type:2, protocol:0
[   49.152433] firmadyne: sys_socket[PID: 1070 (xmldbc)]: family:1, type:2, protocol:0
[   49.257795] firmadyne: sys_socket[PID: 1074 (xmldbc)]: family:1, type:2, protocol:0
[   49.364170] firmadyne: sys_socket[PID: 1078 (xmldbc)]: family:1, type:2, protocol:0
[   49.469967] firmadyne: sys_socket[PID: 1082 (xmldbc)]: family:1, type:2, protocol:0
[   49.514891] firmadyne: sys_socket[PID: 1083 (xmldbc)]: family:1, type:2, protocol:0
[   49.559885] firmadyne: sys_socket[PID: 1084 (xmldbc)]: family:1, type:2, protocol:0
[   49.604839] firmadyne: sys_socket[PID: 1085 (xmldbc)]: family:1, type:2, protocol:0
[   49.650623] firmadyne: sys_socket[PID: 1086 (xmldbc)]: family:1, type:2, protocol:0
[   49.697248] firmadyne: sys_socket[PID: 1087 (xmldbc)]: family:1, type:2, protocol:0
[   49.742369] firmadyne: sys_socket[PID: 1088 (xmldbc)]: family:1, type:2, protocol:0
[   49.787599] firmadyne: sys_socket[PID: 1089 (xmldbc)]: family:1, type:2, protocol:0
[   49.833272] firmadyne: sys_socket[PID: 1090 (xmldbc)]: family:1, type:2, protocol:0
PHP [/etc/defnodes/S11setnodes.php] ...
[   49.926323] firmadyne: sys_socket[PID: 1093 (rgdb)]: family:1, type:2, protocol:0
PHP [/etc/defnodes/S12features.php] ...
[   50.586713] firmadyne: sys_socket[PID: 1106 (rgdb)]: family:1, type:2, protocol:0
PHP [/etc/defnodes/S13flashspeed.php] ...
[   50.687713] firmadyne: sys_socket[PID: 1109 (rgdb)]: family:1, type:2, protocol:0
PHP [/etc/defnodes/S20setnodes.php] ...
[   50.884181] firmadyne: sys_socket[PID: 1114 (rgdb)]: family:1, type:2, protocol:0
[   51.238232] UDF-fs: warning (device mtdblock4): udf_fill_super: No partition found (2)
mount: mounting /dev/mtdblock/4 on /www/locale/alt failed: Invalid argument
PHP [/etc/defnodes/S40brand.php] ...
[   51.326004] firmadyne: sys_socket[PID: 1126 (rgdb)]: family:1, type:2, protocol:0
[/etc/scripts/misc/defnodes.sh] Done !!
[/etc/scripts/misc/profile.sh] put ...
[   51.837642] firmadyne: sys_socket[PID: 1134 (rgdb)]: family:1, type:2, protocol:0
ok
[   52.598544] firmadyne: sys_socket[PID: 1140 (rgdb)]: family:1, type:2, protocol:0
[   52.656651] firmadyne: sys_socket[PID: 1142 (rgdb)]: family:1, type:2, protocol:0
[/etc/templates/timezone.sh] ...
[   52.789722] firmadyne: sys_socket[PID: 1147 (rgdb)]: family:1, type:2, protocol:0
[   52.939261] firmadyne: sys_socket[PID: 1152 (rgdb)]: family:1, type:2, protocol:0
[   55.936335] firmadyne: sys_socket[PID: 1156 (rgdb)]: family:1, type:2, protocol:0
[   56.002317] firmadyne: sys_socket[PID: 1158 (rgdb)]: family:1, type:2, protocol:0
[   56.068996] firmadyne: sys_socket[PID: 1160 (rgdb)]: family:1, type:2, protocol:0
[   56.134883] firmadyne: sys_socket[PID: 1162 (rgdb)]: family:1, type:2, protocol:0
[   56.199920] firmadyne: sys_socket[PID: 1164 (rgdb)]: family:1, type:2, protocol:0
[   56.264560] firmadyne: sys_socket[PID: 1166 (rgdb)]: family:1, type:2, protocol:0
[   56.330472] firmadyne: sys_socket[PID: 1168 (rgdb)]: family:1, type:2, protocol:0
[   56.392724] firmadyne: sys_socket[PID: 1170 (rgdb)]: family:1, type:2, protocol:0
[   56.458170] firmadyne: sys_socket[PID: 1172 (rgdb)]: family:1, type:2, protocol:0
[   56.524826] firmadyne: sys_socket[PID: 1174 (rgdb)]: family:1, type:2, protocol:0
[   56.590014] firmadyne: sys_socket[PID: 1176 (rgdb)]: family:1, type:2, protocol:0
[/etc/templates/logs.sh] ...
[   57.358794] firmadyne: sys_socket[PID: 1204 (rgdb)]: family:1, type:2, protocol:0
[   57.436784] firmadyne: sys_socket[PID: 1206 (rgdb)]: family:1, type:2, protocol:0
[/var/run/logs_run.sh] ...
[   57.899197] firmadyne: sys_socket[PID: 1211 (syslogd)]: family:1, type:1, protocol:0
[   58.017407] firmadyne: sys_socket[PID: 1216 (rgdb)]: family:1, type:2, protocol:0
[   58.179226] firmadyne: sys_socket[PID: 1220 (ifconfig)]: family:2, type:1, protocol:0
[   58.204034] 8021q: adding VLAN 0 to HW filter on device eth0
[   58.209388] e1000: eth0 NIC Link is Up 1000 Mbps Full Duplex, Flow Control: RX
[   61.285250] firmadyne: sys_socket[PID: 1222 (rgdb)]: family:1, type:2, protocol:0
[   61.532661] firmadyne: sys_socket[PID: 1234 (rgdb)]: family:1, type:2, protocol:0
[   61.678139] firmadyne: sys_socket[PID: 1240 (rgdb)]: family:1, type:2, protocol:0
[   61.697338] firmadyne: sys_socket[PID: 1241 (ifconfig)]: family:2, type:1, protocol:0
[   61.699173] firmadyne: __inet_insert_ifa[PID: 1241 (ifconfig)]: device:lo ifa:0x7f000001
[   61.739953] firmadyne: sys_socket[PID: 1242 (brctl)]: family:2, type:2, protocol:0
[   61.820879] firmadyne: sys_socket[PID: 1245 (brctl)]: family:2, type:2, protocol:0
[   61.824148] firmadyne: sys_socket[PID: 1245 (brctl)]: family:10, type:1, protocol:0
[   61.865346] firmadyne: sys_socket[PID: 1246 (brctl)]: family:2, type:2, protocol:0
[   61.869624] firmadyne: sys_socket[PID: 1246 (brctl)]: family:10, type:1, protocol:0
[/etc/init.d/S03config.sh] done!
[/etc/init.d/S10system.sh]
start Layout ...
[/etc/scripts/layout.sh] start ...
[   62.159796] firmadyne: sys_socket[PID: 1256 (rgdb)]: family:1, type:2, protocol:0
[   62.264969] firmadyne: sys_socket[PID: 1257 (rgdb)]: family:1, type:2, protocol:0
[/var/run/layout_start.sh] ...
Start bridge layout ...
[   62.389768] firmadyne: sys_socket[PID: 1261 (ifconfig)]: family:2, type:1, protocol:0
[   62.444115] firmadyne: sys_socket[PID: 1262 (brctl)]: family:2, type:2, protocol:0
[   62.447039] firmadyne: sys_socket[PID: 1262 (brctl)]: family:10, type:1, protocol:0
[   62.450477] firmadyne: sys_socket[PID: 1262 (brctl)]: family:10, type:1, protocol:0
[   62.452770] firmadyne: br_add_if[PID: 1262 (brctl)]: br:br0 dev:eth0
[   62.458031] device eth0 entered promiscuous mode
[   62.538978] firmadyne: sys_socket[PID: 1265 (xmldbc)]: family:1, type:2, protocol:0
[   62.610367] firmadyne: sys_socket[PID: 1268 (ifconfig)]: family:2, type:1, protocol:0
[   62.612653] br0: port 1(eth0) entered forwarding state
[   62.613414] br0: port 1(eth0) entered forwarding state
[   62.655145] firmadyne: sys_socket[PID: 1269 (rgdb)]: family:1, type:2, protocol:0
start LAN ...
[/etc/templates/lan.sh] ...
[   62.789731] firmadyne: sys_socket[PID: 1274 (rgdb)]: family:1, type:2, protocol:0
[   62.913101] firmadyne: sys_socket[PID: 1277 (rgdb)]: family:1, type:2, protocol:0
[   62.999726] firmadyne: sys_socket[PID: 1278 (rgdb)]: family:1, type:2, protocol:0
[/var/run/lan_start.sh] ...
Bridge mode selected, LAN is disabled !
start web server ...
[/etc/templates/webs.sh] start ...
[   63.238254] firmadyne: sys_socket[PID: 1286 (rgdb)]: family:1, type:2, protocol:0
[   63.309578] firmadyne: sys_socket[PID: 1288 (rgdb)]: family:1, type:2, protocol:0
[   63.431534] firmadyne: sys_socket[PID: 1291 (rgdb)]: family:1, type:2, protocol:0
[   63.555980] firmadyne: sys_socket[PID: 1292 (rgdb)]: family:1, type:2, protocol:0
[/var/run/webs_start.sh] ...
Starting HTTPD ...
start eth0 vlan setup ...
/etc/scripts/eth_vlan.sh: not found
[   63.880448] firmadyne: sys_socket[PID: 1302 (rgdb)]: family:1, type:2, protocol:0
[   63.888989] firmadyne: sys_socket[PID: 1303 (rgdb)]: family:1, type:2, protocol:0
#!/bin/sh
echo [$0] ... > /dev/console

# limitedadmin.php <<<

limitedadmin.sh...
[   64.193562] firmadyne: sys_socket[PID: 1304 (rgdb)]: family:1, type:2, protocol:0
[   64.273291] firmadyne: sys_socket[PID: 1307 (brctl)]: family:2, type:2, protocol:0
[   64.284635] firmadyne: sys_socket[PID: 1307 (brctl)]: family:10, type:1, protocol:0
[   64.368370] firmadyne: sys_socket[PID: 1309 (brctl)]: family:2, type:2, protocol:0
[   64.371114] firmadyne: sys_socket[PID: 1309 (brctl)]: family:10, type:1, protocol:0
[   64.460985] firmadyne: sys_socket[PID: 1310 (brctl)]: family:2, type:2, protocol:0
[   64.468794] firmadyne: sys_socket[PID: 1310 (brctl)]: family:10, type:1, protocol:0
[   64.552843] firmadyne: sys_socket[PID: 1311 (brctl)]: family:2, type:2, protocol:0
[   64.559638] firmadyne: sys_socket[PID: 1311 (brctl)]: family:10, type:1, protocol:0
[   64.647714] firmadyne: sys_socket[PID: 1312 (brctl)]: family:2, type:2, protocol:0
[   64.650362] firmadyne: sys_socket[PID: 1312 (brctl)]: family:10, type:1, protocol:0
[   64.740484] firmadyne: sys_socket[PID: 1313 (brctl)]: family:2, type:2, protocol:0
[   64.742951] firmadyne: sys_socket[PID: 1313 (brctl)]: family:10, type:1, protocol:0
start fresetd ...
enable LAN ports ...
[   64.962154] firmadyne: sys_socket[PID: 1315 (servd)]: family:1, type:2, protocol:0
Factory reset time : 5 secs
System reset time  : 1 secs
WPS command : [/etc/templates/wps.sh pbc &]
[   65.076434] firmadyne: sys_socket[PID: 1308 (httpd)]: family:10, type:2, protocol:6
[   65.077591] firmadyne: sys_setsockopt[PID: 1308 (httpd)]: fd:4, level:65535, optname:4
[/etc/scripts/enlan.sh] ...
/dev/gpio: No such device or address
[   65.113429] firmadyne: sys_socket[PID: 1318 (fresetd)]: family:1, type:1, protocol:0
 Generate channel table according to the country code...
[   65.252768] firmadyne: sys_socket[PID: 1329 (httpd)]: family:1, type:1, protocol:0
[   65.264525] firmadyne: sys_socket[PID: 1331 (genchanneltable)]: family:1, type:2, protocol:0
[   65.278620] firmadyne: sys_socket[PID: 1331 (genchanneltable)]: family:1, type:2, protocol:0
[   65.284230] firmadyne: sys_socket[PID: 1331 (genchanneltable)]: family:1, type:2, protocol:0
[   65.309947] firmadyne: sys_socket[PID: 1332 (getsys)]: family:1, type:2, protocol:0
UNKNOW country code!! Use USA for default!!
[   65.390372] firmadyne: sys_socket[PID: 1331 (genchanneltable)]: family:1, type:2, protocol:0
[   65.394965] firmadyne: sys_socket[PID: 1332 (getsys)]: family:1, type:2, protocol:0
[   65.401115] firmadyne: sys_socket[PID: 1331 (genchanneltable)]: family:1, type:2, protocol:0
[   65.405046] firmadyne: sys_socket[PID: 1332 (getsys)]: family:1, type:2, protocol:0
[   65.409966] firmadyne: sys_socket[PID: 1331 (genchanneltable)]: family:1, type:2, protocol:0
[   65.413709] firmadyne: sys_socket[PID: 1332 (getsys)]: family:1, type:2, protocol:0
[   65.418586] firmadyne: sys_socket[PID: 1331 (genchanneltable)]: family:1, type:2, protocol:0
[   65.422355] firmadyne: sys_socket[PID: 1332 (getsys)]: family:1, type:2, protocol:0
[   65.427217] firmadyne: sys_socket[PID: 1331 (genchanneltable)]: family:1, type:2, protocol:0
[   65.430425] firmadyne: sys_socket[PID: 1332 (getsys)]: family:1, type:2, protocol:0
[   65.435810] firmadyne: sys_socket[PID: 1331 (genchanneltable)]: family:1, type:2, protocol:0
[   65.438919] firmadyne: sys_socket[PID: 1332 (getsys)]: family:1, type:2, protocol:0
[   65.444543] firmadyne: sys_socket[PID: 1331 (genchanneltable)]: family:1, type:2, protocol:0
[   65.447892] firmadyne: sys_socket[PID: 1332 (getsys)]: family:1, type:2, protocol:0
[   65.452914] firmadyne: sys_socket[PID: 1331 (genchanneltable)]: family:1, type:2, protocol:0
[   65.457676] firmadyne: sys_socket[PID: 1332 (getsys)]: family:1, type:2, protocol:0
[   65.463064] firmadyne: sys_socket[PID: 1331 (genchanneltable)]: family:1, type:2, protocol:0
[   65.466543] firmadyne: sys_socket[PID: 1332 (getsys)]: family:1, type:2, protocol:0
[   65.473318] firmadyne: sys_socket[PID: 1331 (genchanneltable)]: family:1, type:2, protocol:0
[   65.477276] firmadyne: sys_socket[PID: 1332 (getsys)]: family:1, type:2, protocol:0
[   65.482678] firmadyne: sys_socket[PID: 1331 (genchanneltable)]: family:1, type:2, protocol:0
[   65.485984] firmadyne: sys_socket[PID: 1332 (getsys)]: family:1, type:2, protocol:0
[   65.491695] firmadyne: sys_socket[PID: 1331 (genchanneltable)]: family:1, type:2, protocol:0
[   65.494774] firmadyne: sys_socket[PID: 1332 (getsys)]: family:1, type:2, protocol:0
[   65.500394] firmadyne: sys_socket[PID: 1331 (genchanneltable)]: family:1, type:2, protocol:0
[   65.503690] firmadyne: sys_socket[PID: 1332 (getsys)]: family:1, type:2, protocol:0
[   65.509047] firmadyne: sys_socket[PID: 1331 (genchanneltable)]: family:1, type:2, protocol:0
[   65.513119] firmadyne: sys_socket[PID: 1332 (getsys)]: family:1, type:2, protocol:0
[   65.518310] firmadyne: sys_socket[PID: 1331 (genchanneltable)]: family:1, type:2, protocol:0
[   65.522400] firmadyne: sys_socket[PID: 1332 (getsys)]: family:1, type:2, protocol:0
[   65.527800] firmadyne: sys_socket[PID: 1331 (genchanneltable)]: family:1, type:2, protocol:0
[   65.530996] firmadyne: sys_socket[PID: 1332 (getsys)]: family:1, type:2, protocol:0
[   65.536692] firmadyne: sys_socket[PID: 1331 (genchanneltable)]: family:1, type:2, protocol:0
[   65.542632] firmadyne: sys_socket[PID: 1332 (getsys)]: family:1, type:2, protocol:0
[   65.546134] firmadyne: sys_socket[PID: 1331 (genchanneltable)]: family:1, type:2, protocol:0
[   65.552963] firmadyne: sys_socket[PID: 1331 (genchanneltable)]: family:1, type:2, protocol:0
[   65.565819] firmadyne: sys_socket[PID: 1331 (genchanneltable)]: family:1, type:2, protocol:0
[   65.571242] firmadyne: sys_socket[PID: 1331 (genchanneltable)]: family:1, type:2, protocol:0
[   65.577281] firmadyne: sys_socket[PID: 1331 (genchanneltable)]: family:1, type:2, protocol:0
[   65.585633] firmadyne: sys_socket[PID: 1331 (genchanneltable)]: family:1, type:2, protocol:0
[   65.596596] firmadyne: sys_socket[PID: 1331 (genchanneltable)]: family:1, type:2, protocol:0
[   65.601852] firmadyne: sys_socket[PID: 1331 (genchanneltable)]: family:1, type:2, protocol:0
[   65.612931] firmadyne: sys_socket[PID: 1331 (genchanneltable)]: family:1, type:2, protocol:0
[   65.617971] firmadyne: sys_socket[PID: 1331 (genchanneltable)]: family:1, type:2, protocol:0
[   65.622673] firmadyne: sys_socket[PID: 1331 (genchanneltable)]: family:1, type:2, protocol:0
[   65.626891] firmadyne: sys_socket[PID: 1331 (genchanneltable)]: family:1, type:2, protocol:0
/dev/gpio: No such device or address
 Generate VLAN table according to the port...
[   65.694675] firmadyne: sys_socket[PID: 1340 (genVLANTableByP)]: family:1, type:2, protocol:0
[   65.700868] firmadyne: sys_socket[PID: 1340 (genVLANTableByP)]: family:1, type:2, protocol:0
[   65.705939] firmadyne: sys_socket[PID: 1340 (genVLANTableByP)]: family:1, type:2, protocol:0
[   65.710335] firmadyne: sys_socket[PID: 1340 (genVLANTableByP)]: family:1, type:2, protocol:0
[   65.715104] firmadyne: sys_socket[PID: 1340 (genVLANTableByP)]: family:1, type:2, protocol:0
[   65.718929] firmadyne: sys_socket[PID: 1340 (genVLANTableByP)]: family:1, type:2, protocol:0
[   65.725178] firmadyne: sys_socket[PID: 1340 (genVLANTableByP)]: family:1, type:2, protocol:0
[   65.730325] firmadyne: sys_socket[PID: 1340 (genVLANTableByP)]: family:1, type:2, protocol:0
[   65.735590] firmadyne: sys_socket[PID: 1340 (genVLANTableByP)]: family:1, type:2, protocol:0
[   65.740627] firmadyne: sys_socket[PID: 1340 (genVLANTableByP)]: family:1, type:2, protocol:0
[   65.745073] firmadyne: sys_socket[PID: 1340 (genVLANTableByP)]: family:1, type:2, protocol:0
[   65.749447] firmadyne: sys_socket[PID: 1340 (genVLANTableByP)]: family:1, type:2, protocol:0
[   65.754001] firmadyne: sys_socket[PID: 1340 (genVLANTableByP)]: family:1, type:2, protocol:0
[   65.758966] firmadyne: sys_socket[PID: 1340 (genVLANTableByP)]: family:1, type:2, protocol:0
[   65.765346] firmadyne: sys_socket[PID: 1340 (genVLANTableByP)]: family:1, type:2, protocol:0
[   65.769967] firmadyne: sys_socket[PID: 1340 (genVLANTableByP)]: family:1, type:2, protocol:0
[   65.774864] firmadyne: sys_socket[PID: 1340 (genVLANTableByP)]: family:1, type:2, protocol:0
[   65.778825] firmadyne: sys_socket[PID: 1340 (genVLANTableByP)]: family:1, type:2, protocol:0
[   65.784458] firmadyne: sys_socket[PID: 1340 (genVLANTableByP)]: family:1, type:2, protocol:0
[   65.788738] firmadyne: sys_socket[PID: 1340 (genVLANTableByP)]: family:1, type:2, protocol:0
[   65.793205] firmadyne: sys_socket[PID: 1340 (genVLANTableByP)]: family:1, type:2, protocol:0
