[    0.000000] Linux version 4.1.17+ (alessio@pc) (gcc version 5.5.0 20171010 (Ubuntu 5.5.0-12ubuntu1) ) #1 Mon May 15 23:04:08 CEST 2023
[    0.000000] earlycon: Early serial console at I/O port 0x3f8 (options '38400n8')
[    0.000000] bootconsole [uart0] enabled
[    0.000000] CPU0 revision is: 00019300 (MIPS 24Kc)
[    0.000000] FPU revision is: 00739300
[    0.000000] Software DMA cache coherency enabled
[    0.000000] Determined physical RAM map:
[    0.000000]  memory: 00001000 @ 00000000 (reserved)
[    0.000000]  memory: 000ef000 @ 00001000 (ROM data)
[    0.000000]  memory: 00798000 @ 000f0000 (reserved)
[    0.000000]  memory: 0f777000 @ 00888000 (usable)
[    0.000000] debug: ignoring loglevel setting.
[    0.000000] Wasting 69888 bytes for tracking 2184 unused pages
[    0.000000] Initrd not found or empty - disabling initrd
[    0.000000] Zone ranges:
[    0.000000]   DMA      [mem 0x0000000000000000-0x0000000000ffffff]
[    0.000000]   Normal   [mem 0x0000000001000000-0x000000000fffefff]
[    0.000000] Movable zone start for each node
[    0.000000] Early memory node ranges
[    0.000000]   node   0: [mem 0x0000000000000000-0x000000000fffefff]
[    0.000000] Initmem setup node 0 [mem 0x0000000000000000-0x000000000fffefff]
[    0.000000] On node 0 totalpages: 65535
[    0.000000] free_area_init_node: node 0, pgdat 8081d5b0, node_mem_map 81000000
[    0.000000]   DMA zone: 32 pages used for memmap
[    0.000000]   DMA zone: 0 pages reserved
[    0.000000]   DMA zone: 4096 pages, LIFO batch:0
[    0.000000]   Normal zone: 480 pages used for memmap
[    0.000000]   Normal zone: 61439 pages, LIFO batch:15
[    0.000000] Primary instruction cache 2kB, VIPT, 2-way, linesize 16 bytes.
[    0.000000] Primary data cache 2kB, 2-way, VIPT, no aliases, linesize 16 bytes
[    0.000000] pcpu-alloc: s0 r0 d32768 u32768 alloc=1*32768
[    0.000000] pcpu-alloc: [0] 0 
[    0.000000] Built 1 zonelists in Zone order, mobility grouping on.  Total pages: 65023
[    0.000000] Kernel command line: root=/dev/sda1 console=ttyS0 nandsim.parts=64,64,64,64,64,64,64,64,64,64 rdinit=/firmadyne/preInit.sh rw debug ignore_loglevel print-fatal-signals=1 FIRMAE_NET=true FIRMAE_NVRAM=true FIRMAE_KERNEL=true FIRMAE_ETC=true user_debug=0 firmadyne.syscall=1 noka
[    0.000000] found FIRMAE_KERNEL=t
[    0.000000] set the LD_PRELOAD=/firmadyne/libnvram_ioctl.so
[    0.000000] PID hash table entries: 1024 (order: 0, 4096 bytes)
[    0.000000] Dentry cache hash table entries: 32768 (order: 5, 131072 bytes)
[    0.000000] Inode-cache hash table entries: 16384 (order: 4, 65536 bytes)
[    0.000000] Writing ErrCtl register=00000000
[    0.000000] Readback ErrCtl register=00000000
[    0.000000] Memory: 251112K/262140K available (5360K kernel code, 244K rwdata, 1676K rodata, 260K init, 158K bss, 11028K reserved, 0K cma-reserved)
[    0.000000] NR_IRQS:256
[    0.000000] CPU frequency 200.00 MHz
[    0.000000] clocksource MIPS: mask: 0xffffffff max_cycles: 0xffffffff, max_idle_ns: 19112397483 ns
[    0.000152] sched_clock: 32 bits at 100MHz, resolution 9ns, wraps every 21474604027ns
[    0.010305] Console: colour dummy device 80x25
[    0.011105] Calibrating delay loop... 39.87 BogoMIPS (lpj=79744)
[    0.061426] pid_max: default: 32768 minimum: 301
[    0.064357] Mount-cache hash table entries: 1024 (order: 0, 4096 bytes)
[    0.064736] Mountpoint-cache hash table entries: 1024 (order: 0, 4096 bytes)
[    0.111071] clocksource jiffies: mask: 0xffffffff max_cycles: 0xffffffff, max_idle_ns: 7645041785100000 ns
[    0.118785] NET: Registered protocol family 16
[    0.316659] clocksource pit: mask: 0xffffffff max_cycles: 0xffffffff, max_idle_ns: 1601818034827 ns
[    0.425686] vgaarb: loaded
[    0.429790] SCSI subsystem initialized
[    0.431488] libata version 3.00 loaded.
[    0.434651] usbcore: registered new interface driver usbfs
[    0.435663] usbcore: registered new interface driver hub
[    0.436544] usbcore: registered new device driver usb
[    0.438452] pps_core: LinuxPPS API ver. 1 registered
[    0.438748] pps_core: Software ver. 5.3.6 - Copyright 2005-2007 Rodolfo Giometti <giometti@linux.it>
[    0.439435] PTP clock support registered
[    0.442897] PCI host bridge to bus 0000:00
[    0.443488] pci_bus 0000:00: root bus resource [mem 0x10000000-0x17ffffff]
[    0.443943] pci_bus 0000:00: root bus resource [io  0x1000-0x1fffff]
[    0.444387] pci_bus 0000:00: root bus resource [??? 0x00000000 flags 0x0]
[    0.444956] pci_bus 0000:00: No busn resource found for root bus, will use [bus 00-ff]
[    0.445920] pci 0000:00:00.0: [11ab:4620] type 00 class 0x060000
[    0.446607] pci 0000:00:00.0: [Firmware Bug]: reg 0x14: invalid BAR (can't size)
[    0.447029] pci 0000:00:00.0: [Firmware Bug]: reg 0x18: invalid BAR (can't size)
[    0.447450] pci 0000:00:00.0: [Firmware Bug]: reg 0x1c: invalid BAR (can't size)
[    0.447871] pci 0000:00:00.0: [Firmware Bug]: reg 0x20: invalid BAR (can't size)
[    0.448304] pci 0000:00:00.0: [Firmware Bug]: reg 0x24: invalid BAR (can't size)
[    0.451253] pci 0000:00:0a.0: [8086:7110] type 00 class 0x060100
[    0.453828] pci 0000:00:0a.1: [8086:7111] type 00 class 0x010180
[    0.454396] pci 0000:00:0a.1: reg 0x20: [io  0x0000-0x000f]
[    0.454835] pci 0000:00:0a.1: legacy IDE quirk: reg 0x10: [io  0x01f0-0x01f7]
[    0.455256] pci 0000:00:0a.1: legacy IDE quirk: reg 0x14: [io  0x03f6]
[    0.455675] pci 0000:00:0a.1: legacy IDE quirk: reg 0x18: [io  0x0170-0x0177]
[    0.456095] pci 0000:00:0a.1: legacy IDE quirk: reg 0x1c: [io  0x0376]
[    0.458467] pci 0000:00:0a.2: [8086:7112] type 00 class 0x0c0300
[    0.458959] pci 0000:00:0a.2: reg 0x20: [io  0x0000-0x001f]
[    0.461233] pci 0000:00:0a.3: [8086:7113] type 00 class 0x068000
[    0.462295] pci 0000:00:0a.3: quirk: [io  0x1000-0x103f] claimed by PIIX4 ACPI
[    0.462759] pci 0000:00:0a.3: quirk: [io  0x1100-0x110f] claimed by PIIX4 SMB
[    0.465029] pci 0000:00:12.0: [1013:00b8] type 00 class 0x030000
[    0.465489] pci 0000:00:12.0: reg 0x10: [mem 0x00000000-0x01ffffff pref]
[    0.466041] pci 0000:00:12.0: reg 0x14: [mem 0x00000000-0x00000fff]
[    0.466519] pci 0000:00:12.0: reg 0x30: [mem 0x00000000-0x0000ffff pref]
[    0.468388] vgaarb: device added: PCI:0000:00:12.0,decodes=io+mem,owns=none,locks=none
[    0.469298] pci 0000:00:13.0: [8086:100e] type 00 class 0x020000
[    0.469743] pci 0000:00:13.0: reg 0x10: [mem 0x00000000-0x0001ffff]
[    0.470258] pci 0000:00:13.0: reg 0x14: [io  0x0000-0x003f]
[    0.470715] pci 0000:00:13.0: reg 0x30: [mem 0x00000000-0x0003ffff pref]
[    0.472867] pci 0000:00:14.0: [8086:100e] type 00 class 0x020000
[    0.473305] pci 0000:00:14.0: reg 0x10: [mem 0x00000000-0x0001ffff]
[    0.473712] pci 0000:00:14.0: reg 0x14: [io  0x0000-0x003f]
[    0.474160] pci 0000:00:14.0: reg 0x30: [mem 0x00000000-0x0003ffff pref]
[    0.476503] pci 0000:00:15.0: [8086:100e] type 00 class 0x020000
[    0.476938] pci 0000:00:15.0: reg 0x10: [mem 0x00000000-0x0001ffff]
[    0.477345] pci 0000:00:15.0: reg 0x14: [io  0x0000-0x003f]
[    0.477795] pci 0000:00:15.0: reg 0x30: [mem 0x00000000-0x0003ffff pref]
[    0.480083] pci 0000:00:16.0: [8086:100e] type 00 class 0x020000
[    0.480532] pci 0000:00:16.0: reg 0x10: [mem 0x00000000-0x0001ffff]
[    0.480940] pci 0000:00:16.0: reg 0x14: [io  0x0000-0x003f]
[    0.481394] pci 0000:00:16.0: reg 0x30: [mem 0x00000000-0x0003ffff pref]
[    0.483845] pci_bus 0000:00: busn_res: [bus 00-ff] end is updated to 00
[    0.484977] pci 0000:00:12.0: BAR 0: assigned [mem 0x10000000-0x11ffffff pref]
[    0.485536] pci 0000:00:13.0: BAR 6: assigned [mem 0x12000000-0x1203ffff pref]
[    0.486032] pci 0000:00:14.0: BAR 6: assigned [mem 0x12040000-0x1207ffff pref]
[    0.486499] pci 0000:00:15.0: BAR 6: assigned [mem 0x12080000-0x120bffff pref]
[    0.487055] pci 0000:00:16.0: BAR 6: assigned [mem 0x120c0000-0x120fffff pref]
[    0.487522] pci 0000:00:13.0: BAR 0: assigned [mem 0x12100000-0x1211ffff]
[    0.487985] pci 0000:00:14.0: BAR 0: assigned [mem 0x12120000-0x1213ffff]
[    0.488447] pci 0000:00:15.0: BAR 0: assigned [mem 0x12140000-0x1215ffff]
[    0.488910] pci 0000:00:16.0: BAR 0: assigned [mem 0x12160000-0x1217ffff]
[    0.489375] pci 0000:00:12.0: BAR 6: assigned [mem 0x12180000-0x1218ffff pref]
[    0.489834] pci 0000:00:12.0: BAR 1: assigned [mem 0x12190000-0x12190fff]
[    0.490308] pci 0000:00:13.0: BAR 1: assigned [io  0x1040-0x107f]
[    0.490748] pci 0000:00:14.0: BAR 1: assigned [io  0x1080-0x10bf]
[    0.491259] pci 0000:00:15.0: BAR 1: assigned [io  0x10c0-0x10ff]
[    0.491701] pci 0000:00:16.0: BAR 1: assigned [io  0x1400-0x143f]
[    0.492141] pci 0000:00:0a.2: BAR 4: assigned [io  0x1440-0x145f]
[    0.492565] pci 0000:00:0a.1: BAR 4: assigned [io  0x1460-0x146f]
[    0.505163] cfg80211: Calling CRDA to update world regulatory domain
[    0.514792] Switched to clocksource MIPS
[    0.596183] NET: Registered protocol family 2
[    0.604788] TCP established hash table entries: 2048 (order: 1, 8192 bytes)
[    0.605615] TCP bind hash table entries: 2048 (order: 1, 8192 bytes)
[    0.606395] TCP: Hash tables configured (established 2048 bind 2048)
[    0.607302] UDP hash table entries: 256 (order: 0, 4096 bytes)
[    0.607802] UDP-Lite hash table entries: 256 (order: 0, 4096 bytes)
[    0.610542] NET: Registered protocol family 1
[    0.611845] PCI: Enabling device 0000:00:0a.2 (0000 -> 0001)
[    0.612897] PCI: CLS 0 bytes, default 16
[    0.635924] futex hash table entries: 256 (order: -1, 3072 bytes)
[    0.647476] squashfs: version 4.0 (2009/01/31) Phillip Lougher
[    0.649218] jffs2: version 2.2. (NAND) Â© 2001-2006 Red Hat, Inc.
[    0.651898] romfs: ROMFS MTD (C) 2007 Red Hat, Inc.
[    0.668875] Block layer SCSI generic (bsg) driver version 0.4 loaded (major 251)
[    0.669358] io scheduler noop registered
[    0.669858] io scheduler cfq registered (default)
[    0.670564] firmadyne: devfs: 1, execute: 1, procfs: 1, syscall: 1
[    0.674867] firmadyne: Cannot register character device: gpio, 0xfc, 0x0!
[    0.680987] firmadyne: Cannot register character device: watchdog, 0xa, 0x82!
[    0.681366] firmadyne: Cannot register character device: wdt, 0xfd, 0x0!
[    1.904115] strName = 4.1.17+
[    1.904115] init_task_addr  = 2155778944
[    1.904115] init_task_size  = 1296
[    1.904115] ts_tasks        = 292
[    1.904115] ts_pid          = 408
[    1.904115] ts_tgid         = 412
[    1.904115] ts_group_leader = 440
[    1.904115] ts_thread_group = 496
[    1.904115] ts_real_parent  = 416
[    1.904115] ts_mm           = 300
[    1.904115] ts_stack        = 4
[    1.905834] module_name   = 12
[    1.905834] module_size   = 208
[    1.905834] module_init   = 200
[    1.905834] module_list   = 4
[    1.906523] ts_real_cred    = 624
[    1.906523] ts_cred         = 628
[    1.906523] ts_comm         = 632
[    1.906523] cred_uid        = 4
[    1.906523] cred_gid        = 8
[    1.906523] cred_euid       = 20
[    1.906523] cred_egid       = 24
[    1.907857] mm_mmap         = 0
[    1.907857] mm_pgd          = 32
[    1.907857] mm_arg_start    = 136
[    1.907857] mm_start_brk    = 124
[    1.907857] mm_brk          = 128
[    1.907857] mm_start_stack  = 132
[    1.908839] vma_vm_start    = 0
[    1.908839] vma_vm_end      = 4
[    1.908839] vma_vm_next     = 8
[    1.908839] vma_vm_file     = 80
[    1.908839] vma_vm_flags    = 40
[    1.908839] vma_vm_pgoff    = 76
[    1.909810] file_dentry     = 12
[    1.909810] file_inode      = 40
[    1.909810] dentry_d_name   = 24
[    1.909810] dentry_d_iname  = 44
[    1.909810] dentry_d_parent = 16
[    1.909810] ti_task         = 0
[    1.909810] inode_ino   = 28
[    2.666766] proc_fork_connector  = 2151078840
[    2.667174] proc_exit_connector  = 2151080432
[    2.667440] proc_exec_connector  = 2151079052
[    2.667695] vma_link  = 2149124372
[    2.667918] vma_adjust  = 2149124540
[    2.668145] remove_vma  = 2149122188
[    2.668375] modules  = 2155833724
[    2.668594] trim_init_extable  = 2150545316
[    2.671458] PCI: Enabling device 0000:00:12.0 (0000 -> 0002)
[    2.672467] cirrusfb 0000:00:12.0: Cirrus Logic chipset on PCI bus, RAM (4096 kB) at 0x10000000
[    2.892198] Console: switching to colour frame buffer device 80x30
[    2.942380] Serial: 8250/16550 driver, 4 ports, IRQ sharing enabled
[    2.953126] console [ttyS0] disabled
[    2.978550] serial8250.0: ttyS0 at I/O 0x3f8 (irq = 4, base_baud = 115200) is a 16550A
[    2.979629] console [ttyS0] enabled
[    2.979629] console [ttyS0] enabled
[    2.980068] bootconsole [uart0] disabled
[    2.980068] bootconsole [uart0] disabled
[    3.007660] serial8250.0: ttyS1 at I/O 0x2f8 (irq = 3, base_baud = 115200) is a 16550A
[    3.097569] brd: module loaded
[    3.144757] loop: module loaded
[    3.149649] ata_piix 0000:00:0a.1: version 2.13
[    3.150086] PCI: Enabling device 0000:00:0a.1 (0000 -> 0001)
[    3.169148] scsi host0: ata_piix
[    3.173398] scsi host1: ata_piix
[    3.176315] ata1: PATA max UDMA/33 cmd 0x1f0 ctl 0x3f6 bmdma 0x1460 irq 14
[    3.176716] ata2: PATA max UDMA/33 cmd 0x170 ctl 0x376 bmdma 0x1468 irq 15
[    3.181716] [nandsim] warning: read_byte: unexpected data output cycle, state is STATE_READY return 0x0
[    3.182172] [nandsim] warning: read_byte: unexpected data output cycle, state is STATE_READY return 0x0
[    3.182619] [nandsim] warning: read_byte: unexpected data output cycle, state is STATE_READY return 0x0
[    3.183193] [nandsim] warning: read_byte: unexpected data output cycle, state is STATE_READY return 0x0
[    3.183635] [nandsim] warning: read_byte: unexpected data output cycle, state is STATE_READY return 0x0
[    3.184077] [nandsim] warning: read_byte: unexpected data output cycle, state is STATE_READY return 0x0
[    3.184646] nand: device found, Manufacturer ID: 0x98, Chip ID: 0x39
[    3.184988] nand: Toshiba NAND 128MiB 1,8V 8-bit
[    3.185302] nand: 128 MiB, SLC, erase size: 16 KiB, page size: 512, OOB size: 16
[    3.186587] flash size: 128 MiB
[    3.186899] page size: 512 bytes
[    3.187100] OOB area size: 16 bytes
[    3.187309] sector size: 16 KiB
[    3.187501] pages number: 262144
[    3.187696] pages per sector: 32
[    3.187886] bus width: 8
[    3.188058] bits in sector size: 14
[    3.188262] bits in page size: 9
[    3.188460] bits in OOB size: 4
[    3.188657] flash size with OOB: 135168 KiB
[    3.188883] page address bytes: 4
[    3.189080] sector address bytes: 3
[    3.189285] options: 0x42
[    3.249268] Scanning device for bad blocks
[    4.104983] cfg80211: Calling CRDA to update world regulatory domain
[    4.108900] ata2.01: NODEV after polling detection
[    4.109465] ata1.01: NODEV after polling detection
[    4.110917] ata2.00: ATAPI: QEMU DVD-ROM, 2.5+, max UDMA/100
[    4.112504] ata1.00: ATA-7: QEMU HARDDISK, 2.5+, max UDMA/100
[    4.112861] ata1.00: 2097152 sectors, multi 16: LBA48 
[    4.114390] ata2.00: configured for UDMA/33
[    4.119521] ata1.00: configured for UDMA/33
[    4.126118] scsi 0:0:0:0: Direct-Access     ATA      QEMU HARDDISK    2.5+ PQ: 0 ANSI: 5
[    4.138487] sd 0:0:0:0: [sda] 2097152 512-byte logical blocks: (1.07 GB/1.00 GiB)
[    4.139828] scsi 1:0:0:0: CD-ROM            QEMU     QEMU DVD-ROM     2.5+ PQ: 0 ANSI: 5
[    4.149684] sd 0:0:0:0: [sda] Write Protect is off
[    4.150082] sd 0:0:0:0: [sda] Mode Sense: 00 3a 00 00
[    4.151346] sd 0:0:0:0: [sda] Write cache: enabled, read cache: enabled, doesn't support DPO or FUA
[    4.160263] Creating 11 MTD partitions on "NAND 128MiB 1,8V 8-bit":
[    4.160780] 0x000000000000-0x000000100000 : "NAND simulator partition 0"
[    4.169338] 0x000000100000-0x000000200000 : "NAND simulator partition 1"
[    4.177368] 0x000000200000-0x000000300000 : "NAND simulator partition 2"
[    4.185470] 0x000000300000-0x000000400000 : "NAND simulator partition 3"
[    4.193619] 0x000000400000-0x000000500000 : "NAND simulator partition 4"
[    4.201825] 0x000000500000-0x000000600000 : "NAND simulator partition 5"
[    4.210273] 0x000000600000-0x000000700000 : "NAND simulator partition 6"
[    4.218762] 0x000000700000-0x000000800000 : "NAND simulator partition 7"
[    4.227422] 0x000000800000-0x000000900000 : "NAND simulator partition 8"
[    4.235419] 0x000000900000-0x000000a00000 : "NAND simulator partition 9"
[    4.243309] 0x000000a00000-0x000008000000 : "NAND simulator partition 10"
[    4.277107] tun: Universal TUN/TAP device driver, 1.6
[    4.277399] tun: (C) 1999-2004 Max Krasnyansky <maxk@qualcomm.com>
[    4.280240] pcnet32: pcnet32.c:v1.35 21.Apr.2008 tsbogend@alpha.franken.de
[    4.281305] e1000: Intel(R) PRO/1000 Network Driver - version 7.3.21-k8-NAPI
[    4.281653] e1000: Copyright (c) 1999-2006 Intel Corporation.
[    4.282380] PCI: Enabling device 0000:00:13.0 (0000 -> 0003)
[    4.291170]  sda: sda1
[    4.301497] sd 0:0:0:0: [sda] Attached SCSI disk
[    4.577746] e1000 0000:00:13.0 eth0: (PCI:33MHz:32-bit) 52:54:00:12:34:56
[    4.578336] e1000 0000:00:13.0 eth0: Intel(R) PRO/1000 Network Connection
[    4.579031] PCI: Enabling device 0000:00:14.0 (0000 -> 0003)
[    4.868232] e1000 0000:00:14.0 eth1: (PCI:33MHz:32-bit) 52:54:00:12:34:57
[    4.868701] e1000 0000:00:14.0 eth1: Intel(R) PRO/1000 Network Connection
[    4.869288] PCI: Enabling device 0000:00:15.0 (0000 -> 0003)
[    5.155608] e1000 0000:00:15.0 eth2: (PCI:33MHz:32-bit) 52:54:00:12:34:58
[    5.156094] e1000 0000:00:15.0 eth2: Intel(R) PRO/1000 Network Connection
[    5.156675] PCI: Enabling device 0000:00:16.0 (0000 -> 0003)
[    5.443233] e1000 0000:00:16.0 eth3: (PCI:33MHz:32-bit) 52:54:00:12:34:59
[    5.443714] e1000 0000:00:16.0 eth3: Intel(R) PRO/1000 Network Connection
[    5.444854] e1000e: Intel(R) PRO/1000 Network Driver - 2.3.2-k
[    5.447822] e1000e: Copyright(c) 1999 - 2014 Intel Corporation.
[    5.451572] PPP generic driver version 2.4.2
[    5.453369] PPP Deflate Compression module registered
[    5.453923] PPP MPPE Compression module registered
[    5.454265] NET: Registered protocol family 24
[    5.455004] ehci_hcd: USB 2.0 'Enhanced' Host Controller (EHCI) Driver
[    5.455425] ehci-pci: EHCI PCI platform driver
[    5.456369] ohci_hcd: USB 1.1 'Open' Host Controller (OHCI) Driver
[    5.456849] ohci-pci: OHCI PCI platform driver
[    5.457775] uhci_hcd: USB Universal Host Controller Interface driver
[    5.459294] uhci_hcd 0000:00:0a.2: UHCI Host Controller
[    5.459940] uhci_hcd 0000:00:0a.2: new USB bus registered, assigned bus number 1
[    5.460804] uhci_hcd 0000:00:0a.2: irq 11, io base 0x00001440
[    5.469916] hub 1-0:1.0: USB hub found
[    5.470545] hub 1-0:1.0: 2 ports detected
[    5.477912] usbcore: registered new interface driver usb-storage
[    5.481387] mousedev: PS/2 mouse device common for all mice
[    5.487364] rtc_cmos rtc_cmos: rtc core: registered rtc_cmos as rtc0
[    5.488013] rtc_cmos rtc_cmos: alarms up to one day, 242 bytes nvram
[    5.489223] i2c /dev entries driver
[    5.490247] piix4_smbus 0000:00:0a.3: SMBus Host Controller at 0x1100, revision 0
[    5.494125] sdhci: Secure Digital Host Controller Interface driver
[    5.494445] sdhci: Copyright(c) Pierre Ossman
[    5.496419] hidraw: raw HID events driver (C) Jiri Kosina
[    5.511546] usbcore: registered new interface driver usbhid
[    5.511839] usbhid: USB HID core driver
[    5.512733] Netfilter messages via NETLINK v0.30.
[    5.513821] nf_conntrack version 0.5.0 (3923 buckets, 15692 max)
[    5.516602] ctnetlink v0.93: registering with nfnetlink.
[    5.521188] ipip: IPv4 over IPv4 tunneling driver
[    5.531319] ip_tables: (C) 2000-2006 Netfilter Core Team
[    5.533575] arp_tables: (C) 2002 David S. Miller
[    5.535192] Initializing XFRM netlink socket
[    5.536158] NET: Registered protocol family 10
[    5.552122] ip6_tables: (C) 2000-2006 Netfilter Core Team
[    5.555221] sit: IPv6 over IPv4 tunneling driver
[    5.569433] NET: Registered protocol family 17
[    5.570203] bridge: automatic filtering via arp/ip/ip6tables has been deprecated. Update your scripts to load br_netfilter if you need this.
[    5.571225] Bridge firewalling registered
[    5.571573] Ebtables v2.0 registered
[    5.575162] 8021q: 802.1Q VLAN Support v1.8
[    5.592952] rtc_cmos rtc_cmos: setting system clock to 2025-07-23 21:53:05 UTC (1753307585)
[    5.611262] EXT2-fs (sda1): warning: mounting unchecked fs, running e2fsck is recommended
[    5.613135] VFS: Mounted root (ext2 filesystem) on device 8:1.
[    5.620846] Freeing YAMON memory: 956k freed
[    5.630174] Freeing unused kernel memory: 260K (8081f000 - 80860000)
[    5.663603] firmadyne: sys_reboot[PID: 1 (init)]: magic1:fee1dead, magic2:28121969, cmd:0
init started: BusyBox v1.14.1 (2024-07-07 02:43:58 CEST)
starting pid 48, tty '': '/etc/init.d/rcS'
[    5.734960] firmadyne: do_execve: /firmadyne/console
[    5.735452] OFFSETS: offset of pid: 0x198 offset of comm: 0x278
[/etc/init.d/S03config.sh]
[    5.814966] spurious 8259A interrupt: IRQ7.
Mounting proc and var ...
[    7.247279] cfg80211: Calling CRDA to update world regulatory domain
SymbLink /dev/mtdblock/0
SymbLink /dev/mtdblock/1
SymbLink /dev/mtdblock/10
SymbLink /dev/mtdblock/2
SymbLink /dev/mtdblock/3
SymbLink /dev/mtdblock/4
SymbLink /dev/mtdblock/5
SymbLink /dev/mtdblock/6
SymbLink /dev/mtdblock/7
SymbLink /dev/mtdblock/8
SymbLink /dev/mtdblock/9
Inserting kernel modules ...
Inserting Rebootm ...
Inserting atheros ethernet ...
Inserting gpio ...
done.
Start xmldb ...
[   10.143274] firmadyne: sys_socket[PID: 146 (xmldb)]: family:1, type:2, protocol:0
[   10.392828] cfg80211: Calling CRDA to update world regulatory domain
[/etc/scripts/misc/profile.sh] get ...
DEVCONF: unable to read config data (ret=-3) !
CAN NOT get devive config, generate default!
[/etc/scripts/misc/profile.sh] reset ...
[   11.495686] firmadyne: sys_socket[PID: 159 (rgdb)]: family:1, type:2, protocol:0
[   11.622813] random: nonblocking pool is initialized
[/etc/scripts/misc/defnodes.sh] ...
[/etc/defnodes/S10setext.sh] ...
[   11.767364] firmadyne: sys_socket[PID: 165 (xmldbc)]: family:1, type:2, protocol:0
[   11.806662] firmadyne: sys_socket[PID: 166 (xmldbc)]: family:1, type:2, protocol:0
[   11.845798] firmadyne: sys_socket[PID: 167 (xmldbc)]: family:1, type:2, protocol:0
[   11.885732] firmadyne: sys_socket[PID: 168 (xmldbc)]: family:1, type:2, protocol:0
[   11.925157] firmadyne: sys_socket[PID: 169 (xmldbc)]: family:1, type:2, protocol:0
[   11.964417] firmadyne: sys_socket[PID: 170 (xmldbc)]: family:1, type:2, protocol:0
[   12.003936] firmadyne: sys_socket[PID: 171 (xmldbc)]: family:1, type:2, protocol:0
[   12.043316] firmadyne: sys_socket[PID: 172 (xmldbc)]: family:1, type:2, protocol:0
[   12.083365] firmadyne: sys_socket[PID: 173 (xmldbc)]: family:1, type:2, protocol:0
[   12.122673] firmadyne: sys_socket[PID: 174 (xmldbc)]: family:1, type:2, protocol:0
[   12.161777] firmadyne: sys_socket[PID: 175 (xmldbc)]: family:1, type:2, protocol:0
[   12.201272] firmadyne: sys_socket[PID: 176 (xmldbc)]: family:1, type:2, protocol:0
[   12.240664] firmadyne: sys_socket[PID: 177 (xmldbc)]: family:1, type:2, protocol:0
[   12.280892] firmadyne: sys_socket[PID: 178 (xmldbc)]: family:1, type:2, protocol:0
[   12.320756] firmadyne: sys_socket[PID: 179 (xmldbc)]: family:1, type:2, protocol:0
[   12.360428] firmadyne: sys_socket[PID: 180 (xmldbc)]: family:1, type:2, protocol:0
[   12.400677] firmadyne: sys_socket[PID: 181 (xmldbc)]: family:1, type:2, protocol:0
[   12.440859] firmadyne: sys_socket[PID: 182 (xmldbc)]: family:1, type:2, protocol:0
[   12.482211] firmadyne: sys_socket[PID: 183 (xmldbc)]: family:1, type:2, protocol:0
[   12.522595] firmadyne: sys_socket[PID: 184 (xmldbc)]: family:1, type:2, protocol:0
[   12.562550] firmadyne: sys_socket[PID: 185 (xmldbc)]: family:1, type:2, protocol:0
[   12.603125] firmadyne: sys_socket[PID: 186 (rgdb)]: family:1, type:2, protocol:0
[   12.643837] firmadyne: sys_socket[PID: 187 (rgdb)]: family:1, type:2, protocol:0
[   12.685350] firmadyne: sys_socket[PID: 188 (rgdb)]: family:1, type:2, protocol:0
[   12.726071] firmadyne: sys_socket[PID: 189 (rgdb)]: family:1, type:2, protocol:0
[   12.766813] firmadyne: sys_socket[PID: 190 (rgdb)]: family:1, type:2, protocol:0
[   12.807329] firmadyne: sys_socket[PID: 191 (rgdb)]: family:1, type:2, protocol:0
[   12.848273] firmadyne: sys_socket[PID: 192 (rgdb)]: family:1, type:2, protocol:0
[   12.889294] firmadyne: sys_socket[PID: 193 (rgdb)]: family:1, type:2, protocol:0
[   12.928750] firmadyne: sys_socket[PID: 194 (rgdb)]: family:1, type:2, protocol:0
[   12.968988] firmadyne: sys_socket[PID: 195 (rgdb)]: family:1, type:2, protocol:0
[   13.009852] firmadyne: sys_socket[PID: 196 (rgdb)]: family:1, type:2, protocol:0
[   13.053241] firmadyne: sys_socket[PID: 197 (rgdb)]: family:1, type:2, protocol:0
[   13.094600] firmadyne: sys_socket[PID: 198 (rgdb)]: family:1, type:2, protocol:0
[   13.134658] firmadyne: sys_socket[PID: 199 (rgdb)]: family:1, type:2, protocol:0
[   13.223559] firmadyne: sys_socket[PID: 201 (xmldbc)]: family:1, type:2, protocol:0
[   13.264434] firmadyne: sys_socket[PID: 202 (xmldbc)]: family:1, type:2, protocol:0
[   13.306520] firmadyne: sys_socket[PID: 203 (xmldbc)]: family:1, type:2, protocol:0
[   13.347254] firmadyne: sys_socket[PID: 204 (xmldbc)]: family:1, type:2, protocol:0
[   13.388115] firmadyne: sys_socket[PID: 205 (xmldbc)]: family:1, type:2, protocol:0
[   13.429405] firmadyne: sys_socket[PID: 206 (xmldbc)]: family:1, type:2, protocol:0
[   13.470510] firmadyne: sys_socket[PID: 207 (xmldbc)]: family:1, type:2, protocol:0
[   13.512247] firmadyne: sys_socket[PID: 208 (xmldbc)]: family:1, type:2, protocol:0
[   13.539068] cfg80211: Calling CRDA to update world regulatory domain
[   13.563006] firmadyne: sys_socket[PID: 209 (xmldbc)]: family:1, type:2, protocol:0
[   13.604022] firmadyne: sys_socket[PID: 211 (xmldbc)]: family:1, type:2, protocol:0
[   13.645052] firmadyne: sys_socket[PID: 212 (xmldbc)]: family:1, type:2, protocol:0
[   13.686617] firmadyne: sys_socket[PID: 213 (xmldbc)]: family:1, type:2, protocol:0
[   13.727383] firmadyne: sys_socket[PID: 214 (xmldbc)]: family:1, type:2, protocol:0
[   13.768425] firmadyne: sys_socket[PID: 215 (xmldbc)]: family:1, type:2, protocol:0
[   13.808962] firmadyne: sys_socket[PID: 216 (xmldbc)]: family:1, type:2, protocol:0
[   13.849116] firmadyne: sys_socket[PID: 217 (xmldbc)]: family:1, type:2, protocol:0
[   13.890693] firmadyne: sys_socket[PID: 218 (xmldbc)]: family:1, type:2, protocol:0
[   13.931236] firmadyne: sys_socket[PID: 219 (xmldbc)]: family:1, type:2, protocol:0
[   14.081975] firmadyne: sys_socket[PID: 224 (xmldbc)]: family:1, type:2, protocol:0
[   14.122031] firmadyne: sys_socket[PID: 225 (xmldbc)]: family:1, type:2, protocol:0
[   14.162490] firmadyne: sys_socket[PID: 226 (xmldbc)]: family:1, type:2, protocol:0
[   14.203340] firmadyne: sys_socket[PID: 227 (xmldbc)]: family:1, type:2, protocol:0
[   14.243565] firmadyne: sys_socket[PID: 228 (xmldbc)]: family:1, type:2, protocol:0
[   14.284518] firmadyne: sys_socket[PID: 229 (xmldbc)]: family:1, type:2, protocol:0
[   14.323514] firmadyne: sys_socket[PID: 230 (xmldbc)]: family:1, type:2, protocol:0
[   14.362252] firmadyne: sys_socket[PID: 231 (xmldbc)]: family:1, type:2, protocol:0
[   14.401135] firmadyne: sys_socket[PID: 232 (xmldbc)]: family:1, type:2, protocol:0
[   14.440660] firmadyne: sys_socket[PID: 233 (xmldbc)]: family:1, type:2, protocol:0
[   14.480680] firmadyne: sys_socket[PID: 234 (xmldbc)]: family:1, type:2, protocol:0
[   14.520319] firmadyne: sys_socket[PID: 235 (xmldbc)]: family:1, type:2, protocol:0
[   14.559414] firmadyne: sys_socket[PID: 236 (xmldbc)]: family:1, type:2, protocol:0
[   14.598278] firmadyne: sys_socket[PID: 237 (xmldbc)]: family:1, type:2, protocol:0
[   14.637482] firmadyne: sys_socket[PID: 238 (xmldbc)]: family:1, type:2, protocol:0
[   14.677125] firmadyne: sys_socket[PID: 239 (xmldbc)]: family:1, type:2, protocol:0
[   14.712067] firmadyne: sys_socket[PID: 240 (xmldbc)]: family:1, type:2, protocol:0
[   14.750170] firmadyne: sys_socket[PID: 241 (xmldbc)]: family:1, type:2, protocol:0
[   14.788331] firmadyne: sys_socket[PID: 242 (xmldbc)]: family:1, type:2, protocol:0
[   14.879716] firmadyne: sys_socket[PID: 246 (xmldbc)]: family:1, type:2, protocol:0
[   14.918421] firmadyne: sys_socket[PID: 247 (xmldbc)]: family:1, type:2, protocol:0
[   14.953802] firmadyne: sys_socket[PID: 248 (xmldbc)]: family:1, type:2, protocol:0
[   14.993038] firmadyne: sys_socket[PID: 249 (xmldbc)]: family:1, type:2, protocol:0
[   15.033627] firmadyne: sys_socket[PID: 250 (xmldbc)]: family:1, type:2, protocol:0
[   15.073709] firmadyne: sys_socket[PID: 251 (xmldbc)]: family:1, type:2, protocol:0
[   15.114497] firmadyne: sys_socket[PID: 252 (xmldbc)]: family:1, type:2, protocol:0
[   15.153477] firmadyne: sys_socket[PID: 253 (xmldbc)]: family:1, type:2, protocol:0
[   15.192703] firmadyne: sys_socket[PID: 254 (xmldbc)]: family:1, type:2, protocol:0
[   15.232340] firmadyne: sys_socket[PID: 255 (xmldbc)]: family:1, type:2, protocol:0
[   15.271651] firmadyne: sys_socket[PID: 256 (xmldbc)]: family:1, type:2, protocol:0
[   15.312381] firmadyne: sys_socket[PID: 257 (xmldbc)]: family:1, type:2, protocol:0
[   15.352052] firmadyne: sys_socket[PID: 258 (xmldbc)]: family:1, type:2, protocol:0
[   15.392087] firmadyne: sys_socket[PID: 259 (xmldbc)]: family:1, type:2, protocol:0
[   15.432292] firmadyne: sys_socket[PID: 260 (xmldbc)]: family:1, type:2, protocol:0
[   15.472601] firmadyne: sys_socket[PID: 261 (xmldbc)]: family:1, type:2, protocol:0
[   15.512961] firmadyne: sys_socket[PID: 262 (xmldbc)]: family:1, type:2, protocol:0
[   15.552696] firmadyne: sys_socket[PID: 263 (xmldbc)]: family:1, type:2, protocol:0
[   15.591651] firmadyne: sys_socket[PID: 264 (xmldbc)]: family:1, type:2, protocol:0
[   15.693850] firmadyne: sys_socket[PID: 268 (xmldbc)]: family:1, type:2, protocol:0
[   15.733602] firmadyne: sys_socket[PID: 269 (xmldbc)]: family:1, type:2, protocol:0
[   15.773362] firmadyne: sys_socket[PID: 270 (xmldbc)]: family:1, type:2, protocol:0
[   15.812824] firmadyne: sys_socket[PID: 271 (xmldbc)]: family:1, type:2, protocol:0
[   15.852534] firmadyne: sys_socket[PID: 272 (xmldbc)]: family:1, type:2, protocol:0
[   15.893326] firmadyne: sys_socket[PID: 273 (xmldbc)]: family:1, type:2, protocol:0
[   15.939405] firmadyne: sys_socket[PID: 274 (xmldbc)]: family:1, type:2, protocol:0
[   15.978877] firmadyne: sys_socket[PID: 275 (xmldbc)]: family:1, type:2, protocol:0
[   16.018659] firmadyne: sys_socket[PID: 276 (xmldbc)]: family:1, type:2, protocol:0
[   16.062167] firmadyne: sys_socket[PID: 277 (xmldbc)]: family:1, type:2, protocol:0
[   16.103751] firmadyne: sys_socket[PID: 278 (xmldbc)]: family:1, type:2, protocol:0
[   16.144076] firmadyne: sys_socket[PID: 279 (xmldbc)]: family:1, type:2, protocol:0
[   16.184358] firmadyne: sys_socket[PID: 280 (xmldbc)]: family:1, type:2, protocol:0
[   16.223917] firmadyne: sys_socket[PID: 281 (xmldbc)]: family:1, type:2, protocol:0
[   16.263737] firmadyne: sys_socket[PID: 282 (xmldbc)]: family:1, type:2, protocol:0
[   16.304976] firmadyne: sys_socket[PID: 283 (xmldbc)]: family:1, type:2, protocol:0
[   16.345420] firmadyne: sys_socket[PID: 284 (xmldbc)]: family:1, type:2, protocol:0
[   16.385954] firmadyne: sys_socket[PID: 285 (xmldbc)]: family:1, type:2, protocol:0
[   16.426010] firmadyne: sys_socket[PID: 286 (xmldbc)]: family:1, type:2, protocol:0
[   16.519612] firmadyne: sys_socket[PID: 290 (xmldbc)]: family:1, type:2, protocol:0
[   16.559336] firmadyne: sys_socket[PID: 291 (xmldbc)]: family:1, type:2, protocol:0
[   16.599181] firmadyne: sys_socket[PID: 292 (xmldbc)]: family:1, type:2, protocol:0
[   16.639720] firmadyne: sys_socket[PID: 293 (xmldbc)]: family:1, type:2, protocol:0
[   16.680557] firmadyne: sys_socket[PID: 294 (xmldbc)]: family:1, type:2, protocol:0
[   16.683272] cfg80211: Calling CRDA to update world regulatory domain
[   16.730057] firmadyne: sys_socket[PID: 296 (xmldbc)]: family:1, type:2, protocol:0
[   16.774571] firmadyne: sys_socket[PID: 297 (xmldbc)]: family:1, type:2, protocol:0
[   16.816457] firmadyne: sys_socket[PID: 298 (xmldbc)]: family:1, type:2, protocol:0
[   16.856704] firmadyne: sys_socket[PID: 299 (xmldbc)]: family:1, type:2, protocol:0
[   16.897803] firmadyne: sys_socket[PID: 300 (xmldbc)]: family:1, type:2, protocol:0
[   16.938134] firmadyne: sys_socket[PID: 301 (xmldbc)]: family:1, type:2, protocol:0
[   16.978711] firmadyne: sys_socket[PID: 302 (xmldbc)]: family:1, type:2, protocol:0
[   17.019567] firmadyne: sys_socket[PID: 303 (xmldbc)]: family:1, type:2, protocol:0
[   17.060100] firmadyne: sys_socket[PID: 304 (xmldbc)]: family:1, type:2, protocol:0
[   17.101634] firmadyne: sys_socket[PID: 305 (xmldbc)]: family:1, type:2, protocol:0
[   17.142215] firmadyne: sys_socket[PID: 306 (xmldbc)]: family:1, type:2, protocol:0
[   17.182567] firmadyne: sys_socket[PID: 307 (xmldbc)]: family:1, type:2, protocol:0
[   17.222771] firmadyne: sys_socket[PID: 308 (xmldbc)]: family:1, type:2, protocol:0
[   17.263405] firmadyne: sys_socket[PID: 309 (xmldbc)]: family:1, type:2, protocol:0
[   17.358641] firmadyne: sys_socket[PID: 313 (xmldbc)]: family:1, type:2, protocol:0
[   17.398358] firmadyne: sys_socket[PID: 314 (xmldbc)]: family:1, type:2, protocol:0
[   17.438518] firmadyne: sys_socket[PID: 315 (xmldbc)]: family:1, type:2, protocol:0
[   17.479864] firmadyne: sys_socket[PID: 316 (xmldbc)]: family:1, type:2, protocol:0
[   17.520444] firmadyne: sys_socket[PID: 317 (xmldbc)]: family:1, type:2, protocol:0
[   17.560612] firmadyne: sys_socket[PID: 318 (xmldbc)]: family:1, type:2, protocol:0
[   17.600523] firmadyne: sys_socket[PID: 319 (xmldbc)]: family:1, type:2, protocol:0
[   17.640717] firmadyne: sys_socket[PID: 320 (xmldbc)]: family:1, type:2, protocol:0
[   17.682275] firmadyne: sys_socket[PID: 321 (xmldbc)]: family:1, type:2, protocol:0
[   17.722641] firmadyne: sys_socket[PID: 322 (xmldbc)]: family:1, type:2, protocol:0
[   17.763056] firmadyne: sys_socket[PID: 323 (xmldbc)]: family:1, type:2, protocol:0
[   17.803530] firmadyne: sys_socket[PID: 324 (xmldbc)]: family:1, type:2, protocol:0
[   17.843750] firmadyne: sys_socket[PID: 325 (xmldbc)]: family:1, type:2, protocol:0
[   17.884774] firmadyne: sys_socket[PID: 326 (xmldbc)]: family:1, type:2, protocol:0
[   17.925053] firmadyne: sys_socket[PID: 327 (xmldbc)]: family:1, type:2, protocol:0
[   17.965525] firmadyne: sys_socket[PID: 328 (xmldbc)]: family:1, type:2, protocol:0
[   18.006026] firmadyne: sys_socket[PID: 329 (xmldbc)]: family:1, type:2, protocol:0
[   18.046819] firmadyne: sys_socket[PID: 330 (xmldbc)]: family:1, type:2, protocol:0
[   18.088487] firmadyne: sys_socket[PID: 331 (xmldbc)]: family:1, type:2, protocol:0
[   18.186027] firmadyne: sys_socket[PID: 335 (xmldbc)]: family:1, type:2, protocol:0
[   18.227761] firmadyne: sys_socket[PID: 336 (xmldbc)]: family:1, type:2, protocol:0
[   18.269510] firmadyne: sys_socket[PID: 337 (xmldbc)]: family:1, type:2, protocol:0
[   18.312564] firmadyne: sys_socket[PID: 338 (xmldbc)]: family:1, type:2, protocol:0
[   18.353598] firmadyne: sys_socket[PID: 339 (xmldbc)]: family:1, type:2, protocol:0
[   18.393439] firmadyne: sys_socket[PID: 340 (xmldbc)]: family:1, type:2, protocol:0
[   18.434001] firmadyne: sys_socket[PID: 341 (xmldbc)]: family:1, type:2, protocol:0
[   18.474216] firmadyne: sys_socket[PID: 342 (xmldbc)]: family:1, type:2, protocol:0
[   18.516163] firmadyne: sys_socket[PID: 343 (xmldbc)]: family:1, type:2, protocol:0
[   18.556729] firmadyne: sys_socket[PID: 344 (xmldbc)]: family:1, type:2, protocol:0
[   18.597033] firmadyne: sys_socket[PID: 345 (xmldbc)]: family:1, type:2, protocol:0
[   18.637391] firmadyne: sys_socket[PID: 346 (xmldbc)]: family:1, type:2, protocol:0
[   18.678147] firmadyne: sys_socket[PID: 347 (xmldbc)]: family:1, type:2, protocol:0
[   18.716644] firmadyne: sys_socket[PID: 348 (xmldbc)]: family:1, type:2, protocol:0
[   18.755200] firmadyne: sys_socket[PID: 349 (xmldbc)]: family:1, type:2, protocol:0
[   18.793579] firmadyne: sys_socket[PID: 350 (xmldbc)]: family:1, type:2, protocol:0
[   18.832383] firmadyne: sys_socket[PID: 351 (xmldbc)]: family:1, type:2, protocol:0
[   18.871659] firmadyne: sys_socket[PID: 352 (xmldbc)]: family:1, type:2, protocol:0
[   18.910702] firmadyne: sys_socket[PID: 353 (xmldbc)]: family:1, type:2, protocol:0
[   19.003350] firmadyne: sys_socket[PID: 357 (xmldbc)]: family:1, type:2, protocol:0
[   19.043295] firmadyne: sys_socket[PID: 358 (xmldbc)]: family:1, type:2, protocol:0
[   19.084259] firmadyne: sys_socket[PID: 359 (xmldbc)]: family:1, type:2, protocol:0
[   19.120836] firmadyne: sys_socket[PID: 360 (xmldbc)]: family:1, type:2, protocol:0
[   19.160521] firmadyne: sys_socket[PID: 361 (xmldbc)]: family:1, type:2, protocol:0
[   19.201318] firmadyne: sys_socket[PID: 362 (xmldbc)]: family:1, type:2, protocol:0
[   19.241717] firmadyne: sys_socket[PID: 363 (xmldbc)]: family:1, type:2, protocol:0
[   19.282727] firmadyne: sys_socket[PID: 364 (xmldbc)]: family:1, type:2, protocol:0
[   19.319251] firmadyne: sys_socket[PID: 365 (xmldbc)]: family:1, type:2, protocol:0
[   19.359097] firmadyne: sys_socket[PID: 366 (xmldbc)]: family:1, type:2, protocol:0
[   19.399099] firmadyne: sys_socket[PID: 367 (xmldbc)]: family:1, type:2, protocol:0
[   19.440760] firmadyne: sys_socket[PID: 368 (xmldbc)]: family:1, type:2, protocol:0
[   19.481803] firmadyne: sys_socket[PID: 369 (xmldbc)]: family:1, type:2, protocol:0
[   19.522258] firmadyne: sys_socket[PID: 370 (xmldbc)]: family:1, type:2, protocol:0
[   19.562496] firmadyne: sys_socket[PID: 371 (xmldbc)]: family:1, type:2, protocol:0
[   19.602834] firmadyne: sys_socket[PID: 372 (xmldbc)]: family:1, type:2, protocol:0
[   19.643328] firmadyne: sys_socket[PID: 373 (xmldbc)]: family:1, type:2, protocol:0
[   19.684403] firmadyne: sys_socket[PID: 374 (xmldbc)]: family:1, type:2, protocol:0
[   19.724836] firmadyne: sys_socket[PID: 375 (xmldbc)]: family:1, type:2, protocol:0
[   19.818828] firmadyne: sys_socket[PID: 379 (xmldbc)]: family:1, type:2, protocol:0
[   19.827205] cfg80211: Calling CRDA to update world regulatory domain
[   19.869194] firmadyne: sys_socket[PID: 381 (xmldbc)]: family:1, type:2, protocol:0
[   19.910059] firmadyne: sys_socket[PID: 382 (xmldbc)]: family:1, type:2, protocol:0
[   19.950735] firmadyne: sys_socket[PID: 383 (xmldbc)]: family:1, type:2, protocol:0
[   19.991402] firmadyne: sys_socket[PID: 384 (xmldbc)]: family:1, type:2, protocol:0
[   20.031581] firmadyne: sys_socket[PID: 385 (xmldbc)]: family:1, type:2, protocol:0
[   20.072478] firmadyne: sys_socket[PID: 386 (xmldbc)]: family:1, type:2, protocol:0
[   20.114016] firmadyne: sys_socket[PID: 387 (xmldbc)]: family:1, type:2, protocol:0
[   20.154750] firmadyne: sys_socket[PID: 388 (xmldbc)]: family:1, type:2, protocol:0
[   20.195655] firmadyne: sys_socket[PID: 389 (xmldbc)]: family:1, type:2, protocol:0
[   20.236145] firmadyne: sys_socket[PID: 390 (xmldbc)]: family:1, type:2, protocol:0
[   20.277850] firmadyne: sys_socket[PID: 391 (xmldbc)]: family:1, type:2, protocol:0
[   20.318338] firmadyne: sys_socket[PID: 392 (xmldbc)]: family:1, type:2, protocol:0
[   20.358390] firmadyne: sys_socket[PID: 393 (xmldbc)]: family:1, type:2, protocol:0
[   20.398390] firmadyne: sys_socket[PID: 394 (xmldbc)]: family:1, type:2, protocol:0
[   20.438648] firmadyne: sys_socket[PID: 395 (xmldbc)]: family:1, type:2, protocol:0
[   20.479959] firmadyne: sys_socket[PID: 396 (xmldbc)]: family:1, type:2, protocol:0
[   20.520629] firmadyne: sys_socket[PID: 397 (xmldbc)]: family:1, type:2, protocol:0
[   20.561044] firmadyne: sys_socket[PID: 398 (xmldbc)]: family:1, type:2, protocol:0
[   20.655548] firmadyne: sys_socket[PID: 402 (xmldbc)]: family:1, type:2, protocol:0
[   20.697091] firmadyne: sys_socket[PID: 403 (xmldbc)]: family:1, type:2, protocol:0
[   20.737301] firmadyne: sys_socket[PID: 404 (xmldbc)]: family:1, type:2, protocol:0
[   20.777777] firmadyne: sys_socket[PID: 405 (xmldbc)]: family:1, type:2, protocol:0
[   20.814334] firmadyne: sys_socket[PID: 406 (xmldbc)]: family:1, type:2, protocol:0
[   20.855258] firmadyne: sys_socket[PID: 407 (xmldbc)]: family:1, type:2, protocol:0
[   20.897157] firmadyne: sys_socket[PID: 408 (xmldbc)]: family:1, type:2, protocol:0
[   20.937597] firmadyne: sys_socket[PID: 409 (xmldbc)]: family:1, type:2, protocol:0
[   20.978019] firmadyne: sys_socket[PID: 410 (xmldbc)]: family:1, type:2, protocol:0
[   21.019319] firmadyne: sys_socket[PID: 411 (xmldbc)]: family:1, type:2, protocol:0
[   21.059717] firmadyne: sys_socket[PID: 412 (xmldbc)]: family:1, type:2, protocol:0
[   21.101387] firmadyne: sys_socket[PID: 413 (xmldbc)]: family:1, type:2, protocol:0
[   21.142179] firmadyne: sys_socket[PID: 414 (xmldbc)]: family:1, type:2, protocol:0
[   21.183619] firmadyne: sys_socket[PID: 415 (xmldbc)]: family:1, type:2, protocol:0
[   21.224702] firmadyne: sys_socket[PID: 416 (xmldbc)]: family:1, type:2, protocol:0
[   21.265860] firmadyne: sys_socket[PID: 417 (xmldbc)]: family:1, type:2, protocol:0
[   21.307721] firmadyne: sys_socket[PID: 418 (xmldbc)]: family:1, type:2, protocol:0
[   21.348706] firmadyne: sys_socket[PID: 419 (xmldbc)]: family:1, type:2, protocol:0
[   21.389362] firmadyne: sys_socket[PID: 420 (xmldbc)]: family:1, type:2, protocol:0
[   21.485083] firmadyne: sys_socket[PID: 424 (xmldbc)]: family:1, type:2, protocol:0
[   21.525763] firmadyne: sys_socket[PID: 425 (xmldbc)]: family:1, type:2, protocol:0
[   21.562436] firmadyne: sys_socket[PID: 426 (xmldbc)]: family:1, type:2, protocol:0
[   21.603030] firmadyne: sys_socket[PID: 427 (xmldbc)]: family:1, type:2, protocol:0
[   21.642807] firmadyne: sys_socket[PID: 428 (xmldbc)]: family:1, type:2, protocol:0
[   21.684118] firmadyne: sys_socket[PID: 429 (xmldbc)]: family:1, type:2, protocol:0
[   21.725475] firmadyne: sys_socket[PID: 430 (xmldbc)]: family:1, type:2, protocol:0
[   21.765587] firmadyne: sys_socket[PID: 431 (xmldbc)]: family:1, type:2, protocol:0
[   21.805656] firmadyne: sys_socket[PID: 432 (xmldbc)]: family:1, type:2, protocol:0
[   21.845948] firmadyne: sys_socket[PID: 433 (xmldbc)]: family:1, type:2, protocol:0
[   21.887529] firmadyne: sys_socket[PID: 434 (xmldbc)]: family:1, type:2, protocol:0
[   21.927461] firmadyne: sys_socket[PID: 435 (xmldbc)]: family:1, type:2, protocol:0
[   21.967709] firmadyne: sys_socket[PID: 436 (xmldbc)]: family:1, type:2, protocol:0
[   22.007909] firmadyne: sys_socket[PID: 437 (xmldbc)]: family:1, type:2, protocol:0
[   22.048564] firmadyne: sys_socket[PID: 438 (xmldbc)]: family:1, type:2, protocol:0
[   22.090383] firmadyne: sys_socket[PID: 439 (xmldbc)]: family:1, type:2, protocol:0
[   22.130709] firmadyne: sys_socket[PID: 440 (xmldbc)]: family:1, type:2, protocol:0
[   22.171307] firmadyne: sys_socket[PID: 441 (xmldbc)]: family:1, type:2, protocol:0
[   22.212574] firmadyne: sys_socket[PID: 442 (xmldbc)]: family:1, type:2, protocol:0
[   22.307887] firmadyne: sys_socket[PID: 446 (xmldbc)]: family:1, type:2, protocol:0
[   22.347996] firmadyne: sys_socket[PID: 447 (xmldbc)]: family:1, type:2, protocol:0
[   22.388211] firmadyne: sys_socket[PID: 448 (xmldbc)]: family:1, type:2, protocol:0
[   22.428876] firmadyne: sys_socket[PID: 449 (xmldbc)]: family:1, type:2, protocol:0
[   22.465327] firmadyne: sys_socket[PID: 450 (xmldbc)]: family:1, type:2, protocol:0
[   22.506369] firmadyne: sys_socket[PID: 451 (xmldbc)]: family:1, type:2, protocol:0
[   22.546549] firmadyne: sys_socket[PID: 452 (xmldbc)]: family:1, type:2, protocol:0
[   22.586448] firmadyne: sys_socket[PID: 453 (xmldbc)]: family:1, type:2, protocol:0
[   22.627129] firmadyne: sys_socket[PID: 454 (xmldbc)]: family:1, type:2, protocol:0
[   22.667148] firmadyne: sys_socket[PID: 455 (xmldbc)]: family:1, type:2, protocol:0
[   22.708785] firmadyne: sys_socket[PID: 456 (xmldbc)]: family:1, type:2, protocol:0
[   22.749454] firmadyne: sys_socket[PID: 457 (xmldbc)]: family:1, type:2, protocol:0
[   22.789740] firmadyne: sys_socket[PID: 458 (xmldbc)]: family:1, type:2, protocol:0
[   22.826230] firmadyne: sys_socket[PID: 459 (xmldbc)]: family:1, type:2, protocol:0
[   22.866410] firmadyne: sys_socket[PID: 460 (xmldbc)]: family:1, type:2, protocol:0
[   22.908328] firmadyne: sys_socket[PID: 461 (xmldbc)]: family:1, type:2, protocol:0
[   22.948794] firmadyne: sys_socket[PID: 462 (xmldbc)]: family:1, type:2, protocol:0
[   22.971349] cfg80211: Calling CRDA to update world regulatory domain
[   22.999429] firmadyne: sys_socket[PID: 463 (xmldbc)]: family:1, type:2, protocol:0
[   23.040730] firmadyne: sys_socket[PID: 465 (xmldbc)]: family:1, type:2, protocol:0
[   23.140439] firmadyne: sys_socket[PID: 469 (xmldbc)]: family:1, type:2, protocol:0
[   23.183268] firmadyne: sys_socket[PID: 470 (xmldbc)]: family:1, type:2, protocol:0
[   23.225859] firmadyne: sys_socket[PID: 471 (xmldbc)]: family:1, type:2, protocol:0
[   23.267421] firmadyne: sys_socket[PID: 472 (xmldbc)]: family:1, type:2, protocol:0
[   23.309762] firmadyne: sys_socket[PID: 473 (xmldbc)]: family:1, type:2, protocol:0
[   23.350712] firmadyne: sys_socket[PID: 474 (xmldbc)]: family:1, type:2, protocol:0
[   23.391230] firmadyne: sys_socket[PID: 475 (xmldbc)]: family:1, type:2, protocol:0
[   23.431854] firmadyne: sys_socket[PID: 476 (xmldbc)]: family:1, type:2, protocol:0
[   23.471763] firmadyne: sys_socket[PID: 477 (xmldbc)]: family:1, type:2, protocol:0
[   23.513383] firmadyne: sys_socket[PID: 478 (xmldbc)]: family:1, type:2, protocol:0
[   23.550576] firmadyne: sys_socket[PID: 479 (xmldbc)]: family:1, type:2, protocol:0
[   23.591575] firmadyne: sys_socket[PID: 480 (xmldbc)]: family:1, type:2, protocol:0
[   23.632302] firmadyne: sys_socket[PID: 481 (xmldbc)]: family:1, type:2, protocol:0
[   23.674567] firmadyne: sys_socket[PID: 482 (xmldbc)]: family:1, type:2, protocol:0
[   23.716211] firmadyne: sys_socket[PID: 483 (xmldbc)]: family:1, type:2, protocol:0
[   23.757544] firmadyne: sys_socket[PID: 484 (xmldbc)]: family:1, type:2, protocol:0
[   23.798457] firmadyne: sys_socket[PID: 485 (xmldbc)]: family:1, type:2, protocol:0
[   23.839152] firmadyne: sys_socket[PID: 486 (xmldbc)]: family:1, type:2, protocol:0
[   23.881250] firmadyne: sys_socket[PID: 487 (xmldbc)]: family:1, type:2, protocol:0
[   23.976483] firmadyne: sys_socket[PID: 491 (xmldbc)]: family:1, type:2, protocol:0
[   24.017673] firmadyne: sys_socket[PID: 492 (xmldbc)]: family:1, type:2, protocol:0
[   24.058096] firmadyne: sys_socket[PID: 493 (xmldbc)]: family:1, type:2, protocol:0
[   24.099886] firmadyne: sys_socket[PID: 494 (xmldbc)]: family:1, type:2, protocol:0
[   24.136466] firmadyne: sys_socket[PID: 495 (xmldbc)]: family:1, type:2, protocol:0
[   24.177068] firmadyne: sys_socket[PID: 496 (xmldbc)]: family:1, type:2, protocol:0
[   24.229242] firmadyne: sys_socket[PID: 497 (xmldbc)]: family:1, type:2, protocol:0
[   24.273357] firmadyne: sys_socket[PID: 498 (xmldbc)]: family:1, type:2, protocol:0
[   24.318203] firmadyne: sys_socket[PID: 499 (xmldbc)]: family:1, type:2, protocol:0
[   24.359977] firmadyne: sys_socket[PID: 500 (xmldbc)]: family:1, type:2, protocol:0
[   24.401003] firmadyne: sys_socket[PID: 501 (xmldbc)]: family:1, type:2, protocol:0
[   24.441926] firmadyne: sys_socket[PID: 502 (xmldbc)]: family:1, type:2, protocol:0
[   24.483959] firmadyne: sys_socket[PID: 503 (xmldbc)]: family:1, type:2, protocol:0
[   24.524777] firmadyne: sys_socket[PID: 504 (xmldbc)]: family:1, type:2, protocol:0
[   24.565653] firmadyne: sys_socket[PID: 505 (xmldbc)]: family:1, type:2, protocol:0
[   24.606483] firmadyne: sys_socket[PID: 506 (xmldbc)]: family:1, type:2, protocol:0
[   24.647527] firmadyne: sys_socket[PID: 507 (xmldbc)]: family:1, type:2, protocol:0
[   24.689012] firmadyne: sys_socket[PID: 508 (xmldbc)]: family:1, type:2, protocol:0
[   24.730476] firmadyne: sys_socket[PID: 509 (xmldbc)]: family:1, type:2, protocol:0
[   24.825808] firmadyne: sys_socket[PID: 513 (xmldbc)]: family:1, type:2, protocol:0
[   24.863170] firmadyne: sys_socket[PID: 514 (xmldbc)]: family:1, type:2, protocol:0
[   24.904630] firmadyne: sys_socket[PID: 515 (xmldbc)]: family:1, type:2, protocol:0
[   24.945617] firmadyne: sys_socket[PID: 516 (xmldbc)]: family:1, type:2, protocol:0
[   24.986039] firmadyne: sys_socket[PID: 517 (xmldbc)]: family:1, type:2, protocol:0
[   25.027635] firmadyne: sys_socket[PID: 518 (xmldbc)]: family:1, type:2, protocol:0
[   25.067997] firmadyne: sys_socket[PID: 519 (xmldbc)]: family:1, type:2, protocol:0
[   25.109627] firmadyne: sys_socket[PID: 520 (xmldbc)]: family:1, type:2, protocol:0
[   25.150334] firmadyne: sys_socket[PID: 521 (xmldbc)]: family:1, type:2, protocol:0
[   25.191412] firmadyne: sys_socket[PID: 522 (xmldbc)]: family:1, type:2, protocol:0
[   25.232928] firmadyne: sys_socket[PID: 523 (xmldbc)]: family:1, type:2, protocol:0
[   25.273683] firmadyne: sys_socket[PID: 524 (xmldbc)]: family:1, type:2, protocol:0
[   25.315235] firmadyne: sys_socket[PID: 525 (xmldbc)]: family:1, type:2, protocol:0
[   25.355649] firmadyne: sys_socket[PID: 526 (xmldbc)]: family:1, type:2, protocol:0
[   25.396480] firmadyne: sys_socket[PID: 527 (xmldbc)]: family:1, type:2, protocol:0
[   25.437989] firmadyne: sys_socket[PID: 528 (xmldbc)]: family:1, type:2, protocol:0
[   25.479786] firmadyne: sys_socket[PID: 529 (xmldbc)]: family:1, type:2, protocol:0
[   25.517022] firmadyne: sys_socket[PID: 530 (xmldbc)]: family:1, type:2, protocol:0
[   25.556959] firmadyne: sys_socket[PID: 531 (xmldbc)]: family:1, type:2, protocol:0
[   25.653008] firmadyne: sys_socket[PID: 535 (xmldbc)]: family:1, type:2, protocol:0
[   25.694520] firmadyne: sys_socket[PID: 536 (xmldbc)]: family:1, type:2, protocol:0
[   25.735607] firmadyne: sys_socket[PID: 537 (xmldbc)]: family:1, type:2, protocol:0
[   25.776786] firmadyne: sys_socket[PID: 538 (xmldbc)]: family:1, type:2, protocol:0
[   25.817429] firmadyne: sys_socket[PID: 539 (xmldbc)]: family:1, type:2, protocol:0
[   25.857870] firmadyne: sys_socket[PID: 540 (xmldbc)]: family:1, type:2, protocol:0
[   25.899732] firmadyne: sys_socket[PID: 541 (xmldbc)]: family:1, type:2, protocol:0
[   25.937529] firmadyne: sys_socket[PID: 542 (xmldbc)]: family:1, type:2, protocol:0
[   25.979144] firmadyne: sys_socket[PID: 543 (xmldbc)]: family:1, type:2, protocol:0
[   26.021022] firmadyne: sys_socket[PID: 544 (xmldbc)]: family:1, type:2, protocol:0
[   26.062233] firmadyne: sys_socket[PID: 545 (xmldbc)]: family:1, type:2, protocol:0
[   26.104613] firmadyne: sys_socket[PID: 546 (xmldbc)]: family:1, type:2, protocol:0
[   26.115411] cfg80211: Calling CRDA to update world regulatory domain
[   26.155603] firmadyne: sys_socket[PID: 547 (xmldbc)]: family:1, type:2, protocol:0
[   26.196602] firmadyne: sys_socket[PID: 549 (xmldbc)]: family:1, type:2, protocol:0
[   26.238223] firmadyne: sys_socket[PID: 550 (xmldbc)]: family:1, type:2, protocol:0
[   26.276496] firmadyne: sys_socket[PID: 551 (xmldbc)]: family:1, type:2, protocol:0
[   26.317770] firmadyne: sys_socket[PID: 552 (xmldbc)]: family:1, type:2, protocol:0
[   26.359069] firmadyne: sys_socket[PID: 553 (xmldbc)]: family:1, type:2, protocol:0
[   26.396650] firmadyne: sys_socket[PID: 554 (xmldbc)]: family:1, type:2, protocol:0
[   26.493452] firmadyne: sys_socket[PID: 558 (xmldbc)]: family:1, type:2, protocol:0
[   26.534129] firmadyne: sys_socket[PID: 559 (xmldbc)]: family:1, type:2, protocol:0
[   26.574585] firmadyne: sys_socket[PID: 560 (xmldbc)]: family:1, type:2, protocol:0
[   26.615238] firmadyne: sys_socket[PID: 561 (xmldbc)]: family:1, type:2, protocol:0
[   26.655826] firmadyne: sys_socket[PID: 562 (xmldbc)]: family:1, type:2, protocol:0
[   26.697488] firmadyne: sys_socket[PID: 563 (xmldbc)]: family:1, type:2, protocol:0
[   26.738626] firmadyne: sys_socket[PID: 564 (xmldbc)]: family:1, type:2, protocol:0
[   26.779312] firmadyne: sys_socket[PID: 565 (xmldbc)]: family:1, type:2, protocol:0
[   26.820220] firmadyne: sys_socket[PID: 566 (xmldbc)]: family:1, type:2, protocol:0
[   26.861479] firmadyne: sys_socket[PID: 567 (xmldbc)]: family:1, type:2, protocol:0
[   26.903253] firmadyne: sys_socket[PID: 568 (xmldbc)]: family:1, type:2, protocol:0
[   26.940055] firmadyne: sys_socket[PID: 569 (xmldbc)]: family:1, type:2, protocol:0
[   26.980246] firmadyne: sys_socket[PID: 570 (xmldbc)]: family:1, type:2, protocol:0
[   27.021734] firmadyne: sys_socket[PID: 571 (xmldbc)]: family:1, type:2, protocol:0
[   27.062838] firmadyne: sys_socket[PID: 572 (xmldbc)]: family:1, type:2, protocol:0
[   27.104786] firmadyne: sys_socket[PID: 573 (xmldbc)]: family:1, type:2, protocol:0
[   27.145511] firmadyne: sys_socket[PID: 574 (xmldbc)]: family:1, type:2, protocol:0
[   27.186431] firmadyne: sys_socket[PID: 575 (xmldbc)]: family:1, type:2, protocol:0
[   27.227103] firmadyne: sys_socket[PID: 576 (xmldbc)]: family:1, type:2, protocol:0
[   27.324360] firmadyne: sys_socket[PID: 580 (xmldbc)]: family:1, type:2, protocol:0
[   27.365292] firmadyne: sys_socket[PID: 581 (xmldbc)]: family:1, type:2, protocol:0
[   27.405625] firmadyne: sys_socket[PID: 582 (xmldbc)]: family:1, type:2, protocol:0
[   27.446614] firmadyne: sys_socket[PID: 583 (xmldbc)]: family:1, type:2, protocol:0
[   27.488403] firmadyne: sys_socket[PID: 584 (xmldbc)]: family:1, type:2, protocol:0
[   27.525405] firmadyne: sys_socket[PID: 585 (xmldbc)]: family:1, type:2, protocol:0
[   27.566100] firmadyne: sys_socket[PID: 586 (xmldbc)]: family:1, type:2, protocol:0
[   27.606851] firmadyne: sys_socket[PID: 587 (xmldbc)]: family:1, type:2, protocol:0
[   27.647375] firmadyne: sys_socket[PID: 588 (xmldbc)]: family:1, type:2, protocol:0
[   27.689008] firmadyne: sys_socket[PID: 589 (xmldbc)]: family:1, type:2, protocol:0
[   27.729794] firmadyne: sys_socket[PID: 590 (xmldbc)]: family:1, type:2, protocol:0
[   27.770832] firmadyne: sys_socket[PID: 591 (xmldbc)]: family:1, type:2, protocol:0
[   27.811813] firmadyne: sys_socket[PID: 592 (xmldbc)]: family:1, type:2, protocol:0
[   27.852493] firmadyne: sys_socket[PID: 593 (xmldbc)]: family:1, type:2, protocol:0
[   27.894703] firmadyne: sys_socket[PID: 594 (xmldbc)]: family:1, type:2, protocol:0
[   27.935861] firmadyne: sys_socket[PID: 595 (xmldbc)]: family:1, type:2, protocol:0
[   27.976522] firmadyne: sys_socket[PID: 596 (xmldbc)]: family:1, type:2, protocol:0
[   28.017429] firmadyne: sys_socket[PID: 597 (xmldbc)]: family:1, type:2, protocol:0
[   28.058094] firmadyne: sys_socket[PID: 598 (xmldbc)]: family:1, type:2, protocol:0
[   28.154043] firmadyne: sys_socket[PID: 602 (xmldbc)]: family:1, type:2, protocol:0
[   28.195204] firmadyne: sys_socket[PID: 603 (xmldbc)]: family:1, type:2, protocol:0
[   28.236227] firmadyne: sys_socket[PID: 604 (xmldbc)]: family:1, type:2, protocol:0
[   28.279260] firmadyne: sys_socket[PID: 605 (xmldbc)]: family:1, type:2, protocol:0
[   28.320045] firmadyne: sys_socket[PID: 606 (xmldbc)]: family:1, type:2, protocol:0
[   28.361098] firmadyne: sys_socket[PID: 607 (xmldbc)]: family:1, type:2, protocol:0
[   28.401755] firmadyne: sys_socket[PID: 608 (xmldbc)]: family:1, type:2, protocol:0
[   28.444504] firmadyne: sys_socket[PID: 609 (xmldbc)]: family:1, type:2, protocol:0
[   28.482666] firmadyne: sys_socket[PID: 610 (xmldbc)]: family:1, type:2, protocol:0
[   28.523242] firmadyne: sys_socket[PID: 611 (xmldbc)]: family:1, type:2, protocol:0
[   28.564132] firmadyne: sys_socket[PID: 612 (xmldbc)]: family:1, type:2, protocol:0
[   28.605285] firmadyne: sys_socket[PID: 613 (xmldbc)]: family:1, type:2, protocol:0
[   28.646382] firmadyne: sys_socket[PID: 614 (xmldbc)]: family:1, type:2, protocol:0
[   28.702501] firmadyne: sys_socket[PID: 615 (xmldbc)]: family:1, type:2, protocol:0
[   28.744206] firmadyne: sys_socket[PID: 616 (xmldbc)]: family:1, type:2, protocol:0
[   28.786541] firmadyne: sys_socket[PID: 617 (xmldbc)]: family:1, type:2, protocol:0
[   28.824595] firmadyne: sys_socket[PID: 618 (xmldbc)]: family:1, type:2, protocol:0
[   28.866177] firmadyne: sys_socket[PID: 619 (xmldbc)]: family:1, type:2, protocol:0
[   28.904976] firmadyne: sys_socket[PID: 620 (xmldbc)]: family:1, type:2, protocol:0
[   29.000343] firmadyne: sys_socket[PID: 624 (xmldbc)]: family:1, type:2, protocol:0
[   29.041596] firmadyne: sys_socket[PID: 625 (xmldbc)]: family:1, type:2, protocol:0
[   29.083285] firmadyne: sys_socket[PID: 626 (xmldbc)]: family:1, type:2, protocol:0
[   29.124167] firmadyne: sys_socket[PID: 627 (xmldbc)]: family:1, type:2, protocol:0
[   29.165003] firmadyne: sys_socket[PID: 628 (xmldbc)]: family:1, type:2, protocol:0
[   29.205797] firmadyne: sys_socket[PID: 629 (xmldbc)]: family:1, type:2, protocol:0
[   29.246462] firmadyne: sys_socket[PID: 630 (xmldbc)]: family:1, type:2, protocol:0
[   29.259141] cfg80211: Calling CRDA to update world regulatory domain
[   29.298677] firmadyne: sys_socket[PID: 631 (xmldbc)]: family:1, type:2, protocol:0
[   29.339519] firmadyne: sys_socket[PID: 633 (xmldbc)]: family:1, type:2, protocol:0
[   29.379924] firmadyne: sys_socket[PID: 634 (xmldbc)]: family:1, type:2, protocol:0
[   29.421172] firmadyne: sys_socket[PID: 635 (xmldbc)]: family:1, type:2, protocol:0
[   29.461814] firmadyne: sys_socket[PID: 636 (xmldbc)]: family:1, type:2, protocol:0
[   29.503898] firmadyne: sys_socket[PID: 637 (xmldbc)]: family:1, type:2, protocol:0
[   29.544862] firmadyne: sys_socket[PID: 638 (xmldbc)]: family:1, type:2, protocol:0
[   29.586353] firmadyne: sys_socket[PID: 639 (xmldbc)]: family:1, type:2, protocol:0
[   29.623550] firmadyne: sys_socket[PID: 640 (xmldbc)]: family:1, type:2, protocol:0
[   29.663878] firmadyne: sys_socket[PID: 641 (xmldbc)]: family:1, type:2, protocol:0
[   29.705831] firmadyne: sys_socket[PID: 642 (xmldbc)]: family:1, type:2, protocol:0
[   29.746326] firmadyne: sys_socket[PID: 643 (xmldbc)]: family:1, type:2, protocol:0
[   29.841785] firmadyne: sys_socket[PID: 647 (xmldbc)]: family:1, type:2, protocol:0
[   29.883693] firmadyne: sys_socket[PID: 648 (xmldbc)]: family:1, type:2, protocol:0
[   29.920556] firmadyne: sys_socket[PID: 649 (xmldbc)]: family:1, type:2, protocol:0
[   29.961210] firmadyne: sys_socket[PID: 650 (xmldbc)]: family:1, type:2, protocol:0
[   30.002078] firmadyne: sys_socket[PID: 651 (xmldbc)]: family:1, type:2, protocol:0
[   30.043517] firmadyne: sys_socket[PID: 652 (xmldbc)]: family:1, type:2, protocol:0
[   30.084939] firmadyne: sys_socket[PID: 653 (xmldbc)]: family:1, type:2, protocol:0
[   30.125847] firmadyne: sys_socket[PID: 654 (xmldbc)]: family:1, type:2, protocol:0
[   30.175769] firmadyne: sys_socket[PID: 655 (xmldbc)]: family:1, type:2, protocol:0
[   30.219064] firmadyne: sys_socket[PID: 656 (xmldbc)]: family:1, type:2, protocol:0
[   30.261140] firmadyne: sys_socket[PID: 657 (xmldbc)]: family:1, type:2, protocol:0
[   30.304432] firmadyne: sys_socket[PID: 658 (xmldbc)]: family:1, type:2, protocol:0
[   30.345800] firmadyne: sys_socket[PID: 659 (xmldbc)]: family:1, type:2, protocol:0
[   30.383036] firmadyne: sys_socket[PID: 660 (xmldbc)]: family:1, type:2, protocol:0
[   30.423461] firmadyne: sys_socket[PID: 661 (xmldbc)]: family:1, type:2, protocol:0
[   30.464536] firmadyne: sys_socket[PID: 662 (xmldbc)]: family:1, type:2, protocol:0
[   30.506144] firmadyne: sys_socket[PID: 663 (xmldbc)]: family:1, type:2, protocol:0
[   30.547054] firmadyne: sys_socket[PID: 664 (xmldbc)]: family:1, type:2, protocol:0
[   30.587307] firmadyne: sys_socket[PID: 665 (xmldbc)]: family:1, type:2, protocol:0
[   30.682785] firmadyne: sys_socket[PID: 669 (xmldbc)]: family:1, type:2, protocol:0
[   30.723662] firmadyne: sys_socket[PID: 670 (xmldbc)]: family:1, type:2, protocol:0
[   30.763892] firmadyne: sys_socket[PID: 671 (xmldbc)]: family:1, type:2, protocol:0
[   30.804664] firmadyne: sys_socket[PID: 672 (xmldbc)]: family:1, type:2, protocol:0
[   30.845609] firmadyne: sys_socket[PID: 673 (xmldbc)]: family:1, type:2, protocol:0
[   30.888128] firmadyne: sys_socket[PID: 674 (xmldbc)]: family:1, type:2, protocol:0
[   30.928981] firmadyne: sys_socket[PID: 675 (xmldbc)]: family:1, type:2, protocol:0
[   30.969899] firmadyne: sys_socket[PID: 676 (xmldbc)]: family:1, type:2, protocol:0
[   31.012322] firmadyne: sys_socket[PID: 677 (xmldbc)]: family:1, type:2, protocol:0
[   31.053335] firmadyne: sys_socket[PID: 678 (xmldbc)]: family:1, type:2, protocol:0
[   31.091971] firmadyne: sys_socket[PID: 679 (xmldbc)]: family:1, type:2, protocol:0
[   31.132999] firmadyne: sys_socket[PID: 680 (xmldbc)]: family:1, type:2, protocol:0
[   31.174028] firmadyne: sys_socket[PID: 681 (xmldbc)]: family:1, type:2, protocol:0
[   31.214640] firmadyne: sys_socket[PID: 682 (xmldbc)]: family:1, type:2, protocol:0
[   31.255289] firmadyne: sys_socket[PID: 683 (xmldbc)]: family:1, type:2, protocol:0
[   31.297371] firmadyne: sys_socket[PID: 684 (xmldbc)]: family:1, type:2, protocol:0
[   31.338731] firmadyne: sys_socket[PID: 685 (xmldbc)]: family:1, type:2, protocol:0
[   31.379513] firmadyne: sys_socket[PID: 686 (xmldbc)]: family:1, type:2, protocol:0
[   31.420108] firmadyne: sys_socket[PID: 687 (xmldbc)]: family:1, type:2, protocol:0
[   31.517569] firmadyne: sys_socket[PID: 691 (xmldbc)]: family:1, type:2, protocol:0
[   31.559111] firmadyne: sys_socket[PID: 692 (xmldbc)]: family:1, type:2, protocol:0
[   31.600245] firmadyne: sys_socket[PID: 693 (xmldbc)]: family:1, type:2, protocol:0
[   31.641525] firmadyne: sys_socket[PID: 694 (xmldbc)]: family:1, type:2, protocol:0
[   31.683178] firmadyne: sys_socket[PID: 695 (xmldbc)]: family:1, type:2, protocol:0
[   31.719945] firmadyne: sys_socket[PID: 696 (xmldbc)]: family:1, type:2, protocol:0
[   31.760161] firmadyne: sys_socket[PID: 697 (xmldbc)]: family:1, type:2, protocol:0
[   31.801149] firmadyne: sys_socket[PID: 698 (xmldbc)]: family:1, type:2, protocol:0
[   31.842067] firmadyne: sys_socket[PID: 699 (xmldbc)]: family:1, type:2, protocol:0
[   31.884204] firmadyne: sys_socket[PID: 700 (xmldbc)]: family:1, type:2, protocol:0
[   31.921474] firmadyne: sys_socket[PID: 701 (xmldbc)]: family:1, type:2, protocol:0
[   31.961971] firmadyne: sys_socket[PID: 702 (xmldbc)]: family:1, type:2, protocol:0
[   32.002772] firmadyne: sys_socket[PID: 703 (xmldbc)]: family:1, type:2, protocol:0
[   32.044096] firmadyne: sys_socket[PID: 704 (xmldbc)]: family:1, type:2, protocol:0
[   32.086251] firmadyne: sys_socket[PID: 705 (xmldbc)]: family:1, type:2, protocol:0
[   32.127758] firmadyne: sys_socket[PID: 706 (xmldbc)]: family:1, type:2, protocol:0
[   32.169835] firmadyne: sys_socket[PID: 707 (xmldbc)]: family:1, type:2, protocol:0
[   32.212435] firmadyne: sys_socket[PID: 708 (xmldbc)]: family:1, type:2, protocol:0
[   32.253720] firmadyne: sys_socket[PID: 709 (xmldbc)]: family:1, type:2, protocol:0
[   32.351554] firmadyne: sys_socket[PID: 713 (xmldbc)]: family:1, type:2, protocol:0
[   32.392663] firmadyne: sys_socket[PID: 714 (xmldbc)]: family:1, type:2, protocol:0
[   32.403354] cfg80211: Calling CRDA to update world regulatory domain
[   32.443117] firmadyne: sys_socket[PID: 715 (xmldbc)]: family:1, type:2, protocol:0
[   32.485207] firmadyne: sys_socket[PID: 717 (xmldbc)]: family:1, type:2, protocol:0
[   32.526218] firmadyne: sys_socket[PID: 718 (xmldbc)]: family:1, type:2, protocol:0
[   32.567161] firmadyne: sys_socket[PID: 719 (xmldbc)]: family:1, type:2, protocol:0
[   32.607928] firmadyne: sys_socket[PID: 720 (xmldbc)]: family:1, type:2, protocol:0
[   32.648721] firmadyne: sys_socket[PID: 721 (xmldbc)]: family:1, type:2, protocol:0
[   32.687326] firmadyne: sys_socket[PID: 722 (xmldbc)]: family:1, type:2, protocol:0
[   32.744677] firmadyne: sys_socket[PID: 723 (xmldbc)]: family:1, type:2, protocol:0
[   32.808298] firmadyne: sys_socket[PID: 724 (xmldbc)]: family:1, type:2, protocol:0
[   32.850626] firmadyne: sys_socket[PID: 725 (xmldbc)]: family:1, type:2, protocol:0
[   32.893113] firmadyne: sys_socket[PID: 726 (xmldbc)]: family:1, type:2, protocol:0
[   32.933774] firmadyne: sys_socket[PID: 727 (xmldbc)]: family:1, type:2, protocol:0
[   32.974064] firmadyne: sys_socket[PID: 728 (xmldbc)]: family:1, type:2, protocol:0
[   33.016236] firmadyne: sys_socket[PID: 729 (xmldbc)]: family:1, type:2, protocol:0
[   33.057118] firmadyne: sys_socket[PID: 730 (xmldbc)]: family:1, type:2, protocol:0
[   33.098836] firmadyne: sys_socket[PID: 731 (xmldbc)]: family:1, type:2, protocol:0
[   33.139891] firmadyne: sys_socket[PID: 732 (xmldbc)]: family:1, type:2, protocol:0
[   33.242821] firmadyne: sys_socket[PID: 736 (xmldbc)]: family:1, type:2, protocol:0
[   33.285060] firmadyne: sys_socket[PID: 737 (xmldbc)]: family:1, type:2, protocol:0
[   33.325854] firmadyne: sys_socket[PID: 738 (xmldbc)]: family:1, type:2, protocol:0
[   33.366243] firmadyne: sys_socket[PID: 739 (xmldbc)]: family:1, type:2, protocol:0
[   33.406596] firmadyne: sys_socket[PID: 740 (xmldbc)]: family:1, type:2, protocol:0
[   33.447654] firmadyne: sys_socket[PID: 741 (xmldbc)]: family:1, type:2, protocol:0
[   33.489405] firmadyne: sys_socket[PID: 742 (xmldbc)]: family:1, type:2, protocol:0
[   33.530201] firmadyne: sys_socket[PID: 743 (xmldbc)]: family:1, type:2, protocol:0
[   33.571656] firmadyne: sys_socket[PID: 744 (xmldbc)]: family:1, type:2, protocol:0
[   33.612640] firmadyne: sys_socket[PID: 745 (xmldbc)]: family:1, type:2, protocol:0
[   33.653140] firmadyne: sys_socket[PID: 746 (xmldbc)]: family:1, type:2, protocol:0
[   33.694850] firmadyne: sys_socket[PID: 747 (xmldbc)]: family:1, type:2, protocol:0
[   33.735956] firmadyne: sys_socket[PID: 748 (xmldbc)]: family:1, type:2, protocol:0
[   33.776850] firmadyne: sys_socket[PID: 749 (xmldbc)]: family:1, type:2, protocol:0
[   33.817707] firmadyne: sys_socket[PID: 750 (xmldbc)]: family:1, type:2, protocol:0
[   33.858306] firmadyne: sys_socket[PID: 751 (xmldbc)]: family:1, type:2, protocol:0
[   33.900508] firmadyne: sys_socket[PID: 752 (xmldbc)]: family:1, type:2, protocol:0
[   33.941275] firmadyne: sys_socket[PID: 753 (xmldbc)]: family:1, type:2, protocol:0
[   33.981773] firmadyne: sys_socket[PID: 754 (xmldbc)]: family:1, type:2, protocol:0
[   34.078030] firmadyne: sys_socket[PID: 758 (xmldbc)]: family:1, type:2, protocol:0
[   34.118370] firmadyne: sys_socket[PID: 759 (xmldbc)]: family:1, type:2, protocol:0
[   34.159784] firmadyne: sys_socket[PID: 760 (xmldbc)]: family:1, type:2, protocol:0
[   34.200536] firmadyne: sys_socket[PID: 761 (xmldbc)]: family:1, type:2, protocol:0
[   34.240951] firmadyne: sys_socket[PID: 762 (xmldbc)]: family:1, type:2, protocol:0
[   34.282305] firmadyne: sys_socket[PID: 763 (xmldbc)]: family:1, type:2, protocol:0
[   34.322716] firmadyne: sys_socket[PID: 764 (xmldbc)]: family:1, type:2, protocol:0
[   34.363058] firmadyne: sys_socket[PID: 765 (xmldbc)]: family:1, type:2, protocol:0
[   34.403586] firmadyne: sys_socket[PID: 766 (xmldbc)]: family:1, type:2, protocol:0
[   34.443908] firmadyne: sys_socket[PID: 767 (xmldbc)]: family:1, type:2, protocol:0
[   34.485579] firmadyne: sys_socket[PID: 768 (xmldbc)]: family:1, type:2, protocol:0
[   34.526129] firmadyne: sys_socket[PID: 769 (xmldbc)]: family:1, type:2, protocol:0
[   34.566362] firmadyne: sys_socket[PID: 770 (xmldbc)]: family:1, type:2, protocol:0
[   34.606738] firmadyne: sys_socket[PID: 771 (xmldbc)]: family:1, type:2, protocol:0
[   34.647310] firmadyne: sys_socket[PID: 772 (xmldbc)]: family:1, type:2, protocol:0
[   34.688767] firmadyne: sys_socket[PID: 773 (xmldbc)]: family:1, type:2, protocol:0
[   34.729095] firmadyne: sys_socket[PID: 774 (xmldbc)]: family:1, type:2, protocol:0
[   34.769428] firmadyne: sys_socket[PID: 775 (xmldbc)]: family:1, type:2, protocol:0
[   34.809743] firmadyne: sys_socket[PID: 776 (xmldbc)]: family:1, type:2, protocol:0
[   34.906509] firmadyne: sys_socket[PID: 780 (xmldbc)]: family:1, type:2, protocol:0
[   34.947207] firmadyne: sys_socket[PID: 781 (xmldbc)]: family:1, type:2, protocol:0
[   34.988180] firmadyne: sys_socket[PID: 782 (xmldbc)]: family:1, type:2, protocol:0
[   35.030116] firmadyne: sys_socket[PID: 783 (xmldbc)]: family:1, type:2, protocol:0
[   35.070812] firmadyne: sys_socket[PID: 784 (xmldbc)]: family:1, type:2, protocol:0
[   35.109285] firmadyne: sys_socket[PID: 785 (xmldbc)]: family:1, type:2, protocol:0
[   35.149942] firmadyne: sys_socket[PID: 786 (xmldbc)]: family:1, type:2, protocol:0
[   35.191080] firmadyne: sys_socket[PID: 787 (xmldbc)]: family:1, type:2, protocol:0
[   35.232240] firmadyne: sys_socket[PID: 788 (xmldbc)]: family:1, type:2, protocol:0
[   35.273089] firmadyne: sys_socket[PID: 789 (xmldbc)]: family:1, type:2, protocol:0
[   35.315327] firmadyne: sys_socket[PID: 790 (xmldbc)]: family:1, type:2, protocol:0
[   35.356027] firmadyne: sys_socket[PID: 791 (xmldbc)]: family:1, type:2, protocol:0
[   35.396484] firmadyne: sys_socket[PID: 792 (xmldbc)]: family:1, type:2, protocol:0
[   35.437479] firmadyne: sys_socket[PID: 793 (xmldbc)]: family:1, type:2, protocol:0
[   35.479437] firmadyne: sys_socket[PID: 794 (xmldbc)]: family:1, type:2, protocol:0
[   35.520222] firmadyne: sys_socket[PID: 795 (xmldbc)]: family:1, type:2, protocol:0
[   35.547424] cfg80211: Exceeded CRDA call max attempts. Not calling CRDA
[   35.562240] firmadyne: sys_socket[PID: 796 (xmldbc)]: family:1, type:2, protocol:0
[   35.603332] firmadyne: sys_socket[PID: 797 (xmldbc)]: family:1, type:2, protocol:0
[   35.640716] firmadyne: sys_socket[PID: 798 (xmldbc)]: family:1, type:2, protocol:0
[   35.736043] firmadyne: sys_socket[PID: 802 (xmldbc)]: family:1, type:2, protocol:0
[   35.776167] firmadyne: sys_socket[PID: 803 (xmldbc)]: family:1, type:2, protocol:0
[   35.816902] firmadyne: sys_socket[PID: 804 (xmldbc)]: family:1, type:2, protocol:0
[   35.857680] firmadyne: sys_socket[PID: 805 (xmldbc)]: family:1, type:2, protocol:0
[   35.899846] firmadyne: sys_socket[PID: 806 (xmldbc)]: family:1, type:2, protocol:0
[   35.941050] firmadyne: sys_socket[PID: 807 (xmldbc)]: family:1, type:2, protocol:0
[   35.981829] firmadyne: sys_socket[PID: 808 (xmldbc)]: family:1, type:2, protocol:0
[   36.024738] firmadyne: sys_socket[PID: 809 (xmldbc)]: family:1, type:2, protocol:0
[   36.066233] firmadyne: sys_socket[PID: 810 (xmldbc)]: family:1, type:2, protocol:0
[   36.107978] firmadyne: sys_socket[PID: 811 (xmldbc)]: family:1, type:2, protocol:0
[   36.148822] firmadyne: sys_socket[PID: 812 (xmldbc)]: family:1, type:2, protocol:0
[   36.190102] firmadyne: sys_socket[PID: 813 (xmldbc)]: family:1, type:2, protocol:0
[   36.231095] firmadyne: sys_socket[PID: 814 (xmldbc)]: family:1, type:2, protocol:0
[   36.271981] firmadyne: sys_socket[PID: 815 (xmldbc)]: family:1, type:2, protocol:0
[   36.314165] firmadyne: sys_socket[PID: 816 (xmldbc)]: family:1, type:2, protocol:0
[   36.355072] firmadyne: sys_socket[PID: 817 (xmldbc)]: family:1, type:2, protocol:0
[   36.396163] firmadyne: sys_socket[PID: 818 (xmldbc)]: family:1, type:2, protocol:0
[   36.437422] firmadyne: sys_socket[PID: 819 (xmldbc)]: family:1, type:2, protocol:0
[   36.479600] firmadyne: sys_socket[PID: 820 (xmldbc)]: family:1, type:2, protocol:0
[   36.575565] firmadyne: sys_socket[PID: 824 (xmldbc)]: family:1, type:2, protocol:0
[   36.615884] firmadyne: sys_socket[PID: 825 (xmldbc)]: family:1, type:2, protocol:0
[   36.656160] firmadyne: sys_socket[PID: 826 (xmldbc)]: family:1, type:2, protocol:0
[   36.698037] firmadyne: sys_socket[PID: 827 (xmldbc)]: family:1, type:2, protocol:0
[   36.738641] firmadyne: sys_socket[PID: 828 (xmldbc)]: family:1, type:2, protocol:0
[   36.779780] firmadyne: sys_socket[PID: 829 (xmldbc)]: family:1, type:2, protocol:0
[   36.820393] firmadyne: sys_socket[PID: 830 (xmldbc)]: family:1, type:2, protocol:0
[   36.861904] firmadyne: sys_socket[PID: 831 (xmldbc)]: family:1, type:2, protocol:0
[   36.903402] firmadyne: sys_socket[PID: 832 (xmldbc)]: family:1, type:2, protocol:0
[   36.943913] firmadyne: sys_socket[PID: 833 (xmldbc)]: family:1, type:2, protocol:0
[   36.985188] firmadyne: sys_socket[PID: 834 (xmldbc)]: family:1, type:2, protocol:0
[   37.027207] firmadyne: sys_socket[PID: 835 (xmldbc)]: family:1, type:2, protocol:0
[   37.068384] firmadyne: sys_socket[PID: 836 (xmldbc)]: family:1, type:2, protocol:0
[   37.110147] firmadyne: sys_socket[PID: 837 (xmldbc)]: family:1, type:2, protocol:0
[   37.147474] firmadyne: sys_socket[PID: 838 (xmldbc)]: family:1, type:2, protocol:0
[   37.188374] firmadyne: sys_socket[PID: 839 (xmldbc)]: family:1, type:2, protocol:0
[   37.229113] firmadyne: sys_socket[PID: 840 (xmldbc)]: family:1, type:2, protocol:0
[   37.269611] firmadyne: sys_socket[PID: 841 (xmldbc)]: family:1, type:2, protocol:0
[   37.307780] firmadyne: sys_socket[PID: 842 (xmldbc)]: family:1, type:2, protocol:0
[   37.402671] firmadyne: sys_socket[PID: 846 (xmldbc)]: family:1, type:2, protocol:0
[   37.443300] firmadyne: sys_socket[PID: 847 (xmldbc)]: family:1, type:2, protocol:0
[   37.484561] firmadyne: sys_socket[PID: 848 (xmldbc)]: family:1, type:2, protocol:0
[   37.525717] firmadyne: sys_socket[PID: 849 (xmldbc)]: family:1, type:2, protocol:0
[   37.566589] firmadyne: sys_socket[PID: 850 (xmldbc)]: family:1, type:2, protocol:0
[   37.607609] firmadyne: sys_socket[PID: 851 (xmldbc)]: family:1, type:2, protocol:0
[   37.647884] firmadyne: sys_socket[PID: 852 (xmldbc)]: family:1, type:2, protocol:0
[   37.689466] firmadyne: sys_socket[PID: 853 (xmldbc)]: family:1, type:2, protocol:0
[   37.730107] firmadyne: sys_socket[PID: 854 (xmldbc)]: family:1, type:2, protocol:0
[   37.770477] firmadyne: sys_socket[PID: 855 (xmldbc)]: family:1, type:2, protocol:0
[   37.811046] firmadyne: sys_socket[PID: 856 (xmldbc)]: family:1, type:2, protocol:0
[   37.851427] firmadyne: sys_socket[PID: 857 (xmldbc)]: family:1, type:2, protocol:0
[   37.893307] firmadyne: sys_socket[PID: 858 (xmldbc)]: family:1, type:2, protocol:0
[   37.934353] firmadyne: sys_socket[PID: 859 (xmldbc)]: family:1, type:2, protocol:0
[   37.975558] firmadyne: sys_socket[PID: 860 (xmldbc)]: family:1, type:2, protocol:0
[   38.017071] firmadyne: sys_socket[PID: 861 (xmldbc)]: family:1, type:2, protocol:0
[   38.054469] firmadyne: sys_socket[PID: 862 (xmldbc)]: family:1, type:2, protocol:0
[   38.096136] firmadyne: sys_socket[PID: 863 (xmldbc)]: family:1, type:2, protocol:0
[   38.136876] firmadyne: sys_socket[PID: 864 (xmldbc)]: family:1, type:2, protocol:0
[   38.231759] firmadyne: sys_socket[PID: 868 (xmldbc)]: family:1, type:2, protocol:0
[   38.271957] firmadyne: sys_socket[PID: 869 (xmldbc)]: family:1, type:2, protocol:0
[   38.313621] firmadyne: sys_socket[PID: 870 (xmldbc)]: family:1, type:2, protocol:0
[   38.354364] firmadyne: sys_socket[PID: 871 (xmldbc)]: family:1, type:2, protocol:0
[   38.394629] firmadyne: sys_socket[PID: 872 (xmldbc)]: family:1, type:2, protocol:0
[   38.435397] firmadyne: sys_socket[PID: 873 (xmldbc)]: family:1, type:2, protocol:0
[   38.477059] firmadyne: sys_socket[PID: 874 (xmldbc)]: family:1, type:2, protocol:0
[   38.518086] firmadyne: sys_socket[PID: 875 (xmldbc)]: family:1, type:2, protocol:0
[   38.558678] firmadyne: sys_socket[PID: 876 (xmldbc)]: family:1, type:2, protocol:0
[   38.599305] firmadyne: sys_socket[PID: 877 (xmldbc)]: family:1, type:2, protocol:0
[   38.640177] firmadyne: sys_socket[PID: 878 (xmldbc)]: family:1, type:2, protocol:0
[   38.682190] firmadyne: sys_socket[PID: 879 (xmldbc)]: family:1, type:2, protocol:0
[   38.723418] firmadyne: sys_socket[PID: 880 (xmldbc)]: family:1, type:2, protocol:0
[   38.764186] firmadyne: sys_socket[PID: 881 (xmldbc)]: family:1, type:2, protocol:0
[   38.805014] firmadyne: sys_socket[PID: 882 (xmldbc)]: family:1, type:2, protocol:0
[   38.846500] firmadyne: sys_socket[PID: 883 (xmldbc)]: family:1, type:2, protocol:0
[   38.888962] firmadyne: sys_socket[PID: 884 (xmldbc)]: family:1, type:2, protocol:0
[   38.926312] firmadyne: sys_socket[PID: 885 (xmldbc)]: family:1, type:2, protocol:0
[   38.966834] firmadyne: sys_socket[PID: 886 (xmldbc)]: family:1, type:2, protocol:0
[   39.063203] firmadyne: sys_socket[PID: 890 (xmldbc)]: family:1, type:2, protocol:0
[   39.104790] firmadyne: sys_socket[PID: 891 (xmldbc)]: family:1, type:2, protocol:0
[   39.145772] firmadyne: sys_socket[PID: 892 (xmldbc)]: family:1, type:2, protocol:0
[   39.187138] firmadyne: sys_socket[PID: 893 (xmldbc)]: family:1, type:2, protocol:0
[   39.227690] firmadyne: sys_socket[PID: 894 (xmldbc)]: family:1, type:2, protocol:0
[   39.268426] firmadyne: sys_socket[PID: 895 (xmldbc)]: family:1, type:2, protocol:0
[   39.310413] firmadyne: sys_socket[PID: 896 (xmldbc)]: family:1, type:2, protocol:0
[   39.351635] firmadyne: sys_socket[PID: 897 (xmldbc)]: family:1, type:2, protocol:0
[   39.392199] firmadyne: sys_socket[PID: 898 (xmldbc)]: family:1, type:2, protocol:0
[   39.432791] firmadyne: sys_socket[PID: 899 (xmldbc)]: family:1, type:2, protocol:0
[   39.473651] firmadyne: sys_socket[PID: 900 (xmldbc)]: family:1, type:2, protocol:0
[   39.515403] firmadyne: sys_socket[PID: 901 (xmldbc)]: family:1, type:2, protocol:0
[   39.556369] firmadyne: sys_socket[PID: 902 (xmldbc)]: family:1, type:2, protocol:0
[   39.597482] firmadyne: sys_socket[PID: 903 (xmldbc)]: family:1, type:2, protocol:0
[   39.638356] firmadyne: sys_socket[PID: 904 (xmldbc)]: family:1, type:2, protocol:0
[   39.680654] firmadyne: sys_socket[PID: 905 (xmldbc)]: family:1, type:2, protocol:0
[   39.724636] firmadyne: sys_socket[PID: 906 (xmldbc)]: family:1, type:2, protocol:0
[   39.761753] firmadyne: sys_socket[PID: 907 (xmldbc)]: family:1, type:2, protocol:0
[   39.802835] firmadyne: sys_socket[PID: 908 (xmldbc)]: family:1, type:2, protocol:0
[   39.900219] firmadyne: sys_socket[PID: 912 (xmldbc)]: family:1, type:2, protocol:0
[   39.941805] firmadyne: sys_socket[PID: 913 (xmldbc)]: family:1, type:2, protocol:0
[   39.983242] firmadyne: sys_socket[PID: 914 (xmldbc)]: family:1, type:2, protocol:0
[   40.024782] firmadyne: sys_socket[PID: 915 (xmldbc)]: family:1, type:2, protocol:0
[   40.065960] firmadyne: sys_socket[PID: 916 (xmldbc)]: family:1, type:2, protocol:0
[   40.108350] firmadyne: sys_socket[PID: 917 (xmldbc)]: family:1, type:2, protocol:0
[   40.149458] firmadyne: sys_socket[PID: 918 (xmldbc)]: family:1, type:2, protocol:0
[   40.190562] firmadyne: sys_socket[PID: 919 (xmldbc)]: family:1, type:2, protocol:0
[   40.231607] firmadyne: sys_socket[PID: 920 (xmldbc)]: family:1, type:2, protocol:0
[   40.272238] firmadyne: sys_socket[PID: 921 (xmldbc)]: family:1, type:2, protocol:0
[   40.316828] firmadyne: sys_socket[PID: 922 (xmldbc)]: family:1, type:2, protocol:0
[   40.357632] firmadyne: sys_socket[PID: 923 (xmldbc)]: family:1, type:2, protocol:0
[   40.398539] firmadyne: sys_socket[PID: 924 (xmldbc)]: family:1, type:2, protocol:0
[   40.439170] firmadyne: sys_socket[PID: 925 (xmldbc)]: family:1, type:2, protocol:0
[   40.480877] firmadyne: sys_socket[PID: 926 (xmldbc)]: family:1, type:2, protocol:0
[   40.522161] firmadyne: sys_socket[PID: 927 (xmldbc)]: family:1, type:2, protocol:0
[   40.563230] firmadyne: sys_socket[PID: 928 (xmldbc)]: family:1, type:2, protocol:0
[   40.603918] firmadyne: sys_socket[PID: 929 (xmldbc)]: family:1, type:2, protocol:0
[   40.644962] firmadyne: sys_socket[PID: 930 (xmldbc)]: family:1, type:2, protocol:0
[   40.774015] firmadyne: sys_socket[PID: 935 (xmldbc)]: family:1, type:2, protocol:0
[   40.814805] firmadyne: sys_socket[PID: 936 (xmldbc)]: family:1, type:2, protocol:0
[   40.856880] firmadyne: sys_socket[PID: 937 (xmldbc)]: family:1, type:2, protocol:0
[   40.899272] firmadyne: sys_socket[PID: 938 (xmldbc)]: family:1, type:2, protocol:0
[   40.939899] firmadyne: sys_socket[PID: 939 (xmldbc)]: family:1, type:2, protocol:0
[   40.980654] firmadyne: sys_socket[PID: 940 (xmldbc)]: family:1, type:2, protocol:0
[   41.077413] firmadyne: sys_socket[PID: 944 (xmldbc)]: family:1, type:2, protocol:0
[   41.118617] firmadyne: sys_socket[PID: 945 (xmldbc)]: family:1, type:2, protocol:0
[   41.160337] firmadyne: sys_socket[PID: 946 (xmldbc)]: family:1, type:2, protocol:0
[   41.201411] firmadyne: sys_socket[PID: 947 (xmldbc)]: family:1, type:2, protocol:0
[   41.242194] firmadyne: sys_socket[PID: 948 (xmldbc)]: family:1, type:2, protocol:0
[   41.283565] firmadyne: sys_socket[PID: 949 (xmldbc)]: family:1, type:2, protocol:0
[   41.404729] firmadyne: sys_socket[PID: 954 (xmldbc)]: family:1, type:2, protocol:0
[   41.500529] firmadyne: sys_socket[PID: 958 (xmldbc)]: family:1, type:2, protocol:0
[   41.595657] firmadyne: sys_socket[PID: 962 (xmldbc)]: family:1, type:2, protocol:0
[   41.691980] firmadyne: sys_socket[PID: 966 (xmldbc)]: family:1, type:2, protocol:0
[   41.786548] firmadyne: sys_socket[PID: 970 (xmldbc)]: family:1, type:2, protocol:0
[   41.897764] firmadyne: sys_socket[PID: 974 (xmldbc)]: family:1, type:2, protocol:0
[   41.994895] firmadyne: sys_socket[PID: 978 (xmldbc)]: family:1, type:2, protocol:0
[   42.087827] firmadyne: sys_socket[PID: 982 (xmldbc)]: family:1, type:2, protocol:0
[   42.183295] firmadyne: sys_socket[PID: 986 (xmldbc)]: family:1, type:2, protocol:0
[   42.280825] firmadyne: sys_socket[PID: 990 (xmldbc)]: family:1, type:2, protocol:0
[   42.376335] firmadyne: sys_socket[PID: 994 (xmldbc)]: family:1, type:2, protocol:0
[   42.471715] firmadyne: sys_socket[PID: 998 (xmldbc)]: family:1, type:2, protocol:0
[   42.567857] firmadyne: sys_socket[PID: 1002 (xmldbc)]: family:1, type:2, protocol:0
[   42.662713] firmadyne: sys_socket[PID: 1006 (xmldbc)]: family:1, type:2, protocol:0
[   42.758558] firmadyne: sys_socket[PID: 1010 (xmldbc)]: family:1, type:2, protocol:0
[   42.853709] firmadyne: sys_socket[PID: 1014 (xmldbc)]: family:1, type:2, protocol:0
[   42.950331] firmadyne: sys_socket[PID: 1018 (xmldbc)]: family:1, type:2, protocol:0
[   43.047534] firmadyne: sys_socket[PID: 1022 (xmldbc)]: family:1, type:2, protocol:0
[   43.140739] firmadyne: sys_socket[PID: 1026 (xmldbc)]: family:1, type:2, protocol:0
[   43.236252] firmadyne: sys_socket[PID: 1030 (xmldbc)]: family:1, type:2, protocol:0
[   43.332867] firmadyne: sys_socket[PID: 1034 (xmldbc)]: family:1, type:2, protocol:0
[   43.427930] firmadyne: sys_socket[PID: 1038 (xmldbc)]: family:1, type:2, protocol:0
[   43.524711] firmadyne: sys_socket[PID: 1042 (xmldbc)]: family:1, type:2, protocol:0
[   43.620507] firmadyne: sys_socket[PID: 1046 (xmldbc)]: family:1, type:2, protocol:0
[   43.717561] firmadyne: sys_socket[PID: 1050 (xmldbc)]: family:1, type:2, protocol:0
[   43.812691] firmadyne: sys_socket[PID: 1054 (xmldbc)]: family:1, type:2, protocol:0
[   43.909599] firmadyne: sys_socket[PID: 1058 (xmldbc)]: family:1, type:2, protocol:0
[   44.004704] firmadyne: sys_socket[PID: 1062 (xmldbc)]: family:1, type:2, protocol:0
[   44.101592] firmadyne: sys_socket[PID: 1066 (xmldbc)]: family:1, type:2, protocol:0
[   44.197249] firmadyne: sys_socket[PID: 1070 (xmldbc)]: family:1, type:2, protocol:0
[   44.293729] firmadyne: sys_socket[PID: 1074 (xmldbc)]: family:1, type:2, protocol:0
[   44.387928] firmadyne: sys_socket[PID: 1078 (xmldbc)]: family:1, type:2, protocol:0
[   44.483788] firmadyne: sys_socket[PID: 1082 (xmldbc)]: family:1, type:2, protocol:0
[   44.524408] firmadyne: sys_socket[PID: 1083 (xmldbc)]: family:1, type:2, protocol:0
[   44.565290] firmadyne: sys_socket[PID: 1084 (xmldbc)]: family:1, type:2, protocol:0
[   44.605870] firmadyne: sys_socket[PID: 1085 (xmldbc)]: family:1, type:2, protocol:0
[   44.646272] firmadyne: sys_socket[PID: 1086 (xmldbc)]: family:1, type:2, protocol:0
[   44.688736] firmadyne: sys_socket[PID: 1087 (xmldbc)]: family:1, type:2, protocol:0
[   44.730088] firmadyne: sys_socket[PID: 1088 (xmldbc)]: family:1, type:2, protocol:0
[   44.771388] firmadyne: sys_socket[PID: 1089 (xmldbc)]: family:1, type:2, protocol:0
[   44.812550] firmadyne: sys_socket[PID: 1090 (xmldbc)]: family:1, type:2, protocol:0
PHP [/etc/defnodes/S11setnodes.php] ...
[   44.897483] firmadyne: sys_socket[PID: 1093 (rgdb)]: family:1, type:2, protocol:0
PHP [/etc/defnodes/S12features.php] ...
[   45.486628] firmadyne: sys_socket[PID: 1106 (rgdb)]: family:1, type:2, protocol:0
PHP [/etc/defnodes/S13flashspeed.php] ...
[   45.576842] firmadyne: sys_socket[PID: 1109 (rgdb)]: family:1, type:2, protocol:0
PHP [/etc/defnodes/S20setnodes.php] ...
[   45.759920] firmadyne: sys_socket[PID: 1114 (rgdb)]: family:1, type:2, protocol:0
[   46.079521] UDF-fs: warning (device mtdblock4): udf_fill_super: No partition found (2)
mount: mounting /dev/mtdblock/4 on /www/locale/alt failed: Invalid argument
PHP [/etc/defnodes/S40brand.php] ...
[   46.158155] firmadyne: sys_socket[PID: 1126 (rgdb)]: family:1, type:2, protocol:0
[/etc/scripts/misc/defnodes.sh] Done !!
[/etc/scripts/misc/profile.sh] put ...
[   46.618079] firmadyne: sys_socket[PID: 1134 (rgdb)]: family:1, type:2, protocol:0
ok
[   47.314468] firmadyne: sys_socket[PID: 1140 (rgdb)]: family:1, type:2, protocol:0
[   47.368069] firmadyne: sys_socket[PID: 1142 (rgdb)]: family:1, type:2, protocol:0
[/etc/templates/timezone.sh] ...
[   47.489059] firmadyne: sys_socket[PID: 1147 (rgdb)]: family:1, type:2, protocol:0
[   47.620704] firmadyne: sys_socket[PID: 1152 (rgdb)]: family:1, type:2, protocol:0
[   50.283452] firmadyne: sys_socket[PID: 1156 (rgdb)]: family:1, type:2, protocol:0
[   50.343142] firmadyne: sys_socket[PID: 1158 (rgdb)]: family:1, type:2, protocol:0
[   50.401577] firmadyne: sys_socket[PID: 1160 (rgdb)]: family:1, type:2, protocol:0
[   50.460429] firmadyne: sys_socket[PID: 1162 (rgdb)]: family:1, type:2, protocol:0
[   50.520375] firmadyne: sys_socket[PID: 1164 (rgdb)]: family:1, type:2, protocol:0
[   50.578375] firmadyne: sys_socket[PID: 1166 (rgdb)]: family:1, type:2, protocol:0
[   50.637453] firmadyne: sys_socket[PID: 1168 (rgdb)]: family:1, type:2, protocol:0
[   50.698180] firmadyne: sys_socket[PID: 1170 (rgdb)]: family:1, type:2, protocol:0
[   50.757113] firmadyne: sys_socket[PID: 1172 (rgdb)]: family:1, type:2, protocol:0
[   50.816670] firmadyne: sys_socket[PID: 1174 (rgdb)]: family:1, type:2, protocol:0
[   50.877551] firmadyne: sys_socket[PID: 1176 (rgdb)]: family:1, type:2, protocol:0
[/etc/templates/logs.sh] ...
[   51.573081] firmadyne: sys_socket[PID: 1204 (rgdb)]: family:1, type:2, protocol:0
[   51.640763] firmadyne: sys_socket[PID: 1206 (rgdb)]: family:1, type:2, protocol:0
[/var/run/logs_run.sh] ...
[   52.068699] firmadyne: sys_socket[PID: 1211 (syslogd)]: family:1, type:1, protocol:0
[   52.162243] firmadyne: sys_socket[PID: 1216 (rgdb)]: family:1, type:2, protocol:0
[   52.305063] firmadyne: sys_socket[PID: 1220 (ifconfig)]: family:2, type:1, protocol:0
[   52.328288] 8021q: adding VLAN 0 to HW filter on device eth0
[   52.333002] e1000: eth0 NIC Link is Up 1000 Mbps Full Duplex, Flow Control: RX
[   55.401948] firmadyne: sys_socket[PID: 1222 (rgdb)]: family:1, type:2, protocol:0
[   55.635754] firmadyne: sys_socket[PID: 1234 (rgdb)]: family:1, type:2, protocol:0
[   55.770274] firmadyne: sys_socket[PID: 1240 (rgdb)]: family:1, type:2, protocol:0
[   55.788081] firmadyne: sys_socket[PID: 1241 (ifconfig)]: family:2, type:1, protocol:0
[   55.789816] firmadyne: __inet_insert_ifa[PID: 1241 (ifconfig)]: device:lo ifa:0x7f000001
[   55.830978] firmadyne: sys_socket[PID: 1242 (brctl)]: family:2, type:2, protocol:0
[   55.908403] firmadyne: sys_socket[PID: 1245 (brctl)]: family:2, type:2, protocol:0
[   55.911494] firmadyne: sys_socket[PID: 1245 (brctl)]: family:10, type:1, protocol:0
[   55.950524] firmadyne: sys_socket[PID: 1246 (brctl)]: family:2, type:2, protocol:0
[   55.953045] firmadyne: sys_socket[PID: 1246 (brctl)]: family:10, type:1, protocol:0
[/etc/init.d/S03config.sh] done!
[/etc/init.d/S10system.sh]
start Layout ...
[/etc/scripts/layout.sh] start ...
[   56.221424] firmadyne: sys_socket[PID: 1256 (rgdb)]: family:1, type:2, protocol:0
[   56.316736] firmadyne: sys_socket[PID: 1257 (rgdb)]: family:1, type:2, protocol:0
[/var/run/layout_start.sh] ...
Start bridge layout ...
[   56.427553] firmadyne: sys_socket[PID: 1261 (ifconfig)]: family:2, type:1, protocol:0
[   56.462147] firmadyne: sys_socket[PID: 1262 (brctl)]: family:2, type:2, protocol:0
[   56.465233] firmadyne: sys_socket[PID: 1262 (brctl)]: family:10, type:1, protocol:0
[   56.467921] firmadyne: sys_socket[PID: 1262 (brctl)]: family:10, type:1, protocol:0
[   56.469173] firmadyne: br_add_if[PID: 1262 (brctl)]: br:br0 dev:eth0
[   56.473899] device eth0 entered promiscuous mode
[   56.542298] firmadyne: sys_socket[PID: 1265 (xmldbc)]: family:1, type:2, protocol:0
[   56.604577] firmadyne: sys_socket[PID: 1268 (ifconfig)]: family:2, type:1, protocol:0
[   56.605974] br0: port 1(eth0) entered forwarding state
[   56.606657] br0: port 1(eth0) entered forwarding state
[   56.644190] firmadyne: sys_socket[PID: 1269 (rgdb)]: family:1, type:2, protocol:0
start LAN ...
[/etc/templates/lan.sh] ...
[   56.763229] firmadyne: sys_socket[PID: 1274 (rgdb)]: family:1, type:2, protocol:0
[   56.871058] firmadyne: sys_socket[PID: 1277 (rgdb)]: family:1, type:2, protocol:0
[   56.950191] firmadyne: sys_socket[PID: 1278 (rgdb)]: family:1, type:2, protocol:0
[/var/run/lan_start.sh] ...
Bridge mode selected, LAN is disabled !
start web server ...
[/etc/templates/webs.sh] start ...
[   57.163264] firmadyne: sys_socket[PID: 1286 (rgdb)]: family:1, type:2, protocol:0
[   57.225694] firmadyne: sys_socket[PID: 1288 (rgdb)]: family:1, type:2, protocol:0
[   57.332412] firmadyne: sys_socket[PID: 1291 (rgdb)]: family:1, type:2, protocol:0
[   57.442720] firmadyne: sys_socket[PID: 1292 (rgdb)]: family:1, type:2, protocol:0
[/var/run/webs_start.sh] ...
Starting HTTPD ...
start eth0 vlan setup ...
/etc/scripts/eth_vlan.sh: not found
[   57.730686] firmadyne: sys_socket[PID: 1302 (rgdb)]: family:1, type:2, protocol:0
[   57.751890] firmadyne: sys_socket[PID: 1303 (rgdb)]: family:1, type:2, protocol:0
[   57.898164] firmadyne: sys_socket[PID: 1304 (rgdb)]: family:1, type:2, protocol:0
#!/bin/sh
echo [$0] ... > /dev/console

# limitedadmin.php <<<

limitedadmin.sh...
[   58.117394] firmadyne: sys_socket[PID: 1308 (brctl)]: family:2, type:2, protocol:0
[   58.123926] firmadyne: sys_socket[PID: 1308 (brctl)]: family:10, type:1, protocol:0
[   58.195789] firmadyne: sys_socket[PID: 1309 (brctl)]: family:2, type:2, protocol:0
[   58.198097] firmadyne: sys_socket[PID: 1309 (brctl)]: family:10, type:1, protocol:0
[   58.277015] firmadyne: sys_socket[PID: 1310 (brctl)]: family:2, type:2, protocol:0
[   58.283539] firmadyne: sys_socket[PID: 1310 (brctl)]: family:10, type:1, protocol:0
[   58.355949] firmadyne: sys_socket[PID: 1311 (brctl)]: family:2, type:2, protocol:0
[   58.358324] firmadyne: sys_socket[PID: 1311 (brctl)]: family:10, type:1, protocol:0
[   58.429655] firmadyne: sys_socket[PID: 1312 (brctl)]: family:2, type:2, protocol:0
[   58.436038] firmadyne: sys_socket[PID: 1312 (brctl)]: family:10, type:1, protocol:0
[   58.512366] firmadyne: sys_socket[PID: 1313 (brctl)]: family:2, type:2, protocol:0
[   58.514600] firmadyne: sys_socket[PID: 1313 (brctl)]: family:10, type:1, protocol:0
start fresetd ...
enable LAN ports ...
[   58.708816] firmadyne: sys_socket[PID: 1315 (servd)]: family:1, type:2, protocol:0
Factory reset time : 5 secs
System reset time  : 1 secs
WPS command : [/etc/templates/wps.sh pbc &]
[   58.805084] firmadyne: sys_socket[PID: 1306 (httpd)]: family:10, type:2, protocol:6
[   58.806040] firmadyne: sys_setsockopt[PID: 1306 (httpd)]: fd:4, level:65535, optname:4
[/etc/scripts/enlan.sh] ...
/dev/gpio: No such device or address
[   58.846343] firmadyne: sys_socket[PID: 1318 (fresetd)]: family:1, type:1, protocol:0
 Generate channel table according to the country code...
[   58.949940] firmadyne: sys_socket[PID: 1330 (httpd)]: family:1, type:1, protocol:0
[   58.972204] firmadyne: sys_socket[PID: 1331 (genchanneltable)]: family:1, type:2, protocol:0
[   58.981872] firmadyne: sys_socket[PID: 1331 (genchanneltable)]: family:1, type:2, protocol:0
[   58.992847] firmadyne: sys_socket[PID: 1331 (genchanneltable)]: family:1, type:2, protocol:0
[   59.012486] firmadyne: sys_socket[PID: 1332 (getsys)]: family:1, type:2, protocol:0
UNKNOW country code!! Use USA for default!!
[   59.086409] firmadyne: sys_socket[PID: 1331 (genchanneltable)]: family:1, type:2, protocol:0
[   59.089277] firmadyne: sys_socket[PID: 1332 (getsys)]: family:1, type:2, protocol:0
[   59.095726] firmadyne: sys_socket[PID: 1332 (getsys)]: family:1, type:2, protocol:0
[   59.098604] firmadyne: sys_socket[PID: 1331 (genchanneltable)]: family:1, type:2, protocol:0
[   59.103541] firmadyne: sys_socket[PID: 1332 (getsys)]: family:1, type:2, protocol:0
[   59.106361] firmadyne: sys_socket[PID: 1331 (genchanneltable)]: family:1, type:2, protocol:0
[   59.111263] firmadyne: sys_socket[PID: 1332 (getsys)]: family:1, type:2, protocol:0
[   59.114065] firmadyne: sys_socket[PID: 1331 (genchanneltable)]: family:1, type:2, protocol:0
[   59.118806] firmadyne: sys_socket[PID: 1332 (getsys)]: family:1, type:2, protocol:0
[   59.121809] firmadyne: sys_socket[PID: 1331 (genchanneltable)]: family:1, type:2, protocol:0
[   59.126493] firmadyne: sys_socket[PID: 1332 (getsys)]: family:1, type:2, protocol:0
[   59.129487] firmadyne: sys_socket[PID: 1331 (genchanneltable)]: family:1, type:2, protocol:0
[   59.134350] firmadyne: sys_socket[PID: 1332 (getsys)]: family:1, type:2, protocol:0
[   59.137365] firmadyne: sys_socket[PID: 1331 (genchanneltable)]: family:1, type:2, protocol:0
[   59.142630] firmadyne: sys_socket[PID: 1332 (getsys)]: family:1, type:2, protocol:0
[   59.145932] firmadyne: sys_socket[PID: 1331 (genchanneltable)]: family:1, type:2, protocol:0
[   59.151092] firmadyne: sys_socket[PID: 1332 (getsys)]: family:1, type:2, protocol:0
[   59.153948] firmadyne: sys_socket[PID: 1331 (genchanneltable)]: family:1, type:2, protocol:0
[   59.159003] firmadyne: sys_socket[PID: 1332 (getsys)]: family:1, type:2, protocol:0
[   59.161959] firmadyne: sys_socket[PID: 1331 (genchanneltable)]: family:1, type:2, protocol:0
[   59.166976] firmadyne: sys_socket[PID: 1332 (getsys)]: family:1, type:2, protocol:0
[   59.169918] firmadyne: sys_socket[PID: 1331 (genchanneltable)]: family:1, type:2, protocol:0
[   59.174824] firmadyne: sys_socket[PID: 1332 (getsys)]: family:1, type:2, protocol:0
[   59.177951] firmadyne: sys_socket[PID: 1331 (genchanneltable)]: family:1, type:2, protocol:0
[   59.182802] firmadyne: sys_socket[PID: 1332 (getsys)]: family:1, type:2, protocol:0
[   59.185923] firmadyne: sys_socket[PID: 1331 (genchanneltable)]: family:1, type:2, protocol:0
[   59.190724] firmadyne: sys_socket[PID: 1332 (getsys)]: family:1, type:2, protocol:0
[   59.193814] firmadyne: sys_socket[PID: 1331 (genchanneltable)]: family:1, type:2, protocol:0
[   59.198587] firmadyne: sys_socket[PID: 1332 (getsys)]: family:1, type:2, protocol:0
[   59.201736] firmadyne: sys_socket[PID: 1331 (genchanneltable)]: family:1, type:2, protocol:0
[   59.206565] firmadyne: sys_socket[PID: 1332 (getsys)]: family:1, type:2, protocol:0
[   59.209705] firmadyne: sys_socket[PID: 1331 (genchanneltable)]: family:1, type:2, protocol:0
[   59.217157] firmadyne: sys_socket[PID: 1332 (getsys)]: family:1, type:2, protocol:0
[   59.220802] firmadyne: sys_socket[PID: 1331 (genchanneltable)]: family:1, type:2, protocol:0
[   59.232634] firmadyne: sys_socket[PID: 1331 (genchanneltable)]: family:1, type:2, protocol:0
[   59.237448] firmadyne: sys_socket[PID: 1331 (genchanneltable)]: family:1, type:2, protocol:0
[   59.241721] firmadyne: sys_socket[PID: 1331 (genchanneltable)]: family:1, type:2, protocol:0
[   59.249679] firmadyne: sys_socket[PID: 1331 (genchanneltable)]: family:1, type:2, protocol:0
[   59.254045] firmadyne: sys_socket[PID: 1331 (genchanneltable)]: family:1, type:2, protocol:0
[   59.264096] firmadyne: sys_socket[PID: 1331 (genchanneltable)]: family:1, type:2, protocol:0
[   59.268824] firmadyne: sys_socket[PID: 1331 (genchanneltable)]: family:1, type:2, protocol:0
[   59.273792] firmadyne: sys_socket[PID: 1331 (genchanneltable)]: family:1, type:2, protocol:0
[   59.281959] firmadyne: sys_socket[PID: 1331 (genchanneltable)]: family:1, type:2, protocol:0
/dev/gpio: No such device or address
[   59.293825] firmadyne: sys_socket[PID: 1331 (genchanneltable)]: family:1, type:2, protocol:0
[   59.298162] firmadyne: sys_socket[PID: 1331 (genchanneltable)]: family:1, type:2, protocol:0
[   59.302903] firmadyne: sys_socket[PID: 1331 (genchanneltable)]: family:1, type:2, protocol:0
 Generate VLAN table according to the port...
[   59.354411] firmadyne: sys_socket[PID: 1340 (genVLANTableByP)]: family:1, type:2, protocol:0
[   59.359586] firmadyne: sys_socket[PID: 1340 (genVLANTableByP)]: family:1, type:2, protocol:0
[   59.364095] firmadyne: sys_socket[PID: 1340 (genVLANTableByP)]: family:1, type:2, protocol:0
[   59.368596] firmadyne: sys_socket[PID: 1340 (genVLANTableByP)]: family:1, type:2, protocol:0
[   59.373121] firmadyne: sys_socket[PID: 1340 (genVLANTableByP)]: family:1, type:2, protocol:0
[   59.377024] firmadyne: sys_socket[PID: 1340 (genVLANTableByP)]: family:1, type:2, protocol:0
[   59.381300] firmadyne: sys_socket[PID: 1340 (genVLANTableByP)]: family:1, type:2, protocol:0
[   59.385353] firmadyne: sys_socket[PID: 1340 (genVLANTableByP)]: family:1, type:2, protocol:0
[   59.389382] firmadyne: sys_socket[PID: 1340 (genVLANTableByP)]: family:1, type:2, protocol:0
[   59.393352] firmadyne: sys_socket[PID: 1340 (genVLANTableByP)]: family:1, type:2, protocol:0
[   59.397375] firmadyne: sys_socket[PID: 1340 (genVLANTableByP)]: family:1, type:2, protocol:0
[   59.401347] firmadyne: sys_socket[PID: 1340 (genVLANTableByP)]: family:1, type:2, protocol:0
[   59.405366] firmadyne: sys_socket[PID: 1340 (genVLANTableByP)]: family:1, type:2, protocol:0
[   59.409342] firmadyne: sys_socket[PID: 1340 (genVLANTableByP)]: family:1, type:2, protocol:0
[   59.413307] firmadyne: sys_socket[PID: 1340 (genVLANTableByP)]: family:1, type:2, protocol:0
[   59.417277] firmadyne: sys_socket[PID: 1340 (genVLANTableByP)]: family:1, type:2, protocol:0
[   59.421175] firmadyne: sys_socket[PID: 1340 (genVLANTableByP)]: family:1, type:2, protocol:0
[   59.425155] firmadyne: sys_socket[PID: 1340 (genVLANTableByP)]: family:1, type:2, protocol:0
[   59.429116] firmadyne: sys_socket[PID: 1340 (genVLANTableByP)]: family:1, type:2, protocol:0
[   59.433088] firmadyne: sys_socket[PID: 1340 (genVLANTableByP)]: family:1, type:2, protocol:0
[   59.437053] firmadyne: sys_socket[PID: 1340 (genVLANTableByP)]: family:1, type:2, protocol:0
