[    0.000000] Linux version 4.1.17+ (alessio@pc) (gcc version 5.5.0 20171010 (Ubuntu 5.5.0-12ubuntu1) ) #1 Mon May 15 23:04:08 CEST 2023
[    0.000000] earlycon: Early serial console at I/O port 0x3f8 (options '38400n8')
[    0.000000] bootconsole [uart0] enabled
[    0.000000] CPU0 revision is: 00019300 (MIPS 24Kc)
[    0.000000] FPU revision is: 00739300
[    0.000000] Software DMA cache coherency enabled
[    0.000000] Determined physical RAM map:
[    0.000000]  memory: 00001000 @ 00000000 (reserved)
[    0.000000]  memory: 000ef000 @ 00001000 (ROM data)
[    0.000000]  memory: 00798000 @ 000f0000 (reserved)
[    0.000000]  memory: 0f777000 @ 00888000 (usable)
[    0.000000] debug: ignoring loglevel setting.
[    0.000000] Wasting 69888 bytes for tracking 2184 unused pages
[    0.000000] Initrd not found or empty - disabling initrd
[    0.000000] Zone ranges:
[    0.000000]   DMA      [mem 0x0000000000000000-0x0000000000ffffff]
[    0.000000]   Normal   [mem 0x0000000001000000-0x000000000fffefff]
[    0.000000] Movable zone start for each node
[    0.000000] Early memory node ranges
[    0.000000]   node   0: [mem 0x0000000000000000-0x000000000fffefff]
[    0.000000] Initmem setup node 0 [mem 0x0000000000000000-0x000000000fffefff]
[    0.000000] On node 0 totalpages: 65535
[    0.000000] free_area_init_node: node 0, pgdat 8081d5b0, node_mem_map 81000000
[    0.000000]   DMA zone: 32 pages used for memmap
[    0.000000]   DMA zone: 0 pages reserved
[    0.000000]   DMA zone: 4096 pages, LIFO batch:0
[    0.000000]   Normal zone: 480 pages used for memmap
[    0.000000]   Normal zone: 61439 pages, LIFO batch:15
[    0.000000] Primary instruction cache 2kB, VIPT, 2-way, linesize 16 bytes.
[    0.000000] Primary data cache 2kB, 2-way, VIPT, no aliases, linesize 16 bytes
[    0.000000] pcpu-alloc: s0 r0 d32768 u32768 alloc=1*32768
[    0.000000] pcpu-alloc: [0] 0 
[    0.000000] Built 1 zonelists in Zone order, mobility grouping on.  Total pages: 65023
[    0.000000] Kernel command line: root=/dev/sda1 console=ttyS0 nandsim.parts=64,64,64,64,64,64,64,64,64,64 rdinit=/firmadyne/preInit.sh rw debug ignore_loglevel print-fatal-signals=1 FIRMAE_NET=true FIRMAE_NVRAM=true FIRMAE_KERNEL=true FIRMAE_ETC=true user_debug=0 firmadyne.syscall=1 noka
[    0.000000] found FIRMAE_KERNEL=t
[    0.000000] set the LD_PRELOAD=/firmadyne/libnvram_ioctl.so
[    0.000000] PID hash table entries: 1024 (order: 0, 4096 bytes)
[    0.000000] Dentry cache hash table entries: 32768 (order: 5, 131072 bytes)
[    0.000000] Inode-cache hash table entries: 16384 (order: 4, 65536 bytes)
[    0.000000] Writing ErrCtl register=00000000
[    0.000000] Readback ErrCtl register=00000000
[    0.000000] Memory: 251112K/262140K available (5360K kernel code, 244K rwdata, 1676K rodata, 260K init, 158K bss, 11028K reserved, 0K cma-reserved)
[    0.000000] NR_IRQS:256
[    0.000000] CPU frequency 200.00 MHz
[    0.000000] clocksource MIPS: mask: 0xffffffff max_cycles: 0xffffffff, max_idle_ns: 19112544259 ns
[    0.000206] sched_clock: 32 bits at 100MHz, resolution 9ns, wraps every 21474768891ns
[    0.015463] Console: colour dummy device 80x25
[    0.016680] Calibrating delay loop... 25.37 BogoMIPS (lpj=50752)
[    0.069147] pid_max: default: 32768 minimum: 301
[    0.073531] Mount-cache hash table entries: 1024 (order: 0, 4096 bytes)
[    0.074043] Mountpoint-cache hash table entries: 1024 (order: 0, 4096 bytes)
[    0.139790] clocksource jiffies: mask: 0xffffffff max_cycles: 0xffffffff, max_idle_ns: 7645041785100000 ns
[    0.150705] NET: Registered protocol family 16
[    0.432763] clocksource pit: mask: 0xffffffff max_cycles: 0xffffffff, max_idle_ns: 1601818034827 ns
[    0.595974] vgaarb: loaded
[    0.601745] SCSI subsystem initialized
[    0.604301] libata version 3.00 loaded.
[    0.608795] usbcore: registered new interface driver usbfs
[    0.610233] usbcore: registered new interface driver hub
[    0.611320] usbcore: registered new device driver usb
[    0.614265] pps_core: LinuxPPS API ver. 1 registered
[    0.614665] pps_core: Software ver. 5.3.6 - Copyright 2005-2007 Rodolfo Giometti <giometti@linux.it>
[    0.615603] PTP clock support registered
[    0.620893] PCI host bridge to bus 0000:00
[    0.621723] pci_bus 0000:00: root bus resource [mem 0x10000000-0x17ffffff]
[    0.622388] pci_bus 0000:00: root bus resource [io  0x1000-0x1fffff]
[    0.623010] pci_bus 0000:00: root bus resource [??? 0x00000000 flags 0x0]
[    0.623626] pci_bus 0000:00: No busn resource found for root bus, will use [bus 00-ff]
[    0.625147] pci 0000:00:00.0: [11ab:4620] type 00 class 0x060000
[    0.626122] pci 0000:00:00.0: [Firmware Bug]: reg 0x14: invalid BAR (can't size)
[    0.626738] pci 0000:00:00.0: [Firmware Bug]: reg 0x18: invalid BAR (can't size)
[    0.627351] pci 0000:00:00.0: [Firmware Bug]: reg 0x1c: invalid BAR (can't size)
[    0.627956] pci 0000:00:00.0: [Firmware Bug]: reg 0x20: invalid BAR (can't size)
[    0.628581] pci 0000:00:00.0: [Firmware Bug]: reg 0x24: invalid BAR (can't size)
[    0.632788] pci 0000:00:0a.0: [8086:7110] type 00 class 0x060100
[    0.636401] pci 0000:00:0a.1: [8086:7111] type 00 class 0x010180
[    0.637321] pci 0000:00:0a.1: reg 0x20: [io  0x0000-0x000f]
[    0.637922] pci 0000:00:0a.1: legacy IDE quirk: reg 0x10: [io  0x01f0-0x01f7]
[    0.638499] pci 0000:00:0a.1: legacy IDE quirk: reg 0x14: [io  0x03f6]
[    0.639057] pci 0000:00:0a.1: legacy IDE quirk: reg 0x18: [io  0x0170-0x0177]
[    0.639630] pci 0000:00:0a.1: legacy IDE quirk: reg 0x1c: [io  0x0376]
[    0.643023] pci 0000:00:0a.2: [8086:7112] type 00 class 0x0c0300
[    0.643707] pci 0000:00:0a.2: reg 0x20: [io  0x0000-0x001f]
[    0.647073] pci 0000:00:0a.3: [8086:7113] type 00 class 0x068000
[    0.648457] pci 0000:00:0a.3: quirk: [io  0x1000-0x103f] claimed by PIIX4 ACPI
[    0.649132] pci 0000:00:0a.3: quirk: [io  0x1100-0x110f] claimed by PIIX4 SMB
[    0.652586] pci 0000:00:12.0: [1013:00b8] type 00 class 0x030000
[    0.653216] pci 0000:00:12.0: reg 0x10: [mem 0x00000000-0x01ffffff pref]
[    0.653840] pci 0000:00:12.0: reg 0x14: [mem 0x00000000-0x00000fff]
[    0.654645] pci 0000:00:12.0: reg 0x30: [mem 0x00000000-0x0000ffff pref]
[    0.657363] vgaarb: device added: PCI:0000:00:12.0,decodes=io+mem,owns=none,locks=none
[    0.658791] pci 0000:00:13.0: [8086:100e] type 00 class 0x020000
[    0.659422] pci 0000:00:13.0: reg 0x10: [mem 0x00000000-0x0001ffff]
[    0.659983] pci 0000:00:13.0: reg 0x14: [io  0x0000-0x003f]
[    0.660612] pci 0000:00:13.0: reg 0x30: [mem 0x00000000-0x0003ffff pref]
[    0.663878] pci 0000:00:14.0: [8086:100e] type 00 class 0x020000
[    0.664493] pci 0000:00:14.0: reg 0x10: [mem 0x00000000-0x0001ffff]
[    0.665054] pci 0000:00:14.0: reg 0x14: [io  0x0000-0x003f]
[    0.665684] pci 0000:00:14.0: reg 0x30: [mem 0x00000000-0x0003ffff pref]
[    0.669077] pci 0000:00:15.0: [8086:100e] type 00 class 0x020000
[    0.669691] pci 0000:00:15.0: reg 0x10: [mem 0x00000000-0x0001ffff]
[    0.670258] pci 0000:00:15.0: reg 0x14: [io  0x0000-0x003f]
[    0.671072] pci 0000:00:15.0: reg 0x30: [mem 0x00000000-0x0003ffff pref]
[    0.674206] pci 0000:00:16.0: [8086:100e] type 00 class 0x020000
[    0.674838] pci 0000:00:16.0: reg 0x10: [mem 0x00000000-0x0001ffff]
[    0.675544] pci 0000:00:16.0: reg 0x14: [io  0x0000-0x003f]
[    0.676201] pci 0000:00:16.0: reg 0x30: [mem 0x00000000-0x0003ffff pref]
[    0.679954] pci_bus 0000:00: busn_res: [bus 00-ff] end is updated to 00
[    0.681530] pci 0000:00:12.0: BAR 0: assigned [mem 0x10000000-0x11ffffff pref]
[    0.682338] pci 0000:00:13.0: BAR 6: assigned [mem 0x12000000-0x1203ffff pref]
[    0.683059] pci 0000:00:14.0: BAR 6: assigned [mem 0x12040000-0x1207ffff pref]
[    0.684010] pci 0000:00:15.0: BAR 6: assigned [mem 0x12080000-0x120bffff pref]
[    0.684697] pci 0000:00:16.0: BAR 6: assigned [mem 0x120c0000-0x120fffff pref]
[    0.685334] pci 0000:00:13.0: BAR 0: assigned [mem 0x12100000-0x1211ffff]
[    0.685965] pci 0000:00:14.0: BAR 0: assigned [mem 0x12120000-0x1213ffff]
[    0.686597] pci 0000:00:15.0: BAR 0: assigned [mem 0x12140000-0x1215ffff]
[    0.687254] pci 0000:00:16.0: BAR 0: assigned [mem 0x12160000-0x1217ffff]
[    0.688128] pci 0000:00:12.0: BAR 6: assigned [mem 0x12180000-0x1218ffff pref]
[    0.688847] pci 0000:00:12.0: BAR 1: assigned [mem 0x12190000-0x12190fff]
[    0.689489] pci 0000:00:13.0: BAR 1: assigned [io  0x1040-0x107f]
[    0.690067] pci 0000:00:14.0: BAR 1: assigned [io  0x1080-0x10bf]
[    0.690646] pci 0000:00:15.0: BAR 1: assigned [io  0x10c0-0x10ff]
[    0.691238] pci 0000:00:16.0: BAR 1: assigned [io  0x1400-0x143f]
[    0.691820] pci 0000:00:0a.2: BAR 4: assigned [io  0x1440-0x145f]
[    0.692572] pci 0000:00:0a.1: BAR 4: assigned [io  0x1460-0x146f]
[    0.710889] cfg80211: Calling CRDA to update world regulatory domain
[    0.725396] Switched to clocksource MIPS
[    0.846611] NET: Registered protocol family 2
[    0.859442] TCP established hash table entries: 2048 (order: 1, 8192 bytes)
[    0.860649] TCP bind hash table entries: 2048 (order: 1, 8192 bytes)
[    0.861948] TCP: Hash tables configured (established 2048 bind 2048)
[    0.863069] UDP hash table entries: 256 (order: 0, 4096 bytes)
[    0.863784] UDP-Lite hash table entries: 256 (order: 0, 4096 bytes)
[    0.868056] NET: Registered protocol family 1
[    0.869950] PCI: Enabling device 0000:00:0a.2 (0000 -> 0001)
[    0.871511] PCI: CLS 0 bytes, default 16
[    0.906357] futex hash table entries: 256 (order: -1, 3072 bytes)
[    0.924384] squashfs: version 4.0 (2009/01/31) Phillip Lougher
[    0.927347] jffs2: version 2.2. (NAND) Â© 2001-2006 Red Hat, Inc.
[    0.931061] romfs: ROMFS MTD (C) 2007 Red Hat, Inc.
[    0.957072] Block layer SCSI generic (bsg) driver version 0.4 loaded (major 251)
[    0.958007] io scheduler noop registered
[    0.958759] io scheduler cfq registered (default)
[    0.959806] firmadyne: devfs: 1, execute: 1, procfs: 1, syscall: 1
[    0.966114] firmadyne: Cannot register character device: gpio, 0xfc, 0x0!
[    0.975271] firmadyne: Cannot register character device: watchdog, 0xa, 0x82!
[    0.975791] firmadyne: Cannot register character device: wdt, 0xfd, 0x0!
[    2.800192] strName = 4.1.17+
[    2.800192] init_task_addr  = 2155778944
[    2.800192] init_task_size  = 1296
[    2.800192] ts_tasks        = 292
[    2.800192] ts_pid          = 408
[    2.800192] ts_tgid         = 412
[    2.800192] ts_group_leader = 440
[    2.800192] ts_thread_group = 496
[    2.800192] ts_real_parent  = 416
[    2.800192] ts_mm           = 300
[    2.800192] ts_stack        = 4
[    2.802878] module_name   = 12
[    2.802878] module_size   = 208
[    2.802878] module_init   = 200
[    2.802878] module_list   = 4
[    2.803833] ts_real_cred    = 624
[    2.803833] ts_cred         = 628
[    2.803833] ts_comm         = 632
[    2.803833] cred_uid        = 4
[    2.803833] cred_gid        = 8
[    2.803833] cred_euid       = 20
[    2.803833] cred_egid       = 24
[    2.805649] mm_mmap         = 0
[    2.805649] mm_pgd          = 32
[    2.805649] mm_arg_start    = 136
[    2.805649] mm_start_brk    = 124
[    2.805649] mm_brk          = 128
[    2.805649] mm_start_stack  = 132
[    2.807045] vma_vm_start    = 0
[    2.807045] vma_vm_end      = 4
[    2.807045] vma_vm_next     = 8
[    2.807045] vma_vm_file     = 80
[    2.807045] vma_vm_flags    = 40
[    2.807045] vma_vm_pgoff    = 76
[    2.808394] file_dentry     = 12
[    2.808394] file_inode      = 40
[    2.808394] dentry_d_name   = 24
[    2.808394] dentry_d_iname  = 44
[    2.808394] dentry_d_parent = 16
[    2.808394] ti_task         = 0
[    2.808394] inode_ino   = 28
[    3.948941] proc_fork_connector  = 2151078840
[    3.949488] proc_exit_connector  = 2151080432
[    3.949849] proc_exec_connector  = 2151079052
[    3.950202] vma_link  = 2149124372
[    3.950499] vma_adjust  = 2149124540
[    3.950805] remove_vma  = 2149122188
[    3.951115] modules  = 2155833724
[    3.951413] trim_init_extable  = 2150545316
[    3.952700] cfg80211: Calling CRDA to update world regulatory domain
[    3.956346] PCI: Enabling device 0000:00:12.0 (0000 -> 0002)
[    3.957816] cirrusfb 0000:00:12.0: Cirrus Logic chipset on PCI bus, RAM (4096 kB) at 0x10000000
[    4.205949] Console: switching to colour frame buffer device 80x30
[    4.279804] Serial: 8250/16550 driver, 4 ports, IRQ sharing enabled
[    4.295191] console [ttyS0] disabled
[    4.323657] serial8250.0: ttyS0 at I/O 0x3f8 (irq = 4, base_baud = 115200) is a 16550A
[    4.324872] console [ttyS0] enabled
[    4.324872] console [ttyS0] enabled
[    4.325665] bootconsole [uart0] disabled
[    4.325665] bootconsole [uart0] disabled
[    4.357158] serial8250.0: ttyS1 at I/O 0x2f8 (irq = 3, base_baud = 115200) is a 16550A
[    4.490792] brd: module loaded
[    4.561614] loop: module loaded
[    4.568887] ata_piix 0000:00:0a.1: version 2.13
[    4.569657] PCI: Enabling device 0000:00:0a.1 (0000 -> 0001)
[    4.598680] scsi host0: ata_piix
[    4.605062] scsi host1: ata_piix
[    4.610189] ata1: PATA max UDMA/33 cmd 0x1f0 ctl 0x3f6 bmdma 0x1460 irq 14
[    4.610955] ata2: PATA max UDMA/33 cmd 0x170 ctl 0x376 bmdma 0x1468 irq 15
[    4.618993] [nandsim] warning: read_byte: unexpected data output cycle, state is STATE_READY return 0x0
[    4.619719] [nandsim] warning: read_byte: unexpected data output cycle, state is STATE_READY return 0x0
[    4.620378] [nandsim] warning: read_byte: unexpected data output cycle, state is STATE_READY return 0x0
[    4.621022] [nandsim] warning: read_byte: unexpected data output cycle, state is STATE_READY return 0x0
[    4.621889] [nandsim] warning: read_byte: unexpected data output cycle, state is STATE_READY return 0x0
[    4.622551] [nandsim] warning: read_byte: unexpected data output cycle, state is STATE_READY return 0x0
[    4.623399] nand: device found, Manufacturer ID: 0x98, Chip ID: 0x39
[    4.623866] nand: Toshiba NAND 128MiB 1,8V 8-bit
[    4.624308] nand: 128 MiB, SLC, erase size: 16 KiB, page size: 512, OOB size: 16
[    4.626258] flash size: 128 MiB
[    4.626548] page size: 512 bytes
[    4.626836] OOB area size: 16 bytes
[    4.627132] sector size: 16 KiB
[    4.627407] pages number: 262144
[    4.627685] pages per sector: 32
[    4.627958] bus width: 8
[    4.628208] bits in sector size: 14
[    4.628502] bits in page size: 9
[    4.628785] bits in OOB size: 4
[    4.629068] flash size with OOB: 135168 KiB
[    4.629569] page address bytes: 4
[    4.629856] sector address bytes: 3
[    4.630154] options: 0x42
[    4.723752] Scanning device for bad blocks
[    6.070308] ata1.01: NODEV after polling detection
[    6.071314] ata2.01: NODEV after polling detection
[    6.073684] ata2.00: ATAPI: QEMU DVD-ROM, 2.5+, max UDMA/100
[    6.076304] ata1.00: ATA-7: QEMU HARDDISK, 2.5+, max UDMA/100
[    6.076814] ata1.00: 2097152 sectors, multi 16: LBA48 
[    6.083221] ata2.00: configured for UDMA/33
[    6.086777] ata1.00: configured for UDMA/33
[    6.095891] scsi 0:0:0:0: Direct-Access     ATA      QEMU HARDDISK    2.5+ PQ: 0 ANSI: 5
[    6.113639] sd 0:0:0:0: [sda] 2097152 512-byte logical blocks: (1.07 GB/1.00 GiB)
[    6.115385] scsi 1:0:0:0: CD-ROM            QEMU     QEMU DVD-ROM     2.5+ PQ: 0 ANSI: 5
[    6.129726] sd 0:0:0:0: [sda] Write Protect is off
[    6.130297] sd 0:0:0:0: [sda] Mode Sense: 00 3a 00 00
[    6.131989] sd 0:0:0:0: [sda] Write cache: enabled, read cache: enabled, doesn't support DPO or FUA
[    6.144629]  sda: sda1
[    6.158539] sd 0:0:0:0: [sda] Attached SCSI disk
[    6.159152] Creating 11 MTD partitions on "NAND 128MiB 1,8V 8-bit":
[    6.159857] 0x000000000000-0x000000100000 : "NAND simulator partition 0"
[    6.172182] 0x000000100000-0x000000200000 : "NAND simulator partition 1"
[    6.184206] 0x000000200000-0x000000300000 : "NAND simulator partition 2"
[    6.196692] 0x000000300000-0x000000400000 : "NAND simulator partition 3"
[    6.208898] 0x000000400000-0x000000500000 : "NAND simulator partition 4"
[    6.220927] 0x000000500000-0x000000600000 : "NAND simulator partition 5"
[    6.233257] 0x000000600000-0x000000700000 : "NAND simulator partition 6"
[    6.247363] 0x000000700000-0x000000800000 : "NAND simulator partition 7"
[    6.260190] 0x000000800000-0x000000900000 : "NAND simulator partition 8"
[    6.271766] 0x000000900000-0x000000a00000 : "NAND simulator partition 9"
[    6.283436] 0x000000a00000-0x000008000000 : "NAND simulator partition 10"
[    6.334264] tun: Universal TUN/TAP device driver, 1.6
[    6.334674] tun: (C) 1999-2004 Max Krasnyansky <maxk@qualcomm.com>
[    6.338738] pcnet32: pcnet32.c:v1.35 21.Apr.2008 tsbogend@alpha.franken.de
[    6.340227] e1000: Intel(R) PRO/1000 Network Driver - version 7.3.21-k8-NAPI
[    6.340719] e1000: Copyright (c) 1999-2006 Intel Corporation.
[    6.341945] PCI: Enabling device 0000:00:13.0 (0000 -> 0003)
[    6.665943] e1000 0000:00:13.0 eth0: (PCI:33MHz:32-bit) 52:54:00:12:34:56
[    6.666710] e1000 0000:00:13.0 eth0: Intel(R) PRO/1000 Network Connection
[    6.667515] PCI: Enabling device 0000:00:14.0 (0000 -> 0003)
[    6.988920] e1000 0000:00:14.0 eth1: (PCI:33MHz:32-bit) 52:54:00:12:34:57
[    6.989836] e1000 0000:00:14.0 eth1: Intel(R) PRO/1000 Network Connection
[    6.990649] PCI: Enabling device 0000:00:15.0 (0000 -> 0003)
[    7.270586] cfg80211: Calling CRDA to update world regulatory domain
[    7.326810] e1000 0000:00:15.0 eth2: (PCI:33MHz:32-bit) 52:54:00:12:34:58
[    7.327435] e1000 0000:00:15.0 eth2: Intel(R) PRO/1000 Network Connection
[    7.328228] PCI: Enabling device 0000:00:16.0 (0000 -> 0003)
[    7.675564] e1000 0000:00:16.0 eth3: (PCI:33MHz:32-bit) 52:54:00:12:34:59
[    7.676204] e1000 0000:00:16.0 eth3: Intel(R) PRO/1000 Network Connection
[    7.678102] e1000e: Intel(R) PRO/1000 Network Driver - 2.3.2-k
[    7.678567] e1000e: Copyright(c) 1999 - 2014 Intel Corporation.
[    7.684400] PPP generic driver version 2.4.2
[    7.687301] PPP Deflate Compression module registered
[    7.688131] PPP MPPE Compression module registered
[    7.688622] NET: Registered protocol family 24
[    7.689659] ehci_hcd: USB 2.0 'Enhanced' Host Controller (EHCI) Driver
[    7.690272] ehci-pci: EHCI PCI platform driver
[    7.691684] ohci_hcd: USB 1.1 'Open' Host Controller (OHCI) Driver
[    7.692262] ohci-pci: OHCI PCI platform driver
[    7.693866] uhci_hcd: USB Universal Host Controller Interface driver
[    7.695925] uhci_hcd 0000:00:0a.2: UHCI Host Controller
[    7.696852] uhci_hcd 0000:00:0a.2: new USB bus registered, assigned bus number 1
[    7.698375] uhci_hcd 0000:00:0a.2: irq 11, io base 0x00001440
[    7.711913] hub 1-0:1.0: USB hub found
[    7.712797] hub 1-0:1.0: 2 ports detected
[    7.724735] usbcore: registered new interface driver usb-storage
[    7.730153] mousedev: PS/2 mouse device common for all mice
[    7.738003] rtc_cmos rtc_cmos: rtc core: registered rtc_cmos as rtc0
[    7.738987] rtc_cmos rtc_cmos: alarms up to one day, 242 bytes nvram
[    7.740795] i2c /dev entries driver
[    7.742511] piix4_smbus 0000:00:0a.3: SMBus Host Controller at 0x1100, revision 0
[    7.748366] sdhci: Secure Digital Host Controller Interface driver
[    7.748799] sdhci: Copyright(c) Pierre Ossman
[    7.751847] hidraw: raw HID events driver (C) Jiri Kosina
[    7.774756] usbcore: registered new interface driver usbhid
[    7.775173] usbhid: USB HID core driver
[    7.776455] Netfilter messages via NETLINK v0.30.
[    7.778203] nf_conntrack version 0.5.0 (3923 buckets, 15692 max)
[    7.782218] ctnetlink v0.93: registering with nfnetlink.
[    7.789053] ipip: IPv4 over IPv4 tunneling driver
[    7.803940] ip_tables: (C) 2000-2006 Netfilter Core Team
[    7.807426] arp_tables: (C) 2002 David S. Miller
[    7.809757] Initializing XFRM netlink socket
[    7.811197] NET: Registered protocol family 10
[    7.839271] ip6_tables: (C) 2000-2006 Netfilter Core Team
[    7.843816] sit: IPv6 over IPv4 tunneling driver
[    7.864804] NET: Registered protocol family 17
[    7.866066] bridge: automatic filtering via arp/ip/ip6tables has been deprecated. Update your scripts to load br_netfilter if you need this.
[    7.867364] Bridge firewalling registered
[    7.867858] Ebtables v2.0 registered
[    7.871009] 8021q: 802.1Q VLAN Support v1.8
[    7.897384] rtc_cmos rtc_cmos: setting system clock to 2025-07-23 04:24:11 UTC (1753244651)
[    7.924193] EXT2-fs (sda1): warning: mounting unchecked fs, running e2fsck is recommended
[    7.926725] VFS: Mounted root (ext2 filesystem) on device 8:1.
[    7.938183] Freeing YAMON memory: 956k freed
[    7.951216] Freeing unused kernel memory: 260K (8081f000 - 80860000)
[    7.988182] firmadyne: sys_reboot[PID: 1 (init)]: magic1:fee1dead, magic2:28121969, cmd:0
init started: BusyBox v1.14.1 (2024-07-07 02:43:58 CEST)
starting pid 48, tty '': '/etc/init.d/rcS'
[    8.091964] firmadyne: do_execve: /firmadyne/console
[    8.092660] OFFSETS: offset of pid: 0x198 offset of comm: 0x278
[/etc/init.d/S03config.sh]
Mounting proc and var ...
[   10.413785] cfg80211: Calling CRDA to update world regulatory domain
SymbLink /dev/mtdblock/0
SymbLink /dev/mtdblock/1[   12.909715] spurious 8259A interrupt: IRQ7.

SymbLink /dev/mtdblock/10
SymbLink /dev/mtdblock/2
SymbLink /dev/mtdblock/3
SymbLink /dev/mtdblock/4
SymbLink /dev/mtdblock/5
[   13.557796] cfg80211: Calling CRDA to update world regulatory domain
SymbLink /dev/mtdblock/6
SymbLink /dev/mtdblock/7
SymbLink /dev/mtdblock/8
SymbLink /dev/mtdblock/9
Inserting kernel modules ...
Inserting Rebootm ...
Inserting atheros ethernet ...
Inserting gpio ...
done.
Start xmldb ...
[   14.778643] firmadyne: sys_socket[PID: 147 (xmldb)]: family:1, type:2, protocol:0
[   15.766879] random: nonblocking pool is initialized
[/etc/scripts/misc/profile.sh] get ...
DEVCONF: unable to read config data (ret=-3) !
CAN NOT get devive config, generate default!
[/etc/scripts/misc/profile.sh] reset ...
[   16.301997] firmadyne: sys_socket[PID: 159 (rgdb)]: family:1, type:2, protocol:0
[/etc/scripts/misc/defnodes.sh] ...
[/etc/defnodes/S10setext.sh] ...
[   16.701803] cfg80211: Calling CRDA to update world regulatory domain
[   16.732258] firmadyne: sys_socket[PID: 165 (xmldbc)]: family:1, type:2, protocol:0
[   16.794614] firmadyne: sys_socket[PID: 167 (xmldbc)]: family:1, type:2, protocol:0
[   16.854125] firmadyne: sys_socket[PID: 168 (xmldbc)]: family:1, type:2, protocol:0
[   16.912471] firmadyne: sys_socket[PID: 169 (xmldbc)]: family:1, type:2, protocol:0
[   16.971889] firmadyne: sys_socket[PID: 170 (xmldbc)]: family:1, type:2, protocol:0
[   17.031682] firmadyne: sys_socket[PID: 171 (xmldbc)]: family:1, type:2, protocol:0
[   17.092075] firmadyne: sys_socket[PID: 172 (xmldbc)]: family:1, type:2, protocol:0
[   17.152023] firmadyne: sys_socket[PID: 173 (xmldbc)]: family:1, type:2, protocol:0
[   17.211312] firmadyne: sys_socket[PID: 174 (xmldbc)]: family:1, type:2, protocol:0
[   17.269126] firmadyne: sys_socket[PID: 175 (xmldbc)]: family:1, type:2, protocol:0
[   17.327415] firmadyne: sys_socket[PID: 176 (xmldbc)]: family:1, type:2, protocol:0
[   17.386563] firmadyne: sys_socket[PID: 177 (xmldbc)]: family:1, type:2, protocol:0
[   17.444365] firmadyne: sys_socket[PID: 178 (xmldbc)]: family:1, type:2, protocol:0
[   17.501744] firmadyne: sys_socket[PID: 179 (xmldbc)]: family:1, type:2, protocol:0
[   17.561309] firmadyne: sys_socket[PID: 180 (xmldbc)]: family:1, type:2, protocol:0
[   17.621656] firmadyne: sys_socket[PID: 181 (xmldbc)]: family:1, type:2, protocol:0
[   17.680531] firmadyne: sys_socket[PID: 182 (xmldbc)]: family:1, type:2, protocol:0
[   17.739741] firmadyne: sys_socket[PID: 183 (xmldbc)]: family:1, type:2, protocol:0
[   17.802811] firmadyne: sys_socket[PID: 184 (xmldbc)]: family:1, type:2, protocol:0
[   17.862546] firmadyne: sys_socket[PID: 185 (xmldbc)]: family:1, type:2, protocol:0
[   17.921729] firmadyne: sys_socket[PID: 186 (xmldbc)]: family:1, type:2, protocol:0
[   17.982785] firmadyne: sys_socket[PID: 187 (rgdb)]: family:1, type:2, protocol:0
[   18.042697] firmadyne: sys_socket[PID: 188 (rgdb)]: family:1, type:2, protocol:0
[   18.101822] firmadyne: sys_socket[PID: 189 (rgdb)]: family:1, type:2, protocol:0
[   18.160698] firmadyne: sys_socket[PID: 190 (rgdb)]: family:1, type:2, protocol:0
[   18.221984] firmadyne: sys_socket[PID: 191 (rgdb)]: family:1, type:2, protocol:0
[   18.280557] firmadyne: sys_socket[PID: 192 (rgdb)]: family:1, type:2, protocol:0
[   18.339554] firmadyne: sys_socket[PID: 193 (rgdb)]: family:1, type:2, protocol:0
[   18.399932] firmadyne: sys_socket[PID: 194 (rgdb)]: family:1, type:2, protocol:0
[   18.458472] firmadyne: sys_socket[PID: 195 (rgdb)]: family:1, type:2, protocol:0
[   24.347854] cfg80211: Calling CRDA to update world regulatory domain
[   24.399852] firmadyne: sys_socket[PID: 196 (rgdb)]: family:1, type:2, protocol:0
[   24.458845] firmadyne: sys_socket[PID: 198 (rgdb)]: family:1, type:2, protocol:0
[   24.523072] firmadyne: sys_socket[PID: 199 (rgdb)]: family:1, type:2, protocol:0
[   30.280610] cfg80211: Calling CRDA to update world regulatory domain
[   30.290528] firmadyne: sys_socket[PID: 200 (rgdb)]: family:1, type:2, protocol:0
[   30.354814] firmadyne: sys_socket[PID: 202 (rgdb)]: family:1, type:2, protocol:0
[   30.485901] firmadyne: sys_socket[PID: 204 (xmldbc)]: family:1, type:2, protocol:0
[   30.545971] firmadyne: sys_socket[PID: 205 (xmldbc)]: family:1, type:2, protocol:0
[   44.374107] cfg80211: Calling CRDA to update world regulatory domain
[   44.383095] firmadyne: sys_socket[PID: 206 (xmldbc)]: family:1, type:2, protocol:0
[   44.450314] firmadyne: sys_socket[PID: 208 (xmldbc)]: family:1, type:2, protocol:0
[   44.511945] firmadyne: sys_socket[PID: 209 (xmldbc)]: family:1, type:2, protocol:0
[   44.574479] firmadyne: sys_socket[PID: 210 (xmldbc)]: family:1, type:2, protocol:0
[   77.040943] cfg80211: Calling CRDA to update world regulatory domain
[   77.056565] firmadyne: sys_socket[PID: 211 (xmldbc)]: family:1, type:2, protocol:0
[   77.120205] firmadyne: sys_socket[PID: 213 (xmldbc)]: family:1, type:2, protocol:0
[   77.180848] firmadyne: sys_socket[PID: 214 (xmldbc)]: family:1, type:2, protocol:0
[   77.241438] firmadyne: sys_socket[PID: 215 (xmldbc)]: family:1, type:2, protocol:0
[   81.511428] cfg80211: Calling CRDA to update world regulatory domain
[   81.522520] firmadyne: sys_socket[PID: 216 (xmldbc)]: family:1, type:2, protocol:0
[   81.590587] firmadyne: sys_socket[PID: 218 (xmldbc)]: family:1, type:2, protocol:0
[   81.650018] firmadyne: sys_socket[PID: 219 (xmldbc)]: family:1, type:2, protocol:0
[   81.711432] firmadyne: sys_socket[PID: 220 (xmldbc)]: family:1, type:2, protocol:0
[   84.391418] firmadyne: sys_socket[PID: 221 (xmldbc)]: family:1, type:2, protocol:0
[   84.451905] firmadyne: sys_socket[PID: 222 (xmldbc)]: family:1, type:2, protocol:0
[   84.514722] firmadyne: sys_socket[PID: 223 (xmldbc)]: family:1, type:2, protocol:0
[   84.574511] firmadyne: sys_socket[PID: 224 (xmldbc)]: family:1, type:2, protocol:0
[   84.653784] cfg80211: Exceeded CRDA call max attempts. Not calling CRDA
[   84.789815] firmadyne: sys_socket[PID: 229 (xmldbc)]: family:1, type:2, protocol:0
[   84.849653] firmadyne: sys_socket[PID: 230 (xmldbc)]: family:1, type:2, protocol:0
[   84.907554] firmadyne: sys_socket[PID: 231 (xmldbc)]: family:1, type:2, protocol:0
[   84.966768] firmadyne: sys_socket[PID: 232 (xmldbc)]: family:1, type:2, protocol:0
[   85.026973] firmadyne: sys_socket[PID: 233 (xmldbc)]: family:1, type:2, protocol:0
[   85.084766] firmadyne: sys_socket[PID: 234 (xmldbc)]: family:1, type:2, protocol:0
[   85.150552] firmadyne: sys_socket[PID: 235 (xmldbc)]: family:1, type:2, protocol:0
[   85.210782] firmadyne: sys_socket[PID: 236 (xmldbc)]: family:1, type:2, protocol:0
[   85.270286] firmadyne: sys_socket[PID: 237 (xmldbc)]: family:1, type:2, protocol:0
[   85.328768] firmadyne: sys_socket[PID: 238 (xmldbc)]: family:1, type:2, protocol:0
[   85.388114] firmadyne: sys_socket[PID: 239 (xmldbc)]: family:1, type:2, protocol:0
[   85.447835] firmadyne: sys_socket[PID: 240 (xmldbc)]: family:1, type:2, protocol:0
[   85.509962] firmadyne: sys_socket[PID: 241 (xmldbc)]: family:1, type:2, protocol:0
[   85.568654] firmadyne: sys_socket[PID: 242 (xmldbc)]: family:1, type:2, protocol:0
[   85.628024] firmadyne: sys_socket[PID: 243 (xmldbc)]: family:1, type:2, protocol:0
[   85.686627] firmadyne: sys_socket[PID: 244 (xmldbc)]: family:1, type:2, protocol:0
[   85.745757] firmadyne: sys_socket[PID: 245 (xmldbc)]: family:1, type:2, protocol:0
[   85.805010] firmadyne: sys_socket[PID: 246 (xmldbc)]: family:1, type:2, protocol:0
[   85.863528] firmadyne: sys_socket[PID: 247 (xmldbc)]: family:1, type:2, protocol:0
[   86.001983] firmadyne: sys_socket[PID: 251 (xmldbc)]: family:1, type:2, protocol:0
[   86.061022] firmadyne: sys_socket[PID: 252 (xmldbc)]: family:1, type:2, protocol:0
[   86.119405] firmadyne: sys_socket[PID: 253 (xmldbc)]: family:1, type:2, protocol:0
[   86.176924] firmadyne: sys_socket[PID: 254 (xmldbc)]: family:1, type:2, protocol:0
[   86.236404] firmadyne: sys_socket[PID: 255 (xmldbc)]: family:1, type:2, protocol:0
[   86.295443] firmadyne: sys_socket[PID: 256 (xmldbc)]: family:1, type:2, protocol:0
[   86.354117] firmadyne: sys_socket[PID: 257 (xmldbc)]: family:1, type:2, protocol:0
[   86.415283] firmadyne: sys_socket[PID: 258 (xmldbc)]: family:1, type:2, protocol:0
[   86.475209] firmadyne: sys_socket[PID: 259 (xmldbc)]: family:1, type:2, protocol:0
[   86.535295] firmadyne: sys_socket[PID: 260 (xmldbc)]: family:1, type:2, protocol:0
[   86.595526] firmadyne: sys_socket[PID: 261 (xmldbc)]: family:1, type:2, protocol:0
[   86.654623] firmadyne: sys_socket[PID: 262 (xmldbc)]: family:1, type:2, protocol:0
[   86.714279] firmadyne: sys_socket[PID: 263 (xmldbc)]: family:1, type:2, protocol:0
[   86.772646] firmadyne: sys_socket[PID: 264 (xmldbc)]: family:1, type:2, protocol:0
[   86.828849] firmadyne: sys_socket[PID: 265 (xmldbc)]: family:1, type:2, protocol:0
[   86.887641] firmadyne: sys_socket[PID: 266 (xmldbc)]: family:1, type:2, protocol:0
[   86.945711] firmadyne: sys_socket[PID: 267 (xmldbc)]: family:1, type:2, protocol:0
[   87.005881] firmadyne: sys_socket[PID: 268 (xmldbc)]: family:1, type:2, protocol:0
[   87.064652] firmadyne: sys_socket[PID: 269 (xmldbc)]: family:1, type:2, protocol:0
[   87.206964] firmadyne: sys_socket[PID: 273 (xmldbc)]: family:1, type:2, protocol:0
[   87.265953] firmadyne: sys_socket[PID: 274 (xmldbc)]: family:1, type:2, protocol:0
[   87.325758] firmadyne: sys_socket[PID: 275 (xmldbc)]: family:1, type:2, protocol:0
[   87.384616] firmadyne: sys_socket[PID: 276 (xmldbc)]: family:1, type:2, protocol:0
[   87.443133] firmadyne: sys_socket[PID: 277 (xmldbc)]: family:1, type:2, protocol:0
[   87.499789] firmadyne: sys_socket[PID: 278 (xmldbc)]: family:1, type:2, protocol:0
[   87.558760] firmadyne: sys_socket[PID: 279 (xmldbc)]: family:1, type:2, protocol:0
[   87.620710] firmadyne: sys_socket[PID: 280 (xmldbc)]: family:1, type:2, protocol:0
[   87.674455] firmadyne: sys_socket[PID: 281 (xmldbc)]: family:1, type:2, protocol:0
[   87.733399] firmadyne: sys_socket[PID: 282 (xmldbc)]: family:1, type:2, protocol:0
[   87.794639] firmadyne: sys_socket[PID: 283 (xmldbc)]: family:1, type:2, protocol:0
[   87.854173] firmadyne: sys_socket[PID: 284 (xmldbc)]: family:1, type:2, protocol:0
[   87.913976] firmadyne: sys_socket[PID: 285 (xmldbc)]: family:1, type:2, protocol:0
[   87.972973] firmadyne: sys_socket[PID: 286 (xmldbc)]: family:1, type:2, protocol:0
[   88.033137] firmadyne: sys_socket[PID: 287 (xmldbc)]: family:1, type:2, protocol:0
[   88.091922] firmadyne: sys_socket[PID: 288 (xmldbc)]: family:1, type:2, protocol:0
[   88.151683] firmadyne: sys_socket[PID: 289 (xmldbc)]: family:1, type:2, protocol:0
[   88.212247] firmadyne: sys_socket[PID: 290 (xmldbc)]: family:1, type:2, protocol:0
[   88.271037] firmadyne: sys_socket[PID: 291 (xmldbc)]: family:1, type:2, protocol:0
[   88.411623] firmadyne: sys_socket[PID: 295 (xmldbc)]: family:1, type:2, protocol:0
[   88.471324] firmadyne: sys_socket[PID: 296 (xmldbc)]: family:1, type:2, protocol:0
[   88.534080] firmadyne: sys_socket[PID: 297 (xmldbc)]: family:1, type:2, protocol:0
[   88.594108] firmadyne: sys_socket[PID: 298 (xmldbc)]: family:1, type:2, protocol:0
[   88.653910] firmadyne: sys_socket[PID: 299 (xmldbc)]: family:1, type:2, protocol:0
[   88.714937] firmadyne: sys_socket[PID: 300 (xmldbc)]: family:1, type:2, protocol:0
[   88.783191] firmadyne: sys_socket[PID: 301 (xmldbc)]: family:1, type:2, protocol:0
[   88.844146] firmadyne: sys_socket[PID: 302 (xmldbc)]: family:1, type:2, protocol:0
[   88.902536] firmadyne: sys_socket[PID: 303 (xmldbc)]: family:1, type:2, protocol:0
[   88.961938] firmadyne: sys_socket[PID: 304 (xmldbc)]: family:1, type:2, protocol:0
[   89.021892] firmadyne: sys_socket[PID: 305 (xmldbc)]: family:1, type:2, protocol:0
[   89.080567] firmadyne: sys_socket[PID: 306 (xmldbc)]: family:1, type:2, protocol:0
[   89.139629] firmadyne: sys_socket[PID: 307 (xmldbc)]: family:1, type:2, protocol:0
[   89.201662] firmadyne: sys_socket[PID: 308 (xmldbc)]: family:1, type:2, protocol:0
[   89.260077] firmadyne: sys_socket[PID: 309 (xmldbc)]: family:1, type:2, protocol:0
[   89.318130] firmadyne: sys_socket[PID: 310 (xmldbc)]: family:1, type:2, protocol:0
[   89.375823] firmadyne: sys_socket[PID: 311 (xmldbc)]: family:1, type:2, protocol:0
[   89.436478] firmadyne: sys_socket[PID: 312 (xmldbc)]: family:1, type:2, protocol:0
[   89.495574] firmadyne: sys_socket[PID: 313 (xmldbc)]: family:1, type:2, protocol:0
[   89.637712] firmadyne: sys_socket[PID: 317 (xmldbc)]: family:1, type:2, protocol:0
[   89.696664] firmadyne: sys_socket[PID: 318 (xmldbc)]: family:1, type:2, protocol:0
[   89.755478] firmadyne: sys_socket[PID: 319 (xmldbc)]: family:1, type:2, protocol:0
[   89.815038] firmadyne: sys_socket[PID: 320 (xmldbc)]: family:1, type:2, protocol:0
[   89.874171] firmadyne: sys_socket[PID: 321 (xmldbc)]: family:1, type:2, protocol:0
[   89.932642] firmadyne: sys_socket[PID: 322 (xmldbc)]: family:1, type:2, protocol:0
[   89.993224] firmadyne: sys_socket[PID: 323 (xmldbc)]: family:1, type:2, protocol:0
[   90.051670] firmadyne: sys_socket[PID: 324 (xmldbc)]: family:1, type:2, protocol:0
[   90.109714] firmadyne: sys_socket[PID: 325 (xmldbc)]: family:1, type:2, protocol:0
[   90.168078] firmadyne: sys_socket[PID: 326 (xmldbc)]: family:1, type:2, protocol:0
[   90.228281] firmadyne: sys_socket[PID: 327 (xmldbc)]: family:1, type:2, protocol:0
[   90.286810] firmadyne: sys_socket[PID: 328 (xmldbc)]: family:1, type:2, protocol:0
[   90.345741] firmadyne: sys_socket[PID: 329 (xmldbc)]: family:1, type:2, protocol:0
[   90.407331] firmadyne: sys_socket[PID: 330 (xmldbc)]: family:1, type:2, protocol:0
[   90.465226] firmadyne: sys_socket[PID: 331 (xmldbc)]: family:1, type:2, protocol:0
[   90.525928] firmadyne: sys_socket[PID: 332 (xmldbc)]: family:1, type:2, protocol:0
[   90.586305] firmadyne: sys_socket[PID: 333 (xmldbc)]: family:1, type:2, protocol:0
[   90.645743] firmadyne: sys_socket[PID: 334 (xmldbc)]: family:1, type:2, protocol:0
[   90.705718] firmadyne: sys_socket[PID: 335 (xmldbc)]: family:1, type:2, protocol:0
[   90.846725] firmadyne: sys_socket[PID: 339 (xmldbc)]: family:1, type:2, protocol:0
[   90.904899] firmadyne: sys_socket[PID: 340 (xmldbc)]: family:1, type:2, protocol:0
[   90.963722] firmadyne: sys_socket[PID: 341 (xmldbc)]: family:1, type:2, protocol:0
[   91.023397] firmadyne: sys_socket[PID: 342 (xmldbc)]: family:1, type:2, protocol:0
[   91.076339] firmadyne: sys_socket[PID: 343 (xmldbc)]: family:1, type:2, protocol:0
[   91.135462] firmadyne: sys_socket[PID: 344 (xmldbc)]: family:1, type:2, protocol:0
[   91.195414] firmadyne: sys_socket[PID: 345 (xmldbc)]: family:1, type:2, protocol:0
[   91.254541] firmadyne: sys_socket[PID: 346 (xmldbc)]: family:1, type:2, protocol:0
[   91.312704] firmadyne: sys_socket[PID: 347 (xmldbc)]: family:1, type:2, protocol:0
[   91.370974] firmadyne: sys_socket[PID: 348 (xmldbc)]: family:1, type:2, protocol:0
[   91.425809] firmadyne: sys_socket[PID: 349 (xmldbc)]: family:1, type:2, protocol:0
[   91.483394] firmadyne: sys_socket[PID: 350 (xmldbc)]: family:1, type:2, protocol:0
[   91.545947] firmadyne: sys_socket[PID: 351 (xmldbc)]: family:1, type:2, protocol:0
[   91.607070] firmadyne: sys_socket[PID: 352 (xmldbc)]: family:1, type:2, protocol:0
[   91.666801] firmadyne: sys_socket[PID: 353 (xmldbc)]: family:1, type:2, protocol:0
[   91.727783] firmadyne: sys_socket[PID: 354 (xmldbc)]: family:1, type:2, protocol:0
[   91.790167] firmadyne: sys_socket[PID: 355 (xmldbc)]: family:1, type:2, protocol:0
[   91.849847] firmadyne: sys_socket[PID: 356 (xmldbc)]: family:1, type:2, protocol:0
[   91.909009] firmadyne: sys_socket[PID: 357 (xmldbc)]: family:1, type:2, protocol:0
[   92.050212] firmadyne: sys_socket[PID: 361 (xmldbc)]: family:1, type:2, protocol:0
[   92.110328] firmadyne: sys_socket[PID: 362 (xmldbc)]: family:1, type:2, protocol:0
[   92.168471] firmadyne: sys_socket[PID: 363 (xmldbc)]: family:1, type:2, protocol:0
[   92.228579] firmadyne: sys_socket[PID: 364 (xmldbc)]: family:1, type:2, protocol:0
[   92.287215] firmadyne: sys_socket[PID: 365 (xmldbc)]: family:1, type:2, protocol:0
[   92.346765] firmadyne: sys_socket[PID: 366 (xmldbc)]: family:1, type:2, protocol:0
[   92.407254] firmadyne: sys_socket[PID: 367 (xmldbc)]: family:1, type:2, protocol:0
[   92.466733] firmadyne: sys_socket[PID: 368 (xmldbc)]: family:1, type:2, protocol:0
[   92.528736] firmadyne: sys_socket[PID: 369 (xmldbc)]: family:1, type:2, protocol:0
[   92.586824] firmadyne: sys_socket[PID: 370 (xmldbc)]: family:1, type:2, protocol:0
[   92.645010] firmadyne: sys_socket[PID: 371 (xmldbc)]: family:1, type:2, protocol:0
[   92.703649] firmadyne: sys_socket[PID: 372 (xmldbc)]: family:1, type:2, protocol:0
[   92.762571] firmadyne: sys_socket[PID: 373 (xmldbc)]: family:1, type:2, protocol:0
[   92.823024] firmadyne: sys_socket[PID: 374 (xmldbc)]: family:1, type:2, protocol:0
[   92.882995] firmadyne: sys_socket[PID: 375 (xmldbc)]: family:1, type:2, protocol:0
[   92.940849] firmadyne: sys_socket[PID: 376 (xmldbc)]: family:1, type:2, protocol:0
[   93.000930] firmadyne: sys_socket[PID: 377 (xmldbc)]: family:1, type:2, protocol:0
[   93.059629] firmadyne: sys_socket[PID: 378 (xmldbc)]: family:1, type:2, protocol:0
[   93.118247] firmadyne: sys_socket[PID: 379 (xmldbc)]: family:1, type:2, protocol:0
[   93.262571] firmadyne: sys_socket[PID: 383 (xmldbc)]: family:1, type:2, protocol:0
[   93.320515] firmadyne: sys_socket[PID: 384 (xmldbc)]: family:1, type:2, protocol:0
[   93.378560] firmadyne: sys_socket[PID: 385 (xmldbc)]: family:1, type:2, protocol:0
[   93.440370] firmadyne: sys_socket[PID: 386 (xmldbc)]: family:1, type:2, protocol:0
[   93.500012] firmadyne: sys_socket[PID: 387 (xmldbc)]: family:1, type:2, protocol:0
[   93.562388] firmadyne: sys_socket[PID: 388 (xmldbc)]: family:1, type:2, protocol:0
[   93.623659] firmadyne: sys_socket[PID: 389 (xmldbc)]: family:1, type:2, protocol:0
[   93.682588] firmadyne: sys_socket[PID: 390 (xmldbc)]: family:1, type:2, protocol:0
[   93.740980] firmadyne: sys_socket[PID: 391 (xmldbc)]: family:1, type:2, protocol:0
[   93.800588] firmadyne: sys_socket[PID: 392 (xmldbc)]: family:1, type:2, protocol:0
[   93.860795] firmadyne: sys_socket[PID: 393 (xmldbc)]: family:1, type:2, protocol:0
[   93.918979] firmadyne: sys_socket[PID: 394 (xmldbc)]: family:1, type:2, protocol:0
[   93.972727] firmadyne: sys_socket[PID: 395 (xmldbc)]: family:1, type:2, protocol:0
[   94.032230] firmadyne: sys_socket[PID: 396 (xmldbc)]: family:1, type:2, protocol:0
[   94.090748] firmadyne: sys_socket[PID: 397 (xmldbc)]: family:1, type:2, protocol:0
[   94.149764] firmadyne: sys_socket[PID: 398 (xmldbc)]: family:1, type:2, protocol:0
[   94.209118] firmadyne: sys_socket[PID: 399 (xmldbc)]: family:1, type:2, protocol:0
[   94.266735] firmadyne: sys_socket[PID: 400 (xmldbc)]: family:1, type:2, protocol:0
[   94.324288] firmadyne: sys_socket[PID: 401 (xmldbc)]: family:1, type:2, protocol:0
[   94.463413] firmadyne: sys_socket[PID: 405 (xmldbc)]: family:1, type:2, protocol:0
[   94.521163] firmadyne: sys_socket[PID: 406 (xmldbc)]: family:1, type:2, protocol:0
[   94.583110] firmadyne: sys_socket[PID: 407 (xmldbc)]: family:1, type:2, protocol:0
[   94.642566] firmadyne: sys_socket[PID: 408 (xmldbc)]: family:1, type:2, protocol:0
[   94.702114] firmadyne: sys_socket[PID: 409 (xmldbc)]: family:1, type:2, protocol:0
[   94.762449] firmadyne: sys_socket[PID: 410 (xmldbc)]: family:1, type:2, protocol:0
[   94.822569] firmadyne: sys_socket[PID: 411 (xmldbc)]: family:1, type:2, protocol:0
[   94.882344] firmadyne: sys_socket[PID: 412 (xmldbc)]: family:1, type:2, protocol:0
[  111.282939] firmadyne: sys_socket[PID: 413 (xmldbc)]: family:1, type:2, protocol:0
[  111.343986] firmadyne: sys_socket[PID: 414 (xmldbc)]: family:1, type:2, protocol:0
[  111.402900] firmadyne: sys_socket[PID: 415 (xmldbc)]: family:1, type:2, protocol:0
[  111.462117] firmadyne: sys_socket[PID: 416 (xmldbc)]: family:1, type:2, protocol:0
[  127.032140] firmadyne: sys_socket[PID: 417 (xmldbc)]: family:1, type:2, protocol:0
[  127.094277] firmadyne: sys_socket[PID: 418 (xmldbc)]: family:1, type:2, protocol:0
[  127.155563] firmadyne: sys_socket[PID: 419 (xmldbc)]: family:1, type:2, protocol:0
[  127.216026] firmadyne: sys_socket[PID: 420 (xmldbc)]: family:1, type:2, protocol:0
[  148.839059] firmadyne: sys_socket[PID: 421 (xmldbc)]: family:1, type:2, protocol:0
[  148.898832] firmadyne: sys_socket[PID: 422 (xmldbc)]: family:1, type:2, protocol:0
[  148.957286] firmadyne: sys_socket[PID: 423 (xmldbc)]: family:1, type:2, protocol:0
[  149.097672] firmadyne: sys_socket[PID: 427 (xmldbc)]: family:1, type:2, protocol:0
[  156.126983] firmadyne: sys_socket[PID: 428 (xmldbc)]: family:1, type:2, protocol:0
[  156.187144] firmadyne: sys_socket[PID: 429 (xmldbc)]: family:1, type:2, protocol:0
[  156.248164] firmadyne: sys_socket[PID: 430 (xmldbc)]: family:1, type:2, protocol:0
[  156.308403] firmadyne: sys_socket[PID: 431 (xmldbc)]: family:1, type:2, protocol:0
[  167.856319] firmadyne: sys_socket[PID: 432 (xmldbc)]: family:1, type:2, protocol:0
[  167.915314] firmadyne: sys_socket[PID: 433 (xmldbc)]: family:1, type:2, protocol:0
[  167.974354] firmadyne: sys_socket[PID: 434 (xmldbc)]: family:1, type:2, protocol:0
[  168.034487] firmadyne: sys_socket[PID: 435 (xmldbc)]: family:1, type:2, protocol:0
[  183.070981] firmadyne: sys_socket[PID: 436 (xmldbc)]: family:1, type:2, protocol:0
[  183.130295] firmadyne: sys_socket[PID: 437 (xmldbc)]: family:1, type:2, protocol:0
[  183.190819] firmadyne: sys_socket[PID: 438 (xmldbc)]: family:1, type:2, protocol:0
[  183.251111] firmadyne: sys_socket[PID: 439 (xmldbc)]: family:1, type:2, protocol:0
[  191.579752] firmadyne: sys_socket[PID: 440 (xmldbc)]: family:1, type:2, protocol:0
[  191.642483] firmadyne: sys_socket[PID: 441 (xmldbc)]: family:1, type:2, protocol:0
[  191.702033] firmadyne: sys_socket[PID: 442 (xmldbc)]: family:1, type:2, protocol:0
[  191.762598] firmadyne: sys_socket[PID: 443 (xmldbc)]: family:1, type:2, protocol:0
[  210.082677] firmadyne: sys_socket[PID: 444 (xmldbc)]: family:1, type:2, protocol:0
[  210.142964] firmadyne: sys_socket[PID: 445 (xmldbc)]: family:1, type:2, protocol:0
[  210.285755] firmadyne: sys_socket[PID: 449 (xmldbc)]: family:1, type:2, protocol:0
[  210.346070] firmadyne: sys_socket[PID: 450 (xmldbc)]: family:1, type:2, protocol:0
[  215.641836] firmadyne: sys_socket[PID: 451 (xmldbc)]: family:1, type:2, protocol:0
[  215.701700] firmadyne: sys_socket[PID: 452 (xmldbc)]: family:1, type:2, protocol:0
[  215.759763] firmadyne: sys_socket[PID: 453 (xmldbc)]: family:1, type:2, protocol:0
[  223.792983] firmadyne: sys_socket[PID: 454 (xmldbc)]: family:1, type:2, protocol:0
[  223.853710] firmadyne: sys_socket[PID: 455 (xmldbc)]: family:1, type:2, protocol:0
[  223.912537] firmadyne: sys_socket[PID: 456 (xmldbc)]: family:1, type:2, protocol:0
[  223.972508] firmadyne: sys_socket[PID: 457 (xmldbc)]: family:1, type:2, protocol:0
[  232.670802] firmadyne: sys_socket[PID: 458 (xmldbc)]: family:1, type:2, protocol:0
[  232.732226] firmadyne: sys_socket[PID: 459 (xmldbc)]: family:1, type:2, protocol:0
[  232.791332] firmadyne: sys_socket[PID: 460 (xmldbc)]: family:1, type:2, protocol:0
[  232.844997] firmadyne: sys_socket[PID: 461 (xmldbc)]: family:1, type:2, protocol:0
[  232.906107] firmadyne: sys_socket[PID: 462 (xmldbc)]: family:1, type:2, protocol:0
[  232.965364] firmadyne: sys_socket[PID: 463 (xmldbc)]: family:1, type:2, protocol:0
[  233.023248] firmadyne: sys_socket[PID: 464 (xmldbc)]: family:1, type:2, protocol:0
[  233.086729] firmadyne: sys_socket[PID: 465 (xmldbc)]: family:1, type:2, protocol:0
[  233.146248] firmadyne: sys_socket[PID: 466 (xmldbc)]: family:1, type:2, protocol:0
[  233.202684] firmadyne: sys_socket[PID: 467 (xmldbc)]: family:1, type:2, protocol:0
[  233.343624] firmadyne: sys_socket[PID: 471 (xmldbc)]: family:1, type:2, protocol:0
[  233.402461] firmadyne: sys_socket[PID: 472 (xmldbc)]: family:1, type:2, protocol:0
[  233.461674] firmadyne: sys_socket[PID: 473 (xmldbc)]: family:1, type:2, protocol:0
[  233.522130] firmadyne: sys_socket[PID: 474 (xmldbc)]: family:1, type:2, protocol:0
[  233.582706] firmadyne: sys_socket[PID: 475 (xmldbc)]: family:1, type:2, protocol:0
[  233.643393] firmadyne: sys_socket[PID: 476 (xmldbc)]: family:1, type:2, protocol:0
[  233.704473] firmadyne: sys_socket[PID: 477 (xmldbc)]: family:1, type:2, protocol:0
[  233.763597] firmadyne: sys_socket[PID: 478 (xmldbc)]: family:1, type:2, protocol:0
[  233.824062] firmadyne: sys_socket[PID: 479 (xmldbc)]: family:1, type:2, protocol:0
[  233.884937] firmadyne: sys_socket[PID: 480 (xmldbc)]: family:1, type:2, protocol:0
[  233.944701] firmadyne: sys_socket[PID: 481 (xmldbc)]: family:1, type:2, protocol:0
[  234.003888] firmadyne: sys_socket[PID: 482 (xmldbc)]: family:1, type:2, protocol:0
[  234.064829] firmadyne: sys_socket[PID: 483 (xmldbc)]: family:1, type:2, protocol:0
[  234.129489] firmadyne: sys_socket[PID: 484 (xmldbc)]: family:1, type:2, protocol:0
[  234.190990] firmadyne: sys_socket[PID: 485 (xmldbc)]: family:1, type:2, protocol:0
[  234.250899] firmadyne: sys_socket[PID: 486 (xmldbc)]: family:1, type:2, protocol:0
[  234.312729] firmadyne: sys_socket[PID: 487 (xmldbc)]: family:1, type:2, protocol:0
[  234.372284] firmadyne: sys_socket[PID: 488 (xmldbc)]: family:1, type:2, protocol:0
[  234.431611] firmadyne: sys_socket[PID: 489 (xmldbc)]: family:1, type:2, protocol:0
[  234.572602] firmadyne: sys_socket[PID: 493 (xmldbc)]: family:1, type:2, protocol:0
[  234.631623] firmadyne: sys_socket[PID: 494 (xmldbc)]: family:1, type:2, protocol:0
[  234.692354] firmadyne: sys_socket[PID: 495 (xmldbc)]: family:1, type:2, protocol:0
[  234.751399] firmadyne: sys_socket[PID: 496 (xmldbc)]: family:1, type:2, protocol:0
[  234.810790] firmadyne: sys_socket[PID: 497 (xmldbc)]: family:1, type:2, protocol:0
[  234.890806] firmadyne: sys_socket[PID: 498 (xmldbc)]: family:1, type:2, protocol:0
[  234.949141] firmadyne: sys_socket[PID: 499 (xmldbc)]: family:1, type:2, protocol:0
[  235.007700] firmadyne: sys_socket[PID: 500 (xmldbc)]: family:1, type:2, protocol:0
[  235.068026] firmadyne: sys_socket[PID: 501 (xmldbc)]: family:1, type:2, protocol:0
[  235.130853] firmadyne: sys_socket[PID: 502 (xmldbc)]: family:1, type:2, protocol:0
[  235.191500] firmadyne: sys_socket[PID: 503 (xmldbc)]: family:1, type:2, protocol:0
[  235.250270] firmadyne: sys_socket[PID: 504 (xmldbc)]: family:1, type:2, protocol:0
[  235.311199] firmadyne: sys_socket[PID: 505 (xmldbc)]: family:1, type:2, protocol:0
[  235.371336] firmadyne: sys_socket[PID: 506 (xmldbc)]: family:1, type:2, protocol:0
[  235.429985] firmadyne: sys_socket[PID: 507 (xmldbc)]: family:1, type:2, protocol:0
[  235.490212] firmadyne: sys_socket[PID: 508 (xmldbc)]: family:1, type:2, protocol:0
[  235.549453] firmadyne: sys_socket[PID: 509 (xmldbc)]: family:1, type:2, protocol:0
[  235.610736] firmadyne: sys_socket[PID: 510 (xmldbc)]: family:1, type:2, protocol:0
[  235.670399] firmadyne: sys_socket[PID: 511 (xmldbc)]: family:1, type:2, protocol:0
[  235.810220] firmadyne: sys_socket[PID: 515 (xmldbc)]: family:1, type:2, protocol:0
[  235.870929] firmadyne: sys_socket[PID: 516 (xmldbc)]: family:1, type:2, protocol:0
[  235.930146] firmadyne: sys_socket[PID: 517 (xmldbc)]: family:1, type:2, protocol:0
[  235.983569] firmadyne: sys_socket[PID: 518 (xmldbc)]: family:1, type:2, protocol:0
[  236.041947] firmadyne: sys_socket[PID: 519 (xmldbc)]: family:1, type:2, protocol:0
[  236.104065] firmadyne: sys_socket[PID: 520 (xmldbc)]: family:1, type:2, protocol:0
[  236.166380] firmadyne: sys_socket[PID: 521 (xmldbc)]: family:1, type:2, protocol:0
[  236.226421] firmadyne: sys_socket[PID: 522 (xmldbc)]: family:1, type:2, protocol:0
[  236.281684] firmadyne: sys_socket[PID: 523 (xmldbc)]: family:1, type:2, protocol:0
[  236.339495] firmadyne: sys_socket[PID: 524 (xmldbc)]: family:1, type:2, protocol:0
[  236.394338] firmadyne: sys_socket[PID: 525 (xmldbc)]: family:1, type:2, protocol:0
[  236.452712] firmadyne: sys_socket[PID: 526 (xmldbc)]: family:1, type:2, protocol:0
[  236.508864] firmadyne: sys_socket[PID: 527 (xmldbc)]: family:1, type:2, protocol:0
[  236.569803] firmadyne: sys_socket[PID: 528 (xmldbc)]: family:1, type:2, protocol:0
[  236.628551] firmadyne: sys_socket[PID: 529 (xmldbc)]: family:1, type:2, protocol:0
[  236.688689] firmadyne: sys_socket[PID: 530 (xmldbc)]: family:1, type:2, protocol:0
[  236.748460] firmadyne: sys_socket[PID: 531 (xmldbc)]: family:1, type:2, protocol:0
[  236.809106] firmadyne: sys_socket[PID: 532 (xmldbc)]: family:1, type:2, protocol:0
[  236.870057] firmadyne: sys_socket[PID: 533 (xmldbc)]: family:1, type:2, protocol:0
[  237.003602] firmadyne: sys_socket[PID: 537 (xmldbc)]: family:1, type:2, protocol:0
[  237.057194] firmadyne: sys_socket[PID: 538 (xmldbc)]: family:1, type:2, protocol:0
[  237.117336] firmadyne: sys_socket[PID: 539 (xmldbc)]: family:1, type:2, protocol:0
[  237.178998] firmadyne: sys_socket[PID: 540 (xmldbc)]: family:1, type:2, protocol:0
[  237.239141] firmadyne: sys_socket[PID: 541 (xmldbc)]: family:1, type:2, protocol:0
[  237.299886] firmadyne: sys_socket[PID: 542 (xmldbc)]: family:1, type:2, protocol:0
[  237.359222] firmadyne: sys_socket[PID: 543 (xmldbc)]: family:1, type:2, protocol:0
[  237.418363] firmadyne: sys_socket[PID: 544 (xmldbc)]: family:1, type:2, protocol:0
[  237.480821] firmadyne: sys_socket[PID: 545 (xmldbc)]: family:1, type:2, protocol:0
[  237.540487] firmadyne: sys_socket[PID: 546 (xmldbc)]: family:1, type:2, protocol:0
[  237.600580] firmadyne: sys_socket[PID: 547 (xmldbc)]: family:1, type:2, protocol:0
[  237.659266] firmadyne: sys_socket[PID: 548 (xmldbc)]: family:1, type:2, protocol:0
[  237.721655] firmadyne: sys_socket[PID: 549 (xmldbc)]: family:1, type:2, protocol:0
[  237.780910] firmadyne: sys_socket[PID: 550 (xmldbc)]: family:1, type:2, protocol:0
[  237.839827] firmadyne: sys_socket[PID: 551 (xmldbc)]: family:1, type:2, protocol:0
[  237.900250] firmadyne: sys_socket[PID: 552 (xmldbc)]: family:1, type:2, protocol:0
[  237.960018] firmadyne: sys_socket[PID: 553 (xmldbc)]: family:1, type:2, protocol:0
[  238.019274] firmadyne: sys_socket[PID: 554 (xmldbc)]: family:1, type:2, protocol:0
[  238.080145] firmadyne: sys_socket[PID: 555 (xmldbc)]: family:1, type:2, protocol:0
[  238.222956] firmadyne: sys_socket[PID: 559 (xmldbc)]: family:1, type:2, protocol:0
[  238.284819] firmadyne: sys_socket[PID: 560 (xmldbc)]: family:1, type:2, protocol:0
[  238.344747] firmadyne: sys_socket[PID: 561 (xmldbc)]: family:1, type:2, protocol:0
[  238.403605] firmadyne: sys_socket[PID: 562 (xmldbc)]: family:1, type:2, protocol:0
[  238.463041] firmadyne: sys_socket[PID: 563 (xmldbc)]: family:1, type:2, protocol:0
[  238.524437] firmadyne: sys_socket[PID: 564 (xmldbc)]: family:1, type:2, protocol:0
[  238.584063] firmadyne: sys_socket[PID: 565 (xmldbc)]: family:1, type:2, protocol:0
[  238.643178] firmadyne: sys_socket[PID: 566 (xmldbc)]: family:1, type:2, protocol:0
[  238.703385] firmadyne: sys_socket[PID: 567 (xmldbc)]: family:1, type:2, protocol:0
[  238.757737] firmadyne: sys_socket[PID: 568 (xmldbc)]: family:1, type:2, protocol:0
[  238.816948] firmadyne: sys_socket[PID: 569 (xmldbc)]: family:1, type:2, protocol:0
[  238.878475] firmadyne: sys_socket[PID: 570 (xmldbc)]: family:1, type:2, protocol:0
[  238.937146] firmadyne: sys_socket[PID: 571 (xmldbc)]: family:1, type:2, protocol:0
[  238.995759] firmadyne: sys_socket[PID: 572 (xmldbc)]: family:1, type:2, protocol:0
[  239.055924] firmadyne: sys_socket[PID: 573 (xmldbc)]: family:1, type:2, protocol:0
[  239.116214] firmadyne: sys_socket[PID: 574 (xmldbc)]: family:1, type:2, protocol:0
[  239.177723] firmadyne: sys_socket[PID: 575 (xmldbc)]: family:1, type:2, protocol:0
[  239.232370] firmadyne: sys_socket[PID: 576 (xmldbc)]: family:1, type:2, protocol:0
[  239.292458] firmadyne: sys_socket[PID: 577 (xmldbc)]: family:1, type:2, protocol:0
[  239.431825] firmadyne: sys_socket[PID: 581 (xmldbc)]: family:1, type:2, protocol:0
[  239.492224] firmadyne: sys_socket[PID: 582 (xmldbc)]: family:1, type:2, protocol:0
[  239.551731] firmadyne: sys_socket[PID: 583 (xmldbc)]: family:1, type:2, protocol:0
[  239.611251] firmadyne: sys_socket[PID: 584 (xmldbc)]: family:1, type:2, protocol:0
[  239.672533] firmadyne: sys_socket[PID: 585 (xmldbc)]: family:1, type:2, protocol:0
[  239.735140] firmadyne: sys_socket[PID: 586 (xmldbc)]: family:1, type:2, protocol:0
[  239.793832] firmadyne: sys_socket[PID: 587 (xmldbc)]: family:1, type:2, protocol:0
[  239.853951] firmadyne: sys_socket[PID: 588 (xmldbc)]: family:1, type:2, protocol:0
[  239.915020] firmadyne: sys_socket[PID: 589 (xmldbc)]: family:1, type:2, protocol:0
[  239.973917] firmadyne: sys_socket[PID: 590 (xmldbc)]: family:1, type:2, protocol:0
[  240.032968] firmadyne: sys_socket[PID: 591 (xmldbc)]: family:1, type:2, protocol:0
[  240.095381] firmadyne: sys_socket[PID: 592 (xmldbc)]: family:1, type:2, protocol:0
[  240.155745] firmadyne: sys_socket[PID: 593 (xmldbc)]: family:1, type:2, protocol:0
[  240.215868] firmadyne: sys_socket[PID: 594 (xmldbc)]: family:1, type:2, protocol:0
[  240.276704] firmadyne: sys_socket[PID: 595 (xmldbc)]: family:1, type:2, protocol:0
[  240.336713] firmadyne: sys_socket[PID: 596 (xmldbc)]: family:1, type:2, protocol:0
[  240.396520] firmadyne: sys_socket[PID: 597 (xmldbc)]: family:1, type:2, protocol:0
[  240.455126] firmadyne: sys_socket[PID: 598 (xmldbc)]: family:1, type:2, protocol:0
[  240.517018] firmadyne: sys_socket[PID: 599 (xmldbc)]: family:1, type:2, protocol:0
[  240.657265] firmadyne: sys_socket[PID: 603 (xmldbc)]: family:1, type:2, protocol:0
[  240.718502] firmadyne: sys_socket[PID: 604 (xmldbc)]: family:1, type:2, protocol:0
[  240.776956] firmadyne: sys_socket[PID: 605 (xmldbc)]: family:1, type:2, protocol:0
[  240.835156] firmadyne: sys_socket[PID: 606 (xmldbc)]: family:1, type:2, protocol:0
[  240.897010] firmadyne: sys_socket[PID: 607 (xmldbc)]: family:1, type:2, protocol:0
[  240.956057] firmadyne: sys_socket[PID: 608 (xmldbc)]: family:1, type:2, protocol:0
[  241.015161] firmadyne: sys_socket[PID: 609 (xmldbc)]: family:1, type:2, protocol:0
[  241.076580] firmadyne: sys_socket[PID: 610 (xmldbc)]: family:1, type:2, protocol:0
[  241.130947] firmadyne: sys_socket[PID: 611 (xmldbc)]: family:1, type:2, protocol:0
[  241.194392] firmadyne: sys_socket[PID: 612 (xmldbc)]: family:1, type:2, protocol:0
[  241.254560] firmadyne: sys_socket[PID: 613 (xmldbc)]: family:1, type:2, protocol:0
[  241.315960] firmadyne: sys_socket[PID: 614 (xmldbc)]: family:1, type:2, protocol:0
[  241.374626] firmadyne: sys_socket[PID: 615 (xmldbc)]: family:1, type:2, protocol:0
[  241.428917] firmadyne: sys_socket[PID: 616 (xmldbc)]: family:1, type:2, protocol:0
[  241.491092] firmadyne: sys_socket[PID: 617 (xmldbc)]: family:1, type:2, protocol:0
[  241.550445] firmadyne: sys_socket[PID: 618 (xmldbc)]: family:1, type:2, protocol:0
[  241.610806] firmadyne: sys_socket[PID: 619 (xmldbc)]: family:1, type:2, protocol:0
[  241.664889] firmadyne: sys_socket[PID: 620 (xmldbc)]: family:1, type:2, protocol:0
[  241.726680] firmadyne: sys_socket[PID: 621 (xmldbc)]: family:1, type:2, protocol:0
[  241.867867] firmadyne: sys_socket[PID: 625 (xmldbc)]: family:1, type:2, protocol:0
[  241.922530] firmadyne: sys_socket[PID: 626 (xmldbc)]: family:1, type:2, protocol:0
[  241.980388] firmadyne: sys_socket[PID: 627 (xmldbc)]: family:1, type:2, protocol:0
[  242.038824] firmadyne: sys_socket[PID: 628 (xmldbc)]: family:1, type:2, protocol:0
[  242.099593] firmadyne: sys_socket[PID: 629 (xmldbc)]: family:1, type:2, protocol:0
[  242.153675] firmadyne: sys_socket[PID: 630 (xmldbc)]: family:1, type:2, protocol:0
[  242.214097] firmadyne: sys_socket[PID: 631 (xmldbc)]: family:1, type:2, protocol:0
[  242.274133] firmadyne: sys_socket[PID: 632 (xmldbc)]: family:1, type:2, protocol:0
[  242.332688] firmadyne: sys_socket[PID: 633 (xmldbc)]: family:1, type:2, protocol:0
[  242.386704] firmadyne: sys_socket[PID: 634 (xmldbc)]: family:1, type:2, protocol:0
[  242.445123] firmadyne: sys_socket[PID: 635 (xmldbc)]: family:1, type:2, protocol:0
[  242.500645] firmadyne: sys_socket[PID: 636 (xmldbc)]: family:1, type:2, protocol:0
[  242.560141] firmadyne: sys_socket[PID: 637 (xmldbc)]: family:1, type:2, protocol:0
[  242.619249] firmadyne: sys_socket[PID: 638 (xmldbc)]: family:1, type:2, protocol:0
[  242.680350] firmadyne: sys_socket[PID: 639 (xmldbc)]: family:1, type:2, protocol:0
[  242.739222] firmadyne: sys_socket[PID: 640 (xmldbc)]: family:1, type:2, protocol:0
[  242.798982] firmadyne: sys_socket[PID: 641 (xmldbc)]: family:1, type:2, protocol:0
[  242.857990] firmadyne: sys_socket[PID: 642 (xmldbc)]: family:1, type:2, protocol:0
[  242.918558] firmadyne: sys_socket[PID: 643 (xmldbc)]: family:1, type:2, protocol:0
[  243.058795] firmadyne: sys_socket[PID: 647 (xmldbc)]: family:1, type:2, protocol:0
[  243.119455] firmadyne: sys_socket[PID: 648 (xmldbc)]: family:1, type:2, protocol:0
[  243.178645] firmadyne: sys_socket[PID: 649 (xmldbc)]: family:1, type:2, protocol:0
[  243.239656] firmadyne: sys_socket[PID: 650 (xmldbc)]: family:1, type:2, protocol:0
[  243.300121] firmadyne: sys_socket[PID: 651 (xmldbc)]: family:1, type:2, protocol:0
[  243.359874] firmadyne: sys_socket[PID: 652 (xmldbc)]: family:1, type:2, protocol:0
[  243.418735] firmadyne: sys_socket[PID: 653 (xmldbc)]: family:1, type:2, protocol:0
[  243.474284] firmadyne: sys_socket[PID: 654 (xmldbc)]: family:1, type:2, protocol:0
[  243.527738] firmadyne: sys_socket[PID: 655 (xmldbc)]: family:1, type:2, protocol:0
[  243.586492] firmadyne: sys_socket[PID: 656 (xmldbc)]: family:1, type:2, protocol:0
[  243.646577] firmadyne: sys_socket[PID: 657 (xmldbc)]: family:1, type:2, protocol:0
[  243.707736] firmadyne: sys_socket[PID: 658 (xmldbc)]: family:1, type:2, protocol:0
[  243.766643] firmadyne: sys_socket[PID: 659 (xmldbc)]: family:1, type:2, protocol:0
[  243.825395] firmadyne: sys_socket[PID: 660 (xmldbc)]: family:1, type:2, protocol:0
[  243.880961] firmadyne: sys_socket[PID: 661 (xmldbc)]: family:1, type:2, protocol:0
[  243.940803] firmadyne: sys_socket[PID: 662 (xmldbc)]: family:1, type:2, protocol:0
[  243.999777] firmadyne: sys_socket[PID: 663 (xmldbc)]: family:1, type:2, protocol:0
[  244.058570] firmadyne: sys_socket[PID: 664 (xmldbc)]: family:1, type:2, protocol:0
[  244.118460] firmadyne: sys_socket[PID: 665 (xmldbc)]: family:1, type:2, protocol:0
[  244.260996] firmadyne: sys_socket[PID: 669 (xmldbc)]: family:1, type:2, protocol:0
[  244.321158] firmadyne: sys_socket[PID: 670 (xmldbc)]: family:1, type:2, protocol:0
[  244.380444] firmadyne: sys_socket[PID: 671 (xmldbc)]: family:1, type:2, protocol:0
[  244.440074] firmadyne: sys_socket[PID: 672 (xmldbc)]: family:1, type:2, protocol:0
[  244.496402] firmadyne: sys_socket[PID: 673 (xmldbc)]: family:1, type:2, protocol:0
[  244.552267] firmadyne: sys_socket[PID: 674 (xmldbc)]: family:1, type:2, protocol:0
[  244.612954] firmadyne: sys_socket[PID: 675 (xmldbc)]: family:1, type:2, protocol:0
[  244.673738] firmadyne: sys_socket[PID: 676 (xmldbc)]: family:1, type:2, protocol:0
[  244.733869] firmadyne: sys_socket[PID: 677 (xmldbc)]: family:1, type:2, protocol:0
[  244.794212] firmadyne: sys_socket[PID: 678 (xmldbc)]: family:1, type:2, protocol:0
[  244.854869] firmadyne: sys_socket[PID: 679 (xmldbc)]: family:1, type:2, protocol:0
[  244.916126] firmadyne: sys_socket[PID: 680 (xmldbc)]: family:1, type:2, protocol:0
[  244.975894] firmadyne: sys_socket[PID: 681 (xmldbc)]: family:1, type:2, protocol:0
[  245.035299] firmadyne: sys_socket[PID: 682 (xmldbc)]: family:1, type:2, protocol:0
[  245.097813] firmadyne: sys_socket[PID: 683 (xmldbc)]: family:1, type:2, protocol:0
[  245.156282] firmadyne: sys_socket[PID: 684 (xmldbc)]: family:1, type:2, protocol:0
[  245.219201] firmadyne: sys_socket[PID: 685 (xmldbc)]: family:1, type:2, protocol:0
[  245.280697] firmadyne: sys_socket[PID: 686 (xmldbc)]: family:1, type:2, protocol:0
[  245.340663] firmadyne: sys_socket[PID: 687 (xmldbc)]: family:1, type:2, protocol:0
[  245.480054] firmadyne: sys_socket[PID: 691 (xmldbc)]: family:1, type:2, protocol:0
[  245.538505] firmadyne: sys_socket[PID: 692 (xmldbc)]: family:1, type:2, protocol:0
[  245.598220] firmadyne: sys_socket[PID: 693 (xmldbc)]: family:1, type:2, protocol:0
[  245.651842] firmadyne: sys_socket[PID: 694 (xmldbc)]: family:1, type:2, protocol:0
[  251.517197] firmadyne: sys_socket[PID: 695 (xmldbc)]: family:1, type:2, protocol:0
[  251.578137] firmadyne: sys_socket[PID: 696 (xmldbc)]: family:1, type:2, protocol:0
[  251.637776] firmadyne: sys_socket[PID: 697 (xmldbc)]: family:1, type:2, protocol:0
[  251.698016] firmadyne: sys_socket[PID: 698 (xmldbc)]: family:1, type:2, protocol:0
[  251.752091] firmadyne: sys_socket[PID: 699 (xmldbc)]: family:1, type:2, protocol:0
[  256.077053] firmadyne: sys_socket[PID: 700 (xmldbc)]: family:1, type:2, protocol:0
[  256.131401] firmadyne: sys_socket[PID: 701 (xmldbc)]: family:1, type:2, protocol:0
[  256.190285] firmadyne: sys_socket[PID: 702 (xmldbc)]: family:1, type:2, protocol:0
[  256.250569] firmadyne: sys_socket[PID: 703 (xmldbc)]: family:1, type:2, protocol:0
[  256.310547] firmadyne: sys_socket[PID: 704 (xmldbc)]: family:1, type:2, protocol:0
[  270.267459] firmadyne: sys_socket[PID: 705 (xmldbc)]: family:1, type:2, protocol:0
[  270.327678] firmadyne: sys_socket[PID: 706 (xmldbc)]: family:1, type:2, protocol:0
[  270.386389] firmadyne: sys_socket[PID: 707 (xmldbc)]: family:1, type:2, protocol:0
[  270.447164] firmadyne: sys_socket[PID: 708 (xmldbc)]: family:1, type:2, protocol:0
[  275.947402] firmadyne: sys_socket[PID: 709 (xmldbc)]: family:1, type:2, protocol:0
[  276.086893] firmadyne: sys_socket[PID: 713 (xmldbc)]: family:1, type:2, protocol:0
[  276.142455] firmadyne: sys_socket[PID: 714 (xmldbc)]: family:1, type:2, protocol:0
[  276.200656] firmadyne: sys_socket[PID: 715 (xmldbc)]: family:1, type:2, protocol:0
[  276.260852] firmadyne: sys_socket[PID: 716 (xmldbc)]: family:1, type:2, protocol:0
[  287.309929] firmadyne: sys_socket[PID: 717 (xmldbc)]: family:1, type:2, protocol:0
[  287.369283] firmadyne: sys_socket[PID: 718 (xmldbc)]: family:1, type:2, protocol:0
[  287.427931] firmadyne: sys_socket[PID: 719 (xmldbc)]: family:1, type:2, protocol:0
[  287.484411] firmadyne: sys_socket[PID: 720 (xmldbc)]: family:1, type:2, protocol:0
[  287.542748] firmadyne: sys_socket[PID: 721 (xmldbc)]: family:1, type:2, protocol:0
[  288.333802] firmadyne: sys_socket[PID: 722 (xmldbc)]: family:1, type:2, protocol:0
[  288.388309] firmadyne: sys_socket[PID: 723 (xmldbc)]: family:1, type:2, protocol:0
[  288.447160] firmadyne: sys_socket[PID: 724 (xmldbc)]: family:1, type:2, protocol:0
[  288.503978] firmadyne: sys_socket[PID: 725 (xmldbc)]: family:1, type:2, protocol:0
[  288.559654] firmadyne: sys_socket[PID: 726 (xmldbc)]: family:1, type:2, protocol:0
[  288.618935] firmadyne: sys_socket[PID: 727 (xmldbc)]: family:1, type:2, protocol:0
[  307.886784] firmadyne: sys_socket[PID: 728 (xmldbc)]: family:1, type:2, protocol:0
[  307.951896] firmadyne: sys_socket[PID: 729 (xmldbc)]: family:1, type:2, protocol:0
[  308.018496] firmadyne: sys_socket[PID: 730 (xmldbc)]: family:1, type:2, protocol:0
[  308.080492] firmadyne: sys_socket[PID: 731 (xmldbc)]: family:1, type:2, protocol:0
[  308.220943] firmadyne: sys_socket[PID: 735 (xmldbc)]: family:1, type:2, protocol:0
[  308.294873] firmadyne: sys_socket[PID: 736 (xmldbc)]: family:1, type:2, protocol:0
[  308.390080] firmadyne: sys_socket[PID: 737 (xmldbc)]: family:1, type:2, protocol:0
[  308.449345] firmadyne: sys_socket[PID: 738 (xmldbc)]: family:1, type:2, protocol:0
[  308.512119] firmadyne: sys_socket[PID: 739 (xmldbc)]: family:1, type:2, protocol:0
[  308.571670] firmadyne: sys_socket[PID: 740 (xmldbc)]: family:1, type:2, protocol:0
[  308.630278] firmadyne: sys_socket[PID: 741 (xmldbc)]: family:1, type:2, protocol:0
[  308.690984] firmadyne: sys_socket[PID: 742 (xmldbc)]: family:1, type:2, protocol:0
[  308.749912] firmadyne: sys_socket[PID: 743 (xmldbc)]: family:1, type:2, protocol:0
[  308.808318] firmadyne: sys_socket[PID: 744 (xmldbc)]: family:1, type:2, protocol:0
[  308.866832] firmadyne: sys_socket[PID: 745 (xmldbc)]: family:1, type:2, protocol:0
[  308.930495] firmadyne: sys_socket[PID: 746 (xmldbc)]: family:1, type:2, protocol:0
[  308.990070] firmadyne: sys_socket[PID: 747 (xmldbc)]: family:1, type:2, protocol:0
[  309.049066] firmadyne: sys_socket[PID: 748 (xmldbc)]: family:1, type:2, protocol:0
[  309.110838] firmadyne: sys_socket[PID: 749 (xmldbc)]: family:1, type:2, protocol:0
[  309.170843] firmadyne: sys_socket[PID: 750 (xmldbc)]: family:1, type:2, protocol:0
[  309.231457] firmadyne: sys_socket[PID: 751 (xmldbc)]: family:1, type:2, protocol:0
[  309.291110] firmadyne: sys_socket[PID: 752 (xmldbc)]: family:1, type:2, protocol:0
[  309.344032] firmadyne: sys_socket[PID: 753 (xmldbc)]: family:1, type:2, protocol:0
[  309.492114] firmadyne: sys_socket[PID: 757 (xmldbc)]: family:1, type:2, protocol:0
[  309.550316] firmadyne: sys_socket[PID: 758 (xmldbc)]: family:1, type:2, protocol:0
[  309.609281] firmadyne: sys_socket[PID: 759 (xmldbc)]: family:1, type:2, protocol:0
[  309.668922] firmadyne: sys_socket[PID: 760 (xmldbc)]: family:1, type:2, protocol:0
[  309.729450] firmadyne: sys_socket[PID: 761 (xmldbc)]: family:1, type:2, protocol:0
[  309.787648] firmadyne: sys_socket[PID: 762 (xmldbc)]: family:1, type:2, protocol:0
[  309.845446] firmadyne: sys_socket[PID: 763 (xmldbc)]: family:1, type:2, protocol:0
[  309.906485] firmadyne: sys_socket[PID: 764 (xmldbc)]: family:1, type:2, protocol:0
[  309.965734] firmadyne: sys_socket[PID: 765 (xmldbc)]: family:1, type:2, protocol:0
[  310.025904] firmadyne: sys_socket[PID: 766 (xmldbc)]: family:1, type:2, protocol:0
[  310.086528] firmadyne: sys_socket[PID: 767 (xmldbc)]: family:1, type:2, protocol:0
[  310.145322] firmadyne: sys_socket[PID: 768 (xmldbc)]: family:1, type:2, protocol:0
[  310.205118] firmadyne: sys_socket[PID: 769 (xmldbc)]: family:1, type:2, protocol:0
[  310.263864] firmadyne: sys_socket[PID: 770 (xmldbc)]: family:1, type:2, protocol:0
[  310.323444] firmadyne: sys_socket[PID: 771 (xmldbc)]: family:1, type:2, protocol:0
[  310.382987] firmadyne: sys_socket[PID: 772 (xmldbc)]: family:1, type:2, protocol:0
[  310.441370] firmadyne: sys_socket[PID: 773 (xmldbc)]: family:1, type:2, protocol:0
[  310.502169] firmadyne: sys_socket[PID: 774 (xmldbc)]: family:1, type:2, protocol:0
[  310.560372] firmadyne: sys_socket[PID: 775 (xmldbc)]: family:1, type:2, protocol:0
[  310.701259] firmadyne: sys_socket[PID: 779 (xmldbc)]: family:1, type:2, protocol:0
[  310.759556] firmadyne: sys_socket[PID: 780 (xmldbc)]: family:1, type:2, protocol:0
[  310.817959] firmadyne: sys_socket[PID: 781 (xmldbc)]: family:1, type:2, protocol:0
[  310.877667] firmadyne: sys_socket[PID: 782 (xmldbc)]: family:1, type:2, protocol:0
[  310.946920] firmadyne: sys_socket[PID: 783 (xmldbc)]: family:1, type:2, protocol:0
[  311.005724] firmadyne: sys_socket[PID: 784 (xmldbc)]: family:1, type:2, protocol:0
[  311.063563] firmadyne: sys_socket[PID: 785 (xmldbc)]: family:1, type:2, protocol:0
[  311.123163] firmadyne: sys_socket[PID: 786 (xmldbc)]: family:1, type:2, protocol:0
[  311.182228] firmadyne: sys_socket[PID: 787 (xmldbc)]: family:1, type:2, protocol:0
[  311.241986] firmadyne: sys_socket[PID: 788 (xmldbc)]: family:1, type:2, protocol:0
[  311.301910] firmadyne: sys_socket[PID: 789 (xmldbc)]: family:1, type:2, protocol:0
[  311.360244] firmadyne: sys_socket[PID: 790 (xmldbc)]: family:1, type:2, protocol:0
[  311.418479] firmadyne: sys_socket[PID: 791 (xmldbc)]: family:1, type:2, protocol:0
[  311.478219] firmadyne: sys_socket[PID: 792 (xmldbc)]: family:1, type:2, protocol:0
[  311.537094] firmadyne: sys_socket[PID: 793 (xmldbc)]: family:1, type:2, protocol:0
[  311.595878] firmadyne: sys_socket[PID: 794 (xmldbc)]: family:1, type:2, protocol:0
[  311.654274] firmadyne: sys_socket[PID: 795 (xmldbc)]: family:1, type:2, protocol:0
[  311.713917] firmadyne: sys_socket[PID: 796 (xmldbc)]: family:1, type:2, protocol:0
[  311.771570] firmadyne: sys_socket[PID: 797 (xmldbc)]: family:1, type:2, protocol:0
[  311.910478] firmadyne: sys_socket[PID: 801 (xmldbc)]: family:1, type:2, protocol:0
[  311.971094] firmadyne: sys_socket[PID: 802 (xmldbc)]: family:1, type:2, protocol:0
[  312.030583] firmadyne: sys_socket[PID: 803 (xmldbc)]: family:1, type:2, protocol:0
[  312.091677] firmadyne: sys_socket[PID: 804 (xmldbc)]: family:1, type:2, protocol:0
[  312.150616] firmadyne: sys_socket[PID: 805 (xmldbc)]: family:1, type:2, protocol:0
[  312.209778] firmadyne: sys_socket[PID: 806 (xmldbc)]: family:1, type:2, protocol:0
[  312.269027] firmadyne: sys_socket[PID: 807 (xmldbc)]: family:1, type:2, protocol:0
[  312.328871] firmadyne: sys_socket[PID: 808 (xmldbc)]: family:1, type:2, protocol:0
[  312.387482] firmadyne: sys_socket[PID: 809 (xmldbc)]: family:1, type:2, protocol:0
[  312.446811] firmadyne: sys_socket[PID: 810 (xmldbc)]: family:1, type:2, protocol:0
[  312.508249] firmadyne: sys_socket[PID: 811 (xmldbc)]: family:1, type:2, protocol:0
[  312.567854] firmadyne: sys_socket[PID: 812 (xmldbc)]: family:1, type:2, protocol:0
[  312.626583] firmadyne: sys_socket[PID: 813 (xmldbc)]: family:1, type:2, protocol:0
[  312.681404] firmadyne: sys_socket[PID: 814 (xmldbc)]: family:1, type:2, protocol:0
[  312.739312] firmadyne: sys_socket[PID: 815 (xmldbc)]: family:1, type:2, protocol:0
[  312.798392] firmadyne: sys_socket[PID: 816 (xmldbc)]: family:1, type:2, protocol:0
[  312.857156] firmadyne: sys_socket[PID: 817 (xmldbc)]: family:1, type:2, protocol:0
[  312.918257] firmadyne: sys_socket[PID: 818 (xmldbc)]: family:1, type:2, protocol:0
[  312.979891] firmadyne: sys_socket[PID: 819 (xmldbc)]: family:1, type:2, protocol:0
[  313.122533] firmadyne: sys_socket[PID: 823 (xmldbc)]: family:1, type:2, protocol:0
[  313.182209] firmadyne: sys_socket[PID: 824 (xmldbc)]: family:1, type:2, protocol:0
[  313.243141] firmadyne: sys_socket[PID: 825 (xmldbc)]: family:1, type:2, protocol:0
[  313.303057] firmadyne: sys_socket[PID: 826 (xmldbc)]: family:1, type:2, protocol:0
[  313.361964] firmadyne: sys_socket[PID: 827 (xmldbc)]: family:1, type:2, protocol:0
[  313.419777] firmadyne: sys_socket[PID: 828 (xmldbc)]: family:1, type:2, protocol:0
[  313.479010] firmadyne: sys_socket[PID: 829 (xmldbc)]: family:1, type:2, protocol:0
[  313.537984] firmadyne: sys_socket[PID: 830 (xmldbc)]: family:1, type:2, protocol:0
[  313.596659] firmadyne: sys_socket[PID: 831 (xmldbc)]: family:1, type:2, protocol:0
[  313.656712] firmadyne: sys_socket[PID: 832 (xmldbc)]: family:1, type:2, protocol:0
[  313.716877] firmadyne: sys_socket[PID: 833 (xmldbc)]: family:1, type:2, protocol:0
[  313.775681] firmadyne: sys_socket[PID: 834 (xmldbc)]: family:1, type:2, protocol:0
[  313.834445] firmadyne: sys_socket[PID: 835 (xmldbc)]: family:1, type:2, protocol:0
[  313.894579] firmadyne: sys_socket[PID: 836 (xmldbc)]: family:1, type:2, protocol:0
[  313.955138] firmadyne: sys_socket[PID: 837 (xmldbc)]: family:1, type:2, protocol:0
[  314.014007] firmadyne: sys_socket[PID: 838 (xmldbc)]: family:1, type:2, protocol:0
[  314.074908] firmadyne: sys_socket[PID: 839 (xmldbc)]: family:1, type:2, protocol:0
[  314.133780] firmadyne: sys_socket[PID: 840 (xmldbc)]: family:1, type:2, protocol:0
[  314.192816] firmadyne: sys_socket[PID: 841 (xmldbc)]: family:1, type:2, protocol:0
[  314.331078] firmadyne: sys_socket[PID: 845 (xmldbc)]: family:1, type:2, protocol:0
[  314.389964] firmadyne: sys_socket[PID: 846 (xmldbc)]: family:1, type:2, protocol:0
[  314.448602] firmadyne: sys_socket[PID: 847 (xmldbc)]: family:1, type:2, protocol:0
[  314.508502] firmadyne: sys_socket[PID: 848 (xmldbc)]: family:1, type:2, protocol:0
[  314.566846] firmadyne: sys_socket[PID: 849 (xmldbc)]: family:1, type:2, protocol:0
[  314.624595] firmadyne: sys_socket[PID: 850 (xmldbc)]: family:1, type:2, protocol:0
[  314.684326] firmadyne: sys_socket[PID: 851 (xmldbc)]: family:1, type:2, protocol:0
[  314.742768] firmadyne: sys_socket[PID: 852 (xmldbc)]: family:1, type:2, protocol:0
[  314.800725] firmadyne: sys_socket[PID: 853 (xmldbc)]: family:1, type:2, protocol:0
[  314.859190] firmadyne: sys_socket[PID: 854 (xmldbc)]: family:1, type:2, protocol:0
[  314.919238] firmadyne: sys_socket[PID: 855 (xmldbc)]: family:1, type:2, protocol:0
[  314.980348] firmadyne: sys_socket[PID: 856 (xmldbc)]: family:1, type:2, protocol:0
[  315.038590] firmadyne: sys_socket[PID: 857 (xmldbc)]: family:1, type:2, protocol:0
[  315.092925] firmadyne: sys_socket[PID: 858 (xmldbc)]: family:1, type:2, protocol:0
[  315.150950] firmadyne: sys_socket[PID: 859 (xmldbc)]: family:1, type:2, protocol:0
[  315.211267] firmadyne: sys_socket[PID: 860 (xmldbc)]: family:1, type:2, protocol:0
[  315.270227] firmadyne: sys_socket[PID: 861 (xmldbc)]: family:1, type:2, protocol:0
[  315.329256] firmadyne: sys_socket[PID: 862 (xmldbc)]: family:1, type:2, protocol:0
[  315.386839] firmadyne: sys_socket[PID: 863 (xmldbc)]: family:1, type:2, protocol:0
[  315.525760] firmadyne: sys_socket[PID: 867 (xmldbc)]: family:1, type:2, protocol:0
[  315.584015] firmadyne: sys_socket[PID: 868 (xmldbc)]: family:1, type:2, protocol:0
[  315.643801] firmadyne: sys_socket[PID: 869 (xmldbc)]: family:1, type:2, protocol:0
[  315.705279] firmadyne: sys_socket[PID: 870 (xmldbc)]: family:1, type:2, protocol:0
[  315.764116] firmadyne: sys_socket[PID: 871 (xmldbc)]: family:1, type:2, protocol:0
[  315.823741] firmadyne: sys_socket[PID: 872 (xmldbc)]: family:1, type:2, protocol:0
[  315.884828] firmadyne: sys_socket[PID: 873 (xmldbc)]: family:1, type:2, protocol:0
[  315.944039] firmadyne: sys_socket[PID: 874 (xmldbc)]: family:1, type:2, protocol:0
[  316.006128] firmadyne: sys_socket[PID: 875 (xmldbc)]: family:1, type:2, protocol:0
[  316.065373] firmadyne: sys_socket[PID: 876 (xmldbc)]: family:1, type:2, protocol:0
[  316.125104] firmadyne: sys_socket[PID: 877 (xmldbc)]: family:1, type:2, protocol:0
[  316.179274] firmadyne: sys_socket[PID: 878 (xmldbc)]: family:1, type:2, protocol:0
[  316.237307] firmadyne: sys_socket[PID: 879 (xmldbc)]: family:1, type:2, protocol:0
[  316.298638] firmadyne: sys_socket[PID: 880 (xmldbc)]: family:1, type:2, protocol:0
[  316.357918] firmadyne: sys_socket[PID: 881 (xmldbc)]: family:1, type:2, protocol:0
[  316.416433] firmadyne: sys_socket[PID: 882 (xmldbc)]: family:1, type:2, protocol:0
[  316.476798] firmadyne: sys_socket[PID: 883 (xmldbc)]: family:1, type:2, protocol:0
[  316.537903] firmadyne: sys_socket[PID: 884 (xmldbc)]: family:1, type:2, protocol:0
[  316.596958] firmadyne: sys_socket[PID: 885 (xmldbc)]: family:1, type:2, protocol:0
[  316.736438] firmadyne: sys_socket[PID: 889 (xmldbc)]: family:1, type:2, protocol:0
[  316.795598] firmadyne: sys_socket[PID: 890 (xmldbc)]: family:1, type:2, protocol:0
[  316.854053] firmadyne: sys_socket[PID: 891 (xmldbc)]: family:1, type:2, protocol:0
[  316.914226] firmadyne: sys_socket[PID: 892 (xmldbc)]: family:1, type:2, protocol:0
[  316.972512] firmadyne: sys_socket[PID: 893 (xmldbc)]: family:1, type:2, protocol:0
[  317.032682] firmadyne: sys_socket[PID: 894 (xmldbc)]: family:1, type:2, protocol:0
[  317.092640] firmadyne: sys_socket[PID: 895 (xmldbc)]: family:1, type:2, protocol:0
[  317.151341] firmadyne: sys_socket[PID: 896 (xmldbc)]: family:1, type:2, protocol:0
[  317.211130] firmadyne: sys_socket[PID: 897 (xmldbc)]: family:1, type:2, protocol:0
[  317.264997] firmadyne: sys_socket[PID: 898 (xmldbc)]: family:1, type:2, protocol:0
[  317.324402] firmadyne: sys_socket[PID: 899 (xmldbc)]: family:1, type:2, protocol:0
[  317.381352] firmadyne: sys_socket[PID: 900 (xmldbc)]: family:1, type:2, protocol:0
[  317.439653] firmadyne: sys_socket[PID: 901 (xmldbc)]: family:1, type:2, protocol:0
[  317.499298] firmadyne: sys_socket[PID: 902 (xmldbc)]: family:1, type:2, protocol:0
[  317.558226] firmadyne: sys_socket[PID: 903 (xmldbc)]: family:1, type:2, protocol:0
[  317.617278] firmadyne: sys_socket[PID: 904 (xmldbc)]: family:1, type:2, protocol:0
[  317.676487] firmadyne: sys_socket[PID: 905 (xmldbc)]: family:1, type:2, protocol:0
[  317.735210] firmadyne: sys_socket[PID: 906 (xmldbc)]: family:1, type:2, protocol:0
[  317.793156] firmadyne: sys_socket[PID: 907 (xmldbc)]: family:1, type:2, protocol:0
[  317.931241] firmadyne: sys_socket[PID: 911 (xmldbc)]: family:1, type:2, protocol:0
[  317.990861] firmadyne: sys_socket[PID: 912 (xmldbc)]: family:1, type:2, protocol:0
[  318.050982] firmadyne: sys_socket[PID: 913 (xmldbc)]: family:1, type:2, protocol:0
[  318.110895] firmadyne: sys_socket[PID: 914 (xmldbc)]: family:1, type:2, protocol:0
[  318.169336] firmadyne: sys_socket[PID: 915 (xmldbc)]: family:1, type:2, protocol:0
[  318.227785] firmadyne: sys_socket[PID: 916 (xmldbc)]: family:1, type:2, protocol:0
[  318.287432] firmadyne: sys_socket[PID: 917 (xmldbc)]: family:1, type:2, protocol:0
[  318.344818] firmadyne: sys_socket[PID: 918 (xmldbc)]: family:1, type:2, protocol:0
[  318.403002] firmadyne: sys_socket[PID: 919 (xmldbc)]: family:1, type:2, protocol:0
[  318.465902] firmadyne: sys_socket[PID: 920 (xmldbc)]: family:1, type:2, protocol:0
[  318.527325] firmadyne: sys_socket[PID: 921 (xmldbc)]: family:1, type:2, protocol:0
[  318.585911] firmadyne: sys_socket[PID: 922 (xmldbc)]: family:1, type:2, protocol:0
[  318.644310] firmadyne: sys_socket[PID: 923 (xmldbc)]: family:1, type:2, protocol:0
[  318.704193] firmadyne: sys_socket[PID: 924 (xmldbc)]: family:1, type:2, protocol:0
[  318.762809] firmadyne: sys_socket[PID: 925 (xmldbc)]: family:1, type:2, protocol:0
[  318.820749] firmadyne: sys_socket[PID: 926 (xmldbc)]: family:1, type:2, protocol:0
[  318.880120] firmadyne: sys_socket[PID: 927 (xmldbc)]: family:1, type:2, protocol:0
[  318.939662] firmadyne: sys_socket[PID: 928 (xmldbc)]: family:1, type:2, protocol:0
[  318.998445] firmadyne: sys_socket[PID: 929 (xmldbc)]: family:1, type:2, protocol:0
[  319.187647] firmadyne: sys_socket[PID: 934 (xmldbc)]: family:1, type:2, protocol:0
[  319.247702] firmadyne: sys_socket[PID: 935 (xmldbc)]: family:1, type:2, protocol:0
[  319.307414] firmadyne: sys_socket[PID: 936 (xmldbc)]: family:1, type:2, protocol:0
[  319.365381] firmadyne: sys_socket[PID: 937 (xmldbc)]: family:1, type:2, protocol:0
[  319.423470] firmadyne: sys_socket[PID: 938 (xmldbc)]: family:1, type:2, protocol:0
[  319.482877] firmadyne: sys_socket[PID: 939 (xmldbc)]: family:1, type:2, protocol:0
[  319.620187] firmadyne: sys_socket[PID: 943 (xmldbc)]: family:1, type:2, protocol:0
[  319.681064] firmadyne: sys_socket[PID: 944 (xmldbc)]: family:1, type:2, protocol:0
[  319.739510] firmadyne: sys_socket[PID: 945 (xmldbc)]: family:1, type:2, protocol:0
[  319.798155] firmadyne: sys_socket[PID: 946 (xmldbc)]: family:1, type:2, protocol:0
[  319.855711] firmadyne: sys_socket[PID: 947 (xmldbc)]: family:1, type:2, protocol:0
[  319.914816] firmadyne: sys_socket[PID: 948 (xmldbc)]: family:1, type:2, protocol:0
[  320.094038] firmadyne: sys_socket[PID: 953 (xmldbc)]: family:1, type:2, protocol:0
[  320.229745] firmadyne: sys_socket[PID: 957 (xmldbc)]: family:1, type:2, protocol:0
[  320.366879] firmadyne: sys_socket[PID: 961 (xmldbc)]: family:1, type:2, protocol:0
[  320.504864] firmadyne: sys_socket[PID: 965 (xmldbc)]: family:1, type:2, protocol:0
[  320.644265] firmadyne: sys_socket[PID: 969 (xmldbc)]: family:1, type:2, protocol:0
[  320.781887] firmadyne: sys_socket[PID: 973 (xmldbc)]: family:1, type:2, protocol:0
[  320.918927] firmadyne: sys_socket[PID: 977 (xmldbc)]: family:1, type:2, protocol:0
[  321.063375] firmadyne: sys_socket[PID: 981 (xmldbc)]: family:1, type:2, protocol:0
[  321.201732] firmadyne: sys_socket[PID: 985 (xmldbc)]: family:1, type:2, protocol:0
[  321.339546] firmadyne: sys_socket[PID: 989 (xmldbc)]: family:1, type:2, protocol:0
[  321.475447] firmadyne: sys_socket[PID: 993 (xmldbc)]: family:1, type:2, protocol:0
[  321.612399] firmadyne: sys_socket[PID: 997 (xmldbc)]: family:1, type:2, protocol:0
[  321.748760] firmadyne: sys_socket[PID: 1001 (xmldbc)]: family:1, type:2, protocol:0
[  321.885581] firmadyne: sys_socket[PID: 1005 (xmldbc)]: family:1, type:2, protocol:0
[  322.022551] firmadyne: sys_socket[PID: 1009 (xmldbc)]: family:1, type:2, protocol:0
[  322.162904] firmadyne: sys_socket[PID: 1013 (xmldbc)]: family:1, type:2, protocol:0
[  322.300346] firmadyne: sys_socket[PID: 1017 (xmldbc)]: family:1, type:2, protocol:0
[  322.435569] firmadyne: sys_socket[PID: 1021 (xmldbc)]: family:1, type:2, protocol:0
[  322.572670] firmadyne: sys_socket[PID: 1025 (xmldbc)]: family:1, type:2, protocol:0
[  322.711367] firmadyne: sys_socket[PID: 1029 (xmldbc)]: family:1, type:2, protocol:0
[  322.847947] firmadyne: sys_socket[PID: 1033 (xmldbc)]: family:1, type:2, protocol:0
[  322.984369] firmadyne: sys_socket[PID: 1037 (xmldbc)]: family:1, type:2, protocol:0
[  323.127832] firmadyne: sys_socket[PID: 1041 (xmldbc)]: family:1, type:2, protocol:0
[  323.267082] firmadyne: sys_socket[PID: 1045 (xmldbc)]: family:1, type:2, protocol:0
[  323.404898] firmadyne: sys_socket[PID: 1049 (xmldbc)]: family:1, type:2, protocol:0
[  323.538095] firmadyne: sys_socket[PID: 1053 (xmldbc)]: family:1, type:2, protocol:0
[  323.675099] firmadyne: sys_socket[PID: 1057 (xmldbc)]: family:1, type:2, protocol:0
[  323.811908] firmadyne: sys_socket[PID: 1061 (xmldbc)]: family:1, type:2, protocol:0
[  323.949786] firmadyne: sys_socket[PID: 1065 (xmldbc)]: family:1, type:2, protocol:0
[  324.092454] firmadyne: sys_socket[PID: 1069 (xmldbc)]: family:1, type:2, protocol:0
[  324.228805] firmadyne: sys_socket[PID: 1073 (xmldbc)]: family:1, type:2, protocol:0
[  324.365816] firmadyne: sys_socket[PID: 1077 (xmldbc)]: family:1, type:2, protocol:0
[  324.504588] firmadyne: sys_socket[PID: 1081 (xmldbc)]: family:1, type:2, protocol:0
[  324.563531] firmadyne: sys_socket[PID: 1082 (xmldbc)]: family:1, type:2, protocol:0
[  324.622638] firmadyne: sys_socket[PID: 1083 (xmldbc)]: family:1, type:2, protocol:0
[  324.682787] firmadyne: sys_socket[PID: 1084 (xmldbc)]: family:1, type:2, protocol:0
[  324.741362] firmadyne: sys_socket[PID: 1085 (xmldbc)]: family:1, type:2, protocol:0
[  324.800004] firmadyne: sys_socket[PID: 1086 (xmldbc)]: family:1, type:2, protocol:0
[  324.858399] firmadyne: sys_socket[PID: 1087 (xmldbc)]: family:1, type:2, protocol:0
[  324.918270] firmadyne: sys_socket[PID: 1088 (xmldbc)]: family:1, type:2, protocol:0
[  324.977018] firmadyne: sys_socket[PID: 1089 (xmldbc)]: family:1, type:2, protocol:0
PHP [/etc/defnodes/S11setnodes.php] ...
[  325.101197] firmadyne: sys_socket[PID: 1092 (rgdb)]: family:1, type:2, protocol:0
PHP [/etc/defnodes/S12features.php] ...
[  325.958421] firmadyne: sys_socket[PID: 1105 (rgdb)]: family:1, type:2, protocol:0
PHP [/etc/defnodes/S13flashspeed.php] ...
[  326.091580] firmadyne: sys_socket[PID: 1108 (rgdb)]: family:1, type:2, protocol:0
PHP [/etc/defnodes/S20setnodes.php] ...
[  326.348130] firmadyne: sys_socket[PID: 1113 (rgdb)]: family:1, type:2, protocol:0
[  326.809134] UDF-fs: warning (device mtdblock4): udf_fill_super: No partition found (2)
mount: mounting /dev/mtdblock/4 on /www/locale/alt failed: Invalid argument
PHP [/etc/defnodes/S40brand.php] ...
[  326.917975] firmadyne: sys_socket[PID: 1125 (rgdb)]: family:1, type:2, protocol:0
[/etc/scripts/misc/defnodes.sh] Done !!
[/etc/scripts/misc/profile.sh] put ...
[  327.597224] firmadyne: sys_socket[PID: 1133 (rgdb)]: family:1, type:2, protocol:0
ok
[  328.623017] firmadyne: sys_socket[PID: 1139 (rgdb)]: family:1, type:2, protocol:0
[  328.700773] firmadyne: sys_socket[PID: 1141 (rgdb)]: family:1, type:2, protocol:0
[/etc/templates/timezone.sh] ...
[  328.877058] firmadyne: sys_socket[PID: 1146 (rgdb)]: family:1, type:2, protocol:0
[  329.071741] firmadyne: sys_socket[PID: 1151 (rgdb)]: family:1, type:2, protocol:0
[  333.107303] firmadyne: sys_socket[PID: 1155 (rgdb)]: family:1, type:2, protocol:0
[  333.194482] firmadyne: sys_socket[PID: 1157 (rgdb)]: family:1, type:2, protocol:0
[  333.280061] firmadyne: sys_socket[PID: 1159 (rgdb)]: family:1, type:2, protocol:0
[  333.363738] firmadyne: sys_socket[PID: 1161 (rgdb)]: family:1, type:2, protocol:0
[  333.447948] firmadyne: sys_socket[PID: 1163 (rgdb)]: family:1, type:2, protocol:0
[  333.532871] firmadyne: sys_socket[PID: 1165 (rgdb)]: family:1, type:2, protocol:0
[  333.617442] firmadyne: sys_socket[PID: 1167 (rgdb)]: family:1, type:2, protocol:0
[  333.703925] firmadyne: sys_socket[PID: 1169 (rgdb)]: family:1, type:2, protocol:0
[  333.788527] firmadyne: sys_socket[PID: 1171 (rgdb)]: family:1, type:2, protocol:0
[  333.875010] firmadyne: sys_socket[PID: 1173 (rgdb)]: family:1, type:2, protocol:0
[  333.955967] firmadyne: sys_socket[PID: 1175 (rgdb)]: family:1, type:2, protocol:0
[/etc/templates/logs.sh] ...
[  334.952103] firmadyne: sys_socket[PID: 1203 (rgdb)]: family:1, type:2, protocol:0
[  335.046509] firmadyne: sys_socket[PID: 1205 (rgdb)]: family:1, type:2, protocol:0
[/var/run/logs_run.sh] ...
[  335.663969] firmadyne: sys_socket[PID: 1210 (syslogd)]: family:1, type:1, protocol:0
[  335.821260] firmadyne: sys_socket[PID: 1215 (rgdb)]: family:1, type:2, protocol:0
[  336.034063] firmadyne: sys_socket[PID: 1219 (ifconfig)]: family:2, type:1, protocol:0
[  336.081175] 8021q: adding VLAN 0 to HW filter on device eth0
[  336.089018] e1000: eth0 NIC Link is Up 1000 Mbps Full Duplex, Flow Control: RX
[  339.194653] firmadyne: sys_socket[PID: 1221 (rgdb)]: family:1, type:2, protocol:0
[  339.543325] firmadyne: sys_socket[PID: 1233 (rgdb)]: family:1, type:2, protocol:0
[  339.735360] firmadyne: sys_socket[PID: 1239 (rgdb)]: family:1, type:2, protocol:0
[  339.760661] firmadyne: sys_socket[PID: 1240 (ifconfig)]: family:2, type:1, protocol:0
[  339.763219] firmadyne: __inet_insert_ifa[PID: 1240 (ifconfig)]: device:lo ifa:0x7f000001
[  339.821084] firmadyne: sys_socket[PID: 1241 (brctl)]: family:2, type:2, protocol:0
[  339.929206] firmadyne: sys_socket[PID: 1244 (brctl)]: family:2, type:2, protocol:0
[  339.932799] firmadyne: sys_socket[PID: 1244 (brctl)]: family:10, type:1, protocol:0
[  339.988057] firmadyne: sys_socket[PID: 1245 (brctl)]: family:2, type:2, protocol:0
[  339.992019] firmadyne: sys_socket[PID: 1245 (brctl)]: family:10, type:1, protocol:0
[/etc/init.d/S03config.sh] done!
[/etc/init.d/S10system.sh]
start Layout ...
[/etc/scripts/layout.sh] start ...
[  340.380385] firmadyne: sys_socket[PID: 1255 (rgdb)]: family:1, type:2, protocol:0
[  340.523719] firmadyne: sys_socket[PID: 1256 (rgdb)]: family:1, type:2, protocol:0
[/var/run/layout_start.sh] ...
Start bridge layout ...
[  340.684179] firmadyne: sys_socket[PID: 1260 (ifconfig)]: family:2, type:1, protocol:0
[  340.732992] firmadyne: sys_socket[PID: 1261 (brctl)]: family:2, type:2, protocol:0
[  340.736585] firmadyne: sys_socket[PID: 1261 (brctl)]: family:10, type:1, protocol:0
[  340.741085] firmadyne: sys_socket[PID: 1261 (brctl)]: family:10, type:1, protocol:0
[  340.743049] firmadyne: br_add_if[PID: 1261 (brctl)]: br:br0 dev:eth0
[  340.749736] device eth0 entered promiscuous mode
[  340.844860] firmadyne: sys_socket[PID: 1264 (xmldbc)]: family:1, type:2, protocol:0
[  340.935326] firmadyne: sys_socket[PID: 1267 (ifconfig)]: family:2, type:1, protocol:0
[  340.937220] br0: port 1(eth0) entered forwarding state
[  340.938460] br0: port 1(eth0) entered forwarding state
[  340.991244] firmadyne: sys_socket[PID: 1268 (rgdb)]: family:1, type:2, protocol:0
start LAN ...
[/etc/templates/lan.sh] ...
[  341.160807] firmadyne: sys_socket[PID: 1273 (rgdb)]: family:1, type:2, protocol:0
[  341.321066] firmadyne: sys_socket[PID: 1276 (rgdb)]: family:1, type:2, protocol:0
[  341.436126] firmadyne: sys_socket[PID: 1277 (rgdb)]: family:1, type:2, protocol:0
[/var/run/lan_start.sh] ...
Bridge mode selected, LAN is disabled !
start web server ...
[/etc/templates/webs.sh] start ...
[  341.743452] firmadyne: sys_socket[PID: 1285 (rgdb)]: family:1, type:2, protocol:0
[  341.832606] firmadyne: sys_socket[PID: 1287 (rgdb)]: family:1, type:2, protocol:0
[  341.986043] firmadyne: sys_socket[PID: 1290 (rgdb)]: family:1, type:2, protocol:0
[  342.148884] firmadyne: sys_socket[PID: 1291 (rgdb)]: family:1, type:2, protocol:0
[/var/run/webs_start.sh] ...
Starting HTTPD ...
start eth0 vlan setup ...
/etc/scripts/eth_vlan.sh: not found
[  342.568393] firmadyne: sys_socket[PID: 1301 (rgdb)]: family:1, type:2, protocol:0
[  342.601838] firmadyne: sys_socket[PID: 1302 (rgdb)]: family:1, type:2, protocol:0
[  342.818466] firmadyne: sys_socket[PID: 1303 (rgdb)]: family:1, type:2, protocol:0
#!/bin/sh
echo [$0] ... > /dev/console

# limitedadmin.php <<<

limitedadmin.sh...
[  343.133277] firmadyne: sys_socket[PID: 1307 (brctl)]: family:2, type:2, protocol:0
[  343.140486] firmadyne: sys_socket[PID: 1307 (brctl)]: family:10, type:1, protocol:0
[  343.247544] firmadyne: sys_socket[PID: 1308 (brctl)]: family:2, type:2, protocol:0
[  343.255104] firmadyne: sys_socket[PID: 1308 (brctl)]: family:10, type:1, protocol:0
[  343.368760] firmadyne: sys_socket[PID: 1309 (brctl)]: family:2, type:2, protocol:0
[  343.376377] firmadyne: sys_socket[PID: 1309 (brctl)]: family:10, type:1, protocol:0
[  343.480016] firmadyne: sys_socket[PID: 1310 (brctl)]: family:2, type:2, protocol:0
[  343.491406] firmadyne: sys_socket[PID: 1310 (brctl)]: family:10, type:1, protocol:0
[  343.599269] firmadyne: sys_socket[PID: 1311 (brctl)]: family:2, type:2, protocol:0
[  343.606655] firmadyne: sys_socket[PID: 1311 (brctl)]: family:10, type:1, protocol:0
[  343.713009] firmadyne: sys_socket[PID: 1312 (brctl)]: family:2, type:2, protocol:0
[  343.720595] firmadyne: sys_socket[PID: 1312 (brctl)]: family:10, type:1, protocol:0
start fresetd ...
enable LAN ports ...
[  343.979762] firmadyne: sys_socket[PID: 1314 (servd)]: family:1, type:2, protocol:0
Factory reset time : 5 secs
System reset time  : 1 secs
WPS command : [/etc/templates/wps.sh pbc &]
[  344.109158] firmadyne: sys_socket[PID: 1305 (httpd)]: family:10, type:2, protocol:6
[  344.110755] firmadyne: sys_setsockopt[PID: 1305 (httpd)]: fd:4, level:65535, optname:4
/dev/gpio: No such device or address
[  344.157068] firmadyne: sys_socket[PID: 1317 (fresetd)]: family:1, type:1, protocol:0
[/etc/scripts/enlan.sh] ...
 Generate channel table according to the country code...
[  344.316400] firmadyne: sys_socket[PID: 1327 (httpd)]: family:1, type:1, protocol:0
[  344.363494] firmadyne: sys_socket[PID: 1330 (genchanneltable)]: family:1, type:2, protocol:0
[  344.377430] firmadyne: sys_socket[PID: 1330 (genchanneltable)]: family:1, type:2, protocol:0
[  344.385116] firmadyne: sys_socket[PID: 1330 (genchanneltable)]: family:1, type:2, protocol:0
[  344.414415] firmadyne: sys_socket[PID: 1331 (getsys)]: family:1, type:2, protocol:0
UNKNOW country code!! Use USA for default!!
[  344.523099] firmadyne: sys_socket[PID: 1330 (genchanneltable)]: family:1, type:2, protocol:0
[  344.530185] firmadyne: sys_socket[PID: 1331 (getsys)]: family:1, type:2, protocol:0
[  344.535009] firmadyne: sys_socket[PID: 1330 (genchanneltable)]: family:1, type:2, protocol:0
[  344.541189] firmadyne: sys_socket[PID: 1331 (getsys)]: family:1, type:2, protocol:0
[  344.545355] firmadyne: sys_socket[PID: 1330 (genchanneltable)]: family:1, type:2, protocol:0
[  344.552279] firmadyne: sys_socket[PID: 1331 (getsys)]: family:1, type:2, protocol:0
[  344.557032] firmadyne: sys_socket[PID: 1330 (genchanneltable)]: family:1, type:2, protocol:0
[  344.563781] firmadyne: sys_socket[PID: 1331 (getsys)]: family:1, type:2, protocol:0
[  344.568478] firmadyne: sys_socket[PID: 1330 (genchanneltable)]: family:1, type:2, protocol:0
[  344.575013] firmadyne: sys_socket[PID: 1331 (getsys)]: family:1, type:2, protocol:0
[  344.579986] firmadyne: sys_socket[PID: 1330 (genchanneltable)]: family:1, type:2, protocol:0
[  344.586767] firmadyne: sys_socket[PID: 1331 (getsys)]: family:1, type:2, protocol:0
[  344.591792] firmadyne: sys_socket[PID: 1330 (genchanneltable)]: family:1, type:2, protocol:0
[  344.598652] firmadyne: sys_socket[PID: 1331 (getsys)]: family:1, type:2, protocol:0
[  344.603661] firmadyne: sys_socket[PID: 1330 (genchanneltable)]: family:1, type:2, protocol:0
[  344.610829] firmadyne: sys_socket[PID: 1331 (getsys)]: family:1, type:2, protocol:0
[  344.615961] firmadyne: sys_socket[PID: 1330 (genchanneltable)]: family:1, type:2, protocol:0
[  344.622731] firmadyne: sys_socket[PID: 1331 (getsys)]: family:1, type:2, protocol:0
[  344.627823] firmadyne: sys_socket[PID: 1330 (genchanneltable)]: family:1, type:2, protocol:0
[  344.634538] firmadyne: sys_socket[PID: 1331 (getsys)]: family:1, type:2, protocol:0
[  344.639628] firmadyne: sys_socket[PID: 1330 (genchanneltable)]: family:1, type:2, protocol:0
[  344.646324] firmadyne: sys_socket[PID: 1331 (getsys)]: family:1, type:2, protocol:0
[  344.651272] firmadyne: sys_socket[PID: 1330 (genchanneltable)]: family:1, type:2, protocol:0
[  344.657908] firmadyne: sys_socket[PID: 1331 (getsys)]: family:1, type:2, protocol:0
[  344.662292] firmadyne: sys_socket[PID: 1330 (genchanneltable)]: family:1, type:2, protocol:0
[  344.668793] firmadyne: sys_socket[PID: 1331 (getsys)]: family:1, type:2, protocol:0
[  344.673109] firmadyne: sys_socket[PID: 1330 (genchanneltable)]: family:1, type:2, protocol:0
[  344.681910] firmadyne: sys_socket[PID: 1331 (getsys)]: family:1, type:2, protocol:0
[  344.686365] firmadyne: sys_socket[PID: 1330 (genchanneltable)]: family:1, type:2, protocol:0
[  344.693177] firmadyne: sys_socket[PID: 1331 (getsys)]: family:1, type:2, protocol:0
[  344.697909] firmadyne: sys_socket[PID: 1330 (genchanneltable)]: family:1, type:2, protocol:0
[  344.704756] firmadyne: sys_socket[PID: 1331 (getsys)]: family:1, type:2, protocol:0
[  344.709156] firmadyne: sys_socket[PID: 1330 (genchanneltable)]: family:1, type:2, protocol:0
[  344.719951] firmadyne: sys_socket[PID: 1331 (getsys)]: family:1, type:2, protocol:0
[  344.724450] firmadyne: sys_socket[PID: 1330 (genchanneltable)]: family:1, type:2, protocol:0
[  344.731770] firmadyne: sys_socket[PID: 1330 (genchanneltable)]: family:1, type:2, protocol:0
[  344.748649] firmadyne: sys_socket[PID: 1330 (genchanneltable)]: family:1, type:2, protocol:0
[  344.755706] firmadyne: sys_socket[PID: 1330 (genchanneltable)]: family:1, type:2, protocol:0
[  344.765977] firmadyne: sys_socket[PID: 1330 (genchanneltable)]: family:1, type:2, protocol:0
[  344.779788] firmadyne: sys_socket[PID: 1330 (genchanneltable)]: family:1, type:2, protocol:0
[  344.786384] firmadyne: sys_socket[PID: 1330 (genchanneltable)]: family:1, type:2, protocol:0
[  344.792509] firmadyne: sys_socket[PID: 1330 (genchanneltable)]: family:1, type:2, protocol:0
[  344.802198] firmadyne: sys_socket[PID: 1330 (genchanneltable)]: family:1, type:2, protocol:0
[  344.811723] firmadyne: sys_socket[PID: 1330 (genchanneltable)]: family:1, type:2, protocol:0
[  344.823791] firmadyne: sys_socket[PID: 1330 (genchanneltable)]: family:1, type:2, protocol:0
[  344.830255] firmadyne: sys_socket[PID: 1330 (genchanneltable)]: family:1, type:2, protocol:0
/dev/gpio: No such device or address
 Generate VLAN table according to the port...
[  344.915961] firmadyne: sys_socket[PID: 1339 (genVLANTableByP)]: family:1, type:2, protocol:0
[  344.923383] firmadyne: sys_socket[PID: 1339 (genVLANTableByP)]: family:1, type:2, protocol:0
[  344.928911] firmadyne: sys_socket[PID: 1339 (genVLANTableByP)]: family:1, type:2, protocol:0
[  344.935374] firmadyne: sys_socket[PID: 1339 (genVLANTableByP)]: family:1, type:2, protocol:0
[  344.940924] firmadyne: sys_socket[PID: 1339 (genVLANTableByP)]: family:1, type:2, protocol:0
[  344.947184] firmadyne: sys_socket[PID: 1339 (genVLANTableByP)]: family:1, type:2, protocol:0
[  344.953776] firmadyne: sys_socket[PID: 1339 (genVLANTableByP)]: family:1, type:2, protocol:0
[  344.959896] firmadyne: sys_socket[PID: 1339 (genVLANTableByP)]: family:1, type:2, protocol:0
[  344.966483] firmadyne: sys_socket[PID: 1339 (genVLANTableByP)]: family:1, type:2, protocol:0
[  344.972129] firmadyne: sys_socket[PID: 1339 (genVLANTableByP)]: family:1, type:2, protocol:0
[  344.978318] firmadyne: sys_socket[PID: 1339 (genVLANTableByP)]: family:1, type:2, protocol:0
[  344.983867] firmadyne: sys_socket[PID: 1339 (genVLANTableByP)]: family:1, type:2, protocol:0
[  344.990278] firmadyne: sys_socket[PID: 1339 (genVLANTableByP)]: family:1, type:2, protocol:0
[  344.996622] firmadyne: sys_socket[PID: 1339 (genVLANTableByP)]: family:1, type:2, protocol:0
[  345.003163] firmadyne: sys_socket[PID: 1339 (genVLANTableByP)]: family:1, type:2, protocol:0
[  345.008674] firmadyne: sys_socket[PID: 1339 (genVLANTableByP)]: family:1, type:2, protocol:0
[  345.015290] firmadyne: sys_socket[PID: 1339 (genVLANTableByP)]: family:1, type:2, protocol:0
[  345.020880] firmadyne: sys_socket[PID: 1339 (genVLANTableByP)]: family:1, type:2, protocol:0
[  345.027519] firmadyne: sys_socket[PID: 1339 (genVLANTableByP)]: family:1, type:2, protocol:0
[  345.033333] firmadyne: sys_socket[PID: 1339 (genVLANTableByP)]: family:1, type:2, protocol:0
[  345.039801] firmadyne: sys_socket[PID: 1339 (genVLANTableByP)]: family:1, type:2, protocol:0
