[    0.000000] Linux version 4.1.17+ (alessio@pc) (gcc version 5.5.0 20171010 (Ubuntu 5.5.0-12ubuntu1) ) #1 Mon May 15 23:04:08 CEST 2023
[    0.000000] earlycon: Early serial console at I/O port 0x3f8 (options '38400n8')
[    0.000000] bootconsole [uart0] enabled
[    0.000000] CPU0 revision is: 00019300 (MIPS 24Kc)
[    0.000000] FPU revision is: 00739300
[    0.000000] Software DMA cache coherency enabled
[    0.000000] Determined physical RAM map:
[    0.000000]  memory: 00001000 @ 00000000 (reserved)
[    0.000000]  memory: 000ef000 @ 00001000 (ROM data)
[    0.000000]  memory: 00798000 @ 000f0000 (reserved)
[    0.000000]  memory: 0f777000 @ 00888000 (usable)
[    0.000000] debug: ignoring loglevel setting.
[    0.000000] Wasting 69888 bytes for tracking 2184 unused pages
[    0.000000] Initrd not found or empty - disabling initrd
[    0.000000] Zone ranges:
[    0.000000]   DMA      [mem 0x0000000000000000-0x0000000000ffffff]
[    0.000000]   Normal   [mem 0x0000000001000000-0x000000000fffefff]
[    0.000000] Movable zone start for each node
[    0.000000] Early memory node ranges
[    0.000000]   node   0: [mem 0x0000000000000000-0x000000000fffefff]
[    0.000000] Initmem setup node 0 [mem 0x0000000000000000-0x000000000fffefff]
[    0.000000] On node 0 totalpages: 65535
[    0.000000] free_area_init_node: node 0, pgdat 8081d5b0, node_mem_map 81000000
[    0.000000]   DMA zone: 32 pages used for memmap
[    0.000000]   DMA zone: 0 pages reserved
[    0.000000]   DMA zone: 4096 pages, LIFO batch:0
[    0.000000]   Normal zone: 480 pages used for memmap
[    0.000000]   Normal zone: 61439 pages, LIFO batch:15
[    0.000000] Primary instruction cache 2kB, VIPT, 2-way, linesize 16 bytes.
[    0.000000] Primary data cache 2kB, 2-way, VIPT, no aliases, linesize 16 bytes
[    0.000000] pcpu-alloc: s0 r0 d32768 u32768 alloc=1*32768
[    0.000000] pcpu-alloc: [0] 0 
[    0.000000] Built 1 zonelists in Zone order, mobility grouping on.  Total pages: 65023
[    0.000000] Kernel command line: root=/dev/sda1 console=ttyS0 nandsim.parts=64,64,64,64,64,64,64,64,64,64 rdinit=/firmadyne/preInit.sh rw debug ignore_loglevel print-fatal-signals=1 FIRMAE_NET=true FIRMAE_NVRAM=true FIRMAE_KERNEL=true FIRMAE_ETC=true user_debug=0 firmadyne.syscall=1 noka
[    0.000000] found FIRMAE_KERNEL=t
[    0.000000] set the LD_PRELOAD=/firmadyne/libnvram_ioctl.so
[    0.000000] PID hash table entries: 1024 (order: 0, 4096 bytes)
[    0.000000] Dentry cache hash table entries: 32768 (order: 5, 131072 bytes)
[    0.000000] Inode-cache hash table entries: 16384 (order: 4, 65536 bytes)
[    0.000000] Writing ErrCtl register=00000000
[    0.000000] Readback ErrCtl register=00000000
[    0.000000] Memory: 251112K/262140K available (5360K kernel code, 244K rwdata, 1676K rodata, 260K init, 158K bss, 11028K reserved, 0K cma-reserved)
[    0.000000] NR_IRQS:256
[    0.000000] CPU frequency 200.00 MHz
[    0.000000] clocksource MIPS: mask: 0xffffffff max_cycles: 0xffffffff, max_idle_ns: 19112523619 ns
[    0.000160] sched_clock: 32 bits at 100MHz, resolution 9ns, wraps every 21474745339ns
[    0.011046] Console: colour dummy device 80x25
[    0.012201] Calibrating delay loop... 36.03 BogoMIPS (lpj=72064)
[    0.065013] pid_max: default: 32768 minimum: 301
[    0.068227] Mount-cache hash table entries: 1024 (order: 0, 4096 bytes)
[    0.068658] Mountpoint-cache hash table entries: 1024 (order: 0, 4096 bytes)
[    0.118685] clocksource jiffies: mask: 0xffffffff max_cycles: 0xffffffff, max_idle_ns: 7645041785100000 ns
[    0.127320] NET: Registered protocol family 16
[    0.341206] clocksource pit: mask: 0xffffffff max_cycles: 0xffffffff, max_idle_ns: 1601818034827 ns
[    0.459548] vgaarb: loaded
[    0.463992] SCSI subsystem initialized
[    0.466128] libata version 3.00 loaded.
[    0.469677] usbcore: registered new interface driver usbfs
[    0.470800] usbcore: registered new interface driver hub
[    0.471652] usbcore: registered new device driver usb
[    0.473836] pps_core: LinuxPPS API ver. 1 registered
[    0.474150] pps_core: Software ver. 5.3.6 - Copyright 2005-2007 Rodolfo Giometti <giometti@linux.it>
[    0.474901] PTP clock support registered
[    0.478653] PCI host bridge to bus 0000:00
[    0.479255] pci_bus 0000:00: root bus resource [mem 0x10000000-0x17ffffff]
[    0.479748] pci_bus 0000:00: root bus resource [io  0x1000-0x1fffff]
[    0.480224] pci_bus 0000:00: root bus resource [??? 0x00000000 flags 0x0]
[    0.480683] pci_bus 0000:00: No busn resource found for root bus, will use [bus 00-ff]
[    0.481814] pci 0000:00:00.0: [11ab:4620] type 00 class 0x060000
[    0.482579] pci 0000:00:00.0: [Firmware Bug]: reg 0x14: invalid BAR (can't size)
[    0.483045] pci 0000:00:00.0: [Firmware Bug]: reg 0x18: invalid BAR (can't size)
[    0.483506] pci 0000:00:00.0: [Firmware Bug]: reg 0x1c: invalid BAR (can't size)
[    0.483970] pci 0000:00:00.0: [Firmware Bug]: reg 0x20: invalid BAR (can't size)
[    0.484450] pci 0000:00:00.0: [Firmware Bug]: reg 0x24: invalid BAR (can't size)
[    0.487659] pci 0000:00:0a.0: [8086:7110] type 00 class 0x060100
[    0.490452] pci 0000:00:0a.1: [8086:7111] type 00 class 0x010180
[    0.491062] pci 0000:00:0a.1: reg 0x20: [io  0x0000-0x000f]
[    0.491540] pci 0000:00:0a.1: legacy IDE quirk: reg 0x10: [io  0x01f0-0x01f7]
[    0.491994] pci 0000:00:0a.1: legacy IDE quirk: reg 0x14: [io  0x03f6]
[    0.492448] pci 0000:00:0a.1: legacy IDE quirk: reg 0x18: [io  0x0170-0x0177]
[    0.492899] pci 0000:00:0a.1: legacy IDE quirk: reg 0x1c: [io  0x0376]
[    0.495522] pci 0000:00:0a.2: [8086:7112] type 00 class 0x0c0300
[    0.496067] pci 0000:00:0a.2: reg 0x20: [io  0x0000-0x001f]
[    0.498725] pci 0000:00:0a.3: [8086:7113] type 00 class 0x068000
[    0.499756] pci 0000:00:0a.3: quirk: [io  0x1000-0x103f] claimed by PIIX4 ACPI
[    0.500265] pci 0000:00:0a.3: quirk: [io  0x1100-0x110f] claimed by PIIX4 SMB
[    0.502881] pci 0000:00:12.0: [1013:00b8] type 00 class 0x030000
[    0.503383] pci 0000:00:12.0: reg 0x10: [mem 0x00000000-0x01ffffff pref]
[    0.503848] pci 0000:00:12.0: reg 0x14: [mem 0x00000000-0x00000fff]
[    0.504370] pci 0000:00:12.0: reg 0x30: [mem 0x00000000-0x0000ffff pref]
[    0.506532] vgaarb: device added: PCI:0000:00:12.0,decodes=io+mem,owns=none,locks=none
[    0.507502] pci 0000:00:13.0: [8086:100e] type 00 class 0x020000
[    0.507990] pci 0000:00:13.0: reg 0x10: [mem 0x00000000-0x0001ffff]
[    0.508435] pci 0000:00:13.0: reg 0x14: [io  0x0000-0x003f]
[    0.508935] pci 0000:00:13.0: reg 0x30: [mem 0x00000000-0x0003ffff pref]
[    0.511468] pci 0000:00:14.0: [8086:100e] type 00 class 0x020000
[    0.511954] pci 0000:00:14.0: reg 0x10: [mem 0x00000000-0x0001ffff]
[    0.512402] pci 0000:00:14.0: reg 0x14: [io  0x0000-0x003f]
[    0.512893] pci 0000:00:14.0: reg 0x30: [mem 0x00000000-0x0003ffff pref]
[    0.515505] pci 0000:00:15.0: [8086:100e] type 00 class 0x020000
[    0.515983] pci 0000:00:15.0: reg 0x10: [mem 0x00000000-0x0001ffff]
[    0.516430] pci 0000:00:15.0: reg 0x14: [io  0x0000-0x003f]
[    0.516917] pci 0000:00:15.0: reg 0x30: [mem 0x00000000-0x0003ffff pref]
[    0.519420] pci 0000:00:16.0: [8086:100e] type 00 class 0x020000
[    0.519903] pci 0000:00:16.0: reg 0x10: [mem 0x00000000-0x0001ffff]
[    0.520352] pci 0000:00:16.0: reg 0x14: [io  0x0000-0x003f]
[    0.520843] pci 0000:00:16.0: reg 0x30: [mem 0x00000000-0x0003ffff pref]
[    0.523485] pci_bus 0000:00: busn_res: [bus 00-ff] end is updated to 00
[    0.524705] pci 0000:00:12.0: BAR 0: assigned [mem 0x10000000-0x11ffffff pref]
[    0.525322] pci 0000:00:13.0: BAR 6: assigned [mem 0x12000000-0x1203ffff pref]
[    0.525878] pci 0000:00:14.0: BAR 6: assigned [mem 0x12040000-0x1207ffff pref]
[    0.526392] pci 0000:00:15.0: BAR 6: assigned [mem 0x12080000-0x120bffff pref]
[    0.526920] pci 0000:00:16.0: BAR 6: assigned [mem 0x120c0000-0x120fffff pref]
[    0.527572] pci 0000:00:13.0: BAR 0: assigned [mem 0x12100000-0x1211ffff]
[    0.528083] pci 0000:00:14.0: BAR 0: assigned [mem 0x12120000-0x1213ffff]
[    0.528595] pci 0000:00:15.0: BAR 0: assigned [mem 0x12140000-0x1215ffff]
[    0.529108] pci 0000:00:16.0: BAR 0: assigned [mem 0x12160000-0x1217ffff]
[    0.529641] pci 0000:00:12.0: BAR 6: assigned [mem 0x12180000-0x1218ffff pref]
[    0.530159] pci 0000:00:12.0: BAR 1: assigned [mem 0x12190000-0x12190fff]
[    0.530670] pci 0000:00:13.0: BAR 1: assigned [io  0x1040-0x107f]
[    0.531113] pci 0000:00:14.0: BAR 1: assigned [io  0x1080-0x10bf]
[    0.531675] pci 0000:00:15.0: BAR 1: assigned [io  0x10c0-0x10ff]
[    0.532147] pci 0000:00:16.0: BAR 1: assigned [io  0x1400-0x143f]
[    0.532607] pci 0000:00:0a.2: BAR 4: assigned [io  0x1440-0x145f]
[    0.533067] pci 0000:00:0a.1: BAR 4: assigned [io  0x1460-0x146f]
[    0.547032] cfg80211: Calling CRDA to update world regulatory domain
[    0.557850] Switched to clocksource MIPS
[    0.648102] NET: Registered protocol family 2
[    0.657610] TCP established hash table entries: 2048 (order: 1, 8192 bytes)
[    0.658646] TCP bind hash table entries: 2048 (order: 1, 8192 bytes)
[    0.659493] TCP: Hash tables configured (established 2048 bind 2048)
[    0.660372] UDP hash table entries: 256 (order: 0, 4096 bytes)
[    0.660934] UDP-Lite hash table entries: 256 (order: 0, 4096 bytes)
[    0.664068] NET: Registered protocol family 1
[    0.665369] PCI: Enabling device 0000:00:0a.2 (0000 -> 0001)
[    0.666681] PCI: CLS 0 bytes, default 16
[    0.692147] futex hash table entries: 256 (order: -1, 3072 bytes)
[    0.705064] squashfs: version 4.0 (2009/01/31) Phillip Lougher
[    0.707168] jffs2: version 2.2. (NAND) Â© 2001-2006 Red Hat, Inc.
[    0.709741] romfs: ROMFS MTD (C) 2007 Red Hat, Inc.
[    0.728981] Block layer SCSI generic (bsg) driver version 0.4 loaded (major 251)
[    0.729520] io scheduler noop registered
[    0.730254] io scheduler cfq registered (default)
[    0.731048] firmadyne: devfs: 1, execute: 1, procfs: 1, syscall: 1
[    0.735614] firmadyne: Cannot register character device: gpio, 0xfc, 0x0!
[    0.742526] firmadyne: Cannot register character device: watchdog, 0xa, 0x82!
[    0.742939] firmadyne: Cannot register character device: wdt, 0xfd, 0x0!
[    2.097000] strName = 4.1.17+
[    2.097000] init_task_addr  = 2155778944
[    2.097000] init_task_size  = 1296
[    2.097000] ts_tasks        = 292
[    2.097000] ts_pid          = 408
[    2.097000] ts_tgid         = 412
[    2.097000] ts_group_leader = 440
[    2.097000] ts_thread_group = 496
[    2.097000] ts_real_parent  = 416
[    2.097000] ts_mm           = 300
[    2.097000] ts_stack        = 4
[    2.099155] module_name   = 12
[    2.099155] module_size   = 208
[    2.099155] module_init   = 200
[    2.099155] module_list   = 4
[    2.099903] ts_real_cred    = 624
[    2.099903] ts_cred         = 628
[    2.099903] ts_comm         = 632
[    2.099903] cred_uid        = 4
[    2.099903] cred_gid        = 8
[    2.099903] cred_euid       = 20
[    2.099903] cred_egid       = 24
[    2.101127] mm_mmap         = 0
[    2.101127] mm_pgd          = 32
[    2.101127] mm_arg_start    = 136
[    2.101127] mm_start_brk    = 124
[    2.101127] mm_brk          = 128
[    2.101127] mm_start_stack  = 132
[    2.102352] vma_vm_start    = 0
[    2.102352] vma_vm_end      = 4
[    2.102352] vma_vm_next     = 8
[    2.102352] vma_vm_file     = 80
[    2.102352] vma_vm_flags    = 40
[    2.102352] vma_vm_pgoff    = 76
[    2.103426] file_dentry     = 12
[    2.103426] file_inode      = 40
[    2.103426] dentry_d_name   = 24
[    2.103426] dentry_d_iname  = 44
[    2.103426] dentry_d_parent = 16
[    2.103426] ti_task         = 0
[    2.103426] inode_ino   = 28
[    2.947944] proc_fork_connector  = 2151078840
[    2.948265] proc_exit_connector  = 2151080432
[    2.948551] proc_exec_connector  = 2151079052
[    2.948836] vma_link  = 2149124372
[    2.949077] vma_adjust  = 2149124540
[    2.949335] remove_vma  = 2149122188
[    2.949584] modules  = 2155833724
[    2.949960] trim_init_extable  = 2150545316
[    2.952964] PCI: Enabling device 0000:00:12.0 (0000 -> 0002)
[    2.954186] cirrusfb 0000:00:12.0: Cirrus Logic chipset on PCI bus, RAM (4096 kB) at 0x10000000
[    3.189014] Console: switching to colour frame buffer device 80x30
[    3.244582] Serial: 8250/16550 driver, 4 ports, IRQ sharing enabled
[    3.256462] console [ttyS0] disabled
[    3.282621] serial8250.0: ttyS0 at I/O 0x3f8 (irq = 4, base_baud = 115200) is a 16550A
[    3.283618] console [ttyS0] enabled
[    3.283618] console [ttyS0] enabled
[    3.284104] bootconsole [uart0] disabled
[    3.284104] bootconsole [uart0] disabled
[    3.312790] serial8250.0: ttyS1 at I/O 0x2f8 (irq = 3, base_baud = 115200) is a 16550A
[    3.412580] brd: module loaded
[    3.463977] loop: module loaded
[    3.469331] ata_piix 0000:00:0a.1: version 2.13
[    3.469941] PCI: Enabling device 0000:00:0a.1 (0000 -> 0001)
[    3.491155] scsi host0: ata_piix
[    3.495757] scsi host1: ata_piix
[    3.498913] ata1: PATA max UDMA/33 cmd 0x1f0 ctl 0x3f6 bmdma 0x1460 irq 14
[    3.499349] ata2: PATA max UDMA/33 cmd 0x170 ctl 0x376 bmdma 0x1468 irq 15
[    3.504864] [nandsim] warning: read_byte: unexpected data output cycle, state is STATE_READY return 0x0
[    3.505376] [nandsim] warning: read_byte: unexpected data output cycle, state is STATE_READY return 0x0
[    3.505987] [nandsim] warning: read_byte: unexpected data output cycle, state is STATE_READY return 0x0
[    3.506485] [nandsim] warning: read_byte: unexpected data output cycle, state is STATE_READY return 0x0
[    3.506987] [nandsim] warning: read_byte: unexpected data output cycle, state is STATE_READY return 0x0
[    3.507483] [nandsim] warning: read_byte: unexpected data output cycle, state is STATE_READY return 0x0
[    3.508120] nand: device found, Manufacturer ID: 0x98, Chip ID: 0x39
[    3.508505] nand: Toshiba NAND 128MiB 1,8V 8-bit
[    3.508850] nand: 128 MiB, SLC, erase size: 16 KiB, page size: 512, OOB size: 16
[    3.510376] flash size: 128 MiB
[    3.510593] page size: 512 bytes
[    3.510824] OOB area size: 16 bytes
[    3.511052] sector size: 16 KiB
[    3.511272] pages number: 262144
[    3.511489] pages per sector: 32
[    3.511701] bus width: 8
[    3.511891] bits in sector size: 14
[    3.512116] bits in page size: 9
[    3.512340] bits in OOB size: 4
[    3.512559] flash size with OOB: 135168 KiB
[    3.512810] page address bytes: 4
[    3.513030] sector address bytes: 3
[    3.513259] options: 0x42
[    3.580021] Scanning device for bad blocks
[    4.547027] cfg80211: Calling CRDA to update world regulatory domain
[    4.551451] ata2.01: NODEV after polling detection
[    4.552084] ata1.01: NODEV after polling detection
[    4.553580] ata2.00: ATAPI: QEMU DVD-ROM, 2.5+, max UDMA/100
[    4.556462] ata1.00: ATA-7: QEMU HARDDISK, 2.5+, max UDMA/100
[    4.556870] ata1.00: 2097152 sectors, multi 16: LBA48 
[    4.561775] ata2.00: configured for UDMA/33
[    4.563561] ata1.00: configured for UDMA/33
[    4.571169] scsi 0:0:0:0: Direct-Access     ATA      QEMU HARDDISK    2.5+ PQ: 0 ANSI: 5
[    4.584578] sd 0:0:0:0: [sda] 2097152 512-byte logical blocks: (1.07 GB/1.00 GiB)
[    4.586023] scsi 1:0:0:0: CD-ROM            QEMU     QEMU DVD-ROM     2.5+ PQ: 0 ANSI: 5
[    4.596859] sd 0:0:0:0: [sda] Write Protect is off
[    4.597310] sd 0:0:0:0: [sda] Mode Sense: 00 3a 00 00
[    4.598666] sd 0:0:0:0: [sda] Write cache: enabled, read cache: enabled, doesn't support DPO or FUA
[    4.608446] Creating 11 MTD partitions on "NAND 128MiB 1,8V 8-bit":
[    4.609013] 0x000000000000-0x000000100000 : "NAND simulator partition 0"
[    4.618491] 0x000000100000-0x000000200000 : "NAND simulator partition 1"
[    4.627412] 0x000000200000-0x000000300000 : "NAND simulator partition 2"
[    4.636327] 0x000000300000-0x000000400000 : "NAND simulator partition 3"
[    4.645350] 0x000000400000-0x000000500000 : "NAND simulator partition 4"
[    4.654476] 0x000000500000-0x000000600000 : "NAND simulator partition 5"
[    4.663833] 0x000000600000-0x000000700000 : "NAND simulator partition 6"
[    4.673325] 0x000000700000-0x000000800000 : "NAND simulator partition 7"
[    4.682923] 0x000000800000-0x000000900000 : "NAND simulator partition 8"
[    4.691736] 0x000000900000-0x000000a00000 : "NAND simulator partition 9"
[    4.700637] 0x000000a00000-0x000008000000 : "NAND simulator partition 10"
[    4.738590] tun: Universal TUN/TAP device driver, 1.6
[    4.738913] tun: (C) 1999-2004 Max Krasnyansky <maxk@qualcomm.com>
[    4.742043] pcnet32: pcnet32.c:v1.35 21.Apr.2008 tsbogend@alpha.franken.de
[    4.743218] e1000: Intel(R) PRO/1000 Network Driver - version 7.3.21-k8-NAPI
[    4.743609] e1000: Copyright (c) 1999-2006 Intel Corporation.
[    4.744425] PCI: Enabling device 0000:00:13.0 (0000 -> 0003)
[    4.746410]  sda: sda1
[    4.757489] sd 0:0:0:0: [sda] Attached SCSI disk
[    5.050814] e1000 0000:00:13.0 eth0: (PCI:33MHz:32-bit) 52:54:00:12:34:56
[    5.051411] e1000 0000:00:13.0 eth0: Intel(R) PRO/1000 Network Connection
[    5.052007] PCI: Enabling device 0000:00:14.0 (0000 -> 0003)
[    5.346306] e1000 0000:00:14.0 eth1: (PCI:33MHz:32-bit) 52:54:00:12:34:57
[    5.346783] e1000 0000:00:14.0 eth1: Intel(R) PRO/1000 Network Connection
[    5.347380] PCI: Enabling device 0000:00:15.0 (0000 -> 0003)
[    5.640253] e1000 0000:00:15.0 eth2: (PCI:33MHz:32-bit) 52:54:00:12:34:58
[    5.640755] e1000 0000:00:15.0 eth2: Intel(R) PRO/1000 Network Connection
[    5.641376] PCI: Enabling device 0000:00:16.0 (0000 -> 0003)
[    5.944849] e1000 0000:00:16.0 eth3: (PCI:33MHz:32-bit) 52:54:00:12:34:59
[    5.945338] e1000 0000:00:16.0 eth3: Intel(R) PRO/1000 Network Connection
[    5.946621] e1000e: Intel(R) PRO/1000 Network Driver - 2.3.2-k
[    5.946933] e1000e: Copyright(c) 1999 - 2014 Intel Corporation.
[    5.950761] PPP generic driver version 2.4.2
[    5.952611] PPP Deflate Compression module registered
[    5.953174] PPP MPPE Compression module registered
[    5.953538] NET: Registered protocol family 24
[    5.954298] ehci_hcd: USB 2.0 'Enhanced' Host Controller (EHCI) Driver
[    5.954752] ehci-pci: EHCI PCI platform driver
[    5.955731] ohci_hcd: USB 1.1 'Open' Host Controller (OHCI) Driver
[    5.956158] ohci-pci: OHCI PCI platform driver
[    5.957122] uhci_hcd: USB Universal Host Controller Interface driver
[    5.958720] uhci_hcd 0000:00:0a.2: UHCI Host Controller
[    5.959412] uhci_hcd 0000:00:0a.2: new USB bus registered, assigned bus number 1
[    5.960331] uhci_hcd 0000:00:0a.2: irq 11, io base 0x00001440
[    5.970983] hub 1-0:1.0: USB hub found
[    5.971678] hub 1-0:1.0: 2 ports detected
[    5.979866] usbcore: registered new interface driver usb-storage
[    5.983644] mousedev: PS/2 mouse device common for all mice
[    5.989418] rtc_cmos rtc_cmos: rtc core: registered rtc_cmos as rtc0
[    5.990214] rtc_cmos rtc_cmos: alarms up to one day, 242 bytes nvram
[    5.991485] i2c /dev entries driver
[    5.992604] piix4_smbus 0000:00:0a.3: SMBus Host Controller at 0x1100, revision 0
[    5.996840] sdhci: Secure Digital Host Controller Interface driver
[    5.997177] sdhci: Copyright(c) Pierre Ossman
[    5.999379] hidraw: raw HID events driver (C) Jiri Kosina
[    6.016054] usbcore: registered new interface driver usbhid
[    6.016385] usbhid: USB HID core driver
[    6.017347] Netfilter messages via NETLINK v0.30.
[    6.018660] nf_conntrack version 0.5.0 (3923 buckets, 15692 max)
[    6.021547] ctnetlink v0.93: registering with nfnetlink.
[    6.026762] ipip: IPv4 over IPv4 tunneling driver
[    6.037912] ip_tables: (C) 2000-2006 Netfilter Core Team
[    6.040420] arp_tables: (C) 2002 David S. Miller
[    6.042183] Initializing XFRM netlink socket
[    6.043241] NET: Registered protocol family 10
[    6.060607] ip6_tables: (C) 2000-2006 Netfilter Core Team
[    6.063978] sit: IPv6 over IPv4 tunneling driver
[    6.079661] NET: Registered protocol family 17
[    6.080506] bridge: automatic filtering via arp/ip/ip6tables has been deprecated. Update your scripts to load br_netfilter if you need this.
[    6.081507] Bridge firewalling registered
[    6.082010] Ebtables v2.0 registered
[    6.086019] 8021q: 802.1Q VLAN Support v1.8
[    6.105364] rtc_cmos rtc_cmos: setting system clock to 2025-07-23 22:04:39 UTC (1753308279)
[    6.125195] EXT2-fs (sda1): warning: mounting unchecked fs, running e2fsck is recommended
[    6.127357] VFS: Mounted root (ext2 filesystem) on device 8:1.
[    6.135795] Freeing YAMON memory: 956k freed
[    6.145787] Freeing unused kernel memory: 260K (8081f000 - 80860000)
[    6.174869] firmadyne: sys_reboot[PID: 1 (init)]: magic1:fee1dead, magic2:28121969, cmd:0
init started: BusyBox v1.14.1 (2024-07-07 02:43:58 CEST)
starting pid 48, tty '': '/etc/init.d/rcS'
[    6.251579] firmadyne: do_execve: /firmadyne/console
[    6.252105] OFFSETS: offset of pid: 0x198 offset of comm: 0x278
[/etc/init.d/S03config.sh]
[    6.330076] spurious 8259A interrupt: IRQ7.
Mounting proc and var ...
[    7.690165] cfg80211: Calling CRDA to update world regulatory domain
SymbLink /dev/mtdblock/0
SymbLink /dev/mtdblock/1
SymbLink /dev/mtdblock/10
SymbLink /dev/mtdblock/2
SymbLink /dev/mtdblock/3
SymbLink /dev/mtdblock/4
SymbLink /dev/mtdblock/5
SymbLink /dev/mtdblock/6
SymbLink /dev/mtdblock/7
SymbLink /dev/mtdblock/8
SymbLink /dev/mtdblock/9
Inserting kernel modules ...
Inserting Rebootm ...
Inserting atheros ethernet ...
Inserting gpio ...
[   10.834902] cfg80211: Calling CRDA to update world regulatory domain
done.
Start xmldb ...
[   11.223103] firmadyne: sys_socket[PID: 147 (xmldb)]: family:1, type:2, protocol:0
[/etc/scripts/misc/profile.sh] get ...
DEVCONF: unable to read config data (ret=-3) !
CAN NOT get devive config, generate default!
[/etc/scripts/misc/profile.sh] reset ...
[   12.500149] random: nonblocking pool is initialized
[   12.589174] firmadyne: sys_socket[PID: 159 (rgdb)]: family:1, type:2, protocol:0
[/etc/scripts/misc/defnodes.sh] ...
[/etc/defnodes/S10setext.sh] ...
[   12.887975] firmadyne: sys_socket[PID: 165 (xmldbc)]: family:1, type:2, protocol:0
[   12.931671] firmadyne: sys_socket[PID: 166 (xmldbc)]: family:1, type:2, protocol:0
[   12.976278] firmadyne: sys_socket[PID: 167 (xmldbc)]: family:1, type:2, protocol:0
[   13.019729] firmadyne: sys_socket[PID: 168 (xmldbc)]: family:1, type:2, protocol:0
[   13.063540] firmadyne: sys_socket[PID: 169 (xmldbc)]: family:1, type:2, protocol:0
[   13.107158] firmadyne: sys_socket[PID: 170 (xmldbc)]: family:1, type:2, protocol:0
[   13.152837] firmadyne: sys_socket[PID: 171 (xmldbc)]: family:1, type:2, protocol:0
[   13.200869] firmadyne: sys_socket[PID: 172 (xmldbc)]: family:1, type:2, protocol:0
[   13.245703] firmadyne: sys_socket[PID: 173 (xmldbc)]: family:1, type:2, protocol:0
[   13.289261] firmadyne: sys_socket[PID: 174 (xmldbc)]: family:1, type:2, protocol:0
[   13.333203] firmadyne: sys_socket[PID: 175 (xmldbc)]: family:1, type:2, protocol:0
[   13.378944] firmadyne: sys_socket[PID: 176 (xmldbc)]: family:1, type:2, protocol:0
[   13.423541] firmadyne: sys_socket[PID: 177 (xmldbc)]: family:1, type:2, protocol:0
[   13.467466] firmadyne: sys_socket[PID: 178 (xmldbc)]: family:1, type:2, protocol:0
[   13.512218] firmadyne: sys_socket[PID: 179 (xmldbc)]: family:1, type:2, protocol:0
[   13.557246] firmadyne: sys_socket[PID: 180 (xmldbc)]: family:1, type:2, protocol:0
[   13.601513] firmadyne: sys_socket[PID: 181 (xmldbc)]: family:1, type:2, protocol:0
[   13.645502] firmadyne: sys_socket[PID: 182 (xmldbc)]: family:1, type:2, protocol:0
[   13.689775] firmadyne: sys_socket[PID: 183 (xmldbc)]: family:1, type:2, protocol:0
[   13.734376] firmadyne: sys_socket[PID: 184 (xmldbc)]: family:1, type:2, protocol:0
[   13.779793] firmadyne: sys_socket[PID: 185 (xmldbc)]: family:1, type:2, protocol:0
[   13.824217] firmadyne: sys_socket[PID: 186 (rgdb)]: family:1, type:2, protocol:0
[   13.868625] firmadyne: sys_socket[PID: 187 (rgdb)]: family:1, type:2, protocol:0
[   13.913369] firmadyne: sys_socket[PID: 188 (rgdb)]: family:1, type:2, protocol:0
[   13.958583] firmadyne: sys_socket[PID: 189 (rgdb)]: family:1, type:2, protocol:0
[   13.978111] cfg80211: Calling CRDA to update world regulatory domain
[   14.014949] firmadyne: sys_socket[PID: 190 (rgdb)]: family:1, type:2, protocol:0
[   14.060052] firmadyne: sys_socket[PID: 192 (rgdb)]: family:1, type:2, protocol:0
[   14.104636] firmadyne: sys_socket[PID: 193 (rgdb)]: family:1, type:2, protocol:0
[   14.148911] firmadyne: sys_socket[PID: 194 (rgdb)]: family:1, type:2, protocol:0
[   14.194319] firmadyne: sys_socket[PID: 195 (rgdb)]: family:1, type:2, protocol:0
[   14.238618] firmadyne: sys_socket[PID: 196 (rgdb)]: family:1, type:2, protocol:0
[   14.282834] firmadyne: sys_socket[PID: 197 (rgdb)]: family:1, type:2, protocol:0
[   14.326974] firmadyne: sys_socket[PID: 198 (rgdb)]: family:1, type:2, protocol:0
[   14.374290] firmadyne: sys_socket[PID: 199 (rgdb)]: family:1, type:2, protocol:0
[   14.418246] firmadyne: sys_socket[PID: 200 (rgdb)]: family:1, type:2, protocol:0
[   14.514439] firmadyne: sys_socket[PID: 202 (xmldbc)]: family:1, type:2, protocol:0
[   14.559624] firmadyne: sys_socket[PID: 203 (xmldbc)]: family:1, type:2, protocol:0
[   14.603566] firmadyne: sys_socket[PID: 204 (xmldbc)]: family:1, type:2, protocol:0
[   14.647971] firmadyne: sys_socket[PID: 205 (xmldbc)]: family:1, type:2, protocol:0
[   14.692722] firmadyne: sys_socket[PID: 206 (xmldbc)]: family:1, type:2, protocol:0
[   14.737077] firmadyne: sys_socket[PID: 207 (xmldbc)]: family:1, type:2, protocol:0
[   14.782524] firmadyne: sys_socket[PID: 208 (xmldbc)]: family:1, type:2, protocol:0
[   14.828004] firmadyne: sys_socket[PID: 209 (xmldbc)]: family:1, type:2, protocol:0
[   14.873198] firmadyne: sys_socket[PID: 210 (xmldbc)]: family:1, type:2, protocol:0
[   14.918148] firmadyne: sys_socket[PID: 211 (xmldbc)]: family:1, type:2, protocol:0
[   14.964170] firmadyne: sys_socket[PID: 212 (xmldbc)]: family:1, type:2, protocol:0
[   15.009041] firmadyne: sys_socket[PID: 213 (xmldbc)]: family:1, type:2, protocol:0
[   15.054716] firmadyne: sys_socket[PID: 214 (xmldbc)]: family:1, type:2, protocol:0
[   15.099962] firmadyne: sys_socket[PID: 215 (xmldbc)]: family:1, type:2, protocol:0
[   15.144149] firmadyne: sys_socket[PID: 216 (xmldbc)]: family:1, type:2, protocol:0
[   15.189499] firmadyne: sys_socket[PID: 217 (xmldbc)]: family:1, type:2, protocol:0
[   15.233637] firmadyne: sys_socket[PID: 218 (xmldbc)]: family:1, type:2, protocol:0
[   15.277852] firmadyne: sys_socket[PID: 219 (xmldbc)]: family:1, type:2, protocol:0
[   15.435335] firmadyne: sys_socket[PID: 224 (xmldbc)]: family:1, type:2, protocol:0
[   15.479400] firmadyne: sys_socket[PID: 225 (xmldbc)]: family:1, type:2, protocol:0
[   15.522799] firmadyne: sys_socket[PID: 226 (xmldbc)]: family:1, type:2, protocol:0
[   15.567112] firmadyne: sys_socket[PID: 227 (xmldbc)]: family:1, type:2, protocol:0
[   15.610687] firmadyne: sys_socket[PID: 228 (xmldbc)]: family:1, type:2, protocol:0
[   15.654445] firmadyne: sys_socket[PID: 229 (xmldbc)]: family:1, type:2, protocol:0
[   15.697827] firmadyne: sys_socket[PID: 230 (xmldbc)]: family:1, type:2, protocol:0
[   15.740780] firmadyne: sys_socket[PID: 231 (xmldbc)]: family:1, type:2, protocol:0
[   15.785723] firmadyne: sys_socket[PID: 232 (xmldbc)]: family:1, type:2, protocol:0
[   15.830717] firmadyne: sys_socket[PID: 233 (xmldbc)]: family:1, type:2, protocol:0
[   15.875236] firmadyne: sys_socket[PID: 234 (xmldbc)]: family:1, type:2, protocol:0
[   15.921084] firmadyne: sys_socket[PID: 235 (xmldbc)]: family:1, type:2, protocol:0
[   15.966946] firmadyne: sys_socket[PID: 236 (xmldbc)]: family:1, type:2, protocol:0
[   16.011499] firmadyne: sys_socket[PID: 237 (xmldbc)]: family:1, type:2, protocol:0
[   16.055790] firmadyne: sys_socket[PID: 238 (xmldbc)]: family:1, type:2, protocol:0
[   16.099752] firmadyne: sys_socket[PID: 239 (xmldbc)]: family:1, type:2, protocol:0
[   16.143927] firmadyne: sys_socket[PID: 240 (xmldbc)]: family:1, type:2, protocol:0
[   16.188953] firmadyne: sys_socket[PID: 241 (xmldbc)]: family:1, type:2, protocol:0
[   16.233165] firmadyne: sys_socket[PID: 242 (xmldbc)]: family:1, type:2, protocol:0
[   16.337215] firmadyne: sys_socket[PID: 246 (xmldbc)]: family:1, type:2, protocol:0
[   16.382365] firmadyne: sys_socket[PID: 247 (xmldbc)]: family:1, type:2, protocol:0
[   16.426770] firmadyne: sys_socket[PID: 248 (xmldbc)]: family:1, type:2, protocol:0
[   16.470949] firmadyne: sys_socket[PID: 249 (xmldbc)]: family:1, type:2, protocol:0
[   16.514924] firmadyne: sys_socket[PID: 250 (xmldbc)]: family:1, type:2, protocol:0
[   16.559505] firmadyne: sys_socket[PID: 251 (xmldbc)]: family:1, type:2, protocol:0
[   16.603219] firmadyne: sys_socket[PID: 252 (xmldbc)]: family:1, type:2, protocol:0
[   16.647360] firmadyne: sys_socket[PID: 253 (xmldbc)]: family:1, type:2, protocol:0
[   16.691282] firmadyne: sys_socket[PID: 254 (xmldbc)]: family:1, type:2, protocol:0
[   16.735209] firmadyne: sys_socket[PID: 255 (xmldbc)]: family:1, type:2, protocol:0
[   16.780305] firmadyne: sys_socket[PID: 256 (xmldbc)]: family:1, type:2, protocol:0
[   16.825331] firmadyne: sys_socket[PID: 257 (xmldbc)]: family:1, type:2, protocol:0
[   16.870197] firmadyne: sys_socket[PID: 258 (xmldbc)]: family:1, type:2, protocol:0
[   16.914276] firmadyne: sys_socket[PID: 259 (xmldbc)]: family:1, type:2, protocol:0
[   16.958947] firmadyne: sys_socket[PID: 260 (xmldbc)]: family:1, type:2, protocol:0
[   17.003365] firmadyne: sys_socket[PID: 261 (xmldbc)]: family:1, type:2, protocol:0
[   17.047605] firmadyne: sys_socket[PID: 262 (xmldbc)]: family:1, type:2, protocol:0
[   17.091941] firmadyne: sys_socket[PID: 263 (xmldbc)]: family:1, type:2, protocol:0
[   17.122147] cfg80211: Calling CRDA to update world regulatory domain
[   17.147038] firmadyne: sys_socket[PID: 264 (xmldbc)]: family:1, type:2, protocol:0
[   17.250464] firmadyne: sys_socket[PID: 269 (xmldbc)]: family:1, type:2, protocol:0
[   17.294747] firmadyne: sys_socket[PID: 270 (xmldbc)]: family:1, type:2, protocol:0
[   17.338641] firmadyne: sys_socket[PID: 271 (xmldbc)]: family:1, type:2, protocol:0
[   17.383715] firmadyne: sys_socket[PID: 272 (xmldbc)]: family:1, type:2, protocol:0
[   17.427825] firmadyne: sys_socket[PID: 273 (xmldbc)]: family:1, type:2, protocol:0
[   17.472430] firmadyne: sys_socket[PID: 274 (xmldbc)]: family:1, type:2, protocol:0
[   17.516369] firmadyne: sys_socket[PID: 275 (xmldbc)]: family:1, type:2, protocol:0
[   17.561267] firmadyne: sys_socket[PID: 276 (xmldbc)]: family:1, type:2, protocol:0
[   17.605447] firmadyne: sys_socket[PID: 277 (xmldbc)]: family:1, type:2, protocol:0
[   17.649685] firmadyne: sys_socket[PID: 278 (xmldbc)]: family:1, type:2, protocol:0
[   17.693689] firmadyne: sys_socket[PID: 279 (xmldbc)]: family:1, type:2, protocol:0
[   17.738090] firmadyne: sys_socket[PID: 280 (xmldbc)]: family:1, type:2, protocol:0
[   17.784273] firmadyne: sys_socket[PID: 281 (xmldbc)]: family:1, type:2, protocol:0
[   17.829246] firmadyne: sys_socket[PID: 282 (xmldbc)]: family:1, type:2, protocol:0
[   17.873554] firmadyne: sys_socket[PID: 283 (xmldbc)]: family:1, type:2, protocol:0
[   17.917637] firmadyne: sys_socket[PID: 284 (xmldbc)]: family:1, type:2, protocol:0
[   17.963302] firmadyne: sys_socket[PID: 285 (xmldbc)]: family:1, type:2, protocol:0
[   18.007834] firmadyne: sys_socket[PID: 286 (xmldbc)]: family:1, type:2, protocol:0
[   18.052931] firmadyne: sys_socket[PID: 287 (xmldbc)]: family:1, type:2, protocol:0
[   18.167814] firmadyne: sys_socket[PID: 291 (xmldbc)]: family:1, type:2, protocol:0
[   18.211926] firmadyne: sys_socket[PID: 292 (xmldbc)]: family:1, type:2, protocol:0
[   18.256231] firmadyne: sys_socket[PID: 293 (xmldbc)]: family:1, type:2, protocol:0
[   18.300165] firmadyne: sys_socket[PID: 294 (xmldbc)]: family:1, type:2, protocol:0
[   18.349136] firmadyne: sys_socket[PID: 295 (xmldbc)]: family:1, type:2, protocol:0
[   18.394904] firmadyne: sys_socket[PID: 296 (xmldbc)]: family:1, type:2, protocol:0
[   18.440780] firmadyne: sys_socket[PID: 297 (xmldbc)]: family:1, type:2, protocol:0
[   18.484576] firmadyne: sys_socket[PID: 298 (xmldbc)]: family:1, type:2, protocol:0
[   18.528385] firmadyne: sys_socket[PID: 299 (xmldbc)]: family:1, type:2, protocol:0
[   18.573463] firmadyne: sys_socket[PID: 300 (xmldbc)]: family:1, type:2, protocol:0
[   18.617715] firmadyne: sys_socket[PID: 301 (xmldbc)]: family:1, type:2, protocol:0
[   18.661385] firmadyne: sys_socket[PID: 302 (xmldbc)]: family:1, type:2, protocol:0
[   18.705171] firmadyne: sys_socket[PID: 303 (xmldbc)]: family:1, type:2, protocol:0
[   18.749070] firmadyne: sys_socket[PID: 304 (xmldbc)]: family:1, type:2, protocol:0
[   18.794623] firmadyne: sys_socket[PID: 305 (xmldbc)]: family:1, type:2, protocol:0
[   18.839201] firmadyne: sys_socket[PID: 306 (xmldbc)]: family:1, type:2, protocol:0
[   18.882805] firmadyne: sys_socket[PID: 307 (xmldbc)]: family:1, type:2, protocol:0
[   18.926706] firmadyne: sys_socket[PID: 308 (xmldbc)]: family:1, type:2, protocol:0
[   18.971799] firmadyne: sys_socket[PID: 309 (xmldbc)]: family:1, type:2, protocol:0
[   19.075122] firmadyne: sys_socket[PID: 313 (xmldbc)]: family:1, type:2, protocol:0
[   19.118799] firmadyne: sys_socket[PID: 314 (xmldbc)]: family:1, type:2, protocol:0
[   19.163905] firmadyne: sys_socket[PID: 315 (xmldbc)]: family:1, type:2, protocol:0
[   19.208066] firmadyne: sys_socket[PID: 316 (xmldbc)]: family:1, type:2, protocol:0
[   19.251723] firmadyne: sys_socket[PID: 317 (xmldbc)]: family:1, type:2, protocol:0
[   19.295934] firmadyne: sys_socket[PID: 318 (xmldbc)]: family:1, type:2, protocol:0
[   19.339350] firmadyne: sys_socket[PID: 319 (xmldbc)]: family:1, type:2, protocol:0
[   19.384226] firmadyne: sys_socket[PID: 320 (xmldbc)]: family:1, type:2, protocol:0
[   19.427839] firmadyne: sys_socket[PID: 321 (xmldbc)]: family:1, type:2, protocol:0
[   19.470996] firmadyne: sys_socket[PID: 322 (xmldbc)]: family:1, type:2, protocol:0
[   19.514251] firmadyne: sys_socket[PID: 323 (xmldbc)]: family:1, type:2, protocol:0
[   19.558413] firmadyne: sys_socket[PID: 324 (xmldbc)]: family:1, type:2, protocol:0
[   19.602607] firmadyne: sys_socket[PID: 325 (xmldbc)]: family:1, type:2, protocol:0
[   19.646264] firmadyne: sys_socket[PID: 326 (xmldbc)]: family:1, type:2, protocol:0
[   19.689245] firmadyne: sys_socket[PID: 327 (xmldbc)]: family:1, type:2, protocol:0
[   19.733102] firmadyne: sys_socket[PID: 328 (xmldbc)]: family:1, type:2, protocol:0
[   19.778339] firmadyne: sys_socket[PID: 329 (xmldbc)]: family:1, type:2, protocol:0
[   19.821601] firmadyne: sys_socket[PID: 330 (xmldbc)]: family:1, type:2, protocol:0
[   19.865719] firmadyne: sys_socket[PID: 331 (xmldbc)]: family:1, type:2, protocol:0
[   19.974826] firmadyne: sys_socket[PID: 335 (xmldbc)]: family:1, type:2, protocol:0
[   20.019335] firmadyne: sys_socket[PID: 336 (xmldbc)]: family:1, type:2, protocol:0
[   20.063826] firmadyne: sys_socket[PID: 337 (xmldbc)]: family:1, type:2, protocol:0
[   20.107346] firmadyne: sys_socket[PID: 338 (xmldbc)]: family:1, type:2, protocol:0
[   20.151350] firmadyne: sys_socket[PID: 339 (xmldbc)]: family:1, type:2, protocol:0
[   20.196597] firmadyne: sys_socket[PID: 340 (xmldbc)]: family:1, type:2, protocol:0
[   20.240807] firmadyne: sys_socket[PID: 341 (xmldbc)]: family:1, type:2, protocol:0
[   20.266234] cfg80211: Calling CRDA to update world regulatory domain
[   20.296570] firmadyne: sys_socket[PID: 342 (xmldbc)]: family:1, type:2, protocol:0
[   20.340572] firmadyne: sys_socket[PID: 344 (xmldbc)]: family:1, type:2, protocol:0
[   20.386122] firmadyne: sys_socket[PID: 345 (xmldbc)]: family:1, type:2, protocol:0
[   20.430526] firmadyne: sys_socket[PID: 346 (xmldbc)]: family:1, type:2, protocol:0
[   20.475599] firmadyne: sys_socket[PID: 347 (xmldbc)]: family:1, type:2, protocol:0
[   20.520444] firmadyne: sys_socket[PID: 348 (xmldbc)]: family:1, type:2, protocol:0
[   20.565950] firmadyne: sys_socket[PID: 349 (xmldbc)]: family:1, type:2, protocol:0
[   20.609649] firmadyne: sys_socket[PID: 350 (xmldbc)]: family:1, type:2, protocol:0
[   20.653171] firmadyne: sys_socket[PID: 351 (xmldbc)]: family:1, type:2, protocol:0
[   20.696607] firmadyne: sys_socket[PID: 352 (xmldbc)]: family:1, type:2, protocol:0
[   20.740471] firmadyne: sys_socket[PID: 353 (xmldbc)]: family:1, type:2, protocol:0
[   20.785250] firmadyne: sys_socket[PID: 354 (xmldbc)]: family:1, type:2, protocol:0
[   20.888855] firmadyne: sys_socket[PID: 358 (xmldbc)]: family:1, type:2, protocol:0
[   20.932338] firmadyne: sys_socket[PID: 359 (xmldbc)]: family:1, type:2, protocol:0
[   20.977482] firmadyne: sys_socket[PID: 360 (xmldbc)]: family:1, type:2, protocol:0
[   21.021611] firmadyne: sys_socket[PID: 361 (xmldbc)]: family:1, type:2, protocol:0
[   21.065465] firmadyne: sys_socket[PID: 362 (xmldbc)]: family:1, type:2, protocol:0
[   21.109225] firmadyne: sys_socket[PID: 363 (xmldbc)]: family:1, type:2, protocol:0
[   21.148753] firmadyne: sys_socket[PID: 364 (xmldbc)]: family:1, type:2, protocol:0
[   21.193138] firmadyne: sys_socket[PID: 365 (xmldbc)]: family:1, type:2, protocol:0
[   21.236935] firmadyne: sys_socket[PID: 366 (xmldbc)]: family:1, type:2, protocol:0
[   21.281126] firmadyne: sys_socket[PID: 367 (xmldbc)]: family:1, type:2, protocol:0
[   21.324431] firmadyne: sys_socket[PID: 368 (xmldbc)]: family:1, type:2, protocol:0
[   21.369191] firmadyne: sys_socket[PID: 369 (xmldbc)]: family:1, type:2, protocol:0
[   21.413177] firmadyne: sys_socket[PID: 370 (xmldbc)]: family:1, type:2, protocol:0
[   21.456964] firmadyne: sys_socket[PID: 371 (xmldbc)]: family:1, type:2, protocol:0
[   21.500811] firmadyne: sys_socket[PID: 372 (xmldbc)]: family:1, type:2, protocol:0
[   21.544268] firmadyne: sys_socket[PID: 373 (xmldbc)]: family:1, type:2, protocol:0
[   21.589214] firmadyne: sys_socket[PID: 374 (xmldbc)]: family:1, type:2, protocol:0
[   21.633234] firmadyne: sys_socket[PID: 375 (xmldbc)]: family:1, type:2, protocol:0
[   21.676676] firmadyne: sys_socket[PID: 376 (xmldbc)]: family:1, type:2, protocol:0
[   21.780275] firmadyne: sys_socket[PID: 380 (xmldbc)]: family:1, type:2, protocol:0
[   21.823937] firmadyne: sys_socket[PID: 381 (xmldbc)]: family:1, type:2, protocol:0
[   21.867962] firmadyne: sys_socket[PID: 382 (xmldbc)]: family:1, type:2, protocol:0
[   21.912434] firmadyne: sys_socket[PID: 383 (xmldbc)]: family:1, type:2, protocol:0
[   21.957091] firmadyne: sys_socket[PID: 384 (xmldbc)]: family:1, type:2, protocol:0
[   22.000804] firmadyne: sys_socket[PID: 385 (xmldbc)]: family:1, type:2, protocol:0
[   22.044792] firmadyne: sys_socket[PID: 386 (xmldbc)]: family:1, type:2, protocol:0
[   22.088691] firmadyne: sys_socket[PID: 387 (xmldbc)]: family:1, type:2, protocol:0
[   22.132457] firmadyne: sys_socket[PID: 388 (xmldbc)]: family:1, type:2, protocol:0
[   22.176976] firmadyne: sys_socket[PID: 389 (xmldbc)]: family:1, type:2, protocol:0
[   22.220533] firmadyne: sys_socket[PID: 390 (xmldbc)]: family:1, type:2, protocol:0
[   22.264193] firmadyne: sys_socket[PID: 391 (xmldbc)]: family:1, type:2, protocol:0
[   22.309382] firmadyne: sys_socket[PID: 392 (xmldbc)]: family:1, type:2, protocol:0
[   22.353512] firmadyne: sys_socket[PID: 393 (xmldbc)]: family:1, type:2, protocol:0
[   22.398450] firmadyne: sys_socket[PID: 394 (xmldbc)]: family:1, type:2, protocol:0
[   22.441803] firmadyne: sys_socket[PID: 395 (xmldbc)]: family:1, type:2, protocol:0
[   22.485167] firmadyne: sys_socket[PID: 396 (xmldbc)]: family:1, type:2, protocol:0
[   22.529281] firmadyne: sys_socket[PID: 397 (xmldbc)]: family:1, type:2, protocol:0
[   22.574201] firmadyne: sys_socket[PID: 398 (xmldbc)]: family:1, type:2, protocol:0
[   22.676276] firmadyne: sys_socket[PID: 402 (xmldbc)]: family:1, type:2, protocol:0
[   22.720093] firmadyne: sys_socket[PID: 403 (xmldbc)]: family:1, type:2, protocol:0
[   22.764873] firmadyne: sys_socket[PID: 404 (xmldbc)]: family:1, type:2, protocol:0
[   22.809198] firmadyne: sys_socket[PID: 405 (xmldbc)]: family:1, type:2, protocol:0
[   22.853385] firmadyne: sys_socket[PID: 406 (xmldbc)]: family:1, type:2, protocol:0
[   22.897177] firmadyne: sys_socket[PID: 407 (xmldbc)]: family:1, type:2, protocol:0
[   22.941479] firmadyne: sys_socket[PID: 408 (xmldbc)]: family:1, type:2, protocol:0
[   22.986189] firmadyne: sys_socket[PID: 409 (xmldbc)]: family:1, type:2, protocol:0
[   23.030388] firmadyne: sys_socket[PID: 410 (xmldbc)]: family:1, type:2, protocol:0
[   23.074763] firmadyne: sys_socket[PID: 411 (xmldbc)]: family:1, type:2, protocol:0
[   23.119007] firmadyne: sys_socket[PID: 412 (xmldbc)]: family:1, type:2, protocol:0
[   23.163957] firmadyne: sys_socket[PID: 413 (xmldbc)]: family:1, type:2, protocol:0
[   23.208116] firmadyne: sys_socket[PID: 414 (xmldbc)]: family:1, type:2, protocol:0
[   23.252174] firmadyne: sys_socket[PID: 415 (xmldbc)]: family:1, type:2, protocol:0
[   23.296341] firmadyne: sys_socket[PID: 416 (xmldbc)]: family:1, type:2, protocol:0
[   23.340162] firmadyne: sys_socket[PID: 417 (xmldbc)]: family:1, type:2, protocol:0
[   23.385606] firmadyne: sys_socket[PID: 418 (xmldbc)]: family:1, type:2, protocol:0
[   23.410289] cfg80211: Calling CRDA to update world regulatory domain
[   23.440437] firmadyne: sys_socket[PID: 419 (xmldbc)]: family:1, type:2, protocol:0
[   23.484733] firmadyne: sys_socket[PID: 421 (xmldbc)]: family:1, type:2, protocol:0
[   23.588328] firmadyne: sys_socket[PID: 425 (xmldbc)]: family:1, type:2, protocol:0
[   23.631731] firmadyne: sys_socket[PID: 426 (xmldbc)]: family:1, type:2, protocol:0
[   23.675215] firmadyne: sys_socket[PID: 427 (xmldbc)]: family:1, type:2, protocol:0
[   23.714899] firmadyne: sys_socket[PID: 428 (xmldbc)]: family:1, type:2, protocol:0
[   23.759583] firmadyne: sys_socket[PID: 429 (xmldbc)]: family:1, type:2, protocol:0
[   23.803630] firmadyne: sys_socket[PID: 430 (xmldbc)]: family:1, type:2, protocol:0
[   23.847233] firmadyne: sys_socket[PID: 431 (xmldbc)]: family:1, type:2, protocol:0
[   23.892214] firmadyne: sys_socket[PID: 432 (xmldbc)]: family:1, type:2, protocol:0
[   23.936448] firmadyne: sys_socket[PID: 433 (xmldbc)]: family:1, type:2, protocol:0
[   23.981449] firmadyne: sys_socket[PID: 434 (xmldbc)]: family:1, type:2, protocol:0
[   24.025448] firmadyne: sys_socket[PID: 435 (xmldbc)]: family:1, type:2, protocol:0
[   24.069493] firmadyne: sys_socket[PID: 436 (xmldbc)]: family:1, type:2, protocol:0
[   24.113572] firmadyne: sys_socket[PID: 437 (xmldbc)]: family:1, type:2, protocol:0
[   24.158552] firmadyne: sys_socket[PID: 438 (xmldbc)]: family:1, type:2, protocol:0
[   24.202582] firmadyne: sys_socket[PID: 439 (xmldbc)]: family:1, type:2, protocol:0
[   24.246530] firmadyne: sys_socket[PID: 440 (xmldbc)]: family:1, type:2, protocol:0
[   24.290381] firmadyne: sys_socket[PID: 441 (xmldbc)]: family:1, type:2, protocol:0
[   24.334415] firmadyne: sys_socket[PID: 442 (xmldbc)]: family:1, type:2, protocol:0
[   24.379217] firmadyne: sys_socket[PID: 443 (xmldbc)]: family:1, type:2, protocol:0
[   24.481438] firmadyne: sys_socket[PID: 447 (xmldbc)]: family:1, type:2, protocol:0
[   24.521366] firmadyne: sys_socket[PID: 448 (xmldbc)]: family:1, type:2, protocol:0
[   24.565798] firmadyne: sys_socket[PID: 449 (xmldbc)]: family:1, type:2, protocol:0
[   24.609848] firmadyne: sys_socket[PID: 450 (xmldbc)]: family:1, type:2, protocol:0
[   24.653621] firmadyne: sys_socket[PID: 451 (xmldbc)]: family:1, type:2, protocol:0
[   24.697648] firmadyne: sys_socket[PID: 452 (xmldbc)]: family:1, type:2, protocol:0
[   24.741547] firmadyne: sys_socket[PID: 453 (xmldbc)]: family:1, type:2, protocol:0
[   24.786751] firmadyne: sys_socket[PID: 454 (xmldbc)]: family:1, type:2, protocol:0
[   24.826770] firmadyne: sys_socket[PID: 455 (xmldbc)]: family:1, type:2, protocol:0
[   24.871245] firmadyne: sys_socket[PID: 456 (xmldbc)]: family:1, type:2, protocol:0
[   24.915356] firmadyne: sys_socket[PID: 457 (xmldbc)]: family:1, type:2, protocol:0
[   24.960807] firmadyne: sys_socket[PID: 458 (xmldbc)]: family:1, type:2, protocol:0
[   25.005385] firmadyne: sys_socket[PID: 459 (xmldbc)]: family:1, type:2, protocol:0
[   25.049485] firmadyne: sys_socket[PID: 460 (xmldbc)]: family:1, type:2, protocol:0
[   25.093292] firmadyne: sys_socket[PID: 461 (xmldbc)]: family:1, type:2, protocol:0
[   25.133523] firmadyne: sys_socket[PID: 462 (xmldbc)]: family:1, type:2, protocol:0
[   25.178311] firmadyne: sys_socket[PID: 463 (xmldbc)]: family:1, type:2, protocol:0
[   25.221740] firmadyne: sys_socket[PID: 464 (xmldbc)]: family:1, type:2, protocol:0
[   25.266498] firmadyne: sys_socket[PID: 465 (xmldbc)]: family:1, type:2, protocol:0
[   25.366228] firmadyne: sys_socket[PID: 469 (xmldbc)]: family:1, type:2, protocol:0
[   25.409447] firmadyne: sys_socket[PID: 470 (xmldbc)]: family:1, type:2, protocol:0
[   25.453769] firmadyne: sys_socket[PID: 471 (xmldbc)]: family:1, type:2, protocol:0
[   25.497497] firmadyne: sys_socket[PID: 472 (xmldbc)]: family:1, type:2, protocol:0
[   25.541106] firmadyne: sys_socket[PID: 473 (xmldbc)]: family:1, type:2, protocol:0
[   25.586410] firmadyne: sys_socket[PID: 474 (xmldbc)]: family:1, type:2, protocol:0
[   25.630488] firmadyne: sys_socket[PID: 475 (xmldbc)]: family:1, type:2, protocol:0
[   25.675152] firmadyne: sys_socket[PID: 476 (xmldbc)]: family:1, type:2, protocol:0
[   25.719042] firmadyne: sys_socket[PID: 477 (xmldbc)]: family:1, type:2, protocol:0
[   25.764493] firmadyne: sys_socket[PID: 478 (xmldbc)]: family:1, type:2, protocol:0
[   25.804788] firmadyne: sys_socket[PID: 479 (xmldbc)]: family:1, type:2, protocol:0
[   25.849239] firmadyne: sys_socket[PID: 480 (xmldbc)]: family:1, type:2, protocol:0
[   25.897861] firmadyne: sys_socket[PID: 481 (xmldbc)]: family:1, type:2, protocol:0
[   25.943325] firmadyne: sys_socket[PID: 482 (xmldbc)]: family:1, type:2, protocol:0
[   25.989669] firmadyne: sys_socket[PID: 483 (xmldbc)]: family:1, type:2, protocol:0
[   26.036768] firmadyne: sys_socket[PID: 484 (xmldbc)]: family:1, type:2, protocol:0
[   26.081542] firmadyne: sys_socket[PID: 485 (xmldbc)]: family:1, type:2, protocol:0
[   26.125532] firmadyne: sys_socket[PID: 486 (xmldbc)]: family:1, type:2, protocol:0
[   26.171160] firmadyne: sys_socket[PID: 487 (xmldbc)]: family:1, type:2, protocol:0
[   26.274341] firmadyne: sys_socket[PID: 491 (xmldbc)]: family:1, type:2, protocol:0
[   26.318315] firmadyne: sys_socket[PID: 492 (xmldbc)]: family:1, type:2, protocol:0
[   26.363251] firmadyne: sys_socket[PID: 493 (xmldbc)]: family:1, type:2, protocol:0
[   26.417858] firmadyne: sys_socket[PID: 494 (xmldbc)]: family:1, type:2, protocol:0
[   26.462430] firmadyne: sys_socket[PID: 495 (xmldbc)]: family:1, type:2, protocol:0
[   26.507872] firmadyne: sys_socket[PID: 496 (xmldbc)]: family:1, type:2, protocol:0
[   26.551798] firmadyne: sys_socket[PID: 497 (xmldbc)]: family:1, type:2, protocol:0
[   26.555411] cfg80211: Calling CRDA to update world regulatory domain
[   26.608724] firmadyne: sys_socket[PID: 499 (xmldbc)]: family:1, type:2, protocol:0
[   26.652828] firmadyne: sys_socket[PID: 500 (xmldbc)]: family:1, type:2, protocol:0
[   26.697235] firmadyne: sys_socket[PID: 501 (xmldbc)]: family:1, type:2, protocol:0
[   26.741631] firmadyne: sys_socket[PID: 502 (xmldbc)]: family:1, type:2, protocol:0
[   26.787730] firmadyne: sys_socket[PID: 503 (xmldbc)]: family:1, type:2, protocol:0
[   26.832092] firmadyne: sys_socket[PID: 504 (xmldbc)]: family:1, type:2, protocol:0
[   26.877028] firmadyne: sys_socket[PID: 505 (xmldbc)]: family:1, type:2, protocol:0
[   26.920930] firmadyne: sys_socket[PID: 506 (xmldbc)]: family:1, type:2, protocol:0
[   26.966678] firmadyne: sys_socket[PID: 507 (xmldbc)]: family:1, type:2, protocol:0
[   27.011574] firmadyne: sys_socket[PID: 508 (xmldbc)]: family:1, type:2, protocol:0
[   27.056770] firmadyne: sys_socket[PID: 509 (xmldbc)]: family:1, type:2, protocol:0
[   27.097115] firmadyne: sys_socket[PID: 510 (xmldbc)]: family:1, type:2, protocol:0
[   27.204052] firmadyne: sys_socket[PID: 514 (xmldbc)]: family:1, type:2, protocol:0
[   27.248113] firmadyne: sys_socket[PID: 515 (xmldbc)]: family:1, type:2, protocol:0
[   27.292012] firmadyne: sys_socket[PID: 516 (xmldbc)]: family:1, type:2, protocol:0
[   27.335996] firmadyne: sys_socket[PID: 517 (xmldbc)]: family:1, type:2, protocol:0
[   27.381283] firmadyne: sys_socket[PID: 518 (xmldbc)]: family:1, type:2, protocol:0
[   27.425684] firmadyne: sys_socket[PID: 519 (xmldbc)]: family:1, type:2, protocol:0
[   27.469846] firmadyne: sys_socket[PID: 520 (xmldbc)]: family:1, type:2, protocol:0
[   27.514344] firmadyne: sys_socket[PID: 521 (xmldbc)]: family:1, type:2, protocol:0
[   27.559312] firmadyne: sys_socket[PID: 522 (xmldbc)]: family:1, type:2, protocol:0
[   27.603765] firmadyne: sys_socket[PID: 523 (xmldbc)]: family:1, type:2, protocol:0
[   27.648368] firmadyne: sys_socket[PID: 524 (xmldbc)]: family:1, type:2, protocol:0
[   27.692867] firmadyne: sys_socket[PID: 525 (xmldbc)]: family:1, type:2, protocol:0
[   27.737172] firmadyne: sys_socket[PID: 526 (xmldbc)]: family:1, type:2, protocol:0
[   27.783024] firmadyne: sys_socket[PID: 527 (xmldbc)]: family:1, type:2, protocol:0
[   27.827192] firmadyne: sys_socket[PID: 528 (xmldbc)]: family:1, type:2, protocol:0
[   27.871251] firmadyne: sys_socket[PID: 529 (xmldbc)]: family:1, type:2, protocol:0
[   27.915466] firmadyne: sys_socket[PID: 530 (xmldbc)]: family:1, type:2, protocol:0
[   27.960744] firmadyne: sys_socket[PID: 531 (xmldbc)]: family:1, type:2, protocol:0
[   28.005625] firmadyne: sys_socket[PID: 532 (xmldbc)]: family:1, type:2, protocol:0
[   28.110058] firmadyne: sys_socket[PID: 536 (xmldbc)]: family:1, type:2, protocol:0
[   28.155319] firmadyne: sys_socket[PID: 537 (xmldbc)]: family:1, type:2, protocol:0
[   28.199654] firmadyne: sys_socket[PID: 538 (xmldbc)]: family:1, type:2, protocol:0
[   28.243667] firmadyne: sys_socket[PID: 539 (xmldbc)]: family:1, type:2, protocol:0
[   28.288082] firmadyne: sys_socket[PID: 540 (xmldbc)]: family:1, type:2, protocol:0
[   28.332639] firmadyne: sys_socket[PID: 541 (xmldbc)]: family:1, type:2, protocol:0
[   28.378595] firmadyne: sys_socket[PID: 542 (xmldbc)]: family:1, type:2, protocol:0
[   28.423316] firmadyne: sys_socket[PID: 543 (xmldbc)]: family:1, type:2, protocol:0
[   28.467979] firmadyne: sys_socket[PID: 544 (xmldbc)]: family:1, type:2, protocol:0
[   28.512406] firmadyne: sys_socket[PID: 545 (xmldbc)]: family:1, type:2, protocol:0
[   28.557699] firmadyne: sys_socket[PID: 546 (xmldbc)]: family:1, type:2, protocol:0
[   28.602248] firmadyne: sys_socket[PID: 547 (xmldbc)]: family:1, type:2, protocol:0
[   28.646925] firmadyne: sys_socket[PID: 548 (xmldbc)]: family:1, type:2, protocol:0
[   28.691140] firmadyne: sys_socket[PID: 549 (xmldbc)]: family:1, type:2, protocol:0
[   28.734841] firmadyne: sys_socket[PID: 550 (xmldbc)]: family:1, type:2, protocol:0
[   28.776109] firmadyne: sys_socket[PID: 551 (xmldbc)]: family:1, type:2, protocol:0
[   28.820164] firmadyne: sys_socket[PID: 552 (xmldbc)]: family:1, type:2, protocol:0
[   28.865237] firmadyne: sys_socket[PID: 553 (xmldbc)]: family:1, type:2, protocol:0
[   28.909740] firmadyne: sys_socket[PID: 554 (xmldbc)]: family:1, type:2, protocol:0
[   29.015291] firmadyne: sys_socket[PID: 558 (xmldbc)]: family:1, type:2, protocol:0
[   29.059397] firmadyne: sys_socket[PID: 559 (xmldbc)]: family:1, type:2, protocol:0
[   29.103651] firmadyne: sys_socket[PID: 560 (xmldbc)]: family:1, type:2, protocol:0
[   29.147722] firmadyne: sys_socket[PID: 561 (xmldbc)]: family:1, type:2, protocol:0
[   29.192398] firmadyne: sys_socket[PID: 562 (xmldbc)]: family:1, type:2, protocol:0
[   29.236160] firmadyne: sys_socket[PID: 563 (xmldbc)]: family:1, type:2, protocol:0
[   29.280192] firmadyne: sys_socket[PID: 564 (xmldbc)]: family:1, type:2, protocol:0
[   29.324313] firmadyne: sys_socket[PID: 565 (xmldbc)]: family:1, type:2, protocol:0
[   29.369534] firmadyne: sys_socket[PID: 566 (xmldbc)]: family:1, type:2, protocol:0
[   29.413679] firmadyne: sys_socket[PID: 567 (xmldbc)]: family:1, type:2, protocol:0
[   29.453600] firmadyne: sys_socket[PID: 568 (xmldbc)]: family:1, type:2, protocol:0
[   29.497243] firmadyne: sys_socket[PID: 569 (xmldbc)]: family:1, type:2, protocol:0
[   29.541515] firmadyne: sys_socket[PID: 570 (xmldbc)]: family:1, type:2, protocol:0
[   29.586734] firmadyne: sys_socket[PID: 571 (xmldbc)]: family:1, type:2, protocol:0
[   29.630838] firmadyne: sys_socket[PID: 572 (xmldbc)]: family:1, type:2, protocol:0
[   29.674583] firmadyne: sys_socket[PID: 573 (xmldbc)]: family:1, type:2, protocol:0
[   29.698170] cfg80211: Calling CRDA to update world regulatory domain
[   29.729385] firmadyne: sys_socket[PID: 574 (xmldbc)]: family:1, type:2, protocol:0
[   29.774634] firmadyne: sys_socket[PID: 576 (xmldbc)]: family:1, type:2, protocol:0
[   29.818811] firmadyne: sys_socket[PID: 577 (xmldbc)]: family:1, type:2, protocol:0
[   29.922775] firmadyne: sys_socket[PID: 581 (xmldbc)]: family:1, type:2, protocol:0
[   29.968792] firmadyne: sys_socket[PID: 582 (xmldbc)]: family:1, type:2, protocol:0
[   30.012678] firmadyne: sys_socket[PID: 583 (xmldbc)]: family:1, type:2, protocol:0
[   30.056954] firmadyne: sys_socket[PID: 584 (xmldbc)]: family:1, type:2, protocol:0
[   30.100831] firmadyne: sys_socket[PID: 585 (xmldbc)]: family:1, type:2, protocol:0
[   30.144813] firmadyne: sys_socket[PID: 586 (xmldbc)]: family:1, type:2, protocol:0
[   30.190408] firmadyne: sys_socket[PID: 587 (xmldbc)]: family:1, type:2, protocol:0
[   30.234382] firmadyne: sys_socket[PID: 588 (xmldbc)]: family:1, type:2, protocol:0
[   30.278239] firmadyne: sys_socket[PID: 589 (xmldbc)]: family:1, type:2, protocol:0
[   30.322532] firmadyne: sys_socket[PID: 590 (xmldbc)]: family:1, type:2, protocol:0
[   30.368180] firmadyne: sys_socket[PID: 591 (xmldbc)]: family:1, type:2, protocol:0
[   30.412492] firmadyne: sys_socket[PID: 592 (xmldbc)]: family:1, type:2, protocol:0
[   30.456751] firmadyne: sys_socket[PID: 593 (xmldbc)]: family:1, type:2, protocol:0
[   30.501234] firmadyne: sys_socket[PID: 594 (xmldbc)]: family:1, type:2, protocol:0
[   30.545218] firmadyne: sys_socket[PID: 595 (xmldbc)]: family:1, type:2, protocol:0
[   30.586705] firmadyne: sys_socket[PID: 596 (xmldbc)]: family:1, type:2, protocol:0
[   30.630619] firmadyne: sys_socket[PID: 597 (xmldbc)]: family:1, type:2, protocol:0
[   30.675152] firmadyne: sys_socket[PID: 598 (xmldbc)]: family:1, type:2, protocol:0
[   30.719536] firmadyne: sys_socket[PID: 599 (xmldbc)]: family:1, type:2, protocol:0
[   30.823764] firmadyne: sys_socket[PID: 603 (xmldbc)]: family:1, type:2, protocol:0
[   30.868767] firmadyne: sys_socket[PID: 604 (xmldbc)]: family:1, type:2, protocol:0
[   30.912914] firmadyne: sys_socket[PID: 605 (xmldbc)]: family:1, type:2, protocol:0
[   30.958332] firmadyne: sys_socket[PID: 606 (xmldbc)]: family:1, type:2, protocol:0
[   31.002726] firmadyne: sys_socket[PID: 607 (xmldbc)]: family:1, type:2, protocol:0
[   31.047213] firmadyne: sys_socket[PID: 608 (xmldbc)]: family:1, type:2, protocol:0
[   31.091483] firmadyne: sys_socket[PID: 609 (xmldbc)]: family:1, type:2, protocol:0
[   31.136087] firmadyne: sys_socket[PID: 610 (xmldbc)]: family:1, type:2, protocol:0
[   31.181346] firmadyne: sys_socket[PID: 611 (xmldbc)]: family:1, type:2, protocol:0
[   31.225146] firmadyne: sys_socket[PID: 612 (xmldbc)]: family:1, type:2, protocol:0
[   31.269531] firmadyne: sys_socket[PID: 613 (xmldbc)]: family:1, type:2, protocol:0
[   31.314490] firmadyne: sys_socket[PID: 614 (xmldbc)]: family:1, type:2, protocol:0
[   31.360229] firmadyne: sys_socket[PID: 615 (xmldbc)]: family:1, type:2, protocol:0
[   31.400494] firmadyne: sys_socket[PID: 616 (xmldbc)]: family:1, type:2, protocol:0
[   31.444138] firmadyne: sys_socket[PID: 617 (xmldbc)]: family:1, type:2, protocol:0
[   31.488746] firmadyne: sys_socket[PID: 618 (xmldbc)]: family:1, type:2, protocol:0
[   31.533156] firmadyne: sys_socket[PID: 619 (xmldbc)]: family:1, type:2, protocol:0
[   31.578985] firmadyne: sys_socket[PID: 620 (xmldbc)]: family:1, type:2, protocol:0
[   31.623149] firmadyne: sys_socket[PID: 621 (xmldbc)]: family:1, type:2, protocol:0
[   31.726576] firmadyne: sys_socket[PID: 625 (xmldbc)]: family:1, type:2, protocol:0
[   31.772114] firmadyne: sys_socket[PID: 626 (xmldbc)]: family:1, type:2, protocol:0
[   31.816207] firmadyne: sys_socket[PID: 627 (xmldbc)]: family:1, type:2, protocol:0
[   31.856560] firmadyne: sys_socket[PID: 628 (xmldbc)]: family:1, type:2, protocol:0
[   31.900368] firmadyne: sys_socket[PID: 629 (xmldbc)]: family:1, type:2, protocol:0
[   31.940188] firmadyne: sys_socket[PID: 630 (xmldbc)]: family:1, type:2, protocol:0
[   31.985119] firmadyne: sys_socket[PID: 631 (xmldbc)]: family:1, type:2, protocol:0
[   32.029648] firmadyne: sys_socket[PID: 632 (xmldbc)]: family:1, type:2, protocol:0
[   32.074447] firmadyne: sys_socket[PID: 633 (xmldbc)]: family:1, type:2, protocol:0
[   32.118509] firmadyne: sys_socket[PID: 634 (xmldbc)]: family:1, type:2, protocol:0
[   32.164191] firmadyne: sys_socket[PID: 635 (xmldbc)]: family:1, type:2, protocol:0
[   32.208683] firmadyne: sys_socket[PID: 636 (xmldbc)]: family:1, type:2, protocol:0
[   32.253585] firmadyne: sys_socket[PID: 637 (xmldbc)]: family:1, type:2, protocol:0
[   32.298296] firmadyne: sys_socket[PID: 638 (xmldbc)]: family:1, type:2, protocol:0
[   32.342920] firmadyne: sys_socket[PID: 639 (xmldbc)]: family:1, type:2, protocol:0
[   32.383692] firmadyne: sys_socket[PID: 640 (xmldbc)]: family:1, type:2, protocol:0
[   32.427590] firmadyne: sys_socket[PID: 641 (xmldbc)]: family:1, type:2, protocol:0
[   32.471925] firmadyne: sys_socket[PID: 642 (xmldbc)]: family:1, type:2, protocol:0
[   32.516235] firmadyne: sys_socket[PID: 643 (xmldbc)]: family:1, type:2, protocol:0
[   32.620897] firmadyne: sys_socket[PID: 647 (xmldbc)]: family:1, type:2, protocol:0
[   32.665055] firmadyne: sys_socket[PID: 648 (xmldbc)]: family:1, type:2, protocol:0
[   32.709103] firmadyne: sys_socket[PID: 649 (xmldbc)]: family:1, type:2, protocol:0
[   32.753412] firmadyne: sys_socket[PID: 650 (xmldbc)]: family:1, type:2, protocol:0
[   32.799123] firmadyne: sys_socket[PID: 651 (xmldbc)]: family:1, type:2, protocol:0
[   32.842176] cfg80211: Calling CRDA to update world regulatory domain
[   32.845776] firmadyne: sys_socket[PID: 652 (xmldbc)]: family:1, type:2, protocol:0
[   32.899158] firmadyne: sys_socket[PID: 654 (xmldbc)]: family:1, type:2, protocol:0
[   32.939667] firmadyne: sys_socket[PID: 655 (xmldbc)]: family:1, type:2, protocol:0
[   32.984939] firmadyne: sys_socket[PID: 656 (xmldbc)]: family:1, type:2, protocol:0
[   33.029035] firmadyne: sys_socket[PID: 657 (xmldbc)]: family:1, type:2, protocol:0
[   33.073145] firmadyne: sys_socket[PID: 658 (xmldbc)]: family:1, type:2, protocol:0
[   33.116810] firmadyne: sys_socket[PID: 659 (xmldbc)]: family:1, type:2, protocol:0
[   33.158413] firmadyne: sys_socket[PID: 660 (xmldbc)]: family:1, type:2, protocol:0
[   33.202295] firmadyne: sys_socket[PID: 661 (xmldbc)]: family:1, type:2, protocol:0
[   33.246843] firmadyne: sys_socket[PID: 662 (xmldbc)]: family:1, type:2, protocol:0
[   33.291316] firmadyne: sys_socket[PID: 663 (xmldbc)]: family:1, type:2, protocol:0
[   33.335865] firmadyne: sys_socket[PID: 664 (xmldbc)]: family:1, type:2, protocol:0
[   33.381456] firmadyne: sys_socket[PID: 665 (xmldbc)]: family:1, type:2, protocol:0
[   33.426353] firmadyne: sys_socket[PID: 666 (xmldbc)]: family:1, type:2, protocol:0
[   33.530463] firmadyne: sys_socket[PID: 670 (xmldbc)]: family:1, type:2, protocol:0
[   33.575848] firmadyne: sys_socket[PID: 671 (xmldbc)]: family:1, type:2, protocol:0
[   33.620458] firmadyne: sys_socket[PID: 672 (xmldbc)]: family:1, type:2, protocol:0
[   33.664918] firmadyne: sys_socket[PID: 673 (xmldbc)]: family:1, type:2, protocol:0
[   33.709090] firmadyne: sys_socket[PID: 674 (xmldbc)]: family:1, type:2, protocol:0
[   33.753208] firmadyne: sys_socket[PID: 675 (xmldbc)]: family:1, type:2, protocol:0
[   33.808976] firmadyne: sys_socket[PID: 676 (xmldbc)]: family:1, type:2, protocol:0
[   33.854954] firmadyne: sys_socket[PID: 677 (xmldbc)]: family:1, type:2, protocol:0
[   33.900662] firmadyne: sys_socket[PID: 678 (xmldbc)]: family:1, type:2, protocol:0
[   33.945841] firmadyne: sys_socket[PID: 679 (xmldbc)]: family:1, type:2, protocol:0
[   33.995349] firmadyne: sys_socket[PID: 680 (xmldbc)]: family:1, type:2, protocol:0
[   34.046989] firmadyne: sys_socket[PID: 681 (xmldbc)]: family:1, type:2, protocol:0
[   34.093070] firmadyne: sys_socket[PID: 682 (xmldbc)]: family:1, type:2, protocol:0
[   34.137898] firmadyne: sys_socket[PID: 683 (xmldbc)]: family:1, type:2, protocol:0
[   34.184177] firmadyne: sys_socket[PID: 684 (xmldbc)]: family:1, type:2, protocol:0
[   34.228935] firmadyne: sys_socket[PID: 685 (xmldbc)]: family:1, type:2, protocol:0
[   34.273840] firmadyne: sys_socket[PID: 686 (xmldbc)]: family:1, type:2, protocol:0
[   34.318756] firmadyne: sys_socket[PID: 687 (xmldbc)]: family:1, type:2, protocol:0
[   34.364410] firmadyne: sys_socket[PID: 688 (xmldbc)]: family:1, type:2, protocol:0
[   34.464572] firmadyne: sys_socket[PID: 692 (xmldbc)]: family:1, type:2, protocol:0
[   34.508636] firmadyne: sys_socket[PID: 693 (xmldbc)]: family:1, type:2, protocol:0
[   34.553555] firmadyne: sys_socket[PID: 694 (xmldbc)]: family:1, type:2, protocol:0
[   34.599398] firmadyne: sys_socket[PID: 695 (xmldbc)]: family:1, type:2, protocol:0
[   34.643966] firmadyne: sys_socket[PID: 696 (xmldbc)]: family:1, type:2, protocol:0
[   34.688577] firmadyne: sys_socket[PID: 697 (xmldbc)]: family:1, type:2, protocol:0
[   34.732714] firmadyne: sys_socket[PID: 698 (xmldbc)]: family:1, type:2, protocol:0
[   34.777646] firmadyne: sys_socket[PID: 699 (xmldbc)]: family:1, type:2, protocol:0
[   34.821552] firmadyne: sys_socket[PID: 700 (xmldbc)]: family:1, type:2, protocol:0
[   34.866197] firmadyne: sys_socket[PID: 701 (xmldbc)]: family:1, type:2, protocol:0
[   34.910118] firmadyne: sys_socket[PID: 702 (xmldbc)]: family:1, type:2, protocol:0
[   34.955334] firmadyne: sys_socket[PID: 703 (xmldbc)]: family:1, type:2, protocol:0
[   35.000436] firmadyne: sys_socket[PID: 704 (xmldbc)]: family:1, type:2, protocol:0
[   35.045117] firmadyne: sys_socket[PID: 705 (xmldbc)]: family:1, type:2, protocol:0
[   35.089649] firmadyne: sys_socket[PID: 706 (xmldbc)]: family:1, type:2, protocol:0
[   35.133628] firmadyne: sys_socket[PID: 707 (xmldbc)]: family:1, type:2, protocol:0
[   35.179396] firmadyne: sys_socket[PID: 708 (xmldbc)]: family:1, type:2, protocol:0
[   35.224231] firmadyne: sys_socket[PID: 709 (xmldbc)]: family:1, type:2, protocol:0
[   35.264563] firmadyne: sys_socket[PID: 710 (xmldbc)]: family:1, type:2, protocol:0
[   35.369895] firmadyne: sys_socket[PID: 714 (xmldbc)]: family:1, type:2, protocol:0
[   35.414778] firmadyne: sys_socket[PID: 715 (xmldbc)]: family:1, type:2, protocol:0
[   35.470423] firmadyne: sys_socket[PID: 716 (xmldbc)]: family:1, type:2, protocol:0
[   35.539212] firmadyne: sys_socket[PID: 717 (xmldbc)]: family:1, type:2, protocol:0
[   35.585325] firmadyne: sys_socket[PID: 718 (xmldbc)]: family:1, type:2, protocol:0
[   35.629113] firmadyne: sys_socket[PID: 719 (xmldbc)]: family:1, type:2, protocol:0
[   35.672622] firmadyne: sys_socket[PID: 720 (xmldbc)]: family:1, type:2, protocol:0
[   35.716480] firmadyne: sys_socket[PID: 721 (xmldbc)]: family:1, type:2, protocol:0
[   35.761283] firmadyne: sys_socket[PID: 722 (xmldbc)]: family:1, type:2, protocol:0
[   35.805155] firmadyne: sys_socket[PID: 723 (xmldbc)]: family:1, type:2, protocol:0
[   35.849192] firmadyne: sys_socket[PID: 724 (xmldbc)]: family:1, type:2, protocol:0
[   35.893004] firmadyne: sys_socket[PID: 725 (xmldbc)]: family:1, type:2, protocol:0
[   35.936951] firmadyne: sys_socket[PID: 726 (xmldbc)]: family:1, type:2, protocol:0
[   35.981827] firmadyne: sys_socket[PID: 727 (xmldbc)]: family:1, type:2, protocol:0
[   35.986703] cfg80211: Exceeded CRDA call max attempts. Not calling CRDA
[   36.027237] firmadyne: sys_socket[PID: 728 (xmldbc)]: family:1, type:2, protocol:0
[   36.071931] firmadyne: sys_socket[PID: 729 (xmldbc)]: family:1, type:2, protocol:0
[   36.115592] firmadyne: sys_socket[PID: 730 (xmldbc)]: family:1, type:2, protocol:0
[   36.160467] firmadyne: sys_socket[PID: 731 (xmldbc)]: family:1, type:2, protocol:0
[   36.204278] firmadyne: sys_socket[PID: 732 (xmldbc)]: family:1, type:2, protocol:0
[   36.314492] firmadyne: sys_socket[PID: 736 (xmldbc)]: family:1, type:2, protocol:0
[   36.359376] firmadyne: sys_socket[PID: 737 (xmldbc)]: family:1, type:2, protocol:0
[   36.402877] firmadyne: sys_socket[PID: 738 (xmldbc)]: family:1, type:2, protocol:0
[   36.446763] firmadyne: sys_socket[PID: 739 (xmldbc)]: family:1, type:2, protocol:0
[   36.490312] firmadyne: sys_socket[PID: 740 (xmldbc)]: family:1, type:2, protocol:0
[   36.534611] firmadyne: sys_socket[PID: 741 (xmldbc)]: family:1, type:2, protocol:0
[   36.579806] firmadyne: sys_socket[PID: 742 (xmldbc)]: family:1, type:2, protocol:0
[   36.623852] firmadyne: sys_socket[PID: 743 (xmldbc)]: family:1, type:2, protocol:0
[   36.668035] firmadyne: sys_socket[PID: 744 (xmldbc)]: family:1, type:2, protocol:0
[   36.712049] firmadyne: sys_socket[PID: 745 (xmldbc)]: family:1, type:2, protocol:0
[   36.756473] firmadyne: sys_socket[PID: 746 (xmldbc)]: family:1, type:2, protocol:0
[   36.800393] firmadyne: sys_socket[PID: 747 (xmldbc)]: family:1, type:2, protocol:0
[   36.845195] firmadyne: sys_socket[PID: 748 (xmldbc)]: family:1, type:2, protocol:0
[   36.888798] firmadyne: sys_socket[PID: 749 (xmldbc)]: family:1, type:2, protocol:0
[   36.933526] firmadyne: sys_socket[PID: 750 (xmldbc)]: family:1, type:2, protocol:0
[   36.979054] firmadyne: sys_socket[PID: 751 (xmldbc)]: family:1, type:2, protocol:0
[   37.023427] firmadyne: sys_socket[PID: 752 (xmldbc)]: family:1, type:2, protocol:0
[   37.067480] firmadyne: sys_socket[PID: 753 (xmldbc)]: family:1, type:2, protocol:0
[   37.111235] firmadyne: sys_socket[PID: 754 (xmldbc)]: family:1, type:2, protocol:0
[   37.215899] firmadyne: sys_socket[PID: 758 (xmldbc)]: family:1, type:2, protocol:0
[   37.259959] firmadyne: sys_socket[PID: 759 (xmldbc)]: family:1, type:2, protocol:0
[   37.303711] firmadyne: sys_socket[PID: 760 (xmldbc)]: family:1, type:2, protocol:0
[   37.347375] firmadyne: sys_socket[PID: 761 (xmldbc)]: family:1, type:2, protocol:0
[   37.392360] firmadyne: sys_socket[PID: 762 (xmldbc)]: family:1, type:2, protocol:0
[   37.435548] firmadyne: sys_socket[PID: 763 (xmldbc)]: family:1, type:2, protocol:0
[   37.478944] firmadyne: sys_socket[PID: 764 (xmldbc)]: family:1, type:2, protocol:0
[   37.522800] firmadyne: sys_socket[PID: 765 (xmldbc)]: family:1, type:2, protocol:0
[   37.567422] firmadyne: sys_socket[PID: 766 (xmldbc)]: family:1, type:2, protocol:0
[   37.611411] firmadyne: sys_socket[PID: 767 (xmldbc)]: family:1, type:2, protocol:0
[   37.655557] firmadyne: sys_socket[PID: 768 (xmldbc)]: family:1, type:2, protocol:0
[   37.699608] firmadyne: sys_socket[PID: 769 (xmldbc)]: family:1, type:2, protocol:0
[   37.743718] firmadyne: sys_socket[PID: 770 (xmldbc)]: family:1, type:2, protocol:0
[   37.788667] firmadyne: sys_socket[PID: 771 (xmldbc)]: family:1, type:2, protocol:0
[   37.832617] firmadyne: sys_socket[PID: 772 (xmldbc)]: family:1, type:2, protocol:0
[   37.876915] firmadyne: sys_socket[PID: 773 (xmldbc)]: family:1, type:2, protocol:0
[   37.921247] firmadyne: sys_socket[PID: 774 (xmldbc)]: family:1, type:2, protocol:0
[   37.966213] firmadyne: sys_socket[PID: 775 (xmldbc)]: family:1, type:2, protocol:0
[   38.010850] firmadyne: sys_socket[PID: 776 (xmldbc)]: family:1, type:2, protocol:0
[   38.114087] firmadyne: sys_socket[PID: 780 (xmldbc)]: family:1, type:2, protocol:0
[   38.159474] firmadyne: sys_socket[PID: 781 (xmldbc)]: family:1, type:2, protocol:0
[   38.203599] firmadyne: sys_socket[PID: 782 (xmldbc)]: family:1, type:2, protocol:0
[   38.247528] firmadyne: sys_socket[PID: 783 (xmldbc)]: family:1, type:2, protocol:0
[   38.291335] firmadyne: sys_socket[PID: 784 (xmldbc)]: family:1, type:2, protocol:0
[   38.334989] firmadyne: sys_socket[PID: 785 (xmldbc)]: family:1, type:2, protocol:0
[   38.379722] firmadyne: sys_socket[PID: 786 (xmldbc)]: family:1, type:2, protocol:0
[   38.423531] firmadyne: sys_socket[PID: 787 (xmldbc)]: family:1, type:2, protocol:0
[   38.467624] firmadyne: sys_socket[PID: 788 (xmldbc)]: family:1, type:2, protocol:0
[   38.511100] firmadyne: sys_socket[PID: 789 (xmldbc)]: family:1, type:2, protocol:0
[   38.555495] firmadyne: sys_socket[PID: 790 (xmldbc)]: family:1, type:2, protocol:0
[   38.599163] firmadyne: sys_socket[PID: 791 (xmldbc)]: family:1, type:2, protocol:0
[   38.642948] firmadyne: sys_socket[PID: 792 (xmldbc)]: family:1, type:2, protocol:0
[   38.686532] firmadyne: sys_socket[PID: 793 (xmldbc)]: family:1, type:2, protocol:0
[   38.730286] firmadyne: sys_socket[PID: 794 (xmldbc)]: family:1, type:2, protocol:0
[   38.775063] firmadyne: sys_socket[PID: 795 (xmldbc)]: family:1, type:2, protocol:0
[   38.818817] firmadyne: sys_socket[PID: 796 (xmldbc)]: family:1, type:2, protocol:0
[   38.864950] firmadyne: sys_socket[PID: 797 (xmldbc)]: family:1, type:2, protocol:0
[   38.908694] firmadyne: sys_socket[PID: 798 (xmldbc)]: family:1, type:2, protocol:0
[   39.014225] firmadyne: sys_socket[PID: 802 (xmldbc)]: family:1, type:2, protocol:0
[   39.058630] firmadyne: sys_socket[PID: 803 (xmldbc)]: family:1, type:2, protocol:0
[   39.102584] firmadyne: sys_socket[PID: 804 (xmldbc)]: family:1, type:2, protocol:0
[   39.146411] firmadyne: sys_socket[PID: 805 (xmldbc)]: family:1, type:2, protocol:0
[   39.191563] firmadyne: sys_socket[PID: 806 (xmldbc)]: family:1, type:2, protocol:0
[   39.235736] firmadyne: sys_socket[PID: 807 (xmldbc)]: family:1, type:2, protocol:0
[   39.279659] firmadyne: sys_socket[PID: 808 (xmldbc)]: family:1, type:2, protocol:0
[   39.323756] firmadyne: sys_socket[PID: 809 (xmldbc)]: family:1, type:2, protocol:0
[   39.368980] firmadyne: sys_socket[PID: 810 (xmldbc)]: family:1, type:2, protocol:0
[   39.412997] firmadyne: sys_socket[PID: 811 (xmldbc)]: family:1, type:2, protocol:0
[   39.457175] firmadyne: sys_socket[PID: 812 (xmldbc)]: family:1, type:2, protocol:0
[   39.501226] firmadyne: sys_socket[PID: 813 (xmldbc)]: family:1, type:2, protocol:0
[   39.545307] firmadyne: sys_socket[PID: 814 (xmldbc)]: family:1, type:2, protocol:0
[   39.590635] firmadyne: sys_socket[PID: 815 (xmldbc)]: family:1, type:2, protocol:0
[   39.630526] firmadyne: sys_socket[PID: 816 (xmldbc)]: family:1, type:2, protocol:0
[   39.673596] firmadyne: sys_socket[PID: 817 (xmldbc)]: family:1, type:2, protocol:0
[   39.718454] firmadyne: sys_socket[PID: 818 (xmldbc)]: family:1, type:2, protocol:0
[   39.763577] firmadyne: sys_socket[PID: 819 (xmldbc)]: family:1, type:2, protocol:0
[   39.807530] firmadyne: sys_socket[PID: 820 (xmldbc)]: family:1, type:2, protocol:0
[   39.911076] firmadyne: sys_socket[PID: 824 (xmldbc)]: family:1, type:2, protocol:0
[   39.956165] firmadyne: sys_socket[PID: 825 (xmldbc)]: family:1, type:2, protocol:0
[   40.000285] firmadyne: sys_socket[PID: 826 (xmldbc)]: family:1, type:2, protocol:0
[   40.044825] firmadyne: sys_socket[PID: 827 (xmldbc)]: family:1, type:2, protocol:0
[   40.088879] firmadyne: sys_socket[PID: 828 (xmldbc)]: family:1, type:2, protocol:0
[   40.132328] firmadyne: sys_socket[PID: 829 (xmldbc)]: family:1, type:2, protocol:0
[   40.176942] firmadyne: sys_socket[PID: 830 (xmldbc)]: family:1, type:2, protocol:0
[   40.220904] firmadyne: sys_socket[PID: 831 (xmldbc)]: family:1, type:2, protocol:0
[   40.265020] firmadyne: sys_socket[PID: 832 (xmldbc)]: family:1, type:2, protocol:0
[   40.308886] firmadyne: sys_socket[PID: 833 (xmldbc)]: family:1, type:2, protocol:0
[   40.352966] firmadyne: sys_socket[PID: 834 (xmldbc)]: family:1, type:2, protocol:0
[   40.398389] firmadyne: sys_socket[PID: 835 (xmldbc)]: family:1, type:2, protocol:0
[   40.442923] firmadyne: sys_socket[PID: 836 (xmldbc)]: family:1, type:2, protocol:0
[   40.487155] firmadyne: sys_socket[PID: 837 (xmldbc)]: family:1, type:2, protocol:0
[   40.530967] firmadyne: sys_socket[PID: 838 (xmldbc)]: family:1, type:2, protocol:0
[   40.575914] firmadyne: sys_socket[PID: 839 (xmldbc)]: family:1, type:2, protocol:0
[   40.619828] firmadyne: sys_socket[PID: 840 (xmldbc)]: family:1, type:2, protocol:0
[   40.663649] firmadyne: sys_socket[PID: 841 (xmldbc)]: family:1, type:2, protocol:0
[   40.707519] firmadyne: sys_socket[PID: 842 (xmldbc)]: family:1, type:2, protocol:0
[   40.811570] firmadyne: sys_socket[PID: 846 (xmldbc)]: family:1, type:2, protocol:0
[   40.855880] firmadyne: sys_socket[PID: 847 (xmldbc)]: family:1, type:2, protocol:0
[   40.899659] firmadyne: sys_socket[PID: 848 (xmldbc)]: family:1, type:2, protocol:0
[   40.943608] firmadyne: sys_socket[PID: 849 (xmldbc)]: family:1, type:2, protocol:0
[   40.989204] firmadyne: sys_socket[PID: 850 (xmldbc)]: family:1, type:2, protocol:0
[   41.033558] firmadyne: sys_socket[PID: 851 (xmldbc)]: family:1, type:2, protocol:0
[   41.077385] firmadyne: sys_socket[PID: 852 (xmldbc)]: family:1, type:2, protocol:0
[   41.121265] firmadyne: sys_socket[PID: 853 (xmldbc)]: family:1, type:2, protocol:0
[   41.166263] firmadyne: sys_socket[PID: 854 (xmldbc)]: family:1, type:2, protocol:0
[   41.210777] firmadyne: sys_socket[PID: 855 (xmldbc)]: family:1, type:2, protocol:0
[   41.255076] firmadyne: sys_socket[PID: 856 (xmldbc)]: family:1, type:2, protocol:0
[   41.299283] firmadyne: sys_socket[PID: 857 (xmldbc)]: family:1, type:2, protocol:0
[   41.343521] firmadyne: sys_socket[PID: 858 (xmldbc)]: family:1, type:2, protocol:0
[   41.388850] firmadyne: sys_socket[PID: 859 (xmldbc)]: family:1, type:2, protocol:0
[   41.432809] firmadyne: sys_socket[PID: 860 (xmldbc)]: family:1, type:2, protocol:0
[   41.477137] firmadyne: sys_socket[PID: 861 (xmldbc)]: family:1, type:2, protocol:0
[   41.521285] firmadyne: sys_socket[PID: 862 (xmldbc)]: family:1, type:2, protocol:0
[   41.566619] firmadyne: sys_socket[PID: 863 (xmldbc)]: family:1, type:2, protocol:0
[   41.610531] firmadyne: sys_socket[PID: 864 (xmldbc)]: family:1, type:2, protocol:0
[   41.713212] firmadyne: sys_socket[PID: 868 (xmldbc)]: family:1, type:2, protocol:0
[   41.757843] firmadyne: sys_socket[PID: 869 (xmldbc)]: family:1, type:2, protocol:0
[   41.802077] firmadyne: sys_socket[PID: 870 (xmldbc)]: family:1, type:2, protocol:0
[   41.846078] firmadyne: sys_socket[PID: 871 (xmldbc)]: family:1, type:2, protocol:0
[   41.889623] firmadyne: sys_socket[PID: 872 (xmldbc)]: family:1, type:2, protocol:0
[   41.933787] firmadyne: sys_socket[PID: 873 (xmldbc)]: family:1, type:2, protocol:0
[   41.979241] firmadyne: sys_socket[PID: 874 (xmldbc)]: family:1, type:2, protocol:0
[   42.019909] firmadyne: sys_socket[PID: 875 (xmldbc)]: family:1, type:2, protocol:0
[   42.064666] firmadyne: sys_socket[PID: 876 (xmldbc)]: family:1, type:2, protocol:0
[   42.109140] firmadyne: sys_socket[PID: 877 (xmldbc)]: family:1, type:2, protocol:0
[   42.152876] firmadyne: sys_socket[PID: 878 (xmldbc)]: family:1, type:2, protocol:0
[   42.198426] firmadyne: sys_socket[PID: 879 (xmldbc)]: family:1, type:2, protocol:0
[   42.243200] firmadyne: sys_socket[PID: 880 (xmldbc)]: family:1, type:2, protocol:0
[   42.286957] firmadyne: sys_socket[PID: 881 (xmldbc)]: family:1, type:2, protocol:0
[   42.331306] firmadyne: sys_socket[PID: 882 (xmldbc)]: family:1, type:2, protocol:0
[   42.376159] firmadyne: sys_socket[PID: 883 (xmldbc)]: family:1, type:2, protocol:0
[   42.420101] firmadyne: sys_socket[PID: 884 (xmldbc)]: family:1, type:2, protocol:0
[   42.464318] firmadyne: sys_socket[PID: 885 (xmldbc)]: family:1, type:2, protocol:0
[   42.508615] firmadyne: sys_socket[PID: 886 (xmldbc)]: family:1, type:2, protocol:0
[   42.650764] firmadyne: sys_socket[PID: 890 (xmldbc)]: family:1, type:2, protocol:0
[   42.698636] firmadyne: sys_socket[PID: 891 (xmldbc)]: family:1, type:2, protocol:0
[   42.744441] firmadyne: sys_socket[PID: 892 (xmldbc)]: family:1, type:2, protocol:0
[   42.790623] firmadyne: sys_socket[PID: 893 (xmldbc)]: family:1, type:2, protocol:0
[   42.836331] firmadyne: sys_socket[PID: 894 (xmldbc)]: family:1, type:2, protocol:0
[   42.881036] firmadyne: sys_socket[PID: 895 (xmldbc)]: family:1, type:2, protocol:0
[   42.929379] firmadyne: sys_socket[PID: 896 (xmldbc)]: family:1, type:2, protocol:0
[   42.977058] firmadyne: sys_socket[PID: 897 (xmldbc)]: family:1, type:2, protocol:0
[   43.022925] firmadyne: sys_socket[PID: 898 (xmldbc)]: family:1, type:2, protocol:0
[   43.068299] firmadyne: sys_socket[PID: 899 (xmldbc)]: family:1, type:2, protocol:0
[   43.113351] firmadyne: sys_socket[PID: 900 (xmldbc)]: family:1, type:2, protocol:0
[   43.159612] firmadyne: sys_socket[PID: 901 (xmldbc)]: family:1, type:2, protocol:0
[   43.201520] firmadyne: sys_socket[PID: 902 (xmldbc)]: family:1, type:2, protocol:0
[   43.244537] firmadyne: sys_socket[PID: 903 (xmldbc)]: family:1, type:2, protocol:0
[   43.289135] firmadyne: sys_socket[PID: 904 (xmldbc)]: family:1, type:2, protocol:0
[   43.333565] firmadyne: sys_socket[PID: 905 (xmldbc)]: family:1, type:2, protocol:0
[   43.380286] firmadyne: sys_socket[PID: 906 (xmldbc)]: family:1, type:2, protocol:0
[   43.425432] firmadyne: sys_socket[PID: 907 (xmldbc)]: family:1, type:2, protocol:0
[   43.470164] firmadyne: sys_socket[PID: 908 (xmldbc)]: family:1, type:2, protocol:0
[   43.576195] firmadyne: sys_socket[PID: 912 (xmldbc)]: family:1, type:2, protocol:0
[   43.620172] firmadyne: sys_socket[PID: 913 (xmldbc)]: family:1, type:2, protocol:0
[   43.664483] firmadyne: sys_socket[PID: 914 (xmldbc)]: family:1, type:2, protocol:0
[   43.708696] firmadyne: sys_socket[PID: 915 (xmldbc)]: family:1, type:2, protocol:0
[   43.753216] firmadyne: sys_socket[PID: 916 (xmldbc)]: family:1, type:2, protocol:0
[   43.799399] firmadyne: sys_socket[PID: 917 (xmldbc)]: family:1, type:2, protocol:0
[   43.844086] firmadyne: sys_socket[PID: 918 (xmldbc)]: family:1, type:2, protocol:0
[   43.890538] firmadyne: sys_socket[PID: 919 (xmldbc)]: family:1, type:2, protocol:0
[   43.935644] firmadyne: sys_socket[PID: 920 (xmldbc)]: family:1, type:2, protocol:0
[   43.982178] firmadyne: sys_socket[PID: 921 (xmldbc)]: family:1, type:2, protocol:0
[   44.027337] firmadyne: sys_socket[PID: 922 (xmldbc)]: family:1, type:2, protocol:0
[   44.072618] firmadyne: sys_socket[PID: 923 (xmldbc)]: family:1, type:2, protocol:0
[   44.117903] firmadyne: sys_socket[PID: 924 (xmldbc)]: family:1, type:2, protocol:0
[   44.164127] firmadyne: sys_socket[PID: 925 (xmldbc)]: family:1, type:2, protocol:0
[   44.209346] firmadyne: sys_socket[PID: 926 (xmldbc)]: family:1, type:2, protocol:0
[   44.254660] firmadyne: sys_socket[PID: 927 (xmldbc)]: family:1, type:2, protocol:0
[   44.299931] firmadyne: sys_socket[PID: 928 (xmldbc)]: family:1, type:2, protocol:0
[   44.344639] firmadyne: sys_socket[PID: 929 (xmldbc)]: family:1, type:2, protocol:0
[   44.389810] firmadyne: sys_socket[PID: 930 (xmldbc)]: family:1, type:2, protocol:0
[   44.531062] firmadyne: sys_socket[PID: 935 (xmldbc)]: family:1, type:2, protocol:0
[   44.576812] firmadyne: sys_socket[PID: 936 (xmldbc)]: family:1, type:2, protocol:0
[   44.621381] firmadyne: sys_socket[PID: 937 (xmldbc)]: family:1, type:2, protocol:0
[   44.666508] firmadyne: sys_socket[PID: 938 (xmldbc)]: family:1, type:2, protocol:0
[   44.710976] firmadyne: sys_socket[PID: 939 (xmldbc)]: family:1, type:2, protocol:0
[   44.751793] firmadyne: sys_socket[PID: 940 (xmldbc)]: family:1, type:2, protocol:0
[   44.858957] firmadyne: sys_socket[PID: 944 (xmldbc)]: family:1, type:2, protocol:0
[   44.904141] firmadyne: sys_socket[PID: 945 (xmldbc)]: family:1, type:2, protocol:0
[   44.949153] firmadyne: sys_socket[PID: 946 (xmldbc)]: family:1, type:2, protocol:0
[   44.994845] firmadyne: sys_socket[PID: 947 (xmldbc)]: family:1, type:2, protocol:0
[   45.039138] firmadyne: sys_socket[PID: 948 (xmldbc)]: family:1, type:2, protocol:0
[   45.083865] firmadyne: sys_socket[PID: 949 (xmldbc)]: family:1, type:2, protocol:0
[   45.220179] firmadyne: sys_socket[PID: 954 (xmldbc)]: family:1, type:2, protocol:0
[   45.325024] firmadyne: sys_socket[PID: 958 (xmldbc)]: family:1, type:2, protocol:0
[   45.430266] firmadyne: sys_socket[PID: 962 (xmldbc)]: family:1, type:2, protocol:0
[   45.533761] firmadyne: sys_socket[PID: 966 (xmldbc)]: family:1, type:2, protocol:0
[   45.635232] firmadyne: sys_socket[PID: 970 (xmldbc)]: family:1, type:2, protocol:0
[   45.738795] firmadyne: sys_socket[PID: 974 (xmldbc)]: family:1, type:2, protocol:0
[   45.842678] firmadyne: sys_socket[PID: 978 (xmldbc)]: family:1, type:2, protocol:0
[   45.948075] firmadyne: sys_socket[PID: 982 (xmldbc)]: family:1, type:2, protocol:0
[   46.053330] firmadyne: sys_socket[PID: 986 (xmldbc)]: family:1, type:2, protocol:0
[   46.158318] firmadyne: sys_socket[PID: 990 (xmldbc)]: family:1, type:2, protocol:0
[   46.262114] firmadyne: sys_socket[PID: 994 (xmldbc)]: family:1, type:2, protocol:0
[   46.367053] firmadyne: sys_socket[PID: 998 (xmldbc)]: family:1, type:2, protocol:0
[   46.470861] firmadyne: sys_socket[PID: 1002 (xmldbc)]: family:1, type:2, protocol:0
[   46.576070] firmadyne: sys_socket[PID: 1006 (xmldbc)]: family:1, type:2, protocol:0
[   46.680037] firmadyne: sys_socket[PID: 1010 (xmldbc)]: family:1, type:2, protocol:0
[   46.781095] firmadyne: sys_socket[PID: 1014 (xmldbc)]: family:1, type:2, protocol:0
[   46.886186] firmadyne: sys_socket[PID: 1018 (xmldbc)]: family:1, type:2, protocol:0
[   46.991601] firmadyne: sys_socket[PID: 1022 (xmldbc)]: family:1, type:2, protocol:0
[   47.097804] firmadyne: sys_socket[PID: 1026 (xmldbc)]: family:1, type:2, protocol:0
[   47.204327] firmadyne: sys_socket[PID: 1030 (xmldbc)]: family:1, type:2, protocol:0
[   47.308585] firmadyne: sys_socket[PID: 1034 (xmldbc)]: family:1, type:2, protocol:0
[   47.413727] firmadyne: sys_socket[PID: 1038 (xmldbc)]: family:1, type:2, protocol:0
[   47.513777] firmadyne: sys_socket[PID: 1042 (xmldbc)]: family:1, type:2, protocol:0
[   47.618807] firmadyne: sys_socket[PID: 1046 (xmldbc)]: family:1, type:2, protocol:0
[   47.722888] firmadyne: sys_socket[PID: 1050 (xmldbc)]: family:1, type:2, protocol:0
[   47.829033] firmadyne: sys_socket[PID: 1054 (xmldbc)]: family:1, type:2, protocol:0
[   47.935985] firmadyne: sys_socket[PID: 1058 (xmldbc)]: family:1, type:2, protocol:0
[   48.041319] firmadyne: sys_socket[PID: 1062 (xmldbc)]: family:1, type:2, protocol:0
[   48.145278] firmadyne: sys_socket[PID: 1066 (xmldbc)]: family:1, type:2, protocol:0
[   48.251566] firmadyne: sys_socket[PID: 1070 (xmldbc)]: family:1, type:2, protocol:0
[   48.356919] firmadyne: sys_socket[PID: 1074 (xmldbc)]: family:1, type:2, protocol:0
[   48.461036] firmadyne: sys_socket[PID: 1078 (xmldbc)]: family:1, type:2, protocol:0
[   48.566683] firmadyne: sys_socket[PID: 1082 (xmldbc)]: family:1, type:2, protocol:0
[   48.611279] firmadyne: sys_socket[PID: 1083 (xmldbc)]: family:1, type:2, protocol:0
[   48.655525] firmadyne: sys_socket[PID: 1084 (xmldbc)]: family:1, type:2, protocol:0
[   48.700393] firmadyne: sys_socket[PID: 1085 (xmldbc)]: family:1, type:2, protocol:0
[   48.744611] firmadyne: sys_socket[PID: 1086 (xmldbc)]: family:1, type:2, protocol:0
[   48.791130] firmadyne: sys_socket[PID: 1087 (xmldbc)]: family:1, type:2, protocol:0
[   48.832649] firmadyne: sys_socket[PID: 1088 (xmldbc)]: family:1, type:2, protocol:0
[   48.878465] firmadyne: sys_socket[PID: 1089 (xmldbc)]: family:1, type:2, protocol:0
[   48.923874] firmadyne: sys_socket[PID: 1090 (xmldbc)]: family:1, type:2, protocol:0
PHP [/etc/defnodes/S11setnodes.php] ...
[   49.015712] firmadyne: sys_socket[PID: 1093 (rgdb)]: family:1, type:2, protocol:0
PHP [/etc/defnodes/S12features.php] ...
[   49.664730] firmadyne: sys_socket[PID: 1106 (rgdb)]: family:1, type:2, protocol:0
PHP [/etc/defnodes/S13flashspeed.php] ...
[   49.765127] firmadyne: sys_socket[PID: 1109 (rgdb)]: family:1, type:2, protocol:0
PHP [/etc/defnodes/S20setnodes.php] ...
[   49.963247] firmadyne: sys_socket[PID: 1114 (rgdb)]: family:1, type:2, protocol:0
[   50.316930] UDF-fs: warning (device mtdblock4): udf_fill_super: No partition found (2)
mount: mounting /dev/mtdblock/4 on /www/locale/alt failed: Invalid argument
PHP [/etc/defnodes/S40brand.php] ...
[   50.403331] firmadyne: sys_socket[PID: 1126 (rgdb)]: family:1, type:2, protocol:0
[/etc/scripts/misc/defnodes.sh] Done !!
[/etc/scripts/misc/profile.sh] put ...
[   50.905773] firmadyne: sys_socket[PID: 1134 (rgdb)]: family:1, type:2, protocol:0
ok
[   51.667781] firmadyne: sys_socket[PID: 1140 (rgdb)]: family:1, type:2, protocol:0
[   51.726126] firmadyne: sys_socket[PID: 1142 (rgdb)]: family:1, type:2, protocol:0
[/etc/templates/timezone.sh] ...
[   51.863398] firmadyne: sys_socket[PID: 1147 (rgdb)]: family:1, type:2, protocol:0
[   52.012733] firmadyne: sys_socket[PID: 1152 (rgdb)]: family:1, type:2, protocol:0
[   54.940804] firmadyne: sys_socket[PID: 1156 (rgdb)]: family:1, type:2, protocol:0
[   55.007916] firmadyne: sys_socket[PID: 1158 (rgdb)]: family:1, type:2, protocol:0
[   55.073028] firmadyne: sys_socket[PID: 1160 (rgdb)]: family:1, type:2, protocol:0
[   55.138403] firmadyne: sys_socket[PID: 1162 (rgdb)]: family:1, type:2, protocol:0
[   55.204575] firmadyne: sys_socket[PID: 1164 (rgdb)]: family:1, type:2, protocol:0
[   55.269673] firmadyne: sys_socket[PID: 1166 (rgdb)]: family:1, type:2, protocol:0
[   55.331308] firmadyne: sys_socket[PID: 1168 (rgdb)]: family:1, type:2, protocol:0
[   55.397813] firmadyne: sys_socket[PID: 1170 (rgdb)]: family:1, type:2, protocol:0
[   55.463901] firmadyne: sys_socket[PID: 1172 (rgdb)]: family:1, type:2, protocol:0
[   55.529836] firmadyne: sys_socket[PID: 1174 (rgdb)]: family:1, type:2, protocol:0
[   55.593596] firmadyne: sys_socket[PID: 1176 (rgdb)]: family:1, type:2, protocol:0
[/etc/templates/logs.sh] ...
[   56.357005] firmadyne: sys_socket[PID: 1204 (rgdb)]: family:1, type:2, protocol:0
[   56.434680] firmadyne: sys_socket[PID: 1206 (rgdb)]: family:1, type:2, protocol:0
[/var/run/logs_run.sh] ...
[   56.891640] firmadyne: sys_socket[PID: 1211 (syslogd)]: family:1, type:1, protocol:0
[   57.036753] firmadyne: sys_socket[PID: 1216 (rgdb)]: family:1, type:2, protocol:0
[   57.213667] firmadyne: sys_socket[PID: 1220 (ifconfig)]: family:2, type:1, protocol:0
[   57.247411] 8021q: adding VLAN 0 to HW filter on device eth0
[   57.253356] e1000: eth0 NIC Link is Up 1000 Mbps Full Duplex, Flow Control: RX
[   60.330247] firmadyne: sys_socket[PID: 1222 (rgdb)]: family:1, type:2, protocol:0
[   60.579242] firmadyne: sys_socket[PID: 1234 (rgdb)]: family:1, type:2, protocol:0
[   60.724566] firmadyne: sys_socket[PID: 1240 (rgdb)]: family:1, type:2, protocol:0
[   60.743722] firmadyne: sys_socket[PID: 1241 (ifconfig)]: family:2, type:1, protocol:0
[   60.745557] firmadyne: __inet_insert_ifa[PID: 1241 (ifconfig)]: device:lo ifa:0x7f000001
[   60.790511] firmadyne: sys_socket[PID: 1242 (brctl)]: family:2, type:2, protocol:0
[   60.872555] firmadyne: sys_socket[PID: 1245 (brctl)]: family:2, type:2, protocol:0
[   60.875802] firmadyne: sys_socket[PID: 1245 (brctl)]: family:10, type:1, protocol:0
[   60.915178] firmadyne: sys_socket[PID: 1246 (brctl)]: family:2, type:2, protocol:0
[   60.917412] firmadyne: sys_socket[PID: 1246 (brctl)]: family:10, type:1, protocol:0
[/etc/init.d/S03config.sh] done!
[/etc/init.d/S10system.sh]
start Layout ...
[/etc/scripts/layout.sh] start ...
[   61.210453] firmadyne: sys_socket[PID: 1256 (rgdb)]: family:1, type:2, protocol:0
[   61.313723] firmadyne: sys_socket[PID: 1257 (rgdb)]: family:1, type:2, protocol:0
[/var/run/layout_start.sh] ...
Start bridge layout ...
[   61.435525] firmadyne: sys_socket[PID: 1261 (ifconfig)]: family:2, type:1, protocol:0
[   61.472940] firmadyne: sys_socket[PID: 1262 (brctl)]: family:2, type:2, protocol:0
[   61.476327] firmadyne: sys_socket[PID: 1262 (brctl)]: family:10, type:1, protocol:0
[   61.479205] firmadyne: sys_socket[PID: 1262 (brctl)]: family:10, type:1, protocol:0
[   61.480545] firmadyne: br_add_if[PID: 1262 (brctl)]: br:br0 dev:eth0
[   61.485631] device eth0 entered promiscuous mode
[   61.561692] firmadyne: sys_socket[PID: 1265 (xmldbc)]: family:1, type:2, protocol:0
[   61.630583] firmadyne: sys_socket[PID: 1268 (ifconfig)]: family:2, type:1, protocol:0
[   61.632085] br0: port 1(eth0) entered forwarding state
[   61.632813] br0: port 1(eth0) entered forwarding state
[   61.673684] firmadyne: sys_socket[PID: 1269 (rgdb)]: family:1, type:2, protocol:0
start LAN ...
[/etc/templates/lan.sh] ...
[   61.805699] firmadyne: sys_socket[PID: 1274 (rgdb)]: family:1, type:2, protocol:0
[   61.924211] firmadyne: sys_socket[PID: 1277 (rgdb)]: family:1, type:2, protocol:0
[   62.013112] firmadyne: sys_socket[PID: 1278 (rgdb)]: family:1, type:2, protocol:0
[/var/run/lan_start.sh] ...
Bridge mode selected, LAN is disabled !
start web server ...
[/etc/templates/webs.sh] start ...
[   62.248181] firmadyne: sys_socket[PID: 1286 (rgdb)]: family:1, type:2, protocol:0
[   62.316418] firmadyne: sys_socket[PID: 1288 (rgdb)]: family:1, type:2, protocol:0
[   62.431841] firmadyne: sys_socket[PID: 1291 (rgdb)]: family:1, type:2, protocol:0
[   62.559694] firmadyne: sys_socket[PID: 1292 (rgdb)]: family:1, type:2, protocol:0
[/var/run/webs_start.sh] ...
Starting HTTPD ...
start eth0 vlan setup ...
/etc/scripts/eth_vlan.sh: not found
[   62.885617] firmadyne: sys_socket[PID: 1302 (rgdb)]: family:1, type:2, protocol:0
[   62.905560] firmadyne: sys_socket[PID: 1303 (rgdb)]: family:1, type:2, protocol:0
[   63.072197] firmadyne: sys_socket[PID: 1304 (rgdb)]: family:1, type:2, protocol:0
#!/bin/sh
echo [$0] ... > /dev/console

# limitedadmin.php <<<

limitedadmin.sh...
[   63.309814] firmadyne: sys_socket[PID: 1308 (brctl)]: family:2, type:2, protocol:0
[   63.316425] firmadyne: sys_socket[PID: 1308 (brctl)]: family:10, type:1, protocol:0
[   63.404025] firmadyne: sys_socket[PID: 1309 (brctl)]: family:2, type:2, protocol:0
[   63.410990] firmadyne: sys_socket[PID: 1309 (brctl)]: family:10, type:1, protocol:0
[   63.497764] firmadyne: sys_socket[PID: 1310 (brctl)]: family:2, type:2, protocol:0
[   63.504615] firmadyne: sys_socket[PID: 1310 (brctl)]: family:10, type:1, protocol:0
[   63.593566] firmadyne: sys_socket[PID: 1311 (brctl)]: family:2, type:2, protocol:0
[   63.600742] firmadyne: sys_socket[PID: 1311 (brctl)]: family:10, type:1, protocol:0
[   63.684301] firmadyne: sys_socket[PID: 1312 (brctl)]: family:2, type:2, protocol:0
[   63.691369] firmadyne: sys_socket[PID: 1312 (brctl)]: family:10, type:1, protocol:0
[   63.776157] firmadyne: sys_socket[PID: 1313 (brctl)]: family:2, type:2, protocol:0
[   63.787008] firmadyne: sys_socket[PID: 1313 (brctl)]: family:10, type:1, protocol:0
start fresetd ...
enable LAN ports ...
[   64.005062] firmadyne: sys_socket[PID: 1315 (servd)]: family:1, type:2, protocol:0
[   64.026724] firmadyne: sys_socket[PID: 1306 (httpd)]: family:10, type:2, protocol:6
[   64.027866] firmadyne: sys_setsockopt[PID: 1306 (httpd)]: fd:4, level:65535, optname:4
Factory reset time : 5 secs
System reset time  : 1 secs
WPS command : [/etc/templates/wps.sh pbc &]
[/etc/scripts/enlan.sh] ...
/dev/gpio: No such device or address
[   64.162779] firmadyne: sys_socket[PID: 1318 (fresetd)]: family:1, type:1, protocol:0
 Generate channel table according to the country code...
[   64.195185] firmadyne: sys_socket[PID: 1324 (httpd)]: family:1, type:1, protocol:0
[   64.274217] firmadyne: sys_socket[PID: 1331 (genchanneltable)]: family:1, type:2, protocol:0
[   64.280934] firmadyne: sys_socket[PID: 1331 (genchanneltable)]: family:1, type:2, protocol:0
[   64.292398] firmadyne: sys_socket[PID: 1331 (genchanneltable)]: family:1, type:2, protocol:0
[   64.312264] firmadyne: sys_socket[PID: 1332 (getsys)]: family:1, type:2, protocol:0
UNKNOW country code!! Use USA for default!!
[   64.395137] firmadyne: sys_socket[PID: 1331 (genchanneltable)]: family:1, type:2, protocol:0
[   64.400462] firmadyne: sys_socket[PID: 1332 (getsys)]: family:1, type:2, protocol:0
[   64.404389] firmadyne: sys_socket[PID: 1331 (genchanneltable)]: family:1, type:2, protocol:0
[   64.409197] firmadyne: sys_socket[PID: 1332 (getsys)]: family:1, type:2, protocol:0
[   64.412964] firmadyne: sys_socket[PID: 1331 (genchanneltable)]: family:1, type:2, protocol:0
[   64.418204] firmadyne: sys_socket[PID: 1332 (getsys)]: family:1, type:2, protocol:0
[   64.421105] firmadyne: sys_socket[PID: 1331 (genchanneltable)]: family:1, type:2, protocol:0
[   64.426350] firmadyne: sys_socket[PID: 1332 (getsys)]: family:1, type:2, protocol:0
[   64.429480] firmadyne: sys_socket[PID: 1331 (genchanneltable)]: family:1, type:2, protocol:0
[   64.434727] firmadyne: sys_socket[PID: 1332 (getsys)]: family:1, type:2, protocol:0
[   64.437685] firmadyne: sys_socket[PID: 1331 (genchanneltable)]: family:1, type:2, protocol:0
[   64.443168] firmadyne: sys_socket[PID: 1332 (getsys)]: family:1, type:2, protocol:0
[   64.446583] firmadyne: sys_socket[PID: 1331 (genchanneltable)]: family:1, type:2, protocol:0
[   64.451594] firmadyne: sys_socket[PID: 1332 (getsys)]: family:1, type:2, protocol:0
[   64.455348] firmadyne: sys_socket[PID: 1331 (genchanneltable)]: family:1, type:2, protocol:0
[   64.460919] firmadyne: sys_socket[PID: 1332 (getsys)]: family:1, type:2, protocol:0
[   64.465172] firmadyne: sys_socket[PID: 1331 (genchanneltable)]: family:1, type:2, protocol:0
[   64.470255] firmadyne: sys_socket[PID: 1332 (getsys)]: family:1, type:2, protocol:0
[   64.474249] firmadyne: sys_socket[PID: 1331 (genchanneltable)]: family:1, type:2, protocol:0
[   64.479327] firmadyne: sys_socket[PID: 1332 (getsys)]: family:1, type:2, protocol:0
[   64.483331] firmadyne: sys_socket[PID: 1331 (genchanneltable)]: family:1, type:2, protocol:0
[   64.488437] firmadyne: sys_socket[PID: 1332 (getsys)]: family:1, type:2, protocol:0
[   64.492249] firmadyne: sys_socket[PID: 1331 (genchanneltable)]: family:1, type:2, protocol:0
[   64.497358] firmadyne: sys_socket[PID: 1332 (getsys)]: family:1, type:2, protocol:0
[   64.500812] firmadyne: sys_socket[PID: 1331 (genchanneltable)]: family:1, type:2, protocol:0
[   64.506911] firmadyne: sys_socket[PID: 1332 (getsys)]: family:1, type:2, protocol:0
[   64.510252] firmadyne: sys_socket[PID: 1331 (genchanneltable)]: family:1, type:2, protocol:0
[   64.515410] firmadyne: sys_socket[PID: 1332 (getsys)]: family:1, type:2, protocol:0
[   64.519346] firmadyne: sys_socket[PID: 1331 (genchanneltable)]: family:1, type:2, protocol:0
[   64.524427] firmadyne: sys_socket[PID: 1332 (getsys)]: family:1, type:2, protocol:0
[   64.528321] firmadyne: sys_socket[PID: 1331 (genchanneltable)]: family:1, type:2, protocol:0
[   64.533468] firmadyne: sys_socket[PID: 1332 (getsys)]: family:1, type:2, protocol:0
[   64.536804] firmadyne: sys_socket[PID: 1331 (genchanneltable)]: family:1, type:2, protocol:0
[   64.544860] firmadyne: sys_socket[PID: 1332 (getsys)]: family:1, type:2, protocol:0
[   64.548382] firmadyne: sys_socket[PID: 1331 (genchanneltable)]: family:1, type:2, protocol:0
[   64.553833] firmadyne: sys_socket[PID: 1331 (genchanneltable)]: family:1, type:2, protocol:0
[   64.567822] firmadyne: sys_socket[PID: 1331 (genchanneltable)]: family:1, type:2, protocol:0
[   64.573171] firmadyne: sys_socket[PID: 1331 (genchanneltable)]: family:1, type:2, protocol:0
[   64.583294] firmadyne: sys_socket[PID: 1331 (genchanneltable)]: family:1, type:2, protocol:0
[   64.588261] firmadyne: sys_socket[PID: 1331 (genchanneltable)]: family:1, type:2, protocol:0
[   64.592928] firmadyne: sys_socket[PID: 1331 (genchanneltable)]: family:1, type:2, protocol:0
[   64.602767] firmadyne: sys_socket[PID: 1331 (genchanneltable)]: family:1, type:2, protocol:0
[   64.611016] firmadyne: sys_socket[PID: 1331 (genchanneltable)]: family:1, type:2, protocol:0
[   64.615656] firmadyne: sys_socket[PID: 1331 (genchanneltable)]: family:1, type:2, protocol:0
[   64.624043] firmadyne: sys_socket[PID: 1331 (genchanneltable)]: family:1, type:2, protocol:0
[   64.628854] firmadyne: sys_socket[PID: 1331 (genchanneltable)]: family:1, type:2, protocol:0
/dev/gpio: No such device or address
 Generate VLAN table according to the port...
[   64.693338] firmadyne: sys_socket[PID: 1340 (genVLANTableByP)]: family:1, type:2, protocol:0
[   64.699333] firmadyne: sys_socket[PID: 1340 (genVLANTableByP)]: family:1, type:2, protocol:0
[   64.704332] firmadyne: sys_socket[PID: 1340 (genVLANTableByP)]: family:1, type:2, protocol:0
[   64.709268] firmadyne: sys_socket[PID: 1340 (genVLANTableByP)]: family:1, type:2, protocol:0
[   64.713586] firmadyne: sys_socket[PID: 1340 (genVLANTableByP)]: family:1, type:2, protocol:0
[   64.718918] firmadyne: sys_socket[PID: 1340 (genVLANTableByP)]: family:1, type:2, protocol:0
[   64.724025] firmadyne: sys_socket[PID: 1340 (genVLANTableByP)]: family:1, type:2, protocol:0
[   64.729037] firmadyne: sys_socket[PID: 1340 (genVLANTableByP)]: family:1, type:2, protocol:0
[   64.734375] firmadyne: sys_socket[PID: 1340 (genVLANTableByP)]: family:1, type:2, protocol:0
[   64.739414] firmadyne: sys_socket[PID: 1340 (genVLANTableByP)]: family:1, type:2, protocol:0
[   64.744395] firmadyne: sys_socket[PID: 1340 (genVLANTableByP)]: family:1, type:2, protocol:0
[   64.748941] firmadyne: sys_socket[PID: 1340 (genVLANTableByP)]: family:1, type:2, protocol:0
[   64.755240] firmadyne: sys_socket[PID: 1340 (genVLANTableByP)]: family:1, type:2, protocol:0
[   64.760767] firmadyne: sys_socket[PID: 1340 (genVLANTableByP)]: family:1, type:2, protocol:0
[   64.765173] firmadyne: sys_socket[PID: 1340 (genVLANTableByP)]: family:1, type:2, protocol:0
[   64.771140] firmadyne: sys_socket[PID: 1340 (genVLANTableByP)]: family:1, type:2, protocol:0
[   64.775474] firmadyne: sys_socket[PID: 1340 (genVLANTableByP)]: family:1, type:2, protocol:0
[   64.779637] firmadyne: sys_socket[PID: 1340 (genVLANTableByP)]: family:1, type:2, protocol:0
[   64.783752] firmadyne: sys_socket[PID: 1340 (genVLANTableByP)]: family:1, type:2, protocol:0
[   64.788289] firmadyne: sys_socket[PID: 1340 (genVLANTableByP)]: family:1, type:2, protocol:0
[   64.792576] firmadyne: sys_socket[PID: 1340 (genVLANTableByP)]: family:1, type:2, protocol:0
