[    0.000000] Linux version 4.1.17+ (alessio@pc) (gcc version 5.5.0 20171010 (Ubuntu 5.5.0-12ubuntu1) ) #1 Mon May 15 23:04:08 CEST 2023
[    0.000000] earlycon: Early serial console at I/O port 0x3f8 (options '38400n8')
[    0.000000] bootconsole [uart0] enabled
[    0.000000] CPU0 revision is: 00019300 (MIPS 24Kc)
[    0.000000] FPU revision is: 00739300
[    0.000000] Software DMA cache coherency enabled
[    0.000000] Determined physical RAM map:
[    0.000000]  memory: 00001000 @ 00000000 (reserved)
[    0.000000]  memory: 000ef000 @ 00001000 (ROM data)
[    0.000000]  memory: 00798000 @ 000f0000 (reserved)
[    0.000000]  memory: 0f777000 @ 00888000 (usable)
[    0.000000] debug: ignoring loglevel setting.
[    0.000000] Wasting 69888 bytes for tracking 2184 unused pages
[    0.000000] Initrd not found or empty - disabling initrd
[    0.000000] Zone ranges:
[    0.000000]   DMA      [mem 0x0000000000000000-0x0000000000ffffff]
[    0.000000]   Normal   [mem 0x0000000001000000-0x000000000fffefff]
[    0.000000] Movable zone start for each node
[    0.000000] Early memory node ranges
[    0.000000]   node   0: [mem 0x0000000000000000-0x000000000fffefff]
[    0.000000] Initmem setup node 0 [mem 0x0000000000000000-0x000000000fffefff]
[    0.000000] On node 0 totalpages: 65535
[    0.000000] free_area_init_node: node 0, pgdat 8081d5b0, node_mem_map 81000000
[    0.000000]   DMA zone: 32 pages used for memmap
[    0.000000]   DMA zone: 0 pages reserved
[    0.000000]   DMA zone: 4096 pages, LIFO batch:0
[    0.000000]   Normal zone: 480 pages used for memmap
[    0.000000]   Normal zone: 61439 pages, LIFO batch:15
[    0.000000] Primary instruction cache 2kB, VIPT, 2-way, linesize 16 bytes.
[    0.000000] Primary data cache 2kB, 2-way, VIPT, no aliases, linesize 16 bytes
[    0.000000] pcpu-alloc: s0 r0 d32768 u32768 alloc=1*32768
[    0.000000] pcpu-alloc: [0] 0 
[    0.000000] Built 1 zonelists in Zone order, mobility grouping on.  Total pages: 65023
[    0.000000] Kernel command line: root=/dev/sda1 console=ttyS0 nandsim.parts=64,64,64,64,64,64,64,64,64,64 rdinit=/firmadyne/preInit.sh rw debug ignore_loglevel print-fatal-signals=1 FIRMAE_NET=true FIRMAE_NVRAM=true FIRMAE_KERNEL=true FIRMAE_ETC=true user_debug=0 firmadyne.syscall=1 noka
[    0.000000] found FIRMAE_KERNEL=t
[    0.000000] set the LD_PRELOAD=/firmadyne/libnvram_ioctl.so
[    0.000000] PID hash table entries: 1024 (order: 0, 4096 bytes)
[    0.000000] Dentry cache hash table entries: 32768 (order: 5, 131072 bytes)
[    0.000000] Inode-cache hash table entries: 16384 (order: 4, 65536 bytes)
[    0.000000] Writing ErrCtl register=00000000
[    0.000000] Readback ErrCtl register=00000000
[    0.000000] Memory: 251112K/262140K available (5360K kernel code, 244K rwdata, 1676K rodata, 260K init, 158K bss, 11028K reserved, 0K cma-reserved)
[    0.000000] NR_IRQS:256
[    0.000000] CPU frequency 200.00 MHz
[    0.000000] clocksource MIPS: mask: 0xffffffff max_cycles: 0xffffffff, max_idle_ns: 19112510435 ns
[    0.000194] sched_clock: 32 bits at 100MHz, resolution 9ns, wraps every 21474731003ns
[    0.011819] Console: colour dummy device 80x25
[    0.012710] Calibrating delay loop... 34.30 BogoMIPS (lpj=68608)
[    0.065482] pid_max: default: 32768 minimum: 301
[    0.068793] Mount-cache hash table entries: 1024 (order: 0, 4096 bytes)
[    0.069329] Mountpoint-cache hash table entries: 1024 (order: 0, 4096 bytes)
[    0.121352] clocksource jiffies: mask: 0xffffffff max_cycles: 0xffffffff, max_idle_ns: 7645041785100000 ns
[    0.130143] NET: Registered protocol family 16
[    0.356292] clocksource pit: mask: 0xffffffff max_cycles: 0xffffffff, max_idle_ns: 1601818034827 ns
[    0.480374] vgaarb: loaded
[    0.485157] SCSI subsystem initialized
[    0.487190] libata version 3.00 loaded.
[    0.490770] usbcore: registered new interface driver usbfs
[    0.491908] usbcore: registered new interface driver hub
[    0.492781] usbcore: registered new device driver usb
[    0.495050] pps_core: LinuxPPS API ver. 1 registered
[    0.495378] pps_core: Software ver. 5.3.6 - Copyright 2005-2007 Rodolfo Giometti <giometti@linux.it>
[    0.496137] PTP clock support registered
[    0.499993] PCI host bridge to bus 0000:00
[    0.500612] pci_bus 0000:00: root bus resource [mem 0x10000000-0x17ffffff]
[    0.501111] pci_bus 0000:00: root bus resource [io  0x1000-0x1fffff]
[    0.501599] pci_bus 0000:00: root bus resource [??? 0x00000000 flags 0x0]
[    0.502070] pci_bus 0000:00: No busn resource found for root bus, will use [bus 00-ff]
[    0.503266] pci 0000:00:00.0: [11ab:4620] type 00 class 0x060000
[    0.504035] pci 0000:00:00.0: [Firmware Bug]: reg 0x14: invalid BAR (can't size)
[    0.504548] pci 0000:00:00.0: [Firmware Bug]: reg 0x18: invalid BAR (can't size)
[    0.505024] pci 0000:00:00.0: [Firmware Bug]: reg 0x1c: invalid BAR (can't size)
[    0.505510] pci 0000:00:00.0: [Firmware Bug]: reg 0x20: invalid BAR (can't size)
[    0.506050] pci 0000:00:00.0: [Firmware Bug]: reg 0x24: invalid BAR (can't size)
[    0.509598] pci 0000:00:0a.0: [8086:7110] type 00 class 0x060100
[    0.512535] pci 0000:00:0a.1: [8086:7111] type 00 class 0x010180
[    0.513171] pci 0000:00:0a.1: reg 0x20: [io  0x0000-0x000f]
[    0.513661] pci 0000:00:0a.1: legacy IDE quirk: reg 0x10: [io  0x01f0-0x01f7]
[    0.514130] pci 0000:00:0a.1: legacy IDE quirk: reg 0x14: [io  0x03f6]
[    0.514587] pci 0000:00:0a.1: legacy IDE quirk: reg 0x18: [io  0x0170-0x0177]
[    0.515197] pci 0000:00:0a.1: legacy IDE quirk: reg 0x1c: [io  0x0376]
[    0.517858] pci 0000:00:0a.2: [8086:7112] type 00 class 0x0c0300
[    0.518412] pci 0000:00:0a.2: reg 0x20: [io  0x0000-0x001f]
[    0.521111] pci 0000:00:0a.3: [8086:7113] type 00 class 0x068000
[    0.522167] pci 0000:00:0a.3: quirk: [io  0x1000-0x103f] claimed by PIIX4 ACPI
[    0.522704] pci 0000:00:0a.3: quirk: [io  0x1100-0x110f] claimed by PIIX4 SMB
[    0.525423] pci 0000:00:12.0: [1013:00b8] type 00 class 0x030000
[    0.525940] pci 0000:00:12.0: reg 0x10: [mem 0x00000000-0x01ffffff pref]
[    0.526409] pci 0000:00:12.0: reg 0x14: [mem 0x00000000-0x00000fff]
[    0.526942] pci 0000:00:12.0: reg 0x30: [mem 0x00000000-0x0000ffff pref]
[    0.529197] vgaarb: device added: PCI:0000:00:12.0,decodes=io+mem,owns=none,locks=none
[    0.530205] pci 0000:00:13.0: [8086:100e] type 00 class 0x020000
[    0.530702] pci 0000:00:13.0: reg 0x10: [mem 0x00000000-0x0001ffff]
[    0.531148] pci 0000:00:13.0: reg 0x14: [io  0x0000-0x003f]
[    0.531770] pci 0000:00:13.0: reg 0x30: [mem 0x00000000-0x0003ffff pref]
[    0.534226] pci 0000:00:14.0: [8086:100e] type 00 class 0x020000
[    0.534720] pci 0000:00:14.0: reg 0x10: [mem 0x00000000-0x0001ffff]
[    0.535182] pci 0000:00:14.0: reg 0x14: [io  0x0000-0x003f]
[    0.535801] pci 0000:00:14.0: reg 0x30: [mem 0x00000000-0x0003ffff pref]
[    0.538362] pci 0000:00:15.0: [8086:100e] type 00 class 0x020000
[    0.538859] pci 0000:00:15.0: reg 0x10: [mem 0x00000000-0x0001ffff]
[    0.539324] pci 0000:00:15.0: reg 0x14: [io  0x0000-0x003f]
[    0.539959] pci 0000:00:15.0: reg 0x30: [mem 0x00000000-0x0003ffff pref]
[    0.542450] pci 0000:00:16.0: [8086:100e] type 00 class 0x020000
[    0.542945] pci 0000:00:16.0: reg 0x10: [mem 0x00000000-0x0001ffff]
[    0.543413] pci 0000:00:16.0: reg 0x14: [io  0x0000-0x003f]
[    0.543944] pci 0000:00:16.0: reg 0x30: [mem 0x00000000-0x0003ffff pref]
[    0.546626] pci_bus 0000:00: busn_res: [bus 00-ff] end is updated to 00
[    0.547859] pci 0000:00:12.0: BAR 0: assigned [mem 0x10000000-0x11ffffff pref]
[    0.548610] pci 0000:00:13.0: BAR 6: assigned [mem 0x12000000-0x1203ffff pref]
[    0.549161] pci 0000:00:14.0: BAR 6: assigned [mem 0x12040000-0x1207ffff pref]
[    0.549685] pci 0000:00:15.0: BAR 6: assigned [mem 0x12080000-0x120bffff pref]
[    0.550213] pci 0000:00:16.0: BAR 6: assigned [mem 0x120c0000-0x120fffff pref]
[    0.550732] pci 0000:00:13.0: BAR 0: assigned [mem 0x12100000-0x1211ffff]
[    0.551242] pci 0000:00:14.0: BAR 0: assigned [mem 0x12120000-0x1213ffff]
[    0.551750] pci 0000:00:15.0: BAR 0: assigned [mem 0x12140000-0x1215ffff]
[    0.552259] pci 0000:00:16.0: BAR 0: assigned [mem 0x12160000-0x1217ffff]
[    0.552925] pci 0000:00:12.0: BAR 6: assigned [mem 0x12180000-0x1218ffff pref]
[    0.553449] pci 0000:00:12.0: BAR 1: assigned [mem 0x12190000-0x12190fff]
[    0.553963] pci 0000:00:13.0: BAR 1: assigned [io  0x1040-0x107f]
[    0.554418] pci 0000:00:14.0: BAR 1: assigned [io  0x1080-0x10bf]
[    0.554889] pci 0000:00:15.0: BAR 1: assigned [io  0x10c0-0x10ff]
[    0.555372] pci 0000:00:16.0: BAR 1: assigned [io  0x1400-0x143f]
[    0.555851] pci 0000:00:0a.2: BAR 4: assigned [io  0x1440-0x145f]
[    0.556324] pci 0000:00:0a.1: BAR 4: assigned [io  0x1460-0x146f]
[    0.570658] cfg80211: Calling CRDA to update world regulatory domain
[    0.581925] Switched to clocksource MIPS
[    0.675105] NET: Registered protocol family 2
[    0.685076] TCP established hash table entries: 2048 (order: 1, 8192 bytes)
[    0.686129] TCP bind hash table entries: 2048 (order: 1, 8192 bytes)
[    0.687014] TCP: Hash tables configured (established 2048 bind 2048)
[    0.687917] UDP hash table entries: 256 (order: 0, 4096 bytes)
[    0.688474] UDP-Lite hash table entries: 256 (order: 0, 4096 bytes)
[    0.691778] NET: Registered protocol family 1
[    0.693110] PCI: Enabling device 0000:00:0a.2 (0000 -> 0001)
[    0.694433] PCI: CLS 0 bytes, default 16
[    0.721001] futex hash table entries: 256 (order: -1, 3072 bytes)
[    0.734330] squashfs: version 4.0 (2009/01/31) Phillip Lougher
[    0.736357] jffs2: version 2.2. (NAND) Â© 2001-2006 Red Hat, Inc.
[    0.739450] romfs: ROMFS MTD (C) 2007 Red Hat, Inc.
[    0.759063] Block layer SCSI generic (bsg) driver version 0.4 loaded (major 251)
[    0.759606] io scheduler noop registered
[    0.760172] io scheduler cfq registered (default)
[    0.760977] firmadyne: devfs: 1, execute: 1, procfs: 1, syscall: 1
[    0.765663] firmadyne: Cannot register character device: gpio, 0xfc, 0x0!
[    0.772725] firmadyne: Cannot register character device: watchdog, 0xa, 0x82!
[    0.773145] firmadyne: Cannot register character device: wdt, 0xfd, 0x0!
[    2.193678] strName = 4.1.17+
[    2.193678] init_task_addr  = 2155778944
[    2.193678] init_task_size  = 1296
[    2.193678] ts_tasks        = 292
[    2.193678] ts_pid          = 408
[    2.193678] ts_tgid         = 412
[    2.193678] ts_group_leader = 440
[    2.193678] ts_thread_group = 496
[    2.193678] ts_real_parent  = 416
[    2.193678] ts_mm           = 300
[    2.193678] ts_stack        = 4
[    2.195973] module_name   = 12
[    2.195973] module_size   = 208
[    2.195973] module_init   = 200
[    2.195973] module_list   = 4
[    2.196739] ts_real_cred    = 624
[    2.196739] ts_cred         = 628
[    2.196739] ts_comm         = 632
[    2.196739] cred_uid        = 4
[    2.196739] cred_gid        = 8
[    2.196739] cred_euid       = 20
[    2.196739] cred_egid       = 24
[    2.198105] mm_mmap         = 0
[    2.198105] mm_pgd          = 32
[    2.198105] mm_arg_start    = 136
[    2.198105] mm_start_brk    = 124
[    2.198105] mm_brk          = 128
[    2.198105] mm_start_stack  = 132
[    2.199204] vma_vm_start    = 0
[    2.199204] vma_vm_end      = 4
[    2.199204] vma_vm_next     = 8
[    2.199204] vma_vm_file     = 80
[    2.199204] vma_vm_flags    = 40
[    2.199204] vma_vm_pgoff    = 76
[    2.200286] file_dentry     = 12
[    2.200286] file_inode      = 40
[    2.200286] dentry_d_name   = 24
[    2.200286] dentry_d_iname  = 44
[    2.200286] dentry_d_parent = 16
[    2.200286] ti_task         = 0
[    2.200286] inode_ino   = 28
[    3.095087] proc_fork_connector  = 2151078840
[    3.095455] proc_exit_connector  = 2151080432
[    3.095779] proc_exec_connector  = 2151079052
[    3.096086] vma_link  = 2149124372
[    3.096352] vma_adjust  = 2149124540
[    3.096642] remove_vma  = 2149122188
[    3.096914] modules  = 2155833724
[    3.097180] trim_init_extable  = 2150545316
[    3.100562] PCI: Enabling device 0000:00:12.0 (0000 -> 0002)
[    3.101816] cirrusfb 0000:00:12.0: Cirrus Logic chipset on PCI bus, RAM (4096 kB) at 0x10000000
[    3.341287] Console: switching to colour frame buffer device 80x30
[    3.400992] Serial: 8250/16550 driver, 4 ports, IRQ sharing enabled
[    3.412864] console [ttyS0] disabled
[    3.439109] serial8250.0: ttyS0 at I/O 0x3f8 (irq = 4, base_baud = 115200) is a 16550A
[    3.440244] console [ttyS0] enabled
[    3.440244] console [ttyS0] enabled
[    3.440760] bootconsole [uart0] disabled
[    3.440760] bootconsole [uart0] disabled
[    3.469744] serial8250.0: ttyS1 at I/O 0x2f8 (irq = 3, base_baud = 115200) is a 16550A
[    3.573209] brd: module loaded
[    3.627136] loop: module loaded
[    3.632652] ata_piix 0000:00:0a.1: version 2.13
[    3.633137] PCI: Enabling device 0000:00:0a.1 (0000 -> 0001)
[    3.656634] scsi host0: ata_piix
[    3.661580] scsi host1: ata_piix
[    3.664855] ata1: PATA max UDMA/33 cmd 0x1f0 ctl 0x3f6 bmdma 0x1460 irq 14
[    3.665306] ata2: PATA max UDMA/33 cmd 0x170 ctl 0x376 bmdma 0x1468 irq 15
[    3.671093] [nandsim] warning: read_byte: unexpected data output cycle, state is STATE_READY return 0x0
[    3.671613] [nandsim] warning: read_byte: unexpected data output cycle, state is STATE_READY return 0x0
[    3.672285] [nandsim] warning: read_byte: unexpected data output cycle, state is STATE_READY return 0x0
[    3.672787] [nandsim] warning: read_byte: unexpected data output cycle, state is STATE_READY return 0x0
[    3.673281] [nandsim] warning: read_byte: unexpected data output cycle, state is STATE_READY return 0x0
[    3.673782] [nandsim] warning: read_byte: unexpected data output cycle, state is STATE_READY return 0x0
[    3.674545] nand: device found, Manufacturer ID: 0x98, Chip ID: 0x39
[    3.674935] nand: Toshiba NAND 128MiB 1,8V 8-bit
[    3.675281] nand: 128 MiB, SLC, erase size: 16 KiB, page size: 512, OOB size: 16
[    3.676727] flash size: 128 MiB
[    3.676949] page size: 512 bytes
[    3.677168] OOB area size: 16 bytes
[    3.677395] sector size: 16 KiB
[    3.677610] pages number: 262144
[    3.677954] pages per sector: 32
[    3.678170] bus width: 8
[    3.678364] bits in sector size: 14
[    3.678592] bits in page size: 9
[    3.678814] bits in OOB size: 4
[    3.679032] flash size with OOB: 135168 KiB
[    3.679283] page address bytes: 4
[    3.679503] sector address bytes: 3
[    3.679730] options: 0x42
[    3.750344] Scanning device for bad blocks
[    4.747545] cfg80211: Calling CRDA to update world regulatory domain
[    4.751979] ata2.01: NODEV after polling detection
[    4.752612] ata1.01: NODEV after polling detection
[    4.754231] ata2.00: ATAPI: QEMU DVD-ROM, 2.5+, max UDMA/100
[    4.756003] ata1.00: ATA-7: QEMU HARDDISK, 2.5+, max UDMA/100
[    4.756405] ata1.00: 2097152 sectors, multi 16: LBA48 
[    4.758419] ata2.00: configured for UDMA/33
[    4.763894] ata1.00: configured for UDMA/33
[    4.771427] scsi 0:0:0:0: Direct-Access     ATA      QEMU HARDDISK    2.5+ PQ: 0 ANSI: 5
[    4.785122] sd 0:0:0:0: [sda] 2097152 512-byte logical blocks: (1.07 GB/1.00 GiB)
[    4.786574] scsi 1:0:0:0: CD-ROM            QEMU     QEMU DVD-ROM     2.5+ PQ: 0 ANSI: 5
[    4.797529] sd 0:0:0:0: [sda] Write Protect is off
[    4.798116] sd 0:0:0:0: [sda] Mode Sense: 00 3a 00 00
[    4.799419] sd 0:0:0:0: [sda] Write cache: enabled, read cache: enabled, doesn't support DPO or FUA
[    4.809539] Creating 11 MTD partitions on "NAND 128MiB 1,8V 8-bit":
[    4.810266] 0x000000000000-0x000000100000 : "NAND simulator partition 0"
[    4.819746] 0x000000100000-0x000000200000 : "NAND simulator partition 1"
[    4.828990] 0x000000200000-0x000000300000 : "NAND simulator partition 2"
[    4.838327] 0x000000300000-0x000000400000 : "NAND simulator partition 3"
[    4.847634] 0x000000400000-0x000000500000 : "NAND simulator partition 4"
[    4.856870] 0x000000500000-0x000000600000 : "NAND simulator partition 5"
[    4.866663] 0x000000600000-0x000000700000 : "NAND simulator partition 6"
[    4.876377] 0x000000700000-0x000000800000 : "NAND simulator partition 7"
[    4.886151] 0x000000800000-0x000000900000 : "NAND simulator partition 8"
[    4.895208] 0x000000900000-0x000000a00000 : "NAND simulator partition 9"
[    4.904195] 0x000000a00000-0x000008000000 : "NAND simulator partition 10"
[    4.942971] tun: Universal TUN/TAP device driver, 1.6
[    4.943296] tun: (C) 1999-2004 Max Krasnyansky <maxk@qualcomm.com>
[    4.948777] pcnet32: pcnet32.c:v1.35 21.Apr.2008 tsbogend@alpha.franken.de
[    4.950787] e1000: Intel(R) PRO/1000 Network Driver - version 7.3.21-k8-NAPI
[    4.951171] e1000: Copyright (c) 1999-2006 Intel Corporation.
[    4.951962] PCI: Enabling device 0000:00:13.0 (0000 -> 0003)
[    4.953999]  sda: sda1
[    4.964952] sd 0:0:0:0: [sda] Attached SCSI disk
[    5.242339] e1000 0000:00:13.0 eth0: (PCI:33MHz:32-bit) 52:54:00:12:34:56
[    5.242927] e1000 0000:00:13.0 eth0: Intel(R) PRO/1000 Network Connection
[    5.243511] PCI: Enabling device 0000:00:14.0 (0000 -> 0003)
[    5.529641] e1000 0000:00:14.0 eth1: (PCI:33MHz:32-bit) 52:54:00:12:34:57
[    5.530247] e1000 0000:00:14.0 eth1: Intel(R) PRO/1000 Network Connection
[    5.530872] PCI: Enabling device 0000:00:15.0 (0000 -> 0003)
[    5.818740] e1000 0000:00:15.0 eth2: (PCI:33MHz:32-bit) 52:54:00:12:34:58
[    5.819217] e1000 0000:00:15.0 eth2: Intel(R) PRO/1000 Network Connection
[    5.819791] PCI: Enabling device 0000:00:16.0 (0000 -> 0003)
[    6.125091] e1000 0000:00:16.0 eth3: (PCI:33MHz:32-bit) 52:54:00:12:34:59
[    6.125553] e1000 0000:00:16.0 eth3: Intel(R) PRO/1000 Network Connection
[    6.126809] e1000e: Intel(R) PRO/1000 Network Driver - 2.3.2-k
[    6.127105] e1000e: Copyright(c) 1999 - 2014 Intel Corporation.
[    6.130896] PPP generic driver version 2.4.2
[    6.132723] PPP Deflate Compression module registered
[    6.133286] PPP MPPE Compression module registered
[    6.133644] NET: Registered protocol family 24
[    6.134436] ehci_hcd: USB 2.0 'Enhanced' Host Controller (EHCI) Driver
[    6.134879] ehci-pci: EHCI PCI platform driver
[    6.135871] ohci_hcd: USB 1.1 'Open' Host Controller (OHCI) Driver
[    6.136295] ohci-pci: OHCI PCI platform driver
[    6.137258] uhci_hcd: USB Universal Host Controller Interface driver
[    6.138783] uhci_hcd 0000:00:0a.2: UHCI Host Controller
[    6.139461] uhci_hcd 0000:00:0a.2: new USB bus registered, assigned bus number 1
[    6.140381] uhci_hcd 0000:00:0a.2: irq 11, io base 0x00001440
[    6.150604] hub 1-0:1.0: USB hub found
[    6.151308] hub 1-0:1.0: 2 ports detected
[    6.159698] usbcore: registered new interface driver usb-storage
[    6.163591] mousedev: PS/2 mouse device common for all mice
[    6.169422] rtc_cmos rtc_cmos: rtc core: registered rtc_cmos as rtc0
[    6.170223] rtc_cmos rtc_cmos: alarms up to one day, 242 bytes nvram
[    6.171555] i2c /dev entries driver
[    6.172723] piix4_smbus 0000:00:0a.3: SMBus Host Controller at 0x1100, revision 0
[    6.177029] sdhci: Secure Digital Host Controller Interface driver
[    6.177369] sdhci: Copyright(c) Pierre Ossman
[    6.179609] hidraw: raw HID events driver (C) Jiri Kosina
[    6.196815] usbcore: registered new interface driver usbhid
[    6.197158] usbhid: USB HID core driver
[    6.198266] Netfilter messages via NETLINK v0.30.
[    6.199485] nf_conntrack version 0.5.0 (3923 buckets, 15692 max)
[    6.202580] ctnetlink v0.93: registering with nfnetlink.
[    6.207729] ipip: IPv4 over IPv4 tunneling driver
[    6.219184] ip_tables: (C) 2000-2006 Netfilter Core Team
[    6.221874] arp_tables: (C) 2002 David S. Miller
[    6.223585] Initializing XFRM netlink socket
[    6.224648] NET: Registered protocol family 10
[    6.242778] ip6_tables: (C) 2000-2006 Netfilter Core Team
[    6.246280] sit: IPv6 over IPv4 tunneling driver
[    6.262546] NET: Registered protocol family 17
[    6.263423] bridge: automatic filtering via arp/ip/ip6tables has been deprecated. Update your scripts to load br_netfilter if you need this.
[    6.264452] Bridge firewalling registered
[    6.264840] Ebtables v2.0 registered
[    6.268889] 8021q: 802.1Q VLAN Support v1.8
[    6.289031] rtc_cmos rtc_cmos: setting system clock to 2025-07-23 21:59:56 UTC (1753307996)
[    6.310267] EXT2-fs (sda1): warning: mounting unchecked fs, running e2fsck is recommended
[    6.312322] VFS: Mounted root (ext2 filesystem) on device 8:1.
[    6.321058] Freeing YAMON memory: 956k freed
[    6.331514] Freeing unused kernel memory: 260K (8081f000 - 80860000)
[    6.359423] firmadyne: sys_reboot[PID: 1 (init)]: magic1:fee1dead, magic2:28121969, cmd:0
init started: BusyBox v1.14.1 (2024-07-07 02:43:58 CEST)
starting pid 48, tty '': '/etc/init.d/rcS'
[    6.438137] firmadyne: do_execve: /firmadyne/console
[    6.438686] OFFSETS: offset of pid: 0x198 offset of comm: 0x278
[/etc/init.d/S03config.sh]
[    6.534078] spurious 8259A interrupt: IRQ7.
Mounting proc and var ...
[    7.890125] cfg80211: Calling CRDA to update world regulatory domain
SymbLink /dev/mtdblock/0
SymbLink /dev/mtdblock/1
SymbLink /dev/mtdblock/10
SymbLink /dev/mtdblock/2
SymbLink /dev/mtdblock/3
SymbLink /dev/mtdblock/4
SymbLink /dev/mtdblock/5
SymbLink /dev/mtdblock/6
SymbLink /dev/mtdblock/7
SymbLink /dev/mtdblock/8
SymbLink /dev/mtdblock/9
Inserting kernel modules ...
Inserting Rebootm ...
Inserting atheros ethernet ...
[   11.034253] cfg80211: Calling CRDA to update world regulatory domain
Inserting gpio ...
done.
Start xmldb ...
[   11.471048] firmadyne: sys_socket[PID: 147 (xmldb)]: family:1, type:2, protocol:0
[/etc/scripts/misc/profile.sh] get ...
DEVCONF: unable to read config data (ret=-3) !
CAN NOT get devive config, generate default!
[/etc/scripts/misc/profile.sh] reset ...
[   12.841225] firmadyne: sys_socket[PID: 159 (rgdb)]: family:1, type:2, protocol:0
[   12.984835] random: nonblocking pool is initialized
[/etc/scripts/misc/defnodes.sh] ...
[/etc/defnodes/S10setext.sh] ...
[   13.150393] firmadyne: sys_socket[PID: 165 (xmldbc)]: family:1, type:2, protocol:0
[   13.197445] firmadyne: sys_socket[PID: 166 (xmldbc)]: family:1, type:2, protocol:0
[   13.242534] firmadyne: sys_socket[PID: 167 (xmldbc)]: family:1, type:2, protocol:0
[   13.288113] firmadyne: sys_socket[PID: 168 (xmldbc)]: family:1, type:2, protocol:0
[   13.335144] firmadyne: sys_socket[PID: 169 (xmldbc)]: family:1, type:2, protocol:0
[   13.379918] firmadyne: sys_socket[PID: 170 (xmldbc)]: family:1, type:2, protocol:0
[   13.424593] firmadyne: sys_socket[PID: 171 (xmldbc)]: family:1, type:2, protocol:0
[   13.471759] firmadyne: sys_socket[PID: 172 (xmldbc)]: family:1, type:2, protocol:0
[   13.518967] firmadyne: sys_socket[PID: 173 (xmldbc)]: family:1, type:2, protocol:0
[   13.563969] firmadyne: sys_socket[PID: 174 (xmldbc)]: family:1, type:2, protocol:0
[   13.608593] firmadyne: sys_socket[PID: 175 (xmldbc)]: family:1, type:2, protocol:0
[   13.653128] firmadyne: sys_socket[PID: 176 (xmldbc)]: family:1, type:2, protocol:0
[   13.697668] firmadyne: sys_socket[PID: 177 (xmldbc)]: family:1, type:2, protocol:0
[   13.743813] firmadyne: sys_socket[PID: 178 (xmldbc)]: family:1, type:2, protocol:0
[   13.789358] firmadyne: sys_socket[PID: 179 (xmldbc)]: family:1, type:2, protocol:0
[   13.835301] firmadyne: sys_socket[PID: 180 (xmldbc)]: family:1, type:2, protocol:0
[   13.880288] firmadyne: sys_socket[PID: 181 (xmldbc)]: family:1, type:2, protocol:0
[   13.926113] firmadyne: sys_socket[PID: 182 (xmldbc)]: family:1, type:2, protocol:0
[   13.970988] firmadyne: sys_socket[PID: 183 (xmldbc)]: family:1, type:2, protocol:0
[   14.016061] firmadyne: sys_socket[PID: 184 (xmldbc)]: family:1, type:2, protocol:0
[   14.061355] firmadyne: sys_socket[PID: 185 (xmldbc)]: family:1, type:2, protocol:0
[   14.107403] firmadyne: sys_socket[PID: 186 (rgdb)]: family:1, type:2, protocol:0
[   14.152311] firmadyne: sys_socket[PID: 187 (rgdb)]: family:1, type:2, protocol:0
[   14.178317] cfg80211: Calling CRDA to update world regulatory domain
[   14.208304] firmadyne: sys_socket[PID: 188 (rgdb)]: family:1, type:2, protocol:0
[   14.253400] firmadyne: sys_socket[PID: 190 (rgdb)]: family:1, type:2, protocol:0
[   14.298234] firmadyne: sys_socket[PID: 191 (rgdb)]: family:1, type:2, protocol:0
[   14.343732] firmadyne: sys_socket[PID: 192 (rgdb)]: family:1, type:2, protocol:0
[   14.388213] firmadyne: sys_socket[PID: 193 (rgdb)]: family:1, type:2, protocol:0
[   14.433271] firmadyne: sys_socket[PID: 194 (rgdb)]: family:1, type:2, protocol:0
[   14.477695] firmadyne: sys_socket[PID: 195 (rgdb)]: family:1, type:2, protocol:0
[   14.523320] firmadyne: sys_socket[PID: 196 (rgdb)]: family:1, type:2, protocol:0
[   14.567863] firmadyne: sys_socket[PID: 197 (rgdb)]: family:1, type:2, protocol:0
[   14.615235] firmadyne: sys_socket[PID: 198 (rgdb)]: family:1, type:2, protocol:0
[   14.659295] firmadyne: sys_socket[PID: 199 (rgdb)]: family:1, type:2, protocol:0
[   14.703399] firmadyne: sys_socket[PID: 200 (rgdb)]: family:1, type:2, protocol:0
[   14.803669] firmadyne: sys_socket[PID: 202 (xmldbc)]: family:1, type:2, protocol:0
[   14.848478] firmadyne: sys_socket[PID: 203 (xmldbc)]: family:1, type:2, protocol:0
[   14.894433] firmadyne: sys_socket[PID: 204 (xmldbc)]: family:1, type:2, protocol:0
[   14.940813] firmadyne: sys_socket[PID: 205 (xmldbc)]: family:1, type:2, protocol:0
[   14.986118] firmadyne: sys_socket[PID: 206 (xmldbc)]: family:1, type:2, protocol:0
[   15.031478] firmadyne: sys_socket[PID: 207 (xmldbc)]: family:1, type:2, protocol:0
[   15.076849] firmadyne: sys_socket[PID: 208 (xmldbc)]: family:1, type:2, protocol:0
[   15.123375] firmadyne: sys_socket[PID: 209 (xmldbc)]: family:1, type:2, protocol:0
[   15.168145] firmadyne: sys_socket[PID: 210 (xmldbc)]: family:1, type:2, protocol:0
[   15.213014] firmadyne: sys_socket[PID: 211 (xmldbc)]: family:1, type:2, protocol:0
[   15.257724] firmadyne: sys_socket[PID: 212 (xmldbc)]: family:1, type:2, protocol:0
[   15.302580] firmadyne: sys_socket[PID: 213 (xmldbc)]: family:1, type:2, protocol:0
[   15.348961] firmadyne: sys_socket[PID: 214 (xmldbc)]: family:1, type:2, protocol:0
[   15.394504] firmadyne: sys_socket[PID: 215 (xmldbc)]: family:1, type:2, protocol:0
[   15.439203] firmadyne: sys_socket[PID: 216 (xmldbc)]: family:1, type:2, protocol:0
[   15.484539] firmadyne: sys_socket[PID: 217 (xmldbc)]: family:1, type:2, protocol:0
[   15.530951] firmadyne: sys_socket[PID: 218 (xmldbc)]: family:1, type:2, protocol:0
[   15.576472] firmadyne: sys_socket[PID: 219 (xmldbc)]: family:1, type:2, protocol:0
[   15.739634] firmadyne: sys_socket[PID: 224 (xmldbc)]: family:1, type:2, protocol:0
[   15.784574] firmadyne: sys_socket[PID: 225 (xmldbc)]: family:1, type:2, protocol:0
[   15.830084] firmadyne: sys_socket[PID: 226 (xmldbc)]: family:1, type:2, protocol:0
[   15.876326] firmadyne: sys_socket[PID: 227 (xmldbc)]: family:1, type:2, protocol:0
[   15.922222] firmadyne: sys_socket[PID: 228 (xmldbc)]: family:1, type:2, protocol:0
[   15.966670] firmadyne: sys_socket[PID: 229 (xmldbc)]: family:1, type:2, protocol:0
[   16.010763] firmadyne: sys_socket[PID: 230 (xmldbc)]: family:1, type:2, protocol:0
[   16.055357] firmadyne: sys_socket[PID: 231 (xmldbc)]: family:1, type:2, protocol:0
[   16.099387] firmadyne: sys_socket[PID: 232 (xmldbc)]: family:1, type:2, protocol:0
[   16.144649] firmadyne: sys_socket[PID: 233 (xmldbc)]: family:1, type:2, protocol:0
[   16.188755] firmadyne: sys_socket[PID: 234 (xmldbc)]: family:1, type:2, protocol:0
[   16.233038] firmadyne: sys_socket[PID: 235 (xmldbc)]: family:1, type:2, protocol:0
[   16.277306] firmadyne: sys_socket[PID: 236 (xmldbc)]: family:1, type:2, protocol:0
[   16.322812] firmadyne: sys_socket[PID: 237 (xmldbc)]: family:1, type:2, protocol:0
[   16.367070] firmadyne: sys_socket[PID: 238 (xmldbc)]: family:1, type:2, protocol:0
[   16.411333] firmadyne: sys_socket[PID: 239 (xmldbc)]: family:1, type:2, protocol:0
[   16.455171] firmadyne: sys_socket[PID: 240 (xmldbc)]: family:1, type:2, protocol:0
[   16.499768] firmadyne: sys_socket[PID: 241 (xmldbc)]: family:1, type:2, protocol:0
[   16.545061] firmadyne: sys_socket[PID: 242 (xmldbc)]: family:1, type:2, protocol:0
[   16.648849] firmadyne: sys_socket[PID: 246 (xmldbc)]: family:1, type:2, protocol:0
[   16.692648] firmadyne: sys_socket[PID: 247 (xmldbc)]: family:1, type:2, protocol:0
[   16.737865] firmadyne: sys_socket[PID: 248 (xmldbc)]: family:1, type:2, protocol:0
[   16.782269] firmadyne: sys_socket[PID: 249 (xmldbc)]: family:1, type:2, protocol:0
[   16.826253] firmadyne: sys_socket[PID: 250 (xmldbc)]: family:1, type:2, protocol:0
[   16.869658] firmadyne: sys_socket[PID: 251 (xmldbc)]: family:1, type:2, protocol:0
[   16.914892] firmadyne: sys_socket[PID: 252 (xmldbc)]: family:1, type:2, protocol:0
[   16.959375] firmadyne: sys_socket[PID: 253 (xmldbc)]: family:1, type:2, protocol:0
[   17.003548] firmadyne: sys_socket[PID: 254 (xmldbc)]: family:1, type:2, protocol:0
[   17.047797] firmadyne: sys_socket[PID: 255 (xmldbc)]: family:1, type:2, protocol:0
[   17.092286] firmadyne: sys_socket[PID: 256 (xmldbc)]: family:1, type:2, protocol:0
[   17.137714] firmadyne: sys_socket[PID: 257 (xmldbc)]: family:1, type:2, protocol:0
[   17.181745] firmadyne: sys_socket[PID: 258 (xmldbc)]: family:1, type:2, protocol:0
[   17.225564] firmadyne: sys_socket[PID: 259 (xmldbc)]: family:1, type:2, protocol:0
[   17.269519] firmadyne: sys_socket[PID: 260 (xmldbc)]: family:1, type:2, protocol:0
[   17.314770] firmadyne: sys_socket[PID: 261 (xmldbc)]: family:1, type:2, protocol:0
[   17.322248] cfg80211: Calling CRDA to update world regulatory domain
[   17.369485] firmadyne: sys_socket[PID: 263 (xmldbc)]: family:1, type:2, protocol:0
[   17.413359] firmadyne: sys_socket[PID: 264 (xmldbc)]: family:1, type:2, protocol:0
[   17.457803] firmadyne: sys_socket[PID: 265 (xmldbc)]: family:1, type:2, protocol:0
[   17.563587] firmadyne: sys_socket[PID: 269 (xmldbc)]: family:1, type:2, protocol:0
[   17.608132] firmadyne: sys_socket[PID: 270 (xmldbc)]: family:1, type:2, protocol:0
[   17.651713] firmadyne: sys_socket[PID: 271 (xmldbc)]: family:1, type:2, protocol:0
[   17.695661] firmadyne: sys_socket[PID: 272 (xmldbc)]: family:1, type:2, protocol:0
[   17.740707] firmadyne: sys_socket[PID: 273 (xmldbc)]: family:1, type:2, protocol:0
[   17.784729] firmadyne: sys_socket[PID: 274 (xmldbc)]: family:1, type:2, protocol:0
[   17.828830] firmadyne: sys_socket[PID: 275 (xmldbc)]: family:1, type:2, protocol:0
[   17.873714] firmadyne: sys_socket[PID: 276 (xmldbc)]: family:1, type:2, protocol:0
[   17.919756] firmadyne: sys_socket[PID: 277 (xmldbc)]: family:1, type:2, protocol:0
[   17.964232] firmadyne: sys_socket[PID: 278 (xmldbc)]: family:1, type:2, protocol:0
[   18.008225] firmadyne: sys_socket[PID: 279 (xmldbc)]: family:1, type:2, protocol:0
[   18.052395] firmadyne: sys_socket[PID: 280 (xmldbc)]: family:1, type:2, protocol:0
[   18.096893] firmadyne: sys_socket[PID: 281 (xmldbc)]: family:1, type:2, protocol:0
[   18.142210] firmadyne: sys_socket[PID: 282 (xmldbc)]: family:1, type:2, protocol:0
[   18.186758] firmadyne: sys_socket[PID: 283 (xmldbc)]: family:1, type:2, protocol:0
[   18.231093] firmadyne: sys_socket[PID: 284 (xmldbc)]: family:1, type:2, protocol:0
[   18.275641] firmadyne: sys_socket[PID: 285 (xmldbc)]: family:1, type:2, protocol:0
[   18.321002] firmadyne: sys_socket[PID: 286 (xmldbc)]: family:1, type:2, protocol:0
[   18.364973] firmadyne: sys_socket[PID: 287 (xmldbc)]: family:1, type:2, protocol:0
[   18.468662] firmadyne: sys_socket[PID: 291 (xmldbc)]: family:1, type:2, protocol:0
[   18.513620] firmadyne: sys_socket[PID: 292 (xmldbc)]: family:1, type:2, protocol:0
[   18.557655] firmadyne: sys_socket[PID: 293 (xmldbc)]: family:1, type:2, protocol:0
[   18.607184] firmadyne: sys_socket[PID: 294 (xmldbc)]: family:1, type:2, protocol:0
[   18.651068] firmadyne: sys_socket[PID: 295 (xmldbc)]: family:1, type:2, protocol:0
[   18.695926] firmadyne: sys_socket[PID: 296 (xmldbc)]: family:1, type:2, protocol:0
[   18.740949] firmadyne: sys_socket[PID: 297 (xmldbc)]: family:1, type:2, protocol:0
[   18.785210] firmadyne: sys_socket[PID: 298 (xmldbc)]: family:1, type:2, protocol:0
[   18.829030] firmadyne: sys_socket[PID: 299 (xmldbc)]: family:1, type:2, protocol:0
[   18.872847] firmadyne: sys_socket[PID: 300 (xmldbc)]: family:1, type:2, protocol:0
[   18.917518] firmadyne: sys_socket[PID: 301 (xmldbc)]: family:1, type:2, protocol:0
[   18.962312] firmadyne: sys_socket[PID: 302 (xmldbc)]: family:1, type:2, protocol:0
[   19.006584] firmadyne: sys_socket[PID: 303 (xmldbc)]: family:1, type:2, protocol:0
[   19.051253] firmadyne: sys_socket[PID: 304 (xmldbc)]: family:1, type:2, protocol:0
[   19.095966] firmadyne: sys_socket[PID: 305 (xmldbc)]: family:1, type:2, protocol:0
[   19.141876] firmadyne: sys_socket[PID: 306 (xmldbc)]: family:1, type:2, protocol:0
[   19.185454] firmadyne: sys_socket[PID: 307 (xmldbc)]: family:1, type:2, protocol:0
[   19.229422] firmadyne: sys_socket[PID: 308 (xmldbc)]: family:1, type:2, protocol:0
[   19.273396] firmadyne: sys_socket[PID: 309 (xmldbc)]: family:1, type:2, protocol:0
[   19.378575] firmadyne: sys_socket[PID: 313 (xmldbc)]: family:1, type:2, protocol:0
[   19.423438] firmadyne: sys_socket[PID: 314 (xmldbc)]: family:1, type:2, protocol:0
[   19.468013] firmadyne: sys_socket[PID: 315 (xmldbc)]: family:1, type:2, protocol:0
[   19.513260] firmadyne: sys_socket[PID: 316 (xmldbc)]: family:1, type:2, protocol:0
[   19.557475] firmadyne: sys_socket[PID: 317 (xmldbc)]: family:1, type:2, protocol:0
[   19.602123] firmadyne: sys_socket[PID: 318 (xmldbc)]: family:1, type:2, protocol:0
[   19.646248] firmadyne: sys_socket[PID: 319 (xmldbc)]: family:1, type:2, protocol:0
[   19.690585] firmadyne: sys_socket[PID: 320 (xmldbc)]: family:1, type:2, protocol:0
[   19.732183] firmadyne: sys_socket[PID: 321 (xmldbc)]: family:1, type:2, protocol:0
[   19.775969] firmadyne: sys_socket[PID: 322 (xmldbc)]: family:1, type:2, protocol:0
[   19.820104] firmadyne: sys_socket[PID: 323 (xmldbc)]: family:1, type:2, protocol:0
[   19.865245] firmadyne: sys_socket[PID: 324 (xmldbc)]: family:1, type:2, protocol:0
[   19.910388] firmadyne: sys_socket[PID: 325 (xmldbc)]: family:1, type:2, protocol:0
[   19.954860] firmadyne: sys_socket[PID: 326 (xmldbc)]: family:1, type:2, protocol:0
[   19.999667] firmadyne: sys_socket[PID: 327 (xmldbc)]: family:1, type:2, protocol:0
[   20.044460] firmadyne: sys_socket[PID: 328 (xmldbc)]: family:1, type:2, protocol:0
[   20.088777] firmadyne: sys_socket[PID: 329 (xmldbc)]: family:1, type:2, protocol:0
[   20.134400] firmadyne: sys_socket[PID: 330 (xmldbc)]: family:1, type:2, protocol:0
[   20.179087] firmadyne: sys_socket[PID: 331 (xmldbc)]: family:1, type:2, protocol:0
[   20.284029] firmadyne: sys_socket[PID: 335 (xmldbc)]: family:1, type:2, protocol:0
[   20.329435] firmadyne: sys_socket[PID: 336 (xmldbc)]: family:1, type:2, protocol:0
[   20.373648] firmadyne: sys_socket[PID: 337 (xmldbc)]: family:1, type:2, protocol:0
[   20.417288] firmadyne: sys_socket[PID: 338 (xmldbc)]: family:1, type:2, protocol:0
[   20.461329] firmadyne: sys_socket[PID: 339 (xmldbc)]: family:1, type:2, protocol:0
[   20.466202] cfg80211: Calling CRDA to update world regulatory domain
[   20.517522] firmadyne: sys_socket[PID: 341 (xmldbc)]: family:1, type:2, protocol:0
[   20.562038] firmadyne: sys_socket[PID: 342 (xmldbc)]: family:1, type:2, protocol:0
[   20.607194] firmadyne: sys_socket[PID: 343 (xmldbc)]: family:1, type:2, protocol:0
[   20.651736] firmadyne: sys_socket[PID: 344 (xmldbc)]: family:1, type:2, protocol:0
[   20.696180] firmadyne: sys_socket[PID: 345 (xmldbc)]: family:1, type:2, protocol:0
[   20.741328] firmadyne: sys_socket[PID: 346 (xmldbc)]: family:1, type:2, protocol:0
[   20.785570] firmadyne: sys_socket[PID: 347 (xmldbc)]: family:1, type:2, protocol:0
[   20.829756] firmadyne: sys_socket[PID: 348 (xmldbc)]: family:1, type:2, protocol:0
[   20.873716] firmadyne: sys_socket[PID: 349 (xmldbc)]: family:1, type:2, protocol:0
[   20.919733] firmadyne: sys_socket[PID: 350 (xmldbc)]: family:1, type:2, protocol:0
[   20.963651] firmadyne: sys_socket[PID: 351 (xmldbc)]: family:1, type:2, protocol:0
[   21.007795] firmadyne: sys_socket[PID: 352 (xmldbc)]: family:1, type:2, protocol:0
[   21.052200] firmadyne: sys_socket[PID: 353 (xmldbc)]: family:1, type:2, protocol:0
[   21.096751] firmadyne: sys_socket[PID: 354 (xmldbc)]: family:1, type:2, protocol:0
[   21.199258] firmadyne: sys_socket[PID: 358 (xmldbc)]: family:1, type:2, protocol:0
[   21.243452] firmadyne: sys_socket[PID: 359 (xmldbc)]: family:1, type:2, protocol:0
[   21.287384] firmadyne: sys_socket[PID: 360 (xmldbc)]: family:1, type:2, protocol:0
[   21.332417] firmadyne: sys_socket[PID: 361 (xmldbc)]: family:1, type:2, protocol:0
[   21.376434] firmadyne: sys_socket[PID: 362 (xmldbc)]: family:1, type:2, protocol:0
[   21.420647] firmadyne: sys_socket[PID: 363 (xmldbc)]: family:1, type:2, protocol:0
[   21.465039] firmadyne: sys_socket[PID: 364 (xmldbc)]: family:1, type:2, protocol:0
[   21.510926] firmadyne: sys_socket[PID: 365 (xmldbc)]: family:1, type:2, protocol:0
[   21.556153] firmadyne: sys_socket[PID: 366 (xmldbc)]: family:1, type:2, protocol:0
[   21.601719] firmadyne: sys_socket[PID: 367 (xmldbc)]: family:1, type:2, protocol:0
[   21.646472] firmadyne: sys_socket[PID: 368 (xmldbc)]: family:1, type:2, protocol:0
[   21.694631] firmadyne: sys_socket[PID: 369 (xmldbc)]: family:1, type:2, protocol:0
[   21.741169] firmadyne: sys_socket[PID: 370 (xmldbc)]: family:1, type:2, protocol:0
[   21.785494] firmadyne: sys_socket[PID: 371 (xmldbc)]: family:1, type:2, protocol:0
[   21.829577] firmadyne: sys_socket[PID: 372 (xmldbc)]: family:1, type:2, protocol:0
[   21.874257] firmadyne: sys_socket[PID: 373 (xmldbc)]: family:1, type:2, protocol:0
[   21.915580] firmadyne: sys_socket[PID: 374 (xmldbc)]: family:1, type:2, protocol:0
[   21.959389] firmadyne: sys_socket[PID: 375 (xmldbc)]: family:1, type:2, protocol:0
[   22.003658] firmadyne: sys_socket[PID: 376 (xmldbc)]: family:1, type:2, protocol:0
[   22.108289] firmadyne: sys_socket[PID: 380 (xmldbc)]: family:1, type:2, protocol:0
[   22.152353] firmadyne: sys_socket[PID: 381 (xmldbc)]: family:1, type:2, protocol:0
[   22.196942] firmadyne: sys_socket[PID: 382 (xmldbc)]: family:1, type:2, protocol:0
[   22.241257] firmadyne: sys_socket[PID: 383 (xmldbc)]: family:1, type:2, protocol:0
[   22.285395] firmadyne: sys_socket[PID: 384 (xmldbc)]: family:1, type:2, protocol:0
[   22.331202] firmadyne: sys_socket[PID: 385 (xmldbc)]: family:1, type:2, protocol:0
[   22.375186] firmadyne: sys_socket[PID: 386 (xmldbc)]: family:1, type:2, protocol:0
[   22.419062] firmadyne: sys_socket[PID: 387 (xmldbc)]: family:1, type:2, protocol:0
[   22.463147] firmadyne: sys_socket[PID: 388 (xmldbc)]: family:1, type:2, protocol:0
[   22.508308] firmadyne: sys_socket[PID: 389 (xmldbc)]: family:1, type:2, protocol:0
[   22.552262] firmadyne: sys_socket[PID: 390 (xmldbc)]: family:1, type:2, protocol:0
[   22.596777] firmadyne: sys_socket[PID: 391 (xmldbc)]: family:1, type:2, protocol:0
[   22.641422] firmadyne: sys_socket[PID: 392 (xmldbc)]: family:1, type:2, protocol:0
[   22.685725] firmadyne: sys_socket[PID: 393 (xmldbc)]: family:1, type:2, protocol:0
[   22.731838] firmadyne: sys_socket[PID: 394 (xmldbc)]: family:1, type:2, protocol:0
[   22.776141] firmadyne: sys_socket[PID: 395 (xmldbc)]: family:1, type:2, protocol:0
[   22.820617] firmadyne: sys_socket[PID: 396 (xmldbc)]: family:1, type:2, protocol:0
[   22.864819] firmadyne: sys_socket[PID: 397 (xmldbc)]: family:1, type:2, protocol:0
[   22.909527] firmadyne: sys_socket[PID: 398 (xmldbc)]: family:1, type:2, protocol:0
[   23.013438] firmadyne: sys_socket[PID: 402 (xmldbc)]: family:1, type:2, protocol:0
[   23.057249] firmadyne: sys_socket[PID: 403 (xmldbc)]: family:1, type:2, protocol:0
[   23.097436] firmadyne: sys_socket[PID: 404 (xmldbc)]: family:1, type:2, protocol:0
[   23.138671] firmadyne: sys_socket[PID: 405 (xmldbc)]: family:1, type:2, protocol:0
[   23.183304] firmadyne: sys_socket[PID: 406 (xmldbc)]: family:1, type:2, protocol:0
[   23.228029] firmadyne: sys_socket[PID: 407 (xmldbc)]: family:1, type:2, protocol:0
[   23.273100] firmadyne: sys_socket[PID: 408 (xmldbc)]: family:1, type:2, protocol:0
[   23.319387] firmadyne: sys_socket[PID: 409 (xmldbc)]: family:1, type:2, protocol:0
[   23.364214] firmadyne: sys_socket[PID: 410 (xmldbc)]: family:1, type:2, protocol:0
[   23.409252] firmadyne: sys_socket[PID: 411 (xmldbc)]: family:1, type:2, protocol:0
[   23.453907] firmadyne: sys_socket[PID: 412 (xmldbc)]: family:1, type:2, protocol:0
[   23.499440] firmadyne: sys_socket[PID: 413 (xmldbc)]: family:1, type:2, protocol:0
[   23.545108] firmadyne: sys_socket[PID: 414 (xmldbc)]: family:1, type:2, protocol:0
[   23.590140] firmadyne: sys_socket[PID: 415 (xmldbc)]: family:1, type:2, protocol:0
[   23.610100] cfg80211: Calling CRDA to update world regulatory domain
[   23.645659] firmadyne: sys_socket[PID: 416 (xmldbc)]: family:1, type:2, protocol:0
[   23.690393] firmadyne: sys_socket[PID: 418 (xmldbc)]: family:1, type:2, protocol:0
[   23.735915] firmadyne: sys_socket[PID: 419 (xmldbc)]: family:1, type:2, protocol:0
[   23.780831] firmadyne: sys_socket[PID: 420 (xmldbc)]: family:1, type:2, protocol:0
[   23.825209] firmadyne: sys_socket[PID: 421 (xmldbc)]: family:1, type:2, protocol:0
[   23.931828] firmadyne: sys_socket[PID: 425 (xmldbc)]: family:1, type:2, protocol:0
[   23.976127] firmadyne: sys_socket[PID: 426 (xmldbc)]: family:1, type:2, protocol:0
[   24.020833] firmadyne: sys_socket[PID: 427 (xmldbc)]: family:1, type:2, protocol:0
[   24.065673] firmadyne: sys_socket[PID: 428 (xmldbc)]: family:1, type:2, protocol:0
[   24.111718] firmadyne: sys_socket[PID: 429 (xmldbc)]: family:1, type:2, protocol:0
[   24.156528] firmadyne: sys_socket[PID: 430 (xmldbc)]: family:1, type:2, protocol:0
[   24.201485] firmadyne: sys_socket[PID: 431 (xmldbc)]: family:1, type:2, protocol:0
[   24.245875] firmadyne: sys_socket[PID: 432 (xmldbc)]: family:1, type:2, protocol:0
[   24.290258] firmadyne: sys_socket[PID: 433 (xmldbc)]: family:1, type:2, protocol:0
[   24.335766] firmadyne: sys_socket[PID: 434 (xmldbc)]: family:1, type:2, protocol:0
[   24.376909] firmadyne: sys_socket[PID: 435 (xmldbc)]: family:1, type:2, protocol:0
[   24.421159] firmadyne: sys_socket[PID: 436 (xmldbc)]: family:1, type:2, protocol:0
[   24.465335] firmadyne: sys_socket[PID: 437 (xmldbc)]: family:1, type:2, protocol:0
[   24.511155] firmadyne: sys_socket[PID: 438 (xmldbc)]: family:1, type:2, protocol:0
[   24.555656] firmadyne: sys_socket[PID: 439 (xmldbc)]: family:1, type:2, protocol:0
[   24.599877] firmadyne: sys_socket[PID: 440 (xmldbc)]: family:1, type:2, protocol:0
[   24.640242] firmadyne: sys_socket[PID: 441 (xmldbc)]: family:1, type:2, protocol:0
[   24.684062] firmadyne: sys_socket[PID: 442 (xmldbc)]: family:1, type:2, protocol:0
[   24.730231] firmadyne: sys_socket[PID: 443 (xmldbc)]: family:1, type:2, protocol:0
[   24.833786] firmadyne: sys_socket[PID: 447 (xmldbc)]: family:1, type:2, protocol:0
[   24.878557] firmadyne: sys_socket[PID: 448 (xmldbc)]: family:1, type:2, protocol:0
[   24.923952] firmadyne: sys_socket[PID: 449 (xmldbc)]: family:1, type:2, protocol:0
[   24.968123] firmadyne: sys_socket[PID: 450 (xmldbc)]: family:1, type:2, protocol:0
[   25.013126] firmadyne: sys_socket[PID: 451 (xmldbc)]: family:1, type:2, protocol:0
[   25.057362] firmadyne: sys_socket[PID: 452 (xmldbc)]: family:1, type:2, protocol:0
[   25.101675] firmadyne: sys_socket[PID: 453 (xmldbc)]: family:1, type:2, protocol:0
[   25.147266] firmadyne: sys_socket[PID: 454 (xmldbc)]: family:1, type:2, protocol:0
[   25.191678] firmadyne: sys_socket[PID: 455 (xmldbc)]: family:1, type:2, protocol:0
[   25.236210] firmadyne: sys_socket[PID: 456 (xmldbc)]: family:1, type:2, protocol:0
[   25.280427] firmadyne: sys_socket[PID: 457 (xmldbc)]: family:1, type:2, protocol:0
[   25.326378] firmadyne: sys_socket[PID: 458 (xmldbc)]: family:1, type:2, protocol:0
[   25.370790] firmadyne: sys_socket[PID: 459 (xmldbc)]: family:1, type:2, protocol:0
[   25.415275] firmadyne: sys_socket[PID: 460 (xmldbc)]: family:1, type:2, protocol:0
[   25.459714] firmadyne: sys_socket[PID: 461 (xmldbc)]: family:1, type:2, protocol:0
[   25.504112] firmadyne: sys_socket[PID: 462 (xmldbc)]: family:1, type:2, protocol:0
[   25.550529] firmadyne: sys_socket[PID: 463 (xmldbc)]: family:1, type:2, protocol:0
[   25.595980] firmadyne: sys_socket[PID: 464 (xmldbc)]: family:1, type:2, protocol:0
[   25.641272] firmadyne: sys_socket[PID: 465 (xmldbc)]: family:1, type:2, protocol:0
[   25.748581] firmadyne: sys_socket[PID: 469 (xmldbc)]: family:1, type:2, protocol:0
[   25.792729] firmadyne: sys_socket[PID: 470 (xmldbc)]: family:1, type:2, protocol:0
[   25.836575] firmadyne: sys_socket[PID: 471 (xmldbc)]: family:1, type:2, protocol:0
[   25.881228] firmadyne: sys_socket[PID: 472 (xmldbc)]: family:1, type:2, protocol:0
[   25.926655] firmadyne: sys_socket[PID: 473 (xmldbc)]: family:1, type:2, protocol:0
[   25.971669] firmadyne: sys_socket[PID: 474 (xmldbc)]: family:1, type:2, protocol:0
[   26.016426] firmadyne: sys_socket[PID: 475 (xmldbc)]: family:1, type:2, protocol:0
[   26.061454] firmadyne: sys_socket[PID: 476 (xmldbc)]: family:1, type:2, protocol:0
[   26.107832] firmadyne: sys_socket[PID: 477 (xmldbc)]: family:1, type:2, protocol:0
[   26.152841] firmadyne: sys_socket[PID: 478 (xmldbc)]: family:1, type:2, protocol:0
[   26.197331] firmadyne: sys_socket[PID: 479 (xmldbc)]: family:1, type:2, protocol:0
[   26.242403] firmadyne: sys_socket[PID: 480 (xmldbc)]: family:1, type:2, protocol:0
[   26.287453] firmadyne: sys_socket[PID: 481 (xmldbc)]: family:1, type:2, protocol:0
[   26.333265] firmadyne: sys_socket[PID: 482 (xmldbc)]: family:1, type:2, protocol:0
[   26.377431] firmadyne: sys_socket[PID: 483 (xmldbc)]: family:1, type:2, protocol:0
[   26.422162] firmadyne: sys_socket[PID: 484 (xmldbc)]: family:1, type:2, protocol:0
[   26.467016] firmadyne: sys_socket[PID: 485 (xmldbc)]: family:1, type:2, protocol:0
[   26.508816] firmadyne: sys_socket[PID: 486 (xmldbc)]: family:1, type:2, protocol:0
[   26.553284] firmadyne: sys_socket[PID: 487 (xmldbc)]: family:1, type:2, protocol:0
[   26.658521] firmadyne: sys_socket[PID: 491 (xmldbc)]: family:1, type:2, protocol:0
[   26.703146] firmadyne: sys_socket[PID: 492 (xmldbc)]: family:1, type:2, protocol:0
[   26.748411] firmadyne: sys_socket[PID: 493 (xmldbc)]: family:1, type:2, protocol:0
[   26.754245] cfg80211: Calling CRDA to update world regulatory domain
[   26.803839] firmadyne: sys_socket[PID: 495 (xmldbc)]: family:1, type:2, protocol:0
[   26.857727] firmadyne: sys_socket[PID: 496 (xmldbc)]: family:1, type:2, protocol:0
[   26.904864] firmadyne: sys_socket[PID: 497 (xmldbc)]: family:1, type:2, protocol:0
[   26.950845] firmadyne: sys_socket[PID: 498 (xmldbc)]: family:1, type:2, protocol:0
[   26.991252] firmadyne: sys_socket[PID: 499 (xmldbc)]: family:1, type:2, protocol:0
[   27.035206] firmadyne: sys_socket[PID: 500 (xmldbc)]: family:1, type:2, protocol:0
[   27.079074] firmadyne: sys_socket[PID: 501 (xmldbc)]: family:1, type:2, protocol:0
[   27.124453] firmadyne: sys_socket[PID: 502 (xmldbc)]: family:1, type:2, protocol:0
[   27.168442] firmadyne: sys_socket[PID: 503 (xmldbc)]: family:1, type:2, protocol:0
[   27.213006] firmadyne: sys_socket[PID: 504 (xmldbc)]: family:1, type:2, protocol:0
[   27.257555] firmadyne: sys_socket[PID: 505 (xmldbc)]: family:1, type:2, protocol:0
[   27.301892] firmadyne: sys_socket[PID: 506 (xmldbc)]: family:1, type:2, protocol:0
[   27.347554] firmadyne: sys_socket[PID: 507 (xmldbc)]: family:1, type:2, protocol:0
[   27.392791] firmadyne: sys_socket[PID: 508 (xmldbc)]: family:1, type:2, protocol:0
[   27.436864] firmadyne: sys_socket[PID: 509 (xmldbc)]: family:1, type:2, protocol:0
[   27.481456] firmadyne: sys_socket[PID: 510 (xmldbc)]: family:1, type:2, protocol:0
[   27.583965] firmadyne: sys_socket[PID: 514 (xmldbc)]: family:1, type:2, protocol:0
[   27.628567] firmadyne: sys_socket[PID: 515 (xmldbc)]: family:1, type:2, protocol:0
[   27.673603] firmadyne: sys_socket[PID: 516 (xmldbc)]: family:1, type:2, protocol:0
[   27.719633] firmadyne: sys_socket[PID: 517 (xmldbc)]: family:1, type:2, protocol:0
[   27.763734] firmadyne: sys_socket[PID: 518 (xmldbc)]: family:1, type:2, protocol:0
[   27.803947] firmadyne: sys_socket[PID: 519 (xmldbc)]: family:1, type:2, protocol:0
[   27.849025] firmadyne: sys_socket[PID: 520 (xmldbc)]: family:1, type:2, protocol:0
[   27.893651] firmadyne: sys_socket[PID: 521 (xmldbc)]: family:1, type:2, protocol:0
[   27.939215] firmadyne: sys_socket[PID: 522 (xmldbc)]: family:1, type:2, protocol:0
[   27.983504] firmadyne: sys_socket[PID: 523 (xmldbc)]: family:1, type:2, protocol:0
[   28.028045] firmadyne: sys_socket[PID: 524 (xmldbc)]: family:1, type:2, protocol:0
[   28.068139] firmadyne: sys_socket[PID: 525 (xmldbc)]: family:1, type:2, protocol:0
[   28.113036] firmadyne: sys_socket[PID: 526 (xmldbc)]: family:1, type:2, protocol:0
[   28.157426] firmadyne: sys_socket[PID: 527 (xmldbc)]: family:1, type:2, protocol:0
[   28.202115] firmadyne: sys_socket[PID: 528 (xmldbc)]: family:1, type:2, protocol:0
[   28.247656] firmadyne: sys_socket[PID: 529 (xmldbc)]: family:1, type:2, protocol:0
[   28.291879] firmadyne: sys_socket[PID: 530 (xmldbc)]: family:1, type:2, protocol:0
[   28.337369] firmadyne: sys_socket[PID: 531 (xmldbc)]: family:1, type:2, protocol:0
[   28.381206] firmadyne: sys_socket[PID: 532 (xmldbc)]: family:1, type:2, protocol:0
[   28.485752] firmadyne: sys_socket[PID: 536 (xmldbc)]: family:1, type:2, protocol:0
[   28.531207] firmadyne: sys_socket[PID: 537 (xmldbc)]: family:1, type:2, protocol:0
[   28.575368] firmadyne: sys_socket[PID: 538 (xmldbc)]: family:1, type:2, protocol:0
[   28.615915] firmadyne: sys_socket[PID: 539 (xmldbc)]: family:1, type:2, protocol:0
[   28.660136] firmadyne: sys_socket[PID: 540 (xmldbc)]: family:1, type:2, protocol:0
[   28.705259] firmadyne: sys_socket[PID: 541 (xmldbc)]: family:1, type:2, protocol:0
[   28.751802] firmadyne: sys_socket[PID: 542 (xmldbc)]: family:1, type:2, protocol:0
[   28.796682] firmadyne: sys_socket[PID: 543 (xmldbc)]: family:1, type:2, protocol:0
[   28.841301] firmadyne: sys_socket[PID: 544 (xmldbc)]: family:1, type:2, protocol:0
[   28.886135] firmadyne: sys_socket[PID: 545 (xmldbc)]: family:1, type:2, protocol:0
[   28.931780] firmadyne: sys_socket[PID: 546 (xmldbc)]: family:1, type:2, protocol:0
[   28.971832] firmadyne: sys_socket[PID: 547 (xmldbc)]: family:1, type:2, protocol:0
[   29.017040] firmadyne: sys_socket[PID: 548 (xmldbc)]: family:1, type:2, protocol:0
[   29.061901] firmadyne: sys_socket[PID: 549 (xmldbc)]: family:1, type:2, protocol:0
[   29.107878] firmadyne: sys_socket[PID: 550 (xmldbc)]: family:1, type:2, protocol:0
[   29.152026] firmadyne: sys_socket[PID: 551 (xmldbc)]: family:1, type:2, protocol:0
[   29.196494] firmadyne: sys_socket[PID: 552 (xmldbc)]: family:1, type:2, protocol:0
[   29.241222] firmadyne: sys_socket[PID: 553 (xmldbc)]: family:1, type:2, protocol:0
[   29.286699] firmadyne: sys_socket[PID: 554 (xmldbc)]: family:1, type:2, protocol:0
[   29.392325] firmadyne: sys_socket[PID: 558 (xmldbc)]: family:1, type:2, protocol:0
[   29.436382] firmadyne: sys_socket[PID: 559 (xmldbc)]: family:1, type:2, protocol:0
[   29.480700] firmadyne: sys_socket[PID: 560 (xmldbc)]: family:1, type:2, protocol:0
[   29.526575] firmadyne: sys_socket[PID: 561 (xmldbc)]: family:1, type:2, protocol:0
[   29.570855] firmadyne: sys_socket[PID: 562 (xmldbc)]: family:1, type:2, protocol:0
[   29.615960] firmadyne: sys_socket[PID: 563 (xmldbc)]: family:1, type:2, protocol:0
[   29.660416] firmadyne: sys_socket[PID: 564 (xmldbc)]: family:1, type:2, protocol:0
[   29.705200] firmadyne: sys_socket[PID: 565 (xmldbc)]: family:1, type:2, protocol:0
[   29.751138] firmadyne: sys_socket[PID: 566 (xmldbc)]: family:1, type:2, protocol:0
[   29.795545] firmadyne: sys_socket[PID: 567 (xmldbc)]: family:1, type:2, protocol:0
[   29.835821] firmadyne: sys_socket[PID: 568 (xmldbc)]: family:1, type:2, protocol:0
[   29.880035] firmadyne: sys_socket[PID: 569 (xmldbc)]: family:1, type:2, protocol:0
[   29.898600] cfg80211: Calling CRDA to update world regulatory domain
[   29.936213] firmadyne: sys_socket[PID: 570 (xmldbc)]: family:1, type:2, protocol:0
[   29.980019] firmadyne: sys_socket[PID: 572 (xmldbc)]: family:1, type:2, protocol:0
[   30.024030] firmadyne: sys_socket[PID: 573 (xmldbc)]: family:1, type:2, protocol:0
[   30.068219] firmadyne: sys_socket[PID: 574 (xmldbc)]: family:1, type:2, protocol:0
[   30.113316] firmadyne: sys_socket[PID: 575 (xmldbc)]: family:1, type:2, protocol:0
[   30.158497] firmadyne: sys_socket[PID: 576 (xmldbc)]: family:1, type:2, protocol:0
[   30.203014] firmadyne: sys_socket[PID: 577 (xmldbc)]: family:1, type:2, protocol:0
[   30.308386] firmadyne: sys_socket[PID: 581 (xmldbc)]: family:1, type:2, protocol:0
[   30.352471] firmadyne: sys_socket[PID: 582 (xmldbc)]: family:1, type:2, protocol:0
[   30.396666] firmadyne: sys_socket[PID: 583 (xmldbc)]: family:1, type:2, protocol:0
[   30.440867] firmadyne: sys_socket[PID: 584 (xmldbc)]: family:1, type:2, protocol:0
[   30.485431] firmadyne: sys_socket[PID: 585 (xmldbc)]: family:1, type:2, protocol:0
[   30.531078] firmadyne: sys_socket[PID: 586 (xmldbc)]: family:1, type:2, protocol:0
[   30.575829] firmadyne: sys_socket[PID: 587 (xmldbc)]: family:1, type:2, protocol:0
[   30.620521] firmadyne: sys_socket[PID: 588 (xmldbc)]: family:1, type:2, protocol:0
[   30.665153] firmadyne: sys_socket[PID: 589 (xmldbc)]: family:1, type:2, protocol:0
[   30.711131] firmadyne: sys_socket[PID: 590 (xmldbc)]: family:1, type:2, protocol:0
[   30.755964] firmadyne: sys_socket[PID: 591 (xmldbc)]: family:1, type:2, protocol:0
[   30.801455] firmadyne: sys_socket[PID: 592 (xmldbc)]: family:1, type:2, protocol:0
[   30.842500] firmadyne: sys_socket[PID: 593 (xmldbc)]: family:1, type:2, protocol:0
[   30.882917] firmadyne: sys_socket[PID: 594 (xmldbc)]: family:1, type:2, protocol:0
[   30.928662] firmadyne: sys_socket[PID: 595 (xmldbc)]: family:1, type:2, protocol:0
[   30.972790] firmadyne: sys_socket[PID: 596 (xmldbc)]: family:1, type:2, protocol:0
[   31.017049] firmadyne: sys_socket[PID: 597 (xmldbc)]: family:1, type:2, protocol:0
[   31.061522] firmadyne: sys_socket[PID: 598 (xmldbc)]: family:1, type:2, protocol:0
[   31.107764] firmadyne: sys_socket[PID: 599 (xmldbc)]: family:1, type:2, protocol:0
[   31.212255] firmadyne: sys_socket[PID: 603 (xmldbc)]: family:1, type:2, protocol:0
[   31.257220] firmadyne: sys_socket[PID: 604 (xmldbc)]: family:1, type:2, protocol:0
[   31.302642] firmadyne: sys_socket[PID: 605 (xmldbc)]: family:1, type:2, protocol:0
[   31.348589] firmadyne: sys_socket[PID: 606 (xmldbc)]: family:1, type:2, protocol:0
[   31.394450] firmadyne: sys_socket[PID: 607 (xmldbc)]: family:1, type:2, protocol:0
[   31.439813] firmadyne: sys_socket[PID: 608 (xmldbc)]: family:1, type:2, protocol:0
[   31.484921] firmadyne: sys_socket[PID: 609 (xmldbc)]: family:1, type:2, protocol:0
[   31.526636] firmadyne: sys_socket[PID: 610 (xmldbc)]: family:1, type:2, protocol:0
[   31.571077] firmadyne: sys_socket[PID: 611 (xmldbc)]: family:1, type:2, protocol:0
[   31.615486] firmadyne: sys_socket[PID: 612 (xmldbc)]: family:1, type:2, protocol:0
[   31.655682] firmadyne: sys_socket[PID: 613 (xmldbc)]: family:1, type:2, protocol:0
[   31.700163] firmadyne: sys_socket[PID: 614 (xmldbc)]: family:1, type:2, protocol:0
[   31.746912] firmadyne: sys_socket[PID: 615 (xmldbc)]: family:1, type:2, protocol:0
[   31.791528] firmadyne: sys_socket[PID: 616 (xmldbc)]: family:1, type:2, protocol:0
[   31.835650] firmadyne: sys_socket[PID: 617 (xmldbc)]: family:1, type:2, protocol:0
[   31.880336] firmadyne: sys_socket[PID: 618 (xmldbc)]: family:1, type:2, protocol:0
[   31.926629] firmadyne: sys_socket[PID: 619 (xmldbc)]: family:1, type:2, protocol:0
[   31.971852] firmadyne: sys_socket[PID: 620 (xmldbc)]: family:1, type:2, protocol:0
[   32.016748] firmadyne: sys_socket[PID: 621 (xmldbc)]: family:1, type:2, protocol:0
[   32.122121] firmadyne: sys_socket[PID: 625 (xmldbc)]: family:1, type:2, protocol:0
[   32.166540] firmadyne: sys_socket[PID: 626 (xmldbc)]: family:1, type:2, protocol:0
[   32.211255] firmadyne: sys_socket[PID: 627 (xmldbc)]: family:1, type:2, protocol:0
[   32.255534] firmadyne: sys_socket[PID: 628 (xmldbc)]: family:1, type:2, protocol:0
[   32.299890] firmadyne: sys_socket[PID: 629 (xmldbc)]: family:1, type:2, protocol:0
[   32.345290] firmadyne: sys_socket[PID: 630 (xmldbc)]: family:1, type:2, protocol:0
[   32.390314] firmadyne: sys_socket[PID: 631 (xmldbc)]: family:1, type:2, protocol:0
[   32.434695] firmadyne: sys_socket[PID: 632 (xmldbc)]: family:1, type:2, protocol:0
[   32.479132] firmadyne: sys_socket[PID: 633 (xmldbc)]: family:1, type:2, protocol:0
[   32.524418] firmadyne: sys_socket[PID: 634 (xmldbc)]: family:1, type:2, protocol:0
[   32.568748] firmadyne: sys_socket[PID: 635 (xmldbc)]: family:1, type:2, protocol:0
[   32.612923] firmadyne: sys_socket[PID: 636 (xmldbc)]: family:1, type:2, protocol:0
[   32.657402] firmadyne: sys_socket[PID: 637 (xmldbc)]: family:1, type:2, protocol:0
[   32.702107] firmadyne: sys_socket[PID: 638 (xmldbc)]: family:1, type:2, protocol:0
[   32.748373] firmadyne: sys_socket[PID: 639 (xmldbc)]: family:1, type:2, protocol:0
[   32.792883] firmadyne: sys_socket[PID: 640 (xmldbc)]: family:1, type:2, protocol:0
[   32.836986] firmadyne: sys_socket[PID: 641 (xmldbc)]: family:1, type:2, protocol:0
[   32.881789] firmadyne: sys_socket[PID: 642 (xmldbc)]: family:1, type:2, protocol:0
[   32.927724] firmadyne: sys_socket[PID: 643 (xmldbc)]: family:1, type:2, protocol:0
[   33.032570] firmadyne: sys_socket[PID: 647 (xmldbc)]: family:1, type:2, protocol:0
[   33.042252] cfg80211: Calling CRDA to update world regulatory domain
[   33.087928] firmadyne: sys_socket[PID: 649 (xmldbc)]: family:1, type:2, protocol:0
[   33.133145] firmadyne: sys_socket[PID: 650 (xmldbc)]: family:1, type:2, protocol:0
[   33.173456] firmadyne: sys_socket[PID: 651 (xmldbc)]: family:1, type:2, protocol:0
[   33.216888] firmadyne: sys_socket[PID: 652 (xmldbc)]: family:1, type:2, protocol:0
[   33.261659] firmadyne: sys_socket[PID: 653 (xmldbc)]: family:1, type:2, protocol:0
[   33.307273] firmadyne: sys_socket[PID: 654 (xmldbc)]: family:1, type:2, protocol:0
[   33.352353] firmadyne: sys_socket[PID: 655 (xmldbc)]: family:1, type:2, protocol:0
[   33.396421] firmadyne: sys_socket[PID: 656 (xmldbc)]: family:1, type:2, protocol:0
[   33.440565] firmadyne: sys_socket[PID: 657 (xmldbc)]: family:1, type:2, protocol:0
[   33.481475] firmadyne: sys_socket[PID: 658 (xmldbc)]: family:1, type:2, protocol:0
[   33.527225] firmadyne: sys_socket[PID: 659 (xmldbc)]: family:1, type:2, protocol:0
[   33.571959] firmadyne: sys_socket[PID: 660 (xmldbc)]: family:1, type:2, protocol:0
[   33.616487] firmadyne: sys_socket[PID: 661 (xmldbc)]: family:1, type:2, protocol:0
[   33.661026] firmadyne: sys_socket[PID: 662 (xmldbc)]: family:1, type:2, protocol:0
[   33.705239] firmadyne: sys_socket[PID: 663 (xmldbc)]: family:1, type:2, protocol:0
[   33.751119] firmadyne: sys_socket[PID: 664 (xmldbc)]: family:1, type:2, protocol:0
[   33.791421] firmadyne: sys_socket[PID: 665 (xmldbc)]: family:1, type:2, protocol:0
[   33.835377] firmadyne: sys_socket[PID: 666 (xmldbc)]: family:1, type:2, protocol:0
[   33.941810] firmadyne: sys_socket[PID: 670 (xmldbc)]: family:1, type:2, protocol:0
[   33.986265] firmadyne: sys_socket[PID: 671 (xmldbc)]: family:1, type:2, protocol:0
[   34.030809] firmadyne: sys_socket[PID: 672 (xmldbc)]: family:1, type:2, protocol:0
[   34.075175] firmadyne: sys_socket[PID: 673 (xmldbc)]: family:1, type:2, protocol:0
[   34.120876] firmadyne: sys_socket[PID: 674 (xmldbc)]: family:1, type:2, protocol:0
[   34.165535] firmadyne: sys_socket[PID: 675 (xmldbc)]: family:1, type:2, protocol:0
[   34.206714] firmadyne: sys_socket[PID: 676 (xmldbc)]: family:1, type:2, protocol:0
[   34.251628] firmadyne: sys_socket[PID: 677 (xmldbc)]: family:1, type:2, protocol:0
[   34.296714] firmadyne: sys_socket[PID: 678 (xmldbc)]: family:1, type:2, protocol:0
[   34.343031] firmadyne: sys_socket[PID: 679 (xmldbc)]: family:1, type:2, protocol:0
[   34.387722] firmadyne: sys_socket[PID: 680 (xmldbc)]: family:1, type:2, protocol:0
[   34.432768] firmadyne: sys_socket[PID: 681 (xmldbc)]: family:1, type:2, protocol:0
[   34.477441] firmadyne: sys_socket[PID: 682 (xmldbc)]: family:1, type:2, protocol:0
[   34.523028] firmadyne: sys_socket[PID: 683 (xmldbc)]: family:1, type:2, protocol:0
[   34.567160] firmadyne: sys_socket[PID: 684 (xmldbc)]: family:1, type:2, protocol:0
[   34.612179] firmadyne: sys_socket[PID: 685 (xmldbc)]: family:1, type:2, protocol:0
[   34.653551] firmadyne: sys_socket[PID: 686 (xmldbc)]: family:1, type:2, protocol:0
[   34.698614] firmadyne: sys_socket[PID: 687 (xmldbc)]: family:1, type:2, protocol:0
[   34.744586] firmadyne: sys_socket[PID: 688 (xmldbc)]: family:1, type:2, protocol:0
[   34.850188] firmadyne: sys_socket[PID: 692 (xmldbc)]: family:1, type:2, protocol:0
[   34.896045] firmadyne: sys_socket[PID: 693 (xmldbc)]: family:1, type:2, protocol:0
[   34.941712] firmadyne: sys_socket[PID: 694 (xmldbc)]: family:1, type:2, protocol:0
[   34.986351] firmadyne: sys_socket[PID: 695 (xmldbc)]: family:1, type:2, protocol:0
[   35.030928] firmadyne: sys_socket[PID: 696 (xmldbc)]: family:1, type:2, protocol:0
[   35.075793] firmadyne: sys_socket[PID: 697 (xmldbc)]: family:1, type:2, protocol:0
[   35.120926] firmadyne: sys_socket[PID: 698 (xmldbc)]: family:1, type:2, protocol:0
[   35.165520] firmadyne: sys_socket[PID: 699 (xmldbc)]: family:1, type:2, protocol:0
[   35.210222] firmadyne: sys_socket[PID: 700 (xmldbc)]: family:1, type:2, protocol:0
[   35.254968] firmadyne: sys_socket[PID: 701 (xmldbc)]: family:1, type:2, protocol:0
[   35.300336] firmadyne: sys_socket[PID: 702 (xmldbc)]: family:1, type:2, protocol:0
[   35.346387] firmadyne: sys_socket[PID: 703 (xmldbc)]: family:1, type:2, protocol:0
[   35.387531] firmadyne: sys_socket[PID: 704 (xmldbc)]: family:1, type:2, protocol:0
[   35.432800] firmadyne: sys_socket[PID: 705 (xmldbc)]: family:1, type:2, protocol:0
[   35.478506] firmadyne: sys_socket[PID: 706 (xmldbc)]: family:1, type:2, protocol:0
[   35.524713] firmadyne: sys_socket[PID: 707 (xmldbc)]: family:1, type:2, protocol:0
[   35.569528] firmadyne: sys_socket[PID: 708 (xmldbc)]: family:1, type:2, protocol:0
[   35.610434] firmadyne: sys_socket[PID: 709 (xmldbc)]: family:1, type:2, protocol:0
[   35.651738] firmadyne: sys_socket[PID: 710 (xmldbc)]: family:1, type:2, protocol:0
[   35.758297] firmadyne: sys_socket[PID: 714 (xmldbc)]: family:1, type:2, protocol:0
[   35.803221] firmadyne: sys_socket[PID: 715 (xmldbc)]: family:1, type:2, protocol:0
[   35.848844] firmadyne: sys_socket[PID: 716 (xmldbc)]: family:1, type:2, protocol:0
[   35.894325] firmadyne: sys_socket[PID: 717 (xmldbc)]: family:1, type:2, protocol:0
[   35.940036] firmadyne: sys_socket[PID: 718 (xmldbc)]: family:1, type:2, protocol:0
[   35.984253] firmadyne: sys_socket[PID: 719 (xmldbc)]: family:1, type:2, protocol:0
[   36.028386] firmadyne: sys_socket[PID: 720 (xmldbc)]: family:1, type:2, protocol:0
[   36.072762] firmadyne: sys_socket[PID: 721 (xmldbc)]: family:1, type:2, protocol:0
[   36.118880] firmadyne: sys_socket[PID: 722 (xmldbc)]: family:1, type:2, protocol:0
[   36.175927] firmadyne: sys_socket[PID: 723 (xmldbc)]: family:1, type:2, protocol:0
[   36.187000] cfg80211: Exceeded CRDA call max attempts. Not calling CRDA
[   36.246930] firmadyne: sys_socket[PID: 724 (xmldbc)]: family:1, type:2, protocol:0
[   36.291987] firmadyne: sys_socket[PID: 725 (xmldbc)]: family:1, type:2, protocol:0
[   36.338956] firmadyne: sys_socket[PID: 726 (xmldbc)]: family:1, type:2, protocol:0
[   36.383362] firmadyne: sys_socket[PID: 727 (xmldbc)]: family:1, type:2, protocol:0
[   36.428028] firmadyne: sys_socket[PID: 728 (xmldbc)]: family:1, type:2, protocol:0
[   36.472602] firmadyne: sys_socket[PID: 729 (xmldbc)]: family:1, type:2, protocol:0
[   36.518508] firmadyne: sys_socket[PID: 730 (xmldbc)]: family:1, type:2, protocol:0
[   36.563059] firmadyne: sys_socket[PID: 731 (xmldbc)]: family:1, type:2, protocol:0
[   36.608361] firmadyne: sys_socket[PID: 732 (xmldbc)]: family:1, type:2, protocol:0
[   36.732382] firmadyne: sys_socket[PID: 736 (xmldbc)]: family:1, type:2, protocol:0
[   36.778122] firmadyne: sys_socket[PID: 737 (xmldbc)]: family:1, type:2, protocol:0
[   36.823178] firmadyne: sys_socket[PID: 738 (xmldbc)]: family:1, type:2, protocol:0
[   36.867572] firmadyne: sys_socket[PID: 739 (xmldbc)]: family:1, type:2, protocol:0
[   36.913015] firmadyne: sys_socket[PID: 740 (xmldbc)]: family:1, type:2, protocol:0
[   36.958563] firmadyne: sys_socket[PID: 741 (xmldbc)]: family:1, type:2, protocol:0
[   37.003547] firmadyne: sys_socket[PID: 742 (xmldbc)]: family:1, type:2, protocol:0
[   37.048496] firmadyne: sys_socket[PID: 743 (xmldbc)]: family:1, type:2, protocol:0
[   37.093679] firmadyne: sys_socket[PID: 744 (xmldbc)]: family:1, type:2, protocol:0
[   37.140634] firmadyne: sys_socket[PID: 745 (xmldbc)]: family:1, type:2, protocol:0
[   37.185234] firmadyne: sys_socket[PID: 746 (xmldbc)]: family:1, type:2, protocol:0
[   37.230660] firmadyne: sys_socket[PID: 747 (xmldbc)]: family:1, type:2, protocol:0
[   37.275567] firmadyne: sys_socket[PID: 748 (xmldbc)]: family:1, type:2, protocol:0
[   37.321343] firmadyne: sys_socket[PID: 749 (xmldbc)]: family:1, type:2, protocol:0
[   37.366025] firmadyne: sys_socket[PID: 750 (xmldbc)]: family:1, type:2, protocol:0
[   37.410322] firmadyne: sys_socket[PID: 751 (xmldbc)]: family:1, type:2, protocol:0
[   37.454910] firmadyne: sys_socket[PID: 752 (xmldbc)]: family:1, type:2, protocol:0
[   37.499692] firmadyne: sys_socket[PID: 753 (xmldbc)]: family:1, type:2, protocol:0
[   37.545278] firmadyne: sys_socket[PID: 754 (xmldbc)]: family:1, type:2, protocol:0
[   37.651155] firmadyne: sys_socket[PID: 758 (xmldbc)]: family:1, type:2, protocol:0
[   37.700254] firmadyne: sys_socket[PID: 759 (xmldbc)]: family:1, type:2, protocol:0
[   37.748756] firmadyne: sys_socket[PID: 760 (xmldbc)]: family:1, type:2, protocol:0
[   37.793474] firmadyne: sys_socket[PID: 761 (xmldbc)]: family:1, type:2, protocol:0
[   37.839014] firmadyne: sys_socket[PID: 762 (xmldbc)]: family:1, type:2, protocol:0
[   37.883734] firmadyne: sys_socket[PID: 763 (xmldbc)]: family:1, type:2, protocol:0
[   37.928424] firmadyne: sys_socket[PID: 764 (xmldbc)]: family:1, type:2, protocol:0
[   37.973267] firmadyne: sys_socket[PID: 765 (xmldbc)]: family:1, type:2, protocol:0
[   38.017830] firmadyne: sys_socket[PID: 766 (xmldbc)]: family:1, type:2, protocol:0
[   38.059091] firmadyne: sys_socket[PID: 767 (xmldbc)]: family:1, type:2, protocol:0
[   38.104426] firmadyne: sys_socket[PID: 768 (xmldbc)]: family:1, type:2, protocol:0
[   38.150117] firmadyne: sys_socket[PID: 769 (xmldbc)]: family:1, type:2, protocol:0
[   38.194769] firmadyne: sys_socket[PID: 770 (xmldbc)]: family:1, type:2, protocol:0
[   38.238752] firmadyne: sys_socket[PID: 771 (xmldbc)]: family:1, type:2, protocol:0
[   38.283350] firmadyne: sys_socket[PID: 772 (xmldbc)]: family:1, type:2, protocol:0
[   38.328748] firmadyne: sys_socket[PID: 773 (xmldbc)]: family:1, type:2, protocol:0
[   38.373279] firmadyne: sys_socket[PID: 774 (xmldbc)]: family:1, type:2, protocol:0
[   38.417247] firmadyne: sys_socket[PID: 775 (xmldbc)]: family:1, type:2, protocol:0
[   38.461336] firmadyne: sys_socket[PID: 776 (xmldbc)]: family:1, type:2, protocol:0
[   38.566874] firmadyne: sys_socket[PID: 780 (xmldbc)]: family:1, type:2, protocol:0
[   38.611204] firmadyne: sys_socket[PID: 781 (xmldbc)]: family:1, type:2, protocol:0
[   38.656094] firmadyne: sys_socket[PID: 782 (xmldbc)]: family:1, type:2, protocol:0
[   38.700596] firmadyne: sys_socket[PID: 783 (xmldbc)]: family:1, type:2, protocol:0
[   38.746304] firmadyne: sys_socket[PID: 784 (xmldbc)]: family:1, type:2, protocol:0
[   38.790807] firmadyne: sys_socket[PID: 785 (xmldbc)]: family:1, type:2, protocol:0
[   38.831665] firmadyne: sys_socket[PID: 786 (xmldbc)]: family:1, type:2, protocol:0
[   38.875639] firmadyne: sys_socket[PID: 787 (xmldbc)]: family:1, type:2, protocol:0
[   38.921128] firmadyne: sys_socket[PID: 788 (xmldbc)]: family:1, type:2, protocol:0
[   38.965319] firmadyne: sys_socket[PID: 789 (xmldbc)]: family:1, type:2, protocol:0
[   39.010276] firmadyne: sys_socket[PID: 790 (xmldbc)]: family:1, type:2, protocol:0
[   39.054902] firmadyne: sys_socket[PID: 791 (xmldbc)]: family:1, type:2, protocol:0
[   39.099577] firmadyne: sys_socket[PID: 792 (xmldbc)]: family:1, type:2, protocol:0
[   39.145102] firmadyne: sys_socket[PID: 793 (xmldbc)]: family:1, type:2, protocol:0
[   39.189767] firmadyne: sys_socket[PID: 794 (xmldbc)]: family:1, type:2, protocol:0
[   39.233554] firmadyne: sys_socket[PID: 795 (xmldbc)]: family:1, type:2, protocol:0
[   39.277712] firmadyne: sys_socket[PID: 796 (xmldbc)]: family:1, type:2, protocol:0
[   39.324259] firmadyne: sys_socket[PID: 797 (xmldbc)]: family:1, type:2, protocol:0
[   39.369501] firmadyne: sys_socket[PID: 798 (xmldbc)]: family:1, type:2, protocol:0
[   39.475328] firmadyne: sys_socket[PID: 802 (xmldbc)]: family:1, type:2, protocol:0
[   39.522302] firmadyne: sys_socket[PID: 803 (xmldbc)]: family:1, type:2, protocol:0
[   39.567136] firmadyne: sys_socket[PID: 804 (xmldbc)]: family:1, type:2, protocol:0
[   39.611893] firmadyne: sys_socket[PID: 805 (xmldbc)]: family:1, type:2, protocol:0
[   39.656256] firmadyne: sys_socket[PID: 806 (xmldbc)]: family:1, type:2, protocol:0
[   39.700571] firmadyne: sys_socket[PID: 807 (xmldbc)]: family:1, type:2, protocol:0
[   39.746787] firmadyne: sys_socket[PID: 808 (xmldbc)]: family:1, type:2, protocol:0
[   39.793563] firmadyne: sys_socket[PID: 809 (xmldbc)]: family:1, type:2, protocol:0
[   39.839574] firmadyne: sys_socket[PID: 810 (xmldbc)]: family:1, type:2, protocol:0
[   39.884241] firmadyne: sys_socket[PID: 811 (xmldbc)]: family:1, type:2, protocol:0
[   39.930299] firmadyne: sys_socket[PID: 812 (xmldbc)]: family:1, type:2, protocol:0
[   39.975973] firmadyne: sys_socket[PID: 813 (xmldbc)]: family:1, type:2, protocol:0
[   40.020674] firmadyne: sys_socket[PID: 814 (xmldbc)]: family:1, type:2, protocol:0
[   40.064802] firmadyne: sys_socket[PID: 815 (xmldbc)]: family:1, type:2, protocol:0
[   40.110570] firmadyne: sys_socket[PID: 816 (xmldbc)]: family:1, type:2, protocol:0
[   40.155227] firmadyne: sys_socket[PID: 817 (xmldbc)]: family:1, type:2, protocol:0
[   40.200104] firmadyne: sys_socket[PID: 818 (xmldbc)]: family:1, type:2, protocol:0
[   40.245002] firmadyne: sys_socket[PID: 819 (xmldbc)]: family:1, type:2, protocol:0
[   40.289284] firmadyne: sys_socket[PID: 820 (xmldbc)]: family:1, type:2, protocol:0
[   40.395664] firmadyne: sys_socket[PID: 824 (xmldbc)]: family:1, type:2, protocol:0
[   40.440255] firmadyne: sys_socket[PID: 825 (xmldbc)]: family:1, type:2, protocol:0
[   40.484490] firmadyne: sys_socket[PID: 826 (xmldbc)]: family:1, type:2, protocol:0
[   40.531038] firmadyne: sys_socket[PID: 827 (xmldbc)]: family:1, type:2, protocol:0
[   40.577920] firmadyne: sys_socket[PID: 828 (xmldbc)]: family:1, type:2, protocol:0
[   40.628857] firmadyne: sys_socket[PID: 829 (xmldbc)]: family:1, type:2, protocol:0
[   40.676078] firmadyne: sys_socket[PID: 830 (xmldbc)]: family:1, type:2, protocol:0
[   40.724251] firmadyne: sys_socket[PID: 831 (xmldbc)]: family:1, type:2, protocol:0
[   40.769843] firmadyne: sys_socket[PID: 832 (xmldbc)]: family:1, type:2, protocol:0
[   40.815347] firmadyne: sys_socket[PID: 833 (xmldbc)]: family:1, type:2, protocol:0
[   40.860058] firmadyne: sys_socket[PID: 834 (xmldbc)]: family:1, type:2, protocol:0
[   40.905048] firmadyne: sys_socket[PID: 835 (xmldbc)]: family:1, type:2, protocol:0
[   40.950945] firmadyne: sys_socket[PID: 836 (xmldbc)]: family:1, type:2, protocol:0
[   40.995949] firmadyne: sys_socket[PID: 837 (xmldbc)]: family:1, type:2, protocol:0
[   41.040646] firmadyne: sys_socket[PID: 838 (xmldbc)]: family:1, type:2, protocol:0
[   41.085369] firmadyne: sys_socket[PID: 839 (xmldbc)]: family:1, type:2, protocol:0
[   41.131199] firmadyne: sys_socket[PID: 840 (xmldbc)]: family:1, type:2, protocol:0
[   41.176020] firmadyne: sys_socket[PID: 841 (xmldbc)]: family:1, type:2, protocol:0
[   41.220529] firmadyne: sys_socket[PID: 842 (xmldbc)]: family:1, type:2, protocol:0
[   41.326770] firmadyne: sys_socket[PID: 846 (xmldbc)]: family:1, type:2, protocol:0
[   41.371010] firmadyne: sys_socket[PID: 847 (xmldbc)]: family:1, type:2, protocol:0
[   41.415684] firmadyne: sys_socket[PID: 848 (xmldbc)]: family:1, type:2, protocol:0
[   41.460433] firmadyne: sys_socket[PID: 849 (xmldbc)]: family:1, type:2, protocol:0
[   41.505454] firmadyne: sys_socket[PID: 850 (xmldbc)]: family:1, type:2, protocol:0
[   41.551219] firmadyne: sys_socket[PID: 851 (xmldbc)]: family:1, type:2, protocol:0
[   41.595867] firmadyne: sys_socket[PID: 852 (xmldbc)]: family:1, type:2, protocol:0
[   41.640305] firmadyne: sys_socket[PID: 853 (xmldbc)]: family:1, type:2, protocol:0
[   41.684668] firmadyne: sys_socket[PID: 854 (xmldbc)]: family:1, type:2, protocol:0
[   41.731044] firmadyne: sys_socket[PID: 855 (xmldbc)]: family:1, type:2, protocol:0
[   41.775638] firmadyne: sys_socket[PID: 856 (xmldbc)]: family:1, type:2, protocol:0
[   41.820176] firmadyne: sys_socket[PID: 857 (xmldbc)]: family:1, type:2, protocol:0
[   41.861548] firmadyne: sys_socket[PID: 858 (xmldbc)]: family:1, type:2, protocol:0
[   41.907324] firmadyne: sys_socket[PID: 859 (xmldbc)]: family:1, type:2, protocol:0
[   41.952057] firmadyne: sys_socket[PID: 860 (xmldbc)]: family:1, type:2, protocol:0
[   41.996550] firmadyne: sys_socket[PID: 861 (xmldbc)]: family:1, type:2, protocol:0
[   42.042083] firmadyne: sys_socket[PID: 862 (xmldbc)]: family:1, type:2, protocol:0
[   42.086657] firmadyne: sys_socket[PID: 863 (xmldbc)]: family:1, type:2, protocol:0
[   42.131947] firmadyne: sys_socket[PID: 864 (xmldbc)]: family:1, type:2, protocol:0
[   42.236336] firmadyne: sys_socket[PID: 868 (xmldbc)]: family:1, type:2, protocol:0
[   42.280473] firmadyne: sys_socket[PID: 869 (xmldbc)]: family:1, type:2, protocol:0
[   42.325411] firmadyne: sys_socket[PID: 870 (xmldbc)]: family:1, type:2, protocol:0
[   42.369769] firmadyne: sys_socket[PID: 871 (xmldbc)]: family:1, type:2, protocol:0
[   42.414537] firmadyne: sys_socket[PID: 872 (xmldbc)]: family:1, type:2, protocol:0
[   42.459342] firmadyne: sys_socket[PID: 873 (xmldbc)]: family:1, type:2, protocol:0
[   42.504320] firmadyne: sys_socket[PID: 874 (xmldbc)]: family:1, type:2, protocol:0
[   42.550212] firmadyne: sys_socket[PID: 875 (xmldbc)]: family:1, type:2, protocol:0
[   42.594913] firmadyne: sys_socket[PID: 876 (xmldbc)]: family:1, type:2, protocol:0
[   42.639732] firmadyne: sys_socket[PID: 877 (xmldbc)]: family:1, type:2, protocol:0
[   42.684653] firmadyne: sys_socket[PID: 878 (xmldbc)]: family:1, type:2, protocol:0
[   42.731036] firmadyne: sys_socket[PID: 879 (xmldbc)]: family:1, type:2, protocol:0
[   42.775994] firmadyne: sys_socket[PID: 880 (xmldbc)]: family:1, type:2, protocol:0
[   42.820416] firmadyne: sys_socket[PID: 881 (xmldbc)]: family:1, type:2, protocol:0
[   42.864451] firmadyne: sys_socket[PID: 882 (xmldbc)]: family:1, type:2, protocol:0
[   42.909768] firmadyne: sys_socket[PID: 883 (xmldbc)]: family:1, type:2, protocol:0
[   42.955000] firmadyne: sys_socket[PID: 884 (xmldbc)]: family:1, type:2, protocol:0
[   42.999864] firmadyne: sys_socket[PID: 885 (xmldbc)]: family:1, type:2, protocol:0
[   43.044679] firmadyne: sys_socket[PID: 886 (xmldbc)]: family:1, type:2, protocol:0
[   43.150777] firmadyne: sys_socket[PID: 890 (xmldbc)]: family:1, type:2, protocol:0
[   43.194925] firmadyne: sys_socket[PID: 891 (xmldbc)]: family:1, type:2, protocol:0
[   43.238997] firmadyne: sys_socket[PID: 892 (xmldbc)]: family:1, type:2, protocol:0
[   43.283244] firmadyne: sys_socket[PID: 893 (xmldbc)]: family:1, type:2, protocol:0
[   43.329014] firmadyne: sys_socket[PID: 894 (xmldbc)]: family:1, type:2, protocol:0
[   43.369511] firmadyne: sys_socket[PID: 895 (xmldbc)]: family:1, type:2, protocol:0
[   43.411003] firmadyne: sys_socket[PID: 896 (xmldbc)]: family:1, type:2, protocol:0
[   43.455277] firmadyne: sys_socket[PID: 897 (xmldbc)]: family:1, type:2, protocol:0
[   43.499745] firmadyne: sys_socket[PID: 898 (xmldbc)]: family:1, type:2, protocol:0
[   43.545571] firmadyne: sys_socket[PID: 899 (xmldbc)]: family:1, type:2, protocol:0
[   43.590664] firmadyne: sys_socket[PID: 900 (xmldbc)]: family:1, type:2, protocol:0
[   43.635876] firmadyne: sys_socket[PID: 901 (xmldbc)]: family:1, type:2, protocol:0
[   43.681637] firmadyne: sys_socket[PID: 902 (xmldbc)]: family:1, type:2, protocol:0
[   43.728362] firmadyne: sys_socket[PID: 903 (xmldbc)]: family:1, type:2, protocol:0
[   43.772349] firmadyne: sys_socket[PID: 904 (xmldbc)]: family:1, type:2, protocol:0
[   43.817213] firmadyne: sys_socket[PID: 905 (xmldbc)]: family:1, type:2, protocol:0
[   43.865744] firmadyne: sys_socket[PID: 906 (xmldbc)]: family:1, type:2, protocol:0
[   43.912140] firmadyne: sys_socket[PID: 907 (xmldbc)]: family:1, type:2, protocol:0
[   43.957181] firmadyne: sys_socket[PID: 908 (xmldbc)]: family:1, type:2, protocol:0
[   44.063055] firmadyne: sys_socket[PID: 912 (xmldbc)]: family:1, type:2, protocol:0
[   44.109335] firmadyne: sys_socket[PID: 913 (xmldbc)]: family:1, type:2, protocol:0
[   44.154539] firmadyne: sys_socket[PID: 914 (xmldbc)]: family:1, type:2, protocol:0
[   44.199865] firmadyne: sys_socket[PID: 915 (xmldbc)]: family:1, type:2, protocol:0
[   44.244558] firmadyne: sys_socket[PID: 916 (xmldbc)]: family:1, type:2, protocol:0
[   44.289725] firmadyne: sys_socket[PID: 917 (xmldbc)]: family:1, type:2, protocol:0
[   44.336236] firmadyne: sys_socket[PID: 918 (xmldbc)]: family:1, type:2, protocol:0
[   44.380885] firmadyne: sys_socket[PID: 919 (xmldbc)]: family:1, type:2, protocol:0
[   44.425472] firmadyne: sys_socket[PID: 920 (xmldbc)]: family:1, type:2, protocol:0
[   44.470330] firmadyne: sys_socket[PID: 921 (xmldbc)]: family:1, type:2, protocol:0
[   44.515952] firmadyne: sys_socket[PID: 922 (xmldbc)]: family:1, type:2, protocol:0
[   44.560590] firmadyne: sys_socket[PID: 923 (xmldbc)]: family:1, type:2, protocol:0
[   44.605107] firmadyne: sys_socket[PID: 924 (xmldbc)]: family:1, type:2, protocol:0
[   44.649230] firmadyne: sys_socket[PID: 925 (xmldbc)]: family:1, type:2, protocol:0
[   44.693574] firmadyne: sys_socket[PID: 926 (xmldbc)]: family:1, type:2, protocol:0
[   44.739120] firmadyne: sys_socket[PID: 927 (xmldbc)]: family:1, type:2, protocol:0
[   44.779564] firmadyne: sys_socket[PID: 928 (xmldbc)]: family:1, type:2, protocol:0
[   44.823573] firmadyne: sys_socket[PID: 929 (xmldbc)]: family:1, type:2, protocol:0
[   44.867966] firmadyne: sys_socket[PID: 930 (xmldbc)]: family:1, type:2, protocol:0
[   45.010514] firmadyne: sys_socket[PID: 935 (xmldbc)]: family:1, type:2, protocol:0
[   45.055105] firmadyne: sys_socket[PID: 936 (xmldbc)]: family:1, type:2, protocol:0
[   45.099264] firmadyne: sys_socket[PID: 937 (xmldbc)]: family:1, type:2, protocol:0
[   45.145252] firmadyne: sys_socket[PID: 938 (xmldbc)]: family:1, type:2, protocol:0
[   45.189352] firmadyne: sys_socket[PID: 939 (xmldbc)]: family:1, type:2, protocol:0
[   45.234086] firmadyne: sys_socket[PID: 940 (xmldbc)]: family:1, type:2, protocol:0
[   45.340259] firmadyne: sys_socket[PID: 944 (xmldbc)]: family:1, type:2, protocol:0
[   45.384919] firmadyne: sys_socket[PID: 945 (xmldbc)]: family:1, type:2, protocol:0
[   45.429743] firmadyne: sys_socket[PID: 946 (xmldbc)]: family:1, type:2, protocol:0
[   45.475652] firmadyne: sys_socket[PID: 947 (xmldbc)]: family:1, type:2, protocol:0
[   45.522274] firmadyne: sys_socket[PID: 948 (xmldbc)]: family:1, type:2, protocol:0
[   45.567066] firmadyne: sys_socket[PID: 949 (xmldbc)]: family:1, type:2, protocol:0
[   45.701053] firmadyne: sys_socket[PID: 954 (xmldbc)]: family:1, type:2, protocol:0
[   45.807362] firmadyne: sys_socket[PID: 958 (xmldbc)]: family:1, type:2, protocol:0
[   45.912711] firmadyne: sys_socket[PID: 962 (xmldbc)]: family:1, type:2, protocol:0
[   46.016783] firmadyne: sys_socket[PID: 966 (xmldbc)]: family:1, type:2, protocol:0
[   46.122157] firmadyne: sys_socket[PID: 970 (xmldbc)]: family:1, type:2, protocol:0
[   46.226739] firmadyne: sys_socket[PID: 974 (xmldbc)]: family:1, type:2, protocol:0
[   46.332375] firmadyne: sys_socket[PID: 978 (xmldbc)]: family:1, type:2, protocol:0
[   46.436360] firmadyne: sys_socket[PID: 982 (xmldbc)]: family:1, type:2, protocol:0
[   46.541321] firmadyne: sys_socket[PID: 986 (xmldbc)]: family:1, type:2, protocol:0
[   46.645494] firmadyne: sys_socket[PID: 990 (xmldbc)]: family:1, type:2, protocol:0
[   46.750521] firmadyne: sys_socket[PID: 994 (xmldbc)]: family:1, type:2, protocol:0
[   46.854805] firmadyne: sys_socket[PID: 998 (xmldbc)]: family:1, type:2, protocol:0
[   46.959875] firmadyne: sys_socket[PID: 1002 (xmldbc)]: family:1, type:2, protocol:0
[   47.063771] firmadyne: sys_socket[PID: 1006 (xmldbc)]: family:1, type:2, protocol:0
[   47.170247] firmadyne: sys_socket[PID: 1010 (xmldbc)]: family:1, type:2, protocol:0
[   47.274589] firmadyne: sys_socket[PID: 1014 (xmldbc)]: family:1, type:2, protocol:0
[   47.380068] firmadyne: sys_socket[PID: 1018 (xmldbc)]: family:1, type:2, protocol:0
[   47.486185] firmadyne: sys_socket[PID: 1022 (xmldbc)]: family:1, type:2, protocol:0
[   47.593157] firmadyne: sys_socket[PID: 1026 (xmldbc)]: family:1, type:2, protocol:0
[   47.697442] firmadyne: sys_socket[PID: 1030 (xmldbc)]: family:1, type:2, protocol:0
[   47.803786] firmadyne: sys_socket[PID: 1034 (xmldbc)]: family:1, type:2, protocol:0
[   47.910755] firmadyne: sys_socket[PID: 1038 (xmldbc)]: family:1, type:2, protocol:0
[   48.015893] firmadyne: sys_socket[PID: 1042 (xmldbc)]: family:1, type:2, protocol:0
[   48.122579] firmadyne: sys_socket[PID: 1046 (xmldbc)]: family:1, type:2, protocol:0
[   48.227006] firmadyne: sys_socket[PID: 1050 (xmldbc)]: family:1, type:2, protocol:0
[   48.332809] firmadyne: sys_socket[PID: 1054 (xmldbc)]: family:1, type:2, protocol:0
[   48.438190] firmadyne: sys_socket[PID: 1058 (xmldbc)]: family:1, type:2, protocol:0
[   48.543976] firmadyne: sys_socket[PID: 1062 (xmldbc)]: family:1, type:2, protocol:0
[   48.647567] firmadyne: sys_socket[PID: 1066 (xmldbc)]: family:1, type:2, protocol:0
[   48.752063] firmadyne: sys_socket[PID: 1070 (xmldbc)]: family:1, type:2, protocol:0
[   48.855502] firmadyne: sys_socket[PID: 1074 (xmldbc)]: family:1, type:2, protocol:0
[   48.960575] firmadyne: sys_socket[PID: 1078 (xmldbc)]: family:1, type:2, protocol:0
[   49.064013] firmadyne: sys_socket[PID: 1082 (xmldbc)]: family:1, type:2, protocol:0
[   49.108801] firmadyne: sys_socket[PID: 1083 (xmldbc)]: family:1, type:2, protocol:0
[   49.152451] firmadyne: sys_socket[PID: 1084 (xmldbc)]: family:1, type:2, protocol:0
[   49.195929] firmadyne: sys_socket[PID: 1085 (xmldbc)]: family:1, type:2, protocol:0
[   49.235903] firmadyne: sys_socket[PID: 1086 (xmldbc)]: family:1, type:2, protocol:0
[   49.280215] firmadyne: sys_socket[PID: 1087 (xmldbc)]: family:1, type:2, protocol:0
[   49.326217] firmadyne: sys_socket[PID: 1088 (xmldbc)]: family:1, type:2, protocol:0
[   49.371166] firmadyne: sys_socket[PID: 1089 (xmldbc)]: family:1, type:2, protocol:0
[   49.415844] firmadyne: sys_socket[PID: 1090 (xmldbc)]: family:1, type:2, protocol:0
PHP [/etc/defnodes/S11setnodes.php] ...
[   49.508450] firmadyne: sys_socket[PID: 1093 (rgdb)]: family:1, type:2, protocol:0
PHP [/etc/defnodes/S12features.php] ...
[   50.160446] firmadyne: sys_socket[PID: 1106 (rgdb)]: family:1, type:2, protocol:0
PHP [/etc/defnodes/S13flashspeed.php] ...
[   50.258877] firmadyne: sys_socket[PID: 1109 (rgdb)]: family:1, type:2, protocol:0
PHP [/etc/defnodes/S20setnodes.php] ...
[   50.452106] firmadyne: sys_socket[PID: 1114 (rgdb)]: family:1, type:2, protocol:0
[   50.804862] UDF-fs: warning (device mtdblock4): udf_fill_super: No partition found (2)
mount: mounting /dev/mtdblock/4 on /www/locale/alt failed: Invalid argument
PHP [/etc/defnodes/S40brand.php] ...
[   50.889749] firmadyne: sys_socket[PID: 1126 (rgdb)]: family:1, type:2, protocol:0
[/etc/scripts/misc/defnodes.sh] Done !!
[/etc/scripts/misc/profile.sh] put ...
[   51.387917] firmadyne: sys_socket[PID: 1134 (rgdb)]: family:1, type:2, protocol:0
ok
[   52.158997] firmadyne: sys_socket[PID: 1140 (rgdb)]: family:1, type:2, protocol:0
[   52.218051] firmadyne: sys_socket[PID: 1142 (rgdb)]: family:1, type:2, protocol:0
[/etc/templates/timezone.sh] ...
[   52.354558] firmadyne: sys_socket[PID: 1147 (rgdb)]: family:1, type:2, protocol:0
[   52.501786] firmadyne: sys_socket[PID: 1152 (rgdb)]: family:1, type:2, protocol:0
[   55.418365] firmadyne: sys_socket[PID: 1156 (rgdb)]: family:1, type:2, protocol:0
[   55.483157] firmadyne: sys_socket[PID: 1158 (rgdb)]: family:1, type:2, protocol:0
[   55.549177] firmadyne: sys_socket[PID: 1160 (rgdb)]: family:1, type:2, protocol:0
[   55.613382] firmadyne: sys_socket[PID: 1162 (rgdb)]: family:1, type:2, protocol:0
[   55.678133] firmadyne: sys_socket[PID: 1164 (rgdb)]: family:1, type:2, protocol:0
[   55.740101] firmadyne: sys_socket[PID: 1166 (rgdb)]: family:1, type:2, protocol:0
[   55.803598] firmadyne: sys_socket[PID: 1168 (rgdb)]: family:1, type:2, protocol:0
[   55.869058] firmadyne: sys_socket[PID: 1170 (rgdb)]: family:1, type:2, protocol:0
[   55.934610] firmadyne: sys_socket[PID: 1172 (rgdb)]: family:1, type:2, protocol:0
[   56.000055] firmadyne: sys_socket[PID: 1174 (rgdb)]: family:1, type:2, protocol:0
[   56.064813] firmadyne: sys_socket[PID: 1176 (rgdb)]: family:1, type:2, protocol:0
[/etc/templates/logs.sh] ...
[   56.818989] firmadyne: sys_socket[PID: 1204 (rgdb)]: family:1, type:2, protocol:0
[   56.894964] firmadyne: sys_socket[PID: 1206 (rgdb)]: family:1, type:2, protocol:0
[/var/run/logs_run.sh] ...
[   57.339282] firmadyne: sys_socket[PID: 1211 (syslogd)]: family:1, type:1, protocol:0
[   57.467542] firmadyne: sys_socket[PID: 1216 (rgdb)]: family:1, type:2, protocol:0
[   57.619584] firmadyne: sys_socket[PID: 1220 (ifconfig)]: family:2, type:1, protocol:0
[   57.651379] 8021q: adding VLAN 0 to HW filter on device eth0
[   57.656921] e1000: eth0 NIC Link is Up 1000 Mbps Full Duplex, Flow Control: RX
[   60.733277] firmadyne: sys_socket[PID: 1222 (rgdb)]: family:1, type:2, protocol:0
[   60.976996] firmadyne: sys_socket[PID: 1234 (rgdb)]: family:1, type:2, protocol:0
[   61.120186] firmadyne: sys_socket[PID: 1240 (rgdb)]: family:1, type:2, protocol:0
[   61.139867] firmadyne: sys_socket[PID: 1241 (ifconfig)]: family:2, type:1, protocol:0
[   61.141783] firmadyne: __inet_insert_ifa[PID: 1241 (ifconfig)]: device:lo ifa:0x7f000001
[   61.185829] firmadyne: sys_socket[PID: 1242 (brctl)]: family:2, type:2, protocol:0
[   61.267661] firmadyne: sys_socket[PID: 1245 (brctl)]: family:2, type:2, protocol:0
[   61.270968] firmadyne: sys_socket[PID: 1245 (brctl)]: family:10, type:1, protocol:0
[   61.314243] firmadyne: sys_socket[PID: 1246 (brctl)]: family:2, type:2, protocol:0
[   61.316708] firmadyne: sys_socket[PID: 1246 (brctl)]: family:10, type:1, protocol:0
[/etc/init.d/S03config.sh] done!
[/etc/init.d/S10system.sh]
start Layout ...
[/etc/scripts/layout.sh] start ...
[   61.606494] firmadyne: sys_socket[PID: 1256 (rgdb)]: family:1, type:2, protocol:0
[   61.710671] firmadyne: sys_socket[PID: 1257 (rgdb)]: family:1, type:2, protocol:0
[/var/run/layout_start.sh] ...
Start bridge layout ...
[   61.829279] firmadyne: sys_socket[PID: 1261 (ifconfig)]: family:2, type:1, protocol:0
[   61.866688] firmadyne: sys_socket[PID: 1262 (brctl)]: family:2, type:2, protocol:0
[   61.869316] firmadyne: sys_socket[PID: 1262 (brctl)]: family:10, type:1, protocol:0
[   61.872346] firmadyne: sys_socket[PID: 1262 (brctl)]: family:10, type:1, protocol:0
[   61.873683] firmadyne: br_add_if[PID: 1262 (brctl)]: br:br0 dev:eth0
[   61.878888] device eth0 entered promiscuous mode
[   61.953415] firmadyne: sys_socket[PID: 1265 (xmldbc)]: family:1, type:2, protocol:0
[   62.020738] firmadyne: sys_socket[PID: 1268 (ifconfig)]: family:2, type:1, protocol:0
[   62.022451] br0: port 1(eth0) entered forwarding state
[   62.023192] br0: port 1(eth0) entered forwarding state
[   62.063164] firmadyne: sys_socket[PID: 1269 (rgdb)]: family:1, type:2, protocol:0
start LAN ...
[/etc/templates/lan.sh] ...
[   62.190977] firmadyne: sys_socket[PID: 1274 (rgdb)]: family:1, type:2, protocol:0
[   62.308119] firmadyne: sys_socket[PID: 1277 (rgdb)]: family:1, type:2, protocol:0
[   62.392906] firmadyne: sys_socket[PID: 1278 (rgdb)]: family:1, type:2, protocol:0
[/var/run/lan_start.sh] ...
Bridge mode selected, LAN is disabled !
start web server ...
[/etc/templates/webs.sh] start ...
[   62.635392] firmadyne: sys_socket[PID: 1286 (rgdb)]: family:1, type:2, protocol:0
[   62.708086] firmadyne: sys_socket[PID: 1288 (rgdb)]: family:1, type:2, protocol:0
[   62.828805] firmadyne: sys_socket[PID: 1291 (rgdb)]: family:1, type:2, protocol:0
[   62.950858] firmadyne: sys_socket[PID: 1292 (rgdb)]: family:1, type:2, protocol:0
[/var/run/webs_start.sh] ...
Starting HTTPD ...
start eth0 vlan setup ...
/etc/scripts/eth_vlan.sh: not found
[   63.265126] firmadyne: sys_socket[PID: 1302 (rgdb)]: family:1, type:2, protocol:0
[   63.288243] firmadyne: sys_socket[PID: 1303 (rgdb)]: family:1, type:2, protocol:0
[   63.451756] firmadyne: sys_socket[PID: 1304 (rgdb)]: family:1, type:2, protocol:0
#!/bin/sh
echo [$0] ... > /dev/console

# limitedadmin.php <<<

limitedadmin.sh...
[   63.698887] firmadyne: sys_socket[PID: 1308 (brctl)]: family:2, type:2, protocol:0
[   63.701692] firmadyne: sys_socket[PID: 1308 (brctl)]: family:10, type:1, protocol:0
[   63.786973] firmadyne: sys_socket[PID: 1309 (brctl)]: family:2, type:2, protocol:0
[   63.789577] firmadyne: sys_socket[PID: 1309 (brctl)]: family:10, type:1, protocol:0
[   63.881344] firmadyne: sys_socket[PID: 1310 (brctl)]: family:2, type:2, protocol:0
[   63.888656] firmadyne: sys_socket[PID: 1310 (brctl)]: family:10, type:1, protocol:0
[   63.980223] firmadyne: sys_socket[PID: 1311 (brctl)]: family:2, type:2, protocol:0
[   63.987097] firmadyne: sys_socket[PID: 1311 (brctl)]: family:10, type:1, protocol:0
[   64.070865] firmadyne: sys_socket[PID: 1312 (brctl)]: family:2, type:2, protocol:0
[   64.073669] firmadyne: sys_socket[PID: 1312 (brctl)]: family:10, type:1, protocol:0
[   64.161435] firmadyne: sys_socket[PID: 1313 (brctl)]: family:2, type:2, protocol:0
[   64.168411] firmadyne: sys_socket[PID: 1313 (brctl)]: family:10, type:1, protocol:0
start fresetd ...
enable LAN ports ...
[   64.382936] firmadyne: sys_socket[PID: 1306 (httpd)]: family:10, type:2, protocol:6
[   64.384009] firmadyne: sys_setsockopt[PID: 1306 (httpd)]: fd:4, level:65535, optname:4
[   64.390191] firmadyne: sys_socket[PID: 1315 (servd)]: family:1, type:2, protocol:0
Factory reset time : 5 secs
System reset time  : 1 secs
WPS command : [/etc/templates/wps.sh pbc &]
[/etc/scripts/enlan.sh] ...
/dev/gpio: No such device or address
[   64.518805] firmadyne: sys_socket[PID: 1318 (fresetd)]: family:1, type:1, protocol:0
[   64.544943] firmadyne: sys_socket[PID: 1323 (httpd)]: family:1, type:1, protocol:0
 Generate channel table according to the country code...
[   64.635607] firmadyne: sys_socket[PID: 1331 (genchanneltable)]: family:1, type:2, protocol:0
[   64.649135] firmadyne: sys_socket[PID: 1331 (genchanneltable)]: family:1, type:2, protocol:0
[   64.654282] firmadyne: sys_socket[PID: 1331 (genchanneltable)]: family:1, type:2, protocol:0
[   64.669780] firmadyne: sys_socket[PID: 1332 (getsys)]: family:1, type:2, protocol:0
UNKNOW country code!! Use USA for default!!
[   64.751755] firmadyne: sys_socket[PID: 1331 (genchanneltable)]: family:1, type:2, protocol:0
[   64.757122] firmadyne: sys_socket[PID: 1332 (getsys)]: family:1, type:2, protocol:0
[   64.761099] firmadyne: sys_socket[PID: 1331 (genchanneltable)]: family:1, type:2, protocol:0
[   64.765482] firmadyne: sys_socket[PID: 1332 (getsys)]: family:1, type:2, protocol:0
[   64.770078] firmadyne: sys_socket[PID: 1331 (genchanneltable)]: family:1, type:2, protocol:0
[   64.774389] firmadyne: sys_socket[PID: 1332 (getsys)]: family:1, type:2, protocol:0
[   64.779227] firmadyne: sys_socket[PID: 1331 (genchanneltable)]: family:1, type:2, protocol:0
[   64.782461] firmadyne: sys_socket[PID: 1332 (getsys)]: family:1, type:2, protocol:0
[   64.787404] firmadyne: sys_socket[PID: 1331 (genchanneltable)]: family:1, type:2, protocol:0
[   64.791119] firmadyne: sys_socket[PID: 1332 (getsys)]: family:1, type:2, protocol:0
[   64.795901] firmadyne: sys_socket[PID: 1331 (genchanneltable)]: family:1, type:2, protocol:0
[   64.799703] firmadyne: sys_socket[PID: 1332 (getsys)]: family:1, type:2, protocol:0
[   64.804715] firmadyne: sys_socket[PID: 1331 (genchanneltable)]: family:1, type:2, protocol:0
[   64.808473] firmadyne: sys_socket[PID: 1332 (getsys)]: family:1, type:2, protocol:0
[   64.813268] firmadyne: sys_socket[PID: 1331 (genchanneltable)]: family:1, type:2, protocol:0
[   64.817061] firmadyne: sys_socket[PID: 1332 (getsys)]: family:1, type:2, protocol:0
[   64.822703] firmadyne: sys_socket[PID: 1331 (genchanneltable)]: family:1, type:2, protocol:0
[   64.825811] firmadyne: sys_socket[PID: 1332 (getsys)]: family:1, type:2, protocol:0
[   64.831129] firmadyne: sys_socket[PID: 1331 (genchanneltable)]: family:1, type:2, protocol:0
[   64.834481] firmadyne: sys_socket[PID: 1332 (getsys)]: family:1, type:2, protocol:0
[   64.839762] firmadyne: sys_socket[PID: 1331 (genchanneltable)]: family:1, type:2, protocol:0
[   64.843649] firmadyne: sys_socket[PID: 1332 (getsys)]: family:1, type:2, protocol:0
[   64.848766] firmadyne: sys_socket[PID: 1331 (genchanneltable)]: family:1, type:2, protocol:0
[   64.852424] firmadyne: sys_socket[PID: 1332 (getsys)]: family:1, type:2, protocol:0
[   64.857424] firmadyne: sys_socket[PID: 1331 (genchanneltable)]: family:1, type:2, protocol:0
[   64.860685] firmadyne: sys_socket[PID: 1332 (getsys)]: family:1, type:2, protocol:0
[   64.866112] firmadyne: sys_socket[PID: 1331 (genchanneltable)]: family:1, type:2, protocol:0
[   64.869064] firmadyne: sys_socket[PID: 1332 (getsys)]: family:1, type:2, protocol:0
[   64.874457] firmadyne: sys_socket[PID: 1331 (genchanneltable)]: family:1, type:2, protocol:0
[   64.877497] firmadyne: sys_socket[PID: 1332 (getsys)]: family:1, type:2, protocol:0
[   64.882942] firmadyne: sys_socket[PID: 1331 (genchanneltable)]: family:1, type:2, protocol:0
[   64.886245] firmadyne: sys_socket[PID: 1332 (getsys)]: family:1, type:2, protocol:0
[   64.891343] firmadyne: sys_socket[PID: 1331 (genchanneltable)]: family:1, type:2, protocol:0
[   64.897799] firmadyne: sys_socket[PID: 1332 (getsys)]: family:1, type:2, protocol:0
[   64.900637] firmadyne: sys_socket[PID: 1331 (genchanneltable)]: family:1, type:2, protocol:0
[   64.907525] firmadyne: sys_socket[PID: 1331 (genchanneltable)]: family:1, type:2, protocol:0
[   64.920735] firmadyne: sys_socket[PID: 1331 (genchanneltable)]: family:1, type:2, protocol:0
[   64.926228] firmadyne: sys_socket[PID: 1331 (genchanneltable)]: family:1, type:2, protocol:0
[   64.931744] firmadyne: sys_socket[PID: 1331 (genchanneltable)]: family:1, type:2, protocol:0
[   64.940197] firmadyne: sys_socket[PID: 1331 (genchanneltable)]: family:1, type:2, protocol:0
[   64.944859] firmadyne: sys_socket[PID: 1331 (genchanneltable)]: family:1, type:2, protocol:0
[   64.953261] firmadyne: sys_socket[PID: 1331 (genchanneltable)]: family:1, type:2, protocol:0
[   64.957372] firmadyne: sys_socket[PID: 1331 (genchanneltable)]: family:1, type:2, protocol:0
[   64.965018] firmadyne: sys_socket[PID: 1331 (genchanneltable)]: family:1, type:2, protocol:0
[   64.974647] firmadyne: sys_socket[PID: 1331 (genchanneltable)]: family:1, type:2, protocol:0
[   64.979218] firmadyne: sys_socket[PID: 1331 (genchanneltable)]: family:1, type:2, protocol:0
/dev/gpio: No such device or address
 Generate VLAN table according to the port...
[   65.044343] firmadyne: sys_socket[PID: 1340 (genVLANTableByP)]: family:1, type:2, protocol:0
[   65.050092] firmadyne: sys_socket[PID: 1340 (genVLANTableByP)]: family:1, type:2, protocol:0
[   65.055021] firmadyne: sys_socket[PID: 1340 (genVLANTableByP)]: family:1, type:2, protocol:0
[   65.059340] firmadyne: sys_socket[PID: 1340 (genVLANTableByP)]: family:1, type:2, protocol:0
[   65.063375] firmadyne: sys_socket[PID: 1340 (genVLANTableByP)]: family:1, type:2, protocol:0
[   65.067483] firmadyne: sys_socket[PID: 1340 (genVLANTableByP)]: family:1, type:2, protocol:0
[   65.072275] firmadyne: sys_socket[PID: 1340 (genVLANTableByP)]: family:1, type:2, protocol:0
[   65.076690] firmadyne: sys_socket[PID: 1340 (genVLANTableByP)]: family:1, type:2, protocol:0
[   65.081453] firmadyne: sys_socket[PID: 1340 (genVLANTableByP)]: family:1, type:2, protocol:0
[   65.086638] firmadyne: sys_socket[PID: 1340 (genVLANTableByP)]: family:1, type:2, protocol:0
[   65.091583] firmadyne: sys_socket[PID: 1340 (genVLANTableByP)]: family:1, type:2, protocol:0
[   65.096546] firmadyne: sys_socket[PID: 1340 (genVLANTableByP)]: family:1, type:2, protocol:0
[   65.100872] firmadyne: sys_socket[PID: 1340 (genVLANTableByP)]: family:1, type:2, protocol:0
[   65.105558] firmadyne: sys_socket[PID: 1340 (genVLANTableByP)]: family:1, type:2, protocol:0
[   65.111502] firmadyne: sys_socket[PID: 1340 (genVLANTableByP)]: family:1, type:2, protocol:0
[   65.116457] firmadyne: sys_socket[PID: 1340 (genVLANTableByP)]: family:1, type:2, protocol:0
[   65.120874] firmadyne: sys_socket[PID: 1340 (genVLANTableByP)]: family:1, type:2, protocol:0
[   65.126436] firmadyne: sys_socket[PID: 1340 (genVLANTableByP)]: family:1, type:2, protocol:0
[   65.131288] firmadyne: sys_socket[PID: 1340 (genVLANTableByP)]: family:1, type:2, protocol:0
[   65.135616] firmadyne: sys_socket[PID: 1340 (genVLANTableByP)]: family:1, type:2, protocol:0
[   65.139827] firmadyne: sys_socket[PID: 1340 (genVLANTableByP)]: family:1, type:2, protocol:0
