[    0.000000] Linux version 4.1.17+ (alessio@pc) (gcc version 5.5.0 20171010 (Ubuntu 5.5.0-12ubuntu1) ) #1 Mon May 15 23:04:08 CEST 2023
[    0.000000] earlycon: Early serial console at I/O port 0x3f8 (options '38400n8')
[    0.000000] bootconsole [uart0] enabled
[    0.000000] CPU0 revision is: 00019300 (MIPS 24Kc)
[    0.000000] FPU revision is: 00739300
[    0.000000] Software DMA cache coherency enabled
[    0.000000] Determined physical RAM map:
[    0.000000]  memory: 00001000 @ 00000000 (reserved)
[    0.000000]  memory: 000ef000 @ 00001000 (ROM data)
[    0.000000]  memory: 00798000 @ 000f0000 (reserved)
[    0.000000]  memory: 0f777000 @ 00888000 (usable)
[    0.000000] debug: ignoring loglevel setting.
[    0.000000] Wasting 69888 bytes for tracking 2184 unused pages
[    0.000000] Initrd not found or empty - disabling initrd
[    0.000000] Zone ranges:
[    0.000000]   DMA      [mem 0x0000000000000000-0x0000000000ffffff]
[    0.000000]   Normal   [mem 0x0000000001000000-0x000000000fffefff]
[    0.000000] Movable zone start for each node
[    0.000000] Early memory node ranges
[    0.000000]   node   0: [mem 0x0000000000000000-0x000000000fffefff]
[    0.000000] Initmem setup node 0 [mem 0x0000000000000000-0x000000000fffefff]
[    0.000000] On node 0 totalpages: 65535
[    0.000000] free_area_init_node: node 0, pgdat 8081d5b0, node_mem_map 81000000
[    0.000000]   DMA zone: 32 pages used for memmap
[    0.000000]   DMA zone: 0 pages reserved
[    0.000000]   DMA zone: 4096 pages, LIFO batch:0
[    0.000000]   Normal zone: 480 pages used for memmap
[    0.000000]   Normal zone: 61439 pages, LIFO batch:15
[    0.000000] Primary instruction cache 2kB, VIPT, 2-way, linesize 16 bytes.
[    0.000000] Primary data cache 2kB, 2-way, VIPT, no aliases, linesize 16 bytes
[    0.000000] pcpu-alloc: s0 r0 d32768 u32768 alloc=1*32768
[    0.000000] pcpu-alloc: [0] 0 
[    0.000000] Built 1 zonelists in Zone order, mobility grouping on.  Total pages: 65023
[    0.000000] Kernel command line: root=/dev/sda1 console=ttyS0 nandsim.parts=64,64,64,64,64,64,64,64,64,64 rdinit=/firmadyne/preInit.sh rw debug ignore_loglevel print-fatal-signals=1 FIRMAE_NET=true FIRMAE_NVRAM=true FIRMAE_KERNEL=true FIRMAE_ETC=true user_debug=0 firmadyne.syscall=1 noka
[    0.000000] found FIRMAE_KERNEL=t
[    0.000000] set the LD_PRELOAD=/firmadyne/libnvram_ioctl.so
[    0.000000] PID hash table entries: 1024 (order: 0, 4096 bytes)
[    0.000000] Dentry cache hash table entries: 32768 (order: 5, 131072 bytes)
[    0.000000] Inode-cache hash table entries: 16384 (order: 4, 65536 bytes)
[    0.000000] Writing ErrCtl register=00000000
[    0.000000] Readback ErrCtl register=00000000
[    0.000000] Memory: 251112K/262140K available (5360K kernel code, 244K rwdata, 1676K rodata, 260K init, 158K bss, 11028K reserved, 0K cma-reserved)
[    0.000000] NR_IRQS:256
[    0.000000] CPU frequency 200.00 MHz
[    0.000000] clocksource MIPS: mask: 0xffffffff max_cycles: 0xffffffff, max_idle_ns: 19112387347 ns
[    0.000158] sched_clock: 32 bits at 100MHz, resolution 9ns, wraps every 21474592763ns
[    0.010509] Console: colour dummy device 80x25
[    0.011338] Calibrating delay loop... 38.91 BogoMIPS (lpj=77824)
[    0.065457] pid_max: default: 32768 minimum: 301
[    0.068462] Mount-cache hash table entries: 1024 (order: 0, 4096 bytes)
[    0.068866] Mountpoint-cache hash table entries: 1024 (order: 0, 4096 bytes)
[    0.116683] clocksource jiffies: mask: 0xffffffff max_cycles: 0xffffffff, max_idle_ns: 7645041785100000 ns
[    0.124806] NET: Registered protocol family 16
[    0.328779] clocksource pit: mask: 0xffffffff max_cycles: 0xffffffff, max_idle_ns: 1601818034827 ns
[    0.441911] vgaarb: loaded
[    0.446252] SCSI subsystem initialized
[    0.448166] libata version 3.00 loaded.
[    0.451431] usbcore: registered new interface driver usbfs
[    0.452605] usbcore: registered new interface driver hub
[    0.453411] usbcore: registered new device driver usb
[    0.455427] pps_core: LinuxPPS API ver. 1 registered
[    0.455758] pps_core: Software ver. 5.3.6 - Copyright 2005-2007 Rodolfo Giometti <giometti@linux.it>
[    0.456629] PTP clock support registered
[    0.460093] PCI host bridge to bus 0000:00
[    0.460775] pci_bus 0000:00: root bus resource [mem 0x10000000-0x17ffffff]
[    0.461246] pci_bus 0000:00: root bus resource [io  0x1000-0x1fffff]
[    0.461700] pci_bus 0000:00: root bus resource [??? 0x00000000 flags 0x0]
[    0.462139] pci_bus 0000:00: No busn resource found for root bus, will use [bus 00-ff]
[    0.463140] pci 0000:00:00.0: [11ab:4620] type 00 class 0x060000
[    0.463862] pci 0000:00:00.0: [Firmware Bug]: reg 0x14: invalid BAR (can't size)
[    0.464310] pci 0000:00:00.0: [Firmware Bug]: reg 0x18: invalid BAR (can't size)
[    0.464881] pci 0000:00:00.0: [Firmware Bug]: reg 0x1c: invalid BAR (can't size)
[    0.465336] pci 0000:00:00.0: [Firmware Bug]: reg 0x20: invalid BAR (can't size)
[    0.465790] pci 0000:00:00.0: [Firmware Bug]: reg 0x24: invalid BAR (can't size)
[    0.468764] pci 0000:00:0a.0: [8086:7110] type 00 class 0x060100
[    0.471459] pci 0000:00:0a.1: [8086:7111] type 00 class 0x010180
[    0.472043] pci 0000:00:0a.1: reg 0x20: [io  0x0000-0x000f]
[    0.472498] pci 0000:00:0a.1: legacy IDE quirk: reg 0x10: [io  0x01f0-0x01f7]
[    0.473032] pci 0000:00:0a.1: legacy IDE quirk: reg 0x14: [io  0x03f6]
[    0.473467] pci 0000:00:0a.1: legacy IDE quirk: reg 0x18: [io  0x0170-0x0177]
[    0.473902] pci 0000:00:0a.1: legacy IDE quirk: reg 0x1c: [io  0x0376]
[    0.476271] pci 0000:00:0a.2: [8086:7112] type 00 class 0x0c0300
[    0.476781] pci 0000:00:0a.2: reg 0x20: [io  0x0000-0x001f]
[    0.479311] pci 0000:00:0a.3: [8086:7113] type 00 class 0x068000
[    0.480259] pci 0000:00:0a.3: quirk: [io  0x1000-0x103f] claimed by PIIX4 ACPI
[    0.480755] pci 0000:00:0a.3: quirk: [io  0x1100-0x110f] claimed by PIIX4 SMB
[    0.483306] pci 0000:00:12.0: [1013:00b8] type 00 class 0x030000
[    0.483777] pci 0000:00:12.0: reg 0x10: [mem 0x00000000-0x01ffffff pref]
[    0.484225] pci 0000:00:12.0: reg 0x14: [mem 0x00000000-0x00000fff]
[    0.484723] pci 0000:00:12.0: reg 0x30: [mem 0x00000000-0x0000ffff pref]
[    0.486808] vgaarb: device added: PCI:0000:00:12.0,decodes=io+mem,owns=none,locks=none
[    0.487751] pci 0000:00:13.0: [8086:100e] type 00 class 0x020000
[    0.488218] pci 0000:00:13.0: reg 0x10: [mem 0x00000000-0x0001ffff]
[    0.488641] pci 0000:00:13.0: reg 0x14: [io  0x0000-0x003f]
[    0.489119] pci 0000:00:13.0: reg 0x30: [mem 0x00000000-0x0003ffff pref]
[    0.491488] pci 0000:00:14.0: [8086:100e] type 00 class 0x020000
[    0.491945] pci 0000:00:14.0: reg 0x10: [mem 0x00000000-0x0001ffff]
[    0.492372] pci 0000:00:14.0: reg 0x14: [io  0x0000-0x003f]
[    0.492837] pci 0000:00:14.0: reg 0x30: [mem 0x00000000-0x0003ffff pref]
[    0.495277] pci 0000:00:15.0: [8086:100e] type 00 class 0x020000
[    0.495743] pci 0000:00:15.0: reg 0x10: [mem 0x00000000-0x0001ffff]
[    0.496177] pci 0000:00:15.0: reg 0x14: [io  0x0000-0x003f]
[    0.496646] pci 0000:00:15.0: reg 0x30: [mem 0x00000000-0x0003ffff pref]
[    0.499028] pci 0000:00:16.0: [8086:100e] type 00 class 0x020000
[    0.499484] pci 0000:00:16.0: reg 0x10: [mem 0x00000000-0x0001ffff]
[    0.499920] pci 0000:00:16.0: reg 0x14: [io  0x0000-0x003f]
[    0.500391] pci 0000:00:16.0: reg 0x30: [mem 0x00000000-0x0003ffff pref]
[    0.502891] pci_bus 0000:00: busn_res: [bus 00-ff] end is updated to 00
[    0.504043] pci 0000:00:12.0: BAR 0: assigned [mem 0x10000000-0x11ffffff pref]
[    0.504624] pci 0000:00:13.0: BAR 6: assigned [mem 0x12000000-0x1203ffff pref]
[    0.505145] pci 0000:00:14.0: BAR 6: assigned [mem 0x12040000-0x1207ffff pref]
[    0.505642] pci 0000:00:15.0: BAR 6: assigned [mem 0x12080000-0x120bffff pref]
[    0.506254] pci 0000:00:16.0: BAR 6: assigned [mem 0x120c0000-0x120fffff pref]
[    0.506744] pci 0000:00:13.0: BAR 0: assigned [mem 0x12100000-0x1211ffff]
[    0.507227] pci 0000:00:14.0: BAR 0: assigned [mem 0x12120000-0x1213ffff]
[    0.507706] pci 0000:00:15.0: BAR 0: assigned [mem 0x12140000-0x1215ffff]
[    0.508185] pci 0000:00:16.0: BAR 0: assigned [mem 0x12160000-0x1217ffff]
[    0.508682] pci 0000:00:12.0: BAR 6: assigned [mem 0x12180000-0x1218ffff pref]
[    0.509176] pci 0000:00:12.0: BAR 1: assigned [mem 0x12190000-0x12190fff]
[    0.509655] pci 0000:00:13.0: BAR 1: assigned [io  0x1040-0x107f]
[    0.510102] pci 0000:00:14.0: BAR 1: assigned [io  0x1080-0x10bf]
[    0.510652] pci 0000:00:15.0: BAR 1: assigned [io  0x10c0-0x10ff]
[    0.511100] pci 0000:00:16.0: BAR 1: assigned [io  0x1400-0x143f]
[    0.511537] pci 0000:00:0a.2: BAR 4: assigned [io  0x1440-0x145f]
[    0.511983] pci 0000:00:0a.1: BAR 4: assigned [io  0x1460-0x146f]
[    0.525551] cfg80211: Calling CRDA to update world regulatory domain
[    0.535982] Switched to clocksource MIPS
[    0.622117] NET: Registered protocol family 2
[    0.631347] TCP established hash table entries: 2048 (order: 1, 8192 bytes)
[    0.632347] TCP bind hash table entries: 2048 (order: 1, 8192 bytes)
[    0.633185] TCP: Hash tables configured (established 2048 bind 2048)
[    0.634042] UDP hash table entries: 256 (order: 0, 4096 bytes)
[    0.634588] UDP-Lite hash table entries: 256 (order: 0, 4096 bytes)
[    0.637658] NET: Registered protocol family 1
[    0.638927] PCI: Enabling device 0000:00:0a.2 (0000 -> 0001)
[    0.640160] PCI: CLS 0 bytes, default 16
[    0.664651] futex hash table entries: 256 (order: -1, 3072 bytes)
[    0.677259] squashfs: version 4.0 (2009/01/31) Phillip Lougher
[    0.679138] jffs2: version 2.2. (NAND) Â© 2001-2006 Red Hat, Inc.
[    0.681760] romfs: ROMFS MTD (C) 2007 Red Hat, Inc.
[    0.700251] Block layer SCSI generic (bsg) driver version 0.4 loaded (major 251)
[    0.700762] io scheduler noop registered
[    0.701301] io scheduler cfq registered (default)
[    0.702058] firmadyne: devfs: 1, execute: 1, procfs: 1, syscall: 1
[    0.706483] firmadyne: Cannot register character device: gpio, 0xfc, 0x0!
[    0.713080] firmadyne: Cannot register character device: watchdog, 0xa, 0x82!
[    0.713474] firmadyne: Cannot register character device: wdt, 0xfd, 0x0!
[    2.009819] strName = 4.1.17+
[    2.009819] init_task_addr  = 2155778944
[    2.009819] init_task_size  = 1296
[    2.009819] ts_tasks        = 292
[    2.009819] ts_pid          = 408
[    2.009819] ts_tgid         = 412
[    2.009819] ts_group_leader = 440
[    2.009819] ts_thread_group = 496
[    2.009819] ts_real_parent  = 416
[    2.009819] ts_mm           = 300
[    2.009819] ts_stack        = 4
[    2.011669] module_name   = 12
[    2.011669] module_size   = 208
[    2.011669] module_init   = 200
[    2.011669] module_list   = 4
[    2.012569] ts_real_cred    = 624
[    2.012569] ts_cred         = 628
[    2.012569] ts_comm         = 632
[    2.012569] cred_uid        = 4
[    2.012569] cred_gid        = 8
[    2.012569] cred_euid       = 20
[    2.012569] cred_egid       = 24
[    2.013771] mm_mmap         = 0
[    2.013771] mm_pgd          = 32
[    2.013771] mm_arg_start    = 136
[    2.013771] mm_start_brk    = 124
[    2.013771] mm_brk          = 128
[    2.013771] mm_start_stack  = 132
[    2.014810] vma_vm_start    = 0
[    2.014810] vma_vm_end      = 4
[    2.014810] vma_vm_next     = 8
[    2.014810] vma_vm_file     = 80
[    2.014810] vma_vm_flags    = 40
[    2.014810] vma_vm_pgoff    = 76
[    2.015828] file_dentry     = 12
[    2.015828] file_inode      = 40
[    2.015828] dentry_d_name   = 24
[    2.015828] dentry_d_iname  = 44
[    2.015828] dentry_d_parent = 16
[    2.015828] ti_task         = 0
[    2.015828] inode_ino   = 28
[    2.835850] proc_fork_connector  = 2151078840
[    2.836267] proc_exit_connector  = 2151080432
[    2.836552] proc_exec_connector  = 2151079052
[    2.836825] vma_link  = 2149124372
[    2.837073] vma_adjust  = 2149124540
[    2.837313] remove_vma  = 2149122188
[    2.837558] modules  = 2155833724
[    2.837798] trim_init_extable  = 2150545316
[    2.840802] PCI: Enabling device 0000:00:12.0 (0000 -> 0002)
[    2.841855] cirrusfb 0000:00:12.0: Cirrus Logic chipset on PCI bus, RAM (4096 kB) at 0x10000000
[    3.081243] Console: switching to colour frame buffer device 80x30
[    3.134556] Serial: 8250/16550 driver, 4 ports, IRQ sharing enabled
[    3.145972] console [ttyS0] disabled
[    3.173528] serial8250.0: ttyS0 at I/O 0x3f8 (irq = 4, base_baud = 115200) is a 16550A
[    3.174486] console [ttyS0] enabled
[    3.174486] console [ttyS0] enabled
[    3.174957] bootconsole [uart0] disabled
[    3.174957] bootconsole [uart0] disabled
[    3.205028] serial8250.0: ttyS1 at I/O 0x2f8 (irq = 3, base_baud = 115200) is a 16550A
[    3.301158] brd: module loaded
[    3.350836] loop: module loaded
[    3.356100] ata_piix 0000:00:0a.1: version 2.13
[    3.356563] PCI: Enabling device 0000:00:0a.1 (0000 -> 0001)
[    3.377340] scsi host0: ata_piix
[    3.381836] scsi host1: ata_piix
[    3.384944] ata1: PATA max UDMA/33 cmd 0x1f0 ctl 0x3f6 bmdma 0x1460 irq 14
[    3.385367] ata2: PATA max UDMA/33 cmd 0x170 ctl 0x376 bmdma 0x1468 irq 15
[    3.390739] [nandsim] warning: read_byte: unexpected data output cycle, state is STATE_READY return 0x0
[    3.391240] [nandsim] warning: read_byte: unexpected data output cycle, state is STATE_READY return 0x0
[    3.391717] [nandsim] warning: read_byte: unexpected data output cycle, state is STATE_READY return 0x0
[    3.392346] [nandsim] warning: read_byte: unexpected data output cycle, state is STATE_READY return 0x0
[    3.392824] [nandsim] warning: read_byte: unexpected data output cycle, state is STATE_READY return 0x0
[    3.393315] [nandsim] warning: read_byte: unexpected data output cycle, state is STATE_READY return 0x0
[    3.393936] nand: device found, Manufacturer ID: 0x98, Chip ID: 0x39
[    3.394314] nand: Toshiba NAND 128MiB 1,8V 8-bit
[    3.394647] nand: 128 MiB, SLC, erase size: 16 KiB, page size: 512, OOB size: 16
[    3.396107] flash size: 128 MiB
[    3.396319] page size: 512 bytes
[    3.396533] OOB area size: 16 bytes
[    3.396754] sector size: 16 KiB
[    3.396962] pages number: 262144
[    3.397176] pages per sector: 32
[    3.397383] bus width: 8
[    3.397568] bits in sector size: 14
[    3.397787] bits in page size: 9
[    3.398001] bits in OOB size: 4
[    3.398222] flash size with OOB: 135168 KiB
[    3.398469] page address bytes: 4
[    3.398687] sector address bytes: 3
[    3.398909] options: 0x42
[    3.464050] Scanning device for bad blocks
[    4.395588] cfg80211: Calling CRDA to update world regulatory domain
[    4.400123] ata1.01: NODEV after polling detection
[    4.401050] ata2.01: NODEV after polling detection
[    4.402871] ata2.00: ATAPI: QEMU DVD-ROM, 2.5+, max UDMA/100
[    4.405320] ata1.00: ATA-7: QEMU HARDDISK, 2.5+, max UDMA/100
[    4.405914] ata1.00: 2097152 sectors, multi 16: LBA48 
[    4.410688] ata2.00: configured for UDMA/33
[    4.412698] ata1.00: configured for UDMA/33
[    4.420377] scsi 0:0:0:0: Direct-Access     ATA      QEMU HARDDISK    2.5+ PQ: 0 ANSI: 5
[    4.433587] sd 0:0:0:0: [sda] 2097152 512-byte logical blocks: (1.07 GB/1.00 GiB)
[    4.435148] scsi 1:0:0:0: CD-ROM            QEMU     QEMU DVD-ROM     2.5+ PQ: 0 ANSI: 5
[    4.446702] sd 0:0:0:0: [sda] Write Protect is off
[    4.447310] sd 0:0:0:0: [sda] Mode Sense: 00 3a 00 00
[    4.448783] sd 0:0:0:0: [sda] Write cache: enabled, read cache: enabled, doesn't support DPO or FUA
[    4.458432]  sda: sda1
[    4.464955] Creating 11 MTD partitions on "NAND 128MiB 1,8V 8-bit":
[    4.465523] 0x000000000000-0x000000100000 : "NAND simulator partition 0"
[    4.474897] 0x000000100000-0x000000200000 : "NAND simulator partition 1"
[    4.483697] 0x000000200000-0x000000300000 : "NAND simulator partition 2"
[    4.492666] 0x000000300000-0x000000400000 : "NAND simulator partition 3"
[    4.501648] 0x000000400000-0x000000500000 : "NAND simulator partition 4"
[    4.510707] 0x000000500000-0x000000600000 : "NAND simulator partition 5"
[    4.519904] 0x000000600000-0x000000700000 : "NAND simulator partition 6"
[    4.529282] 0x000000700000-0x000000800000 : "NAND simulator partition 7"
[    4.538569] 0x000000800000-0x000000900000 : "NAND simulator partition 8"
[    4.547251] 0x000000900000-0x000000a00000 : "NAND simulator partition 9"
[    4.556086] 0x000000a00000-0x000008000000 : "NAND simulator partition 10"
[    4.593581] tun: Universal TUN/TAP device driver, 1.6
[    4.593890] tun: (C) 1999-2004 Max Krasnyansky <maxk@qualcomm.com>
[    4.596990] pcnet32: pcnet32.c:v1.35 21.Apr.2008 tsbogend@alpha.franken.de
[    4.598067] e1000: Intel(R) PRO/1000 Network Driver - version 7.3.21-k8-NAPI
[    4.598451] e1000: Copyright (c) 1999-2006 Intel Corporation.
[    4.599271] PCI: Enabling device 0000:00:13.0 (0000 -> 0003)
[    4.611799] sd 0:0:0:0: [sda] Attached SCSI disk
[    4.915920] e1000 0000:00:13.0 eth0: (PCI:33MHz:32-bit) 52:54:00:12:34:56
[    4.916605] e1000 0000:00:13.0 eth0: Intel(R) PRO/1000 Network Connection
[    4.917195] PCI: Enabling device 0000:00:14.0 (0000 -> 0003)
[    5.222282] e1000 0000:00:14.0 eth1: (PCI:33MHz:32-bit) 52:54:00:12:34:57
[    5.222767] e1000 0000:00:14.0 eth1: Intel(R) PRO/1000 Network Connection
[    5.223369] PCI: Enabling device 0000:00:15.0 (0000 -> 0003)
[    5.530194] e1000 0000:00:15.0 eth2: (PCI:33MHz:32-bit) 52:54:00:12:34:58
[    5.530699] e1000 0000:00:15.0 eth2: Intel(R) PRO/1000 Network Connection
[    5.531309] PCI: Enabling device 0000:00:16.0 (0000 -> 0003)
[    5.840675] e1000 0000:00:16.0 eth3: (PCI:33MHz:32-bit) 52:54:00:12:34:59
[    5.841155] e1000 0000:00:16.0 eth3: Intel(R) PRO/1000 Network Connection
[    5.842300] e1000e: Intel(R) PRO/1000 Network Driver - 2.3.2-k
[    5.842604] e1000e: Copyright(c) 1999 - 2014 Intel Corporation.
[    5.846521] PPP generic driver version 2.4.2
[    5.848444] PPP Deflate Compression module registered
[    5.849003] PPP MPPE Compression module registered
[    5.849345] NET: Registered protocol family 24
[    5.849939] ehci_hcd: USB 2.0 'Enhanced' Host Controller (EHCI) Driver
[    5.850368] ehci-pci: EHCI PCI platform driver
[    5.851350] ohci_hcd: USB 1.1 'Open' Host Controller (OHCI) Driver
[    5.851776] ohci-pci: OHCI PCI platform driver
[    5.852845] uhci_hcd: USB Universal Host Controller Interface driver
[    5.854271] uhci_hcd 0000:00:0a.2: UHCI Host Controller
[    5.854982] uhci_hcd 0000:00:0a.2: new USB bus registered, assigned bus number 1
[    5.855914] uhci_hcd 0000:00:0a.2: irq 11, io base 0x00001440
[    5.866450] hub 1-0:1.0: USB hub found
[    5.867119] hub 1-0:1.0: 2 ports detected
[    5.875288] usbcore: registered new interface driver usb-storage
[    5.879171] mousedev: PS/2 mouse device common for all mice
[    5.884881] rtc_cmos rtc_cmos: rtc core: registered rtc_cmos as rtc0
[    5.885536] rtc_cmos rtc_cmos: alarms up to one day, 242 bytes nvram
[    5.886784] i2c /dev entries driver
[    5.887849] piix4_smbus 0000:00:0a.3: SMBus Host Controller at 0x1100, revision 0
[    5.892107] sdhci: Secure Digital Host Controller Interface driver
[    5.892440] sdhci: Copyright(c) Pierre Ossman
[    5.894461] hidraw: raw HID events driver (C) Jiri Kosina
[    5.910725] usbcore: registered new interface driver usbhid
[    5.911047] usbhid: USB HID core driver
[    5.912091] Netfilter messages via NETLINK v0.30.
[    5.913257] nf_conntrack version 0.5.0 (3923 buckets, 15692 max)
[    5.916261] ctnetlink v0.93: registering with nfnetlink.
[    5.921263] ipip: IPv4 over IPv4 tunneling driver
[    5.932370] ip_tables: (C) 2000-2006 Netfilter Core Team
[    5.934824] arp_tables: (C) 2002 David S. Miller
[    5.936558] Initializing XFRM netlink socket
[    5.937593] NET: Registered protocol family 10
[    5.954749] ip6_tables: (C) 2000-2006 Netfilter Core Team
[    5.958086] sit: IPv6 over IPv4 tunneling driver
[    5.973534] NET: Registered protocol family 17
[    5.974366] bridge: automatic filtering via arp/ip/ip6tables has been deprecated. Update your scripts to load br_netfilter if you need this.
[    5.975341] Bridge firewalling registered
[    5.975710] Ebtables v2.0 registered
[    5.979563] 8021q: 802.1Q VLAN Support v1.8
[    5.998878] rtc_cmos rtc_cmos: setting system clock to 2025-07-23 15:53:32 UTC (1753286012)
[    6.017915] EXT2-fs (sda1): warning: mounting unchecked fs, running e2fsck is recommended
[    6.019858] VFS: Mounted root (ext2 filesystem) on device 8:1.
[    6.028530] Freeing YAMON memory: 956k freed
[    6.038373] Freeing unused kernel memory: 260K (8081f000 - 80860000)
[    6.071119] firmadyne: sys_reboot[PID: 48 (init)]: magic1:fee1dead, magic2:28121969, cmd:0
init started:  BusyBox v1.00 (2007.12.04-12:53+0000) multi-call binary
Starting pid 50, console /dev/tts/0: '/etc/init.d/rcS'
[    6.190079] firmadyne: do_execve: /firmadyne/console
[    6.190614] OFFSETS: offset of pid: 0x198 offset of comm: 0x278
[/etc/init.d/S03config.sh]
Mounting proc and var ...
[    6.691742] firmadyne: sys_socket[PID: 71 (wps)]: family:1, type:1, protocol:0
[    6.701879] firmadyne: sys_socket[PID: 71 (wps)]: family:1, type:1, protocol:0
[    6.713119] random: wps urandom read with 73 bits of entropy available
[    6.736909] firmadyne: sys_socket[PID: 71 (wps)]: family:1, type:1, protocol:0
[    7.542148] cfg80211: Calling CRDA to update world regulatory domain
[    7.746783] firmadyne: sys_socket[PID: 71 (wps)]: family:1, type:1, protocol:0
[    8.761880] firmadyne: sys_socket[PID: 71 (wps)]: family:1, type:1, protocol:0
[    9.778531] firmadyne: sys_socket[PID: 71 (wps)]: family:1, type:1, protocol:0
[    9.782549] firmadyne: sys_socket[PID: 71 (wps)]: family:1, type:1, protocol:0
Start xmldb ...
[    9.939723] firmadyne: sys_socket[PID: 74 (xmldb)]: family:1, type:2, protocol:0
[   10.688641] cfg80211: Calling CRDA to update world regulatory domain
[/etc/scripts/misc/profile.sh] get ...
Can't get config from nvram, generate default!
[/etc/scripts/misc/profile.sh] reset ...
[   11.360358] firmadyne: sys_socket[PID: 92 (rgdb)]: family:1, type:2, protocol:0
[/etc/scripts/misc/defnodes.sh] ...
[/etc/defnodes/S10setext.sh] ...
[   11.601195] firmadyne: sys_socket[PID: 100 (xmldbc)]: family:1, type:2, protocol:0
[   11.646253] firmadyne: sys_socket[PID: 101 (xmldbc)]: family:1, type:2, protocol:0
[   11.690496] firmadyne: sys_socket[PID: 102 (xmldbc)]: family:1, type:2, protocol:0
[   11.734377] firmadyne: sys_socket[PID: 103 (xmldbc)]: family:1, type:2, protocol:0
[   11.777931] firmadyne: sys_socket[PID: 104 (xmldbc)]: family:1, type:2, protocol:0
[   11.822343] firmadyne: sys_socket[PID: 105 (xmldbc)]: family:1, type:2, protocol:0
[   11.867538] firmadyne: sys_socket[PID: 106 (xmldbc)]: family:1, type:2, protocol:0
[   11.910982] firmadyne: sys_socket[PID: 107 (xmldbc)]: family:1, type:2, protocol:0
[   11.954106] firmadyne: sys_socket[PID: 108 (xmldbc)]: family:1, type:2, protocol:0
[   11.997843] firmadyne: sys_socket[PID: 109 (xmldbc)]: family:1, type:2, protocol:0
[   12.041324] firmadyne: sys_socket[PID: 110 (xmldbc)]: family:1, type:2, protocol:0
[   12.086073] firmadyne: sys_socket[PID: 111 (xmldbc)]: family:1, type:2, protocol:0
[   12.129843] firmadyne: sys_socket[PID: 112 (xmldbc)]: family:1, type:2, protocol:0
[   12.173682] firmadyne: sys_socket[PID: 113 (xmldbc)]: family:1, type:2, protocol:0
[   12.218247] firmadyne: sys_socket[PID: 114 (xmldbc)]: family:1, type:2, protocol:0
[   12.263162] firmadyne: sys_socket[PID: 115 (xmldbc)]: family:1, type:2, protocol:0
[   12.307182] firmadyne: sys_socket[PID: 116 (xmldbc)]: family:1, type:2, protocol:0
[   12.351058] firmadyne: sys_socket[PID: 117 (xmldbc)]: family:1, type:2, protocol:0
[   12.395364] firmadyne: sys_socket[PID: 118 (xmldbc)]: family:1, type:2, protocol:0
[   12.439017] firmadyne: sys_socket[PID: 119 (xmldbc)]: family:1, type:2, protocol:0
[   12.483712] firmadyne: sys_socket[PID: 120 (xmldbc)]: family:1, type:2, protocol:0
[   12.527056] firmadyne: sys_socket[PID: 121 (xmldbc)]: family:1, type:2, protocol:0
[   12.570478] firmadyne: sys_socket[PID: 122 (xmldbc)]: family:1, type:2, protocol:0
[   12.614175] firmadyne: sys_socket[PID: 123 (xmldbc)]: family:1, type:2, protocol:0
PHP [/etc/defnodes/S11setnodes.php] ...
[   12.698763] firmadyne: sys_socket[PID: 126 (rgdb)]: family:1, type:2, protocol:0
[   12.733030] random: nonblocking pool is initialized
PHP [/etc/defnodes/S12features.php] ...
[   13.106482] firmadyne: sys_socket[PID: 137 (rgdb)]: family:1, type:2, protocol:0
PHP [/etc/defnodes/S13flashspeed.php] ...
[   13.196387] firmadyne: sys_socket[PID: 140 (rgdb)]: family:1, type:2, protocol:0
PHP [/etc/defnodes/S20setnodes.php] ...
[   13.359713] firmadyne: sys_socket[PID: 145 (rgdb)]: family:1, type:2, protocol:0
[   13.469278] firmadyne: sys_socket[PID: 149 (xmldbc)]: family:1, type:2, protocol:0
[   13.589486] firmadyne: sys_socket[PID: 152 (xmldbc)]: family:1, type:2, protocol:0
[   13.693247] firmadyne: sys_socket[PID: 156 (xmldbc)]: family:1, type:2, protocol:0
[   13.802971] firmadyne: sys_socket[PID: 159 (xmldbc)]: family:1, type:2, protocol:0
[   13.836295] cfg80211: Calling CRDA to update world regulatory domain
[   13.895114] firmadyne: sys_socket[PID: 162 (xmldbc)]: family:1, type:2, protocol:0
[   13.939585] firmadyne: sys_socket[PID: 163 (xmldbc)]: family:1, type:2, protocol:0
[   13.984024] firmadyne: sys_socket[PID: 164 (xmldbc)]: family:1, type:2, protocol:0
[   14.028266] firmadyne: sys_socket[PID: 165 (xmldbc)]: family:1, type:2, protocol:0
[   14.074193] firmadyne: sys_socket[PID: 166 (xmldbc)]: family:1, type:2, protocol:0
[   14.119066] firmadyne: sys_socket[PID: 167 (xmldbc)]: family:1, type:2, protocol:0
[   14.163179] firmadyne: sys_socket[PID: 168 (xmldbc)]: family:1, type:2, protocol:0
[   14.278229] EXT3-fs (mtdblock6): error: can't find ext3 filesystem on dev mtdblock6.
[   14.283180] EXT2-fs (mtdblock6): error: can't find an ext2 filesystem on dev mtdblock6.
[   14.288318] EXT4-fs (mtdblock6): VFS: Can't find ext4 filesystem
[   14.298857] cramfs: wrong magic
[   14.303815] squashfs: SQUASHFS error: Can't find a SQUASHFS superblock on mtdblock6
[   14.308962] FAT-fs (mtdblock6): bogus logical sector size 65535
[   14.309489] FAT-fs (mtdblock6): Can't find a valid FAT filesystem
[   14.317636] romfs: VFS: Can't find a romfs filesystem on dev mtdblock6.
[   14.322597] UDF-fs: warning (device mtdblock6): udf_load_vrs: No VRS found
[   14.323207] UDF-fs: warning (device mtdblock6): udf_fill_super: No partition found (2)
mount: Mounting /dev/mtdblock/6 on /www/locale/alt failed: Invalid argument
[   14.328199] spurious 8259A interrupt: IRQ7.
[   14.429681] firmadyne: sys_socket[PID: 177 (xmldbc)]: family:1, type:2, protocol:0
[   14.583122] firmadyne: sys_socket[PID: 184 (xmldbc)]: family:1, type:2, protocol:0
[   14.674322] firmadyne: sys_socket[PID: 187 (xmldbc)]: family:1, type:2, protocol:0
[   14.718693] firmadyne: sys_socket[PID: 188 (xmldbc)]: family:1, type:2, protocol:0
PHP [/etc/defnodes/S40brand.php] ...
[   14.802401] firmadyne: sys_socket[PID: 191 (rgdb)]: family:1, type:2, protocol:0
[/etc/scripts/misc/defnodes.sh] Done !!
[/etc/scripts/misc/profile.sh] put ...
[   15.093400] firmadyne: sys_socket[PID: 200 (rgdb)]: family:1, type:2, protocol:0
ok
[/etc/templates/timezone.sh] ...
[   15.489238] firmadyne: sys_socket[PID: 209 (rgdb)]: family:1, type:2, protocol:0
[   15.626925] firmadyne: sys_socket[PID: 214 (rgdb)]: family:1, type:2, protocol:0
[   16.099132] firmadyne: sys_socket[PID: 218 (rgdb)]: family:1, type:2, protocol:0
[   16.165856] firmadyne: sys_socket[PID: 220 (rgdb)]: family:1, type:2, protocol:0
[   16.229425] firmadyne: sys_socket[PID: 222 (rgdb)]: family:1, type:2, protocol:0
[/etc/templates/logs.sh] ...
[   16.392027] firmadyne: sys_socket[PID: 228 (rgdb)]: family:1, type:2, protocol:0
[   16.472181] firmadyne: sys_socket[PID: 230 (rgdb)]: family:1, type:2, protocol:0
[/var/run/logs_run.sh] ...
[   16.722527] firmadyne: sys_socket[PID: 234 (syslogd)]: family:1, type:1, protocol:0
Inserting modules ...
Using /lib/modules/wlan.o
insmod: Not configured to support old kernels
Using /lib/modules/wlan_xauth.o
insmod: Not configured to support old kernels
Using /lib/modules/wlan_wep.o
insmod: Not configured to support old kernels
Using /lib/modules/wlan_tkip.o
[   16.980303] cfg80211: Calling CRDA to update world regulatory domain
insmod: Not configured to support old kernels
Using /lib/modules/wlan_scan_sta.o
insmod: Not configured to support old kernels
Using /lib/modules/wlan_scan_ap.o
insmod: Not configured to support old kernels
Using /lib/modules/wlan_ccmp.o
insmod: Not configured to support old kernels
Using /lib/modules/wlan_acl.o
insmod: Not configured to support old kernels
Using /lib/modules/ath_hal.o
insmod: Not configured to support old kernels
Using /lib/modules/ath_rate_atheros.o
insmod: Not configured to support old kernels
Using /lib/modules/ath_dfs.o
insmod: Not configured to support old kernels
[   17.286818] firmadyne: sys_socket[PID: 253 (rgdb)]: family:1, type:2, protocol:0
The countrycode is 840.
Using /lib/modules/ath_ahb.o
insmod: Not configured to support old kernels
[   17.525055] firmadyne: sys_socket[PID: 260 (wlanconfig)]: family:2, type:1, protocol:0
wlanconfig: ioctl: No such device
[   17.659600] firmadyne: sys_socket[PID: 268 (ifconfig)]: family:2, type:1, protocol:0
SIOCSIFHWADDR: No such device
Using /lib/modules/ar231x_access.o
insmod: Not configured to support old kernels
[   17.821960] firmadyne: sys_socket[PID: 277 (ifconfig)]: family:2, type:1, protocol:0
[   17.839005] IPv6: ADDRCONF(NETDEV_UP): eth0: link is not ready
[   17.839855] 8021q: adding VLAN 0 to HW filter on device eth0
[   17.844674] e1000: eth0 NIC Link is Up 1000 Mbps Full Duplex, Flow Control: RX
[   17.847536] IPv6: ADDRCONF(NETDEV_CHANGE): eth0: link becomes ready
[   17.899166] firmadyne: sys_socket[PID: 278 (rgdb)]: family:1, type:2, protocol:0
[   17.959306] firmadyne: sys_socket[PID: 280 (rgdb)]: family:1, type:2, protocol:0
[   18.035730] firmadyne: sys_socket[PID: 282 (rgdb)]: family:1, type:2, protocol:0
[   18.099819] firmadyne: sys_socket[PID: 284 (vconfig)]: family:2, type:2, protocol:0
Set name-type for VLAN subsystem. Should be visible in /proc/net/vlan/config
[   18.144717] firmadyne: sys_socket[PID: 285 (vconfig)]: family:2, type:2, protocol:0
[   18.146409] firmadyne: register_vlan_dev[PID: 285 (vconfig)]: dev:eth0.0 vlan_id:0
[   18.202347] firmadyne: sys_socket[PID: 286 (vconfig)]: family:2, type:2, protocol:0
[   18.203919] firmadyne: register_vlan_dev[PID: 286 (vconfig)]: dev:eth0.2 vlan_id:2
[   18.258346] firmadyne: sys_socket[PID: 287 (brctl)]: family:2, type:2, protocol:0
[   18.312272] firmadyne: sys_socket[PID: 288 (brctl)]: family:2, type:2, protocol:0
[   18.315362] firmadyne: sys_socket[PID: 288 (brctl)]: family:10, type:1, protocol:0
[   18.357563] firmadyne: sys_socket[PID: 289 (brctl)]: family:2, type:2, protocol:0
[   18.361737] firmadyne: sys_socket[PID: 289 (brctl)]: family:10, type:1, protocol:0
[   18.384613] firmadyne: sys_socket[PID: 290 (ifconfig)]: family:2, type:1, protocol:0
[   18.386355] firmadyne: __inet_insert_ifa[PID: 290 (ifconfig)]: device:br0 ifa:0x00000000
[/etc/templates/webs.sh] start ...
[   18.525434] firmadyne: sys_socket[PID: 294 (rgdb)]: family:1, type:2, protocol:0
[   18.625346] firmadyne: sys_socket[PID: 295 (rgdb)]: family:1, type:2, protocol:0
[/var/run/webs_start.sh] ...
Starting HTTPD ...
[/etc/init.d/S03config.sh] done!
[/etc/init.d/S10system.sh]
[   18.924909] firmadyne: sys_socket[PID: 304 (rgdb)]: family:1, type:2, protocol:0
start scheduled ...
[/etc/templates/scheduled.sh] start ...
[   19.180375] firmadyne: sys_socket[PID: 309 (rgdb)]: family:1, type:2, protocol:0
[   19.236601] firmadyne: sys_socket[PID: 311 (route)]: family:2, type:1, protocol:0
[   19.375914] firmadyne: sys_socket[PID: 313 (httpd)]: family:2, type:2, protocol:0
[   19.381528] firmadyne: sys_setsockopt[PID: 313 (httpd)]: fd:4, level:65535, optname:4
[   19.382656] firmadyne: sys_setsockopt[PID: 313 (httpd)]: fd:4, level:65535, optname:25
[   19.383525] firmadyne: inet_bind[PID: 313 (httpd)]: proto:SOCK_STREAM, port:49152
[   19.387574] firmadyne: sys_socket[PID: 315 (xmldbc)]: family:1, type:2, protocol:0
[   19.391480] firmadyne: sys_socket[PID: 313 (httpd)]: family:2, type:1, protocol:0
[   19.395973] firmadyne: sys_setsockopt[PID: 313 (httpd)]: fd:5, level:65535, optname:4
[   19.419938] firmadyne: sys_setsockopt[PID: 313 (httpd)]: fd:5, level:65535, optname:25
[   19.420838] firmadyne: inet_bind[PID: 313 (httpd)]: proto:SOCK_DGRAM, port:1900
[   19.421665] firmadyne: sys_setsockopt[PID: 313 (httpd)]: fd:5, level:0, optname:35
[   19.423091] firmadyne: sys_socket[PID: 313 (httpd)]: family:2, type:2, protocol:0
[   19.423869] firmadyne: sys_setsockopt[PID: 313 (httpd)]: fd:6, level:65535, optname:4
[   19.432543] firmadyne: sys_setsockopt[PID: 313 (httpd)]: fd:6, level:65535, optname:25
[   19.433274] firmadyne: inet_bind[PID: 313 (httpd)]: proto:SOCK_STREAM, port:80
[   19.501699] firmadyne: sys_socket[PID: 313 (httpd)]: family:1, type:1, protocol:0
[   19.507588] firmadyne: sys_socket[PID: 316 (xmldbc)]: family:1, type:2, protocol:0
[/var/run/scheduled_start.sh] ...
Start scheduled ...
setup layout ...
[   19.686714] firmadyne: sys_socket[PID: 320 (scheduled)]: family:1, type:1, protocol:0
[/etc/scripts/layout.sh] start ...
[   19.787514] firmadyne: sys_socket[PID: 325 (rgdb)]: family:1, type:2, protocol:0
[   19.903600] firmadyne: sys_socket[PID: 326 (rgdb)]: family:1, type:2, protocol:0
[/var/run/layout_start.sh] ...
Start router layout ...
/proc/driver/ae531x: cannot create
/proc/driver/ae531x: cannot create
/proc/driver/ae531x: cannot create
/proc/driver/ae531x: cannot create
/proc/driver/ae531x: cannot create
/proc/driver/ae531x: cannot create
/proc/driver/ae531x: cannot create
/proc/driver/ae531x: cannot create
/proc/driver/ae531x: cannot create
[   20.124454] cfg80211: Calling CRDA to update world regulatory domain
/proc/driver/ae531x: cannot create
[   20.144827] firmadyne: sys_socket[PID: 340 (ifconfig)]: family:2, type:1, protocol:0
[   20.164041] firmadyne: sys_socket[PID: 341 (ifconfig)]: family:2, type:1, protocol:0
[   20.205040] firmadyne: sys_socket[PID: 342 (brctl)]: family:2, type:2, protocol:0
[   20.209411] firmadyne: sys_socket[PID: 342 (brctl)]: family:10, type:1, protocol:0
[   20.211685] firmadyne: sys_socket[PID: 342 (brctl)]: family:10, type:1, protocol:0
interface ath0 does not exist!
[   20.272230] firmadyne: sys_socket[PID: 347 (brctl)]: family:2, type:2, protocol:0
[   20.275388] firmadyne: sys_socket[PID: 347 (brctl)]: family:10, type:1, protocol:0
[   20.279093] firmadyne: sys_socket[PID: 347 (brctl)]: family:10, type:1, protocol:0
[   20.281969] firmadyne: br_add_if[PID: 347 (brctl)]: br:br0 dev:eth0.0
[   20.287253] device eth0.0 entered promiscuous mode
[   20.287950] device eth0 entered promiscuous mode
[   20.290854] br0: port 1(eth0.0) entered forwarding state
[   20.291937] br0: port 1(eth0.0) entered forwarding state
[   20.331509] firmadyne: sys_socket[PID: 348 (brctl)]: family:2, type:2, protocol:0
[   20.334405] firmadyne: sys_socket[PID: 348 (brctl)]: family:10, type:1, protocol:0
[   20.337781] firmadyne: sys_socket[PID: 348 (brctl)]: family:10, type:1, protocol:0
can't find port ath0 in bridge br0
[   20.376273] firmadyne: sys_socket[PID: 353 (ifconfig)]: family:2, type:1, protocol:0
[   20.417559] firmadyne: sys_socket[PID: 354 (rgdb)]: family:1, type:2, protocol:0
start LAN ...
[/etc/templates/lan.sh] ...
[   20.573611] firmadyne: sys_socket[PID: 359 (rgdb)]: family:1, type:2, protocol:0
[   20.796877] firmadyne: sys_socket[PID: 360 (rgdb)]: family:1, type:2, protocol:0
[/var/run/lan_start.sh] ...
Start LAN (br0/192.168.0.1/255.255.255.0)...
[   21.008875] firmadyne: sys_socket[PID: 364 (ifconfig)]: family:2, type:1, protocol:0
[   21.010400] firmadyne: __inet_insert_ifa[PID: 364 (ifconfig)]: device:br0 ifa:0xc0a80001
Start DHCP server (br0) ...
[   21.167261] firmadyne: sys_socket[PID: 368 (dhcpxmlpatch)]: family:1, type:2, protocol:0
start fresetd ...
enable LAN ports ...
[   21.246038] firmadyne: sys_socket[PID: 367 (udhcpd)]: family:2, type:3, protocol:255
[   21.254118] firmadyne: sys_socket[PID: 367 (udhcpd)]: family:2, type:1, protocol:17
[   21.255370] firmadyne: sys_setsockopt[PID: 367 (udhcpd)]: fd:5, level:65535, optname:4
[   21.267997] firmadyne: sys_setsockopt[PID: 367 (udhcpd)]: fd:5, level:65535, optname:32
[   21.269272] firmadyne: sys_setsockopt[PID: 367 (udhcpd)]: fd:5, level:65535, optname:25
[   21.270418] firmadyne: inet_bind[PID: 367 (udhcpd)]: proto:SOCK_DGRAM, port:67
Factory reset time : 5 secs
WPS command : [/etc/templates/wps.sh pbc &]
gpio_outen/proc/driver/ae531x: cannot : can not open [/proc/ar231x/gpio_cr7] to write.
create
/proc/driver/ae531x: cannot create
/proc/driver/ae531x: cannot create
/proc/driver/ae531x: cannot create
start WLAN ...
[/etc/templates/wlan.sh] start ...
[   21.506921] firmadyne: sys_socket[PID: 383 (rgdb)]: family:1, type:2, protocol:0
[   21.942076] firmadyne: sys_socket[PID: 386 (rgdb)]: family:1, type:2, protocol:0
[/var/run/wlan_start.sh] ...
Start WLAN interface ath0 ...
[   22.204463] firmadyne: sys_socket[PID: 390 (iwpriv)]: family:2, type:1, protocol:0
ath0      no private ioctls.

[   22.245506] firmadyne: sys_socket[PID: 391 (iwpriv)]: family:2, type:1, protocol:0
ath0      no private ioctls.

[   22.285972] firmadyne: sys_socket[PID: 392 (iwpriv)]: family:2, type:1, protocol:0
ath0      no private ioctls.

[   22.329339] firmadyne: sys_socket[PID: 393 (brctl)]: family:2, type:2, protocol:0
[   22.333475] firmadyne: sys_socket[PID: 393 (brctl)]: family:10, type:1, protocol:0
[   22.335699] firmadyne: sys_socket[PID: 393 (brctl)]: family:10, type:1, protocol:0
can't find port ath0 in bridge br0
[   22.394468] firmadyne: sys_socket[PID: 398 (iwpriv)]: family:2, type:1, protocol:0
ath0      no private ioctls.

[   22.434621] firmadyne: sys_socket[PID: 399 (iwpriv)]: family:2, type:1, protocol:0
ath0      no private ioctls.

[   22.477118] firmadyne: sys_socket[PID: 400 (iwpriv)]: family:2, type:1, protocol:0
ath0      no private ioctls.

[   22.515759] firmadyne: sys_socket[PID: 401 (iwpriv)]: family:2, type:1, protocol:0
ath0      no private ioctls.

[   22.556692] firmadyne: sys_socket[PID: 402 (iwpriv)]: family:2, type:1, protocol:0
ath0      no private ioctls.

[   22.598009] firmadyne: sys_socket[PID: 403 (iwconfig)]: family:2, type:1, protocol:0
Error for wireless request "Set Frequency" (8B04) :
    SET failed on device ath0 ; Invalid argument.
[   22.642931] firmadyne: sys_socket[PID: 404 (iwconfig)]: family:2, type:1, protocol:0
Error for wireless request "Set RTS Threshold" (8B22) :
    SET failed on device ath0 ; Invalid argument.
[   22.688535] firmadyne: sys_socket[PID: 405 (iwconfig)]: family:2, type:1, protocol:0
Error for wireless request "Set Fragmentation Threshold" (8B24) :
    SET failed on device ath0 ; Invalid argument.
[   22.733704] firmadyne: sys_socket[PID: 406 (iwconfig)]: family:2, type:1, protocol:0
Error for wireless request "Set Bit Rate" (8B20) :
    SET failed on device ath0 ; Invalid argument.
[   22.783496] firmadyne: sys_socket[PID: 407 (iwpriv)]: family:2, type:1, protocol:0
ath0      no private ioctls.

[   22.825402] firmadyne: sys_socket[PID: 408 (iwpriv)]: family:2, type:1, protocol:0
ath0      no private ioctls.

/proc/net/br_forward_br0: cannot create
[   22.880644] firmadyne: sys_socket[PID: 410 (iwpriv)]: family:2, type:1, protocol:0
ath0      no private ioctls.

[   22.922086] firmadyne: sys_socket[PID: 411 (iwpriv)]: family:2, type:1, protocol:0
ath0      no private ioctls.

[   22.963645] firmadyne: sys_socket[PID: 412 (iwpriv)]: family:2, type:1, protocol:0
ath0      no private ioctls.

[   23.005892] firmadyne: sys_socket[PID: 413 (iwpriv)]: family:2, type:1, protocol:0
ath0      no private ioctls.

[   23.049187] firmadyne: sys_socket[PID: 414 (iwconfig)]: family:2, type:1, protocol:0
Error for wireless request "Set ESSID" (8B1A) :
    SET failed on device ath0 ; Invalid argument.
[   23.113836] firmadyne: sys_socket[PID: 417 (ifconfig)]: family:2, type:1, protocol:0
SIOCGIFFLAGS: No such device
[   23.189785] firmadyne: sys_socket[PID: 416 (wlxmlpatch)]: family:1, type:2, protocol:0
[   23.209355] firmadyne: sys_socket[PID: 416 (wlxmlpatch)]: family:1, type:2, protocol:0
[   23.214596] firmadyne: sys_socket[PID: 416 (wlxmlpatch)]: family:2, type:1, protocol:0
madwifi_pollConfiguration file: /var/run/hostapd.ath0.conf
: ioctl_get_ssid() fail, return -1 !
[   23.229790] firmadyne: sys_socket[PID: 416 (wlxmlpatch)]: family:1, type:2, protocol:0
[   23.246977] firmadyne: sys_socket[PID: 415 (hostapd)]: family:2, type:1, protocol:0
[   23.268523] cfg80211: Calling CRDA to update world regulatory domain
[   23.274126] firmadyne: sys_socket[PID: 422 (usockc)]: family:1, type:1, protocol:0
Unable to open socket file : /var/run/fresetd_unixsock
ioctl(SIOCGIFINDEX): No such device
madwifi driver initialization failed.
[/etc/templates/wps.sh] setie ...
[   23.401230] firmadyne: sys_socket[PID: 429 (xmldbc)]: family:1, type:2, protocol:0
[   23.503186] firmadyne: sys_socket[PID: 430 (wps)]: family:1, type:1, protocol:0
[   23.749920] firmadyne: inet_accept[PID: 313 (httpd)]:
[   23.751221] firmadyne: inet_accept[PID: 313 (httpd)]:
[   24.897370] firmadyne: sys_socket[PID: 431 (atp)]: family:1, type:2, protocol:0
[   26.107150] firmadyne: sys_socket[PID: 430 (wps)]: family:1, type:1, protocol:0
[   26.173303] firmadyne: sys_socket[PID: 432 (atp)]: family:1, type:2, protocol:0
[   26.414234] cfg80211: Calling CRDA to update world regulatory domain
[   26.834440] firmadyne: sys_socket[PID: 433 (atp)]: family:1, type:2, protocol:0
[   27.114155] firmadyne: sys_socket[PID: 430 (wps)]: family:1, type:1, protocol:0
[/usr/sbin/submit] COMMIT ...
[   27.722865] firmadyne: sys_socket[PID: 439 (xmldbc)]: family:1, type:2, protocol:0
[/etc/scripts/misc/profile.sh] put ...
[   27.973489] firmadyne: sys_socket[PID: 445 (rgdb)]: family:1, type:2, protocol:0
[   28.124423] firmadyne: sys_socket[PID: 430 (wps)]: family:1, type:1, protocol:0
ok
[/usr/sbin/submit] ROUTE ...
[   28.451851] firmadyne: sys_socket[PID: 455 (xmldbc)]: family:1, type:2, protocol:0
[/etc/templates/route.sh] restart ...
[   28.653320] firmadyne: sys_socket[PID: 459 (xmldbc)]: family:1, type:2, protocol:0
[   28.712820] firmadyne: sys_socket[PID: 460 (xmldbc)]: family:1, type:2, protocol:0
[/var/run/route_start.sh] ...
[   29.100606] firmadyne: sys_socket[PID: 463 (atp)]: family:1, type:2, protocol:0
[   29.128471] firmadyne: sys_socket[PID: 430 (wps)]: family:1, type:1, protocol:0
[   29.129896] firmadyne: sys_socket[PID: 430 (wps)]: family:1, type:1, protocol:0
[   29.131559] firmadyne: sys_socket[PID: 430 (wps)]: family:1, type:1, protocol:0
[   29.560252] cfg80211: Calling CRDA to update world regulatory domain
[   30.144353] firmadyne: sys_socket[PID: 430 (wps)]: family:1, type:1, protocol:0
[   31.150439] firmadyne: sys_socket[PID: 430 (wps)]: family:1, type:1, protocol:0
[/usr/sbin/submit] COMMIT ...
[   31.323225] firmadyne: sys_socket[PID: 469 (xmldbc)]: family:1, type:2, protocol:0
[/etc/scripts/misc/profile.sh] put ...
[   31.546253] firmadyne: sys_socket[PID: 475 (rgdb)]: family:1, type:2, protocol:0
ok
[/usr/sbin/submit] ROUTE ...
[   32.004198] firmadyne: sys_socket[PID: 485 (xmldbc)]: family:1, type:2, protocol:0
[/etc/templates/route.sh] restart ...
[   32.161364] firmadyne: sys_socket[PID: 430 (wps)]: family:1, type:1, protocol:0
[   32.163894] firmadyne: sys_socket[PID: 430 (wps)]: family:1, type:1, protocol:0
Start WLAN interface ath0 Done !!!
start Guest Zone
[/var/run/route_stop.sh] ...
[/etc/templates/gzone.sh] ...
[   32.379251] firmadyne: sys_socket[PID: 495 (xmldbc)]: family:1, type:2, protocol:0
[   32.537705] firmadyne: sys_socket[PID: 498 (xmldbc)]: family:1, type:2, protocol:0
[   32.658504] firmadyne: sys_socket[PID: 499 (xmldbc)]: family:1, type:2, protocol:0
[   32.677175] firmadyne: sys_socket[PID: 500 (xmldbc)]: family:1, type:2, protocol:0
[   32.704250] cfg80211: Calling CRDA to update world regulatory domain
[   32.737148] firmadyne: sys_socket[PID: 501 (xgi)]: family:1, type:2, protocol:0
[   32.815116] 
do_page_fault(): sending SIGSEGV to xgi for invalid read access from 7a79777a
[   32.815673] epc = 7a79777a inra  = 7a79777a in
[   32.816370] 
[   32.821763] potentially unexpected fatal signal 11.
[   32.822372] CPU: 0 PID: 501 Comm: xgi Not tainted 4.1.17+ #1
[   32.822926] task: 8f0b0598 ti: 8f1d6000 task.ti: 8f1d6000
[   32.823343] $ 0   : 00000000 773dd37e ffffffff ffffffff
[   32.824219] $ 4   : 7741f1f0 7fc61dcf 00000000 7741f1a4
[   32.824854] $ 8   : 00400eed 00000000 77468138 77381b34
[   32.825465] $12   : 00000337 006d7cb3 77383ed4 00400ee8
[   32.826080] $16   : 777a7977 7a79777a 79777a79 777a7977
[   32.826693] $20   : 7a79777a 79777a79 00000000 ffffffff
[   32.827295] $24   : 7737e7c4 773cdc10                  
[   32.828037] $28   : 10008890 7fc62900 00000000 7a79777a
[   32.828673] Hi    : 00000000
[   32.828972] Lo    : 000000d7
[   32.829364] epc   : 7a79777a 0x7a79777a
[   32.829773] ra    : 7a79777a 0x7a79777a
[   32.830110] Status: 0000a413	USER EXL IE 
[   32.830626] Cause : 10800008
[   32.830933] BadVA : 7a79777a
[   32.831260] PrId  : 00019300 (MIPS 24Kc)
[/var/run/route_start.sh] ...
[/etc/templates/enable_gzone.sh] ...
start RG ...
[/etc/templates/rg.sh] start ...
[   33.128320] firmadyne: sys_socket[PID: 512 (rgdb)]: family:1, type:2, protocol:0
[   33.182090] firmadyne: sys_socket[PID: 513 (rgdb)]: family:1, type:2, protocol:0
[/usr/sbin/submit] COMMIT ...
[   33.722404] firmadyne: sys_socket[PID: 519 (xmldbc)]: family:1, type:2, protocol:0
[/var/run/rg_start.sh] ...
[   33.951509] firmadyne: sys_socket[PID: 522 (iptables)]: family:2, type:3, protocol:255
[   33.961028] firmadyne: sys_setsockopt[PID: 522 (iptables)]: fd:3, level:0, optname:64
[   33.962959] firmadyne: sys_setsockopt[PID: 522 (iptables)]: fd:3, level:0, optname:65
[/etc/scripts/misc/profile.sh] put ...
[   34.069941] firmadyne: sys_socket[PID: 525 (iptables)]: family:2, type:3, protocol:255
modprobe: could not parse modules.dep

[   34.139581] firmadyne: sys_socket[PID: 525 (iptables)]: family:2, type:3, protocol:255
iptables v1.2.9: can't initialize iptables table `nat': Table does not exist (do you need to insmod?)
Perhaps iptables or your kernel needs to be upgraded.
[   34.254423] firmadyne: sys_socket[PID: 535 (rgdb)]: family:1, type:2, protocol:0
[   34.265121] firmadyne: sys_socket[PID: 534 (iptables)]: family:2, type:3, protocol:255
[   34.282030] firmadyne: sys_setsockopt[PID: 534 (iptables)]: fd:3, level:0, optname:64
[   34.283746] firmadyne: sys_setsockopt[PID: 534 (iptables)]: fd:3, level:0, optname:65
[   34.379721] firmadyne: sys_socket[PID: 536 (iptables)]: family:2, type:3, protocol:255
[   34.490120] firmadyne: sys_socket[PID: 537 (iptables)]: family:2, type:3, protocol:255
modprobe: could not parse modules.dep

[   34.549023] firmadyne: sys_socket[PID: 537 (iptables)]: family:2, type:3, protocol:255
iptables v1.2.9: can't initialize iptables table `nat': Table does not exist (do you need to insmod?)
Perhaps iptables or your kernel needs to be upgraded.
[   34.679351] firmadyne: sys_socket[PID: 544 (iptables)]: family:2, type:3, protocol:255
[   34.778869] firmadyne: sys_socket[PID: 545 (iptables)]: family:2, type:3, protocol:255
[   34.790407] firmadyne: sys_setsockopt[PID: 545 (iptables)]: fd:3, level:0, optname:64
[   34.793559] firmadyne: sys_setsockopt[PID: 545 (iptables)]: fd:3, level:0, optname:65
[   34.910396] firmadyne: sys_socket[PID: 547 (iptables)]: family:2, type:3, protocol:255
[   34.922106] firmadyne: sys_setsockopt[PID: 547 (iptables)]: fd:3, level:0, optname:64
[   34.923774] firmadyne: sys_setsockopt[PID: 547 (iptables)]: fd:3, level:0, optname:65
ok
[   35.040789] firmadyne: sys_socket[PID: 549 (iptables)]: family:2, type:3, protocol:255
[   35.043891] firmadyne: sys_setsockopt[PID: 549 (iptables)]: fd:3, level:0, optname:64
[   35.056660] firmadyne: sys_setsockopt[PID: 549 (iptables)]: fd:3, level:0, optname:65
[   35.152463] firmadyne: sys_socket[PID: 553 (iptables)]: family:2, type:3, protocol:255
[/usr/sbin/submit] RG_DMZ ...
modprobe: could not parse modules.dep

[   35.217324] firmadyne: sys_socket[PID: 553 (iptables)]: family:2, type:3, protocol:255
iptables v1.2.9: can't initialize iptables table `nat': Table does not exist (do you need to insmod?)
Perhaps iptables or your kernel needs to be upgraded.
[   35.318232] firmadyne: sys_socket[PID: 562 (xmldbc)]: family:1, type:2, protocol:0
[   35.353597] firmadyne: sys_socket[PID: 563 (iptables)]: family:2, type:3, protocol:255
modprobe: could not parse modules.dep

[   35.415689] firmadyne: sys_socket[PID: 563 (iptables)]: family:2, type:3, protocol:255
iptables v1.2.9: can't initialize iptables table `nat': Table does not exist (do you need to insmod?)
Perhaps iptables or your kernel needs to be upgraded.
[   35.609138] firmadyne: sys_socket[PID: 569 (iptables)]: family:2, type:3, protocol:255
[   35.621788] firmadyne: sys_setsockopt[PID: 569 (iptables)]: fd:3, level:0, optname:64
[   35.632337] firmadyne: sys_setsockopt[PID: 569 (iptables)]: fd:3, level:0, optname:65
[/etc/templates/rg.sh] dmz ...
[/usr/sbin/submit] RG_MISC ...
[   35.783785] firmadyne: sys_socket[PID: 574 (iptables)]: family:2, type:3, protocol:255
[   35.831914] firmadyne: sys_socket[PID: 576 (rgdb)]: family:1, type:2, protocol:0
[   35.849225] cfg80211: Exceeded CRDA call max attempts. Not calling CRDA
modprobe: could not parse modules.dep

[   35.889349] firmadyne: sys_socket[PID: 574 (iptables)]: family:2, type:3, protocol:255
[   35.920716] firmadyne: sys_socket[PID: 580 (xmldbc)]: family:1, type:2, protocol:0
iptables v1.2.9: can't initialize iptables table `nat': Table does not exist (do you need to insmod?)
Perhaps iptables or your kernel needs to be upgraded.
[   36.049474] firmadyne: sys_socket[PID: 584 (iptables)]: family:2, type:3, protocol:255
modprobe: could not parse modules.dep

[   36.108733] firmadyne: sys_socket[PID: 584 (iptables)]: family:2, type:3, protocol:255
iptables v1.2.9: can't initialize iptables table `nat': Table does not exist (do you need to insmod?)
Perhaps iptables or your kernel needs to be upgraded.
[   36.239891] firmadyne: sys_socket[PID: 590 (iptables)]: family:2, type:3, protocol:255
modprobe: could not parse modules.dep

[   36.303501] firmadyne: sys_socket[PID: 590 (iptables)]: family:2, type:3, protocol:255
iptables v1.2.9: can't initialize iptables table `nat': Table does not exist (do you need to insmod?)
Perhaps iptables or your kernel needs to be upgraded.
[   36.506992] firmadyne: sys_socket[PID: 596 (iptables)]: family:2, type:3, protocol:255
[/var/run/rg_dmz.sh] ...
modprobe: could not parse modules.dep

[   36.605826] firmadyne: sys_socket[PID: 596 (iptables)]: family:2, type:3, protocol:255
[   36.639388] firmadyne: sys_socket[PID: 601 (iptables)]: family:2, type:3, protocol:255
iptables v1.2.9: can't initialize iptables table `nat': Table does not exist (do you need to insmod?)
Perhaps iptables or your kernel needs to be upgraded.
[   36.739653] firmadyne: sys_socket[PID: 601 (iptables)]: family:2, type:3, protocol:255
[   36.811438] firmadyne: sys_socket[PID: 608 (iptables)]: family:2, type:3, protocol:255
[   36.815009] firmadyne: sys_socket[PID: 611 (rgdb)]: family:1, type:2, protocol:0
[   36.850304] firmadyne: sys_socket[PID: 614 (logger)]: family:1, type:1, protocol:0
modprobe: could not parse modules.dep

[   36.923601] firmadyne: sys_socket[PID: 608 (iptables)]: family:2, type:3, protocol:255
iptables v1.2.9: can't initialize iptables table `nat': Table does not exist (do you need to insmod?)
Perhaps iptables or your kernel needs to be upgraded.
Set WAN port media type 0
[   37.016502] firmadyne: sys_socket[PID: 618 (iptables)]: family:2, type:3, protocol:255
[   37.032948] firmadyne: sys_setsockopt[PID: 618 (iptables)]: fd:4, level:0, optname:64
[   37.034693] firmadyne: sys_setsockopt[PID: 618 (iptables)]: fd:4, level:0, optname:65
open failed (/proc/driver/ae531x)...
[   37.138053] firmadyne: sys_socket[PID: 623 (iptables)]: family:2, type:3, protocol:255
[   37.143204] firmadyne: sys_socket[PID: 625 (iptables)]: family:2, type:3, protocol:255
modprobe: could not parse modules.dep

[   37.196983] firmadyne: sys_socket[PID: 623 (iptables)]: family:2, type:3, protocol:255
[   37.205461] firmadyne: sys_socket[PID: 625 (iptables)]: family:2, type:3, protocol:255
iptables v1.2.9: can't initialize iptables table `nat': Table does not exist (do you need to insmod?)
Perhaps iptables or your kernel needs to be upgraded.
[   37.325767] firmadyne: sys_socket[PID: 636 (iptables)]: family:2, type:3, protocol:255
[   37.342762] firmadyne: sys_socket[PID: 637 (iptables)]: family:2, type:3, protocol:255
[   37.391284] firmadyne: sys_socket[PID: 636 (iptables)]: family:2, type:3, protocol:255
modprobe: could not parse modules.dep

[   37.408357] firmadyne: sys_socket[PID: 637 (iptables)]: family:2, type:3, protocol:255
iptables v1.2.9: can't initialize iptables table `nat': Table does not exist (do you need to insmod?)
Perhaps iptables or your kernel needs to be upgraded.
[   37.512987] firmadyne: sys_socket[PID: 648 (iptables)]: family:2, type:3, protocol:255
[   37.524953] firmadyne: sys_setsockopt[PID: 648 (iptables)]: fd:4, level:0, optname:64
[   37.526556] firmadyne: sys_setsockopt[PID: 648 (iptables)]: fd:4, level:0, optname:65
[   37.553435] firmadyne: sys_socket[PID: 649 (iptables)]: family:2, type:3, protocol:255
[   37.606750] firmadyne: sys_socket[PID: 650 (iptables)]: family:2, type:3, protocol:255
modprobe: could not parse modules.dep

[   37.613552] firmadyne: sys_socket[PID: 649 (iptables)]: family:2, type:3, protocol:255
[   37.619071] firmadyne: sys_setsockopt[PID: 650 (iptables)]: fd:4, level:0, optname:64
[   37.622518] firmadyne: sys_setsockopt[PID: 650 (iptables)]: fd:4, level:0, optname:65
iptables v1.2.9: can't initialize iptables table `nat': Table does not exist (do you need to insmod?)
Perhaps iptables or your kernel needs to be upgraded.
[   37.737094] firmadyne: sys_socket[PID: 656 (iptables)]: family:2, type:3, protocol:255
[   37.757969] firmadyne: sys_socket[PID: 657 (iptables)]: family:2, type:3, protocol:255
[   37.797360] firmadyne: sys_socket[PID: 656 (iptables)]: family:2, type:3, protocol:255
modprobe: could not parse modules.dep

[   37.820476] firmadyne: sys_socket[PID: 657 (iptables)]: family:2, type:3, protocol:255
iptables v1.2.9: can't initialize iptables table `nat': Table does not exist (do you need to insmod?)
Perhaps iptables or your kernel needs to be upgraded.
[   37.919726] firmadyne: sys_socket[PID: 667 (iptables)]: family:2, type:3, protocol:255
[   37.959834] firmadyne: sys_socket[PID: 669 (iptables)]: family:2, type:3, protocol:255
[   37.977211] firmadyne: sys_socket[PID: 667 (iptables)]: family:2, type:3, protocol:255
modprobe: could not parse modules.dep

[   38.035771] firmadyne: sys_socket[PID: 669 (iptables)]: family:2, type:3, protocol:255
iptables v1.2.9: can't initialize iptables table `nat': Table does not exist (do you need to insmod?)
Perhaps iptables or your kernel needs to be upgraded.
[   38.106818] firmadyne: sys_socket[PID: 678 (iptables)]: family:2, type:3, protocol:255
open failed (/proc/driver/ae531x)...
[   38.185401] firmadyne: sys_socket[PID: 678 (iptables)]: family:2, type:3, protocol:255
[   38.198630] firmadyne: sys_socket[PID: 681 (iptables)]: family:2, type:3, protocol:255
modprobe: could not parse modules.dep

[   38.255378] firmadyne: sys_socket[PID: 681 (iptables)]: family:2, type:3, protocol:255
iptables v1.2.9: can't initialize iptables table `nat': Table does not exist (do you need to insmod?)
Perhaps iptables or your kernel needs to be upgraded.
[   38.326991] firmadyne: sys_socket[PID: 694 (iptables)]: family:2, type:3, protocol:255
modprobe: could not parse modules.dep

[   38.359120] firmadyne: sys_socket[PID: 694 (iptables)]: family:2, type:3, protocol:255
iptables v1.2.9: can't initialize iptables table `nat': Table does not exist (do you need to insmod?)
Perhaps iptables or your kernel needs to be upgraded.
[   38.429395] firmadyne: sys_socket[PID: 700 (iptables)]: family:2, type:3, protocol:255
[   38.434101] firmadyne: sys_setsockopt[PID: 700 (iptables)]: fd:3, level:0, optname:64
[   38.435678] firmadyne: sys_setsockopt[PID: 700 (iptables)]: fd:3, level:0, optname:65
[   38.490224] firmadyne: sys_socket[PID: 701 (iptables)]: family:2, type:3, protocol:255
[   38.495522] firmadyne: sys_setsockopt[PID: 701 (iptables)]: fd:3, level:0, optname:64
[   38.497387] firmadyne: sys_setsockopt[PID: 701 (iptables)]: fd:3, level:0, optname:65
[   38.550053] firmadyne: sys_socket[PID: 702 (iptables)]: family:2, type:3, protocol:255
[   38.555442] firmadyne: sys_setsockopt[PID: 702 (iptables)]: fd:3, level:0, optname:64
[   38.557277] firmadyne: sys_setsockopt[PID: 702 (iptables)]: fd:3, level:0, optname:65
[   38.610226] firmadyne: sys_socket[PID: 703 (iptables)]: family:2, type:3, protocol:255
[   38.615964] firmadyne: sys_setsockopt[PID: 703 (iptables)]: fd:3, level:0, optname:64
[   38.617785] firmadyne: sys_setsockopt[PID: 703 (iptables)]: fd:3, level:0, optname:65
[   38.675465] firmadyne: sys_socket[PID: 704 (iptables)]: family:2, type:3, protocol:255
[   38.679327] firmadyne: sys_setsockopt[PID: 704 (iptables)]: fd:3, level:0, optname:64
[   38.682330] firmadyne: sys_setsockopt[PID: 704 (iptables)]: fd:3, level:0, optname:65
[   38.729123] firmadyne: sys_socket[PID: 705 (iptables)]: family:2, type:3, protocol:255
[   38.734616] firmadyne: sys_setsockopt[PID: 705 (iptables)]: fd:3, level:0, optname:64
[   38.737515] firmadyne: sys_setsockopt[PID: 705 (iptables)]: fd:3, level:0, optname:65
[   38.783176] firmadyne: sys_socket[PID: 706 (iptables)]: family:2, type:3, protocol:255
[   38.788996] firmadyne: sys_setsockopt[PID: 706 (iptables)]: fd:3, level:0, optname:64
[   38.790556] firmadyne: sys_setsockopt[PID: 706 (iptables)]: fd:3, level:0, optname:65
[   38.850613] firmadyne: sys_socket[PID: 707 (iptables)]: family:2, type:3, protocol:255
[   38.857119] firmadyne: sys_setsockopt[PID: 707 (iptables)]: fd:3, level:0, optname:64
iptables: Protocol wrong type for socket
[   38.928017] firmadyne: sys_socket[PID: 710 (iptables)]: family:2, type:3, protocol:255
modprobe: could not parse modules.dep

[   38.955792] firmadyne: sys_socket[PID: 710 (iptables)]: family:2, type:3, protocol:255
iptables v1.2.9: can't initialize iptables table `nat': Table does not exist (do you need to insmod?)
Perhaps iptables or your kernel needs to be upgraded.
[   39.030297] firmadyne: sys_socket[PID: 716 (iptables)]: family:2, type:3, protocol:255
modprobe: could not parse modules.dep

[   39.059179] firmadyne: sys_socket[PID: 716 (iptables)]: family:2, type:3, protocol:255
iptables v1.2.9: can't initialize iptables table `nat': Table does not exist (do you need to insmod?)
Perhaps iptables or your kernel needs to be upgraded.
[   39.144405] firmadyne: sys_socket[PID: 722 (iptables)]: family:2, type:3, protocol:255
modprobe: could not parse modules.dep

[   39.173570] firmadyne: sys_socket[PID: 722 (iptables)]: family:2, type:3, protocol:255
iptables v1.2.9: can't initialize iptables table `nat': Table does not exist (do you need to insmod?)
Perhaps iptables or your kernel needs to be upgraded.
[   39.240663] firmadyne: sys_socket[PID: 728 (iptables)]: family:2, type:3, protocol:255
modprobe: could not parse modules.dep

[   39.270432] firmadyne: sys_socket[PID: 728 (iptables)]: family:2, type:3, protocol:255
iptables v1.2.9: can't initialize iptables table `nat': Table does not exist (do you need to insmod?)
Perhaps iptables or your kernel needs to be upgraded.
[   39.346620] firmadyne: sys_socket[PID: 734 (iptables)]: family:2, type:3, protocol:255
modprobe: could not parse modules.dep

[   39.374696] firmadyne: sys_socket[PID: 734 (iptables)]: family:2, type:3, protocol:255
iptables v1.2.9: can't initialize iptables table `nat': Table does not exist (do you need to insmod?)
Perhaps iptables or your kernel needs to be upgraded.
[   39.442644] firmadyne: sys_socket[PID: 740 (iptables)]: family:2, type:3, protocol:255
modprobe: could not parse modules.dep

[   39.471383] firmadyne: sys_socket[PID: 740 (iptables)]: family:2, type:3, protocol:255
iptables v1.2.9: can't initialize iptables table `nat': Table does not exist (do you need to insmod?)
Perhaps iptables or your kernel needs to be upgraded.
[   39.549569] firmadyne: sys_socket[PID: 746 (iptables)]: family:2, type:3, protocol:255
modprobe: could not parse modules.dep

[   39.577818] firmadyne: sys_socket[PID: 746 (iptables)]: family:2, type:3, protocol:255
iptables v1.2.9: can't initialize iptables table `nat': Table does not exist (do you need to insmod?)
Perhaps iptables or your kernel needs to be upgraded.
[   39.657376] firmadyne: sys_socket[PID: 752 (iptables)]: family:2, type:3, protocol:255
modprobe: could not parse modules.dep

[   39.686262] firmadyne: sys_socket[PID: 752 (iptables)]: family:2, type:3, protocol:255
iptables v1.2.9: can't initialize iptables table `nat': Table does not exist (do you need to insmod?)
Perhaps iptables or your kernel needs to be upgraded.
[   39.762068] firmadyne: sys_socket[PID: 758 (iptables)]: family:2, type:3, protocol:255
modprobe: could not parse modules.dep

[   39.790804] firmadyne: sys_socket[PID: 758 (iptables)]: family:2, type:3, protocol:255
iptables v1.2.9: can't initialize iptables table `nat': Table does not exist (do you need to insmod?)
Perhaps iptables or your kernel needs to be upgraded.
[   39.861836] firmadyne: sys_socket[PID: 764 (iptables)]: family:2, type:3, protocol:255
modprobe: could not parse modules.dep

[   39.889789] firmadyne: sys_socket[PID: 764 (iptables)]: family:2, type:3, protocol:255
iptables v1.2.9: can't initialize iptables table `nat': Table does not exist (do you need to insmod?)
Perhaps iptables or your kernel needs to be upgraded.
[   39.974651] firmadyne: sys_socket[PID: 770 (iptables)]: family:2, type:3, protocol:255
modprobe: could not parse modules.dep

[   40.002802] firmadyne: sys_socket[PID: 770 (iptables)]: family:2, type:3, protocol:255
iptables v1.2.9: can't initialize iptables table `nat': Table does not exist (do you need to insmod?)
Perhaps iptables or your kernel needs to be upgraded.
[   40.083553] firmadyne: sys_socket[PID: 776 (iptables)]: family:2, type:3, protocol:255
modprobe: could not parse modules.dep

[   40.111891] firmadyne: sys_socket[PID: 776 (iptables)]: family:2, type:3, protocol:255
iptables v1.2.9: can't initialize iptables table `nat': Table does not exist (do you need to insmod?)
Perhaps iptables or your kernel needs to be upgraded.
[   40.225135] firmadyne: sys_socket[PID: 782 (iptables)]: family:2, type:3, protocol:255
[/etc/templates/rg.sh] misc ...
modprobe: could not parse modules.dep

[   40.277751] firmadyne: sys_socket[PID: 782 (iptables)]: family:2, type:3, protocol:255
iptables v1.2.9: can't initialize iptables table `nat': Table does not exist (do you need to insmod?)
Perhaps iptables or your kernel needs to be upgraded.
[   40.389109] firmadyne: sys_socket[PID: 790 (rgdb)]: family:1, type:2, protocol:0
[   40.432439] firmadyne: sys_socket[PID: 791 (iptables)]: family:2, type:3, protocol:255
modprobe: could not parse modules.dep

[   40.488906] firmadyne: sys_socket[PID: 791 (iptables)]: family:2, type:3, protocol:255
iptables v1.2.9: can't initialize iptables table `nat': Table does not exist (do you need to insmod?)
Perhaps iptables or your kernel needs to be upgraded.
[   40.640873] firmadyne: sys_socket[PID: 797 (iptables)]: family:2, type:3, protocol:255
modprobe: could not parse modules.dep

[   40.697569] firmadyne: sys_socket[PID: 797 (iptables)]: family:2, type:3, protocol:255
iptables v1.2.9: can't initialize iptables table `nat': Table does not exist (do you need to insmod?)
Perhaps iptables or your kernel needs to be upgraded.
[   40.841523] firmadyne: sys_socket[PID: 803 (iptables)]: family:2, type:3, protocol:255
modprobe: could not parse modules.dep

[   40.903202] firmadyne: sys_socket[PID: 803 (iptables)]: family:2, type:3, protocol:255
iptables v1.2.9: can't initialize iptables table `nat': Table does not exist (do you need to insmod?)
Perhaps iptables or your kernel needs to be upgraded.
[/var/run/rg_misc.sh] ...
[   41.062207] firmadyne: sys_socket[PID: 810 (iptables)]: family:2, type:3, protocol:255
[   41.066955] firmadyne: sys_socket[PID: 812 (iptables)]: family:2, type:3, protocol:255
modprobe: could not parse modules.dep

[   41.118894] firmadyne: sys_socket[PID: 812 (iptables)]: family:2, type:3, protocol:255
[   41.123665] firmadyne: sys_socket[PID: 810 (iptables)]: family:2, type:3, protocol:255
iptables v1.2.9: can't initialize iptables table `nat': Table does not exist (do you need to insmod?)
Perhaps iptables or your kernel needs to be upgraded.
[   41.223652] firmadyne: sys_socket[PID: 823 (iptables)]: family:2, type:3, protocol:255
[   41.232437] firmadyne: sys_setsockopt[PID: 823 (iptables)]: fd:4, level:0, optname:64
[   41.234011] firmadyne: sys_setsockopt[PID: 823 (iptables)]: fd:4, level:0, optname:65
[   41.282685] firmadyne: sys_socket[PID: 824 (iptables)]: family:2, type:3, protocol:255
[   41.315184] firmadyne: sys_socket[PID: 825 (iptables)]: family:2, type:3, protocol:255
modprobe: could not parse modules.dep

[   41.339784] firmadyne: sys_socket[PID: 824 (iptables)]: family:2, type:3, protocol:255
iptables v1.2.9: can't initialize iptables table `nat': Table does not exist (do you need to insmod?)
Perhaps iptables or your kernel needs to be upgraded.
[   41.375055] firmadyne: sys_socket[PID: 825 (iptables)]: family:2, type:3, protocol:255
[   41.466978] firmadyne: sys_socket[PID: 837 (iptables)]: family:2, type:3, protocol:255
[   41.517341] firmadyne: sys_socket[PID: 836 (iptables)]: family:2, type:3, protocol:255
[   41.520338] firmadyne: sys_socket[PID: 837 (iptables)]: family:2, type:3, protocol:255
modprobe: could not parse modules.dep

[   41.578153] firmadyne: sys_socket[PID: 836 (iptables)]: family:2, type:3, protocol:255
iptables v1.2.9: can't initialize iptables table `nat': Table does not exist (do you need to insmod?)
Perhaps iptables or your kernel needs to be upgraded.
[   41.632720] firmadyne: sys_socket[PID: 846 (iptables)]: family:2, type:3, protocol:255
[   41.646621] firmadyne: sys_setsockopt[PID: 846 (iptables)]: fd:4, level:0, optname:64
[   41.649664] firmadyne: sys_setsockopt[PID: 846 (iptables)]: fd:4, level:0, optname:65
[   41.728315] firmadyne: sys_socket[PID: 850 (iptables)]: family:2, type:3, protocol:255
[   41.735739] firmadyne: sys_socket[PID: 849 (iptables)]: family:2, type:3, protocol:255
[   41.737994] firmadyne: sys_setsockopt[PID: 850 (iptables)]: fd:4, level:0, optname:64
[   41.739660] firmadyne: sys_setsockopt[PID: 850 (iptables)]: fd:4, level:0, optname:65
modprobe: could not parse modules.dep

[   41.798225] firmadyne: sys_socket[PID: 849 (iptables)]: family:2, type:3, protocol:255
iptables v1.2.9: can't initialize iptables table `nat': Table does not exist (do you need to insmod?)
Perhaps iptables or your kernel needs to be upgraded.
[   41.830822] firmadyne: sys_socket[PID: 852 (iptables)]: family:2, type:3, protocol:255
[   41.884895] firmadyne: sys_socket[PID: 852 (iptables)]: family:2, type:3, protocol:255
[   41.971231] firmadyne: sys_socket[PID: 859 (iptables)]: family:2, type:3, protocol:255
[   41.982146] firmadyne: sys_socket[PID: 863 (iptables)]: family:2, type:3, protocol:255
modprobe: could not parse modules.dep

[   42.027449] firmadyne: sys_socket[PID: 859 (iptables)]: family:2, type:3, protocol:255
[   42.037333] firmadyne: sys_socket[PID: 863 (iptables)]: family:2, type:3, protocol:255
iptables v1.2.9: can't initialize iptables table `nat': Table does not exist (do you need to insmod?)
Perhaps iptables or your kernel needs to be upgraded.
[   42.156329] firmadyne: sys_socket[PID: 875 (iptables)]: family:2, type:3, protocol:255
[   42.175647] firmadyne: sys_socket[PID: 874 (iptables)]: family:2, type:3, protocol:255
[   42.203347] firmadyne: sys_socket[PID: 875 (iptables)]: family:2, type:3, protocol:255
modprobe: could not parse modules.dep

[   42.243405] firmadyne: sys_socket[PID: 874 (iptables)]: family:2, type:3, protocol:255
iptables v1.2.9: can't initialize iptables table `nat': Table does not exist (do you need to insmod?)
Perhaps iptables or your kernel needs to be upgraded.
[/etc/templates/rg.sh] passthrough ...
[   42.409703] firmadyne: sys_socket[PID: 888 (iptables)]: family:2, type:3, protocol:255
modprobe: could not parse modules.dep

[   42.467101] firmadyne: sys_socket[PID: 888 (iptables)]: family:2, type:3, protocol:255
[   42.474129] firmadyne: sys_socket[PID: 890 (rgdb)]: family:1, type:2, protocol:0
iptables v1.2.9: can't initialize iptables table `nat': Table does not exist (do you need to insmod?)
Perhaps iptables or your kernel needs to be upgraded.
[   42.613475] firmadyne: sys_socket[PID: 896 (iptables)]: family:2, type:3, protocol:255
modprobe: could not parse modules.dep

[   42.669517] firmadyne: sys_socket[PID: 896 (iptables)]: family:2, type:3, protocol:255
iptables v1.2.9: can't initialize iptables table `nat': Table does not exist (do you need to insmod?)
Perhaps iptables or your kernel needs to be upgraded.
[   42.830314] firmadyne: sys_socket[PID: 902 (iptables)]: family:2, type:3, protocol:255
modprobe: could not parse modules.dep

[   42.898315] firmadyne: sys_socket[PID: 902 (iptables)]: family:2, type:3, protocol:255
iptables v1.2.9: can't initialize iptables table `nat': Table does not exist (do you need to insmod?)
Perhaps iptables or your kernel needs to be upgraded.
[/var/run/rg_passthrough.sh] ...
[   43.048643] firmadyne: sys_socket[PID: 909 (iptables)]: family:2, type:3, protocol:255
[   43.072427] firmadyne: sys_socket[PID: 911 (iptables)]: family:2, type:3, protocol:255
[   43.085396] firmadyne: sys_setsockopt[PID: 911 (iptables)]: fd:4, level:0, optname:64
[   43.087107] firmadyne: sys_setsockopt[PID: 911 (iptables)]: fd:4, level:0, optname:65
modprobe: could not parse modules.dep

[   43.107017] firmadyne: sys_socket[PID: 909 (iptables)]: family:2, type:3, protocol:255
iptables v1.2.9: can't initialize iptables table `nat': Table does not exist (do you need to insmod?)
Perhaps iptables or your kernel needs to be upgraded.
[   43.176441] firmadyne: sys_socket[PID: 917 (logger)]: family:1, type:1, protocol:0
[   43.265827] firmadyne: sys_socket[PID: 921 (logger)]: family:1, type:1, protocol:0
[   43.279788] firmadyne: sys_socket[PID: 918 (portt)]: family:1, type:1, protocol:0
[   43.343682] firmadyne: sys_socket[PID: 924 (logger)]: family:1, type:1, protocol:0
Using /lib/modules/sw_tcpip.o
insmod: Not configured to support old kernels
[   43.437504] firmadyne: sys_socket[PID: 926 (iptables)]: family:2, type:3, protocol:255
[   43.446480] firmadyne: sys_setsockopt[PID: 926 (iptables)]: fd:4, level:0, optname:64
Using /lib/modules/ifresetcnt.o
[   43.456436] firmadyne: sys_setsockopt[PID: 926 (iptables)]: fd:4, level:0, optname:65
insmod: Not configured to support old kernels
Using /lib/modules/ipt_string.o
insmod: Not configured to support old kernels
[   43.534295] firmadyne: sys_socket[PID: 928 (iptables)]: family:2, type:3, protocol:255
[   43.589217] firmadyne: sys_socket[PID: 928 (iptables)]: family:2, type:3, protocol:255
[   43.667163] firmadyne: sys_socket[PID: 934 (rgdb)]: family:1, type:2, protocol:0
[   43.689893] firmadyne: sys_socket[PID: 937 (iptables)]: family:2, type:3, protocol:255
/proc/sys/net/ipv4/ip_conntrack_max: cannot create
[   43.747293] firmadyne: sys_socket[PID: 937 (iptables)]: family:2, type:3, protocol:255
Using /lib/modules/ip_stun_func.o
insmod: Not configured to support old kernels
[   43.857119] firmadyne: sys_socket[PID: 946 (iptables)]: family:2, type:3, protocol:255
[   43.870276] firmadyne: sys_setsockopt[PID: 946 (iptables)]: fd:4, level:0, optname:64
[   43.873466] firmadyne: sys_setsockopt[PID: 946 (iptables)]: fd:4, level:0, optname:65
[   43.897740] firmadyne: sys_socket[PID: 947 (iptables)]: family:2, type:3, protocol:255
[   43.903654] firmadyne: sys_setsockopt[PID: 947 (iptables)]: fd:3, level:0, optname:64
[   43.909663] firmadyne: sys_setsockopt[PID: 947 (iptables)]: fd:3, level:0, optname:65
[   43.954881] firmadyne: sys_socket[PID: 948 (iptables)]: family:2, type:3, protocol:255
[   43.972333] firmadyne: sys_setsockopt[PID: 948 (iptables)]: fd:4, level:0, optname:64
[   43.973977] firmadyne: sys_setsockopt[PID: 948 (iptables)]: fd:4, level:0, optname:65
[   44.001276] firmadyne: sys_socket[PID: 949 (iptables)]: family:2, type:3, protocol:255
modprobe: could not parse modules.dep

[   44.061660] firmadyne: sys_socket[PID: 949 (iptables)]: family:2, type:3, protocol:255
[   44.066021] firmadyne: sys_socket[PID: 950 (iptables)]: family:2, type:3, protocol:255
iptables v1.2.9: can't initialize iptables table `nat': Table does not exist (do you need to insmod?)
Perhaps iptables or your kernel needs to be upgraded.
[   44.124814] firmadyne: sys_socket[PID: 950 (iptables)]: family:2, type:3, protocol:255
[   44.188278] firmadyne: sys_socket[PID: 958 (iptables)]: family:2, type:3, protocol:255
[   44.233888] firmadyne: sys_socket[PID: 962 (iptables)]: family:2, type:3, protocol:255
modprobe: could not parse modules.dep

[   44.245995] firmadyne: sys_socket[PID: 958 (iptables)]: family:2, type:3, protocol:255
iptables v1.2.9: can't initialize iptables table `nat': Table does not exist (do you need to insmod?)
Perhaps iptables or your kernel needs to be upgraded.
[   44.303784] firmadyne: sys_socket[PID: 962 (iptables)]: family:2, type:3, protocol:255
[   44.310545] firmadyne: sys_socket[PID: 971 (logger)]: family:1, type:1, protocol:0
[   44.409443] firmadyne: sys_socket[PID: 974 (iptables)]: family:2, type:3, protocol:255
[   44.417771] firmadyne: sys_socket[PID: 975 (iptables)]: family:2, type:3, protocol:255
[   44.422744] firmadyne: sys_setsockopt[PID: 974 (iptables)]: fd:3, level:0, optname:64
[   44.426392] firmadyne: sys_setsockopt[PID: 974 (iptables)]: fd:3, level:0, optname:65
[   44.472856] firmadyne: sys_socket[PID: 975 (iptables)]: family:2, type:3, protocol:255
[   44.545474] firmadyne: sys_socket[PID: 978 (iptables)]: family:2, type:3, protocol:255
[   44.552513] firmadyne: sys_setsockopt[PID: 978 (iptables)]: fd:3, level:0, optname:64
[   44.554141] firmadyne: sys_setsockopt[PID: 978 (iptables)]: fd:3, level:0, optname:65
[   44.591195] firmadyne: sys_socket[PID: 984 (logger)]: family:1, type:1, protocol:0
[   44.631512] firmadyne: sys_socket[PID: 985 (logger)]: family:1, type:1, protocol:0
[/etc/templates/igmpproxy.sh] restart ...
[   44.734264] firmadyne: sys_socket[PID: 987 (iptables)]: family:2, type:3, protocol:255
[   44.747275] firmadyne: sys_setsockopt[PID: 987 (iptables)]: fd:3, level:0, optname:64
[   44.752674] firmadyne: sys_setsockopt[PID: 987 (iptables)]: fd:3, level:0, optname:65
[   44.811972] firmadyne: sys_socket[PID: 990 (logger)]: family:1, type:1, protocol:0
[   44.858920] firmadyne: sys_socket[PID: 991 (xmldbc)]: family:1, type:2, protocol:0
[   44.884332] firmadyne: sys_socket[PID: 992 (logger)]: family:1, type:1, protocol:0
[   44.948426] firmadyne: sys_socket[PID: 993 (logger)]: family:1, type:1, protocol:0
[   45.125640] firmadyne: sys_socket[PID: 997 (xmldbc)]: family:1, type:2, protocol:0
[   45.153931] firmadyne: sys_socket[PID: 998 (iptables)]: family:2, type:3, protocol:255
[   45.166665] firmadyne: sys_setsockopt[PID: 998 (iptables)]: fd:3, level:0, optname:64
[   45.169732] firmadyne: sys_setsockopt[PID: 998 (iptables)]: fd:3, level:0, optname:65
[   45.258774] firmadyne: sys_socket[PID: 999 (iptables)]: family:2, type:3, protocol:255
modprobe: could not parse modules.dep

[   45.320335] firmadyne: sys_socket[PID: 999 (iptables)]: family:2, type:3, protocol:255
iptables v1.2.9: can't initialize iptables table `nat': Table does not exist (do you need to insmod?)
Perhaps iptables or your kernel needs to be upgraded.
[/var/run/igmpproxy_start.sh] ...
Start IGMP proxy ...
sendto_unsock(/var/run/portt.unixsocket, flush)
[   45.446131] firmadyne: sys_socket[PID: 1006 (trigger)]: family:1, type:1, protocol:0
/proc/sys/net/ipv4/arp_flood_burst: cannot create
/proc/sys/net/ipv4/arp_flood_cost: cannot create
start DNRD ...
[   45.615653] firmadyne: sys_socket[PID: 1009 (igmpproxy)]: family:2, type:3, protocol:2
