[    0.000000] Linux version 4.1.17+ (alessio@pc) (gcc version 5.5.0 20171010 (Ubuntu 5.5.0-12ubuntu1) ) #1 Mon May 15 23:04:08 CEST 2023
[    0.000000] earlycon: Early serial console at I/O port 0x3f8 (options '38400n8')
[    0.000000] bootconsole [uart0] enabled
[    0.000000] CPU0 revision is: 00019300 (MIPS 24Kc)
[    0.000000] FPU revision is: 00739300
[    0.000000] Software DMA cache coherency enabled
[    0.000000] Determined physical RAM map:
[    0.000000]  memory: 00001000 @ 00000000 (reserved)
[    0.000000]  memory: 000ef000 @ 00001000 (ROM data)
[    0.000000]  memory: 00798000 @ 000f0000 (reserved)
[    0.000000]  memory: 0f777000 @ 00888000 (usable)
[    0.000000] debug: ignoring loglevel setting.
[    0.000000] Wasting 69888 bytes for tracking 2184 unused pages
[    0.000000] Initrd not found or empty - disabling initrd
[    0.000000] Zone ranges:
[    0.000000]   DMA      [mem 0x0000000000000000-0x0000000000ffffff]
[    0.000000]   Normal   [mem 0x0000000001000000-0x000000000fffefff]
[    0.000000] Movable zone start for each node
[    0.000000] Early memory node ranges
[    0.000000]   node   0: [mem 0x0000000000000000-0x000000000fffefff]
[    0.000000] Initmem setup node 0 [mem 0x0000000000000000-0x000000000fffefff]
[    0.000000] On node 0 totalpages: 65535
[    0.000000] free_area_init_node: node 0, pgdat 8081d5b0, node_mem_map 81000000
[    0.000000]   DMA zone: 32 pages used for memmap
[    0.000000]   DMA zone: 0 pages reserved
[    0.000000]   DMA zone: 4096 pages, LIFO batch:0
[    0.000000]   Normal zone: 480 pages used for memmap
[    0.000000]   Normal zone: 61439 pages, LIFO batch:15
[    0.000000] Primary instruction cache 2kB, VIPT, 2-way, linesize 16 bytes.
[    0.000000] Primary data cache 2kB, 2-way, VIPT, no aliases, linesize 16 bytes
[    0.000000] pcpu-alloc: s0 r0 d32768 u32768 alloc=1*32768
[    0.000000] pcpu-alloc: [0] 0 
[    0.000000] Built 1 zonelists in Zone order, mobility grouping on.  Total pages: 65023
[    0.000000] Kernel command line: root=/dev/sda1 console=ttyS0 nandsim.parts=64,64,64,64,64,64,64,64,64,64 rdinit=/firmadyne/preInit.sh rw debug ignore_loglevel print-fatal-signals=1 FIRMAE_NET=true FIRMAE_NVRAM=true FIRMAE_KERNEL=true FIRMAE_ETC=true user_debug=0 firmadyne.syscall=1 noka
[    0.000000] found FIRMAE_KERNEL=t
[    0.000000] set the LD_PRELOAD=/firmadyne/libnvram_ioctl.so
[    0.000000] PID hash table entries: 1024 (order: 0, 4096 bytes)
[    0.000000] Dentry cache hash table entries: 32768 (order: 5, 131072 bytes)
[    0.000000] Inode-cache hash table entries: 16384 (order: 4, 65536 bytes)
[    0.000000] Writing ErrCtl register=00000000
[    0.000000] Readback ErrCtl register=00000000
[    0.000000] Memory: 251112K/262140K available (5360K kernel code, 244K rwdata, 1676K rodata, 260K init, 158K bss, 11028K reserved, 0K cma-reserved)
[    0.000000] NR_IRQS:256
[    0.000000] CPU frequency 200.00 MHz
[    0.000000] clocksource MIPS: mask: 0xffffffff max_cycles: 0xffffffff, max_idle_ns: 19112462275 ns
[    0.000164] sched_clock: 32 bits at 100MHz, resolution 9ns, wraps every 21474676731ns
[    0.012207] Console: colour dummy device 80x25
[    0.013115] Calibrating delay loop... 35.07 BogoMIPS (lpj=70144)
[    0.061241] pid_max: default: 32768 minimum: 301
[    0.064481] Mount-cache hash table entries: 1024 (order: 0, 4096 bytes)
[    0.064901] Mountpoint-cache hash table entries: 1024 (order: 0, 4096 bytes)
[    0.115760] clocksource jiffies: mask: 0xffffffff max_cycles: 0xffffffff, max_idle_ns: 7645041785100000 ns
[    0.124373] NET: Registered protocol family 16
[    0.347045] clocksource pit: mask: 0xffffffff max_cycles: 0xffffffff, max_idle_ns: 1601818034827 ns
[    0.467907] vgaarb: loaded
[    0.472413] SCSI subsystem initialized
[    0.474461] libata version 3.00 loaded.
[    0.477949] usbcore: registered new interface driver usbfs
[    0.479073] usbcore: registered new interface driver hub
[    0.479937] usbcore: registered new device driver usb
[    0.482155] pps_core: LinuxPPS API ver. 1 registered
[    0.482477] pps_core: Software ver. 5.3.6 - Copyright 2005-2007 Rodolfo Giometti <giometti@linux.it>
[    0.483243] PTP clock support registered
[    0.487041] PCI host bridge to bus 0000:00
[    0.487645] pci_bus 0000:00: root bus resource [mem 0x10000000-0x17ffffff]
[    0.488144] pci_bus 0000:00: root bus resource [io  0x1000-0x1fffff]
[    0.488642] pci_bus 0000:00: root bus resource [??? 0x00000000 flags 0x0]
[    0.489121] pci_bus 0000:00: No busn resource found for root bus, will use [bus 00-ff]
[    0.490189] pci 0000:00:00.0: [11ab:4620] type 00 class 0x060000
[    0.491040] pci 0000:00:00.0: [Firmware Bug]: reg 0x14: invalid BAR (can't size)
[    0.491517] pci 0000:00:00.0: [Firmware Bug]: reg 0x18: invalid BAR (can't size)
[    0.491982] pci 0000:00:00.0: [Firmware Bug]: reg 0x1c: invalid BAR (can't size)
[    0.492470] pci 0000:00:00.0: [Firmware Bug]: reg 0x20: invalid BAR (can't size)
[    0.492956] pci 0000:00:00.0: [Firmware Bug]: reg 0x24: invalid BAR (can't size)
[    0.496237] pci 0000:00:0a.0: [8086:7110] type 00 class 0x060100
[    0.499114] pci 0000:00:0a.1: [8086:7111] type 00 class 0x010180
[    0.499723] pci 0000:00:0a.1: reg 0x20: [io  0x0000-0x000f]
[    0.500187] pci 0000:00:0a.1: legacy IDE quirk: reg 0x10: [io  0x01f0-0x01f7]
[    0.500649] pci 0000:00:0a.1: legacy IDE quirk: reg 0x14: [io  0x03f6]
[    0.501101] pci 0000:00:0a.1: legacy IDE quirk: reg 0x18: [io  0x0170-0x0177]
[    0.501563] pci 0000:00:0a.1: legacy IDE quirk: reg 0x1c: [io  0x0376]
[    0.504209] pci 0000:00:0a.2: [8086:7112] type 00 class 0x0c0300
[    0.504758] pci 0000:00:0a.2: reg 0x20: [io  0x0000-0x001f]
[    0.507416] pci 0000:00:0a.3: [8086:7113] type 00 class 0x068000
[    0.508421] pci 0000:00:0a.3: quirk: [io  0x1000-0x103f] claimed by PIIX4 ACPI
[    0.508928] pci 0000:00:0a.3: quirk: [io  0x1100-0x110f] claimed by PIIX4 SMB
[    0.511632] pci 0000:00:12.0: [1013:00b8] type 00 class 0x030000
[    0.512143] pci 0000:00:12.0: reg 0x10: [mem 0x00000000-0x01ffffff pref]
[    0.512612] pci 0000:00:12.0: reg 0x14: [mem 0x00000000-0x00000fff]
[    0.513131] pci 0000:00:12.0: reg 0x30: [mem 0x00000000-0x0000ffff pref]
[    0.515340] vgaarb: device added: PCI:0000:00:12.0,decodes=io+mem,owns=none,locks=none
[    0.516352] pci 0000:00:13.0: [8086:100e] type 00 class 0x020000
[    0.516855] pci 0000:00:13.0: reg 0x10: [mem 0x00000000-0x0001ffff]
[    0.517305] pci 0000:00:13.0: reg 0x14: [io  0x0000-0x003f]
[    0.517820] pci 0000:00:13.0: reg 0x30: [mem 0x00000000-0x0003ffff pref]
[    0.520428] pci 0000:00:14.0: [8086:100e] type 00 class 0x020000
[    0.520927] pci 0000:00:14.0: reg 0x10: [mem 0x00000000-0x0001ffff]
[    0.521409] pci 0000:00:14.0: reg 0x14: [io  0x0000-0x003f]
[    0.521912] pci 0000:00:14.0: reg 0x30: [mem 0x00000000-0x0003ffff pref]
[    0.524555] pci 0000:00:15.0: [8086:100e] type 00 class 0x020000
[    0.525050] pci 0000:00:15.0: reg 0x10: [mem 0x00000000-0x0001ffff]
[    0.525504] pci 0000:00:15.0: reg 0x14: [io  0x0000-0x003f]
[    0.526003] pci 0000:00:15.0: reg 0x30: [mem 0x00000000-0x0003ffff pref]
[    0.528558] pci 0000:00:16.0: [8086:100e] type 00 class 0x020000
[    0.529042] pci 0000:00:16.0: reg 0x10: [mem 0x00000000-0x0001ffff]
[    0.529497] pci 0000:00:16.0: reg 0x14: [io  0x0000-0x003f]
[    0.530003] pci 0000:00:16.0: reg 0x30: [mem 0x00000000-0x0003ffff pref]
[    0.532695] pci_bus 0000:00: busn_res: [bus 00-ff] end is updated to 00
[    0.533919] pci 0000:00:12.0: BAR 0: assigned [mem 0x10000000-0x11ffffff pref]
[    0.534528] pci 0000:00:13.0: BAR 6: assigned [mem 0x12000000-0x1203ffff pref]
[    0.535069] pci 0000:00:14.0: BAR 6: assigned [mem 0x12040000-0x1207ffff pref]
[    0.535589] pci 0000:00:15.0: BAR 6: assigned [mem 0x12080000-0x120bffff pref]
[    0.536279] pci 0000:00:16.0: BAR 6: assigned [mem 0x120c0000-0x120fffff pref]
[    0.536808] pci 0000:00:13.0: BAR 0: assigned [mem 0x12100000-0x1211ffff]
[    0.537338] pci 0000:00:14.0: BAR 0: assigned [mem 0x12120000-0x1213ffff]
[    0.537859] pci 0000:00:15.0: BAR 0: assigned [mem 0x12140000-0x1215ffff]
[    0.538372] pci 0000:00:16.0: BAR 0: assigned [mem 0x12160000-0x1217ffff]
[    0.538892] pci 0000:00:12.0: BAR 6: assigned [mem 0x12180000-0x1218ffff pref]
[    0.539415] pci 0000:00:12.0: BAR 1: assigned [mem 0x12190000-0x12190fff]
[    0.539919] pci 0000:00:13.0: BAR 1: assigned [io  0x1040-0x107f]
[    0.540491] pci 0000:00:14.0: BAR 1: assigned [io  0x1080-0x10bf]
[    0.540958] pci 0000:00:15.0: BAR 1: assigned [io  0x10c0-0x10ff]
[    0.541427] pci 0000:00:16.0: BAR 1: assigned [io  0x1400-0x143f]
[    0.541888] pci 0000:00:0a.2: BAR 4: assigned [io  0x1440-0x145f]
[    0.542355] pci 0000:00:0a.1: BAR 4: assigned [io  0x1460-0x146f]
[    0.556921] cfg80211: Calling CRDA to update world regulatory domain
[    0.568159] Switched to clocksource MIPS
[    0.661328] NET: Registered protocol family 2
[    0.671159] TCP established hash table entries: 2048 (order: 1, 8192 bytes)
[    0.672113] TCP bind hash table entries: 2048 (order: 1, 8192 bytes)
[    0.673108] TCP: Hash tables configured (established 2048 bind 2048)
[    0.674010] UDP hash table entries: 256 (order: 0, 4096 bytes)
[    0.674578] UDP-Lite hash table entries: 256 (order: 0, 4096 bytes)
[    0.677832] NET: Registered protocol family 1
[    0.679172] PCI: Enabling device 0000:00:0a.2 (0000 -> 0001)
[    0.680511] PCI: CLS 0 bytes, default 16
[    0.706592] futex hash table entries: 256 (order: -1, 3072 bytes)
[    0.719687] squashfs: version 4.0 (2009/01/31) Phillip Lougher
[    0.721812] jffs2: version 2.2. (NAND) Â© 2001-2006 Red Hat, Inc.
[    0.724598] romfs: ROMFS MTD (C) 2007 Red Hat, Inc.
[    0.744439] Block layer SCSI generic (bsg) driver version 0.4 loaded (major 251)
[    0.744984] io scheduler noop registered
[    0.745561] io scheduler cfq registered (default)
[    0.746371] firmadyne: devfs: 1, execute: 1, procfs: 1, syscall: 1
[    0.751027] firmadyne: Cannot register character device: gpio, 0xfc, 0x0!
[    0.758047] firmadyne: Cannot register character device: watchdog, 0xa, 0x82!
[    0.758464] firmadyne: Cannot register character device: wdt, 0xfd, 0x0!
[    2.164700] strName = 4.1.17+
[    2.164700] init_task_addr  = 2155778944
[    2.164700] init_task_size  = 1296
[    2.164700] ts_tasks        = 292
[    2.164700] ts_pid          = 408
[    2.164700] ts_tgid         = 412
[    2.164700] ts_group_leader = 440
[    2.164700] ts_thread_group = 496
[    2.164700] ts_real_parent  = 416
[    2.164700] ts_mm           = 300
[    2.164700] ts_stack        = 4
[    2.166651] module_name   = 12
[    2.166651] module_size   = 208
[    2.166651] module_init   = 200
[    2.166651] module_list   = 4
[    2.167418] ts_real_cred    = 624
[    2.167418] ts_cred         = 628
[    2.167418] ts_comm         = 632
[    2.167418] cred_uid        = 4
[    2.167418] cred_gid        = 8
[    2.167418] cred_euid       = 20
[    2.167418] cred_egid       = 24
[    2.168859] mm_mmap         = 0
[    2.168859] mm_pgd          = 32
[    2.168859] mm_arg_start    = 136
[    2.168859] mm_start_brk    = 124
[    2.168859] mm_brk          = 128
[    2.168859] mm_start_stack  = 132
[    2.169982] vma_vm_start    = 0
[    2.169982] vma_vm_end      = 4
[    2.169982] vma_vm_next     = 8
[    2.169982] vma_vm_file     = 80
[    2.169982] vma_vm_flags    = 40
[    2.169982] vma_vm_pgoff    = 76
[    2.171093] file_dentry     = 12
[    2.171093] file_inode      = 40
[    2.171093] dentry_d_name   = 24
[    2.171093] dentry_d_iname  = 44
[    2.171093] dentry_d_parent = 16
[    2.171093] ti_task         = 0
[    2.171093] inode_ino   = 28
[    3.050284] proc_fork_connector  = 2151078840
[    3.050592] proc_exit_connector  = 2151080432
[    3.050857] proc_exec_connector  = 2151079052
[    3.051116] vma_link  = 2149124372
[    3.051346] vma_adjust  = 2149124540
[    3.051592] remove_vma  = 2149122188
[    3.051831] modules  = 2155833724
[    3.052078] trim_init_extable  = 2150545316
[    3.055802] PCI: Enabling device 0000:00:12.0 (0000 -> 0002)
[    3.057247] cirrusfb 0000:00:12.0: Cirrus Logic chipset on PCI bus, RAM (4096 kB) at 0x10000000
[    3.301637] Console: switching to colour frame buffer device 80x30
[    3.359799] Serial: 8250/16550 driver, 4 ports, IRQ sharing enabled
[    3.371837] console [ttyS0] disabled
[    3.397783] serial8250.0: ttyS0 at I/O 0x3f8 (irq = 4, base_baud = 115200) is a 16550A
[    3.398881] console [ttyS0] enabled
[    3.398881] console [ttyS0] enabled
[    3.399390] bootconsole [uart0] disabled
[    3.399390] bootconsole [uart0] disabled
[    3.428590] serial8250.0: ttyS1 at I/O 0x2f8 (irq = 3, base_baud = 115200) is a 16550A
[    3.531364] brd: module loaded
[    3.585154] loop: module loaded
[    3.590694] ata_piix 0000:00:0a.1: version 2.13
[    3.591207] PCI: Enabling device 0000:00:0a.1 (0000 -> 0001)
[    3.612814] scsi host0: ata_piix
[    3.617471] scsi host1: ata_piix
[    3.620739] ata1: PATA max UDMA/33 cmd 0x1f0 ctl 0x3f6 bmdma 0x1460 irq 14
[    3.621211] ata2: PATA max UDMA/33 cmd 0x170 ctl 0x376 bmdma 0x1468 irq 15
[    3.626839] [nandsim] warning: read_byte: unexpected data output cycle, state is STATE_READY return 0x0
[    3.627407] [nandsim] warning: read_byte: unexpected data output cycle, state is STATE_READY return 0x0
[    3.628038] [nandsim] warning: read_byte: unexpected data output cycle, state is STATE_READY return 0x0
[    3.628737] [nandsim] warning: read_byte: unexpected data output cycle, state is STATE_READY return 0x0
[    3.629291] [nandsim] warning: read_byte: unexpected data output cycle, state is STATE_READY return 0x0
[    3.629852] [nandsim] warning: read_byte: unexpected data output cycle, state is STATE_READY return 0x0
[    3.630570] nand: device found, Manufacturer ID: 0x98, Chip ID: 0x39
[    3.630995] nand: Toshiba NAND 128MiB 1,8V 8-bit
[    3.631378] nand: 128 MiB, SLC, erase size: 16 KiB, page size: 512, OOB size: 16
[    3.633209] flash size: 128 MiB
[    3.633467] page size: 512 bytes
[    3.633706] OOB area size: 16 bytes
[    3.633956] sector size: 16 KiB
[    3.634189] pages number: 262144
[    3.634435] pages per sector: 32
[    3.634669] bus width: 8
[    3.634877] bits in sector size: 14
[    3.635126] bits in page size: 9
[    3.635366] bits in OOB size: 4
[    3.635600] flash size with OOB: 135168 KiB
[    3.635871] page address bytes: 4
[    3.636221] sector address bytes: 3
[    3.636496] options: 0x42
[    3.706054] Scanning device for bad blocks
[    4.693545] cfg80211: Calling CRDA to update world regulatory domain
[    4.697933] ata2.01: NODEV after polling detection
[    4.698589] ata1.01: NODEV after polling detection
[    4.700136] ata2.00: ATAPI: QEMU DVD-ROM, 2.5+, max UDMA/100
[    4.702701] ata1.00: ATA-7: QEMU HARDDISK, 2.5+, max UDMA/100
[    4.703134] ata1.00: 2097152 sectors, multi 16: LBA48 
[    4.707932] ata2.00: configured for UDMA/33
[    4.710006] ata1.00: configured for UDMA/33
[    4.717615] scsi 0:0:0:0: Direct-Access     ATA      QEMU HARDDISK    2.5+ PQ: 0 ANSI: 5
[    4.731483] sd 0:0:0:0: [sda] 2097152 512-byte logical blocks: (1.07 GB/1.00 GiB)
[    4.733034] scsi 1:0:0:0: CD-ROM            QEMU     QEMU DVD-ROM     2.5+ PQ: 0 ANSI: 5
[    4.744381] sd 0:0:0:0: [sda] Write Protect is off
[    4.744866] sd 0:0:0:0: [sda] Mode Sense: 00 3a 00 00
[    4.746223] sd 0:0:0:0: [sda] Write cache: enabled, read cache: enabled, doesn't support DPO or FUA
[    4.756473]  sda: sda1
[    4.763338] Creating 11 MTD partitions on "NAND 128MiB 1,8V 8-bit":
[    4.763966] 0x000000000000-0x000000100000 : "NAND simulator partition 0"
[    4.773758] 0x000000100000-0x000000200000 : "NAND simulator partition 1"
[    4.783063] 0x000000200000-0x000000300000 : "NAND simulator partition 2"
[    4.792525] 0x000000300000-0x000000400000 : "NAND simulator partition 3"
[    4.801818] 0x000000400000-0x000000500000 : "NAND simulator partition 4"
[    4.811218] 0x000000500000-0x000000600000 : "NAND simulator partition 5"
[    4.821061] 0x000000600000-0x000000700000 : "NAND simulator partition 6"
[    4.830692] 0x000000700000-0x000000800000 : "NAND simulator partition 7"
[    4.842037] 0x000000800000-0x000000900000 : "NAND simulator partition 8"
[    4.851070] 0x000000900000-0x000000a00000 : "NAND simulator partition 9"
[    4.860115] 0x000000a00000-0x000008000000 : "NAND simulator partition 10"
[    4.899288] tun: Universal TUN/TAP device driver, 1.6
[    4.899627] tun: (C) 1999-2004 Max Krasnyansky <maxk@qualcomm.com>
[    4.902839] pcnet32: pcnet32.c:v1.35 21.Apr.2008 tsbogend@alpha.franken.de
[    4.903987] e1000: Intel(R) PRO/1000 Network Driver - version 7.3.21-k8-NAPI
[    4.904545] e1000: Copyright (c) 1999-2006 Intel Corporation.
[    4.905386] PCI: Enabling device 0000:00:13.0 (0000 -> 0003)
[    4.912019] sd 0:0:0:0: [sda] Attached SCSI disk
[    5.193578] e1000 0000:00:13.0 eth0: (PCI:33MHz:32-bit) 52:54:00:12:34:56
[    5.194176] e1000 0000:00:13.0 eth0: Intel(R) PRO/1000 Network Connection
[    5.194769] PCI: Enabling device 0000:00:14.0 (0000 -> 0003)
[    5.484374] e1000 0000:00:14.0 eth1: (PCI:33MHz:32-bit) 52:54:00:12:34:57
[    5.484851] e1000 0000:00:14.0 eth1: Intel(R) PRO/1000 Network Connection
[    5.485431] PCI: Enabling device 0000:00:15.0 (0000 -> 0003)
[    5.778726] e1000 0000:00:15.0 eth2: (PCI:33MHz:32-bit) 52:54:00:12:34:58
[    5.779222] e1000 0000:00:15.0 eth2: Intel(R) PRO/1000 Network Connection
[    5.779812] PCI: Enabling device 0000:00:16.0 (0000 -> 0003)
[    6.098155] e1000 0000:00:16.0 eth3: (PCI:33MHz:32-bit) 52:54:00:12:34:59
[    6.098635] e1000 0000:00:16.0 eth3: Intel(R) PRO/1000 Network Connection
[    6.099771] e1000e: Intel(R) PRO/1000 Network Driver - 2.3.2-k
[    6.100089] e1000e: Copyright(c) 1999 - 2014 Intel Corporation.
[    6.103888] PPP generic driver version 2.4.2
[    6.105910] PPP Deflate Compression module registered
[    6.106493] PPP MPPE Compression module registered
[    6.106854] NET: Registered protocol family 24
[    6.107529] ehci_hcd: USB 2.0 'Enhanced' Host Controller (EHCI) Driver
[    6.107974] ehci-pci: EHCI PCI platform driver
[    6.109118] ohci_hcd: USB 1.1 'Open' Host Controller (OHCI) Driver
[    6.109548] ohci-pci: OHCI PCI platform driver
[    6.110506] uhci_hcd: USB Universal Host Controller Interface driver
[    6.111975] uhci_hcd 0000:00:0a.2: UHCI Host Controller
[    6.112854] uhci_hcd 0000:00:0a.2: new USB bus registered, assigned bus number 1
[    6.113805] uhci_hcd 0000:00:0a.2: irq 11, io base 0x00001440
[    6.123676] hub 1-0:1.0: USB hub found
[    6.124470] hub 1-0:1.0: 2 ports detected
[    6.132736] usbcore: registered new interface driver usb-storage
[    6.136606] mousedev: PS/2 mouse device common for all mice
[    6.142401] rtc_cmos rtc_cmos: rtc core: registered rtc_cmos as rtc0
[    6.143087] rtc_cmos rtc_cmos: alarms up to one day, 242 bytes nvram
[    6.144560] i2c /dev entries driver
[    6.145682] piix4_smbus 0000:00:0a.3: SMBus Host Controller at 0x1100, revision 0
[    6.149978] sdhci: Secure Digital Host Controller Interface driver
[    6.150316] sdhci: Copyright(c) Pierre Ossman
[    6.152509] hidraw: raw HID events driver (C) Jiri Kosina
[    6.169586] usbcore: registered new interface driver usbhid
[    6.169918] usbhid: USB HID core driver
[    6.170875] Netfilter messages via NETLINK v0.30.
[    6.172101] nf_conntrack version 0.5.0 (3923 buckets, 15692 max)
[    6.175232] ctnetlink v0.93: registering with nfnetlink.
[    6.180477] ipip: IPv4 over IPv4 tunneling driver
[    6.191847] ip_tables: (C) 2000-2006 Netfilter Core Team
[    6.194551] arp_tables: (C) 2002 David S. Miller
[    6.196369] Initializing XFRM netlink socket
[    6.197444] NET: Registered protocol family 10
[    6.215877] ip6_tables: (C) 2000-2006 Netfilter Core Team
[    6.219437] sit: IPv6 over IPv4 tunneling driver
[    6.235637] NET: Registered protocol family 17
[    6.236656] bridge: automatic filtering via arp/ip/ip6tables has been deprecated. Update your scripts to load br_netfilter if you need this.
[    6.237690] Bridge firewalling registered
[    6.238075] Ebtables v2.0 registered
[    6.242150] 8021q: 802.1Q VLAN Support v1.8
[    6.263347] rtc_cmos rtc_cmos: setting system clock to 2025-07-23 11:45:33 UTC (1753271133)
[    6.283993] EXT2-fs (sda1): warning: mounting unchecked fs, running e2fsck is recommended
[    6.286251] VFS: Mounted root (ext2 filesystem) on device 8:1.
[    6.294885] Freeing YAMON memory: 956k freed
[    6.305504] Freeing unused kernel memory: 260K (8081f000 - 80860000)
[    6.418689] firmadyne: sys_reboot[PID: 48 (init)]: magic1:fee1dead, magic2:28121969, cmd:0
[    6.424463] spurious 8259A interrupt: IRQ7.

init started: BusyBox v1.13.4 (2012-03-09 11:38:45 CST)

starting pid 49, tty '/dev/console': '/usr/etc/rcS'
[    6.644506] firmadyne: do_execve: /firmadyne/console
[    6.645086] OFFSETS: offset of pid: 0x198 offset of comm: 0x278
[    7.836440] cfg80211: Calling CRDA to update world regulatory domain
[   10.200527] random: nonblocking pool is initialized
insmod finish
[   10.307188] firmadyne: sys_socket[PID: 101 (brctl)]: family:2, type:2, protocol:0
[   10.365691] firmadyne: sys_socket[PID: 102 (brctl)]: family:2, type:2, protocol:0
[   10.421574] firmadyne: sys_socket[PID: 103 (ifconfig)]: family:2, type:1, protocol:0
[   10.432019] IPv6: ADDRCONF(NETDEV_UP): eth0: link is not ready
[   10.432804] 8021q: adding VLAN 0 to HW filter on device eth0
[   10.437030] e1000: eth0 NIC Link is Up 1000 Mbps Full Duplex, Flow Control: RX
[   10.446602] IPv6: ADDRCONF(NETDEV_CHANGE): eth0: link becomes ready
[   10.503421] firmadyne: sys_socket[PID: 104 (ifconfig)]: family:2, type:1, protocol:0
[   10.512003] IPv6: ADDRCONF(NETDEV_UP): eth1: link is not ready
[   10.512823] 8021q: adding VLAN 0 to HW filter on device eth1
[   10.516709] e1000: eth1 NIC Link is Up 1000 Mbps Full Duplex, Flow Control: RX
[   10.524751] IPv6: ADDRCONF(NETDEV_CHANGE): eth1: link becomes ready
[   10.630756] firmadyne: sys_socket[PID: 106 (ifconfig)]: family:2, type:1, protocol:0
[   10.634593] firmadyne: __inet_insert_ifa[PID: 106 (ifconfig)]: device:lo ifa:0x7f000001
[   10.637623] firmadyne: __inet_insert_ifa[PID: 106 (ifconfig)]: device:lo ifa:0x7f000001
[   10.699809] firmadyne: sys_socket[PID: 107 (route)]: family:2, type:1, protocol:0
[   10.968918] firmadyne: sys_socket[PID: 109 (klogd)]: family:1, type:1, protocol:0
[   10.970848] firmadyne: sys_socket[PID: 109 (klogd)]: family:1, type:2, protocol:0
[   10.980455] cfg80211: Calling CRDA to update world regulatory domain
[   10.992597] firmadyne: sys_socket[PID: 109 (klogd)]: family:1, type:1, protocol:0
[   10.993799] firmadyne: sys_socket[PID: 109 (klogd)]: family:1, type:2, protocol:0
[   11.008677] firmadyne: sys_socket[PID: 109 (klogd)]: family:1, type:1, protocol:0
[   11.009880] firmadyne: sys_socket[PID: 109 (klogd)]: family:1, type:2, protocol:0
[   11.024651] firmadyne: sys_socket[PID: 109 (klogd)]: family:1, type:1, protocol:0
[   11.025826] firmadyne: sys_socket[PID: 109 (klogd)]: family:1, type:2, protocol:0
[   11.040517] firmadyne: sys_socket[PID: 109 (klogd)]: family:1, type:1, protocol:0
[   11.041706] firmadyne: sys_socket[PID: 109 (klogd)]: family:1, type:2, protocol:0
[   11.056538] firmadyne: sys_socket[PID: 109 (klogd)]: family:1, type:1, protocol:0
[   11.057720] firmadyne: sys_socket[PID: 109 (klogd)]: family:1, type:2, protocol:0
/usr/etc/rcS: line 144: can't create /proc/wan_unknowmac2cpu: nonexistent directory
[   11.072595] firmadyne: sys_socket[PID: 109 (klogd)]: family:1, type:1, protocol:0
[   11.073791] firmadyne: sys_socket[PID: 109 (klogd)]: family:1, type:2, protocol:0
[   11.088580] firmadyne: sys_socket[PID: 109 (klogd)]: family:1, type:1, protocol:0
[   11.089770] firmadyne: sys_socket[PID: 109 (klogd)]: family:1, type:2, protocol:0
[   11.105491] firmadyne: sys_socket[PID: 109 (klogd)]: family:1, type:1, protocol:0
[   11.106656] firmadyne: sys_socket[PID: 109 (klogd)]: family:1, type:2, protocol:0
[   11.122458] firmadyne: sys_socket[PID: 109 (klogd)]: family:1, type:1, protocol:0
[   11.123665] firmadyne: sys_socket[PID: 109 (klogd)]: family:1, type:2, protocol:0
[   11.140560] firmadyne: sys_socket[PID: 109 (klogd)]: family:1, type:1, protocol:0
[   11.141706] firmadyne: sys_socket[PID: 109 (klogd)]: family:1, type:2, protocol:0
[   11.156603] firmadyne: sys_socket[PID: 109 (klogd)]: family:1, type:1, protocol:0
[   11.157760] firmadyne: sys_socket[PID: 109 (klogd)]: family:1, type:2, protocol:0
[   11.172527] firmadyne: sys_socket[PID: 109 (klogd)]: family:1, type:1, protocol:0
[   11.173779] firmadyne: sys_socket[PID: 109 (klogd)]: family:1, type:2, protocol:0
[   11.188705] firmadyne: sys_socket[PID: 109 (klogd)]: family:1, type:1, protocol:0
[   11.189862] firmadyne: sys_socket[PID: 109 (klogd)]: family:1, type:2, protocol:0
[36m[rc debug]/usr/sbin/rc [   11.204841] firmadyne: sys_socket[PID: 109 (klogd)]: family:1, type:1, protocol:0
[   11.206005] firmadyne: sys_socket[PID: 109 (klogd)]: family:1, type:2, protocol:0
init [0m
[32m[SYSTEM]/sbin/ifconfig eth0 down[0m
[   11.220592] firmadyne: sys_socket[PID: 109 (klogd)]: family:1, type:1, protocol:0
[   11.221759] firmadyne: sys_socket[PID: 109 (klogd)]: family:1, type:2, protocol:0
[   11.236541] firmadyne: sys_socket[PID: 109 (klogd)]: family:1, type:1, protocol:0
[   11.237688] firmadyne: sys_socket[PID: 109 (klogd)]: family:1, type:2, protocol:0
[   11.252685] firmadyne: sys_socket[PID: 109 (klogd)]: family:1, type:1, protocol:0
[   11.253931] firmadyne: sys_socket[PID: 109 (klogd)]: family:1, type:2, protocol:0
[   11.268555] firmadyne: sys_socket[PID: 109 (klogd)]: family:1, type:1, protocol:0
[   11.269740] firmadyne: sys_socket[PID: 109 (klogd)]: family:1, type:2, protocol:0
[   11.284613] firmadyne: sys_socket[PID: 109 (klogd)]: family:1, type:1, protocol:0
[   11.285752] firmadyne: sys_socket[PID: 109 (klogd)]: family:1, type:2, protocol:0
[   11.300660] firmadyne: sys_socket[PID: 109 (klogd)]: family:1, type:1, protocol:0
[   11.301799] firmadyne: sys_socket[PID: 109 (klogd)]: family:1, type:2, protocol:0
[   11.316564] firmadyne: sys_socket[PID: 109 (klogd)]: family:1, type:1, protocol:0
[   11.317718] firmadyne: sys_socket[PID: 109 (klogd)]: family:1, type:2, protocol:0
[   11.332529] firmadyne: sys_socket[PID: 109 (klogd)]: family:1, type:1, protocol:0
[   11.333672] firmadyne: sys_socket[PID: 109 (klogd)]: family:1, type:2, protocol:0
[   11.348536] firmadyne: sys_socket[PID: 109 (klogd)]: family:1, type:1, protocol:0
[   11.349915] firmadyne: sys_socket[PID: 109 (klogd)]: family:1, type:2, protocol:0
[   11.359059] firmadyne: sys_socket[PID: 116 (ifconfig)]: family:2, type:1, protocol:0
[   11.364615] firmadyne: sys_socket[PID: 109 (klogd)]: family:1, type:1, protocol:0
[   11.365710] firmadyne: sys_socket[PID: 109 (klogd)]: family:1, type:2, protocol:0
[   11.380552] firmadyne: sys_socket[PID: 109 (klogd)]: family:1, type:1, protocol:0
[   11.381575] firmadyne: sys_socket[PID: 109 (klogd)]: family:1, type:2, protocol:0
[   11.396875] firmadyne: sys_socket[PID: 109 (klogd)]: family:1, type:1, protocol:0
[   11.398772] firmadyne: sys_socket[PID: 109 (klogd)]: family:1, type:2, protocol:0
[   11.422741] firmadyne: sys_socket[PID: 109 (klogd)]: family:1, type:1, protocol:0
[   11.423935] firmadyne: sys_socket[PID: 109 (klogd)]: family:1, type:2, protocol:0
[32m[SYSTEM]/sbin/ifconfig eth0 hw ether 00:c0:02:12:35:88 [0m
[   11.440623] firmadyne: sys_socket[PID: 109 (klogd)]: family:1, type:1, protocol:0
[   11.441839] firmadyne: sys_socket[PID: 109 (klogd)]: family:1, type:2, protocol:0
[   11.456639] firmadyne: sys_socket[PID: 109 (klogd)]: family:1, type:1, protocol:0
[   11.457778] firmadyne: sys_socket[PID: 109 (klogd)]: family:1, type:2, protocol:0
[   11.472615] firmadyne: sys_socket[PID: 109 (klogd)]: family:1, type:1, protocol:0
[   11.473760] firmadyne: sys_socket[PID: 109 (klogd)]: family:1, type:2, protocol:0
[   11.488539] firmadyne: sys_socket[PID: 109 (klogd)]: family:1, type:1, protocol:0
[   11.489698] firmadyne: sys_socket[PID: 109 (klogd)]: family:1, type:2, protocol:0
[   11.504593] firmadyne: sys_socket[PID: 109 (klogd)]: family:1, type:1, protocol:0
[   11.505749] firmadyne: sys_socket[PID: 109 (klogd)]: family:1, type:2, protocol:0
[   11.520608] firmadyne: sys_socket[PID: 109 (klogd)]: family:1, type:1, protocol:0
[   11.521749] firmadyne: sys_socket[PID: 109 (klogd)]: family:1, type:2, protocol:0
[   11.536538] firmadyne: sys_socket[PID: 109 (klogd)]: family:1, type:1, protocol:0
[   11.537673] firmadyne: sys_socket[PID: 109 (klogd)]: family:1, type:2, protocol:0
[   11.552596] firmadyne: sys_socket[PID: 109 (klogd)]: family:1, type:1, protocol:0
[   11.553727] firmadyne: sys_socket[PID: 109 (klogd)]: family:1, type:2, protocol:0
[   11.568529] firmadyne: sys_socket[PID: 109 (klogd)]: family:1, type:1, protocol:0
[   11.569744] firmadyne: sys_socket[PID: 109 (klogd)]: family:1, type:2, protocol:0
[   11.578613] firmadyne: sys_socket[PID: 118 (ifconfig)]: family:2, type:1, protocol:0
[   11.588703] firmadyne: sys_socket[PID: 109 (klogd)]: family:1, type:1, protocol:0
[   11.589882] firmadyne: sys_socket[PID: 109 (klogd)]: family:1, type:2, protocol:0
[32m[SYSTEM]/sbin/ifconfig eth0 up[0m
[   11.604522] firmadyne: sys_socket[PID: 109 (klogd)]: family:1, type:1, protocol:0
[   11.605662] firmadyne: sys_socket[PID: 109 (klogd)]: family:1, type:2, protocol:0
[   11.620559] firmadyne: sys_socket[PID: 109 (klogd)]: family:1, type:1, protocol:0
[   11.621694] firmadyne: sys_socket[PID: 109 (klogd)]: family:1, type:2, protocol:0
[   11.636531] firmadyne: sys_socket[PID: 109 (klogd)]: family:1, type:1, protocol:0
[   11.637716] firmadyne: sys_socket[PID: 109 (klogd)]: family:1, type:2, protocol:0
[   11.652553] firmadyne: sys_socket[PID: 109 (klogd)]: family:1, type:1, protocol:0
[   11.653703] firmadyne: sys_socket[PID: 109 (klogd)]: family:1, type:2, protocol:0
[   11.668652] firmadyne: sys_socket[PID: 109 (klogd)]: family:1, type:1, protocol:0
[   11.669803] firmadyne: sys_socket[PID: 109 (klogd)]: family:1, type:2, protocol:0
[   11.684589] firmadyne: sys_socket[PID: 109 (klogd)]: family:1, type:1, protocol:0
[   11.685744] firmadyne: sys_socket[PID: 109 (klogd)]: family:1, type:2, protocol:0
[   11.700538] firmadyne: sys_socket[PID: 109 (klogd)]: family:1, type:1, protocol:0
[   11.701673] firmadyne: sys_socket[PID: 109 (klogd)]: family:1, type:2, protocol:0
[   11.716595] firmadyne: sys_socket[PID: 109 (klogd)]: family:1, type:1, protocol:0
[   11.717825] firmadyne: sys_socket[PID: 109 (klogd)]: family:1, type:2, protocol:0
[   11.725192] firmadyne: sys_socket[PID: 120 (ifconfig)]: family:2, type:1, protocol:0
[   11.733515] IPv6: ADDRCONF(NETDEV_UP): eth0: link is not ready
[   11.734028] 8021q: adding VLAN 0 to HW filter on device eth0
[   11.737333] firmadyne: sys_socket[PID: 109 (klogd)]: family:1, type:1, protocol:0
[   11.738578] firmadyne: sys_socket[PID: 109 (klogd)]: family:1, type:2, protocol:0
[32m[SYSTEM]/bin/renice -20 2[0m
[   11.756594] firmadyne: sys_socket[PID: 109 (klogd)]: family:1, type:1, protocol:0
[   11.757696] firmadyne: sys_socket[PID: 109 (klogd)]: family:1, type:2, protocol:0
[   11.772545] firmadyne: sys_socket[PID: 109 (klogd)]: family:1, type:1, protocol:0
[   11.773664] firmadyne: sys_socket[PID: 109 (klogd)]: family:1, type:2, protocol:0
[   11.788554] firmadyne: sys_socket[PID: 109 (klogd)]: family:1, type:1, protocol:0
[   11.789720] firmadyne: sys_socket[PID: 109 (klogd)]: family:1, type:2, protocol:0
[   11.804539] firmadyne: sys_socket[PID: 109 (klogd)]: family:1, type:1, protocol:0
[   11.805816] firmadyne: sys_socket[PID: 109 (klogd)]: family:1, type:2, protocol:0
[   11.820613] firmadyne: sys_socket[PID: 109 (klogd)]: family:1, type:1, protocol:0
[   11.821804] firmadyne: sys_socket[PID: 109 (klogd)]: family:1, type:2, protocol:0
[   11.836508] firmadyne: sys_socket[PID: 109 (klogd)]: family:1, type:1, protocol:0
[   11.837645] firmadyne: sys_socket[PID: 109 (klogd)]: family:1, type:2, protocol:0
[   11.852649] firmadyne: sys_socket[PID: 109 (klogd)]: family:1, type:1, protocol:0
[   11.853803] firmadyne: sys_socket[PID: 109 (klogd)]: family:1, type:2, protocol:0
[   11.868636] firmadyne: sys_socket[PID: 109 (klogd)]: family:1, type:1, protocol:0
[   11.869790] firmadyne: sys_socket[PID: 109 (klogd)]: family:1, type:2, protocol:0
[   11.884559] firmadyne: sys_socket[PID: 109 (klogd)]: family:1, type:1, protocol:0
[   11.885819] firmadyne: sys_socket[PID: 109 (klogd)]: family:1, type:2, protocol:0
[   11.900605] firmadyne: sys_socket[PID: 109 (klogd)]: family:1, type:1, protocol:0
[   11.901820] firmadyne: sys_socket[PID: 109 (klogd)]: family:1, type:2, protocol:0
[32m[SYSTEM]/bin/renice -20 3[0m
[   11.916637] firmadyne: sys_socket[PID: 109 (klogd)]: family:1, type:1, protocol:0
[   11.917778] firmadyne: sys_socket[PID: 109 (klogd)]: family:1, type:2, protocol:0
[   11.932569] firmadyne: sys_socket[PID: 109 (klogd)]: family:1, type:1, protocol:0
[   11.933714] firmadyne: sys_socket[PID: 109 (klogd)]: family:1, type:2, protocol:0
[   11.948634] firmadyne: sys_socket[PID: 109 (klogd)]: family:1, type:1, protocol:0
[   11.949803] firmadyne: sys_socket[PID: 109 (klogd)]: family:1, type:2, protocol:0
[   11.964607] firmadyne: sys_socket[PID: 109 (klogd)]: family:1, type:1, protocol:0
[   11.965844] firmadyne: sys_socket[PID: 109 (klogd)]: family:1, type:2, protocol:0
[   11.980587] firmadyne: sys_socket[PID: 109 (klogd)]: family:1, type:1, protocol:0
[   11.981722] firmadyne: sys_socket[PID: 109 (klogd)]: family:1, type:2, protocol:0
[   11.997269] firmadyne: sys_socket[PID: 109 (klogd)]: family:1, type:1, protocol:0
[   11.998475] firmadyne: sys_socket[PID: 109 (klogd)]: family:1, type:2, protocol:0
[   12.020622] firmadyne: sys_socket[PID: 109 (klogd)]: family:1, type:1, protocol:0
[   12.021761] firmadyne: sys_socket[PID: 109 (klogd)]: family:1, type:2, protocol:0
[   12.036557] firmadyne: sys_socket[PID: 109 (klogd)]: family:1, type:1, protocol:0
[   12.037801] firmadyne: sys_socket[PID: 109 (klogd)]: family:1, type:2, protocol:0
[   12.052721] firmadyne: sys_socket[PID: 109 (klogd)]: family:1, type:1, protocol:0
[   12.053946] firmadyne: sys_socket[PID: 109 (klogd)]: family:1, type:2, protocol:0
nvram_init: Initializing NVRAM...
sem_get: Key: 4101c003[   12.068797] firmadyne: sys_socket[PID: 109 (klogd)]: family:1, type:1, protocol:0
[   12.070015] firmadyne: sys_socket[PID: 109 (klogd)]: family:1, type:2, protocol:0

sem_get: Key: 410f01d0
nvram_set_default_builtin: Setting built-in default values!
nvram_set: console_loglevel = "7"
[   12.084529] firmadyne: sys_socket[PID: 109 (klogd)]: family:1, type:1, protocol:0
[   12.085668] firmadyne: sys_socket[PID: 109 (klogd)]: family:1, type:2, protocol:0
sem_get: Key: 410f01d0
sem_get: Key: 410f01d0
nvram_set: restore_defaults = "1"
sem_get: Key: 410f01d0
sem_get: Key: 410f01d0
nvram_set: sku_name = ""
sem_get[   12.100642] firmadyne: sys_socket[PID: 109 (klogd)]: family:1, type:1, protocol:0
[   12.101799] firmadyne: sys_socket[PID: 109 (klogd)]: family:1, type:2, protocol:0
: Key: 410f01d0
sem_get: Key: 410f01d0
nvram_set: wla_wlanstate = ""
sem_get: Key: 410f01d0
sem_get: Key: 410f01d0
nvram_set: lan_if = "br0"
sem_get: Key: 410f01d0
[   12.116652] firmadyne: sys_socket[PID: 109 (klogd)]: family:1, type:1, protocol:0
[   12.117849] firmadyne: sys_socket[PID: 109 (klogd)]: family:1, type:2, protocol:0
sem_get: Key: 410f01d0
nvram_set: lan_ipaddr = "192.168.0.50"
sem_get: Key: 410f01d0
sem_get: Key: 410f01d0
nvram_set: lan_bipaddr = "192.168.0.255"
sem_get: Key: 410f01d0
sem_get: Key: [   12.132761] firmadyne: sys_socket[PID: 109 (klogd)]: family:1, type:1, protocol:0
[   12.133997] firmadyne: sys_socket[PID: 109 (klogd)]: family:1, type:2, protocol:0
410f01d0
nvram_set: lan_netmask = "255.255.255.0"
sem_get: Key: 410f01d0
sem_get: Key: 410f01d0
nvram_set: time_zone = "PST8PDT"
sem_get: Key: 410f01d0
sem_get: Key: 410f01d0
[   12.148627] firmadyne: sys_socket[PID: 109 (klogd)]: family:1, type:1, protocol:0
[   12.149783] firmadyne: sys_socket[PID: 109 (klogd)]: family:1, type:2, protocol:0
nvram_set: wan_hwaddr_def = "01:23:45:67:89:ab"
sem_get: Key: 410f01d0
sem_get: Key: 410f01d0
nvram_set: wan_ifname = "eth0"
sem_get: Key: 410f01d0
sem_get: Key: 410f01d0
nvram_set: lan_ifnames[   12.164807] firmadyne: sys_socket[PID: 109 (klogd)]: family:1, type:1, protocol:0
[   12.165973] firmadyne: sys_socket[PID: 109 (klogd)]: family:1, type:2, protocol:0
 = "eth1 eth2 eth3 eth4"
sem_get: Key: 410f01d0
sem_get: Key: 410f01d0
nvram_set: ethConver = "1"
sem_get: Key: 410f01d0
sem_get: Key: 410f01d0
nvram_set: lan_proto = "dhcp[   12.180629] firmadyne: sys_socket[PID: 109 (klogd)]: family:1, type:1, protocol:0
[   12.181819] firmadyne: sys_socket[PID: 109 (klogd)]: family:1, type:2, protocol:0
"
sem_get: Key: 410f01d0
sem_get: Key: 410f01d0
nvram_set: wan_ipaddr = "0.0.0.0"
sem_get: Key: 410f01d0
sem_get: Key: 410f01d0
nvram_set: wan_netmask = "255.255.255.0"
sem_get[   12.196598] firmadyne: sys_socket[PID: 109 (klogd)]: family:1, type:1, protocol:0
[   12.198028] firmadyne: sys_socket[PID: 109 (klogd)]: family:1, type:2, protocol:0
: Key: 410f01d0
sem_get: Key: 410f01d0
nvram_set: wanif = "eth0"
sem_get: Key: 410f01d0
sem_get: Key: 410f01d0
nvram_set: time_zone_x = "0"
sem_get: Key: 410f01d0[   12.212647] firmadyne: sys_socket[PID: 109 (klogd)]: family:1, type:1, protocol:0
[   12.213859] firmadyne: sys_socket[PID: 109 (klogd)]: family:1, type:2, protocol:0

sem_get: Key: 410f01d0
nvram_set: rip_multicast = "0"
sem_get: Key: 410f01d0
sem_get: Key: 410f01d0
nvram_set: bs_trustedip_enable = "0"
sem_get: Key: 410f01d0
[   12.228737] firmadyne: sys_socket[PID: 109 (klogd)]: family:1, type:1, protocol:0
[   12.229970] firmadyne: sys_socket[PID: 109 (klogd)]: family:1, type:2, protocol:0
sem_get: Key: 410f01d0
nvram_set: et0macaddr = "01:23:45:67:89:ab"
sem_get: Key: 410f01d0
sem_get: Key: 410f01d0
nvram_set: filter_rule_tbl = ""
sem_get: Key: 410f01d0
sem_get[   12.244655] firmadyne: sys_socket[PID: 109 (klogd)]: family:1, type:1, protocol:0
[   12.245876] firmadyne: sys_socket[PID: 109 (klogd)]: family:1, type:2, protocol:0
: Key: 410f01d0
nvram_set: pppoe2_schedule_config = "127:0:0:23:59"
sem_get: Key: 410f01d0
sem_get: Key: 410f01d0
nvram_set: schedule_config = "127:0:0:23:59"
sem_get: Key: 410f01d0[   12.260593] firmadyne: sys_socket[PID: 109 (klogd)]: family:1, type:1, protocol:0
[   12.261742] firmadyne: sys_socket[PID: 109 (klogd)]: family:1, type:2, protocol:0

sem_get: Key: 410f01d0
nvram_set: access_control_mode = "0"
sem_get: Key: 410f01d0
sem_get: Key: 410f01d0
nvram_set: fwpt_df_count = "0"
sem_get: Key: 410f01d0[   12.276749] firmadyne: sys_socket[PID: 109 (klogd)]: family:1, type:1, protocol:0
[   12.278002] firmadyne: sys_socket[PID: 109 (klogd)]: family:1, type:2, protocol:0

sem_get: Key: 410f01d0
nvram_set: static_if_status = "1"
sem_get: Key: 410f01d0
sem_get: Key: 410f01d0
nvram_set: www_relocation = ""
sem_get: Key: 410f01d0
[   12.292548] firmadyne: sys_socket[PID: 109 (klogd)]: family:1, type:1, protocol:0
[   12.293699] firmadyne: sys_socket[PID: 109 (klogd)]: family:1, type:2, protocol:0
sem_get: Key: 410f01d0
nvram_set: usb_info_dev0 = "A200396E0402FF83@1@14.4G@U@1@USB_Storage;U:;0;0@"
sem_get: Key: 410f01d0
sem_get: Key: 410f01d0
nvram_set: usb_info_dev1 = "A200396E0402FF83@1@14.4G@U@1@USB_Storage;U:;0;0@"
sem_get: Key: 410f01d0
[   12.308636] firmadyne: sys_socket[PID: 109 (klogd)]: family:1, type:1, protocol:0
[   12.309777] firmadyne: sys_socket[PID: 109 (klogd)]: family:1, type:2, protocol:0
sem_get: Key: 410f01d0
nvram_set: usb_info_dev2 = "A200396E0402FF83@1@14.4G@U@1@USB_Storage;U:;0;0@"
sem_get: Key: 410f01d0
sem_get: Key: 410f01d0
nvram_set: usb_info_dev3 = "A200396E0402FF83@1@14.4G@U@1@USB_Storage;U:;0;0@"
sem_get: Key: 410f01d0
[   12.324524] firmadyne: sys_socket[PID: 109 (klogd)]: family:1, type:1, protocol:0
[   12.325691] firmadyne: sys_socket[PID: 109 (klogd)]: family:1, type:2, protocol:0
sem_get: Key: 410f01d0
nvram_set: usb_info_dev4 = "A200396E0402FF83@1@14.4G@U@1@USB_Storage;U:;0;0@"
sem_get: Key: 410f01d0
sem_get: Key: 410f01d0
nvram_set: usb_info_dev5 = "A200396E0402FF83@1@14.4G@U@1@USB_Storage;U:;0;0@"
sem_get: Key: 410f01d0
[   12.340581] firmadyne: sys_socket[PID: 109 (klogd)]: family:1, type:1, protocol:0
[   12.341789] firmadyne: sys_socket[PID: 109 (klogd)]: family:1, type:2, protocol:0
sem_get: Key: 410f01d0
nvram_set: usb_info_dev6 = "A200396E0402FF83@1@14.4G@U@1@USB_Storage;U:;0;0@"
sem_get: Key: 410f01d0
sem_get: Key: 410f01d0
nvram_set: usb_info_dev7 = "A200396E0402FF83@1@14.4G@U@1@USB_Storage;U:;0;0@"
sem_get: Key: 410f01d0
[   12.356612] firmadyne: sys_socket[PID: 109 (klogd)]: family:1, type:1, protocol:0
[   12.357801] firmadyne: sys_socket[PID: 109 (klogd)]: family:1, type:2, protocol:0
sem_get: Key: 410f01d0
nvram_set: usb_info_dev8 = "A200396E0402FF83@1@14.4G@U@1@USB_Storage;U:;0;0@"
sem_get: Key: 410f01d0
sem_get: Key: 410f01d0
nvram_set: usb_info_dev9 = "A200396E0402FF83@1@14.4G@U@1@USB_Storage;U:;0;0@"
sem_get: Key: 410f01d0
[   12.372633] firmadyne: sys_socket[PID: 109 (klogd)]: family:1, type:1, protocol:0
[   12.373759] firmadyne: sys_socket[PID: 109 (klogd)]: family:1, type:2, protocol:0
sem_get: Key: 410f01d0
nvram_set: usb_info_dev10 = "A200396E0402FF83@1@14.4G@U@1@USB_Storage;U:;0;0@"
sem_get: Key: 410f01d0
sem_get: Key: 410f01d0
nvram_set: usb_info_dev11 = "A200396E0402FF83@1@14.4G@U@1@USB_Storage;U:;0;0@"
sem_get: Key: 410f01d0
[   12.388609] firmadyne: sys_socket[PID: 109 (klogd)]: family:1, type:1, protocol:0
[   12.389786] firmadyne: sys_socket[PID: 109 (klogd)]: family:1, type:2, protocol:0
sem_get: Key: 410f01d0
nvram_set: usb_info_dev12 = "A200396E0402FF83@1@14.4G@U@1@USB_Storage;U:;0;0@"
sem_get: Key: 410f01d0
sem_get: Key: 410f01d0
nvram_set: usb_info_dev13 = "A200396E0402FF83@1@14.4G@U@1@USB_Storage;U:;0;0@"
sem_get: Key: 410f01d0
[   12.404750] firmadyne: sys_socket[PID: 109 (klogd)]: family:1, type:1, protocol:0
[   12.405969] firmadyne: sys_socket[PID: 109 (klogd)]: family:1, type:2, protocol:0
sem_get: Key: 410f01d0
nvram_set: usb_info_dev14 = "A200396E0402FF83@1@14.4G@U@1@USB_Storage;U:;0;0@"
sem_get: Key: 410f01d0
sem_get: Key: 410f01d0
nvram_set: usb_info_dev15 = "A200396E0402FF83@1@14.4G@U@1@USB_Storage;U:;0;0@"
sem_get: Key: 410f01d0
[   12.420548] firmadyne: sys_socket[PID: 109 (klogd)]: family:1, type:1, protocol:0
[   12.421772] firmadyne: sys_socket[PID: 109 (klogd)]: family:1, type:2, protocol:0
sem_get: Key: 410f01d0
nvram_set: usb_info_dev16 = "A200396E0402FF83@1@14.4G@U@1@USB_Storage;U:;0;0@"
sem_get: Key: 410f01d0
sem_get: Key: 410f01d0
nvram_set: usb_info_dev17 = "A200396E0402FF83@1@14.4G@U@1@USB_Storage;U:;0;0@"
sem_get: Key: 410f01d0
[   12.436626] firmadyne: sys_socket[PID: 109 (klogd)]: family:1, type:1, protocol:0
[   12.437844] firmadyne: sys_socket[PID: 109 (klogd)]: family:1, type:2, protocol:0
sem_get: Key: 410f01d0
nvram_set: usb_info_dev18 = "A200396E0402FF83@1@14.4G@U@1@USB_Storage;U:;0;0@"
sem_get: Key: 410f01d0
sem_get: Key: 410f01d0
nvram_set: usb_info_dev19 = "A200396E0402FF83@1@14.4G@U@1@USB_Storage;U:;0;0@"
sem_get: Key: 410f01d0
[   12.452673] firmadyne: sys_socket[PID: 109 (klogd)]: family:1, type:1, protocol:0
[   12.453803] firmadyne: sys_socket[PID: 109 (klogd)]: family:1, type:2, protocol:0
sem_get: Key: 410f01d0
nvram_set: usb_info_dev20 = "A200396E0402FF83@1@14.4G@U@1@USB_Storage;U:;0;0@"
sem_get: Key: 410f01d0
sem_get: Key: 410f01d0
nvram_set: usb_info_dev21 = "A200396E0402FF83@1@14.4G@U@1@USB_Storage;U:;0;0@"
sem_get[   12.468768] firmadyne: sys_socket[PID: 109 (klogd)]: family:1, type:1, protocol:0
[   12.469939] firmadyne: sys_socket[PID: 109 (klogd)]: family:1, type:2, protocol:0
: Key: 410f01d0
sem_get: Key: 410f01d0
nvram_set: usb_info_dev22 = "A200396E0402FF83@1@14.4G@U@1@USB_Storage;U:;0;0@"
sem_get: Key: 410f01d0
sem_get: Key: 410f01d0
nvram_set: usb_info_dev23 = "A200396E0402FF83@1@14.4G@U@1@USB_Storage;U:;0;0@[   12.484927] firmadyne: sys_socket[PID: 109 (klogd)]: family:1, type:1, protocol:0
[   12.486179] firmadyne: sys_socket[PID: 109 (klogd)]: family:1, type:2, protocol:0
"
sem_get: Key: 410f01d0
sem_get: Key: 410f01d0
nvram_set: usb_info_dev24 = "A200396E0402FF83@1@14.4G@U@1@USB_Storage;U:;0;0@"
sem_get: Key: 410f01d0
sem_get: Key: 410f01d0
nvram_set: usb_info_dev25 = "A200396E0402FF83@1@14.4G@U@1@USB_Storage;U:;0;0@"
sem_get: Key: 410f01d0
sem_get: Key: 410f01d0
nvram_set[   12.508891] firmadyne: sys_socket[PID: 109 (klogd)]: family:1, type:1, protocol:0
[   12.510200] firmadyne: sys_socket[PID: 109 (klogd)]: family:1, type:2, protocol:0
: usb_info_dev26 = "A200396E0402FF83@1@14.4G@U@1@USB_Storage;U:;0;0@"
sem_get: Key: 410f01d0
sem_get: Key: 410f01d0
nvram_set: usb_info_dev27 = "A200396E0402FF83@1@14.4G@U@1@USB_Storage;U:;0;0@"
sem_get: Key: 410f01d0
sem_get: Key: 410f01d0
nvram_set: usb_info_dev28 = "A200396E0402FF83@1@14.4G@U@1@USB_Storage;U:;0;0@"
sem_get: Key: 410f01d0
sem_get: Key: 410f01d0
[   12.532811] firmadyne: sys_socket[PID: 109 (klogd)]: family:1, type:1, protocol:0
[   12.534063] firmadyne: sys_socket[PID: 109 (klogd)]: family:1, type:2, protocol:0
nvram_set: usb_info_dev29 = "A200396E0402FF83@1@14.4G@U@1@USB_Storage;U:;0;0@"
sem_get: Key: 410f01d0
sem_get: Key: 410f01d0
nvram_set: usb_info_dev30 = "A200396E0402FF83@1@14.4G@U@1@USB_Storage;U:;0;0@"
sem_get: Key: 410f01d0
sem_get: Key: [   12.548760] firmadyne: sys_socket[PID: 109 (klogd)]: family:1, type:1, protocol:0
[   12.549989] firmadyne: sys_socket[PID: 109 (klogd)]: family:1, type:2, protocol:0
410f01d0
nvram_set: usb_info_dev31 = "A200396E0402FF83@1@14.4G@U@1@USB_Storage;U:;0;0@"
sem_get: Key: 410f01d0
sem_get: Key: 410f01d0
nvram_set: usb_info_dev32 = "A200396E0402FF83@1@14.4G@U@1@USB_Storage;U:;0;0@"
sem_get: Key: 410f01d0
sem_get[   12.564866] firmadyne: sys_socket[PID: 109 (klogd)]: family:1, type:1, protocol:0
[   12.566073] firmadyne: sys_socket[PID: 109 (klogd)]: family:1, type:2, protocol:0
: Key: 410f01d0
nvram_set: usb_info_dev33 = "A200396E0402FF83@1@14.4G@U@1@USB_Storage;U:;0;0@"
sem_get: Key: 410f01d0
sem_get: Key: 410f01d0
nvram_set: usb_info_dev34 = "A200396E0402FF83@1@14.4G@U@1@USB_Storage;U:;0;0@"
sem_get: Key: 410f01d0
[   12.580604] firmadyne: sys_socket[PID: 109 (klogd)]: family:1, type:1, protocol:0
[   12.581781] firmadyne: sys_socket[PID: 109 (klogd)]: family:1, type:2, protocol:0
sem_get: Key: 410f01d0
nvram_set: usb_info_dev35 = "A200396E0402FF83@1@14.4G@U@1@USB_Storage;U:;0;0@"
sem_get: Key: 410f01d0
sem_get: Key: 410f01d0
nvram_set: usb_info_dev36 = "A200396E0402FF83@1@14.4G@U@1@USB_Storage;U:;0;0@"
sem_get: Key: 410f01d0
[   12.596499] firmadyne: sys_socket[PID: 109 (klogd)]: family:1, type:1, protocol:0
[   12.597641] firmadyne: sys_socket[PID: 109 (klogd)]: family:1, type:2, protocol:0
sem_get: Key: 410f01d0
nvram_set: usb_info_dev37 = "A200396E0402FF83@1@14.4G@U@1@USB_Storage;U:;0;0@"
sem_get: Key: 410f01d0
sem_get: Key: 410f01d0
nvram_set: usb_info_dev38[   12.612808] firmadyne: sys_socket[PID: 109 (klogd)]: family:1, type:1, protocol:0
[   12.613935] firmadyne: sys_socket[PID: 109 (klogd)]: family:1, type:2, protocol:0
 = "A200396E0402FF83@1@14.4G@U@1@USB_Storage;U:;0;0@"
sem_get: Key: 410f01d0
sem_get: Key: 410f01d0
nvram_set: usb_info_dev39 = "A200396E0402FF83@1@14.4G@U@1@USB_Storage;U:;0;0@"
sem_get: Key: 410f01d0
sem_get: Key: 410f01d0
nvram_set: usb_info_dev40 = "[   12.628537] firmadyne: sys_socket[PID: 109 (klogd)]: family:1, type:1, protocol:0
[   12.629719] firmadyne: sys_socket[PID: 109 (klogd)]: family:1, type:2, protocol:0
A200396E0402FF83@1@14.4G@U@1@USB_Storage;U:;0;0@"
sem_get: Key: 410f01d0
sem_get: Key: 410f01d0
nvram_set: usb_info_dev41 = "A200396E0402FF83@1@14.4G@U@1@USB_Storage;U:;0;0@"
sem_get: Key: 410f01d0
sem_get: Key: 410f01d0
nvram_set: usb_info_dev42 = "[   12.644591] firmadyne: sys_socket[PID: 109 (klogd)]: family:1, type:1, protocol:0
[   12.645753] firmadyne: sys_socket[PID: 109 (klogd)]: family:1, type:2, protocol:0
A200396E0402FF83@1@14.4G@U@1@USB_Storage;U:;0;0@"
sem_get: Key: 410f01d0
sem_get: Key: 410f01d0
nvram_set: usb_info_dev43 = "A200396E0402FF83@1@14.4G@U@1@USB_Storage;U:;0;0@"
sem_get: Key: 410f01d0
sem_get: Key: 410f01d0
nvram_set: usb_info_dev44 = "[   12.660800] firmadyne: sys_socket[PID: 109 (klogd)]: family:1, type:1, protocol:0
[   12.662036] firmadyne: sys_socket[PID: 109 (klogd)]: family:1, type:2, protocol:0
A200396E0402FF83@1@14.4G@U@1@USB_Storage;U:;0;0@"
sem_get: Key: 410f01d0
sem_get: Key: 410f01d0
nvram_set: usb_info_dev45 = "A200396E0402FF83@1@14.4G@U@1@USB_Storage;U:;0;0@"
sem_get: Key: 410f01d0
sem_get: Key: 410f01d0
[   12.676624] firmadyne: sys_socket[PID: 109 (klogd)]: family:1, type:1, protocol:0
[   12.677868] firmadyne: sys_socket[PID: 109 (klogd)]: family:1, type:2, protocol:0
nvram_set: usb_info_dev46 = "A200396E0402FF83@1@14.4G@U@1@USB_Storage;U:;0;0@"
sem_get: Key: 410f01d0
sem_get: Key: 410f01d0
nvram_set: usb_info_dev47 = "A200396E0402FF83@1@14.4G@U@1@USB_Storage;U:;0;0@"
sem_get: Key: 410f01d0
sem_get: Key: 410f01d0
[   12.692514] firmadyne: sys_socket[PID: 109 (klogd)]: family:1, type:1, protocol:0
[   12.693644] firmadyne: sys_socket[PID: 109 (klogd)]: family:1, type:2, protocol:0
nvram_set: usb_info_dev48 = "A200396E0402FF83@1@14.4G@U@1@USB_Storage;U:;0;0@"
sem_get: Key: 410f01d0
sem_get: Key: 410f01d0
nvram_set: usb_info_dev49 = "A200396E0402FF83@1@14.4G@U@1@USB_Storage;U:;0;0@"
sem_get: Key: 410f01d0
sem_get: Key: 410f01d0
[   12.708511] firmadyne: sys_socket[PID: 109 (klogd)]: family:1, type:1, protocol:0
[   12.709664] firmadyne: sys_socket[PID: 109 (klogd)]: family:1, type:2, protocol:0
nvram_set: usb_info_dev50 = "A200396E0402FF83@1@14.4G@U@1@USB_Storage;U:;0;0@"
sem_get: Key: 410f01d0
sem_get: Key: 410f01d0
nvram_set: usb_info_dev51 = "A200396E0402FF83@1@14.4G@U@1@USB_Storage;U:;0;0@"
sem_get: Key: 410f01d0
sem_get: Key: 410f01d0
[   12.724504] firmadyne: sys_socket[PID: 109 (klogd)]: family:1, type:1, protocol:0
[   12.725632] firmadyne: sys_socket[PID: 109 (klogd)]: family:1, type:2, protocol:0
nvram_set: usb_info_dev52 = "A200396E0402FF83@1@14.4G@U@1@USB_Storage;U:;0;0@"
sem_get: Key: 410f01d0
sem_get: Key: 410f01d0
nvram_set: usb_info_dev53 = "A200396E0402FF83@1@14.4G@U@1@USB_Storage;U:;0;0@"
sem_get: Key: 410f01d0
sem_get: Key: 410f01d0
[   12.740541] firmadyne: sys_socket[PID: 109 (klogd)]: family:1, type:1, protocol:0
[   12.741738] firmadyne: sys_socket[PID: 109 (klogd)]: family:1, type:2, protocol:0
nvram_set: usb_info_dev54 = "A200396E0402FF83@1@14.4G@U@1@USB_Storage;U:;0;0@"
sem_get: Key: 410f01d0
sem_get: Key: 410f01d0
nvram_set: usb_info_dev55 = "A200396E0402FF83@1@14.4G@U@1@USB_Storage;U:;0;0@"
sem_get: Key: 410f01d0
sem_get: Key: 410f01d0
[   12.756500] firmadyne: sys_socket[PID: 109 (klogd)]: family:1, type:1, protocol:0
[   12.757665] firmadyne: sys_socket[PID: 109 (klogd)]: family:1, type:2, protocol:0
nvram_set: usb_info_dev56 = "A200396E0402FF83@1@14.4G@U@1@USB_Storage;U:;0;0@"
sem_get: Key: 410f01d0
sem_get: Key: 410f01d0
nvram_set: usb_info_dev57 = "A200396E0402FF83@1@14.4G@U@1@USB_Storage;U:;0;0@"
sem_get: Key: 410f01d0
sem_get: Key: 410f01d0
[   12.772514] firmadyne: sys_socket[PID: 109 (klogd)]: family:1, type:1, protocol:0
[   12.773686] firmadyne: sys_socket[PID: 109 (klogd)]: family:1, type:2, protocol:0
nvram_set: usb_info_dev58 = "A200396E0402FF83@1@14.4G@U@1@USB_Storage;U:;0;0@"
sem_get: Key: 410f01d0
sem_get: Key: 410f01d0
nvram_set: usb_info_dev59 = "A200396E0402FF83@1@14.4G@U@1@USB_Storage;U:;0;0@"
sem_get: Key: 410f01d0
sem_get: Key: 410f01d0
[   12.788539] firmadyne: sys_socket[PID: 109 (klogd)]: family:1, type:1, protocol:0
[   12.789721] firmadyne: sys_socket[PID: 109 (klogd)]: family:1, type:2, protocol:0
nvram_set: usb_info_dev60 = "A200396E0402FF83@1@14.4G@U@1@USB_Storage;U:;0;0@"
sem_get: Key: 410f01d0
sem_get: Key: 410f01d0
nvram_set: usb_info_dev61 = "A200396E0402FF83@1@14.4G@U@1@USB_Storage;U:;0;0@"
sem_get: Key: 410f01d0
sem_get: Key: 410f01d0
[   12.804526] firmadyne: sys_socket[PID: 109 (klogd)]: family:1, type:1, protocol:0
[   12.805684] firmadyne: sys_socket[PID: 109 (klogd)]: family:1, type:2, protocol:0
nvram_set: usb_info_dev62 = "A200396E0402FF83@1@14.4G@U@1@USB_Storage;U:;0;0@"
sem_get: Key: 410f01d0
sem_get: Key: 410f01d0
nvram_set: usb_info_dev63 = "A200396E0402FF83@1@14.4G@U@1@USB_Storage;U:;0;0@"
sem_get: Key: 410f01d0
sem_get: Key: 410f01d0
[   12.820560] firmadyne: sys_socket[PID: 109 (klogd)]: family:1, type:1, protocol:0
[   12.821763] firmadyne: sys_socket[PID: 109 (klogd)]: family:1, type:2, protocol:0
nvram_set: usb_info_dev64 = "A200396E0402FF83@1@14.4G@U@1@USB_Storage;U:;0;0@"
sem_get: Key: 410f01d0
sem_get: Key: 410f01d0
nvram_set: usb_info_dev65 = "A200396E0402FF83@1@14.4G@U@1@USB_Storage;U:;0;0@"
sem_get: Key: 410f01d0
sem_get: Key: 410f01d0
[   12.837632] firmadyne: sys_socket[PID: 109 (klogd)]: family:1, type:1, protocol:0
[   12.838917] firmadyne: sys_socket[PID: 109 (klogd)]: family:1, type:2, protocol:0
nvram_set: usb_info_dev66 = "A200396E0402FF83@1@14.4G@U@1@USB_Storage;U:;0;0@"
sem_get: Key: 410f01d0
sem_get: Key: 410f01d0
nvram_set: usb_info_dev67 = "A200396E0402FF83@1@14.4G@U@1@USB_Storage;U:;0;0@"
sem_get: Key: 410f01d0
sem_get: Key: 410f01d0
nvram_set: usb_info_dev68 = "A200396E0402FF83@1@14.4G@U@1@USB_Storage;U:;0;0@"
[   12.856825] firmadyne: sys_socket[PID: 109 (klogd)]: family:1, type:1, protocol:0
[   12.857971] firmadyne: sys_socket[PID: 109 (klogd)]: family:1, type:2, protocol:0
sem_get: Key: 410f01d0
sem_get: Key: 410f01d0
nvram_set: usb_info_dev69 = "A200396E0402FF83@1@14.4G@U@1@USB_Storage;U:;0;0@"
sem_get: Key: 410f01d0
sem_get: Key: 410f01d0
nvram_set: usb_info_dev70[   12.872765] firmadyne: sys_socket[PID: 109 (klogd)]: family:1, type:1, protocol:0
[   12.874021] firmadyne: sys_socket[PID: 109 (klogd)]: family:1, type:2, protocol:0
 = "A200396E0402FF83@1@14.4G@U@1@USB_Storage;U:;0;0@"
sem_get: Key: 410f01d0
sem_get: Key: 410f01d0
nvram_set: usb_info_dev71 = "A200396E0402FF83@1@14.4G@U@1@USB_Storage;U:;0;0@"
sem_get: Key: 410f01d0
sem_get: Key: 410f01d0
nvram_set: usb_info_dev72[   12.888780] firmadyne: sys_socket[PID: 109 (klogd)]: family:1, type:1, protocol:0
[   12.890029] firmadyne: sys_socket[PID: 109 (klogd)]: family:1, type:2, protocol:0
 = "A200396E0402FF83@1@14.4G@U@1@USB_Storage;U:;0;0@"
sem_get: Key: 410f01d0
sem_get: Key: 410f01d0
nvram_set: usb_info_dev73 = "A200396E0402FF83@1@14.4G@U@1@USB_Storage;U:;0;0@"
sem_get: Key: 410f01d0
sem_get: Key: 410f01d0
nvram_set[   12.904598] firmadyne: sys_socket[PID: 109 (klogd)]: family:1, type:1, protocol:0
[   12.905761] firmadyne: sys_socket[PID: 109 (klogd)]: family:1, type:2, protocol:0
: usb_info_dev74 = "A200396E0402FF83@1@14.4G@U@1@USB_Storage;U:;0;0@"
sem_get: Key: 410f01d0
sem_get: Key: 410f01d0
nvram_set: usb_info_dev75 = "A200396E0402FF83@1@14.4G@U@1@USB_Storage;U:;0;0@"
sem_get: Key: 410f01d0
sem_get: Key: 410f01d0
nvram_set[   12.920795] firmadyne: sys_socket[PID: 109 (klogd)]: family:1, type:1, protocol:0
[   12.922096] firmadyne: sys_socket[PID: 109 (klogd)]: family:1, type:2, protocol:0
: usb_info_dev76 = "A200396E0402FF83@1@14.4G@U@1@USB_Storage;U:;0;0@"
sem_get: Key: 410f01d0
sem_get: Key: 410f01d0
nvram_set: usb_info_dev77 = "A200396E0402FF83@1@14.4G@U@1@USB_Storage;U:;0;0@"
sem_get: Key: 410f01d0
sem_get: Key: 410f01d0
[   12.936532] firmadyne: sys_socket[PID: 109 (klogd)]: family:1, type:1, protocol:0
[   12.937677] firmadyne: sys_socket[PID: 109 (klogd)]: family:1, type:2, protocol:0
nvram_set: usb_info_dev78 = "A200396E0402FF83@1@14.4G@U@1@USB_Storage;U:;0;0@"
sem_get: Key: 410f01d0
sem_get: Key: 410f01d0
nvram_set: usb_info_dev79 = "A200396E0402FF83@1@14.4G@U@1@USB_Storage;U:;0;0@"
sem_get: Key: 410f01d0
sem_get: Key: 410f01d0
nvram_set[   12.952843] firmadyne: sys_socket[PID: 109 (klogd)]: family:1, type:1, protocol:0
[   12.954061] firmadyne: sys_socket[PID: 109 (klogd)]: family:1, type:2, protocol:0
: usb_info_dev80 = "A200396E0402FF83@1@14.4G@U@1@USB_Storage;U:;0;0@"
sem_get: Key: 410f01d0
sem_get: Key: 410f01d0
nvram_set: usb_info_dev81 = "A200396E0402FF83@1@14.4G@U@1@USB_Storage;U:;0;0@"
sem_get: Key: 410f01d0
sem_get: Key: 410f01d0
[   12.968616] firmadyne: sys_socket[PID: 109 (klogd)]: family:1, type:1, protocol:0
[   12.969855] firmadyne: sys_socket[PID: 109 (klogd)]: family:1, type:2, protocol:0
nvram_set: usb_info_dev82 = "A200396E0402FF83@1@14.4G@U@1@USB_Storage;U:;0;0@"
sem_get: Key: 410f01d0
sem_get: Key: 410f01d0
nvram_set: usb_info_dev83 = "A200396E0402FF83@1@14.4G@U@1@USB_Storage;U:;0;0@"
sem_get: Key: 410f01d0
sem_get: Key: 410f01d0
[   12.984534] firmadyne: sys_socket[PID: 109 (klogd)]: family:1, type:1, protocol:0
[   12.985711] firmadyne: sys_socket[PID: 109 (klogd)]: family:1, type:2, protocol:0
nvram_set: usb_info_dev84 = "A200396E0402FF83@1@14.4G@U@1@USB_Storage;U:;0;0@"
sem_get: Key: 410f01d0
sem_get: Key: 410f01d0
nvram_set: usb_info_dev85 = "A200396E0402FF83@1@14.4G@U@1@USB_Storage;U:;0;0@"
sem_get: Key: 410f01d0
sem_get: Key: 410f01d0
[   13.000631] firmadyne: sys_socket[PID: 109 (klogd)]: family:1, type:1, protocol:0
[   13.001827] firmadyne: sys_socket[PID: 109 (klogd)]: family:1, type:2, protocol:0
nvram_set: usb_info_dev86 = "A200396E0402FF83@1@14.4G@U@1@USB_Storage;U:;0;0@"
sem_get: Key: 410f01d0
sem_get: Key: 410f01d0
nvram_set: usb_info_dev87 = "A200396E0402FF83@1@14.4G@U@1@USB_Storage;U:;0;0@"
sem_get: Key: 410f01d0
sem_get: Key: 410f01d0
[   13.016660] firmadyne: sys_socket[PID: 109 (klogd)]: family:1, type:1, protocol:0
[   13.017870] firmadyne: sys_socket[PID: 109 (klogd)]: family:1, type:2, protocol:0
nvram_set: usb_info_dev88 = "A200396E0402FF83@1@14.4G@U@1@USB_Storage;U:;0;0@"
sem_get: Key: 410f01d0
sem_get: Key: 410f01d0
nvram_set: usb_info_dev89 = "A200396E0402FF83@1@14.4G@U@1@USB_Storage;U:;0;0@"
sem_get: Key: 410f01d0
sem_get: Key: 410f01d0[   13.032804] firmadyne: sys_socket[PID: 109 (klogd)]: family:1, type:1, protocol:0
[   13.034036] firmadyne: sys_socket[PID: 109 (klogd)]: family:1, type:2, protocol:0

nvram_set: usb_info_dev90 = "A200396E0402FF83@1@14.4G@U@1@USB_Storage;U:;0;0@"
sem_get: Key: 410f01d0
sem_get: Key: 410f01d0
nvram_set: usb_info_dev91 = "A200396E0402FF83@1@14.4G@U@1@USB_Storage;U:;0;0@"
sem_get: Key: 410f01d0
sem_get: Key: 410f01d0[   13.048588] firmadyne: sys_socket[PID: 109 (klogd)]: family:1, type:1, protocol:0
[   13.049737] firmadyne: sys_socket[PID: 109 (klogd)]: family:1, type:2, protocol:0

nvram_set: usb_info_dev92 = "A200396E0402FF83@1@14.4G@U@1@USB_Storage;U:;0;0@"
sem_get: Key: 410f01d0
sem_get: Key: 410f01d0
nvram_set: usb_info_dev93 = "A200396E0402FF83@1@14.4G@U@1@USB_Storage;U:;0;0@"
sem_get: Key: 410f01d0
[   13.064611] firmadyne: sys_socket[PID: 109 (klogd)]: family:1, type:1, protocol:0
[   13.065760] firmadyne: sys_socket[PID: 109 (klogd)]: family:1, type:2, protocol:0
sem_get: Key: 410f01d0
nvram_set: usb_info_dev94 = "A200396E0402FF83@1@14.4G@U@1@USB_Storage;U:;0;0@"
sem_get: Key: 410f01d0
sem_get: Key: 410f01d0
nvram_set: usb_info_dev95 = "A200396E0402FF83@1@14.4G@U@1@USB_Storage;U:;0;0@"
sem_get: Key: 410f01d0
[   13.080523] firmadyne: sys_socket[PID: 109 (klogd)]: family:1, type:1, protocol:0
[   13.081676] firmadyne: sys_socket[PID: 109 (klogd)]: family:1, type:2, protocol:0
sem_get: Key: 410f01d0
nvram_set: usb_info_dev96 = "A200396E0402FF83@1@14.4G@U@1@USB_Storage;U:;0;0@"
sem_get: Key: 410f01d0
sem_get: Key: 410f01d0
nvram_set: usb_info_dev97 = "A200396E0402FF83@1@14.4G@U@1@USB_Storage;U:;0;0@"
sem_get: Key: 410f01d0
sem_get[   13.096799] firmadyne: sys_socket[PID: 109 (klogd)]: family:1, type:1, protocol:0
[   13.097998] firmadyne: sys_socket[PID: 109 (klogd)]: family:1, type:2, protocol:0
: Key: 410f01d0
nvram_set: usb_info_dev98 = "A200396E0402FF83@1@14.4G@U@1@USB_Storage;U:;0;0@"
sem_get: Key: 410f01d0
sem_get: Key: 410f01d0
nvram_set: usb_info_dev99 = "A200396E0402FF83@1@14.4G@U@1@USB_Storage;U:;0;0@"
sem_get: Key: 410f01d0
[   13.112520] firmadyne: sys_socket[PID: 109 (klogd)]: family:1, type:1, protocol:0
[   13.113645] firmadyne: sys_socket[PID: 109 (klogd)]: family:1, type:2, protocol:0
sem_get: Key: 410f01d0
nvram_set: usb_info_dev100 = "A200396E0402FF83@1@14.4G@U@1@USB_Storage;U:;0;0@"
sem_get: Key: 410f01d0
sem_get: Key: 410f01d0
nvram_set: wla_ap_isolate_1 = ""
sem_get: Key: 410f01d0
sem_get: Key: 410f01d0[   13.128787] firmadyne: sys_socket[PID: 109 (klogd)]: family:1, type:1, protocol:0
[   13.129943] firmadyne: sys_socket[PID: 109 (klogd)]: family:1, type:2, protocol:0

nvram_set: wla_ap_isolate_2 = ""
sem_get: Key: 410f01d0
sem_get: Key: 410f01d0
nvram_set: wla_ap_isolate_3 = ""
sem_get: Key: 410f01d0
sem_get: Key: 410f01d0
nvram_set: [   13.144542] firmadyne: sys_socket[PID: 109 (klogd)]: family:1, type:1, protocol:0
[   13.145695] firmadyne: sys_socket[PID: 109 (klogd)]: family:1, type:2, protocol:0
wla_ap_isolate_4 = ""
sem_get: Key: 410f01d0
sem_get: Key: 410f01d0
nvram_set: wlg_ap_isolate_1 = ""
sem_get: Key: 410f01d0
sem_get: Key: 410f01d0
nvram_set: wlg_ap_isolate_2 = ""
sem_get: Key: [   13.160796] firmadyne: sys_socket[PID: 109 (klogd)]: family:1, type:1, protocol:0
[   13.162059] firmadyne: sys_socket[PID: 109 (klogd)]: family:1, type:2, protocol:0
410f01d0
sem_get: Key: 410f01d0
nvram_set: wlg_ap_isolate_3 = ""
sem_get: Key: 410f01d0
sem_get: Key: 410f01d0
nvram_set: wlg_ap_isolate_4 = ""
sem_get: Key: 410f01d0
[   13.176619] firmadyne: sys_socket[PID: 109 (klogd)]: family:1, type:1, protocol:0
[   13.177819] firmadyne: sys_socket[PID: 109 (klogd)]: family:1, type:2, protocol:0
sem_get: Key: 410f01d0
nvram_set: wlg_allow_access_1 = ""
sem_get: Key: 410f01d0
sem_get: Key: 410f01d0
nvram_set: wlg_allow_access_2 = ""
sem_get: Key: 410f01d0
sem_get: Key: 410f01d0
[   13.192532] firmadyne: sys_socket[PID: 109 (klogd)]: family:1, type:1, protocol:0
[   13.193679] firmadyne: sys_socket[PID: 109 (klogd)]: family:1, type:2, protocol:0
nvram_set: wlg_allow_access_3 = ""
sem_get: Key: 410f01d0
sem_get: Key: 410f01d0
nvram_set: wlg_allow_access_4 = ""
sem_get: Key: 410f01d0
sem_get: Key: 410f01d0
nvram_set: 0:macaddr = "[   13.208549] firmadyne: sys_socket[PID: 109 (klogd)]: family:1, type:1, protocol:0
[   13.209736] firmadyne: sys_socket[PID: 109 (klogd)]: family:1, type:2, protocol:0
01:23:45:67:89:ab"
sem_get: Key: 410f01d0
sem_get: Key: 410f01d0
nvram_set: 1:macaddr = "01:23:45:67:89:ab"
sem_get: Key: 410f01d0
sem_get: Key: 410f01d0
nvram_set: 2:macaddr = "01:23:45:67:89:ab[   13.224798] firmadyne: sys_socket[PID: 109 (klogd)]: family:1, type:1, protocol:0
[   13.226005] firmadyne: sys_socket[PID: 109 (klogd)]: family:1, type:2, protocol:0
"
sem_get: Key: 410f01d0
sem_get: Key: 410f01d0
nvram_set: lan1_ifnames = ""
sem_get: Key: 410f01d0
sem_get: Key: 410f01d0
nvram_set: lan2_ifnames = ""
sem_get: Key: [   13.240763] firmadyne: sys_socket[PID: 109 (klogd)]: family:1, type:1, protocol:0
[   13.241935] firmadyne: sys_socket[PID: 109 (klogd)]: family:1, type:2, protocol:0
410f01d0
sem_get: Key: 410f01d0
nvram_set: lan3_ifnames = ""
sem_get: Key: 410f01d0
sem_get: Key: 410f01d0
nvram_set: lan4_ifnames = ""
sem_get: Key: 410f01d0
[   13.256536] firmadyne: sys_socket[PID: 109 (klogd)]: family:1, type:1, protocol:0
[   13.257700] firmadyne: sys_socket[PID: 109 (klogd)]: family:1, type:2, protocol:0
sem_get: Key: 410f01d0
nvram_set: lan5_ifnames = ""
sem_get: Key: 410f01d0
sem_get: Key: 410f01d0
nvram_set: lan6_ifnames = ""
sem_get: Key: 410f01d0
sem_get: Key: 410f01d0[   13.272810] firmadyne: sys_socket[PID: 109 (klogd)]: family:1, type:1, protocol:0
[   13.273961] firmadyne: sys_socket[PID: 109 (klogd)]: family:1, type:2, protocol:0

nvram_set: lan7_ifnames = ""
sem_get: Key: 410f01d0
sem_get: Key: 410f01d0
nvram_set: lan8_ifnames = ""
sem_get: Key: 410f01d0
sem_get: Key: 410f01d0
nvram_set: lan9_ifnames[   13.288796] firmadyne: sys_socket[PID: 109 (klogd)]: family:1, type:1, protocol:0
[   13.289979] firmadyne: sys_socket[PID: 109 (klogd)]: family:1, type:2, protocol:0
 = ""
sem_get: Key: 410f01d0
sem_get: Key: 410f01d0
nvram_set_default: Loading built-in default values = 1!
nvram_set_default: Checking for symbol "router_defaults"...
nvram_set_default: Checking for symbol "Nvrams"...
[   13.304607] firmadyne: sys_socket[PID: 109 (klogd)]: family:1, type:1, protocol:0
[   13.305774] firmadyne: sys_socket[PID: 109 (klogd)]: family:1, type:2, protocol:0
nvram_set: time_zone = "GMT+0"
sem_get: Key: 410f01d0
sem_get: Key: 410f01d0
nvram_set: [   13.320628] firmadyne: sys_socket[PID: 109 (klogd)]: family:1, type:1, protocol:0
[   13.321810] firmadyne: sys_socket[PID: 109 (klogd)]: family:1, type:2, protocol:0
time_daylight = ""
sem_get: Key: 410f01d0
sem_get: Key: 410f01d0
nvram_set: restore_default = "0"
sem_get: Key: 410f01d0
sem_get: Key: 410f01d0
[   13.336525] firmadyne: sys_socket[PID: 109 (klogd)]: family:1, type:1, protocol:0
[   13.337653] firmadyne: sys_socket[PID: 109 (klogd)]: family:1, type:2, protocol:0
nvram_set: wiz_language = "English"
sem_get: Key: 410f01d0
sem_get: Key: 410f01d0
nvram_set: wiz_country = ""
sem_get: Key: 410f01d0
[   13.352555] firmadyne: sys_socket[PID: 109 (klogd)]: family:1, type:1, protocol:0
[   13.353776] firmadyne: sys_socket[PID: 109 (klogd)]: family:1, type:2, protocol:0
sem_get: Key: 410f01d0
nvram_set: fix_ipaddr = ""
sem_get: Key: 410f01d0
sem_get: Key: 410f01d0
nvram_set: fix_netmask = ""
sem_get: Key: 410f01d0
[   13.368743] firmadyne: sys_socket[PID: 109 (klogd)]: family:1, type:1, protocol:0
[   13.369910] firmadyne: sys_socket[PID: 109 (klogd)]: family:1, type:2, protocol:0
sem_get: Key: 410f01d0
nvram_set: fix_gateway = ""
sem_get: Key: 410f01d0
sem_get: Key: 410f01d0
nvram_set: wan_ifname = "eth1[   13.384609] firmadyne: sys_socket[PID: 109 (klogd)]: family:1, type:1, protocol:0
[   13.385836] firmadyne: sys_socket[PID: 109 (klogd)]: family:1, type:2, protocol:0
"
sem_get: Key: 410f01d0
sem_get: Key: 410f01d0
nvram_set: wan_mode = "dhcpc"
sem_get: Key: 410f01d0
sem_get: Key: 410f01d0
[   13.400564] firmadyne: sys_socket[PID: 109 (klogd)]: family:1, type:1, protocol:0
[   13.401739] firmadyne: sys_socket[PID: 109 (klogd)]: family:1, type:2, protocol:0
nvram_set: wan_iptype = "Dynamic"
sem_get: Key: 410f01d0
sem_get: Key: 410f01d0
nvram_set: wan_ipaddr = ""
sem_get: Key: 410f01d0
sem_get[   13.416669] firmadyne: sys_socket[PID: 109 (klogd)]: family:1, type:1, protocol:0
[   13.417870] firmadyne: sys_socket[PID: 109 (klogd)]: family:1, type:2, protocol:0
: Key: 410f01d0
nvram_set: wan_netmask = ""
sem_get: Key: 410f01d0
sem_get: Key: 410f01d0
nvram_set: wan_gateway = ""
sem_get: Key: 410f01d0
[   13.432837] firmadyne: sys_socket[PID: 109 (klogd)]: family:1, type:1, protocol:0
[   13.434041] firmadyne: sys_socket[PID: 109 (klogd)]: family:1, type:2, protocol:0
sem_get: Key: 410f01d0
nvram_set: wan_mtu = "1500"
sem_get: Key: 410f01d0
sem_get: Key: 410f01d0
nvram_set: wan_fix_dns = "0"
[   13.448550] firmadyne: sys_socket[PID: 109 (klogd)]: family:1, type:1, protocol:0
[   13.449738] firmadyne: sys_socket[PID: 109 (klogd)]: family:1, type:2, protocol:0
sem_get: Key: 410f01d0
sem_get: Key: 410f01d0
nvram_set: wan_dns1 = ""
sem_get: Key: 410f01d0
sem_get: Key: 410f01d0
nvram_set[   13.464776] firmadyne: sys_socket[PID: 109 (klogd)]: family:1, type:1, protocol:0
[   13.465925] firmadyne: sys_socket[PID: 109 (klogd)]: family:1, type:2, protocol:0
: wan_dns2 = ""
sem_get: Key: 410f01d0
sem_get: Key: 410f01d0
nvram_set: wan_macaddr = ""
sem_get: Key: 410f01d0
sem_get: Key: 410f01d0
[   13.480520] firmadyne: sys_socket[PID: 109 (klogd)]: family:1, type:1, protocol:0
[   13.481648] firmadyne: sys_socket[PID: 109 (klogd)]: family:1, type:2, protocol:0
nvram_set: wan_encap = "1"
sem_get: Key: 410f01d0
sem_get: Key: 410f01d0
nvram_set: wan_vpi = "0"
sem_get: Key: 410f01d0
sem_get: Key: [   13.496529] firmadyne: sys_socket[PID: 109 (klogd)]: family:1, type:1, protocol:0
[   13.497655] firmadyne: sys_socket[PID: 109 (klogd)]: family:1, type:2, protocol:0
410f01d0
nvram_set: wan_vci = "38"
sem_get: Key: 410f01d0
sem_get: Key: 410f01d0
nvram_set: wan_dslmode = "MMODE"
sem_get: Key: 410f01d0
[   13.512664] firmadyne: sys_socket[PID: 109 (klogd)]: family:1, type:1, protocol:0
[   13.513795] firmadyne: sys_socket[PID: 109 (klogd)]: family:1, type:2, protocol:0
sem_get: Key: 410f01d0
nvram_set: wan_account = "JNR3210"
sem_get: Key: 410f01d0
sem_get: Key: 410f01d0
nvram_set: wan_domain = "[   13.528765] firmadyne: sys_socket[PID: 109 (klogd)]: family:1, type:1, protocol:0
[   13.529912] firmadyne: sys_socket[PID: 109 (klogd)]: family:1, type:2, protocol:0
"
sem_get: Key: 410f01d0
sem_get: Key: 410f01d0
nvram_set: wan_dod = "1"
sem_get: Key: 410f01d0
sem_get: Key: 410f01d0
[   13.544561] firmadyne: sys_socket[PID: 109 (klogd)]: family:1, type:1, protocol:0
[   13.545758] firmadyne: sys_socket[PID: 109 (klogd)]: family:1, type:2, protocol:0
nvram_set: wan_pppoe_relay = "0"
sem_get: Key: 410f01d0
sem_get: Key: 410f01d0
nvram_set: device_name = "JNR3210"
sem_get: Key: 410f01d0
[   13.560569] firmadyne: sys_socket[PID: 109 (klogd)]: family:1, type:1, protocol:0
[   13.561716] firmadyne: sys_socket[PID: 109 (klogd)]: family:1, type:2, protocol:0
sem_get: Key: 410f01d0
nvram_set: lan_if = "br0"
sem_get: Key: 410f01d0
sem_get: Key: 410f01d0
nvram_set: lan_ipaddr = "192.168.1.1"
[   13.576600] firmadyne: sys_socket[PID: 109 (klogd)]: family:1, type:1, protocol:0
[   13.577769] firmadyne: sys_socket[PID: 109 (klogd)]: family:1, type:2, protocol:0
sem_get: Key: 410f01d0
sem_get: Key: 410f01d0
nvram_set: lan_netmask = "255.255.255.0"
sem_get: Key: 410f01d0
sem_get: Key: 410f01d0
[   13.592516] firmadyne: sys_socket[PID: 109 (klogd)]: family:1, type:1, protocol:0
[   13.593645] firmadyne: sys_socket[PID: 109 (klogd)]: family:1, type:2, protocol:0
nvram_set: lan_bipaddr = "192.168.1.255"
sem_get: Key: 410f01d0
sem_get: Key: 410f01d0
nvram_set: dhcp_server_enable = "1"
sem_get[   13.608525] firmadyne: sys_socket[PID: 109 (klogd)]: family:1, type:1, protocol:0
[   13.609651] firmadyne: sys_socket[PID: 109 (klogd)]: family:1, type:2, protocol:0
: Key: 410f01d0
sem_get: Key: 410f01d0
nvram_set: dhcp_start_ip = "192.168.1.2"
sem_get: Key: 410f01d0
sem_get: Key: 410f01d0
[   13.624534] firmadyne: sys_socket[PID: 109 (klogd)]: family:1, type:1, protocol:0
[   13.625698] firmadyne: sys_socket[PID: 109 (klogd)]: family:1, type:2, protocol:0
nvram_set: dhcp_end_ip = "192.168.1.254"
sem_get: Key: 410f01d0
sem_get: Key: 410f01d0
nvram_set: dhcp_reserved = ""
sem_get: Key: 410f01d0
[   13.640543] firmadyne: sys_socket[PID: 109 (klogd)]: family:1, type:1, protocol:0
[   13.641704] firmadyne: sys_socket[PID: 109 (klogd)]: family:1, type:2, protocol:0
sem_get: Key: 410f01d0
nvram_set: http_username = "admin"
sem_get: Key: 410f01d0
sem_get: Key: 410f01d0
nvram_set: [   13.656644] firmadyne: sys_socket[PID: 109 (klogd)]: family:1, type:1, protocol:0
[   13.657804] firmadyne: sys_socket[PID: 109 (klogd)]: family:1, type:2, protocol:0
http_password = "password"
sem_get: Key: 410f01d0
sem_get: Key: 410f01d0
nvram_set: http_timeout = "5"
sem_get: Key: 410f01d0
sem_get: Key: [   13.672563] firmadyne: sys_socket[PID: 109 (klogd)]: family:1, type:1, protocol:0
[   13.673719] firmadyne: sys_socket[PID: 109 (klogd)]: family:1, type:2, protocol:0
410f01d0
nvram_set: rt_static_route = ""
sem_get: Key: 410f01d0
sem_get: Key: 410f01d0
nvram_set: rt_rip_version = "0"
sem_get: Key: 410f01d0[   13.688708] firmadyne: sys_socket[PID: 109 (klogd)]: family:1, type:1, protocol:0
[   13.689839] firmadyne: sys_socket[PID: 109 (klogd)]: family:1, type:2, protocol:0

sem_get: Key: 410f01d0
nvram_set: rt_rip_direction = "both"
sem_get: Key: 410f01d0
sem_get: Key: 410f01d0
nvram_set[   13.704715] firmadyne: sys_socket[PID: 109 (klogd)]: family:1, type:1, protocol:0
[   13.705907] firmadyne: sys_socket[PID: 109 (klogd)]: family:1, type:2, protocol:0
: ddns_enable = "0"
sem_get: Key: 410f01d0
sem_get: Key: 410f01d0
nvram_set: ddns_service_provider = "dyndns"
sem_get: Key: 410f01d0
[   13.720588] firmadyne: sys_socket[PID: 109 (klogd)]: family:1, type:1, protocol:0
[   13.721811] firmadyne: sys_socket[PID: 109 (klogd)]: family:1, type:2, protocol:0
sem_get: Key: 410f01d0
nvram_set: ddns_user_name = ""
sem_get: Key: 410f01d0
sem_get: Key: 410f01d0
nvram_set: ddns_password = ""
sem_get[   13.736586] firmadyne: sys_socket[PID: 109 (klogd)]: family:1, type:1, protocol:0
[   13.737747] firmadyne: sys_socket[PID: 109 (klogd)]: family:1, type:2, protocol:0
: Key: [   13.741142] e1000: eth0 NIC Link is Up 1000 Mbps Full Duplex, Flow Control: RX
[   13.742198] IPv6: ADDRCONF(NETDEV_CHANGE): eth0: link becomes ready
410f01d0
sem_get: Key: 410f01d0
nvram_set: ddns_host_name = ""
[   13.752903] firmadyne: sys_socket[PID: 109 (klogd)]: family:1, type:1, protocol:0
[   13.754100] firmadyne: sys_socket[PID: 109 (klogd)]: family:1, type:2, protocol:0
sem_get: Key: 410f01d0
sem_get: Key: 410f01d0
nvram_set: ddns_use_wildcards = "0"
sem_get: Key: 410f01d0
sem_get: Key: 410f01d0
[   13.768616] firmadyne: sys_socket[PID: 109 (klogd)]: family:1, type:1, protocol:0
[   13.769779] firmadyne: sys_socket[PID: 109 (klogd)]: family:1, type:2, protocol:0
nvram_set: pppoe_username = ""
sem_get: Key: 410f01d0
sem_get: Key: 410f01d0
nvram_set: pppoe_password = ""
sem_get: Key: 410f01d0
[   13.784560] firmadyne: sys_socket[PID: 109 (klogd)]: family:1, type:1, protocol:0
[   13.785775] firmadyne: sys_socket[PID: 109 (klogd)]: family:1, type:2, protocol:0
sem_get: Key: 410f01d0
nvram_set: pppoe_idle = "5"
sem_get: Key: 410f01d0
sem_get: Key: 410f01d0
nvram_set: pppoe_service = ""
sem_get: Key: [   13.800787] firmadyne: sys_socket[PID: 109 (klogd)]: family:1, type:1, protocol:0
[   13.801952] firmadyne: sys_socket[PID: 109 (klogd)]: family:1, type:2, protocol:0
410f01d0
sem_get: Key: 410f01d0
nvram_set: pptpc_server = "10.0.0.138"
sem_get: Key: 410f01d0
sem_get: Key: 410f01d0
[   13.816531] firmadyne: sys_socket[PID: 109 (klogd)]: family:1, type:1, protocol:0
[   13.817681] firmadyne: sys_socket[PID: 109 (klogd)]: family:1, type:2, protocol:0
nvram_set: pppoa_username = "Guest"
sem_get: Key: 410f01d0
sem_get: Key: 410f01d0
nvram_set: pppoa_password = ""
sem_get: Key: 410f01d0
sem_get[   13.832603] firmadyne: sys_socket[PID: 109 (klogd)]: family:1, type:1, protocol:0
[   13.833828] firmadyne: sys_socket[PID: 109 (klogd)]: family:1, type:2, protocol:0
: Key: 410f01d0
nvram_set: pppoa_idle = "0"
sem_get: Key: 410f01d0
sem_get: Key: 410f01d0
nvram_set: pppoa_ipaddr = ""
sem_get: Key: 410f01d0[   13.848743] firmadyne: sys_socket[PID: 109 (klogd)]: family:1, type:1, protocol:0
[   13.849917] firmadyne: sys_socket[PID: 109 (klogd)]: family:1, type:2, protocol:0

sem_get: Key: 410f01d0
nvram_set: wifi_ssid = "NETGEAR"
sem_get: Key: 410f01d0
sem_get: Key: 410f01d0
[   13.864552] firmadyne: sys_socket[PID: 109 (klogd)]: family:1, type:1, protocol:0
[   13.865682] firmadyne: sys_socket[PID: 109 (klogd)]: family:1, type:2, protocol:0
nvram_set: wifi_ssid2 = "NETGEAR_Guest"
sem_get: Key: 410f01d0
sem_get: Key: 410f01d0
nvram_set: wifi_ssid3 = "NETGEAR_Guest2"
sem_get: Key: 410f01d0[   13.880812] firmadyne: sys_socket[PID: 109 (klogd)]: family:1, type:1, protocol:0
[   13.882080] firmadyne: sys_socket[PID: 109 (klogd)]: family:1, type:2, protocol:0

sem_get: Key: 410f01d0
nvram_set: wifi_ssid4 = "NETGEAR_Guest3"
sem_get: Key: 410f01d0
sem_get: Key: 410f01d0
nvram_set: wifi_region = "Europe"
sem_get: Key: 410f01d0[   13.900577] firmadyne: sys_socket[PID: 109 (klogd)]: family:1, type:1, protocol:0
[   13.901778] firmadyne: sys_socket[PID: 109 (klogd)]: family:1, type:2, protocol:0

sem_get: Key: 410f01d0
nvram_set: wifi_channel = "0"
sem_get: Key: 410f01d0
sem_get: Key: 410f01d0
nvram_set: wifi_auth_type[   13.916836] firmadyne: sys_socket[PID: 109 (klogd)]: family:1, type:1, protocol:0
[   13.918063] firmadyne: sys_socket[PID: 109 (klogd)]: family:1, type:2, protocol:0
 = "3"
sem_get: Key: 410f01d0
sem_get: Key: 410f01d0
nvram_set: wifi_auth_type2 = "3"
sem_get: Key: 410f01d0
sem_get: Key: 410f01d0
[   13.932579] firmadyne: sys_socket[PID: 109 (klogd)]: family:1, type:1, protocol:0
[   13.933760] firmadyne: sys_socket[PID: 109 (klogd)]: family:1, type:2, protocol:0
nvram_set: wifi_auth_type3 = "3"
sem_get: Key: 410f01d0
sem_get: Key: 410f01d0
nvram_set: wifi_auth_type4 = "3"
sem_get: Key: 410f01d0[   13.948560] firmadyne: sys_socket[PID: 109 (klogd)]: family:1, type:1, protocol:0
[   13.949733] firmadyne: sys_socket[PID: 109 (klogd)]: family:1, type:2, protocol:0

sem_get: Key: 410f01d0
nvram_set: wifi_key_len = "0"
sem_get: Key: 410f01d0
sem_get: Key: 410f01d0
nvram_set: [   13.964540] firmadyne: sys_socket[PID: 109 (klogd)]: family:1, type:1, protocol:0
[   13.965684] firmadyne: sys_socket[PID: 109 (klogd)]: family:1, type:2, protocol:0
wifi_key_len2 = "0"
sem_get: Key: 410f01d0
sem_get: Key: 410f01d0
nvram_set: wifi_key_len3 = "0"
sem_get: Key: 410f01d0
sem_get: Key: 410f01d0
[   13.980540] firmadyne: sys_socket[PID: 109 (klogd)]: family:1, type:1, protocol:0
[   13.981709] firmadyne: sys_socket[PID: 109 (klogd)]: family:1, type:2, protocol:0
nvram_set: wifi_key_len4 = "0"
sem_get: Key: 410f01d0
sem_get: Key: 410f01d0
nvram_set: wifi_def_key = "1"
sem_get: Key: 410f01d0
[   13.996673] firmadyne: sys_socket[PID: 109 (klogd)]: family:1, type:1, protocol:0
[   13.997810] firmadyne: sys_socket[PID: 109 (klogd)]: family:1, type:2, protocol:0
sem_get: Key: 410f01d0
nvram_set: wifi_def_key2 = "1"
sem_get: Key: 410f01d0
sem_get: Key: 410f01d0
[   14.012533] firmadyne: sys_socket[PID: 109 (klogd)]: family:1, type:1, protocol:0
[   14.013707] firmadyne: sys_socket[PID: 109 (klogd)]: family:1, type:2, protocol:0
nvram_set: wifi_def_key3 = "1"
sem_get: Key: 410f01d0
sem_get: Key: 410f01d0
nvram_set: wifi_def_key4 = "1"
sem_get: Key: 410f01d0
sem_get[   14.028715] firmadyne: sys_socket[PID: 109 (klogd)]: family:1, type:1, protocol:0
[   14.029868] firmadyne: sys_socket[PID: 109 (klogd)]: family:1, type:2, protocol:0
: Key: 410f01d0
nvram_set: wifi_key1 = ""
sem_get: Key: 410f01d0
sem_get: Key: 410f01d0
nvram_set: wifi_key2 = ""
sem_get: Key: 410f01d0
[   14.044553] firmadyne: sys_socket[PID: 109 (klogd)]: family:1, type:1, protocol:0
[   14.045748] firmadyne: sys_socket[PID: 109 (klogd)]: family:1, type:2, protocol:0
sem_get: Key: 410f01d0
nvram_set: wifi_key3 = ""
sem_get: Key: 410f01d0
sem_get: Key: 410f01d0
nvram_set: wifi_key4 = ""
sem_get: Key: 410f01d0
[   14.060711] firmadyne: sys_socket[PID: 109 (klogd)]: family:1, type:1, protocol:0
[   14.061840] firmadyne: sys_socket[PID: 109 (klogd)]: family:1, type:2, protocol:0
sem_get: Key: 410f01d0
nvram_set: wifi_key12 = ""
sem_get: Key: 410f01d0
sem_get: Key: 410f01d0
nvram_set: wifi_key22 = ""
[   14.076702] firmadyne: sys_socket[PID: 109 (klogd)]: family:1, type:1, protocol:0
[   14.077912] firmadyne: sys_socket[PID: 109 (klogd)]: family:1, type:2, protocol:0
sem_get: Key: 410f01d0
sem_get: Key: 410f01d0
nvram_set: wifi_key32 = ""
sem_get: Key: 410f01d0
sem_get: Key: 410f01d0
nvram_set: wifi_key42 = "[   14.092791] firmadyne: sys_socket[PID: 109 (klogd)]: family:1, type:1, protocol:0
[   14.094011] firmadyne: sys_socket[PID: 109 (klogd)]: family:1, type:2, protocol:0
"
sem_get: Key: 410f01d0
sem_get: Key: 410f01d0
nvram_set: wifi_key13 = ""
sem_get: Key: 410f01d0
sem_get: Key: 410f01d0
nvram_set: [   14.108686] firmadyne: sys_socket[PID: 109 (klogd)]: family:1, type:1, protocol:0
[   14.109909] firmadyne: sys_socket[PID: 109 (klogd)]: family:1, type:2, protocol:0
wifi_key23 = ""
sem_get: Key: 410f01d0
sem_get: Key: 410f01d0
nvram_set: wifi_key33 = ""
sem_get: Key: 410f01d0
sem_get: Key: 410f01d0
[   14.124575] firmadyne: sys_socket[PID: 109 (klogd)]: family:1, type:1, protocol:0
[   14.125703] firmadyne: sys_socket[PID: 109 (klogd)]: family:1, type:2, protocol:0
[   14.127863] cfg80211: Calling CRDA to update world regulatory domain
nvram_set: wifi_key43 = ""
sem_get: Key: 410f01d0
sem_get: Key: 410f01d0
nvram_set: wifi_key14 = ""
sem_get: Key: 410f01d0
sem_get: Key: [   14.140765] firmadyne: sys_socket[PID: 109 (klogd)]: family:1, type:1, protocol:0
[   14.142019] firmadyne: sys_socket[PID: 109 (klogd)]: family:1, type:2, protocol:0
410f01d0
nvram_set: wifi_key24 = ""
sem_get: Key: 410f01d0
sem_get: Key: 410f01d0
nvram_set: wifi_key34 = ""
sem_get: Key: 410f01d0
[   14.156549] firmadyne: sys_socket[PID: 109 (klogd)]: family:1, type:1, protocol:0
[   14.157755] firmadyne: sys_socket[PID: 109 (klogd)]: family:1, type:2, protocol:0
sem_get: Key: 410f01d0
nvram_set: wifi_key44 = ""
sem_get: Key: 410f01d0
sem_get: Key: 410f01d0
nvram_set: wifi_psk_pwd = ""
sem_get: Key: 410f01d0
[   14.172729] firmadyne: sys_socket[PID: 109 (klogd)]: family:1, type:1, protocol:0
[   14.173898] firmadyne: sys_socket[PID: 109 (klogd)]: family:1, type:2, protocol:0
sem_get: Key: 410f01d0
nvram_set: wifi_psk_pwd2 = ""
sem_get: Key: 410f01d0
sem_get: Key: 410f01d0
nvram_set: wifi_psk_pwd3 = ""
[   14.188725] firmadyne: sys_socket[PID: 109 (klogd)]: family:1, type:1, protocol:0
[   14.189932] firmadyne: sys_socket[PID: 109 (klogd)]: family:1, type:2, protocol:0
sem_get: Key: 410f01d0
sem_get: Key: 410f01d0
nvram_set: wifi_psk_pwd4 = ""
sem_get: Key: 410f01d0
sem_get: Key: 410f01d0
[   14.204550] firmadyne: sys_socket[PID: 109 (klogd)]: family:1, type:1, protocol:0
[   14.205767] firmadyne: sys_socket[PID: 109 (klogd)]: family:1, type:2, protocol:0
nvram_set: wifi_access_control = "0"
sem_get: Key: 410f01d0
sem_get: Key: 410f01d0
nvram_set: wifi_access_list = ""
sem_get: Key: 410f01d0
sem_get[   14.220641] firmadyne: sys_socket[PID: 109 (klogd)]: family:1, type:1, protocol:0
[   14.221981] firmadyne: sys_socket[PID: 109 (klogd)]: family:1, type:2, protocol:0
: Key: 410f01d0
nvram_set: wifi_if_on = "1"
sem_get: Key: 410f01d0
sem_get: Key: 410f01d0
nvram_set: wifi_if_on2 = "0"
sem_get: Key: 410f01d0[   14.236699] firmadyne: sys_socket[PID: 109 (klogd)]: family:1, type:1, protocol:0
[   14.237901] firmadyne: sys_socket[PID: 109 (klogd)]: family:1, type:2, protocol:0

sem_get: Key: 410f01d0
nvram_set: wifi_if_on3 = "0"
sem_get: Key: 410f01d0
sem_get: Key: 410f01d0
nvram_set: wifi_if_on4 = "[   14.252817] firmadyne: sys_socket[PID: 109 (klogd)]: family:1, type:1, protocol:0
[   14.254109] firmadyne: sys_socket[PID: 109 (klogd)]: family:1, type:2, protocol:0
0"
sem_get: Key: 410f01d0
sem_get: Key: 410f01d0
nvram_set: wifi_broadcast_ssid = "1"
sem_get: Key: 410f01d0
sem_get: Key: 410f01d0
nvram_set: wifi_broadcast_ssid2 = "1"
sem_get: Key: 410f01d0
[   14.276625] firmadyne: sys_socket[PID: 109 (klogd)]: family:1, type:1, protocol:0
[   14.277792] firmadyne: sys_socket[PID: 109 (klogd)]: family:1, type:2, protocol:0
sem_get: Key: 410f01d0
nvram_set: wifi_broadcast_ssid3 = "1"
sem_get: Key: 410f01d0
sem_get: Key: 410f01d0
nvram_set: [   14.292743] firmadyne: sys_socket[PID: 109 (klogd)]: family:1, type:1, protocol:0
[   14.293970] firmadyne: sys_socket[PID: 109 (klogd)]: family:1, type:2, protocol:0
wifi_broadcast_ssid4 = "1"
sem_get: Key: 410f01d0
sem_get: Key: 410f01d0
nvram_set: wifi_allow_guest2 = "0"
sem_get: Key: 410f01d0
sem_get: Key: [   14.308733] firmadyne: sys_socket[PID: 109 (klogd)]: family:1, type:1, protocol:0
[   14.310001] firmadyne: sys_socket[PID: 109 (klogd)]: family:1, type:2, protocol:0
410f01d0
nvram_set: wifi_allow_guest3 = "0"
sem_get: Key: 410f01d0
sem_get: Key: 410f01d0
nvram_set: wifi_allow_guest4 = "0"
[   14.324682] firmadyne: sys_socket[PID: 109 (klogd)]: family:1, type:1, protocol:0
[   14.325972] firmadyne: sys_socket[PID: 109 (klogd)]: family:1, type:2, protocol:0
sem_get: Key: 410f01d0
sem_get: Key: 410f01d0
nvram_set: wifi_wep_on = "0"
sem_get: Key: 410f01d0
sem_get: Key: 410f01d0
[   14.340511] firmadyne: sys_socket[PID: 109 (klogd)]: family:1, type:1, protocol:0
[   14.341728] firmadyne: sys_socket[PID: 109 (klogd)]: family:1, type:2, protocol:0
nvram_set: wifi_wep_on2 = "0"
sem_get: Key: 410f01d0
sem_get: Key: 410f01d0
nvram_set: wifi_wep_on3 = "0"
sem_get: Key: 410f01d0
sem_get: Key: 410f01d0[   14.356841] firmadyne: sys_socket[PID: 109 (klogd)]: family:1, type:1, protocol:0
[   14.358041] firmadyne: sys_socket[PID: 109 (klogd)]: family:1, type:2, protocol:0

nvram_set: wifi_wep_on4 = "0"
sem_get: Key: 410f01d0
sem_get: Key: 410f01d0
nvram_set: wifi_dot11_mode = "8"
sem_get: Key: 410f01d0[   14.372677] firmadyne: sys_socket[PID: 109 (klogd)]: family:1, type:1, protocol:0
[   14.373805] firmadyne: sys_socket[PID: 109 (klogd)]: family:1, type:2, protocol:0

sem_get: Key: 410f01d0
nvram_set: wifi_dot11_iso = "0"
sem_get: Key: 410f01d0
sem_get: Key: 410f01d0
[   14.388515] firmadyne: sys_socket[PID: 109 (klogd)]: family:1, type:1, protocol:0
[   14.389645] firmadyne: sys_socket[PID: 109 (klogd)]: family:1, type:2, protocol:0
nvram_set: wifi_radius_port = "1812"
sem_get: Key: 410f01d0
sem_get: Key: 410f01d0
nvram_set: wifi_wds = "0"
sem_get: Key: 410f01d0
sem_get: Key: 410f01d0
[   14.404579] firmadyne: sys_socket[PID: 109 (klogd)]: family:1, type:1, protocol:0
[   14.405792] firmadyne: sys_socket[PID: 109 (klogd)]: family:1, type:2, protocol:0
nvram_set: wifi_wds_apmode = "repeater"
sem_get: Key: 410f01d0
sem_get: Key: 410f01d0
nvram_set: wifi_wds_bridge0mac = ""
sem_get[   14.420596] firmadyne: sys_socket[PID: 109 (klogd)]: family:1, type:1, protocol:0
[   14.421725] firmadyne: sys_socket[PID: 109 (klogd)]: family:1, type:2, protocol:0
: Key: 410f01d0
sem_get: Key: 410f01d0
nvram_set: wifi_wds_bridge1mac = ""
sem_get: Key: 410f01d0
sem_get: Key: 410f01d0
[   14.436548] firmadyne: sys_socket[PID: 109 (klogd)]: family:1, type:1, protocol:0
[   14.437723] firmadyne: sys_socket[PID: 109 (klogd)]: family:1, type:2, protocol:0
nvram_set: wifi_wds_bridge2mac = ""
sem_get: Key: 410f01d0
sem_get: Key: 410f01d0
nvram_set: wifi_wds_bridge3mac = ""
sem_get: Key: 410f01d0
sem_get: Key: 410f01d0
[   14.452588] firmadyne: sys_socket[PID: 109 (klogd)]: family:1, type:1, protocol:0
[   14.453737] firmadyne: sys_socket[PID: 109 (klogd)]: family:1, type:2, protocol:0
nvram_set: wifi_wds_bridge4mac = ""
sem_get: Key: 410f01d0
sem_get: Key: 410f01d0
nvram_set: wifi_wds_repeater1mac = ""
[   14.468700] firmadyne: sys_socket[PID: 109 (klogd)]: family:1, type:1, protocol:0
[   14.469847] firmadyne: sys_socket[PID: 109 (klogd)]: family:1, type:2, protocol:0
sem_get: Key: 410f01d0
sem_get: Key: 410f01d0
nvram_set: wifi_wds_repeater2mac = ""
sem_get: Key: 410f01d0
sem_get: Key: 410f01d0
[   14.484550] firmadyne: sys_socket[PID: 109 (klogd)]: family:1, type:1, protocol:0
[   14.485724] firmadyne: sys_socket[PID: 109 (klogd)]: family:1, type:2, protocol:0
nvram_set: wifi_wds_repeater3mac = ""
sem_get: Key: 410f01d0
sem_get: Key: 410f01d0
nvram_set: wifi_wds_repeater4mac = ""
sem_get: Key: 410f01d0
[   14.500531] firmadyne: sys_socket[PID: 109 (klogd)]: family:1, type:1, protocol:0
[   14.501682] firmadyne: sys_socket[PID: 109 (klogd)]: family:1, type:2, protocol:0
sem_get: Key: 410f01d0
nvram_set: wifi_frag_thre = "2346"
sem_get: Key: 410f01d0
sem_get: Key: 410f01d0
[   14.516662] firmadyne: sys_socket[PID: 109 (klogd)]: family:1, type:1, protocol:0
[   14.518150] firmadyne: sys_socket[PID: 109 (klogd)]: family:1, type:2, protocol:0
nvram_set: wifi_rts_thre = "2347"
sem_get: Key: 410f01d0
sem_get: Key: 410f01d0
nvram_set: wifi_enable_shortpreamble = "1"
sem_get: Key: 410f01d0
sem_get: Key: [   14.536608] firmadyne: sys_socket[PID: 109 (klogd)]: family:1, type:1, protocol:0
[   14.537911] firmadyne: sys_socket[PID: 109 (klogd)]: family:1, type:2, protocol:0
410f01d0
nvram_set: wifi_ssid1 = "NETGEAR-DualBand-N"
sem_get: Key: 410f01d0
sem_get: Key: 410f01d0
[   14.552593] firmadyne: sys_socket[PID: 109 (klogd)]: family:1, type:1, protocol:0
[   14.553896] firmadyne: sys_socket[PID: 109 (klogd)]: family:1, type:2, protocol:0
nvram_set: wifi_ssid12 = "NETGEAR-5G_Guest1"
sem_get: Key: 410f01d0
sem_get: Key: 410f01d0
nvram_set: wifi_ssid13 = "NETGEAR-5G_Guest2"
[   14.568514] firmadyne: sys_socket[PID: 109 (klogd)]: family:1, type:1, protocol:0
[   14.569705] firmadyne: sys_socket[PID: 109 (klogd)]: family:1, type:2, protocol:0
sem_get: Key: 410f01d0
sem_get: Key: 410f01d0
nvram_set: wifi_ssid14 = "NETGEAR-5G_Guest3"
sem_get: Key: 410f01d0
sem_get: Key: 410f01d0
[   14.584578] firmadyne: sys_socket[PID: 109 (klogd)]: family:1, type:1, protocol:0
[   14.585779] firmadyne: sys_socket[PID: 109 (klogd)]: family:1, type:2, protocol:0
nvram_set: wifi_ssid12_bgn = "0"
sem_get: Key: 410f01d0
sem_get: Key: 410f01d0
nvram_set: wifi_ssid12_abgn = "0"
sem_get: Key: [   14.600680] firmadyne: sys_socket[PID: 109 (klogd)]: family:1, type:1, protocol:0
[   14.602128] firmadyne: sys_socket[PID: 109 (klogd)]: family:1, type:2, protocol:0
410f01d0
sem_get: Key: 410f01d0
nvram_set: wifi_region1 = "Asia"
sem_get: Key: 410f01d0
sem_get: Key: 410f01d0
nvram_set: wifi_channel1 = "36"
sem_get: Key: [   14.620555] firmadyne: sys_socket[PID: 109 (klogd)]: family:1, type:1, protocol:0
[   14.621881] firmadyne: sys_socket[PID: 109 (klogd)]: family:1, type:2, protocol:0
410f01d0
sem_get: Key: 410f01d0
nvram_set: wifi_auth_type1 = "3"
sem_get: Key: 410f01d0
sem_get: Key: 410f01d0
[   14.636576] firmadyne: sys_socket[PID: 109 (klogd)]: family:1, type:1, protocol:0
[   14.637819] firmadyne: sys_socket[PID: 109 (klogd)]: family:1, type:2, protocol:0
nvram_set: wifi_auth_type12 = "3"
sem_get: Key: 410f01d0
sem_get: Key: 410f01d0
nvram_set: wifi_auth_type13 = "3"
sem_get: Key: 410f01d0
[   14.652713] firmadyne: sys_socket[PID: 109 (klogd)]: family:1, type:1, protocol:0
[   14.653957] firmadyne: sys_socket[PID: 109 (klogd)]: family:1, type:2, protocol:0
sem_get: Key: 410f01d0
nvram_set: wifi_auth_type14 = "3"
sem_get: Key: 410f01d0
sem_get: Key: 410f01d0
[   14.668544] firmadyne: sys_socket[PID: 109 (klogd)]: family:1, type:1, protocol:0
[   14.669801] firmadyne: sys_socket[PID: 109 (klogd)]: family:1, type:2, protocol:0
nvram_set: wifi_key_len1 = "0"
sem_get: Key: 410f01d0
sem_get: Key: 410f01d0
nvram_set: wifi_key_len12 = "0"
sem_get: Key: [   14.684748] firmadyne: sys_socket[PID: 109 (klogd)]: family:1, type:1, protocol:0
[   14.685963] firmadyne: sys_socket[PID: 109 (klogd)]: family:1, type:2, protocol:0
410f01d0
sem_get: Key: 410f01d0
nvram_set: wifi_key_len13 = "0"
sem_get: Key: 410f01d0
sem_get: Key: 410f01d0
[   14.700598] firmadyne: sys_socket[PID: 109 (klogd)]: family:1, type:1, protocol:0
[   14.701848] firmadyne: sys_socket[PID: 109 (klogd)]: family:1, type:2, protocol:0
nvram_set: wifi_key_len14 = "0"
sem_get: Key: 410f01d0
sem_get: Key: 410f01d0
nvram_set: wifi_def_key1 = "1"
sem_get: Key: 410f01d0
[   14.716565] firmadyne: sys_socket[PID: 109 (klogd)]: family:1, type:1, protocol:0
[   14.717762] firmadyne: sys_socket[PID: 109 (klogd)]: family:1, type:2, protocol:0
sem_get: Key: 410f01d0
nvram_set: wifi_def_key12 = "1"
sem_get: Key: 410f01d0
sem_get: Key: 410f01d0
nvram_set[   14.732803] firmadyne: sys_socket[PID: 109 (klogd)]: family:1, type:1, protocol:0
[   14.733994] firmadyne: sys_socket[PID: 109 (klogd)]: family:1, type:2, protocol:0
: wifi_def_key13 = "1"
sem_get: Key: 410f01d0
sem_get: Key: 410f01d0
nvram_set: wifi_def_key14 = "1"
sem_get: Key: 410f01d0
sem_get[   14.748894] firmadyne: sys_socket[PID: 109 (klogd)]: family:1, type:1, protocol:0
[   14.750154] firmadyne: sys_socket[PID: 109 (klogd)]: family:1, type:2, protocol:0
: Key: 410f01d0
nvram_set: wifi_key11 = ""
sem_get: Key: 410f01d0
sem_get: Key: 410f01d0
nvram_set: wifi_key21 = ""
sem_get: Key: 410f01d0
sem_get: Key: 410f01d0
[   14.768572] firmadyne: sys_socket[PID: 109 (klogd)]: family:1, type:1, protocol:0
[   14.769802] firmadyne: sys_socket[PID: 109 (klogd)]: family:1, type:2, protocol:0
nvram_set: wifi_key31 = ""
sem_get: Key: 410f01d0
sem_get: Key: 410f01d0
nvram_set: wifi_key41 = ""
sem_get: Key: 410f01d0
sem_get: Key: 410f01d0
[   14.784656] firmadyne: sys_socket[PID: 109 (klogd)]: family:1, type:1, protocol:0
[   14.785854] firmadyne: sys_socket[PID: 109 (klogd)]: family:1, type:2, protocol:0
nvram_set: wifi_key112 = ""
sem_get: Key: 410f01d0
sem_get: Key: 410f01d0
nvram_set: wifi_key212 = ""
sem_get: Key: 410f01d0
[   14.800539] firmadyne: sys_socket[PID: 109 (klogd)]: family:1, type:1, protocol:0
[   14.801722] firmadyne: sys_socket[PID: 109 (klogd)]: family:1, type:2, protocol:0
sem_get: Key: 410f01d0
nvram_set: wifi_key312 = ""
sem_get: Key: 410f01d0
sem_get: Key: 410f01d0
nvram_set: wifi_key412 = ""
sem_get: Key: 410f01d0[   14.816608] firmadyne: sys_socket[PID: 109 (klogd)]: family:1, type:1, protocol:0
[   14.817819] firmadyne: sys_socket[PID: 109 (klogd)]: family:1, type:2, protocol:0

sem_get: Key: 410f01d0
nvram_set: wifi_key113 = ""
sem_get: Key: 410f01d0
sem_get: Key: 410f01d0
nvram_set: wifi_key213 = ""
[   14.832573] firmadyne: sys_socket[PID: 109 (klogd)]: family:1, type:1, protocol:0
[   14.833815] firmadyne: sys_socket[PID: 109 (klogd)]: family:1, type:2, protocol:0
sem_get: Key: 410f01d0
sem_get: Key: 410f01d0
nvram_set: wifi_key313 = ""
sem_get: Key: 410f01d0
sem_get: Key: 410f01d0
[   14.848536] firmadyne: sys_socket[PID: 109 (klogd)]: family:1, type:1, protocol:0
[   14.849749] firmadyne: sys_socket[PID: 109 (klogd)]: family:1, type:2, protocol:0
nvram_set: wifi_key413 = ""
sem_get: Key: 410f01d0
sem_get: Key: 410f01d0
nvram_set: wifi_key114 = ""
sem_get: Key: 410f01d0
[   14.864580] firmadyne: sys_socket[PID: 109 (klogd)]: family:1, type:1, protocol:0
[   14.865758] firmadyne: sys_socket[PID: 109 (klogd)]: family:1, type:2, protocol:0
sem_get: Key: 410f01d0
nvram_set: wifi_key214 = ""
sem_get: Key: 410f01d0
sem_get: Key: 410f01d0
nvram_set: wifi_key314 = ""
sem_get: Key: [   14.880566] firmadyne: sys_socket[PID: 109 (klogd)]: family:1, type:1, protocol:0
[   14.881713] firmadyne: sys_socket[PID: 109 (klogd)]: family:1, type:2, protocol:0
410f01d0
sem_get: Key: 410f01d0
nvram_set: wifi_key414 = ""
sem_get: Key: 410f01d0
sem_get: Key: 410f01d0
nvram_set: wifi_psk_pwd1 = "[   14.896774] firmadyne: sys_socket[PID: 109 (klogd)]: family:1, type:1, protocol:0
[   14.897957] firmadyne: sys_socket[PID: 109 (klogd)]: family:1, type:2, protocol:0
"
sem_get: Key: 410f01d0
sem_get: Key: 410f01d0
nvram_set: wifi_psk_pwd12 = ""
sem_get: Key: 410f01d0
sem_get: Key: 410f01d0
nvram_set: wifi_psk_pwd13 = ""
sem_get: Key: 410f01d0
sem_get: Key: 410f01d0
nvram_set: wifi_psk_pwd14 = ""
sem_get: Key: 410f01d0
sem_get: Key: 410f01d0
nvram_set: wifi_access_control1 = "0"
sem_get: Key: 410f01d0
sem_get: Key: 410f01d0
nvram_set: wifi_access_list1 = ""
sem_get: Key: 410f01d0
sem_get: Key: 410f01d0
nvram_set: wifi_if_on1 = "1"
[   14.972624] firmadyne: sys_socket[PID: 109 (klogd)]: family:1, type:1, protocol:0
[   14.973818] firmadyne: sys_socket[PID: 109 (klogd)]: family:1, type:2, protocol:0
sem_get: Key: 410f01d0
sem_get: Key: 410f01d0
nvram_set: wifi_if_on12 = "0"
sem_get: Key: 410f01d0
sem_get: Key: 410f01d0
[   14.988527] firmadyne: sys_socket[PID: 109 (klogd)]: family:1, type:1, protocol:0
[   14.989654] firmadyne: sys_socket[PID: 109 (klogd)]: family:1, type:2, protocol:0
nvram_set: wifi_if_on13 = "0"
sem_get: Key: 410f01d0
sem_get: Key: 410f01d0
nvram_set: wifi_if_on14 = "0"
sem_get: Key: 410f01d0
sem_get: Key: [   15.005206] firmadyne: sys_socket[PID: 109 (klogd)]: family:1, type:1, protocol:0
[   15.006500] firmadyne: sys_socket[PID: 109 (klogd)]: family:1, type:2, protocol:0
410f01d0
nvram_set: wifi_broadcast_ssid1 = "1"
sem_get: Key: 410f01d0
sem_get: Key: 410f01d0
nvram_set: wifi_broadcast_ssid12 = "1"
sem_get: Key: 410f01d0
sem_get: Key: 410f01d0
[   15.028533] firmadyne: sys_socket[PID: 109 (klogd)]: family:1, type:1, protocol:0
[   15.029747] firmadyne: sys_socket[PID: 109 (klogd)]: family:1, type:2, protocol:0
nvram_set: wifi_broadcast_ssid13 = "1"
sem_get: Key: 410f01d0
sem_get: Key: 410f01d0
nvram_set: wifi_broadcast_ssid14 = "1"
sem_get: Key: 410f01d0
[   15.044541] firmadyne: sys_socket[PID: 109 (klogd)]: family:1, type:1, protocol:0
[   15.045717] firmadyne: sys_socket[PID: 109 (klogd)]: family:1, type:2, protocol:0
sem_get: Key: 410f01d0
nvram_set: wifi_allow_guest12 = "0"
sem_get: Key: 410f01d0
sem_get: Key: 410f01d0
nvram_set: wifi_allow_guest13[   15.060894] firmadyne: sys_socket[PID: 109 (klogd)]: family:1, type:1, protocol:0
[   15.062094] firmadyne: sys_socket[PID: 109 (klogd)]: family:1, type:2, protocol:0
 = "0"
sem_get: Key: 410f01d0
sem_get: Key: 410f01d0
nvram_set: wifi_allow_guest14 = "0"
sem_get: Key: 410f01d0
sem_get[   15.076844] firmadyne: sys_socket[PID: 109 (klogd)]: family:1, type:1, protocol:0
[   15.078016] firmadyne: sys_socket[PID: 109 (klogd)]: family:1, type:2, protocol:0
: Key: 410f01d0
nvram_set: wifi_wep_on1 = "0"
sem_get: Key: 410f01d0
sem_get: Key: 410f01d0
nvram_set: wifi_wep_on12 = "0"
sem_get[   15.092761] firmadyne: sys_socket[PID: 109 (klogd)]: family:1, type:1, protocol:0
[   15.093949] firmadyne: sys_socket[PID: 109 (klogd)]: family:1, type:2, protocol:0
: Key: 410f01d0
sem_get: Key: 410f01d0
nvram_set: wifi_wep_on13 = "0"
sem_get: Key: 410f01d0
sem_get: Key: 410f01d0
[   15.108526] firmadyne: sys_socket[PID: 109 (klogd)]: family:1, type:1, protocol:0
[   15.109709] firmadyne: sys_socket[PID: 109 (klogd)]: family:1, type:2, protocol:0
nvram_set: wifi_wep_on14 = "0"
sem_get: Key: 410f01d0
sem_get: Key: 410f01d0
nvram_set: wifi_dot11_mode1 = "8"
sem_get: Key: 410f01d0
sem_get: Key: [   15.124793] firmadyne: sys_socket[PID: 109 (klogd)]: family:1, type:1, protocol:0
[   15.125975] firmadyne: sys_socket[PID: 109 (klogd)]: family:1, type:2, protocol:0
410f01d0
nvram_set: wifi_dot11_iso2 = "0"
sem_get: Key: 410f01d0
sem_get: Key: 410f01d0
nvram_set: wifi_radius_port1 = "1812"
[   15.140837] firmadyne: sys_socket[PID: 109 (klogd)]: family:1, type:1, protocol:0
[   15.141981] firmadyne: sys_socket[PID: 109 (klogd)]: family:1, type:2, protocol:0
sem_get: Key: 410f01d0
sem_get: Key: 410f01d0
nvram_set: wifi_radius_rekey_secs = "3600"
sem_get: Key: 410f01d0
sem_get: Key: 410f01d0
[   15.156532] firmadyne: sys_socket[PID: 109 (klogd)]: family:1, type:1, protocol:0
[   15.157681] firmadyne: sys_socket[PID: 109 (klogd)]: family:1, type:2, protocol:0
nvram_set: wifi_radius_rekey_secs1 = "3600"
sem_get: Key: 410f01d0
sem_get: Key: 410f01d0
nvram_set: wifi_wds1 = "0"
sem_get: Key: [   15.172564] firmadyne: sys_socket[PID: 109 (klogd)]: family:1, type:1, protocol:0
[   15.173778] firmadyne: sys_socket[PID: 109 (klogd)]: family:1, type:2, protocol:0
410f01d0
sem_get: Key: 410f01d0
nvram_set: wifi_wds_apmode1 = "point"
sem_get: Key: 410f01d0
sem_get: Key: 410f01d0
[   15.188505] firmadyne: sys_socket[PID: 109 (klogd)]: family:1, type:1, protocol:0
[   15.189658] firmadyne: sys_socket[PID: 109 (klogd)]: family:1, type:2, protocol:0
nvram_set: wifi_wds_bridge0mac1 = ""
sem_get: Key: 410f01d0
sem_get: Key: 410f01d0
nvram_set: wifi_wds_bridge1mac1 = ""
sem_get: Key: 410f01d0
[   15.204575] firmadyne: sys_socket[PID: 109 (klogd)]: family:1, type:1, protocol:0
[   15.205758] firmadyne: sys_socket[PID: 109 (klogd)]: family:1, type:2, protocol:0
sem_get: Key: 410f01d0
nvram_set: wifi_wds_bridge2mac1 = ""
sem_get: Key: 410f01d0
sem_get: Key: 410f01d0
nvram_set: wifi_wds_bridge3mac1 = ""
[   15.220824] firmadyne: sys_socket[PID: 109 (klogd)]: family:1, type:1, protocol:0
[   15.221981] firmadyne: sys_socket[PID: 109 (klogd)]: family:1, type:2, protocol:0
sem_get: Key: 410f01d0
sem_get: Key: 410f01d0
nvram_set: wifi_wds_bridge4mac1 = ""
sem_get: Key: 410f01d0
sem_get: Key: 410f01d0
[   15.236524] firmadyne: sys_socket[PID: 109 (klogd)]: family:1, type:1, protocol:0
[   15.237709] firmadyne: sys_socket[PID: 109 (klogd)]: family:1, type:2, protocol:0
nvram_set: wifi_wds_repeater1mac1 = ""
sem_get: Key: 410f01d0
sem_get: Key: 410f01d0
nvram_set: wifi_wds_repeater2mac1 = ""
