[    0.000000] Linux version 4.1.17+ (alessio@pc) (gcc version 5.5.0 20171010 (Ubuntu 5.5.0-12ubuntu1) ) #1 Mon May 15 23:04:08 CEST 2023
[    0.000000] earlycon: Early serial console at I/O port 0x3f8 (options '38400n8')
[    0.000000] bootconsole [uart0] enabled
[    0.000000] CPU0 revision is: 00019300 (MIPS 24Kc)
[    0.000000] FPU revision is: 00739300
[    0.000000] Software DMA cache coherency enabled
[    0.000000] Determined physical RAM map:
[    0.000000]  memory: 00001000 @ 00000000 (reserved)
[    0.000000]  memory: 000ef000 @ 00001000 (ROM data)
[    0.000000]  memory: 00798000 @ 000f0000 (reserved)
[    0.000000]  memory: 0f777000 @ 00888000 (usable)
[    0.000000] debug: ignoring loglevel setting.
[    0.000000] Wasting 69888 bytes for tracking 2184 unused pages
[    0.000000] Initrd not found or empty - disabling initrd
[    0.000000] Zone ranges:
[    0.000000]   DMA      [mem 0x0000000000000000-0x0000000000ffffff]
[    0.000000]   Normal   [mem 0x0000000001000000-0x000000000fffefff]
[    0.000000] Movable zone start for each node
[    0.000000] Early memory node ranges
[    0.000000]   node   0: [mem 0x0000000000000000-0x000000000fffefff]
[    0.000000] Initmem setup node 0 [mem 0x0000000000000000-0x000000000fffefff]
[    0.000000] On node 0 totalpages: 65535
[    0.000000] free_area_init_node: node 0, pgdat 8081d5b0, node_mem_map 81000000
[    0.000000]   DMA zone: 32 pages used for memmap
[    0.000000]   DMA zone: 0 pages reserved
[    0.000000]   DMA zone: 4096 pages, LIFO batch:0
[    0.000000]   Normal zone: 480 pages used for memmap
[    0.000000]   Normal zone: 61439 pages, LIFO batch:15
[    0.000000] Primary instruction cache 2kB, VIPT, 2-way, linesize 16 bytes.
[    0.000000] Primary data cache 2kB, 2-way, VIPT, no aliases, linesize 16 bytes
[    0.000000] pcpu-alloc: s0 r0 d32768 u32768 alloc=1*32768
[    0.000000] pcpu-alloc: [0] 0 
[    0.000000] Built 1 zonelists in Zone order, mobility grouping on.  Total pages: 65023
[    0.000000] Kernel command line: root=/dev/sda1 console=ttyS0 nandsim.parts=64,64,64,64,64,64,64,64,64,64 rdinit=/firmadyne/preInit.sh rw debug ignore_loglevel print-fatal-signals=1 FIRMAE_NET=true FIRMAE_NVRAM=true FIRMAE_KERNEL=true FIRMAE_ETC=true user_debug=0 firmadyne.syscall=1 noka
[    0.000000] found FIRMAE_KERNEL=t
[    0.000000] set the LD_PRELOAD=/firmadyne/libnvram_ioctl.so
[    0.000000] PID hash table entries: 1024 (order: 0, 4096 bytes)
[    0.000000] Dentry cache hash table entries: 32768 (order: 5, 131072 bytes)
[    0.000000] Inode-cache hash table entries: 16384 (order: 4, 65536 bytes)
[    0.000000] Writing ErrCtl register=00000000
[    0.000000] Readback ErrCtl register=00000000
[    0.000000] Memory: 251112K/262140K available (5360K kernel code, 244K rwdata, 1676K rodata, 260K init, 158K bss, 11028K reserved, 0K cma-reserved)
[    0.000000] NR_IRQS:256
[    0.000000] CPU frequency 200.01 MHz
[    0.000000] clocksource MIPS: mask: 0xffffffff max_cycles: 0xffffffff, max_idle_ns: 19111880699 ns
[    0.000210] sched_clock: 32 bits at 100MHz, resolution 9ns, wraps every 21474023419ns
[    0.016030] Console: colour dummy device 80x25
[    0.017218] Calibrating delay loop... 23.93 BogoMIPS (lpj=47872)
[    0.073350] pid_max: default: 32768 minimum: 301
[    0.077870] Mount-cache hash table entries: 1024 (order: 0, 4096 bytes)
[    0.078415] Mountpoint-cache hash table entries: 1024 (order: 0, 4096 bytes)
[    0.146573] clocksource jiffies: mask: 0xffffffff max_cycles: 0xffffffff, max_idle_ns: 7645041785100000 ns
[    0.158234] NET: Registered protocol family 16
[    0.454415] clocksource pit: mask: 0xffffffff max_cycles: 0xffffffff, max_idle_ns: 1601818034827 ns
[    0.618020] vgaarb: loaded
[    0.624105] SCSI subsystem initialized
[    0.626756] libata version 3.00 loaded.
[    0.631403] usbcore: registered new interface driver usbfs
[    0.633046] usbcore: registered new interface driver hub
[    0.634186] usbcore: registered new device driver usb
[    0.637116] pps_core: LinuxPPS API ver. 1 registered
[    0.637540] pps_core: Software ver. 5.3.6 - Copyright 2005-2007 Rodolfo Giometti <giometti@linux.it>
[    0.638530] PTP clock support registered
[    0.643517] PCI host bridge to bus 0000:00
[    0.644295] pci_bus 0000:00: root bus resource [mem 0x10000000-0x17ffffff]
[    0.644936] pci_bus 0000:00: root bus resource [io  0x1000-0x1fffff]
[    0.645768] pci_bus 0000:00: root bus resource [??? 0x00000000 flags 0x0]
[    0.646389] pci_bus 0000:00: No busn resource found for root bus, will use [bus 00-ff]
[    0.647745] pci 0000:00:00.0: [11ab:4620] type 00 class 0x060000
[    0.648723] pci 0000:00:00.0: [Firmware Bug]: reg 0x14: invalid BAR (can't size)
[    0.649358] pci 0000:00:00.0: [Firmware Bug]: reg 0x18: invalid BAR (can't size)
[    0.650195] pci 0000:00:00.0: [Firmware Bug]: reg 0x1c: invalid BAR (can't size)
[    0.650821] pci 0000:00:00.0: [Firmware Bug]: reg 0x20: invalid BAR (can't size)
[    0.651467] pci 0000:00:00.0: [Firmware Bug]: reg 0x24: invalid BAR (can't size)
[    0.655744] pci 0000:00:0a.0: [8086:7110] type 00 class 0x060100
[    0.659508] pci 0000:00:0a.1: [8086:7111] type 00 class 0x010180
[    0.660359] pci 0000:00:0a.1: reg 0x20: [io  0x0000-0x000f]
[    0.661007] pci 0000:00:0a.1: legacy IDE quirk: reg 0x10: [io  0x01f0-0x01f7]
[    0.661612] pci 0000:00:0a.1: legacy IDE quirk: reg 0x14: [io  0x03f6]
[    0.662204] pci 0000:00:0a.1: legacy IDE quirk: reg 0x18: [io  0x0170-0x0177]
[    0.663030] pci 0000:00:0a.1: legacy IDE quirk: reg 0x1c: [io  0x0376]
[    0.666390] pci 0000:00:0a.2: [8086:7112] type 00 class 0x0c0300
[    0.667272] pci 0000:00:0a.2: reg 0x20: [io  0x0000-0x001f]
[    0.670594] pci 0000:00:0a.3: [8086:7113] type 00 class 0x068000
[    0.672315] pci 0000:00:0a.3: quirk: [io  0x1000-0x103f] claimed by PIIX4 ACPI
[    0.672990] pci 0000:00:0a.3: quirk: [io  0x1100-0x110f] claimed by PIIX4 SMB
[    0.676559] pci 0000:00:12.0: [1013:00b8] type 00 class 0x030000
[    0.677231] pci 0000:00:12.0: reg 0x10: [mem 0x00000000-0x01ffffff pref]
[    0.677855] pci 0000:00:12.0: reg 0x14: [mem 0x00000000-0x00000fff]
[    0.678549] pci 0000:00:12.0: reg 0x30: [mem 0x00000000-0x0000ffff pref]
[    0.681551] vgaarb: device added: PCI:0000:00:12.0,decodes=io+mem,owns=none,locks=none
[    0.682942] pci 0000:00:13.0: [8086:100e] type 00 class 0x020000
[    0.683776] pci 0000:00:13.0: reg 0x10: [mem 0x00000000-0x0001ffff]
[    0.684398] pci 0000:00:13.0: reg 0x14: [io  0x0000-0x003f]
[    0.685082] pci 0000:00:13.0: reg 0x30: [mem 0x00000000-0x0003ffff pref]
[    0.688505] pci 0000:00:14.0: [8086:100e] type 00 class 0x020000
[    0.689182] pci 0000:00:14.0: reg 0x10: [mem 0x00000000-0x0001ffff]
[    0.689791] pci 0000:00:14.0: reg 0x14: [io  0x0000-0x003f]
[    0.690476] pci 0000:00:14.0: reg 0x30: [mem 0x00000000-0x0003ffff pref]
[    0.694103] pci 0000:00:15.0: [8086:100e] type 00 class 0x020000
[    0.694764] pci 0000:00:15.0: reg 0x10: [mem 0x00000000-0x0001ffff]
[    0.695375] pci 0000:00:15.0: reg 0x14: [io  0x0000-0x003f]
[    0.696217] pci 0000:00:15.0: reg 0x30: [mem 0x00000000-0x0003ffff pref]
[    0.699566] pci 0000:00:16.0: [8086:100e] type 00 class 0x020000
[    0.700404] pci 0000:00:16.0: reg 0x10: [mem 0x00000000-0x0001ffff]
[    0.701004] pci 0000:00:16.0: reg 0x14: [io  0x0000-0x003f]
[    0.701679] pci 0000:00:16.0: reg 0x30: [mem 0x00000000-0x0003ffff pref]
[    0.705406] pci_bus 0000:00: busn_res: [bus 00-ff] end is updated to 00
[    0.707045] pci 0000:00:12.0: BAR 0: assigned [mem 0x10000000-0x11ffffff pref]
[    0.707873] pci 0000:00:13.0: BAR 6: assigned [mem 0x12000000-0x1203ffff pref]
[    0.708814] pci 0000:00:14.0: BAR 6: assigned [mem 0x12040000-0x1207ffff pref]
[    0.709509] pci 0000:00:15.0: BAR 6: assigned [mem 0x12080000-0x120bffff pref]
[    0.710196] pci 0000:00:16.0: BAR 6: assigned [mem 0x120c0000-0x120fffff pref]
[    0.710866] pci 0000:00:13.0: BAR 0: assigned [mem 0x12100000-0x1211ffff]
[    0.711532] pci 0000:00:14.0: BAR 0: assigned [mem 0x12120000-0x1213ffff]
[    0.712203] pci 0000:00:15.0: BAR 0: assigned [mem 0x12140000-0x1215ffff]
[    0.713054] pci 0000:00:16.0: BAR 0: assigned [mem 0x12160000-0x1217ffff]
[    0.713743] pci 0000:00:12.0: BAR 6: assigned [mem 0x12180000-0x1218ffff pref]
[    0.714429] pci 0000:00:12.0: BAR 1: assigned [mem 0x12190000-0x12190fff]
[    0.715104] pci 0000:00:13.0: BAR 1: assigned [io  0x1040-0x107f]
[    0.715742] pci 0000:00:14.0: BAR 1: assigned [io  0x1080-0x10bf]
[    0.716376] pci 0000:00:15.0: BAR 1: assigned [io  0x10c0-0x10ff]
[    0.717176] pci 0000:00:16.0: BAR 1: assigned [io  0x1400-0x143f]
[    0.717830] pci 0000:00:0a.2: BAR 4: assigned [io  0x1440-0x145f]
[    0.718453] pci 0000:00:0a.1: BAR 4: assigned [io  0x1460-0x146f]
[    0.738044] cfg80211: Calling CRDA to update world regulatory domain
[    0.753125] Switched to clocksource MIPS
[    0.892137] NET: Registered protocol family 2
[    0.906229] TCP established hash table entries: 2048 (order: 1, 8192 bytes)
[    0.907519] TCP bind hash table entries: 2048 (order: 1, 8192 bytes)
[    0.908738] TCP: Hash tables configured (established 2048 bind 2048)
[    0.910181] UDP hash table entries: 256 (order: 0, 4096 bytes)
[    0.910957] UDP-Lite hash table entries: 256 (order: 0, 4096 bytes)
[    0.915583] NET: Registered protocol family 1
[    0.917665] PCI: Enabling device 0000:00:0a.2 (0000 -> 0001)
[    0.919392] PCI: CLS 0 bytes, default 16
[    0.955929] futex hash table entries: 256 (order: -1, 3072 bytes)
[    0.975190] squashfs: version 4.0 (2009/01/31) Phillip Lougher
[    0.978182] jffs2: version 2.2. (NAND) Â© 2001-2006 Red Hat, Inc.
[    0.982122] romfs: ROMFS MTD (C) 2007 Red Hat, Inc.
[    1.009606] Block layer SCSI generic (bsg) driver version 0.4 loaded (major 251)
[    1.010362] io scheduler noop registered
[    1.011160] io scheduler cfq registered (default)
[    1.012287] firmadyne: devfs: 1, execute: 1, procfs: 1, syscall: 1
[    1.018914] firmadyne: Cannot register character device: gpio, 0xfc, 0x0!
[    1.028581] firmadyne: Cannot register character device: watchdog, 0xa, 0x82!
[    1.029641] firmadyne: Cannot register character device: wdt, 0xfd, 0x0!
[    2.927697] strName = 4.1.17+
[    2.927697] init_task_addr  = 2155778944
[    2.927697] init_task_size  = 1296
[    2.927697] ts_tasks        = 292
[    2.927697] ts_pid          = 408
[    2.927697] ts_tgid         = 412
[    2.927697] ts_group_leader = 440
[    2.927697] ts_thread_group = 496
[    2.927697] ts_real_parent  = 416
[    2.927697] ts_mm           = 300
[    2.927697] ts_stack        = 4
[    2.930585] module_name   = 12
[    2.930585] module_size   = 208
[    2.930585] module_init   = 200
[    2.930585] module_list   = 4
[    2.931617] ts_real_cred    = 624
[    2.931617] ts_cred         = 628
[    2.931617] ts_comm         = 632
[    2.931617] cred_uid        = 4
[    2.931617] cred_gid        = 8
[    2.931617] cred_euid       = 20
[    2.931617] cred_egid       = 24
[    2.933474] mm_mmap         = 0
[    2.933474] mm_pgd          = 32
[    2.933474] mm_arg_start    = 136
[    2.933474] mm_start_brk    = 124
[    2.933474] mm_brk          = 128
[    2.933474] mm_start_stack  = 132
[    2.934932] vma_vm_start    = 0
[    2.934932] vma_vm_end      = 4
[    2.934932] vma_vm_next     = 8
[    2.934932] vma_vm_file     = 80
[    2.934932] vma_vm_flags    = 40
[    2.934932] vma_vm_pgoff    = 76
[    2.936401] file_dentry     = 12
[    2.936401] file_inode      = 40
[    2.936401] dentry_d_name   = 24
[    2.936401] dentry_d_iname  = 44
[    2.936401] dentry_d_parent = 16
[    2.936401] ti_task         = 0
[    2.936401] inode_ino   = 28
[    4.116785] proc_fork_connector  = 2151078840
[    4.117369] proc_exit_connector  = 2151080432
[    4.117720] proc_exec_connector  = 2151079052
[    4.118063] vma_link  = 2149124372
[    4.118356] vma_adjust  = 2149124540
[    4.118657] remove_vma  = 2149122188
[    4.118960] modules  = 2155833724
[    4.119253] trim_init_extable  = 2150545316
[    4.120685] cfg80211: Calling CRDA to update world regulatory domain
[    4.124632] PCI: Enabling device 0000:00:12.0 (0000 -> 0002)
[    4.126292] cirrusfb 0000:00:12.0: Cirrus Logic chipset on PCI bus, RAM (4096 kB) at 0x10000000
[    4.377927] Console: switching to colour frame buffer device 80x30
[    4.454859] Serial: 8250/16550 driver, 4 ports, IRQ sharing enabled
[    4.470753] console [ttyS0] disabled
[    4.498654] serial8250.0: ttyS0 at I/O 0x3f8 (irq = 4, base_baud = 115200) is a 16550A
[    4.499903] console [ttyS0] enabled
[    4.499903] console [ttyS0] enabled
[    4.500526] bootconsole [uart0] disabled
[    4.500526] bootconsole [uart0] disabled
[    4.532100] serial8250.0: ttyS1 at I/O 0x2f8 (irq = 3, base_baud = 115200) is a 16550A
[    4.667966] brd: module loaded
[    4.739012] loop: module loaded
[    4.746525] ata_piix 0000:00:0a.1: version 2.13
[    4.747156] PCI: Enabling device 0000:00:0a.1 (0000 -> 0001)
[    4.776466] scsi host0: ata_piix
[    4.783256] scsi host1: ata_piix
[    4.787880] ata1: PATA max UDMA/33 cmd 0x1f0 ctl 0x3f6 bmdma 0x1460 irq 14
[    4.788501] ata2: PATA max UDMA/33 cmd 0x170 ctl 0x376 bmdma 0x1468 irq 15
[    4.796350] [nandsim] warning: read_byte: unexpected data output cycle, state is STATE_READY return 0x0
[    4.797074] [nandsim] warning: read_byte: unexpected data output cycle, state is STATE_READY return 0x0
[    4.797926] [nandsim] warning: read_byte: unexpected data output cycle, state is STATE_READY return 0x0
[    4.798587] [nandsim] warning: read_byte: unexpected data output cycle, state is STATE_READY return 0x0
[    4.799252] [nandsim] warning: read_byte: unexpected data output cycle, state is STATE_READY return 0x0
[    4.799917] [nandsim] warning: read_byte: unexpected data output cycle, state is STATE_READY return 0x0
[    4.800773] nand: device found, Manufacturer ID: 0x98, Chip ID: 0x39
[    4.801474] nand: Toshiba NAND 128MiB 1,8V 8-bit
[    4.801946] nand: 128 MiB, SLC, erase size: 16 KiB, page size: 512, OOB size: 16
[    4.803849] flash size: 128 MiB
[    4.804164] page size: 512 bytes
[    4.804472] OOB area size: 16 bytes
[    4.804792] sector size: 16 KiB
[    4.805280] pages number: 262144
[    4.805590] pages per sector: 32
[    4.805895] bus width: 8
[    4.806166] bits in sector size: 14
[    4.806481] bits in page size: 9
[    4.806792] bits in OOB size: 4
[    4.807112] flash size with OOB: 135168 KiB
[    4.807463] page address bytes: 4
[    4.807774] sector address bytes: 3
[    4.808089] options: 0x42
[    4.908421] Scanning device for bad blocks
[    6.329777] ata1.01: NODEV after polling detection
[    6.330876] ata2.01: NODEV after polling detection
[    6.334107] ata1.00: ATA-7: QEMU HARDDISK, 2.5+, max UDMA/100
[    6.334678] ata1.00: 2097152 sectors, multi 16: LBA48 
[    6.341564] ata2.00: ATAPI: QEMU DVD-ROM, 2.5+, max UDMA/100
[    6.344068] ata2.00: configured for UDMA/33
[    6.347715] ata1.00: configured for UDMA/33
[    6.356460] scsi 0:0:0:0: Direct-Access     ATA      QEMU HARDDISK    2.5+ PQ: 0 ANSI: 5
[    6.374789] sd 0:0:0:0: [sda] 2097152 512-byte logical blocks: (1.07 GB/1.00 GiB)
[    6.376649] scsi 1:0:0:0: CD-ROM            QEMU     QEMU DVD-ROM     2.5+ PQ: 0 ANSI: 5
[    6.391810] sd 0:0:0:0: [sda] Write Protect is off
[    6.392414] sd 0:0:0:0: [sda] Mode Sense: 00 3a 00 00
[    6.394415] sd 0:0:0:0: [sda] Write cache: enabled, read cache: enabled, doesn't support DPO or FUA
[    6.407275]  sda: sda1
[    6.421398] sd 0:0:0:0: [sda] Attached SCSI disk
[    6.422038] Creating 11 MTD partitions on "NAND 128MiB 1,8V 8-bit":
[    6.422774] 0x000000000000-0x000000100000 : "NAND simulator partition 0"
[    6.435488] 0x000000100000-0x000000200000 : "NAND simulator partition 1"
[    6.447608] 0x000000200000-0x000000300000 : "NAND simulator partition 2"
[    6.459927] 0x000000300000-0x000000400000 : "NAND simulator partition 3"
[    6.472434] 0x000000400000-0x000000500000 : "NAND simulator partition 4"
[    6.484948] 0x000000500000-0x000000600000 : "NAND simulator partition 5"
[    6.497872] 0x000000600000-0x000000700000 : "NAND simulator partition 6"
[    6.510836] 0x000000700000-0x000000800000 : "NAND simulator partition 7"
[    6.524044] 0x000000800000-0x000000900000 : "NAND simulator partition 8"
[    6.536116] 0x000000900000-0x000000a00000 : "NAND simulator partition 9"
[    6.548348] 0x000000a00000-0x000008000000 : "NAND simulator partition 10"
[    6.601554] tun: Universal TUN/TAP device driver, 1.6
[    6.602002] tun: (C) 1999-2004 Max Krasnyansky <maxk@qualcomm.com>
[    6.606240] pcnet32: pcnet32.c:v1.35 21.Apr.2008 tsbogend@alpha.franken.de
[    6.607777] e1000: Intel(R) PRO/1000 Network Driver - version 7.3.21-k8-NAPI
[    6.608308] e1000: Copyright (c) 1999-2006 Intel Corporation.
[    6.609606] PCI: Enabling device 0000:00:13.0 (0000 -> 0003)
[    6.937889] e1000 0000:00:13.0 eth0: (PCI:33MHz:32-bit) 52:54:00:12:34:56
[    6.938713] e1000 0000:00:13.0 eth0: Intel(R) PRO/1000 Network Connection
[    6.939628] PCI: Enabling device 0000:00:14.0 (0000 -> 0003)
[    7.270643] e1000 0000:00:14.0 eth1: (PCI:33MHz:32-bit) 52:54:00:12:34:57
[    7.271322] e1000 0000:00:14.0 eth1: Intel(R) PRO/1000 Network Connection
[    7.272184] PCI: Enabling device 0000:00:15.0 (0000 -> 0003)
[    7.274458] cfg80211: Calling CRDA to update world regulatory domain
[    7.594133] e1000 0000:00:15.0 eth2: (PCI:33MHz:32-bit) 52:54:00:12:34:58
[    7.594777] e1000 0000:00:15.0 eth2: Intel(R) PRO/1000 Network Connection
[    7.595601] PCI: Enabling device 0000:00:16.0 (0000 -> 0003)
[    7.917947] e1000 0000:00:16.0 eth3: (PCI:33MHz:32-bit) 52:54:00:12:34:59
[    7.918594] e1000 0000:00:16.0 eth3: Intel(R) PRO/1000 Network Connection
[    7.920316] e1000e: Intel(R) PRO/1000 Network Driver - 2.3.2-k
[    7.920775] e1000e: Copyright(c) 1999 - 2014 Intel Corporation.
[    7.926740] PPP generic driver version 2.4.2
[    7.930646] PPP Deflate Compression module registered
[    7.931600] PPP MPPE Compression module registered
[    7.932172] NET: Registered protocol family 24
[    7.933273] ehci_hcd: USB 2.0 'Enhanced' Host Controller (EHCI) Driver
[    7.933981] ehci-pci: EHCI PCI platform driver
[    7.935560] ohci_hcd: USB 1.1 'Open' Host Controller (OHCI) Driver
[    7.936231] ohci-pci: OHCI PCI platform driver
[    7.937913] uhci_hcd: USB Universal Host Controller Interface driver
[    7.940044] uhci_hcd 0000:00:0a.2: UHCI Host Controller
[    7.941350] uhci_hcd 0000:00:0a.2: new USB bus registered, assigned bus number 1
[    7.942670] uhci_hcd 0000:00:0a.2: irq 11, io base 0x00001440
[    7.958188] hub 1-0:1.0: USB hub found
[    7.959171] hub 1-0:1.0: 2 ports detected
[    7.971217] usbcore: registered new interface driver usb-storage
[    7.976671] mousedev: PS/2 mouse device common for all mice
[    7.984804] rtc_cmos rtc_cmos: rtc core: registered rtc_cmos as rtc0
[    7.985933] rtc_cmos rtc_cmos: alarms up to one day, 242 bytes nvram
[    7.987694] i2c /dev entries driver
[    7.989424] piix4_smbus 0000:00:0a.3: SMBus Host Controller at 0x1100, revision 0
[    7.995323] sdhci: Secure Digital Host Controller Interface driver
[    7.995795] sdhci: Copyright(c) Pierre Ossman
[    7.998949] hidraw: raw HID events driver (C) Jiri Kosina
[    8.022559] usbcore: registered new interface driver usbhid
[    8.022995] usbhid: USB HID core driver
[    8.024365] Netfilter messages via NETLINK v0.30.
[    8.026220] nf_conntrack version 0.5.0 (3923 buckets, 15692 max)
[    8.030526] ctnetlink v0.93: registering with nfnetlink.
[    8.037975] ipip: IPv4 over IPv4 tunneling driver
[    8.053420] ip_tables: (C) 2000-2006 Netfilter Core Team
[    8.056855] arp_tables: (C) 2002 David S. Miller
[    8.059289] Initializing XFRM netlink socket
[    8.060762] NET: Registered protocol family 10
[    8.088300] ip6_tables: (C) 2000-2006 Netfilter Core Team
[    8.093251] sit: IPv6 over IPv4 tunneling driver
[    8.114918] NET: Registered protocol family 17
[    8.116043] bridge: automatic filtering via arp/ip/ip6tables has been deprecated. Update your scripts to load br_netfilter if you need this.
[    8.117554] Bridge firewalling registered
[    8.118091] Ebtables v2.0 registered
[    8.120817] 8021q: 802.1Q VLAN Support v1.8
[    8.148998] rtc_cmos rtc_cmos: setting system clock to 2025-07-27 23:09:38 UTC (1753657778)
[    8.175370] EXT2-fs (sda1): warning: mounting unchecked fs, running e2fsck is recommended
[    8.178023] VFS: Mounted root (ext2 filesystem) on device 8:1.
[    8.189296] Freeing YAMON memory: 956k freed
[    8.202640] Freeing unused kernel memory: 260K (8081f000 - 80860000)
[    8.239443] firmadyne: sys_reboot[PID: 1 (init)]: magic1:fee1dead, magic2:28121969, cmd:0
init started: BusyBox v1.14.1 (2024-07-07 02:43:58 CEST)
starting pid 48, tty '': '/etc/init.d/rcS'
[    8.347029] firmadyne: do_execve: /firmadyne/console
[    8.347751] OFFSETS: offset of pid: 0x198 offset of comm: 0x278
[/etc/init.d/S03config.sh]
Mounting proc and var ...
[   10.417778] cfg80211: Calling CRDA to update world regulatory domain
SymbLink /dev/mtdblock/0
SymbLink /dev/mtdblock/1
SymbLink /dev/mtdblock/10
[   13.561698] cfg80211: Calling CRDA to update world regulatory domain
SymbLink /dev/mtdblock/2
SymbLink /dev/mtdblock/3
SymbLink /dev/mtdblock/4
SymbLink /dev/mtdblock/5
SymbLink /dev/mtdblock/6
SymbLink /dev/mtdblock/7[   14.237605] spurious 8259A interrupt: IRQ7.

SymbLink /dev/mtdblock/8
SymbLink /dev/mtdblock/9
Inserting kernel modules ...
Inserting Rebootm ...
Inserting atheros ethernet ...
Inserting gpio ...
done.
Start xmldb ...
[   15.319139] random: nonblocking pool is initialized
[   15.366449] firmadyne: sys_socket[PID: 147 (xmldb)]: family:1, type:2, protocol:0
[/etc/scripts/misc/profile.sh] get ...
DEVCONF: unable to read config data (ret=-3) !
CAN NOT get devive config, generate default!
[/etc/scripts/misc/profile.sh] reset ...
[   16.705509] cfg80211: Calling CRDA to update world regulatory domain
[   16.932787] firmadyne: sys_socket[PID: 160 (rgdb)]: family:1, type:2, protocol:0
[/etc/scripts/misc/defnodes.sh] ...
[/etc/defnodes/S10setext.sh] ...
[   17.365472] firmadyne: sys_socket[PID: 166 (xmldbc)]: family:1, type:2, protocol:0
[   17.427124] firmadyne: sys_socket[PID: 167 (xmldbc)]: family:1, type:2, protocol:0
[   17.488585] firmadyne: sys_socket[PID: 168 (xmldbc)]: family:1, type:2, protocol:0
[   17.546172] firmadyne: sys_socket[PID: 169 (xmldbc)]: family:1, type:2, protocol:0
[   17.606586] firmadyne: sys_socket[PID: 170 (xmldbc)]: family:1, type:2, protocol:0
[   17.667644] firmadyne: sys_socket[PID: 171 (xmldbc)]: family:1, type:2, protocol:0
[   17.730668] firmadyne: sys_socket[PID: 172 (xmldbc)]: family:1, type:2, protocol:0
[   17.792494] firmadyne: sys_socket[PID: 173 (xmldbc)]: family:1, type:2, protocol:0
[   17.853019] firmadyne: sys_socket[PID: 174 (xmldbc)]: family:1, type:2, protocol:0
[   17.913535] firmadyne: sys_socket[PID: 175 (xmldbc)]: family:1, type:2, protocol:0
[   17.976215] firmadyne: sys_socket[PID: 176 (xmldbc)]: family:1, type:2, protocol:0
[   18.038965] firmadyne: sys_socket[PID: 177 (xmldbc)]: family:1, type:2, protocol:0
[   18.099399] firmadyne: sys_socket[PID: 178 (xmldbc)]: family:1, type:2, protocol:0
[   18.163176] firmadyne: sys_socket[PID: 179 (xmldbc)]: family:1, type:2, protocol:0
[   18.227728] firmadyne: sys_socket[PID: 180 (xmldbc)]: family:1, type:2, protocol:0
[   18.290347] firmadyne: sys_socket[PID: 181 (xmldbc)]: family:1, type:2, protocol:0
[   18.353619] firmadyne: sys_socket[PID: 182 (xmldbc)]: family:1, type:2, protocol:0
[   18.414618] firmadyne: sys_socket[PID: 183 (xmldbc)]: family:1, type:2, protocol:0
[   18.477558] firmadyne: sys_socket[PID: 184 (xmldbc)]: family:1, type:2, protocol:0
[   18.542605] firmadyne: sys_socket[PID: 185 (xmldbc)]: family:1, type:2, protocol:0
[   18.604580] firmadyne: sys_socket[PID: 186 (xmldbc)]: family:1, type:2, protocol:0
[   18.667023] firmadyne: sys_socket[PID: 187 (rgdb)]: family:1, type:2, protocol:0
[   18.731690] firmadyne: sys_socket[PID: 188 (rgdb)]: family:1, type:2, protocol:0
[   18.793996] firmadyne: sys_socket[PID: 189 (rgdb)]: family:1, type:2, protocol:0
[   18.856017] firmadyne: sys_socket[PID: 190 (rgdb)]: family:1, type:2, protocol:0
[   18.918173] firmadyne: sys_socket[PID: 191 (rgdb)]: family:1, type:2, protocol:0
[   18.982332] firmadyne: sys_socket[PID: 192 (rgdb)]: family:1, type:2, protocol:0
[   19.044339] firmadyne: sys_socket[PID: 193 (rgdb)]: family:1, type:2, protocol:0
[   19.105175] firmadyne: sys_socket[PID: 194 (rgdb)]: family:1, type:2, protocol:0
[   19.168448] firmadyne: sys_socket[PID: 195 (rgdb)]: family:1, type:2, protocol:0
[   19.241615] firmadyne: sys_socket[PID: 196 (rgdb)]: family:1, type:2, protocol:0
[   19.302972] firmadyne: sys_socket[PID: 197 (rgdb)]: family:1, type:2, protocol:0
[   19.365174] firmadyne: sys_socket[PID: 198 (rgdb)]: family:1, type:2, protocol:0
[   19.431244] firmadyne: sys_socket[PID: 199 (rgdb)]: family:1, type:2, protocol:0
[   19.492763] firmadyne: sys_socket[PID: 200 (rgdb)]: family:1, type:2, protocol:0
[   19.630394] firmadyne: sys_socket[PID: 202 (xmldbc)]: family:1, type:2, protocol:0
[   19.692289] firmadyne: sys_socket[PID: 203 (xmldbc)]: family:1, type:2, protocol:0
[   19.756626] firmadyne: sys_socket[PID: 204 (xmldbc)]: family:1, type:2, protocol:0
[   19.814950] firmadyne: sys_socket[PID: 205 (xmldbc)]: family:1, type:2, protocol:0
[   19.849542] cfg80211: Calling CRDA to update world regulatory domain
[   19.892455] firmadyne: sys_socket[PID: 206 (xmldbc)]: family:1, type:2, protocol:0
[   19.956230] firmadyne: sys_socket[PID: 208 (xmldbc)]: family:1, type:2, protocol:0
[   20.018579] firmadyne: sys_socket[PID: 209 (xmldbc)]: family:1, type:2, protocol:0
[   20.080489] firmadyne: sys_socket[PID: 210 (xmldbc)]: family:1, type:2, protocol:0
[   20.146886] firmadyne: sys_socket[PID: 211 (xmldbc)]: family:1, type:2, protocol:0
[   20.209779] firmadyne: sys_socket[PID: 212 (xmldbc)]: family:1, type:2, protocol:0
[   20.273916] firmadyne: sys_socket[PID: 213 (xmldbc)]: family:1, type:2, protocol:0
[   20.337890] firmadyne: sys_socket[PID: 214 (xmldbc)]: family:1, type:2, protocol:0
[   20.400921] firmadyne: sys_socket[PID: 215 (xmldbc)]: family:1, type:2, protocol:0
[   20.464352] firmadyne: sys_socket[PID: 216 (xmldbc)]: family:1, type:2, protocol:0
[   20.527144] firmadyne: sys_socket[PID: 217 (xmldbc)]: family:1, type:2, protocol:0
[   20.590128] firmadyne: sys_socket[PID: 218 (xmldbc)]: family:1, type:2, protocol:0
[   20.652377] firmadyne: sys_socket[PID: 219 (xmldbc)]: family:1, type:2, protocol:0
[   20.714430] firmadyne: sys_socket[PID: 220 (xmldbc)]: family:1, type:2, protocol:0
[   20.938888] firmadyne: sys_socket[PID: 225 (xmldbc)]: family:1, type:2, protocol:0
[   20.999460] firmadyne: sys_socket[PID: 226 (xmldbc)]: family:1, type:2, protocol:0
[   21.060927] firmadyne: sys_socket[PID: 227 (xmldbc)]: family:1, type:2, protocol:0
[   21.123088] firmadyne: sys_socket[PID: 228 (xmldbc)]: family:1, type:2, protocol:0
[   21.186113] firmadyne: sys_socket[PID: 229 (xmldbc)]: family:1, type:2, protocol:0
[   21.250304] firmadyne: sys_socket[PID: 230 (xmldbc)]: family:1, type:2, protocol:0
[   21.312266] firmadyne: sys_socket[PID: 231 (xmldbc)]: family:1, type:2, protocol:0
[   21.373790] firmadyne: sys_socket[PID: 232 (xmldbc)]: family:1, type:2, protocol:0
[   21.435088] firmadyne: sys_socket[PID: 233 (xmldbc)]: family:1, type:2, protocol:0
[   21.496204] firmadyne: sys_socket[PID: 234 (xmldbc)]: family:1, type:2, protocol:0
[   21.559296] firmadyne: sys_socket[PID: 235 (xmldbc)]: family:1, type:2, protocol:0
[   21.619380] firmadyne: sys_socket[PID: 236 (xmldbc)]: family:1, type:2, protocol:0
[   21.679852] firmadyne: sys_socket[PID: 237 (xmldbc)]: family:1, type:2, protocol:0
[   21.742981] firmadyne: sys_socket[PID: 238 (xmldbc)]: family:1, type:2, protocol:0
[   21.806003] firmadyne: sys_socket[PID: 239 (xmldbc)]: family:1, type:2, protocol:0
[   21.870170] firmadyne: sys_socket[PID: 240 (xmldbc)]: family:1, type:2, protocol:0
[   21.933748] firmadyne: sys_socket[PID: 241 (xmldbc)]: family:1, type:2, protocol:0
[   21.996239] firmadyne: sys_socket[PID: 242 (xmldbc)]: family:1, type:2, protocol:0
[   22.059034] firmadyne: sys_socket[PID: 243 (xmldbc)]: family:1, type:2, protocol:0
[   22.207728] firmadyne: sys_socket[PID: 247 (xmldbc)]: family:1, type:2, protocol:0
[   22.270095] firmadyne: sys_socket[PID: 248 (xmldbc)]: family:1, type:2, protocol:0
[   22.333907] firmadyne: sys_socket[PID: 249 (xmldbc)]: family:1, type:2, protocol:0
[   22.396490] firmadyne: sys_socket[PID: 250 (xmldbc)]: family:1, type:2, protocol:0
[   22.457929] firmadyne: sys_socket[PID: 251 (xmldbc)]: family:1, type:2, protocol:0
[   22.519741] firmadyne: sys_socket[PID: 252 (xmldbc)]: family:1, type:2, protocol:0
[   22.583350] firmadyne: sys_socket[PID: 253 (xmldbc)]: family:1, type:2, protocol:0
[   22.644363] firmadyne: sys_socket[PID: 254 (xmldbc)]: family:1, type:2, protocol:0
[   22.706867] firmadyne: sys_socket[PID: 255 (xmldbc)]: family:1, type:2, protocol:0
[   22.770313] firmadyne: sys_socket[PID: 256 (xmldbc)]: family:1, type:2, protocol:0
[   22.831991] firmadyne: sys_socket[PID: 257 (xmldbc)]: family:1, type:2, protocol:0
[   22.892987] firmadyne: sys_socket[PID: 258 (xmldbc)]: family:1, type:2, protocol:0
[   22.955908] firmadyne: sys_socket[PID: 259 (xmldbc)]: family:1, type:2, protocol:0
[   22.993665] cfg80211: Calling CRDA to update world regulatory domain
[   23.031250] firmadyne: sys_socket[PID: 260 (xmldbc)]: family:1, type:2, protocol:0
[   23.092916] firmadyne: sys_socket[PID: 262 (xmldbc)]: family:1, type:2, protocol:0
[   23.152414] firmadyne: sys_socket[PID: 263 (xmldbc)]: family:1, type:2, protocol:0
[   23.213653] firmadyne: sys_socket[PID: 264 (xmldbc)]: family:1, type:2, protocol:0
[   23.275598] firmadyne: sys_socket[PID: 265 (xmldbc)]: family:1, type:2, protocol:0
[   23.341338] firmadyne: sys_socket[PID: 266 (xmldbc)]: family:1, type:2, protocol:0
[   23.486718] firmadyne: sys_socket[PID: 270 (xmldbc)]: family:1, type:2, protocol:0
[   23.548649] firmadyne: sys_socket[PID: 271 (xmldbc)]: family:1, type:2, protocol:0
[   23.610016] firmadyne: sys_socket[PID: 272 (xmldbc)]: family:1, type:2, protocol:0
[   23.671368] firmadyne: sys_socket[PID: 273 (xmldbc)]: family:1, type:2, protocol:0
[   23.733887] firmadyne: sys_socket[PID: 274 (xmldbc)]: family:1, type:2, protocol:0
[   23.795490] firmadyne: sys_socket[PID: 275 (xmldbc)]: family:1, type:2, protocol:0
[   23.856873] firmadyne: sys_socket[PID: 276 (xmldbc)]: family:1, type:2, protocol:0
[   23.919045] firmadyne: sys_socket[PID: 277 (xmldbc)]: family:1, type:2, protocol:0
[   23.983710] firmadyne: sys_socket[PID: 278 (xmldbc)]: family:1, type:2, protocol:0
[   24.045650] firmadyne: sys_socket[PID: 279 (xmldbc)]: family:1, type:2, protocol:0
[   24.107450] firmadyne: sys_socket[PID: 280 (xmldbc)]: family:1, type:2, protocol:0
[   24.170334] firmadyne: sys_socket[PID: 281 (xmldbc)]: family:1, type:2, protocol:0
[   24.232103] firmadyne: sys_socket[PID: 282 (xmldbc)]: family:1, type:2, protocol:0
[   24.294268] firmadyne: sys_socket[PID: 283 (xmldbc)]: family:1, type:2, protocol:0
[   24.360637] firmadyne: sys_socket[PID: 284 (xmldbc)]: family:1, type:2, protocol:0
[   24.422682] firmadyne: sys_socket[PID: 285 (xmldbc)]: family:1, type:2, protocol:0
[   24.485149] firmadyne: sys_socket[PID: 286 (xmldbc)]: family:1, type:2, protocol:0
[   24.549137] firmadyne: sys_socket[PID: 287 (xmldbc)]: family:1, type:2, protocol:0
[   24.611674] firmadyne: sys_socket[PID: 288 (xmldbc)]: family:1, type:2, protocol:0
[   24.758022] firmadyne: sys_socket[PID: 292 (xmldbc)]: family:1, type:2, protocol:0
[   24.819031] firmadyne: sys_socket[PID: 293 (xmldbc)]: family:1, type:2, protocol:0
[   24.881626] firmadyne: sys_socket[PID: 294 (xmldbc)]: family:1, type:2, protocol:0
[   24.945714] firmadyne: sys_socket[PID: 295 (xmldbc)]: family:1, type:2, protocol:0
[   25.006467] firmadyne: sys_socket[PID: 296 (xmldbc)]: family:1, type:2, protocol:0
[   25.067507] firmadyne: sys_socket[PID: 297 (xmldbc)]: family:1, type:2, protocol:0
[   25.127853] firmadyne: sys_socket[PID: 298 (xmldbc)]: family:1, type:2, protocol:0
[   25.198147] firmadyne: sys_socket[PID: 299 (xmldbc)]: family:1, type:2, protocol:0
[   25.261084] firmadyne: sys_socket[PID: 300 (xmldbc)]: family:1, type:2, protocol:0
[   25.324241] firmadyne: sys_socket[PID: 301 (xmldbc)]: family:1, type:2, protocol:0
[   25.388722] firmadyne: sys_socket[PID: 302 (xmldbc)]: family:1, type:2, protocol:0
[   25.450547] firmadyne: sys_socket[PID: 303 (xmldbc)]: family:1, type:2, protocol:0
[   25.512247] firmadyne: sys_socket[PID: 304 (xmldbc)]: family:1, type:2, protocol:0
[   25.574961] firmadyne: sys_socket[PID: 305 (xmldbc)]: family:1, type:2, protocol:0
[   25.636678] firmadyne: sys_socket[PID: 306 (xmldbc)]: family:1, type:2, protocol:0
[   25.699474] firmadyne: sys_socket[PID: 307 (xmldbc)]: family:1, type:2, protocol:0
[   25.763465] firmadyne: sys_socket[PID: 308 (xmldbc)]: family:1, type:2, protocol:0
[   25.824864] firmadyne: sys_socket[PID: 309 (xmldbc)]: family:1, type:2, protocol:0
[   25.880822] firmadyne: sys_socket[PID: 310 (xmldbc)]: family:1, type:2, protocol:0
[   26.028101] firmadyne: sys_socket[PID: 314 (xmldbc)]: family:1, type:2, protocol:0
[   26.089434] firmadyne: sys_socket[PID: 315 (xmldbc)]: family:1, type:2, protocol:0
[   26.137498] cfg80211: Calling CRDA to update world regulatory domain
[   26.167364] firmadyne: sys_socket[PID: 316 (xmldbc)]: family:1, type:2, protocol:0
[   26.228944] firmadyne: sys_socket[PID: 318 (xmldbc)]: family:1, type:2, protocol:0
[   26.292838] firmadyne: sys_socket[PID: 319 (xmldbc)]: family:1, type:2, protocol:0
[   26.358627] firmadyne: sys_socket[PID: 320 (xmldbc)]: family:1, type:2, protocol:0
[   26.420406] firmadyne: sys_socket[PID: 321 (xmldbc)]: family:1, type:2, protocol:0
[   26.481548] firmadyne: sys_socket[PID: 322 (xmldbc)]: family:1, type:2, protocol:0
[   26.546131] firmadyne: sys_socket[PID: 323 (xmldbc)]: family:1, type:2, protocol:0
[   26.607730] firmadyne: sys_socket[PID: 324 (xmldbc)]: family:1, type:2, protocol:0
[   26.668841] firmadyne: sys_socket[PID: 325 (xmldbc)]: family:1, type:2, protocol:0
[   26.732007] firmadyne: sys_socket[PID: 326 (xmldbc)]: family:1, type:2, protocol:0
[   26.793605] firmadyne: sys_socket[PID: 327 (xmldbc)]: family:1, type:2, protocol:0
[   26.855653] firmadyne: sys_socket[PID: 328 (xmldbc)]: family:1, type:2, protocol:0
[   26.916917] firmadyne: sys_socket[PID: 329 (xmldbc)]: family:1, type:2, protocol:0
[   26.980438] firmadyne: sys_socket[PID: 330 (xmldbc)]: family:1, type:2, protocol:0
[   27.041805] firmadyne: sys_socket[PID: 331 (xmldbc)]: family:1, type:2, protocol:0
[   27.103260] firmadyne: sys_socket[PID: 332 (xmldbc)]: family:1, type:2, protocol:0
[   27.166086] firmadyne: sys_socket[PID: 333 (xmldbc)]: family:1, type:2, protocol:0
[   27.310388] firmadyne: sys_socket[PID: 337 (xmldbc)]: family:1, type:2, protocol:0
[   27.374066] firmadyne: sys_socket[PID: 338 (xmldbc)]: family:1, type:2, protocol:0
[   27.437466] firmadyne: sys_socket[PID: 339 (xmldbc)]: family:1, type:2, protocol:0
[   27.499515] firmadyne: sys_socket[PID: 340 (xmldbc)]: family:1, type:2, protocol:0
[   27.562638] firmadyne: sys_socket[PID: 341 (xmldbc)]: family:1, type:2, protocol:0
[   27.624661] firmadyne: sys_socket[PID: 342 (xmldbc)]: family:1, type:2, protocol:0
[   27.686156] firmadyne: sys_socket[PID: 343 (xmldbc)]: family:1, type:2, protocol:0
[   27.750018] firmadyne: sys_socket[PID: 344 (xmldbc)]: family:1, type:2, protocol:0
[   27.812593] firmadyne: sys_socket[PID: 345 (xmldbc)]: family:1, type:2, protocol:0
[   27.874979] firmadyne: sys_socket[PID: 346 (xmldbc)]: family:1, type:2, protocol:0
[   27.938382] firmadyne: sys_socket[PID: 347 (xmldbc)]: family:1, type:2, protocol:0
[   28.000904] firmadyne: sys_socket[PID: 348 (xmldbc)]: family:1, type:2, protocol:0
[   28.062870] firmadyne: sys_socket[PID: 349 (xmldbc)]: family:1, type:2, protocol:0
[   28.125073] firmadyne: sys_socket[PID: 350 (xmldbc)]: family:1, type:2, protocol:0
[   28.187753] firmadyne: sys_socket[PID: 351 (xmldbc)]: family:1, type:2, protocol:0
[   28.244512] firmadyne: sys_socket[PID: 352 (xmldbc)]: family:1, type:2, protocol:0
[   28.306632] firmadyne: sys_socket[PID: 353 (xmldbc)]: family:1, type:2, protocol:0
[   28.370528] firmadyne: sys_socket[PID: 354 (xmldbc)]: family:1, type:2, protocol:0
[   28.434869] firmadyne: sys_socket[PID: 355 (xmldbc)]: family:1, type:2, protocol:0
[   28.581519] firmadyne: sys_socket[PID: 359 (xmldbc)]: family:1, type:2, protocol:0
[   28.643350] firmadyne: sys_socket[PID: 360 (xmldbc)]: family:1, type:2, protocol:0
[   28.704077] firmadyne: sys_socket[PID: 361 (xmldbc)]: family:1, type:2, protocol:0
[   28.766828] firmadyne: sys_socket[PID: 362 (xmldbc)]: family:1, type:2, protocol:0
[   28.827610] firmadyne: sys_socket[PID: 363 (xmldbc)]: family:1, type:2, protocol:0
[   28.889098] firmadyne: sys_socket[PID: 364 (xmldbc)]: family:1, type:2, protocol:0
[   28.952829] firmadyne: sys_socket[PID: 365 (xmldbc)]: family:1, type:2, protocol:0
[   29.014038] firmadyne: sys_socket[PID: 366 (xmldbc)]: family:1, type:2, protocol:0
[   29.074863] firmadyne: sys_socket[PID: 367 (xmldbc)]: family:1, type:2, protocol:0
[   29.138417] firmadyne: sys_socket[PID: 368 (xmldbc)]: family:1, type:2, protocol:0
[   29.199599] firmadyne: sys_socket[PID: 369 (xmldbc)]: family:1, type:2, protocol:0
[   29.262468] firmadyne: sys_socket[PID: 370 (xmldbc)]: family:1, type:2, protocol:0
[   29.281547] cfg80211: Calling CRDA to update world regulatory domain
[   29.334946] firmadyne: sys_socket[PID: 371 (xmldbc)]: family:1, type:2, protocol:0
[   29.396506] firmadyne: sys_socket[PID: 373 (xmldbc)]: family:1, type:2, protocol:0
[   29.461914] firmadyne: sys_socket[PID: 374 (xmldbc)]: family:1, type:2, protocol:0
[   29.524117] firmadyne: sys_socket[PID: 375 (xmldbc)]: family:1, type:2, protocol:0
[   29.582313] firmadyne: sys_socket[PID: 376 (xmldbc)]: family:1, type:2, protocol:0
[   29.637642] firmadyne: sys_socket[PID: 377 (xmldbc)]: family:1, type:2, protocol:0
[   29.699900] firmadyne: sys_socket[PID: 378 (xmldbc)]: family:1, type:2, protocol:0
[   29.846616] firmadyne: sys_socket[PID: 382 (xmldbc)]: family:1, type:2, protocol:0
[   29.907573] firmadyne: sys_socket[PID: 383 (xmldbc)]: family:1, type:2, protocol:0
[   29.970805] firmadyne: sys_socket[PID: 384 (xmldbc)]: family:1, type:2, protocol:0
[   30.032920] firmadyne: sys_socket[PID: 385 (xmldbc)]: family:1, type:2, protocol:0
[   30.094610] firmadyne: sys_socket[PID: 386 (xmldbc)]: family:1, type:2, protocol:0
[   30.156614] firmadyne: sys_socket[PID: 387 (xmldbc)]: family:1, type:2, protocol:0
[   30.217180] firmadyne: sys_socket[PID: 388 (xmldbc)]: family:1, type:2, protocol:0
[   30.279308] firmadyne: sys_socket[PID: 389 (xmldbc)]: family:1, type:2, protocol:0
[   30.343184] firmadyne: sys_socket[PID: 390 (xmldbc)]: family:1, type:2, protocol:0
[   30.404708] firmadyne: sys_socket[PID: 391 (xmldbc)]: family:1, type:2, protocol:0
[   30.468334] firmadyne: sys_socket[PID: 392 (xmldbc)]: family:1, type:2, protocol:0
[   30.531460] firmadyne: sys_socket[PID: 393 (xmldbc)]: family:1, type:2, protocol:0
[   30.594022] firmadyne: sys_socket[PID: 394 (xmldbc)]: family:1, type:2, protocol:0
[   30.655931] firmadyne: sys_socket[PID: 395 (xmldbc)]: family:1, type:2, protocol:0
[   30.717960] firmadyne: sys_socket[PID: 396 (xmldbc)]: family:1, type:2, protocol:0
[   30.781745] firmadyne: sys_socket[PID: 397 (xmldbc)]: family:1, type:2, protocol:0
[   30.843521] firmadyne: sys_socket[PID: 398 (xmldbc)]: family:1, type:2, protocol:0
[   30.904088] firmadyne: sys_socket[PID: 399 (xmldbc)]: family:1, type:2, protocol:0
[   30.966636] firmadyne: sys_socket[PID: 400 (xmldbc)]: family:1, type:2, protocol:0
[   31.111943] firmadyne: sys_socket[PID: 404 (xmldbc)]: family:1, type:2, protocol:0
[   31.176776] firmadyne: sys_socket[PID: 405 (xmldbc)]: family:1, type:2, protocol:0
[   31.238208] firmadyne: sys_socket[PID: 406 (xmldbc)]: family:1, type:2, protocol:0
[   31.299602] firmadyne: sys_socket[PID: 407 (xmldbc)]: family:1, type:2, protocol:0
[   31.362762] firmadyne: sys_socket[PID: 408 (xmldbc)]: family:1, type:2, protocol:0
[   31.425072] firmadyne: sys_socket[PID: 409 (xmldbc)]: family:1, type:2, protocol:0
[   31.496872] firmadyne: sys_socket[PID: 410 (xmldbc)]: family:1, type:2, protocol:0
[   31.560294] firmadyne: sys_socket[PID: 411 (xmldbc)]: family:1, type:2, protocol:0
[   31.621955] firmadyne: sys_socket[PID: 412 (xmldbc)]: family:1, type:2, protocol:0
[   31.684369] firmadyne: sys_socket[PID: 413 (xmldbc)]: family:1, type:2, protocol:0
[   31.747738] firmadyne: sys_socket[PID: 414 (xmldbc)]: family:1, type:2, protocol:0
[   31.810187] firmadyne: sys_socket[PID: 415 (xmldbc)]: family:1, type:2, protocol:0
[   31.871619] firmadyne: sys_socket[PID: 416 (xmldbc)]: family:1, type:2, protocol:0
[   31.934914] firmadyne: sys_socket[PID: 417 (xmldbc)]: family:1, type:2, protocol:0
[   31.996731] firmadyne: sys_socket[PID: 418 (xmldbc)]: family:1, type:2, protocol:0
[   32.058970] firmadyne: sys_socket[PID: 419 (xmldbc)]: family:1, type:2, protocol:0
[   32.119881] firmadyne: sys_socket[PID: 420 (xmldbc)]: family:1, type:2, protocol:0
[   32.183716] firmadyne: sys_socket[PID: 421 (xmldbc)]: family:1, type:2, protocol:0
[   32.245548] firmadyne: sys_socket[PID: 422 (xmldbc)]: family:1, type:2, protocol:0
[   32.392340] firmadyne: sys_socket[PID: 426 (xmldbc)]: family:1, type:2, protocol:0
[   32.425787] cfg80211: Calling CRDA to update world regulatory domain
[   32.467785] firmadyne: sys_socket[PID: 427 (xmldbc)]: family:1, type:2, protocol:0
[   32.532268] firmadyne: sys_socket[PID: 429 (xmldbc)]: family:1, type:2, protocol:0
[   32.595031] firmadyne: sys_socket[PID: 430 (xmldbc)]: family:1, type:2, protocol:0
[   32.655575] firmadyne: sys_socket[PID: 431 (xmldbc)]: family:1, type:2, protocol:0
[   32.717831] firmadyne: sys_socket[PID: 432 (xmldbc)]: family:1, type:2, protocol:0
[   32.781100] firmadyne: sys_socket[PID: 433 (xmldbc)]: family:1, type:2, protocol:0
[   32.843778] firmadyne: sys_socket[PID: 434 (xmldbc)]: family:1, type:2, protocol:0
[   32.904521] firmadyne: sys_socket[PID: 435 (xmldbc)]: family:1, type:2, protocol:0
[   32.968753] firmadyne: sys_socket[PID: 436 (xmldbc)]: family:1, type:2, protocol:0
[   33.030625] firmadyne: sys_socket[PID: 437 (xmldbc)]: family:1, type:2, protocol:0
[   33.091510] firmadyne: sys_socket[PID: 438 (xmldbc)]: family:1, type:2, protocol:0
[   33.153946] firmadyne: sys_socket[PID: 439 (xmldbc)]: family:1, type:2, protocol:0
[   33.216075] firmadyne: sys_socket[PID: 440 (xmldbc)]: family:1, type:2, protocol:0
[   33.278705] firmadyne: sys_socket[PID: 441 (xmldbc)]: family:1, type:2, protocol:0
[   33.343264] firmadyne: sys_socket[PID: 442 (xmldbc)]: family:1, type:2, protocol:0
[   33.404461] firmadyne: sys_socket[PID: 443 (xmldbc)]: family:1, type:2, protocol:0
[   33.467369] firmadyne: sys_socket[PID: 444 (xmldbc)]: family:1, type:2, protocol:0
[   33.531676] firmadyne: sys_socket[PID: 445 (xmldbc)]: family:1, type:2, protocol:0
[   33.680597] firmadyne: sys_socket[PID: 449 (xmldbc)]: family:1, type:2, protocol:0
[   33.747023] firmadyne: sys_socket[PID: 450 (xmldbc)]: family:1, type:2, protocol:0
[   33.811394] firmadyne: sys_socket[PID: 451 (xmldbc)]: family:1, type:2, protocol:0
[   33.875991] firmadyne: sys_socket[PID: 452 (xmldbc)]: family:1, type:2, protocol:0
[   33.942224] firmadyne: sys_socket[PID: 453 (xmldbc)]: family:1, type:2, protocol:0
[   34.006319] firmadyne: sys_socket[PID: 454 (xmldbc)]: family:1, type:2, protocol:0
[   34.071063] firmadyne: sys_socket[PID: 455 (xmldbc)]: family:1, type:2, protocol:0
[   34.136929] firmadyne: sys_socket[PID: 456 (xmldbc)]: family:1, type:2, protocol:0
[   34.199648] firmadyne: sys_socket[PID: 457 (xmldbc)]: family:1, type:2, protocol:0
[   34.261144] firmadyne: sys_socket[PID: 458 (xmldbc)]: family:1, type:2, protocol:0
[   34.323951] firmadyne: sys_socket[PID: 459 (xmldbc)]: family:1, type:2, protocol:0
[   34.381983] firmadyne: sys_socket[PID: 460 (xmldbc)]: family:1, type:2, protocol:0
[   34.442935] firmadyne: sys_socket[PID: 461 (xmldbc)]: family:1, type:2, protocol:0
[   34.500851] firmadyne: sys_socket[PID: 462 (xmldbc)]: family:1, type:2, protocol:0
[   34.566324] firmadyne: sys_socket[PID: 463 (xmldbc)]: family:1, type:2, protocol:0
[   34.628593] firmadyne: sys_socket[PID: 464 (xmldbc)]: family:1, type:2, protocol:0
[   34.690735] firmadyne: sys_socket[PID: 465 (xmldbc)]: family:1, type:2, protocol:0
[   34.754226] firmadyne: sys_socket[PID: 466 (xmldbc)]: family:1, type:2, protocol:0
[   34.816364] firmadyne: sys_socket[PID: 467 (xmldbc)]: family:1, type:2, protocol:0
[   34.965482] firmadyne: sys_socket[PID: 471 (xmldbc)]: family:1, type:2, protocol:0
[   35.027414] firmadyne: sys_socket[PID: 472 (xmldbc)]: family:1, type:2, protocol:0
[   35.088291] firmadyne: sys_socket[PID: 473 (xmldbc)]: family:1, type:2, protocol:0
[   35.151385] firmadyne: sys_socket[PID: 474 (xmldbc)]: family:1, type:2, protocol:0
[   35.213192] firmadyne: sys_socket[PID: 475 (xmldbc)]: family:1, type:2, protocol:0
[   35.275311] firmadyne: sys_socket[PID: 476 (xmldbc)]: family:1, type:2, protocol:0
[   35.338331] firmadyne: sys_socket[PID: 477 (xmldbc)]: family:1, type:2, protocol:0
[   35.400594] firmadyne: sys_socket[PID: 478 (xmldbc)]: family:1, type:2, protocol:0
[   35.462710] firmadyne: sys_socket[PID: 479 (xmldbc)]: family:1, type:2, protocol:0
[   35.524875] firmadyne: sys_socket[PID: 480 (xmldbc)]: family:1, type:2, protocol:0
[   35.569562] cfg80211: Exceeded CRDA call max attempts. Not calling CRDA
[   35.591021] firmadyne: sys_socket[PID: 481 (xmldbc)]: family:1, type:2, protocol:0
[   35.653137] firmadyne: sys_socket[PID: 482 (xmldbc)]: family:1, type:2, protocol:0
[   35.715170] firmadyne: sys_socket[PID: 483 (xmldbc)]: family:1, type:2, protocol:0
[   35.773906] firmadyne: sys_socket[PID: 484 (xmldbc)]: family:1, type:2, protocol:0
[   35.835555] firmadyne: sys_socket[PID: 485 (xmldbc)]: family:1, type:2, protocol:0
[   35.897613] firmadyne: sys_socket[PID: 486 (xmldbc)]: family:1, type:2, protocol:0
[   35.960952] firmadyne: sys_socket[PID: 487 (xmldbc)]: family:1, type:2, protocol:0
[   36.022715] firmadyne: sys_socket[PID: 488 (xmldbc)]: family:1, type:2, protocol:0
[   36.084902] firmadyne: sys_socket[PID: 489 (xmldbc)]: family:1, type:2, protocol:0
[   36.232708] firmadyne: sys_socket[PID: 493 (xmldbc)]: family:1, type:2, protocol:0
[   36.295433] firmadyne: sys_socket[PID: 494 (xmldbc)]: family:1, type:2, protocol:0
[   36.358654] firmadyne: sys_socket[PID: 495 (xmldbc)]: family:1, type:2, protocol:0
[   36.420580] firmadyne: sys_socket[PID: 496 (xmldbc)]: family:1, type:2, protocol:0
[   36.481832] firmadyne: sys_socket[PID: 497 (xmldbc)]: family:1, type:2, protocol:0
[   36.539592] firmadyne: sys_socket[PID: 498 (xmldbc)]: family:1, type:2, protocol:0
[   36.603416] firmadyne: sys_socket[PID: 499 (xmldbc)]: family:1, type:2, protocol:0
[   36.664190] firmadyne: sys_socket[PID: 500 (xmldbc)]: family:1, type:2, protocol:0
[   36.726208] firmadyne: sys_socket[PID: 501 (xmldbc)]: family:1, type:2, protocol:0
[   36.804667] firmadyne: sys_socket[PID: 502 (xmldbc)]: family:1, type:2, protocol:0
[   36.870791] firmadyne: sys_socket[PID: 503 (xmldbc)]: family:1, type:2, protocol:0
[   36.933077] firmadyne: sys_socket[PID: 504 (xmldbc)]: family:1, type:2, protocol:0
[   36.995696] firmadyne: sys_socket[PID: 505 (xmldbc)]: family:1, type:2, protocol:0
[   37.057582] firmadyne: sys_socket[PID: 506 (xmldbc)]: family:1, type:2, protocol:0
[   37.119136] firmadyne: sys_socket[PID: 507 (xmldbc)]: family:1, type:2, protocol:0
[   37.184127] firmadyne: sys_socket[PID: 508 (xmldbc)]: family:1, type:2, protocol:0
[   37.246947] firmadyne: sys_socket[PID: 509 (xmldbc)]: family:1, type:2, protocol:0
[   37.307646] firmadyne: sys_socket[PID: 510 (xmldbc)]: family:1, type:2, protocol:0
[   37.370580] firmadyne: sys_socket[PID: 511 (xmldbc)]: family:1, type:2, protocol:0
[   37.515807] firmadyne: sys_socket[PID: 515 (xmldbc)]: family:1, type:2, protocol:0
[   37.578725] firmadyne: sys_socket[PID: 516 (xmldbc)]: family:1, type:2, protocol:0
[   37.650092] firmadyne: sys_socket[PID: 517 (xmldbc)]: family:1, type:2, protocol:0
[   37.711390] firmadyne: sys_socket[PID: 518 (xmldbc)]: family:1, type:2, protocol:0
[   37.775277] firmadyne: sys_socket[PID: 519 (xmldbc)]: family:1, type:2, protocol:0
[   37.836234] firmadyne: sys_socket[PID: 520 (xmldbc)]: family:1, type:2, protocol:0
[   37.896796] firmadyne: sys_socket[PID: 521 (xmldbc)]: family:1, type:2, protocol:0
[   37.959662] firmadyne: sys_socket[PID: 522 (xmldbc)]: family:1, type:2, protocol:0
[   38.020851] firmadyne: sys_socket[PID: 523 (xmldbc)]: family:1, type:2, protocol:0
[   38.082120] firmadyne: sys_socket[PID: 524 (xmldbc)]: family:1, type:2, protocol:0
[   38.145449] firmadyne: sys_socket[PID: 525 (xmldbc)]: family:1, type:2, protocol:0
[   38.207076] firmadyne: sys_socket[PID: 526 (xmldbc)]: family:1, type:2, protocol:0
[   38.268478] firmadyne: sys_socket[PID: 527 (xmldbc)]: family:1, type:2, protocol:0
[   38.332024] firmadyne: sys_socket[PID: 528 (xmldbc)]: family:1, type:2, protocol:0
[   38.393886] firmadyne: sys_socket[PID: 529 (xmldbc)]: family:1, type:2, protocol:0
[   38.455731] firmadyne: sys_socket[PID: 530 (xmldbc)]: family:1, type:2, protocol:0
[   38.517550] firmadyne: sys_socket[PID: 531 (xmldbc)]: family:1, type:2, protocol:0
[   38.580114] firmadyne: sys_socket[PID: 532 (xmldbc)]: family:1, type:2, protocol:0
[   38.643473] firmadyne: sys_socket[PID: 533 (xmldbc)]: family:1, type:2, protocol:0
[   38.790837] firmadyne: sys_socket[PID: 537 (xmldbc)]: family:1, type:2, protocol:0
[   38.852401] firmadyne: sys_socket[PID: 538 (xmldbc)]: family:1, type:2, protocol:0
[   38.913426] firmadyne: sys_socket[PID: 539 (xmldbc)]: family:1, type:2, protocol:0
[   38.971905] firmadyne: sys_socket[PID: 540 (xmldbc)]: family:1, type:2, protocol:0
[   39.032278] firmadyne: sys_socket[PID: 541 (xmldbc)]: family:1, type:2, protocol:0
[   39.093726] firmadyne: sys_socket[PID: 542 (xmldbc)]: family:1, type:2, protocol:0
[   39.158314] firmadyne: sys_socket[PID: 543 (xmldbc)]: family:1, type:2, protocol:0
[   39.220662] firmadyne: sys_socket[PID: 544 (xmldbc)]: family:1, type:2, protocol:0
[   39.283288] firmadyne: sys_socket[PID: 545 (xmldbc)]: family:1, type:2, protocol:0
[   39.347129] firmadyne: sys_socket[PID: 546 (xmldbc)]: family:1, type:2, protocol:0
[   39.409835] firmadyne: sys_socket[PID: 547 (xmldbc)]: family:1, type:2, protocol:0
[   39.471510] firmadyne: sys_socket[PID: 548 (xmldbc)]: family:1, type:2, protocol:0
[   39.534507] firmadyne: sys_socket[PID: 549 (xmldbc)]: family:1, type:2, protocol:0
[   39.596467] firmadyne: sys_socket[PID: 550 (xmldbc)]: family:1, type:2, protocol:0
[   39.660865] firmadyne: sys_socket[PID: 551 (xmldbc)]: family:1, type:2, protocol:0
[   39.723424] firmadyne: sys_socket[PID: 552 (xmldbc)]: family:1, type:2, protocol:0
[   39.786612] firmadyne: sys_socket[PID: 553 (xmldbc)]: family:1, type:2, protocol:0
[   39.848335] firmadyne: sys_socket[PID: 554 (xmldbc)]: family:1, type:2, protocol:0
[   39.910607] firmadyne: sys_socket[PID: 555 (xmldbc)]: family:1, type:2, protocol:0
[   40.056570] firmadyne: sys_socket[PID: 559 (xmldbc)]: family:1, type:2, protocol:0
[   40.117453] firmadyne: sys_socket[PID: 560 (xmldbc)]: family:1, type:2, protocol:0
[   40.179725] firmadyne: sys_socket[PID: 561 (xmldbc)]: family:1, type:2, protocol:0
[   40.242274] firmadyne: sys_socket[PID: 562 (xmldbc)]: family:1, type:2, protocol:0
[   40.303382] firmadyne: sys_socket[PID: 563 (xmldbc)]: family:1, type:2, protocol:0
[   40.365909] firmadyne: sys_socket[PID: 564 (xmldbc)]: family:1, type:2, protocol:0
[   40.427383] firmadyne: sys_socket[PID: 565 (xmldbc)]: family:1, type:2, protocol:0
[   40.483934] firmadyne: sys_socket[PID: 566 (xmldbc)]: family:1, type:2, protocol:0
[   40.546704] firmadyne: sys_socket[PID: 567 (xmldbc)]: family:1, type:2, protocol:0
[   40.607539] firmadyne: sys_socket[PID: 568 (xmldbc)]: family:1, type:2, protocol:0
[   40.670219] firmadyne: sys_socket[PID: 569 (xmldbc)]: family:1, type:2, protocol:0
[   40.735191] firmadyne: sys_socket[PID: 570 (xmldbc)]: family:1, type:2, protocol:0
[   40.797899] firmadyne: sys_socket[PID: 571 (xmldbc)]: family:1, type:2, protocol:0
[   40.860375] firmadyne: sys_socket[PID: 572 (xmldbc)]: family:1, type:2, protocol:0
[   40.921908] firmadyne: sys_socket[PID: 573 (xmldbc)]: family:1, type:2, protocol:0
[   40.980647] firmadyne: sys_socket[PID: 574 (xmldbc)]: family:1, type:2, protocol:0
[   41.041099] firmadyne: sys_socket[PID: 575 (xmldbc)]: family:1, type:2, protocol:0
[   41.103056] firmadyne: sys_socket[PID: 576 (xmldbc)]: family:1, type:2, protocol:0
[   41.165873] firmadyne: sys_socket[PID: 577 (xmldbc)]: family:1, type:2, protocol:0
[   41.311058] firmadyne: sys_socket[PID: 581 (xmldbc)]: family:1, type:2, protocol:0
[   41.375139] firmadyne: sys_socket[PID: 582 (xmldbc)]: family:1, type:2, protocol:0
[   41.437629] firmadyne: sys_socket[PID: 583 (xmldbc)]: family:1, type:2, protocol:0
[   41.500692] firmadyne: sys_socket[PID: 584 (xmldbc)]: family:1, type:2, protocol:0
[   41.564018] firmadyne: sys_socket[PID: 585 (xmldbc)]: family:1, type:2, protocol:0
[   41.625810] firmadyne: sys_socket[PID: 586 (xmldbc)]: family:1, type:2, protocol:0
[   41.686844] firmadyne: sys_socket[PID: 587 (xmldbc)]: family:1, type:2, protocol:0
[   41.754308] firmadyne: sys_socket[PID: 588 (xmldbc)]: family:1, type:2, protocol:0
[   41.816829] firmadyne: sys_socket[PID: 589 (xmldbc)]: family:1, type:2, protocol:0
[   41.878985] firmadyne: sys_socket[PID: 590 (xmldbc)]: family:1, type:2, protocol:0
[   41.942201] firmadyne: sys_socket[PID: 591 (xmldbc)]: family:1, type:2, protocol:0
[   42.003894] firmadyne: sys_socket[PID: 592 (xmldbc)]: family:1, type:2, protocol:0
[   42.065772] firmadyne: sys_socket[PID: 593 (xmldbc)]: family:1, type:2, protocol:0
[   42.128042] firmadyne: sys_socket[PID: 594 (xmldbc)]: family:1, type:2, protocol:0
[   42.191142] firmadyne: sys_socket[PID: 595 (xmldbc)]: family:1, type:2, protocol:0
[   42.253669] firmadyne: sys_socket[PID: 596 (xmldbc)]: family:1, type:2, protocol:0
[   42.315255] firmadyne: sys_socket[PID: 597 (xmldbc)]: family:1, type:2, protocol:0
[   42.378972] firmadyne: sys_socket[PID: 598 (xmldbc)]: family:1, type:2, protocol:0
[   42.435911] firmadyne: sys_socket[PID: 599 (xmldbc)]: family:1, type:2, protocol:0
[   42.584193] firmadyne: sys_socket[PID: 603 (xmldbc)]: family:1, type:2, protocol:0
[   42.646334] firmadyne: sys_socket[PID: 604 (xmldbc)]: family:1, type:2, protocol:0
[   42.707265] firmadyne: sys_socket[PID: 605 (xmldbc)]: family:1, type:2, protocol:0
[   42.773988] firmadyne: sys_socket[PID: 606 (xmldbc)]: family:1, type:2, protocol:0
[   42.835855] firmadyne: sys_socket[PID: 607 (xmldbc)]: family:1, type:2, protocol:0
[   42.899418] firmadyne: sys_socket[PID: 608 (xmldbc)]: family:1, type:2, protocol:0
[   42.962755] firmadyne: sys_socket[PID: 609 (xmldbc)]: family:1, type:2, protocol:0
[   43.024693] firmadyne: sys_socket[PID: 610 (xmldbc)]: family:1, type:2, protocol:0
[   43.087769] firmadyne: sys_socket[PID: 611 (xmldbc)]: family:1, type:2, protocol:0
[   43.154125] firmadyne: sys_socket[PID: 612 (xmldbc)]: family:1, type:2, protocol:0
[   43.215623] firmadyne: sys_socket[PID: 613 (xmldbc)]: family:1, type:2, protocol:0
[   43.277948] firmadyne: sys_socket[PID: 614 (xmldbc)]: family:1, type:2, protocol:0
[   43.341951] firmadyne: sys_socket[PID: 615 (xmldbc)]: family:1, type:2, protocol:0
[   43.403440] firmadyne: sys_socket[PID: 616 (xmldbc)]: family:1, type:2, protocol:0
[   43.465884] firmadyne: sys_socket[PID: 617 (xmldbc)]: family:1, type:2, protocol:0
[   43.527739] firmadyne: sys_socket[PID: 618 (xmldbc)]: family:1, type:2, protocol:0
[   43.590477] firmadyne: sys_socket[PID: 619 (xmldbc)]: family:1, type:2, protocol:0
[   43.651993] firmadyne: sys_socket[PID: 620 (xmldbc)]: family:1, type:2, protocol:0
[   43.714188] firmadyne: sys_socket[PID: 621 (xmldbc)]: family:1, type:2, protocol:0
[   43.863448] firmadyne: sys_socket[PID: 625 (xmldbc)]: family:1, type:2, protocol:0
[   43.925482] firmadyne: sys_socket[PID: 626 (xmldbc)]: family:1, type:2, protocol:0
[   43.988441] firmadyne: sys_socket[PID: 627 (xmldbc)]: family:1, type:2, protocol:0
[   44.045462] firmadyne: sys_socket[PID: 628 (xmldbc)]: family:1, type:2, protocol:0
[   44.106239] firmadyne: sys_socket[PID: 629 (xmldbc)]: family:1, type:2, protocol:0
[   44.170863] firmadyne: sys_socket[PID: 630 (xmldbc)]: family:1, type:2, protocol:0
[   44.232900] firmadyne: sys_socket[PID: 631 (xmldbc)]: family:1, type:2, protocol:0
[   44.297416] firmadyne: sys_socket[PID: 632 (xmldbc)]: family:1, type:2, protocol:0
[   44.362846] firmadyne: sys_socket[PID: 633 (xmldbc)]: family:1, type:2, protocol:0
[   44.425684] firmadyne: sys_socket[PID: 634 (xmldbc)]: family:1, type:2, protocol:0
[   44.486990] firmadyne: sys_socket[PID: 635 (xmldbc)]: family:1, type:2, protocol:0
[   44.550311] firmadyne: sys_socket[PID: 636 (xmldbc)]: family:1, type:2, protocol:0
[   44.611395] firmadyne: sys_socket[PID: 637 (xmldbc)]: family:1, type:2, protocol:0
[   44.673856] firmadyne: sys_socket[PID: 638 (xmldbc)]: family:1, type:2, protocol:0
[   44.738122] firmadyne: sys_socket[PID: 639 (xmldbc)]: family:1, type:2, protocol:0
[   44.802401] firmadyne: sys_socket[PID: 640 (xmldbc)]: family:1, type:2, protocol:0
[   44.859034] firmadyne: sys_socket[PID: 641 (xmldbc)]: family:1, type:2, protocol:0
[   44.919700] firmadyne: sys_socket[PID: 642 (xmldbc)]: family:1, type:2, protocol:0
[   44.978298] firmadyne: sys_socket[PID: 643 (xmldbc)]: family:1, type:2, protocol:0
[   45.122841] firmadyne: sys_socket[PID: 647 (xmldbc)]: family:1, type:2, protocol:0
[   45.185876] firmadyne: sys_socket[PID: 648 (xmldbc)]: family:1, type:2, protocol:0
[   45.247441] firmadyne: sys_socket[PID: 649 (xmldbc)]: family:1, type:2, protocol:0
[   45.310254] firmadyne: sys_socket[PID: 650 (xmldbc)]: family:1, type:2, protocol:0
[   45.372764] firmadyne: sys_socket[PID: 651 (xmldbc)]: family:1, type:2, protocol:0
[   45.434633] firmadyne: sys_socket[PID: 652 (xmldbc)]: family:1, type:2, protocol:0
[   45.496393] firmadyne: sys_socket[PID: 653 (xmldbc)]: family:1, type:2, protocol:0
[   45.560666] firmadyne: sys_socket[PID: 654 (xmldbc)]: family:1, type:2, protocol:0
[   45.616925] firmadyne: sys_socket[PID: 655 (xmldbc)]: family:1, type:2, protocol:0
[   45.677862] firmadyne: sys_socket[PID: 656 (xmldbc)]: family:1, type:2, protocol:0
[   45.740004] firmadyne: sys_socket[PID: 657 (xmldbc)]: family:1, type:2, protocol:0
[   45.801789] firmadyne: sys_socket[PID: 658 (xmldbc)]: family:1, type:2, protocol:0
[   45.864353] firmadyne: sys_socket[PID: 659 (xmldbc)]: family:1, type:2, protocol:0
[   45.925922] firmadyne: sys_socket[PID: 660 (xmldbc)]: family:1, type:2, protocol:0
[   45.984058] firmadyne: sys_socket[PID: 661 (xmldbc)]: family:1, type:2, protocol:0
[   46.045109] firmadyne: sys_socket[PID: 662 (xmldbc)]: family:1, type:2, protocol:0
[   46.106928] firmadyne: sys_socket[PID: 663 (xmldbc)]: family:1, type:2, protocol:0
[   46.169968] firmadyne: sys_socket[PID: 664 (xmldbc)]: family:1, type:2, protocol:0
[   46.230640] firmadyne: sys_socket[PID: 665 (xmldbc)]: family:1, type:2, protocol:0
[   46.377522] firmadyne: sys_socket[PID: 669 (xmldbc)]: family:1, type:2, protocol:0
[   46.438966] firmadyne: sys_socket[PID: 670 (xmldbc)]: family:1, type:2, protocol:0
[   46.500108] firmadyne: sys_socket[PID: 671 (xmldbc)]: family:1, type:2, protocol:0
[   46.563808] firmadyne: sys_socket[PID: 672 (xmldbc)]: family:1, type:2, protocol:0
[   46.625444] firmadyne: sys_socket[PID: 673 (xmldbc)]: family:1, type:2, protocol:0
[   46.687462] firmadyne: sys_socket[PID: 674 (xmldbc)]: family:1, type:2, protocol:0
[   46.745915] firmadyne: sys_socket[PID: 675 (xmldbc)]: family:1, type:2, protocol:0
[   46.808366] firmadyne: sys_socket[PID: 676 (xmldbc)]: family:1, type:2, protocol:0
[   46.872778] firmadyne: sys_socket[PID: 677 (xmldbc)]: family:1, type:2, protocol:0
[   46.936423] firmadyne: sys_socket[PID: 678 (xmldbc)]: family:1, type:2, protocol:0
[   46.999282] firmadyne: sys_socket[PID: 679 (xmldbc)]: family:1, type:2, protocol:0
[   47.056261] firmadyne: sys_socket[PID: 680 (xmldbc)]: family:1, type:2, protocol:0
[   47.118184] firmadyne: sys_socket[PID: 681 (xmldbc)]: family:1, type:2, protocol:0
[   47.181429] firmadyne: sys_socket[PID: 682 (xmldbc)]: family:1, type:2, protocol:0
[   47.238521] firmadyne: sys_socket[PID: 683 (xmldbc)]: family:1, type:2, protocol:0
[   47.294896] firmadyne: sys_socket[PID: 684 (xmldbc)]: family:1, type:2, protocol:0
[   47.357801] firmadyne: sys_socket[PID: 685 (xmldbc)]: family:1, type:2, protocol:0
[   47.419855] firmadyne: sys_socket[PID: 686 (xmldbc)]: family:1, type:2, protocol:0
[   47.482649] firmadyne: sys_socket[PID: 687 (xmldbc)]: family:1, type:2, protocol:0
[   47.628408] firmadyne: sys_socket[PID: 691 (xmldbc)]: family:1, type:2, protocol:0
[   47.688773] firmadyne: sys_socket[PID: 692 (xmldbc)]: family:1, type:2, protocol:0
[   47.751755] firmadyne: sys_socket[PID: 693 (xmldbc)]: family:1, type:2, protocol:0
[   47.815259] firmadyne: sys_socket[PID: 694 (xmldbc)]: family:1, type:2, protocol:0
[   47.873053] firmadyne: sys_socket[PID: 695 (xmldbc)]: family:1, type:2, protocol:0
[   47.935001] firmadyne: sys_socket[PID: 696 (xmldbc)]: family:1, type:2, protocol:0
[   47.997779] firmadyne: sys_socket[PID: 697 (xmldbc)]: family:1, type:2, protocol:0
[   48.061576] firmadyne: sys_socket[PID: 698 (xmldbc)]: family:1, type:2, protocol:0
[   48.124595] firmadyne: sys_socket[PID: 699 (xmldbc)]: family:1, type:2, protocol:0
[   48.182555] firmadyne: sys_socket[PID: 700 (xmldbc)]: family:1, type:2, protocol:0
[   48.244002] firmadyne: sys_socket[PID: 701 (xmldbc)]: family:1, type:2, protocol:0
[   48.306309] firmadyne: sys_socket[PID: 702 (xmldbc)]: family:1, type:2, protocol:0
[   48.369562] firmadyne: sys_socket[PID: 703 (xmldbc)]: family:1, type:2, protocol:0
[   48.430711] firmadyne: sys_socket[PID: 704 (xmldbc)]: family:1, type:2, protocol:0
[   48.491771] firmadyne: sys_socket[PID: 705 (xmldbc)]: family:1, type:2, protocol:0
[   48.555888] firmadyne: sys_socket[PID: 706 (xmldbc)]: family:1, type:2, protocol:0
[   48.616993] firmadyne: sys_socket[PID: 707 (xmldbc)]: family:1, type:2, protocol:0
[   48.679636] firmadyne: sys_socket[PID: 708 (xmldbc)]: family:1, type:2, protocol:0
[   48.742449] firmadyne: sys_socket[PID: 709 (xmldbc)]: family:1, type:2, protocol:0
[   48.899430] firmadyne: sys_socket[PID: 713 (xmldbc)]: family:1, type:2, protocol:0
[   48.963374] firmadyne: sys_socket[PID: 714 (xmldbc)]: family:1, type:2, protocol:0
[   49.025847] firmadyne: sys_socket[PID: 715 (xmldbc)]: family:1, type:2, protocol:0
[   49.089024] firmadyne: sys_socket[PID: 716 (xmldbc)]: family:1, type:2, protocol:0
[   49.151977] firmadyne: sys_socket[PID: 717 (xmldbc)]: family:1, type:2, protocol:0
[   49.214007] firmadyne: sys_socket[PID: 718 (xmldbc)]: family:1, type:2, protocol:0
[   49.275160] firmadyne: sys_socket[PID: 719 (xmldbc)]: family:1, type:2, protocol:0
[   49.338190] firmadyne: sys_socket[PID: 720 (xmldbc)]: family:1, type:2, protocol:0
[   49.399749] firmadyne: sys_socket[PID: 721 (xmldbc)]: family:1, type:2, protocol:0
[   49.473261] firmadyne: sys_socket[PID: 722 (xmldbc)]: family:1, type:2, protocol:0
[   49.574269] firmadyne: sys_socket[PID: 723 (xmldbc)]: family:1, type:2, protocol:0
[   49.635461] firmadyne: sys_socket[PID: 724 (xmldbc)]: family:1, type:2, protocol:0
[   49.696585] firmadyne: sys_socket[PID: 725 (xmldbc)]: family:1, type:2, protocol:0
[   49.759879] firmadyne: sys_socket[PID: 726 (xmldbc)]: family:1, type:2, protocol:0
[   49.821618] firmadyne: sys_socket[PID: 727 (xmldbc)]: family:1, type:2, protocol:0
[   49.883540] firmadyne: sys_socket[PID: 728 (xmldbc)]: family:1, type:2, protocol:0
[   49.947527] firmadyne: sys_socket[PID: 729 (xmldbc)]: family:1, type:2, protocol:0
[   50.009029] firmadyne: sys_socket[PID: 730 (xmldbc)]: family:1, type:2, protocol:0
[   50.071263] firmadyne: sys_socket[PID: 731 (xmldbc)]: family:1, type:2, protocol:0
[   50.228211] firmadyne: sys_socket[PID: 735 (xmldbc)]: family:1, type:2, protocol:0
[   50.291394] firmadyne: sys_socket[PID: 736 (xmldbc)]: family:1, type:2, protocol:0
[   50.355538] firmadyne: sys_socket[PID: 737 (xmldbc)]: family:1, type:2, protocol:0
[   50.417804] firmadyne: sys_socket[PID: 738 (xmldbc)]: family:1, type:2, protocol:0
[   50.479816] firmadyne: sys_socket[PID: 739 (xmldbc)]: family:1, type:2, protocol:0
[   50.545197] firmadyne: sys_socket[PID: 740 (xmldbc)]: family:1, type:2, protocol:0
[   50.607924] firmadyne: sys_socket[PID: 741 (xmldbc)]: family:1, type:2, protocol:0
[   50.670859] firmadyne: sys_socket[PID: 742 (xmldbc)]: family:1, type:2, protocol:0
[   50.734632] firmadyne: sys_socket[PID: 743 (xmldbc)]: family:1, type:2, protocol:0
[   50.796923] firmadyne: sys_socket[PID: 744 (xmldbc)]: family:1, type:2, protocol:0
[   50.860081] firmadyne: sys_socket[PID: 745 (xmldbc)]: family:1, type:2, protocol:0
[   50.923063] firmadyne: sys_socket[PID: 746 (xmldbc)]: family:1, type:2, protocol:0
[   50.988335] firmadyne: sys_socket[PID: 747 (xmldbc)]: family:1, type:2, protocol:0
[   51.050165] firmadyne: sys_socket[PID: 748 (xmldbc)]: family:1, type:2, protocol:0
[   51.111430] firmadyne: sys_socket[PID: 749 (xmldbc)]: family:1, type:2, protocol:0
[   51.175159] firmadyne: sys_socket[PID: 750 (xmldbc)]: family:1, type:2, protocol:0
[   51.238875] firmadyne: sys_socket[PID: 751 (xmldbc)]: family:1, type:2, protocol:0
[   51.300433] firmadyne: sys_socket[PID: 752 (xmldbc)]: family:1, type:2, protocol:0
[   51.364166] firmadyne: sys_socket[PID: 753 (xmldbc)]: family:1, type:2, protocol:0
[   51.510005] firmadyne: sys_socket[PID: 757 (xmldbc)]: family:1, type:2, protocol:0
[   51.572558] firmadyne: sys_socket[PID: 758 (xmldbc)]: family:1, type:2, protocol:0
[   51.634978] firmadyne: sys_socket[PID: 759 (xmldbc)]: family:1, type:2, protocol:0
[   51.698497] firmadyne: sys_socket[PID: 760 (xmldbc)]: family:1, type:2, protocol:0
[   51.761913] firmadyne: sys_socket[PID: 761 (xmldbc)]: family:1, type:2, protocol:0
[   51.823299] firmadyne: sys_socket[PID: 762 (xmldbc)]: family:1, type:2, protocol:0
[   51.884256] firmadyne: sys_socket[PID: 763 (xmldbc)]: family:1, type:2, protocol:0
[   51.949838] firmadyne: sys_socket[PID: 764 (xmldbc)]: family:1, type:2, protocol:0
[   52.011504] firmadyne: sys_socket[PID: 765 (xmldbc)]: family:1, type:2, protocol:0
[   52.072698] firmadyne: sys_socket[PID: 766 (xmldbc)]: family:1, type:2, protocol:0
[   52.135157] firmadyne: sys_socket[PID: 767 (xmldbc)]: family:1, type:2, protocol:0
[   52.196935] firmadyne: sys_socket[PID: 768 (xmldbc)]: family:1, type:2, protocol:0
[   52.258399] firmadyne: sys_socket[PID: 769 (xmldbc)]: family:1, type:2, protocol:0
[   52.319738] firmadyne: sys_socket[PID: 770 (xmldbc)]: family:1, type:2, protocol:0
[   52.383553] firmadyne: sys_socket[PID: 771 (xmldbc)]: family:1, type:2, protocol:0
[   52.444989] firmadyne: sys_socket[PID: 772 (xmldbc)]: family:1, type:2, protocol:0
[   52.507068] firmadyne: sys_socket[PID: 773 (xmldbc)]: family:1, type:2, protocol:0
[   52.570110] firmadyne: sys_socket[PID: 774 (xmldbc)]: family:1, type:2, protocol:0
[   52.631059] firmadyne: sys_socket[PID: 775 (xmldbc)]: family:1, type:2, protocol:0
[   52.776468] firmadyne: sys_socket[PID: 779 (xmldbc)]: family:1, type:2, protocol:0
[   52.838585] firmadyne: sys_socket[PID: 780 (xmldbc)]: family:1, type:2, protocol:0
[   52.900290] firmadyne: sys_socket[PID: 781 (xmldbc)]: family:1, type:2, protocol:0
[   52.964936] firmadyne: sys_socket[PID: 782 (xmldbc)]: family:1, type:2, protocol:0
[   53.028744] firmadyne: sys_socket[PID: 783 (xmldbc)]: family:1, type:2, protocol:0
[   53.090937] firmadyne: sys_socket[PID: 784 (xmldbc)]: family:1, type:2, protocol:0
[   53.153995] firmadyne: sys_socket[PID: 785 (xmldbc)]: family:1, type:2, protocol:0
[   53.215202] firmadyne: sys_socket[PID: 786 (xmldbc)]: family:1, type:2, protocol:0
[   53.276024] firmadyne: sys_socket[PID: 787 (xmldbc)]: family:1, type:2, protocol:0
[   53.338735] firmadyne: sys_socket[PID: 788 (xmldbc)]: family:1, type:2, protocol:0
[   53.399643] firmadyne: sys_socket[PID: 789 (xmldbc)]: family:1, type:2, protocol:0
[   53.460571] firmadyne: sys_socket[PID: 790 (xmldbc)]: family:1, type:2, protocol:0
[   53.522254] firmadyne: sys_socket[PID: 791 (xmldbc)]: family:1, type:2, protocol:0
[   53.584134] firmadyne: sys_socket[PID: 792 (xmldbc)]: family:1, type:2, protocol:0
[   53.644558] firmadyne: sys_socket[PID: 793 (xmldbc)]: family:1, type:2, protocol:0
[   53.707046] firmadyne: sys_socket[PID: 794 (xmldbc)]: family:1, type:2, protocol:0
[   53.770971] firmadyne: sys_socket[PID: 795 (xmldbc)]: family:1, type:2, protocol:0
[   53.834198] firmadyne: sys_socket[PID: 796 (xmldbc)]: family:1, type:2, protocol:0
[   53.896190] firmadyne: sys_socket[PID: 797 (xmldbc)]: family:1, type:2, protocol:0
[   54.045521] firmadyne: sys_socket[PID: 801 (xmldbc)]: family:1, type:2, protocol:0
[   54.107481] firmadyne: sys_socket[PID: 802 (xmldbc)]: family:1, type:2, protocol:0
[   54.164870] firmadyne: sys_socket[PID: 803 (xmldbc)]: family:1, type:2, protocol:0
[   54.225737] firmadyne: sys_socket[PID: 804 (xmldbc)]: family:1, type:2, protocol:0
[   54.286930] firmadyne: sys_socket[PID: 805 (xmldbc)]: family:1, type:2, protocol:0
[   54.350570] firmadyne: sys_socket[PID: 806 (xmldbc)]: family:1, type:2, protocol:0
[   54.411730] firmadyne: sys_socket[PID: 807 (xmldbc)]: family:1, type:2, protocol:0
[   54.476866] firmadyne: sys_socket[PID: 808 (xmldbc)]: family:1, type:2, protocol:0
[   54.540545] firmadyne: sys_socket[PID: 809 (xmldbc)]: family:1, type:2, protocol:0
[   54.602967] firmadyne: sys_socket[PID: 810 (xmldbc)]: family:1, type:2, protocol:0
[   54.664545] firmadyne: sys_socket[PID: 811 (xmldbc)]: family:1, type:2, protocol:0
[   54.721707] firmadyne: sys_socket[PID: 812 (xmldbc)]: family:1, type:2, protocol:0
[   54.784524] firmadyne: sys_socket[PID: 813 (xmldbc)]: family:1, type:2, protocol:0
[   54.846671] firmadyne: sys_socket[PID: 814 (xmldbc)]: family:1, type:2, protocol:0
[   54.908118] firmadyne: sys_socket[PID: 815 (xmldbc)]: family:1, type:2, protocol:0
[   54.972299] firmadyne: sys_socket[PID: 816 (xmldbc)]: family:1, type:2, protocol:0
[   55.036898] firmadyne: sys_socket[PID: 817 (xmldbc)]: family:1, type:2, protocol:0
[   55.099936] firmadyne: sys_socket[PID: 818 (xmldbc)]: family:1, type:2, protocol:0
[   55.163307] firmadyne: sys_socket[PID: 819 (xmldbc)]: family:1, type:2, protocol:0
[   55.308596] firmadyne: sys_socket[PID: 823 (xmldbc)]: family:1, type:2, protocol:0
[   55.371319] firmadyne: sys_socket[PID: 824 (xmldbc)]: family:1, type:2, protocol:0
[   55.432944] firmadyne: sys_socket[PID: 825 (xmldbc)]: family:1, type:2, protocol:0
[   55.494685] firmadyne: sys_socket[PID: 826 (xmldbc)]: family:1, type:2, protocol:0
[   55.558431] firmadyne: sys_socket[PID: 827 (xmldbc)]: family:1, type:2, protocol:0
[   55.619412] firmadyne: sys_socket[PID: 828 (xmldbc)]: family:1, type:2, protocol:0
[   55.680618] firmadyne: sys_socket[PID: 829 (xmldbc)]: family:1, type:2, protocol:0
[   55.744494] firmadyne: sys_socket[PID: 830 (xmldbc)]: family:1, type:2, protocol:0
[   55.807992] firmadyne: sys_socket[PID: 831 (xmldbc)]: family:1, type:2, protocol:0
[   55.869706] firmadyne: sys_socket[PID: 832 (xmldbc)]: family:1, type:2, protocol:0
[   55.932896] firmadyne: sys_socket[PID: 833 (xmldbc)]: family:1, type:2, protocol:0
[   55.995472] firmadyne: sys_socket[PID: 834 (xmldbc)]: family:1, type:2, protocol:0
[   56.060139] firmadyne: sys_socket[PID: 835 (xmldbc)]: family:1, type:2, protocol:0
[   56.121942] firmadyne: sys_socket[PID: 836 (xmldbc)]: family:1, type:2, protocol:0
[   56.184410] firmadyne: sys_socket[PID: 837 (xmldbc)]: family:1, type:2, protocol:0
[   56.246321] firmadyne: sys_socket[PID: 838 (xmldbc)]: family:1, type:2, protocol:0
[   56.307070] firmadyne: sys_socket[PID: 839 (xmldbc)]: family:1, type:2, protocol:0
[   56.370581] firmadyne: sys_socket[PID: 840 (xmldbc)]: family:1, type:2, protocol:0
[   56.430954] firmadyne: sys_socket[PID: 841 (xmldbc)]: family:1, type:2, protocol:0
[   56.577066] firmadyne: sys_socket[PID: 845 (xmldbc)]: family:1, type:2, protocol:0
[   56.638190] firmadyne: sys_socket[PID: 846 (xmldbc)]: family:1, type:2, protocol:0
[   56.698647] firmadyne: sys_socket[PID: 847 (xmldbc)]: family:1, type:2, protocol:0
[   56.761065] firmadyne: sys_socket[PID: 848 (xmldbc)]: family:1, type:2, protocol:0
[   56.822662] firmadyne: sys_socket[PID: 849 (xmldbc)]: family:1, type:2, protocol:0
[   56.883942] firmadyne: sys_socket[PID: 850 (xmldbc)]: family:1, type:2, protocol:0
[   56.941948] firmadyne: sys_socket[PID: 851 (xmldbc)]: family:1, type:2, protocol:0
[   57.003192] firmadyne: sys_socket[PID: 852 (xmldbc)]: family:1, type:2, protocol:0
[   57.066437] firmadyne: sys_socket[PID: 853 (xmldbc)]: family:1, type:2, protocol:0
[   57.127083] firmadyne: sys_socket[PID: 854 (xmldbc)]: family:1, type:2, protocol:0
[   57.189446] firmadyne: sys_socket[PID: 855 (xmldbc)]: family:1, type:2, protocol:0
[   57.251048] firmadyne: sys_socket[PID: 856 (xmldbc)]: family:1, type:2, protocol:0
[   57.311618] firmadyne: sys_socket[PID: 857 (xmldbc)]: family:1, type:2, protocol:0
[   57.374506] firmadyne: sys_socket[PID: 858 (xmldbc)]: family:1, type:2, protocol:0
[   57.435345] firmadyne: sys_socket[PID: 859 (xmldbc)]: family:1, type:2, protocol:0
[   57.493044] firmadyne: sys_socket[PID: 860 (xmldbc)]: family:1, type:2, protocol:0
[   57.556157] firmadyne: sys_socket[PID: 861 (xmldbc)]: family:1, type:2, protocol:0
[   57.617718] firmadyne: sys_socket[PID: 862 (xmldbc)]: family:1, type:2, protocol:0
[   57.678068] firmadyne: sys_socket[PID: 863 (xmldbc)]: family:1, type:2, protocol:0
[   57.824772] firmadyne: sys_socket[PID: 867 (xmldbc)]: family:1, type:2, protocol:0
[   57.886526] firmadyne: sys_socket[PID: 868 (xmldbc)]: family:1, type:2, protocol:0
[   57.949844] firmadyne: sys_socket[PID: 869 (xmldbc)]: family:1, type:2, protocol:0
[   58.011025] firmadyne: sys_socket[PID: 870 (xmldbc)]: family:1, type:2, protocol:0
[   58.072614] firmadyne: sys_socket[PID: 871 (xmldbc)]: family:1, type:2, protocol:0
[   58.137486] firmadyne: sys_socket[PID: 872 (xmldbc)]: family:1, type:2, protocol:0
[   58.199350] firmadyne: sys_socket[PID: 873 (xmldbc)]: family:1, type:2, protocol:0
[   58.260577] firmadyne: sys_socket[PID: 874 (xmldbc)]: family:1, type:2, protocol:0
[   58.323092] firmadyne: sys_socket[PID: 875 (xmldbc)]: family:1, type:2, protocol:0
[   58.387618] firmadyne: sys_socket[PID: 876 (xmldbc)]: family:1, type:2, protocol:0
[   58.449644] firmadyne: sys_socket[PID: 877 (xmldbc)]: family:1, type:2, protocol:0
[   58.511863] firmadyne: sys_socket[PID: 878 (xmldbc)]: family:1, type:2, protocol:0
[   58.575639] firmadyne: sys_socket[PID: 879 (xmldbc)]: family:1, type:2, protocol:0
[   58.636576] firmadyne: sys_socket[PID: 880 (xmldbc)]: family:1, type:2, protocol:0
[   58.697622] firmadyne: sys_socket[PID: 881 (xmldbc)]: family:1, type:2, protocol:0
[   58.760535] firmadyne: sys_socket[PID: 882 (xmldbc)]: family:1, type:2, protocol:0
[   58.822308] firmadyne: sys_socket[PID: 883 (xmldbc)]: family:1, type:2, protocol:0
[   58.884842] firmadyne: sys_socket[PID: 884 (xmldbc)]: family:1, type:2, protocol:0
[   58.950195] firmadyne: sys_socket[PID: 885 (xmldbc)]: family:1, type:2, protocol:0
[   59.095838] firmadyne: sys_socket[PID: 889 (xmldbc)]: family:1, type:2, protocol:0
[   59.160795] firmadyne: sys_socket[PID: 890 (xmldbc)]: family:1, type:2, protocol:0
[   59.222506] firmadyne: sys_socket[PID: 891 (xmldbc)]: family:1, type:2, protocol:0
[   59.279612] firmadyne: sys_socket[PID: 892 (xmldbc)]: family:1, type:2, protocol:0
[   59.342427] firmadyne: sys_socket[PID: 893 (xmldbc)]: family:1, type:2, protocol:0
[   59.403476] firmadyne: sys_socket[PID: 894 (xmldbc)]: family:1, type:2, protocol:0
[   59.464721] firmadyne: sys_socket[PID: 895 (xmldbc)]: family:1, type:2, protocol:0
[   59.527223] firmadyne: sys_socket[PID: 896 (xmldbc)]: family:1, type:2, protocol:0
[   59.590233] firmadyne: sys_socket[PID: 897 (xmldbc)]: family:1, type:2, protocol:0
[   59.652182] firmadyne: sys_socket[PID: 898 (xmldbc)]: family:1, type:2, protocol:0
[   59.714902] firmadyne: sys_socket[PID: 899 (xmldbc)]: family:1, type:2, protocol:0
[   59.778310] firmadyne: sys_socket[PID: 900 (xmldbc)]: family:1, type:2, protocol:0
[   59.839912] firmadyne: sys_socket[PID: 901 (xmldbc)]: family:1, type:2, protocol:0
[   59.901190] firmadyne: sys_socket[PID: 902 (xmldbc)]: family:1, type:2, protocol:0
[   59.965189] firmadyne: sys_socket[PID: 903 (xmldbc)]: family:1, type:2, protocol:0
[   60.027343] firmadyne: sys_socket[PID: 904 (xmldbc)]: family:1, type:2, protocol:0
[   60.095469] firmadyne: sys_socket[PID: 905 (xmldbc)]: family:1, type:2, protocol:0
[   60.163223] firmadyne: sys_socket[PID: 906 (xmldbc)]: family:1, type:2, protocol:0
[   60.224590] firmadyne: sys_socket[PID: 907 (xmldbc)]: family:1, type:2, protocol:0
[   60.373141] firmadyne: sys_socket[PID: 911 (xmldbc)]: family:1, type:2, protocol:0
[   60.435391] firmadyne: sys_socket[PID: 912 (xmldbc)]: family:1, type:2, protocol:0
[   60.496422] firmadyne: sys_socket[PID: 913 (xmldbc)]: family:1, type:2, protocol:0
[   60.560032] firmadyne: sys_socket[PID: 914 (xmldbc)]: family:1, type:2, protocol:0
[   60.620939] firmadyne: sys_socket[PID: 915 (xmldbc)]: family:1, type:2, protocol:0
[   60.682318] firmadyne: sys_socket[PID: 916 (xmldbc)]: family:1, type:2, protocol:0
[   60.744603] firmadyne: sys_socket[PID: 917 (xmldbc)]: family:1, type:2, protocol:0
[   60.805696] firmadyne: sys_socket[PID: 918 (xmldbc)]: family:1, type:2, protocol:0
[   60.868714] firmadyne: sys_socket[PID: 919 (xmldbc)]: family:1, type:2, protocol:0
[   60.932431] firmadyne: sys_socket[PID: 920 (xmldbc)]: family:1, type:2, protocol:0
[   60.995097] firmadyne: sys_socket[PID: 921 (xmldbc)]: family:1, type:2, protocol:0
[   61.051587] firmadyne: sys_socket[PID: 922 (xmldbc)]: family:1, type:2, protocol:0
[   61.112743] firmadyne: sys_socket[PID: 923 (xmldbc)]: family:1, type:2, protocol:0
[   61.176793] firmadyne: sys_socket[PID: 924 (xmldbc)]: family:1, type:2, protocol:0
[   61.238780] firmadyne: sys_socket[PID: 925 (xmldbc)]: family:1, type:2, protocol:0
[   61.300206] firmadyne: sys_socket[PID: 926 (xmldbc)]: family:1, type:2, protocol:0
[   61.362830] firmadyne: sys_socket[PID: 927 (xmldbc)]: family:1, type:2, protocol:0
[   61.424251] firmadyne: sys_socket[PID: 928 (xmldbc)]: family:1, type:2, protocol:0
[   61.486120] firmadyne: sys_socket[PID: 929 (xmldbc)]: family:1, type:2, protocol:0
[   61.677745] firmadyne: sys_socket[PID: 934 (xmldbc)]: family:1, type:2, protocol:0
[   61.735961] firmadyne: sys_socket[PID: 935 (xmldbc)]: family:1, type:2, protocol:0
[   61.796799] firmadyne: sys_socket[PID: 936 (xmldbc)]: family:1, type:2, protocol:0
[   61.857781] firmadyne: sys_socket[PID: 937 (xmldbc)]: family:1, type:2, protocol:0
[   61.918233] firmadyne: sys_socket[PID: 938 (xmldbc)]: family:1, type:2, protocol:0
[   61.981390] firmadyne: sys_socket[PID: 939 (xmldbc)]: family:1, type:2, protocol:0
[   62.126045] firmadyne: sys_socket[PID: 943 (xmldbc)]: family:1, type:2, protocol:0
[   62.190347] firmadyne: sys_socket[PID: 944 (xmldbc)]: family:1, type:2, protocol:0
[   62.252336] firmadyne: sys_socket[PID: 945 (xmldbc)]: family:1, type:2, protocol:0
[   62.313513] firmadyne: sys_socket[PID: 946 (xmldbc)]: family:1, type:2, protocol:0
[   62.375645] firmadyne: sys_socket[PID: 947 (xmldbc)]: family:1, type:2, protocol:0
[   62.439297] firmadyne: sys_socket[PID: 948 (xmldbc)]: family:1, type:2, protocol:0
[   62.629047] firmadyne: sys_socket[PID: 953 (xmldbc)]: family:1, type:2, protocol:0
[   62.773966] firmadyne: sys_socket[PID: 957 (xmldbc)]: family:1, type:2, protocol:0
[   62.918946] firmadyne: sys_socket[PID: 961 (xmldbc)]: family:1, type:2, protocol:0
[   63.066783] firmadyne: sys_socket[PID: 965 (xmldbc)]: family:1, type:2, protocol:0
[   63.213861] firmadyne: sys_socket[PID: 969 (xmldbc)]: family:1, type:2, protocol:0
[   63.358894] firmadyne: sys_socket[PID: 973 (xmldbc)]: family:1, type:2, protocol:0
[   63.500953] firmadyne: sys_socket[PID: 977 (xmldbc)]: family:1, type:2, protocol:0
[   63.646032] firmadyne: sys_socket[PID: 981 (xmldbc)]: family:1, type:2, protocol:0
[   63.791307] firmadyne: sys_socket[PID: 985 (xmldbc)]: family:1, type:2, protocol:0
[   63.938225] firmadyne: sys_socket[PID: 989 (xmldbc)]: family:1, type:2, protocol:0
[   64.083571] firmadyne: sys_socket[PID: 993 (xmldbc)]: family:1, type:2, protocol:0
[   64.239763] firmadyne: sys_socket[PID: 997 (xmldbc)]: family:1, type:2, protocol:0
[   64.386266] firmadyne: sys_socket[PID: 1001 (xmldbc)]: family:1, type:2, protocol:0
[   64.528505] firmadyne: sys_socket[PID: 1005 (xmldbc)]: family:1, type:2, protocol:0
[   64.674965] firmadyne: sys_socket[PID: 1009 (xmldbc)]: family:1, type:2, protocol:0
[   64.818972] firmadyne: sys_socket[PID: 1013 (xmldbc)]: family:1, type:2, protocol:0
[   64.964508] firmadyne: sys_socket[PID: 1017 (xmldbc)]: family:1, type:2, protocol:0
[   65.109119] firmadyne: sys_socket[PID: 1021 (xmldbc)]: family:1, type:2, protocol:0
[   65.256393] firmadyne: sys_socket[PID: 1025 (xmldbc)]: family:1, type:2, protocol:0
[   65.402985] firmadyne: sys_socket[PID: 1029 (xmldbc)]: family:1, type:2, protocol:0
[   65.548800] firmadyne: sys_socket[PID: 1033 (xmldbc)]: family:1, type:2, protocol:0
[   65.691868] firmadyne: sys_socket[PID: 1037 (xmldbc)]: family:1, type:2, protocol:0
[   65.835860] firmadyne: sys_socket[PID: 1041 (xmldbc)]: family:1, type:2, protocol:0
[   65.980644] firmadyne: sys_socket[PID: 1045 (xmldbc)]: family:1, type:2, protocol:0
[   66.124083] firmadyne: sys_socket[PID: 1049 (xmldbc)]: family:1, type:2, protocol:0
[   66.272604] firmadyne: sys_socket[PID: 1053 (xmldbc)]: family:1, type:2, protocol:0
[   66.421618] firmadyne: sys_socket[PID: 1057 (xmldbc)]: family:1, type:2, protocol:0
[   66.572502] firmadyne: sys_socket[PID: 1061 (xmldbc)]: family:1, type:2, protocol:0
[   66.722763] firmadyne: sys_socket[PID: 1065 (xmldbc)]: family:1, type:2, protocol:0
[   66.877790] firmadyne: sys_socket[PID: 1069 (xmldbc)]: family:1, type:2, protocol:0
[   67.025567] firmadyne: sys_socket[PID: 1073 (xmldbc)]: family:1, type:2, protocol:0
[   67.171560] firmadyne: sys_socket[PID: 1077 (xmldbc)]: family:1, type:2, protocol:0
[   67.319892] firmadyne: sys_socket[PID: 1081 (xmldbc)]: family:1, type:2, protocol:0
[   67.383180] firmadyne: sys_socket[PID: 1082 (xmldbc)]: family:1, type:2, protocol:0
[   67.444531] firmadyne: sys_socket[PID: 1083 (xmldbc)]: family:1, type:2, protocol:0
[   67.505134] firmadyne: sys_socket[PID: 1084 (xmldbc)]: family:1, type:2, protocol:0
[   67.567733] firmadyne: sys_socket[PID: 1085 (xmldbc)]: family:1, type:2, protocol:0
[   67.623366] firmadyne: sys_socket[PID: 1086 (xmldbc)]: family:1, type:2, protocol:0
[   67.683840] firmadyne: sys_socket[PID: 1087 (xmldbc)]: family:1, type:2, protocol:0
[   67.748567] firmadyne: sys_socket[PID: 1088 (xmldbc)]: family:1, type:2, protocol:0
[   67.810494] firmadyne: sys_socket[PID: 1089 (xmldbc)]: family:1, type:2, protocol:0
PHP [/etc/defnodes/S11setnodes.php] ...
[   67.937469] firmadyne: sys_socket[PID: 1092 (rgdb)]: family:1, type:2, protocol:0
PHP [/etc/defnodes/S12features.php] ...
[   68.840850] firmadyne: sys_socket[PID: 1105 (rgdb)]: family:1, type:2, protocol:0
PHP [/etc/defnodes/S13flashspeed.php] ...
[   68.980296] firmadyne: sys_socket[PID: 1108 (rgdb)]: family:1, type:2, protocol:0
PHP [/etc/defnodes/S20setnodes.php] ...
[   69.248415] firmadyne: sys_socket[PID: 1113 (rgdb)]: family:1, type:2, protocol:0
[   69.737089] UDF-fs: warning (device mtdblock4): udf_fill_super: No partition found (2)
mount: mounting /dev/mtdblock/4 on /www/locale/alt failed: Invalid argument
PHP [/etc/defnodes/S40brand.php] ...
[   69.853921] firmadyne: sys_socket[PID: 1125 (rgdb)]: family:1, type:2, protocol:0
[/etc/scripts/misc/defnodes.sh] Done !!
[/etc/scripts/misc/profile.sh] put ...
[   70.568099] firmadyne: sys_socket[PID: 1133 (rgdb)]: family:1, type:2, protocol:0
ok
[   71.625524] firmadyne: sys_socket[PID: 1139 (rgdb)]: family:1, type:2, protocol:0
[   71.705109] firmadyne: sys_socket[PID: 1141 (rgdb)]: family:1, type:2, protocol:0
[/etc/templates/timezone.sh] ...
[   71.889611] firmadyne: sys_socket[PID: 1146 (rgdb)]: family:1, type:2, protocol:0
[   72.090968] firmadyne: sys_socket[PID: 1151 (rgdb)]: family:1, type:2, protocol:0
[   76.335729] firmadyne: sys_socket[PID: 1155 (rgdb)]: family:1, type:2, protocol:0
[   76.426399] firmadyne: sys_socket[PID: 1157 (rgdb)]: family:1, type:2, protocol:0
[   76.516321] firmadyne: sys_socket[PID: 1159 (rgdb)]: family:1, type:2, protocol:0
[   76.606857] firmadyne: sys_socket[PID: 1161 (rgdb)]: family:1, type:2, protocol:0
[   76.695051] firmadyne: sys_socket[PID: 1163 (rgdb)]: family:1, type:2, protocol:0
[   76.787167] firmadyne: sys_socket[PID: 1165 (rgdb)]: family:1, type:2, protocol:0
[   76.877929] firmadyne: sys_socket[PID: 1167 (rgdb)]: family:1, type:2, protocol:0
[   76.969409] firmadyne: sys_socket[PID: 1169 (rgdb)]: family:1, type:2, protocol:0
[   77.053489] firmadyne: sys_socket[PID: 1171 (rgdb)]: family:1, type:2, protocol:0
[   77.142878] firmadyne: sys_socket[PID: 1173 (rgdb)]: family:1, type:2, protocol:0
[   77.227907] firmadyne: sys_socket[PID: 1175 (rgdb)]: family:1, type:2, protocol:0
[/etc/templates/logs.sh] ...
[   78.270933] firmadyne: sys_socket[PID: 1203 (rgdb)]: family:1, type:2, protocol:0
[   78.378419] firmadyne: sys_socket[PID: 1205 (rgdb)]: family:1, type:2, protocol:0
[/var/run/logs_run.sh] ...
[   79.027089] firmadyne: sys_socket[PID: 1210 (syslogd)]: family:1, type:1, protocol:0
[   79.187323] firmadyne: sys_socket[PID: 1215 (rgdb)]: family:1, type:2, protocol:0
[   79.412061] firmadyne: sys_socket[PID: 1219 (ifconfig)]: family:2, type:1, protocol:0
[   79.432672] 8021q: adding VLAN 0 to HW filter on device eth0
[   79.438950] e1000: eth0 NIC Link is Up 1000 Mbps Full Duplex, Flow Control: RX
[   82.547222] firmadyne: sys_socket[PID: 1221 (rgdb)]: family:1, type:2, protocol:0
[   82.907679] firmadyne: sys_socket[PID: 1233 (rgdb)]: family:1, type:2, protocol:0
[   83.108623] firmadyne: sys_socket[PID: 1239 (rgdb)]: family:1, type:2, protocol:0
[   83.136734] firmadyne: sys_socket[PID: 1240 (ifconfig)]: family:2, type:1, protocol:0
[   83.139431] firmadyne: __inet_insert_ifa[PID: 1240 (ifconfig)]: device:lo ifa:0x7f000001
[   83.200717] firmadyne: sys_socket[PID: 1241 (brctl)]: family:2, type:2, protocol:0
[   83.313749] firmadyne: sys_socket[PID: 1244 (brctl)]: family:2, type:2, protocol:0
[   83.318223] firmadyne: sys_socket[PID: 1244 (brctl)]: family:10, type:1, protocol:0
[   83.377115] firmadyne: sys_socket[PID: 1245 (brctl)]: family:2, type:2, protocol:0
[   83.380789] firmadyne: sys_socket[PID: 1245 (brctl)]: family:10, type:1, protocol:0
[/etc/init.d/S03config.sh] done!
[/etc/init.d/S10system.sh]
start Layout ...
[/etc/scripts/layout.sh] start ...
[   83.793190] firmadyne: sys_socket[PID: 1255 (rgdb)]: family:1, type:2, protocol:0
[   83.940854] firmadyne: sys_socket[PID: 1256 (rgdb)]: family:1, type:2, protocol:0
[/var/run/layout_start.sh] ...
Start bridge layout ...
[   84.110960] firmadyne: sys_socket[PID: 1260 (ifconfig)]: family:2, type:1, protocol:0
[   84.164081] firmadyne: sys_socket[PID: 1261 (brctl)]: family:2, type:2, protocol:0
[   84.168376] firmadyne: sys_socket[PID: 1261 (brctl)]: family:10, type:1, protocol:0
[   84.171352] firmadyne: sys_socket[PID: 1261 (brctl)]: family:10, type:1, protocol:0
[   84.173087] firmadyne: br_add_if[PID: 1261 (brctl)]: br:br0 dev:eth0
[   84.180120] device eth0 entered promiscuous mode
[   84.281391] firmadyne: sys_socket[PID: 1264 (xmldbc)]: family:1, type:2, protocol:0
[   84.377817] firmadyne: sys_socket[PID: 1267 (ifconfig)]: family:2, type:1, protocol:0
[   84.379685] br0: port 1(eth0) entered forwarding state
[   84.380622] br0: port 1(eth0) entered forwarding state
[   84.436779] firmadyne: sys_socket[PID: 1268 (rgdb)]: family:1, type:2, protocol:0
start LAN ...
[/etc/templates/lan.sh] ...
[   84.616325] firmadyne: sys_socket[PID: 1273 (rgdb)]: family:1, type:2, protocol:0
[   84.784540] firmadyne: sys_socket[PID: 1276 (rgdb)]: family:1, type:2, protocol:0
[   84.907284] firmadyne: sys_socket[PID: 1277 (rgdb)]: family:1, type:2, protocol:0
[/var/run/lan_start.sh] ...
Bridge mode selected, LAN is disabled !
start web server ...
[/etc/templates/webs.sh] start ...
[   85.228727] firmadyne: sys_socket[PID: 1285 (rgdb)]: family:1, type:2, protocol:0
[   85.321486] firmadyne: sys_socket[PID: 1287 (rgdb)]: family:1, type:2, protocol:0
[   85.478705] firmadyne: sys_socket[PID: 1290 (rgdb)]: family:1, type:2, protocol:0
[   85.648378] firmadyne: sys_socket[PID: 1291 (rgdb)]: family:1, type:2, protocol:0
[/var/run/webs_start.sh] ...
Starting HTTPD ...
start eth0 vlan setup ...
/etc/scripts/eth_vlan.sh: not found
[   86.084245] firmadyne: sys_socket[PID: 1301 (rgdb)]: family:1, type:2, protocol:0
[   86.119304] firmadyne: sys_socket[PID: 1302 (rgdb)]: family:1, type:2, protocol:0
[   86.346858] firmadyne: sys_socket[PID: 1303 (rgdb)]: family:1, type:2, protocol:0
#!/bin/sh
echo [$0] ... > /dev/console

# limitedadmin.php <<<

limitedadmin.sh...
[   86.674096] firmadyne: sys_socket[PID: 1307 (brctl)]: family:2, type:2, protocol:0
[   86.677035] firmadyne: sys_socket[PID: 1307 (brctl)]: family:10, type:1, protocol:0
[   86.790468] firmadyne: sys_socket[PID: 1308 (brctl)]: family:2, type:2, protocol:0
[   86.798088] firmadyne: sys_socket[PID: 1308 (brctl)]: family:10, type:1, protocol:0
[   86.912993] firmadyne: sys_socket[PID: 1309 (brctl)]: family:2, type:2, protocol:0
[   86.920401] firmadyne: sys_socket[PID: 1309 (brctl)]: family:10, type:1, protocol:0
[   87.039389] firmadyne: sys_socket[PID: 1310 (brctl)]: family:2, type:2, protocol:0
[   87.046995] firmadyne: sys_socket[PID: 1310 (brctl)]: family:10, type:1, protocol:0
[   87.162071] firmadyne: sys_socket[PID: 1311 (brctl)]: family:2, type:2, protocol:0
[   87.169604] firmadyne: sys_socket[PID: 1311 (brctl)]: family:10, type:1, protocol:0
[   87.279290] firmadyne: sys_socket[PID: 1312 (brctl)]: family:2, type:2, protocol:0
[   87.286879] firmadyne: sys_socket[PID: 1312 (brctl)]: family:10, type:1, protocol:0
start fresetd ...
enable LAN ports ...
[   87.560699] firmadyne: sys_socket[PID: 1314 (servd)]: family:1, type:2, protocol:0
Factory reset time : 5 secs
System reset time  : 1 secs
WPS command : [/etc/templates/wps.sh pbc &]
[   87.719579] firmadyne: sys_socket[PID: 1305 (httpd)]: family:10, type:2, protocol:6
[   87.720925] firmadyne: sys_setsockopt[PID: 1305 (httpd)]: fd:4, level:65535, optname:4
[/etc/scripts/enlan.sh] ...
/dev/gpio: No such device or address
[   87.769965] firmadyne: sys_socket[PID: 1317 (fresetd)]: family:1, type:1, protocol:0
 Generate channel table according to the country code...
[   87.949705] firmadyne: sys_socket[PID: 1328 (httpd)]: family:1, type:1, protocol:0
[   87.975827] firmadyne: sys_socket[PID: 1330 (genchanneltable)]: family:1, type:2, protocol:0
[   87.993694] firmadyne: sys_socket[PID: 1330 (genchanneltable)]: family:1, type:2, protocol:0
[   87.999432] firmadyne: sys_socket[PID: 1330 (genchanneltable)]: family:1, type:2, protocol:0
[   88.032991] firmadyne: sys_socket[PID: 1331 (getsys)]: family:1, type:2, protocol:0
UNKNOW country code!! Use USA for default!!
[   88.140848] firmadyne: sys_socket[PID: 1330 (genchanneltable)]: family:1, type:2, protocol:0
[   88.145033] firmadyne: sys_socket[PID: 1331 (getsys)]: family:1, type:2, protocol:0
[   88.153591] firmadyne: sys_socket[PID: 1331 (getsys)]: family:1, type:2, protocol:0
[   88.160569] firmadyne: sys_socket[PID: 1330 (genchanneltable)]: family:1, type:2, protocol:0
[   88.165030] firmadyne: sys_socket[PID: 1331 (getsys)]: family:1, type:2, protocol:0
[   88.171942] firmadyne: sys_socket[PID: 1330 (genchanneltable)]: family:1, type:2, protocol:0
[   88.177124] firmadyne: sys_socket[PID: 1331 (getsys)]: family:1, type:2, protocol:0
[   88.183805] firmadyne: sys_socket[PID: 1330 (genchanneltable)]: family:1, type:2, protocol:0
[   88.188888] firmadyne: sys_socket[PID: 1331 (getsys)]: family:1, type:2, protocol:0
[   88.195536] firmadyne: sys_socket[PID: 1330 (genchanneltable)]: family:1, type:2, protocol:0
[   88.200469] firmadyne: sys_socket[PID: 1331 (getsys)]: family:1, type:2, protocol:0
[   88.207288] firmadyne: sys_socket[PID: 1330 (genchanneltable)]: family:1, type:2, protocol:0
[   88.212395] firmadyne: sys_socket[PID: 1331 (getsys)]: family:1, type:2, protocol:0
[   88.219491] firmadyne: sys_socket[PID: 1330 (genchanneltable)]: family:1, type:2, protocol:0
[   88.225124] firmadyne: sys_socket[PID: 1331 (getsys)]: family:1, type:2, protocol:0
[   88.232411] firmadyne: sys_socket[PID: 1330 (genchanneltable)]: family:1, type:2, protocol:0
[   88.237007] firmadyne: sys_socket[PID: 1331 (getsys)]: family:1, type:2, protocol:0
[   88.244415] firmadyne: sys_socket[PID: 1330 (genchanneltable)]: family:1, type:2, protocol:0
[   88.248833] firmadyne: sys_socket[PID: 1331 (getsys)]: family:1, type:2, protocol:0
[   88.256281] firmadyne: sys_socket[PID: 1330 (genchanneltable)]: family:1, type:2, protocol:0
[   88.260700] firmadyne: sys_socket[PID: 1331 (getsys)]: family:1, type:2, protocol:0
[   88.268317] firmadyne: sys_socket[PID: 1330 (genchanneltable)]: family:1, type:2, protocol:0
[   88.272807] firmadyne: sys_socket[PID: 1331 (getsys)]: family:1, type:2, protocol:0
[   88.280420] firmadyne: sys_socket[PID: 1330 (genchanneltable)]: family:1, type:2, protocol:0
[   88.284865] firmadyne: sys_socket[PID: 1331 (getsys)]: family:1, type:2, protocol:0
[   88.292347] firmadyne: sys_socket[PID: 1330 (genchanneltable)]: family:1, type:2, protocol:0
[   88.296844] firmadyne: sys_socket[PID: 1331 (getsys)]: family:1, type:2, protocol:0
[   88.304330] firmadyne: sys_socket[PID: 1330 (genchanneltable)]: family:1, type:2, protocol:0
[   88.308813] firmadyne: sys_socket[PID: 1331 (getsys)]: family:1, type:2, protocol:0
[   88.316349] firmadyne: sys_socket[PID: 1330 (genchanneltable)]: family:1, type:2, protocol:0
[   88.320843] firmadyne: sys_socket[PID: 1331 (getsys)]: family:1, type:2, protocol:0
[   88.328251] firmadyne: sys_socket[PID: 1330 (genchanneltable)]: family:1, type:2, protocol:0
[   88.340114] firmadyne: sys_socket[PID: 1331 (getsys)]: family:1, type:2, protocol:0
[   88.343944] firmadyne: sys_socket[PID: 1330 (genchanneltable)]: family:1, type:2, protocol:0
[   88.352469] firmadyne: sys_socket[PID: 1330 (genchanneltable)]: family:1, type:2, protocol:0
[   88.370138] firmadyne: sys_socket[PID: 1330 (genchanneltable)]: family:1, type:2, protocol:0
[   88.377543] firmadyne: sys_socket[PID: 1330 (genchanneltable)]: family:1, type:2, protocol:0
[   88.387214] firmadyne: sys_socket[PID: 1330 (genchanneltable)]: family:1, type:2, protocol:0
[   88.393763] firmadyne: sys_socket[PID: 1330 (genchanneltable)]: family:1, type:2, protocol:0
[   88.406189] firmadyne: sys_socket[PID: 1330 (genchanneltable)]: family:1, type:2, protocol:0
[   88.412603] firmadyne: sys_socket[PID: 1330 (genchanneltable)]: family:1, type:2, protocol:0
[   88.422975] firmadyne: sys_socket[PID: 1330 (genchanneltable)]: family:1, type:2, protocol:0
[   88.430058] firmadyne: sys_socket[PID: 1330 (genchanneltable)]: family:1, type:2, protocol:0
[   88.439962] firmadyne: sys_socket[PID: 1330 (genchanneltable)]: family:1, type:2, protocol:0
[   88.452483] firmadyne: sys_socket[PID: 1330 (genchanneltable)]: family:1, type:2, protocol:0
[   88.459257] firmadyne: sys_socket[PID: 1330 (genchanneltable)]: family:1, type:2, protocol:0
/dev/gpio: No such device or address
 Generate VLAN table according to the port...
[   88.549588] firmadyne: sys_socket[PID: 1339 (genVLANTableByP)]: family:1, type:2, protocol:0
[   88.557456] firmadyne: sys_socket[PID: 1339 (genVLANTableByP)]: family:1, type:2, protocol:0
[   88.563237] firmadyne: sys_socket[PID: 1339 (genVLANTableByP)]: family:1, type:2, protocol:0
[   88.568809] firmadyne: sys_socket[PID: 1339 (genVLANTableByP)]: family:1, type:2, protocol:0
[   88.575619] firmadyne: sys_socket[PID: 1339 (genVLANTableByP)]: family:1, type:2, protocol:0
[   88.581522] firmadyne: sys_socket[PID: 1339 (genVLANTableByP)]: family:1, type:2, protocol:0
[   88.587767] firmadyne: sys_socket[PID: 1339 (genVLANTableByP)]: family:1, type:2, protocol:0
[   88.595173] firmadyne: sys_socket[PID: 1339 (genVLANTableByP)]: family:1, type:2, protocol:0
[   88.601109] firmadyne: sys_socket[PID: 1339 (genVLANTableByP)]: family:1, type:2, protocol:0
[   88.607138] firmadyne: sys_socket[PID: 1339 (genVLANTableByP)]: family:1, type:2, protocol:0
[   88.613900] firmadyne: sys_socket[PID: 1339 (genVLANTableByP)]: family:1, type:2, protocol:0
[   88.619783] firmadyne: sys_socket[PID: 1339 (genVLANTableByP)]: family:1, type:2, protocol:0
[   88.626181] firmadyne: sys_socket[PID: 1339 (genVLANTableByP)]: family:1, type:2, protocol:0
[   88.631878] firmadyne: sys_socket[PID: 1339 (genVLANTableByP)]: family:1, type:2, protocol:0
[   88.638320] firmadyne: sys_socket[PID: 1339 (genVLANTableByP)]: family:1, type:2, protocol:0
[   88.643921] firmadyne: sys_socket[PID: 1339 (genVLANTableByP)]: family:1, type:2, protocol:0
[   88.650298] firmadyne: sys_socket[PID: 1339 (genVLANTableByP)]: family:1, type:2, protocol:0
[   88.655995] firmadyne: sys_socket[PID: 1339 (genVLANTableByP)]: family:1, type:2, protocol:0
[   88.662436] firmadyne: sys_socket[PID: 1339 (genVLANTableByP)]: family:1, type:2, protocol:0
[   88.668369] firmadyne: sys_socket[PID: 1339 (genVLANTableByP)]: family:1, type:2, protocol:0
[   88.675151] firmadyne: sys_socket[PID: 1339 (genVLANTableByP)]: family:1, type:2, protocol:0
