[    0.000000] Linux version 4.1.17+ (alessio@pc) (gcc version 5.5.0 20171010 (Ubuntu 5.5.0-12ubuntu1) ) #1 Mon May 15 23:04:08 CEST 2023
[    0.000000] earlycon: Early serial console at I/O port 0x3f8 (options '38400n8')
[    0.000000] bootconsole [uart0] enabled
[    0.000000] CPU0 revision is: 00019300 (MIPS 24Kc)
[    0.000000] FPU revision is: 00739300
[    0.000000] Software DMA cache coherency enabled
[    0.000000] Determined physical RAM map:
[    0.000000]  memory: 00001000 @ 00000000 (reserved)
[    0.000000]  memory: 000ef000 @ 00001000 (ROM data)
[    0.000000]  memory: 00798000 @ 000f0000 (reserved)
[    0.000000]  memory: 0f777000 @ 00888000 (usable)
[    0.000000] debug: ignoring loglevel setting.
[    0.000000] Wasting 69888 bytes for tracking 2184 unused pages
[    0.000000] Initrd not found or empty - disabling initrd
[    0.000000] Zone ranges:
[    0.000000]   DMA      [mem 0x0000000000000000-0x0000000000ffffff]
[    0.000000]   Normal   [mem 0x0000000001000000-0x000000000fffefff]
[    0.000000] Movable zone start for each node
[    0.000000] Early memory node ranges
[    0.000000]   node   0: [mem 0x0000000000000000-0x000000000fffefff]
[    0.000000] Initmem setup node 0 [mem 0x0000000000000000-0x000000000fffefff]
[    0.000000] On node 0 totalpages: 65535
[    0.000000] free_area_init_node: node 0, pgdat 8081d5b0, node_mem_map 81000000
[    0.000000]   DMA zone: 32 pages used for memmap
[    0.000000]   DMA zone: 0 pages reserved
[    0.000000]   DMA zone: 4096 pages, LIFO batch:0
[    0.000000]   Normal zone: 480 pages used for memmap
[    0.000000]   Normal zone: 61439 pages, LIFO batch:15
[    0.000000] Primary instruction cache 2kB, VIPT, 2-way, linesize 16 bytes.
[    0.000000] Primary data cache 2kB, 2-way, VIPT, no aliases, linesize 16 bytes
[    0.000000] pcpu-alloc: s0 r0 d32768 u32768 alloc=1*32768
[    0.000000] pcpu-alloc: [0] 0 
[    0.000000] Built 1 zonelists in Zone order, mobility grouping on.  Total pages: 65023
[    0.000000] Kernel command line: root=/dev/sda1 console=ttyS0 nandsim.parts=64,64,64,64,64,64,64,64,64,64 rdinit=/firmadyne/preInit.sh rw debug ignore_loglevel print-fatal-signals=1 FIRMAE_NET=true FIRMAE_NVRAM=true FIRMAE_KERNEL=true FIRMAE_ETC=true user_debug=0 firmadyne.syscall=1 noka
[    0.000000] found FIRMAE_KERNEL=t
[    0.000000] set the LD_PRELOAD=/firmadyne/libnvram_ioctl.so
[    0.000000] PID hash table entries: 1024 (order: 0, 4096 bytes)
[    0.000000] Dentry cache hash table entries: 32768 (order: 5, 131072 bytes)
[    0.000000] Inode-cache hash table entries: 16384 (order: 4, 65536 bytes)
[    0.000000] Writing ErrCtl register=00000000
[    0.000000] Readback ErrCtl register=00000000
[    0.000000] Memory: 251112K/262140K available (5360K kernel code, 244K rwdata, 1676K rodata, 260K init, 158K bss, 11028K reserved, 0K cma-reserved)
[    0.000000] NR_IRQS:256
[    0.000000] CPU frequency 200.00 MHz
[    0.000000] clocksource MIPS: mask: 0xffffffff max_cycles: 0xffffffff, max_idle_ns: 19112510819 ns
[    0.000214] sched_clock: 32 bits at 100MHz, resolution 9ns, wraps every 21474731003ns
[    6.024270] spurious 8259A interrupt: IRQ7.
[    6.026677] Console: colour dummy device 80x25
[    6.028453] Calibrating delay loop... 23.84 BogoMIPS (lpj=47680)
[    6.086148] pid_max: default: 32768 minimum: 301
[    6.090905] Mount-cache hash table entries: 1024 (order: 0, 4096 bytes)
[    6.091504] Mountpoint-cache hash table entries: 1024 (order: 0, 4096 bytes)
[    6.161844] clocksource jiffies: mask: 0xffffffff max_cycles: 0xffffffff, max_idle_ns: 7645041785100000 ns
[    6.174032] NET: Registered protocol family 16
[    6.479776] clocksource pit: mask: 0xffffffff max_cycles: 0xffffffff, max_idle_ns: 1601818034827 ns
[    6.646563] vgaarb: loaded
[    6.652711] SCSI subsystem initialized
[    6.655427] libata version 3.00 loaded.
[    6.660212] usbcore: registered new interface driver usbfs
[    6.661767] usbcore: registered new interface driver hub
[    6.663143] usbcore: registered new device driver usb
[    6.666028] pps_core: LinuxPPS API ver. 1 registered
[    6.666443] pps_core: Software ver. 5.3.6 - Copyright 2005-2007 Rodolfo Giometti <giometti@linux.it>
[    6.667707] PTP clock support registered
[    6.672845] PCI host bridge to bus 0000:00
[    6.673645] pci_bus 0000:00: root bus resource [mem 0x10000000-0x17ffffff]
[    6.674297] pci_bus 0000:00: root bus resource [io  0x1000-0x1fffff]
[    6.674938] pci_bus 0000:00: root bus resource [??? 0x00000000 flags 0x0]
[    6.675728] pci_bus 0000:00: No busn resource found for root bus, will use [bus 00-ff]
[    6.677111] pci 0000:00:00.0: [11ab:4620] type 00 class 0x060000
[    6.678092] pci 0000:00:00.0: [Firmware Bug]: reg 0x14: invalid BAR (can't size)
[    6.678723] pci 0000:00:00.0: [Firmware Bug]: reg 0x18: invalid BAR (can't size)
[    6.679341] pci 0000:00:00.0: [Firmware Bug]: reg 0x1c: invalid BAR (can't size)
[    6.680172] pci 0000:00:00.0: [Firmware Bug]: reg 0x20: invalid BAR (can't size)
[    6.680813] pci 0000:00:00.0: [Firmware Bug]: reg 0x24: invalid BAR (can't size)
[    6.685193] pci 0000:00:0a.0: [8086:7110] type 00 class 0x060100
[    6.689031] pci 0000:00:0a.1: [8086:7111] type 00 class 0x010180
[    6.689859] pci 0000:00:0a.1: reg 0x20: [io  0x0000-0x000f]
[    6.690503] pci 0000:00:0a.1: legacy IDE quirk: reg 0x10: [io  0x01f0-0x01f7]
[    6.691121] pci 0000:00:0a.1: legacy IDE quirk: reg 0x14: [io  0x03f6]
[    6.691729] pci 0000:00:0a.1: legacy IDE quirk: reg 0x18: [io  0x0170-0x0177]
[    6.692365] pci 0000:00:0a.1: legacy IDE quirk: reg 0x1c: [io  0x0376]
[    6.695951] pci 0000:00:0a.2: [8086:7112] type 00 class 0x0c0300
[    6.696837] pci 0000:00:0a.2: reg 0x20: [io  0x0000-0x001f]
[    6.700234] pci 0000:00:0a.3: [8086:7113] type 00 class 0x068000
[    6.701800] pci 0000:00:0a.3: quirk: [io  0x1000-0x103f] claimed by PIIX4 ACPI
[    6.702495] pci 0000:00:0a.3: quirk: [io  0x1100-0x110f] claimed by PIIX4 SMB
[    6.706119] pci 0000:00:12.0: [1013:00b8] type 00 class 0x030000
[    6.706794] pci 0000:00:12.0: reg 0x10: [mem 0x00000000-0x01ffffff pref]
[    6.707425] pci 0000:00:12.0: reg 0x14: [mem 0x00000000-0x00000fff]
[    6.708138] pci 0000:00:12.0: reg 0x30: [mem 0x00000000-0x0000ffff pref]
[    6.711203] vgaarb: device added: PCI:0000:00:12.0,decodes=io+mem,owns=none,locks=none
[    6.712568] pci 0000:00:13.0: [8086:100e] type 00 class 0x020000
[    6.713388] pci 0000:00:13.0: reg 0x10: [mem 0x00000000-0x0001ffff]
[    6.714001] pci 0000:00:13.0: reg 0x14: [io  0x0000-0x003f]
[    6.714673] pci 0000:00:13.0: reg 0x30: [mem 0x00000000-0x0003ffff pref]
[    6.718191] pci 0000:00:14.0: [8086:100e] type 00 class 0x020000
[    6.718859] pci 0000:00:14.0: reg 0x10: [mem 0x00000000-0x0001ffff]
[    6.719461] pci 0000:00:14.0: reg 0x14: [io  0x0000-0x003f]
[    6.720133] pci 0000:00:14.0: reg 0x30: [mem 0x00000000-0x0003ffff pref]
[    6.723754] pci 0000:00:15.0: [8086:100e] type 00 class 0x020000
[    6.724403] pci 0000:00:15.0: reg 0x10: [mem 0x00000000-0x0001ffff]
[    6.725007] pci 0000:00:15.0: reg 0x14: [io  0x0000-0x003f]
[    6.725849] pci 0000:00:15.0: reg 0x30: [mem 0x00000000-0x0003ffff pref]
[    6.729166] pci 0000:00:16.0: [8086:100e] type 00 class 0x020000
[    6.729981] pci 0000:00:16.0: reg 0x10: [mem 0x00000000-0x0001ffff]
[    6.730600] pci 0000:00:16.0: reg 0x14: [io  0x0000-0x003f]
[    6.731276] pci 0000:00:16.0: reg 0x30: [mem 0x00000000-0x0003ffff pref]
[    6.734971] pci_bus 0000:00: busn_res: [bus 00-ff] end is updated to 00
[    6.736616] pci 0000:00:12.0: BAR 0: assigned [mem 0x10000000-0x11ffffff pref]
[    6.737432] pci 0000:00:13.0: BAR 6: assigned [mem 0x12000000-0x1203ffff pref]
[    6.738338] pci 0000:00:14.0: BAR 6: assigned [mem 0x12040000-0x1207ffff pref]
[    6.739040] pci 0000:00:15.0: BAR 6: assigned [mem 0x12080000-0x120bffff pref]
[    6.739746] pci 0000:00:16.0: BAR 6: assigned [mem 0x120c0000-0x120fffff pref]
[    6.740423] pci 0000:00:13.0: BAR 0: assigned [mem 0x12100000-0x1211ffff]
[    6.741097] pci 0000:00:14.0: BAR 0: assigned [mem 0x12120000-0x1213ffff]
[    6.741786] pci 0000:00:15.0: BAR 0: assigned [mem 0x12140000-0x1215ffff]
[    6.742649] pci 0000:00:16.0: BAR 0: assigned [mem 0x12160000-0x1217ffff]
[    6.743342] pci 0000:00:12.0: BAR 6: assigned [mem 0x12180000-0x1218ffff pref]
[    6.744029] pci 0000:00:12.0: BAR 1: assigned [mem 0x12190000-0x12190fff]
[    6.744705] pci 0000:00:13.0: BAR 1: assigned [io  0x1040-0x107f]
[    6.745326] pci 0000:00:14.0: BAR 1: assigned [io  0x1080-0x10bf]
[    6.745947] pci 0000:00:15.0: BAR 1: assigned [io  0x10c0-0x10ff]
[    6.746732] pci 0000:00:16.0: BAR 1: assigned [io  0x1400-0x143f]
[    6.747373] pci 0000:00:0a.2: BAR 4: assigned [io  0x1440-0x145f]
[    6.748009] pci 0000:00:0a.1: BAR 4: assigned [io  0x1460-0x146f]
[    6.767485] cfg80211: Calling CRDA to update world regulatory domain
[    6.782632] Switched to clocksource MIPS
[    6.911758] NET: Registered protocol family 2
[    6.925304] TCP established hash table entries: 2048 (order: 1, 8192 bytes)
[    6.926749] TCP bind hash table entries: 2048 (order: 1, 8192 bytes)
[    6.927960] TCP: Hash tables configured (established 2048 bind 2048)
[    6.929146] UDP hash table entries: 256 (order: 0, 4096 bytes)
[    6.929911] UDP-Lite hash table entries: 256 (order: 0, 4096 bytes)
[    6.934409] NET: Registered protocol family 1
[    6.936477] PCI: Enabling device 0000:00:0a.2 (0000 -> 0001)
[    6.938119] PCI: CLS 0 bytes, default 16
[    6.974414] futex hash table entries: 256 (order: -1, 3072 bytes)
[    6.993476] squashfs: version 4.0 (2009/01/31) Phillip Lougher
[    6.996457] jffs2: version 2.2. (NAND) Â© 2001-2006 Red Hat, Inc.
[    7.000395] romfs: ROMFS MTD (C) 2007 Red Hat, Inc.
[    7.028419] Block layer SCSI generic (bsg) driver version 0.4 loaded (major 251)
[    7.029155] io scheduler noop registered
[    7.029949] io scheduler cfq registered (default)
[    7.031291] firmadyne: devfs: 1, execute: 1, procfs: 1, syscall: 1
[    7.037753] firmadyne: Cannot register character device: gpio, 0xfc, 0x0!
[    7.047630] firmadyne: Cannot register character device: watchdog, 0xa, 0x82!
[    7.048181] firmadyne: Cannot register character device: wdt, 0xfd, 0x0!
[    9.004333] strName = 4.1.17+
[    9.004333] init_task_addr  = 2155778944
[    9.004333] init_task_size  = 1296
[    9.004333] ts_tasks        = 292
[    9.004333] ts_pid          = 408
[    9.004333] ts_tgid         = 412
[    9.004333] ts_group_leader = 440
[    9.004333] ts_thread_group = 496
[    9.004333] ts_real_parent  = 416
[    9.004333] ts_mm           = 300
[    9.004333] ts_stack        = 4
[    9.007137] module_name   = 12
[    9.007137] module_size   = 208
[    9.007137] module_init   = 200
[    9.007137] module_list   = 4
[    9.008183] ts_real_cred    = 624
[    9.008183] ts_cred         = 628
[    9.008183] ts_comm         = 632
[    9.008183] cred_uid        = 4
[    9.008183] cred_gid        = 8
[    9.008183] cred_euid       = 20
[    9.008183] cred_egid       = 24
[    9.009863] mm_mmap         = 0
[    9.009863] mm_pgd          = 32
[    9.009863] mm_arg_start    = 136
[    9.009863] mm_start_brk    = 124
[    9.009863] mm_brk          = 128
[    9.009863] mm_start_stack  = 132
[    9.011622] vma_vm_start    = 0
[    9.011622] vma_vm_end      = 4
[    9.011622] vma_vm_next     = 8
[    9.011622] vma_vm_file     = 80
[    9.011622] vma_vm_flags    = 40
[    9.011622] vma_vm_pgoff    = 76
[    9.013098] file_dentry     = 12
[    9.013098] file_inode      = 40
[    9.013098] dentry_d_name   = 24
[    9.013098] dentry_d_iname  = 44
[    9.013098] dentry_d_parent = 16
[    9.013098] ti_task         = 0
[    9.013098] inode_ino   = 28
[   10.242822] proc_fork_connector  = 2151078840
[   10.243258] proc_exit_connector  = 2151080432
[   10.243636] proc_exec_connector  = 2151079052
[   10.243994] vma_link  = 2149124372
[   10.244308] vma_adjust  = 2149124540
[   10.244633] remove_vma  = 2149122188
[   10.244957] modules  = 2155833724
[   10.245275] trim_init_extable  = 2150545316
[   10.247056] cfg80211: Calling CRDA to update world regulatory domain
[   10.251231] PCI: Enabling device 0000:00:12.0 (0000 -> 0002)
[   10.252662] cirrusfb 0000:00:12.0: Cirrus Logic chipset on PCI bus, RAM (4096 kB) at 0x10000000
[   10.503016] Console: switching to colour frame buffer device 80x30
[   10.582167] Serial: 8250/16550 driver, 4 ports, IRQ sharing enabled
[   10.599039] console [ttyS0] disabled
[   10.627712] serial8250.0: ttyS0 at I/O 0x3f8 (irq = 4, base_baud = 115200) is a 16550A
[   10.628988] console [ttyS0] enabled
[   10.628988] console [ttyS0] enabled
[   10.629638] bootconsole [uart0] disabled
[   10.629638] bootconsole [uart0] disabled
[   10.662142] serial8250.0: ttyS1 at I/O 0x2f8 (irq = 3, base_baud = 115200) is a 16550A
[   10.801900] brd: module loaded
[   10.875461] loop: module loaded
[   10.883430] ata_piix 0000:00:0a.1: version 2.13
[   10.884103] PCI: Enabling device 0000:00:0a.1 (0000 -> 0001)
[   10.914129] scsi host0: ata_piix
[   10.920784] scsi host1: ata_piix
[   10.925268] ata1: PATA max UDMA/33 cmd 0x1f0 ctl 0x3f6 bmdma 0x1460 irq 14
[   10.925871] ata2: PATA max UDMA/33 cmd 0x170 ctl 0x376 bmdma 0x1468 irq 15
[   10.933689] [nandsim] warning: read_byte: unexpected data output cycle, state is STATE_READY return 0x0
[   10.934368] [nandsim] warning: read_byte: unexpected data output cycle, state is STATE_READY return 0x0
[   10.935263] [nandsim] warning: read_byte: unexpected data output cycle, state is STATE_READY return 0x0
[   10.935923] [nandsim] warning: read_byte: unexpected data output cycle, state is STATE_READY return 0x0
[   10.936575] [nandsim] warning: read_byte: unexpected data output cycle, state is STATE_READY return 0x0
[   10.937256] [nandsim] warning: read_byte: unexpected data output cycle, state is STATE_READY return 0x0
[   10.938110] nand: device found, Manufacturer ID: 0x98, Chip ID: 0x39
[   10.938786] nand: Toshiba NAND 128MiB 1,8V 8-bit
[   10.939251] nand: 128 MiB, SLC, erase size: 16 KiB, page size: 512, OOB size: 16
[   10.941141] flash size: 128 MiB
[   10.941447] page size: 512 bytes
[   10.941755] OOB area size: 16 bytes
[   10.942064] sector size: 16 KiB
[   10.942354] pages number: 262144
[   10.942850] pages per sector: 32
[   10.943146] bus width: 8
[   10.943408] bits in sector size: 14
[   10.943722] bits in page size: 9
[   10.944022] bits in OOB size: 4
[   10.944322] flash size with OOB: 135168 KiB
[   10.944668] page address bytes: 4
[   10.944975] sector address bytes: 3
[   10.945281] options: 0x42
[   11.043824] Scanning device for bad blocks
[   12.454825] ata1.01: NODEV after polling detection
[   12.455963] ata2.01: NODEV after polling detection
[   12.458207] ata2.00: ATAPI: QEMU DVD-ROM, 2.5+, max UDMA/100
[   12.462225] ata1.00: ATA-7: QEMU HARDDISK, 2.5+, max UDMA/100
[   12.463131] ata1.00: 2097152 sectors, multi 16: LBA48 
[   12.469574] ata2.00: configured for UDMA/33
[   12.473333] ata1.00: configured for UDMA/33
[   12.483057] scsi 0:0:0:0: Direct-Access     ATA      QEMU HARDDISK    2.5+ PQ: 0 ANSI: 5
[   12.501732] sd 0:0:0:0: [sda] 2097152 512-byte logical blocks: (1.07 GB/1.00 GiB)
[   12.503787] scsi 1:0:0:0: CD-ROM            QEMU     QEMU DVD-ROM     2.5+ PQ: 0 ANSI: 5
[   12.518884] sd 0:0:0:0: [sda] Write Protect is off
[   12.519515] sd 0:0:0:0: [sda] Mode Sense: 00 3a 00 00
[   12.521343] sd 0:0:0:0: [sda] Write cache: enabled, read cache: enabled, doesn't support DPO or FUA
[   12.534742]  sda: sda1
[   12.548976] sd 0:0:0:0: [sda] Attached SCSI disk
[   12.549669] Creating 11 MTD partitions on "NAND 128MiB 1,8V 8-bit":
[   12.550453] 0x000000000000-0x000000100000 : "NAND simulator partition 0"
[   12.563752] 0x000000100000-0x000000200000 : "NAND simulator partition 1"
[   12.576165] 0x000000200000-0x000000300000 : "NAND simulator partition 2"
[   12.588888] 0x000000300000-0x000000400000 : "NAND simulator partition 3"
[   12.601610] 0x000000400000-0x000000500000 : "NAND simulator partition 4"
[   12.614410] 0x000000500000-0x000000600000 : "NAND simulator partition 5"
[   12.627827] 0x000000600000-0x000000700000 : "NAND simulator partition 6"
[   12.641001] 0x000000700000-0x000000800000 : "NAND simulator partition 7"
[   12.654556] 0x000000800000-0x000000900000 : "NAND simulator partition 8"
[   12.667053] 0x000000900000-0x000000a00000 : "NAND simulator partition 9"
[   12.679428] 0x000000a00000-0x000008000000 : "NAND simulator partition 10"
[   12.733168] tun: Universal TUN/TAP device driver, 1.6
[   12.733609] tun: (C) 1999-2004 Max Krasnyansky <maxk@qualcomm.com>
[   12.737868] pcnet32: pcnet32.c:v1.35 21.Apr.2008 tsbogend@alpha.franken.de
[   12.739587] e1000: Intel(R) PRO/1000 Network Driver - version 7.3.21-k8-NAPI
[   12.740110] e1000: Copyright (c) 1999-2006 Intel Corporation.
[   12.741214] PCI: Enabling device 0000:00:13.0 (0000 -> 0003)
[   13.075449] e1000 0000:00:13.0 eth0: (PCI:33MHz:32-bit) 52:54:00:12:34:56
[   13.076282] e1000 0000:00:13.0 eth0: Intel(R) PRO/1000 Network Connection
[   13.077186] PCI: Enabling device 0000:00:14.0 (0000 -> 0003)
[   13.408192] e1000 0000:00:14.0 eth1: (PCI:33MHz:32-bit) 52:54:00:12:34:57
[   13.408829] e1000 0000:00:14.0 eth1: Intel(R) PRO/1000 Network Connection
[   13.409660] PCI: Enabling device 0000:00:15.0 (0000 -> 0003)
[   13.411766] cfg80211: Calling CRDA to update world regulatory domain
[   13.739398] e1000 0000:00:15.0 eth2: (PCI:33MHz:32-bit) 52:54:00:12:34:58
[   13.740050] e1000 0000:00:15.0 eth2: Intel(R) PRO/1000 Network Connection
[   13.740868] PCI: Enabling device 0000:00:16.0 (0000 -> 0003)
[   14.069524] e1000 0000:00:16.0 eth3: (PCI:33MHz:32-bit) 52:54:00:12:34:59
[   14.070231] e1000 0000:00:16.0 eth3: Intel(R) PRO/1000 Network Connection
[   14.072283] e1000e: Intel(R) PRO/1000 Network Driver - 2.3.2-k
[   14.072734] e1000e: Copyright(c) 1999 - 2014 Intel Corporation.
[   14.078519] PPP generic driver version 2.4.2
[   14.081379] PPP Deflate Compression module registered
[   14.082200] PPP MPPE Compression module registered
[   14.082896] NET: Registered protocol family 24
[   14.083822] ehci_hcd: USB 2.0 'Enhanced' Host Controller (EHCI) Driver
[   14.084451] ehci-pci: EHCI PCI platform driver
[   14.085920] ohci_hcd: USB 1.1 'Open' Host Controller (OHCI) Driver
[   14.086705] ohci-pci: OHCI PCI platform driver
[   14.088153] uhci_hcd: USB Universal Host Controller Interface driver
[   14.090125] uhci_hcd 0000:00:0a.2: UHCI Host Controller
[   14.091339] uhci_hcd 0000:00:0a.2: new USB bus registered, assigned bus number 1
[   14.092620] uhci_hcd 0000:00:0a.2: irq 11, io base 0x00001440
[   14.108480] hub 1-0:1.0: USB hub found
[   14.109467] hub 1-0:1.0: 2 ports detected
[   14.122259] usbcore: registered new interface driver usb-storage
[   14.128100] mousedev: PS/2 mouse device common for all mice
[   14.136386] rtc_cmos rtc_cmos: rtc core: registered rtc_cmos as rtc0
[   14.137338] rtc_cmos rtc_cmos: alarms up to one day, 242 bytes nvram
[   14.139338] i2c /dev entries driver
[   14.140937] piix4_smbus 0000:00:0a.3: SMBus Host Controller at 0x1100, revision 0
[   14.147187] sdhci: Secure Digital Host Controller Interface driver
[   14.147657] sdhci: Copyright(c) Pierre Ossman
[   14.150879] hidraw: raw HID events driver (C) Jiri Kosina
[   14.175715] usbcore: registered new interface driver usbhid
[   14.176178] usbhid: USB HID core driver
[   14.177625] Netfilter messages via NETLINK v0.30.
[   14.179511] nf_conntrack version 0.5.0 (3923 buckets, 15692 max)
[   14.183810] ctnetlink v0.93: registering with nfnetlink.
[   14.191468] ipip: IPv4 over IPv4 tunneling driver
[   14.207593] ip_tables: (C) 2000-2006 Netfilter Core Team
[   14.211352] arp_tables: (C) 2002 David S. Miller
[   14.213725] Initializing XFRM netlink socket
[   14.215444] NET: Registered protocol family 10
[   14.243790] ip6_tables: (C) 2000-2006 Netfilter Core Team
[   14.248679] sit: IPv6 over IPv4 tunneling driver
[   14.271569] NET: Registered protocol family 17
[   14.272752] bridge: automatic filtering via arp/ip/ip6tables has been deprecated. Update your scripts to load br_netfilter if you need this.
[   14.274148] Bridge firewalling registered
[   14.274852] Ebtables v2.0 registered
[   14.278784] 8021q: 802.1Q VLAN Support v1.8
[   14.308378] rtc_cmos rtc_cmos: setting system clock to 2025-07-23 03:11:03 UTC (1753240263)
[   14.336115] EXT2-fs (sda1): warning: mounting unchecked fs, running e2fsck is recommended
[   14.338859] VFS: Mounted root (ext2 filesystem) on device 8:1.
[   14.350892] Freeing YAMON memory: 956k freed
[   14.364698] Freeing unused kernel memory: 260K (8081f000 - 80860000)
[   14.402185] firmadyne: sys_reboot[PID: 1 (init)]: magic1:fee1dead, magic2:28121969, cmd:0
init started: BusyBox v1.14.1 (2024-07-07 02:43:58 CEST)
starting pid 48, tty '': '/etc/init.d/rcS'
[   14.509838] firmadyne: do_execve: /firmadyne/console
[   14.510589] OFFSETS: offset of pid: 0x198 offset of comm: 0x278
[/etc/init.d/S03config.sh]
Mounting proc and var ...
[   16.555026] cfg80211: Calling CRDA to update world regulatory domain
SymbLink /dev/mtdblock/0
SymbLink /dev/mtdblock/1
SymbLink /dev/mtdblock/10
[   19.699035] cfg80211: Calling CRDA to update world regulatory domain
SymbLink /dev/mtdblock/2
SymbLink /dev/mtdblock/3
SymbLink /dev/mtdblock/4
SymbLink /dev/mtdblock/5
SymbLink /dev/mtdblock/6
SymbLink /dev/mtdblock/7
SymbLink /dev/mtdblock/8
SymbLink /dev/mtdblock/9
Inserting kernel modules ...
Inserting Rebootm ...
Inserting atheros ethernet ...
Inserting gpio ...
done.
Start xmldb ...
[   21.518040] firmadyne: sys_socket[PID: 147 (xmldb)]: family:1, type:2, protocol:0
[   21.521939] random: nonblocking pool is initialized
[/etc/scripts/misc/profile.sh] get ...
DEVCONF: unable to read config data (ret=-3) !
CAN NOT get devive config, generate default!
[/etc/scripts/misc/profile.sh] reset ...
[   22.843109] cfg80211: Calling CRDA to update world regulatory domain
[   23.082253] firmadyne: sys_socket[PID: 160 (rgdb)]: family:1, type:2, protocol:0
[/etc/scripts/misc/defnodes.sh] ...
[/etc/defnodes/S10setext.sh] ...
[   23.517394] firmadyne: sys_socket[PID: 166 (xmldbc)]: family:1, type:2, protocol:0
[   23.581078] firmadyne: sys_socket[PID: 167 (xmldbc)]: family:1, type:2, protocol:0
[   23.643107] firmadyne: sys_socket[PID: 168 (xmldbc)]: family:1, type:2, protocol:0
[   23.705663] firmadyne: sys_socket[PID: 169 (xmldbc)]: family:1, type:2, protocol:0
[   23.766588] firmadyne: sys_socket[PID: 170 (xmldbc)]: family:1, type:2, protocol:0
[   23.828683] firmadyne: sys_socket[PID: 171 (xmldbc)]: family:1, type:2, protocol:0
[   23.892414] firmadyne: sys_socket[PID: 172 (xmldbc)]: family:1, type:2, protocol:0
[   23.953674] firmadyne: sys_socket[PID: 173 (xmldbc)]: family:1, type:2, protocol:0
[   24.014242] firmadyne: sys_socket[PID: 174 (xmldbc)]: family:1, type:2, protocol:0
[   24.077700] firmadyne: sys_socket[PID: 175 (xmldbc)]: family:1, type:2, protocol:0
[   24.137836] firmadyne: sys_socket[PID: 176 (xmldbc)]: family:1, type:2, protocol:0
[   24.199520] firmadyne: sys_socket[PID: 177 (xmldbc)]: family:1, type:2, protocol:0
[   24.262523] firmadyne: sys_socket[PID: 178 (xmldbc)]: family:1, type:2, protocol:0
[   24.323808] firmadyne: sys_socket[PID: 179 (xmldbc)]: family:1, type:2, protocol:0
[   24.385964] firmadyne: sys_socket[PID: 180 (xmldbc)]: family:1, type:2, protocol:0
[   24.449557] firmadyne: sys_socket[PID: 181 (xmldbc)]: family:1, type:2, protocol:0
[   24.513403] firmadyne: sys_socket[PID: 182 (xmldbc)]: family:1, type:2, protocol:0
[   24.575044] firmadyne: sys_socket[PID: 183 (xmldbc)]: family:1, type:2, protocol:0
[   24.636384] firmadyne: sys_socket[PID: 184 (xmldbc)]: family:1, type:2, protocol:0
[   24.699890] firmadyne: sys_socket[PID: 185 (xmldbc)]: family:1, type:2, protocol:0
[   24.762683] firmadyne: sys_socket[PID: 186 (xmldbc)]: family:1, type:2, protocol:0
[   24.824867] firmadyne: sys_socket[PID: 187 (rgdb)]: family:1, type:2, protocol:0
[   24.889467] firmadyne: sys_socket[PID: 188 (rgdb)]: family:1, type:2, protocol:0
[   24.951730] firmadyne: sys_socket[PID: 189 (rgdb)]: family:1, type:2, protocol:0
[   25.014957] firmadyne: sys_socket[PID: 190 (rgdb)]: family:1, type:2, protocol:0
[   25.078330] firmadyne: sys_socket[PID: 191 (rgdb)]: family:1, type:2, protocol:0
[   25.140828] firmadyne: sys_socket[PID: 192 (rgdb)]: family:1, type:2, protocol:0
[   25.202503] firmadyne: sys_socket[PID: 193 (rgdb)]: family:1, type:2, protocol:0
[   25.265989] firmadyne: sys_socket[PID: 194 (rgdb)]: family:1, type:2, protocol:0
[   25.328272] firmadyne: sys_socket[PID: 195 (rgdb)]: family:1, type:2, protocol:0
[   25.389668] firmadyne: sys_socket[PID: 196 (rgdb)]: family:1, type:2, protocol:0
[   25.451965] firmadyne: sys_socket[PID: 197 (rgdb)]: family:1, type:2, protocol:0
[   25.515979] firmadyne: sys_socket[PID: 198 (rgdb)]: family:1, type:2, protocol:0
[   25.577719] firmadyne: sys_socket[PID: 199 (rgdb)]: family:1, type:2, protocol:0
[   25.639393] firmadyne: sys_socket[PID: 200 (rgdb)]: family:1, type:2, protocol:0
[   25.780777] firmadyne: sys_socket[PID: 202 (xmldbc)]: family:1, type:2, protocol:0
[   25.843996] firmadyne: sys_socket[PID: 203 (xmldbc)]: family:1, type:2, protocol:0
[   25.907454] firmadyne: sys_socket[PID: 204 (xmldbc)]: family:1, type:2, protocol:0
[   25.969390] firmadyne: sys_socket[PID: 205 (xmldbc)]: family:1, type:2, protocol:0
[   25.987100] cfg80211: Calling CRDA to update world regulatory domain
[   26.045761] firmadyne: sys_socket[PID: 206 (xmldbc)]: family:1, type:2, protocol:0
[   26.110172] firmadyne: sys_socket[PID: 208 (xmldbc)]: family:1, type:2, protocol:0
[   26.172747] firmadyne: sys_socket[PID: 209 (xmldbc)]: family:1, type:2, protocol:0
[   26.234676] firmadyne: sys_socket[PID: 210 (xmldbc)]: family:1, type:2, protocol:0
[   26.298260] firmadyne: sys_socket[PID: 211 (xmldbc)]: family:1, type:2, protocol:0
[   26.361328] firmadyne: sys_socket[PID: 212 (xmldbc)]: family:1, type:2, protocol:0
[   26.423006] firmadyne: sys_socket[PID: 213 (xmldbc)]: family:1, type:2, protocol:0
[   26.488101] firmadyne: sys_socket[PID: 214 (xmldbc)]: family:1, type:2, protocol:0
[   26.551043] firmadyne: sys_socket[PID: 215 (xmldbc)]: family:1, type:2, protocol:0
[   26.613978] firmadyne: sys_socket[PID: 216 (xmldbc)]: family:1, type:2, protocol:0
[   26.677643] firmadyne: sys_socket[PID: 217 (xmldbc)]: family:1, type:2, protocol:0
[   26.739902] firmadyne: sys_socket[PID: 218 (xmldbc)]: family:1, type:2, protocol:0
[   26.802088] firmadyne: sys_socket[PID: 219 (xmldbc)]: family:1, type:2, protocol:0
[   26.867597] firmadyne: sys_socket[PID: 220 (xmldbc)]: family:1, type:2, protocol:0
[   27.096028] firmadyne: sys_socket[PID: 225 (xmldbc)]: family:1, type:2, protocol:0
[   27.157210] firmadyne: sys_socket[PID: 226 (xmldbc)]: family:1, type:2, protocol:0
[   27.219663] firmadyne: sys_socket[PID: 227 (xmldbc)]: family:1, type:2, protocol:0
[   27.283134] firmadyne: sys_socket[PID: 228 (xmldbc)]: family:1, type:2, protocol:0
[   27.345386] firmadyne: sys_socket[PID: 229 (xmldbc)]: family:1, type:2, protocol:0
[   27.407474] firmadyne: sys_socket[PID: 230 (xmldbc)]: family:1, type:2, protocol:0
[   27.472682] firmadyne: sys_socket[PID: 231 (xmldbc)]: family:1, type:2, protocol:0
[   27.534360] firmadyne: sys_socket[PID: 232 (xmldbc)]: family:1, type:2, protocol:0
[   27.596786] firmadyne: sys_socket[PID: 233 (xmldbc)]: family:1, type:2, protocol:0
[   27.658271] firmadyne: sys_socket[PID: 234 (xmldbc)]: family:1, type:2, protocol:0
[   27.722204] firmadyne: sys_socket[PID: 235 (xmldbc)]: family:1, type:2, protocol:0
[   27.784586] firmadyne: sys_socket[PID: 236 (xmldbc)]: family:1, type:2, protocol:0
[   27.847550] firmadyne: sys_socket[PID: 237 (xmldbc)]: family:1, type:2, protocol:0
[   27.911632] firmadyne: sys_socket[PID: 238 (xmldbc)]: family:1, type:2, protocol:0
[   44.904869] cfg80211: Calling CRDA to update world regulatory domain
[   44.923932] firmadyne: sys_socket[PID: 239 (xmldbc)]: family:1, type:2, protocol:0
[   44.988383] firmadyne: sys_socket[PID: 241 (xmldbc)]: family:1, type:2, protocol:0
[   45.050285] firmadyne: sys_socket[PID: 242 (xmldbc)]: family:1, type:2, protocol:0
[   45.114277] firmadyne: sys_socket[PID: 243 (xmldbc)]: family:1, type:2, protocol:0
[   54.157042] cfg80211: Calling CRDA to update world regulatory domain
[   54.173431] firmadyne: sys_socket[PID: 244 (xmldbc)]: family:1, type:2, protocol:0
[   54.324870] firmadyne: sys_socket[PID: 249 (xmldbc)]: family:1, type:2, protocol:0
[   54.387236] firmadyne: sys_socket[PID: 250 (xmldbc)]: family:1, type:2, protocol:0
[   54.448486] firmadyne: sys_socket[PID: 251 (xmldbc)]: family:1, type:2, protocol:0
[   58.844664] cfg80211: Calling CRDA to update world regulatory domain
[   58.864560] firmadyne: sys_socket[PID: 252 (xmldbc)]: family:1, type:2, protocol:0
[   58.931860] firmadyne: sys_socket[PID: 254 (xmldbc)]: family:1, type:2, protocol:0
[   58.993668] firmadyne: sys_socket[PID: 255 (xmldbc)]: family:1, type:2, protocol:0
[   59.057168] firmadyne: sys_socket[PID: 256 (xmldbc)]: family:1, type:2, protocol:0
[   65.610163] cfg80211: Calling CRDA to update world regulatory domain
[   65.647402] firmadyne: sys_socket[PID: 257 (xmldbc)]: family:1, type:2, protocol:0
[   65.709765] firmadyne: sys_socket[PID: 259 (xmldbc)]: family:1, type:2, protocol:0
[   65.771470] firmadyne: sys_socket[PID: 260 (xmldbc)]: family:1, type:2, protocol:0
[   65.834434] firmadyne: sys_socket[PID: 261 (xmldbc)]: family:1, type:2, protocol:0
[   79.577629] cfg80211: Exceeded CRDA call max attempts. Not calling CRDA
[   79.600535] firmadyne: sys_socket[PID: 262 (xmldbc)]: family:1, type:2, protocol:0
[   79.663475] firmadyne: sys_socket[PID: 263 (xmldbc)]: family:1, type:2, protocol:0
[   79.724884] firmadyne: sys_socket[PID: 264 (xmldbc)]: family:1, type:2, protocol:0
[   79.787896] firmadyne: sys_socket[PID: 265 (xmldbc)]: family:1, type:2, protocol:0
[   92.179107] firmadyne: sys_socket[PID: 266 (xmldbc)]: family:1, type:2, protocol:0
[   92.241796] firmadyne: sys_socket[PID: 267 (xmldbc)]: family:1, type:2, protocol:0
[   92.304819] firmadyne: sys_socket[PID: 268 (xmldbc)]: family:1, type:2, protocol:0
[   92.368524] firmadyne: sys_socket[PID: 269 (xmldbc)]: family:1, type:2, protocol:0
[  116.318333] firmadyne: sys_socket[PID: 273 (xmldbc)]: family:1, type:2, protocol:0
[  116.380917] firmadyne: sys_socket[PID: 274 (xmldbc)]: family:1, type:2, protocol:0
[  116.442160] firmadyne: sys_socket[PID: 275 (xmldbc)]: family:1, type:2, protocol:0
[  116.505661] firmadyne: sys_socket[PID: 276 (xmldbc)]: family:1, type:2, protocol:0
[  124.401497] firmadyne: sys_socket[PID: 277 (xmldbc)]: family:1, type:2, protocol:0
[  124.465316] firmadyne: sys_socket[PID: 278 (xmldbc)]: family:1, type:2, protocol:0
[  124.527605] firmadyne: sys_socket[PID: 279 (xmldbc)]: family:1, type:2, protocol:0
[  124.592003] firmadyne: sys_socket[PID: 280 (xmldbc)]: family:1, type:2, protocol:0
[  132.673991] firmadyne: sys_socket[PID: 281 (xmldbc)]: family:1, type:2, protocol:0
[  132.736668] firmadyne: sys_socket[PID: 282 (xmldbc)]: family:1, type:2, protocol:0
[  132.797988] firmadyne: sys_socket[PID: 283 (xmldbc)]: family:1, type:2, protocol:0
[  132.861617] firmadyne: sys_socket[PID: 284 (xmldbc)]: family:1, type:2, protocol:0
[  141.459545] firmadyne: sys_socket[PID: 285 (xmldbc)]: family:1, type:2, protocol:0
[  141.521466] firmadyne: sys_socket[PID: 286 (xmldbc)]: family:1, type:2, protocol:0
[  141.577671] firmadyne: sys_socket[PID: 287 (xmldbc)]: family:1, type:2, protocol:0
[  141.640508] firmadyne: sys_socket[PID: 288 (xmldbc)]: family:1, type:2, protocol:0
[  153.919862] firmadyne: sys_socket[PID: 289 (xmldbc)]: family:1, type:2, protocol:0
[  153.984196] firmadyne: sys_socket[PID: 290 (xmldbc)]: family:1, type:2, protocol:0
[  154.046444] firmadyne: sys_socket[PID: 291 (xmldbc)]: family:1, type:2, protocol:0
[  154.195874] firmadyne: sys_socket[PID: 295 (xmldbc)]: family:1, type:2, protocol:0
[  167.503165] firmadyne: sys_socket[PID: 296 (xmldbc)]: family:1, type:2, protocol:0
[  167.567142] firmadyne: sys_socket[PID: 297 (xmldbc)]: family:1, type:2, protocol:0
[  167.628907] firmadyne: sys_socket[PID: 298 (xmldbc)]: family:1, type:2, protocol:0
[  167.690416] firmadyne: sys_socket[PID: 299 (xmldbc)]: family:1, type:2, protocol:0
[  173.218628] firmadyne: sys_socket[PID: 300 (xmldbc)]: family:1, type:2, protocol:0
[  173.281410] firmadyne: sys_socket[PID: 301 (xmldbc)]: family:1, type:2, protocol:0
[  173.350099] firmadyne: sys_socket[PID: 302 (xmldbc)]: family:1, type:2, protocol:0
[  173.414987] firmadyne: sys_socket[PID: 303 (xmldbc)]: family:1, type:2, protocol:0
[  178.528699] firmadyne: sys_socket[PID: 304 (xmldbc)]: family:1, type:2, protocol:0
[  178.590644] firmadyne: sys_socket[PID: 305 (xmldbc)]: family:1, type:2, protocol:0
[  178.652595] firmadyne: sys_socket[PID: 306 (xmldbc)]: family:1, type:2, protocol:0
[  178.715044] firmadyne: sys_socket[PID: 307 (xmldbc)]: family:1, type:2, protocol:0
[  178.772964] firmadyne: sys_socket[PID: 308 (xmldbc)]: family:1, type:2, protocol:0
[  183.921117] firmadyne: sys_socket[PID: 309 (xmldbc)]: family:1, type:2, protocol:0
[  183.984986] firmadyne: sys_socket[PID: 310 (xmldbc)]: family:1, type:2, protocol:0
[  184.046463] firmadyne: sys_socket[PID: 311 (xmldbc)]: family:1, type:2, protocol:0
[  184.109645] firmadyne: sys_socket[PID: 312 (xmldbc)]: family:1, type:2, protocol:0
[  188.963682] firmadyne: sys_socket[PID: 313 (xmldbc)]: family:1, type:2, protocol:0
[  189.109395] firmadyne: sys_socket[PID: 317 (xmldbc)]: family:1, type:2, protocol:0
[  189.172073] firmadyne: sys_socket[PID: 318 (xmldbc)]: family:1, type:2, protocol:0
[  189.233550] firmadyne: sys_socket[PID: 319 (xmldbc)]: family:1, type:2, protocol:0
[  189.304428] firmadyne: sys_socket[PID: 320 (xmldbc)]: family:1, type:2, protocol:0
[  189.367574] firmadyne: sys_socket[PID: 321 (xmldbc)]: family:1, type:2, protocol:0
[  189.428489] firmadyne: sys_socket[PID: 322 (xmldbc)]: family:1, type:2, protocol:0
[  189.490022] firmadyne: sys_socket[PID: 323 (xmldbc)]: family:1, type:2, protocol:0
[  189.554199] firmadyne: sys_socket[PID: 324 (xmldbc)]: family:1, type:2, protocol:0
[  189.616225] firmadyne: sys_socket[PID: 325 (xmldbc)]: family:1, type:2, protocol:0
[  189.677366] firmadyne: sys_socket[PID: 326 (xmldbc)]: family:1, type:2, protocol:0
[  189.737990] firmadyne: sys_socket[PID: 327 (xmldbc)]: family:1, type:2, protocol:0
[  189.801590] firmadyne: sys_socket[PID: 328 (xmldbc)]: family:1, type:2, protocol:0
[  189.863110] firmadyne: sys_socket[PID: 329 (xmldbc)]: family:1, type:2, protocol:0
[  189.924549] firmadyne: sys_socket[PID: 330 (xmldbc)]: family:1, type:2, protocol:0
[  189.988202] firmadyne: sys_socket[PID: 331 (xmldbc)]: family:1, type:2, protocol:0
[  190.051152] firmadyne: sys_socket[PID: 332 (xmldbc)]: family:1, type:2, protocol:0
[  190.112511] firmadyne: sys_socket[PID: 333 (xmldbc)]: family:1, type:2, protocol:0
[  190.175642] firmadyne: sys_socket[PID: 334 (xmldbc)]: family:1, type:2, protocol:0
[  190.237034] firmadyne: sys_socket[PID: 335 (xmldbc)]: family:1, type:2, protocol:0
[  190.385664] firmadyne: sys_socket[PID: 339 (xmldbc)]: family:1, type:2, protocol:0
[  190.446465] firmadyne: sys_socket[PID: 340 (xmldbc)]: family:1, type:2, protocol:0
[  190.507579] firmadyne: sys_socket[PID: 341 (xmldbc)]: family:1, type:2, protocol:0
[  190.570016] firmadyne: sys_socket[PID: 342 (xmldbc)]: family:1, type:2, protocol:0
[  190.631844] firmadyne: sys_socket[PID: 343 (xmldbc)]: family:1, type:2, protocol:0
[  190.692946] firmadyne: sys_socket[PID: 344 (xmldbc)]: family:1, type:2, protocol:0
[  190.756216] firmadyne: sys_socket[PID: 345 (xmldbc)]: family:1, type:2, protocol:0
[  190.817938] firmadyne: sys_socket[PID: 346 (xmldbc)]: family:1, type:2, protocol:0
[  190.881214] firmadyne: sys_socket[PID: 347 (xmldbc)]: family:1, type:2, protocol:0
[  190.937470] firmadyne: sys_socket[PID: 348 (xmldbc)]: family:1, type:2, protocol:0
[  191.000002] firmadyne: sys_socket[PID: 349 (xmldbc)]: family:1, type:2, protocol:0
[  191.062113] firmadyne: sys_socket[PID: 350 (xmldbc)]: family:1, type:2, protocol:0
[  191.125348] firmadyne: sys_socket[PID: 351 (xmldbc)]: family:1, type:2, protocol:0
[  191.188534] firmadyne: sys_socket[PID: 352 (xmldbc)]: family:1, type:2, protocol:0
[  191.250017] firmadyne: sys_socket[PID: 353 (xmldbc)]: family:1, type:2, protocol:0
[  191.311891] firmadyne: sys_socket[PID: 354 (xmldbc)]: family:1, type:2, protocol:0
[  191.376994] firmadyne: sys_socket[PID: 355 (xmldbc)]: family:1, type:2, protocol:0
[  191.438376] firmadyne: sys_socket[PID: 356 (xmldbc)]: family:1, type:2, protocol:0
[  191.495629] firmadyne: sys_socket[PID: 357 (xmldbc)]: family:1, type:2, protocol:0
[  191.641159] firmadyne: sys_socket[PID: 361 (xmldbc)]: family:1, type:2, protocol:0
[  191.702433] firmadyne: sys_socket[PID: 362 (xmldbc)]: family:1, type:2, protocol:0
[  191.766387] firmadyne: sys_socket[PID: 363 (xmldbc)]: family:1, type:2, protocol:0
[  191.828084] firmadyne: sys_socket[PID: 364 (xmldbc)]: family:1, type:2, protocol:0
[  191.888678] firmadyne: sys_socket[PID: 365 (xmldbc)]: family:1, type:2, protocol:0
[  191.951217] firmadyne: sys_socket[PID: 366 (xmldbc)]: family:1, type:2, protocol:0
[  192.014192] firmadyne: sys_socket[PID: 367 (xmldbc)]: family:1, type:2, protocol:0
[  192.075859] firmadyne: sys_socket[PID: 368 (xmldbc)]: family:1, type:2, protocol:0
[  192.137099] firmadyne: sys_socket[PID: 369 (xmldbc)]: family:1, type:2, protocol:0
[  192.200486] firmadyne: sys_socket[PID: 370 (xmldbc)]: family:1, type:2, protocol:0
[  192.262642] firmadyne: sys_socket[PID: 371 (xmldbc)]: family:1, type:2, protocol:0
[  192.324337] firmadyne: sys_socket[PID: 372 (xmldbc)]: family:1, type:2, protocol:0
[  192.389636] firmadyne: sys_socket[PID: 373 (xmldbc)]: family:1, type:2, protocol:0
[  192.451607] firmadyne: sys_socket[PID: 374 (xmldbc)]: family:1, type:2, protocol:0
[  192.514125] firmadyne: sys_socket[PID: 375 (xmldbc)]: family:1, type:2, protocol:0
[  192.577955] firmadyne: sys_socket[PID: 376 (xmldbc)]: family:1, type:2, protocol:0
[  192.634648] firmadyne: sys_socket[PID: 377 (xmldbc)]: family:1, type:2, protocol:0
[  192.695240] firmadyne: sys_socket[PID: 378 (xmldbc)]: family:1, type:2, protocol:0
[  192.757544] firmadyne: sys_socket[PID: 379 (xmldbc)]: family:1, type:2, protocol:0
[  192.903985] firmadyne: sys_socket[PID: 383 (xmldbc)]: family:1, type:2, protocol:0
[  192.967476] firmadyne: sys_socket[PID: 384 (xmldbc)]: family:1, type:2, protocol:0
[  193.028708] firmadyne: sys_socket[PID: 385 (xmldbc)]: family:1, type:2, protocol:0
[  193.089580] firmadyne: sys_socket[PID: 386 (xmldbc)]: family:1, type:2, protocol:0
[  193.152467] firmadyne: sys_socket[PID: 387 (xmldbc)]: family:1, type:2, protocol:0
[  193.214672] firmadyne: sys_socket[PID: 388 (xmldbc)]: family:1, type:2, protocol:0
[  193.277256] firmadyne: sys_socket[PID: 389 (xmldbc)]: family:1, type:2, protocol:0
[  193.334654] firmadyne: sys_socket[PID: 390 (xmldbc)]: family:1, type:2, protocol:0
[  193.398430] firmadyne: sys_socket[PID: 391 (xmldbc)]: family:1, type:2, protocol:0
[  193.461020] firmadyne: sys_socket[PID: 392 (xmldbc)]: family:1, type:2, protocol:0
[  193.522132] firmadyne: sys_socket[PID: 393 (xmldbc)]: family:1, type:2, protocol:0
[  193.585505] firmadyne: sys_socket[PID: 394 (xmldbc)]: family:1, type:2, protocol:0
[  193.646613] firmadyne: sys_socket[PID: 395 (xmldbc)]: family:1, type:2, protocol:0
[  193.709407] firmadyne: sys_socket[PID: 396 (xmldbc)]: family:1, type:2, protocol:0
[  193.772645] firmadyne: sys_socket[PID: 397 (xmldbc)]: family:1, type:2, protocol:0
[  193.829267] firmadyne: sys_socket[PID: 398 (xmldbc)]: family:1, type:2, protocol:0
[  193.890156] firmadyne: sys_socket[PID: 399 (xmldbc)]: family:1, type:2, protocol:0
[  193.946416] firmadyne: sys_socket[PID: 400 (xmldbc)]: family:1, type:2, protocol:0
[  194.008574] firmadyne: sys_socket[PID: 401 (xmldbc)]: family:1, type:2, protocol:0
[  194.149936] firmadyne: sys_socket[PID: 405 (xmldbc)]: family:1, type:2, protocol:0
[  194.208631] firmadyne: sys_socket[PID: 406 (xmldbc)]: family:1, type:2, protocol:0
[  194.266967] firmadyne: sys_socket[PID: 407 (xmldbc)]: family:1, type:2, protocol:0
[  194.325514] firmadyne: sys_socket[PID: 408 (xmldbc)]: family:1, type:2, protocol:0
[  194.389467] firmadyne: sys_socket[PID: 409 (xmldbc)]: family:1, type:2, protocol:0
[  194.448694] firmadyne: sys_socket[PID: 410 (xmldbc)]: family:1, type:2, protocol:0
[  194.508433] firmadyne: sys_socket[PID: 411 (xmldbc)]: family:1, type:2, protocol:0
[  194.568793] firmadyne: sys_socket[PID: 412 (xmldbc)]: family:1, type:2, protocol:0
[  194.628882] firmadyne: sys_socket[PID: 413 (xmldbc)]: family:1, type:2, protocol:0
[  194.689292] firmadyne: sys_socket[PID: 414 (xmldbc)]: family:1, type:2, protocol:0
[  194.749506] firmadyne: sys_socket[PID: 415 (xmldbc)]: family:1, type:2, protocol:0
[  194.809646] firmadyne: sys_socket[PID: 416 (xmldbc)]: family:1, type:2, protocol:0
[  194.869726] firmadyne: sys_socket[PID: 417 (xmldbc)]: family:1, type:2, protocol:0
[  194.929644] firmadyne: sys_socket[PID: 418 (xmldbc)]: family:1, type:2, protocol:0
[  194.991286] firmadyne: sys_socket[PID: 419 (xmldbc)]: family:1, type:2, protocol:0
[  195.052996] firmadyne: sys_socket[PID: 420 (xmldbc)]: family:1, type:2, protocol:0
[  195.114154] firmadyne: sys_socket[PID: 421 (xmldbc)]: family:1, type:2, protocol:0
[  195.177520] firmadyne: sys_socket[PID: 422 (xmldbc)]: family:1, type:2, protocol:0
[  195.239098] firmadyne: sys_socket[PID: 423 (xmldbc)]: family:1, type:2, protocol:0
[  195.386992] firmadyne: sys_socket[PID: 427 (xmldbc)]: family:1, type:2, protocol:0
[  195.448449] firmadyne: sys_socket[PID: 428 (xmldbc)]: family:1, type:2, protocol:0
[  195.509774] firmadyne: sys_socket[PID: 429 (xmldbc)]: family:1, type:2, protocol:0
[  195.573905] firmadyne: sys_socket[PID: 430 (xmldbc)]: family:1, type:2, protocol:0
[  195.635941] firmadyne: sys_socket[PID: 431 (xmldbc)]: family:1, type:2, protocol:0
[  195.696938] firmadyne: sys_socket[PID: 432 (xmldbc)]: family:1, type:2, protocol:0
[  195.759529] firmadyne: sys_socket[PID: 433 (xmldbc)]: family:1, type:2, protocol:0
[  195.820999] firmadyne: sys_socket[PID: 434 (xmldbc)]: family:1, type:2, protocol:0
[  195.883306] firmadyne: sys_socket[PID: 435 (xmldbc)]: family:1, type:2, protocol:0
[  195.944294] firmadyne: sys_socket[PID: 436 (xmldbc)]: family:1, type:2, protocol:0
[  196.007468] firmadyne: sys_socket[PID: 437 (xmldbc)]: family:1, type:2, protocol:0
[  196.069491] firmadyne: sys_socket[PID: 438 (xmldbc)]: family:1, type:2, protocol:0
[  196.131993] firmadyne: sys_socket[PID: 439 (xmldbc)]: family:1, type:2, protocol:0
[  196.195388] firmadyne: sys_socket[PID: 440 (xmldbc)]: family:1, type:2, protocol:0
[  196.257093] firmadyne: sys_socket[PID: 441 (xmldbc)]: family:1, type:2, protocol:0
[  196.319314] firmadyne: sys_socket[PID: 442 (xmldbc)]: family:1, type:2, protocol:0
[  196.383884] firmadyne: sys_socket[PID: 443 (xmldbc)]: family:1, type:2, protocol:0
[  196.445490] firmadyne: sys_socket[PID: 444 (xmldbc)]: family:1, type:2, protocol:0
[  196.507123] firmadyne: sys_socket[PID: 445 (xmldbc)]: family:1, type:2, protocol:0
[  196.653348] firmadyne: sys_socket[PID: 449 (xmldbc)]: family:1, type:2, protocol:0
[  196.715527] firmadyne: sys_socket[PID: 450 (xmldbc)]: family:1, type:2, protocol:0
[  196.777826] firmadyne: sys_socket[PID: 451 (xmldbc)]: family:1, type:2, protocol:0
[  196.838654] firmadyne: sys_socket[PID: 452 (xmldbc)]: family:1, type:2, protocol:0
[  196.901091] firmadyne: sys_socket[PID: 453 (xmldbc)]: family:1, type:2, protocol:0
[  196.965287] firmadyne: sys_socket[PID: 454 (xmldbc)]: family:1, type:2, protocol:0
[  197.027237] firmadyne: sys_socket[PID: 455 (xmldbc)]: family:1, type:2, protocol:0
[  197.088816] firmadyne: sys_socket[PID: 456 (xmldbc)]: family:1, type:2, protocol:0
[  197.151922] firmadyne: sys_socket[PID: 457 (xmldbc)]: family:1, type:2, protocol:0
[  197.214935] firmadyne: sys_socket[PID: 458 (xmldbc)]: family:1, type:2, protocol:0
[  197.276783] firmadyne: sys_socket[PID: 459 (xmldbc)]: family:1, type:2, protocol:0
[  197.338056] firmadyne: sys_socket[PID: 460 (xmldbc)]: family:1, type:2, protocol:0
[  197.401944] firmadyne: sys_socket[PID: 461 (xmldbc)]: family:1, type:2, protocol:0
[  197.465042] firmadyne: sys_socket[PID: 462 (xmldbc)]: family:1, type:2, protocol:0
[  197.526165] firmadyne: sys_socket[PID: 463 (xmldbc)]: family:1, type:2, protocol:0
[  197.589548] firmadyne: sys_socket[PID: 464 (xmldbc)]: family:1, type:2, protocol:0
[  197.650689] firmadyne: sys_socket[PID: 465 (xmldbc)]: family:1, type:2, protocol:0
[  197.713346] firmadyne: sys_socket[PID: 466 (xmldbc)]: family:1, type:2, protocol:0
[  197.770684] firmadyne: sys_socket[PID: 467 (xmldbc)]: family:1, type:2, protocol:0
[  197.914398] firmadyne: sys_socket[PID: 471 (xmldbc)]: family:1, type:2, protocol:0
[  197.972160] firmadyne: sys_socket[PID: 472 (xmldbc)]: family:1, type:2, protocol:0
[  198.033318] firmadyne: sys_socket[PID: 473 (xmldbc)]: family:1, type:2, protocol:0
[  198.095095] firmadyne: sys_socket[PID: 474 (xmldbc)]: family:1, type:2, protocol:0
[  198.158668] firmadyne: sys_socket[PID: 475 (xmldbc)]: family:1, type:2, protocol:0
[  198.221060] firmadyne: sys_socket[PID: 476 (xmldbc)]: family:1, type:2, protocol:0
[  198.282451] firmadyne: sys_socket[PID: 477 (xmldbc)]: family:1, type:2, protocol:0
[  198.344636] firmadyne: sys_socket[PID: 478 (xmldbc)]: family:1, type:2, protocol:0
[  198.408788] firmadyne: sys_socket[PID: 479 (xmldbc)]: family:1, type:2, protocol:0
[  198.477045] firmadyne: sys_socket[PID: 480 (xmldbc)]: family:1, type:2, protocol:0
[  198.538674] firmadyne: sys_socket[PID: 481 (xmldbc)]: family:1, type:2, protocol:0
[  198.603138] firmadyne: sys_socket[PID: 482 (xmldbc)]: family:1, type:2, protocol:0
[  198.665323] firmadyne: sys_socket[PID: 483 (xmldbc)]: family:1, type:2, protocol:0
[  198.721176] firmadyne: sys_socket[PID: 484 (xmldbc)]: family:1, type:2, protocol:0
[  198.784186] firmadyne: sys_socket[PID: 485 (xmldbc)]: family:1, type:2, protocol:0
[  198.845702] firmadyne: sys_socket[PID: 486 (xmldbc)]: family:1, type:2, protocol:0
[  198.910036] firmadyne: sys_socket[PID: 487 (xmldbc)]: family:1, type:2, protocol:0
[  198.973846] firmadyne: sys_socket[PID: 488 (xmldbc)]: family:1, type:2, protocol:0
[  199.035958] firmadyne: sys_socket[PID: 489 (xmldbc)]: family:1, type:2, protocol:0
[  199.183693] firmadyne: sys_socket[PID: 493 (xmldbc)]: family:1, type:2, protocol:0
[  199.246014] firmadyne: sys_socket[PID: 494 (xmldbc)]: family:1, type:2, protocol:0
[  199.307502] firmadyne: sys_socket[PID: 495 (xmldbc)]: family:1, type:2, protocol:0
[  199.371167] firmadyne: sys_socket[PID: 496 (xmldbc)]: family:1, type:2, protocol:0
[  199.434160] firmadyne: sys_socket[PID: 497 (xmldbc)]: family:1, type:2, protocol:0
[  199.497419] firmadyne: sys_socket[PID: 498 (xmldbc)]: family:1, type:2, protocol:0
[  199.560296] firmadyne: sys_socket[PID: 499 (xmldbc)]: family:1, type:2, protocol:0
[  199.621565] firmadyne: sys_socket[PID: 500 (xmldbc)]: family:1, type:2, protocol:0
[  199.684395] firmadyne: sys_socket[PID: 501 (xmldbc)]: family:1, type:2, protocol:0
[  199.824648] firmadyne: sys_socket[PID: 502 (xmldbc)]: family:1, type:2, protocol:0
[  199.887368] firmadyne: sys_socket[PID: 503 (xmldbc)]: family:1, type:2, protocol:0
[  199.949223] firmadyne: sys_socket[PID: 504 (xmldbc)]: family:1, type:2, protocol:0
[  200.013060] firmadyne: sys_socket[PID: 505 (xmldbc)]: family:1, type:2, protocol:0
[  200.142318] firmadyne: sys_socket[PID: 506 (xmldbc)]: family:1, type:2, protocol:0
[  200.200644] firmadyne: sys_socket[PID: 507 (xmldbc)]: family:1, type:2, protocol:0
[  200.260937] firmadyne: sys_socket[PID: 508 (xmldbc)]: family:1, type:2, protocol:0
[  200.321936] firmadyne: sys_socket[PID: 509 (xmldbc)]: family:1, type:2, protocol:0
[  200.385383] firmadyne: sys_socket[PID: 510 (xmldbc)]: family:1, type:2, protocol:0
[  200.516413] firmadyne: sys_socket[PID: 511 (xmldbc)]: family:1, type:2, protocol:0
[  200.660547] firmadyne: sys_socket[PID: 515 (xmldbc)]: family:1, type:2, protocol:0
[  200.720131] firmadyne: sys_socket[PID: 516 (xmldbc)]: family:1, type:2, protocol:0
[  200.780212] firmadyne: sys_socket[PID: 517 (xmldbc)]: family:1, type:2, protocol:0
[  200.908918] firmadyne: sys_socket[PID: 518 (xmldbc)]: family:1, type:2, protocol:0
[  200.970578] firmadyne: sys_socket[PID: 519 (xmldbc)]: family:1, type:2, protocol:0
[  201.032664] firmadyne: sys_socket[PID: 520 (xmldbc)]: family:1, type:2, protocol:0
[  201.093818] firmadyne: sys_socket[PID: 521 (xmldbc)]: family:1, type:2, protocol:0
[  201.223668] firmadyne: sys_socket[PID: 522 (xmldbc)]: family:1, type:2, protocol:0
[  201.282398] firmadyne: sys_socket[PID: 523 (xmldbc)]: family:1, type:2, protocol:0
[  201.341547] firmadyne: sys_socket[PID: 524 (xmldbc)]: family:1, type:2, protocol:0
[  201.400612] firmadyne: sys_socket[PID: 525 (xmldbc)]: family:1, type:2, protocol:0
[  201.530931] firmadyne: sys_socket[PID: 526 (xmldbc)]: family:1, type:2, protocol:0
[  201.590688] firmadyne: sys_socket[PID: 527 (xmldbc)]: family:1, type:2, protocol:0
[  201.651320] firmadyne: sys_socket[PID: 528 (xmldbc)]: family:1, type:2, protocol:0
[  201.710201] firmadyne: sys_socket[PID: 529 (xmldbc)]: family:1, type:2, protocol:0
[  201.840326] firmadyne: sys_socket[PID: 530 (xmldbc)]: family:1, type:2, protocol:0
[  201.899214] firmadyne: sys_socket[PID: 531 (xmldbc)]: family:1, type:2, protocol:0
[  201.958329] firmadyne: sys_socket[PID: 532 (xmldbc)]: family:1, type:2, protocol:0
[  202.021467] firmadyne: sys_socket[PID: 533 (xmldbc)]: family:1, type:2, protocol:0
[  202.234251] firmadyne: sys_socket[PID: 537 (xmldbc)]: family:1, type:2, protocol:0
[  202.295806] firmadyne: sys_socket[PID: 538 (xmldbc)]: family:1, type:2, protocol:0
[  202.357783] firmadyne: sys_socket[PID: 539 (xmldbc)]: family:1, type:2, protocol:0
[  202.421065] firmadyne: sys_socket[PID: 540 (xmldbc)]: family:1, type:2, protocol:0
[  202.551879] firmadyne: sys_socket[PID: 541 (xmldbc)]: family:1, type:2, protocol:0
[  202.615201] firmadyne: sys_socket[PID: 542 (xmldbc)]: family:1, type:2, protocol:0
[  202.672316] firmadyne: sys_socket[PID: 543 (xmldbc)]: family:1, type:2, protocol:0
[  202.733205] firmadyne: sys_socket[PID: 544 (xmldbc)]: family:1, type:2, protocol:0
[  202.795163] firmadyne: sys_socket[PID: 545 (xmldbc)]: family:1, type:2, protocol:0
[  202.928504] firmadyne: sys_socket[PID: 546 (xmldbc)]: family:1, type:2, protocol:0
[  202.991108] firmadyne: sys_socket[PID: 547 (xmldbc)]: family:1, type:2, protocol:0
[  203.054412] firmadyne: sys_socket[PID: 548 (xmldbc)]: family:1, type:2, protocol:0
[  203.116498] firmadyne: sys_socket[PID: 549 (xmldbc)]: family:1, type:2, protocol:0
[  203.248527] firmadyne: sys_socket[PID: 550 (xmldbc)]: family:1, type:2, protocol:0
[  203.310454] firmadyne: sys_socket[PID: 551 (xmldbc)]: family:1, type:2, protocol:0
[  203.372271] firmadyne: sys_socket[PID: 552 (xmldbc)]: family:1, type:2, protocol:0
[  203.435751] firmadyne: sys_socket[PID: 553 (xmldbc)]: family:1, type:2, protocol:0
[  203.567157] firmadyne: sys_socket[PID: 554 (xmldbc)]: family:1, type:2, protocol:0
[  203.631124] firmadyne: sys_socket[PID: 555 (xmldbc)]: family:1, type:2, protocol:0
[  203.777385] firmadyne: sys_socket[PID: 559 (xmldbc)]: family:1, type:2, protocol:0
[  203.840185] firmadyne: sys_socket[PID: 560 (xmldbc)]: family:1, type:2, protocol:0
[  203.965347] firmadyne: sys_socket[PID: 561 (xmldbc)]: family:1, type:2, protocol:0
[  204.023161] firmadyne: sys_socket[PID: 562 (xmldbc)]: family:1, type:2, protocol:0
[  204.083982] firmadyne: sys_socket[PID: 563 (xmldbc)]: family:1, type:2, protocol:0
[  204.145653] firmadyne: sys_socket[PID: 564 (xmldbc)]: family:1, type:2, protocol:0
[  204.207294] firmadyne: sys_socket[PID: 565 (xmldbc)]: family:1, type:2, protocol:0
[  204.339167] firmadyne: sys_socket[PID: 566 (xmldbc)]: family:1, type:2, protocol:0
[  204.400912] firmadyne: sys_socket[PID: 567 (xmldbc)]: family:1, type:2, protocol:0
[  204.458987] firmadyne: sys_socket[PID: 568 (xmldbc)]: family:1, type:2, protocol:0
[  204.521510] firmadyne: sys_socket[PID: 569 (xmldbc)]: family:1, type:2, protocol:0
[  204.583360] firmadyne: sys_socket[PID: 570 (xmldbc)]: family:1, type:2, protocol:0
[  204.715347] firmadyne: sys_socket[PID: 571 (xmldbc)]: family:1, type:2, protocol:0
[  204.775304] firmadyne: sys_socket[PID: 572 (xmldbc)]: family:1, type:2, protocol:0
[  204.836128] firmadyne: sys_socket[PID: 573 (xmldbc)]: family:1, type:2, protocol:0
[  204.896723] firmadyne: sys_socket[PID: 574 (xmldbc)]: family:1, type:2, protocol:0
[  205.026679] firmadyne: sys_socket[PID: 575 (xmldbc)]: family:1, type:2, protocol:0
[  205.088354] firmadyne: sys_socket[PID: 576 (xmldbc)]: family:1, type:2, protocol:0
[  205.148242] firmadyne: sys_socket[PID: 577 (xmldbc)]: family:1, type:2, protocol:0
[  205.290528] firmadyne: sys_socket[PID: 581 (xmldbc)]: family:1, type:2, protocol:0
[  205.417696] firmadyne: sys_socket[PID: 582 (xmldbc)]: family:1, type:2, protocol:0
[  205.479406] firmadyne: sys_socket[PID: 583 (xmldbc)]: family:1, type:2, protocol:0
[  205.536466] firmadyne: sys_socket[PID: 584 (xmldbc)]: family:1, type:2, protocol:0
[  205.595537] firmadyne: sys_socket[PID: 585 (xmldbc)]: family:1, type:2, protocol:0
[  205.656068] firmadyne: sys_socket[PID: 586 (xmldbc)]: family:1, type:2, protocol:0
[  205.784890] firmadyne: sys_socket[PID: 587 (xmldbc)]: family:1, type:2, protocol:0
[  205.845416] firmadyne: sys_socket[PID: 588 (xmldbc)]: family:1, type:2, protocol:0
[  205.905129] firmadyne: sys_socket[PID: 589 (xmldbc)]: family:1, type:2, protocol:0
[  205.963993] firmadyne: sys_socket[PID: 590 (xmldbc)]: family:1, type:2, protocol:0
[  206.095599] firmadyne: sys_socket[PID: 591 (xmldbc)]: family:1, type:2, protocol:0
[  206.155907] firmadyne: sys_socket[PID: 592 (xmldbc)]: family:1, type:2, protocol:0
[  206.216272] firmadyne: sys_socket[PID: 593 (xmldbc)]: family:1, type:2, protocol:0
[  206.277169] firmadyne: sys_socket[PID: 594 (xmldbc)]: family:1, type:2, protocol:0
[  206.408738] firmadyne: sys_socket[PID: 595 (xmldbc)]: family:1, type:2, protocol:0
[  206.470646] firmadyne: sys_socket[PID: 596 (xmldbc)]: family:1, type:2, protocol:0
[  206.536023] firmadyne: sys_socket[PID: 597 (xmldbc)]: family:1, type:2, protocol:0
[  206.598116] firmadyne: sys_socket[PID: 598 (xmldbc)]: family:1, type:2, protocol:0
[  206.730612] firmadyne: sys_socket[PID: 599 (xmldbc)]: family:1, type:2, protocol:0
[  206.876285] firmadyne: sys_socket[PID: 603 (xmldbc)]: family:1, type:2, protocol:0
[  206.938145] firmadyne: sys_socket[PID: 604 (xmldbc)]: family:1, type:2, protocol:0
[  206.998614] firmadyne: sys_socket[PID: 605 (xmldbc)]: family:1, type:2, protocol:0
[  207.129671] firmadyne: sys_socket[PID: 606 (xmldbc)]: family:1, type:2, protocol:0
[  207.188507] firmadyne: sys_socket[PID: 607 (xmldbc)]: family:1, type:2, protocol:0
[  207.248652] firmadyne: sys_socket[PID: 608 (xmldbc)]: family:1, type:2, protocol:0
[  207.309452] firmadyne: sys_socket[PID: 609 (xmldbc)]: family:1, type:2, protocol:0
[  207.363883] firmadyne: sys_socket[PID: 610 (xmldbc)]: family:1, type:2, protocol:0
[  207.491660] firmadyne: sys_socket[PID: 611 (xmldbc)]: family:1, type:2, protocol:0
[  207.555867] firmadyne: sys_socket[PID: 612 (xmldbc)]: family:1, type:2, protocol:0
[  207.618407] firmadyne: sys_socket[PID: 613 (xmldbc)]: family:1, type:2, protocol:0
[  207.677980] firmadyne: sys_socket[PID: 614 (xmldbc)]: family:1, type:2, protocol:0
[  207.807878] firmadyne: sys_socket[PID: 615 (xmldbc)]: family:1, type:2, protocol:0
[  207.867349] firmadyne: sys_socket[PID: 616 (xmldbc)]: family:1, type:2, protocol:0
[  207.928039] firmadyne: sys_socket[PID: 617 (xmldbc)]: family:1, type:2, protocol:0
[  207.986639] firmadyne: sys_socket[PID: 618 (xmldbc)]: family:1, type:2, protocol:0
[  208.118058] firmadyne: sys_socket[PID: 619 (xmldbc)]: family:1, type:2, protocol:0
[  208.176806] firmadyne: sys_socket[PID: 620 (xmldbc)]: family:1, type:2, protocol:0
[  208.236205] firmadyne: sys_socket[PID: 621 (xmldbc)]: family:1, type:2, protocol:0
[  208.376594] firmadyne: sys_socket[PID: 625 (xmldbc)]: family:1, type:2, protocol:0
[  208.505652] firmadyne: sys_socket[PID: 626 (xmldbc)]: family:1, type:2, protocol:0
[  208.568324] firmadyne: sys_socket[PID: 627 (xmldbc)]: family:1, type:2, protocol:0
[  208.628441] firmadyne: sys_socket[PID: 628 (xmldbc)]: family:1, type:2, protocol:0
[  208.688145] firmadyne: sys_socket[PID: 629 (xmldbc)]: family:1, type:2, protocol:0
[  208.817339] firmadyne: sys_socket[PID: 630 (xmldbc)]: family:1, type:2, protocol:0
[  208.879669] firmadyne: sys_socket[PID: 631 (xmldbc)]: family:1, type:2, protocol:0
[  208.941198] firmadyne: sys_socket[PID: 632 (xmldbc)]: family:1, type:2, protocol:0
[  209.073854] firmadyne: sys_socket[PID: 633 (xmldbc)]: family:1, type:2, protocol:0
[  209.133825] firmadyne: sys_socket[PID: 634 (xmldbc)]: family:1, type:2, protocol:0
[  209.193851] firmadyne: sys_socket[PID: 635 (xmldbc)]: family:1, type:2, protocol:0
[  209.253904] firmadyne: sys_socket[PID: 636 (xmldbc)]: family:1, type:2, protocol:0
[  209.383137] firmadyne: sys_socket[PID: 637 (xmldbc)]: family:1, type:2, protocol:0
[  209.438418] firmadyne: sys_socket[PID: 638 (xmldbc)]: family:1, type:2, protocol:0
[  209.500321] firmadyne: sys_socket[PID: 639 (xmldbc)]: family:1, type:2, protocol:0
[  209.560345] firmadyne: sys_socket[PID: 640 (xmldbc)]: family:1, type:2, protocol:0
[  209.623508] firmadyne: sys_socket[PID: 641 (xmldbc)]: family:1, type:2, protocol:0
[  209.752017] firmadyne: sys_socket[PID: 642 (xmldbc)]: family:1, type:2, protocol:0
[  209.813099] firmadyne: sys_socket[PID: 643 (xmldbc)]: family:1, type:2, protocol:0
[  209.952329] firmadyne: sys_socket[PID: 647 (xmldbc)]: family:1, type:2, protocol:0
[  210.014540] firmadyne: sys_socket[PID: 648 (xmldbc)]: family:1, type:2, protocol:0
[  210.069876] firmadyne: sys_socket[PID: 649 (xmldbc)]: family:1, type:2, protocol:0
[  210.199733] firmadyne: sys_socket[PID: 650 (xmldbc)]: family:1, type:2, protocol:0
[  210.259944] firmadyne: sys_socket[PID: 651 (xmldbc)]: family:1, type:2, protocol:0
[  210.318013] firmadyne: sys_socket[PID: 652 (xmldbc)]: family:1, type:2, protocol:0
[  210.376606] firmadyne: sys_socket[PID: 653 (xmldbc)]: family:1, type:2, protocol:0
[  210.506302] firmadyne: sys_socket[PID: 654 (xmldbc)]: family:1, type:2, protocol:0
[  210.561385] firmadyne: sys_socket[PID: 655 (xmldbc)]: family:1, type:2, protocol:0
[  210.624477] firmadyne: sys_socket[PID: 656 (xmldbc)]: family:1, type:2, protocol:0
[  210.683973] firmadyne: sys_socket[PID: 657 (xmldbc)]: family:1, type:2, protocol:0
[  210.742677] firmadyne: sys_socket[PID: 658 (xmldbc)]: family:1, type:2, protocol:0
[  210.872103] firmadyne: sys_socket[PID: 659 (xmldbc)]: family:1, type:2, protocol:0
[  210.931219] firmadyne: sys_socket[PID: 660 (xmldbc)]: family:1, type:2, protocol:0
[  210.990576] firmadyne: sys_socket[PID: 661 (xmldbc)]: family:1, type:2, protocol:0
[  211.054174] firmadyne: sys_socket[PID: 662 (xmldbc)]: family:1, type:2, protocol:0
[  211.185415] firmadyne: sys_socket[PID: 663 (xmldbc)]: family:1, type:2, protocol:0
[  211.241368] firmadyne: sys_socket[PID: 664 (xmldbc)]: family:1, type:2, protocol:0
[  211.300031] firmadyne: sys_socket[PID: 665 (xmldbc)]: family:1, type:2, protocol:0
[  211.439529] firmadyne: sys_socket[PID: 669 (xmldbc)]: family:1, type:2, protocol:0
[  211.498678] firmadyne: sys_socket[PID: 670 (xmldbc)]: family:1, type:2, protocol:0
[  211.552972] firmadyne: sys_socket[PID: 671 (xmldbc)]: family:1, type:2, protocol:0
[  211.683497] firmadyne: sys_socket[PID: 672 (xmldbc)]: family:1, type:2, protocol:0
[  211.744110] firmadyne: sys_socket[PID: 673 (xmldbc)]: family:1, type:2, protocol:0
[  211.803211] firmadyne: sys_socket[PID: 674 (xmldbc)]: family:1, type:2, protocol:0
[  211.864336] firmadyne: sys_socket[PID: 675 (xmldbc)]: family:1, type:2, protocol:0
[  211.993373] firmadyne: sys_socket[PID: 676 (xmldbc)]: family:1, type:2, protocol:0
[  212.050077] firmadyne: sys_socket[PID: 677 (xmldbc)]: family:1, type:2, protocol:0
[  212.113184] firmadyne: sys_socket[PID: 678 (xmldbc)]: family:1, type:2, protocol:0
[  212.172385] firmadyne: sys_socket[PID: 679 (xmldbc)]: family:1, type:2, protocol:0
[  212.232327] firmadyne: sys_socket[PID: 680 (xmldbc)]: family:1, type:2, protocol:0
[  212.361547] firmadyne: sys_socket[PID: 681 (xmldbc)]: family:1, type:2, protocol:0
[  212.419939] firmadyne: sys_socket[PID: 682 (xmldbc)]: family:1, type:2, protocol:0
[  212.480684] firmadyne: sys_socket[PID: 683 (xmldbc)]: family:1, type:2, protocol:0
[  212.534623] firmadyne: sys_socket[PID: 684 (xmldbc)]: family:1, type:2, protocol:0
[  212.593398] firmadyne: sys_socket[PID: 685 (xmldbc)]: family:1, type:2, protocol:0
[  212.650227] firmadyne: sys_socket[PID: 686 (xmldbc)]: family:1, type:2, protocol:0
[  212.781756] firmadyne: sys_socket[PID: 687 (xmldbc)]: family:1, type:2, protocol:0
[  212.931159] firmadyne: sys_socket[PID: 691 (xmldbc)]: family:1, type:2, protocol:0
[  212.992979] firmadyne: sys_socket[PID: 692 (xmldbc)]: family:1, type:2, protocol:0
[  213.056558] firmadyne: sys_socket[PID: 693 (xmldbc)]: family:1, type:2, protocol:0
[  213.187650] firmadyne: sys_socket[PID: 694 (xmldbc)]: family:1, type:2, protocol:0
[  213.249825] firmadyne: sys_socket[PID: 695 (xmldbc)]: family:1, type:2, protocol:0
[  213.312675] firmadyne: sys_socket[PID: 696 (xmldbc)]: family:1, type:2, protocol:0
[  213.368789] firmadyne: sys_socket[PID: 697 (xmldbc)]: family:1, type:2, protocol:0
[  213.499628] firmadyne: sys_socket[PID: 698 (xmldbc)]: family:1, type:2, protocol:0
[  213.556602] firmadyne: sys_socket[PID: 699 (xmldbc)]: family:1, type:2, protocol:0
[  213.617107] firmadyne: sys_socket[PID: 700 (xmldbc)]: family:1, type:2, protocol:0
[  213.674258] firmadyne: sys_socket[PID: 701 (xmldbc)]: family:1, type:2, protocol:0
[  213.737347] firmadyne: sys_socket[PID: 702 (xmldbc)]: family:1, type:2, protocol:0
[  213.799210] firmadyne: sys_socket[PID: 703 (xmldbc)]: family:1, type:2, protocol:0
[  213.931474] firmadyne: sys_socket[PID: 704 (xmldbc)]: family:1, type:2, protocol:0
[  213.994429] firmadyne: sys_socket[PID: 705 (xmldbc)]: family:1, type:2, protocol:0
[  214.057370] firmadyne: sys_socket[PID: 706 (xmldbc)]: family:1, type:2, protocol:0
[  214.119472] firmadyne: sys_socket[PID: 707 (xmldbc)]: family:1, type:2, protocol:0
[  214.251321] firmadyne: sys_socket[PID: 708 (xmldbc)]: family:1, type:2, protocol:0
[  214.312788] firmadyne: sys_socket[PID: 709 (xmldbc)]: family:1, type:2, protocol:0
[  214.459614] firmadyne: sys_socket[PID: 713 (xmldbc)]: family:1, type:2, protocol:0
[  214.520861] firmadyne: sys_socket[PID: 714 (xmldbc)]: family:1, type:2, protocol:0
[  214.652837] firmadyne: sys_socket[PID: 715 (xmldbc)]: family:1, type:2, protocol:0
[  214.714352] firmadyne: sys_socket[PID: 716 (xmldbc)]: family:1, type:2, protocol:0
[  214.772814] firmadyne: sys_socket[PID: 717 (xmldbc)]: family:1, type:2, protocol:0
[  214.833508] firmadyne: sys_socket[PID: 718 (xmldbc)]: family:1, type:2, protocol:0
[  214.895807] firmadyne: sys_socket[PID: 719 (xmldbc)]: family:1, type:2, protocol:0
[  215.028174] firmadyne: sys_socket[PID: 720 (xmldbc)]: family:1, type:2, protocol:0
[  215.089966] firmadyne: sys_socket[PID: 721 (xmldbc)]: family:1, type:2, protocol:0
[  215.148424] firmadyne: sys_socket[PID: 722 (xmldbc)]: family:1, type:2, protocol:0
[  215.210234] firmadyne: sys_socket[PID: 723 (xmldbc)]: family:1, type:2, protocol:0
[  215.273468] firmadyne: sys_socket[PID: 724 (xmldbc)]: family:1, type:2, protocol:0
[  215.405684] firmadyne: sys_socket[PID: 725 (xmldbc)]: family:1, type:2, protocol:0
[  215.467749] firmadyne: sys_socket[PID: 726 (xmldbc)]: family:1, type:2, protocol:0
[  215.531100] firmadyne: sys_socket[PID: 727 (xmldbc)]: family:1, type:2, protocol:0
[  215.593871] firmadyne: sys_socket[PID: 728 (xmldbc)]: family:1, type:2, protocol:0
[  215.673019] firmadyne: sys_socket[PID: 729 (xmldbc)]: family:1, type:2, protocol:0
[  215.771893] firmadyne: sys_socket[PID: 730 (xmldbc)]: family:1, type:2, protocol:0
[  215.833284] firmadyne: sys_socket[PID: 731 (xmldbc)]: family:1, type:2, protocol:0
[  215.989683] firmadyne: sys_socket[PID: 735 (xmldbc)]: family:1, type:2, protocol:0
[  216.051636] firmadyne: sys_socket[PID: 736 (xmldbc)]: family:1, type:2, protocol:0
[  216.112796] firmadyne: sys_socket[PID: 737 (xmldbc)]: family:1, type:2, protocol:0
[  216.175471] firmadyne: sys_socket[PID: 738 (xmldbc)]: family:1, type:2, protocol:0
[  216.236199] firmadyne: sys_socket[PID: 739 (xmldbc)]: family:1, type:2, protocol:0
[  216.297996] firmadyne: sys_socket[PID: 740 (xmldbc)]: family:1, type:2, protocol:0
[  216.361193] firmadyne: sys_socket[PID: 741 (xmldbc)]: family:1, type:2, protocol:0
[  216.422698] firmadyne: sys_socket[PID: 742 (xmldbc)]: family:1, type:2, protocol:0
[  216.485292] firmadyne: sys_socket[PID: 743 (xmldbc)]: family:1, type:2, protocol:0
[  216.548916] firmadyne: sys_socket[PID: 744 (xmldbc)]: family:1, type:2, protocol:0
[  216.609746] firmadyne: sys_socket[PID: 745 (xmldbc)]: family:1, type:2, protocol:0
[  216.681236] firmadyne: sys_socket[PID: 746 (xmldbc)]: family:1, type:2, protocol:0
[  216.744274] firmadyne: sys_socket[PID: 747 (xmldbc)]: family:1, type:2, protocol:0
[  216.805372] firmadyne: sys_socket[PID: 748 (xmldbc)]: family:1, type:2, protocol:0
[  216.867923] firmadyne: sys_socket[PID: 749 (xmldbc)]: family:1, type:2, protocol:0
[  216.931908] firmadyne: sys_socket[PID: 750 (xmldbc)]: family:1, type:2, protocol:0
[  216.993282] firmadyne: sys_socket[PID: 751 (xmldbc)]: family:1, type:2, protocol:0
[  217.054397] firmadyne: sys_socket[PID: 752 (xmldbc)]: family:1, type:2, protocol:0
[  217.116248] firmadyne: sys_socket[PID: 753 (xmldbc)]: family:1, type:2, protocol:0
[  217.261871] firmadyne: sys_socket[PID: 757 (xmldbc)]: family:1, type:2, protocol:0
[  217.322683] firmadyne: sys_socket[PID: 758 (xmldbc)]: family:1, type:2, protocol:0
[  217.385630] firmadyne: sys_socket[PID: 759 (xmldbc)]: family:1, type:2, protocol:0
[  217.446548] firmadyne: sys_socket[PID: 760 (xmldbc)]: family:1, type:2, protocol:0
[  217.508722] firmadyne: sys_socket[PID: 761 (xmldbc)]: family:1, type:2, protocol:0
[  217.570974] firmadyne: sys_socket[PID: 762 (xmldbc)]: family:1, type:2, protocol:0
[  217.631236] firmadyne: sys_socket[PID: 763 (xmldbc)]: family:1, type:2, protocol:0
[  217.693073] firmadyne: sys_socket[PID: 764 (xmldbc)]: family:1, type:2, protocol:0
[  217.755621] firmadyne: sys_socket[PID: 765 (xmldbc)]: family:1, type:2, protocol:0
[  217.817488] firmadyne: sys_socket[PID: 766 (xmldbc)]: family:1, type:2, protocol:0
[  217.878381] firmadyne: sys_socket[PID: 767 (xmldbc)]: family:1, type:2, protocol:0
[  217.941297] firmadyne: sys_socket[PID: 768 (xmldbc)]: family:1, type:2, protocol:0
[  218.002557] firmadyne: sys_socket[PID: 769 (xmldbc)]: family:1, type:2, protocol:0
[  218.064285] firmadyne: sys_socket[PID: 770 (xmldbc)]: family:1, type:2, protocol:0
[  218.125057] firmadyne: sys_socket[PID: 771 (xmldbc)]: family:1, type:2, protocol:0
[  218.187854] firmadyne: sys_socket[PID: 772 (xmldbc)]: family:1, type:2, protocol:0
[  218.248901] firmadyne: sys_socket[PID: 773 (xmldbc)]: family:1, type:2, protocol:0
[  218.310208] firmadyne: sys_socket[PID: 774 (xmldbc)]: family:1, type:2, protocol:0
[  218.373455] firmadyne: sys_socket[PID: 775 (xmldbc)]: family:1, type:2, protocol:0
[  218.517874] firmadyne: sys_socket[PID: 779 (xmldbc)]: family:1, type:2, protocol:0
[  218.580144] firmadyne: sys_socket[PID: 780 (xmldbc)]: family:1, type:2, protocol:0
[  218.640937] firmadyne: sys_socket[PID: 781 (xmldbc)]: family:1, type:2, protocol:0
[  218.703560] firmadyne: sys_socket[PID: 782 (xmldbc)]: family:1, type:2, protocol:0
[  218.766040] firmadyne: sys_socket[PID: 783 (xmldbc)]: family:1, type:2, protocol:0
[  218.827810] firmadyne: sys_socket[PID: 784 (xmldbc)]: family:1, type:2, protocol:0
[  218.889447] firmadyne: sys_socket[PID: 785 (xmldbc)]: family:1, type:2, protocol:0
[  218.952837] firmadyne: sys_socket[PID: 786 (xmldbc)]: family:1, type:2, protocol:0
[  219.014087] firmadyne: sys_socket[PID: 787 (xmldbc)]: family:1, type:2, protocol:0
[  219.076142] firmadyne: sys_socket[PID: 788 (xmldbc)]: family:1, type:2, protocol:0
[  219.139270] firmadyne: sys_socket[PID: 789 (xmldbc)]: family:1, type:2, protocol:0
[  219.200492] firmadyne: sys_socket[PID: 790 (xmldbc)]: family:1, type:2, protocol:0
[  219.261530] firmadyne: sys_socket[PID: 791 (xmldbc)]: family:1, type:2, protocol:0
[  219.323026] firmadyne: sys_socket[PID: 792 (xmldbc)]: family:1, type:2, protocol:0
[  219.385442] firmadyne: sys_socket[PID: 793 (xmldbc)]: family:1, type:2, protocol:0
[  219.446933] firmadyne: sys_socket[PID: 794 (xmldbc)]: family:1, type:2, protocol:0
[  219.508215] firmadyne: sys_socket[PID: 795 (xmldbc)]: family:1, type:2, protocol:0
[  219.572880] firmadyne: sys_socket[PID: 796 (xmldbc)]: family:1, type:2, protocol:0
[  219.634585] firmadyne: sys_socket[PID: 797 (xmldbc)]: family:1, type:2, protocol:0
[  219.784779] firmadyne: sys_socket[PID: 801 (xmldbc)]: family:1, type:2, protocol:0
[  219.845507] firmadyne: sys_socket[PID: 802 (xmldbc)]: family:1, type:2, protocol:0
[  219.906326] firmadyne: sys_socket[PID: 803 (xmldbc)]: family:1, type:2, protocol:0
[  219.969489] firmadyne: sys_socket[PID: 804 (xmldbc)]: family:1, type:2, protocol:0
[  220.030415] firmadyne: sys_socket[PID: 805 (xmldbc)]: family:1, type:2, protocol:0
[  220.092678] firmadyne: sys_socket[PID: 806 (xmldbc)]: family:1, type:2, protocol:0
[  220.156520] firmadyne: sys_socket[PID: 807 (xmldbc)]: family:1, type:2, protocol:0
[  220.218271] firmadyne: sys_socket[PID: 808 (xmldbc)]: family:1, type:2, protocol:0
[  220.280441] firmadyne: sys_socket[PID: 809 (xmldbc)]: family:1, type:2, protocol:0
[  220.343817] firmadyne: sys_socket[PID: 810 (xmldbc)]: family:1, type:2, protocol:0
[  220.404982] firmadyne: sys_socket[PID: 811 (xmldbc)]: family:1, type:2, protocol:0
[  220.467025] firmadyne: sys_socket[PID: 812 (xmldbc)]: family:1, type:2, protocol:0
[  220.532531] firmadyne: sys_socket[PID: 813 (xmldbc)]: family:1, type:2, protocol:0
[  220.595857] firmadyne: sys_socket[PID: 814 (xmldbc)]: family:1, type:2, protocol:0
[  220.657573] firmadyne: sys_socket[PID: 815 (xmldbc)]: family:1, type:2, protocol:0
[  220.719326] firmadyne: sys_socket[PID: 816 (xmldbc)]: family:1, type:2, protocol:0
[  220.779093] firmadyne: sys_socket[PID: 817 (xmldbc)]: family:1, type:2, protocol:0
[  220.840345] firmadyne: sys_socket[PID: 818 (xmldbc)]: family:1, type:2, protocol:0
[  220.903331] firmadyne: sys_socket[PID: 819 (xmldbc)]: family:1, type:2, protocol:0
[  221.051136] firmadyne: sys_socket[PID: 823 (xmldbc)]: family:1, type:2, protocol:0
[  221.112407] firmadyne: sys_socket[PID: 824 (xmldbc)]: family:1, type:2, protocol:0
[  221.175213] firmadyne: sys_socket[PID: 825 (xmldbc)]: family:1, type:2, protocol:0
[  221.236576] firmadyne: sys_socket[PID: 826 (xmldbc)]: family:1, type:2, protocol:0
[  221.297942] firmadyne: sys_socket[PID: 827 (xmldbc)]: family:1, type:2, protocol:0
[  221.360768] firmadyne: sys_socket[PID: 828 (xmldbc)]: family:1, type:2, protocol:0
[  221.420936] firmadyne: sys_socket[PID: 829 (xmldbc)]: family:1, type:2, protocol:0
[  221.482333] firmadyne: sys_socket[PID: 830 (xmldbc)]: family:1, type:2, protocol:0
[  221.545254] firmadyne: sys_socket[PID: 831 (xmldbc)]: family:1, type:2, protocol:0
[  221.606607] firmadyne: sys_socket[PID: 832 (xmldbc)]: family:1, type:2, protocol:0
[  221.667883] firmadyne: sys_socket[PID: 833 (xmldbc)]: family:1, type:2, protocol:0
[  221.730032] firmadyne: sys_socket[PID: 834 (xmldbc)]: family:1, type:2, protocol:0
[  221.793372] firmadyne: sys_socket[PID: 835 (xmldbc)]: family:1, type:2, protocol:0
[  221.854440] firmadyne: sys_socket[PID: 836 (xmldbc)]: family:1, type:2, protocol:0
[  221.915774] firmadyne: sys_socket[PID: 837 (xmldbc)]: family:1, type:2, protocol:0
[  221.979619] firmadyne: sys_socket[PID: 838 (xmldbc)]: family:1, type:2, protocol:0
[  222.042918] firmadyne: sys_socket[PID: 839 (xmldbc)]: family:1, type:2, protocol:0
[  222.105674] firmadyne: sys_socket[PID: 840 (xmldbc)]: family:1, type:2, protocol:0
[  222.169034] firmadyne: sys_socket[PID: 841 (xmldbc)]: family:1, type:2, protocol:0
[  222.313067] firmadyne: sys_socket[PID: 845 (xmldbc)]: family:1, type:2, protocol:0
[  222.376216] firmadyne: sys_socket[PID: 846 (xmldbc)]: family:1, type:2, protocol:0
[  222.436658] firmadyne: sys_socket[PID: 847 (xmldbc)]: family:1, type:2, protocol:0
[  222.497525] firmadyne: sys_socket[PID: 848 (xmldbc)]: family:1, type:2, protocol:0
[  222.560397] firmadyne: sys_socket[PID: 849 (xmldbc)]: family:1, type:2, protocol:0
[  222.621024] firmadyne: sys_socket[PID: 850 (xmldbc)]: family:1, type:2, protocol:0
[  222.681851] firmadyne: sys_socket[PID: 851 (xmldbc)]: family:1, type:2, protocol:0
[  222.744709] firmadyne: sys_socket[PID: 852 (xmldbc)]: family:1, type:2, protocol:0
[  222.807400] firmadyne: sys_socket[PID: 853 (xmldbc)]: family:1, type:2, protocol:0
[  222.869636] firmadyne: sys_socket[PID: 854 (xmldbc)]: family:1, type:2, protocol:0
[  222.932361] firmadyne: sys_socket[PID: 855 (xmldbc)]: family:1, type:2, protocol:0
[  222.993664] firmadyne: sys_socket[PID: 856 (xmldbc)]: family:1, type:2, protocol:0
[  223.055238] firmadyne: sys_socket[PID: 857 (xmldbc)]: family:1, type:2, protocol:0
[  223.116556] firmadyne: sys_socket[PID: 858 (xmldbc)]: family:1, type:2, protocol:0
[  223.178396] firmadyne: sys_socket[PID: 859 (xmldbc)]: family:1, type:2, protocol:0
[  223.240242] firmadyne: sys_socket[PID: 860 (xmldbc)]: family:1, type:2, protocol:0
[  223.301178] firmadyne: sys_socket[PID: 861 (xmldbc)]: family:1, type:2, protocol:0
[  223.364818] firmadyne: sys_socket[PID: 862 (xmldbc)]: family:1, type:2, protocol:0
[  223.426092] firmadyne: sys_socket[PID: 863 (xmldbc)]: family:1, type:2, protocol:0
[  223.571458] firmadyne: sys_socket[PID: 867 (xmldbc)]: family:1, type:2, protocol:0
[  223.633138] firmadyne: sys_socket[PID: 868 (xmldbc)]: family:1, type:2, protocol:0
[  223.693829] firmadyne: sys_socket[PID: 869 (xmldbc)]: family:1, type:2, protocol:0
[  223.756844] firmadyne: sys_socket[PID: 870 (xmldbc)]: family:1, type:2, protocol:0
[  223.819593] firmadyne: sys_socket[PID: 871 (xmldbc)]: family:1, type:2, protocol:0
[  223.881153] firmadyne: sys_socket[PID: 872 (xmldbc)]: family:1, type:2, protocol:0
[  223.944293] firmadyne: sys_socket[PID: 873 (xmldbc)]: family:1, type:2, protocol:0
[  224.005701] firmadyne: sys_socket[PID: 874 (xmldbc)]: family:1, type:2, protocol:0
[  224.063070] firmadyne: sys_socket[PID: 875 (xmldbc)]: family:1, type:2, protocol:0
[  224.124831] firmadyne: sys_socket[PID: 876 (xmldbc)]: family:1, type:2, protocol:0
[  224.188517] firmadyne: sys_socket[PID: 877 (xmldbc)]: family:1, type:2, protocol:0
[  224.249582] firmadyne: sys_socket[PID: 878 (xmldbc)]: family:1, type:2, protocol:0
[  224.311019] firmadyne: sys_socket[PID: 879 (xmldbc)]: family:1, type:2, protocol:0
[  224.373325] firmadyne: sys_socket[PID: 880 (xmldbc)]: family:1, type:2, protocol:0
[  224.434491] firmadyne: sys_socket[PID: 881 (xmldbc)]: family:1, type:2, protocol:0
[  224.496157] firmadyne: sys_socket[PID: 882 (xmldbc)]: family:1, type:2, protocol:0
[  224.558605] firmadyne: sys_socket[PID: 883 (xmldbc)]: family:1, type:2, protocol:0
[  224.620318] firmadyne: sys_socket[PID: 884 (xmldbc)]: family:1, type:2, protocol:0
[  224.681236] firmadyne: sys_socket[PID: 885 (xmldbc)]: family:1, type:2, protocol:0
[  224.828771] firmadyne: sys_socket[PID: 889 (xmldbc)]: family:1, type:2, protocol:0
[  224.891476] firmadyne: sys_socket[PID: 890 (xmldbc)]: family:1, type:2, protocol:0
[  224.954903] firmadyne: sys_socket[PID: 891 (xmldbc)]: family:1, type:2, protocol:0
[  225.016176] firmadyne: sys_socket[PID: 892 (xmldbc)]: family:1, type:2, protocol:0
[  225.077219] firmadyne: sys_socket[PID: 893 (xmldbc)]: family:1, type:2, protocol:0
[  225.139712] firmadyne: sys_socket[PID: 894 (xmldbc)]: family:1, type:2, protocol:0
[  225.200676] firmadyne: sys_socket[PID: 895 (xmldbc)]: family:1, type:2, protocol:0
[  225.256290] firmadyne: sys_socket[PID: 896 (xmldbc)]: family:1, type:2, protocol:0
[  225.316348] firmadyne: sys_socket[PID: 897 (xmldbc)]: family:1, type:2, protocol:0
[  225.378447] firmadyne: sys_socket[PID: 898 (xmldbc)]: family:1, type:2, protocol:0
[  225.438912] firmadyne: sys_socket[PID: 899 (xmldbc)]: family:1, type:2, protocol:0
[  225.500219] firmadyne: sys_socket[PID: 900 (xmldbc)]: family:1, type:2, protocol:0
[  225.557692] firmadyne: sys_socket[PID: 901 (xmldbc)]: family:1, type:2, protocol:0
[  225.618558] firmadyne: sys_socket[PID: 902 (xmldbc)]: family:1, type:2, protocol:0
[  225.680844] firmadyne: sys_socket[PID: 903 (xmldbc)]: family:1, type:2, protocol:0
[  225.743862] firmadyne: sys_socket[PID: 904 (xmldbc)]: family:1, type:2, protocol:0
[  225.806598] firmadyne: sys_socket[PID: 905 (xmldbc)]: family:1, type:2, protocol:0
[  225.868380] firmadyne: sys_socket[PID: 906 (xmldbc)]: family:1, type:2, protocol:0
[  225.931060] firmadyne: sys_socket[PID: 907 (xmldbc)]: family:1, type:2, protocol:0
[  226.078182] firmadyne: sys_socket[PID: 911 (xmldbc)]: family:1, type:2, protocol:0
[  226.140781] firmadyne: sys_socket[PID: 912 (xmldbc)]: family:1, type:2, protocol:0
[  226.202294] firmadyne: sys_socket[PID: 913 (xmldbc)]: family:1, type:2, protocol:0
[  226.268444] firmadyne: sys_socket[PID: 914 (xmldbc)]: family:1, type:2, protocol:0
[  226.332289] firmadyne: sys_socket[PID: 915 (xmldbc)]: family:1, type:2, protocol:0
[  226.393282] firmadyne: sys_socket[PID: 916 (xmldbc)]: family:1, type:2, protocol:0
[  226.454158] firmadyne: sys_socket[PID: 917 (xmldbc)]: family:1, type:2, protocol:0
[  226.516266] firmadyne: sys_socket[PID: 918 (xmldbc)]: family:1, type:2, protocol:0
[  226.579107] firmadyne: sys_socket[PID: 919 (xmldbc)]: family:1, type:2, protocol:0
[  226.640486] firmadyne: sys_socket[PID: 920 (xmldbc)]: family:1, type:2, protocol:0
[  226.701634] firmadyne: sys_socket[PID: 921 (xmldbc)]: family:1, type:2, protocol:0
[  226.764274] firmadyne: sys_socket[PID: 922 (xmldbc)]: family:1, type:2, protocol:0
[  226.825895] firmadyne: sys_socket[PID: 923 (xmldbc)]: family:1, type:2, protocol:0
[  226.887840] firmadyne: sys_socket[PID: 924 (xmldbc)]: family:1, type:2, protocol:0
[  226.950176] firmadyne: sys_socket[PID: 925 (xmldbc)]: family:1, type:2, protocol:0
[  227.011587] firmadyne: sys_socket[PID: 926 (xmldbc)]: family:1, type:2, protocol:0
[  227.073029] firmadyne: sys_socket[PID: 927 (xmldbc)]: family:1, type:2, protocol:0
[  227.135212] firmadyne: sys_socket[PID: 928 (xmldbc)]: family:1, type:2, protocol:0
[  227.196089] firmadyne: sys_socket[PID: 929 (xmldbc)]: family:1, type:2, protocol:0
[  227.392095] firmadyne: sys_socket[PID: 934 (xmldbc)]: family:1, type:2, protocol:0
[  227.453883] firmadyne: sys_socket[PID: 935 (xmldbc)]: family:1, type:2, protocol:0
[  227.514670] firmadyne: sys_socket[PID: 936 (xmldbc)]: family:1, type:2, protocol:0
[  227.578142] firmadyne: sys_socket[PID: 937 (xmldbc)]: family:1, type:2, protocol:0
[  227.639573] firmadyne: sys_socket[PID: 938 (xmldbc)]: family:1, type:2, protocol:0
[  227.700875] firmadyne: sys_socket[PID: 939 (xmldbc)]: family:1, type:2, protocol:0
[  227.847877] firmadyne: sys_socket[PID: 943 (xmldbc)]: family:1, type:2, protocol:0
[  227.909439] firmadyne: sys_socket[PID: 944 (xmldbc)]: family:1, type:2, protocol:0
[  227.972937] firmadyne: sys_socket[PID: 945 (xmldbc)]: family:1, type:2, protocol:0
[  228.035072] firmadyne: sys_socket[PID: 946 (xmldbc)]: family:1, type:2, protocol:0
[  228.096550] firmadyne: sys_socket[PID: 947 (xmldbc)]: family:1, type:2, protocol:0
[  228.159357] firmadyne: sys_socket[PID: 948 (xmldbc)]: family:1, type:2, protocol:0
[  228.345264] firmadyne: sys_socket[PID: 953 (xmldbc)]: family:1, type:2, protocol:0
[  228.489149] firmadyne: sys_socket[PID: 957 (xmldbc)]: family:1, type:2, protocol:0
[  228.633396] firmadyne: sys_socket[PID: 961 (xmldbc)]: family:1, type:2, protocol:0
[  228.772965] firmadyne: sys_socket[PID: 965 (xmldbc)]: family:1, type:2, protocol:0
[  228.918377] firmadyne: sys_socket[PID: 969 (xmldbc)]: family:1, type:2, protocol:0
[  229.063525] firmadyne: sys_socket[PID: 973 (xmldbc)]: family:1, type:2, protocol:0
[  229.208876] firmadyne: sys_socket[PID: 977 (xmldbc)]: family:1, type:2, protocol:0
[  229.354580] firmadyne: sys_socket[PID: 981 (xmldbc)]: family:1, type:2, protocol:0
[  229.498350] firmadyne: sys_socket[PID: 985 (xmldbc)]: family:1, type:2, protocol:0
[  229.644927] firmadyne: sys_socket[PID: 989 (xmldbc)]: family:1, type:2, protocol:0
[  229.790264] firmadyne: sys_socket[PID: 993 (xmldbc)]: family:1, type:2, protocol:0
[  229.937333] firmadyne: sys_socket[PID: 997 (xmldbc)]: family:1, type:2, protocol:0
[  230.082234] firmadyne: sys_socket[PID: 1001 (xmldbc)]: family:1, type:2, protocol:0
[  230.227463] firmadyne: sys_socket[PID: 1005 (xmldbc)]: family:1, type:2, protocol:0
[  230.372955] firmadyne: sys_socket[PID: 1009 (xmldbc)]: family:1, type:2, protocol:0
[  230.516190] firmadyne: sys_socket[PID: 1013 (xmldbc)]: family:1, type:2, protocol:0
[  230.661892] firmadyne: sys_socket[PID: 1017 (xmldbc)]: family:1, type:2, protocol:0
[  230.807338] firmadyne: sys_socket[PID: 1021 (xmldbc)]: family:1, type:2, protocol:0
[  230.952322] firmadyne: sys_socket[PID: 1025 (xmldbc)]: family:1, type:2, protocol:0
[  231.093084] firmadyne: sys_socket[PID: 1029 (xmldbc)]: family:1, type:2, protocol:0
[  231.231970] firmadyne: sys_socket[PID: 1033 (xmldbc)]: family:1, type:2, protocol:0
[  231.371180] firmadyne: sys_socket[PID: 1037 (xmldbc)]: family:1, type:2, protocol:0
[  231.508699] firmadyne: sys_socket[PID: 1041 (xmldbc)]: family:1, type:2, protocol:0
[  231.647409] firmadyne: sys_socket[PID: 1045 (xmldbc)]: family:1, type:2, protocol:0
[  231.788089] firmadyne: sys_socket[PID: 1049 (xmldbc)]: family:1, type:2, protocol:0
[  231.932018] firmadyne: sys_socket[PID: 1053 (xmldbc)]: family:1, type:2, protocol:0
[  232.073358] firmadyne: sys_socket[PID: 1057 (xmldbc)]: family:1, type:2, protocol:0
[  232.213199] firmadyne: sys_socket[PID: 1061 (xmldbc)]: family:1, type:2, protocol:0
[  232.351442] firmadyne: sys_socket[PID: 1065 (xmldbc)]: family:1, type:2, protocol:0
[  232.487694] firmadyne: sys_socket[PID: 1069 (xmldbc)]: family:1, type:2, protocol:0
[  232.625937] firmadyne: sys_socket[PID: 1073 (xmldbc)]: family:1, type:2, protocol:0
[  232.764187] firmadyne: sys_socket[PID: 1077 (xmldbc)]: family:1, type:2, protocol:0
[  232.904946] firmadyne: sys_socket[PID: 1081 (xmldbc)]: family:1, type:2, protocol:0
[  232.965373] firmadyne: sys_socket[PID: 1082 (xmldbc)]: family:1, type:2, protocol:0
[  233.019407] firmadyne: sys_socket[PID: 1083 (xmldbc)]: family:1, type:2, protocol:0
[  233.077309] firmadyne: sys_socket[PID: 1084 (xmldbc)]: family:1, type:2, protocol:0
[  233.136357] firmadyne: sys_socket[PID: 1085 (xmldbc)]: family:1, type:2, protocol:0
[  233.195191] firmadyne: sys_socket[PID: 1086 (xmldbc)]: family:1, type:2, protocol:0
[  233.254294] firmadyne: sys_socket[PID: 1087 (xmldbc)]: family:1, type:2, protocol:0
[  233.315162] firmadyne: sys_socket[PID: 1088 (xmldbc)]: family:1, type:2, protocol:0
[  233.375899] firmadyne: sys_socket[PID: 1089 (xmldbc)]: family:1, type:2, protocol:0
PHP [/etc/defnodes/S11setnodes.php] ...
[  233.496929] firmadyne: sys_socket[PID: 1092 (rgdb)]: family:1, type:2, protocol:0
PHP [/etc/defnodes/S12features.php] ...
[  234.373574] firmadyne: sys_socket[PID: 1105 (rgdb)]: family:1, type:2, protocol:0
PHP [/etc/defnodes/S13flashspeed.php] ...
[  234.504714] firmadyne: sys_socket[PID: 1108 (rgdb)]: family:1, type:2, protocol:0
PHP [/etc/defnodes/S20setnodes.php] ...
[  234.762037] firmadyne: sys_socket[PID: 1113 (rgdb)]: family:1, type:2, protocol:0
[  235.237952] UDF-fs: warning (device mtdblock4): udf_fill_super: No partition found (2)
mount: mounting /dev/mtdblock/4 on /www/locale/alt failed: Invalid argument
PHP [/etc/defnodes/S40brand.php] ...
[  235.353194] firmadyne: sys_socket[PID: 1125 (rgdb)]: family:1, type:2, protocol:0
[/etc/scripts/misc/defnodes.sh] Done !!
[/etc/scripts/misc/profile.sh] put ...
[  236.045844] firmadyne: sys_socket[PID: 1133 (rgdb)]: family:1, type:2, protocol:0
ok
[  237.087018] firmadyne: sys_socket[PID: 1139 (rgdb)]: family:1, type:2, protocol:0
[  237.165472] firmadyne: sys_socket[PID: 1141 (rgdb)]: family:1, type:2, protocol:0
[/etc/templates/timezone.sh] ...
[  237.349031] firmadyne: sys_socket[PID: 1146 (rgdb)]: family:1, type:2, protocol:0
[  237.553814] firmadyne: sys_socket[PID: 1151 (rgdb)]: family:1, type:2, protocol:0
[  241.640372] firmadyne: sys_socket[PID: 1155 (rgdb)]: family:1, type:2, protocol:0
[  241.725987] firmadyne: sys_socket[PID: 1157 (rgdb)]: family:1, type:2, protocol:0
[  241.813221] firmadyne: sys_socket[PID: 1159 (rgdb)]: family:1, type:2, protocol:0
[  241.899549] firmadyne: sys_socket[PID: 1161 (rgdb)]: family:1, type:2, protocol:0
[  241.984937] firmadyne: sys_socket[PID: 1163 (rgdb)]: family:1, type:2, protocol:0
[  242.074550] firmadyne: sys_socket[PID: 1165 (rgdb)]: family:1, type:2, protocol:0
[  242.160632] firmadyne: sys_socket[PID: 1167 (rgdb)]: family:1, type:2, protocol:0
[  242.245200] firmadyne: sys_socket[PID: 1169 (rgdb)]: family:1, type:2, protocol:0
[  242.332455] firmadyne: sys_socket[PID: 1171 (rgdb)]: family:1, type:2, protocol:0
[  242.418268] firmadyne: sys_socket[PID: 1173 (rgdb)]: family:1, type:2, protocol:0
[  242.504445] firmadyne: sys_socket[PID: 1175 (rgdb)]: family:1, type:2, protocol:0
[/etc/templates/logs.sh] ...
[  243.521369] firmadyne: sys_socket[PID: 1203 (rgdb)]: family:1, type:2, protocol:0
[  243.625760] firmadyne: sys_socket[PID: 1205 (rgdb)]: family:1, type:2, protocol:0
[/var/run/logs_run.sh] ...
[  244.253856] firmadyne: sys_socket[PID: 1210 (syslogd)]: family:1, type:1, protocol:0
[  244.413819] firmadyne: sys_socket[PID: 1215 (rgdb)]: family:1, type:2, protocol:0
[  244.627103] firmadyne: sys_socket[PID: 1219 (ifconfig)]: family:2, type:1, protocol:0
[  244.682323] 8021q: adding VLAN 0 to HW filter on device eth0
[  244.691363] e1000: eth0 NIC Link is Up 1000 Mbps Full Duplex, Flow Control: RX
[  247.797892] firmadyne: sys_socket[PID: 1221 (rgdb)]: family:1, type:2, protocol:0
[  248.148870] firmadyne: sys_socket[PID: 1233 (rgdb)]: family:1, type:2, protocol:0
[  248.340101] firmadyne: sys_socket[PID: 1239 (rgdb)]: family:1, type:2, protocol:0
[  248.365620] firmadyne: sys_socket[PID: 1240 (ifconfig)]: family:2, type:1, protocol:0
[  248.368827] firmadyne: __inet_insert_ifa[PID: 1240 (ifconfig)]: device:lo ifa:0x7f000001
[  248.426939] firmadyne: sys_socket[PID: 1241 (brctl)]: family:2, type:2, protocol:0
[  248.535515] firmadyne: sys_socket[PID: 1244 (brctl)]: family:2, type:2, protocol:0
[  248.539851] firmadyne: sys_socket[PID: 1244 (brctl)]: family:10, type:1, protocol:0
[  248.595841] firmadyne: sys_socket[PID: 1245 (brctl)]: family:2, type:2, protocol:0
[  248.599889] firmadyne: sys_socket[PID: 1245 (brctl)]: family:10, type:1, protocol:0
[/etc/init.d/S03config.sh] done!
[/etc/init.d/S10system.sh]
start Layout ...
[/etc/scripts/layout.sh] start ...
[  248.996539] firmadyne: sys_socket[PID: 1255 (rgdb)]: family:1, type:2, protocol:0
[  249.143971] firmadyne: sys_socket[PID: 1256 (rgdb)]: family:1, type:2, protocol:0
[/var/run/layout_start.sh] ...
Start bridge layout ...
[  249.305761] firmadyne: sys_socket[PID: 1260 (ifconfig)]: family:2, type:1, protocol:0
[  249.355818] firmadyne: sys_socket[PID: 1261 (brctl)]: family:2, type:2, protocol:0
[  249.360107] firmadyne: sys_socket[PID: 1261 (brctl)]: family:10, type:1, protocol:0
[  249.363823] firmadyne: sys_socket[PID: 1261 (brctl)]: family:10, type:1, protocol:0
[  249.365503] firmadyne: br_add_if[PID: 1261 (brctl)]: br:br0 dev:eth0
[  249.372173] device eth0 entered promiscuous mode
[  249.464643] firmadyne: sys_socket[PID: 1264 (xmldbc)]: family:1, type:2, protocol:0
[  249.554259] firmadyne: sys_socket[PID: 1267 (ifconfig)]: family:2, type:1, protocol:0
[  249.556377] br0: port 1(eth0) entered forwarding state
[  249.557300] br0: port 1(eth0) entered forwarding state
[  249.610056] firmadyne: sys_socket[PID: 1268 (rgdb)]: family:1, type:2, protocol:0
start LAN ...
[/etc/templates/lan.sh] ...
[  249.781238] firmadyne: sys_socket[PID: 1273 (rgdb)]: family:1, type:2, protocol:0
[  249.945038] firmadyne: sys_socket[PID: 1276 (rgdb)]: family:1, type:2, protocol:0
[  250.068135] firmadyne: sys_socket[PID: 1277 (rgdb)]: family:1, type:2, protocol:0
[/var/run/lan_start.sh] ...
Bridge mode selected, LAN is disabled !
start web server ...
[/etc/templates/webs.sh] start ...
[  250.383657] firmadyne: sys_socket[PID: 1285 (rgdb)]: family:1, type:2, protocol:0
[  250.473878] firmadyne: sys_socket[PID: 1287 (rgdb)]: family:1, type:2, protocol:0
[  250.627621] firmadyne: sys_socket[PID: 1290 (rgdb)]: family:1, type:2, protocol:0
[  250.792823] firmadyne: sys_socket[PID: 1291 (rgdb)]: family:1, type:2, protocol:0
[/var/run/webs_start.sh] ...
Starting HTTPD ...
start eth0 vlan setup ...
/etc/scripts/eth_vlan.sh: not found
[  251.218909] firmadyne: sys_socket[PID: 1301 (rgdb)]: family:1, type:2, protocol:0
[  251.253489] firmadyne: sys_socket[PID: 1302 (rgdb)]: family:1, type:2, protocol:0
[  251.472761] firmadyne: sys_socket[PID: 1303 (rgdb)]: family:1, type:2, protocol:0
#!/bin/sh
echo [$0] ... > /dev/console

# limitedadmin.php <<<

limitedadmin.sh...
[  251.792150] firmadyne: sys_socket[PID: 1307 (brctl)]: family:2, type:2, protocol:0
[  251.799764] firmadyne: sys_socket[PID: 1307 (brctl)]: family:10, type:1, protocol:0
[  251.902580] firmadyne: sys_socket[PID: 1308 (brctl)]: family:2, type:2, protocol:0
[  251.913017] firmadyne: sys_socket[PID: 1308 (brctl)]: family:10, type:1, protocol:0
[  252.021366] firmadyne: sys_socket[PID: 1309 (brctl)]: family:2, type:2, protocol:0
[  252.032855] firmadyne: sys_socket[PID: 1309 (brctl)]: family:10, type:1, protocol:0
[  252.140816] firmadyne: sys_socket[PID: 1310 (brctl)]: family:2, type:2, protocol:0
[  252.148216] firmadyne: sys_socket[PID: 1310 (brctl)]: family:10, type:1, protocol:0
[  252.259823] firmadyne: sys_socket[PID: 1311 (brctl)]: family:2, type:2, protocol:0
[  252.267338] firmadyne: sys_socket[PID: 1311 (brctl)]: family:10, type:1, protocol:0
[  252.376436] firmadyne: sys_socket[PID: 1312 (brctl)]: family:2, type:2, protocol:0
[  252.384017] firmadyne: sys_socket[PID: 1312 (brctl)]: family:10, type:1, protocol:0
start fresetd ...
enable LAN ports ...
[  252.641896] firmadyne: sys_socket[PID: 1314 (servd)]: family:1, type:2, protocol:0
Factory reset time : 5 secs
System reset time  : 1 secs
WPS command : [/etc/templates/wps.sh pbc &]
[  252.757611] firmadyne: sys_socket[PID: 1305 (httpd)]: family:10, type:2, protocol:6
[  252.771702] firmadyne: sys_setsockopt[PID: 1305 (httpd)]: fd:4, level:65535, optname:4
[/etc/scripts/enlan.sh] ...
/dev/gpio: No such device or address
[  252.868583] firmadyne: sys_socket[PID: 1317 (fresetd)]: family:1, type:1, protocol:0
 Generate channel table according to the country code...
[  252.974643] firmadyne: sys_socket[PID: 1327 (httpd)]: family:1, type:1, protocol:0
[  253.025620] firmadyne: sys_socket[PID: 1330 (genchanneltable)]: family:1, type:2, protocol:0
[  253.041724] firmadyne: sys_socket[PID: 1330 (genchanneltable)]: family:1, type:2, protocol:0
[  253.048421] firmadyne: sys_socket[PID: 1330 (genchanneltable)]: family:1, type:2, protocol:0
[  253.084790] firmadyne: sys_socket[PID: 1331 (getsys)]: family:1, type:2, protocol:0
UNKNOW country code!! Use USA for default!!
[  253.192639] firmadyne: sys_socket[PID: 1330 (genchanneltable)]: family:1, type:2, protocol:0
[  253.199918] firmadyne: sys_socket[PID: 1331 (getsys)]: family:1, type:2, protocol:0
[  253.205317] firmadyne: sys_socket[PID: 1330 (genchanneltable)]: family:1, type:2, protocol:0
[  253.212166] firmadyne: sys_socket[PID: 1331 (getsys)]: family:1, type:2, protocol:0
[  253.217349] firmadyne: sys_socket[PID: 1330 (genchanneltable)]: family:1, type:2, protocol:0
[  253.224146] firmadyne: sys_socket[PID: 1331 (getsys)]: family:1, type:2, protocol:0
[  253.229257] firmadyne: sys_socket[PID: 1330 (genchanneltable)]: family:1, type:2, protocol:0
[  253.235948] firmadyne: sys_socket[PID: 1331 (getsys)]: family:1, type:2, protocol:0
[  253.240906] firmadyne: sys_socket[PID: 1330 (genchanneltable)]: family:1, type:2, protocol:0
[  253.247413] firmadyne: sys_socket[PID: 1331 (getsys)]: family:1, type:2, protocol:0
[  253.251535] firmadyne: sys_socket[PID: 1330 (genchanneltable)]: family:1, type:2, protocol:0
[  253.258187] firmadyne: sys_socket[PID: 1331 (getsys)]: family:1, type:2, protocol:0
[  253.262344] firmadyne: sys_socket[PID: 1330 (genchanneltable)]: family:1, type:2, protocol:0
[  253.269235] firmadyne: sys_socket[PID: 1331 (getsys)]: family:1, type:2, protocol:0
[  253.274005] firmadyne: sys_socket[PID: 1330 (genchanneltable)]: family:1, type:2, protocol:0
[  253.281407] firmadyne: sys_socket[PID: 1331 (getsys)]: family:1, type:2, protocol:0
[  253.286606] firmadyne: sys_socket[PID: 1330 (genchanneltable)]: family:1, type:2, protocol:0
[  253.293304] firmadyne: sys_socket[PID: 1331 (getsys)]: family:1, type:2, protocol:0
[  253.298390] firmadyne: sys_socket[PID: 1330 (genchanneltable)]: family:1, type:2, protocol:0
[  253.305558] firmadyne: sys_socket[PID: 1331 (getsys)]: family:1, type:2, protocol:0
[  253.310440] firmadyne: sys_socket[PID: 1330 (genchanneltable)]: family:1, type:2, protocol:0
[  253.317231] firmadyne: sys_socket[PID: 1331 (getsys)]: family:1, type:2, protocol:0
[  253.322135] firmadyne: sys_socket[PID: 1330 (genchanneltable)]: family:1, type:2, protocol:0
[  253.330248] firmadyne: sys_socket[PID: 1331 (getsys)]: family:1, type:2, protocol:0
[  253.335119] firmadyne: sys_socket[PID: 1330 (genchanneltable)]: family:1, type:2, protocol:0
[  253.342136] firmadyne: sys_socket[PID: 1331 (getsys)]: family:1, type:2, protocol:0
[  253.346704] firmadyne: sys_socket[PID: 1330 (genchanneltable)]: family:1, type:2, protocol:0
[  253.353897] firmadyne: sys_socket[PID: 1331 (getsys)]: family:1, type:2, protocol:0
[  253.358383] firmadyne: sys_socket[PID: 1330 (genchanneltable)]: family:1, type:2, protocol:0
[  253.365459] firmadyne: sys_socket[PID: 1331 (getsys)]: family:1, type:2, protocol:0
[  253.370395] firmadyne: sys_socket[PID: 1330 (genchanneltable)]: family:1, type:2, protocol:0
[  253.377080] firmadyne: sys_socket[PID: 1331 (getsys)]: family:1, type:2, protocol:0
[  253.382171] firmadyne: sys_socket[PID: 1330 (genchanneltable)]: family:1, type:2, protocol:0
[  253.392708] firmadyne: sys_socket[PID: 1331 (getsys)]: family:1, type:2, protocol:0
[  253.397625] firmadyne: sys_socket[PID: 1330 (genchanneltable)]: family:1, type:2, protocol:0
[  253.409036] firmadyne: sys_socket[PID: 1330 (genchanneltable)]: family:1, type:2, protocol:0
[  253.415526] firmadyne: sys_socket[PID: 1330 (genchanneltable)]: family:1, type:2, protocol:0
[  253.427741] firmadyne: sys_socket[PID: 1330 (genchanneltable)]: family:1, type:2, protocol:0
[  253.437420] firmadyne: sys_socket[PID: 1330 (genchanneltable)]: family:1, type:2, protocol:0
[  253.448353] firmadyne: sys_socket[PID: 1330 (genchanneltable)]: family:1, type:2, protocol:0
[  253.454700] firmadyne: sys_socket[PID: 1330 (genchanneltable)]: family:1, type:2, protocol:0
[  253.464454] firmadyne: sys_socket[PID: 1330 (genchanneltable)]: family:1, type:2, protocol:0
[  253.470515] firmadyne: sys_socket[PID: 1330 (genchanneltable)]: family:1, type:2, protocol:0
[  253.478573] firmadyne: sys_socket[PID: 1330 (genchanneltable)]: family:1, type:2, protocol:0
[  253.488659] firmadyne: sys_socket[PID: 1330 (genchanneltable)]: family:1, type:2, protocol:0
[  253.494912] firmadyne: sys_socket[PID: 1330 (genchanneltable)]: family:1, type:2, protocol:0
/dev/gpio: No such device or address
 Generate VLAN table according to the port...
[  253.585014] firmadyne: sys_socket[PID: 1339 (genVLANTableByP)]: family:1, type:2, protocol:0
[  253.592598] firmadyne: sys_socket[PID: 1339 (genVLANTableByP)]: family:1, type:2, protocol:0
[  253.598132] firmadyne: sys_socket[PID: 1339 (genVLANTableByP)]: family:1, type:2, protocol:0
[  253.604436] firmadyne: sys_socket[PID: 1339 (genVLANTableByP)]: family:1, type:2, protocol:0
[  253.609909] firmadyne: sys_socket[PID: 1339 (genVLANTableByP)]: family:1, type:2, protocol:0
[  253.616402] firmadyne: sys_socket[PID: 1339 (genVLANTableByP)]: family:1, type:2, protocol:0
[  253.622977] firmadyne: sys_socket[PID: 1339 (genVLANTableByP)]: family:1, type:2, protocol:0
[  253.629281] firmadyne: sys_socket[PID: 1339 (genVLANTableByP)]: family:1, type:2, protocol:0
[  253.635998] firmadyne: sys_socket[PID: 1339 (genVLANTableByP)]: family:1, type:2, protocol:0
[  253.642585] firmadyne: sys_socket[PID: 1339 (genVLANTableByP)]: family:1, type:2, protocol:0
[  253.649335] firmadyne: sys_socket[PID: 1339 (genVLANTableByP)]: family:1, type:2, protocol:0
[  253.655224] firmadyne: sys_socket[PID: 1339 (genVLANTableByP)]: family:1, type:2, protocol:0
[  253.661350] firmadyne: sys_socket[PID: 1339 (genVLANTableByP)]: family:1, type:2, protocol:0
[  253.667930] firmadyne: sys_socket[PID: 1339 (genVLANTableByP)]: family:1, type:2, protocol:0
[  253.673455] firmadyne: sys_socket[PID: 1339 (genVLANTableByP)]: family:1, type:2, protocol:0
[  253.679610] firmadyne: sys_socket[PID: 1339 (genVLANTableByP)]: family:1, type:2, protocol:0
[  253.685050] firmadyne: sys_socket[PID: 1339 (genVLANTableByP)]: family:1, type:2, protocol:0
[  253.691493] firmadyne: sys_socket[PID: 1339 (genVLANTableByP)]: family:1, type:2, protocol:0
[  253.697399] firmadyne: sys_socket[PID: 1339 (genVLANTableByP)]: family:1, type:2, protocol:0
[  253.703604] firmadyne: sys_socket[PID: 1339 (genVLANTableByP)]: family:1, type:2, protocol:0
[  253.709125] firmadyne: sys_socket[PID: 1339 (genVLANTableByP)]: family:1, type:2, protocol:0
