[    0.000000] Linux version 4.1.17+ (alessio@pc) (gcc version 5.5.0 20171010 (Ubuntu 5.5.0-12ubuntu1) ) #1 Mon May 15 23:04:08 CEST 2023
[    0.000000] earlycon: Early serial console at I/O port 0x3f8 (options '38400n8')
[    0.000000] bootconsole [uart0] enabled
[    0.000000] CPU0 revision is: 00019300 (MIPS 24Kc)
[    0.000000] FPU revision is: 00739300
[    0.000000] Software DMA cache coherency enabled
[    0.000000] Determined physical RAM map:
[    0.000000]  memory: 00001000 @ 00000000 (reserved)
[    0.000000]  memory: 000ef000 @ 00001000 (ROM data)
[    0.000000]  memory: 00798000 @ 000f0000 (reserved)
[    0.000000]  memory: 0f777000 @ 00888000 (usable)
[    0.000000] debug: ignoring loglevel setting.
[    0.000000] Wasting 69888 bytes for tracking 2184 unused pages
[    0.000000] Initrd not found or empty - disabling initrd
[    0.000000] Zone ranges:
[    0.000000]   DMA      [mem 0x0000000000000000-0x0000000000ffffff]
[    0.000000]   Normal   [mem 0x0000000001000000-0x000000000fffefff]
[    0.000000] Movable zone start for each node
[    0.000000] Early memory node ranges
[    0.000000]   node   0: [mem 0x0000000000000000-0x000000000fffefff]
[    0.000000] Initmem setup node 0 [mem 0x0000000000000000-0x000000000fffefff]
[    0.000000] On node 0 totalpages: 65535
[    0.000000] free_area_init_node: node 0, pgdat 8081d5b0, node_mem_map 81000000
[    0.000000]   DMA zone: 32 pages used for memmap
[    0.000000]   DMA zone: 0 pages reserved
[    0.000000]   DMA zone: 4096 pages, LIFO batch:0
[    0.000000]   Normal zone: 480 pages used for memmap
[    0.000000]   Normal zone: 61439 pages, LIFO batch:15
[    0.000000] Primary instruction cache 2kB, VIPT, 2-way, linesize 16 bytes.
[    0.000000] Primary data cache 2kB, 2-way, VIPT, no aliases, linesize 16 bytes
[    0.000000] pcpu-alloc: s0 r0 d32768 u32768 alloc=1*32768
[    0.000000] pcpu-alloc: [0] 0 
[    0.000000] Built 1 zonelists in Zone order, mobility grouping on.  Total pages: 65023
[    0.000000] Kernel command line: root=/dev/sda1 console=ttyS0 nandsim.parts=64,64,64,64,64,64,64,64,64,64 rdinit=/firmadyne/preInit.sh rw debug ignore_loglevel print-fatal-signals=1 FIRMAE_NET=true FIRMAE_NVRAM=true FIRMAE_KERNEL=true FIRMAE_ETC=true user_debug=0 firmadyne.syscall=1 noka
[    0.000000] found FIRMAE_KERNEL=t
[    0.000000] set the LD_PRELOAD=/firmadyne/libnvram_ioctl.so
[    0.000000] PID hash table entries: 1024 (order: 0, 4096 bytes)
[    0.000000] Dentry cache hash table entries: 32768 (order: 5, 131072 bytes)
[    0.000000] Inode-cache hash table entries: 16384 (order: 4, 65536 bytes)
[    0.000000] Writing ErrCtl register=00000000
[    0.000000] Readback ErrCtl register=00000000
[    0.000000] Memory: 251112K/262140K available (5360K kernel code, 244K rwdata, 1676K rodata, 260K init, 158K bss, 11028K reserved, 0K cma-reserved)
[    0.000000] NR_IRQS:256
[    0.000000] CPU frequency 200.01 MHz
[    0.000000] clocksource MIPS: mask: 0xffffffff max_cycles: 0xffffffff, max_idle_ns: 19112125323 ns
[    0.000203] sched_clock: 32 bits at 100MHz, resolution 9ns, wraps every 21474297851ns
[    0.015355] Console: colour dummy device 80x25
[    0.016578] Calibrating delay loop... 25.08 BogoMIPS (lpj=50176)
[    0.073440] pid_max: default: 32768 minimum: 301
[    0.077804] Mount-cache hash table entries: 1024 (order: 0, 4096 bytes)
[    0.078290] Mountpoint-cache hash table entries: 1024 (order: 0, 4096 bytes)
[    0.144407] clocksource jiffies: mask: 0xffffffff max_cycles: 0xffffffff, max_idle_ns: 7645041785100000 ns
[    0.155410] NET: Registered protocol family 16
[    0.437938] clocksource pit: mask: 0xffffffff max_cycles: 0xffffffff, max_idle_ns: 1601818034827 ns
[    0.595432] vgaarb: loaded
[    0.601282] SCSI subsystem initialized
[    0.603824] libata version 3.00 loaded.
[    0.608468] usbcore: registered new interface driver usbfs
[    0.610562] usbcore: registered new interface driver hub
[    0.611842] usbcore: registered new device driver usb
[    0.614869] pps_core: LinuxPPS API ver. 1 registered
[    0.615279] pps_core: Software ver. 5.3.6 - Copyright 2005-2007 Rodolfo Giometti <giometti@linux.it>
[    0.616432] PTP clock support registered
[    0.621526] PCI host bridge to bus 0000:00
[    0.622255] pci_bus 0000:00: root bus resource [mem 0x10000000-0x17ffffff]
[    0.622842] pci_bus 0000:00: root bus resource [io  0x1000-0x1fffff]
[    0.623416] pci_bus 0000:00: root bus resource [??? 0x00000000 flags 0x0]
[    0.623964] pci_bus 0000:00: No busn resource found for root bus, will use [bus 00-ff]
[    0.625415] pci 0000:00:00.0: [11ab:4620] type 00 class 0x060000
[    0.626313] pci 0000:00:00.0: [Firmware Bug]: reg 0x14: invalid BAR (can't size)
[    0.626873] pci 0000:00:00.0: [Firmware Bug]: reg 0x18: invalid BAR (can't size)
[    0.627423] pci 0000:00:00.0: [Firmware Bug]: reg 0x1c: invalid BAR (can't size)
[    0.627970] pci 0000:00:00.0: [Firmware Bug]: reg 0x20: invalid BAR (can't size)
[    0.628548] pci 0000:00:00.0: [Firmware Bug]: reg 0x24: invalid BAR (can't size)
[    0.632653] pci 0000:00:0a.0: [8086:7110] type 00 class 0x060100
[    0.636263] pci 0000:00:0a.1: [8086:7111] type 00 class 0x010180
[    0.637167] pci 0000:00:0a.1: reg 0x20: [io  0x0000-0x000f]
[    0.637751] pci 0000:00:0a.1: legacy IDE quirk: reg 0x10: [io  0x01f0-0x01f7]
[    0.638293] pci 0000:00:0a.1: legacy IDE quirk: reg 0x14: [io  0x03f6]
[    0.638833] pci 0000:00:0a.1: legacy IDE quirk: reg 0x18: [io  0x0170-0x0177]
[    0.639375] pci 0000:00:0a.1: legacy IDE quirk: reg 0x1c: [io  0x0376]
[    0.642759] pci 0000:00:0a.2: [8086:7112] type 00 class 0x0c0300
[    0.643418] pci 0000:00:0a.2: reg 0x20: [io  0x0000-0x001f]
[    0.646871] pci 0000:00:0a.3: [8086:7113] type 00 class 0x068000
[    0.648249] pci 0000:00:0a.3: quirk: [io  0x1000-0x103f] claimed by PIIX4 ACPI
[    0.648863] pci 0000:00:0a.3: quirk: [io  0x1100-0x110f] claimed by PIIX4 SMB
[    0.652254] pci 0000:00:12.0: [1013:00b8] type 00 class 0x030000
[    0.652861] pci 0000:00:12.0: reg 0x10: [mem 0x00000000-0x01ffffff pref]
[    0.653453] pci 0000:00:12.0: reg 0x14: [mem 0x00000000-0x00000fff]
[    0.654227] pci 0000:00:12.0: reg 0x30: [mem 0x00000000-0x0000ffff pref]
[    0.656923] vgaarb: device added: PCI:0000:00:12.0,decodes=io+mem,owns=none,locks=none
[    0.658326] pci 0000:00:13.0: [8086:100e] type 00 class 0x020000
[    0.658937] pci 0000:00:13.0: reg 0x10: [mem 0x00000000-0x0001ffff]
[    0.659478] pci 0000:00:13.0: reg 0x14: [io  0x0000-0x003f]
[    0.660082] pci 0000:00:13.0: reg 0x30: [mem 0x00000000-0x0003ffff pref]
[    0.663336] pci 0000:00:14.0: [8086:100e] type 00 class 0x020000
[    0.663927] pci 0000:00:14.0: reg 0x10: [mem 0x00000000-0x0001ffff]
[    0.664465] pci 0000:00:14.0: reg 0x14: [io  0x0000-0x003f]
[    0.665068] pci 0000:00:14.0: reg 0x30: [mem 0x00000000-0x0003ffff pref]
[    0.668460] pci 0000:00:15.0: [8086:100e] type 00 class 0x020000
[    0.669047] pci 0000:00:15.0: reg 0x10: [mem 0x00000000-0x0001ffff]
[    0.669597] pci 0000:00:15.0: reg 0x14: [io  0x0000-0x003f]
[    0.670359] pci 0000:00:15.0: reg 0x30: [mem 0x00000000-0x0003ffff pref]
[    0.673466] pci 0000:00:16.0: [8086:100e] type 00 class 0x020000
[    0.674050] pci 0000:00:16.0: reg 0x10: [mem 0x00000000-0x0001ffff]
[    0.674792] pci 0000:00:16.0: reg 0x14: [io  0x0000-0x003f]
[    0.675400] pci 0000:00:16.0: reg 0x30: [mem 0x00000000-0x0003ffff pref]
[    0.678866] pci_bus 0000:00: busn_res: [bus 00-ff] end is updated to 00
[    0.680392] pci 0000:00:12.0: BAR 0: assigned [mem 0x10000000-0x11ffffff pref]
[    0.681131] pci 0000:00:13.0: BAR 6: assigned [mem 0x12000000-0x1203ffff pref]
[    0.681792] pci 0000:00:14.0: BAR 6: assigned [mem 0x12040000-0x1207ffff pref]
[    0.682413] pci 0000:00:15.0: BAR 6: assigned [mem 0x12080000-0x120bffff pref]
[    0.683203] pci 0000:00:16.0: BAR 6: assigned [mem 0x120c0000-0x120fffff pref]
[    0.683816] pci 0000:00:13.0: BAR 0: assigned [mem 0x12100000-0x1211ffff]
[    0.684417] pci 0000:00:14.0: BAR 0: assigned [mem 0x12120000-0x1213ffff]
[    0.685016] pci 0000:00:15.0: BAR 0: assigned [mem 0x12140000-0x1215ffff]
[    0.685626] pci 0000:00:16.0: BAR 0: assigned [mem 0x12160000-0x1217ffff]
[    0.686242] pci 0000:00:12.0: BAR 6: assigned [mem 0x12180000-0x1218ffff pref]
[    0.686856] pci 0000:00:12.0: BAR 1: assigned [mem 0x12190000-0x12190fff]
[    0.687656] pci 0000:00:13.0: BAR 1: assigned [io  0x1040-0x107f]
[    0.688219] pci 0000:00:14.0: BAR 1: assigned [io  0x1080-0x10bf]
[    0.688777] pci 0000:00:15.0: BAR 1: assigned [io  0x10c0-0x10ff]
[    0.689337] pci 0000:00:16.0: BAR 1: assigned [io  0x1400-0x143f]
[    0.689900] pci 0000:00:0a.2: BAR 4: assigned [io  0x1440-0x145f]
[    0.690463] pci 0000:00:0a.1: BAR 4: assigned [io  0x1460-0x146f]
[    0.708881] cfg80211: Calling CRDA to update world regulatory domain
[    0.723238] Switched to clocksource MIPS
[    0.843917] NET: Registered protocol family 2
[    0.857009] TCP established hash table entries: 2048 (order: 1, 8192 bytes)
[    0.858167] TCP bind hash table entries: 2048 (order: 1, 8192 bytes)
[    0.859447] TCP: Hash tables configured (established 2048 bind 2048)
[    0.860536] UDP hash table entries: 256 (order: 0, 4096 bytes)
[    0.861229] UDP-Lite hash table entries: 256 (order: 0, 4096 bytes)
[    0.865512] NET: Registered protocol family 1
[    0.867385] PCI: Enabling device 0000:00:0a.2 (0000 -> 0001)
[    0.868915] PCI: CLS 0 bytes, default 16
[    0.903154] futex hash table entries: 256 (order: -1, 3072 bytes)
[    0.920986] squashfs: version 4.0 (2009/01/31) Phillip Lougher
[    0.923746] jffs2: version 2.2. (NAND) Â© 2001-2006 Red Hat, Inc.
[    0.927380] romfs: ROMFS MTD (C) 2007 Red Hat, Inc.
[    0.953134] Block layer SCSI generic (bsg) driver version 0.4 loaded (major 251)
[    0.953787] io scheduler noop registered
[    0.954514] io scheduler cfq registered (default)
[    0.955759] firmadyne: devfs: 1, execute: 1, procfs: 1, syscall: 1
[    0.961706] firmadyne: Cannot register character device: gpio, 0xfc, 0x0!
[    0.970723] firmadyne: Cannot register character device: watchdog, 0xa, 0x82!
[    0.971386] firmadyne: Cannot register character device: wdt, 0xfd, 0x0!
[    2.781557] strName = 4.1.17+
[    2.781557] init_task_addr  = 2155778944
[    2.781557] init_task_size  = 1296
[    2.781557] ts_tasks        = 292
[    2.781557] ts_pid          = 408
[    2.781557] ts_tgid         = 412
[    2.781557] ts_group_leader = 440
[    2.781557] ts_thread_group = 496
[    2.781557] ts_real_parent  = 416
[    2.781557] ts_mm           = 300
[    2.781557] ts_stack        = 4
[    2.784000] module_name   = 12
[    2.784000] module_size   = 208
[    2.784000] module_init   = 200
[    2.784000] module_list   = 4
[    2.784906] ts_real_cred    = 624
[    2.784906] ts_cred         = 628
[    2.784906] ts_comm         = 632
[    2.784906] cred_uid        = 4
[    2.784906] cred_gid        = 8
[    2.784906] cred_euid       = 20
[    2.784906] cred_egid       = 24
[    2.786353] mm_mmap         = 0
[    2.786353] mm_pgd          = 32
[    2.786353] mm_arg_start    = 136
[    2.786353] mm_start_brk    = 124
[    2.786353] mm_brk          = 128
[    2.786353] mm_start_stack  = 132
[    2.787833] vma_vm_start    = 0
[    2.787833] vma_vm_end      = 4
[    2.787833] vma_vm_next     = 8
[    2.787833] vma_vm_file     = 80
[    2.787833] vma_vm_flags    = 40
[    2.787833] vma_vm_pgoff    = 76
[    2.789107] file_dentry     = 12
[    2.789107] file_inode      = 40
[    2.789107] dentry_d_name   = 24
[    2.789107] dentry_d_iname  = 44
[    2.789107] dentry_d_parent = 16
[    2.789107] ti_task         = 0
[    2.789107] inode_ino   = 28
[    3.917915] proc_fork_connector  = 2151078840
[    3.918292] proc_exit_connector  = 2151080432
[    3.918631] proc_exec_connector  = 2151079052
[    3.918961] vma_link  = 2149124372
[    3.919427] vma_adjust  = 2149124540
[    3.919725] remove_vma  = 2149122188
[    3.920017] modules  = 2155833724
[    3.920309] trim_init_extable  = 2150545316
[    3.921511] cfg80211: Calling CRDA to update world regulatory domain
[    3.925035] PCI: Enabling device 0000:00:12.0 (0000 -> 0002)
[    3.926266] cirrusfb 0000:00:12.0: Cirrus Logic chipset on PCI bus, RAM (4096 kB) at 0x10000000
[    4.172589] Console: switching to colour frame buffer device 80x30
[    4.246501] Serial: 8250/16550 driver, 4 ports, IRQ sharing enabled
[    4.261793] console [ttyS0] disabled
[    4.289559] serial8250.0: ttyS0 at I/O 0x3f8 (irq = 4, base_baud = 115200) is a 16550A
[    4.290722] console [ttyS0] enabled
[    4.290722] console [ttyS0] enabled
[    4.291480] bootconsole [uart0] disabled
[    4.291480] bootconsole [uart0] disabled
[    4.322523] serial8250.0: ttyS1 at I/O 0x2f8 (irq = 3, base_baud = 115200) is a 16550A
[    4.458343] brd: module loaded
[    4.530158] loop: module loaded
[    4.537712] ata_piix 0000:00:0a.1: version 2.13
[    4.538308] PCI: Enabling device 0000:00:0a.1 (0000 -> 0001)
[    4.566611] scsi host0: ata_piix
[    4.573053] scsi host1: ata_piix
[    4.577469] ata1: PATA max UDMA/33 cmd 0x1f0 ctl 0x3f6 bmdma 0x1460 irq 14
[    4.578013] ata2: PATA max UDMA/33 cmd 0x170 ctl 0x376 bmdma 0x1468 irq 15
[    4.585608] [nandsim] warning: read_byte: unexpected data output cycle, state is STATE_READY return 0x0
[    4.586226] [nandsim] warning: read_byte: unexpected data output cycle, state is STATE_READY return 0x0
[    4.586824] [nandsim] warning: read_byte: unexpected data output cycle, state is STATE_READY return 0x0
[    4.587622] [nandsim] warning: read_byte: unexpected data output cycle, state is STATE_READY return 0x0
[    4.588217] [nandsim] warning: read_byte: unexpected data output cycle, state is STATE_READY return 0x0
[    4.588813] [nandsim] warning: read_byte: unexpected data output cycle, state is STATE_READY return 0x0
[    4.589603] nand: device found, Manufacturer ID: 0x98, Chip ID: 0x39
[    4.590052] nand: Toshiba NAND 128MiB 1,8V 8-bit
[    4.590485] nand: 128 MiB, SLC, erase size: 16 KiB, page size: 512, OOB size: 16
[    4.592446] flash size: 128 MiB
[    4.592730] page size: 512 bytes
[    4.593006] OOB area size: 16 bytes
[    4.593294] sector size: 16 KiB
[    4.593564] pages number: 262144
[    4.593836] pages per sector: 32
[    4.594103] bus width: 8
[    4.594350] bits in sector size: 14
[    4.594632] bits in page size: 9
[    4.594908] bits in OOB size: 4
[    4.595362] flash size with OOB: 135168 KiB
[    4.595681] page address bytes: 4
[    4.595958] sector address bytes: 3
[    4.596240] options: 0x42
[    4.694537] Scanning device for bad blocks
[    6.083603] ata2.01: NODEV after polling detection
[    6.084360] ata1.01: NODEV after polling detection
[    6.086169] ata2.00: ATAPI: QEMU DVD-ROM, 2.5+, max UDMA/100
[    6.089213] ata1.00: ATA-7: QEMU HARDDISK, 2.5+, max UDMA/100
[    6.089697] ata1.00: 2097152 sectors, multi 16: LBA48 
[    6.095882] ata2.00: configured for UDMA/33
[    6.098094] ata1.00: configured for UDMA/33
[    6.108347] scsi 0:0:0:0: Direct-Access     ATA      QEMU HARDDISK    2.5+ PQ: 0 ANSI: 5
[    6.125971] sd 0:0:0:0: [sda] 2097152 512-byte logical blocks: (1.07 GB/1.00 GiB)
[    6.127879] scsi 1:0:0:0: CD-ROM            QEMU     QEMU DVD-ROM     2.5+ PQ: 0 ANSI: 5
[    6.142592] sd 0:0:0:0: [sda] Write Protect is off
[    6.143228] sd 0:0:0:0: [sda] Mode Sense: 00 3a 00 00
[    6.145021] sd 0:0:0:0: [sda] Write cache: enabled, read cache: enabled, doesn't support DPO or FUA
[    6.158054]  sda: sda1
[    6.172350] sd 0:0:0:0: [sda] Attached SCSI disk
[    6.172935] Creating 11 MTD partitions on "NAND 128MiB 1,8V 8-bit":
[    6.173617] 0x000000000000-0x000000100000 : "NAND simulator partition 0"
[    6.185871] 0x000000100000-0x000000200000 : "NAND simulator partition 1"
[    6.197456] 0x000000200000-0x000000300000 : "NAND simulator partition 2"
[    6.209354] 0x000000300000-0x000000400000 : "NAND simulator partition 3"
[    6.221272] 0x000000400000-0x000000500000 : "NAND simulator partition 4"
[    6.233273] 0x000000500000-0x000000600000 : "NAND simulator partition 5"
[    6.245548] 0x000000600000-0x000000700000 : "NAND simulator partition 6"
[    6.257939] 0x000000700000-0x000000800000 : "NAND simulator partition 7"
[    6.270749] 0x000000800000-0x000000900000 : "NAND simulator partition 8"
[    6.282328] 0x000000900000-0x000000a00000 : "NAND simulator partition 9"
[    6.293981] 0x000000a00000-0x000008000000 : "NAND simulator partition 10"
[    6.344840] tun: Universal TUN/TAP device driver, 1.6
[    6.345227] tun: (C) 1999-2004 Max Krasnyansky <maxk@qualcomm.com>
[    6.349179] pcnet32: pcnet32.c:v1.35 21.Apr.2008 tsbogend@alpha.franken.de
[    6.350571] e1000: Intel(R) PRO/1000 Network Driver - version 7.3.21-k8-NAPI
[    6.351028] e1000: Copyright (c) 1999-2006 Intel Corporation.
[    6.352296] PCI: Enabling device 0000:00:13.0 (0000 -> 0003)
[    6.697820] e1000 0000:00:13.0 eth0: (PCI:33MHz:32-bit) 52:54:00:12:34:56
[    6.698624] e1000 0000:00:13.0 eth0: Intel(R) PRO/1000 Network Connection
[    6.699647] PCI: Enabling device 0000:00:14.0 (0000 -> 0003)
[    7.041858] e1000 0000:00:14.0 eth1: (PCI:33MHz:32-bit) 52:54:00:12:34:57
[    7.042467] e1000 0000:00:14.0 eth1: Intel(R) PRO/1000 Network Connection
[    7.043417] PCI: Enabling device 0000:00:15.0 (0000 -> 0003)
[    7.064642] cfg80211: Calling CRDA to update world regulatory domain
[    7.396228] e1000 0000:00:15.0 eth2: (PCI:33MHz:32-bit) 52:54:00:12:34:58
[    7.396864] e1000 0000:00:15.0 eth2: Intel(R) PRO/1000 Network Connection
[    7.397690] PCI: Enabling device 0000:00:16.0 (0000 -> 0003)
[    7.748040] e1000 0000:00:16.0 eth3: (PCI:33MHz:32-bit) 52:54:00:12:34:59
[    7.748616] e1000 0000:00:16.0 eth3: Intel(R) PRO/1000 Network Connection
[    7.750132] e1000e: Intel(R) PRO/1000 Network Driver - 2.3.2-k
[    7.750531] e1000e: Copyright(c) 1999 - 2014 Intel Corporation.
[    7.756081] PPP generic driver version 2.4.2
[    7.758573] PPP Deflate Compression module registered
[    7.759467] PPP MPPE Compression module registered
[    7.759949] NET: Registered protocol family 24
[    7.760771] ehci_hcd: USB 2.0 'Enhanced' Host Controller (EHCI) Driver
[    7.761335] ehci-pci: EHCI PCI platform driver
[    7.762682] ohci_hcd: USB 1.1 'Open' Host Controller (OHCI) Driver
[    7.763392] ohci-pci: OHCI PCI platform driver
[    7.764733] uhci_hcd: USB Universal Host Controller Interface driver
[    7.766655] uhci_hcd 0000:00:0a.2: UHCI Host Controller
[    7.767719] uhci_hcd 0000:00:0a.2: new USB bus registered, assigned bus number 1
[    7.768894] uhci_hcd 0000:00:0a.2: irq 11, io base 0x00001440
[    7.783504] hub 1-0:1.0: USB hub found
[    7.784389] hub 1-0:1.0: 2 ports detected
[    7.796276] usbcore: registered new interface driver usb-storage
[    7.801366] mousedev: PS/2 mouse device common for all mice
[    7.808922] rtc_cmos rtc_cmos: rtc core: registered rtc_cmos as rtc0
[    7.809788] rtc_cmos rtc_cmos: alarms up to one day, 242 bytes nvram
[    7.811596] i2c /dev entries driver
[    7.813068] piix4_smbus 0000:00:0a.3: SMBus Host Controller at 0x1100, revision 0
[    7.818603] sdhci: Secure Digital Host Controller Interface driver
[    7.819021] sdhci: Copyright(c) Pierre Ossman
[    7.821974] hidraw: raw HID events driver (C) Jiri Kosina
[    7.844696] usbcore: registered new interface driver usbhid
[    7.845075] usbhid: USB HID core driver
[    7.846337] Netfilter messages via NETLINK v0.30.
[    7.848019] nf_conntrack version 0.5.0 (3923 buckets, 15692 max)
[    7.851979] ctnetlink v0.93: registering with nfnetlink.
[    7.858905] ipip: IPv4 over IPv4 tunneling driver
[    7.873777] ip_tables: (C) 2000-2006 Netfilter Core Team
[    7.877232] arp_tables: (C) 2002 David S. Miller
[    7.879549] Initializing XFRM netlink socket
[    7.880929] NET: Registered protocol family 10
[    7.907399] ip6_tables: (C) 2000-2006 Netfilter Core Team
[    7.911877] sit: IPv6 over IPv4 tunneling driver
[    7.932700] NET: Registered protocol family 17
[    7.933769] bridge: automatic filtering via arp/ip/ip6tables has been deprecated. Update your scripts to load br_netfilter if you need this.
[    7.934988] Bridge firewalling registered
[    7.935644] Ebtables v2.0 registered
[    7.939142] 8021q: 802.1Q VLAN Support v1.8
[    7.965338] rtc_cmos rtc_cmos: setting system clock to 2025-07-23 05:37:02 UTC (1753249022)
[    7.980523] spurious 8259A interrupt: IRQ7.
[    7.991639] EXT2-fs (sda1): warning: mounting unchecked fs, running e2fsck is recommended
[    7.993984] VFS: Mounted root (ext2 filesystem) on device 8:1.
[    8.005020] Freeing YAMON memory: 956k freed
[    8.017763] Freeing unused kernel memory: 260K (8081f000 - 80860000)
[    8.052930] firmadyne: sys_reboot[PID: 1 (init)]: magic1:fee1dead, magic2:28121969, cmd:0
init started: BusyBox v1.14.1 (2024-07-07 02:43:58 CEST)
starting pid 48, tty '': '/etc/init.d/rcS'
[    8.155423] firmadyne: do_execve: /firmadyne/console
[    8.156109] OFFSETS: offset of pid: 0x198 offset of comm: 0x278
[/etc/init.d/S03config.sh]
Mounting proc and var ...
[   10.211862] cfg80211: Calling CRDA to update world regulatory domain
SymbLink /dev/mtdblock/0
SymbLink /dev/mtdblock/1
SymbLink /dev/mtdblock/10
SymbLink /dev/mtdblock/2
SymbLink /dev/mtdblock/3
[   13.355832] cfg80211: Calling CRDA to update world regulatory domain
SymbLink /dev/mtdblock/4
SymbLink /dev/mtdblock/5
SymbLink /dev/mtdblock/6
SymbLink /dev/mtdblock/7
SymbLink /dev/mtdblock/8
SymbLink /dev/mtdblock/9
Inserting kernel modules ...
Inserting Rebootm ...
Inserting atheros ethernet ...
Inserting gpio ...
done.
Start xmldb ...
[   14.788335] firmadyne: sys_socket[PID: 147 (xmldb)]: family:1, type:2, protocol:0
[   14.791874] random: nonblocking pool is initialized
[/etc/scripts/misc/profile.sh] get ...
DEVCONF: unable to read config data (ret=-3) !
CAN NOT get devive config, generate default!
[/etc/scripts/misc/profile.sh] reset ...
[   16.315838] firmadyne: sys_socket[PID: 159 (rgdb)]: family:1, type:2, protocol:0
[   16.499854] cfg80211: Calling CRDA to update world regulatory domain
[/etc/scripts/misc/defnodes.sh] ...
[/etc/defnodes/S10setext.sh] ...
[   16.741552] firmadyne: sys_socket[PID: 166 (xmldbc)]: family:1, type:2, protocol:0
[   16.800985] firmadyne: sys_socket[PID: 167 (xmldbc)]: family:1, type:2, protocol:0
[   16.859878] firmadyne: sys_socket[PID: 168 (xmldbc)]: family:1, type:2, protocol:0
[   16.917875] firmadyne: sys_socket[PID: 169 (xmldbc)]: family:1, type:2, protocol:0
[   16.976720] firmadyne: sys_socket[PID: 170 (xmldbc)]: family:1, type:2, protocol:0
[   17.034632] firmadyne: sys_socket[PID: 171 (xmldbc)]: family:1, type:2, protocol:0
[   17.093695] firmadyne: sys_socket[PID: 172 (xmldbc)]: family:1, type:2, protocol:0
[   17.153401] firmadyne: sys_socket[PID: 173 (xmldbc)]: family:1, type:2, protocol:0
[   17.210751] firmadyne: sys_socket[PID: 174 (xmldbc)]: family:1, type:2, protocol:0
[   17.268218] firmadyne: sys_socket[PID: 175 (xmldbc)]: family:1, type:2, protocol:0
[   17.326525] firmadyne: sys_socket[PID: 176 (xmldbc)]: family:1, type:2, protocol:0
[   17.386603] firmadyne: sys_socket[PID: 177 (xmldbc)]: family:1, type:2, protocol:0
[   17.446126] firmadyne: sys_socket[PID: 178 (xmldbc)]: family:1, type:2, protocol:0
[   17.504133] firmadyne: sys_socket[PID: 179 (xmldbc)]: family:1, type:2, protocol:0
[   17.565893] firmadyne: sys_socket[PID: 180 (xmldbc)]: family:1, type:2, protocol:0
[   17.625192] firmadyne: sys_socket[PID: 181 (xmldbc)]: family:1, type:2, protocol:0
[   17.684660] firmadyne: sys_socket[PID: 182 (xmldbc)]: family:1, type:2, protocol:0
[   17.745921] firmadyne: sys_socket[PID: 183 (xmldbc)]: family:1, type:2, protocol:0
[   17.807493] firmadyne: sys_socket[PID: 184 (xmldbc)]: family:1, type:2, protocol:0
[   17.866682] firmadyne: sys_socket[PID: 185 (xmldbc)]: family:1, type:2, protocol:0
[   17.926828] firmadyne: sys_socket[PID: 186 (xmldbc)]: family:1, type:2, protocol:0
[   17.988890] firmadyne: sys_socket[PID: 187 (rgdb)]: family:1, type:2, protocol:0
[   18.048852] firmadyne: sys_socket[PID: 188 (rgdb)]: family:1, type:2, protocol:0
[   18.107671] firmadyne: sys_socket[PID: 189 (rgdb)]: family:1, type:2, protocol:0
[   18.168843] firmadyne: sys_socket[PID: 190 (rgdb)]: family:1, type:2, protocol:0
[   18.226988] firmadyne: sys_socket[PID: 191 (rgdb)]: family:1, type:2, protocol:0
[   18.286281] firmadyne: sys_socket[PID: 192 (rgdb)]: family:1, type:2, protocol:0
[   18.346046] firmadyne: sys_socket[PID: 193 (rgdb)]: family:1, type:2, protocol:0
[   18.404829] firmadyne: sys_socket[PID: 194 (rgdb)]: family:1, type:2, protocol:0
[   18.462723] firmadyne: sys_socket[PID: 195 (rgdb)]: family:1, type:2, protocol:0
[   18.521782] firmadyne: sys_socket[PID: 196 (rgdb)]: family:1, type:2, protocol:0
[   18.581335] firmadyne: sys_socket[PID: 197 (rgdb)]: family:1, type:2, protocol:0
[   18.642306] firmadyne: sys_socket[PID: 198 (rgdb)]: family:1, type:2, protocol:0
[   18.700603] firmadyne: sys_socket[PID: 199 (rgdb)]: family:1, type:2, protocol:0
[   18.769670] firmadyne: sys_socket[PID: 200 (rgdb)]: family:1, type:2, protocol:0
[   18.900302] firmadyne: sys_socket[PID: 202 (xmldbc)]: family:1, type:2, protocol:0
[   18.960567] firmadyne: sys_socket[PID: 203 (xmldbc)]: family:1, type:2, protocol:0
[   19.021356] firmadyne: sys_socket[PID: 204 (xmldbc)]: family:1, type:2, protocol:0
[   19.080969] firmadyne: sys_socket[PID: 205 (xmldbc)]: family:1, type:2, protocol:0
[   19.141399] firmadyne: sys_socket[PID: 206 (xmldbc)]: family:1, type:2, protocol:0
[   19.200700] firmadyne: sys_socket[PID: 207 (xmldbc)]: family:1, type:2, protocol:0
[   19.259915] firmadyne: sys_socket[PID: 208 (xmldbc)]: family:1, type:2, protocol:0
[   19.318289] firmadyne: sys_socket[PID: 209 (xmldbc)]: family:1, type:2, protocol:0
[   19.378843] firmadyne: sys_socket[PID: 210 (xmldbc)]: family:1, type:2, protocol:0
[   19.438298] firmadyne: sys_socket[PID: 211 (xmldbc)]: family:1, type:2, protocol:0
[   19.498663] firmadyne: sys_socket[PID: 212 (xmldbc)]: family:1, type:2, protocol:0
[   19.559021] firmadyne: sys_socket[PID: 213 (xmldbc)]: family:1, type:2, protocol:0
[   19.618651] firmadyne: sys_socket[PID: 214 (xmldbc)]: family:1, type:2, protocol:0
[   19.644028] cfg80211: Calling CRDA to update world regulatory domain
[   19.692529] firmadyne: sys_socket[PID: 215 (xmldbc)]: family:1, type:2, protocol:0
[   19.753715] firmadyne: sys_socket[PID: 217 (xmldbc)]: family:1, type:2, protocol:0
[   19.814262] firmadyne: sys_socket[PID: 218 (xmldbc)]: family:1, type:2, protocol:0
[   19.874428] firmadyne: sys_socket[PID: 219 (xmldbc)]: family:1, type:2, protocol:0
[   19.934320] firmadyne: sys_socket[PID: 220 (xmldbc)]: family:1, type:2, protocol:0
[   20.146119] firmadyne: sys_socket[PID: 225 (xmldbc)]: family:1, type:2, protocol:0
[   20.204121] firmadyne: sys_socket[PID: 226 (xmldbc)]: family:1, type:2, protocol:0
[   20.262340] firmadyne: sys_socket[PID: 227 (xmldbc)]: family:1, type:2, protocol:0
[   20.320013] firmadyne: sys_socket[PID: 228 (xmldbc)]: family:1, type:2, protocol:0
[   20.380028] firmadyne: sys_socket[PID: 229 (xmldbc)]: family:1, type:2, protocol:0
[   20.438017] firmadyne: sys_socket[PID: 230 (xmldbc)]: family:1, type:2, protocol:0
[   20.496738] firmadyne: sys_socket[PID: 231 (xmldbc)]: family:1, type:2, protocol:0
[   20.556542] firmadyne: sys_socket[PID: 232 (xmldbc)]: family:1, type:2, protocol:0
[   20.615279] firmadyne: sys_socket[PID: 233 (xmldbc)]: family:1, type:2, protocol:0
[   20.672502] firmadyne: sys_socket[PID: 234 (xmldbc)]: family:1, type:2, protocol:0
[   20.731749] firmadyne: sys_socket[PID: 235 (xmldbc)]: family:1, type:2, protocol:0
[   20.786738] firmadyne: sys_socket[PID: 236 (xmldbc)]: family:1, type:2, protocol:0
[   20.844447] firmadyne: sys_socket[PID: 237 (xmldbc)]: family:1, type:2, protocol:0
[   20.904253] firmadyne: sys_socket[PID: 238 (xmldbc)]: family:1, type:2, protocol:0
[   20.963745] firmadyne: sys_socket[PID: 239 (xmldbc)]: family:1, type:2, protocol:0
[   21.021981] firmadyne: sys_socket[PID: 240 (xmldbc)]: family:1, type:2, protocol:0
[   21.080637] firmadyne: sys_socket[PID: 241 (xmldbc)]: family:1, type:2, protocol:0
[   21.140719] firmadyne: sys_socket[PID: 242 (xmldbc)]: family:1, type:2, protocol:0
[   21.198343] firmadyne: sys_socket[PID: 243 (xmldbc)]: family:1, type:2, protocol:0
[   21.335766] firmadyne: sys_socket[PID: 247 (xmldbc)]: family:1, type:2, protocol:0
[   21.394288] firmadyne: sys_socket[PID: 248 (xmldbc)]: family:1, type:2, protocol:0
[   21.453296] firmadyne: sys_socket[PID: 249 (xmldbc)]: family:1, type:2, protocol:0
[   21.511224] firmadyne: sys_socket[PID: 250 (xmldbc)]: family:1, type:2, protocol:0
[   21.570441] firmadyne: sys_socket[PID: 251 (xmldbc)]: family:1, type:2, protocol:0
[   21.628280] firmadyne: sys_socket[PID: 252 (xmldbc)]: family:1, type:2, protocol:0
[   46.513411] cfg80211: Calling CRDA to update world regulatory domain
[   46.562479] firmadyne: sys_socket[PID: 253 (xmldbc)]: family:1, type:2, protocol:0
[   46.621888] firmadyne: sys_socket[PID: 255 (xmldbc)]: family:1, type:2, protocol:0
[   46.680461] firmadyne: sys_socket[PID: 256 (xmldbc)]: family:1, type:2, protocol:0
[   46.740630] firmadyne: sys_socket[PID: 257 (xmldbc)]: family:1, type:2, protocol:0
[   74.208190] cfg80211: Calling CRDA to update world regulatory domain
[   74.276005] firmadyne: sys_socket[PID: 259 (xmldbc)]: family:1, type:2, protocol:0
[   74.334443] firmadyne: sys_socket[PID: 260 (xmldbc)]: family:1, type:2, protocol:0
[   74.393122] firmadyne: sys_socket[PID: 261 (xmldbc)]: family:1, type:2, protocol:0
[   94.300109] cfg80211: Calling CRDA to update world regulatory domain
[   94.308583] firmadyne: sys_socket[PID: 262 (xmldbc)]: family:1, type:2, protocol:0
[   94.384753] firmadyne: sys_socket[PID: 264 (xmldbc)]: family:1, type:2, protocol:0
[   94.443029] firmadyne: sys_socket[PID: 265 (xmldbc)]: family:1, type:2, protocol:0
[   94.503472] firmadyne: sys_socket[PID: 266 (xmldbc)]: family:1, type:2, protocol:0
[  111.022986] cfg80211: Calling CRDA to update world regulatory domain
[  111.033599] firmadyne: sys_socket[PID: 267 (xmldbc)]: family:1, type:2, protocol:0
[  111.099954] firmadyne: sys_socket[PID: 269 (xmldbc)]: family:1, type:2, protocol:0
[  111.237414] firmadyne: sys_socket[PID: 273 (xmldbc)]: family:1, type:2, protocol:0
[  111.296479] firmadyne: sys_socket[PID: 274 (xmldbc)]: family:1, type:2, protocol:0
[  131.716978] cfg80211: Exceeded CRDA call max attempts. Not calling CRDA
[  131.721391] firmadyne: sys_socket[PID: 275 (xmldbc)]: family:1, type:2, protocol:0
[  131.781876] firmadyne: sys_socket[PID: 276 (xmldbc)]: family:1, type:2, protocol:0
[  131.840826] firmadyne: sys_socket[PID: 277 (xmldbc)]: family:1, type:2, protocol:0
[  131.899529] firmadyne: sys_socket[PID: 278 (xmldbc)]: family:1, type:2, protocol:0
[  143.282925] firmadyne: sys_socket[PID: 279 (xmldbc)]: family:1, type:2, protocol:0
[  143.343009] firmadyne: sys_socket[PID: 280 (xmldbc)]: family:1, type:2, protocol:0
[  143.402201] firmadyne: sys_socket[PID: 281 (xmldbc)]: family:1, type:2, protocol:0
[  143.461099] firmadyne: sys_socket[PID: 282 (xmldbc)]: family:1, type:2, protocol:0
[  132.591455] firmadyne: sys_socket[PID: 283 (xmldbc)]: family:1, type:2, protocol:0
[  132.652051] firmadyne: sys_socket[PID: 284 (xmldbc)]: family:1, type:2, protocol:0
[  132.711052] firmadyne: sys_socket[PID: 285 (xmldbc)]: family:1, type:2, protocol:0
[  132.768814] firmadyne: sys_socket[PID: 286 (xmldbc)]: family:1, type:2, protocol:0
[  164.847790] firmadyne: sys_socket[PID: 287 (xmldbc)]: family:1, type:2, protocol:0
[  164.908373] firmadyne: sys_socket[PID: 288 (xmldbc)]: family:1, type:2, protocol:0
[  164.967472] firmadyne: sys_socket[PID: 289 (xmldbc)]: family:1, type:2, protocol:0
[  165.026654] firmadyne: sys_socket[PID: 290 (xmldbc)]: family:1, type:2, protocol:0
[  194.364424] firmadyne: sys_socket[PID: 291 (xmldbc)]: family:1, type:2, protocol:0
[  194.505105] firmadyne: sys_socket[PID: 295 (xmldbc)]: family:1, type:2, protocol:0
[  194.565413] firmadyne: sys_socket[PID: 296 (xmldbc)]: family:1, type:2, protocol:0
[  194.623486] firmadyne: sys_socket[PID: 297 (xmldbc)]: family:1, type:2, protocol:0
[  212.569525] firmadyne: sys_socket[PID: 298 (xmldbc)]: family:1, type:2, protocol:0
[  212.628723] firmadyne: sys_socket[PID: 299 (xmldbc)]: family:1, type:2, protocol:0
[  212.696239] firmadyne: sys_socket[PID: 300 (xmldbc)]: family:1, type:2, protocol:0
[  212.757160] firmadyne: sys_socket[PID: 301 (xmldbc)]: family:1, type:2, protocol:0
[  229.400550] firmadyne: sys_socket[PID: 302 (xmldbc)]: family:1, type:2, protocol:0
[  229.459676] firmadyne: sys_socket[PID: 303 (xmldbc)]: family:1, type:2, protocol:0
[  229.518043] firmadyne: sys_socket[PID: 304 (xmldbc)]: family:1, type:2, protocol:0
[  229.577695] firmadyne: sys_socket[PID: 305 (xmldbc)]: family:1, type:2, protocol:0
[  261.635097] firmadyne: sys_socket[PID: 306 (xmldbc)]: family:1, type:2, protocol:0
[  261.694920] firmadyne: sys_socket[PID: 307 (xmldbc)]: family:1, type:2, protocol:0
[  261.753390] firmadyne: sys_socket[PID: 308 (xmldbc)]: family:1, type:2, protocol:0
[  261.808172] firmadyne: sys_socket[PID: 309 (xmldbc)]: family:1, type:2, protocol:0
[  261.866537] firmadyne: sys_socket[PID: 310 (xmldbc)]: family:1, type:2, protocol:0
[  293.896708] firmadyne: sys_socket[PID: 311 (xmldbc)]: family:1, type:2, protocol:0
[  293.956981] firmadyne: sys_socket[PID: 312 (xmldbc)]: family:1, type:2, protocol:0
[  294.016132] firmadyne: sys_socket[PID: 313 (xmldbc)]: family:1, type:2, protocol:0
[  326.119978] firmadyne: sys_socket[PID: 317 (xmldbc)]: family:1, type:2, protocol:0
[  326.181566] firmadyne: sys_socket[PID: 318 (xmldbc)]: family:1, type:2, protocol:0
[  326.240239] firmadyne: sys_socket[PID: 319 (xmldbc)]: family:1, type:2, protocol:0
[  326.298690] firmadyne: sys_socket[PID: 320 (xmldbc)]: family:1, type:2, protocol:0
[  358.368563] firmadyne: sys_socket[PID: 321 (xmldbc)]: family:1, type:2, protocol:0
[  358.429177] firmadyne: sys_socket[PID: 322 (xmldbc)]: family:1, type:2, protocol:0
[  358.487555] firmadyne: sys_socket[PID: 323 (xmldbc)]: family:1, type:2, protocol:0
[  358.545595] firmadyne: sys_socket[PID: 324 (xmldbc)]: family:1, type:2, protocol:0
[  390.625960] firmadyne: sys_socket[PID: 325 (xmldbc)]: family:1, type:2, protocol:0
[  390.687762] firmadyne: sys_socket[PID: 326 (xmldbc)]: family:1, type:2, protocol:0
[  390.746189] firmadyne: sys_socket[PID: 327 (xmldbc)]: family:1, type:2, protocol:0
[  390.804239] firmadyne: sys_socket[PID: 328 (xmldbc)]: family:1, type:2, protocol:0
[  422.889436] firmadyne: sys_socket[PID: 329 (xmldbc)]: family:1, type:2, protocol:0
[  422.949807] firmadyne: sys_socket[PID: 330 (xmldbc)]: family:1, type:2, protocol:0
[  423.010139] firmadyne: sys_socket[PID: 331 (xmldbc)]: family:1, type:2, protocol:0
[  423.068511] firmadyne: sys_socket[PID: 332 (xmldbc)]: family:1, type:2, protocol:0
[  455.140502] firmadyne: sys_socket[PID: 333 (xmldbc)]: family:1, type:2, protocol:0
[  455.196132] firmadyne: sys_socket[PID: 334 (xmldbc)]: family:1, type:2, protocol:0
[  455.254209] firmadyne: sys_socket[PID: 335 (xmldbc)]: family:1, type:2, protocol:0
[  455.394124] firmadyne: sys_socket[PID: 339 (xmldbc)]: family:1, type:2, protocol:0
[  455.452039] firmadyne: sys_socket[PID: 340 (xmldbc)]: family:1, type:2, protocol:0
[  487.404406] firmadyne: sys_socket[PID: 341 (xmldbc)]: family:1, type:2, protocol:0
[  487.465384] firmadyne: sys_socket[PID: 342 (xmldbc)]: family:1, type:2, protocol:0
[  487.523611] firmadyne: sys_socket[PID: 343 (xmldbc)]: family:1, type:2, protocol:0
[  487.582345] firmadyne: sys_socket[PID: 344 (xmldbc)]: family:1, type:2, protocol:0
[  519.659754] firmadyne: sys_socket[PID: 345 (xmldbc)]: family:1, type:2, protocol:0
[  519.720890] firmadyne: sys_socket[PID: 346 (xmldbc)]: family:1, type:2, protocol:0
[  519.780274] firmadyne: sys_socket[PID: 347 (xmldbc)]: family:1, type:2, protocol:0
[  519.840478] firmadyne: sys_socket[PID: 348 (xmldbc)]: family:1, type:2, protocol:0
[  551.912262] firmadyne: sys_socket[PID: 349 (xmldbc)]: family:1, type:2, protocol:0
[  551.972640] firmadyne: sys_socket[PID: 350 (xmldbc)]: family:1, type:2, protocol:0
[  552.031416] firmadyne: sys_socket[PID: 351 (xmldbc)]: family:1, type:2, protocol:0
[  552.089411] firmadyne: sys_socket[PID: 352 (xmldbc)]: family:1, type:2, protocol:0
[  584.186642] firmadyne: sys_socket[PID: 353 (xmldbc)]: family:1, type:2, protocol:0
[  584.247587] firmadyne: sys_socket[PID: 354 (xmldbc)]: family:1, type:2, protocol:0
[  584.306997] firmadyne: sys_socket[PID: 355 (xmldbc)]: family:1, type:2, protocol:0
[  584.365969] firmadyne: sys_socket[PID: 356 (xmldbc)]: family:1, type:2, protocol:0
[  616.444576] firmadyne: sys_socket[PID: 357 (xmldbc)]: family:1, type:2, protocol:0
[  616.584324] firmadyne: sys_socket[PID: 361 (xmldbc)]: family:1, type:2, protocol:0
[  616.637770] firmadyne: sys_socket[PID: 362 (xmldbc)]: family:1, type:2, protocol:0
[  616.695933] firmadyne: sys_socket[PID: 363 (xmldbc)]: family:1, type:2, protocol:0
[  616.755102] firmadyne: sys_socket[PID: 364 (xmldbc)]: family:1, type:2, protocol:0
[  648.705095] firmadyne: sys_socket[PID: 365 (xmldbc)]: family:1, type:2, protocol:0
[  648.765310] firmadyne: sys_socket[PID: 366 (xmldbc)]: family:1, type:2, protocol:0
[  648.824130] firmadyne: sys_socket[PID: 367 (xmldbc)]: family:1, type:2, protocol:0
[  648.882944] firmadyne: sys_socket[PID: 368 (xmldbc)]: family:1, type:2, protocol:0
[  680.952590] firmadyne: sys_socket[PID: 369 (xmldbc)]: family:1, type:2, protocol:0
[  681.012780] firmadyne: sys_socket[PID: 370 (xmldbc)]: family:1, type:2, protocol:0
[  681.071340] firmadyne: sys_socket[PID: 371 (xmldbc)]: family:1, type:2, protocol:0
[  681.130279] firmadyne: sys_socket[PID: 372 (xmldbc)]: family:1, type:2, protocol:0
[  713.215439] firmadyne: sys_socket[PID: 373 (xmldbc)]: family:1, type:2, protocol:0
[  713.275494] firmadyne: sys_socket[PID: 374 (xmldbc)]: family:1, type:2, protocol:0
[  713.334676] firmadyne: sys_socket[PID: 375 (xmldbc)]: family:1, type:2, protocol:0
[  713.393016] firmadyne: sys_socket[PID: 376 (xmldbc)]: family:1, type:2, protocol:0
[  745.489299] firmadyne: sys_socket[PID: 377 (xmldbc)]: family:1, type:2, protocol:0
[  745.549381] firmadyne: sys_socket[PID: 378 (xmldbc)]: family:1, type:2, protocol:0
[  745.607966] firmadyne: sys_socket[PID: 379 (xmldbc)]: family:1, type:2, protocol:0
[  775.587951] firmadyne: sys_socket[PID: 383 (xmldbc)]: family:1, type:2, protocol:0
[  775.647983] firmadyne: sys_socket[PID: 384 (xmldbc)]: family:1, type:2, protocol:0
[  775.706639] firmadyne: sys_socket[PID: 385 (xmldbc)]: family:1, type:2, protocol:0
[  775.764964] firmadyne: sys_socket[PID: 386 (xmldbc)]: family:1, type:2, protocol:0
[  775.819060] firmadyne: sys_socket[PID: 387 (xmldbc)]: family:1, type:2, protocol:0
[  796.080404] firmadyne: sys_socket[PID: 388 (xmldbc)]: family:1, type:2, protocol:0
[  796.140919] firmadyne: sys_socket[PID: 389 (xmldbc)]: family:1, type:2, protocol:0
[  796.201606] firmadyne: sys_socket[PID: 390 (xmldbc)]: family:1, type:2, protocol:0
[  796.260427] firmadyne: sys_socket[PID: 391 (xmldbc)]: family:1, type:2, protocol:0
[  809.977354] firmadyne: sys_socket[PID: 392 (xmldbc)]: family:1, type:2, protocol:0
[  810.036922] firmadyne: sys_socket[PID: 393 (xmldbc)]: family:1, type:2, protocol:0
[  810.095722] firmadyne: sys_socket[PID: 394 (xmldbc)]: family:1, type:2, protocol:0
[  810.155477] firmadyne: sys_socket[PID: 395 (xmldbc)]: family:1, type:2, protocol:0
[  799.257655] firmadyne: sys_socket[PID: 396 (xmldbc)]: family:1, type:2, protocol:0
[  799.318723] firmadyne: sys_socket[PID: 397 (xmldbc)]: family:1, type:2, protocol:0
[  799.377796] firmadyne: sys_socket[PID: 398 (xmldbc)]: family:1, type:2, protocol:0
[  799.436539] firmadyne: sys_socket[PID: 399 (xmldbc)]: family:1, type:2, protocol:0
[  831.508276] firmadyne: sys_socket[PID: 400 (xmldbc)]: family:1, type:2, protocol:0
[  831.570594] firmadyne: sys_socket[PID: 401 (xmldbc)]: family:1, type:2, protocol:0
[  831.709380] firmadyne: sys_socket[PID: 405 (xmldbc)]: family:1, type:2, protocol:0
[  831.768187] firmadyne: sys_socket[PID: 406 (xmldbc)]: family:1, type:2, protocol:0
[  863.769758] firmadyne: sys_socket[PID: 407 (xmldbc)]: family:1, type:2, protocol:0
[  863.831583] firmadyne: sys_socket[PID: 408 (xmldbc)]: family:1, type:2, protocol:0
[  863.891266] firmadyne: sys_socket[PID: 409 (xmldbc)]: family:1, type:2, protocol:0
[  863.950936] firmadyne: sys_socket[PID: 410 (xmldbc)]: family:1, type:2, protocol:0
[  896.025984] firmadyne: sys_socket[PID: 411 (xmldbc)]: family:1, type:2, protocol:0
[  896.088638] firmadyne: sys_socket[PID: 412 (xmldbc)]: family:1, type:2, protocol:0
[  896.147839] firmadyne: sys_socket[PID: 413 (xmldbc)]: family:1, type:2, protocol:0
[  896.207352] firmadyne: sys_socket[PID: 414 (xmldbc)]: family:1, type:2, protocol:0
[  928.288203] firmadyne: sys_socket[PID: 415 (xmldbc)]: family:1, type:2, protocol:0
[  928.349478] firmadyne: sys_socket[PID: 416 (xmldbc)]: family:1, type:2, protocol:0
[  928.408420] firmadyne: sys_socket[PID: 417 (xmldbc)]: family:1, type:2, protocol:0
[  928.462844] firmadyne: sys_socket[PID: 418 (xmldbc)]: family:1, type:2, protocol:0
[  928.521610] firmadyne: sys_socket[PID: 419 (xmldbc)]: family:1, type:2, protocol:0
[  960.550648] firmadyne: sys_socket[PID: 420 (xmldbc)]: family:1, type:2, protocol:0
[  960.611322] firmadyne: sys_socket[PID: 421 (xmldbc)]: family:1, type:2, protocol:0
[  960.672038] firmadyne: sys_socket[PID: 422 (xmldbc)]: family:1, type:2, protocol:0
[  960.731780] firmadyne: sys_socket[PID: 423 (xmldbc)]: family:1, type:2, protocol:0
[  992.807581] firmadyne: sys_socket[PID: 427 (xmldbc)]: family:1, type:2, protocol:0
[  992.867437] firmadyne: sys_socket[PID: 428 (xmldbc)]: family:1, type:2, protocol:0
[  992.925802] firmadyne: sys_socket[PID: 429 (xmldbc)]: family:1, type:2, protocol:0
[  992.985259] firmadyne: sys_socket[PID: 430 (xmldbc)]: family:1, type:2, protocol:0
[  993.040084] firmadyne: sys_socket[PID: 431 (xmldbc)]: family:1, type:2, protocol:0
[ 1025.068873] firmadyne: sys_socket[PID: 432 (xmldbc)]: family:1, type:2, protocol:0
[ 1025.123996] firmadyne: sys_socket[PID: 433 (xmldbc)]: family:1, type:2, protocol:0
[ 1025.182444] firmadyne: sys_socket[PID: 434 (xmldbc)]: family:1, type:2, protocol:0
[ 1025.241960] firmadyne: sys_socket[PID: 435 (xmldbc)]: family:1, type:2, protocol:0
[ 1025.300965] firmadyne: sys_socket[PID: 436 (xmldbc)]: family:1, type:2, protocol:0
[ 1057.325692] firmadyne: sys_socket[PID: 437 (xmldbc)]: family:1, type:2, protocol:0
[ 1057.386431] firmadyne: sys_socket[PID: 438 (xmldbc)]: family:1, type:2, protocol:0
[ 1057.445487] firmadyne: sys_socket[PID: 439 (xmldbc)]: family:1, type:2, protocol:0
[ 1057.504251] firmadyne: sys_socket[PID: 440 (xmldbc)]: family:1, type:2, protocol:0
[ 1089.245807] firmadyne: sys_socket[PID: 441 (xmldbc)]: family:1, type:2, protocol:0
[ 1089.305360] firmadyne: sys_socket[PID: 442 (xmldbc)]: family:1, type:2, protocol:0
[ 1089.364533] firmadyne: sys_socket[PID: 443 (xmldbc)]: family:1, type:2, protocol:0
[ 1100.959978] firmadyne: sys_socket[PID: 444 (xmldbc)]: family:1, type:2, protocol:0
[ 1101.020206] firmadyne: sys_socket[PID: 445 (xmldbc)]: family:1, type:2, protocol:0
[ 1101.158800] firmadyne: sys_socket[PID: 449 (xmldbc)]: family:1, type:2, protocol:0
[ 1101.217246] firmadyne: sys_socket[PID: 450 (xmldbc)]: family:1, type:2, protocol:0
[ 1121.802609] firmadyne: sys_socket[PID: 451 (xmldbc)]: family:1, type:2, protocol:0
[ 1121.864008] firmadyne: sys_socket[PID: 452 (xmldbc)]: family:1, type:2, protocol:0
[ 1121.923136] firmadyne: sys_socket[PID: 453 (xmldbc)]: family:1, type:2, protocol:0
[ 1121.981989] firmadyne: sys_socket[PID: 454 (xmldbc)]: family:1, type:2, protocol:0
[ 1147.123063] firmadyne: sys_socket[PID: 455 (xmldbc)]: family:1, type:2, protocol:0
[ 1147.178725] firmadyne: sys_socket[PID: 456 (xmldbc)]: family:1, type:2, protocol:0
[ 1147.237075] firmadyne: sys_socket[PID: 457 (xmldbc)]: family:1, type:2, protocol:0
[ 1147.295899] firmadyne: sys_socket[PID: 458 (xmldbc)]: family:1, type:2, protocol:0
[ 1147.356561] firmadyne: sys_socket[PID: 459 (xmldbc)]: family:1, type:2, protocol:0
[ 1173.414722] firmadyne: sys_socket[PID: 460 (xmldbc)]: family:1, type:2, protocol:0
[ 1173.475930] firmadyne: sys_socket[PID: 461 (xmldbc)]: family:1, type:2, protocol:0
[ 1173.532769] firmadyne: sys_socket[PID: 462 (xmldbc)]: family:1, type:2, protocol:0
[ 1173.591467] firmadyne: sys_socket[PID: 463 (xmldbc)]: family:1, type:2, protocol:0
[ 1173.649900] firmadyne: sys_socket[PID: 464 (xmldbc)]: family:1, type:2, protocol:0
[ 1205.678090] firmadyne: sys_socket[PID: 465 (xmldbc)]: family:1, type:2, protocol:0
[ 1205.739090] firmadyne: sys_socket[PID: 466 (xmldbc)]: family:1, type:2, protocol:0
[ 1205.800602] firmadyne: sys_socket[PID: 467 (xmldbc)]: family:1, type:2, protocol:0
[ 1205.939184] firmadyne: sys_socket[PID: 471 (xmldbc)]: family:1, type:2, protocol:0
[ 1237.713822] firmadyne: sys_socket[PID: 472 (xmldbc)]: family:1, type:2, protocol:0
[ 1237.774661] firmadyne: sys_socket[PID: 473 (xmldbc)]: family:1, type:2, protocol:0
[ 1237.833946] firmadyne: sys_socket[PID: 474 (xmldbc)]: family:1, type:2, protocol:0
[ 1237.892943] firmadyne: sys_socket[PID: 475 (xmldbc)]: family:1, type:2, protocol:0
[ 1270.179936] firmadyne: sys_socket[PID: 476 (xmldbc)]: family:1, type:2, protocol:0
[ 1270.240688] firmadyne: sys_socket[PID: 477 (xmldbc)]: family:1, type:2, protocol:0
[ 1270.302710] firmadyne: sys_socket[PID: 478 (xmldbc)]: family:1, type:2, protocol:0
[ 1270.362007] firmadyne: sys_socket[PID: 479 (xmldbc)]: family:1, type:2, protocol:0
[ 1283.101452] firmadyne: sys_socket[PID: 480 (xmldbc)]: family:1, type:2, protocol:0
[ 1283.162860] firmadyne: sys_socket[PID: 481 (xmldbc)]: family:1, type:2, protocol:0
[ 1283.222628] firmadyne: sys_socket[PID: 482 (xmldbc)]: family:1, type:2, protocol:0
[ 1283.281827] firmadyne: sys_socket[PID: 483 (xmldbc)]: family:1, type:2, protocol:0
[ 1272.407663] firmadyne: sys_socket[PID: 484 (xmldbc)]: family:1, type:2, protocol:0
[ 1272.468111] firmadyne: sys_socket[PID: 485 (xmldbc)]: family:1, type:2, protocol:0
[ 1272.527177] firmadyne: sys_socket[PID: 486 (xmldbc)]: family:1, type:2, protocol:0
[ 1272.586346] firmadyne: sys_socket[PID: 487 (xmldbc)]: family:1, type:2, protocol:0
[ 1304.657785] firmadyne: sys_socket[PID: 488 (xmldbc)]: family:1, type:2, protocol:0
[ 1304.718609] firmadyne: sys_socket[PID: 489 (xmldbc)]: family:1, type:2, protocol:0
[ 1304.857904] firmadyne: sys_socket[PID: 493 (xmldbc)]: family:1, type:2, protocol:0
[ 1304.917312] firmadyne: sys_socket[PID: 494 (xmldbc)]: family:1, type:2, protocol:0
[ 1327.759680] firmadyne: sys_socket[PID: 495 (xmldbc)]: family:1, type:2, protocol:0
[ 1327.820515] firmadyne: sys_socket[PID: 496 (xmldbc)]: family:1, type:2, protocol:0
[ 1327.875043] firmadyne: sys_socket[PID: 497 (xmldbc)]: family:1, type:2, protocol:0
[ 1327.933133] firmadyne: sys_socket[PID: 498 (xmldbc)]: family:1, type:2, protocol:0
[ 1327.991626] firmadyne: sys_socket[PID: 499 (xmldbc)]: family:1, type:2, protocol:0
[ 1347.272523] firmadyne: sys_socket[PID: 500 (xmldbc)]: family:1, type:2, protocol:0
[ 1347.335496] firmadyne: sys_socket[PID: 501 (xmldbc)]: family:1, type:2, protocol:0
[ 1347.394585] firmadyne: sys_socket[PID: 502 (xmldbc)]: family:1, type:2, protocol:0
[ 1347.453414] firmadyne: sys_socket[PID: 503 (xmldbc)]: family:1, type:2, protocol:0
[ 1369.182252] firmadyne: sys_socket[PID: 504 (xmldbc)]: family:1, type:2, protocol:0
[ 1369.242561] firmadyne: sys_socket[PID: 505 (xmldbc)]: family:1, type:2, protocol:0
[ 1369.302286] firmadyne: sys_socket[PID: 506 (xmldbc)]: family:1, type:2, protocol:0
[ 1369.361154] firmadyne: sys_socket[PID: 507 (xmldbc)]: family:1, type:2, protocol:0
[ 1392.794769] firmadyne: sys_socket[PID: 508 (xmldbc)]: family:1, type:2, protocol:0
[ 1392.854195] firmadyne: sys_socket[PID: 509 (xmldbc)]: family:1, type:2, protocol:0
[ 1392.913356] firmadyne: sys_socket[PID: 510 (xmldbc)]: family:1, type:2, protocol:0
[ 1392.971695] firmadyne: sys_socket[PID: 511 (xmldbc)]: family:1, type:2, protocol:0
[ 1412.590745] firmadyne: sys_socket[PID: 515 (xmldbc)]: family:1, type:2, protocol:0
[ 1412.649137] firmadyne: sys_socket[PID: 516 (xmldbc)]: family:1, type:2, protocol:0
[ 1412.708410] firmadyne: sys_socket[PID: 517 (xmldbc)]: family:1, type:2, protocol:0
[ 1412.769709] firmadyne: sys_socket[PID: 518 (xmldbc)]: family:1, type:2, protocol:0
[ 1433.710132] firmadyne: sys_socket[PID: 519 (xmldbc)]: family:1, type:2, protocol:0
[ 1433.769944] firmadyne: sys_socket[PID: 520 (xmldbc)]: family:1, type:2, protocol:0
[ 1433.828340] firmadyne: sys_socket[PID: 521 (xmldbc)]: family:1, type:2, protocol:0
[ 1457.270244] firmadyne: sys_socket[PID: 522 (xmldbc)]: family:1, type:2, protocol:0
[ 1457.330754] firmadyne: sys_socket[PID: 523 (xmldbc)]: family:1, type:2, protocol:0
[ 1457.389235] firmadyne: sys_socket[PID: 524 (xmldbc)]: family:1, type:2, protocol:0
[ 1457.443175] firmadyne: sys_socket[PID: 525 (xmldbc)]: family:1, type:2, protocol:0
[ 1457.501719] firmadyne: sys_socket[PID: 526 (xmldbc)]: family:1, type:2, protocol:0
[ 1465.930464] firmadyne: sys_socket[PID: 527 (xmldbc)]: family:1, type:2, protocol:0
[ 1465.990690] firmadyne: sys_socket[PID: 528 (xmldbc)]: family:1, type:2, protocol:0
[ 1466.049952] firmadyne: sys_socket[PID: 529 (xmldbc)]: family:1, type:2, protocol:0
[ 1466.108931] firmadyne: sys_socket[PID: 530 (xmldbc)]: family:1, type:2, protocol:0
[ 1496.536284] firmadyne: sys_socket[PID: 531 (xmldbc)]: family:1, type:2, protocol:0
[ 1496.598081] firmadyne: sys_socket[PID: 532 (xmldbc)]: family:1, type:2, protocol:0
[ 1496.656890] firmadyne: sys_socket[PID: 533 (xmldbc)]: family:1, type:2, protocol:0
[ 1496.796912] firmadyne: sys_socket[PID: 537 (xmldbc)]: family:1, type:2, protocol:0
[ 1517.794164] firmadyne: sys_socket[PID: 538 (xmldbc)]: family:1, type:2, protocol:0
[ 1517.854813] firmadyne: sys_socket[PID: 539 (xmldbc)]: family:1, type:2, protocol:0
[ 1517.915458] firmadyne: sys_socket[PID: 540 (xmldbc)]: family:1, type:2, protocol:0
[ 1517.974139] firmadyne: sys_socket[PID: 541 (xmldbc)]: family:1, type:2, protocol:0
[ 1552.113534] firmadyne: sys_socket[PID: 542 (xmldbc)]: family:1, type:2, protocol:0
[ 1552.170382] firmadyne: sys_socket[PID: 543 (xmldbc)]: family:1, type:2, protocol:0
[ 1552.226594] firmadyne: sys_socket[PID: 544 (xmldbc)]: family:1, type:2, protocol:0
[ 1552.282694] firmadyne: sys_socket[PID: 545 (xmldbc)]: family:1, type:2, protocol:0
[ 1519.751596] firmadyne: sys_socket[PID: 546 (xmldbc)]: family:1, type:2, protocol:0
[ 1519.809053] firmadyne: sys_socket[PID: 547 (xmldbc)]: family:1, type:2, protocol:0
[ 1519.864560] firmadyne: sys_socket[PID: 548 (xmldbc)]: family:1, type:2, protocol:0
[ 1519.919873] firmadyne: sys_socket[PID: 549 (xmldbc)]: family:1, type:2, protocol:0
[ 1551.997876] firmadyne: sys_socket[PID: 550 (xmldbc)]: family:1, type:2, protocol:0
[ 1552.058419] firmadyne: sys_socket[PID: 551 (xmldbc)]: family:1, type:2, protocol:0
[ 1552.118447] firmadyne: sys_socket[PID: 552 (xmldbc)]: family:1, type:2, protocol:0
[ 1552.177283] firmadyne: sys_socket[PID: 553 (xmldbc)]: family:1, type:2, protocol:0
[ 1584.262191] firmadyne: sys_socket[PID: 554 (xmldbc)]: family:1, type:2, protocol:0
[ 1584.323605] firmadyne: sys_socket[PID: 555 (xmldbc)]: family:1, type:2, protocol:0
[ 1584.463435] firmadyne: sys_socket[PID: 559 (xmldbc)]: family:1, type:2, protocol:0
[ 1584.524675] firmadyne: sys_socket[PID: 560 (xmldbc)]: family:1, type:2, protocol:0
[ 1616.521240] firmadyne: sys_socket[PID: 561 (xmldbc)]: family:1, type:2, protocol:0
[ 1616.581826] firmadyne: sys_socket[PID: 562 (xmldbc)]: family:1, type:2, protocol:0
[ 1616.640421] firmadyne: sys_socket[PID: 563 (xmldbc)]: family:1, type:2, protocol:0
[ 1616.699733] firmadyne: sys_socket[PID: 564 (xmldbc)]: family:1, type:2, protocol:0
[ 1648.786609] firmadyne: sys_socket[PID: 565 (xmldbc)]: family:1, type:2, protocol:0
[ 1648.846406] firmadyne: sys_socket[PID: 566 (xmldbc)]: family:1, type:2, protocol:0
[ 1648.905152] firmadyne: sys_socket[PID: 567 (xmldbc)]: family:1, type:2, protocol:0
[ 1648.964187] firmadyne: sys_socket[PID: 568 (xmldbc)]: family:1, type:2, protocol:0
[ 1681.041434] firmadyne: sys_socket[PID: 569 (xmldbc)]: family:1, type:2, protocol:0
[ 1681.101991] firmadyne: sys_socket[PID: 570 (xmldbc)]: family:1, type:2, protocol:0
[ 1681.160569] firmadyne: sys_socket[PID: 571 (xmldbc)]: family:1, type:2, protocol:0
[ 1681.219692] firmadyne: sys_socket[PID: 572 (xmldbc)]: family:1, type:2, protocol:0
[ 1681.275917] firmadyne: sys_socket[PID: 573 (xmldbc)]: family:1, type:2, protocol:0
[ 1681.329193] firmadyne: sys_socket[PID: 574 (xmldbc)]: family:1, type:2, protocol:0
[ 1713.298731] firmadyne: sys_socket[PID: 575 (xmldbc)]: family:1, type:2, protocol:0
[ 1713.358480] firmadyne: sys_socket[PID: 576 (xmldbc)]: family:1, type:2, protocol:0
[ 1713.416933] firmadyne: sys_socket[PID: 577 (xmldbc)]: family:1, type:2, protocol:0
[ 1713.557246] firmadyne: sys_socket[PID: 581 (xmldbc)]: family:1, type:2, protocol:0
[ 1745.552732] firmadyne: sys_socket[PID: 582 (xmldbc)]: family:1, type:2, protocol:0
[ 1745.612545] firmadyne: sys_socket[PID: 583 (xmldbc)]: family:1, type:2, protocol:0
[ 1745.671382] firmadyne: sys_socket[PID: 584 (xmldbc)]: family:1, type:2, protocol:0
[ 1745.730605] firmadyne: sys_socket[PID: 585 (xmldbc)]: family:1, type:2, protocol:0
[ 1777.809802] firmadyne: sys_socket[PID: 586 (xmldbc)]: family:1, type:2, protocol:0
[ 1777.870142] firmadyne: sys_socket[PID: 587 (xmldbc)]: family:1, type:2, protocol:0
[ 1777.929315] firmadyne: sys_socket[PID: 588 (xmldbc)]: family:1, type:2, protocol:0
[ 1777.983220] firmadyne: sys_socket[PID: 589 (xmldbc)]: family:1, type:2, protocol:0
[ 1778.043621] firmadyne: sys_socket[PID: 590 (xmldbc)]: family:1, type:2, protocol:0
[ 1810.086330] firmadyne: sys_socket[PID: 591 (xmldbc)]: family:1, type:2, protocol:0
[ 1810.146519] firmadyne: sys_socket[PID: 592 (xmldbc)]: family:1, type:2, protocol:0
[ 1810.200431] firmadyne: sys_socket[PID: 593 (xmldbc)]: family:1, type:2, protocol:0
[ 1810.255212] firmadyne: sys_socket[PID: 594 (xmldbc)]: family:1, type:2, protocol:0
[ 1810.314133] firmadyne: sys_socket[PID: 595 (xmldbc)]: family:1, type:2, protocol:0
[ 1842.283089] firmadyne: sys_socket[PID: 596 (xmldbc)]: family:1, type:2, protocol:0
[ 1842.339238] firmadyne: sys_socket[PID: 597 (xmldbc)]: family:1, type:2, protocol:0
[ 1842.398008] firmadyne: sys_socket[PID: 598 (xmldbc)]: family:1, type:2, protocol:0
[ 1842.451903] firmadyne: sys_socket[PID: 599 (xmldbc)]: family:1, type:2, protocol:0
[ 1842.591728] firmadyne: sys_socket[PID: 603 (xmldbc)]: family:1, type:2, protocol:0
[ 1842.645966] firmadyne: sys_socket[PID: 604 (xmldbc)]: family:1, type:2, protocol:0
[ 1842.703988] firmadyne: sys_socket[PID: 605 (xmldbc)]: family:1, type:2, protocol:0
[ 1872.924648] firmadyne: sys_socket[PID: 606 (xmldbc)]: family:1, type:2, protocol:0
[ 1872.985740] firmadyne: sys_socket[PID: 607 (xmldbc)]: family:1, type:2, protocol:0
[ 1873.046054] firmadyne: sys_socket[PID: 608 (xmldbc)]: family:1, type:2, protocol:0
[ 1873.106369] firmadyne: sys_socket[PID: 609 (xmldbc)]: family:1, type:2, protocol:0
[ 1888.833113] firmadyne: sys_socket[PID: 610 (xmldbc)]: family:1, type:2, protocol:0
[ 1888.896460] firmadyne: sys_socket[PID: 611 (xmldbc)]: family:1, type:2, protocol:0
[ 1888.955554] firmadyne: sys_socket[PID: 612 (xmldbc)]: family:1, type:2, protocol:0
[ 1889.014334] firmadyne: sys_socket[PID: 613 (xmldbc)]: family:1, type:2, protocol:0
[ 1878.146984] firmadyne: sys_socket[PID: 614 (xmldbc)]: family:1, type:2, protocol:0
[ 1878.211851] firmadyne: sys_socket[PID: 615 (xmldbc)]: family:1, type:2, protocol:0
[ 1878.270611] firmadyne: sys_socket[PID: 616 (xmldbc)]: family:1, type:2, protocol:0
[ 1878.329316] firmadyne: sys_socket[PID: 617 (xmldbc)]: family:1, type:2, protocol:0
[ 1878.388046] firmadyne: sys_socket[PID: 618 (xmldbc)]: family:1, type:2, protocol:0
[ 1896.110231] firmadyne: sys_socket[PID: 619 (xmldbc)]: family:1, type:2, protocol:0
[ 1896.171809] firmadyne: sys_socket[PID: 620 (xmldbc)]: family:1, type:2, protocol:0
[ 1896.230816] firmadyne: sys_socket[PID: 621 (xmldbc)]: family:1, type:2, protocol:0
[ 1896.372182] firmadyne: sys_socket[PID: 625 (xmldbc)]: family:1, type:2, protocol:0
[ 1926.585442] firmadyne: sys_socket[PID: 626 (xmldbc)]: family:1, type:2, protocol:0
[ 1926.645641] firmadyne: sys_socket[PID: 627 (xmldbc)]: family:1, type:2, protocol:0
[ 1926.704829] firmadyne: sys_socket[PID: 628 (xmldbc)]: family:1, type:2, protocol:0
[ 1926.763793] firmadyne: sys_socket[PID: 629 (xmldbc)]: family:1, type:2, protocol:0
[ 1937.610164] firmadyne: sys_socket[PID: 630 (xmldbc)]: family:1, type:2, protocol:0
[ 1937.681153] firmadyne: sys_socket[PID: 631 (xmldbc)]: family:1, type:2, protocol:0
[ 1937.741191] firmadyne: sys_socket[PID: 632 (xmldbc)]: family:1, type:2, protocol:0
[ 1937.800693] firmadyne: sys_socket[PID: 633 (xmldbc)]: family:1, type:2, protocol:0
[ 1960.637547] firmadyne: sys_socket[PID: 634 (xmldbc)]: family:1, type:2, protocol:0
[ 1960.697681] firmadyne: sys_socket[PID: 635 (xmldbc)]: family:1, type:2, protocol:0
[ 1960.757207] firmadyne: sys_socket[PID: 636 (xmldbc)]: family:1, type:2, protocol:0
[ 1960.816070] firmadyne: sys_socket[PID: 637 (xmldbc)]: family:1, type:2, protocol:0
[ 1992.712079] firmadyne: sys_socket[PID: 638 (xmldbc)]: family:1, type:2, protocol:0
[ 1992.772835] firmadyne: sys_socket[PID: 639 (xmldbc)]: family:1, type:2, protocol:0
[ 1992.833178] firmadyne: sys_socket[PID: 640 (xmldbc)]: family:1, type:2, protocol:0
[ 1992.891799] firmadyne: sys_socket[PID: 641 (xmldbc)]: family:1, type:2, protocol:0
[ 2022.794198] firmadyne: sys_socket[PID: 642 (xmldbc)]: family:1, type:2, protocol:0
[ 2022.848862] firmadyne: sys_socket[PID: 643 (xmldbc)]: family:1, type:2, protocol:0
[ 2022.986274] firmadyne: sys_socket[PID: 647 (xmldbc)]: family:1, type:2, protocol:0
[ 2023.044788] firmadyne: sys_socket[PID: 648 (xmldbc)]: family:1, type:2, protocol:0
[ 2023.102968] firmadyne: sys_socket[PID: 649 (xmldbc)]: family:1, type:2, protocol:0
[ 2034.354255] firmadyne: sys_socket[PID: 650 (xmldbc)]: family:1, type:2, protocol:0
[ 2034.415666] firmadyne: sys_socket[PID: 651 (xmldbc)]: family:1, type:2, protocol:0
[ 2034.470229] firmadyne: sys_socket[PID: 652 (xmldbc)]: family:1, type:2, protocol:0
[ 2034.528467] firmadyne: sys_socket[PID: 653 (xmldbc)]: family:1, type:2, protocol:0
[ 2034.587532] firmadyne: sys_socket[PID: 654 (xmldbc)]: family:1, type:2, protocol:0
[ 2057.430744] firmadyne: sys_socket[PID: 655 (xmldbc)]: family:1, type:2, protocol:0
[ 2057.488537] firmadyne: sys_socket[PID: 656 (xmldbc)]: family:1, type:2, protocol:0
[ 2057.547373] firmadyne: sys_socket[PID: 657 (xmldbc)]: family:1, type:2, protocol:0
[ 2077.375669] firmadyne: sys_socket[PID: 658 (xmldbc)]: family:1, type:2, protocol:0
[ 2077.436164] firmadyne: sys_socket[PID: 659 (xmldbc)]: family:1, type:2, protocol:0
[ 2077.491314] firmadyne: sys_socket[PID: 660 (xmldbc)]: family:1, type:2, protocol:0
[ 2077.549867] firmadyne: sys_socket[PID: 661 (xmldbc)]: family:1, type:2, protocol:0
[ 2077.608587] firmadyne: sys_socket[PID: 662 (xmldbc)]: family:1, type:2, protocol:0
[ 2089.634042] firmadyne: sys_socket[PID: 663 (xmldbc)]: family:1, type:2, protocol:0
[ 2089.695458] firmadyne: sys_socket[PID: 664 (xmldbc)]: family:1, type:2, protocol:0
[ 2089.754265] firmadyne: sys_socket[PID: 665 (xmldbc)]: family:1, type:2, protocol:0
[ 2089.894941] firmadyne: sys_socket[PID: 669 (xmldbc)]: family:1, type:2, protocol:0
[ 2109.729352] firmadyne: sys_socket[PID: 670 (xmldbc)]: family:1, type:2, protocol:0
[ 2109.789994] firmadyne: sys_socket[PID: 671 (xmldbc)]: family:1, type:2, protocol:0
[ 2109.844200] firmadyne: sys_socket[PID: 672 (xmldbc)]: family:1, type:2, protocol:0
[ 2109.902748] firmadyne: sys_socket[PID: 673 (xmldbc)]: family:1, type:2, protocol:0
[ 2109.957229] firmadyne: sys_socket[PID: 674 (xmldbc)]: family:1, type:2, protocol:0
[ 2110.018224] firmadyne: sys_socket[PID: 675 (xmldbc)]: family:1, type:2, protocol:0
[ 2121.888500] firmadyne: sys_socket[PID: 676 (xmldbc)]: family:1, type:2, protocol:0
[ 2121.950180] firmadyne: sys_socket[PID: 677 (xmldbc)]: family:1, type:2, protocol:0
[ 2122.009262] firmadyne: sys_socket[PID: 678 (xmldbc)]: family:1, type:2, protocol:0
[ 2122.068775] firmadyne: sys_socket[PID: 679 (xmldbc)]: family:1, type:2, protocol:0
[ 2147.923934] firmadyne: sys_socket[PID: 680 (xmldbc)]: family:1, type:2, protocol:0
[ 2147.984469] firmadyne: sys_socket[PID: 681 (xmldbc)]: family:1, type:2, protocol:0
[ 2148.043544] firmadyne: sys_socket[PID: 682 (xmldbc)]: family:1, type:2, protocol:0
[ 2148.102278] firmadyne: sys_socket[PID: 683 (xmldbc)]: family:1, type:2, protocol:0
[ 2175.034331] firmadyne: sys_socket[PID: 684 (xmldbc)]: family:1, type:2, protocol:0
[ 2175.095722] firmadyne: sys_socket[PID: 685 (xmldbc)]: family:1, type:2, protocol:0
[ 2175.156526] firmadyne: sys_socket[PID: 686 (xmldbc)]: family:1, type:2, protocol:0
[ 2175.215777] firmadyne: sys_socket[PID: 687 (xmldbc)]: family:1, type:2, protocol:0
[ 2208.331886] firmadyne: sys_socket[PID: 691 (xmldbc)]: family:1, type:2, protocol:0
[ 2208.392534] firmadyne: sys_socket[PID: 692 (xmldbc)]: family:1, type:2, protocol:0
[ 2208.451817] firmadyne: sys_socket[PID: 693 (xmldbc)]: family:1, type:2, protocol:0
[ 2208.510740] firmadyne: sys_socket[PID: 694 (xmldbc)]: family:1, type:2, protocol:0
[ 2218.673660] firmadyne: sys_socket[PID: 695 (xmldbc)]: family:1, type:2, protocol:0
[ 2218.733713] firmadyne: sys_socket[PID: 696 (xmldbc)]: family:1, type:2, protocol:0
[ 2218.791888] firmadyne: sys_socket[PID: 697 (xmldbc)]: family:1, type:2, protocol:0
[ 2218.852085] firmadyne: sys_socket[PID: 698 (xmldbc)]: family:1, type:2, protocol:0
[ 2250.929426] firmadyne: sys_socket[PID: 699 (xmldbc)]: family:1, type:2, protocol:0
[ 2250.989475] firmadyne: sys_socket[PID: 700 (xmldbc)]: family:1, type:2, protocol:0
[ 2251.048567] firmadyne: sys_socket[PID: 701 (xmldbc)]: family:1, type:2, protocol:0
[ 2251.110310] firmadyne: sys_socket[PID: 702 (xmldbc)]: family:1, type:2, protocol:0
[ 2283.184049] firmadyne: sys_socket[PID: 703 (xmldbc)]: family:1, type:2, protocol:0
[ 2283.244716] firmadyne: sys_socket[PID: 704 (xmldbc)]: family:1, type:2, protocol:0
[ 2283.303770] firmadyne: sys_socket[PID: 705 (xmldbc)]: family:1, type:2, protocol:0
[ 2283.364058] firmadyne: sys_socket[PID: 706 (xmldbc)]: family:1, type:2, protocol:0
[ 2283.418661] firmadyne: sys_socket[PID: 707 (xmldbc)]: family:1, type:2, protocol:0
[ 2315.449454] firmadyne: sys_socket[PID: 708 (xmldbc)]: family:1, type:2, protocol:0
[ 2315.504280] firmadyne: sys_socket[PID: 709 (xmldbc)]: family:1, type:2, protocol:0
[ 2315.643317] firmadyne: sys_socket[PID: 713 (xmldbc)]: family:1, type:2, protocol:0
[ 2315.702323] firmadyne: sys_socket[PID: 714 (xmldbc)]: family:1, type:2, protocol:0
[ 2315.760532] firmadyne: sys_socket[PID: 715 (xmldbc)]: family:1, type:2, protocol:0
[ 2347.708590] firmadyne: sys_socket[PID: 716 (xmldbc)]: family:1, type:2, protocol:0
[ 2347.768450] firmadyne: sys_socket[PID: 717 (xmldbc)]: family:1, type:2, protocol:0
[ 2347.828018] firmadyne: sys_socket[PID: 718 (xmldbc)]: family:1, type:2, protocol:0
[ 2347.889241] firmadyne: sys_socket[PID: 719 (xmldbc)]: family:1, type:2, protocol:0
[ 2379.963725] firmadyne: sys_socket[PID: 720 (xmldbc)]: family:1, type:2, protocol:0
[ 2380.023549] firmadyne: sys_socket[PID: 721 (xmldbc)]: family:1, type:2, protocol:0
[ 2380.082185] firmadyne: sys_socket[PID: 722 (xmldbc)]: family:1, type:2, protocol:0
[ 2380.142749] firmadyne: sys_socket[PID: 723 (xmldbc)]: family:1, type:2, protocol:0
[ 2380.222852] firmadyne: sys_socket[PID: 724 (xmldbc)]: family:1, type:2, protocol:0
[ 2380.307636] firmadyne: sys_socket[PID: 725 (xmldbc)]: family:1, type:2, protocol:0
[ 2380.366826] firmadyne: sys_socket[PID: 726 (xmldbc)]: family:1, type:2, protocol:0
[ 2380.425659] firmadyne: sys_socket[PID: 727 (xmldbc)]: family:1, type:2, protocol:0
[ 2380.484195] firmadyne: sys_socket[PID: 728 (xmldbc)]: family:1, type:2, protocol:0
[ 2380.542997] firmadyne: sys_socket[PID: 729 (xmldbc)]: family:1, type:2, protocol:0
[ 2380.601866] firmadyne: sys_socket[PID: 730 (xmldbc)]: family:1, type:2, protocol:0
[ 2380.659862] firmadyne: sys_socket[PID: 731 (xmldbc)]: family:1, type:2, protocol:0
[ 2380.806443] firmadyne: sys_socket[PID: 735 (xmldbc)]: family:1, type:2, protocol:0
[ 2380.864207] firmadyne: sys_socket[PID: 736 (xmldbc)]: family:1, type:2, protocol:0
[ 2380.923443] firmadyne: sys_socket[PID: 737 (xmldbc)]: family:1, type:2, protocol:0
[ 2380.982737] firmadyne: sys_socket[PID: 738 (xmldbc)]: family:1, type:2, protocol:0
[ 2381.040615] firmadyne: sys_socket[PID: 739 (xmldbc)]: family:1, type:2, protocol:0
[ 2381.098832] firmadyne: sys_socket[PID: 740 (xmldbc)]: family:1, type:2, protocol:0
[ 2381.159534] firmadyne: sys_socket[PID: 741 (xmldbc)]: family:1, type:2, protocol:0
[ 2381.218340] firmadyne: sys_socket[PID: 742 (xmldbc)]: family:1, type:2, protocol:0
[ 2381.276718] firmadyne: sys_socket[PID: 743 (xmldbc)]: family:1, type:2, protocol:0
[ 2381.336124] firmadyne: sys_socket[PID: 744 (xmldbc)]: family:1, type:2, protocol:0
[ 2381.394677] firmadyne: sys_socket[PID: 745 (xmldbc)]: family:1, type:2, protocol:0
[ 2381.453257] firmadyne: sys_socket[PID: 746 (xmldbc)]: family:1, type:2, protocol:0
[ 2381.511463] firmadyne: sys_socket[PID: 747 (xmldbc)]: family:1, type:2, protocol:0
[ 2381.569291] firmadyne: sys_socket[PID: 748 (xmldbc)]: family:1, type:2, protocol:0
[ 2381.627033] firmadyne: sys_socket[PID: 749 (xmldbc)]: family:1, type:2, protocol:0
[ 2381.685378] firmadyne: sys_socket[PID: 750 (xmldbc)]: family:1, type:2, protocol:0
[ 2381.744300] firmadyne: sys_socket[PID: 751 (xmldbc)]: family:1, type:2, protocol:0
[ 2381.802738] firmadyne: sys_socket[PID: 752 (xmldbc)]: family:1, type:2, protocol:0
[ 2381.861094] firmadyne: sys_socket[PID: 753 (xmldbc)]: family:1, type:2, protocol:0
[ 2381.998626] firmadyne: sys_socket[PID: 757 (xmldbc)]: family:1, type:2, protocol:0
[ 2382.056777] firmadyne: sys_socket[PID: 758 (xmldbc)]: family:1, type:2, protocol:0
[ 2382.115333] firmadyne: sys_socket[PID: 759 (xmldbc)]: family:1, type:2, protocol:0
[ 2382.176164] firmadyne: sys_socket[PID: 760 (xmldbc)]: family:1, type:2, protocol:0
[ 2382.236738] firmadyne: sys_socket[PID: 761 (xmldbc)]: family:1, type:2, protocol:0
[ 2382.295343] firmadyne: sys_socket[PID: 762 (xmldbc)]: family:1, type:2, protocol:0
[ 2382.354721] firmadyne: sys_socket[PID: 763 (xmldbc)]: family:1, type:2, protocol:0
[ 2382.412576] firmadyne: sys_socket[PID: 764 (xmldbc)]: family:1, type:2, protocol:0
[ 2382.470928] firmadyne: sys_socket[PID: 765 (xmldbc)]: family:1, type:2, protocol:0
[ 2382.529170] firmadyne: sys_socket[PID: 766 (xmldbc)]: family:1, type:2, protocol:0
[ 2382.586855] firmadyne: sys_socket[PID: 767 (xmldbc)]: family:1, type:2, protocol:0
[ 2382.644840] firmadyne: sys_socket[PID: 768 (xmldbc)]: family:1, type:2, protocol:0
[ 2382.703185] firmadyne: sys_socket[PID: 769 (xmldbc)]: family:1, type:2, protocol:0
[ 2382.761712] firmadyne: sys_socket[PID: 770 (xmldbc)]: family:1, type:2, protocol:0
[ 2382.819906] firmadyne: sys_socket[PID: 771 (xmldbc)]: family:1, type:2, protocol:0
[ 2382.877829] firmadyne: sys_socket[PID: 772 (xmldbc)]: family:1, type:2, protocol:0
[ 2382.937074] firmadyne: sys_socket[PID: 773 (xmldbc)]: family:1, type:2, protocol:0
[ 2382.995041] firmadyne: sys_socket[PID: 774 (xmldbc)]: family:1, type:2, protocol:0
[ 2383.053731] firmadyne: sys_socket[PID: 775 (xmldbc)]: family:1, type:2, protocol:0
[ 2383.193468] firmadyne: sys_socket[PID: 779 (xmldbc)]: family:1, type:2, protocol:0
[ 2383.251838] firmadyne: sys_socket[PID: 780 (xmldbc)]: family:1, type:2, protocol:0
[ 2383.310305] firmadyne: sys_socket[PID: 781 (xmldbc)]: family:1, type:2, protocol:0
[ 2383.368516] firmadyne: sys_socket[PID: 782 (xmldbc)]: family:1, type:2, protocol:0
[ 2383.427107] firmadyne: sys_socket[PID: 783 (xmldbc)]: family:1, type:2, protocol:0
[ 2383.485358] firmadyne: sys_socket[PID: 784 (xmldbc)]: family:1, type:2, protocol:0
[ 2383.543309] firmadyne: sys_socket[PID: 785 (xmldbc)]: family:1, type:2, protocol:0
[ 2383.601711] firmadyne: sys_socket[PID: 786 (xmldbc)]: family:1, type:2, protocol:0
[ 2383.659740] firmadyne: sys_socket[PID: 787 (xmldbc)]: family:1, type:2, protocol:0
[ 2383.717967] firmadyne: sys_socket[PID: 788 (xmldbc)]: family:1, type:2, protocol:0
[ 2383.776132] firmadyne: sys_socket[PID: 789 (xmldbc)]: family:1, type:2, protocol:0
[ 2383.834674] firmadyne: sys_socket[PID: 790 (xmldbc)]: family:1, type:2, protocol:0
[ 2383.892636] firmadyne: sys_socket[PID: 791 (xmldbc)]: family:1, type:2, protocol:0
[ 2383.950994] firmadyne: sys_socket[PID: 792 (xmldbc)]: family:1, type:2, protocol:0
[ 2384.009241] firmadyne: sys_socket[PID: 793 (xmldbc)]: family:1, type:2, protocol:0
[ 2384.067389] firmadyne: sys_socket[PID: 794 (xmldbc)]: family:1, type:2, protocol:0
[ 2384.125615] firmadyne: sys_socket[PID: 795 (xmldbc)]: family:1, type:2, protocol:0
[ 2384.188867] firmadyne: sys_socket[PID: 796 (xmldbc)]: family:1, type:2, protocol:0
[ 2384.247233] firmadyne: sys_socket[PID: 797 (xmldbc)]: family:1, type:2, protocol:0
[ 2384.384118] firmadyne: sys_socket[PID: 801 (xmldbc)]: family:1, type:2, protocol:0
[ 2384.442633] firmadyne: sys_socket[PID: 802 (xmldbc)]: family:1, type:2, protocol:0
[ 2384.500618] firmadyne: sys_socket[PID: 803 (xmldbc)]: family:1, type:2, protocol:0
[ 2384.554314] firmadyne: sys_socket[PID: 804 (xmldbc)]: family:1, type:2, protocol:0
[ 2384.612175] firmadyne: sys_socket[PID: 805 (xmldbc)]: family:1, type:2, protocol:0
[ 2384.671104] firmadyne: sys_socket[PID: 806 (xmldbc)]: family:1, type:2, protocol:0
[ 2384.729805] firmadyne: sys_socket[PID: 807 (xmldbc)]: family:1, type:2, protocol:0
[ 2384.788269] firmadyne: sys_socket[PID: 808 (xmldbc)]: family:1, type:2, protocol:0
[ 2384.849231] firmadyne: sys_socket[PID: 809 (xmldbc)]: family:1, type:2, protocol:0
[ 2384.908277] firmadyne: sys_socket[PID: 810 (xmldbc)]: family:1, type:2, protocol:0
[ 2384.966736] firmadyne: sys_socket[PID: 811 (xmldbc)]: family:1, type:2, protocol:0
[ 2385.025377] firmadyne: sys_socket[PID: 812 (xmldbc)]: family:1, type:2, protocol:0
[ 2385.083876] firmadyne: sys_socket[PID: 813 (xmldbc)]: family:1, type:2, protocol:0
[ 2385.142470] firmadyne: sys_socket[PID: 814 (xmldbc)]: family:1, type:2, protocol:0
[ 2385.202727] firmadyne: sys_socket[PID: 815 (xmldbc)]: family:1, type:2, protocol:0
[ 2385.261390] firmadyne: sys_socket[PID: 816 (xmldbc)]: family:1, type:2, protocol:0
[ 2385.320344] firmadyne: sys_socket[PID: 817 (xmldbc)]: family:1, type:2, protocol:0
[ 2385.378647] firmadyne: sys_socket[PID: 818 (xmldbc)]: family:1, type:2, protocol:0
[ 2385.437580] firmadyne: sys_socket[PID: 819 (xmldbc)]: family:1, type:2, protocol:0
[ 2385.575024] firmadyne: sys_socket[PID: 823 (xmldbc)]: family:1, type:2, protocol:0
[ 2385.633314] firmadyne: sys_socket[PID: 824 (xmldbc)]: family:1, type:2, protocol:0
[ 2385.691657] firmadyne: sys_socket[PID: 825 (xmldbc)]: family:1, type:2, protocol:0
[ 2385.750297] firmadyne: sys_socket[PID: 826 (xmldbc)]: family:1, type:2, protocol:0
[ 2385.808525] firmadyne: sys_socket[PID: 827 (xmldbc)]: family:1, type:2, protocol:0
[ 2385.866878] firmadyne: sys_socket[PID: 828 (xmldbc)]: family:1, type:2, protocol:0
[ 2385.925496] firmadyne: sys_socket[PID: 829 (xmldbc)]: family:1, type:2, protocol:0
[ 2385.984016] firmadyne: sys_socket[PID: 830 (xmldbc)]: family:1, type:2, protocol:0
[ 2386.042755] firmadyne: sys_socket[PID: 831 (xmldbc)]: family:1, type:2, protocol:0
[ 2386.100223] firmadyne: sys_socket[PID: 832 (xmldbc)]: family:1, type:2, protocol:0
[ 2386.158210] firmadyne: sys_socket[PID: 833 (xmldbc)]: family:1, type:2, protocol:0
[ 2386.218962] firmadyne: sys_socket[PID: 834 (xmldbc)]: family:1, type:2, protocol:0
[ 2386.277993] firmadyne: sys_socket[PID: 835 (xmldbc)]: family:1, type:2, protocol:0
[ 2386.337813] firmadyne: sys_socket[PID: 836 (xmldbc)]: family:1, type:2, protocol:0
[ 2386.396340] firmadyne: sys_socket[PID: 837 (xmldbc)]: family:1, type:2, protocol:0
[ 2386.449754] firmadyne: sys_socket[PID: 838 (xmldbc)]: family:1, type:2, protocol:0
[ 2386.507357] firmadyne: sys_socket[PID: 839 (xmldbc)]: family:1, type:2, protocol:0
[ 2386.565885] firmadyne: sys_socket[PID: 840 (xmldbc)]: family:1, type:2, protocol:0
[ 2386.624589] firmadyne: sys_socket[PID: 841 (xmldbc)]: family:1, type:2, protocol:0
[ 2386.761350] firmadyne: sys_socket[PID: 845 (xmldbc)]: family:1, type:2, protocol:0
[ 2386.819177] firmadyne: sys_socket[PID: 846 (xmldbc)]: family:1, type:2, protocol:0
[ 2386.877214] firmadyne: sys_socket[PID: 847 (xmldbc)]: family:1, type:2, protocol:0
[ 2386.936359] firmadyne: sys_socket[PID: 848 (xmldbc)]: family:1, type:2, protocol:0
[ 2386.995280] firmadyne: sys_socket[PID: 849 (xmldbc)]: family:1, type:2, protocol:0
[ 2387.053601] firmadyne: sys_socket[PID: 850 (xmldbc)]: family:1, type:2, protocol:0
[ 2387.113228] firmadyne: sys_socket[PID: 851 (xmldbc)]: family:1, type:2, protocol:0
[ 2387.172455] firmadyne: sys_socket[PID: 852 (xmldbc)]: family:1, type:2, protocol:0
[ 2387.232343] firmadyne: sys_socket[PID: 853 (xmldbc)]: family:1, type:2, protocol:0
[ 2387.290200] firmadyne: sys_socket[PID: 854 (xmldbc)]: family:1, type:2, protocol:0
[ 2387.348117] firmadyne: sys_socket[PID: 855 (xmldbc)]: family:1, type:2, protocol:0
[ 2387.406414] firmadyne: sys_socket[PID: 856 (xmldbc)]: family:1, type:2, protocol:0
[ 2387.464403] firmadyne: sys_socket[PID: 857 (xmldbc)]: family:1, type:2, protocol:0
[ 2387.522613] firmadyne: sys_socket[PID: 858 (xmldbc)]: family:1, type:2, protocol:0
[ 2387.580433] firmadyne: sys_socket[PID: 859 (xmldbc)]: family:1, type:2, protocol:0
[ 2387.638572] firmadyne: sys_socket[PID: 860 (xmldbc)]: family:1, type:2, protocol:0
[ 2387.696776] firmadyne: sys_socket[PID: 861 (xmldbc)]: family:1, type:2, protocol:0
[ 2387.755855] firmadyne: sys_socket[PID: 862 (xmldbc)]: family:1, type:2, protocol:0
[ 2387.813761] firmadyne: sys_socket[PID: 863 (xmldbc)]: family:1, type:2, protocol:0
[ 2387.950281] firmadyne: sys_socket[PID: 867 (xmldbc)]: family:1, type:2, protocol:0
[ 2388.008643] firmadyne: sys_socket[PID: 868 (xmldbc)]: family:1, type:2, protocol:0
[ 2388.066822] firmadyne: sys_socket[PID: 869 (xmldbc)]: family:1, type:2, protocol:0
[ 2388.124624] firmadyne: sys_socket[PID: 870 (xmldbc)]: family:1, type:2, protocol:0
[ 2388.182252] firmadyne: sys_socket[PID: 871 (xmldbc)]: family:1, type:2, protocol:0
[ 2388.244046] firmadyne: sys_socket[PID: 872 (xmldbc)]: family:1, type:2, protocol:0
[ 2388.303811] firmadyne: sys_socket[PID: 873 (xmldbc)]: family:1, type:2, protocol:0
[ 2388.362653] firmadyne: sys_socket[PID: 874 (xmldbc)]: family:1, type:2, protocol:0
[ 2388.421787] firmadyne: sys_socket[PID: 875 (xmldbc)]: family:1, type:2, protocol:0
[ 2388.480795] firmadyne: sys_socket[PID: 876 (xmldbc)]: family:1, type:2, protocol:0
[ 2388.539584] firmadyne: sys_socket[PID: 877 (xmldbc)]: family:1, type:2, protocol:0
[ 2388.598115] firmadyne: sys_socket[PID: 878 (xmldbc)]: family:1, type:2, protocol:0
[ 2388.657196] firmadyne: sys_socket[PID: 879 (xmldbc)]: family:1, type:2, protocol:0
[ 2388.710517] firmadyne: sys_socket[PID: 880 (xmldbc)]: family:1, type:2, protocol:0
[ 2388.768527] firmadyne: sys_socket[PID: 881 (xmldbc)]: family:1, type:2, protocol:0
[ 2388.827128] firmadyne: sys_socket[PID: 882 (xmldbc)]: family:1, type:2, protocol:0
[ 2388.886015] firmadyne: sys_socket[PID: 883 (xmldbc)]: family:1, type:2, protocol:0
[ 2388.945352] firmadyne: sys_socket[PID: 884 (xmldbc)]: family:1, type:2, protocol:0
[ 2389.003311] firmadyne: sys_socket[PID: 885 (xmldbc)]: family:1, type:2, protocol:0
[ 2389.140385] firmadyne: sys_socket[PID: 889 (xmldbc)]: family:1, type:2, protocol:0
[ 2389.199152] firmadyne: sys_socket[PID: 890 (xmldbc)]: family:1, type:2, protocol:0
[ 2389.258688] firmadyne: sys_socket[PID: 891 (xmldbc)]: family:1, type:2, protocol:0
[ 2389.316692] firmadyne: sys_socket[PID: 892 (xmldbc)]: family:1, type:2, protocol:0
[ 2389.374693] firmadyne: sys_socket[PID: 893 (xmldbc)]: family:1, type:2, protocol:0
[ 2389.433095] firmadyne: sys_socket[PID: 894 (xmldbc)]: family:1, type:2, protocol:0
[ 2389.491238] firmadyne: sys_socket[PID: 895 (xmldbc)]: family:1, type:2, protocol:0
[ 2389.549682] firmadyne: sys_socket[PID: 896 (xmldbc)]: family:1, type:2, protocol:0
[ 2389.607787] firmadyne: sys_socket[PID: 897 (xmldbc)]: family:1, type:2, protocol:0
[ 2389.666078] firmadyne: sys_socket[PID: 898 (xmldbc)]: family:1, type:2, protocol:0
[ 2389.724641] firmadyne: sys_socket[PID: 899 (xmldbc)]: family:1, type:2, protocol:0
[ 2389.782968] firmadyne: sys_socket[PID: 900 (xmldbc)]: family:1, type:2, protocol:0
[ 2389.841726] firmadyne: sys_socket[PID: 901 (xmldbc)]: family:1, type:2, protocol:0
[ 2389.900071] firmadyne: sys_socket[PID: 902 (xmldbc)]: family:1, type:2, protocol:0
[ 2389.958758] firmadyne: sys_socket[PID: 903 (xmldbc)]: family:1, type:2, protocol:0
[ 2390.017541] firmadyne: sys_socket[PID: 904 (xmldbc)]: family:1, type:2, protocol:0
[ 2390.080586] firmadyne: sys_socket[PID: 905 (xmldbc)]: family:1, type:2, protocol:0
[ 2390.140302] firmadyne: sys_socket[PID: 906 (xmldbc)]: family:1, type:2, protocol:0
[ 2390.193410] firmadyne: sys_socket[PID: 907 (xmldbc)]: family:1, type:2, protocol:0
[ 2390.333238] firmadyne: sys_socket[PID: 911 (xmldbc)]: family:1, type:2, protocol:0
[ 2390.390926] firmadyne: sys_socket[PID: 912 (xmldbc)]: family:1, type:2, protocol:0
[ 2390.448825] firmadyne: sys_socket[PID: 913 (xmldbc)]: family:1, type:2, protocol:0
[ 2390.507226] firmadyne: sys_socket[PID: 914 (xmldbc)]: family:1, type:2, protocol:0
[ 2390.566058] firmadyne: sys_socket[PID: 915 (xmldbc)]: family:1, type:2, protocol:0
[ 2390.624685] firmadyne: sys_socket[PID: 916 (xmldbc)]: family:1, type:2, protocol:0
[ 2390.682665] firmadyne: sys_socket[PID: 917 (xmldbc)]: family:1, type:2, protocol:0
[ 2390.741157] firmadyne: sys_socket[PID: 918 (xmldbc)]: family:1, type:2, protocol:0
[ 2390.799718] firmadyne: sys_socket[PID: 919 (xmldbc)]: family:1, type:2, protocol:0
[ 2390.857953] firmadyne: sys_socket[PID: 920 (xmldbc)]: family:1, type:2, protocol:0
[ 2390.911150] firmadyne: sys_socket[PID: 921 (xmldbc)]: family:1, type:2, protocol:0
[ 2390.968860] firmadyne: sys_socket[PID: 922 (xmldbc)]: family:1, type:2, protocol:0
[ 2391.027351] firmadyne: sys_socket[PID: 923 (xmldbc)]: family:1, type:2, protocol:0
[ 2391.085803] firmadyne: sys_socket[PID: 924 (xmldbc)]: family:1, type:2, protocol:0
[ 2391.145813] firmadyne: sys_socket[PID: 925 (xmldbc)]: family:1, type:2, protocol:0
[ 2391.205638] firmadyne: sys_socket[PID: 926 (xmldbc)]: family:1, type:2, protocol:0
[ 2391.266422] firmadyne: sys_socket[PID: 927 (xmldbc)]: family:1, type:2, protocol:0
[ 2391.325669] firmadyne: sys_socket[PID: 928 (xmldbc)]: family:1, type:2, protocol:0
[ 2391.383568] firmadyne: sys_socket[PID: 929 (xmldbc)]: family:1, type:2, protocol:0
[ 2391.568647] firmadyne: sys_socket[PID: 934 (xmldbc)]: family:1, type:2, protocol:0
[ 2391.627049] firmadyne: sys_socket[PID: 935 (xmldbc)]: family:1, type:2, protocol:0
[ 2391.685460] firmadyne: sys_socket[PID: 936 (xmldbc)]: family:1, type:2, protocol:0
[ 2391.744111] firmadyne: sys_socket[PID: 937 (xmldbc)]: family:1, type:2, protocol:0
[ 2391.802138] firmadyne: sys_socket[PID: 938 (xmldbc)]: family:1, type:2, protocol:0
[ 2391.860344] firmadyne: sys_socket[PID: 939 (xmldbc)]: family:1, type:2, protocol:0
[ 2391.998201] firmadyne: sys_socket[PID: 943 (xmldbc)]: family:1, type:2, protocol:0
[ 2392.056239] firmadyne: sys_socket[PID: 944 (xmldbc)]: family:1, type:2, protocol:0
[ 2392.114638] firmadyne: sys_socket[PID: 945 (xmldbc)]: family:1, type:2, protocol:0
[ 2392.172854] firmadyne: sys_socket[PID: 946 (xmldbc)]: family:1, type:2, protocol:0
[ 2392.233974] firmadyne: sys_socket[PID: 947 (xmldbc)]: family:1, type:2, protocol:0
[ 2392.292717] firmadyne: sys_socket[PID: 948 (xmldbc)]: family:1, type:2, protocol:0
[ 2392.468618] firmadyne: sys_socket[PID: 953 (xmldbc)]: family:1, type:2, protocol:0
[ 2392.604715] firmadyne: sys_socket[PID: 957 (xmldbc)]: family:1, type:2, protocol:0
[ 2392.741700] firmadyne: sys_socket[PID: 961 (xmldbc)]: family:1, type:2, protocol:0
[ 2392.877851] firmadyne: sys_socket[PID: 965 (xmldbc)]: family:1, type:2, protocol:0
[ 2393.013929] firmadyne: sys_socket[PID: 969 (xmldbc)]: family:1, type:2, protocol:0
[ 2393.149861] firmadyne: sys_socket[PID: 973 (xmldbc)]: family:1, type:2, protocol:0
[ 2393.282939] firmadyne: sys_socket[PID: 977 (xmldbc)]: family:1, type:2, protocol:0
[ 2393.419647] firmadyne: sys_socket[PID: 981 (xmldbc)]: family:1, type:2, protocol:0
[ 2393.555914] firmadyne: sys_socket[PID: 985 (xmldbc)]: family:1, type:2, protocol:0
[ 2393.692329] firmadyne: sys_socket[PID: 989 (xmldbc)]: family:1, type:2, protocol:0
[ 2393.828319] firmadyne: sys_socket[PID: 993 (xmldbc)]: family:1, type:2, protocol:0
[ 2393.964696] firmadyne: sys_socket[PID: 997 (xmldbc)]: family:1, type:2, protocol:0
[ 2394.100845] firmadyne: sys_socket[PID: 1001 (xmldbc)]: family:1, type:2, protocol:0
[ 2394.238369] firmadyne: sys_socket[PID: 1005 (xmldbc)]: family:1, type:2, protocol:0
[ 2394.384628] firmadyne: sys_socket[PID: 1009 (xmldbc)]: family:1, type:2, protocol:0
[ 2394.520077] firmadyne: sys_socket[PID: 1013 (xmldbc)]: family:1, type:2, protocol:0
[ 2394.656092] firmadyne: sys_socket[PID: 1017 (xmldbc)]: family:1, type:2, protocol:0
[ 2394.792620] firmadyne: sys_socket[PID: 1021 (xmldbc)]: family:1, type:2, protocol:0
[ 2394.930043] firmadyne: sys_socket[PID: 1025 (xmldbc)]: family:1, type:2, protocol:0
[ 2395.066049] firmadyne: sys_socket[PID: 1029 (xmldbc)]: family:1, type:2, protocol:0
[ 2395.203729] firmadyne: sys_socket[PID: 1033 (xmldbc)]: family:1, type:2, protocol:0
[ 2395.342457] firmadyne: sys_socket[PID: 1037 (xmldbc)]: family:1, type:2, protocol:0
[ 2395.478871] firmadyne: sys_socket[PID: 1041 (xmldbc)]: family:1, type:2, protocol:0
[ 2395.615130] firmadyne: sys_socket[PID: 1045 (xmldbc)]: family:1, type:2, protocol:0
[ 2395.752381] firmadyne: sys_socket[PID: 1049 (xmldbc)]: family:1, type:2, protocol:0
[ 2395.889171] firmadyne: sys_socket[PID: 1053 (xmldbc)]: family:1, type:2, protocol:0
[ 2396.025504] firmadyne: sys_socket[PID: 1057 (xmldbc)]: family:1, type:2, protocol:0
[ 2396.161956] firmadyne: sys_socket[PID: 1061 (xmldbc)]: family:1, type:2, protocol:0
[ 2396.302218] firmadyne: sys_socket[PID: 1065 (xmldbc)]: family:1, type:2, protocol:0
[ 2396.439066] firmadyne: sys_socket[PID: 1069 (xmldbc)]: family:1, type:2, protocol:0
[ 2396.575394] firmadyne: sys_socket[PID: 1073 (xmldbc)]: family:1, type:2, protocol:0
[ 2396.707001] firmadyne: sys_socket[PID: 1077 (xmldbc)]: family:1, type:2, protocol:0
[ 2396.842439] firmadyne: sys_socket[PID: 1081 (xmldbc)]: family:1, type:2, protocol:0
[ 2396.900386] firmadyne: sys_socket[PID: 1082 (xmldbc)]: family:1, type:2, protocol:0
[ 2396.958555] firmadyne: sys_socket[PID: 1083 (xmldbc)]: family:1, type:2, protocol:0
[ 2397.017151] firmadyne: sys_socket[PID: 1084 (xmldbc)]: family:1, type:2, protocol:0
[ 2397.074494] firmadyne: sys_socket[PID: 1085 (xmldbc)]: family:1, type:2, protocol:0
[ 2397.132640] firmadyne: sys_socket[PID: 1086 (xmldbc)]: family:1, type:2, protocol:0
[ 2397.192306] firmadyne: sys_socket[PID: 1087 (xmldbc)]: family:1, type:2, protocol:0
[ 2397.251518] firmadyne: sys_socket[PID: 1088 (xmldbc)]: family:1, type:2, protocol:0
[ 2397.312803] firmadyne: sys_socket[PID: 1089 (xmldbc)]: family:1, type:2, protocol:0
PHP [/etc/defnodes/S11setnodes.php] ...
[ 2397.432512] firmadyne: sys_socket[PID: 1092 (rgdb)]: family:1, type:2, protocol:0
PHP [/etc/defnodes/S12features.php] ...
[ 2398.289747] firmadyne: sys_socket[PID: 1105 (rgdb)]: family:1, type:2, protocol:0
PHP [/etc/defnodes/S13flashspeed.php] ...
[ 2398.419154] firmadyne: sys_socket[PID: 1108 (rgdb)]: family:1, type:2, protocol:0
PHP [/etc/defnodes/S20setnodes.php] ...
[ 2398.672799] firmadyne: sys_socket[PID: 1113 (rgdb)]: family:1, type:2, protocol:0
[ 2399.132521] UDF-fs: warning (device mtdblock4): udf_fill_super: No partition found (2)
mount: mounting /dev/mtdblock/4 on /www/locale/alt failed: Invalid argument
PHP [/etc/defnodes/S40brand.php] ...
[ 2399.244001] firmadyne: sys_socket[PID: 1125 (rgdb)]: family:1, type:2, protocol:0
[/etc/scripts/misc/defnodes.sh] Done !!
[/etc/scripts/misc/profile.sh] put ...
[ 2399.917788] firmadyne: sys_socket[PID: 1133 (rgdb)]: family:1, type:2, protocol:0
ok
[ 2400.922097] firmadyne: sys_socket[PID: 1139 (rgdb)]: family:1, type:2, protocol:0
[ 2400.997903] firmadyne: sys_socket[PID: 1141 (rgdb)]: family:1, type:2, protocol:0
[/etc/templates/timezone.sh] ...
[ 2401.171426] firmadyne: sys_socket[PID: 1146 (rgdb)]: family:1, type:2, protocol:0
[ 2401.365791] firmadyne: sys_socket[PID: 1151 (rgdb)]: family:1, type:2, protocol:0
[ 2405.426743] firmadyne: sys_socket[PID: 1155 (rgdb)]: family:1, type:2, protocol:0
[ 2405.511269] firmadyne: sys_socket[PID: 1157 (rgdb)]: family:1, type:2, protocol:0
[ 2405.595035] firmadyne: sys_socket[PID: 1159 (rgdb)]: family:1, type:2, protocol:0
[ 2405.678986] firmadyne: sys_socket[PID: 1161 (rgdb)]: family:1, type:2, protocol:0
[ 2405.764297] firmadyne: sys_socket[PID: 1163 (rgdb)]: family:1, type:2, protocol:0
[ 2405.849488] firmadyne: sys_socket[PID: 1165 (rgdb)]: family:1, type:2, protocol:0
[ 2405.934141] firmadyne: sys_socket[PID: 1167 (rgdb)]: family:1, type:2, protocol:0
[ 2406.018463] firmadyne: sys_socket[PID: 1169 (rgdb)]: family:1, type:2, protocol:0
[ 2406.102712] firmadyne: sys_socket[PID: 1171 (rgdb)]: family:1, type:2, protocol:0
[ 2406.187808] firmadyne: sys_socket[PID: 1173 (rgdb)]: family:1, type:2, protocol:0
[ 2406.273897] firmadyne: sys_socket[PID: 1175 (rgdb)]: family:1, type:2, protocol:0
[/etc/templates/logs.sh] ...
[ 2407.257877] firmadyne: sys_socket[PID: 1203 (rgdb)]: family:1, type:2, protocol:0
[ 2407.360095] firmadyne: sys_socket[PID: 1205 (rgdb)]: family:1, type:2, protocol:0
[/var/run/logs_run.sh] ...
[ 2407.973687] firmadyne: sys_socket[PID: 1210 (syslogd)]: family:1, type:1, protocol:0
[ 2408.127429] firmadyne: sys_socket[PID: 1215 (rgdb)]: family:1, type:2, protocol:0
[ 2408.340518] firmadyne: sys_socket[PID: 1219 (ifconfig)]: family:2, type:1, protocol:0
[ 2408.414337] 8021q: adding VLAN 0 to HW filter on device eth0
[ 2408.456684] e1000: eth0 NIC Link is Up 1000 Mbps Full Duplex, Flow Control: RX
[ 2411.638129] firmadyne: sys_socket[PID: 1221 (rgdb)]: family:1, type:2, protocol:0
[ 2411.976643] firmadyne: sys_socket[PID: 1233 (rgdb)]: family:1, type:2, protocol:0
[ 2412.166467] firmadyne: sys_socket[PID: 1239 (rgdb)]: family:1, type:2, protocol:0
[ 2412.191705] firmadyne: sys_socket[PID: 1240 (ifconfig)]: family:2, type:1, protocol:0
[ 2412.194838] firmadyne: __inet_insert_ifa[PID: 1240 (ifconfig)]: device:lo ifa:0x7f000001
[ 2412.253363] firmadyne: sys_socket[PID: 1241 (brctl)]: family:2, type:2, protocol:0
[ 2412.361071] firmadyne: sys_socket[PID: 1244 (brctl)]: family:2, type:2, protocol:0
[ 2412.364377] firmadyne: sys_socket[PID: 1244 (brctl)]: family:10, type:1, protocol:0
[ 2412.421597] firmadyne: sys_socket[PID: 1245 (brctl)]: family:2, type:2, protocol:0
[ 2412.424929] firmadyne: sys_socket[PID: 1245 (brctl)]: family:10, type:1, protocol:0
[/etc/init.d/S03config.sh] done!
[/etc/init.d/S10system.sh]
start Layout ...
[/etc/scripts/layout.sh] start ...
[ 2412.805279] firmadyne: sys_socket[PID: 1255 (rgdb)]: family:1, type:2, protocol:0
[ 2412.944798] firmadyne: sys_socket[PID: 1256 (rgdb)]: family:1, type:2, protocol:0
[/var/run/layout_start.sh] ...
Start bridge layout ...
[ 2413.105312] firmadyne: sys_socket[PID: 1260 (ifconfig)]: family:2, type:1, protocol:0
[ 2413.153961] firmadyne: sys_socket[PID: 1261 (brctl)]: family:2, type:2, protocol:0
[ 2413.158073] firmadyne: sys_socket[PID: 1261 (brctl)]: family:10, type:1, protocol:0
[ 2413.160709] firmadyne: sys_socket[PID: 1261 (brctl)]: family:10, type:1, protocol:0
[ 2413.163659] firmadyne: br_add_if[PID: 1261 (brctl)]: br:br0 dev:eth0
[ 2413.170281] device eth0 entered promiscuous mode
[ 2413.265419] firmadyne: sys_socket[PID: 1264 (xmldbc)]: family:1, type:2, protocol:0
[ 2413.354244] firmadyne: sys_socket[PID: 1267 (ifconfig)]: family:2, type:1, protocol:0
[ 2413.356048] br0: port 1(eth0) entered forwarding state
[ 2413.357233] br0: port 1(eth0) entered forwarding state
[ 2413.418209] firmadyne: sys_socket[PID: 1268 (rgdb)]: family:1, type:2, protocol:0
start LAN ...
[/etc/templates/lan.sh] ...
[ 2413.586550] firmadyne: sys_socket[PID: 1273 (rgdb)]: family:1, type:2, protocol:0
[ 2413.739641] firmadyne: sys_socket[PID: 1276 (rgdb)]: family:1, type:2, protocol:0
[ 2413.855337] firmadyne: sys_socket[PID: 1277 (rgdb)]: family:1, type:2, protocol:0
[/var/run/lan_start.sh] ...
Bridge mode selected, LAN is disabled !
start web server ...
[/etc/templates/webs.sh] start ...
[ 2414.159274] firmadyne: sys_socket[PID: 1285 (rgdb)]: family:1, type:2, protocol:0
[ 2414.249786] firmadyne: sys_socket[PID: 1287 (rgdb)]: family:1, type:2, protocol:0
[ 2414.403850] firmadyne: sys_socket[PID: 1290 (rgdb)]: family:1, type:2, protocol:0
[ 2414.568824] firmadyne: sys_socket[PID: 1291 (rgdb)]: family:1, type:2, protocol:0
[/var/run/webs_start.sh] ...
Starting HTTPD ...
start eth0 vlan setup ...
/etc/scripts/eth_vlan.sh: not found
[ 2414.984455] firmadyne: sys_socket[PID: 1301 (rgdb)]: family:1, type:2, protocol:0
[ 2415.010256] firmadyne: sys_socket[PID: 1302 (rgdb)]: family:1, type:2, protocol:0
[ 2415.234692] firmadyne: sys_socket[PID: 1303 (rgdb)]: family:1, type:2, protocol:0
#!/bin/sh
echo [$0] ... > /dev/console

# limitedadmin.php <<<

limitedadmin.sh...
[ 2415.546998] firmadyne: sys_socket[PID: 1307 (brctl)]: family:2, type:2, protocol:0
[ 2415.558545] firmadyne: sys_socket[PID: 1307 (brctl)]: family:10, type:1, protocol:0
[ 2415.660443] firmadyne: sys_socket[PID: 1308 (brctl)]: family:2, type:2, protocol:0
[ 2415.667811] firmadyne: sys_socket[PID: 1308 (brctl)]: family:10, type:1, protocol:0
[ 2415.778040] firmadyne: sys_socket[PID: 1309 (brctl)]: family:2, type:2, protocol:0
[ 2415.785590] firmadyne: sys_socket[PID: 1309 (brctl)]: family:10, type:1, protocol:0
[ 2415.894333] firmadyne: sys_socket[PID: 1310 (brctl)]: family:2, type:2, protocol:0
[ 2415.901710] firmadyne: sys_socket[PID: 1310 (brctl)]: family:10, type:1, protocol:0
[ 2416.010109] firmadyne: sys_socket[PID: 1311 (brctl)]: family:2, type:2, protocol:0
[ 2416.017651] firmadyne: sys_socket[PID: 1311 (brctl)]: family:10, type:1, protocol:0
[ 2416.122789] firmadyne: sys_socket[PID: 1312 (brctl)]: family:2, type:2, protocol:0
[ 2416.130196] firmadyne: sys_socket[PID: 1312 (brctl)]: family:10, type:1, protocol:0
start fresetd ...
enable LAN ports ...
[ 2416.388323] firmadyne: sys_socket[PID: 1314 (servd)]: family:1, type:2, protocol:0
Factory reset time : 5 secs
System reset time  : 1 secs
WPS command : [/etc/templates/wps.sh pbc &]
[ 2416.472919] firmadyne: sys_socket[PID: 1305 (httpd)]: family:10, type:2, protocol:6
[ 2416.482008] firmadyne: sys_setsockopt[PID: 1305 (httpd)]: fd:4, level:65535, optname:4
/dev/gpio: No such device or address
[ 2416.588843] firmadyne: sys_socket[PID: 1317 (fresetd)]: family:1, type:1, protocol:0
[/etc/scripts/enlan.sh] ...
 Generate channel table according to the country code...
[ 2416.675450] firmadyne: sys_socket[PID: 1324 (httpd)]: family:1, type:1, protocol:0
[ 2416.763257] firmadyne: sys_socket[PID: 1331 (genchanneltable)]: family:1, type:2, protocol:0
[ 2416.777898] firmadyne: sys_socket[PID: 1331 (genchanneltable)]: family:1, type:2, protocol:0
[ 2416.784236] firmadyne: sys_socket[PID: 1331 (genchanneltable)]: family:1, type:2, protocol:0
[ 2416.803480] firmadyne: sys_socket[PID: 1330 (getsys)]: family:1, type:2, protocol:0
UNKNOW country code!! Use USA for default!!
[ 2416.912012] firmadyne: sys_socket[PID: 1331 (genchanneltable)]: family:1, type:2, protocol:0
[ 2416.915626] firmadyne: sys_socket[PID: 1330 (getsys)]: family:1, type:2, protocol:0
[ 2416.923678] firmadyne: sys_socket[PID: 1330 (getsys)]: family:1, type:2, protocol:0
[ 2416.930599] firmadyne: sys_socket[PID: 1331 (genchanneltable)]: family:1, type:2, protocol:0
[ 2416.935459] firmadyne: sys_socket[PID: 1330 (getsys)]: family:1, type:2, protocol:0
[ 2416.942071] firmadyne: sys_socket[PID: 1331 (genchanneltable)]: family:1, type:2, protocol:0
[ 2416.947133] firmadyne: sys_socket[PID: 1330 (getsys)]: family:1, type:2, protocol:0
[ 2416.953599] firmadyne: sys_socket[PID: 1331 (genchanneltable)]: family:1, type:2, protocol:0
[ 2416.958591] firmadyne: sys_socket[PID: 1330 (getsys)]: family:1, type:2, protocol:0
[ 2416.964771] firmadyne: sys_socket[PID: 1331 (genchanneltable)]: family:1, type:2, protocol:0
[ 2416.968866] firmadyne: sys_socket[PID: 1330 (getsys)]: family:1, type:2, protocol:0
[ 2416.975457] firmadyne: sys_socket[PID: 1331 (genchanneltable)]: family:1, type:2, protocol:0
[ 2416.980100] firmadyne: sys_socket[PID: 1330 (getsys)]: family:1, type:2, protocol:0
[ 2416.986784] firmadyne: sys_socket[PID: 1331 (genchanneltable)]: family:1, type:2, protocol:0
[ 2416.992212] firmadyne: sys_socket[PID: 1330 (getsys)]: family:1, type:2, protocol:0
[ 2416.999288] firmadyne: sys_socket[PID: 1331 (genchanneltable)]: family:1, type:2, protocol:0
[ 2417.004136] firmadyne: sys_socket[PID: 1330 (getsys)]: family:1, type:2, protocol:0
[ 2417.010855] firmadyne: sys_socket[PID: 1331 (genchanneltable)]: family:1, type:2, protocol:0
[ 2417.015700] firmadyne: sys_socket[PID: 1330 (getsys)]: family:1, type:2, protocol:0
[ 2417.022584] firmadyne: sys_socket[PID: 1331 (genchanneltable)]: family:1, type:2, protocol:0
[ 2417.027501] firmadyne: sys_socket[PID: 1330 (getsys)]: family:1, type:2, protocol:0
[ 2417.034277] firmadyne: sys_socket[PID: 1331 (genchanneltable)]: family:1, type:2, protocol:0
[ 2417.039199] firmadyne: sys_socket[PID: 1330 (getsys)]: family:1, type:2, protocol:0
[ 2417.046051] firmadyne: sys_socket[PID: 1331 (genchanneltable)]: family:1, type:2, protocol:0
[ 2417.050982] firmadyne: sys_socket[PID: 1330 (getsys)]: family:1, type:2, protocol:0
[ 2417.057724] firmadyne: sys_socket[PID: 1331 (genchanneltable)]: family:1, type:2, protocol:0
[ 2417.062567] firmadyne: sys_socket[PID: 1330 (getsys)]: family:1, type:2, protocol:0
[ 2417.069422] firmadyne: sys_socket[PID: 1331 (genchanneltable)]: family:1, type:2, protocol:0
[ 2417.073462] firmadyne: sys_socket[PID: 1330 (getsys)]: family:1, type:2, protocol:0
[ 2417.080069] firmadyne: sys_socket[PID: 1331 (genchanneltable)]: family:1, type:2, protocol:0
[ 2417.084201] firmadyne: sys_socket[PID: 1330 (getsys)]: family:1, type:2, protocol:0
[ 2417.091267] firmadyne: sys_socket[PID: 1331 (genchanneltable)]: family:1, type:2, protocol:0
[ 2417.099540] firmadyne: sys_socket[PID: 1330 (getsys)]: family:1, type:2, protocol:0
[ 2417.105233] firmadyne: sys_socket[PID: 1331 (genchanneltable)]: family:1, type:2, protocol:0
[ 2417.112325] firmadyne: sys_socket[PID: 1331 (genchanneltable)]: family:1, type:2, protocol:0
[ 2417.123588] firmadyne: sys_socket[PID: 1331 (genchanneltable)]: family:1, type:2, protocol:0
[ 2417.135485] firmadyne: sys_socket[PID: 1331 (genchanneltable)]: family:1, type:2, protocol:0
[ 2417.146799] firmadyne: sys_socket[PID: 1331 (genchanneltable)]: family:1, type:2, protocol:0
[ 2417.152831] firmadyne: sys_socket[PID: 1331 (genchanneltable)]: family:1, type:2, protocol:0
[ 2417.162303] firmadyne: sys_socket[PID: 1331 (genchanneltable)]: family:1, type:2, protocol:0
[ 2417.168542] firmadyne: sys_socket[PID: 1331 (genchanneltable)]: family:1, type:2, protocol:0
[ 2417.177850] firmadyne: sys_socket[PID: 1331 (genchanneltable)]: family:1, type:2, protocol:0
[ 2417.185617] firmadyne: sys_socket[PID: 1331 (genchanneltable)]: family:1, type:2, protocol:0
[ 2417.192251] firmadyne: sys_socket[PID: 1331 (genchanneltable)]: family:1, type:2, protocol:0
[ 2417.201548] firmadyne: sys_socket[PID: 1331 (genchanneltable)]: family:1, type:2, protocol:0
[ 2417.213810] firmadyne: sys_socket[PID: 1331 (genchanneltable)]: family:1, type:2, protocol:0
/dev/gpio: No such device or address
 Generate VLAN table according to the port...
[ 2417.295533] firmadyne: sys_socket[PID: 1339 (genVLANTableByP)]: family:1, type:2, protocol:0
[ 2417.302892] firmadyne: sys_socket[PID: 1339 (genVLANTableByP)]: family:1, type:2, protocol:0
[ 2417.308388] firmadyne: sys_socket[PID: 1339 (genVLANTableByP)]: family:1, type:2, protocol:0
[ 2417.314945] firmadyne: sys_socket[PID: 1339 (genVLANTableByP)]: family:1, type:2, protocol:0
[ 2417.320522] firmadyne: sys_socket[PID: 1339 (genVLANTableByP)]: family:1, type:2, protocol:0
[ 2417.326884] firmadyne: sys_socket[PID: 1339 (genVLANTableByP)]: family:1, type:2, protocol:0
[ 2417.333455] firmadyne: sys_socket[PID: 1339 (genVLANTableByP)]: family:1, type:2, protocol:0
[ 2417.339688] firmadyne: sys_socket[PID: 1339 (genVLANTableByP)]: family:1, type:2, protocol:0
[ 2417.346284] firmadyne: sys_socket[PID: 1339 (genVLANTableByP)]: family:1, type:2, protocol:0
[ 2417.352642] firmadyne: sys_socket[PID: 1339 (genVLANTableByP)]: family:1, type:2, protocol:0
[ 2417.359319] firmadyne: sys_socket[PID: 1339 (genVLANTableByP)]: family:1, type:2, protocol:0
[ 2417.365137] firmadyne: sys_socket[PID: 1339 (genVLANTableByP)]: family:1, type:2, protocol:0
[ 2417.371191] firmadyne: sys_socket[PID: 1339 (genVLANTableByP)]: family:1, type:2, protocol:0
[ 2417.376714] firmadyne: sys_socket[PID: 1339 (genVLANTableByP)]: family:1, type:2, protocol:0
[ 2417.383119] firmadyne: sys_socket[PID: 1339 (genVLANTableByP)]: family:1, type:2, protocol:0
[ 2417.388706] firmadyne: sys_socket[PID: 1339 (genVLANTableByP)]: family:1, type:2, protocol:0
[ 2417.395107] firmadyne: sys_socket[PID: 1339 (genVLANTableByP)]: family:1, type:2, protocol:0
[ 2417.400825] firmadyne: sys_socket[PID: 1339 (genVLANTableByP)]: family:1, type:2, protocol:0
[ 2417.407284] firmadyne: sys_socket[PID: 1339 (genVLANTableByP)]: family:1, type:2, protocol:0
[ 2417.412806] firmadyne: sys_socket[PID: 1339 (genVLANTableByP)]: family:1, type:2, protocol:0
[ 2417.418825] firmadyne: sys_socket[PID: 1339 (genVLANTableByP)]: family:1, type:2, protocol:0
