[    0.000000] Linux version 4.1.17+ (alessio@pc) (gcc version 5.5.0 20171010 (Ubuntu 5.5.0-12ubuntu1) ) #1 Mon May 15 23:04:08 CEST 2023
[    0.000000] earlycon: Early serial console at I/O port 0x3f8 (options '38400n8')
[    0.000000] bootconsole [uart0] enabled
[    0.000000] CPU0 revision is: 00019300 (MIPS 24Kc)
[    0.000000] FPU revision is: 00739300
[    0.000000] Software DMA cache coherency enabled
[    0.000000] Determined physical RAM map:
[    0.000000]  memory: 00001000 @ 00000000 (reserved)
[    0.000000]  memory: 000ef000 @ 00001000 (ROM data)
[    0.000000]  memory: 00798000 @ 000f0000 (reserved)
[    0.000000]  memory: 0f777000 @ 00888000 (usable)
[    0.000000] debug: ignoring loglevel setting.
[    0.000000] Wasting 69888 bytes for tracking 2184 unused pages
[    0.000000] Initrd not found or empty - disabling initrd
[    0.000000] Zone ranges:
[    0.000000]   DMA      [mem 0x0000000000000000-0x0000000000ffffff]
[    0.000000]   Normal   [mem 0x0000000001000000-0x000000000fffefff]
[    0.000000] Movable zone start for each node
[    0.000000] Early memory node ranges
[    0.000000]   node   0: [mem 0x0000000000000000-0x000000000fffefff]
[    0.000000] Initmem setup node 0 [mem 0x0000000000000000-0x000000000fffefff]
[    0.000000] On node 0 totalpages: 65535
[    0.000000] free_area_init_node: node 0, pgdat 8081d5b0, node_mem_map 81000000
[    0.000000]   DMA zone: 32 pages used for memmap
[    0.000000]   DMA zone: 0 pages reserved
[    0.000000]   DMA zone: 4096 pages, LIFO batch:0
[    0.000000]   Normal zone: 480 pages used for memmap
[    0.000000]   Normal zone: 61439 pages, LIFO batch:15
[    0.000000] Primary instruction cache 2kB, VIPT, 2-way, linesize 16 bytes.
[    0.000000] Primary data cache 2kB, 2-way, VIPT, no aliases, linesize 16 bytes
[    0.000000] pcpu-alloc: s0 r0 d32768 u32768 alloc=1*32768
[    0.000000] pcpu-alloc: [0] 0 
[    0.000000] Built 1 zonelists in Zone order, mobility grouping on.  Total pages: 65023
[    0.000000] Kernel command line: root=/dev/sda1 console=ttyS0 nandsim.parts=64,64,64,64,64,64,64,64,64,64 rdinit=/firmadyne/preInit.sh rw debug ignore_loglevel print-fatal-signals=1 FIRMAE_NET=true FIRMAE_NVRAM=true FIRMAE_KERNEL=true FIRMAE_ETC=true user_debug=0 firmadyne.syscall=1 noka
[    0.000000] found FIRMAE_KERNEL=t
[    0.000000] set the LD_PRELOAD=/firmadyne/libnvram_ioctl.so
[    0.000000] PID hash table entries: 1024 (order: 0, 4096 bytes)
[    0.000000] Dentry cache hash table entries: 32768 (order: 5, 131072 bytes)
[    0.000000] Inode-cache hash table entries: 16384 (order: 4, 65536 bytes)
[    0.000000] Writing ErrCtl register=00000000
[    0.000000] Readback ErrCtl register=00000000
[    0.000000] Memory: 251112K/262140K available (5360K kernel code, 244K rwdata, 1676K rodata, 260K init, 158K bss, 11028K reserved, 0K cma-reserved)
[    0.000000] NR_IRQS:256
[    0.000000] CPU frequency 200.00 MHz
[    0.000000] clocksource MIPS: mask: 0xffffffff max_cycles: 0xffffffff, max_idle_ns: 19112594715 ns
[    0.000174] sched_clock: 32 bits at 100MHz, resolution 9ns, wraps every 21474825211ns
[    0.012318] Console: colour dummy device 80x25
[    0.013261] Calibrating delay loop... 31.42 BogoMIPS (lpj=62848)
[    0.061370] pid_max: default: 32768 minimum: 301
[    0.064995] Mount-cache hash table entries: 1024 (order: 0, 4096 bytes)
[    0.065595] Mountpoint-cache hash table entries: 1024 (order: 0, 4096 bytes)
[    0.121894] clocksource jiffies: mask: 0xffffffff max_cycles: 0xffffffff, max_idle_ns: 7645041785100000 ns
[    0.131348] NET: Registered protocol family 16
[    0.373758] clocksource pit: mask: 0xffffffff max_cycles: 0xffffffff, max_idle_ns: 1601818034827 ns
[    0.506657] vgaarb: loaded
[    0.511769] SCSI subsystem initialized
[    0.513988] libata version 3.00 loaded.
[    0.517917] usbcore: registered new interface driver usbfs
[    0.519149] usbcore: registered new interface driver hub
[    0.520384] usbcore: registered new device driver usb
[    0.522824] pps_core: LinuxPPS API ver. 1 registered
[    0.523178] pps_core: Software ver. 5.3.6 - Copyright 2005-2007 Rodolfo Giometti <giometti@linux.it>
[    0.524175] PTP clock support registered
[    0.528375] PCI host bridge to bus 0000:00
[    0.529068] pci_bus 0000:00: root bus resource [mem 0x10000000-0x17ffffff]
[    0.529597] pci_bus 0000:00: root bus resource [io  0x1000-0x1fffff]
[    0.530116] pci_bus 0000:00: root bus resource [??? 0x00000000 flags 0x0]
[    0.530611] pci_bus 0000:00: No busn resource found for root bus, will use [bus 00-ff]
[    0.531737] pci 0000:00:00.0: [11ab:4620] type 00 class 0x060000
[    0.532745] pci 0000:00:00.0: [Firmware Bug]: reg 0x14: invalid BAR (can't size)
[    0.533259] pci 0000:00:00.0: [Firmware Bug]: reg 0x18: invalid BAR (can't size)
[    0.533757] pci 0000:00:00.0: [Firmware Bug]: reg 0x1c: invalid BAR (can't size)
[    0.534258] pci 0000:00:00.0: [Firmware Bug]: reg 0x20: invalid BAR (can't size)
[    0.534774] pci 0000:00:00.0: [Firmware Bug]: reg 0x24: invalid BAR (can't size)
[    0.538517] pci 0000:00:0a.0: [8086:7110] type 00 class 0x060100
[    0.541623] pci 0000:00:0a.1: [8086:7111] type 00 class 0x010180
[    0.542299] pci 0000:00:0a.1: reg 0x20: [io  0x0000-0x000f]
[    0.542848] pci 0000:00:0a.1: legacy IDE quirk: reg 0x10: [io  0x01f0-0x01f7]
[    0.543352] pci 0000:00:0a.1: legacy IDE quirk: reg 0x14: [io  0x03f6]
[    0.543923] pci 0000:00:0a.1: legacy IDE quirk: reg 0x18: [io  0x0170-0x0177]
[    0.544458] pci 0000:00:0a.1: legacy IDE quirk: reg 0x1c: [io  0x0376]
[    0.547360] pci 0000:00:0a.2: [8086:7112] type 00 class 0x0c0300
[    0.547937] pci 0000:00:0a.2: reg 0x20: [io  0x0000-0x001f]
[    0.550781] pci 0000:00:0a.3: [8086:7113] type 00 class 0x068000
[    0.551890] pci 0000:00:0a.3: quirk: [io  0x1000-0x103f] claimed by PIIX4 ACPI
[    0.552413] pci 0000:00:0a.3: quirk: [io  0x1100-0x110f] claimed by PIIX4 SMB
[    0.555230] pci 0000:00:12.0: [1013:00b8] type 00 class 0x030000
[    0.555772] pci 0000:00:12.0: reg 0x10: [mem 0x00000000-0x01ffffff pref]
[    0.556275] pci 0000:00:12.0: reg 0x14: [mem 0x00000000-0x00000fff]
[    0.556838] pci 0000:00:12.0: reg 0x30: [mem 0x00000000-0x0000ffff pref]
[    0.559400] vgaarb: device added: PCI:0000:00:12.0,decodes=io+mem,owns=none,locks=none
[    0.560493] pci 0000:00:13.0: [8086:100e] type 00 class 0x020000
[    0.561024] pci 0000:00:13.0: reg 0x10: [mem 0x00000000-0x0001ffff]
[    0.561619] pci 0000:00:13.0: reg 0x14: [io  0x0000-0x003f]
[    0.562148] pci 0000:00:13.0: reg 0x30: [mem 0x00000000-0x0003ffff pref]
[    0.564646] pci 0000:00:14.0: [8086:100e] type 00 class 0x020000
[    0.565180] pci 0000:00:14.0: reg 0x10: [mem 0x00000000-0x0001ffff]
[    0.565931] pci 0000:00:14.0: reg 0x14: [io  0x0000-0x003f]
[    0.566524] pci 0000:00:14.0: reg 0x30: [mem 0x00000000-0x0003ffff pref]
[    0.569251] pci 0000:00:15.0: [8086:100e] type 00 class 0x020000
[    0.569783] pci 0000:00:15.0: reg 0x10: [mem 0x00000000-0x0001ffff]
[    0.570368] pci 0000:00:15.0: reg 0x14: [io  0x0000-0x003f]
[    0.570907] pci 0000:00:15.0: reg 0x30: [mem 0x00000000-0x0003ffff pref]
[    0.573509] pci 0000:00:16.0: [8086:100e] type 00 class 0x020000
[    0.574266] pci 0000:00:16.0: reg 0x10: [mem 0x00000000-0x0001ffff]
[    0.574779] pci 0000:00:16.0: reg 0x14: [io  0x0000-0x003f]
[    0.575319] pci 0000:00:16.0: reg 0x30: [mem 0x00000000-0x0003ffff pref]
[    0.578165] pci_bus 0000:00: busn_res: [bus 00-ff] end is updated to 00
[    0.579679] pci 0000:00:12.0: BAR 0: assigned [mem 0x10000000-0x11ffffff pref]
[    0.580349] pci 0000:00:13.0: BAR 6: assigned [mem 0x12000000-0x1203ffff pref]
[    0.580945] pci 0000:00:14.0: BAR 6: assigned [mem 0x12040000-0x1207ffff pref]
[    0.581490] pci 0000:00:15.0: BAR 6: assigned [mem 0x12080000-0x120bffff pref]
[    0.582107] pci 0000:00:16.0: BAR 6: assigned [mem 0x120c0000-0x120fffff pref]
[    0.582809] pci 0000:00:13.0: BAR 0: assigned [mem 0x12100000-0x1211ffff]
[    0.583355] pci 0000:00:14.0: BAR 0: assigned [mem 0x12120000-0x1213ffff]
[    0.583889] pci 0000:00:15.0: BAR 0: assigned [mem 0x12140000-0x1215ffff]
[    0.584430] pci 0000:00:16.0: BAR 0: assigned [mem 0x12160000-0x1217ffff]
[    0.585001] pci 0000:00:12.0: BAR 6: assigned [mem 0x12180000-0x1218ffff pref]
[    0.585552] pci 0000:00:12.0: BAR 1: assigned [mem 0x12190000-0x12190fff]
[    0.586108] pci 0000:00:13.0: BAR 1: assigned [io  0x1040-0x107f]
[    0.586600] pci 0000:00:14.0: BAR 1: assigned [io  0x1080-0x10bf]
[    0.587230] pci 0000:00:15.0: BAR 1: assigned [io  0x10c0-0x10ff]
[    0.587737] pci 0000:00:16.0: BAR 1: assigned [io  0x1400-0x143f]
[    0.588240] pci 0000:00:0a.2: BAR 4: assigned [io  0x1440-0x145f]
[    0.588748] pci 0000:00:0a.1: BAR 4: assigned [io  0x1460-0x146f]
[    0.604298] cfg80211: Calling CRDA to update world regulatory domain
[    0.616262] Switched to clocksource MIPS
[    0.716044] NET: Registered protocol family 2
[    0.726613] TCP established hash table entries: 2048 (order: 1, 8192 bytes)
[    0.727595] TCP bind hash table entries: 2048 (order: 1, 8192 bytes)
[    0.728673] TCP: Hash tables configured (established 2048 bind 2048)
[    0.729680] UDP hash table entries: 256 (order: 0, 4096 bytes)
[    0.730284] UDP-Lite hash table entries: 256 (order: 0, 4096 bytes)
[    0.733743] NET: Registered protocol family 1
[    0.735217] PCI: Enabling device 0000:00:0a.2 (0000 -> 0001)
[    0.736702] PCI: CLS 0 bytes, default 16
[    0.764520] futex hash table entries: 256 (order: -1, 3072 bytes)
[    0.778686] squashfs: version 4.0 (2009/01/31) Phillip Lougher
[    0.780896] jffs2: version 2.2. (NAND) Â© 2001-2006 Red Hat, Inc.
[    0.783795] romfs: ROMFS MTD (C) 2007 Red Hat, Inc.
[    0.805098] Block layer SCSI generic (bsg) driver version 0.4 loaded (major 251)
[    0.805681] io scheduler noop registered
[    0.806288] io scheduler cfq registered (default)
[    0.807167] firmadyne: devfs: 1, execute: 1, procfs: 1, syscall: 1
[    0.812167] firmadyne: Cannot register character device: gpio, 0xfc, 0x0!
[    0.819643] firmadyne: Cannot register character device: watchdog, 0xa, 0x82!
[    0.820079] firmadyne: Cannot register character device: wdt, 0xfd, 0x0!
[    2.313520] strName = 4.1.17+
[    2.313520] init_task_addr  = 2155778944
[    2.313520] init_task_size  = 1296
[    2.313520] ts_tasks        = 292
[    2.313520] ts_pid          = 408
[    2.313520] ts_tgid         = 412
[    2.313520] ts_group_leader = 440
[    2.313520] ts_thread_group = 496
[    2.313520] ts_real_parent  = 416
[    2.313520] ts_mm           = 300
[    2.313520] ts_stack        = 4
[    2.315568] module_name   = 12
[    2.315568] module_size   = 208
[    2.315568] module_init   = 200
[    2.315568] module_list   = 4
[    2.316573] ts_real_cred    = 624
[    2.316573] ts_cred         = 628
[    2.316573] ts_comm         = 632
[    2.316573] cred_uid        = 4
[    2.316573] cred_gid        = 8
[    2.316573] cred_euid       = 20
[    2.316573] cred_egid       = 24
[    2.317908] mm_mmap         = 0
[    2.317908] mm_pgd          = 32
[    2.317908] mm_arg_start    = 136
[    2.317908] mm_start_brk    = 124
[    2.317908] mm_brk          = 128
[    2.317908] mm_start_stack  = 132
[    2.319070] vma_vm_start    = 0
[    2.319070] vma_vm_end      = 4
[    2.319070] vma_vm_next     = 8
[    2.319070] vma_vm_file     = 80
[    2.319070] vma_vm_flags    = 40
[    2.319070] vma_vm_pgoff    = 76
[    2.320245] file_dentry     = 12
[    2.320245] file_inode      = 40
[    2.320245] dentry_d_name   = 24
[    2.320245] dentry_d_iname  = 44
[    2.320245] dentry_d_parent = 16
[    2.320245] ti_task         = 0
[    2.320245] inode_ino   = 28
[    3.254061] proc_fork_connector  = 2151078840
[    3.254415] proc_exit_connector  = 2151080432
[    3.254728] proc_exec_connector  = 2151079052
[    3.255024] vma_link  = 2149124372
[    3.255285] vma_adjust  = 2149124540
[    3.255554] remove_vma  = 2149122188
[    3.255821] modules  = 2155833724
[    3.256084] trim_init_extable  = 2150545316
[    3.259538] PCI: Enabling device 0000:00:12.0 (0000 -> 0002)
[    3.260917] cirrusfb 0000:00:12.0: Cirrus Logic chipset on PCI bus, RAM (4096 kB) at 0x10000000
[    3.485752] Console: switching to colour frame buffer device 80x30
[    3.546476] Serial: 8250/16550 driver, 4 ports, IRQ sharing enabled
[    3.559200] console [ttyS0] disabled
[    3.585860] serial8250.0: ttyS0 at I/O 0x3f8 (irq = 4, base_baud = 115200) is a 16550A
[    3.587007] console [ttyS0] enabled
[    3.587007] console [ttyS0] enabled
[    3.587555] bootconsole [uart0] disabled
[    3.587555] bootconsole [uart0] disabled
[    3.617021] serial8250.0: ttyS1 at I/O 0x2f8 (irq = 3, base_baud = 115200) is a 16550A
[    3.726551] brd: module loaded
[    3.782583] loop: module loaded
[    3.788577] ata_piix 0000:00:0a.1: version 2.13
[    3.789137] PCI: Enabling device 0000:00:0a.1 (0000 -> 0001)
[    3.810668] cfg80211: Calling CRDA to update world regulatory domain
[    3.813267] scsi host0: ata_piix
[    3.818399] scsi host1: ata_piix
[    3.821837] ata1: PATA max UDMA/33 cmd 0x1f0 ctl 0x3f6 bmdma 0x1460 irq 14
[    3.822299] ata2: PATA max UDMA/33 cmd 0x170 ctl 0x376 bmdma 0x1468 irq 15
[    3.828469] [nandsim] warning: read_byte: unexpected data output cycle, state is STATE_READY return 0x0
[    3.829027] [nandsim] warning: read_byte: unexpected data output cycle, state is STATE_READY return 0x0
[    3.829560] [nandsim] warning: read_byte: unexpected data output cycle, state is STATE_READY return 0x0
[    3.830081] [nandsim] warning: read_byte: unexpected data output cycle, state is STATE_READY return 0x0
[    3.830611] [nandsim] warning: read_byte: unexpected data output cycle, state is STATE_READY return 0x0
[    3.831132] [nandsim] warning: read_byte: unexpected data output cycle, state is STATE_READY return 0x0
[    3.831838] nand: device found, Manufacturer ID: 0x98, Chip ID: 0x39
[    3.832365] nand: Toshiba NAND 128MiB 1,8V 8-bit
[    3.832755] nand: 128 MiB, SLC, erase size: 16 KiB, page size: 512, OOB size: 16
[    3.834295] flash size: 128 MiB
[    3.834534] page size: 512 bytes
[    3.834771] OOB area size: 16 bytes
[    3.835014] sector size: 16 KiB
[    3.835236] pages number: 262144
[    3.835461] pages per sector: 32
[    3.835686] bus width: 8
[    3.835883] bits in sector size: 14
[    3.836120] bits in page size: 9
[    3.836473] bits in OOB size: 4
[    3.836708] flash size with OOB: 135168 KiB
[    3.836970] page address bytes: 4
[    3.837199] sector address bytes: 3
[    3.837434] options: 0x42
[    3.910399] Scanning device for bad blocks
[    4.962563] ata2.01: NODEV after polling detection
[    4.963307] ata1.01: NODEV after polling detection
[    4.965765] ata2.00: ATAPI: QEMU DVD-ROM, 2.5+, max UDMA/100
[    4.967539] ata1.00: ATA-7: QEMU HARDDISK, 2.5+, max UDMA/100
[    4.967999] ata1.00: 2097152 sectors, multi 16: LBA48 
[    4.973424] ata2.00: configured for UDMA/33
[    4.975282] ata1.00: configured for UDMA/33
[    4.983314] scsi 0:0:0:0: Direct-Access     ATA      QEMU HARDDISK    2.5+ PQ: 0 ANSI: 5
[    4.998317] sd 0:0:0:0: [sda] 2097152 512-byte logical blocks: (1.07 GB/1.00 GiB)
[    4.999857] scsi 1:0:0:0: CD-ROM            QEMU     QEMU DVD-ROM     2.5+ PQ: 0 ANSI: 5
[    5.012027] sd 0:0:0:0: [sda] Write Protect is off
[    5.012719] sd 0:0:0:0: [sda] Mode Sense: 00 3a 00 00
[    5.014136] sd 0:0:0:0: [sda] Write cache: enabled, read cache: enabled, doesn't support DPO or FUA
[    5.024939] spurious 8259A interrupt: IRQ7.
[    5.025513]  sda: sda1
[    5.036797] Creating 11 MTD partitions on "NAND 128MiB 1,8V 8-bit":
[    5.037684] 0x000000000000-0x000000100000 : "NAND simulator partition 0"
[    5.050441] 0x000000100000-0x000000200000 : "NAND simulator partition 1"
[    5.059520] 0x000000200000-0x000000300000 : "NAND simulator partition 2"
[    5.069435] 0x000000300000-0x000000400000 : "NAND simulator partition 3"
[    5.079360] 0x000000400000-0x000000500000 : "NAND simulator partition 4"
[    5.089898] 0x000000500000-0x000000600000 : "NAND simulator partition 5"
[    5.100173] 0x000000600000-0x000000700000 : "NAND simulator partition 6"
[    5.110736] 0x000000700000-0x000000800000 : "NAND simulator partition 7"
[    5.121088] 0x000000800000-0x000000900000 : "NAND simulator partition 8"
[    5.130715] 0x000000900000-0x000000a00000 : "NAND simulator partition 9"
[    5.140397] 0x000000a00000-0x000008000000 : "NAND simulator partition 10"
[    5.182112] tun: Universal TUN/TAP device driver, 1.6
[    5.182472] tun: (C) 1999-2004 Max Krasnyansky <maxk@qualcomm.com>
[    5.185861] pcnet32: pcnet32.c:v1.35 21.Apr.2008 tsbogend@alpha.franken.de
[    5.187056] e1000: Intel(R) PRO/1000 Network Driver - version 7.3.21-k8-NAPI
[    5.187480] e1000: Copyright (c) 1999-2006 Intel Corporation.
[    5.188506] PCI: Enabling device 0000:00:13.0 (0000 -> 0003)
[    5.195485] sd 0:0:0:0: [sda] Attached SCSI disk
[    5.463581] e1000 0000:00:13.0 eth0: (PCI:33MHz:32-bit) 52:54:00:12:34:56
[    5.464401] e1000 0000:00:13.0 eth0: Intel(R) PRO/1000 Network Connection
[    5.465036] PCI: Enabling device 0000:00:14.0 (0000 -> 0003)
[    5.744551] e1000 0000:00:14.0 eth1: (PCI:33MHz:32-bit) 52:54:00:12:34:57
[    5.745044] e1000 0000:00:14.0 eth1: Intel(R) PRO/1000 Network Connection
[    5.745622] PCI: Enabling device 0000:00:15.0 (0000 -> 0003)
[    6.033178] e1000 0000:00:15.0 eth2: (PCI:33MHz:32-bit) 52:54:00:12:34:58
[    6.033688] e1000 0000:00:15.0 eth2: Intel(R) PRO/1000 Network Connection
[    6.034318] PCI: Enabling device 0000:00:16.0 (0000 -> 0003)
[    6.309141] e1000 0000:00:16.0 eth3: (PCI:33MHz:32-bit) 52:54:00:12:34:59
[    6.309620] e1000 0000:00:16.0 eth3: Intel(R) PRO/1000 Network Connection
[    6.310756] e1000e: Intel(R) PRO/1000 Network Driver - 2.3.2-k
[    6.311076] e1000e: Copyright(c) 1999 - 2014 Intel Corporation.
[    6.314909] PPP generic driver version 2.4.2
[    6.316865] PPP Deflate Compression module registered
[    6.317428] PPP MPPE Compression module registered
[    6.317778] NET: Registered protocol family 24
[    6.318379] ehci_hcd: USB 2.0 'Enhanced' Host Controller (EHCI) Driver
[    6.318818] ehci-pci: EHCI PCI platform driver
[    6.319812] ohci_hcd: USB 1.1 'Open' Host Controller (OHCI) Driver
[    6.320344] ohci-pci: OHCI PCI platform driver
[    6.321343] uhci_hcd: USB Universal Host Controller Interface driver
[    6.322792] uhci_hcd 0000:00:0a.2: UHCI Host Controller
[    6.323521] uhci_hcd 0000:00:0a.2: new USB bus registered, assigned bus number 1
[    6.324610] uhci_hcd 0000:00:0a.2: irq 11, io base 0x00001440
[    6.334754] hub 1-0:1.0: USB hub found
[    6.335445] hub 1-0:1.0: 2 ports detected
[    6.343678] usbcore: registered new interface driver usb-storage
[    6.347589] mousedev: PS/2 mouse device common for all mice
[    6.353420] rtc_cmos rtc_cmos: rtc core: registered rtc_cmos as rtc0
[    6.354095] rtc_cmos rtc_cmos: alarms up to one day, 242 bytes nvram
[    6.355374] i2c /dev entries driver
[    6.356593] piix4_smbus 0000:00:0a.3: SMBus Host Controller at 0x1100, revision 0
[    6.360827] sdhci: Secure Digital Host Controller Interface driver
[    6.361199] sdhci: Copyright(c) Pierre Ossman
[    6.363335] hidraw: raw HID events driver (C) Jiri Kosina
[    6.380468] usbcore: registered new interface driver usbhid
[    6.380804] usbhid: USB HID core driver
[    6.381779] Netfilter messages via NETLINK v0.30.
[    6.382993] nf_conntrack version 0.5.0 (3923 buckets, 15692 max)
[    6.386085] ctnetlink v0.93: registering with nfnetlink.
[    6.391232] ipip: IPv4 over IPv4 tunneling driver
[    6.402754] ip_tables: (C) 2000-2006 Netfilter Core Team
[    6.405428] arp_tables: (C) 2002 David S. Miller
[    6.407138] Initializing XFRM netlink socket
[    6.408338] NET: Registered protocol family 10
[    6.426240] ip6_tables: (C) 2000-2006 Netfilter Core Team
[    6.429733] sit: IPv6 over IPv4 tunneling driver
[    6.445776] NET: Registered protocol family 17
[    6.446614] bridge: automatic filtering via arp/ip/ip6tables has been deprecated. Update your scripts to load br_netfilter if you need this.
[    6.447780] Bridge firewalling registered
[    6.448305] Ebtables v2.0 registered
[    6.452089] 8021q: 802.1Q VLAN Support v1.8
[    6.470824] rtc_cmos rtc_cmos: setting system clock to 2025-07-23 18:13:49 UTC (1753294429)
[    6.490546] EXT2-fs (sda1): warning: mounting unchecked fs, running e2fsck is recommended
[    6.492732] VFS: Mounted root (ext2 filesystem) on device 8:1.
[    6.501619] Freeing YAMON memory: 956k freed
[    6.512077] Freeing unused kernel memory: 260K (8081f000 - 80860000)
[    6.630528] firmadyne: sys_reboot[PID: 48 (init)]: magic1:fee1dead, magic2:28121969, cmd:0
init started:  BusyBox v1.00 (2011.02.24-08:49+0000) multi-call binary
init started:  BusyBox v1.00 (2011.02.24-08:49+0000) multi-call binary
Starting pid 50, console /dev/ttyS0: '/usr/etc/rcS'
[    6.931620] firmadyne: do_execve: /firmadyne/console
[    6.932258] OFFSETS: offset of pid: 0x198 offset of comm: 0x278
[    6.952572] cfg80211: Calling CRDA to update world regulatory domain
mount: Mounting devpts on /dev/pts failed: No such file or directory
mknod: /dev/sc_led: File exists
[    9.402765] random: nonblocking pool is initialized
insmod: cannot open module `/lib/modules/ipt_string.ko': No such file or directory
[   10.097320] cfg80211: Calling CRDA to update world regulatory domain
[   10.286397] firmadyne: ioctl: 0x1
[   11.467407] firmadyne: sys_socket[PID: 92 (brctl)]: family:2, type:2, protocol:0
[   11.527826] firmadyne: sys_socket[PID: 93 (brctl)]: family:2, type:2, protocol:0
[   11.587562] firmadyne: sys_socket[PID: 94 (ifconfig)]: family:2, type:1, protocol:0
[   11.589888] firmadyne: __inet_insert_ifa[PID: 94 (ifconfig)]: device:eth0 ifa:0x00000000
[   11.603140] IPv6: ADDRCONF(NETDEV_UP): eth0: link is not ready
[   11.603661] 8021q: adding VLAN 0 to HW filter on device eth0
[   11.607968] e1000: eth0 NIC Link is Up 1000 Mbps Full Duplex, Flow Control: RX
[   11.609805] IPv6: ADDRCONF(NETDEV_CHANGE): eth0: link becomes ready
[   11.667505] firmadyne: sys_socket[PID: 95 (brctl)]: family:2, type:2, protocol:0
[   11.668842] firmadyne: sys_socket[PID: 95 (brctl)]: family:10, type:1, protocol:0
[   11.670606] firmadyne: br_add_if[PID: 95 (brctl)]: br:br0 dev:eth0
[   11.676486] device eth0 entered promiscuous mode
[   13.241973] cfg80211: Calling CRDA to update world regulatory domain
killall: dsl_cpe_control: no process killed
[   14.480062] firmadyne: ioctl: 0xc0a47204
[   14.513912] firmadyne: sys_socket[PID: 104 (ifconfig)]: family:2, type:1, protocol:0
[   14.516583] firmadyne: __inet_insert_ifa[PID: 104 (ifconfig)]: device:lo ifa:0x7f000001
[   14.525270] firmadyne: __inet_insert_ifa[PID: 104 (ifconfig)]: device:lo ifa:0x7f000001
[   14.658030] firmadyne: sys_socket[PID: 105 (route)]: family:2, type:1, protocol:0
[   14.893251] firmadyne: sys_socket[PID: 106 (klogd)]: family:1, type:1, protocol:0
[   14.895711] firmadyne: sys_socket[PID: 106 (klogd)]: family:1, type:2, protocol:0
[   14.908722] firmadyne: sys_socket[PID: 106 (klogd)]: family:1, type:1, protocol:0
[   14.910146] firmadyne: sys_socket[PID: 106 (klogd)]: family:1, type:2, protocol:0
[   14.918502] firmadyne: sys_socket[PID: 106 (klogd)]: family:1, type:1, protocol:0
[   14.929631] firmadyne: sys_socket[PID: 106 (klogd)]: family:1, type:2, protocol:0
[   14.940330] firmadyne: sys_socket[PID: 106 (klogd)]: family:1, type:1, protocol:0
[   14.950000] firmadyne: sys_socket[PID: 106 (klogd)]: family:1, type:2, protocol:0
[   14.958323] firmadyne: sys_socket[PID: 106 (klogd)]: family:1, type:1, protocol:0
[   14.959891] firmadyne: sys_socket[PID: 106 (klogd)]: family:1, type:2, protocol:0
[   14.966574] firmadyne: sys_socket[PID: 106 (klogd)]: family:1, type:1, protocol:0
[   14.967983] firmadyne: sys_socket[PID: 106 (klogd)]: family:1, type:2, protocol:0
[   14.978525] firmadyne: sys_socket[PID: 106 (klogd)]: family:1, type:1, protocol:0
[   14.979957] firmadyne: sys_socket[PID: 106 (klogd)]: family:1, type:2, protocol:0
[   14.986382] firmadyne: sys_socket[PID: 106 (klogd)]: family:1, type:1, protocol:0
[   14.987670] firmadyne: sys_socket[PID: 106 (klogd)]: family:1, type:2, protocol:0
[   14.994347] firmadyne: sys_socket[PID: 106 (klogd)]: family:1, type:1, protocol:0
[   14.995625] firmadyne: sys_socket[PID: 106 (klogd)]: family:1, type:2, protocol:0
[   15.002336] firmadyne: sys_socket[PID: 106 (klogd)]: family:1, type:1, protocol:0
[   15.003577] firmadyne: sys_socket[PID: 106 (klogd)]: family:1, type:2, protocol:0
[   15.010313] firmadyne: sys_socket[PID: 106 (klogd)]: family:1, type:1, protocol:0
[   15.011565] firmadyne: sys_socket[PID: 106 (klogd)]: family:1, type:2, protocol:0
[   15.015607] firmadyne: sys_socket[PID: 102 (dsl_cpe_control)]: family:2, type:2, protocol:0
[   15.018620] firmadyne: sys_socket[PID: 106 (klogd)]: family:1, type:1, protocol:0
[   15.019893] firmadyne: sys_socket[PID: 106 (klogd)]: family:1, type:2, protocol:0
[   15.021263] firmadyne: sys_setsockopt[PID: 102 (dsl_cpe_control)]: fd:4, level:65535, optname:8
[   15.022220] firmadyne: sys_setsockopt[PID: 102 (dsl_cpe_control)]: fd:4, level:65535, optname:4097
[   15.023113] firmadyne: sys_setsockopt[PID: 102 (dsl_cpe_control)]: fd:4, level:65535, optname:4098
[   15.023938] firmadyne: sys_setsockopt[PID: 102 (dsl_cpe_control)]: fd:4, level:6, optname:1
[   15.026897] firmadyne: sys_socket[PID: 106 (klogd)]: family:1, type:1, protocol:0
[   15.028193] firmadyne: sys_socket[PID: 106 (klogd)]: family:1, type:2, protocol:0
[   15.029600] firmadyne: inet_bind[PID: 102 (dsl_cpe_control)]: proto:SOCK_STREAM, port:8080
[   15.034599] firmadyne: sys_socket[PID: 106 (klogd)]: family:1, type:1, protocol:0
[   15.035884] firmadyne: sys_socket[PID: 106 (klogd)]: family:1, type:2, protocol:0
[   15.042296] firmadyne: ioctl: 0xc00c7224
[   15.042804] firmadyne: ioctl: 0xc00c721d
[   15.043250] firmadyne: ioctl: 0xc00c721d
[   15.043683] firmadyne: ioctl: 0xc00c721d
[   15.044108] firmadyne: ioctl: 0xc00c721d
[   15.046606] firmadyne: sys_socket[PID: 106 (klogd)]: family:1, type:1, protocol:0
[   15.047842] firmadyne: sys_socket[PID: 106 (klogd)]: family:1, type:2, protocol:0
[   15.049006] firmadyne: ioctl: 0xc00c721d
[   15.049470] firmadyne: ioctl: 0xc00c721d
[   15.049918] firmadyne: ioctl: 0xc00c721d
[   15.050353] firmadyne: ioctl: 0xc00c721d
[   15.050790] firmadyne: ioctl: 0xc00c721d
[   15.051226] firmadyne: ioctl: 0xc00c721d
[   15.051661] firmadyne: ioctl: 0xc00c721d
[   15.052093] firmadyne: ioctl: 0xc00c721d
[   15.056037] firmadyne: sys_socket[PID: 106 (klogd)]: family:1, type:1, protocol:0
[   15.057609] firmadyne: sys_socket[PID: 106 (klogd)]: family:1, type:2, protocol:0
[   15.060144] firmadyne: sys_socket[PID: 106 (klogd)]: family:1, type:1, protocol:0
[   15.061315] firmadyne: ioctl: 0xc00c721d
[   15.061788] firmadyne: ioctl: 0xc00c721d
[   15.062230] firmadyne: ioctl: 0xc00c721d
[   15.062693] firmadyne: ioctl: 0xc00c721d
[   15.063129] firmadyne: ioctl: 0xc00c721d
[   15.069670] firmadyne: ioctl: 0xc0207223
[   15.071922] firmadyne: ioctl: 0xc0207223
[   15.077924] firmadyne: sys_socket[PID: 106 (klogd)]: family:1, type:2, protocol:0
[   15.081270] firmadyne: ioctl: 0xc0207223
[   15.082393] firmadyne: ioctl: 0xc0207223
[   15.083497] firmadyne: ioctl: 0xc0207223
[   15.087451] firmadyne: sys_socket[PID: 106 (klogd)]: family:1, type:1, protocol:0
[   15.088994] firmadyne: sys_socket[PID: 106 (klogd)]: family:1, type:2, protocol:0
[   15.091647] firmadyne: sys_socket[PID: 106 (klogd)]: family:1, type:1, protocol:0
[   15.097056] firmadyne: ioctl: 0xc0207223
[   15.098181] firmadyne: ioctl: 0xc0207223
[   15.099257] firmadyne: ioctl: 0xc0207223
[   15.105780] firmadyne: sys_socket[PID: 106 (klogd)]: family:1, type:2, protocol:0
[   15.109422] firmadyne: ioctl: 0xc0207223
[   15.111498] firmadyne: ioctl: 0xc0207223
[   15.118113] firmadyne: ioctl: 0xc0207223
[   15.123590] firmadyne: sys_socket[PID: 106 (klogd)]: family:1, type:1, protocol:0
[   15.128995] firmadyne: ioctl: 0xc0207223
[   15.131450] firmadyne: ioctl: 0xc0207223
[   15.134057] firmadyne: sys_socket[PID: 106 (klogd)]: family:1, type:2, protocol:0
[   15.142203] firmadyne: ioctl: 0xc0207223
[   15.150400] firmadyne: sys_socket[PID: 106 (klogd)]: family:1, type:1, protocol:0
[   15.152024] firmadyne: sys_socket[PID: 106 (klogd)]: family:1, type:2, protocol:0
[   15.153449] firmadyne: ioctl: 0xc0207223
[   15.154684] firmadyne: ioctl: 0xc0207223
[   15.155718] firmadyne: ioctl: 0xc0207223
[   15.162332] firmadyne: sys_socket[PID: 106 (klogd)]: family:1, type:1, protocol:0
[   15.164672] firmadyne: sys_socket[PID: 106 (klogd)]: family:1, type:2, protocol:0
[   15.167774] firmadyne: ioctl: 0xc0207223
[   15.173031] firmadyne: ioctl: 0xc0207223
[   15.174043] firmadyne: ioctl: 0xc0207223
[   15.175043] firmadyne: ioctl: 0xc0207223
[   15.176069] firmadyne: ioctl: 0xc0207223
[   15.178570] firmadyne: sys_socket[PID: 106 (klogd)]: family:1, type:1, protocol:0
[   15.179778] firmadyne: sys_socket[PID: 106 (klogd)]: family:1, type:2, protocol:0
[   15.185211] firmadyne: ioctl: 0xc0207223
[   15.186327] firmadyne: ioctl: 0xc0207223
[   15.187414] firmadyne: ioctl: 0xc0207223
[   15.190373] firmadyne: sys_socket[PID: 106 (klogd)]: family:1, type:1, protocol:0
[   15.191694] firmadyne: sys_socket[PID: 106 (klogd)]: family:1, type:2, protocol:0
[   15.196819] firmadyne: ioctl: 0xc0207223
[   15.198003] firmadyne: ioctl: 0xc0207223
[   15.199125] firmadyne: ioctl: 0xc0207223
[   15.200403] firmadyne: ioctl: 0xc0207223
[   15.206420] firmadyne: sys_socket[PID: 106 (klogd)]: family:1, type:1, protocol:0
[   15.207792] firmadyne: sys_socket[PID: 106 (klogd)]: family:1, type:2, protocol:0
[   15.209718] firmadyne: ioctl: 0xc0207223
[   15.210859] firmadyne: ioctl: 0xc0207223
[   15.211979] firmadyne: ioctl: 0xc0207223
[   15.218459] firmadyne: sys_socket[PID: 106 (klogd)]: family:1, type:1, protocol:0
[   15.219813] firmadyne: sys_socket[PID: 106 (klogd)]: family:1, type:2, protocol:0
[   15.221807] firmadyne: ioctl: 0xc0207223
[   15.222957] firmadyne: ioctl: 0xc0207223
[   15.224071] firmadyne: ioctl: 0xc0207223
[   15.230405] firmadyne: sys_socket[PID: 106 (klogd)]: family:1, type:1, protocol:0
[   15.231801] firmadyne: sys_socket[PID: 106 (klogd)]: family:1, type:2, protocol:0
[   15.233702] firmadyne: ioctl: 0xc0207223
[   15.234860] firmadyne: ioctl: 0xc0207223
[   15.235982] firmadyne: ioctl: 0xc0207223
[   15.244507] firmadyne: ioctl: 0xc0207223
[   15.245673] firmadyne: ioctl: 0xc0207223
[   15.246806] firmadyne: ioctl: 0xc0207223
[   15.247907] firmadyne: ioctl: 0xc0207223
[   15.250609] firmadyne: sys_socket[PID: 106 (klogd)]: family:1, type:1, protocol:0
[   15.251911] firmadyne: sys_socket[PID: 106 (klogd)]: family:1, type:2, protocol:0
[   15.258449] firmadyne: sys_socket[PID: 106 (klogd)]: family:1, type:1, protocol:0
[   15.259753] firmadyne: sys_socket[PID: 106 (klogd)]: family:1, type:2, protocol:0
[   15.261640] firmadyne: ioctl: 0xc0207223
[   15.262783] firmadyne: ioctl: 0xc0207223
[   15.263901] firmadyne: ioctl: 0xc0207223
[   15.269191] firmadyne: ioctl: 0xc0207223
[   15.270331] firmadyne: ioctl: 0xc0207223
[   15.271440] firmadyne: ioctl: 0xc0207223
[   15.274394] firmadyne: sys_socket[PID: 106 (klogd)]: family:1, type:1, protocol:0
[   15.275728] firmadyne: sys_socket[PID: 106 (klogd)]: family:1, type:2, protocol:0
[   15.280844] firmadyne: ioctl: 0xc0207223
[   15.282001] firmadyne: ioctl: 0xc0207223
[   15.283120] firmadyne: ioctl: 0xc0207223
[   15.284390] firmadyne: ioctl: 0xc0207223
[   15.286777] firmadyne: sys_socket[PID: 106 (klogd)]: family:1, type:1, protocol:0
[   15.288078] firmadyne: sys_socket[PID: 106 (klogd)]: family:1, type:2, protocol:0
[   15.297147] firmadyne: ioctl: 0xc0207223
[   15.298292] firmadyne: ioctl: 0xc0207223
[   15.299392] firmadyne: ioctl: 0xc0207223
[   15.302412] firmadyne: sys_socket[PID: 106 (klogd)]: family:1, type:1, protocol:0
[   15.303776] firmadyne: sys_socket[PID: 106 (klogd)]: family:1, type:2, protocol:0
[   15.308794] firmadyne: ioctl: 0xc0207223
[   15.309926] firmadyne: ioctl: 0xc0207223
[   15.311040] firmadyne: ioctl: 0xc0207223
[   15.312171] firmadyne: ioctl: 0xc0207223
[   15.314817] firmadyne: sys_socket[PID: 106 (klogd)]: family:1, type:1, protocol:0
[   15.316183] firmadyne: sys_socket[PID: 106 (klogd)]: family:1, type:2, protocol:0
[   15.321226] firmadyne: ioctl: 0xc0207223
[   15.322364] firmadyne: ioctl: 0xc0207223
[   15.323476] firmadyne: ioctl: 0xc0207223
[   15.326416] firmadyne: sys_socket[PID: 106 (klogd)]: family:1, type:1, protocol:0
[   15.327709] firmadyne: sys_socket[PID: 106 (klogd)]: family:1, type:2, protocol:0
[   15.332888] firmadyne: ioctl: 0xc0207223
[   15.334037] firmadyne: ioctl: 0xc0207223
[   15.335138] firmadyne: ioctl: 0xc0207223
[   15.336412] firmadyne: ioctl: 0xc0207223
[   15.338968] firmadyne: sys_socket[PID: 106 (klogd)]: family:1, type:1, protocol:0
[   15.345183] firmadyne: ioctl: 0xc0207223
[   15.346313] firmadyne: ioctl: 0xc0207223
[   15.347421] firmadyne: ioctl: 0xc0207223
[   15.348525] firmadyne: sys_socket[PID: 106 (klogd)]: family:1, type:2, protocol:0
[   15.351324] firmadyne: sys_socket[PID: 106 (klogd)]: family:1, type:1, protocol:0
[   15.356827] firmadyne: ioctl: 0xc0207223
[   15.357984] firmadyne: ioctl: 0xc0207223
[   15.359098] firmadyne: ioctl: 0xc0207223
[   15.360378] firmadyne: ioctl: 0xc0207223
[   15.361349] firmadyne: sys_socket[PID: 106 (klogd)]: family:1, type:2, protocol:0
[   15.364017] firmadyne: sys_socket[PID: 106 (klogd)]: family:1, type:1, protocol:0
[   15.373203] firmadyne: ioctl: 0xc0207223
[   15.374397] firmadyne: ioctl: 0xc0207223
[   15.375516] firmadyne: ioctl: 0xc0207223
[   15.377017] firmadyne: sys_socket[PID: 106 (klogd)]: family:1, type:2, protocol:0
[   15.379612] firmadyne: sys_socket[PID: 106 (klogd)]: family:1, type:1, protocol:0
[   15.384709] firmadyne: ioctl: 0xc0207223
[   15.385853] firmadyne: ioctl: 0xc0207223
[   15.386965] firmadyne: ioctl: 0xc0207223
[   15.388077] firmadyne: ioctl: 0xc0207223
[   15.389360] firmadyne: sys_socket[PID: 106 (klogd)]: family:1, type:2, protocol:0
[   15.391958] firmadyne: sys_socket[PID: 106 (klogd)]: family:1, type:1, protocol:0
[   15.397198] firmadyne: ioctl: 0xc0207223
[   15.398349] firmadyne: ioctl: 0xc0207223
[   15.399459] firmadyne: ioctl: 0xc0207223
[   15.401050] firmadyne: sys_socket[PID: 106 (klogd)]: family:1, type:2, protocol:0
[   15.403566] firmadyne: sys_socket[PID: 106 (klogd)]: family:1, type:1, protocol:0
[   15.408877] firmadyne: ioctl: 0xc0207223
[   15.410046] firmadyne: ioctl: 0xc0207223
[   15.411146] firmadyne: ioctl: 0xc0207223
[   15.412410] firmadyne: ioctl: 0xc0207223
[   15.413530] firmadyne: sys_socket[PID: 106 (klogd)]: family:1, type:2, protocol:0
[   15.416159] firmadyne: sys_socket[PID: 106 (klogd)]: family:1, type:1, protocol:0
[   15.421188] firmadyne: ioctl: 0xc0207223
[   15.422335] firmadyne: ioctl: 0xc0207223
[   15.423458] firmadyne: ioctl: 0xc0207223
[   15.429033] firmadyne: sys_socket[PID: 106 (klogd)]: family:1, type:2, protocol:0
[   15.431696] firmadyne: sys_socket[PID: 106 (klogd)]: family:1, type:1, protocol:0
[   15.433270] firmadyne: ioctl: 0xc0207223
[   15.434408] firmadyne: ioctl: 0xc0207223
[   15.435518] firmadyne: ioctl: 0xc0207223
[   15.441087] firmadyne: sys_socket[PID: 106 (klogd)]: family:1, type:2, protocol:0
[   15.443687] firmadyne: sys_socket[PID: 106 (klogd)]: family:1, type:1, protocol:0
[   15.445266] firmadyne: ioctl: 0xc0207223
[   15.446403] firmadyne: ioctl: 0xc0207223
[   15.447512] firmadyne: ioctl: 0xc0207223
[   15.453048] firmadyne: sys_socket[PID: 106 (klogd)]: family:1, type:2, protocol:0
[   15.455693] firmadyne: sys_socket[PID: 106 (klogd)]: family:1, type:1, protocol:0
[   15.457313] firmadyne: ioctl: 0xc0207223
[   15.458464] firmadyne: ioctl: 0xc0207223
[   15.459575] firmadyne: ioctl: 0xc0207223
[   15.466047] firmadyne: sys_socket[PID: 106 (klogd)]: family:1, type:2, protocol:0
[   15.469046] firmadyne: ioctl: 0xc0207223
[   15.470159] firmadyne: ioctl: 0xc0207223
[   15.471234] firmadyne: ioctl: 0xc0207223
[   15.473073] firmadyne: sys_socket[PID: 106 (klogd)]: family:1, type:1, protocol:0
[   15.474477] firmadyne: sys_socket[PID: 106 (klogd)]: family:1, type:2, protocol:0
[   15.480554] firmadyne: ioctl: 0xc0207223
[   15.481732] firmadyne: ioctl: 0xc0207223
[   15.482875] firmadyne: ioctl: 0xc0207223
[   15.483989] firmadyne: ioctl: 0xc0207223
[   15.489285] firmadyne: sys_socket[PID: 106 (klogd)]: family:1, type:1, protocol:0
[   15.490715] firmadyne: sys_socket[PID: 106 (klogd)]: family:1, type:2, protocol:0
[   15.493449] firmadyne: ioctl: 0xc0207223
[   15.494597] firmadyne: ioctl: 0xc0207223
[   15.495706] firmadyne: ioctl: 0xc0207223
[   15.501440] firmadyne: sys_socket[PID: 106 (klogd)]: family:1, type:1, protocol:0
[   15.502867] firmadyne: sys_socket[PID: 106 (klogd)]: family:1, type:2, protocol:0
[   15.505311] firmadyne: ioctl: 0xc0207223
[   15.506459] firmadyne: ioctl: 0xc0207223
[   15.507560] firmadyne: ioctl: 0xc0207223
[   15.513656] firmadyne: sys_socket[PID: 106 (klogd)]: family:1, type:1, protocol:0
[   15.515043] firmadyne: sys_socket[PID: 106 (klogd)]: family:1, type:2, protocol:0
[   15.517150] firmadyne: ioctl: 0xc0207223
[   15.518288] firmadyne: ioctl: 0xc0207223
[   15.519401] firmadyne: ioctl: 0xc0207223
[   15.525899] firmadyne: sys_socket[PID: 106 (klogd)]: family:1, type:1, protocol:0
[   15.527263] firmadyne: sys_socket[PID: 106 (klogd)]: family:1, type:2, protocol:0
[   15.529157] firmadyne: ioctl: 0xc0207223
[   15.530322] firmadyne: ioctl: 0xc0207223
[   15.531445] firmadyne: ioctl: 0xc0207223
[   15.537989] firmadyne: sys_socket[PID: 106 (klogd)]: family:1, type:1, protocol:0
[   15.539350] firmadyne: sys_socket[PID: 106 (klogd)]: family:1, type:2, protocol:0
[   15.541024] firmadyne: ioctl: 0xc0207223
[   15.542174] firmadyne: ioctl: 0xc0207223
[   15.543273] firmadyne: ioctl: 0xc0207223
[   15.550187] firmadyne: sys_socket[PID: 106 (klogd)]: family:1, type:1, protocol:0
[   15.551518] firmadyne: sys_socket[PID: 106 (klogd)]: family:1, type:2, protocol:0
[   15.552814] firmadyne: ioctl: 0xc0207223
[   15.553948] firmadyne: ioctl: 0xc0207223
[   15.555055] firmadyne: ioctl: 0xc0207223
[   15.556173] firmadyne: ioctl: 0xc0207223
[   15.562341] firmadyne: sys_socket[PID: 106 (klogd)]: family:1, type:1, protocol:0
[   15.563674] firmadyne: sys_socket[PID: 106 (klogd)]: family:1, type:2, protocol:0
[   15.565553] firmadyne: ioctl: 0xc0207223
[   15.566676] firmadyne: ioctl: 0xc0207223
[   15.567777] firmadyne: ioctl: 0xc0207223
[   15.574325] firmadyne: sys_socket[PID: 106 (klogd)]: family:1, type:1, protocol:0
[   15.575711] firmadyne: sys_socket[PID: 106 (klogd)]: family:1, type:2, protocol:0
[   15.577541] firmadyne: ioctl: 0xc0207223
[   15.578652] firmadyne: ioctl: 0xc0207223
[   15.579749] firmadyne: ioctl: 0xc0207223
[   15.586328] firmadyne: sys_socket[PID: 106 (klogd)]: family:1, type:1, protocol:0
[   15.587673] firmadyne: sys_socket[PID: 106 (klogd)]: family:1, type:2, protocol:0
[   15.589517] firmadyne: ioctl: 0xc0207223
[   15.590660] firmadyne: ioctl: 0xc0207223
[   15.591770] firmadyne: ioctl: 0xc0207223
[   15.597244] firmadyne: ioctl: 0xc0207223
[   15.598457] firmadyne: ioctl: 0xc0207223
[   15.599584] firmadyne: ioctl: 0xc0207223
[   15.602377] firmadyne: sys_socket[PID: 106 (klogd)]: family:1, type:1, protocol:0
[   15.603709] firmadyne: sys_socket[PID: 106 (klogd)]: family:1, type:2, protocol:0
[   15.608981] firmadyne: ioctl: 0xc0207223
[   15.610168] firmadyne: ioctl: 0xc0207223
[   15.611272] firmadyne: ioctl: 0xc0207223
[   15.614820] firmadyne: sys_socket[PID: 106 (klogd)]: family:1, type:1, protocol:0
[   15.616188] firmadyne: sys_socket[PID: 106 (klogd)]: family:1, type:2, protocol:0
[   15.620676] firmadyne: ioctl: 0xc0207223
[   15.621813] firmadyne: ioctl: 0xc0207223
[   15.622933] firmadyne: ioctl: 0xc0207223
[   15.624049] firmadyne: ioctl: 0xc0207223
[   15.630379] firmadyne: sys_socket[PID: 106 (klogd)]: family:1, type:1, protocol:0
[   15.631709] firmadyne: sys_socket[PID: 106 (klogd)]: family:1, type:2, protocol:0
[   15.633578] firmadyne: ioctl: 0xc0207223
[   15.634695] firmadyne: ioctl: 0xc0207223
[   15.635768] firmadyne: ioctl: 0xc0207223
[   15.642544] firmadyne: sys_socket[PID: 106 (klogd)]: family:1, type:1, protocol:0
[   15.643856] firmadyne: sys_socket[PID: 106 (klogd)]: family:1, type:2, protocol:0
[   15.645685] firmadyne: ioctl: 0xc0207223
[   15.646821] firmadyne: ioctl: 0xc0207223
[   15.647947] firmadyne: ioctl: 0xc0207223
[   15.654373] firmadyne: sys_socket[PID: 106 (klogd)]: family:1, type:1, protocol:0
[   15.655723] firmadyne: sys_socket[PID: 106 (klogd)]: family:1, type:2, protocol:0
[   15.657694] firmadyne: ioctl: 0xc0207223
[   15.658838] firmadyne: ioctl: 0xc0207223
[   15.659941] firmadyne: ioctl: 0xc0207223
[   15.667474] firmadyne: sys_socket[PID: 106 (klogd)]: family:1, type:1, protocol:0
[   15.669334] firmadyne: ioctl: 0xc0207223
[   15.677151] firmadyne: sys_socket[PID: 106 (klogd)]: family:1, type:2, protocol:0
[   15.679657] firmadyne: sys_socket[PID: 106 (klogd)]: family:1, type:1, protocol:0
[   15.681309] firmadyne: ioctl: 0xc0207223
[   15.682403] firmadyne: ioctl: 0xc0207223
[   15.683485] firmadyne: ioctl: 0xc0207223
[   15.689073] firmadyne: sys_socket[PID: 106 (klogd)]: family:1, type:2, protocol:0
[   15.691693] firmadyne: sys_socket[PID: 106 (klogd)]: family:1, type:1, protocol:0
[   15.693337] firmadyne: ioctl: 0xc0207223
[   15.694480] firmadyne: ioctl: 0xc0207223
[   15.695599] firmadyne: ioctl: 0xc0207223
[   15.701082] firmadyne: sys_socket[PID: 106 (klogd)]: family:1, type:2, protocol:0
[   15.703752] firmadyne: sys_socket[PID: 106 (klogd)]: family:1, type:1, protocol:0
[   15.705509] firmadyne: ioctl: 0xc0207223
[   15.706639] firmadyne: ioctl: 0xc0207223
[   15.707743] firmadyne: ioctl: 0xc0207223
[   15.713050] firmadyne: sys_socket[PID: 106 (klogd)]: family:1, type:2, protocol:0
[   15.715692] firmadyne: sys_socket[PID: 106 (klogd)]: family:1, type:1, protocol:0
[   15.717553] firmadyne: ioctl: 0xc0207223
[   15.718713] firmadyne: ioctl: 0xc0207223
[   15.719836] firmadyne: ioctl: 0xc0207223
[   15.725156] firmadyne: ioctl: 0xc0207223
[   15.726322] firmadyne: ioctl: 0xc0207223
[   15.727453] firmadyne: ioctl: 0xc0207223
[   15.729051] firmadyne: sys_socket[PID: 106 (klogd)]: family:1, type:2, protocol:0
[   15.731638] firmadyne: sys_socket[PID: 106 (klogd)]: family:1, type:1, protocol:0
[   15.736845] firmadyne: ioctl: 0xc0207223
[   15.737979] firmadyne: ioctl: 0xc0207223
[   15.739090] firmadyne: ioctl: 0xc0207223
[   15.740387] firmadyne: ioctl: 0xc0207223
[   15.741546] firmadyne: sys_socket[PID: 106 (klogd)]: family:1, type:2, protocol:0
[   15.744177] firmadyne: sys_socket[PID: 106 (klogd)]: family:1, type:1, protocol:0
[   15.749196] firmadyne: ioctl: 0xc0207223
[   15.750334] firmadyne: ioctl: 0xc0207223
[   15.751450] firmadyne: ioctl: 0xc0207223
[   15.753052] firmadyne: sys_socket[PID: 106 (klogd)]: family:1, type:2, protocol:0
[   15.755762] firmadyne: sys_socket[PID: 106 (klogd)]: family:1, type:1, protocol:0
[   15.760849] firmadyne: ioctl: 0xc0207223
[   15.761990] firmadyne: ioctl: 0xc0207223
[   15.763101] firmadyne: ioctl: 0xc0207223
[   15.764350] firmadyne: ioctl: 0xc0207223
[   15.767013] firmadyne: ioctl: 0xc0587200
[   15.769085] firmadyne: sys_socket[PID: 106 (klogd)]: family:1, type:2, protocol:0
[   15.771638] firmadyne: sys_socket[PID: 106 (klogd)]: family:1, type:1, protocol:0
[   15.777357] firmadyne: ioctl: 0xc0207223
[   15.778453] firmadyne: ioctl: 0xc0207223
[   15.779548] firmadyne: ioctl: 0xc0207223
[   15.781120] firmadyne: sys_socket[PID: 106 (klogd)]: family:1, type:2, protocol:0
[   15.783872] firmadyne: sys_socket[PID: 106 (klogd)]: family:1, type:1, protocol:0
[   15.788690] firmadyne: ioctl: 0xc0207223
[   15.790334] firmadyne: ioctl: 0xc0207223
[   15.791821] firmadyne: ioctl: 0xc0207223
[   15.793105] firmadyne: sys_socket[PID: 106 (klogd)]: family:1, type:2, protocol:0
[   15.795491] firmadyne: sys_socket[PID: 106 (klogd)]: family:1, type:1, protocol:0
[   15.797621] firmadyne: ioctl: 0xc0207223
[   15.799009] firmadyne: ioctl: 0xc0207223
[   15.800951] firmadyne: sys_socket[PID: 106 (klogd)]: family:1, type:2, protocol:0
[   15.803237] firmadyne: sys_socket[PID: 106 (klogd)]: family:1, type:1, protocol:0
[   15.804722] firmadyne: ioctl: 0xc0207223
[   15.806154] firmadyne: ioctl: 0xc0207223
[   15.807544] firmadyne: ioctl: 0xc0207223
[   15.808612] firmadyne: sys_socket[PID: 106 (klogd)]: family:1, type:2, protocol:0
[   15.810964] firmadyne: sys_socket[PID: 106 (klogd)]: family:1, type:1, protocol:0
[   15.812105] firmadyne: sys_socket[PID: 106 (klogd)]: family:1, type:2, protocol:0
[   15.813948] firmadyne: ioctl: 0xc0207223
[   15.815380] firmadyne: ioctl: 0xc0207223
[   15.818209] firmadyne: sys_socket[PID: 106 (klogd)]: family:1, type:1, protocol:0
[   15.819418] firmadyne: sys_socket[PID: 106 (klogd)]: family:1, type:2, protocol:0
[   15.821239] firmadyne: ioctl: 0xc0207223
[   15.822727] firmadyne: ioctl: 0xc0207223
[   15.824207] firmadyne: ioctl: 0xc0207223
[   15.826549] firmadyne: sys_socket[PID: 106 (klogd)]: family:1, type:1, protocol:0
[   15.827765] firmadyne: sys_socket[PID: 106 (klogd)]: family:1, type:2, protocol:0
[   15.829929] firmadyne: ioctl: 0xc0207223
[   15.831407] firmadyne: ioctl: 0xc0207223
[   15.834299] firmadyne: sys_socket[PID: 106 (klogd)]: family:1, type:1, protocol:0
[   15.835644] firmadyne: sys_socket[PID: 106 (klogd)]: family:1, type:2, protocol:0
[   15.838050] firmadyne: ioctl: 0xc0207223
[   15.839601] firmadyne: ioctl: 0xc0207223
[   15.842249] firmadyne: sys_socket[PID: 106 (klogd)]: family:1, type:1, protocol:0
[   15.843487] firmadyne: sys_socket[PID: 106 (klogd)]: family:1, type:2, protocol:0
[   15.845567] firmadyne: ioctl: 0xc0207223
[   15.847069] firmadyne: ioctl: 0xc0207223
[   15.861113] firmadyne: ioctl: 0xc0207223
[   15.862673] firmadyne: ioctl: 0xc0207223
[   15.864438] firmadyne: ioctl: 0xc0207223
[   15.867059] firmadyne: ioctl: 0xc0207223
[   15.868766] firmadyne: ioctl: 0xc0207223
[   15.870270] firmadyne: ioctl: 0xc0207223
[   15.871804] firmadyne: ioctl: 0xc0207223
[   15.873607] firmadyne: ioctl: 0xc0207223
[   15.875120] firmadyne: ioctl: 0xc0207223
[   15.877042] firmadyne: sys_socket[PID: 106 (klogd)]: family:1, type:1, protocol:0
[   15.878359] firmadyne: sys_socket[PID: 106 (klogd)]: family:1, type:2, protocol:0
[   15.881129] firmadyne: sys_socket[PID: 106 (klogd)]: family:1, type:1, protocol:0
[   15.882338] firmadyne: sys_socket[PID: 106 (klogd)]: family:1, type:2, protocol:0
[   15.884952] firmadyne: ioctl: 0xc0207223
[   15.886508] firmadyne: ioctl: 0xc0207223
[   15.888026] firmadyne: ioctl: 0xc0207223
[   15.897951] firmadyne: sys_socket[PID: 106 (klogd)]: family:1, type:1, protocol:0
[   15.899231] firmadyne: sys_socket[PID: 106 (klogd)]: family:1, type:2, protocol:0
[   15.901775] firmadyne: ioctl: 0xc0207223
[   15.903246] firmadyne: ioctl: 0xc0207223
[   15.907630] firmadyne: sys_socket[PID: 106 (klogd)]: family:1, type:1, protocol:0
[   15.913102] firmadyne: ioctl: 0xc0207223
[   15.914641] firmadyne: ioctl: 0xc0207223
[   15.916235] firmadyne: ioctl: 0xc0207223
[   15.917575] firmadyne: sys_socket[PID: 106 (klogd)]: family:1, type:2, protocol:0
[   15.920029] firmadyne: sys_socket[PID: 106 (klogd)]: family:1, type:1, protocol:0
[   15.926998] firmadyne: ioctl: 0xc0207223
[   15.929033] firmadyne: sys_socket[PID: 106 (klogd)]: family:1, type:2, protocol:0
[   15.931353] firmadyne: sys_socket[PID: 106 (klogd)]: family:1, type:1, protocol:0
[   15.932846] firmadyne: ioctl: 0xc0207223
[   15.934284] firmadyne: ioctl: 0xc0207223
[   15.935710] firmadyne: ioctl: 0xc0207223
[   15.940603] firmadyne: sys_socket[PID: 106 (klogd)]: family:1, type:2, protocol:0
[   15.943077] firmadyne: sys_socket[PID: 106 (klogd)]: family:1, type:1, protocol:0
[   15.944473] firmadyne: sys_socket[PID: 106 (klogd)]: family:1, type:2, protocol:0
[   15.949486] firmadyne: ioctl: 0xc0207223
[   15.951005] firmadyne: ioctl: 0xc0207223
[   15.958472] firmadyne: sys_socket[PID: 106 (klogd)]: family:1, type:1, protocol:0
[   15.959819] firmadyne: sys_socket[PID: 106 (klogd)]: family:1, type:2, protocol:0
[   15.961178] firmadyne: ioctl: 0xc0207223
[   15.962793] firmadyne: ioctl: 0xc0207223
[   15.970561] firmadyne: sys_socket[PID: 106 (klogd)]: family:1, type:1, protocol:0
[   15.971916] firmadyne: sys_socket[PID: 106 (klogd)]: family:1, type:2, protocol:0
[   15.973243] firmadyne: ioctl: 0xc0207223
[   15.974871] firmadyne: ioctl: 0xc0207223
[   15.980931] firmadyne: ioctl: 0xc0207223
[   15.982594] firmadyne: ioctl: 0xc0207223
[   15.984099] firmadyne: ioctl: 0xc0207223
[   15.986696] firmadyne: sys_socket[PID: 106 (klogd)]: family:1, type:1, protocol:0
[   15.987874] firmadyne: sys_socket[PID: 106 (klogd)]: family:1, type:2, protocol:0
[   15.993498] firmadyne: ioctl: 0xc0207223
[   15.994897] firmadyne: ioctl: 0xc0207223
[   15.998307] firmadyne: sys_socket[PID: 106 (klogd)]: family:1, type:1, protocol:0
[   15.999471] firmadyne: sys_socket[PID: 106 (klogd)]: family:1, type:2, protocol:0
[   16.004520] firmadyne: ioctl: 0xc0207223
[   16.006021] firmadyne: ioctl: 0xc0207223
[   16.007482] firmadyne: ioctl: 0xc0207223
[   16.010171] firmadyne: sys_socket[PID: 106 (klogd)]: family:1, type:1, protocol:0
[   16.011391] firmadyne: sys_socket[PID: 106 (klogd)]: family:1, type:2, protocol:0
[   16.017245] firmadyne: ioctl: 0xc0207223
[   16.018747] firmadyne: ioctl: 0xc0207223
[   16.020425] firmadyne: ioctl: 0xc0207223
[   16.022797] firmadyne: sys_socket[PID: 106 (klogd)]: family:1, type:1, protocol:0
[   16.024182] firmadyne: sys_socket[PID: 106 (klogd)]: family:1, type:2, protocol:0
[   16.029637] firmadyne: ioctl: 0xc0207223
[   16.031182] firmadyne: ioctl: 0xc0207223
[   16.034326] firmadyne: sys_socket[PID: 106 (klogd)]: family:1, type:1, protocol:0
[   16.035656] firmadyne: sys_socket[PID: 106 (klogd)]: family:1, type:2, protocol:0
[   16.041186] firmadyne: ioctl: 0xc0207223
[   16.042742] firmadyne: ioctl: 0xc0207223
[   16.044431] firmadyne: ioctl: 0xc0207223
[   16.046877] firmadyne: sys_socket[PID: 106 (klogd)]: family:1, type:1, protocol:0
[   16.048196] firmadyne: sys_socket[PID: 106 (klogd)]: family:1, type:2, protocol:0
[   16.063087] firmadyne: ioctl: 0xc0207223
[   16.066427] firmadyne: sys_socket[PID: 106 (klogd)]: family:1, type:1, protocol:0
[   16.067720] firmadyne: sys_socket[PID: 106 (klogd)]: family:1, type:2, protocol:0
[   16.070279] firmadyne: ioctl: 0xc0207223
[   16.071836] firmadyne: ioctl: 0xc0207223
Warning: Bad CRC, using default environment
[   16.078453] firmadyne: sys_socket[PID: 106 (klogd)]: family:1, type:1, protocol:0
[   16.079783] firmadyne: sys_socket[PID: 106 (klogd)]: family:1, type:2, protocol:0
[   16.082182] firmadyne: ioctl: 0xc0207223
[   16.083730] firmadyne: ioctl: 0xc0207223
[   16.089723] firmadyne: ioctl: 0xc0207223
[   16.091248] firmadyne: ioctl: 0xc0207223
[   16.094362] firmadyne: sys_socket[PID: 106 (klogd)]: family:1, type:1, protocol:0
[   16.095615] firmadyne: sys_socket[PID: 106 (klogd)]: family:1, type:2, protocol:0
[   16.105235] firmadyne: ioctl: 0xc0207223
[   16.106802] firmadyne: ioctl: 0xc0207223
[   16.114355] firmadyne: sys_socket[PID: 106 (klogd)]: family:1, type:1, protocol:0
[   16.115655] firmadyne: sys_socket[PID: 106 (klogd)]: family:1, type:2, protocol:0
[   16.118406] firmadyne: ioctl: 0xc0207223
[   16.120004] firmadyne: ioctl: 0xc0207223
[   16.127502] firmadyne: sys_socket[PID: 106 (klogd)]: family:1, type:1, protocol:0
[   16.133725] firmadyne: ioctl: 0xc0207223
[   16.135237] firmadyne: ioctl: 0xc0207223
[   16.137246] firmadyne: sys_socket[PID: 106 (klogd)]: family:1, type:2, protocol:0
[   16.139954] firmadyne: sys_socket[PID: 106 (klogd)]: family:1, type:1, protocol:0
[   16.146346] firmadyne: ioctl: 0xc0207223
[   16.147872] firmadyne: ioctl: 0xc0207223
[   16.151511] firmadyne: sys_socket[PID: 106 (klogd)]: family:1, type:2, protocol:0
[   16.159265] firmadyne: ioctl: 0xc0207223
[   16.162339] firmadyne: sys_socket[PID: 106 (klogd)]: family:1, type:1, protocol:0
[   16.163602] firmadyne: sys_socket[PID: 106 (klogd)]: family:1, type:2, protocol:0
[   16.173403] firmadyne: ioctl: 0xc0207223
[   16.174893] firmadyne: ioctl: 0xc0207223
[   16.182296] firmadyne: sys_socket[PID: 106 (klogd)]: family:1, type:1, protocol:0
[   16.183634] firmadyne: sys_socket[PID: 106 (klogd)]: family:1, type:2, protocol:0
[   16.188792] firmadyne: ioctl: 0xc0207223
[   16.190369] firmadyne: ioctl: 0xc0207223
[   16.191885] firmadyne: ioctl: 0xc0207223
[   16.198395] firmadyne: sys_socket[PID: 106 (klogd)]: family:1, type:1, protocol:0
[   16.199731] firmadyne: sys_socket[PID: 106 (klogd)]: family:1, type:2, protocol:0
[   16.205647] firmadyne: ioctl: 0xc0207223
[   16.207156] firmadyne: ioctl: 0xc0207223
[   16.214739] firmadyne: sys_socket[PID: 106 (klogd)]: family:1, type:1, protocol:0
[   16.216014] firmadyne: sys_socket[PID: 106 (klogd)]: family:1, type:2, protocol:0
[   16.220982] firmadyne: ioctl: 0xc0207223
[   16.222514] firmadyne: ioctl: 0xc0207223
[   16.224039] firmadyne: ioctl: 0xc0207223
[   16.232838] firmadyne: sys_socket[PID: 106 (klogd)]: family:1, type:1, protocol:0
[   16.234074] firmadyne: sys_socket[PID: 106 (klogd)]: family:1, type:2, protocol:0
[   16.237658] firmadyne: ioctl: 0xc0207223
[   16.239160] firmadyne: ioctl: 0xc0207223
[   16.256956] firmadyne: ioctl: 0xc0207223
[   16.258503] firmadyne: ioctl: 0xc0207223
[   16.260031] firmadyne: ioctl: 0xc0207223
[   16.261207] firmadyne: sys_socket[PID: 106 (klogd)]: family:1, type:1, protocol:0
[   16.262530] firmadyne: sys_socket[PID: 106 (klogd)]: family:1, type:2, protocol:0
[   16.273587] firmadyne: ioctl: 0xc0207223
[   16.275102] firmadyne: ioctl: 0xc0207223
[   16.277648] firmadyne: sys_socket[PID: 106 (klogd)]: family:1, type:1, protocol:0
[   16.278989] firmadyne: sys_socket[PID: 106 (klogd)]: family:1, type:2, protocol:0
[   16.289874] firmadyne: sys_socket[PID: 106 (klogd)]: family:1, type:1, protocol:0
[   16.291161] firmadyne: sys_socket[PID: 106 (klogd)]: family:1, type:2, protocol:0
[   16.293068] firmadyne: ioctl: 0xc0207223
[   16.294571] firmadyne: ioctl: 0xc0207223
[   16.296070] firmadyne: ioctl: 0xc0207223
[   16.305938] firmadyne: sys_socket[PID: 106 (klogd)]: family:1, type:1, protocol:0
[   16.307174] firmadyne: sys_socket[PID: 106 (klogd)]: family:1, type:2, protocol:0
[   16.309789] firmadyne: ioctl: 0xc0207223
[   16.311321] firmadyne: ioctl: 0xc0207223
[   16.321995] firmadyne: sys_socket[PID: 106 (klogd)]: family:1, type:1, protocol:0
[   16.323322] firmadyne: sys_socket[PID: 106 (klogd)]: family:1, type:2, protocol:0
[   16.325322] firmadyne: ioctl: 0xc0207223
[   16.326865] firmadyne: ioctl: 0xc0207223
[   16.338177] firmadyne: sys_socket[PID: 106 (klogd)]: family:1, type:1, protocol:0
[   16.339529] firmadyne: sys_socket[PID: 106 (klogd)]: family:1, type:2, protocol:0
[   16.340842] firmadyne: ioctl: 0xc0207223
[   16.342436] firmadyne: ioctl: 0xc0207223
[   16.343968] firmadyne: ioctl: 0xc0207223
[   16.351366] firmadyne: sys_socket[PID: 113 (oamd)]: family:16, type:3, protocol:2
[   16.354295] firmadyne: sys_socket[PID: 106 (klogd)]: family:1, type:1, protocol:0
[   16.355555] firmadyne: sys_socket[PID: 106 (klogd)]: family:1, type:2, protocol:0
[   16.357824] firmadyne: ioctl: 0xc0207223
[   16.359310] firmadyne: ioctl: 0xc0207223
[   16.369158] firmadyne: ioctl: 0xc0207223
[   16.370723] firmadyne: ioctl: 0xc0207223
[   16.372431] firmadyne: ioctl: 0xc0207223
[   16.374958] firmadyne: sys_socket[PID: 106 (klogd)]: family:1, type:1, protocol:0
[   16.376255] firmadyne: sys_socket[PID: 106 (klogd)]: family:1, type:2, protocol:0
[   16.386383] firmadyne: sys_socket[PID: 106 (klogd)]: family:1, type:1, protocol:0
[   16.387653] firmadyne: sys_socket[PID: 106 (klogd)]: family:1, type:2, protocol:0
[   16.388750] cfg80211: Calling CRDA to update world regulatory domain
[   16.390904] firmadyne: ioctl: 0xc0207223
[   16.396645] firmadyne: ioctl: 0xc0207223
[   16.398251] firmadyne: ioctl: 0xc0207223
[   16.399759] firmadyne: ioctl: 0xc0207223
[   16.406221] firmadyne: sys_socket[PID: 106 (klogd)]: family:1, type:1, protocol:0
[   16.407443] firmadyne: sys_socket[PID: 106 (klogd)]: family:1, type:2, protocol:0
[   16.409769] firmadyne: ioctl: 0xc0207223
[   16.411333] firmadyne: ioctl: 0xc0207223
[   16.418219] firmadyne: sys_socket[PID: 106 (klogd)]: family:1, type:1, protocol:0
[   16.419522] firmadyne: sys_socket[PID: 106 (klogd)]: family:1, type:2, protocol:0
[   16.421287] firmadyne: ioctl: 0xc0207223
[   16.422793] firmadyne: ioctl: 0xc0207223
[   16.430311] firmadyne: sys_socket[PID: 106 (klogd)]: family:1, type:1, protocol:0
[   16.431589] firmadyne: sys_socket[PID: 106 (klogd)]: family:1, type:2, protocol:0
[   16.432830] firmadyne: ioctl: 0xc0207223
[   16.434436] firmadyne: ioctl: 0xc0207223
[   16.435975] firmadyne: ioctl: 0xc0207223
nvram_init: Initializing NVRAM...
sem_get: Key: [   16.442265] firmadyne: sys_socket[PID: 106 (klogd)]: family:1, type:1, protocol:0
[   16.443546] firmadyne: sys_socket[PID: 106 (klogd)]: family:1, type:2, protocol:0
[   16.445799] firmadyne: ioctl: 0xc0207223
[   16.447318] firmadyne: ioctl: 0xc0207223
4101e004
[   16.455790] firmadyne: sys_socket[PID: 106 (klogd)]: family:1, type:1, protocol:0
[   16.457584] firmadyne: ioctl: 0xc0207223
[   16.459079] firmadyne: ioctl: 0xc0207223
[   16.461352] firmadyne: sys_socket[PID: 106 (klogd)]: family:1, type:2, protocol:0
[   16.463946] firmadyne: sys_socket[PID: 106 (klogd)]: family:1, type:1, protocol:0
sem_get[   16.468814] firmadyne: ioctl: 0xc0207223
[   16.470412] firmadyne: ioctl: 0xc0207223
[   16.471926] firmadyne: ioctl: 0xc0207223
[   16.473299] firmadyne: sys_socket[PID: 106 (klogd)]: family:1, type:2, protocol:0
[   16.475871] firmadyne: sys_socket[PID: 106 (klogd)]: family:1, type:1, protocol:0
: Key: 4111025e
nvram_set_default_builtin: Setting built-in default values!
[   16.481574] firmadyne: ioctl: 0xc0207223
[   16.483064] firmadyne: ioctl: 0xc0207223
nvram_set[   16.490399] firmadyne: sys_socket[PID: 106 (klogd)]: family:1, type:2, protocol:0
[   16.494544] firmadyne: ioctl: 0xc0207223
: console_loglevel = "7"
sem_get: Key: 4111025e
[   16.502374] firmadyne: sys_socket[PID: 106 (klogd)]: family:1, type:1, protocol:0
[   16.503842] firmadyne: sys_socket[PID: 106 (klogd)]: family:1, type:2, protocol:0
[   16.505754] firmadyne: ioctl: 0xc0207223
[   16.507340] firmadyne: ioctl: 0xc0207223
sem_get: Key: 4111025e
[   16.514461] firmadyne: sys_socket[PID: 106 (klogd)]: family:1, type:1, protocol:0
[   16.515732] firmadyne: sys_socket[PID: 106 (klogd)]: family:1, type:2, protocol:0
[   16.517601] firmadyne: ioctl: 0xc0207223
[   16.519173] firmadyne: ioctl: 0xc0207223
nvram_set: restore_defaults = "1"
sem_get[   16.526502] firmadyne: sys_socket[PID: 106 (klogd)]: family:1, type:1, protocol:0
[   16.527781] firmadyne: sys_socket[PID: 106 (klogd)]: family:1, type:2, protocol:0
[   16.529469] firmadyne: ioctl: 0xc0207223
[   16.531051] firmadyne: ioctl: 0xc0207223
: Key: 4111025e
sem_get: Key: 4111025e
[   16.538340] firmadyne: sys_socket[PID: 106 (klogd)]: family:1, type:1, protocol:0
[   16.539637] firmadyne: sys_socket[PID: 106 (klogd)]: family:1, type:2, protocol:0
[   16.540925] firmadyne: ioctl: 0xc0207223
[   16.542509] firmadyne: ioctl: 0xc0207223
[   16.544043] firmadyne: ioctl: 0xc0207223
nvram_set: sku_name = ""
[   16.550294] firmadyne: sys_socket[PID: 106 (klogd)]: family:1, type:1, protocol:0
[   16.551570] firmadyne: sys_socket[PID: 106 (klogd)]: family:1, type:2, protocol:0
[   16.553886] firmadyne: ioctl: 0xc0207223
[   16.555453] firmadyne: ioctl: 0xc0207223
sem_get: Key: 4111025e
sem_get: Key: 4111025e
[   16.561359] firmadyne: ioctl: 0xc0207223
[   16.562885] firmadyne: ioctl: 0xc0207223
[   16.566446] firmadyne: sys_socket[PID: 106 (klogd)]: family:1, type:1, protocol:0
[   16.567745] firmadyne: sys_socket[PID: 106 (klogd)]: family:1, type:2, protocol:0
nvram_set: wla_wlanstate = ""
[   16.572647] firmadyne: ioctl: 0xc0207223
[   16.574233] firmadyne: ioctl: 0xc0207223
[   16.575763] firmadyne: ioctl: 0xc0207223
[   16.578434] firmadyne: sys_socket[PID: 106 (klogd)]: family:1, type:1, protocol:0
[   16.579765] firmadyne: sys_socket[PID: 106 (klogd)]: family:1, type:2, protocol:0
sem_get: Key: 4111025e
sem_get: Key: 4111025e
[   16.585637] firmadyne: ioctl: 0xc0207223
[   16.587195] firmadyne: ioctl: 0xc0207223
[   16.590394] firmadyne: sys_socket[PID: 106 (klogd)]: family:1, type:1, protocol:0
[   16.591783] firmadyne: sys_socket[PID: 106 (klogd)]: family:1, type:2, protocol:0
nvram_set: lan_if = "br0"
[   16.597300] firmadyne: ioctl: 0xc0207223
[   16.598854] firmadyne: ioctl: 0xc0207223
[   16.602397] firmadyne: sys_socket[PID: 106 (klogd)]: family:1, type:1, protocol:0
[   16.603674] firmadyne: sys_socket[PID: 106 (klogd)]: family:1, type:2, protocol:0
sem_get: Key: 4111025e
sem_get: Key: 4111025e
[   16.608990] firmadyne: ioctl: 0xc0207223
[   16.610586] firmadyne: ioctl: 0xc0207223
[   16.612101] firmadyne: ioctl: 0xc0207223
nvram_set: lan_ipaddr = "192.168.0.50"
[   16.618599] firmadyne: sys_socket[PID: 106 (klogd)]: family:1, type:1, protocol:0
[   16.619913] firmadyne: sys_socket[PID: 106 (klogd)]: family:1, type:2, protocol:0
[   16.622264] firmadyne: ioctl: 0xc0207223
[   16.623873] firmadyne: ioctl: 0xc0207223
sem_get: Key: 4111025e
sem_get: Key: 4111025e[   16.630459] firmadyne: sys_socket[PID: 106 (klogd)]: family:1, type:1, protocol:0
[   16.631787] firmadyne: sys_socket[PID: 106 (klogd)]: family:1, type:2, protocol:0
[   16.634051] firmadyne: ioctl: 0xc0207223
[   16.635563] firmadyne: ioctl: 0xc0207223

nvram_set: lan_bipaddr = "192.168.0.255"
[   16.642607] firmadyne: sys_socket[PID: 106 (klogd)]: family:1, type:1, protocol:0
[   16.643968] firmadyne: sys_socket[PID: 106 (klogd)]: family:1, type:2, protocol:0
[   16.646073] firmadyne: ioctl: 0xc0207223
[   16.647614] firmadyne: ioctl: 0xc0207223
sem_get: Key: 4111025e
sem_get: Key: 4111025e
[   16.654488] firmadyne: sys_socket[PID: 106 (klogd)]: family:1, type:1, protocol:0
[   16.655766] firmadyne: sys_socket[PID: 106 (klogd)]: family:1, type:2, protocol:0
[   16.657904] firmadyne: ioctl: 0xc0207223
[   16.659479] firmadyne: ioctl: 0xc0207223
nvram_set: lan_netmask = "255.255.255.0"
[   16.666392] firmadyne: ioctl: 0xc0207223
[   16.667970] firmadyne: ioctl: 0xc0207223
[   16.670617] firmadyne: sys_socket[PID: 106 (klogd)]: family:1, type:1, protocol:0
[   16.671903] firmadyne: sys_socket[PID: 106 (klogd)]: family:1, type:2, protocol:0
sem_get: Key: 4111025e
sem_get: Key: [   16.677750] firmadyne: ioctl: 0xc0207223
[   16.679256] firmadyne: ioctl: 0xc0207223
[   16.682471] firmadyne: sys_socket[PID: 106 (klogd)]: family:1, type:1, protocol:0
[   16.683813] firmadyne: sys_socket[PID: 106 (klogd)]: family:1, type:2, protocol:0
4111025e
nvram_set: time_zone[   16.689137] firmadyne: ioctl: 0xc0207223
[   16.690692] firmadyne: ioctl: 0xc0207223
[   16.692413] firmadyne: ioctl: 0xc0207223
[   16.694886] firmadyne: sys_socket[PID: 106 (klogd)]: family:1, type:1, protocol:0
[   16.696207] firmadyne: sys_socket[PID: 106 (klogd)]: family:1, type:2, protocol:0
 = "PST8PDT"
sem_get: Key: 4111025e
[   16.701662] firmadyne: ioctl: 0xc0207223
[   16.703180] firmadyne: ioctl: 0xc0207223
[   16.706388] firmadyne: sys_socket[PID: 106 (klogd)]: family:1, type:1, protocol:0
[   16.707680] firmadyne: sys_socket[PID: 106 (klogd)]: family:1, type:2, protocol:0
sem_get: Key: 4111025e
[   16.712990] firmadyne: ioctl: 0xc0207223
[   16.714527] firmadyne: ioctl: 0xc0207223
[   16.716039] firmadyne: ioctl: 0xc0207223
nvram_set: wan_hwaddr_def = "01:23:45:67:89:ab"
sem_get: Key: 4111025e
[   16.722690] firmadyne: sys_socket[PID: 106 (klogd)]: family:1, type:1, protocol:0
[   16.724033] firmadyne: sys_socket[PID: 106 (klogd)]: family:1, type:2, protocol:0
[   16.726403] firmadyne: ioctl: 0xc0207223
[   16.727919] firmadyne: ioctl: 0xc0207223
sem_get: Key: 4111025e
[   16.734440] firmadyne: sys_socket[PID: 106 (klogd)]: family:1, type:1, protocol:0
[   16.735767] firmadyne: sys_socket[PID: 106 (klogd)]: family:1, type:2, protocol:0
[   16.738104] firmadyne: ioctl: 0xc0207223
[   16.739647] firmadyne: ioctl: 0xc0207223
nvram_set: wan_ifname = "eth0"
sem_get: Key: 4111025e
[   16.746428] firmadyne: sys_socket[PID: 106 (klogd)]: family:1, type:1, protocol:0
[   16.747713] firmadyne: sys_socket[PID: 106 (klogd)]: family:1, type:2, protocol:0
[   16.749818] firmadyne: ioctl: 0xc0207223
[   16.751354] firmadyne: ioctl: 0xc0207223
sem_get: Key: 4111025e
[   16.758313] firmadyne: sys_socket[PID: 106 (klogd)]: family:1, type:1, protocol:0
[   16.759618] firmadyne: sys_socket[PID: 106 (klogd)]: family:1, type:2, protocol:0
[   16.761545] firmadyne: ioctl: 0xc0207223
[   16.763079] firmadyne: ioctl: 0xc0207223
nvram_set: lan_ifnames = "eth1 eth2 eth3 eth4"
sem_get: Key: 4111025e[   16.768760] firmadyne: ioctl: 0xc0207223
[   16.770324] firmadyne: ioctl: 0xc0207223
[   16.771870] firmadyne: ioctl: 0xc0207223
[   16.774553] firmadyne: sys_socket[PID: 106 (klogd)]: family:1, type:1, protocol:0
[   16.775831] firmadyne: sys_socket[PID: 106 (klogd)]: family:1, type:2, protocol:0

sem_get: Key: 4111025e
[   16.781637] firmadyne: ioctl: 0xc0207223
[   16.783148] firmadyne: ioctl: 0xc0207223
[   16.786364] firmadyne: sys_socket[PID: 106 (klogd)]: family:1, type:1, protocol:0
[   16.787677] firmadyne: sys_socket[PID: 106 (klogd)]: family:1, type:2, protocol:0
nvram_set: ethConver = "1"
[   16.793385] firmadyne: ioctl: 0xc0207223
[   16.794984] firmadyne: ioctl: 0xc0207223
[   16.798671] firmadyne: sys_socket[PID: 106 (klogd)]: family:1, type:1, protocol:0
[   16.799933] firmadyne: sys_socket[PID: 106 (klogd)]: family:1, type:2, protocol:0
sem_get: Key: 4111025e
sem_get: Key: 4111025e[   16.804801] firmadyne: ioctl: 0xc0207223
[   16.806399] firmadyne: ioctl: 0xc0207223
[   16.807916] firmadyne: ioctl: 0xc0207223

nvram_set: lan_proto = "dhcp"
[   16.826251] firmadyne: ioctl: 0xc0207223
[   16.827846] firmadyne: ioctl: 0xc0207223
sem_get: Key: 4111025e
sem_get: Key: 4111025e
[   16.833945] firmadyne: ioctl: 0xc0207223
[   16.835473] firmadyne: ioctl: 0xc0207223
nvram_set: wan_ipaddr = "0.0.0.0"
[   16.841318] firmadyne: ioctl: 0xc0207223
[   16.842851] firmadyne: ioctl: 0xc0207223
sem_get: Key: 4111025e
sem_get: Key: 4111025e
[   16.848772] firmadyne: sys_socket[PID: 106 (klogd)]: family:1, type:1, protocol:0
[   16.850105] firmadyne: sys_socket[PID: 106 (klogd)]: family:1, type:2, protocol:0
[   16.852906] firmadyne: ioctl: 0xc0207223
[   16.854468] firmadyne: ioctl: 0xc0207223
[   16.855984] firmadyne: ioctl: 0xc0207223
nvram_set: wan_netmask = "255.255.255.0"
[   16.861066] firmadyne: sys_socket[PID: 106 (klogd)]: family:1, type:1, protocol:0
[   16.862420] firmadyne: sys_socket[PID: 106 (klogd)]: family:1, type:2, protocol:0
[   16.866765] firmadyne: ioctl: 0xc0207223
sem_get: Key: 4111025e
sem_get: Key: 4111025e
[   16.873543] firmadyne: sys_socket[PID: 106 (klogd)]: family:1, type:1, protocol:0
[   16.876286] firmadyne: sys_socket[PID: 106 (klogd)]: family:1, type:2, protocol:0
[   16.878491] firmadyne: ioctl: 0xc0207223
[   16.881750] firmadyne: ioctl: 0xc0207223
nvram_set: wanif[   16.890832] firmadyne: sys_socket[PID: 106 (klogd)]: family:1, type:1, protocol:0
[   16.892521] firmadyne: sys_socket[PID: 106 (klogd)]: family:1, type:2, protocol:0
[   16.893799] firmadyne: ioctl: 0xc0207223
[   16.895478] firmadyne: ioctl: 0xc0207223
 = "eth0"
sem_get: Key: 4111025e
[   16.901432] firmadyne: ioctl: 0xc0207223
[   16.902985] firmadyne: ioctl: 0xc0207223
[   16.906683] firmadyne: sys_socket[PID: 106 (klogd)]: family:1, type:1, protocol:0
[   16.907956] firmadyne: sys_socket[PID: 106 (klogd)]: family:1, type:2, protocol:0
sem_get: Key: 4111025e
[   16.912667] firmadyne: ioctl: 0xc0207223
[   16.914286] firmadyne: ioctl: 0xc0207223
[   16.915852] firmadyne: ioctl: 0xc0207223
[   16.918522] firmadyne: sys_socket[PID: 106 (klogd)]: family:1, type:1, protocol:0
[   16.919863] firmadyne: sys_socket[PID: 106 (klogd)]: family:1, type:2, protocol:0
nvram_set: time_zone_x = "0"
sem_get: Key: 4111025e
sem_get: Key: 4111025e
[   16.929705] firmadyne: ioctl: 0xc0207223
[   16.931278] firmadyne: ioctl: 0xc0207223
[   16.934401] firmadyne: sys_socket[PID: 106 (klogd)]: family:1, type:1, protocol:0
[   16.935800] firmadyne: sys_socket[PID: 106 (klogd)]: family:1, type:2, protocol:0
nvram_set: rip_multicast = "0"
sem_get: Key: 4111025e[   16.941183] firmadyne: ioctl: 0xc0207223
[   16.942719] firmadyne: ioctl: 0xc0207223
[   16.946486] firmadyne: sys_socket[PID: 106 (klogd)]: family:1, type:1, protocol:0
[   16.947762] firmadyne: sys_socket[PID: 106 (klogd)]: family:1, type:2, protocol:0

sem_get: Key: 4111025e
[   16.952488] firmadyne: ioctl: 0xc0207223
[   16.954071] firmadyne: ioctl: 0xc0207223
[   16.955579] firmadyne: ioctl: 0xc0207223
[   16.958341] firmadyne: sys_socket[PID: 106 (klogd)]: family:1, type:1, protocol:0
[   16.959693] firmadyne: sys_socket[PID: 106 (klogd)]: family:1, type:2, protocol:0
nvram_set: bs_trustedip_enable = "0"
[   16.965368] firmadyne: ioctl: 0xc0207223
[   16.966925] firmadyne: ioctl: 0xc0207223
[   16.970591] firmadyne: sys_socket[PID: 106 (klogd)]: family:1, type:1, protocol:0
[   16.971922] firmadyne: sys_socket[PID: 106 (klogd)]: family:1, type:2, protocol:0
sem_get: Key: 4111025e
sem_get: Key: 4111025e[   16.976801] firmadyne: ioctl: 0xc0207223
[   16.978392] firmadyne: ioctl: 0xc0207223
[   16.979927] firmadyne: ioctl: 0xc0207223
[   16.982593] firmadyne: sys_socket[PID: 106 (klogd)]: family:1, type:1, protocol:0
[   16.983956] firmadyne: sys_socket[PID: 106 (klogd)]: family:1, type:2, protocol:0

nvram_set: et0macaddr = "[   16.989862] firmadyne: ioctl: 0xc0207223
[   16.991415] firmadyne: ioctl: 0xc0207223
01:23:45:67:89:ab"
sem_get: Key: 4111025e
sem_get[   16.998441] firmadyne: sys_socket[PID: 106 (klogd)]: family:1, type:1, protocol:0
[   16.999731] firmadyne: sys_socket[PID: 106 (klogd)]: family:1, type:2, protocol:0
[   17.001646] firmadyne: ioctl: 0xc0207223
[   17.003163] firmadyne: ioctl: 0xc0207223
: Key: 4111025e
nvram_set: filter_rule_tbl = "[   17.010593] firmadyne: sys_socket[PID: 106 (klogd)]: family:1, type:1, protocol:0
[   17.011883] firmadyne: sys_socket[PID: 106 (klogd)]: family:1, type:2, protocol:0
[   17.013592] firmadyne: ioctl: 0xc0207223
[   17.015235] firmadyne: ioctl: 0xc0207223
"
sem_get: Key: 4111025e
sem_get: Key: 4111025e
[   17.022660] firmadyne: sys_socket[PID: 106 (klogd)]: family:1, type:1, protocol:0
[   17.023955] firmadyne: sys_socket[PID: 106 (klogd)]: family:1, type:2, protocol:0
[   17.025885] firmadyne: ioctl: 0xc0207223
[   17.027423] firmadyne: ioctl: 0xc0207223
nvram_set: pppoe2_schedule_config = "127:0:0:23:59"
[   17.033228] firmadyne: ioctl: 0xc0207223
[   17.034740] firmadyne: ioctl: 0xc0207223
[   17.036440] firmadyne: ioctl: 0xc0207223
[   17.038923] firmadyne: sys_socket[PID: 106 (klogd)]: family:1, type:1, protocol:0
[   17.040287] firmadyne: sys_socket[PID: 106 (klogd)]: family:1, type:2, protocol:0
sem_get: Key: 4111025e
sem_get[   17.045733] firmadyne: ioctl: 0xc0207223
[   17.047264] firmadyne: ioctl: 0xc0207223
[   17.050402] firmadyne: sys_socket[PID: 106 (klogd)]: family:1, type:1, protocol:0
[   17.051693] firmadyne: sys_socket[PID: 106 (klogd)]: family:1, type:2, protocol:0
: Key: 4111025e
nvram_set: schedule_config[   17.057329] firmadyne: ioctl: 0xc0207223
[   17.058921] firmadyne: ioctl: 0xc0207223
[   17.062530] firmadyne: sys_socket[PID: 106 (klogd)]: family:1, type:1, protocol:0
[   17.063806] firmadyne: sys_socket[PID: 106 (klogd)]: family:1, type:2, protocol:0
 = "127:0:0:23:59"
sem_get: Key: 4111025e
[   17.068821] firmadyne: ioctl: 0xc0207223
[   17.070367] firmadyne: ioctl: 0xc0207223
[   17.071880] firmadyne: ioctl: 0xc0207223
[   17.074420] firmadyne: sys_socket[PID: 106 (klogd)]: family:1, type:1, protocol:0
[   17.075700] firmadyne: sys_socket[PID: 106 (klogd)]: family:1, type:2, protocol:0
sem_get: Key: 4111025e
[   17.081697] firmadyne: ioctl: 0xc0207223
[   17.083277] firmadyne: ioctl: 0xc0207223
nvram_set: access_control_mode = "0"
sem_get: Key: 4111025e[   17.090605] firmadyne: sys_socket[PID: 106 (klogd)]: family:1, type:1, protocol:0
[   17.091874] firmadyne: sys_socket[PID: 106 (klogd)]: family:1, type:2, protocol:0
[   17.093635] firmadyne: ioctl: 0xc0207223
[   17.095133] firmadyne: ioctl: 0xc0207223

sem_get: Key: 4111025e
[   17.102427] firmadyne: sys_socket[PID: 106 (klogd)]: family:1, type:1, protocol:0
[   17.103774] firmadyne: sys_socket[PID: 106 (klogd)]: family:1, type:2, protocol:0
[   17.105354] firmadyne: ioctl: 0xc0207223
[   17.106909] firmadyne: ioctl: 0xc0207223
nvram_set: fwpt_df_count = "0"
sem_get: Key: 4111025e
[   17.114626] firmadyne: sys_socket[PID: 106 (klogd)]: family:1, type:1, protocol:0
[   17.115912] firmadyne: sys_socket[PID: 106 (klogd)]: family:1, type:2, protocol:0
[   17.117203] firmadyne: ioctl: 0xc0207223
[   17.118765] firmadyne: ioctl: 0xc0207223
[   17.120414] firmadyne: ioctl: 0xc0207223
sem_get: Key: 4111025e
[   17.126376] firmadyne: sys_socket[PID: 106 (klogd)]: family:1, type:1, protocol:0
[   17.127682] firmadyne: sys_socket[PID: 106 (klogd)]: family:1, type:2, protocol:0
[   17.130005] firmadyne: ioctl: 0xc0207223
[   17.131561] firmadyne: ioctl: 0xc0207223
nvram_set: static_if_status = "1"
sem_get: Key: 4111025e[   17.138489] firmadyne: sys_socket[PID: 106 (klogd)]: family:1, type:1, protocol:0
[   17.139778] firmadyne: sys_socket[PID: 106 (klogd)]: family:1, type:2, protocol:0
[   17.141872] firmadyne: ioctl: 0xc0207223
[   17.143451] firmadyne: ioctl: 0xc0207223

sem_get: Key: 4111025e
[   17.149328] firmadyne: ioctl: 0xc0207223
[   17.150879] firmadyne: ioctl: 0xc0207223
[   17.154435] firmadyne: sys_socket[PID: 106 (klogd)]: family:1, type:1, protocol:0
[   17.155731] firmadyne: sys_socket[PID: 106 (klogd)]: family:1, type:2, protocol:0
nvram_set: www_relocation = ""
sem_get: Key: 4111025e
[   17.160895] firmadyne: ioctl: 0xc0207223
[   17.162455] firmadyne: ioctl: 0xc0207223
[   17.163984] firmadyne: ioctl: 0xc0207223
[   17.166707] firmadyne: sys_socket[PID: 106 (klogd)]: family:1, type:1, protocol:0
[   17.167985] firmadyne: sys_socket[PID: 106 (klogd)]: family:1, type:2, protocol:0
sem_get: Key: 4111025e
[   17.173642] firmadyne: ioctl: 0xc0207223
[   17.175178] firmadyne: ioctl: 0xc0207223
[   17.178371] firmadyne: sys_socket[PID: 106 (klogd)]: family:1, type:1, protocol:0
[   17.179710] firmadyne: sys_socket[PID: 106 (klogd)]: family:1, type:2, protocol:0
nvram_set: usb_info_dev0 = "A200396E0402FF83@1@14.4G@U@1@USB_Storage;U:;0;0@"
[   17.185056] firmadyne: ioctl: 0xc0207223
[   17.186595] firmadyne: ioctl: 0xc0207223
[   17.188104] firmadyne: ioctl: 0xc0207223
[   17.190893] firmadyne: sys_socket[PID: 106 (klogd)]: family:1, type:1, protocol:0
[   17.192187] firmadyne: sys_socket[PID: 106 (klogd)]: family:1, type:2, protocol:0
sem_get: Key: 4111025e
sem_get: Key: [   17.197964] firmadyne: ioctl: 0xc0207223
[   17.199479] firmadyne: ioctl: 0xc0207223
4111025e
nvram_set: usb_info_dev1 = "[   17.206607] firmadyne: sys_socket[PID: 106 (klogd)]: family:1, type:1, protocol:0
[   17.207926] firmadyne: sys_socket[PID: 106 (klogd)]: family:1, type:2, protocol:0
[   17.209986] firmadyne: ioctl: 0xc0207223
[   17.211561] firmadyne: ioctl: 0xc0207223
A200396E0402FF83@1@14.4G@U@1@USB_Storage;U:;0;0@"
sem_get: Key: 4111025e
sem_get[   17.218782] firmadyne: sys_socket[PID: 106 (klogd)]: family:1, type:1, protocol:0
[   17.220104] firmadyne: sys_socket[PID: 106 (klogd)]: family:1, type:2, protocol:0
[   17.222978] firmadyne: ioctl: 0xc0207223
: Key: 4111025e
nvram_set: [   17.228646] firmadyne: ioctl: 0xc0207223
[   17.230269] firmadyne: ioctl: 0xc0207223
[   17.231801] firmadyne: ioctl: 0xc0207223
[   17.234571] firmadyne: sys_socket[PID: 106 (klogd)]: family:1, type:1, protocol:0
[   17.235901] firmadyne: sys_socket[PID: 106 (klogd)]: family:1, type:2, protocol:0
usb_info_dev2 = "A200396E0402FF83@1@14.4G@U@1@USB_Storage;U:;0;0@"
sem_get: Key: 4111025e
[   17.241863] firmadyne: ioctl: 0xc0207223
[   17.243375] firmadyne: ioctl: 0xc0207223
[   17.246417] firmadyne: sys_socket[PID: 106 (klogd)]: family:1, type:1, protocol:0
[   17.247708] firmadyne: sys_socket[PID: 106 (klogd)]: family:1, type:2, protocol:0
sem_get: Key: 4111025e
[   17.253218] firmadyne: ioctl: 0xc0207223
[   17.254765] firmadyne: ioctl: 0xc0207223
[   17.258397] firmadyne: sys_socket[PID: 106 (klogd)]: family:1, type:1, protocol:0
[   17.259757] firmadyne: sys_socket[PID: 106 (klogd)]: family:1, type:2, protocol:0
nvram_set: usb_info_dev3 = "A200396E0402FF83@1@14.4G@U@1@USB_Storage;U:;0;0@"
sem_get: Key: [   17.265558] firmadyne: ioctl: 0xc0207223
[   17.267169] firmadyne: ioctl: 0xc0207223
[   17.270387] firmadyne: sys_socket[PID: 106 (klogd)]: family:1, type:1, protocol:0
[   17.271664] firmadyne: sys_socket[PID: 106 (klogd)]: family:1, type:2, protocol:0
4111025e
sem_get: Key: 4111025e
[   17.277110] firmadyne: ioctl: 0xc0207223
[   17.278668] firmadyne: ioctl: 0xc0207223
[   17.280384] firmadyne: ioctl: 0xc0207223
[   17.282953] firmadyne: sys_socket[PID: 106 (klogd)]: family:1, type:1, protocol:0
[   17.284272] firmadyne: sys_socket[PID: 106 (klogd)]: family:1, type:2, protocol:0
nvram_set: usb_info_dev4 = "[   17.289644] firmadyne: ioctl: 0xc0207223
[   17.291182] firmadyne: ioctl: 0xc0207223
A200396E0402FF83@1@14.4G@U@1@USB_Storage;U:;0;0@"
sem_get: Key: 4111025e
sem_get[   17.298419] firmadyne: sys_socket[PID: 106 (klogd)]: family:1, type:1, protocol:0
[   17.299714] firmadyne: sys_socket[PID: 106 (klogd)]: family:1, type:2, protocol:0
[   17.301376] firmadyne: ioctl: 0xc0207223
[   17.302925] firmadyne: ioctl: 0xc0207223
: Key: 4111025e
nvram_set: [   17.310379] firmadyne: sys_socket[PID: 106 (klogd)]: family:1, type:1, protocol:0
[   17.311681] firmadyne: sys_socket[PID: 106 (klogd)]: family:1, type:2, protocol:0
[   17.312942] firmadyne: ioctl: 0xc0207223
[   17.314524] firmadyne: ioctl: 0xc0207223
[   17.316037] firmadyne: ioctl: 0xc0207223
usb_info_dev5 = "A200396E0402FF83@1@14.4G@U@1@USB_Storage;U:;0;0@"
sem_get: Key: 4111025e
[   17.322419] firmadyne: sys_socket[PID: 106 (klogd)]: family:1, type:1, protocol:0
[   17.323755] firmadyne: sys_socket[PID: 106 (klogd)]: family:1, type:2, protocol:0
[   17.326034] firmadyne: ioctl: 0xc0207223
[   17.327532] firmadyne: ioctl: 0xc0207223
sem_get: Key: 4111025e
[   17.334281] firmadyne: sys_socket[PID: 106 (klogd)]: family:1, type:1, protocol:0
[   17.335558] firmadyne: sys_socket[PID: 106 (klogd)]: family:1, type:2, protocol:0
[   17.337546] firmadyne: ioctl: 0xc0207223
[   17.339077] firmadyne: ioctl: 0xc0207223
nvram_set: usb_info_dev6 = "A200396E0402FF83@1@14.4G@U@1@USB_Storage;U:;0;0@"
sem_get: Key: 4111025e
[   17.344911] firmadyne: ioctl: 0xc0207223
[   17.346465] firmadyne: ioctl: 0xc0207223
[   17.347983] firmadyne: ioctl: 0xc0207223
[   17.350671] firmadyne: sys_socket[PID: 106 (klogd)]: family:1, type:1, protocol:0
[   17.351976] firmadyne: sys_socket[PID: 106 (klogd)]: family:1, type:2, protocol:0
sem_get: Key: 4111025e
[   17.357635] firmadyne: ioctl: 0xc0207223
[   17.359189] firmadyne: ioctl: 0xc0207223
[   17.362389] firmadyne: sys_socket[PID: 106 (klogd)]: family:1, type:1, protocol:0
[   17.363671] firmadyne: sys_socket[PID: 106 (klogd)]: family:1, type:2, protocol:0
nvram_set: usb_info_dev7 = "A200396E0402FF83@1@14.4G@U@1@USB_Storage;U:;0;0@"
[   17.368983] firmadyne: ioctl: 0xc0207223
[   17.370505] firmadyne: ioctl: 0xc0207223
[   17.372034] firmadyne: ioctl: 0xc0207223
[   17.374705] firmadyne: sys_socket[PID: 106 (klogd)]: family:1, type:1, protocol:0
[   17.375987] firmadyne: sys_socket[PID: 106 (klogd)]: family:1, type:2, protocol:0
sem_get: Key: 4111025e
sem_get: Key: 4111025e
nvram_set: usb_info_dev8 = "A200396E0402FF83@1@14.4G@U@1@USB_Storage;U:;0;0@[   17.386036] firmadyne: ioctl: 0xc0207223
[   17.387580] firmadyne: ioctl: 0xc0207223
[   17.390388] firmadyne: sys_socket[PID: 106 (klogd)]: family:1, type:1, protocol:0
[   17.391684] firmadyne: sys_socket[PID: 106 (klogd)]: family:1, type:2, protocol:0
[   17.393767] firmadyne: ioctl: 0xc0207223
[   17.395290] firmadyne: ioctl: 0xc0207223
"
sem_get: Key: 4111025e
sem_get: Key: 4111025e[   17.402660] firmadyne: sys_socket[PID: 106 (klogd)]: family:1, type:1, protocol:0
[   17.403931] firmadyne: sys_socket[PID: 106 (klogd)]: family:1, type:2, protocol:0
[   17.405653] firmadyne: ioctl: 0xc0207223
[   17.407184] firmadyne: ioctl: 0xc0207223

nvram_set: usb_info_dev9 = "A200396E0402FF83@1@14.4G@U@1@USB_Storage;U:;0;0@[   17.414703] firmadyne: sys_socket[PID: 106 (klogd)]: family:1, type:1, protocol:0
[   17.415997] firmadyne: sys_socket[PID: 106 (klogd)]: family:1, type:2, protocol:0
[   17.417659] firmadyne: ioctl: 0xc0207223
[   17.419208] firmadyne: ioctl: 0xc0207223
"
sem_get: Key: 4111025e
sem_get: Key: 4111025e[   17.426566] firmadyne: sys_socket[PID: 106 (klogd)]: family:1, type:1, protocol:0
[   17.427828] firmadyne: sys_socket[PID: 106 (klogd)]: family:1, type:2, protocol:0
[   17.429600] firmadyne: ioctl: 0xc0207223
[   17.431179] firmadyne: ioctl: 0xc0207223

nvram_set: usb_info_dev10 = "A200396E0402FF83@1@14.4G@U@1@USB_Storage;U:;0;0@[   17.438656] firmadyne: sys_socket[PID: 106 (klogd)]: family:1, type:1, protocol:0
[   17.439887] firmadyne: sys_socket[PID: 106 (klogd)]: family:1, type:2, protocol:0
[   17.441601] firmadyne: ioctl: 0xc0207223
[   17.443119] firmadyne: ioctl: 0xc0207223
"
sem_get: Key: 4111025e
sem_get: Key: 4111025e[   17.449053] firmadyne: ioctl: 0xc0207223
[   17.450594] firmadyne: ioctl: 0xc0207223
[   17.452116] firmadyne: ioctl: 0xc0207223
[   17.454837] firmadyne: sys_socket[PID: 106 (klogd)]: family:1, type:1, protocol:0
[   17.456088] firmadyne: sys_socket[PID: 106 (klogd)]: family:1, type:2, protocol:0

nvram_set: usb_info_dev11[   17.461921] firmadyne: ioctl: 0xc0207223
[   17.463458] firmadyne: ioctl: 0xc0207223
[   17.467331] firmadyne: sys_socket[PID: 106 (klogd)]: family:1, type:1, protocol:0
[   17.468979] firmadyne: sys_socket[PID: 106 (klogd)]: family:1, type:2, protocol:0
[   17.471497] firmadyne: sys_socket[PID: 106 (klogd)]: family:1, type:1, protocol:0
 = "A200396E0402FF83@1@14.4G@U@1@USB_Storage;U:;0;0@"
sem_get: Key: 4111025e
[   17.477342] firmadyne: ioctl: 0xc0207223
[   17.478892] firmadyne: ioctl: 0xc0207223
[   17.481251] firmadyne: sys_socket[PID: 106 (klogd)]: family:1, type:2, protocol:0
[   17.483736] firmadyne: sys_socket[PID: 106 (klogd)]: family:1, type:1, protocol:0
sem_get: Key: 4111025e
nvram_set[   17.488766] firmadyne: ioctl: 0xc0207223
[   17.490350] firmadyne: ioctl: 0xc0207223
[   17.491833] firmadyne: ioctl: 0xc0207223
: usb_info_dev12 = "A200396E0402FF83@1@14.4G@U@1@USB_Storage;U:;0;0@"
sem_get: Key: 4111025e
[   17.497070] firmadyne: sys_socket[PID: 106 (klogd)]: family:1, type:2, protocol:0
[   17.499665] firmadyne: sys_socket[PID: 106 (klogd)]: family:1, type:1, protocol:0
[   17.501864] firmadyne: ioctl: 0xc0207223
[   17.503392] firmadyne: ioctl: 0xc0207223
sem_get: Key: 4111025e
[   17.509042] firmadyne: sys_socket[PID: 106 (klogd)]: family:1, type:2, protocol:0
[   17.511717] firmadyne: sys_socket[PID: 106 (klogd)]: family:1, type:1, protocol:0
[   17.513577] firmadyne: ioctl: 0xc0207223
[   17.515109] firmadyne: ioctl: 0xc0207223
nvram_set: usb_info_dev13 = "A200396E0402FF83@1@14.4G@U@1@USB_Storage;U:;0;0@"
sem_get: Key: 4111025e
[   17.520982] firmadyne: ioctl: 0xc0207223
[   17.522513] firmadyne: ioctl: 0xc0207223
[   17.524025] firmadyne: ioctl: 0xc0207223
[   17.525434] firmadyne: sys_socket[PID: 106 (klogd)]: family:1, type:2, protocol:0
[   17.528062] firmadyne: sys_socket[PID: 106 (klogd)]: family:1, type:1, protocol:0
sem_get: Key: 4111025e
[   17.533596] firmadyne: ioctl: 0xc0207223
[   17.535111] firmadyne: ioctl: 0xc0207223
[   17.537076] firmadyne: sys_socket[PID: 106 (klogd)]: family:1, type:2, protocol:0
[   17.539720] firmadyne: sys_socket[PID: 106 (klogd)]: family:1, type:1, protocol:0
nvram_set: usb_info_dev14 = "A200396E0402FF83@1@14.4G@U@1@USB_Storage;U:;0;0@"
[   17.545135] firmadyne: ioctl: 0xc0207223
[   17.546661] firmadyne: ioctl: 0xc0207223
[   17.548173] firmadyne: ioctl: 0xc0207223
[   17.549519] firmadyne: sys_socket[PID: 106 (klogd)]: family:1, type:2, protocol:0
[   17.552119] firmadyne: sys_socket[PID: 106 (klogd)]: family:1, type:1, protocol:0
sem_get: Key: 4111025e
sem_get: Key: [   17.557943] firmadyne: ioctl: 0xc0207223
[   17.559471] firmadyne: ioctl: 0xc0207223
[   17.561083] firmadyne: sys_socket[PID: 106 (klogd)]: family:1, type:2, protocol:0
[   17.563726] firmadyne: sys_socket[PID: 106 (klogd)]: family:1, type:1, protocol:0
4111025e
nvram_set: usb_info_dev15[   17.569517] firmadyne: ioctl: 0xc0207223
[   17.571046] firmadyne: ioctl: 0xc0207223
[   17.573305] firmadyne: sys_socket[PID: 106 (klogd)]: family:1, type:2, protocol:0
[   17.575932] firmadyne: sys_socket[PID: 106 (klogd)]: family:1, type:1, protocol:0
 = "A200396E0402FF83@1@14.4G@U@1@USB_Storage;U:;0;0@"
sem_get: Key: 4111025e
[   17.580670] firmadyne: ioctl: 0xc0207223
[   17.582254] firmadyne: ioctl: 0xc0207223
[   17.583736] firmadyne: ioctl: 0xc0207223
sem_get: Key: 4111025e
[   17.589051] firmadyne: sys_socket[PID: 106 (klogd)]: family:1, type:2, protocol:0
[   17.591610] firmadyne: sys_socket[PID: 106 (klogd)]: family:1, type:1, protocol:0
[   17.593850] firmadyne: ioctl: 0xc0207223
[   17.595371] firmadyne: ioctl: 0xc0207223
nvram_set: usb_info_dev16 = "A200396E0402FF83@1@14.4G@U@1@USB_Storage;U:;0;0@"
sem_get: Key: 4111025e
[   17.601225] firmadyne: sys_socket[PID: 106 (klogd)]: family:1, type:2, protocol:0
[   17.603784] firmadyne: sys_socket[PID: 106 (klogd)]: family:1, type:1, protocol:0
[   17.605660] firmadyne: ioctl: 0xc0207223
[   17.607178] firmadyne: ioctl: 0xc0207223
sem_get: Key: 4111025e
[   17.613535] firmadyne: sys_socket[PID: 106 (klogd)]: family:1, type:2, protocol:0
[   17.616162] firmadyne: sys_socket[PID: 106 (klogd)]: family:1, type:1, protocol:0
[   17.617844] firmadyne: ioctl: 0xc0207223
[   17.619374] firmadyne: ioctl: 0xc0207223
nvram_set: usb_info_dev17 = "A200396E0402FF83@1@14.4G@U@1@USB_Storage;U:;0;0@"
sem_get: Key: 4111025e
[   17.625100] firmadyne: sys_socket[PID: 106 (klogd)]: family:1, type:2, protocol:0
[   17.627785] firmadyne: sys_socket[PID: 106 (klogd)]: family:1, type:1, protocol:0
[   17.629672] firmadyne: ioctl: 0xc0207223
[   17.631213] firmadyne: ioctl: 0xc0207223
sem_get: Key: 4111025e
[   17.637038] firmadyne: ioctl: 0xc0207223
[   17.638585] firmadyne: ioctl: 0xc0207223
[   17.640110] firmadyne: ioctl: 0xc0207223
[   17.641458] firmadyne: sys_socket[PID: 106 (klogd)]: family:1, type:2, protocol:0
[   17.644161] firmadyne: sys_socket[PID: 106 (klogd)]: family:1, type:1, protocol:0
nvram_set: usb_info_dev18 = "A200396E0402FF83@1@14.4G@U@1@USB_Storage;U:;0;0@"
sem_get[   17.649831] firmadyne: ioctl: 0xc0207223
[   17.651389] firmadyne: ioctl: 0xc0207223
[   17.653077] firmadyne: sys_socket[PID: 106 (klogd)]: family:1, type:2, protocol:0
: Key: 4111025e
sem_get: Key: 4111025e
[   17.661196] firmadyne: ioctl: 0xc0207223
[   17.662723] firmadyne: ioctl: 0xc0207223
[   17.664491] firmadyne: ioctl: 0xc0207223
nvram_set: usb_info_dev19 = "A200396E0402FF83@1@14.4G@U@1@USB_Storage;U:;0;0@[   17.681872] firmadyne: ioctl: 0xc0207223
[   17.683340] firmadyne: ioctl: 0xc0207223
"
sem_get: Key: 4111025e
sem_get: Key: 4111025e
[   17.689349] firmadyne: ioctl: 0xc0207223
[   17.690790] firmadyne: ioctl: 0xc0207223
[   17.692353] firmadyne: ioctl: 0xc0207223
nvram_set: usb_info_dev20 = "A200396E0402FF83@1@14.4G@U@1@USB_Storage;U:;0;0@[   17.696900] firmadyne: sys_socket[PID: 106 (klogd)]: family:1, type:1, protocol:0
[   17.698204] firmadyne: sys_socket[PID: 106 (klogd)]: family:1, type:2, protocol:0
[   17.701596] firmadyne: ioctl: 0xc0207223
[   17.703069] firmadyne: ioctl: 0xc0207223
"
sem_get: Key: 4111025e
sem_get: Key: 4111025e[   17.709267] firmadyne: sys_socket[PID: 106 (klogd)]: family:1, type:1, protocol:0
[   17.710664] firmadyne: sys_socket[PID: 106 (klogd)]: family:1, type:2, protocol:0
[   17.712810] firmadyne: ioctl: 0xc0207223
[   17.714378] firmadyne: ioctl: 0xc0207223
[   17.715895] firmadyne: ioctl: 0xc0207223

nvram_set: usb_info_dev21 = "[   17.721508] firmadyne: sys_socket[PID: 106 (klogd)]: family:1, type:1, protocol:0
[   17.722909] firmadyne: sys_socket[PID: 106 (klogd)]: family:1, type:2, protocol:0
[   17.725801] firmadyne: ioctl: 0xc0207223
[   17.727401] firmadyne: ioctl: 0xc0207223
A200396E0402FF83@1@14.4G@U@1@USB_Storage;U:;0;0@"
sem_get: Key: 4111025e
[   17.733899] firmadyne: sys_socket[PID: 106 (klogd)]: family:1, type:1, protocol:0
[   17.735241] firmadyne: sys_socket[PID: 106 (klogd)]: family:1, type:2, protocol:0
[   17.737590] firmadyne: ioctl: 0xc0207223
[   17.739170] firmadyne: ioctl: 0xc0207223
sem_get: Key: 4111025e
nvram_set: [   17.746329] firmadyne: sys_socket[PID: 106 (klogd)]: family:1, type:1, protocol:0
[   17.747730] firmadyne: sys_socket[PID: 106 (klogd)]: family:1, type:2, protocol:0
[   17.749547] firmadyne: ioctl: 0xc0207223
[   17.751121] firmadyne: ioctl: 0xc0207223
usb_info_dev22 = "A200396E0402FF83@1@14.4G@U@1@USB_Storage;U:;0;0@"
sem_get: Key: 4111025e
[   17.758506] firmadyne: sys_socket[PID: 106 (klogd)]: family:1, type:1, protocol:0
[   17.759862] firmadyne: sys_socket[PID: 106 (klogd)]: family:1, type:2, protocol:0
[   17.761597] firmadyne: ioctl: 0xc0207223
[   17.763183] firmadyne: ioctl: 0xc0207223
sem_get: Key: 4111025e
nvram_set[   17.769403] firmadyne: ioctl: 0xc0207223
[   17.771013] firmadyne: ioctl: 0xc0207223
[   17.774609] firmadyne: sys_socket[PID: 106 (klogd)]: family:1, type:1, protocol:0
[   17.775921] firmadyne: sys_socket[PID: 106 (klogd)]: family:1, type:2, protocol:0
: usb_info_dev23 = "A200396E0402FF83@1@14.4G@U@1@USB_Storage;U:;0;0@"
sem_get: Key: 4111025e
[   17.781392] firmadyne: ioctl: 0xc0207223
[   17.782804] firmadyne: ioctl: 0xc0207223
[   17.784206] firmadyne: ioctl: 0xc0207223
[   17.786635] firmadyne: sys_socket[PID: 106 (klogd)]: family:1, type:1, protocol:0
[   17.787812] firmadyne: sys_socket[PID: 106 (klogd)]: family:1, type:2, protocol:0
sem_get: Key: 4111025e
[   17.793609] firmadyne: ioctl: 0xc0207223
[   17.795024] firmadyne: ioctl: 0xc0207223
[   17.798748] firmadyne: sys_socket[PID: 106 (klogd)]: family:1, type:1, protocol:0
[   17.799955] firmadyne: sys_socket[PID: 106 (klogd)]: family:1, type:2, protocol:0
nvram_set: usb_info_dev24 = "A200396E0402FF83@1@14.4G@U@1@USB_Storage;U:;0;0@"
sem_get: Key: 4111025e[   17.804770] firmadyne: ioctl: 0xc0207223
[   17.806291] firmadyne: ioctl: 0xc0207223
[   17.807755] firmadyne: ioctl: 0xc0207223
[   17.810402] firmadyne: sys_socket[PID: 106 (klogd)]: family:1, type:1, protocol:0
[   17.811688] firmadyne: sys_socket[PID: 106 (klogd)]: family:1, type:2, protocol:0

sem_get: Key: 4111025e
[   17.817599] firmadyne: ioctl: 0xc0207223
[   17.819124] firmadyne: ioctl: 0xc0207223
[   17.822380] firmadyne: sys_socket[PID: 106 (klogd)]: family:1, type:1, protocol:0
[   17.823684] firmadyne: sys_socket[PID: 106 (klogd)]: family:1, type:2, protocol:0
nvram_set: usb_info_dev25 = "A200396E0402FF83@1@14.4G@U@1@USB_Storage;U:;0;0@"
[   17.829069] firmadyne: ioctl: 0xc0207223
[   17.830655] firmadyne: ioctl: 0xc0207223
[   17.832186] firmadyne: ioctl: 0xc0207223
sem_get: Key: 4111025e
sem_get: Key: 4111025e[   17.839359] firmadyne: sys_socket[PID: 106 (klogd)]: family:1, type:1, protocol:0
[   17.841737] firmadyne: ioctl: 0xc0207223
[   17.843262] firmadyne: ioctl: 0xc0207223
[   17.844884] firmadyne: sys_socket[PID: 106 (klogd)]: family:1, type:2, protocol:0
[   17.847485] firmadyne: sys_socket[PID: 106 (klogd)]: family:1, type:1, protocol:0

nvram_set: usb_info_dev26 = "A200396E0402FF83@1@14.4G@U@1@USB_Storage;U:;0;0@[   17.853559] firmadyne: ioctl: 0xc0207223
[   17.855084] firmadyne: ioctl: 0xc0207223
[   17.857274] firmadyne: sys_socket[PID: 106 (klogd)]: family:1, type:2, protocol:0
[   17.860017] firmadyne: sys_socket[PID: 106 (klogd)]: family:1, type:1, protocol:0
"
sem_get: Key: 4111025e
[   17.865676] firmadyne: ioctl: 0xc0207223
[   17.867251] firmadyne: ioctl: 0xc0207223
sem_get: Key: 4111025e
nvram_set: [   17.873136] firmadyne: sys_socket[PID: 106 (klogd)]: family:1, type:2, protocol:0
[   17.875727] firmadyne: sys_socket[PID: 106 (klogd)]: family:1, type:1, protocol:0
[   17.877568] firmadyne: ioctl: 0xc0207223
[   17.879115] firmadyne: ioctl: 0xc0207223
usb_info_dev27 = "A200396E0402FF83@1@14.4G@U@1@USB_Storage;U:;0;0@"
sem_get: Key: 4111025e
[   17.885077] firmadyne: sys_socket[PID: 106 (klogd)]: family:1, type:2, protocol:0
[   17.887640] firmadyne: sys_socket[PID: 106 (klogd)]: family:1, type:1, protocol:0
[   17.889234] firmadyne: ioctl: 0xc0207223
[   17.890745] firmadyne: ioctl: 0xc0207223
[   17.892375] firmadyne: ioctl: 0xc0207223
sem_get: Key: 4111025e
[   17.897073] firmadyne: sys_socket[PID: 106 (klogd)]: family:1, type:2, protocol:0
[   17.899674] firmadyne: sys_socket[PID: 106 (klogd)]: family:1, type:1, protocol:0
[   17.901957] firmadyne: ioctl: 0xc0207223
[   17.903475] firmadyne: ioctl: 0xc0207223
nvram_set: usb_info_dev28 = "A200396E0402FF83@1@14.4G@U@1@USB_Storage;U:;0;0@"
sem_get: Key: 4111025e
[   17.909083] firmadyne: sys_socket[PID: 106 (klogd)]: family:1, type:2, protocol:0
[   17.911767] firmadyne: sys_socket[PID: 106 (klogd)]: family:1, type:1, protocol:0
[   17.913718] firmadyne: ioctl: 0xc0207223
[   17.915231] firmadyne: ioctl: 0xc0207223
sem_get: Key: 4111025e
[   17.921072] firmadyne: ioctl: 0xc0207223
[   17.922592] firmadyne: ioctl: 0xc0207223
[   17.924075] firmadyne: ioctl: 0xc0207223
[   17.925440] firmadyne: sys_socket[PID: 106 (klogd)]: family:1, type:2, protocol:0
[   17.928053] firmadyne: sys_socket[PID: 106 (klogd)]: family:1, type:1, protocol:0
nvram_set: usb_info_dev29 = "A200396E0402FF83@1@14.4G@U@1@USB_Storage;U:;0;0@"
sem_get[   17.933706] firmadyne: ioctl: 0xc0207223
[   17.935219] firmadyne: ioctl: 0xc0207223
[   17.937101] firmadyne: sys_socket[PID: 106 (klogd)]: family:1, type:2, protocol:0
[   17.939669] firmadyne: sys_socket[PID: 106 (klogd)]: family:1, type:1, protocol:0
: Key: 4111025e
sem_get: Key: 4111025e
[   17.945058] firmadyne: ioctl: 0xc0207223
[   17.946611] firmadyne: ioctl: 0xc0207223
[   17.948128] firmadyne: ioctl: 0xc0207223
[   17.949471] firmadyne: sys_socket[PID: 106 (klogd)]: family:1, type:2, protocol:0
[   17.952245] firmadyne: sys_socket[PID: 106 (klogd)]: family:1, type:1, protocol:0
nvram_set: usb_info_dev30 = "[   17.957954] firmadyne: ioctl: 0xc0207223
[   17.959726] firmadyne: ioctl: 0xc0207223
[   17.961042] firmadyne: sys_socket[PID: 106 (klogd)]: family:1, type:2, protocol:0
[   17.963692] firmadyne: sys_socket[PID: 106 (klogd)]: family:1, type:1, protocol:0
A200396E0402FF83@1@14.4G@U@1@USB_Storage;U:;0;0@"
sem_get: Key: 4111025e
[   17.969681] firmadyne: ioctl: 0xc0207223
[   17.971233] firmadyne: ioctl: 0xc0207223
sem_get: Key: 4111025e
nvram_set[   17.977243] firmadyne: sys_socket[PID: 106 (klogd)]: family:1, type:2, protocol:0
[   17.979844] firmadyne: sys_socket[PID: 106 (klogd)]: family:1, type:1, protocol:0
[   17.981620] firmadyne: ioctl: 0xc0207223
[   17.983207] firmadyne: ioctl: 0xc0207223
: usb_info_dev31 = "A200396E0402FF83@1@14.4G@U@1@USB_Storage;U:;0;0@"
sem_get: Key: 4111025e
[   17.989080] firmadyne: sys_socket[PID: 106 (klogd)]: family:1, type:2, protocol:0
[   17.991762] firmadyne: sys_socket[PID: 106 (klogd)]: family:1, type:1, protocol:0
[   17.993653] firmadyne: ioctl: 0xc0207223
[   17.995219] firmadyne: ioctl: 0xc0207223
sem_get: Key: 4111025e
[   18.001104] firmadyne: sys_socket[PID: 106 (klogd)]: family:1, type:2, protocol:0
[   18.003690] firmadyne: sys_socket[PID: 106 (klogd)]: family:1, type:1, protocol:0
[   18.005371] firmadyne: ioctl: 0xc0207223
[   18.006945] firmadyne: ioctl: 0xc0207223
nvram_set: usb_info_dev32 = "A200396E0402FF83@1@14.4G@U@1@USB_Storage;U:;0;0@"
sem_get: Key: 4111025e
[   18.013193] firmadyne: sys_socket[PID: 106 (klogd)]: family:1, type:2, protocol:0
[   18.015975] firmadyne: sys_socket[PID: 106 (klogd)]: family:1, type:1, protocol:0
[   18.017305] firmadyne: ioctl: 0xc0207223
[   18.018876] firmadyne: ioctl: 0xc0207223
sem_get: Key: 4111025e
[   18.024748] firmadyne: ioctl: 0xc0207223
[   18.026514] firmadyne: ioctl: 0xc0207223
[   18.028031] firmadyne: ioctl: 0xc0207223
[   18.029370] firmadyne: sys_socket[PID: 106 (klogd)]: family:1, type:2, protocol:0
[   18.032063] firmadyne: sys_socket[PID: 106 (klogd)]: family:1, type:1, protocol:0
nvram_set: usb_info_dev33 = "A200396E0402FF83@1@14.4G@U@1@USB_Storage;U:;0;0@"
sem_get[   18.037937] firmadyne: ioctl: 0xc0207223
[   18.039454] firmadyne: ioctl: 0xc0207223
[   18.041063] firmadyne: sys_socket[PID: 106 (klogd)]: family:1, type:2, protocol:0
[   18.043899] firmadyne: sys_socket[PID: 106 (klogd)]: family:1, type:1, protocol:0
: Key: 4111025e
sem_get: Key: 4111025e
[   18.049415] firmadyne: ioctl: 0xc0207223
[   18.050920] firmadyne: ioctl: 0xc0207223
[   18.053171] firmadyne: sys_socket[PID: 106 (klogd)]: family:1, type:2, protocol:0
[   18.055756] firmadyne: sys_socket[PID: 106 (klogd)]: family:1, type:1, protocol:0
nvram_set: usb_info_dev34 = "[   18.060863] firmadyne: ioctl: 0xc0207223
[   18.062518] firmadyne: ioctl: 0xc0207223
[   18.064054] firmadyne: ioctl: 0xc0207223
[   18.066355] firmadyne: sys_socket[PID: 106 (klogd)]: family:1, type:2, protocol:0
A200396E0402FF83@1@14.4G@U@1@USB_Storage;U:;0;0@"
sem_get: Key: 4111025e
sem_get[   18.073508] firmadyne: sys_socket[PID: 106 (klogd)]: family:1, type:1, protocol:0
[   18.074856] firmadyne: sys_socket[PID: 106 (klogd)]: family:1, type:2, protocol:0
[   18.077984] firmadyne: ioctl: 0xc0207223
