[    0.000000] Linux version 4.1.17+ (alessio@pc) (gcc version 5.5.0 20171010 (Ubuntu 5.5.0-12ubuntu1) ) #1 Mon May 15 23:04:08 CEST 2023
[    0.000000] earlycon: Early serial console at I/O port 0x3f8 (options '38400n8')
[    0.000000] bootconsole [uart0] enabled
[    0.000000] CPU0 revision is: 00019300 (MIPS 24Kc)
[    0.000000] FPU revision is: 00739300
[    0.000000] Software DMA cache coherency enabled
[    0.000000] Determined physical RAM map:
[    0.000000]  memory: 00001000 @ 00000000 (reserved)
[    0.000000]  memory: 000ef000 @ 00001000 (ROM data)
[    0.000000]  memory: 00798000 @ 000f0000 (reserved)
[    0.000000]  memory: 0f777000 @ 00888000 (usable)
[    0.000000] debug: ignoring loglevel setting.
[    0.000000] Wasting 69888 bytes for tracking 2184 unused pages
[    0.000000] Initrd not found or empty - disabling initrd
[    0.000000] Zone ranges:
[    0.000000]   DMA      [mem 0x0000000000000000-0x0000000000ffffff]
[    0.000000]   Normal   [mem 0x0000000001000000-0x000000000fffefff]
[    0.000000] Movable zone start for each node
[    0.000000] Early memory node ranges
[    0.000000]   node   0: [mem 0x0000000000000000-0x000000000fffefff]
[    0.000000] Initmem setup node 0 [mem 0x0000000000000000-0x000000000fffefff]
[    0.000000] On node 0 totalpages: 65535
[    0.000000] free_area_init_node: node 0, pgdat 8081d5b0, node_mem_map 81000000
[    0.000000]   DMA zone: 32 pages used for memmap
[    0.000000]   DMA zone: 0 pages reserved
[    0.000000]   DMA zone: 4096 pages, LIFO batch:0
[    0.000000]   Normal zone: 480 pages used for memmap
[    0.000000]   Normal zone: 61439 pages, LIFO batch:15
[    0.000000] Primary instruction cache 2kB, VIPT, 2-way, linesize 16 bytes.
[    0.000000] Primary data cache 2kB, 2-way, VIPT, no aliases, linesize 16 bytes
[    0.000000] pcpu-alloc: s0 r0 d32768 u32768 alloc=1*32768
[    0.000000] pcpu-alloc: [0] 0 
[    0.000000] Built 1 zonelists in Zone order, mobility grouping on.  Total pages: 65023
[    0.000000] Kernel command line: root=/dev/sda1 console=ttyS0 nandsim.parts=64,64,64,64,64,64,64,64,64,64 rdinit=/firmadyne/preInit.sh rw debug ignore_loglevel print-fatal-signals=1 FIRMAE_NET=true FIRMAE_NVRAM=true FIRMAE_KERNEL=true FIRMAE_ETC=true user_debug=0 firmadyne.syscall=1 noka
[    0.000000] found FIRMAE_KERNEL=t
[    0.000000] set the LD_PRELOAD=/firmadyne/libnvram_ioctl.so
[    0.000000] PID hash table entries: 1024 (order: 0, 4096 bytes)
[    0.000000] Dentry cache hash table entries: 32768 (order: 5, 131072 bytes)
[    0.000000] Inode-cache hash table entries: 16384 (order: 4, 65536 bytes)
[    0.000000] Writing ErrCtl register=00000000
[    0.000000] Readback ErrCtl register=00000000
[    0.000000] Memory: 251112K/262140K available (5360K kernel code, 244K rwdata, 1676K rodata, 260K init, 158K bss, 11028K reserved, 0K cma-reserved)
[    0.000000] NR_IRQS:256
[    0.000000] CPU frequency 200.00 MHz
[    0.000000] clocksource MIPS: mask: 0xffffffff max_cycles: 0xffffffff, max_idle_ns: 19112541771 ns
[    0.000168] sched_clock: 32 bits at 100MHz, resolution 9ns, wraps every 21474765819ns
[    0.011436] Console: colour dummy device 80x25
[    0.012491] Calibrating delay loop... 34.49 BogoMIPS (lpj=68992)
[    0.065449] pid_max: default: 32768 minimum: 301
[    0.068955] Mount-cache hash table entries: 1024 (order: 0, 4096 bytes)
[    0.069447] Mountpoint-cache hash table entries: 1024 (order: 0, 4096 bytes)
[    0.121723] clocksource jiffies: mask: 0xffffffff max_cycles: 0xffffffff, max_idle_ns: 7645041785100000 ns
[    0.130665] NET: Registered protocol family 16
[    0.352203] clocksource pit: mask: 0xffffffff max_cycles: 0xffffffff, max_idle_ns: 1601818034827 ns
[    0.474455] vgaarb: loaded
[    0.479089] SCSI subsystem initialized
[    0.481012] libata version 3.00 loaded.
[    0.484687] usbcore: registered new interface driver usbfs
[    0.485825] usbcore: registered new interface driver hub
[    0.486829] usbcore: registered new device driver usb
[    0.488943] pps_core: LinuxPPS API ver. 1 registered
[    0.489258] pps_core: Software ver. 5.3.6 - Copyright 2005-2007 Rodolfo Giometti <giometti@linux.it>
[    0.490025] PTP clock support registered
[    0.493877] PCI host bridge to bus 0000:00
[    0.494507] pci_bus 0000:00: root bus resource [mem 0x10000000-0x17ffffff]
[    0.495099] pci_bus 0000:00: root bus resource [io  0x1000-0x1fffff]
[    0.495586] pci_bus 0000:00: root bus resource [??? 0x00000000 flags 0x0]
[    0.496056] pci_bus 0000:00: No busn resource found for root bus, will use [bus 00-ff]
[    0.497126] pci 0000:00:00.0: [11ab:4620] type 00 class 0x060000
[    0.497876] pci 0000:00:00.0: [Firmware Bug]: reg 0x14: invalid BAR (can't size)
[    0.498345] pci 0000:00:00.0: [Firmware Bug]: reg 0x18: invalid BAR (can't size)
[    0.498927] pci 0000:00:00.0: [Firmware Bug]: reg 0x1c: invalid BAR (can't size)
[    0.499412] pci 0000:00:00.0: [Firmware Bug]: reg 0x20: invalid BAR (can't size)
[    0.499902] pci 0000:00:00.0: [Firmware Bug]: reg 0x24: invalid BAR (can't size)
[    0.503154] pci 0000:00:0a.0: [8086:7110] type 00 class 0x060100
[    0.505907] pci 0000:00:0a.1: [8086:7111] type 00 class 0x010180
[    0.506537] pci 0000:00:0a.1: reg 0x20: [io  0x0000-0x000f]
[    0.507122] pci 0000:00:0a.1: legacy IDE quirk: reg 0x10: [io  0x01f0-0x01f7]
[    0.507583] pci 0000:00:0a.1: legacy IDE quirk: reg 0x14: [io  0x03f6]
[    0.508031] pci 0000:00:0a.1: legacy IDE quirk: reg 0x18: [io  0x0170-0x0177]
[    0.508485] pci 0000:00:0a.1: legacy IDE quirk: reg 0x1c: [io  0x0376]
[    0.511078] pci 0000:00:0a.2: [8086:7112] type 00 class 0x0c0300
[    0.511751] pci 0000:00:0a.2: reg 0x20: [io  0x0000-0x001f]
[    0.514290] pci 0000:00:0a.3: [8086:7113] type 00 class 0x068000
[    0.515298] pci 0000:00:0a.3: quirk: [io  0x1000-0x103f] claimed by PIIX4 ACPI
[    0.515912] pci 0000:00:0a.3: quirk: [io  0x1100-0x110f] claimed by PIIX4 SMB
[    0.518479] pci 0000:00:12.0: [1013:00b8] type 00 class 0x030000
[    0.518979] pci 0000:00:12.0: reg 0x10: [mem 0x00000000-0x01ffffff pref]
[    0.519464] pci 0000:00:12.0: reg 0x14: [mem 0x00000000-0x00000fff]
[    0.520086] pci 0000:00:12.0: reg 0x30: [mem 0x00000000-0x0000ffff pref]
[    0.522187] vgaarb: device added: PCI:0000:00:12.0,decodes=io+mem,owns=none,locks=none
[    0.523163] pci 0000:00:13.0: [8086:100e] type 00 class 0x020000
[    0.523762] pci 0000:00:13.0: reg 0x10: [mem 0x00000000-0x0001ffff]
[    0.524210] pci 0000:00:13.0: reg 0x14: [io  0x0000-0x003f]
[    0.524720] pci 0000:00:13.0: reg 0x30: [mem 0x00000000-0x0003ffff pref]
[    0.527192] pci 0000:00:14.0: [8086:100e] type 00 class 0x020000
[    0.527691] pci 0000:00:14.0: reg 0x10: [mem 0x00000000-0x0001ffff]
[    0.528240] pci 0000:00:14.0: reg 0x14: [io  0x0000-0x003f]
[    0.528738] pci 0000:00:14.0: reg 0x30: [mem 0x00000000-0x0003ffff pref]
[    0.531288] pci 0000:00:15.0: [8086:100e] type 00 class 0x020000
[    0.531771] pci 0000:00:15.0: reg 0x10: [mem 0x00000000-0x0001ffff]
[    0.532328] pci 0000:00:15.0: reg 0x14: [io  0x0000-0x003f]
[    0.532827] pci 0000:00:15.0: reg 0x30: [mem 0x00000000-0x0003ffff pref]
[    0.535257] pci 0000:00:16.0: [8086:100e] type 00 class 0x020000
[    0.535740] pci 0000:00:16.0: reg 0x10: [mem 0x00000000-0x0001ffff]
[    0.536326] pci 0000:00:16.0: reg 0x14: [io  0x0000-0x003f]
[    0.536838] pci 0000:00:16.0: reg 0x30: [mem 0x00000000-0x0003ffff pref]
[    0.539486] pci_bus 0000:00: busn_res: [bus 00-ff] end is updated to 00
[    0.540871] pci 0000:00:12.0: BAR 0: assigned [mem 0x10000000-0x11ffffff pref]
[    0.541497] pci 0000:00:13.0: BAR 6: assigned [mem 0x12000000-0x1203ffff pref]
[    0.542035] pci 0000:00:14.0: BAR 6: assigned [mem 0x12040000-0x1207ffff pref]
[    0.542540] pci 0000:00:15.0: BAR 6: assigned [mem 0x12080000-0x120bffff pref]
[    0.543072] pci 0000:00:16.0: BAR 6: assigned [mem 0x120c0000-0x120fffff pref]
[    0.543597] pci 0000:00:13.0: BAR 0: assigned [mem 0x12100000-0x1211ffff]
[    0.544111] pci 0000:00:14.0: BAR 0: assigned [mem 0x12120000-0x1213ffff]
[    0.544766] pci 0000:00:15.0: BAR 0: assigned [mem 0x12140000-0x1215ffff]
[    0.545277] pci 0000:00:16.0: BAR 0: assigned [mem 0x12160000-0x1217ffff]
[    0.545802] pci 0000:00:12.0: BAR 6: assigned [mem 0x12180000-0x1218ffff pref]
[    0.546313] pci 0000:00:12.0: BAR 1: assigned [mem 0x12190000-0x12190fff]
[    0.546814] pci 0000:00:13.0: BAR 1: assigned [io  0x1040-0x107f]
[    0.547261] pci 0000:00:14.0: BAR 1: assigned [io  0x1080-0x10bf]
[    0.547726] pci 0000:00:15.0: BAR 1: assigned [io  0x10c0-0x10ff]
[    0.548189] pci 0000:00:16.0: BAR 1: assigned [io  0x1400-0x143f]
[    0.548664] pci 0000:00:0a.2: BAR 4: assigned [io  0x1440-0x145f]
[    0.549225] pci 0000:00:0a.1: BAR 4: assigned [io  0x1460-0x146f]
[    0.563500] cfg80211: Calling CRDA to update world regulatory domain
[    0.574600] Switched to clocksource MIPS
[    0.668194] NET: Registered protocol family 2
[    0.679184] TCP established hash table entries: 2048 (order: 1, 8192 bytes)
[    0.680098] TCP bind hash table entries: 2048 (order: 1, 8192 bytes)
[    0.680970] TCP: Hash tables configured (established 2048 bind 2048)
[    0.681912] UDP hash table entries: 256 (order: 0, 4096 bytes)
[    0.682491] UDP-Lite hash table entries: 256 (order: 0, 4096 bytes)
[    0.685766] NET: Registered protocol family 1
[    0.687234] PCI: Enabling device 0000:00:0a.2 (0000 -> 0001)
[    0.688428] PCI: CLS 0 bytes, default 16
[    0.714913] futex hash table entries: 256 (order: -1, 3072 bytes)
[    0.728449] squashfs: version 4.0 (2009/01/31) Phillip Lougher
[    0.730441] jffs2: version 2.2. (NAND) Â© 2001-2006 Red Hat, Inc.
[    0.733273] romfs: ROMFS MTD (C) 2007 Red Hat, Inc.
[    0.754006] Block layer SCSI generic (bsg) driver version 0.4 loaded (major 251)
[    0.754720] io scheduler noop registered
[    0.755298] io scheduler cfq registered (default)
[    0.756098] firmadyne: devfs: 1, execute: 1, procfs: 1, syscall: 1
[    0.760838] firmadyne: Cannot register character device: gpio, 0xfc, 0x0!
[    0.767999] firmadyne: Cannot register character device: watchdog, 0xa, 0x82!
[    0.768419] firmadyne: Cannot register character device: wdt, 0xfd, 0x0!
[    2.183838] strName = 4.1.17+
[    2.183838] init_task_addr  = 2155778944
[    2.183838] init_task_size  = 1296
[    2.183838] ts_tasks        = 292
[    2.183838] ts_pid          = 408
[    2.183838] ts_tgid         = 412
[    2.183838] ts_group_leader = 440
[    2.183838] ts_thread_group = 496
[    2.183838] ts_real_parent  = 416
[    2.183838] ts_mm           = 300
[    2.183838] ts_stack        = 4
[    2.185779] module_name   = 12
[    2.185779] module_size   = 208
[    2.185779] module_init   = 200
[    2.185779] module_list   = 4
[    2.186596] ts_real_cred    = 624
[    2.186596] ts_cred         = 628
[    2.186596] ts_comm         = 632
[    2.186596] cred_uid        = 4
[    2.186596] cred_gid        = 8
[    2.186596] cred_euid       = 20
[    2.186596] cred_egid       = 24
[    2.187979] mm_mmap         = 0
[    2.187979] mm_pgd          = 32
[    2.187979] mm_arg_start    = 136
[    2.187979] mm_start_brk    = 124
[    2.187979] mm_brk          = 128
[    2.187979] mm_start_stack  = 132
[    2.189073] vma_vm_start    = 0
[    2.189073] vma_vm_end      = 4
[    2.189073] vma_vm_next     = 8
[    2.189073] vma_vm_file     = 80
[    2.189073] vma_vm_flags    = 40
[    2.189073] vma_vm_pgoff    = 76
[    2.190161] file_dentry     = 12
[    2.190161] file_inode      = 40
[    2.190161] dentry_d_name   = 24
[    2.190161] dentry_d_iname  = 44
[    2.190161] dentry_d_parent = 16
[    2.190161] ti_task         = 0
[    2.190161] inode_ino   = 28
[    3.064837] proc_fork_connector  = 2151078840
[    3.065140] proc_exit_connector  = 2151080432
[    3.065401] proc_exec_connector  = 2151079052
[    3.065662] vma_link  = 2149124372
[    3.065895] vma_adjust  = 2149124540
[    3.066134] remove_vma  = 2149122188
[    3.066371] modules  = 2155833724
[    3.066730] trim_init_extable  = 2150545316
[    3.069789] PCI: Enabling device 0000:00:12.0 (0000 -> 0002)
[    3.071020] cirrusfb 0000:00:12.0: Cirrus Logic chipset on PCI bus, RAM (4096 kB) at 0x10000000
[    3.300671] Console: switching to colour frame buffer device 80x30
[    3.357829] Serial: 8250/16550 driver, 4 ports, IRQ sharing enabled
[    3.370843] console [ttyS0] disabled
[    3.397136] serial8250.0: ttyS0 at I/O 0x3f8 (irq = 4, base_baud = 115200) is a 16550A
[    3.398213] console [ttyS0] enabled
[    3.398213] console [ttyS0] enabled
[    3.398883] bootconsole [uart0] disabled
[    3.398883] bootconsole [uart0] disabled
[    3.428288] serial8250.0: ttyS1 at I/O 0x2f8 (irq = 3, base_baud = 115200) is a 16550A
[    3.543621] brd: module loaded
[    3.600085] loop: module loaded
[    3.605739] ata_piix 0000:00:0a.1: version 2.13
[    3.606262] PCI: Enabling device 0000:00:0a.1 (0000 -> 0001)
[    3.628338] scsi host0: ata_piix
[    3.633201] scsi host1: ata_piix
[    3.636541] ata1: PATA max UDMA/33 cmd 0x1f0 ctl 0x3f6 bmdma 0x1460 irq 14
[    3.637040] ata2: PATA max UDMA/33 cmd 0x170 ctl 0x376 bmdma 0x1468 irq 15
[    3.642921] [nandsim] warning: read_byte: unexpected data output cycle, state is STATE_READY return 0x0
[    3.643482] [nandsim] warning: read_byte: unexpected data output cycle, state is STATE_READY return 0x0
[    3.644030] [nandsim] warning: read_byte: unexpected data output cycle, state is STATE_READY return 0x0
[    3.644582] [nandsim] warning: read_byte: unexpected data output cycle, state is STATE_READY return 0x0
[    3.645134] [nandsim] warning: read_byte: unexpected data output cycle, state is STATE_READY return 0x0
[    3.645682] [nandsim] warning: read_byte: unexpected data output cycle, state is STATE_READY return 0x0
[    3.646373] nand: device found, Manufacturer ID: 0x98, Chip ID: 0x39
[    3.646947] nand: Toshiba NAND 128MiB 1,8V 8-bit
[    3.647324] nand: 128 MiB, SLC, erase size: 16 KiB, page size: 512, OOB size: 16
[    3.648978] flash size: 128 MiB
[    3.649221] page size: 512 bytes
[    3.649459] OOB area size: 16 bytes
[    3.649716] sector size: 16 KiB
[    3.649947] pages number: 262144
[    3.650183] pages per sector: 32
[    3.650414] bus width: 8
[    3.650753] bits in sector size: 14
[    3.651003] bits in page size: 9
[    3.651241] bits in OOB size: 4
[    3.651478] flash size with OOB: 135168 KiB
[    3.651757] page address bytes: 4
[    3.651997] sector address bytes: 3
[    3.652242] options: 0x42
[    3.724113] Scanning device for bad blocks
[    4.720536] cfg80211: Calling CRDA to update world regulatory domain
[    4.725163] ata2.01: NODEV after polling detection
[    4.725839] ata1.01: NODEV after polling detection
[    4.728234] ata2.00: ATAPI: QEMU DVD-ROM, 2.5+, max UDMA/100
[    4.730158] ata1.00: ATA-7: QEMU HARDDISK, 2.5+, max UDMA/100
[    4.730976] ata1.00: 2097152 sectors, multi 16: LBA48 
[    4.736294] ata2.00: configured for UDMA/33
[    4.738101] ata1.00: configured for UDMA/33
[    4.745832] scsi 0:0:0:0: Direct-Access     ATA      QEMU HARDDISK    2.5+ PQ: 0 ANSI: 5
[    4.760082] sd 0:0:0:0: [sda] 2097152 512-byte logical blocks: (1.07 GB/1.00 GiB)
[    4.761507] scsi 1:0:0:0: CD-ROM            QEMU     QEMU DVD-ROM     2.5+ PQ: 0 ANSI: 5
[    4.772892] sd 0:0:0:0: [sda] Write Protect is off
[    4.773367] sd 0:0:0:0: [sda] Mode Sense: 00 3a 00 00
[    4.774831] sd 0:0:0:0: [sda] Write cache: enabled, read cache: enabled, doesn't support DPO or FUA
[    4.785127] Creating 11 MTD partitions on "NAND 128MiB 1,8V 8-bit":
[    4.785744] 0x000000000000-0x000000100000 : "NAND simulator partition 0"
[    4.795507] 0x000000100000-0x000000200000 : "NAND simulator partition 1"
[    4.804775] 0x000000200000-0x000000300000 : "NAND simulator partition 2"
[    4.814051] 0x000000300000-0x000000400000 : "NAND simulator partition 3"
[    4.823560] 0x000000400000-0x000000500000 : "NAND simulator partition 4"
[    4.832943] 0x000000500000-0x000000600000 : "NAND simulator partition 5"
[    4.842901] 0x000000600000-0x000000700000 : "NAND simulator partition 6"
[    4.877993] 0x000000700000-0x000000800000 : "NAND simulator partition 7"
[    4.887752] 0x000000800000-0x000000900000 : "NAND simulator partition 8"
[    4.896923] 0x000000900000-0x000000a00000 : "NAND simulator partition 9"
[    4.906018] 0x000000a00000-0x000008000000 : "NAND simulator partition 10"
[    4.946040] tun: Universal TUN/TAP device driver, 1.6
[    4.946377] tun: (C) 1999-2004 Max Krasnyansky <maxk@qualcomm.com>
[    4.949743] pcnet32: pcnet32.c:v1.35 21.Apr.2008 tsbogend@alpha.franken.de
[    4.951093] e1000: Intel(R) PRO/1000 Network Driver - version 7.3.21-k8-NAPI
[    4.951500] e1000: Copyright (c) 1999-2006 Intel Corporation.
[    4.952371] PCI: Enabling device 0000:00:13.0 (0000 -> 0003)
[    4.954658]  sda: sda1
[    4.967019] sd 0:0:0:0: [sda] Attached SCSI disk
[    5.239687] e1000 0000:00:13.0 eth0: (PCI:33MHz:32-bit) 52:54:00:12:34:56
[    5.240333] e1000 0000:00:13.0 eth0: Intel(R) PRO/1000 Network Connection
[    5.240939] PCI: Enabling device 0000:00:14.0 (0000 -> 0003)
[    5.536840] e1000 0000:00:14.0 eth1: (PCI:33MHz:32-bit) 52:54:00:12:34:57
[    5.537327] e1000 0000:00:14.0 eth1: Intel(R) PRO/1000 Network Connection
[    5.537926] PCI: Enabling device 0000:00:15.0 (0000 -> 0003)
[    5.828084] e1000 0000:00:15.0 eth2: (PCI:33MHz:32-bit) 52:54:00:12:34:58
[    5.828574] e1000 0000:00:15.0 eth2: Intel(R) PRO/1000 Network Connection
[    5.829172] PCI: Enabling device 0000:00:16.0 (0000 -> 0003)
[    6.124902] e1000 0000:00:16.0 eth3: (PCI:33MHz:32-bit) 52:54:00:12:34:59
[    6.125375] e1000 0000:00:16.0 eth3: Intel(R) PRO/1000 Network Connection
[    6.126648] e1000e: Intel(R) PRO/1000 Network Driver - 2.3.2-k
[    6.126964] e1000e: Copyright(c) 1999 - 2014 Intel Corporation.
[    6.130768] PPP generic driver version 2.4.2
[    6.132646] PPP Deflate Compression module registered
[    6.133243] PPP MPPE Compression module registered
[    6.133606] NET: Registered protocol family 24
[    6.134302] ehci_hcd: USB 2.0 'Enhanced' Host Controller (EHCI) Driver
[    6.134863] ehci-pci: EHCI PCI platform driver
[    6.135868] ohci_hcd: USB 1.1 'Open' Host Controller (OHCI) Driver
[    6.136285] ohci-pci: OHCI PCI platform driver
[    6.137249] uhci_hcd: USB Universal Host Controller Interface driver
[    6.138853] uhci_hcd 0000:00:0a.2: UHCI Host Controller
[    6.139558] uhci_hcd 0000:00:0a.2: new USB bus registered, assigned bus number 1
[    6.140518] uhci_hcd 0000:00:0a.2: irq 11, io base 0x00001440
[    6.150697] hub 1-0:1.0: USB hub found
[    6.151427] hub 1-0:1.0: 2 ports detected
[    6.159858] usbcore: registered new interface driver usb-storage
[    6.163818] mousedev: PS/2 mouse device common for all mice
[    6.169808] rtc_cmos rtc_cmos: rtc core: registered rtc_cmos as rtc0
[    6.170553] rtc_cmos rtc_cmos: alarms up to one day, 242 bytes nvram
[    6.172022] i2c /dev entries driver
[    6.173143] piix4_smbus 0000:00:0a.3: SMBus Host Controller at 0x1100, revision 0
[    6.177469] sdhci: Secure Digital Host Controller Interface driver
[    6.177817] sdhci: Copyright(c) Pierre Ossman
[    6.180072] hidraw: raw HID events driver (C) Jiri Kosina
[    6.197280] usbcore: registered new interface driver usbhid
[    6.197624] usbhid: USB HID core driver
[    6.198725] Netfilter messages via NETLINK v0.30.
[    6.199992] nf_conntrack version 0.5.0 (3923 buckets, 15692 max)
[    6.203185] ctnetlink v0.93: registering with nfnetlink.
[    6.208355] ipip: IPv4 over IPv4 tunneling driver
[    6.220120] ip_tables: (C) 2000-2006 Netfilter Core Team
[    6.222947] arp_tables: (C) 2002 David S. Miller
[    6.224671] Initializing XFRM netlink socket
[    6.225760] NET: Registered protocol family 10
[    6.244132] ip6_tables: (C) 2000-2006 Netfilter Core Team
[    6.247727] sit: IPv6 over IPv4 tunneling driver
[    6.263962] NET: Registered protocol family 17
[    6.264844] bridge: automatic filtering via arp/ip/ip6tables has been deprecated. Update your scripts to load br_netfilter if you need this.
[    6.265847] Bridge firewalling registered
[    6.266229] Ebtables v2.0 registered
[    6.270369] 8021q: 802.1Q VLAN Support v1.8
[    6.292221] rtc_cmos rtc_cmos: setting system clock to 2025-07-23 11:30:46 UTC (1753270246)
[    6.313068] EXT2-fs (sda1): warning: mounting unchecked fs, running e2fsck is recommended
[    6.315317] VFS: Mounted root (ext2 filesystem) on device 8:1.
[    6.324334] Freeing YAMON memory: 956k freed
[    6.335026] Freeing unused kernel memory: 260K (8081f000 - 80860000)
[    6.449304] firmadyne: sys_reboot[PID: 48 (init)]: magic1:fee1dead, magic2:28121969, cmd:0

init started: BusyBox v1.13.4 (2012-03-09 11:38:45 CST)

starting pid 49, tty '/dev/console': '/usr/etc/rcS'
[    6.669375] firmadyne: do_execve: /firmadyne/console
[    6.669943] OFFSETS: offset of pid: 0x198 offset of comm: 0x278
[    7.864151] cfg80211: Calling CRDA to update world regulatory domain
[    8.151221] spurious 8259A interrupt: IRQ7.
insmod finish
[   10.361824] firmadyne: sys_socket[PID: 101 (brctl)]: family:2, type:2, protocol:0
[   10.378842] random: nonblocking pool is initialized
[   10.419368] firmadyne: sys_socket[PID: 102 (brctl)]: family:2, type:2, protocol:0
[   10.476015] firmadyne: sys_socket[PID: 103 (ifconfig)]: family:2, type:1, protocol:0
[   10.487040] IPv6: ADDRCONF(NETDEV_UP): eth0: link is not ready
[   10.487570] 8021q: adding VLAN 0 to HW filter on device eth0
[   10.491887] e1000: eth0 NIC Link is Up 1000 Mbps Full Duplex, Flow Control: RX
[   10.493709] IPv6: ADDRCONF(NETDEV_CHANGE): eth0: link becomes ready
[   10.558098] firmadyne: sys_socket[PID: 104 (ifconfig)]: family:2, type:1, protocol:0
[   10.567254] IPv6: ADDRCONF(NETDEV_UP): eth1: link is not ready
[   10.567802] 8021q: adding VLAN 0 to HW filter on device eth1
[   10.571731] e1000: eth1 NIC Link is Up 1000 Mbps Full Duplex, Flow Control: RX
[   10.572815] IPv6: ADDRCONF(NETDEV_CHANGE): eth1: link becomes ready
[   10.691836] firmadyne: sys_socket[PID: 106 (ifconfig)]: family:2, type:1, protocol:0
[   10.695915] firmadyne: __inet_insert_ifa[PID: 106 (ifconfig)]: device:lo ifa:0x7f000001
[   10.698967] firmadyne: __inet_insert_ifa[PID: 106 (ifconfig)]: device:lo ifa:0x7f000001
[   10.759088] firmadyne: sys_socket[PID: 107 (route)]: family:2, type:1, protocol:0
[   11.024903] cfg80211: Calling CRDA to update world regulatory domain
[   11.071500] firmadyne: sys_socket[PID: 109 (klogd)]: family:1, type:1, protocol:0
[   11.073505] firmadyne: sys_socket[PID: 109 (klogd)]: family:1, type:2, protocol:0
[   11.103033] firmadyne: sys_socket[PID: 109 (klogd)]: family:1, type:1, protocol:0
[   11.104240] firmadyne: sys_socket[PID: 109 (klogd)]: family:1, type:2, protocol:0
[   11.123107] firmadyne: sys_socket[PID: 109 (klogd)]: family:1, type:1, protocol:0
[   11.124309] firmadyne: sys_socket[PID: 109 (klogd)]: family:1, type:2, protocol:0
/usr/etc/rcS: line 144: can't create /proc/wan_unknowmac2cpu: nonexistent directory
[   11.143116] firmadyne: sys_socket[PID: 109 (klogd)]: family:1, type:1, protocol:0
[   11.144298] firmadyne: sys_socket[PID: 109 (klogd)]: family:1, type:2, protocol:0
[   11.163011] firmadyne: sys_socket[PID: 109 (klogd)]: family:1, type:1, protocol:0
[   11.164199] firmadyne: sys_socket[PID: 109 (klogd)]: family:1, type:2, protocol:0
[   11.183125] firmadyne: sys_socket[PID: 109 (klogd)]: family:1, type:1, protocol:0
[   11.184307] firmadyne: sys_socket[PID: 109 (klogd)]: family:1, type:2, protocol:0
[   11.203155] firmadyne: sys_socket[PID: 109 (klogd)]: family:1, type:1, protocol:0
[   11.204371] firmadyne: sys_socket[PID: 109 (klogd)]: family:1, type:2, protocol:0
[   11.223101] firmadyne: sys_socket[PID: 109 (klogd)]: family:1, type:1, protocol:0
[   11.224442] firmadyne: sys_socket[PID: 109 (klogd)]: family:1, type:2, protocol:0
[   11.242958] firmadyne: sys_socket[PID: 109 (klogd)]: family:1, type:1, protocol:0
[   11.244160] firmadyne: sys_socket[PID: 109 (klogd)]: family:1, type:2, protocol:0
[   11.262995] firmadyne: sys_socket[PID: 109 (klogd)]: family:1, type:1, protocol:0
[   11.264267] firmadyne: sys_socket[PID: 109 (klogd)]: family:1, type:2, protocol:0
[36m[rc debug]/usr/sbin/rc init [0m
[   11.283185] firmadyne: sys_socket[PID: 109 (klogd)]: family:1, type:1, protocol:0
[   11.284361] firmadyne: sys_socket[PID: 109 (klogd)]: family:1, type:2, protocol:0
[32m[SYSTEM]/sbin/ifconfig eth0 down[0m
[   11.303681] firmadyne: sys_socket[PID: 109 (klogd)]: family:1, type:1, protocol:0
[   11.304853] firmadyne: sys_socket[PID: 109 (klogd)]: family:1, type:2, protocol:0
[   11.327079] firmadyne: sys_socket[PID: 109 (klogd)]: family:1, type:1, protocol:0
[   11.328224] firmadyne: sys_socket[PID: 109 (klogd)]: family:1, type:2, protocol:0
[   11.346970] firmadyne: sys_socket[PID: 109 (klogd)]: family:1, type:1, protocol:0
[   11.348227] firmadyne: sys_socket[PID: 109 (klogd)]: family:1, type:2, protocol:0
[   11.367060] firmadyne: sys_socket[PID: 109 (klogd)]: family:1, type:1, protocol:0
[   11.368205] firmadyne: sys_socket[PID: 109 (klogd)]: family:1, type:2, protocol:0
[   11.386979] firmadyne: sys_socket[PID: 109 (klogd)]: family:1, type:1, protocol:0
[   11.388120] firmadyne: sys_socket[PID: 109 (klogd)]: family:1, type:2, protocol:0
[   11.406992] firmadyne: sys_socket[PID: 109 (klogd)]: family:1, type:1, protocol:0
[   11.408164] firmadyne: sys_socket[PID: 109 (klogd)]: family:1, type:2, protocol:0
[   11.423345] firmadyne: sys_socket[PID: 116 (ifconfig)]: family:2, type:1, protocol:0
[   11.426989] firmadyne: sys_socket[PID: 109 (klogd)]: family:1, type:1, protocol:0
[   11.428129] firmadyne: sys_socket[PID: 109 (klogd)]: family:1, type:2, protocol:0
[   11.447254] firmadyne: sys_socket[PID: 109 (klogd)]: family:1, type:1, protocol:0
[   11.448580] firmadyne: sys_socket[PID: 109 (klogd)]: family:1, type:2, protocol:0
[   11.488887] firmadyne: sys_socket[PID: 109 (klogd)]: family:1, type:1, protocol:0
[   11.490162] firmadyne: sys_socket[PID: 109 (klogd)]: family:1, type:2, protocol:0
[   11.507273] firmadyne: sys_socket[PID: 109 (klogd)]: family:1, type:1, protocol:0
[   11.508522] firmadyne: sys_socket[PID: 109 (klogd)]: family:1, type:2, protocol:0
[32m[SYSTEM]/sbin/ifconfig eth0 hw ether 00:c0:02:12:35:88 [0m
[   11.527157] firmadyne: sys_socket[PID: 109 (klogd)]: family:1, type:1, protocol:0
[   11.528297] firmadyne: sys_socket[PID: 109 (klogd)]: family:1, type:2, protocol:0
[   11.547024] firmadyne: sys_socket[PID: 109 (klogd)]: family:1, type:1, protocol:0
[   11.548191] firmadyne: sys_socket[PID: 109 (klogd)]: family:1, type:2, protocol:0
[   11.567003] firmadyne: sys_socket[PID: 109 (klogd)]: family:1, type:1, protocol:0
[   11.568157] firmadyne: sys_socket[PID: 109 (klogd)]: family:1, type:2, protocol:0
[   11.586924] firmadyne: sys_socket[PID: 109 (klogd)]: family:1, type:1, protocol:0
[   11.588080] firmadyne: sys_socket[PID: 109 (klogd)]: family:1, type:2, protocol:0
[   11.606971] firmadyne: sys_socket[PID: 109 (klogd)]: family:1, type:1, protocol:0
[   11.608110] firmadyne: sys_socket[PID: 109 (klogd)]: family:1, type:2, protocol:0
[   11.626969] firmadyne: sys_socket[PID: 109 (klogd)]: family:1, type:1, protocol:0
[   11.628115] firmadyne: sys_socket[PID: 109 (klogd)]: family:1, type:2, protocol:0
[   11.641834] firmadyne: sys_socket[PID: 118 (ifconfig)]: family:2, type:1, protocol:0
[   11.647703] firmadyne: sys_socket[PID: 109 (klogd)]: family:1, type:1, protocol:0
[   11.648845] firmadyne: sys_socket[PID: 109 (klogd)]: family:1, type:2, protocol:0
[32m[SYSTEM]/sbin/ifconfig eth0 up[0m
[   11.671426] firmadyne: sys_socket[PID: 109 (klogd)]: family:1, type:1, protocol:0
[   11.672622] firmadyne: sys_socket[PID: 109 (klogd)]: family:1, type:2, protocol:0
[   11.691062] firmadyne: sys_socket[PID: 109 (klogd)]: family:1, type:1, protocol:0
[   11.692249] firmadyne: sys_socket[PID: 109 (klogd)]: family:1, type:2, protocol:0
[   11.711032] firmadyne: sys_socket[PID: 109 (klogd)]: family:1, type:1, protocol:0
[   11.712224] firmadyne: sys_socket[PID: 109 (klogd)]: family:1, type:2, protocol:0
[   11.731044] firmadyne: sys_socket[PID: 109 (klogd)]: family:1, type:1, protocol:0
[   11.732198] firmadyne: sys_socket[PID: 109 (klogd)]: family:1, type:2, protocol:0
[   11.750967] firmadyne: sys_socket[PID: 109 (klogd)]: family:1, type:1, protocol:0
[   11.752121] firmadyne: sys_socket[PID: 109 (klogd)]: family:1, type:2, protocol:0
[   11.770997] firmadyne: sys_socket[PID: 109 (klogd)]: family:1, type:1, protocol:0
[   11.772178] firmadyne: sys_socket[PID: 109 (klogd)]: family:1, type:2, protocol:0
[   11.787469] firmadyne: sys_socket[PID: 120 (ifconfig)]: family:2, type:1, protocol:0
[   11.795861] IPv6: ADDRCONF(NETDEV_UP): eth0: link is not ready
[   11.796364] 8021q: adding VLAN 0 to HW filter on device eth0
[   11.799705] firmadyne: sys_socket[PID: 109 (klogd)]: family:1, type:1, protocol:0
[   11.800964] firmadyne: sys_socket[PID: 109 (klogd)]: family:1, type:2, protocol:0
[32m[SYSTEM]/bin/renice -20 2[0m
[   11.819050] firmadyne: sys_socket[PID: 109 (klogd)]: family:1, type:1, protocol:0
[   11.820169] firmadyne: sys_socket[PID: 109 (klogd)]: family:1, type:2, protocol:0
[   11.838981] firmadyne: sys_socket[PID: 109 (klogd)]: family:1, type:1, protocol:0
[   11.840125] firmadyne: sys_socket[PID: 109 (klogd)]: family:1, type:2, protocol:0
[   11.859001] firmadyne: sys_socket[PID: 109 (klogd)]: family:1, type:1, protocol:0
[   11.860197] firmadyne: sys_socket[PID: 109 (klogd)]: family:1, type:2, protocol:0
[   11.879092] firmadyne: sys_socket[PID: 109 (klogd)]: family:1, type:1, protocol:0
[   11.880236] firmadyne: sys_socket[PID: 109 (klogd)]: family:1, type:2, protocol:0
[   11.899181] firmadyne: sys_socket[PID: 109 (klogd)]: family:1, type:1, protocol:0
[   11.900329] firmadyne: sys_socket[PID: 109 (klogd)]: family:1, type:2, protocol:0
[   11.919066] firmadyne: sys_socket[PID: 109 (klogd)]: family:1, type:1, protocol:0
[   11.920267] firmadyne: sys_socket[PID: 109 (klogd)]: family:1, type:2, protocol:0
[   11.939270] firmadyne: sys_socket[PID: 109 (klogd)]: family:1, type:1, protocol:0
[   11.940494] firmadyne: sys_socket[PID: 109 (klogd)]: family:1, type:2, protocol:0
[   11.959303] firmadyne: sys_socket[PID: 109 (klogd)]: family:1, type:1, protocol:0
[   11.960655] firmadyne: sys_socket[PID: 109 (klogd)]: family:1, type:2, protocol:0
[32m[SYSTEM]/bin/renice -20 3[0m
[   11.979089] firmadyne: sys_socket[PID: 109 (klogd)]: family:1, type:1, protocol:0
[   11.980231] firmadyne: sys_socket[PID: 109 (klogd)]: family:1, type:2, protocol:0
[   11.999018] firmadyne: sys_socket[PID: 109 (klogd)]: family:1, type:1, protocol:0
[   12.000161] firmadyne: sys_socket[PID: 109 (klogd)]: family:1, type:2, protocol:0
[   12.019257] firmadyne: sys_socket[PID: 109 (klogd)]: family:1, type:1, protocol:0
[   12.020511] firmadyne: sys_socket[PID: 109 (klogd)]: family:1, type:2, protocol:0
[   12.038962] firmadyne: sys_socket[PID: 109 (klogd)]: family:1, type:1, protocol:0
[   12.040148] firmadyne: sys_socket[PID: 109 (klogd)]: family:1, type:2, protocol:0
[   12.059072] firmadyne: sys_socket[PID: 109 (klogd)]: family:1, type:1, protocol:0
[   12.060216] firmadyne: sys_socket[PID: 109 (klogd)]: family:1, type:2, protocol:0
[   12.078980] firmadyne: sys_socket[PID: 109 (klogd)]: family:1, type:1, protocol:0
[   12.080123] firmadyne: sys_socket[PID: 109 (klogd)]: family:1, type:2, protocol:0
[   12.099518] firmadyne: sys_socket[PID: 109 (klogd)]: family:1, type:1, protocol:0
[   12.100688] firmadyne: sys_socket[PID: 109 (klogd)]: family:1, type:2, protocol:0
nvram_init: Initializing NVRAM...
sem_get: Key: 4101c003
[   12.119938] firmadyne: sys_socket[PID: 109 (klogd)]: family:1, type:1, protocol:0
[   12.121143] firmadyne: sys_socket[PID: 109 (klogd)]: family:1, type:2, protocol:0
sem_get: Key: 410f01ae
nvram_set_default_builtin: Setting built-in default values!
nvram_set: console_loglevel = "7"
sem_get: Key: 410f01ae
sem_get: Key: 410f01ae
nvram_set: restore_defaults = "1"
sem_get: Key: 410f01ae
sem_get: Key: 410f01ae
nvram_set: sku_name = ""
[   12.143083] firmadyne: sys_socket[PID: 109 (klogd)]: family:1, type:1, protocol:0
[   12.144267] firmadyne: sys_socket[PID: 109 (klogd)]: family:1, type:2, protocol:0
sem_get: Key: 410f01ae
sem_get: Key: 410f01ae
nvram_set: wla_wlanstate = ""
sem_get: Key: 410f01ae
sem_get: Key: 410f01ae
nvram_set: lan_if = "br0"
sem_get: Key: 410f01ae
sem_get: Key: 410f01ae
nvram_set: lan_ipaddr = "192.168.0.50"
[   12.163373] firmadyne: sys_socket[PID: 109 (klogd)]: family:1, type:1, protocol:0
[   12.164608] firmadyne: sys_socket[PID: 109 (klogd)]: family:1, type:2, protocol:0
sem_get: Key: 410f01ae
sem_get: Key: 410f01ae
nvram_set: lan_bipaddr = "192.168.0.255"
sem_get: Key: 410f01ae
sem_get: Key: 410f01ae
nvram_set: lan_netmask = "255.255.255.0"
sem_get: Key: 410f01ae
sem_get: Key: 410f01ae
nvram_set: time_zone = "PST8PDT"
sem_get: Key: 410f01ae
[   12.186985] firmadyne: sys_socket[PID: 109 (klogd)]: family:1, type:1, protocol:0
[   12.188140] firmadyne: sys_socket[PID: 109 (klogd)]: family:1, type:2, protocol:0
sem_get: Key: 410f01ae
nvram_set: wan_hwaddr_def = "01:23:45:67:89:ab"
sem_get: Key: 410f01ae
sem_get: Key: 410f01ae
nvram_set: wan_ifname = "eth0"
sem_get: Key: 410f01ae
sem_get: Key: 410f01ae
nvram_set: lan_ifnames = "eth1 eth2 eth3 eth4"
sem_get: Key: 410f01ae[   12.207210] firmadyne: sys_socket[PID: 109 (klogd)]: family:1, type:1, protocol:0
[   12.208376] firmadyne: sys_socket[PID: 109 (klogd)]: family:1, type:2, protocol:0

sem_get: Key: 410f01ae
nvram_set: ethConver = "1"
sem_get: Key: 410f01ae
sem_get: Key: 410f01ae
nvram_set: lan_proto = "dhcp"
sem_get: Key: 410f01ae
sem_get: Key: 410f01ae
nvram_set: wan_ipaddr = "0.0.0.0"
[   12.227121] firmadyne: sys_socket[PID: 109 (klogd)]: family:1, type:1, protocol:0
[   12.228473] firmadyne: sys_socket[PID: 109 (klogd)]: family:1, type:2, protocol:0
sem_get: Key: 410f01ae
sem_get: Key: 410f01ae
nvram_set: wan_netmask = "255.255.255.0"
sem_get: Key: 410f01ae
sem_get: Key: 410f01ae
nvram_set: wanif = "eth0"
sem_get: Key: 410f01ae
sem_get: Key: 410f01ae
nvram_set[   12.247064] firmadyne: sys_socket[PID: 109 (klogd)]: family:1, type:1, protocol:0
[   12.248224] firmadyne: sys_socket[PID: 109 (klogd)]: family:1, type:2, protocol:0
: time_zone_x = "0"
sem_get: Key: 410f01ae
sem_get: Key: 410f01ae
nvram_set: rip_multicast = "0"
sem_get: Key: 410f01ae
sem_get: Key: 410f01ae
nvram_set: bs_trustedip_enable = "0"
sem_get: Key: 410f01ae
[   12.267237] firmadyne: sys_socket[PID: 109 (klogd)]: family:1, type:1, protocol:0
[   12.268461] firmadyne: sys_socket[PID: 109 (klogd)]: family:1, type:2, protocol:0
sem_get: Key: 410f01ae
nvram_set: et0macaddr = "01:23:45:67:89:ab"
sem_get: Key: 410f01ae
sem_get: Key: 410f01ae
nvram_set: filter_rule_tbl = ""
sem_get: Key: 410f01ae
sem_get: Key: 410f01ae
nvram_set: pppoe2_schedule_config = "127:0:0:23:59[   12.287299] firmadyne: sys_socket[PID: 109 (klogd)]: family:1, type:1, protocol:0
[   12.288476] firmadyne: sys_socket[PID: 109 (klogd)]: family:1, type:2, protocol:0
"
sem_get: Key: 410f01ae
sem_get: Key: 410f01ae
nvram_set: schedule_config = "127:0:0:23:59"
sem_get: Key: 410f01ae
sem_get: Key: 410f01ae
nvram_set: access_control_mode = "0"
sem_get: Key: 410f01ae
sem_get: Key: 410f01ae
nvram_set[   12.307286] firmadyne: sys_socket[PID: 109 (klogd)]: family:1, type:1, protocol:0
[   12.308498] firmadyne: sys_socket[PID: 109 (klogd)]: family:1, type:2, protocol:0
: fwpt_df_count = "0"
sem_get: Key: 410f01ae
sem_get: Key: 410f01ae
nvram_set: static_if_status = "1"
sem_get: Key: 410f01ae
sem_get: Key: 410f01ae
nvram_set: www_relocation = ""
sem_get: Key: 410f01ae
sem_get: Key: 410f01ae
[   12.327182] firmadyne: sys_socket[PID: 109 (klogd)]: family:1, type:1, protocol:0
[   12.328393] firmadyne: sys_socket[PID: 109 (klogd)]: family:1, type:2, protocol:0
nvram_set: usb_info_dev0 = "A200396E0402FF83@1@14.4G@U@1@USB_Storage;U:;0;0@"
sem_get: Key: 410f01ae
sem_get: Key: 410f01ae
nvram_set: usb_info_dev1 = "A200396E0402FF83@1@14.4G@U@1@USB_Storage;U:;0;0@"
sem_get: Key: 410f01ae
sem_get: Key: 410f01ae
nvram_set: usb_info_dev2 = "A200396E0402FF83@1@14.4G@U@1@USB_Storage;U:;0;0@"
sem_get: Key: 410f01ae[   12.347208] firmadyne: sys_socket[PID: 109 (klogd)]: family:1, type:1, protocol:0
[   12.348430] firmadyne: sys_socket[PID: 109 (klogd)]: family:1, type:2, protocol:0

sem_get: Key: 410f01ae
nvram_set: usb_info_dev3 = "A200396E0402FF83@1@14.4G@U@1@USB_Storage;U:;0;0@"
sem_get: Key: 410f01ae
sem_get: Key: 410f01ae
nvram_set: usb_info_dev4 = "A200396E0402FF83@1@14.4G@U@1@USB_Storage;U:;0;0@"
sem_get: Key: 410f01ae
sem_get: Key: 410f01ae
nvram_set: usb_info_dev5[   12.367270] firmadyne: sys_socket[PID: 109 (klogd)]: family:1, type:1, protocol:0
[   12.368489] firmadyne: sys_socket[PID: 109 (klogd)]: family:1, type:2, protocol:0
 = "A200396E0402FF83@1@14.4G@U@1@USB_Storage;U:;0;0@"
sem_get: Key: 410f01ae
sem_get: Key: 410f01ae
nvram_set: usb_info_dev6 = "A200396E0402FF83@1@14.4G@U@1@USB_Storage;U:;0;0@"
sem_get: Key: 410f01ae
sem_get: Key: 410f01ae
nvram_set: usb_info_dev7 = "A200396E0402FF83@1@14.4G@U@1@USB_Storage;U:;0;0@"
sem_get: Key: 410f01ae
sem_get[   12.387081] firmadyne: sys_socket[PID: 109 (klogd)]: family:1, type:1, protocol:0
[   12.388277] firmadyne: sys_socket[PID: 109 (klogd)]: family:1, type:2, protocol:0
: Key: 410f01ae
nvram_set: usb_info_dev8 = "A200396E0402FF83@1@14.4G@U@1@USB_Storage;U:;0;0@"
sem_get: Key: 410f01ae
sem_get: Key: 410f01ae
nvram_set: usb_info_dev9 = "A200396E0402FF83@1@14.4G@U@1@USB_Storage;U:;0;0@"
sem_get: Key: 410f01ae
sem_get: Key: 410f01ae
nvram_set: usb_info_dev10 = "A200396E0402FF83@1@14.4G@U@1@USB_Storage;U:;0;0@"
sem_get[   12.407218] firmadyne: sys_socket[PID: 109 (klogd)]: family:1, type:1, protocol:0
[   12.408433] firmadyne: sys_socket[PID: 109 (klogd)]: family:1, type:2, protocol:0
: Key: 410f01ae
sem_get: Key: 410f01ae
nvram_set: usb_info_dev11 = "A200396E0402FF83@1@14.4G@U@1@USB_Storage;U:;0;0@"
sem_get: Key: 410f01ae
sem_get: Key: 410f01ae
nvram_set: usb_info_dev12 = "A200396E0402FF83@1@14.4G@U@1@USB_Storage;U:;0;0@"
sem_get: Key: 410f01ae
sem_get: Key: 410f01ae
nvram_set[   12.427228] firmadyne: sys_socket[PID: 109 (klogd)]: family:1, type:1, protocol:0
[   12.428425] firmadyne: sys_socket[PID: 109 (klogd)]: family:1, type:2, protocol:0
: usb_info_dev13 = "A200396E0402FF83@1@14.4G@U@1@USB_Storage;U:;0;0@"
sem_get: Key: 410f01ae
sem_get: Key: 410f01ae
nvram_set: usb_info_dev14 = "A200396E0402FF83@1@14.4G@U@1@USB_Storage;U:;0;0@"
sem_get: Key: 410f01ae
sem_get: Key: 410f01ae
nvram_set: usb_info_dev15 = "A200396E0402FF83@1@14.4G@U@1@USB_Storage;U:;0;0@"
sem_get: Key: 410f01ae
[   12.447000] firmadyne: sys_socket[PID: 109 (klogd)]: family:1, type:1, protocol:0
[   12.448225] firmadyne: sys_socket[PID: 109 (klogd)]: family:1, type:2, protocol:0
sem_get: Key: 410f01ae
nvram_set: usb_info_dev16 = "A200396E0402FF83@1@14.4G@U@1@USB_Storage;U:;0;0@"
sem_get: Key: 410f01ae
sem_get: Key: 410f01ae
nvram_set: usb_info_dev17 = "A200396E0402FF83@1@14.4G@U@1@USB_Storage;U:;0;0@"
sem_get: Key: 410f01ae
sem_get: Key: 410f01ae
nvram_set: usb_info_dev18 = "A200396E0402FF83@1@14.4G@U@1@USB_Storage;U:;0;0@[   12.467175] firmadyne: sys_socket[PID: 109 (klogd)]: family:1, type:1, protocol:0
[   12.468353] firmadyne: sys_socket[PID: 109 (klogd)]: family:1, type:2, protocol:0
"
sem_get: Key: 410f01ae
sem_get: Key: 410f01ae
nvram_set: usb_info_dev19 = "A200396E0402FF83@1@14.4G@U@1@USB_Storage;U:;0;0@"
sem_get: Key: 410f01ae
sem_get: Key: 410f01ae
nvram_set: usb_info_dev20 = "A200396E0402FF83@1@14.4G@U@1@USB_Storage;U:;0;0@"
sem_get: Key: 410f01ae
[   12.487052] firmadyne: sys_socket[PID: 109 (klogd)]: family:1, type:1, protocol:0
[   12.488205] firmadyne: sys_socket[PID: 109 (klogd)]: family:1, type:2, protocol:0
sem_get: Key: 410f01ae
nvram_set: usb_info_dev21 = "A200396E0402FF83@1@14.4G@U@1@USB_Storage;U:;0;0@"
sem_get: Key: 410f01ae
sem_get: Key: 410f01ae
nvram_set: usb_info_dev22 = "A200396E0402FF83@1@14.4G@U@1@USB_Storage;U:;0;0@"
sem_get: Key: 410f01ae
sem_get: Key: 410f01ae
nvram_set: usb_info_dev23 = "A200396E0402FF83@1@14.4G@U@1@USB_Storage;U:;0;0@"
[   12.507219] firmadyne: sys_socket[PID: 109 (klogd)]: family:1, type:1, protocol:0
[   12.508437] firmadyne: sys_socket[PID: 109 (klogd)]: family:1, type:2, protocol:0
sem_get: Key: 410f01ae
sem_get: Key: 410f01ae
nvram_set: usb_info_dev24 = "A200396E0402FF83@1@14.4G@U@1@USB_Storage;U:;0;0@"
sem_get: Key: 410f01ae
sem_get: Key: 410f01ae
nvram_set: usb_info_dev25 = "A200396E0402FF83@1@14.4G@U@1@USB_Storage;U:;0;0@"
sem_get: Key: 410f01ae
sem_get: Key: 410f01ae
[   12.527004] firmadyne: sys_socket[PID: 109 (klogd)]: family:1, type:1, protocol:0
[   12.528185] firmadyne: sys_socket[PID: 109 (klogd)]: family:1, type:2, protocol:0
nvram_set: usb_info_dev26 = "A200396E0402FF83@1@14.4G@U@1@USB_Storage;U:;0;0@"
sem_get: Key: 410f01ae
sem_get: Key: 410f01ae
nvram_set: usb_info_dev27 = "A200396E0402FF83@1@14.4G@U@1@USB_Storage;U:;0;0@"
sem_get: Key: 410f01ae
sem_get: Key: 410f01ae
nvram_set: usb_info_dev28 = "A200396E0402FF83@1@14.4G@U@1@USB_Storage;U:;0;0@"
sem_get: Key: 410f01ae
[   12.547005] firmadyne: sys_socket[PID: 109 (klogd)]: family:1, type:1, protocol:0
[   12.548214] firmadyne: sys_socket[PID: 109 (klogd)]: family:1, type:2, protocol:0
sem_get: Key: 410f01ae
nvram_set: usb_info_dev29 = "A200396E0402FF83@1@14.4G@U@1@USB_Storage;U:;0;0@"
sem_get: Key: 410f01ae
sem_get: Key: 410f01ae
nvram_set: usb_info_dev30 = "A200396E0402FF83@1@14.4G@U@1@USB_Storage;U:;0;0@"
sem_get: Key: 410f01ae
sem_get: Key: 410f01ae
nvram_set: usb_info_dev31 = "A200396E0402FF83@1@14.4G@U@1@USB_Storage;U:;0;0@[   12.567312] firmadyne: sys_socket[PID: 109 (klogd)]: family:1, type:1, protocol:0
[   12.568534] firmadyne: sys_socket[PID: 109 (klogd)]: family:1, type:2, protocol:0
"
sem_get: Key: 410f01ae
sem_get: Key: 410f01ae
nvram_set: usb_info_dev32 = "A200396E0402FF83@1@14.4G@U@1@USB_Storage;U:;0;0@"
sem_get: Key: 410f01ae
sem_get: Key: 410f01ae
nvram_set: usb_info_dev33 = "A200396E0402FF83@1@14.4G@U@1@USB_Storage;U:;0;0@"
sem_get: Key: 410f01ae
[   12.587065] firmadyne: sys_socket[PID: 109 (klogd)]: family:1, type:1, protocol:0
[   12.588228] firmadyne: sys_socket[PID: 109 (klogd)]: family:1, type:2, protocol:0
sem_get: Key: 410f01ae
nvram_set: usb_info_dev34 = "A200396E0402FF83@1@14.4G@U@1@USB_Storage;U:;0;0@"
sem_get: Key: 410f01ae
sem_get: Key: 410f01ae
nvram_set: usb_info_dev35 = "A200396E0402FF83@1@14.4G@U@1@USB_Storage;U:;0;0@"
sem_get: Key: 410f01ae
sem_get: Key: 410f01ae
nvram_set: usb_info_dev36 = "A200396E0402FF83@1@14.4G@U@1@USB_Storage;U:;0;0@"
[   12.607297] firmadyne: sys_socket[PID: 109 (klogd)]: family:1, type:1, protocol:0
[   12.608498] firmadyne: sys_socket[PID: 109 (klogd)]: family:1, type:2, protocol:0
sem_get: Key: 410f01ae
sem_get: Key: 410f01ae
nvram_set: usb_info_dev37 = "A200396E0402FF83@1@14.4G@U@1@USB_Storage;U:;0;0@"
sem_get: Key: 410f01ae
sem_get: Key: 410f01ae
nvram_set: usb_info_dev38 = "A200396E0402FF83@1@14.4G@U@1@USB_Storage;U:;0;0@"
sem_get: Key: 410f01ae
sem_get: Key: 410f01ae
[   12.627048] firmadyne: sys_socket[PID: 109 (klogd)]: family:1, type:1, protocol:0
[   12.628292] firmadyne: sys_socket[PID: 109 (klogd)]: family:1, type:2, protocol:0
nvram_set: usb_info_dev39 = "A200396E0402FF83@1@14.4G@U@1@USB_Storage;U:;0;0@"
sem_get: Key: 410f01ae
sem_get: Key: 410f01ae
nvram_set: usb_info_dev40 = "A200396E0402FF83@1@14.4G@U@1@USB_Storage;U:;0;0@"
sem_get: Key: 410f01ae
sem_get: Key: 410f01ae
nvram_set: usb_info_dev41 = "A200396E0402FF83@1@14.4G@U@1@USB_Storage;U:;0;0@"
sem_get: Key: 410f01ae
[   12.647018] firmadyne: sys_socket[PID: 109 (klogd)]: family:1, type:1, protocol:0
[   12.648260] firmadyne: sys_socket[PID: 109 (klogd)]: family:1, type:2, protocol:0
sem_get: Key: 410f01ae
nvram_set: usb_info_dev42 = "A200396E0402FF83@1@14.4G@U@1@USB_Storage;U:;0;0@"
sem_get: Key: 410f01ae
sem_get: Key: 410f01ae
nvram_set: usb_info_dev43 = "A200396E0402FF83@1@14.4G@U@1@USB_Storage;U:;0;0@"
sem_get: Key: 410f01ae
sem_get: Key: 410f01ae
nvram_set: usb_info_dev44 = "[   12.667189] firmadyne: sys_socket[PID: 109 (klogd)]: family:1, type:1, protocol:0
[   12.668396] firmadyne: sys_socket[PID: 109 (klogd)]: family:1, type:2, protocol:0
A200396E0402FF83@1@14.4G@U@1@USB_Storage;U:;0;0@"
sem_get: Key: 410f01ae
sem_get: Key: 410f01ae
nvram_set: usb_info_dev45 = "A200396E0402FF83@1@14.4G@U@1@USB_Storage;U:;0;0@"
sem_get: Key: 410f01ae
sem_get: Key: 410f01ae
nvram_set: usb_info_dev46 = "A200396E0402FF83@1@14.4G@U@1@USB_Storage;U:;0;0@"
sem_get: Key: 410f01ae
[   12.687140] firmadyne: sys_socket[PID: 109 (klogd)]: family:1, type:1, protocol:0
[   12.688377] firmadyne: sys_socket[PID: 109 (klogd)]: family:1, type:2, protocol:0
sem_get: Key: 410f01ae
nvram_set: usb_info_dev47 = "A200396E0402FF83@1@14.4G@U@1@USB_Storage;U:;0;0@"
sem_get: Key: 410f01ae
sem_get: Key: 410f01ae
nvram_set: usb_info_dev48 = "A200396E0402FF83@1@14.4G@U@1@USB_Storage;U:;0;0@"
sem_get: Key: 410f01ae
sem_get: Key: 410f01ae
nvram_set: [   12.706957] firmadyne: sys_socket[PID: 109 (klogd)]: family:1, type:1, protocol:0
[   12.708145] firmadyne: sys_socket[PID: 109 (klogd)]: family:1, type:2, protocol:0
usb_info_dev49 = "A200396E0402FF83@1@14.4G@U@1@USB_Storage;U:;0;0@"
sem_get: Key: 410f01ae
sem_get: Key: 410f01ae
nvram_set: usb_info_dev50 = "A200396E0402FF83@1@14.4G@U@1@USB_Storage;U:;0;0@"
sem_get: Key: 410f01ae
sem_get: Key: 410f01ae
nvram_set: usb_info_dev51 = "A200396E0402FF83@1@14.4G@U@1@USB_Storage;U:;0;0@"
sem_get: Key: 410f01ae
sem_get[   12.727237] firmadyne: sys_socket[PID: 109 (klogd)]: family:1, type:1, protocol:0
[   12.728496] firmadyne: sys_socket[PID: 109 (klogd)]: family:1, type:2, protocol:0
: Key: 410f01ae
nvram_set: usb_info_dev52 = "A200396E0402FF83@1@14.4G@U@1@USB_Storage;U:;0;0@"
sem_get: Key: 410f01ae
sem_get: Key: 410f01ae
nvram_set: usb_info_dev53 = "A200396E0402FF83@1@14.4G@U@1@USB_Storage;U:;0;0@"
sem_get: Key: 410f01ae
sem_get: Key: 410f01ae
nvram_set: usb_info_dev54 = "A200396E0402FF83@1@14.4G@U@1@USB_Storage;U:;0;0@"
sem_get[   12.747206] firmadyne: sys_socket[PID: 109 (klogd)]: family:1, type:1, protocol:0
[   12.748358] firmadyne: sys_socket[PID: 109 (klogd)]: family:1, type:2, protocol:0
: Key: 410f01ae
sem_get: Key: 410f01ae
nvram_set: usb_info_dev55 = "A200396E0402FF83@1@14.4G@U@1@USB_Storage;U:;0;0@"
sem_get: Key: 410f01ae
sem_get: Key: 410f01ae
nvram_set: usb_info_dev56 = "A200396E0402FF83@1@14.4G@U@1@USB_Storage;U:;0;0@"
sem_get: Key: 410f01ae
sem_get: Key: 410f01ae
[   12.766976] firmadyne: sys_socket[PID: 109 (klogd)]: family:1, type:1, protocol:0
[   12.768155] firmadyne: sys_socket[PID: 109 (klogd)]: family:1, type:2, protocol:0
nvram_set: usb_info_dev57 = "A200396E0402FF83@1@14.4G@U@1@USB_Storage;U:;0;0@"
sem_get: Key: 410f01ae
sem_get: Key: 410f01ae
nvram_set: usb_info_dev58 = "A200396E0402FF83@1@14.4G@U@1@USB_Storage;U:;0;0@"
sem_get: Key: 410f01ae
sem_get: Key: 410f01ae
nvram_set: usb_info_dev59 = "A200396E0402FF83@1@14.4G@U@1@USB_Storage;U:;0;0@"
sem_get: Key: 410f01ae
[   12.787032] firmadyne: sys_socket[PID: 109 (klogd)]: family:1, type:1, protocol:0
[   12.788211] firmadyne: sys_socket[PID: 109 (klogd)]: family:1, type:2, protocol:0
sem_get: Key: 410f01ae
nvram_set: usb_info_dev60 = "A200396E0402FF83@1@14.4G@U@1@USB_Storage;U:;0;0@"
sem_get: Key: 410f01ae
sem_get: Key: 410f01ae
nvram_set: usb_info_dev61 = "A200396E0402FF83@1@14.4G@U@1@USB_Storage;U:;0;0@"
sem_get: Key: 410f01ae
sem_get: Key: 410f01ae
nvram_set: usb_info_dev62 = "A200396E0402FF83@1@14.4G@U@1@USB_Storage;U:;0;0@[   12.807373] firmadyne: sys_socket[PID: 109 (klogd)]: family:1, type:1, protocol:0
[   12.808541] firmadyne: sys_socket[PID: 109 (klogd)]: family:1, type:2, protocol:0
"
sem_get: Key: 410f01ae
sem_get: Key: 410f01ae
nvram_set: usb_info_dev63 = "A200396E0402FF83@1@14.4G@U@1@USB_Storage;U:;0;0@"
sem_get: Key: 410f01ae
sem_get: Key: 410f01ae
nvram_set: usb_info_dev64 = "A200396E0402FF83@1@14.4G@U@1@USB_Storage;U:;0;0@"
sem_get: Key: 410f01ae
sem_get: Key: [   12.827090] firmadyne: sys_socket[PID: 109 (klogd)]: family:1, type:1, protocol:0
[   12.828379] firmadyne: sys_socket[PID: 109 (klogd)]: family:1, type:2, protocol:0
410f01ae
nvram_set: usb_info_dev65 = "A200396E0402FF83@1@14.4G@U@1@USB_Storage;U:;0;0@"
sem_get: Key: 410f01ae
sem_get: Key: 410f01ae
nvram_set: usb_info_dev66 = "A200396E0402FF83@1@14.4G@U@1@USB_Storage;U:;0;0@"
sem_get: Key: 410f01ae
sem_get: Key: 410f01ae
nvram_set: usb_info_dev67 = "A200396E0402FF83@1@14.4G@U@1@USB_Storage;U:;0;0@"
[   12.847223] firmadyne: sys_socket[PID: 109 (klogd)]: family:1, type:1, protocol:0
[   12.848451] firmadyne: sys_socket[PID: 109 (klogd)]: family:1, type:2, protocol:0
sem_get: Key: 410f01ae
sem_get: Key: 410f01ae
nvram_set: usb_info_dev68 = "A200396E0402FF83@1@14.4G@U@1@USB_Storage;U:;0;0@"
sem_get: Key: 410f01ae
sem_get: Key: 410f01ae
nvram_set: usb_info_dev69 = "A200396E0402FF83@1@14.4G@U@1@USB_Storage;U:;0;0@"
sem_get: Key: 410f01ae
sem_get: Key: 410f01ae
[   12.867163] firmadyne: sys_socket[PID: 109 (klogd)]: family:1, type:1, protocol:0
[   12.868393] firmadyne: sys_socket[PID: 109 (klogd)]: family:1, type:2, protocol:0
nvram_set: usb_info_dev70 = "A200396E0402FF83@1@14.4G@U@1@USB_Storage;U:;0;0@"
sem_get: Key: 410f01ae
sem_get: Key: 410f01ae
nvram_set: usb_info_dev71 = "A200396E0402FF83@1@14.4G@U@1@USB_Storage;U:;0;0@"
sem_get: Key: 410f01ae
sem_get: Key: 410f01ae
nvram_set: usb_info_dev72 = "A200396E0402FF83@1@14.4G@U@1@USB_Storage;U:;0;0@"
[   12.887046] firmadyne: sys_socket[PID: 109 (klogd)]: family:1, type:1, protocol:0
[   12.888204] firmadyne: sys_socket[PID: 109 (klogd)]: family:1, type:2, protocol:0
sem_get: Key: 410f01ae
sem_get: Key: 410f01ae
nvram_set: usb_info_dev73 = "A200396E0402FF83@1@14.4G@U@1@USB_Storage;U:;0;0@"
sem_get: Key: 410f01ae
sem_get: Key: 410f01ae
nvram_set: usb_info_dev74 = "A200396E0402FF83@1@14.4G@U@1@USB_Storage;U:;0;0@"
sem_get: Key: 410f01ae
sem_get: Key: 410f01ae
[   12.906996] firmadyne: sys_socket[PID: 109 (klogd)]: family:1, type:1, protocol:0
[   12.908191] firmadyne: sys_socket[PID: 109 (klogd)]: family:1, type:2, protocol:0
nvram_set: usb_info_dev75 = "A200396E0402FF83@1@14.4G@U@1@USB_Storage;U:;0;0@"
sem_get: Key: 410f01ae
sem_get: Key: 410f01ae
nvram_set: usb_info_dev76 = "A200396E0402FF83@1@14.4G@U@1@USB_Storage;U:;0;0@"
sem_get: Key: 410f01ae
sem_get: Key: 410f01ae
nvram_set: usb_info_dev77 = "A200396E0402FF83@1@14.4G@U@1@USB_Storage;U:;0;0@"
sem_get: Key: 410f01ae
[   12.927246] firmadyne: sys_socket[PID: 109 (klogd)]: family:1, type:1, protocol:0
[   12.928419] firmadyne: sys_socket[PID: 109 (klogd)]: family:1, type:2, protocol:0
sem_get: Key: 410f01ae
nvram_set: usb_info_dev78 = "A200396E0402FF83@1@14.4G@U@1@USB_Storage;U:;0;0@"
sem_get: Key: 410f01ae
sem_get: Key: 410f01ae
nvram_set: usb_info_dev79 = "A200396E0402FF83@1@14.4G@U@1@USB_Storage;U:;0;0@"
sem_get: Key: 410f01ae
sem_get: Key: 410f01ae
nvram_set: usb_info_dev80 = "A200396E0402FF83@1@14.4G@U@1@USB_Storage;U:;0;0@[   12.947048] firmadyne: sys_socket[PID: 109 (klogd)]: family:1, type:1, protocol:0
[   12.948211] firmadyne: sys_socket[PID: 109 (klogd)]: family:1, type:2, protocol:0
"
sem_get: Key: 410f01ae
sem_get: Key: 410f01ae
nvram_set: usb_info_dev81 = "A200396E0402FF83@1@14.4G@U@1@USB_Storage;U:;0;0@"
sem_get: Key: 410f01ae
sem_get: Key: 410f01ae
nvram_set: usb_info_dev82 = "A200396E0402FF83@1@14.4G@U@1@USB_Storage;U:;0;0@"
sem_get: Key: 410f01ae
sem_get: Key: 410f01ae[   12.967076] firmadyne: sys_socket[PID: 109 (klogd)]: family:1, type:1, protocol:0
[   12.968276] firmadyne: sys_socket[PID: 109 (klogd)]: family:1, type:2, protocol:0

nvram_set: usb_info_dev83 = "A200396E0402FF83@1@14.4G@U@1@USB_Storage;U:;0;0@"
sem_get: Key: 410f01ae
sem_get: Key: 410f01ae
nvram_set: usb_info_dev84 = "A200396E0402FF83@1@14.4G@U@1@USB_Storage;U:;0;0@"
sem_get: Key: 410f01ae
sem_get: Key: 410f01ae
nvram_set: usb_info_dev85 = "A200396E0402FF83@1@14.4G@U@1@USB_Storage;U:;0;0@"
sem_get: Key: [   12.987245] firmadyne: sys_socket[PID: 109 (klogd)]: family:1, type:1, protocol:0
[   12.988416] firmadyne: sys_socket[PID: 109 (klogd)]: family:1, type:2, protocol:0
410f01ae
sem_get: Key: 410f01ae
nvram_set: usb_info_dev86 = "A200396E0402FF83@1@14.4G@U@1@USB_Storage;U:;0;0@"
sem_get: Key: 410f01ae
sem_get: Key: 410f01ae
nvram_set: usb_info_dev87 = "A200396E0402FF83@1@14.4G@U@1@USB_Storage;U:;0;0@"
sem_get: Key: 410f01ae
sem_get: Key: 410f01ae
nvram_set[   13.007053] firmadyne: sys_socket[PID: 109 (klogd)]: family:1, type:1, protocol:0
[   13.008273] firmadyne: sys_socket[PID: 109 (klogd)]: family:1, type:2, protocol:0
: usb_info_dev88 = "A200396E0402FF83@1@14.4G@U@1@USB_Storage;U:;0;0@"
sem_get: Key: 410f01ae
sem_get: Key: 410f01ae
nvram_set: usb_info_dev89 = "A200396E0402FF83@1@14.4G@U@1@USB_Storage;U:;0;0@"
sem_get: Key: 410f01ae
sem_get: Key: 410f01ae
nvram_set: usb_info_dev90 = "A200396E0402FF83@1@14.4G@U@1@USB_Storage;U:;0;0@"
sem_get: Key: 410f01ae
[   13.027085] firmadyne: sys_socket[PID: 109 (klogd)]: family:1, type:1, protocol:0
[   13.028301] firmadyne: sys_socket[PID: 109 (klogd)]: family:1, type:2, protocol:0
sem_get: Key: 410f01ae
nvram_set: usb_info_dev91 = "A200396E0402FF83@1@14.4G@U@1@USB_Storage;U:;0;0@"
sem_get: Key: 410f01ae
sem_get: Key: 410f01ae
nvram_set: usb_info_dev92 = "A200396E0402FF83@1@14.4G@U@1@USB_Storage;U:;0;0@"
sem_get: Key: 410f01ae
sem_get: Key: 410f01ae
nvram_set: usb_info_dev93 = "A200396E0402FF83@1@14.4G@U@1@USB_Storage;U:;0;0@"
[   13.047282] firmadyne: sys_socket[PID: 109 (klogd)]: family:1, type:1, protocol:0
[   13.048437] firmadyne: sys_socket[PID: 109 (klogd)]: family:1, type:2, protocol:0
sem_get: Key: 410f01ae
sem_get: Key: 410f01ae
nvram_set: usb_info_dev94 = "A200396E0402FF83@1@14.4G@U@1@USB_Storage;U:;0;0@"
sem_get: Key: 410f01ae
sem_get: Key: 410f01ae
nvram_set: usb_info_dev95 = "A200396E0402FF83@1@14.4G@U@1@USB_Storage;U:;0;0@"
sem_get: Key: 410f01ae
sem_get: Key: 410f01ae
[   13.066968] firmadyne: sys_socket[PID: 109 (klogd)]: family:1, type:1, protocol:0
[   13.068125] firmadyne: sys_socket[PID: 109 (klogd)]: family:1, type:2, protocol:0
nvram_set: usb_info_dev96 = "A200396E0402FF83@1@14.4G@U@1@USB_Storage;U:;0;0@"
sem_get: Key: 410f01ae
sem_get: Key: 410f01ae
nvram_set: usb_info_dev97 = "A200396E0402FF83@1@14.4G@U@1@USB_Storage;U:;0;0@"
sem_get: Key: 410f01ae
sem_get: Key: 410f01ae
nvram_set: usb_info_dev98 = "A200396E0402FF83@1@14.4G@U@1@USB_Storage;U:;0;0@"
sem_get: Key: [   13.087014] firmadyne: sys_socket[PID: 109 (klogd)]: family:1, type:1, protocol:0
[   13.088182] firmadyne: sys_socket[PID: 109 (klogd)]: family:1, type:2, protocol:0
410f01ae
sem_get: Key: 410f01ae
nvram_set: usb_info_dev99 = "A200396E0402FF83@1@14.4G@U@1@USB_Storage;U:;0;0@"
sem_get: Key: 410f01ae
sem_get: Key: 410f01ae
nvram_set: usb_info_dev100 = "A200396E0402FF83@1@14.4G@U@1@USB_Storage;U:;0;0@"
sem_get: Key: 410f01ae
sem_get: Key: 410f01ae
nvram_set: [   13.107149] firmadyne: sys_socket[PID: 109 (klogd)]: family:1, type:1, protocol:0
[   13.108311] firmadyne: sys_socket[PID: 109 (klogd)]: family:1, type:2, protocol:0
wla_ap_isolate_1 = ""
sem_get: Key: 410f01ae
sem_get: Key: 410f01ae
nvram_set: wla_ap_isolate_2 = ""
sem_get: Key: 410f01ae
sem_get: Key: 410f01ae
nvram_set: wla_ap_isolate_3 = ""
sem_get: Key: 410f01ae
sem_get: Key: 410f01ae
nvram_set[   13.127119] firmadyne: sys_socket[PID: 109 (klogd)]: family:1, type:1, protocol:0
[   13.128361] firmadyne: sys_socket[PID: 109 (klogd)]: family:1, type:2, protocol:0
: wla_ap_isolate_4 = ""
sem_get: Key: 410f01ae
sem_get: Key: 410f01ae
nvram_set: wlg_ap_isolate_1 = ""
sem_get: Key: 410f01ae
sem_get: Key: 410f01ae
nvram_set: wlg_ap_isolate_2 = ""
sem_get: Key: 410f01ae
sem_get: Key: 410f01ae
[   13.147005] firmadyne: sys_socket[PID: 109 (klogd)]: family:1, type:1, protocol:0
[   13.148210] firmadyne: sys_socket[PID: 109 (klogd)]: family:1, type:2, protocol:0
nvram_set: wlg_ap_isolate_3 = ""
sem_get: Key: 410f01ae
sem_get: Key: 410f01ae
nvram_set: wlg_ap_isolate_4 = ""
sem_get: Key: 410f01ae
sem_get: Key: 410f01ae
nvram_set: wlg_allow_access_1 = ""
sem_get: Key: 410f01ae
sem_get: Key: 410f01ae
[   13.167251] firmadyne: sys_socket[PID: 109 (klogd)]: family:1, type:1, protocol:0
[   13.168421] firmadyne: sys_socket[PID: 109 (klogd)]: family:1, type:2, protocol:0
nvram_set: wlg_allow_access_2 = ""
sem_get: Key: 410f01ae
sem_get: Key: 410f01ae
nvram_set: wlg_allow_access_3 = ""
sem_get: Key: 410f01ae
sem_get: Key: 410f01ae
nvram_set: wlg_allow_access_4 = ""
sem_get: Key: 410f01ae
sem_get: Key: 410f01ae[   13.187112] firmadyne: sys_socket[PID: 109 (klogd)]: family:1, type:1, protocol:0
[   13.188320] firmadyne: sys_socket[PID: 109 (klogd)]: family:1, type:2, protocol:0

nvram_set: 0:macaddr = "01:23:45:67:89:ab"
sem_get: Key: 410f01ae
sem_get: Key: 410f01ae
nvram_set: 1:macaddr = "01:23:45:67:89:ab"
sem_get: Key: 410f01ae
sem_get: Key: 410f01ae
nvram_set: 2:macaddr = "01:23:45:67:89:ab"
sem_get: Key: 410f01ae
[   13.207264] firmadyne: sys_socket[PID: 109 (klogd)]: family:1, type:1, protocol:0
[   13.208499] firmadyne: sys_socket[PID: 109 (klogd)]: family:1, type:2, protocol:0
sem_get: Key: 410f01ae
nvram_set: lan1_ifnames = ""
sem_get: Key: 410f01ae
sem_get: Key: 410f01ae
nvram_set: lan2_ifnames = ""
sem_get: Key: 410f01ae
sem_get: Key: 410f01ae
nvram_set: lan3_ifnames = ""
sem_get: Key: 410f01ae
sem_get: Key: 410f01ae
nvram_set[   13.231052] firmadyne: sys_socket[PID: 109 (klogd)]: family:1, type:1, protocol:0
[   13.232270] firmadyne: sys_socket[PID: 109 (klogd)]: family:1, type:2, protocol:0
: lan4_ifnames = ""
sem_get: Key: 410f01ae
sem_get: Key: 410f01ae
nvram_set: lan5_ifnames = ""
sem_get: Key: 410f01ae
sem_get: Key: 410f01ae
nvram_set: lan6_ifnames = ""
sem_get: Key: 410f01ae
sem_get: Key: 410f01ae
[   13.251006] firmadyne: sys_socket[PID: 109 (klogd)]: family:1, type:1, protocol:0
[   13.252191] firmadyne: sys_socket[PID: 109 (klogd)]: family:1, type:2, protocol:0
nvram_set: lan7_ifnames = ""
sem_get: Key: 410f01ae
sem_get: Key: 410f01ae
nvram_set: lan8_ifnames = ""
sem_get: Key: 410f01ae
sem_get: Key: 410f01ae
nvram_set: lan9_ifnames = ""
sem_get: Key: 410f01ae
sem_get: Key: 410f01ae[   13.271040] firmadyne: sys_socket[PID: 109 (klogd)]: family:1, type:1, protocol:0
[   13.272258] firmadyne: sys_socket[PID: 109 (klogd)]: family:1, type:2, protocol:0

nvram_set_default: Loading built-in default values = 1!
nvram_set_default: Checking for symbol "router_defaults"...
nvram_set_default: Checking for symbol "Nvrams"...
nvram_set: time_zone = "GMT+0"
[   13.291130] firmadyne: sys_socket[PID: 109 (klogd)]: family:1, type:1, protocol:0
[   13.292314] firmadyne: sys_socket[PID: 109 (klogd)]: family:1, type:2, protocol:0
sem_get: Key: 410f01ae
sem_get: Key: 410f01ae
nvram_set: time_daylight = ""
sem_get: Key: 410f01ae
sem_get: Key: 410f01ae
nvram_set: restore_default = "0"
sem_get: Key: 410f01ae
[   13.311212] firmadyne: sys_socket[PID: 109 (klogd)]: family:1, type:1, protocol:0
[   13.312409] firmadyne: sys_socket[PID: 109 (klogd)]: family:1, type:2, protocol:0
sem_get: Key: 410f01ae
nvram_set: wiz_language = "English"
sem_get: Key: 410f01ae
sem_get: Key: 410f01ae
nvram_set: wiz_country = ""
sem_get: Key: 410f01ae
sem_get[   13.331233] firmadyne: sys_socket[PID: 109 (klogd)]: family:1, type:1, protocol:0
[   13.332475] firmadyne: sys_socket[PID: 109 (klogd)]: family:1, type:2, protocol:0
: Key: 410f01ae
nvram_set: fix_ipaddr = ""
sem_get: Key: 410f01ae
sem_get: Key: 410f01ae
nvram_set: fix_netmask = ""
sem_get: Key: 410f01ae
sem_get: Key: 410f01ae
nvram_set[   13.351058] firmadyne: sys_socket[PID: 109 (klogd)]: family:1, type:1, protocol:0
[   13.352227] firmadyne: sys_socket[PID: 109 (klogd)]: family:1, type:2, protocol:0
: fix_gateway = ""
sem_get: Key: 410f01ae
sem_get: Key: 410f01ae
nvram_set: wan_ifname = "eth1"
sem_get: Key: 410f01ae
sem_get: Key: 410f01ae
nvram_set: wan_mode = "dhcpc"
sem_get: Key: [   13.371239] firmadyne: sys_socket[PID: 109 (klogd)]: family:1, type:1, protocol:0
[   13.372478] firmadyne: sys_socket[PID: 109 (klogd)]: family:1, type:2, protocol:0
410f01ae
sem_get: Key: 410f01ae
nvram_set: wan_iptype = "Dynamic"
sem_get: Key: 410f01ae
sem_get: Key: 410f01ae
nvram_set: wan_ipaddr = ""
sem_get: Key: 410f01ae
[   13.391033] firmadyne: sys_socket[PID: 109 (klogd)]: family:1, type:1, protocol:0
[   13.392188] firmadyne: sys_socket[PID: 109 (klogd)]: family:1, type:2, protocol:0
sem_get: Key: 410f01ae
nvram_set: wan_netmask = ""
sem_get: Key: 410f01ae
sem_get: Key: 410f01ae
nvram_set: wan_gateway = ""
sem_get: Key: 410f01ae
sem_get: Key: 410f01ae
nvram_set[   13.411077] firmadyne: sys_socket[PID: 109 (klogd)]: family:1, type:1, protocol:0
[   13.412320] firmadyne: sys_socket[PID: 109 (klogd)]: family:1, type:2, protocol:0
: wan_mtu = "1500"
sem_get: Key: 410f01ae
sem_get: Key: 410f01ae
nvram_set: wan_fix_dns = "0"
sem_get: Key: 410f01ae
sem_get: Key: 410f01ae
nvram_set: wan_dns1 = ""
sem_get: Key: 410f01ae[   13.431206] firmadyne: sys_socket[PID: 109 (klogd)]: family:1, type:1, protocol:0
[   13.432438] firmadyne: sys_socket[PID: 109 (klogd)]: family:1, type:2, protocol:0

sem_get: Key: 410f01ae
nvram_set: wan_dns2 = ""
sem_get: Key: 410f01ae
sem_get: Key: 410f01ae
nvram_set: wan_macaddr = ""
sem_get: Key: 410f01ae
sem_get: Key: 410f01ae
[   13.450979] firmadyne: sys_socket[PID: 109 (klogd)]: family:1, type:1, protocol:0
[   13.452171] firmadyne: sys_socket[PID: 109 (klogd)]: family:1, type:2, protocol:0
nvram_set: wan_encap = "1"
sem_get: Key: 410f01ae
sem_get: Key: 410f01ae
nvram_set: wan_vpi = "0"
sem_get: Key: 410f01ae
sem_get: Key: 410f01ae
nvram_set: wan_vci = "38"
[   13.471188] firmadyne: sys_socket[PID: 109 (klogd)]: family:1, type:1, protocol:0
[   13.472428] firmadyne: sys_socket[PID: 109 (klogd)]: family:1, type:2, protocol:0
sem_get: Key: 410f01ae
sem_get: Key: 410f01ae
nvram_set: wan_dslmode = "MMODE"
sem_get: Key: 410f01ae
sem_get: Key: 410f01ae
nvram_set: wan_account = "JNR3210"
[   13.490956] firmadyne: sys_socket[PID: 109 (klogd)]: family:1, type:1, protocol:0
[   13.492091] firmadyne: sys_socket[PID: 109 (klogd)]: family:1, type:2, protocol:0
sem_get: Key: 410f01ae
sem_get: Key: 410f01ae
nvram_set: wan_domain = ""
sem_get: Key: 410f01ae
sem_get: Key: 410f01ae
nvram_set: wan_dod = "1"
sem_get: Key: 410f01ae
sem_get: Key: [   13.511215] firmadyne: sys_socket[PID: 109 (klogd)]: family:1, type:1, protocol:0
[   13.512428] firmadyne: sys_socket[PID: 109 (klogd)]: family:1, type:2, protocol:0
410f01ae
nvram_set: wan_pppoe_relay = "0"
sem_get: Key: 410f01ae
sem_get: Key: 410f01ae
nvram_set: device_name = "JNR3210"
sem_get: Key: 410f01ae
sem_get: Key: 410f01ae
[   13.530957] firmadyne: sys_socket[PID: 109 (klogd)]: family:1, type:1, protocol:0
[   13.532135] firmadyne: sys_socket[PID: 109 (klogd)]: family:1, type:2, protocol:0
nvram_set: lan_if = "br0"
sem_get: Key: 410f01ae
sem_get: Key: 410f01ae
nvram_set: lan_ipaddr = "192.168.1.1"
sem_get: Key: 410f01ae
sem_get: Key: 410f01ae
[   13.550990] firmadyne: sys_socket[PID: 109 (klogd)]: family:1, type:1, protocol:0
[   13.552190] firmadyne: sys_socket[PID: 109 (klogd)]: family:1, type:2, protocol:0
nvram_set: lan_netmask = "255.255.255.0"
sem_get: Key: 410f01ae
sem_get: Key: 410f01ae
nvram_set: lan_bipaddr = "192.168.1.255"
sem_get: Key: 410f01ae
sem_get: Key: 410f01ae
[   13.570948] firmadyne: sys_socket[PID: 109 (klogd)]: family:1, type:1, protocol:0
[   13.572119] firmadyne: sys_socket[PID: 109 (klogd)]: family:1, type:2, protocol:0
nvram_set: dhcp_server_enable = "1"
sem_get: Key: 410f01ae
sem_get: Key: 410f01ae
nvram_set: dhcp_start_ip = "192.168.1.2"
sem_get: Key: 410f01ae
sem_get: Key: 410f01ae
[   13.590943] firmadyne: sys_socket[PID: 109 (klogd)]: family:1, type:1, protocol:0
[   13.592075] firmadyne: sys_socket[PID: 109 (klogd)]: family:1, type:2, protocol:0
nvram_set: dhcp_end_ip = "192.168.1.254"
sem_get: Key: 410f01ae
sem_get: Key: 410f01ae
nvram_set: dhcp_reserved = ""
sem_get: Key: 410f01ae
sem_get: Key: 410f01ae
nvram_set[   13.611042] firmadyne: sys_socket[PID: 109 (klogd)]: family:1, type:1, protocol:0
[   13.612241] firmadyne: sys_socket[PID: 109 (klogd)]: family:1, type:2, protocol:0
: http_username = "admin"
sem_get: Key: 410f01ae
sem_get: Key: 410f01ae
nvram_set: http_password = "password"
sem_get: Key: 410f01ae
sem_get: Key: 410f01ae
nvram_set: http_timeout = "5[   13.631222] firmadyne: sys_socket[PID: 109 (klogd)]: family:1, type:1, protocol:0
[   13.632519] firmadyne: sys_socket[PID: 109 (klogd)]: family:1, type:2, protocol:0
"
sem_get: Key: 410f01ae
sem_get: Key: 410f01ae
nvram_set: rt_static_route = ""
sem_get: Key: 410f01ae
sem_get: Key: 410f01ae
nvram_set: rt_rip_version = "0"
sem_get: Key: 410f01ae[   13.651148] firmadyne: sys_socket[PID: 109 (klogd)]: family:1, type:1, protocol:0
[   13.652378] firmadyne: sys_socket[PID: 109 (klogd)]: family:1, type:2, protocol:0

sem_get: Key: 410f01ae
nvram_set: rt_rip_direction = "both"
sem_get: Key: 410f01ae
sem_get: Key: 410f01ae
nvram_set: ddns_enable = "0"
sem_get: Key: 410f01ae
[   13.671003] firmadyne: sys_socket[PID: 109 (klogd)]: family:1, type:1, protocol:0
[   13.672180] firmadyne: sys_socket[PID: 109 (klogd)]: family:1, type:2, protocol:0
sem_get: Key: 410f01ae
nvram_set: ddns_service_provider = "dyndns"
sem_get: Key: 410f01ae
sem_get: Key: 410f01ae
nvram_set: ddns_user_name = ""
sem_get: Key: 410f01ae
[   13.691126] firmadyne: sys_socket[PID: 109 (klogd)]: family:1, type:1, protocol:0
[   13.692373] firmadyne: sys_socket[PID: 109 (klogd)]: family:1, type:2, protocol:0
sem_get: Key: 410f01ae
nvram_set: ddns_password = ""
sem_get: Key: 410f01ae
sem_get: Key: 410f01ae
nvram_set: ddns_host_name = ""
sem_get: Key: 410f01ae
sem_get: Key: 410f01ae
[   13.711001] firmadyne: sys_socket[PID: 109 (klogd)]: family:1, type:1, protocol:0
[   13.712286] firmadyne: sys_socket[PID: 109 (klogd)]: family:1, type:2, protocol:0
nvram_set: ddns_use_wildcards = "0"
sem_get: Key: 410f01ae
sem_get: Key: 410f01ae
nvram_set: pppoe_username = ""
sem_get: Key: 410f01ae
sem_get: Key: 410f01ae
[   13.730960] firmadyne: sys_socket[PID: 109 (klogd)]: family:1, type:1, protocol:0
[   13.732176] firmadyne: sys_socket[PID: 109 (klogd)]: family:1, type:2, protocol:0
nvram_set: pppoe_password = ""
sem_get: Key: 410f01ae
sem_get: Key: 410f01ae
nvram_set: pppoe_idle = "5"
sem_get: Key: 410f01ae
sem_get: Key: 410f01ae
nvram_set: pppoe_service = ""
[   13.750987] firmadyne: sys_socket[PID: 109 (klogd)]: family:1, type:1, protocol:0
[   13.752204] firmadyne: sys_socket[PID: 109 (klogd)]: family:1, type:2, protocol:0
sem_get: Key: 410f01ae
sem_get: Key: 410f01ae
nvram_set: pptpc_server = "10.0.0.138"
sem_get: Key: 410f01ae
sem_get: Key: 410f01ae
nvram_set: pppoa_username = "Guest"
sem_get[   13.771001] firmadyne: sys_socket[PID: 109 (klogd)]: family:1, type:1, protocol:0
[   13.772220] firmadyne: sys_socket[PID: 109 (klogd)]: family:1, type:2, protocol:0
: Key: 410f01ae
sem_get: Key: 410f01ae
nvram_set: pppoa_password = ""
sem_get: Key: 410f01ae
sem_get: Key: 410f01ae
nvram_set: pppoa_idle = "0"
sem_get: Key: 410f01ae
[   13.790953] firmadyne: sys_socket[PID: 109 (klogd)]: family:1, type:1, protocol:0
[   13.792167] firmadyne: sys_socket[PID: 109 (klogd)]: family:1, type:2, protocol:0
sem_get: Key: 410f01ae
nvram_set: pppoa_ipaddr = ""
sem_get: Key: 410f01ae
sem_get: Key: 410f01ae
[   13.803805] e1000: eth0 NIC Link is Up 1000 Mbps Full Duplex, Flow Control: RX
[   13.804918] IPv6: ADDRCONF(NETDEV_CHANGE): eth0: link becomes ready
[   13.810966] firmadyne: sys_socket[PID: 109 (klogd)]: family:1, type:1, protocol:0
[   13.812212] firmadyne: sys_socket[PID: 109 (klogd)]: family:1, type:2, protocol:0
nvram_set: wifi_ssid = "NETGEAR"
sem_get: Key: 410f01ae
sem_get: Key: 410f01ae
nvram_set: wifi_ssid2 = "NETGEAR_Guest"
sem_get: Key: 410f01ae
sem_get: Key: 410f01ae
[   13.830951] firmadyne: sys_socket[PID: 109 (klogd)]: family:1, type:1, protocol:0
[   13.832134] firmadyne: sys_socket[PID: 109 (klogd)]: family:1, type:2, protocol:0
nvram_set: wifi_ssid3 = "NETGEAR_Guest2"
sem_get: Key: 410f01ae
sem_get: Key: 410f01ae
nvram_set: wifi_ssid4 = "NETGEAR_Guest3"
sem_get: Key: 410f01ae
sem_get: Key: 410f01ae
[   13.851113] firmadyne: sys_socket[PID: 109 (klogd)]: family:1, type:1, protocol:0
[   13.852346] firmadyne: sys_socket[PID: 109 (klogd)]: family:1, type:2, protocol:0
nvram_set: wifi_region = "Europe"
sem_get: Key: 410f01ae
sem_get: Key: 410f01ae
nvram_set: wifi_channel = "0"
sem_get: Key: 410f01ae
sem_get: Key: 410f01ae
[   13.870964] firmadyne: sys_socket[PID: 109 (klogd)]: family:1, type:1, protocol:0
[   13.872185] firmadyne: sys_socket[PID: 109 (klogd)]: family:1, type:2, protocol:0
nvram_set: wifi_auth_type = "3"
sem_get: Key: 410f01ae
sem_get: Key: 410f01ae
nvram_set: wifi_auth_type2 = "3"
sem_get: Key: 410f01ae
sem_get: Key: 410f01ae
[   13.891119] firmadyne: sys_socket[PID: 109 (klogd)]: family:1, type:1, protocol:0
[   13.892353] firmadyne: sys_socket[PID: 109 (klogd)]: family:1, type:2, protocol:0
nvram_set: wifi_auth_type3 = "3"
sem_get: Key: 410f01ae
sem_get: Key: 410f01ae
nvram_set: wifi_auth_type4 = "3"
sem_get: Key: 410f01ae
sem_get: Key: 410f01ae
nvram_set[   13.911222] firmadyne: sys_socket[PID: 109 (klogd)]: family:1, type:1, protocol:0
[   13.912465] firmadyne: sys_socket[PID: 109 (klogd)]: family:1, type:2, protocol:0
: wifi_key_len = "0"
sem_get: Key: 410f01ae
sem_get: Key: 410f01ae
nvram_set: wifi_key_len2 = "0"
sem_get: Key: 410f01ae
sem_get: Key: 410f01ae
nvram_set: wifi_key_len3 = "0[   13.931140] firmadyne: sys_socket[PID: 109 (klogd)]: family:1, type:1, protocol:0
[   13.932332] firmadyne: sys_socket[PID: 109 (klogd)]: family:1, type:2, protocol:0
"
sem_get: Key: 410f01ae
sem_get: Key: 410f01ae
nvram_set: wifi_key_len4 = "0"
sem_get: Key: 410f01ae
sem_get: Key: 410f01ae
nvram_set: wifi_def_key = "1"
sem_get: Key: 410f01ae[   13.951143] firmadyne: sys_socket[PID: 109 (klogd)]: family:1, type:1, protocol:0
[   13.952323] firmadyne: sys_socket[PID: 109 (klogd)]: family:1, type:2, protocol:0

sem_get: Key: 410f01ae
nvram_set: wifi_def_key2 = "1"
sem_get: Key: 410f01ae
sem_get: Key: 410f01ae
nvram_set: wifi_def_key3 = "1"
sem_get: Key: 410f01ae
[   13.971033] firmadyne: sys_socket[PID: 109 (klogd)]: family:1, type:1, protocol:0
[   13.972244] firmadyne: sys_socket[PID: 109 (klogd)]: family:1, type:2, protocol:0
sem_get: Key: 410f01ae
nvram_set: wifi_def_key4 = "1"
sem_get: Key: 410f01ae
sem_get: Key: 410f01ae
nvram_set: wifi_key1 = ""
sem_get: Key: 410f01ae
sem_get: Key: 410f01ae
[   13.990987] firmadyne: sys_socket[PID: 109 (klogd)]: family:1, type:1, protocol:0
[   13.992243] firmadyne: sys_socket[PID: 109 (klogd)]: family:1, type:2, protocol:0
nvram_set: wifi_key2 = ""
sem_get: Key: 410f01ae
sem_get: Key: 410f01ae
nvram_set: wifi_key3 = ""
sem_get: Key: 410f01ae
sem_get: Key: 410f01ae
nvram_set: wifi_key4 = ""
sem_get: Key: 410f01ae[   14.010989] firmadyne: sys_socket[PID: 109 (klogd)]: family:1, type:1, protocol:0
[   14.012192] firmadyne: sys_socket[PID: 109 (klogd)]: family:1, type:2, protocol:0

sem_get: Key: 410f01ae
nvram_set: wifi_key12 = ""
sem_get: Key: 410f01ae
sem_get: Key: 410f01ae
nvram_set: wifi_key22 = ""
sem_get: Key: 410f01ae
sem_get: Key: 410f01ae
[   14.030958] firmadyne: sys_socket[PID: 109 (klogd)]: family:1, type:1, protocol:0
[   14.032138] firmadyne: sys_socket[PID: 109 (klogd)]: family:1, type:2, protocol:0
nvram_set: wifi_key32 = ""
sem_get: Key: 410f01ae
sem_get: Key: 410f01ae
nvram_set: wifi_key42 = ""
sem_get: Key: 410f01ae
sem_get: Key: 410f01ae
nvram_set: wifi_key13 = ""
sem_get: Key: [   14.051202] firmadyne: sys_socket[PID: 109 (klogd)]: family:1, type:1, protocol:0
[   14.052381] firmadyne: sys_socket[PID: 109 (klogd)]: family:1, type:2, protocol:0
410f01ae
sem_get: Key: 410f01ae
nvram_set: wifi_key23 = ""
sem_get: Key: 410f01ae
sem_get: Key: 410f01ae
nvram_set: wifi_key33 = ""
sem_get: Key: 410f01ae
sem_get: Key: 410f01ae
[   14.070992] firmadyne: sys_socket[PID: 109 (klogd)]: family:1, type:1, protocol:0
[   14.072169] firmadyne: sys_socket[PID: 109 (klogd)]: family:1, type:2, protocol:0
nvram_set: wifi_key43 = ""
sem_get: Key: 410f01ae
sem_get: Key: 410f01ae
nvram_set: wifi_key14 = ""
sem_get: Key: 410f01ae
sem_get: Key: 410f01ae
nvram_set: wifi_key24[   14.090983] firmadyne: sys_socket[PID: 109 (klogd)]: family:1, type:1, protocol:0
[   14.092140] firmadyne: sys_socket[PID: 109 (klogd)]: family:1, type:2, protocol:0
 = ""
sem_get: Key: 410f01ae
sem_get: Key: 410f01ae
nvram_set: wifi_key34 = ""
sem_get: Key: 410f01ae
sem_get: Key: 410f01ae
nvram_set: wifi_key44 = ""
sem_get: Key: 410f01ae
sem_get: Key: [   14.111073] firmadyne: sys_socket[PID: 109 (klogd)]: family:1, type:1, protocol:0
[   14.112249] firmadyne: sys_socket[PID: 109 (klogd)]: family:1, type:2, protocol:0
410f01ae
nvram_set: wifi_psk_pwd = ""
sem_get: Key: 410f01ae
sem_get: Key: 410f01ae
nvram_set: wifi_psk_pwd2 = ""
sem_get: Key: 410f01ae
sem_get: Key: 410f01ae
nvram_set: [   14.131208] firmadyne: sys_socket[PID: 109 (klogd)]: family:1, type:1, protocol:0
[   14.132405] firmadyne: sys_socket[PID: 109 (klogd)]: family:1, type:2, protocol:0
wifi_psk_pwd3 = ""
sem_get: Key: 410f01ae
sem_get: Key: 410f01ae
nvram_set: wifi_psk_pwd4 = ""
sem_get: Key: 410f01ae
sem_get: Key: 410f01ae
nvram_set: wifi_access_control = "0"
sem_get: Key: [   14.151089] firmadyne: sys_socket[PID: 109 (klogd)]: family:1, type:1, protocol:0
[   14.152264] firmadyne: sys_socket[PID: 109 (klogd)]: family:1, type:2, protocol:0
410f01ae
sem_get: Key: 410f01ae
nvram_set: wifi_access_list = ""
sem_get: Key: 410f01ae
sem_get: Key: 410f01ae
nvram_set: wifi_if_on[   14.166998] cfg80211: Calling CRDA to update world regulatory domain
 = "1"
sem_get: Key: 410f01ae
[   14.171070] firmadyne: sys_socket[PID: 109 (klogd)]: family:1, type:1, protocol:0
[   14.172222] firmadyne: sys_socket[PID: 109 (klogd)]: family:1, type:2, protocol:0
sem_get: Key: 410f01ae
nvram_set: wifi_if_on2 = "0"
sem_get: Key: 410f01ae
sem_get: Key: 410f01ae
nvram_set: wifi_if_on3 = "0"
sem_get: Key: 410f01ae
sem_get: Key: 410f01ae
nvram_set: wifi_if_on4 = "0"
sem_get: Key: 410f01ae
[   14.198934] firmadyne: sys_socket[PID: 109 (klogd)]: family:1, type:1, protocol:0
[   14.200076] firmadyne: sys_socket[PID: 109 (klogd)]: family:1, type:2, protocol:0
sem_get: Key: 410f01ae
nvram_set: wifi_broadcast_ssid = "1"
sem_get: Key: 410f01ae
sem_get: Key: 410f01ae
nvram_set: wifi_broadcast_ssid2 = "1"
sem_get: Key: 410f01ae
[   14.219152] firmadyne: sys_socket[PID: 109 (klogd)]: family:1, type:1, protocol:0
[   14.220338] firmadyne: sys_socket[PID: 109 (klogd)]: family:1, type:2, protocol:0
sem_get: Key: 410f01ae
nvram_set: wifi_broadcast_ssid3 = "1"
sem_get: Key: 410f01ae
sem_get: Key: 410f01ae
nvram_set: wifi_broadcast_ssid4 = "1"
sem_get: Key: 410f01ae
[   14.239080] firmadyne: sys_socket[PID: 109 (klogd)]: family:1, type:1, protocol:0
[   14.240253] firmadyne: sys_socket[PID: 109 (klogd)]: family:1, type:2, protocol:0
sem_get: Key: 410f01ae
nvram_set: wifi_allow_guest2 = "0"
sem_get: Key: 410f01ae
sem_get: Key: 410f01ae
nvram_set: wifi_allow_guest3 = "0"
sem_get: Key: 410f01ae
[   14.258979] firmadyne: sys_socket[PID: 109 (klogd)]: family:1, type:1, protocol:0
[   14.260168] firmadyne: sys_socket[PID: 109 (klogd)]: family:1, type:2, protocol:0
sem_get: Key: 410f01ae
nvram_set: wifi_allow_guest4 = "0"
sem_get: Key: 410f01ae
sem_get: Key: 410f01ae
nvram_set: wifi_wep_on = "0"
sem_get: Key: 410f01ae
[   14.279050] firmadyne: sys_socket[PID: 109 (klogd)]: family:1, type:1, protocol:0
[   14.280274] firmadyne: sys_socket[PID: 109 (klogd)]: family:1, type:2, protocol:0
sem_get: Key: 410f01ae
nvram_set: wifi_wep_on2 = "0"
sem_get: Key: 410f01ae
sem_get: Key: 410f01ae
nvram_set: wifi_wep_on3 = "0"
sem_get: Key: 410f01ae
sem_get: Key: 410f01ae
[   14.298983] firmadyne: sys_socket[PID: 109 (klogd)]: family:1, type:1, protocol:0
[   14.300141] firmadyne: sys_socket[PID: 109 (klogd)]: family:1, type:2, protocol:0
nvram_set: wifi_wep_on4 = "0"
sem_get: Key: 410f01ae
sem_get: Key: 410f01ae
nvram_set: wifi_dot11_mode = "8"
sem_get: Key: 410f01ae
sem_get: Key: 410f01ae
[   14.318983] firmadyne: sys_socket[PID: 109 (klogd)]: family:1, type:1, protocol:0
[   14.320187] firmadyne: sys_socket[PID: 109 (klogd)]: family:1, type:2, protocol:0
nvram_set: wifi_dot11_iso = "0"
sem_get: Key: 410f01ae
sem_get: Key: 410f01ae
nvram_set: wifi_radius_port = "1812"
sem_get: Key: 410f01ae
sem_get: Key: 410f01ae
nvram_set: [   14.339010] firmadyne: sys_socket[PID: 109 (klogd)]: family:1, type:1, protocol:0
[   14.340238] firmadyne: sys_socket[PID: 109 (klogd)]: family:1, type:2, protocol:0
wifi_wds = "0"
sem_get: Key: 410f01ae
sem_get: Key: 410f01ae
nvram_set: wifi_wds_apmode = "repeater"
sem_get: Key: 410f01ae
sem_get: Key: 410f01ae
nvram_set: wifi_wds_bridge0mac[   14.359119] firmadyne: sys_socket[PID: 109 (klogd)]: family:1, type:1, protocol:0
[   14.360377] firmadyne: sys_socket[PID: 109 (klogd)]: family:1, type:2, protocol:0
 = ""
sem_get: Key: 410f01ae
sem_get: Key: 410f01ae
nvram_set: wifi_wds_bridge1mac = ""
sem_get: Key: 410f01ae
sem_get: Key: 410f01ae
nvram_set: wifi_wds_bridge2mac = ""
sem_get: Key: [   14.379116] firmadyne: sys_socket[PID: 109 (klogd)]: family:1, type:1, protocol:0
[   14.380258] firmadyne: sys_socket[PID: 109 (klogd)]: family:1, type:2, protocol:0
410f01ae
sem_get: Key: 410f01ae
nvram_set: wifi_wds_bridge3mac = ""
sem_get: Key: 410f01ae
sem_get: Key: 410f01ae
nvram_set: wifi_wds_bridge4mac = ""
sem_get: Key: 410f01ae
[   14.398992] firmadyne: sys_socket[PID: 109 (klogd)]: family:1, type:1, protocol:0
[   14.400149] firmadyne: sys_socket[PID: 109 (klogd)]: family:1, type:2, protocol:0
sem_get: Key: 410f01ae
nvram_set: wifi_wds_repeater1mac = ""
sem_get: Key: 410f01ae
sem_get: Key: 410f01ae
nvram_set: wifi_wds_repeater2mac = ""
sem_get: Key: 410f01ae
sem_get: Key: 410f01ae
[   14.419145] firmadyne: sys_socket[PID: 109 (klogd)]: family:1, type:1, protocol:0
[   14.420320] firmadyne: sys_socket[PID: 109 (klogd)]: family:1, type:2, protocol:0
nvram_set: wifi_wds_repeater3mac = ""
sem_get: Key: 410f01ae
sem_get: Key: 410f01ae
nvram_set: wifi_wds_repeater4mac = ""
sem_get: Key: 410f01ae
sem_get: Key: 410f01ae
[   14.438965] firmadyne: sys_socket[PID: 109 (klogd)]: family:1, type:1, protocol:0
[   14.440134] firmadyne: sys_socket[PID: 109 (klogd)]: family:1, type:2, protocol:0
nvram_set: wifi_frag_thre = "2346"
sem_get: Key: 410f01ae
sem_get: Key: 410f01ae
nvram_set: wifi_rts_thre = "2347"
sem_get: Key: 410f01ae
sem_get: Key: 410f01ae
[   14.459081] firmadyne: sys_socket[PID: 109 (klogd)]: family:1, type:1, protocol:0
[   14.460308] firmadyne: sys_socket[PID: 109 (klogd)]: family:1, type:2, protocol:0
nvram_set: wifi_enable_shortpreamble = "1"
sem_get: Key: 410f01ae
sem_get: Key: 410f01ae
nvram_set: wifi_ssid1 = "NETGEAR-DualBand-N"
sem_get: Key: 410f01ae
sem_get: Key: 410f01ae
[   14.479273] firmadyne: sys_socket[PID: 109 (klogd)]: family:1, type:1, protocol:0
[   14.480436] firmadyne: sys_socket[PID: 109 (klogd)]: family:1, type:2, protocol:0
nvram_set: wifi_ssid12 = "NETGEAR-5G_Guest1"
sem_get: Key: 410f01ae
sem_get: Key: 410f01ae
nvram_set: wifi_ssid13 = "NETGEAR-5G_Guest2"
sem_get: Key: 410f01ae
[   14.498979] firmadyne: sys_socket[PID: 109 (klogd)]: family:1, type:1, protocol:0
[   14.500161] firmadyne: sys_socket[PID: 109 (klogd)]: family:1, type:2, protocol:0
sem_get: Key: 410f01ae
nvram_set: wifi_ssid14 = "NETGEAR-5G_Guest3"
sem_get: Key: 410f01ae
sem_get: Key: 410f01ae
nvram_set: wifi_ssid12_bgn = "0"
sem_get: Key: 410f01ae
[   14.519054] firmadyne: sys_socket[PID: 109 (klogd)]: family:1, type:1, protocol:0
[   14.520260] firmadyne: sys_socket[PID: 109 (klogd)]: family:1, type:2, protocol:0
sem_get: Key: 410f01ae
nvram_set: wifi_ssid12_abgn = "0"
sem_get: Key: 410f01ae
sem_get: Key: 410f01ae
nvram_set: wifi_region1 = "Asia"
sem_get: Key: 410f01ae
sem_get: Key: 410f01ae
[   14.539239] firmadyne: sys_socket[PID: 109 (klogd)]: family:1, type:1, protocol:0
[   14.540481] firmadyne: sys_socket[PID: 109 (klogd)]: family:1, type:2, protocol:0
nvram_set: wifi_channel1 = "36"
sem_get: Key: 410f01ae
sem_get: Key: 410f01ae
nvram_set: wifi_auth_type1 = "3"
sem_get: Key: 410f01ae
sem_get: Key: 410f01ae
[   14.558952] firmadyne: sys_socket[PID: 109 (klogd)]: family:1, type:1, protocol:0
[   14.560122] firmadyne: sys_socket[PID: 109 (klogd)]: family:1, type:2, protocol:0
nvram_set: wifi_auth_type12 = "3"
sem_get: Key: 410f01ae
sem_get: Key: 410f01ae
nvram_set: wifi_auth_type13 = "3"
sem_get: Key: 410f01ae
sem_get: Key: 410f01ae
[   14.578972] firmadyne: sys_socket[PID: 109 (klogd)]: family:1, type:1, protocol:0
[   14.580141] firmadyne: sys_socket[PID: 109 (klogd)]: family:1, type:2, protocol:0
nvram_set: wifi_auth_type14 = "3"
sem_get: Key: 410f01ae
sem_get: Key: 410f01ae
nvram_set: wifi_key_len1 = "0"
sem_get: Key: 410f01ae
sem_get: Key: 410f01ae
nvram_set: wifi_key_len12 = "[   14.598943] firmadyne: sys_socket[PID: 109 (klogd)]: family:1, type:1, protocol:0
[   14.600082] firmadyne: sys_socket[PID: 109 (klogd)]: family:1, type:2, protocol:0
0"
sem_get: Key: 410f01ae
sem_get: Key: 410f01ae
nvram_set: wifi_key_len13 = "0"
sem_get: Key: 410f01ae
sem_get: Key: 410f01ae
nvram_set: wifi_key_len14 = "0"
sem_get: Key: 410f01ae[   14.619169] firmadyne: sys_socket[PID: 109 (klogd)]: family:1, type:1, protocol:0
[   14.620305] firmadyne: sys_socket[PID: 109 (klogd)]: family:1, type:2, protocol:0

sem_get: Key: 410f01ae
nvram_set: wifi_def_key1 = "1"
sem_get: Key: 410f01ae
sem_get: Key: 410f01ae
nvram_set: wifi_def_key12 = "1"
sem_get: Key: 410f01ae
sem_get[   14.639309] firmadyne: sys_socket[PID: 109 (klogd)]: family:1, type:1, protocol:0
[   14.640510] firmadyne: sys_socket[PID: 109 (klogd)]: family:1, type:2, protocol:0
: Key: 410f01ae
nvram_set: wifi_def_key13 = "1"
sem_get: Key: 410f01ae
sem_get: Key: 410f01ae
nvram_set: wifi_def_key14 = "1"
sem_get: Key: 410f01ae
sem_get: Key: 410f01ae
[   14.658985] firmadyne: sys_socket[PID: 109 (klogd)]: family:1, type:1, protocol:0
[   14.660180] firmadyne: sys_socket[PID: 109 (klogd)]: family:1, type:2, protocol:0
nvram_set: wifi_key11 = ""
sem_get: Key: 410f01ae
sem_get: Key: 410f01ae
nvram_set: wifi_key21 = ""
sem_get: Key: 410f01ae
sem_get: Key: 410f01ae
nvram_set: wifi_key31 = ""
[   14.679304] firmadyne: sys_socket[PID: 109 (klogd)]: family:1, type:1, protocol:0
[   14.680459] firmadyne: sys_socket[PID: 109 (klogd)]: family:1, type:2, protocol:0
sem_get: Key: 410f01ae
sem_get: Key: 410f01ae
nvram_set: wifi_key41 = ""
sem_get: Key: 410f01ae
sem_get: Key: 410f01ae
nvram_set: wifi_key112 = ""
sem_get: Key: 410f01ae
sem_get: Key: [   14.698971] firmadyne: sys_socket[PID: 109 (klogd)]: family:1, type:1, protocol:0
[   14.700170] firmadyne: sys_socket[PID: 109 (klogd)]: family:1, type:2, protocol:0
410f01ae
nvram_set: wifi_key212 = ""
sem_get: Key: 410f01ae
sem_get: Key: 410f01ae
nvram_set: wifi_key312 = ""
sem_get: Key: 410f01ae
sem_get: Key: 410f01ae
nvram_set: wifi_key412[   14.719012] firmadyne: sys_socket[PID: 109 (klogd)]: family:1, type:1, protocol:0
[   14.720246] firmadyne: sys_socket[PID: 109 (klogd)]: family:1, type:2, protocol:0
 = ""
sem_get: Key: 410f01ae
sem_get: Key: 410f01ae
nvram_set: wifi_key113 = ""
sem_get: Key: 410f01ae
sem_get: Key: 410f01ae
nvram_set: wifi_key213 = ""
sem_get: Key: 410f01ae
[   14.738955] firmadyne: sys_socket[PID: 109 (klogd)]: family:1, type:1, protocol:0
[   14.740128] firmadyne: sys_socket[PID: 109 (klogd)]: family:1, type:2, protocol:0
sem_get: Key: 410f01ae
nvram_set: wifi_key313 = ""
sem_get: Key: 410f01ae
sem_get: Key: 410f01ae
nvram_set: wifi_key413 = ""
sem_get: Key: 410f01ae
sem_get: Key: 410f01ae
nvram_set[   14.759021] firmadyne: sys_socket[PID: 109 (klogd)]: family:1, type:1, protocol:0
[   14.760188] firmadyne: sys_socket[PID: 109 (klogd)]: family:1, type:2, protocol:0
: wifi_key114 = ""
sem_get: Key: 410f01ae
sem_get: Key: 410f01ae
nvram_set: wifi_key214 = ""
sem_get: Key: 410f01ae
sem_get: Key: 410f01ae
nvram_set: wifi_key314 = ""
sem_get: Key: 410f01ae
[   14.779040] firmadyne: sys_socket[PID: 109 (klogd)]: family:1, type:1, protocol:0
[   14.780218] firmadyne: sys_socket[PID: 109 (klogd)]: family:1, type:2, protocol:0
sem_get: Key: 410f01ae
nvram_set: wifi_key414 = ""
sem_get: Key: 410f01ae
sem_get: Key: 410f01ae
nvram_set: wifi_psk_pwd1 = ""
sem_get: Key: 410f01ae
sem_get: Key: 410f01ae
[   14.798984] firmadyne: sys_socket[PID: 109 (klogd)]: family:1, type:1, protocol:0
[   14.800246] firmadyne: sys_socket[PID: 109 (klogd)]: family:1, type:2, protocol:0
nvram_set: wifi_psk_pwd12 = ""
sem_get: Key: 410f01ae
sem_get: Key: 410f01ae
nvram_set: wifi_psk_pwd13 = ""
sem_get: Key: 410f01ae
sem_get: Key: 410f01ae
nvram_set: wifi_psk_pwd14 = ""
sem_get[   14.819006] firmadyne: sys_socket[PID: 109 (klogd)]: family:1, type:1, protocol:0
[   14.820173] firmadyne: sys_socket[PID: 109 (klogd)]: family:1, type:2, protocol:0
: Key: 410f01ae
sem_get: Key: 410f01ae
nvram_set: wifi_access_control1 = "0"
sem_get: Key: 410f01ae
sem_get: Key: 410f01ae
nvram_set: wifi_access_list1 = ""
sem_get[   14.839074] firmadyne: sys_socket[PID: 109 (klogd)]: family:1, type:1, protocol:0
[   14.840250] firmadyne: sys_socket[PID: 109 (klogd)]: family:1, type:2, protocol:0
: Key: 410f01ae
sem_get: Key: 410f01ae
nvram_set: wifi_if_on1 = "1"
sem_get: Key: 410f01ae
sem_get: Key: 410f01ae
nvram_set: wifi_if_on12 = "0"
sem_get: Key: 410f01ae
[   14.859012] firmadyne: sys_socket[PID: 109 (klogd)]: family:1, type:1, protocol:0
[   14.860176] firmadyne: sys_socket[PID: 109 (klogd)]: family:1, type:2, protocol:0
sem_get: Key: 410f01ae
nvram_set: wifi_if_on13 = "0"
sem_get: Key: 410f01ae
sem_get: Key: 410f01ae
nvram_set: wifi_if_on14 = "0"
sem_get: Key: 410f01ae
sem_get: Key: 410f01ae
[   14.879224] firmadyne: sys_socket[PID: 109 (klogd)]: family:1, type:1, protocol:0
[   14.880421] firmadyne: sys_socket[PID: 109 (klogd)]: family:1, type:2, protocol:0
nvram_set: wifi_broadcast_ssid1 = "1"
sem_get: Key: 410f01ae
sem_get: Key: 410f01ae
nvram_set: wifi_broadcast_ssid12 = "1"
sem_get: Key: 410f01ae
[   14.898994] firmadyne: sys_socket[PID: 109 (klogd)]: family:1, type:1, protocol:0
[   14.900129] firmadyne: sys_socket[PID: 109 (klogd)]: family:1, type:2, protocol:0
sem_get: Key: 410f01ae
nvram_set: wifi_broadcast_ssid13 = "1"
sem_get: Key: 410f01ae
sem_get: Key: 410f01ae
nvram_set: wifi_broadcast_ssid14 = "1"
sem_get: Key: 410f01ae
[   14.918973] firmadyne: sys_socket[PID: 109 (klogd)]: family:1, type:1, protocol:0
[   14.920135] firmadyne: sys_socket[PID: 109 (klogd)]: family:1, type:2, protocol:0
sem_get: Key: 410f01ae
nvram_set: wifi_allow_guest12 = "0"
sem_get: Key: 410f01ae
sem_get: Key: 410f01ae
nvram_set: wifi_allow_guest13 = "0"
sem_get: Key: 410f01ae
sem_get: Key: 410f01ae
[   14.939219] firmadyne: sys_socket[PID: 109 (klogd)]: family:1, type:1, protocol:0
[   14.940387] firmadyne: sys_socket[PID: 109 (klogd)]: family:1, type:2, protocol:0
nvram_set: wifi_allow_guest14 = "0"
sem_get: Key: 410f01ae
sem_get: Key: 410f01ae
nvram_set: wifi_wep_on1 = "0"
sem_get: Key: 410f01ae
sem_get: Key: 410f01ae
[   14.959009] firmadyne: sys_socket[PID: 109 (klogd)]: family:1, type:1, protocol:0
[   14.960218] firmadyne: sys_socket[PID: 109 (klogd)]: family:1, type:2, protocol:0
nvram_set: wifi_wep_on12 = "0"
sem_get: Key: 410f01ae
sem_get: Key: 410f01ae
nvram_set: wifi_wep_on13 = "0"
sem_get: Key: 410f01ae
sem_get: Key: 410f01ae
nvram_set: wifi_wep_on14[   14.978982] firmadyne: sys_socket[PID: 109 (klogd)]: family:1, type:1, protocol:0
[   14.980172] firmadyne: sys_socket[PID: 109 (klogd)]: family:1, type:2, protocol:0
 = "0"
sem_get: Key: 410f01ae
sem_get: Key: 410f01ae
nvram_set: wifi_dot11_mode1 = "8"
sem_get: Key: 410f01ae
sem_get: Key: 410f01ae
nvram_set: wifi_dot11_iso2 = "0"
sem_get: Key: [   14.999146] firmadyne: sys_socket[PID: 109 (klogd)]: family:1, type:1, protocol:0
[   15.000285] firmadyne: sys_socket[PID: 109 (klogd)]: family:1, type:2, protocol:0
410f01ae
sem_get: Key: 410f01ae
nvram_set: wifi_radius_port1 = "1812"
sem_get: Key: 410f01ae
sem_get: Key: 410f01ae
nvram_set: wifi_radius_rekey_secs = "3600"
sem_get: Key: [   15.019128] firmadyne: sys_socket[PID: 109 (klogd)]: family:1, type:1, protocol:0
[   15.020323] firmadyne: sys_socket[PID: 109 (klogd)]: family:1, type:2, protocol:0
410f01ae
sem_get: Key: 410f01ae
nvram_set: wifi_radius_rekey_secs1 = "3600"
sem_get: Key: 410f01ae
sem_get: Key: 410f01ae
nvram_set: wifi_wds1 = "0"
sem_get: Key: 410f01ae[   15.038940] firmadyne: sys_socket[PID: 109 (klogd)]: family:1, type:1, protocol:0
[   15.040092] firmadyne: sys_socket[PID: 109 (klogd)]: family:1, type:2, protocol:0

sem_get: Key: 410f01ae
nvram_set: wifi_wds_apmode1 = "point"
sem_get: Key: 410f01ae
sem_get: Key: 410f01ae
nvram_set: wifi_wds_bridge0mac1 = ""
sem_get: Key: 410f01ae
[   15.058971] firmadyne: sys_socket[PID: 109 (klogd)]: family:1, type:1, protocol:0
[   15.060117] firmadyne: sys_socket[PID: 109 (klogd)]: family:1, type:2, protocol:0
sem_get: Key: 410f01ae
nvram_set: wifi_wds_bridge1mac1 = ""
sem_get: Key: 410f01ae
sem_get: Key: 410f01ae
nvram_set: wifi_wds_bridge2mac1 = ""
sem_get: Key: 410f01ae
[   15.079045] firmadyne: sys_socket[PID: 109 (klogd)]: family:1, type:1, protocol:0
[   15.080268] firmadyne: sys_socket[PID: 109 (klogd)]: family:1, type:2, protocol:0
sem_get: Key: 410f01ae
nvram_set: wifi_wds_bridge3mac1 = ""
sem_get: Key: 410f01ae
sem_get: Key: 410f01ae
nvram_set: wifi_wds_bridge4mac1 = ""
sem_get: Key: 410f01ae
sem_get: Key: 410f01ae
[   15.099021] firmadyne: sys_socket[PID: 109 (klogd)]: family:1, type:1, protocol:0
[   15.100231] firmadyne: sys_socket[PID: 109 (klogd)]: family:1, type:2, protocol:0
nvram_set: wifi_wds_repeater1mac1 = ""
sem_get: Key: 410f01ae
sem_get: Key: 410f01ae
nvram_set: wifi_wds_repeater2mac1 = ""
sem_get: Key: 410f01ae
sem_get: Key: 410f01ae
[   15.118998] firmadyne: sys_socket[PID: 109 (klogd)]: family:1, type:1, protocol:0
[   15.120182] firmadyne: sys_socket[PID: 109 (klogd)]: family:1, type:2, protocol:0
nvram_set: wifi_wds_repeater3mac1 = ""
sem_get: Key: 410f01ae
sem_get: Key: 410f01ae
nvram_set: wifi_wds_repeater4mac1 = ""
sem_get: Key: 410f01ae
sem_get: Key: 410f01ae
nvram_set: wifi_band[   15.138986] firmadyne: sys_socket[PID: 109 (klogd)]: family:1, type:1, protocol:0
[   15.140138] firmadyne: sys_socket[PID: 109 (klogd)]: family:1, type:2, protocol:0
 = "2"
sem_get: Key: 410f01ae
sem_get: Key: 410f01ae
nvram_set: wifi_band1 = "2"
sem_get: Key: 410f01ae
sem_get: Key: 410f01ae
nvram_set: wifi_keep_wep_page = "0"
sem_get: Key: [   15.158919] firmadyne: sys_socket[PID: 109 (klogd)]: family:1, type:1, protocol:0
[   15.160052] firmadyne: sys_socket[PID: 109 (klogd)]: family:1, type:2, protocol:0
410f01ae
sem_get: Key: 410f01ae
nvram_set: wifi_dome_off = "0"
sem_get: Key: 410f01ae
sem_get: Key: 410f01ae
nvram_set: wifi_badge_led_enable = "1"
sem_get: Key: 410f01ae
[   15.179060] firmadyne: sys_socket[PID: 109 (klogd)]: family:1, type:1, protocol:0
[   15.180195] firmadyne: sys_socket[PID: 109 (klogd)]: family:1, type:2, protocol:0
sem_get: Key: 410f01ae
nvram_set: wifi_coexist_enabled = "1"
sem_get: Key: 410f01ae
sem_get: Key: 410f01ae
nvram_set: mail_enable = "0"
sem_get: Key: 410f01ae
sem_get: Key: 410f01ae
[   15.199172] firmadyne: sys_socket[PID: 109 (klogd)]: family:1, type:1, protocol:0
[   15.200395] firmadyne: sys_socket[PID: 109 (klogd)]: family:1, type:2, protocol:0
nvram_set: mail_logfull = "0"
sem_get: Key: 410f01ae
sem_get: Key: 410f01ae
nvram_set: mail_sendlog = "2"
sem_get: Key: 410f01ae
sem_get: Key: 410f01ae
nvram_set[   15.219079] firmadyne: sys_socket[PID: 109 (klogd)]: family:1, type:1, protocol:0
[   15.220275] firmadyne: sys_socket[PID: 109 (klogd)]: family:1, type:2, protocol:0
: mail_server = ""
sem_get: Key: 410f01ae
sem_get: Key: 410f01ae
nvram_set: mail_recipient = ""
sem_get: Key: 410f01ae
sem_get: Key: 410f01ae
nvram_set: mail_dos = "1"
sem_get: Key: 410f01ae
[   15.239096] firmadyne: sys_socket[PID: 109 (klogd)]: family:1, type:1, protocol:0
[   15.240306] firmadyne: sys_socket[PID: 109 (klogd)]: family:1, type:2, protocol:0
sem_get: Key: 410f01ae
nvram_set: mail_portscan = "1"
sem_get: Key: 410f01ae
sem_get: Key: 410f01ae
nvram_set: mail_block = "1"
sem_get: Key: 410f01ae
sem_get: Key: 410f01ae
[   15.259251] firmadyne: sys_socket[PID: 109 (klogd)]: family:1, type:1, protocol:0
[   15.260482] firmadyne: sys_socket[PID: 109 (klogd)]: family:1, type:2, protocol:0
nvram_set: mail_sh_day = "0"
sem_get: Key: 410f01ae
sem_get: Key: 410f01ae
nvram_set: mail_sh_hour = "1"
sem_get: Key: 410f01ae
sem_get: Key: 410f01ae
[   15.278965] firmadyne: sys_socket[PID: 109 (klogd)]: family:1, type:1, protocol:0
[   15.280123] firmadyne: sys_socket[PID: 109 (klogd)]: family:1, type:2, protocol:0
nvram_set: log_asites = "1"
sem_get: Key: 410f01ae
sem_get: Key: 410f01ae
nvram_set: log_block = "1"
sem_get: Key: 410f01ae
sem_get: Key: 410f01ae
nvram_set: log_dos = "1"
[   15.298984] firmadyne: sys_socket[PID: 109 (klogd)]: family:1, type:1, protocol:0
[   15.300148] firmadyne: sys_socket[PID: 109 (klogd)]: family:1, type:2, protocol:0
sem_get: Key: 410f01ae
sem_get: Key: 410f01ae
nvram_set: log_login = "1"
sem_get: Key: 410f01ae
sem_get: Key: 410f01ae
nvram_set: log_gateway = "1"
sem_get: Key: 410f01ae
sem_get[   15.319175] firmadyne: sys_socket[PID: 109 (klogd)]: family:1, type:1, protocol:0
[   15.320340] firmadyne: sys_socket[PID: 109 (klogd)]: family:1, type:2, protocol:0
: Key: 410f01ae
nvram_set: log_fwd = "1"
sem_get: Key: 410f01ae
sem_get: Key: 410f01ae
nvram_set: log_wlan = "1"
sem_get: Key: 410f01ae
sem_get: Key: 410f01ae
nvram_set: [   15.339184] firmadyne: sys_socket[PID: 109 (klogd)]: family:1, type:1, protocol:0
[   15.340433] firmadyne: sys_socket[PID: 109 (klogd)]: family:1, type:2, protocol:0
log_type = "0"
sem_get: Key: 410f01ae
sem_get: Key: 410f01ae
nvram_set: log_remote_ip = ""
sem_get: Key: 410f01ae
sem_get: Key: 410f01ae
nvram_set: fw_disable = "0"
sem_get: Key: 410f01ae[   15.359139] firmadyne: sys_socket[PID: 109 (klogd)]: family:1, type:1, protocol:0
[   15.360318] firmadyne: sys_socket[PID: 109 (klogd)]: family:1, type:2, protocol:0

sem_get: Key: 410f01ae
nvram_set: fw_nat = "1"
sem_get: Key: 410f01ae
sem_get: Key: 410f01ae
nvram_set: fw_block = "0"
sem_get: Key: 410f01ae
sem_get: Key: 410f01ae
[   15.378951] firmadyne: sys_socket[PID: 109 (klogd)]: family:1, type:1, protocol:0
[   15.380105] firmadyne: sys_socket[PID: 109 (klogd)]: family:1, type:2, protocol:0
nvram_set: fw_block_keyword = ""
sem_get: Key: 410f01ae
sem_get: Key: 410f01ae
nvram_set: fw_block_trust_enable = "0"
sem_get: Key: 410f01ae
sem_get: Key: 410f01ae
[   15.398965] firmadyne: sys_socket[PID: 109 (klogd)]: family:1, type:1, protocol:0
[   15.400148] firmadyne: sys_socket[PID: 109 (klogd)]: family:1, type:2, protocol:0
nvram_set: fw_block_trust = ""
sem_get: Key: 410f01ae
sem_get: Key: 410f01ae
[   15.418953] firmadyne: sys_socket[PID: 109 (klogd)]: family:1, type:1, protocol:0
[   15.420155] firmadyne: sys_socket[PID: 109 (klogd)]: family:1, type:2, protocol:0
nvram_set: fw_services_def = "AIM:tcp:5190-5190Age-of-Empire:udp:47624-47624FTP:tcp:20-21HTTP:tcp:80-80ICUII:tcp:23566-23566IP_Phone:tcp:6670-6670NetMeeting:tcp:1720-1720News:tcp:119-119PPTP:tcp:1723-1723QuakeII/III:both:27960-27960Real-Audio:both:6970-7170Telnet:tcp:23-23"
[   15.438983] firmadyne: sys_socket[PID: 109 (klogd)]: family:1, type:1, protocol:0
[   15.440209] firmadyne: sys_socket[PID: 109 (klogd)]: family:1, type:2, protocol:0
sem_get: Key: 410f01ae
sem_get: Key: 410f01ae
nvram_set: fw_services = ""
sem_get: Key: 410f01ae
sem_get: Key: 410f01ae
nvram_set: fw_in_rules = ""
sem_get: Key: 410f01ae
sem_get: Key: 410f01ae
[   15.459370] firmadyne: sys_socket[PID: 109 (klogd)]: family:1, type:1, protocol:0
[   15.460590] firmadyne: sys_socket[PID: 109 (klogd)]: family:1, type:2, protocol:0
nvram_set: fw_out_rules = ""
sem_get: Key: 410f01ae
sem_get: Key: 410f01ae
nvram_set: fw_dmz_enable = "0"
sem_get: Key: 410f01ae
sem_get: Key: 410f01ae
[   15.478962] firmadyne: sys_socket[PID: 109 (klogd)]: family:1, type:1, protocol:0
[   15.480097] firmadyne: sys_socket[PID: 109 (klogd)]: family:1, type:2, protocol:0
nvram_set: fw_dmz = ""
sem_get: Key: 410f01ae
sem_get: Key: 410f01ae
nvram_set: fw_spi = "1"
sem_get: Key: 410f01ae
sem_get: Key: 410f01ae
nvram_set: fw_response_ping = "0"
sem_get: Key: [   15.499024] firmadyne: sys_socket[PID: 109 (klogd)]: family:1, type:1, protocol:0
[   15.500162] firmadyne: sys_socket[PID: 109 (klogd)]: family:1, type:2, protocol:0
410f01ae
sem_get: Key: 410f01ae
nvram_set: fw_schedule = "1111111:00:00-24:00"
sem_get: Key: 410f01ae
sem_get: Key: 410f01ae
nvram_set: fw_time_zone = "GMTb"
sem_get: Key: [   15.518952] firmadyne: sys_socket[PID: 109 (klogd)]: family:1, type:1, protocol:0
[   15.520094] firmadyne: sys_socket[PID: 109 (klogd)]: family:1, type:2, protocol:0
410f01ae
sem_get: Key: 410f01ae
nvram_set: fw_remote = "0"
sem_get: Key: 410f01ae
sem_get: Key: 410f01ae
nvram_set: fw_remote_type = ""
sem_get: Key: 410f01ae
sem_get: Key: 410f01ae
[   15.539151] firmadyne: sys_socket[PID: 109 (klogd)]: family:1, type:1, protocol:0
[   15.540346] firmadyne: sys_socket[PID: 109 (klogd)]: family:1, type:2, protocol:0
nvram_set: fw_remote_range_start = ""
sem_get: Key: 410f01ae
sem_get: Key: 410f01ae
nvram_set: fw_remote_range_end = ""
sem_get: Key: 410f01ae
sem_get: Key: 410f01ae
[   15.558968] firmadyne: sys_socket[PID: 109 (klogd)]: family:1, type:1, protocol:0
[   15.560102] firmadyne: sys_socket[PID: 109 (klogd)]: family:1, type:2, protocol:0
nvram_set: fw_remote_single = ""
sem_get: Key: 410f01ae
sem_get: Key: 410f01ae
nvram_set: fw_remote_port = "8080"
sem_get: Key: 410f01ae
sem_get: Key: 410f01ae
nvram_set: fw_acc_lan = "0"
[   15.579108] firmadyne: sys_socket[PID: 109 (klogd)]: family:1, type:1, protocol:0
[   15.580346] firmadyne: sys_socket[PID: 109 (klogd)]: family:1, type:2, protocol:0
sem_get: Key: 410f01ae
sem_get: Key: 410f01ae
nvram_set: fw_acc_port = "8080"
sem_get: Key: 410f01ae
sem_get: Key: 410f01ae
nvram_set: fw_import = "0"
sem_get: Key: 410f01ae
[   15.598974] firmadyne: sys_socket[PID: 109 (klogd)]: family:1, type:1, protocol:0
[   15.600159] firmadyne: sys_socket[PID: 109 (klogd)]: family:1, type:2, protocol:0
sem_get: Key: 410f01ae
nvram_set: fw_service_block = "0"
sem_get: Key: 410f01ae
sem_get: Key: 410f01ae
nvram_set: ntp_custom = "0"
sem_get: Key: 410f01ae
sem_get: Key: 410f01ae
[   15.618999] firmadyne: sys_socket[PID: 109 (klogd)]: family:1, type:1, protocol:0
[   15.620191] firmadyne: sys_socket[PID: 109 (klogd)]: family:1, type:2, protocol:0
nvram_set: ntp_server = ""
sem_get: Key: 410f01ae
sem_get: Key: 410f01ae
nvram_set: upnp_enable = "1"
sem_get: Key: 410f01ae
sem_get: Key: 410f01ae
nvram_set: upnp_adv_time = "30[   15.639064] firmadyne: sys_socket[PID: 109 (klogd)]: family:1, type:1, protocol:0
[   15.640365] firmadyne: sys_socket[PID: 109 (klogd)]: family:1, type:2, protocol:0
"
sem_get: Key: 410f01ae
sem_get: Key: 410f01ae
nvram_set: upnp_ttl = "4"
sem_get: Key: 410f01ae
sem_get: Key: 410f01ae
nvram_set: upnp_permission = "enable"
sem_get: Key: 410f01ae[   15.659205] firmadyne: sys_socket[PID: 109 (klogd)]: family:1, type:1, protocol:0
[   15.660361] firmadyne: sys_socket[PID: 109 (klogd)]: family:1, type:2, protocol:0

sem_get: Key: 410f01ae
nvram_set: upnp_default = ""
sem_get: Key: 410f01ae
sem_get: Key: 410f01ae
nvram_set: upnp_custom = ""
sem_get: Key: 410f01ae
sem_get[   15.678964] firmadyne: sys_socket[PID: 109 (klogd)]: family:1, type:1, protocol:0
[   15.680108] firmadyne: sys_socket[PID: 109 (klogd)]: family:1, type:2, protocol:0
: Key: 410f01ae
nvram_set: snmp_enable = "0"
sem_get: Key: 410f01ae
sem_get: Key: 410f01ae
nvram_set: snmp_read_community = ""
sem_get: Key: 410f01ae
