[    0.000000] Linux version 4.1.17+ (alessio@pc) (gcc version 5.5.0 20171010 (Ubuntu 5.5.0-12ubuntu1) ) #1 Mon May 15 23:04:08 CEST 2023
[    0.000000] earlycon: Early serial console at I/O port 0x3f8 (options '38400n8')
[    0.000000] bootconsole [uart0] enabled
[    0.000000] CPU0 revision is: 00019300 (MIPS 24Kc)
[    0.000000] FPU revision is: 00739300
[    0.000000] Software DMA cache coherency enabled
[    0.000000] Determined physical RAM map:
[    0.000000]  memory: 00001000 @ 00000000 (reserved)
[    0.000000]  memory: 000ef000 @ 00001000 (ROM data)
[    0.000000]  memory: 00798000 @ 000f0000 (reserved)
[    0.000000]  memory: 0f777000 @ 00888000 (usable)
[    0.000000] debug: ignoring loglevel setting.
[    0.000000] Wasting 69888 bytes for tracking 2184 unused pages
[    0.000000] Initrd not found or empty - disabling initrd
[    0.000000] Zone ranges:
[    0.000000]   DMA      [mem 0x0000000000000000-0x0000000000ffffff]
[    0.000000]   Normal   [mem 0x0000000001000000-0x000000000fffefff]
[    0.000000] Movable zone start for each node
[    0.000000] Early memory node ranges
[    0.000000]   node   0: [mem 0x0000000000000000-0x000000000fffefff]
[    0.000000] Initmem setup node 0 [mem 0x0000000000000000-0x000000000fffefff]
[    0.000000] On node 0 totalpages: 65535
[    0.000000] free_area_init_node: node 0, pgdat 8081d5b0, node_mem_map 81000000
[    0.000000]   DMA zone: 32 pages used for memmap
[    0.000000]   DMA zone: 0 pages reserved
[    0.000000]   DMA zone: 4096 pages, LIFO batch:0
[    0.000000]   Normal zone: 480 pages used for memmap
[    0.000000]   Normal zone: 61439 pages, LIFO batch:15
[    0.000000] Primary instruction cache 2kB, VIPT, 2-way, linesize 16 bytes.
[    0.000000] Primary data cache 2kB, 2-way, VIPT, no aliases, linesize 16 bytes
[    0.000000] pcpu-alloc: s0 r0 d32768 u32768 alloc=1*32768
[    0.000000] pcpu-alloc: [0] 0 
[    0.000000] Built 1 zonelists in Zone order, mobility grouping on.  Total pages: 65023
[    0.000000] Kernel command line: root=/dev/sda1 console=ttyS0 nandsim.parts=64,64,64,64,64,64,64,64,64,64 rdinit=/firmadyne/preInit.sh rw debug ignore_loglevel print-fatal-signals=1 FIRMAE_NET=true FIRMAE_NVRAM=true FIRMAE_KERNEL=true FIRMAE_ETC=true user_debug=0 firmadyne.syscall=1 noka
[    0.000000] found FIRMAE_KERNEL=t
[    0.000000] set the LD_PRELOAD=/firmadyne/libnvram_ioctl.so
[    0.000000] PID hash table entries: 1024 (order: 0, 4096 bytes)
[    0.000000] Dentry cache hash table entries: 32768 (order: 5, 131072 bytes)
[    0.000000] Inode-cache hash table entries: 16384 (order: 4, 65536 bytes)
[    0.000000] Writing ErrCtl register=00000000
[    0.000000] Readback ErrCtl register=00000000
[    0.000000] Memory: 251112K/262140K available (5360K kernel code, 244K rwdata, 1676K rodata, 260K init, 158K bss, 11028K reserved, 0K cma-reserved)
[    0.000000] NR_IRQS:256
[    0.000000] CPU frequency 200.01 MHz
[    0.000000] clocksource MIPS: mask: 0xffffffff max_cycles: 0xffffffff, max_idle_ns: 19111967275 ns
[    0.000221] sched_clock: 32 bits at 100MHz, resolution 9ns, wraps every 21474120699ns
[    0.016298] Console: colour dummy device 80x25
[    0.017466] Calibrating delay loop... 23.07 BogoMIPS (lpj=46144)
[    0.069321] pid_max: default: 32768 minimum: 301
[    0.074044] Mount-cache hash table entries: 1024 (order: 0, 4096 bytes)
[    0.074599] Mountpoint-cache hash table entries: 1024 (order: 0, 4096 bytes)
[    0.145483] clocksource jiffies: mask: 0xffffffff max_cycles: 0xffffffff, max_idle_ns: 7645041785100000 ns
[    0.157447] NET: Registered protocol family 16
[    0.462756] clocksource pit: mask: 0xffffffff max_cycles: 0xffffffff, max_idle_ns: 1601818034827 ns
[    0.634093] vgaarb: loaded
[    0.640355] SCSI subsystem initialized
[    0.643103] libata version 3.00 loaded.
[    0.647972] usbcore: registered new interface driver usbfs
[    0.649535] usbcore: registered new interface driver hub
[    0.650873] usbcore: registered new device driver usb
[    0.653922] pps_core: LinuxPPS API ver. 1 registered
[    0.654355] pps_core: Software ver. 5.3.6 - Copyright 2005-2007 Rodolfo Giometti <giometti@linux.it>
[    0.655371] PTP clock support registered
[    0.660601] PCI host bridge to bus 0000:00
[    0.661407] pci_bus 0000:00: root bus resource [mem 0x10000000-0x17ffffff]
[    0.662236] pci_bus 0000:00: root bus resource [io  0x1000-0x1fffff]
[    0.662886] pci_bus 0000:00: root bus resource [??? 0x00000000 flags 0x0]
[    0.663511] pci_bus 0000:00: No busn resource found for root bus, will use [bus 00-ff]
[    0.664892] pci 0000:00:00.0: [11ab:4620] type 00 class 0x060000
[    0.665903] pci 0000:00:00.0: [Firmware Bug]: reg 0x14: invalid BAR (can't size)
[    0.666748] pci 0000:00:00.0: [Firmware Bug]: reg 0x18: invalid BAR (can't size)
[    0.667389] pci 0000:00:00.0: [Firmware Bug]: reg 0x1c: invalid BAR (can't size)
[    0.668013] pci 0000:00:00.0: [Firmware Bug]: reg 0x20: invalid BAR (can't size)
[    0.668671] pci 0000:00:00.0: [Firmware Bug]: reg 0x24: invalid BAR (can't size)
[    0.673156] pci 0000:00:0a.0: [8086:7110] type 00 class 0x060100
[    0.677071] pci 0000:00:0a.1: [8086:7111] type 00 class 0x010180
[    0.677902] pci 0000:00:0a.1: reg 0x20: [io  0x0000-0x000f]
[    0.678546] pci 0000:00:0a.1: legacy IDE quirk: reg 0x10: [io  0x01f0-0x01f7]
[    0.679358] pci 0000:00:0a.1: legacy IDE quirk: reg 0x14: [io  0x03f6]
[    0.679967] pci 0000:00:0a.1: legacy IDE quirk: reg 0x18: [io  0x0170-0x0177]
[    0.680583] pci 0000:00:0a.1: legacy IDE quirk: reg 0x1c: [io  0x0376]
[    0.684256] pci 0000:00:0a.2: [8086:7112] type 00 class 0x0c0300
[    0.684971] pci 0000:00:0a.2: reg 0x20: [io  0x0000-0x001f]
[    0.688613] pci 0000:00:0a.3: [8086:7113] type 00 class 0x068000
[    0.690143] pci 0000:00:0a.3: quirk: [io  0x1000-0x103f] claimed by PIIX4 ACPI
[    0.690831] pci 0000:00:0a.3: quirk: [io  0x1100-0x110f] claimed by PIIX4 SMB
[    0.694512] pci 0000:00:12.0: [1013:00b8] type 00 class 0x030000
[    0.695194] pci 0000:00:12.0: reg 0x10: [mem 0x00000000-0x01ffffff pref]
[    0.696003] pci 0000:00:12.0: reg 0x14: [mem 0x00000000-0x00000fff]
[    0.696712] pci 0000:00:12.0: reg 0x30: [mem 0x00000000-0x0000ffff pref]
[    0.699660] vgaarb: device added: PCI:0000:00:12.0,decodes=io+mem,owns=none,locks=none
[    0.701263] pci 0000:00:13.0: [8086:100e] type 00 class 0x020000
[    0.701932] pci 0000:00:13.0: reg 0x10: [mem 0x00000000-0x0001ffff]
[    0.702546] pci 0000:00:13.0: reg 0x14: [io  0x0000-0x003f]
[    0.703224] pci 0000:00:13.0: reg 0x30: [mem 0x00000000-0x0003ffff pref]
[    0.706756] pci 0000:00:14.0: [8086:100e] type 00 class 0x020000
[    0.707439] pci 0000:00:14.0: reg 0x10: [mem 0x00000000-0x0001ffff]
[    0.708044] pci 0000:00:14.0: reg 0x14: [io  0x0000-0x003f]
[    0.708883] pci 0000:00:14.0: reg 0x30: [mem 0x00000000-0x0003ffff pref]
[    0.712409] pci 0000:00:15.0: [8086:100e] type 00 class 0x020000
[    0.713257] pci 0000:00:15.0: reg 0x10: [mem 0x00000000-0x0001ffff]
[    0.713865] pci 0000:00:15.0: reg 0x14: [io  0x0000-0x003f]
[    0.714543] pci 0000:00:15.0: reg 0x30: [mem 0x00000000-0x0003ffff pref]
[    0.718087] pci 0000:00:16.0: [8086:100e] type 00 class 0x020000
[    0.718746] pci 0000:00:16.0: reg 0x10: [mem 0x00000000-0x0001ffff]
[    0.719355] pci 0000:00:16.0: reg 0x14: [io  0x0000-0x003f]
[    0.720035] pci 0000:00:16.0: reg 0x30: [mem 0x00000000-0x0003ffff pref]
[    0.723810] pci_bus 0000:00: busn_res: [bus 00-ff] end is updated to 00
[    0.725643] pci 0000:00:12.0: BAR 0: assigned [mem 0x10000000-0x11ffffff pref]
[    0.726480] pci 0000:00:13.0: BAR 6: assigned [mem 0x12000000-0x1203ffff pref]
[    0.727220] pci 0000:00:14.0: BAR 6: assigned [mem 0x12040000-0x1207ffff pref]
[    0.727917] pci 0000:00:15.0: BAR 6: assigned [mem 0x12080000-0x120bffff pref]
[    0.728617] pci 0000:00:16.0: BAR 6: assigned [mem 0x120c0000-0x120fffff pref]
[    0.729305] pci 0000:00:13.0: BAR 0: assigned [mem 0x12100000-0x1211ffff]
[    0.730196] pci 0000:00:14.0: BAR 0: assigned [mem 0x12120000-0x1213ffff]
[    0.730874] pci 0000:00:15.0: BAR 0: assigned [mem 0x12140000-0x1215ffff]
[    0.731559] pci 0000:00:16.0: BAR 0: assigned [mem 0x12160000-0x1217ffff]
[    0.732263] pci 0000:00:12.0: BAR 6: assigned [mem 0x12180000-0x1218ffff pref]
[    0.732935] pci 0000:00:12.0: BAR 1: assigned [mem 0x12190000-0x12190fff]
[    0.733634] pci 0000:00:13.0: BAR 1: assigned [io  0x1040-0x107f]
[    0.734441] pci 0000:00:14.0: BAR 1: assigned [io  0x1080-0x10bf]
[    0.735073] pci 0000:00:15.0: BAR 1: assigned [io  0x10c0-0x10ff]
[    0.735709] pci 0000:00:16.0: BAR 1: assigned [io  0x1400-0x143f]
[    0.736345] pci 0000:00:0a.2: BAR 4: assigned [io  0x1440-0x145f]
[    0.736976] pci 0000:00:0a.1: BAR 4: assigned [io  0x1460-0x146f]
[    0.756868] cfg80211: Calling CRDA to update world regulatory domain
[    0.772395] Switched to clocksource MIPS
[    0.902867] NET: Registered protocol family 2
[    0.916854] TCP established hash table entries: 2048 (order: 1, 8192 bytes)
[    0.918148] TCP bind hash table entries: 2048 (order: 1, 8192 bytes)
[    0.919359] TCP: Hash tables configured (established 2048 bind 2048)
[    0.920731] UDP hash table entries: 256 (order: 0, 4096 bytes)
[    0.921530] UDP-Lite hash table entries: 256 (order: 0, 4096 bytes)
[    0.926118] NET: Registered protocol family 1
[    0.927965] PCI: Enabling device 0000:00:0a.2 (0000 -> 0001)
[    0.929834] PCI: CLS 0 bytes, default 16
[    0.966596] futex hash table entries: 256 (order: -1, 3072 bytes)
[    0.985802] squashfs: version 4.0 (2009/01/31) Phillip Lougher
[    0.988804] jffs2: version 2.2. (NAND) Â© 2001-2006 Red Hat, Inc.
[    0.992771] romfs: ROMFS MTD (C) 2007 Red Hat, Inc.
[    1.020539] Block layer SCSI generic (bsg) driver version 0.4 loaded (major 251)
[    1.021281] io scheduler noop registered
[    1.022085] io scheduler cfq registered (default)
[    1.023219] firmadyne: devfs: 1, execute: 1, procfs: 1, syscall: 1
[    1.030140] firmadyne: Cannot register character device: gpio, 0xfc, 0x0!
[    1.039914] firmadyne: Cannot register character device: watchdog, 0xa, 0x82!
[    1.040667] firmadyne: Cannot register character device: wdt, 0xfd, 0x0!
[    2.998661] strName = 4.1.17+
[    2.998661] init_task_addr  = 2155778944
[    2.998661] init_task_size  = 1296
[    2.998661] ts_tasks        = 292
[    2.998661] ts_pid          = 408
[    2.998661] ts_tgid         = 412
[    2.998661] ts_group_leader = 440
[    2.998661] ts_thread_group = 496
[    2.998661] ts_real_parent  = 416
[    2.998661] ts_mm           = 300
[    2.998661] ts_stack        = 4
[    3.001600] module_name   = 12
[    3.001600] module_size   = 208
[    3.001600] module_init   = 200
[    3.001600] module_list   = 4
[    3.002649] ts_real_cred    = 624
[    3.002649] ts_cred         = 628
[    3.002649] ts_comm         = 632
[    3.002649] cred_uid        = 4
[    3.002649] cred_gid        = 8
[    3.002649] cred_euid       = 20
[    3.002649] cred_egid       = 24
[    3.004357] mm_mmap         = 0
[    3.004357] mm_pgd          = 32
[    3.004357] mm_arg_start    = 136
[    3.004357] mm_start_brk    = 124
[    3.004357] mm_brk          = 128
[    3.004357] mm_start_stack  = 132
[    3.005966] vma_vm_start    = 0
[    3.005966] vma_vm_end      = 4
[    3.005966] vma_vm_next     = 8
[    3.005966] vma_vm_file     = 80
[    3.005966] vma_vm_flags    = 40
[    3.005966] vma_vm_pgoff    = 76
[    3.007420] file_dentry     = 12
[    3.007420] file_inode      = 40
[    3.007420] dentry_d_name   = 24
[    3.007420] dentry_d_iname  = 44
[    3.007420] dentry_d_parent = 16
[    3.007420] ti_task         = 0
[    3.007420] inode_ino   = 28
[    4.229734] proc_fork_connector  = 2151078840
[    4.230146] proc_exit_connector  = 2151080432
[    4.230500] proc_exec_connector  = 2151079052
[    4.230846] vma_link  = 2149124372
[    4.231152] vma_adjust  = 2149124540
[    4.231484] remove_vma  = 2149122188
[    4.231789] modules  = 2155833724
[    4.232106] trim_init_extable  = 2150545316
[    4.233742] cfg80211: Calling CRDA to update world regulatory domain
[    4.237700] PCI: Enabling device 0000:00:12.0 (0000 -> 0002)
[    4.239215] cirrusfb 0000:00:12.0: Cirrus Logic chipset on PCI bus, RAM (4096 kB) at 0x10000000
[    4.486289] Console: switching to colour frame buffer device 80x30
[    4.566060] Serial: 8250/16550 driver, 4 ports, IRQ sharing enabled
[    4.582662] console [ttyS0] disabled
[    4.610674] serial8250.0: ttyS0 at I/O 0x3f8 (irq = 4, base_baud = 115200) is a 16550A
[    4.612101] console [ttyS0] enabled
[    4.612101] console [ttyS0] enabled
[    4.613056] bootconsole [uart0] disabled
[    4.613056] bootconsole [uart0] disabled
[    4.646579] serial8250.0: ttyS1 at I/O 0x2f8 (irq = 3, base_baud = 115200) is a 16550A
[    4.789544] brd: module loaded
[    4.864784] loop: module loaded
[    4.872955] ata_piix 0000:00:0a.1: version 2.13
[    4.873608] PCI: Enabling device 0000:00:0a.1 (0000 -> 0001)
[    4.904071] scsi host0: ata_piix
[    4.910829] scsi host1: ata_piix
[    4.915407] ata1: PATA max UDMA/33 cmd 0x1f0 ctl 0x3f6 bmdma 0x1460 irq 14
[    4.916020] ata2: PATA max UDMA/33 cmd 0x170 ctl 0x376 bmdma 0x1468 irq 15
[    4.924029] [nandsim] warning: read_byte: unexpected data output cycle, state is STATE_READY return 0x0
[    4.924947] [nandsim] warning: read_byte: unexpected data output cycle, state is STATE_READY return 0x0
[    4.925617] [nandsim] warning: read_byte: unexpected data output cycle, state is STATE_READY return 0x0
[    4.926278] [nandsim] warning: read_byte: unexpected data output cycle, state is STATE_READY return 0x0
[    4.926935] [nandsim] warning: read_byte: unexpected data output cycle, state is STATE_READY return 0x0
[    4.927595] [nandsim] warning: read_byte: unexpected data output cycle, state is STATE_READY return 0x0
[    4.928634] nand: device found, Manufacturer ID: 0x98, Chip ID: 0x39
[    4.929147] nand: Toshiba NAND 128MiB 1,8V 8-bit
[    4.929616] nand: 128 MiB, SLC, erase size: 16 KiB, page size: 512, OOB size: 16
[    4.931540] flash size: 128 MiB
[    4.931849] page size: 512 bytes
[    4.932156] OOB area size: 16 bytes
[    4.932670] sector size: 16 KiB
[    4.932976] pages number: 262144
[    4.933275] pages per sector: 32
[    4.933568] bus width: 8
[    4.933830] bits in sector size: 14
[    4.934144] bits in page size: 9
[    4.934447] bits in OOB size: 4
[    4.934751] flash size with OOB: 135168 KiB
[    4.935097] page address bytes: 4
[    4.935399] sector address bytes: 3
[    4.935707] options: 0x42
[    5.035442] Scanning device for bad blocks
[    6.487356] ata2.01: NODEV after polling detection
[    6.488194] ata1.01: NODEV after polling detection
[    6.490399] ata2.00: ATAPI: QEMU DVD-ROM, 2.5+, max UDMA/100
[    6.493308] ata1.00: ATA-7: QEMU HARDDISK, 2.5+, max UDMA/100
[    6.493856] ata1.00: 2097152 sectors, multi 16: LBA48 
[    6.500945] ata2.00: configured for UDMA/33
[    6.503566] ata1.00: configured for UDMA/33
[    6.514030] scsi 0:0:0:0: Direct-Access     ATA      QEMU HARDDISK    2.5+ PQ: 0 ANSI: 5
[    6.533092] sd 0:0:0:0: [sda] 2097152 512-byte logical blocks: (1.07 GB/1.00 GiB)
[    6.534968] scsi 1:0:0:0: CD-ROM            QEMU     QEMU DVD-ROM     2.5+ PQ: 0 ANSI: 5
[    6.550399] sd 0:0:0:0: [sda] Write Protect is off
[    6.551014] sd 0:0:0:0: [sda] Mode Sense: 00 3a 00 00
[    6.553008] sd 0:0:0:0: [sda] Write cache: enabled, read cache: enabled, doesn't support DPO or FUA
[    6.566340]  sda: sda1
[    6.581175] sd 0:0:0:0: [sda] Attached SCSI disk
[    6.581832] Creating 11 MTD partitions on "NAND 128MiB 1,8V 8-bit":
[    6.582589] 0x000000000000-0x000000100000 : "NAND simulator partition 0"
[    6.595852] 0x000000100000-0x000000200000 : "NAND simulator partition 1"
[    6.608562] 0x000000200000-0x000000300000 : "NAND simulator partition 2"
[    6.621462] 0x000000300000-0x000000400000 : "NAND simulator partition 3"
[    6.634372] 0x000000400000-0x000000500000 : "NAND simulator partition 4"
[    6.647398] 0x000000500000-0x000000600000 : "NAND simulator partition 5"
[    6.668862] 0x000000600000-0x000000700000 : "NAND simulator partition 6"
[    6.682600] 0x000000700000-0x000000800000 : "NAND simulator partition 7"
[    6.696052] 0x000000800000-0x000000900000 : "NAND simulator partition 8"
[    6.708766] 0x000000900000-0x000000a00000 : "NAND simulator partition 9"
[    6.721339] 0x000000a00000-0x000008000000 : "NAND simulator partition 10"
[    6.776201] tun: Universal TUN/TAP device driver, 1.6
[    6.776840] tun: (C) 1999-2004 Max Krasnyansky <maxk@qualcomm.com>
[    6.781188] pcnet32: pcnet32.c:v1.35 21.Apr.2008 tsbogend@alpha.franken.de
[    6.782738] e1000: Intel(R) PRO/1000 Network Driver - version 7.3.21-k8-NAPI
[    6.783269] e1000: Copyright (c) 1999-2006 Intel Corporation.
[    6.784570] PCI: Enabling device 0000:00:13.0 (0000 -> 0003)
[    7.105012] e1000 0000:00:13.0 eth0: (PCI:33MHz:32-bit) 52:54:00:12:34:56
[    7.105900] e1000 0000:00:13.0 eth0: Intel(R) PRO/1000 Network Connection
[    7.106842] PCI: Enabling device 0000:00:14.0 (0000 -> 0003)
[    7.376807] cfg80211: Calling CRDA to update world regulatory domain
[    7.427521] e1000 0000:00:14.0 eth1: (PCI:33MHz:32-bit) 52:54:00:12:34:57
[    7.428202] e1000 0000:00:14.0 eth1: Intel(R) PRO/1000 Network Connection
[    7.429318] PCI: Enabling device 0000:00:15.0 (0000 -> 0003)
[    7.749970] e1000 0000:00:15.0 eth2: (PCI:33MHz:32-bit) 52:54:00:12:34:58
[    7.750650] e1000 0000:00:15.0 eth2: Intel(R) PRO/1000 Network Connection
[    7.751517] PCI: Enabling device 0000:00:16.0 (0000 -> 0003)
[    8.074371] e1000 0000:00:16.0 eth3: (PCI:33MHz:32-bit) 52:54:00:12:34:59
[    8.075027] e1000 0000:00:16.0 eth3: Intel(R) PRO/1000 Network Connection
[    8.076878] e1000e: Intel(R) PRO/1000 Network Driver - 2.3.2-k
[    8.077332] e1000e: Copyright(c) 1999 - 2014 Intel Corporation.
[    8.083208] PPP generic driver version 2.4.2
[    8.086098] PPP Deflate Compression module registered
[    8.086925] PPP MPPE Compression module registered
[    8.087452] NET: Registered protocol family 24
[    8.088548] ehci_hcd: USB 2.0 'Enhanced' Host Controller (EHCI) Driver
[    8.089201] ehci-pci: EHCI PCI platform driver
[    8.090690] ohci_hcd: USB 1.1 'Open' Host Controller (OHCI) Driver
[    8.091307] ohci-pci: OHCI PCI platform driver
[    8.092938] uhci_hcd: USB Universal Host Controller Interface driver
[    8.094972] uhci_hcd 0000:00:0a.2: UHCI Host Controller
[    8.095974] uhci_hcd 0000:00:0a.2: new USB bus registered, assigned bus number 1
[    8.097513] uhci_hcd 0000:00:0a.2: irq 11, io base 0x00001440
[    8.112244] hub 1-0:1.0: USB hub found
[    8.113366] hub 1-0:1.0: 2 ports detected
[    8.125925] usbcore: registered new interface driver usb-storage
[    8.131674] mousedev: PS/2 mouse device common for all mice
[    8.140124] rtc_cmos rtc_cmos: rtc core: registered rtc_cmos as rtc0
[    8.141302] rtc_cmos rtc_cmos: alarms up to one day, 242 bytes nvram
[    8.143201] i2c /dev entries driver
[    8.145011] piix4_smbus 0000:00:0a.3: SMBus Host Controller at 0x1100, revision 0
[    8.151297] sdhci: Secure Digital Host Controller Interface driver
[    8.151776] sdhci: Copyright(c) Pierre Ossman
[    8.155063] hidraw: raw HID events driver (C) Jiri Kosina
[    8.180653] usbcore: registered new interface driver usbhid
[    8.181129] usbhid: USB HID core driver
[    8.182552] Netfilter messages via NETLINK v0.30.
[    8.184480] nf_conntrack version 0.5.0 (3923 buckets, 15692 max)
[    8.189008] ctnetlink v0.93: registering with nfnetlink.
[    8.196961] ipip: IPv4 over IPv4 tunneling driver
[    8.213626] ip_tables: (C) 2000-2006 Netfilter Core Team
[    8.217522] arp_tables: (C) 2002 David S. Miller
[    8.219981] Initializing XFRM netlink socket
[    8.221718] NET: Registered protocol family 10
[    8.250973] ip6_tables: (C) 2000-2006 Netfilter Core Team
[    8.256020] sit: IPv6 over IPv4 tunneling driver
[    8.279585] NET: Registered protocol family 17
[    8.280960] bridge: automatic filtering via arp/ip/ip6tables has been deprecated. Update your scripts to load br_netfilter if you need this.
[    8.282397] Bridge firewalling registered
[    8.282949] Ebtables v2.0 registered
[    8.287065] 8021q: 802.1Q VLAN Support v1.8
[    8.315690] rtc_cmos rtc_cmos: setting system clock to 2025-07-23 02:00:55 UTC (1753236055)
[    8.342954] EXT2-fs (sda1): warning: mounting unchecked fs, running e2fsck is recommended
[    8.345659] VFS: Mounted root (ext2 filesystem) on device 8:1.
[    8.357504] Freeing YAMON memory: 956k freed
[    8.371244] Freeing unused kernel memory: 260K (8081f000 - 80860000)
[    8.380819] spurious 8259A interrupt: IRQ7.
[    8.416915] firmadyne: sys_reboot[PID: 48 (init)]: magic1:fee1dead, magic2:28121969, cmd:0
init started:  BusyBox v1.00 (2007.12.04-12:53+0000) multi-call binary
Starting pid 50, console /dev/tts/0: '/etc/init.d/rcS'
[    8.586832] firmadyne: do_execve: /firmadyne/console
[    8.587565] OFFSETS: offset of pid: 0x198 offset of comm: 0x278
[/etc/init.d/S03config.sh]
Mounting proc and var ...
[    9.326388] firmadyne: sys_socket[PID: 71 (wps)]: family:1, type:1, protocol:0
[    9.340188] firmadyne: sys_socket[PID: 71 (wps)]: family:1, type:1, protocol:0
[    9.356096] random: wps urandom read with 94 bits of entropy available
[    9.381710] firmadyne: sys_socket[PID: 71 (wps)]: family:1, type:1, protocol:0
[   10.395364] firmadyne: sys_socket[PID: 71 (wps)]: family:1, type:1, protocol:0
[   10.522578] cfg80211: Calling CRDA to update world regulatory domain
[   11.411486] firmadyne: sys_socket[PID: 71 (wps)]: family:1, type:1, protocol:0
[   12.431672] firmadyne: sys_socket[PID: 71 (wps)]: family:1, type:1, protocol:0
[   12.445208] firmadyne: sys_socket[PID: 71 (wps)]: family:1, type:1, protocol:0
Start xmldb ...
[   12.698008] firmadyne: sys_socket[PID: 74 (xmldb)]: family:1, type:2, protocol:0
[   13.669668] cfg80211: Calling CRDA to update world regulatory domain
[/etc/scripts/misc/profile.sh] get ...
Can't get config from nvram, generate default!
[/etc/scripts/misc/profile.sh] reset ...
[   14.239390] random: nonblocking pool is initialized
[   14.342216] firmadyne: sys_socket[PID: 92 (rgdb)]: family:1, type:2, protocol:0
[/etc/scripts/misc/defnodes.sh] ...
[/etc/defnodes/S10setext.sh] ...
[   14.708875] firmadyne: sys_socket[PID: 100 (xmldbc)]: family:1, type:2, protocol:0
[   14.775610] firmadyne: sys_socket[PID: 101 (xmldbc)]: family:1, type:2, protocol:0
[   14.842676] firmadyne: sys_socket[PID: 102 (xmldbc)]: family:1, type:2, protocol:0
[   14.918145] firmadyne: sys_socket[PID: 103 (xmldbc)]: family:1, type:2, protocol:0
[   14.985204] firmadyne: sys_socket[PID: 104 (xmldbc)]: family:1, type:2, protocol:0
[   15.053714] firmadyne: sys_socket[PID: 105 (xmldbc)]: family:1, type:2, protocol:0
[   15.119757] firmadyne: sys_socket[PID: 106 (xmldbc)]: family:1, type:2, protocol:0
[   15.184959] firmadyne: sys_socket[PID: 107 (xmldbc)]: family:1, type:2, protocol:0
[   15.251681] firmadyne: sys_socket[PID: 108 (xmldbc)]: family:1, type:2, protocol:0
[   15.317378] firmadyne: sys_socket[PID: 109 (xmldbc)]: family:1, type:2, protocol:0
[   15.382946] firmadyne: sys_socket[PID: 110 (xmldbc)]: family:1, type:2, protocol:0
[   15.450282] firmadyne: sys_socket[PID: 111 (xmldbc)]: family:1, type:2, protocol:0
[   15.517507] firmadyne: sys_socket[PID: 112 (xmldbc)]: family:1, type:2, protocol:0
[   15.583456] firmadyne: sys_socket[PID: 113 (xmldbc)]: family:1, type:2, protocol:0
[   15.652870] firmadyne: sys_socket[PID: 114 (xmldbc)]: family:1, type:2, protocol:0
[   15.718731] firmadyne: sys_socket[PID: 115 (xmldbc)]: family:1, type:2, protocol:0
[   15.786786] firmadyne: sys_socket[PID: 116 (xmldbc)]: family:1, type:2, protocol:0
[   15.854576] firmadyne: sys_socket[PID: 117 (xmldbc)]: family:1, type:2, protocol:0
[   15.923120] firmadyne: sys_socket[PID: 118 (xmldbc)]: family:1, type:2, protocol:0
[   15.989781] firmadyne: sys_socket[PID: 119 (xmldbc)]: family:1, type:2, protocol:0
[   16.057215] firmadyne: sys_socket[PID: 120 (xmldbc)]: family:1, type:2, protocol:0
[   16.122456] firmadyne: sys_socket[PID: 121 (xmldbc)]: family:1, type:2, protocol:0
[   16.188995] firmadyne: sys_socket[PID: 122 (xmldbc)]: family:1, type:2, protocol:0
[   16.256068] firmadyne: sys_socket[PID: 123 (xmldbc)]: family:1, type:2, protocol:0
PHP [/etc/defnodes/S11setnodes.php] ...
[   16.383309] firmadyne: sys_socket[PID: 126 (rgdb)]: family:1, type:2, protocol:0
[   16.812751] cfg80211: Calling CRDA to update world regulatory domain
PHP [/etc/defnodes/S12features.php] ...
[   17.015438] firmadyne: sys_socket[PID: 137 (rgdb)]: family:1, type:2, protocol:0
PHP [/etc/defnodes/S13flashspeed.php] ...
[   17.152813] firmadyne: sys_socket[PID: 140 (rgdb)]: family:1, type:2, protocol:0
PHP [/etc/defnodes/S20setnodes.php] ...
[   17.399253] firmadyne: sys_socket[PID: 145 (rgdb)]: family:1, type:2, protocol:0
[   17.563900] firmadyne: sys_socket[PID: 149 (xmldbc)]: family:1, type:2, protocol:0
[   17.743209] firmadyne: sys_socket[PID: 152 (xmldbc)]: family:1, type:2, protocol:0
[   17.903225] firmadyne: sys_socket[PID: 156 (xmldbc)]: family:1, type:2, protocol:0
[   18.073621] firmadyne: sys_socket[PID: 159 (xmldbc)]: family:1, type:2, protocol:0
[   18.211658] firmadyne: sys_socket[PID: 162 (xmldbc)]: family:1, type:2, protocol:0
[   18.278616] firmadyne: sys_socket[PID: 163 (xmldbc)]: family:1, type:2, protocol:0
[   18.345481] firmadyne: sys_socket[PID: 164 (xmldbc)]: family:1, type:2, protocol:0
[   18.414401] firmadyne: sys_socket[PID: 165 (xmldbc)]: family:1, type:2, protocol:0
[   18.481822] firmadyne: sys_socket[PID: 166 (xmldbc)]: family:1, type:2, protocol:0
[   18.550386] firmadyne: sys_socket[PID: 167 (xmldbc)]: family:1, type:2, protocol:0
[   18.616329] firmadyne: sys_socket[PID: 168 (xmldbc)]: family:1, type:2, protocol:0
[   18.786602] EXT3-fs (mtdblock6): error: can't find ext3 filesystem on dev mtdblock6.
[   18.794174] EXT2-fs (mtdblock6): error: can't find an ext2 filesystem on dev mtdblock6.
[   18.801652] EXT4-fs (mtdblock6): VFS: Can't find ext4 filesystem
[   18.817365] cramfs: wrong magic
[   18.825005] squashfs: SQUASHFS error: Can't find a SQUASHFS superblock on mtdblock6
[   18.832289] FAT-fs (mtdblock6): bogus logical sector size 65535
[   18.833241] FAT-fs (mtdblock6): Can't find a valid FAT filesystem
[   18.846843] romfs: VFS: Can't find a romfs filesystem on dev mtdblock6.
[   18.854419] UDF-fs: warning (device mtdblock6): udf_load_vrs: No VRS found
[   18.855252] UDF-fs: warning (device mtdblock6): udf_fill_super: No partition found (2)
mount: Mounting /dev/mtdblock/6 on /www/locale/alt failed: Invalid argument
[   19.013589] firmadyne: sys_socket[PID: 177 (xmldbc)]: family:1, type:2, protocol:0
[   19.239267] firmadyne: sys_socket[PID: 184 (xmldbc)]: family:1, type:2, protocol:0
[   19.378758] firmadyne: sys_socket[PID: 187 (xmldbc)]: family:1, type:2, protocol:0
[   19.447656] firmadyne: sys_socket[PID: 188 (xmldbc)]: family:1, type:2, protocol:0
PHP [/etc/defnodes/S40brand.php] ...
[   19.574670] firmadyne: sys_socket[PID: 191 (rgdb)]: family:1, type:2, protocol:0
[/etc/scripts/misc/defnodes.sh] Done !!
[/etc/scripts/misc/profile.sh] put ...
[   19.956751] cfg80211: Calling CRDA to update world regulatory domain
[   20.020342] firmadyne: sys_socket[PID: 200 (rgdb)]: family:1, type:2, protocol:0
ok
[/etc/templates/timezone.sh] ...
[   20.614335] firmadyne: sys_socket[PID: 209 (rgdb)]: family:1, type:2, protocol:0
[   20.825748] firmadyne: sys_socket[PID: 214 (rgdb)]: family:1, type:2, protocol:0
[   21.569305] firmadyne: sys_socket[PID: 218 (rgdb)]: family:1, type:2, protocol:0
[   21.667783] firmadyne: sys_socket[PID: 220 (rgdb)]: family:1, type:2, protocol:0
[   21.760703] firmadyne: sys_socket[PID: 222 (rgdb)]: family:1, type:2, protocol:0
[/etc/templates/logs.sh] ...
[   21.994655] firmadyne: sys_socket[PID: 228 (rgdb)]: family:1, type:2, protocol:0
[   22.109047] firmadyne: sys_socket[PID: 230 (rgdb)]: family:1, type:2, protocol:0
[/var/run/logs_run.sh] ...
[   22.472705] firmadyne: sys_socket[PID: 234 (syslogd)]: family:1, type:1, protocol:0
Inserting modules ...
Using /lib/modules/wlan.o
insmod: Not configured to support old kernels
Using /lib/modules/wlan_xauth.o
insmod: Not configured to support old kernels
Using /lib/modules/wlan_wep.o
insmod: Not configured to support old kernels
Using /lib/modules/wlan_tkip.o
insmod: Not configured to support old kernels
Using /lib/modules/wlan_scan_sta.o
insmod: Not configured to support old kernels
Using /lib/modules/wlan_scan_ap.o
insmod: Not configured to support old kernels
Using /lib/modules/wlan_ccmp.o
insmod: Not configured to support old kernels
Using /lib/modules/wlan_acl.o
insmod: Not configured to support old kernels
Using /lib/modules/ath_hal.o
[   23.100856] cfg80211: Calling CRDA to update world regulatory domain
insmod: Not configured to support old kernels
Using /lib/modules/ath_rate_atheros.o
insmod: Not configured to support old kernels
Using /lib/modules/ath_dfs.o
insmod: Not configured to support old kernels
[   23.321856] firmadyne: sys_socket[PID: 253 (rgdb)]: family:1, type:2, protocol:0
The countrycode is 840.
Using /lib/modules/ath_ahb.o
insmod: Not configured to support old kernels
[   23.679310] firmadyne: sys_socket[PID: 260 (wlanconfig)]: family:2, type:1, protocol:0
wlanconfig: ioctl: No such device
[   23.882007] firmadyne: sys_socket[PID: 268 (ifconfig)]: family:2, type:1, protocol:0
SIOCSIFHWADDR: No such device
Using /lib/modules/ar231x_access.o
insmod: Not configured to support old kernels
[   24.123333] firmadyne: sys_socket[PID: 277 (ifconfig)]: family:2, type:1, protocol:0
[   24.141906] IPv6: ADDRCONF(NETDEV_UP): eth0: link is not ready
[   24.142595] 8021q: adding VLAN 0 to HW filter on device eth0
[   24.148657] e1000: eth0 NIC Link is Up 1000 Mbps Full Duplex, Flow Control: RX
[   24.153106] IPv6: ADDRCONF(NETDEV_CHANGE): eth0: link becomes ready
[   24.226264] firmadyne: sys_socket[PID: 278 (rgdb)]: family:1, type:2, protocol:0
[   24.317021] firmadyne: sys_socket[PID: 280 (rgdb)]: family:1, type:2, protocol:0
[   24.431410] firmadyne: sys_socket[PID: 282 (rgdb)]: family:1, type:2, protocol:0
[   24.528920] firmadyne: sys_socket[PID: 284 (vconfig)]: family:2, type:2, protocol:0
Set name-type for VLAN subsystem. Should be visible in /proc/net/vlan/config
[   24.595845] firmadyne: sys_socket[PID: 285 (vconfig)]: family:2, type:2, protocol:0
[   24.597910] firmadyne: register_vlan_dev[PID: 285 (vconfig)]: dev:eth0.0 vlan_id:0
[   24.686867] firmadyne: sys_socket[PID: 286 (vconfig)]: family:2, type:2, protocol:0
[   24.688772] firmadyne: register_vlan_dev[PID: 286 (vconfig)]: dev:eth0.2 vlan_id:2
[   24.771607] firmadyne: sys_socket[PID: 287 (brctl)]: family:2, type:2, protocol:0
[   24.857962] firmadyne: sys_socket[PID: 288 (brctl)]: family:2, type:2, protocol:0
[   24.863983] firmadyne: sys_socket[PID: 288 (brctl)]: family:10, type:1, protocol:0
[   24.926810] firmadyne: sys_socket[PID: 289 (brctl)]: family:2, type:2, protocol:0
[   24.933157] firmadyne: sys_socket[PID: 289 (brctl)]: family:10, type:1, protocol:0
[   24.967185] firmadyne: sys_socket[PID: 290 (ifconfig)]: family:2, type:1, protocol:0
[   24.971475] firmadyne: __inet_insert_ifa[PID: 290 (ifconfig)]: device:br0 ifa:0x00000000
[/etc/templates/webs.sh] start ...
[   25.171788] firmadyne: sys_socket[PID: 294 (rgdb)]: family:1, type:2, protocol:0
[   25.321768] firmadyne: sys_socket[PID: 295 (rgdb)]: family:1, type:2, protocol:0
[/var/run/webs_start.sh] ...
Starting HTTPD ...
[/etc/init.d/S03config.sh] done!
[/etc/init.d/S10system.sh]
[   25.776205] firmadyne: sys_socket[PID: 304 (rgdb)]: family:1, type:2, protocol:0
start scheduled ...
[/etc/templates/scheduled.sh] start ...
[   26.200438] firmadyne: sys_socket[PID: 309 (rgdb)]: family:1, type:2, protocol:0
[   26.250114] cfg80211: Calling CRDA to update world regulatory domain
[   26.288291] firmadyne: sys_socket[PID: 312 (route)]: family:2, type:1, protocol:0
[   26.486865] firmadyne: sys_socket[PID: 315 (xmldbc)]: family:1, type:2, protocol:0
[   26.496465] firmadyne: sys_socket[PID: 313 (httpd)]: family:2, type:2, protocol:0
[   26.513098] firmadyne: sys_setsockopt[PID: 313 (httpd)]: fd:4, level:65535, optname:4
[   26.514589] firmadyne: sys_setsockopt[PID: 313 (httpd)]: fd:4, level:65535, optname:25
[   26.515742] firmadyne: inet_bind[PID: 313 (httpd)]: proto:SOCK_STREAM, port:49152
[   26.525385] firmadyne: sys_socket[PID: 313 (httpd)]: family:2, type:1, protocol:0
[   26.526480] firmadyne: sys_setsockopt[PID: 313 (httpd)]: fd:5, level:65535, optname:4
[   26.527557] firmadyne: sys_setsockopt[PID: 313 (httpd)]: fd:5, level:65535, optname:25
[   26.541252] firmadyne: inet_bind[PID: 313 (httpd)]: proto:SOCK_DGRAM, port:1900
[   26.542440] firmadyne: sys_setsockopt[PID: 313 (httpd)]: fd:5, level:0, optname:35
[   26.544383] firmadyne: sys_socket[PID: 313 (httpd)]: family:2, type:2, protocol:0
[   26.553070] firmadyne: sys_setsockopt[PID: 313 (httpd)]: fd:6, level:65535, optname:4
[   26.554151] firmadyne: sys_setsockopt[PID: 313 (httpd)]: fd:6, level:65535, optname:25
[   26.555152] firmadyne: inet_bind[PID: 313 (httpd)]: proto:SOCK_STREAM, port:80
[   26.638589] firmadyne: sys_socket[PID: 313 (httpd)]: family:1, type:1, protocol:0
[   26.659754] firmadyne: sys_socket[PID: 316 (xmldbc)]: family:1, type:2, protocol:0
[/var/run/scheduled_start.sh] ...
Start scheduled ...
setup layout ...
[   26.918617] firmadyne: sys_socket[PID: 320 (scheduled)]: family:1, type:1, protocol:0
[/etc/scripts/layout.sh] start ...
[   27.066678] firmadyne: sys_socket[PID: 325 (rgdb)]: family:1, type:2, protocol:0
[   27.237232] firmadyne: sys_socket[PID: 326 (rgdb)]: family:1, type:2, protocol:0
[/var/run/layout_start.sh] ...
Start router layout ...
/proc/driver/ae531x: cannot create
/proc/driver/ae531x: cannot create
/proc/driver/ae531x: cannot create
/proc/driver/ae531x: cannot create
/proc/driver/ae531x: cannot create
/proc/driver/ae531x: cannot create
/proc/driver/ae531x: cannot create
/proc/driver/ae531x: cannot create
/proc/driver/ae531x: cannot create
/proc/driver/ae531x: cannot create
[   27.597088] firmadyne: sys_socket[PID: 340 (ifconfig)]: family:2, type:1, protocol:0
[   27.626592] firmadyne: sys_socket[PID: 341 (ifconfig)]: family:2, type:1, protocol:0
[   27.690831] firmadyne: sys_socket[PID: 342 (brctl)]: family:2, type:2, protocol:0
[   27.697626] firmadyne: sys_socket[PID: 342 (brctl)]: family:10, type:1, protocol:0
[   27.700430] firmadyne: sys_socket[PID: 342 (brctl)]: family:10, type:1, protocol:0
interface ath0 does not exist!
[   27.788816] firmadyne: sys_socket[PID: 347 (brctl)]: family:2, type:2, protocol:0
[   27.794841] firmadyne: sys_socket[PID: 347 (brctl)]: family:10, type:1, protocol:0
[   27.799601] firmadyne: sys_socket[PID: 347 (brctl)]: family:10, type:1, protocol:0
[   27.801560] firmadyne: br_add_if[PID: 347 (brctl)]: br:br0 dev:eth0.0
[   27.808791] device eth0.0 entered promiscuous mode
[   27.809403] device eth0 entered promiscuous mode
[   27.813249] br0: port 1(eth0.0) entered forwarding state
[   27.814356] br0: port 1(eth0.0) entered forwarding state
[   27.877264] firmadyne: sys_socket[PID: 348 (brctl)]: family:2, type:2, protocol:0
[   27.883276] firmadyne: sys_socket[PID: 348 (brctl)]: family:10, type:1, protocol:0
[   27.888700] firmadyne: sys_socket[PID: 348 (brctl)]: family:10, type:1, protocol:0
can't find port ath0 in bridge br0
[   27.944316] firmadyne: sys_socket[PID: 353 (ifconfig)]: family:2, type:1, protocol:0
[   28.005606] firmadyne: sys_socket[PID: 354 (rgdb)]: family:1, type:2, protocol:0
start LAN ...
[/etc/templates/lan.sh] ...
[   28.241834] firmadyne: sys_socket[PID: 359 (rgdb)]: family:1, type:2, protocol:0
[   28.597708] firmadyne: sys_socket[PID: 360 (rgdb)]: family:1, type:2, protocol:0
[/var/run/lan_start.sh] ...
Start LAN (br0/192.168.0.1/255.255.255.0)...
[   28.927706] firmadyne: sys_socket[PID: 364 (ifconfig)]: family:2, type:1, protocol:0
[   28.930135] firmadyne: __inet_insert_ifa[PID: 364 (ifconfig)]: device:br0 ifa:0xc0a80001
Start DHCP server (br0) ...
[   29.177683] firmadyne: sys_socket[PID: 368 (dhcpxmlpatch)]: family:1, type:2, protocol:0
start fresetd ...
[   29.265530] firmadyne: sys_socket[PID: 367 (udhcpd)]: family:2, type:3, protocol:255
[   29.281090] firmadyne: sys_socket[PID: 367 (udhcpd)]: family:2, type:1, protocol:17
[   29.282332] firmadyne: sys_setsockopt[PID: 367 (udhcpd)]: fd:5, level:65535, optname:4
[   29.283402] firmadyne: sys_setsockopt[PID: 367 (udhcpd)]: fd:5, level:65535, optname:32
[   29.296831] firmadyne: sys_setsockopt[PID: 367 (udhcpd)]: fd:5, level:65535, optname:25
[   29.297988] firmadyne: inet_bind[PID: 367 (udhcpd)]: proto:SOCK_DGRAM, port:67
enable LAN ports ...
Factory reset time : 5 secs
WPS command : [/etc/templates/wps.sh pbc &]
gpio_outen: can not open [/proc/driver/ae531x: cannot create
[   29.393454] cfg80211: Calling CRDA to update world regulatory domain
/proc/ar231x/gpio_cr7] to write.
/proc/driver/ae531x: cannot create
/proc/driver/ae531x: cannot create
/proc/driver/ae531x: cannot create
start WLAN ...
[/etc/templates/wlan.sh] start ...
[   29.654704] firmadyne: sys_socket[PID: 383 (rgdb)]: family:1, type:2, protocol:0
[   30.345065] firmadyne: sys_socket[PID: 386 (rgdb)]: family:1, type:2, protocol:0
[/var/run/wlan_start.sh] ...
Start WLAN interface ath0 ...
[   30.759266] firmadyne: sys_socket[PID: 390 (iwpriv)]: family:2, type:1, protocol:0
ath0      no private ioctls.

[   30.820073] firmadyne: sys_socket[PID: 391 (iwpriv)]: family:2, type:1, protocol:0
ath0      no private ioctls.

[   30.885551] firmadyne: sys_socket[PID: 392 (iwpriv)]: family:2, type:1, protocol:0
ath0      no private ioctls.

[   30.948005] firmadyne: sys_socket[PID: 393 (brctl)]: family:2, type:2, protocol:0
[   30.952391] firmadyne: sys_socket[PID: 393 (brctl)]: family:10, type:1, protocol:0
[   30.958025] firmadyne: sys_socket[PID: 393 (brctl)]: family:10, type:1, protocol:0
can't find port ath0 in bridge br0
[   31.047981] firmadyne: sys_socket[PID: 398 (iwpriv)]: family:2, type:1, protocol:0
ath0      no private ioctls.

[   31.108954] firmadyne: sys_socket[PID: 399 (iwpriv)]: family:2, type:1, protocol:0
ath0      no private ioctls.

[   31.169156] firmadyne: sys_socket[PID: 400 (iwpriv)]: family:2, type:1, protocol:0
ath0      no private ioctls.

[   31.231616] firmadyne: sys_socket[PID: 401 (iwpriv)]: family:2, type:1, protocol:0
ath0      no private ioctls.

[   31.300922] firmadyne: sys_socket[PID: 402 (iwpriv)]: family:2, type:1, protocol:0
ath0      no private ioctls.

[   31.362238] firmadyne: sys_socket[PID: 403 (iwconfig)]: family:2, type:1, protocol:0
Error for wireless request "Set Frequency" (8B04) :
    SET failed on device ath0 ; Invalid argument.
[   31.428805] firmadyne: sys_socket[PID: 404 (iwconfig)]: family:2, type:1, protocol:0
Error for wireless request "Set RTS Threshold" (8B22) :
    SET failed on device ath0 ; [   31.454926] firmadyne: inet_accept[PID: 313 (httpd)]:
[   31.458685] firmadyne: inet_accept[PID: 313 (httpd)]:
Invalid argument.
[   31.516307] firmadyne: sys_socket[PID: 405 (iwconfig)]: family:2, type:1, protocol:0
Error for wireless request "Set Fragmentation Threshold" (8B24) :
    SET failed on device ath0 ; Invalid argument.
[   31.589368] firmadyne: sys_socket[PID: 406 (iwconfig)]: family:2, type:1, protocol:0
Error for wireless request "Set Bit Rate" (8B20) :
    SET failed on device ath0 ; Invalid argument.
[   31.657736] firmadyne: sys_socket[PID: 407 (iwpriv)]: family:2, type:1, protocol:0
ath0      no private ioctls.

[   31.717903] firmadyne: sys_socket[PID: 408 (iwpriv)]: family:2, type:1, protocol:0
ath0      no private ioctls.

/proc/net/br_forward_br0: cannot create
[   31.795313] firmadyne: sys_socket[PID: 410 (iwpriv)]: family:2, type:1, protocol:0
ath0      no private ioctls.

[   31.857388] firmadyne: sys_socket[PID: 411 (iwpriv)]: family:2, type:1, protocol:0
ath0      no private ioctls.

[   31.918448] firmadyne: sys_socket[PID: 412 (iwpriv)]: family:2, type:1, protocol:0
ath0      no private ioctls.

[   32.037835] firmadyne: sys_socket[PID: 413 (iwpriv)]: family:2, type:1, protocol:0
ath0      no private ioctls.

[   32.101840] firmadyne: sys_socket[PID: 414 (iwconfig)]: family:2, type:1, protocol:0
Error for wireless request "Set ESSID" (8B1A) :
    SET failed on device ath0 ; Invalid argument.
[   32.200870] firmadyne: sys_socket[PID: 417 (ifconfig)]: family:2, type:1, protocol:0
SIOCGIFFLAGS: No such device
[   32.319907] firmadyne: sys_socket[PID: 416 (wlxmlpatch)]: family:1, type:2, protocol:0
[   32.347242] firmadyne: sys_socket[PID: 416 (wlxmlpatch)]: family:1, type:2, protocol:0
[   32.357404] firmadyne: sys_socket[PID: 416 (wlxmlpatch)]: family:2, type:1, protocol:0
madwifi_poll: ioctl_get_ssid() fail, return -Configuration file: /var/run/hostapd.ath0.conf
1 !
[   32.373763] firmadyne: sys_socket[PID: 416 (wlxmlpatch)]: family:1, type:2, protocol:0
[   32.400371] firmadyne: sys_socket[PID: 415 (hostapd)]: family:2, type:1, protocol:0
[   32.450954] firmadyne: sys_socket[PID: 422 (usockc)]: family:1, type:1, protocol:0
Unable to open socket file : ioctl(SIOCGIFINDEX): No such device
/var/run/fresetd_unixsock
madwifi driver initialization failed.
[   32.537343] cfg80211: Calling CRDA to update world regulatory domain
[/etc/templates/wps.sh] setie ...
[   32.886236] firmadyne: sys_socket[PID: 429 (atp)]: family:1, type:2, protocol:0
[   33.090331] firmadyne: sys_socket[PID: 430 (xmldbc)]: family:1, type:2, protocol:0
[   34.322023] firmadyne: sys_socket[PID: 431 (wps)]: family:1, type:1, protocol:0
[   35.542924] firmadyne: sys_socket[PID: 432 (atp)]: family:1, type:2, protocol:0
[   35.681244] cfg80211: Exceeded CRDA call max attempts. Not calling CRDA
[   36.999164] firmadyne: sys_socket[PID: 433 (atp)]: family:1, type:2, protocol:0
[   43.408223] firmadyne: sys_socket[PID: 431 (wps)]: family:1, type:1, protocol:0
[   43.972213] firmadyne: sys_socket[PID: 434 (atp)]: family:1, type:2, protocol:0
[   44.418938] firmadyne: sys_socket[PID: 431 (wps)]: family:1, type:1, protocol:0
[   44.707556] firmadyne: sys_socket[PID: 435 (atp)]: family:1, type:2, protocol:0
[   45.433952] firmadyne: sys_socket[PID: 436 (atp)]: family:1, type:2, protocol:0
[   45.441607] firmadyne: sys_socket[PID: 431 (wps)]: family:1, type:1, protocol:0
[   46.175122] firmadyne: sys_socket[PID: 437 (atp)]: family:1, type:2, protocol:0
[   46.467924] firmadyne: sys_socket[PID: 431 (wps)]: family:1, type:1, protocol:0
[   46.484039] firmadyne: sys_socket[PID: 431 (wps)]: family:1, type:1, protocol:0
[   46.493929] firmadyne: sys_socket[PID: 431 (wps)]: family:1, type:1, protocol:0
[   46.905451] firmadyne: sys_socket[PID: 438 (atp)]: family:1, type:2, protocol:0
[   47.506191] firmadyne: sys_socket[PID: 431 (wps)]: family:1, type:1, protocol:0
[   47.643847] firmadyne: sys_socket[PID: 439 (atp)]: family:1, type:2, protocol:0
[   48.401880] firmadyne: sys_socket[PID: 440 (atp)]: family:1, type:2, protocol:0
[   48.525482] firmadyne: sys_socket[PID: 431 (wps)]: family:1, type:1, protocol:0
[   49.542950] firmadyne: sys_socket[PID: 431 (wps)]: family:1, type:1, protocol:0
[   49.561924] firmadyne: sys_socket[PID: 431 (wps)]: family:1, type:1, protocol:0
Start WLAN interface ath0 Done !!!
start Guest Zone
[/etc/templates/gzone.sh] ...
[   50.586471] firmadyne: sys_socket[PID: 447 (xmldbc)]: family:1, type:2, protocol:0
[   50.658933] firmadyne: sys_socket[PID: 448 (xmldbc)]: family:1, type:2, protocol:0
[/etc/templates/enable_gzone.sh] ...
start RG ...
[/etc/templates/rg.sh] start ...
[   51.035327] firmadyne: sys_socket[PID: 457 (rgdb)]: family:1, type:2, protocol:0
[   51.360551] firmadyne: sys_socket[PID: 459 (rgdb)]: family:1, type:2, protocol:0
[   51.363752] firmadyne: sys_socket[PID: 458 (atp)]: family:1, type:2, protocol:0
[   52.677185] 
do_page_fault(): sending SIGSEGV to xmldb for invalid write access to 7f8ff000
[   52.678642] epc = 77014f80 in libc.so.0[76fc3000+63000]
[   52.681173] ra  = 0040bb5c in xmldb[400000+14000]
[   52.682605] 
[   52.686393] potentially unexpected fatal signal 11.
[   52.687939] CPU: 0 PID: 74 Comm: xmldb Not tainted 4.1.17+ #1
[   52.689916] task: 8f0a4598 ti: 8f0c4000 task.ti: 8f0c4000
[   52.691019] $ 0   : 00000000 0041361c 0000007a 7a000000
[   52.693107] $ 4   : 7f8fdb50 7f8fedfc 7f8ff000 7f8fdb4f
[   52.694792] $ 8   : 7f8fd950 7706b680 00000001 7706b6b4
[   52.696848] $12   : 00000000 7706b6a0 00000057 093d2022
[   52.698482] $16   : 00000001 00000001 00000000 1000f270
[   52.700086] $20   : 0000002e 1000f21c 00000001 7f8fe198
[   52.702142] $24   : 00000003 77014f50                  
[   52.703760] $28   : 7706e460 7f8fd938 00000000 0040bb5c
[   52.705841] Hi    : 00000005
[   52.706645] Lo    : 19999999
[   52.707672] epc   : 77014f80 0x77014f80
[   52.709148] ra    : 0040bb5c 0x40bb5c
[   52.710030] Status: 0000a413	USER EXL IE 
[   52.711342] Cause : 1080000c
[   52.712141] BadVA : 7f8ff000
[   52.713468] PrId  : 00019300 (MIPS 24Kc)
start DNRD ...
[/etc/templates/dnrd.sh] ...
[   52.995018] firmadyne: sys_socket[PID: 465 (rgdb)]: family:1, type:2, protocol:0
[   53.155153] firmadyne: sys_socket[PID: 468 (rgdb)]: family:1, type:2, protocol:0
[   53.219482] firmadyne: sys_socket[PID: 469 (rgdb)]: family:1, type:2, protocol:0
[   53.851005] firmadyne: sys_socket[PID: 477 (rgdb)]: family:1, type:2, protocol:0
[/usr/sbin/submit] COMMIT ...
[   54.332152] firmadyne: sys_socket[PID: 482 (xmldbc)]: family:1, type:2, protocol:0
[   54.511802] firmadyne: sys_socket[PID: 484 (rgdb)]: family:1, type:2, protocol:0
start WAN ...
[/etc/scripts/misc/profile.sh] put ...
[   55.184311] firmadyne: sys_socket[PID: 491 (rgdb)]: family:1, type:2, protocol:0
Set WAN port media type 0
open failed (/proc/driver/ae531x)...
[   55.747583] firmadyne: sys_socket[PID: 498 (rgdb)]: family:1, type:2, protocol:0
failed
[/usr/sbin/submit] DHCPD ...
[   56.647871] firmadyne: sys_socket[PID: 508 (xmldbc)]: family:1, type:2, protocol:0
open failed (/proc/driver/ae531x)...
[/etc/templates/dhcpd.sh] ...
[   57.178913] firmadyne: sys_socket[PID: 513 (rgdb)]: family:1, type:2, protocol:0
[   57.390159] firmadyne: sys_socket[PID: 515 (rgdb)]: family:1, type:2, protocol:0
[   58.204596] firmadyne: sys_socket[PID: 517 (atp)]: family:1, type:2, protocol:0
[   58.994534] firmadyne: sys_socket[PID: 518 (atp)]: family:1, type:2, protocol:0
[/etc/templates/wan.sh] start ...
[   59.180726] firmadyne: sys_socket[PID: 522 (rgdb)]: family:1, type:2, protocol:0
[   59.245174] firmadyne: sys_socket[PID: 523 (rgdb)]: family:1, type:2, protocol:0
start LLD2D ...
[/etc/templates/lld2d.sh] ...
[   59.534261] firmadyne: sys_socket[PID: 530 (rgdb)]: family:1, type:2, protocol:0
[   59.787656] firmadyne: sys_socket[PID: 531 (rgdb)]: family:1, type:2, protocol:0
[   60.368213] firmadyne: sys_socket[PID: 538 (rgdb)]: family:1, type:2, protocol:0
[/etc/templates/timezone.sh] ...
[   60.905374] firmadyne: sys_socket[PID: 544 (rgdb)]: family:1, type:2, protocol:0
[   61.007631] firmadyne: sys_socket[PID: 546 (rgdb)]: family:1, type:2, protocol:0
start igmpproxy ...
[/etc/templates/igmpproxy.sh] start ...
[   62.101421] firmadyne: sys_socket[PID: 560 (rgdb)]: family:1, type:2, protocol:0
[   62.111954] firmadyne: sys_socket[PID: 559 (xmldbc)]: family:1, type:2, protocol:0
[   62.394647] firmadyne: sys_socket[PID: 561 (xmldbc)]: family:1, type:2, protocol:0
[   62.487241] firmadyne: sys_socket[PID: 563 (rgdb)]: family:1, type:2, protocol:0
[/etc/init.d/S10system.sh] done!
[   62.933959] firmadyne: sys_socket[PID: 567 (rgdb)]: family:1, type:2, protocol:0
rcS done!
Wed May 22 10:01:51 UTC 2002
[   64.662605] firmadyne: sys_socket[PID: 595 (rgdb)]: family:1, type:2, protocol:0
[/etc/templates/timezone.sh] ...
[   65.272212] firmadyne: sys_socket[PID: 603 (rgdb)]: family:1, type:2, protocol:0
[   65.817107] firmadyne: sys_socket[PID: 610 (rgdb)]: family:1, type:2, protocol:0
[   65.996500] firmadyne: sys_socket[PID: 612 (rgdb)]: family:1, type:2, protocol:0
[   66.177447] firmadyne: sys_socket[PID: 614 (rgdb)]: family:1, type:2, protocol:0
Wed May 22 15:39:58 UTC 2002
[   66.938683] firmadyne: sys_socket[PID: 620 (rgdb)]: family:1, type:2, protocol:0
[/usr/sbin/submit] COMMIT ...
[   67.338015] firmadyne: sys_socket[PID: 625 (xmldbc)]: family:1, type:2, protocol:0
[/etc/scripts/misc/profile.sh] put ...
[   68.009711] firmadyne: sys_socket[PID: 631 (rgdb)]: family:1, type:2, protocol:0
failed
[/usr/sbin/submit] TIME ...
[   68.910796] firmadyne: sys_socket[PID: 641 (xmldbc)]: family:1, type:2, protocol:0
[/etc/templates/timezone.sh] ...
[   69.436461] firmadyne: sys_socket[PID: 646 (rgdb)]: family:1, type:2, protocol:0
[/etc/templates/ntp.sh] ...
[   70.164689] firmadyne: sys_socket[PID: 654 (rgdb)]: family:1, type:2, protocol:0
[   70.309353] firmadyne: sys_socket[PID: 656 (rgdb)]: family:1, type:2, protocol:0
[   70.522214] firmadyne: sys_socket[PID: 658 (rgdb)]: family:1, type:2, protocol:0
[   70.884053] firmadyne: sys_socket[PID: 662 (rgdb)]: family:1, type:2, protocol:0
[   70.925268] firmadyne: sys_socket[PID: 663 (rgdb)]: family:1, type:2, protocol:0
[   71.159964] firmadyne: sys_socket[PID: 664 (rgdb)]: family:1, type:2, protocol:0
[   71.311886] firmadyne: sys_socket[PID: 667 (rgdb)]: family:1, type:2, protocol:0
[/usr/sbin/submit] COMMIT ...
[   72.476183] firmadyne: sys_socket[PID: 674 (xmldbc)]: family:1, type:2, protocol:0
[/etc/scripts/misc/profile.sh] put ...
[   73.149228] firmadyne: sys_socket[PID: 680 (rgdb)]: family:1, type:2, protocol:0
failed
[/usr/sbin/submit] COMMIT ...
[   74.973821] firmadyne: sys_socket[PID: 695 (xmldbc)]: family:1, type:2, protocol:0
[/etc/scripts/misc/profile.sh] put ...
[   75.642246] firmadyne: sys_socket[PID: 701 (rgdb)]: family:1, type:2, protocol:0
failed
[/usr/sbin/submit] COMMIT ...
[   77.231230] firmadyne: sys_socket[PID: 712 (xmldbc)]: family:1, type:2, protocol:0
[/etc/scripts/misc/profile.sh] put ...
[   77.900070] firmadyne: sys_socket[PID: 718 (rgdb)]: family:1, type:2, protocol:0
failed
