[    0.000000] Linux version 4.1.17+ (alessio@pc) (gcc version 5.5.0 20171010 (Ubuntu 5.5.0-12ubuntu1) ) #1 Mon May 15 23:04:08 CEST 2023
[    0.000000] earlycon: Early serial console at I/O port 0x3f8 (options '38400n8')
[    0.000000] bootconsole [uart0] enabled
[    0.000000] CPU0 revision is: 00019300 (MIPS 24Kc)
[    0.000000] FPU revision is: 00739300
[    0.000000] Software DMA cache coherency enabled
[    0.000000] Determined physical RAM map:
[    0.000000]  memory: 00001000 @ 00000000 (reserved)
[    0.000000]  memory: 000ef000 @ 00001000 (ROM data)
[    0.000000]  memory: 00798000 @ 000f0000 (reserved)
[    0.000000]  memory: 0f777000 @ 00888000 (usable)
[    0.000000] debug: ignoring loglevel setting.
[    0.000000] Wasting 69888 bytes for tracking 2184 unused pages
[    0.000000] Initrd not found or empty - disabling initrd
[    0.000000] Zone ranges:
[    0.000000]   DMA      [mem 0x0000000000000000-0x0000000000ffffff]
[    0.000000]   Normal   [mem 0x0000000001000000-0x000000000fffefff]
[    0.000000] Movable zone start for each node
[    0.000000] Early memory node ranges
[    0.000000]   node   0: [mem 0x0000000000000000-0x000000000fffefff]
[    0.000000] Initmem setup node 0 [mem 0x0000000000000000-0x000000000fffefff]
[    0.000000] On node 0 totalpages: 65535
[    0.000000] free_area_init_node: node 0, pgdat 8081d5b0, node_mem_map 81000000
[    0.000000]   DMA zone: 32 pages used for memmap
[    0.000000]   DMA zone: 0 pages reserved
[    0.000000]   DMA zone: 4096 pages, LIFO batch:0
[    0.000000]   Normal zone: 480 pages used for memmap
[    0.000000]   Normal zone: 61439 pages, LIFO batch:15
[    0.000000] Primary instruction cache 2kB, VIPT, 2-way, linesize 16 bytes.
[    0.000000] Primary data cache 2kB, 2-way, VIPT, no aliases, linesize 16 bytes
[    0.000000] pcpu-alloc: s0 r0 d32768 u32768 alloc=1*32768
[    0.000000] pcpu-alloc: [0] 0 
[    0.000000] Built 1 zonelists in Zone order, mobility grouping on.  Total pages: 65023
[    0.000000] Kernel command line: root=/dev/sda1 console=ttyS0 nandsim.parts=64,64,64,64,64,64,64,64,64,64 rdinit=/firmadyne/preInit.sh rw debug ignore_loglevel print-fatal-signals=1 FIRMAE_NET=true FIRMAE_NVRAM=true FIRMAE_KERNEL=true FIRMAE_ETC=true user_debug=0 firmadyne.syscall=1 noka
[    0.000000] found FIRMAE_KERNEL=t
[    0.000000] set the LD_PRELOAD=/firmadyne/libnvram_ioctl.so
[    0.000000] PID hash table entries: 1024 (order: 0, 4096 bytes)
[    0.000000] Dentry cache hash table entries: 32768 (order: 5, 131072 bytes)
[    0.000000] Inode-cache hash table entries: 16384 (order: 4, 65536 bytes)
[    0.000000] Writing ErrCtl register=00000000
[    0.000000] Readback ErrCtl register=00000000
[    0.000000] Memory: 251112K/262140K available (5360K kernel code, 244K rwdata, 1676K rodata, 260K init, 158K bss, 11028K reserved, 0K cma-reserved)
[    0.000000] NR_IRQS:256
[    0.000000] CPU frequency 200.00 MHz
[    0.000000] clocksource MIPS: mask: 0xffffffff max_cycles: 0xffffffff, max_idle_ns: 19112616315 ns
[    0.000184] sched_clock: 32 bits at 99MHz, resolution 10ns, wraps every 21474849786ns
[    0.012727] Console: colour dummy device 80x25
[    0.013726] Calibrating delay loop... 33.15 BogoMIPS (lpj=66304)
[    0.065956] pid_max: default: 32768 minimum: 301
[    0.069807] Mount-cache hash table entries: 1024 (order: 0, 4096 bytes)
[    0.070276] Mountpoint-cache hash table entries: 1024 (order: 0, 4096 bytes)
[    0.128394] clocksource jiffies: mask: 0xffffffff max_cycles: 0xffffffff, max_idle_ns: 7645041785100000 ns
[    0.138721] NET: Registered protocol family 16
[    0.380733] clocksource pit: mask: 0xffffffff max_cycles: 0xffffffff, max_idle_ns: 1601818034827 ns
[    0.518609] vgaarb: loaded
[    0.523882] SCSI subsystem initialized
[    0.526021] libata version 3.00 loaded.
[    0.529967] usbcore: registered new interface driver usbfs
[    0.531372] usbcore: registered new interface driver hub
[    0.532346] usbcore: registered new device driver usb
[    0.534667] pps_core: LinuxPPS API ver. 1 registered
[    0.535171] pps_core: Software ver. 5.3.6 - Copyright 2005-2007 Rodolfo Giometti <giometti@linux.it>
[    0.535994] PTP clock support registered
[    0.540399] PCI host bridge to bus 0000:00
[    0.541076] pci_bus 0000:00: root bus resource [mem 0x10000000-0x17ffffff]
[    0.541611] pci_bus 0000:00: root bus resource [io  0x1000-0x1fffff]
[    0.542141] pci_bus 0000:00: root bus resource [??? 0x00000000 flags 0x0]
[    0.542655] pci_bus 0000:00: No busn resource found for root bus, will use [bus 00-ff]
[    0.543971] pci 0000:00:00.0: [11ab:4620] type 00 class 0x060000
[    0.544880] pci 0000:00:00.0: [Firmware Bug]: reg 0x14: invalid BAR (can't size)
[    0.545390] pci 0000:00:00.0: [Firmware Bug]: reg 0x18: invalid BAR (can't size)
[    0.545883] pci 0000:00:00.0: [Firmware Bug]: reg 0x1c: invalid BAR (can't size)
[    0.546389] pci 0000:00:00.0: [Firmware Bug]: reg 0x20: invalid BAR (can't size)
[    0.546918] pci 0000:00:00.0: [Firmware Bug]: reg 0x24: invalid BAR (can't size)
[    0.550794] pci 0000:00:0a.0: [8086:7110] type 00 class 0x060100
[    0.554028] pci 0000:00:0a.1: [8086:7111] type 00 class 0x010180
[    0.554894] pci 0000:00:0a.1: reg 0x20: [io  0x0000-0x000f]
[    0.555441] pci 0000:00:0a.1: legacy IDE quirk: reg 0x10: [io  0x01f0-0x01f7]
[    0.556118] pci 0000:00:0a.1: legacy IDE quirk: reg 0x14: [io  0x03f6]
[    0.556635] pci 0000:00:0a.1: legacy IDE quirk: reg 0x18: [io  0x0170-0x0177]
[    0.557146] pci 0000:00:0a.1: legacy IDE quirk: reg 0x1c: [io  0x0376]
[    0.560017] pci 0000:00:0a.2: [8086:7112] type 00 class 0x0c0300
[    0.560714] pci 0000:00:0a.2: reg 0x20: [io  0x0000-0x001f]
[    0.563534] pci 0000:00:0a.3: [8086:7113] type 00 class 0x068000
[    0.564815] pci 0000:00:0a.3: quirk: [io  0x1000-0x103f] claimed by PIIX4 ACPI
[    0.565388] pci 0000:00:0a.3: quirk: [io  0x1100-0x110f] claimed by PIIX4 SMB
[    0.568134] pci 0000:00:12.0: [1013:00b8] type 00 class 0x030000
[    0.568851] pci 0000:00:12.0: reg 0x10: [mem 0x00000000-0x01ffffff pref]
[    0.569379] pci 0000:00:12.0: reg 0x14: [mem 0x00000000-0x00000fff]
[    0.569949] pci 0000:00:12.0: reg 0x30: [mem 0x00000000-0x0000ffff pref]
[    0.572534] vgaarb: device added: PCI:0000:00:12.0,decodes=io+mem,owns=none,locks=none
[    0.573866] pci 0000:00:13.0: [8086:100e] type 00 class 0x020000
[    0.574409] pci 0000:00:13.0: reg 0x10: [mem 0x00000000-0x0001ffff]
[    0.574902] pci 0000:00:13.0: reg 0x14: [io  0x0000-0x003f]
[    0.575448] pci 0000:00:13.0: reg 0x30: [mem 0x00000000-0x0003ffff pref]
[    0.578249] pci 0000:00:14.0: [8086:100e] type 00 class 0x020000
[    0.578779] pci 0000:00:14.0: reg 0x10: [mem 0x00000000-0x0001ffff]
[    0.579291] pci 0000:00:14.0: reg 0x14: [io  0x0000-0x003f]
[    0.579846] pci 0000:00:14.0: reg 0x30: [mem 0x00000000-0x0003ffff pref]
[    0.582768] pci 0000:00:15.0: [8086:100e] type 00 class 0x020000
[    0.583309] pci 0000:00:15.0: reg 0x10: [mem 0x00000000-0x0001ffff]
[    0.583806] pci 0000:00:15.0: reg 0x14: [io  0x0000-0x003f]
[    0.584361] pci 0000:00:15.0: reg 0x30: [mem 0x00000000-0x0003ffff pref]
[    0.587247] pci 0000:00:16.0: [8086:100e] type 00 class 0x020000
[    0.587937] pci 0000:00:16.0: reg 0x10: [mem 0x00000000-0x0001ffff]
[    0.588456] pci 0000:00:16.0: reg 0x14: [io  0x0000-0x003f]
[    0.588998] pci 0000:00:16.0: reg 0x30: [mem 0x00000000-0x0003ffff pref]
[    0.592028] pci_bus 0000:00: busn_res: [bus 00-ff] end is updated to 00
[    0.593437] pci 0000:00:12.0: BAR 0: assigned [mem 0x10000000-0x11ffffff pref]
[    0.594316] pci 0000:00:13.0: BAR 6: assigned [mem 0x12000000-0x1203ffff pref]
[    0.594924] pci 0000:00:14.0: BAR 6: assigned [mem 0x12040000-0x1207ffff pref]
[    0.595509] pci 0000:00:15.0: BAR 6: assigned [mem 0x12080000-0x120bffff pref]
[    0.596093] pci 0000:00:16.0: BAR 6: assigned [mem 0x120c0000-0x120fffff pref]
[    0.596655] pci 0000:00:13.0: BAR 0: assigned [mem 0x12100000-0x1211ffff]
[    0.597216] pci 0000:00:14.0: BAR 0: assigned [mem 0x12120000-0x1213ffff]
[    0.597776] pci 0000:00:15.0: BAR 0: assigned [mem 0x12140000-0x1215ffff]
[    0.598499] pci 0000:00:16.0: BAR 0: assigned [mem 0x12160000-0x1217ffff]
[    0.599082] pci 0000:00:12.0: BAR 6: assigned [mem 0x12180000-0x1218ffff pref]
[    0.599629] pci 0000:00:12.0: BAR 1: assigned [mem 0x12190000-0x12190fff]
[    0.600175] pci 0000:00:13.0: BAR 1: assigned [io  0x1040-0x107f]
[    0.600670] pci 0000:00:14.0: BAR 1: assigned [io  0x1080-0x10bf]
[    0.601170] pci 0000:00:15.0: BAR 1: assigned [io  0x10c0-0x10ff]
[    0.601673] pci 0000:00:16.0: BAR 1: assigned [io  0x1400-0x143f]
[    0.602165] pci 0000:00:0a.2: BAR 4: assigned [io  0x1440-0x145f]
[    0.602829] pci 0000:00:0a.1: BAR 4: assigned [io  0x1460-0x146f]
[    0.619351] cfg80211: Calling CRDA to update world regulatory domain
[    0.631723] Switched to clocksource MIPS
[    0.737452] NET: Registered protocol family 2
[    0.749739] TCP established hash table entries: 2048 (order: 1, 8192 bytes)
[    0.750743] TCP bind hash table entries: 2048 (order: 1, 8192 bytes)
[    0.751797] TCP: Hash tables configured (established 2048 bind 2048)
[    0.752834] UDP hash table entries: 256 (order: 0, 4096 bytes)
[    0.753436] UDP-Lite hash table entries: 256 (order: 0, 4096 bytes)
[    0.756975] NET: Registered protocol family 1
[    0.758573] PCI: Enabling device 0000:00:0a.2 (0000 -> 0001)
[    0.760159] PCI: CLS 0 bytes, default 16
[    0.789595] futex hash table entries: 256 (order: -1, 3072 bytes)
[    0.804733] squashfs: version 4.0 (2009/01/31) Phillip Lougher
[    0.806934] jffs2: version 2.2. (NAND) Â© 2001-2006 Red Hat, Inc.
[    0.810434] romfs: ROMFS MTD (C) 2007 Red Hat, Inc.
[    0.833082] Block layer SCSI generic (bsg) driver version 0.4 loaded (major 251)
[    0.833688] io scheduler noop registered
[    0.834316] io scheduler cfq registered (default)
[    0.835197] firmadyne: devfs: 1, execute: 1, procfs: 1, syscall: 1
[    0.840989] firmadyne: Cannot register character device: gpio, 0xfc, 0x0!
[    0.848838] firmadyne: Cannot register character device: watchdog, 0xa, 0x82!
[    0.849304] firmadyne: Cannot register character device: wdt, 0xfd, 0x0!
[    2.516839] strName = 4.1.17+
[    2.516839] init_task_addr  = 2155778944
[    2.516839] init_task_size  = 1296
[    2.516839] ts_tasks        = 292
[    2.516839] ts_pid          = 408
[    2.516839] ts_tgid         = 412
[    2.516839] ts_group_leader = 440
[    2.516839] ts_thread_group = 496
[    2.516839] ts_real_parent  = 416
[    2.516839] ts_mm           = 300
[    2.516839] ts_stack        = 4
[    2.518972] module_name   = 12
[    2.518972] module_size   = 208
[    2.518972] module_init   = 200
[    2.518972] module_list   = 4
[    2.520010] ts_real_cred    = 624
[    2.520010] ts_cred         = 628
[    2.520010] ts_comm         = 632
[    2.520010] cred_uid        = 4
[    2.520010] cred_gid        = 8
[    2.520010] cred_euid       = 20
[    2.520010] cred_egid       = 24
[    2.521432] mm_mmap         = 0
[    2.521432] mm_pgd          = 32
[    2.521432] mm_arg_start    = 136
[    2.521432] mm_start_brk    = 124
[    2.521432] mm_brk          = 128
[    2.521432] mm_start_stack  = 132
[    2.522987] vma_vm_start    = 0
[    2.522987] vma_vm_end      = 4
[    2.522987] vma_vm_next     = 8
[    2.522987] vma_vm_file     = 80
[    2.522987] vma_vm_flags    = 40
[    2.522987] vma_vm_pgoff    = 76
[    2.525090] file_dentry     = 12
[    2.525090] file_inode      = 40
[    2.525090] dentry_d_name   = 24
[    2.525090] dentry_d_iname  = 44
[    2.525090] dentry_d_parent = 16
[    2.525090] ti_task         = 0
[    2.525090] inode_ino   = 28
[    3.600719] proc_fork_connector  = 2151078840
[    3.601121] proc_exit_connector  = 2151080432
[    3.601461] proc_exec_connector  = 2151079052
[    3.601786] vma_link  = 2149124372
[    3.602081] vma_adjust  = 2149124540
[    3.602376] remove_vma  = 2149122188
[    3.602701] modules  = 2155833724
[    3.603007] trim_init_extable  = 2150545316
[    3.606861] PCI: Enabling device 0000:00:12.0 (0000 -> 0002)
[    3.608331] cirrusfb 0000:00:12.0: Cirrus Logic chipset on PCI bus, RAM (4096 kB) at 0x10000000
[    3.870641] Console: switching to colour frame buffer device 80x30
[    3.938354] Serial: 8250/16550 driver, 4 ports, IRQ sharing enabled
[    3.952002] console [ttyS0] disabled
[    3.981214] serial8250.0: ttyS0 at I/O 0x3f8 (irq = 4, base_baud = 115200) is a 16550A
[    3.982441] console [ttyS0] enabled
[    3.982441] console [ttyS0] enabled
[    3.983031] bootconsole [uart0] disabled
[    3.983031] bootconsole [uart0] disabled
[    4.015508] serial8250.0: ttyS1 at I/O 0x2f8 (irq = 3, base_baud = 115200) is a 16550A
[    4.034504] cfg80211: Calling CRDA to update world regulatory domain
[    4.133803] brd: module loaded
[    4.197399] loop: module loaded
[    4.204212] ata_piix 0000:00:0a.1: version 2.13
[    4.204805] PCI: Enabling device 0000:00:0a.1 (0000 -> 0001)
[    4.231494] scsi host0: ata_piix
[    4.237296] scsi host1: ata_piix
[    4.241008] ata1: PATA max UDMA/33 cmd 0x1f0 ctl 0x3f6 bmdma 0x1460 irq 14
[    4.241522] ata2: PATA max UDMA/33 cmd 0x170 ctl 0x376 bmdma 0x1468 irq 15
[    4.248268] [nandsim] warning: read_byte: unexpected data output cycle, state is STATE_READY return 0x0
[    4.248928] [nandsim] warning: read_byte: unexpected data output cycle, state is STATE_READY return 0x0
[    4.249486] [nandsim] warning: read_byte: unexpected data output cycle, state is STATE_READY return 0x0
[    4.250065] [nandsim] warning: read_byte: unexpected data output cycle, state is STATE_READY return 0x0
[    4.250622] [nandsim] warning: read_byte: unexpected data output cycle, state is STATE_READY return 0x0
[    4.251180] [nandsim] warning: read_byte: unexpected data output cycle, state is STATE_READY return 0x0
[    4.252085] nand: device found, Manufacturer ID: 0x98, Chip ID: 0x39
[    4.252493] nand: Toshiba NAND 128MiB 1,8V 8-bit
[    4.252863] nand: 128 MiB, SLC, erase size: 16 KiB, page size: 512, OOB size: 16
[    4.254433] flash size: 128 MiB
[    4.254681] page size: 512 bytes
[    4.254925] OOB area size: 16 bytes
[    4.255177] sector size: 16 KiB
[    4.255408] pages number: 262144
[    4.255785] pages per sector: 32
[    4.256021] bus width: 8
[    4.256235] bits in sector size: 14
[    4.256480] bits in page size: 9
[    4.256722] bits in OOB size: 4
[    4.256968] flash size with OOB: 135168 KiB
[    4.257246] page address bytes: 4
[    4.257491] sector address bytes: 3
[    4.257747] options: 0x42
[    4.338142] Scanning device for bad blocks
[    5.501933] ata2.01: NODEV after polling detection
[    5.502727] ata1.01: NODEV after polling detection
[    5.505701] ata2.00: ATAPI: QEMU DVD-ROM, 2.5+, max UDMA/100
[    5.511513] ata1.00: ATA-7: QEMU HARDDISK, 2.5+, max UDMA/100
[    5.512144] ata1.00: 2097152 sectors, multi 16: LBA48 
[    5.514168] ata2.00: configured for UDMA/33
[    5.516314] ata1.00: configured for UDMA/33
[    5.525477] scsi 0:0:0:0: Direct-Access     ATA      QEMU HARDDISK    2.5+ PQ: 0 ANSI: 5
[    5.541429] sd 0:0:0:0: [sda] 2097152 512-byte logical blocks: (1.07 GB/1.00 GiB)
[    5.542966] scsi 1:0:0:0: CD-ROM            QEMU     QEMU DVD-ROM     2.5+ PQ: 0 ANSI: 5
[    5.556297] sd 0:0:0:0: [sda] Write Protect is off
[    5.556809] sd 0:0:0:0: [sda] Mode Sense: 00 3a 00 00
[    5.558373] sd 0:0:0:0: [sda] Write cache: enabled, read cache: enabled, doesn't support DPO or FUA
[    5.570774]  sda: sda1
[    5.583248] sd 0:0:0:0: [sda] Attached SCSI disk
[    5.583976] Creating 11 MTD partitions on "NAND 128MiB 1,8V 8-bit":
[    5.584969] 0x000000000000-0x000000100000 : "NAND simulator partition 0"
[    5.596243] 0x000000100000-0x000000200000 : "NAND simulator partition 1"
[    5.606871] 0x000000200000-0x000000300000 : "NAND simulator partition 2"
[    5.617906] 0x000000300000-0x000000400000 : "NAND simulator partition 3"
[    5.628958] 0x000000400000-0x000000500000 : "NAND simulator partition 4"
[    5.640085] 0x000000500000-0x000000600000 : "NAND simulator partition 5"
[    5.651161] 0x000000600000-0x000000700000 : "NAND simulator partition 6"
[    5.662418] 0x000000700000-0x000000800000 : "NAND simulator partition 7"
[    5.674507] 0x000000800000-0x000000900000 : "NAND simulator partition 8"
[    5.685146] 0x000000900000-0x000000a00000 : "NAND simulator partition 9"
[    5.695638] 0x000000a00000-0x000008000000 : "NAND simulator partition 10"
[    5.742623] tun: Universal TUN/TAP device driver, 1.6
[    5.743052] tun: (C) 1999-2004 Max Krasnyansky <maxk@qualcomm.com>
[    5.746794] pcnet32: pcnet32.c:v1.35 21.Apr.2008 tsbogend@alpha.franken.de
[    5.748233] e1000: Intel(R) PRO/1000 Network Driver - version 7.3.21-k8-NAPI
[    5.748689] e1000: Copyright (c) 1999-2006 Intel Corporation.
[    5.749647] PCI: Enabling device 0000:00:13.0 (0000 -> 0003)
[    6.071718] e1000 0000:00:13.0 eth0: (PCI:33MHz:32-bit) 52:54:00:12:34:56
[    6.072642] e1000 0000:00:13.0 eth0: Intel(R) PRO/1000 Network Connection
[    6.073398] PCI: Enabling device 0000:00:14.0 (0000 -> 0003)
[    6.365572] e1000 0000:00:14.0 eth1: (PCI:33MHz:32-bit) 52:54:00:12:34:57
[    6.366066] e1000 0000:00:14.0 eth1: Intel(R) PRO/1000 Network Connection
[    6.366787] PCI: Enabling device 0000:00:15.0 (0000 -> 0003)
[    6.661827] e1000 0000:00:15.0 eth2: (PCI:33MHz:32-bit) 52:54:00:12:34:58
[    6.662357] e1000 0000:00:15.0 eth2: Intel(R) PRO/1000 Network Connection
[    6.662996] PCI: Enabling device 0000:00:16.0 (0000 -> 0003)
[    6.981707] e1000 0000:00:16.0 eth3: (PCI:33MHz:32-bit) 52:54:00:12:34:59
[    6.982206] e1000 0000:00:16.0 eth3: Intel(R) PRO/1000 Network Connection
[    6.983416] e1000e: Intel(R) PRO/1000 Network Driver - 2.3.2-k
[    6.983865] e1000e: Copyright(c) 1999 - 2014 Intel Corporation.
[    6.988192] PPP generic driver version 2.4.2
[    6.990260] PPP Deflate Compression module registered
[    6.990902] PPP MPPE Compression module registered
[    6.991316] NET: Registered protocol family 24
[    6.992270] ehci_hcd: USB 2.0 'Enhanced' Host Controller (EHCI) Driver
[    6.992766] ehci-pci: EHCI PCI platform driver
[    6.993901] ohci_hcd: USB 1.1 'Open' Host Controller (OHCI) Driver
[    6.994376] ohci-pci: OHCI PCI platform driver
[    6.995639] uhci_hcd: USB Universal Host Controller Interface driver
[    6.997573] uhci_hcd 0000:00:0a.2: UHCI Host Controller
[    6.998396] uhci_hcd 0000:00:0a.2: new USB bus registered, assigned bus number 1
[    6.999489] uhci_hcd 0000:00:0a.2: irq 11, io base 0x00001440
[    7.011324] hub 1-0:1.0: USB hub found
[    7.013315] hub 1-0:1.0: 2 ports detected
[    7.022890] usbcore: registered new interface driver usb-storage
[    7.027475] mousedev: PS/2 mouse device common for all mice
[    7.034220] rtc_cmos rtc_cmos: rtc core: registered rtc_cmos as rtc0
[    7.035038] rtc_cmos rtc_cmos: alarms up to one day, 242 bytes nvram
[    7.036669] i2c /dev entries driver
[    7.037975] piix4_smbus 0000:00:0a.3: SMBus Host Controller at 0x1100, revision 0
[    7.042851] sdhci: Secure Digital Host Controller Interface driver
[    7.043226] sdhci: Copyright(c) Pierre Ossman
[    7.045678] hidraw: raw HID events driver (C) Jiri Kosina
[    7.064703] usbcore: registered new interface driver usbhid
[    7.065189] usbhid: USB HID core driver
[    7.066376] Netfilter messages via NETLINK v0.30.
[    7.067953] nf_conntrack version 0.5.0 (3923 buckets, 15692 max)
[    7.071469] ctnetlink v0.93: registering with nfnetlink.
[    7.077383] ipip: IPv4 over IPv4 tunneling driver
[    7.090410] ip_tables: (C) 2000-2006 Netfilter Core Team
[    7.093714] arp_tables: (C) 2002 David S. Miller
[    7.095802] Initializing XFRM netlink socket
[    7.097115] NET: Registered protocol family 10
[    7.118173] ip6_tables: (C) 2000-2006 Netfilter Core Team
[    7.122169] sit: IPv6 over IPv4 tunneling driver
[    7.140602] NET: Registered protocol family 17
[    7.141818] bridge: automatic filtering via arp/ip/ip6tables has been deprecated. Update your scripts to load br_netfilter if you need this.
[    7.143006] Bridge firewalling registered
[    7.143434] Ebtables v2.0 registered
[    7.150241] 8021q: 802.1Q VLAN Support v1.8
[    7.178082] cfg80211: Calling CRDA to update world regulatory domain
[    7.182165] rtc_cmos rtc_cmos: setting system clock to 2025-07-23 16:54:09 UTC (1753289649)
[    7.212003] spurious 8259A interrupt: IRQ7.
[    7.217095] EXT2-fs (sda1): warning: mounting unchecked fs, running e2fsck is recommended
[    7.220241] VFS: Mounted root (ext2 filesystem) on device 8:1.
[    7.231964] Freeing YAMON memory: 956k freed
[    7.246095] Freeing unused kernel memory: 260K (8081f000 - 80860000)
[    7.362148] firmadyne: sys_reboot[PID: 48 (init)]: magic1:fee1dead, magic2:28121969, cmd:0
init started:  BusyBox v1.00 (2009.03.06-06:20+0000) multi-call binary
init started:  BusyBox v1.00 (2009.03.06-06:20+0000) multi-call binary
Starting pid 50, console /dev/ttyS0: '/usr/etc/rcS'
[    7.645699] firmadyne: do_execve: /firmadyne/console
[    7.646612] OFFSETS: offset of pid: 0x198 offset of comm: 0x278
[   10.320067] cfg80211: Calling CRDA to update world regulatory domain
insmod: cannot open module `/lib/modules/vnet.ko': No such file or directory
[   11.434475] firmadyne: ioctl: 0x1
insmod finish
[   11.562190] random: nonblocking pool is initialized
BcmAtm_Initialize: open error 6
/usr/sbin/atmctl: ATM driver return code, state error
BcmAdsl : open error 6
/usr/sbin/adslctl: BcmAdsl_Initialize error
BcmAdsl : open error 6
/usr/sbin/adslctl->ConnectionHandler: BcmAdsl_ConnectionStart error
BcmAtm_Initialize: open error 6
ATM Operation Failed , 2 
/usr/sbin/atmctl: ATM driver return code, state error
[   11.797848] firmadyne: sys_socket[PID: 103 (brctl)]: family:2, type:2, protocol:0
[   11.858647] firmadyne: sys_socket[PID: 104 (brctl)]: family:2, type:2, protocol:0
[   11.907612] firmadyne: sys_socket[PID: 105 (ifconfig)]: family:2, type:1, protocol:0
[   11.923633] IPv6: ADDRCONF(NETDEV_UP): eth0: link is not ready
[   11.924418] 8021q: adding VLAN 0 to HW filter on device eth0
[   11.929347] e1000: eth0 NIC Link is Up 1000 Mbps Full Duplex, Flow Control: RX
[   11.931287] IPv6: ADDRCONF(NETDEV_CHANGE): eth0: link becomes ready
[   11.982568] firmadyne: sys_socket[PID: 106 (brctl)]: family:2, type:2, protocol:0
[   11.984330] firmadyne: sys_socket[PID: 106 (brctl)]: family:10, type:1, protocol:0
[   11.986496] firmadyne: br_add_if[PID: 106 (brctl)]: br:br0 dev:eth0
[   11.992423] device eth0 entered promiscuous mode
[   12.045051] firmadyne: sys_socket[PID: 107 (ifconfig)]: family:2, type:1, protocol:0
[   12.055140] IPv6: ADDRCONF(NETDEV_UP): eth1: link is not ready
[   12.055971] 8021q: adding VLAN 0 to HW filter on device eth1
[   12.060995] e1000: eth1 NIC Link is Up 1000 Mbps Full Duplex, Flow Control: RX
[   12.062160] IPv6: ADDRCONF(NETDEV_CHANGE): eth1: link becomes ready
[   12.110714] firmadyne: sys_socket[PID: 108 (brctl)]: family:2, type:2, protocol:0
[   12.112377] firmadyne: sys_socket[PID: 108 (brctl)]: family:10, type:1, protocol:0
[   12.114048] firmadyne: br_add_if[PID: 108 (brctl)]: br:br0 dev:eth1
[   12.119072] device eth1 entered promiscuous mode
[   12.224555] firmadyne: sys_socket[PID: 110 (ifconfig)]: family:2, type:1, protocol:0
[   12.227236] firmadyne: __inet_insert_ifa[PID: 110 (ifconfig)]: device:lo ifa:0x7f000001
[   12.230730] firmadyne: __inet_insert_ifa[PID: 110 (ifconfig)]: device:lo ifa:0x7f000001
[   12.286105] firmadyne: sys_socket[PID: 111 (route)]: family:2, type:1, protocol:0
[   12.550651] firmadyne: sys_socket[PID: 114 (klogd)]: family:1, type:1, protocol:0
[   12.552759] firmadyne: sys_socket[PID: 114 (klogd)]: family:1, type:2, protocol:0
[   12.565546] firmadyne: sys_socket[PID: 114 (klogd)]: family:1, type:1, protocol:0
[   12.566800] firmadyne: sys_socket[PID: 114 (klogd)]: family:1, type:2, protocol:0
[   12.573320] firmadyne: sys_socket[PID: 114 (klogd)]: family:1, type:1, protocol:0
[   12.574674] firmadyne: sys_socket[PID: 114 (klogd)]: family:1, type:2, protocol:0
[   12.582032] firmadyne: sys_socket[PID: 114 (klogd)]: family:1, type:1, protocol:0
[   12.583224] firmadyne: sys_socket[PID: 114 (klogd)]: family:1, type:2, protocol:0
[   12.589588] firmadyne: sys_socket[PID: 114 (klogd)]: family:1, type:1, protocol:0
[   12.590785] firmadyne: sys_socket[PID: 114 (klogd)]: family:1, type:2, protocol:0
[   12.598834] firmadyne: sys_socket[PID: 114 (klogd)]: family:1, type:1, protocol:0
[   12.600167] firmadyne: sys_socket[PID: 114 (klogd)]: family:1, type:2, protocol:0
[   12.602395] firmadyne: sys_socket[PID: 114 (klogd)]: family:1, type:1, protocol:0
[   12.603555] firmadyne: sys_socket[PID: 114 (klogd)]: family:1, type:2, protocol:0
[   12.614653] firmadyne: sys_socket[PID: 114 (klogd)]: family:1, type:1, protocol:0
[   12.616026] firmadyne: sys_socket[PID: 114 (klogd)]: family:1, type:2, protocol:0
[   12.618285] firmadyne: sys_socket[PID: 114 (klogd)]: family:1, type:1, protocol:0
[   12.619462] firmadyne: sys_socket[PID: 114 (klogd)]: family:1, type:2, protocol:0
[   12.629689] firmadyne: sys_socket[PID: 114 (klogd)]: family:1, type:1, protocol:0
[   12.630889] firmadyne: sys_socket[PID: 114 (klogd)]: family:1, type:2, protocol:0
[   12.637347] firmadyne: sys_socket[PID: 114 (klogd)]: family:1, type:1, protocol:0
[   12.638487] firmadyne: sys_socket[PID: 114 (klogd)]: family:1, type:2, protocol:0
nvram_init: Initializing NVRAM...
sem_get: Key: [   12.645112] firmadyne: sys_socket[PID: 114 (klogd)]: family:1, type:1, protocol:0
[   12.646320] firmadyne: sys_socket[PID: 114 (klogd)]: family:1, type:2, protocol:0
4101c003
[   12.654713] firmadyne: sys_socket[PID: 114 (klogd)]: family:1, type:1, protocol:0
[   12.656087] firmadyne: sys_socket[PID: 114 (klogd)]: family:1, type:2, protocol:0
[   12.658336] firmadyne: sys_socket[PID: 114 (klogd)]: family:1, type:1, protocol:0
[   12.659505] firmadyne: sys_socket[PID: 114 (klogd)]: family:1, type:2, protocol:0
sem_get: Key: 410f00a8
nvram_set_default_builtin: Setting built-in default values!
nvram_set: [   12.669649] firmadyne: sys_socket[PID: 114 (klogd)]: family:1, type:1, protocol:0
[   12.670852] firmadyne: sys_socket[PID: 114 (klogd)]: family:1, type:2, protocol:0
console_loglevel = "7"
sem_get: Key: 410f00a8
[   12.677252] firmadyne: sys_socket[PID: 114 (klogd)]: family:1, type:1, protocol:0
[   12.678429] firmadyne: sys_socket[PID: 114 (klogd)]: family:1, type:2, protocol:0
sem_get: Key: 410f00a8
[   12.684774] firmadyne: sys_socket[PID: 114 (klogd)]: family:1, type:1, protocol:0
[   12.685991] firmadyne: sys_socket[PID: 114 (klogd)]: family:1, type:2, protocol:0
nvram_set: restore_defaults = "1"
sem_get: Key: 410f00a8
[   12.692750] firmadyne: sys_socket[PID: 114 (klogd)]: family:1, type:1, protocol:0
[   12.693947] firmadyne: sys_socket[PID: 114 (klogd)]: family:1, type:2, protocol:0
sem_get: Key: 410f00a8
nvram_set[   12.700559] firmadyne: sys_socket[PID: 114 (klogd)]: family:1, type:1, protocol:0
[   12.701768] firmadyne: sys_socket[PID: 114 (klogd)]: family:1, type:2, protocol:0
: sku_name = ""
sem_get: Key: 410f00a8
sem_get[   12.708801] firmadyne: sys_socket[PID: 114 (klogd)]: family:1, type:1, protocol:0
[   12.709993] firmadyne: sys_socket[PID: 114 (klogd)]: family:1, type:2, protocol:0
: Key: 410f00a8
nvram_set: wla_wlanstate = ""
[   12.716532] firmadyne: sys_socket[PID: 114 (klogd)]: family:1, type:1, protocol:0
[   12.717759] firmadyne: sys_socket[PID: 114 (klogd)]: family:1, type:2, protocol:0
sem_get: Key: 410f00a8
sem_get: Key: 410f00a8
[   12.724476] firmadyne: sys_socket[PID: 114 (klogd)]: family:1, type:1, protocol:0
[   12.725744] firmadyne: sys_socket[PID: 114 (klogd)]: family:1, type:2, protocol:0
nvram_set: lan_if = "br0"
sem_get: Key: [   12.732471] firmadyne: sys_socket[PID: 114 (klogd)]: family:1, type:1, protocol:0
[   12.733763] firmadyne: sys_socket[PID: 114 (klogd)]: family:1, type:2, protocol:0
410f00a8
sem_get: Key: 410f00a8
[   12.740500] firmadyne: sys_socket[PID: 114 (klogd)]: family:1, type:1, protocol:0
[   12.741703] firmadyne: sys_socket[PID: 114 (klogd)]: family:1, type:2, protocol:0
nvram_set: lan_ipaddr = "192.168.0.50"
sem_get: Key: 410f00a8
[   12.748464] firmadyne: sys_socket[PID: 114 (klogd)]: family:1, type:1, protocol:0
[   12.749691] firmadyne: sys_socket[PID: 114 (klogd)]: family:1, type:2, protocol:0
sem_get: Key: 410f00a8
nvram_set[   12.757328] firmadyne: sys_socket[PID: 114 (klogd)]: family:1, type:1, protocol:0
[   12.758530] firmadyne: sys_socket[PID: 114 (klogd)]: family:1, type:2, protocol:0
[   12.761008] firmadyne: sys_socket[PID: 114 (klogd)]: family:1, type:1, protocol:0
[   12.762162] firmadyne: sys_socket[PID: 114 (klogd)]: family:1, type:2, protocol:0
: lan_bipaddr = "192.168.0.255"
sem_get: Key: 410f00a8
[   12.768919] firmadyne: sys_socket[PID: 114 (klogd)]: family:1, type:1, protocol:0
[   12.770144] firmadyne: sys_socket[PID: 114 (klogd)]: family:1, type:2, protocol:0
sem_get: Key: 410f00a8
nvram_set: lan_netmask[   12.776814] firmadyne: sys_socket[PID: 114 (klogd)]: family:1, type:1, protocol:0
[   12.778062] firmadyne: sys_socket[PID: 114 (klogd)]: family:1, type:2, protocol:0
 = "255.255.255.0"
sem_get: Key: 410f00a8
[   12.784715] firmadyne: sys_socket[PID: 114 (klogd)]: family:1, type:1, protocol:0
[   12.785943] firmadyne: sys_socket[PID: 114 (klogd)]: family:1, type:2, protocol:0
sem_get: Key: 410f00a8
nvram_set: time_zone = "PST8PDT[   12.792766] firmadyne: sys_socket[PID: 114 (klogd)]: family:1, type:1, protocol:0
[   12.794024] firmadyne: sys_socket[PID: 114 (klogd)]: family:1, type:2, protocol:0
"
sem_get: Key: 410f00a8
sem_get: Key: [   12.800787] firmadyne: sys_socket[PID: 114 (klogd)]: family:1, type:1, protocol:0
[   12.802019] firmadyne: sys_socket[PID: 114 (klogd)]: family:1, type:2, protocol:0
410f00a8
nvram_set: wan_hwaddr_def = "01:23:45:67:89:ab"
[   12.808627] firmadyne: sys_socket[PID: 114 (klogd)]: family:1, type:1, protocol:0
[   12.809838] firmadyne: sys_socket[PID: 114 (klogd)]: family:1, type:2, protocol:0
sem_get: Key: 410f00a8
sem_get: Key: 410f00a8
nvram_set: wan_ifname = "eth0"
[   12.820729] firmadyne: sys_socket[PID: 114 (klogd)]: family:1, type:1, protocol:0
[   12.821933] firmadyne: sys_socket[PID: 114 (klogd)]: family:1, type:2, protocol:0
[   12.824690] firmadyne: sys_socket[PID: 114 (klogd)]: family:1, type:1, protocol:0
[   12.825856] firmadyne: sys_socket[PID: 114 (klogd)]: family:1, type:2, protocol:0
sem_get: Key: 410f00a8
sem_get: Key: 410f00a8
[   12.832723] firmadyne: sys_socket[PID: 114 (klogd)]: family:1, type:1, protocol:0
[   12.833926] firmadyne: sys_socket[PID: 114 (klogd)]: family:1, type:2, protocol:0
nvram_set: lan_ifnames = "eth1 eth2 eth3 eth4"
sem_get: Key: [   12.840570] firmadyne: sys_socket[PID: 114 (klogd)]: family:1, type:1, protocol:0
[   12.841772] firmadyne: sys_socket[PID: 114 (klogd)]: family:1, type:2, protocol:0
410f00a8
sem_get: Key: 410f00a8
[   12.848384] firmadyne: sys_socket[PID: 114 (klogd)]: family:1, type:1, protocol:0
[   12.849564] firmadyne: sys_socket[PID: 114 (klogd)]: family:1, type:2, protocol:0
[   12.851924] firmadyne: sys_socket[PID: 114 (klogd)]: family:1, type:1, protocol:0
nvram_set: ethConver = "1"
sem_get: Key: 410f00a8
sem_get: Key: 410f00a8
[   12.860394] firmadyne: sys_socket[PID: 114 (klogd)]: family:1, type:2, protocol:0
[   12.862638] firmadyne: sys_socket[PID: 114 (klogd)]: family:1, type:1, protocol:0
nvram_set: lan_proto = "dhcp"
sem_get: Key: 410f00a8[   12.868219] firmadyne: sys_socket[PID: 114 (klogd)]: family:1, type:2, protocol:0
[   12.870609] firmadyne: sys_socket[PID: 114 (klogd)]: family:1, type:1, protocol:0

sem_get: Key: 410f00a8
[   12.876022] firmadyne: sys_socket[PID: 114 (klogd)]: family:1, type:2, protocol:0
[   12.878859] firmadyne: sys_socket[PID: 114 (klogd)]: family:1, type:1, protocol:0
nvram_set: wan_ipaddr = "0.0.0.0"
sem_get: Key: 410f00a8
[   12.884363] firmadyne: sys_socket[PID: 114 (klogd)]: family:1, type:2, protocol:0
[   12.886723] firmadyne: sys_socket[PID: 114 (klogd)]: family:1, type:1, protocol:0
sem_get: Key: 410f00a8
[   12.892134] firmadyne: sys_socket[PID: 114 (klogd)]: family:1, type:2, protocol:0
[   12.894458] firmadyne: sys_socket[PID: 114 (klogd)]: family:1, type:1, protocol:0
[   12.895725] firmadyne: sys_socket[PID: 114 (klogd)]: family:1, type:2, protocol:0
nvram_set: wan_netmask = "255.255.255.0"
sem_get: Key: 410f00a8
sem_get: Key: 410f00a8
[   12.905558] firmadyne: sys_socket[PID: 114 (klogd)]: family:1, type:1, protocol:0
[   12.906734] firmadyne: sys_socket[PID: 114 (klogd)]: family:1, type:2, protocol:0
[   12.909484] firmadyne: sys_socket[PID: 114 (klogd)]: family:1, type:1, protocol:0
[   12.910675] firmadyne: sys_socket[PID: 114 (klogd)]: family:1, type:2, protocol:0
nvram_set: wanif = "eth0"
sem_get: Key: 410f00a8[   12.917652] firmadyne: sys_socket[PID: 114 (klogd)]: family:1, type:1, protocol:0
[   12.919006] firmadyne: sys_socket[PID: 114 (klogd)]: family:1, type:2, protocol:0

sem_get: Key: 410f00a8
[   12.925860] firmadyne: sys_socket[PID: 114 (klogd)]: family:1, type:1, protocol:0
[   12.927509] firmadyne: sys_socket[PID: 114 (klogd)]: family:1, type:2, protocol:0
nvram_set: time_zone_x = "0"
sem_get: Key: 410f00a8
[   12.937839] firmadyne: sys_socket[PID: 114 (klogd)]: family:1, type:1, protocol:0
[   12.939569] firmadyne: sys_socket[PID: 114 (klogd)]: family:1, type:2, protocol:0
sem_get: Key: 410f00a8
nvram_set: rip_multicast = "0"
[   12.949714] firmadyne: sys_socket[PID: 114 (klogd)]: family:1, type:1, protocol:0
[   12.951372] firmadyne: sys_socket[PID: 114 (klogd)]: family:1, type:2, protocol:0
sem_get: Key: 410f00a8
sem_get: Key: 410f00a8
nvram_set[   12.961988] firmadyne: sys_socket[PID: 114 (klogd)]: family:1, type:1, protocol:0
[   12.963185] firmadyne: sys_socket[PID: 114 (klogd)]: family:1, type:2, protocol:0
[   12.965913] firmadyne: sys_socket[PID: 114 (klogd)]: family:1, type:1, protocol:0
[   12.967129] firmadyne: sys_socket[PID: 114 (klogd)]: family:1, type:2, protocol:0
: bs_trustedip_enable = "0"
sem_get: Key: 410f00a8
[   12.973868] firmadyne: sys_socket[PID: 114 (klogd)]: family:1, type:1, protocol:0
[   12.975045] firmadyne: sys_socket[PID: 114 (klogd)]: family:1, type:2, protocol:0
sem_get: Key: 410f00a8
nvram_set: [   12.981679] firmadyne: sys_socket[PID: 114 (klogd)]: family:1, type:1, protocol:0
[   12.982835] firmadyne: sys_socket[PID: 114 (klogd)]: family:1, type:2, protocol:0
et0macaddr = "01:23:45:67:89:ab"
sem_get: Key: 410f00a8
[   12.989364] firmadyne: sys_socket[PID: 114 (klogd)]: family:1, type:1, protocol:0
[   12.990539] firmadyne: sys_socket[PID: 114 (klogd)]: family:1, type:2, protocol:0
sem_get: Key: 410f00a8
nvram_set[   12.997349] firmadyne: sys_socket[PID: 114 (klogd)]: family:1, type:1, protocol:0
[   12.998515] firmadyne: sys_socket[PID: 114 (klogd)]: family:1, type:2, protocol:0
: filter_rule_tbl = ""
sem_get: Key: 410f00a8
[   13.005039] firmadyne: sys_socket[PID: 114 (klogd)]: family:1, type:1, protocol:0
[   13.006226] firmadyne: sys_socket[PID: 114 (klogd)]: family:1, type:2, protocol:0
sem_get: Key: 410f00a8
nvram_set: pppoe2_schedule_config = "[   13.014029] firmadyne: sys_socket[PID: 114 (klogd)]: family:1, type:1, protocol:0
[   13.015222] firmadyne: sys_socket[PID: 114 (klogd)]: family:1, type:2, protocol:0
[   13.017707] firmadyne: sys_socket[PID: 114 (klogd)]: family:1, type:1, protocol:0
[   13.018834] firmadyne: sys_socket[PID: 114 (klogd)]: family:1, type:2, protocol:0
127:0:0:23:59"
sem_get: Key: 410f00a8
sem_get: Key: 410f00a8
nvram_set: schedule_config = "[   13.029337] firmadyne: sys_socket[PID: 114 (klogd)]: family:1, type:1, protocol:0
[   13.030502] firmadyne: sys_socket[PID: 114 (klogd)]: family:1, type:2, protocol:0
127:0:0:23:59"
sem_get: Key: 410f00a8
sem_get[   13.037366] firmadyne: sys_socket[PID: 114 (klogd)]: family:1, type:1, protocol:0
[   13.038616] firmadyne: sys_socket[PID: 114 (klogd)]: family:1, type:2, protocol:0
: Key: 410f00a8
nvram_set: access_control_mode = "0"
[   13.045414] firmadyne: sys_socket[PID: 114 (klogd)]: family:1, type:1, protocol:0
[   13.046575] firmadyne: sys_socket[PID: 114 (klogd)]: family:1, type:2, protocol:0
sem_get: Key: 410f00a8
sem_get: Key: 410f00a8[   13.053368] firmadyne: sys_socket[PID: 114 (klogd)]: family:1, type:1, protocol:0
[   13.054580] firmadyne: sys_socket[PID: 114 (klogd)]: family:1, type:2, protocol:0

nvram_set: fwpt_df_count = "0"
sem_get[   13.061504] firmadyne: sys_socket[PID: 114 (klogd)]: family:1, type:1, protocol:0
[   13.062661] firmadyne: sys_socket[PID: 114 (klogd)]: family:1, type:2, protocol:0
: Key: 410f00a8
sem_get: Key: 410f00a8
[   13.069344] firmadyne: sys_socket[PID: 114 (klogd)]: family:1, type:1, protocol:0
[   13.070563] firmadyne: sys_socket[PID: 114 (klogd)]: family:1, type:2, protocol:0
nvram_set: static_if_status = "1"
sem_get: Key: 410f00a8[   13.077177] firmadyne: sys_socket[PID: 114 (klogd)]: family:1, type:1, protocol:0
[   13.078364] firmadyne: sys_socket[PID: 114 (klogd)]: family:1, type:2, protocol:0

sem_get: Key: 410f00a8
[   13.084708] firmadyne: sys_socket[PID: 114 (klogd)]: family:1, type:1, protocol:0
[   13.085918] firmadyne: sys_socket[PID: 114 (klogd)]: family:1, type:2, protocol:0
nvram_set: www_relocation = ""
sem_get: Key: 410f00a8
[   13.092609] firmadyne: sys_socket[PID: 114 (klogd)]: family:1, type:1, protocol:0
[   13.093849] firmadyne: sys_socket[PID: 114 (klogd)]: family:1, type:2, protocol:0
sem_get: Key: 410f00a8
nvram_set: [   13.100645] firmadyne: sys_socket[PID: 114 (klogd)]: family:1, type:1, protocol:0
[   13.101844] firmadyne: sys_socket[PID: 114 (klogd)]: family:1, type:2, protocol:0
usb_info_dev0 = "A200396E0402FF83@1@14.4G@U@1@USB_Storage;U:;0;0@"
sem_get: Key: 410f00a8
[   13.108421] firmadyne: sys_socket[PID: 114 (klogd)]: family:1, type:1, protocol:0
[   13.109598] firmadyne: sys_socket[PID: 114 (klogd)]: family:1, type:2, protocol:0
sem_get: Key: 410f00a8
nvram_set: usb_info_dev1[   13.116202] firmadyne: sys_socket[PID: 114 (klogd)]: family:1, type:1, protocol:0
[   13.117431] firmadyne: sys_socket[PID: 114 (klogd)]: family:1, type:2, protocol:0
[   13.119695] firmadyne: sys_socket[PID: 114 (klogd)]: family:1, type:1, protocol:0
 = "A200396E0402FF83@1@14.4G@U@1@USB_Storage;U:;0;0@"
sem_get: Key: 410f00a8
sem_get: Key: 410f00a8
nvram_set: [   13.128442] firmadyne: sys_socket[PID: 114 (klogd)]: family:1, type:2, protocol:0
[   13.130684] firmadyne: sys_socket[PID: 114 (klogd)]: family:1, type:1, protocol:0
[   13.132214] firmadyne: sys_socket[PID: 114 (klogd)]: family:1, type:2, protocol:0
[   13.134400] firmadyne: sys_socket[PID: 114 (klogd)]: family:1, type:1, protocol:0
[   13.135552] firmadyne: sys_socket[PID: 114 (klogd)]: family:1, type:2, protocol:0
usb_info_dev2 = "A200396E0402FF83@1@14.4G@U@1@USB_Storage;U:;0;0@"
sem_get: Key: 410f00a8
[   13.141769] firmadyne: sys_socket[PID: 114 (klogd)]: family:1, type:1, protocol:0
[   13.142911] firmadyne: sys_socket[PID: 114 (klogd)]: family:1, type:2, protocol:0
sem_get: Key: 410f00a8
[   13.149239] firmadyne: sys_socket[PID: 114 (klogd)]: family:1, type:1, protocol:0
[   13.150385] firmadyne: sys_socket[PID: 114 (klogd)]: family:1, type:2, protocol:0
nvram_set: usb_info_dev3 = "A200396E0402FF83@1@14.4G@U@1@USB_Storage;U:;0;0@"
sem_get: Key: 410f00a8
sem_get: Key: 410f00a8
nvram_set[   13.161017] firmadyne: sys_socket[PID: 114 (klogd)]: family:1, type:1, protocol:0
[   13.162194] firmadyne: sys_socket[PID: 114 (klogd)]: family:1, type:2, protocol:0
[   13.164656] firmadyne: sys_socket[PID: 114 (klogd)]: family:1, type:1, protocol:0
[   13.165801] firmadyne: sys_socket[PID: 114 (klogd)]: family:1, type:2, protocol:0
: usb_info_dev4 = "A200396E0402FF83@1@14.4G@U@1@USB_Storage;U:;0;0@"
sem_get: Key: 410f00a8
[   13.172263] firmadyne: sys_socket[PID: 114 (klogd)]: family:1, type:1, protocol:0
[   13.173468] firmadyne: sys_socket[PID: 114 (klogd)]: family:1, type:2, protocol:0
sem_get: Key: 410f00a8
nvram_set: usb_info_dev5 = "A200396E0402FF83@1@14.4G@U@1@USB_Storage;U:;0;0@"
sem_get: Key: 410f00a8
sem_get: Key: 410f00a8
nvram_set: usb_info_dev6 = "A200396E0402FF83@1@14.4G@U@1@USB_Storage;U:;0;0@"
sem_get: Key: 410f00a8
[   13.200233] firmadyne: sys_socket[PID: 114 (klogd)]: family:1, type:1, protocol:0
[   13.201501] firmadyne: sys_socket[PID: 114 (klogd)]: family:1, type:2, protocol:0
sem_get: Key: 410f00a8
nvram_set: usb_info_dev7 = "[   13.208242] firmadyne: sys_socket[PID: 114 (klogd)]: family:1, type:1, protocol:0
[   13.209465] firmadyne: sys_socket[PID: 114 (klogd)]: family:1, type:2, protocol:0
A200396E0402FF83@1@14.4G@U@1@USB_Storage;U:;0;0@"
sem_get: Key: 410f00a8
sem_get: Key: 410f00a8
nvram_set: [   13.220145] firmadyne: sys_socket[PID: 114 (klogd)]: family:1, type:1, protocol:0
[   13.221379] firmadyne: sys_socket[PID: 114 (klogd)]: family:1, type:2, protocol:0
[   13.223806] firmadyne: sys_socket[PID: 114 (klogd)]: family:1, type:1, protocol:0
[   13.225320] firmadyne: sys_socket[PID: 114 (klogd)]: family:1, type:2, protocol:0
[   13.227533] firmadyne: sys_socket[PID: 114 (klogd)]: family:1, type:1, protocol:0
usb_info_dev8 = "A200396E0402FF83@1@14.4G@U@1@USB_Storage;U:;0;0@"
sem_get: Key: 410f00a8
[   13.232412] firmadyne: sys_socket[PID: 114 (klogd)]: family:1, type:2, protocol:0
[   13.234741] firmadyne: sys_socket[PID: 114 (klogd)]: family:1, type:1, protocol:0
sem_get: Key: 410f00a8
[   13.240189] firmadyne: sys_socket[PID: 114 (klogd)]: family:1, type:2, protocol:0
[   13.242508] firmadyne: sys_socket[PID: 114 (klogd)]: family:1, type:1, protocol:0
[   13.243676] firmadyne: sys_socket[PID: 114 (klogd)]: family:1, type:2, protocol:0
nvram_set: usb_info_dev9 = "A200396E0402FF83@1@14.4G@U@1@USB_Storage;U:;0;0@"
sem_get: Key: 410f00a8
sem_get: Key: 410f00a8
[   13.253542] firmadyne: sys_socket[PID: 114 (klogd)]: family:1, type:1, protocol:0
[   13.254691] firmadyne: sys_socket[PID: 114 (klogd)]: family:1, type:2, protocol:0
nvram_set: usb_info_dev10 = "A200396E0402FF83@1@14.4G@U@1@USB_Storage;U:;0;0@"
[   13.261376] firmadyne: sys_socket[PID: 114 (klogd)]: family:1, type:1, protocol:0
[   13.262958] firmadyne: sys_socket[PID: 114 (klogd)]: family:1, type:2, protocol:0
sem_get: Key: 410f00a8
sem_get[   13.270140] firmadyne: sys_socket[PID: 114 (klogd)]: family:1, type:1, protocol:0
[   13.271763] firmadyne: sys_socket[PID: 114 (klogd)]: family:1, type:2, protocol:0
: Key: 410f00a8
nvram_set: usb_info_dev11 = "A200396E0402FF83@1@14.4G@U@1@USB_Storage;U:;0;0@"
sem_get: Key: [   13.281712] firmadyne: sys_socket[PID: 114 (klogd)]: family:1, type:1, protocol:0
[   13.283324] firmadyne: sys_socket[PID: 114 (klogd)]: family:1, type:2, protocol:0
410f00a8
sem_get: Key: 410f00a8
nvram_set: usb_info_dev12 = "A200396E0402FF83@1@14.4G@U@1@USB_Storage;U:;0;0@[   13.294290] firmadyne: sys_socket[PID: 114 (klogd)]: family:1, type:1, protocol:0
[   13.296251] firmadyne: sys_socket[PID: 114 (klogd)]: family:1, type:2, protocol:0
[   13.298966] firmadyne: sys_socket[PID: 114 (klogd)]: family:1, type:1, protocol:0
"
sem_get: Key: 410f00a8
[   13.304498] firmadyne: sys_socket[PID: 114 (klogd)]: family:1, type:2, protocol:0
[   13.307311] firmadyne: sys_socket[PID: 114 (klogd)]: family:1, type:1, protocol:0
sem_get: Key: 410f00a8
nvram_set: usb_info_dev13 = "A200396E0402FF83@1@14.4G@U@1@USB_Storage;U:;0;0@"
sem_get[   13.316558] firmadyne: sys_socket[PID: 114 (klogd)]: family:1, type:2, protocol:0
[   13.319372] firmadyne: sys_socket[PID: 114 (klogd)]: family:1, type:1, protocol:0
[   13.321441] firmadyne: sys_socket[PID: 114 (klogd)]: family:1, type:2, protocol:0
[   13.324413] firmadyne: sys_socket[PID: 114 (klogd)]: family:1, type:1, protocol:0
[   13.326135] firmadyne: sys_socket[PID: 114 (klogd)]: family:1, type:2, protocol:0
: Key: 410f00a8
sem_get: Key: 410f00a8
nvram_set: usb_info_dev14 = "A200396E0402FF83@1@14.4G@U@1@USB_Storage;U:;0;0@[   13.337497] firmadyne: sys_socket[PID: 114 (klogd)]: family:1, type:1, protocol:0
[   13.339101] firmadyne: sys_socket[PID: 114 (klogd)]: family:1, type:2, protocol:0
"
sem_get: Key: 410f00a8
[   13.345580] firmadyne: sys_socket[PID: 114 (klogd)]: family:1, type:1, protocol:0
[   13.347218] firmadyne: sys_socket[PID: 114 (klogd)]: family:1, type:2, protocol:0
sem_get: Key: 410f00a8
nvram_set: usb_info_dev15 = "A200396E0402FF83@1@14.4G@U@1@USB_Storage;U:;0;0@"
[   13.357586] firmadyne: sys_socket[PID: 114 (klogd)]: family:1, type:1, protocol:0
[   13.359229] firmadyne: sys_socket[PID: 114 (klogd)]: family:1, type:2, protocol:0
sem_get: Key: 410f00a8
[   13.365534] firmadyne: sys_socket[PID: 114 (klogd)]: family:1, type:1, protocol:0
[   13.367143] firmadyne: sys_socket[PID: 114 (klogd)]: family:1, type:2, protocol:0
sem_get: Key: 410f00a8
nvram_set: usb_info_dev16 = "A200396E0402FF83@1@14.4G@U@1@USB_Storage;U:;0;0@"
sem_get: Key: 410f00a8[   13.377930] firmadyne: sys_socket[PID: 114 (klogd)]: family:1, type:1, protocol:0
[   13.379525] firmadyne: sys_socket[PID: 114 (klogd)]: family:1, type:2, protocol:0

sem_get: Key: 410f00a8
nvram_set: usb_info_dev17 = "A200396E0402FF83@1@14.4G@U@1@USB_Storage;U:;0;0@[   13.390078] firmadyne: sys_socket[PID: 114 (klogd)]: family:1, type:1, protocol:0
[   13.391727] firmadyne: sys_socket[PID: 114 (klogd)]: family:1, type:2, protocol:0
[   13.394964] firmadyne: sys_socket[PID: 114 (klogd)]: family:1, type:1, protocol:0
[   13.396852] firmadyne: sys_socket[PID: 114 (klogd)]: family:1, type:2, protocol:0
[   13.399615] firmadyne: sys_socket[PID: 114 (klogd)]: family:1, type:1, protocol:0
"
sem_get: Key: 410f00a8
sem_get: Key: 410f00a8
[   13.408381] firmadyne: sys_socket[PID: 114 (klogd)]: family:1, type:2, protocol:0
[   13.411179] firmadyne: sys_socket[PID: 114 (klogd)]: family:1, type:1, protocol:0
nvram_set: usb_info_dev18 = "A200396E0402FF83@1@14.4G@U@1@USB_Storage;U:;0;0@"
sem_get: Key: 410f00a8
[   13.420558] firmadyne: sys_socket[PID: 114 (klogd)]: family:1, type:2, protocol:0
[   13.423319] firmadyne: sys_socket[PID: 114 (klogd)]: family:1, type:1, protocol:0
sem_get: Key: 410f00a8
nvram_set: usb_info_dev19 = "A200396E0402FF83@1@14.4G@U@1@USB_Storage;U:;0;0@"
sem_get[   13.432612] firmadyne: sys_socket[PID: 114 (klogd)]: family:1, type:2, protocol:0
[   13.435471] firmadyne: sys_socket[PID: 114 (klogd)]: family:1, type:1, protocol:0
: Key: 410f00a8
sem_get: Key: 410f00a8
[   13.444356] firmadyne: sys_socket[PID: 114 (klogd)]: family:1, type:2, protocol:0
[   13.447154] firmadyne: sys_socket[PID: 114 (klogd)]: family:1, type:1, protocol:0
nvram_set: usb_info_dev20 = "A200396E0402FF83@1@14.4G@U@1@USB_Storage;U:;0;0@[   13.452414] firmadyne: sys_socket[PID: 114 (klogd)]: family:1, type:2, protocol:0
[   13.455161] firmadyne: sys_socket[PID: 114 (klogd)]: family:1, type:1, protocol:0
"
sem_get: Key: 410f00a8
[   13.461902] firmadyne: sys_socket[PID: 114 (klogd)]: family:1, type:2, protocol:0
[   13.464313] cfg80211: Calling CRDA to update world regulatory domain
sem_get: Key: 410f00a8
nvram_set: usb_info_dev21 = "A200396E0402FF83@1@14.4G@U@1@USB_Storage;U:;0;0@[   13.472909] firmadyne: sys_socket[PID: 114 (klogd)]: family:1, type:1, protocol:0
[   13.474596] firmadyne: sys_socket[PID: 114 (klogd)]: family:1, type:2, protocol:0
[   13.477794] firmadyne: sys_socket[PID: 114 (klogd)]: family:1, type:1, protocol:0
[   13.479369] firmadyne: sys_socket[PID: 114 (klogd)]: family:1, type:2, protocol:0
"
sem_get: Key: 410f00a8
sem_get: Key: 410f00a8
nvram_set[   13.489862] firmadyne: sys_socket[PID: 114 (klogd)]: family:1, type:1, protocol:0
[   13.491447] firmadyne: sys_socket[PID: 114 (klogd)]: family:1, type:2, protocol:0
: usb_info_dev22 = "A200396E0402FF83@1@14.4G@U@1@USB_Storage;U:;0;0@"
sem_get: Key: 410f00a8
sem_get: Key: [   13.501658] firmadyne: sys_socket[PID: 114 (klogd)]: family:1, type:1, protocol:0
[   13.503227] firmadyne: sys_socket[PID: 114 (klogd)]: family:1, type:2, protocol:0
410f00a8
nvram_set: usb_info_dev23 = "A200396E0402FF83@1@14.4G@U@1@USB_Storage;U:;0;0@"
sem_get: Key: 410f00a8
[   13.513630] firmadyne: sys_socket[PID: 114 (klogd)]: family:1, type:1, protocol:0
[   13.514797] firmadyne: sys_socket[PID: 114 (klogd)]: family:1, type:2, protocol:0
[   13.517508] firmadyne: sys_socket[PID: 114 (klogd)]: family:1, type:1, protocol:0
[   13.518641] firmadyne: sys_socket[PID: 114 (klogd)]: family:1, type:2, protocol:0
sem_get: Key: 410f00a8
nvram_set: usb_info_dev24 = "[   13.525378] firmadyne: sys_socket[PID: 114 (klogd)]: family:1, type:1, protocol:0
[   13.526545] firmadyne: sys_socket[PID: 114 (klogd)]: family:1, type:2, protocol:0
A200396E0402FF83@1@14.4G@U@1@USB_Storage;U:;0;0@"
sem_get: Key: 410f00a8
sem_get[   13.533637] firmadyne: sys_socket[PID: 114 (klogd)]: family:1, type:1, protocol:0
[   13.534854] firmadyne: sys_socket[PID: 114 (klogd)]: family:1, type:2, protocol:0
: Key: 410f00a8
nvram_set: usb_info_dev25 = "A200396E0402FF83@1@14.4G@U@1@USB_Storage;U:;0;0@[   13.541813] firmadyne: sys_socket[PID: 114 (klogd)]: family:1, type:1, protocol:0
[   13.542955] firmadyne: sys_socket[PID: 114 (klogd)]: family:1, type:2, protocol:0
[   13.545550] firmadyne: sys_socket[PID: 114 (klogd)]: family:1, type:1, protocol:0
[   13.546695] firmadyne: sys_socket[PID: 114 (klogd)]: family:1, type:2, protocol:0
"
sem_get: Key: 410f00a8
sem_get: Key: [   13.553556] firmadyne: sys_socket[PID: 114 (klogd)]: family:1, type:1, protocol:0
[   13.554747] firmadyne: sys_socket[PID: 114 (klogd)]: family:1, type:2, protocol:0
410f00a8
nvram_set: usb_info_dev26 = "A200396E0402FF83@1@14.4G@U@1@USB_Storage;U:;0;0@[   13.561459] firmadyne: sys_socket[PID: 114 (klogd)]: family:1, type:1, protocol:0
[   13.562597] firmadyne: sys_socket[PID: 114 (klogd)]: family:1, type:2, protocol:0
"
sem_get: Key: 410f00a8
sem_get: Key: [   13.569470] firmadyne: sys_socket[PID: 114 (klogd)]: family:1, type:1, protocol:0
[   13.570688] firmadyne: sys_socket[PID: 114 (klogd)]: family:1, type:2, protocol:0
410f00a8
nvram_set: usb_info_dev27 = "A200396E0402FF83@1@14.4G@U@1@USB_Storage;U:;0;0@[   13.577513] firmadyne: sys_socket[PID: 114 (klogd)]: family:1, type:1, protocol:0
[   13.578721] firmadyne: sys_socket[PID: 114 (klogd)]: family:1, type:2, protocol:0
"
sem_get: Key: 410f00a8
sem_get: Key: [   13.585576] firmadyne: sys_socket[PID: 114 (klogd)]: family:1, type:1, protocol:0
[   13.586746] firmadyne: sys_socket[PID: 114 (klogd)]: family:1, type:2, protocol:0
410f00a8
nvram_set: usb_info_dev28 = "A200396E0402FF83@1@14.4G@U@1@USB_Storage;U:;0;0@[   13.593343] firmadyne: sys_socket[PID: 114 (klogd)]: family:1, type:1, protocol:0
[   13.594567] firmadyne: sys_socket[PID: 114 (klogd)]: family:1, type:2, protocol:0
"
sem_get: Key: 410f00a8
sem_get: Key: 410f00a8
nvram_set: usb_info_dev29 = "A200396E0402FF83@1@14.4G@U@1@USB_Storage;U:;0;0@[   13.605282] firmadyne: sys_socket[PID: 114 (klogd)]: family:1, type:1, protocol:0
[   13.606480] firmadyne: sys_socket[PID: 114 (klogd)]: family:1, type:2, protocol:0
"
sem_get: Key: 410f00a8
sem_get: Key: [   13.614438] firmadyne: sys_socket[PID: 114 (klogd)]: family:1, type:1, protocol:0
[   13.615659] firmadyne: sys_socket[PID: 114 (klogd)]: family:1, type:2, protocol:0
[   13.618190] firmadyne: sys_socket[PID: 114 (klogd)]: family:1, type:1, protocol:0
[   13.619342] firmadyne: sys_socket[PID: 114 (klogd)]: family:1, type:2, protocol:0
410f00a8
nvram_set: usb_info_dev30 = "A200396E0402FF83@1@14.4G@U@1@USB_Storage;U:;0;0@[   13.626166] firmadyne: sys_socket[PID: 114 (klogd)]: family:1, type:1, protocol:0
[   13.627331] firmadyne: sys_socket[PID: 114 (klogd)]: family:1, type:2, protocol:0
"
sem_get: Key: 410f00a8
sem_get[   13.633862] firmadyne: sys_socket[PID: 114 (klogd)]: family:1, type:1, protocol:0
[   13.635042] firmadyne: sys_socket[PID: 114 (klogd)]: family:1, type:2, protocol:0
: Key: 410f00a8
nvram_set: usb_info_dev31 = "A200396E0402FF83@1@14.4G@U@1@USB_Storage;U:;0;0@"
sem_get: Key: 410f00a8
sem_get: Key: 410f00a8
nvram_set: usb_info_dev32 = "A200396E0402FF83@1@14.4G@U@1@USB_Storage;U:;0;0@"
sem_get: Key: 410f00a8[   13.660263] firmadyne: sys_socket[PID: 114 (klogd)]: family:1, type:1, protocol:0
[   13.661479] firmadyne: sys_socket[PID: 114 (klogd)]: family:1, type:2, protocol:0

sem_get: Key: 410f00a8
[   13.668084] firmadyne: sys_socket[PID: 114 (klogd)]: family:1, type:1, protocol:0
[   13.669332] firmadyne: sys_socket[PID: 114 (klogd)]: family:1, type:2, protocol:0
nvram_set: usb_info_dev33 = "A200396E0402FF83@1@14.4G@U@1@USB_Storage;U:;0;0@"
sem_get: Key: 410f00a8
[   13.676276] firmadyne: sys_socket[PID: 114 (klogd)]: family:1, type:1, protocol:0
[   13.677485] firmadyne: sys_socket[PID: 114 (klogd)]: family:1, type:2, protocol:0
sem_get: Key: 410f00a8
nvram_set[   13.684478] firmadyne: sys_socket[PID: 114 (klogd)]: family:1, type:1, protocol:0
[   13.685762] firmadyne: sys_socket[PID: 114 (klogd)]: family:1, type:2, protocol:0
: usb_info_dev34 = "A200396E0402FF83@1@14.4G@U@1@USB_Storage;U:;0;0@"
sem_get: Key: 410f00a8
[   13.692568] firmadyne: sys_socket[PID: 114 (klogd)]: family:1, type:1, protocol:0
[   13.693809] firmadyne: sys_socket[PID: 114 (klogd)]: family:1, type:2, protocol:0
sem_get: Key: 410f00a8
nvram_set: [   13.700622] firmadyne: sys_socket[PID: 114 (klogd)]: family:1, type:1, protocol:0
[   13.701842] firmadyne: sys_socket[PID: 114 (klogd)]: family:1, type:2, protocol:0
usb_info_dev35 = "A200396E0402FF83@1@14.4G@U@1@USB_Storage;U:;0;0@"
sem_get: Key: 410f00a8
[   13.708479] firmadyne: sys_socket[PID: 114 (klogd)]: family:1, type:1, protocol:0
[   13.709686] firmadyne: sys_socket[PID: 114 (klogd)]: family:1, type:2, protocol:0
sem_get: Key: 410f00a8
nvram_set: [   13.716618] firmadyne: sys_socket[PID: 114 (klogd)]: family:1, type:1, protocol:0
[   13.717860] firmadyne: sys_socket[PID: 114 (klogd)]: family:1, type:2, protocol:0
usb_info_dev36 = "A200396E0402FF83@1@14.4G@U@1@USB_Storage;U:;0;0@"
sem_get: Key: 410f00a8
[   13.724573] firmadyne: sys_socket[PID: 114 (klogd)]: family:1, type:1, protocol:0
[   13.725797] firmadyne: sys_socket[PID: 114 (klogd)]: family:1, type:2, protocol:0
sem_get: Key: 410f00a8
nvram_set: [   13.732674] firmadyne: sys_socket[PID: 114 (klogd)]: family:1, type:1, protocol:0
[   13.733922] firmadyne: sys_socket[PID: 114 (klogd)]: family:1, type:2, protocol:0
usb_info_dev37 = "A200396E0402FF83@1@14.4G@U@1@USB_Storage;U:;0;0@"
sem_get: Key: 410f00a8
[   13.740763] firmadyne: sys_socket[PID: 114 (klogd)]: family:1, type:1, protocol:0
[   13.742012] firmadyne: sys_socket[PID: 114 (klogd)]: family:1, type:2, protocol:0
sem_get: Key: 410f00a8
nvram_set: usb_info_dev38[   13.748827] firmadyne: sys_socket[PID: 114 (klogd)]: family:1, type:1, protocol:0
[   13.750030] firmadyne: sys_socket[PID: 114 (klogd)]: family:1, type:2, protocol:0
 = "A200396E0402FF83@1@14.4G@U@1@USB_Storage;U:;0;0@"
sem_get: Key: 410f00a8
[   13.756722] firmadyne: sys_socket[PID: 114 (klogd)]: family:1, type:1, protocol:0
[   13.757930] firmadyne: sys_socket[PID: 114 (klogd)]: family:1, type:2, protocol:0
sem_get: Key: 410f00a8
nvram_set: usb_info_dev39 = "[   13.764967] firmadyne: sys_socket[PID: 114 (klogd)]: family:1, type:1, protocol:0
[   13.766232] firmadyne: sys_socket[PID: 114 (klogd)]: family:1, type:2, protocol:0
A200396E0402FF83@1@14.4G@U@1@USB_Storage;U:;0;0@"
sem_get: Key: 410f00a8
[   13.773033] firmadyne: sys_socket[PID: 114 (klogd)]: family:1, type:1, protocol:0
[   13.774336] firmadyne: sys_socket[PID: 114 (klogd)]: family:1, type:2, protocol:0
sem_get: Key: 410f00a8
nvram_set: usb_info_dev40 = "[   13.781057] firmadyne: sys_socket[PID: 114 (klogd)]: family:1, type:1, protocol:0
[   13.782294] firmadyne: sys_socket[PID: 114 (klogd)]: family:1, type:2, protocol:0
A200396E0402FF83@1@14.4G@U@1@USB_Storage;U:;0;0@"
sem_get: Key: 410f00a8
[   13.788842] firmadyne: sys_socket[PID: 114 (klogd)]: family:1, type:1, protocol:0
[   13.790089] firmadyne: sys_socket[PID: 114 (klogd)]: family:1, type:2, protocol:0
sem_get: Key: 410f00a8
nvram_set: usb_info_dev41 = "[   13.796692] firmadyne: sys_socket[PID: 114 (klogd)]: family:1, type:1, protocol:0
[   13.797970] firmadyne: sys_socket[PID: 114 (klogd)]: family:1, type:2, protocol:0
A200396E0402FF83@1@14.4G@U@1@USB_Storage;U:;0;0@"
sem_get: Key: 410f00a8
sem_get[   13.805001] firmadyne: sys_socket[PID: 114 (klogd)]: family:1, type:1, protocol:0
[   13.806239] firmadyne: sys_socket[PID: 114 (klogd)]: family:1, type:2, protocol:0
: Key: 410f00a8
nvram_set: usb_info_dev42 = "A200396E0402FF83@1@14.4G@U@1@USB_Storage;U:;0;0@[   13.814264] firmadyne: sys_socket[PID: 114 (klogd)]: family:1, type:1, protocol:0
[   13.815532] firmadyne: sys_socket[PID: 114 (klogd)]: family:1, type:2, protocol:0
"
sem_get: Key: 410f00a8
[   13.821766] firmadyne: sys_socket[PID: 114 (klogd)]: family:1, type:1, protocol:0
[   13.822973] firmadyne: sys_socket[PID: 114 (klogd)]: family:1, type:2, protocol:0
sem_get: Key: 410f00a8
nvram_set: usb_info_dev43[   13.829778] firmadyne: sys_socket[PID: 114 (klogd)]: family:1, type:1, protocol:0
[   13.830996] firmadyne: sys_socket[PID: 114 (klogd)]: family:1, type:2, protocol:0
 = "A200396E0402FF83@1@14.4G@U@1@USB_Storage;U:;0;0@"
sem_get: Key: 410f00a8
[   13.838106] firmadyne: sys_socket[PID: 114 (klogd)]: family:1, type:1, protocol:0
[   13.839285] firmadyne: sys_socket[PID: 114 (klogd)]: family:1, type:2, protocol:0
sem_get: Key: 410f00a8
nvram_set[   13.845857] firmadyne: sys_socket[PID: 114 (klogd)]: family:1, type:1, protocol:0
[   13.847101] firmadyne: sys_socket[PID: 114 (klogd)]: family:1, type:2, protocol:0
: usb_info_dev44 = "A200396E0402FF83@1@14.4G@U@1@USB_Storage;U:;0;0@"
sem_get: Key: 410f00a8
[   13.853801] firmadyne: sys_socket[PID: 114 (klogd)]: family:1, type:1, protocol:0
[   13.855010] firmadyne: sys_socket[PID: 114 (klogd)]: family:1, type:2, protocol:0
sem_get: Key: 410f00a8
[   13.861558] firmadyne: sys_socket[PID: 114 (klogd)]: family:1, type:1, protocol:0
[   13.862769] firmadyne: sys_socket[PID: 114 (klogd)]: family:1, type:2, protocol:0
nvram_set: usb_info_dev45 = "A200396E0402FF83@1@14.4G@U@1@USB_Storage;U:;0;0@"
sem_get: Key: 410f00a8[   13.869361] firmadyne: sys_socket[PID: 114 (klogd)]: family:1, type:1, protocol:0
[   13.870546] firmadyne: sys_socket[PID: 114 (klogd)]: family:1, type:2, protocol:0

sem_get: Key: 410f00a8
[   13.877159] firmadyne: sys_socket[PID: 114 (klogd)]: family:1, type:1, protocol:0
[   13.878369] firmadyne: sys_socket[PID: 114 (klogd)]: family:1, type:2, protocol:0
nvram_set: usb_info_dev46 = "A200396E0402FF83@1@14.4G@U@1@USB_Storage;U:;0;0@"
sem_get: Key: [   13.885022] firmadyne: sys_socket[PID: 114 (klogd)]: family:1, type:1, protocol:0
[   13.886255] firmadyne: sys_socket[PID: 114 (klogd)]: family:1, type:2, protocol:0
410f00a8
sem_get: Key: 410f00a8
[   13.892858] firmadyne: sys_socket[PID: 114 (klogd)]: family:1, type:1, protocol:0
[   13.894084] firmadyne: sys_socket[PID: 114 (klogd)]: family:1, type:2, protocol:0
nvram_set: usb_info_dev47 = "A200396E0402FF83@1@14.4G@U@1@USB_Storage;U:;0;0@"
sem_get: Key: [   13.900960] firmadyne: sys_socket[PID: 114 (klogd)]: family:1, type:1, protocol:0
[   13.902602] firmadyne: sys_socket[PID: 114 (klogd)]: family:1, type:2, protocol:0
410f00a8
sem_get: Key: 410f00a8
[   13.909364] firmadyne: sys_socket[PID: 114 (klogd)]: family:1, type:1, protocol:0
[   13.910598] firmadyne: sys_socket[PID: 114 (klogd)]: family:1, type:2, protocol:0
nvram_set: usb_info_dev48 = "A200396E0402FF83@1@14.4G@U@1@USB_Storage;U:;0;0@"
sem_get[   13.917598] firmadyne: sys_socket[PID: 114 (klogd)]: family:1, type:1, protocol:0
[   13.918912] firmadyne: sys_socket[PID: 114 (klogd)]: family:1, type:2, protocol:0
: Key: 410f00a8
sem_get: Key: 410f00a8
[   13.925745] firmadyne: sys_socket[PID: 114 (klogd)]: family:1, type:1, protocol:0
[   13.926955] firmadyne: sys_socket[PID: 114 (klogd)]: family:1, type:2, protocol:0
nvram_set: usb_info_dev49 = "A200396E0402FF83@1@14.4G@U@1@USB_Storage;U:;0;0@"
sem_get: Key: 410f00a8
[   13.937635] firmadyne: sys_socket[PID: 114 (klogd)]: family:1, type:1, protocol:0
[   13.938830] firmadyne: sys_socket[PID: 114 (klogd)]: family:1, type:2, protocol:0
[   13.941541] firmadyne: sys_socket[PID: 114 (klogd)]: family:1, type:1, protocol:0
[   13.942697] firmadyne: sys_socket[PID: 114 (klogd)]: family:1, type:2, protocol:0
sem_get: Key: 410f00a8
nvram_set: usb_info_dev50 = "[   13.949570] firmadyne: sys_socket[PID: 114 (klogd)]: family:1, type:1, protocol:0
[   13.950813] firmadyne: sys_socket[PID: 114 (klogd)]: family:1, type:2, protocol:0
A200396E0402FF83@1@14.4G@U@1@USB_Storage;U:;0;0@"
sem_get: Key: 410f00a8
sem_get: Key: 410f00a8
nvram_set: usb_info_dev51 = "[   13.961764] firmadyne: sys_socket[PID: 114 (klogd)]: family:1, type:1, protocol:0
[   13.963014] firmadyne: sys_socket[PID: 114 (klogd)]: family:1, type:2, protocol:0
[   13.965718] firmadyne: sys_socket[PID: 114 (klogd)]: family:1, type:1, protocol:0
[   13.966868] firmadyne: sys_socket[PID: 114 (klogd)]: family:1, type:2, protocol:0
A200396E0402FF83@1@14.4G@U@1@USB_Storage;U:;0;0@"
sem_get: Key: 410f00a8
[   13.973365] firmadyne: sys_socket[PID: 114 (klogd)]: family:1, type:1, protocol:0
[   13.974573] firmadyne: sys_socket[PID: 114 (klogd)]: family:1, type:2, protocol:0
sem_get: Key: 410f00a8
nvram_set: usb_info_dev52 = "[   13.981319] firmadyne: sys_socket[PID: 114 (klogd)]: family:1, type:1, protocol:0
[   13.982497] firmadyne: sys_socket[PID: 114 (klogd)]: family:1, type:2, protocol:0
A200396E0402FF83@1@14.4G@U@1@USB_Storage;U:;0;0@"
sem_get: Key: 410f00a8
[   13.989190] firmadyne: sys_socket[PID: 114 (klogd)]: family:1, type:1, protocol:0
[   13.990426] firmadyne: sys_socket[PID: 114 (klogd)]: family:1, type:2, protocol:0
sem_get: Key: 410f00a8
nvram_set: usb_info_dev53 = "[   13.997188] firmadyne: sys_socket[PID: 114 (klogd)]: family:1, type:1, protocol:0
[   13.998397] firmadyne: sys_socket[PID: 114 (klogd)]: family:1, type:2, protocol:0
A200396E0402FF83@1@14.4G@U@1@USB_Storage;U:;0;0@"
sem_get: Key: 410f00a8
[   14.004995] firmadyne: sys_socket[PID: 114 (klogd)]: family:1, type:1, protocol:0
[   14.006211] firmadyne: sys_socket[PID: 114 (klogd)]: family:1, type:2, protocol:0
sem_get: Key: 410f00a8
nvram_set: usb_info_dev54 = "[   14.014357] firmadyne: sys_socket[PID: 114 (klogd)]: family:1, type:1, protocol:0
[   14.015568] firmadyne: sys_socket[PID: 114 (klogd)]: family:1, type:2, protocol:0
[   14.018059] firmadyne: sys_socket[PID: 114 (klogd)]: family:1, type:1, protocol:0
[   14.019248] firmadyne: sys_socket[PID: 114 (klogd)]: family:1, type:2, protocol:0
A200396E0402FF83@1@14.4G@U@1@USB_Storage;U:;0;0@"
sem_get: Key: 410f00a8
sem_get: Key: 410f00a8
nvram_set: usb_info_dev55 = "A200396E0402FF83@1@14.4G@U@1@USB_Storage;U:;0;0@"
sem_get: Key: 410f00a8
sem_get: Key: 410f00a8
nvram_set: usb_info_dev56 = "A200396E0402FF83@1@14.4G@U@1@USB_Storage;U:;0;0@[   14.048354] firmadyne: sys_socket[PID: 114 (klogd)]: family:1, type:1, protocol:0
[   14.049623] firmadyne: sys_socket[PID: 114 (klogd)]: family:1, type:2, protocol:0
"
sem_get: Key: 410f00a8
sem_get: Key: [   14.056505] firmadyne: sys_socket[PID: 114 (klogd)]: family:1, type:1, protocol:0
[   14.057739] firmadyne: sys_socket[PID: 114 (klogd)]: family:1, type:2, protocol:0
410f00a8
nvram_set: usb_info_dev57 = "A200396E0402FF83@1@14.4G@U@1@USB_Storage;U:;0;0@"
sem_get: Key: 410f00a8
[   14.068392] firmadyne: sys_socket[PID: 114 (klogd)]: family:1, type:1, protocol:0
[   14.069668] firmadyne: sys_socket[PID: 114 (klogd)]: family:1, type:2, protocol:0
[   14.072321] firmadyne: sys_socket[PID: 114 (klogd)]: family:1, type:1, protocol:0
[   14.073501] firmadyne: sys_socket[PID: 114 (klogd)]: family:1, type:2, protocol:0
sem_get: Key: 410f00a8
nvram_set: usb_info_dev58 = "[   14.080466] firmadyne: sys_socket[PID: 114 (klogd)]: family:1, type:1, protocol:0
[   14.081689] firmadyne: sys_socket[PID: 114 (klogd)]: family:1, type:2, protocol:0
A200396E0402FF83@1@14.4G@U@1@USB_Storage;U:;0;0@"
sem_get: Key: 410f00a8
sem_get[   14.088753] firmadyne: sys_socket[PID: 114 (klogd)]: family:1, type:1, protocol:0
[   14.089985] firmadyne: sys_socket[PID: 114 (klogd)]: family:1, type:2, protocol:0
: Key: 410f00a8
nvram_set: usb_info_dev59 = "A200396E0402FF83@1@14.4G@U@1@USB_Storage;U:;0;0@[   14.096992] firmadyne: sys_socket[PID: 114 (klogd)]: family:1, type:1, protocol:0
[   14.098223] firmadyne: sys_socket[PID: 114 (klogd)]: family:1, type:2, protocol:0
"
sem_get: Key: 410f00a8
sem_get: Key: [   14.105146] firmadyne: sys_socket[PID: 114 (klogd)]: family:1, type:1, protocol:0
[   14.106408] firmadyne: sys_socket[PID: 114 (klogd)]: family:1, type:2, protocol:0
410f00a8
nvram_set: usb_info_dev60 = "A200396E0402FF83@1@14.4G@U@1@USB_Storage;U:;0;0@[   14.113115] firmadyne: sys_socket[PID: 114 (klogd)]: family:1, type:1, protocol:0
[   14.114318] firmadyne: sys_socket[PID: 114 (klogd)]: family:1, type:2, protocol:0
"
sem_get: Key: 410f00a8
sem_get: Key: [   14.121207] firmadyne: sys_socket[PID: 114 (klogd)]: family:1, type:1, protocol:0
[   14.122489] firmadyne: sys_socket[PID: 114 (klogd)]: family:1, type:2, protocol:0
410f00a8
nvram_set: usb_info_dev61 = "A200396E0402FF83@1@14.4G@U@1@USB_Storage;U:;0;0@"
[   14.129527] firmadyne: sys_socket[PID: 114 (klogd)]: family:1, type:1, protocol:0
[   14.130772] firmadyne: sys_socket[PID: 114 (klogd)]: family:1, type:2, protocol:0
[   14.133477] firmadyne: sys_socket[PID: 114 (klogd)]: family:1, type:1, protocol:0
[   14.134717] firmadyne: sys_socket[PID: 114 (klogd)]: family:1, type:2, protocol:0
sem_get: Key: 410f00a8
sem_get: Key: 410f00a8[   14.141666] firmadyne: sys_socket[PID: 114 (klogd)]: family:1, type:1, protocol:0
[   14.142857] firmadyne: sys_socket[PID: 114 (klogd)]: family:1, type:2, protocol:0

nvram_set: usb_info_dev62 = "A200396E0402FF83@1@14.4G@U@1@USB_Storage;U:;0;0@"
sem_get: Key: 410f00a8
sem_get: Key: 410f00a8[   14.153797] firmadyne: sys_socket[PID: 114 (klogd)]: family:1, type:1, protocol:0
[   14.155087] firmadyne: sys_socket[PID: 114 (klogd)]: family:1, type:2, protocol:0
[   14.157972] firmadyne: sys_socket[PID: 114 (klogd)]: family:1, type:1, protocol:0
[   14.159138] firmadyne: sys_socket[PID: 114 (klogd)]: family:1, type:2, protocol:0

nvram_set: usb_info_dev63 = "A200396E0402FF83@1@14.4G@U@1@USB_Storage;U:;0;0@"
[   14.165971] firmadyne: sys_socket[PID: 114 (klogd)]: family:1, type:1, protocol:0
[   14.167192] firmadyne: sys_socket[PID: 114 (klogd)]: family:1, type:2, protocol:0
sem_get: Key: 410f00a8
sem_get: Key: [   14.173749] firmadyne: sys_socket[PID: 114 (klogd)]: family:1, type:1, protocol:0
[   14.174980] firmadyne: sys_socket[PID: 114 (klogd)]: family:1, type:2, protocol:0
410f00a8
nvram_set: usb_info_dev64 = "A200396E0402FF83@1@14.4G@U@1@USB_Storage;U:;0;0@[   14.181858] firmadyne: sys_socket[PID: 114 (klogd)]: family:1, type:1, protocol:0
[   14.183038] firmadyne: sys_socket[PID: 114 (klogd)]: family:1, type:2, protocol:0
"
sem_get: Key: 410f00a8
sem_get: Key: [   14.189942] firmadyne: sys_socket[PID: 114 (klogd)]: family:1, type:1, protocol:0
[   14.191149] firmadyne: sys_socket[PID: 114 (klogd)]: family:1, type:2, protocol:0
410f00a8
nvram_set: usb_info_dev65 = "A200396E0402FF83@1@14.4G@U@1@USB_Storage;U:;0;0@[   14.197928] firmadyne: sys_socket[PID: 114 (klogd)]: family:1, type:1, protocol:0
[   14.199114] firmadyne: sys_socket[PID: 114 (klogd)]: family:1, type:2, protocol:0
"
sem_get: Key: 410f00a8
sem_get: Key: 410f00a8
nvram_set: usb_info_dev66 = "A200396E0402FF83@1@14.4G@U@1@USB_Storage;U:;0;0@[   14.209807] firmadyne: sys_socket[PID: 114 (klogd)]: family:1, type:1, protocol:0
[   14.211049] firmadyne: sys_socket[PID: 114 (klogd)]: family:1, type:2, protocol:0
[   14.214956] firmadyne: sys_socket[PID: 114 (klogd)]: family:1, type:1, protocol:0
[   14.216361] firmadyne: sys_socket[PID: 114 (klogd)]: family:1, type:2, protocol:0
[   14.218719] firmadyne: sys_socket[PID: 114 (klogd)]: family:1, type:1, protocol:0
"
sem_get: Key: 410f00a8
sem_get: Key: 410f00a8
nvram_set: usb_info_dev67 = "A200396E0402FF83@1@14.4G@U@1@USB_Storage;U:;0;0@[   14.228434] firmadyne: sys_socket[PID: 114 (klogd)]: family:1, type:2, protocol:0
[   14.230818] firmadyne: sys_socket[PID: 114 (klogd)]: family:1, type:1, protocol:0
"
sem_get: Key: 410f00a8
sem_get: Key: [   14.236423] firmadyne: sys_socket[PID: 114 (klogd)]: family:1, type:2, protocol:0
[   14.238779] firmadyne: sys_socket[PID: 114 (klogd)]: family:1, type:1, protocol:0
410f00a8
nvram_set: usb_info_dev68 = "A200396E0402FF83@1@14.4G@U@1@USB_Storage;U:;0;0@"
[   14.244591] firmadyne: sys_socket[PID: 114 (klogd)]: family:1, type:2, protocol:0
[   14.246950] firmadyne: sys_socket[PID: 114 (klogd)]: family:1, type:1, protocol:0
sem_get: Key: 410f00a8
sem_get: Key: 410f00a8[   14.252693] firmadyne: sys_socket[PID: 114 (klogd)]: family:1, type:2, protocol:0
[   14.255076] firmadyne: sys_socket[PID: 114 (klogd)]: family:1, type:1, protocol:0

nvram_set: usb_info_dev69 = "A200396E0402FF83@1@14.4G@U@1@USB_Storage;U:;0;0@"
[   14.260767] firmadyne: sys_socket[PID: 114 (klogd)]: family:1, type:2, protocol:0
[   14.263176] firmadyne: sys_socket[PID: 114 (klogd)]: family:1, type:1, protocol:0
sem_get: Key: 410f00a8
sem_get: Key: [   14.268436] firmadyne: sys_socket[PID: 114 (klogd)]: family:1, type:2, protocol:0
[   14.270801] firmadyne: sys_socket[PID: 114 (klogd)]: family:1, type:1, protocol:0
410f00a8
nvram_set: usb_info_dev70 = "A200396E0402FF83@1@14.4G@U@1@USB_Storage;U:;0;0@"
[   14.276584] firmadyne: sys_socket[PID: 114 (klogd)]: family:1, type:2, protocol:0
[   14.279024] firmadyne: sys_socket[PID: 114 (klogd)]: family:1, type:1, protocol:0
sem_get: Key: 410f00a8
sem_get: Key: 410f00a8[   14.284558] firmadyne: sys_socket[PID: 114 (klogd)]: family:1, type:2, protocol:0
[   14.286899] firmadyne: sys_socket[PID: 114 (klogd)]: family:1, type:1, protocol:0

nvram_set: usb_info_dev71 = "A200396E0402FF83@1@14.4G@U@1@USB_Storage;U:;0;0@"
[   14.292526] firmadyne: sys_socket[PID: 114 (klogd)]: family:1, type:2, protocol:0
[   14.294988] firmadyne: sys_socket[PID: 114 (klogd)]: family:1, type:1, protocol:0
sem_get: Key: 410f00a8
sem_get: Key: 410f00a8[   14.300666] firmadyne: sys_socket[PID: 114 (klogd)]: family:1, type:2, protocol:0
[   14.302994] firmadyne: sys_socket[PID: 114 (klogd)]: family:1, type:1, protocol:0

nvram_set: usb_info_dev72 = "A200396E0402FF83@1@14.4G@U@1@USB_Storage;U:;0;0@"
[   14.308662] firmadyne: sys_socket[PID: 114 (klogd)]: family:1, type:2, protocol:0
[   14.311022] firmadyne: sys_socket[PID: 114 (klogd)]: family:1, type:1, protocol:0
sem_get: Key: 410f00a8
sem_get: Key: 410f00a8[   14.316570] firmadyne: sys_socket[PID: 114 (klogd)]: family:1, type:2, protocol:0
[   14.318964] firmadyne: sys_socket[PID: 114 (klogd)]: family:1, type:1, protocol:0

nvram_set: usb_info_dev73 = "A200396E0402FF83@1@14.4G@U@1@USB_Storage;U:;0;0@"
[   14.324515] firmadyne: sys_socket[PID: 114 (klogd)]: family:1, type:2, protocol:0
[   14.326926] firmadyne: sys_socket[PID: 114 (klogd)]: family:1, type:1, protocol:0
sem_get: Key: 410f00a8
sem_get: Key: 410f00a8[   14.332561] firmadyne: sys_socket[PID: 114 (klogd)]: family:1, type:2, protocol:0
[   14.334910] firmadyne: sys_socket[PID: 114 (klogd)]: family:1, type:1, protocol:0

nvram_set: usb_info_dev74 = "A200396E0402FF83@1@14.4G@U@1@USB_Storage;U:;0;0@"
[   14.340526] firmadyne: sys_socket[PID: 114 (klogd)]: family:1, type:2, protocol:0
[   14.342986] firmadyne: sys_socket[PID: 114 (klogd)]: family:1, type:1, protocol:0
sem_get: Key: 410f00a8
sem_get: Key: 410f00a8[   14.348680] firmadyne: sys_socket[PID: 114 (klogd)]: family:1, type:2, protocol:0
[   14.351046] firmadyne: sys_socket[PID: 114 (klogd)]: family:1, type:1, protocol:0

nvram_set: usb_info_dev75 = "A200396E0402FF83@1@14.4G@U@1@USB_Storage;U:;0;0@"
[   14.356582] firmadyne: sys_socket[PID: 114 (klogd)]: family:1, type:2, protocol:0
[   14.358960] firmadyne: sys_socket[PID: 114 (klogd)]: family:1, type:1, protocol:0
sem_get: Key: 410f00a8
sem_get: Key: 410f00a8[   14.364436] firmadyne: sys_socket[PID: 114 (klogd)]: family:1, type:2, protocol:0
[   14.366828] firmadyne: sys_socket[PID: 114 (klogd)]: family:1, type:1, protocol:0

nvram_set: usb_info_dev76 = "A200396E0402FF83@1@14.4G@U@1@USB_Storage;U:;0;0@"
[   14.372349] firmadyne: sys_socket[PID: 114 (klogd)]: family:1, type:2, protocol:0
[   14.374762] firmadyne: sys_socket[PID: 114 (klogd)]: family:1, type:1, protocol:0
sem_get: Key: 410f00a8
sem_get: Key: 410f00a8[   14.380358] firmadyne: sys_socket[PID: 114 (klogd)]: family:1, type:2, protocol:0
[   14.382785] firmadyne: sys_socket[PID: 114 (klogd)]: family:1, type:1, protocol:0

nvram_set: usb_info_dev77 = "A200396E0402FF83@1@14.4G@U@1@USB_Storage;U:;0;0@"
[   14.388360] firmadyne: sys_socket[PID: 114 (klogd)]: family:1, type:2, protocol:0
[   14.390803] firmadyne: sys_socket[PID: 114 (klogd)]: family:1, type:1, protocol:0
sem_get: Key: 410f00a8
sem_get: Key: 410f00a8[   14.396246] firmadyne: sys_socket[PID: 114 (klogd)]: family:1, type:2, protocol:0
[   14.398650] firmadyne: sys_socket[PID: 114 (klogd)]: family:1, type:1, protocol:0

nvram_set: usb_info_dev78 = "A200396E0402FF83@1@14.4G@U@1@USB_Storage;U:;0;0@"
[   14.404112] firmadyne: sys_socket[PID: 114 (klogd)]: family:1, type:2, protocol:0
[   14.406512] firmadyne: sys_socket[PID: 114 (klogd)]: family:1, type:1, protocol:0
[   14.407711] firmadyne: sys_socket[PID: 114 (klogd)]: family:1, type:2, protocol:0
sem_get: Key: 410f00a8
sem_get: Key: 410f00a8
nvram_set: usb_info_dev79 = "A200396E0402FF83@1@14.4G@U@1@USB_Storage;U:;0;0@"
sem_get: Key: 410f00a8
sem_get: Key: 410f00a8[   14.432504] firmadyne: sys_socket[PID: 114 (klogd)]: family:1, type:1, protocol:0
[   14.433756] firmadyne: sys_socket[PID: 114 (klogd)]: family:1, type:2, protocol:0

nvram_set: usb_info_dev80 = "A200396E0402FF83@1@14.4G@U@1@USB_Storage;U:;0;0@"
[   14.440554] firmadyne: sys_socket[PID: 114 (klogd)]: family:1, type:1, protocol:0
[   14.441832] firmadyne: sys_socket[PID: 114 (klogd)]: family:1, type:2, protocol:0
sem_get: Key: 410f00a8
sem_get: Key: 410f00a8
[   14.448819] firmadyne: sys_socket[PID: 114 (klogd)]: family:1, type:1, protocol:0
[   14.450115] firmadyne: sys_socket[PID: 114 (klogd)]: family:1, type:2, protocol:0
nvram_set: usb_info_dev81 = "A200396E0402FF83@1@14.4G@U@1@USB_Storage;U:;0;0@"
sem_get[   14.457047] firmadyne: sys_socket[PID: 114 (klogd)]: family:1, type:1, protocol:0
[   14.458311] firmadyne: sys_socket[PID: 114 (klogd)]: family:1, type:2, protocol:0
: Key: 410f00a8
sem_get: Key: 410f00a8
[   14.464995] firmadyne: sys_socket[PID: 114 (klogd)]: family:1, type:1, protocol:0
[   14.466250] firmadyne: sys_socket[PID: 114 (klogd)]: family:1, type:2, protocol:0
nvram_set: usb_info_dev82 = "A200396E0402FF83@1@14.4G@U@1@USB_Storage;U:;0;0@"
sem_get[   14.473035] firmadyne: sys_socket[PID: 114 (klogd)]: family:1, type:1, protocol:0
[   14.474316] firmadyne: sys_socket[PID: 114 (klogd)]: family:1, type:2, protocol:0
: Key: 410f00a8
sem_get: Key: 410f00a8
[   14.481281] firmadyne: sys_socket[PID: 114 (klogd)]: family:1, type:1, protocol:0
[   14.482565] firmadyne: sys_socket[PID: 114 (klogd)]: family:1, type:2, protocol:0
nvram_set: usb_info_dev83 = "A200396E0402FF83@1@14.4G@U@1@USB_Storage;U:;0;0@"
[   14.489323] firmadyne: sys_socket[PID: 114 (klogd)]: family:1, type:1, protocol:0
[   14.490624] firmadyne: sys_socket[PID: 114 (klogd)]: family:1, type:2, protocol:0
sem_get: Key: 410f00a8
sem_get: Key: 410f00a8
[   14.497549] firmadyne: sys_socket[PID: 114 (klogd)]: family:1, type:1, protocol:0
[   14.498773] firmadyne: sys_socket[PID: 114 (klogd)]: family:1, type:2, protocol:0
nvram_set: usb_info_dev84 = "A200396E0402FF83@1@14.4G@U@1@USB_Storage;U:;0;0@"
[   14.505446] firmadyne: sys_socket[PID: 114 (klogd)]: family:1, type:1, protocol:0
[   14.506661] firmadyne: sys_socket[PID: 114 (klogd)]: family:1, type:2, protocol:0
sem_get: Key: 410f00a8
sem_get: Key: 410f00a8
[   14.513741] firmadyne: sys_socket[PID: 114 (klogd)]: family:1, type:1, protocol:0
[   14.515030] firmadyne: sys_socket[PID: 114 (klogd)]: family:1, type:2, protocol:0
nvram_set: usb_info_dev85 = "A200396E0402FF83@1@14.4G@U@1@USB_Storage;U:;0;0@"
[   14.521660] firmadyne: sys_socket[PID: 114 (klogd)]: family:1, type:1, protocol:0
[   14.522936] firmadyne: sys_socket[PID: 114 (klogd)]: family:1, type:2, protocol:0
sem_get: Key: 410f00a8
sem_get: Key: 410f00a8
[   14.530035] firmadyne: sys_socket[PID: 114 (klogd)]: family:1, type:1, protocol:0
[   14.531246] firmadyne: sys_socket[PID: 114 (klogd)]: family:1, type:2, protocol:0
nvram_set: usb_info_dev86 = "A200396E0402FF83@1@14.4G@U@1@USB_Storage;U:;0;0@"
[   14.537808] firmadyne: sys_socket[PID: 114 (klogd)]: family:1, type:1, protocol:0
[   14.538970] firmadyne: sys_socket[PID: 114 (klogd)]: family:1, type:2, protocol:0
sem_get: Key: 410f00a8
sem_get: Key: 410f00a8[   14.545889] firmadyne: sys_socket[PID: 114 (klogd)]: family:1, type:1, protocol:0
[   14.547184] firmadyne: sys_socket[PID: 114 (klogd)]: family:1, type:2, protocol:0

nvram_set: usb_info_dev87 = "A200396E0402FF83@1@14.4G@U@1@USB_Storage;U:;0;0@"
[   14.553974] firmadyne: sys_socket[PID: 114 (klogd)]: family:1, type:1, protocol:0
[   14.555136] firmadyne: sys_socket[PID: 114 (klogd)]: family:1, type:2, protocol:0
sem_get: Key: 410f00a8
sem_get: Key: [   14.561692] firmadyne: sys_socket[PID: 114 (klogd)]: family:1, type:1, protocol:0
[   14.562855] firmadyne: sys_socket[PID: 114 (klogd)]: family:1, type:2, protocol:0
410f00a8
nvram_set: usb_info_dev88 = "A200396E0402FF83@1@14.4G@U@1@USB_Storage;U:;0;0@[   14.569572] firmadyne: sys_socket[PID: 114 (klogd)]: family:1, type:1, protocol:0
[   14.570751] firmadyne: sys_socket[PID: 114 (klogd)]: family:1, type:2, protocol:0
"
sem_get: Key: 410f00a8
sem_get: Key: [   14.577727] firmadyne: sys_socket[PID: 114 (klogd)]: family:1, type:1, protocol:0
[   14.578910] firmadyne: sys_socket[PID: 114 (klogd)]: family:1, type:2, protocol:0
410f00a8
nvram_set: usb_info_dev89 = "A200396E0402FF83@1@14.4G@U@1@USB_Storage;U:;0;0@[   14.585603] firmadyne: sys_socket[PID: 114 (klogd)]: family:1, type:1, protocol:0
[   14.586778] firmadyne: sys_socket[PID: 114 (klogd)]: family:1, type:2, protocol:0
"
sem_get: Key: 410f00a8
sem_get: Key: [   14.593713] firmadyne: sys_socket[PID: 114 (klogd)]: family:1, type:1, protocol:0
[   14.594915] firmadyne: sys_socket[PID: 114 (klogd)]: family:1, type:2, protocol:0
410f00a8
nvram_set: usb_info_dev90 = "A200396E0402FF83@1@14.4G@U@1@USB_Storage;U:;0;0@[   14.601563] firmadyne: sys_socket[PID: 114 (klogd)]: family:1, type:1, protocol:0
[   14.602732] firmadyne: sys_socket[PID: 114 (klogd)]: family:1, type:2, protocol:0
"
sem_get: Key: 410f00a8
sem_get: Key: [   14.609577] firmadyne: sys_socket[PID: 114 (klogd)]: family:1, type:1, protocol:0
[   14.610836] firmadyne: sys_socket[PID: 114 (klogd)]: family:1, type:2, protocol:0
410f00a8
nvram_set: usb_info_dev91 = "A200396E0402FF83@1@14.4G@U@1@USB_Storage;U:;0;0@"
sem_get: Key: 410f00a8
[   14.621463] firmadyne: sys_socket[PID: 114 (klogd)]: family:1, type:1, protocol:0
[   14.622781] firmadyne: sys_socket[PID: 114 (klogd)]: family:1, type:2, protocol:0
sem_get: Key: 410f00a8
[   14.629647] firmadyne: sys_socket[PID: 114 (klogd)]: family:1, type:1, protocol:0
[   14.631020] firmadyne: sys_socket[PID: 114 (klogd)]: family:1, type:2, protocol:0
nvram_set: usb_info_dev92 = "A200396E0402FF83@1@14.4G@U@1@USB_Storage;U:;0;0@"
sem_get: Key: [   14.637666] firmadyne: sys_socket[PID: 114 (klogd)]: family:1, type:1, protocol:0
[   14.638868] firmadyne: sys_socket[PID: 114 (klogd)]: family:1, type:2, protocol:0
410f00a8
sem_get: Key: 410f00a8
[   14.645489] firmadyne: sys_socket[PID: 114 (klogd)]: family:1, type:1, protocol:0
[   14.646669] firmadyne: sys_socket[PID: 114 (klogd)]: family:1, type:2, protocol:0
nvram_set: usb_info_dev93 = "A200396E0402FF83@1@14.4G@U@1@USB_Storage;U:;0;0@"
sem_get[   14.653618] firmadyne: sys_socket[PID: 114 (klogd)]: family:1, type:1, protocol:0
[   14.654812] firmadyne: sys_socket[PID: 114 (klogd)]: family:1, type:2, protocol:0
: Key: 410f00a8
sem_get: Key: 410f00a8
[   14.661538] firmadyne: sys_socket[PID: 114 (klogd)]: family:1, type:1, protocol:0
[   14.662713] firmadyne: sys_socket[PID: 114 (klogd)]: family:1, type:2, protocol:0
nvram_set: usb_info_dev94 = "A200396E0402FF83@1@14.4G@U@1@USB_Storage;U:;0;0@"
[   14.669444] firmadyne: sys_socket[PID: 114 (klogd)]: family:1, type:1, protocol:0
[   14.670669] firmadyne: sys_socket[PID: 114 (klogd)]: family:1, type:2, protocol:0
sem_get: Key: 410f00a8
sem_get: Key: 410f00a8
[   14.677634] firmadyne: sys_socket[PID: 114 (klogd)]: family:1, type:1, protocol:0
[   14.678839] firmadyne: sys_socket[PID: 114 (klogd)]: family:1, type:2, protocol:0
nvram_set: usb_info_dev95 = "A200396E0402FF83@1@14.4G@U@1@USB_Storage;U:;0;0@"
[   14.685318] firmadyne: sys_socket[PID: 114 (klogd)]: family:1, type:1, protocol:0
[   14.686505] firmadyne: sys_socket[PID: 114 (klogd)]: family:1, type:2, protocol:0
sem_get: Key: 410f00a8
sem_get: Key: 410f00a8
[   14.693508] firmadyne: sys_socket[PID: 114 (klogd)]: family:1, type:1, protocol:0
[   14.694695] firmadyne: sys_socket[PID: 114 (klogd)]: family:1, type:2, protocol:0
nvram_set: usb_info_dev96 = "A200396E0402FF83@1@14.4G@U@1@USB_Storage;U:;0;0@"
[   14.701354] firmadyne: sys_socket[PID: 114 (klogd)]: family:1, type:1, protocol:0
[   14.702559] firmadyne: sys_socket[PID: 114 (klogd)]: family:1, type:2, protocol:0
sem_get: Key: 410f00a8
sem_get: Key: 410f00a8
[   14.709560] firmadyne: sys_socket[PID: 114 (klogd)]: family:1, type:1, protocol:0
[   14.710817] firmadyne: sys_socket[PID: 114 (klogd)]: family:1, type:2, protocol:0
nvram_set: usb_info_dev97 = "A200396E0402FF83@1@14.4G@U@1@USB_Storage;U:;0;0@"
[   14.717392] firmadyne: sys_socket[PID: 114 (klogd)]: family:1, type:1, protocol:0
[   14.718605] firmadyne: sys_socket[PID: 114 (klogd)]: family:1, type:2, protocol:0
sem_get: Key: 410f00a8
sem_get: Key: 410f00a8
[   14.725551] firmadyne: sys_socket[PID: 114 (klogd)]: family:1, type:1, protocol:0
[   14.726734] firmadyne: sys_socket[PID: 114 (klogd)]: family:1, type:2, protocol:0
nvram_set: usb_info_dev98 = "A200396E0402FF83@1@14.4G@U@1@USB_Storage;U:;0;0@"
[   14.733294] firmadyne: sys_socket[PID: 114 (klogd)]: family:1, type:1, protocol:0
[   14.734493] firmadyne: sys_socket[PID: 114 (klogd)]: family:1, type:2, protocol:0
sem_get: Key: 410f00a8
sem_get: Key: 410f00a8
[   14.741484] firmadyne: sys_socket[PID: 114 (klogd)]: family:1, type:1, protocol:0
[   14.742699] firmadyne: sys_socket[PID: 114 (klogd)]: family:1, type:2, protocol:0
nvram_set: usb_info_dev99 = "A200396E0402FF83@1@14.4G@U@1@USB_Storage;U:;0;0@"
[   14.749369] firmadyne: sys_socket[PID: 114 (klogd)]: family:1, type:1, protocol:0
[   14.750548] firmadyne: sys_socket[PID: 114 (klogd)]: family:1, type:2, protocol:0
sem_get: Key: 410f00a8
sem_get: Key: 410f00a8
[   14.757360] firmadyne: sys_socket[PID: 114 (klogd)]: family:1, type:1, protocol:0
[   14.758568] firmadyne: sys_socket[PID: 114 (klogd)]: family:1, type:2, protocol:0
nvram_set: usb_info_dev100 = "A200396E0402FF83@1@14.4G@U@1@USB_Storage;U:;0;0@"
[   14.765310] firmadyne: sys_socket[PID: 114 (klogd)]: family:1, type:1, protocol:0
[   14.766593] firmadyne: sys_socket[PID: 114 (klogd)]: family:1, type:2, protocol:0
sem_get: Key: 410f00a8
sem_get: Key: 410f00a8[   14.773338] firmadyne: sys_socket[PID: 114 (klogd)]: family:1, type:1, protocol:0
[   14.774607] firmadyne: sys_socket[PID: 114 (klogd)]: family:1, type:2, protocol:0

nvram_set: wla_ap_isolate_1 = ""
sem_get[   14.781581] firmadyne: sys_socket[PID: 114 (klogd)]: family:1, type:1, protocol:0
[   14.782777] firmadyne: sys_socket[PID: 114 (klogd)]: family:1, type:2, protocol:0
: Key: 410f00a8
sem_get: Key: 410f00a8
[   14.789330] firmadyne: sys_socket[PID: 114 (klogd)]: family:1, type:1, protocol:0
[   14.790526] firmadyne: sys_socket[PID: 114 (klogd)]: family:1, type:2, protocol:0
nvram_set: wla_ap_isolate_2 = ""
sem_get: Key: 410f00a8
[   14.797325] firmadyne: sys_socket[PID: 114 (klogd)]: family:1, type:1, protocol:0
[   14.798921] firmadyne: sys_socket[PID: 114 (klogd)]: family:1, type:2, protocol:0
sem_get: Key: 410f00a8
nvram_set: wla_ap_isolate_3 = ""
sem_get: Key: 410f00a8
sem_get: Key: 410f00a8
nvram_set: wla_ap_isolate_4 = ""
sem_get[   14.824435] firmadyne: sys_socket[PID: 114 (klogd)]: family:1, type:1, protocol:0
[   14.825648] firmadyne: sys_socket[PID: 114 (klogd)]: family:1, type:2, protocol:0
: Key: 410f00a8
sem_get: Key: 410f00a8
[   14.832225] firmadyne: sys_socket[PID: 114 (klogd)]: family:1, type:1, protocol:0
[   14.833418] firmadyne: sys_socket[PID: 114 (klogd)]: family:1, type:2, protocol:0
[   14.835741] firmadyne: sys_socket[PID: 114 (klogd)]: family:1, type:1, protocol:0
nvram_set: wlg_ap_isolate_1 = ""
sem_get: Key: 410f00a8
sem_get: Key: 410f00a8
[   14.844393] firmadyne: sys_socket[PID: 114 (klogd)]: family:1, type:2, protocol:0
[   14.846831] firmadyne: sys_socket[PID: 114 (klogd)]: family:1, type:1, protocol:0
nvram_set: wlg_ap_isolate_2 = ""
sem_get: Key: 410f00a8
[   14.852453] firmadyne: sys_socket[PID: 114 (klogd)]: family:1, type:2, protocol:0
[   14.854869] firmadyne: sys_socket[PID: 114 (klogd)]: family:1, type:1, protocol:0
sem_get: Key: 410f00a8
nvram_set[   14.860419] firmadyne: sys_socket[PID: 114 (klogd)]: family:1, type:2, protocol:0
[   14.862796] firmadyne: sys_socket[PID: 114 (klogd)]: family:1, type:1, protocol:0
: wlg_ap_isolate_3 = ""
sem_get: Key: 410f00a8
[   14.868212] firmadyne: sys_socket[PID: 114 (klogd)]: family:1, type:2, protocol:0
[   14.870643] firmadyne: sys_socket[PID: 114 (klogd)]: family:1, type:1, protocol:0
sem_get: Key: 410f00a8
nvram_set: wlg_ap_isolate_4[   14.876226] firmadyne: sys_socket[PID: 114 (klogd)]: family:1, type:2, protocol:0
[   14.878636] firmadyne: sys_socket[PID: 114 (klogd)]: family:1, type:1, protocol:0
 = ""
sem_get: Key: 410f00a8
sem_get: Key: [   14.884353] firmadyne: sys_socket[PID: 114 (klogd)]: family:1, type:2, protocol:0
[   14.886801] firmadyne: sys_socket[PID: 114 (klogd)]: family:1, type:1, protocol:0
410f00a8
nvram_set: wlg_allow_access_1 = ""
[   14.892300] firmadyne: sys_socket[PID: 114 (klogd)]: family:1, type:2, protocol:0
[   14.894738] firmadyne: sys_socket[PID: 114 (klogd)]: family:1, type:1, protocol:0
sem_get: Key: 410f00a8
sem_get: Key: 410f00a8
[   14.900249] firmadyne: sys_socket[PID: 114 (klogd)]: family:1, type:2, protocol:0
[   14.903129] firmadyne: sys_socket[PID: 114 (klogd)]: family:1, type:1, protocol:0
nvram_set: wlg_allow_access_2 = ""
sem_get[   14.908428] firmadyne: sys_socket[PID: 114 (klogd)]: family:1, type:2, protocol:0
[   14.910898] firmadyne: sys_socket[PID: 114 (klogd)]: family:1, type:1, protocol:0
: Key: 410f00a8
sem_get: Key: 410f00a8
[   14.916442] firmadyne: sys_socket[PID: 114 (klogd)]: family:1, type:2, protocol:0
[   14.918863] firmadyne: sys_socket[PID: 114 (klogd)]: family:1, type:1, protocol:0
nvram_set: wlg_allow_access_3 = ""
sem_get: Key: 410f00a8[   14.924369] firmadyne: sys_socket[PID: 114 (klogd)]: family:1, type:2, protocol:0
[   14.926777] firmadyne: sys_socket[PID: 114 (klogd)]: family:1, type:1, protocol:0

sem_get: Key: 410f00a8
[   14.932195] firmadyne: sys_socket[PID: 114 (klogd)]: family:1, type:2, protocol:0
[   14.934578] firmadyne: sys_socket[PID: 114 (klogd)]: family:1, type:1, protocol:0
nvram_set: wlg_allow_access_4 = ""
sem_get: Key: 410f00a8
[   14.940258] firmadyne: sys_socket[PID: 114 (klogd)]: family:1, type:2, protocol:0
[   14.942948] firmadyne: sys_socket[PID: 114 (klogd)]: family:1, type:1, protocol:0
sem_get: Key: 410f00a8
[   14.948512] firmadyne: sys_socket[PID: 114 (klogd)]: family:1, type:2, protocol:0
[   14.950944] firmadyne: sys_socket[PID: 114 (klogd)]: family:1, type:1, protocol:0
nvram_set: 0:macaddr = "01:23:45:67:89:ab"
sem_get[   14.956629] firmadyne: sys_socket[PID: 114 (klogd)]: family:1, type:2, protocol:0
[   14.959018] firmadyne: sys_socket[PID: 114 (klogd)]: family:1, type:1, protocol:0
: Key: 410f00a8
sem_get: Key: 410f00a8
[   14.964486] firmadyne: sys_socket[PID: 114 (klogd)]: family:1, type:2, protocol:0
[   14.966863] firmadyne: sys_socket[PID: 114 (klogd)]: family:1, type:1, protocol:0
nvram_set: 1:macaddr = "01:23:45:67:89:ab"
sem_get[   14.972277] firmadyne: sys_socket[PID: 114 (klogd)]: family:1, type:2, protocol:0
[   14.974725] firmadyne: sys_socket[PID: 114 (klogd)]: family:1, type:1, protocol:0
: Key: 410f00a8
sem_get: Key: 410f00a8
[   14.980157] firmadyne: sys_socket[PID: 114 (klogd)]: family:1, type:2, protocol:0
[   14.982558] firmadyne: sys_socket[PID: 114 (klogd)]: family:1, type:1, protocol:0
[   14.983719] firmadyne: sys_socket[PID: 114 (klogd)]: family:1, type:2, protocol:0
nvram_set: 2:macaddr = "01:23:45:67:89:ab"
sem_get: Key: 410f00a8
sem_get: Key: 410f00a8
[   14.993668] firmadyne: sys_socket[PID: 114 (klogd)]: family:1, type:1, protocol:0
[   14.994804] firmadyne: sys_socket[PID: 114 (klogd)]: family:1, type:2, protocol:0
nvram_set: lan1_ifnames = ""
sem_get: Key: [   15.001538] firmadyne: sys_socket[PID: 114 (klogd)]: family:1, type:1, protocol:0
[   15.002714] firmadyne: sys_socket[PID: 114 (klogd)]: family:1, type:2, protocol:0
410f00a8
sem_get: Key: 410f00a8
[   15.009398] firmadyne: sys_socket[PID: 114 (klogd)]: family:1, type:1, protocol:0
[   15.010558] firmadyne: sys_socket[PID: 114 (klogd)]: family:1, type:2, protocol:0
nvram_set: lan2_ifnames = ""
sem_get: Key: 410f00a8
sem_get: Key: 410f00a8
[   15.021117] firmadyne: sys_socket[PID: 114 (klogd)]: family:1, type:1, protocol:0
[   15.022294] firmadyne: sys_socket[PID: 114 (klogd)]: family:1, type:2, protocol:0
[   15.025190] firmadyne: sys_socket[PID: 114 (klogd)]: family:1, type:1, protocol:0
[   15.026318] firmadyne: sys_socket[PID: 114 (klogd)]: family:1, type:2, protocol:0
nvram_set: lan3_ifnames = ""
sem_get: Key: 410f00a8
[   15.032798] firmadyne: sys_socket[PID: 114 (klogd)]: family:1, type:1, protocol:0
[   15.034020] firmadyne: sys_socket[PID: 114 (klogd)]: family:1, type:2, protocol:0
sem_get: Key: 410f00a8
nvram_set: [   15.040843] firmadyne: sys_socket[PID: 114 (klogd)]: family:1, type:1, protocol:0
[   15.042024] firmadyne: sys_socket[PID: 114 (klogd)]: family:1, type:2, protocol:0
lan4_ifnames = ""
sem_get: Key: 410f00a8
sem_get[   15.048963] firmadyne: sys_socket[PID: 114 (klogd)]: family:1, type:1, protocol:0
[   15.050170] firmadyne: sys_socket[PID: 114 (klogd)]: family:1, type:2, protocol:0
: Key: 410f00a8
nvram_set: lan5_ifnames = ""
[   15.056862] firmadyne: sys_socket[PID: 114 (klogd)]: family:1, type:1, protocol:0
[   15.058031] firmadyne: sys_socket[PID: 114 (klogd)]: family:1, type:2, protocol:0
sem_get: Key: 410f00a8
sem_get: Key: 410f00a8
[   15.064635] firmadyne: sys_socket[PID: 114 (klogd)]: family:1, type:1, protocol:0
[   15.065811] firmadyne: sys_socket[PID: 114 (klogd)]: family:1, type:2, protocol:0
nvram_set: lan6_ifnames = ""
sem_get: Key: 410f00a8[   15.072568] firmadyne: sys_socket[PID: 114 (klogd)]: family:1, type:1, protocol:0
[   15.073819] firmadyne: sys_socket[PID: 114 (klogd)]: family:1, type:2, protocol:0

sem_get: Key: 410f00a8
[   15.080466] firmadyne: sys_socket[PID: 114 (klogd)]: family:1, type:1, protocol:0
[   15.081655] firmadyne: sys_socket[PID: 114 (klogd)]: family:1, type:2, protocol:0
nvram_set: lan7_ifnames = ""
sem_get: Key: 410f00a8
[   15.088256] firmadyne: sys_socket[PID: 114 (klogd)]: family:1, type:1, protocol:0
[   15.089499] firmadyne: sys_socket[PID: 114 (klogd)]: family:1, type:2, protocol:0
sem_get: Key: 410f00a8
nvram_set: lan8_ifnames = "[   15.096108] firmadyne: sys_socket[PID: 114 (klogd)]: family:1, type:1, protocol:0
[   15.097324] firmadyne: sys_socket[PID: 114 (klogd)]: family:1, type:2, protocol:0
[   15.099639] firmadyne: sys_socket[PID: 114 (klogd)]: family:1, type:1, protocol:0
"
sem_get: Key: 410f00a8
sem_get[   15.104814] firmadyne: sys_socket[PID: 114 (klogd)]: family:1, type:2, protocol:0
[   15.107111] firmadyne: sys_socket[PID: 114 (klogd)]: family:1, type:1, protocol:0
: Key: 410f00a8
nvram_set: lan9_ifnames = ""
[   15.112653] firmadyne: sys_socket[PID: 114 (klogd)]: family:1, type:2, protocol:0
[   15.114944] firmadyne: sys_socket[PID: 114 (klogd)]: family:1, type:1, protocol:0
sem_get: Key: 410f00a8
sem_get: Key: 410f00a8
[   15.120533] firmadyne: sys_socket[PID: 114 (klogd)]: family:1, type:2, protocol:0
[   15.122898] firmadyne: sys_socket[PID: 114 (klogd)]: family:1, type:1, protocol:0
nvram_set_default: Loading built-in default values = 1!
nvram_set_default: Checking for symbol "router_defaults[   15.128354] firmadyne: sys_socket[PID: 114 (klogd)]: family:1, type:2, protocol:0
[   15.130655] firmadyne: sys_socket[PID: 114 (klogd)]: family:1, type:1, protocol:0
"...
nvram_set_default: Checking for symbol "Nvrams"...
[   15.137416] firmadyne: sys_socket[PID: 114 (klogd)]: family:1, type:2, protocol:0
[   15.140001] firmadyne: sys_socket[PID: 114 (klogd)]: family:1, type:1, protocol:0
[   15.141166] firmadyne: sys_socket[PID: 114 (klogd)]: family:1, type:2, protocol:0
[   15.143420] firmadyne: sys_socket[PID: 114 (klogd)]: family:1, type:1, protocol:0
nvram_set: time_zone = "GMT+8[   15.152578] firmadyne: sys_socket[PID: 114 (klogd)]: family:1, type:2, protocol:0
[   15.154947] firmadyne: sys_socket[PID: 114 (klogd)]: family:1, type:1, protocol:0
"
sem_get: Key: 410f00a8
[   15.160387] firmadyne: sys_socket[PID: 114 (klogd)]: family:1, type:2, protocol:0
[   15.162736] firmadyne: sys_socket[PID: 114 (klogd)]: family:1, type:1, protocol:0
sem_get: Key: 410f00a8
[   15.168155] firmadyne: sys_socket[PID: 114 (klogd)]: family:1, type:2, protocol:0
[   15.170587] firmadyne: sys_socket[PID: 114 (klogd)]: family:1, type:1, protocol:0
[   15.171741] firmadyne: sys_socket[PID: 114 (klogd)]: family:1, type:2, protocol:0
nvram_set: time_daylight = ""
sem_get: Key: 410f00a8
sem_get: Key: 410f00a8
[   15.181629] firmadyne: sys_socket[PID: 114 (klogd)]: family:1, type:1, protocol:0
[   15.182800] firmadyne: sys_socket[PID: 114 (klogd)]: family:1, type:2, protocol:0
nvram_set: restore_default = "0"
sem_get: Key: 410f00a8
sem_get: Key: 410f00a8
[   15.204204] firmadyne: sys_socket[PID: 114 (klogd)]: family:1, type:1, protocol:0
[   15.205414] firmadyne: sys_socket[PID: 114 (klogd)]: family:1, type:2, protocol:0
nvram_set: wiz_language[   15.213082] firmadyne: sys_socket[PID: 114 (klogd)]: family:1, type:1, protocol:0
[   15.214313] firmadyne: sys_socket[PID: 114 (klogd)]: family:1, type:2, protocol:0
[   15.216847] firmadyne: sys_socket[PID: 114 (klogd)]: family:1, type:1, protocol:0
[   15.217990] firmadyne: sys_socket[PID: 114 (klogd)]: family:1, type:2, protocol:0
 = "English"
sem_get: Key: 410f00a8
sem_get: Key: 410f00a8
[   15.228565] firmadyne: sys_socket[PID: 114 (klogd)]: family:1, type:1, protocol:0
[   15.229815] firmadyne: sys_socket[PID: 114 (klogd)]: family:1, type:2, protocol:0
nvram_set: wiz_country = "US"
sem_get: Key: 410f00a8
[   15.236623] firmadyne: sys_socket[PID: 114 (klogd)]: family:1, type:1, protocol:0
[   15.237804] firmadyne: sys_socket[PID: 114 (klogd)]: family:1, type:2, protocol:0
sem_get: Key: 410f00a8
[   15.244344] firmadyne: sys_socket[PID: 114 (klogd)]: family:1, type:1, protocol:0
[   15.245521] firmadyne: sys_socket[PID: 114 (klogd)]: family:1, type:2, protocol:0
nvram_set: fix_ipaddr = ""
sem_get: Key: [   15.252242] firmadyne: sys_socket[PID: 114 (klogd)]: family:1, type:1, protocol:0
[   15.253476] firmadyne: sys_socket[PID: 114 (klogd)]: family:1, type:2, protocol:0
410f00a8
sem_get: Key: 410f00a8
[   15.260085] firmadyne: sys_socket[PID: 114 (klogd)]: family:1, type:1, protocol:0
[   15.261273] firmadyne: sys_socket[PID: 114 (klogd)]: family:1, type:2, protocol:0
[   15.263529] firmadyne: sys_socket[PID: 114 (klogd)]: family:1, type:1, protocol:0
nvram_set: fix_netmask = "[   15.268580] firmadyne: sys_socket[PID: 114 (klogd)]: family:1, type:2, protocol:0
[   15.270992] firmadyne: sys_socket[PID: 114 (klogd)]: family:1, type:1, protocol:0
"
sem_get: Key: 410f00a8
sem_get: Key: [   15.276352] firmadyne: sys_socket[PID: 114 (klogd)]: family:1, type:2, protocol:0
[   15.278685] firmadyne: sys_socket[PID: 114 (klogd)]: family:1, type:1, protocol:0
410f00a8
[   15.284014] firmadyne: sys_socket[PID: 114 (klogd)]: family:1, type:2, protocol:0
[   15.286495] firmadyne: sys_socket[PID: 114 (klogd)]: family:1, type:1, protocol:0
[   15.287710] firmadyne: sys_socket[PID: 114 (klogd)]: family:1, type:2, protocol:0
nvram_set: fix_gateway = ""
sem_get: Key: 410f00a8
sem_get: Key: 410f00a8
[   15.297587] firmadyne: sys_socket[PID: 114 (klogd)]: family:1, type:1, protocol:0
[   15.298763] firmadyne: sys_socket[PID: 114 (klogd)]: family:1, type:2, protocol:0
nvram_set: wan_ifname = "ppp0"
[   15.305663] firmadyne: sys_socket[PID: 114 (klogd)]: family:1, type:1, protocol:0
[   15.306864] firmadyne: sys_socket[PID: 114 (klogd)]: family:1, type:2, protocol:0
[   15.309557] firmadyne: sys_socket[PID: 114 (klogd)]: family:1, type:1, protocol:0
[   15.310740] firmadyne: sys_socket[PID: 114 (klogd)]: family:1, type:2, protocol:0
sem_get: Key: 410f00a8
sem_get: Key: 410f00a8[   15.317544] firmadyne: sys_socket[PID: 114 (klogd)]: family:1, type:1, protocol:0
[   15.318720] firmadyne: sys_socket[PID: 114 (klogd)]: family:1, type:2, protocol:0

nvram_set[   15.325668] firmadyne: sys_socket[PID: 114 (klogd)]: family:1, type:1, protocol:0
[   15.326838] firmadyne: sys_socket[PID: 114 (klogd)]: family:1, type:2, protocol:0
: wan_mode = "pppoe"
sem_get: Key: 410f00a8
[   15.333392] firmadyne: sys_socket[PID: 114 (klogd)]: family:1, type:1, protocol:0
[   15.334576] firmadyne: sys_socket[PID: 114 (klogd)]: family:1, type:2, protocol:0
sem_get: Key: 410f00a8
[   15.341202] firmadyne: sys_socket[PID: 114 (klogd)]: family:1, type:1, protocol:0
[   15.342447] firmadyne: sys_socket[PID: 114 (klogd)]: family:1, type:2, protocol:0
nvram_set: wan_iptype = "Dynamic"
sem_get: Key: 410f00a8
sem_get: Key: 410f00a8[   15.353285] firmadyne: sys_socket[PID: 114 (klogd)]: family:1, type:1, protocol:0
[   15.354501] firmadyne: sys_socket[PID: 114 (klogd)]: family:1, type:2, protocol:0
[   15.357219] firmadyne: sys_socket[PID: 114 (klogd)]: family:1, type:1, protocol:0
[   15.358376] firmadyne: sys_socket[PID: 114 (klogd)]: family:1, type:2, protocol:0

