[    0.000000] Linux version 4.1.17+ (alessio@pc) (gcc version 5.5.0 20171010 (Ubuntu 5.5.0-12ubuntu1) ) #1 Mon May 15 23:04:08 CEST 2023
[    0.000000] earlycon: Early serial console at I/O port 0x3f8 (options '38400n8')
[    0.000000] bootconsole [uart0] enabled
[    0.000000] CPU0 revision is: 00019300 (MIPS 24Kc)
[    0.000000] FPU revision is: 00739300
[    0.000000] Software DMA cache coherency enabled
[    0.000000] Determined physical RAM map:
[    0.000000]  memory: 00001000 @ 00000000 (reserved)
[    0.000000]  memory: 000ef000 @ 00001000 (ROM data)
[    0.000000]  memory: 00798000 @ 000f0000 (reserved)
[    0.000000]  memory: 0f777000 @ 00888000 (usable)
[    0.000000] debug: ignoring loglevel setting.
[    0.000000] Wasting 69888 bytes for tracking 2184 unused pages
[    0.000000] Initrd not found or empty - disabling initrd
[    0.000000] Zone ranges:
[    0.000000]   DMA      [mem 0x0000000000000000-0x0000000000ffffff]
[    0.000000]   Normal   [mem 0x0000000001000000-0x000000000fffefff]
[    0.000000] Movable zone start for each node
[    0.000000] Early memory node ranges
[    0.000000]   node   0: [mem 0x0000000000000000-0x000000000fffefff]
[    0.000000] Initmem setup node 0 [mem 0x0000000000000000-0x000000000fffefff]
[    0.000000] On node 0 totalpages: 65535
[    0.000000] free_area_init_node: node 0, pgdat 8081d5b0, node_mem_map 81000000
[    0.000000]   DMA zone: 32 pages used for memmap
[    0.000000]   DMA zone: 0 pages reserved
[    0.000000]   DMA zone: 4096 pages, LIFO batch:0
[    0.000000]   Normal zone: 480 pages used for memmap
[    0.000000]   Normal zone: 61439 pages, LIFO batch:15
[    0.000000] Primary instruction cache 2kB, VIPT, 2-way, linesize 16 bytes.
[    0.000000] Primary data cache 2kB, 2-way, VIPT, no aliases, linesize 16 bytes
[    0.000000] pcpu-alloc: s0 r0 d32768 u32768 alloc=1*32768
[    0.000000] pcpu-alloc: [0] 0 
[    0.000000] Built 1 zonelists in Zone order, mobility grouping on.  Total pages: 65023
[    0.000000] Kernel command line: root=/dev/sda1 console=ttyS0 nandsim.parts=64,64,64,64,64,64,64,64,64,64 rdinit=/firmadyne/preInit.sh rw debug ignore_loglevel print-fatal-signals=1 FIRMAE_NET=true FIRMAE_NVRAM=true FIRMAE_KERNEL=true FIRMAE_ETC=true user_debug=0 firmadyne.syscall=1 noka
[    0.000000] found FIRMAE_KERNEL=t
[    0.000000] set the LD_PRELOAD=/firmadyne/libnvram_ioctl.so
[    0.000000] PID hash table entries: 1024 (order: 0, 4096 bytes)
[    0.000000] Dentry cache hash table entries: 32768 (order: 5, 131072 bytes)
[    0.000000] Inode-cache hash table entries: 16384 (order: 4, 65536 bytes)
[    0.000000] Writing ErrCtl register=00000000
[    0.000000] Readback ErrCtl register=00000000
[    0.000000] Memory: 251112K/262140K available (5360K kernel code, 244K rwdata, 1676K rodata, 260K init, 158K bss, 11028K reserved, 0K cma-reserved)
[    0.000000] NR_IRQS:256
[    0.000000] CPU frequency 200.01 MHz
[    0.000000] clocksource MIPS: mask: 0xffffffff max_cycles: 0xffffffff, max_idle_ns: 19112123795 ns
[    0.000201] sched_clock: 32 bits at 100MHz, resolution 9ns, wraps every 21474296827ns
[    0.015557] Console: colour dummy device 80x25
[    0.016775] Calibrating delay loop... 25.18 BogoMIPS (lpj=50368)
[    0.073351] pid_max: default: 32768 minimum: 301
[    0.077732] Mount-cache hash table entries: 1024 (order: 0, 4096 bytes)
[    0.078247] Mountpoint-cache hash table entries: 1024 (order: 0, 4096 bytes)
[    0.145160] clocksource jiffies: mask: 0xffffffff max_cycles: 0xffffffff, max_idle_ns: 7645041785100000 ns
[    0.156375] NET: Registered protocol family 16
[    0.444021] clocksource pit: mask: 0xffffffff max_cycles: 0xffffffff, max_idle_ns: 1601818034827 ns
[    0.604093] vgaarb: loaded
[    0.609873] SCSI subsystem initialized
[    0.612426] libata version 3.00 loaded.
[    0.616918] usbcore: registered new interface driver usbfs
[    0.618343] usbcore: registered new interface driver hub
[    0.619432] usbcore: registered new device driver usb
[    0.622262] pps_core: LinuxPPS API ver. 1 registered
[    0.622667] pps_core: Software ver. 5.3.6 - Copyright 2005-2007 Rodolfo Giometti <giometti@linux.it>
[    0.623601] PTP clock support registered
[    0.628588] PCI host bridge to bus 0000:00
[    0.629356] pci_bus 0000:00: root bus resource [mem 0x10000000-0x17ffffff]
[    0.630009] pci_bus 0000:00: root bus resource [io  0x1000-0x1fffff]
[    0.630649] pci_bus 0000:00: root bus resource [??? 0x00000000 flags 0x0]
[    0.631222] pci_bus 0000:00: No busn resource found for root bus, will use [bus 00-ff]
[    0.632529] pci 0000:00:00.0: [11ab:4620] type 00 class 0x060000
[    0.633598] pci 0000:00:00.0: [Firmware Bug]: reg 0x14: invalid BAR (can't size)
[    0.634185] pci 0000:00:00.0: [Firmware Bug]: reg 0x18: invalid BAR (can't size)
[    0.634767] pci 0000:00:00.0: [Firmware Bug]: reg 0x1c: invalid BAR (can't size)
[    0.635344] pci 0000:00:00.0: [Firmware Bug]: reg 0x20: invalid BAR (can't size)
[    0.635933] pci 0000:00:00.0: [Firmware Bug]: reg 0x24: invalid BAR (can't size)
[    0.640277] pci 0000:00:0a.0: [8086:7110] type 00 class 0x060100
[    0.644114] pci 0000:00:0a.1: [8086:7111] type 00 class 0x010180
[    0.644953] pci 0000:00:0a.1: reg 0x20: [io  0x0000-0x000f]
[    0.645737] pci 0000:00:0a.1: legacy IDE quirk: reg 0x10: [io  0x01f0-0x01f7]
[    0.646327] pci 0000:00:0a.1: legacy IDE quirk: reg 0x14: [io  0x03f6]
[    0.646913] pci 0000:00:0a.1: legacy IDE quirk: reg 0x18: [io  0x0170-0x0177]
[    0.647515] pci 0000:00:0a.1: legacy IDE quirk: reg 0x1c: [io  0x0376]
[    0.650954] pci 0000:00:0a.2: [8086:7112] type 00 class 0x0c0300
[    0.651640] pci 0000:00:0a.2: reg 0x20: [io  0x0000-0x001f]
[    0.655095] pci 0000:00:0a.3: [8086:7113] type 00 class 0x068000
[    0.656517] pci 0000:00:0a.3: quirk: [io  0x1000-0x103f] claimed by PIIX4 ACPI
[    0.657155] pci 0000:00:0a.3: quirk: [io  0x1100-0x110f] claimed by PIIX4 SMB
[    0.660598] pci 0000:00:12.0: [1013:00b8] type 00 class 0x030000
[    0.661230] pci 0000:00:12.0: reg 0x10: [mem 0x00000000-0x01ffffff pref]
[    0.661857] pci 0000:00:12.0: reg 0x14: [mem 0x00000000-0x00000fff]
[    0.662658] pci 0000:00:12.0: reg 0x30: [mem 0x00000000-0x0000ffff pref]
[    0.665381] vgaarb: device added: PCI:0000:00:12.0,decodes=io+mem,owns=none,locks=none
[    0.666809] pci 0000:00:13.0: [8086:100e] type 00 class 0x020000
[    0.667438] pci 0000:00:13.0: reg 0x10: [mem 0x00000000-0x0001ffff]
[    0.667999] pci 0000:00:13.0: reg 0x14: [io  0x0000-0x003f]
[    0.668631] pci 0000:00:13.0: reg 0x30: [mem 0x00000000-0x0003ffff pref]
[    0.671937] pci 0000:00:14.0: [8086:100e] type 00 class 0x020000
[    0.672552] pci 0000:00:14.0: reg 0x10: [mem 0x00000000-0x0001ffff]
[    0.673112] pci 0000:00:14.0: reg 0x14: [io  0x0000-0x003f]
[    0.673751] pci 0000:00:14.0: reg 0x30: [mem 0x00000000-0x0003ffff pref]
[    0.677162] pci 0000:00:15.0: [8086:100e] type 00 class 0x020000
[    0.677783] pci 0000:00:15.0: reg 0x10: [mem 0x00000000-0x0001ffff]
[    0.678346] pci 0000:00:15.0: reg 0x14: [io  0x0000-0x003f]
[    0.679125] pci 0000:00:15.0: reg 0x30: [mem 0x00000000-0x0003ffff pref]
[    0.682259] pci 0000:00:16.0: [8086:100e] type 00 class 0x020000
[    0.683051] pci 0000:00:16.0: reg 0x10: [mem 0x00000000-0x0001ffff]
[    0.683619] pci 0000:00:16.0: reg 0x14: [io  0x0000-0x003f]
[    0.684240] pci 0000:00:16.0: reg 0x30: [mem 0x00000000-0x0003ffff pref]
[    0.687730] pci_bus 0000:00: busn_res: [bus 00-ff] end is updated to 00
[    0.689276] pci 0000:00:12.0: BAR 0: assigned [mem 0x10000000-0x11ffffff pref]
[    0.690043] pci 0000:00:13.0: BAR 6: assigned [mem 0x12000000-0x1203ffff pref]
[    0.690728] pci 0000:00:14.0: BAR 6: assigned [mem 0x12040000-0x1207ffff pref]
[    0.691564] pci 0000:00:15.0: BAR 6: assigned [mem 0x12080000-0x120bffff pref]
[    0.692212] pci 0000:00:16.0: BAR 6: assigned [mem 0x120c0000-0x120fffff pref]
[    0.692845] pci 0000:00:13.0: BAR 0: assigned [mem 0x12100000-0x1211ffff]
[    0.693472] pci 0000:00:14.0: BAR 0: assigned [mem 0x12120000-0x1213ffff]
[    0.694107] pci 0000:00:15.0: BAR 0: assigned [mem 0x12140000-0x1215ffff]
[    0.694745] pci 0000:00:16.0: BAR 0: assigned [mem 0x12160000-0x1217ffff]
[    0.695422] pci 0000:00:12.0: BAR 6: assigned [mem 0x12180000-0x1218ffff pref]
[    0.696211] pci 0000:00:12.0: BAR 1: assigned [mem 0x12190000-0x12190fff]
[    0.696859] pci 0000:00:13.0: BAR 1: assigned [io  0x1040-0x107f]
[    0.697445] pci 0000:00:14.0: BAR 1: assigned [io  0x1080-0x10bf]
[    0.698030] pci 0000:00:15.0: BAR 1: assigned [io  0x10c0-0x10ff]
[    0.698626] pci 0000:00:16.0: BAR 1: assigned [io  0x1400-0x143f]
[    0.699211] pci 0000:00:0a.2: BAR 4: assigned [io  0x1440-0x145f]
[    0.699954] pci 0000:00:0a.1: BAR 4: assigned [io  0x1460-0x146f]
[    0.718405] cfg80211: Calling CRDA to update world regulatory domain
[    0.732876] Switched to clocksource MIPS
[    0.853913] NET: Registered protocol family 2
[    0.866923] TCP established hash table entries: 2048 (order: 1, 8192 bytes)
[    0.868106] TCP bind hash table entries: 2048 (order: 1, 8192 bytes)
[    0.869413] TCP: Hash tables configured (established 2048 bind 2048)
[    0.870523] UDP hash table entries: 256 (order: 0, 4096 bytes)
[    0.871237] UDP-Lite hash table entries: 256 (order: 0, 4096 bytes)
[    0.875567] NET: Registered protocol family 1
[    0.877466] PCI: Enabling device 0000:00:0a.2 (0000 -> 0001)
[    0.879020] PCI: CLS 0 bytes, default 16
[    0.914485] futex hash table entries: 256 (order: -1, 3072 bytes)
[    0.933215] squashfs: version 4.0 (2009/01/31) Phillip Lougher
[    0.935970] jffs2: version 2.2. (NAND) Â© 2001-2006 Red Hat, Inc.
[    0.939831] romfs: ROMFS MTD (C) 2007 Red Hat, Inc.
[    0.966902] Block layer SCSI generic (bsg) driver version 0.4 loaded (major 251)
[    0.967631] io scheduler noop registered
[    0.968414] io scheduler cfq registered (default)
[    0.969764] firmadyne: devfs: 1, execute: 1, procfs: 1, syscall: 1
[    0.976173] firmadyne: Cannot register character device: gpio, 0xfc, 0x0!
[    0.986850] firmadyne: Cannot register character device: watchdog, 0xa, 0x82!
[    0.987416] firmadyne: Cannot register character device: wdt, 0xfd, 0x0!
[    2.821307] strName = 4.1.17+
[    2.821307] init_task_addr  = 2155778944
[    2.821307] init_task_size  = 1296
[    2.821307] ts_tasks        = 292
[    2.821307] ts_pid          = 408
[    2.821307] ts_tgid         = 412
[    2.821307] ts_group_leader = 440
[    2.821307] ts_thread_group = 496
[    2.821307] ts_real_parent  = 416
[    2.821307] ts_mm           = 300
[    2.821307] ts_stack        = 4
[    2.823675] module_name   = 12
[    2.823675] module_size   = 208
[    2.823675] module_init   = 200
[    2.823675] module_list   = 4
[    2.824642] ts_real_cred    = 624
[    2.824642] ts_cred         = 628
[    2.824642] ts_comm         = 632
[    2.824642] cred_uid        = 4
[    2.824642] cred_gid        = 8
[    2.824642] cred_euid       = 20
[    2.824642] cred_egid       = 24
[    2.826352] mm_mmap         = 0
[    2.826352] mm_pgd          = 32
[    2.826352] mm_arg_start    = 136
[    2.826352] mm_start_brk    = 124
[    2.826352] mm_brk          = 128
[    2.826352] mm_start_stack  = 132
[    2.827699] vma_vm_start    = 0
[    2.827699] vma_vm_end      = 4
[    2.827699] vma_vm_next     = 8
[    2.827699] vma_vm_file     = 80
[    2.827699] vma_vm_flags    = 40
[    2.827699] vma_vm_pgoff    = 76
[    2.829252] file_dentry     = 12
[    2.829252] file_inode      = 40
[    2.829252] dentry_d_name   = 24
[    2.829252] dentry_d_iname  = 44
[    2.829252] dentry_d_parent = 16
[    2.829252] ti_task         = 0
[    2.829252] inode_ino   = 28
[    3.970886] proc_fork_connector  = 2151078840
[    3.971275] proc_exit_connector  = 2151080432
[    3.971620] proc_exec_connector  = 2151079052
[    3.971954] vma_link  = 2149124372
[    3.972253] vma_adjust  = 2149124540
[    3.972554] remove_vma  = 2149122188
[    3.973047] modules  = 2155833724
[    3.973352] trim_init_extable  = 2150545316
[    3.974644] cfg80211: Calling CRDA to update world regulatory domain
[    3.978527] PCI: Enabling device 0000:00:12.0 (0000 -> 0002)
[    3.979946] cirrusfb 0000:00:12.0: Cirrus Logic chipset on PCI bus, RAM (4096 kB) at 0x10000000
[    4.250986] Console: switching to colour frame buffer device 80x30
[    4.326012] Serial: 8250/16550 driver, 4 ports, IRQ sharing enabled
[    4.341853] console [ttyS0] disabled
[    4.369879] serial8250.0: ttyS0 at I/O 0x3f8 (irq = 4, base_baud = 115200) is a 16550A
[    4.371069] console [ttyS0] enabled
[    4.371069] console [ttyS0] enabled
[    4.371704] bootconsole [uart0] disabled
[    4.371704] bootconsole [uart0] disabled
[    4.403330] serial8250.0: ttyS1 at I/O 0x2f8 (irq = 3, base_baud = 115200) is a 16550A
[    4.535255] brd: module loaded
[    4.606735] loop: module loaded
[    4.614031] ata_piix 0000:00:0a.1: version 2.13
[    4.614640] PCI: Enabling device 0000:00:0a.1 (0000 -> 0001)
[    4.643294] scsi host0: ata_piix
[    4.649551] scsi host1: ata_piix
[    4.653776] ata1: PATA max UDMA/33 cmd 0x1f0 ctl 0x3f6 bmdma 0x1460 irq 14
[    4.654350] ata2: PATA max UDMA/33 cmd 0x170 ctl 0x376 bmdma 0x1468 irq 15
[    4.661726] [nandsim] warning: read_byte: unexpected data output cycle, state is STATE_READY return 0x0
[    4.662416] [nandsim] warning: read_byte: unexpected data output cycle, state is STATE_READY return 0x0
[    4.663080] [nandsim] warning: read_byte: unexpected data output cycle, state is STATE_READY return 0x0
[    4.663738] [nandsim] warning: read_byte: unexpected data output cycle, state is STATE_READY return 0x0
[    4.664403] [nandsim] warning: read_byte: unexpected data output cycle, state is STATE_READY return 0x0
[    4.665226] [nandsim] warning: read_byte: unexpected data output cycle, state is STATE_READY return 0x0
[    4.666050] nand: device found, Manufacturer ID: 0x98, Chip ID: 0x39
[    4.666529] nand: Toshiba NAND 128MiB 1,8V 8-bit
[    4.666968] nand: 128 MiB, SLC, erase size: 16 KiB, page size: 512, OOB size: 16
[    4.668920] flash size: 128 MiB
[    4.669234] page size: 512 bytes
[    4.669536] OOB area size: 16 bytes
[    4.669845] sector size: 16 KiB
[    4.670134] pages number: 262144
[    4.670435] pages per sector: 32
[    4.670725] bus width: 8
[    4.670973] bits in sector size: 14
[    4.671269] bits in page size: 9
[    4.671552] bits in OOB size: 4
[    4.671838] flash size with OOB: 135168 KiB
[    4.672163] page address bytes: 4
[    4.672452] sector address bytes: 3
[    4.672913] options: 0x42
[    4.766803] Scanning device for bad blocks
[    6.129580] ata2.01: NODEV after polling detection
[    6.130406] ata1.01: NODEV after polling detection
[    6.132336] ata2.00: ATAPI: QEMU DVD-ROM, 2.5+, max UDMA/100
[    6.135476] ata1.00: ATA-7: QEMU HARDDISK, 2.5+, max UDMA/100
[    6.135997] ata1.00: 2097152 sectors, multi 16: LBA48 
[    6.142231] ata2.00: configured for UDMA/33
[    6.145741] ata1.00: configured for UDMA/33
[    6.154413] scsi 0:0:0:0: Direct-Access     ATA      QEMU HARDDISK    2.5+ PQ: 0 ANSI: 5
[    6.172059] sd 0:0:0:0: [sda] 2097152 512-byte logical blocks: (1.07 GB/1.00 GiB)
[    6.174086] scsi 1:0:0:0: CD-ROM            QEMU     QEMU DVD-ROM     2.5+ PQ: 0 ANSI: 5
[    6.188369] sd 0:0:0:0: [sda] Write Protect is off
[    6.189124] sd 0:0:0:0: [sda] Mode Sense: 00 3a 00 00
[    6.190776] sd 0:0:0:0: [sda] Write cache: enabled, read cache: enabled, doesn't support DPO or FUA
[    6.204057]  sda: sda1
[    6.218363] sd 0:0:0:0: [sda] Attached SCSI disk
[    6.218975] Creating 11 MTD partitions on "NAND 128MiB 1,8V 8-bit":
[    6.219683] 0x000000000000-0x000000100000 : "NAND simulator partition 0"
[    6.232002] 0x000000100000-0x000000200000 : "NAND simulator partition 1"
[    6.243792] 0x000000200000-0x000000300000 : "NAND simulator partition 2"
[    6.255732] 0x000000300000-0x000000400000 : "NAND simulator partition 3"
[    6.267940] 0x000000400000-0x000000500000 : "NAND simulator partition 4"
[    6.281055] 0x000000500000-0x000000600000 : "NAND simulator partition 5"
[    6.293708] 0x000000600000-0x000000700000 : "NAND simulator partition 6"
[    6.306160] 0x000000700000-0x000000800000 : "NAND simulator partition 7"
[    6.318672] 0x000000800000-0x000000900000 : "NAND simulator partition 8"
[    6.330302] 0x000000900000-0x000000a00000 : "NAND simulator partition 9"
[    6.341991] 0x000000a00000-0x000008000000 : "NAND simulator partition 10"
[    6.393809] tun: Universal TUN/TAP device driver, 1.6
[    6.394247] tun: (C) 1999-2004 Max Krasnyansky <maxk@qualcomm.com>
[    6.398316] pcnet32: pcnet32.c:v1.35 21.Apr.2008 tsbogend@alpha.franken.de
[    6.399751] e1000: Intel(R) PRO/1000 Network Driver - version 7.3.21-k8-NAPI
[    6.400251] e1000: Copyright (c) 1999-2006 Intel Corporation.
[    6.401493] PCI: Enabling device 0000:00:13.0 (0000 -> 0003)
[    6.755744] e1000 0000:00:13.0 eth0: (PCI:33MHz:32-bit) 52:54:00:12:34:56
[    6.756594] e1000 0000:00:13.0 eth0: Intel(R) PRO/1000 Network Connection
[    6.757645] PCI: Enabling device 0000:00:14.0 (0000 -> 0003)
[    7.102290] e1000 0000:00:14.0 eth1: (PCI:33MHz:32-bit) 52:54:00:12:34:57
[    7.102984] e1000 0000:00:14.0 eth1: Intel(R) PRO/1000 Network Connection
[    7.103880] PCI: Enabling device 0000:00:15.0 (0000 -> 0003)
[    7.118181] cfg80211: Calling CRDA to update world regulatory domain
[    7.454804] e1000 0000:00:15.0 eth2: (PCI:33MHz:32-bit) 52:54:00:12:34:58
[    7.455470] e1000 0000:00:15.0 eth2: Intel(R) PRO/1000 Network Connection
[    7.456313] PCI: Enabling device 0000:00:16.0 (0000 -> 0003)
[    7.809342] e1000 0000:00:16.0 eth3: (PCI:33MHz:32-bit) 52:54:00:12:34:59
[    7.810013] e1000 0000:00:16.0 eth3: Intel(R) PRO/1000 Network Connection
[    7.811726] e1000e: Intel(R) PRO/1000 Network Driver - 2.3.2-k
[    7.812198] e1000e: Copyright(c) 1999 - 2014 Intel Corporation.
[    7.818121] PPP generic driver version 2.4.2
[    7.820788] PPP Deflate Compression module registered
[    7.821562] PPP MPPE Compression module registered
[    7.822044] NET: Registered protocol family 24
[    7.822892] ehci_hcd: USB 2.0 'Enhanced' Host Controller (EHCI) Driver
[    7.823489] ehci-pci: EHCI PCI platform driver
[    7.825023] ohci_hcd: USB 1.1 'Open' Host Controller (OHCI) Driver
[    7.825601] ohci-pci: OHCI PCI platform driver
[    7.826953] uhci_hcd: USB Universal Host Controller Interface driver
[    7.828986] uhci_hcd 0000:00:0a.2: UHCI Host Controller
[    7.829894] uhci_hcd 0000:00:0a.2: new USB bus registered, assigned bus number 1
[    7.831109] uhci_hcd 0000:00:0a.2: irq 11, io base 0x00001440
[    7.845709] hub 1-0:1.0: USB hub found
[    7.846629] hub 1-0:1.0: 2 ports detected
[    7.858176] usbcore: registered new interface driver usb-storage
[    7.863512] mousedev: PS/2 mouse device common for all mice
[    7.871259] rtc_cmos rtc_cmos: rtc core: registered rtc_cmos as rtc0
[    7.872141] rtc_cmos rtc_cmos: alarms up to one day, 242 bytes nvram
[    7.874063] i2c /dev entries driver
[    7.875627] piix4_smbus 0000:00:0a.3: SMBus Host Controller at 0x1100, revision 0
[    7.881355] sdhci: Secure Digital Host Controller Interface driver
[    7.881792] sdhci: Copyright(c) Pierre Ossman
[    7.884880] hidraw: raw HID events driver (C) Jiri Kosina
[    7.907839] usbcore: registered new interface driver usbhid
[    7.908254] usbhid: USB HID core driver
[    7.909756] Netfilter messages via NETLINK v0.30.
[    7.911422] nf_conntrack version 0.5.0 (3923 buckets, 15692 max)
[    7.915402] ctnetlink v0.93: registering with nfnetlink.
[    7.922413] ipip: IPv4 over IPv4 tunneling driver
[    7.937571] ip_tables: (C) 2000-2006 Netfilter Core Team
[    7.941057] arp_tables: (C) 2002 David S. Miller
[    7.943250] Initializing XFRM netlink socket
[    7.944859] NET: Registered protocol family 10
[    7.971088] ip6_tables: (C) 2000-2006 Netfilter Core Team
[    7.975672] sit: IPv6 over IPv4 tunneling driver
[    7.996819] NET: Registered protocol family 17
[    7.997976] bridge: automatic filtering via arp/ip/ip6tables has been deprecated. Update your scripts to load br_netfilter if you need this.
[    7.999295] Bridge firewalling registered
[    7.999789] Ebtables v2.0 registered
[    8.003473] 8021q: 802.1Q VLAN Support v1.8
[    8.029842] rtc_cmos rtc_cmos: setting system clock to 2025-07-23 02:29:28 UTC (1753237768)
[    8.054987] EXT2-fs (sda1): warning: mounting unchecked fs, running e2fsck is recommended
[    8.057496] VFS: Mounted root (ext2 filesystem) on device 8:1.
[    8.068989] Freeing YAMON memory: 956k freed
[    8.081889] Freeing unused kernel memory: 260K (8081f000 - 80860000)
[    8.127595] firmadyne: sys_reboot[PID: 48 (init)]: magic1:fee1dead, magic2:28121969, cmd:0
[    8.137072] spurious 8259A interrupt: IRQ7.
init started:  BusyBox v1.00 (2007.12.04-12:53+0000) multi-call binary
Starting pid 50, console /dev/tts/0: '/etc/init.d/rcS'
[    8.294225] firmadyne: do_execve: /firmadyne/console
[    8.294934] OFFSETS: offset of pid: 0x198 offset of comm: 0x278
[/etc/init.d/S03config.sh]
Mounting proc and var ...
[    8.979895] firmadyne: sys_socket[PID: 71 (wps)]: family:1, type:1, protocol:0
[    8.992572] firmadyne: sys_socket[PID: 71 (wps)]: family:1, type:1, protocol:0
[    9.008150] random: wps urandom read with 85 bits of entropy available
[    9.032247] firmadyne: sys_socket[PID: 71 (wps)]: family:1, type:1, protocol:0
[   10.047663] firmadyne: sys_socket[PID: 71 (wps)]: family:1, type:1, protocol:0
[   10.266925] cfg80211: Calling CRDA to update world regulatory domain
[   11.067210] firmadyne: sys_socket[PID: 71 (wps)]: family:1, type:1, protocol:0
[   12.092011] firmadyne: sys_socket[PID: 71 (wps)]: family:1, type:1, protocol:0
[   12.106758] firmadyne: sys_socket[PID: 71 (wps)]: family:1, type:1, protocol:0
Start xmldb ...
[   12.336211] firmadyne: sys_socket[PID: 74 (xmldb)]: family:1, type:2, protocol:0
[/etc/scripts/misc/profile.sh] get ...
[   13.413437] cfg80211: Calling CRDA to update world regulatory domain
Can't get config from nvram, generate default!
[/etc/scripts/misc/profile.sh] reset ...
[   13.956658] firmadyne: sys_socket[PID: 92 (rgdb)]: family:1, type:2, protocol:0
[/etc/scripts/misc/defnodes.sh] ...
[   14.089035] random: nonblocking pool is initialized
[/etc/defnodes/S10setext.sh] ...
[   14.306958] firmadyne: sys_socket[PID: 100 (xmldbc)]: family:1, type:2, protocol:0
[   14.369274] firmadyne: sys_socket[PID: 101 (xmldbc)]: family:1, type:2, protocol:0
[   14.432332] firmadyne: sys_socket[PID: 102 (xmldbc)]: family:1, type:2, protocol:0
[   14.494884] firmadyne: sys_socket[PID: 103 (xmldbc)]: family:1, type:2, protocol:0
[   14.560333] firmadyne: sys_socket[PID: 104 (xmldbc)]: family:1, type:2, protocol:0
[   14.625632] firmadyne: sys_socket[PID: 105 (xmldbc)]: family:1, type:2, protocol:0
[   14.688412] firmadyne: sys_socket[PID: 106 (xmldbc)]: family:1, type:2, protocol:0
[   14.750795] firmadyne: sys_socket[PID: 107 (xmldbc)]: family:1, type:2, protocol:0
[   14.814633] firmadyne: sys_socket[PID: 108 (xmldbc)]: family:1, type:2, protocol:0
[   14.875919] firmadyne: sys_socket[PID: 109 (xmldbc)]: family:1, type:2, protocol:0
[   14.937928] firmadyne: sys_socket[PID: 110 (xmldbc)]: family:1, type:2, protocol:0
[   14.999931] firmadyne: sys_socket[PID: 111 (xmldbc)]: family:1, type:2, protocol:0
[   15.062526] firmadyne: sys_socket[PID: 112 (xmldbc)]: family:1, type:2, protocol:0
[   15.127107] firmadyne: sys_socket[PID: 113 (xmldbc)]: family:1, type:2, protocol:0
[   15.192037] firmadyne: sys_socket[PID: 114 (xmldbc)]: family:1, type:2, protocol:0
[   15.258315] firmadyne: sys_socket[PID: 115 (xmldbc)]: family:1, type:2, protocol:0
[   15.321117] firmadyne: sys_socket[PID: 116 (xmldbc)]: family:1, type:2, protocol:0
[   15.382708] firmadyne: sys_socket[PID: 117 (xmldbc)]: family:1, type:2, protocol:0
[   15.447004] firmadyne: sys_socket[PID: 118 (xmldbc)]: family:1, type:2, protocol:0
[   15.508528] firmadyne: sys_socket[PID: 119 (xmldbc)]: family:1, type:2, protocol:0
[   15.570158] firmadyne: sys_socket[PID: 120 (xmldbc)]: family:1, type:2, protocol:0
[   15.633109] firmadyne: sys_socket[PID: 121 (xmldbc)]: family:1, type:2, protocol:0
[   15.694094] firmadyne: sys_socket[PID: 122 (xmldbc)]: family:1, type:2, protocol:0
[   15.754878] firmadyne: sys_socket[PID: 123 (xmldbc)]: family:1, type:2, protocol:0
PHP [/etc/defnodes/S11setnodes.php] ...
[   15.874428] firmadyne: sys_socket[PID: 126 (rgdb)]: family:1, type:2, protocol:0
PHP [/etc/defnodes/S12features.php] ...
[   16.461247] firmadyne: sys_socket[PID: 137 (rgdb)]: family:1, type:2, protocol:0
PHP [/etc/defnodes/S13flashspeed.php] ...
[   16.558963] cfg80211: Calling CRDA to update world regulatory domain
[   16.591655] firmadyne: sys_socket[PID: 140 (rgdb)]: family:1, type:2, protocol:0
PHP [/etc/defnodes/S20setnodes.php] ...
[   16.827050] firmadyne: sys_socket[PID: 145 (rgdb)]: family:1, type:2, protocol:0
[   16.978342] firmadyne: sys_socket[PID: 149 (xmldbc)]: family:1, type:2, protocol:0
[   17.145701] firmadyne: sys_socket[PID: 152 (xmldbc)]: family:1, type:2, protocol:0
[   17.295013] firmadyne: sys_socket[PID: 156 (xmldbc)]: family:1, type:2, protocol:0
[   17.451274] firmadyne: sys_socket[PID: 159 (xmldbc)]: family:1, type:2, protocol:0
[   17.578529] firmadyne: sys_socket[PID: 162 (xmldbc)]: family:1, type:2, protocol:0
[   17.640572] firmadyne: sys_socket[PID: 163 (xmldbc)]: family:1, type:2, protocol:0
[   17.703150] firmadyne: sys_socket[PID: 164 (xmldbc)]: family:1, type:2, protocol:0
[   17.765094] firmadyne: sys_socket[PID: 165 (xmldbc)]: family:1, type:2, protocol:0
[   17.828711] firmadyne: sys_socket[PID: 166 (xmldbc)]: family:1, type:2, protocol:0
[   17.890644] firmadyne: sys_socket[PID: 167 (xmldbc)]: family:1, type:2, protocol:0
[   17.953340] firmadyne: sys_socket[PID: 168 (xmldbc)]: family:1, type:2, protocol:0
[   18.112490] EXT3-fs (mtdblock6): error: can't find ext3 filesystem on dev mtdblock6.
[   18.119656] EXT2-fs (mtdblock6): error: can't find an ext2 filesystem on dev mtdblock6.
[   18.126533] EXT4-fs (mtdblock6): VFS: Can't find ext4 filesystem
[   18.141042] cramfs: wrong magic
[   18.147866] squashfs: SQUASHFS error: Can't find a SQUASHFS superblock on mtdblock6
[   18.154832] FAT-fs (mtdblock6): bogus logical sector size 65535
[   18.155561] FAT-fs (mtdblock6): Can't find a valid FAT filesystem
[   18.166900] romfs: VFS: Can't find a romfs filesystem on dev mtdblock6.
[   18.173789] UDF-fs: warning (device mtdblock6): udf_load_vrs: No VRS found
[   18.174602] UDF-fs: warning (device mtdblock6): udf_fill_super: No partition found (2)
mount: Mounting /dev/mtdblock/6 on /www/locale/alt failed: Invalid argument
[   18.327828] firmadyne: sys_socket[PID: 177 (xmldbc)]: family:1, type:2, protocol:0
[   18.541067] firmadyne: sys_socket[PID: 184 (xmldbc)]: family:1, type:2, protocol:0
[   18.669010] firmadyne: sys_socket[PID: 187 (xmldbc)]: family:1, type:2, protocol:0
[   18.732036] firmadyne: sys_socket[PID: 188 (xmldbc)]: family:1, type:2, protocol:0
PHP [/etc/defnodes/S40brand.php] ...
[   18.851699] firmadyne: sys_socket[PID: 191 (rgdb)]: family:1, type:2, protocol:0
[/etc/scripts/misc/defnodes.sh] Done !!
[/etc/scripts/misc/profile.sh] put ...
[   19.263282] firmadyne: sys_socket[PID: 200 (rgdb)]: family:1, type:2, protocol:0
ok
[   19.701815] cfg80211: Calling CRDA to update world regulatory domain
[/etc/templates/timezone.sh] ...
[   19.824740] firmadyne: sys_socket[PID: 209 (rgdb)]: family:1, type:2, protocol:0
[   20.027172] firmadyne: sys_socket[PID: 214 (rgdb)]: family:1, type:2, protocol:0
[   20.727675] firmadyne: sys_socket[PID: 218 (rgdb)]: family:1, type:2, protocol:0
[   20.819603] firmadyne: sys_socket[PID: 220 (rgdb)]: family:1, type:2, protocol:0
[   20.907728] firmadyne: sys_socket[PID: 222 (rgdb)]: family:1, type:2, protocol:0
[/etc/templates/logs.sh] ...
[   21.123797] firmadyne: sys_socket[PID: 228 (rgdb)]: family:1, type:2, protocol:0
[   21.226642] firmadyne: sys_socket[PID: 230 (rgdb)]: family:1, type:2, protocol:0
[/var/run/logs_run.sh] ...
[   21.576604] firmadyne: sys_socket[PID: 234 (syslogd)]: family:1, type:1, protocol:0
Inserting modules ...
Using /lib/modules/wlan.o
insmod: Not configured to support old kernels
Using /lib/modules/wlan_xauth.o
insmod: Not configured to support old kernels
Using /lib/modules/wlan_wep.o
insmod: Not configured to support old kernels
Using /lib/modules/wlan_tkip.o
insmod: Not configured to support old kernels
Using /lib/modules/wlan_scan_sta.o
insmod: Not configured to support old kernels
Using /lib/modules/wlan_scan_ap.o
insmod: Not configured to support old kernels
Using /lib/modules/wlan_ccmp.o
insmod: Not configured to support old kernels
Using /lib/modules/wlan_acl.o
insmod: Not configured to support old kernels
Using /lib/modules/ath_hal.o
insmod: Not configured to support old kernels
Using /lib/modules/ath_rate_atheros.o
insmod: Not configured to support old kernels
Using /lib/modules/ath_dfs.o
insmod: Not configured to support old kernels
[   22.357929] firmadyne: sys_socket[PID: 253 (rgdb)]: family:1, type:2, protocol:0
The countrycode is 840.
Using /lib/modules/ath_ahb.o
insmod: Not configured to support old kernels
[   22.692257] firmadyne: sys_socket[PID: 260 (wlanconfig)]: family:2, type:1, protocol:0
wlanconfig: ioctl: No such device
[   22.845115] cfg80211: Calling CRDA to update world regulatory domain
[   22.885414] firmadyne: sys_socket[PID: 268 (ifconfig)]: family:2, type:1, protocol:0
SIOCSIFHWADDR: No such device
Using /lib/modules/ar231x_access.o
insmod: Not configured to support old kernels
[   23.113818] firmadyne: sys_socket[PID: 277 (ifconfig)]: family:2, type:1, protocol:0
[   23.131784] IPv6: ADDRCONF(NETDEV_UP): eth0: link is not ready
[   23.132422] 8021q: adding VLAN 0 to HW filter on device eth0
[   23.139815] e1000: eth0 NIC Link is Up 1000 Mbps Full Duplex, Flow Control: RX
[   23.143631] IPv6: ADDRCONF(NETDEV_CHANGE): eth0: link becomes ready
[   23.212144] firmadyne: sys_socket[PID: 278 (rgdb)]: family:1, type:2, protocol:0
[   23.295266] firmadyne: sys_socket[PID: 280 (rgdb)]: family:1, type:2, protocol:0
[   23.404700] firmadyne: sys_socket[PID: 282 (rgdb)]: family:1, type:2, protocol:0
[   23.491818] firmadyne: sys_socket[PID: 284 (vconfig)]: family:2, type:2, protocol:0
Set name-type for VLAN subsystem. Should be visible in /proc/net/vlan/config
[   23.555952] firmadyne: sys_socket[PID: 285 (vconfig)]: family:2, type:2, protocol:0
[   23.557904] firmadyne: register_vlan_dev[PID: 285 (vconfig)]: dev:eth0.0 vlan_id:0
[   23.639555] firmadyne: sys_socket[PID: 286 (vconfig)]: family:2, type:2, protocol:0
[   23.643119] firmadyne: register_vlan_dev[PID: 286 (vconfig)]: dev:eth0.2 vlan_id:2
[   23.718895] firmadyne: sys_socket[PID: 287 (brctl)]: family:2, type:2, protocol:0
[   23.797565] firmadyne: sys_socket[PID: 288 (brctl)]: family:2, type:2, protocol:0
[   23.804455] firmadyne: sys_socket[PID: 288 (brctl)]: family:10, type:1, protocol:0
[   23.863184] firmadyne: sys_socket[PID: 289 (brctl)]: family:2, type:2, protocol:0
[   23.869331] firmadyne: sys_socket[PID: 289 (brctl)]: family:10, type:1, protocol:0
[   23.899616] firmadyne: sys_socket[PID: 290 (ifconfig)]: family:2, type:1, protocol:0
[   23.903772] firmadyne: __inet_insert_ifa[PID: 290 (ifconfig)]: device:br0 ifa:0x00000000
[/etc/templates/webs.sh] start ...
[   24.087763] firmadyne: sys_socket[PID: 294 (rgdb)]: family:1, type:2, protocol:0
[   24.233965] firmadyne: sys_socket[PID: 295 (rgdb)]: family:1, type:2, protocol:0
[/var/run/webs_start.sh] ...
Starting HTTPD ...
[/etc/init.d/S03config.sh] done!
[/etc/init.d/S10system.sh]
[   24.663104] firmadyne: sys_socket[PID: 304 (rgdb)]: family:1, type:2, protocol:0
start scheduled ...
[/etc/templates/scheduled.sh] start ...
[   25.039336] firmadyne: sys_socket[PID: 309 (rgdb)]: family:1, type:2, protocol:0
[   25.116244] firmadyne: sys_socket[PID: 312 (route)]: family:2, type:1, protocol:0
[   25.299208] firmadyne: sys_socket[PID: 313 (httpd)]: family:2, type:2, protocol:0
[   25.300364] firmadyne: sys_setsockopt[PID: 313 (httpd)]: fd:4, level:65535, optname:4
[   25.303849] firmadyne: sys_socket[PID: 315 (xmldbc)]: family:1, type:2, protocol:0
[   25.317460] firmadyne: sys_setsockopt[PID: 313 (httpd)]: fd:4, level:65535, optname:25
[   25.318563] firmadyne: inet_bind[PID: 313 (httpd)]: proto:SOCK_STREAM, port:49152
[   25.320267] firmadyne: sys_socket[PID: 313 (httpd)]: family:2, type:1, protocol:0
[   25.329099] firmadyne: sys_setsockopt[PID: 313 (httpd)]: fd:5, level:65535, optname:4
[   25.330148] firmadyne: sys_setsockopt[PID: 313 (httpd)]: fd:5, level:65535, optname:25
[   25.331112] firmadyne: inet_bind[PID: 313 (httpd)]: proto:SOCK_DGRAM, port:1900
[   25.332195] firmadyne: sys_setsockopt[PID: 313 (httpd)]: fd:5, level:0, optname:35
[   25.344063] firmadyne: sys_socket[PID: 313 (httpd)]: family:2, type:2, protocol:0
[   25.345433] firmadyne: sys_setsockopt[PID: 313 (httpd)]: fd:6, level:65535, optname:4
[   25.346478] firmadyne: sys_setsockopt[PID: 313 (httpd)]: fd:6, level:65535, optname:25
[   25.347469] firmadyne: inet_bind[PID: 313 (httpd)]: proto:SOCK_STREAM, port:80
[   25.431374] firmadyne: sys_socket[PID: 313 (httpd)]: family:1, type:1, protocol:0
[   25.458384] firmadyne: sys_socket[PID: 316 (xmldbc)]: family:1, type:2, protocol:0
[/var/run/scheduled_start.sh] ...
Start scheduled ...
setup layout ...
[   25.702936] firmadyne: sys_socket[PID: 320 (scheduled)]: family:1, type:1, protocol:0
[/etc/scripts/layout.sh] start ...
[   25.837427] firmadyne: sys_socket[PID: 325 (rgdb)]: family:1, type:2, protocol:0
[   25.989257] cfg80211: Calling CRDA to update world regulatory domain
[   25.997760] firmadyne: sys_socket[PID: 326 (rgdb)]: family:1, type:2, protocol:0
[/var/run/layout_start.sh] ...
Start router layout ...
/proc/driver/ae531x: cannot create
/proc/driver/ae531x: cannot create
/proc/driver/ae531x: cannot create
/proc/driver/ae531x: cannot create
/proc/driver/ae531x: cannot create
/proc/driver/ae531x: cannot create
/proc/driver/ae531x: cannot create
/proc/driver/ae531x: cannot create
/proc/driver/ae531x: cannot create
/proc/driver/ae531x: cannot create
[   26.329432] firmadyne: sys_socket[PID: 340 (ifconfig)]: family:2, type:1, protocol:0
[   26.367671] firmadyne: sys_socket[PID: 341 (ifconfig)]: family:2, type:1, protocol:0
[   26.431908] firmadyne: sys_socket[PID: 342 (brctl)]: family:2, type:2, protocol:0
[   26.437753] firmadyne: sys_socket[PID: 342 (brctl)]: family:10, type:1, protocol:0
[   26.440402] firmadyne: sys_socket[PID: 342 (brctl)]: family:10, type:1, protocol:0
interface ath0 does not exist!
[   26.527191] firmadyne: sys_socket[PID: 347 (brctl)]: family:2, type:2, protocol:0
[   26.533843] firmadyne: sys_socket[PID: 347 (brctl)]: family:10, type:1, protocol:0
[   26.536571] firmadyne: sys_socket[PID: 347 (brctl)]: family:10, type:1, protocol:0
[   26.540424] firmadyne: br_add_if[PID: 347 (brctl)]: br:br0 dev:eth0.0
[   26.547621] device eth0.0 entered promiscuous mode
[   26.548228] device eth0 entered promiscuous mode
[   26.552060] br0: port 1(eth0.0) entered forwarding state
[   26.553377] br0: port 1(eth0.0) entered forwarding state
[   26.613749] firmadyne: sys_socket[PID: 348 (brctl)]: family:2, type:2, protocol:0
[   26.619244] firmadyne: sys_socket[PID: 348 (brctl)]: family:10, type:1, protocol:0
[   26.624148] firmadyne: sys_socket[PID: 348 (brctl)]: family:10, type:1, protocol:0
can't find port ath0 in bridge br0
[   26.675437] firmadyne: sys_socket[PID: 353 (ifconfig)]: family:2, type:1, protocol:0
[   26.735620] firmadyne: sys_socket[PID: 354 (rgdb)]: family:1, type:2, protocol:0
start LAN ...
[/etc/templates/lan.sh] ...
[   26.953122] firmadyne: sys_socket[PID: 359 (rgdb)]: family:1, type:2, protocol:0
[   27.277267] firmadyne: sys_socket[PID: 360 (rgdb)]: family:1, type:2, protocol:0
[/var/run/lan_start.sh] ...
Start LAN (br0/192.168.0.1/255.255.255.0)...
[   27.586681] firmadyne: sys_socket[PID: 364 (ifconfig)]: family:2, type:1, protocol:0
[   27.588668] firmadyne: __inet_insert_ifa[PID: 364 (ifconfig)]: device:br0 ifa:0xc0a80001
Start DHCP server (br0) ...
[   27.827356] firmadyne: sys_socket[PID: 368 (dhcpxmlpatch)]: family:1, type:2, protocol:0
start fresetd ...
[   27.911747] firmadyne: sys_socket[PID: 367 (udhcpd)]: family:2, type:3, protocol:255
enable LAN ports ...
[   27.927033] firmadyne: sys_socket[PID: 367 (udhcpd)]: family:2, type:1, protocol:17
[   27.928139] firmadyne: sys_setsockopt[PID: 367 (udhcpd)]: fd:5, level:65535, optname:4
[   27.942713] firmadyne: sys_setsockopt[PID: 367 (udhcpd)]: fd:5, level:65535, optname:32
[   27.943718] firmadyne: sys_setsockopt[PID: 367 (udhcpd)]: fd:5, level:65535, optname:25
[   27.945080] firmadyne: inet_bind[PID: 367 (udhcpd)]: proto:SOCK_DGRAM, port:67
Factory reset time : 5 secs
WPS command : [/etc/templates/wps.sh pbc &]
/proc/driver/ae531x: cannot create
gpio_outen: can not open [/proc/ar231x/gpio_cr7] to write.
/proc/driver/ae531x: cannot create
/proc/driver/ae531x: cannot create
/proc/driver/ae531x: cannot create
start WLAN ...
[/etc/templates/wlan.sh] start ...
[   28.266081] firmadyne: sys_socket[PID: 383 (rgdb)]: family:1, type:2, protocol:0
[   28.427719] firmadyne: inet_accept[PID: 313 (httpd)]:
[   28.431605] firmadyne: inet_accept[PID: 313 (httpd)]:
[   28.941197] firmadyne: sys_socket[PID: 386 (rgdb)]: family:1, type:2, protocol:0
[   29.133083] cfg80211: Calling CRDA to update world regulatory domain
[/var/run/wlan_start.sh] ...
Start WLAN interface ath0 ...
[   29.346660] firmadyne: sys_socket[PID: 390 (iwpriv)]: family:2, type:1, protocol:0
ath0      no private ioctls.

[   29.405889] firmadyne: sys_socket[PID: 391 (iwpriv)]: family:2, type:1, protocol:0
ath0      no private ioctls.

[   29.475868] firmadyne: sys_socket[PID: 392 (iwpriv)]: family:2, type:1, protocol:0
ath0      no private ioctls.

[   29.595771] firmadyne: sys_socket[PID: 393 (brctl)]: family:2, type:2, protocol:0
[   29.611889] firmadyne: sys_socket[PID: 393 (brctl)]: family:10, type:1, protocol:0
[   29.615227] firmadyne: sys_socket[PID: 393 (brctl)]: family:10, type:1, protocol:0
[   29.629506] firmadyne: sys_socket[PID: 394 (atp)]: family:1, type:2, protocol:0
can't find port ath0 in bridge br0
[   29.778380] firmadyne: sys_socket[PID: 399 (iwpriv)]: family:2, type:1, protocol:0
ath0      no private ioctls.

[   29.887986] firmadyne: sys_socket[PID: 400 (iwpriv)]: family:2, type:1, protocol:0
ath0      no private ioctls.

[   30.003931] firmadyne: sys_socket[PID: 401 (iwpriv)]: family:2, type:1, protocol:0
ath0      no private ioctls.

[   30.115061] firmadyne: sys_socket[PID: 402 (iwpriv)]: family:2, type:1, protocol:0
ath0      no private ioctls.

[   30.240159] firmadyne: sys_socket[PID: 403 (iwpriv)]: family:2, type:1, protocol:0
ath0      no private ioctls.

[   30.365128] firmadyne: sys_socket[PID: 404 (iwconfig)]: family:2, type:1, protocol:0
Error for wireless request "Set Frequency" (8B04) :
    SET failed on device ath0 ; Invalid argument.
[   30.489542] firmadyne: sys_socket[PID: 405 (iwconfig)]: family:2, type:1, protocol:0
Error for wireless request "Set RTS Threshold" (8B22) :
    SET failed on device ath0 ; Invalid argument.
[   30.612175] firmadyne: sys_socket[PID: 406 (iwconfig)]: family:2, type:1, protocol:0
Error for wireless request "Set Fragmentation Threshold" (8B24) :
    SET failed on device ath0 ; Invalid argument.
[   30.727721] firmadyne: sys_socket[PID: 407 (iwconfig)]: family:2, type:1, protocol:0
Error for wireless request "Set Bit Rate" (8B20) :
    SET failed on device ath0 ; Invalid argument.
[   30.787166] firmadyne: sys_socket[PID: 408 (iwpriv)]: family:2, type:1, protocol:0
ath0      no private ioctls.

[   30.846450] firmadyne: sys_socket[PID: 409 (iwpriv)]: family:2, type:1, protocol:0
ath0      no private ioctls.

/proc/net/br_forward_br0: cannot create
[   30.921692] firmadyne: sys_socket[PID: 411 (iwpriv)]: family:2, type:1, protocol:0
ath0      no private ioctls.

[   30.980184] firmadyne: sys_socket[PID: 412 (iwpriv)]: family:2, type:1, protocol:0
ath0      no private ioctls.

[   31.038523] firmadyne: sys_socket[PID: 413 (iwpriv)]: family:2, type:1, protocol:0
ath0      no private ioctls.

[   31.094327] firmadyne: sys_socket[PID: 414 (iwpriv)]: family:2, type:1, protocol:0
ath0      no private ioctls.

[   31.150845] firmadyne: sys_socket[PID: 415 (iwconfig)]: family:2, type:1, protocol:0
Error for wireless request "Set ESSID" (8B1A) :
    SET failed on device ath0 ; Invalid argument.
[   31.244645] firmadyne: sys_socket[PID: 418 (ifconfig)]: family:2, type:1, protocol:0
SIOCGIFFLAGS: No such device
[   31.404356] firmadyne: sys_socket[PID: 417 (wlxmlpatch)]: family:1, type:2, protocol:0
Configuration file: /var/run/hostapd.ath0.conf
[   31.441252] firmadyne: sys_socket[PID: 417 (wlxmlpatch)]: family:1, type:2, protocol:0
[   31.453502] firmadyne: sys_socket[PID: 417 (wlxmlpatch)]: family:2, type:1, protocol:0
madwifi_poll: ioctl_get_ssid() fail, return -1 !
[   31.474108] firmadyne: sys_socket[PID: 417 (wlxmlpatch)]: family:1, type:2, protocol:0
[   31.489063] firmadyne: sys_socket[PID: 416 (hostapd)]: family:2, type:1, protocol:0
[   31.507732] firmadyne: sys_socket[PID: 420 (atp)]: family:1, type:2, protocol:0
[   31.578727] firmadyne: sys_socket[PID: 424 (usockc)]: family:1, type:1, protocol:0
Unable to open socket file : /var/run/fresetd_unixsock
ioctl(SIOCGIFINDEX): No such device
madwifi driver initialization failed.
[/etc/templates/wps.sh] setie ...
[   31.882465] firmadyne: sys_socket[PID: 431 (xmldbc)]: family:1, type:2, protocol:0
[   32.028565] firmadyne: sys_socket[PID: 432 (wps)]: family:1, type:1, protocol:0
[   32.277084] cfg80211: Calling CRDA to update world regulatory domain
[   32.490541] firmadyne: sys_socket[PID: 433 (atp)]: family:1, type:2, protocol:0
[/usr/sbin/submit] COMMIT ...
[   34.127111] firmadyne: sys_socket[PID: 439 (xmldbc)]: family:1, type:2, protocol:0
[/etc/scripts/misc/profile.sh] put ...
[   34.738945] firmadyne: sys_socket[PID: 445 (rgdb)]: family:1, type:2, protocol:0
[   35.421277] cfg80211: Exceeded CRDA call max attempts. Not calling CRDA
ok
[/usr/sbin/submit] ROUTE ...
[   35.932353] firmadyne: sys_socket[PID: 455 (xmldbc)]: family:1, type:2, protocol:0
[/etc/templates/route.sh] restart ...
[   36.457872] firmadyne: sys_socket[PID: 459 (xmldbc)]: family:1, type:2, protocol:0
[   36.608090] firmadyne: sys_socket[PID: 460 (xmldbc)]: family:1, type:2, protocol:0
[   36.860316] firmadyne: sys_socket[PID: 462 (atp)]: family:1, type:2, protocol:0
[/var/run/route_start.sh] ...
[   37.682633] firmadyne: sys_socket[PID: 432 (wps)]: family:1, type:1, protocol:0
[   38.697235] firmadyne: sys_socket[PID: 432 (wps)]: family:1, type:1, protocol:0
[   39.707258] firmadyne: sys_socket[PID: 432 (wps)]: family:1, type:1, protocol:0
[/usr/sbin/submit] COMMIT ...
[   40.253083] firmadyne: sys_socket[PID: 469 (xmldbc)]: family:1, type:2, protocol:0
[/etc/scripts/misc/profile.sh] put ...
[   40.573445] firmadyne: sys_socket[PID: 475 (rgdb)]: family:1, type:2, protocol:0
[   40.729517] firmadyne: sys_socket[PID: 432 (wps)]: family:1, type:1, protocol:0
[   40.731355] firmadyne: sys_socket[PID: 432 (wps)]: family:1, type:1, protocol:0
[   40.741889] firmadyne: sys_socket[PID: 432 (wps)]: family:1, type:1, protocol:0
ok
[/usr/sbin/submit] ROUTE ...
[   41.226503] firmadyne: sys_socket[PID: 485 (xmldbc)]: family:1, type:2, protocol:0
[/etc/templates/route.sh] restart ...
[/var/run/route_stop.sh] ...
[   41.574037] firmadyne: sys_socket[PID: 491 (xmldbc)]: family:1, type:2, protocol:0
[   41.749499] firmadyne: sys_socket[PID: 432 (wps)]: family:1, type:1, protocol:0
[   41.760227] firmadyne: sys_socket[PID: 492 (xmldbc)]: family:1, type:2, protocol:0
[/var/run/route_start.sh] ...
[/usr/sbin/submit] COMMIT ...
[   42.197620] firmadyne: sys_socket[PID: 500 (xmldbc)]: family:1, type:2, protocol:0
[/etc/scripts/misc/profile.sh] put ...
[   42.509276] firmadyne: sys_socket[PID: 506 (rgdb)]: family:1, type:2, protocol:0
[   42.757191] firmadyne: sys_socket[PID: 432 (wps)]: family:1, type:1, protocol:0
ok
[   43.767410] firmadyne: sys_socket[PID: 432 (wps)]: family:1, type:1, protocol:0
[   43.783429] firmadyne: sys_socket[PID: 432 (wps)]: family:1, type:1, protocol:0
Start WLAN interface ath0 Done !!!
start Guest Zone
[/etc/templates/gzone.sh] ...
[   44.073811] firmadyne: sys_socket[PID: 518 (xmldbc)]: family:1, type:2, protocol:0
[   44.141479] firmadyne: sys_socket[PID: 519 (xmldbc)]: family:1, type:2, protocol:0
[/etc/templates/enable_gzone.sh] ...
start RG ...
[/etc/templates/rg.sh] start ...
[   44.490631] firmadyne: sys_socket[PID: 528 (rgdb)]: family:1, type:2, protocol:0
[   44.566854] firmadyne: sys_socket[PID: 529 (rgdb)]: family:1, type:2, protocol:0
[   44.724622] firmadyne: sys_socket[PID: 530 (atp)]: family:1, type:2, protocol:0
[/var/run/rg_start.sh] ...
[   45.435172] firmadyne: sys_socket[PID: 533 (iptables)]: family:2, type:3, protocol:255
[   45.449852] firmadyne: sys_setsockopt[PID: 533 (iptables)]: fd:3, level:0, optname:64
[   45.451951] firmadyne: sys_setsockopt[PID: 533 (iptables)]: fd:3, level:0, optname:65
[   45.567957] firmadyne: sys_socket[PID: 534 (iptables)]: family:2, type:3, protocol:255
modprobe: could not parse modules.dep

[   45.648218] firmadyne: sys_socket[PID: 534 (iptables)]: family:2, type:3, protocol:255
iptables v1.2.9: can't initialize iptables table `nat': Table does not exist (do you need to insmod?)
Perhaps iptables or your kernel needs to be upgraded.
[   45.803349] firmadyne: sys_socket[PID: 540 (iptables)]: family:2, type:3, protocol:255
[   45.817899] firmadyne: sys_setsockopt[PID: 540 (iptables)]: fd:3, level:0, optname:64
[   45.819884] firmadyne: sys_setsockopt[PID: 540 (iptables)]: fd:3, level:0, optname:65
[   45.943693] firmadyne: sys_socket[PID: 541 (iptables)]: family:2, type:3, protocol:255
[   46.064549] firmadyne: sys_socket[PID: 542 (iptables)]: family:2, type:3, protocol:255
modprobe: could not parse modules.dep

[   46.142765] firmadyne: sys_socket[PID: 542 (iptables)]: family:2, type:3, protocol:255
iptables v1.2.9: can't initialize iptables table `nat': Table does not exist (do you need to insmod?)
Perhaps iptables or your kernel needs to be upgraded.
[   46.291413] firmadyne: sys_socket[PID: 548 (iptables)]: family:2, type:3, protocol:255
[   46.412386] firmadyne: sys_socket[PID: 549 (iptables)]: family:2, type:3, protocol:255
[   46.416544] firmadyne: sys_setsockopt[PID: 549 (iptables)]: fd:3, level:0, optname:64
[   46.425314] firmadyne: sys_setsockopt[PID: 549 (iptables)]: fd:3, level:0, optname:65
[   46.539371] firmadyne: sys_socket[PID: 550 (iptables)]: family:2, type:3, protocol:255
[   46.551498] firmadyne: sys_setsockopt[PID: 550 (iptables)]: fd:3, level:0, optname:64
[   46.555329] firmadyne: sys_setsockopt[PID: 550 (iptables)]: fd:3, level:0, optname:65
[   46.676490] firmadyne: sys_socket[PID: 551 (iptables)]: family:2, type:3, protocol:255
[   46.685320] firmadyne: sys_setsockopt[PID: 551 (iptables)]: fd:3, level:0, optname:64
[   46.687063] firmadyne: sys_setsockopt[PID: 551 (iptables)]: fd:3, level:0, optname:65
[   46.813349] firmadyne: sys_socket[PID: 552 (iptables)]: family:2, type:3, protocol:255
modprobe: could not parse modules.dep

[   46.883900] firmadyne: sys_socket[PID: 552 (iptables)]: family:2, type:3, protocol:255
iptables v1.2.9: can't initialize iptables table `nat': Table does not exist (do you need to insmod?)
Perhaps iptables or your kernel needs to be upgraded.
[   47.042233] firmadyne: sys_socket[PID: 558 (iptables)]: family:2, type:3, protocol:255
modprobe: could not parse modules.dep

[   47.118725] firmadyne: sys_socket[PID: 558 (iptables)]: family:2, type:3, protocol:255
iptables v1.2.9: can't initialize iptables table `nat': Table does not exist (do you need to insmod?)
Perhaps iptables or your kernel needs to be upgraded.
[   47.286053] firmadyne: sys_socket[PID: 564 (iptables)]: family:2, type:3, protocol:255
[   47.299010] firmadyne: sys_setsockopt[PID: 564 (iptables)]: fd:3, level:0, optname:64
[   47.309359] firmadyne: sys_setsockopt[PID: 564 (iptables)]: fd:3, level:0, optname:65
[   47.430243] firmadyne: sys_socket[PID: 565 (iptables)]: family:2, type:3, protocol:255
modprobe: could not parse modules.dep

[   47.502699] firmadyne: sys_socket[PID: 565 (iptables)]: family:2, type:3, protocol:255
iptables v1.2.9: can't initialize iptables table `nat': Table does not exist (do you need to insmod?)
Perhaps iptables or your kernel needs to be upgraded.
[   47.665159] firmadyne: sys_socket[PID: 571 (iptables)]: family:2, type:3, protocol:255
modprobe: could not parse modules.dep

[   47.734758] firmadyne: sys_socket[PID: 571 (iptables)]: family:2, type:3, protocol:255
iptables v1.2.9: can't initialize iptables table `nat': Table does not exist (do you need to insmod?)
Perhaps iptables or your kernel needs to be upgraded.
[   47.899353] firmadyne: sys_socket[PID: 577 (iptables)]: family:2, type:3, protocol:255
modprobe: could not parse modules.dep

[   47.974682] firmadyne: sys_socket[PID: 577 (iptables)]: family:2, type:3, protocol:255
iptables v1.2.9: can't initialize iptables table `nat': Table does not exist (do you need to insmod?)
Perhaps iptables or your kernel needs to be upgraded.
[   48.141135] firmadyne: sys_socket[PID: 583 (iptables)]: family:2, type:3, protocol:255
modprobe: could not parse modules.dep

[   48.216082] firmadyne: sys_socket[PID: 583 (iptables)]: family:2, type:3, protocol:255
iptables v1.2.9: can't initialize iptables table `nat': Table does not exist (do you need to insmod?)
Perhaps iptables or your kernel needs to be upgraded.
[   48.375366] firmadyne: sys_socket[PID: 589 (iptables)]: family:2, type:3, protocol:255
modprobe: could not parse modules.dep

[   48.450763] firmadyne: sys_socket[PID: 589 (iptables)]: family:2, type:3, protocol:255
iptables v1.2.9: can't initialize iptables table `nat': Table does not exist (do you need to insmod?)
Perhaps iptables or your kernel needs to be upgraded.
[   48.606766] firmadyne: sys_socket[PID: 595 (iptables)]: family:2, type:3, protocol:255
modprobe: could not parse modules.dep

[   48.678115] firmadyne: sys_socket[PID: 595 (iptables)]: family:2, type:3, protocol:255
iptables v1.2.9: can't initialize iptables table `nat': Table does not exist (do you need to insmod?)
Perhaps iptables or your kernel needs to be upgraded.
[   48.848736] firmadyne: sys_socket[PID: 601 (iptables)]: family:2, type:3, protocol:255
modprobe: could not parse modules.dep

[   48.926756] firmadyne: sys_socket[PID: 601 (iptables)]: family:2, type:3, protocol:255
iptables v1.2.9: can't initialize iptables table `nat': Table does not exist (do you need to insmod?)
Perhaps iptables or your kernel needs to be upgraded.
[   49.084144] firmadyne: sys_socket[PID: 607 (iptables)]: family:2, type:3, protocol:255
modprobe: could not parse modules.dep

[   49.158767] firmadyne: sys_socket[PID: 607 (iptables)]: family:2, type:3, protocol:255
iptables v1.2.9: can't initialize iptables table `nat': Table does not exist (do you need to insmod?)
Perhaps iptables or your kernel needs to be upgraded.
[   49.316616] firmadyne: sys_socket[PID: 613 (iptables)]: family:2, type:3, protocol:255
modprobe: could not parse modules.dep

[   49.390865] firmadyne: sys_socket[PID: 613 (iptables)]: family:2, type:3, protocol:255
iptables v1.2.9: can't initialize iptables table `nat': Table does not exist (do you need to insmod?)
Perhaps iptables or your kernel needs to be upgraded.
[   49.551391] firmadyne: sys_socket[PID: 619 (iptables)]: family:2, type:3, protocol:255
modprobe: could not parse modules.dep

[   49.622836] firmadyne: sys_socket[PID: 619 (iptables)]: family:2, type:3, protocol:255
iptables v1.2.9: can't initialize iptables table `nat': Table does not exist (do you need to insmod?)
Perhaps iptables or your kernel needs to be upgraded.
[   49.794559] firmadyne: sys_socket[PID: 625 (iptables)]: family:2, type:3, protocol:255
modprobe: could not parse modules.dep

[   49.866691] firmadyne: sys_socket[PID: 625 (iptables)]: family:2, type:3, protocol:255
iptables v1.2.9: can't initialize iptables table `nat': Table does not exist (do you need to insmod?)
Perhaps iptables or your kernel needs to be upgraded.
[   50.033626] firmadyne: sys_socket[PID: 631 (iptables)]: family:2, type:3, protocol:255
modprobe: could not parse modules.dep

[   50.102736] firmadyne: sys_socket[PID: 631 (iptables)]: family:2, type:3, protocol:255
iptables v1.2.9: can't initialize iptables table `nat': Table does not exist (do you need to insmod?)
Perhaps iptables or your kernel needs to be upgraded.
[   50.263387] firmadyne: sys_socket[PID: 637 (iptables)]: family:2, type:3, protocol:255
[   50.275289] firmadyne: sys_setsockopt[PID: 637 (iptables)]: fd:3, level:0, optname:64
[   50.285360] firmadyne: sys_setsockopt[PID: 637 (iptables)]: fd:3, level:0, optname:65
[   50.410545] firmadyne: sys_socket[PID: 638 (iptables)]: family:2, type:3, protocol:255
[   50.423098] firmadyne: sys_setsockopt[PID: 638 (iptables)]: fd:3, level:0, optname:64
[   50.426815] firmadyne: sys_setsockopt[PID: 638 (iptables)]: fd:3, level:0, optname:65
[   50.553132] firmadyne: sys_socket[PID: 639 (iptables)]: family:2, type:3, protocol:255
[   50.566033] firmadyne: sys_setsockopt[PID: 639 (iptables)]: fd:3, level:0, optname:64
[   50.567980] firmadyne: sys_setsockopt[PID: 639 (iptables)]: fd:3, level:0, optname:65
[   50.690835] firmadyne: sys_socket[PID: 640 (iptables)]: family:2, type:3, protocol:255
[   50.703816] firmadyne: sys_setsockopt[PID: 640 (iptables)]: fd:3, level:0, optname:64
[   50.713331] firmadyne: sys_setsockopt[PID: 640 (iptables)]: fd:3, level:0, optname:65
[   50.842671] firmadyne: sys_socket[PID: 641 (iptables)]: family:2, type:3, protocol:255
[   50.856051] firmadyne: sys_setsockopt[PID: 641 (iptables)]: fd:3, level:0, optname:64
[   50.858357] firmadyne: sys_setsockopt[PID: 641 (iptables)]: fd:3, level:0, optname:65
[   50.983380] firmadyne: sys_socket[PID: 642 (iptables)]: family:2, type:3, protocol:255
[   51.002613] firmadyne: sys_setsockopt[PID: 642 (iptables)]: fd:3, level:0, optname:64
[   51.004757] firmadyne: sys_setsockopt[PID: 642 (iptables)]: fd:3, level:0, optname:65
[   51.130243] firmadyne: sys_socket[PID: 643 (iptables)]: family:2, type:3, protocol:255
[   51.149315] firmadyne: sys_setsockopt[PID: 643 (iptables)]: fd:3, level:0, optname:64
[   51.151455] firmadyne: sys_setsockopt[PID: 643 (iptables)]: fd:3, level:0, optname:65
[   51.300066] firmadyne: sys_socket[PID: 644 (iptables)]: family:2, type:3, protocol:255
[   51.319019] firmadyne: sys_setsockopt[PID: 644 (iptables)]: fd:3, level:0, optname:64
iptables: Protocol wrong type for socket
[   51.506113] firmadyne: sys_socket[PID: 647 (iptables)]: family:2, type:3, protocol:255
modprobe: could not parse modules.dep

[   51.578713] firmadyne: sys_socket[PID: 647 (iptables)]: family:2, type:3, protocol:255
iptables v1.2.9: can't initialize iptables table `nat': Table does not exist (do you need to insmod?)
Perhaps iptables or your kernel needs to be upgraded.
[   51.775802] firmadyne: sys_socket[PID: 653 (iptables)]: family:2, type:3, protocol:255
modprobe: could not parse modules.dep

[   51.851631] firmadyne: sys_socket[PID: 653 (iptables)]: family:2, type:3, protocol:255
iptables v1.2.9: can't initialize iptables table `nat': Table does not exist (do you need to insmod?)
Perhaps iptables or your kernel needs to be upgraded.
[   52.054094] firmadyne: sys_socket[PID: 659 (iptables)]: family:2, type:3, protocol:255
modprobe: could not parse modules.dep

[   52.126875] firmadyne: sys_socket[PID: 659 (iptables)]: family:2, type:3, protocol:255
iptables v1.2.9: can't initialize iptables table `nat': Table does not exist (do you need to insmod?)
Perhaps iptables or your kernel needs to be upgraded.
[   52.300115] firmadyne: sys_socket[PID: 665 (iptables)]: family:2, type:3, protocol:255
modprobe: could not parse modules.dep

[   52.375675] firmadyne: sys_socket[PID: 665 (iptables)]: family:2, type:3, protocol:255
iptables v1.2.9: can't initialize iptables table `nat': Table does not exist (do you need to insmod?)
Perhaps iptables or your kernel needs to be upgraded.
[   52.563516] firmadyne: sys_socket[PID: 671 (iptables)]: family:2, type:3, protocol:255
modprobe: could not parse modules.dep

[   52.635690] firmadyne: sys_socket[PID: 671 (iptables)]: family:2, type:3, protocol:255
iptables v1.2.9: can't initialize iptables table `nat': Table does not exist (do you need to insmod?)
Perhaps iptables or your kernel needs to be upgraded.
[   52.811873] firmadyne: sys_socket[PID: 677 (iptables)]: family:2, type:3, protocol:255
modprobe: could not parse modules.dep

[   52.891753] firmadyne: sys_socket[PID: 677 (iptables)]: family:2, type:3, protocol:255
iptables v1.2.9: can't initialize iptables table `nat': Table does not exist (do you need to insmod?)
Perhaps iptables or your kernel needs to be upgraded.
[   53.105218] firmadyne: sys_socket[PID: 683 (iptables)]: family:2, type:3, protocol:255
modprobe: could not parse modules.dep

[   53.175836] firmadyne: sys_socket[PID: 683 (iptables)]: family:2, type:3, protocol:255
iptables v1.2.9: can't initialize iptables table `nat': Table does not exist (do you need to insmod?)
Perhaps iptables or your kernel needs to be upgraded.
[   53.371829] firmadyne: sys_socket[PID: 689 (iptables)]: family:2, type:3, protocol:255
modprobe: could not parse modules.dep

[   53.448811] firmadyne: sys_socket[PID: 689 (iptables)]: family:2, type:3, protocol:255
iptables v1.2.9: can't initialize iptables table `nat': Table does not exist (do you need to insmod?)
Perhaps iptables or your kernel needs to be upgraded.
[   53.649532] firmadyne: sys_socket[PID: 695 (iptables)]: family:2, type:3, protocol:255
modprobe: could not parse modules.dep

[   53.718110] firmadyne: sys_socket[PID: 695 (iptables)]: family:2, type:3, protocol:255
iptables v1.2.9: can't initialize iptables table `nat': Table does not exist (do you need to insmod?)
Perhaps iptables or your kernel needs to be upgraded.
[   53.899151] firmadyne: sys_socket[PID: 701 (iptables)]: family:2, type:3, protocol:255
modprobe: could not parse modules.dep

[   53.970756] firmadyne: sys_socket[PID: 701 (iptables)]: family:2, type:3, protocol:255
iptables v1.2.9: can't initialize iptables table `nat': Table does not exist (do you need to insmod?)
Perhaps iptables or your kernel needs to be upgraded.
[   54.195456] firmadyne: sys_socket[PID: 707 (iptables)]: family:2, type:3, protocol:255
modprobe: could not parse modules.dep

[   54.266791] firmadyne: sys_socket[PID: 707 (iptables)]: family:2, type:3, protocol:255
iptables v1.2.9: can't initialize iptables table `nat': Table does not exist (do you need to insmod?)
Perhaps iptables or your kernel needs to be upgraded.
[   54.471740] firmadyne: sys_socket[PID: 713 (iptables)]: family:2, type:3, protocol:255
modprobe: could not parse modules.dep

[   54.547723] firmadyne: sys_socket[PID: 713 (iptables)]: family:2, type:3, protocol:255
iptables v1.2.9: can't initialize iptables table `nat': Table does not exist (do you need to insmod?)
Perhaps iptables or your kernel needs to be upgraded.
[   54.756573] firmadyne: sys_socket[PID: 719 (iptables)]: family:2, type:3, protocol:255
modprobe: could not parse modules.dep

[   54.834755] firmadyne: sys_socket[PID: 719 (iptables)]: family:2, type:3, protocol:255
iptables v1.2.9: can't initialize iptables table `nat': Table does not exist (do you need to insmod?)
Perhaps iptables or your kernel needs to be upgraded.
[   55.030587] firmadyne: sys_socket[PID: 725 (iptables)]: family:2, type:3, protocol:255
modprobe: could not parse modules.dep

[   55.102738] firmadyne: sys_socket[PID: 725 (iptables)]: family:2, type:3, protocol:255
iptables v1.2.9: can't initialize iptables table `nat': Table does not exist (do you need to insmod?)
Perhaps iptables or your kernel needs to be upgraded.
[   55.321276] firmadyne: sys_socket[PID: 731 (iptables)]: family:2, type:3, protocol:255
modprobe: could not parse modules.dep

[   55.415533] firmadyne: sys_socket[PID: 731 (iptables)]: family:2, type:3, protocol:255
iptables v1.2.9: can't initialize iptables table `nat': Table does not exist (do you need to insmod?)
Perhaps iptables or your kernel needs to be upgraded.
[   55.514104] firmadyne: sys_socket[PID: 737 (iptables)]: family:2, type:3, protocol:255
modprobe: could not parse modules.dep

[   55.551933] firmadyne: sys_socket[PID: 737 (iptables)]: family:2, type:3, protocol:255
iptables v1.2.9: can't initialize iptables table `nat': Table does not exist (do you need to insmod?)
Perhaps iptables or your kernel needs to be upgraded.
[   55.661640] firmadyne: sys_socket[PID: 743 (iptables)]: family:2, type:3, protocol:255
modprobe: could not parse modules.dep

[   55.700502] firmadyne: sys_socket[PID: 743 (iptables)]: family:2, type:3, protocol:255
iptables v1.2.9: can't initialize iptables table `nat': Table does not exist (do you need to insmod?)
Perhaps iptables or your kernel needs to be upgraded.
[   55.800265] firmadyne: sys_socket[PID: 749 (iptables)]: family:2, type:3, protocol:255
modprobe: could not parse modules.dep

[   55.839272] firmadyne: sys_socket[PID: 749 (iptables)]: family:2, type:3, protocol:255
iptables v1.2.9: can't initialize iptables table `nat': Table does not exist (do you need to insmod?)
Perhaps iptables or your kernel needs to be upgraded.
[   56.007341] firmadyne: sys_socket[PID: 755 (iptables)]: family:2, type:3, protocol:255
modprobe: could not parse modules.dep

[   56.080503] firmadyne: sys_socket[PID: 755 (iptables)]: family:2, type:3, protocol:255
iptables v1.2.9: can't initialize iptables table `nat': Table does not exist (do you need to insmod?)
Perhaps iptables or your kernel needs to be upgraded.
[/usr/sbin/submit] COMMIT ...
[   56.275743] firmadyne: sys_socket[PID: 763 (iptables)]: family:2, type:3, protocol:255
modprobe: could not parse modules.dep

[   56.355254] firmadyne: sys_socket[PID: 763 (iptables)]: family:2, type:3, protocol:255
iptables v1.2.9: can't initialize iptables table `nat': Table does not exist (do you need to insmod?)
Perhaps iptables or your kernel needs to be upgraded.
[   56.435746] firmadyne: sys_socket[PID: 770 (xmldbc)]: family:1, type:2, protocol:0
[   56.585459] firmadyne: sys_socket[PID: 773 (iptables)]: family:2, type:3, protocol:255
modprobe: could not parse modules.dep

[   56.661157] firmadyne: sys_socket[PID: 773 (iptables)]: family:2, type:3, protocol:255
iptables v1.2.9: can't initialize iptables table `nat': Table does not exist (do you need to insmod?)
Perhaps iptables or your kernel needs to be upgraded.
[/etc/scripts/misc/profile.sh] put ...
[   56.862402] firmadyne: sys_socket[PID: 781 (iptables)]: family:2, type:3, protocol:255
modprobe: could not parse modules.dep

[   56.950699] firmadyne: sys_socket[PID: 781 (iptables)]: family:2, type:3, protocol:255
iptables v1.2.9: can't initialize iptables table `nat': Table does not exist (do you need to insmod?)
Perhaps iptables or your kernel needs to be upgraded.
[   57.096772] firmadyne: sys_socket[PID: 791 (rgdb)]: family:1, type:2, protocol:0
[   57.172543] firmadyne: sys_socket[PID: 790 (iptables)]: family:2, type:3, protocol:255
modprobe: could not parse modules.dep

[   57.248722] firmadyne: sys_socket[PID: 790 (iptables)]: family:2, type:3, protocol:255
iptables v1.2.9: can't initialize iptables table `nat': Table does not exist (do you need to insmod?)
Perhaps iptables or your kernel needs to be upgraded.
[   57.443294] firmadyne: sys_socket[PID: 797 (iptables)]: family:2, type:3, protocol:255
modprobe: could not parse modules.dep

[   57.514920] firmadyne: sys_socket[PID: 797 (iptables)]: family:2, type:3, protocol:255
iptables v1.2.9: can't initialize iptables table `nat': Table does not exist (do you need to insmod?)
Perhaps iptables or your kernel needs to be upgraded.
[   57.749649] firmadyne: sys_socket[PID: 804 (iptables)]: family:2, type:3, protocol:255
modprobe: could not parse modules.dep

[   57.822013] firmadyne: sys_socket[PID: 804 (iptables)]: family:2, type:3, protocol:255
iptables v1.2.9: can't initialize iptables table `nat': Table does not exist (do you need to insmod?)
Perhaps iptables or your kernel needs to be upgraded.
ok
[   58.065634] firmadyne: sys_socket[PID: 811 (iptables)]: family:2, type:3, protocol:255
modprobe: could not parse modules.dep

[   58.155932] firmadyne: sys_socket[PID: 811 (iptables)]: family:2, type:3, protocol:255
iptables v1.2.9: can't initialize iptables table `nat': Table does not exist (do you need to insmod?)
Perhaps iptables or your kernel needs to be upgraded.
[/usr/sbin/submit] RG_DMZ ...
[   58.390165] firmadyne: sys_socket[PID: 822 (portt)]: family:1, type:1, protocol:0
[   58.492635] firmadyne: sys_socket[PID: 829 (xmldbc)]: family:1, type:2, protocol:0
Using /lib/modules/sw_tcpip.o
insmod: Not configured to support old kernels
Using /lib/modules/ifresetcnt.o
insmod: Not configured to support old kernels
Using /lib/modules/ipt_string.o
[   58.715371] firmadyne: sys_socket[PID: 756 (xgi)]: family:1, type:2, protocol:0
insmod: Not configured to support old kernels
[   58.751342] 
do_page_fault(): sending SIGSEGV to xgi for invalid read access from 777a7976
[   58.752075] epc = 777a7977 inra  = 777a7977 in
[   58.753106] 
[   58.765033] potentially unexpected fatal signal 11.
[   58.765819] CPU: 0 PID: 756 Comm: xgi Not tainted 4.1.17+ #1
[   58.766580] task: 8f0ef558 ti: 8f1f6000 task.ti: 8f1f6000
[   58.767159] $ 0   : 00000000 775d137e ffffffff ffffffff
[   58.768049] $ 4   : 776131f0 7fce88f2 00000000 776131a4
[   58.769236] $ 8   : 00400eed 00000000 7765c138 77575b34
[   58.770051] $12   : 00000337 006d7cb3 77577ed4 00400ee8
[   58.770861] $16   : 79777a79 777a7977 7a79777a 79777a79
[   58.771687] $20   : 777a7977 7a79777a 00000000 ffffffff
[   58.772503] $24   : 775727c4 775c1c10                  
[   58.773541] $28   : 10008890 7fce9420 00000000 777a7977
[   58.774377] Hi    : 00000000
[   58.774762] Lo    : 000000da
[   58.775282] epc   : 777a7977 0x777a7977
[   58.775810] ra    : 777a7977 0x777a7977
[   58.776255] Status: 0000a413	USER EXL IE 
[   58.777127] Cause : 10800008
[   58.777528] BadVA : 777a7976
[   58.777959] PrId  : 00019300 (MIPS 24Kc)
[/etc/templates/rg.sh] dmz ...
[   58.950229] firmadyne: sys_socket[PID: 836 (rgdb)]: family:1, type:2, protocol:0
/proc/sys/net/ipv4/ip_conntrack_max: cannot create
[   59.051688] firmadyne: sys_socket[PID: 837 (rgdb)]: family:1, type:2, protocol:0
Using /lib/modules/ip_stun_func.o
insmod: Not configured to support old kernels
[   59.222331] firmadyne: sys_socket[PID: 841 (iptables)]: family:2, type:3, protocol:255
[   59.241717] firmadyne: sys_setsockopt[PID: 841 (iptables)]: fd:3, level:0, optname:64
[   59.243967] firmadyne: sys_setsockopt[PID: 841 (iptables)]: fd:3, level:0, optname:65
[   59.388346] firmadyne: sys_socket[PID: 842 (iptables)]: family:2, type:3, protocol:255
modprobe: could not parse modules.dep

[   59.503718] firmadyne: sys_socket[PID: 842 (iptables)]: family:2, type:3, protocol:255
[   59.525810] firmadyne: sys_socket[PID: 843 (atp)]: family:1, type:2, protocol:0
iptables v1.2.9: can't initialize iptables table `nat': Table does not exist (do you need to insmod?)
Perhaps iptables or your kernel needs to be upgraded.
[   59.660769] firmadyne: sys_socket[PID: 849 (iptables)]: family:2, type:3, protocol:255
modprobe: could not parse modules.dep

[   59.735669] firmadyne: sys_socket[PID: 849 (iptables)]: family:2, type:3, protocol:255
iptables v1.2.9: can't initialize iptables table `nat': Table does not exist (do you need to insmod?)
Perhaps iptables or your kernel needs to be upgraded.
[   59.867326] firmadyne: sys_socket[PID: 856 (logger)]: family:1, type:1, protocol:0
[/var/run/rg_dmz.sh] ...
[   60.059242] firmadyne: sys_socket[PID: 857 (iptables)]: family:2, type:3, protocol:255
[   60.085846] firmadyne: sys_setsockopt[PID: 857 (iptables)]: fd:3, level:0, optname:64
[   60.088032] firmadyne: sys_setsockopt[PID: 857 (iptables)]: fd:3, level:0, optname:65
[   60.139799] firmadyne: sys_socket[PID: 859 (iptables)]: family:2, type:3, protocol:255
[   60.252057] firmadyne: sys_socket[PID: 859 (iptables)]: family:2, type:3, protocol:255
[   60.274772] firmadyne: sys_socket[PID: 860 (iptables)]: family:2, type:3, protocol:255
[   60.306151] firmadyne: sys_setsockopt[PID: 860 (iptables)]: fd:3, level:0, optname:64
[   60.308294] firmadyne: sys_setsockopt[PID: 860 (iptables)]: fd:3, level:0, optname:65
[   60.380063] firmadyne: sys_socket[PID: 866 (logger)]: family:1, type:1, protocol:0
[   60.389494] firmadyne: sys_socket[PID: 867 (logger)]: family:1, type:1, protocol:0
[   60.472366] firmadyne: sys_socket[PID: 868 (logger)]: family:1, type:1, protocol:0
[   60.568245] firmadyne: sys_socket[PID: 869 (iptables)]: family:2, type:3, protocol:255
[   60.580705] firmadyne: sys_setsockopt[PID: 869 (iptables)]: fd:4, level:0, optname:64
[   60.597352] firmadyne: sys_setsockopt[PID: 869 (iptables)]: fd:4, level:0, optname:65
[   60.660087] firmadyne: sys_socket[PID: 870 (iptables)]: family:2, type:3, protocol:255
[   60.683016] firmadyne: sys_setsockopt[PID: 870 (iptables)]: fd:3, level:0, optname:64
[   60.697443] firmadyne: sys_setsockopt[PID: 870 (iptables)]: fd:3, level:0, optname:65
[   60.758960] firmadyne: sys_socket[PID: 871 (iptables)]: family:2, type:3, protocol:255
[   60.830580] firmadyne: sys_socket[PID: 873 (logger)]: family:1, type:1, protocol:0
[   60.878200] firmadyne: sys_socket[PID: 871 (iptables)]: family:2, type:3, protocol:255
[   60.960812] firmadyne: sys_socket[PID: 878 (logger)]: family:1, type:1, protocol:0
[   61.084068] firmadyne: sys_socket[PID: 880 (logger)]: family:1, type:1, protocol:0
[   61.092062] firmadyne: sys_socket[PID: 879 (iptables)]: family:2, type:3, protocol:255
[   61.203629] firmadyne: sys_socket[PID: 879 (iptables)]: family:2, type:3, protocol:255
[   61.415112] firmadyne: sys_socket[PID: 888 (iptables)]: family:2, type:3, protocol:255
[   61.437856] firmadyne: sys_setsockopt[PID: 888 (iptables)]: fd:4, level:0, optname:64
[   61.440024] firmadyne: sys_setsockopt[PID: 888 (iptables)]: fd:4, level:0, optname:65
[   61.500357] firmadyne: sys_socket[PID: 890 (iptables)]: family:2, type:3, protocol:255
[   61.522349] firmadyne: sys_setsockopt[PID: 890 (iptables)]: fd:3, level:0, optname:64
[   61.524496] firmadyne: sys_setsockopt[PID: 890 (iptables)]: fd:3, level:0, optname:65
[   61.604679] firmadyne: sys_socket[PID: 891 (iptables)]: family:2, type:3, protocol:255
[   61.630922] firmadyne: sys_setsockopt[PID: 891 (iptables)]: fd:4, level:0, optname:64
[   61.645145] firmadyne: sys_setsockopt[PID: 891 (iptables)]: fd:4, level:0, optname:65
[   61.710496] firmadyne: sys_socket[PID: 892 (iptables)]: family:2, type:3, protocol:255
modprobe: could not parse modules.dep

[   61.812107] firmadyne: sys_socket[PID: 892 (iptables)]: family:2, type:3, protocol:255
[   61.823068] firmadyne: sys_socket[PID: 893 (iptables)]: family:2, type:3, protocol:255
iptables v1.2.9: can't initialize iptables table `nat': Table does not exist (do you need to insmod?)
Perhaps iptables or your kernel needs to be upgraded.
[   61.938222] firmadyne: sys_socket[PID: 893 (iptables)]: family:2, type:3, protocol:255
sendto_unsock(/var/run/portt.unixsocket, flush)
[   62.052239] firmadyne: sys_socket[PID: 902 (trigger)]: family:1, type:1, protocol:0
/proc/sys/net/ipv4/arp_flood_burst: cannot create
/proc/sys/net/ipv4/arp_flood_cost: cannot create
[   62.178783] firmadyne: sys_socket[PID: 905 (iptables)]: family:2, type:3, protocol:255
start DNRD ...
[   62.290201] firmadyne: sys_socket[PID: 905 (iptables)]: family:2, type:3, protocol:255
[/etc/templates/dnrd.sh] ...
[   62.511817] firmadyne: sys_socket[PID: 915 (iptables)]: family:2, type:3, protocol:255
[   62.609990] firmadyne: sys_socket[PID: 915 (iptables)]: family:2, type:3, protocol:255
[   62.660117] firmadyne: sys_socket[PID: 918 (rgdb)]: family:1, type:2, protocol:0
[   70.470931] firmadyne: sys_socket[PID: 927 (rgdb)]: family:1, type:2, protocol:0
[   70.665944] firmadyne: sys_socket[PID: 928 (rgdb)]: family:1, type:2, protocol:0
[/var/run/dnrd_start.sh] ...
Start DNRD ...
[   70.984277] firmadyne: sys_socket[PID: 932 (dnrd)]: family:2, type:1, protocol:0
[   70.985824] firmadyne: sys_setsockopt[PID: 932 (dnrd)]: fd:4, level:65535, optname:4
[   70.986802] firmadyne: inet_bind[PID: 932 (dnrd)]: proto:SOCK_DGRAM, port:53
[   70.987740] firmadyne: sys_socket[PID: 932 (dnrd)]: family:2, type:2, protocol:0
[   70.997123] firmadyne: sys_setsockopt[PID: 932 (dnrd)]: fd:5, level:65535, optname:4
[   70.998079] firmadyne: inet_bind[PID: 932 (dnrd)]: proto:SOCK_STREAM, port:53
Notice: caching turned off
[   71.156285] firmadyne: sys_socket[PID: 937 (atp)]: family:1, type:2, protocol:0
[   71.222358] firmadyne: sys_socket[PID: 938 (rgdb)]: family:1, type:2, protocol:0
