[    0.000000] Linux version 4.1.17+ (alessio@pc) (gcc version 5.5.0 20171010 (Ubuntu 5.5.0-12ubuntu1) ) #1 Mon May 15 23:04:08 CEST 2023
[    0.000000] earlycon: Early serial console at I/O port 0x3f8 (options '38400n8')
[    0.000000] bootconsole [uart0] enabled
[    0.000000] CPU0 revision is: 00019300 (MIPS 24Kc)
[    0.000000] FPU revision is: 00739300
[    0.000000] Software DMA cache coherency enabled
[    0.000000] Determined physical RAM map:
[    0.000000]  memory: 00001000 @ 00000000 (reserved)
[    0.000000]  memory: 000ef000 @ 00001000 (ROM data)
[    0.000000]  memory: 00798000 @ 000f0000 (reserved)
[    0.000000]  memory: 0f777000 @ 00888000 (usable)
[    0.000000] debug: ignoring loglevel setting.
[    0.000000] Wasting 69888 bytes for tracking 2184 unused pages
[    0.000000] Initrd not found or empty - disabling initrd
[    0.000000] Zone ranges:
[    0.000000]   DMA      [mem 0x0000000000000000-0x0000000000ffffff]
[    0.000000]   Normal   [mem 0x0000000001000000-0x000000000fffefff]
[    0.000000] Movable zone start for each node
[    0.000000] Early memory node ranges
[    0.000000]   node   0: [mem 0x0000000000000000-0x000000000fffefff]
[    0.000000] Initmem setup node 0 [mem 0x0000000000000000-0x000000000fffefff]
[    0.000000] On node 0 totalpages: 65535
[    0.000000] free_area_init_node: node 0, pgdat 8081d5b0, node_mem_map 81000000
[    0.000000]   DMA zone: 32 pages used for memmap
[    0.000000]   DMA zone: 0 pages reserved
[    0.000000]   DMA zone: 4096 pages, LIFO batch:0
[    0.000000]   Normal zone: 480 pages used for memmap
[    0.000000]   Normal zone: 61439 pages, LIFO batch:15
[    0.000000] Primary instruction cache 2kB, VIPT, 2-way, linesize 16 bytes.
[    0.000000] Primary data cache 2kB, 2-way, VIPT, no aliases, linesize 16 bytes
[    0.000000] pcpu-alloc: s0 r0 d32768 u32768 alloc=1*32768
[    0.000000] pcpu-alloc: [0] 0 
[    0.000000] Built 1 zonelists in Zone order, mobility grouping on.  Total pages: 65023
[    0.000000] Kernel command line: root=/dev/sda1 console=ttyS0 nandsim.parts=64,64,64,64,64,64,64,64,64,64 rdinit=/firmadyne/preInit.sh rw debug ignore_loglevel print-fatal-signals=1 FIRMAE_NET=true FIRMAE_NVRAM=true FIRMAE_KERNEL=true FIRMAE_ETC=true user_debug=0 firmadyne.syscall=1 noka
[    0.000000] found FIRMAE_KERNEL=t
[    0.000000] set the LD_PRELOAD=/firmadyne/libnvram_ioctl.so
[    0.000000] PID hash table entries: 1024 (order: 0, 4096 bytes)
[    0.000000] Dentry cache hash table entries: 32768 (order: 5, 131072 bytes)
[    0.000000] Inode-cache hash table entries: 16384 (order: 4, 65536 bytes)
[    0.000000] Writing ErrCtl register=00000000
[    0.000000] Readback ErrCtl register=00000000
[    0.000000] Memory: 251112K/262140K available (5360K kernel code, 244K rwdata, 1676K rodata, 260K init, 158K bss, 11028K reserved, 0K cma-reserved)
[    0.000000] NR_IRQS:256
[    0.000000] CPU frequency 200.00 MHz
[    0.000000] clocksource MIPS: mask: 0xffffffff max_cycles: 0xffffffff, max_idle_ns: 19112128763 ns
[    0.000205] sched_clock: 32 bits at 100MHz, resolution 9ns, wraps every 21474301947ns
[    0.015334] Console: colour dummy device 80x25
[    0.016556] Calibrating delay loop... 25.18 BogoMIPS (lpj=50368)
[    0.073405] pid_max: default: 32768 minimum: 301
[    0.077766] Mount-cache hash table entries: 1024 (order: 0, 4096 bytes)
[    0.078261] Mountpoint-cache hash table entries: 1024 (order: 0, 4096 bytes)
[    0.144459] clocksource jiffies: mask: 0xffffffff max_cycles: 0xffffffff, max_idle_ns: 7645041785100000 ns
[    0.155352] NET: Registered protocol family 16
[    0.437524] clocksource pit: mask: 0xffffffff max_cycles: 0xffffffff, max_idle_ns: 1601818034827 ns
[    0.597600] vgaarb: loaded
[    0.603375] SCSI subsystem initialized
[    0.605905] libata version 3.00 loaded.
[    0.610393] usbcore: registered new interface driver usbfs
[    0.611789] usbcore: registered new interface driver hub
[    0.613011] usbcore: registered new device driver usb
[    0.615675] pps_core: LinuxPPS API ver. 1 registered
[    0.616060] pps_core: Software ver. 5.3.6 - Copyright 2005-2007 Rodolfo Giometti <giometti@linux.it>
[    0.617119] PTP clock support registered
[    0.621963] PCI host bridge to bus 0000:00
[    0.622695] pci_bus 0000:00: root bus resource [mem 0x10000000-0x17ffffff]
[    0.623281] pci_bus 0000:00: root bus resource [io  0x1000-0x1fffff]
[    0.623853] pci_bus 0000:00: root bus resource [??? 0x00000000 flags 0x0]
[    0.624404] pci_bus 0000:00: No busn resource found for root bus, will use [bus 00-ff]
[    0.625817] pci 0000:00:00.0: [11ab:4620] type 00 class 0x060000
[    0.626721] pci 0000:00:00.0: [Firmware Bug]: reg 0x14: invalid BAR (can't size)
[    0.627283] pci 0000:00:00.0: [Firmware Bug]: reg 0x18: invalid BAR (can't size)
[    0.627834] pci 0000:00:00.0: [Firmware Bug]: reg 0x1c: invalid BAR (can't size)
[    0.628387] pci 0000:00:00.0: [Firmware Bug]: reg 0x20: invalid BAR (can't size)
[    0.628946] pci 0000:00:00.0: [Firmware Bug]: reg 0x24: invalid BAR (can't size)
[    0.633066] pci 0000:00:0a.0: [8086:7110] type 00 class 0x060100
[    0.636672] pci 0000:00:0a.1: [8086:7111] type 00 class 0x010180
[    0.637424] pci 0000:00:0a.1: reg 0x20: [io  0x0000-0x000f]
[    0.638189] pci 0000:00:0a.1: legacy IDE quirk: reg 0x10: [io  0x01f0-0x01f7]
[    0.638738] pci 0000:00:0a.1: legacy IDE quirk: reg 0x14: [io  0x03f6]
[    0.639283] pci 0000:00:0a.1: legacy IDE quirk: reg 0x18: [io  0x0170-0x0177]
[    0.639824] pci 0000:00:0a.1: legacy IDE quirk: reg 0x1c: [io  0x0376]
[    0.643205] pci 0000:00:0a.2: [8086:7112] type 00 class 0x0c0300
[    0.643859] pci 0000:00:0a.2: reg 0x20: [io  0x0000-0x001f]
[    0.647203] pci 0000:00:0a.3: [8086:7113] type 00 class 0x068000
[    0.648566] pci 0000:00:0a.3: quirk: [io  0x1000-0x103f] claimed by PIIX4 ACPI
[    0.649180] pci 0000:00:0a.3: quirk: [io  0x1100-0x110f] claimed by PIIX4 SMB
[    0.652581] pci 0000:00:12.0: [1013:00b8] type 00 class 0x030000
[    0.653191] pci 0000:00:12.0: reg 0x10: [mem 0x00000000-0x01ffffff pref]
[    0.653759] pci 0000:00:12.0: reg 0x14: [mem 0x00000000-0x00000fff]
[    0.654429] pci 0000:00:12.0: reg 0x30: [mem 0x00000000-0x0000ffff pref]
[    0.657271] vgaarb: device added: PCI:0000:00:12.0,decodes=io+mem,owns=none,locks=none
[    0.658534] pci 0000:00:13.0: [8086:100e] type 00 class 0x020000
[    0.659297] pci 0000:00:13.0: reg 0x10: [mem 0x00000000-0x0001ffff]
[    0.659839] pci 0000:00:13.0: reg 0x14: [io  0x0000-0x003f]
[    0.660448] pci 0000:00:13.0: reg 0x30: [mem 0x00000000-0x0003ffff pref]
[    0.663695] pci 0000:00:14.0: [8086:100e] type 00 class 0x020000
[    0.664286] pci 0000:00:14.0: reg 0x10: [mem 0x00000000-0x0001ffff]
[    0.664827] pci 0000:00:14.0: reg 0x14: [io  0x0000-0x003f]
[    0.665436] pci 0000:00:14.0: reg 0x30: [mem 0x00000000-0x0003ffff pref]
[    0.668830] pci 0000:00:15.0: [8086:100e] type 00 class 0x020000
[    0.669425] pci 0000:00:15.0: reg 0x10: [mem 0x00000000-0x0001ffff]
[    0.669962] pci 0000:00:15.0: reg 0x14: [io  0x0000-0x003f]
[    0.670575] pci 0000:00:15.0: reg 0x30: [mem 0x00000000-0x0003ffff pref]
[    0.673831] pci 0000:00:16.0: [8086:100e] type 00 class 0x020000
[    0.674426] pci 0000:00:16.0: reg 0x10: [mem 0x00000000-0x0001ffff]
[    0.674963] pci 0000:00:16.0: reg 0x14: [io  0x0000-0x003f]
[    0.675756] pci 0000:00:16.0: reg 0x30: [mem 0x00000000-0x0003ffff pref]
[    0.679084] pci_bus 0000:00: busn_res: [bus 00-ff] end is updated to 00
[    0.680765] pci 0000:00:12.0: BAR 0: assigned [mem 0x10000000-0x11ffffff pref]
[    0.681515] pci 0000:00:13.0: BAR 6: assigned [mem 0x12000000-0x1203ffff pref]
[    0.682179] pci 0000:00:14.0: BAR 6: assigned [mem 0x12040000-0x1207ffff pref]
[    0.682802] pci 0000:00:15.0: BAR 6: assigned [mem 0x12080000-0x120bffff pref]
[    0.683466] pci 0000:00:16.0: BAR 6: assigned [mem 0x120c0000-0x120fffff pref]
[    0.684347] pci 0000:00:13.0: BAR 0: assigned [mem 0x12100000-0x1211ffff]
[    0.685010] pci 0000:00:14.0: BAR 0: assigned [mem 0x12120000-0x1213ffff]
[    0.685618] pci 0000:00:15.0: BAR 0: assigned [mem 0x12140000-0x1215ffff]
[    0.686230] pci 0000:00:16.0: BAR 0: assigned [mem 0x12160000-0x1217ffff]
[    0.686853] pci 0000:00:12.0: BAR 6: assigned [mem 0x12180000-0x1218ffff pref]
[    0.687472] pci 0000:00:12.0: BAR 1: assigned [mem 0x12190000-0x12190fff]
[    0.688107] pci 0000:00:13.0: BAR 1: assigned [io  0x1040-0x107f]
[    0.688804] pci 0000:00:14.0: BAR 1: assigned [io  0x1080-0x10bf]
[    0.689366] pci 0000:00:15.0: BAR 1: assigned [io  0x10c0-0x10ff]
[    0.689931] pci 0000:00:16.0: BAR 1: assigned [io  0x1400-0x143f]
[    0.690499] pci 0000:00:0a.2: BAR 4: assigned [io  0x1440-0x145f]
[    0.691065] pci 0000:00:0a.1: BAR 4: assigned [io  0x1460-0x146f]
[    0.709859] cfg80211: Calling CRDA to update world regulatory domain
[    0.724145] Switched to clocksource MIPS
[    0.845033] NET: Registered protocol family 2
[    0.857862] TCP established hash table entries: 2048 (order: 1, 8192 bytes)
[    0.859027] TCP bind hash table entries: 2048 (order: 1, 8192 bytes)
[    0.860315] TCP: Hash tables configured (established 2048 bind 2048)
[    0.861410] UDP hash table entries: 256 (order: 0, 4096 bytes)
[    0.862111] UDP-Lite hash table entries: 256 (order: 0, 4096 bytes)
[    0.866377] NET: Registered protocol family 1
[    0.868253] PCI: Enabling device 0000:00:0a.2 (0000 -> 0001)
[    0.869778] PCI: CLS 0 bytes, default 16
[    0.904076] futex hash table entries: 256 (order: -1, 3072 bytes)
[    0.921916] squashfs: version 4.0 (2009/01/31) Phillip Lougher
[    0.924681] jffs2: version 2.2. (NAND) Â© 2001-2006 Red Hat, Inc.
[    0.928321] romfs: ROMFS MTD (C) 2007 Red Hat, Inc.
[    0.954384] Block layer SCSI generic (bsg) driver version 0.4 loaded (major 251)
[    0.955033] io scheduler noop registered
[    0.955763] io scheduler cfq registered (default)
[    0.957017] firmadyne: devfs: 1, execute: 1, procfs: 1, syscall: 1
[    0.962972] firmadyne: Cannot register character device: gpio, 0xfc, 0x0!
[    0.972020] firmadyne: Cannot register character device: watchdog, 0xa, 0x82!
[    0.972665] firmadyne: Cannot register character device: wdt, 0xfd, 0x0!
[    2.788752] strName = 4.1.17+
[    2.788752] init_task_addr  = 2155778944
[    2.788752] init_task_size  = 1296
[    2.788752] ts_tasks        = 292
[    2.788752] ts_pid          = 408
[    2.788752] ts_tgid         = 412
[    2.788752] ts_group_leader = 440
[    2.788752] ts_thread_group = 496
[    2.788752] ts_real_parent  = 416
[    2.788752] ts_mm           = 300
[    2.788752] ts_stack        = 4
[    2.790957] module_name   = 12
[    2.790957] module_size   = 208
[    2.790957] module_init   = 200
[    2.790957] module_list   = 4
[    2.791863] ts_real_cred    = 624
[    2.791863] ts_cred         = 628
[    2.791863] ts_comm         = 632
[    2.791863] cred_uid        = 4
[    2.791863] cred_gid        = 8
[    2.791863] cred_euid       = 20
[    2.791863] cred_egid       = 24
[    2.793676] mm_mmap         = 0
[    2.793676] mm_pgd          = 32
[    2.793676] mm_arg_start    = 136
[    2.793676] mm_start_brk    = 124
[    2.793676] mm_brk          = 128
[    2.793676] mm_start_stack  = 132
[    2.794958] vma_vm_start    = 0
[    2.794958] vma_vm_end      = 4
[    2.794958] vma_vm_next     = 8
[    2.794958] vma_vm_file     = 80
[    2.794958] vma_vm_flags    = 40
[    2.794958] vma_vm_pgoff    = 76
[    2.796413] file_dentry     = 12
[    2.796413] file_inode      = 40
[    2.796413] dentry_d_name   = 24
[    2.796413] dentry_d_iname  = 44
[    2.796413] dentry_d_parent = 16
[    2.796413] ti_task         = 0
[    2.796413] inode_ino   = 28
[    3.927560] proc_fork_connector  = 2151078840
[    3.927933] proc_exit_connector  = 2151080432
[    3.928461] proc_exec_connector  = 2151079052
[    3.928797] vma_link  = 2149124372
[    3.929090] vma_adjust  = 2149124540
[    3.929385] remove_vma  = 2149122188
[    3.929678] modules  = 2155833724
[    3.929965] trim_init_extable  = 2150545316
[    3.931199] cfg80211: Calling CRDA to update world regulatory domain
[    3.934757] PCI: Enabling device 0000:00:12.0 (0000 -> 0002)
[    3.936022] cirrusfb 0000:00:12.0: Cirrus Logic chipset on PCI bus, RAM (4096 kB) at 0x10000000
[    4.181997] Console: switching to colour frame buffer device 80x30
[    4.256419] Serial: 8250/16550 driver, 4 ports, IRQ sharing enabled
[    4.272357] console [ttyS0] disabled
[    4.299328] serial8250.0: ttyS0 at I/O 0x3f8 (irq = 4, base_baud = 115200) is a 16550A
[    4.300682] console [ttyS0] enabled
[    4.300682] console [ttyS0] enabled
[    4.301267] bootconsole [uart0] disabled
[    4.301267] bootconsole [uart0] disabled
[    4.332847] serial8250.0: ttyS1 at I/O 0x2f8 (irq = 3, base_baud = 115200) is a 16550A
[    4.465477] brd: module loaded
[    4.537010] loop: module loaded
[    4.544516] ata_piix 0000:00:0a.1: version 2.13
[    4.545103] PCI: Enabling device 0000:00:0a.1 (0000 -> 0001)
[    4.573660] scsi host0: ata_piix
[    4.579766] scsi host1: ata_piix
[    4.584067] ata1: PATA max UDMA/33 cmd 0x1f0 ctl 0x3f6 bmdma 0x1460 irq 14
[    4.584757] ata2: PATA max UDMA/33 cmd 0x170 ctl 0x376 bmdma 0x1468 irq 15
[    4.592023] [nandsim] warning: read_byte: unexpected data output cycle, state is STATE_READY return 0x0
[    4.592825] [nandsim] warning: read_byte: unexpected data output cycle, state is STATE_READY return 0x0
[    4.593444] [nandsim] warning: read_byte: unexpected data output cycle, state is STATE_READY return 0x0
[    4.594023] [nandsim] warning: read_byte: unexpected data output cycle, state is STATE_READY return 0x0
[    4.594605] [nandsim] warning: read_byte: unexpected data output cycle, state is STATE_READY return 0x0
[    4.595183] [nandsim] warning: read_byte: unexpected data output cycle, state is STATE_READY return 0x0
[    4.595952] nand: device found, Manufacturer ID: 0x98, Chip ID: 0x39
[    4.596599] nand: Toshiba NAND 128MiB 1,8V 8-bit
[    4.597025] nand: 128 MiB, SLC, erase size: 16 KiB, page size: 512, OOB size: 16
[    4.598781] flash size: 128 MiB
[    4.599056] page size: 512 bytes
[    4.599324] OOB area size: 16 bytes
[    4.599601] sector size: 16 KiB
[    4.599860] pages number: 262144
[    4.600306] pages per sector: 32
[    4.600571] bus width: 8
[    4.600806] bits in sector size: 14
[    4.601088] bits in page size: 9
[    4.601357] bits in OOB size: 4
[    4.601626] flash size with OOB: 135168 KiB
[    4.601929] page address bytes: 4
[    4.602203] sector address bytes: 3
[    4.602476] options: 0x42
[    4.695312] Scanning device for bad blocks
[    6.043212] ata2.01: NODEV after polling detection
[    6.043965] ata1.01: NODEV after polling detection
[    6.046000] ata2.00: ATAPI: QEMU DVD-ROM, 2.5+, max UDMA/100
[    6.048645] ata1.00: ATA-7: QEMU HARDDISK, 2.5+, max UDMA/100
[    6.049134] ata1.00: 2097152 sectors, multi 16: LBA48 
[    6.055793] ata2.00: configured for UDMA/33
[    6.058413] ata1.00: configured for UDMA/33
[    6.068629] scsi 0:0:0:0: Direct-Access     ATA      QEMU HARDDISK    2.5+ PQ: 0 ANSI: 5
[    6.086129] sd 0:0:0:0: [sda] 2097152 512-byte logical blocks: (1.07 GB/1.00 GiB)
[    6.087822] scsi 1:0:0:0: CD-ROM            QEMU     QEMU DVD-ROM     2.5+ PQ: 0 ANSI: 5
[    6.102165] sd 0:0:0:0: [sda] Write Protect is off
[    6.102704] sd 0:0:0:0: [sda] Mode Sense: 00 3a 00 00
[    6.104477] sd 0:0:0:0: [sda] Write cache: enabled, read cache: enabled, doesn't support DPO or FUA
[    6.116859]  sda: sda1
[    6.130271] sd 0:0:0:0: [sda] Attached SCSI disk
[    6.130853] Creating 11 MTD partitions on "NAND 128MiB 1,8V 8-bit":
[    6.131532] 0x000000000000-0x000000100000 : "NAND simulator partition 0"
[    6.143790] 0x000000100000-0x000000200000 : "NAND simulator partition 1"
[    6.155417] 0x000000200000-0x000000300000 : "NAND simulator partition 2"
[    6.167282] 0x000000300000-0x000000400000 : "NAND simulator partition 3"
[    6.179191] 0x000000400000-0x000000500000 : "NAND simulator partition 4"
[    6.191187] 0x000000500000-0x000000600000 : "NAND simulator partition 5"
[    6.203549] 0x000000600000-0x000000700000 : "NAND simulator partition 6"
[    6.215948] 0x000000700000-0x000000800000 : "NAND simulator partition 7"
[    6.228959] 0x000000800000-0x000000900000 : "NAND simulator partition 8"
[    6.240520] 0x000000900000-0x000000a00000 : "NAND simulator partition 9"
[    6.251976] 0x000000a00000-0x000008000000 : "NAND simulator partition 10"
[    6.303079] tun: Universal TUN/TAP device driver, 1.6
[    6.303465] tun: (C) 1999-2004 Max Krasnyansky <maxk@qualcomm.com>
[    6.307424] pcnet32: pcnet32.c:v1.35 21.Apr.2008 tsbogend@alpha.franken.de
[    6.309003] e1000: Intel(R) PRO/1000 Network Driver - version 7.3.21-k8-NAPI
[    6.309465] e1000: Copyright (c) 1999-2006 Intel Corporation.
[    6.310482] PCI: Enabling device 0000:00:13.0 (0000 -> 0003)
[    6.671116] e1000 0000:00:13.0 eth0: (PCI:33MHz:32-bit) 52:54:00:12:34:56
[    6.671884] e1000 0000:00:13.0 eth0: Intel(R) PRO/1000 Network Connection
[    6.672918] PCI: Enabling device 0000:00:14.0 (0000 -> 0003)
[    7.018013] e1000 0000:00:14.0 eth1: (PCI:33MHz:32-bit) 52:54:00:12:34:57
[    7.018668] e1000 0000:00:14.0 eth1: Intel(R) PRO/1000 Network Connection
[    7.019519] PCI: Enabling device 0000:00:15.0 (0000 -> 0003)
[    7.299132] cfg80211: Calling CRDA to update world regulatory domain
[    7.362215] e1000 0000:00:15.0 eth2: (PCI:33MHz:32-bit) 52:54:00:12:34:58
[    7.362880] e1000 0000:00:15.0 eth2: Intel(R) PRO/1000 Network Connection
[    7.363754] PCI: Enabling device 0000:00:16.0 (0000 -> 0003)
[    7.715350] e1000 0000:00:16.0 eth3: (PCI:33MHz:32-bit) 52:54:00:12:34:59
[    7.716003] e1000 0000:00:16.0 eth3: Intel(R) PRO/1000 Network Connection
[    7.717850] e1000e: Intel(R) PRO/1000 Network Driver - 2.3.2-k
[    7.718294] e1000e: Copyright(c) 1999 - 2014 Intel Corporation.
[    7.723961] PPP generic driver version 2.4.2
[    7.726687] PPP Deflate Compression module registered
[    7.727438] PPP MPPE Compression module registered
[    7.727902] NET: Registered protocol family 24
[    7.728933] ehci_hcd: USB 2.0 'Enhanced' Host Controller (EHCI) Driver
[    7.729501] ehci-pci: EHCI PCI platform driver
[    7.730864] ohci_hcd: USB 1.1 'Open' Host Controller (OHCI) Driver
[    7.731410] ohci-pci: OHCI PCI platform driver
[    7.732918] uhci_hcd: USB Universal Host Controller Interface driver
[    7.734769] uhci_hcd 0000:00:0a.2: UHCI Host Controller
[    7.735660] uhci_hcd 0000:00:0a.2: new USB bus registered, assigned bus number 1
[    7.737104] uhci_hcd 0000:00:0a.2: irq 11, io base 0x00001440
[    7.751656] hub 1-0:1.0: USB hub found
[    7.752697] hub 1-0:1.0: 2 ports detected
[    7.764493] usbcore: registered new interface driver usb-storage
[    7.769643] mousedev: PS/2 mouse device common for all mice
[    7.777292] rtc_cmos rtc_cmos: rtc core: registered rtc_cmos as rtc0
[    7.778155] rtc_cmos rtc_cmos: alarms up to one day, 242 bytes nvram
[    7.779821] i2c /dev entries driver
[    7.781465] piix4_smbus 0000:00:0a.3: SMBus Host Controller at 0x1100, revision 0
[    7.787024] sdhci: Secure Digital Host Controller Interface driver
[    7.787429] sdhci: Copyright(c) Pierre Ossman
[    7.790368] hidraw: raw HID events driver (C) Jiri Kosina
[    7.813310] usbcore: registered new interface driver usbhid
[    7.813689] usbhid: USB HID core driver
[    7.814956] Netfilter messages via NETLINK v0.30.
[    7.816664] nf_conntrack version 0.5.0 (3923 buckets, 15692 max)
[    7.820645] ctnetlink v0.93: registering with nfnetlink.
[    7.827535] ipip: IPv4 over IPv4 tunneling driver
[    7.842573] ip_tables: (C) 2000-2006 Netfilter Core Team
[    7.846234] arp_tables: (C) 2002 David S. Miller
[    7.848675] Initializing XFRM netlink socket
[    7.850181] NET: Registered protocol family 10
[    7.877288] ip6_tables: (C) 2000-2006 Netfilter Core Team
[    7.881839] sit: IPv6 over IPv4 tunneling driver
[    7.903719] NET: Registered protocol family 17
[    7.904969] bridge: automatic filtering via arp/ip/ip6tables has been deprecated. Update your scripts to load br_netfilter if you need this.
[    7.906199] Bridge firewalling registered
[    7.906669] Ebtables v2.0 registered
[    7.909443] 8021q: 802.1Q VLAN Support v1.8
[    7.935415] rtc_cmos rtc_cmos: setting system clock to 2025-07-23 06:32:00 UTC (1753252320)
[    7.962673] EXT2-fs (sda1): warning: mounting unchecked fs, running e2fsck is recommended
[    7.964355] spurious 8259A interrupt: IRQ7.
[    7.965540] VFS: Mounted root (ext2 filesystem) on device 8:1.
[    7.976541] Freeing YAMON memory: 956k freed
[    7.989495] Freeing unused kernel memory: 260K (8081f000 - 80860000)
[    8.024891] firmadyne: sys_reboot[PID: 1 (init)]: magic1:fee1dead, magic2:28121969, cmd:0
init started: BusyBox v1.14.1 (2024-07-07 02:43:58 CEST)
starting pid 48, tty '': '/etc/init.d/rcS'
[    8.126550] firmadyne: do_execve: /firmadyne/console
[    8.127213] OFFSETS: offset of pid: 0x198 offset of comm: 0x278
[/etc/init.d/S03config.sh]
Mounting proc and var ...
[   10.440724] cfg80211: Calling CRDA to update world regulatory domain
SymbLink /dev/mtdblock/0
SymbLink /dev/mtdblock/1
SymbLink /dev/mtdblock/10
SymbLink /dev/mtdblock/2
SymbLink /dev/mtdblock/3
SymbLink /dev/mtdblock/4
SymbLink /dev/mtdblock/5
SymbLink /dev/mtdblock/6
[   13.584557] cfg80211: Calling CRDA to update world regulatory domain
SymbLink /dev/mtdblock/7
SymbLink /dev/mtdblock/8
SymbLink /dev/mtdblock/9
Inserting kernel modules ...
Inserting Rebootm ...
Inserting atheros ethernet ...
Inserting gpio ...
done.
Start xmldb ...
[   14.758656] firmadyne: sys_socket[PID: 147 (xmldb)]: family:1, type:2, protocol:0
[   15.755700] random: nonblocking pool is initialized
[/etc/scripts/misc/profile.sh] get ...
DEVCONF: unable to read config data (ret=-3) !
CAN NOT get devive config, generate default!
[/etc/scripts/misc/profile.sh] reset ...
[   16.288787] firmadyne: sys_socket[PID: 159 (rgdb)]: family:1, type:2, protocol:0
[/etc/scripts/misc/defnodes.sh] ...
[/etc/defnodes/S10setext.sh] ...
[   16.701770] firmadyne: sys_socket[PID: 165 (xmldbc)]: family:1, type:2, protocol:0
[   16.728558] cfg80211: Calling CRDA to update world regulatory domain
[   16.775840] firmadyne: sys_socket[PID: 166 (xmldbc)]: family:1, type:2, protocol:0
[   16.835094] firmadyne: sys_socket[PID: 168 (xmldbc)]: family:1, type:2, protocol:0
[   16.892842] firmadyne: sys_socket[PID: 169 (xmldbc)]: family:1, type:2, protocol:0
[   16.952617] firmadyne: sys_socket[PID: 170 (xmldbc)]: family:1, type:2, protocol:0
[   17.010471] firmadyne: sys_socket[PID: 171 (xmldbc)]: family:1, type:2, protocol:0
[   17.070367] firmadyne: sys_socket[PID: 172 (xmldbc)]: family:1, type:2, protocol:0
[   17.128074] firmadyne: sys_socket[PID: 173 (xmldbc)]: family:1, type:2, protocol:0
[   17.186750] firmadyne: sys_socket[PID: 174 (xmldbc)]: family:1, type:2, protocol:0
[   17.244865] firmadyne: sys_socket[PID: 175 (xmldbc)]: family:1, type:2, protocol:0
[   17.303603] firmadyne: sys_socket[PID: 176 (xmldbc)]: family:1, type:2, protocol:0
[   17.363206] firmadyne: sys_socket[PID: 177 (xmldbc)]: family:1, type:2, protocol:0
[   17.421734] firmadyne: sys_socket[PID: 178 (xmldbc)]: family:1, type:2, protocol:0
[   17.481066] firmadyne: sys_socket[PID: 179 (xmldbc)]: family:1, type:2, protocol:0
[   17.542680] firmadyne: sys_socket[PID: 180 (xmldbc)]: family:1, type:2, protocol:0
[   17.605778] firmadyne: sys_socket[PID: 181 (xmldbc)]: family:1, type:2, protocol:0
[   17.666093] firmadyne: sys_socket[PID: 182 (xmldbc)]: family:1, type:2, protocol:0
[   17.725271] firmadyne: sys_socket[PID: 183 (xmldbc)]: family:1, type:2, protocol:0
[   17.786608] firmadyne: sys_socket[PID: 184 (xmldbc)]: family:1, type:2, protocol:0
[   17.845777] firmadyne: sys_socket[PID: 185 (xmldbc)]: family:1, type:2, protocol:0
[   17.904608] firmadyne: sys_socket[PID: 186 (xmldbc)]: family:1, type:2, protocol:0
[   17.965062] firmadyne: sys_socket[PID: 187 (rgdb)]: family:1, type:2, protocol:0
[   18.024474] firmadyne: sys_socket[PID: 188 (rgdb)]: family:1, type:2, protocol:0
[   18.083527] firmadyne: sys_socket[PID: 189 (rgdb)]: family:1, type:2, protocol:0
[   18.143189] firmadyne: sys_socket[PID: 190 (rgdb)]: family:1, type:2, protocol:0
[   18.203335] firmadyne: sys_socket[PID: 191 (rgdb)]: family:1, type:2, protocol:0
[   18.263847] firmadyne: sys_socket[PID: 192 (rgdb)]: family:1, type:2, protocol:0
[   18.323689] firmadyne: sys_socket[PID: 193 (rgdb)]: family:1, type:2, protocol:0
[   18.384741] firmadyne: sys_socket[PID: 194 (rgdb)]: family:1, type:2, protocol:0
[   18.443361] firmadyne: sys_socket[PID: 195 (rgdb)]: family:1, type:2, protocol:0
[   18.502242] firmadyne: sys_socket[PID: 196 (rgdb)]: family:1, type:2, protocol:0
[   18.561976] firmadyne: sys_socket[PID: 197 (rgdb)]: family:1, type:2, protocol:0
[   18.622378] firmadyne: sys_socket[PID: 198 (rgdb)]: family:1, type:2, protocol:0
[   18.684985] firmadyne: sys_socket[PID: 199 (rgdb)]: family:1, type:2, protocol:0
[   18.747016] firmadyne: sys_socket[PID: 200 (rgdb)]: family:1, type:2, protocol:0
[   18.875606] firmadyne: sys_socket[PID: 202 (xmldbc)]: family:1, type:2, protocol:0
[   18.933519] firmadyne: sys_socket[PID: 203 (xmldbc)]: family:1, type:2, protocol:0
[   18.993432] firmadyne: sys_socket[PID: 204 (xmldbc)]: family:1, type:2, protocol:0
[   19.053023] firmadyne: sys_socket[PID: 205 (xmldbc)]: family:1, type:2, protocol:0
[   19.111489] firmadyne: sys_socket[PID: 206 (xmldbc)]: family:1, type:2, protocol:0
[   19.171666] firmadyne: sys_socket[PID: 207 (xmldbc)]: family:1, type:2, protocol:0
[   19.231681] firmadyne: sys_socket[PID: 208 (xmldbc)]: family:1, type:2, protocol:0
[   19.290797] firmadyne: sys_socket[PID: 209 (xmldbc)]: family:1, type:2, protocol:0
[   19.351438] firmadyne: sys_socket[PID: 210 (xmldbc)]: family:1, type:2, protocol:0
[   19.405320] firmadyne: sys_socket[PID: 211 (xmldbc)]: family:1, type:2, protocol:0
[   19.463677] firmadyne: sys_socket[PID: 212 (xmldbc)]: family:1, type:2, protocol:0
[   19.523540] firmadyne: sys_socket[PID: 213 (xmldbc)]: family:1, type:2, protocol:0
[   19.584654] firmadyne: sys_socket[PID: 214 (xmldbc)]: family:1, type:2, protocol:0
[   19.646845] firmadyne: sys_socket[PID: 215 (xmldbc)]: family:1, type:2, protocol:0
[   19.705612] firmadyne: sys_socket[PID: 216 (xmldbc)]: family:1, type:2, protocol:0
[   19.766128] firmadyne: sys_socket[PID: 217 (xmldbc)]: family:1, type:2, protocol:0
[   19.825136] firmadyne: sys_socket[PID: 218 (xmldbc)]: family:1, type:2, protocol:0
[   19.872497] cfg80211: Calling CRDA to update world regulatory domain
[   19.899452] firmadyne: sys_socket[PID: 219 (xmldbc)]: family:1, type:2, protocol:0
[   20.111502] firmadyne: sys_socket[PID: 225 (xmldbc)]: family:1, type:2, protocol:0
[   20.171779] firmadyne: sys_socket[PID: 226 (xmldbc)]: family:1, type:2, protocol:0
[   20.229627] firmadyne: sys_socket[PID: 227 (xmldbc)]: family:1, type:2, protocol:0
[   20.287250] firmadyne: sys_socket[PID: 228 (xmldbc)]: family:1, type:2, protocol:0
[   20.346008] firmadyne: sys_socket[PID: 229 (xmldbc)]: family:1, type:2, protocol:0
[   20.405318] firmadyne: sys_socket[PID: 230 (xmldbc)]: family:1, type:2, protocol:0
[   20.463521] firmadyne: sys_socket[PID: 231 (xmldbc)]: family:1, type:2, protocol:0
[   20.521687] firmadyne: sys_socket[PID: 232 (xmldbc)]: family:1, type:2, protocol:0
[   20.581413] firmadyne: sys_socket[PID: 233 (xmldbc)]: family:1, type:2, protocol:0
[   20.643205] firmadyne: sys_socket[PID: 234 (xmldbc)]: family:1, type:2, protocol:0
[   20.701470] firmadyne: sys_socket[PID: 235 (xmldbc)]: family:1, type:2, protocol:0
[   20.761866] firmadyne: sys_socket[PID: 236 (xmldbc)]: family:1, type:2, protocol:0
[   20.820125] firmadyne: sys_socket[PID: 237 (xmldbc)]: family:1, type:2, protocol:0
[   20.879217] firmadyne: sys_socket[PID: 238 (xmldbc)]: family:1, type:2, protocol:0
[   20.937101] firmadyne: sys_socket[PID: 239 (xmldbc)]: family:1, type:2, protocol:0
[   20.996092] firmadyne: sys_socket[PID: 240 (xmldbc)]: family:1, type:2, protocol:0
[   21.054036] firmadyne: sys_socket[PID: 241 (xmldbc)]: family:1, type:2, protocol:0
[   21.112841] firmadyne: sys_socket[PID: 242 (xmldbc)]: family:1, type:2, protocol:0
[   21.171625] firmadyne: sys_socket[PID: 243 (xmldbc)]: family:1, type:2, protocol:0
[   21.308791] firmadyne: sys_socket[PID: 247 (xmldbc)]: family:1, type:2, protocol:0
[   21.367782] firmadyne: sys_socket[PID: 248 (xmldbc)]: family:1, type:2, protocol:0
[   21.426082] firmadyne: sys_socket[PID: 249 (xmldbc)]: family:1, type:2, protocol:0
[   21.483880] firmadyne: sys_socket[PID: 250 (xmldbc)]: family:1, type:2, protocol:0
[   21.543278] firmadyne: sys_socket[PID: 251 (xmldbc)]: family:1, type:2, protocol:0
[   21.602263] firmadyne: sys_socket[PID: 252 (xmldbc)]: family:1, type:2, protocol:0
[   21.663809] firmadyne: sys_socket[PID: 253 (xmldbc)]: family:1, type:2, protocol:0
[   21.722417] firmadyne: sys_socket[PID: 254 (xmldbc)]: family:1, type:2, protocol:0
[   21.782025] firmadyne: sys_socket[PID: 255 (xmldbc)]: family:1, type:2, protocol:0
[   21.839946] firmadyne: sys_socket[PID: 256 (xmldbc)]: family:1, type:2, protocol:0
[   21.899697] firmadyne: sys_socket[PID: 257 (xmldbc)]: family:1, type:2, protocol:0
[   21.958752] firmadyne: sys_socket[PID: 258 (xmldbc)]: family:1, type:2, protocol:0
[   22.016620] firmadyne: sys_socket[PID: 259 (xmldbc)]: family:1, type:2, protocol:0
[   22.075806] firmadyne: sys_socket[PID: 260 (xmldbc)]: family:1, type:2, protocol:0
[   22.134594] firmadyne: sys_socket[PID: 261 (xmldbc)]: family:1, type:2, protocol:0
[   22.193958] firmadyne: sys_socket[PID: 262 (xmldbc)]: family:1, type:2, protocol:0
[   22.251821] firmadyne: sys_socket[PID: 263 (xmldbc)]: family:1, type:2, protocol:0
[   22.309496] firmadyne: sys_socket[PID: 264 (xmldbc)]: family:1, type:2, protocol:0
[   22.369312] firmadyne: sys_socket[PID: 265 (xmldbc)]: family:1, type:2, protocol:0
[   22.504592] firmadyne: sys_socket[PID: 269 (xmldbc)]: family:1, type:2, protocol:0
[   22.564504] firmadyne: sys_socket[PID: 270 (xmldbc)]: family:1, type:2, protocol:0
[   22.622185] firmadyne: sys_socket[PID: 271 (xmldbc)]: family:1, type:2, protocol:0
[   22.682865] firmadyne: sys_socket[PID: 272 (xmldbc)]: family:1, type:2, protocol:0
[   22.742336] firmadyne: sys_socket[PID: 273 (xmldbc)]: family:1, type:2, protocol:0
[   22.800914] firmadyne: sys_socket[PID: 274 (xmldbc)]: family:1, type:2, protocol:0
[   22.859901] firmadyne: sys_socket[PID: 275 (xmldbc)]: family:1, type:2, protocol:0
[   22.918187] firmadyne: sys_socket[PID: 276 (xmldbc)]: family:1, type:2, protocol:0
[   22.977607] firmadyne: sys_socket[PID: 277 (xmldbc)]: family:1, type:2, protocol:0
[   23.016575] cfg80211: Calling CRDA to update world regulatory domain
[   23.049261] firmadyne: sys_socket[PID: 278 (xmldbc)]: family:1, type:2, protocol:0
[   23.107721] firmadyne: sys_socket[PID: 280 (xmldbc)]: family:1, type:2, protocol:0
[   23.167612] firmadyne: sys_socket[PID: 281 (xmldbc)]: family:1, type:2, protocol:0
[   23.225918] firmadyne: sys_socket[PID: 282 (xmldbc)]: family:1, type:2, protocol:0
[   23.283880] firmadyne: sys_socket[PID: 283 (xmldbc)]: family:1, type:2, protocol:0
[   23.345045] firmadyne: sys_socket[PID: 284 (xmldbc)]: family:1, type:2, protocol:0
[   23.403229] firmadyne: sys_socket[PID: 285 (xmldbc)]: family:1, type:2, protocol:0
[   23.461408] firmadyne: sys_socket[PID: 286 (xmldbc)]: family:1, type:2, protocol:0
[   23.519866] firmadyne: sys_socket[PID: 287 (xmldbc)]: family:1, type:2, protocol:0
[   23.580499] firmadyne: sys_socket[PID: 288 (xmldbc)]: family:1, type:2, protocol:0
[   23.719351] firmadyne: sys_socket[PID: 292 (xmldbc)]: family:1, type:2, protocol:0
[   23.779001] firmadyne: sys_socket[PID: 293 (xmldbc)]: family:1, type:2, protocol:0
[   23.836636] firmadyne: sys_socket[PID: 294 (xmldbc)]: family:1, type:2, protocol:0
[   23.897310] firmadyne: sys_socket[PID: 295 (xmldbc)]: family:1, type:2, protocol:0
[   23.956418] firmadyne: sys_socket[PID: 296 (xmldbc)]: family:1, type:2, protocol:0
[   24.020535] firmadyne: sys_socket[PID: 297 (xmldbc)]: family:1, type:2, protocol:0
[   24.079467] firmadyne: sys_socket[PID: 298 (xmldbc)]: family:1, type:2, protocol:0
[   24.137994] firmadyne: sys_socket[PID: 299 (xmldbc)]: family:1, type:2, protocol:0
[   24.197304] firmadyne: sys_socket[PID: 300 (xmldbc)]: family:1, type:2, protocol:0
[   24.254857] firmadyne: sys_socket[PID: 301 (xmldbc)]: family:1, type:2, protocol:0
[   24.313072] firmadyne: sys_socket[PID: 302 (xmldbc)]: family:1, type:2, protocol:0
[   24.373686] firmadyne: sys_socket[PID: 303 (xmldbc)]: family:1, type:2, protocol:0
[   24.431205] firmadyne: sys_socket[PID: 304 (xmldbc)]: family:1, type:2, protocol:0
[   24.488859] firmadyne: sys_socket[PID: 305 (xmldbc)]: family:1, type:2, protocol:0
[   24.547834] firmadyne: sys_socket[PID: 306 (xmldbc)]: family:1, type:2, protocol:0
[   24.607394] firmadyne: sys_socket[PID: 307 (xmldbc)]: family:1, type:2, protocol:0
[   24.666605] firmadyne: sys_socket[PID: 308 (xmldbc)]: family:1, type:2, protocol:0
[   24.725689] firmadyne: sys_socket[PID: 309 (xmldbc)]: family:1, type:2, protocol:0
[   24.785445] firmadyne: sys_socket[PID: 310 (xmldbc)]: family:1, type:2, protocol:0
[   24.923780] firmadyne: sys_socket[PID: 314 (xmldbc)]: family:1, type:2, protocol:0
[   24.983531] firmadyne: sys_socket[PID: 315 (xmldbc)]: family:1, type:2, protocol:0
[   25.042324] firmadyne: sys_socket[PID: 316 (xmldbc)]: family:1, type:2, protocol:0
[   25.101123] firmadyne: sys_socket[PID: 317 (xmldbc)]: family:1, type:2, protocol:0
[   36.368748] cfg80211: Calling CRDA to update world regulatory domain
[   36.413688] firmadyne: sys_socket[PID: 318 (xmldbc)]: family:1, type:2, protocol:0
[   36.471985] firmadyne: sys_socket[PID: 320 (xmldbc)]: family:1, type:2, protocol:0
[   36.530312] firmadyne: sys_socket[PID: 321 (xmldbc)]: family:1, type:2, protocol:0
[   36.590152] firmadyne: sys_socket[PID: 322 (xmldbc)]: family:1, type:2, protocol:0
[   44.950832] cfg80211: Calling CRDA to update world regulatory domain
[   44.997827] firmadyne: sys_socket[PID: 323 (xmldbc)]: family:1, type:2, protocol:0
[   45.057028] firmadyne: sys_socket[PID: 325 (xmldbc)]: family:1, type:2, protocol:0
[   45.115150] firmadyne: sys_socket[PID: 326 (xmldbc)]: family:1, type:2, protocol:0
[   45.175339] firmadyne: sys_socket[PID: 327 (xmldbc)]: family:1, type:2, protocol:0
[   59.622600] cfg80211: Calling CRDA to update world regulatory domain
[   59.671251] firmadyne: sys_socket[PID: 328 (xmldbc)]: family:1, type:2, protocol:0
[   59.730615] firmadyne: sys_socket[PID: 330 (xmldbc)]: family:1, type:2, protocol:0
[   59.789968] firmadyne: sys_socket[PID: 331 (xmldbc)]: family:1, type:2, protocol:0
[   59.850452] firmadyne: sys_socket[PID: 332 (xmldbc)]: family:1, type:2, protocol:0
[   70.810169] cfg80211: Exceeded CRDA call max attempts. Not calling CRDA
[   70.846292] firmadyne: sys_socket[PID: 333 (xmldbc)]: family:1, type:2, protocol:0
[   70.905473] firmadyne: sys_socket[PID: 334 (xmldbc)]: family:1, type:2, protocol:0
[   70.963953] firmadyne: sys_socket[PID: 335 (xmldbc)]: family:1, type:2, protocol:0
[   71.105458] firmadyne: sys_socket[PID: 339 (xmldbc)]: family:1, type:2, protocol:0
[   85.979499] firmadyne: sys_socket[PID: 340 (xmldbc)]: family:1, type:2, protocol:0
[   86.037415] firmadyne: sys_socket[PID: 341 (xmldbc)]: family:1, type:2, protocol:0
[   86.096503] firmadyne: sys_socket[PID: 342 (xmldbc)]: family:1, type:2, protocol:0
[  100.779600] firmadyne: sys_socket[PID: 343 (xmldbc)]: family:1, type:2, protocol:0
[  100.840950] firmadyne: sys_socket[PID: 344 (xmldbc)]: family:1, type:2, protocol:0
[  100.899977] firmadyne: sys_socket[PID: 345 (xmldbc)]: family:1, type:2, protocol:0
[  100.958852] firmadyne: sys_socket[PID: 346 (xmldbc)]: family:1, type:2, protocol:0
[  110.504560] firmadyne: sys_socket[PID: 347 (xmldbc)]: family:1, type:2, protocol:0
[  110.565275] firmadyne: sys_socket[PID: 348 (xmldbc)]: family:1, type:2, protocol:0
[  110.623686] firmadyne: sys_socket[PID: 349 (xmldbc)]: family:1, type:2, protocol:0
[  110.682348] firmadyne: sys_socket[PID: 350 (xmldbc)]: family:1, type:2, protocol:0
[  125.638095] firmadyne: sys_socket[PID: 351 (xmldbc)]: family:1, type:2, protocol:0
[  125.698357] firmadyne: sys_socket[PID: 352 (xmldbc)]: family:1, type:2, protocol:0
[  125.756972] firmadyne: sys_socket[PID: 353 (xmldbc)]: family:1, type:2, protocol:0
[  125.815117] firmadyne: sys_socket[PID: 354 (xmldbc)]: family:1, type:2, protocol:0
[  135.327284] firmadyne: sys_socket[PID: 355 (xmldbc)]: family:1, type:2, protocol:0
[  135.388974] firmadyne: sys_socket[PID: 356 (xmldbc)]: family:1, type:2, protocol:0
[  135.447871] firmadyne: sys_socket[PID: 357 (xmldbc)]: family:1, type:2, protocol:0
[  135.589968] firmadyne: sys_socket[PID: 361 (xmldbc)]: family:1, type:2, protocol:0
[  150.534559] firmadyne: sys_socket[PID: 362 (xmldbc)]: family:1, type:2, protocol:0
[  150.595391] firmadyne: sys_socket[PID: 363 (xmldbc)]: family:1, type:2, protocol:0
[  150.655820] firmadyne: sys_socket[PID: 364 (xmldbc)]: family:1, type:2, protocol:0
[  150.714688] firmadyne: sys_socket[PID: 365 (xmldbc)]: family:1, type:2, protocol:0
[  165.670399] firmadyne: sys_socket[PID: 366 (xmldbc)]: family:1, type:2, protocol:0
[  165.725575] firmadyne: sys_socket[PID: 367 (xmldbc)]: family:1, type:2, protocol:0
[  165.785871] firmadyne: sys_socket[PID: 368 (xmldbc)]: family:1, type:2, protocol:0
[  165.843725] firmadyne: sys_socket[PID: 369 (xmldbc)]: family:1, type:2, protocol:0
[  165.903598] firmadyne: sys_socket[PID: 370 (xmldbc)]: family:1, type:2, protocol:0
[  165.957412] firmadyne: sys_socket[PID: 371 (xmldbc)]: family:1, type:2, protocol:0
[  175.039366] firmadyne: sys_socket[PID: 372 (xmldbc)]: family:1, type:2, protocol:0
[  175.098803] firmadyne: sys_socket[PID: 373 (xmldbc)]: family:1, type:2, protocol:0
[  175.157399] firmadyne: sys_socket[PID: 374 (xmldbc)]: family:1, type:2, protocol:0
[  175.216956] firmadyne: sys_socket[PID: 375 (xmldbc)]: family:1, type:2, protocol:0
[  190.337395] firmadyne: sys_socket[PID: 376 (xmldbc)]: family:1, type:2, protocol:0
[  190.396481] firmadyne: sys_socket[PID: 377 (xmldbc)]: family:1, type:2, protocol:0
[  190.454809] firmadyne: sys_socket[PID: 378 (xmldbc)]: family:1, type:2, protocol:0
[  190.515145] firmadyne: sys_socket[PID: 379 (xmldbc)]: family:1, type:2, protocol:0
[  199.861343] firmadyne: sys_socket[PID: 383 (xmldbc)]: family:1, type:2, protocol:0
[  199.920824] firmadyne: sys_socket[PID: 384 (xmldbc)]: family:1, type:2, protocol:0
[  199.978727] firmadyne: sys_socket[PID: 385 (xmldbc)]: family:1, type:2, protocol:0
[  200.040043] firmadyne: sys_socket[PID: 386 (xmldbc)]: family:1, type:2, protocol:0
[  214.978537] firmadyne: sys_socket[PID: 387 (xmldbc)]: family:1, type:2, protocol:0
[  215.037474] firmadyne: sys_socket[PID: 388 (xmldbc)]: family:1, type:2, protocol:0
[  215.096431] firmadyne: sys_socket[PID: 389 (xmldbc)]: family:1, type:2, protocol:0
[  215.157794] firmadyne: sys_socket[PID: 390 (xmldbc)]: family:1, type:2, protocol:0
[  230.048907] firmadyne: sys_socket[PID: 391 (xmldbc)]: family:1, type:2, protocol:0
[  230.107755] firmadyne: sys_socket[PID: 392 (xmldbc)]: family:1, type:2, protocol:0
[  230.166009] firmadyne: sys_socket[PID: 393 (xmldbc)]: family:1, type:2, protocol:0
[  230.225966] firmadyne: sys_socket[PID: 394 (xmldbc)]: family:1, type:2, protocol:0
[  239.562664] firmadyne: sys_socket[PID: 395 (xmldbc)]: family:1, type:2, protocol:0
[  239.621895] firmadyne: sys_socket[PID: 396 (xmldbc)]: family:1, type:2, protocol:0
[  239.680553] firmadyne: sys_socket[PID: 397 (xmldbc)]: family:1, type:2, protocol:0
[  239.739811] firmadyne: sys_socket[PID: 398 (xmldbc)]: family:1, type:2, protocol:0
[  254.631653] firmadyne: sys_socket[PID: 399 (xmldbc)]: family:1, type:2, protocol:0
[  254.690376] firmadyne: sys_socket[PID: 400 (xmldbc)]: family:1, type:2, protocol:0
[  254.748506] firmadyne: sys_socket[PID: 401 (xmldbc)]: family:1, type:2, protocol:0
[  254.887303] firmadyne: sys_socket[PID: 405 (xmldbc)]: family:1, type:2, protocol:0
[  264.400814] firmadyne: sys_socket[PID: 406 (xmldbc)]: family:1, type:2, protocol:0
[  264.459810] firmadyne: sys_socket[PID: 407 (xmldbc)]: family:1, type:2, protocol:0
[  264.518236] firmadyne: sys_socket[PID: 408 (xmldbc)]: family:1, type:2, protocol:0
[  279.469668] firmadyne: sys_socket[PID: 409 (xmldbc)]: family:1, type:2, protocol:0
[  279.529760] firmadyne: sys_socket[PID: 410 (xmldbc)]: family:1, type:2, protocol:0
[  279.589558] firmadyne: sys_socket[PID: 411 (xmldbc)]: family:1, type:2, protocol:0
[  279.648546] firmadyne: sys_socket[PID: 412 (xmldbc)]: family:1, type:2, protocol:0
[  296.397753] firmadyne: sys_socket[PID: 413 (xmldbc)]: family:1, type:2, protocol:0
[  296.457963] firmadyne: sys_socket[PID: 414 (xmldbc)]: family:1, type:2, protocol:0
[  296.515866] firmadyne: sys_socket[PID: 415 (xmldbc)]: family:1, type:2, protocol:0
[  296.575011] firmadyne: sys_socket[PID: 416 (xmldbc)]: family:1, type:2, protocol:0
[  313.814730] firmadyne: sys_socket[PID: 417 (xmldbc)]: family:1, type:2, protocol:0
[  313.875084] firmadyne: sys_socket[PID: 418 (xmldbc)]: family:1, type:2, protocol:0
[  313.935640] firmadyne: sys_socket[PID: 419 (xmldbc)]: family:1, type:2, protocol:0
[  313.994377] firmadyne: sys_socket[PID: 420 (xmldbc)]: family:1, type:2, protocol:0
[  328.854808] firmadyne: sys_socket[PID: 421 (xmldbc)]: family:1, type:2, protocol:0
[  328.917510] firmadyne: sys_socket[PID: 422 (xmldbc)]: family:1, type:2, protocol:0
[  328.976646] firmadyne: sys_socket[PID: 423 (xmldbc)]: family:1, type:2, protocol:0
[  329.119569] firmadyne: sys_socket[PID: 427 (xmldbc)]: family:1, type:2, protocol:0
[  348.641712] firmadyne: sys_socket[PID: 428 (xmldbc)]: family:1, type:2, protocol:0
[  348.701474] firmadyne: sys_socket[PID: 429 (xmldbc)]: family:1, type:2, protocol:0
[  348.760901] firmadyne: sys_socket[PID: 430 (xmldbc)]: family:1, type:2, protocol:0
[  348.819584] firmadyne: sys_socket[PID: 431 (xmldbc)]: family:1, type:2, protocol:0
[  361.112016] firmadyne: sys_socket[PID: 432 (xmldbc)]: family:1, type:2, protocol:0
[  361.172895] firmadyne: sys_socket[PID: 433 (xmldbc)]: family:1, type:2, protocol:0
[  361.231265] firmadyne: sys_socket[PID: 434 (xmldbc)]: family:1, type:2, protocol:0
[  361.291493] firmadyne: sys_socket[PID: 435 (xmldbc)]: family:1, type:2, protocol:0
[  377.168969] firmadyne: sys_socket[PID: 436 (xmldbc)]: family:1, type:2, protocol:0
[  377.228865] firmadyne: sys_socket[PID: 437 (xmldbc)]: family:1, type:2, protocol:0
[  377.287757] firmadyne: sys_socket[PID: 438 (xmldbc)]: family:1, type:2, protocol:0
[  377.346559] firmadyne: sys_socket[PID: 439 (xmldbc)]: family:1, type:2, protocol:0
[  393.383751] firmadyne: sys_socket[PID: 440 (xmldbc)]: family:1, type:2, protocol:0
[  393.440988] firmadyne: sys_socket[PID: 441 (xmldbc)]: family:1, type:2, protocol:0
[  393.499033] firmadyne: sys_socket[PID: 442 (xmldbc)]: family:1, type:2, protocol:0
[  393.560870] firmadyne: sys_socket[PID: 443 (xmldbc)]: family:1, type:2, protocol:0
[  393.619388] firmadyne: sys_socket[PID: 444 (xmldbc)]: family:1, type:2, protocol:0
[  410.439171] firmadyne: sys_socket[PID: 445 (xmldbc)]: family:1, type:2, protocol:0
[  410.577942] firmadyne: sys_socket[PID: 449 (xmldbc)]: family:1, type:2, protocol:0
[  410.637882] firmadyne: sys_socket[PID: 450 (xmldbc)]: family:1, type:2, protocol:0
[  410.699053] firmadyne: sys_socket[PID: 451 (xmldbc)]: family:1, type:2, protocol:0
[  425.643558] firmadyne: sys_socket[PID: 452 (xmldbc)]: family:1, type:2, protocol:0
[  425.703282] firmadyne: sys_socket[PID: 453 (xmldbc)]: family:1, type:2, protocol:0
[  425.762567] firmadyne: sys_socket[PID: 454 (xmldbc)]: family:1, type:2, protocol:0
[  425.824955] firmadyne: sys_socket[PID: 455 (xmldbc)]: family:1, type:2, protocol:0
[  442.651635] firmadyne: sys_socket[PID: 456 (xmldbc)]: family:1, type:2, protocol:0
[  442.711250] firmadyne: sys_socket[PID: 457 (xmldbc)]: family:1, type:2, protocol:0
[  442.769847] firmadyne: sys_socket[PID: 458 (xmldbc)]: family:1, type:2, protocol:0
[  442.825420] firmadyne: sys_socket[PID: 459 (xmldbc)]: family:1, type:2, protocol:0
[  442.883890] firmadyne: sys_socket[PID: 460 (xmldbc)]: family:1, type:2, protocol:0
[  457.735736] firmadyne: sys_socket[PID: 461 (xmldbc)]: family:1, type:2, protocol:0
[  457.795177] firmadyne: sys_socket[PID: 462 (xmldbc)]: family:1, type:2, protocol:0
[  457.854015] firmadyne: sys_socket[PID: 463 (xmldbc)]: family:1, type:2, protocol:0
[  457.914131] firmadyne: sys_socket[PID: 464 (xmldbc)]: family:1, type:2, protocol:0
[  474.745401] firmadyne: sys_socket[PID: 465 (xmldbc)]: family:1, type:2, protocol:0
[  474.799160] firmadyne: sys_socket[PID: 466 (xmldbc)]: family:1, type:2, protocol:0
[  474.857746] firmadyne: sys_socket[PID: 467 (xmldbc)]: family:1, type:2, protocol:0
[  474.996805] firmadyne: sys_socket[PID: 471 (xmldbc)]: family:1, type:2, protocol:0
[  475.055204] firmadyne: sys_socket[PID: 472 (xmldbc)]: family:1, type:2, protocol:0
[  490.187005] firmadyne: sys_socket[PID: 473 (xmldbc)]: family:1, type:2, protocol:0
[  490.245619] firmadyne: sys_socket[PID: 474 (xmldbc)]: family:1, type:2, protocol:0
[  490.306568] firmadyne: sys_socket[PID: 475 (xmldbc)]: family:1, type:2, protocol:0
[  505.157407] firmadyne: sys_socket[PID: 476 (xmldbc)]: family:1, type:2, protocol:0
[  505.217727] firmadyne: sys_socket[PID: 477 (xmldbc)]: family:1, type:2, protocol:0
[  505.276598] firmadyne: sys_socket[PID: 478 (xmldbc)]: family:1, type:2, protocol:0
[  505.335489] firmadyne: sys_socket[PID: 479 (xmldbc)]: family:1, type:2, protocol:0
[  505.390674] firmadyne: sys_socket[PID: 480 (xmldbc)]: family:1, type:2, protocol:0
[  522.217318] firmadyne: sys_socket[PID: 481 (xmldbc)]: family:1, type:2, protocol:0
[  522.278338] firmadyne: sys_socket[PID: 482 (xmldbc)]: family:1, type:2, protocol:0
[  522.336786] firmadyne: sys_socket[PID: 483 (xmldbc)]: family:1, type:2, protocol:0
[  522.390216] firmadyne: sys_socket[PID: 484 (xmldbc)]: family:1, type:2, protocol:0
[  522.450339] firmadyne: sys_socket[PID: 485 (xmldbc)]: family:1, type:2, protocol:0
[  539.276894] firmadyne: sys_socket[PID: 486 (xmldbc)]: family:1, type:2, protocol:0
[  539.337295] firmadyne: sys_socket[PID: 487 (xmldbc)]: family:1, type:2, protocol:0
[  539.396409] firmadyne: sys_socket[PID: 488 (xmldbc)]: family:1, type:2, protocol:0
[  539.454924] firmadyne: sys_socket[PID: 489 (xmldbc)]: family:1, type:2, protocol:0
[  554.644762] firmadyne: sys_socket[PID: 493 (xmldbc)]: family:1, type:2, protocol:0
[  554.705328] firmadyne: sys_socket[PID: 494 (xmldbc)]: family:1, type:2, protocol:0
[  554.763942] firmadyne: sys_socket[PID: 495 (xmldbc)]: family:1, type:2, protocol:0
[  554.825680] firmadyne: sys_socket[PID: 496 (xmldbc)]: family:1, type:2, protocol:0
[  575.103244] firmadyne: sys_socket[PID: 497 (xmldbc)]: family:1, type:2, protocol:0
[  575.159131] firmadyne: sys_socket[PID: 498 (xmldbc)]: family:1, type:2, protocol:0
[  575.232098] firmadyne: sys_socket[PID: 499 (xmldbc)]: family:1, type:2, protocol:0
[  575.295532] firmadyne: sys_socket[PID: 500 (xmldbc)]: family:1, type:2, protocol:0
[  575.354564] firmadyne: sys_socket[PID: 501 (xmldbc)]: family:1, type:2, protocol:0
[  586.905454] firmadyne: sys_socket[PID: 502 (xmldbc)]: family:1, type:2, protocol:0
[  586.965146] firmadyne: sys_socket[PID: 503 (xmldbc)]: family:1, type:2, protocol:0
[  587.024176] firmadyne: sys_socket[PID: 504 (xmldbc)]: family:1, type:2, protocol:0
[  587.085660] firmadyne: sys_socket[PID: 505 (xmldbc)]: family:1, type:2, protocol:0
[  610.896538] firmadyne: sys_socket[PID: 506 (xmldbc)]: family:1, type:2, protocol:0
[  610.955869] firmadyne: sys_socket[PID: 507 (xmldbc)]: family:1, type:2, protocol:0
[  611.014648] firmadyne: sys_socket[PID: 508 (xmldbc)]: family:1, type:2, protocol:0
[  611.072997] firmadyne: sys_socket[PID: 509 (xmldbc)]: family:1, type:2, protocol:0
[  630.974095] firmadyne: sys_socket[PID: 510 (xmldbc)]: family:1, type:2, protocol:0
[  631.032844] firmadyne: sys_socket[PID: 511 (xmldbc)]: family:1, type:2, protocol:0
[  631.170635] firmadyne: sys_socket[PID: 515 (xmldbc)]: family:1, type:2, protocol:0
[  631.229449] firmadyne: sys_socket[PID: 516 (xmldbc)]: family:1, type:2, protocol:0
[  631.282294] firmadyne: sys_socket[PID: 517 (xmldbc)]: family:1, type:2, protocol:0
[  651.435014] firmadyne: sys_socket[PID: 518 (xmldbc)]: family:1, type:2, protocol:0
[  651.494737] firmadyne: sys_socket[PID: 519 (xmldbc)]: family:1, type:2, protocol:0
[  651.556892] firmadyne: sys_socket[PID: 520 (xmldbc)]: family:1, type:2, protocol:0
[  651.615467] firmadyne: sys_socket[PID: 521 (xmldbc)]: family:1, type:2, protocol:0
[  675.597971] firmadyne: sys_socket[PID: 522 (xmldbc)]: family:1, type:2, protocol:0
[  675.657499] firmadyne: sys_socket[PID: 523 (xmldbc)]: family:1, type:2, protocol:0
[  675.716770] firmadyne: sys_socket[PID: 524 (xmldbc)]: family:1, type:2, protocol:0
[  675.777485] firmadyne: sys_socket[PID: 525 (xmldbc)]: family:1, type:2, protocol:0
[  683.711158] firmadyne: sys_socket[PID: 526 (xmldbc)]: family:1, type:2, protocol:0
[  683.770518] firmadyne: sys_socket[PID: 527 (xmldbc)]: family:1, type:2, protocol:0
[  683.831410] firmadyne: sys_socket[PID: 528 (xmldbc)]: family:1, type:2, protocol:0
[  683.885928] firmadyne: sys_socket[PID: 529 (xmldbc)]: family:1, type:2, protocol:0
[  683.944121] firmadyne: sys_socket[PID: 530 (xmldbc)]: family:1, type:2, protocol:0
[  707.682353] firmadyne: sys_socket[PID: 531 (xmldbc)]: family:1, type:2, protocol:0
[  707.740212] firmadyne: sys_socket[PID: 532 (xmldbc)]: family:1, type:2, protocol:0
[  707.798553] firmadyne: sys_socket[PID: 533 (xmldbc)]: family:1, type:2, protocol:0
[  707.937961] firmadyne: sys_socket[PID: 537 (xmldbc)]: family:1, type:2, protocol:0
[  715.931580] firmadyne: sys_socket[PID: 538 (xmldbc)]: family:1, type:2, protocol:0
[  715.992089] firmadyne: sys_socket[PID: 539 (xmldbc)]: family:1, type:2, protocol:0
[  716.052630] firmadyne: sys_socket[PID: 540 (xmldbc)]: family:1, type:2, protocol:0
[  716.111515] firmadyne: sys_socket[PID: 541 (xmldbc)]: family:1, type:2, protocol:0
[  739.762852] firmadyne: sys_socket[PID: 542 (xmldbc)]: family:1, type:2, protocol:0
[  739.823087] firmadyne: sys_socket[PID: 543 (xmldbc)]: family:1, type:2, protocol:0
[  739.884526] firmadyne: sys_socket[PID: 544 (xmldbc)]: family:1, type:2, protocol:0
[  739.943336] firmadyne: sys_socket[PID: 545 (xmldbc)]: family:1, type:2, protocol:0
[  739.996926] firmadyne: sys_socket[PID: 546 (xmldbc)]: family:1, type:2, protocol:0
[  759.968195] firmadyne: sys_socket[PID: 547 (xmldbc)]: family:1, type:2, protocol:0
[  760.029287] firmadyne: sys_socket[PID: 548 (xmldbc)]: family:1, type:2, protocol:0
[  760.088514] firmadyne: sys_socket[PID: 549 (xmldbc)]: family:1, type:2, protocol:0
[  760.147288] firmadyne: sys_socket[PID: 550 (xmldbc)]: family:1, type:2, protocol:0
[  780.424857] firmadyne: sys_socket[PID: 551 (xmldbc)]: family:1, type:2, protocol:0
[  780.485532] firmadyne: sys_socket[PID: 552 (xmldbc)]: family:1, type:2, protocol:0
[  780.546880] firmadyne: sys_socket[PID: 553 (xmldbc)]: family:1, type:2, protocol:0
[  780.601169] firmadyne: sys_socket[PID: 554 (xmldbc)]: family:1, type:2, protocol:0
[  780.659337] firmadyne: sys_socket[PID: 555 (xmldbc)]: family:1, type:2, protocol:0
[  804.468724] firmadyne: sys_socket[PID: 559 (xmldbc)]: family:1, type:2, protocol:0
[  804.529244] firmadyne: sys_socket[PID: 560 (xmldbc)]: family:1, type:2, protocol:0
[  804.587929] firmadyne: sys_socket[PID: 561 (xmldbc)]: family:1, type:2, protocol:0
[  804.646501] firmadyne: sys_socket[PID: 562 (xmldbc)]: family:1, type:2, protocol:0
[  812.699413] firmadyne: sys_socket[PID: 563 (xmldbc)]: family:1, type:2, protocol:0
[  812.758741] firmadyne: sys_socket[PID: 564 (xmldbc)]: family:1, type:2, protocol:0
[  812.818997] firmadyne: sys_socket[PID: 565 (xmldbc)]: family:1, type:2, protocol:0
[  812.877636] firmadyne: sys_socket[PID: 566 (xmldbc)]: family:1, type:2, protocol:0
[  836.529274] firmadyne: sys_socket[PID: 567 (xmldbc)]: family:1, type:2, protocol:0
[  836.589209] firmadyne: sys_socket[PID: 568 (xmldbc)]: family:1, type:2, protocol:0
[  836.647983] firmadyne: sys_socket[PID: 569 (xmldbc)]: family:1, type:2, protocol:0
[  836.706640] firmadyne: sys_socket[PID: 570 (xmldbc)]: family:1, type:2, protocol:0
[  856.749683] firmadyne: sys_socket[PID: 571 (xmldbc)]: family:1, type:2, protocol:0
[  856.809309] firmadyne: sys_socket[PID: 572 (xmldbc)]: family:1, type:2, protocol:0
[  856.868035] firmadyne: sys_socket[PID: 573 (xmldbc)]: family:1, type:2, protocol:0
[  856.926307] firmadyne: sys_socket[PID: 574 (xmldbc)]: family:1, type:2, protocol:0
[  877.222612] firmadyne: sys_socket[PID: 575 (xmldbc)]: family:1, type:2, protocol:0
[  877.283821] firmadyne: sys_socket[PID: 576 (xmldbc)]: family:1, type:2, protocol:0
[  877.338523] firmadyne: sys_socket[PID: 577 (xmldbc)]: family:1, type:2, protocol:0
[  877.476477] firmadyne: sys_socket[PID: 581 (xmldbc)]: family:1, type:2, protocol:0
[  877.534978] firmadyne: sys_socket[PID: 582 (xmldbc)]: family:1, type:2, protocol:0
[  901.194427] firmadyne: sys_socket[PID: 583 (xmldbc)]: family:1, type:2, protocol:0
[  901.254293] firmadyne: sys_socket[PID: 584 (xmldbc)]: family:1, type:2, protocol:0
[  901.313387] firmadyne: sys_socket[PID: 585 (xmldbc)]: family:1, type:2, protocol:0
[  901.371610] firmadyne: sys_socket[PID: 586 (xmldbc)]: family:1, type:2, protocol:0
[  921.265978] firmadyne: sys_socket[PID: 587 (xmldbc)]: family:1, type:2, protocol:0
[  921.325314] firmadyne: sys_socket[PID: 588 (xmldbc)]: family:1, type:2, protocol:0
[  921.384483] firmadyne: sys_socket[PID: 589 (xmldbc)]: family:1, type:2, protocol:0
[  921.442992] firmadyne: sys_socket[PID: 590 (xmldbc)]: family:1, type:2, protocol:0
[  941.071951] firmadyne: sys_socket[PID: 591 (xmldbc)]: family:1, type:2, protocol:0
[  941.132075] firmadyne: sys_socket[PID: 592 (xmldbc)]: family:1, type:2, protocol:0
[  941.190564] firmadyne: sys_socket[PID: 593 (xmldbc)]: family:1, type:2, protocol:0
[  941.249043] firmadyne: sys_socket[PID: 594 (xmldbc)]: family:1, type:2, protocol:0
[  949.472639] firmadyne: sys_socket[PID: 595 (xmldbc)]: family:1, type:2, protocol:0
[  949.531232] firmadyne: sys_socket[PID: 596 (xmldbc)]: family:1, type:2, protocol:0
[  949.589677] firmadyne: sys_socket[PID: 597 (xmldbc)]: family:1, type:2, protocol:0
[  949.648742] firmadyne: sys_socket[PID: 598 (xmldbc)]: family:1, type:2, protocol:0
[  949.702109] firmadyne: sys_socket[PID: 599 (xmldbc)]: family:1, type:2, protocol:0
[  965.345417] firmadyne: sys_socket[PID: 603 (xmldbc)]: family:1, type:2, protocol:0
[  965.405147] firmadyne: sys_socket[PID: 604 (xmldbc)]: family:1, type:2, protocol:0
[  965.463276] firmadyne: sys_socket[PID: 605 (xmldbc)]: family:1, type:2, protocol:0
[  965.521781] firmadyne: sys_socket[PID: 606 (xmldbc)]: family:1, type:2, protocol:0
[  981.702029] firmadyne: sys_socket[PID: 607 (xmldbc)]: family:1, type:2, protocol:0
[  981.762072] firmadyne: sys_socket[PID: 608 (xmldbc)]: family:1, type:2, protocol:0
[  981.821094] firmadyne: sys_socket[PID: 609 (xmldbc)]: family:1, type:2, protocol:0
[  981.879731] firmadyne: sys_socket[PID: 610 (xmldbc)]: family:1, type:2, protocol:0
[  981.933711] firmadyne: sys_socket[PID: 611 (xmldbc)]: family:1, type:2, protocol:0
[  997.503075] firmadyne: sys_socket[PID: 612 (xmldbc)]: family:1, type:2, protocol:0
[  997.563512] firmadyne: sys_socket[PID: 613 (xmldbc)]: family:1, type:2, protocol:0
[  997.623120] firmadyne: sys_socket[PID: 614 (xmldbc)]: family:1, type:2, protocol:0
[  997.676920] firmadyne: sys_socket[PID: 615 (xmldbc)]: family:1, type:2, protocol:0
[  997.734649] firmadyne: sys_socket[PID: 616 (xmldbc)]: family:1, type:2, protocol:0
[ 1006.214637] firmadyne: sys_socket[PID: 617 (xmldbc)]: family:1, type:2, protocol:0
[ 1006.274520] firmadyne: sys_socket[PID: 618 (xmldbc)]: family:1, type:2, protocol:0
[ 1006.335437] firmadyne: sys_socket[PID: 619 (xmldbc)]: family:1, type:2, protocol:0
[ 1006.395380] firmadyne: sys_socket[PID: 620 (xmldbc)]: family:1, type:2, protocol:0
[ 1021.960024] firmadyne: sys_socket[PID: 621 (xmldbc)]: family:1, type:2, protocol:0
[ 1022.099816] firmadyne: sys_socket[PID: 625 (xmldbc)]: family:1, type:2, protocol:0
[ 1022.159065] firmadyne: sys_socket[PID: 626 (xmldbc)]: family:1, type:2, protocol:0
[ 1022.212730] firmadyne: sys_socket[PID: 627 (xmldbc)]: family:1, type:2, protocol:0
[ 1022.270246] firmadyne: sys_socket[PID: 628 (xmldbc)]: family:1, type:2, protocol:0
[ 1037.845040] firmadyne: sys_socket[PID: 629 (xmldbc)]: family:1, type:2, protocol:0
[ 1037.904604] firmadyne: sys_socket[PID: 630 (xmldbc)]: family:1, type:2, protocol:0
[ 1037.962663] firmadyne: sys_socket[PID: 631 (xmldbc)]: family:1, type:2, protocol:0
[ 1038.020835] firmadyne: sys_socket[PID: 632 (xmldbc)]: family:1, type:2, protocol:0
[ 1050.281111] firmadyne: sys_socket[PID: 633 (xmldbc)]: family:1, type:2, protocol:0
[ 1050.340738] firmadyne: sys_socket[PID: 634 (xmldbc)]: family:1, type:2, protocol:0
[ 1050.399978] firmadyne: sys_socket[PID: 635 (xmldbc)]: family:1, type:2, protocol:0
[ 1050.458763] firmadyne: sys_socket[PID: 636 (xmldbc)]: family:1, type:2, protocol:0
[ 1070.738702] firmadyne: sys_socket[PID: 637 (xmldbc)]: family:1, type:2, protocol:0
[ 1070.799171] firmadyne: sys_socket[PID: 638 (xmldbc)]: family:1, type:2, protocol:0
[ 1070.861345] firmadyne: sys_socket[PID: 639 (xmldbc)]: family:1, type:2, protocol:0
[ 1070.920098] firmadyne: sys_socket[PID: 640 (xmldbc)]: family:1, type:2, protocol:0
[ 1094.600466] firmadyne: sys_socket[PID: 641 (xmldbc)]: family:1, type:2, protocol:0
[ 1094.660056] firmadyne: sys_socket[PID: 642 (xmldbc)]: family:1, type:2, protocol:0
[ 1094.719032] firmadyne: sys_socket[PID: 643 (xmldbc)]: family:1, type:2, protocol:0
[ 1094.857259] firmadyne: sys_socket[PID: 647 (xmldbc)]: family:1, type:2, protocol:0
[ 1103.018660] firmadyne: sys_socket[PID: 648 (xmldbc)]: family:1, type:2, protocol:0
[ 1103.084219] firmadyne: sys_socket[PID: 649 (xmldbc)]: family:1, type:2, protocol:0
[ 1103.143501] firmadyne: sys_socket[PID: 650 (xmldbc)]: family:1, type:2, protocol:0
[ 1103.201956] firmadyne: sys_socket[PID: 651 (xmldbc)]: family:1, type:2, protocol:0
[ 1128.753845] firmadyne: sys_socket[PID: 652 (xmldbc)]: family:1, type:2, protocol:0
[ 1128.813027] firmadyne: sys_socket[PID: 653 (xmldbc)]: family:1, type:2, protocol:0
[ 1128.871928] firmadyne: sys_socket[PID: 654 (xmldbc)]: family:1, type:2, protocol:0
[ 1128.926038] firmadyne: sys_socket[PID: 655 (xmldbc)]: family:1, type:2, protocol:0
[ 1128.983839] firmadyne: sys_socket[PID: 656 (xmldbc)]: family:1, type:2, protocol:0
[ 1145.718193] firmadyne: sys_socket[PID: 657 (xmldbc)]: family:1, type:2, protocol:0
[ 1145.777956] firmadyne: sys_socket[PID: 658 (xmldbc)]: family:1, type:2, protocol:0
[ 1145.836838] firmadyne: sys_socket[PID: 659 (xmldbc)]: family:1, type:2, protocol:0
[ 1145.895856] firmadyne: sys_socket[PID: 660 (xmldbc)]: family:1, type:2, protocol:0
[ 1167.519014] firmadyne: sys_socket[PID: 661 (xmldbc)]: family:1, type:2, protocol:0
[ 1167.580518] firmadyne: sys_socket[PID: 662 (xmldbc)]: family:1, type:2, protocol:0
[ 1167.639075] firmadyne: sys_socket[PID: 663 (xmldbc)]: family:1, type:2, protocol:0
[ 1167.698885] firmadyne: sys_socket[PID: 664 (xmldbc)]: family:1, type:2, protocol:0
[ 1193.362187] firmadyne: sys_socket[PID: 665 (xmldbc)]: family:1, type:2, protocol:0
[ 1193.500101] firmadyne: sys_socket[PID: 669 (xmldbc)]: family:1, type:2, protocol:0
[ 1193.558743] firmadyne: sys_socket[PID: 670 (xmldbc)]: family:1, type:2, protocol:0
[ 1193.616960] firmadyne: sys_socket[PID: 671 (xmldbc)]: family:1, type:2, protocol:0
[ 1211.589873] firmadyne: sys_socket[PID: 672 (xmldbc)]: family:1, type:2, protocol:0
[ 1211.648678] firmadyne: sys_socket[PID: 673 (xmldbc)]: family:1, type:2, protocol:0
[ 1211.708143] firmadyne: sys_socket[PID: 674 (xmldbc)]: family:1, type:2, protocol:0
[ 1231.993844] firmadyne: sys_socket[PID: 675 (xmldbc)]: family:1, type:2, protocol:0
[ 1232.049305] firmadyne: sys_socket[PID: 676 (xmldbc)]: family:1, type:2, protocol:0
[ 1232.109723] firmadyne: sys_socket[PID: 677 (xmldbc)]: family:1, type:2, protocol:0
[ 1232.168612] firmadyne: sys_socket[PID: 678 (xmldbc)]: family:1, type:2, protocol:0
[ 1232.227306] firmadyne: sys_socket[PID: 679 (xmldbc)]: family:1, type:2, protocol:0
[ 1255.060941] firmadyne: sys_socket[PID: 680 (xmldbc)]: family:1, type:2, protocol:0
[ 1255.122129] firmadyne: sys_socket[PID: 681 (xmldbc)]: family:1, type:2, protocol:0
[ 1255.180843] firmadyne: sys_socket[PID: 682 (xmldbc)]: family:1, type:2, protocol:0
[ 1255.239487] firmadyne: sys_socket[PID: 683 (xmldbc)]: family:1, type:2, protocol:0
[ 1276.048062] firmadyne: sys_socket[PID: 684 (xmldbc)]: family:1, type:2, protocol:0
[ 1276.108885] firmadyne: sys_socket[PID: 685 (xmldbc)]: family:1, type:2, protocol:0
[ 1276.167708] firmadyne: sys_socket[PID: 686 (xmldbc)]: family:1, type:2, protocol:0
[ 1276.226830] firmadyne: sys_socket[PID: 687 (xmldbc)]: family:1, type:2, protocol:0
[ 1296.511750] firmadyne: sys_socket[PID: 691 (xmldbc)]: family:1, type:2, protocol:0
[ 1296.570057] firmadyne: sys_socket[PID: 692 (xmldbc)]: family:1, type:2, protocol:0
[ 1296.627046] firmadyne: sys_socket[PID: 693 (xmldbc)]: family:1, type:2, protocol:0
[ 1296.685281] firmadyne: sys_socket[PID: 694 (xmldbc)]: family:1, type:2, protocol:0
[ 1296.743639] firmadyne: sys_socket[PID: 695 (xmldbc)]: family:1, type:2, protocol:0
[ 1320.411166] firmadyne: sys_socket[PID: 696 (xmldbc)]: family:1, type:2, protocol:0
[ 1320.470837] firmadyne: sys_socket[PID: 697 (xmldbc)]: family:1, type:2, protocol:0
[ 1320.529466] firmadyne: sys_socket[PID: 698 (xmldbc)]: family:1, type:2, protocol:0
[ 1320.587720] firmadyne: sys_socket[PID: 699 (xmldbc)]: family:1, type:2, protocol:0
[ 1340.571358] firmadyne: sys_socket[PID: 700 (xmldbc)]: family:1, type:2, protocol:0
[ 1340.631784] firmadyne: sys_socket[PID: 701 (xmldbc)]: family:1, type:2, protocol:0
[ 1340.690729] firmadyne: sys_socket[PID: 702 (xmldbc)]: family:1, type:2, protocol:0
[ 1340.744689] firmadyne: sys_socket[PID: 703 (xmldbc)]: family:1, type:2, protocol:0
[ 1340.802715] firmadyne: sys_socket[PID: 704 (xmldbc)]: family:1, type:2, protocol:0
[ 1340.855691] firmadyne: sys_socket[PID: 705 (xmldbc)]: family:1, type:2, protocol:0
[ 1361.039136] firmadyne: sys_socket[PID: 706 (xmldbc)]: family:1, type:2, protocol:0
[ 1361.101591] firmadyne: sys_socket[PID: 707 (xmldbc)]: family:1, type:2, protocol:0
[ 1361.155416] firmadyne: sys_socket[PID: 708 (xmldbc)]: family:1, type:2, protocol:0
[ 1361.213852] firmadyne: sys_socket[PID: 709 (xmldbc)]: family:1, type:2, protocol:0
[ 1361.351818] firmadyne: sys_socket[PID: 713 (xmldbc)]: family:1, type:2, protocol:0
[ 1386.953331] firmadyne: sys_socket[PID: 714 (xmldbc)]: family:1, type:2, protocol:0
[ 1387.012965] firmadyne: sys_socket[PID: 715 (xmldbc)]: family:1, type:2, protocol:0
[ 1387.071588] firmadyne: sys_socket[PID: 716 (xmldbc)]: family:1, type:2, protocol:0
[ 1387.130368] firmadyne: sys_socket[PID: 717 (xmldbc)]: family:1, type:2, protocol:0
[ 1407.035291] firmadyne: sys_socket[PID: 718 (xmldbc)]: family:1, type:2, protocol:0
[ 1407.094861] firmadyne: sys_socket[PID: 719 (xmldbc)]: family:1, type:2, protocol:0
[ 1407.154011] firmadyne: sys_socket[PID: 720 (xmldbc)]: family:1, type:2, protocol:0
[ 1407.212585] firmadyne: sys_socket[PID: 721 (xmldbc)]: family:1, type:2, protocol:0
[ 1407.266536] firmadyne: sys_socket[PID: 722 (xmldbc)]: family:1, type:2, protocol:0
[ 1407.345956] firmadyne: sys_socket[PID: 723 (xmldbc)]: family:1, type:2, protocol:0
[ 1407.431848] firmadyne: sys_socket[PID: 724 (xmldbc)]: family:1, type:2, protocol:0
[ 1407.491019] firmadyne: sys_socket[PID: 725 (xmldbc)]: family:1, type:2, protocol:0
[ 1407.550609] firmadyne: sys_socket[PID: 726 (xmldbc)]: family:1, type:2, protocol:0
[ 1407.609351] firmadyne: sys_socket[PID: 727 (xmldbc)]: family:1, type:2, protocol:0
[ 1407.667516] firmadyne: sys_socket[PID: 728 (xmldbc)]: family:1, type:2, protocol:0
[ 1407.725317] firmadyne: sys_socket[PID: 729 (xmldbc)]: family:1, type:2, protocol:0
[ 1407.785627] firmadyne: sys_socket[PID: 730 (xmldbc)]: family:1, type:2, protocol:0
[ 1407.844446] firmadyne: sys_socket[PID: 731 (xmldbc)]: family:1, type:2, protocol:0
[ 1407.991031] firmadyne: sys_socket[PID: 735 (xmldbc)]: family:1, type:2, protocol:0
[ 1408.049717] firmadyne: sys_socket[PID: 736 (xmldbc)]: family:1, type:2, protocol:0
[ 1408.108398] firmadyne: sys_socket[PID: 737 (xmldbc)]: family:1, type:2, protocol:0
[ 1408.166005] firmadyne: sys_socket[PID: 738 (xmldbc)]: family:1, type:2, protocol:0
[ 1408.224828] firmadyne: sys_socket[PID: 739 (xmldbc)]: family:1, type:2, protocol:0
[ 1408.282905] firmadyne: sys_socket[PID: 740 (xmldbc)]: family:1, type:2, protocol:0
[ 1408.341119] firmadyne: sys_socket[PID: 741 (xmldbc)]: family:1, type:2, protocol:0
[ 1408.399614] firmadyne: sys_socket[PID: 742 (xmldbc)]: family:1, type:2, protocol:0
[ 1408.461089] firmadyne: sys_socket[PID: 743 (xmldbc)]: family:1, type:2, protocol:0
[ 1408.520865] firmadyne: sys_socket[PID: 744 (xmldbc)]: family:1, type:2, protocol:0
[ 1408.579584] firmadyne: sys_socket[PID: 745 (xmldbc)]: family:1, type:2, protocol:0
[ 1408.637637] firmadyne: sys_socket[PID: 746 (xmldbc)]: family:1, type:2, protocol:0
[ 1408.696084] firmadyne: sys_socket[PID: 747 (xmldbc)]: family:1, type:2, protocol:0
[ 1408.753858] firmadyne: sys_socket[PID: 748 (xmldbc)]: family:1, type:2, protocol:0
[ 1408.811589] firmadyne: sys_socket[PID: 749 (xmldbc)]: family:1, type:2, protocol:0
[ 1408.869500] firmadyne: sys_socket[PID: 750 (xmldbc)]: family:1, type:2, protocol:0
[ 1408.927868] firmadyne: sys_socket[PID: 751 (xmldbc)]: family:1, type:2, protocol:0
[ 1408.986356] firmadyne: sys_socket[PID: 752 (xmldbc)]: family:1, type:2, protocol:0
[ 1409.046676] firmadyne: sys_socket[PID: 753 (xmldbc)]: family:1, type:2, protocol:0
[ 1409.183924] firmadyne: sys_socket[PID: 757 (xmldbc)]: family:1, type:2, protocol:0
[ 1409.241746] firmadyne: sys_socket[PID: 758 (xmldbc)]: family:1, type:2, protocol:0
[ 1409.299630] firmadyne: sys_socket[PID: 759 (xmldbc)]: family:1, type:2, protocol:0
[ 1409.358801] firmadyne: sys_socket[PID: 760 (xmldbc)]: family:1, type:2, protocol:0
[ 1409.416825] firmadyne: sys_socket[PID: 761 (xmldbc)]: family:1, type:2, protocol:0
[ 1409.475884] firmadyne: sys_socket[PID: 762 (xmldbc)]: family:1, type:2, protocol:0
[ 1409.534121] firmadyne: sys_socket[PID: 763 (xmldbc)]: family:1, type:2, protocol:0
[ 1409.591585] firmadyne: sys_socket[PID: 764 (xmldbc)]: family:1, type:2, protocol:0
[ 1409.649818] firmadyne: sys_socket[PID: 765 (xmldbc)]: family:1, type:2, protocol:0
[ 1409.707094] firmadyne: sys_socket[PID: 766 (xmldbc)]: family:1, type:2, protocol:0
[ 1409.765802] firmadyne: sys_socket[PID: 767 (xmldbc)]: family:1, type:2, protocol:0
[ 1409.823812] firmadyne: sys_socket[PID: 768 (xmldbc)]: family:1, type:2, protocol:0
[ 1409.881730] firmadyne: sys_socket[PID: 769 (xmldbc)]: family:1, type:2, protocol:0
[ 1409.940041] firmadyne: sys_socket[PID: 770 (xmldbc)]: family:1, type:2, protocol:0
[ 1409.997705] firmadyne: sys_socket[PID: 771 (xmldbc)]: family:1, type:2, protocol:0
[ 1410.055621] firmadyne: sys_socket[PID: 772 (xmldbc)]: family:1, type:2, protocol:0
[ 1410.113506] firmadyne: sys_socket[PID: 773 (xmldbc)]: family:1, type:2, protocol:0
[ 1410.171328] firmadyne: sys_socket[PID: 774 (xmldbc)]: family:1, type:2, protocol:0
[ 1410.229260] firmadyne: sys_socket[PID: 775 (xmldbc)]: family:1, type:2, protocol:0
[ 1410.364995] firmadyne: sys_socket[PID: 779 (xmldbc)]: family:1, type:2, protocol:0
[ 1410.423153] firmadyne: sys_socket[PID: 780 (xmldbc)]: family:1, type:2, protocol:0
[ 1410.482775] firmadyne: sys_socket[PID: 781 (xmldbc)]: family:1, type:2, protocol:0
[ 1410.541316] firmadyne: sys_socket[PID: 782 (xmldbc)]: family:1, type:2, protocol:0
[ 1410.599379] firmadyne: sys_socket[PID: 783 (xmldbc)]: family:1, type:2, protocol:0
[ 1410.656812] firmadyne: sys_socket[PID: 784 (xmldbc)]: family:1, type:2, protocol:0
[ 1410.713975] firmadyne: sys_socket[PID: 785 (xmldbc)]: family:1, type:2, protocol:0
[ 1410.772080] firmadyne: sys_socket[PID: 786 (xmldbc)]: family:1, type:2, protocol:0
[ 1410.830323] firmadyne: sys_socket[PID: 787 (xmldbc)]: family:1, type:2, protocol:0
[ 1410.888608] firmadyne: sys_socket[PID: 788 (xmldbc)]: family:1, type:2, protocol:0
[ 1410.946800] firmadyne: sys_socket[PID: 789 (xmldbc)]: family:1, type:2, protocol:0
[ 1411.004767] firmadyne: sys_socket[PID: 790 (xmldbc)]: family:1, type:2, protocol:0
[ 1411.063240] firmadyne: sys_socket[PID: 791 (xmldbc)]: family:1, type:2, protocol:0
[ 1411.120860] firmadyne: sys_socket[PID: 792 (xmldbc)]: family:1, type:2, protocol:0
[ 1411.178822] firmadyne: sys_socket[PID: 793 (xmldbc)]: family:1, type:2, protocol:0
[ 1411.236617] firmadyne: sys_socket[PID: 794 (xmldbc)]: family:1, type:2, protocol:0
[ 1411.294371] firmadyne: sys_socket[PID: 795 (xmldbc)]: family:1, type:2, protocol:0
[ 1411.352853] firmadyne: sys_socket[PID: 796 (xmldbc)]: family:1, type:2, protocol:0
[ 1411.410659] firmadyne: sys_socket[PID: 797 (xmldbc)]: family:1, type:2, protocol:0
[ 1411.548643] firmadyne: sys_socket[PID: 801 (xmldbc)]: family:1, type:2, protocol:0
[ 1411.605984] firmadyne: sys_socket[PID: 802 (xmldbc)]: family:1, type:2, protocol:0
[ 1411.663362] firmadyne: sys_socket[PID: 803 (xmldbc)]: family:1, type:2, protocol:0
[ 1411.720787] firmadyne: sys_socket[PID: 804 (xmldbc)]: family:1, type:2, protocol:0
[ 1411.781868] firmadyne: sys_socket[PID: 805 (xmldbc)]: family:1, type:2, protocol:0
[ 1411.840954] firmadyne: sys_socket[PID: 806 (xmldbc)]: family:1, type:2, protocol:0
[ 1411.902411] firmadyne: sys_socket[PID: 807 (xmldbc)]: family:1, type:2, protocol:0
[ 1411.961493] firmadyne: sys_socket[PID: 808 (xmldbc)]: family:1, type:2, protocol:0
[ 1412.020015] firmadyne: sys_socket[PID: 809 (xmldbc)]: family:1, type:2, protocol:0
[ 1412.078080] firmadyne: sys_socket[PID: 810 (xmldbc)]: family:1, type:2, protocol:0
[ 1412.136849] firmadyne: sys_socket[PID: 811 (xmldbc)]: family:1, type:2, protocol:0
[ 1412.195620] firmadyne: sys_socket[PID: 812 (xmldbc)]: family:1, type:2, protocol:0
[ 1412.254330] firmadyne: sys_socket[PID: 813 (xmldbc)]: family:1, type:2, protocol:0
[ 1412.312208] firmadyne: sys_socket[PID: 814 (xmldbc)]: family:1, type:2, protocol:0
[ 1412.370067] firmadyne: sys_socket[PID: 815 (xmldbc)]: family:1, type:2, protocol:0
[ 1412.428398] firmadyne: sys_socket[PID: 816 (xmldbc)]: family:1, type:2, protocol:0
[ 1412.489693] firmadyne: sys_socket[PID: 817 (xmldbc)]: family:1, type:2, protocol:0
[ 1412.547868] firmadyne: sys_socket[PID: 818 (xmldbc)]: family:1, type:2, protocol:0
[ 1412.606026] firmadyne: sys_socket[PID: 819 (xmldbc)]: family:1, type:2, protocol:0
[ 1412.742864] firmadyne: sys_socket[PID: 823 (xmldbc)]: family:1, type:2, protocol:0
[ 1412.801264] firmadyne: sys_socket[PID: 824 (xmldbc)]: family:1, type:2, protocol:0
[ 1412.859200] firmadyne: sys_socket[PID: 825 (xmldbc)]: family:1, type:2, protocol:0
[ 1412.917239] firmadyne: sys_socket[PID: 826 (xmldbc)]: family:1, type:2, protocol:0
[ 1412.975144] firmadyne: sys_socket[PID: 827 (xmldbc)]: family:1, type:2, protocol:0
[ 1413.034114] firmadyne: sys_socket[PID: 828 (xmldbc)]: family:1, type:2, protocol:0
[ 1413.091653] firmadyne: sys_socket[PID: 829 (xmldbc)]: family:1, type:2, protocol:0
[ 1413.149997] firmadyne: sys_socket[PID: 830 (xmldbc)]: family:1, type:2, protocol:0
[ 1413.207601] firmadyne: sys_socket[PID: 831 (xmldbc)]: family:1, type:2, protocol:0
[ 1413.265641] firmadyne: sys_socket[PID: 832 (xmldbc)]: family:1, type:2, protocol:0
[ 1413.323740] firmadyne: sys_socket[PID: 833 (xmldbc)]: family:1, type:2, protocol:0
[ 1413.382103] firmadyne: sys_socket[PID: 834 (xmldbc)]: family:1, type:2, protocol:0
[ 1413.440919] firmadyne: sys_socket[PID: 835 (xmldbc)]: family:1, type:2, protocol:0
[ 1413.505663] firmadyne: sys_socket[PID: 836 (xmldbc)]: family:1, type:2, protocol:0
[ 1413.564884] firmadyne: sys_socket[PID: 837 (xmldbc)]: family:1, type:2, protocol:0
[ 1413.622810] firmadyne: sys_socket[PID: 838 (xmldbc)]: family:1, type:2, protocol:0
[ 1413.680200] firmadyne: sys_socket[PID: 839 (xmldbc)]: family:1, type:2, protocol:0
[ 1413.738250] firmadyne: sys_socket[PID: 840 (xmldbc)]: family:1, type:2, protocol:0
[ 1413.797484] firmadyne: sys_socket[PID: 841 (xmldbc)]: family:1, type:2, protocol:0
[ 1413.933127] firmadyne: sys_socket[PID: 845 (xmldbc)]: family:1, type:2, protocol:0
[ 1413.991035] firmadyne: sys_socket[PID: 846 (xmldbc)]: family:1, type:2, protocol:0
[ 1414.049159] firmadyne: sys_socket[PID: 847 (xmldbc)]: family:1, type:2, protocol:0
[ 1414.107247] firmadyne: sys_socket[PID: 848 (xmldbc)]: family:1, type:2, protocol:0
[ 1414.165723] firmadyne: sys_socket[PID: 849 (xmldbc)]: family:1, type:2, protocol:0
[ 1414.223281] firmadyne: sys_socket[PID: 850 (xmldbc)]: family:1, type:2, protocol:0
[ 1414.280999] firmadyne: sys_socket[PID: 851 (xmldbc)]: family:1, type:2, protocol:0
[ 1414.338779] firmadyne: sys_socket[PID: 852 (xmldbc)]: family:1, type:2, protocol:0
[ 1414.396665] firmadyne: sys_socket[PID: 853 (xmldbc)]: family:1, type:2, protocol:0
[ 1414.453956] firmadyne: sys_socket[PID: 854 (xmldbc)]: family:1, type:2, protocol:0
[ 1414.513549] firmadyne: sys_socket[PID: 855 (xmldbc)]: family:1, type:2, protocol:0
[ 1414.571419] firmadyne: sys_socket[PID: 856 (xmldbc)]: family:1, type:2, protocol:0
[ 1414.629110] firmadyne: sys_socket[PID: 857 (xmldbc)]: family:1, type:2, protocol:0
[ 1414.687336] firmadyne: sys_socket[PID: 858 (xmldbc)]: family:1, type:2, protocol:0
[ 1414.745653] firmadyne: sys_socket[PID: 859 (xmldbc)]: family:1, type:2, protocol:0
[ 1414.804035] firmadyne: sys_socket[PID: 860 (xmldbc)]: family:1, type:2, protocol:0
[ 1414.861790] firmadyne: sys_socket[PID: 861 (xmldbc)]: family:1, type:2, protocol:0
[ 1414.919546] firmadyne: sys_socket[PID: 862 (xmldbc)]: family:1, type:2, protocol:0
[ 1414.977498] firmadyne: sys_socket[PID: 863 (xmldbc)]: family:1, type:2, protocol:0
[ 1415.114864] firmadyne: sys_socket[PID: 867 (xmldbc)]: family:1, type:2, protocol:0
[ 1415.172972] firmadyne: sys_socket[PID: 868 (xmldbc)]: family:1, type:2, protocol:0
[ 1415.230718] firmadyne: sys_socket[PID: 869 (xmldbc)]: family:1, type:2, protocol:0
[ 1415.288849] firmadyne: sys_socket[PID: 870 (xmldbc)]: family:1, type:2, protocol:0
[ 1415.347277] firmadyne: sys_socket[PID: 871 (xmldbc)]: family:1, type:2, protocol:0
[ 1415.405517] firmadyne: sys_socket[PID: 872 (xmldbc)]: family:1, type:2, protocol:0
[ 1415.463527] firmadyne: sys_socket[PID: 873 (xmldbc)]: family:1, type:2, protocol:0
[ 1415.524464] firmadyne: sys_socket[PID: 874 (xmldbc)]: family:1, type:2, protocol:0
[ 1415.582517] firmadyne: sys_socket[PID: 875 (xmldbc)]: family:1, type:2, protocol:0
[ 1415.640790] firmadyne: sys_socket[PID: 876 (xmldbc)]: family:1, type:2, protocol:0
[ 1415.699054] firmadyne: sys_socket[PID: 877 (xmldbc)]: family:1, type:2, protocol:0
[ 1415.759039] firmadyne: sys_socket[PID: 878 (xmldbc)]: family:1, type:2, protocol:0
[ 1415.818440] firmadyne: sys_socket[PID: 879 (xmldbc)]: family:1, type:2, protocol:0
[ 1415.877681] firmadyne: sys_socket[PID: 880 (xmldbc)]: family:1, type:2, protocol:0
[ 1415.935709] firmadyne: sys_socket[PID: 881 (xmldbc)]: family:1, type:2, protocol:0
[ 1415.993783] firmadyne: sys_socket[PID: 882 (xmldbc)]: family:1, type:2, protocol:0
[ 1416.052704] firmadyne: sys_socket[PID: 883 (xmldbc)]: family:1, type:2, protocol:0
[ 1416.111562] firmadyne: sys_socket[PID: 884 (xmldbc)]: family:1, type:2, protocol:0
[ 1416.170352] firmadyne: sys_socket[PID: 885 (xmldbc)]: family:1, type:2, protocol:0
[ 1416.307595] firmadyne: sys_socket[PID: 889 (xmldbc)]: family:1, type:2, protocol:0
[ 1416.365685] firmadyne: sys_socket[PID: 890 (xmldbc)]: family:1, type:2, protocol:0
[ 1416.423446] firmadyne: sys_socket[PID: 891 (xmldbc)]: family:1, type:2, protocol:0
[ 1416.481217] firmadyne: sys_socket[PID: 892 (xmldbc)]: family:1, type:2, protocol:0
[ 1416.540988] firmadyne: sys_socket[PID: 893 (xmldbc)]: family:1, type:2, protocol:0
[ 1416.599028] firmadyne: sys_socket[PID: 894 (xmldbc)]: family:1, type:2, protocol:0
[ 1416.657250] firmadyne: sys_socket[PID: 895 (xmldbc)]: family:1, type:2, protocol:0
[ 1416.715380] firmadyne: sys_socket[PID: 896 (xmldbc)]: family:1, type:2, protocol:0
[ 1416.773767] firmadyne: sys_socket[PID: 897 (xmldbc)]: family:1, type:2, protocol:0
[ 1416.831979] firmadyne: sys_socket[PID: 898 (xmldbc)]: family:1, type:2, protocol:0
[ 1416.889846] firmadyne: sys_socket[PID: 899 (xmldbc)]: family:1, type:2, protocol:0
[ 1416.947949] firmadyne: sys_socket[PID: 900 (xmldbc)]: family:1, type:2, protocol:0
[ 1417.011266] firmadyne: sys_socket[PID: 901 (xmldbc)]: family:1, type:2, protocol:0
[ 1417.071868] firmadyne: sys_socket[PID: 902 (xmldbc)]: family:1, type:2, protocol:0
[ 1417.125652] firmadyne: sys_socket[PID: 903 (xmldbc)]: family:1, type:2, protocol:0
[ 1417.182516] firmadyne: sys_socket[PID: 904 (xmldbc)]: family:1, type:2, protocol:0
[ 1417.240838] firmadyne: sys_socket[PID: 905 (xmldbc)]: family:1, type:2, protocol:0
[ 1417.299311] firmadyne: sys_socket[PID: 906 (xmldbc)]: family:1, type:2, protocol:0
[ 1417.357781] firmadyne: sys_socket[PID: 907 (xmldbc)]: family:1, type:2, protocol:0
[ 1417.489262] firmadyne: sys_socket[PID: 911 (xmldbc)]: family:1, type:2, protocol:0
[ 1417.549969] firmadyne: sys_socket[PID: 912 (xmldbc)]: family:1, type:2, protocol:0
[ 1417.607959] firmadyne: sys_socket[PID: 913 (xmldbc)]: family:1, type:2, protocol:0
[ 1417.666362] firmadyne: sys_socket[PID: 914 (xmldbc)]: family:1, type:2, protocol:0
[ 1417.724689] firmadyne: sys_socket[PID: 915 (xmldbc)]: family:1, type:2, protocol:0
[ 1417.785380] firmadyne: sys_socket[PID: 916 (xmldbc)]: family:1, type:2, protocol:0
[ 1417.843458] firmadyne: sys_socket[PID: 917 (xmldbc)]: family:1, type:2, protocol:0
[ 1417.901411] firmadyne: sys_socket[PID: 918 (xmldbc)]: family:1, type:2, protocol:0
[ 1417.959520] firmadyne: sys_socket[PID: 919 (xmldbc)]: family:1, type:2, protocol:0
[ 1418.018096] firmadyne: sys_socket[PID: 920 (xmldbc)]: family:1, type:2, protocol:0
[ 1418.076550] firmadyne: sys_socket[PID: 921 (xmldbc)]: family:1, type:2, protocol:0
[ 1418.129779] firmadyne: sys_socket[PID: 922 (xmldbc)]: family:1, type:2, protocol:0
[ 1418.187070] firmadyne: sys_socket[PID: 923 (xmldbc)]: family:1, type:2, protocol:0
[ 1418.240473] firmadyne: sys_socket[PID: 924 (xmldbc)]: family:1, type:2, protocol:0
[ 1418.298303] firmadyne: sys_socket[PID: 925 (xmldbc)]: family:1, type:2, protocol:0
[ 1418.356800] firmadyne: sys_socket[PID: 926 (xmldbc)]: family:1, type:2, protocol:0
[ 1418.414985] firmadyne: sys_socket[PID: 927 (xmldbc)]: family:1, type:2, protocol:0
[ 1418.473266] firmadyne: sys_socket[PID: 928 (xmldbc)]: family:1, type:2, protocol:0
[ 1418.534268] firmadyne: sys_socket[PID: 929 (xmldbc)]: family:1, type:2, protocol:0
[ 1418.717894] firmadyne: sys_socket[PID: 934 (xmldbc)]: family:1, type:2, protocol:0
[ 1418.776445] firmadyne: sys_socket[PID: 935 (xmldbc)]: family:1, type:2, protocol:0
[ 1418.834361] firmadyne: sys_socket[PID: 936 (xmldbc)]: family:1, type:2, protocol:0
[ 1418.892671] firmadyne: sys_socket[PID: 937 (xmldbc)]: family:1, type:2, protocol:0
[ 1418.950323] firmadyne: sys_socket[PID: 938 (xmldbc)]: family:1, type:2, protocol:0
[ 1419.008788] firmadyne: sys_socket[PID: 939 (xmldbc)]: family:1, type:2, protocol:0
[ 1419.145973] firmadyne: sys_socket[PID: 943 (xmldbc)]: family:1, type:2, protocol:0
[ 1419.204191] firmadyne: sys_socket[PID: 944 (xmldbc)]: family:1, type:2, protocol:0
[ 1419.262615] firmadyne: sys_socket[PID: 945 (xmldbc)]: family:1, type:2, protocol:0
[ 1419.320853] firmadyne: sys_socket[PID: 946 (xmldbc)]: family:1, type:2, protocol:0
[ 1419.378282] firmadyne: sys_socket[PID: 947 (xmldbc)]: family:1, type:2, protocol:0
[ 1419.435913] firmadyne: sys_socket[PID: 948 (xmldbc)]: family:1, type:2, protocol:0
[ 1419.613622] firmadyne: sys_socket[PID: 953 (xmldbc)]: family:1, type:2, protocol:0
[ 1419.750156] firmadyne: sys_socket[PID: 957 (xmldbc)]: family:1, type:2, protocol:0
[ 1419.888886] firmadyne: sys_socket[PID: 961 (xmldbc)]: family:1, type:2, protocol:0
[ 1420.024585] firmadyne: sys_socket[PID: 965 (xmldbc)]: family:1, type:2, protocol:0
[ 1420.159886] firmadyne: sys_socket[PID: 969 (xmldbc)]: family:1, type:2, protocol:0
[ 1420.295074] firmadyne: sys_socket[PID: 973 (xmldbc)]: family:1, type:2, protocol:0
[ 1420.430372] firmadyne: sys_socket[PID: 977 (xmldbc)]: family:1, type:2, protocol:0
[ 1420.567222] firmadyne: sys_socket[PID: 981 (xmldbc)]: family:1, type:2, protocol:0
[ 1420.703679] firmadyne: sys_socket[PID: 985 (xmldbc)]: family:1, type:2, protocol:0
[ 1420.839902] firmadyne: sys_socket[PID: 989 (xmldbc)]: family:1, type:2, protocol:0
[ 1420.976815] firmadyne: sys_socket[PID: 993 (xmldbc)]: family:1, type:2, protocol:0
[ 1421.113743] firmadyne: sys_socket[PID: 997 (xmldbc)]: family:1, type:2, protocol:0
[ 1421.249399] firmadyne: sys_socket[PID: 1001 (xmldbc)]: family:1, type:2, protocol:0
[ 1421.384485] firmadyne: sys_socket[PID: 1005 (xmldbc)]: family:1, type:2, protocol:0
[ 1421.519919] firmadyne: sys_socket[PID: 1009 (xmldbc)]: family:1, type:2, protocol:0
[ 1421.653576] firmadyne: sys_socket[PID: 1013 (xmldbc)]: family:1, type:2, protocol:0
[ 1421.790273] firmadyne: sys_socket[PID: 1017 (xmldbc)]: family:1, type:2, protocol:0
[ 1421.925962] firmadyne: sys_socket[PID: 1021 (xmldbc)]: family:1, type:2, protocol:0
[ 1422.062180] firmadyne: sys_socket[PID: 1025 (xmldbc)]: family:1, type:2, protocol:0
[ 1422.198065] firmadyne: sys_socket[PID: 1029 (xmldbc)]: family:1, type:2, protocol:0
[ 1422.332992] firmadyne: sys_socket[PID: 1033 (xmldbc)]: family:1, type:2, protocol:0
[ 1422.469035] firmadyne: sys_socket[PID: 1037 (xmldbc)]: family:1, type:2, protocol:0
[ 1422.602064] firmadyne: sys_socket[PID: 1041 (xmldbc)]: family:1, type:2, protocol:0
[ 1422.737540] firmadyne: sys_socket[PID: 1045 (xmldbc)]: family:1, type:2, protocol:0
[ 1422.877196] firmadyne: sys_socket[PID: 1049 (xmldbc)]: family:1, type:2, protocol:0
[ 1423.013349] firmadyne: sys_socket[PID: 1053 (xmldbc)]: family:1, type:2, protocol:0
[ 1423.149836] firmadyne: sys_socket[PID: 1057 (xmldbc)]: family:1, type:2, protocol:0
[ 1423.285008] firmadyne: sys_socket[PID: 1061 (xmldbc)]: family:1, type:2, protocol:0
[ 1423.420608] firmadyne: sys_socket[PID: 1065 (xmldbc)]: family:1, type:2, protocol:0
[ 1423.560500] firmadyne: sys_socket[PID: 1069 (xmldbc)]: family:1, type:2, protocol:0
[ 1423.697511] firmadyne: sys_socket[PID: 1073 (xmldbc)]: family:1, type:2, protocol:0
[ 1423.836690] firmadyne: sys_socket[PID: 1077 (xmldbc)]: family:1, type:2, protocol:0
[ 1423.973226] firmadyne: sys_socket[PID: 1081 (xmldbc)]: family:1, type:2, protocol:0
[ 1424.031658] firmadyne: sys_socket[PID: 1082 (xmldbc)]: family:1, type:2, protocol:0
[ 1424.089292] firmadyne: sys_socket[PID: 1083 (xmldbc)]: family:1, type:2, protocol:0
[ 1424.146938] firmadyne: sys_socket[PID: 1084 (xmldbc)]: family:1, type:2, protocol:0
[ 1424.204663] firmadyne: sys_socket[PID: 1085 (xmldbc)]: family:1, type:2, protocol:0
[ 1424.262472] firmadyne: sys_socket[PID: 1086 (xmldbc)]: family:1, type:2, protocol:0
[ 1424.321428] firmadyne: sys_socket[PID: 1087 (xmldbc)]: family:1, type:2, protocol:0
[ 1424.380634] firmadyne: sys_socket[PID: 1088 (xmldbc)]: family:1, type:2, protocol:0
[ 1424.439420] firmadyne: sys_socket[PID: 1089 (xmldbc)]: family:1, type:2, protocol:0
PHP [/etc/defnodes/S11setnodes.php] ...
[ 1424.558553] firmadyne: sys_socket[PID: 1092 (rgdb)]: family:1, type:2, protocol:0
PHP [/etc/defnodes/S12features.php] ...
[ 1425.407953] firmadyne: sys_socket[PID: 1105 (rgdb)]: family:1, type:2, protocol:0
PHP [/etc/defnodes/S13flashspeed.php] ...
[ 1425.537765] firmadyne: sys_socket[PID: 1108 (rgdb)]: family:1, type:2, protocol:0
PHP [/etc/defnodes/S20setnodes.php] ...
[ 1425.793384] firmadyne: sys_socket[PID: 1113 (rgdb)]: family:1, type:2, protocol:0
[ 1426.249696] UDF-fs: warning (device mtdblock4): udf_fill_super: No partition found (2)
mount: mounting /dev/mtdblock/4 on /www/locale/alt failed: Invalid argument
PHP [/etc/defnodes/S40brand.php] ...
[ 1426.360640] firmadyne: sys_socket[PID: 1125 (rgdb)]: family:1, type:2, protocol:0
[/etc/scripts/misc/defnodes.sh] Done !!
[/etc/scripts/misc/profile.sh] put ...
[ 1427.031142] firmadyne: sys_socket[PID: 1133 (rgdb)]: family:1, type:2, protocol:0
ok
[ 1428.035030] firmadyne: sys_socket[PID: 1139 (rgdb)]: family:1, type:2, protocol:0
[ 1428.110608] firmadyne: sys_socket[PID: 1141 (rgdb)]: family:1, type:2, protocol:0
[/etc/templates/timezone.sh] ...
[ 1428.284116] firmadyne: sys_socket[PID: 1146 (rgdb)]: family:1, type:2, protocol:0
[ 1428.475336] firmadyne: sys_socket[PID: 1151 (rgdb)]: family:1, type:2, protocol:0
[ 1432.475367] firmadyne: sys_socket[PID: 1155 (rgdb)]: family:1, type:2, protocol:0
[ 1432.554411] firmadyne: sys_socket[PID: 1157 (rgdb)]: family:1, type:2, protocol:0
[ 1432.633380] firmadyne: sys_socket[PID: 1159 (rgdb)]: family:1, type:2, protocol:0
[ 1432.715472] firmadyne: sys_socket[PID: 1161 (rgdb)]: family:1, type:2, protocol:0
[ 1432.799181] firmadyne: sys_socket[PID: 1163 (rgdb)]: family:1, type:2, protocol:0
[ 1432.884171] firmadyne: sys_socket[PID: 1165 (rgdb)]: family:1, type:2, protocol:0
[ 1432.968043] firmadyne: sys_socket[PID: 1167 (rgdb)]: family:1, type:2, protocol:0
[ 1433.053178] firmadyne: sys_socket[PID: 1169 (rgdb)]: family:1, type:2, protocol:0
[ 1433.137250] firmadyne: sys_socket[PID: 1171 (rgdb)]: family:1, type:2, protocol:0
[ 1433.222334] firmadyne: sys_socket[PID: 1173 (rgdb)]: family:1, type:2, protocol:0
[ 1433.306749] firmadyne: sys_socket[PID: 1175 (rgdb)]: family:1, type:2, protocol:0
[/etc/templates/logs.sh] ...
[ 1434.286971] firmadyne: sys_socket[PID: 1203 (rgdb)]: family:1, type:2, protocol:0
[ 1434.386626] firmadyne: sys_socket[PID: 1205 (rgdb)]: family:1, type:2, protocol:0
[/var/run/logs_run.sh] ...
[ 1434.989525] firmadyne: sys_socket[PID: 1210 (syslogd)]: family:1, type:1, protocol:0
[ 1435.151295] firmadyne: sys_socket[PID: 1215 (rgdb)]: family:1, type:2, protocol:0
[ 1435.360614] firmadyne: sys_socket[PID: 1219 (ifconfig)]: family:2, type:1, protocol:0
[ 1435.430890] 8021q: adding VLAN 0 to HW filter on device eth0
[ 1435.483061] e1000: eth0 NIC Link is Up 1000 Mbps Full Duplex, Flow Control: RX
[ 1438.623973] firmadyne: sys_socket[PID: 1221 (rgdb)]: family:1, type:2, protocol:0
[ 1438.956133] firmadyne: sys_socket[PID: 1233 (rgdb)]: family:1, type:2, protocol:0
[ 1439.144428] firmadyne: sys_socket[PID: 1239 (rgdb)]: family:1, type:2, protocol:0
[ 1439.169657] firmadyne: sys_socket[PID: 1240 (ifconfig)]: family:2, type:1, protocol:0
[ 1439.171868] firmadyne: __inet_insert_ifa[PID: 1240 (ifconfig)]: device:lo ifa:0x7f000001
[ 1439.229710] firmadyne: sys_socket[PID: 1241 (brctl)]: family:2, type:2, protocol:0
[ 1439.335502] firmadyne: sys_socket[PID: 1244 (brctl)]: family:2, type:2, protocol:0
[ 1439.338927] firmadyne: sys_socket[PID: 1244 (brctl)]: family:10, type:1, protocol:0
[ 1439.394216] firmadyne: sys_socket[PID: 1245 (brctl)]: family:2, type:2, protocol:0
[ 1439.398230] firmadyne: sys_socket[PID: 1245 (brctl)]: family:10, type:1, protocol:0
[/etc/init.d/S03config.sh] done!
[/etc/init.d/S10system.sh]
start Layout ...
[/etc/scripts/layout.sh] start ...
[ 1439.780946] firmadyne: sys_socket[PID: 1255 (rgdb)]: family:1, type:2, protocol:0
[ 1439.920908] firmadyne: sys_socket[PID: 1256 (rgdb)]: family:1, type:2, protocol:0
[/var/run/layout_start.sh] ...
Start bridge layout ...
[ 1440.082300] firmadyne: sys_socket[PID: 1260 (ifconfig)]: family:2, type:1, protocol:0
[ 1440.130962] firmadyne: sys_socket[PID: 1261 (brctl)]: family:2, type:2, protocol:0
[ 1440.135002] firmadyne: sys_socket[PID: 1261 (brctl)]: family:10, type:1, protocol:0
[ 1440.138647] firmadyne: sys_socket[PID: 1261 (brctl)]: family:10, type:1, protocol:0
[ 1440.140592] firmadyne: br_add_if[PID: 1261 (brctl)]: br:br0 dev:eth0
[ 1440.146940] device eth0 entered promiscuous mode
[ 1440.242600] firmadyne: sys_socket[PID: 1264 (xmldbc)]: family:1, type:2, protocol:0
[ 1440.330939] firmadyne: sys_socket[PID: 1267 (ifconfig)]: family:2, type:1, protocol:0
[ 1440.333727] br0: port 1(eth0) entered forwarding state
[ 1440.334682] br0: port 1(eth0) entered forwarding state
[ 1440.387483] firmadyne: sys_socket[PID: 1268 (rgdb)]: family:1, type:2, protocol:0
start LAN ...
[/etc/templates/lan.sh] ...
[ 1440.554379] firmadyne: sys_socket[PID: 1273 (rgdb)]: family:1, type:2, protocol:0
[ 1440.709087] firmadyne: sys_socket[PID: 1276 (rgdb)]: family:1, type:2, protocol:0
[ 1440.823642] firmadyne: sys_socket[PID: 1277 (rgdb)]: family:1, type:2, protocol:0
[/var/run/lan_start.sh] ...
Bridge mode selected, LAN is disabled !
start web server ...
[/etc/templates/webs.sh] start ...
[ 1441.126328] firmadyne: sys_socket[PID: 1285 (rgdb)]: family:1, type:2, protocol:0
[ 1441.215069] firmadyne: sys_socket[PID: 1287 (rgdb)]: family:1, type:2, protocol:0
[ 1441.365547] firmadyne: sys_socket[PID: 1290 (rgdb)]: family:1, type:2, protocol:0
[ 1441.528816] firmadyne: sys_socket[PID: 1291 (rgdb)]: family:1, type:2, protocol:0
[/var/run/webs_start.sh] ...
Starting HTTPD ...
start eth0 vlan setup ...
/etc/scripts/eth_vlan.sh: not found
[ 1441.952038] firmadyne: sys_socket[PID: 1301 (rgdb)]: family:1, type:2, protocol:0
[ 1441.981615] firmadyne: sys_socket[PID: 1302 (rgdb)]: family:1, type:2, protocol:0
[ 1442.195828] firmadyne: sys_socket[PID: 1303 (rgdb)]: family:1, type:2, protocol:0
#!/bin/sh
echo [$0] ... > /dev/console

# limitedadmin.php <<<

limitedadmin.sh...
[ 1442.506099] firmadyne: sys_socket[PID: 1307 (brctl)]: family:2, type:2, protocol:0
[ 1442.513228] firmadyne: sys_socket[PID: 1307 (brctl)]: family:10, type:1, protocol:0
[ 1442.614887] firmadyne: sys_socket[PID: 1308 (brctl)]: family:2, type:2, protocol:0
[ 1442.622302] firmadyne: sys_socket[PID: 1308 (brctl)]: family:10, type:1, protocol:0
[ 1442.731048] firmadyne: sys_socket[PID: 1309 (brctl)]: family:2, type:2, protocol:0
[ 1442.738442] firmadyne: sys_socket[PID: 1309 (brctl)]: family:10, type:1, protocol:0
[ 1442.845868] firmadyne: sys_socket[PID: 1310 (brctl)]: family:2, type:2, protocol:0
[ 1442.853398] firmadyne: sys_socket[PID: 1310 (brctl)]: family:10, type:1, protocol:0
[ 1442.959857] firmadyne: sys_socket[PID: 1311 (brctl)]: family:2, type:2, protocol:0
[ 1442.967127] firmadyne: sys_socket[PID: 1311 (brctl)]: family:10, type:1, protocol:0
[ 1443.077757] firmadyne: sys_socket[PID: 1312 (brctl)]: family:2, type:2, protocol:0
[ 1443.085170] firmadyne: sys_socket[PID: 1312 (brctl)]: family:10, type:1, protocol:0
start fresetd ...
enable LAN ports ...
[ 1443.340894] firmadyne: sys_socket[PID: 1314 (servd)]: family:1, type:2, protocol:0
Factory reset time : 5 secs
System reset time  : 1 secs
WPS command : [/etc/templates/wps.sh pbc &]
[ 1443.437279] firmadyne: sys_socket[PID: 1305 (httpd)]: family:10, type:2, protocol:6
[ 1443.438540] firmadyne: sys_setsockopt[PID: 1305 (httpd)]: fd:4, level:65535, optname:4
/dev/gpio: No such device or address
[ 1443.533242] firmadyne: sys_socket[PID: 1317 (fresetd)]: family:1, type:1, protocol:0
[/etc/scripts/enlan.sh] ...
 Generate channel table according to the country code...
[ 1443.643265] firmadyne: sys_socket[PID: 1326 (httpd)]: family:1, type:1, protocol:0
[ 1443.715979] firmadyne: sys_socket[PID: 1331 (genchanneltable)]: family:1, type:2, protocol:0
[ 1443.731633] firmadyne: sys_socket[PID: 1331 (genchanneltable)]: family:1, type:2, protocol:0
[ 1443.739262] firmadyne: sys_socket[PID: 1331 (genchanneltable)]: family:1, type:2, protocol:0
[ 1443.745814] firmadyne: sys_socket[PID: 1330 (getsys)]: family:1, type:2, protocol:0
UNKNOW country code!! Use USA for default!!
[ 1443.868592] firmadyne: sys_socket[PID: 1331 (genchanneltable)]: family:1, type:2, protocol:0
[ 1443.873190] firmadyne: sys_socket[PID: 1330 (getsys)]: family:1, type:2, protocol:0
[ 1443.879563] firmadyne: sys_socket[PID: 1331 (genchanneltable)]: family:1, type:2, protocol:0
[ 1443.883715] firmadyne: sys_socket[PID: 1330 (getsys)]: family:1, type:2, protocol:0
[ 1443.890562] firmadyne: sys_socket[PID: 1331 (genchanneltable)]: family:1, type:2, protocol:0
[ 1443.895322] firmadyne: sys_socket[PID: 1330 (getsys)]: family:1, type:2, protocol:0
[ 1443.901737] firmadyne: sys_socket[PID: 1331 (genchanneltable)]: family:1, type:2, protocol:0
[ 1443.906509] firmadyne: sys_socket[PID: 1330 (getsys)]: family:1, type:2, protocol:0
[ 1443.912894] firmadyne: sys_socket[PID: 1331 (genchanneltable)]: family:1, type:2, protocol:0
[ 1443.917040] firmadyne: sys_socket[PID: 1330 (getsys)]: family:1, type:2, protocol:0
[ 1443.923493] firmadyne: sys_socket[PID: 1331 (genchanneltable)]: family:1, type:2, protocol:0
[ 1443.927637] firmadyne: sys_socket[PID: 1330 (getsys)]: family:1, type:2, protocol:0
[ 1443.934646] firmadyne: sys_socket[PID: 1331 (genchanneltable)]: family:1, type:2, protocol:0
[ 1443.939381] firmadyne: sys_socket[PID: 1330 (getsys)]: family:1, type:2, protocol:0
[ 1443.945889] firmadyne: sys_socket[PID: 1331 (genchanneltable)]: family:1, type:2, protocol:0
[ 1443.951482] firmadyne: sys_socket[PID: 1330 (getsys)]: family:1, type:2, protocol:0
[ 1443.958514] firmadyne: sys_socket[PID: 1331 (genchanneltable)]: family:1, type:2, protocol:0
[ 1443.963404] firmadyne: sys_socket[PID: 1330 (getsys)]: family:1, type:2, protocol:0
[ 1443.970167] firmadyne: sys_socket[PID: 1331 (genchanneltable)]: family:1, type:2, protocol:0
[ 1443.975015] firmadyne: sys_socket[PID: 1330 (getsys)]: family:1, type:2, protocol:0
[ 1443.981917] firmadyne: sys_socket[PID: 1331 (genchanneltable)]: family:1, type:2, protocol:0
[ 1443.986781] firmadyne: sys_socket[PID: 1330 (getsys)]: family:1, type:2, protocol:0
[ 1443.993652] firmadyne: sys_socket[PID: 1331 (genchanneltable)]: family:1, type:2, protocol:0
[ 1443.998741] firmadyne: sys_socket[PID: 1330 (getsys)]: family:1, type:2, protocol:0
[ 1444.005533] firmadyne: sys_socket[PID: 1331 (genchanneltable)]: family:1, type:2, protocol:0
[ 1444.010514] firmadyne: sys_socket[PID: 1330 (getsys)]: family:1, type:2, protocol:0
[ 1444.017492] firmadyne: sys_socket[PID: 1331 (genchanneltable)]: family:1, type:2, protocol:0
[ 1444.022458] firmadyne: sys_socket[PID: 1330 (getsys)]: family:1, type:2, protocol:0
[ 1444.030121] firmadyne: sys_socket[PID: 1331 (genchanneltable)]: family:1, type:2, protocol:0
[ 1444.034945] firmadyne: sys_socket[PID: 1330 (getsys)]: family:1, type:2, protocol:0
[ 1444.041756] firmadyne: sys_socket[PID: 1331 (genchanneltable)]: family:1, type:2, protocol:0
[ 1444.046723] firmadyne: sys_socket[PID: 1330 (getsys)]: family:1, type:2, protocol:0
[ 1444.053504] firmadyne: sys_socket[PID: 1331 (genchanneltable)]: family:1, type:2, protocol:0
[ 1444.062091] firmadyne: sys_socket[PID: 1330 (getsys)]: family:1, type:2, protocol:0
[ 1444.068755] firmadyne: sys_socket[PID: 1331 (genchanneltable)]: family:1, type:2, protocol:0
[ 1444.079550] firmadyne: sys_socket[PID: 1331 (genchanneltable)]: family:1, type:2, protocol:0
[ 1444.090892] firmadyne: sys_socket[PID: 1331 (genchanneltable)]: family:1, type:2, protocol:0
[ 1444.097876] firmadyne: sys_socket[PID: 1331 (genchanneltable)]: family:1, type:2, protocol:0
[ 1444.107436] firmadyne: sys_socket[PID: 1331 (genchanneltable)]: family:1, type:2, protocol:0
[ 1444.113707] firmadyne: sys_socket[PID: 1331 (genchanneltable)]: family:1, type:2, protocol:0
[ 1444.123583] firmadyne: sys_socket[PID: 1331 (genchanneltable)]: family:1, type:2, protocol:0
[ 1444.133831] firmadyne: sys_socket[PID: 1331 (genchanneltable)]: family:1, type:2, protocol:0
[ 1444.141910] firmadyne: sys_socket[PID: 1331 (genchanneltable)]: family:1, type:2, protocol:0
[ 1444.148850] firmadyne: sys_socket[PID: 1331 (genchanneltable)]: family:1, type:2, protocol:0
[ 1444.158529] firmadyne: sys_socket[PID: 1331 (genchanneltable)]: family:1, type:2, protocol:0
[ 1444.170543] firmadyne: sys_socket[PID: 1331 (genchanneltable)]: family:1, type:2, protocol:0
/dev/gpio: No such device or address
 Generate VLAN table according to the port...
[ 1444.253957] firmadyne: sys_socket[PID: 1339 (genVLANTableByP)]: family:1, type:2, protocol:0
[ 1444.261234] firmadyne: sys_socket[PID: 1339 (genVLANTableByP)]: family:1, type:2, protocol:0
[ 1444.266757] firmadyne: sys_socket[PID: 1339 (genVLANTableByP)]: family:1, type:2, protocol:0
[ 1444.272580] firmadyne: sys_socket[PID: 1339 (genVLANTableByP)]: family:1, type:2, protocol:0
[ 1444.277892] firmadyne: sys_socket[PID: 1339 (genVLANTableByP)]: family:1, type:2, protocol:0
[ 1444.283276] firmadyne: sys_socket[PID: 1339 (genVLANTableByP)]: family:1, type:2, protocol:0
[ 1444.290185] firmadyne: sys_socket[PID: 1339 (genVLANTableByP)]: family:1, type:2, protocol:0
[ 1444.295912] firmadyne: sys_socket[PID: 1339 (genVLANTableByP)]: family:1, type:2, protocol:0
[ 1444.302450] firmadyne: sys_socket[PID: 1339 (genVLANTableByP)]: family:1, type:2, protocol:0
[ 1444.307961] firmadyne: sys_socket[PID: 1339 (genVLANTableByP)]: family:1, type:2, protocol:0
[ 1444.314453] firmadyne: sys_socket[PID: 1339 (genVLANTableByP)]: family:1, type:2, protocol:0
[ 1444.319960] firmadyne: sys_socket[PID: 1339 (genVLANTableByP)]: family:1, type:2, protocol:0
[ 1444.326424] firmadyne: sys_socket[PID: 1339 (genVLANTableByP)]: family:1, type:2, protocol:0
[ 1444.331918] firmadyne: sys_socket[PID: 1339 (genVLANTableByP)]: family:1, type:2, protocol:0
[ 1444.338489] firmadyne: sys_socket[PID: 1339 (genVLANTableByP)]: family:1, type:2, protocol:0
[ 1444.343964] firmadyne: sys_socket[PID: 1339 (genVLANTableByP)]: family:1, type:2, protocol:0
[ 1444.350437] firmadyne: sys_socket[PID: 1339 (genVLANTableByP)]: family:1, type:2, protocol:0
[ 1444.356955] firmadyne: sys_socket[PID: 1339 (genVLANTableByP)]: family:1, type:2, protocol:0
[ 1444.362436] firmadyne: sys_socket[PID: 1339 (genVLANTableByP)]: family:1, type:2, protocol:0
[ 1444.367882] firmadyne: sys_socket[PID: 1339 (genVLANTableByP)]: family:1, type:2, protocol:0
[ 1444.374336] firmadyne: sys_socket[PID: 1339 (genVLANTableByP)]: family:1, type:2, protocol:0
