[    0.000000] Linux version 4.1.17+ (alessio@pc) (gcc version 5.5.0 20171010 (Ubuntu 5.5.0-12ubuntu1) ) #1 Mon May 15 23:04:08 CEST 2023
[    0.000000] earlycon: Early serial console at I/O port 0x3f8 (options '38400n8')
[    0.000000] bootconsole [uart0] enabled
[    0.000000] CPU0 revision is: 00019300 (MIPS 24Kc)
[    0.000000] FPU revision is: 00739300
[    0.000000] Software DMA cache coherency enabled
[    0.000000] Determined physical RAM map:
[    0.000000]  memory: 00001000 @ 00000000 (reserved)
[    0.000000]  memory: 000ef000 @ 00001000 (ROM data)
[    0.000000]  memory: 00798000 @ 000f0000 (reserved)
[    0.000000]  memory: 0f777000 @ 00888000 (usable)
[    0.000000] debug: ignoring loglevel setting.
[    0.000000] Wasting 69888 bytes for tracking 2184 unused pages
[    0.000000] Initrd not found or empty - disabling initrd
[    0.000000] Zone ranges:
[    0.000000]   DMA      [mem 0x0000000000000000-0x0000000000ffffff]
[    0.000000]   Normal   [mem 0x0000000001000000-0x000000000fffefff]
[    0.000000] Movable zone start for each node
[    0.000000] Early memory node ranges
[    0.000000]   node   0: [mem 0x0000000000000000-0x000000000fffefff]
[    0.000000] Initmem setup node 0 [mem 0x0000000000000000-0x000000000fffefff]
[    0.000000] On node 0 totalpages: 65535
[    0.000000] free_area_init_node: node 0, pgdat 8081d5b0, node_mem_map 81000000
[    0.000000]   DMA zone: 32 pages used for memmap
[    0.000000]   DMA zone: 0 pages reserved
[    0.000000]   DMA zone: 4096 pages, LIFO batch:0
[    0.000000]   Normal zone: 480 pages used for memmap
[    0.000000]   Normal zone: 61439 pages, LIFO batch:15
[    0.000000] Primary instruction cache 2kB, VIPT, 2-way, linesize 16 bytes.
[    0.000000] Primary data cache 2kB, 2-way, VIPT, no aliases, linesize 16 bytes
[    0.000000] pcpu-alloc: s0 r0 d32768 u32768 alloc=1*32768
[    0.000000] pcpu-alloc: [0] 0 
[    0.000000] Built 1 zonelists in Zone order, mobility grouping on.  Total pages: 65023
[    0.000000] Kernel command line: root=/dev/sda1 console=ttyS0 nandsim.parts=64,64,64,64,64,64,64,64,64,64 rdinit=/firmadyne/preInit.sh rw debug ignore_loglevel print-fatal-signals=1 FIRMAE_NET=true FIRMAE_NVRAM=true FIRMAE_KERNEL=true FIRMAE_ETC=true user_debug=0 firmadyne.syscall=1 noka
[    0.000000] found FIRMAE_KERNEL=t
[    0.000000] set the LD_PRELOAD=/firmadyne/libnvram_ioctl.so
[    0.000000] PID hash table entries: 1024 (order: 0, 4096 bytes)
[    0.000000] Dentry cache hash table entries: 32768 (order: 5, 131072 bytes)
[    0.000000] Inode-cache hash table entries: 16384 (order: 4, 65536 bytes)
[    0.000000] Writing ErrCtl register=00000000
[    0.000000] Readback ErrCtl register=00000000
[    0.000000] Memory: 251112K/262140K available (5360K kernel code, 244K rwdata, 1676K rodata, 260K init, 158K bss, 11028K reserved, 0K cma-reserved)
[    0.000000] NR_IRQS:256
[    0.000000] CPU frequency 200.01 MHz
[    0.000000] clocksource MIPS: mask: 0xffffffff max_cycles: 0xffffffff, max_idle_ns: 19112072195 ns
[    0.000215] sched_clock: 32 bits at 100MHz, resolution 9ns, wraps every 21474238459ns
[    0.016386] Console: colour dummy device 80x25
[    0.017511] Calibrating delay loop... 24.12 BogoMIPS (lpj=48256)
[    0.069481] pid_max: default: 32768 minimum: 301
[    0.074342] Mount-cache hash table entries: 1024 (order: 0, 4096 bytes)
[    0.074875] Mountpoint-cache hash table entries: 1024 (order: 0, 4096 bytes)
[    0.143401] clocksource jiffies: mask: 0xffffffff max_cycles: 0xffffffff, max_idle_ns: 7645041785100000 ns
[    0.154843] NET: Registered protocol family 16
[    0.453543] clocksource pit: mask: 0xffffffff max_cycles: 0xffffffff, max_idle_ns: 1601818034827 ns
[    0.617254] vgaarb: loaded
[    0.623298] SCSI subsystem initialized
[    0.625942] libata version 3.00 loaded.
[    0.630544] usbcore: registered new interface driver usbfs
[    0.632073] usbcore: registered new interface driver hub
[    0.633461] usbcore: registered new device driver usb
[    0.636238] pps_core: LinuxPPS API ver. 1 registered
[    0.636647] pps_core: Software ver. 5.3.6 - Copyright 2005-2007 Rodolfo Giometti <giometti@linux.it>
[    0.637822] PTP clock support registered
[    0.643021] PCI host bridge to bus 0000:00
[    0.643786] pci_bus 0000:00: root bus resource [mem 0x10000000-0x17ffffff]
[    0.644412] pci_bus 0000:00: root bus resource [io  0x1000-0x1fffff]
[    0.645023] pci_bus 0000:00: root bus resource [??? 0x00000000 flags 0x0]
[    0.645643] pci_bus 0000:00: No busn resource found for root bus, will use [bus 00-ff]
[    0.647114] pci 0000:00:00.0: [11ab:4620] type 00 class 0x060000
[    0.648077] pci 0000:00:00.0: [Firmware Bug]: reg 0x14: invalid BAR (can't size)
[    0.648717] pci 0000:00:00.0: [Firmware Bug]: reg 0x18: invalid BAR (can't size)
[    0.649333] pci 0000:00:00.0: [Firmware Bug]: reg 0x1c: invalid BAR (can't size)
[    0.650083] pci 0000:00:00.0: [Firmware Bug]: reg 0x20: invalid BAR (can't size)
[    0.650694] pci 0000:00:00.0: [Firmware Bug]: reg 0x24: invalid BAR (can't size)
[    0.654940] pci 0000:00:0a.0: [8086:7110] type 00 class 0x060100
[    0.658666] pci 0000:00:0a.1: [8086:7111] type 00 class 0x010180
[    0.659463] pci 0000:00:0a.1: reg 0x20: [io  0x0000-0x000f]
[    0.660081] pci 0000:00:0a.1: legacy IDE quirk: reg 0x10: [io  0x01f0-0x01f7]
[    0.660663] pci 0000:00:0a.1: legacy IDE quirk: reg 0x14: [io  0x03f6]
[    0.661244] pci 0000:00:0a.1: legacy IDE quirk: reg 0x18: [io  0x0170-0x0177]
[    0.661830] pci 0000:00:0a.1: legacy IDE quirk: reg 0x1c: [io  0x0376]
[    0.665321] pci 0000:00:0a.2: [8086:7112] type 00 class 0x0c0300
[    0.666023] pci 0000:00:0a.2: reg 0x20: [io  0x0000-0x001f]
[    0.669492] pci 0000:00:0a.3: [8086:7113] type 00 class 0x068000
[    0.671103] pci 0000:00:0a.3: quirk: [io  0x1000-0x103f] claimed by PIIX4 ACPI
[    0.671745] pci 0000:00:0a.3: quirk: [io  0x1100-0x110f] claimed by PIIX4 SMB
[    0.675151] pci 0000:00:12.0: [1013:00b8] type 00 class 0x030000
[    0.675784] pci 0000:00:12.0: reg 0x10: [mem 0x00000000-0x01ffffff pref]
[    0.676376] pci 0000:00:12.0: reg 0x14: [mem 0x00000000-0x00000fff]
[    0.677039] pci 0000:00:12.0: reg 0x30: [mem 0x00000000-0x0000ffff pref]
[    0.679933] vgaarb: device added: PCI:0000:00:12.0,decodes=io+mem,owns=none,locks=none
[    0.681212] pci 0000:00:13.0: [8086:100e] type 00 class 0x020000
[    0.681839] pci 0000:00:13.0: reg 0x10: [mem 0x00000000-0x0001ffff]
[    0.682403] pci 0000:00:13.0: reg 0x14: [io  0x0000-0x003f]
[    0.683186] pci 0000:00:13.0: reg 0x30: [mem 0x00000000-0x0003ffff pref]
[    0.686313] pci 0000:00:14.0: [8086:100e] type 00 class 0x020000
[    0.686931] pci 0000:00:14.0: reg 0x10: [mem 0x00000000-0x0001ffff]
[    0.687695] pci 0000:00:14.0: reg 0x14: [io  0x0000-0x003f]
[    0.688333] pci 0000:00:14.0: reg 0x30: [mem 0x00000000-0x0003ffff pref]
[    0.691757] pci 0000:00:15.0: [8086:100e] type 00 class 0x020000
[    0.692370] pci 0000:00:15.0: reg 0x10: [mem 0x00000000-0x0001ffff]
[    0.692935] pci 0000:00:15.0: reg 0x14: [io  0x0000-0x003f]
[    0.693558] pci 0000:00:15.0: reg 0x30: [mem 0x00000000-0x0003ffff pref]
[    0.697620] pci 0000:00:16.0: [8086:100e] type 00 class 0x020000
[    0.698276] pci 0000:00:16.0: reg 0x10: [mem 0x00000000-0x0001ffff]
[    0.698870] pci 0000:00:16.0: reg 0x14: [io  0x0000-0x003f]
[    0.699527] pci 0000:00:16.0: reg 0x30: [mem 0x00000000-0x0003ffff pref]
[    0.703085] pci_bus 0000:00: busn_res: [bus 00-ff] end is updated to 00
[    0.704795] pci 0000:00:12.0: BAR 0: assigned [mem 0x10000000-0x11ffffff pref]
[    0.705567] pci 0000:00:13.0: BAR 6: assigned [mem 0x12000000-0x1203ffff pref]
[    0.706258] pci 0000:00:14.0: BAR 6: assigned [mem 0x12040000-0x1207ffff pref]
[    0.706905] pci 0000:00:15.0: BAR 6: assigned [mem 0x12080000-0x120bffff pref]
[    0.707553] pci 0000:00:16.0: BAR 6: assigned [mem 0x120c0000-0x120fffff pref]
[    0.708202] pci 0000:00:13.0: BAR 0: assigned [mem 0x12100000-0x1211ffff]
[    0.708990] pci 0000:00:14.0: BAR 0: assigned [mem 0x12120000-0x1213ffff]
[    0.709619] pci 0000:00:15.0: BAR 0: assigned [mem 0x12140000-0x1215ffff]
[    0.710264] pci 0000:00:16.0: BAR 0: assigned [mem 0x12160000-0x1217ffff]
[    0.710921] pci 0000:00:12.0: BAR 6: assigned [mem 0x12180000-0x1218ffff pref]
[    0.711563] pci 0000:00:12.0: BAR 1: assigned [mem 0x12190000-0x12190fff]
[    0.712206] pci 0000:00:13.0: BAR 1: assigned [io  0x1040-0x107f]
[    0.712980] pci 0000:00:14.0: BAR 1: assigned [io  0x1080-0x10bf]
[    0.713579] pci 0000:00:15.0: BAR 1: assigned [io  0x10c0-0x10ff]
[    0.714171] pci 0000:00:16.0: BAR 1: assigned [io  0x1400-0x143f]
[    0.714758] pci 0000:00:0a.2: BAR 4: assigned [io  0x1440-0x145f]
[    0.715346] pci 0000:00:0a.1: BAR 4: assigned [io  0x1460-0x146f]
[    0.733846] cfg80211: Calling CRDA to update world regulatory domain
[    0.748102] Switched to clocksource MIPS
[    0.872842] NET: Registered protocol family 2
[    0.885975] TCP established hash table entries: 2048 (order: 1, 8192 bytes)
[    0.887227] TCP bind hash table entries: 2048 (order: 1, 8192 bytes)
[    0.888600] TCP: Hash tables configured (established 2048 bind 2048)
[    0.889793] UDP hash table entries: 256 (order: 0, 4096 bytes)
[    0.890548] UDP-Lite hash table entries: 256 (order: 0, 4096 bytes)
[    0.894865] NET: Registered protocol family 1
[    0.896766] PCI: Enabling device 0000:00:0a.2 (0000 -> 0001)
[    0.898334] PCI: CLS 0 bytes, default 16
[    0.933142] futex hash table entries: 256 (order: -1, 3072 bytes)
[    0.951134] squashfs: version 4.0 (2009/01/31) Phillip Lougher
[    0.953945] jffs2: version 2.2. (NAND) Â© 2001-2006 Red Hat, Inc.
[    0.957611] romfs: ROMFS MTD (C) 2007 Red Hat, Inc.
[    0.983874] Block layer SCSI generic (bsg) driver version 0.4 loaded (major 251)
[    0.984857] io scheduler noop registered
[    0.985644] io scheduler cfq registered (default)
[    0.986752] firmadyne: devfs: 1, execute: 1, procfs: 1, syscall: 1
[    0.993017] firmadyne: Cannot register character device: gpio, 0xfc, 0x0!
[    1.002074] firmadyne: Cannot register character device: watchdog, 0xa, 0x82!
[    1.002589] firmadyne: Cannot register character device: wdt, 0xfd, 0x0!
[    2.829154] strName = 4.1.17+
[    2.829154] init_task_addr  = 2155778944
[    2.829154] init_task_size  = 1296
[    2.829154] ts_tasks        = 292
[    2.829154] ts_pid          = 408
[    2.829154] ts_tgid         = 412
[    2.829154] ts_group_leader = 440
[    2.829154] ts_thread_group = 496
[    2.829154] ts_real_parent  = 416
[    2.829154] ts_mm           = 300
[    2.829154] ts_stack        = 4
[    2.831686] module_name   = 12
[    2.831686] module_size   = 208
[    2.831686] module_init   = 200
[    2.831686] module_list   = 4
[    2.832952] ts_real_cred    = 624
[    2.832952] ts_cred         = 628
[    2.832952] ts_comm         = 632
[    2.832952] cred_uid        = 4
[    2.832952] cred_gid        = 8
[    2.832952] cred_euid       = 20
[    2.832952] cred_egid       = 24
[    2.834622] mm_mmap         = 0
[    2.834622] mm_pgd          = 32
[    2.834622] mm_arg_start    = 136
[    2.834622] mm_start_brk    = 124
[    2.834622] mm_brk          = 128
[    2.834622] mm_start_stack  = 132
[    2.836094] vma_vm_start    = 0
[    2.836094] vma_vm_end      = 4
[    2.836094] vma_vm_next     = 8
[    2.836094] vma_vm_file     = 80
[    2.836094] vma_vm_flags    = 40
[    2.836094] vma_vm_pgoff    = 76
[    2.837666] file_dentry     = 12
[    2.837666] file_inode      = 40
[    2.837666] dentry_d_name   = 24
[    2.837666] dentry_d_iname  = 44
[    2.837666] dentry_d_parent = 16
[    2.837666] ti_task         = 0
[    2.837666] inode_ino   = 28
[    3.975792] proc_fork_connector  = 2151078840
[    3.976379] proc_exit_connector  = 2151080432
[    3.976747] proc_exec_connector  = 2151079052
[    3.977095] vma_link  = 2149124372
[    3.977394] vma_adjust  = 2149124540
[    3.977707] remove_vma  = 2149122188
[    3.978014] modules  = 2155833724
[    3.978311] trim_init_extable  = 2150545316
[    3.979668] cfg80211: Calling CRDA to update world regulatory domain
[    3.983449] PCI: Enabling device 0000:00:12.0 (0000 -> 0002)
[    3.984990] cirrusfb 0000:00:12.0: Cirrus Logic chipset on PCI bus, RAM (4096 kB) at 0x10000000
[    4.225489] Console: switching to colour frame buffer device 80x30
[    4.301876] Serial: 8250/16550 driver, 4 ports, IRQ sharing enabled
[    4.317333] console [ttyS0] disabled
[    4.344495] serial8250.0: ttyS0 at I/O 0x3f8 (irq = 4, base_baud = 115200) is a 16550A
[    4.345708] console [ttyS0] enabled
[    4.345708] console [ttyS0] enabled
[    4.346322] bootconsole [uart0] disabled
[    4.346322] bootconsole [uart0] disabled
[    4.376435] serial8250.0: ttyS1 at I/O 0x2f8 (irq = 3, base_baud = 115200) is a 16550A
[    4.511613] brd: module loaded
[    4.581212] loop: module loaded
[    4.588551] ata_piix 0000:00:0a.1: version 2.13
[    4.589169] PCI: Enabling device 0000:00:0a.1 (0000 -> 0001)
[    4.618107] scsi host0: ata_piix
[    4.624370] scsi host1: ata_piix
[    4.628590] ata1: PATA max UDMA/33 cmd 0x1f0 ctl 0x3f6 bmdma 0x1460 irq 14
[    4.629154] ata2: PATA max UDMA/33 cmd 0x170 ctl 0x376 bmdma 0x1468 irq 15
[    4.636699] [nandsim] warning: read_byte: unexpected data output cycle, state is STATE_READY return 0x0
[    4.637337] [nandsim] warning: read_byte: unexpected data output cycle, state is STATE_READY return 0x0
[    4.637959] [nandsim] warning: read_byte: unexpected data output cycle, state is STATE_READY return 0x0
[    4.638631] [nandsim] warning: read_byte: unexpected data output cycle, state is STATE_READY return 0x0
[    4.639287] [nandsim] warning: read_byte: unexpected data output cycle, state is STATE_READY return 0x0
[    4.639904] [nandsim] warning: read_byte: unexpected data output cycle, state is STATE_READY return 0x0
[    4.640939] nand: device found, Manufacturer ID: 0x98, Chip ID: 0x39
[    4.641414] nand: Toshiba NAND 128MiB 1,8V 8-bit
[    4.641855] nand: 128 MiB, SLC, erase size: 16 KiB, page size: 512, OOB size: 16
[    4.643677] flash size: 128 MiB
[    4.644001] page size: 512 bytes
[    4.644474] OOB area size: 16 bytes
[    4.644798] sector size: 16 KiB
[    4.645101] pages number: 262144
[    4.645393] pages per sector: 32
[    4.645700] bus width: 8
[    4.645944] bits in sector size: 14
[    4.646232] bits in page size: 9
[    4.646514] bits in OOB size: 4
[    4.646805] flash size with OOB: 135168 KiB
[    4.647126] page address bytes: 4
[    4.647407] sector address bytes: 3
[    4.647703] options: 0x42
[    4.741158] Scanning device for bad blocks
[    6.094334] ata2.01: NODEV after polling detection
[    6.096437] ata2.00: ATAPI: QEMU DVD-ROM, 2.5+, max UDMA/100
[    6.097982] ata1.01: NODEV after polling detection
[    6.099361] ata1.00: ATA-7: QEMU HARDDISK, 2.5+, max UDMA/100
[    6.099898] ata1.00: 2097152 sectors, multi 16: LBA48 
[    6.107489] ata2.00: configured for UDMA/33
[    6.111270] ata1.00: configured for UDMA/33
[    6.120545] scsi 0:0:0:0: Direct-Access     ATA      QEMU HARDDISK    2.5+ PQ: 0 ANSI: 5
[    6.138187] sd 0:0:0:0: [sda] 2097152 512-byte logical blocks: (1.07 GB/1.00 GiB)
[    6.139929] scsi 1:0:0:0: CD-ROM            QEMU     QEMU DVD-ROM     2.5+ PQ: 0 ANSI: 5
[    6.154582] sd 0:0:0:0: [sda] Write Protect is off
[    6.155147] sd 0:0:0:0: [sda] Mode Sense: 00 3a 00 00
[    6.157051] sd 0:0:0:0: [sda] Write cache: enabled, read cache: enabled, doesn't support DPO or FUA
[    6.169757]  sda: sda1
[    6.183546] sd 0:0:0:0: [sda] Attached SCSI disk
[    6.184318] Creating 11 MTD partitions on "NAND 128MiB 1,8V 8-bit":
[    6.185037] 0x000000000000-0x000000100000 : "NAND simulator partition 0"
[    6.197425] 0x000000100000-0x000000200000 : "NAND simulator partition 1"
[    6.209089] 0x000000200000-0x000000300000 : "NAND simulator partition 2"
[    6.221375] 0x000000300000-0x000000400000 : "NAND simulator partition 3"
[    6.233393] 0x000000400000-0x000000500000 : "NAND simulator partition 4"
[    6.245484] 0x000000500000-0x000000600000 : "NAND simulator partition 5"
[    6.257856] 0x000000600000-0x000000700000 : "NAND simulator partition 6"
[    6.270474] 0x000000700000-0x000000800000 : "NAND simulator partition 7"
[    6.283536] 0x000000800000-0x000000900000 : "NAND simulator partition 8"
[    6.295263] 0x000000900000-0x000000a00000 : "NAND simulator partition 9"
[    6.306969] 0x000000a00000-0x000008000000 : "NAND simulator partition 10"
[    6.358325] tun: Universal TUN/TAP device driver, 1.6
[    6.358737] tun: (C) 1999-2004 Max Krasnyansky <maxk@qualcomm.com>
[    6.362752] pcnet32: pcnet32.c:v1.35 21.Apr.2008 tsbogend@alpha.franken.de
[    6.364353] e1000: Intel(R) PRO/1000 Network Driver - version 7.3.21-k8-NAPI
[    6.364854] e1000: Copyright (c) 1999-2006 Intel Corporation.
[    6.365910] PCI: Enabling device 0000:00:13.0 (0000 -> 0003)
[    6.680502] e1000 0000:00:13.0 eth0: (PCI:33MHz:32-bit) 52:54:00:12:34:56
[    6.681267] e1000 0000:00:13.0 eth0: Intel(R) PRO/1000 Network Connection
[    6.682064] PCI: Enabling device 0000:00:14.0 (0000 -> 0003)
[    6.998465] e1000 0000:00:14.0 eth1: (PCI:33MHz:32-bit) 52:54:00:12:34:57
[    6.999179] e1000 0000:00:14.0 eth1: Intel(R) PRO/1000 Network Connection
[    7.000280] PCI: Enabling device 0000:00:15.0 (0000 -> 0003)
[    7.261506] cfg80211: Calling CRDA to update world regulatory domain
[    7.317476] e1000 0000:00:15.0 eth2: (PCI:33MHz:32-bit) 52:54:00:12:34:58
[    7.318101] e1000 0000:00:15.0 eth2: Intel(R) PRO/1000 Network Connection
[    7.318903] PCI: Enabling device 0000:00:16.0 (0000 -> 0003)
[    7.644606] e1000 0000:00:16.0 eth3: (PCI:33MHz:32-bit) 52:54:00:12:34:59
[    7.645231] e1000 0000:00:16.0 eth3: Intel(R) PRO/1000 Network Connection
[    7.646865] e1000e: Intel(R) PRO/1000 Network Driver - 2.3.2-k
[    7.647303] e1000e: Copyright(c) 1999 - 2014 Intel Corporation.
[    7.653075] PPP generic driver version 2.4.2
[    7.655702] PPP Deflate Compression module registered
[    7.656652] PPP MPPE Compression module registered
[    7.657139] NET: Registered protocol family 24
[    7.657997] ehci_hcd: USB 2.0 'Enhanced' Host Controller (EHCI) Driver
[    7.658613] ehci-pci: EHCI PCI platform driver
[    7.660227] ohci_hcd: USB 1.1 'Open' Host Controller (OHCI) Driver
[    7.660808] ohci-pci: OHCI PCI platform driver
[    7.662166] uhci_hcd: USB Universal Host Controller Interface driver
[    7.664220] uhci_hcd 0000:00:0a.2: UHCI Host Controller
[    7.665152] uhci_hcd 0000:00:0a.2: new USB bus registered, assigned bus number 1
[    7.666379] uhci_hcd 0000:00:0a.2: irq 11, io base 0x00001440
[    7.679989] hub 1-0:1.0: USB hub found
[    7.681188] hub 1-0:1.0: 2 ports detected
[    7.693227] usbcore: registered new interface driver usb-storage
[    7.698408] mousedev: PS/2 mouse device common for all mice
[    7.706105] rtc_cmos rtc_cmos: rtc core: registered rtc_cmos as rtc0
[    7.706996] rtc_cmos rtc_cmos: alarms up to one day, 242 bytes nvram
[    7.708875] i2c /dev entries driver
[    7.710364] piix4_smbus 0000:00:0a.3: SMBus Host Controller at 0x1100, revision 0
[    7.716048] sdhci: Secure Digital Host Controller Interface driver
[    7.716632] sdhci: Copyright(c) Pierre Ossman
[    7.719462] hidraw: raw HID events driver (C) Jiri Kosina
[    7.742522] usbcore: registered new interface driver usbhid
[    7.742937] usbhid: USB HID core driver
[    7.744362] Netfilter messages via NETLINK v0.30.
[    7.745971] nf_conntrack version 0.5.0 (3923 buckets, 15692 max)
[    7.750012] ctnetlink v0.93: registering with nfnetlink.
[    7.757058] ipip: IPv4 over IPv4 tunneling driver
[    7.772362] ip_tables: (C) 2000-2006 Netfilter Core Team
[    7.775717] arp_tables: (C) 2002 David S. Miller
[    7.778108] Initializing XFRM netlink socket
[    7.779554] NET: Registered protocol family 10
[    7.807136] ip6_tables: (C) 2000-2006 Netfilter Core Team
[    7.811795] sit: IPv6 over IPv4 tunneling driver
[    7.833085] NET: Registered protocol family 17
[    7.834183] bridge: automatic filtering via arp/ip/ip6tables has been deprecated. Update your scripts to load br_netfilter if you need this.
[    7.835470] Bridge firewalling registered
[    7.835985] Ebtables v2.0 registered
[    7.838786] 8021q: 802.1Q VLAN Support v1.8
[    7.866001] rtc_cmos rtc_cmos: setting system clock to 2025-07-23 04:35:23 UTC (1753245323)
[    7.895093] EXT2-fs (sda1): warning: mounting unchecked fs, running e2fsck is recommended
[    7.897746] VFS: Mounted root (ext2 filesystem) on device 8:1.
[    7.909294] Freeing YAMON memory: 956k freed
[    7.922350] Freeing unused kernel memory: 260K (8081f000 - 80860000)
[    7.958439] firmadyne: sys_reboot[PID: 1 (init)]: magic1:fee1dead, magic2:28121969, cmd:0
init started: BusyBox v1.14.1 (2024-07-07 02:43:58 CEST)
starting pid 48, tty '': '/etc/init.d/rcS'
[    8.061396] firmadyne: do_execve: /firmadyne/console
[    8.062081] OFFSETS: offset of pid: 0x198 offset of comm: 0x278
[/etc/init.d/S03config.sh]
Mounting proc and var ...
[   10.404604] cfg80211: Calling CRDA to update world regulatory domain
SymbLink /dev/mtdblock/0
SymbLink /dev/mtdblock/1
SymbLink /dev/mtdblock/10
SymbLink /dev/mtdblock/2
SymbLink /dev/mtdblock/3
SymbLink /dev/mtdblock/4
SymbLink /dev/mtdblock/5
[   13.549125] cfg80211: Calling CRDA to update world regulatory domain
SymbLink /dev/mtdblock/6
SymbLink /dev/mtdblock/7
SymbLink /dev/mtdblock/8
SymbLink /dev/mtdblock/9[   13.912569] spurious 8259A interrupt: IRQ7.

Inserting kernel modules ...
Inserting Rebootm ...
Inserting atheros ethernet ...
Inserting gpio ...
done.
Start xmldb ...
[   14.763806] firmadyne: sys_socket[PID: 147 (xmldb)]: family:1, type:2, protocol:0
[   15.760521] random: nonblocking pool is initialized
[/etc/scripts/misc/profile.sh] get ...
DEVCONF: unable to read config data (ret=-3) !
CAN NOT get devive config, generate default!
[/etc/scripts/misc/profile.sh] reset ...
[   16.305593] firmadyne: sys_socket[PID: 159 (rgdb)]: family:1, type:2, protocol:0
[/etc/scripts/misc/defnodes.sh] ...
[/etc/defnodes/S10setext.sh] ...
[   16.692515] cfg80211: Calling CRDA to update world regulatory domain
[   16.734259] firmadyne: sys_socket[PID: 165 (xmldbc)]: family:1, type:2, protocol:0
[   16.794875] firmadyne: sys_socket[PID: 167 (xmldbc)]: family:1, type:2, protocol:0
[   16.855293] firmadyne: sys_socket[PID: 168 (xmldbc)]: family:1, type:2, protocol:0
[   16.912764] firmadyne: sys_socket[PID: 169 (xmldbc)]: family:1, type:2, protocol:0
[   16.971652] firmadyne: sys_socket[PID: 170 (xmldbc)]: family:1, type:2, protocol:0
[   17.033858] firmadyne: sys_socket[PID: 171 (xmldbc)]: family:1, type:2, protocol:0
[   17.092663] firmadyne: sys_socket[PID: 172 (xmldbc)]: family:1, type:2, protocol:0
[   17.150575] firmadyne: sys_socket[PID: 173 (xmldbc)]: family:1, type:2, protocol:0
[   17.210298] firmadyne: sys_socket[PID: 174 (xmldbc)]: family:1, type:2, protocol:0
[   17.269183] firmadyne: sys_socket[PID: 175 (xmldbc)]: family:1, type:2, protocol:0
[   17.328542] firmadyne: sys_socket[PID: 176 (xmldbc)]: family:1, type:2, protocol:0
[   17.387269] firmadyne: sys_socket[PID: 177 (xmldbc)]: family:1, type:2, protocol:0
[   17.448187] firmadyne: sys_socket[PID: 178 (xmldbc)]: family:1, type:2, protocol:0
[   17.506435] firmadyne: sys_socket[PID: 179 (xmldbc)]: family:1, type:2, protocol:0
[   17.566612] firmadyne: sys_socket[PID: 180 (xmldbc)]: family:1, type:2, protocol:0
[   17.627710] firmadyne: sys_socket[PID: 181 (xmldbc)]: family:1, type:2, protocol:0
[   17.687221] firmadyne: sys_socket[PID: 182 (xmldbc)]: family:1, type:2, protocol:0
[   17.745667] firmadyne: sys_socket[PID: 183 (xmldbc)]: family:1, type:2, protocol:0
[   17.806784] firmadyne: sys_socket[PID: 184 (xmldbc)]: family:1, type:2, protocol:0
[   17.865439] firmadyne: sys_socket[PID: 185 (xmldbc)]: family:1, type:2, protocol:0
[   17.924900] firmadyne: sys_socket[PID: 186 (xmldbc)]: family:1, type:2, protocol:0
[   17.985694] firmadyne: sys_socket[PID: 187 (rgdb)]: family:1, type:2, protocol:0
[   18.051507] firmadyne: sys_socket[PID: 188 (rgdb)]: family:1, type:2, protocol:0
[   18.110897] firmadyne: sys_socket[PID: 189 (rgdb)]: family:1, type:2, protocol:0
[   18.169867] firmadyne: sys_socket[PID: 190 (rgdb)]: family:1, type:2, protocol:0
[   18.230762] firmadyne: sys_socket[PID: 191 (rgdb)]: family:1, type:2, protocol:0
[   18.290633] firmadyne: sys_socket[PID: 192 (rgdb)]: family:1, type:2, protocol:0
[   18.349996] firmadyne: sys_socket[PID: 193 (rgdb)]: family:1, type:2, protocol:0
[   18.410352] firmadyne: sys_socket[PID: 194 (rgdb)]: family:1, type:2, protocol:0
[   18.469426] firmadyne: sys_socket[PID: 195 (rgdb)]: family:1, type:2, protocol:0
[   18.528882] firmadyne: sys_socket[PID: 196 (rgdb)]: family:1, type:2, protocol:0
[   18.586478] firmadyne: sys_socket[PID: 197 (rgdb)]: family:1, type:2, protocol:0
[   18.650022] firmadyne: sys_socket[PID: 198 (rgdb)]: family:1, type:2, protocol:0
[   18.709346] firmadyne: sys_socket[PID: 199 (rgdb)]: family:1, type:2, protocol:0
[   18.767795] firmadyne: sys_socket[PID: 200 (rgdb)]: family:1, type:2, protocol:0
[   18.899617] firmadyne: sys_socket[PID: 202 (xmldbc)]: family:1, type:2, protocol:0
[   18.958800] firmadyne: sys_socket[PID: 203 (xmldbc)]: family:1, type:2, protocol:0
[   19.022511] firmadyne: sys_socket[PID: 204 (xmldbc)]: family:1, type:2, protocol:0
[   19.083663] firmadyne: sys_socket[PID: 205 (xmldbc)]: family:1, type:2, protocol:0
[   19.144368] firmadyne: sys_socket[PID: 206 (xmldbc)]: family:1, type:2, protocol:0
[   19.205802] firmadyne: sys_socket[PID: 207 (xmldbc)]: family:1, type:2, protocol:0
[   19.266268] firmadyne: sys_socket[PID: 208 (xmldbc)]: family:1, type:2, protocol:0
[   19.325858] firmadyne: sys_socket[PID: 209 (xmldbc)]: family:1, type:2, protocol:0
[   19.384807] firmadyne: sys_socket[PID: 210 (xmldbc)]: family:1, type:2, protocol:0
[   19.444632] firmadyne: sys_socket[PID: 211 (xmldbc)]: family:1, type:2, protocol:0
[   19.504994] firmadyne: sys_socket[PID: 212 (xmldbc)]: family:1, type:2, protocol:0
[   19.564516] firmadyne: sys_socket[PID: 213 (xmldbc)]: family:1, type:2, protocol:0
[   19.625869] firmadyne: sys_socket[PID: 214 (xmldbc)]: family:1, type:2, protocol:0
[   19.685880] firmadyne: sys_socket[PID: 215 (xmldbc)]: family:1, type:2, protocol:0
[   19.745824] firmadyne: sys_socket[PID: 216 (xmldbc)]: family:1, type:2, protocol:0
[   19.805850] firmadyne: sys_socket[PID: 217 (xmldbc)]: family:1, type:2, protocol:0
[   19.836565] cfg80211: Calling CRDA to update world regulatory domain
[   19.879003] firmadyne: sys_socket[PID: 218 (xmldbc)]: family:1, type:2, protocol:0
[   19.938703] firmadyne: sys_socket[PID: 220 (xmldbc)]: family:1, type:2, protocol:0
[   20.155566] firmadyne: sys_socket[PID: 225 (xmldbc)]: family:1, type:2, protocol:0
[   20.214958] firmadyne: sys_socket[PID: 226 (xmldbc)]: family:1, type:2, protocol:0
[   20.273182] firmadyne: sys_socket[PID: 227 (xmldbc)]: family:1, type:2, protocol:0
[   20.332103] firmadyne: sys_socket[PID: 228 (xmldbc)]: family:1, type:2, protocol:0
[   20.392819] firmadyne: sys_socket[PID: 229 (xmldbc)]: family:1, type:2, protocol:0
[   20.454096] firmadyne: sys_socket[PID: 230 (xmldbc)]: family:1, type:2, protocol:0
[   20.512366] firmadyne: sys_socket[PID: 231 (xmldbc)]: family:1, type:2, protocol:0
[   20.570340] firmadyne: sys_socket[PID: 232 (xmldbc)]: family:1, type:2, protocol:0
[   20.631253] firmadyne: sys_socket[PID: 233 (xmldbc)]: family:1, type:2, protocol:0
[   20.690102] firmadyne: sys_socket[PID: 234 (xmldbc)]: family:1, type:2, protocol:0
[   20.747698] firmadyne: sys_socket[PID: 235 (xmldbc)]: family:1, type:2, protocol:0
[   20.807875] firmadyne: sys_socket[PID: 236 (xmldbc)]: family:1, type:2, protocol:0
[   20.862790] firmadyne: sys_socket[PID: 237 (xmldbc)]: family:1, type:2, protocol:0
[   20.921847] firmadyne: sys_socket[PID: 238 (xmldbc)]: family:1, type:2, protocol:0
[   20.980624] firmadyne: sys_socket[PID: 239 (xmldbc)]: family:1, type:2, protocol:0
[   21.044060] firmadyne: sys_socket[PID: 240 (xmldbc)]: family:1, type:2, protocol:0
[   21.102938] firmadyne: sys_socket[PID: 241 (xmldbc)]: family:1, type:2, protocol:0
[   21.162658] firmadyne: sys_socket[PID: 242 (xmldbc)]: family:1, type:2, protocol:0
[   21.222304] firmadyne: sys_socket[PID: 243 (xmldbc)]: family:1, type:2, protocol:0
[   21.360730] firmadyne: sys_socket[PID: 247 (xmldbc)]: family:1, type:2, protocol:0
[   21.420684] firmadyne: sys_socket[PID: 248 (xmldbc)]: family:1, type:2, protocol:0
[   21.481150] firmadyne: sys_socket[PID: 249 (xmldbc)]: family:1, type:2, protocol:0
[   21.541036] firmadyne: sys_socket[PID: 250 (xmldbc)]: family:1, type:2, protocol:0
[   21.601445] firmadyne: sys_socket[PID: 251 (xmldbc)]: family:1, type:2, protocol:0
[   21.660040] firmadyne: sys_socket[PID: 252 (xmldbc)]: family:1, type:2, protocol:0
[   21.719249] firmadyne: sys_socket[PID: 253 (xmldbc)]: family:1, type:2, protocol:0
[   21.776943] firmadyne: sys_socket[PID: 254 (xmldbc)]: family:1, type:2, protocol:0
[   21.836095] firmadyne: sys_socket[PID: 255 (xmldbc)]: family:1, type:2, protocol:0
[   21.894136] firmadyne: sys_socket[PID: 256 (xmldbc)]: family:1, type:2, protocol:0
[   21.953452] firmadyne: sys_socket[PID: 257 (xmldbc)]: family:1, type:2, protocol:0
[   22.013596] firmadyne: sys_socket[PID: 258 (xmldbc)]: family:1, type:2, protocol:0
[   22.074713] firmadyne: sys_socket[PID: 259 (xmldbc)]: family:1, type:2, protocol:0
[   22.133408] firmadyne: sys_socket[PID: 260 (xmldbc)]: family:1, type:2, protocol:0
[   22.194171] firmadyne: sys_socket[PID: 261 (xmldbc)]: family:1, type:2, protocol:0
[   22.252707] firmadyne: sys_socket[PID: 262 (xmldbc)]: family:1, type:2, protocol:0
[   22.311520] firmadyne: sys_socket[PID: 263 (xmldbc)]: family:1, type:2, protocol:0
[   22.370150] firmadyne: sys_socket[PID: 264 (xmldbc)]: family:1, type:2, protocol:0
[   22.430256] firmadyne: sys_socket[PID: 265 (xmldbc)]: family:1, type:2, protocol:0
[   22.567546] firmadyne: sys_socket[PID: 269 (xmldbc)]: family:1, type:2, protocol:0
[   22.627714] firmadyne: sys_socket[PID: 270 (xmldbc)]: family:1, type:2, protocol:0
[   22.687500] firmadyne: sys_socket[PID: 271 (xmldbc)]: family:1, type:2, protocol:0
[   22.745433] firmadyne: sys_socket[PID: 272 (xmldbc)]: family:1, type:2, protocol:0
[   22.804887] firmadyne: sys_socket[PID: 273 (xmldbc)]: family:1, type:2, protocol:0
[   22.864679] firmadyne: sys_socket[PID: 274 (xmldbc)]: family:1, type:2, protocol:0
[   22.924151] firmadyne: sys_socket[PID: 275 (xmldbc)]: family:1, type:2, protocol:0
[   22.980545] cfg80211: Calling CRDA to update world regulatory domain
[   22.985473] firmadyne: sys_socket[PID: 276 (xmldbc)]: family:1, type:2, protocol:0
[   23.060541] firmadyne: sys_socket[PID: 278 (xmldbc)]: family:1, type:2, protocol:0
[   23.121438] firmadyne: sys_socket[PID: 279 (xmldbc)]: family:1, type:2, protocol:0
[   23.181865] firmadyne: sys_socket[PID: 280 (xmldbc)]: family:1, type:2, protocol:0
[   23.241639] firmadyne: sys_socket[PID: 281 (xmldbc)]: family:1, type:2, protocol:0
[   23.301352] firmadyne: sys_socket[PID: 282 (xmldbc)]: family:1, type:2, protocol:0
[   23.359818] firmadyne: sys_socket[PID: 283 (xmldbc)]: family:1, type:2, protocol:0
[   23.420965] firmadyne: sys_socket[PID: 284 (xmldbc)]: family:1, type:2, protocol:0
[   23.479201] firmadyne: sys_socket[PID: 285 (xmldbc)]: family:1, type:2, protocol:0
[   23.538059] firmadyne: sys_socket[PID: 286 (xmldbc)]: family:1, type:2, protocol:0
[   23.598796] firmadyne: sys_socket[PID: 287 (xmldbc)]: family:1, type:2, protocol:0
[   23.659102] firmadyne: sys_socket[PID: 288 (xmldbc)]: family:1, type:2, protocol:0
[   23.798278] firmadyne: sys_socket[PID: 292 (xmldbc)]: family:1, type:2, protocol:0
[   23.856379] firmadyne: sys_socket[PID: 293 (xmldbc)]: family:1, type:2, protocol:0
[   23.914682] firmadyne: sys_socket[PID: 294 (xmldbc)]: family:1, type:2, protocol:0
[   23.973791] firmadyne: sys_socket[PID: 295 (xmldbc)]: family:1, type:2, protocol:0
[   24.033540] firmadyne: sys_socket[PID: 296 (xmldbc)]: family:1, type:2, protocol:0
[   24.107742] firmadyne: sys_socket[PID: 297 (xmldbc)]: family:1, type:2, protocol:0
[   24.167619] firmadyne: sys_socket[PID: 298 (xmldbc)]: family:1, type:2, protocol:0
[   24.228905] firmadyne: sys_socket[PID: 299 (xmldbc)]: family:1, type:2, protocol:0
[   24.287234] firmadyne: sys_socket[PID: 300 (xmldbc)]: family:1, type:2, protocol:0
[   24.345933] firmadyne: sys_socket[PID: 301 (xmldbc)]: family:1, type:2, protocol:0
[   24.406864] firmadyne: sys_socket[PID: 302 (xmldbc)]: family:1, type:2, protocol:0
[   24.537731] firmadyne: sys_socket[PID: 303 (xmldbc)]: family:1, type:2, protocol:0
[   24.597701] firmadyne: sys_socket[PID: 304 (xmldbc)]: family:1, type:2, protocol:0
[   24.657457] firmadyne: sys_socket[PID: 305 (xmldbc)]: family:1, type:2, protocol:0
[   24.716075] firmadyne: sys_socket[PID: 306 (xmldbc)]: family:1, type:2, protocol:0
[   24.833462] firmadyne: sys_socket[PID: 307 (xmldbc)]: family:1, type:2, protocol:0
[   24.893902] firmadyne: sys_socket[PID: 308 (xmldbc)]: family:1, type:2, protocol:0
[   24.953109] firmadyne: sys_socket[PID: 309 (xmldbc)]: family:1, type:2, protocol:0
[   25.013312] firmadyne: sys_socket[PID: 310 (xmldbc)]: family:1, type:2, protocol:0
[   25.214057] firmadyne: sys_socket[PID: 314 (xmldbc)]: family:1, type:2, protocol:0
[   25.273528] firmadyne: sys_socket[PID: 315 (xmldbc)]: family:1, type:2, protocol:0
[   25.331864] firmadyne: sys_socket[PID: 316 (xmldbc)]: family:1, type:2, protocol:0
[   25.390205] firmadyne: sys_socket[PID: 317 (xmldbc)]: family:1, type:2, protocol:0
[   25.507700] firmadyne: sys_socket[PID: 318 (xmldbc)]: family:1, type:2, protocol:0
[   25.566435] firmadyne: sys_socket[PID: 319 (xmldbc)]: family:1, type:2, protocol:0
[   25.626131] firmadyne: sys_socket[PID: 320 (xmldbc)]: family:1, type:2, protocol:0
[   25.684436] firmadyne: sys_socket[PID: 321 (xmldbc)]: family:1, type:2, protocol:0
[   25.802011] firmadyne: sys_socket[PID: 322 (xmldbc)]: family:1, type:2, protocol:0
[   25.861379] firmadyne: sys_socket[PID: 323 (xmldbc)]: family:1, type:2, protocol:0
[   25.919736] firmadyne: sys_socket[PID: 324 (xmldbc)]: family:1, type:2, protocol:0
[   25.978449] firmadyne: sys_socket[PID: 325 (xmldbc)]: family:1, type:2, protocol:0
[   26.097960] firmadyne: sys_socket[PID: 326 (xmldbc)]: family:1, type:2, protocol:0
[   26.124650] cfg80211: Calling CRDA to update world regulatory domain
[   26.170604] firmadyne: sys_socket[PID: 327 (xmldbc)]: family:1, type:2, protocol:0
[   26.232101] firmadyne: sys_socket[PID: 329 (xmldbc)]: family:1, type:2, protocol:0
[   26.290767] firmadyne: sys_socket[PID: 330 (xmldbc)]: family:1, type:2, protocol:0
[   26.407422] firmadyne: sys_socket[PID: 331 (xmldbc)]: family:1, type:2, protocol:0
[   26.465676] firmadyne: sys_socket[PID: 332 (xmldbc)]: family:1, type:2, protocol:0
[   26.523941] firmadyne: sys_socket[PID: 333 (xmldbc)]: family:1, type:2, protocol:0
[   26.721601] firmadyne: sys_socket[PID: 337 (xmldbc)]: family:1, type:2, protocol:0
[   26.779897] firmadyne: sys_socket[PID: 338 (xmldbc)]: family:1, type:2, protocol:0
[   26.839523] firmadyne: sys_socket[PID: 339 (xmldbc)]: family:1, type:2, protocol:0
[   26.897984] firmadyne: sys_socket[PID: 340 (xmldbc)]: family:1, type:2, protocol:0
[   27.015513] firmadyne: sys_socket[PID: 341 (xmldbc)]: family:1, type:2, protocol:0
[   27.074568] firmadyne: sys_socket[PID: 342 (xmldbc)]: family:1, type:2, protocol:0
[   27.136385] firmadyne: sys_socket[PID: 343 (xmldbc)]: family:1, type:2, protocol:0
[   27.195259] firmadyne: sys_socket[PID: 344 (xmldbc)]: family:1, type:2, protocol:0
[   27.312500] firmadyne: sys_socket[PID: 345 (xmldbc)]: family:1, type:2, protocol:0
[   27.372073] firmadyne: sys_socket[PID: 346 (xmldbc)]: family:1, type:2, protocol:0
[   27.431719] firmadyne: sys_socket[PID: 347 (xmldbc)]: family:1, type:2, protocol:0
[   27.490202] firmadyne: sys_socket[PID: 348 (xmldbc)]: family:1, type:2, protocol:0
[   27.606655] firmadyne: sys_socket[PID: 349 (xmldbc)]: family:1, type:2, protocol:0
[   27.666452] firmadyne: sys_socket[PID: 350 (xmldbc)]: family:1, type:2, protocol:0
[   27.725060] firmadyne: sys_socket[PID: 351 (xmldbc)]: family:1, type:2, protocol:0
[   27.784590] firmadyne: sys_socket[PID: 352 (xmldbc)]: family:1, type:2, protocol:0
[   27.902652] firmadyne: sys_socket[PID: 353 (xmldbc)]: family:1, type:2, protocol:0
[   27.961605] firmadyne: sys_socket[PID: 354 (xmldbc)]: family:1, type:2, protocol:0
[   28.021229] firmadyne: sys_socket[PID: 355 (xmldbc)]: family:1, type:2, protocol:0
[   28.162015] firmadyne: sys_socket[PID: 359 (xmldbc)]: family:1, type:2, protocol:0
[   28.280805] firmadyne: sys_socket[PID: 360 (xmldbc)]: family:1, type:2, protocol:0
[   28.339945] firmadyne: sys_socket[PID: 361 (xmldbc)]: family:1, type:2, protocol:0
[   28.399257] firmadyne: sys_socket[PID: 362 (xmldbc)]: family:1, type:2, protocol:0
[   28.456704] firmadyne: sys_socket[PID: 363 (xmldbc)]: family:1, type:2, protocol:0
[   28.509927] firmadyne: sys_socket[PID: 364 (xmldbc)]: family:1, type:2, protocol:0
[   28.567797] firmadyne: sys_socket[PID: 365 (xmldbc)]: family:1, type:2, protocol:0
[   28.686291] firmadyne: sys_socket[PID: 366 (xmldbc)]: family:1, type:2, protocol:0
[   28.745127] firmadyne: sys_socket[PID: 367 (xmldbc)]: family:1, type:2, protocol:0
[   28.803592] firmadyne: sys_socket[PID: 368 (xmldbc)]: family:1, type:2, protocol:0
[   28.862702] firmadyne: sys_socket[PID: 369 (xmldbc)]: family:1, type:2, protocol:0
[   28.979451] firmadyne: sys_socket[PID: 370 (xmldbc)]: family:1, type:2, protocol:0
[   29.038172] firmadyne: sys_socket[PID: 371 (xmldbc)]: family:1, type:2, protocol:0
[   29.098430] firmadyne: sys_socket[PID: 372 (xmldbc)]: family:1, type:2, protocol:0
[   29.160500] firmadyne: sys_socket[PID: 373 (xmldbc)]: family:1, type:2, protocol:0
[   29.268645] cfg80211: Calling CRDA to update world regulatory domain
[   29.291834] firmadyne: sys_socket[PID: 374 (xmldbc)]: family:1, type:2, protocol:0
[   29.352662] firmadyne: sys_socket[PID: 376 (xmldbc)]: family:1, type:2, protocol:0
[   29.411797] firmadyne: sys_socket[PID: 377 (xmldbc)]: family:1, type:2, protocol:0
[   29.471585] firmadyne: sys_socket[PID: 378 (xmldbc)]: family:1, type:2, protocol:0
[   29.668943] firmadyne: sys_socket[PID: 382 (xmldbc)]: family:1, type:2, protocol:0
[   29.727839] firmadyne: sys_socket[PID: 383 (xmldbc)]: family:1, type:2, protocol:0
[   29.786328] firmadyne: sys_socket[PID: 384 (xmldbc)]: family:1, type:2, protocol:0
[   29.844877] firmadyne: sys_socket[PID: 385 (xmldbc)]: family:1, type:2, protocol:0
[   29.961999] firmadyne: sys_socket[PID: 386 (xmldbc)]: family:1, type:2, protocol:0
[   30.020623] firmadyne: sys_socket[PID: 387 (xmldbc)]: family:1, type:2, protocol:0
[   30.080845] firmadyne: sys_socket[PID: 388 (xmldbc)]: family:1, type:2, protocol:0
[   30.143219] firmadyne: sys_socket[PID: 389 (xmldbc)]: family:1, type:2, protocol:0
[   30.260475] firmadyne: sys_socket[PID: 390 (xmldbc)]: family:1, type:2, protocol:0
[   30.321782] firmadyne: sys_socket[PID: 391 (xmldbc)]: family:1, type:2, protocol:0
[   30.380037] firmadyne: sys_socket[PID: 392 (xmldbc)]: family:1, type:2, protocol:0
[   30.437763] firmadyne: sys_socket[PID: 393 (xmldbc)]: family:1, type:2, protocol:0
[   30.556517] firmadyne: sys_socket[PID: 394 (xmldbc)]: family:1, type:2, protocol:0
[   30.615175] firmadyne: sys_socket[PID: 395 (xmldbc)]: family:1, type:2, protocol:0
[   30.668587] firmadyne: sys_socket[PID: 396 (xmldbc)]: family:1, type:2, protocol:0
[   30.727936] firmadyne: sys_socket[PID: 397 (xmldbc)]: family:1, type:2, protocol:0
[   30.844084] firmadyne: sys_socket[PID: 398 (xmldbc)]: family:1, type:2, protocol:0
[   30.904450] firmadyne: sys_socket[PID: 399 (xmldbc)]: family:1, type:2, protocol:0
[   30.963738] firmadyne: sys_socket[PID: 400 (xmldbc)]: family:1, type:2, protocol:0
[   31.102606] firmadyne: sys_socket[PID: 404 (xmldbc)]: family:1, type:2, protocol:0
[   31.254100] firmadyne: sys_socket[PID: 405 (xmldbc)]: family:1, type:2, protocol:0
[   31.316921] firmadyne: sys_socket[PID: 406 (xmldbc)]: family:1, type:2, protocol:0
[   31.376492] firmadyne: sys_socket[PID: 407 (xmldbc)]: family:1, type:2, protocol:0
[   31.434807] firmadyne: sys_socket[PID: 408 (xmldbc)]: family:1, type:2, protocol:0
[   35.583492] cfg80211: Calling CRDA to update world regulatory domain
[   35.594644] firmadyne: sys_socket[PID: 409 (xmldbc)]: family:1, type:2, protocol:0
[   35.660729] firmadyne: sys_socket[PID: 411 (xmldbc)]: family:1, type:2, protocol:0
[   35.720055] firmadyne: sys_socket[PID: 412 (xmldbc)]: family:1, type:2, protocol:0
[   35.774199] firmadyne: sys_socket[PID: 413 (xmldbc)]: family:1, type:2, protocol:0
[   35.834125] firmadyne: sys_socket[PID: 414 (xmldbc)]: family:1, type:2, protocol:0
[   50.036826] cfg80211: Exceeded CRDA call max attempts. Not calling CRDA
[   50.041893] firmadyne: sys_socket[PID: 415 (xmldbc)]: family:1, type:2, protocol:0
[   50.105043] firmadyne: sys_socket[PID: 416 (xmldbc)]: family:1, type:2, protocol:0
[   50.166486] firmadyne: sys_socket[PID: 417 (xmldbc)]: family:1, type:2, protocol:0
[   50.227065] firmadyne: sys_socket[PID: 418 (xmldbc)]: family:1, type:2, protocol:0
[   50.290554] firmadyne: sys_socket[PID: 419 (xmldbc)]: family:1, type:2, protocol:0
[   50.352178] firmadyne: sys_socket[PID: 420 (xmldbc)]: family:1, type:2, protocol:0
[   50.413220] firmadyne: sys_socket[PID: 421 (xmldbc)]: family:1, type:2, protocol:0
[   50.474067] firmadyne: sys_socket[PID: 422 (xmldbc)]: family:1, type:2, protocol:0
[   50.534249] firmadyne: sys_socket[PID: 423 (xmldbc)]: family:1, type:2, protocol:0
[   50.676918] firmadyne: sys_socket[PID: 427 (xmldbc)]: family:1, type:2, protocol:0
[   50.735375] firmadyne: sys_socket[PID: 428 (xmldbc)]: family:1, type:2, protocol:0
[   50.793303] firmadyne: sys_socket[PID: 429 (xmldbc)]: family:1, type:2, protocol:0
[   50.855552] firmadyne: sys_socket[PID: 430 (xmldbc)]: family:1, type:2, protocol:0
[   50.908903] firmadyne: sys_socket[PID: 431 (xmldbc)]: family:1, type:2, protocol:0
[   50.966977] firmadyne: sys_socket[PID: 432 (xmldbc)]: family:1, type:2, protocol:0
[   51.026025] firmadyne: sys_socket[PID: 433 (xmldbc)]: family:1, type:2, protocol:0
[   51.085968] firmadyne: sys_socket[PID: 434 (xmldbc)]: family:1, type:2, protocol:0
[   51.145714] firmadyne: sys_socket[PID: 435 (xmldbc)]: family:1, type:2, protocol:0
[   51.204010] firmadyne: sys_socket[PID: 436 (xmldbc)]: family:1, type:2, protocol:0
[   51.264760] firmadyne: sys_socket[PID: 437 (xmldbc)]: family:1, type:2, protocol:0
[   51.325660] firmadyne: sys_socket[PID: 438 (xmldbc)]: family:1, type:2, protocol:0
[   51.388871] firmadyne: sys_socket[PID: 439 (xmldbc)]: family:1, type:2, protocol:0
[   51.449106] firmadyne: sys_socket[PID: 440 (xmldbc)]: family:1, type:2, protocol:0
[   51.507934] firmadyne: sys_socket[PID: 441 (xmldbc)]: family:1, type:2, protocol:0
[   51.566890] firmadyne: sys_socket[PID: 442 (xmldbc)]: family:1, type:2, protocol:0
[   51.626567] firmadyne: sys_socket[PID: 443 (xmldbc)]: family:1, type:2, protocol:0
[   51.687004] firmadyne: sys_socket[PID: 444 (xmldbc)]: family:1, type:2, protocol:0
[   51.745817] firmadyne: sys_socket[PID: 445 (xmldbc)]: family:1, type:2, protocol:0
[   51.884407] firmadyne: sys_socket[PID: 449 (xmldbc)]: family:1, type:2, protocol:0
[   51.942626] firmadyne: sys_socket[PID: 450 (xmldbc)]: family:1, type:2, protocol:0
[   52.000831] firmadyne: sys_socket[PID: 451 (xmldbc)]: family:1, type:2, protocol:0
[   52.060969] firmadyne: sys_socket[PID: 452 (xmldbc)]: family:1, type:2, protocol:0
[   52.119830] firmadyne: sys_socket[PID: 453 (xmldbc)]: family:1, type:2, protocol:0
[   52.179278] firmadyne: sys_socket[PID: 454 (xmldbc)]: family:1, type:2, protocol:0
[   52.238806] firmadyne: sys_socket[PID: 455 (xmldbc)]: family:1, type:2, protocol:0
[   52.297764] firmadyne: sys_socket[PID: 456 (xmldbc)]: family:1, type:2, protocol:0
[   52.357270] firmadyne: sys_socket[PID: 457 (xmldbc)]: family:1, type:2, protocol:0
[   52.421433] firmadyne: sys_socket[PID: 458 (xmldbc)]: family:1, type:2, protocol:0
[   52.483376] firmadyne: sys_socket[PID: 459 (xmldbc)]: family:1, type:2, protocol:0
[   52.542193] firmadyne: sys_socket[PID: 460 (xmldbc)]: family:1, type:2, protocol:0
[   52.601421] firmadyne: sys_socket[PID: 461 (xmldbc)]: family:1, type:2, protocol:0
[   52.663018] firmadyne: sys_socket[PID: 462 (xmldbc)]: family:1, type:2, protocol:0
[   52.721416] firmadyne: sys_socket[PID: 463 (xmldbc)]: family:1, type:2, protocol:0
[   52.779843] firmadyne: sys_socket[PID: 464 (xmldbc)]: family:1, type:2, protocol:0
[   52.840822] firmadyne: sys_socket[PID: 465 (xmldbc)]: family:1, type:2, protocol:0
[   52.899701] firmadyne: sys_socket[PID: 466 (xmldbc)]: family:1, type:2, protocol:0
[   52.958595] firmadyne: sys_socket[PID: 467 (xmldbc)]: family:1, type:2, protocol:0
[   53.097637] firmadyne: sys_socket[PID: 471 (xmldbc)]: family:1, type:2, protocol:0
[   53.156648] firmadyne: sys_socket[PID: 472 (xmldbc)]: family:1, type:2, protocol:0
[   53.214188] firmadyne: sys_socket[PID: 473 (xmldbc)]: family:1, type:2, protocol:0
[   53.274072] firmadyne: sys_socket[PID: 474 (xmldbc)]: family:1, type:2, protocol:0
[   53.332566] firmadyne: sys_socket[PID: 475 (xmldbc)]: family:1, type:2, protocol:0
[   53.398864] firmadyne: sys_socket[PID: 476 (xmldbc)]: family:1, type:2, protocol:0
[   53.459677] firmadyne: sys_socket[PID: 477 (xmldbc)]: family:1, type:2, protocol:0
[   53.518927] firmadyne: sys_socket[PID: 478 (xmldbc)]: family:1, type:2, protocol:0
[   53.577683] firmadyne: sys_socket[PID: 479 (xmldbc)]: family:1, type:2, protocol:0
[   53.638896] firmadyne: sys_socket[PID: 480 (xmldbc)]: family:1, type:2, protocol:0
[   53.698047] firmadyne: sys_socket[PID: 481 (xmldbc)]: family:1, type:2, protocol:0
[   53.751973] firmadyne: sys_socket[PID: 482 (xmldbc)]: family:1, type:2, protocol:0
[   53.810548] firmadyne: sys_socket[PID: 483 (xmldbc)]: family:1, type:2, protocol:0
[   53.871525] firmadyne: sys_socket[PID: 484 (xmldbc)]: family:1, type:2, protocol:0
[   53.925762] firmadyne: sys_socket[PID: 485 (xmldbc)]: family:1, type:2, protocol:0
[   53.985367] firmadyne: sys_socket[PID: 486 (xmldbc)]: family:1, type:2, protocol:0
[   54.045764] firmadyne: sys_socket[PID: 487 (xmldbc)]: family:1, type:2, protocol:0
[   54.104750] firmadyne: sys_socket[PID: 488 (xmldbc)]: family:1, type:2, protocol:0
[   54.163149] firmadyne: sys_socket[PID: 489 (xmldbc)]: family:1, type:2, protocol:0
[   54.304096] firmadyne: sys_socket[PID: 493 (xmldbc)]: family:1, type:2, protocol:0
[   54.362714] firmadyne: sys_socket[PID: 494 (xmldbc)]: family:1, type:2, protocol:0
[   54.423916] firmadyne: sys_socket[PID: 495 (xmldbc)]: family:1, type:2, protocol:0
[   54.485155] firmadyne: sys_socket[PID: 496 (xmldbc)]: family:1, type:2, protocol:0
[   54.544820] firmadyne: sys_socket[PID: 497 (xmldbc)]: family:1, type:2, protocol:0
[   54.617875] firmadyne: sys_socket[PID: 498 (xmldbc)]: family:1, type:2, protocol:0
[   54.681226] firmadyne: sys_socket[PID: 499 (xmldbc)]: family:1, type:2, protocol:0
[   54.740560] firmadyne: sys_socket[PID: 500 (xmldbc)]: family:1, type:2, protocol:0
[   54.800087] firmadyne: sys_socket[PID: 501 (xmldbc)]: family:1, type:2, protocol:0
[   54.859876] firmadyne: sys_socket[PID: 502 (xmldbc)]: family:1, type:2, protocol:0
[   54.918301] firmadyne: sys_socket[PID: 503 (xmldbc)]: family:1, type:2, protocol:0
[   54.976887] firmadyne: sys_socket[PID: 504 (xmldbc)]: family:1, type:2, protocol:0
[   55.037592] firmadyne: sys_socket[PID: 505 (xmldbc)]: family:1, type:2, protocol:0
[   55.096096] firmadyne: sys_socket[PID: 506 (xmldbc)]: family:1, type:2, protocol:0
[   55.154885] firmadyne: sys_socket[PID: 507 (xmldbc)]: family:1, type:2, protocol:0
[   55.213274] firmadyne: sys_socket[PID: 508 (xmldbc)]: family:1, type:2, protocol:0
[   55.274334] firmadyne: sys_socket[PID: 509 (xmldbc)]: family:1, type:2, protocol:0
[   55.333944] firmadyne: sys_socket[PID: 510 (xmldbc)]: family:1, type:2, protocol:0
[   55.393169] firmadyne: sys_socket[PID: 511 (xmldbc)]: family:1, type:2, protocol:0
[   55.535909] firmadyne: sys_socket[PID: 515 (xmldbc)]: family:1, type:2, protocol:0
[   55.595138] firmadyne: sys_socket[PID: 516 (xmldbc)]: family:1, type:2, protocol:0
[   55.654439] firmadyne: sys_socket[PID: 517 (xmldbc)]: family:1, type:2, protocol:0
[   55.708096] firmadyne: sys_socket[PID: 518 (xmldbc)]: family:1, type:2, protocol:0
[   55.765828] firmadyne: sys_socket[PID: 519 (xmldbc)]: family:1, type:2, protocol:0
[   55.823766] firmadyne: sys_socket[PID: 520 (xmldbc)]: family:1, type:2, protocol:0
[   55.885111] firmadyne: sys_socket[PID: 521 (xmldbc)]: family:1, type:2, protocol:0
[   55.943602] firmadyne: sys_socket[PID: 522 (xmldbc)]: family:1, type:2, protocol:0
[   56.002786] firmadyne: sys_socket[PID: 523 (xmldbc)]: family:1, type:2, protocol:0
[   56.063514] firmadyne: sys_socket[PID: 524 (xmldbc)]: family:1, type:2, protocol:0
[   56.123182] firmadyne: sys_socket[PID: 525 (xmldbc)]: family:1, type:2, protocol:0
[   56.181218] firmadyne: sys_socket[PID: 526 (xmldbc)]: family:1, type:2, protocol:0
[   56.241475] firmadyne: sys_socket[PID: 527 (xmldbc)]: family:1, type:2, protocol:0
[   56.300669] firmadyne: sys_socket[PID: 528 (xmldbc)]: family:1, type:2, protocol:0
[   56.360388] firmadyne: sys_socket[PID: 529 (xmldbc)]: family:1, type:2, protocol:0
[   56.422948] firmadyne: sys_socket[PID: 530 (xmldbc)]: family:1, type:2, protocol:0
[   56.485029] firmadyne: sys_socket[PID: 531 (xmldbc)]: family:1, type:2, protocol:0
[   56.544073] firmadyne: sys_socket[PID: 532 (xmldbc)]: family:1, type:2, protocol:0
[   56.603740] firmadyne: sys_socket[PID: 533 (xmldbc)]: family:1, type:2, protocol:0
[   56.744679] firmadyne: sys_socket[PID: 537 (xmldbc)]: family:1, type:2, protocol:0
[   56.803581] firmadyne: sys_socket[PID: 538 (xmldbc)]: family:1, type:2, protocol:0
[   56.863189] firmadyne: sys_socket[PID: 539 (xmldbc)]: family:1, type:2, protocol:0
[   56.922111] firmadyne: sys_socket[PID: 540 (xmldbc)]: family:1, type:2, protocol:0
[   56.980657] firmadyne: sys_socket[PID: 541 (xmldbc)]: family:1, type:2, protocol:0
[   57.041103] firmadyne: sys_socket[PID: 542 (xmldbc)]: family:1, type:2, protocol:0
[   57.101107] firmadyne: sys_socket[PID: 543 (xmldbc)]: family:1, type:2, protocol:0
[   57.160614] firmadyne: sys_socket[PID: 544 (xmldbc)]: family:1, type:2, protocol:0
[   57.219239] firmadyne: sys_socket[PID: 545 (xmldbc)]: family:1, type:2, protocol:0
[   57.279563] firmadyne: sys_socket[PID: 546 (xmldbc)]: family:1, type:2, protocol:0
[   57.340529] firmadyne: sys_socket[PID: 547 (xmldbc)]: family:1, type:2, protocol:0
[   57.399883] firmadyne: sys_socket[PID: 548 (xmldbc)]: family:1, type:2, protocol:0
[   57.463808] firmadyne: sys_socket[PID: 549 (xmldbc)]: family:1, type:2, protocol:0
[   57.525630] firmadyne: sys_socket[PID: 550 (xmldbc)]: family:1, type:2, protocol:0
[   57.580160] firmadyne: sys_socket[PID: 551 (xmldbc)]: family:1, type:2, protocol:0
[   57.642340] firmadyne: sys_socket[PID: 552 (xmldbc)]: family:1, type:2, protocol:0
[   57.702402] firmadyne: sys_socket[PID: 553 (xmldbc)]: family:1, type:2, protocol:0
[   57.762701] firmadyne: sys_socket[PID: 554 (xmldbc)]: family:1, type:2, protocol:0
[   57.822186] firmadyne: sys_socket[PID: 555 (xmldbc)]: family:1, type:2, protocol:0
[   57.963017] firmadyne: sys_socket[PID: 559 (xmldbc)]: family:1, type:2, protocol:0
[   58.021832] firmadyne: sys_socket[PID: 560 (xmldbc)]: family:1, type:2, protocol:0
[   58.082054] firmadyne: sys_socket[PID: 561 (xmldbc)]: family:1, type:2, protocol:0
[   58.141160] firmadyne: sys_socket[PID: 562 (xmldbc)]: family:1, type:2, protocol:0
[   58.200404] firmadyne: sys_socket[PID: 563 (xmldbc)]: family:1, type:2, protocol:0
[   58.255423] firmadyne: sys_socket[PID: 564 (xmldbc)]: family:1, type:2, protocol:0
[   58.313176] firmadyne: sys_socket[PID: 565 (xmldbc)]: family:1, type:2, protocol:0
[   58.371435] firmadyne: sys_socket[PID: 566 (xmldbc)]: family:1, type:2, protocol:0
[   58.424816] firmadyne: sys_socket[PID: 567 (xmldbc)]: family:1, type:2, protocol:0
[   58.486682] firmadyne: sys_socket[PID: 568 (xmldbc)]: family:1, type:2, protocol:0
[   58.546629] firmadyne: sys_socket[PID: 569 (xmldbc)]: family:1, type:2, protocol:0
[   58.605608] firmadyne: sys_socket[PID: 570 (xmldbc)]: family:1, type:2, protocol:0
[   58.667069] firmadyne: sys_socket[PID: 571 (xmldbc)]: family:1, type:2, protocol:0
[   58.725682] firmadyne: sys_socket[PID: 572 (xmldbc)]: family:1, type:2, protocol:0
[   58.785854] firmadyne: sys_socket[PID: 573 (xmldbc)]: family:1, type:2, protocol:0
[   58.847316] firmadyne: sys_socket[PID: 574 (xmldbc)]: family:1, type:2, protocol:0
[   58.905859] firmadyne: sys_socket[PID: 575 (xmldbc)]: family:1, type:2, protocol:0
[   58.964585] firmadyne: sys_socket[PID: 576 (xmldbc)]: family:1, type:2, protocol:0
[   59.023585] firmadyne: sys_socket[PID: 577 (xmldbc)]: family:1, type:2, protocol:0
[   59.163139] firmadyne: sys_socket[PID: 581 (xmldbc)]: family:1, type:2, protocol:0
[   59.222714] firmadyne: sys_socket[PID: 582 (xmldbc)]: family:1, type:2, protocol:0
[   59.282978] firmadyne: sys_socket[PID: 583 (xmldbc)]: family:1, type:2, protocol:0
[   59.350894] firmadyne: sys_socket[PID: 584 (xmldbc)]: family:1, type:2, protocol:0
[   59.404728] firmadyne: sys_socket[PID: 585 (xmldbc)]: family:1, type:2, protocol:0
[   59.466489] firmadyne: sys_socket[PID: 586 (xmldbc)]: family:1, type:2, protocol:0
[   59.524939] firmadyne: sys_socket[PID: 587 (xmldbc)]: family:1, type:2, protocol:0
[   59.583416] firmadyne: sys_socket[PID: 588 (xmldbc)]: family:1, type:2, protocol:0
[   59.645011] firmadyne: sys_socket[PID: 589 (xmldbc)]: family:1, type:2, protocol:0
[   59.705257] firmadyne: sys_socket[PID: 590 (xmldbc)]: family:1, type:2, protocol:0
[   59.765482] firmadyne: sys_socket[PID: 591 (xmldbc)]: family:1, type:2, protocol:0
[   59.826105] firmadyne: sys_socket[PID: 592 (xmldbc)]: family:1, type:2, protocol:0
[   59.887857] firmadyne: sys_socket[PID: 593 (xmldbc)]: family:1, type:2, protocol:0
[   59.946171] firmadyne: sys_socket[PID: 594 (xmldbc)]: family:1, type:2, protocol:0
[   60.005684] firmadyne: sys_socket[PID: 595 (xmldbc)]: family:1, type:2, protocol:0
[   60.066393] firmadyne: sys_socket[PID: 596 (xmldbc)]: family:1, type:2, protocol:0
[   60.182572] firmadyne: sys_socket[PID: 597 (xmldbc)]: family:1, type:2, protocol:0
[   60.243843] firmadyne: sys_socket[PID: 598 (xmldbc)]: family:1, type:2, protocol:0
[   60.302709] firmadyne: sys_socket[PID: 599 (xmldbc)]: family:1, type:2, protocol:0
[   60.446358] firmadyne: sys_socket[PID: 603 (xmldbc)]: family:1, type:2, protocol:0
[   60.565569] firmadyne: sys_socket[PID: 604 (xmldbc)]: family:1, type:2, protocol:0
[   60.624981] firmadyne: sys_socket[PID: 605 (xmldbc)]: family:1, type:2, protocol:0
[   60.685841] firmadyne: sys_socket[PID: 606 (xmldbc)]: family:1, type:2, protocol:0
[   60.740071] firmadyne: sys_socket[PID: 607 (xmldbc)]: family:1, type:2, protocol:0
[   60.800584] firmadyne: sys_socket[PID: 608 (xmldbc)]: family:1, type:2, protocol:0
[   67.860421] firmadyne: sys_socket[PID: 609 (xmldbc)]: family:1, type:2, protocol:0
[   67.921192] firmadyne: sys_socket[PID: 610 (xmldbc)]: family:1, type:2, protocol:0
[   67.981210] firmadyne: sys_socket[PID: 611 (xmldbc)]: family:1, type:2, protocol:0
[   68.043198] firmadyne: sys_socket[PID: 612 (xmldbc)]: family:1, type:2, protocol:0
[   68.164801] firmadyne: sys_socket[PID: 613 (xmldbc)]: family:1, type:2, protocol:0
[   68.226232] firmadyne: sys_socket[PID: 614 (xmldbc)]: family:1, type:2, protocol:0
[   68.286491] firmadyne: sys_socket[PID: 615 (xmldbc)]: family:1, type:2, protocol:0
[   68.415153] firmadyne: sys_socket[PID: 616 (xmldbc)]: family:1, type:2, protocol:0
[   68.475624] firmadyne: sys_socket[PID: 617 (xmldbc)]: family:1, type:2, protocol:0
[   68.534580] firmadyne: sys_socket[PID: 618 (xmldbc)]: family:1, type:2, protocol:0
[   68.598074] firmadyne: sys_socket[PID: 619 (xmldbc)]: family:1, type:2, protocol:0
[   68.727964] firmadyne: sys_socket[PID: 620 (xmldbc)]: family:1, type:2, protocol:0
[   68.787516] firmadyne: sys_socket[PID: 621 (xmldbc)]: family:1, type:2, protocol:0
[   68.927620] firmadyne: sys_socket[PID: 625 (xmldbc)]: family:1, type:2, protocol:0
[   68.986510] firmadyne: sys_socket[PID: 626 (xmldbc)]: family:1, type:2, protocol:0
[   69.041378] firmadyne: sys_socket[PID: 627 (xmldbc)]: family:1, type:2, protocol:0
[   69.167695] firmadyne: sys_socket[PID: 628 (xmldbc)]: family:1, type:2, protocol:0
[   69.228533] firmadyne: sys_socket[PID: 629 (xmldbc)]: family:1, type:2, protocol:0
[   69.287445] firmadyne: sys_socket[PID: 630 (xmldbc)]: family:1, type:2, protocol:0
[   69.347884] firmadyne: sys_socket[PID: 631 (xmldbc)]: family:1, type:2, protocol:0
[   69.476149] firmadyne: sys_socket[PID: 632 (xmldbc)]: family:1, type:2, protocol:0
[   69.535507] firmadyne: sys_socket[PID: 633 (xmldbc)]: family:1, type:2, protocol:0
[   69.592610] firmadyne: sys_socket[PID: 634 (xmldbc)]: family:1, type:2, protocol:0
[   69.651641] firmadyne: sys_socket[PID: 635 (xmldbc)]: family:1, type:2, protocol:0
[   69.713087] firmadyne: sys_socket[PID: 636 (xmldbc)]: family:1, type:2, protocol:0
[   69.840970] firmadyne: sys_socket[PID: 637 (xmldbc)]: family:1, type:2, protocol:0
[   69.901387] firmadyne: sys_socket[PID: 638 (xmldbc)]: family:1, type:2, protocol:0
[   69.960956] firmadyne: sys_socket[PID: 639 (xmldbc)]: family:1, type:2, protocol:0
[   70.020594] firmadyne: sys_socket[PID: 640 (xmldbc)]: family:1, type:2, protocol:0
[   70.149343] firmadyne: sys_socket[PID: 641 (xmldbc)]: family:1, type:2, protocol:0
[   70.209259] firmadyne: sys_socket[PID: 642 (xmldbc)]: family:1, type:2, protocol:0
[   70.269991] firmadyne: sys_socket[PID: 643 (xmldbc)]: family:1, type:2, protocol:0
[   70.409640] firmadyne: sys_socket[PID: 647 (xmldbc)]: family:1, type:2, protocol:0
[   70.538483] firmadyne: sys_socket[PID: 648 (xmldbc)]: family:1, type:2, protocol:0
[   70.600053] firmadyne: sys_socket[PID: 649 (xmldbc)]: family:1, type:2, protocol:0
[   70.659186] firmadyne: sys_socket[PID: 650 (xmldbc)]: family:1, type:2, protocol:0
[   70.719087] firmadyne: sys_socket[PID: 651 (xmldbc)]: family:1, type:2, protocol:0
[   70.847048] firmadyne: sys_socket[PID: 652 (xmldbc)]: family:1, type:2, protocol:0
[   70.910663] firmadyne: sys_socket[PID: 653 (xmldbc)]: family:1, type:2, protocol:0
[   70.971143] firmadyne: sys_socket[PID: 654 (xmldbc)]: family:1, type:2, protocol:0
[   71.029680] firmadyne: sys_socket[PID: 655 (xmldbc)]: family:1, type:2, protocol:0
[   71.158652] firmadyne: sys_socket[PID: 656 (xmldbc)]: family:1, type:2, protocol:0
[   71.218176] firmadyne: sys_socket[PID: 657 (xmldbc)]: family:1, type:2, protocol:0
[   71.276881] firmadyne: sys_socket[PID: 658 (xmldbc)]: family:1, type:2, protocol:0
[   71.338748] firmadyne: sys_socket[PID: 659 (xmldbc)]: family:1, type:2, protocol:0
[   71.466409] firmadyne: sys_socket[PID: 660 (xmldbc)]: family:1, type:2, protocol:0
[   71.520797] firmadyne: sys_socket[PID: 661 (xmldbc)]: family:1, type:2, protocol:0
[   71.582069] firmadyne: sys_socket[PID: 662 (xmldbc)]: family:1, type:2, protocol:0
[   71.642224] firmadyne: sys_socket[PID: 663 (xmldbc)]: family:1, type:2, protocol:0
[   71.701968] firmadyne: sys_socket[PID: 664 (xmldbc)]: family:1, type:2, protocol:0
[   71.831221] firmadyne: sys_socket[PID: 665 (xmldbc)]: family:1, type:2, protocol:0
[   71.971643] firmadyne: sys_socket[PID: 669 (xmldbc)]: family:1, type:2, protocol:0
[   72.025356] firmadyne: sys_socket[PID: 670 (xmldbc)]: family:1, type:2, protocol:0
[   72.083407] firmadyne: sys_socket[PID: 671 (xmldbc)]: family:1, type:2, protocol:0
[   72.143829] firmadyne: sys_socket[PID: 672 (xmldbc)]: family:1, type:2, protocol:0
[   72.270919] firmadyne: sys_socket[PID: 673 (xmldbc)]: family:1, type:2, protocol:0
[   72.331181] firmadyne: sys_socket[PID: 674 (xmldbc)]: family:1, type:2, protocol:0
[   72.389971] firmadyne: sys_socket[PID: 675 (xmldbc)]: family:1, type:2, protocol:0
[   72.450830] firmadyne: sys_socket[PID: 676 (xmldbc)]: family:1, type:2, protocol:0
[   72.579935] firmadyne: sys_socket[PID: 677 (xmldbc)]: family:1, type:2, protocol:0
[   72.642086] firmadyne: sys_socket[PID: 678 (xmldbc)]: family:1, type:2, protocol:0
[   72.701743] firmadyne: sys_socket[PID: 679 (xmldbc)]: family:1, type:2, protocol:0
[   72.757552] firmadyne: sys_socket[PID: 680 (xmldbc)]: family:1, type:2, protocol:0
[   72.816599] firmadyne: sys_socket[PID: 681 (xmldbc)]: family:1, type:2, protocol:0
[   72.939559] firmadyne: sys_socket[PID: 682 (xmldbc)]: family:1, type:2, protocol:0
[   73.000153] firmadyne: sys_socket[PID: 683 (xmldbc)]: family:1, type:2, protocol:0
[   73.058767] firmadyne: sys_socket[PID: 684 (xmldbc)]: family:1, type:2, protocol:0
[   73.118293] firmadyne: sys_socket[PID: 685 (xmldbc)]: family:1, type:2, protocol:0
[   73.247602] firmadyne: sys_socket[PID: 686 (xmldbc)]: family:1, type:2, protocol:0
[   73.305148] firmadyne: sys_socket[PID: 687 (xmldbc)]: family:1, type:2, protocol:0
[   73.447611] firmadyne: sys_socket[PID: 691 (xmldbc)]: family:1, type:2, protocol:0
[   73.502061] firmadyne: sys_socket[PID: 692 (xmldbc)]: family:1, type:2, protocol:0
[   73.562453] firmadyne: sys_socket[PID: 693 (xmldbc)]: family:1, type:2, protocol:0
[   73.624847] firmadyne: sys_socket[PID: 694 (xmldbc)]: family:1, type:2, protocol:0
[   73.754336] firmadyne: sys_socket[PID: 695 (xmldbc)]: family:1, type:2, protocol:0
[   73.814131] firmadyne: sys_socket[PID: 696 (xmldbc)]: family:1, type:2, protocol:0
[   73.873264] firmadyne: sys_socket[PID: 697 (xmldbc)]: family:1, type:2, protocol:0
[   73.926904] firmadyne: sys_socket[PID: 698 (xmldbc)]: family:1, type:2, protocol:0
[   73.986667] firmadyne: sys_socket[PID: 699 (xmldbc)]: family:1, type:2, protocol:0
[   74.040543] firmadyne: sys_socket[PID: 700 (xmldbc)]: family:1, type:2, protocol:0
[   74.167645] firmadyne: sys_socket[PID: 701 (xmldbc)]: family:1, type:2, protocol:0
[   74.226917] firmadyne: sys_socket[PID: 702 (xmldbc)]: family:1, type:2, protocol:0
[   74.285970] firmadyne: sys_socket[PID: 703 (xmldbc)]: family:1, type:2, protocol:0
[   74.345560] firmadyne: sys_socket[PID: 704 (xmldbc)]: family:1, type:2, protocol:0
[   74.474202] firmadyne: sys_socket[PID: 705 (xmldbc)]: family:1, type:2, protocol:0
[   74.533196] firmadyne: sys_socket[PID: 706 (xmldbc)]: family:1, type:2, protocol:0
[   74.594057] firmadyne: sys_socket[PID: 707 (xmldbc)]: family:1, type:2, protocol:0
[   74.655433] firmadyne: sys_socket[PID: 708 (xmldbc)]: family:1, type:2, protocol:0
[   74.710480] firmadyne: sys_socket[PID: 709 (xmldbc)]: family:1, type:2, protocol:0
[   74.921085] firmadyne: sys_socket[PID: 713 (xmldbc)]: family:1, type:2, protocol:0
[   74.981496] firmadyne: sys_socket[PID: 714 (xmldbc)]: family:1, type:2, protocol:0
[   75.040126] firmadyne: sys_socket[PID: 715 (xmldbc)]: family:1, type:2, protocol:0
[   75.099109] firmadyne: sys_socket[PID: 716 (xmldbc)]: family:1, type:2, protocol:0
[   75.226560] firmadyne: sys_socket[PID: 717 (xmldbc)]: family:1, type:2, protocol:0
[   75.286371] firmadyne: sys_socket[PID: 718 (xmldbc)]: family:1, type:2, protocol:0
[   75.347075] firmadyne: sys_socket[PID: 719 (xmldbc)]: family:1, type:2, protocol:0
[   75.405996] firmadyne: sys_socket[PID: 720 (xmldbc)]: family:1, type:2, protocol:0
[   75.482477] firmadyne: sys_socket[PID: 721 (xmldbc)]: family:1, type:2, protocol:0
[   75.572016] firmadyne: sys_socket[PID: 722 (xmldbc)]: family:1, type:2, protocol:0
[   75.636726] firmadyne: sys_socket[PID: 723 (xmldbc)]: family:1, type:2, protocol:0
[   75.698712] firmadyne: sys_socket[PID: 724 (xmldbc)]: family:1, type:2, protocol:0
[   75.757703] firmadyne: sys_socket[PID: 725 (xmldbc)]: family:1, type:2, protocol:0
[   75.815897] firmadyne: sys_socket[PID: 726 (xmldbc)]: family:1, type:2, protocol:0
[   75.877650] firmadyne: sys_socket[PID: 727 (xmldbc)]: family:1, type:2, protocol:0
[   75.935878] firmadyne: sys_socket[PID: 728 (xmldbc)]: family:1, type:2, protocol:0
[   75.995825] firmadyne: sys_socket[PID: 729 (xmldbc)]: family:1, type:2, protocol:0
[   76.055607] firmadyne: sys_socket[PID: 730 (xmldbc)]: family:1, type:2, protocol:0
[   76.114022] firmadyne: sys_socket[PID: 731 (xmldbc)]: family:1, type:2, protocol:0
[   76.263798] firmadyne: sys_socket[PID: 735 (xmldbc)]: family:1, type:2, protocol:0
[   76.322506] firmadyne: sys_socket[PID: 736 (xmldbc)]: family:1, type:2, protocol:0
[   76.381012] firmadyne: sys_socket[PID: 737 (xmldbc)]: family:1, type:2, protocol:0
[   76.442425] firmadyne: sys_socket[PID: 738 (xmldbc)]: family:1, type:2, protocol:0
[   76.502168] firmadyne: sys_socket[PID: 739 (xmldbc)]: family:1, type:2, protocol:0
[   76.560776] firmadyne: sys_socket[PID: 740 (xmldbc)]: family:1, type:2, protocol:0
[   76.620929] firmadyne: sys_socket[PID: 741 (xmldbc)]: family:1, type:2, protocol:0
[   76.682832] firmadyne: sys_socket[PID: 742 (xmldbc)]: family:1, type:2, protocol:0
[   76.741586] firmadyne: sys_socket[PID: 743 (xmldbc)]: family:1, type:2, protocol:0
[   76.801091] firmadyne: sys_socket[PID: 744 (xmldbc)]: family:1, type:2, protocol:0
[   76.861751] firmadyne: sys_socket[PID: 745 (xmldbc)]: family:1, type:2, protocol:0
[   76.920754] firmadyne: sys_socket[PID: 746 (xmldbc)]: family:1, type:2, protocol:0
[   76.979584] firmadyne: sys_socket[PID: 747 (xmldbc)]: family:1, type:2, protocol:0
[   77.039676] firmadyne: sys_socket[PID: 748 (xmldbc)]: family:1, type:2, protocol:0
[   77.098607] firmadyne: sys_socket[PID: 749 (xmldbc)]: family:1, type:2, protocol:0
[   77.157928] firmadyne: sys_socket[PID: 750 (xmldbc)]: family:1, type:2, protocol:0
[   77.218780] firmadyne: sys_socket[PID: 751 (xmldbc)]: family:1, type:2, protocol:0
[   77.278213] firmadyne: sys_socket[PID: 752 (xmldbc)]: family:1, type:2, protocol:0
[   77.338510] firmadyne: sys_socket[PID: 753 (xmldbc)]: family:1, type:2, protocol:0
[   77.477011] firmadyne: sys_socket[PID: 757 (xmldbc)]: family:1, type:2, protocol:0
[   77.536495] firmadyne: sys_socket[PID: 758 (xmldbc)]: family:1, type:2, protocol:0
[   77.594868] firmadyne: sys_socket[PID: 759 (xmldbc)]: family:1, type:2, protocol:0
[   77.658190] firmadyne: sys_socket[PID: 760 (xmldbc)]: family:1, type:2, protocol:0
[   77.717381] firmadyne: sys_socket[PID: 761 (xmldbc)]: family:1, type:2, protocol:0
[   77.776692] firmadyne: sys_socket[PID: 762 (xmldbc)]: family:1, type:2, protocol:0
[   77.836491] firmadyne: sys_socket[PID: 763 (xmldbc)]: family:1, type:2, protocol:0
[   77.895017] firmadyne: sys_socket[PID: 764 (xmldbc)]: family:1, type:2, protocol:0
[   77.953433] firmadyne: sys_socket[PID: 765 (xmldbc)]: family:1, type:2, protocol:0
[   78.012964] firmadyne: sys_socket[PID: 766 (xmldbc)]: family:1, type:2, protocol:0
[   78.073090] firmadyne: sys_socket[PID: 767 (xmldbc)]: family:1, type:2, protocol:0
[   78.131318] firmadyne: sys_socket[PID: 768 (xmldbc)]: family:1, type:2, protocol:0
[   78.189482] firmadyne: sys_socket[PID: 769 (xmldbc)]: family:1, type:2, protocol:0
[   78.249264] firmadyne: sys_socket[PID: 770 (xmldbc)]: family:1, type:2, protocol:0
[   78.307919] firmadyne: sys_socket[PID: 771 (xmldbc)]: family:1, type:2, protocol:0
[   78.366075] firmadyne: sys_socket[PID: 772 (xmldbc)]: family:1, type:2, protocol:0
[   78.425872] firmadyne: sys_socket[PID: 773 (xmldbc)]: family:1, type:2, protocol:0
[   78.485665] firmadyne: sys_socket[PID: 774 (xmldbc)]: family:1, type:2, protocol:0
[   78.544465] firmadyne: sys_socket[PID: 775 (xmldbc)]: family:1, type:2, protocol:0
[   78.688567] firmadyne: sys_socket[PID: 779 (xmldbc)]: family:1, type:2, protocol:0
[   78.745911] firmadyne: sys_socket[PID: 780 (xmldbc)]: family:1, type:2, protocol:0
[   78.804635] firmadyne: sys_socket[PID: 781 (xmldbc)]: family:1, type:2, protocol:0
[   78.864525] firmadyne: sys_socket[PID: 782 (xmldbc)]: family:1, type:2, protocol:0
[   78.924090] firmadyne: sys_socket[PID: 783 (xmldbc)]: family:1, type:2, protocol:0
[   78.982332] firmadyne: sys_socket[PID: 784 (xmldbc)]: family:1, type:2, protocol:0
[   79.042614] firmadyne: sys_socket[PID: 785 (xmldbc)]: family:1, type:2, protocol:0
[   79.101864] firmadyne: sys_socket[PID: 786 (xmldbc)]: family:1, type:2, protocol:0
[   79.160425] firmadyne: sys_socket[PID: 787 (xmldbc)]: family:1, type:2, protocol:0
[   79.219938] firmadyne: sys_socket[PID: 788 (xmldbc)]: family:1, type:2, protocol:0
[   79.278527] firmadyne: sys_socket[PID: 789 (xmldbc)]: family:1, type:2, protocol:0
[   79.338518] firmadyne: sys_socket[PID: 790 (xmldbc)]: family:1, type:2, protocol:0
[   79.397323] firmadyne: sys_socket[PID: 791 (xmldbc)]: family:1, type:2, protocol:0
[   79.457333] firmadyne: sys_socket[PID: 792 (xmldbc)]: family:1, type:2, protocol:0
[   79.515441] firmadyne: sys_socket[PID: 793 (xmldbc)]: family:1, type:2, protocol:0
[   79.573864] firmadyne: sys_socket[PID: 794 (xmldbc)]: family:1, type:2, protocol:0
[   79.634769] firmadyne: sys_socket[PID: 795 (xmldbc)]: family:1, type:2, protocol:0
[   79.697791] firmadyne: sys_socket[PID: 796 (xmldbc)]: family:1, type:2, protocol:0
[   79.757358] firmadyne: sys_socket[PID: 797 (xmldbc)]: family:1, type:2, protocol:0
[   79.896733] firmadyne: sys_socket[PID: 801 (xmldbc)]: family:1, type:2, protocol:0
[   79.955368] firmadyne: sys_socket[PID: 802 (xmldbc)]: family:1, type:2, protocol:0
[   80.013925] firmadyne: sys_socket[PID: 803 (xmldbc)]: family:1, type:2, protocol:0
[   80.073842] firmadyne: sys_socket[PID: 804 (xmldbc)]: family:1, type:2, protocol:0
[   80.135278] firmadyne: sys_socket[PID: 805 (xmldbc)]: family:1, type:2, protocol:0
[   80.194751] firmadyne: sys_socket[PID: 806 (xmldbc)]: family:1, type:2, protocol:0
[   80.255940] firmadyne: sys_socket[PID: 807 (xmldbc)]: family:1, type:2, protocol:0
[   80.316085] firmadyne: sys_socket[PID: 808 (xmldbc)]: family:1, type:2, protocol:0
[   80.375124] firmadyne: sys_socket[PID: 809 (xmldbc)]: family:1, type:2, protocol:0
[   80.437079] firmadyne: sys_socket[PID: 810 (xmldbc)]: family:1, type:2, protocol:0
[   80.497048] firmadyne: sys_socket[PID: 811 (xmldbc)]: family:1, type:2, protocol:0
[   80.556397] firmadyne: sys_socket[PID: 812 (xmldbc)]: family:1, type:2, protocol:0
[   80.615345] firmadyne: sys_socket[PID: 813 (xmldbc)]: family:1, type:2, protocol:0
[   80.675564] firmadyne: sys_socket[PID: 814 (xmldbc)]: family:1, type:2, protocol:0
[   80.736891] firmadyne: sys_socket[PID: 815 (xmldbc)]: family:1, type:2, protocol:0
[   80.795557] firmadyne: sys_socket[PID: 816 (xmldbc)]: family:1, type:2, protocol:0
[   80.857189] firmadyne: sys_socket[PID: 817 (xmldbc)]: family:1, type:2, protocol:0
[   80.917601] firmadyne: sys_socket[PID: 818 (xmldbc)]: family:1, type:2, protocol:0
[   80.977319] firmadyne: sys_socket[PID: 819 (xmldbc)]: family:1, type:2, protocol:0
[   81.118012] firmadyne: sys_socket[PID: 823 (xmldbc)]: family:1, type:2, protocol:0
[   81.177694] firmadyne: sys_socket[PID: 824 (xmldbc)]: family:1, type:2, protocol:0
[   81.237410] firmadyne: sys_socket[PID: 825 (xmldbc)]: family:1, type:2, protocol:0
[   81.296437] firmadyne: sys_socket[PID: 826 (xmldbc)]: family:1, type:2, protocol:0
[   81.355570] firmadyne: sys_socket[PID: 827 (xmldbc)]: family:1, type:2, protocol:0
[   81.430450] firmadyne: sys_socket[PID: 828 (xmldbc)]: family:1, type:2, protocol:0
[   81.488769] firmadyne: sys_socket[PID: 829 (xmldbc)]: family:1, type:2, protocol:0
[   81.546850] firmadyne: sys_socket[PID: 830 (xmldbc)]: family:1, type:2, protocol:0
[   81.605665] firmadyne: sys_socket[PID: 831 (xmldbc)]: family:1, type:2, protocol:0
[   81.665197] firmadyne: sys_socket[PID: 832 (xmldbc)]: family:1, type:2, protocol:0
[   81.726994] firmadyne: sys_socket[PID: 833 (xmldbc)]: family:1, type:2, protocol:0
[   81.786221] firmadyne: sys_socket[PID: 834 (xmldbc)]: family:1, type:2, protocol:0
[   81.847412] firmadyne: sys_socket[PID: 835 (xmldbc)]: family:1, type:2, protocol:0
[   81.905940] firmadyne: sys_socket[PID: 836 (xmldbc)]: family:1, type:2, protocol:0
[   81.964954] firmadyne: sys_socket[PID: 837 (xmldbc)]: family:1, type:2, protocol:0
[   82.025472] firmadyne: sys_socket[PID: 838 (xmldbc)]: family:1, type:2, protocol:0
[   82.083797] firmadyne: sys_socket[PID: 839 (xmldbc)]: family:1, type:2, protocol:0
[   82.142621] firmadyne: sys_socket[PID: 840 (xmldbc)]: family:1, type:2, protocol:0
[   82.200952] firmadyne: sys_socket[PID: 841 (xmldbc)]: family:1, type:2, protocol:0
[   82.340893] firmadyne: sys_socket[PID: 845 (xmldbc)]: family:1, type:2, protocol:0
[   82.398721] firmadyne: sys_socket[PID: 846 (xmldbc)]: family:1, type:2, protocol:0
[   82.458224] firmadyne: sys_socket[PID: 847 (xmldbc)]: family:1, type:2, protocol:0
[   82.517482] firmadyne: sys_socket[PID: 848 (xmldbc)]: family:1, type:2, protocol:0
[   82.575832] firmadyne: sys_socket[PID: 849 (xmldbc)]: family:1, type:2, protocol:0
[   82.635334] firmadyne: sys_socket[PID: 850 (xmldbc)]: family:1, type:2, protocol:0
[   82.693897] firmadyne: sys_socket[PID: 851 (xmldbc)]: family:1, type:2, protocol:0
[   82.756174] firmadyne: sys_socket[PID: 852 (xmldbc)]: family:1, type:2, protocol:0
[   82.817854] firmadyne: sys_socket[PID: 853 (xmldbc)]: family:1, type:2, protocol:0
[   82.876546] firmadyne: sys_socket[PID: 854 (xmldbc)]: family:1, type:2, protocol:0
[   82.934947] firmadyne: sys_socket[PID: 855 (xmldbc)]: family:1, type:2, protocol:0
[   82.993891] firmadyne: sys_socket[PID: 856 (xmldbc)]: family:1, type:2, protocol:0
[   83.054362] firmadyne: sys_socket[PID: 857 (xmldbc)]: family:1, type:2, protocol:0
[   83.112921] firmadyne: sys_socket[PID: 858 (xmldbc)]: family:1, type:2, protocol:0
[   83.171740] firmadyne: sys_socket[PID: 859 (xmldbc)]: family:1, type:2, protocol:0
[   83.231823] firmadyne: sys_socket[PID: 860 (xmldbc)]: family:1, type:2, protocol:0
[   83.290856] firmadyne: sys_socket[PID: 861 (xmldbc)]: family:1, type:2, protocol:0
[   83.350901] firmadyne: sys_socket[PID: 862 (xmldbc)]: family:1, type:2, protocol:0
[   83.409299] firmadyne: sys_socket[PID: 863 (xmldbc)]: family:1, type:2, protocol:0
[   83.548672] firmadyne: sys_socket[PID: 867 (xmldbc)]: family:1, type:2, protocol:0
[   83.607883] firmadyne: sys_socket[PID: 868 (xmldbc)]: family:1, type:2, protocol:0
[   83.668869] firmadyne: sys_socket[PID: 869 (xmldbc)]: family:1, type:2, protocol:0
[   83.733951] firmadyne: sys_socket[PID: 870 (xmldbc)]: family:1, type:2, protocol:0
[   83.793123] firmadyne: sys_socket[PID: 871 (xmldbc)]: family:1, type:2, protocol:0
[   83.853768] firmadyne: sys_socket[PID: 872 (xmldbc)]: family:1, type:2, protocol:0
[   83.911798] firmadyne: sys_socket[PID: 873 (xmldbc)]: family:1, type:2, protocol:0
[   83.970878] firmadyne: sys_socket[PID: 874 (xmldbc)]: family:1, type:2, protocol:0
[   84.031095] firmadyne: sys_socket[PID: 875 (xmldbc)]: family:1, type:2, protocol:0
[   84.089860] firmadyne: sys_socket[PID: 876 (xmldbc)]: family:1, type:2, protocol:0
[   84.148609] firmadyne: sys_socket[PID: 877 (xmldbc)]: family:1, type:2, protocol:0
[   84.207421] firmadyne: sys_socket[PID: 878 (xmldbc)]: family:1, type:2, protocol:0
[   84.267760] firmadyne: sys_socket[PID: 879 (xmldbc)]: family:1, type:2, protocol:0
[   84.327165] firmadyne: sys_socket[PID: 880 (xmldbc)]: family:1, type:2, protocol:0
[   84.386127] firmadyne: sys_socket[PID: 881 (xmldbc)]: family:1, type:2, protocol:0
[   84.448944] firmadyne: sys_socket[PID: 882 (xmldbc)]: family:1, type:2, protocol:0
[   84.508616] firmadyne: sys_socket[PID: 883 (xmldbc)]: family:1, type:2, protocol:0
[   84.562333] firmadyne: sys_socket[PID: 884 (xmldbc)]: family:1, type:2, protocol:0
[   84.621987] firmadyne: sys_socket[PID: 885 (xmldbc)]: family:1, type:2, protocol:0
[   84.763866] firmadyne: sys_socket[PID: 889 (xmldbc)]: family:1, type:2, protocol:0
[   84.825162] firmadyne: sys_socket[PID: 890 (xmldbc)]: family:1, type:2, protocol:0
[   84.885296] firmadyne: sys_socket[PID: 891 (xmldbc)]: family:1, type:2, protocol:0
[   84.944636] firmadyne: sys_socket[PID: 892 (xmldbc)]: family:1, type:2, protocol:0
[   85.003121] firmadyne: sys_socket[PID: 893 (xmldbc)]: family:1, type:2, protocol:0
[   85.062553] firmadyne: sys_socket[PID: 894 (xmldbc)]: family:1, type:2, protocol:0
[   85.121265] firmadyne: sys_socket[PID: 895 (xmldbc)]: family:1, type:2, protocol:0
[   85.179770] firmadyne: sys_socket[PID: 896 (xmldbc)]: family:1, type:2, protocol:0
[   85.239772] firmadyne: sys_socket[PID: 897 (xmldbc)]: family:1, type:2, protocol:0
[   85.298857] firmadyne: sys_socket[PID: 898 (xmldbc)]: family:1, type:2, protocol:0
[   85.358267] firmadyne: sys_socket[PID: 899 (xmldbc)]: family:1, type:2, protocol:0
[   85.423099] firmadyne: sys_socket[PID: 900 (xmldbc)]: family:1, type:2, protocol:0
[   85.482412] firmadyne: sys_socket[PID: 901 (xmldbc)]: family:1, type:2, protocol:0
[   85.540764] firmadyne: sys_socket[PID: 902 (xmldbc)]: family:1, type:2, protocol:0
[   85.599202] firmadyne: sys_socket[PID: 903 (xmldbc)]: family:1, type:2, protocol:0
[   85.658969] firmadyne: sys_socket[PID: 904 (xmldbc)]: family:1, type:2, protocol:0
[   85.711782] firmadyne: sys_socket[PID: 905 (xmldbc)]: family:1, type:2, protocol:0
[   85.772088] firmadyne: sys_socket[PID: 906 (xmldbc)]: family:1, type:2, protocol:0
[   85.832531] firmadyne: sys_socket[PID: 907 (xmldbc)]: family:1, type:2, protocol:0
[   85.973440] firmadyne: sys_socket[PID: 911 (xmldbc)]: family:1, type:2, protocol:0
[   86.034016] firmadyne: sys_socket[PID: 912 (xmldbc)]: family:1, type:2, protocol:0
[   86.092594] firmadyne: sys_socket[PID: 913 (xmldbc)]: family:1, type:2, protocol:0
[   86.151528] firmadyne: sys_socket[PID: 914 (xmldbc)]: family:1, type:2, protocol:0
[   86.209328] firmadyne: sys_socket[PID: 915 (xmldbc)]: family:1, type:2, protocol:0
[   86.268943] firmadyne: sys_socket[PID: 916 (xmldbc)]: family:1, type:2, protocol:0
[   86.328090] firmadyne: sys_socket[PID: 917 (xmldbc)]: family:1, type:2, protocol:0
[   86.382116] firmadyne: sys_socket[PID: 918 (xmldbc)]: family:1, type:2, protocol:0
[   86.441721] firmadyne: sys_socket[PID: 919 (xmldbc)]: family:1, type:2, protocol:0
[   86.500630] firmadyne: sys_socket[PID: 920 (xmldbc)]: family:1, type:2, protocol:0
[   86.559042] firmadyne: sys_socket[PID: 921 (xmldbc)]: family:1, type:2, protocol:0
[   86.619003] firmadyne: sys_socket[PID: 922 (xmldbc)]: family:1, type:2, protocol:0
[   86.677718] firmadyne: sys_socket[PID: 923 (xmldbc)]: family:1, type:2, protocol:0
[   86.737085] firmadyne: sys_socket[PID: 924 (xmldbc)]: family:1, type:2, protocol:0
[   86.798844] firmadyne: sys_socket[PID: 925 (xmldbc)]: family:1, type:2, protocol:0
[   86.859908] firmadyne: sys_socket[PID: 926 (xmldbc)]: family:1, type:2, protocol:0
[   86.919727] firmadyne: sys_socket[PID: 927 (xmldbc)]: family:1, type:2, protocol:0
[   86.978179] firmadyne: sys_socket[PID: 928 (xmldbc)]: family:1, type:2, protocol:0
[   87.033309] firmadyne: sys_socket[PID: 929 (xmldbc)]: family:1, type:2, protocol:0
[   87.219502] firmadyne: sys_socket[PID: 934 (xmldbc)]: family:1, type:2, protocol:0
[   87.277837] firmadyne: sys_socket[PID: 935 (xmldbc)]: family:1, type:2, protocol:0
[   87.337515] firmadyne: sys_socket[PID: 936 (xmldbc)]: family:1, type:2, protocol:0
[   87.395508] firmadyne: sys_socket[PID: 937 (xmldbc)]: family:1, type:2, protocol:0
[   87.454954] firmadyne: sys_socket[PID: 938 (xmldbc)]: family:1, type:2, protocol:0
[   87.513385] firmadyne: sys_socket[PID: 939 (xmldbc)]: family:1, type:2, protocol:0
[   87.651802] firmadyne: sys_socket[PID: 943 (xmldbc)]: family:1, type:2, protocol:0
[   87.710342] firmadyne: sys_socket[PID: 944 (xmldbc)]: family:1, type:2, protocol:0
[   87.769391] firmadyne: sys_socket[PID: 945 (xmldbc)]: family:1, type:2, protocol:0
[   87.831037] firmadyne: sys_socket[PID: 946 (xmldbc)]: family:1, type:2, protocol:0
[   87.890460] firmadyne: sys_socket[PID: 947 (xmldbc)]: family:1, type:2, protocol:0
[   87.949395] firmadyne: sys_socket[PID: 948 (xmldbc)]: family:1, type:2, protocol:0
[   88.126751] firmadyne: sys_socket[PID: 953 (xmldbc)]: family:1, type:2, protocol:0
[   88.265455] firmadyne: sys_socket[PID: 957 (xmldbc)]: family:1, type:2, protocol:0
[   88.406660] firmadyne: sys_socket[PID: 961 (xmldbc)]: family:1, type:2, protocol:0
[   88.547407] firmadyne: sys_socket[PID: 965 (xmldbc)]: family:1, type:2, protocol:0
[   88.686240] firmadyne: sys_socket[PID: 969 (xmldbc)]: family:1, type:2, protocol:0
[   88.828951] firmadyne: sys_socket[PID: 973 (xmldbc)]: family:1, type:2, protocol:0
[   88.966441] firmadyne: sys_socket[PID: 977 (xmldbc)]: family:1, type:2, protocol:0
[   89.105742] firmadyne: sys_socket[PID: 981 (xmldbc)]: family:1, type:2, protocol:0
[   89.244044] firmadyne: sys_socket[PID: 985 (xmldbc)]: family:1, type:2, protocol:0
[   89.382851] firmadyne: sys_socket[PID: 989 (xmldbc)]: family:1, type:2, protocol:0
[   89.521109] firmadyne: sys_socket[PID: 993 (xmldbc)]: family:1, type:2, protocol:0
[   89.659000] firmadyne: sys_socket[PID: 997 (xmldbc)]: family:1, type:2, protocol:0
[   89.797759] firmadyne: sys_socket[PID: 1001 (xmldbc)]: family:1, type:2, protocol:0
[   89.937735] firmadyne: sys_socket[PID: 1005 (xmldbc)]: family:1, type:2, protocol:0
[   90.076088] firmadyne: sys_socket[PID: 1009 (xmldbc)]: family:1, type:2, protocol:0
[   90.213443] firmadyne: sys_socket[PID: 1013 (xmldbc)]: family:1, type:2, protocol:0
[   90.352052] firmadyne: sys_socket[PID: 1017 (xmldbc)]: family:1, type:2, protocol:0
[   90.491309] firmadyne: sys_socket[PID: 1021 (xmldbc)]: family:1, type:2, protocol:0
[   90.631041] firmadyne: sys_socket[PID: 1025 (xmldbc)]: family:1, type:2, protocol:0
[   90.767914] firmadyne: sys_socket[PID: 1029 (xmldbc)]: family:1, type:2, protocol:0
[   90.910800] firmadyne: sys_socket[PID: 1033 (xmldbc)]: family:1, type:2, protocol:0
[   91.049179] firmadyne: sys_socket[PID: 1037 (xmldbc)]: family:1, type:2, protocol:0
[   91.185690] firmadyne: sys_socket[PID: 1041 (xmldbc)]: family:1, type:2, protocol:0
[   91.325035] firmadyne: sys_socket[PID: 1045 (xmldbc)]: family:1, type:2, protocol:0
[   91.462484] firmadyne: sys_socket[PID: 1049 (xmldbc)]: family:1, type:2, protocol:0
[   91.598846] firmadyne: sys_socket[PID: 1053 (xmldbc)]: family:1, type:2, protocol:0
[   91.732808] firmadyne: sys_socket[PID: 1057 (xmldbc)]: family:1, type:2, protocol:0
[   91.879972] firmadyne: sys_socket[PID: 1061 (xmldbc)]: family:1, type:2, protocol:0
[   92.018630] firmadyne: sys_socket[PID: 1065 (xmldbc)]: family:1, type:2, protocol:0
[   92.156731] firmadyne: sys_socket[PID: 1069 (xmldbc)]: family:1, type:2, protocol:0
[   92.295908] firmadyne: sys_socket[PID: 1073 (xmldbc)]: family:1, type:2, protocol:0
[   92.435876] firmadyne: sys_socket[PID: 1077 (xmldbc)]: family:1, type:2, protocol:0
[   92.574363] firmadyne: sys_socket[PID: 1081 (xmldbc)]: family:1, type:2, protocol:0
[   92.634289] firmadyne: sys_socket[PID: 1082 (xmldbc)]: family:1, type:2, protocol:0
[   92.692762] firmadyne: sys_socket[PID: 1083 (xmldbc)]: family:1, type:2, protocol:0
[   92.750668] firmadyne: sys_socket[PID: 1084 (xmldbc)]: family:1, type:2, protocol:0
[   92.809057] firmadyne: sys_socket[PID: 1085 (xmldbc)]: family:1, type:2, protocol:0
[   92.871623] firmadyne: sys_socket[PID: 1086 (xmldbc)]: family:1, type:2, protocol:0
[   92.930995] firmadyne: sys_socket[PID: 1087 (xmldbc)]: family:1, type:2, protocol:0
[   92.989988] firmadyne: sys_socket[PID: 1088 (xmldbc)]: family:1, type:2, protocol:0
[   93.050677] firmadyne: sys_socket[PID: 1089 (xmldbc)]: family:1, type:2, protocol:0
PHP [/etc/defnodes/S11setnodes.php] ...
[   93.169968] firmadyne: sys_socket[PID: 1092 (rgdb)]: family:1, type:2, protocol:0
PHP [/etc/defnodes/S12features.php] ...
[   94.038691] firmadyne: sys_socket[PID: 1105 (rgdb)]: family:1, type:2, protocol:0
PHP [/etc/defnodes/S13flashspeed.php] ...
[   94.169625] firmadyne: sys_socket[PID: 1108 (rgdb)]: family:1, type:2, protocol:0
PHP [/etc/defnodes/S20setnodes.php] ...
[   94.427370] firmadyne: sys_socket[PID: 1113 (rgdb)]: family:1, type:2, protocol:0
[   94.893769] UDF-fs: warning (device mtdblock4): udf_fill_super: No partition found (2)
mount: mounting /dev/mtdblock/4 on /www/locale/alt failed: Invalid argument
PHP [/etc/defnodes/S40brand.php] ...
[   95.006615] firmadyne: sys_socket[PID: 1125 (rgdb)]: family:1, type:2, protocol:0
[/etc/scripts/misc/defnodes.sh] Done !!
[/etc/scripts/misc/profile.sh] put ...
[   95.685910] firmadyne: sys_socket[PID: 1133 (rgdb)]: family:1, type:2, protocol:0
ok
[   96.704599] firmadyne: sys_socket[PID: 1139 (rgdb)]: family:1, type:2, protocol:0
[   96.780965] firmadyne: sys_socket[PID: 1141 (rgdb)]: family:1, type:2, protocol:0
[/etc/templates/timezone.sh] ...
[   96.962366] firmadyne: sys_socket[PID: 1146 (rgdb)]: family:1, type:2, protocol:0
[   97.160724] firmadyne: sys_socket[PID: 1151 (rgdb)]: family:1, type:2, protocol:0
[  101.229108] firmadyne: sys_socket[PID: 1155 (rgdb)]: family:1, type:2, protocol:0
[  101.314046] firmadyne: sys_socket[PID: 1157 (rgdb)]: family:1, type:2, protocol:0
[  101.397931] firmadyne: sys_socket[PID: 1159 (rgdb)]: family:1, type:2, protocol:0
[  101.483973] firmadyne: sys_socket[PID: 1161 (rgdb)]: family:1, type:2, protocol:0
[  101.568900] firmadyne: sys_socket[PID: 1163 (rgdb)]: family:1, type:2, protocol:0
[  101.655075] firmadyne: sys_socket[PID: 1165 (rgdb)]: family:1, type:2, protocol:0
[  101.738919] firmadyne: sys_socket[PID: 1167 (rgdb)]: family:1, type:2, protocol:0
[  101.825260] firmadyne: sys_socket[PID: 1169 (rgdb)]: family:1, type:2, protocol:0
[  101.911606] firmadyne: sys_socket[PID: 1171 (rgdb)]: family:1, type:2, protocol:0
[  102.000499] firmadyne: sys_socket[PID: 1173 (rgdb)]: family:1, type:2, protocol:0
[  102.087650] firmadyne: sys_socket[PID: 1175 (rgdb)]: family:1, type:2, protocol:0
[/etc/templates/logs.sh] ...
[  103.087258] firmadyne: sys_socket[PID: 1203 (rgdb)]: family:1, type:2, protocol:0
[  103.187842] firmadyne: sys_socket[PID: 1205 (rgdb)]: family:1, type:2, protocol:0
[/var/run/logs_run.sh] ...
[  103.798498] firmadyne: sys_socket[PID: 1210 (syslogd)]: family:1, type:1, protocol:0
[  103.955150] firmadyne: sys_socket[PID: 1215 (rgdb)]: family:1, type:2, protocol:0
[  104.167904] firmadyne: sys_socket[PID: 1219 (ifconfig)]: family:2, type:1, protocol:0
[  104.191367] 8021q: adding VLAN 0 to HW filter on device eth0
[  104.197560] e1000: eth0 NIC Link is Up 1000 Mbps Full Duplex, Flow Control: RX
[  107.302809] firmadyne: sys_socket[PID: 1221 (rgdb)]: family:1, type:2, protocol:0
[  107.645779] firmadyne: sys_socket[PID: 1233 (rgdb)]: family:1, type:2, protocol:0
[  107.840420] firmadyne: sys_socket[PID: 1239 (rgdb)]: family:1, type:2, protocol:0
[  107.867460] firmadyne: sys_socket[PID: 1240 (ifconfig)]: family:2, type:1, protocol:0
[  107.870087] firmadyne: __inet_insert_ifa[PID: 1240 (ifconfig)]: device:lo ifa:0x7f000001
[  107.928715] firmadyne: sys_socket[PID: 1241 (brctl)]: family:2, type:2, protocol:0
[  108.041147] firmadyne: sys_socket[PID: 1244 (brctl)]: family:2, type:2, protocol:0
[  108.045270] firmadyne: sys_socket[PID: 1244 (brctl)]: family:10, type:1, protocol:0
[  108.097189] firmadyne: sys_socket[PID: 1245 (brctl)]: family:2, type:2, protocol:0
[  108.101337] firmadyne: sys_socket[PID: 1245 (brctl)]: family:10, type:1, protocol:0
[/etc/init.d/S03config.sh] done!
[/etc/init.d/S10system.sh]
start Layout ...
[/etc/scripts/layout.sh] start ...
[  108.489753] firmadyne: sys_socket[PID: 1255 (rgdb)]: family:1, type:2, protocol:0
[  108.631802] firmadyne: sys_socket[PID: 1256 (rgdb)]: family:1, type:2, protocol:0
[/var/run/layout_start.sh] ...
Start bridge layout ...
[  108.792357] firmadyne: sys_socket[PID: 1260 (ifconfig)]: family:2, type:1, protocol:0
[  108.843363] firmadyne: sys_socket[PID: 1261 (brctl)]: family:2, type:2, protocol:0
[  108.846801] firmadyne: sys_socket[PID: 1261 (brctl)]: family:10, type:1, protocol:0
[  108.850654] firmadyne: sys_socket[PID: 1261 (brctl)]: family:10, type:1, protocol:0
[  108.853272] firmadyne: br_add_if[PID: 1261 (brctl)]: br:br0 dev:eth0
[  108.859874] device eth0 entered promiscuous mode
[  108.955678] firmadyne: sys_socket[PID: 1264 (xmldbc)]: family:1, type:2, protocol:0
[  109.049390] firmadyne: sys_socket[PID: 1267 (ifconfig)]: family:2, type:1, protocol:0
[  109.051245] br0: port 1(eth0) entered forwarding state
[  109.052438] br0: port 1(eth0) entered forwarding state
[  109.104918] firmadyne: sys_socket[PID: 1268 (rgdb)]: family:1, type:2, protocol:0
start LAN ...
[/etc/templates/lan.sh] ...
[  109.273216] firmadyne: sys_socket[PID: 1273 (rgdb)]: family:1, type:2, protocol:0
[  109.434005] firmadyne: sys_socket[PID: 1276 (rgdb)]: family:1, type:2, protocol:0
[  109.549413] firmadyne: sys_socket[PID: 1277 (rgdb)]: family:1, type:2, protocol:0
[/var/run/lan_start.sh] ...
Bridge mode selected, LAN is disabled !
start web server ...
[/etc/templates/webs.sh] start ...
[  109.858397] firmadyne: sys_socket[PID: 1285 (rgdb)]: family:1, type:2, protocol:0
[  109.947603] firmadyne: sys_socket[PID: 1287 (rgdb)]: family:1, type:2, protocol:0
[  110.103888] firmadyne: sys_socket[PID: 1290 (rgdb)]: family:1, type:2, protocol:0
[  110.265070] firmadyne: sys_socket[PID: 1291 (rgdb)]: family:1, type:2, protocol:0
[/var/run/webs_start.sh] ...
Starting HTTPD ...
start eth0 vlan setup ...
/etc/scripts/eth_vlan.sh: not found
[  110.686148] firmadyne: sys_socket[PID: 1301 (rgdb)]: family:1, type:2, protocol:0
[  110.702443] firmadyne: sys_socket[PID: 1302 (rgdb)]: family:1, type:2, protocol:0
[  110.932853] firmadyne: sys_socket[PID: 1303 (rgdb)]: family:1, type:2, protocol:0
#!/bin/sh
echo [$0] ... > /dev/console

# limitedadmin.php <<<

limitedadmin.sh...
[  111.262400] firmadyne: sys_socket[PID: 1307 (brctl)]: family:2, type:2, protocol:0
[  111.269862] firmadyne: sys_socket[PID: 1307 (brctl)]: family:10, type:1, protocol:0
[  111.376152] firmadyne: sys_socket[PID: 1308 (brctl)]: family:2, type:2, protocol:0
[  111.386576] firmadyne: sys_socket[PID: 1308 (brctl)]: family:10, type:1, protocol:0
[  111.495167] firmadyne: sys_socket[PID: 1309 (brctl)]: family:2, type:2, protocol:0
[  111.502667] firmadyne: sys_socket[PID: 1309 (brctl)]: family:10, type:1, protocol:0
[  111.609681] firmadyne: sys_socket[PID: 1310 (brctl)]: family:2, type:2, protocol:0
[  111.618401] firmadyne: sys_socket[PID: 1310 (brctl)]: family:10, type:1, protocol:0
[  111.724915] firmadyne: sys_socket[PID: 1311 (brctl)]: family:2, type:2, protocol:0
[  111.727979] firmadyne: sys_socket[PID: 1311 (brctl)]: family:10, type:1, protocol:0
[  111.845486] firmadyne: sys_socket[PID: 1312 (brctl)]: family:2, type:2, protocol:0
[  111.856867] firmadyne: sys_socket[PID: 1312 (brctl)]: family:10, type:1, protocol:0
start fresetd ...
enable LAN ports ...
[  112.121470] firmadyne: sys_socket[PID: 1314 (servd)]: family:1, type:2, protocol:0
Factory reset time : 5 secs
System reset time  : 1 secs
WPS command : [/etc/templates/wps.sh pbc &]
[  112.206916] firmadyne: sys_socket[PID: 1305 (httpd)]: family:10, type:2, protocol:6
[  112.215434] firmadyne: sys_setsockopt[PID: 1305 (httpd)]: fd:4, level:65535, optname:4
[/etc/scripts/enlan.sh] ...
/dev/gpio: No such device or address
[  112.340123] firmadyne: sys_socket[PID: 1317 (fresetd)]: family:1, type:1, protocol:0
 Generate channel table according to the country code...
[  112.417819] firmadyne: sys_socket[PID: 1325 (httpd)]: family:1, type:1, protocol:0
[  112.494908] firmadyne: sys_socket[PID: 1330 (genchanneltable)]: family:1, type:2, protocol:0
[  112.512480] firmadyne: sys_socket[PID: 1330 (genchanneltable)]: family:1, type:2, protocol:0
[  112.519098] firmadyne: sys_socket[PID: 1330 (genchanneltable)]: family:1, type:2, protocol:0
[  112.545946] firmadyne: sys_socket[PID: 1331 (getsys)]: family:1, type:2, protocol:0
UNKNOW country code!! Use USA for default!!
[  112.649375] firmadyne: sys_socket[PID: 1330 (genchanneltable)]: family:1, type:2, protocol:0
[  112.656366] firmadyne: sys_socket[PID: 1331 (getsys)]: family:1, type:2, protocol:0
[  112.661371] firmadyne: sys_socket[PID: 1330 (genchanneltable)]: family:1, type:2, protocol:0
[  112.667631] firmadyne: sys_socket[PID: 1331 (getsys)]: family:1, type:2, protocol:0
[  112.671897] firmadyne: sys_socket[PID: 1330 (genchanneltable)]: family:1, type:2, protocol:0
[  112.678800] firmadyne: sys_socket[PID: 1331 (getsys)]: family:1, type:2, protocol:0
[  112.683587] firmadyne: sys_socket[PID: 1330 (genchanneltable)]: family:1, type:2, protocol:0
[  112.690112] firmadyne: sys_socket[PID: 1331 (getsys)]: family:1, type:2, protocol:0
[  112.694864] firmadyne: sys_socket[PID: 1330 (genchanneltable)]: family:1, type:2, protocol:0
[  112.701391] firmadyne: sys_socket[PID: 1331 (getsys)]: family:1, type:2, protocol:0
[  112.706223] firmadyne: sys_socket[PID: 1330 (genchanneltable)]: family:1, type:2, protocol:0
[  112.712895] firmadyne: sys_socket[PID: 1331 (getsys)]: family:1, type:2, protocol:0
[  112.717060] firmadyne: sys_socket[PID: 1330 (genchanneltable)]: family:1, type:2, protocol:0
[  112.723531] firmadyne: sys_socket[PID: 1331 (getsys)]: family:1, type:2, protocol:0
[  112.727732] firmadyne: sys_socket[PID: 1330 (genchanneltable)]: family:1, type:2, protocol:0
[  112.735261] firmadyne: sys_socket[PID: 1331 (getsys)]: family:1, type:2, protocol:0
[  112.740649] firmadyne: sys_socket[PID: 1330 (genchanneltable)]: family:1, type:2, protocol:0
[  112.747203] firmadyne: sys_socket[PID: 1331 (getsys)]: family:1, type:2, protocol:0
[  112.752396] firmadyne: sys_socket[PID: 1330 (genchanneltable)]: family:1, type:2, protocol:0
[  112.759575] firmadyne: sys_socket[PID: 1331 (getsys)]: family:1, type:2, protocol:0
[  112.763918] firmadyne: sys_socket[PID: 1330 (genchanneltable)]: family:1, type:2, protocol:0
[  112.770982] firmadyne: sys_socket[PID: 1331 (getsys)]: family:1, type:2, protocol:0
[  112.776006] firmadyne: sys_socket[PID: 1330 (genchanneltable)]: family:1, type:2, protocol:0
[  112.782638] firmadyne: sys_socket[PID: 1331 (getsys)]: family:1, type:2, protocol:0
[  112.787490] firmadyne: sys_socket[PID: 1330 (genchanneltable)]: family:1, type:2, protocol:0
[  112.794075] firmadyne: sys_socket[PID: 1331 (getsys)]: family:1, type:2, protocol:0
[  112.799000] firmadyne: sys_socket[PID: 1330 (genchanneltable)]: family:1, type:2, protocol:0
[  112.805683] firmadyne: sys_socket[PID: 1331 (getsys)]: family:1, type:2, protocol:0
[  112.810826] firmadyne: sys_socket[PID: 1330 (genchanneltable)]: family:1, type:2, protocol:0
[  112.819033] firmadyne: sys_socket[PID: 1331 (getsys)]: family:1, type:2, protocol:0
[  112.824433] firmadyne: sys_socket[PID: 1330 (genchanneltable)]: family:1, type:2, protocol:0
[  112.831164] firmadyne: sys_socket[PID: 1331 (getsys)]: family:1, type:2, protocol:0
[  112.836154] firmadyne: sys_socket[PID: 1330 (genchanneltable)]: family:1, type:2, protocol:0
[  112.846495] firmadyne: sys_socket[PID: 1331 (getsys)]: family:1, type:2, protocol:0
[  112.851250] firmadyne: sys_socket[PID: 1330 (genchanneltable)]: family:1, type:2, protocol:0
[  112.858332] firmadyne: sys_socket[PID: 1330 (genchanneltable)]: family:1, type:2, protocol:0
[  112.874279] firmadyne: sys_socket[PID: 1330 (genchanneltable)]: family:1, type:2, protocol:0
[  112.881158] firmadyne: sys_socket[PID: 1330 (genchanneltable)]: family:1, type:2, protocol:0
[  112.893893] firmadyne: sys_socket[PID: 1330 (genchanneltable)]: family:1, type:2, protocol:0
[  112.900002] firmadyne: sys_socket[PID: 1330 (genchanneltable)]: family:1, type:2, protocol:0
[  112.906474] firmadyne: sys_socket[PID: 1330 (genchanneltable)]: family:1, type:2, protocol:0
[  112.916733] firmadyne: sys_socket[PID: 1330 (genchanneltable)]: family:1, type:2, protocol:0
[  112.925297] firmadyne: sys_socket[PID: 1330 (genchanneltable)]: family:1, type:2, protocol:0
[  112.931981] firmadyne: sys_socket[PID: 1330 (genchanneltable)]: family:1, type:2, protocol:0
[  112.941267] firmadyne: sys_socket[PID: 1330 (genchanneltable)]: family:1, type:2, protocol:0
[  112.953148] firmadyne: sys_socket[PID: 1330 (genchanneltable)]: family:1, type:2, protocol:0
/dev/gpio: No such device or address
 Generate VLAN table according to the port...
[  113.037341] firmadyne: sys_socket[PID: 1339 (genVLANTableByP)]: family:1, type:2, protocol:0
[  113.044700] firmadyne: sys_socket[PID: 1339 (genVLANTableByP)]: family:1, type:2, protocol:0
[  113.050323] firmadyne: sys_socket[PID: 1339 (genVLANTableByP)]: family:1, type:2, protocol:0
[  113.057067] firmadyne: sys_socket[PID: 1339 (genVLANTableByP)]: family:1, type:2, protocol:0
[  113.062746] firmadyne: sys_socket[PID: 1339 (genVLANTableByP)]: family:1, type:2, protocol:0
[  113.068769] firmadyne: sys_socket[PID: 1339 (genVLANTableByP)]: family:1, type:2, protocol:0
[  113.075087] firmadyne: sys_socket[PID: 1339 (genVLANTableByP)]: family:1, type:2, protocol:0
[  113.082988] firmadyne: sys_socket[PID: 1339 (genVLANTableByP)]: family:1, type:2, protocol:0
[  113.089973] firmadyne: sys_socket[PID: 1339 (genVLANTableByP)]: family:1, type:2, protocol:0
[  113.095464] firmadyne: sys_socket[PID: 1339 (genVLANTableByP)]: family:1, type:2, protocol:0
[  113.102237] firmadyne: sys_socket[PID: 1339 (genVLANTableByP)]: family:1, type:2, protocol:0
[  113.107829] firmadyne: sys_socket[PID: 1339 (genVLANTableByP)]: family:1, type:2, protocol:0
[  113.114298] firmadyne: sys_socket[PID: 1339 (genVLANTableByP)]: family:1, type:2, protocol:0
[  113.119813] firmadyne: sys_socket[PID: 1339 (genVLANTableByP)]: family:1, type:2, protocol:0
[  113.126450] firmadyne: sys_socket[PID: 1339 (genVLANTableByP)]: family:1, type:2, protocol:0
[  113.131941] firmadyne: sys_socket[PID: 1339 (genVLANTableByP)]: family:1, type:2, protocol:0
[  113.138361] firmadyne: sys_socket[PID: 1339 (genVLANTableByP)]: family:1, type:2, protocol:0
[  113.143976] firmadyne: sys_socket[PID: 1339 (genVLANTableByP)]: family:1, type:2, protocol:0
[  113.150351] firmadyne: sys_socket[PID: 1339 (genVLANTableByP)]: family:1, type:2, protocol:0
[  113.155851] firmadyne: sys_socket[PID: 1339 (genVLANTableByP)]: family:1, type:2, protocol:0
[  113.162330] firmadyne: sys_socket[PID: 1339 (genVLANTableByP)]: family:1, type:2, protocol:0
