[    0.000000] Linux version 4.1.17+ (alessio@pc) (gcc version 5.5.0 20171010 (Ubuntu 5.5.0-12ubuntu1) ) #1 Mon May 15 23:04:08 CEST 2023
[    0.000000] earlycon: Early serial console at I/O port 0x3f8 (options '38400n8')
[    0.000000] bootconsole [uart0] enabled
[    0.000000] CPU0 revision is: 00019300 (MIPS 24Kc)
[    0.000000] FPU revision is: 00739300
[    0.000000] Software DMA cache coherency enabled
[    0.000000] Determined physical RAM map:
[    0.000000]  memory: 00001000 @ 00000000 (reserved)
[    0.000000]  memory: 000ef000 @ 00001000 (ROM data)
[    0.000000]  memory: 00798000 @ 000f0000 (reserved)
[    0.000000]  memory: 0f777000 @ 00888000 (usable)
[    0.000000] debug: ignoring loglevel setting.
[    0.000000] Wasting 69888 bytes for tracking 2184 unused pages
[    0.000000] Initrd not found or empty - disabling initrd
[    0.000000] Zone ranges:
[    0.000000]   DMA      [mem 0x0000000000000000-0x0000000000ffffff]
[    0.000000]   Normal   [mem 0x0000000001000000-0x000000000fffefff]
[    0.000000] Movable zone start for each node
[    0.000000] Early memory node ranges
[    0.000000]   node   0: [mem 0x0000000000000000-0x000000000fffefff]
[    0.000000] Initmem setup node 0 [mem 0x0000000000000000-0x000000000fffefff]
[    0.000000] On node 0 totalpages: 65535
[    0.000000] free_area_init_node: node 0, pgdat 8081d5b0, node_mem_map 81000000
[    0.000000]   DMA zone: 32 pages used for memmap
[    0.000000]   DMA zone: 0 pages reserved
[    0.000000]   DMA zone: 4096 pages, LIFO batch:0
[    0.000000]   Normal zone: 480 pages used for memmap
[    0.000000]   Normal zone: 61439 pages, LIFO batch:15
[    0.000000] Primary instruction cache 2kB, VIPT, 2-way, linesize 16 bytes.
[    0.000000] Primary data cache 2kB, 2-way, VIPT, no aliases, linesize 16 bytes
[    0.000000] pcpu-alloc: s0 r0 d32768 u32768 alloc=1*32768
[    0.000000] pcpu-alloc: [0] 0 
[    0.000000] Built 1 zonelists in Zone order, mobility grouping on.  Total pages: 65023
[    0.000000] Kernel command line: root=/dev/sda1 console=ttyS0 nandsim.parts=64,64,64,64,64,64,64,64,64,64 rdinit=/firmadyne/preInit.sh rw debug ignore_loglevel print-fatal-signals=1 FIRMAE_NET=true FIRMAE_NVRAM=true FIRMAE_KERNEL=true FIRMAE_ETC=true user_debug=0 firmadyne.syscall=1 noka
[    0.000000] found FIRMAE_KERNEL=t
[    0.000000] set the LD_PRELOAD=/firmadyne/libnvram_ioctl.so
[    0.000000] PID hash table entries: 1024 (order: 0, 4096 bytes)
[    0.000000] Dentry cache hash table entries: 32768 (order: 5, 131072 bytes)
[    0.000000] Inode-cache hash table entries: 16384 (order: 4, 65536 bytes)
[    0.000000] Writing ErrCtl register=00000000
[    0.000000] Readback ErrCtl register=00000000
[    0.000000] Memory: 251112K/262140K available (5360K kernel code, 244K rwdata, 1676K rodata, 260K init, 158K bss, 11028K reserved, 0K cma-reserved)
[    0.000000] NR_IRQS:256
[    0.000000] CPU frequency 200.01 MHz
[    0.000000] clocksource MIPS: mask: 0xffffffff max_cycles: 0xffffffff, max_idle_ns: 19111909179 ns
[    0.000217] sched_clock: 32 bits at 100MHz, resolution 9ns, wraps every 21474055163ns
[    0.016347] Console: colour dummy device 80x25
[    0.017540] Calibrating delay loop... 23.07 BogoMIPS (lpj=46144)
[    0.069396] pid_max: default: 32768 minimum: 301
[    0.074162] Mount-cache hash table entries: 1024 (order: 0, 4096 bytes)
[    0.074749] Mountpoint-cache hash table entries: 1024 (order: 0, 4096 bytes)
[    0.146253] clocksource jiffies: mask: 0xffffffff max_cycles: 0xffffffff, max_idle_ns: 7645041785100000 ns
[    0.158337] NET: Registered protocol family 16
[    0.466794] clocksource pit: mask: 0xffffffff max_cycles: 0xffffffff, max_idle_ns: 1601818034827 ns
[    0.638143] vgaarb: loaded
[    0.644471] SCSI subsystem initialized
[    0.647267] libata version 3.00 loaded.
[    0.652142] usbcore: registered new interface driver usbfs
[    0.653687] usbcore: registered new interface driver hub
[    0.655059] usbcore: registered new device driver usb
[    0.657959] pps_core: LinuxPPS API ver. 1 registered
[    0.658423] pps_core: Software ver. 5.3.6 - Copyright 2005-2007 Rodolfo Giometti <giometti@linux.it>
[    0.659619] PTP clock support registered
[    0.664872] PCI host bridge to bus 0000:00
[    0.665706] pci_bus 0000:00: root bus resource [mem 0x10000000-0x17ffffff]
[    0.666412] pci_bus 0000:00: root bus resource [io  0x1000-0x1fffff]
[    0.667279] pci_bus 0000:00: root bus resource [??? 0x00000000 flags 0x0]
[    0.667940] pci_bus 0000:00: No busn resource found for root bus, will use [bus 00-ff]
[    0.669378] pci 0000:00:00.0: [11ab:4620] type 00 class 0x060000
[    0.670407] pci 0000:00:00.0: [Firmware Bug]: reg 0x14: invalid BAR (can't size)
[    0.671106] pci 0000:00:00.0: [Firmware Bug]: reg 0x18: invalid BAR (can't size)
[    0.671918] pci 0000:00:00.0: [Firmware Bug]: reg 0x1c: invalid BAR (can't size)
[    0.672581] pci 0000:00:00.0: [Firmware Bug]: reg 0x20: invalid BAR (can't size)
[    0.673250] pci 0000:00:00.0: [Firmware Bug]: reg 0x24: invalid BAR (can't size)
[    0.677774] pci 0000:00:0a.0: [8086:7110] type 00 class 0x060100
[    0.681764] pci 0000:00:0a.1: [8086:7111] type 00 class 0x010180
[    0.682630] pci 0000:00:0a.1: reg 0x20: [io  0x0000-0x000f]
[    0.683301] pci 0000:00:0a.1: legacy IDE quirk: reg 0x10: [io  0x01f0-0x01f7]
[    0.684158] pci 0000:00:0a.1: legacy IDE quirk: reg 0x14: [io  0x03f6]
[    0.684804] pci 0000:00:0a.1: legacy IDE quirk: reg 0x18: [io  0x0170-0x0177]
[    0.685442] pci 0000:00:0a.1: legacy IDE quirk: reg 0x1c: [io  0x0376]
[    0.689139] pci 0000:00:0a.2: [8086:7112] type 00 class 0x0c0300
[    0.689886] pci 0000:00:0a.2: reg 0x20: [io  0x0000-0x001f]
[    0.693552] pci 0000:00:0a.3: [8086:7113] type 00 class 0x068000
[    0.695119] pci 0000:00:0a.3: quirk: [io  0x1000-0x103f] claimed by PIIX4 ACPI
[    0.695831] pci 0000:00:0a.3: quirk: [io  0x1100-0x110f] claimed by PIIX4 SMB
[    0.699598] pci 0000:00:12.0: [1013:00b8] type 00 class 0x030000
[    0.700301] pci 0000:00:12.0: reg 0x10: [mem 0x00000000-0x01ffffff pref]
[    0.701183] pci 0000:00:12.0: reg 0x14: [mem 0x00000000-0x00000fff]
[    0.701913] pci 0000:00:12.0: reg 0x30: [mem 0x00000000-0x0000ffff pref]
[    0.704887] vgaarb: device added: PCI:0000:00:12.0,decodes=io+mem,owns=none,locks=none
[    0.706525] pci 0000:00:13.0: [8086:100e] type 00 class 0x020000
[    0.707221] pci 0000:00:13.0: reg 0x10: [mem 0x00000000-0x0001ffff]
[    0.707852] pci 0000:00:13.0: reg 0x14: [io  0x0000-0x003f]
[    0.708547] pci 0000:00:13.0: reg 0x30: [mem 0x00000000-0x0003ffff pref]
[    0.712132] pci 0000:00:14.0: [8086:100e] type 00 class 0x020000
[    0.712810] pci 0000:00:14.0: reg 0x10: [mem 0x00000000-0x0001ffff]
[    0.713440] pci 0000:00:14.0: reg 0x14: [io  0x0000-0x003f]
[    0.714314] pci 0000:00:14.0: reg 0x30: [mem 0x00000000-0x0003ffff pref]
[    0.717858] pci 0000:00:15.0: [8086:100e] type 00 class 0x020000
[    0.718753] pci 0000:00:15.0: reg 0x10: [mem 0x00000000-0x0001ffff]
[    0.719404] pci 0000:00:15.0: reg 0x14: [io  0x0000-0x003f]
[    0.720104] pci 0000:00:15.0: reg 0x30: [mem 0x00000000-0x0003ffff pref]
[    0.723712] pci 0000:00:16.0: [8086:100e] type 00 class 0x020000
[    0.724393] pci 0000:00:16.0: reg 0x10: [mem 0x00000000-0x0001ffff]
[    0.725024] pci 0000:00:16.0: reg 0x14: [io  0x0000-0x003f]
[    0.725716] pci 0000:00:16.0: reg 0x30: [mem 0x00000000-0x0003ffff pref]
[    0.729527] pci_bus 0000:00: busn_res: [bus 00-ff] end is updated to 00
[    0.731394] pci 0000:00:12.0: BAR 0: assigned [mem 0x10000000-0x11ffffff pref]
[    0.732253] pci 0000:00:13.0: BAR 6: assigned [mem 0x12000000-0x1203ffff pref]
[    0.733025] pci 0000:00:14.0: BAR 6: assigned [mem 0x12040000-0x1207ffff pref]
[    0.733751] pci 0000:00:15.0: BAR 6: assigned [mem 0x12080000-0x120bffff pref]
[    0.734476] pci 0000:00:16.0: BAR 6: assigned [mem 0x120c0000-0x120fffff pref]
[    0.735370] pci 0000:00:13.0: BAR 0: assigned [mem 0x12100000-0x1211ffff]
[    0.736088] pci 0000:00:14.0: BAR 0: assigned [mem 0x12120000-0x1213ffff]
[    0.736786] pci 0000:00:15.0: BAR 0: assigned [mem 0x12140000-0x1215ffff]
[    0.737493] pci 0000:00:16.0: BAR 0: assigned [mem 0x12160000-0x1217ffff]
[    0.738213] pci 0000:00:12.0: BAR 6: assigned [mem 0x12180000-0x1218ffff pref]
[    0.738932] pci 0000:00:12.0: BAR 1: assigned [mem 0x12190000-0x12190fff]
[    0.739868] pci 0000:00:13.0: BAR 1: assigned [io  0x1040-0x107f]
[    0.740522] pci 0000:00:14.0: BAR 1: assigned [io  0x1080-0x10bf]
[    0.741166] pci 0000:00:15.0: BAR 1: assigned [io  0x10c0-0x10ff]
[    0.741823] pci 0000:00:16.0: BAR 1: assigned [io  0x1400-0x143f]
[    0.742481] pci 0000:00:0a.2: BAR 4: assigned [io  0x1440-0x145f]
[    0.743132] pci 0000:00:0a.1: BAR 4: assigned [io  0x1460-0x146f]
[    0.763580] cfg80211: Calling CRDA to update world regulatory domain
[    0.779411] Switched to clocksource MIPS
[    0.910688] NET: Registered protocol family 2
[    0.924852] TCP established hash table entries: 2048 (order: 1, 8192 bytes)
[    0.926160] TCP bind hash table entries: 2048 (order: 1, 8192 bytes)
[    0.927588] TCP: Hash tables configured (established 2048 bind 2048)
[    0.928878] UDP hash table entries: 256 (order: 0, 4096 bytes)
[    0.929678] UDP-Lite hash table entries: 256 (order: 0, 4096 bytes)
[    0.934347] NET: Registered protocol family 1
[    0.936455] PCI: Enabling device 0000:00:0a.2 (0000 -> 0001)
[    0.938181] PCI: CLS 0 bytes, default 16
[    0.975346] futex hash table entries: 256 (order: -1, 3072 bytes)
[    0.994725] squashfs: version 4.0 (2009/01/31) Phillip Lougher
[    0.997762] jffs2: version 2.2. (NAND) Â© 2001-2006 Red Hat, Inc.
[    1.001754] romfs: ROMFS MTD (C) 2007 Red Hat, Inc.
[    1.029692] Block layer SCSI generic (bsg) driver version 0.4 loaded (major 251)
[    1.030463] io scheduler noop registered
[    1.031303] io scheduler cfq registered (default)
[    1.032832] firmadyne: devfs: 1, execute: 1, procfs: 1, syscall: 1
[    1.039359] firmadyne: Cannot register character device: gpio, 0xfc, 0x0!
[    1.049402] firmadyne: Cannot register character device: watchdog, 0xa, 0x82!
[    1.049983] firmadyne: Cannot register character device: wdt, 0xfd, 0x0!
[    3.009574] strName = 4.1.17+
[    3.009574] init_task_addr  = 2155778944
[    3.009574] init_task_size  = 1296
[    3.009574] ts_tasks        = 292
[    3.009574] ts_pid          = 408
[    3.009574] ts_tgid         = 412
[    3.009574] ts_group_leader = 440
[    3.009574] ts_thread_group = 496
[    3.009574] ts_real_parent  = 416
[    3.009574] ts_mm           = 300
[    3.009574] ts_stack        = 4
[    3.012814] module_name   = 12
[    3.012814] module_size   = 208
[    3.012814] module_init   = 200
[    3.012814] module_list   = 4
[    3.013962] ts_real_cred    = 624
[    3.013962] ts_cred         = 628
[    3.013962] ts_comm         = 632
[    3.013962] cred_uid        = 4
[    3.013962] cred_gid        = 8
[    3.013962] cred_euid       = 20
[    3.013962] cred_egid       = 24
[    3.016045] mm_mmap         = 0
[    3.016045] mm_pgd          = 32
[    3.016045] mm_arg_start    = 136
[    3.016045] mm_start_brk    = 124
[    3.016045] mm_brk          = 128
[    3.016045] mm_start_stack  = 132
[    3.017670] vma_vm_start    = 0
[    3.017670] vma_vm_end      = 4
[    3.017670] vma_vm_next     = 8
[    3.017670] vma_vm_file     = 80
[    3.017670] vma_vm_flags    = 40
[    3.017670] vma_vm_pgoff    = 76
[    3.019312] file_dentry     = 12
[    3.019312] file_inode      = 40
[    3.019312] dentry_d_name   = 24
[    3.019312] dentry_d_iname  = 44
[    3.019312] dentry_d_parent = 16
[    3.019312] ti_task         = 0
[    3.019312] inode_ino   = 28
[    4.241908] proc_fork_connector  = 2151078840
[    4.242357] proc_exit_connector  = 2151080432
[    4.242762] proc_exec_connector  = 2151079052
[    4.243162] vma_link  = 2149124372
[    4.243697] vma_adjust  = 2149124540
[    4.244051] remove_vma  = 2149122188
[    4.244391] modules  = 2155833724
[    4.244724] trim_init_extable  = 2150545316
[    4.246226] cfg80211: Calling CRDA to update world regulatory domain
[    4.250230] PCI: Enabling device 0000:00:12.0 (0000 -> 0002)
[    4.251972] cirrusfb 0000:00:12.0: Cirrus Logic chipset on PCI bus, RAM (4096 kB) at 0x10000000
[    4.508456] Console: switching to colour frame buffer device 80x30
[    4.589026] Serial: 8250/16550 driver, 4 ports, IRQ sharing enabled
[    4.605828] console [ttyS0] disabled
[    4.633624] serial8250.0: ttyS0 at I/O 0x3f8 (irq = 4, base_baud = 115200) is a 16550A
[    4.634937] console [ttyS0] enabled
[    4.634937] console [ttyS0] enabled
[    4.635836] bootconsole [uart0] disabled
[    4.635836] bootconsole [uart0] disabled
[    4.667984] serial8250.0: ttyS1 at I/O 0x2f8 (irq = 3, base_baud = 115200) is a 16550A
[    4.809956] brd: module loaded
[    4.884480] loop: module loaded
[    4.892405] ata_piix 0000:00:0a.1: version 2.13
[    4.893079] PCI: Enabling device 0000:00:0a.1 (0000 -> 0001)
[    4.924161] scsi host0: ata_piix
[    4.930785] scsi host1: ata_piix
[    4.935577] ata1: PATA max UDMA/33 cmd 0x1f0 ctl 0x3f6 bmdma 0x1460 irq 14
[    4.936209] ata2: PATA max UDMA/33 cmd 0x170 ctl 0x376 bmdma 0x1468 irq 15
[    4.944244] [nandsim] warning: read_byte: unexpected data output cycle, state is STATE_READY return 0x0
[    4.944970] [nandsim] warning: read_byte: unexpected data output cycle, state is STATE_READY return 0x0
[    4.945675] [nandsim] warning: read_byte: unexpected data output cycle, state is STATE_READY return 0x0
[    4.946369] [nandsim] warning: read_byte: unexpected data output cycle, state is STATE_READY return 0x0
[    4.947066] [nandsim] warning: read_byte: unexpected data output cycle, state is STATE_READY return 0x0
[    4.947983] [nandsim] warning: read_byte: unexpected data output cycle, state is STATE_READY return 0x0
[    4.948889] nand: device found, Manufacturer ID: 0x98, Chip ID: 0x39
[    4.949418] nand: Toshiba NAND 128MiB 1,8V 8-bit
[    4.949902] nand: 128 MiB, SLC, erase size: 16 KiB, page size: 512, OOB size: 16
[    4.952043] flash size: 128 MiB
[    4.952370] page size: 512 bytes
[    4.952684] OOB area size: 16 bytes
[    4.953013] sector size: 16 KiB
[    4.953317] pages number: 262144
[    4.953627] pages per sector: 32
[    4.953938] bus width: 8
[    4.954211] bits in sector size: 14
[    4.954541] bits in page size: 9
[    4.954858] bits in OOB size: 4
[    4.955175] flash size with OOB: 135168 KiB
[    4.955744] page address bytes: 4
[    4.956075] sector address bytes: 3
[    4.956400] options: 0x42
[    5.057054] Scanning device for bad blocks
[    6.521400] ata2.01: NODEV after polling detection
[    6.522249] ata1.01: NODEV after polling detection
[    6.525191] ata2.00: ATAPI: QEMU DVD-ROM, 2.5+, max UDMA/100
[    6.531942] ata1.00: ATA-7: QEMU HARDDISK, 2.5+, max UDMA/100
[    6.532495] ata1.00: 2097152 sectors, multi 16: LBA48 
[    6.534839] ata2.00: configured for UDMA/33
[    6.537420] ata1.00: configured for UDMA/33
[    6.548029] scsi 0:0:0:0: Direct-Access     ATA      QEMU HARDDISK    2.5+ PQ: 0 ANSI: 5
[    6.566939] sd 0:0:0:0: [sda] 2097152 512-byte logical blocks: (1.07 GB/1.00 GiB)
[    6.569059] scsi 1:0:0:0: CD-ROM            QEMU     QEMU DVD-ROM     2.5+ PQ: 0 ANSI: 5
[    6.584577] sd 0:0:0:0: [sda] Write Protect is off
[    6.585195] sd 0:0:0:0: [sda] Mode Sense: 00 3a 00 00
[    6.587043] sd 0:0:0:0: [sda] Write cache: enabled, read cache: enabled, doesn't support DPO or FUA
[    6.601125]  sda: sda1
[    6.616182] sd 0:0:0:0: [sda] Attached SCSI disk
[    6.616853] Creating 11 MTD partitions on "NAND 128MiB 1,8V 8-bit":
[    6.617632] 0x000000000000-0x000000100000 : "NAND simulator partition 0"
[    6.631039] 0x000000100000-0x000000200000 : "NAND simulator partition 1"
[    6.643903] 0x000000200000-0x000000300000 : "NAND simulator partition 2"
[    6.656851] 0x000000300000-0x000000400000 : "NAND simulator partition 3"
[    6.669873] 0x000000400000-0x000000500000 : "NAND simulator partition 4"
[    6.682929] 0x000000500000-0x000000600000 : "NAND simulator partition 5"
[    6.696547] 0x000000600000-0x000000700000 : "NAND simulator partition 6"
[    6.710081] 0x000000700000-0x000000800000 : "NAND simulator partition 7"
[    6.723781] 0x000000800000-0x000000900000 : "NAND simulator partition 8"
[    6.736384] 0x000000900000-0x000000a00000 : "NAND simulator partition 9"
[    6.749062] 0x000000a00000-0x000008000000 : "NAND simulator partition 10"
[    6.804598] tun: Universal TUN/TAP device driver, 1.6
[    6.805044] tun: (C) 1999-2004 Max Krasnyansky <maxk@qualcomm.com>
[    6.809399] pcnet32: pcnet32.c:v1.35 21.Apr.2008 tsbogend@alpha.franken.de
[    6.810951] e1000: Intel(R) PRO/1000 Network Driver - version 7.3.21-k8-NAPI
[    6.811687] e1000: Copyright (c) 1999-2006 Intel Corporation.
[    6.812863] PCI: Enabling device 0000:00:13.0 (0000 -> 0003)
[    7.143315] e1000 0000:00:13.0 eth0: (PCI:33MHz:32-bit) 52:54:00:12:34:56
[    7.144367] e1000 0000:00:13.0 eth0: Intel(R) PRO/1000 Network Connection
[    7.145309] PCI: Enabling device 0000:00:14.0 (0000 -> 0003)
[    7.412975] cfg80211: Calling CRDA to update world regulatory domain
[    7.466989] e1000 0000:00:14.0 eth1: (PCI:33MHz:32-bit) 52:54:00:12:34:57
[    7.467966] e1000 0000:00:14.0 eth1: Intel(R) PRO/1000 Network Connection
[    7.468883] PCI: Enabling device 0000:00:15.0 (0000 -> 0003)
[    7.794011] e1000 0000:00:15.0 eth2: (PCI:33MHz:32-bit) 52:54:00:12:34:58
[    7.794848] e1000 0000:00:15.0 eth2: Intel(R) PRO/1000 Network Connection
[    7.795965] PCI: Enabling device 0000:00:16.0 (0000 -> 0003)
[    8.124707] e1000 0000:00:16.0 eth3: (PCI:33MHz:32-bit) 52:54:00:12:34:59
[    8.125412] e1000 0000:00:16.0 eth3: Intel(R) PRO/1000 Network Connection
[    8.127155] e1000e: Intel(R) PRO/1000 Network Driver - 2.3.2-k
[    8.127856] e1000e: Copyright(c) 1999 - 2014 Intel Corporation.
[    8.133763] PPP generic driver version 2.4.2
[    8.136747] PPP Deflate Compression module registered
[    8.137611] PPP MPPE Compression module registered
[    8.138170] NET: Registered protocol family 24
[    8.139112] ehci_hcd: USB 2.0 'Enhanced' Host Controller (EHCI) Driver
[    8.140001] ehci-pci: EHCI PCI platform driver
[    8.141518] ohci_hcd: USB 1.1 'Open' Host Controller (OHCI) Driver
[    8.142172] ohci-pci: OHCI PCI platform driver
[    8.143827] uhci_hcd: USB Universal Host Controller Interface driver
[    8.145992] uhci_hcd 0000:00:0a.2: UHCI Host Controller
[    8.147020] uhci_hcd 0000:00:0a.2: new USB bus registered, assigned bus number 1
[    8.148677] uhci_hcd 0000:00:0a.2: irq 11, io base 0x00001440
[    8.163296] hub 1-0:1.0: USB hub found
[    8.164448] hub 1-0:1.0: 2 ports detected
[    8.176961] usbcore: registered new interface driver usb-storage
[    8.182564] mousedev: PS/2 mouse device common for all mice
[    8.190888] rtc_cmos rtc_cmos: rtc core: registered rtc_cmos as rtc0
[    8.192074] rtc_cmos rtc_cmos: alarms up to one day, 242 bytes nvram
[    8.193957] i2c /dev entries driver
[    8.195754] piix4_smbus 0000:00:0a.3: SMBus Host Controller at 0x1100, revision 0
[    8.201959] sdhci: Secure Digital Host Controller Interface driver
[    8.202470] sdhci: Copyright(c) Pierre Ossman
[    8.205720] hidraw: raw HID events driver (C) Jiri Kosina
[    8.230499] usbcore: registered new interface driver usbhid
[    8.230983] usbhid: USB HID core driver
[    8.232559] Netfilter messages via NETLINK v0.30.
[    8.234304] nf_conntrack version 0.5.0 (3923 buckets, 15692 max)
[    8.238688] ctnetlink v0.93: registering with nfnetlink.
[    8.246309] ipip: IPv4 over IPv4 tunneling driver
[    8.262474] ip_tables: (C) 2000-2006 Netfilter Core Team
[    8.266274] arp_tables: (C) 2002 David S. Miller
[    8.268913] Initializing XFRM netlink socket
[    8.270464] NET: Registered protocol family 10
[    8.300343] ip6_tables: (C) 2000-2006 Netfilter Core Team
[    8.305292] sit: IPv6 over IPv4 tunneling driver
[    8.328215] NET: Registered protocol family 17
[    8.329428] bridge: automatic filtering via arp/ip/ip6tables has been deprecated. Update your scripts to load br_netfilter if you need this.
[    8.330921] Bridge firewalling registered
[    8.331624] Ebtables v2.0 registered
[    8.334451] 8021q: 802.1Q VLAN Support v1.8
[    8.362664] rtc_cmos rtc_cmos: setting system clock to 2025-07-23 01:49:10 UTC (1753235350)
[    8.390093] EXT2-fs (sda1): warning: mounting unchecked fs, running e2fsck is recommended
[    8.392782] VFS: Mounted root (ext2 filesystem) on device 8:1.
[    8.404575] Freeing YAMON memory: 956k freed
[    8.418386] Freeing unused kernel memory: 260K (8081f000 - 80860000)
[    8.476288] firmadyne: sys_reboot[PID: 48 (init)]: magic1:fee1dead, magic2:28121969, cmd:0
[    8.492343] firmadyne: sys_socket[PID: 1 (init)]: family:1, type:1, protocol:0
[    8.500870] firmadyne: sys_socket[PID: 1 (init)]: family:1, type:2, protocol:0
init started: BusyBox v1.13.4 (2013-01-08 14:28:07 CST)
[    8.530805] firmadyne: sys_socket[PID: 49 (init)]: family:1, type:1, protocol:0
[    8.532853] firmadyne: sys_socket[PID: 49 (init)]: family:1, type:2, protocol:0
[    8.633989] firmadyne: do_execve: /firmadyne/console
[    8.634761] OFFSETS: offset of pid: 0x198 offset of comm: 0x278
[    8.727839] spurious 8259A interrupt: IRQ7.
$Starting bkcfg:---->
illegal cfg sign
RestoreConfig(): illegal filesize=-1
[    9.561982] random: cfg urandom read with 99 bits of entropy available
$Starting save config by bkcfg:---->
remember to reboot your camera...
set time zone from city:[(GMT-08:00) Pacific Time(US & Canada); Tijuana]
[   10.557924] cfg80211: Calling CRDA to update world regulatory domain

$Insert kernel module: ---->
$Insert driver module: ---->
[   10.730251] random: nonblocking pool is initialized
[   11.359226] firmadyne: sys_socket[PID: 92 (ifconfig)]: family:2, type:1, protocol:0
[   11.363462] firmadyne: __inet_insert_ifa[PID: 92 (ifconfig)]: device:lo ifa:0x7f000001
[   11.368267] firmadyne: __inet_insert_ifa[PID: 92 (ifconfig)]: device:lo ifa:0x7f000001
[   11.423469] firmadyne: sys_socket[PID: 93 (brctl)]: family:2, type:2, protocol:0
MAC=00:12:34:56:78:90
racfg: Wireless Exist: 0
[   11.580659] firmadyne: sys_socket[PID: 95 (ifconfig)]: family:2, type:1, protocol:0
[   11.583420] firmadyne: __inet_insert_ifa[PID: 95 (ifconfig)]: device:eth0 ifa:0x00000000
[   11.597227] IPv6: ADDRCONF(NETDEV_UP): eth0: link is not ready
[   11.597905] 8021q: adding VLAN 0 to HW filter on device eth0
[   11.604095] e1000: eth0 NIC Link is Up 1000 Mbps Full Duplex, Flow Control: RX
[   11.606236] IPv6: ADDRCONF(NETDEV_CHANGE): eth0: link becomes ready
[   11.636101] firmadyne: sys_socket[PID: 96 (ifconfig)]: family:2, type:1, protocol:0
[   11.692168] firmadyne: sys_socket[PID: 97 (brctl)]: family:2, type:2, protocol:0
[   11.696016] firmadyne: sys_socket[PID: 97 (brctl)]: family:2, type:1, protocol:0
[   11.699689] firmadyne: sys_socket[PID: 97 (brctl)]: family:2, type:1, protocol:0
[   11.701371] firmadyne: br_add_if[PID: 97 (brctl)]: br:br0 dev:eth0
[   11.708279] device eth0 entered promiscuous mode
[   11.760720] firmadyne: sys_socket[PID: 98 (brctl)]: family:2, type:2, protocol:0
[   11.764403] firmadyne: sys_socket[PID: 98 (brctl)]: family:2, type:1, protocol:0
[   11.818168] firmadyne: sys_socket[PID: 99 (brctl)]: family:2, type:2, protocol:0
[   11.821714] firmadyne: sys_socket[PID: 99 (brctl)]: family:2, type:1, protocol:0
Launch hw monitor...
hwmon.c: IRLED, LSENS, Enable
hwmon.c: open hwmon node fail!
Set Date&Time to 2011/01/01 00:00:00
Sat Jan  1 00:00:00 PST 2011

$Starting audio adjusting ---->

Starting DHCP Client ....
[   13.699822] cfg80211: Calling CRDA to update world regulatory domain
[   13.881998] firmadyne: sys_socket[PID: 118 (ifconfig)]: family:2, type:1, protocol:0
[   13.916374] firmadyne: sys_socket[PID: 119 (udhcpc)]: family:2, type:3, protocol:255
udhcpc (v1.13.4) started
[   14.045119] firmadyne: sys_socket[PID: 122 (ifconfig)]: family:2, type:1, protocol:0
[   14.048114] firmadyne: __inet_insert_ifa[PID: 122 (ifconfig)]: device:br0 ifa:0x00000000
[   14.049804] br0: port 1(eth0) entered forwarding state
[   14.050845] br0: port 1(eth0) entered forwarding state
[   14.064374] firmadyne: sys_socket[PID: 119 (udhcpc)]: family:17, type:1, protocol:2048
[   14.065788] firmadyne: sys_setsockopt[PID: 119 (udhcpc)]: fd:5, level:65535, optname:26
Sending discover...
[   14.073346] firmadyne: sys_socket[PID: 119 (udhcpc)]: family:17, type:1, protocol:2048
Sending select for 10.0.2.15...
[   14.086885] firmadyne: sys_socket[PID: 119 (udhcpc)]: family:17, type:1, protocol:2048
Lease of 10.0.2.15 obtained, lease time 86400
[   14.218013] firmadyne: sys_socket[PID: 125 (ifconfig)]: family:2, type:1, protocol:0
[   14.220960] firmadyne: __inet_insert_ifa[PID: 125 (ifconfig)]: device:br0 ifa:0x0a00020f
[   14.226473] firmadyne: __inet_insert_ifa[PID: 125 (ifconfig)]: device:br0 ifa:0x0a00020f
deleting routers
[   14.253562] firmadyne: sys_socket[PID: 126 (route)]: family:2, type:1, protocol:0
route: SIOCDELRT: No such process
[   14.318832] firmadyne: sys_socket[PID: 127 (iff_get)]: family:2, type:1, protocol:0
[   14.363441] firmadyne: sys_socket[PID: 128 (logger)]: family:1, type:1, protocol:0
[   14.365584] firmadyne: sys_socket[PID: 128 (logger)]: family:1, type:2, protocol:0
[   14.389855] firmadyne: sys_socket[PID: 129 (route)]: family:2, type:1, protocol:0
adding dns 10.0.2.3
[   15.048810] br0: port 1(eth0) entered forwarding state
[   15.688093] firmadyne: sys_socket[PID: 134 (udhcpc)]: family:2, type:3, protocol:255
udhcpc (v1.13.4) started
[   15.812964] firmadyne: sys_socket[PID: 137 (ifconfig)]: family:2, type:1, protocol:0
[   15.817140] firmadyne: __inet_insert_ifa[PID: 137 (ifconfig)]: device:br0 ifa:0x00000000
[   15.825567] firmadyne: sys_socket[PID: 134 (udhcpc)]: family:17, type:1, protocol:2048
[   15.826773] firmadyne: sys_setsockopt[PID: 134 (udhcpc)]: fd:5, level:65535, optname:26
Sending discover...
[   15.832050] firmadyne: sys_socket[PID: 134 (udhcpc)]: family:17, type:1, protocol:2048
Sending select for 10.0.2.15...
[   15.838172] firmadyne: sys_socket[PID: 134 (udhcpc)]: family:17, type:1, protocol:2048
Lease of 10.0.2.15 obtained, lease time 86400
[   15.977105] firmadyne: sys_socket[PID: 140 (ifconfig)]: family:2, type:1, protocol:0
[   15.980107] firmadyne: __inet_insert_ifa[PID: 140 (ifconfig)]: device:br0 ifa:0x0a00020f
[   15.984798] firmadyne: __inet_insert_ifa[PID: 140 (ifconfig)]: device:br0 ifa:0x0a00020f
deleting routers
[   16.011739] firmadyne: sys_socket[PID: 141 (route)]: family:2, type:1, protocol:0
route: SIOCDELRT: No such process
[   16.076235] firmadyne: sys_socket[PID: 142 (iff_get)]: family:2, type:1, protocol:0
[   16.117222] firmadyne: sys_socket[PID: 143 (logger)]: family:1, type:1, protocol:0
[   16.119108] firmadyne: sys_socket[PID: 143 (logger)]: family:1, type:2, protocol:0
[   16.143166] firmadyne: sys_socket[PID: 144 (route)]: family:2, type:1, protocol:0
adding dns 10.0.2.3
[   16.188639] firmadyne: sys_socket[PID: 146 (logger)]: family:1, type:1, protocol:0
[   16.190517] firmadyne: sys_socket[PID: 146 (logger)]: family:1, type:2, protocol:0
[   16.217440] firmadyne: sys_socket[PID: 147 (route)]: family:2, type:1, protocol:0
racfg: Wireless Exist: 0
Setting Hostname: TV-IP121-001234567890
[   16.844396] cfg80211: Calling CRDA to update world regulatory domain
[   16.866380] firmadyne: sys_socket[PID: 173 (ifconfig)]: family:2, type:1, protocol:0
[   16.869907] firmadyne: sys_socket[PID: 173 (ifconfig)]: family:2, type:1, protocol:0
br0       Link encap:Ethernet  HWaddr 00:12:34:56:78:90  
          inet addr:10.0.2.15  Bcast:10.0.2.255  Mask:255.255.255.0
          inet6 addr: fec0::212:34ff:fe56:7890/64 Scope:Site
          inet6 addr: fe80::212:34ff:fe56:7890/64 Scope:Link
          UP BROADCAST RUNNING MULTICAST  MTU:1500  Metric:1
          RX packets:5 errors:0 dropped:0 overruns:0 frame:0
          TX packets:11 errors:0 dropped:0 overruns:0 carrier:0
          collisions:0 txqueuelen:0 
          RX bytes:2400 (2.3 KiB)  TX bytes:2946 (2.8 KiB)

[   16.899223] firmadyne: sys_socket[PID: 173 (ifconfig)]: family:2, type:1, protocol:0
eth0      Link encap:Ethernet  HWaddr 00:12:34:56:78:90  
          inet6 addr: fe80::5054:ff:fe12:3456/64 Scope:Link
          UP BROADCAST RUNNING MULTICAST  MTU:1500  Metric:1
          RX packets:6 errors:0 dropped:0 overruns:0 frame:0
          TX packets:17 errors:0 dropped:0 overruns:0 carrier:0
          collisions:0 txqueuelen:1000 
          RX bytes:2580 (2.5 KiB)  TX bytes:3454 (3.3 KiB)

[   16.921150] firmadyne: sys_socket[PID: 173 (ifconfig)]: family:2, type:1, protocol:0
eth1      Link encap:Ethernet  HWaddr 52:54:00:12:34:57  
          BROADCAST MULTICAST  MTU:1500  Metric:1
          RX packets:0 errors:0 dropped:0 overruns:0 frame:0
          TX packets:0 errors:0 dropped:0 overruns:0 carrier:0
          collisions:0 txqueuelen:1000 
          RX bytes:0 (0.0 B)  TX bytes:0 (0.0 B)

[   16.939316] firmadyne: sys_socket[PID: 173 (ifconfig)]: family:2, type:1, protocol:0
eth2      Link encap:Ethernet  HWaddr 52:54:00:12:34:58  
          BROADCAST MULTICAST  MTU:1500  Metric:1
          RX packets:0 errors:0 dropped:0 overruns:0 frame:0
          TX packets:0 errors:0 dropped:0 overruns:0 carrier:0
          collisions:0 txqueuelen:1000 
          RX bytes:0 (0.0 B)  TX bytes:0 (0.0 B)

[   16.957710] firmadyne: sys_socket[PID: 173 (ifconfig)]: family:2, type:1, protocol:0
eth3      Link encap:Ethernet  HWaddr 52:54:00:12:34:59  
          BROADCAST MULTICAST  MTU:1500  Metric:1
          RX packets:0 errors:0 dropped:0 overruns:0 frame:0
          TX packets:0 errors:0 dropped:0 overruns:0 carrier:0
          collisions:0 txqueuelen:1000 
          RX bytes:0 (0.0 B)  TX bytes:0 (0.0 B)

[   16.975994] firmadyne: sys_socket[PID: 173 (ifconfig)]: family:2, type:1, protocol:0
ip6tnl0   Link encap:UNSPEC  HWaddr 00-00-00-00-00-00-00-00-00-00-00-00-00-00-00-00  
          NOARP  MTU:1452  Metric:1
          RX packets:0 errors:0 dropped:0 overruns:0 frame:0
          TX packets:0 errors:0 dropped:0 overruns:0 carrier:0
          collisions:0 txqueuelen:0 
          RX bytes:0 (0.0 B)  TX bytes:0 (0.0 B)

[   16.994963] firmadyne: sys_socket[PID: 173 (ifconfig)]: family:2, type:1, protocol:0
lo        Link encap:Local Loopback  
          inet addr:127.0.0.1  Mask:255.0.0.0
          inet6 addr: ::1/128 Scope:Host
          UP LOOPBACK RUNNING  MTU:65536  Metric:1
          RX packets:0 errors:0 dropped:0 overruns:0 frame:0
          TX packets:0 errors:0 dropped:0 overruns:0 carrier:0
          collisions:0 txqueuelen:0 
          RX bytes:0 (0.0 B)  TX bytes:0 (0.0 B)

[   17.015970] firmadyne: sys_socket[PID: 173 (ifconfig)]: family:2, type:1, protocol:0
sit0      Link encap:IPv6-in-IPv4  
          NOARP  MTU:1480  Metric:1
          RX packets:0 errors:0 dropped:0 overruns:0 frame:0
          TX packets:0 errors:0 dropped:0 overruns:0 carrier:0
          collisions:0 txqueuelen:0 
          RX bytes:0 (0.0 B)  TX bytes:0 (0.0 B)

[   17.032814] firmadyne: sys_socket[PID: 173 (ifconfig)]: family:2, type:1, protocol:0
tunl0     Link encap:UNSPEC  HWaddr 00-00-00-00-6B-AC-00-4A-00-00-00-00-00-00-00-00  
          NOARP  MTU:1480  Metric:1
          RX packets:0 errors:0 dropped:0 overruns:0 frame:0
          TX packets:0 errors:0 dropped:0 overruns:0 carrier:0
          collisions:0 txqueuelen:0 
          RX bytes:0 (0.0 B)  TX bytes:0 (0.0 B)


[   17.136189] firmadyne: sys_socket[PID: 176 (syslogd)]: family:1, type:1, protocol:0
Sensor: Initial UVC device!
Sensor: Caon't open device!
Sensor: Init v4L2 failed!
camsvr: Initial sensor fail!
Sound: Unable to open device file /dev/dsp0
camsvr: not support audio!
rinbuf: ftp - rbInitial: semaphore create fail!
camsvr: ftp attach ring buffer fail
rinbuf: motion - rbInitial: semaphore create fail!
camsvr: motion attach ring buffer fail
Psensor: Caon't open device!
Psensor: Caon't open device!
Psensor: Caon't open device!
Psensor: Caon't open device!
Psensor: Caon't open device!
HWmon update
cammsger: Send Inform...
[   19.987870] cfg80211: Calling CRDA to update world regulatory domain
tls=0
ttls=
[   21.147991] firmadyne: sys_socket[PID: 258 (logger)]: family:1, type:1, protocol:0
Setting Iptables Ruleset
[   21.292011] firmadyne: sys_socket[PID: 260 (iptables)]: family:2, type:3, protocol:255
[   21.298584] firmadyne: sys_setsockopt[PID: 260 (iptables)]: fd:3, level:0, optname:64
[   21.301185] firmadyne: sys_setsockopt[PID: 260 (iptables)]: fd:3, level:0, optname:65
[   21.382756] firmadyne: sys_socket[PID: 261 (iptables)]: family:2, type:3, protocol:255
[   21.388986] firmadyne: sys_setsockopt[PID: 261 (iptables)]: fd:3, level:0, optname:64
[   21.390963] firmadyne: sys_setsockopt[PID: 261 (iptables)]: fd:3, level:0, optname:65
[   21.474398] firmadyne: sys_socket[PID: 262 (iptables)]: family:2, type:3, protocol:255
[   21.480896] firmadyne: sys_setsockopt[PID: 262 (iptables)]: fd:3, level:0, optname:64
[   21.482893] firmadyne: sys_setsockopt[PID: 262 (iptables)]: fd:3, level:0, optname:65
[   21.564282] firmadyne: sys_socket[PID: 263 (iptables)]: family:2, type:3, protocol:255
[   21.571008] firmadyne: sys_setsockopt[PID: 263 (iptables)]: fd:3, level:0, optname:64
[   21.573367] firmadyne: sys_setsockopt[PID: 263 (iptables)]: fd:3, level:0, optname:65
[   21.654316] firmadyne: sys_socket[PID: 264 (iptables)]: family:2, type:3, protocol:255
[   21.741377] firmadyne: sys_socket[PID: 265 (iptables)]: family:2, type:3, protocol:255
[   21.748282] firmadyne: sys_setsockopt[PID: 265 (iptables)]: fd:3, level:0, optname:64
[   21.750259] firmadyne: sys_setsockopt[PID: 265 (iptables)]: fd:3, level:0, optname:65
Setting Ip6tables Ruleset
[   21.962109] firmadyne: sys_socket[PID: 268 (ip6tables)]: family:10, type:3, protocol:255
[   21.968957] firmadyne: sys_setsockopt[PID: 268 (ip6tables)]: fd:3, level:41, optname:64
[   21.971482] firmadyne: sys_setsockopt[PID: 268 (ip6tables)]: fd:3, level:41, optname:65
[   22.053976] firmadyne: sys_socket[PID: 269 (ip6tables)]: family:10, type:3, protocol:255
[   22.060233] firmadyne: sys_setsockopt[PID: 269 (ip6tables)]: fd:3, level:41, optname:64
[   22.062402] firmadyne: sys_setsockopt[PID: 269 (ip6tables)]: fd:3, level:41, optname:65
[   22.145289] firmadyne: sys_socket[PID: 270 (ip6tables)]: family:10, type:3, protocol:255
[   22.151330] firmadyne: sys_setsockopt[PID: 270 (ip6tables)]: fd:3, level:41, optname:64
[   22.153722] firmadyne: sys_setsockopt[PID: 270 (ip6tables)]: fd:3, level:41, optname:65
[   22.234909] firmadyne: sys_socket[PID: 271 (ip6tables)]: family:10, type:3, protocol:255
[   22.242023] firmadyne: sys_setsockopt[PID: 271 (ip6tables)]: fd:3, level:41, optname:64
[   22.244416] firmadyne: sys_setsockopt[PID: 271 (ip6tables)]: fd:3, level:41, optname:65
[   22.342409] firmadyne: sys_socket[PID: 272 (ip6tables)]: family:10, type:3, protocol:255
[   22.430606] firmadyne: sys_socket[PID: 273 (ip6tables)]: family:10, type:3, protocol:255
[   22.437637] firmadyne: sys_setsockopt[PID: 273 (ip6tables)]: fd:3, level:41, optname:64
[   22.440046] firmadyne: sys_setsockopt[PID: 273 (ip6tables)]: fd:3, level:41, optname:65
[   23.133298] cfg80211: Calling CRDA to update world regulatory domain
Starting UPNP ....
Starting wanipd.sh ....
racfg: Wireless Exist: 0
Starting IPFind...
Starting boa web server...
[   24.446275] firmadyne: sys_socket[PID: 282 (ipfind)]: family:2, type:1, protocol:0
[   24.451265] firmadyne: sys_setsockopt[PID: 282 (ipfind)]: fd:3, level:65535, optname:25
[   24.452727] firmadyne: sys_setsockopt[PID: 282 (ipfind)]: fd:3, level:65535, optname:4
[   24.453985] firmadyne: inet_bind[PID: 282 (ipfind)]: proto:SOCK_DGRAM, port:62720
[   25.371393] firmadyne: sys_socket[PID: 296 (ddns)]: family:2, type:2, protocol:0
[   25.425338] firmadyne: sys_socket[PID: 296 (ddns)]: family:2, type:1, protocol:17
[   25.532598] firmadyne: sys_socket[PID: 286 (boa)]: family:10, type:2, protocol:6
[   25.534318] firmadyne: sys_setsockopt[PID: 286 (boa)]: fd:4, level:65535, optname:4
[   26.280084] cfg80211: Calling CRDA to update world regulatory domain
check:0 ddns_check:0
[   26.759735] firmadyne: inet_accept[PID: 299 (boa)]:
[   26.776123] firmadyne: inet_accept[PID: 299 (boa)]:
[   26.894652] firmadyne: sys_socket[PID: 316 (ddns)]: family:2, type:2, protocol:0
[   26.904823] firmadyne: sys_socket[PID: 316 (ddns)]: family:2, type:1, protocol:17
