[    0.000000] Linux version 4.1.17+ (alessio@pc) (gcc version 5.5.0 20171010 (Ubuntu 5.5.0-12ubuntu1) ) #1 Mon May 15 23:04:08 CEST 2023
[    0.000000] earlycon: Early serial console at I/O port 0x3f8 (options '38400n8')
[    0.000000] bootconsole [uart0] enabled
[    0.000000] CPU0 revision is: 00019300 (MIPS 24Kc)
[    0.000000] FPU revision is: 00739300
[    0.000000] Software DMA cache coherency enabled
[    0.000000] Determined physical RAM map:
[    0.000000]  memory: 00001000 @ 00000000 (reserved)
[    0.000000]  memory: 000ef000 @ 00001000 (ROM data)
[    0.000000]  memory: 00798000 @ 000f0000 (reserved)
[    0.000000]  memory: 0f777000 @ 00888000 (usable)
[    0.000000] debug: ignoring loglevel setting.
[    0.000000] Wasting 69888 bytes for tracking 2184 unused pages
[    0.000000] Initrd not found or empty - disabling initrd
[    0.000000] Zone ranges:
[    0.000000]   DMA      [mem 0x0000000000000000-0x0000000000ffffff]
[    0.000000]   Normal   [mem 0x0000000001000000-0x000000000fffefff]
[    0.000000] Movable zone start for each node
[    0.000000] Early memory node ranges
[    0.000000]   node   0: [mem 0x0000000000000000-0x000000000fffefff]
[    0.000000] Initmem setup node 0 [mem 0x0000000000000000-0x000000000fffefff]
[    0.000000] On node 0 totalpages: 65535
[    0.000000] free_area_init_node: node 0, pgdat 8081d5b0, node_mem_map 81000000
[    0.000000]   DMA zone: 32 pages used for memmap
[    0.000000]   DMA zone: 0 pages reserved
[    0.000000]   DMA zone: 4096 pages, LIFO batch:0
[    0.000000]   Normal zone: 480 pages used for memmap
[    0.000000]   Normal zone: 61439 pages, LIFO batch:15
[    0.000000] Primary instruction cache 2kB, VIPT, 2-way, linesize 16 bytes.
[    0.000000] Primary data cache 2kB, 2-way, VIPT, no aliases, linesize 16 bytes
[    0.000000] pcpu-alloc: s0 r0 d32768 u32768 alloc=1*32768
[    0.000000] pcpu-alloc: [0] 0 
[    0.000000] Built 1 zonelists in Zone order, mobility grouping on.  Total pages: 65023
[    0.000000] Kernel command line: root=/dev/sda1 console=ttyS0 nandsim.parts=64,64,64,64,64,64,64,64,64,64 rdinit=/firmadyne/preInit.sh rw debug ignore_loglevel print-fatal-signals=1 FIRMAE_NET=true FIRMAE_NVRAM=true FIRMAE_KERNEL=true FIRMAE_ETC=true user_debug=0 firmadyne.syscall=1 noka
[    0.000000] found FIRMAE_KERNEL=t
[    0.000000] set the LD_PRELOAD=/firmadyne/libnvram_ioctl.so
[    0.000000] PID hash table entries: 1024 (order: 0, 4096 bytes)
[    0.000000] Dentry cache hash table entries: 32768 (order: 5, 131072 bytes)
[    0.000000] Inode-cache hash table entries: 16384 (order: 4, 65536 bytes)
[    0.000000] Writing ErrCtl register=00000000
[    0.000000] Readback ErrCtl register=00000000
[    0.000000] Memory: 251112K/262140K available (5360K kernel code, 244K rwdata, 1676K rodata, 260K init, 158K bss, 11028K reserved, 0K cma-reserved)
[    0.000000] NR_IRQS:256
[    0.000000] CPU frequency 200.00 MHz
[    0.000000] clocksource MIPS: mask: 0xffffffff max_cycles: 0xffffffff, max_idle_ns: 19112567771 ns
[    0.000182] sched_clock: 32 bits at 100MHz, resolution 9ns, wraps every 21474795515ns
[    0.012230] Console: colour dummy device 80x25
[    0.013173] Calibrating delay loop... 32.76 BogoMIPS (lpj=65536)
[    0.071540] pid_max: default: 32768 minimum: 301
[    0.075074] Mount-cache hash table entries: 1024 (order: 0, 4096 bytes)
[    0.075527] Mountpoint-cache hash table entries: 1024 (order: 0, 4096 bytes)
[    0.130614] clocksource jiffies: mask: 0xffffffff max_cycles: 0xffffffff, max_idle_ns: 7645041785100000 ns
[    0.140287] NET: Registered protocol family 16
[    0.376684] clocksource pit: mask: 0xffffffff max_cycles: 0xffffffff, max_idle_ns: 1601818034827 ns
[    0.514069] vgaarb: loaded
[    0.519354] SCSI subsystem initialized
[    0.521434] libata version 3.00 loaded.
[    0.525833] usbcore: registered new interface driver usbfs
[    0.527237] usbcore: registered new interface driver hub
[    0.528193] usbcore: registered new device driver usb
[    0.530586] pps_core: LinuxPPS API ver. 1 registered
[    0.531094] pps_core: Software ver. 5.3.6 - Copyright 2005-2007 Rodolfo Giometti <giometti@linux.it>
[    0.531955] PTP clock support registered
[    0.536148] PCI host bridge to bus 0000:00
[    0.536845] pci_bus 0000:00: root bus resource [mem 0x10000000-0x17ffffff]
[    0.537381] pci_bus 0000:00: root bus resource [io  0x1000-0x1fffff]
[    0.537918] pci_bus 0000:00: root bus resource [??? 0x00000000 flags 0x0]
[    0.538434] pci_bus 0000:00: No busn resource found for root bus, will use [bus 00-ff]
[    0.539848] pci 0000:00:00.0: [11ab:4620] type 00 class 0x060000
[    0.540714] pci 0000:00:00.0: [Firmware Bug]: reg 0x14: invalid BAR (can't size)
[    0.541242] pci 0000:00:00.0: [Firmware Bug]: reg 0x18: invalid BAR (can't size)
[    0.542066] pci 0000:00:00.0: [Firmware Bug]: reg 0x1c: invalid BAR (can't size)
[    0.542675] pci 0000:00:00.0: [Firmware Bug]: reg 0x20: invalid BAR (can't size)
[    0.543218] pci 0000:00:00.0: [Firmware Bug]: reg 0x24: invalid BAR (can't size)
[    0.546876] pci 0000:00:0a.0: [8086:7110] type 00 class 0x060100
[    0.549976] pci 0000:00:0a.1: [8086:7111] type 00 class 0x010180
[    0.550670] pci 0000:00:0a.1: reg 0x20: [io  0x0000-0x000f]
[    0.551180] pci 0000:00:0a.1: legacy IDE quirk: reg 0x10: [io  0x01f0-0x01f7]
[    0.551676] pci 0000:00:0a.1: legacy IDE quirk: reg 0x14: [io  0x03f6]
[    0.552301] pci 0000:00:0a.1: legacy IDE quirk: reg 0x18: [io  0x0170-0x0177]
[    0.552801] pci 0000:00:0a.1: legacy IDE quirk: reg 0x1c: [io  0x0376]
[    0.555624] pci 0000:00:0a.2: [8086:7112] type 00 class 0x0c0300
[    0.556339] pci 0000:00:0a.2: reg 0x20: [io  0x0000-0x001f]
[    0.559448] pci 0000:00:0a.3: [8086:7113] type 00 class 0x068000
[    0.560763] pci 0000:00:0a.3: quirk: [io  0x1000-0x103f] claimed by PIIX4 ACPI
[    0.561312] pci 0000:00:0a.3: quirk: [io  0x1100-0x110f] claimed by PIIX4 SMB
[    0.564198] pci 0000:00:12.0: [1013:00b8] type 00 class 0x030000
[    0.564904] pci 0000:00:12.0: reg 0x10: [mem 0x00000000-0x01ffffff pref]
[    0.565419] pci 0000:00:12.0: reg 0x14: [mem 0x00000000-0x00000fff]
[    0.565989] pci 0000:00:12.0: reg 0x30: [mem 0x00000000-0x0000ffff pref]
[    0.568272] vgaarb: device added: PCI:0000:00:12.0,decodes=io+mem,owns=none,locks=none
[    0.569486] pci 0000:00:13.0: [8086:100e] type 00 class 0x020000
[    0.570030] pci 0000:00:13.0: reg 0x10: [mem 0x00000000-0x0001ffff]
[    0.570565] pci 0000:00:13.0: reg 0x14: [io  0x0000-0x003f]
[    0.571133] pci 0000:00:13.0: reg 0x30: [mem 0x00000000-0x0003ffff pref]
[    0.573901] pci 0000:00:14.0: [8086:100e] type 00 class 0x020000
[    0.574442] pci 0000:00:14.0: reg 0x10: [mem 0x00000000-0x0001ffff]
[    0.575158] pci 0000:00:14.0: reg 0x14: [io  0x0000-0x003f]
[    0.575837] pci 0000:00:14.0: reg 0x30: [mem 0x00000000-0x0003ffff pref]
[    0.578852] pci 0000:00:15.0: [8086:100e] type 00 class 0x020000
[    0.579408] pci 0000:00:15.0: reg 0x10: [mem 0x00000000-0x0001ffff]
[    0.579919] pci 0000:00:15.0: reg 0x14: [io  0x0000-0x003f]
[    0.580462] pci 0000:00:15.0: reg 0x30: [mem 0x00000000-0x0003ffff pref]
[    0.583258] pci 0000:00:16.0: [8086:100e] type 00 class 0x020000
[    0.583793] pci 0000:00:16.0: reg 0x10: [mem 0x00000000-0x0001ffff]
[    0.584284] pci 0000:00:16.0: reg 0x14: [io  0x0000-0x003f]
[    0.584900] pci 0000:00:16.0: reg 0x30: [mem 0x00000000-0x0003ffff pref]
[    0.587945] pci_bus 0000:00: busn_res: [bus 00-ff] end is updated to 00
[    0.589687] pci 0000:00:12.0: BAR 0: assigned [mem 0x10000000-0x11ffffff pref]
[    0.590359] pci 0000:00:13.0: BAR 6: assigned [mem 0x12000000-0x1203ffff pref]
[    0.590949] pci 0000:00:14.0: BAR 6: assigned [mem 0x12040000-0x1207ffff pref]
[    0.591502] pci 0000:00:15.0: BAR 6: assigned [mem 0x12080000-0x120bffff pref]
[    0.592366] pci 0000:00:16.0: BAR 6: assigned [mem 0x120c0000-0x120fffff pref]
[    0.593129] pci 0000:00:13.0: BAR 0: assigned [mem 0x12100000-0x1211ffff]
[    0.593861] pci 0000:00:14.0: BAR 0: assigned [mem 0x12120000-0x1213ffff]
[    0.594401] pci 0000:00:15.0: BAR 0: assigned [mem 0x12140000-0x1215ffff]
[    0.594968] pci 0000:00:16.0: BAR 0: assigned [mem 0x12160000-0x1217ffff]
[    0.595534] pci 0000:00:12.0: BAR 6: assigned [mem 0x12180000-0x1218ffff pref]
[    0.596094] pci 0000:00:12.0: BAR 1: assigned [mem 0x12190000-0x12190fff]
[    0.596663] pci 0000:00:13.0: BAR 1: assigned [io  0x1040-0x107f]
[    0.597154] pci 0000:00:14.0: BAR 1: assigned [io  0x1080-0x10bf]
[    0.597673] pci 0000:00:15.0: BAR 1: assigned [io  0x10c0-0x10ff]
[    0.598304] pci 0000:00:16.0: BAR 1: assigned [io  0x1400-0x143f]
[    0.598805] pci 0000:00:0a.2: BAR 4: assigned [io  0x1440-0x145f]
[    0.599301] pci 0000:00:0a.1: BAR 4: assigned [io  0x1460-0x146f]
[    0.615448] cfg80211: Calling CRDA to update world regulatory domain
[    0.627830] Switched to clocksource MIPS
[    0.731515] NET: Registered protocol family 2
[    0.742958] TCP established hash table entries: 2048 (order: 1, 8192 bytes)
[    0.744297] TCP bind hash table entries: 2048 (order: 1, 8192 bytes)
[    0.745242] TCP: Hash tables configured (established 2048 bind 2048)
[    0.746263] UDP hash table entries: 256 (order: 0, 4096 bytes)
[    0.746874] UDP-Lite hash table entries: 256 (order: 0, 4096 bytes)
[    0.750357] NET: Registered protocol family 1
[    0.751976] PCI: Enabling device 0000:00:0a.2 (0000 -> 0001)
[    0.753339] PCI: CLS 0 bytes, default 16
[    0.783775] futex hash table entries: 256 (order: -1, 3072 bytes)
[    0.799125] squashfs: version 4.0 (2009/01/31) Phillip Lougher
[    0.801539] jffs2: version 2.2. (NAND) Â© 2001-2006 Red Hat, Inc.
[    0.804677] romfs: ROMFS MTD (C) 2007 Red Hat, Inc.
[    0.826951] Block layer SCSI generic (bsg) driver version 0.4 loaded (major 251)
[    0.827559] io scheduler noop registered
[    0.828404] io scheduler cfq registered (default)
[    0.829304] firmadyne: devfs: 1, execute: 1, procfs: 1, syscall: 1
[    0.834462] firmadyne: Cannot register character device: gpio, 0xfc, 0x0!
[    0.842289] firmadyne: Cannot register character device: watchdog, 0xa, 0x82!
[    0.842747] firmadyne: Cannot register character device: wdt, 0xfd, 0x0!
[    2.425408] strName = 4.1.17+
[    2.425408] init_task_addr  = 2155778944
[    2.425408] init_task_size  = 1296
[    2.425408] ts_tasks        = 292
[    2.425408] ts_pid          = 408
[    2.425408] ts_tgid         = 412
[    2.425408] ts_group_leader = 440
[    2.425408] ts_thread_group = 496
[    2.425408] ts_real_parent  = 416
[    2.425408] ts_mm           = 300
[    2.425408] ts_stack        = 4
[    2.427491] module_name   = 12
[    2.427491] module_size   = 208
[    2.427491] module_init   = 200
[    2.427491] module_list   = 4
[    2.428512] ts_real_cred    = 624
[    2.428512] ts_cred         = 628
[    2.428512] ts_comm         = 632
[    2.428512] cred_uid        = 4
[    2.428512] cred_gid        = 8
[    2.428512] cred_euid       = 20
[    2.428512] cred_egid       = 24
[    2.429824] mm_mmap         = 0
[    2.429824] mm_pgd          = 32
[    2.429824] mm_arg_start    = 136
[    2.429824] mm_start_brk    = 124
[    2.429824] mm_brk          = 128
[    2.429824] mm_start_stack  = 132
[    2.430981] vma_vm_start    = 0
[    2.430981] vma_vm_end      = 4
[    2.430981] vma_vm_next     = 8
[    2.430981] vma_vm_file     = 80
[    2.430981] vma_vm_flags    = 40
[    2.430981] vma_vm_pgoff    = 76
[    2.432293] file_dentry     = 12
[    2.432293] file_inode      = 40
[    2.432293] dentry_d_name   = 24
[    2.432293] dentry_d_iname  = 44
[    2.432293] dentry_d_parent = 16
[    2.432293] ti_task         = 0
[    2.432293] inode_ino   = 28
[    3.378042] proc_fork_connector  = 2151078840
[    3.378391] proc_exit_connector  = 2151080432
[    3.378703] proc_exec_connector  = 2151079052
[    3.378995] vma_link  = 2149124372
[    3.379252] vma_adjust  = 2149124540
[    3.379538] remove_vma  = 2149122188
[    3.379945] modules  = 2155833724
[    3.380206] trim_init_extable  = 2150545316
[    3.383446] PCI: Enabling device 0000:00:12.0 (0000 -> 0002)
[    3.384800] cirrusfb 0000:00:12.0: Cirrus Logic chipset on PCI bus, RAM (4096 kB) at 0x10000000
[    3.616751] Console: switching to colour frame buffer device 80x30
[    3.678800] Serial: 8250/16550 driver, 4 ports, IRQ sharing enabled
[    3.691593] console [ttyS0] disabled
[    3.717607] serial8250.0: ttyS0 at I/O 0x3f8 (irq = 4, base_baud = 115200) is a 16550A
[    3.718806] console [ttyS0] enabled
[    3.718806] console [ttyS0] enabled
[    3.719340] bootconsole [uart0] disabled
[    3.719340] bootconsole [uart0] disabled
[    3.749481] serial8250.0: ttyS1 at I/O 0x2f8 (irq = 3, base_baud = 115200) is a 16550A
[    3.767030] cfg80211: Calling CRDA to update world regulatory domain
[    3.859474] brd: module loaded
[    3.916173] loop: module loaded
[    3.922186] ata_piix 0000:00:0a.1: version 2.13
[    3.922720] PCI: Enabling device 0000:00:0a.1 (0000 -> 0001)
[    3.946306] scsi host0: ata_piix
[    3.951490] scsi host1: ata_piix
[    3.954959] ata1: PATA max UDMA/33 cmd 0x1f0 ctl 0x3f6 bmdma 0x1460 irq 14
[    3.955432] ata2: PATA max UDMA/33 cmd 0x170 ctl 0x376 bmdma 0x1468 irq 15
[    3.961622] [nandsim] warning: read_byte: unexpected data output cycle, state is STATE_READY return 0x0
[    3.962152] [nandsim] warning: read_byte: unexpected data output cycle, state is STATE_READY return 0x0
[    3.962669] [nandsim] warning: read_byte: unexpected data output cycle, state is STATE_READY return 0x0
[    3.963181] [nandsim] warning: read_byte: unexpected data output cycle, state is STATE_READY return 0x0
[    3.963714] [nandsim] warning: read_byte: unexpected data output cycle, state is STATE_READY return 0x0
[    3.964354] [nandsim] warning: read_byte: unexpected data output cycle, state is STATE_READY return 0x0
[    3.965048] nand: device found, Manufacturer ID: 0x98, Chip ID: 0x39
[    3.965438] nand: Toshiba NAND 128MiB 1,8V 8-bit
[    3.965793] nand: 128 MiB, SLC, erase size: 16 KiB, page size: 512, OOB size: 16
[    3.967290] flash size: 128 MiB
[    3.967568] page size: 512 bytes
[    3.967950] OOB area size: 16 bytes
[    3.968191] sector size: 16 KiB
[    3.968412] pages number: 262144
[    3.968674] pages per sector: 32
[    3.968904] bus width: 8
[    3.969115] bits in sector size: 14
[    3.969350] bits in page size: 9
[    3.969602] bits in OOB size: 4
[    3.969832] flash size with OOB: 135168 KiB
[    3.970093] page address bytes: 4
[    3.970359] sector address bytes: 3
[    3.970632] options: 0x42
[    4.045272] Scanning device for bad blocks
[    5.092971] ata1.01: NODEV after polling detection
[    5.094743] ata2.01: NODEV after polling detection
[    5.102911] ata2.00: ATAPI: QEMU DVD-ROM, 2.5+, max UDMA/100
[    5.106492] ata1.00: ATA-7: QEMU HARDDISK, 2.5+, max UDMA/100
[    5.107267] ata1.00: 2097152 sectors, multi 16: LBA48 
[    5.109829] ata2.00: configured for UDMA/33
[    5.112147] ata1.00: configured for UDMA/33
[    5.123688] scsi 0:0:0:0: Direct-Access     ATA      QEMU HARDDISK    2.5+ PQ: 0 ANSI: 5
[    5.150463] sd 0:0:0:0: [sda] 2097152 512-byte logical blocks: (1.07 GB/1.00 GiB)
[    5.152309] scsi 1:0:0:0: CD-ROM            QEMU     QEMU DVD-ROM     2.5+ PQ: 0 ANSI: 5
[    5.167911] sd 0:0:0:0: [sda] Write Protect is off
[    5.168470] sd 0:0:0:0: [sda] Mode Sense: 00 3a 00 00
[    5.170096] sd 0:0:0:0: [sda] Write cache: enabled, read cache: enabled, doesn't support DPO or FUA
[    5.184052]  sda: sda1
[    5.205328] sd 0:0:0:0: [sda] Attached SCSI disk
[    5.206247] Creating 11 MTD partitions on "NAND 128MiB 1,8V 8-bit":
[    5.207232] 0x000000000000-0x000000100000 : "NAND simulator partition 0"
[    5.221569] 0x000000100000-0x000000200000 : "NAND simulator partition 1"
[    5.237471] 0x000000200000-0x000000300000 : "NAND simulator partition 2"
[    5.250019] 0x000000300000-0x000000400000 : "NAND simulator partition 3"
[    5.263266] 0x000000400000-0x000000500000 : "NAND simulator partition 4"
[    5.278993] 0x000000500000-0x000000600000 : "NAND simulator partition 5"
[    5.290841] 0x000000600000-0x000000700000 : "NAND simulator partition 6"
[    5.303346] 0x000000700000-0x000000800000 : "NAND simulator partition 7"
[    5.314989] 0x000000800000-0x000000900000 : "NAND simulator partition 8"
[    5.325480] 0x000000900000-0x000000a00000 : "NAND simulator partition 9"
[    5.335442] 0x000000a00000-0x000008000000 : "NAND simulator partition 10"
[    5.379240] tun: Universal TUN/TAP device driver, 1.6
[    5.379972] tun: (C) 1999-2004 Max Krasnyansky <maxk@qualcomm.com>
[    5.383902] pcnet32: pcnet32.c:v1.35 21.Apr.2008 tsbogend@alpha.franken.de
[    5.385484] e1000: Intel(R) PRO/1000 Network Driver - version 7.3.21-k8-NAPI
[    5.386209] e1000: Copyright (c) 1999-2006 Intel Corporation.
[    5.387373] PCI: Enabling device 0000:00:13.0 (0000 -> 0003)
[    5.685730] e1000 0000:00:13.0 eth0: (PCI:33MHz:32-bit) 52:54:00:12:34:56
[    5.686544] e1000 0000:00:13.0 eth0: Intel(R) PRO/1000 Network Connection
[    5.687429] PCI: Enabling device 0000:00:14.0 (0000 -> 0003)
[    5.986200] e1000 0000:00:14.0 eth1: (PCI:33MHz:32-bit) 52:54:00:12:34:57
[    5.986988] e1000 0000:00:14.0 eth1: Intel(R) PRO/1000 Network Connection
[    5.988083] PCI: Enabling device 0000:00:15.0 (0000 -> 0003)
[    6.278528] e1000 0000:00:15.0 eth2: (PCI:33MHz:32-bit) 52:54:00:12:34:58
[    6.279102] e1000 0000:00:15.0 eth2: Intel(R) PRO/1000 Network Connection
[    6.279716] PCI: Enabling device 0000:00:16.0 (0000 -> 0003)
[    6.570580] e1000 0000:00:16.0 eth3: (PCI:33MHz:32-bit) 52:54:00:12:34:59
[    6.571034] e1000 0000:00:16.0 eth3: Intel(R) PRO/1000 Network Connection
[    6.572275] e1000e: Intel(R) PRO/1000 Network Driver - 2.3.2-k
[    6.572581] e1000e: Copyright(c) 1999 - 2014 Intel Corporation.
[    6.576374] PPP generic driver version 2.4.2
[    6.578320] PPP Deflate Compression module registered
[    6.578935] PPP MPPE Compression module registered
[    6.579306] NET: Registered protocol family 24
[    6.580057] ehci_hcd: USB 2.0 'Enhanced' Host Controller (EHCI) Driver
[    6.580513] ehci-pci: EHCI PCI platform driver
[    6.581537] ohci_hcd: USB 1.1 'Open' Host Controller (OHCI) Driver
[    6.581969] ohci-pci: OHCI PCI platform driver
[    6.582979] uhci_hcd: USB Universal Host Controller Interface driver
[    6.584597] uhci_hcd 0000:00:0a.2: UHCI Host Controller
[    6.585320] uhci_hcd 0000:00:0a.2: new USB bus registered, assigned bus number 1
[    6.586286] uhci_hcd 0000:00:0a.2: irq 11, io base 0x00001440
[    6.597513] hub 1-0:1.0: USB hub found
[    6.598250] hub 1-0:1.0: 2 ports detected
[    6.606617] usbcore: registered new interface driver usb-storage
[    6.610572] mousedev: PS/2 mouse device common for all mice
[    6.616711] rtc_cmos rtc_cmos: rtc core: registered rtc_cmos as rtc0
[    6.617421] rtc_cmos rtc_cmos: alarms up to one day, 242 bytes nvram
[    6.618737] i2c /dev entries driver
[    6.620027] piix4_smbus 0000:00:0a.3: SMBus Host Controller at 0x1100, revision 0
[    6.624345] sdhci: Secure Digital Host Controller Interface driver
[    6.624708] sdhci: Copyright(c) Pierre Ossman
[    6.626837] hidraw: raw HID events driver (C) Jiri Kosina
[    6.644433] usbcore: registered new interface driver usbhid
[    6.644800] usbhid: USB HID core driver
[    6.645798] Netfilter messages via NETLINK v0.30.
[    6.647059] nf_conntrack version 0.5.0 (3923 buckets, 15692 max)
[    6.650219] ctnetlink v0.93: registering with nfnetlink.
[    6.655593] ipip: IPv4 over IPv4 tunneling driver
[    6.667821] ip_tables: (C) 2000-2006 Netfilter Core Team
[    6.670550] arp_tables: (C) 2002 David S. Miller
[    6.672442] Initializing XFRM netlink socket
[    6.673593] NET: Registered protocol family 10
[    6.692451] ip6_tables: (C) 2000-2006 Netfilter Core Team
[    6.696119] sit: IPv6 over IPv4 tunneling driver
[    6.712772] NET: Registered protocol family 17
[    6.713692] bridge: automatic filtering via arp/ip/ip6tables has been deprecated. Update your scripts to load br_netfilter if you need this.
[    6.714794] Bridge firewalling registered
[    6.715210] Ebtables v2.0 registered
[    6.719469] 8021q: 802.1Q VLAN Support v1.8
[    6.740509] rtc_cmos rtc_cmos: setting system clock to 2025-07-23 16:45:05 UTC (1753289105)
[    6.761544] EXT2-fs (sda1): warning: mounting unchecked fs, running e2fsck is recommended
[    6.763877] VFS: Mounted root (ext2 filesystem) on device 8:1.
[    6.772657] Freeing YAMON memory: 956k freed
[    6.783157] Freeing unused kernel memory: 260K (8081f000 - 80860000)
[    6.812294] spurious 8259A interrupt: IRQ7.
[    6.874316] firmadyne: sys_reboot[PID: 48 (init)]: magic1:fee1dead, magic2:28121969, cmd:0
init started:  BusyBox v1.00 (2009.03.06-06:20+0000) multi-call binary
init started:  BusyBox v1.00 (2009.03.06-06:20+0000) multi-call binary
[    6.908297] cfg80211: Calling CRDA to update world regulatory domain
Starting pid 50, console /dev/ttyS0: '/usr/etc/rcS'
[    7.107770] firmadyne: do_execve: /firmadyne/console
[    7.108612] OFFSETS: offset of pid: 0x198 offset of comm: 0x278
insmod: cannot open module `/lib/modules/vnet.ko': No such file or directory
[   10.052142] cfg80211: Calling CRDA to update world regulatory domain
[   10.626988] firmadyne: ioctl: 0x1
insmod finish
BcmAtm_Initialize: open error 6
/usr/sbin/atmctl: ATM driver return code, state error
BcmAdsl : open error 6
/usr/sbin/adslctl: BcmAdsl_Initialize error
BcmAdsl : open error 6
/usr/sbin/adslctl->ConnectionHandler: BcmAdsl_ConnectionStart error
BcmAtm_Initialize: open error 6
ATM Operation Failed , 2 
/usr/sbin/atmctl: ATM driver return code, state error
[   10.949604] random: nonblocking pool is initialized
[   10.977338] firmadyne: sys_socket[PID: 103 (brctl)]: family:2, type:2, protocol:0
[   11.035231] firmadyne: sys_socket[PID: 104 (brctl)]: family:2, type:2, protocol:0
[   11.082508] firmadyne: sys_socket[PID: 105 (ifconfig)]: family:2, type:1, protocol:0
[   11.098593] IPv6: ADDRCONF(NETDEV_UP): eth0: link is not ready
[   11.099199] 8021q: adding VLAN 0 to HW filter on device eth0
[   11.104130] e1000: eth0 NIC Link is Up 1000 Mbps Full Duplex, Flow Control: RX
[   11.106044] IPv6: ADDRCONF(NETDEV_CHANGE): eth0: link becomes ready
[   11.155094] firmadyne: sys_socket[PID: 106 (brctl)]: family:2, type:2, protocol:0
[   11.156632] firmadyne: sys_socket[PID: 106 (brctl)]: family:10, type:1, protocol:0
[   11.158588] firmadyne: br_add_if[PID: 106 (brctl)]: br:br0 dev:eth0
[   11.164060] device eth0 entered promiscuous mode
[   11.216622] firmadyne: sys_socket[PID: 107 (ifconfig)]: family:2, type:1, protocol:0
[   11.226101] IPv6: ADDRCONF(NETDEV_UP): eth1: link is not ready
[   11.226687] 8021q: adding VLAN 0 to HW filter on device eth1
[   11.230927] e1000: eth1 NIC Link is Up 1000 Mbps Full Duplex, Flow Control: RX
[   11.232277] IPv6: ADDRCONF(NETDEV_CHANGE): eth1: link becomes ready
[   11.276722] firmadyne: sys_socket[PID: 108 (brctl)]: family:2, type:2, protocol:0
[   11.278383] firmadyne: sys_socket[PID: 108 (brctl)]: family:10, type:1, protocol:0
[   11.280165] firmadyne: br_add_if[PID: 108 (brctl)]: br:br0 dev:eth1
[   11.285265] device eth1 entered promiscuous mode
[   11.381155] firmadyne: sys_socket[PID: 110 (ifconfig)]: family:2, type:1, protocol:0
[   11.383723] firmadyne: __inet_insert_ifa[PID: 110 (ifconfig)]: device:lo ifa:0x7f000001
[   11.387066] firmadyne: __inet_insert_ifa[PID: 110 (ifconfig)]: device:lo ifa:0x7f000001
[   11.440689] firmadyne: sys_socket[PID: 111 (route)]: family:2, type:1, protocol:0
[   11.692676] firmadyne: sys_socket[PID: 114 (klogd)]: family:1, type:1, protocol:0
[   11.694534] firmadyne: sys_socket[PID: 114 (klogd)]: family:1, type:2, protocol:0
[   11.703265] firmadyne: sys_socket[PID: 114 (klogd)]: family:1, type:1, protocol:0
[   11.710775] firmadyne: sys_socket[PID: 114 (klogd)]: family:1, type:2, protocol:0
[   11.713339] firmadyne: sys_socket[PID: 114 (klogd)]: family:1, type:1, protocol:0
[   11.714540] firmadyne: sys_socket[PID: 114 (klogd)]: family:1, type:2, protocol:0
[   11.721392] firmadyne: sys_socket[PID: 114 (klogd)]: family:1, type:1, protocol:0
[   11.722664] firmadyne: sys_socket[PID: 114 (klogd)]: family:1, type:2, protocol:0
[   11.729970] firmadyne: sys_socket[PID: 114 (klogd)]: family:1, type:1, protocol:0
[   11.731194] firmadyne: sys_socket[PID: 114 (klogd)]: family:1, type:2, protocol:0
[   11.737710] firmadyne: sys_socket[PID: 114 (klogd)]: family:1, type:1, protocol:0
[   11.738900] firmadyne: sys_socket[PID: 114 (klogd)]: family:1, type:2, protocol:0
[   11.745408] firmadyne: sys_socket[PID: 114 (klogd)]: family:1, type:1, protocol:0
[   11.746596] firmadyne: sys_socket[PID: 114 (klogd)]: family:1, type:2, protocol:0
[   11.753058] firmadyne: sys_socket[PID: 114 (klogd)]: family:1, type:1, protocol:0
[   11.754329] firmadyne: sys_socket[PID: 114 (klogd)]: family:1, type:2, protocol:0
nvram_init: Initializing NVRAM...
[   11.768900] firmadyne: sys_socket[PID: 114 (klogd)]: family:1, type:1, protocol:0
[   11.770122] firmadyne: sys_socket[PID: 114 (klogd)]: family:1, type:2, protocol:0
[   11.772812] firmadyne: sys_socket[PID: 114 (klogd)]: family:1, type:1, protocol:0
[   11.774020] firmadyne: sys_socket[PID: 114 (klogd)]: family:1, type:2, protocol:0
sem_get: Key: 4101c003
[   11.783020] firmadyne: sys_socket[PID: 114 (klogd)]: family:1, type:1, protocol:0
[   11.784463] firmadyne: sys_socket[PID: 114 (klogd)]: family:1, type:2, protocol:0
[   11.786795] firmadyne: sys_socket[PID: 114 (klogd)]: family:1, type:1, protocol:0
sem_get: Key: 410f00a4
nvram_set_default_builtin: Setting built-in default values!
nvram_set[   11.796485] firmadyne: sys_socket[PID: 114 (klogd)]: family:1, type:2, protocol:0
[   11.798884] firmadyne: sys_socket[PID: 114 (klogd)]: family:1, type:1, protocol:0
[   11.800484] firmadyne: sys_socket[PID: 114 (klogd)]: family:1, type:2, protocol:0
[   11.802803] firmadyne: sys_socket[PID: 114 (klogd)]: family:1, type:1, protocol:0
: console_loglevel = "7"
sem_get: Key: 410f00a4
[   11.808281] firmadyne: sys_socket[PID: 114 (klogd)]: family:1, type:2, protocol:0
[   11.810706] firmadyne: sys_socket[PID: 114 (klogd)]: family:1, type:1, protocol:0
sem_get: Key: 410f00a4
[   11.816146] firmadyne: sys_socket[PID: 114 (klogd)]: family:1, type:2, protocol:0
[   11.818574] firmadyne: sys_socket[PID: 114 (klogd)]: family:1, type:1, protocol:0
[   11.819828] firmadyne: sys_socket[PID: 114 (klogd)]: family:1, type:2, protocol:0
nvram_set: restore_defaults = "1"
sem_get: Key: 410f00a4
sem_get: Key: 410f00a4
[   11.829653] firmadyne: sys_socket[PID: 114 (klogd)]: family:1, type:1, protocol:0
[   11.830835] firmadyne: sys_socket[PID: 114 (klogd)]: family:1, type:2, protocol:0
[   11.833508] firmadyne: sys_socket[PID: 114 (klogd)]: family:1, type:1, protocol:0
[   11.834706] firmadyne: sys_socket[PID: 114 (klogd)]: family:1, type:2, protocol:0
nvram_set: sku_name = ""
sem_get: Key: 410f00a4
sem_get: Key: 410f00a4
[   11.845213] firmadyne: sys_socket[PID: 114 (klogd)]: family:1, type:1, protocol:0
[   11.846430] firmadyne: sys_socket[PID: 114 (klogd)]: family:1, type:2, protocol:0
nvram_set: wla_wlanstate = ""
sem_get: Key: 410f00a4
[   11.853118] firmadyne: sys_socket[PID: 114 (klogd)]: family:1, type:1, protocol:0
[   11.854351] firmadyne: sys_socket[PID: 114 (klogd)]: family:1, type:2, protocol:0
sem_get: Key: 410f00a4
nvram_set: lan_if[   11.861172] firmadyne: sys_socket[PID: 114 (klogd)]: family:1, type:1, protocol:0
[   11.862399] firmadyne: sys_socket[PID: 114 (klogd)]: family:1, type:2, protocol:0
 = "br0"
sem_get: Key: 410f00a4
[   11.869001] firmadyne: sys_socket[PID: 114 (klogd)]: family:1, type:1, protocol:0
[   11.870244] firmadyne: sys_socket[PID: 114 (klogd)]: family:1, type:2, protocol:0
sem_get: Key: 410f00a4
nvram_set: lan_ipaddr = "192.168.0.50[   11.877386] firmadyne: sys_socket[PID: 114 (klogd)]: family:1, type:1, protocol:0
[   11.878617] firmadyne: sys_socket[PID: 114 (klogd)]: family:1, type:2, protocol:0
"
sem_get: Key: 410f00a4
sem_get: Key: [   11.885348] firmadyne: sys_socket[PID: 114 (klogd)]: family:1, type:1, protocol:0
[   11.886541] firmadyne: sys_socket[PID: 114 (klogd)]: family:1, type:2, protocol:0
410f00a4
nvram_set: lan_bipaddr = "192.168.0.255"
[   11.893067] firmadyne: sys_socket[PID: 114 (klogd)]: family:1, type:1, protocol:0
[   11.894276] firmadyne: sys_socket[PID: 114 (klogd)]: family:1, type:2, protocol:0
sem_get: Key: 410f00a4
sem_get: Key: 410f00a4
[   11.901180] firmadyne: sys_socket[PID: 114 (klogd)]: family:1, type:1, protocol:0
[   11.902411] firmadyne: sys_socket[PID: 114 (klogd)]: family:1, type:2, protocol:0
nvram_set: lan_netmask = "255.255.255.0"
sem_get[   11.908853] firmadyne: sys_socket[PID: 114 (klogd)]: family:1, type:1, protocol:0
[   11.910089] firmadyne: sys_socket[PID: 114 (klogd)]: family:1, type:2, protocol:0
: Key: 410f00a4
sem_get: Key: 410f00a4
[   11.916727] firmadyne: sys_socket[PID: 114 (klogd)]: family:1, type:1, protocol:0
[   11.917936] firmadyne: sys_socket[PID: 114 (klogd)]: family:1, type:2, protocol:0
nvram_set: time_zone = "PST8PDT"
sem_get: Key: 410f00a4
[   11.924752] firmadyne: sys_socket[PID: 114 (klogd)]: family:1, type:1, protocol:0
[   11.925979] firmadyne: sys_socket[PID: 114 (klogd)]: family:1, type:2, protocol:0
sem_get: Key: 410f00a4
nvram_set[   11.932945] firmadyne: sys_socket[PID: 114 (klogd)]: family:1, type:1, protocol:0
[   11.934146] firmadyne: sys_socket[PID: 114 (klogd)]: family:1, type:2, protocol:0
[   11.936743] firmadyne: sys_socket[PID: 114 (klogd)]: family:1, type:1, protocol:0
[   11.937907] firmadyne: sys_socket[PID: 114 (klogd)]: family:1, type:2, protocol:0
: wan_hwaddr_def = "01:23:45:67:89:ab"
sem_get: Key: 410f00a4
[   11.944429] firmadyne: sys_socket[PID: 114 (klogd)]: family:1, type:1, protocol:0
[   11.945691] firmadyne: sys_socket[PID: 114 (klogd)]: family:1, type:2, protocol:0
sem_get: Key: 410f00a4
nvram_set: wan_ifname[   11.952392] firmadyne: sys_socket[PID: 114 (klogd)]: family:1, type:1, protocol:0
[   11.953649] firmadyne: sys_socket[PID: 114 (klogd)]: family:1, type:2, protocol:0
 = "eth0"
sem_get: Key: 410f00a4
sem_get[   11.960568] firmadyne: sys_socket[PID: 114 (klogd)]: family:1, type:1, protocol:0
[   11.961794] firmadyne: sys_socket[PID: 114 (klogd)]: family:1, type:2, protocol:0
: Key: 410f00a4
nvram_set: lan_ifnames = "eth1 eth2 eth3 eth4"
[   11.968628] firmadyne: sys_socket[PID: 114 (klogd)]: family:1, type:1, protocol:0
[   11.969854] firmadyne: sys_socket[PID: 114 (klogd)]: family:1, type:2, protocol:0
sem_get: Key: 410f00a4
sem_get: Key: 410f00a4
[   11.976789] firmadyne: sys_socket[PID: 114 (klogd)]: family:1, type:1, protocol:0
[   11.978013] firmadyne: sys_socket[PID: 114 (klogd)]: family:1, type:2, protocol:0
nvram_set: ethConver = "1"
sem_get: Key: [   11.984542] firmadyne: sys_socket[PID: 114 (klogd)]: family:1, type:1, protocol:0
[   11.985762] firmadyne: sys_socket[PID: 114 (klogd)]: family:1, type:2, protocol:0
410f00a4
sem_get: Key: 410f00a4[   11.993383] firmadyne: sys_socket[PID: 114 (klogd)]: family:1, type:1, protocol:0
[   11.994596] firmadyne: sys_socket[PID: 114 (klogd)]: family:1, type:2, protocol:0
[   11.997074] firmadyne: sys_socket[PID: 114 (klogd)]: family:1, type:1, protocol:0
[   11.998247] firmadyne: sys_socket[PID: 114 (klogd)]: family:1, type:2, protocol:0

nvram_set: lan_proto = "dhcp"
sem_get: Key: 410f00a4
sem_get: Key: 410f00a4
[   12.008754] firmadyne: sys_socket[PID: 114 (klogd)]: family:1, type:1, protocol:0
[   12.009991] firmadyne: sys_socket[PID: 114 (klogd)]: family:1, type:2, protocol:0
nvram_set: wan_ipaddr = "0.0.0.0"
sem_get: Key: 410f00a4[   12.016684] firmadyne: sys_socket[PID: 114 (klogd)]: family:1, type:1, protocol:0
[   12.017976] firmadyne: sys_socket[PID: 114 (klogd)]: family:1, type:2, protocol:0

sem_get: Key: 410f00a4
[   12.024679] firmadyne: sys_socket[PID: 114 (klogd)]: family:1, type:1, protocol:0
[   12.025886] firmadyne: sys_socket[PID: 114 (klogd)]: family:1, type:2, protocol:0
nvram_set: wan_netmask = "255.255.255.0"
sem_get: Key: 410f00a4
[   12.032688] firmadyne: sys_socket[PID: 114 (klogd)]: family:1, type:1, protocol:0
[   12.033980] firmadyne: sys_socket[PID: 114 (klogd)]: family:1, type:2, protocol:0
sem_get: Key: 410f00a4
nvram_set: wanif[   12.040906] firmadyne: sys_socket[PID: 114 (klogd)]: family:1, type:1, protocol:0
[   12.042144] firmadyne: sys_socket[PID: 114 (klogd)]: family:1, type:2, protocol:0
 = "eth0"
sem_get: Key: 410f00a4
[   12.048743] firmadyne: sys_socket[PID: 114 (klogd)]: family:1, type:1, protocol:0
[   12.050038] firmadyne: sys_socket[PID: 114 (klogd)]: family:1, type:2, protocol:0
sem_get: Key: 410f00a4
nvram_set: time_zone_x = "0[   12.056632] firmadyne: sys_socket[PID: 114 (klogd)]: family:1, type:1, protocol:0
[   12.057907] firmadyne: sys_socket[PID: 114 (klogd)]: family:1, type:2, protocol:0
"
sem_get: Key: 410f00a4
sem_get: Key: 410f00a4[   12.064833] firmadyne: sys_socket[PID: 114 (klogd)]: family:1, type:1, protocol:0
[   12.066040] firmadyne: sys_socket[PID: 114 (klogd)]: family:1, type:2, protocol:0

nvram_set: rip_multicast = "0"
sem_get[   12.073024] firmadyne: sys_socket[PID: 114 (klogd)]: family:1, type:1, protocol:0
[   12.074314] firmadyne: sys_socket[PID: 114 (klogd)]: family:1, type:2, protocol:0
: Key: 410f00a4
sem_get: Key: 410f00a4
[   12.080980] firmadyne: sys_socket[PID: 114 (klogd)]: family:1, type:1, protocol:0
[   12.082265] firmadyne: sys_socket[PID: 114 (klogd)]: family:1, type:2, protocol:0
nvram_set: bs_trustedip_enable = "0"
sem_get: Key: [   12.088794] firmadyne: sys_socket[PID: 114 (klogd)]: family:1, type:1, protocol:0
[   12.090046] firmadyne: sys_socket[PID: 114 (klogd)]: family:1, type:2, protocol:0
410f00a4
sem_get: Key: 410f00a4
[   12.096695] firmadyne: sys_socket[PID: 114 (klogd)]: family:1, type:1, protocol:0
[   12.098036] firmadyne: sys_socket[PID: 114 (klogd)]: family:1, type:2, protocol:0
nvram_set: et0macaddr = "01:23:45:67:89:ab"
sem_get: Key: 410f00a4
[   12.105030] firmadyne: sys_socket[PID: 114 (klogd)]: family:1, type:1, protocol:0
[   12.106303] firmadyne: sys_socket[PID: 114 (klogd)]: family:1, type:2, protocol:0
sem_get: Key: 410f00a4
nvram_set[   12.113162] firmadyne: sys_socket[PID: 114 (klogd)]: family:1, type:1, protocol:0
[   12.114411] firmadyne: sys_socket[PID: 114 (klogd)]: family:1, type:2, protocol:0
: filter_rule_tbl = ""
sem_get: Key: 410f00a4
[   12.121002] firmadyne: sys_socket[PID: 114 (klogd)]: family:1, type:1, protocol:0
[   12.122241] firmadyne: sys_socket[PID: 114 (klogd)]: family:1, type:2, protocol:0
sem_get: Key: 410f00a4
nvram_set: pppoe2_schedule_config = "127:0:0:23:59[   12.128990] firmadyne: sys_socket[PID: 114 (klogd)]: family:1, type:1, protocol:0
[   12.130228] firmadyne: sys_socket[PID: 114 (klogd)]: family:1, type:2, protocol:0
[   12.132960] firmadyne: sys_socket[PID: 114 (klogd)]: family:1, type:1, protocol:0
[   12.134173] firmadyne: sys_socket[PID: 114 (klogd)]: family:1, type:2, protocol:0
"
sem_get: Key: 410f00a4
sem_get: Key: [   12.140802] firmadyne: sys_socket[PID: 114 (klogd)]: family:1, type:1, protocol:0
[   12.142040] firmadyne: sys_socket[PID: 114 (klogd)]: family:1, type:2, protocol:0
410f00a4
nvram_set: schedule_config = "127:0:0:23:59"
[   12.148607] firmadyne: sys_socket[PID: 114 (klogd)]: family:1, type:1, protocol:0
[   12.149861] firmadyne: sys_socket[PID: 114 (klogd)]: family:1, type:2, protocol:0
sem_get: Key: 410f00a4
sem_get: Key: 410f00a4
[   12.156570] firmadyne: sys_socket[PID: 114 (klogd)]: family:1, type:1, protocol:0
[   12.157780] firmadyne: sys_socket[PID: 114 (klogd)]: family:1, type:2, protocol:0
nvram_set: access_control_mode = "0"
sem_get: Key: [   12.164522] firmadyne: sys_socket[PID: 114 (klogd)]: family:1, type:1, protocol:0
[   12.165757] firmadyne: sys_socket[PID: 114 (klogd)]: family:1, type:2, protocol:0
410f00a4
sem_get: Key: 410f00a4
[   12.172390] firmadyne: sys_socket[PID: 114 (klogd)]: family:1, type:1, protocol:0
[   12.173628] firmadyne: sys_socket[PID: 114 (klogd)]: family:1, type:2, protocol:0
nvram_set: fwpt_df_count = "0"
sem_get: Key: 410f00a4
[   12.180228] firmadyne: sys_socket[PID: 114 (klogd)]: family:1, type:1, protocol:0
[   12.181479] firmadyne: sys_socket[PID: 114 (klogd)]: family:1, type:2, protocol:0
[   12.183815] firmadyne: sys_socket[PID: 114 (klogd)]: family:1, type:1, protocol:0
sem_get: Key: 410f00a4
nvram_set: static_if_status = "1"
sem_get: Key: 410f00a4
sem_get: Key: [   12.197430] firmadyne: sys_socket[PID: 114 (klogd)]: family:1, type:2, protocol:0
[   12.202270] firmadyne: sys_socket[PID: 114 (klogd)]: family:1, type:1, protocol:0
[   12.203471] firmadyne: sys_socket[PID: 114 (klogd)]: family:1, type:2, protocol:0
410f00a4
nvram_set: www_relocation = ""
[   12.209661] firmadyne: sys_socket[PID: 114 (klogd)]: family:1, type:1, protocol:0
[   12.210855] firmadyne: sys_socket[PID: 114 (klogd)]: family:1, type:2, protocol:0
sem_get: Key: 410f00a4
sem_get: Key: 410f00a4
[   12.217656] firmadyne: sys_socket[PID: 114 (klogd)]: family:1, type:1, protocol:0
[   12.218878] firmadyne: sys_socket[PID: 114 (klogd)]: family:1, type:2, protocol:0
nvram_set: usb_info_dev0 = "A200396E0402FF83@1@14.4G@U@1@USB_Storage;U:;0;0@"
[   12.225415] firmadyne: sys_socket[PID: 114 (klogd)]: family:1, type:1, protocol:0
[   12.226654] firmadyne: sys_socket[PID: 114 (klogd)]: family:1, type:2, protocol:0
sem_get: Key: 410f00a4
sem_get: Key: 410f00a4
[   12.233553] firmadyne: sys_socket[PID: 114 (klogd)]: family:1, type:1, protocol:0
[   12.234755] firmadyne: sys_socket[PID: 114 (klogd)]: family:1, type:2, protocol:0
nvram_set: usb_info_dev1 = "A200396E0402FF83@1@14.4G@U@1@USB_Storage;U:;0;0@"
[   12.241339] firmadyne: sys_socket[PID: 114 (klogd)]: family:1, type:1, protocol:0
[   12.242588] firmadyne: sys_socket[PID: 114 (klogd)]: family:1, type:2, protocol:0
sem_get: Key: 410f00a4
sem_get: Key: 410f00a4
[   12.249473] firmadyne: sys_socket[PID: 114 (klogd)]: family:1, type:1, protocol:0
[   12.250734] firmadyne: sys_socket[PID: 114 (klogd)]: family:1, type:2, protocol:0
nvram_set: usb_info_dev2 = "A200396E0402FF83@1@14.4G@U@1@USB_Storage;U:;0;0@"
[   12.257287] firmadyne: sys_socket[PID: 114 (klogd)]: family:1, type:1, protocol:0
[   12.258506] firmadyne: sys_socket[PID: 114 (klogd)]: family:1, type:2, protocol:0
sem_get: Key: 410f00a4
sem_get: Key: [   12.265194] firmadyne: sys_socket[PID: 114 (klogd)]: family:1, type:1, protocol:0
[   12.266410] firmadyne: sys_socket[PID: 114 (klogd)]: family:1, type:2, protocol:0
410f00a4
nvram_set: usb_info_dev3 = "A200396E0402FF83@1@14.4G@U@1@USB_Storage;U:;0;0@[   12.273194] firmadyne: sys_socket[PID: 114 (klogd)]: family:1, type:1, protocol:0
[   12.274391] firmadyne: sys_socket[PID: 114 (klogd)]: family:1, type:2, protocol:0
"
sem_get: Key: 410f00a4
sem_get: Key: [   12.281196] firmadyne: sys_socket[PID: 114 (klogd)]: family:1, type:1, protocol:0
[   12.282479] firmadyne: sys_socket[PID: 114 (klogd)]: family:1, type:2, protocol:0
410f00a4
nvram_set: usb_info_dev4 = "A200396E0402FF83@1@14.4G@U@1@USB_Storage;U:;0;0@[   12.289135] firmadyne: sys_socket[PID: 114 (klogd)]: family:1, type:1, protocol:0
[   12.290373] firmadyne: sys_socket[PID: 114 (klogd)]: family:1, type:2, protocol:0
"
sem_get: Key: 410f00a4
sem_get: Key: [   12.297039] firmadyne: sys_socket[PID: 114 (klogd)]: family:1, type:1, protocol:0
[   12.298267] firmadyne: sys_socket[PID: 114 (klogd)]: family:1, type:2, protocol:0
410f00a4
nvram_set: usb_info_dev5 = "A200396E0402FF83@1@14.4G@U@1@USB_Storage;U:;0;0@"
[   12.305261] firmadyne: sys_socket[PID: 114 (klogd)]: family:1, type:1, protocol:0
[   12.306551] firmadyne: sys_socket[PID: 114 (klogd)]: family:1, type:2, protocol:0
sem_get: Key: 410f00a4
sem_get: Key: 410f00a4[   12.313122] firmadyne: sys_socket[PID: 114 (klogd)]: family:1, type:1, protocol:0
[   12.314353] firmadyne: sys_socket[PID: 114 (klogd)]: family:1, type:2, protocol:0

nvram_set: usb_info_dev6 = "A200396E0402FF83@1@14.4G@U@1@USB_Storage;U:;0;0@"
[   12.321066] firmadyne: sys_socket[PID: 114 (klogd)]: family:1, type:1, protocol:0
[   12.322368] firmadyne: sys_socket[PID: 114 (klogd)]: family:1, type:2, protocol:0
sem_get: Key: 410f00a4
sem_get: Key: 410f00a4
nvram_set: usb_info_dev7 = "A200396E0402FF83@1@14.4G@U@1@USB_Storage;U:;0;0@"
sem_get: Key: 410f00a4
sem_get: Key: 410f00a4
nvram_set: usb_info_dev8[   12.348480] firmadyne: sys_socket[PID: 114 (klogd)]: family:1, type:1, protocol:0
[   12.349728] firmadyne: sys_socket[PID: 114 (klogd)]: family:1, type:2, protocol:0
 = "A200396E0402FF83@1@14.4G@U@1@USB_Storage;U:;0;0@"
sem_get: Key: 410f00a4
[   12.356331] firmadyne: sys_socket[PID: 114 (klogd)]: family:1, type:1, protocol:0
[   12.357543] firmadyne: sys_socket[PID: 114 (klogd)]: family:1, type:2, protocol:0
sem_get: Key: 410f00a4
nvram_set: usb_info_dev9 = "[   12.364130] firmadyne: sys_socket[PID: 114 (klogd)]: family:1, type:1, protocol:0
[   12.365387] firmadyne: sys_socket[PID: 114 (klogd)]: family:1, type:2, protocol:0
[   12.367853] firmadyne: sys_socket[PID: 114 (klogd)]: family:1, type:1, protocol:0
A200396E0402FF83@1@14.4G@U@1@USB_Storage;U:;0;0@"
sem_get: Key: 410f00a4
sem_get: Key: 410f00a4
nvram_set: [   12.376746] firmadyne: sys_socket[PID: 114 (klogd)]: family:1, type:2, protocol:0
[   12.379111] firmadyne: sys_socket[PID: 114 (klogd)]: family:1, type:1, protocol:0
[   12.380679] firmadyne: sys_socket[PID: 114 (klogd)]: family:1, type:2, protocol:0
[   12.382931] firmadyne: sys_socket[PID: 114 (klogd)]: family:1, type:1, protocol:0
usb_info_dev10 = "A200396E0402FF83@1@14.4G@U@1@USB_Storage;U:;0;0@"
sem_get: Key: 410f00a4
[   12.389459] firmadyne: sys_socket[PID: 114 (klogd)]: family:1, type:2, protocol:0
[   12.391818] firmadyne: sys_socket[PID: 114 (klogd)]: family:1, type:1, protocol:0
[   12.393463] firmadyne: sys_socket[PID: 114 (klogd)]: family:1, type:2, protocol:0
[   12.395775] firmadyne: sys_socket[PID: 114 (klogd)]: family:1, type:1, protocol:0
sem_get: Key: 410f00a4
nvram_set: usb_info_dev11 = "A200396E0402FF83@1@14.4G@U@1@USB_Storage;U:;0;0@"
sem_get: Key: 410f00a4
[   12.404471] firmadyne: sys_socket[PID: 114 (klogd)]: family:1, type:2, protocol:0
[   12.406962] firmadyne: sys_socket[PID: 114 (klogd)]: family:1, type:1, protocol:0
sem_get: Key: 410f00a4
[   12.412364] firmadyne: sys_socket[PID: 114 (klogd)]: family:1, type:2, protocol:0
[   12.414870] firmadyne: sys_socket[PID: 114 (klogd)]: family:1, type:1, protocol:0
nvram_set: usb_info_dev12 = "A200396E0402FF83@1@14.4G@U@1@USB_Storage;U:;0;0@"
sem_get: Key: 410f00a4
[   12.420531] firmadyne: sys_socket[PID: 114 (klogd)]: family:1, type:2, protocol:0
[   12.422950] firmadyne: sys_socket[PID: 114 (klogd)]: family:1, type:1, protocol:0
sem_get: Key: 410f00a4
[   12.428332] firmadyne: sys_socket[PID: 114 (klogd)]: family:1, type:2, protocol:0
[   12.430775] firmadyne: sys_socket[PID: 114 (klogd)]: family:1, type:1, protocol:0
nvram_set: usb_info_dev13 = "A200396E0402FF83@1@14.4G@U@1@USB_Storage;U:;0;0@"
sem_get: Key: 410f00a4
[   12.436449] firmadyne: sys_socket[PID: 114 (klogd)]: family:1, type:2, protocol:0
[   12.438909] firmadyne: sys_socket[PID: 114 (klogd)]: family:1, type:1, protocol:0
sem_get: Key: 410f00a4
nvram_set: usb_info_dev14 = "A200396E0402FF83@1@14.4G@U@1@USB_Storage;U:;0;0@"
sem_get: Key: 410f00a4
[   12.448527] firmadyne: sys_socket[PID: 114 (klogd)]: family:1, type:2, protocol:0
[   12.450985] firmadyne: sys_socket[PID: 114 (klogd)]: family:1, type:1, protocol:0
[   12.452587] firmadyne: sys_socket[PID: 114 (klogd)]: family:1, type:2, protocol:0
[   12.454951] firmadyne: sys_socket[PID: 114 (klogd)]: family:1, type:1, protocol:0
sem_get: Key: 410f00a4
nvram_set: [   12.460598] firmadyne: sys_socket[PID: 114 (klogd)]: family:1, type:2, protocol:0
[   12.462984] firmadyne: sys_socket[PID: 114 (klogd)]: family:1, type:1, protocol:0
usb_info_dev15 = "A200396E0402FF83@1@14.4G@U@1@USB_Storage;U:;0;0@"
sem_get: Key: 410f00a4
[   12.468419] firmadyne: sys_socket[PID: 114 (klogd)]: family:1, type:2, protocol:0
[   12.470869] firmadyne: sys_socket[PID: 114 (klogd)]: family:1, type:1, protocol:0
sem_get: Key: 410f00a4
nvram_set: [   12.476490] firmadyne: sys_socket[PID: 114 (klogd)]: family:1, type:2, protocol:0
[   12.478857] firmadyne: sys_socket[PID: 114 (klogd)]: family:1, type:1, protocol:0
usb_info_dev16 = "A200396E0402FF83@1@14.4G@U@1@USB_Storage;U:;0;0@"
sem_get: Key: 410f00a4
[   12.484315] firmadyne: sys_socket[PID: 114 (klogd)]: family:1, type:2, protocol:0
[   12.486748] firmadyne: sys_socket[PID: 114 (klogd)]: family:1, type:1, protocol:0
sem_get: Key: 410f00a4
nvram_set[   12.492244] firmadyne: sys_socket[PID: 114 (klogd)]: family:1, type:2, protocol:0
[   12.494623] firmadyne: sys_socket[PID: 114 (klogd)]: family:1, type:1, protocol:0
[   12.495811] firmadyne: sys_socket[PID: 114 (klogd)]: family:1, type:2, protocol:0
: usb_info_dev17 = "A200396E0402FF83@1@14.4G@U@1@USB_Storage;U:;0;0@"
sem_get: Key: 410f00a4
sem_get: Key: 410f00a4
[   12.505701] firmadyne: sys_socket[PID: 114 (klogd)]: family:1, type:1, protocol:0
[   12.506985] firmadyne: sys_socket[PID: 114 (klogd)]: family:1, type:2, protocol:0
nvram_set: usb_info_dev18 = "A200396E0402FF83@1@14.4G@U@1@USB_Storage;U:;0;0@"
sem_get: Key: 410f00a4
[   12.513848] firmadyne: sys_socket[PID: 114 (klogd)]: family:1, type:1, protocol:0
[   12.515043] firmadyne: sys_socket[PID: 114 (klogd)]: family:1, type:2, protocol:0
sem_get: Key: 410f00a4
[   12.521704] firmadyne: sys_socket[PID: 114 (klogd)]: family:1, type:1, protocol:0
[   12.522967] firmadyne: sys_socket[PID: 114 (klogd)]: family:1, type:2, protocol:0
nvram_set: usb_info_dev19 = "A200396E0402FF83@1@14.4G@U@1@USB_Storage;U:;0;0@"
sem_get: Key: 410f00a4
[   12.529754] firmadyne: sys_socket[PID: 114 (klogd)]: family:1, type:1, protocol:0
[   12.531002] firmadyne: sys_socket[PID: 114 (klogd)]: family:1, type:2, protocol:0
sem_get: Key: 410f00a4
nvram_set[   12.537851] firmadyne: sys_socket[PID: 114 (klogd)]: family:1, type:1, protocol:0
[   12.539082] firmadyne: sys_socket[PID: 114 (klogd)]: family:1, type:2, protocol:0
: usb_info_dev20 = "A200396E0402FF83@1@14.4G@U@1@USB_Storage;U:;0;0@"
sem_get: Key: 410f00a4
[   12.545986] firmadyne: sys_socket[PID: 114 (klogd)]: family:1, type:1, protocol:0
[   12.547161] firmadyne: sys_socket[PID: 114 (klogd)]: family:1, type:2, protocol:0
sem_get: Key: 410f00a4
nvram_set[   12.553792] firmadyne: sys_socket[PID: 114 (klogd)]: family:1, type:1, protocol:0
[   12.555012] firmadyne: sys_socket[PID: 114 (klogd)]: family:1, type:2, protocol:0
: usb_info_dev21 = "A200396E0402FF83@1@14.4G@U@1@USB_Storage;U:;0;0@"
sem_get: Key: 410f00a4
[   12.561841] firmadyne: sys_socket[PID: 114 (klogd)]: family:1, type:1, protocol:0
[   12.563025] firmadyne: sys_socket[PID: 114 (klogd)]: family:1, type:2, protocol:0
sem_get: Key: 410f00a4
nvram_set: [   12.570009] firmadyne: sys_socket[PID: 114 (klogd)]: family:1, type:1, protocol:0
[   12.571225] firmadyne: sys_socket[PID: 114 (klogd)]: family:1, type:2, protocol:0
usb_info_dev22 = "A200396E0402FF83@1@14.4G@U@1@USB_Storage;U:;0;0@"
sem_get: Key: 410f00a4
[   12.577907] firmadyne: sys_socket[PID: 114 (klogd)]: family:1, type:1, protocol:0
[   12.579139] firmadyne: sys_socket[PID: 114 (klogd)]: family:1, type:2, protocol:0
sem_get: Key: 410f00a4
nvram_set[   12.585763] firmadyne: sys_socket[PID: 114 (klogd)]: family:1, type:1, protocol:0
[   12.586941] firmadyne: sys_socket[PID: 114 (klogd)]: family:1, type:2, protocol:0
: usb_info_dev23 = "A200396E0402FF83@1@14.4G@U@1@USB_Storage;U:;0;0@"
sem_get: Key: 410f00a4
sem_get: Key: 410f00a4
[   12.597488] firmadyne: sys_socket[PID: 114 (klogd)]: family:1, type:1, protocol:0
[   12.598696] firmadyne: sys_socket[PID: 114 (klogd)]: family:1, type:2, protocol:0
[   12.601535] firmadyne: sys_socket[PID: 114 (klogd)]: family:1, type:1, protocol:0
[   12.602717] firmadyne: sys_socket[PID: 114 (klogd)]: family:1, type:2, protocol:0
nvram_set: usb_info_dev24 = "A200396E0402FF83@1@14.4G@U@1@USB_Storage;U:;0;0@"
sem_get: Key: [   12.609570] firmadyne: sys_socket[PID: 114 (klogd)]: family:1, type:1, protocol:0
[   12.610803] firmadyne: sys_socket[PID: 114 (klogd)]: family:1, type:2, protocol:0
410f00a4
sem_get: Key: 410f00a4
nvram_set: usb_info_dev25 = "A200396E0402FF83@1@14.4G@U@1@USB_Storage;U:;0;0@[   12.621921] firmadyne: sys_socket[PID: 114 (klogd)]: family:1, type:1, protocol:0
[   12.623149] firmadyne: sys_socket[PID: 114 (klogd)]: family:1, type:2, protocol:0
[   12.625956] firmadyne: sys_socket[PID: 114 (klogd)]: family:1, type:1, protocol:0
[   12.627168] firmadyne: sys_socket[PID: 114 (klogd)]: family:1, type:2, protocol:0
"
sem_get: Key: 410f00a4
sem_get: Key: [   12.634111] firmadyne: sys_socket[PID: 114 (klogd)]: family:1, type:1, protocol:0
[   12.635314] firmadyne: sys_socket[PID: 114 (klogd)]: family:1, type:2, protocol:0
410f00a4
nvram_set: usb_info_dev26 = "A200396E0402FF83@1@14.4G@U@1@USB_Storage;U:;0;0@[   12.642067] firmadyne: sys_socket[PID: 114 (klogd)]: family:1, type:1, protocol:0
[   12.643250] firmadyne: sys_socket[PID: 114 (klogd)]: family:1, type:2, protocol:0
"
sem_get: Key: 410f00a4
sem_get: Key: 410f00a4
nvram_set: usb_info_dev27 = "[   12.653645] firmadyne: sys_socket[PID: 114 (klogd)]: family:1, type:1, protocol:0
[   12.654930] firmadyne: sys_socket[PID: 114 (klogd)]: family:1, type:2, protocol:0
A200396E0402FF83@1@14.4G@U@1@USB_Storage;U:;0;0@"
sem_get: Key: 410f00a4
[   12.661580] firmadyne: sys_socket[PID: 114 (klogd)]: family:1, type:1, protocol:0
[   12.662806] firmadyne: sys_socket[PID: 114 (klogd)]: family:1, type:2, protocol:0
sem_get: Key: 410f00a4
nvram_set: usb_info_dev28 = "[   12.669614] firmadyne: sys_socket[PID: 114 (klogd)]: family:1, type:1, protocol:0
[   12.670851] firmadyne: sys_socket[PID: 114 (klogd)]: family:1, type:2, protocol:0
A200396E0402FF83@1@14.4G@U@1@USB_Storage;U:;0;0@"
sem_get: Key: 410f00a4
[   12.677454] firmadyne: sys_socket[PID: 114 (klogd)]: family:1, type:1, protocol:0
[   12.678662] firmadyne: sys_socket[PID: 114 (klogd)]: family:1, type:2, protocol:0
sem_get: Key: 410f00a4
nvram_set: usb_info_dev29 = "[   12.685488] firmadyne: sys_socket[PID: 114 (klogd)]: family:1, type:1, protocol:0
[   12.686716] firmadyne: sys_socket[PID: 114 (klogd)]: family:1, type:2, protocol:0
A200396E0402FF83@1@14.4G@U@1@USB_Storage;U:;0;0@"
sem_get: Key: 410f00a4
[   12.693415] firmadyne: sys_socket[PID: 114 (klogd)]: family:1, type:1, protocol:0
[   12.694638] firmadyne: sys_socket[PID: 114 (klogd)]: family:1, type:2, protocol:0
sem_get: Key: 410f00a4
nvram_set: usb_info_dev30 = "[   12.701567] firmadyne: sys_socket[PID: 114 (klogd)]: family:1, type:1, protocol:0
[   12.703257] firmadyne: sys_socket[PID: 114 (klogd)]: family:1, type:2, protocol:0
A200396E0402FF83@1@14.4G@U@1@USB_Storage;U:;0;0@"
sem_get: Key: 410f00a4
[   12.709836] firmadyne: sys_socket[PID: 114 (klogd)]: family:1, type:1, protocol:0
[   12.711009] firmadyne: sys_socket[PID: 114 (klogd)]: family:1, type:2, protocol:0
sem_get: Key: 410f00a4
nvram_set: [   12.717634] firmadyne: sys_socket[PID: 114 (klogd)]: family:1, type:1, protocol:0
[   12.718862] firmadyne: sys_socket[PID: 114 (klogd)]: family:1, type:2, protocol:0
usb_info_dev31 = "A200396E0402FF83@1@14.4G@U@1@USB_Storage;U:;0;0@"
sem_get: Key: 410f00a4
[   12.725554] firmadyne: sys_socket[PID: 114 (klogd)]: family:1, type:1, protocol:0
[   12.727892] firmadyne: sys_socket[PID: 114 (klogd)]: family:1, type:2, protocol:0
sem_get: Key: 410f00a4
nvram_set: usb_info_dev32 = "A200396E0402FF83@1@14.4G@U@1@USB_Storage;U:;0;0@[   12.737873] firmadyne: sys_socket[PID: 114 (klogd)]: family:1, type:1, protocol:0
[   12.739119] firmadyne: sys_socket[PID: 114 (klogd)]: family:1, type:2, protocol:0
"
sem_get: Key: 410f00a4
sem_get: Key: [   12.745988] firmadyne: sys_socket[PID: 114 (klogd)]: family:1, type:1, protocol:0
[   12.747170] firmadyne: sys_socket[PID: 114 (klogd)]: family:1, type:2, protocol:0
410f00a4
nvram_set: usb_info_dev33 = "A200396E0402FF83@1@14.4G@U@1@USB_Storage;U:;0;0@"
sem_get: Key: 410f00a4
sem_get: Key: 410f00a4
nvram_set: usb_info_dev34 = "A200396E0402FF83@1@14.4G@U@1@USB_Storage;U:;0;0@"
sem_get: Key: 410f00a4
[   12.772575] firmadyne: sys_socket[PID: 114 (klogd)]: family:1, type:1, protocol:0
[   12.773874] firmadyne: sys_socket[PID: 114 (klogd)]: family:1, type:2, protocol:0
sem_get: Key: 410f00a4
nvram_set: [   12.780612] firmadyne: sys_socket[PID: 114 (klogd)]: family:1, type:1, protocol:0
[   12.781824] firmadyne: sys_socket[PID: 114 (klogd)]: family:1, type:2, protocol:0
usb_info_dev35 = "A200396E0402FF83@1@14.4G@U@1@USB_Storage;U:;0;0@"
sem_get: Key: 410f00a4
[   12.789652] firmadyne: sys_socket[PID: 114 (klogd)]: family:1, type:1, protocol:0
[   12.790864] firmadyne: sys_socket[PID: 114 (klogd)]: family:1, type:2, protocol:0
[   12.793377] firmadyne: sys_socket[PID: 114 (klogd)]: family:1, type:1, protocol:0
[   12.794529] firmadyne: sys_socket[PID: 114 (klogd)]: family:1, type:2, protocol:0
sem_get: Key: 410f00a4
nvram_set: usb_info_dev36 = "A200396E0402FF83@1@14.4G@U@1@USB_Storage;U:;0;0@"
sem_get: Key: 410f00a4
[   12.805109] firmadyne: sys_socket[PID: 114 (klogd)]: family:1, type:1, protocol:0
[   12.806366] firmadyne: sys_socket[PID: 114 (klogd)]: family:1, type:2, protocol:0
sem_get: Key: 410f00a4
nvram_set: [   12.813164] firmadyne: sys_socket[PID: 114 (klogd)]: family:1, type:1, protocol:0
[   12.814447] firmadyne: sys_socket[PID: 114 (klogd)]: family:1, type:2, protocol:0
usb_info_dev37 = "A200396E0402FF83@1@14.4G@U@1@USB_Storage;U:;0;0@"
sem_get: Key: 410f00a4
[   12.821092] firmadyne: sys_socket[PID: 114 (klogd)]: family:1, type:1, protocol:0
[   12.822354] firmadyne: sys_socket[PID: 114 (klogd)]: family:1, type:2, protocol:0
sem_get: Key: 410f00a4
nvram_set: [   12.829171] firmadyne: sys_socket[PID: 114 (klogd)]: family:1, type:1, protocol:0
[   12.830403] firmadyne: sys_socket[PID: 114 (klogd)]: family:1, type:2, protocol:0
usb_info_dev38 = "A200396E0402FF83@1@14.4G@U@1@USB_Storage;U:;0;0@"
sem_get: Key: 410f00a4
[   12.837054] firmadyne: sys_socket[PID: 114 (klogd)]: family:1, type:1, protocol:0
[   12.838280] firmadyne: sys_socket[PID: 114 (klogd)]: family:1, type:2, protocol:0
sem_get: Key: 410f00a4
[   12.845537] firmadyne: sys_socket[PID: 114 (klogd)]: family:1, type:1, protocol:0
[   12.846791] firmadyne: sys_socket[PID: 114 (klogd)]: family:1, type:2, protocol:0
nvram_set: usb_info_dev39 = "A200396E0402FF83@1@14.4G@U@1@USB_Storage;U:;0;0@"
sem_get[   12.853830] firmadyne: sys_socket[PID: 114 (klogd)]: family:1, type:1, protocol:0
[   12.855051] firmadyne: sys_socket[PID: 114 (klogd)]: family:1, type:2, protocol:0
: Key: 410f00a4
sem_get: Key: 410f00a4
[   12.861801] firmadyne: sys_socket[PID: 114 (klogd)]: family:1, type:1, protocol:0
[   12.863003] firmadyne: sys_socket[PID: 114 (klogd)]: family:1, type:2, protocol:0
nvram_set: usb_info_dev40 = "A200396E0402FF83@1@14.4G@U@1@USB_Storage;U:;0;0@"
[   12.869529] firmadyne: sys_socket[PID: 114 (klogd)]: family:1, type:1, protocol:0
[   12.870801] firmadyne: sys_socket[PID: 114 (klogd)]: family:1, type:2, protocol:0
sem_get: Key: 410f00a4
sem_get: Key: 410f00a4
[   12.877801] firmadyne: sys_socket[PID: 114 (klogd)]: family:1, type:1, protocol:0
[   12.879006] firmadyne: sys_socket[PID: 114 (klogd)]: family:1, type:2, protocol:0
nvram_set: usb_info_dev41 = "A200396E0402FF83@1@14.4G@U@1@USB_Storage;U:;0;0@"
sem_get[   12.885910] firmadyne: sys_socket[PID: 114 (klogd)]: family:1, type:1, protocol:0
[   12.887112] firmadyne: sys_socket[PID: 114 (klogd)]: family:1, type:2, protocol:0
: Key: 410f00a4
sem_get: Key: 410f00a4
[   12.893745] firmadyne: sys_socket[PID: 114 (klogd)]: family:1, type:1, protocol:0
[   12.894909] firmadyne: sys_socket[PID: 114 (klogd)]: family:1, type:2, protocol:0
nvram_set: usb_info_dev42 = "A200396E0402FF83@1@14.4G@U@1@USB_Storage;U:;0;0@"
[   12.901828] firmadyne: sys_socket[PID: 114 (klogd)]: family:1, type:1, protocol:0
[   12.903065] firmadyne: sys_socket[PID: 114 (klogd)]: family:1, type:2, protocol:0
sem_get: Key: 410f00a4
sem_get: Key: 410f00a4
[   12.909988] firmadyne: sys_socket[PID: 114 (klogd)]: family:1, type:1, protocol:0
[   12.911163] firmadyne: sys_socket[PID: 114 (klogd)]: family:1, type:2, protocol:0
nvram_set: usb_info_dev43 = "A200396E0402FF83@1@14.4G@U@1@USB_Storage;U:;0;0@"
[   12.917690] firmadyne: sys_socket[PID: 114 (klogd)]: family:1, type:1, protocol:0
[   12.918934] firmadyne: sys_socket[PID: 114 (klogd)]: family:1, type:2, protocol:0
sem_get: Key: 410f00a4
sem_get: Key: 410f00a4[   12.925621] firmadyne: sys_socket[PID: 114 (klogd)]: family:1, type:1, protocol:0
[   12.926849] firmadyne: sys_socket[PID: 114 (klogd)]: family:1, type:2, protocol:0

nvram_set: usb_info_dev44 = "A200396E0402FF83@1@14.4G@U@1@USB_Storage;U:;0;0@[   12.933454] firmadyne: sys_socket[PID: 114 (klogd)]: family:1, type:1, protocol:0
[   12.934666] firmadyne: sys_socket[PID: 114 (klogd)]: family:1, type:2, protocol:0
"
sem_get: Key: 410f00a4
sem_get[   12.941265] firmadyne: sys_socket[PID: 114 (klogd)]: family:1, type:1, protocol:0
[   12.942516] firmadyne: sys_socket[PID: 114 (klogd)]: family:1, type:2, protocol:0
: Key: 410f00a4
nvram_set: usb_info_dev45 = "[   12.949282] firmadyne: sys_socket[PID: 114 (klogd)]: family:1, type:1, protocol:0
[   12.950553] firmadyne: sys_socket[PID: 114 (klogd)]: family:1, type:2, protocol:0
A200396E0402FF83@1@14.4G@U@1@USB_Storage;U:;0;0@"
sem_get: Key: 410f00a4
sem_get[   12.957589] firmadyne: sys_socket[PID: 114 (klogd)]: family:1, type:1, protocol:0
[   12.958810] firmadyne: sys_socket[PID: 114 (klogd)]: family:1, type:2, protocol:0
: Key: 410f00a4
nvram_set: usb_info_dev46 = "A200396E0402FF83@1@14.4G@U@1@USB_Storage;U:;0;0@[   12.965884] firmadyne: sys_socket[PID: 114 (klogd)]: family:1, type:1, protocol:0
[   12.967057] firmadyne: sys_socket[PID: 114 (klogd)]: family:1, type:2, protocol:0
"
sem_get: Key: 410f00a4
sem_get: Key: [   12.973975] firmadyne: sys_socket[PID: 114 (klogd)]: family:1, type:1, protocol:0
[   12.975144] firmadyne: sys_socket[PID: 114 (klogd)]: family:1, type:2, protocol:0
410f00a4
nvram_set: usb_info_dev47 = "A200396E0402FF83@1@14.4G@U@1@USB_Storage;U:;0;0@[   12.981746] firmadyne: sys_socket[PID: 114 (klogd)]: family:1, type:1, protocol:0
[   12.982966] firmadyne: sys_socket[PID: 114 (klogd)]: family:1, type:2, protocol:0
"
sem_get: Key: 410f00a4
sem_get[   12.990664] firmadyne: sys_socket[PID: 114 (klogd)]: family:1, type:1, protocol:0
[   12.992106] firmadyne: sys_socket[PID: 114 (klogd)]: family:1, type:2, protocol:0
: Key: 410f00a4
nvram_set: usb_info_dev48 = "A200396E0402FF83@1@14.4G@U@1@USB_Storage;U:;0;0@"
sem_get: Key: [   13.002031] firmadyne: sys_socket[PID: 114 (klogd)]: family:1, type:1, protocol:0
[   13.003228] firmadyne: sys_socket[PID: 114 (klogd)]: family:1, type:2, protocol:0
410f00a4
sem_get: Key: 410f00a4
[   13.009712] firmadyne: sys_socket[PID: 114 (klogd)]: family:1, type:1, protocol:0
[   13.010914] firmadyne: sys_socket[PID: 114 (klogd)]: family:1, type:2, protocol:0
nvram_set: usb_info_dev49 = "A200396E0402FF83@1@14.4G@U@1@USB_Storage;U:;0;0@"
[   13.017472] firmadyne: sys_socket[PID: 114 (klogd)]: family:1, type:1, protocol:0
[   13.018698] firmadyne: sys_socket[PID: 114 (klogd)]: family:1, type:2, protocol:0
sem_get: Key: 410f00a4
sem_get: Key: 410f00a4
[   13.026312] firmadyne: sys_socket[PID: 114 (klogd)]: family:1, type:1, protocol:0
[   13.027564] firmadyne: sys_socket[PID: 114 (klogd)]: family:1, type:2, protocol:0
nvram_set: usb_info_dev50 = "A200396E0402FF83@1@14.4G@U@1@USB_Storage;U:;0;0@"
[   13.034060] firmadyne: sys_socket[PID: 114 (klogd)]: family:1, type:1, protocol:0
[   13.035265] firmadyne: sys_socket[PID: 114 (klogd)]: family:1, type:2, protocol:0
sem_get: Key: 410f00a4
sem_get: Key: [   13.041739] firmadyne: sys_socket[PID: 114 (klogd)]: family:1, type:1, protocol:0
[   13.042968] firmadyne: sys_socket[PID: 114 (klogd)]: family:1, type:2, protocol:0
410f00a4
nvram_set: usb_info_dev51 = "A200396E0402FF83@1@14.4G@U@1@USB_Storage;U:;0;0@[   13.049909] firmadyne: sys_socket[PID: 114 (klogd)]: family:1, type:1, protocol:0
[   13.051138] firmadyne: sys_socket[PID: 114 (klogd)]: family:1, type:2, protocol:0
"
sem_get: Key: 410f00a4
sem_get: Key: [   13.058021] firmadyne: sys_socket[PID: 114 (klogd)]: family:1, type:1, protocol:0
[   13.059224] firmadyne: sys_socket[PID: 114 (klogd)]: family:1, type:2, protocol:0
410f00a4
nvram_set: usb_info_dev52 = "A200396E0402FF83@1@14.4G@U@1@USB_Storage;U:;0;0@[   13.066035] firmadyne: sys_socket[PID: 114 (klogd)]: family:1, type:1, protocol:0
[   13.067305] firmadyne: sys_socket[PID: 114 (klogd)]: family:1, type:2, protocol:0
"
sem_get: Key: 410f00a4
sem_get[   13.073892] firmadyne: sys_socket[PID: 114 (klogd)]: family:1, type:1, protocol:0
[   13.075120] firmadyne: sys_socket[PID: 114 (klogd)]: family:1, type:2, protocol:0
: Key: 410f00a4
nvram_set: usb_info_dev53 = "A200396E0402FF83@1@14.4G@U@1@USB_Storage;U:;0;0@[   13.081999] firmadyne: sys_socket[PID: 114 (klogd)]: family:1, type:1, protocol:0
[   13.083192] firmadyne: sys_socket[PID: 114 (klogd)]: family:1, type:2, protocol:0
"
sem_get: Key: 410f00a4
sem_get: Key: [   13.089847] firmadyne: sys_socket[PID: 114 (klogd)]: family:1, type:1, protocol:0
[   13.091042] firmadyne: sys_socket[PID: 114 (klogd)]: family:1, type:2, protocol:0
410f00a4
nvram_set: usb_info_dev54 = "A200396E0402FF83@1@14.4G@U@1@USB_Storage;U:;0;0@[   13.097837] firmadyne: sys_socket[PID: 114 (klogd)]: family:1, type:1, protocol:0
[   13.099105] firmadyne: sys_socket[PID: 114 (klogd)]: family:1, type:2, protocol:0
"
sem_get: Key: 410f00a4
sem_get: Key: [   13.107198] firmadyne: sys_socket[PID: 114 (klogd)]: family:1, type:1, protocol:0
[   13.108567] firmadyne: sys_socket[PID: 114 (klogd)]: family:1, type:2, protocol:0
[   13.110936] firmadyne: sys_socket[PID: 114 (klogd)]: family:1, type:1, protocol:0
410f00a4
nvram_set: usb_info_dev55 = "A200396E0402FF83@1@14.4G@U@1@USB_Storage;U:;0;0@"
sem_get: Key: 410f00a4
sem_get: Key: [   13.120738] firmadyne: sys_socket[PID: 114 (klogd)]: family:1, type:2, protocol:0
[   13.123084] firmadyne: sys_socket[PID: 114 (klogd)]: family:1, type:1, protocol:0
410f00a4
nvram_set: usb_info_dev56 = "A200396E0402FF83@1@14.4G@U@1@USB_Storage;U:;0;0@[   13.128618] firmadyne: sys_socket[PID: 114 (klogd)]: family:1, type:2, protocol:0
[   13.131036] firmadyne: sys_socket[PID: 114 (klogd)]: family:1, type:1, protocol:0
"
sem_get: Key: 410f00a4
sem_get: Key: [   13.136565] firmadyne: sys_socket[PID: 114 (klogd)]: family:1, type:2, protocol:0
[   13.138962] firmadyne: sys_socket[PID: 114 (klogd)]: family:1, type:1, protocol:0
410f00a4
nvram_set: usb_info_dev57 = "A200396E0402FF83@1@14.4G@U@1@USB_Storage;U:;0;0@[   13.144524] firmadyne: sys_socket[PID: 114 (klogd)]: family:1, type:2, protocol:0
"
sem_get: Key: 410f00a4
sem_get: Key: 410f00a4
nvram_set: usb_info_dev58 = "A200396E0402FF83@1@14.4G@U@1@USB_Storage;U:;0;0@"
sem_get: Key: [   13.164503] firmadyne: sys_socket[PID: 114 (klogd)]: family:1, type:1, protocol:0
[   13.165781] firmadyne: sys_socket[PID: 114 (klogd)]: family:1, type:2, protocol:0
410f00a4
sem_get: Key: 410f00a4
[   13.172533] firmadyne: sys_socket[PID: 114 (klogd)]: family:1, type:1, protocol:0
[   13.173820] firmadyne: sys_socket[PID: 114 (klogd)]: family:1, type:2, protocol:0
nvram_set: usb_info_dev59 = "A200396E0402FF83@1@14.4G@U@1@USB_Storage;U:;0;0@"
sem_get: Key: 410f00a4[   13.180705] firmadyne: sys_socket[PID: 114 (klogd)]: family:1, type:1, protocol:0
[   13.181977] firmadyne: sys_socket[PID: 114 (klogd)]: family:1, type:2, protocol:0

sem_get: Key: 410f00a4
[   13.189746] firmadyne: sys_socket[PID: 114 (klogd)]: family:1, type:1, protocol:0
[   13.190969] firmadyne: sys_socket[PID: 114 (klogd)]: family:1, type:2, protocol:0
[   13.193464] firmadyne: sys_socket[PID: 114 (klogd)]: family:1, type:1, protocol:0
[   13.194654] firmadyne: sys_socket[PID: 114 (klogd)]: family:1, type:2, protocol:0
[   13.196275] cfg80211: Calling CRDA to update world regulatory domain
nvram_set: usb_info_dev60 = "A200396E0402FF83@1@14.4G@U@1@USB_Storage;U:;0;0@"
sem_get: Key: 410f00a4
sem_get: Key: 410f00a4
[   13.206280] firmadyne: sys_socket[PID: 114 (klogd)]: family:1, type:1, protocol:0
[   13.207485] firmadyne: sys_socket[PID: 114 (klogd)]: family:1, type:2, protocol:0
nvram_set: usb_info_dev61 = "A200396E0402FF83@1@14.4G@U@1@USB_Storage;U:;0;0@"
[   13.213594] firmadyne: sys_socket[PID: 114 (klogd)]: family:1, type:1, protocol:0
[   13.214636] firmadyne: sys_socket[PID: 114 (klogd)]: family:1, type:2, protocol:0
sem_get: Key: 410f00a4
sem_get: Key: 410f00a4
[   13.220688] firmadyne: sys_socket[PID: 114 (klogd)]: family:1, type:1, protocol:0
[   13.221683] firmadyne: sys_socket[PID: 114 (klogd)]: family:1, type:2, protocol:0
[   13.223553] firmadyne: sys_socket[PID: 114 (klogd)]: family:1, type:1, protocol:0
nvram_set: usb_info_dev62 = "A200396E0402FF83@1@14.4G@U@1@USB_Storage;U:;0;0@"
sem_get: Key: 410f00a4[   13.228884] firmadyne: sys_socket[PID: 114 (klogd)]: family:1, type:2, protocol:0
[   13.230818] firmadyne: sys_socket[PID: 114 (klogd)]: family:1, type:1, protocol:0
[   13.231798] firmadyne: sys_socket[PID: 114 (klogd)]: family:1, type:2, protocol:0

sem_get: Key: 410f00a4
nvram_set: usb_info_dev63 = "A200396E0402FF83@1@14.4G@U@1@USB_Storage;U:;0;0@"
sem_get: Key: 410f00a4
[   13.241406] firmadyne: sys_socket[PID: 114 (klogd)]: family:1, type:1, protocol:0
[   13.242412] firmadyne: sys_socket[PID: 114 (klogd)]: family:1, type:2, protocol:0
sem_get: Key: 410f00a4
nvram_set: usb_info_dev64 = "A200396E0402FF83@1@14.4G@U@1@USB_Storage;U:;0;0@[   13.249140] firmadyne: sys_socket[PID: 114 (klogd)]: family:1, type:1, protocol:0
[   13.250191] firmadyne: sys_socket[PID: 114 (klogd)]: family:1, type:2, protocol:0
[   13.252466] firmadyne: sys_socket[PID: 114 (klogd)]: family:1, type:1, protocol:0
[   13.253480] firmadyne: sys_socket[PID: 114 (klogd)]: family:1, type:2, protocol:0
[   13.255526] firmadyne: sys_socket[PID: 114 (klogd)]: family:1, type:1, protocol:0
"
sem_get: Key: 410f00a4
sem_get: Key: 410f00a4
nvram_set: usb_info_dev65 = "A200396E0402FF83@1@14.4G@U@1@USB_Storage;U:;0;0@"
sem_get[   13.264469] firmadyne: sys_socket[PID: 114 (klogd)]: family:1, type:2, protocol:0
[   13.266580] firmadyne: sys_socket[PID: 114 (klogd)]: family:1, type:1, protocol:0
[   13.267609] firmadyne: sys_socket[PID: 114 (klogd)]: family:1, type:2, protocol:0
: Key: 410f00a4
sem_get: Key: 410f00a4
[   13.273407] firmadyne: sys_socket[PID: 114 (klogd)]: family:1, type:1, protocol:0
[   13.274469] firmadyne: sys_socket[PID: 114 (klogd)]: family:1, type:2, protocol:0
nvram_set: usb_info_dev66 = "A200396E0402FF83@1@14.4G@U@1@USB_Storage;U:;0;0@"
sem_get: Key: 410f00a4[   13.280785] firmadyne: sys_socket[PID: 114 (klogd)]: family:1, type:1, protocol:0
[   13.281893] firmadyne: sys_socket[PID: 114 (klogd)]: family:1, type:2, protocol:0

sem_get: Key: 410f00a4
nvram_set[   13.288361] firmadyne: sys_socket[PID: 114 (klogd)]: family:1, type:1, protocol:0
[   13.289470] firmadyne: sys_socket[PID: 114 (klogd)]: family:1, type:2, protocol:0
[   13.291598] firmadyne: sys_socket[PID: 114 (klogd)]: family:1, type:1, protocol:0
: usb_info_dev67 = "A200396E0402FF83@1@14.4G@U@1@USB_Storage;U:;0;0@"
sem_get: Key: 410f00a4
[   13.296594] firmadyne: sys_socket[PID: 114 (klogd)]: family:1, type:2, protocol:0
[   13.298733] firmadyne: sys_socket[PID: 114 (klogd)]: family:1, type:1, protocol:0
[   13.299798] firmadyne: sys_socket[PID: 114 (klogd)]: family:1, type:2, protocol:0
sem_get: Key: 410f00a4
nvram_set: usb_info_dev68 = "A200396E0402FF83@1@14.4G@U@1@USB_Storage;U:;0;0@"
sem_get: Key: 410f00a4
[   13.309509] firmadyne: sys_socket[PID: 114 (klogd)]: family:1, type:1, protocol:0
[   13.310597] firmadyne: sys_socket[PID: 114 (klogd)]: family:1, type:2, protocol:0
sem_get: Key: 410f00a4
nvram_set: usb_info_dev69 = "[   13.316943] firmadyne: sys_socket[PID: 114 (klogd)]: family:1, type:1, protocol:0
[   13.318059] firmadyne: sys_socket[PID: 114 (klogd)]: family:1, type:2, protocol:0
A200396E0402FF83@1@14.4G@U@1@USB_Storage;U:;0;0@"
sem_get: Key: 410f00a4
sem_get: Key: [   13.324536] firmadyne: sys_socket[PID: 114 (klogd)]: family:1, type:1, protocol:0
[   13.325634] firmadyne: sys_socket[PID: 114 (klogd)]: family:1, type:2, protocol:0
[   13.327814] firmadyne: sys_socket[PID: 114 (klogd)]: family:1, type:1, protocol:0
410f00a4
nvram_set: usb_info_dev70 = "A200396E0402FF83@1@14.4G@U@1@USB_Storage;U:;0;0@[   13.332794] firmadyne: sys_socket[PID: 114 (klogd)]: family:1, type:2, protocol:0
[   13.334990] firmadyne: sys_socket[PID: 114 (klogd)]: family:1, type:1, protocol:0
"
sem_get: Key: 410f00a4
sem_get: Key: [   13.340336] firmadyne: sys_socket[PID: 114 (klogd)]: family:1, type:2, protocol:0
[   13.342530] firmadyne: sys_socket[PID: 114 (klogd)]: family:1, type:1, protocol:0
[   13.343604] firmadyne: sys_socket[PID: 114 (klogd)]: family:1, type:2, protocol:0
410f00a4
nvram_set: usb_info_dev71 = "A200396E0402FF83@1@14.4G@U@1@USB_Storage;U:;0;0@[   13.349661] firmadyne: sys_socket[PID: 114 (klogd)]: family:1, type:1, protocol:0
[   13.350779] firmadyne: sys_socket[PID: 114 (klogd)]: family:1, type:2, protocol:0
"
sem_get: Key: 410f00a4
sem_get: Key: 410f00a4[   13.357492] firmadyne: sys_socket[PID: 114 (klogd)]: family:1, type:1, protocol:0
[   13.358562] firmadyne: sys_socket[PID: 114 (klogd)]: family:1, type:2, protocol:0

nvram_set: usb_info_dev72 = "A200396E0402FF83@1@14.4G@U@1@USB_Storage;U:;0;0@"
[   13.364792] firmadyne: sys_socket[PID: 114 (klogd)]: family:1, type:1, protocol:0
[   13.365925] firmadyne: sys_socket[PID: 114 (klogd)]: family:1, type:2, protocol:0
sem_get: Key: 410f00a4
sem_get: Key: 410f00a4
[   13.372599] firmadyne: sys_socket[PID: 114 (klogd)]: family:1, type:1, protocol:0
[   13.373751] firmadyne: sys_socket[PID: 114 (klogd)]: family:1, type:2, protocol:0
nvram_set: usb_info_dev73 = "A200396E0402FF83@1@14.4G@U@1@USB_Storage;U:;0;0@"
sem_get: Key: [   13.380167] firmadyne: sys_socket[PID: 114 (klogd)]: family:1, type:1, protocol:0
[   13.381343] firmadyne: sys_socket[PID: 114 (klogd)]: family:1, type:2, protocol:0
[   13.383565] firmadyne: sys_socket[PID: 114 (klogd)]: family:1, type:1, protocol:0
410f00a4
sem_get: Key: 410f00a4
[   13.389452] firmadyne: sys_socket[PID: 114 (klogd)]: family:1, type:2, protocol:0
[   13.391720] firmadyne: sys_socket[PID: 114 (klogd)]: family:1, type:1, protocol:0
[   13.393025] firmadyne: sys_socket[PID: 114 (klogd)]: family:1, type:2, protocol:0
[   13.395269] firmadyne: sys_socket[PID: 114 (klogd)]: family:1, type:1, protocol:0
nvram_set: usb_info_dev74 = "A200396E0402FF83@1@14.4G@U@1@USB_Storage;U:;0;0@"
sem_get: Key: 410f00a4
sem_get: Key: 410f00a4
[   13.404945] firmadyne: sys_socket[PID: 114 (klogd)]: family:1, type:2, protocol:0
nvram_set: usb_info_dev75 = "[   13.413710] firmadyne: sys_socket[PID: 114 (klogd)]: family:1, type:1, protocol:0
A200396E0402FF83@1@14.4G@U@1@USB_Storage;U:;0;0@"
sem_get: Key: [   13.420579] firmadyne: sys_socket[PID: 114 (klogd)]: family:1, type:2, protocol:0
410f00a4
sem_get: Key: 410f00a4
[   13.433857] firmadyne: sys_socket[PID: 114 (klogd)]: family:1, type:1, protocol:0
nvram_set: usb_info_dev76[   13.440736] firmadyne: sys_socket[PID: 114 (klogd)]: family:1, type:2, protocol:0
[   13.444768] firmadyne: sys_socket[PID: 114 (klogd)]: family:1, type:1, protocol:0
 = "A200396E0402FF83@1@14.4G@U@1@USB_Storage;U:;0;0@"
sem_get: Key: 410f00a4
sem_get[   13.453467] firmadyne: sys_socket[PID: 114 (klogd)]: family:1, type:2, protocol:0
[   13.456633] firmadyne: sys_socket[PID: 114 (klogd)]: family:1, type:1, protocol:0
[   13.458017] firmadyne: sys_socket[PID: 114 (klogd)]: family:1, type:2, protocol:0
: Key: 410f00a4
[   13.465869] firmadyne: sys_socket[PID: 114 (klogd)]: family:1, type:1, protocol:0
nvram_set: usb_info_dev77 = "A200396E0402FF83@1@14.4G@U@1@USB_Storage;U:;0;0@"
sem_get: Key: [   13.472428] firmadyne: sys_socket[PID: 114 (klogd)]: family:1, type:2, protocol:0
[   13.475129] firmadyne: sys_socket[PID: 114 (klogd)]: family:1, type:1, protocol:0
410f00a4
sem_get: Key: 410f00a4
[   13.480632] firmadyne: sys_socket[PID: 114 (klogd)]: family:1, type:2, protocol:0
[   13.483114] firmadyne: sys_socket[PID: 114 (klogd)]: family:1, type:1, protocol:0
nvram_set: usb_info_dev78 = "A200396E0402FF83@1@14.4G@U@1@USB_Storage;U:;0;0@"
sem_get[   13.488571] firmadyne: sys_socket[PID: 114 (klogd)]: family:1, type:2, protocol:0
[   13.490944] firmadyne: sys_socket[PID: 114 (klogd)]: family:1, type:1, protocol:0
: Key: 410f00a4
sem_get: Key: 410f00a4
nvram_set: usb_info_dev79 = "A200396E0402FF83@1@14.4G@U@1@USB_Storage;U:;0;0@"
sem_get: Key: 410f00a4[   13.500506] firmadyne: sys_socket[PID: 114 (klogd)]: family:1, type:2, protocol:0
[   13.502776] firmadyne: sys_socket[PID: 114 (klogd)]: family:1, type:1, protocol:0
[   13.504248] firmadyne: sys_socket[PID: 114 (klogd)]: family:1, type:2, protocol:0
[   13.506447] firmadyne: sys_socket[PID: 114 (klogd)]: family:1, type:1, protocol:0
[   13.507543] firmadyne: sys_socket[PID: 114 (klogd)]: family:1, type:2, protocol:0

sem_get: Key: 410f00a4
nvram_set: usb_info_dev80 = "A200396E0402FF83@1@14.4G@U@1@USB_Storage;U:;0;0@"
sem_get: Key: 410f00a4
[   13.517830] firmadyne: sys_socket[PID: 114 (klogd)]: family:1, type:1, protocol:0
[   13.518935] firmadyne: sys_socket[PID: 114 (klogd)]: family:1, type:2, protocol:0
sem_get: Key: 410f00a4
nvram_set[   13.525483] firmadyne: sys_socket[PID: 114 (klogd)]: family:1, type:1, protocol:0
[   13.526629] firmadyne: sys_socket[PID: 114 (klogd)]: family:1, type:2, protocol:0
: usb_info_dev81 = "A200396E0402FF83@1@14.4G@U@1@USB_Storage;U:;0;0@"
sem_get: Key: 410f00a4
sem_get: Key: 410f00a4
nvram_set: usb_info_dev82 = "A200396E0402FF83@1@14.4G@U@1@USB_Storage;U:;0;0@"
sem_get: Key: 410f00a4
[   13.548370] firmadyne: sys_socket[PID: 114 (klogd)]: family:1, type:1, protocol:0
[   13.549552] firmadyne: sys_socket[PID: 114 (klogd)]: family:1, type:2, protocol:0
[   13.551807] firmadyne: sys_socket[PID: 114 (klogd)]: family:1, type:1, protocol:0
sem_get: Key: 410f00a4
nvram_set: usb_info_dev83 = "A200396E0402FF83@1@14.4G@U@1@USB_Storage;U:;0;0@"
sem_get: Key: 410f00a4
[   13.560417] firmadyne: sys_socket[PID: 114 (klogd)]: family:1, type:2, protocol:0
[   13.562711] firmadyne: sys_socket[PID: 114 (klogd)]: family:1, type:1, protocol:0
[   13.563820] firmadyne: sys_socket[PID: 114 (klogd)]: family:1, type:2, protocol:0
sem_get: Key: 410f00a4
[   13.569573] firmadyne: sys_socket[PID: 114 (klogd)]: family:1, type:1, protocol:0
[   13.570709] firmadyne: sys_socket[PID: 114 (klogd)]: family:1, type:2, protocol:0
nvram_set: usb_info_dev84 = "A200396E0402FF83@1@14.4G@U@1@USB_Storage;U:;0;0@"
sem_get: Key: 410f00a4
[   13.577418] firmadyne: sys_socket[PID: 114 (klogd)]: family:1, type:1, protocol:0
[   13.578593] firmadyne: sys_socket[PID: 114 (klogd)]: family:1, type:2, protocol:0
sem_get: Key: 410f00a4
nvram_set[   13.585115] firmadyne: sys_socket[PID: 114 (klogd)]: family:1, type:1, protocol:0
[   13.586299] firmadyne: sys_socket[PID: 114 (klogd)]: family:1, type:2, protocol:0
: usb_info_dev85 = "A200396E0402FF83@1@14.4G@U@1@USB_Storage;U:;0;0@"
sem_get: Key: 410f00a4
sem_get: Key: 410f00a4
[   13.596749] firmadyne: sys_socket[PID: 114 (klogd)]: family:1, type:1, protocol:0
[   13.597903] firmadyne: sys_socket[PID: 114 (klogd)]: family:1, type:2, protocol:0
[   13.600520] firmadyne: sys_socket[PID: 114 (klogd)]: family:1, type:1, protocol:0
[   13.601578] firmadyne: sys_socket[PID: 114 (klogd)]: family:1, type:2, protocol:0
[   13.603662] firmadyne: sys_socket[PID: 114 (klogd)]: family:1, type:1, protocol:0
nvram_set: usb_info_dev86 = "A200396E0402FF83@1@14.4G@U@1@USB_Storage;U:;0;0@"
sem_get: Key: 410f00a4
sem_get: Key: 410f00a4
nvram_set[   13.613395] firmadyne: sys_socket[PID: 114 (klogd)]: family:1, type:2, protocol:0
[   13.615632] firmadyne: sys_socket[PID: 114 (klogd)]: family:1, type:1, protocol:0
[   13.617199] firmadyne: sys_socket[PID: 114 (klogd)]: family:1, type:2, protocol:0
[   13.619368] firmadyne: sys_socket[PID: 114 (klogd)]: family:1, type:1, protocol:0
: usb_info_dev87 = "A200396E0402FF83@1@14.4G@U@1@USB_Storage;U:;0;0@"
sem_get: Key: 410f00a4
[   13.624780] firmadyne: sys_socket[PID: 114 (klogd)]: family:1, type:2, protocol:0
[   13.627086] firmadyne: sys_socket[PID: 114 (klogd)]: family:1, type:1, protocol:0
sem_get: Key: 410f00a4
nvram_set: usb_info_dev88[   13.632768] firmadyne: sys_socket[PID: 114 (klogd)]: family:1, type:2, protocol:0
[   13.635016] firmadyne: sys_socket[PID: 114 (klogd)]: family:1, type:1, protocol:0
 = "A200396E0402FF83@1@14.4G@U@1@USB_Storage;U:;0;0@"
sem_get: Key: 410f00a4
[   13.640274] firmadyne: sys_socket[PID: 114 (klogd)]: family:1, type:2, protocol:0
[   13.642519] firmadyne: sys_socket[PID: 114 (klogd)]: family:1, type:1, protocol:0
[   13.643629] firmadyne: sys_socket[PID: 114 (klogd)]: family:1, type:2, protocol:0
sem_get: Key: 410f00a4
nvram_set: usb_info_dev89[   13.649762] firmadyne: sys_socket[PID: 114 (klogd)]: family:1, type:1, protocol:0
[   13.650927] firmadyne: sys_socket[PID: 114 (klogd)]: family:1, type:2, protocol:0
 = "A200396E0402FF83@1@14.4G@U@1@USB_Storage;U:;0;0@"
sem_get: Key: 410f00a4
[   13.657323] firmadyne: sys_socket[PID: 114 (klogd)]: family:1, type:1, protocol:0
[   13.658441] firmadyne: sys_socket[PID: 114 (klogd)]: family:1, type:2, protocol:0
sem_get: Key: 410f00a4
nvram_set: usb_info_dev90 = "A200396E0402FF83@1@14.4G@U@1@USB_Storage;U:;0;0@[   13.665228] firmadyne: sys_socket[PID: 114 (klogd)]: family:1, type:1, protocol:0
[   13.666365] firmadyne: sys_socket[PID: 114 (klogd)]: family:1, type:2, protocol:0
"
sem_get: Key: 410f00a4
sem_get: Key: 410f00a4
[   13.673181] firmadyne: sys_socket[PID: 114 (klogd)]: family:1, type:1, protocol:0
[   13.674342] firmadyne: sys_socket[PID: 114 (klogd)]: family:1, type:2, protocol:0
nvram_set: usb_info_dev91 = "A200396E0402FF83@1@14.4G@U@1@USB_Storage;U:;0;0@"
sem_get: Key: [   13.680987] firmadyne: sys_socket[PID: 114 (klogd)]: family:1, type:1, protocol:0
[   13.682129] firmadyne: sys_socket[PID: 114 (klogd)]: family:1, type:2, protocol:0
410f00a4
sem_get: Key: 410f00a4
[   13.688541] firmadyne: sys_socket[PID: 114 (klogd)]: family:1, type:1, protocol:0
[   13.689737] firmadyne: sys_socket[PID: 114 (klogd)]: family:1, type:2, protocol:0
nvram_set: usb_info_dev92 = "A200396E0402FF83@1@14.4G@U@1@USB_Storage;U:;0;0@"
sem_get: Key: 410f00a4
[   13.696459] firmadyne: sys_socket[PID: 114 (klogd)]: family:1, type:1, protocol:0
[   13.697622] firmadyne: sys_socket[PID: 114 (klogd)]: family:1, type:2, protocol:0
[   13.699784] firmadyne: sys_socket[PID: 114 (klogd)]: family:1, type:1, protocol:0
sem_get: Key: 410f00a4
nvram_set[   13.704712] firmadyne: sys_socket[PID: 114 (klogd)]: family:1, type:2, protocol:0
[   13.706991] firmadyne: sys_socket[PID: 114 (klogd)]: family:1, type:1, protocol:0
: usb_info_dev93 = "A200396E0402FF83@1@14.4G@U@1@USB_Storage;U:;0;0@"
sem_get: Key: 410f00a4
[   13.712327] firmadyne: sys_socket[PID: 114 (klogd)]: family:1, type:2, protocol:0
[   13.714646] firmadyne: sys_socket[PID: 114 (klogd)]: family:1, type:1, protocol:0
[   13.715764] firmadyne: sys_socket[PID: 114 (klogd)]: family:1, type:2, protocol:0
sem_get: Key: 410f00a4
nvram_set: usb_info_dev94 = "A200396E0402FF83@1@14.4G@U@1@USB_Storage;U:;0;0@"
sem_get: Key: 410f00a4
[   13.725523] firmadyne: sys_socket[PID: 114 (klogd)]: family:1, type:1, protocol:0
[   13.726631] firmadyne: sys_socket[PID: 114 (klogd)]: family:1, type:2, protocol:0
sem_get: Key: 410f00a4
nvram_set: usb_info_dev95[   13.733407] firmadyne: sys_socket[PID: 114 (klogd)]: family:1, type:1, protocol:0
[   13.734553] firmadyne: sys_socket[PID: 114 (klogd)]: family:1, type:2, protocol:0
 = "A200396E0402FF83@1@14.4G@U@1@USB_Storage;U:;0;0@"
sem_get: Key: 410f00a4
sem_get[   13.741358] firmadyne: sys_socket[PID: 114 (klogd)]: family:1, type:1, protocol:0
[   13.742567] firmadyne: sys_socket[PID: 114 (klogd)]: family:1, type:2, protocol:0
: Key: 410f00a4
nvram_set: usb_info_dev96 = "A200396E0402FF83@1@14.4G@U@1@USB_Storage;U:;0;0@[   13.749146] firmadyne: sys_socket[PID: 114 (klogd)]: family:1, type:1, protocol:0
[   13.750279] firmadyne: sys_socket[PID: 114 (klogd)]: family:1, type:2, protocol:0
"
sem_get: Key: 410f00a4
sem_get: Key: 410f00a4[   13.756740] firmadyne: sys_socket[PID: 114 (klogd)]: family:1, type:1, protocol:0
[   13.757886] firmadyne: sys_socket[PID: 114 (klogd)]: family:1, type:2, protocol:0

nvram_set: usb_info_dev97 = "A200396E0402FF83@1@14.4G@U@1@USB_Storage;U:;0;0@"
[   13.764364] firmadyne: sys_socket[PID: 114 (klogd)]: family:1, type:1, protocol:0
[   13.765543] firmadyne: sys_socket[PID: 114 (klogd)]: family:1, type:2, protocol:0
[   13.767765] firmadyne: sys_socket[PID: 114 (klogd)]: family:1, type:1, protocol:0
sem_get: Key: 410f00a4
sem_get: Key: 410f00a4[   13.772817] firmadyne: sys_socket[PID: 114 (klogd)]: family:1, type:2, protocol:0
[   13.775068] firmadyne: sys_socket[PID: 114 (klogd)]: family:1, type:1, protocol:0

nvram_set: usb_info_dev98 = "A200396E0402FF83@1@14.4G@U@1@USB_Storage;U:;0;0@"
[   13.780449] firmadyne: sys_socket[PID: 114 (klogd)]: family:1, type:2, protocol:0
[   13.782733] firmadyne: sys_socket[PID: 114 (klogd)]: family:1, type:1, protocol:0
[   13.783860] firmadyne: sys_socket[PID: 114 (klogd)]: family:1, type:2, protocol:0
sem_get: Key: 410f00a4
sem_get: Key: [   13.790868] firmadyne: sys_socket[PID: 114 (klogd)]: family:1, type:1, protocol:0
[   13.792193] firmadyne: sys_socket[PID: 114 (klogd)]: family:1, type:2, protocol:0
[   13.794374] firmadyne: sys_socket[PID: 114 (klogd)]: family:1, type:1, protocol:0
[   13.795473] firmadyne: sys_socket[PID: 114 (klogd)]: family:1, type:2, protocol:0
410f00a4
nvram_set: usb_info_dev99 = "A200396E0402FF83@1@14.4G@U@1@USB_Storage;U:;0;0@"
sem_get: Key: 410f00a4
sem_get: Key: [   13.805833] firmadyne: sys_socket[PID: 114 (klogd)]: family:1, type:1, protocol:0
[   13.806962] firmadyne: sys_socket[PID: 114 (klogd)]: family:1, type:2, protocol:0
410f00a4
nvram_set: usb_info_dev100 = "A200396E0402FF83@1@14.4G@U@1@USB_Storage;U:;0;0@"
[   13.813572] firmadyne: sys_socket[PID: 114 (klogd)]: family:1, type:1, protocol:0
[   13.814719] firmadyne: sys_socket[PID: 114 (klogd)]: family:1, type:2, protocol:0
sem_get: Key: 410f00a4
sem_get: Key: 410f00a4[   13.821342] firmadyne: sys_socket[PID: 114 (klogd)]: family:1, type:1, protocol:0
[   13.822498] firmadyne: sys_socket[PID: 114 (klogd)]: family:1, type:2, protocol:0

nvram_set: wla_ap_isolate_1 = ""
sem_get[   13.828823] firmadyne: sys_socket[PID: 114 (klogd)]: family:1, type:1, protocol:0
[   13.829959] firmadyne: sys_socket[PID: 114 (klogd)]: family:1, type:2, protocol:0
: Key: 410f00a4
sem_get: Key: 410f00a4
[   13.837083] firmadyne: sys_socket[PID: 114 (klogd)]: family:1, type:1, protocol:0
[   13.838249] firmadyne: sys_socket[PID: 114 (klogd)]: family:1, type:2, protocol:0
nvram_set: wla_ap_isolate_2 = ""
sem_get: Key: 410f00a4
[   13.844849] firmadyne: sys_socket[PID: 114 (klogd)]: family:1, type:1, protocol:0
[   13.846041] firmadyne: sys_socket[PID: 114 (klogd)]: family:1, type:2, protocol:0
sem_get: Key: 410f00a4
nvram_set: wla_ap_isolate_3 = "[   13.852717] firmadyne: sys_socket[PID: 114 (klogd)]: family:1, type:1, protocol:0
[   13.853891] firmadyne: sys_socket[PID: 114 (klogd)]: family:1, type:2, protocol:0
"
sem_get: Key: 410f00a4
sem_get: Key: 410f00a4
[   13.860715] firmadyne: sys_socket[PID: 114 (klogd)]: family:1, type:1, protocol:0
[   13.861880] firmadyne: sys_socket[PID: 114 (klogd)]: family:1, type:2, protocol:0
nvram_set: wla_ap_isolate_4 = ""
sem_get: Key: 410f00a4[   13.868419] firmadyne: sys_socket[PID: 114 (klogd)]: family:1, type:1, protocol:0
[   13.869624] firmadyne: sys_socket[PID: 114 (klogd)]: family:1, type:2, protocol:0

sem_get: Key: 410f00a4
[   13.876340] firmadyne: sys_socket[PID: 114 (klogd)]: family:1, type:1, protocol:0
[   13.877532] firmadyne: sys_socket[PID: 114 (klogd)]: family:1, type:2, protocol:0
[   13.879788] firmadyne: sys_socket[PID: 114 (klogd)]: family:1, type:1, protocol:0
nvram_set: wlg_ap_isolate_1 = ""
sem_get[   13.884779] firmadyne: sys_socket[PID: 114 (klogd)]: family:1, type:2, protocol:0
: Key: 410f00a4
sem_get: Key: 410f00a4
nvram_set: wlg_ap_isolate_2 = ""
sem_get: Key: 410f00a4
sem_get: Key: 410f00a4
nvram_set: wlg_ap_isolate_3 = ""
[   13.908321] firmadyne: sys_socket[PID: 114 (klogd)]: family:1, type:1, protocol:0
[   13.909544] firmadyne: sys_socket[PID: 114 (klogd)]: family:1, type:2, protocol:0
[   13.911863] firmadyne: sys_socket[PID: 114 (klogd)]: family:1, type:1, protocol:0
sem_get: Key: 410f00a4
sem_get: Key: 410f00a4[   13.916824] firmadyne: sys_socket[PID: 114 (klogd)]: family:1, type:2, protocol:0
[   13.919129] firmadyne: sys_socket[PID: 114 (klogd)]: family:1, type:1, protocol:0

nvram_set: wlg_ap_isolate_4 = ""
sem_get: Key: [   13.924674] firmadyne: sys_socket[PID: 114 (klogd)]: family:1, type:2, protocol:0
[   13.926951] firmadyne: sys_socket[PID: 114 (klogd)]: family:1, type:1, protocol:0
410f00a4
sem_get: Key: 410f00a4
[   13.932317] firmadyne: sys_socket[PID: 114 (klogd)]: family:1, type:2, protocol:0
[   13.934730] firmadyne: sys_socket[PID: 114 (klogd)]: family:1, type:1, protocol:0
[   13.936016] firmadyne: sys_socket[PID: 114 (klogd)]: family:1, type:2, protocol:0
nvram_set: wlg_allow_access_1 = ""
sem_get: Key: 410f00a4
sem_get: Key: 410f00a4
nvram_set[   13.945969] firmadyne: sys_socket[PID: 114 (klogd)]: family:1, type:1, protocol:0
[   13.947087] firmadyne: sys_socket[PID: 114 (klogd)]: family:1, type:2, protocol:0
[   13.949771] firmadyne: sys_socket[PID: 114 (klogd)]: family:1, type:1, protocol:0
[   13.950907] firmadyne: sys_socket[PID: 114 (klogd)]: family:1, type:2, protocol:0
: wlg_allow_access_2 = ""
sem_get: Key: 410f00a4
[   13.957381] firmadyne: sys_socket[PID: 114 (klogd)]: family:1, type:1, protocol:0
[   13.958539] firmadyne: sys_socket[PID: 114 (klogd)]: family:1, type:2, protocol:0
sem_get: Key: 410f00a4
nvram_set: wlg_allow_access_3 = ""
[   13.965431] firmadyne: sys_socket[PID: 114 (klogd)]: family:1, type:1, protocol:0
[   13.966577] firmadyne: sys_socket[PID: 114 (klogd)]: family:1, type:2, protocol:0
sem_get: Key: 410f00a4
sem_get: Key: 410f00a4
[   13.973163] firmadyne: sys_socket[PID: 114 (klogd)]: family:1, type:1, protocol:0
[   13.974322] firmadyne: sys_socket[PID: 114 (klogd)]: family:1, type:2, protocol:0
nvram_set: wlg_allow_access_4 = ""
sem_get: Key: 410f00a4
[   13.981116] firmadyne: sys_socket[PID: 114 (klogd)]: family:1, type:1, protocol:0
[   13.982308] firmadyne: sys_socket[PID: 114 (klogd)]: family:1, type:2, protocol:0
sem_get: Key: 410f00a4
nvram_set: [   13.989921] firmadyne: sys_socket[PID: 114 (klogd)]: family:1, type:1, protocol:0
[   13.991094] firmadyne: sys_socket[PID: 114 (klogd)]: family:1, type:2, protocol:0
[   13.993527] firmadyne: sys_socket[PID: 114 (klogd)]: family:1, type:1, protocol:0
[   13.994620] firmadyne: sys_socket[PID: 114 (klogd)]: family:1, type:2, protocol:0
0:macaddr = "01:23:45:67:89:ab"
sem_get: Key: 410f00a4
sem_get: Key: 410f00a4
nvram_set: 1:macaddr[   14.005340] firmadyne: sys_socket[PID: 114 (klogd)]: family:1, type:1, protocol:0
[   14.006496] firmadyne: sys_socket[PID: 114 (klogd)]: family:1, type:2, protocol:0
 = "01:23:45:67:89:ab"
sem_get: Key: 410f00a4
sem_get[   14.013166] firmadyne: sys_socket[PID: 114 (klogd)]: family:1, type:1, protocol:0
[   14.014347] firmadyne: sys_socket[PID: 114 (klogd)]: family:1, type:2, protocol:0
: Key: 410f00a4
nvram_set: 2:macaddr = "01:23:45:67:89:ab"
[   14.021079] firmadyne: sys_socket[PID: 114 (klogd)]: family:1, type:1, protocol:0
[   14.022276] firmadyne: sys_socket[PID: 114 (klogd)]: family:1, type:2, protocol:0
sem_get: Key: 410f00a4
sem_get: Key: 410f00a4
[   14.029044] firmadyne: sys_socket[PID: 114 (klogd)]: family:1, type:1, protocol:0
[   14.030282] firmadyne: sys_socket[PID: 114 (klogd)]: family:1, type:2, protocol:0
nvram_set: lan1_ifnames = ""
sem_get: Key: [   14.036919] firmadyne: sys_socket[PID: 114 (klogd)]: family:1, type:1, protocol:0
[   14.038094] firmadyne: sys_socket[PID: 114 (klogd)]: family:1, type:2, protocol:0
410f00a4
sem_get: Key: 410f00a4
[   14.044556] firmadyne: sys_socket[PID: 114 (klogd)]: family:1, type:1, protocol:0
[   14.045739] firmadyne: sys_socket[PID: 114 (klogd)]: family:1, type:2, protocol:0
nvram_set: lan2_ifnames = ""
sem_get: Key: 410f00a4
[   14.052271] firmadyne: sys_socket[PID: 114 (klogd)]: family:1, type:1, protocol:0
[   14.053475] firmadyne: sys_socket[PID: 114 (klogd)]: family:1, type:2, protocol:0
sem_get: Key: 410f00a4
nvram_set: lan3_ifnames = "[   14.060408] firmadyne: sys_socket[PID: 114 (klogd)]: family:1, type:1, protocol:0
[   14.061624] firmadyne: sys_socket[PID: 114 (klogd)]: family:1, type:2, protocol:0
"
sem_get: Key: 410f00a4
[   14.069238] firmadyne: sys_socket[PID: 114 (klogd)]: family:1, type:1, protocol:0
[   14.071566] firmadyne: sys_socket[PID: 114 (klogd)]: family:1, type:2, protocol:0
sem_get: Key: 410f00a4
[   14.083853] firmadyne: sys_socket[PID: 114 (klogd)]: family:1, type:1, protocol:0
nvram_set: lan4_ifnames = ""
sem_get: Key: 410f00a4[   14.093825] firmadyne: sys_socket[PID: 114 (klogd)]: family:1, type:2, protocol:0
[   14.099539] firmadyne: sys_socket[PID: 114 (klogd)]: family:1, type:1, protocol:0

sem_get: Key: 410f00a4
[   14.108693] firmadyne: sys_socket[PID: 114 (klogd)]: family:1, type:2, protocol:0
[   14.111418] firmadyne: sys_socket[PID: 114 (klogd)]: family:1, type:1, protocol:0
nvram_set: lan5_ifnames = ""
[   14.116710] firmadyne: sys_socket[PID: 114 (klogd)]: family:1, type:2, protocol:0
[   14.119967] firmadyne: sys_socket[PID: 114 (klogd)]: family:1, type:1, protocol:0
sem_get: Key: 410f00a4
sem_get[   14.129425] firmadyne: sys_socket[PID: 114 (klogd)]: family:1, type:2, protocol:0
: Key: 410f00a4
nvram_set: lan6_ifnames = ""
[   14.136592] firmadyne: sys_socket[PID: 114 (klogd)]: family:1, type:1, protocol:0
[   14.137996] firmadyne: sys_socket[PID: 114 (klogd)]: family:1, type:2, protocol:0
[   14.140861] firmadyne: sys_socket[PID: 114 (klogd)]: family:1, type:1, protocol:0
[   14.142097] firmadyne: sys_socket[PID: 114 (klogd)]: family:1, type:2, protocol:0
sem_get: Key: 410f00a4
sem_get: Key: 410f00a4
[   14.148890] firmadyne: sys_socket[PID: 114 (klogd)]: family:1, type:1, protocol:0
[   14.150111] firmadyne: sys_socket[PID: 114 (klogd)]: family:1, type:2, protocol:0
nvram_set: lan7_ifnames = ""
sem_get: Key: 410f00a4[   14.157001] firmadyne: sys_socket[PID: 114 (klogd)]: family:1, type:1, protocol:0
[   14.158238] firmadyne: sys_socket[PID: 114 (klogd)]: family:1, type:2, protocol:0

sem_get: Key: 410f00a4
nvram_set[   14.165148] firmadyne: sys_socket[PID: 114 (klogd)]: family:1, type:1, protocol:0
[   14.166371] firmadyne: sys_socket[PID: 114 (klogd)]: family:1, type:2, protocol:0
: lan8_ifnames = ""
sem_get: Key: 410f00a4
sem_get[   14.173448] firmadyne: sys_socket[PID: 114 (klogd)]: family:1, type:1, protocol:0
[   14.174646] firmadyne: sys_socket[PID: 114 (klogd)]: family:1, type:2, protocol:0
: Key: 410f00a4
nvram_set: lan9_ifnames = "[   14.181345] firmadyne: sys_socket[PID: 114 (klogd)]: family:1, type:1, protocol:0
[   14.182550] firmadyne: sys_socket[PID: 114 (klogd)]: family:1, type:2, protocol:0
"
sem_get: Key: 410f00a4
sem_get: Key: 410f00a4[   14.190336] firmadyne: sys_socket[PID: 114 (klogd)]: family:1, type:1, protocol:0
[   14.191507] firmadyne: sys_socket[PID: 114 (klogd)]: family:1, type:2, protocol:0
[   14.194016] firmadyne: sys_socket[PID: 114 (klogd)]: family:1, type:1, protocol:0
[   14.195129] firmadyne: sys_socket[PID: 114 (klogd)]: family:1, type:2, protocol:0

nvram_set_default: Loading built-in default values = 1!
nvram_set_default: Checking for symbol "router_defaults"...
nvram_set_default: Checking for symbol "Nvrams"...
[   14.207191] firmadyne: sys_socket[PID: 114 (klogd)]: family:1, type:1, protocol:0
[   14.208486] firmadyne: sys_socket[PID: 114 (klogd)]: family:1, type:2, protocol:0
[   14.210715] firmadyne: sys_socket[PID: 114 (klogd)]: family:1, type:1, protocol:0
[   14.211846] firmadyne: sys_socket[PID: 114 (klogd)]: family:1, type:2, protocol:0
nvram_set: time_zone = "[   14.221707] firmadyne: sys_socket[PID: 114 (klogd)]: family:1, type:1, protocol:0
[   14.222903] firmadyne: sys_socket[PID: 114 (klogd)]: family:1, type:2, protocol:0
GMT+8"
sem_get: Key: 410f00a4
[   14.229383] firmadyne: sys_socket[PID: 114 (klogd)]: family:1, type:1, protocol:0
[   14.230546] firmadyne: sys_socket[PID: 114 (klogd)]: family:1, type:2, protocol:0
sem_get: Key: 410f00a4
[   14.237017] firmadyne: sys_socket[PID: 114 (klogd)]: family:1, type:1, protocol:0
[   14.238165] firmadyne: sys_socket[PID: 114 (klogd)]: family:1, type:2, protocol:0
nvram_set: time_daylight = ""
sem_get: Key: 410f00a4[   14.244807] firmadyne: sys_socket[PID: 114 (klogd)]: family:1, type:1, protocol:0
[   14.245986] firmadyne: sys_socket[PID: 114 (klogd)]: family:1, type:2, protocol:0

sem_get: Key: 410f00a4
[   14.252522] firmadyne: sys_socket[PID: 114 (klogd)]: family:1, type:1, protocol:0
[   14.253723] firmadyne: sys_socket[PID: 114 (klogd)]: family:1, type:2, protocol:0
nvram_set: restore_default = "0"
[   14.260394] firmadyne: sys_socket[PID: 114 (klogd)]: family:1, type:1, protocol:0
[   14.261576] firmadyne: sys_socket[PID: 114 (klogd)]: family:1, type:2, protocol:0
[   14.263870] firmadyne: sys_socket[PID: 114 (klogd)]: family:1, type:1, protocol:0
sem_get: Key: 410f00a4
sem_get: Key: 410f00a4
[   14.272418] firmadyne: sys_socket[PID: 114 (klogd)]: family:1, type:2, protocol:0
[   14.274662] firmadyne: sys_socket[PID: 114 (klogd)]: family:1, type:1, protocol:0
[   14.275788] firmadyne: sys_socket[PID: 114 (klogd)]: family:1, type:2, protocol:0
[   14.278327] firmadyne: sys_socket[PID: 114 (klogd)]: family:1, type:1, protocol:0
[   14.279408] firmadyne: sys_socket[PID: 114 (klogd)]: family:1, type:2, protocol:0
nvram_set: wiz_language = "English"
sem_get: Key: 410f00a4
sem_get: Key: 410f00a4
nvram_set: wiz_country = "US"
sem_get: Key: 410f00a4
[   14.304456] firmadyne: sys_socket[PID: 114 (klogd)]: family:1, type:1, protocol:0
[   14.305652] firmadyne: sys_socket[PID: 114 (klogd)]: family:1, type:2, protocol:0
sem_get: Key: 410f00a4
[   14.312194] firmadyne: sys_socket[PID: 114 (klogd)]: family:1, type:1, protocol:0
[   14.313369] firmadyne: sys_socket[PID: 114 (klogd)]: family:1, type:2, protocol:0
[   14.315571] firmadyne: sys_socket[PID: 114 (klogd)]: family:1, type:1, protocol:0
nvram_set: fix_ipaddr = ""
sem_get: Key: 410f00a4[   14.320563] firmadyne: sys_socket[PID: 114 (klogd)]: family:1, type:2, protocol:0
[   14.322805] firmadyne: sys_socket[PID: 114 (klogd)]: family:1, type:1, protocol:0

sem_get: Key: 410f00a4
[   14.328112] firmadyne: sys_socket[PID: 114 (klogd)]: family:1, type:2, protocol:0
[   14.330376] firmadyne: sys_socket[PID: 114 (klogd)]: family:1, type:1, protocol:0
[   14.331482] firmadyne: sys_socket[PID: 114 (klogd)]: family:1, type:2, protocol:0
nvram_set: fix_netmask = ""
[   14.337645] firmadyne: sys_socket[PID: 114 (klogd)]: family:1, type:1, protocol:0
[   14.338791] firmadyne: sys_socket[PID: 114 (klogd)]: family:1, type:2, protocol:0
sem_get: Key: 410f00a4
sem_get: Key: 410f00a4
[   14.345229] firmadyne: sys_socket[PID: 114 (klogd)]: family:1, type:1, protocol:0
[   14.346370] firmadyne: sys_socket[PID: 114 (klogd)]: family:1, type:2, protocol:0
nvram_set: fix_gateway = "[   14.352898] firmadyne: sys_socket[PID: 114 (klogd)]: family:1, type:1, protocol:0
[   14.354053] firmadyne: sys_socket[PID: 114 (klogd)]: family:1, type:2, protocol:0
"
sem_get: Key: 410f00a4
sem_get: Key: 410f00a4
[   14.360912] firmadyne: sys_socket[PID: 114 (klogd)]: family:1, type:1, protocol:0
[   14.362063] firmadyne: sys_socket[PID: 114 (klogd)]: family:1, type:2, protocol:0
nvram_set: [   14.368517] firmadyne: sys_socket[PID: 114 (klogd)]: family:1, type:1, protocol:0
[   14.369680] firmadyne: sys_socket[PID: 114 (klogd)]: family:1, type:2, protocol:0
wan_ifname = "ppp0"
sem_get: Key: 410f00a4
[   14.376258] firmadyne: sys_socket[PID: 114 (klogd)]: family:1, type:1, protocol:0
[   14.377419] firmadyne: sys_socket[PID: 114 (klogd)]: family:1, type:2, protocol:0
[   14.379610] firmadyne: sys_socket[PID: 114 (klogd)]: family:1, type:1, protocol:0
sem_get: Key: 410f00a4
nvram_set: wan_mode = "pppoe"
sem_get: Key: [   14.389725] firmadyne: sys_socket[PID: 114 (klogd)]: family:1, type:2, protocol:0
[   14.392269] firmadyne: sys_socket[PID: 114 (klogd)]: family:1, type:1, protocol:0
[   14.393484] firmadyne: sys_socket[PID: 114 (klogd)]: family:1, type:2, protocol:0
[   14.395666] firmadyne: sys_socket[PID: 114 (klogd)]: family:1, type:1, protocol:0
410f00a4
sem_get: Key: 410f00a4
nvram_set[   14.404640] firmadyne: sys_socket[PID: 114 (klogd)]: family:1, type:2, protocol:0
[   14.406894] firmadyne: sys_socket[PID: 114 (klogd)]: family:1, type:1, protocol:0
: wan_iptype = "Dynamic"
sem_get: Key: 410f00a4
[   14.412188] firmadyne: sys_socket[PID: 114 (klogd)]: family:1, type:2, protocol:0
[   14.414487] firmadyne: sys_socket[PID: 114 (klogd)]: family:1, type:1, protocol:0
[   14.415592] firmadyne: sys_socket[PID: 114 (klogd)]: family:1, type:2, protocol:0
sem_get: Key: 410f00a4
[   14.421499] firmadyne: sys_socket[PID: 114 (klogd)]: family:1, type:1, protocol:0
[   14.422612] firmadyne: sys_socket[PID: 114 (klogd)]: family:1, type:2, protocol:0
nvram_set: wan_ipaddr = ""
sem_get: Key: 410f00a4[   14.429229] firmadyne: sys_socket[PID: 114 (klogd)]: family:1, type:1, protocol:0
[   14.430356] firmadyne: sys_socket[PID: 114 (klogd)]: family:1, type:2, protocol:0

sem_get: Key: 410f00a4
[   14.436834] firmadyne: sys_socket[PID: 114 (klogd)]: family:1, type:1, protocol:0
[   14.437996] firmadyne: sys_socket[PID: 114 (klogd)]: family:1, type:2, protocol:0
nvram_set: wan_netmask = ""
sem_get[   14.444582] firmadyne: sys_socket[PID: 114 (klogd)]: family:1, type:1, protocol:0
[   14.445732] firmadyne: sys_socket[PID: 114 (klogd)]: family:1, type:2, protocol:0
: Key: 410f00a4
sem_get: Key: 410f00a4
[   14.452163] firmadyne: sys_socket[PID: 114 (klogd)]: family:1, type:1, protocol:0
