[    0.000000] Linux version 4.1.17+ (alessio@pc) (gcc version 5.5.0 20171010 (Ubuntu 5.5.0-12ubuntu1) ) #1 Mon May 15 23:04:08 CEST 2023
[    0.000000] earlycon: Early serial console at I/O port 0x3f8 (options '38400n8')
[    0.000000] bootconsole [uart0] enabled
[    0.000000] CPU0 revision is: 00019300 (MIPS 24Kc)
[    0.000000] FPU revision is: 00739300
[    0.000000] Software DMA cache coherency enabled
[    0.000000] Determined physical RAM map:
[    0.000000]  memory: 00001000 @ 00000000 (reserved)
[    0.000000]  memory: 000ef000 @ 00001000 (ROM data)
[    0.000000]  memory: 00798000 @ 000f0000 (reserved)
[    0.000000]  memory: 0f777000 @ 00888000 (usable)
[    0.000000] debug: ignoring loglevel setting.
[    0.000000] Wasting 69888 bytes for tracking 2184 unused pages
[    0.000000] Initrd not found or empty - disabling initrd
[    0.000000] Zone ranges:
[    0.000000]   DMA      [mem 0x0000000000000000-0x0000000000ffffff]
[    0.000000]   Normal   [mem 0x0000000001000000-0x000000000fffefff]
[    0.000000] Movable zone start for each node
[    0.000000] Early memory node ranges
[    0.000000]   node   0: [mem 0x0000000000000000-0x000000000fffefff]
[    0.000000] Initmem setup node 0 [mem 0x0000000000000000-0x000000000fffefff]
[    0.000000] On node 0 totalpages: 65535
[    0.000000] free_area_init_node: node 0, pgdat 8081d5b0, node_mem_map 81000000
[    0.000000]   DMA zone: 32 pages used for memmap
[    0.000000]   DMA zone: 0 pages reserved
[    0.000000]   DMA zone: 4096 pages, LIFO batch:0
[    0.000000]   Normal zone: 480 pages used for memmap
[    0.000000]   Normal zone: 61439 pages, LIFO batch:15
[    0.000000] Primary instruction cache 2kB, VIPT, 2-way, linesize 16 bytes.
[    0.000000] Primary data cache 2kB, 2-way, VIPT, no aliases, linesize 16 bytes
[    0.000000] pcpu-alloc: s0 r0 d32768 u32768 alloc=1*32768
[    0.000000] pcpu-alloc: [0] 0 
[    0.000000] Built 1 zonelists in Zone order, mobility grouping on.  Total pages: 65023
[    0.000000] Kernel command line: root=/dev/sda1 console=ttyS0 nandsim.parts=64,64,64,64,64,64,64,64,64,64 rdinit=/firmadyne/preInit.sh rw debug ignore_loglevel print-fatal-signals=1 FIRMAE_NET=true FIRMAE_NVRAM=true FIRMAE_KERNEL=true FIRMAE_ETC=true user_debug=0 firmadyne.syscall=1 noka
[    0.000000] found FIRMAE_KERNEL=t
[    0.000000] set the LD_PRELOAD=/firmadyne/libnvram_ioctl.so
[    0.000000] PID hash table entries: 1024 (order: 0, 4096 bytes)
[    0.000000] Dentry cache hash table entries: 32768 (order: 5, 131072 bytes)
[    0.000000] Inode-cache hash table entries: 16384 (order: 4, 65536 bytes)
[    0.000000] Writing ErrCtl register=00000000
[    0.000000] Readback ErrCtl register=00000000
[    0.000000] Memory: 251112K/262140K available (5360K kernel code, 244K rwdata, 1676K rodata, 260K init, 158K bss, 11028K reserved, 0K cma-reserved)
[    0.000000] NR_IRQS:256
[    0.000000] CPU frequency 200.00 MHz
[    0.000000] clocksource MIPS: mask: 0xffffffff max_cycles: 0xffffffff, max_idle_ns: 19112562035 ns
[    0.000203] sched_clock: 32 bits at 100MHz, resolution 9ns, wraps every 21474788347ns
[    0.011726] Console: colour dummy device 80x25
[    0.012662] Calibrating delay loop... 34.88 BogoMIPS (lpj=69760)
[    0.061416] pid_max: default: 32768 minimum: 301
[    0.064780] Mount-cache hash table entries: 1024 (order: 0, 4096 bytes)
[    0.065214] Mountpoint-cache hash table entries: 1024 (order: 0, 4096 bytes)
[    0.118494] clocksource jiffies: mask: 0xffffffff max_cycles: 0xffffffff, max_idle_ns: 7645041785100000 ns
[    0.127714] NET: Registered protocol family 16
[    0.351440] clocksource pit: mask: 0xffffffff max_cycles: 0xffffffff, max_idle_ns: 1601818034827 ns
[    0.477511] vgaarb: loaded
[    0.482231] SCSI subsystem initialized
[    0.484357] libata version 3.00 loaded.
[    0.488118] usbcore: registered new interface driver usbfs
[    0.489278] usbcore: registered new interface driver hub
[    0.490161] usbcore: registered new device driver usb
[    0.492465] pps_core: LinuxPPS API ver. 1 registered
[    0.492795] pps_core: Software ver. 5.3.6 - Copyright 2005-2007 Rodolfo Giometti <giometti@linux.it>
[    0.493566] PTP clock support registered
[    0.497501] PCI host bridge to bus 0000:00
[    0.498143] pci_bus 0000:00: root bus resource [mem 0x10000000-0x17ffffff]
[    0.498652] pci_bus 0000:00: root bus resource [io  0x1000-0x1fffff]
[    0.499167] pci_bus 0000:00: root bus resource [??? 0x00000000 flags 0x0]
[    0.499746] pci_bus 0000:00: No busn resource found for root bus, will use [bus 00-ff]
[    0.500881] pci 0000:00:00.0: [11ab:4620] type 00 class 0x060000
[    0.501691] pci 0000:00:00.0: [Firmware Bug]: reg 0x14: invalid BAR (can't size)
[    0.502176] pci 0000:00:00.0: [Firmware Bug]: reg 0x18: invalid BAR (can't size)
[    0.502649] pci 0000:00:00.0: [Firmware Bug]: reg 0x1c: invalid BAR (can't size)
[    0.503165] pci 0000:00:00.0: [Firmware Bug]: reg 0x20: invalid BAR (can't size)
[    0.503802] pci 0000:00:00.0: [Firmware Bug]: reg 0x24: invalid BAR (can't size)
[    0.507135] pci 0000:00:0a.0: [8086:7110] type 00 class 0x060100
[    0.510113] pci 0000:00:0a.1: [8086:7111] type 00 class 0x010180
[    0.510757] pci 0000:00:0a.1: reg 0x20: [io  0x0000-0x000f]
[    0.511262] pci 0000:00:0a.1: legacy IDE quirk: reg 0x10: [io  0x01f0-0x01f7]
[    0.511741] pci 0000:00:0a.1: legacy IDE quirk: reg 0x14: [io  0x03f6]
[    0.512363] pci 0000:00:0a.1: legacy IDE quirk: reg 0x18: [io  0x0170-0x0177]
[    0.512834] pci 0000:00:0a.1: legacy IDE quirk: reg 0x1c: [io  0x0376]
[    0.515478] pci 0000:00:0a.2: [8086:7112] type 00 class 0x0c0300
[    0.516153] pci 0000:00:0a.2: reg 0x20: [io  0x0000-0x001f]
[    0.518762] pci 0000:00:0a.3: [8086:7113] type 00 class 0x068000
[    0.519825] pci 0000:00:0a.3: quirk: [io  0x1000-0x103f] claimed by PIIX4 ACPI
[    0.520549] pci 0000:00:0a.3: quirk: [io  0x1100-0x110f] claimed by PIIX4 SMB
[    0.523226] pci 0000:00:12.0: [1013:00b8] type 00 class 0x030000
[    0.523738] pci 0000:00:12.0: reg 0x10: [mem 0x00000000-0x01ffffff pref]
[    0.524231] pci 0000:00:12.0: reg 0x14: [mem 0x00000000-0x00000fff]
[    0.524928] pci 0000:00:12.0: reg 0x30: [mem 0x00000000-0x0000ffff pref]
[    0.527237] vgaarb: device added: PCI:0000:00:12.0,decodes=io+mem,owns=none,locks=none
[    0.528321] pci 0000:00:13.0: [8086:100e] type 00 class 0x020000
[    0.528975] pci 0000:00:13.0: reg 0x10: [mem 0x00000000-0x0001ffff]
[    0.529457] pci 0000:00:13.0: reg 0x14: [io  0x0000-0x003f]
[    0.529992] pci 0000:00:13.0: reg 0x30: [mem 0x00000000-0x0003ffff pref]
[    0.532557] pci 0000:00:14.0: [8086:100e] type 00 class 0x020000
[    0.533182] pci 0000:00:14.0: reg 0x10: [mem 0x00000000-0x0001ffff]
[    0.533654] pci 0000:00:14.0: reg 0x14: [io  0x0000-0x003f]
[    0.534173] pci 0000:00:14.0: reg 0x30: [mem 0x00000000-0x0003ffff pref]
[    0.536803] pci 0000:00:15.0: [8086:100e] type 00 class 0x020000
[    0.537459] pci 0000:00:15.0: reg 0x10: [mem 0x00000000-0x0001ffff]
[    0.537919] pci 0000:00:15.0: reg 0x14: [io  0x0000-0x003f]
[    0.538447] pci 0000:00:15.0: reg 0x30: [mem 0x00000000-0x0003ffff pref]
[    0.541030] pci 0000:00:16.0: [8086:100e] type 00 class 0x020000
[    0.541693] pci 0000:00:16.0: reg 0x10: [mem 0x00000000-0x0001ffff]
[    0.542180] pci 0000:00:16.0: reg 0x14: [io  0x0000-0x003f]
[    0.542703] pci 0000:00:16.0: reg 0x30: [mem 0x00000000-0x0003ffff pref]
[    0.545403] pci_bus 0000:00: busn_res: [bus 00-ff] end is updated to 00
[    0.546854] pci 0000:00:12.0: BAR 0: assigned [mem 0x10000000-0x11ffffff pref]
[    0.547498] pci 0000:00:13.0: BAR 6: assigned [mem 0x12000000-0x1203ffff pref]
[    0.548066] pci 0000:00:14.0: BAR 6: assigned [mem 0x12040000-0x1207ffff pref]
[    0.548596] pci 0000:00:15.0: BAR 6: assigned [mem 0x12080000-0x120bffff pref]
[    0.549143] pci 0000:00:16.0: BAR 6: assigned [mem 0x120c0000-0x120fffff pref]
[    0.549685] pci 0000:00:13.0: BAR 0: assigned [mem 0x12100000-0x1211ffff]
[    0.550374] pci 0000:00:14.0: BAR 0: assigned [mem 0x12120000-0x1213ffff]
[    0.550924] pci 0000:00:15.0: BAR 0: assigned [mem 0x12140000-0x1215ffff]
[    0.551470] pci 0000:00:16.0: BAR 0: assigned [mem 0x12160000-0x1217ffff]
[    0.552393] pci 0000:00:12.0: BAR 6: assigned [mem 0x12180000-0x1218ffff pref]
[    0.552951] pci 0000:00:12.0: BAR 1: assigned [mem 0x12190000-0x12190fff]
[    0.553508] pci 0000:00:13.0: BAR 1: assigned [io  0x1040-0x107f]
[    0.553990] pci 0000:00:14.0: BAR 1: assigned [io  0x1080-0x10bf]
[    0.554615] pci 0000:00:15.0: BAR 1: assigned [io  0x10c0-0x10ff]
[    0.555118] pci 0000:00:16.0: BAR 1: assigned [io  0x1400-0x143f]
[    0.555603] pci 0000:00:0a.2: BAR 4: assigned [io  0x1440-0x145f]
[    0.556104] pci 0000:00:0a.1: BAR 4: assigned [io  0x1460-0x146f]
[    0.571671] cfg80211: Calling CRDA to update world regulatory domain
[    0.583356] Switched to clocksource MIPS
[    0.680083] NET: Registered protocol family 2
[    0.690358] TCP established hash table entries: 2048 (order: 1, 8192 bytes)
[    0.691460] TCP bind hash table entries: 2048 (order: 1, 8192 bytes)
[    0.692374] TCP: Hash tables configured (established 2048 bind 2048)
[    0.693356] UDP hash table entries: 256 (order: 0, 4096 bytes)
[    0.693934] UDP-Lite hash table entries: 256 (order: 0, 4096 bytes)
[    0.697308] NET: Registered protocol family 1
[    0.698706] PCI: Enabling device 0000:00:0a.2 (0000 -> 0001)
[    0.700061] PCI: CLS 0 bytes, default 16
[    0.726839] futex hash table entries: 256 (order: -1, 3072 bytes)
[    0.740750] squashfs: version 4.0 (2009/01/31) Phillip Lougher
[    0.742841] jffs2: version 2.2. (NAND) Â© 2001-2006 Red Hat, Inc.
[    0.745727] romfs: ROMFS MTD (C) 2007 Red Hat, Inc.
[    0.766144] Block layer SCSI generic (bsg) driver version 0.4 loaded (major 251)
[    0.766698] io scheduler noop registered
[    0.767438] io scheduler cfq registered (default)
[    0.768282] firmadyne: devfs: 1, execute: 1, procfs: 1, syscall: 1
[    0.773179] firmadyne: Cannot register character device: gpio, 0xfc, 0x0!
[    0.780645] firmadyne: Cannot register character device: watchdog, 0xa, 0x82!
[    0.781075] firmadyne: Cannot register character device: wdt, 0xfd, 0x0!
[    2.208627] strName = 4.1.17+
[    2.208627] init_task_addr  = 2155778944
[    2.208627] init_task_size  = 1296
[    2.208627] ts_tasks        = 292
[    2.208627] ts_pid          = 408
[    2.208627] ts_tgid         = 412
[    2.208627] ts_group_leader = 440
[    2.208627] ts_thread_group = 496
[    2.208627] ts_real_parent  = 416
[    2.208627] ts_mm           = 300
[    2.208627] ts_stack        = 4
[    2.210632] module_name   = 12
[    2.210632] module_size   = 208
[    2.210632] module_init   = 200
[    2.210632] module_list   = 4
[    2.211558] ts_real_cred    = 624
[    2.211558] ts_cred         = 628
[    2.211558] ts_comm         = 632
[    2.211558] cred_uid        = 4
[    2.211558] cred_gid        = 8
[    2.211558] cred_euid       = 20
[    2.211558] cred_egid       = 24
[    2.212843] mm_mmap         = 0
[    2.212843] mm_pgd          = 32
[    2.212843] mm_arg_start    = 136
[    2.212843] mm_start_brk    = 124
[    2.212843] mm_brk          = 128
[    2.212843] mm_start_stack  = 132
[    2.213952] vma_vm_start    = 0
[    2.213952] vma_vm_end      = 4
[    2.213952] vma_vm_next     = 8
[    2.213952] vma_vm_file     = 80
[    2.213952] vma_vm_flags    = 40
[    2.213952] vma_vm_pgoff    = 76
[    2.215090] file_dentry     = 12
[    2.215090] file_inode      = 40
[    2.215090] dentry_d_name   = 24
[    2.215090] dentry_d_iname  = 44
[    2.215090] dentry_d_parent = 16
[    2.215090] ti_task         = 0
[    2.215090] inode_ino   = 28
[    3.106901] proc_fork_connector  = 2151078840
[    3.107362] proc_exit_connector  = 2151080432
[    3.107652] proc_exec_connector  = 2151079052
[    3.107923] vma_link  = 2149124372
[    3.108171] vma_adjust  = 2149124540
[    3.108419] remove_vma  = 2149122188
[    3.108674] modules  = 2155833724
[    3.108913] trim_init_extable  = 2150545316
[    3.112850] PCI: Enabling device 0000:00:12.0 (0000 -> 0002)
[    3.113970] cirrusfb 0000:00:12.0: Cirrus Logic chipset on PCI bus, RAM (4096 kB) at 0x10000000
[    3.348869] Console: switching to colour frame buffer device 80x30
[    3.406478] Serial: 8250/16550 driver, 4 ports, IRQ sharing enabled
[    3.418786] console [ttyS0] disabled
[    3.444831] serial8250.0: ttyS0 at I/O 0x3f8 (irq = 4, base_baud = 115200) is a 16550A
[    3.445977] console [ttyS0] enabled
[    3.445977] console [ttyS0] enabled
[    3.446528] bootconsole [uart0] disabled
[    3.446528] bootconsole [uart0] disabled
[    3.476271] serial8250.0: ttyS1 at I/O 0x2f8 (irq = 3, base_baud = 115200) is a 16550A
[    3.582990] brd: module loaded
[    3.645148] loop: module loaded
[    3.650781] ata_piix 0000:00:0a.1: version 2.13
[    3.651404] PCI: Enabling device 0000:00:0a.1 (0000 -> 0001)
[    3.673986] scsi host0: ata_piix
[    3.678872] scsi host1: ata_piix
[    3.682235] ata1: PATA max UDMA/33 cmd 0x1f0 ctl 0x3f6 bmdma 0x1460 irq 14
[    3.682692] ata2: PATA max UDMA/33 cmd 0x170 ctl 0x376 bmdma 0x1468 irq 15
[    3.689282] [nandsim] warning: read_byte: unexpected data output cycle, state is STATE_READY return 0x0
[    3.689826] [nandsim] warning: read_byte: unexpected data output cycle, state is STATE_READY return 0x0
[    3.690344] [nandsim] warning: read_byte: unexpected data output cycle, state is STATE_READY return 0x0
[    3.690861] [nandsim] warning: read_byte: unexpected data output cycle, state is STATE_READY return 0x0
[    3.691541] [nandsim] warning: read_byte: unexpected data output cycle, state is STATE_READY return 0x0
[    3.692068] [nandsim] warning: read_byte: unexpected data output cycle, state is STATE_READY return 0x0
[    3.692737] nand: device found, Manufacturer ID: 0x98, Chip ID: 0x39
[    3.693146] nand: Toshiba NAND 128MiB 1,8V 8-bit
[    3.693514] nand: 128 MiB, SLC, erase size: 16 KiB, page size: 512, OOB size: 16
[    3.695051] flash size: 128 MiB
[    3.695421] page size: 512 bytes
[    3.695650] OOB area size: 16 bytes
[    3.695885] sector size: 16 KiB
[    3.696110] pages number: 262144
[    3.696341] pages per sector: 32
[    3.696564] bus width: 8
[    3.696762] bits in sector size: 14
[    3.696995] bits in page size: 9
[    3.697230] bits in OOB size: 4
[    3.697457] flash size with OOB: 135168 KiB
[    3.697737] page address bytes: 4
[    3.697965] sector address bytes: 3
[    3.698203] options: 0x42
[    3.770852] Scanning device for bad blocks
[    4.787893] cfg80211: Calling CRDA to update world regulatory domain
[    4.792380] ata1.01: NODEV after polling detection
[    4.793190] ata2.01: NODEV after polling detection
[    4.794913] ata2.00: ATAPI: QEMU DVD-ROM, 2.5+, max UDMA/100
[    4.797260] ata1.00: ATA-7: QEMU HARDDISK, 2.5+, max UDMA/100
[    4.797673] ata1.00: 2097152 sectors, multi 16: LBA48 
[    4.802626] ata2.00: configured for UDMA/33
[    4.804524] ata1.00: configured for UDMA/33
[    4.812494] scsi 0:0:0:0: Direct-Access     ATA      QEMU HARDDISK    2.5+ PQ: 0 ANSI: 5
[    4.826825] sd 0:0:0:0: [sda] 2097152 512-byte logical blocks: (1.07 GB/1.00 GiB)
[    4.828373] scsi 1:0:0:0: CD-ROM            QEMU     QEMU DVD-ROM     2.5+ PQ: 0 ANSI: 5
[    4.840053] sd 0:0:0:0: [sda] Write Protect is off
[    4.840515] sd 0:0:0:0: [sda] Mode Sense: 00 3a 00 00
[    4.841857] sd 0:0:0:0: [sda] Write cache: enabled, read cache: enabled, doesn't support DPO or FUA
[    4.853504]  sda: sda1
[    4.860509] Creating 11 MTD partitions on "NAND 128MiB 1,8V 8-bit":
[    4.861129] 0x000000000000-0x000000100000 : "NAND simulator partition 0"
[    4.870970] 0x000000100000-0x000000200000 : "NAND simulator partition 1"
[    4.880597] 0x000000200000-0x000000300000 : "NAND simulator partition 2"
[    4.890432] 0x000000300000-0x000000400000 : "NAND simulator partition 3"
[    4.900177] 0x000000400000-0x000000500000 : "NAND simulator partition 4"
[    4.909940] 0x000000500000-0x000000600000 : "NAND simulator partition 5"
[    4.920148] 0x000000600000-0x000000700000 : "NAND simulator partition 6"
[    4.930215] 0x000000700000-0x000000800000 : "NAND simulator partition 7"
[    4.940704] 0x000000800000-0x000000900000 : "NAND simulator partition 8"
[    4.950131] 0x000000900000-0x000000a00000 : "NAND simulator partition 9"
[    4.959803] 0x000000a00000-0x000008000000 : "NAND simulator partition 10"
[    5.000143] tun: Universal TUN/TAP device driver, 1.6
[    5.000523] tun: (C) 1999-2004 Max Krasnyansky <maxk@qualcomm.com>
[    5.003854] pcnet32: pcnet32.c:v1.35 21.Apr.2008 tsbogend@alpha.franken.de
[    5.005092] e1000: Intel(R) PRO/1000 Network Driver - version 7.3.21-k8-NAPI
[    5.005498] e1000: Copyright (c) 1999-2006 Intel Corporation.
[    5.006345] PCI: Enabling device 0000:00:13.0 (0000 -> 0003)
[    5.013437] sd 0:0:0:0: [sda] Attached SCSI disk
[    5.298818] e1000 0000:00:13.0 eth0: (PCI:33MHz:32-bit) 52:54:00:12:34:56
[    5.299597] e1000 0000:00:13.0 eth0: Intel(R) PRO/1000 Network Connection
[    5.300248] PCI: Enabling device 0000:00:14.0 (0000 -> 0003)
[    5.596021] e1000 0000:00:14.0 eth1: (PCI:33MHz:32-bit) 52:54:00:12:34:57
[    5.596506] e1000 0000:00:14.0 eth1: Intel(R) PRO/1000 Network Connection
[    5.597299] PCI: Enabling device 0000:00:15.0 (0000 -> 0003)
[    5.893233] e1000 0000:00:15.0 eth2: (PCI:33MHz:32-bit) 52:54:00:12:34:58
[    5.893743] e1000 0000:00:15.0 eth2: Intel(R) PRO/1000 Network Connection
[    5.894500] PCI: Enabling device 0000:00:16.0 (0000 -> 0003)
[    6.188819] e1000 0000:00:16.0 eth3: (PCI:33MHz:32-bit) 52:54:00:12:34:59
[    6.189322] e1000 0000:00:16.0 eth3: Intel(R) PRO/1000 Network Connection
[    6.190518] e1000e: Intel(R) PRO/1000 Network Driver - 2.3.2-k
[    6.190830] e1000e: Copyright(c) 1999 - 2014 Intel Corporation.
[    6.195011] PPP generic driver version 2.4.2
[    6.197250] PPP Deflate Compression module registered
[    6.197877] PPP MPPE Compression module registered
[    6.198274] NET: Registered protocol family 24
[    6.199016] ehci_hcd: USB 2.0 'Enhanced' Host Controller (EHCI) Driver
[    6.199828] ehci-pci: EHCI PCI platform driver
[    6.200983] ohci_hcd: USB 1.1 'Open' Host Controller (OHCI) Driver
[    6.201468] ohci-pci: OHCI PCI platform driver
[    6.202512] uhci_hcd: USB Universal Host Controller Interface driver
[    6.204214] uhci_hcd 0000:00:0a.2: UHCI Host Controller
[    6.204956] uhci_hcd 0000:00:0a.2: new USB bus registered, assigned bus number 1
[    6.205955] uhci_hcd 0000:00:0a.2: irq 11, io base 0x00001440
[    6.216716] hub 1-0:1.0: USB hub found
[    6.217465] hub 1-0:1.0: 2 ports detected
[    6.226224] usbcore: registered new interface driver usb-storage
[    6.230759] mousedev: PS/2 mouse device common for all mice
[    6.237103] rtc_cmos rtc_cmos: rtc core: registered rtc_cmos as rtc0
[    6.237898] rtc_cmos rtc_cmos: alarms up to one day, 242 bytes nvram
[    6.239433] i2c /dev entries driver
[    6.240629] piix4_smbus 0000:00:0a.3: SMBus Host Controller at 0x1100, revision 0
[    6.245103] sdhci: Secure Digital Host Controller Interface driver
[    6.245454] sdhci: Copyright(c) Pierre Ossman
[    6.247960] hidraw: raw HID events driver (C) Jiri Kosina
[    6.264392] usbcore: registered new interface driver usbhid
[    6.264711] usbhid: USB HID core driver
[    6.265775] Netfilter messages via NETLINK v0.30.
[    6.267107] nf_conntrack version 0.5.0 (3923 buckets, 15692 max)
[    6.270188] ctnetlink v0.93: registering with nfnetlink.
[    6.275297] ipip: IPv4 over IPv4 tunneling driver
[    6.286625] ip_tables: (C) 2000-2006 Netfilter Core Team
[    6.289333] arp_tables: (C) 2002 David S. Miller
[    6.291057] Initializing XFRM netlink socket
[    6.292298] NET: Registered protocol family 10
[    6.311509] ip6_tables: (C) 2000-2006 Netfilter Core Team
[    6.315334] sit: IPv6 over IPv4 tunneling driver
[    6.331982] NET: Registered protocol family 17
[    6.332915] bridge: automatic filtering via arp/ip/ip6tables has been deprecated. Update your scripts to load br_netfilter if you need this.
[    6.333935] Bridge firewalling registered
[    6.334356] Ebtables v2.0 registered
[    6.339526] 8021q: 802.1Q VLAN Support v1.8
[    6.360263] rtc_cmos rtc_cmos: setting system clock to 2025-07-23 11:37:19 UTC (1753270639)
[    6.381714] EXT2-fs (sda1): warning: mounting unchecked fs, running e2fsck is recommended
[    6.384305] VFS: Mounted root (ext2 filesystem) on device 8:1.
[    6.393675] Freeing YAMON memory: 956k freed
[    6.404210] Freeing unused kernel memory: 260K (8081f000 - 80860000)
[    6.521138] firmadyne: sys_reboot[PID: 48 (init)]: magic1:fee1dead, magic2:28121969, cmd:0

init started: BusyBox v1.13.4 (2012-03-09 11:38:45 CST)[    6.535588] spurious 8259A interrupt: IRQ7.


starting pid 49, tty '/dev/console': '/usr/etc/rcS'
[    6.758660] firmadyne: do_execve: /firmadyne/console
[    6.759462] OFFSETS: offset of pid: 0x198 offset of comm: 0x278
[    7.931696] cfg80211: Calling CRDA to update world regulatory domain
[   10.211559] random: nonblocking pool is initialized
insmod finish
[   10.579849] firmadyne: sys_socket[PID: 101 (brctl)]: family:2, type:2, protocol:0
[   10.641143] firmadyne: sys_socket[PID: 102 (brctl)]: family:2, type:2, protocol:0
[   10.701747] firmadyne: sys_socket[PID: 103 (ifconfig)]: family:2, type:1, protocol:0
[   10.713338] IPv6: ADDRCONF(NETDEV_UP): eth0: link is not ready
[   10.713993] 8021q: adding VLAN 0 to HW filter on device eth0
[   10.719752] e1000: eth0 NIC Link is Up 1000 Mbps Full Duplex, Flow Control: RX
[   10.730043] IPv6: ADDRCONF(NETDEV_CHANGE): eth0: link becomes ready
[   10.786858] firmadyne: sys_socket[PID: 104 (ifconfig)]: family:2, type:1, protocol:0
[   10.796517] IPv6: ADDRCONF(NETDEV_UP): eth1: link is not ready
[   10.797127] 8021q: adding VLAN 0 to HW filter on device eth1
[   10.801191] e1000: eth1 NIC Link is Up 1000 Mbps Full Duplex, Flow Control: RX
[   10.802337] IPv6: ADDRCONF(NETDEV_CHANGE): eth1: link becomes ready
[   10.930487] firmadyne: sys_socket[PID: 106 (ifconfig)]: family:2, type:1, protocol:0
[   10.934606] firmadyne: __inet_insert_ifa[PID: 106 (ifconfig)]: device:lo ifa:0x7f000001
[   10.937900] firmadyne: __inet_insert_ifa[PID: 106 (ifconfig)]: device:lo ifa:0x7f000001
[   11.004770] firmadyne: sys_socket[PID: 107 (route)]: family:2, type:1, protocol:0
[   11.076346] cfg80211: Calling CRDA to update world regulatory domain
[   11.316313] firmadyne: sys_socket[PID: 109 (klogd)]: family:1, type:1, protocol:0
[   11.318826] firmadyne: sys_socket[PID: 109 (klogd)]: family:1, type:2, protocol:0
[   11.347753] firmadyne: sys_socket[PID: 109 (klogd)]: family:1, type:1, protocol:0
[   11.349091] firmadyne: sys_socket[PID: 109 (klogd)]: family:1, type:2, protocol:0
[   11.368133] firmadyne: sys_socket[PID: 109 (klogd)]: family:1, type:1, protocol:0
[   11.370418] firmadyne: sys_socket[PID: 109 (klogd)]: family:1, type:2, protocol:0
[   11.391698] firmadyne: sys_socket[PID: 109 (klogd)]: family:1, type:1, protocol:0
[   11.393039] firmadyne: sys_socket[PID: 109 (klogd)]: family:1, type:2, protocol:0
/usr/etc/rcS: line 144: can't create /proc/wan_unknowmac2cpu: nonexistent directory
[   11.415727] firmadyne: sys_socket[PID: 109 (klogd)]: family:1, type:1, protocol:0
[   11.417059] firmadyne: sys_socket[PID: 109 (klogd)]: family:1, type:2, protocol:0
[   11.439696] firmadyne: sys_socket[PID: 109 (klogd)]: family:1, type:1, protocol:0
[   11.441005] firmadyne: sys_socket[PID: 109 (klogd)]: family:1, type:2, protocol:0
[   11.459648] firmadyne: sys_socket[PID: 109 (klogd)]: family:1, type:1, protocol:0
[   11.460930] firmadyne: sys_socket[PID: 109 (klogd)]: family:1, type:2, protocol:0
[   11.479704] firmadyne: sys_socket[PID: 109 (klogd)]: family:1, type:1, protocol:0
[   11.480968] firmadyne: sys_socket[PID: 109 (klogd)]: family:1, type:2, protocol:0
[   11.499709] firmadyne: sys_socket[PID: 109 (klogd)]: family:1, type:1, protocol:0
[   11.501050] firmadyne: sys_socket[PID: 109 (klogd)]: family:1, type:2, protocol:0
[   11.519690] firmadyne: sys_socket[PID: 109 (klogd)]: family:1, type:1, protocol:0
[   11.520983] firmadyne: sys_socket[PID: 109 (klogd)]: family:1, type:2, protocol:0
[   11.539708] firmadyne: sys_socket[PID: 109 (klogd)]: family:1, type:1, protocol:0
[   11.540934] firmadyne: sys_socket[PID: 109 (klogd)]: family:1, type:2, protocol:0
[36m[rc debug]/usr/sbin/rc init [0m
[   11.559672] firmadyne: sys_socket[PID: 109 (klogd)]: family:1, type:1, protocol:0
[   11.560890] firmadyne: sys_socket[PID: 109 (klogd)]: family:1, type:2, protocol:0
[32m[SYSTEM]/sbin/ifconfig eth0 down[0m
[   11.579740] firmadyne: sys_socket[PID: 109 (klogd)]: family:1, type:1, protocol:0
[   11.580965] firmadyne: sys_socket[PID: 109 (klogd)]: family:1, type:2, protocol:0
[   11.599938] firmadyne: sys_socket[PID: 109 (klogd)]: family:1, type:1, protocol:0
[   11.601339] firmadyne: sys_socket[PID: 109 (klogd)]: family:1, type:2, protocol:0
[   11.623789] firmadyne: sys_socket[PID: 109 (klogd)]: family:1, type:1, protocol:0
[   11.625078] firmadyne: sys_socket[PID: 109 (klogd)]: family:1, type:2, protocol:0
[   11.647822] firmadyne: sys_socket[PID: 109 (klogd)]: family:1, type:1, protocol:0
[   11.649224] firmadyne: sys_socket[PID: 109 (klogd)]: family:1, type:2, protocol:0
[   11.671897] firmadyne: sys_socket[PID: 109 (klogd)]: family:1, type:1, protocol:0
[   11.673265] firmadyne: sys_socket[PID: 109 (klogd)]: family:1, type:2, protocol:0
[   11.695692] firmadyne: sys_socket[PID: 109 (klogd)]: family:1, type:1, protocol:0
[   11.696999] firmadyne: sys_socket[PID: 109 (klogd)]: family:1, type:2, protocol:0
[   11.708490] firmadyne: sys_socket[PID: 116 (ifconfig)]: family:2, type:1, protocol:0
[   11.715756] firmadyne: sys_socket[PID: 109 (klogd)]: family:1, type:1, protocol:0
[   11.716935] firmadyne: sys_socket[PID: 109 (klogd)]: family:1, type:2, protocol:0
[   11.735609] firmadyne: sys_socket[PID: 109 (klogd)]: family:1, type:1, protocol:0
[   11.736724] firmadyne: sys_socket[PID: 109 (klogd)]: family:1, type:2, protocol:0
[   11.771532] firmadyne: sys_socket[PID: 109 (klogd)]: family:1, type:1, protocol:0
[   11.772716] firmadyne: sys_socket[PID: 109 (klogd)]: family:1, type:2, protocol:0
[32m[SYSTEM]/sbin/ifconfig eth0 hw ether 00:c0:02:12:35:88 [0m
[   11.791739] firmadyne: sys_socket[PID: 109 (klogd)]: family:1, type:1, protocol:0
[   11.793174] firmadyne: sys_socket[PID: 109 (klogd)]: family:1, type:2, protocol:0
[   11.811674] firmadyne: sys_socket[PID: 109 (klogd)]: family:1, type:1, protocol:0
[   11.812970] firmadyne: sys_socket[PID: 109 (klogd)]: family:1, type:2, protocol:0
[   11.831695] firmadyne: sys_socket[PID: 109 (klogd)]: family:1, type:1, protocol:0
[   11.832985] firmadyne: sys_socket[PID: 109 (klogd)]: family:1, type:2, protocol:0
[   11.851672] firmadyne: sys_socket[PID: 109 (klogd)]: family:1, type:1, protocol:0
[   11.852992] firmadyne: sys_socket[PID: 109 (klogd)]: family:1, type:2, protocol:0
[   11.871794] firmadyne: sys_socket[PID: 109 (klogd)]: family:1, type:1, protocol:0
[   11.873214] firmadyne: sys_socket[PID: 109 (klogd)]: family:1, type:2, protocol:0
[   11.895741] firmadyne: sys_socket[PID: 109 (klogd)]: family:1, type:1, protocol:0
[   11.897089] firmadyne: sys_socket[PID: 109 (klogd)]: family:1, type:2, protocol:0
[   11.919771] firmadyne: sys_socket[PID: 109 (klogd)]: family:1, type:1, protocol:0
[   11.921144] firmadyne: sys_socket[PID: 109 (klogd)]: family:1, type:2, protocol:0
[   11.942140] firmadyne: sys_socket[PID: 119 (ifconfig)]: family:2, type:1, protocol:0
[   11.943676] firmadyne: sys_socket[PID: 109 (klogd)]: family:1, type:1, protocol:0
[   11.945045] firmadyne: sys_socket[PID: 109 (klogd)]: family:1, type:2, protocol:0
[   11.963671] firmadyne: sys_socket[PID: 109 (klogd)]: family:1, type:1, protocol:0
[   11.964798] firmadyne: sys_socket[PID: 109 (klogd)]: family:1, type:2, protocol:0
[32m[SYSTEM]/sbin/ifconfig eth0 up[0m
[   11.983701] firmadyne: sys_socket[PID: 109 (klogd)]: family:1, type:1, protocol:0
[   11.984902] firmadyne: sys_socket[PID: 109 (klogd)]: family:1, type:2, protocol:0
[   12.003673] firmadyne: sys_socket[PID: 109 (klogd)]: family:1, type:1, protocol:0
[   12.004972] firmadyne: sys_socket[PID: 109 (klogd)]: family:1, type:2, protocol:0
[   12.023673] firmadyne: sys_socket[PID: 109 (klogd)]: family:1, type:1, protocol:0
[   12.024976] firmadyne: sys_socket[PID: 109 (klogd)]: family:1, type:2, protocol:0
[   12.043800] firmadyne: sys_socket[PID: 109 (klogd)]: family:1, type:1, protocol:0
[   12.045069] firmadyne: sys_socket[PID: 109 (klogd)]: family:1, type:2, protocol:0
[   12.063877] firmadyne: sys_socket[PID: 109 (klogd)]: family:1, type:1, protocol:0
[   12.065130] firmadyne: sys_socket[PID: 109 (klogd)]: family:1, type:2, protocol:0
[   12.083653] firmadyne: sys_socket[PID: 109 (klogd)]: family:1, type:1, protocol:0
[   12.084922] firmadyne: sys_socket[PID: 109 (klogd)]: family:1, type:2, protocol:0
[   12.100756] firmadyne: sys_socket[PID: 121 (ifconfig)]: family:2, type:1, protocol:0
[   12.109741] IPv6: ADDRCONF(NETDEV_UP): eth0: link is not ready
[   12.110295] 8021q: adding VLAN 0 to HW filter on device eth0
[   12.113774] firmadyne: sys_socket[PID: 109 (klogd)]: family:1, type:1, protocol:0
[   12.115078] firmadyne: sys_socket[PID: 109 (klogd)]: family:1, type:2, protocol:0
[32m[SYSTEM]/bin/renice -20 2[0m
[   12.135695] firmadyne: sys_socket[PID: 109 (klogd)]: family:1, type:1, protocol:0
[   12.136889] firmadyne: sys_socket[PID: 109 (klogd)]: family:1, type:2, protocol:0
[   12.155826] firmadyne: sys_socket[PID: 109 (klogd)]: family:1, type:1, protocol:0
[   12.157024] firmadyne: sys_socket[PID: 109 (klogd)]: family:1, type:2, protocol:0
[   12.175716] firmadyne: sys_socket[PID: 109 (klogd)]: family:1, type:1, protocol:0
[   12.177158] firmadyne: sys_socket[PID: 109 (klogd)]: family:1, type:2, protocol:0
[   12.199666] firmadyne: sys_socket[PID: 109 (klogd)]: family:1, type:1, protocol:0
[   12.201011] firmadyne: sys_socket[PID: 109 (klogd)]: family:1, type:2, protocol:0
[   12.223728] firmadyne: sys_socket[PID: 109 (klogd)]: family:1, type:1, protocol:0
[   12.224989] firmadyne: sys_socket[PID: 109 (klogd)]: family:1, type:2, protocol:0
[   12.243658] firmadyne: sys_socket[PID: 109 (klogd)]: family:1, type:1, protocol:0
[   12.244934] firmadyne: sys_socket[PID: 109 (klogd)]: family:1, type:2, protocol:0
[   12.263850] firmadyne: sys_socket[PID: 109 (klogd)]: family:1, type:1, protocol:0
[   12.265128] firmadyne: sys_socket[PID: 109 (klogd)]: family:1, type:2, protocol:0
[32m[SYSTEM]/bin/renice -20 3[0m
[   12.283670] firmadyne: sys_socket[PID: 109 (klogd)]: family:1, type:1, protocol:0
[   12.284865] firmadyne: sys_socket[PID: 109 (klogd)]: family:1, type:2, protocol:0
[   12.303739] firmadyne: sys_socket[PID: 109 (klogd)]: family:1, type:1, protocol:0
[   12.305009] firmadyne: sys_socket[PID: 109 (klogd)]: family:1, type:2, protocol:0
[   12.323652] firmadyne: sys_socket[PID: 109 (klogd)]: family:1, type:1, protocol:0
[   12.324979] firmadyne: sys_socket[PID: 109 (klogd)]: family:1, type:2, protocol:0
[   12.343735] firmadyne: sys_socket[PID: 109 (klogd)]: family:1, type:1, protocol:0
[   12.345092] firmadyne: sys_socket[PID: 109 (klogd)]: family:1, type:2, protocol:0
[   12.364637] firmadyne: sys_socket[PID: 109 (klogd)]: family:1, type:1, protocol:0
[   12.365973] firmadyne: sys_socket[PID: 109 (klogd)]: family:1, type:2, protocol:0
[   12.388374] firmadyne: sys_socket[PID: 109 (klogd)]: family:1, type:1, protocol:0
[   12.390681] firmadyne: sys_socket[PID: 109 (klogd)]: family:1, type:2, protocol:0
[   12.415874] firmadyne: sys_socket[PID: 109 (klogd)]: family:1, type:1, protocol:0
[   12.417348] firmadyne: sys_socket[PID: 109 (klogd)]: family:1, type:2, protocol:0
[   12.439754] firmadyne: sys_socket[PID: 109 (klogd)]: family:1, type:1, protocol:0
[   12.441200] firmadyne: sys_socket[PID: 109 (klogd)]: family:1, type:2, protocol:0
nvram_init: Initializing NVRAM...
sem_get: Key: 4101c003
[   12.463870] firmadyne: sys_socket[PID: 109 (klogd)]: family:1, type:1, protocol:0
[   12.465072] firmadyne: sys_socket[PID: 109 (klogd)]: family:1, type:2, protocol:0
sem_get: Key: 410f01b4
nvram_set_default_builtin: Setting built-in default values!
nvram_set: console_loglevel = "7"
sem_get: Key: 410f01b4
sem_get: Key: [   12.483761] firmadyne: sys_socket[PID: 109 (klogd)]: family:1, type:1, protocol:0
[   12.485013] firmadyne: sys_socket[PID: 109 (klogd)]: family:1, type:2, protocol:0
410f01b4
nvram_set: restore_defaults = "1"
sem_get: Key: 410f01b4
sem_get: Key: 410f01b4
nvram_set: sku_name = ""
sem_get: Key: 410f01b4
sem_get: Key: 410f01b4
nvram_set: wla_wlanstate = ""
sem_get: Key: 410f01b4
[   12.503735] firmadyne: sys_socket[PID: 109 (klogd)]: family:1, type:1, protocol:0
[   12.505035] firmadyne: sys_socket[PID: 109 (klogd)]: family:1, type:2, protocol:0
sem_get: Key: 410f01b4
nvram_set: lan_if = "br0"
sem_get: Key: 410f01b4
sem_get: Key: 410f01b4
nvram_set: lan_ipaddr = "192.168.0.50"
sem_get: Key: 410f01b4
sem_get: Key: 410f01b4
[   12.523989] firmadyne: sys_socket[PID: 109 (klogd)]: family:1, type:1, protocol:0
[   12.525278] firmadyne: sys_socket[PID: 109 (klogd)]: family:1, type:2, protocol:0
nvram_set: lan_bipaddr = "192.168.0.255"
sem_get: Key: 410f01b4
sem_get: Key: 410f01b4
nvram_set: lan_netmask = "255.255.255.0"
sem_get: Key: 410f01b4
sem_get: Key: 410f01b4
nvram_set: time_zone = "PST8PDT"
sem_get: Key: 410f01b4
sem_get: Key: 410f01b4
nvram_set: [   12.547874] firmadyne: sys_socket[PID: 109 (klogd)]: family:1, type:1, protocol:0
[   12.549169] firmadyne: sys_socket[PID: 109 (klogd)]: family:1, type:2, protocol:0
wan_hwaddr_def = "01:23:45:67:89:ab"
sem_get: Key: 410f01b4
sem_get: Key: 410f01b4
nvram_set: wan_ifname = "eth0"
sem_get: Key: 410f01b4
sem_get: Key: 410f01b4
nvram_set: lan_ifnames = "eth1 eth2 eth3 eth4"
sem_get: Key: 410f01b4
[   12.567689] firmadyne: sys_socket[PID: 109 (klogd)]: family:1, type:1, protocol:0
[   12.568933] firmadyne: sys_socket[PID: 109 (klogd)]: family:1, type:2, protocol:0
sem_get: Key: 410f01b4
nvram_set: ethConver = "1"
sem_get: Key: 410f01b4
sem_get: Key: 410f01b4
nvram_set: lan_proto = "dhcp"
sem_get: Key: 410f01b4
sem_get: Key: 410f01b4
nvram_set: wan_ipaddr = "0.0.0.0[   12.587700] firmadyne: sys_socket[PID: 109 (klogd)]: family:1, type:1, protocol:0
[   12.589104] firmadyne: sys_socket[PID: 109 (klogd)]: family:1, type:2, protocol:0
"
sem_get: Key: 410f01b4
sem_get: Key: 410f01b4
nvram_set: wan_netmask = "255.255.255.0"
sem_get: Key: 410f01b4
sem_get: Key: 410f01b4
nvram_set: wanif = "eth0"
sem_get: Key: 410f01b4
sem_get: Key: 410f01b4[   12.607914] firmadyne: sys_socket[PID: 109 (klogd)]: family:1, type:1, protocol:0
[   12.609190] firmadyne: sys_socket[PID: 109 (klogd)]: family:1, type:2, protocol:0

nvram_set: time_zone_x = "0"
sem_get: Key: 410f01b4
sem_get: Key: 410f01b4
nvram_set: rip_multicast = "0"
sem_get: Key: 410f01b4
sem_get: Key: 410f01b4
nvram_set: bs_trustedip_enable = "0"
sem_get: Key: [   12.627893] firmadyne: sys_socket[PID: 109 (klogd)]: family:1, type:1, protocol:0
[   12.629209] firmadyne: sys_socket[PID: 109 (klogd)]: family:1, type:2, protocol:0
410f01b4
sem_get: Key: 410f01b4
nvram_set: et0macaddr = "01:23:45:67:89:ab"
sem_get: Key: 410f01b4
sem_get: Key: 410f01b4
nvram_set: filter_rule_tbl = ""
sem_get: Key: 410f01b4
sem_get: Key: 410f01b4
nvram_set: [   12.647733] firmadyne: sys_socket[PID: 109 (klogd)]: family:1, type:1, protocol:0
[   12.649036] firmadyne: sys_socket[PID: 109 (klogd)]: family:1, type:2, protocol:0
pppoe2_schedule_config = "127:0:0:23:59"
sem_get: Key: 410f01b4
sem_get: Key: 410f01b4
nvram_set: schedule_config = "127:0:0:23:59"
sem_get: Key: 410f01b4
sem_get: Key: 410f01b4
nvram_set: access_control_mode = "0"
sem_get: Key: 410f01b4
[   12.667662] firmadyne: sys_socket[PID: 109 (klogd)]: family:1, type:1, protocol:0
[   12.668911] firmadyne: sys_socket[PID: 109 (klogd)]: family:1, type:2, protocol:0
sem_get: Key: 410f01b4
nvram_set: fwpt_df_count = "0"
sem_get: Key: 410f01b4
sem_get: Key: 410f01b4
nvram_set: static_if_status = "1"
sem_get: Key: 410f01b4
sem_get: Key: 410f01b4
nvram_set: www_relocation = ""
[   12.687718] firmadyne: sys_socket[PID: 109 (klogd)]: family:1, type:1, protocol:0
[   12.689003] firmadyne: sys_socket[PID: 109 (klogd)]: family:1, type:2, protocol:0
sem_get: Key: 410f01b4
sem_get: Key: 410f01b4
nvram_set: usb_info_dev0 = "A200396E0402FF83@1@14.4G@U@1@USB_Storage;U:;0;0@"
sem_get: Key: 410f01b4
sem_get: Key: 410f01b4
nvram_set: usb_info_dev1 = "A200396E0402FF83@1@14.4G@U@1@USB_Storage;U:;0;0@"
sem_get: Key: 410f01b4
sem_get: Key: [   12.707666] firmadyne: sys_socket[PID: 109 (klogd)]: family:1, type:1, protocol:0
[   12.708934] firmadyne: sys_socket[PID: 109 (klogd)]: family:1, type:2, protocol:0
410f01b4
nvram_set: usb_info_dev2 = "A200396E0402FF83@1@14.4G@U@1@USB_Storage;U:;0;0@"
sem_get: Key: 410f01b4
sem_get: Key: 410f01b4
nvram_set: usb_info_dev3 = "A200396E0402FF83@1@14.4G@U@1@USB_Storage;U:;0;0@"
sem_get: Key: 410f01b4
sem_get: Key: 410f01b4
nvram_set: [   12.728043] firmadyne: sys_socket[PID: 109 (klogd)]: family:1, type:1, protocol:0
[   12.729385] firmadyne: sys_socket[PID: 109 (klogd)]: family:1, type:2, protocol:0
usb_info_dev4 = "A200396E0402FF83@1@14.4G@U@1@USB_Storage;U:;0;0@"
sem_get: Key: 410f01b4
sem_get: Key: 410f01b4
nvram_set: usb_info_dev5 = "A200396E0402FF83@1@14.4G@U@1@USB_Storage;U:;0;0@"
sem_get: Key: 410f01b4
sem_get: Key: 410f01b4
nvram_set: usb_info_dev6 = "A200396E0402FF83@1@14.4G@U@1@USB_Storage;U:;0;0@"
sem_get: Key: 410f01b4
sem_get: Key: 410f01b4
nvram_set: usb_info_dev7[   12.751951] firmadyne: sys_socket[PID: 109 (klogd)]: family:1, type:1, protocol:0
[   12.753292] firmadyne: sys_socket[PID: 109 (klogd)]: family:1, type:2, protocol:0
 = "A200396E0402FF83@1@14.4G@U@1@USB_Storage;U:;0;0@"
sem_get: Key: 410f01b4
sem_get: Key: 410f01b4
nvram_set: usb_info_dev8 = "A200396E0402FF83@1@14.4G@U@1@USB_Storage;U:;0;0@"
sem_get: Key: 410f01b4
sem_get: Key: 410f01b4
nvram_set: usb_info_dev9 = "A200396E0402FF83@1@14.4G@U@1@USB_Storage;U:;0;0@"
sem_get: Key: 410f01b4
[   12.775970] firmadyne: sys_socket[PID: 109 (klogd)]: family:1, type:1, protocol:0
[   12.777421] firmadyne: sys_socket[PID: 109 (klogd)]: family:1, type:2, protocol:0
sem_get: Key: 410f01b4
nvram_set: usb_info_dev10 = "A200396E0402FF83@1@14.4G@U@1@USB_Storage;U:;0;0@"
sem_get: Key: 410f01b4
sem_get: Key: 410f01b4
nvram_set: usb_info_dev11 = "A200396E0402FF83@1@14.4G@U@1@USB_Storage;U:;0;0@"
sem_get: Key: 410f01b4
sem_get: Key: 410f01b4
nvram_set: usb_info_dev12 = "A200396E0402FF83@1@14.4G@U@1@USB_Storage;U:;0;0@"
sem_get: Key: [   12.800042] firmadyne: sys_socket[PID: 109 (klogd)]: family:1, type:1, protocol:0
[   12.801362] firmadyne: sys_socket[PID: 109 (klogd)]: family:1, type:2, protocol:0
410f01b4
sem_get: Key: 410f01b4
nvram_set: usb_info_dev13 = "A200396E0402FF83@1@14.4G@U@1@USB_Storage;U:;0;0@"
sem_get: Key: 410f01b4
sem_get: Key: 410f01b4
nvram_set: usb_info_dev14 = "A200396E0402FF83@1@14.4G@U@1@USB_Storage;U:;0;0@"
sem_get: Key: 410f01b4
sem_get: Key: 410f01b4
nvram_set: usb_info_dev15 = "A200396E0402FF83@1@14.4G@U@1@USB_Storage;U:;0;0@"
sem_get: Key: 410f01b4
sem_get: Key: 410f01b4
nvram_set: usb_info_dev16 = "A200396E0402FF83@1@14.4G@U@1@USB_Storage;U:;0;0@"
sem_get: Key: 410f01b4[   12.827614] firmadyne: sys_socket[PID: 109 (klogd)]: family:1, type:1, protocol:0
[   12.828803] firmadyne: sys_socket[PID: 109 (klogd)]: family:1, type:2, protocol:0

sem_get: Key: 410f01b4
nvram_set: usb_info_dev17 = "A200396E0402FF83@1@14.4G@U@1@USB_Storage;U:;0;0@"
sem_get: Key: 410f01b4
sem_get: Key: 410f01b4
nvram_set: usb_info_dev18 = "A200396E0402FF83@1@14.4G@U@1@USB_Storage;U:;0;0@"
sem_get: Key: 410f01b4
sem_get: Key: 410f01b4
nvram_set: usb_info_dev19 = "A200396E0402FF83@1@14.4G@U@1@USB_Storage;U:;0;0@"
[   12.847666] firmadyne: sys_socket[PID: 109 (klogd)]: family:1, type:1, protocol:0
[   12.848807] firmadyne: sys_socket[PID: 109 (klogd)]: family:1, type:2, protocol:0
sem_get: Key: 410f01b4
sem_get: Key: 410f01b4
nvram_set: usb_info_dev20 = "A200396E0402FF83@1@14.4G@U@1@USB_Storage;U:;0;0@"
sem_get: Key: 410f01b4
sem_get: Key: 410f01b4
nvram_set: usb_info_dev21 = "A200396E0402FF83@1@14.4G@U@1@USB_Storage;U:;0;0@"
sem_get: Key: 410f01b4
sem_get: Key: 410f01b4
nvram_set: usb_info_dev22[   12.867622] firmadyne: sys_socket[PID: 109 (klogd)]: family:1, type:1, protocol:0
[   12.868796] firmadyne: sys_socket[PID: 109 (klogd)]: family:1, type:2, protocol:0
 = "A200396E0402FF83@1@14.4G@U@1@USB_Storage;U:;0;0@"
sem_get: Key: 410f01b4
sem_get: Key: 410f01b4
nvram_set: usb_info_dev23 = "A200396E0402FF83@1@14.4G@U@1@USB_Storage;U:;0;0@"
sem_get: Key: 410f01b4
sem_get: Key: 410f01b4
nvram_set: usb_info_dev24 = "A200396E0402FF83@1@14.4G@U@1@USB_Storage;U:;0;0@"
sem_get: Key: 410f01b4
sem_get: Key: 410f01b4[   12.887852] firmadyne: sys_socket[PID: 109 (klogd)]: family:1, type:1, protocol:0
[   12.889026] firmadyne: sys_socket[PID: 109 (klogd)]: family:1, type:2, protocol:0

nvram_set: usb_info_dev25 = "A200396E0402FF83@1@14.4G@U@1@USB_Storage;U:;0;0@"
sem_get: Key: 410f01b4
sem_get: Key: 410f01b4
nvram_set: usb_info_dev26 = "A200396E0402FF83@1@14.4G@U@1@USB_Storage;U:;0;0@"
sem_get: Key: 410f01b4
sem_get: Key: 410f01b4
nvram_set: usb_info_dev27 = "A200396E0402FF83@1@14.4G@U@1@USB_Storage;U:;0;0@"
sem_get: Key: 410f01b4
[   12.907603] firmadyne: sys_socket[PID: 109 (klogd)]: family:1, type:1, protocol:0
[   12.908764] firmadyne: sys_socket[PID: 109 (klogd)]: family:1, type:2, protocol:0
sem_get: Key: 410f01b4
nvram_set: usb_info_dev28 = "A200396E0402FF83@1@14.4G@U@1@USB_Storage;U:;0;0@"
sem_get: Key: 410f01b4
sem_get: Key: 410f01b4
nvram_set: usb_info_dev29 = "A200396E0402FF83@1@14.4G@U@1@USB_Storage;U:;0;0@"
sem_get: Key: 410f01b4
sem_get: Key: 410f01b4
nvram_set: [   12.927936] firmadyne: sys_socket[PID: 109 (klogd)]: family:1, type:1, protocol:0
[   12.929099] firmadyne: sys_socket[PID: 109 (klogd)]: family:1, type:2, protocol:0
usb_info_dev30 = "A200396E0402FF83@1@14.4G@U@1@USB_Storage;U:;0;0@"
sem_get: Key: 410f01b4
sem_get: Key: 410f01b4
nvram_set: usb_info_dev31 = "A200396E0402FF83@1@14.4G@U@1@USB_Storage;U:;0;0@"
sem_get: Key: 410f01b4
sem_get: Key: 410f01b4
nvram_set: usb_info_dev32 = "A200396E0402FF83@1@14.4G@U@1@USB_Storage;U:;0;0@"
sem_get: Key: 410f01b4
[   12.947907] firmadyne: sys_socket[PID: 109 (klogd)]: family:1, type:1, protocol:0
[   12.949230] firmadyne: sys_socket[PID: 109 (klogd)]: family:1, type:2, protocol:0
sem_get: Key: 410f01b4
nvram_set: usb_info_dev33 = "A200396E0402FF83@1@14.4G@U@1@USB_Storage;U:;0;0@"
sem_get: Key: 410f01b4
sem_get: Key: 410f01b4
nvram_set: usb_info_dev34 = "A200396E0402FF83@1@14.4G@U@1@USB_Storage;U:;0;0@"
sem_get: Key: 410f01b4
sem_get: Key: 410f01b4
nvram_set: usb_info_dev35 = "A200396E0402FF83@1@14.4G@U@1@USB_Storage;U:;0;0@"
sem_get: Key: 410f01b4
sem_get[   12.971755] firmadyne: sys_socket[PID: 109 (klogd)]: family:1, type:1, protocol:0
[   12.973022] firmadyne: sys_socket[PID: 109 (klogd)]: family:1, type:2, protocol:0
: Key: 410f01b4
nvram_set: usb_info_dev36 = "A200396E0402FF83@1@14.4G@U@1@USB_Storage;U:;0;0@"
sem_get: Key: 410f01b4
sem_get: Key: 410f01b4
nvram_set: usb_info_dev37 = "A200396E0402FF83@1@14.4G@U@1@USB_Storage;U:;0;0@"
sem_get: Key: 410f01b4
sem_get: Key: 410f01b4
nvram_set: usb_info_dev38 = "A200396E0402FF83@1@14.4G@U@1@USB_Storage;U:;0;0@"
[   12.991588] firmadyne: sys_socket[PID: 109 (klogd)]: family:1, type:1, protocol:0
[   12.992785] firmadyne: sys_socket[PID: 109 (klogd)]: family:1, type:2, protocol:0
sem_get: Key: 410f01b4
sem_get: Key: 410f01b4
nvram_set: usb_info_dev39 = "A200396E0402FF83@1@14.4G@U@1@USB_Storage;U:;0;0@"
sem_get: Key: 410f01b4
sem_get: Key: 410f01b4
nvram_set: usb_info_dev40 = "A200396E0402FF83@1@14.4G@U@1@USB_Storage;U:;0;0@"
sem_get: Key: 410f01b4
sem_get: Key: 410f01b4
nvram_set[   13.011740] firmadyne: sys_socket[PID: 109 (klogd)]: family:1, type:1, protocol:0
[   13.012934] firmadyne: sys_socket[PID: 109 (klogd)]: family:1, type:2, protocol:0
: usb_info_dev41 = "A200396E0402FF83@1@14.4G@U@1@USB_Storage;U:;0;0@"
sem_get: Key: 410f01b4
sem_get: Key: 410f01b4
nvram_set: usb_info_dev42 = "A200396E0402FF83@1@14.4G@U@1@USB_Storage;U:;0;0@"
sem_get: Key: 410f01b4
sem_get: Key: 410f01b4
nvram_set: usb_info_dev43 = "A200396E0402FF83@1@14.4G@U@1@USB_Storage;U:;0;0@"
sem_get: Key: 410f01b4[   13.034431] firmadyne: sys_socket[PID: 109 (klogd)]: family:1, type:1, protocol:0
[   13.035758] firmadyne: sys_socket[PID: 109 (klogd)]: family:1, type:2, protocol:0

sem_get: Key: 410f01b4
nvram_set: usb_info_dev44 = "A200396E0402FF83@1@14.4G@U@1@USB_Storage;U:;0;0@"
sem_get: Key: 410f01b4
sem_get: Key: 410f01b4
nvram_set: usb_info_dev45 = "A200396E0402FF83@1@14.4G@U@1@USB_Storage;U:;0;0@"
sem_get: Key: 410f01b4
sem_get[   13.051833] firmadyne: sys_socket[PID: 109 (klogd)]: family:1, type:1, protocol:0
[   13.053101] firmadyne: sys_socket[PID: 109 (klogd)]: family:1, type:2, protocol:0
: Key: 410f01b4
nvram_set: usb_info_dev46 = "A200396E0402FF83@1@14.4G@U@1@USB_Storage;U:;0;0@"
sem_get: Key: 410f01b4
sem_get: Key: 410f01b4
nvram_set: usb_info_dev47 = "A200396E0402FF83@1@14.4G@U@1@USB_Storage;U:;0;0@"
sem_get: Key: 410f01b4
sem_get: Key: 410f01b4
nvram_set: usb_info_dev48 = "A200396E0402FF83@1@14.4G@U@1@USB_Storage;U:;0;0@"
[   13.071692] firmadyne: sys_socket[PID: 109 (klogd)]: family:1, type:1, protocol:0
[   13.072904] firmadyne: sys_socket[PID: 109 (klogd)]: family:1, type:2, protocol:0
sem_get: Key: 410f01b4
sem_get: Key: 410f01b4
nvram_set: usb_info_dev49 = "A200396E0402FF83@1@14.4G@U@1@USB_Storage;U:;0;0@"
sem_get: Key: 410f01b4
sem_get: Key: 410f01b4
nvram_set: usb_info_dev50 = "A200396E0402FF83@1@14.4G@U@1@USB_Storage;U:;0;0@"
sem_get: Key: 410f01b4
sem_get: Key: 410f01b4
[   13.091600] firmadyne: sys_socket[PID: 109 (klogd)]: family:1, type:1, protocol:0
[   13.092761] firmadyne: sys_socket[PID: 109 (klogd)]: family:1, type:2, protocol:0
nvram_set: usb_info_dev51 = "A200396E0402FF83@1@14.4G@U@1@USB_Storage;U:;0;0@"
sem_get: Key: 410f01b4
sem_get: Key: 410f01b4
nvram_set: usb_info_dev52 = "A200396E0402FF83@1@14.4G@U@1@USB_Storage;U:;0;0@"
sem_get: Key: 410f01b4
sem_get: Key: 410f01b4
nvram_set: usb_info_dev53 = "A200396E0402FF83@1@14.4G@U@1@USB_Storage;U:;0;0@"
sem_get: Key: 410f01b4
[   13.111691] firmadyne: sys_socket[PID: 109 (klogd)]: family:1, type:1, protocol:0
[   13.112876] firmadyne: sys_socket[PID: 109 (klogd)]: family:1, type:2, protocol:0
sem_get: Key: 410f01b4
nvram_set: usb_info_dev54 = "A200396E0402FF83@1@14.4G@U@1@USB_Storage;U:;0;0@"
sem_get: Key: 410f01b4
sem_get: Key: 410f01b4
nvram_set: usb_info_dev55 = "A200396E0402FF83@1@14.4G@U@1@USB_Storage;U:;0;0@"
sem_get: Key: 410f01b4
sem_get: Key: 410f01b4
nvram_set: usb_info_dev56 = "[   13.131723] firmadyne: sys_socket[PID: 109 (klogd)]: family:1, type:1, protocol:0
[   13.132909] firmadyne: sys_socket[PID: 109 (klogd)]: family:1, type:2, protocol:0
A200396E0402FF83@1@14.4G@U@1@USB_Storage;U:;0;0@"
sem_get: Key: 410f01b4
sem_get: Key: 410f01b4
nvram_set: usb_info_dev57 = "A200396E0402FF83@1@14.4G@U@1@USB_Storage;U:;0;0@"
sem_get: Key: 410f01b4
sem_get: Key: 410f01b4
nvram_set: usb_info_dev58 = "A200396E0402FF83@1@14.4G@U@1@USB_Storage;U:;0;0@"
sem_get: Key: 410f01b4
sem_get: Key: [   13.151646] firmadyne: sys_socket[PID: 109 (klogd)]: family:1, type:1, protocol:0
[   13.152854] firmadyne: sys_socket[PID: 109 (klogd)]: family:1, type:2, protocol:0
410f01b4
nvram_set: usb_info_dev59 = "A200396E0402FF83@1@14.4G@U@1@USB_Storage;U:;0;0@"
sem_get: Key: 410f01b4
sem_get: Key: 410f01b4
nvram_set: usb_info_dev60 = "A200396E0402FF83@1@14.4G@U@1@USB_Storage;U:;0;0@"
sem_get: Key: 410f01b4
sem_get: Key: 410f01b4
nvram_set: usb_info_dev61 = "A200396E0402FF83@1@14.4G@U@1@USB_Storage;U:;0;0@"
sem_get: Key: 410f01b4[   13.171898] firmadyne: sys_socket[PID: 109 (klogd)]: family:1, type:1, protocol:0
[   13.173159] firmadyne: sys_socket[PID: 109 (klogd)]: family:1, type:2, protocol:0

sem_get: Key: 410f01b4
nvram_set: usb_info_dev62 = "A200396E0402FF83@1@14.4G@U@1@USB_Storage;U:;0;0@"
sem_get: Key: 410f01b4
sem_get: Key: 410f01b4
nvram_set: usb_info_dev63 = "A200396E0402FF83@1@14.4G@U@1@USB_Storage;U:;0;0@"
sem_get: Key: 410f01b4
sem_get: Key: 410f01b4
nvram_set: usb_info_dev64 = "A200396E0402FF83@1@14.4G@U@1@USB_Storage;U:;0;0@"
sem_get: Key: 410f01b4
[   13.195633] firmadyne: sys_socket[PID: 109 (klogd)]: family:1, type:1, protocol:0
[   13.196813] firmadyne: sys_socket[PID: 109 (klogd)]: family:1, type:2, protocol:0
sem_get: Key: 410f01b4
nvram_set: usb_info_dev65 = "A200396E0402FF83@1@14.4G@U@1@USB_Storage;U:;0;0@"
sem_get: Key: 410f01b4
sem_get: Key: 410f01b4
nvram_set: usb_info_dev66 = "A200396E0402FF83@1@14.4G@U@1@USB_Storage;U:;0;0@"
sem_get: Key: 410f01b4
sem_get: Key: 410f01b4
nvram_set: usb_info_dev67 = "A200396E0402FF83@1@14.4G@U@1@USB_Storage;U:;0;0@"
[   13.215903] firmadyne: sys_socket[PID: 109 (klogd)]: family:1, type:1, protocol:0
[   13.217143] firmadyne: sys_socket[PID: 109 (klogd)]: family:1, type:2, protocol:0
sem_get: Key: 410f01b4
sem_get: Key: 410f01b4
nvram_set: usb_info_dev68 = "A200396E0402FF83@1@14.4G@U@1@USB_Storage;U:;0;0@"
sem_get: Key: 410f01b4
sem_get: Key: 410f01b4
nvram_set: usb_info_dev69 = "A200396E0402FF83@1@14.4G@U@1@USB_Storage;U:;0;0@"
sem_get: Key: 410f01b4
sem_get: Key: 410f01b4
[   13.235623] firmadyne: sys_socket[PID: 109 (klogd)]: family:1, type:1, protocol:0
[   13.236800] firmadyne: sys_socket[PID: 109 (klogd)]: family:1, type:2, protocol:0
nvram_set: usb_info_dev70 = "A200396E0402FF83@1@14.4G@U@1@USB_Storage;U:;0;0@"
sem_get: Key: 410f01b4
sem_get: Key: 410f01b4
nvram_set: usb_info_dev71 = "A200396E0402FF83@1@14.4G@U@1@USB_Storage;U:;0;0@"
sem_get: Key: 410f01b4
sem_get: Key: 410f01b4
nvram_set: usb_info_dev72 = "A200396E0402FF83@1@14.4G@U@1@USB_Storage;U:;0;0@"
sem_get: Key: 410f01b4[   13.255905] firmadyne: sys_socket[PID: 109 (klogd)]: family:1, type:1, protocol:0
[   13.257204] firmadyne: sys_socket[PID: 109 (klogd)]: family:1, type:2, protocol:0

sem_get: Key: 410f01b4
nvram_set: usb_info_dev73 = "A200396E0402FF83@1@14.4G@U@1@USB_Storage;U:;0;0@"
sem_get: Key: 410f01b4
sem_get: Key: 410f01b4
nvram_set: usb_info_dev74 = "A200396E0402FF83@1@14.4G@U@1@USB_Storage;U:;0;0@"
sem_get: Key: 410f01b4
sem_get: Key: 410f01b4
nvram_set: usb_info_dev75 = "A200396E0402FF83@1@14.4G@U@1@USB_Storage;U:;0;0@"
sem_get: Key: 410f01b4
[   13.279913] firmadyne: sys_socket[PID: 109 (klogd)]: family:1, type:1, protocol:0
[   13.281171] firmadyne: sys_socket[PID: 109 (klogd)]: family:1, type:2, protocol:0
sem_get: Key: 410f01b4
nvram_set: usb_info_dev76 = "A200396E0402FF83@1@14.4G@U@1@USB_Storage;U:;0;0@"
sem_get: Key: 410f01b4
sem_get: Key: 410f01b4
nvram_set: usb_info_dev77 = "A200396E0402FF83@1@14.4G@U@1@USB_Storage;U:;0;0@"
sem_get: Key: 410f01b4
sem_get: Key: 410f01b4
nvram_set: [   13.299816] firmadyne: sys_socket[PID: 109 (klogd)]: family:1, type:1, protocol:0
[   13.301037] firmadyne: sys_socket[PID: 109 (klogd)]: family:1, type:2, protocol:0
usb_info_dev78 = "A200396E0402FF83@1@14.4G@U@1@USB_Storage;U:;0;0@"
sem_get: Key: 410f01b4
sem_get: Key: 410f01b4
nvram_set: usb_info_dev79 = "A200396E0402FF83@1@14.4G@U@1@USB_Storage;U:;0;0@"
sem_get: Key: 410f01b4
sem_get: Key: 410f01b4
nvram_set: usb_info_dev80 = "A200396E0402FF83@1@14.4G@U@1@USB_Storage;U:;0;0@"
sem_get: Key: [   13.319700] firmadyne: sys_socket[PID: 109 (klogd)]: family:1, type:1, protocol:0
[   13.320870] firmadyne: sys_socket[PID: 109 (klogd)]: family:1, type:2, protocol:0
410f01b4
sem_get: Key: 410f01b4
nvram_set: usb_info_dev81 = "A200396E0402FF83@1@14.4G@U@1@USB_Storage;U:;0;0@"
sem_get: Key: 410f01b4
sem_get: Key: 410f01b4
nvram_set: usb_info_dev82 = "A200396E0402FF83@1@14.4G@U@1@USB_Storage;U:;0;0@"
sem_get: Key: 410f01b4
sem_get: Key: 410f01b4
nvram_set[   13.339630] firmadyne: sys_socket[PID: 109 (klogd)]: family:1, type:1, protocol:0
[   13.340826] firmadyne: sys_socket[PID: 109 (klogd)]: family:1, type:2, protocol:0
: usb_info_dev83 = "A200396E0402FF83@1@14.4G@U@1@USB_Storage;U:;0;0@"
sem_get: Key: 410f01b4
sem_get: Key: 410f01b4
nvram_set: usb_info_dev84 = "A200396E0402FF83@1@14.4G@U@1@USB_Storage;U:;0;0@"
sem_get: Key: 410f01b4
sem_get: Key: 410f01b4
nvram_set: usb_info_dev85 = "A200396E0402FF83@1@14.4G@U@1@USB_Storage;U:;0;0@"
sem_get: Key: 410f01b4
[   13.359604] firmadyne: sys_socket[PID: 109 (klogd)]: family:1, type:1, protocol:0
[   13.360825] firmadyne: sys_socket[PID: 109 (klogd)]: family:1, type:2, protocol:0
sem_get: Key: 410f01b4
nvram_set: usb_info_dev86 = "A200396E0402FF83@1@14.4G@U@1@USB_Storage;U:;0;0@"
sem_get: Key: 410f01b4
sem_get: Key: 410f01b4
nvram_set: usb_info_dev87 = "A200396E0402FF83@1@14.4G@U@1@USB_Storage;U:;0;0@"
sem_get: Key: 410f01b4
sem_get: Key: 410f01b4
nvram_set: usb_info_dev88 = "[   13.379825] firmadyne: sys_socket[PID: 109 (klogd)]: family:1, type:1, protocol:0
[   13.381032] firmadyne: sys_socket[PID: 109 (klogd)]: family:1, type:2, protocol:0
A200396E0402FF83@1@14.4G@U@1@USB_Storage;U:;0;0@"
sem_get: Key: 410f01b4
sem_get: Key: 410f01b4
nvram_set: usb_info_dev89 = "A200396E0402FF83@1@14.4G@U@1@USB_Storage;U:;0;0@"
sem_get: Key: 410f01b4
sem_get: Key: 410f01b4
nvram_set: usb_info_dev90 = "A200396E0402FF83@1@14.4G@U@1@USB_Storage;U:;0;0@"
sem_get: Key: 410f01b4
[   13.399649] firmadyne: sys_socket[PID: 109 (klogd)]: family:1, type:1, protocol:0
[   13.400849] firmadyne: sys_socket[PID: 109 (klogd)]: family:1, type:2, protocol:0
sem_get: Key: 410f01b4
nvram_set: usb_info_dev91 = "A200396E0402FF83@1@14.4G@U@1@USB_Storage;U:;0;0@"
sem_get: Key: 410f01b4
sem_get: Key: 410f01b4
nvram_set: usb_info_dev92 = "A200396E0402FF83@1@14.4G@U@1@USB_Storage;U:;0;0@"
sem_get: Key: 410f01b4
sem_get: Key: 410f01b4
nvram_set: usb_info_dev93 = "A200396E0402FF83@1@14.4G@U@1@USB_Storage;U:;0;0@"
[   13.419681] firmadyne: sys_socket[PID: 109 (klogd)]: family:1, type:1, protocol:0
[   13.420894] firmadyne: sys_socket[PID: 109 (klogd)]: family:1, type:2, protocol:0
sem_get: Key: 410f01b4
sem_get: Key: 410f01b4
nvram_set: usb_info_dev94 = "A200396E0402FF83@1@14.4G@U@1@USB_Storage;U:;0;0@"
sem_get: Key: 410f01b4
sem_get: Key: 410f01b4
nvram_set: usb_info_dev95 = "A200396E0402FF83@1@14.4G@U@1@USB_Storage;U:;0;0@"
sem_get: Key: 410f01b4
sem_get: Key: 410f01b4
[   13.439602] firmadyne: sys_socket[PID: 109 (klogd)]: family:1, type:1, protocol:0
[   13.440767] firmadyne: sys_socket[PID: 109 (klogd)]: family:1, type:2, protocol:0
nvram_set: usb_info_dev96 = "A200396E0402FF83@1@14.4G@U@1@USB_Storage;U:;0;0@"
sem_get: Key: 410f01b4
sem_get: Key: 410f01b4
nvram_set: usb_info_dev97 = "A200396E0402FF83@1@14.4G@U@1@USB_Storage;U:;0;0@"
sem_get: Key: 410f01b4
sem_get: Key: 410f01b4
nvram_set: usb_info_dev98 = "A200396E0402FF83@1@14.4G@U@1@USB_Storage;U:;0;0@"
sem_get: Key: 410f01b4
[   13.459912] firmadyne: sys_socket[PID: 109 (klogd)]: family:1, type:1, protocol:0
[   13.461228] firmadyne: sys_socket[PID: 109 (klogd)]: family:1, type:2, protocol:0
sem_get: Key: 410f01b4
nvram_set: usb_info_dev99 = "A200396E0402FF83@1@14.4G@U@1@USB_Storage;U:;0;0@"
sem_get: Key: 410f01b4
sem_get: Key: 410f01b4
nvram_set: usb_info_dev100 = "A200396E0402FF83@1@14.4G@U@1@USB_Storage;U:;0;0@"
sem_get: Key: 410f01b4
sem_get: Key: 410f01b4
nvram_set: wla_ap_isolate_1 = ""
sem_get: Key: 410f01b4
[   13.483605] firmadyne: sys_socket[PID: 109 (klogd)]: family:1, type:1, protocol:0
[   13.484805] firmadyne: sys_socket[PID: 109 (klogd)]: family:1, type:2, protocol:0
sem_get: Key: 410f01b4
nvram_set: wla_ap_isolate_2 = ""
sem_get: Key: 410f01b4
sem_get: Key: 410f01b4
nvram_set: wla_ap_isolate_3 = ""
sem_get: Key: 410f01b4
sem_get: Key: 410f01b4
nvram_set: wla_ap_isolate_4 = ""
sem_get: Key: 410f01b4
[   13.503647] firmadyne: sys_socket[PID: 109 (klogd)]: family:1, type:1, protocol:0
[   13.504865] firmadyne: sys_socket[PID: 109 (klogd)]: family:1, type:2, protocol:0
sem_get: Key: 410f01b4
nvram_set: wlg_ap_isolate_1 = ""
sem_get: Key: 410f01b4
sem_get: Key: 410f01b4
nvram_set: wlg_ap_isolate_2 = ""
sem_get: Key: 410f01b4
sem_get: Key: 410f01b4
nvram_set: wlg_ap_isolate_3 = ""
[   13.523723] firmadyne: sys_socket[PID: 109 (klogd)]: family:1, type:1, protocol:0
[   13.524937] firmadyne: sys_socket[PID: 109 (klogd)]: family:1, type:2, protocol:0
sem_get: Key: 410f01b4
sem_get: Key: 410f01b4
nvram_set: wlg_ap_isolate_4 = ""
sem_get: Key: 410f01b4
sem_get: Key: 410f01b4
nvram_set: wlg_allow_access_1 = ""
sem_get: Key: 410f01b4
sem_get: Key: 410f01b4
nvram_set: wlg_allow_access_2[   13.543860] firmadyne: sys_socket[PID: 109 (klogd)]: family:1, type:1, protocol:0
[   13.545091] firmadyne: sys_socket[PID: 109 (klogd)]: family:1, type:2, protocol:0
 = ""
sem_get: Key: 410f01b4
sem_get: Key: 410f01b4
nvram_set: wlg_allow_access_3 = ""
sem_get: Key: 410f01b4
sem_get: Key: 410f01b4
nvram_set: wlg_allow_access_4 = ""
sem_get: Key: 410f01b4
sem_get: Key: 410f01b4
nvram_set: 0:macaddr = "01:23:45:67:89:ab"
sem_get: Key: 410f01b4
[   13.567708] firmadyne: sys_socket[PID: 109 (klogd)]: family:1, type:1, protocol:0
[   13.568945] firmadyne: sys_socket[PID: 109 (klogd)]: family:1, type:2, protocol:0
sem_get: Key: 410f01b4
nvram_set: 1:macaddr = "01:23:45:67:89:ab"
sem_get: Key: 410f01b4
sem_get: Key: 410f01b4
nvram_set: 2:macaddr = "01:23:45:67:89:ab"
sem_get: Key: 410f01b4
sem_get: Key: 410f01b4
nvram_set: [   13.587834] firmadyne: sys_socket[PID: 109 (klogd)]: family:1, type:1, protocol:0
[   13.589091] firmadyne: sys_socket[PID: 109 (klogd)]: family:1, type:2, protocol:0
lan1_ifnames = ""
sem_get: Key: 410f01b4
sem_get: Key: 410f01b4
nvram_set: lan2_ifnames = ""
sem_get: Key: 410f01b4
sem_get: Key: 410f01b4
nvram_set: lan3_ifnames = ""
sem_get: Key: 410f01b4
sem_get: Key: 410f01b4
nvram_set: lan4_ifnames = ""
sem_get: Key: 410f01b4
[   13.612715] firmadyne: sys_socket[PID: 109 (klogd)]: family:1, type:1, protocol:0
[   13.614024] firmadyne: sys_socket[PID: 109 (klogd)]: family:1, type:2, protocol:0
sem_get: Key: 410f01b4
nvram_set: lan5_ifnames = ""
sem_get: Key: 410f01b4
sem_get: Key: 410f01b4
nvram_set: lan6_ifnames = ""
sem_get: Key: 410f01b4
sem_get: Key: 410f01b4
nvram_set: lan7_ifnames[   13.631876] firmadyne: sys_socket[PID: 109 (klogd)]: family:1, type:1, protocol:0
[   13.633136] firmadyne: sys_socket[PID: 109 (klogd)]: family:1, type:2, protocol:0
 = ""
sem_get: Key: 410f01b4
sem_get: Key: 410f01b4
nvram_set: lan8_ifnames = ""
sem_get: Key: 410f01b4
sem_get: Key: 410f01b4
nvram_set: lan9_ifnames = ""
sem_get: Key: 410f01b4
sem_get: Key: 410f01b4
[   13.651868] firmadyne: sys_socket[PID: 109 (klogd)]: family:1, type:1, protocol:0
[   13.653130] firmadyne: sys_socket[PID: 109 (klogd)]: family:1, type:2, protocol:0
nvram_set_default: Loading built-in default values = 1!
nvram_set_default: Checking for symbol "router_defaults"...
nvram_set_default: Checking for symbol "Nvrams"...
nvram_set: time_zone = "GMT+0"
sem_get[   13.671716] firmadyne: sys_socket[PID: 109 (klogd)]: family:1, type:1, protocol:0
[   13.672947] firmadyne: sys_socket[PID: 109 (klogd)]: family:1, type:2, protocol:0
: Key: 410f01b4
sem_get: Key: 410f01b4
nvram_set: time_daylight = ""
sem_get: Key: 410f01b4
sem_get: Key: 410f01b4
nvram_set: restore_default = "0"
sem_get: Key: 410f01b4[   13.691732] firmadyne: sys_socket[PID: 109 (klogd)]: family:1, type:1, protocol:0
[   13.692960] firmadyne: sys_socket[PID: 109 (klogd)]: family:1, type:2, protocol:0

sem_get: Key: 410f01b4
nvram_set: wiz_language = "English"
sem_get: Key: 410f01b4
sem_get: Key: 410f01b4
nvram_set: wiz_country = ""
sem_get: Key: 410f01b4
[   13.711677] firmadyne: sys_socket[PID: 109 (klogd)]: family:1, type:1, protocol:0
[   13.712896] firmadyne: sys_socket[PID: 109 (klogd)]: family:1, type:2, protocol:0
sem_get: Key: 410f01b4
nvram_set: fix_ipaddr = ""
sem_get: Key: 410f01b4
sem_get: Key: 410f01b4
nvram_set: fix_netmask = ""
sem_get: Key: 410f01b4
sem_get: Key: 410f01b4[   13.731807] firmadyne: sys_socket[PID: 109 (klogd)]: family:1, type:1, protocol:0
[   13.733078] firmadyne: sys_socket[PID: 109 (klogd)]: family:1, type:2, protocol:0

nvram_set: fix_gateway = ""
sem_get: Key: 410f01b4
sem_get: Key: 410f01b4
nvram_set: wan_ifname = "eth1"
sem_get: Key: 410f01b4
sem_get: Key: 410f01b4
[   13.751626] firmadyne: sys_socket[PID: 109 (klogd)]: family:1, type:1, protocol:0
[   13.752862] firmadyne: sys_socket[PID: 109 (klogd)]: family:1, type:2, protocol:0
nvram_set: wan_mode = "dhcpc"
sem_get: Key: 410f01b4
sem_get: Key: 410f01b4
nvram_set: wan_iptype = "Dynamic"
sem_get: Key: 410f01b4
sem_get: Key: 410f01b4
nvram_set[   13.771745] firmadyne: sys_socket[PID: 109 (klogd)]: family:1, type:1, protocol:0
[   13.773040] firmadyne: sys_socket[PID: 109 (klogd)]: family:1, type:2, protocol:0
: wan_ipaddr = ""
sem_get: Key: 410f01b4
sem_get: Key: 410f01b4
nvram_set: wan_netmask = ""
sem_get: Key: 410f01b4
sem_get: Key: 410f01b4
nvram_set: wan_gateway = ""
sem_get: Key: [   13.791895] firmadyne: sys_socket[PID: 109 (klogd)]: family:1, type:1, protocol:0
[   13.793174] firmadyne: sys_socket[PID: 109 (klogd)]: family:1, type:2, protocol:0
410f01b4
sem_get: Key: 410f01b4
nvram_set: wan_mtu = "1500"
sem_get: Key: 410f01b4
sem_get: Key: 410f01b4
nvram_set: wan_fix_dns = "0"
sem_get: Key: 410f01b4
[   13.811696] firmadyne: sys_socket[PID: 109 (klogd)]: family:1, type:1, protocol:0
[   13.812963] firmadyne: sys_socket[PID: 109 (klogd)]: family:1, type:2, protocol:0
sem_get: Key: 410f01b4
nvram_set: wan_dns1 = ""
sem_get: Key: 410f01b4
sem_get: Key: 410f01b4
nvram_set: wan_dns2 = ""
sem_get: Key: 410f01b4
sem_get: Key: 410f01b4
[   13.831720] firmadyne: sys_socket[PID: 109 (klogd)]: family:1, type:1, protocol:0
[   13.832959] firmadyne: sys_socket[PID: 109 (klogd)]: family:1, type:2, protocol:0
nvram_set: wan_macaddr = ""
sem_get: Key: 410f01b4
sem_get: Key: 410f01b4
nvram_set: wan_encap = "1"
sem_get: Key: 410f01b4
sem_get: Key: 410f01b4
nvram_set: wan_vpi = "[   13.851757] firmadyne: sys_socket[PID: 109 (klogd)]: family:1, type:1, protocol:0
[   13.852987] firmadyne: sys_socket[PID: 109 (klogd)]: family:1, type:2, protocol:0
0"
sem_get: Key: 410f01b4
sem_get: Key: 410f01b4
nvram_set: wan_vci = "38"
sem_get: Key: 410f01b4
sem_get: Key: 410f01b4
nvram_set: wan_dslmode = "MMODE"
sem_get[   13.871942] firmadyne: sys_socket[PID: 109 (klogd)]: family:1, type:1, protocol:0
[   13.873244] firmadyne: sys_socket[PID: 109 (klogd)]: family:1, type:2, protocol:0
: Key: 410f01b4
sem_get: Key: 410f01b4
nvram_set: wan_account = "JNR3210"
sem_get: Key: 410f01b4
sem_get: Key: 410f01b4
nvram_set: wan_domain = ""
sem_get: Key: 410f01b4
sem_get: Key: 410f01b4
[   13.895641] firmadyne: sys_socket[PID: 109 (klogd)]: family:1, type:1, protocol:0
[   13.896927] firmadyne: sys_socket[PID: 109 (klogd)]: family:1, type:2, protocol:0
nvram_set: wan_dod = "1"
sem_get: Key: 410f01b4
sem_get: Key: 410f01b4
nvram_set: wan_pppoe_relay = "0"
sem_get: Key: 410f01b4
sem_get: Key: 410f01b4
nvram_set[   13.915769] firmadyne: sys_socket[PID: 109 (klogd)]: family:1, type:1, protocol:0
[   13.917055] firmadyne: sys_socket[PID: 109 (klogd)]: family:1, type:2, protocol:0
: device_name = "JNR3210"
sem_get: Key: 410f01b4
sem_get: Key: 410f01b4
nvram_set: lan_if = "br0"
sem_get: Key: 410f01b4
sem_get: Key: 410f01b4
[   13.935620] firmadyne: sys_socket[PID: 109 (klogd)]: family:1, type:1, protocol:0
[   13.936894] firmadyne: sys_socket[PID: 109 (klogd)]: family:1, type:2, protocol:0
nvram_set: lan_ipaddr = "192.168.1.1"
sem_get: Key: 410f01b4
sem_get: Key: 410f01b4
nvram_set: lan_netmask = "255.255.255.0"
sem_get: Key: 410f01b4
sem_get: Key: 410f01b4
[   13.955718] firmadyne: sys_socket[PID: 109 (klogd)]: family:1, type:1, protocol:0
[   13.957068] firmadyne: sys_socket[PID: 109 (klogd)]: family:1, type:2, protocol:0
nvram_set: lan_bipaddr = "192.168.1.255"
sem_get: Key: 410f01b4
sem_get: Key: 410f01b4
nvram_set: dhcp_server_enable = "1"
sem_get: Key: 410f01b4
sem_get: Key: 410f01b4
[   13.975684] firmadyne: sys_socket[PID: 109 (klogd)]: family:1, type:1, protocol:0
[   13.977011] firmadyne: sys_socket[PID: 109 (klogd)]: family:1, type:2, protocol:0
nvram_set: dhcp_start_ip = "192.168.1.2"
sem_get: Key: 410f01b4
sem_get: Key: 410f01b4
nvram_set: dhcp_end_ip = "192.168.1.254"
sem_get: Key: 410f01b4
[   13.995732] firmadyne: sys_socket[PID: 109 (klogd)]: family:1, type:1, protocol:0
[   13.997152] firmadyne: sys_socket[PID: 109 (klogd)]: family:1, type:2, protocol:0
sem_get: Key: 410f01b4
nvram_set: dhcp_reserved = ""
sem_get: Key: 410f01b4
sem_get: Key: 410f01b4
nvram_set: http_username = "admin"
sem_get: Key: 410f01b4
sem_get: Key: 410f01b4
[   14.019740] firmadyne: sys_socket[PID: 109 (klogd)]: family:1, type:1, protocol:0
[   14.021155] firmadyne: sys_socket[PID: 109 (klogd)]: family:1, type:2, protocol:0
nvram_set: http_password = "password"
sem_get: Key: 410f01b4
sem_get: Key: 410f01b4
nvram_set: http_timeout = "5"
sem_get: Key: 410f01b4
sem_get: Key: 410f01b4
nvram_set: rt_static_route = ""
[   14.044064] firmadyne: sys_socket[PID: 109 (klogd)]: family:1, type:1, protocol:0
[   14.045459] firmadyne: sys_socket[PID: 109 (klogd)]: family:1, type:2, protocol:0
sem_get: Key: 410f01b4
sem_get: Key: 410f01b4
nvram_set: rt_rip_version = "0"
sem_get: Key: 410f01b4
sem_get: Key: 410f01b4
nvram_set: rt_rip_direction = "both"
sem_get: Key: 410f01b4
sem_get: Key: 410f01b4[   14.067913] firmadyne: sys_socket[PID: 109 (klogd)]: family:1, type:1, protocol:0
[   14.069236] firmadyne: sys_socket[PID: 109 (klogd)]: family:1, type:2, protocol:0

nvram_set: ddns_enable = "0"
sem_get: Key: 410f01b4
sem_get: Key: 410f01b4
nvram_set: ddns_service_provider = "dyndns"
sem_get: Key: 410f01b4
sem_get: Key: 410f01b4
nvram_set: ddns_user_name[   14.091846] firmadyne: sys_socket[PID: 109 (klogd)]: family:1, type:1, protocol:0
[   14.093135] firmadyne: sys_socket[PID: 109 (klogd)]: family:1, type:2, protocol:0
 = ""
sem_get: Key: 410f01b4
sem_get: Key: 410f01b4
nvram_set: ddns_password = ""
sem_get: Key: 410f01b4
sem_get: Key: 410f01b4
nvram_set: ddns_host_name = ""
sem_get: Key: 410f01b4[   14.111776] firmadyne: sys_socket[PID: 109 (klogd)]: family:1, type:1, protocol:0
[   14.113174] firmadyne: sys_socket[PID: 109 (klogd)]: family:1, type:2, protocol:0
[   14.116286] e1000: eth0 NIC Link is Up 1000 Mbps Full Duplex, Flow Control: RX
[   14.118406] IPv6: ADDRCONF(NETDEV_CHANGE): eth0: link becomes ready

sem_get: Key: 410f01b4
nvram_set: ddns_use_wildcards = "0"
sem_get: Key: 410f01b4
[   14.131952] firmadyne: sys_socket[PID: 109 (klogd)]: family:1, type:1, protocol:0
[   14.133214] firmadyne: sys_socket[PID: 109 (klogd)]: family:1, type:2, protocol:0
sem_get: Key: 410f01b4
nvram_set: pppoe_username = ""
sem_get: Key: 410f01b4
sem_get: Key: 410f01b4
nvram_set: pppoe_password = ""
sem_get: Key: 410f01b4
[   14.151775] firmadyne: sys_socket[PID: 109 (klogd)]: family:1, type:1, protocol:0
[   14.153052] firmadyne: sys_socket[PID: 109 (klogd)]: family:1, type:2, protocol:0
sem_get: Key: 410f01b4
nvram_set: pppoe_idle = "5"
sem_get: Key: 410f01b4
sem_get: Key: 410f01b4
nvram_set: pppoe_service = ""
sem_get: Key: 410f01b4
sem_get: Key: 410f01b4[   14.171926] firmadyne: sys_socket[PID: 109 (klogd)]: family:1, type:1, protocol:0
[   14.173241] firmadyne: sys_socket[PID: 109 (klogd)]: family:1, type:2, protocol:0

nvram_set: pptpc_server = "10.0.0.138"
sem_get: Key: 410f01b4
sem_get: Key: 410f01b4
nvram_set: pppoa_username = "Guest"
sem_get: Key: 410f01b4
sem_get: Key: 410f01b4
nvram_set: [   14.195703] firmadyne: sys_socket[PID: 109 (klogd)]: family:1, type:1, protocol:0
[   14.197095] firmadyne: sys_socket[PID: 109 (klogd)]: family:1, type:2, protocol:0
pppoa_password = ""
sem_get: Key: 410f01b4
sem_get: Key: 410f01b4
nvram_set: pppoa_idle = "0"
sem_get: Key: 410f01b4
sem_get: Key: 410f01b4
nvram_set: pppoa_ipaddr = ""
sem_get: Key: 410f01b4
sem_get: Key: 410f01b4
[   14.219760] firmadyne: sys_socket[PID: 109 (klogd)]: family:1, type:1, protocol:0
[   14.221152] firmadyne: sys_socket[PID: 109 (klogd)]: family:1, type:2, protocol:0
[   14.223574] cfg80211: Calling CRDA to update world regulatory domain
nvram_set: wifi_ssid = "NETGEAR"
sem_get: Key: 410f01b4
sem_get: Key: 410f01b4
nvram_set: wifi_ssid2 = "NETGEAR_Guest"
sem_get: Key: 410f01b4
sem_get: Key: 410f01b4
nvram_set: wifi_ssid3 = "NETGEAR_Guest2"
sem_get: Key: [   14.247708] firmadyne: sys_socket[PID: 109 (klogd)]: family:1, type:1, protocol:0
[   14.248950] firmadyne: sys_socket[PID: 109 (klogd)]: family:1, type:2, protocol:0
410f01b4
sem_get: Key: 410f01b4
nvram_set: wifi_ssid4 = "NETGEAR_Guest3"
sem_get: Key: 410f01b4
sem_get: Key: 410f01b4
nvram_set: wifi_region = "Europe"
sem_get[   14.267921] firmadyne: sys_socket[PID: 109 (klogd)]: family:1, type:1, protocol:0
[   14.269191] firmadyne: sys_socket[PID: 109 (klogd)]: family:1, type:2, protocol:0
: Key: 410f01b4
sem_get: Key: 410f01b4
nvram_set: wifi_channel = "0"
sem_get: Key: 410f01b4
sem_get: Key: 410f01b4
nvram_set: wifi_auth_type = "3"
sem_get: Key: 410f01b4
sem_get: Key: 410f01b4
[   14.291664] firmadyne: sys_socket[PID: 109 (klogd)]: family:1, type:1, protocol:0
[   14.292891] firmadyne: sys_socket[PID: 109 (klogd)]: family:1, type:2, protocol:0
nvram_set: wifi_auth_type2 = "3"
sem_get: Key: 410f01b4
sem_get: Key: 410f01b4
nvram_set: wifi_auth_type3 = "3"
sem_get: Key: 410f01b4
sem_get: Key: 410f01b4
[   14.311638] firmadyne: sys_socket[PID: 109 (klogd)]: family:1, type:1, protocol:0
[   14.312884] firmadyne: sys_socket[PID: 109 (klogd)]: family:1, type:2, protocol:0
nvram_set: wifi_auth_type4 = "3"
sem_get: Key: 410f01b4
sem_get: Key: 410f01b4
nvram_set: wifi_key_len = "0"
sem_get: Key: 410f01b4
sem_get: Key: 410f01b4
[   14.331612] firmadyne: sys_socket[PID: 109 (klogd)]: family:1, type:1, protocol:0
[   14.332842] firmadyne: sys_socket[PID: 109 (klogd)]: family:1, type:2, protocol:0
nvram_set: wifi_key_len2 = "0"
sem_get: Key: 410f01b4
sem_get: Key: 410f01b4
nvram_set: wifi_key_len3 = "0"
sem_get: Key: 410f01b4
sem_get: Key: 410f01b4
nvram_set: [   14.351864] firmadyne: sys_socket[PID: 109 (klogd)]: family:1, type:1, protocol:0
[   14.353094] firmadyne: sys_socket[PID: 109 (klogd)]: family:1, type:2, protocol:0
wifi_key_len4 = "0"
sem_get: Key: 410f01b4
sem_get: Key: 410f01b4
nvram_set: wifi_def_key = "1"
sem_get: Key: 410f01b4
sem_get: Key: 410f01b4
nvram_set: wifi_def_key2 = "1"
[   14.371775] firmadyne: sys_socket[PID: 109 (klogd)]: family:1, type:1, protocol:0
[   14.373092] firmadyne: sys_socket[PID: 109 (klogd)]: family:1, type:2, protocol:0
sem_get: Key: 410f01b4
sem_get: Key: 410f01b4
nvram_set: wifi_def_key3 = "1"
sem_get: Key: 410f01b4
sem_get: Key: 410f01b4
nvram_set: wifi_def_key4 = "1"
sem_get: Key: [   14.391624] firmadyne: sys_socket[PID: 109 (klogd)]: family:1, type:1, protocol:0
[   14.392819] firmadyne: sys_socket[PID: 109 (klogd)]: family:1, type:2, protocol:0
410f01b4
sem_get: Key: 410f01b4
nvram_set: wifi_key1 = ""
sem_get: Key: 410f01b4
sem_get: Key: 410f01b4
nvram_set: wifi_key2 = ""
sem_get: Key: 410f01b4
sem_get: Key: 410f01b4
[   14.411887] firmadyne: sys_socket[PID: 109 (klogd)]: family:1, type:1, protocol:0
[   14.413213] firmadyne: sys_socket[PID: 109 (klogd)]: family:1, type:2, protocol:0
nvram_set: wifi_key3 = ""
sem_get: Key: 410f01b4
sem_get: Key: 410f01b4
nvram_set: wifi_key4 = ""
sem_get: Key: 410f01b4
sem_get: Key: 410f01b4
nvram_set: wifi_key12 = ""
sem_get: Key: 410f01b4
sem_get: Key: 410f01b4
[   14.435814] firmadyne: sys_socket[PID: 109 (klogd)]: family:1, type:1, protocol:0
[   14.437088] firmadyne: sys_socket[PID: 109 (klogd)]: family:1, type:2, protocol:0
nvram_set: wifi_key22 = ""
sem_get: Key: 410f01b4
sem_get: Key: 410f01b4
nvram_set: wifi_key32 = ""
sem_get: Key: 410f01b4
sem_get: Key: 410f01b4
nvram_set: wifi_key42 = ""
[   14.455629] firmadyne: sys_socket[PID: 109 (klogd)]: family:1, type:1, protocol:0
[   14.456820] firmadyne: sys_socket[PID: 109 (klogd)]: family:1, type:2, protocol:0
sem_get: Key: 410f01b4
sem_get: Key: 410f01b4
nvram_set: wifi_key13 = ""
sem_get: Key: 410f01b4
sem_get: Key: 410f01b4
nvram_set: wifi_key23 = ""
sem_get: Key: 410f01b4
sem_get: Key: 410f01b4
[   14.475654] firmadyne: sys_socket[PID: 109 (klogd)]: family:1, type:1, protocol:0
[   14.476868] firmadyne: sys_socket[PID: 109 (klogd)]: family:1, type:2, protocol:0
nvram_set: wifi_key33 = ""
sem_get: Key: 410f01b4
sem_get: Key: 410f01b4
nvram_set: wifi_key43 = ""
sem_get: Key: 410f01b4
sem_get: Key: 410f01b4
nvram_set: wifi_key14 = ""
[   14.495676] firmadyne: sys_socket[PID: 109 (klogd)]: family:1, type:1, protocol:0
[   14.496917] firmadyne: sys_socket[PID: 109 (klogd)]: family:1, type:2, protocol:0
sem_get: Key: 410f01b4
sem_get: Key: 410f01b4
nvram_set: wifi_key24 = ""
sem_get: Key: 410f01b4
sem_get: Key: 410f01b4
nvram_set: wifi_key34 = ""
sem_get: Key: 410f01b4
sem_get: Key: 410f01b4[   14.515769] firmadyne: sys_socket[PID: 109 (klogd)]: family:1, type:1, protocol:0
[   14.517046] firmadyne: sys_socket[PID: 109 (klogd)]: family:1, type:2, protocol:0

nvram_set: wifi_key44 = ""
sem_get: Key: 410f01b4
sem_get: Key: 410f01b4
nvram_set: wifi_psk_pwd = ""
sem_get: Key: 410f01b4
sem_get: Key: 410f01b4
[   14.535595] firmadyne: sys_socket[PID: 109 (klogd)]: family:1, type:1, protocol:0
[   14.536762] firmadyne: sys_socket[PID: 109 (klogd)]: family:1, type:2, protocol:0
nvram_set: wifi_psk_pwd2 = ""
sem_get: Key: 410f01b4
sem_get: Key: 410f01b4
nvram_set: wifi_psk_pwd3 = ""
sem_get: Key: 410f01b4
sem_get: Key: 410f01b4
nvram_set: wifi_psk_pwd4 = ""
sem_get: Key: 410f01b4
[   14.555815] firmadyne: sys_socket[PID: 109 (klogd)]: family:1, type:1, protocol:0
[   14.557009] firmadyne: sys_socket[PID: 109 (klogd)]: family:1, type:2, protocol:0
sem_get: Key: 410f01b4
nvram_set: wifi_access_control = "0"
sem_get: Key: 410f01b4
sem_get: Key: 410f01b4
nvram_set: wifi_access_list = ""
sem_get: Key: 410f01b4
sem_get[   14.575820] firmadyne: sys_socket[PID: 109 (klogd)]: family:1, type:1, protocol:0
[   14.577012] firmadyne: sys_socket[PID: 109 (klogd)]: family:1, type:2, protocol:0
: Key: 410f01b4
nvram_set: wifi_if_on = "1"
sem_get: Key: 410f01b4
sem_get: Key: 410f01b4
nvram_set: wifi_if_on2 = "0"
sem_get: Key: 410f01b4
sem_get: Key: 410f01b4
[   14.595635] firmadyne: sys_socket[PID: 109 (klogd)]: family:1, type:1, protocol:0
[   14.596875] firmadyne: sys_socket[PID: 109 (klogd)]: family:1, type:2, protocol:0
nvram_set: wifi_if_on3 = "0"
sem_get: Key: 410f01b4
sem_get: Key: 410f01b4
nvram_set: wifi_if_on4 = "0"
sem_get: Key: 410f01b4
sem_get: Key: 410f01b4
nvram_set[   14.615899] firmadyne: sys_socket[PID: 109 (klogd)]: family:1, type:1, protocol:0
[   14.617116] firmadyne: sys_socket[PID: 109 (klogd)]: family:1, type:2, protocol:0
: wifi_broadcast_ssid = "1"
sem_get: Key: 410f01b4
sem_get: Key: 410f01b4
nvram_set: wifi_broadcast_ssid2 = "1"
sem_get: Key: 410f01b4
sem_get: Key: 410f01b4
[   14.635659] firmadyne: sys_socket[PID: 109 (klogd)]: family:1, type:1, protocol:0
[   14.636880] firmadyne: sys_socket[PID: 109 (klogd)]: family:1, type:2, protocol:0
nvram_set: wifi_broadcast_ssid3 = "1"
sem_get: Key: 410f01b4
sem_get: Key: 410f01b4
nvram_set: wifi_broadcast_ssid4 = "1"
sem_get: Key: 410f01b4
sem_get: Key: 410f01b4
[   14.655612] firmadyne: sys_socket[PID: 109 (klogd)]: family:1, type:1, protocol:0
[   14.656849] firmadyne: sys_socket[PID: 109 (klogd)]: family:1, type:2, protocol:0
nvram_set: wifi_allow_guest2 = "0"
sem_get: Key: 410f01b4
sem_get: Key: 410f01b4
nvram_set: wifi_allow_guest3 = "0"
sem_get: Key: 410f01b4
sem_get: Key: 410f01b4
[   14.675655] firmadyne: sys_socket[PID: 109 (klogd)]: family:1, type:1, protocol:0
[   14.676874] firmadyne: sys_socket[PID: 109 (klogd)]: family:1, type:2, protocol:0
nvram_set: wifi_allow_guest4 = "0"
sem_get: Key: 410f01b4
sem_get: Key: 410f01b4
nvram_set: wifi_wep_on = "0"
sem_get: Key: 410f01b4
sem_get: Key: 410f01b4
nvram_set: wifi_wep_on2 = "[   14.695773] firmadyne: sys_socket[PID: 109 (klogd)]: family:1, type:1, protocol:0
[   14.697016] firmadyne: sys_socket[PID: 109 (klogd)]: family:1, type:2, protocol:0
0"
sem_get: Key: 410f01b4
sem_get: Key: 410f01b4
nvram_set: wifi_wep_on3 = "0"
sem_get: Key: 410f01b4
sem_get: Key: 410f01b4
nvram_set: wifi_wep_on4 = "0"
sem_get[   14.715879] firmadyne: sys_socket[PID: 109 (klogd)]: family:1, type:1, protocol:0
[   14.717110] firmadyne: sys_socket[PID: 109 (klogd)]: family:1, type:2, protocol:0
: Key: 410f01b4
sem_get: Key: 410f01b4
nvram_set: wifi_dot11_mode = "8"
sem_get: Key: 410f01b4
sem_get: Key: 410f01b4
nvram_set: wifi_dot11_iso = "0"
[   14.735824] firmadyne: sys_socket[PID: 109 (klogd)]: family:1, type:1, protocol:0
[   14.737096] firmadyne: sys_socket[PID: 109 (klogd)]: family:1, type:2, protocol:0
sem_get: Key: 410f01b4
sem_get: Key: 410f01b4
nvram_set: wifi_radius_port = "1812"
sem_get: Key: 410f01b4
sem_get: Key: 410f01b4
nvram_set: wifi_wds = "0"
sem_get: Key: [   14.756635] firmadyne: sys_socket[PID: 109 (klogd)]: family:1, type:1, protocol:0
[   14.757918] firmadyne: sys_socket[PID: 109 (klogd)]: family:1, type:2, protocol:0
410f01b4
sem_get: Key: 410f01b4
nvram_set: wifi_wds_apmode = "repeater"
sem_get: Key: 410f01b4
sem_get: Key: 410f01b4
nvram_set: wifi_wds_bridge0mac = "[   14.775703] firmadyne: sys_socket[PID: 109 (klogd)]: family:1, type:1, protocol:0
[   14.776971] firmadyne: sys_socket[PID: 109 (klogd)]: family:1, type:2, protocol:0
"
sem_get: Key: 410f01b4
sem_get: Key: 410f01b4
nvram_set: wifi_wds_bridge1mac = ""
sem_get: Key: 410f01b4
sem_get: Key: 410f01b4
nvram_set: wifi_wds_bridge2mac = ""
sem_get[   14.795650] firmadyne: sys_socket[PID: 109 (klogd)]: family:1, type:1, protocol:0
[   14.796880] firmadyne: sys_socket[PID: 109 (klogd)]: family:1, type:2, protocol:0
: Key: 410f01b4
sem_get: Key: 410f01b4
nvram_set: wifi_wds_bridge3mac = ""
sem_get: Key: 410f01b4
sem_get: Key: 410f01b4
nvram_set: wifi_wds_bridge4mac = ""
sem_get: Key: 410f01b4[   14.815856] firmadyne: sys_socket[PID: 109 (klogd)]: family:1, type:1, protocol:0
[   14.817124] firmadyne: sys_socket[PID: 109 (klogd)]: family:1, type:2, protocol:0

sem_get: Key: 410f01b4
nvram_set: wifi_wds_repeater1mac = ""
sem_get: Key: 410f01b4
sem_get: Key: 410f01b4
nvram_set: wifi_wds_repeater2mac = ""
sem_get: Key: 410f01b4
[   14.835613] firmadyne: sys_socket[PID: 109 (klogd)]: family:1, type:1, protocol:0
[   14.836827] firmadyne: sys_socket[PID: 109 (klogd)]: family:1, type:2, protocol:0
sem_get: Key: 410f01b4
nvram_set: wifi_wds_repeater3mac = ""
sem_get: Key: 410f01b4
sem_get: Key: 410f01b4
nvram_set: wifi_wds_repeater4mac = ""
sem_get: Key: 410f01b4
[   14.855672] firmadyne: sys_socket[PID: 109 (klogd)]: family:1, type:1, protocol:0
[   14.856902] firmadyne: sys_socket[PID: 109 (klogd)]: family:1, type:2, protocol:0
sem_get: Key: 410f01b4
nvram_set: wifi_frag_thre = "2346"
sem_get: Key: 410f01b4
sem_get: Key: 410f01b4
nvram_set: wifi_rts_thre = "2347"
sem_get: Key: 410f01b4
sem_get[   14.875929] firmadyne: sys_socket[PID: 109 (klogd)]: family:1, type:1, protocol:0
[   14.877209] firmadyne: sys_socket[PID: 109 (klogd)]: family:1, type:2, protocol:0
: Key: 410f01b4
nvram_set: wifi_enable_shortpreamble = "1"
sem_get: Key: 410f01b4
sem_get: Key: 410f01b4
nvram_set: wifi_ssid1 = "NETGEAR-DualBand-N"
sem_get: Key: 410f01b4
sem_get: Key: 410f01b4
[   14.899690] firmadyne: sys_socket[PID: 109 (klogd)]: family:1, type:1, protocol:0
[   14.900978] firmadyne: sys_socket[PID: 109 (klogd)]: family:1, type:2, protocol:0
nvram_set: wifi_ssid12 = "NETGEAR-5G_Guest1"
sem_get: Key: 410f01b4
sem_get: Key: 410f01b4
nvram_set: wifi_ssid13 = "NETGEAR-5G_Guest2"
sem_get: Key: 410f01b4
[   14.919614] firmadyne: sys_socket[PID: 109 (klogd)]: family:1, type:1, protocol:0
[   14.920829] firmadyne: sys_socket[PID: 109 (klogd)]: family:1, type:2, protocol:0
sem_get: Key: 410f01b4
nvram_set: wifi_ssid14 = "NETGEAR-5G_Guest3"
sem_get: Key: 410f01b4
sem_get: Key: 410f01b4
nvram_set: wifi_ssid12_bgn = "0"
sem_get: Key: 410f01b4[   14.939692] firmadyne: sys_socket[PID: 109 (klogd)]: family:1, type:1, protocol:0
[   14.940909] firmadyne: sys_socket[PID: 109 (klogd)]: family:1, type:2, protocol:0

sem_get: Key: 410f01b4
nvram_set: wifi_ssid12_abgn = "0"
sem_get: Key: 410f01b4
sem_get: Key: 410f01b4
nvram_set: wifi_region1 = "Asia"
sem_get: Key: 410f01b4
[   14.959619] firmadyne: sys_socket[PID: 109 (klogd)]: family:1, type:1, protocol:0
[   14.960865] firmadyne: sys_socket[PID: 109 (klogd)]: family:1, type:2, protocol:0
sem_get: Key: 410f01b4
nvram_set: wifi_channel1 = "36"
sem_get: Key: 410f01b4
sem_get: Key: 410f01b4
nvram_set: wifi_auth_type1 = "3"
sem_get: Key: 410f01b4
[   14.979659] firmadyne: sys_socket[PID: 109 (klogd)]: family:1, type:1, protocol:0
[   14.980952] firmadyne: sys_socket[PID: 109 (klogd)]: family:1, type:2, protocol:0
sem_get: Key: 410f01b4
nvram_set: wifi_auth_type12 = "3"
sem_get: Key: 410f01b4
sem_get: Key: 410f01b4
nvram_set: wifi_auth_type13 = "3"
sem_get: Key: 410f01b4
sem_get[   15.000045] firmadyne: sys_socket[PID: 109 (klogd)]: family:1, type:1, protocol:0
[   15.001332] firmadyne: sys_socket[PID: 109 (klogd)]: family:1, type:2, protocol:0
: Key: 410f01b4
nvram_set: wifi_auth_type14 = "3"
sem_get: Key: 410f01b4
sem_get: Key: 410f01b4
nvram_set: wifi_key_len1 = "0"
sem_get: Key: 410f01b4
sem_get: Key: 410f01b4
nvram_set: wifi_key_len12 = "0[   15.023670] firmadyne: sys_socket[PID: 109 (klogd)]: family:1, type:1, protocol:0
[   15.024910] firmadyne: sys_socket[PID: 109 (klogd)]: family:1, type:2, protocol:0
"
sem_get: Key: 410f01b4
sem_get: Key: 410f01b4
nvram_set: wifi_key_len13 = "0"
sem_get: Key: 410f01b4
sem_get: Key: 410f01b4
nvram_set: wifi_key_len14 = "0"
sem_get[   15.043874] firmadyne: sys_socket[PID: 109 (klogd)]: family:1, type:1, protocol:0
[   15.045131] firmadyne: sys_socket[PID: 109 (klogd)]: family:1, type:2, protocol:0
: Key: 410f01b4
sem_get: Key: 410f01b4
nvram_set: wifi_def_key1 = "1"
sem_get: Key: 410f01b4
sem_get: Key: 410f01b4
nvram_set: wifi_def_key12 = "1"
sem_get: Key: 410f01b4
sem_get: Key: 410f01b4
[   15.067658] firmadyne: sys_socket[PID: 109 (klogd)]: family:1, type:1, protocol:0
[   15.068871] firmadyne: sys_socket[PID: 109 (klogd)]: family:1, type:2, protocol:0
nvram_set: wifi_def_key13 = "1"
sem_get: Key: 410f01b4
sem_get: Key: 410f01b4
nvram_set: wifi_def_key14 = "1"
sem_get: Key: 410f01b4
sem_get: Key: 410f01b4
[   15.087676] firmadyne: sys_socket[PID: 109 (klogd)]: family:1, type:1, protocol:0
[   15.088878] firmadyne: sys_socket[PID: 109 (klogd)]: family:1, type:2, protocol:0
nvram_set: wifi_key11 = ""
sem_get: Key: 410f01b4
sem_get: Key: 410f01b4
nvram_set: wifi_key21 = ""
sem_get: Key: 410f01b4
sem_get: Key: 410f01b4
nvram_set: wifi_key31 = ""
sem_get: Key: [   15.107758] firmadyne: sys_socket[PID: 109 (klogd)]: family:1, type:1, protocol:0
[   15.109043] firmadyne: sys_socket[PID: 109 (klogd)]: family:1, type:2, protocol:0
410f01b4
sem_get: Key: 410f01b4
nvram_set: wifi_key41 = ""
sem_get: Key: 410f01b4
sem_get: Key: 410f01b4
nvram_set: wifi_key112 = ""
sem_get: Key: 410f01b4
[   15.127733] firmadyne: sys_socket[PID: 109 (klogd)]: family:1, type:1, protocol:0
[   15.128948] firmadyne: sys_socket[PID: 109 (klogd)]: family:1, type:2, protocol:0
sem_get: Key: 410f01b4
nvram_set: wifi_key212 = ""
sem_get: Key: 410f01b4
sem_get: Key: 410f01b4
nvram_set: wifi_key312 = ""
sem_get: Key: 410f01b4
sem_get: Key: 410f01b4
[   15.147718] firmadyne: sys_socket[PID: 109 (klogd)]: family:1, type:1, protocol:0
[   15.148992] firmadyne: sys_socket[PID: 109 (klogd)]: family:1, type:2, protocol:0
nvram_set: wifi_key412 = ""
sem_get: Key: 410f01b4
sem_get: Key: 410f01b4
nvram_set: wifi_key113 = ""
sem_get: Key: 410f01b4
sem_get: Key: 410f01b4
nvram_set: wifi_key213 = ""
[   15.167718] firmadyne: sys_socket[PID: 109 (klogd)]: family:1, type:1, protocol:0
[   15.168964] firmadyne: sys_socket[PID: 109 (klogd)]: family:1, type:2, protocol:0
sem_get: Key: 410f01b4
sem_get: Key: 410f01b4
nvram_set: wifi_key313 = ""
sem_get: Key: 410f01b4
sem_get: Key: 410f01b4
nvram_set: wifi_key413 = ""
sem_get: Key: 410f01b4
[   15.187703] firmadyne: sys_socket[PID: 109 (klogd)]: family:1, type:1, protocol:0
[   15.189059] firmadyne: sys_socket[PID: 109 (klogd)]: family:1, type:2, protocol:0
sem_get: Key: 410f01b4
nvram_set: wifi_key114 = ""
sem_get: Key: 410f01b4
sem_get: Key: 410f01b4
nvram_set: wifi_key214 = ""
sem_get: Key: 410f01b4
sem_get: Key: 410f01b4
[   15.207670] firmadyne: sys_socket[PID: 109 (klogd)]: family:1, type:1, protocol:0
[   15.208913] firmadyne: sys_socket[PID: 109 (klogd)]: family:1, type:2, protocol:0
nvram_set: wifi_key314 = ""
sem_get: Key: 410f01b4
sem_get: Key: 410f01b4
nvram_set: wifi_key414 = ""
sem_get: Key: 410f01b4
sem_get: Key: 410f01b4
nvram_set: wifi_psk_pwd1 = "[   15.227823] firmadyne: sys_socket[PID: 109 (klogd)]: family:1, type:1, protocol:0
[   15.229084] firmadyne: sys_socket[PID: 109 (klogd)]: family:1, type:2, protocol:0
"
sem_get: Key: 410f01b4
sem_get: Key: 410f01b4
nvram_set: wifi_psk_pwd12 = ""
sem_get: Key: 410f01b4
sem_get: Key: 410f01b4
nvram_set: wifi_psk_pwd13 = ""
sem_get: Key: 410f01b4
sem_get: Key: 410f01b4
[   15.251842] firmadyne: sys_socket[PID: 109 (klogd)]: family:1, type:1, protocol:0
[   15.253307] firmadyne: sys_socket[PID: 109 (klogd)]: family:1, type:2, protocol:0
nvram_set: wifi_psk_pwd14 = ""
sem_get: Key: 410f01b4
sem_get: Key: 410f01b4
nvram_set: wifi_access_control1 = "0"
sem_get: Key: 410f01b4
sem_get: Key: 410f01b4
nvram_set: wifi_access_list1 = ""
sem_get: Key: [   15.275838] firmadyne: sys_socket[PID: 109 (klogd)]: family:1, type:1, protocol:0
[   15.277028] firmadyne: sys_socket[PID: 109 (klogd)]: family:1, type:2, protocol:0
410f01b4
sem_get: Key: 410f01b4
nvram_set: wifi_if_on1 = "1"
sem_get: Key: 410f01b4
sem_get: Key: 410f01b4
nvram_set: wifi_if_on12 = "0"
sem_get: Key: 410f01b4
sem_get[   15.295889] firmadyne: sys_socket[PID: 109 (klogd)]: family:1, type:1, protocol:0
[   15.297181] firmadyne: sys_socket[PID: 109 (klogd)]: family:1, type:2, protocol:0
: Key: 410f01b4
nvram_set: wifi_if_on13 = "0"
sem_get: Key: 410f01b4
sem_get: Key: 410f01b4
nvram_set: wifi_if_on14 = "0"
sem_get: Key: 410f01b4
sem_get: Key: 410f01b4
[   15.319614] firmadyne: sys_socket[PID: 109 (klogd)]: family:1, type:1, protocol:0
[   15.320832] firmadyne: sys_socket[PID: 109 (klogd)]: family:1, type:2, protocol:0
nvram_set: wifi_broadcast_ssid1 = "1"
sem_get: Key: 410f01b4
sem_get: Key: 410f01b4
nvram_set: wifi_broadcast_ssid12 = "1"
sem_get: Key: 410f01b4
sem_get: Key: 410f01b4
nvram_set[   15.339713] firmadyne: sys_socket[PID: 109 (klogd)]: family:1, type:1, protocol:0
[   15.340925] firmadyne: sys_socket[PID: 109 (klogd)]: family:1, type:2, protocol:0
: wifi_broadcast_ssid13 = "1"
sem_get: Key: 410f01b4
sem_get: Key: 410f01b4
nvram_set: wifi_broadcast_ssid14 = "1"
sem_get: Key: 410f01b4
sem_get: Key: 410f01b4
nvram_set: [   15.359827] firmadyne: sys_socket[PID: 109 (klogd)]: family:1, type:1, protocol:0
[   15.361078] firmadyne: sys_socket[PID: 109 (klogd)]: family:1, type:2, protocol:0
wifi_allow_guest12 = "0"
sem_get: Key: 410f01b4
sem_get: Key: 410f01b4
nvram_set: wifi_allow_guest13 = "0"
sem_get: Key: 410f01b4
sem_get: Key: 410f01b4
nvram_set: wifi_allow_guest14[   15.379609] firmadyne: sys_socket[PID: 109 (klogd)]: family:1, type:1, protocol:0
[   15.380804] firmadyne: sys_socket[PID: 109 (klogd)]: family:1, type:2, protocol:0
 = "0"
sem_get: Key: 410f01b4
sem_get: Key: 410f01b4
nvram_set: wifi_wep_on1 = "0"
sem_get: Key: 410f01b4
sem_get: Key: 410f01b4
nvram_set: wifi_wep_on12 = "0"
sem_get: Key: 410f01b4[   15.399763] firmadyne: sys_socket[PID: 109 (klogd)]: family:1, type:1, protocol:0
[   15.400991] firmadyne: sys_socket[PID: 109 (klogd)]: family:1, type:2, protocol:0

sem_get: Key: 410f01b4
nvram_set: wifi_wep_on13 = "0"
sem_get: Key: 410f01b4
sem_get: Key: 410f01b4
nvram_set: wifi_wep_on14 = "0"
sem_get: Key: 410f01b4
sem_get[   15.419660] firmadyne: sys_socket[PID: 109 (klogd)]: family:1, type:1, protocol:0
[   15.420837] firmadyne: sys_socket[PID: 109 (klogd)]: family:1, type:2, protocol:0
: Key: 410f01b4
nvram_set: wifi_dot11_mode1 = "8"
sem_get: Key: 410f01b4
sem_get: Key: 410f01b4
nvram_set: wifi_dot11_iso2 = "0"
sem_get: Key: 410f01b4
sem_get: Key: 410f01b4
[   15.439634] firmadyne: sys_socket[PID: 109 (klogd)]: family:1, type:1, protocol:0
[   15.440876] firmadyne: sys_socket[PID: 109 (klogd)]: family:1, type:2, protocol:0
nvram_set: wifi_radius_port1 = "1812"
sem_get: Key: 410f01b4
sem_get: Key: 410f01b4
nvram_set: wifi_radius_rekey_secs = "3600"
sem_get: Key: 410f01b4
sem_get: Key: 410f01b4
[   15.459613] firmadyne: sys_socket[PID: 109 (klogd)]: family:1, type:1, protocol:0
[   15.460789] firmadyne: sys_socket[PID: 109 (klogd)]: family:1, type:2, protocol:0
nvram_set: wifi_radius_rekey_secs1 = "3600"
sem_get: Key: 410f01b4
sem_get: Key: 410f01b4
nvram_set: wifi_wds1 = "0"
sem_get: Key: 410f01b4
sem_get: Key: 410f01b4
[   15.479623] firmadyne: sys_socket[PID: 109 (klogd)]: family:1, type:1, protocol:0
[   15.480870] firmadyne: sys_socket[PID: 109 (klogd)]: family:1, type:2, protocol:0
nvram_set: wifi_wds_apmode1 = "point"
sem_get: Key: 410f01b4
sem_get: Key: 410f01b4
nvram_set: wifi_wds_bridge0mac1 = ""
sem_get: Key: 410f01b4
sem_get: Key: 410f01b4
[   15.499627] firmadyne: sys_socket[PID: 109 (klogd)]: family:1, type:1, protocol:0
[   15.500854] firmadyne: sys_socket[PID: 109 (klogd)]: family:1, type:2, protocol:0
nvram_set: wifi_wds_bridge1mac1 = ""
sem_get: Key: 410f01b4
sem_get: Key: 410f01b4
nvram_set: wifi_wds_bridge2mac1 = ""
sem_get: Key: 410f01b4
sem_get: Key: 410f01b4
nvram_set[   15.519860] firmadyne: sys_socket[PID: 109 (klogd)]: family:1, type:1, protocol:0
[   15.521111] firmadyne: sys_socket[PID: 109 (klogd)]: family:1, type:2, protocol:0
: wifi_wds_bridge3mac1 = ""
sem_get: Key: 410f01b4
sem_get: Key: 410f01b4
nvram_set: wifi_wds_bridge4mac1 = ""
sem_get: Key: 410f01b4
sem_get: Key: 410f01b4
nvram_set: wifi_wds_repeater1mac1[   15.540021] firmadyne: sys_socket[PID: 109 (klogd)]: family:1, type:1, protocol:0
[   15.541376] firmadyne: sys_socket[PID: 109 (klogd)]: family:1, type:2, protocol:0
 = ""
sem_get: Key: 410f01b4
sem_get: Key: 410f01b4
nvram_set: wifi_wds_repeater2mac1 = ""
sem_get: Key: 410f01b4
sem_get: Key: 410f01b4
nvram_set: wifi_wds_repeater3mac1 = ""
sem_get: Key: 410f01b4
sem_get: Key: 410f01b4[   15.563995] firmadyne: sys_socket[PID: 109 (klogd)]: family:1, type:1, protocol:0
[   15.565333] firmadyne: sys_socket[PID: 109 (klogd)]: family:1, type:2, protocol:0

nvram_set: wifi_wds_repeater4mac1 = ""
sem_get: Key: 410f01b4
sem_get: Key: 410f01b4
nvram_set: wifi_band = "2"
sem_get: Key: 410f01b4
sem_get: Key: 410f01b4
nvram_set: wifi_band1 = "2"
sem_get: Key: [   15.587586] firmadyne: sys_socket[PID: 109 (klogd)]: family:1, type:1, protocol:0
[   15.588767] firmadyne: sys_socket[PID: 109 (klogd)]: family:1, type:2, protocol:0
410f01b4
sem_get: Key: 410f01b4
nvram_set: wifi_keep_wep_page = "0"
sem_get: Key: 410f01b4
sem_get: Key: 410f01b4
nvram_set: wifi_dome_off = "0"
sem_get: Key: 410f01b4
[   15.607688] firmadyne: sys_socket[PID: 109 (klogd)]: family:1, type:1, protocol:0
[   15.608902] firmadyne: sys_socket[PID: 109 (klogd)]: family:1, type:2, protocol:0
sem_get: Key: 410f01b4
nvram_set: wifi_badge_led_enable = "1"
sem_get: Key: 410f01b4
sem_get: Key: 410f01b4
nvram_set: wifi_coexist_enabled = "1"
sem_get: Key: 410f01b4
[   15.627713] firmadyne: sys_socket[PID: 109 (klogd)]: family:1, type:1, protocol:0
[   15.628933] firmadyne: sys_socket[PID: 109 (klogd)]: family:1, type:2, protocol:0
sem_get: Key: 410f01b4
nvram_set: mail_enable = "0"
sem_get: Key: 410f01b4
sem_get: Key: 410f01b4
nvram_set: mail_logfull = "0"
sem_get: Key: 410f01b4
sem_get: Key: 410f01b4
[   15.647941] firmadyne: sys_socket[PID: 109 (klogd)]: family:1, type:1, protocol:0
[   15.649135] firmadyne: sys_socket[PID: 109 (klogd)]: family:1, type:2, protocol:0
nvram_set: mail_sendlog = "2"
sem_get: Key: 410f01b4
sem_get: Key: 410f01b4
nvram_set: mail_server = ""
sem_get: Key: 410f01b4
sem_get: Key: 410f01b4
nvram_set: [   15.667834] firmadyne: sys_socket[PID: 109 (klogd)]: family:1, type:1, protocol:0
[   15.669014] firmadyne: sys_socket[PID: 109 (klogd)]: family:1, type:2, protocol:0
mail_recipient = ""
sem_get: Key: 410f01b4
sem_get: Key: 410f01b4
nvram_set: mail_dos = "1"
sem_get: Key: 410f01b4
sem_get: Key: 410f01b4
nvram_set: mail_portscan = "1"
sem_get: Key: 410f01b4[   15.687755] firmadyne: sys_socket[PID: 109 (klogd)]: family:1, type:1, protocol:0
[   15.688919] firmadyne: sys_socket[PID: 109 (klogd)]: family:1, type:2, protocol:0

sem_get: Key: 410f01b4
nvram_set: mail_block = "1"
sem_get: Key: 410f01b4
sem_get: Key: 410f01b4
nvram_set: mail_sh_day = "0"
sem_get: Key: 410f01b4
sem_get: Key: [   15.707668] firmadyne: sys_socket[PID: 109 (klogd)]: family:1, type:1, protocol:0
[   15.708904] firmadyne: sys_socket[PID: 109 (klogd)]: family:1, type:2, protocol:0
410f01b4
nvram_set: mail_sh_hour = "1"
sem_get: Key: 410f01b4
sem_get: Key: 410f01b4
nvram_set: log_asites = "1"
sem_get: Key: 410f01b4
sem_get: Key: 410f01b4
[   15.727729] firmadyne: sys_socket[PID: 109 (klogd)]: family:1, type:1, protocol:0
[   15.728904] firmadyne: sys_socket[PID: 109 (klogd)]: family:1, type:2, protocol:0
nvram_set: log_block = "1"
sem_get: Key: 410f01b4
sem_get: Key: 410f01b4
nvram_set: log_dos = "1"
sem_get: Key: 410f01b4
sem_get: Key: 410f01b4
nvram_set: log_login = "1"
[   15.747695] firmadyne: sys_socket[PID: 109 (klogd)]: family:1, type:1, protocol:0
[   15.748878] firmadyne: sys_socket[PID: 109 (klogd)]: family:1, type:2, protocol:0
sem_get: Key: 410f01b4
sem_get: Key: 410f01b4
nvram_set: log_gateway = "1"
sem_get: Key: 410f01b4
sem_get: Key: 410f01b4
nvram_set: log_fwd = "1"
sem_get: Key: 410f01b4
[   15.767673] firmadyne: sys_socket[PID: 109 (klogd)]: family:1, type:1, protocol:0
[   15.768904] firmadyne: sys_socket[PID: 109 (klogd)]: family:1, type:2, protocol:0
sem_get: Key: 410f01b4
nvram_set: log_wlan = "1"
sem_get: Key: 410f01b4
sem_get: Key: 410f01b4
nvram_set: log_type = "0"
sem_get: Key: 410f01b4
sem_get: Key: 410f01b4
[   15.787595] firmadyne: sys_socket[PID: 109 (klogd)]: family:1, type:1, protocol:0
[   15.788891] firmadyne: sys_socket[PID: 109 (klogd)]: family:1, type:2, protocol:0
nvram_set: log_remote_ip = ""
sem_get: Key: 410f01b4
sem_get: Key: 410f01b4
nvram_set: fw_disable = "0"
sem_get: Key: 410f01b4
sem_get: Key: 410f01b4
nvram_set: fw_nat = "1"
sem_get[   15.807900] firmadyne: sys_socket[PID: 109 (klogd)]: family:1, type:1, protocol:0
[   15.809138] firmadyne: sys_socket[PID: 109 (klogd)]: family:1, type:2, protocol:0
: Key: 410f01b4
sem_get: Key: 410f01b4
nvram_set: fw_block = "0"
sem_get: Key: 410f01b4
sem_get: Key: 410f01b4
nvram_set: fw_block_keyword = ""
sem_get: Key: 410f01b4
[   15.827614] firmadyne: sys_socket[PID: 109 (klogd)]: family:1, type:1, protocol:0
[   15.828797] firmadyne: sys_socket[PID: 109 (klogd)]: family:1, type:2, protocol:0
sem_get: Key: 410f01b4
nvram_set: fw_block_trust_enable = "0"
sem_get: Key: 410f01b4
sem_get: Key: 410f01b4
nvram_set: fw_block_trust = ""
sem_get: Key: 410f01b4
[   15.847933] firmadyne: sys_socket[PID: 109 (klogd)]: family:1, type:1, protocol:0
[   15.849126] firmadyne: sys_socket[PID: 109 (klogd)]: family:1, type:2, protocol:0
sem_get: Key: 410f01b4
[   15.867566] firmadyne: sys_socket[PID: 109 (klogd)]: family:1, type:1, protocol:0
[   15.868753] firmadyne: sys_socket[PID: 109 (klogd)]: family:1, type:2, protocol:0
nvram_set: fw_services_def = "AIM:tcp:5190-5190Age-of-Empire:udp:47624-47624FTP:tcp:20-21HTTP:tcp:80-80ICUII:tcp:23566-23566IP_Phone:tcp:6670-6670NetMeeting:tcp:1720-1720News:tcp:119-119PPTP:tcp:1723-1723QuakeII/III:both:27960-27960Real-Audio:both:6970-7170Telnet:tcp:23-23"
sem_get: Key: 410f01b4
sem_get: Key: 410f01b4[   15.887856] firmadyne: sys_socket[PID: 109 (klogd)]: family:1, type:1, protocol:0
[   15.889049] firmadyne: sys_socket[PID: 109 (klogd)]: family:1, type:2, protocol:0

nvram_set: fw_services = ""
sem_get: Key: 410f01b4
sem_get: Key: 410f01b4
nvram_set: fw_in_rules = ""
sem_get: Key: 410f01b4
sem_get: Key: 410f01b4
nvram_set: fw_out_rules[   15.907625] firmadyne: sys_socket[PID: 109 (klogd)]: family:1, type:1, protocol:0
[   15.908853] firmadyne: sys_socket[PID: 109 (klogd)]: family:1, type:2, protocol:0
 = ""
sem_get: Key: 410f01b4
sem_get: Key: 410f01b4
nvram_set: fw_dmz_enable = "0"
sem_get: Key: 410f01b4
sem_get: Key: 410f01b4
nvram_set: fw_dmz = ""
sem_get[   15.927819] firmadyne: sys_socket[PID: 109 (klogd)]: family:1, type:1, protocol:0
[   15.929035] firmadyne: sys_socket[PID: 109 (klogd)]: family:1, type:2, protocol:0
: Key: 410f01b4
sem_get: Key: 410f01b4
nvram_set: fw_spi = "1"
sem_get: Key: 410f01b4
sem_get: Key: 410f01b4
nvram_set: fw_response_ping = "0"
sem_get: Key: 410f01b4
sem_get[   15.947729] firmadyne: sys_socket[PID: 109 (klogd)]: family:1, type:1, protocol:0
[   15.949008] firmadyne: sys_socket[PID: 109 (klogd)]: family:1, type:2, protocol:0
: Key: 410f01b4
nvram_set: fw_schedule = "1111111:00:00-24:00"
sem_get: Key: 410f01b4
sem_get: Key: 410f01b4
nvram_set: fw_time_zone = "GMTb"
sem_get: Key: 410f01b4
sem_get[   15.967716] firmadyne: sys_socket[PID: 109 (klogd)]: family:1, type:1, protocol:0
[   15.968944] firmadyne: sys_socket[PID: 109 (klogd)]: family:1, type:2, protocol:0
: Key: 410f01b4
nvram_set: fw_remote = "0"
sem_get: Key: 410f01b4
sem_get: Key: 410f01b4
nvram_set: fw_remote_type = ""
sem_get: Key: 410f01b4
sem_get: Key: 410f01b4
[   15.987619] firmadyne: sys_socket[PID: 109 (klogd)]: family:1, type:1, protocol:0
[   15.988788] firmadyne: sys_socket[PID: 109 (klogd)]: family:1, type:2, protocol:0
nvram_set: fw_remote_range_start = ""
sem_get: Key: 410f01b4
sem_get: Key: 410f01b4
nvram_set: fw_remote_range_end = ""
sem_get: Key: 410f01b4
sem_get: Key: 410f01b4
nvram_set: fw_remote_single[   16.007760] firmadyne: sys_socket[PID: 109 (klogd)]: family:1, type:1, protocol:0
[   16.008943] firmadyne: sys_socket[PID: 109 (klogd)]: family:1, type:2, protocol:0
 = ""
sem_get: Key: 410f01b4
sem_get: Key: 410f01b4
nvram_set: fw_remote_port = "8080"
sem_get: Key: 410f01b4
sem_get: Key: 410f01b4
nvram_set: fw_acc_lan = "0"
sem_get: Key: 410f01b4[   16.027953] firmadyne: sys_socket[PID: 109 (klogd)]: family:1, type:1, protocol:0
[   16.029123] firmadyne: sys_socket[PID: 109 (klogd)]: family:1, type:2, protocol:0

sem_get: Key: 410f01b4
nvram_set: fw_acc_port = "8080"
sem_get: Key: 410f01b4
sem_get: Key: 410f01b4
nvram_set: fw_import = "0"
sem_get: Key: 410f01b4
sem_get[   16.047692] firmadyne: sys_socket[PID: 109 (klogd)]: family:1, type:1, protocol:0
[   16.048897] firmadyne: sys_socket[PID: 109 (klogd)]: family:1, type:2, protocol:0
: Key: 410f01b4
nvram_set: fw_service_block = "0"
sem_get: Key: 410f01b4
sem_get: Key: 410f01b4
nvram_set: ntp_custom = "0"
sem_get: Key: 410f01b4
sem_get: Key: 410f01b4
[   16.067708] firmadyne: sys_socket[PID: 109 (klogd)]: family:1, type:1, protocol:0
[   16.068966] firmadyne: sys_socket[PID: 109 (klogd)]: family:1, type:2, protocol:0
nvram_set: ntp_server = ""
sem_get: Key: 410f01b4
sem_get: Key: 410f01b4
nvram_set: upnp_enable = "1"
sem_get: Key: 410f01b4
sem_get: Key: 410f01b4
[   16.087655] firmadyne: sys_socket[PID: 109 (klogd)]: family:1, type:1, protocol:0
[   16.089011] firmadyne: sys_socket[PID: 109 (klogd)]: family:1, type:2, protocol:0
nvram_set: upnp_adv_time = "30"
sem_get: Key: 410f01b4
sem_get: Key: 410f01b4
nvram_set: upnp_ttl = "4"
sem_get: Key: 410f01b4
sem_get: Key: 410f01b4
[   16.107641] firmadyne: sys_socket[PID: 109 (klogd)]: family:1, type:1, protocol:0
[   16.108933] firmadyne: sys_socket[PID: 109 (klogd)]: family:1, type:2, protocol:0
nvram_set: upnp_permission = "enable"
sem_get: Key: 410f01b4
sem_get: Key: 410f01b4
nvram_set: upnp_default = ""
sem_get: Key: 410f01b4
sem_get: Key: 410f01b4
