[    0.000000] Linux version 4.1.17+ (alessio@pc) (gcc version 5.5.0 20171010 (Ubuntu 5.5.0-12ubuntu1) ) #1 Mon May 15 23:04:08 CEST 2023
[    0.000000] earlycon: Early serial console at I/O port 0x3f8 (options '38400n8')
[    0.000000] bootconsole [uart0] enabled
[    0.000000] CPU0 revision is: 00019300 (MIPS 24Kc)
[    0.000000] FPU revision is: 00739300
[    0.000000] Software DMA cache coherency enabled
[    0.000000] Determined physical RAM map:
[    0.000000]  memory: 00001000 @ 00000000 (reserved)
[    0.000000]  memory: 000ef000 @ 00001000 (ROM data)
[    0.000000]  memory: 00798000 @ 000f0000 (reserved)
[    0.000000]  memory: 0f777000 @ 00888000 (usable)
[    0.000000] debug: ignoring loglevel setting.
[    0.000000] Wasting 69888 bytes for tracking 2184 unused pages
[    0.000000] Initrd not found or empty - disabling initrd
[    0.000000] Zone ranges:
[    0.000000]   DMA      [mem 0x0000000000000000-0x0000000000ffffff]
[    0.000000]   Normal   [mem 0x0000000001000000-0x000000000fffefff]
[    0.000000] Movable zone start for each node
[    0.000000] Early memory node ranges
[    0.000000]   node   0: [mem 0x0000000000000000-0x000000000fffefff]
[    0.000000] Initmem setup node 0 [mem 0x0000000000000000-0x000000000fffefff]
[    0.000000] On node 0 totalpages: 65535
[    0.000000] free_area_init_node: node 0, pgdat 8081d5b0, node_mem_map 81000000
[    0.000000]   DMA zone: 32 pages used for memmap
[    0.000000]   DMA zone: 0 pages reserved
[    0.000000]   DMA zone: 4096 pages, LIFO batch:0
[    0.000000]   Normal zone: 480 pages used for memmap
[    0.000000]   Normal zone: 61439 pages, LIFO batch:15
[    0.000000] Primary instruction cache 2kB, VIPT, 2-way, linesize 16 bytes.
[    0.000000] Primary data cache 2kB, 2-way, VIPT, no aliases, linesize 16 bytes
[    0.000000] pcpu-alloc: s0 r0 d32768 u32768 alloc=1*32768
[    0.000000] pcpu-alloc: [0] 0 
[    0.000000] Built 1 zonelists in Zone order, mobility grouping on.  Total pages: 65023
[    0.000000] Kernel command line: root=/dev/sda1 console=ttyS0 nandsim.parts=64,64,64,64,64,64,64,64,64,64 rdinit=/firmadyne/preInit.sh rw debug ignore_loglevel print-fatal-signals=1 FIRMAE_NET=true FIRMAE_NVRAM=true FIRMAE_KERNEL=true FIRMAE_ETC=true user_debug=0 firmadyne.syscall=1 noka
[    0.000000] found FIRMAE_KERNEL=t
[    0.000000] set the LD_PRELOAD=/firmadyne/libnvram_ioctl.so
[    0.000000] PID hash table entries: 1024 (order: 0, 4096 bytes)
[    0.000000] Dentry cache hash table entries: 32768 (order: 5, 131072 bytes)
[    0.000000] Inode-cache hash table entries: 16384 (order: 4, 65536 bytes)
[    0.000000] Writing ErrCtl register=00000000
[    0.000000] Readback ErrCtl register=00000000
[    0.000000] Memory: 251112K/262140K available (5360K kernel code, 244K rwdata, 1676K rodata, 260K init, 158K bss, 11028K reserved, 0K cma-reserved)
[    0.000000] NR_IRQS:256
[    0.000000] CPU frequency 200.00 MHz
[    0.000000] clocksource MIPS: mask: 0xffffffff max_cycles: 0xffffffff, max_idle_ns: 19112182467 ns
[    0.000177] sched_clock: 32 bits at 100MHz, resolution 9ns, wraps every 21474362363ns
[    0.012426] Console: colour dummy device 80x25
[    0.013436] Calibrating delay loop... 32.76 BogoMIPS (lpj=65536)
[    0.069555] pid_max: default: 32768 minimum: 301
[    0.073112] Mount-cache hash table entries: 1024 (order: 0, 4096 bytes)
[    0.073728] Mountpoint-cache hash table entries: 1024 (order: 0, 4096 bytes)
[    0.128809] clocksource jiffies: mask: 0xffffffff max_cycles: 0xffffffff, max_idle_ns: 7645041785100000 ns
[    0.138403] NET: Registered protocol family 16
[    0.383642] clocksource pit: mask: 0xffffffff max_cycles: 0xffffffff, max_idle_ns: 1601818034827 ns
[    0.515025] vgaarb: loaded
[    0.520027] SCSI subsystem initialized
[    0.522242] libata version 3.00 loaded.
[    0.525986] usbcore: registered new interface driver usbfs
[    0.527236] usbcore: registered new interface driver hub
[    0.528168] usbcore: registered new device driver usb
[    0.530518] pps_core: LinuxPPS API ver. 1 registered
[    0.530861] pps_core: Software ver. 5.3.6 - Copyright 2005-2007 Rodolfo Giometti <giometti@linux.it>
[    0.531668] PTP clock support registered
[    0.535808] PCI host bridge to bus 0000:00
[    0.536463] pci_bus 0000:00: root bus resource [mem 0x10000000-0x17ffffff]
[    0.537116] pci_bus 0000:00: root bus resource [io  0x1000-0x1fffff]
[    0.537634] pci_bus 0000:00: root bus resource [??? 0x00000000 flags 0x0]
[    0.538132] pci_bus 0000:00: No busn resource found for root bus, will use [bus 00-ff]
[    0.539294] pci 0000:00:00.0: [11ab:4620] type 00 class 0x060000
[    0.540141] pci 0000:00:00.0: [Firmware Bug]: reg 0x14: invalid BAR (can't size)
[    0.540646] pci 0000:00:00.0: [Firmware Bug]: reg 0x18: invalid BAR (can't size)
[    0.541299] pci 0000:00:00.0: [Firmware Bug]: reg 0x1c: invalid BAR (can't size)
[    0.541821] pci 0000:00:00.0: [Firmware Bug]: reg 0x20: invalid BAR (can't size)
[    0.542339] pci 0000:00:00.0: [Firmware Bug]: reg 0x24: invalid BAR (can't size)
[    0.546134] pci 0000:00:0a.0: [8086:7110] type 00 class 0x060100
[    0.549052] pci 0000:00:0a.1: [8086:7111] type 00 class 0x010180
[    0.549926] pci 0000:00:0a.1: reg 0x20: [io  0x0000-0x000f]
[    0.550444] pci 0000:00:0a.1: legacy IDE quirk: reg 0x10: [io  0x01f0-0x01f7]
[    0.550936] pci 0000:00:0a.1: legacy IDE quirk: reg 0x14: [io  0x03f6]
[    0.551420] pci 0000:00:0a.1: legacy IDE quirk: reg 0x18: [io  0x0170-0x0177]
[    0.551913] pci 0000:00:0a.1: legacy IDE quirk: reg 0x1c: [io  0x0376]
[    0.554750] pci 0000:00:0a.2: [8086:7112] type 00 class 0x0c0300
[    0.555344] pci 0000:00:0a.2: reg 0x20: [io  0x0000-0x001f]
[    0.558190] pci 0000:00:0a.3: [8086:7113] type 00 class 0x068000
[    0.559259] pci 0000:00:0a.3: quirk: [io  0x1000-0x103f] claimed by PIIX4 ACPI
[    0.559779] pci 0000:00:0a.3: quirk: [io  0x1100-0x110f] claimed by PIIX4 SMB
[    0.562661] pci 0000:00:12.0: [1013:00b8] type 00 class 0x030000
[    0.563216] pci 0000:00:12.0: reg 0x10: [mem 0x00000000-0x01ffffff pref]
[    0.563711] pci 0000:00:12.0: reg 0x14: [mem 0x00000000-0x00000fff]
[    0.564273] pci 0000:00:12.0: reg 0x30: [mem 0x00000000-0x0000ffff pref]
[    0.566606] vgaarb: device added: PCI:0000:00:12.0,decodes=io+mem,owns=none,locks=none
[    0.567657] pci 0000:00:13.0: [8086:100e] type 00 class 0x020000
[    0.568183] pci 0000:00:13.0: reg 0x10: [mem 0x00000000-0x0001ffff]
[    0.568651] pci 0000:00:13.0: reg 0x14: [io  0x0000-0x003f]
[    0.569188] pci 0000:00:13.0: reg 0x30: [mem 0x00000000-0x0003ffff pref]
[    0.571921] pci 0000:00:14.0: [8086:100e] type 00 class 0x020000
[    0.572435] pci 0000:00:14.0: reg 0x10: [mem 0x00000000-0x0001ffff]
[    0.572908] pci 0000:00:14.0: reg 0x14: [io  0x0000-0x003f]
[    0.573442] pci 0000:00:14.0: reg 0x30: [mem 0x00000000-0x0003ffff pref]
[    0.576341] pci 0000:00:15.0: [8086:100e] type 00 class 0x020000
[    0.576871] pci 0000:00:15.0: reg 0x10: [mem 0x00000000-0x0001ffff]
[    0.577358] pci 0000:00:15.0: reg 0x14: [io  0x0000-0x003f]
[    0.577892] pci 0000:00:15.0: reg 0x30: [mem 0x00000000-0x0003ffff pref]
[    0.580670] pci 0000:00:16.0: [8086:100e] type 00 class 0x020000
[    0.581194] pci 0000:00:16.0: reg 0x10: [mem 0x00000000-0x0001ffff]
[    0.581679] pci 0000:00:16.0: reg 0x14: [io  0x0000-0x003f]
[    0.582201] pci 0000:00:16.0: reg 0x30: [mem 0x00000000-0x0003ffff pref]
[    0.585077] pci_bus 0000:00: busn_res: [bus 00-ff] end is updated to 00
[    0.586414] pci 0000:00:12.0: BAR 0: assigned [mem 0x10000000-0x11ffffff pref]
[    0.587224] pci 0000:00:13.0: BAR 6: assigned [mem 0x12000000-0x1203ffff pref]
[    0.587798] pci 0000:00:14.0: BAR 6: assigned [mem 0x12040000-0x1207ffff pref]
[    0.588341] pci 0000:00:15.0: BAR 6: assigned [mem 0x12080000-0x120bffff pref]
[    0.588884] pci 0000:00:16.0: BAR 6: assigned [mem 0x120c0000-0x120fffff pref]
[    0.589415] pci 0000:00:13.0: BAR 0: assigned [mem 0x12100000-0x1211ffff]
[    0.589941] pci 0000:00:14.0: BAR 0: assigned [mem 0x12120000-0x1213ffff]
[    0.590462] pci 0000:00:15.0: BAR 0: assigned [mem 0x12140000-0x1215ffff]
[    0.591107] pci 0000:00:16.0: BAR 0: assigned [mem 0x12160000-0x1217ffff]
[    0.591705] pci 0000:00:12.0: BAR 6: assigned [mem 0x12180000-0x1218ffff pref]
[    0.592261] pci 0000:00:12.0: BAR 1: assigned [mem 0x12190000-0x12190fff]
[    0.592810] pci 0000:00:13.0: BAR 1: assigned [io  0x1040-0x107f]
[    0.593292] pci 0000:00:14.0: BAR 1: assigned [io  0x1080-0x10bf]
[    0.593790] pci 0000:00:15.0: BAR 1: assigned [io  0x10c0-0x10ff]
[    0.594296] pci 0000:00:16.0: BAR 1: assigned [io  0x1400-0x143f]
[    0.594783] pci 0000:00:0a.2: BAR 4: assigned [io  0x1440-0x145f]
[    0.595449] pci 0000:00:0a.1: BAR 4: assigned [io  0x1460-0x146f]
[    0.610867] cfg80211: Calling CRDA to update world regulatory domain
[    0.623297] Switched to clocksource MIPS
[    0.721701] NET: Registered protocol family 2
[    0.732237] TCP established hash table entries: 2048 (order: 1, 8192 bytes)
[    0.733205] TCP bind hash table entries: 2048 (order: 1, 8192 bytes)
[    0.734109] TCP: Hash tables configured (established 2048 bind 2048)
[    0.735041] UDP hash table entries: 256 (order: 0, 4096 bytes)
[    0.735769] UDP-Lite hash table entries: 256 (order: 0, 4096 bytes)
[    0.739053] NET: Registered protocol family 1
[    0.740661] PCI: Enabling device 0000:00:0a.2 (0000 -> 0001)
[    0.741976] PCI: CLS 0 bytes, default 16
[    0.770574] futex hash table entries: 256 (order: -1, 3072 bytes)
[    0.785282] squashfs: version 4.0 (2009/01/31) Phillip Lougher
[    0.787558] jffs2: version 2.2. (NAND) Â© 2001-2006 Red Hat, Inc.
[    0.790415] romfs: ROMFS MTD (C) 2007 Red Hat, Inc.
[    0.811712] Block layer SCSI generic (bsg) driver version 0.4 loaded (major 251)
[    0.812287] io scheduler noop registered
[    0.812909] io scheduler cfq registered (default)
[    0.813764] firmadyne: devfs: 1, execute: 1, procfs: 1, syscall: 1
[    0.818823] firmadyne: Cannot register character device: gpio, 0xfc, 0x0!
[    0.826480] firmadyne: Cannot register character device: watchdog, 0xa, 0x82!
[    0.826938] firmadyne: Cannot register character device: wdt, 0xfd, 0x0!
[    2.377759] strName = 4.1.17+
[    2.377759] init_task_addr  = 2155778944
[    2.377759] init_task_size  = 1296
[    2.377759] ts_tasks        = 292
[    2.377759] ts_pid          = 408
[    2.377759] ts_tgid         = 412
[    2.377759] ts_group_leader = 440
[    2.377759] ts_thread_group = 496
[    2.377759] ts_real_parent  = 416
[    2.377759] ts_mm           = 300
[    2.377759] ts_stack        = 4
[    2.380290] module_name   = 12
[    2.380290] module_size   = 208
[    2.380290] module_init   = 200
[    2.380290] module_list   = 4
[    2.381211] ts_real_cred    = 624
[    2.381211] ts_cred         = 628
[    2.381211] ts_comm         = 632
[    2.381211] cred_uid        = 4
[    2.381211] cred_gid        = 8
[    2.381211] cred_euid       = 20
[    2.381211] cred_egid       = 24
[    2.382695] mm_mmap         = 0
[    2.382695] mm_pgd          = 32
[    2.382695] mm_arg_start    = 136
[    2.382695] mm_start_brk    = 124
[    2.382695] mm_brk          = 128
[    2.382695] mm_start_stack  = 132
[    2.384156] vma_vm_start    = 0
[    2.384156] vma_vm_end      = 4
[    2.384156] vma_vm_next     = 8
[    2.384156] vma_vm_file     = 80
[    2.384156] vma_vm_flags    = 40
[    2.384156] vma_vm_pgoff    = 76
[    2.385403] file_dentry     = 12
[    2.385403] file_inode      = 40
[    2.385403] dentry_d_name   = 24
[    2.385403] dentry_d_iname  = 44
[    2.385403] dentry_d_parent = 16
[    2.385403] ti_task         = 0
[    2.385403] inode_ino   = 28
[    3.352439] proc_fork_connector  = 2151078840
[    3.352809] proc_exit_connector  = 2151080432
[    3.353127] proc_exec_connector  = 2151079052
[    3.353432] vma_link  = 2149124372
[    3.353704] vma_adjust  = 2149124540
[    3.353989] remove_vma  = 2149122188
[    3.354259] modules  = 2155833724
[    3.354526] trim_init_extable  = 2150545316
[    3.358050] PCI: Enabling device 0000:00:12.0 (0000 -> 0002)
[    3.359512] cirrusfb 0000:00:12.0: Cirrus Logic chipset on PCI bus, RAM (4096 kB) at 0x10000000
[    3.594913] Console: switching to colour frame buffer device 80x30
[    3.655744] Serial: 8250/16550 driver, 4 ports, IRQ sharing enabled
[    3.668560] console [ttyS0] disabled
[    3.695561] serial8250.0: ttyS0 at I/O 0x3f8 (irq = 4, base_baud = 115200) is a 16550A
[    3.696672] console [ttyS0] enabled
[    3.696672] console [ttyS0] enabled
[    3.697201] bootconsole [uart0] disabled
[    3.697201] bootconsole [uart0] disabled
[    3.727561] serial8250.0: ttyS1 at I/O 0x2f8 (irq = 3, base_baud = 115200) is a 16550A
[    3.760430] cfg80211: Calling CRDA to update world regulatory domain
[    3.837550] brd: module loaded
[    3.893851] loop: module loaded
[    3.899746] ata_piix 0000:00:0a.1: version 2.13
[    3.900301] PCI: Enabling device 0000:00:0a.1 (0000 -> 0001)
[    3.923170] scsi host0: ata_piix
[    3.928282] scsi host1: ata_piix
[    3.931681] ata1: PATA max UDMA/33 cmd 0x1f0 ctl 0x3f6 bmdma 0x1460 irq 14
[    3.932181] ata2: PATA max UDMA/33 cmd 0x170 ctl 0x376 bmdma 0x1468 irq 15
[    3.938334] [nandsim] warning: read_byte: unexpected data output cycle, state is STATE_READY return 0x0
[    3.938874] [nandsim] warning: read_byte: unexpected data output cycle, state is STATE_READY return 0x0
[    3.939544] [nandsim] warning: read_byte: unexpected data output cycle, state is STATE_READY return 0x0
[    3.940085] [nandsim] warning: read_byte: unexpected data output cycle, state is STATE_READY return 0x0
[    3.940615] [nandsim] warning: read_byte: unexpected data output cycle, state is STATE_READY return 0x0
[    3.941125] [nandsim] warning: read_byte: unexpected data output cycle, state is STATE_READY return 0x0
[    3.941810] nand: device found, Manufacturer ID: 0x98, Chip ID: 0x39
[    3.942191] nand: Toshiba NAND 128MiB 1,8V 8-bit
[    3.942539] nand: 128 MiB, SLC, erase size: 16 KiB, page size: 512, OOB size: 16
[    3.944184] flash size: 128 MiB
[    3.944420] page size: 512 bytes
[    3.944650] OOB area size: 16 bytes
[    3.944888] sector size: 16 KiB
[    3.945108] pages number: 262144
[    3.945334] pages per sector: 32
[    3.945553] bus width: 8
[    3.945757] bits in sector size: 14
[    3.945997] bits in page size: 9
[    3.946226] bits in OOB size: 4
[    3.946452] flash size with OOB: 135168 KiB
[    3.946713] page address bytes: 4
[    3.946946] sector address bytes: 3
[    3.947204] options: 0x42
[    4.020453] Scanning device for bad blocks
[    5.069123] ata2.01: NODEV after polling detection
[    5.069861] ata1.01: NODEV after polling detection
[    5.071849] ata2.00: ATAPI: QEMU DVD-ROM, 2.5+, max UDMA/100
[    5.074033] ata1.00: ATA-7: QEMU HARDDISK, 2.5+, max UDMA/100
[    5.074469] ata1.00: 2097152 sectors, multi 16: LBA48 
[    5.079776] ata2.00: configured for UDMA/33
[    5.081645] ata1.00: configured for UDMA/33
[    5.089879] scsi 0:0:0:0: Direct-Access     ATA      QEMU HARDDISK    2.5+ PQ: 0 ANSI: 5
[    5.104514] sd 0:0:0:0: [sda] 2097152 512-byte logical blocks: (1.07 GB/1.00 GiB)
[    5.106029] scsi 1:0:0:0: CD-ROM            QEMU     QEMU DVD-ROM     2.5+ PQ: 0 ANSI: 5
[    5.118144] sd 0:0:0:0: [sda] Write Protect is off
[    5.118631] sd 0:0:0:0: [sda] Mode Sense: 00 3a 00 00
[    5.120174] sd 0:0:0:0: [sda] Write cache: enabled, read cache: enabled, doesn't support DPO or FUA
[    5.130740] Creating 11 MTD partitions on "NAND 128MiB 1,8V 8-bit":
[    5.131559] 0x000000000000-0x000000100000 : "NAND simulator partition 0"
[    5.141784] 0x000000100000-0x000000200000 : "NAND simulator partition 1"
[    5.151682] 0x000000200000-0x000000300000 : "NAND simulator partition 2"
[    5.161535] 0x000000300000-0x000000400000 : "NAND simulator partition 3"
[    5.171524] 0x000000400000-0x000000500000 : "NAND simulator partition 4"
[    5.181475] 0x000000500000-0x000000600000 : "NAND simulator partition 5"
[    5.191931] 0x000000600000-0x000000700000 : "NAND simulator partition 6"
[    5.202265] 0x000000700000-0x000000800000 : "NAND simulator partition 7"
[    5.212673] 0x000000800000-0x000000900000 : "NAND simulator partition 8"
[    5.222310] 0x000000900000-0x000000a00000 : "NAND simulator partition 9"
[    5.232038] 0x000000a00000-0x000008000000 : "NAND simulator partition 10"
[    5.278035] tun: Universal TUN/TAP device driver, 1.6
[    5.278591] tun: (C) 1999-2004 Max Krasnyansky <maxk@qualcomm.com>
[    5.284690] pcnet32: pcnet32.c:v1.35 21.Apr.2008 tsbogend@alpha.franken.de
[    5.286918] e1000: Intel(R) PRO/1000 Network Driver - version 7.3.21-k8-NAPI
[    5.287989] e1000: Copyright (c) 1999-2006 Intel Corporation.
[    5.289608] PCI: Enabling device 0000:00:13.0 (0000 -> 0003)
[    5.293019]  sda: sda1
[    5.305768] sd 0:0:0:0: [sda] Attached SCSI disk
[    5.584536] e1000 0000:00:13.0 eth0: (PCI:33MHz:32-bit) 52:54:00:12:34:56
[    5.585192] e1000 0000:00:13.0 eth0: Intel(R) PRO/1000 Network Connection
[    5.585947] PCI: Enabling device 0000:00:14.0 (0000 -> 0003)
[    5.878341] e1000 0000:00:14.0 eth1: (PCI:33MHz:32-bit) 52:54:00:12:34:57
[    5.878816] e1000 0000:00:14.0 eth1: Intel(R) PRO/1000 Network Connection
[    5.879540] PCI: Enabling device 0000:00:15.0 (0000 -> 0003)
[    6.178173] e1000 0000:00:15.0 eth2: (PCI:33MHz:32-bit) 52:54:00:12:34:58
[    6.178656] e1000 0000:00:15.0 eth2: Intel(R) PRO/1000 Network Connection
[    6.179341] PCI: Enabling device 0000:00:16.0 (0000 -> 0003)
[    6.477375] e1000 0000:00:16.0 eth3: (PCI:33MHz:32-bit) 52:54:00:12:34:59
[    6.477842] e1000 0000:00:16.0 eth3: Intel(R) PRO/1000 Network Connection
[    6.478975] e1000e: Intel(R) PRO/1000 Network Driver - 2.3.2-k
[    6.479393] e1000e: Copyright(c) 1999 - 2014 Intel Corporation.
[    6.483339] PPP generic driver version 2.4.2
[    6.485294] PPP Deflate Compression module registered
[    6.485958] PPP MPPE Compression module registered
[    6.486344] NET: Registered protocol family 24
[    6.487063] ehci_hcd: USB 2.0 'Enhanced' Host Controller (EHCI) Driver
[    6.487662] ehci-pci: EHCI PCI platform driver
[    6.488724] ohci_hcd: USB 1.1 'Open' Host Controller (OHCI) Driver
[    6.489168] ohci-pci: OHCI PCI platform driver
[    6.490189] uhci_hcd: USB Universal Host Controller Interface driver
[    6.491864] uhci_hcd 0000:00:0a.2: UHCI Host Controller
[    6.492585] uhci_hcd 0000:00:0a.2: new USB bus registered, assigned bus number 1
[    6.493564] uhci_hcd 0000:00:0a.2: irq 11, io base 0x00001440
[    6.503905] hub 1-0:1.0: USB hub found
[    6.504612] hub 1-0:1.0: 2 ports detected
[    6.513098] usbcore: registered new interface driver usb-storage
[    6.517092] mousedev: PS/2 mouse device common for all mice
[    6.523373] rtc_cmos rtc_cmos: rtc core: registered rtc_cmos as rtc0
[    6.524156] rtc_cmos rtc_cmos: alarms up to one day, 242 bytes nvram
[    6.525577] i2c /dev entries driver
[    6.526777] piix4_smbus 0000:00:0a.3: SMBus Host Controller at 0x1100, revision 0
[    6.531428] sdhci: Secure Digital Host Controller Interface driver
[    6.531810] sdhci: Copyright(c) Pierre Ossman
[    6.534039] hidraw: raw HID events driver (C) Jiri Kosina
[    6.551898] usbcore: registered new interface driver usbhid
[    6.552266] usbhid: USB HID core driver
[    6.553343] Netfilter messages via NETLINK v0.30.
[    6.554698] nf_conntrack version 0.5.0 (3923 buckets, 15692 max)
[    6.557997] ctnetlink v0.93: registering with nfnetlink.
[    6.563519] ipip: IPv4 over IPv4 tunneling driver
[    6.575740] ip_tables: (C) 2000-2006 Netfilter Core Team
[    6.578373] arp_tables: (C) 2002 David S. Miller
[    6.580246] Initializing XFRM netlink socket
[    6.581399] NET: Registered protocol family 10
[    6.601720] ip6_tables: (C) 2000-2006 Netfilter Core Team
[    6.605419] sit: IPv6 over IPv4 tunneling driver
[    6.622481] NET: Registered protocol family 17
[    6.623637] bridge: automatic filtering via arp/ip/ip6tables has been deprecated. Update your scripts to load br_netfilter if you need this.
[    6.624754] Bridge firewalling registered
[    6.625158] Ebtables v2.0 registered
[    6.629326] 8021q: 802.1Q VLAN Support v1.8
[    6.650854] rtc_cmos rtc_cmos: setting system clock to 2025-07-23 16:37:58 UTC (1753288678)
[    6.672680] EXT2-fs (sda1): warning: mounting unchecked fs, running e2fsck is recommended
[    6.674809] VFS: Mounted root (ext2 filesystem) on device 8:1.
[    6.683891] Freeing YAMON memory: 956k freed
[    6.694459] Freeing unused kernel memory: 260K (8081f000 - 80860000)
[    6.707572] spurious 8259A interrupt: IRQ7.
[    6.786045] firmadyne: sys_reboot[PID: 48 (init)]: magic1:fee1dead, magic2:28121969, cmd:0
init started:  BusyBox v1.00 (2009.03.06-06:20+0000) multi-call binary
init started:  BusyBox v1.00 (2009.03.06-06:20+0000) multi-call binary
Starting pid 50, console /dev/ttyS0: '/usr/etc/rcS'
[    6.903582] cfg80211: Calling CRDA to update world regulatory domain
[    7.023206] firmadyne: do_execve: /firmadyne/console
[    7.023957] OFFSETS: offset of pid: 0x198 offset of comm: 0x278
insmod: cannot open module `/lib/modules/vnet.ko': No such file or directory
[   10.047652] cfg80211: Calling CRDA to update world regulatory domain
[   10.435501] firmadyne: ioctl: 0x1
insmod finish
BcmAtm_Initialize: open error 6
/usr/sbin/atmctl: ATM driver return code, state error
BcmAdsl : open error 6
/usr/sbin/adslctl: BcmAdsl_Initialize error
BcmAdsl : open error 6
/usr/sbin/adslctl->ConnectionHandler: BcmAdsl_ConnectionStart error
BcmAtm_Initialize: open error 6
ATM Operation Failed , 2 
/usr/sbin/atmctl: ATM driver return code, state error
[   10.746834] random: nonblocking pool is initialized
[   10.774544] firmadyne: sys_socket[PID: 103 (brctl)]: family:2, type:2, protocol:0
[   10.827242] firmadyne: sys_socket[PID: 104 (brctl)]: family:2, type:2, protocol:0
[   10.872541] firmadyne: sys_socket[PID: 105 (ifconfig)]: family:2, type:1, protocol:0
[   10.887982] IPv6: ADDRCONF(NETDEV_UP): eth0: link is not ready
[   10.888538] 8021q: adding VLAN 0 to HW filter on device eth0
[   10.893194] e1000: eth0 NIC Link is Up 1000 Mbps Full Duplex, Flow Control: RX
[   10.894959] IPv6: ADDRCONF(NETDEV_CHANGE): eth0: link becomes ready
[   10.941251] firmadyne: sys_socket[PID: 106 (brctl)]: family:2, type:2, protocol:0
[   10.942607] firmadyne: sys_socket[PID: 106 (brctl)]: family:10, type:1, protocol:0
[   10.944635] firmadyne: br_add_if[PID: 106 (brctl)]: br:br0 dev:eth0
[   10.949848] device eth0 entered promiscuous mode
[   10.997398] firmadyne: sys_socket[PID: 107 (ifconfig)]: family:2, type:1, protocol:0
[   11.006543] IPv6: ADDRCONF(NETDEV_UP): eth1: link is not ready
[   11.007123] 8021q: adding VLAN 0 to HW filter on device eth1
[   11.011235] e1000: eth1 NIC Link is Up 1000 Mbps Full Duplex, Flow Control: RX
[   11.012479] IPv6: ADDRCONF(NETDEV_CHANGE): eth1: link becomes ready
[   11.053687] firmadyne: sys_socket[PID: 108 (brctl)]: family:2, type:2, protocol:0
[   11.054971] firmadyne: sys_socket[PID: 108 (brctl)]: family:10, type:1, protocol:0
[   11.057834] firmadyne: br_add_if[PID: 108 (brctl)]: br:br0 dev:eth1
[   11.062204] device eth1 entered promiscuous mode
[   11.155720] firmadyne: sys_socket[PID: 110 (ifconfig)]: family:2, type:1, protocol:0
[   11.158291] firmadyne: __inet_insert_ifa[PID: 110 (ifconfig)]: device:lo ifa:0x7f000001
[   11.161632] firmadyne: __inet_insert_ifa[PID: 110 (ifconfig)]: device:lo ifa:0x7f000001
[   11.214980] firmadyne: sys_socket[PID: 111 (route)]: family:2, type:1, protocol:0
[   11.460567] firmadyne: sys_socket[PID: 114 (klogd)]: family:1, type:1, protocol:0
[   11.462444] firmadyne: sys_socket[PID: 114 (klogd)]: family:1, type:2, protocol:0
[   11.471230] firmadyne: sys_socket[PID: 114 (klogd)]: family:1, type:1, protocol:0
[   11.478388] firmadyne: sys_socket[PID: 114 (klogd)]: family:1, type:2, protocol:0
[   11.480978] firmadyne: sys_socket[PID: 114 (klogd)]: family:1, type:1, protocol:0
[   11.482106] firmadyne: sys_socket[PID: 114 (klogd)]: family:1, type:2, protocol:0
[   11.492821] firmadyne: sys_socket[PID: 114 (klogd)]: family:1, type:1, protocol:0
[   11.494025] firmadyne: sys_socket[PID: 114 (klogd)]: family:1, type:2, protocol:0
[   11.501473] firmadyne: sys_socket[PID: 114 (klogd)]: family:1, type:1, protocol:0
[   11.502659] firmadyne: sys_socket[PID: 114 (klogd)]: family:1, type:2, protocol:0
[   11.505076] firmadyne: sys_socket[PID: 114 (klogd)]: family:1, type:1, protocol:0
[   11.506170] firmadyne: sys_socket[PID: 114 (klogd)]: family:1, type:2, protocol:0
[   11.516769] firmadyne: sys_socket[PID: 114 (klogd)]: family:1, type:1, protocol:0
[   11.517967] firmadyne: sys_socket[PID: 114 (klogd)]: family:1, type:2, protocol:0
[   11.524569] firmadyne: sys_socket[PID: 114 (klogd)]: family:1, type:1, protocol:0
[   11.525765] firmadyne: sys_socket[PID: 114 (klogd)]: family:1, type:2, protocol:0
[   11.532353] firmadyne: sys_socket[PID: 114 (klogd)]: family:1, type:1, protocol:0
[   11.533556] firmadyne: sys_socket[PID: 114 (klogd)]: family:1, type:2, protocol:0
nvram_init: Initializing NVRAM...
[   11.540084] firmadyne: sys_socket[PID: 114 (klogd)]: family:1, type:1, protocol:0
[   11.541319] firmadyne: sys_socket[PID: 114 (klogd)]: family:1, type:2, protocol:0
sem_get: Key: 4101c003
[   11.550739] firmadyne: sys_socket[PID: 114 (klogd)]: family:1, type:1, protocol:0
[   11.552147] firmadyne: sys_socket[PID: 114 (klogd)]: family:1, type:2, protocol:0
[   11.554444] firmadyne: sys_socket[PID: 114 (klogd)]: family:1, type:1, protocol:0
sem_get: Key: 410f00a4
nvram_set_default_builtin[   11.560209] firmadyne: sys_socket[PID: 114 (klogd)]: family:1, type:2, protocol:0
[   11.562458] firmadyne: sys_socket[PID: 114 (klogd)]: family:1, type:1, protocol:0
[   11.564916] firmadyne: sys_socket[PID: 114 (klogd)]: family:1, type:2, protocol:0
[   11.567214] firmadyne: sys_socket[PID: 114 (klogd)]: family:1, type:1, protocol:0
[   11.568507] firmadyne: sys_socket[PID: 114 (klogd)]: family:1, type:2, protocol:0
[   11.570752] firmadyne: sys_socket[PID: 114 (klogd)]: family:1, type:1, protocol:0
: Setting built-in default values!
nvram_set: console_loglevel = "7"
sem_get: Key: 410f00a4
[   11.580283] firmadyne: sys_socket[PID: 114 (klogd)]: family:1, type:2, protocol:0
[   11.582554] firmadyne: sys_socket[PID: 114 (klogd)]: family:1, type:1, protocol:0
sem_get: Key: 410f00a4
nvram_set: restore_defaults = "[   11.588321] firmadyne: sys_socket[PID: 114 (klogd)]: family:1, type:2, protocol:0
[   11.590666] firmadyne: sys_socket[PID: 114 (klogd)]: family:1, type:1, protocol:0
1"
sem_get: Key: 410f00a4
sem_get[   11.596127] firmadyne: sys_socket[PID: 114 (klogd)]: family:1, type:2, protocol:0
[   11.598395] firmadyne: sys_socket[PID: 114 (klogd)]: family:1, type:1, protocol:0
: Key: 410f00a4
nvram_set: sku_name = ""
[   11.603707] firmadyne: sys_socket[PID: 114 (klogd)]: family:1, type:2, protocol:0
[   11.605946] firmadyne: sys_socket[PID: 114 (klogd)]: family:1, type:1, protocol:0
[   11.607130] firmadyne: sys_socket[PID: 114 (klogd)]: family:1, type:2, protocol:0
sem_get: Key: 410f00a4
sem_get: Key: 410f00a4
nvram_set: wla_wlanstate = ""
sem_get: Key: [   11.617359] firmadyne: sys_socket[PID: 114 (klogd)]: family:1, type:1, protocol:0
[   11.618557] firmadyne: sys_socket[PID: 114 (klogd)]: family:1, type:2, protocol:0
[   11.621130] firmadyne: sys_socket[PID: 114 (klogd)]: family:1, type:1, protocol:0
[   11.622235] firmadyne: sys_socket[PID: 114 (klogd)]: family:1, type:2, protocol:0
410f00a4
sem_get: Key: 410f00a4
[   11.628713] firmadyne: sys_socket[PID: 114 (klogd)]: family:1, type:1, protocol:0
[   11.629892] firmadyne: sys_socket[PID: 114 (klogd)]: family:1, type:2, protocol:0
nvram_set: lan_if = "br0"
sem_get: Key: 410f00a4
[   11.636501] firmadyne: sys_socket[PID: 114 (klogd)]: family:1, type:1, protocol:0
[   11.637712] firmadyne: sys_socket[PID: 114 (klogd)]: family:1, type:2, protocol:0
sem_get: Key: 410f00a4
nvram_set: lan_ipaddr[   11.644292] firmadyne: sys_socket[PID: 114 (klogd)]: family:1, type:1, protocol:0
[   11.645491] firmadyne: sys_socket[PID: 114 (klogd)]: family:1, type:2, protocol:0
 = "192.168.0.50"
sem_get: Key: 410f00a4
sem_get[   11.652344] firmadyne: sys_socket[PID: 114 (klogd)]: family:1, type:1, protocol:0
[   11.653580] firmadyne: sys_socket[PID: 114 (klogd)]: family:1, type:2, protocol:0
: Key: 410f00a4
nvram_set: lan_bipaddr = "192.168.0.255"
[   11.660082] firmadyne: sys_socket[PID: 114 (klogd)]: family:1, type:1, protocol:0
[   11.661324] firmadyne: sys_socket[PID: 114 (klogd)]: family:1, type:2, protocol:0
sem_get: Key: 410f00a4
sem_get: Key: 410f00a4
[   11.668129] firmadyne: sys_socket[PID: 114 (klogd)]: family:1, type:1, protocol:0
[   11.669365] firmadyne: sys_socket[PID: 114 (klogd)]: family:1, type:2, protocol:0
nvram_set: lan_netmask = "255.255.255.0"
sem_get: Key: 410f00a4
sem_get: Key: [   11.680267] firmadyne: sys_socket[PID: 114 (klogd)]: family:1, type:1, protocol:0
[   11.681500] firmadyne: sys_socket[PID: 114 (klogd)]: family:1, type:2, protocol:0
410f00a4
nvram_set: time_zone = "PST8PDT"
sem_get[   11.688333] firmadyne: sys_socket[PID: 114 (klogd)]: family:1, type:1, protocol:0
[   11.689543] firmadyne: sys_socket[PID: 114 (klogd)]: family:1, type:2, protocol:0
: Key: 410f00a4
sem_get: Key: 410f00a4
[   11.696168] firmadyne: sys_socket[PID: 114 (klogd)]: family:1, type:1, protocol:0
[   11.697393] firmadyne: sys_socket[PID: 114 (klogd)]: family:1, type:2, protocol:0
nvram_set: wan_hwaddr_def = "01:23:45:67:89:ab"
sem_get: Key: 410f00a4
[   11.704177] firmadyne: sys_socket[PID: 114 (klogd)]: family:1, type:1, protocol:0
[   11.705399] firmadyne: sys_socket[PID: 114 (klogd)]: family:1, type:2, protocol:0
[   11.707897] firmadyne: sys_socket[PID: 114 (klogd)]: family:1, type:1, protocol:0
[   11.709089] firmadyne: sys_socket[PID: 114 (klogd)]: family:1, type:2, protocol:0
sem_get: Key: 410f00a4
nvram_set: [   11.715893] firmadyne: sys_socket[PID: 114 (klogd)]: family:1, type:1, protocol:0
[   11.717144] firmadyne: sys_socket[PID: 114 (klogd)]: family:1, type:2, protocol:0
wan_ifname = "eth0"
sem_get: Key: 410f00a4
[   11.724249] firmadyne: sys_socket[PID: 114 (klogd)]: family:1, type:1, protocol:0
[   11.725444] firmadyne: sys_socket[PID: 114 (klogd)]: family:1, type:2, protocol:0
sem_get: Key: 410f00a4
nvram_set: lan_ifnames = "eth1 eth2 eth3 eth4[   11.732026] firmadyne: sys_socket[PID: 114 (klogd)]: family:1, type:1, protocol:0
[   11.733189] firmadyne: sys_socket[PID: 114 (klogd)]: family:1, type:2, protocol:0
"
sem_get: Key: 410f00a4
sem_get: Key: 410f00a4[   11.740009] firmadyne: sys_socket[PID: 114 (klogd)]: family:1, type:1, protocol:0
[   11.741241] firmadyne: sys_socket[PID: 114 (klogd)]: family:1, type:2, protocol:0

nvram_set: ethConver = "1"
sem_get[   11.747852] firmadyne: sys_socket[PID: 114 (klogd)]: family:1, type:1, protocol:0
[   11.749079] firmadyne: sys_socket[PID: 114 (klogd)]: family:1, type:2, protocol:0
[   11.751380] firmadyne: sys_socket[PID: 114 (klogd)]: family:1, type:1, protocol:0
: Key: 410f00a4
sem_get: Key: 410f00a4
nvram_set: lan_proto = "dhcp"
sem_get[   11.760018] firmadyne: sys_socket[PID: 114 (klogd)]: family:1, type:2, protocol:0
[   11.762209] firmadyne: sys_socket[PID: 114 (klogd)]: family:1, type:1, protocol:0
[   11.763591] firmadyne: sys_socket[PID: 114 (klogd)]: family:1, type:2, protocol:0
: Key: 410f00a4
sem_get: Key: 410f00a4
nvram_set: wan_ipaddr = "0.0.0.0"
[   11.773214] firmadyne: sys_socket[PID: 114 (klogd)]: family:1, type:1, protocol:0
[   11.774355] firmadyne: sys_socket[PID: 114 (klogd)]: family:1, type:2, protocol:0
[   11.777039] firmadyne: sys_socket[PID: 114 (klogd)]: family:1, type:1, protocol:0
[   11.778190] firmadyne: sys_socket[PID: 114 (klogd)]: family:1, type:2, protocol:0
sem_get: Key: 410f00a4
sem_get: Key: 410f00a4
[   11.784976] firmadyne: sys_socket[PID: 114 (klogd)]: family:1, type:1, protocol:0
[   11.786123] firmadyne: sys_socket[PID: 114 (klogd)]: family:1, type:2, protocol:0
nvram_set: wan_netmask = "255.255.255.0"
sem_get: Key: [   11.792471] firmadyne: sys_socket[PID: 114 (klogd)]: family:1, type:1, protocol:0
[   11.793655] firmadyne: sys_socket[PID: 114 (klogd)]: family:1, type:2, protocol:0
410f00a4
sem_get: Key: 410f00a4
[   11.800098] firmadyne: sys_socket[PID: 114 (klogd)]: family:1, type:1, protocol:0
[   11.801298] firmadyne: sys_socket[PID: 114 (klogd)]: family:1, type:2, protocol:0
nvram_set: wanif = "eth0"
sem_get: Key: 410f00a4
[   11.807984] firmadyne: sys_socket[PID: 114 (klogd)]: family:1, type:1, protocol:0
[   11.809140] firmadyne: sys_socket[PID: 114 (klogd)]: family:1, type:2, protocol:0
[   11.811337] firmadyne: sys_socket[PID: 114 (klogd)]: family:1, type:1, protocol:0
sem_get: Key: 410f00a4
nvram_set: time_zone_x = "0"
sem_get: Key: 410f00a4
[   11.820057] firmadyne: sys_socket[PID: 114 (klogd)]: family:1, type:2, protocol:0
[   11.822308] firmadyne: sys_socket[PID: 114 (klogd)]: family:1, type:1, protocol:0
[   11.823818] firmadyne: sys_socket[PID: 114 (klogd)]: family:1, type:2, protocol:0
[   11.826200] firmadyne: sys_socket[PID: 114 (klogd)]: family:1, type:1, protocol:0
[   11.827346] firmadyne: sys_socket[PID: 114 (klogd)]: family:1, type:2, protocol:0
sem_get: Key: 410f00a4
nvram_set: rip_multicast = "0"
sem_get: Key: 410f00a4
[   11.837224] firmadyne: sys_socket[PID: 114 (klogd)]: family:1, type:1, protocol:0
[   11.838353] firmadyne: sys_socket[PID: 114 (klogd)]: family:1, type:2, protocol:0
sem_get: Key: 410f00a4
nvram_set: [   11.844722] firmadyne: sys_socket[PID: 114 (klogd)]: family:1, type:1, protocol:0
[   11.845880] firmadyne: sys_socket[PID: 114 (klogd)]: family:1, type:2, protocol:0
bs_trustedip_enable = "0"
sem_get: Key: 410f00a4
[   11.852327] firmadyne: sys_socket[PID: 114 (klogd)]: family:1, type:1, protocol:0
[   11.853522] firmadyne: sys_socket[PID: 114 (klogd)]: family:1, type:2, protocol:0
sem_get: Key: 410f00a4
nvram_set: et0macaddr = "01:23:45:67:89:ab[   11.859968] firmadyne: sys_socket[PID: 114 (klogd)]: family:1, type:1, protocol:0
[   11.861183] firmadyne: sys_socket[PID: 114 (klogd)]: family:1, type:2, protocol:0
[   11.863332] firmadyne: sys_socket[PID: 114 (klogd)]: family:1, type:1, protocol:0
"
sem_get: Key: 410f00a4
[   11.867948] firmadyne: sys_socket[PID: 114 (klogd)]: family:1, type:2, protocol:0
[   11.870192] firmadyne: sys_socket[PID: 114 (klogd)]: family:1, type:1, protocol:0
[   11.871348] firmadyne: sys_socket[PID: 114 (klogd)]: family:1, type:2, protocol:0
sem_get: Key: 410f00a4
nvram_set: filter_rule_tbl = ""
sem_get: Key: 410f00a4
sem_get: Key: [   11.881092] firmadyne: sys_socket[PID: 114 (klogd)]: family:1, type:1, protocol:0
[   11.882197] firmadyne: sys_socket[PID: 114 (klogd)]: family:1, type:2, protocol:0
410f00a4
nvram_set: pppoe2_schedule_config = "127:0:0:23:59"
[   11.888506] firmadyne: sys_socket[PID: 114 (klogd)]: family:1, type:1, protocol:0
[   11.889694] firmadyne: sys_socket[PID: 114 (klogd)]: family:1, type:2, protocol:0
sem_get: Key: 410f00a4
sem_get: Key: 410f00a4
[   11.896289] firmadyne: sys_socket[PID: 114 (klogd)]: family:1, type:1, protocol:0
[   11.897480] firmadyne: sys_socket[PID: 114 (klogd)]: family:1, type:2, protocol:0
nvram_set: schedule_config = "127:0:0:23:59"
sem_get: Key: [   11.903990] firmadyne: sys_socket[PID: 114 (klogd)]: family:1, type:1, protocol:0
[   11.905210] firmadyne: sys_socket[PID: 114 (klogd)]: family:1, type:2, protocol:0
410f00a4
sem_get: Key: 410f00a4
[   11.911607] firmadyne: sys_socket[PID: 114 (klogd)]: family:1, type:1, protocol:0
[   11.912773] firmadyne: sys_socket[PID: 114 (klogd)]: family:1, type:2, protocol:0
[   11.914943] firmadyne: sys_socket[PID: 114 (klogd)]: family:1, type:1, protocol:0
nvram_set: access_control_mode = "0"
sem_get: Key: 410f00a4[   11.919960] firmadyne: sys_socket[PID: 114 (klogd)]: family:1, type:2, protocol:0
[   11.922189] firmadyne: sys_socket[PID: 114 (klogd)]: family:1, type:1, protocol:0

sem_get: Key: 410f00a4
[   11.927809] firmadyne: sys_socket[PID: 114 (klogd)]: family:1, type:2, protocol:0
[   11.930046] firmadyne: sys_socket[PID: 114 (klogd)]: family:1, type:1, protocol:0
[   11.931184] firmadyne: sys_socket[PID: 114 (klogd)]: family:1, type:2, protocol:0
nvram_set: fwpt_df_count = "0"
sem_get: Key: [   11.937084] firmadyne: sys_socket[PID: 114 (klogd)]: family:1, type:1, protocol:0
[   11.938203] firmadyne: sys_socket[PID: 114 (klogd)]: family:1, type:2, protocol:0
410f00a4
sem_get: Key: 410f00a4
[   11.944571] firmadyne: sys_socket[PID: 114 (klogd)]: family:1, type:1, protocol:0
[   11.945698] firmadyne: sys_socket[PID: 114 (klogd)]: family:1, type:2, protocol:0
nvram_set: static_if_status = "1"
sem_get: Key: 410f00a4
[   11.952392] firmadyne: sys_socket[PID: 114 (klogd)]: family:1, type:1, protocol:0
[   11.953568] firmadyne: sys_socket[PID: 114 (klogd)]: family:1, type:2, protocol:0
sem_get: Key: 410f00a4
nvram_set: www_relocation = "[   11.960418] firmadyne: sys_socket[PID: 114 (klogd)]: family:1, type:1, protocol:0
[   11.961567] firmadyne: sys_socket[PID: 114 (klogd)]: family:1, type:2, protocol:0
"
sem_get: Key: 410f00a4
sem_get[   11.968302] firmadyne: sys_socket[PID: 114 (klogd)]: family:1, type:1, protocol:0
[   11.969469] firmadyne: sys_socket[PID: 114 (klogd)]: family:1, type:2, protocol:0
: Key: 410f00a4
nvram_set: usb_info_dev0 = "A200396E0402FF83@1@14.4G@U@1@USB_Storage;U:;0;0@[   11.976247] firmadyne: sys_socket[PID: 114 (klogd)]: family:1, type:1, protocol:0
[   11.977430] firmadyne: sys_socket[PID: 114 (klogd)]: family:1, type:2, protocol:0
"
sem_get: Key: 410f00a4
sem_get: Key: 410f00a4[   11.984153] firmadyne: sys_socket[PID: 114 (klogd)]: family:1, type:1, protocol:0
[   11.985290] firmadyne: sys_socket[PID: 114 (klogd)]: family:1, type:2, protocol:0

nvram_set: usb_info_dev1 = "A200396E0402FF83@1@14.4G@U@1@USB_Storage;U:;0;0@"
[   11.991689] firmadyne: sys_socket[PID: 114 (klogd)]: family:1, type:1, protocol:0
[   11.992900] firmadyne: sys_socket[PID: 114 (klogd)]: family:1, type:2, protocol:0
[   11.995123] firmadyne: sys_socket[PID: 114 (klogd)]: family:1, type:1, protocol:0
sem_get: Key: 410f00a4
sem_get: Key: 410f00a4[   12.000332] firmadyne: sys_socket[PID: 114 (klogd)]: family:1, type:2, protocol:0
[   12.002564] firmadyne: sys_socket[PID: 114 (klogd)]: family:1, type:1, protocol:0

nvram_set: usb_info_dev2 = "A200396E0402FF83@1@14.4G@U@1@USB_Storage;U:;0;0@"
[   12.007863] firmadyne: sys_socket[PID: 114 (klogd)]: family:1, type:2, protocol:0
[   12.010160] firmadyne: sys_socket[PID: 114 (klogd)]: family:1, type:1, protocol:0
[   12.011323] firmadyne: sys_socket[PID: 114 (klogd)]: family:1, type:2, protocol:0
sem_get: Key: 410f00a4
sem_get: Key: 410f00a4
nvram_set: usb_info_dev3 = "A200396E0402FF83@1@14.4G@U@1@USB_Storage;U:;0;0@"
[   12.021226] firmadyne: sys_socket[PID: 114 (klogd)]: family:1, type:1, protocol:0
[   12.022376] firmadyne: sys_socket[PID: 114 (klogd)]: family:1, type:2, protocol:0
sem_get: Key: 410f00a4
sem_get: Key: 410f00a4
[   12.029255] firmadyne: sys_socket[PID: 114 (klogd)]: family:1, type:1, protocol:0
[   12.030405] firmadyne: sys_socket[PID: 114 (klogd)]: family:1, type:2, protocol:0
nvram_set: usb_info_dev4 = "A200396E0402FF83@1@14.4G@U@1@USB_Storage;U:;0;0@"
sem_get[   12.037046] firmadyne: sys_socket[PID: 114 (klogd)]: family:1, type:1, protocol:0
[   12.038249] firmadyne: sys_socket[PID: 114 (klogd)]: family:1, type:2, protocol:0
: Key: 410f00a4
sem_get: Key: 410f00a4
[   12.044595] firmadyne: sys_socket[PID: 114 (klogd)]: family:1, type:1, protocol:0
[   12.045718] firmadyne: sys_socket[PID: 114 (klogd)]: family:1, type:2, protocol:0
nvram_set: usb_info_dev5 = "A200396E0402FF83@1@14.4G@U@1@USB_Storage;U:;0;0@"
sem_get: Key: 410f00a4[   12.052379] firmadyne: sys_socket[PID: 114 (klogd)]: family:1, type:1, protocol:0
[   12.053563] firmadyne: sys_socket[PID: 114 (klogd)]: family:1, type:2, protocol:0
[   12.057860] firmadyne: sys_socket[PID: 114 (klogd)]: family:1, type:1, protocol:0
[   12.059004] firmadyne: sys_socket[PID: 114 (klogd)]: family:1, type:2, protocol:0

sem_get: Key: 410f00a4
nvram_set: usb_info_dev6 = "A200396E0402FF83@1@14.4G@U@1@USB_Storage;U:;0;0@"
sem_get: Key: 410f00a4
sem_get: Key: 410f00a4
nvram_set: usb_info_dev7 = "A200396E0402FF83@1@14.4G@U@1@USB_Storage;U:;0;0@"
[   12.083815] firmadyne: sys_socket[PID: 114 (klogd)]: family:1, type:1, protocol:0
[   12.085058] firmadyne: sys_socket[PID: 114 (klogd)]: family:1, type:2, protocol:0
[   12.087539] firmadyne: sys_socket[PID: 114 (klogd)]: family:1, type:1, protocol:0
sem_get: Key: 410f00a4
sem_get: Key: 410f00a4
nvram_set[   12.096125] firmadyne: sys_socket[PID: 114 (klogd)]: family:1, type:2, protocol:0
[   12.098454] firmadyne: sys_socket[PID: 114 (klogd)]: family:1, type:1, protocol:0
: usb_info_dev8 = "A200396E0402FF83@1@14.4G@U@1@USB_Storage;U:;0;0@"
sem_get: Key: 410f00a4
[   12.103928] firmadyne: sys_socket[PID: 114 (klogd)]: family:1, type:2, protocol:0
[   12.106290] firmadyne: sys_socket[PID: 114 (klogd)]: family:1, type:1, protocol:0
sem_get: Key: 410f00a4
nvram_set: [   12.111738] firmadyne: sys_socket[PID: 114 (klogd)]: family:1, type:2, protocol:0
[   12.114042] firmadyne: sys_socket[PID: 114 (klogd)]: family:1, type:1, protocol:0
[   12.115306] firmadyne: sys_socket[PID: 114 (klogd)]: family:1, type:2, protocol:0
usb_info_dev9 = "A200396E0402FF83@1@14.4G@U@1@USB_Storage;U:;0;0@"
sem_get: Key: 410f00a4
sem_get: Key: 410f00a4
[   12.125029] firmadyne: sys_socket[PID: 114 (klogd)]: family:1, type:1, protocol:0
[   12.126200] firmadyne: sys_socket[PID: 114 (klogd)]: family:1, type:2, protocol:0
[   12.128742] firmadyne: sys_socket[PID: 114 (klogd)]: family:1, type:1, protocol:0
[   12.129840] firmadyne: sys_socket[PID: 114 (klogd)]: family:1, type:2, protocol:0
nvram_set: usb_info_dev10 = "A200396E0402FF83@1@14.4G@U@1@USB_Storage;U:;0;0@"
sem_get: Key: 410f00a4
[   12.136408] firmadyne: sys_socket[PID: 114 (klogd)]: family:1, type:1, protocol:0
[   12.137583] firmadyne: sys_socket[PID: 114 (klogd)]: family:1, type:2, protocol:0
sem_get: Key: 410f00a4
nvram_set: usb_info_dev11[   12.144426] firmadyne: sys_socket[PID: 114 (klogd)]: family:1, type:1, protocol:0
[   12.145612] firmadyne: sys_socket[PID: 114 (klogd)]: family:1, type:2, protocol:0
 = "A200396E0402FF83@1@14.4G@U@1@USB_Storage;U:;0;0@"
sem_get: Key: 410f00a4
[   12.152147] firmadyne: sys_socket[PID: 114 (klogd)]: family:1, type:1, protocol:0
[   12.153375] firmadyne: sys_socket[PID: 114 (klogd)]: family:1, type:2, protocol:0
sem_get: Key: 410f00a4
nvram_set: usb_info_dev12 = "A200396E0402FF83@1@14.4G@U@1@USB_Storage;U:;0;0@[   12.160247] firmadyne: sys_socket[PID: 114 (klogd)]: family:1, type:1, protocol:0
[   12.161470] firmadyne: sys_socket[PID: 114 (klogd)]: family:1, type:2, protocol:0
"
sem_get: Key: 410f00a4
sem_get: Key: 410f00a4
nvram_set: usb_info_dev13 = "[   12.172602] firmadyne: sys_socket[PID: 114 (klogd)]: family:1, type:1, protocol:0
[   12.173759] firmadyne: sys_socket[PID: 114 (klogd)]: family:1, type:2, protocol:0
[   12.176434] firmadyne: sys_socket[PID: 114 (klogd)]: family:1, type:1, protocol:0
[   12.177572] firmadyne: sys_socket[PID: 114 (klogd)]: family:1, type:2, protocol:0
A200396E0402FF83@1@14.4G@U@1@USB_Storage;U:;0;0@"
sem_get: Key: 410f00a4
sem_get[   12.184117] firmadyne: sys_socket[PID: 114 (klogd)]: family:1, type:1, protocol:0
[   12.185282] firmadyne: sys_socket[PID: 114 (klogd)]: family:1, type:2, protocol:0
: Key: 410f00a4
nvram_set: usb_info_dev14 = "A200396E0402FF83@1@14.4G@U@1@USB_Storage;U:;0;0@[   12.191870] firmadyne: sys_socket[PID: 114 (klogd)]: family:1, type:1, protocol:0
[   12.193125] firmadyne: sys_socket[PID: 114 (klogd)]: family:1, type:2, protocol:0
"
sem_get: Key: 410f00a4
sem_get: Key: 410f00a4[   12.199965] firmadyne: sys_socket[PID: 114 (klogd)]: family:1, type:1, protocol:0
[   12.201134] firmadyne: sys_socket[PID: 114 (klogd)]: family:1, type:2, protocol:0

nvram_set: usb_info_dev15 = "A200396E0402FF83@1@14.4G@U@1@USB_Storage;U:;0;0@"
[   12.207618] firmadyne: sys_socket[PID: 114 (klogd)]: family:1, type:1, protocol:0
[   12.208804] firmadyne: sys_socket[PID: 114 (klogd)]: family:1, type:2, protocol:0
[   12.211022] firmadyne: sys_socket[PID: 114 (klogd)]: family:1, type:1, protocol:0
sem_get: Key: 410f00a4
sem_get: Key: [   12.216009] firmadyne: sys_socket[PID: 114 (klogd)]: family:1, type:2, protocol:0
[   12.218309] firmadyne: sys_socket[PID: 114 (klogd)]: family:1, type:1, protocol:0
410f00a4
nvram_set: usb_info_dev16 = "A200396E0402FF83@1@14.4G@U@1@USB_Storage;U:;0;0@"
[   12.223908] firmadyne: sys_socket[PID: 114 (klogd)]: family:1, type:2, protocol:0
[   12.226211] firmadyne: sys_socket[PID: 114 (klogd)]: family:1, type:1, protocol:0
[   12.227537] firmadyne: sys_socket[PID: 114 (klogd)]: family:1, type:2, protocol:0
sem_get: Key: 410f00a4
sem_get: Key: 410f00a4
nvram_set: usb_info_dev17 = "A200396E0402FF83@1@14.4G@U@1@USB_Storage;U:;0;0@"
[   12.237471] firmadyne: sys_socket[PID: 114 (klogd)]: family:1, type:1, protocol:0
[   12.238630] firmadyne: sys_socket[PID: 114 (klogd)]: family:1, type:2, protocol:0
sem_get: Key: 410f00a4
sem_get: Key: 410f00a4
[   12.245349] firmadyne: sys_socket[PID: 114 (klogd)]: family:1, type:1, protocol:0
[   12.246514] firmadyne: sys_socket[PID: 114 (klogd)]: family:1, type:2, protocol:0
nvram_set: usb_info_dev18 = "A200396E0402FF83@1@14.4G@U@1@USB_Storage;U:;0;0@"
[   12.252882] firmadyne: sys_socket[PID: 114 (klogd)]: family:1, type:1, protocol:0
[   12.254032] firmadyne: sys_socket[PID: 114 (klogd)]: family:1, type:2, protocol:0
sem_get: Key: 410f00a4
sem_get: Key: 410f00a4
[   12.260508] firmadyne: sys_socket[PID: 114 (klogd)]: family:1, type:1, protocol:0
[   12.261674] firmadyne: sys_socket[PID: 114 (klogd)]: family:1, type:2, protocol:0
nvram_set: usb_info_dev19 = "A200396E0402FF83@1@14.4G@U@1@USB_Storage;U:;0;0@"
sem_get[   12.268173] firmadyne: sys_socket[PID: 114 (klogd)]: family:1, type:1, protocol:0
[   12.269330] firmadyne: sys_socket[PID: 114 (klogd)]: family:1, type:2, protocol:0
: Key: 410f00a4
sem_get: Key: 410f00a4
[   12.275855] firmadyne: sys_socket[PID: 114 (klogd)]: family:1, type:1, protocol:0
[   12.277016] firmadyne: sys_socket[PID: 114 (klogd)]: family:1, type:2, protocol:0
[   12.279237] firmadyne: sys_socket[PID: 114 (klogd)]: family:1, type:1, protocol:0
nvram_set: usb_info_dev20 = "A200396E0402FF83@1@14.4G@U@1@USB_Storage;U:;0;0@"
[   12.283954] firmadyne: sys_socket[PID: 114 (klogd)]: family:1, type:2, protocol:0
[   12.286203] firmadyne: sys_socket[PID: 114 (klogd)]: family:1, type:1, protocol:0
[   12.287489] firmadyne: sys_socket[PID: 114 (klogd)]: family:1, type:2, protocol:0
sem_get: Key: 410f00a4
sem_get: Key: 410f00a4
nvram_set: usb_info_dev21 = "A200396E0402FF83@1@14.4G@U@1@USB_Storage;U:;0;0@"
[   12.297376] firmadyne: sys_socket[PID: 114 (klogd)]: family:1, type:1, protocol:0
[   12.298525] firmadyne: sys_socket[PID: 114 (klogd)]: family:1, type:2, protocol:0
[   12.301132] firmadyne: sys_socket[PID: 114 (klogd)]: family:1, type:1, protocol:0
[   12.302282] firmadyne: sys_socket[PID: 114 (klogd)]: family:1, type:2, protocol:0
sem_get: Key: 410f00a4
sem_get: Key: 410f00a4
[   12.309142] firmadyne: sys_socket[PID: 114 (klogd)]: family:1, type:1, protocol:0
[   12.310290] firmadyne: sys_socket[PID: 114 (klogd)]: family:1, type:2, protocol:0
nvram_set: usb_info_dev22 = "A200396E0402FF83@1@14.4G@U@1@USB_Storage;U:;0;0@"
sem_get: Key: [   12.317078] firmadyne: sys_socket[PID: 114 (klogd)]: family:1, type:1, protocol:0
[   12.318245] firmadyne: sys_socket[PID: 114 (klogd)]: family:1, type:2, protocol:0
410f00a4
sem_get: Key: 410f00a4
[   12.324787] firmadyne: sys_socket[PID: 114 (klogd)]: family:1, type:1, protocol:0
[   12.325929] firmadyne: sys_socket[PID: 114 (klogd)]: family:1, type:2, protocol:0
nvram_set: usb_info_dev23 = "A200396E0402FF83@1@14.4G@U@1@USB_Storage;U:;0;0@"
sem_get: Key: [   12.332380] firmadyne: sys_socket[PID: 114 (klogd)]: family:1, type:1, protocol:0
[   12.333595] firmadyne: sys_socket[PID: 114 (klogd)]: family:1, type:2, protocol:0
410f00a4
sem_get: Key: 410f00a4
[   12.340153] firmadyne: sys_socket[PID: 114 (klogd)]: family:1, type:1, protocol:0
[   12.341316] firmadyne: sys_socket[PID: 114 (klogd)]: family:1, type:2, protocol:0
nvram_set: usb_info_dev24 = "A200396E0402FF83@1@14.4G@U@1@USB_Storage;U:;0;0@"
sem_get: Key: 410f00a4
[   12.347996] firmadyne: sys_socket[PID: 114 (klogd)]: family:1, type:1, protocol:0
[   12.349164] firmadyne: sys_socket[PID: 114 (klogd)]: family:1, type:2, protocol:0
sem_get: Key: 410f00a4
nvram_set[   12.355796] firmadyne: sys_socket[PID: 114 (klogd)]: family:1, type:1, protocol:0
[   12.356979] firmadyne: sys_socket[PID: 114 (klogd)]: family:1, type:2, protocol:0
[   12.359286] firmadyne: sys_socket[PID: 114 (klogd)]: family:1, type:1, protocol:0
: usb_info_dev25 = "A200396E0402FF83@1@14.4G@U@1@USB_Storage;U:;0;0@"
sem_get: Key: 410f00a4
sem_get: Key: 410f00a4
nvram_set: usb_info_dev26 = "A200396E0402FF83@1@14.4G@U@1@USB_Storage;U:;0;0@"
sem_get: Key: 410f00a4[   12.372145] firmadyne: sys_socket[PID: 114 (klogd)]: family:1, type:2, protocol:0
[   12.374480] firmadyne: sys_socket[PID: 114 (klogd)]: family:1, type:1, protocol:0
[   12.376183] firmadyne: sys_socket[PID: 114 (klogd)]: family:1, type:2, protocol:0
[   12.378402] firmadyne: sys_socket[PID: 114 (klogd)]: family:1, type:1, protocol:0

sem_get: Key: 410f00a4
[   12.383755] firmadyne: sys_socket[PID: 114 (klogd)]: family:1, type:2, protocol:0
[   12.386053] firmadyne: sys_socket[PID: 114 (klogd)]: family:1, type:1, protocol:0
[   12.387140] firmadyne: sys_socket[PID: 114 (klogd)]: family:1, type:2, protocol:0
nvram_set: usb_info_dev27 = "A200396E0402FF83@1@14.4G@U@1@USB_Storage;U:;0;0@"
sem_get: Key: [   12.393101] firmadyne: sys_socket[PID: 114 (klogd)]: family:1, type:1, protocol:0
[   12.394255] firmadyne: sys_socket[PID: 114 (klogd)]: family:1, type:2, protocol:0
410f00a4
sem_get: Key: 410f00a4
[   12.400796] firmadyne: sys_socket[PID: 114 (klogd)]: family:1, type:1, protocol:0
[   12.401966] firmadyne: sys_socket[PID: 114 (klogd)]: family:1, type:2, protocol:0
nvram_set: usb_info_dev28 = "A200396E0402FF83@1@14.4G@U@1@USB_Storage;U:;0;0@"
sem_get: Key: 410f00a4[   12.408628] firmadyne: sys_socket[PID: 114 (klogd)]: family:1, type:1, protocol:0
[   12.409816] firmadyne: sys_socket[PID: 114 (klogd)]: family:1, type:2, protocol:0

sem_get: Key: 410f00a4
[   12.424830] firmadyne: sys_socket[PID: 114 (klogd)]: family:1, type:1, protocol:0
[   12.426634] firmadyne: sys_socket[PID: 114 (klogd)]: family:1, type:2, protocol:0
nvram_set: usb_info_dev29 = "A200396E0402FF83@1@14.4G@U@1@USB_Storage;U:;0;0@"
sem_get: Key: 410f00a4
[   12.433048] firmadyne: sys_socket[PID: 114 (klogd)]: family:1, type:1, protocol:0
[   12.434112] firmadyne: sys_socket[PID: 114 (klogd)]: family:1, type:2, protocol:0
sem_get: Key: 410f00a4
nvram_set: usb_info_dev30[   12.440698] firmadyne: sys_socket[PID: 114 (klogd)]: family:1, type:1, protocol:0
[   12.441865] firmadyne: sys_socket[PID: 114 (klogd)]: family:1, type:2, protocol:0
 = "A200396E0402FF83@1@14.4G@U@1@USB_Storage;U:;0;0@"
sem_get: Key: 410f00a4
sem_get[   12.448734] firmadyne: sys_socket[PID: 114 (klogd)]: family:1, type:1, protocol:0
[   12.449910] firmadyne: sys_socket[PID: 114 (klogd)]: family:1, type:2, protocol:0
: Key: 410f00a4
nvram_set: usb_info_dev31 = "A200396E0402FF83@1@14.4G@U@1@USB_Storage;U:;0;0@[   12.456683] firmadyne: sys_socket[PID: 114 (klogd)]: family:1, type:1, protocol:0
[   12.457866] firmadyne: sys_socket[PID: 114 (klogd)]: family:1, type:2, protocol:0
"
sem_get: Key: 410f00a4
sem_get: Key: 410f00a4[   12.464668] firmadyne: sys_socket[PID: 114 (klogd)]: family:1, type:1, protocol:0
[   12.465885] firmadyne: sys_socket[PID: 114 (klogd)]: family:1, type:2, protocol:0

nvram_set: usb_info_dev32 = "A200396E0402FF83@1@14.4G@U@1@USB_Storage;U:;0;0@"
sem_get: Key: 410f00a4
sem_get: Key: 410f00a4
nvram_set: usb_info_dev33 = "A200396E0402FF83@1@14.4G@U@1@USB_Storage;U:;0;0@"
[   12.488064] firmadyne: sys_socket[PID: 114 (klogd)]: family:1, type:1, protocol:0
[   12.489273] firmadyne: sys_socket[PID: 114 (klogd)]: family:1, type:2, protocol:0
sem_get: Key: 410f00a4
sem_get: Key: 410f00a4
[   12.495912] firmadyne: sys_socket[PID: 114 (klogd)]: family:1, type:1, protocol:0
[   12.497078] firmadyne: sys_socket[PID: 114 (klogd)]: family:1, type:2, protocol:0
[   12.499526] firmadyne: sys_socket[PID: 114 (klogd)]: family:1, type:1, protocol:0
nvram_set: usb_info_dev34 = "A200396E0402FF83@1@14.4G@U@1@USB_Storage;U:;0;0@"
sem_get: Key: 410f00a4
sem_get: Key: 410f00a4
[   12.508153] firmadyne: sys_socket[PID: 114 (klogd)]: family:1, type:2, protocol:0
[   12.510421] firmadyne: sys_socket[PID: 114 (klogd)]: family:1, type:1, protocol:0
[   12.511934] firmadyne: sys_socket[PID: 114 (klogd)]: family:1, type:2, protocol:0
[   12.514157] firmadyne: sys_socket[PID: 114 (klogd)]: family:1, type:1, protocol:0
[   12.515306] firmadyne: sys_socket[PID: 114 (klogd)]: family:1, type:2, protocol:0
nvram_set: usb_info_dev35 = "A200396E0402FF83@1@14.4G@U@1@USB_Storage;U:;0;0@"
[   12.521417] firmadyne: sys_socket[PID: 114 (klogd)]: family:1, type:1, protocol:0
[   12.522589] firmadyne: sys_socket[PID: 114 (klogd)]: family:1, type:2, protocol:0
sem_get: Key: 410f00a4
sem_get: Key: 410f00a4[   12.529292] firmadyne: sys_socket[PID: 114 (klogd)]: family:1, type:1, protocol:0
[   12.530448] firmadyne: sys_socket[PID: 114 (klogd)]: family:1, type:2, protocol:0

nvram_set: usb_info_dev36 = "A200396E0402FF83@1@14.4G@U@1@USB_Storage;U:;0;0@"
[   12.536843] firmadyne: sys_socket[PID: 114 (klogd)]: family:1, type:1, protocol:0
[   12.537981] firmadyne: sys_socket[PID: 114 (klogd)]: family:1, type:2, protocol:0
sem_get: Key: 410f00a4
sem_get: Key: 410f00a4
nvram_set: usb_info_dev37 = "A200396E0402FF83@1@14.4G@U@1@USB_Storage;U:;0;0@"
[   12.548306] firmadyne: sys_socket[PID: 114 (klogd)]: family:1, type:1, protocol:0
[   12.549468] firmadyne: sys_socket[PID: 114 (klogd)]: family:1, type:2, protocol:0
sem_get: Key: 410f00a4
sem_get: Key: 410f00a4
[   12.555958] firmadyne: sys_socket[PID: 114 (klogd)]: family:1, type:1, protocol:0
[   12.557178] firmadyne: sys_socket[PID: 114 (klogd)]: family:1, type:2, protocol:0
nvram_set: usb_info_dev38 = "A200396E0402FF83@1@14.4G@U@1@USB_Storage;U:;0;0@"
sem_get: Key: [   12.565403] firmadyne: sys_socket[PID: 114 (klogd)]: family:1, type:1, protocol:0
[   12.566615] firmadyne: sys_socket[PID: 114 (klogd)]: family:1, type:2, protocol:0
[   12.569044] firmadyne: sys_socket[PID: 114 (klogd)]: family:1, type:1, protocol:0
[   12.570189] firmadyne: sys_socket[PID: 114 (klogd)]: family:1, type:2, protocol:0
410f00a4
sem_get: Key: 410f00a4
[   12.576783] firmadyne: sys_socket[PID: 114 (klogd)]: family:1, type:1, protocol:0
[   12.577973] firmadyne: sys_socket[PID: 114 (klogd)]: family:1, type:2, protocol:0
nvram_set: usb_info_dev39 = "A200396E0402FF83@1@14.4G@U@1@USB_Storage;U:;0;0@"
sem_get: Key: 410f00a4[   12.584524] firmadyne: sys_socket[PID: 114 (klogd)]: family:1, type:1, protocol:0
[   12.585691] firmadyne: sys_socket[PID: 114 (klogd)]: family:1, type:2, protocol:0

sem_get: Key: 410f00a4
[   12.592188] firmadyne: sys_socket[PID: 114 (klogd)]: family:1, type:1, protocol:0
[   12.593361] firmadyne: sys_socket[PID: 114 (klogd)]: family:1, type:2, protocol:0
nvram_set: usb_info_dev40 = "A200396E0402FF83@1@14.4G@U@1@USB_Storage;U:;0;0@"
sem_get: Key: 410f00a4[   12.600090] firmadyne: sys_socket[PID: 114 (klogd)]: family:1, type:1, protocol:0
[   12.601268] firmadyne: sys_socket[PID: 114 (klogd)]: family:1, type:2, protocol:0

sem_get: Key: 410f00a4
[   12.607833] firmadyne: sys_socket[PID: 114 (klogd)]: family:1, type:1, protocol:0
[   12.609029] firmadyne: sys_socket[PID: 114 (klogd)]: family:1, type:2, protocol:0
[   12.611329] firmadyne: sys_socket[PID: 114 (klogd)]: family:1, type:1, protocol:0
nvram_set: usb_info_dev41 = "A200396E0402FF83@1@14.4G@U@1@USB_Storage;U:;0;0@"
sem_get: Key: 410f00a4
sem_get: Key: 410f00a4
[   12.619945] firmadyne: sys_socket[PID: 114 (klogd)]: family:1, type:2, protocol:0
[   12.622250] firmadyne: sys_socket[PID: 114 (klogd)]: family:1, type:1, protocol:0
nvram_set: usb_info_dev42 = "A200396E0402FF83@1@14.4G@U@1@USB_Storage;U:;0;0@"
sem_get: Key: 410f00a4
[   12.627865] firmadyne: sys_socket[PID: 114 (klogd)]: family:1, type:2, protocol:0
[   12.630217] firmadyne: sys_socket[PID: 114 (klogd)]: family:1, type:1, protocol:0
sem_get: Key: 410f00a4
nvram_set[   12.635770] firmadyne: sys_socket[PID: 114 (klogd)]: family:1, type:2, protocol:0
[   12.638138] firmadyne: sys_socket[PID: 114 (klogd)]: family:1, type:1, protocol:0
[   12.639339] firmadyne: sys_socket[PID: 114 (klogd)]: family:1, type:2, protocol:0
: usb_info_dev43 = "A200396E0402FF83@1@14.4G@U@1@USB_Storage;U:;0;0@"
sem_get: Key: 410f00a4
sem_get: Key: 410f00a4
[   12.649078] firmadyne: sys_socket[PID: 114 (klogd)]: family:1, type:1, protocol:0
[   12.650249] firmadyne: sys_socket[PID: 114 (klogd)]: family:1, type:2, protocol:0
[   12.652888] firmadyne: sys_socket[PID: 114 (klogd)]: family:1, type:1, protocol:0
[   12.654018] firmadyne: sys_socket[PID: 114 (klogd)]: family:1, type:2, protocol:0
nvram_set: usb_info_dev44 = "A200396E0402FF83@1@14.4G@U@1@USB_Storage;U:;0;0@"
sem_get: Key: 410f00a4
[   12.660494] firmadyne: sys_socket[PID: 114 (klogd)]: family:1, type:1, protocol:0
[   12.661687] firmadyne: sys_socket[PID: 114 (klogd)]: family:1, type:2, protocol:0
sem_get: Key: 410f00a4
nvram_set: [   12.668599] firmadyne: sys_socket[PID: 114 (klogd)]: family:1, type:1, protocol:0
[   12.669789] firmadyne: sys_socket[PID: 114 (klogd)]: family:1, type:2, protocol:0
usb_info_dev45 = "A200396E0402FF83@1@14.4G@U@1@USB_Storage;U:;0;0@"
sem_get: Key: 410f00a4
[   12.676501] firmadyne: sys_socket[PID: 114 (klogd)]: family:1, type:1, protocol:0
[   12.677717] firmadyne: sys_socket[PID: 114 (klogd)]: family:1, type:2, protocol:0
sem_get: Key: 410f00a4
nvram_set: usb_info_dev46[   12.684346] firmadyne: sys_socket[PID: 114 (klogd)]: family:1, type:1, protocol:0
[   12.685549] firmadyne: sys_socket[PID: 114 (klogd)]: family:1, type:2, protocol:0
 = "A200396E0402FF83@1@14.4G@U@1@USB_Storage;U:;0;0@"
sem_get: Key: 410f00a4
[   12.692120] firmadyne: sys_socket[PID: 114 (klogd)]: family:1, type:1, protocol:0
[   12.693348] firmadyne: sys_socket[PID: 114 (klogd)]: family:1, type:2, protocol:0
sem_get: Key: 410f00a4
nvram_set: usb_info_dev47 = "A200396E0402FF83@1@14.4G@U@1@USB_Storage;U:;0;0@[   12.700333] firmadyne: sys_socket[PID: 114 (klogd)]: family:1, type:1, protocol:0
[   12.701576] firmadyne: sys_socket[PID: 114 (klogd)]: family:1, type:2, protocol:0
"
sem_get: Key: 410f00a4
sem_get: Key: 410f00a4[   12.708412] firmadyne: sys_socket[PID: 114 (klogd)]: family:1, type:1, protocol:0
[   12.709645] firmadyne: sys_socket[PID: 114 (klogd)]: family:1, type:2, protocol:0

nvram_set: usb_info_dev48 = "A200396E0402FF83@1@14.4G@U@1@USB_Storage;U:;0;0@"
[   12.716189] firmadyne: sys_socket[PID: 114 (klogd)]: family:1, type:1, protocol:0
[   12.717396] firmadyne: sys_socket[PID: 114 (klogd)]: family:1, type:2, protocol:0
sem_get: Key: 410f00a4
sem_get: Key: 410f00a4
[   12.724110] firmadyne: sys_socket[PID: 114 (klogd)]: family:1, type:1, protocol:0
[   12.725337] firmadyne: sys_socket[PID: 114 (klogd)]: family:1, type:2, protocol:0
nvram_set: usb_info_dev49 = "A200396E0402FF83@1@14.4G@U@1@USB_Storage;U:;0;0@"
sem_get[   12.732065] firmadyne: sys_socket[PID: 114 (klogd)]: family:1, type:1, protocol:0
[   12.733298] firmadyne: sys_socket[PID: 114 (klogd)]: family:1, type:2, protocol:0
: Key: 410f00a4
sem_get: Key: 410f00a4
[   12.739890] firmadyne: sys_socket[PID: 114 (klogd)]: family:1, type:1, protocol:0
[   12.741134] firmadyne: sys_socket[PID: 114 (klogd)]: family:1, type:2, protocol:0
nvram_set: usb_info_dev50 = "A200396E0402FF83@1@14.4G@U@1@USB_Storage;U:;0;0@"
sem_get: Key: 410f00a4[   12.747825] firmadyne: sys_socket[PID: 114 (klogd)]: family:1, type:1, protocol:0
[   12.749063] firmadyne: sys_socket[PID: 114 (klogd)]: family:1, type:2, protocol:0

sem_get: Key: 410f00a4
[   12.755641] firmadyne: sys_socket[PID: 114 (klogd)]: family:1, type:1, protocol:0
[   12.756873] firmadyne: sys_socket[PID: 114 (klogd)]: family:1, type:2, protocol:0
[   12.759203] firmadyne: sys_socket[PID: 114 (klogd)]: family:1, type:1, protocol:0
nvram_set: usb_info_dev51 = "A200396E0402FF83@1@14.4G@U@1@USB_Storage;U:;0;0@"
sem_get: Key: [   12.764935] firmadyne: sys_socket[PID: 114 (klogd)]: family:1, type:2, protocol:0
[   12.767244] firmadyne: sys_socket[PID: 114 (klogd)]: family:1, type:1, protocol:0
[   12.768563] firmadyne: sys_socket[PID: 114 (klogd)]: family:1, type:2, protocol:0
[   12.770795] firmadyne: sys_socket[PID: 114 (klogd)]: family:1, type:1, protocol:0
410f00a4
sem_get: Key: 410f00a4
nvram_set: usb_info_dev52 = "A200396E0402FF83@1@14.4G@U@1@USB_Storage;U:;0;0@"
sem_get: Key: 410f00a4[   12.780147] firmadyne: sys_socket[PID: 114 (klogd)]: family:1, type:2, protocol:0
[   12.782451] firmadyne: sys_socket[PID: 114 (klogd)]: family:1, type:1, protocol:0

sem_get: Key: 410f00a4
[   12.787767] firmadyne: sys_socket[PID: 114 (klogd)]: family:1, type:2, protocol:0
[   12.790141] firmadyne: sys_socket[PID: 114 (klogd)]: family:1, type:1, protocol:0
[   12.791330] firmadyne: sys_socket[PID: 114 (klogd)]: family:1, type:2, protocol:0
nvram_set: usb_info_dev53 = "A200396E0402FF83@1@14.4G@U@1@USB_Storage;U:;0;0@"
sem_get: Key: 410f00a4
sem_get: Key: 410f00a4
[   12.801044] firmadyne: sys_socket[PID: 114 (klogd)]: family:1, type:1, protocol:0
[   12.802189] firmadyne: sys_socket[PID: 114 (klogd)]: family:1, type:2, protocol:0
[   12.804869] firmadyne: sys_socket[PID: 114 (klogd)]: family:1, type:1, protocol:0
[   12.806004] firmadyne: sys_socket[PID: 114 (klogd)]: family:1, type:2, protocol:0
nvram_set: usb_info_dev54 = "A200396E0402FF83@1@14.4G@U@1@USB_Storage;U:;0;0@"
sem_get: Key: 410f00a4
[   12.812821] firmadyne: sys_socket[PID: 114 (klogd)]: family:1, type:1, protocol:0
[   12.814007] firmadyne: sys_socket[PID: 114 (klogd)]: family:1, type:2, protocol:0
sem_get: Key: 410f00a4
nvram_set[   12.820841] firmadyne: sys_socket[PID: 114 (klogd)]: family:1, type:1, protocol:0
[   12.822017] firmadyne: sys_socket[PID: 114 (klogd)]: family:1, type:2, protocol:0
: usb_info_dev55 = "A200396E0402FF83@1@14.4G@U@1@USB_Storage;U:;0;0@"
sem_get: Key: 410f00a4
[   12.828494] firmadyne: sys_socket[PID: 114 (klogd)]: family:1, type:1, protocol:0
[   12.829701] firmadyne: sys_socket[PID: 114 (klogd)]: family:1, type:2, protocol:0
sem_get: Key: 410f00a4
nvram_set: usb_info_dev56 = "A200396E0402FF83@1@14.4G@U@1@USB_Storage;U:;0;0@"
sem_get: Key: 410f00a4
sem_get: Key: 410f00a4
nvram_set: usb_info_dev57[   12.851979] firmadyne: sys_socket[PID: 114 (klogd)]: family:1, type:1, protocol:0
[   12.853185] firmadyne: sys_socket[PID: 114 (klogd)]: family:1, type:2, protocol:0
 = "A200396E0402FF83@1@14.4G@U@1@USB_Storage;U:;0;0@"
sem_get: Key: 410f00a4
[   12.859718] firmadyne: sys_socket[PID: 114 (klogd)]: family:1, type:1, protocol:0
[   12.860883] firmadyne: sys_socket[PID: 114 (klogd)]: family:1, type:2, protocol:0
[   12.863262] firmadyne: sys_socket[PID: 114 (klogd)]: family:1, type:1, protocol:0
sem_get: Key: 410f00a4
nvram_set: usb_info_dev58 = "A200396E0402FF83@1@14.4G@U@1@USB_Storage;U:;0;0@"
sem_get: Key: 410f00a4
[   12.871945] firmadyne: sys_socket[PID: 114 (klogd)]: family:1, type:2, protocol:0
[   12.874232] firmadyne: sys_socket[PID: 114 (klogd)]: family:1, type:1, protocol:0
sem_get: Key: 410f00a4
nvram_set: usb_info_dev59 = "[   12.879643] firmadyne: sys_socket[PID: 114 (klogd)]: family:1, type:2, protocol:0
[   12.882056] firmadyne: sys_socket[PID: 114 (klogd)]: family:1, type:1, protocol:0
[   12.883216] firmadyne: sys_socket[PID: 114 (klogd)]: family:1, type:2, protocol:0
A200396E0402FF83@1@14.4G@U@1@USB_Storage;U:;0;0@"
sem_get: Key: 410f00a4
[   12.889212] firmadyne: sys_socket[PID: 114 (klogd)]: family:1, type:1, protocol:0
[   12.890357] firmadyne: sys_socket[PID: 114 (klogd)]: family:1, type:2, protocol:0
sem_get: Key: 410f00a4
nvram_set: usb_info_dev60 = "A200396E0402FF83@1@14.4G@U@1@USB_Storage;U:;0;0@"
sem_get: Key: 410f00a4
[   12.900840] firmadyne: sys_socket[PID: 114 (klogd)]: family:1, type:1, protocol:0
[   12.901988] firmadyne: sys_socket[PID: 114 (klogd)]: family:1, type:2, protocol:0
[   12.904642] firmadyne: sys_socket[PID: 114 (klogd)]: family:1, type:1, protocol:0
[   12.905762] firmadyne: sys_socket[PID: 114 (klogd)]: family:1, type:2, protocol:0
sem_get: Key: 410f00a4
nvram_set: [   12.912477] firmadyne: sys_socket[PID: 114 (klogd)]: family:1, type:1, protocol:0
[   12.913651] firmadyne: sys_socket[PID: 114 (klogd)]: family:1, type:2, protocol:0
usb_info_dev61 = "A200396E0402FF83@1@14.4G@U@1@USB_Storage;U:;0;0@"
sem_get: Key: 410f00a4
[   12.920282] firmadyne: sys_socket[PID: 114 (klogd)]: family:1, type:1, protocol:0
[   12.921467] firmadyne: sys_socket[PID: 114 (klogd)]: family:1, type:2, protocol:0
sem_get: Key: 410f00a4
nvram_set: usb_info_dev62 = "[   12.928276] firmadyne: sys_socket[PID: 114 (klogd)]: family:1, type:1, protocol:0
[   12.929527] firmadyne: sys_socket[PID: 114 (klogd)]: family:1, type:2, protocol:0
A200396E0402FF83@1@14.4G@U@1@USB_Storage;U:;0;0@"
sem_get: Key: 410f00a4
sem_get[   12.936360] firmadyne: sys_socket[PID: 114 (klogd)]: family:1, type:1, protocol:0
[   12.937569] firmadyne: sys_socket[PID: 114 (klogd)]: family:1, type:2, protocol:0
: Key: 410f00a4
nvram_set: usb_info_dev63 = "A200396E0402FF83@1@14.4G@U@1@USB_Storage;U:;0;0@[   12.944043] firmadyne: sys_socket[PID: 114 (klogd)]: family:1, type:1, protocol:0
[   12.945209] firmadyne: sys_socket[PID: 114 (klogd)]: family:1, type:2, protocol:0
"
sem_get: Key: 410f00a4
sem_get: Key: 410f00a4[   12.951936] firmadyne: sys_socket[PID: 114 (klogd)]: family:1, type:1, protocol:0
[   12.953101] firmadyne: sys_socket[PID: 114 (klogd)]: family:1, type:2, protocol:0

nvram_set: usb_info_dev64 = "A200396E0402FF83@1@14.4G@U@1@USB_Storage;U:;0;0@"
[   12.959613] firmadyne: sys_socket[PID: 114 (klogd)]: family:1, type:1, protocol:0
[   12.960805] firmadyne: sys_socket[PID: 114 (klogd)]: family:1, type:2, protocol:0
[   12.963094] firmadyne: sys_socket[PID: 114 (klogd)]: family:1, type:1, protocol:0
sem_get: Key: 410f00a4
sem_get: Key: 410f00a4
nvram_set: usb_info_dev65 = "[   12.971924] firmadyne: sys_socket[PID: 114 (klogd)]: family:1, type:2, protocol:0
[   12.974226] firmadyne: sys_socket[PID: 114 (klogd)]: family:1, type:1, protocol:0
A200396E0402FF83@1@14.4G@U@1@USB_Storage;U:;0;0@"
sem_get: Key: 410f00a4
[   12.979635] firmadyne: sys_socket[PID: 114 (klogd)]: family:1, type:2, protocol:0
[   12.981953] firmadyne: sys_socket[PID: 114 (klogd)]: family:1, type:1, protocol:0
[   12.983076] firmadyne: sys_socket[PID: 114 (klogd)]: family:1, type:2, protocol:0
sem_get: Key: 410f00a4
nvram_set: usb_info_dev66[   12.989319] firmadyne: sys_socket[PID: 114 (klogd)]: family:1, type:1, protocol:0
[   12.990436] firmadyne: sys_socket[PID: 114 (klogd)]: family:1, type:2, protocol:0
 = "A200396E0402FF83@1@14.4G@U@1@USB_Storage;U:;0;0@"
sem_get: Key: 410f00a4
[   12.996896] firmadyne: sys_socket[PID: 114 (klogd)]: family:1, type:1, protocol:0
[   12.998023] firmadyne: sys_socket[PID: 114 (klogd)]: family:1, type:2, protocol:0
sem_get: Key: 410f00a4
nvram_set: usb_info_dev67 = "[   13.004862] firmadyne: sys_socket[PID: 114 (klogd)]: family:1, type:1, protocol:0
[   13.006016] firmadyne: sys_socket[PID: 114 (klogd)]: family:1, type:2, protocol:0
A200396E0402FF83@1@14.4G@U@1@USB_Storage;U:;0;0@"
sem_get: Key: 410f00a4
sem_get[   13.013856] firmadyne: sys_socket[PID: 114 (klogd)]: family:1, type:1, protocol:0
[   13.015022] firmadyne: sys_socket[PID: 114 (klogd)]: family:1, type:2, protocol:0
: Key: 410f00a4
nvram_set: usb_info_dev68 = "[   13.021169] firmadyne: sys_socket[PID: 114 (klogd)]: family:1, type:1, protocol:0
[   13.022313] firmadyne: sys_socket[PID: 114 (klogd)]: family:1, type:2, protocol:0
A200396E0402FF83@1@14.4G@U@1@USB_Storage;U:;0;0@"
sem_get: Key: 410f00a4
sem_get[   13.029987] firmadyne: sys_socket[PID: 114 (klogd)]: family:1, type:1, protocol:0
[   13.031141] firmadyne: sys_socket[PID: 114 (klogd)]: family:1, type:2, protocol:0
: Key: 410f00a4
nvram_set: usb_info_dev69 = "[   13.037350] firmadyne: sys_socket[PID: 114 (klogd)]: family:1, type:1, protocol:0
[   13.038505] firmadyne: sys_socket[PID: 114 (klogd)]: family:1, type:2, protocol:0
A200396E0402FF83@1@14.4G@U@1@USB_Storage;U:;0;0@"
sem_get: Key: 410f00a4
[   13.045050] firmadyne: sys_socket[PID: 114 (klogd)]: family:1, type:1, protocol:0
[   13.046203] firmadyne: sys_socket[PID: 114 (klogd)]: family:1, type:2, protocol:0
sem_get: Key: 410f00a4
nvram_set: usb_info_dev70 = "[   13.053097] firmadyne: sys_socket[PID: 114 (klogd)]: family:1, type:1, protocol:0
[   13.054243] firmadyne: sys_socket[PID: 114 (klogd)]: family:1, type:2, protocol:0
A200396E0402FF83@1@14.4G@U@1@USB_Storage;U:;0;0@"
sem_get: Key: 410f00a4
sem_get[   13.061096] firmadyne: sys_socket[PID: 114 (klogd)]: family:1, type:1, protocol:0
[   13.062281] firmadyne: sys_socket[PID: 114 (klogd)]: family:1, type:2, protocol:0
: Key: 410f00a4
nvram_set: usb_info_dev71 = "A200396E0402FF83@1@14.4G@U@1@USB_Storage;U:;0;0@[   13.069077] firmadyne: sys_socket[PID: 114 (klogd)]: family:1, type:1, protocol:0
[   13.070258] firmadyne: sys_socket[PID: 114 (klogd)]: family:1, type:2, protocol:0
"
sem_get: Key: 410f00a4
sem_get: Key: 410f00a4[   13.077133] firmadyne: sys_socket[PID: 114 (klogd)]: family:1, type:1, protocol:0
[   13.078297] firmadyne: sys_socket[PID: 114 (klogd)]: family:1, type:2, protocol:0

nvram_set: usb_info_dev72 = "A200396E0402FF83@1@14.4G@U@1@USB_Storage;U:;0;0@"
[   13.084854] firmadyne: sys_socket[PID: 114 (klogd)]: family:1, type:1, protocol:0
[   13.086075] firmadyne: sys_socket[PID: 114 (klogd)]: family:1, type:2, protocol:0
sem_get: Key: 410f00a4
sem_get: Key: 410f00a4
[   13.092728] firmadyne: sys_socket[PID: 114 (klogd)]: family:1, type:1, protocol:0
[   13.093946] firmadyne: sys_socket[PID: 114 (klogd)]: family:1, type:2, protocol:0
nvram_set: usb_info_dev73 = "A200396E0402FF83@1@14.4G@U@1@USB_Storage;U:;0;0@"
sem_get[   13.100579] firmadyne: sys_socket[PID: 114 (klogd)]: family:1, type:1, protocol:0
[   13.101790] firmadyne: sys_socket[PID: 114 (klogd)]: family:1, type:2, protocol:0
: Key: 410f00a4
sem_get: Key: 410f00a4
[   13.108327] firmadyne: sys_socket[PID: 114 (klogd)]: family:1, type:1, protocol:0
[   13.109492] firmadyne: sys_socket[PID: 114 (klogd)]: family:1, type:2, protocol:0
nvram_set: usb_info_dev74 = "A200396E0402FF83@1@14.4G@U@1@USB_Storage;U:;0;0@"
sem_get: Key: [   13.116037] firmadyne: sys_socket[PID: 114 (klogd)]: family:1, type:1, protocol:0
[   13.117233] firmadyne: sys_socket[PID: 114 (klogd)]: family:1, type:2, protocol:0
410f00a4
sem_get: Key: 410f00a4
[   13.123833] firmadyne: sys_socket[PID: 114 (klogd)]: family:1, type:1, protocol:0
[   13.125054] firmadyne: sys_socket[PID: 114 (klogd)]: family:1, type:2, protocol:0
[   13.127560] firmadyne: sys_socket[PID: 114 (klogd)]: family:1, type:1, protocol:0
nvram_set: usb_info_dev75 = "A200396E0402FF83@1@14.4G@U@1@USB_Storage;U:;0;0@"
sem_get: Key: 410f00a4
sem_get: Key: 410f00a4
[   13.135954] firmadyne: sys_socket[PID: 114 (klogd)]: family:1, type:2, protocol:0
[   13.138253] firmadyne: sys_socket[PID: 114 (klogd)]: family:1, type:1, protocol:0
nvram_set: usb_info_dev76 = "A200396E0402FF83@1@14.4G@U@1@USB_Storage;U:;0;0@"
sem_get[   13.143679] firmadyne: sys_socket[PID: 114 (klogd)]: family:1, type:2, protocol:0
[   13.146084] firmadyne: sys_socket[PID: 114 (klogd)]: family:1, type:1, protocol:0
[   13.147252] firmadyne: sys_socket[PID: 114 (klogd)]: family:1, type:2, protocol:0
: Key: 410f00a4
sem_get: Key: 410f00a4[   13.153397] firmadyne: sys_socket[PID: 114 (klogd)]: family:1, type:1, protocol:0
[   13.154534] firmadyne: sys_socket[PID: 114 (klogd)]: family:1, type:2, protocol:0

nvram_set: usb_info_dev77 = "A200396E0402FF83@1@14.4G@U@1@USB_Storage;U:;0;0@"
[   13.161051] firmadyne: sys_socket[PID: 114 (klogd)]: family:1, type:1, protocol:0
[   13.162183] firmadyne: sys_socket[PID: 114 (klogd)]: family:1, type:2, protocol:0
sem_get: Key: 410f00a4
sem_get: Key: 410f00a4
nvram_set: usb_info_dev78 = "A200396E0402FF83@1@14.4G@U@1@USB_Storage;U:;0;0@[   13.172918] firmadyne: sys_socket[PID: 114 (klogd)]: family:1, type:1, protocol:0
[   13.174076] firmadyne: sys_socket[PID: 114 (klogd)]: family:1, type:2, protocol:0
[   13.176767] firmadyne: sys_socket[PID: 114 (klogd)]: family:1, type:1, protocol:0
[   13.177922] firmadyne: sys_socket[PID: 114 (klogd)]: family:1, type:2, protocol:0
"
sem_get: Key: 410f00a4
sem_get: Key: 410f00a4[   13.184663] firmadyne: sys_socket[PID: 114 (klogd)]: family:1, type:1, protocol:0
[   13.185874] firmadyne: sys_socket[PID: 114 (klogd)]: family:1, type:2, protocol:0

nvram_set: usb_info_dev79 = "A200396E0402FF83@1@14.4G@U@1@USB_Storage;U:;0;0@"
[   13.191616] cfg80211: Calling CRDA to update world regulatory domain
[   13.193607] firmadyne: sys_socket[PID: 114 (klogd)]: family:1, type:1, protocol:0
[   13.194814] firmadyne: sys_socket[PID: 114 (klogd)]: family:1, type:2, protocol:0
[   13.197337] firmadyne: sys_socket[PID: 114 (klogd)]: family:1, type:1, protocol:0
[   13.198485] firmadyne: sys_socket[PID: 114 (klogd)]: family:1, type:2, protocol:0
sem_get: Key: 410f00a4
sem_get: Key: 410f00a4
nvram_set: usb_info_dev80 = "A200396E0402FF83@1@14.4G@U@1@USB_Storage;U:;0;0@"
sem_get: Key: 410f00a4
sem_get: Key: 410f00a4
nvram_set: usb_info_dev81 = "A200396E0402FF83@1@14.4G@U@1@USB_Storage;U:;0;0@"
[   13.224225] firmadyne: sys_socket[PID: 114 (klogd)]: family:1, type:1, protocol:0
[   13.225423] firmadyne: sys_socket[PID: 114 (klogd)]: family:1, type:2, protocol:0
sem_get: Key: 410f00a4
sem_get: Key: 410f00a4
[   13.232261] firmadyne: sys_socket[PID: 114 (klogd)]: family:1, type:1, protocol:0
[   13.233457] firmadyne: sys_socket[PID: 114 (klogd)]: family:1, type:2, protocol:0
nvram_set: usb_info_dev82 = "A200396E0402FF83@1@14.4G@U@1@USB_Storage;U:;0;0@"
sem_get[   13.240046] firmadyne: sys_socket[PID: 114 (klogd)]: family:1, type:1, protocol:0
[   13.241289] firmadyne: sys_socket[PID: 114 (klogd)]: family:1, type:2, protocol:0
: Key: 410f00a4
sem_get: Key: 410f00a4
[   13.247825] firmadyne: sys_socket[PID: 114 (klogd)]: family:1, type:1, protocol:0
[   13.249052] firmadyne: sys_socket[PID: 114 (klogd)]: family:1, type:2, protocol:0
nvram_set: usb_info_dev83 = "A200396E0402FF83@1@14.4G@U@1@USB_Storage;U:;0;0@"
sem_get: Key: 410f00a4[   13.255712] firmadyne: sys_socket[PID: 114 (klogd)]: family:1, type:1, protocol:0
[   13.256916] firmadyne: sys_socket[PID: 114 (klogd)]: family:1, type:2, protocol:0
[   13.259229] firmadyne: sys_socket[PID: 114 (klogd)]: family:1, type:1, protocol:0

sem_get: Key: 410f00a4
nvram_set: usb_info_dev84 = "A200396E0402FF83@1@14.4G@U@1@USB_Storage;U:;0;0@"
sem_get: Key: 410f00a4[   13.268145] firmadyne: sys_socket[PID: 114 (klogd)]: family:1, type:2, protocol:0
[   13.270460] firmadyne: sys_socket[PID: 114 (klogd)]: family:1, type:1, protocol:0

sem_get: Key: 410f00a4
[   13.275871] firmadyne: sys_socket[PID: 114 (klogd)]: family:1, type:2, protocol:0
[   13.278209] firmadyne: sys_socket[PID: 114 (klogd)]: family:1, type:1, protocol:0
[   13.279538] firmadyne: sys_socket[PID: 114 (klogd)]: family:1, type:2, protocol:0
nvram_set: usb_info_dev85 = "A200396E0402FF83@1@14.4G@U@1@USB_Storage;U:;0;0@"
sem_get: Key: [   13.285360] firmadyne: sys_socket[PID: 114 (klogd)]: family:1, type:1, protocol:0
[   13.286498] firmadyne: sys_socket[PID: 114 (klogd)]: family:1, type:2, protocol:0
410f00a4
sem_get: Key: 410f00a4
[   13.292927] firmadyne: sys_socket[PID: 114 (klogd)]: family:1, type:1, protocol:0
[   13.294134] firmadyne: sys_socket[PID: 114 (klogd)]: family:1, type:2, protocol:0
nvram_set: usb_info_dev86 = "A200396E0402FF83@1@14.4G@U@1@USB_Storage;U:;0;0@"
sem_get: Key: 410f00a4[   13.300888] firmadyne: sys_socket[PID: 114 (klogd)]: family:1, type:1, protocol:0
[   13.302095] firmadyne: sys_socket[PID: 114 (klogd)]: family:1, type:2, protocol:0

sem_get: Key: 410f00a4
[   13.308793] firmadyne: sys_socket[PID: 114 (klogd)]: family:1, type:1, protocol:0
[   13.309985] firmadyne: sys_socket[PID: 114 (klogd)]: family:1, type:2, protocol:0
nvram_set: usb_info_dev87 = "A200396E0402FF83@1@14.4G@U@1@USB_Storage;U:;0;0@"
sem_get: Key: 410f00a4
[   13.316910] firmadyne: sys_socket[PID: 114 (klogd)]: family:1, type:1, protocol:0
[   13.318042] firmadyne: sys_socket[PID: 114 (klogd)]: family:1, type:2, protocol:0
sem_get: Key: 410f00a4
nvram_set[   13.324896] firmadyne: sys_socket[PID: 114 (klogd)]: family:1, type:1, protocol:0
[   13.326099] firmadyne: sys_socket[PID: 114 (klogd)]: family:1, type:2, protocol:0
: usb_info_dev88 = "A200396E0402FF83@1@14.4G@U@1@USB_Storage;U:;0;0@"
sem_get: Key: 410f00a4
[   13.332720] firmadyne: sys_socket[PID: 114 (klogd)]: family:1, type:1, protocol:0
[   13.333863] firmadyne: sys_socket[PID: 114 (klogd)]: family:1, type:2, protocol:0
sem_get: Key: 410f00a4
nvram_set: [   13.340570] firmadyne: sys_socket[PID: 114 (klogd)]: family:1, type:1, protocol:0
[   13.341765] firmadyne: sys_socket[PID: 114 (klogd)]: family:1, type:2, protocol:0
usb_info_dev89 = "A200396E0402FF83@1@14.4G@U@1@USB_Storage;U:;0;0@"
sem_get: Key: 410f00a4
[   13.348458] firmadyne: sys_socket[PID: 114 (klogd)]: family:1, type:1, protocol:0
[   13.349652] firmadyne: sys_socket[PID: 114 (klogd)]: family:1, type:2, protocol:0
sem_get: Key: 410f00a4
nvram_set: usb_info_dev90 = "[   13.356370] firmadyne: sys_socket[PID: 114 (klogd)]: family:1, type:1, protocol:0
[   13.357585] firmadyne: sys_socket[PID: 114 (klogd)]: family:1, type:2, protocol:0
A200396E0402FF83@1@14.4G@U@1@USB_Storage;U:;0;0@"
sem_get: Key: 410f00a4
sem_get: Key: [   13.365498] firmadyne: sys_socket[PID: 114 (klogd)]: family:1, type:1, protocol:0
[   13.366725] firmadyne: sys_socket[PID: 114 (klogd)]: family:1, type:2, protocol:0
[   13.369258] firmadyne: sys_socket[PID: 114 (klogd)]: family:1, type:1, protocol:0
[   13.370376] firmadyne: sys_socket[PID: 114 (klogd)]: family:1, type:2, protocol:0
410f00a4
nvram_set: usb_info_dev91 = "A200396E0402FF83@1@14.4G@U@1@USB_Storage;U:;0;0@"
[   13.377076] firmadyne: sys_socket[PID: 114 (klogd)]: family:1, type:1, protocol:0
[   13.378226] firmadyne: sys_socket[PID: 114 (klogd)]: family:1, type:2, protocol:0
sem_get: Key: 410f00a4
sem_get: Key: 410f00a4[   13.384894] firmadyne: sys_socket[PID: 114 (klogd)]: family:1, type:1, protocol:0
[   13.386046] firmadyne: sys_socket[PID: 114 (klogd)]: family:1, type:2, protocol:0

nvram_set: usb_info_dev92 = "A200396E0402FF83@1@14.4G@U@1@USB_Storage;U:;0;0@"
[   13.392594] firmadyne: sys_socket[PID: 114 (klogd)]: family:1, type:1, protocol:0
[   13.393814] firmadyne: sys_socket[PID: 114 (klogd)]: family:1, type:2, protocol:0
sem_get: Key: 410f00a4
sem_get: Key: 410f00a4
[   13.400464] firmadyne: sys_socket[PID: 114 (klogd)]: family:1, type:1, protocol:0
[   13.401669] firmadyne: sys_socket[PID: 114 (klogd)]: family:1, type:2, protocol:0
nvram_set: usb_info_dev93 = "A200396E0402FF83@1@14.4G@U@1@USB_Storage;U:;0;0@"
sem_get: Key: [   13.408403] firmadyne: sys_socket[PID: 114 (klogd)]: family:1, type:1, protocol:0
[   13.409595] firmadyne: sys_socket[PID: 114 (klogd)]: family:1, type:2, protocol:0
410f00a4
sem_get: Key: 410f00a4
[   13.416102] firmadyne: sys_socket[PID: 114 (klogd)]: family:1, type:1, protocol:0
[   13.417300] firmadyne: sys_socket[PID: 114 (klogd)]: family:1, type:2, protocol:0
nvram_set: usb_info_dev94 = "A200396E0402FF83@1@14.4G@U@1@USB_Storage;U:;0;0@"
sem_get: Key: 410f00a4
[   13.424091] firmadyne: sys_socket[PID: 114 (klogd)]: family:1, type:1, protocol:0
[   13.425296] firmadyne: sys_socket[PID: 114 (klogd)]: family:1, type:2, protocol:0
sem_get: Key: 410f00a4
[   13.432870] firmadyne: sys_socket[PID: 114 (klogd)]: family:1, type:1, protocol:0
[   13.434933] firmadyne: sys_socket[PID: 114 (klogd)]: family:1, type:2, protocol:0
nvram_set: usb_info_dev95 = "A200396E0402FF83@1@14.4G@U@1@USB_Storage;U:;0;0@"
[   13.441040] firmadyne: sys_socket[PID: 114 (klogd)]: family:1, type:1, protocol:0
[   13.442114] firmadyne: sys_socket[PID: 114 (klogd)]: family:1, type:2, protocol:0
sem_get: Key: 410f00a4
sem_get: Key: 410f00a4
[   13.448665] firmadyne: sys_socket[PID: 114 (klogd)]: family:1, type:1, protocol:0
[   13.449795] firmadyne: sys_socket[PID: 114 (klogd)]: family:1, type:2, protocol:0
nvram_set: usb_info_dev96 = "A200396E0402FF83@1@14.4G@U@1@USB_Storage;U:;0;0@"
sem_get: Key: [   13.456315] firmadyne: sys_socket[PID: 114 (klogd)]: family:1, type:1, protocol:0
[   13.457521] firmadyne: sys_socket[PID: 114 (klogd)]: family:1, type:2, protocol:0
410f00a4
sem_get: Key: 410f00a4
[   13.464090] firmadyne: sys_socket[PID: 114 (klogd)]: family:1, type:1, protocol:0
[   13.465297] firmadyne: sys_socket[PID: 114 (klogd)]: family:1, type:2, protocol:0
nvram_set: usb_info_dev97 = "A200396E0402FF83@1@14.4G@U@1@USB_Storage;U:;0;0@"
sem_get: Key: 410f00a4
[   13.472104] firmadyne: sys_socket[PID: 114 (klogd)]: family:1, type:1, protocol:0
[   13.473288] firmadyne: sys_socket[PID: 114 (klogd)]: family:1, type:2, protocol:0
sem_get: Key: 410f00a4
nvram_set[   13.480002] firmadyne: sys_socket[PID: 114 (klogd)]: family:1, type:1, protocol:0
[   13.481204] firmadyne: sys_socket[PID: 114 (klogd)]: family:1, type:2, protocol:0
: usb_info_dev98 = "A200396E0402FF83@1@14.4G@U@1@USB_Storage;U:;0;0@"
sem_get: Key: 410f00a4
[   13.487703] firmadyne: sys_socket[PID: 114 (klogd)]: family:1, type:1, protocol:0
[   13.488861] firmadyne: sys_socket[PID: 114 (klogd)]: family:1, type:2, protocol:0
[   13.491160] firmadyne: sys_socket[PID: 114 (klogd)]: family:1, type:1, protocol:0
sem_get: Key: 410f00a4
nvram_set[   13.496252] firmadyne: sys_socket[PID: 114 (klogd)]: family:1, type:2, protocol:0
[   13.498575] firmadyne: sys_socket[PID: 114 (klogd)]: family:1, type:1, protocol:0
: usb_info_dev99 = "A200396E0402FF83@1@14.4G@U@1@USB_Storage;U:;0;0@"
sem_get: Key: 410f00a4
[   13.503977] firmadyne: sys_socket[PID: 114 (klogd)]: family:1, type:2, protocol:0
[   13.506286] firmadyne: sys_socket[PID: 114 (klogd)]: family:1, type:1, protocol:0
sem_get: Key: 410f00a4
nvram_set: [   13.511708] firmadyne: sys_socket[PID: 114 (klogd)]: family:1, type:2, protocol:0
[   13.514061] firmadyne: sys_socket[PID: 114 (klogd)]: family:1, type:1, protocol:0
[   13.515171] firmadyne: sys_socket[PID: 114 (klogd)]: family:1, type:2, protocol:0
usb_info_dev100 = "A200396E0402FF83@1@14.4G@U@1@USB_Storage;U:;0;0@"
sem_get: Key: 410f00a4
sem_get: Key: 410f00a4
nvram_set[   13.525177] firmadyne: sys_socket[PID: 114 (klogd)]: family:1, type:1, protocol:0
[   13.526313] firmadyne: sys_socket[PID: 114 (klogd)]: family:1, type:2, protocol:0
: wla_ap_isolate_1 = ""
sem_get: Key: 410f00a4
sem_get[   13.533169] firmadyne: sys_socket[PID: 114 (klogd)]: family:1, type:1, protocol:0
[   13.534336] firmadyne: sys_socket[PID: 114 (klogd)]: family:1, type:2, protocol:0
: Key: 410f00a4
nvram_set: wla_ap_isolate_2 = ""
[   13.540819] firmadyne: sys_socket[PID: 114 (klogd)]: family:1, type:1, protocol:0
[   13.541961] firmadyne: sys_socket[PID: 114 (klogd)]: family:1, type:2, protocol:0
sem_get: Key: 410f00a4
sem_get: Key: 410f00a4
[   13.548568] firmadyne: sys_socket[PID: 114 (klogd)]: family:1, type:1, protocol:0
[   13.549708] firmadyne: sys_socket[PID: 114 (klogd)]: family:1, type:2, protocol:0
nvram_set: wla_ap_isolate_3 = ""
sem_get: Key: 410f00a4[   13.556311] firmadyne: sys_socket[PID: 114 (klogd)]: family:1, type:1, protocol:0
[   13.557495] firmadyne: sys_socket[PID: 114 (klogd)]: family:1, type:2, protocol:0

sem_get: Key: 410f00a4
nvram_set[   13.565346] firmadyne: sys_socket[PID: 114 (klogd)]: family:1, type:1, protocol:0
[   13.566527] firmadyne: sys_socket[PID: 114 (klogd)]: family:1, type:2, protocol:0
[   13.568976] firmadyne: sys_socket[PID: 114 (klogd)]: family:1, type:1, protocol:0
[   13.570131] firmadyne: sys_socket[PID: 114 (klogd)]: family:1, type:2, protocol:0
: wla_ap_isolate_4 = ""
sem_get: Key: 410f00a4
sem_get: Key: 410f00a4
nvram_set: wlg_ap_isolate_1 = ""
sem_get: Key: 410f00a4
sem_get: Key: 410f00a4
nvram_set: wlg_ap_isolate_2 = ""
[   13.595829] firmadyne: sys_socket[PID: 114 (klogd)]: family:1, type:1, protocol:0
[   13.597010] firmadyne: sys_socket[PID: 114 (klogd)]: family:1, type:2, protocol:0
[   13.599285] firmadyne: sys_socket[PID: 114 (klogd)]: family:1, type:1, protocol:0
sem_get: Key: 410f00a4
sem_get: Key: [   13.604071] firmadyne: sys_socket[PID: 114 (klogd)]: family:1, type:2, protocol:0
[   13.606370] firmadyne: sys_socket[PID: 114 (klogd)]: family:1, type:1, protocol:0
410f00a4
nvram_set: wlg_ap_isolate_3 = ""
sem_get[   13.611991] firmadyne: sys_socket[PID: 114 (klogd)]: family:1, type:2, protocol:0
[   13.614294] firmadyne: sys_socket[PID: 114 (klogd)]: family:1, type:1, protocol:0
: Key: 410f00a4
sem_get: Key: 410f00a4
[   13.619619] firmadyne: sys_socket[PID: 114 (klogd)]: family:1, type:2, protocol:0
[   13.621998] firmadyne: sys_socket[PID: 114 (klogd)]: family:1, type:1, protocol:0
[   13.623114] firmadyne: sys_socket[PID: 114 (klogd)]: family:1, type:2, protocol:0
nvram_set: wlg_ap_isolate_4 = ""
sem_get: Key: 410f00a4[   13.629295] firmadyne: sys_socket[PID: 114 (klogd)]: family:1, type:1, protocol:0
[   13.630448] firmadyne: sys_socket[PID: 114 (klogd)]: family:1, type:2, protocol:0

sem_get: Key: 410f00a4
[   13.636859] firmadyne: sys_socket[PID: 114 (klogd)]: family:1, type:1, protocol:0
[   13.637994] firmadyne: sys_socket[PID: 114 (klogd)]: family:1, type:2, protocol:0
nvram_set: wlg_allow_access_1 = ""
sem_get: Key: 410f00a4
[   13.644373] firmadyne: sys_socket[PID: 114 (klogd)]: family:1, type:1, protocol:0
[   13.645572] firmadyne: sys_socket[PID: 114 (klogd)]: family:1, type:2, protocol:0
sem_get: Key: 410f00a4
nvram_set: wlg_allow_access_2[   13.652269] firmadyne: sys_socket[PID: 114 (klogd)]: family:1, type:1, protocol:0
[   13.653456] firmadyne: sys_socket[PID: 114 (klogd)]: family:1, type:2, protocol:0
 = ""
sem_get: Key: 410f00a4
sem_get: Key: 410f00a4[   13.660424] firmadyne: sys_socket[PID: 114 (klogd)]: family:1, type:1, protocol:0
[   13.661614] firmadyne: sys_socket[PID: 114 (klogd)]: family:1, type:2, protocol:0

nvram_set: wlg_allow_access_3 = ""
sem_get: Key: [   13.668358] firmadyne: sys_socket[PID: 114 (klogd)]: family:1, type:1, protocol:0
[   13.669524] firmadyne: sys_socket[PID: 114 (klogd)]: family:1, type:2, protocol:0
410f00a4
sem_get: Key: 410f00a4
[   13.676033] firmadyne: sys_socket[PID: 114 (klogd)]: family:1, type:1, protocol:0
[   13.677216] firmadyne: sys_socket[PID: 114 (klogd)]: family:1, type:2, protocol:0
nvram_set: wlg_allow_access_4 = ""
sem_get: Key: 410f00a4
[   13.683755] firmadyne: sys_socket[PID: 114 (klogd)]: family:1, type:1, protocol:0
[   13.684967] firmadyne: sys_socket[PID: 114 (klogd)]: family:1, type:2, protocol:0
[   13.687305] firmadyne: sys_socket[PID: 114 (klogd)]: family:1, type:1, protocol:0
sem_get: Key: 410f00a4
nvram_set: 0:macaddr = "01:23:45:67:89:ab"
sem_get: Key: 410f00a4
[   13.695954] firmadyne: sys_socket[PID: 114 (klogd)]: family:1, type:2, protocol:0
[   13.698206] firmadyne: sys_socket[PID: 114 (klogd)]: family:1, type:1, protocol:0
[   13.699319] firmadyne: sys_socket[PID: 114 (klogd)]: family:1, type:2, protocol:0
sem_get: Key: 410f00a4
[   13.705123] firmadyne: sys_socket[PID: 114 (klogd)]: family:1, type:1, protocol:0
[   13.706277] firmadyne: sys_socket[PID: 114 (klogd)]: family:1, type:2, protocol:0
nvram_set: 1:macaddr = "01:23:45:67:89:ab"
sem_get: Key: 410f00a4
[   13.713013] firmadyne: sys_socket[PID: 114 (klogd)]: family:1, type:1, protocol:0
[   13.714121] firmadyne: sys_socket[PID: 114 (klogd)]: family:1, type:2, protocol:0
sem_get: Key: 410f00a4
nvram_set: [   13.720672] firmadyne: sys_socket[PID: 114 (klogd)]: family:1, type:1, protocol:0
[   13.721869] firmadyne: sys_socket[PID: 114 (klogd)]: family:1, type:2, protocol:0
2:macaddr = "01:23:45:67:89:ab"
sem_get: Key: 410f00a4
[   13.728502] firmadyne: sys_socket[PID: 114 (klogd)]: family:1, type:1, protocol:0
[   13.729703] firmadyne: sys_socket[PID: 114 (klogd)]: family:1, type:2, protocol:0
sem_get: Key: 410f00a4
nvram_set: lan1_ifnames = "[   13.736309] firmadyne: sys_socket[PID: 114 (klogd)]: family:1, type:1, protocol:0
[   13.737489] firmadyne: sys_socket[PID: 114 (klogd)]: family:1, type:2, protocol:0
"
sem_get: Key: 410f00a4
sem_get: Key: 410f00a4
[   13.744289] firmadyne: sys_socket[PID: 114 (klogd)]: family:1, type:1, protocol:0
[   13.745468] firmadyne: sys_socket[PID: 114 (klogd)]: family:1, type:2, protocol:0
nvram_set: lan2_ifnames = ""
sem_get: Key: 410f00a4[   13.752117] firmadyne: sys_socket[PID: 114 (klogd)]: family:1, type:1, protocol:0
[   13.753305] firmadyne: sys_socket[PID: 114 (klogd)]: family:1, type:2, protocol:0

sem_get: Key: 410f00a4
nvram_set[   13.760121] firmadyne: sys_socket[PID: 114 (klogd)]: family:1, type:1, protocol:0
[   13.761275] firmadyne: sys_socket[PID: 114 (klogd)]: family:1, type:2, protocol:0
: lan3_ifnames = ""
sem_get: Key: 410f00a4
[   13.767859] firmadyne: sys_socket[PID: 114 (klogd)]: family:1, type:1, protocol:0
[   13.769070] firmadyne: sys_socket[PID: 114 (klogd)]: family:1, type:2, protocol:0
[   13.771510] firmadyne: sys_socket[PID: 114 (klogd)]: family:1, type:1, protocol:0
sem_get: Key: 410f00a4
[   13.776065] firmadyne: sys_socket[PID: 114 (klogd)]: family:1, type:2, protocol:0
[   13.778395] firmadyne: sys_socket[PID: 114 (klogd)]: family:1, type:1, protocol:0
nvram_set: lan4_ifnames = ""
sem_get: Key: 410f00a4
[   13.783843] firmadyne: sys_socket[PID: 114 (klogd)]: family:1, type:2, protocol:0
[   13.786143] firmadyne: sys_socket[PID: 114 (klogd)]: family:1, type:1, protocol:0
[   13.787281] firmadyne: sys_socket[PID: 114 (klogd)]: family:1, type:2, protocol:0
sem_get: Key: 410f00a4
nvram_set: lan5_ifnames = ""
sem_get: Key: 410f00a4
sem_get[   13.797354] firmadyne: sys_socket[PID: 114 (klogd)]: family:1, type:1, protocol:0
[   13.798488] firmadyne: sys_socket[PID: 114 (klogd)]: family:1, type:2, protocol:0
: Key: 410f00a4
nvram_set: lan6_ifnames = ""
[   13.805065] firmadyne: sys_socket[PID: 114 (klogd)]: family:1, type:1, protocol:0
[   13.806235] firmadyne: sys_socket[PID: 114 (klogd)]: family:1, type:2, protocol:0
sem_get: Key: 410f00a4
sem_get: Key: 410f00a4
[   13.812870] firmadyne: sys_socket[PID: 114 (klogd)]: family:1, type:1, protocol:0
[   13.814029] firmadyne: sys_socket[PID: 114 (klogd)]: family:1, type:2, protocol:0
nvram_set: lan7_ifnames = ""
sem_get: Key: 410f00a4[   13.820430] firmadyne: sys_socket[PID: 114 (klogd)]: family:1, type:1, protocol:0
[   13.821629] firmadyne: sys_socket[PID: 114 (klogd)]: family:1, type:2, protocol:0

sem_get: Key: 410f00a4
nvram_set[   13.828415] firmadyne: sys_socket[PID: 114 (klogd)]: family:1, type:1, protocol:0
[   13.829601] firmadyne: sys_socket[PID: 114 (klogd)]: family:1, type:2, protocol:0
: lan8_ifnames = ""
sem_get: Key: 410f00a4
sem_get[   13.836241] firmadyne: sys_socket[PID: 114 (klogd)]: family:1, type:1, protocol:0
[   13.837417] firmadyne: sys_socket[PID: 114 (klogd)]: family:1, type:2, protocol:0
: Key: 410f00a4
nvram_set: lan9_ifnames[   13.844004] firmadyne: sys_socket[PID: 114 (klogd)]: family:1, type:1, protocol:0
[   13.845198] firmadyne: sys_socket[PID: 114 (klogd)]: family:1, type:2, protocol:0
 = ""
sem_get: Key: 410f00a4
sem_get: Key: 410f00a4[   13.852011] firmadyne: sys_socket[PID: 114 (klogd)]: family:1, type:1, protocol:0
[   13.853186] firmadyne: sys_socket[PID: 114 (klogd)]: family:1, type:2, protocol:0

nvram_set_default: Loading built-in default values = 1!
nvram_set_default: Checking for symbol "router_defaults"...
[   13.860195] firmadyne: sys_socket[PID: 114 (klogd)]: family:1, type:1, protocol:0
[   13.861402] firmadyne: sys_socket[PID: 114 (klogd)]: family:1, type:2, protocol:0
nvram_set_default: Checking for symbol "Nvrams"...
[   13.868691] firmadyne: sys_socket[PID: 114 (klogd)]: family:1, type:1, protocol:0
[   13.869853] firmadyne: sys_socket[PID: 114 (klogd)]: family:1, type:2, protocol:0
[   13.872284] firmadyne: sys_socket[PID: 114 (klogd)]: family:1, type:1, protocol:0
[   13.873401] firmadyne: sys_socket[PID: 114 (klogd)]: family:1, type:2, protocol:0
[   13.879897] firmadyne: sys_socket[PID: 114 (klogd)]: family:1, type:1, protocol:0
[   13.881044] firmadyne: sys_socket[PID: 114 (klogd)]: family:1, type:2, protocol:0
[   13.883517] firmadyne: sys_socket[PID: 114 (klogd)]: family:1, type:1, protocol:0
nvram_set: time_zone = "GMT+8"
sem_get: Key: 410f00a4
[   13.892077] firmadyne: sys_socket[PID: 114 (klogd)]: family:1, type:2, protocol:0
[   13.894375] firmadyne: sys_socket[PID: 114 (klogd)]: family:1, type:1, protocol:0
sem_get: Key: 410f00a4
[   13.899699] firmadyne: sys_socket[PID: 114 (klogd)]: family:1, type:2, protocol:0
[   13.902074] firmadyne: sys_socket[PID: 114 (klogd)]: family:1, type:1, protocol:0
[   13.903209] firmadyne: sys_socket[PID: 114 (klogd)]: family:1, type:2, protocol:0
nvram_set: time_daylight = ""
sem_get[   13.909389] firmadyne: sys_socket[PID: 114 (klogd)]: family:1, type:1, protocol:0
[   13.910522] firmadyne: sys_socket[PID: 114 (klogd)]: family:1, type:2, protocol:0
: Key: 410f00a4
sem_get: Key: 410f00a4
[   13.916819] firmadyne: sys_socket[PID: 114 (klogd)]: family:1, type:1, protocol:0
[   13.918003] firmadyne: sys_socket[PID: 114 (klogd)]: family:1, type:2, protocol:0
nvram_set: restore_default[   13.924915] firmadyne: sys_socket[PID: 114 (klogd)]: family:1, type:1, protocol:0
[   13.926110] firmadyne: sys_socket[PID: 114 (klogd)]: family:1, type:2, protocol:0
 = "0"
sem_get: Key: 410f00a4
[   13.932589] firmadyne: sys_socket[PID: 114 (klogd)]: family:1, type:1, protocol:0
[   13.933787] firmadyne: sys_socket[PID: 114 (klogd)]: family:1, type:2, protocol:0
sem_get: Key: 410f00a4
nvram_set: wiz_language = "English"
sem_get: Key: 410f00a4
sem_get: Key: 410f00a4
[   13.955765] firmadyne: sys_socket[PID: 114 (klogd)]: family:1, type:1, protocol:0
[   13.956979] firmadyne: sys_socket[PID: 114 (klogd)]: family:1, type:2, protocol:0
[   13.959304] firmadyne: sys_socket[PID: 114 (klogd)]: family:1, type:1, protocol:0
nvram_set: wiz_country = "US"
sem_get: Key: 410f00a4[   13.968172] firmadyne: sys_socket[PID: 114 (klogd)]: family:1, type:2, protocol:0
[   13.970465] firmadyne: sys_socket[PID: 114 (klogd)]: family:1, type:1, protocol:0

sem_get: Key: 410f00a4
[   13.975920] firmadyne: sys_socket[PID: 114 (klogd)]: family:1, type:2, protocol:0
[   13.978213] firmadyne: sys_socket[PID: 114 (klogd)]: family:1, type:1, protocol:0
[   13.979519] firmadyne: sys_socket[PID: 114 (klogd)]: family:1, type:2, protocol:0
nvram_set: fix_ipaddr = ""
sem_get: Key: 410f00a4
sem_get: Key: 410f00a4
[   13.989339] firmadyne: sys_socket[PID: 114 (klogd)]: family:1, type:1, protocol:0
[   13.990494] firmadyne: sys_socket[PID: 114 (klogd)]: family:1, type:2, protocol:0
[   13.993137] firmadyne: sys_socket[PID: 114 (klogd)]: family:1, type:1, protocol:0
[   13.994250] firmadyne: sys_socket[PID: 114 (klogd)]: family:1, type:2, protocol:0
nvram_set: fix_netmask[   14.000987] firmadyne: sys_socket[PID: 114 (klogd)]: family:1, type:1, protocol:0
[   14.002166] firmadyne: sys_socket[PID: 114 (klogd)]: family:1, type:2, protocol:0
 = ""
sem_get: Key: 410f00a4
sem_get: Key: 410f00a4[   14.009031] firmadyne: sys_socket[PID: 114 (klogd)]: family:1, type:1, protocol:0
[   14.010177] firmadyne: sys_socket[PID: 114 (klogd)]: family:1, type:2, protocol:0

nvram_set: [   14.016910] firmadyne: sys_socket[PID: 114 (klogd)]: family:1, type:1, protocol:0
[   14.018062] firmadyne: sys_socket[PID: 114 (klogd)]: family:1, type:2, protocol:0
fix_gateway = ""
sem_get: Key: 410f00a4
sem_get[   14.024692] firmadyne: sys_socket[PID: 114 (klogd)]: family:1, type:1, protocol:0
[   14.025899] firmadyne: sys_socket[PID: 114 (klogd)]: family:1, type:2, protocol:0
: Key: 410f00a4
[   14.032412] firmadyne: sys_socket[PID: 114 (klogd)]: family:1, type:1, protocol:0
[   14.033591] firmadyne: sys_socket[PID: 114 (klogd)]: family:1, type:2, protocol:0
nvram_set: wan_ifname = "ppp0"
sem_get: Key: 410f00a4
[   14.040220] firmadyne: sys_socket[PID: 114 (klogd)]: family:1, type:1, protocol:0
[   14.041418] firmadyne: sys_socket[PID: 114 (klogd)]: family:1, type:2, protocol:0
sem_get: Key: 410f00a4
[   14.047854] firmadyne: sys_socket[PID: 114 (klogd)]: family:1, type:1, protocol:0
[   14.049024] firmadyne: sys_socket[PID: 114 (klogd)]: family:1, type:2, protocol:0
[   14.051288] firmadyne: sys_socket[PID: 114 (klogd)]: family:1, type:1, protocol:0
nvram_set: wan_mode = "[   14.056119] firmadyne: sys_socket[PID: 114 (klogd)]: family:1, type:2, protocol:0
[   14.058463] firmadyne: sys_socket[PID: 114 (klogd)]: family:1, type:1, protocol:0
pppoe"
sem_get: Key: 410f00a4
sem_get: Key: [   14.064215] firmadyne: sys_socket[PID: 114 (klogd)]: family:1, type:2, protocol:0
[   14.066566] firmadyne: sys_socket[PID: 114 (klogd)]: family:1, type:1, protocol:0
410f00a4
[   14.071994] firmadyne: sys_socket[PID: 114 (klogd)]: family:1, type:2, protocol:0
[   14.074309] firmadyne: sys_socket[PID: 114 (klogd)]: family:1, type:1, protocol:0
nvram_set: wan_iptype = "Dynamic"
sem_get: Key: 410f00a4
[   14.079930] firmadyne: sys_socket[PID: 114 (klogd)]: family:1, type:2, protocol:0
[   14.082359] firmadyne: sys_socket[PID: 114 (klogd)]: family:1, type:1, protocol:0
sem_get: Key: 410f00a4
[   14.087696] firmadyne: sys_socket[PID: 114 (klogd)]: family:1, type:2, protocol:0
[   14.090129] firmadyne: sys_socket[PID: 114 (klogd)]: family:1, type:1, protocol:0
nvram_set: wan_ipaddr = ""
sem_get[   14.095622] firmadyne: sys_socket[PID: 114 (klogd)]: family:1, type:2, protocol:0
[   14.097982] firmadyne: sys_socket[PID: 114 (klogd)]: family:1, type:1, protocol:0
[   14.099101] firmadyne: sys_socket[PID: 114 (klogd)]: family:1, type:2, protocol:0
: Key: 410f00a4
sem_get: Key: 410f00a4
nvram_set: wan_netmask[   14.109353] firmadyne: sys_socket[PID: 114 (klogd)]: family:1, type:1, protocol:0
