[    0.000000] Linux version 4.1.17+ (alessio@pc) (gcc version 5.5.0 20171010 (Ubuntu 5.5.0-12ubuntu1) ) #1 Mon May 15 23:04:08 CEST 2023
[    0.000000] earlycon: Early serial console at I/O port 0x3f8 (options '38400n8')
[    0.000000] bootconsole [uart0] enabled
[    0.000000] CPU0 revision is: 00019300 (MIPS 24Kc)
[    0.000000] FPU revision is: 00739300
[    0.000000] Software DMA cache coherency enabled
[    0.000000] Determined physical RAM map:
[    0.000000]  memory: 00001000 @ 00000000 (reserved)
[    0.000000]  memory: 000ef000 @ 00001000 (ROM data)
[    0.000000]  memory: 00798000 @ 000f0000 (reserved)
[    0.000000]  memory: 0f777000 @ 00888000 (usable)
[    0.000000] debug: ignoring loglevel setting.
[    0.000000] Wasting 69888 bytes for tracking 2184 unused pages
[    0.000000] Initrd not found or empty - disabling initrd
[    0.000000] Zone ranges:
[    0.000000]   DMA      [mem 0x0000000000000000-0x0000000000ffffff]
[    0.000000]   Normal   [mem 0x0000000001000000-0x000000000fffefff]
[    0.000000] Movable zone start for each node
[    0.000000] Early memory node ranges
[    0.000000]   node   0: [mem 0x0000000000000000-0x000000000fffefff]
[    0.000000] Initmem setup node 0 [mem 0x0000000000000000-0x000000000fffefff]
[    0.000000] On node 0 totalpages: 65535
[    0.000000] free_area_init_node: node 0, pgdat 8081d5b0, node_mem_map 81000000
[    0.000000]   DMA zone: 32 pages used for memmap
[    0.000000]   DMA zone: 0 pages reserved
[    0.000000]   DMA zone: 4096 pages, LIFO batch:0
[    0.000000]   Normal zone: 480 pages used for memmap
[    0.000000]   Normal zone: 61439 pages, LIFO batch:15
[    0.000000] Primary instruction cache 2kB, VIPT, 2-way, linesize 16 bytes.
[    0.000000] Primary data cache 2kB, 2-way, VIPT, no aliases, linesize 16 bytes
[    0.000000] pcpu-alloc: s0 r0 d32768 u32768 alloc=1*32768
[    0.000000] pcpu-alloc: [0] 0 
[    0.000000] Built 1 zonelists in Zone order, mobility grouping on.  Total pages: 65023
[    0.000000] Kernel command line: root=/dev/sda1 console=ttyS0 nandsim.parts=64,64,64,64,64,64,64,64,64,64 rdinit=/firmadyne/preInit.sh rw debug ignore_loglevel print-fatal-signals=1 FIRMAE_NET=true FIRMAE_NVRAM=true FIRMAE_KERNEL=true FIRMAE_ETC=true user_debug=0 firmadyne.syscall=1 noka
[    0.000000] found FIRMAE_KERNEL=t
[    0.000000] set the LD_PRELOAD=/firmadyne/libnvram_ioctl.so
[    0.000000] PID hash table entries: 1024 (order: 0, 4096 bytes)
[    0.000000] Dentry cache hash table entries: 32768 (order: 5, 131072 bytes)
[    0.000000] Inode-cache hash table entries: 16384 (order: 4, 65536 bytes)
[    0.000000] Writing ErrCtl register=00000000
[    0.000000] Readback ErrCtl register=00000000
[    0.000000] Memory: 251112K/262140K available (5360K kernel code, 244K rwdata, 1676K rodata, 260K init, 158K bss, 11028K reserved, 0K cma-reserved)
[    0.000000] NR_IRQS:256
[    0.000000] CPU frequency 200.00 MHz
[    0.000000] clocksource MIPS: mask: 0xffffffff max_cycles: 0xffffffff, max_idle_ns: 19112259683 ns
[    0.000216] sched_clock: 32 bits at 100MHz, resolution 9ns, wraps every 21474449403ns
[    0.015967] Console: colour dummy device 80x25
[    0.017142] Calibrating delay loop... 23.45 BogoMIPS (lpj=46912)
[    0.065064] pid_max: default: 32768 minimum: 301
[    0.069663] Mount-cache hash table entries: 1024 (order: 0, 4096 bytes)
[    0.070245] Mountpoint-cache hash table entries: 1024 (order: 0, 4096 bytes)
[    0.138455] clocksource jiffies: mask: 0xffffffff max_cycles: 0xffffffff, max_idle_ns: 7645041785100000 ns
[    0.150171] NET: Registered protocol family 16
[    0.448126] clocksource pit: mask: 0xffffffff max_cycles: 0xffffffff, max_idle_ns: 1601818034827 ns
[    0.613762] vgaarb: loaded
[    0.619908] SCSI subsystem initialized
[    0.622546] libata version 3.00 loaded.
[    0.627246] usbcore: registered new interface driver usbfs
[    0.628930] usbcore: registered new interface driver hub
[    0.630110] usbcore: registered new device driver usb
[    0.633167] pps_core: LinuxPPS API ver. 1 registered
[    0.633620] pps_core: Software ver. 5.3.6 - Copyright 2005-2007 Rodolfo Giometti <giometti@linux.it>
[    0.634602] PTP clock support registered
[    0.639667] PCI host bridge to bus 0000:00
[    0.640437] pci_bus 0000:00: root bus resource [mem 0x10000000-0x17ffffff]
[    0.641267] pci_bus 0000:00: root bus resource [io  0x1000-0x1fffff]
[    0.641916] pci_bus 0000:00: root bus resource [??? 0x00000000 flags 0x0]
[    0.642542] pci_bus 0000:00: No busn resource found for root bus, will use [bus 00-ff]
[    0.643879] pci 0000:00:00.0: [11ab:4620] type 00 class 0x060000
[    0.644836] pci 0000:00:00.0: [Firmware Bug]: reg 0x14: invalid BAR (can't size)
[    0.645657] pci 0000:00:00.0: [Firmware Bug]: reg 0x18: invalid BAR (can't size)
[    0.646269] pci 0000:00:00.0: [Firmware Bug]: reg 0x1c: invalid BAR (can't size)
[    0.646893] pci 0000:00:00.0: [Firmware Bug]: reg 0x20: invalid BAR (can't size)
[    0.647542] pci 0000:00:00.0: [Firmware Bug]: reg 0x24: invalid BAR (can't size)
[    0.651850] pci 0000:00:0a.0: [8086:7110] type 00 class 0x060100
[    0.655607] pci 0000:00:0a.1: [8086:7111] type 00 class 0x010180
[    0.656441] pci 0000:00:0a.1: reg 0x20: [io  0x0000-0x000f]
[    0.657089] pci 0000:00:0a.1: legacy IDE quirk: reg 0x10: [io  0x01f0-0x01f7]
[    0.657707] pci 0000:00:0a.1: legacy IDE quirk: reg 0x14: [io  0x03f6]
[    0.658486] pci 0000:00:0a.1: legacy IDE quirk: reg 0x18: [io  0x0170-0x0177]
[    0.659099] pci 0000:00:0a.1: legacy IDE quirk: reg 0x1c: [io  0x0376]
[    0.662711] pci 0000:00:0a.2: [8086:7112] type 00 class 0x0c0300
[    0.663453] pci 0000:00:0a.2: reg 0x20: [io  0x0000-0x001f]
[    0.666917] pci 0000:00:0a.3: [8086:7113] type 00 class 0x068000
[    0.668434] pci 0000:00:0a.3: quirk: [io  0x1000-0x103f] claimed by PIIX4 ACPI
[    0.669145] pci 0000:00:0a.3: quirk: [io  0x1100-0x110f] claimed by PIIX4 SMB
[    0.672747] pci 0000:00:12.0: [1013:00b8] type 00 class 0x030000
[    0.673415] pci 0000:00:12.0: reg 0x10: [mem 0x00000000-0x01ffffff pref]
[    0.674034] pci 0000:00:12.0: reg 0x14: [mem 0x00000000-0x00000fff]
[    0.674906] pci 0000:00:12.0: reg 0x30: [mem 0x00000000-0x0000ffff pref]
[    0.677729] vgaarb: device added: PCI:0000:00:12.0,decodes=io+mem,owns=none,locks=none
[    0.679278] pci 0000:00:13.0: [8086:100e] type 00 class 0x020000
[    0.679926] pci 0000:00:13.0: reg 0x10: [mem 0x00000000-0x0001ffff]
[    0.680515] pci 0000:00:13.0: reg 0x14: [io  0x0000-0x003f]
[    0.681168] pci 0000:00:13.0: reg 0x30: [mem 0x00000000-0x0003ffff pref]
[    0.684669] pci 0000:00:14.0: [8086:100e] type 00 class 0x020000
[    0.685327] pci 0000:00:14.0: reg 0x10: [mem 0x00000000-0x0001ffff]
[    0.685936] pci 0000:00:14.0: reg 0x14: [io  0x0000-0x003f]
[    0.686609] pci 0000:00:14.0: reg 0x30: [mem 0x00000000-0x0003ffff pref]
[    0.690227] pci 0000:00:15.0: [8086:100e] type 00 class 0x020000
[    0.690867] pci 0000:00:15.0: reg 0x10: [mem 0x00000000-0x0001ffff]
[    0.691639] pci 0000:00:15.0: reg 0x14: [io  0x0000-0x003f]
[    0.692297] pci 0000:00:15.0: reg 0x30: [mem 0x00000000-0x0003ffff pref]
[    0.695710] pci 0000:00:16.0: [8086:100e] type 00 class 0x020000
[    0.696373] pci 0000:00:16.0: reg 0x10: [mem 0x00000000-0x0001ffff]
[    0.696977] pci 0000:00:16.0: reg 0x14: [io  0x0000-0x003f]
[    0.697668] pci 0000:00:16.0: reg 0x30: [mem 0x00000000-0x0003ffff pref]
[    0.701332] pci_bus 0000:00: busn_res: [bus 00-ff] end is updated to 00
[    0.702917] pci 0000:00:12.0: BAR 0: assigned [mem 0x10000000-0x11ffffff pref]
[    0.703750] pci 0000:00:13.0: BAR 6: assigned [mem 0x12000000-0x1203ffff pref]
[    0.704625] pci 0000:00:14.0: BAR 6: assigned [mem 0x12040000-0x1207ffff pref]
[    0.705309] pci 0000:00:15.0: BAR 6: assigned [mem 0x12080000-0x120bffff pref]
[    0.705985] pci 0000:00:16.0: BAR 6: assigned [mem 0x120c0000-0x120fffff pref]
[    0.706673] pci 0000:00:13.0: BAR 0: assigned [mem 0x12100000-0x1211ffff]
[    0.707344] pci 0000:00:14.0: BAR 0: assigned [mem 0x12120000-0x1213ffff]
[    0.708172] pci 0000:00:15.0: BAR 0: assigned [mem 0x12140000-0x1215ffff]
[    0.708868] pci 0000:00:16.0: BAR 0: assigned [mem 0x12160000-0x1217ffff]
[    0.709573] pci 0000:00:12.0: BAR 6: assigned [mem 0x12180000-0x1218ffff pref]
[    0.710245] pci 0000:00:12.0: BAR 1: assigned [mem 0x12190000-0x12190fff]
[    0.710910] pci 0000:00:13.0: BAR 1: assigned [io  0x1040-0x107f]
[    0.711544] pci 0000:00:14.0: BAR 1: assigned [io  0x1080-0x10bf]
[    0.712337] pci 0000:00:15.0: BAR 1: assigned [io  0x10c0-0x10ff]
[    0.712977] pci 0000:00:16.0: BAR 1: assigned [io  0x1400-0x143f]
[    0.713611] pci 0000:00:0a.2: BAR 4: assigned [io  0x1440-0x145f]
[    0.714241] pci 0000:00:0a.1: BAR 4: assigned [io  0x1460-0x146f]
[    0.735609] cfg80211: Calling CRDA to update world regulatory domain
[    0.751024] Switched to clocksource MIPS
[    0.883554] NET: Registered protocol family 2
[    0.897190] TCP established hash table entries: 2048 (order: 1, 8192 bytes)
[    0.898455] TCP bind hash table entries: 2048 (order: 1, 8192 bytes)
[    0.899831] TCP: Hash tables configured (established 2048 bind 2048)
[    0.901037] UDP hash table entries: 256 (order: 0, 4096 bytes)
[    0.901821] UDP-Lite hash table entries: 256 (order: 0, 4096 bytes)
[    0.906551] NET: Registered protocol family 1
[    0.908622] PCI: Enabling device 0000:00:0a.2 (0000 -> 0001)
[    0.910312] PCI: CLS 0 bytes, default 16
[    0.947579] futex hash table entries: 256 (order: -1, 3072 bytes)
[    0.966447] squashfs: version 4.0 (2009/01/31) Phillip Lougher
[    0.969478] jffs2: version 2.2. (NAND) Â© 2001-2006 Red Hat, Inc.
[    0.973409] romfs: ROMFS MTD (C) 2007 Red Hat, Inc.
[    1.000672] Block layer SCSI generic (bsg) driver version 0.4 loaded (major 251)
[    1.001458] io scheduler noop registered
[    1.002281] io scheduler cfq registered (default)
[    1.003694] firmadyne: devfs: 1, execute: 1, procfs: 1, syscall: 1
[    1.010131] firmadyne: Cannot register character device: gpio, 0xfc, 0x0!
[    1.019994] firmadyne: Cannot register character device: watchdog, 0xa, 0x82!
[    1.020608] firmadyne: Cannot register character device: wdt, 0xfd, 0x0!
[    2.980070] strName = 4.1.17+
[    2.980070] init_task_addr  = 2155778944
[    2.980070] init_task_size  = 1296
[    2.980070] ts_tasks        = 292
[    2.980070] ts_pid          = 408
[    2.980070] ts_tgid         = 412
[    2.980070] ts_group_leader = 440
[    2.980070] ts_thread_group = 496
[    2.980070] ts_real_parent  = 416
[    2.980070] ts_mm           = 300
[    2.980070] ts_stack        = 4
[    2.982901] module_name   = 12
[    2.982901] module_size   = 208
[    2.982901] module_init   = 200
[    2.982901] module_list   = 4
[    2.984168] ts_real_cred    = 624
[    2.984168] ts_cred         = 628
[    2.984168] ts_comm         = 632
[    2.984168] cred_uid        = 4
[    2.984168] cred_gid        = 8
[    2.984168] cred_euid       = 20
[    2.984168] cred_egid       = 24
[    2.985965] mm_mmap         = 0
[    2.985965] mm_pgd          = 32
[    2.985965] mm_arg_start    = 136
[    2.985965] mm_start_brk    = 124
[    2.985965] mm_brk          = 128
[    2.985965] mm_start_stack  = 132
[    2.987812] vma_vm_start    = 0
[    2.987812] vma_vm_end      = 4
[    2.987812] vma_vm_next     = 8
[    2.987812] vma_vm_file     = 80
[    2.987812] vma_vm_flags    = 40
[    2.987812] vma_vm_pgoff    = 76
[    2.989455] file_dentry     = 12
[    2.989455] file_inode      = 40
[    2.989455] dentry_d_name   = 24
[    2.989455] dentry_d_iname  = 44
[    2.989455] dentry_d_parent = 16
[    2.989455] ti_task         = 0
[    2.989455] inode_ino   = 28
[    4.189730] proc_fork_connector  = 2151078840
[    4.190186] proc_exit_connector  = 2151080432
[    4.190572] proc_exec_connector  = 2151079052
[    4.191138] vma_link  = 2149124372
[    4.191473] vma_adjust  = 2149124540
[    4.191805] remove_vma  = 2149122188
[    4.192140] modules  = 2155833724
[    4.192461] trim_init_extable  = 2150545316
[    4.193928] cfg80211: Calling CRDA to update world regulatory domain
[    4.197865] PCI: Enabling device 0000:00:12.0 (0000 -> 0002)
[    4.199592] cirrusfb 0000:00:12.0: Cirrus Logic chipset on PCI bus, RAM (4096 kB) at 0x10000000
[    4.452081] Console: switching to colour frame buffer device 80x30
[    4.530844] Serial: 8250/16550 driver, 4 ports, IRQ sharing enabled
[    4.547321] console [ttyS0] disabled
[    4.575277] serial8250.0: ttyS0 at I/O 0x3f8 (irq = 4, base_baud = 115200) is a 16550A
[    4.576551] console [ttyS0] enabled
[    4.576551] console [ttyS0] enabled
[    4.577200] bootconsole [uart0] disabled
[    4.577200] bootconsole [uart0] disabled
[    4.608393] serial8250.0: ttyS1 at I/O 0x2f8 (irq = 3, base_baud = 115200) is a 16550A
[    4.746837] brd: module loaded
[    4.819753] loop: module loaded
[    4.827500] ata_piix 0000:00:0a.1: version 2.13
[    4.828157] PCI: Enabling device 0000:00:0a.1 (0000 -> 0001)
[    4.860676] scsi host0: ata_piix
[    4.867914] scsi host1: ata_piix
[    4.872509] ata1: PATA max UDMA/33 cmd 0x1f0 ctl 0x3f6 bmdma 0x1460 irq 14
[    4.873130] ata2: PATA max UDMA/33 cmd 0x170 ctl 0x376 bmdma 0x1468 irq 15
[    4.880981] [nandsim] warning: read_byte: unexpected data output cycle, state is STATE_READY return 0x0
[    4.881687] [nandsim] warning: read_byte: unexpected data output cycle, state is STATE_READY return 0x0
[    4.882381] [nandsim] warning: read_byte: unexpected data output cycle, state is STATE_READY return 0x0
[    4.883245] [nandsim] warning: read_byte: unexpected data output cycle, state is STATE_READY return 0x0
[    4.883929] [nandsim] warning: read_byte: unexpected data output cycle, state is STATE_READY return 0x0
[    4.884600] [nandsim] warning: read_byte: unexpected data output cycle, state is STATE_READY return 0x0
[    4.885482] nand: device found, Manufacturer ID: 0x98, Chip ID: 0x39
[    4.885980] nand: Toshiba NAND 128MiB 1,8V 8-bit
[    4.886460] nand: 128 MiB, SLC, erase size: 16 KiB, page size: 512, OOB size: 16
[    4.888538] flash size: 128 MiB
[    4.888847] page size: 512 bytes
[    4.889150] OOB area size: 16 bytes
[    4.889473] sector size: 16 KiB
[    4.889766] pages number: 262144
[    4.890063] pages per sector: 32
[    4.890363] bus width: 8
[    4.890631] bits in sector size: 14
[    4.891122] bits in page size: 9
[    4.891443] bits in OOB size: 4
[    4.891745] flash size with OOB: 135168 KiB
[    4.892088] page address bytes: 4
[    4.892397] sector address bytes: 3
[    4.892706] options: 0x42
[    4.989505] Scanning device for bad blocks
[    6.435958] ata1.01: NODEV after polling detection
[    6.437114] ata2.01: NODEV after polling detection
[    6.439654] ata2.00: ATAPI: QEMU DVD-ROM, 2.5+, max UDMA/100
[    6.442433] ata1.00: ATA-7: QEMU HARDDISK, 2.5+, max UDMA/100
[    6.443493] ata1.00: 2097152 sectors, multi 16: LBA48 
[    6.449794] ata2.00: configured for UDMA/33
[    6.453700] ata1.00: configured for UDMA/33
[    6.463173] scsi 0:0:0:0: Direct-Access     ATA      QEMU HARDDISK    2.5+ PQ: 0 ANSI: 5
[    6.482031] sd 0:0:0:0: [sda] 2097152 512-byte logical blocks: (1.07 GB/1.00 GiB)
[    6.484483] scsi 1:0:0:0: CD-ROM            QEMU     QEMU DVD-ROM     2.5+ PQ: 0 ANSI: 5
[    6.499261] sd 0:0:0:0: [sda] Write Protect is off
[    6.499891] sd 0:0:0:0: [sda] Mode Sense: 00 3a 00 00
[    6.501680] sd 0:0:0:0: [sda] Write cache: enabled, read cache: enabled, doesn't support DPO or FUA
[    6.515439]  sda: sda1
[    6.529799] sd 0:0:0:0: [sda] Attached SCSI disk
[    6.530481] Creating 11 MTD partitions on "NAND 128MiB 1,8V 8-bit":
[    6.531466] 0x000000000000-0x000000100000 : "NAND simulator partition 0"
[    6.544552] 0x000000100000-0x000000200000 : "NAND simulator partition 1"
[    6.556928] 0x000000200000-0x000000300000 : "NAND simulator partition 2"
[    6.569642] 0x000000300000-0x000000400000 : "NAND simulator partition 3"
[    6.582357] 0x000000400000-0x000000500000 : "NAND simulator partition 4"
[    6.595316] 0x000000500000-0x000000600000 : "NAND simulator partition 5"
[    6.608422] 0x000000600000-0x000000700000 : "NAND simulator partition 6"
[    6.621721] 0x000000700000-0x000000800000 : "NAND simulator partition 7"
[    6.635283] 0x000000800000-0x000000900000 : "NAND simulator partition 8"
[    6.647576] 0x000000900000-0x000000a00000 : "NAND simulator partition 9"
[    6.659972] 0x000000a00000-0x000008000000 : "NAND simulator partition 10"
[    6.713546] tun: Universal TUN/TAP device driver, 1.6
[    6.713983] tun: (C) 1999-2004 Max Krasnyansky <maxk@qualcomm.com>
[    6.718247] pcnet32: pcnet32.c:v1.35 21.Apr.2008 tsbogend@alpha.franken.de
[    6.719958] e1000: Intel(R) PRO/1000 Network Driver - version 7.3.21-k8-NAPI
[    6.720497] e1000: Copyright (c) 1999-2006 Intel Corporation.
[    6.721630] PCI: Enabling device 0000:00:13.0 (0000 -> 0003)
[    7.055796] e1000 0000:00:13.0 eth0: (PCI:33MHz:32-bit) 52:54:00:12:34:56
[    7.056711] e1000 0000:00:13.0 eth0: Intel(R) PRO/1000 Network Connection
[    7.057653] PCI: Enabling device 0000:00:14.0 (0000 -> 0003)
[    7.335425] cfg80211: Calling CRDA to update world regulatory domain
[    7.382652] e1000 0000:00:14.0 eth1: (PCI:33MHz:32-bit) 52:54:00:12:34:57
[    7.383589] e1000 0000:00:14.0 eth1: Intel(R) PRO/1000 Network Connection
[    7.384506] PCI: Enabling device 0000:00:15.0 (0000 -> 0003)
[    7.704985] e1000 0000:00:15.0 eth2: (PCI:33MHz:32-bit) 52:54:00:12:34:58
[    7.705665] e1000 0000:00:15.0 eth2: Intel(R) PRO/1000 Network Connection
[    7.706524] PCI: Enabling device 0000:00:16.0 (0000 -> 0003)
[    8.038095] e1000 0000:00:16.0 eth3: (PCI:33MHz:32-bit) 52:54:00:12:34:59
[    8.038756] e1000 0000:00:16.0 eth3: Intel(R) PRO/1000 Network Connection
[    8.040644] e1000e: Intel(R) PRO/1000 Network Driver - 2.3.2-k
[    8.041112] e1000e: Copyright(c) 1999 - 2014 Intel Corporation.
[    8.046871] PPP generic driver version 2.4.2
[    8.049710] PPP Deflate Compression module registered
[    8.050533] PPP MPPE Compression module registered
[    8.051228] NET: Registered protocol family 24
[    8.052147] ehci_hcd: USB 2.0 'Enhanced' Host Controller (EHCI) Driver
[    8.052776] ehci-pci: EHCI PCI platform driver
[    8.054245] ohci_hcd: USB 1.1 'Open' Host Controller (OHCI) Driver
[    8.054852] ohci-pci: OHCI PCI platform driver
[    8.056494] uhci_hcd: USB Universal Host Controller Interface driver
[    8.058549] uhci_hcd 0000:00:0a.2: UHCI Host Controller
[    8.059782] uhci_hcd 0000:00:0a.2: new USB bus registered, assigned bus number 1
[    8.061081] uhci_hcd 0000:00:0a.2: irq 11, io base 0x00001440
[    8.075408] hub 1-0:1.0: USB hub found
[    8.076385] hub 1-0:1.0: 2 ports detected
[    8.088712] usbcore: registered new interface driver usb-storage
[    8.094149] mousedev: PS/2 mouse device common for all mice
[    8.102265] rtc_cmos rtc_cmos: rtc core: registered rtc_cmos as rtc0
[    8.103357] rtc_cmos rtc_cmos: alarms up to one day, 242 bytes nvram
[    8.105172] i2c /dev entries driver
[    8.106733] piix4_smbus 0000:00:0a.3: SMBus Host Controller at 0x1100, revision 0
[    8.113045] sdhci: Secure Digital Host Controller Interface driver
[    8.113532] sdhci: Copyright(c) Pierre Ossman
[    8.116657] hidraw: raw HID events driver (C) Jiri Kosina
[    8.140808] usbcore: registered new interface driver usbhid
[    8.141252] usbhid: USB HID core driver
[    8.142622] Netfilter messages via NETLINK v0.30.
[    8.144507] nf_conntrack version 0.5.0 (3923 buckets, 15692 max)
[    8.148778] ctnetlink v0.93: registering with nfnetlink.
[    8.156443] ipip: IPv4 over IPv4 tunneling driver
[    8.173850] ip_tables: (C) 2000-2006 Netfilter Core Team
[    8.177575] arp_tables: (C) 2002 David S. Miller
[    8.180109] Initializing XFRM netlink socket
[    8.181632] NET: Registered protocol family 10
[    8.209742] ip6_tables: (C) 2000-2006 Netfilter Core Team
[    8.214608] sit: IPv6 over IPv4 tunneling driver
[    8.237074] NET: Registered protocol family 17
[    8.238264] bridge: automatic filtering via arp/ip/ip6tables has been deprecated. Update your scripts to load br_netfilter if you need this.
[    8.239981] Bridge firewalling registered
[    8.240521] Ebtables v2.0 registered
[    8.244691] 8021q: 802.1Q VLAN Support v1.8
[    8.272731] rtc_cmos rtc_cmos: setting system clock to 2025-07-27 22:53:21 UTC (1753656801)
[    8.288085] spurious 8259A interrupt: IRQ7.
[    8.300210] EXT2-fs (sda1): warning: mounting unchecked fs, running e2fsck is recommended
[    8.302679] VFS: Mounted root (ext2 filesystem) on device 8:1.
[    8.314249] Freeing YAMON memory: 956k freed
[    8.328216] Freeing unused kernel memory: 260K (8081f000 - 80860000)
[    8.444098] firmadyne: sys_reboot[PID: 48 (init)]: magic1:fee1dead, magic2:28121969, cmd:0
init started:  BusyBox v1.00 (2009.03.06-06:20+0000) multi-call binary
init started:  BusyBox v1.00 (2009.03.06-06:20+0000) multi-call binary
Starting pid 50, console /dev/ttyS0: '/usr/etc/rcS'
[    8.752303] firmadyne: do_execve: /firmadyne/console
[    8.753078] OFFSETS: offset of pid: 0x198 offset of comm: 0x278
[   10.479460] cfg80211: Calling CRDA to update world regulatory domain
insmod: cannot open module `/lib/modules/vnet.ko': No such file or directory
[   13.338525] random: nonblocking pool is initialized
[   13.373652] firmadyne: ioctl: 0x1
insmod finish
BcmAtm_Initialize: open error 6
/usr/sbin/atmctl: ATM driver return code, state error
[   13.623499] cfg80211: Calling CRDA to update world regulatory domain
BcmAdsl : open error 6
/usr/sbin/adslctl: BcmAdsl_Initialize error
BcmAdsl : open error 6
/usr/sbin/adslctl->ConnectionHandler: BcmAdsl_ConnectionStart error
BcmAtm_Initialize: open error 6
ATM Operation Failed , 2 
/usr/sbin/atmctl: ATM driver return code, state error
[   13.830273] firmadyne: sys_socket[PID: 103 (brctl)]: family:2, type:2, protocol:0
[   13.905293] firmadyne: sys_socket[PID: 104 (brctl)]: family:2, type:2, protocol:0
[   13.966711] firmadyne: sys_socket[PID: 105 (ifconfig)]: family:2, type:1, protocol:0
[   13.982109] IPv6: ADDRCONF(NETDEV_UP): eth0: link is not ready
[   13.982828] 8021q: adding VLAN 0 to HW filter on device eth0
[   13.988994] e1000: eth0 NIC Link is Up 1000 Mbps Full Duplex, Flow Control: RX
[   13.991482] IPv6: ADDRCONF(NETDEV_CHANGE): eth0: link becomes ready
[   14.056806] firmadyne: sys_socket[PID: 106 (brctl)]: family:2, type:2, protocol:0
[   14.058478] firmadyne: sys_socket[PID: 106 (brctl)]: family:10, type:1, protocol:0
[   14.061796] firmadyne: br_add_if[PID: 106 (brctl)]: br:br0 dev:eth0
[   14.068726] device eth0 entered promiscuous mode
[   14.132258] firmadyne: sys_socket[PID: 107 (ifconfig)]: family:2, type:1, protocol:0
[   14.145180] IPv6: ADDRCONF(NETDEV_UP): eth1: link is not ready
[   14.145971] 8021q: adding VLAN 0 to HW filter on device eth1
[   14.151688] e1000: eth1 NIC Link is Up 1000 Mbps Full Duplex, Flow Control: RX
[   14.153050] IPv6: ADDRCONF(NETDEV_CHANGE): eth1: link becomes ready
[   14.214076] firmadyne: sys_socket[PID: 108 (brctl)]: family:2, type:2, protocol:0
[   14.215986] firmadyne: sys_socket[PID: 108 (brctl)]: family:10, type:1, protocol:0
[   14.217916] firmadyne: br_add_if[PID: 108 (brctl)]: br:br0 dev:eth1
[   14.224362] device eth1 entered promiscuous mode
[   14.354218] firmadyne: sys_socket[PID: 110 (ifconfig)]: family:2, type:1, protocol:0
[   14.357662] firmadyne: __inet_insert_ifa[PID: 110 (ifconfig)]: device:lo ifa:0x7f000001
[   14.361901] firmadyne: __inet_insert_ifa[PID: 110 (ifconfig)]: device:lo ifa:0x7f000001
[   14.432768] firmadyne: sys_socket[PID: 111 (route)]: family:2, type:1, protocol:0
[   14.756233] firmadyne: sys_socket[PID: 114 (klogd)]: family:1, type:1, protocol:0
[   14.758432] firmadyne: sys_socket[PID: 114 (klogd)]: family:1, type:2, protocol:0
[   14.774702] firmadyne: sys_socket[PID: 114 (klogd)]: family:1, type:1, protocol:0
[   14.776614] firmadyne: sys_socket[PID: 114 (klogd)]: family:1, type:2, protocol:0
[   14.787988] firmadyne: sys_socket[PID: 114 (klogd)]: family:1, type:1, protocol:0
[   14.789549] firmadyne: sys_socket[PID: 114 (klogd)]: family:1, type:2, protocol:0
[   14.796885] firmadyne: sys_socket[PID: 114 (klogd)]: family:1, type:1, protocol:0
[   14.798516] firmadyne: sys_socket[PID: 114 (klogd)]: family:1, type:2, protocol:0
[   14.805554] firmadyne: sys_socket[PID: 114 (klogd)]: family:1, type:1, protocol:0
[   14.807074] firmadyne: sys_socket[PID: 114 (klogd)]: family:1, type:2, protocol:0
[   14.817417] firmadyne: sys_socket[PID: 114 (klogd)]: family:1, type:1, protocol:0
[   14.819093] firmadyne: sys_socket[PID: 114 (klogd)]: family:1, type:2, protocol:0
[   14.830284] firmadyne: sys_socket[PID: 114 (klogd)]: family:1, type:1, protocol:0
[   14.835900] firmadyne: sys_socket[PID: 114 (klogd)]: family:1, type:2, protocol:0
[   14.838891] firmadyne: sys_socket[PID: 114 (klogd)]: family:1, type:1, protocol:0
[   14.847812] firmadyne: sys_socket[PID: 114 (klogd)]: family:1, type:2, protocol:0
[   14.850783] firmadyne: sys_socket[PID: 114 (klogd)]: family:1, type:1, protocol:0
[   14.860050] firmadyne: sys_socket[PID: 114 (klogd)]: family:1, type:2, protocol:0
[   14.863035] firmadyne: sys_socket[PID: 114 (klogd)]: family:1, type:1, protocol:0
[   14.864945] firmadyne: sys_socket[PID: 114 (klogd)]: family:1, type:2, protocol:0
[   14.868080] firmadyne: sys_socket[PID: 114 (klogd)]: family:1, type:1, protocol:0
[   14.869548] firmadyne: sys_socket[PID: 114 (klogd)]: family:1, type:2, protocol:0
nvram_init: [   14.881149] firmadyne: sys_socket[PID: 114 (klogd)]: family:1, type:1, protocol:0
[   14.882642] firmadyne: sys_socket[PID: 114 (klogd)]: family:1, type:2, protocol:0
Initializing NVRAM...
sem_get: Key: [   14.889392] firmadyne: sys_socket[PID: 114 (klogd)]: family:1, type:1, protocol:0
[   14.890862] firmadyne: sys_socket[PID: 114 (klogd)]: family:1, type:2, protocol:0
41012003
[   14.901615] firmadyne: sys_socket[PID: 114 (klogd)]: family:1, type:1, protocol:0
[   14.903347] firmadyne: sys_socket[PID: 114 (klogd)]: family:1, type:2, protocol:0
sem_get: Key: 410f00aa
nvram_set_default_builtin: Setting built-in default values![   14.913550] firmadyne: sys_socket[PID: 114 (klogd)]: family:1, type:1, protocol:0
[   14.915054] firmadyne: sys_socket[PID: 114 (klogd)]: family:1, type:2, protocol:0
[   14.918401] firmadyne: sys_socket[PID: 114 (klogd)]: family:1, type:1, protocol:0
[   14.920124] firmadyne: sys_socket[PID: 114 (klogd)]: family:1, type:2, protocol:0
[   14.923047] firmadyne: sys_socket[PID: 114 (klogd)]: family:1, type:1, protocol:0

nvram_set: console_loglevel = "7"
sem_get: Key: 410f00aa
[   14.931842] firmadyne: sys_socket[PID: 114 (klogd)]: family:1, type:2, protocol:0
[   14.934797] firmadyne: sys_socket[PID: 114 (klogd)]: family:1, type:1, protocol:0
sem_get: Key: 410f00aa
nvram_set: [   14.943869] firmadyne: sys_socket[PID: 114 (klogd)]: family:1, type:2, protocol:0
[   14.946809] firmadyne: sys_socket[PID: 114 (klogd)]: family:1, type:1, protocol:0
restore_defaults = "1"
sem_get: Key: 410f00aa
sem_get: Key: 410f00aa
[   14.956062] firmadyne: sys_socket[PID: 114 (klogd)]: family:1, type:2, protocol:0
[   14.959023] firmadyne: sys_socket[PID: 114 (klogd)]: family:1, type:1, protocol:0
nvram_set: sku_name = ""
sem_get: Key: 410f00aa
[   14.967991] firmadyne: sys_socket[PID: 114 (klogd)]: family:1, type:2, protocol:0
[   14.970967] firmadyne: sys_socket[PID: 114 (klogd)]: family:1, type:1, protocol:0
[   14.972880] firmadyne: sys_socket[PID: 114 (klogd)]: family:1, type:2, protocol:0
[   14.976079] firmadyne: sys_socket[PID: 114 (klogd)]: family:1, type:1, protocol:0
[   14.977530] firmadyne: sys_socket[PID: 114 (klogd)]: family:1, type:2, protocol:0
sem_get: Key: 410f00aa
nvram_set: wla_wlanstate = ""
sem_get: Key: 410f00aa
[   14.989051] firmadyne: sys_socket[PID: 114 (klogd)]: family:1, type:1, protocol:0
[   14.990533] firmadyne: sys_socket[PID: 114 (klogd)]: family:1, type:2, protocol:0
sem_get: Key: 410f00aa
[   14.997354] firmadyne: sys_socket[PID: 114 (klogd)]: family:1, type:1, protocol:0
[   14.998821] firmadyne: sys_socket[PID: 114 (klogd)]: family:1, type:2, protocol:0
nvram_set: lan_if = "br0"
sem_get: Key: 410f00aa
[   15.010809] firmadyne: sys_socket[PID: 114 (klogd)]: family:1, type:1, protocol:0
sem_get: Key: 410f00aa
nvram_set: lan_ipaddr = "192.168.0.50"
[   15.020142] firmadyne: sys_socket[PID: 114 (klogd)]: family:1, type:2, protocol:0
[   15.023314] firmadyne: sys_socket[PID: 114 (klogd)]: family:1, type:1, protocol:0
[   15.024998] firmadyne: sys_socket[PID: 114 (klogd)]: family:1, type:2, protocol:0
[   15.028333] firmadyne: sys_socket[PID: 114 (klogd)]: family:1, type:1, protocol:0
[   15.029805] firmadyne: sys_socket[PID: 114 (klogd)]: family:1, type:2, protocol:0
sem_get: Key: 410f00aa
sem_get: Key: 410f00aa
nvram_set: [   15.041056] firmadyne: sys_socket[PID: 114 (klogd)]: family:1, type:1, protocol:0
[   15.042540] firmadyne: sys_socket[PID: 114 (klogd)]: family:1, type:2, protocol:0
lan_bipaddr = "192.168.0.255"
sem_get: Key: 410f00aa[   15.049637] firmadyne: sys_socket[PID: 114 (klogd)]: family:1, type:1, protocol:0

sem_get: Key: 410f00aa
[   15.057742] firmadyne: sys_socket[PID: 114 (klogd)]: family:1, type:2, protocol:0
[   15.061063] firmadyne: sys_socket[PID: 114 (klogd)]: family:1, type:1, protocol:0
[   15.062512] firmadyne: sys_socket[PID: 114 (klogd)]: family:1, type:2, protocol:0
nvram_set: lan_netmask = "255.255.255.0"
sem_get: Key: 410f00aa
[   15.073418] firmadyne: sys_socket[PID: 114 (klogd)]: family:1, type:1, protocol:0
[   15.074906] firmadyne: sys_socket[PID: 114 (klogd)]: family:1, type:2, protocol:0
sem_get: Key: 410f00aa
nvram_set: time_zone = "PST8PDT"
sem_get[   15.085269] firmadyne: sys_socket[PID: 114 (klogd)]: family:1, type:1, protocol:0
[   15.086752] firmadyne: sys_socket[PID: 114 (klogd)]: family:1, type:2, protocol:0
[   15.090142] firmadyne: sys_socket[PID: 114 (klogd)]: family:1, type:1, protocol:0
[   15.091845] firmadyne: sys_socket[PID: 114 (klogd)]: family:1, type:2, protocol:0
[   15.094690] firmadyne: sys_socket[PID: 114 (klogd)]: family:1, type:1, protocol:0
: Key: 410f00aa
sem_get: Key: 410f00aa
nvram_set: wan_hwaddr_def = "01:23:45:67:89:ab"
sem_get: Key: 410f00aa
[   15.107833] firmadyne: sys_socket[PID: 114 (klogd)]: family:1, type:2, protocol:0
[   15.110749] firmadyne: sys_socket[PID: 114 (klogd)]: family:1, type:1, protocol:0
sem_get: Key: 410f00aa
nvram_set: wan_ifname = "eth0"
[   15.120103] firmadyne: sys_socket[PID: 114 (klogd)]: family:1, type:2, protocol:0
[   15.123044] firmadyne: sys_socket[PID: 114 (klogd)]: family:1, type:1, protocol:0
[   15.124953] firmadyne: sys_socket[PID: 114 (klogd)]: family:1, type:2, protocol:0
[   15.128095] firmadyne: sys_socket[PID: 114 (klogd)]: family:1, type:1, protocol:0
[   15.129555] firmadyne: sys_socket[PID: 114 (klogd)]: family:1, type:2, protocol:0
sem_get: Key: 410f00aa
sem_get: Key: 410f00aa
nvram_set: lan_ifnames[   15.141110] firmadyne: sys_socket[PID: 114 (klogd)]: family:1, type:1, protocol:0
[   15.142597] firmadyne: sys_socket[PID: 114 (klogd)]: family:1, type:2, protocol:0
 = "eth1 eth2 eth3 eth4"
sem_get: Key: 410f00aa
[   15.149575] firmadyne: sys_socket[PID: 114 (klogd)]: family:1, type:1, protocol:0
[   15.151093] firmadyne: sys_socket[PID: 114 (klogd)]: family:1, type:2, protocol:0
sem_get: Key: 410f00aa
nvram_set: ethConver = "1[   15.161624] firmadyne: sys_socket[PID: 114 (klogd)]: family:1, type:1, protocol:0
[   15.163454] firmadyne: sys_socket[PID: 114 (klogd)]: family:1, type:2, protocol:0
[   15.166298] firmadyne: sys_socket[PID: 114 (klogd)]: family:1, type:1, protocol:0
"
sem_get: Key: 410f00aa
sem_get: Key: 410f00aa
nvram_set[   15.176189] firmadyne: sys_socket[PID: 114 (klogd)]: family:1, type:2, protocol:0
[   15.179325] firmadyne: sys_socket[PID: 114 (klogd)]: family:1, type:1, protocol:0
: lan_proto = "dhcp"
sem_get: Key: 410f00aa
sem_get[   15.188511] firmadyne: sys_socket[PID: 114 (klogd)]: family:1, type:2, protocol:0
[   15.192346] firmadyne: sys_socket[PID: 114 (klogd)]: family:1, type:1, protocol:0
[   15.194088] firmadyne: sys_socket[PID: 114 (klogd)]: family:1, type:2, protocol:0
: Key: 410f00aa
nvram_set[   15.201601] firmadyne: sys_socket[PID: 114 (klogd)]: family:1, type:1, protocol:0
: wan_ipaddr = "0.0.0.0"
sem_get: Key: [   15.209234] firmadyne: sys_socket[PID: 114 (klogd)]: family:1, type:2, protocol:0
[   15.212398] firmadyne: sys_socket[PID: 114 (klogd)]: family:1, type:1, protocol:0
[   15.213859] firmadyne: sys_socket[PID: 114 (klogd)]: family:1, type:2, protocol:0
410f00aa
sem_get: Key: 410f00aa
nvram_set: wan_netmask = "[   15.224961] firmadyne: sys_socket[PID: 114 (klogd)]: family:1, type:1, protocol:0
[   15.226423] firmadyne: sys_socket[PID: 114 (klogd)]: family:1, type:2, protocol:0
255.255.255.0"
sem_get: Key: 410f00aa
[   15.233507] firmadyne: sys_socket[PID: 114 (klogd)]: family:1, type:1, protocol:0
[   15.235014] firmadyne: sys_socket[PID: 114 (klogd)]: family:1, type:2, protocol:0
sem_get: Key: 410f00aa
nvram_set: wanif = "eth0"
[   15.245414] firmadyne: sys_socket[PID: 114 (klogd)]: family:1, type:1, protocol:0
[   15.246892] firmadyne: sys_socket[PID: 114 (klogd)]: family:1, type:2, protocol:0
sem_get: Key: 410f00aa
sem_get: Key: 410f00aa
nvram_set[   15.257439] firmadyne: sys_socket[PID: 114 (klogd)]: family:1, type:1, protocol:0
[   15.258932] firmadyne: sys_socket[PID: 114 (klogd)]: family:1, type:2, protocol:0
[   15.262211] firmadyne: sys_socket[PID: 114 (klogd)]: family:1, type:1, protocol:0
[   15.263894] firmadyne: sys_socket[PID: 114 (klogd)]: family:1, type:2, protocol:0
[   15.266712] firmadyne: sys_socket[PID: 114 (klogd)]: family:1, type:1, protocol:0
: time_zone_x = "0"
sem_get: Key: 410f00aa
sem_get: Key: 410f00aa
[   15.276252] firmadyne: sys_socket[PID: 114 (klogd)]: family:1, type:2, protocol:0
nvram_set: rip_multicast = "0"
[   15.283702] firmadyne: sys_socket[PID: 114 (klogd)]: family:1, type:1, protocol:0
[   15.285205] firmadyne: sys_socket[PID: 114 (klogd)]: family:1, type:2, protocol:0
sem_get: Key: 410f00aa
sem_get[   15.292775] firmadyne: sys_socket[PID: 114 (klogd)]: family:1, type:1, protocol:0
[   15.294279] firmadyne: sys_socket[PID: 114 (klogd)]: family:1, type:2, protocol:0
: Key: 410f00aa
nvram_set: [   15.301344] firmadyne: sys_socket[PID: 114 (klogd)]: family:1, type:1, protocol:0
[   15.302799] firmadyne: sys_socket[PID: 114 (klogd)]: family:1, type:2, protocol:0
bs_trustedip_enable = "0"
sem_get: Key: 410f00aa
sem_get: Key: 410f00aa
[   15.313438] firmadyne: sys_socket[PID: 114 (klogd)]: family:1, type:1, protocol:0
[   15.314926] firmadyne: sys_socket[PID: 114 (klogd)]: family:1, type:2, protocol:0
nvram_set: et0macaddr = "01:23:45:67:89:ab"
sem_get: Key: 410f00aa
[   15.325268] firmadyne: sys_socket[PID: 114 (klogd)]: family:1, type:1, protocol:0
[   15.326730] firmadyne: sys_socket[PID: 114 (klogd)]: family:1, type:2, protocol:0
[   15.330084] firmadyne: sys_socket[PID: 114 (klogd)]: family:1, type:1, protocol:0
[   15.331769] firmadyne: sys_socket[PID: 114 (klogd)]: family:1, type:2, protocol:0
[   15.334600] firmadyne: sys_socket[PID: 114 (klogd)]: family:1, type:1, protocol:0
sem_get: Key: 410f00aa
nvram_set: filter_rule_tbl = ""
sem_get: Key: [   15.344139] firmadyne: sys_socket[PID: 114 (klogd)]: family:1, type:2, protocol:0
[   15.347065] firmadyne: sys_socket[PID: 114 (klogd)]: family:1, type:1, protocol:0
410f00aa
sem_get: Key: 410f00aa
nvram_set: pppoe2_schedule_config[   15.355990] firmadyne: sys_socket[PID: 114 (klogd)]: family:1, type:2, protocol:0
[   15.358887] firmadyne: sys_socket[PID: 114 (klogd)]: family:1, type:1, protocol:0
 = "127:0:0:23:59"
sem_get: Key: 410f00aa
sem_get: Key: 410f00aa
[   15.367851] firmadyne: sys_socket[PID: 114 (klogd)]: family:1, type:2, protocol:0
[   15.370725] firmadyne: sys_socket[PID: 114 (klogd)]: family:1, type:1, protocol:0
[   15.372701] firmadyne: sys_socket[PID: 114 (klogd)]: family:1, type:2, protocol:0
[   15.375829] firmadyne: sys_socket[PID: 114 (klogd)]: family:1, type:1, protocol:0
[   15.377290] firmadyne: sys_socket[PID: 114 (klogd)]: family:1, type:2, protocol:0
nvram_set: schedule_config = "127:0:0:23:59"
sem_get: Key: 410f00aa
sem_get[   15.388647] firmadyne: sys_socket[PID: 114 (klogd)]: family:1, type:1, protocol:0
[   15.390271] firmadyne: sys_socket[PID: 114 (klogd)]: family:1, type:2, protocol:0
: Key: 410f00aa
nvram_set: [   15.397326] firmadyne: sys_socket[PID: 114 (klogd)]: family:1, type:1, protocol:0
[   15.398787] firmadyne: sys_socket[PID: 114 (klogd)]: family:1, type:2, protocol:0
access_control_mode = "0"
sem_get: Key: 410f00aa
sem_get: Key: 410f00aa
[   15.411092] firmadyne: sys_socket[PID: 114 (klogd)]: family:1, type:1, protocol:0
[   15.412905] firmadyne: sys_socket[PID: 114 (klogd)]: family:1, type:2, protocol:0
nvram_set: fwpt_df_count = "0"
[   15.420539] firmadyne: sys_socket[PID: 114 (klogd)]: family:1, type:1, protocol:0
[   15.422054] firmadyne: sys_socket[PID: 114 (klogd)]: family:1, type:2, protocol:0
sem_get: Key: 410f00aa
sem_get[   15.429552] firmadyne: sys_socket[PID: 114 (klogd)]: family:1, type:1, protocol:0
[   15.431058] firmadyne: sys_socket[PID: 114 (klogd)]: family:1, type:2, protocol:0
: Key: 410f00aa
nvram_set: static_if_status = "1"
sem_get: Key: 410f00aa[   15.441479] firmadyne: sys_socket[PID: 114 (klogd)]: family:1, type:1, protocol:0
[   15.442973] firmadyne: sys_socket[PID: 114 (klogd)]: family:1, type:2, protocol:0
[   15.446260] firmadyne: sys_socket[PID: 114 (klogd)]: family:1, type:1, protocol:0
[   15.447970] firmadyne: sys_socket[PID: 114 (klogd)]: family:1, type:2, protocol:0
[   15.450792] firmadyne: sys_socket[PID: 114 (klogd)]: family:1, type:1, protocol:0

sem_get: Key: 410f00aa
nvram_set: www_relocation = ""
[   15.460412] firmadyne: sys_socket[PID: 114 (klogd)]: family:1, type:2, protocol:0
sem_get: Key: 410f00aa
sem_get: Key: [   15.467968] firmadyne: sys_socket[PID: 114 (klogd)]: family:1, type:1, protocol:0
[   15.469477] firmadyne: sys_socket[PID: 114 (klogd)]: family:1, type:2, protocol:0
410f00aa
nvram_set: [   15.476558] firmadyne: sys_socket[PID: 114 (klogd)]: family:1, type:1, protocol:0
[   15.478052] firmadyne: sys_socket[PID: 114 (klogd)]: family:1, type:2, protocol:0
usb_info_dev0 = "A200396E0402FF83@1@14.4G@U@1@USB_Storage;U:;0;0@"
sem_get: Key: 410f00aa
[   15.485588] firmadyne: sys_socket[PID: 114 (klogd)]: family:1, type:1, protocol:0
[   15.487306] firmadyne: sys_socket[PID: 114 (klogd)]: family:1, type:2, protocol:0
sem_get: Key: 410f00aa
nvram_set: usb_info_dev1 = "A200396E0402FF83@1@14.4G@U@1@USB_Storage;U:;0;0@[   15.497946] firmadyne: sys_socket[PID: 114 (klogd)]: family:1, type:1, protocol:0
[   15.499866] firmadyne: sys_socket[PID: 114 (klogd)]: family:1, type:2, protocol:0
[   15.502737] firmadyne: sys_socket[PID: 114 (klogd)]: family:1, type:1, protocol:0
"
sem_get: Key: 410f00aa
sem_get: Key: 410f00aa
[   15.511847] firmadyne: sys_socket[PID: 114 (klogd)]: family:1, type:2, protocol:0
[   15.514734] firmadyne: sys_socket[PID: 114 (klogd)]: family:1, type:1, protocol:0
nvram_set: usb_info_dev2 = "A200396E0402FF83@1@14.4G@U@1@USB_Storage;U:;0;0@"
sem_get: Key: 410f00aa
[   15.523846] firmadyne: sys_socket[PID: 114 (klogd)]: family:1, type:2, protocol:0
[   15.526732] firmadyne: sys_socket[PID: 114 (klogd)]: family:1, type:1, protocol:0
[   15.528725] firmadyne: sys_socket[PID: 114 (klogd)]: family:1, type:2, protocol:0
[   15.531851] firmadyne: sys_socket[PID: 114 (klogd)]: family:1, type:1, protocol:0
[   15.533322] firmadyne: sys_socket[PID: 114 (klogd)]: family:1, type:2, protocol:0
sem_get: Key: 410f00aa
nvram_set: usb_info_dev3 = "A200396E0402FF83@1@14.4G@U@1@USB_Storage;U:;0;0@"
sem_get: Key: 410f00aa[   15.544639] firmadyne: sys_socket[PID: 114 (klogd)]: family:1, type:1, protocol:0
[   15.546153] firmadyne: sys_socket[PID: 114 (klogd)]: family:1, type:2, protocol:0

sem_get: Key: 410f00aa
nvram_set: usb_info_dev4 = "A200396E0402FF83@1@14.4G@U@1@USB_Storage;U:;0;0@"
sem_get: Key: 410f00aa
sem_get: Key: 410f00aa
nvram_set: usb_info_dev5 = "A200396E0402FF83@1@14.4G@U@1@USB_Storage;U:;0;0@"
[   15.579825] firmadyne: sys_socket[PID: 114 (klogd)]: family:1, type:1, protocol:0
[   15.581344] firmadyne: sys_socket[PID: 114 (klogd)]: family:1, type:2, protocol:0
sem_get: Key: 410f00aa
sem_get[   15.589116] firmadyne: sys_socket[PID: 114 (klogd)]: family:1, type:1, protocol:0
[   15.590609] firmadyne: sys_socket[PID: 114 (klogd)]: family:1, type:2, protocol:0
: Key: 410f00aa
nvram_set[   15.597704] firmadyne: sys_socket[PID: 114 (klogd)]: family:1, type:1, protocol:0
: usb_info_dev6 = "A200396E0402FF83@1@14.4G@U@1@USB_Storage;U:;0;0@"
sem_get: Key: 410f00aa[   15.603765] firmadyne: sys_socket[PID: 114 (klogd)]: family:1, type:2, protocol:0
[   15.606757] firmadyne: sys_socket[PID: 114 (klogd)]: family:1, type:1, protocol:0

sem_get: Key: 410f00aa
nvram_set[   15.616243] firmadyne: sys_socket[PID: 114 (klogd)]: family:1, type:2, protocol:0
: usb_info_dev7 = "A200396E0402FF83@1@14.4G@U@1@USB_Storage;U:;0;0@"
sem_get: Key: 410f00aa[   15.623854] firmadyne: sys_socket[PID: 114 (klogd)]: family:1, type:1, protocol:0
[   15.625360] firmadyne: sys_socket[PID: 114 (klogd)]: family:1, type:2, protocol:0
[   15.628700] firmadyne: sys_socket[PID: 114 (klogd)]: family:1, type:1, protocol:0
[   15.630172] firmadyne: sys_socket[PID: 114 (klogd)]: family:1, type:2, protocol:0

sem_get: Key: 410f00aa
[   15.638311] firmadyne: sys_socket[PID: 114 (klogd)]: family:1, type:1, protocol:0
nvram_set: usb_info_dev8 = "[   15.643844] firmadyne: sys_socket[PID: 114 (klogd)]: family:1, type:2, protocol:0
[   15.646820] firmadyne: sys_socket[PID: 114 (klogd)]: family:1, type:1, protocol:0
A200396E0402FF83@1@14.4G@U@1@USB_Storage;U:;0;0@"
sem_get: Key: 410f00aa
sem_get: Key: 410f00aa
[   15.655845] firmadyne: sys_socket[PID: 114 (klogd)]: family:1, type:2, protocol:0
[   15.658833] firmadyne: sys_socket[PID: 114 (klogd)]: family:1, type:1, protocol:0
nvram_set: usb_info_dev9 = "A200396E0402FF83@1@14.4G@U@1@USB_Storage;U:;0;0@"
sem_get: Key: 410f00aa
[   15.667862] firmadyne: sys_socket[PID: 114 (klogd)]: family:1, type:2, protocol:0
[   15.670860] firmadyne: sys_socket[PID: 114 (klogd)]: family:1, type:1, protocol:0
[   15.672790] firmadyne: sys_socket[PID: 114 (klogd)]: family:1, type:2, protocol:0
[   15.676017] firmadyne: sys_socket[PID: 114 (klogd)]: family:1, type:1, protocol:0
[   15.677480] firmadyne: sys_socket[PID: 114 (klogd)]: family:1, type:2, protocol:0
sem_get: Key: 410f00aa
nvram_set: usb_info_dev10 = "A200396E0402FF83@1@14.4G@U@1@USB_Storage;U:;0;0@"
sem_get[   15.688893] firmadyne: sys_socket[PID: 114 (klogd)]: family:1, type:1, protocol:0
[   15.690391] firmadyne: sys_socket[PID: 114 (klogd)]: family:1, type:2, protocol:0
: Key: 410f00aa
sem_get: Key: [   15.697773] firmadyne: sys_socket[PID: 114 (klogd)]: family:1, type:1, protocol:0
410f00aa
nvram_set: usb_info_dev11[   15.703687] firmadyne: sys_socket[PID: 114 (klogd)]: family:1, type:2, protocol:0
[   15.706689] firmadyne: sys_socket[PID: 114 (klogd)]: family:1, type:1, protocol:0
 = "A200396E0402FF83@1@14.4G@U@1@USB_Storage;U:;0;0@"
sem_get: Key: 410f00aa
sem_get: Key: 410f00aa
[   15.715847] firmadyne: sys_socket[PID: 114 (klogd)]: family:1, type:2, protocol:0
[   15.718815] firmadyne: sys_socket[PID: 114 (klogd)]: family:1, type:1, protocol:0
nvram_set: usb_info_dev12 = "A200396E0402FF83@1@14.4G@U@1@USB_Storage;U:;0;0@"
sem_get: Key: 410f00aa
[   15.728087] firmadyne: sys_socket[PID: 114 (klogd)]: family:1, type:2, protocol:0
[   15.731327] firmadyne: sys_socket[PID: 114 (klogd)]: family:1, type:1, protocol:0
[   15.732997] firmadyne: sys_socket[PID: 114 (klogd)]: family:1, type:2, protocol:0
[   15.736209] firmadyne: sys_socket[PID: 114 (klogd)]: family:1, type:1, protocol:0
[   15.737661] firmadyne: sys_socket[PID: 114 (klogd)]: family:1, type:2, protocol:0
sem_get: Key: 410f00aa
nvram_set: usb_info_dev13 = "A200396E0402FF83@1@14.4G@U@1@USB_Storage;U:;0;0@"
sem_get[   15.749125] firmadyne: sys_socket[PID: 114 (klogd)]: family:1, type:1, protocol:0
[   15.750604] firmadyne: sys_socket[PID: 114 (klogd)]: family:1, type:2, protocol:0
: Key: 410f00aa
sem_get[   15.757546] firmadyne: sys_socket[PID: 114 (klogd)]: family:1, type:1, protocol:0
[   15.759066] firmadyne: sys_socket[PID: 114 (klogd)]: family:1, type:2, protocol:0
: Key: 410f00aa
nvram_set: usb_info_dev14 = "A200396E0402FF83@1@14.4G@U@1@USB_Storage;U:;0;0@"
sem_get: Key: [   15.769687] firmadyne: sys_socket[PID: 114 (klogd)]: family:1, type:1, protocol:0
410f00aa
sem_get: Key: 410f00aa
[   15.775931] firmadyne: sys_socket[PID: 114 (klogd)]: family:1, type:2, protocol:0
[   15.778945] firmadyne: sys_socket[PID: 114 (klogd)]: family:1, type:1, protocol:0
nvram_set: usb_info_dev15 = "A200396E0402FF83@1@14.4G@U@1@USB_Storage;U:;0;0@"
sem_get: Key: 410f00aa
[   15.788198] firmadyne: sys_socket[PID: 114 (klogd)]: family:1, type:2, protocol:0
[   15.791616] firmadyne: sys_socket[PID: 114 (klogd)]: family:1, type:1, protocol:0
[   15.793735] firmadyne: sys_socket[PID: 114 (klogd)]: family:1, type:2, protocol:0
sem_get: Key: 410f00aa
[   15.801087] firmadyne: sys_socket[PID: 114 (klogd)]: family:1, type:1, protocol:0
[   15.802600] firmadyne: sys_socket[PID: 114 (klogd)]: family:1, type:2, protocol:0
nvram_set: usb_info_dev16 = "A200396E0402FF83@1@14.4G@U@1@USB_Storage;U:;0;0@[   15.810747] firmadyne: sys_socket[PID: 114 (klogd)]: family:1, type:1, protocol:0
"
sem_get: Key: 410f00aa
sem_get: Key: 410f00aa
[   15.820032] firmadyne: sys_socket[PID: 114 (klogd)]: family:1, type:2, protocol:0
[   15.823451] firmadyne: sys_socket[PID: 114 (klogd)]: family:1, type:1, protocol:0
[   15.825000] firmadyne: sys_socket[PID: 114 (klogd)]: family:1, type:2, protocol:0
nvram_set: usb_info_dev17 = "A200396E0402FF83@1@14.4G@U@1@USB_Storage;U:;0;0@[   15.835169] firmadyne: sys_socket[PID: 114 (klogd)]: family:1, type:1, protocol:0
[   15.837599] firmadyne: sys_socket[PID: 114 (klogd)]: family:1, type:2, protocol:0
"
sem_get: Key: 410f00aa
[   15.845128] firmadyne: sys_socket[PID: 114 (klogd)]: family:1, type:1, protocol:0
[   15.846662] firmadyne: sys_socket[PID: 114 (klogd)]: family:1, type:2, protocol:0
sem_get: Key: 410f00aa
nvram_set: usb_info_dev18 = "A200396E0402FF83@1@14.4G@U@1@USB_Storage;U:;0;0@"
sem_get[   15.857650] firmadyne: sys_socket[PID: 114 (klogd)]: family:1, type:1, protocol:0
[   15.859629] firmadyne: sys_socket[PID: 114 (klogd)]: family:1, type:2, protocol:0
[   15.862648] firmadyne: sys_socket[PID: 114 (klogd)]: family:1, type:1, protocol:0
: Key: 410f00aa
sem_get: Key: 410f00aa
nvram_set: [   15.872020] firmadyne: sys_socket[PID: 114 (klogd)]: family:1, type:2, protocol:0
[   15.875322] firmadyne: sys_socket[PID: 114 (klogd)]: family:1, type:1, protocol:0
usb_info_dev19 = "A200396E0402FF83@1@14.4G@U@1@USB_Storage;U:;0;0@"
sem_get: Key: 410f00aa
sem_get: Key: 410f00aa[   15.884245] firmadyne: sys_socket[PID: 114 (klogd)]: family:1, type:2, protocol:0
[   15.887642] firmadyne: sys_socket[PID: 114 (klogd)]: family:1, type:1, protocol:0
[   15.889167] firmadyne: sys_socket[PID: 114 (klogd)]: family:1, type:2, protocol:0

nvram_set: usb_info_dev20 = "[   15.896502] firmadyne: sys_socket[PID: 114 (klogd)]: family:1, type:1, protocol:0
[   15.898057] firmadyne: sys_socket[PID: 114 (klogd)]: family:1, type:2, protocol:0
A200396E0402FF83@1@14.4G@U@1@USB_Storage;U:;0;0@"
sem_get: Key: 410f00aa
[   15.905577] firmadyne: sys_socket[PID: 114 (klogd)]: family:1, type:1, protocol:0
sem_get: Key: 410f00aa
[   15.911426] firmadyne: sys_socket[PID: 114 (klogd)]: family:1, type:2, protocol:0
[   15.914508] firmadyne: sys_socket[PID: 114 (klogd)]: family:1, type:1, protocol:0
nvram_set: usb_info_dev21 = "A200396E0402FF83@1@14.4G@U@1@USB_Storage;U:;0;0@"
[   15.920122] firmadyne: sys_socket[PID: 114 (klogd)]: family:1, type:2, protocol:0
sem_get: Key: 410f00aa
sem_get[   15.927877] firmadyne: sys_socket[PID: 114 (klogd)]: family:1, type:1, protocol:0
[   15.929456] firmadyne: sys_socket[PID: 114 (klogd)]: family:1, type:2, protocol:0
: Key: 410f00aa
nvram_set: [   15.936812] firmadyne: sys_socket[PID: 114 (klogd)]: family:1, type:1, protocol:0
[   15.938359] firmadyne: sys_socket[PID: 114 (klogd)]: family:1, type:2, protocol:0
usb_info_dev22 = "A200396E0402FF83@1@14.4G@U@1@USB_Storage;U:;0;0@"
sem_get: Key: [   15.945419] firmadyne: sys_socket[PID: 114 (klogd)]: family:1, type:1, protocol:0
[   15.946907] firmadyne: sys_socket[PID: 114 (klogd)]: family:1, type:2, protocol:0
410f00aa
sem_get: Key: 410f00aa
nvram_set: [   15.957647] firmadyne: sys_socket[PID: 114 (klogd)]: family:1, type:1, protocol:0
usb_info_dev23 = "A200396E0402FF83@1@14.4G@U@1@USB_Storage;U:;0;0@"
sem_get: Key: 410f00aa
[   15.963786] firmadyne: sys_socket[PID: 114 (klogd)]: family:1, type:2, protocol:0
[   15.966822] firmadyne: sys_socket[PID: 114 (klogd)]: family:1, type:1, protocol:0
sem_get: Key: 410f00aa
nvram_set: usb_info_dev24 = "A200396E0402FF83@1@14.4G@U@1@USB_Storage;U:;0;0@[   15.976343] firmadyne: sys_socket[PID: 114 (klogd)]: family:1, type:2, protocol:0
[   15.979717] firmadyne: sys_socket[PID: 114 (klogd)]: family:1, type:1, protocol:0
[   15.981174] firmadyne: sys_socket[PID: 114 (klogd)]: family:1, type:2, protocol:0
"
sem_get: Key: 410f00aa
[   15.989992] firmadyne: sys_socket[PID: 114 (klogd)]: family:1, type:1, protocol:0
[   15.991763] firmadyne: sys_socket[PID: 114 (klogd)]: family:1, type:2, protocol:0
[   15.994718] firmadyne: sys_socket[PID: 114 (klogd)]: family:1, type:1, protocol:0
sem_get: Key: 410f00aa
nvram_set: usb_info_dev25 = "A200396E0402FF83@1@14.4G@U@1@USB_Storage;U:;0;0@"
sem_get: Key: 410f00aa
[   16.009194] firmadyne: sys_socket[PID: 114 (klogd)]: family:1, type:2, protocol:0
[   16.012443] firmadyne: sys_socket[PID: 114 (klogd)]: family:1, type:1, protocol:0
[   16.014174] firmadyne: sys_socket[PID: 114 (klogd)]: family:1, type:2, protocol:0
sem_get: Key: 410f00aa
[   16.021561] firmadyne: sys_socket[PID: 114 (klogd)]: family:1, type:1, protocol:0
[   16.023088] firmadyne: sys_socket[PID: 114 (klogd)]: family:1, type:2, protocol:0
nvram_set: usb_info_dev26 = "A200396E0402FF83@1@14.4G@U@1@USB_Storage;U:;0;0@"
sem_get: Key: 410f00aa
[   16.033479] firmadyne: sys_socket[PID: 114 (klogd)]: family:1, type:1, protocol:0
[   16.034986] firmadyne: sys_socket[PID: 114 (klogd)]: family:1, type:2, protocol:0
sem_get: Key: 410f00aa
nvram_set: usb_info_dev27 = "A200396E0402FF83@1@14.4G@U@1@USB_Storage;U:;0;0@"
[   16.045346] firmadyne: sys_socket[PID: 114 (klogd)]: family:1, type:1, protocol:0
[   16.046812] firmadyne: sys_socket[PID: 114 (klogd)]: family:1, type:2, protocol:0
[   16.050288] firmadyne: sys_socket[PID: 114 (klogd)]: family:1, type:1, protocol:0
[   16.052000] firmadyne: sys_socket[PID: 114 (klogd)]: family:1, type:2, protocol:0
[   16.054968] firmadyne: sys_socket[PID: 114 (klogd)]: family:1, type:1, protocol:0
sem_get: Key: 410f00aa
sem_get: Key: 410f00aa
nvram_set: usb_info_dev28 = "A200396E0402FF83@1@14.4G@U@1@USB_Storage;U:;0;0@"
sem_get: Key: [   16.067938] firmadyne: sys_socket[PID: 114 (klogd)]: family:1, type:2, protocol:0
[   16.070953] firmadyne: sys_socket[PID: 114 (klogd)]: family:1, type:1, protocol:0
410f00aa
sem_get: Key: 410f00aa
nvram_set: usb_info_dev29[   16.080234] firmadyne: sys_socket[PID: 114 (klogd)]: family:1, type:2, protocol:0
[   16.083590] firmadyne: sys_socket[PID: 114 (klogd)]: family:1, type:1, protocol:0
[   16.085059] firmadyne: sys_socket[PID: 114 (klogd)]: family:1, type:2, protocol:0
 = "A200396E0402FF83@1@14.4G@U@1@USB_Storage;U:;0;0@"
sem_get: Key: 410f00aa
sem_get: Key: 410f00aa
nvram_set: usb_info_dev30 = "A200396E0402FF83@1@14.4G@U@1@USB_Storage;U:;0;0@"
sem_get: Key: 410f00aa
sem_get: Key: 410f00aa[   16.115862] firmadyne: sys_socket[PID: 114 (klogd)]: family:1, type:1, protocol:0
[   16.117371] firmadyne: sys_socket[PID: 114 (klogd)]: family:1, type:2, protocol:0

nvram_set: usb_info_dev31 = "[   16.124891] firmadyne: sys_socket[PID: 114 (klogd)]: family:1, type:1, protocol:0
[   16.126385] firmadyne: sys_socket[PID: 114 (klogd)]: family:1, type:2, protocol:0
A200396E0402FF83@1@14.4G@U@1@USB_Storage;U:;0;0@"
sem_get: Key: 410f00aa
[   16.133388] firmadyne: sys_socket[PID: 114 (klogd)]: family:1, type:1, protocol:0
[   16.134846] firmadyne: sys_socket[PID: 114 (klogd)]: family:1, type:2, protocol:0
sem_get: Key: 410f00aa
nvram_set: usb_info_dev32 = "A200396E0402FF83@1@14.4G@U@1@USB_Storage;U:;0;0@[   16.145922] firmadyne: sys_socket[PID: 114 (klogd)]: family:1, type:1, protocol:0
[   16.147849] firmadyne: sys_socket[PID: 114 (klogd)]: family:1, type:2, protocol:0
[   16.150803] firmadyne: sys_socket[PID: 114 (klogd)]: family:1, type:1, protocol:0
"
sem_get: Key: 410f00aa
sem_get: Key: 410f00aa
[   16.160103] firmadyne: sys_socket[PID: 114 (klogd)]: family:1, type:2, protocol:0
[   16.163350] firmadyne: sys_socket[PID: 114 (klogd)]: family:1, type:1, protocol:0
nvram_set: usb_info_dev33 = "A200396E0402FF83@1@14.4G@U@1@USB_Storage;U:;0;0@"
sem_get: Key: 410f00aa
[   16.171828] firmadyne: sys_socket[PID: 114 (klogd)]: family:1, type:2, protocol:0
[   16.174812] firmadyne: sys_socket[PID: 114 (klogd)]: family:1, type:1, protocol:0
sem_get: Key: 410f00aa
nvram_set: usb_info_dev34 = "A200396E0402FF83@1@14.4G@U@1@USB_Storage;U:;0;0@[   16.184377] firmadyne: sys_socket[PID: 114 (klogd)]: family:1, type:2, protocol:0
[   16.187722] firmadyne: sys_socket[PID: 114 (klogd)]: family:1, type:1, protocol:0
[   16.189184] firmadyne: sys_socket[PID: 114 (klogd)]: family:1, type:2, protocol:0
"
sem_get: Key: 410f00aa
[   16.196620] firmadyne: sys_socket[PID: 114 (klogd)]: family:1, type:1, protocol:0
[   16.198129] firmadyne: sys_socket[PID: 114 (klogd)]: family:1, type:2, protocol:0
sem_get: Key: 410f00aa
nvram_set[   16.205711] firmadyne: sys_socket[PID: 114 (klogd)]: family:1, type:1, protocol:0
: usb_info_dev35 = "A200396E0402FF83@1@14.4G@U@1@USB_Storage;U:;0;0@"
sem_get: Key: 410f00aa
[   16.215423] firmadyne: sys_socket[PID: 114 (klogd)]: family:1, type:2, protocol:0
[   16.218563] firmadyne: sys_socket[PID: 114 (klogd)]: family:1, type:1, protocol:0
[   16.220788] firmadyne: sys_socket[PID: 114 (klogd)]: family:1, type:2, protocol:0
[   16.224052] firmadyne: sys_socket[PID: 114 (klogd)]: family:1, type:1, protocol:0
[   16.225527] firmadyne: sys_socket[PID: 114 (klogd)]: family:1, type:2, protocol:0
sem_get: Key: 410f00aa
nvram_set: usb_info_dev36 = "A200396E0402FF83@1@14.4G@U@1@USB_Storage;U:;0;0@"
sem_get: Key: 410f00aa[   16.237462] firmadyne: sys_socket[PID: 114 (klogd)]: family:1, type:1, protocol:0

sem_get: Key: 410f00aa
[   16.243667] firmadyne: sys_socket[PID: 114 (klogd)]: family:1, type:2, protocol:0
[   16.246688] firmadyne: sys_socket[PID: 114 (klogd)]: family:1, type:1, protocol:0
nvram_set: usb_info_dev37 = "[   16.252116] firmadyne: sys_socket[PID: 114 (klogd)]: family:1, type:2, protocol:0
A200396E0402FF83@1@14.4G@U@1@USB_Storage;U:;0;0@"
sem_get: Key: 410f00aa
[   16.259430] firmadyne: sys_socket[PID: 114 (klogd)]: family:1, type:1, protocol:0
[   16.260942] firmadyne: sys_socket[PID: 114 (klogd)]: family:1, type:2, protocol:0
sem_get: Key: 410f00aa
[   16.268262] firmadyne: sys_socket[PID: 114 (klogd)]: family:1, type:1, protocol:0
[   16.269770] firmadyne: sys_socket[PID: 114 (klogd)]: family:1, type:2, protocol:0
nvram_set: usb_info_dev38 = "A200396E0402FF83@1@14.4G@U@1@USB_Storage;U:;0;0@"
sem_get[   16.277406] firmadyne: sys_socket[PID: 114 (klogd)]: family:1, type:1, protocol:0
[   16.278899] firmadyne: sys_socket[PID: 114 (klogd)]: family:1, type:2, protocol:0
: Key: 410f00aa
sem_get: Key: 410f00aa
nvram_set: [   16.289440] firmadyne: sys_socket[PID: 114 (klogd)]: family:1, type:1, protocol:0
[   16.290943] firmadyne: sys_socket[PID: 114 (klogd)]: family:1, type:2, protocol:0
usb_info_dev39 = "A200396E0402FF83@1@14.4G@U@1@USB_Storage;U:;0;0@"
sem_get: Key: 410f00aa
sem_get: Key: 410f00aa[   16.301510] firmadyne: sys_socket[PID: 114 (klogd)]: family:1, type:1, protocol:0
[   16.303013] firmadyne: sys_socket[PID: 114 (klogd)]: family:1, type:2, protocol:0
[   16.306556] firmadyne: sys_socket[PID: 114 (klogd)]: family:1, type:1, protocol:0

nvram_set: usb_info_dev40[   16.312178] firmadyne: sys_socket[PID: 114 (klogd)]: family:1, type:2, protocol:0
 = "A200396E0402FF83@1@14.4G@U@1@USB_Storage;U:;0;0@"
sem_get: Key: 410f00aa
[   16.319478] firmadyne: sys_socket[PID: 114 (klogd)]: family:1, type:1, protocol:0
[   16.320990] firmadyne: sys_socket[PID: 114 (klogd)]: family:1, type:2, protocol:0
sem_get: Key: 410f00aa
[   16.328301] firmadyne: sys_socket[PID: 114 (klogd)]: family:1, type:1, protocol:0
[   16.329807] firmadyne: sys_socket[PID: 114 (klogd)]: family:1, type:2, protocol:0
nvram_set: usb_info_dev41 = "A200396E0402FF83@1@14.4G@U@1@USB_Storage;U:;0;0@"
[   16.337397] firmadyne: sys_socket[PID: 114 (klogd)]: family:1, type:1, protocol:0
[   16.338883] firmadyne: sys_socket[PID: 114 (klogd)]: family:1, type:2, protocol:0
sem_get: Key: 410f00aa
sem_get: Key: 410f00aa
[   16.349376] firmadyne: sys_socket[PID: 114 (klogd)]: family:1, type:1, protocol:0
[   16.350842] firmadyne: sys_socket[PID: 114 (klogd)]: family:1, type:2, protocol:0
nvram_set: usb_info_dev42 = "A200396E0402FF83@1@14.4G@U@1@USB_Storage;U:;0;0@"
sem_get: Key: 410f00aa
sem_get: Key: [   16.361800] firmadyne: sys_socket[PID: 114 (klogd)]: family:1, type:1, protocol:0
[   16.363730] firmadyne: sys_socket[PID: 114 (klogd)]: family:1, type:2, protocol:0
[   16.366674] firmadyne: sys_socket[PID: 114 (klogd)]: family:1, type:1, protocol:0
410f00aa
nvram_set: [   16.372152] firmadyne: sys_socket[PID: 114 (klogd)]: family:1, type:2, protocol:0
usb_info_dev43 = "A200396E0402FF83@1@14.4G@U@1@USB_Storage;U:;0;0@"
sem_get: Key: 410f00aa
[   16.379760] firmadyne: sys_socket[PID: 114 (klogd)]: family:1, type:1, protocol:0
[   16.381277] firmadyne: sys_socket[PID: 114 (klogd)]: family:1, type:2, protocol:0
sem_get: Key: 410f00aa
[   16.388449] firmadyne: sys_socket[PID: 114 (klogd)]: family:1, type:1, protocol:0
[   16.389960] firmadyne: sys_socket[PID: 114 (klogd)]: family:1, type:2, protocol:0
nvram_set: usb_info_dev44 = "A200396E0402FF83@1@14.4G@U@1@USB_Storage;U:;0;0@[   16.397248] firmadyne: sys_socket[PID: 114 (klogd)]: family:1, type:1, protocol:0
[   16.398716] firmadyne: sys_socket[PID: 114 (klogd)]: family:1, type:2, protocol:0
"
sem_get: Key: 410f00aa
sem_get: Key: 410f00aa
[   16.410646] firmadyne: sys_socket[PID: 114 (klogd)]: family:1, type:1, protocol:0
[   16.412627] firmadyne: sys_socket[PID: 114 (klogd)]: family:1, type:2, protocol:0
nvram_set: usb_info_dev45 = "A200396E0402FF83@1@14.4G@U@1@USB_Storage;U:;0;0@"
sem_get[   16.420128] firmadyne: sys_socket[PID: 114 (klogd)]: family:1, type:1, protocol:0
[   16.421630] firmadyne: sys_socket[PID: 114 (klogd)]: family:1, type:2, protocol:0
: Key: 410f00aa
sem_get: Key: [   16.429128] firmadyne: sys_socket[PID: 114 (klogd)]: family:1, type:1, protocol:0
[   16.430626] firmadyne: sys_socket[PID: 114 (klogd)]: family:1, type:2, protocol:0
410f00aa
nvram_set: usb_info_dev46 = "A200396E0402FF83@1@14.4G@U@1@USB_Storage;U:;0;0@"
sem_get: Key: 410f00aa
[   16.441747] firmadyne: sys_socket[PID: 114 (klogd)]: family:1, type:1, protocol:0
[   16.443660] firmadyne: sys_socket[PID: 114 (klogd)]: family:1, type:2, protocol:0
[   16.446609] firmadyne: sys_socket[PID: 114 (klogd)]: family:1, type:1, protocol:0
sem_get: Key: 410f00aa
nvram_set: usb_info_dev47 = "A200396E0402FF83@1@14.4G@U@1@USB_Storage;U:;0;0@[   16.456168] firmadyne: sys_socket[PID: 114 (klogd)]: family:1, type:2, protocol:0
"
sem_get: Key: 410f00aa
[   16.463663] firmadyne: sys_socket[PID: 114 (klogd)]: family:1, type:1, protocol:0
[   16.465174] firmadyne: sys_socket[PID: 114 (klogd)]: family:1, type:2, protocol:0
sem_get: Key: 410f00aa
nvram_set[   16.472718] firmadyne: sys_socket[PID: 114 (klogd)]: family:1, type:1, protocol:0
[   16.474228] firmadyne: sys_socket[PID: 114 (klogd)]: family:1, type:2, protocol:0
: usb_info_dev48 = "A200396E0402FF83@1@14.4G@U@1@USB_Storage;U:;0;0@"
sem_get: Key: [   16.481382] firmadyne: sys_socket[PID: 114 (klogd)]: family:1, type:1, protocol:0
[   16.482845] firmadyne: sys_socket[PID: 114 (klogd)]: family:1, type:2, protocol:0
410f00aa
sem_get: Key: 410f00aa
nvram_set: [   16.493364] firmadyne: sys_socket[PID: 114 (klogd)]: family:1, type:1, protocol:0
[   16.494992] firmadyne: sys_socket[PID: 114 (klogd)]: family:1, type:2, protocol:0
[   16.498381] firmadyne: sys_socket[PID: 114 (klogd)]: family:1, type:1, protocol:0
[   16.500098] firmadyne: sys_socket[PID: 114 (klogd)]: family:1, type:2, protocol:0
[   16.503060] firmadyne: sys_socket[PID: 114 (klogd)]: family:1, type:1, protocol:0
usb_info_dev49 = "A200396E0402FF83@1@14.4G@U@1@USB_Storage;U:;0;0@"
sem_get: Key: 410f00aa
sem_get: Key: 410f00aa
nvram_set: usb_info_dev50 = "[   16.515818] firmadyne: sys_socket[PID: 114 (klogd)]: family:1, type:2, protocol:0
[   16.518805] firmadyne: sys_socket[PID: 114 (klogd)]: family:1, type:1, protocol:0
A200396E0402FF83@1@14.4G@U@1@USB_Storage;U:;0;0@"
sem_get: Key: 410f00aa
sem_get: Key: 410f00aa
[   16.527841] firmadyne: sys_socket[PID: 114 (klogd)]: family:1, type:2, protocol:0
[   16.530828] firmadyne: sys_socket[PID: 114 (klogd)]: family:1, type:1, protocol:0
[   16.532814] firmadyne: sys_socket[PID: 114 (klogd)]: family:1, type:2, protocol:0
[   16.536049] firmadyne: sys_socket[PID: 114 (klogd)]: family:1, type:1, protocol:0
[   16.537501] firmadyne: sys_socket[PID: 114 (klogd)]: family:1, type:2, protocol:0
nvram_set: usb_info_dev51 = "A200396E0402FF83@1@14.4G@U@1@USB_Storage;U:;0;0@"
sem_get: Key: 410f00aa
[   16.548646] firmadyne: sys_socket[PID: 114 (klogd)]: family:1, type:1, protocol:0
[   16.550145] firmadyne: sys_socket[PID: 114 (klogd)]: family:1, type:2, protocol:0
sem_get: Key: 410f00aa
nvram_set[   16.557512] firmadyne: sys_socket[PID: 114 (klogd)]: family:1, type:1, protocol:0
[   16.559012] firmadyne: sys_socket[PID: 114 (klogd)]: family:1, type:2, protocol:0
: usb_info_dev52 = "A200396E0402FF83@1@14.4G@U@1@USB_Storage;U:;0;0@"
sem_get: Key: 410f00aa
sem_get: Key: [   16.569371] firmadyne: sys_socket[PID: 114 (klogd)]: family:1, type:1, protocol:0
[   16.570840] firmadyne: sys_socket[PID: 114 (klogd)]: family:1, type:2, protocol:0
410f00aa
nvram_set: usb_info_dev53 = "A200396E0402FF83@1@14.4G@U@1@USB_Storage;U:;0;0@"
sem_get: Key: 410f00aa
sem_get: Key: 410f00aa
nvram_set: usb_info_dev54 = "A200396E0402FF83@1@14.4G@U@1@USB_Storage;U:;0;0@"
sem_get: Key: 410f00aa
[   16.603665] firmadyne: sys_socket[PID: 114 (klogd)]: family:1, type:1, protocol:0
[   16.605179] firmadyne: sys_socket[PID: 114 (klogd)]: family:1, type:2, protocol:0
sem_get: Key: 410f00aa
nvram_set: usb_info_dev55 = "A200396E0402FF83@1@14.4G@U@1@USB_Storage;U:;0;0@[   16.616865] firmadyne: sys_socket[PID: 114 (klogd)]: family:1, type:1, protocol:0
[   16.618394] firmadyne: sys_socket[PID: 114 (klogd)]: family:1, type:2, protocol:0
[   16.621991] firmadyne: sys_socket[PID: 114 (klogd)]: family:1, type:1, protocol:0
"
sem_get: Key: 410f00aa
[   16.627665] firmadyne: sys_socket[PID: 114 (klogd)]: family:1, type:2, protocol:0
[   16.630710] firmadyne: sys_socket[PID: 114 (klogd)]: family:1, type:1, protocol:0
sem_get: Key: 410f00aa
[   16.635859] firmadyne: sys_socket[PID: 114 (klogd)]: family:1, type:2, protocol:0
[   16.638853] firmadyne: sys_socket[PID: 114 (klogd)]: family:1, type:1, protocol:0
nvram_set: usb_info_dev56 = "A200396E0402FF83@1@14.4G@U@1@USB_Storage;U:;0;0@"
sem_get: Key: 410f00aa
[   16.647865] firmadyne: sys_socket[PID: 114 (klogd)]: family:1, type:2, protocol:0
[   16.650885] firmadyne: sys_socket[PID: 114 (klogd)]: family:1, type:1, protocol:0
sem_get: Key: 410f00aa
nvram_set: usb_info_dev57 = "A200396E0402FF83@1@14.4G@U@1@USB_Storage;U:;0;0@"
[   16.659850] firmadyne: sys_socket[PID: 114 (klogd)]: family:1, type:2, protocol:0
[   16.662861] firmadyne: sys_socket[PID: 114 (klogd)]: family:1, type:1, protocol:0
[   16.664796] firmadyne: sys_socket[PID: 114 (klogd)]: family:1, type:2, protocol:0
[   16.668032] firmadyne: sys_socket[PID: 114 (klogd)]: family:1, type:1, protocol:0
[   16.669495] firmadyne: sys_socket[PID: 114 (klogd)]: family:1, type:2, protocol:0
sem_get: Key: 410f00aa
sem_get: Key: 410f00aa
nvram_set: [   16.680778] firmadyne: sys_socket[PID: 114 (klogd)]: family:1, type:1, protocol:0
[   16.682285] firmadyne: sys_socket[PID: 114 (klogd)]: family:1, type:2, protocol:0
usb_info_dev58 = "A200396E0402FF83@1@14.4G@U@1@USB_Storage;U:;0;0@"
sem_get: Key: 410f00aa
sem_get: Key: 410f00aa
[   16.693614] firmadyne: sys_socket[PID: 114 (klogd)]: family:1, type:1, protocol:0
[   16.695439] firmadyne: sys_socket[PID: 114 (klogd)]: family:1, type:2, protocol:0
[   16.698416] firmadyne: sys_socket[PID: 114 (klogd)]: family:1, type:1, protocol:0
nvram_set: usb_info_dev59 = "A200396E0402FF83@1@14.4G@U@1@USB_Storage;U:;0;0@"
sem_get: Key: 410f00aa
[   16.707822] firmadyne: sys_socket[PID: 114 (klogd)]: family:1, type:2, protocol:0
[   16.710829] firmadyne: sys_socket[PID: 114 (klogd)]: family:1, type:1, protocol:0
sem_get: Key: 410f00aa
nvram_set: usb_info_dev60 = "A200396E0402FF83@1@14.4G@U@1@USB_Storage;U:;0;0@"
[   16.720113] firmadyne: sys_socket[PID: 114 (klogd)]: family:1, type:2, protocol:0
[   16.723460] firmadyne: sys_socket[PID: 114 (klogd)]: family:1, type:1, protocol:0
[   16.724943] firmadyne: sys_socket[PID: 114 (klogd)]: family:1, type:2, protocol:0
sem_get: Key: 410f00aa
sem_get[   16.732396] firmadyne: sys_socket[PID: 114 (klogd)]: family:1, type:1, protocol:0
[   16.733919] firmadyne: sys_socket[PID: 114 (klogd)]: family:1, type:2, protocol:0
: Key: 410f00aa
nvram_set: [   16.741300] firmadyne: sys_socket[PID: 114 (klogd)]: family:1, type:1, protocol:0
[   16.742773] firmadyne: sys_socket[PID: 114 (klogd)]: family:1, type:2, protocol:0
usb_info_dev61 = "A200396E0402FF83@1@14.4G@U@1@USB_Storage;U:;0;0@"
sem_get: Key: 410f00aa
sem_get: Key: 410f00aa[   16.753585] firmadyne: sys_socket[PID: 114 (klogd)]: family:1, type:1, protocol:0
[   16.755310] firmadyne: sys_socket[PID: 114 (klogd)]: family:1, type:2, protocol:0

nvram_set: usb_info_dev62 = "A200396E0402FF83@1@14.4G@U@1@USB_Storage;U:;0;0@"
sem_get: Key: 410f00aa
[   16.765739] firmadyne: sys_socket[PID: 114 (klogd)]: family:1, type:1, protocol:0
[   16.767532] cfg80211: Calling CRDA to update world regulatory domain
[   16.769076] firmadyne: sys_socket[PID: 114 (klogd)]: family:1, type:2, protocol:0
[   16.772324] firmadyne: sys_socket[PID: 114 (klogd)]: family:1, type:1, protocol:0
[   16.773784] firmadyne: sys_socket[PID: 114 (klogd)]: family:1, type:2, protocol:0
sem_get: Key: 410f00aa
[   16.781112] firmadyne: sys_socket[PID: 114 (klogd)]: family:1, type:1, protocol:0
[   16.782589] firmadyne: sys_socket[PID: 114 (klogd)]: family:1, type:2, protocol:0
nvram_set: usb_info_dev63 = "A200396E0402FF83@1@14.4G@U@1@USB_Storage;U:;0;0@"
sem_get: Key: 410f00aa
[   16.793384] firmadyne: sys_socket[PID: 114 (klogd)]: family:1, type:1, protocol:0
[   16.794853] firmadyne: sys_socket[PID: 114 (klogd)]: family:1, type:2, protocol:0
sem_get: Key: 410f00aa
nvram_set: usb_info_dev64 = "A200396E0402FF83@1@14.4G@U@1@USB_Storage;U:;0;0@"
[   16.805406] firmadyne: sys_socket[PID: 114 (klogd)]: family:1, type:1, protocol:0
[   16.806894] firmadyne: sys_socket[PID: 114 (klogd)]: family:1, type:2, protocol:0
[   16.811977] firmadyne: sys_socket[PID: 114 (klogd)]: family:1, type:1, protocol:0
[   16.813447] firmadyne: sys_socket[PID: 114 (klogd)]: family:1, type:2, protocol:0
sem_get: Key: 410f00aa
sem_get: Key: 410f00aa
nvram_set: [   16.824782] firmadyne: sys_socket[PID: 114 (klogd)]: family:1, type:1, protocol:0
[   16.826282] firmadyne: sys_socket[PID: 114 (klogd)]: family:1, type:2, protocol:0
usb_info_dev65 = "A200396E0402FF83@1@14.4G@U@1@USB_Storage;U:;0;0@"
sem_get: Key: 410f00aa[   16.833620] firmadyne: sys_socket[PID: 114 (klogd)]: family:1, type:1, protocol:0
[   16.835334] firmadyne: sys_socket[PID: 114 (klogd)]: family:1, type:2, protocol:0

sem_get: Key: [   16.842782] firmadyne: sys_socket[PID: 114 (klogd)]: family:1, type:1, protocol:0
410f00aa
nvram_set: usb_info_dev66 = "A200396E0402FF83@1@14.4G@U@1@USB_Storage;U:;0;0@"
sem_get: Key: 410f00aa[   16.851979] firmadyne: sys_socket[PID: 114 (klogd)]: family:1, type:2, protocol:0
[   16.854992] firmadyne: sys_socket[PID: 114 (klogd)]: family:1, type:1, protocol:0

sem_get: Key: 410f00aa
nvram_set: usb_info_dev67 = "[   16.864172] firmadyne: sys_socket[PID: 114 (klogd)]: family:1, type:2, protocol:0
[   16.867520] firmadyne: sys_socket[PID: 114 (klogd)]: family:1, type:1, protocol:0
[   16.868990] firmadyne: sys_socket[PID: 114 (klogd)]: family:1, type:2, protocol:0
A200396E0402FF83@1@14.4G@U@1@USB_Storage;U:;0;0@"
sem_get: Key: 410f00aa
[   16.876349] firmadyne: sys_socket[PID: 114 (klogd)]: family:1, type:1, protocol:0
[   16.877856] firmadyne: sys_socket[PID: 114 (klogd)]: family:1, type:2, protocol:0
sem_get: Key: 410f00aa
[   16.885092] firmadyne: sys_socket[PID: 114 (klogd)]: family:1, type:1, protocol:0
[   16.886571] firmadyne: sys_socket[PID: 114 (klogd)]: family:1, type:2, protocol:0
nvram_set: usb_info_dev68 = "A200396E0402FF83@1@14.4G@U@1@USB_Storage;U:;0;0@"
[   16.893656] firmadyne: sys_socket[PID: 114 (klogd)]: family:1, type:1, protocol:0
sem_get: Key: 410f00aa
sem_get[   16.899790] firmadyne: sys_socket[PID: 114 (klogd)]: family:1, type:2, protocol:0
[   16.902821] firmadyne: sys_socket[PID: 114 (klogd)]: family:1, type:1, protocol:0
: Key: 410f00aa
nvram_set: usb_info_dev69 = "A200396E0402FF83@1@14.4G@U@1@USB_Storage;U:;0;0@"
sem_get: Key: [   16.911911] firmadyne: sys_socket[PID: 114 (klogd)]: family:1, type:2, protocol:0
[   16.914936] firmadyne: sys_socket[PID: 114 (klogd)]: family:1, type:1, protocol:0
410f00aa
sem_get: Key: 410f00aa
nvram_set: usb_info_dev70[   16.924169] firmadyne: sys_socket[PID: 114 (klogd)]: family:1, type:2, protocol:0
[   16.927608] firmadyne: sys_socket[PID: 114 (klogd)]: family:1, type:1, protocol:0
[   16.929080] firmadyne: sys_socket[PID: 114 (klogd)]: family:1, type:2, protocol:0
 = "A200396E0402FF83@1@14.4G@U@1@USB_Storage;U:;0;0@"
sem_get: Key: 410f00aa
[   16.937440] firmadyne: sys_socket[PID: 114 (klogd)]: family:1, type:1, protocol:0
[   16.938982] firmadyne: sys_socket[PID: 114 (klogd)]: family:1, type:2, protocol:0
[   16.942173] firmadyne: sys_socket[PID: 114 (klogd)]: family:1, type:1, protocol:0
sem_get: Key: 410f00aa
nvram_set: usb_info_dev71 = "A200396E0402FF83@1@14.4G@U@1@USB_Storage;U:;0;0@"
[   16.951815] firmadyne: sys_socket[PID: 114 (klogd)]: family:1, type:2, protocol:0
[   16.954805] firmadyne: sys_socket[PID: 114 (klogd)]: family:1, type:1, protocol:0
sem_get: Key: 410f00aa
sem_get: Key: 410f00aa
nvram_set[   16.964173] firmadyne: sys_socket[PID: 114 (klogd)]: family:1, type:2, protocol:0
[   16.967604] firmadyne: sys_socket[PID: 114 (klogd)]: family:1, type:1, protocol:0
[   16.969084] firmadyne: sys_socket[PID: 114 (klogd)]: family:1, type:2, protocol:0
: usb_info_dev72 = "A200396E0402FF83@1@14.4G@U@1@USB_Storage;U:;0;0@"
sem_get: Key: 410f00aa[   16.976434] firmadyne: sys_socket[PID: 114 (klogd)]: family:1, type:1, protocol:0
[   16.977948] firmadyne: sys_socket[PID: 114 (klogd)]: family:1, type:2, protocol:0

sem_get: Key: 410f00aa
[   16.985265] firmadyne: sys_socket[PID: 114 (klogd)]: family:1, type:1, protocol:0
[   16.986733] firmadyne: sys_socket[PID: 114 (klogd)]: family:1, type:2, protocol:0
nvram_set: usb_info_dev73 = "A200396E0402FF83@1@14.4G@U@1@USB_Storage;U:;0;0@"
sem_get: Key: 410f00aa
[   16.997520] firmadyne: sys_socket[PID: 114 (klogd)]: family:1, type:1, protocol:0
[   16.999025] firmadyne: sys_socket[PID: 114 (klogd)]: family:1, type:2, protocol:0
[   17.002415] firmadyne: sys_socket[PID: 114 (klogd)]: family:1, type:1, protocol:0
[   17.004145] firmadyne: sys_socket[PID: 114 (klogd)]: family:1, type:2, protocol:0
[   17.007370] firmadyne: sys_socket[PID: 114 (klogd)]: family:1, type:1, protocol:0
sem_get: Key: 410f00aa
nvram_set: usb_info_dev74 = "A200396E0402FF83@1@14.4G@U@1@USB_Storage;U:;0;0@"
sem_get: Key: 410f00aa
[   17.020104] firmadyne: sys_socket[PID: 114 (klogd)]: family:1, type:2, protocol:0
sem_get: Key: 410f00aa
[   17.027564] firmadyne: sys_socket[PID: 114 (klogd)]: family:1, type:1, protocol:0
[   17.029091] firmadyne: sys_socket[PID: 114 (klogd)]: family:1, type:2, protocol:0
nvram_set: usb_info_dev75 = "A200396E0402FF83@1@14.4G@U@1@USB_Storage;U:;0;0@"
[   17.036804] firmadyne: sys_socket[PID: 114 (klogd)]: family:1, type:1, protocol:0
[   17.038318] firmadyne: sys_socket[PID: 114 (klogd)]: family:1, type:2, protocol:0
sem_get: Key: 410f00aa
[   17.045387] firmadyne: sys_socket[PID: 114 (klogd)]: family:1, type:1, protocol:0
[   17.046848] firmadyne: sys_socket[PID: 114 (klogd)]: family:1, type:2, protocol:0
sem_get: Key: 410f00aa
nvram_set: usb_info_dev76 = "A200396E0402FF83@1@14.4G@U@1@USB_Storage;U:;0;0@"
sem_get[   17.057567] firmadyne: sys_socket[PID: 114 (klogd)]: family:1, type:1, protocol:0
[   17.059072] firmadyne: sys_socket[PID: 114 (klogd)]: family:1, type:2, protocol:0
: Key: 410f00aa
sem_get: Key: 410f00aa
nvram_set: usb_info_dev77 = "A200396E0402FF83@1@14.4G@U@1@USB_Storage;U:;0;0@"
sem_get: Key: 410f00aa
sem_get: Key: 410f00aa[   17.088091] firmadyne: sys_socket[PID: 114 (klogd)]: family:1, type:1, protocol:0
[   17.089589] firmadyne: sys_socket[PID: 114 (klogd)]: family:1, type:2, protocol:0

nvram_set: usb_info_dev78 = "[   17.096901] firmadyne: sys_socket[PID: 114 (klogd)]: family:1, type:1, protocol:0
[   17.098385] firmadyne: sys_socket[PID: 114 (klogd)]: family:1, type:2, protocol:0
A200396E0402FF83@1@14.4G@U@1@USB_Storage;U:;0;0@"
sem_get: Key: 410f00aa
[   17.105421] firmadyne: sys_socket[PID: 114 (klogd)]: family:1, type:1, protocol:0
[   17.106905] firmadyne: sys_socket[PID: 114 (klogd)]: family:1, type:2, protocol:0
sem_get: Key: 410f00aa
nvram_set: usb_info_dev79 = "A200396E0402FF83@1@14.4G@U@1@USB_Storage;U:;0;0@[   17.117802] firmadyne: sys_socket[PID: 114 (klogd)]: family:1, type:1, protocol:0
"
sem_get: Key: 410f00aa
[   17.123551] firmadyne: sys_socket[PID: 114 (klogd)]: family:1, type:2, protocol:0
[   17.126568] firmadyne: sys_socket[PID: 114 (klogd)]: family:1, type:1, protocol:0
sem_get: Key: 410f00aa
[   17.131836] firmadyne: sys_socket[PID: 114 (klogd)]: family:1, type:2, protocol:0
[   17.134833] firmadyne: sys_socket[PID: 114 (klogd)]: family:1, type:1, protocol:0
nvram_set: usb_info_dev80 = "A200396E0402FF83@1@14.4G@U@1@USB_Storage;U:;0;0@"
sem_get: Key: 410f00aa
[   17.143837] firmadyne: sys_socket[PID: 114 (klogd)]: family:1, type:2, protocol:0
[   17.146825] firmadyne: sys_socket[PID: 114 (klogd)]: family:1, type:1, protocol:0
sem_get: Key: 410f00aa
nvram_set: usb_info_dev81 = "A200396E0402FF83@1@14.4G@U@1@USB_Storage;U:;0;0@"
sem_get[   17.156102] firmadyne: sys_socket[PID: 114 (klogd)]: family:1, type:2, protocol:0
[   17.159336] firmadyne: sys_socket[PID: 114 (klogd)]: family:1, type:1, protocol:0
[   17.161013] firmadyne: sys_socket[PID: 114 (klogd)]: family:1, type:2, protocol:0
[   17.164239] firmadyne: sys_socket[PID: 114 (klogd)]: family:1, type:1, protocol:0
[   17.165700] firmadyne: sys_socket[PID: 114 (klogd)]: family:1, type:2, protocol:0
: Key: 410f00aa
sem_get: Key: 410f00aa
nvram_set: usb_info_dev82 = "[   17.177220] firmadyne: sys_socket[PID: 114 (klogd)]: family:1, type:1, protocol:0
[   17.178695] firmadyne: sys_socket[PID: 114 (klogd)]: family:1, type:2, protocol:0
A200396E0402FF83@1@14.4G@U@1@USB_Storage;U:;0;0@"
sem_get: Key: 410f00aa
[   17.185648] firmadyne: sys_socket[PID: 114 (klogd)]: family:1, type:1, protocol:0
sem_get: Key: 410f00aa
[   17.191431] firmadyne: sys_socket[PID: 114 (klogd)]: family:1, type:2, protocol:0
[   17.194464] firmadyne: sys_socket[PID: 114 (klogd)]: family:1, type:1, protocol:0
nvram_set: usb_info_dev83 = "A200396E0402FF83@1@14.4G@U@1@USB_Storage;U:;0;0@[   17.200136] firmadyne: sys_socket[PID: 114 (klogd)]: family:1, type:2, protocol:0
"
sem_get: Key: 410f00aa
[   17.208738] firmadyne: sys_socket[PID: 114 (klogd)]: family:1, type:1, protocol:0
[   17.210257] firmadyne: sys_socket[PID: 114 (klogd)]: family:1, type:2, protocol:0
[   17.213494] firmadyne: sys_socket[PID: 114 (klogd)]: family:1, type:1, protocol:0
[   17.214981] firmadyne: sys_socket[PID: 114 (klogd)]: family:1, type:2, protocol:0
sem_get: Key: 410f00aa
nvram_set: usb_info_dev84 = "A200396E0402FF83@1@14.4G@U@1@USB_Storage;U:;0;0@"
[   17.225512] firmadyne: sys_socket[PID: 114 (klogd)]: family:1, type:1, protocol:0
[   17.227020] firmadyne: sys_socket[PID: 114 (klogd)]: family:1, type:2, protocol:0
sem_get: Key: 410f00aa
sem_get: Key: 410f00aa
[   17.237403] firmadyne: sys_socket[PID: 114 (klogd)]: family:1, type:1, protocol:0
[   17.238983] firmadyne: sys_socket[PID: 114 (klogd)]: family:1, type:2, protocol:0
nvram_set: usb_info_dev85 = "A200396E0402FF83@1@14.4G@U@1@USB_Storage;U:;0;0@"
sem_get: Key: 410f00aa
[   17.249712] firmadyne: sys_socket[PID: 114 (klogd)]: family:1, type:1, protocol:0
[   17.251696] firmadyne: sys_socket[PID: 114 (klogd)]: family:1, type:2, protocol:0
[   17.254849] firmadyne: sys_socket[PID: 114 (klogd)]: family:1, type:1, protocol:0
sem_get: Key: 410f00aa
nvram_set: usb_info_dev86 = "A200396E0402FF83@1@14.4G@U@1@USB_Storage;U:;0;0@[   17.264431] firmadyne: sys_socket[PID: 114 (klogd)]: family:1, type:2, protocol:0
"
sem_get: Key: 410f00aa
[   17.272263] firmadyne: sys_socket[PID: 114 (klogd)]: family:1, type:1, protocol:0
[   17.273809] firmadyne: sys_socket[PID: 114 (klogd)]: family:1, type:2, protocol:0
sem_get: Key: 410f00aa
[   17.281095] firmadyne: sys_socket[PID: 114 (klogd)]: family:1, type:1, protocol:0
[   17.282564] firmadyne: sys_socket[PID: 114 (klogd)]: family:1, type:2, protocol:0
nvram_set: usb_info_dev87 = "A200396E0402FF83@1@14.4G@U@1@USB_Storage;U:;0;0@"
[   17.289654] firmadyne: sys_socket[PID: 114 (klogd)]: family:1, type:1, protocol:0
sem_get: Key: 410f00aa
[   17.295554] firmadyne: sys_socket[PID: 114 (klogd)]: family:1, type:2, protocol:0
[   17.298578] firmadyne: sys_socket[PID: 114 (klogd)]: family:1, type:1, protocol:0
sem_get: Key: 410f00aa
[   17.303835] firmadyne: sys_socket[PID: 114 (klogd)]: family:1, type:2, protocol:0
[   17.306827] firmadyne: sys_socket[PID: 114 (klogd)]: family:1, type:1, protocol:0
nvram_set: usb_info_dev88 = "A200396E0402FF83@1@14.4G@U@1@USB_Storage;U:;0;0@"
sem_get: Key: 410f00aa
sem_get[   17.316177] firmadyne: sys_socket[PID: 114 (klogd)]: family:1, type:2, protocol:0
: Key: 410f00aa
nvram_set: [   17.323469] firmadyne: sys_socket[PID: 114 (klogd)]: family:1, type:1, protocol:0
[   17.324992] firmadyne: sys_socket[PID: 114 (klogd)]: family:1, type:2, protocol:0
usb_info_dev89 = "A200396E0402FF83@1@14.4G@U@1@USB_Storage;U:;0;0@"
sem_get: Key: 410f00aa
[   17.332567] firmadyne: sys_socket[PID: 114 (klogd)]: family:1, type:1, protocol:0
[   17.334082] firmadyne: sys_socket[PID: 114 (klogd)]: family:1, type:2, protocol:0
sem_get: Key: 410f00aa
[   17.341389] firmadyne: sys_socket[PID: 114 (klogd)]: family:1, type:1, protocol:0
[   17.342853] firmadyne: sys_socket[PID: 114 (klogd)]: family:1, type:2, protocol:0
nvram_set: usb_info_dev90 = "A200396E0402FF83@1@14.4G@U@1@USB_Storage;U:;0;0@"
sem_get: Key: 410f00aa
[   17.353468] firmadyne: sys_socket[PID: 114 (klogd)]: family:1, type:1, protocol:0
[   17.354962] firmadyne: sys_socket[PID: 114 (klogd)]: family:1, type:2, protocol:0
[   17.358355] firmadyne: sys_socket[PID: 114 (klogd)]: family:1, type:1, protocol:0
[   17.360080] firmadyne: sys_socket[PID: 114 (klogd)]: family:1, type:2, protocol:0
[   17.363046] firmadyne: sys_socket[PID: 114 (klogd)]: family:1, type:1, protocol:0
sem_get: Key: 410f00aa
nvram_set: usb_info_dev91 = "A200396E0402FF83@1@14.4G@U@1@USB_Storage;U:;0;0@"
[   17.371889] firmadyne: sys_socket[PID: 114 (klogd)]: family:1, type:2, protocol:0
[   17.374913] firmadyne: sys_socket[PID: 114 (klogd)]: family:1, type:1, protocol:0
sem_get: Key: 410f00aa
sem_get: Key: 410f00aa
[   17.383841] firmadyne: sys_socket[PID: 114 (klogd)]: family:1, type:2, protocol:0
[   17.386840] firmadyne: sys_socket[PID: 114 (klogd)]: family:1, type:1, protocol:0
nvram_set: usb_info_dev92 = "A200396E0402FF83@1@14.4G@U@1@USB_Storage;U:;0;0@"
sem_get: Key: 410f00aa
sem_get[   17.395988] firmadyne: sys_socket[PID: 114 (klogd)]: family:1, type:2, protocol:0
[   17.399010] firmadyne: sys_socket[PID: 114 (klogd)]: family:1, type:1, protocol:0
: Key: 410f00aa
nvram_set: usb_info_dev93 = "A200396E0402FF83@1@14.4G@U@1@USB_Storage;U:;0;0@"
sem_get: Key: [   17.409393] firmadyne: sys_socket[PID: 114 (klogd)]: family:1, type:2, protocol:0
[   17.412640] firmadyne: sys_socket[PID: 114 (klogd)]: family:1, type:1, protocol:0
[   17.414109] firmadyne: sys_socket[PID: 114 (klogd)]: family:1, type:2, protocol:0
410f00aa
sem_get: Key: 410f00aa
[   17.422042] firmadyne: sys_socket[PID: 114 (klogd)]: family:1, type:1, protocol:0
[   17.423959] firmadyne: sys_socket[PID: 114 (klogd)]: family:1, type:2, protocol:0
[   17.426925] firmadyne: sys_socket[PID: 114 (klogd)]: family:1, type:1, protocol:0
nvram_set: usb_info_dev94 = "A200396E0402FF83@1@14.4G@U@1@USB_Storage;U:;0;0@"
sem_get: Key: 410f00aa
[   17.436118] firmadyne: sys_socket[PID: 114 (klogd)]: family:1, type:2, protocol:0
sem_get: Key: 410f00aa
[   17.443443] firmadyne: sys_socket[PID: 114 (klogd)]: family:1, type:1, protocol:0
[   17.444953] firmadyne: sys_socket[PID: 114 (klogd)]: family:1, type:2, protocol:0
nvram_set: usb_info_dev95 = "A200396E0402FF83@1@14.4G@U@1@USB_Storage;U:;0;0@"
[   17.452253] firmadyne: sys_socket[PID: 114 (klogd)]: family:1, type:1, protocol:0
[   17.453771] firmadyne: sys_socket[PID: 114 (klogd)]: family:1, type:2, protocol:0
sem_get: Key: 410f00aa
sem_get: Key: [   17.461513] firmadyne: sys_socket[PID: 114 (klogd)]: family:1, type:1, protocol:0
[   17.463030] firmadyne: sys_socket[PID: 114 (klogd)]: family:1, type:2, protocol:0
410f00aa
nvram_set: usb_info_dev96 = "A200396E0402FF83@1@14.4G@U@1@USB_Storage;U:;0;0@"
sem_get: Key: 410f00aa[   17.473659] firmadyne: sys_socket[PID: 114 (klogd)]: family:1, type:1, protocol:0
[   17.475579] firmadyne: sys_socket[PID: 114 (klogd)]: family:1, type:2, protocol:0
[   17.478532] firmadyne: sys_socket[PID: 114 (klogd)]: family:1, type:1, protocol:0

sem_get: Key: 410f00aa[   17.483961] firmadyne: sys_socket[PID: 114 (klogd)]: family:1, type:2, protocol:0
[   17.486979] firmadyne: sys_socket[PID: 114 (klogd)]: family:1, type:1, protocol:0

nvram_set: usb_info_dev97 = "A200396E0402FF83@1@14.4G@U@1@USB_Storage;U:;0;0@"
sem_get: Key: 410f00aa
[   17.496128] firmadyne: sys_socket[PID: 114 (klogd)]: family:1, type:2, protocol:0
sem_get: Key: 410f00aa
[   17.503450] firmadyne: sys_socket[PID: 114 (klogd)]: family:1, type:1, protocol:0
[   17.504962] firmadyne: sys_socket[PID: 114 (klogd)]: family:1, type:2, protocol:0
nvram_set: usb_info_dev98 = "A200396E0402FF83@1@14.4G@U@1@USB_Storage;U:;0;0@"
[   17.512306] firmadyne: sys_socket[PID: 114 (klogd)]: family:1, type:1, protocol:0
[   17.513814] firmadyne: sys_socket[PID: 114 (klogd)]: family:1, type:2, protocol:0
sem_get: Key: 410f00aa
sem_get[   17.521468] firmadyne: sys_socket[PID: 114 (klogd)]: family:1, type:1, protocol:0
[   17.522979] firmadyne: sys_socket[PID: 114 (klogd)]: family:1, type:2, protocol:0
: Key: 410f00aa
nvram_set: usb_info_dev99 = "A200396E0402FF83@1@14.4G@U@1@USB_Storage;U:;0;0@"
sem_get: Key: [   17.533503] firmadyne: sys_socket[PID: 114 (klogd)]: family:1, type:1, protocol:0
[   17.534995] firmadyne: sys_socket[PID: 114 (klogd)]: family:1, type:2, protocol:0
[   17.538387] firmadyne: sys_socket[PID: 114 (klogd)]: family:1, type:1, protocol:0
[   17.540106] firmadyne: sys_socket[PID: 114 (klogd)]: family:1, type:2, protocol:0
410f00aa
sem_get: Key: 410f00aa
nvram_set: usb_info_dev100 = "A200396E0402FF83@1@14.4G@U@1@USB_Storage;U:;0;0@"
sem_get: Key: 410f00aa
sem_get: Key: 410f00aa
nvram_set: [   17.571916] firmadyne: sys_socket[PID: 114 (klogd)]: family:1, type:1, protocol:0
[   17.573431] firmadyne: sys_socket[PID: 114 (klogd)]: family:1, type:2, protocol:0
wla_ap_isolate_1 = ""
sem_get: Key: 410f00aa
[   17.580988] firmadyne: sys_socket[PID: 114 (klogd)]: family:1, type:1, protocol:0
[   17.582485] firmadyne: sys_socket[PID: 114 (klogd)]: family:1, type:2, protocol:0
sem_get: Key: 410f00aa
[   17.589390] firmadyne: sys_socket[PID: 114 (klogd)]: family:1, type:1, protocol:0
[   17.590856] firmadyne: sys_socket[PID: 114 (klogd)]: family:1, type:2, protocol:0
nvram_set: wla_ap_isolate_2 = ""
sem_get: Key: 410f00aa
sem_get: Key: [   17.601745] firmadyne: sys_socket[PID: 114 (klogd)]: family:1, type:1, protocol:0
410f00aa
nvram_set: wla_ap_isolate_3[   17.608953] firmadyne: sys_socket[PID: 114 (klogd)]: family:1, type:2, protocol:0
[   17.612275] firmadyne: sys_socket[PID: 114 (klogd)]: family:1, type:1, protocol:0
[   17.613743] firmadyne: sys_socket[PID: 114 (klogd)]: family:1, type:2, protocol:0
 = ""
sem_get: Key: 410f00aa
[   17.621142] firmadyne: sys_socket[PID: 114 (klogd)]: family:1, type:1, protocol:0
[   17.622615] firmadyne: sys_socket[PID: 114 (klogd)]: family:1, type:2, protocol:0
sem_get: Key: 410f00aa
nvram_set: wla_ap_isolate_4 = ""
sem_get: Key: [   17.633475] firmadyne: sys_socket[PID: 114 (klogd)]: family:1, type:1, protocol:0
[   17.634964] firmadyne: sys_socket[PID: 114 (klogd)]: family:1, type:2, protocol:0
410f00aa
sem_get: Key: 410f00aa
nvram_set: wlg_ap_isolate_1[   17.645463] firmadyne: sys_socket[PID: 114 (klogd)]: family:1, type:1, protocol:0
[   17.646954] firmadyne: sys_socket[PID: 114 (klogd)]: family:1, type:2, protocol:0
[   17.650331] firmadyne: sys_socket[PID: 114 (klogd)]: family:1, type:1, protocol:0
[   17.652039] firmadyne: sys_socket[PID: 114 (klogd)]: family:1, type:2, protocol:0
[   17.654999] firmadyne: sys_socket[PID: 114 (klogd)]: family:1, type:1, protocol:0
 = ""
sem_get: Key: 410f00aa
sem_get: Key: 410f00aa
nvram_set: wlg_ap_isolate_2 = ""
sem_get: Key: [   17.668033] firmadyne: sys_socket[PID: 114 (klogd)]: family:1, type:2, protocol:0
[   17.671058] firmadyne: sys_socket[PID: 114 (klogd)]: family:1, type:1, protocol:0
410f00aa
sem_get: Key: 410f00aa
nvram_set: wlg_ap_isolate_3[   17.680038] firmadyne: sys_socket[PID: 114 (klogd)]: family:1, type:2, protocol:0
[   17.683055] firmadyne: sys_socket[PID: 114 (klogd)]: family:1, type:1, protocol:0
[   17.684952] firmadyne: sys_socket[PID: 114 (klogd)]: family:1, type:2, protocol:0
[   17.688177] firmadyne: sys_socket[PID: 114 (klogd)]: family:1, type:1, protocol:0
[   17.689636] firmadyne: sys_socket[PID: 114 (klogd)]: family:1, type:2, protocol:0
 = ""
sem_get: Key: 410f00aa
sem_get: Key: 410f00aa
nvram_set[   17.701252] firmadyne: sys_socket[PID: 114 (klogd)]: family:1, type:1, protocol:0
[   17.702741] firmadyne: sys_socket[PID: 114 (klogd)]: family:1, type:2, protocol:0
: wlg_ap_isolate_4 = ""
sem_get: Key: 410f00aa
sem_get: Key: 410f00aa
[   17.713378] firmadyne: sys_socket[PID: 114 (klogd)]: family:1, type:1, protocol:0
[   17.714843] firmadyne: sys_socket[PID: 114 (klogd)]: family:1, type:2, protocol:0
[   17.718321] firmadyne: sys_socket[PID: 114 (klogd)]: family:1, type:1, protocol:0
[   17.720034] firmadyne: sys_socket[PID: 114 (klogd)]: family:1, type:2, protocol:0
[   17.722999] firmadyne: sys_socket[PID: 114 (klogd)]: family:1, type:1, protocol:0
nvram_set: wlg_allow_access_1 = ""
sem_get: Key: 410f00aa
sem_get: Key: 410f00aa
nvram_set: [   17.736115] firmadyne: sys_socket[PID: 114 (klogd)]: family:1, type:2, protocol:0
wlg_allow_access_2 = ""
sem_get: Key: 410f00aa
[   17.743609] firmadyne: sys_socket[PID: 114 (klogd)]: family:1, type:1, protocol:0
[   17.745119] firmadyne: sys_socket[PID: 114 (klogd)]: family:1, type:2, protocol:0
sem_get: Key: 410f00aa
[   17.752409] firmadyne: sys_socket[PID: 114 (klogd)]: family:1, type:1, protocol:0
[   17.753913] firmadyne: sys_socket[PID: 114 (klogd)]: family:1, type:2, protocol:0
nvram_set: wlg_allow_access_3 = ""
sem_get: Key: 410f00aa[   17.761413] firmadyne: sys_socket[PID: 114 (klogd)]: family:1, type:1, protocol:0
[   17.762895] firmadyne: sys_socket[PID: 114 (klogd)]: family:1, type:2, protocol:0

sem_get: Key: 410f00aa
nvram_set: wlg_allow_access_4 = ""
[   17.773875] firmadyne: sys_socket[PID: 114 (klogd)]: family:1, type:1, protocol:0
[   17.775782] firmadyne: sys_socket[PID: 114 (klogd)]: family:1, type:2, protocol:0
[   17.778726] firmadyne: sys_socket[PID: 114 (klogd)]: family:1, type:1, protocol:0
sem_get: Key: 410f00aa
[   17.784061] firmadyne: sys_socket[PID: 114 (klogd)]: family:1, type:2, protocol:0
[   17.787083] firmadyne: sys_socket[PID: 114 (klogd)]: family:1, type:1, protocol:0
sem_get: Key: 410f00aa
nvram_set: 0:macaddr = "01:23:45:67:89:ab"
sem_get[   17.796082] firmadyne: sys_socket[PID: 114 (klogd)]: family:1, type:2, protocol:0
[   17.799314] firmadyne: sys_socket[PID: 114 (klogd)]: family:1, type:1, protocol:0
: Key: 410f00aa
sem_get: Key: 410f00aa
nvram_set[   17.809258] firmadyne: sys_socket[PID: 114 (klogd)]: family:1, type:2, protocol:0
[   17.812517] firmadyne: sys_socket[PID: 114 (klogd)]: family:1, type:1, protocol:0
[   17.813979] firmadyne: sys_socket[PID: 114 (klogd)]: family:1, type:2, protocol:0
: 1:macaddr = "01:23:45:67:89:ab"
sem_get: Key: 410f00aa[   17.821546] firmadyne: sys_socket[PID: 114 (klogd)]: family:1, type:1, protocol:0
[   17.823049] firmadyne: sys_socket[PID: 114 (klogd)]: family:1, type:2, protocol:0

sem_get: Key: 410f00aa
nvram_set: 2:macaddr = "[   17.833608] firmadyne: sys_socket[PID: 114 (klogd)]: family:1, type:1, protocol:0
[   17.835460] firmadyne: sys_socket[PID: 114 (klogd)]: family:1, type:2, protocol:0
[   17.838411] firmadyne: sys_socket[PID: 114 (klogd)]: family:1, type:1, protocol:0
01:23:45:67:89:ab"
sem_get: Key: 410f00aa
[   17.844070] firmadyne: sys_socket[PID: 114 (klogd)]: family:1, type:2, protocol:0
[   17.847091] firmadyne: sys_socket[PID: 114 (klogd)]: family:1, type:1, protocol:0
sem_get: Key: 410f00aa
nvram_set: lan1_ifnames = ""
[   17.856007] firmadyne: sys_socket[PID: 114 (klogd)]: family:1, type:2, protocol:0
[   17.859030] firmadyne: sys_socket[PID: 114 (klogd)]: family:1, type:1, protocol:0
sem_get: Key: 410f00aa
sem_get: Key: 410f00aa
[   17.867837] firmadyne: sys_socket[PID: 114 (klogd)]: family:1, type:2, protocol:0
[   17.870817] firmadyne: sys_socket[PID: 114 (klogd)]: family:1, type:1, protocol:0
nvram_set: lan2_ifnames = ""
sem_get: Key: 410f00aa
sem_get: Key: 410f00aa
[   17.880329] firmadyne: sys_socket[PID: 114 (klogd)]: family:1, type:2, protocol:0
[   17.883662] firmadyne: sys_socket[PID: 114 (klogd)]: family:1, type:1, protocol:0
[   17.885143] firmadyne: sys_socket[PID: 114 (klogd)]: family:1, type:2, protocol:0
nvram_set: lan3_ifnames = ""
[   17.892422] firmadyne: sys_socket[PID: 114 (klogd)]: family:1, type:1, protocol:0
[   17.893935] firmadyne: sys_socket[PID: 114 (klogd)]: family:1, type:2, protocol:0
sem_get: Key: 410f00aa
sem_get[   17.901246] firmadyne: sys_socket[PID: 114 (klogd)]: family:1, type:1, protocol:0
[   17.902725] firmadyne: sys_socket[PID: 114 (klogd)]: family:1, type:2, protocol:0
: Key: 410f00aa
nvram_set: lan4_ifnames = ""
sem_get: Key: 410f00aa
[   17.913471] firmadyne: sys_socket[PID: 114 (klogd)]: family:1, type:1, protocol:0
[   17.914973] firmadyne: sys_socket[PID: 114 (klogd)]: family:1, type:2, protocol:0
[   17.918369] firmadyne: sys_socket[PID: 114 (klogd)]: family:1, type:1, protocol:0
[   17.920078] firmadyne: sys_socket[PID: 114 (klogd)]: family:1, type:2, protocol:0
[   17.923039] firmadyne: sys_socket[PID: 114 (klogd)]: family:1, type:1, protocol:0
sem_get: Key: 410f00aa
nvram_set: lan5_ifnames = ""
sem_get: Key: 410f00aa
sem_get: Key: [   17.936204] firmadyne: sys_socket[PID: 114 (klogd)]: family:1, type:2, protocol:0
[   17.939540] firmadyne: sys_socket[PID: 114 (klogd)]: family:1, type:1, protocol:0
[   17.941019] firmadyne: sys_socket[PID: 114 (klogd)]: family:1, type:2, protocol:0
410f00aa
nvram_set: lan6_ifnames = "[   17.948558] firmadyne: sys_socket[PID: 114 (klogd)]: family:1, type:1, protocol:0
[   17.950074] firmadyne: sys_socket[PID: 114 (klogd)]: family:1, type:2, protocol:0
"
sem_get: Key: 410f00aa
[   17.957383] firmadyne: sys_socket[PID: 114 (klogd)]: family:1, type:1, protocol:0
[   17.958844] firmadyne: sys_socket[PID: 114 (klogd)]: family:1, type:2, protocol:0
sem_get: Key: 410f00aa
nvram_set: lan7_ifnames = ""
sem_get: Key: 410f00aa[   17.969651] firmadyne: sys_socket[PID: 114 (klogd)]: family:1, type:1, protocol:0

sem_get: Key: 410f00aa
[   17.975429] firmadyne: sys_socket[PID: 114 (klogd)]: family:1, type:2, protocol:0
[   17.978464] firmadyne: sys_socket[PID: 114 (klogd)]: family:1, type:1, protocol:0
nvram_set: lan8_ifnames = ""
[   17.984264] firmadyne: sys_socket[PID: 114 (klogd)]: family:1, type:2, protocol:0
sem_get: Key: 410f00aa
[   17.991591] firmadyne: sys_socket[PID: 114 (klogd)]: family:1, type:1, protocol:0
[   17.993115] firmadyne: sys_socket[PID: 114 (klogd)]: family:1, type:2, protocol:0
sem_get: Key: 410f00aa
nvram_set: [   18.000680] firmadyne: sys_socket[PID: 114 (klogd)]: family:1, type:1, protocol:0
[   18.002207] firmadyne: sys_socket[PID: 114 (klogd)]: family:1, type:2, protocol:0
lan9_ifnames = ""
sem_get: Key: 410f00aa
[   18.010954] firmadyne: sys_socket[PID: 114 (klogd)]: family:1, type:1, protocol:0
[   18.012667] firmadyne: sys_socket[PID: 114 (klogd)]: family:1, type:2, protocol:0
sem_get: Key: 410f00aa
nvram_set_default: Loading built-in default values = 1!
nvram_set_default: Checking for symbol "router_defaults"...
[   18.024093] firmadyne: sys_socket[PID: 114 (klogd)]: family:1, type:1, protocol:0
[   18.025892] firmadyne: sys_socket[PID: 114 (klogd)]: family:1, type:2, protocol:0
nvram_set_default: Checking for symbol "Nvrams"...
nvram_set: [   18.055829] firmadyne: sys_socket[PID: 114 (klogd)]: family:1, type:1, protocol:0
[   18.057344] firmadyne: sys_socket[PID: 114 (klogd)]: family:1, type:2, protocol:0
time_zone = "GMT+8"
sem_get: Key: 410f00aa
[   18.064688] firmadyne: sys_socket[PID: 114 (klogd)]: family:1, type:1, protocol:0
[   18.066190] firmadyne: sys_socket[PID: 114 (klogd)]: family:1, type:2, protocol:0
sem_get: Key: 410f00aa
[   18.073822] firmadyne: sys_socket[PID: 114 (klogd)]: family:1, type:1, protocol:0
[   18.079633] firmadyne: sys_socket[PID: 114 (klogd)]: family:1, type:2, protocol:0
[   18.082651] firmadyne: sys_socket[PID: 114 (klogd)]: family:1, type:1, protocol:0
nvram_set: time_daylight = ""
sem_get: Key: 410f00aa
sem_get: Key: [   18.092056] firmadyne: sys_socket[PID: 114 (klogd)]: family:1, type:2, protocol:0
[   18.095083] firmadyne: sys_socket[PID: 114 (klogd)]: family:1, type:1, protocol:0
410f00aa
nvram_set: [   18.103977] firmadyne: sys_socket[PID: 114 (klogd)]: family:1, type:2, protocol:0
[   18.106998] firmadyne: sys_socket[PID: 114 (klogd)]: family:1, type:1, protocol:0
[   18.108927] firmadyne: sys_socket[PID: 114 (klogd)]: family:1, type:2, protocol:0
[   18.112154] firmadyne: sys_socket[PID: 114 (klogd)]: family:1, type:1, protocol:0
[   18.113617] firmadyne: sys_socket[PID: 114 (klogd)]: family:1, type:2, protocol:0
restore_default = "0"
sem_get: Key: 410f00aa
sem_get: Key: 410f00aa
[   18.124896] firmadyne: sys_socket[PID: 114 (klogd)]: family:1, type:1, protocol:0
[   18.126390] firmadyne: sys_socket[PID: 114 (klogd)]: family:1, type:2, protocol:0
[   18.133371] firmadyne: sys_socket[PID: 114 (klogd)]: family:1, type:1, protocol:0
[   18.134835] firmadyne: sys_socket[PID: 114 (klogd)]: family:1, type:2, protocol:0
nvram_set: wiz_language = "English"
sem_get: Key: 410f00aa
[   18.145350] firmadyne: sys_socket[PID: 114 (klogd)]: family:1, type:1, protocol:0
[   18.146813] firmadyne: sys_socket[PID: 114 (klogd)]: family:1, type:2, protocol:0
sem_get: Key: 410f00aa
[   18.153962] firmadyne: sys_socket[PID: 114 (klogd)]: family:1, type:1, protocol:0
[   18.159637] firmadyne: sys_socket[PID: 114 (klogd)]: family:1, type:2, protocol:0
[   18.162638] firmadyne: sys_socket[PID: 114 (klogd)]: family:1, type:1, protocol:0
nvram_set: wiz_country = "US"
[   18.167854] firmadyne: sys_socket[PID: 114 (klogd)]: family:1, type:2, protocol:0
[   18.170838] firmadyne: sys_socket[PID: 114 (klogd)]: family:1, type:1, protocol:0
sem_get: Key: 410f00aa
sem_get: Key: 410f00aa
[   18.179846] firmadyne: sys_socket[PID: 114 (klogd)]: family:1, type:2, protocol:0
[   18.182832] firmadyne: sys_socket[PID: 114 (klogd)]: family:1, type:1, protocol:0
nvram_set: fix_ipaddr = ""
sem_get: Key: 410f00aa
[   18.192141] firmadyne: sys_socket[PID: 114 (klogd)]: family:1, type:2, protocol:0
[   18.195593] firmadyne: sys_socket[PID: 114 (klogd)]: family:1, type:1, protocol:0
[   18.197067] firmadyne: sys_socket[PID: 114 (klogd)]: family:1, type:2, protocol:0
sem_get: Key: 410f00aa
[   18.204352] firmadyne: sys_socket[PID: 114 (klogd)]: family:1, type:1, protocol:0
[   18.205854] firmadyne: sys_socket[PID: 114 (klogd)]: family:1, type:2, protocol:0
nvram_set: fix_netmask = ""
sem_get: Key: 410f00aa[   18.217146] firmadyne: sys_socket[PID: 114 (klogd)]: family:1, type:1, protocol:0
[   18.218625] firmadyne: sys_socket[PID: 114 (klogd)]: family:1, type:2, protocol:0

sem_get: Key: 410f00aa
[   18.229412] firmadyne: sys_socket[PID: 114 (klogd)]: family:1, type:1, protocol:0
[   18.230916] firmadyne: sys_socket[PID: 114 (klogd)]: family:1, type:2, protocol:0
[   18.234316] firmadyne: sys_socket[PID: 114 (klogd)]: family:1, type:1, protocol:0
[   18.236022] firmadyne: sys_socket[PID: 114 (klogd)]: family:1, type:2, protocol:0
[   18.238979] firmadyne: sys_socket[PID: 114 (klogd)]: family:1, type:1, protocol:0
nvram_set: fix_gateway = ""
sem_get: Key: 410f00aa
sem_get[   18.248440] firmadyne: sys_socket[PID: 114 (klogd)]: family:1, type:2, protocol:0
: Key: 410f00aa
[   18.255820] firmadyne: sys_socket[PID: 114 (klogd)]: family:1, type:1, protocol:0
[   18.257383] firmadyne: sys_socket[PID: 114 (klogd)]: family:1, type:2, protocol:0
nvram_set: wan_ifname = "[   18.264802] firmadyne: sys_socket[PID: 114 (klogd)]: family:1, type:1, protocol:0
[   18.266350] firmadyne: sys_socket[PID: 114 (klogd)]: family:1, type:2, protocol:0
ppp0"
sem_get: Key: 410f00aa
