[    0.000000] Linux version 4.1.17+ (alessio@pc) (gcc version 5.5.0 20171010 (Ubuntu 5.5.0-12ubuntu1) ) #1 Mon May 15 23:04:08 CEST 2023
[    0.000000] earlycon: Early serial console at I/O port 0x3f8 (options '38400n8')
[    0.000000] bootconsole [uart0] enabled
[    0.000000] CPU0 revision is: 00019300 (MIPS 24Kc)
[    0.000000] FPU revision is: 00739300
[    0.000000] Software DMA cache coherency enabled
[    0.000000] Determined physical RAM map:
[    0.000000]  memory: 00001000 @ 00000000 (reserved)
[    0.000000]  memory: 000ef000 @ 00001000 (ROM data)
[    0.000000]  memory: 00798000 @ 000f0000 (reserved)
[    0.000000]  memory: 0f777000 @ 00888000 (usable)
[    0.000000] debug: ignoring loglevel setting.
[    0.000000] Wasting 69888 bytes for tracking 2184 unused pages
[    0.000000] Initrd not found or empty - disabling initrd
[    0.000000] Zone ranges:
[    0.000000]   DMA      [mem 0x0000000000000000-0x0000000000ffffff]
[    0.000000]   Normal   [mem 0x0000000001000000-0x000000000fffefff]
[    0.000000] Movable zone start for each node
[    0.000000] Early memory node ranges
[    0.000000]   node   0: [mem 0x0000000000000000-0x000000000fffefff]
[    0.000000] Initmem setup node 0 [mem 0x0000000000000000-0x000000000fffefff]
[    0.000000] On node 0 totalpages: 65535
[    0.000000] free_area_init_node: node 0, pgdat 8081d5b0, node_mem_map 81000000
[    0.000000]   DMA zone: 32 pages used for memmap
[    0.000000]   DMA zone: 0 pages reserved
[    0.000000]   DMA zone: 4096 pages, LIFO batch:0
[    0.000000]   Normal zone: 480 pages used for memmap
[    0.000000]   Normal zone: 61439 pages, LIFO batch:15
[    0.000000] Primary instruction cache 2kB, VIPT, 2-way, linesize 16 bytes.
[    0.000000] Primary data cache 2kB, 2-way, VIPT, no aliases, linesize 16 bytes
[    0.000000] pcpu-alloc: s0 r0 d32768 u32768 alloc=1*32768
[    0.000000] pcpu-alloc: [0] 0 
[    0.000000] Built 1 zonelists in Zone order, mobility grouping on.  Total pages: 65023
[    0.000000] Kernel command line: root=/dev/sda1 console=ttyS0 nandsim.parts=64,64,64,64,64,64,64,64,64,64 rdinit=/firmadyne/preInit.sh rw debug ignore_loglevel print-fatal-signals=1 FIRMAE_NET=true FIRMAE_NVRAM=true FIRMAE_KERNEL=true FIRMAE_ETC=true user_debug=0 firmadyne.syscall=1 noka
[    0.000000] found FIRMAE_KERNEL=t
[    0.000000] set the LD_PRELOAD=/firmadyne/libnvram_ioctl.so
[    0.000000] PID hash table entries: 1024 (order: 0, 4096 bytes)
[    0.000000] Dentry cache hash table entries: 32768 (order: 5, 131072 bytes)
[    0.000000] Inode-cache hash table entries: 16384 (order: 4, 65536 bytes)
[    0.000000] Writing ErrCtl register=00000000
[    0.000000] Readback ErrCtl register=00000000
[    0.000000] Memory: 251112K/262140K available (5360K kernel code, 244K rwdata, 1676K rodata, 260K init, 158K bss, 11028K reserved, 0K cma-reserved)
[    0.000000] NR_IRQS:256
[    0.000000] CPU frequency 200.00 MHz
[    0.000000] clocksource MIPS: mask: 0xffffffff max_cycles: 0xffffffff, max_idle_ns: 19112530123 ns
[    0.000175] sched_clock: 32 bits at 100MHz, resolution 9ns, wraps every 21474752507ns
[    0.012550] Console: colour dummy device 80x25
[    0.013499] Calibrating delay loop... 33.72 BogoMIPS (lpj=67456)
[    0.065141] pid_max: default: 32768 minimum: 301
[    0.068489] Mount-cache hash table entries: 1024 (order: 0, 4096 bytes)
[    0.068977] Mountpoint-cache hash table entries: 1024 (order: 0, 4096 bytes)
[    0.122251] clocksource jiffies: mask: 0xffffffff max_cycles: 0xffffffff, max_idle_ns: 7645041785100000 ns
[    0.131520] NET: Registered protocol family 16
[    0.361992] clocksource pit: mask: 0xffffffff max_cycles: 0xffffffff, max_idle_ns: 1601818034827 ns
[    0.487265] vgaarb: loaded
[    0.492291] SCSI subsystem initialized
[    0.494294] libata version 3.00 loaded.
[    0.498033] usbcore: registered new interface driver usbfs
[    0.499196] usbcore: registered new interface driver hub
[    0.500233] usbcore: registered new device driver usb
[    0.502682] pps_core: LinuxPPS API ver. 1 registered
[    0.503237] pps_core: Software ver. 5.3.6 - Copyright 2005-2007 Rodolfo Giometti <giometti@linux.it>
[    0.504531] PTP clock support registered
[    0.508742] PCI host bridge to bus 0000:00
[    0.509575] pci_bus 0000:00: root bus resource [mem 0x10000000-0x17ffffff]
[    0.510348] pci_bus 0000:00: root bus resource [io  0x1000-0x1fffff]
[    0.511123] pci_bus 0000:00: root bus resource [??? 0x00000000 flags 0x0]
[    0.511865] pci_bus 0000:00: No busn resource found for root bus, will use [bus 00-ff]
[    0.513466] pci 0000:00:00.0: [11ab:4620] type 00 class 0x060000
[    0.514519] pci 0000:00:00.0: [Firmware Bug]: reg 0x14: invalid BAR (can't size)
[    0.515324] pci 0000:00:00.0: [Firmware Bug]: reg 0x18: invalid BAR (can't size)
[    0.516125] pci 0000:00:00.0: [Firmware Bug]: reg 0x1c: invalid BAR (can't size)
[    0.517059] pci 0000:00:00.0: [Firmware Bug]: reg 0x20: invalid BAR (can't size)
[    0.517869] pci 0000:00:00.0: [Firmware Bug]: reg 0x24: invalid BAR (can't size)
[    0.521704] pci 0000:00:0a.0: [8086:7110] type 00 class 0x060100
[    0.524867] pci 0000:00:0a.1: [8086:7111] type 00 class 0x010180
[    0.525967] pci 0000:00:0a.1: reg 0x20: [io  0x0000-0x000f]
[    0.526724] pci 0000:00:0a.1: legacy IDE quirk: reg 0x10: [io  0x01f0-0x01f7]
[    0.527477] pci 0000:00:0a.1: legacy IDE quirk: reg 0x14: [io  0x03f6]
[    0.528221] pci 0000:00:0a.1: legacy IDE quirk: reg 0x18: [io  0x0170-0x0177]
[    0.528973] pci 0000:00:0a.1: legacy IDE quirk: reg 0x1c: [io  0x0376]
[    0.532048] pci 0000:00:0a.2: [8086:7112] type 00 class 0x0c0300
[    0.532857] pci 0000:00:0a.2: reg 0x20: [io  0x0000-0x001f]
[    0.535898] pci 0000:00:0a.3: [8086:7113] type 00 class 0x068000
[    0.537269] pci 0000:00:0a.3: quirk: [io  0x1000-0x103f] claimed by PIIX4 ACPI
[    0.538114] pci 0000:00:0a.3: quirk: [io  0x1100-0x110f] claimed by PIIX4 SMB
[    0.541352] pci 0000:00:12.0: [1013:00b8] type 00 class 0x030000
[    0.542116] pci 0000:00:12.0: reg 0x10: [mem 0x00000000-0x01ffffff pref]
[    0.543062] pci 0000:00:12.0: reg 0x14: [mem 0x00000000-0x00000fff]
[    0.543895] pci 0000:00:12.0: reg 0x30: [mem 0x00000000-0x0000ffff pref]
[    0.546422] vgaarb: device added: PCI:0000:00:12.0,decodes=io+mem,owns=none,locks=none
[    0.548001] pci 0000:00:13.0: [8086:100e] type 00 class 0x020000
[    0.548776] pci 0000:00:13.0: reg 0x10: [mem 0x00000000-0x0001ffff]
[    0.549523] pci 0000:00:13.0: reg 0x14: [io  0x0000-0x003f]
[    0.550281] pci 0000:00:13.0: reg 0x30: [mem 0x00000000-0x0003ffff pref]
[    0.553262] pci 0000:00:14.0: [8086:100e] type 00 class 0x020000
[    0.554019] pci 0000:00:14.0: reg 0x10: [mem 0x00000000-0x0001ffff]
[    0.554766] pci 0000:00:14.0: reg 0x14: [io  0x0000-0x003f]
[    0.555532] pci 0000:00:14.0: reg 0x30: [mem 0x00000000-0x0003ffff pref]
[    0.558623] pci 0000:00:15.0: [8086:100e] type 00 class 0x020000
[    0.559368] pci 0000:00:15.0: reg 0x10: [mem 0x00000000-0x0001ffff]
[    0.560257] pci 0000:00:15.0: reg 0x14: [io  0x0000-0x003f]
[    0.561019] pci 0000:00:15.0: reg 0x30: [mem 0x00000000-0x0003ffff pref]
[    0.563965] pci 0000:00:16.0: [8086:100e] type 00 class 0x020000
[    0.564955] pci 0000:00:16.0: reg 0x10: [mem 0x00000000-0x0001ffff]
[    0.565720] pci 0000:00:16.0: reg 0x14: [io  0x0000-0x003f]
[    0.566498] pci 0000:00:16.0: reg 0x30: [mem 0x00000000-0x0003ffff pref]
[    0.569749] pci_bus 0000:00: busn_res: [bus 00-ff] end is updated to 00
[    0.571384] pci 0000:00:12.0: BAR 0: assigned [mem 0x10000000-0x11ffffff pref]
[    0.572335] pci 0000:00:13.0: BAR 6: assigned [mem 0x12000000-0x1203ffff pref]
[    0.573321] pci 0000:00:14.0: BAR 6: assigned [mem 0x12040000-0x1207ffff pref]
[    0.574201] pci 0000:00:15.0: BAR 6: assigned [mem 0x12080000-0x120bffff pref]
[    0.575014] pci 0000:00:16.0: BAR 6: assigned [mem 0x120c0000-0x120fffff pref]
[    0.575817] pci 0000:00:13.0: BAR 0: assigned [mem 0x12100000-0x1211ffff]
[    0.576665] pci 0000:00:14.0: BAR 0: assigned [mem 0x12120000-0x1213ffff]
[    0.577411] pci 0000:00:15.0: BAR 0: assigned [mem 0x12140000-0x1215ffff]
[    0.577980] pci 0000:00:16.0: BAR 0: assigned [mem 0x12160000-0x1217ffff]
[    0.578544] pci 0000:00:12.0: BAR 6: assigned [mem 0x12180000-0x1218ffff pref]
[    0.579102] pci 0000:00:12.0: BAR 1: assigned [mem 0x12190000-0x12190fff]
[    0.579649] pci 0000:00:13.0: BAR 1: assigned [io  0x1040-0x107f]
[    0.580124] pci 0000:00:14.0: BAR 1: assigned [io  0x1080-0x10bf]
[    0.580616] pci 0000:00:15.0: BAR 1: assigned [io  0x10c0-0x10ff]
[    0.581093] pci 0000:00:16.0: BAR 1: assigned [io  0x1400-0x143f]
[    0.581708] pci 0000:00:0a.2: BAR 4: assigned [io  0x1440-0x145f]
[    0.582201] pci 0000:00:0a.1: BAR 4: assigned [io  0x1460-0x146f]
[    0.595549] cfg80211: Calling CRDA to update world regulatory domain
[    0.605945] Switched to clocksource MIPS
[    0.699487] NET: Registered protocol family 2
[    0.710098] TCP established hash table entries: 2048 (order: 1, 8192 bytes)
[    0.711022] TCP bind hash table entries: 2048 (order: 1, 8192 bytes)
[    0.711882] TCP: Hash tables configured (established 2048 bind 2048)
[    0.712811] UDP hash table entries: 256 (order: 0, 4096 bytes)
[    0.713371] UDP-Lite hash table entries: 256 (order: 0, 4096 bytes)
[    0.716816] NET: Registered protocol family 1
[    0.718313] PCI: Enabling device 0000:00:0a.2 (0000 -> 0001)
[    0.719519] PCI: CLS 0 bytes, default 16
[    0.746761] futex hash table entries: 256 (order: -1, 3072 bytes)
[    0.760501] squashfs: version 4.0 (2009/01/31) Phillip Lougher
[    0.762686] jffs2: version 2.2. (NAND) Â© 2001-2006 Red Hat, Inc.
[    0.765460] romfs: ROMFS MTD (C) 2007 Red Hat, Inc.
[    0.785335] Block layer SCSI generic (bsg) driver version 0.4 loaded (major 251)
[    0.785892] io scheduler noop registered
[    0.786608] io scheduler cfq registered (default)
[    0.787410] firmadyne: devfs: 1, execute: 1, procfs: 1, syscall: 1
[    0.792068] firmadyne: Cannot register character device: gpio, 0xfc, 0x0!
[    0.799173] firmadyne: Cannot register character device: watchdog, 0xa, 0x82!
[    0.799591] firmadyne: Cannot register character device: wdt, 0xfd, 0x0!
[    2.244137] strName = 4.1.17+
[    2.244137] init_task_addr  = 2155778944
[    2.244137] init_task_size  = 1296
[    2.244137] ts_tasks        = 292
[    2.244137] ts_pid          = 408
[    2.244137] ts_tgid         = 412
[    2.244137] ts_group_leader = 440
[    2.244137] ts_thread_group = 496
[    2.244137] ts_real_parent  = 416
[    2.244137] ts_mm           = 300
[    2.244137] ts_stack        = 4
[    2.246544] module_name   = 12
[    2.246544] module_size   = 208
[    2.246544] module_init   = 200
[    2.246544] module_list   = 4
[    2.247440] ts_real_cred    = 624
[    2.247440] ts_cred         = 628
[    2.247440] ts_comm         = 632
[    2.247440] cred_uid        = 4
[    2.247440] cred_gid        = 8
[    2.247440] cred_euid       = 20
[    2.247440] cred_egid       = 24
[    2.248963] mm_mmap         = 0
[    2.248963] mm_pgd          = 32
[    2.248963] mm_arg_start    = 136
[    2.248963] mm_start_brk    = 124
[    2.248963] mm_brk          = 128
[    2.248963] mm_start_stack  = 132
[    2.250471] vma_vm_start    = 0
[    2.250471] vma_vm_end      = 4
[    2.250471] vma_vm_next     = 8
[    2.250471] vma_vm_file     = 80
[    2.250471] vma_vm_flags    = 40
[    2.250471] vma_vm_pgoff    = 76
[    2.251792] file_dentry     = 12
[    2.251792] file_inode      = 40
[    2.251792] dentry_d_name   = 24
[    2.251792] dentry_d_iname  = 44
[    2.251792] dentry_d_parent = 16
[    2.251792] ti_task         = 0
[    2.251792] inode_ino   = 28
[    3.153482] proc_fork_connector  = 2151078840
[    3.153891] proc_exit_connector  = 2151080432
[    3.154329] proc_exec_connector  = 2151079052
[    3.154641] vma_link  = 2149124372
[    3.154901] vma_adjust  = 2149124540
[    3.155168] remove_vma  = 2149122188
[    3.155434] modules  = 2155833724
[    3.155693] trim_init_extable  = 2150545316
[    3.159094] PCI: Enabling device 0000:00:12.0 (0000 -> 0002)
[    3.160378] cirrusfb 0000:00:12.0: Cirrus Logic chipset on PCI bus, RAM (4096 kB) at 0x10000000
[    3.391825] Console: switching to colour frame buffer device 80x30
[    3.448841] Serial: 8250/16550 driver, 4 ports, IRQ sharing enabled
[    3.460701] console [ttyS0] disabled
[    3.486364] serial8250.0: ttyS0 at I/O 0x3f8 (irq = 4, base_baud = 115200) is a 16550A
[    3.487401] console [ttyS0] enabled
[    3.487401] console [ttyS0] enabled
[    3.487901] bootconsole [uart0] disabled
[    3.487901] bootconsole [uart0] disabled
[    3.516268] serial8250.0: ttyS1 at I/O 0x2f8 (irq = 3, base_baud = 115200) is a 16550A
[    3.620344] brd: module loaded
[    3.675096] loop: module loaded
[    3.680716] ata_piix 0000:00:0a.1: version 2.13
[    3.681200] PCI: Enabling device 0000:00:0a.1 (0000 -> 0001)
[    3.703034] scsi host0: ata_piix
[    3.707919] scsi host1: ata_piix
[    3.711311] ata1: PATA max UDMA/33 cmd 0x1f0 ctl 0x3f6 bmdma 0x1460 irq 14
[    3.711776] ata2: PATA max UDMA/33 cmd 0x170 ctl 0x376 bmdma 0x1468 irq 15
[    3.717513] [nandsim] warning: read_byte: unexpected data output cycle, state is STATE_READY return 0x0
[    3.718180] [nandsim] warning: read_byte: unexpected data output cycle, state is STATE_READY return 0x0
[    3.718688] [nandsim] warning: read_byte: unexpected data output cycle, state is STATE_READY return 0x0
[    3.719197] [nandsim] warning: read_byte: unexpected data output cycle, state is STATE_READY return 0x0
[    3.719714] [nandsim] warning: read_byte: unexpected data output cycle, state is STATE_READY return 0x0
[    3.720222] [nandsim] warning: read_byte: unexpected data output cycle, state is STATE_READY return 0x0
[    3.720927] nand: device found, Manufacturer ID: 0x98, Chip ID: 0x39
[    3.721323] nand: Toshiba NAND 128MiB 1,8V 8-bit
[    3.721701] nand: 128 MiB, SLC, erase size: 16 KiB, page size: 512, OOB size: 16
[    3.723330] flash size: 128 MiB
[    3.723570] page size: 512 bytes
[    3.723789] OOB area size: 16 bytes
[    3.724017] sector size: 16 KiB
[    3.724231] pages number: 262144
[    3.724451] pages per sector: 32
[    3.724673] bus width: 8
[    3.724865] bits in sector size: 14
[    3.725090] bits in page size: 9
[    3.725309] bits in OOB size: 4
[    3.725532] flash size with OOB: 135168 KiB
[    3.725802] page address bytes: 4
[    3.726159] sector address bytes: 3
[    3.726390] options: 0x42
[    3.796412] Scanning device for bad blocks
[    4.801467] cfg80211: Calling CRDA to update world regulatory domain
[    4.806310] ata1.01: NODEV after polling detection
[    4.807018] ata2.01: NODEV after polling detection
[    4.808689] ata2.00: ATAPI: QEMU DVD-ROM, 2.5+, max UDMA/100
[    4.810638] ata1.00: ATA-7: QEMU HARDDISK, 2.5+, max UDMA/100
[    4.811052] ata1.00: 2097152 sectors, multi 16: LBA48 
[    4.816775] ata1.00: configured for UDMA/33
[    4.822777] ata2.00: configured for UDMA/33
[    4.825919] scsi 0:0:0:0: Direct-Access     ATA      QEMU HARDDISK    2.5+ PQ: 0 ANSI: 5
[    4.839967] sd 0:0:0:0: [sda] 2097152 512-byte logical blocks: (1.07 GB/1.00 GiB)
[    4.841324] scsi 1:0:0:0: CD-ROM            QEMU     QEMU DVD-ROM     2.5+ PQ: 0 ANSI: 5
[    4.852546] sd 0:0:0:0: [sda] Write Protect is off
[    4.852997] sd 0:0:0:0: [sda] Mode Sense: 00 3a 00 00
[    4.854341] sd 0:0:0:0: [sda] Write cache: enabled, read cache: enabled, doesn't support DPO or FUA
[    4.864693] Creating 11 MTD partitions on "NAND 128MiB 1,8V 8-bit":
[    4.865301] 0x000000000000-0x000000100000 : "NAND simulator partition 0"
[    4.875131] 0x000000100000-0x000000200000 : "NAND simulator partition 1"
[    4.884349] 0x000000200000-0x000000300000 : "NAND simulator partition 2"
[    4.893631] 0x000000300000-0x000000400000 : "NAND simulator partition 3"
[    4.903253] 0x000000400000-0x000000500000 : "NAND simulator partition 4"
[    4.912567] 0x000000500000-0x000000600000 : "NAND simulator partition 5"
[    4.922572] 0x000000600000-0x000000700000 : "NAND simulator partition 6"
[    4.932515] 0x000000700000-0x000000800000 : "NAND simulator partition 7"
[    4.942510] 0x000000800000-0x000000900000 : "NAND simulator partition 8"
[    4.951735] 0x000000900000-0x000000a00000 : "NAND simulator partition 9"
[    4.960809] 0x000000a00000-0x000008000000 : "NAND simulator partition 10"
[    5.000771] tun: Universal TUN/TAP device driver, 1.6
[    5.001122] tun: (C) 1999-2004 Max Krasnyansky <maxk@qualcomm.com>
[    5.004482] pcnet32: pcnet32.c:v1.35 21.Apr.2008 tsbogend@alpha.franken.de
[    5.005675] e1000: Intel(R) PRO/1000 Network Driver - version 7.3.21-k8-NAPI
[    5.006224] e1000: Copyright (c) 1999-2006 Intel Corporation.
[    5.007054] PCI: Enabling device 0000:00:13.0 (0000 -> 0003)
[    5.008971]  sda: sda1
[    5.020670] sd 0:0:0:0: [sda] Attached SCSI disk
[    5.292515] e1000 0000:00:13.0 eth0: (PCI:33MHz:32-bit) 52:54:00:12:34:56
[    5.293105] e1000 0000:00:13.0 eth0: Intel(R) PRO/1000 Network Connection
[    5.293700] PCI: Enabling device 0000:00:14.0 (0000 -> 0003)
[    5.582369] e1000 0000:00:14.0 eth1: (PCI:33MHz:32-bit) 52:54:00:12:34:57
[    5.582850] e1000 0000:00:14.0 eth1: Intel(R) PRO/1000 Network Connection
[    5.583440] PCI: Enabling device 0000:00:15.0 (0000 -> 0003)
[    5.867585] e1000 0000:00:15.0 eth2: (PCI:33MHz:32-bit) 52:54:00:12:34:58
[    5.868076] e1000 0000:00:15.0 eth2: Intel(R) PRO/1000 Network Connection
[    5.868694] PCI: Enabling device 0000:00:16.0 (0000 -> 0003)
[    6.158150] e1000 0000:00:16.0 eth3: (PCI:33MHz:32-bit) 52:54:00:12:34:59
[    6.158627] e1000 0000:00:16.0 eth3: Intel(R) PRO/1000 Network Connection
[    6.159775] e1000e: Intel(R) PRO/1000 Network Driver - 2.3.2-k
[    6.160091] e1000e: Copyright(c) 1999 - 2014 Intel Corporation.
[    6.163995] PPP generic driver version 2.4.2
[    6.166185] PPP Deflate Compression module registered
[    6.166776] PPP MPPE Compression module registered
[    6.167130] NET: Registered protocol family 24
[    6.167753] ehci_hcd: USB 2.0 'Enhanced' Host Controller (EHCI) Driver
[    6.168191] ehci-pci: EHCI PCI platform driver
[    6.169179] ohci_hcd: USB 1.1 'Open' Host Controller (OHCI) Driver
[    6.169607] ohci-pci: OHCI PCI platform driver
[    6.170742] uhci_hcd: USB Universal Host Controller Interface driver
[    6.172273] uhci_hcd 0000:00:0a.2: UHCI Host Controller
[    6.172990] uhci_hcd 0000:00:0a.2: new USB bus registered, assigned bus number 1
[    6.174090] uhci_hcd 0000:00:0a.2: irq 11, io base 0x00001440
[    6.185017] hub 1-0:1.0: USB hub found
[    6.185724] hub 1-0:1.0: 2 ports detected
[    6.194440] usbcore: registered new interface driver usb-storage
[    6.198417] mousedev: PS/2 mouse device common for all mice
[    6.204379] rtc_cmos rtc_cmos: rtc core: registered rtc_cmos as rtc0
[    6.205100] rtc_cmos rtc_cmos: alarms up to one day, 242 bytes nvram
[    6.206505] i2c /dev entries driver
[    6.207640] piix4_smbus 0000:00:0a.3: SMBus Host Controller at 0x1100, revision 0
[    6.211984] sdhci: Secure Digital Host Controller Interface driver
[    6.212332] sdhci: Copyright(c) Pierre Ossman
[    6.214621] hidraw: raw HID events driver (C) Jiri Kosina
[    6.231885] usbcore: registered new interface driver usbhid
[    6.232260] usbhid: USB HID core driver
[    6.233305] Netfilter messages via NETLINK v0.30.
[    6.234706] nf_conntrack version 0.5.0 (3923 buckets, 15692 max)
[    6.237845] ctnetlink v0.93: registering with nfnetlink.
[    6.243368] ipip: IPv4 over IPv4 tunneling driver
[    6.255112] ip_tables: (C) 2000-2006 Netfilter Core Team
[    6.257789] arp_tables: (C) 2002 David S. Miller
[    6.259776] Initializing XFRM netlink socket
[    6.260871] NET: Registered protocol family 10
[    6.279163] ip6_tables: (C) 2000-2006 Netfilter Core Team
[    6.282849] sit: IPv6 over IPv4 tunneling driver
[    6.299344] NET: Registered protocol family 17
[    6.300210] bridge: automatic filtering via arp/ip/ip6tables has been deprecated. Update your scripts to load br_netfilter if you need this.
[    6.301233] Bridge firewalling registered
[    6.301620] Ebtables v2.0 registered
[    6.306574] 8021q: 802.1Q VLAN Support v1.8
[    6.326992] rtc_cmos rtc_cmos: setting system clock to 2025-07-23 19:02:26 UTC (1753297346)
[    6.347883] EXT2-fs (sda1): warning: mounting unchecked fs, running e2fsck is recommended
[    6.350077] VFS: Mounted root (ext2 filesystem) on device 8:1.
[    6.358787] Freeing YAMON memory: 956k freed
[    6.369301] Freeing unused kernel memory: 260K (8081f000 - 80860000)
[    6.418380] spurious 8259A interrupt: IRQ7.
[    6.485308] firmadyne: sys_reboot[PID: 49 (init)]: magic1:fee1dead, magic2:28121969, cmd:0
init started:  BusyBox v1.00 (2011.02.24-08:49+0000) multi-call binary
init started:  BusyBox v1.00 (2011.02.24-08:49+0000) multi-call binary
Starting pid 51, console /dev/ttyS0: '/usr/etc/rcS'
[    6.772175] firmadyne: do_execve: /firmadyne/console
[    6.772752] OFFSETS: offset of pid: 0x198 offset of comm: 0x278
mount: Mounting devpts on /dev/pts failed: No such file or directory
[    7.946480] cfg80211: Calling CRDA to update world regulatory domain
mknod: /dev/sc_led: File exists
insmod: cannot open module `/lib/modules/ipt_string.ko': No such file or directory
[    9.670235] random: nonblocking pool is initialized
[    9.916290] firmadyne: ioctl: 0x1
[   11.090281] firmadyne: sys_socket[PID: 93 (brctl)]: family:2, type:2, protocol:0
[   11.091510] cfg80211: Calling CRDA to update world regulatory domain
[   11.152368] firmadyne: sys_socket[PID: 94 (brctl)]: family:2, type:2, protocol:0
[   11.214252] firmadyne: sys_socket[PID: 95 (ifconfig)]: family:2, type:1, protocol:0
[   11.216677] firmadyne: __inet_insert_ifa[PID: 95 (ifconfig)]: device:eth0 ifa:0x00000000
[   11.230244] IPv6: ADDRCONF(NETDEV_UP): eth0: link is not ready
[   11.230776] 8021q: adding VLAN 0 to HW filter on device eth0
[   11.235214] e1000: eth0 NIC Link is Up 1000 Mbps Full Duplex, Flow Control: RX
[   11.236889] IPv6: ADDRCONF(NETDEV_CHANGE): eth0: link becomes ready
[   11.297595] firmadyne: sys_socket[PID: 96 (brctl)]: family:2, type:2, protocol:0
[   11.299039] firmadyne: sys_socket[PID: 96 (brctl)]: family:10, type:1, protocol:0
[   11.300873] firmadyne: br_add_if[PID: 96 (brctl)]: br:br0 dev:eth0
[   11.305702] device eth0 entered promiscuous mode
killall: dsl_cpe_control: no process killed
[   14.044227] firmadyne: ioctl: 0xc0a47204
[   14.063247] firmadyne: sys_socket[PID: 105 (ifconfig)]: family:2, type:1, protocol:0
[   14.065523] firmadyne: __inet_insert_ifa[PID: 105 (ifconfig)]: device:lo ifa:0x7f000001
[   14.074927] firmadyne: __inet_insert_ifa[PID: 105 (ifconfig)]: device:lo ifa:0x7f000001
[   14.196586] firmadyne: sys_socket[PID: 106 (route)]: family:2, type:1, protocol:0
[   14.235015] cfg80211: Calling CRDA to update world regulatory domain
[   14.386845] firmadyne: sys_socket[PID: 107 (klogd)]: family:1, type:1, protocol:0
[   14.389015] firmadyne: sys_socket[PID: 107 (klogd)]: family:1, type:2, protocol:0
[   14.397902] firmadyne: sys_socket[PID: 107 (klogd)]: family:1, type:1, protocol:0
[   14.402723] firmadyne: sys_socket[PID: 107 (klogd)]: family:1, type:2, protocol:0
[   14.405344] firmadyne: sys_socket[PID: 107 (klogd)]: family:1, type:1, protocol:0
[   14.410700] firmadyne: sys_socket[PID: 107 (klogd)]: family:1, type:2, protocol:0
[   14.413310] firmadyne: sys_socket[PID: 107 (klogd)]: family:1, type:1, protocol:0
[   14.418722] firmadyne: sys_socket[PID: 107 (klogd)]: family:1, type:2, protocol:0
[   14.421285] firmadyne: sys_socket[PID: 107 (klogd)]: family:1, type:1, protocol:0
[   14.430755] firmadyne: sys_socket[PID: 107 (klogd)]: family:1, type:2, protocol:0
[   14.433326] firmadyne: sys_socket[PID: 107 (klogd)]: family:1, type:1, protocol:0
[   14.438703] firmadyne: sys_socket[PID: 107 (klogd)]: family:1, type:2, protocol:0
[   14.441288] firmadyne: sys_socket[PID: 107 (klogd)]: family:1, type:1, protocol:0
[   14.446694] firmadyne: sys_socket[PID: 107 (klogd)]: family:1, type:2, protocol:0
[   14.449286] firmadyne: sys_socket[PID: 107 (klogd)]: family:1, type:1, protocol:0
[   14.454717] firmadyne: sys_socket[PID: 107 (klogd)]: family:1, type:2, protocol:0
[   14.457270] firmadyne: sys_socket[PID: 107 (klogd)]: family:1, type:1, protocol:0
[   14.462711] firmadyne: sys_socket[PID: 107 (klogd)]: family:1, type:2, protocol:0
[   14.465225] firmadyne: sys_socket[PID: 107 (klogd)]: family:1, type:1, protocol:0
[   14.470703] firmadyne: sys_socket[PID: 107 (klogd)]: family:1, type:2, protocol:0
[   14.473269] firmadyne: sys_socket[PID: 107 (klogd)]: family:1, type:1, protocol:0
[   14.478800] firmadyne: sys_socket[PID: 107 (klogd)]: family:1, type:2, protocol:0
[   14.481322] firmadyne: sys_socket[PID: 107 (klogd)]: family:1, type:1, protocol:0
[   14.486689] firmadyne: sys_socket[PID: 107 (klogd)]: family:1, type:2, protocol:0
[   14.489242] firmadyne: sys_socket[PID: 107 (klogd)]: family:1, type:1, protocol:0
[   14.494710] firmadyne: sys_socket[PID: 107 (klogd)]: family:1, type:2, protocol:0
[   14.497235] firmadyne: sys_socket[PID: 107 (klogd)]: family:1, type:1, protocol:0
[   14.500096] firmadyne: sys_socket[PID: 103 (dsl_cpe_control)]: family:2, type:2, protocol:0
[   14.501108] firmadyne: sys_setsockopt[PID: 103 (dsl_cpe_control)]: fd:4, level:65535, optname:8
[   14.502703] firmadyne: sys_socket[PID: 107 (klogd)]: family:1, type:2, protocol:0
[   14.505230] firmadyne: sys_socket[PID: 107 (klogd)]: family:1, type:1, protocol:0
[   14.506380] firmadyne: sys_setsockopt[PID: 103 (dsl_cpe_control)]: fd:4, level:65535, optname:4097
[   14.507276] firmadyne: sys_setsockopt[PID: 103 (dsl_cpe_control)]: fd:4, level:65535, optname:4098
[   14.508087] firmadyne: sys_setsockopt[PID: 103 (dsl_cpe_control)]: fd:4, level:6, optname:1
[   14.509098] firmadyne: inet_bind[PID: 103 (dsl_cpe_control)]: proto:SOCK_STREAM, port:8080
[   14.510789] firmadyne: sys_socket[PID: 107 (klogd)]: family:1, type:2, protocol:0
[   14.513262] firmadyne: sys_socket[PID: 107 (klogd)]: family:1, type:1, protocol:0
[   14.517699] firmadyne: sys_socket[PID: 107 (klogd)]: family:1, type:2, protocol:0
[   14.520438] firmadyne: sys_socket[PID: 107 (klogd)]: family:1, type:1, protocol:0
[   14.521654] firmadyne: sys_socket[PID: 107 (klogd)]: family:1, type:2, protocol:0
[   14.526898] firmadyne: ioctl: 0xc00c7224
[   14.527397] firmadyne: ioctl: 0xc00c721d
[   14.527844] firmadyne: ioctl: 0xc00c721d
[   14.528271] firmadyne: ioctl: 0xc00c721d
[   14.528699] firmadyne: ioctl: 0xc00c721d
[   14.529122] firmadyne: ioctl: 0xc00c721d
[   14.529552] firmadyne: ioctl: 0xc00c721d
[   14.532236] firmadyne: sys_socket[PID: 107 (klogd)]: family:1, type:1, protocol:0
[   14.533463] firmadyne: sys_socket[PID: 107 (klogd)]: family:1, type:2, protocol:0
[   14.535709] firmadyne: ioctl: 0xc00c721d
[   14.536161] firmadyne: ioctl: 0xc00c721d
[   14.536589] firmadyne: ioctl: 0xc00c721d
[   14.537011] firmadyne: ioctl: 0xc00c721d
[   14.537435] firmadyne: ioctl: 0xc00c721d
[   14.537867] firmadyne: ioctl: 0xc00c721d
[   14.538447] firmadyne: ioctl: 0xc00c721d
[   14.538876] firmadyne: ioctl: 0xc00c721d
[   14.539291] firmadyne: ioctl: 0xc00c721d
[   14.539720] firmadyne: ioctl: 0xc00c721d
[   14.540151] firmadyne: ioctl: 0xc00c721d
[   14.544171] firmadyne: sys_socket[PID: 107 (klogd)]: family:1, type:1, protocol:0
[   14.545391] firmadyne: sys_socket[PID: 107 (klogd)]: family:1, type:2, protocol:0
[   14.547098] firmadyne: ioctl: 0xc0207223
[   14.549481] firmadyne: ioctl: 0xc0207223
[   14.558852] firmadyne: sys_socket[PID: 107 (klogd)]: family:1, type:1, protocol:0
[   14.560067] firmadyne: sys_socket[PID: 107 (klogd)]: family:1, type:2, protocol:0
[   14.563839] firmadyne: ioctl: 0xc0207223
[   14.564918] firmadyne: ioctl: 0xc0207223
[   14.566127] firmadyne: ioctl: 0xc0207223
[   14.569764] firmadyne: ioctl: 0xc0207223
[   14.571037] firmadyne: ioctl: 0xc0207223
[   14.572076] firmadyne: ioctl: 0xc0207223
[   14.573117] firmadyne: ioctl: 0xc0207223
[   14.578836] firmadyne: sys_socket[PID: 107 (klogd)]: family:1, type:1, protocol:0
[   14.580108] firmadyne: sys_socket[PID: 107 (klogd)]: family:1, type:2, protocol:0
[   14.586832] firmadyne: sys_socket[PID: 107 (klogd)]: family:1, type:1, protocol:0
[   14.588095] firmadyne: sys_socket[PID: 107 (klogd)]: family:1, type:2, protocol:0
[   14.590486] firmadyne: ioctl: 0xc0207223
[   14.591555] firmadyne: ioctl: 0xc0207223
[   14.592592] firmadyne: ioctl: 0xc0207223
[   14.593629] firmadyne: ioctl: 0xc0207223
[   14.598796] firmadyne: sys_socket[PID: 107 (klogd)]: family:1, type:1, protocol:0
[   14.600061] firmadyne: sys_socket[PID: 107 (klogd)]: family:1, type:2, protocol:0
[   14.602906] firmadyne: ioctl: 0xc0207223
[   14.603975] firmadyne: ioctl: 0xc0207223
[   14.605012] firmadyne: ioctl: 0xc0207223
[   14.610808] firmadyne: sys_socket[PID: 107 (klogd)]: family:1, type:1, protocol:0
[   14.612194] firmadyne: sys_socket[PID: 107 (klogd)]: family:1, type:2, protocol:0
[   14.614339] firmadyne: ioctl: 0xc0207223
[   14.615440] firmadyne: ioctl: 0xc0207223
[   14.616483] firmadyne: ioctl: 0xc0207223
[   14.617536] firmadyne: ioctl: 0xc0207223
[   14.622910] firmadyne: sys_socket[PID: 107 (klogd)]: family:1, type:1, protocol:0
[   14.624229] firmadyne: sys_socket[PID: 107 (klogd)]: family:1, type:2, protocol:0
[   14.626882] firmadyne: ioctl: 0xc0207223
[   14.627939] firmadyne: ioctl: 0xc0207223
[   14.628988] firmadyne: ioctl: 0xc0207223
[   14.634224] firmadyne: ioctl: 0xc0207223
[   14.635321] firmadyne: ioctl: 0xc0207223
[   14.636394] firmadyne: ioctl: 0xc0207223
[   14.637433] firmadyne: ioctl: 0xc0207223
[   14.638995] firmadyne: sys_socket[PID: 107 (klogd)]: family:1, type:1, protocol:0
[   14.640260] firmadyne: sys_socket[PID: 107 (klogd)]: family:1, type:2, protocol:0
[   14.646694] firmadyne: ioctl: 0xc0207223
[   14.647766] firmadyne: ioctl: 0xc0207223
[   14.648819] firmadyne: ioctl: 0xc0207223
[   14.649886] firmadyne: ioctl: 0xc0207223
[   14.651329] firmadyne: sys_socket[PID: 107 (klogd)]: family:1, type:1, protocol:0
[   14.652589] firmadyne: sys_socket[PID: 107 (klogd)]: family:1, type:2, protocol:0
[   14.659290] firmadyne: sys_socket[PID: 107 (klogd)]: family:1, type:1, protocol:0
[   14.660526] firmadyne: sys_socket[PID: 107 (klogd)]: family:1, type:2, protocol:0
[   14.663043] firmadyne: ioctl: 0xc0207223
[   14.664108] firmadyne: ioctl: 0xc0207223
[   14.665157] firmadyne: ioctl: 0xc0207223
[   14.671120] firmadyne: sys_socket[PID: 107 (klogd)]: family:1, type:1, protocol:0
[   14.672389] firmadyne: sys_socket[PID: 107 (klogd)]: family:1, type:2, protocol:0
[   14.674456] firmadyne: ioctl: 0xc0207223
[   14.675524] firmadyne: ioctl: 0xc0207223
[   14.676562] firmadyne: ioctl: 0xc0207223
[   14.677602] firmadyne: ioctl: 0xc0207223
[   14.683091] firmadyne: sys_socket[PID: 107 (klogd)]: family:1, type:1, protocol:0
[   14.684355] firmadyne: sys_socket[PID: 107 (klogd)]: family:1, type:2, protocol:0
[   14.686872] firmadyne: ioctl: 0xc0207223
[   14.687929] firmadyne: ioctl: 0xc0207223
[   14.688968] firmadyne: ioctl: 0xc0207223
[   14.695995] firmadyne: ioctl: 0xc0207223
[   14.697086] firmadyne: ioctl: 0xc0207223
[   14.699029] firmadyne: sys_socket[PID: 107 (klogd)]: family:1, type:1, protocol:0
[   14.700313] firmadyne: sys_socket[PID: 107 (klogd)]: family:1, type:2, protocol:0
[   14.702446] firmadyne: ioctl: 0xc0207223
[   14.703540] firmadyne: ioctl: 0xc0207223
[   14.704718] firmadyne: ioctl: 0xc0207223
[   14.705821] firmadyne: ioctl: 0xc0207223
[   14.711048] firmadyne: sys_socket[PID: 107 (klogd)]: family:1, type:1, protocol:0
[   14.712323] firmadyne: sys_socket[PID: 107 (klogd)]: family:1, type:2, protocol:0
[   14.714979] firmadyne: ioctl: 0xc0207223
[   14.716089] firmadyne: ioctl: 0xc0207223
[   14.717135] firmadyne: ioctl: 0xc0207223
[   14.723065] firmadyne: sys_socket[PID: 107 (klogd)]: family:1, type:1, protocol:0
[   14.724362] firmadyne: sys_socket[PID: 107 (klogd)]: family:1, type:2, protocol:0
[   14.726679] firmadyne: ioctl: 0xc0207223
[   14.727760] firmadyne: ioctl: 0xc0207223
[   14.728804] firmadyne: ioctl: 0xc0207223
[   14.729884] firmadyne: ioctl: 0xc0207223
[   14.735166] firmadyne: sys_socket[PID: 107 (klogd)]: family:1, type:1, protocol:0
[   14.736494] firmadyne: sys_socket[PID: 107 (klogd)]: family:1, type:2, protocol:0
[   14.739071] firmadyne: ioctl: 0xc0207223
[   14.740150] firmadyne: ioctl: 0xc0207223
[   14.741198] firmadyne: ioctl: 0xc0207223
[   14.747180] firmadyne: sys_socket[PID: 107 (klogd)]: family:1, type:1, protocol:0
[   14.748557] firmadyne: sys_socket[PID: 107 (klogd)]: family:1, type:2, protocol:0
[   14.750638] firmadyne: ioctl: 0xc0207223
[   14.751698] firmadyne: ioctl: 0xc0207223
[   14.752751] firmadyne: ioctl: 0xc0207223
[   14.753788] firmadyne: ioctl: 0xc0207223
[   14.759317] firmadyne: sys_socket[PID: 107 (klogd)]: family:1, type:1, protocol:0
[   14.760602] firmadyne: sys_socket[PID: 107 (klogd)]: family:1, type:2, protocol:0
[   14.766857] firmadyne: ioctl: 0xc0207223
[   14.767938] firmadyne: ioctl: 0xc0207223
[   14.768982] firmadyne: ioctl: 0xc0207223
[   14.771400] firmadyne: sys_socket[PID: 107 (klogd)]: family:1, type:1, protocol:0
[   14.772641] firmadyne: sys_socket[PID: 107 (klogd)]: family:1, type:2, protocol:0
[   14.778238] firmadyne: ioctl: 0xc0207223
[   14.779323] firmadyne: ioctl: 0xc0207223
[   14.780371] firmadyne: ioctl: 0xc0207223
[   14.781415] firmadyne: ioctl: 0xc0207223
[   14.783274] firmadyne: sys_socket[PID: 107 (klogd)]: family:1, type:1, protocol:0
[   14.784506] firmadyne: sys_socket[PID: 107 (klogd)]: family:1, type:2, protocol:0
[   14.790768] firmadyne: ioctl: 0xc0207223
[   14.791832] firmadyne: ioctl: 0xc0207223
[   14.792886] firmadyne: ioctl: 0xc0207223
[   14.794081] firmadyne: ioctl: 0xc0207223
[   14.795492] firmadyne: sys_socket[PID: 107 (klogd)]: family:1, type:1, protocol:0
[   14.796752] firmadyne: sys_socket[PID: 107 (klogd)]: family:1, type:2, protocol:0
[   14.802836] firmadyne: ioctl: 0xc0207223
[   14.803898] firmadyne: ioctl: 0xc0207223
[   14.804951] firmadyne: ioctl: 0xc0207223
[   14.807432] firmadyne: sys_socket[PID: 107 (klogd)]: family:1, type:1, protocol:0
[   14.808669] firmadyne: sys_socket[PID: 107 (klogd)]: family:1, type:2, protocol:0
[   14.814231] firmadyne: ioctl: 0xc0207223
[   14.815315] firmadyne: ioctl: 0xc0207223
[   14.816366] firmadyne: ioctl: 0xc0207223
[   14.817408] firmadyne: ioctl: 0xc0207223
[   14.823940] firmadyne: sys_socket[PID: 107 (klogd)]: family:1, type:1, protocol:0
[   14.825219] firmadyne: sys_socket[PID: 107 (klogd)]: family:1, type:2, protocol:0
[   14.826743] firmadyne: ioctl: 0xc0207223
[   14.827818] firmadyne: ioctl: 0xc0207223
[   14.828857] firmadyne: ioctl: 0xc0207223
[   14.829912] firmadyne: ioctl: 0xc0207223
[   14.832348] firmadyne: sys_socket[PID: 107 (klogd)]: family:1, type:1, protocol:0
[   14.833585] firmadyne: sys_socket[PID: 107 (klogd)]: family:1, type:2, protocol:0
[   14.838823] firmadyne: ioctl: 0xc0207223
[   14.839882] firmadyne: ioctl: 0xc0207223
[   14.840925] firmadyne: ioctl: 0xc0207223
[   14.843909] firmadyne: sys_socket[PID: 107 (klogd)]: family:1, type:1, protocol:0
[   14.845139] firmadyne: sys_socket[PID: 107 (klogd)]: family:1, type:2, protocol:0
[   14.850210] firmadyne: ioctl: 0xc0207223
[   14.851304] firmadyne: ioctl: 0xc0207223
[   14.852346] firmadyne: ioctl: 0xc0207223
[   14.853402] firmadyne: ioctl: 0xc0207223
[   14.859871] firmadyne: sys_socket[PID: 107 (klogd)]: family:1, type:1, protocol:0
[   14.861114] firmadyne: sys_socket[PID: 107 (klogd)]: family:1, type:2, protocol:0
[   14.862855] firmadyne: ioctl: 0xc0207223
[   14.863929] firmadyne: ioctl: 0xc0207223
[   14.864979] firmadyne: ioctl: 0xc0207223
[   14.871877] firmadyne: sys_socket[PID: 107 (klogd)]: family:1, type:1, protocol:0
[   14.873109] firmadyne: sys_socket[PID: 107 (klogd)]: family:1, type:2, protocol:0
[   14.874354] firmadyne: ioctl: 0xc0207223
[   14.875437] firmadyne: ioctl: 0xc0207223
[   14.876478] firmadyne: ioctl: 0xc0207223
[   14.877516] firmadyne: ioctl: 0xc0207223
[   14.883827] firmadyne: sys_socket[PID: 107 (klogd)]: family:1, type:1, protocol:0
[   14.885068] firmadyne: sys_socket[PID: 107 (klogd)]: family:1, type:2, protocol:0
[   14.886933] firmadyne: ioctl: 0xc0207223
[   14.888007] firmadyne: ioctl: 0xc0207223
[   14.889052] firmadyne: ioctl: 0xc0207223
[   14.895732] firmadyne: sys_socket[PID: 107 (klogd)]: family:1, type:1, protocol:0
[   14.896954] firmadyne: sys_socket[PID: 107 (klogd)]: family:1, type:2, protocol:0
[   14.898541] firmadyne: ioctl: 0xc0207223
[   14.899612] firmadyne: ioctl: 0xc0207223
[   14.900654] firmadyne: ioctl: 0xc0207223
[   14.901695] firmadyne: ioctl: 0xc0207223
[   14.907567] firmadyne: sys_socket[PID: 107 (klogd)]: family:1, type:1, protocol:0
[   14.908794] firmadyne: sys_socket[PID: 107 (klogd)]: family:1, type:2, protocol:0
[   14.910948] firmadyne: ioctl: 0xc0207223
[   14.912015] firmadyne: ioctl: 0xc0207223
[   14.913061] firmadyne: ioctl: 0xc0207223
[   14.919388] firmadyne: sys_socket[PID: 107 (klogd)]: family:1, type:1, protocol:0
[   14.920619] firmadyne: sys_socket[PID: 107 (klogd)]: family:1, type:2, protocol:0
[   14.922485] firmadyne: ioctl: 0xc0207223
[   14.923564] firmadyne: ioctl: 0xc0207223
[   14.924628] firmadyne: ioctl: 0xc0207223
[   14.925660] firmadyne: ioctl: 0xc0207223
[   14.931239] firmadyne: sys_socket[PID: 107 (klogd)]: family:1, type:1, protocol:0
[   14.932500] firmadyne: sys_socket[PID: 107 (klogd)]: family:1, type:2, protocol:0
[   14.935015] firmadyne: ioctl: 0xc0207223
[   14.936070] firmadyne: ioctl: 0xc0207223
[   14.937087] firmadyne: ioctl: 0xc0207223
[   14.943074] firmadyne: sys_socket[PID: 107 (klogd)]: family:1, type:1, protocol:0
[   14.944338] firmadyne: sys_socket[PID: 107 (klogd)]: family:1, type:2, protocol:0
[   14.946435] firmadyne: ioctl: 0xc0207223
[   14.947505] firmadyne: ioctl: 0xc0207223
[   14.948538] firmadyne: ioctl: 0xc0207223
[   14.949560] firmadyne: ioctl: 0xc0207223
[   14.954984] firmadyne: sys_socket[PID: 107 (klogd)]: family:1, type:1, protocol:0
[   14.956266] firmadyne: sys_socket[PID: 107 (klogd)]: family:1, type:2, protocol:0
[   14.958860] firmadyne: ioctl: 0xc0207223
[   14.959934] firmadyne: ioctl: 0xc0207223
[   14.960983] firmadyne: ioctl: 0xc0207223
[   14.966960] firmadyne: sys_socket[PID: 107 (klogd)]: family:1, type:1, protocol:0
[   14.968226] firmadyne: sys_socket[PID: 107 (klogd)]: family:1, type:2, protocol:0
[   14.970303] firmadyne: ioctl: 0xc0207223
[   14.971415] firmadyne: ioctl: 0xc0207223
[   14.972458] firmadyne: ioctl: 0xc0207223
[   14.973503] firmadyne: ioctl: 0xc0207223
[   14.978855] firmadyne: sys_socket[PID: 107 (klogd)]: family:1, type:1, protocol:0
[   14.980131] firmadyne: sys_socket[PID: 107 (klogd)]: family:1, type:2, protocol:0
[   14.982840] firmadyne: ioctl: 0xc0207223
[   14.983917] firmadyne: ioctl: 0xc0207223
[   14.984960] firmadyne: ioctl: 0xc0207223
[   14.990769] firmadyne: sys_socket[PID: 107 (klogd)]: family:1, type:1, protocol:0
[   14.992034] firmadyne: sys_socket[PID: 107 (klogd)]: family:1, type:2, protocol:0
[   14.994303] firmadyne: ioctl: 0xc0207223
[   14.995405] firmadyne: ioctl: 0xc0207223
[   14.996466] firmadyne: ioctl: 0xc0207223
[   14.997507] firmadyne: ioctl: 0xc0207223
[   15.002679] firmadyne: sys_socket[PID: 107 (klogd)]: family:1, type:1, protocol:0
[   15.003941] firmadyne: sys_socket[PID: 107 (klogd)]: family:1, type:2, protocol:0
[   15.006837] firmadyne: ioctl: 0xc0207223
[   15.007910] firmadyne: ioctl: 0xc0207223
[   15.008951] firmadyne: ioctl: 0xc0207223
[   15.014625] firmadyne: sys_socket[PID: 107 (klogd)]: family:1, type:1, protocol:0
[   15.015889] firmadyne: sys_socket[PID: 107 (klogd)]: family:1, type:2, protocol:0
[   15.018291] firmadyne: ioctl: 0xc0207223
[   15.019391] firmadyne: ioctl: 0xc0207223
[   15.020449] firmadyne: ioctl: 0xc0207223
[   15.021491] firmadyne: ioctl: 0xc0207223
[   15.026570] firmadyne: sys_socket[PID: 107 (klogd)]: family:1, type:1, protocol:0
[   15.027840] firmadyne: sys_socket[PID: 107 (klogd)]: family:1, type:2, protocol:0
[   15.030968] firmadyne: ioctl: 0xc0207223
[   15.032039] firmadyne: ioctl: 0xc0207223
[   15.033082] firmadyne: ioctl: 0xc0207223
[   15.038506] firmadyne: sys_socket[PID: 107 (klogd)]: family:1, type:1, protocol:0
[   15.039780] firmadyne: sys_socket[PID: 107 (klogd)]: family:1, type:2, protocol:0
[   15.042444] firmadyne: ioctl: 0xc0207223
[   15.043524] firmadyne: ioctl: 0xc0207223
[   15.044565] firmadyne: ioctl: 0xc0207223
[   15.045623] firmadyne: ioctl: 0xc0207223
[   15.050430] firmadyne: sys_socket[PID: 107 (klogd)]: family:1, type:1, protocol:0
[   15.051694] firmadyne: sys_socket[PID: 107 (klogd)]: family:1, type:2, protocol:0
[   15.054887] firmadyne: ioctl: 0xc0207223
[   15.055960] firmadyne: ioctl: 0xc0207223
[   15.056987] firmadyne: ioctl: 0xc0207223
[   15.062344] firmadyne: sys_socket[PID: 107 (klogd)]: family:1, type:1, protocol:0
[   15.063611] firmadyne: sys_socket[PID: 107 (klogd)]: family:1, type:2, protocol:0
[   15.066290] firmadyne: ioctl: 0xc0207223
[   15.067388] firmadyne: ioctl: 0xc0207223
[   15.068438] firmadyne: ioctl: 0xc0207223
[   15.069492] firmadyne: ioctl: 0xc0207223
[   15.074244] firmadyne: sys_socket[PID: 107 (klogd)]: family:1, type:1, protocol:0
[   15.075537] firmadyne: sys_socket[PID: 107 (klogd)]: family:1, type:2, protocol:0
[   15.078159] firmadyne: sys_socket[PID: 107 (klogd)]: family:1, type:1, protocol:0
[   15.079686] firmadyne: ioctl: 0xc0207223
[   15.080758] firmadyne: ioctl: 0xc0207223
[   15.081806] firmadyne: ioctl: 0xc0207223
[   15.086768] firmadyne: ioctl: 0xc0207223
[   15.087818] firmadyne: ioctl: 0xc0207223
[   15.088860] firmadyne: ioctl: 0xc0207223
[   15.089915] firmadyne: ioctl: 0xc0207223
[   15.094693] firmadyne: sys_socket[PID: 107 (klogd)]: family:1, type:2, protocol:0
[   15.097149] firmadyne: sys_socket[PID: 107 (klogd)]: family:1, type:1, protocol:0
[   15.102838] firmadyne: ioctl: 0xc0207223
[   15.103896] firmadyne: ioctl: 0xc0207223
[   15.104940] firmadyne: ioctl: 0xc0207223
[   15.106610] firmadyne: sys_socket[PID: 107 (klogd)]: family:1, type:2, protocol:0
[   15.109042] firmadyne: sys_socket[PID: 107 (klogd)]: family:1, type:1, protocol:0
[   15.114518] firmadyne: ioctl: 0xc0207223
[   15.115609] firmadyne: ioctl: 0xc0207223
[   15.116652] firmadyne: ioctl: 0xc0207223
[   15.117698] firmadyne: ioctl: 0xc0207223
[   15.118571] firmadyne: sys_socket[PID: 107 (klogd)]: family:1, type:2, protocol:0
[   15.121020] firmadyne: sys_socket[PID: 107 (klogd)]: family:1, type:1, protocol:0
[   15.126833] firmadyne: ioctl: 0xc0207223
[   15.127905] firmadyne: ioctl: 0xc0207223
[   15.128957] firmadyne: ioctl: 0xc0207223
[   15.130374] firmadyne: sys_socket[PID: 107 (klogd)]: family:1, type:2, protocol:0
[   15.132873] firmadyne: sys_socket[PID: 107 (klogd)]: family:1, type:1, protocol:0
[   15.138229] firmadyne: ioctl: 0xc0207223
[   15.139310] firmadyne: ioctl: 0xc0207223
[   15.140377] firmadyne: ioctl: 0xc0207223
[   15.141420] firmadyne: ioctl: 0xc0207223
[   15.142299] firmadyne: sys_socket[PID: 107 (klogd)]: family:1, type:2, protocol:0
[   15.144768] firmadyne: sys_socket[PID: 107 (klogd)]: family:1, type:1, protocol:0
[   15.146166] firmadyne: sys_socket[PID: 107 (klogd)]: family:1, type:2, protocol:0
[   15.150723] firmadyne: ioctl: 0xc0207223
[   15.151786] firmadyne: ioctl: 0xc0207223
[   15.152833] firmadyne: ioctl: 0xc0207223
[   15.153884] firmadyne: ioctl: 0xc0207223
[   15.156255] firmadyne: sys_socket[PID: 107 (klogd)]: family:1, type:1, protocol:0
[   15.157478] firmadyne: sys_socket[PID: 107 (klogd)]: family:1, type:2, protocol:0
[   15.163767] firmadyne: ioctl: 0xc0207223
[   15.164808] firmadyne: ioctl: 0xc0207223
[   15.165817] firmadyne: ioctl: 0xc0207223
[   15.168212] firmadyne: sys_socket[PID: 107 (klogd)]: family:1, type:1, protocol:0
[   15.169435] firmadyne: sys_socket[PID: 107 (klogd)]: family:1, type:2, protocol:0
[   15.174914] firmadyne: ioctl: 0xc0207223
[   15.175951] firmadyne: ioctl: 0xc0207223
[   15.176982] firmadyne: ioctl: 0xc0207223
[   15.179897] firmadyne: sys_socket[PID: 107 (klogd)]: family:1, type:1, protocol:0
[   15.181125] firmadyne: sys_socket[PID: 107 (klogd)]: family:1, type:2, protocol:0
[   15.184956] firmadyne: ioctl: 0xc0587200
[   15.186240] firmadyne: ioctl: 0xc0207223
[   15.187306] firmadyne: ioctl: 0xc0207223
[   15.188355] firmadyne: ioctl: 0xc0207223
[   15.189396] firmadyne: ioctl: 0xc0207223
[   15.191791] firmadyne: sys_socket[PID: 107 (klogd)]: family:1, type:1, protocol:0
[   15.192992] firmadyne: sys_socket[PID: 107 (klogd)]: family:1, type:2, protocol:0
[   15.198679] firmadyne: ioctl: 0xc0207223
[   15.199750] firmadyne: ioctl: 0xc0207223
[   15.200783] firmadyne: ioctl: 0xc0207223
[   15.201799] firmadyne: ioctl: 0xc0207223
[   15.205656] firmadyne: sys_socket[PID: 107 (klogd)]: family:1, type:1, protocol:0
[   15.207092] firmadyne: sys_socket[PID: 107 (klogd)]: family:1, type:2, protocol:0
[   15.209500] firmadyne: sys_socket[PID: 107 (klogd)]: family:1, type:1, protocol:0
[   15.211937] firmadyne: ioctl: 0xc0207223
[   15.213406] firmadyne: ioctl: 0xc0207223
[   15.215081] firmadyne: ioctl: 0xc0207223
[   15.216526] firmadyne: ioctl: 0xc0207223
[   15.218761] firmadyne: sys_socket[PID: 107 (klogd)]: family:1, type:2, protocol:0
[   15.221220] firmadyne: sys_socket[PID: 107 (klogd)]: family:1, type:1, protocol:0
[   15.222268] firmadyne: ioctl: 0xc0207223
[   15.223799] firmadyne: ioctl: 0xc0207223
[   15.225239] firmadyne: ioctl: 0xc0207223
[   15.226691] firmadyne: sys_socket[PID: 107 (klogd)]: family:1, type:2, protocol:0
[   15.229151] firmadyne: sys_socket[PID: 107 (klogd)]: family:1, type:1, protocol:0
[   15.231118] firmadyne: ioctl: 0xc0207223
[   15.232602] firmadyne: ioctl: 0xc0207223
[   15.234716] firmadyne: sys_socket[PID: 107 (klogd)]: family:1, type:2, protocol:0
[   15.238720] firmadyne: ioctl: 0xc0207223
[   15.240229] firmadyne: ioctl: 0xc0207223
[   15.241658] firmadyne: ioctl: 0xc0207223
[   15.252728] firmadyne: ioctl: 0xc0207223
[   15.254350] firmadyne: ioctl: 0xc0207223
[   15.255799] firmadyne: ioctl: 0xc0207223
[   15.257228] firmadyne: ioctl: 0xc0207223
[   15.258492] firmadyne: sys_socket[PID: 107 (klogd)]: family:1, type:1, protocol:0
[   15.259798] firmadyne: sys_socket[PID: 107 (klogd)]: family:1, type:2, protocol:0
[   15.263110] firmadyne: ioctl: 0xc0207223
[   15.264576] firmadyne: ioctl: 0xc0207223
[   15.266621] firmadyne: sys_socket[PID: 107 (klogd)]: family:1, type:1, protocol:0
[   15.267884] firmadyne: sys_socket[PID: 107 (klogd)]: family:1, type:2, protocol:0
[   15.270281] firmadyne: ioctl: 0xc0207223
[   15.271801] firmadyne: ioctl: 0xc0207223
[   15.273241] firmadyne: ioctl: 0xc0207223
[   15.274629] firmadyne: sys_socket[PID: 107 (klogd)]: family:1, type:1, protocol:0
[   15.275878] firmadyne: sys_socket[PID: 107 (klogd)]: family:1, type:2, protocol:0
[   15.279033] firmadyne: ioctl: 0xc0207223
[   15.280475] firmadyne: ioctl: 0xc0207223
[   15.282074] firmadyne: ioctl: 0xc0207223
[   15.282991] firmadyne: sys_socket[PID: 107 (klogd)]: family:1, type:1, protocol:0
[   15.284247] firmadyne: sys_socket[PID: 107 (klogd)]: family:1, type:2, protocol:0
[   15.287299] firmadyne: ioctl: 0xc0207223
[   15.288768] firmadyne: ioctl: 0xc0207223
[   15.291156] firmadyne: sys_socket[PID: 107 (klogd)]: family:1, type:1, protocol:0
[   15.292409] firmadyne: sys_socket[PID: 107 (klogd)]: family:1, type:2, protocol:0
[   15.294355] firmadyne: ioctl: 0xc0207223
[   15.295839] firmadyne: ioctl: 0xc0207223
[   15.297278] firmadyne: ioctl: 0xc0207223
[   15.299108] firmadyne: sys_socket[PID: 107 (klogd)]: family:1, type:1, protocol:0
[   15.300378] firmadyne: sys_socket[PID: 107 (klogd)]: family:1, type:2, protocol:0
[   15.303037] firmadyne: ioctl: 0xc0207223
[   15.304491] firmadyne: ioctl: 0xc0207223
[   15.306090] firmadyne: ioctl: 0xc0207223
[   15.307530] firmadyne: sys_socket[PID: 107 (klogd)]: family:1, type:1, protocol:0
[   15.308770] firmadyne: sys_socket[PID: 107 (klogd)]: family:1, type:2, protocol:0
[   15.311387] firmadyne: ioctl: 0xc0207223
[   15.312853] firmadyne: ioctl: 0xc0207223
[   15.315757] firmadyne: sys_socket[PID: 107 (klogd)]: family:1, type:1, protocol:0
[   15.316994] firmadyne: sys_socket[PID: 107 (klogd)]: family:1, type:2, protocol:0
[   15.318545] firmadyne: ioctl: 0xc0207223
[   15.320037] firmadyne: ioctl: 0xc0207223
[   15.321473] firmadyne: ioctl: 0xc0207223
[   15.323690] firmadyne: sys_socket[PID: 107 (klogd)]: family:1, type:1, protocol:0
[   15.324918] firmadyne: sys_socket[PID: 107 (klogd)]: family:1, type:2, protocol:0
[   15.327328] firmadyne: ioctl: 0xc0207223
[   15.328797] firmadyne: ioctl: 0xc0207223
[   15.331863] firmadyne: sys_socket[PID: 107 (klogd)]: family:1, type:1, protocol:0
[   15.333076] firmadyne: sys_socket[PID: 107 (klogd)]: family:1, type:2, protocol:0
[   15.334438] firmadyne: ioctl: 0xc0207223
[   15.335929] firmadyne: ioctl: 0xc0207223
[   15.337371] firmadyne: ioctl: 0xc0207223
[   15.339812] firmadyne: sys_socket[PID: 107 (klogd)]: family:1, type:1, protocol:0
[   15.341050] firmadyne: sys_socket[PID: 107 (klogd)]: family:1, type:2, protocol:0
[   15.343405] firmadyne: ioctl: 0xc0207223
[   15.344863] firmadyne: ioctl: 0xc0207223
[   15.347594] firmadyne: sys_socket[PID: 107 (klogd)]: family:1, type:1, protocol:0
[   15.348824] firmadyne: sys_socket[PID: 107 (klogd)]: family:1, type:2, protocol:0
[   15.350680] firmadyne: ioctl: 0xc0207223
[   15.352106] firmadyne: ioctl: 0xc0207223
[   15.353525] firmadyne: ioctl: 0xc0207223
[   15.355541] firmadyne: sys_socket[PID: 107 (klogd)]: family:1, type:1, protocol:0
[   15.356768] firmadyne: sys_socket[PID: 107 (klogd)]: family:1, type:2, protocol:0
[   15.359404] firmadyne: ioctl: 0xc0207223
[   15.360860] firmadyne: ioctl: 0xc0207223
[   15.364642] firmadyne: sys_socket[PID: 107 (klogd)]: family:1, type:1, protocol:0
[   15.365906] firmadyne: sys_socket[PID: 107 (klogd)]: family:1, type:2, protocol:0
[   15.368577] firmadyne: sys_socket[PID: 107 (klogd)]: family:1, type:1, protocol:0
[   15.369798] firmadyne: sys_socket[PID: 107 (klogd)]: family:1, type:2, protocol:0
[   15.371048] firmadyne: ioctl: 0xc0207223
[   15.372568] firmadyne: ioctl: 0xc0207223
[   15.374269] firmadyne: ioctl: 0xc0207223
[   15.375728] firmadyne: ioctl: 0xc0207223
[   15.377156] firmadyne: ioctl: 0xc0207223
[   15.379988] firmadyne: sys_socket[PID: 107 (klogd)]: family:1, type:1, protocol:0
[   15.381210] firmadyne: sys_socket[PID: 107 (klogd)]: family:1, type:2, protocol:0
[   15.391287] firmadyne: ioctl: 0xc0207223
[   15.392729] firmadyne: ioctl: 0xc0207223
[   15.397720] firmadyne: sys_socket[PID: 107 (klogd)]: family:1, type:1, protocol:0
[   15.402449] firmadyne: ioctl: 0xc0207223
[   15.403964] firmadyne: ioctl: 0xc0207223
[   15.405375] firmadyne: ioctl: 0xc0207223
[   15.406709] firmadyne: sys_socket[PID: 107 (klogd)]: family:1, type:2, protocol:0
[   15.409187] firmadyne: sys_socket[PID: 107 (klogd)]: family:1, type:1, protocol:0
[   15.416326] firmadyne: ioctl: 0xc0207223
[   15.417796] firmadyne: ioctl: 0xc0207223
[   15.418993] firmadyne: sys_socket[PID: 107 (klogd)]: family:1, type:2, protocol:0
[   15.421531] firmadyne: sys_socket[PID: 107 (klogd)]: family:1, type:1, protocol:0
[   15.423766] firmadyne: ioctl: 0xc0207223
[   15.425229] firmadyne: ioctl: 0xc0207223
[   15.430883] firmadyne: sys_socket[PID: 107 (klogd)]: family:1, type:2, protocol:0
[   15.433477] firmadyne: sys_socket[PID: 107 (klogd)]: family:1, type:1, protocol:0
[   15.435413] firmadyne: ioctl: 0xc0207223
[   15.436870] firmadyne: ioctl: 0xc0207223
[   15.442927] firmadyne: sys_socket[PID: 107 (klogd)]: family:1, type:2, protocol:0
[   15.445424] firmadyne: sys_socket[PID: 107 (klogd)]: family:1, type:1, protocol:0
[   15.446957] firmadyne: ioctl: 0xc0207223
[   15.448437] firmadyne: ioctl: 0xc0207223
[   15.450083] firmadyne: ioctl: 0xc0207223
[   15.454785] firmadyne: sys_socket[PID: 107 (klogd)]: family:1, type:2, protocol:0
[   15.457282] firmadyne: sys_socket[PID: 107 (klogd)]: family:1, type:1, protocol:0
[   15.459444] firmadyne: ioctl: 0xc0207223
[   15.460882] firmadyne: ioctl: 0xc0207223
[   15.466809] firmadyne: sys_socket[PID: 107 (klogd)]: family:1, type:2, protocol:0
[   15.469310] firmadyne: sys_socket[PID: 107 (klogd)]: family:1, type:1, protocol:0
[   15.470877] firmadyne: ioctl: 0xc0207223
[   15.472325] firmadyne: ioctl: 0xc0207223
[   15.473735] firmadyne: ioctl: 0xc0207223
[   15.478819] firmadyne: sys_socket[PID: 107 (klogd)]: family:1, type:2, protocol:0
[   15.481314] firmadyne: sys_socket[PID: 107 (klogd)]: family:1, type:1, protocol:0
[   15.483510] firmadyne: ioctl: 0xc0207223
[   15.484977] firmadyne: ioctl: 0xc0207223
[   15.490719] firmadyne: sys_socket[PID: 107 (klogd)]: family:1, type:2, protocol:0
[   15.493211] firmadyne: sys_socket[PID: 107 (klogd)]: family:1, type:1, protocol:0
[   15.494910] firmadyne: ioctl: 0xc0207223
[   15.496381] firmadyne: ioctl: 0xc0207223
[   15.497834] firmadyne: ioctl: 0xc0207223
[   15.502609] firmadyne: sys_socket[PID: 107 (klogd)]: family:1, type:2, protocol:0
[   15.505191] firmadyne: sys_socket[PID: 107 (klogd)]: family:1, type:1, protocol:0
[   15.511264] firmadyne: ioctl: 0xc0207223
[   15.512755] firmadyne: ioctl: 0xc0207223
[   15.514847] firmadyne: sys_socket[PID: 107 (klogd)]: family:1, type:2, protocol:0
[   15.517438] firmadyne: sys_socket[PID: 107 (klogd)]: family:1, type:1, protocol:0
[   15.522323] firmadyne: ioctl: 0xc0207223
[   15.523850] firmadyne: ioctl: 0xc0207223
[   15.525341] firmadyne: ioctl: 0xc0207223
[   15.530837] firmadyne: sys_socket[PID: 107 (klogd)]: family:1, type:2, protocol:0
[   15.533313] firmadyne: sys_socket[PID: 107 (klogd)]: family:1, type:1, protocol:0
[   15.535341] firmadyne: ioctl: 0xc0207223
[   15.536820] firmadyne: ioctl: 0xc0207223
[   15.542915] firmadyne: sys_socket[PID: 107 (klogd)]: family:1, type:2, protocol:0
[   15.545440] firmadyne: sys_socket[PID: 107 (klogd)]: family:1, type:1, protocol:0
[   15.546683] firmadyne: ioctl: 0xc0207223
[   15.548184] firmadyne: ioctl: 0xc0207223
[   15.549612] firmadyne: ioctl: 0xc0207223
[   15.556968] firmadyne: sys_socket[PID: 107 (klogd)]: family:1, type:2, protocol:0
Warning: Bad CRC, using default environment
[   15.563308] firmadyne: ioctl: 0xc0207223
[   15.564766] firmadyne: ioctl: 0xc0207223
[   15.567858] firmadyne: sys_socket[PID: 107 (klogd)]: family:1, type:1, protocol:0
[   15.569088] firmadyne: sys_socket[PID: 107 (klogd)]: family:1, type:2, protocol:0
[   15.574390] firmadyne: ioctl: 0xc0207223
[   15.575899] firmadyne: ioctl: 0xc0207223
[   15.577343] firmadyne: ioctl: 0xc0207223
[   15.579916] firmadyne: sys_socket[PID: 107 (klogd)]: family:1, type:1, protocol:0
[   15.581163] firmadyne: sys_socket[PID: 107 (klogd)]: family:1, type:2, protocol:0
[   15.591744] firmadyne: ioctl: 0xc0207223
[   15.593229] firmadyne: ioctl: 0xc0207223
[   15.599967] firmadyne: sys_socket[PID: 107 (klogd)]: family:1, type:1, protocol:0
[   15.601191] firmadyne: sys_socket[PID: 107 (klogd)]: family:1, type:2, protocol:0
[   15.603217] firmadyne: ioctl: 0xc0207223
[   15.604689] firmadyne: ioctl: 0xc0207223
[   15.612069] firmadyne: sys_socket[PID: 107 (klogd)]: family:1, type:1, protocol:0
[   15.613298] firmadyne: sys_socket[PID: 107 (klogd)]: family:1, type:2, protocol:0
[   15.620642] firmadyne: ioctl: 0xc0207223
[   15.626923] firmadyne: ioctl: 0xc0207223
[   15.628445] firmadyne: ioctl: 0xc0207223
[   15.629899] firmadyne: ioctl: 0xc0207223
[   15.632471] firmadyne: sys_socket[PID: 107 (klogd)]: family:1, type:1, protocol:0
[   15.633695] firmadyne: sys_socket[PID: 107 (klogd)]: family:1, type:2, protocol:0
[   15.643286] firmadyne: ioctl: 0xc0207223
[   15.644748] firmadyne: ioctl: 0xc0207223
[   15.648233] firmadyne: sys_socket[PID: 107 (klogd)]: family:1, type:1, protocol:0
[   15.649469] firmadyne: sys_socket[PID: 107 (klogd)]: family:1, type:2, protocol:0
[   15.661488] firmadyne: sys_socket[PID: 107 (klogd)]: family:1, type:1, protocol:0
[   15.666335] firmadyne: ioctl: 0xc0207223
[   15.667882] firmadyne: ioctl: 0xc0207223
[   15.669300] firmadyne: ioctl: 0xc0207223
[   15.674731] firmadyne: sys_socket[PID: 107 (klogd)]: family:1, type:2, protocol:0
[   15.677285] firmadyne: sys_socket[PID: 107 (klogd)]: family:1, type:1, protocol:0
[   15.683062] firmadyne: ioctl: 0xc0207223
[   15.684532] firmadyne: ioctl: 0xc0207223
[   15.690826] firmadyne: sys_socket[PID: 107 (klogd)]: family:1, type:2, protocol:0
[   15.693476] firmadyne: sys_socket[PID: 107 (klogd)]: family:1, type:1, protocol:0
[   15.697326] firmadyne: ioctl: 0xc0207223
[   15.699129] firmadyne: ioctl: 0xc0207223
[   15.700592] firmadyne: ioctl: 0xc0207223
[   15.711270] firmadyne: sys_socket[PID: 107 (klogd)]: family:1, type:2, protocol:0
[   15.713758] firmadyne: sys_socket[PID: 107 (klogd)]: family:1, type:1, protocol:0
[   15.718438] firmadyne: ioctl: 0xc0207223
[   15.719982] firmadyne: ioctl: 0xc0207223
[   15.721449] firmadyne: ioctl: 0xc0207223
[   15.726762] firmadyne: sys_socket[PID: 107 (klogd)]: family:1, type:2, protocol:0
[   15.729239] firmadyne: sys_socket[PID: 107 (klogd)]: family:1, type:1, protocol:0
[   15.735287] firmadyne: ioctl: 0xc0207223
[   15.736800] firmadyne: ioctl: 0xc0207223
[   15.738981] firmadyne: sys_socket[PID: 107 (klogd)]: family:1, type:2, protocol:0
[   15.741506] firmadyne: sys_socket[PID: 107 (klogd)]: family:1, type:1, protocol:0
[   15.750342] firmadyne: ioctl: 0xc0207223
[   15.751866] firmadyne: ioctl: 0xc0207223
[   15.753319] firmadyne: ioctl: 0xc0207223
[   15.758804] firmadyne: sys_socket[PID: 107 (klogd)]: family:1, type:2, protocol:0
[   15.761385] firmadyne: sys_socket[PID: 107 (klogd)]: family:1, type:1, protocol:0
[   15.767086] firmadyne: ioctl: 0xc0207223
[   15.768580] firmadyne: ioctl: 0xc0207223
[   15.778726] firmadyne: sys_socket[PID: 107 (klogd)]: family:1, type:2, protocol:0
[   15.781272] firmadyne: sys_socket[PID: 107 (klogd)]: family:1, type:1, protocol:0
[   15.782451] firmadyne: ioctl: 0xc0207223
[   15.783967] firmadyne: ioctl: 0xc0207223
[   15.785388] firmadyne: ioctl: 0xc0207223
[   15.795470] firmadyne: sys_socket[PID: 107 (klogd)]: family:1, type:2, protocol:0
[   15.797995] firmadyne: sys_socket[PID: 107 (klogd)]: family:1, type:1, protocol:0
[   15.800025] firmadyne: ioctl: 0xc0207223
[   15.801497] firmadyne: ioctl: 0xc0207223
[   15.810704] firmadyne: sys_socket[PID: 107 (klogd)]: family:1, type:2, protocol:0
[   15.813224] firmadyne: sys_socket[PID: 107 (klogd)]: family:1, type:1, protocol:0
[   15.815419] firmadyne: ioctl: 0xc0207223
[   15.816874] firmadyne: ioctl: 0xc0207223
[   15.821036] firmadyne: sys_socket[PID: 114 (oamd)]: family:16, type:3, protocol:2
[   15.826729] firmadyne: sys_socket[PID: 107 (klogd)]: family:1, type:2, protocol:0
[   15.829201] firmadyne: sys_socket[PID: 107 (klogd)]: family:1, type:1, protocol:0
[   15.830831] firmadyne: ioctl: 0xc0207223
[   15.832302] firmadyne: ioctl: 0xc0207223
[   15.833765] firmadyne: ioctl: 0xc0207223
[   15.843021] firmadyne: sys_socket[PID: 107 (klogd)]: family:1, type:2, protocol:0
[   15.845533] firmadyne: sys_socket[PID: 107 (klogd)]: family:1, type:1, protocol:0
[   15.847759] firmadyne: ioctl: 0xc0207223
[   15.849292] firmadyne: ioctl: 0xc0207223
[   15.859055] firmadyne: ioctl: 0xc0207223
[   15.860519] firmadyne: ioctl: 0xc0207223
[   15.862787] firmadyne: sys_socket[PID: 107 (klogd)]: family:1, type:2, protocol:0
[   15.865343] firmadyne: sys_socket[PID: 107 (klogd)]: family:1, type:1, protocol:0
[   15.870232] firmadyne: ioctl: 0xc0207223
[   15.871793] firmadyne: ioctl: 0xc0207223
[   15.873237] firmadyne: ioctl: 0xc0207223
[   15.874745] firmadyne: sys_socket[PID: 107 (klogd)]: family:1, type:2, protocol:0
[   15.877309] firmadyne: sys_socket[PID: 107 (klogd)]: family:1, type:1, protocol:0
[   15.882979] firmadyne: ioctl: 0xc0207223
[   15.884443] firmadyne: ioctl: 0xc0207223
[   15.885889] firmadyne: ioctl: 0xc0207223
[   15.887162] firmadyne: sys_socket[PID: 107 (klogd)]: family:1, type:2, protocol:0
[   15.889650] firmadyne: sys_socket[PID: 107 (klogd)]: family:1, type:1, protocol:0
[   15.894701] firmadyne: sys_socket[PID: 107 (klogd)]: family:1, type:2, protocol:0
[   15.897193] firmadyne: sys_socket[PID: 107 (klogd)]: family:1, type:1, protocol:0
[   15.899467] firmadyne: ioctl: 0xc0207223
[   15.900931] firmadyne: ioctl: 0xc0207223
[   15.906701] firmadyne: ioctl: 0xc0207223
[   15.908183] firmadyne: ioctl: 0xc0207223
[   15.909641] firmadyne: ioctl: 0xc0207223
[   15.910837] firmadyne: sys_socket[PID: 107 (klogd)]: family:1, type:2, protocol:0
[   15.913316] firmadyne: sys_socket[PID: 107 (klogd)]: family:1, type:1, protocol:0
nvram_init: Initializing NVRAM...
sem_get: Key: 4101e004[   15.918886] firmadyne: sys_socket[PID: 107 (klogd)]: family:1, type:2, protocol:0
[   15.921416] firmadyne: sys_socket[PID: 107 (klogd)]: family:1, type:1, protocol:0
[   15.923598] firmadyne: ioctl: 0xc0207223
[   15.925056] firmadyne: ioctl: 0xc0207223

[   15.931697] firmadyne: ioctl: 0xc0207223
[   15.933159] firmadyne: ioctl: 0xc0207223
[   15.934758] firmadyne: sys_socket[PID: 107 (klogd)]: family:1, type:2, protocol:0
[   15.937334] firmadyne: sys_socket[PID: 107 (klogd)]: family:1, type:1, protocol:0
sem_get: Key: 4111027b
[   15.942959] firmadyne: ioctl: 0xc0207223
[   15.944421] firmadyne: ioctl: 0xc0207223
[   15.945879] firmadyne: ioctl: 0xc0207223
[   15.947156] firmadyne: sys_socket[PID: 107 (klogd)]: family:1, type:2, protocol:0
[   15.949721] firmadyne: sys_socket[PID: 107 (klogd)]: family:1, type:1, protocol:0
nvram_set_default_builtin: Setting built-in default values!
[   15.955318] firmadyne: ioctl: 0xc0207223
[   15.956777] firmadyne: ioctl: 0xc0207223
[   15.958940] firmadyne: sys_socket[PID: 107 (klogd)]: family:1, type:2, protocol:0
[   15.961414] firmadyne: sys_socket[PID: 107 (klogd)]: family:1, type:1, protocol:0
nvram_set: console_loglevel = "7"
sem_get[   15.966521] firmadyne: ioctl: 0xc0207223
[   15.968029] firmadyne: ioctl: 0xc0207223
[   15.969492] firmadyne: ioctl: 0xc0207223
[   15.970727] firmadyne: sys_socket[PID: 107 (klogd)]: family:1, type:2, protocol:0
[   15.973255] firmadyne: sys_socket[PID: 107 (klogd)]: family:1, type:1, protocol:0
: Key: 4111027b
sem_get: Key: [   15.979559] firmadyne: ioctl: 0xc0207223
[   15.981031] firmadyne: ioctl: 0xc0207223
[   15.982760] firmadyne: sys_socket[PID: 107 (klogd)]: family:1, type:2, protocol:0
[   15.985325] firmadyne: sys_socket[PID: 107 (klogd)]: family:1, type:1, protocol:0
4111027b
nvram_set: restore_defaults = "[   15.990800] firmadyne: ioctl: 0xc0207223
[   15.992269] firmadyne: ioctl: 0xc0207223
[   15.993719] firmadyne: ioctl: 0xc0207223
[   15.995012] firmadyne: sys_socket[PID: 107 (klogd)]: family:1, type:2, protocol:0
[   15.997602] firmadyne: sys_socket[PID: 107 (klogd)]: family:1, type:1, protocol:0
1"
sem_get: Key: 4111027b
sem_get[   16.003628] firmadyne: ioctl: 0xc0207223
[   16.005096] firmadyne: ioctl: 0xc0207223
: Key: 4111027b
nvram_set: sku_name = "[   16.010743] firmadyne: sys_socket[PID: 107 (klogd)]: family:1, type:2, protocol:0
[   16.013307] firmadyne: sys_socket[PID: 107 (klogd)]: family:1, type:1, protocol:0
[   16.015182] firmadyne: ioctl: 0xc0207223
[   16.016704] firmadyne: ioctl: 0xc0207223
"
sem_get: Key: 4111027b
sem_get: Key: 4111027b[   16.022839] firmadyne: sys_socket[PID: 107 (klogd)]: family:1, type:2, protocol:0
[   16.025765] firmadyne: sys_socket[PID: 107 (klogd)]: family:1, type:1, protocol:0
[   16.027061] firmadyne: ioctl: 0xc0207223
[   16.028591] firmadyne: ioctl: 0xc0207223

nvram_set: wla_wlanstate = ""
[   16.034802] firmadyne: sys_socket[PID: 107 (klogd)]: family:1, type:2, protocol:0
[   16.037302] firmadyne: sys_socket[PID: 107 (klogd)]: family:1, type:1, protocol:0
[   16.038512] firmadyne: ioctl: 0xc0207223
[   16.040012] firmadyne: ioctl: 0xc0207223
[   16.041467] firmadyne: ioctl: 0xc0207223
sem_get: Key: 4111027b
sem_get: Key: 4111027b
[   16.046712] firmadyne: sys_socket[PID: 107 (klogd)]: family:1, type:2, protocol:0
[   16.049239] firmadyne: sys_socket[PID: 107 (klogd)]: family:1, type:1, protocol:0
[   16.051387] firmadyne: ioctl: 0xc0207223
[   16.052929] firmadyne: ioctl: 0xc0207223
nvram_set: lan_if = "br0"
sem_get[   16.058911] firmadyne: sys_socket[PID: 107 (klogd)]: family:1, type:2, protocol:0
[   16.061462] firmadyne: sys_socket[PID: 107 (klogd)]: family:1, type:1, protocol:0
[   16.063109] firmadyne: ioctl: 0xc0207223
[   16.064604] firmadyne: ioctl: 0xc0207223
: Key: 4111027b
sem_get: Key: 4111027b
[   16.070709] firmadyne: sys_socket[PID: 107 (klogd)]: family:1, type:2, protocol:0
[   16.073280] firmadyne: sys_socket[PID: 107 (klogd)]: family:1, type:1, protocol:0
[   16.074506] firmadyne: ioctl: 0xc0207223
[   16.076026] firmadyne: ioctl: 0xc0207223
[   16.077485] firmadyne: ioctl: 0xc0207223
nvram_set: lan_ipaddr = "192.168.0.50"
sem_get: Key: [   16.083355] firmadyne: ioctl: 0xc0207223
[   16.084823] firmadyne: ioctl: 0xc0207223
[   16.086733] firmadyne: sys_socket[PID: 107 (klogd)]: family:1, type:2, protocol:0
[   16.089273] firmadyne: sys_socket[PID: 107 (klogd)]: family:1, type:1, protocol:0
4111027b
sem_get: Key: 4111027b
[   16.094565] firmadyne: ioctl: 0xc0207223
[   16.096057] firmadyne: ioctl: 0xc0207223
[   16.097535] firmadyne: ioctl: 0xc0207223
[   16.098832] firmadyne: sys_socket[PID: 107 (klogd)]: family:1, type:2, protocol:0
nvram_set: lan_bipaddr = "192.168.0.255"
sem_get: Key: [   16.107274] firmadyne: ioctl: 0xc0207223
[   16.108746] firmadyne: ioctl: 0xc0207223
4111027b
sem_get: Key: [   16.122356] firmadyne: ioctl: 0xc0207223
[   16.123906] firmadyne: ioctl: 0xc0207223
[   16.125378] firmadyne: ioctl: 0xc0207223
4111027b
nvram_set: lan_netmask = "255.255.255.0[   16.131227] firmadyne: ioctl: 0xc0207223
[   16.132727] firmadyne: ioctl: 0xc0207223
"
sem_get: Key: 4111027b
sem_get: Key: 4111027b[   16.138788] firmadyne: sys_socket[PID: 107 (klogd)]: family:1, type:1, protocol:0
[   16.140072] firmadyne: sys_socket[PID: 107 (klogd)]: family:1, type:2, protocol:0
[   16.142361] firmadyne: ioctl: 0xc0207223
[   16.143870] firmadyne: ioctl: 0xc0207223
[   16.145324] firmadyne: ioctl: 0xc0207223
[   16.146840] firmadyne: sys_socket[PID: 107 (klogd)]: family:1, type:1, protocol:0
[   16.148121] firmadyne: sys_socket[PID: 107 (klogd)]: family:1, type:2, protocol:0

nvram_set: time_zone = "PST8PDT"
[   16.155299] firmadyne: ioctl: 0xc0207223
[   16.156770] firmadyne: ioctl: 0xc0207223
[   16.159157] firmadyne: sys_socket[PID: 107 (klogd)]: family:1, type:1, protocol:0
[   16.160434] firmadyne: sys_socket[PID: 107 (klogd)]: family:1, type:2, protocol:0
sem_get: Key: 4111027b
sem_get[   16.166460] firmadyne: ioctl: 0xc0207223
[   16.167990] firmadyne: ioctl: 0xc0207223
[   16.169441] firmadyne: ioctl: 0xc0207223
: Key: 4111027b
nvram_set: wan_hwaddr_def = "[   16.175235] firmadyne: sys_socket[PID: 107 (klogd)]: family:1, type:1, protocol:0
[   16.176502] firmadyne: sys_socket[PID: 107 (klogd)]: family:1, type:2, protocol:0
[   16.179464] firmadyne: ioctl: 0xc0207223
[   16.180940] firmadyne: ioctl: 0xc0207223
01:23:45:67:89:ab"
sem_get: Key: 4111027b
sem_get: Key: [   16.187356] firmadyne: sys_socket[PID: 107 (klogd)]: family:1, type:1, protocol:0
[   16.188691] firmadyne: sys_socket[PID: 107 (klogd)]: family:1, type:2, protocol:0
[   16.190788] firmadyne: ioctl: 0xc0207223
[   16.192258] firmadyne: ioctl: 0xc0207223
[   16.193701] firmadyne: ioctl: 0xc0207223
4111027b
nvram_set: wan_ifname = "[   16.199495] firmadyne: sys_socket[PID: 107 (klogd)]: family:1, type:1, protocol:0
[   16.200760] firmadyne: sys_socket[PID: 107 (klogd)]: family:1, type:2, protocol:0
[   16.203453] firmadyne: ioctl: 0xc0207223
[   16.204927] firmadyne: ioctl: 0xc0207223
eth0"
sem_get: Key: 4111027b
sem_get: Key: [   16.212281] firmadyne: sys_socket[PID: 107 (klogd)]: family:1, type:1, protocol:0
[   16.213527] firmadyne: sys_socket[PID: 107 (klogd)]: family:1, type:2, protocol:0
[   16.215150] firmadyne: ioctl: 0xc0207223
[   16.216617] firmadyne: ioctl: 0xc0207223
[   16.220058] firmadyne: sys_socket[PID: 107 (klogd)]: family:1, type:1, protocol:0
[   16.221278] firmadyne: sys_socket[PID: 107 (klogd)]: family:1, type:2, protocol:0
4111027b
nvram_set: lan_ifnames = "eth1 eth2 eth3 eth4[   16.226644] firmadyne: ioctl: 0xc0207223
[   16.228165] firmadyne: ioctl: 0xc0207223
[   16.229627] firmadyne: ioctl: 0xc0207223
[   16.232236] firmadyne: sys_socket[PID: 107 (klogd)]: family:1, type:1, protocol:0
[   16.233457] firmadyne: sys_socket[PID: 107 (klogd)]: family:1, type:2, protocol:0
"
sem_get: Key: 4111027b
sem_get: Key: [   16.239423] firmadyne: ioctl: 0xc0207223
[   16.240877] firmadyne: ioctl: 0xc0207223
4111027b
nvram_set: ethConver = "1[   16.248183] firmadyne: sys_socket[PID: 107 (klogd)]: family:1, type:1, protocol:0
[   16.249413] firmadyne: sys_socket[PID: 107 (klogd)]: family:1, type:2, protocol:0
[   16.250950] firmadyne: ioctl: 0xc0207223
[   16.252426] firmadyne: ioctl: 0xc0207223
[   16.253875] firmadyne: ioctl: 0xc0207223
"
sem_get: Key: 4111027b
sem_get: Key: [   16.260146] firmadyne: sys_socket[PID: 107 (klogd)]: family:1, type:1, protocol:0
[   16.261371] firmadyne: sys_socket[PID: 107 (klogd)]: family:1, type:2, protocol:0
[   16.263523] firmadyne: ioctl: 0xc0207223
[   16.264976] firmadyne: ioctl: 0xc0207223
4111027b
nvram_set: lan_proto = "dhcp[   16.272088] firmadyne: sys_socket[PID: 107 (klogd)]: family:1, type:1, protocol:0
[   16.273394] firmadyne: sys_socket[PID: 107 (klogd)]: family:1, type:2, protocol:0
[   16.275079] firmadyne: ioctl: 0xc0207223
[   16.276567] firmadyne: ioctl: 0xc0207223
"
sem_get: Key: 4111027b
sem_get: Key: 4111027b[   16.284184] firmadyne: sys_socket[PID: 107 (klogd)]: family:1, type:1, protocol:0
[   16.285421] firmadyne: sys_socket[PID: 107 (klogd)]: family:1, type:2, protocol:0
[   16.286620] firmadyne: ioctl: 0xc0207223
[   16.288120] firmadyne: ioctl: 0xc0207223
[   16.289580] firmadyne: ioctl: 0xc0207223

nvram_set: wan_ipaddr = "0.0.0.0"
[   16.296256] firmadyne: sys_socket[PID: 107 (klogd)]: family:1, type:1, protocol:0
[   16.297476] firmadyne: sys_socket[PID: 107 (klogd)]: family:1, type:2, protocol:0
[   16.299643] firmadyne: ioctl: 0xc0207223
[   16.301108] firmadyne: ioctl: 0xc0207223
sem_get: Key: 4111027b
sem_get: Key: 4111027b
[   16.308054] firmadyne: sys_socket[PID: 107 (klogd)]: family:1, type:1, protocol:0
[   16.309283] firmadyne: sys_socket[PID: 107 (klogd)]: family:1, type:2, protocol:0
[   16.311138] firmadyne: ioctl: 0xc0207223
[   16.312632] firmadyne: ioctl: 0xc0207223
nvram_set: wan_netmask = "255.255.255.0"
[   16.320022] firmadyne: sys_socket[PID: 107 (klogd)]: family:1, type:1, protocol:0
[   16.321238] firmadyne: sys_socket[PID: 107 (klogd)]: family:1, type:2, protocol:0
[   16.322451] firmadyne: ioctl: 0xc0207223
[   16.323948] firmadyne: ioctl: 0xc0207223
[   16.325409] firmadyne: ioctl: 0xc0207223
sem_get: Key: 4111027b
sem_get: Key: 4111027b
[   16.332021] firmadyne: sys_socket[PID: 107 (klogd)]: family:1, type:1, protocol:0
[   16.333241] firmadyne: sys_socket[PID: 107 (klogd)]: family:1, type:2, protocol:0
[   16.335288] firmadyne: ioctl: 0xc0207223
[   16.336747] firmadyne: ioctl: 0xc0207223
nvram_set: wanif = "eth0"
[   16.343956] firmadyne: sys_socket[PID: 107 (klogd)]: family:1, type:1, protocol:0
[   16.345172] firmadyne: sys_socket[PID: 107 (klogd)]: family:1, type:2, protocol:0
[   16.346517] firmadyne: ioctl: 0xc0207223
[   16.348026] firmadyne: ioctl: 0xc0207223
[   16.349542] firmadyne: ioctl: 0xc0207223
sem_get: Key: 4111027b
sem_get: Key: 4111027b
[   16.355895] firmadyne: sys_socket[PID: 107 (klogd)]: family:1, type:1, protocol:0
[   16.357123] firmadyne: sys_socket[PID: 107 (klogd)]: family:1, type:2, protocol:0
[   16.359409] firmadyne: ioctl: 0xc0207223
[   16.360865] firmadyne: ioctl: 0xc0207223
nvram_set: time_zone_x = "[   16.366669] firmadyne: ioctl: 0xc0207223
[   16.368142] firmadyne: ioctl: 0xc0207223
[   16.369611] firmadyne: ioctl: 0xc0207223
[   16.372091] firmadyne: sys_socket[PID: 107 (klogd)]: family:1, type:1, protocol:0
[   16.373334] firmadyne: sys_socket[PID: 107 (klogd)]: family:1, type:2, protocol:0
0"
sem_get: Key: 4111027b
sem_get: Key: [   16.379583] firmadyne: ioctl: 0xc0207223
[   16.381056] firmadyne: ioctl: 0xc0207223
[   16.383967] firmadyne: sys_socket[PID: 107 (klogd)]: family:1, type:1, protocol:0
[   16.385209] firmadyne: sys_socket[PID: 107 (klogd)]: family:1, type:2, protocol:0
4111027b
nvram_set: rip_multicast = "[   16.390815] firmadyne: ioctl: 0xc0207223
[   16.392294] firmadyne: ioctl: 0xc0207223
[   16.393768] firmadyne: ioctl: 0xc0207223
[   16.396430] firmadyne: sys_socket[PID: 107 (klogd)]: family:1, type:1, protocol:0
[   16.397718] firmadyne: sys_socket[PID: 107 (klogd)]: family:1, type:2, protocol:0
0"
sem_get: Key: 4111027b
[   16.403263] firmadyne: ioctl: 0xc0207223
[   16.404727] firmadyne: ioctl: 0xc0207223
[   16.408194] firmadyne: sys_socket[PID: 107 (klogd)]: family:1, type:1, protocol:0
[   16.409418] firmadyne: sys_socket[PID: 107 (klogd)]: family:1, type:2, protocol:0
sem_get: Key: 4111027b
nvram_set: [   16.414439] firmadyne: ioctl: 0xc0207223
[   16.415947] firmadyne: ioctl: 0xc0207223
[   16.417398] firmadyne: ioctl: 0xc0207223
[   16.420076] firmadyne: sys_socket[PID: 107 (klogd)]: family:1, type:1, protocol:0
[   16.421371] firmadyne: sys_socket[PID: 107 (klogd)]: family:1, type:2, protocol:0
bs_trustedip_enable = "0"
sem_get: Key: 4111027b
[   16.427170] firmadyne: ioctl: 0xc0207223
[   16.428656] firmadyne: ioctl: 0xc0207223
[   16.432156] firmadyne: sys_socket[PID: 107 (klogd)]: family:1, type:1, protocol:0
[   16.433401] firmadyne: sys_socket[PID: 107 (klogd)]: family:1, type:2, protocol:0
sem_get: Key: 4111027b
nvram_set[   16.438634] firmadyne: ioctl: 0xc0207223
[   16.440171] firmadyne: ioctl: 0xc0207223
[   16.441641] firmadyne: ioctl: 0xc0207223
[   16.444202] firmadyne: sys_socket[PID: 107 (klogd)]: family:1, type:1, protocol:0
[   16.445474] firmadyne: sys_socket[PID: 107 (klogd)]: family:1, type:2, protocol:0
: et0macaddr = "01:23:45:67:89:ab"
sem_get: Key: 4111027b
[   16.451312] firmadyne: ioctl: 0xc0207223
[   16.452782] firmadyne: ioctl: 0xc0207223
sem_get: Key: 4111027b
[   16.459972] firmadyne: sys_socket[PID: 107 (klogd)]: family:1, type:1, protocol:0
[   16.461203] firmadyne: sys_socket[PID: 107 (klogd)]: family:1, type:2, protocol:0
nvram_set: filter_rule_tbl = ""
sem_get: Key: 4111027b
[   16.466355] firmadyne: ioctl: 0xc0207223
[   16.467863] firmadyne: ioctl: 0xc0207223
[   16.469315] firmadyne: ioctl: 0xc0207223
[   16.472035] firmadyne: sys_socket[PID: 107 (klogd)]: family:1, type:1, protocol:0
[   16.473253] firmadyne: sys_socket[PID: 107 (klogd)]: family:1, type:2, protocol:0
sem_get: Key: 4111027b
nvram_set: [   16.479432] firmadyne: ioctl: 0xc0207223
[   16.480912] firmadyne: ioctl: 0xc0207223
[   16.484030] firmadyne: sys_socket[PID: 107 (klogd)]: family:1, type:1, protocol:0
[   16.485264] firmadyne: sys_socket[PID: 107 (klogd)]: family:1, type:2, protocol:0
[   16.486852] firmadyne: ioctl: 0xc0207223
[   16.488317] firmadyne: ioctl: 0xc0207223
[   16.489784] firmadyne: ioctl: 0xc0207223
pppoe2_schedule_config = "127:0:0:23:59"
sem_get: Key: 4111027b
[   16.495959] firmadyne: sys_socket[PID: 107 (klogd)]: family:1, type:1, protocol:0
[   16.497188] firmadyne: sys_socket[PID: 107 (klogd)]: family:1, type:2, protocol:0
sem_get: Key: 4111027b
[   16.503290] firmadyne: ioctl: 0xc0207223
[   16.504772] firmadyne: ioctl: 0xc0207223
[   16.508269] firmadyne: sys_socket[PID: 107 (klogd)]: family:1, type:1, protocol:0
[   16.509540] firmadyne: sys_socket[PID: 107 (klogd)]: family:1, type:2, protocol:0
nvram_set: schedule_config = "127:0:0:23:59"
sem_get: Key: 4111027b
[   16.514310] firmadyne: ioctl: 0xc0207223
[   16.515827] firmadyne: ioctl: 0xc0207223
[   16.517322] firmadyne: ioctl: 0xc0207223
[   16.520175] firmadyne: sys_socket[PID: 107 (klogd)]: family:1, type:1, protocol:0
[   16.521473] firmadyne: sys_socket[PID: 107 (klogd)]: family:1, type:2, protocol:0
sem_get: Key: 4111027b
[   16.527100] firmadyne: ioctl: 0xc0207223
[   16.528581] firmadyne: ioctl: 0xc0207223
[   16.532101] firmadyne: sys_socket[PID: 107 (klogd)]: family:1, type:1, protocol:0
[   16.533333] firmadyne: sys_socket[PID: 107 (klogd)]: family:1, type:2, protocol:0
nvram_set: access_control_mode = "0"
sem_get: Key: [   16.538501] firmadyne: ioctl: 0xc0207223
[   16.540045] firmadyne: ioctl: 0xc0207223
[   16.541498] firmadyne: ioctl: 0xc0207223
[   16.544003] firmadyne: sys_socket[PID: 107 (klogd)]: family:1, type:1, protocol:0
[   16.545221] firmadyne: sys_socket[PID: 107 (klogd)]: family:1, type:2, protocol:0
4111027b
sem_get: Key: 4111027b
[   16.551248] firmadyne: ioctl: 0xc0207223
[   16.552717] firmadyne: ioctl: 0xc0207223
[   16.556259] firmadyne: sys_socket[PID: 107 (klogd)]: family:1, type:1, protocol:0
[   16.557533] firmadyne: sys_socket[PID: 107 (klogd)]: family:1, type:2, protocol:0
nvram_set: fwpt_df_count = "0"
sem_get[   16.563241] firmadyne: ioctl: 0xc0207223
[   16.564780] firmadyne: ioctl: 0xc0207223
[   16.568294] firmadyne: sys_socket[PID: 107 (klogd)]: family:1, type:1, protocol:0
[   16.569519] firmadyne: sys_socket[PID: 107 (klogd)]: family:1, type:2, protocol:0
: Key: 4111027b
sem_get: Key: 4111027b
[   16.574409] firmadyne: ioctl: 0xc0207223
[   16.575943] firmadyne: ioctl: 0xc0207223
[   16.577452] firmadyne: ioctl: 0xc0207223
nvram_set: static_if_status = "1"
sem_get[   16.584279] firmadyne: sys_socket[PID: 107 (klogd)]: family:1, type:1, protocol:0
[   16.585502] firmadyne: sys_socket[PID: 107 (klogd)]: family:1, type:2, protocol:0
[   16.587612] firmadyne: ioctl: 0xc0207223
[   16.589065] firmadyne: ioctl: 0xc0207223
[   16.591982] firmadyne: sys_socket[PID: 107 (klogd)]: family:1, type:1, protocol:0
[   16.593253] firmadyne: sys_socket[PID: 107 (klogd)]: family:1, type:2, protocol:0
: Key: 4111027b
sem_get: Key: 4111027b
[   16.598836] firmadyne: ioctl: 0xc0207223
[   16.600315] firmadyne: ioctl: 0xc0207223
[   16.601819] firmadyne: ioctl: 0xc0207223
nvram_set: www_relocation = ""
sem_get[   16.607963] firmadyne: sys_socket[PID: 107 (klogd)]: family:1, type:1, protocol:0
[   16.609206] firmadyne: sys_socket[PID: 107 (klogd)]: family:1, type:2, protocol:0
[   16.611978] firmadyne: ioctl: 0xc0207223
[   16.613447] firmadyne: ioctl: 0xc0207223
: Key: 4111027b
sem_get: Key: 4111027b[   16.624688] firmadyne: ioctl: 0xc0207223
[   16.627029] firmadyne: sys_socket[PID: 107 (klogd)]: family:1, type:1, protocol:0
[   16.629127] firmadyne: sys_socket[PID: 107 (klogd)]: family:1, type:2, protocol:0

nvram_set: usb_info_dev0 = "[   16.635057] firmadyne: ioctl: 0xc0207223
[   16.636581] firmadyne: ioctl: 0xc0207223
[   16.640145] firmadyne: sys_socket[PID: 107 (klogd)]: family:1, type:1, protocol:0
[   16.641438] firmadyne: sys_socket[PID: 107 (klogd)]: family:1, type:2, protocol:0
A200396E0402FF83@1@14.4G@U@1@USB_Storage;U:;0;0@"
sem_get: Key: 4111027b
[   16.646317] firmadyne: ioctl: 0xc0207223
[   16.647848] firmadyne: ioctl: 0xc0207223
[   16.649295] firmadyne: ioctl: 0xc0207223
sem_get: Key: 4111027b
nvram_set[   16.656279] firmadyne: sys_socket[PID: 107 (klogd)]: family:1, type:1, protocol:0
[   16.657495] firmadyne: sys_socket[PID: 107 (klogd)]: family:1, type:2, protocol:0
[   16.659441] firmadyne: ioctl: 0xc0207223
[   16.660903] firmadyne: ioctl: 0xc0207223
: usb_info_dev1 = "A200396E0402FF83@1@14.4G@U@1@USB_Storage;U:;0;0@"
sem_get: Key: 4111027b
[   16.668112] firmadyne: sys_socket[PID: 107 (klogd)]: family:1, type:1, protocol:0
[   16.669392] firmadyne: sys_socket[PID: 107 (klogd)]: family:1, type:2, protocol:0
[   16.670964] firmadyne: ioctl: 0xc0207223
[   16.672436] firmadyne: ioctl: 0xc0207223
[   16.673896] firmadyne: ioctl: 0xc0207223
sem_get: Key: 4111027b
[   16.680143] firmadyne: sys_socket[PID: 107 (klogd)]: family:1, type:1, protocol:0
[   16.681363] firmadyne: sys_socket[PID: 107 (klogd)]: family:1, type:2, protocol:0
[   16.683515] firmadyne: ioctl: 0xc0207223
[   16.684960] firmadyne: ioctl: 0xc0207223
nvram_set: usb_info_dev2 = "A200396E0402FF83@1@14.4G@U@1@USB_Storage;U:;0;0@"
sem_get: Key: [   16.692302] firmadyne: sys_socket[PID: 107 (klogd)]: family:1, type:1, protocol:0
[   16.693579] firmadyne: sys_socket[PID: 107 (klogd)]: family:1, type:2, protocol:0
[   16.695264] firmadyne: ioctl: 0xc0207223
[   16.696783] firmadyne: ioctl: 0xc0207223
4111027b
sem_get: Key: 4111027b
[   16.702327] firmadyne: ioctl: 0xc0207223
[   16.703857] firmadyne: ioctl: 0xc0207223
[   16.705395] firmadyne: ioctl: 0xc0207223
[   16.708110] firmadyne: sys_socket[PID: 107 (klogd)]: family:1, type:1, protocol:0
[   16.709379] firmadyne: sys_socket[PID: 107 (klogd)]: family:1, type:2, protocol:0
nvram_set: usb_info_dev3 = "A200396E0402FF83@1@14.4G@U@1@USB_Storage;U:;0;0@"
[   16.715182] firmadyne: ioctl: 0xc0207223
[   16.716635] firmadyne: ioctl: 0xc0207223
[   16.720103] firmadyne: sys_socket[PID: 107 (klogd)]: family:1, type:1, protocol:0
[   16.721316] firmadyne: sys_socket[PID: 107 (klogd)]: family:1, type:2, protocol:0
sem_get: Key: 4111027b
sem_get: Key: 4111027b
[   16.726503] firmadyne: ioctl: 0xc0207223
[   16.728108] firmadyne: ioctl: 0xc0207223
[   16.729564] firmadyne: ioctl: 0xc0207223
[   16.732133] firmadyne: sys_socket[PID: 107 (klogd)]: family:1, type:1, protocol:0
[   16.733525] firmadyne: sys_socket[PID: 107 (klogd)]: family:1, type:2, protocol:0
nvram_set: usb_info_dev4 = "A200396E0402FF83@1@14.4G@U@1@USB_Storage;U:;0;0@[   16.739517] firmadyne: ioctl: 0xc0207223
[   16.740960] firmadyne: ioctl: 0xc0207223
[   16.744051] firmadyne: sys_socket[PID: 107 (klogd)]: family:1, type:1, protocol:0
[   16.745330] firmadyne: sys_socket[PID: 107 (klogd)]: family:1, type:2, protocol:0
"
sem_get: Key: 4111027b
sem_get: Key: 4111027b[   16.750953] firmadyne: ioctl: 0xc0207223
[   16.752437] firmadyne: ioctl: 0xc0207223
[   16.753877] firmadyne: ioctl: 0xc0207223
[   16.756450] firmadyne: sys_socket[PID: 107 (klogd)]: family:1, type:1, protocol:0
[   16.757657] firmadyne: sys_socket[PID: 107 (klogd)]: family:1, type:2, protocol:0

nvram_set: usb_info_dev5 = "[   16.764416] firmadyne: ioctl: 0xc0207223
[   16.766103] firmadyne: ioctl: 0xc0207223
[   16.768519] firmadyne: sys_socket[PID: 107 (klogd)]: family:1, type:1, protocol:0
[   16.769736] firmadyne: sys_socket[PID: 107 (klogd)]: family:1, type:2, protocol:0
A200396E0402FF83@1@14.4G@U@1@USB_Storage;U:;0;0@"
sem_get: Key: 4111027b
[   16.775399] firmadyne: ioctl: 0xc0207223
[   16.776872] firmadyne: ioctl: 0xc0207223
[   16.780002] firmadyne: sys_socket[PID: 107 (klogd)]: family:1, type:1, protocol:0
[   16.781222] firmadyne: sys_socket[PID: 107 (klogd)]: family:1, type:2, protocol:0
sem_get: Key: 4111027b
nvram_set[   16.786870] firmadyne: ioctl: 0xc0207223
[   16.788336] firmadyne: ioctl: 0xc0207223
[   16.789773] firmadyne: ioctl: 0xc0207223
[   16.792380] firmadyne: sys_socket[PID: 107 (klogd)]: family:1, type:1, protocol:0
[   16.793604] firmadyne: sys_socket[PID: 107 (klogd)]: family:1, type:2, protocol:0
: usb_info_dev6 = "A200396E0402FF83@1@14.4G@U@1@USB_Storage;U:;0;0@"
sem_get: Key: 4111027b
[   16.799510] firmadyne: ioctl: 0xc0207223
[   16.801013] firmadyne: ioctl: 0xc0207223
[   16.804057] firmadyne: sys_socket[PID: 107 (klogd)]: family:1, type:1, protocol:0
[   16.805278] firmadyne: sys_socket[PID: 107 (klogd)]: family:1, type:2, protocol:0
sem_get: Key: 4111027b
[   16.810799] firmadyne: ioctl: 0xc0207223
[   16.812328] firmadyne: ioctl: 0xc0207223
[   16.813785] firmadyne: ioctl: 0xc0207223
[   16.816395] firmadyne: sys_socket[PID: 107 (klogd)]: family:1, type:1, protocol:0
[   16.817609] firmadyne: sys_socket[PID: 107 (klogd)]: family:1, type:2, protocol:0
nvram_set: usb_info_dev7 = "A200396E0402FF83@1@14.4G@U@1@USB_Storage;U:;0;0@"
sem_get: Key: 4111027b[   16.823272] firmadyne: ioctl: 0xc0207223
[   16.824719] firmadyne: ioctl: 0xc0207223

sem_get: Key: 4111027b
[   16.831990] firmadyne: sys_socket[PID: 107 (klogd)]: family:1, type:1, protocol:0
[   16.833258] firmadyne: sys_socket[PID: 107 (klogd)]: family:1, type:2, protocol:0
[   16.834554] firmadyne: ioctl: 0xc0207223
[   16.836107] firmadyne: ioctl: 0xc0207223
[   16.837629] firmadyne: ioctl: 0xc0207223
nvram_set: usb_info_dev8 = "A200396E0402FF83@1@14.4G@U@1@USB_Storage;U:;0;0@"
sem_get: Key: [   16.844082] firmadyne: sys_socket[PID: 107 (klogd)]: family:1, type:1, protocol:0
[   16.845312] firmadyne: sys_socket[PID: 107 (klogd)]: family:1, type:2, protocol:0
[   16.847458] firmadyne: ioctl: 0xc0207223
[   16.848942] firmadyne: ioctl: 0xc0207223
4111027b
sem_get: Key: 4111027b
[   16.855975] firmadyne: sys_socket[PID: 107 (klogd)]: family:1, type:1, protocol:0
[   16.857275] firmadyne: sys_socket[PID: 107 (klogd)]: family:1, type:2, protocol:0
[   16.859208] firmadyne: ioctl: 0xc0207223
[   16.860673] firmadyne: ioctl: 0xc0207223
nvram_set: usb_info_dev9 = "A200396E0402FF83@1@14.4G@U@1@USB_Storage;U:;0;0@"
sem_get[   16.868240] firmadyne: sys_socket[PID: 107 (klogd)]: family:1, type:1, protocol:0
[   16.869458] firmadyne: sys_socket[PID: 107 (klogd)]: family:1, type:2, protocol:0
[   16.870716] firmadyne: ioctl: 0xc0207223
[   16.872235] firmadyne: ioctl: 0xc0207223
[   16.873667] firmadyne: ioctl: 0xc0207223
: Key: 4111027b
sem_get: Key: 4111027b
[   16.879993] firmadyne: sys_socket[PID: 107 (klogd)]: family:1, type:1, protocol:0
[   16.881204] firmadyne: sys_socket[PID: 107 (klogd)]: family:1, type:2, protocol:0
[   16.883491] firmadyne: ioctl: 0xc0207223
[   16.884958] firmadyne: ioctl: 0xc0207223
nvram_set: usb_info_dev10 = "A200396E0402FF83@1@14.4G@U@1@USB_Storage;U:;0;0@"
sem_get[   16.892032] firmadyne: sys_socket[PID: 107 (klogd)]: family:1, type:1, protocol:0
[   16.893245] firmadyne: sys_socket[PID: 107 (klogd)]: family:1, type:2, protocol:0
[   16.894814] firmadyne: ioctl: 0xc0207223
[   16.896267] firmadyne: ioctl: 0xc0207223
[   16.897700] firmadyne: ioctl: 0xc0207223
: Key: 4111027b
sem_get: Key: 4111027b
[   16.904036] firmadyne: sys_socket[PID: 107 (klogd)]: family:1, type:1, protocol:0
[   16.905307] firmadyne: sys_socket[PID: 107 (klogd)]: family:1, type:2, protocol:0
[   16.907563] firmadyne: ioctl: 0xc0207223
[   16.909029] firmadyne: ioctl: 0xc0207223
nvram_set: usb_info_dev11 = "A200396E0402FF83@1@14.4G@U@1@USB_Storage;U:;0;0@"
sem_get[   16.927017] firmadyne: ioctl: 0xc0207223
[   16.928523] firmadyne: ioctl: 0xc0207223
: Key: 4111027b
sem_get: Key: 4111027b
[   16.934267] firmadyne: ioctl: 0xc0207223
[   16.935770] firmadyne: ioctl: 0xc0207223
[   16.937222] firmadyne: ioctl: 0xc0207223
nvram_set: usb_info_dev12 = "A200396E0402FF83@1@14.4G@U@1@USB_Storage;U:;0;0@"
[   16.943083] firmadyne: ioctl: 0xc0207223
[   16.944582] firmadyne: ioctl: 0xc0207223
sem_get: Key: 4111027b
sem_get: Key: 4111027b
[   16.950487] firmadyne: sys_socket[PID: 107 (klogd)]: family:1, type:1, protocol:0
[   16.951765] firmadyne: sys_socket[PID: 107 (klogd)]: family:1, type:2, protocol:0
[   16.954287] firmadyne: ioctl: 0xc0207223
[   16.955867] firmadyne: ioctl: 0xc0207223
[   16.957337] firmadyne: ioctl: 0xc0207223
nvram_set: usb_info_dev13 = "A200396E0402FF83@1@14.4G@U@1@USB_Storage;U:;0;0@"
[   16.963509] firmadyne: sys_socket[PID: 107 (klogd)]: family:1, type:1, protocol:0
[   16.964789] firmadyne: sys_socket[PID: 107 (klogd)]: family:1, type:2, protocol:0
[   16.967268] firmadyne: ioctl: 0xc0207223
[   16.968726] firmadyne: ioctl: 0xc0207223
sem_get: Key: 4111027b
sem_get: Key: 4111027b
[   16.975654] firmadyne: sys_socket[PID: 107 (klogd)]: family:1, type:1, protocol:0
[   16.976907] firmadyne: sys_socket[PID: 107 (klogd)]: family:1, type:2, protocol:0
[   16.978481] firmadyne: ioctl: 0xc0207223
[   16.979986] firmadyne: ioctl: 0xc0207223
[   16.981428] firmadyne: ioctl: 0xc0207223
nvram_set: usb_info_dev14 = "A200396E0402FF83@1@14.4G@U@1@USB_Storage;U:;0;0@"
[   16.987674] firmadyne: sys_socket[PID: 107 (klogd)]: family:1, type:1, protocol:0
[   16.988892] firmadyne: sys_socket[PID: 107 (klogd)]: family:1, type:2, protocol:0
[   16.991295] firmadyne: ioctl: 0xc0207223
[   16.992747] firmadyne: ioctl: 0xc0207223
sem_get: Key: 4111027b
sem_get: Key: 4111027b
[   16.999790] firmadyne: sys_socket[PID: 107 (klogd)]: family:1, type:1, protocol:0
[   17.001075] firmadyne: sys_socket[PID: 107 (klogd)]: family:1, type:2, protocol:0
[   17.002459] firmadyne: ioctl: 0xc0207223
[   17.003947] firmadyne: ioctl: 0xc0207223
[   17.005398] firmadyne: ioctl: 0xc0207223
nvram_set: usb_info_dev15 = "A200396E0402FF83@1@14.4G@U@1@USB_Storage;U:;0;0@"
[   17.012021] firmadyne: sys_socket[PID: 107 (klogd)]: family:1, type:1, protocol:0
[   17.013235] firmadyne: sys_socket[PID: 107 (klogd)]: family:1, type:2, protocol:0
[   17.015290] firmadyne: ioctl: 0xc0207223
[   17.016773] firmadyne: ioctl: 0xc0207223
sem_get: Key: 4111027b
sem_get: Key: 4111027b
[   17.024255] firmadyne: sys_socket[PID: 107 (klogd)]: family:1, type:1, protocol:0
[   17.025470] firmadyne: sys_socket[PID: 107 (klogd)]: family:1, type:2, protocol:0
[   17.026707] firmadyne: ioctl: 0xc0207223
[   17.028192] firmadyne: ioctl: 0xc0207223
[   17.029645] firmadyne: ioctl: 0xc0207223
nvram_set: usb_info_dev16 = "A200396E0402FF83@1@14.4G@U@1@USB_Storage;U:;0;0@[   17.036366] firmadyne: sys_socket[PID: 107 (klogd)]: family:1, type:1, protocol:0
[   17.037630] firmadyne: sys_socket[PID: 107 (klogd)]: family:1, type:2, protocol:0
[   17.039860] firmadyne: ioctl: 0xc0207223
[   17.041326] firmadyne: ioctl: 0xc0207223
"
sem_get: Key: 4111027b
sem_get: Key: 4111027b
[   17.048223] firmadyne: sys_socket[PID: 107 (klogd)]: family:1, type:1, protocol:0
[   17.049433] firmadyne: sys_socket[PID: 107 (klogd)]: family:1, type:2, protocol:0
[   17.051455] firmadyne: ioctl: 0xc0207223
[   17.052975] firmadyne: ioctl: 0xc0207223
nvram_set: usb_info_dev17 = "A200396E0402FF83@1@14.4G@U@1@USB_Storage;U:;0;0@"
[   17.060138] firmadyne: sys_socket[PID: 107 (klogd)]: family:1, type:1, protocol:0
[   17.061368] firmadyne: sys_socket[PID: 107 (klogd)]: family:1, type:2, protocol:0
[   17.063038] firmadyne: ioctl: 0xc0207223
[   17.064507] firmadyne: ioctl: 0xc0207223
[   17.066104] firmadyne: ioctl: 0xc0207223
sem_get: Key: 4111027b
sem_get: Key: 4111027b[   17.072348] firmadyne: sys_socket[PID: 107 (klogd)]: family:1, type:1, protocol:0
[   17.073590] firmadyne: sys_socket[PID: 107 (klogd)]: family:1, type:2, protocol:0
[   17.075779] firmadyne: ioctl: 0xc0207223
[   17.077223] firmadyne: ioctl: 0xc0207223
[   17.078886] firmadyne: ioctl: 0xc0207223
[   17.080321] firmadyne: ioctl: 0xc0207223
[   17.081754] firmadyne: ioctl: 0xc0207223

nvram_set: usb_info_dev18 = "[   17.087966] firmadyne: sys_socket[PID: 107 (klogd)]: family:1, type:1, protocol:0
[   17.089195] firmadyne: sys_socket[PID: 107 (klogd)]: family:1, type:2, protocol:0
A200396E0402FF83@1@14.4G@U@1@USB_Storage;U:;0;0@"
sem_get: Key: 4111027b
sem_get[   17.095428] firmadyne: ioctl: 0xc0207223
[   17.096909] firmadyne: ioctl: 0xc0207223
[   17.099831] firmadyne: sys_socket[PID: 107 (klogd)]: family:1, type:1, protocol:0
[   17.101055] firmadyne: sys_socket[PID: 107 (klogd)]: family:1, type:2, protocol:0
: Key: 4111027b
nvram_set: usb_info_dev19[   17.106878] firmadyne: ioctl: 0xc0207223
[   17.108398] firmadyne: ioctl: 0xc0207223
[   17.109823] firmadyne: ioctl: 0xc0207223
[   17.112003] firmadyne: sys_socket[PID: 107 (klogd)]: family:1, type:1, protocol:0
[   17.113244] firmadyne: sys_socket[PID: 107 (klogd)]: family:1, type:2, protocol:0
 = "A200396E0402FF83@1@14.4G@U@1@USB_Storage;U:;0;0@"
sem_get: Key: 4111027b
[   17.119308] firmadyne: ioctl: 0xc0207223
[   17.120754] firmadyne: ioctl: 0xc0207223
[   17.124255] firmadyne: sys_socket[PID: 107 (klogd)]: family:1, type:1, protocol:0
[   17.125519] firmadyne: sys_socket[PID: 107 (klogd)]: family:1, type:2, protocol:0
sem_get: Key: 4111027b
nvram_set[   17.130464] firmadyne: ioctl: 0xc0207223
[   17.131966] firmadyne: ioctl: 0xc0207223
[   17.133411] firmadyne: ioctl: 0xc0207223
[   17.135999] firmadyne: sys_socket[PID: 107 (klogd)]: family:1, type:1, protocol:0
[   17.137214] firmadyne: sys_socket[PID: 107 (klogd)]: family:1, type:2, protocol:0
: usb_info_dev20 = "A200396E0402FF83@1@14.4G@U@1@USB_Storage;U:;0;0@"
sem_get: Key: 4111027b
[   17.143327] firmadyne: ioctl: 0xc0207223
[   17.144827] firmadyne: ioctl: 0xc0207223
[   17.147984] firmadyne: sys_socket[PID: 107 (klogd)]: family:1, type:1, protocol:0
[   17.149198] firmadyne: sys_socket[PID: 107 (klogd)]: family:1, type:2, protocol:0
sem_get: Key: 4111027b
nvram_set[   17.154806] firmadyne: ioctl: 0xc0207223
[   17.156270] firmadyne: ioctl: 0xc0207223
[   17.157708] firmadyne: ioctl: 0xc0207223
[   17.160120] firmadyne: sys_socket[PID: 107 (klogd)]: family:1, type:1, protocol:0
[   17.161330] firmadyne: sys_socket[PID: 107 (klogd)]: family:1, type:2, protocol:0
: usb_info_dev21 = "A200396E0402FF83@1@14.4G@U@1@USB_Storage;U:;0;0@"
sem_get: Key: 4111027b[   17.167444] firmadyne: ioctl: 0xc0207223
[   17.168900] firmadyne: ioctl: 0xc0207223
[   17.172080] firmadyne: sys_socket[PID: 107 (klogd)]: family:1, type:1, protocol:0
[   17.173346] firmadyne: sys_socket[PID: 107 (klogd)]: family:1, type:2, protocol:0

sem_get: Key: 4111027b
[   17.178663] firmadyne: ioctl: 0xc0207223
[   17.180129] firmadyne: ioctl: 0xc0207223
[   17.181568] firmadyne: ioctl: 0xc0207223
[   17.184142] firmadyne: sys_socket[PID: 107 (klogd)]: family:1, type:1, protocol:0
[   17.185366] firmadyne: sys_socket[PID: 107 (klogd)]: family:1, type:2, protocol:0
nvram_set: usb_info_dev22 = "A200396E0402FF83@1@14.4G@U@1@USB_Storage;U:;0;0@"
[   17.191256] firmadyne: ioctl: 0xc0207223
[   17.192713] firmadyne: ioctl: 0xc0207223
[   17.196131] firmadyne: sys_socket[PID: 107 (klogd)]: family:1, type:1, protocol:0
[   17.197375] firmadyne: sys_socket[PID: 107 (klogd)]: family:1, type:2, protocol:0
sem_get: Key: 4111027b
sem_get: Key: 4111027b
[   17.202392] firmadyne: ioctl: 0xc0207223
[   17.203892] firmadyne: ioctl: 0xc0207223
[   17.205387] firmadyne: ioctl: 0xc0207223
[   17.208246] firmadyne: sys_socket[PID: 107 (klogd)]: family:1, type:1, protocol:0
[   17.209507] firmadyne: sys_socket[PID: 107 (klogd)]: family:1, type:2, protocol:0
nvram_set: usb_info_dev23 = "A200396E0402FF83@1@14.4G@U@1@USB_Storage;U:;0;0@[   17.215710] firmadyne: ioctl: 0xc0207223
[   17.217173] firmadyne: ioctl: 0xc0207223
"
sem_get: Key: 4111027b
sem_get: Key: 4111027b[   17.224136] firmadyne: sys_socket[PID: 107 (klogd)]: family:1, type:1, protocol:0
[   17.225368] firmadyne: sys_socket[PID: 107 (klogd)]: family:1, type:2, protocol:0
[   17.227205] firmadyne: ioctl: 0xc0207223
[   17.228675] firmadyne: ioctl: 0xc0207223

nvram_set: usb_info_dev24 = "A200396E0402FF83@1@14.4G@U@1@USB_Storage;U:;0;0@[   17.236175] firmadyne: sys_socket[PID: 107 (klogd)]: family:1, type:1, protocol:0
[   17.237416] firmadyne: sys_socket[PID: 107 (klogd)]: family:1, type:2, protocol:0
[   17.239200] firmadyne: ioctl: 0xc0207223
[   17.240756] firmadyne: ioctl: 0xc0207223
"
sem_get: Key: 4111027b
sem_get: Key: [   17.247973] firmadyne: sys_socket[PID: 107 (klogd)]: family:1, type:1, protocol:0
[   17.249185] firmadyne: sys_socket[PID: 107 (klogd)]: family:1, type:2, protocol:0
[   17.250544] firmadyne: ioctl: 0xc0207223
[   17.252055] firmadyne: ioctl: 0xc0207223
[   17.253498] firmadyne: ioctl: 0xc0207223
4111027b
nvram_set: usb_info_dev25 = "A200396E0402FF83@1@14.4G@U@1@USB_Storage;U:;0;0@[   17.260229] firmadyne: sys_socket[PID: 107 (klogd)]: family:1, type:1, protocol:0
[   17.261465] firmadyne: sys_socket[PID: 107 (klogd)]: family:1, type:2, protocol:0
[   17.263598] firmadyne: ioctl: 0xc0207223
[   17.265055] firmadyne: ioctl: 0xc0207223
"
sem_get: Key: 4111027b
sem_get: Key: 4111027b[   17.272199] firmadyne: sys_socket[PID: 107 (klogd)]: family:1, type:1, protocol:0
[   17.273441] firmadyne: sys_socket[PID: 107 (klogd)]: family:1, type:2, protocol:0
[   17.275152] firmadyne: ioctl: 0xc0207223
[   17.276634] firmadyne: ioctl: 0xc0207223

nvram_set: usb_info_dev26 = "A200396E0402FF83@1@14.4G@U@1@USB_Storage;U:;0;0@[   17.284375] firmadyne: sys_socket[PID: 107 (klogd)]: family:1, type:1, protocol:0
[   17.285591] firmadyne: sys_socket[PID: 107 (klogd)]: family:1, type:2, protocol:0
[   17.286846] firmadyne: ioctl: 0xc0207223
[   17.288340] firmadyne: ioctl: 0xc0207223
[   17.289803] firmadyne: ioctl: 0xc0207223
"
sem_get: Key: 4111027b
sem_get: Key: [   17.295436] firmadyne: ioctl: 0xc0207223
[   17.296886] firmadyne: ioctl: 0xc0207223
[   17.300006] firmadyne: sys_socket[PID: 107 (klogd)]: family:1, type:1, protocol:0
[   17.301240] firmadyne: sys_socket[PID: 107 (klogd)]: family:1, type:2, protocol:0
4111027b
nvram_set: usb_info_dev27 = "[   17.306609] firmadyne: ioctl: 0xc0207223
[   17.308069] firmadyne: ioctl: 0xc0207223
[   17.309516] firmadyne: ioctl: 0xc0207223
[   17.312086] firmadyne: sys_socket[PID: 107 (klogd)]: family:1, type:1, protocol:0
[   17.313294] firmadyne: sys_socket[PID: 107 (klogd)]: family:1, type:2, protocol:0
A200396E0402FF83@1@14.4G@U@1@USB_Storage;U:;0;0@"
sem_get: Key: 4111027b
sem_get[   17.319546] firmadyne: ioctl: 0xc0207223
[   17.321062] firmadyne: ioctl: 0xc0207223
[   17.323984] firmadyne: sys_socket[PID: 107 (klogd)]: family:1, type:1, protocol:0
[   17.325203] firmadyne: sys_socket[PID: 107 (klogd)]: family:1, type:2, protocol:0
: Key: 4111027b
nvram_set: usb_info_dev28[   17.330994] firmadyne: ioctl: 0xc0207223
[   17.332510] firmadyne: ioctl: 0xc0207223
[   17.335928] firmadyne: sys_socket[PID: 107 (klogd)]: family:1, type:1, protocol:0
[   17.337183] firmadyne: sys_socket[PID: 107 (klogd)]: family:1, type:2, protocol:0
 = "A200396E0402FF83@1@14.4G@U@1@USB_Storage;U:;0;0@"
sem_get: Key: 4111027b
[   17.342204] firmadyne: ioctl: 0xc0207223
[   17.343772] firmadyne: ioctl: 0xc0207223
[   17.345266] firmadyne: ioctl: 0xc0207223
