[    0.000000] Linux version 4.1.17+ (alessio@pc) (gcc version 5.5.0 20171010 (Ubuntu 5.5.0-12ubuntu1) ) #1 Mon May 15 23:04:08 CEST 2023
[    0.000000] earlycon: Early serial console at I/O port 0x3f8 (options '38400n8')
[    0.000000] bootconsole [uart0] enabled
[    0.000000] CPU0 revision is: 00019300 (MIPS 24Kc)
[    0.000000] FPU revision is: 00739300
[    0.000000] Software DMA cache coherency enabled
[    0.000000] Determined physical RAM map:
[    0.000000]  memory: 00001000 @ 00000000 (reserved)
[    0.000000]  memory: 000ef000 @ 00001000 (ROM data)
[    0.000000]  memory: 00798000 @ 000f0000 (reserved)
[    0.000000]  memory: 0f777000 @ 00888000 (usable)
[    0.000000] debug: ignoring loglevel setting.
[    0.000000] Wasting 69888 bytes for tracking 2184 unused pages
[    0.000000] Initrd not found or empty - disabling initrd
[    0.000000] Zone ranges:
[    0.000000]   DMA      [mem 0x0000000000000000-0x0000000000ffffff]
[    0.000000]   Normal   [mem 0x0000000001000000-0x000000000fffefff]
[    0.000000] Movable zone start for each node
[    0.000000] Early memory node ranges
[    0.000000]   node   0: [mem 0x0000000000000000-0x000000000fffefff]
[    0.000000] Initmem setup node 0 [mem 0x0000000000000000-0x000000000fffefff]
[    0.000000] On node 0 totalpages: 65535
[    0.000000] free_area_init_node: node 0, pgdat 8081d5b0, node_mem_map 81000000
[    0.000000]   DMA zone: 32 pages used for memmap
[    0.000000]   DMA zone: 0 pages reserved
[    0.000000]   DMA zone: 4096 pages, LIFO batch:0
[    0.000000]   Normal zone: 480 pages used for memmap
[    0.000000]   Normal zone: 61439 pages, LIFO batch:15
[    0.000000] Primary instruction cache 2kB, VIPT, 2-way, linesize 16 bytes.
[    0.000000] Primary data cache 2kB, 2-way, VIPT, no aliases, linesize 16 bytes
[    0.000000] pcpu-alloc: s0 r0 d32768 u32768 alloc=1*32768
[    0.000000] pcpu-alloc: [0] 0 
[    0.000000] Built 1 zonelists in Zone order, mobility grouping on.  Total pages: 65023
[    0.000000] Kernel command line: root=/dev/sda1 console=ttyS0 nandsim.parts=64,64,64,64,64,64,64,64,64,64 rdinit=/firmadyne/preInit.sh rw debug ignore_loglevel print-fatal-signals=1 FIRMAE_NET=true FIRMAE_NVRAM=true FIRMAE_KERNEL=true FIRMAE_ETC=true user_debug=0 firmadyne.syscall=1 noka
[    0.000000] found FIRMAE_KERNEL=t
[    0.000000] set the LD_PRELOAD=/firmadyne/libnvram_ioctl.so
[    0.000000] PID hash table entries: 1024 (order: 0, 4096 bytes)
[    0.000000] Dentry cache hash table entries: 32768 (order: 5, 131072 bytes)
[    0.000000] Inode-cache hash table entries: 16384 (order: 4, 65536 bytes)
[    0.000000] Writing ErrCtl register=00000000
[    0.000000] Readback ErrCtl register=00000000
[    0.000000] Memory: 251112K/262140K available (5360K kernel code, 244K rwdata, 1676K rodata, 260K init, 158K bss, 11028K reserved, 0K cma-reserved)
[    0.000000] NR_IRQS:256
[    0.000000] CPU frequency 200.01 MHz
[    0.000000] clocksource MIPS: mask: 0xffffffff max_cycles: 0xffffffff, max_idle_ns: 19111920067 ns
[    0.000211] sched_clock: 32 bits at 100MHz, resolution 9ns, wraps every 21474067451ns
[    0.016032] Console: colour dummy device 80x25
[    0.017175] Calibrating delay loop... 24.22 BogoMIPS (lpj=48448)
[    0.069114] pid_max: default: 32768 minimum: 301
[    0.073705] Mount-cache hash table entries: 1024 (order: 0, 4096 bytes)
[    0.074222] Mountpoint-cache hash table entries: 1024 (order: 0, 4096 bytes)
[    0.141784] clocksource jiffies: mask: 0xffffffff max_cycles: 0xffffffff, max_idle_ns: 7645041785100000 ns
[    0.153141] NET: Registered protocol family 16
[    0.452243] clocksource pit: mask: 0xffffffff max_cycles: 0xffffffff, max_idle_ns: 1601818034827 ns
[    0.613363] vgaarb: loaded
[    0.619424] SCSI subsystem initialized
[    0.622055] libata version 3.00 loaded.
[    0.626755] usbcore: registered new interface driver usbfs
[    0.628238] usbcore: registered new interface driver hub
[    0.629598] usbcore: registered new device driver usb
[    0.632413] pps_core: LinuxPPS API ver. 1 registered
[    0.633007] pps_core: Software ver. 5.3.6 - Copyright 2005-2007 Rodolfo Giometti <giometti@linux.it>
[    0.634044] PTP clock support registered
[    0.638986] PCI host bridge to bus 0000:00
[    0.639753] pci_bus 0000:00: root bus resource [mem 0x10000000-0x17ffffff]
[    0.640397] pci_bus 0000:00: root bus resource [io  0x1000-0x1fffff]
[    0.641047] pci_bus 0000:00: root bus resource [??? 0x00000000 flags 0x0]
[    0.641809] pci_bus 0000:00: No busn resource found for root bus, will use [bus 00-ff]
[    0.643186] pci 0000:00:00.0: [11ab:4620] type 00 class 0x060000
[    0.644211] pci 0000:00:00.0: [Firmware Bug]: reg 0x14: invalid BAR (can't size)
[    0.644832] pci 0000:00:00.0: [Firmware Bug]: reg 0x18: invalid BAR (can't size)
[    0.645623] pci 0000:00:00.0: [Firmware Bug]: reg 0x1c: invalid BAR (can't size)
[    0.646235] pci 0000:00:00.0: [Firmware Bug]: reg 0x20: invalid BAR (can't size)
[    0.646864] pci 0000:00:00.0: [Firmware Bug]: reg 0x24: invalid BAR (can't size)
[    0.651135] pci 0000:00:0a.0: [8086:7110] type 00 class 0x060100
[    0.654933] pci 0000:00:0a.1: [8086:7111] type 00 class 0x010180
[    0.655773] pci 0000:00:0a.1: reg 0x20: [io  0x0000-0x000f]
[    0.656418] pci 0000:00:0a.1: legacy IDE quirk: reg 0x10: [io  0x01f0-0x01f7]
[    0.657023] pci 0000:00:0a.1: legacy IDE quirk: reg 0x14: [io  0x03f6]
[    0.657618] pci 0000:00:0a.1: legacy IDE quirk: reg 0x18: [io  0x0170-0x0177]
[    0.658437] pci 0000:00:0a.1: legacy IDE quirk: reg 0x1c: [io  0x0376]
[    0.661867] pci 0000:00:0a.2: [8086:7112] type 00 class 0x0c0300
[    0.662754] pci 0000:00:0a.2: reg 0x20: [io  0x0000-0x001f]
[    0.666074] pci 0000:00:0a.3: [8086:7113] type 00 class 0x068000
[    0.667692] pci 0000:00:0a.3: quirk: [io  0x1000-0x103f] claimed by PIIX4 ACPI
[    0.668391] pci 0000:00:0a.3: quirk: [io  0x1100-0x110f] claimed by PIIX4 SMB
[    0.671981] pci 0000:00:12.0: [1013:00b8] type 00 class 0x030000
[    0.672612] pci 0000:00:12.0: reg 0x10: [mem 0x00000000-0x01ffffff pref]
[    0.673204] pci 0000:00:12.0: reg 0x14: [mem 0x00000000-0x00000fff]
[    0.673861] pci 0000:00:12.0: reg 0x30: [mem 0x00000000-0x0000ffff pref]
[    0.676874] vgaarb: device added: PCI:0000:00:12.0,decodes=io+mem,owns=none,locks=none
[    0.678186] pci 0000:00:13.0: [8086:100e] type 00 class 0x020000
[    0.678844] pci 0000:00:13.0: reg 0x10: [mem 0x00000000-0x0001ffff]
[    0.679602] pci 0000:00:13.0: reg 0x14: [io  0x0000-0x003f]
[    0.680262] pci 0000:00:13.0: reg 0x30: [mem 0x00000000-0x0003ffff pref]
[    0.683638] pci 0000:00:14.0: [8086:100e] type 00 class 0x020000
[    0.684251] pci 0000:00:14.0: reg 0x10: [mem 0x00000000-0x0001ffff]
[    0.684816] pci 0000:00:14.0: reg 0x14: [io  0x0000-0x003f]
[    0.685438] pci 0000:00:14.0: reg 0x30: [mem 0x00000000-0x0003ffff pref]
[    0.688980] pci 0000:00:15.0: [8086:100e] type 00 class 0x020000
[    0.689659] pci 0000:00:15.0: reg 0x10: [mem 0x00000000-0x0001ffff]
[    0.690250] pci 0000:00:15.0: reg 0x14: [io  0x0000-0x003f]
[    0.690904] pci 0000:00:15.0: reg 0x30: [mem 0x00000000-0x0003ffff pref]
[    0.694283] pci 0000:00:16.0: [8086:100e] type 00 class 0x020000
[    0.694897] pci 0000:00:16.0: reg 0x10: [mem 0x00000000-0x0001ffff]
[    0.695538] pci 0000:00:16.0: reg 0x14: [io  0x0000-0x003f]
[    0.696344] pci 0000:00:16.0: reg 0x30: [mem 0x00000000-0x0003ffff pref]
[    0.700022] pci_bus 0000:00: busn_res: [bus 00-ff] end is updated to 00
[    0.701623] pci 0000:00:12.0: BAR 0: assigned [mem 0x10000000-0x11ffffff pref]
[    0.702422] pci 0000:00:13.0: BAR 6: assigned [mem 0x12000000-0x1203ffff pref]
[    0.703109] pci 0000:00:14.0: BAR 6: assigned [mem 0x12040000-0x1207ffff pref]
[    0.703828] pci 0000:00:15.0: BAR 6: assigned [mem 0x12080000-0x120bffff pref]
[    0.704661] pci 0000:00:16.0: BAR 6: assigned [mem 0x120c0000-0x120fffff pref]
[    0.705328] pci 0000:00:13.0: BAR 0: assigned [mem 0x12100000-0x1211ffff]
[    0.705991] pci 0000:00:14.0: BAR 0: assigned [mem 0x12120000-0x1213ffff]
[    0.706652] pci 0000:00:15.0: BAR 0: assigned [mem 0x12140000-0x1215ffff]
[    0.707324] pci 0000:00:16.0: BAR 0: assigned [mem 0x12160000-0x1217ffff]
[    0.708034] pci 0000:00:12.0: BAR 6: assigned [mem 0x12180000-0x1218ffff pref]
[    0.708863] pci 0000:00:12.0: BAR 1: assigned [mem 0x12190000-0x12190fff]
[    0.709530] pci 0000:00:13.0: BAR 1: assigned [io  0x1040-0x107f]
[    0.710135] pci 0000:00:14.0: BAR 1: assigned [io  0x1080-0x10bf]
[    0.710747] pci 0000:00:15.0: BAR 1: assigned [io  0x10c0-0x10ff]
[    0.711331] pci 0000:00:16.0: BAR 1: assigned [io  0x1400-0x143f]
[    0.711915] pci 0000:00:0a.2: BAR 4: assigned [io  0x1440-0x145f]
[    0.712689] pci 0000:00:0a.1: BAR 4: assigned [io  0x1460-0x146f]
[    0.731054] cfg80211: Calling CRDA to update world regulatory domain
[    0.745592] Switched to clocksource MIPS
[    0.867816] NET: Registered protocol family 2
[    0.880838] TCP established hash table entries: 2048 (order: 1, 8192 bytes)
[    0.882240] TCP bind hash table entries: 2048 (order: 1, 8192 bytes)
[    0.883453] TCP: Hash tables configured (established 2048 bind 2048)
[    0.884620] UDP hash table entries: 256 (order: 0, 4096 bytes)
[    0.885420] UDP-Lite hash table entries: 256 (order: 0, 4096 bytes)
[    0.889922] NET: Registered protocol family 1
[    0.891714] PCI: Enabling device 0000:00:0a.2 (0000 -> 0001)
[    0.893405] PCI: CLS 0 bytes, default 16
[    0.928696] futex hash table entries: 256 (order: -1, 3072 bytes)
[    0.947578] squashfs: version 4.0 (2009/01/31) Phillip Lougher
[    0.950586] jffs2: version 2.2. (NAND) Â© 2001-2006 Red Hat, Inc.
[    0.954534] romfs: ROMFS MTD (C) 2007 Red Hat, Inc.
[    0.984785] Block layer SCSI generic (bsg) driver version 0.4 loaded (major 251)
[    0.987402] io scheduler noop registered
[    0.989996] io scheduler cfq registered (default)
[    0.992280] firmadyne: devfs: 1, execute: 1, procfs: 1, syscall: 1
[    0.999249] firmadyne: Cannot register character device: gpio, 0xfc, 0x0!
[    1.008727] firmadyne: Cannot register character device: watchdog, 0xa, 0x82!
[    1.009255] firmadyne: Cannot register character device: wdt, 0xfd, 0x0!
[    2.934739] strName = 4.1.17+
[    2.934739] init_task_addr  = 2155778944
[    2.934739] init_task_size  = 1296
[    2.934739] ts_tasks        = 292
[    2.934739] ts_pid          = 408
[    2.934739] ts_tgid         = 412
[    2.934739] ts_group_leader = 440
[    2.934739] ts_thread_group = 496
[    2.934739] ts_real_parent  = 416
[    2.934739] ts_mm           = 300
[    2.934739] ts_stack        = 4
[    2.937135] module_name   = 12
[    2.937135] module_size   = 208
[    2.937135] module_init   = 200
[    2.937135] module_list   = 4
[    2.938358] ts_real_cred    = 624
[    2.938358] ts_cred         = 628
[    2.938358] ts_comm         = 632
[    2.938358] cred_uid        = 4
[    2.938358] cred_gid        = 8
[    2.938358] cred_euid       = 20
[    2.938358] cred_egid       = 24
[    2.940030] mm_mmap         = 0
[    2.940030] mm_pgd          = 32
[    2.940030] mm_arg_start    = 136
[    2.940030] mm_start_brk    = 124
[    2.940030] mm_brk          = 128
[    2.940030] mm_start_stack  = 132
[    2.941665] vma_vm_start    = 0
[    2.941665] vma_vm_end      = 4
[    2.941665] vma_vm_next     = 8
[    2.941665] vma_vm_file     = 80
[    2.941665] vma_vm_flags    = 40
[    2.941665] vma_vm_pgoff    = 76
[    2.943128] file_dentry     = 12
[    2.943128] file_inode      = 40
[    2.943128] dentry_d_name   = 24
[    2.943128] dentry_d_iname  = 44
[    2.943128] dentry_d_parent = 16
[    2.943128] ti_task         = 0
[    2.943128] inode_ino   = 28
[    4.152403] proc_fork_connector  = 2151078840
[    4.152777] proc_exit_connector  = 2151080432
[    4.153112] proc_exec_connector  = 2151079052
[    4.153609] vma_link  = 2149124372
[    4.153927] vma_adjust  = 2149124540
[    4.154234] remove_vma  = 2149122188
[    4.154543] modules  = 2155833724
[    4.154843] trim_init_extable  = 2150545316
[    4.156239] cfg80211: Calling CRDA to update world regulatory domain
[    4.160069] PCI: Enabling device 0000:00:12.0 (0000 -> 0002)
[    4.161740] cirrusfb 0000:00:12.0: Cirrus Logic chipset on PCI bus, RAM (4096 kB) at 0x10000000
[    4.410165] Console: switching to colour frame buffer device 80x30
[    4.485404] Serial: 8250/16550 driver, 4 ports, IRQ sharing enabled
[    4.501176] console [ttyS0] disabled
[    4.528281] serial8250.0: ttyS0 at I/O 0x3f8 (irq = 4, base_baud = 115200) is a 16550A
[    4.529673] console [ttyS0] enabled
[    4.529673] console [ttyS0] enabled
[    4.530306] bootconsole [uart0] disabled
[    4.530306] bootconsole [uart0] disabled
[    4.560697] serial8250.0: ttyS1 at I/O 0x2f8 (irq = 3, base_baud = 115200) is a 16550A
[    4.695552] brd: module loaded
[    4.766300] loop: module loaded
[    4.773783] ata_piix 0000:00:0a.1: version 2.13
[    4.774390] PCI: Enabling device 0000:00:0a.1 (0000 -> 0001)
[    4.803431] scsi host0: ata_piix
[    4.810167] scsi host1: ata_piix
[    4.814678] ata1: PATA max UDMA/33 cmd 0x1f0 ctl 0x3f6 bmdma 0x1460 irq 14
[    4.815247] ata2: PATA max UDMA/33 cmd 0x170 ctl 0x376 bmdma 0x1468 irq 15
[    4.822927] [nandsim] warning: read_byte: unexpected data output cycle, state is STATE_READY return 0x0
[    4.823614] [nandsim] warning: read_byte: unexpected data output cycle, state is STATE_READY return 0x0
[    4.824259] [nandsim] warning: read_byte: unexpected data output cycle, state is STATE_READY return 0x0
[    4.824911] [nandsim] warning: read_byte: unexpected data output cycle, state is STATE_READY return 0x0
[    4.825753] [nandsim] warning: read_byte: unexpected data output cycle, state is STATE_READY return 0x0
[    4.826424] [nandsim] warning: read_byte: unexpected data output cycle, state is STATE_READY return 0x0
[    4.827275] nand: device found, Manufacturer ID: 0x98, Chip ID: 0x39
[    4.827745] nand: Toshiba NAND 128MiB 1,8V 8-bit
[    4.828179] nand: 128 MiB, SLC, erase size: 16 KiB, page size: 512, OOB size: 16
[    4.830181] flash size: 128 MiB
[    4.830502] page size: 512 bytes
[    4.830784] OOB area size: 16 bytes
[    4.831075] sector size: 16 KiB
[    4.831347] pages number: 262144
[    4.831630] pages per sector: 32
[    4.831904] bus width: 8
[    4.832149] bits in sector size: 14
[    4.832442] bits in page size: 9
[    4.832724] bits in OOB size: 4
[    4.833007] flash size with OOB: 135168 KiB
[    4.833342] page address bytes: 4
[    4.833808] sector address bytes: 3
[    4.834114] options: 0x42
[    4.928321] Scanning device for bad blocks
[    6.317963] ata1.01: NODEV after polling detection
[    6.319014] ata2.01: NODEV after polling detection
[    6.321200] ata2.00: ATAPI: QEMU DVD-ROM, 2.5+, max UDMA/100
[    6.324176] ata1.00: ATA-7: QEMU HARDDISK, 2.5+, max UDMA/100
[    6.324741] ata1.00: 2097152 sectors, multi 16: LBA48 
[    6.331254] ata2.00: configured for UDMA/33
[    6.333959] ata1.00: configured for UDMA/33
[    6.343571] scsi 0:0:0:0: Direct-Access     ATA      QEMU HARDDISK    2.5+ PQ: 0 ANSI: 5
[    6.361120] sd 0:0:0:0: [sda] 2097152 512-byte logical blocks: (1.07 GB/1.00 GiB)
[    6.363146] scsi 1:0:0:0: CD-ROM            QEMU     QEMU DVD-ROM     2.5+ PQ: 0 ANSI: 5
[    6.378649] sd 0:0:0:0: [sda] Write Protect is off
[    6.379263] sd 0:0:0:0: [sda] Mode Sense: 00 3a 00 00
[    6.381050] sd 0:0:0:0: [sda] Write cache: enabled, read cache: enabled, doesn't support DPO or FUA
[    6.393860]  sda: sda1
[    6.408225] sd 0:0:0:0: [sda] Attached SCSI disk
[    6.408847] Creating 11 MTD partitions on "NAND 128MiB 1,8V 8-bit":
[    6.409772] 0x000000000000-0x000000100000 : "NAND simulator partition 0"
[    6.422574] 0x000000100000-0x000000200000 : "NAND simulator partition 1"
[    6.435229] 0x000000200000-0x000000300000 : "NAND simulator partition 2"
[    6.447908] 0x000000300000-0x000000400000 : "NAND simulator partition 3"
[    6.459998] 0x000000400000-0x000000500000 : "NAND simulator partition 4"
[    6.472894] 0x000000500000-0x000000600000 : "NAND simulator partition 5"
[    6.486251] 0x000000600000-0x000000700000 : "NAND simulator partition 6"
[    6.499143] 0x000000700000-0x000000800000 : "NAND simulator partition 7"
[    6.511738] 0x000000800000-0x000000900000 : "NAND simulator partition 8"
[    6.523709] 0x000000900000-0x000000a00000 : "NAND simulator partition 9"
[    6.535708] 0x000000a00000-0x000008000000 : "NAND simulator partition 10"
[    6.587726] tun: Universal TUN/TAP device driver, 1.6
[    6.588132] tun: (C) 1999-2004 Max Krasnyansky <maxk@qualcomm.com>
[    6.592234] pcnet32: pcnet32.c:v1.35 21.Apr.2008 tsbogend@alpha.franken.de
[    6.593935] e1000: Intel(R) PRO/1000 Network Driver - version 7.3.21-k8-NAPI
[    6.594461] e1000: Copyright (c) 1999-2006 Intel Corporation.
[    6.595567] PCI: Enabling device 0000:00:13.0 (0000 -> 0003)
[    6.943692] e1000 0000:00:13.0 eth0: (PCI:33MHz:32-bit) 52:54:00:12:34:56
[    6.944524] e1000 0000:00:13.0 eth0: Intel(R) PRO/1000 Network Connection
[    6.945578] PCI: Enabling device 0000:00:14.0 (0000 -> 0003)
[    7.287233] e1000 0000:00:14.0 eth1: (PCI:33MHz:32-bit) 52:54:00:12:34:57
[    7.287906] e1000 0000:00:14.0 eth1: Intel(R) PRO/1000 Network Connection
[    7.288773] PCI: Enabling device 0000:00:15.0 (0000 -> 0003)
[    7.298701] cfg80211: Calling CRDA to update world regulatory domain
[    7.630351] e1000 0000:00:15.0 eth2: (PCI:33MHz:32-bit) 52:54:00:12:34:58
[    7.630996] e1000 0000:00:15.0 eth2: Intel(R) PRO/1000 Network Connection
[    7.631837] PCI: Enabling device 0000:00:16.0 (0000 -> 0003)
[    7.972641] e1000 0000:00:16.0 eth3: (PCI:33MHz:32-bit) 52:54:00:12:34:59
[    7.973655] e1000 0000:00:16.0 eth3: Intel(R) PRO/1000 Network Connection
[    7.975414] e1000e: Intel(R) PRO/1000 Network Driver - 2.3.2-k
[    7.975852] e1000e: Copyright(c) 1999 - 2014 Intel Corporation.
[    7.981552] PPP generic driver version 2.4.2
[    7.984179] PPP Deflate Compression module registered
[    7.984945] PPP MPPE Compression module registered
[    7.985638] NET: Registered protocol family 24
[    7.986541] ehci_hcd: USB 2.0 'Enhanced' Host Controller (EHCI) Driver
[    7.987165] ehci-pci: EHCI PCI platform driver
[    7.988621] ohci_hcd: USB 1.1 'Open' Host Controller (OHCI) Driver
[    7.989213] ohci-pci: OHCI PCI platform driver
[    7.990842] uhci_hcd: USB Universal Host Controller Interface driver
[    7.992782] uhci_hcd 0000:00:0a.2: UHCI Host Controller
[    7.993962] uhci_hcd 0000:00:0a.2: new USB bus registered, assigned bus number 1
[    7.995306] uhci_hcd 0000:00:0a.2: irq 11, io base 0x00001440
[    8.010682] hub 1-0:1.0: USB hub found
[    8.011672] hub 1-0:1.0: 2 ports detected
[    8.023888] usbcore: registered new interface driver usb-storage
[    8.029147] mousedev: PS/2 mouse device common for all mice
[    8.037045] rtc_cmos rtc_cmos: rtc core: registered rtc_cmos as rtc0
[    8.038136] rtc_cmos rtc_cmos: alarms up to one day, 242 bytes nvram
[    8.039957] i2c /dev entries driver
[    8.041653] piix4_smbus 0000:00:0a.3: SMBus Host Controller at 0x1100, revision 0
[    8.047496] sdhci: Secure Digital Host Controller Interface driver
[    8.047954] sdhci: Copyright(c) Pierre Ossman
[    8.051066] hidraw: raw HID events driver (C) Jiri Kosina
[    8.074534] usbcore: registered new interface driver usbhid
[    8.074972] usbhid: USB HID core driver
[    8.076380] Netfilter messages via NETLINK v0.30.
[    8.078273] nf_conntrack version 0.5.0 (3923 buckets, 15692 max)
[    8.082655] ctnetlink v0.93: registering with nfnetlink.
[    8.091373] ipip: IPv4 over IPv4 tunneling driver
[    8.107531] ip_tables: (C) 2000-2006 Netfilter Core Team
[    8.111115] arp_tables: (C) 2002 David S. Miller
[    8.113610] Initializing XFRM netlink socket
[    8.115085] NET: Registered protocol family 10
[    8.142168] ip6_tables: (C) 2000-2006 Netfilter Core Team
[    8.146816] sit: IPv6 over IPv4 tunneling driver
[    8.168127] NET: Registered protocol family 17
[    8.169251] bridge: automatic filtering via arp/ip/ip6tables has been deprecated. Update your scripts to load br_netfilter if you need this.
[    8.170878] Bridge firewalling registered
[    8.171409] Ebtables v2.0 registered
[    8.175186] 8021q: 802.1Q VLAN Support v1.8
[    8.202319] rtc_cmos rtc_cmos: setting system clock to 2025-07-23 02:24:06 UTC (1753237446)
[    8.228820] EXT2-fs (sda1): warning: mounting unchecked fs, running e2fsck is recommended
[    8.231579] VFS: Mounted root (ext2 filesystem) on device 8:1.
[    8.243270] Freeing YAMON memory: 956k freed
[    8.256802] Freeing unused kernel memory: 260K (8081f000 - 80860000)
[    8.301146] firmadyne: sys_reboot[PID: 48 (init)]: magic1:fee1dead, magic2:28121969, cmd:0
init started:  BusyBox v1.00 (2007.12.04-12:53+0000) multi-call binary[    8.326213] spurious 8259A interrupt: IRQ7.

Starting pid 50, console /dev/tts/0: '/etc/init.d/rcS'
[    8.464807] firmadyne: do_execve: /firmadyne/console
[    8.465776] OFFSETS: offset of pid: 0x198 offset of comm: 0x278
[/etc/init.d/S03config.sh]
Mounting proc and var ...
[    9.167127] firmadyne: sys_socket[PID: 71 (wps)]: family:1, type:1, protocol:0
[    9.180861] firmadyne: sys_socket[PID: 71 (wps)]: family:1, type:1, protocol:0
[    9.195769] random: wps urandom read with 91 bits of entropy available
[    9.220946] firmadyne: sys_socket[PID: 71 (wps)]: family:1, type:1, protocol:0
[   10.236451] firmadyne: sys_socket[PID: 71 (wps)]: family:1, type:1, protocol:0
[   10.443661] cfg80211: Calling CRDA to update world regulatory domain
[   11.255940] firmadyne: sys_socket[PID: 71 (wps)]: family:1, type:1, protocol:0
[   12.280952] firmadyne: sys_socket[PID: 71 (wps)]: family:1, type:1, protocol:0
[   12.295427] firmadyne: sys_socket[PID: 71 (wps)]: family:1, type:1, protocol:0
Start xmldb ...
[   12.521216] firmadyne: sys_socket[PID: 74 (xmldb)]: family:1, type:2, protocol:0
[/etc/scripts/misc/profile.sh] get ...
[   13.589830] cfg80211: Calling CRDA to update world regulatory domain
Can't get config from nvram, generate default!
[/etc/scripts/misc/profile.sh] reset ...
[   14.151065] firmadyne: sys_socket[PID: 92 (rgdb)]: family:1, type:2, protocol:0
[   14.219880] random: nonblocking pool is initialized
[/etc/scripts/misc/defnodes.sh] ...
[/etc/defnodes/S10setext.sh] ...
[   14.519543] firmadyne: sys_socket[PID: 100 (xmldbc)]: family:1, type:2, protocol:0
[   14.586735] firmadyne: sys_socket[PID: 101 (xmldbc)]: family:1, type:2, protocol:0
[   14.649954] firmadyne: sys_socket[PID: 102 (xmldbc)]: family:1, type:2, protocol:0
[   14.712343] firmadyne: sys_socket[PID: 103 (xmldbc)]: family:1, type:2, protocol:0
[   14.776221] firmadyne: sys_socket[PID: 104 (xmldbc)]: family:1, type:2, protocol:0
[   14.839400] firmadyne: sys_socket[PID: 105 (xmldbc)]: family:1, type:2, protocol:0
[   14.901953] firmadyne: sys_socket[PID: 106 (xmldbc)]: family:1, type:2, protocol:0
[   14.962916] firmadyne: sys_socket[PID: 107 (xmldbc)]: family:1, type:2, protocol:0
[   15.027305] firmadyne: sys_socket[PID: 108 (xmldbc)]: family:1, type:2, protocol:0
[   15.088465] firmadyne: sys_socket[PID: 109 (xmldbc)]: family:1, type:2, protocol:0
[   15.150342] firmadyne: sys_socket[PID: 110 (xmldbc)]: family:1, type:2, protocol:0
[   15.216972] firmadyne: sys_socket[PID: 111 (xmldbc)]: family:1, type:2, protocol:0
[   15.278950] firmadyne: sys_socket[PID: 112 (xmldbc)]: family:1, type:2, protocol:0
[   15.342916] firmadyne: sys_socket[PID: 113 (xmldbc)]: family:1, type:2, protocol:0
[   15.406686] firmadyne: sys_socket[PID: 114 (xmldbc)]: family:1, type:2, protocol:0
[   15.468653] firmadyne: sys_socket[PID: 115 (xmldbc)]: family:1, type:2, protocol:0
[   15.533021] firmadyne: sys_socket[PID: 116 (xmldbc)]: family:1, type:2, protocol:0
[   15.597339] firmadyne: sys_socket[PID: 117 (xmldbc)]: family:1, type:2, protocol:0
[   15.659909] firmadyne: sys_socket[PID: 118 (xmldbc)]: family:1, type:2, protocol:0
[   15.721998] firmadyne: sys_socket[PID: 119 (xmldbc)]: family:1, type:2, protocol:0
[   15.784844] firmadyne: sys_socket[PID: 120 (xmldbc)]: family:1, type:2, protocol:0
[   15.847211] firmadyne: sys_socket[PID: 121 (xmldbc)]: family:1, type:2, protocol:0
[   15.910734] firmadyne: sys_socket[PID: 122 (xmldbc)]: family:1, type:2, protocol:0
[   15.973810] firmadyne: sys_socket[PID: 123 (xmldbc)]: family:1, type:2, protocol:0
PHP [/etc/defnodes/S11setnodes.php] ...
[   16.096742] firmadyne: sys_socket[PID: 126 (rgdb)]: family:1, type:2, protocol:0
PHP [/etc/defnodes/S12features.php] ...
[   16.691036] firmadyne: sys_socket[PID: 137 (rgdb)]: family:1, type:2, protocol:0
[   16.733837] cfg80211: Calling CRDA to update world regulatory domain
PHP [/etc/defnodes/S13flashspeed.php] ...
[   16.825452] firmadyne: sys_socket[PID: 140 (rgdb)]: family:1, type:2, protocol:0
PHP [/etc/defnodes/S20setnodes.php] ...
[   17.059404] firmadyne: sys_socket[PID: 145 (rgdb)]: family:1, type:2, protocol:0
[   17.210515] firmadyne: sys_socket[PID: 149 (xmldbc)]: family:1, type:2, protocol:0
[   17.382472] firmadyne: sys_socket[PID: 152 (xmldbc)]: family:1, type:2, protocol:0
[   17.526653] firmadyne: sys_socket[PID: 156 (xmldbc)]: family:1, type:2, protocol:0
[   17.687433] firmadyne: sys_socket[PID: 159 (xmldbc)]: family:1, type:2, protocol:0
[   17.819304] firmadyne: sys_socket[PID: 162 (xmldbc)]: family:1, type:2, protocol:0
[   17.883348] firmadyne: sys_socket[PID: 163 (xmldbc)]: family:1, type:2, protocol:0
[   17.946882] firmadyne: sys_socket[PID: 164 (xmldbc)]: family:1, type:2, protocol:0
[   18.010947] firmadyne: sys_socket[PID: 165 (xmldbc)]: family:1, type:2, protocol:0
[   18.074528] firmadyne: sys_socket[PID: 166 (xmldbc)]: family:1, type:2, protocol:0
[   18.136568] firmadyne: sys_socket[PID: 167 (xmldbc)]: family:1, type:2, protocol:0
[   18.200634] firmadyne: sys_socket[PID: 168 (xmldbc)]: family:1, type:2, protocol:0
[   18.367397] EXT3-fs (mtdblock6): error: can't find ext3 filesystem on dev mtdblock6.
[   18.374524] EXT2-fs (mtdblock6): error: can't find an ext2 filesystem on dev mtdblock6.
[   18.382048] EXT4-fs (mtdblock6): VFS: Can't find ext4 filesystem
[   18.396630] cramfs: wrong magic
[   18.403597] squashfs: SQUASHFS error: Can't find a SQUASHFS superblock on mtdblock6
[   18.411095] FAT-fs (mtdblock6): bogus logical sector size 65535
[   18.411775] FAT-fs (mtdblock6): Can't find a valid FAT filesystem
[   18.423615] romfs: VFS: Can't find a romfs filesystem on dev mtdblock6.
[   18.431024] UDF-fs: warning (device mtdblock6): udf_load_vrs: No VRS found
[   18.431849] UDF-fs: warning (device mtdblock6): udf_fill_super: No partition found (2)
mount: Mounting /dev/mtdblock/6 on /www/locale/alt failed: Invalid argument
[   18.578154] firmadyne: sys_socket[PID: 177 (xmldbc)]: family:1, type:2, protocol:0
[   18.791125] firmadyne: sys_socket[PID: 184 (xmldbc)]: family:1, type:2, protocol:0
[   18.920244] firmadyne: sys_socket[PID: 187 (xmldbc)]: family:1, type:2, protocol:0
[   18.983784] firmadyne: sys_socket[PID: 188 (xmldbc)]: family:1, type:2, protocol:0
PHP [/etc/defnodes/S40brand.php] ...
[   19.099146] firmadyne: sys_socket[PID: 191 (rgdb)]: family:1, type:2, protocol:0
[/etc/scripts/misc/defnodes.sh] Done !!
[/etc/scripts/misc/profile.sh] put ...
[   19.518506] firmadyne: sys_socket[PID: 200 (rgdb)]: family:1, type:2, protocol:0
[   19.877902] cfg80211: Calling CRDA to update world regulatory domain
ok
[/etc/templates/timezone.sh] ...
[   20.084351] firmadyne: sys_socket[PID: 209 (rgdb)]: family:1, type:2, protocol:0
[   20.294078] firmadyne: sys_socket[PID: 214 (rgdb)]: family:1, type:2, protocol:0
[   20.989897] firmadyne: sys_socket[PID: 218 (rgdb)]: family:1, type:2, protocol:0
[   21.082847] firmadyne: sys_socket[PID: 220 (rgdb)]: family:1, type:2, protocol:0
[   21.171705] firmadyne: sys_socket[PID: 222 (rgdb)]: family:1, type:2, protocol:0
[/etc/templates/logs.sh] ...
[   21.396513] firmadyne: sys_socket[PID: 228 (rgdb)]: family:1, type:2, protocol:0
[   21.502666] firmadyne: sys_socket[PID: 230 (rgdb)]: family:1, type:2, protocol:0
[/var/run/logs_run.sh] ...
[   21.852871] firmadyne: sys_socket[PID: 234 (syslogd)]: family:1, type:1, protocol:0
Inserting modules ...
Using /lib/modules/wlan.o
insmod: Not configured to support old kernels
Using /lib/modules/wlan_xauth.o
insmod: Not configured to support old kernels
Using /lib/modules/wlan_wep.o
insmod: Not configured to support old kernels
Using /lib/modules/wlan_tkip.o
insmod: Not configured to support old kernels
Using /lib/modules/wlan_scan_sta.o
insmod: Not configured to support old kernels
Using /lib/modules/wlan_scan_ap.o
insmod: Not configured to support old kernels
Using /lib/modules/wlan_ccmp.o
insmod: Not configured to support old kernels
Using /lib/modules/wlan_acl.o
insmod: Not configured to support old kernels
Using /lib/modules/ath_hal.o
insmod: Not configured to support old kernels
Using /lib/modules/ath_rate_atheros.o
insmod: Not configured to support old kernels
Using /lib/modules/ath_dfs.o
insmod: Not configured to support old kernels
[   22.649218] firmadyne: sys_socket[PID: 253 (rgdb)]: family:1, type:2, protocol:0
The countrycode is 840.
Using /lib/modules/ath_ahb.o
insmod: Not configured to support old kernels
[   22.985879] firmadyne: sys_socket[PID: 260 (wlanconfig)]: family:2, type:1, protocol:0
wlanconfig: ioctl: No such device
[   23.021953] cfg80211: Calling CRDA to update world regulatory domain
[   23.179371] firmadyne: sys_socket[PID: 268 (ifconfig)]: family:2, type:1, protocol:0
SIOCSIFHWADDR: No such device
Using /lib/modules/ar231x_access.o
insmod: Not configured to support old kernels
[   23.407648] firmadyne: sys_socket[PID: 277 (ifconfig)]: family:2, type:1, protocol:0
[   23.425396] IPv6: ADDRCONF(NETDEV_UP): eth0: link is not ready
[   23.426324] 8021q: adding VLAN 0 to HW filter on device eth0
[   23.432035] e1000: eth0 NIC Link is Up 1000 Mbps Full Duplex, Flow Control: RX
[   23.436828] IPv6: ADDRCONF(NETDEV_CHANGE): eth0: link becomes ready
[   23.505129] firmadyne: sys_socket[PID: 278 (rgdb)]: family:1, type:2, protocol:0
[   23.592189] firmadyne: sys_socket[PID: 280 (rgdb)]: family:1, type:2, protocol:0
[   23.703805] firmadyne: sys_socket[PID: 282 (rgdb)]: family:1, type:2, protocol:0
[   23.792631] firmadyne: sys_socket[PID: 284 (vconfig)]: family:2, type:2, protocol:0
Set name-type for VLAN subsystem. Should be visible in /proc/net/vlan/config
[   23.855061] firmadyne: sys_socket[PID: 285 (vconfig)]: family:2, type:2, protocol:0
[   23.856678] firmadyne: register_vlan_dev[PID: 285 (vconfig)]: dev:eth0.0 vlan_id:0
[   23.934404] firmadyne: sys_socket[PID: 286 (vconfig)]: family:2, type:2, protocol:0
[   23.935867] firmadyne: register_vlan_dev[PID: 286 (vconfig)]: dev:eth0.2 vlan_id:2
[   24.014992] firmadyne: sys_socket[PID: 287 (brctl)]: family:2, type:2, protocol:0
[   24.093405] firmadyne: sys_socket[PID: 288 (brctl)]: family:2, type:2, protocol:0
[   24.097796] firmadyne: sys_socket[PID: 288 (brctl)]: family:10, type:1, protocol:0
[   24.155640] firmadyne: sys_socket[PID: 289 (brctl)]: family:2, type:2, protocol:0
[   24.161287] firmadyne: sys_socket[PID: 289 (brctl)]: family:10, type:1, protocol:0
[   24.194182] firmadyne: sys_socket[PID: 290 (ifconfig)]: family:2, type:1, protocol:0
[   24.196359] firmadyne: __inet_insert_ifa[PID: 290 (ifconfig)]: device:br0 ifa:0x00000000
[/etc/templates/webs.sh] start ...
[   24.380300] firmadyne: sys_socket[PID: 294 (rgdb)]: family:1, type:2, protocol:0
[   24.522635] firmadyne: sys_socket[PID: 295 (rgdb)]: family:1, type:2, protocol:0
[/var/run/webs_start.sh] ...
Starting HTTPD ...
[/etc/init.d/S03config.sh] done!
[/etc/init.d/S10system.sh]
[   24.932720] firmadyne: sys_socket[PID: 304 (rgdb)]: family:1, type:2, protocol:0
start scheduled ...
[/etc/templates/scheduled.sh] start ...
[   25.308773] firmadyne: sys_socket[PID: 309 (rgdb)]: family:1, type:2, protocol:0
[   25.395589] firmadyne: sys_socket[PID: 312 (route)]: family:2, type:1, protocol:0
[   25.581418] firmadyne: sys_socket[PID: 313 (httpd)]: family:2, type:2, protocol:0
[   25.587647] firmadyne: sys_setsockopt[PID: 313 (httpd)]: fd:4, level:65535, optname:4
[   25.589128] firmadyne: sys_setsockopt[PID: 313 (httpd)]: fd:4, level:65535, optname:25
[   25.598037] firmadyne: inet_bind[PID: 313 (httpd)]: proto:SOCK_STREAM, port:49152
[   25.599928] firmadyne: sys_socket[PID: 313 (httpd)]: family:2, type:1, protocol:0
[   25.601020] firmadyne: sys_setsockopt[PID: 313 (httpd)]: fd:5, level:65535, optname:4
[   25.608213] firmadyne: sys_socket[PID: 315 (xmldbc)]: family:1, type:2, protocol:0
[   25.611631] firmadyne: sys_setsockopt[PID: 313 (httpd)]: fd:5, level:65535, optname:25
[   25.612678] firmadyne: inet_bind[PID: 313 (httpd)]: proto:SOCK_DGRAM, port:1900
[   25.615948] firmadyne: sys_setsockopt[PID: 313 (httpd)]: fd:5, level:0, optname:35
[   25.622831] firmadyne: sys_socket[PID: 313 (httpd)]: family:2, type:2, protocol:0
[   25.623955] firmadyne: sys_setsockopt[PID: 313 (httpd)]: fd:6, level:65535, optname:4
[   25.624967] firmadyne: sys_setsockopt[PID: 313 (httpd)]: fd:6, level:65535, optname:25
[   25.641867] firmadyne: inet_bind[PID: 313 (httpd)]: proto:SOCK_STREAM, port:80
[   25.730986] firmadyne: sys_socket[PID: 313 (httpd)]: family:1, type:1, protocol:0
[   25.758030] firmadyne: sys_socket[PID: 316 (xmldbc)]: family:1, type:2, protocol:0
[/var/run/scheduled_start.sh] ...
Start scheduled ...
setup layout ...
[   26.004088] firmadyne: sys_socket[PID: 320 (scheduled)]: family:1, type:1, protocol:0
[/etc/scripts/layout.sh] start ...
[   26.149061] firmadyne: sys_socket[PID: 325 (rgdb)]: family:1, type:2, protocol:0
[   26.166811] cfg80211: Calling CRDA to update world regulatory domain
[   26.315362] firmadyne: sys_socket[PID: 326 (rgdb)]: family:1, type:2, protocol:0
[/var/run/layout_start.sh] ...
Start router layout ...
/proc/driver/ae531x: cannot create
/proc/driver/ae531x: cannot create
/proc/driver/ae531x: cannot create
/proc/driver/ae531x: cannot create
/proc/driver/ae531x: cannot create
/proc/driver/ae531x: cannot create
/proc/driver/ae531x: cannot create
/proc/driver/ae531x: cannot create
/proc/driver/ae531x: cannot create
/proc/driver/ae531x: cannot create
[   26.663552] firmadyne: sys_socket[PID: 340 (ifconfig)]: family:2, type:1, protocol:0
[   26.690003] firmadyne: sys_socket[PID: 341 (ifconfig)]: family:2, type:1, protocol:0
[   26.747843] firmadyne: sys_socket[PID: 342 (brctl)]: family:2, type:2, protocol:0
[   26.753850] firmadyne: sys_socket[PID: 342 (brctl)]: family:10, type:1, protocol:0
[   26.756411] firmadyne: sys_socket[PID: 342 (brctl)]: family:10, type:1, protocol:0
interface ath0 does not exist!
[   26.841503] firmadyne: sys_socket[PID: 347 (brctl)]: family:2, type:2, protocol:0
[   26.847995] firmadyne: sys_socket[PID: 347 (brctl)]: family:10, type:1, protocol:0
[   26.852469] firmadyne: sys_socket[PID: 347 (brctl)]: family:10, type:1, protocol:0
[   26.856112] firmadyne: br_add_if[PID: 347 (brctl)]: br:br0 dev:eth0.0
[   26.863162] device eth0.0 entered promiscuous mode
[   26.863724] device eth0 entered promiscuous mode
[   26.867284] br0: port 1(eth0.0) entered forwarding state
[   26.868303] br0: port 1(eth0.0) entered forwarding state
[   26.925822] firmadyne: sys_socket[PID: 348 (brctl)]: family:2, type:2, protocol:0
[   26.931409] firmadyne: sys_socket[PID: 348 (brctl)]: family:10, type:1, protocol:0
[   26.936359] firmadyne: sys_socket[PID: 348 (brctl)]: family:10, type:1, protocol:0
can't find port ath0 in bridge br0
[   26.990122] firmadyne: sys_socket[PID: 353 (ifconfig)]: family:2, type:1, protocol:0
[   27.049498] firmadyne: sys_socket[PID: 354 (rgdb)]: family:1, type:2, protocol:0
start LAN ...
[/etc/templates/lan.sh] ...
[   27.273250] firmadyne: sys_socket[PID: 359 (rgdb)]: family:1, type:2, protocol:0
[   27.608595] firmadyne: sys_socket[PID: 360 (rgdb)]: family:1, type:2, protocol:0
[/var/run/lan_start.sh] ...
Start LAN (br0/192.168.0.1/255.255.255.0)...
[   27.920363] firmadyne: sys_socket[PID: 364 (ifconfig)]: family:2, type:1, protocol:0
[   27.924403] firmadyne: __inet_insert_ifa[PID: 364 (ifconfig)]: device:br0 ifa:0xc0a80001
Start DHCP server (br0) ...
[   28.159133] firmadyne: sys_socket[PID: 368 (dhcpxmlpatch)]: family:1, type:2, protocol:0
start fresetd ...
[   28.239804] firmadyne: sys_socket[PID: 367 (udhcpd)]: family:2, type:3, protocol:255
[   28.255529] firmadyne: sys_socket[PID: 367 (udhcpd)]: family:2, type:1, protocol:17
[   28.256651] firmadyne: sys_setsockopt[PID: 367 (udhcpd)]: fd:5, level:65535, optname:4
enable LAN ports ...
[   28.269886] firmadyne: sys_setsockopt[PID: 367 (udhcpd)]: fd:5, level:65535, optname:32
[   28.270901] firmadyne: sys_setsockopt[PID: 367 (udhcpd)]: fd:5, level:65535, optname:25
[   28.271942] firmadyne: inet_bind[PID: 367 (udhcpd)]: proto:SOCK_DGRAM, port:67
Factory reset time : 5 secs
WPS command : [/etc/templates/wps.sh pbc &]
/proc/driver/ae531x: cannot create
gpio_outen: can not open [/proc/ar231x/gpio_cr7] to write.
/proc/driver/ae531x: cannot create
/proc/driver/ae531x: cannot create
/proc/driver/ae531x: cannot create
[   28.440766] firmadyne: inet_accept[PID: 313 (httpd)]:
[   28.444655] firmadyne: inet_accept[PID: 313 (httpd)]:
start WLAN ...
[/etc/templates/wlan.sh] start ...
[   28.628877] firmadyne: sys_socket[PID: 383 (rgdb)]: family:1, type:2, protocol:0
[   29.304944] firmadyne: sys_socket[PID: 386 (rgdb)]: family:1, type:2, protocol:0
[   29.311557] cfg80211: Calling CRDA to update world regulatory domain
[   29.651166] firmadyne: sys_socket[PID: 387 (atp)]: family:1, type:2, protocol:0
[/var/run/wlan_start.sh] ...
Start WLAN interface ath0 ...
[   29.955784] firmadyne: sys_socket[PID: 391 (iwpriv)]: family:2, type:1, protocol:0
ath0      no private ioctls.

[   30.069121] firmadyne: sys_socket[PID: 392 (iwpriv)]: family:2, type:1, protocol:0
ath0      no private ioctls.

[   30.185488] firmadyne: sys_socket[PID: 393 (iwpriv)]: family:2, type:1, protocol:0
ath0      no private ioctls.

[   30.300494] firmadyne: sys_socket[PID: 394 (brctl)]: family:2, type:2, protocol:0
[   30.312608] firmadyne: sys_socket[PID: 394 (brctl)]: family:10, type:1, protocol:0
[   30.321535] firmadyne: sys_socket[PID: 394 (brctl)]: family:10, type:1, protocol:0
can't find port ath0 in bridge br0
[   30.494716] firmadyne: sys_socket[PID: 399 (iwpriv)]: family:2, type:1, protocol:0
ath0      no private ioctls.

[   30.601118] firmadyne: sys_socket[PID: 400 (iwpriv)]: family:2, type:1, protocol:0
ath0      no private ioctls.

[   30.752607] firmadyne: sys_socket[PID: 401 (iwpriv)]: family:2, type:1, protocol:0
ath0      no private ioctls.

[   30.819261] firmadyne: sys_socket[PID: 402 (iwpriv)]: family:2, type:1, protocol:0
ath0      no private ioctls.

[   30.875732] firmadyne: sys_socket[PID: 403 (iwpriv)]: family:2, type:1, protocol:0
ath0      no private ioctls.

[   30.931613] firmadyne: sys_socket[PID: 404 (iwconfig)]: family:2, type:1, protocol:0
Error for wireless request "Set Frequency" (8B04) :
    SET failed on device ath0 ; Invalid argument.
[   30.993432] firmadyne: sys_socket[PID: 405 (iwconfig)]: family:2, type:1, protocol:0
Error for wireless request "Set RTS Threshold" (8B22) :
    SET failed on device ath0 ; Invalid argument.
[   31.054783] firmadyne: sys_socket[PID: 406 (iwconfig)]: family:2, type:1, protocol:0
Error for wireless request "Set Fragmentation Threshold" (8B24) :
    SET failed on device ath0 ; Invalid argument.
[   31.116962] firmadyne: sys_socket[PID: 407 (iwconfig)]: family:2, type:1, protocol:0
Error for wireless request "Set Bit Rate" (8B20) :
    SET failed on device ath0 ; Invalid argument.
[   31.178292] firmadyne: sys_socket[PID: 408 (iwpriv)]: family:2, type:1, protocol:0
ath0      no private ioctls.

[   31.235531] firmadyne: sys_socket[PID: 409 (iwpriv)]: family:2, type:1, protocol:0
ath0      no private ioctls.

/proc/net/br_forward_br0: cannot create
[   31.325163] firmadyne: sys_socket[PID: 411 (iwpriv)]: family:2, type:1, protocol:0
ath0      no private ioctls.

[   31.381764] firmadyne: sys_socket[PID: 412 (iwpriv)]: family:2, type:1, protocol:0
ath0      no private ioctls.

[   31.438939] firmadyne: sys_socket[PID: 413 (iwpriv)]: family:2, type:1, protocol:0
ath0      no private ioctls.

[   31.498691] firmadyne: sys_socket[PID: 414 (iwpriv)]: family:2, type:1, protocol:0
ath0      no private ioctls.

[   31.555667] firmadyne: sys_socket[PID: 415 (iwconfig)]: family:2, type:1, protocol:0
Error for wireless request "Set ESSID" (8B1A) :
    SET failed on device ath0 ; Invalid argument.
[   31.637344] firmadyne: sys_socket[PID: 418 (ifconfig)]: family:2, type:1, protocol:0
SIOCGIFFLAGS: No such device
[   31.758175] firmadyne: sys_socket[PID: 417 (wlxmlpatch)]: family:1, type:2, protocol:0
[   31.777644] firmadyne: sys_socket[PID: 417 (wlxmlpatch)]: family:1, type:2, protocol:0
[   31.806208] firmadyne: sys_socket[PID: 417 (wlxmlpatch)]: family:2, type:1, protocol:0
madwifi_poll: ioctl_get_ssid() fail, return -1Configuration file: /var/run/hostapd.ath0.conf
 !
[   31.822504] firmadyne: sys_socket[PID: 417 (wlxmlpatch)]: family:1, type:2, protocol:0
[   31.871333] firmadyne: sys_socket[PID: 416 (hostapd)]: family:2, type:1, protocol:0
[   31.927374] firmadyne: sys_socket[PID: 423 (usockc)]: family:1, type:1, protocol:0
Unable to open socket file : /var/run/fresetd_unixsock
ioctl(SIOCGIFINDEX): No such device
madwifi driver initialization failed.
[   32.012514] firmadyne: sys_socket[PID: 424 (atp)]: family:1, type:2, protocol:0
[/etc/templates/wps.sh] setie ...
[   32.256810] firmadyne: sys_socket[PID: 431 (xmldbc)]: family:1, type:2, protocol:0
[   32.438843] firmadyne: sys_socket[PID: 432 (wps)]: family:1, type:1, protocol:0
[   32.453887] cfg80211: Calling CRDA to update world regulatory domain
[   32.930974] firmadyne: sys_socket[PID: 433 (atp)]: family:1, type:2, protocol:0
[   35.599496] cfg80211: Exceeded CRDA call max attempts. Not calling CRDA
[   36.335085] firmadyne: sys_socket[PID: 434 (atp)]: family:1, type:2, protocol:0
[   37.016084] firmadyne: sys_socket[PID: 435 (atp)]: family:1, type:2, protocol:0
[   37.192205] firmadyne: sys_socket[PID: 432 (wps)]: family:1, type:1, protocol:0
[   37.656001] firmadyne: sys_socket[PID: 436 (atp)]: family:1, type:2, protocol:0
[   38.202871] firmadyne: sys_socket[PID: 432 (wps)]: family:1, type:1, protocol:0
[   38.280957] firmadyne: sys_socket[PID: 437 (atp)]: family:1, type:2, protocol:0
[   38.898183] firmadyne: sys_socket[PID: 438 (atp)]: family:1, type:2, protocol:0
[   39.220217] firmadyne: sys_socket[PID: 432 (wps)]: family:1, type:1, protocol:0
[   39.517809] firmadyne: sys_socket[PID: 439 (atp)]: family:1, type:2, protocol:0
[   40.144140] firmadyne: sys_socket[PID: 440 (atp)]: family:1, type:2, protocol:0
[   40.242144] firmadyne: sys_socket[PID: 432 (wps)]: family:1, type:1, protocol:0
[   40.244061] firmadyne: sys_socket[PID: 432 (wps)]: family:1, type:1, protocol:0
[   40.251689] firmadyne: sys_socket[PID: 432 (wps)]: family:1, type:1, protocol:0
[   41.267812] firmadyne: sys_socket[PID: 432 (wps)]: family:1, type:1, protocol:0
[   41.440866] firmadyne: sys_socket[PID: 441 (atp)]: family:1, type:2, protocol:0
[   42.289944] firmadyne: sys_socket[PID: 432 (wps)]: family:1, type:1, protocol:0
[   43.303309] firmadyne: sys_socket[PID: 432 (wps)]: family:1, type:1, protocol:0
[   43.321217] firmadyne: sys_socket[PID: 432 (wps)]: family:1, type:1, protocol:0
Start WLAN interface ath0 Done !!!
start Guest Zone
[/etc/templates/gzone.sh] ...
[   43.613527] firmadyne: sys_socket[PID: 448 (xmldbc)]: family:1, type:2, protocol:0
[   43.685026] firmadyne: sys_socket[PID: 449 (xmldbc)]: family:1, type:2, protocol:0
[/etc/templates/enable_gzone.sh] ...
start RG ...
[/usr/sbin/submit] COMMIT ...
[/etc/templates/rg.sh] start ...
[   44.187250] firmadyne: sys_socket[PID: 461 (xmldbc)]: family:1, type:2, protocol:0
[   44.371683] firmadyne: sys_socket[PID: 464 (rgdb)]: family:1, type:2, protocol:0
[/etc/scripts/misc/profile.sh] put ...
[   44.517916] firmadyne: sys_socket[PID: 466 (rgdb)]: family:1, type:2, protocol:0
[   44.843081] firmadyne: sys_socket[PID: 471 (rgdb)]: family:1, type:2, protocol:0
[/var/run/rg_start.sh] ...
[   45.492074] firmadyne: sys_socket[PID: 474 (iptables)]: family:2, type:3, protocol:255
[   45.500504] firmadyne: sys_setsockopt[PID: 474 (iptables)]: fd:3, level:0, optname:64
[   45.514394] firmadyne: sys_setsockopt[PID: 474 (iptables)]: fd:3, level:0, optname:65
[   45.628585] firmadyne: sys_socket[PID: 476 (iptables)]: family:2, type:3, protocol:255
modprobe: could not parse modules.dep

[   45.708696] firmadyne: sys_socket[PID: 476 (iptables)]: family:2, type:3, protocol:255
iptables v1.2.9: can't initialize iptables table `nat': Table does not exist (do you need to insmod?)
Perhaps iptables or your kernel needs to be upgraded.
[   45.866595] firmadyne: sys_socket[PID: 482 (iptables)]: family:2, type:3, protocol:255
[   45.880929] firmadyne: sys_setsockopt[PID: 482 (iptables)]: fd:3, level:0, optname:64
[   45.894672] firmadyne: sys_setsockopt[PID: 482 (iptables)]: fd:3, level:0, optname:65
[   46.039210] firmadyne: sys_socket[PID: 484 (iptables)]: family:2, type:3, protocol:255
[   46.160234] firmadyne: sys_socket[PID: 485 (iptables)]: family:2, type:3, protocol:255
ok
modprobe: could not parse modules.dep

[   46.238138] firmadyne: sys_socket[PID: 485 (iptables)]: family:2, type:3, protocol:255
iptables v1.2.9: can't initialize iptables table `nat': Table does not exist (do you need to insmod?)
Perhaps iptables or your kernel needs to be upgraded.
[   46.410210] firmadyne: sys_socket[PID: 495 (iptables)]: family:2, type:3, protocol:255
[/usr/sbin/submit] DHCPD ...
[   46.538854] firmadyne: sys_socket[PID: 498 (iptables)]: family:2, type:3, protocol:255
[   46.550969] firmadyne: sys_setsockopt[PID: 498 (iptables)]: fd:3, level:0, optname:64
[   46.552792] firmadyne: sys_setsockopt[PID: 498 (iptables)]: fd:3, level:0, optname:65
[   46.607324] firmadyne: sys_socket[PID: 500 (xmldbc)]: family:1, type:2, protocol:0
[   46.676917] firmadyne: sys_socket[PID: 501 (iptables)]: family:2, type:3, protocol:255
[   46.686241] firmadyne: sys_setsockopt[PID: 501 (iptables)]: fd:3, level:0, optname:64
[   46.688054] firmadyne: sys_setsockopt[PID: 501 (iptables)]: fd:3, level:0, optname:65
[   46.818476] firmadyne: sys_socket[PID: 502 (iptables)]: family:2, type:3, protocol:255
[   46.830419] firmadyne: sys_setsockopt[PID: 502 (iptables)]: fd:3, level:0, optname:64
[   46.832247] firmadyne: sys_setsockopt[PID: 502 (iptables)]: fd:3, level:0, optname:65
[/etc/templates/dhcpd.sh] ...
[   46.955122] firmadyne: sys_socket[PID: 504 (iptables)]: family:2, type:3, protocol:255
modprobe: could not parse modules.dep

[   47.030483] firmadyne: sys_socket[PID: 504 (iptables)]: family:2, type:3, protocol:255
iptables v1.2.9: can't initialize iptables table `nat': Table does not exist (do you need to insmod?)
Perhaps iptables or your kernel needs to be upgraded.
[   47.093343] firmadyne: sys_socket[PID: 509 (rgdb)]: family:1, type:2, protocol:0
[   47.198779] firmadyne: sys_socket[PID: 513 (iptables)]: family:2, type:3, protocol:255
modprobe: could not parse modules.dep

[   47.273822] firmadyne: sys_socket[PID: 513 (iptables)]: family:2, type:3, protocol:255
[   47.296049] firmadyne: sys_socket[PID: 516 (rgdb)]: family:1, type:2, protocol:0
iptables v1.2.9: can't initialize iptables table `nat': Table does not exist (do you need to insmod?)
Perhaps iptables or your kernel needs to be upgraded.
[   47.454724] firmadyne: sys_socket[PID: 521 (iptables)]: family:2, type:3, protocol:255
[   47.461490] firmadyne: sys_setsockopt[PID: 521 (iptables)]: fd:3, level:0, optname:64
[   47.463852] firmadyne: sys_setsockopt[PID: 521 (iptables)]: fd:3, level:0, optname:65
[   47.603323] firmadyne: sys_socket[PID: 522 (iptables)]: family:2, type:3, protocol:255
modprobe: could not parse modules.dep

[   47.679635] firmadyne: sys_socket[PID: 522 (iptables)]: family:2, type:3, protocol:255
iptables v1.2.9: can't initialize iptables table `nat': Table does not exist (do you need to insmod?)
Perhaps iptables or your kernel needs to be upgraded.
[   47.847246] firmadyne: sys_socket[PID: 528 (iptables)]: family:2, type:3, protocol:255
modprobe: could not parse modules.dep

[   47.919567] firmadyne: sys_socket[PID: 528 (iptables)]: family:2, type:3, protocol:255
iptables v1.2.9: can't initialize iptables table `nat': Table does not exist (do you need to insmod?)
Perhaps iptables or your kernel needs to be upgraded.
[   48.082911] firmadyne: sys_socket[PID: 534 (iptables)]: family:2, type:3, protocol:255
modprobe: could not parse modules.dep

[   48.160920] firmadyne: sys_socket[PID: 534 (iptables)]: family:2, type:3, protocol:255
iptables v1.2.9: can't initialize iptables table `nat': Table does not exist (do you need to insmod?)
Perhaps iptables or your kernel needs to be upgraded.
[   48.331897] firmadyne: sys_socket[PID: 540 (iptables)]: family:2, type:3, protocol:255
[/var/run/dhcpd_restart.sh] ...
modprobe: could not parse modules.dep

[   48.404377] firmadyne: sys_socket[PID: 540 (iptables)]: family:2, type:3, protocol:255
Stop DHCP server (br0) ...
iptables v1.2.9: can't initialize iptables table `nat': Table does not exist (do you need to insmod?)
Perhaps iptables or your kernel needs to be upgraded.
[   48.592423] firmadyne: sys_socket[PID: 549 (iptables)]: family:2, type:3, protocol:255
modprobe: could not parse modules.dep

[   48.675267] firmadyne: sys_socket[PID: 549 (iptables)]: family:2, type:3, protocol:255
iptables v1.2.9: can't initialize iptables table `nat': Table does not exist (do you need to insmod?)
Perhaps iptables or your kernel needs to be upgraded.
[   48.855745] firmadyne: sys_socket[PID: 560 (iptables)]: family:2, type:3, protocol:255
modprobe: could not parse modules.dep

[   48.932377] firmadyne: sys_socket[PID: 560 (iptables)]: family:2, type:3, protocol:255
iptables v1.2.9: can't initialize iptables table `nat': Table does not exist (do you need to insmod?)
Perhaps iptables or your kernel needs to be upgraded.
[   49.123908] firmadyne: sys_socket[PID: 570 (iptables)]: family:2, type:3, protocol:255
Start DHCP server (br0) ...
modprobe: could not parse modules.dep

[   49.203643] firmadyne: sys_socket[PID: 570 (iptables)]: family:2, type:3, protocol:255
iptables v1.2.9: can't initialize iptables table `nat': Table does not exist (do you need to insmod?)
Perhaps iptables or your kernel needs to be upgraded.
[   49.419904] firmadyne: sys_socket[PID: 582 (dhcpxmlpatch)]: family:1, type:2, protocol:0
[   49.473062] firmadyne: sys_socket[PID: 581 (udhcpd)]: family:2, type:3, protocol:255
[   49.480970] firmadyne: sys_socket[PID: 581 (udhcpd)]: family:2, type:1, protocol:17
[   49.482302] firmadyne: sys_setsockopt[PID: 581 (udhcpd)]: fd:6, level:65535, optname:4
[   49.483251] firmadyne: sys_setsockopt[PID: 581 (udhcpd)]: fd:6, level:65535, optname:32
[   49.484175] firmadyne: sys_setsockopt[PID: 581 (udhcpd)]: fd:6, level:65535, optname:25
[   49.485126] firmadyne: inet_bind[PID: 581 (udhcpd)]: proto:SOCK_DGRAM, port:67
[   49.491760] firmadyne: sys_socket[PID: 584 (iptables)]: family:2, type:3, protocol:255
modprobe: could not parse modules.dep

[   49.529180] firmadyne: sys_socket[PID: 584 (iptables)]: family:2, type:3, protocol:255
iptables v1.2.9: can't initialize iptables table `nat': Table does not exist (do you need to insmod?)
Perhaps iptables or your kernel needs to be upgraded.
[   49.613127] firmadyne: sys_socket[PID: 590 (iptables)]: family:2, type:3, protocol:255
modprobe: could not parse modules.dep

[   49.650775] firmadyne: sys_socket[PID: 590 (iptables)]: family:2, type:3, protocol:255
iptables v1.2.9: can't initialize iptables table `nat': Table does not exist (do you need to insmod?)
Perhaps iptables or your kernel needs to be upgraded.
[   49.733925] firmadyne: sys_socket[PID: 596 (iptables)]: family:2, type:3, protocol:255
modprobe: could not parse modules.dep

[   49.775173] firmadyne: sys_socket[PID: 596 (iptables)]: family:2, type:3, protocol:255
iptables v1.2.9: can't initialize iptables table `nat': Table does not exist (do you need to insmod?)
Perhaps iptables or your kernel needs to be upgraded.
[   49.860885] firmadyne: sys_socket[PID: 602 (iptables)]: family:2, type:3, protocol:255
modprobe: could not parse modules.dep

[   49.910087] firmadyne: sys_socket[PID: 602 (iptables)]: family:2, type:3, protocol:255
iptables v1.2.9: can't initialize iptables table `nat': Table does not exist (do you need to insmod?)
Perhaps iptables or your kernel needs to be upgraded.
[   50.030815] firmadyne: sys_socket[PID: 608 (atp)]: family:1, type:2, protocol:0
[   50.086166] firmadyne: sys_socket[PID: 609 (iptables)]: family:2, type:3, protocol:255
modprobe: could not parse modules.dep

[   50.155491] firmadyne: sys_socket[PID: 609 (iptables)]: family:2, type:3, protocol:255
iptables v1.2.9: can't initialize iptables table `nat': Table does not exist (do you need to insmod?)
Perhaps iptables or your kernel needs to be upgraded.
[   50.307762] firmadyne: sys_socket[PID: 615 (iptables)]: family:2, type:3, protocol:255
[   50.319653] firmadyne: sys_setsockopt[PID: 615 (iptables)]: fd:3, level:0, optname:64
[   50.321478] firmadyne: sys_setsockopt[PID: 615 (iptables)]: fd:3, level:0, optname:65
[   50.445151] firmadyne: sys_socket[PID: 616 (iptables)]: family:2, type:3, protocol:255
[   50.462905] firmadyne: sys_setsockopt[PID: 616 (iptables)]: fd:3, level:0, optname:64
[   50.464903] firmadyne: sys_setsockopt[PID: 616 (iptables)]: fd:3, level:0, optname:65
[   50.587770] firmadyne: sys_socket[PID: 617 (iptables)]: family:2, type:3, protocol:255
[   50.600521] firmadyne: sys_setsockopt[PID: 617 (iptables)]: fd:3, level:0, optname:64
[   50.610050] firmadyne: sys_setsockopt[PID: 617 (iptables)]: fd:3, level:0, optname:65
[   50.731144] firmadyne: sys_socket[PID: 618 (iptables)]: family:2, type:3, protocol:255
[   50.744433] firmadyne: sys_setsockopt[PID: 618 (iptables)]: fd:3, level:0, optname:64
[   50.754105] firmadyne: sys_setsockopt[PID: 618 (iptables)]: fd:3, level:0, optname:65
[   50.882105] firmadyne: sys_socket[PID: 619 (iptables)]: family:2, type:3, protocol:255
[   50.895742] firmadyne: sys_setsockopt[PID: 619 (iptables)]: fd:3, level:0, optname:64
[   50.905857] firmadyne: sys_setsockopt[PID: 619 (iptables)]: fd:3, level:0, optname:65
[   51.034493] firmadyne: sys_socket[PID: 620 (iptables)]: family:2, type:3, protocol:255
[   51.048649] firmadyne: sys_setsockopt[PID: 620 (iptables)]: fd:3, level:0, optname:64
[   51.052578] firmadyne: sys_setsockopt[PID: 620 (iptables)]: fd:3, level:0, optname:65
[   51.175030] firmadyne: sys_socket[PID: 621 (iptables)]: family:2, type:3, protocol:255
[   51.189283] firmadyne: sys_setsockopt[PID: 621 (iptables)]: fd:3, level:0, optname:64
[   51.202101] firmadyne: sys_setsockopt[PID: 621 (iptables)]: fd:3, level:0, optname:65
[   51.354738] firmadyne: sys_socket[PID: 622 (iptables)]: family:2, type:3, protocol:255
[   51.369462] firmadyne: sys_setsockopt[PID: 622 (iptables)]: fd:3, level:0, optname:64
iptables: Protocol wrong type for socket
[   51.552901] firmadyne: sys_socket[PID: 625 (iptables)]: family:2, type:3, protocol:255
modprobe: could not parse modules.dep

[   51.631483] firmadyne: sys_socket[PID: 625 (iptables)]: family:2, type:3, protocol:255
iptables v1.2.9: can't initialize iptables table `nat': Table does not exist (do you need to insmod?)
Perhaps iptables or your kernel needs to be upgraded.
[   51.826873] firmadyne: sys_socket[PID: 631 (iptables)]: family:2, type:3, protocol:255
modprobe: could not parse modules.dep

[   51.899430] firmadyne: sys_socket[PID: 631 (iptables)]: family:2, type:3, protocol:255
iptables v1.2.9: can't initialize iptables table `nat': Table does not exist (do you need to insmod?)
Perhaps iptables or your kernel needs to be upgraded.
[   52.094685] firmadyne: sys_socket[PID: 637 (iptables)]: family:2, type:3, protocol:255
modprobe: could not parse modules.dep

[   52.167456] firmadyne: sys_socket[PID: 637 (iptables)]: family:2, type:3, protocol:255
iptables v1.2.9: can't initialize iptables table `nat': Table does not exist (do you need to insmod?)
Perhaps iptables or your kernel needs to be upgraded.
[   52.343143] firmadyne: sys_socket[PID: 643 (iptables)]: family:2, type:3, protocol:255
modprobe: could not parse modules.dep

[   52.419663] firmadyne: sys_socket[PID: 643 (iptables)]: family:2, type:3, protocol:255
iptables v1.2.9: can't initialize iptables table `nat': Table does not exist (do you need to insmod?)
Perhaps iptables or your kernel needs to be upgraded.
[   52.612407] firmadyne: sys_socket[PID: 649 (iptables)]: family:2, type:3, protocol:255
modprobe: could not parse modules.dep

[   52.683557] firmadyne: sys_socket[PID: 649 (iptables)]: family:2, type:3, protocol:255
iptables v1.2.9: can't initialize iptables table `nat': Table does not exist (do you need to insmod?)
Perhaps iptables or your kernel needs to be upgraded.
[   52.867428] firmadyne: sys_socket[PID: 655 (iptables)]: family:2, type:3, protocol:255
modprobe: could not parse modules.dep

[   52.939605] firmadyne: sys_socket[PID: 655 (iptables)]: family:2, type:3, protocol:255
iptables v1.2.9: can't initialize iptables table `nat': Table does not exist (do you need to insmod?)
Perhaps iptables or your kernel needs to be upgraded.
[   53.149837] firmadyne: sys_socket[PID: 661 (iptables)]: family:2, type:3, protocol:255
modprobe: could not parse modules.dep

[   53.238018] firmadyne: sys_socket[PID: 661 (iptables)]: family:2, type:3, protocol:255
iptables v1.2.9: can't initialize iptables table `nat': Table does not exist (do you need to insmod?)
Perhaps iptables or your kernel needs to be upgraded.
[   53.438153] firmadyne: sys_socket[PID: 667 (iptables)]: family:2, type:3, protocol:255
modprobe: could not parse modules.dep

[   53.477308] firmadyne: sys_socket[PID: 667 (iptables)]: family:2, type:3, protocol:255
iptables v1.2.9: can't initialize iptables table `nat': Table does not exist (do you need to insmod?)
Perhaps iptables or your kernel needs to be upgraded.
[   53.578396] firmadyne: sys_socket[PID: 673 (iptables)]: family:2, type:3, protocol:255
modprobe: could not parse modules.dep

[   53.616993] firmadyne: sys_socket[PID: 673 (iptables)]: family:2, type:3, protocol:255
iptables v1.2.9: can't initialize iptables table `nat': Table does not exist (do you need to insmod?)
Perhaps iptables or your kernel needs to be upgraded.
[   53.710179] firmadyne: sys_socket[PID: 679 (iptables)]: family:2, type:3, protocol:255
modprobe: could not parse modules.dep

[   53.747328] firmadyne: sys_socket[PID: 679 (iptables)]: family:2, type:3, protocol:255
iptables v1.2.9: can't initialize iptables table `nat': Table does not exist (do you need to insmod?)
Perhaps iptables or your kernel needs to be upgraded.
[   53.866214] firmadyne: sys_socket[PID: 685 (iptables)]: family:2, type:3, protocol:255
modprobe: could not parse modules.dep

[   53.918003] firmadyne: sys_socket[PID: 685 (iptables)]: family:2, type:3, protocol:255
iptables v1.2.9: can't initialize iptables table `nat': Table does not exist (do you need to insmod?)
Perhaps iptables or your kernel needs to be upgraded.
[   54.044610] firmadyne: sys_socket[PID: 691 (atp)]: family:1, type:2, protocol:0
[   54.133210] firmadyne: sys_socket[PID: 692 (iptables)]: family:2, type:3, protocol:255
modprobe: could not parse modules.dep

[   54.208331] firmadyne: sys_socket[PID: 692 (iptables)]: family:2, type:3, protocol:255
iptables v1.2.9: can't initialize iptables table `nat': Table does not exist (do you need to insmod?)
Perhaps iptables or your kernel needs to be upgraded.
[   54.418416] firmadyne: sys_socket[PID: 698 (iptables)]: family:2, type:3, protocol:255
modprobe: could not parse modules.dep

[   54.496314] firmadyne: sys_socket[PID: 698 (iptables)]: family:2, type:3, protocol:255
iptables v1.2.9: can't initialize iptables table `nat': Table does not exist (do you need to insmod?)
Perhaps iptables or your kernel needs to be upgraded.
[   54.687064] firmadyne: sys_socket[PID: 704 (iptables)]: family:2, type:3, protocol:255
modprobe: could not parse modules.dep

[   54.755469] firmadyne: sys_socket[PID: 704 (iptables)]: family:2, type:3, protocol:255
iptables v1.2.9: can't initialize iptables table `nat': Table does not exist (do you need to insmod?)
Perhaps iptables or your kernel needs to be upgraded.
[   54.978444] firmadyne: sys_socket[PID: 710 (iptables)]: family:2, type:3, protocol:255
modprobe: could not parse modules.dep

[   55.048737] firmadyne: sys_socket[PID: 710 (iptables)]: family:2, type:3, protocol:255
iptables v1.2.9: can't initialize iptables table `nat': Table does not exist (do you need to insmod?)
Perhaps iptables or your kernel needs to be upgraded.
[   55.263598] firmadyne: sys_socket[PID: 718 (iptables)]: family:2, type:3, protocol:255
modprobe: could not parse modules.dep

[   55.335450] firmadyne: sys_socket[PID: 718 (iptables)]: family:2, type:3, protocol:255
iptables v1.2.9: can't initialize iptables table `nat': Table does not exist (do you need to insmod?)
Perhaps iptables or your kernel needs to be upgraded.
[   55.540240] firmadyne: sys_socket[PID: 726 (iptables)]: family:2, type:3, protocol:255
modprobe: could not parse modules.dep

[   55.612353] firmadyne: sys_socket[PID: 726 (iptables)]: family:2, type:3, protocol:255
iptables v1.2.9: can't initialize iptables table `nat': Table does not exist (do you need to insmod?)
Perhaps iptables or your kernel needs to be upgraded.
[   55.804397] firmadyne: sys_socket[PID: 732 (iptables)]: family:2, type:3, protocol:255
modprobe: could not parse modules.dep

[   55.886944] firmadyne: sys_socket[PID: 732 (iptables)]: family:2, type:3, protocol:255
iptables v1.2.9: can't initialize iptables table `nat': Table does not exist (do you need to insmod?)
Perhaps iptables or your kernel needs to be upgraded.
[   56.109902] firmadyne: sys_socket[PID: 738 (iptables)]: family:2, type:3, protocol:255
modprobe: could not parse modules.dep

[   56.187098] firmadyne: sys_socket[PID: 738 (iptables)]: family:2, type:3, protocol:255
iptables v1.2.9: can't initialize iptables table `nat': Table does not exist (do you need to insmod?)
Perhaps iptables or your kernel needs to be upgraded.
[   56.382637] firmadyne: sys_socket[PID: 748 (iptables)]: family:2, type:3, protocol:255
modprobe: could not parse modules.dep

[   56.452390] firmadyne: sys_socket[PID: 748 (iptables)]: family:2, type:3, protocol:255
iptables v1.2.9: can't initialize iptables table `nat': Table does not exist (do you need to insmod?)
Perhaps iptables or your kernel needs to be upgraded.
[   56.667796] firmadyne: sys_socket[PID: 754 (iptables)]: family:2, type:3, protocol:255
modprobe: could not parse modules.dep

[   56.740438] firmadyne: sys_socket[PID: 754 (iptables)]: family:2, type:3, protocol:255
iptables v1.2.9: can't initialize iptables table `nat': Table does not exist (do you need to insmod?)
Perhaps iptables or your kernel needs to be upgraded.
[   56.933272] firmadyne: sys_socket[PID: 760 (iptables)]: family:2, type:3, protocol:255
modprobe: could not parse modules.dep

[   57.011543] firmadyne: sys_socket[PID: 760 (iptables)]: family:2, type:3, protocol:255
iptables v1.2.9: can't initialize iptables table `nat': Table does not exist (do you need to insmod?)
Perhaps iptables or your kernel needs to be upgraded.
[   57.227787] firmadyne: sys_socket[PID: 766 (iptables)]: family:2, type:3, protocol:255
modprobe: could not parse modules.dep

[   57.299504] firmadyne: sys_socket[PID: 766 (iptables)]: family:2, type:3, protocol:255
iptables v1.2.9: can't initialize iptables table `nat': Table does not exist (do you need to insmod?)
Perhaps iptables or your kernel needs to be upgraded.
[   57.494323] firmadyne: sys_socket[PID: 772 (iptables)]: family:2, type:3, protocol:255
modprobe: could not parse modules.dep

[   57.567442] firmadyne: sys_socket[PID: 772 (iptables)]: family:2, type:3, protocol:255
iptables v1.2.9: can't initialize iptables table `nat': Table does not exist (do you need to insmod?)
Perhaps iptables or your kernel needs to be upgraded.
[   57.787248] firmadyne: sys_socket[PID: 778 (iptables)]: family:2, type:3, protocol:255
modprobe: could not parse modules.dep

[   57.859493] firmadyne: sys_socket[PID: 778 (iptables)]: family:2, type:3, protocol:255
iptables v1.2.9: can't initialize iptables table `nat': Table does not exist (do you need to insmod?)
Perhaps iptables or your kernel needs to be upgraded.
[   58.068738] firmadyne: sys_socket[PID: 784 (iptables)]: family:2, type:3, protocol:255
modprobe: could not parse modules.dep

[   58.144331] firmadyne: sys_socket[PID: 784 (iptables)]: family:2, type:3, protocol:255
iptables v1.2.9: can't initialize iptables table `nat': Table does not exist (do you need to insmod?)
Perhaps iptables or your kernel needs to be upgraded.
[   58.368005] firmadyne: sys_socket[PID: 790 (portt)]: family:1, type:1, protocol:0
Using /lib/modules/sw_tcpip.o
insmod: Not configured to support old kernels
Using /lib/modules/ifresetcnt.o
insmod: Not configured to support old kernels
Using /lib/modules/ipt_string.o
insmod: Not configured to support old kernels
[   58.836331] firmadyne: sys_socket[PID: 799 (rgdb)]: family:1, type:2, protocol:0
/proc/sys/net/ipv4/ip_conntrack_max: cannot create
Using /lib/modules/ip_stun_func.o
insmod: Not configured to support old kernels
[   58.985807] firmadyne: sys_socket[PID: 803 (iptables)]: family:2, type:3, protocol:255
[   58.994213] firmadyne: sys_setsockopt[PID: 803 (iptables)]: fd:3, level:0, optname:64
[   58.996388] firmadyne: sys_setsockopt[PID: 803 (iptables)]: fd:3, level:0, optname:65
[   59.057757] firmadyne: sys_socket[PID: 804 (iptables)]: family:2, type:3, protocol:255
modprobe: could not parse modules.dep

[   59.096654] firmadyne: sys_socket[PID: 804 (iptables)]: family:2, type:3, protocol:255
iptables v1.2.9: can't initialize iptables table `nat': Table does not exist (do you need to insmod?)
Perhaps iptables or your kernel needs to be upgraded.
[   59.177862] firmadyne: sys_socket[PID: 810 (iptables)]: family:2, type:3, protocol:255
modprobe: could not parse modules.dep

[   59.217171] firmadyne: sys_socket[PID: 810 (iptables)]: family:2, type:3, protocol:255
iptables v1.2.9: can't initialize iptables table `nat': Table does not exist (do you need to insmod?)
Perhaps iptables or your kernel needs to be upgraded.
[   59.265527] firmadyne: sys_socket[PID: 816 (logger)]: family:1, type:1, protocol:0
[   59.398698] firmadyne: sys_socket[PID: 817 (iptables)]: family:2, type:3, protocol:255
[   59.409069] firmadyne: sys_socket[PID: 818 (atp)]: family:1, type:2, protocol:0
[   59.415486] firmadyne: sys_setsockopt[PID: 817 (iptables)]: fd:3, level:0, optname:64
[   59.422557] firmadyne: sys_setsockopt[PID: 817 (iptables)]: fd:3, level:0, optname:65
[   59.514568] firmadyne: sys_socket[PID: 819 (iptables)]: family:2, type:3, protocol:255
[   59.522844] firmadyne: sys_setsockopt[PID: 819 (iptables)]: fd:3, level:0, optname:64
[   59.525031] firmadyne: sys_setsockopt[PID: 819 (iptables)]: fd:3, level:0, optname:65
[   59.551952] firmadyne: sys_socket[PID: 820 (logger)]: family:1, type:1, protocol:0
[   59.585053] firmadyne: sys_socket[PID: 821 (logger)]: family:1, type:1, protocol:0
[   59.650390] firmadyne: sys_socket[PID: 822 (iptables)]: family:2, type:3, protocol:255
[   59.658630] firmadyne: sys_setsockopt[PID: 822 (iptables)]: fd:3, level:0, optname:64
[   59.660850] firmadyne: sys_setsockopt[PID: 822 (iptables)]: fd:3, level:0, optname:65
[   59.703724] firmadyne: sys_socket[PID: 823 (logger)]: family:1, type:1, protocol:0
[   59.750957] firmadyne: sys_socket[PID: 824 (logger)]: family:1, type:1, protocol:0
[   59.799800] firmadyne: sys_socket[PID: 825 (logger)]: family:1, type:1, protocol:0
[   59.944639] firmadyne: sys_socket[PID: 829 (iptables)]: family:2, type:3, protocol:255
[   59.952905] firmadyne: sys_setsockopt[PID: 829 (iptables)]: fd:3, level:0, optname:64
[   59.955507] firmadyne: sys_setsockopt[PID: 829 (iptables)]: fd:3, level:0, optname:65
[   60.072155] firmadyne: sys_socket[PID: 830 (iptables)]: family:2, type:3, protocol:255
[   60.106943] firmadyne: sys_socket[PID: 831 (atp)]: family:1, type:2, protocol:0
modprobe: could not parse modules.dep

[   60.155434] firmadyne: sys_socket[PID: 830 (iptables)]: family:2, type:3, protocol:255
iptables v1.2.9: can't initialize iptables table `nat': Table does not exist (do you need to insmod?)
Perhaps iptables or your kernel needs to be upgraded.
sendto_unsock(/var/run/portt.unixsocket, flush)
[   60.308575] firmadyne: sys_socket[PID: 837 (trigger)]: family:1, type:1, protocol:0
/proc/sys/net/ipv4/arp_flood_burst: cannot create
/proc/sys/net/ipv4/arp_flood_cost: cannot create
start DNRD ...
[/etc/templates/dnrd.sh] ...
[   60.701104] firmadyne: sys_socket[PID: 844 (rgdb)]: family:1, type:2, protocol:0
[   61.476781] firmadyne: sys_socket[PID: 847 (rgdb)]: family:1, type:2, protocol:0
[   61.654397] firmadyne: sys_socket[PID: 848 (rgdb)]: family:1, type:2, protocol:0
[/var/run/dnrd_start.sh] ...
Start DNRD ...
[   62.035554] firmadyne: sys_socket[PID: 852 (dnrd)]: family:2, type:1, protocol:0
[   62.036710] firmadyne: sys_setsockopt[PID: 852 (dnrd)]: fd:4, level:65535, optname:4
[   62.049928] firmadyne: inet_bind[PID: 852 (dnrd)]: proto:SOCK_DGRAM, port:53
[   62.050928] firmadyne: sys_socket[PID: 852 (dnrd)]: family:2, type:2, protocol:0
[   62.052060] firmadyne: sys_setsockopt[PID: 852 (dnrd)]: fd:5, level:65535, optname:4
[   62.053021] firmadyne: inet_bind[PID: 852 (dnrd)]: proto:SOCK_STREAM, port:53
Notice: caching turned off
[   62.139660] 
do_page_fault(): sending SIGSEGV to xgi for invalid write access to 7ff1b000
[   62.140435] epc = 773cc07c in libc.so.0[7737a000+63000]
[   62.141889] ra  = 00403cfc in atp[400000+a000]
[   62.142633] 
[   62.149876] potentially unexpected fatal signal 11.
[   62.150710] CPU: 0 PID: 854 Comm: xgi Not tainted 4.1.17+ #1
[   62.151460] task: 8f1e2518 ti: 8f1fe000 task.ti: 8f1fe000
[   62.152030] $ 0   : 00000000 773db37e 00000077 77000000
[   62.152917] $ 4   : 7ff18b48 7ff1ae01 7ff1b000 773d9c20
[   62.154039] $ 8   : 00408341 00000001 00408341 00000003
[   62.154887] $12   : 000003a7 0a7905d6 77381ed4 00400e44
[   62.155706] $16   : 7ff18948 7ff1a781 7ff1a755 00000003
[   62.156516] $20   : 7ff1a754 00000000 00000000 ffffffff
[   62.157314] $24   : 7737c7c4 773cc060                  
[   62.158400] $28   : 77425460 7ff18730 00000000 00403cfc
[   62.159263] Hi    : 000001ea
[   62.159674] Lo    : 000299b4
[   62.160215] epc   : 773cc07c 0x773cc07c
[   62.160767] ra    : 00403cfc 0x403cfc
[   62.161221] Status: 0000a413	USER EXL IE 
[   62.162167] Cause : 1080000c
[   62.162588] BadVA : 7ff1b000
[   62.163028] PrId  : 00019300 (MIPS 24Kc)
[   62.240868] firmadyne: sys_socket[PID: 858 (rgdb)]: family:1, type:2, protocol:0
Start telnetd ...
[   62.443187] firmadyne: sys_socket[PID: 863 (rgdb)]: family:1, type:2, protocol:0
[   62.577151] firmadyne: sys_socket[PID: 864 (telnetd)]: family:2, type:2, protocol:0
[   62.590114] firmadyne: sys_setsockopt[PID: 864 (telnetd)]: fd:3, level:65535, optname:4
[   62.591311] firmadyne: sys_setsockopt[PID: 864 (telnetd)]: fd:3, level:65535, optname:25
[   62.592357] firmadyne: inet_bind[PID: 864 (telnetd)]: proto:SOCK_STREAM, port:23
[   62.628283] firmadyne: sys_socket[PID: 866 (rgdb)]: family:1, type:2, protocol:0
start UPNPD ...
[/etc/templates/upnpd.sh] ...
[   62.838829] firmadyne: sys_socket[PID: 870 (atp)]: family:1, type:2, protocol:0
[   62.973323] firmadyne: sys_socket[PID: 873 (rgdb)]: family:1, type:2, protocol:0
[   65.227299] firmadyne: sys_socket[PID: 884 (xmldbc)]: family:1, type:2, protocol:0
[   65.695558] firmadyne: sys_socket[PID: 885 (xmldbc)]: family:1, type:2, protocol:0
[   65.783675] firmadyne: sys_socket[PID: 886 (atp)]: family:1, type:2, protocol:0
[/var/run/upnpd_start.sh] ...
Starting UPnP ...
[   66.148840] firmadyne: sys_socket[PID: 891 (xmldbc)]: family:1, type:2, protocol:0
[   68.274240] firmadyne: sys_socket[PID: 892 (xmldbc)]: family:1, type:2, protocol:0
[   68.347391] firmadyne: sys_socket[PID: 893 (xmldbc)]: family:1, type:2, protocol:0
[   68.417804] firmadyne: sys_socket[PID: 894 (xmldbc)]: family:1, type:2, protocol:0
[   68.512136] firmadyne: sys_socket[PID: 895 (xmldbc)]: family:1, type:2, protocol:0
[   68.585989] firmadyne: sys_socket[PID: 896 (xmldbc)]: family:1, type:2, protocol:0
[   68.713278] firmadyne: sys_socket[PID: 897 (xmldbc)]: family:1, type:2, protocol:0
[   68.857820] firmadyne: sys_socket[PID: 898 (atp)]: family:1, type:2, protocol:0
[   68.904521] firmadyne: sys_socket[PID: 899 (xmldbc)]: family:1, type:2, protocol:0
[/var/run/upnp_alive.sh] ...
[   69.091490] firmadyne: sys_socket[PID: 903 (xmldbc)]: family:1, type:2, protocol:0
[   69.204771] firmadyne: sys_socket[PID: 906 (xmldbc)]: family:1, type:2, protocol:0
[   69.373511] firmadyne: sys_socket[PID: 910 (xmldbc)]: family:1, type:2, protocol:0
[   69.536712] firmadyne: sys_socket[PID: 911 (atp)]: family:1, type:2, protocol:0
[   70.168217] firmadyne: sys_socket[PID: 913 (xmldbc)]: family:1, type:2, protocol:0
[   70.206639] firmadyne: sys_socket[PID: 914 (upnpkits)]: family:2, type:1, protocol:0
[   70.207868] firmadyne: sys_setsockopt[PID: 914 (upnpkits)]: fd:3, level:65535, optname:25
[   70.208971] firmadyne: sys_setsockopt[PID: 914 (upnpkits)]: fd:3, level:0, optname:33
[   70.406378] firmadyne: sys_socket[PID: 916 (xmldbc)]: family:1, type:2, protocol:0
[   70.438192] firmadyne: sys_socket[PID: 917 (upnpkits)]: family:2, type:1, protocol:0
[   70.439450] firmadyne: sys_setsockopt[PID: 917 (upnpkits)]: fd:3, level:65535, optname:25
[   70.440499] firmadyne: sys_setsockopt[PID: 917 (upnpkits)]: fd:3, level:0, optname:33
[   70.676133] firmadyne: sys_socket[PID: 919 (xmldbc)]: family:1, type:2, protocol:0
[   70.730354] firmadyne: sys_socket[PID: 920 (upnpkits)]: family:2, type:1, protocol:0
[   70.731514] firmadyne: sys_setsockopt[PID: 920 (upnpkits)]: fd:3, level:65535, optname:25
[   70.732498] firmadyne: sys_setsockopt[PID: 920 (upnpkits)]: fd:3, level:0, optname:33
[   70.747532] firmadyne: sys_socket[PID: 921 (atp)]: family:1, type:2, protocol:0
[   70.954380] firmadyne: sys_socket[PID: 923 (xmldbc)]: family:1, type:2, protocol:0
[   70.987448] firmadyne: sys_socket[PID: 924 (upnpkits)]: family:2, type:1, protocol:0
[   70.988602] firmadyne: sys_setsockopt[PID: 924 (upnpkits)]: fd:3, level:65535, optname:25
[   70.994295] firmadyne: sys_setsockopt[PID: 924 (upnpkits)]: fd:3, level:0, optname:33
[   71.186947] firmadyne: sys_socket[PID: 926 (xmldbc)]: family:1, type:2, protocol:0
[   71.221049] firmadyne: sys_socket[PID: 927 (upnpkits)]: family:2, type:1, protocol:0
[   71.228007] firmadyne: sys_setsockopt[PID: 927 (upnpkits)]: fd:3, level:65535, optname:25
[   71.229053] firmadyne: sys_setsockopt[PID: 927 (upnpkits)]: fd:3, level:0, optname:33
[   71.464995] firmadyne: sys_socket[PID: 929 (xmldbc)]: family:1, type:2, protocol:0
[   71.516770] firmadyne: sys_socket[PID: 931 (atp)]: family:1, type:2, protocol:0
[   71.524209] firmadyne: sys_socket[PID: 930 (upnpkits)]: family:2, type:1, protocol:0
[   71.525423] firmadyne: sys_setsockopt[PID: 930 (upnpkits)]: fd:3, level:65535, optname:25
[   71.539016] firmadyne: sys_setsockopt[PID: 930 (upnpkits)]: fd:3, level:0, optname:33
[   71.748825] firmadyne: sys_socket[PID: 933 (xmldbc)]: family:1, type:2, protocol:0
[   71.788120] firmadyne: sys_socket[PID: 934 (upnpkits)]: family:2, type:1, protocol:0
[   71.789312] firmadyne: sys_setsockopt[PID: 934 (upnpkits)]: fd:3, level:65535, optname:25
[   71.796215] firmadyne: sys_setsockopt[PID: 934 (upnpkits)]: fd:3, level:0, optname:33
[   72.004526] firmadyne: sys_socket[PID: 936 (xmldbc)]: family:1, type:2, protocol:0
[   72.036926] firmadyne: sys_socket[PID: 937 (upnpkits)]: family:2, type:1, protocol:0
[   72.043901] firmadyne: sys_setsockopt[PID: 937 (upnpkits)]: fd:3, level:65535, optname:25
[   72.044970] firmadyne: sys_setsockopt[PID: 937 (upnpkits)]: fd:3, level:0, optname:33
[   72.294573] firmadyne: sys_socket[PID: 939 (xmldbc)]: family:1, type:2, protocol:0
[   72.330634] firmadyne: sys_socket[PID: 941 (atp)]: family:1, type:2, protocol:0
[   72.347292] firmadyne: sys_socket[PID: 940 (upnpkits)]: family:2, type:1, protocol:0
[   72.348501] firmadyne: sys_setsockopt[PID: 940 (upnpkits)]: fd:3, level:65535, optname:25
[   72.356336] firmadyne: sys_setsockopt[PID: 940 (upnpkits)]: fd:3, level:0, optname:33
[   72.572809] firmadyne: sys_socket[PID: 943 (xmldbc)]: family:1, type:2, protocol:0
[   72.607407] firmadyne: sys_socket[PID: 944 (upnpkits)]: family:2, type:1, protocol:0
[   72.608623] firmadyne: sys_setsockopt[PID: 944 (upnpkits)]: fd:3, level:65535, optname:25
[   72.616102] firmadyne: sys_setsockopt[PID: 944 (upnpkits)]: fd:3, level:0, optname:33
[   72.803618] firmadyne: sys_socket[PID: 946 (xmldbc)]: family:1, type:2, protocol:0
[   72.839541] firmadyne: sys_socket[PID: 947 (upnpkits)]: family:2, type:1, protocol:0
[   72.840758] firmadyne: sys_setsockopt[PID: 947 (upnpkits)]: fd:3, level:65535, optname:25
[   72.849307] firmadyne: sys_setsockopt[PID: 947 (upnpkits)]: fd:3, level:0, optname:33
[   73.079374] firmadyne: sys_socket[PID: 949 (xmldbc)]: family:1, type:2, protocol:0
[   73.130886] firmadyne: sys_socket[PID: 951 (atp)]: family:1, type:2, protocol:0
[   73.139399] firmadyne: sys_socket[PID: 950 (upnpkits)]: family:2, type:1, protocol:0
[   73.141453] firmadyne: sys_setsockopt[PID: 950 (upnpkits)]: fd:3, level:65535, optname:25
[   73.150265] firmadyne: sys_setsockopt[PID: 950 (upnpkits)]: fd:3, level:0, optname:33
[   73.365859] firmadyne: sys_socket[PID: 953 (xmldbc)]: family:1, type:2, protocol:0
[   73.398364] firmadyne: sys_socket[PID: 954 (upnpkits)]: family:2, type:1, protocol:0
[   73.399529] firmadyne: sys_setsockopt[PID: 954 (upnpkits)]: fd:3, level:65535, optname:25
[   73.400560] firmadyne: sys_setsockopt[PID: 954 (upnpkits)]: fd:3, level:0, optname:33
[   73.591797] firmadyne: sys_socket[PID: 956 (xmldbc)]: family:1, type:2, protocol:0
[   73.627613] firmadyne: sys_socket[PID: 957 (upnpkits)]: family:2, type:1, protocol:0
[   73.628796] firmadyne: sys_setsockopt[PID: 957 (upnpkits)]: fd:3, level:65535, optname:25
[   73.635691] firmadyne: sys_setsockopt[PID: 957 (upnpkits)]: fd:3, level:0, optname:33
[   73.864511] firmadyne: sys_socket[PID: 959 (xmldbc)]: family:1, type:2, protocol:0
[   73.916644] firmadyne: sys_socket[PID: 961 (atp)]: family:1, type:2, protocol:0
[   73.924770] firmadyne: sys_socket[PID: 960 (upnpkits)]: family:2, type:1, protocol:0
[   73.931623] firmadyne: sys_setsockopt[PID: 960 (upnpkits)]: fd:3, level:65535, optname:25
[   73.932678] firmadyne: sys_setsockopt[PID: 960 (upnpkits)]: fd:3, level:0, optname:33
[   74.144528] firmadyne: sys_socket[PID: 963 (xmldbc)]: family:1, type:2, protocol:0
[   74.186702] firmadyne: sys_socket[PID: 964 (upnpkits)]: family:2, type:1, protocol:0
[   74.187951] firmadyne: sys_setsockopt[PID: 964 (upnpkits)]: fd:3, level:65535, optname:25
[   74.189025] firmadyne: sys_setsockopt[PID: 964 (upnpkits)]: fd:3, level:0, optname:33
[   74.381166] firmadyne: sys_socket[PID: 966 (xmldbc)]: family:1, type:2, protocol:0
[   74.414807] firmadyne: sys_socket[PID: 967 (upnpkits)]: family:2, type:1, protocol:0
[   74.416044] firmadyne: sys_setsockopt[PID: 967 (upnpkits)]: fd:3, level:65535, optname:25
[   74.417110] firmadyne: sys_setsockopt[PID: 967 (upnpkits)]: fd:3, level:0, optname:33
[   74.645373] firmadyne: sys_socket[PID: 969 (xmldbc)]: family:1, type:2, protocol:0
[   74.703927] firmadyne: sys_socket[PID: 970 (upnpkits)]: family:2, type:1, protocol:0
[   74.705125] firmadyne: sys_setsockopt[PID: 970 (upnpkits)]: fd:3, level:65535, optname:25
[   74.717999] firmadyne: sys_setsockopt[PID: 970 (upnpkits)]: fd:3, level:0, optname:33
[   74.743278] firmadyne: sys_socket[PID: 971 (atp)]: family:1, type:2, protocol:0
[   74.972917] firmadyne: sys_socket[PID: 973 (xmldbc)]: family:1, type:2, protocol:0
[   76.064440] firmadyne: sys_socket[PID: 974 (upnpkits)]: family:2, type:1, protocol:0
[   76.070383] firmadyne: sys_setsockopt[PID: 974 (upnpkits)]: fd:3, level:65535, optname:25
[   76.071405] firmadyne: sys_setsockopt[PID: 974 (upnpkits)]: fd:3, level:0, optname:33
[   76.285218] firmadyne: sys_socket[PID: 976 (xmldbc)]: family:1, type:2, protocol:0
[   76.317539] firmadyne: sys_socket[PID: 977 (upnpkits)]: family:2, type:1, protocol:0
[   76.319001] firmadyne: sys_setsockopt[PID: 977 (upnpkits)]: fd:3, level:65535, optname:25
[   76.320066] firmadyne: sys_setsockopt[PID: 977 (upnpkits)]: fd:3, level:0, optname:33
[   76.508829] firmadyne: sys_socket[PID: 979 (xmldbc)]: family:1, type:2, protocol:0
[   76.544221] firmadyne: sys_socket[PID: 980 (upnpkits)]: family:2, type:1, protocol:0
[   76.545492] firmadyne: sys_setsockopt[PID: 980 (upnpkits)]: fd:3, level:65535, optname:25
[   76.552291] firmadyne: sys_setsockopt[PID: 980 (upnpkits)]: fd:3, level:0, optname:33
[   76.776528] firmadyne: sys_socket[PID: 982 (xmldbc)]: family:1, type:2, protocol:0
[   76.839126] firmadyne: sys_socket[PID: 983 (upnpkits)]: family:2, type:1, protocol:0
[   76.840309] firmadyne: sys_setsockopt[PID: 983 (upnpkits)]: fd:3, level:65535, optname:25
[   76.841375] firmadyne: sys_setsockopt[PID: 983 (upnpkits)]: fd:3, level:0, optname:33
[   76.873957] firmadyne: sys_socket[PID: 984 (atp)]: family:1, type:2, protocol:0
[   77.068876] firmadyne: sys_socket[PID: 986 (xmldbc)]: family:1, type:2, protocol:0
[   77.102038] firmadyne: sys_socket[PID: 987 (upnpkits)]: family:2, type:1, protocol:0
[   77.103214] firmadyne: sys_setsockopt[PID: 987 (upnpkits)]: fd:3, level:65535, optname:25
[   77.104272] firmadyne: sys_setsockopt[PID: 987 (upnpkits)]: fd:3, level:0, optname:33
[   77.295355] firmadyne: sys_socket[PID: 989 (xmldbc)]: family:1, type:2, protocol:0
[   77.328641] firmadyne: sys_socket[PID: 990 (upnpkits)]: family:2, type:1, protocol:0
[   77.334511] firmadyne: sys_setsockopt[PID: 990 (upnpkits)]: fd:3, level:65535, optname:25
[   77.335527] firmadyne: sys_setsockopt[PID: 990 (upnpkits)]: fd:3, level:0, optname:33
[   77.569059] firmadyne: sys_socket[PID: 992 (xmldbc)]: family:1, type:2, protocol:0
[   77.630794] firmadyne: sys_socket[PID: 993 (upnpkits)]: family:2, type:1, protocol:0
[   77.632060] firmadyne: sys_setsockopt[PID: 993 (upnpkits)]: fd:3, level:65535, optname:25
[   77.633185] firmadyne: sys_setsockopt[PID: 993 (upnpkits)]: fd:3, level:0, optname:33
[   77.640961] firmadyne: sys_socket[PID: 994 (atp)]: family:1, type:2, protocol:0
[   77.854954] firmadyne: sys_socket[PID: 996 (xmldbc)]: family:1, type:2, protocol:0
[   77.887150] firmadyne: sys_socket[PID: 997 (upnpkits)]: family:2, type:1, protocol:0
[   77.888328] firmadyne: sys_setsockopt[PID: 997 (upnpkits)]: fd:3, level:65535, optname:25
[   77.889412] firmadyne: sys_setsockopt[PID: 997 (upnpkits)]: fd:3, level:0, optname:33
[   78.071762] firmadyne: sys_socket[PID: 999 (xmldbc)]: family:1, type:2, protocol:0
[   78.107365] firmadyne: sys_socket[PID: 1000 (upnpkits)]: family:2, type:1, protocol:0
[   78.108556] firmadyne: sys_setsockopt[PID: 1000 (upnpkits)]: fd:3, level:65535, optname:25
[   78.115223] firmadyne: sys_setsockopt[PID: 1000 (upnpkits)]: fd:3, level:0, optname:33
[   78.336518] firmadyne: sys_socket[PID: 1002 (xmldbc)]: family:1, type:2, protocol:0
[   78.395907] firmadyne: sys_socket[PID: 1003 (upnpkits)]: family:2, type:1, protocol:0
[   78.397118] firmadyne: sys_setsockopt[PID: 1003 (upnpkits)]: fd:3, level:65535, optname:25
[   78.409990] firmadyne: sys_setsockopt[PID: 1003 (upnpkits)]: fd:3, level:0, optname:33
[   78.429071] firmadyne: sys_socket[PID: 1004 (atp)]: family:1, type:2, protocol:0
[   78.637826] firmadyne: sys_socket[PID: 1006 (xmldbc)]: family:1, type:2, protocol:0
[   78.668608] firmadyne: sys_socket[PID: 1007 (upnpkits)]: family:2, type:1, protocol:0
[   78.671758] firmadyne: sys_setsockopt[PID: 1007 (upnpkits)]: fd:3, level:65535, optname:25
[   78.672763] firmadyne: sys_setsockopt[PID: 1007 (upnpkits)]: fd:3, level:0, optname:33
[   78.866761] firmadyne: sys_socket[PID: 1009 (xmldbc)]: family:1, type:2, protocol:0
[   78.900459] firmadyne: sys_socket[PID: 1010 (upnpkits)]: family:2, type:1, protocol:0
[   78.906281] firmadyne: sys_setsockopt[PID: 1010 (upnpkits)]: fd:3, level:65535, optname:25
[   78.907312] firmadyne: sys_setsockopt[PID: 1010 (upnpkits)]: fd:3, level:0, optname:33
[   79.145104] firmadyne: sys_socket[PID: 1012 (xmldbc)]: family:1, type:2, protocol:0
[   79.192385] firmadyne: sys_socket[PID: 1014 (atp)]: family:1, type:2, protocol:0
[   79.207413] firmadyne: sys_socket[PID: 1013 (upnpkits)]: family:2, type:1, protocol:0
[   79.208649] firmadyne: sys_setsockopt[PID: 1013 (upnpkits)]: fd:3, level:65535, optname:25
[   79.216399] firmadyne: sys_setsockopt[PID: 1013 (upnpkits)]: fd:3, level:0, optname:33
[   79.437905] firmadyne: sys_socket[PID: 1016 (xmldbc)]: family:1, type:2, protocol:0
[   79.470223] firmadyne: sys_socket[PID: 1017 (upnpkits)]: family:2, type:1, protocol:0
[   79.471451] firmadyne: sys_setsockopt[PID: 1017 (upnpkits)]: fd:3, level:65535, optname:25
[   79.472484] firmadyne: sys_setsockopt[PID: 1017 (upnpkits)]: fd:3, level:0, optname:33
[   79.607284] firmadyne: sys_socket[PID: 1019 (xmldbc)]: family:1, type:2, protocol:0
start WAN ...
[   79.760489] firmadyne: sys_socket[PID: 1023 (rgdb)]: family:1, type:2, protocol:0
Set WAN port media type 0
[   79.938925] firmadyne: sys_socket[PID: 1025 (atp)]: family:1, type:2, protocol:0
open failed (/proc/driver/ae531x)...
[   80.571995] firmadyne: sys_socket[PID: 1028 (atp)]: family:1, type:2, protocol:0
open failed (/proc/driver/ae531x)...
[   81.196113] firmadyne: sys_socket[PID: 1030 (atp)]: family:1, type:2, protocol:0
[/usr/sbin/submit] COMMIT ...
[   82.992865] firmadyne: sys_socket[PID: 1036 (xmldbc)]: family:1, type:2, protocol:0
[/etc/templates/wan.sh] start ...
[/etc/scripts/misc/profile.sh] put ...
[   83.404051] firmadyne: sys_socket[PID: 1042 (rgdb)]: family:1, type:2, protocol:0
[   83.609844] firmadyne: sys_socket[PID: 1046 (rgdb)]: family:1, type:2, protocol:0
[   83.818558] firmadyne: sys_socket[PID: 1047 (rgdb)]: family:1, type:2, protocol:0
[/var/run/wan_start.sh] ...
[   84.348065] firmadyne: sys_socket[PID: 1051 (ifconfig)]: family:2, type:1, protocol:0
[   84.408422] firmadyne: sys_socket[PID: 1053 (ifconfig)]: family:2, type:1, protocol:0
[   84.551038] firmadyne: sys_socket[PID: 1054 (rgdb)]: family:1, type:2, protocol:0
Restore WAN MAC : 00:de:fa:19:c0:02
DHCP client on WAN(eth0.2) CloneMAC() ...
ok
[   84.701524] firmadyne: sys_socket[PID: 1059 (ifconfig)]: family:2, type:1, protocol:0
[   84.802198] firmadyne: sys_socket[PID: 1061 (rgdb)]: family:1, type:2, protocol:0
start LLD2D ...
[   85.032903] firmadyne: sys_socket[PID: 1063 (udhcpc)]: family:2, type:3, protocol:255
[   85.047817] firmadyne: sys_socket[PID: 1063 (udhcpc)]: family:17, type:1, protocol:2048
[   85.054318] firmadyne: sys_socket[PID: 1063 (udhcpc)]: family:17, type:1, protocol:2048
[   85.066283] firmadyne: sys_socket[PID: 1063 (udhcpc)]: family:1, type:1, protocol:0
[/etc/templates/lld2d.sh] ...
[   85.241284] firmadyne: sys_socket[PID: 1069 (rgdb)]: family:1, type:2, protocol:0
[   85.405154] firmadyne: sys_socket[PID: 1070 (atp)]: family:1, type:2, protocol:0
[   85.451818] firmadyne: sys_socket[PID: 1071 (rgdb)]: family:1, type:2, protocol:0
[/var/run/lld2d_start.sh] ...
Start LLD2 daemon ...
[   86.867347] firmadyne: sys_socket[PID: 1075 (lld2d)]: family:17, type:3, protocol:35033
[   86.869083] firmadyne: sys_socket[PID: 1075 (lld2d)]: family:2, type:1, protocol:0
[   86.902135] firmadyne: sys_socket[PID: 1078 (rgdb)]: family:1, type:2, protocol:0
start Neaps ...
[/etc/templates/neaps.sh] start ...
[   87.090362] firmadyne: sys_socket[PID: 1063 (udhcpc)]: family:17, type:1, protocol:2048
[   87.188074] firmadyne: sys_socket[PID: 1084 (xmldbc)]: family:1, type:2, protocol:0
[   87.270373] firmadyne: sys_socket[PID: 1085 (atp)]: family:1, type:2, protocol:0
[   87.343232] firmadyne: sys_socket[PID: 1086 (xmldbc)]: family:1, type:2, protocol:0
[   87.427743] firmadyne: sys_socket[PID: 1087 (xmldbc)]: family:1, type:2, protocol:0
[/var/run/neaps_start.sh] ...
Start Neap Server ...
[   87.690848] firmadyne: sys_socket[PID: 1091 (neaps)]: family:2, type:3, protocol:255
[   87.693367] firmadyne: sys_socket[PID: 1091 (neaps)]: family:2, type:1, protocol:17
[   87.701988] firmadyne: sys_setsockopt[PID: 1091 (neaps)]: fd:3, level:65535, optname:32
[   87.703210] firmadyne: sys_setsockopt[PID: 1091 (neaps)]: fd:3, level:65535, optname:4
[   87.704195] firmadyne: sys_setsockopt[PID: 1091 (neaps)]: fd:3, level:65535, optname:32
[   87.705241] firmadyne: sys_setsockopt[PID: 1091 (neaps)]: fd:3, level:65535, optname:25
[   87.713930] firmadyne: inet_bind[PID: 1091 (neaps)]: proto:SOCK_DGRAM, port:64512
[   87.714995] firmadyne: sys_socket[PID: 1091 (neaps)]: family:2, type:3, protocol:255
[   87.744072] firmadyne: sys_socket[PID: 1093 (rgdb)]: family:1, type:2, protocol:0
start igmpproxy ...
[   87.941302] firmadyne: sys_socket[PID: 1097 (atp)]: family:1, type:2, protocol:0
[/etc/templates/igmpproxy.sh] start ...
[   88.128035] firmadyne: sys_socket[PID: 1101 (xmldbc)]: family:1, type:2, protocol:0
[   88.311011] firmadyne: sys_socket[PID: 1102 (xmldbc)]: family:1, type:2, protocol:0
[/var/run/igmpproxy_start.sh] ...
Start IGMP proxy ...
/proc/net/br_igmpp_br0: cannot create
/proc/net/br_mac_br0: cannot create
/proc/net/br_igmpp_br0: cannot create
[   88.721299] firmadyne: sys_socket[PID: 1106 (atp)]: family:1, type:2, protocol:0
[   88.751415] firmadyne: sys_socket[PID: 1107 (igmpproxy)]: family:2, type:3, protocol:2
[   88.752604] firmadyne: sys_setsockopt[PID: 1107 (igmpproxy)]: fd:5, level:0, optname:200
[   88.769248] firmadyne: sys_socket[PID: 1107 (igmpproxy)]: family:2, type:1, protocol:0
[   88.792278] firmadyne: sys_socket[PID: 1107 (igmpproxy)]: family:2, type:1, protocol:0
[   88.810220] firmadyne: sys_socket[PID: 1107 (igmpproxy)]: family:2, type:1, protocol:0
[   88.812139] firmadyne: sys_setsockopt[PID: 1107 (igmpproxy)]: fd:5, level:0, optname:202
[   88.813551] firmadyne: sys_setsockopt[PID: 1107 (igmpproxy)]: fd:5, level:0, optname:35
[   88.823986] firmadyne: sys_setsockopt[PID: 1107 (igmpproxy)]: fd:5, level:0, optname:35
[   88.825813] firmadyne: sys_setsockopt[PID: 1107 (igmpproxy)]: fd:5, level:0, optname:3
[   88.833205] firmadyne: sys_setsockopt[PID: 1107 (igmpproxy)]: fd:5, level:0, optname:34
[   88.835467] firmadyne: sys_setsockopt[PID: 1107 (igmpproxy)]: fd:5, level:0, optname:32
[   88.850014] firmadyne: sys_setsockopt[PID: 1107 (igmpproxy)]: fd:5, level:0, optname:32
[/etc/init.d/S10system.sh] done!
rcS done!
[   89.396477] firmadyne: sys_socket[PID: 1125 (atp)]: family:1, type:2, protocol:0
[   90.023079] firmadyne: sys_socket[PID: 1126 (atp)]: family:1, type:2, protocol:0
[   90.650009] firmadyne: sys_socket[PID: 1127 (atp)]: family:1, type:2, protocol:0
[   91.110225] firmadyne: sys_socket[PID: 1063 (udhcpc)]: family:17, type:1, protocol:2048
[   92.319742] firmadyne: sys_socket[PID: 1128 (atp)]: family:1, type:2, protocol:0
[/usr/sbin/submit] COMMIT ...
[   93.106617] firmadyne: sys_socket[PID: 1134 (xmldbc)]: family:1, type:2, protocol:0
[/etc/scripts/misc/profile.sh] put ...
[   93.426441] firmadyne: sys_socket[PID: 1140 (rgdb)]: family:1, type:2, protocol:0
ok
