[    0.000000] Linux version 4.1.17+ (alessio@pc) (gcc version 5.5.0 20171010 (Ubuntu 5.5.0-12ubuntu1) ) #1 Mon May 15 23:04:08 CEST 2023
[    0.000000] earlycon: Early serial console at I/O port 0x3f8 (options '38400n8')
[    0.000000] bootconsole [uart0] enabled
[    0.000000] CPU0 revision is: 00019300 (MIPS 24Kc)
[    0.000000] FPU revision is: 00739300
[    0.000000] Software DMA cache coherency enabled
[    0.000000] Determined physical RAM map:
[    0.000000]  memory: 00001000 @ 00000000 (reserved)
[    0.000000]  memory: 000ef000 @ 00001000 (ROM data)
[    0.000000]  memory: 00798000 @ 000f0000 (reserved)
[    0.000000]  memory: 0f777000 @ 00888000 (usable)
[    0.000000] debug: ignoring loglevel setting.
[    0.000000] Wasting 69888 bytes for tracking 2184 unused pages
[    0.000000] Initrd not found or empty - disabling initrd
[    0.000000] Zone ranges:
[    0.000000]   DMA      [mem 0x0000000000000000-0x0000000000ffffff]
[    0.000000]   Normal   [mem 0x0000000001000000-0x000000000fffefff]
[    0.000000] Movable zone start for each node
[    0.000000] Early memory node ranges
[    0.000000]   node   0: [mem 0x0000000000000000-0x000000000fffefff]
[    0.000000] Initmem setup node 0 [mem 0x0000000000000000-0x000000000fffefff]
[    0.000000] On node 0 totalpages: 65535
[    0.000000] free_area_init_node: node 0, pgdat 8081d5b0, node_mem_map 81000000
[    0.000000]   DMA zone: 32 pages used for memmap
[    0.000000]   DMA zone: 0 pages reserved
[    0.000000]   DMA zone: 4096 pages, LIFO batch:0
[    0.000000]   Normal zone: 480 pages used for memmap
[    0.000000]   Normal zone: 61439 pages, LIFO batch:15
[    0.000000] Primary instruction cache 2kB, VIPT, 2-way, linesize 16 bytes.
[    0.000000] Primary data cache 2kB, 2-way, VIPT, no aliases, linesize 16 bytes
[    0.000000] pcpu-alloc: s0 r0 d32768 u32768 alloc=1*32768
[    0.000000] pcpu-alloc: [0] 0 
[    0.000000] Built 1 zonelists in Zone order, mobility grouping on.  Total pages: 65023
[    0.000000] Kernel command line: root=/dev/sda1 console=ttyS0 nandsim.parts=64,64,64,64,64,64,64,64,64,64 rdinit=/firmadyne/preInit.sh rw debug ignore_loglevel print-fatal-signals=1 FIRMAE_NET=true FIRMAE_NVRAM=true FIRMAE_KERNEL=true FIRMAE_ETC=true user_debug=0 firmadyne.syscall=1 noka
[    0.000000] found FIRMAE_KERNEL=t
[    0.000000] set the LD_PRELOAD=/firmadyne/libnvram_ioctl.so
[    0.000000] PID hash table entries: 1024 (order: 0, 4096 bytes)
[    0.000000] Dentry cache hash table entries: 32768 (order: 5, 131072 bytes)
[    0.000000] Inode-cache hash table entries: 16384 (order: 4, 65536 bytes)
[    0.000000] Writing ErrCtl register=00000000
[    0.000000] Readback ErrCtl register=00000000
[    0.000000] Memory: 251112K/262140K available (5360K kernel code, 244K rwdata, 1676K rodata, 260K init, 158K bss, 11028K reserved, 0K cma-reserved)
[    0.000000] NR_IRQS:256
[    0.000000] CPU frequency 200.00 MHz
[    0.000000] clocksource MIPS: mask: 0xffffffff max_cycles: 0xffffffff, max_idle_ns: 19112612115 ns
[    0.000177] sched_clock: 32 bits at 99MHz, resolution 10ns, wraps every 21474844666ns
[    0.011828] Console: colour dummy device 80x25
[    0.012884] Calibrating delay loop... 35.84 BogoMIPS (lpj=71680)
[    0.065440] pid_max: default: 32768 minimum: 301
[    0.068849] Mount-cache hash table entries: 1024 (order: 0, 4096 bytes)
[    0.069765] Mountpoint-cache hash table entries: 1024 (order: 0, 4096 bytes)
[    0.121710] clocksource jiffies: mask: 0xffffffff max_cycles: 0xffffffff, max_idle_ns: 7645041785100000 ns
[    0.130750] NET: Registered protocol family 16
[    0.353261] clocksource pit: mask: 0xffffffff max_cycles: 0xffffffff, max_idle_ns: 1601818034827 ns
[    0.475794] vgaarb: loaded
[    0.480558] SCSI subsystem initialized
[    0.482718] libata version 3.00 loaded.
[    0.486386] usbcore: registered new interface driver usbfs
[    0.487757] usbcore: registered new interface driver hub
[    0.488835] usbcore: registered new device driver usb
[    0.491316] pps_core: LinuxPPS API ver. 1 registered
[    0.491878] pps_core: Software ver. 5.3.6 - Copyright 2005-2007 Rodolfo Giometti <giometti@linux.it>
[    0.493003] PTP clock support registered
[    0.497326] PCI host bridge to bus 0000:00
[    0.498136] pci_bus 0000:00: root bus resource [mem 0x10000000-0x17ffffff]
[    0.499092] pci_bus 0000:00: root bus resource [io  0x1000-0x1fffff]
[    0.499828] pci_bus 0000:00: root bus resource [??? 0x00000000 flags 0x0]
[    0.500542] pci_bus 0000:00: No busn resource found for root bus, will use [bus 00-ff]
[    0.501915] pci 0000:00:00.0: [11ab:4620] type 00 class 0x060000
[    0.502931] pci 0000:00:00.0: [Firmware Bug]: reg 0x14: invalid BAR (can't size)
[    0.503821] pci 0000:00:00.0: [Firmware Bug]: reg 0x18: invalid BAR (can't size)
[    0.504597] pci 0000:00:00.0: [Firmware Bug]: reg 0x1c: invalid BAR (can't size)
[    0.505370] pci 0000:00:00.0: [Firmware Bug]: reg 0x20: invalid BAR (can't size)
[    0.506151] pci 0000:00:00.0: [Firmware Bug]: reg 0x24: invalid BAR (can't size)
[    0.509926] pci 0000:00:0a.0: [8086:7110] type 00 class 0x060100
[    0.513280] pci 0000:00:0a.1: [8086:7111] type 00 class 0x010180
[    0.514170] pci 0000:00:0a.1: reg 0x20: [io  0x0000-0x000f]
[    0.514881] pci 0000:00:0a.1: legacy IDE quirk: reg 0x10: [io  0x01f0-0x01f7]
[    0.515785] pci 0000:00:0a.1: legacy IDE quirk: reg 0x14: [io  0x03f6]
[    0.516516] pci 0000:00:0a.1: legacy IDE quirk: reg 0x18: [io  0x0170-0x0177]
[    0.517248] pci 0000:00:0a.1: legacy IDE quirk: reg 0x1c: [io  0x0376]
[    0.520266] pci 0000:00:0a.2: [8086:7112] type 00 class 0x0c0300
[    0.521048] pci 0000:00:0a.2: reg 0x20: [io  0x0000-0x001f]
[    0.524044] pci 0000:00:0a.3: [8086:7113] type 00 class 0x068000
[    0.525383] pci 0000:00:0a.3: quirk: [io  0x1000-0x103f] claimed by PIIX4 ACPI
[    0.526198] pci 0000:00:0a.3: quirk: [io  0x1100-0x110f] claimed by PIIX4 SMB
[    0.529292] pci 0000:00:12.0: [1013:00b8] type 00 class 0x030000
[    0.530062] pci 0000:00:12.0: reg 0x10: [mem 0x00000000-0x01ffffff pref]
[    0.530816] pci 0000:00:12.0: reg 0x14: [mem 0x00000000-0x00000fff]
[    0.531619] pci 0000:00:12.0: reg 0x30: [mem 0x00000000-0x0000ffff pref]
[    0.534207] vgaarb: device added: PCI:0000:00:12.0,decodes=io+mem,owns=none,locks=none
[    0.535571] pci 0000:00:13.0: [8086:100e] type 00 class 0x020000
[    0.536352] pci 0000:00:13.0: reg 0x10: [mem 0x00000000-0x0001ffff]
[    0.537196] pci 0000:00:13.0: reg 0x14: [io  0x0000-0x003f]
[    0.537937] pci 0000:00:13.0: reg 0x30: [mem 0x00000000-0x0003ffff pref]
[    0.540892] pci 0000:00:14.0: [8086:100e] type 00 class 0x020000
[    0.541656] pci 0000:00:14.0: reg 0x10: [mem 0x00000000-0x0001ffff]
[    0.542390] pci 0000:00:14.0: reg 0x14: [io  0x0000-0x003f]
[    0.543128] pci 0000:00:14.0: reg 0x30: [mem 0x00000000-0x0003ffff pref]
[    0.546243] pci 0000:00:15.0: [8086:100e] type 00 class 0x020000
[    0.547024] pci 0000:00:15.0: reg 0x10: [mem 0x00000000-0x0001ffff]
[    0.547775] pci 0000:00:15.0: reg 0x14: [io  0x0000-0x003f]
[    0.548535] pci 0000:00:15.0: reg 0x30: [mem 0x00000000-0x0003ffff pref]
[    0.551510] pci 0000:00:16.0: [8086:100e] type 00 class 0x020000
[    0.552241] pci 0000:00:16.0: reg 0x10: [mem 0x00000000-0x0001ffff]
[    0.552962] pci 0000:00:16.0: reg 0x14: [io  0x0000-0x003f]
[    0.553861] pci 0000:00:16.0: reg 0x30: [mem 0x00000000-0x0003ffff pref]
[    0.556875] pci_bus 0000:00: busn_res: [bus 00-ff] end is updated to 00
[    0.558691] pci 0000:00:12.0: BAR 0: assigned [mem 0x10000000-0x11ffffff pref]
[    0.559595] pci 0000:00:13.0: BAR 6: assigned [mem 0x12000000-0x1203ffff pref]
[    0.560429] pci 0000:00:14.0: BAR 6: assigned [mem 0x12040000-0x1207ffff pref]
[    0.561227] pci 0000:00:15.0: BAR 6: assigned [mem 0x12080000-0x120bffff pref]
[    0.562125] pci 0000:00:16.0: BAR 6: assigned [mem 0x120c0000-0x120fffff pref]
[    0.562904] pci 0000:00:13.0: BAR 0: assigned [mem 0x12100000-0x1211ffff]
[    0.563682] pci 0000:00:14.0: BAR 0: assigned [mem 0x12120000-0x1213ffff]
[    0.564454] pci 0000:00:15.0: BAR 0: assigned [mem 0x12140000-0x1215ffff]
[    0.565235] pci 0000:00:16.0: BAR 0: assigned [mem 0x12160000-0x1217ffff]
[    0.566044] pci 0000:00:12.0: BAR 6: assigned [mem 0x12180000-0x1218ffff pref]
[    0.566957] pci 0000:00:12.0: BAR 1: assigned [mem 0x12190000-0x12190fff]
[    0.567756] pci 0000:00:13.0: BAR 1: assigned [io  0x1040-0x107f]
[    0.568512] pci 0000:00:14.0: BAR 1: assigned [io  0x1080-0x10bf]
[    0.569232] pci 0000:00:15.0: BAR 1: assigned [io  0x10c0-0x10ff]
[    0.569949] pci 0000:00:16.0: BAR 1: assigned [io  0x1400-0x143f]
[    0.570896] pci 0000:00:0a.2: BAR 4: assigned [io  0x1440-0x145f]
[    0.571633] pci 0000:00:0a.1: BAR 4: assigned [io  0x1460-0x146f]
[    0.587169] cfg80211: Calling CRDA to update world regulatory domain
[    0.598725] Switched to clocksource MIPS
[    0.692815] NET: Registered protocol family 2
[    0.703213] TCP established hash table entries: 2048 (order: 1, 8192 bytes)
[    0.704414] TCP bind hash table entries: 2048 (order: 1, 8192 bytes)
[    0.705524] TCP: Hash tables configured (established 2048 bind 2048)
[    0.706710] UDP hash table entries: 256 (order: 0, 4096 bytes)
[    0.707640] UDP-Lite hash table entries: 256 (order: 0, 4096 bytes)
[    0.711304] NET: Registered protocol family 1
[    0.712985] PCI: Enabling device 0000:00:0a.2 (0000 -> 0001)
[    0.714502] PCI: CLS 0 bytes, default 16
[    0.741337] futex hash table entries: 256 (order: -1, 3072 bytes)
[    0.754642] squashfs: version 4.0 (2009/01/31) Phillip Lougher
[    0.757130] jffs2: version 2.2. (NAND) Â© 2001-2006 Red Hat, Inc.
[    0.760481] romfs: ROMFS MTD (C) 2007 Red Hat, Inc.
[    0.780606] Block layer SCSI generic (bsg) driver version 0.4 loaded (major 251)
[    0.781469] io scheduler noop registered
[    0.782230] io scheduler cfq registered (default)
[    0.783403] firmadyne: devfs: 1, execute: 1, procfs: 1, syscall: 1
[    0.788593] firmadyne: Cannot register character device: gpio, 0xfc, 0x0!
[    0.796114] firmadyne: Cannot register character device: watchdog, 0xa, 0x82!
[    0.796783] firmadyne: Cannot register character device: wdt, 0xfd, 0x0!
[    2.217812] strName = 4.1.17+
[    2.217812] init_task_addr  = 2155778944
[    2.217812] init_task_size  = 1296
[    2.217812] ts_tasks        = 292
[    2.217812] ts_pid          = 408
[    2.217812] ts_tgid         = 412
[    2.217812] ts_group_leader = 440
[    2.217812] ts_thread_group = 496
[    2.217812] ts_real_parent  = 416
[    2.217812] ts_mm           = 300
[    2.217812] ts_stack        = 4
[    2.221404] module_name   = 12
[    2.221404] module_size   = 208
[    2.221404] module_init   = 200
[    2.221404] module_list   = 4
[    2.222691] ts_real_cred    = 624
[    2.222691] ts_cred         = 628
[    2.222691] ts_comm         = 632
[    2.222691] cred_uid        = 4
[    2.222691] cred_gid        = 8
[    2.222691] cred_euid       = 20
[    2.222691] cred_egid       = 24
[    2.224799] mm_mmap         = 0
[    2.224799] mm_pgd          = 32
[    2.224799] mm_arg_start    = 136
[    2.224799] mm_start_brk    = 124
[    2.224799] mm_brk          = 128
[    2.224799] mm_start_stack  = 132
[    2.226573] vma_vm_start    = 0
[    2.226573] vma_vm_end      = 4
[    2.226573] vma_vm_next     = 8
[    2.226573] vma_vm_file     = 80
[    2.226573] vma_vm_flags    = 40
[    2.226573] vma_vm_pgoff    = 76
[    2.228692] file_dentry     = 12
[    2.228692] file_inode      = 40
[    2.228692] dentry_d_name   = 24
[    2.228692] dentry_d_iname  = 44
[    2.228692] dentry_d_parent = 16
[    2.228692] ti_task         = 0
[    2.228692] inode_ino   = 28
[    3.117712] proc_fork_connector  = 2151078840
[    3.118281] proc_exit_connector  = 2151080432
[    3.118979] proc_exec_connector  = 2151079052
[    3.119473] vma_link  = 2149124372
[    3.119876] vma_adjust  = 2149124540
[    3.120327] remove_vma  = 2149122188
[    3.120766] modules  = 2155833724
[    3.121182] trim_init_extable  = 2150545316
[    3.124468] PCI: Enabling device 0000:00:12.0 (0000 -> 0002)
[    3.125783] cirrusfb 0000:00:12.0: Cirrus Logic chipset on PCI bus, RAM (4096 kB) at 0x10000000
[    3.363832] Console: switching to colour frame buffer device 80x30
[    3.420758] Serial: 8250/16550 driver, 4 ports, IRQ sharing enabled
[    3.432997] console [ttyS0] disabled
[    3.460211] serial8250.0: ttyS0 at I/O 0x3f8 (irq = 4, base_baud = 115200) is a 16550A
[    3.461550] console [ttyS0] enabled
[    3.461550] console [ttyS0] enabled
[    3.462342] bootconsole [uart0] disabled
[    3.462342] bootconsole [uart0] disabled
[    3.491935] serial8250.0: ttyS1 at I/O 0x2f8 (irq = 3, base_baud = 115200) is a 16550A
[    3.594369] brd: module loaded
[    3.647911] loop: module loaded
[    3.653504] ata_piix 0000:00:0a.1: version 2.13
[    3.654169] PCI: Enabling device 0000:00:0a.1 (0000 -> 0001)
[    3.676458] scsi host0: ata_piix
[    3.681440] scsi host1: ata_piix
[    3.684941] ata1: PATA max UDMA/33 cmd 0x1f0 ctl 0x3f6 bmdma 0x1460 irq 14
[    3.685649] ata2: PATA max UDMA/33 cmd 0x170 ctl 0x376 bmdma 0x1468 irq 15
[    3.691929] [nandsim] warning: read_byte: unexpected data output cycle, state is STATE_READY return 0x0
[    3.692801] [nandsim] warning: read_byte: unexpected data output cycle, state is STATE_READY return 0x0
[    3.693683] [nandsim] warning: read_byte: unexpected data output cycle, state is STATE_READY return 0x0
[    3.694555] [nandsim] warning: read_byte: unexpected data output cycle, state is STATE_READY return 0x0
[    3.695638] [nandsim] warning: read_byte: unexpected data output cycle, state is STATE_READY return 0x0
[    3.696510] [nandsim] warning: read_byte: unexpected data output cycle, state is STATE_READY return 0x0
[    3.697555] nand: device found, Manufacturer ID: 0x98, Chip ID: 0x39
[    3.698244] nand: Toshiba NAND 128MiB 1,8V 8-bit
[    3.698983] nand: 128 MiB, SLC, erase size: 16 KiB, page size: 512, OOB size: 16
[    3.700808] flash size: 128 MiB
[    3.701181] page size: 512 bytes
[    3.701571] OOB area size: 16 bytes
[    3.701983] sector size: 16 KiB
[    3.702361] pages number: 262144
[    3.702902] pages per sector: 32
[    3.703278] bus width: 8
[    3.703614] bits in sector size: 14
[    3.704043] bits in page size: 9
[    3.704466] bits in OOB size: 4
[    3.704883] flash size with OOB: 135168 KiB
[    3.705341] page address bytes: 4
[    3.705734] sector address bytes: 3
[    3.706139] options: 0x42
[    3.779112] Scanning device for bad blocks
[    4.788849] cfg80211: Calling CRDA to update world regulatory domain
[    4.793723] ata1.01: NODEV after polling detection
[    4.794822] ata2.01: NODEV after polling detection
[    4.796704] ata2.00: ATAPI: QEMU DVD-ROM, 2.5+, max UDMA/100
[    4.798548] ata1.00: ATA-7: QEMU HARDDISK, 2.5+, max UDMA/100
[    4.799614] ata1.00: 2097152 sectors, multi 16: LBA48 
[    4.805069] ata2.00: configured for UDMA/33
[    4.807143] ata1.00: configured for UDMA/33
[    4.814978] scsi 0:0:0:0: Direct-Access     ATA      QEMU HARDDISK    2.5+ PQ: 0 ANSI: 5
[    4.829272] sd 0:0:0:0: [sda] 2097152 512-byte logical blocks: (1.07 GB/1.00 GiB)
[    4.831064] scsi 1:0:0:0: CD-ROM            QEMU     QEMU DVD-ROM     2.5+ PQ: 0 ANSI: 5
[    4.842903] sd 0:0:0:0: [sda] Write Protect is off
[    4.843540] sd 0:0:0:0: [sda] Mode Sense: 00 3a 00 00
[    4.845151] sd 0:0:0:0: [sda] Write cache: enabled, read cache: enabled, doesn't support DPO or FUA
[    4.855528]  sda: sda1
[    4.866143] sd 0:0:0:0: [sda] Attached SCSI disk
[    4.866943] Creating 11 MTD partitions on "NAND 128MiB 1,8V 8-bit":
[    4.867777] 0x000000000000-0x000000100000 : "NAND simulator partition 0"
[    4.877746] 0x000000100000-0x000000200000 : "NAND simulator partition 1"
[    4.887321] 0x000000200000-0x000000300000 : "NAND simulator partition 2"
[    4.896834] 0x000000300000-0x000000400000 : "NAND simulator partition 3"
[    4.906535] 0x000000400000-0x000000500000 : "NAND simulator partition 4"
[    4.916425] 0x000000500000-0x000000600000 : "NAND simulator partition 5"
[    4.926433] 0x000000600000-0x000000700000 : "NAND simulator partition 6"
[    4.936568] 0x000000700000-0x000000800000 : "NAND simulator partition 7"
[    4.946404] 0x000000800000-0x000000900000 : "NAND simulator partition 8"
[    4.955869] 0x000000900000-0x000000a00000 : "NAND simulator partition 9"
[    4.965175] 0x000000a00000-0x000008000000 : "NAND simulator partition 10"
[    5.004624] tun: Universal TUN/TAP device driver, 1.6
[    5.005154] tun: (C) 1999-2004 Max Krasnyansky <maxk@qualcomm.com>
[    5.008582] pcnet32: pcnet32.c:v1.35 21.Apr.2008 tsbogend@alpha.franken.de
[    5.010108] e1000: Intel(R) PRO/1000 Network Driver - version 7.3.21-k8-NAPI
[    5.010983] e1000: Copyright (c) 1999-2006 Intel Corporation.
[    5.012133] PCI: Enabling device 0000:00:13.0 (0000 -> 0003)
[    5.310317] e1000 0000:00:13.0 eth0: (PCI:33MHz:32-bit) 52:54:00:12:34:56
[    5.311251] e1000 0000:00:13.0 eth0: Intel(R) PRO/1000 Network Connection
[    5.312056] PCI: Enabling device 0000:00:14.0 (0000 -> 0003)
[    5.621009] e1000 0000:00:14.0 eth1: (PCI:33MHz:32-bit) 52:54:00:12:34:57
[    5.621733] e1000 0000:00:14.0 eth1: Intel(R) PRO/1000 Network Connection
[    5.622541] PCI: Enabling device 0000:00:15.0 (0000 -> 0003)
[    5.925005] e1000 0000:00:15.0 eth2: (PCI:33MHz:32-bit) 52:54:00:12:34:58
[    5.925739] e1000 0000:00:15.0 eth2: Intel(R) PRO/1000 Network Connection
[    5.926541] PCI: Enabling device 0000:00:16.0 (0000 -> 0003)
[    6.222896] e1000 0000:00:16.0 eth3: (PCI:33MHz:32-bit) 52:54:00:12:34:59
[    6.223601] e1000 0000:00:16.0 eth3: Intel(R) PRO/1000 Network Connection
[    6.224924] e1000e: Intel(R) PRO/1000 Network Driver - 2.3.2-k
[    6.225481] e1000e: Copyright(c) 1999 - 2014 Intel Corporation.
[    6.229621] PPP generic driver version 2.4.2
[    6.231850] PPP Deflate Compression module registered
[    6.232665] PPP MPPE Compression module registered
[    6.233243] NET: Registered protocol family 24
[    6.234063] ehci_hcd: USB 2.0 'Enhanced' Host Controller (EHCI) Driver
[    6.234864] ehci-pci: EHCI PCI platform driver
[    6.236079] ohci_hcd: USB 1.1 'Open' Host Controller (OHCI) Driver
[    6.236765] ohci-pci: OHCI PCI platform driver
[    6.237949] uhci_hcd: USB Universal Host Controller Interface driver
[    6.239854] uhci_hcd 0000:00:0a.2: UHCI Host Controller
[    6.240808] uhci_hcd 0000:00:0a.2: new USB bus registered, assigned bus number 1
[    6.242090] uhci_hcd 0000:00:0a.2: irq 11, io base 0x00001440
[    6.252834] hub 1-0:1.0: USB hub found
[    6.253704] hub 1-0:1.0: 2 ports detected
[    6.262411] usbcore: registered new interface driver usb-storage
[    6.266798] mousedev: PS/2 mouse device common for all mice
[    6.272912] rtc_cmos rtc_cmos: rtc core: registered rtc_cmos as rtc0
[    6.273872] rtc_cmos rtc_cmos: alarms up to one day, 242 bytes nvram
[    6.275576] i2c /dev entries driver
[    6.276880] piix4_smbus 0000:00:0a.3: SMBus Host Controller at 0x1100, revision 0
[    6.281524] sdhci: Secure Digital Host Controller Interface driver
[    6.282093] sdhci: Copyright(c) Pierre Ossman
[    6.284609] hidraw: raw HID events driver (C) Jiri Kosina
[    6.302801] usbcore: registered new interface driver usbhid
[    6.303373] usbhid: USB HID core driver
[    6.304613] Netfilter messages via NETLINK v0.30.
[    6.306070] nf_conntrack version 0.5.0 (3923 buckets, 15692 max)
[    6.309464] ctnetlink v0.93: registering with nfnetlink.
[    6.315085] ipip: IPv4 over IPv4 tunneling driver
[    6.327058] ip_tables: (C) 2000-2006 Netfilter Core Team
[    6.330055] arp_tables: (C) 2002 David S. Miller
[    6.332167] Initializing XFRM netlink socket
[    6.333485] NET: Registered protocol family 10
[    6.354223] ip6_tables: (C) 2000-2006 Netfilter Core Team
[    6.358321] sit: IPv6 over IPv4 tunneling driver
[    6.375482] NET: Registered protocol family 17
[    6.376594] bridge: automatic filtering via arp/ip/ip6tables has been deprecated. Update your scripts to load br_netfilter if you need this.
[    6.378140] Bridge firewalling registered
[    6.378883] Ebtables v2.0 registered
[    6.383428] 8021q: 802.1Q VLAN Support v1.8
[    6.404819] rtc_cmos rtc_cmos: setting system clock to 2025-07-23 18:01:14 UTC (1753293674)
[    6.425669] EXT2-fs (sda1): warning: mounting unchecked fs, running e2fsck is recommended
[    6.428199] VFS: Mounted root (ext2 filesystem) on device 8:1.
[    6.437265] Freeing YAMON memory: 956k freed
[    6.448998] Freeing unused kernel memory: 260K (8081f000 - 80860000)
[    6.459036] spurious 8259A interrupt: IRQ7.
[    6.571717] firmadyne: sys_reboot[PID: 48 (init)]: magic1:fee1dead, magic2:28121969, cmd:0
init started:  BusyBox v1.00 (2011.02.24-08:49+0000) multi-call binary
init started:  BusyBox v1.00 (2011.02.24-08:49+0000) multi-call binary
Starting pid 50, console /dev/ttyS0: '/usr/etc/rcS'
[    6.868108] firmadyne: do_execve: /firmadyne/console
[    6.868983] OFFSETS: offset of pid: 0x198 offset of comm: 0x278
mount: Mounting devpts on /dev/pts failed: No such file or directory
[    7.931067] cfg80211: Calling CRDA to update world regulatory domain
mknod: /dev/sc_led: File exists
insmod: cannot open module `/lib/modules/ipt_string.ko': No such file or directory
[    9.923033] random: nonblocking pool is initialized
[   10.144953] firmadyne: ioctl: 0x1
[   11.076634] cfg80211: Calling CRDA to update world regulatory domain
[   11.379058] firmadyne: sys_socket[PID: 92 (brctl)]: family:2, type:2, protocol:0
[   11.449349] firmadyne: sys_socket[PID: 93 (brctl)]: family:2, type:2, protocol:0
[   11.518678] firmadyne: sys_socket[PID: 94 (ifconfig)]: family:2, type:1, protocol:0
[   11.521424] firmadyne: __inet_insert_ifa[PID: 94 (ifconfig)]: device:eth0 ifa:0x00000000
[   11.536494] IPv6: ADDRCONF(NETDEV_UP): eth0: link is not ready
[   11.537145] 8021q: adding VLAN 0 to HW filter on device eth0
[   11.542541] e1000: eth0 NIC Link is Up 1000 Mbps Full Duplex, Flow Control: RX
[   11.545445] IPv6: ADDRCONF(NETDEV_CHANGE): eth0: link becomes ready
[   11.616286] firmadyne: sys_socket[PID: 95 (brctl)]: family:2, type:2, protocol:0
[   11.617525] firmadyne: sys_socket[PID: 95 (brctl)]: family:10, type:1, protocol:0
[   11.619888] firmadyne: br_add_if[PID: 95 (brctl)]: br:br0 dev:eth0
[   11.625202] device eth0 entered promiscuous mode
killall: dsl_cpe_control: no process killed
[   14.227298] cfg80211: Calling CRDA to update world regulatory domain
[   14.460249] firmadyne: ioctl: 0xc0a47204
[   14.479394] firmadyne: sys_socket[PID: 104 (ifconfig)]: family:2, type:1, protocol:0
[   14.481570] firmadyne: __inet_insert_ifa[PID: 104 (ifconfig)]: device:lo ifa:0x7f000001
[   14.491739] firmadyne: __inet_insert_ifa[PID: 104 (ifconfig)]: device:lo ifa:0x7f000001
[   14.612466] firmadyne: sys_socket[PID: 105 (route)]: family:2, type:1, protocol:0
[   14.836902] firmadyne: sys_socket[PID: 106 (klogd)]: family:1, type:1, protocol:0
[   14.839383] firmadyne: sys_socket[PID: 106 (klogd)]: family:1, type:2, protocol:0
[   14.848387] firmadyne: sys_socket[PID: 106 (klogd)]: family:1, type:1, protocol:0
[   14.849713] firmadyne: sys_socket[PID: 106 (klogd)]: family:1, type:2, protocol:0
[   14.862148] firmadyne: sys_socket[PID: 106 (klogd)]: family:1, type:1, protocol:0
[   14.867575] firmadyne: sys_socket[PID: 106 (klogd)]: family:1, type:2, protocol:0
[   14.870279] firmadyne: sys_socket[PID: 106 (klogd)]: family:1, type:1, protocol:0
[   14.875470] firmadyne: sys_socket[PID: 106 (klogd)]: family:1, type:2, protocol:0
[   14.878099] firmadyne: sys_socket[PID: 106 (klogd)]: family:1, type:1, protocol:0
[   14.883494] firmadyne: sys_socket[PID: 106 (klogd)]: family:1, type:2, protocol:0
[   14.886170] firmadyne: sys_socket[PID: 106 (klogd)]: family:1, type:1, protocol:0
[   14.891513] firmadyne: sys_socket[PID: 106 (klogd)]: family:1, type:2, protocol:0
[   14.894095] firmadyne: sys_socket[PID: 106 (klogd)]: family:1, type:1, protocol:0
[   14.899525] firmadyne: sys_socket[PID: 106 (klogd)]: family:1, type:2, protocol:0
[   14.902244] firmadyne: sys_socket[PID: 106 (klogd)]: family:1, type:1, protocol:0
[   14.907467] firmadyne: sys_socket[PID: 106 (klogd)]: family:1, type:2, protocol:0
[   14.910039] firmadyne: sys_socket[PID: 106 (klogd)]: family:1, type:1, protocol:0
[   14.919719] firmadyne: sys_socket[PID: 106 (klogd)]: family:1, type:2, protocol:0
[   14.922410] firmadyne: sys_socket[PID: 106 (klogd)]: family:1, type:1, protocol:0
[   14.928506] firmadyne: sys_socket[PID: 106 (klogd)]: family:1, type:2, protocol:0
[   14.931321] firmadyne: sys_socket[PID: 106 (klogd)]: family:1, type:1, protocol:0
[   14.932519] firmadyne: sys_socket[PID: 106 (klogd)]: family:1, type:2, protocol:0
[   14.939481] firmadyne: sys_socket[PID: 106 (klogd)]: family:1, type:1, protocol:0
[   14.940803] firmadyne: sys_socket[PID: 106 (klogd)]: family:1, type:2, protocol:0
[   14.947595] firmadyne: sys_socket[PID: 106 (klogd)]: family:1, type:1, protocol:0
[   14.948887] firmadyne: sys_socket[PID: 106 (klogd)]: family:1, type:2, protocol:0
[   14.952945] firmadyne: sys_socket[PID: 102 (dsl_cpe_control)]: family:2, type:2, protocol:0
[   14.953991] firmadyne: sys_setsockopt[PID: 102 (dsl_cpe_control)]: fd:4, level:65535, optname:8
[   14.955150] firmadyne: sys_setsockopt[PID: 102 (dsl_cpe_control)]: fd:4, level:65535, optname:4097
[   14.956049] firmadyne: sys_setsockopt[PID: 102 (dsl_cpe_control)]: fd:4, level:65535, optname:4098
[   14.956849] firmadyne: sys_setsockopt[PID: 102 (dsl_cpe_control)]: fd:4, level:6, optname:1
[   14.957835] firmadyne: inet_bind[PID: 102 (dsl_cpe_control)]: proto:SOCK_STREAM, port:8080
[   14.960169] firmadyne: sys_socket[PID: 106 (klogd)]: family:1, type:1, protocol:0
[   14.961478] firmadyne: sys_socket[PID: 106 (klogd)]: family:1, type:2, protocol:0
[   14.964235] firmadyne: sys_socket[PID: 106 (klogd)]: family:1, type:1, protocol:0
[   14.965440] firmadyne: sys_socket[PID: 106 (klogd)]: family:1, type:2, protocol:0
[   14.972405] firmadyne: sys_socket[PID: 106 (klogd)]: family:1, type:1, protocol:0
[   14.973792] firmadyne: sys_socket[PID: 106 (klogd)]: family:1, type:2, protocol:0
[   14.979048] firmadyne: ioctl: 0xc00c7224
[   14.979543] firmadyne: ioctl: 0xc00c721d
[   14.979984] firmadyne: ioctl: 0xc00c721d
[   14.980414] firmadyne: ioctl: 0xc00c721d
[   14.980837] firmadyne: ioctl: 0xc00c721d
[   14.981276] firmadyne: ioctl: 0xc00c721d
[   14.981700] firmadyne: ioctl: 0xc00c721d
[   14.982133] firmadyne: ioctl: 0xc00c721d
[   14.982648] firmadyne: ioctl: 0xc00c721d
[   14.985230] firmadyne: sys_socket[PID: 106 (klogd)]: family:1, type:1, protocol:0
[   14.986473] firmadyne: sys_socket[PID: 106 (klogd)]: family:1, type:2, protocol:0
[   14.989142] firmadyne: ioctl: 0xc00c721d
[   14.989601] firmadyne: ioctl: 0xc00c721d
[   14.990036] firmadyne: ioctl: 0xc00c721d
[   14.990571] firmadyne: ioctl: 0xc00c721d
[   14.991214] firmadyne: ioctl: 0xc00c721d
[   14.991646] firmadyne: ioctl: 0xc00c721d
[   14.992074] firmadyne: ioctl: 0xc00c721d
[   14.992500] firmadyne: ioctl: 0xc00c721d
[   14.992922] firmadyne: ioctl: 0xc00c721d
[   14.997094] firmadyne: sys_socket[PID: 106 (klogd)]: family:1, type:1, protocol:0
[   14.998474] firmadyne: sys_socket[PID: 106 (klogd)]: family:1, type:2, protocol:0
[   15.000406] firmadyne: ioctl: 0xc0207223
[   15.015898] firmadyne: ioctl: 0xc0207223
[   15.018746] firmadyne: sys_socket[PID: 106 (klogd)]: family:1, type:1, protocol:0
[   15.021095] firmadyne: ioctl: 0xc0207223
[   15.023137] firmadyne: ioctl: 0xc0207223
[   15.025021] firmadyne: sys_socket[PID: 106 (klogd)]: family:1, type:2, protocol:0
[   15.028098] firmadyne: ioctl: 0xc0207223
[   15.029557] firmadyne: ioctl: 0xc0207223
[   15.030671] firmadyne: ioctl: 0xc0207223
[   15.035531] firmadyne: sys_socket[PID: 106 (klogd)]: family:1, type:1, protocol:0
[   15.037169] firmadyne: sys_socket[PID: 106 (klogd)]: family:1, type:2, protocol:0
[   15.044069] firmadyne: ioctl: 0xc0207223
[   15.045200] firmadyne: ioctl: 0xc0207223
[   15.046266] firmadyne: ioctl: 0xc0207223
[   15.048541] firmadyne: sys_socket[PID: 106 (klogd)]: family:1, type:1, protocol:0
[   15.049901] firmadyne: sys_socket[PID: 106 (klogd)]: family:1, type:2, protocol:0
[   15.055777] firmadyne: ioctl: 0xc0207223
[   15.056887] firmadyne: ioctl: 0xc0207223
[   15.057985] firmadyne: ioctl: 0xc0207223
[   15.061055] firmadyne: sys_socket[PID: 106 (klogd)]: family:1, type:1, protocol:0
[   15.062392] firmadyne: sys_socket[PID: 106 (klogd)]: family:1, type:2, protocol:0
[   15.067426] firmadyne: ioctl: 0xc0207223
[   15.068771] firmadyne: ioctl: 0xc0207223
[   15.069868] firmadyne: ioctl: 0xc0207223
[   15.077144] firmadyne: sys_socket[PID: 106 (klogd)]: family:1, type:1, protocol:0
[   15.078471] firmadyne: sys_socket[PID: 106 (klogd)]: family:1, type:2, protocol:0
[   15.079934] firmadyne: ioctl: 0xc0207223
[   15.081063] firmadyne: ioctl: 0xc0207223
[   15.082139] firmadyne: ioctl: 0xc0207223
[   15.087432] firmadyne: ioctl: 0xc0207223
[   15.088546] firmadyne: ioctl: 0xc0207223
[   15.089649] firmadyne: ioctl: 0xc0207223
[   15.093073] firmadyne: sys_socket[PID: 106 (klogd)]: family:1, type:1, protocol:0
[   15.094398] firmadyne: sys_socket[PID: 106 (klogd)]: family:1, type:2, protocol:0
[   15.099018] firmadyne: ioctl: 0xc0207223
[   15.100230] firmadyne: ioctl: 0xc0207223
[   15.101359] firmadyne: ioctl: 0xc0207223
[   15.102437] firmadyne: ioctl: 0xc0207223
[   15.105067] firmadyne: sys_socket[PID: 106 (klogd)]: family:1, type:1, protocol:0
[   15.106343] firmadyne: sys_socket[PID: 106 (klogd)]: family:1, type:2, protocol:0
[   15.111680] firmadyne: ioctl: 0xc0207223
[   15.112779] firmadyne: ioctl: 0xc0207223
[   15.113851] firmadyne: ioctl: 0xc0207223
[   15.116928] firmadyne: sys_socket[PID: 106 (klogd)]: family:1, type:1, protocol:0
[   15.118204] firmadyne: sys_socket[PID: 106 (klogd)]: family:1, type:2, protocol:0
[   15.123277] firmadyne: ioctl: 0xc0207223
[   15.124465] firmadyne: ioctl: 0xc0207223
[   15.125574] firmadyne: ioctl: 0xc0207223
[   15.126917] firmadyne: ioctl: 0xc0207223
[   15.132981] firmadyne: sys_socket[PID: 106 (klogd)]: family:1, type:1, protocol:0
[   15.134258] firmadyne: sys_socket[PID: 106 (klogd)]: family:1, type:2, protocol:0
[   15.136081] firmadyne: ioctl: 0xc0207223
[   15.137184] firmadyne: ioctl: 0xc0207223
[   15.138267] firmadyne: ioctl: 0xc0207223
[   15.144891] firmadyne: sys_socket[PID: 106 (klogd)]: family:1, type:1, protocol:0
[   15.146150] firmadyne: sys_socket[PID: 106 (klogd)]: family:1, type:2, protocol:0
[   15.147966] firmadyne: ioctl: 0xc0207223
[   15.149184] firmadyne: ioctl: 0xc0207223
[   15.150278] firmadyne: ioctl: 0xc0207223
[   15.157004] firmadyne: sys_socket[PID: 106 (klogd)]: family:1, type:1, protocol:0
[   15.158316] firmadyne: sys_socket[PID: 106 (klogd)]: family:1, type:2, protocol:0
[   15.160193] firmadyne: ioctl: 0xc0207223
[   15.161345] firmadyne: ioctl: 0xc0207223
[   15.162524] firmadyne: ioctl: 0xc0207223
[   15.168980] firmadyne: sys_socket[PID: 106 (klogd)]: family:1, type:1, protocol:0
[   15.170296] firmadyne: sys_socket[PID: 106 (klogd)]: family:1, type:2, protocol:0
[   15.172269] firmadyne: ioctl: 0xc0207223
[   15.173394] firmadyne: ioctl: 0xc0207223
[   15.174508] firmadyne: ioctl: 0xc0207223
[   15.181039] firmadyne: ioctl: 0xc0207223
[   15.182193] firmadyne: ioctl: 0xc0207223
[   15.184828] firmadyne: sys_socket[PID: 106 (klogd)]: family:1, type:1, protocol:0
[   15.186097] firmadyne: sys_socket[PID: 106 (klogd)]: family:1, type:2, protocol:0
[   15.191565] firmadyne: ioctl: 0xc0207223
[   15.192671] firmadyne: ioctl: 0xc0207223
[   15.193739] firmadyne: ioctl: 0xc0207223
[   15.196832] firmadyne: sys_socket[PID: 106 (klogd)]: family:1, type:1, protocol:0
[   15.198089] firmadyne: sys_socket[PID: 106 (klogd)]: family:1, type:2, protocol:0
[   15.203141] firmadyne: ioctl: 0xc0207223
[   15.204242] firmadyne: ioctl: 0xc0207223
[   15.205315] firmadyne: ioctl: 0xc0207223
[   15.206382] firmadyne: ioctl: 0xc0207223
[   15.208938] firmadyne: sys_socket[PID: 106 (klogd)]: family:1, type:1, protocol:0
[   15.210202] firmadyne: sys_socket[PID: 106 (klogd)]: family:1, type:2, protocol:0
[   15.215648] firmadyne: ioctl: 0xc0207223
[   15.216784] firmadyne: ioctl: 0xc0207223
[   15.217883] firmadyne: ioctl: 0xc0207223
[   15.224858] firmadyne: sys_socket[PID: 106 (klogd)]: family:1, type:1, protocol:0
[   15.226078] firmadyne: sys_socket[PID: 106 (klogd)]: family:1, type:2, protocol:0
[   15.227543] firmadyne: ioctl: 0xc0207223
[   15.228599] firmadyne: ioctl: 0xc0207223
[   15.229646] firmadyne: ioctl: 0xc0207223
[   15.230861] firmadyne: ioctl: 0xc0207223
[   15.236834] firmadyne: sys_socket[PID: 106 (klogd)]: family:1, type:1, protocol:0
[   15.238084] firmadyne: sys_socket[PID: 106 (klogd)]: family:1, type:2, protocol:0
[   15.239875] firmadyne: ioctl: 0xc0207223
[   15.240967] firmadyne: ioctl: 0xc0207223
[   15.242020] firmadyne: ioctl: 0xc0207223
[   15.248831] firmadyne: sys_socket[PID: 106 (klogd)]: family:1, type:1, protocol:0
[   15.250113] firmadyne: sys_socket[PID: 106 (klogd)]: family:1, type:2, protocol:0
[   15.251868] firmadyne: ioctl: 0xc0207223
[   15.252979] firmadyne: ioctl: 0xc0207223
[   15.254046] firmadyne: ioctl: 0xc0207223
[   15.260842] firmadyne: sys_socket[PID: 106 (klogd)]: family:1, type:1, protocol:0
[   15.262058] firmadyne: sys_socket[PID: 106 (klogd)]: family:1, type:2, protocol:0
[   15.263551] firmadyne: ioctl: 0xc0207223
[   15.264613] firmadyne: ioctl: 0xc0207223
[   15.265645] firmadyne: ioctl: 0xc0207223
[   15.272829] firmadyne: sys_socket[PID: 106 (klogd)]: family:1, type:1, protocol:0
[   15.274089] firmadyne: sys_socket[PID: 106 (klogd)]: family:1, type:2, protocol:0
[   15.275436] firmadyne: ioctl: 0xc0207223
[   15.276549] firmadyne: ioctl: 0xc0207223
[   15.277605] firmadyne: ioctl: 0xc0207223
[   15.278854] firmadyne: ioctl: 0xc0207223
[   15.283541] firmadyne: ioctl: 0xc0207223
[   15.284600] firmadyne: ioctl: 0xc0207223
[   15.285648] firmadyne: ioctl: 0xc0207223
[   15.288738] firmadyne: sys_socket[PID: 106 (klogd)]: family:1, type:1, protocol:0
[   15.290001] firmadyne: sys_socket[PID: 106 (klogd)]: family:1, type:2, protocol:0
[   15.294979] firmadyne: ioctl: 0xc0207223
[   15.296057] firmadyne: ioctl: 0xc0207223
[   15.297156] firmadyne: ioctl: 0xc0207223
[   15.298199] firmadyne: ioctl: 0xc0207223
[   15.300693] firmadyne: sys_socket[PID: 106 (klogd)]: family:1, type:1, protocol:0
[   15.301933] firmadyne: sys_socket[PID: 106 (klogd)]: family:1, type:2, protocol:0
[   15.311029] firmadyne: sys_socket[PID: 106 (klogd)]: family:1, type:1, protocol:0
[   15.312251] firmadyne: sys_socket[PID: 106 (klogd)]: family:1, type:2, protocol:0
[   15.314751] firmadyne: sys_socket[PID: 106 (klogd)]: family:1, type:1, protocol:0
[   15.316351] firmadyne: ioctl: 0xc0207223
[   15.317410] firmadyne: ioctl: 0xc0207223
[   15.318450] firmadyne: ioctl: 0xc0207223
[   15.323603] firmadyne: ioctl: 0xc0207223
[   15.324700] firmadyne: ioctl: 0xc0207223
[   15.325776] firmadyne: ioctl: 0xc0207223
[   15.328564] firmadyne: sys_socket[PID: 106 (klogd)]: family:1, type:2, protocol:0
[   15.335097] firmadyne: ioctl: 0xc0207223
[   15.336174] firmadyne: ioctl: 0xc0207223
[   15.337286] firmadyne: ioctl: 0xc0207223
[   15.338344] firmadyne: ioctl: 0xc0207223
[   15.339495] firmadyne: sys_socket[PID: 106 (klogd)]: family:1, type:1, protocol:0
[   15.340792] firmadyne: sys_socket[PID: 106 (klogd)]: family:1, type:2, protocol:0
[   15.347598] firmadyne: ioctl: 0xc0207223
[   15.348664] firmadyne: ioctl: 0xc0207223
[   15.349706] firmadyne: ioctl: 0xc0207223
[   15.351590] firmadyne: sys_socket[PID: 106 (klogd)]: family:1, type:1, protocol:0
[   15.352939] firmadyne: sys_socket[PID: 106 (klogd)]: family:1, type:2, protocol:0
[   15.359027] firmadyne: ioctl: 0xc0207223
[   15.360200] firmadyne: ioctl: 0xc0207223
[   15.361341] firmadyne: ioctl: 0xc0207223
[   15.362415] firmadyne: ioctl: 0xc0207223
[   15.363821] firmadyne: sys_socket[PID: 106 (klogd)]: family:1, type:1, protocol:0
[   15.365067] firmadyne: sys_socket[PID: 106 (klogd)]: family:1, type:2, protocol:0
[   15.371644] firmadyne: ioctl: 0xc0207223
[   15.372746] firmadyne: ioctl: 0xc0207223
[   15.373839] firmadyne: ioctl: 0xc0207223
[   15.375774] firmadyne: sys_socket[PID: 106 (klogd)]: family:1, type:1, protocol:0
[   15.377130] firmadyne: sys_socket[PID: 106 (klogd)]: family:1, type:2, protocol:0
[   15.383147] firmadyne: ioctl: 0xc0207223
[   15.384213] firmadyne: ioctl: 0xc0207223
[   15.385306] firmadyne: ioctl: 0xc0207223
[   15.386344] firmadyne: ioctl: 0xc0207223
[   15.387847] firmadyne: sys_socket[PID: 106 (klogd)]: family:1, type:1, protocol:0
[   15.389130] firmadyne: sys_socket[PID: 106 (klogd)]: family:1, type:2, protocol:0
[   15.395598] firmadyne: ioctl: 0xc0207223
[   15.396682] firmadyne: ioctl: 0xc0207223
[   15.397755] firmadyne: ioctl: 0xc0207223
[   15.399908] firmadyne: sys_socket[PID: 106 (klogd)]: family:1, type:1, protocol:0
[   15.401262] firmadyne: sys_socket[PID: 106 (klogd)]: family:1, type:2, protocol:0
[   15.407061] firmadyne: ioctl: 0xc0207223
[   15.408139] firmadyne: ioctl: 0xc0207223
[   15.409280] firmadyne: ioctl: 0xc0207223
[   15.410365] firmadyne: ioctl: 0xc0207223
[   15.411966] firmadyne: sys_socket[PID: 106 (klogd)]: family:1, type:1, protocol:0
[   15.413234] firmadyne: sys_socket[PID: 106 (klogd)]: family:1, type:2, protocol:0
[   15.419647] firmadyne: ioctl: 0xc0207223
[   15.420754] firmadyne: ioctl: 0xc0207223
[   15.421835] firmadyne: ioctl: 0xc0207223
[   15.423886] firmadyne: sys_socket[PID: 106 (klogd)]: family:1, type:1, protocol:0
[   15.425232] firmadyne: sys_socket[PID: 106 (klogd)]: family:1, type:2, protocol:0
[   15.431222] firmadyne: ioctl: 0xc0207223
[   15.432287] firmadyne: ioctl: 0xc0207223
[   15.433347] firmadyne: ioctl: 0xc0207223
[   15.434409] firmadyne: ioctl: 0xc0207223
[   15.440050] firmadyne: sys_socket[PID: 106 (klogd)]: family:1, type:1, protocol:0
[   15.441357] firmadyne: sys_socket[PID: 106 (klogd)]: family:1, type:2, protocol:0
[   15.443850] firmadyne: ioctl: 0xc0207223
[   15.444899] firmadyne: ioctl: 0xc0207223
[   15.445940] firmadyne: ioctl: 0xc0207223
[   15.451847] firmadyne: sys_socket[PID: 106 (klogd)]: family:1, type:1, protocol:0
[   15.453114] firmadyne: sys_socket[PID: 106 (klogd)]: family:1, type:2, protocol:0
[   15.455356] firmadyne: ioctl: 0xc0207223
[   15.456429] firmadyne: ioctl: 0xc0207223
[   15.457493] firmadyne: ioctl: 0xc0207223
[   15.458667] firmadyne: ioctl: 0xc0207223
[   15.463806] firmadyne: sys_socket[PID: 106 (klogd)]: family:1, type:1, protocol:0
[   15.465059] firmadyne: sys_socket[PID: 106 (klogd)]: family:1, type:2, protocol:0
[   15.467660] firmadyne: ioctl: 0xc0207223
[   15.468711] firmadyne: ioctl: 0xc0207223
[   15.469767] firmadyne: ioctl: 0xc0207223
[   15.475737] firmadyne: sys_socket[PID: 106 (klogd)]: family:1, type:1, protocol:0
[   15.477066] firmadyne: sys_socket[PID: 106 (klogd)]: family:1, type:2, protocol:0
[   15.479409] firmadyne: ioctl: 0xc0207223
[   15.480515] firmadyne: ioctl: 0xc0207223
[   15.481586] firmadyne: ioctl: 0xc0207223
[   15.482673] firmadyne: ioctl: 0xc0207223
[   15.487839] firmadyne: sys_socket[PID: 106 (klogd)]: family:1, type:1, protocol:0
[   15.489090] firmadyne: sys_socket[PID: 106 (klogd)]: family:1, type:2, protocol:0
[   15.491650] firmadyne: ioctl: 0xc0207223
[   15.492702] firmadyne: ioctl: 0xc0207223
[   15.493750] firmadyne: ioctl: 0xc0207223
[   15.499775] firmadyne: sys_socket[PID: 106 (klogd)]: family:1, type:1, protocol:0
[   15.501100] firmadyne: sys_socket[PID: 106 (klogd)]: family:1, type:2, protocol:0
[   15.503431] firmadyne: ioctl: 0xc0207223
[   15.504543] firmadyne: ioctl: 0xc0207223
[   15.505607] firmadyne: ioctl: 0xc0207223
[   15.506701] firmadyne: ioctl: 0xc0207223
[   15.511858] firmadyne: sys_socket[PID: 106 (klogd)]: family:1, type:1, protocol:0
[   15.513108] firmadyne: sys_socket[PID: 106 (klogd)]: family:1, type:2, protocol:0
[   15.515680] firmadyne: ioctl: 0xc0207223
[   15.516781] firmadyne: ioctl: 0xc0207223
[   15.517861] firmadyne: ioctl: 0xc0207223
[   15.523705] firmadyne: sys_socket[PID: 106 (klogd)]: family:1, type:1, protocol:0
[   15.524963] firmadyne: sys_socket[PID: 106 (klogd)]: family:1, type:2, protocol:0
[   15.528251] firmadyne: ioctl: 0xc0207223
[   15.529357] firmadyne: ioctl: 0xc0207223
[   15.530413] firmadyne: ioctl: 0xc0207223
[   15.535647] firmadyne: sys_socket[PID: 106 (klogd)]: family:1, type:1, protocol:0
[   15.536897] firmadyne: sys_socket[PID: 106 (klogd)]: family:1, type:2, protocol:0
[   15.539759] firmadyne: ioctl: 0xc0207223
[   15.540822] firmadyne: ioctl: 0xc0207223
[   15.541855] firmadyne: ioctl: 0xc0207223
[   15.548073] firmadyne: sys_socket[PID: 106 (klogd)]: family:1, type:1, protocol:0
[   15.549415] firmadyne: sys_socket[PID: 106 (klogd)]: family:1, type:2, protocol:0
[   15.551479] firmadyne: ioctl: 0xc0207223
[   15.552582] firmadyne: ioctl: 0xc0207223
[   15.553661] firmadyne: ioctl: 0xc0207223
[   15.554918] firmadyne: ioctl: 0xc0207223
[   15.560312] firmadyne: sys_socket[PID: 106 (klogd)]: family:1, type:1, protocol:0
[   15.561523] firmadyne: sys_socket[PID: 106 (klogd)]: family:1, type:2, protocol:0
[   15.563729] firmadyne: ioctl: 0xc0207223
[   15.564850] firmadyne: ioctl: 0xc0207223
[   15.565912] firmadyne: ioctl: 0xc0207223
[   15.572210] firmadyne: sys_socket[PID: 106 (klogd)]: family:1, type:1, protocol:0
[   15.573563] firmadyne: sys_socket[PID: 106 (klogd)]: family:1, type:2, protocol:0
[   15.575378] firmadyne: ioctl: 0xc0207223
[   15.576494] firmadyne: ioctl: 0xc0207223
[   15.577564] firmadyne: ioctl: 0xc0207223
[   15.578638] firmadyne: ioctl: 0xc0207223
[   15.584262] firmadyne: sys_socket[PID: 106 (klogd)]: family:1, type:1, protocol:0
[   15.585473] firmadyne: sys_socket[PID: 106 (klogd)]: family:1, type:2, protocol:0
[   15.591661] firmadyne: ioctl: 0xc0207223
[   15.592752] firmadyne: ioctl: 0xc0207223
[   15.593834] firmadyne: ioctl: 0xc0207223
[   15.596194] firmadyne: sys_socket[PID: 106 (klogd)]: family:1, type:1, protocol:0
[   15.597500] firmadyne: sys_socket[PID: 106 (klogd)]: family:1, type:2, protocol:0
[   15.603162] firmadyne: ioctl: 0xc0207223
[   15.604308] firmadyne: ioctl: 0xc0207223
[   15.605537] firmadyne: ioctl: 0xc0207223
[   15.606605] firmadyne: ioctl: 0xc0207223
[   15.608560] firmadyne: sys_socket[PID: 106 (klogd)]: family:1, type:1, protocol:0
[   15.609877] firmadyne: sys_socket[PID: 106 (klogd)]: family:1, type:2, protocol:0
[   15.615605] firmadyne: ioctl: 0xc0207223
[   15.616656] firmadyne: ioctl: 0xc0207223
[   15.617687] firmadyne: ioctl: 0xc0207223
[   15.620718] firmadyne: sys_socket[PID: 106 (klogd)]: family:1, type:1, protocol:0
[   15.622105] firmadyne: sys_socket[PID: 106 (klogd)]: family:1, type:2, protocol:0
[   15.626998] firmadyne: ioctl: 0xc0207223
[   15.628131] firmadyne: ioctl: 0xc0207223
[   15.629271] firmadyne: ioctl: 0xc0207223
[   15.630331] firmadyne: ioctl: 0xc0207223
[   15.632772] firmadyne: sys_socket[PID: 106 (klogd)]: family:1, type:1, protocol:0
[   15.634002] firmadyne: sys_socket[PID: 106 (klogd)]: family:1, type:2, protocol:0
[   15.639663] firmadyne: ioctl: 0xc0207223
[   15.640782] firmadyne: ioctl: 0xc0207223
[   15.641846] firmadyne: ioctl: 0xc0207223
[   15.644722] firmadyne: sys_socket[PID: 106 (klogd)]: family:1, type:1, protocol:0
[   15.645929] firmadyne: sys_socket[PID: 106 (klogd)]: family:1, type:2, protocol:0
[   15.651169] firmadyne: ioctl: 0xc0207223
[   15.652297] firmadyne: ioctl: 0xc0207223
[   15.653449] firmadyne: ioctl: 0xc0207223
[   15.654511] firmadyne: ioctl: 0xc0207223
[   15.656891] firmadyne: sys_socket[PID: 106 (klogd)]: family:1, type:1, protocol:0
[   15.658145] firmadyne: sys_socket[PID: 106 (klogd)]: family:1, type:2, protocol:0
[   15.663653] firmadyne: ioctl: 0xc0207223
[   15.664720] firmadyne: ioctl: 0xc0207223
[   15.665754] firmadyne: ioctl: 0xc0207223
[   15.672805] firmadyne: sys_socket[PID: 106 (klogd)]: family:1, type:1, protocol:0
[   15.674127] firmadyne: sys_socket[PID: 106 (klogd)]: family:1, type:2, protocol:0
[   15.675305] firmadyne: ioctl: 0xc0207223
[   15.676411] firmadyne: ioctl: 0xc0207223
[   15.677598] firmadyne: ioctl: 0xc0207223
[   15.678687] firmadyne: ioctl: 0xc0207223
[   15.682302] firmadyne: ioctl: 0xc0587200
[   15.685131] firmadyne: sys_socket[PID: 106 (klogd)]: family:1, type:1, protocol:0
[   15.686399] firmadyne: sys_socket[PID: 106 (klogd)]: family:1, type:2, protocol:0
[   15.688232] firmadyne: ioctl: 0xc0207223
[   15.689318] firmadyne: ioctl: 0xc0207223
[   15.690401] firmadyne: ioctl: 0xc0207223
[   15.697900] firmadyne: sys_socket[PID: 106 (klogd)]: family:1, type:1, protocol:0
[   15.699810] firmadyne: ioctl: 0xc0207223
[   15.700894] firmadyne: ioctl: 0xc0207223
[   15.701948] firmadyne: ioctl: 0xc0207223
[   15.705397] firmadyne: sys_socket[PID: 106 (klogd)]: family:1, type:2, protocol:0
[   15.708240] firmadyne: sys_socket[PID: 106 (klogd)]: family:1, type:1, protocol:0
[   15.709487] firmadyne: sys_socket[PID: 106 (klogd)]: family:1, type:2, protocol:0
[   15.712333] firmadyne: ioctl: 0xc0207223
[   15.713887] firmadyne: ioctl: 0xc0207223
[   15.715710] firmadyne: ioctl: 0xc0207223
[   15.717220] firmadyne: ioctl: 0xc0207223
[   15.718898] firmadyne: ioctl: 0xc0207223
[   15.720854] firmadyne: sys_socket[PID: 106 (klogd)]: family:1, type:1, protocol:0
[   15.722209] firmadyne: sys_socket[PID: 106 (klogd)]: family:1, type:2, protocol:0
[   15.725166] firmadyne: sys_socket[PID: 106 (klogd)]: family:1, type:1, protocol:0
[   15.726492] firmadyne: sys_socket[PID: 106 (klogd)]: family:1, type:2, protocol:0
[   15.729724] firmadyne: ioctl: 0xc0207223
[   15.731514] firmadyne: ioctl: 0xc0207223
[   15.733020] firmadyne: ioctl: 0xc0207223
[   15.734505] firmadyne: ioctl: 0xc0207223
[   15.737107] firmadyne: sys_socket[PID: 106 (klogd)]: family:1, type:1, protocol:0
[   15.738382] firmadyne: sys_socket[PID: 106 (klogd)]: family:1, type:2, protocol:0
[   15.740873] firmadyne: ioctl: 0xc0207223
[   15.742344] firmadyne: ioctl: 0xc0207223
[   15.757009] firmadyne: ioctl: 0xc0207223
[   15.759937] firmadyne: ioctl: 0xc0207223
[   15.762011] firmadyne: ioctl: 0xc0207223
[   15.764116] firmadyne: ioctl: 0xc0207223
[   15.768409] firmadyne: sys_socket[PID: 106 (klogd)]: family:1, type:1, protocol:0
[   15.770438] firmadyne: sys_socket[PID: 106 (klogd)]: family:1, type:2, protocol:0
[   15.771972] firmadyne: ioctl: 0xc0207223
[   15.773869] firmadyne: ioctl: 0xc0207223
[   15.775802] firmadyne: ioctl: 0xc0207223
[   15.777378] firmadyne: ioctl: 0xc0207223
[   15.781572] firmadyne: sys_socket[PID: 106 (klogd)]: family:1, type:1, protocol:0
[   15.783427] firmadyne: sys_socket[PID: 106 (klogd)]: family:1, type:2, protocol:0
[   15.786250] firmadyne: sys_socket[PID: 106 (klogd)]: family:1, type:1, protocol:0
[   15.787852] firmadyne: ioctl: 0xc0207223
[   15.789778] firmadyne: ioctl: 0xc0207223
[   15.791735] firmadyne: ioctl: 0xc0207223
[   15.793560] firmadyne: ioctl: 0xc0207223
[   15.795906] firmadyne: sys_socket[PID: 106 (klogd)]: family:1, type:2, protocol:0
[   15.799644] firmadyne: ioctl: 0xc0207223
[   15.801322] firmadyne: ioctl: 0xc0207223
[   15.803490] firmadyne: sys_socket[PID: 106 (klogd)]: family:1, type:1, protocol:0
[   15.804992] firmadyne: sys_socket[PID: 106 (klogd)]: family:1, type:2, protocol:0
[   15.807260] firmadyne: ioctl: 0xc0207223
[   15.809037] firmadyne: ioctl: 0xc0207223
[   15.812366] firmadyne: sys_socket[PID: 106 (klogd)]: family:1, type:1, protocol:0
[   15.814022] firmadyne: sys_socket[PID: 106 (klogd)]: family:1, type:2, protocol:0
[   15.815343] firmadyne: ioctl: 0xc0207223
[   15.817184] firmadyne: ioctl: 0xc0207223
[   15.821484] firmadyne: sys_socket[PID: 106 (klogd)]: family:1, type:1, protocol:0
[   15.823353] firmadyne: ioctl: 0xc0207223
[   15.825101] firmadyne: ioctl: 0xc0207223
[   15.827365] firmadyne: sys_socket[PID: 106 (klogd)]: family:1, type:2, protocol:0
[   15.830364] firmadyne: sys_socket[PID: 106 (klogd)]: family:1, type:1, protocol:0
[   15.831717] firmadyne: ioctl: 0xc0207223
[   15.833609] firmadyne: ioctl: 0xc0207223
[   15.835626] firmadyne: sys_socket[PID: 106 (klogd)]: family:1, type:2, protocol:0
[   15.838476] firmadyne: sys_socket[PID: 106 (klogd)]: family:1, type:1, protocol:0
[   15.844397] firmadyne: ioctl: 0xc0207223
[   15.846046] firmadyne: ioctl: 0xc0207223
[   15.855686] firmadyne: sys_socket[PID: 106 (klogd)]: family:1, type:2, protocol:0
[   15.858687] firmadyne: sys_socket[PID: 106 (klogd)]: family:1, type:1, protocol:0
[   15.860860] firmadyne: ioctl: 0xc0207223
[   15.862449] firmadyne: ioctl: 0xc0207223
[   15.868296] firmadyne: ioctl: 0xc0207223
[   15.869931] firmadyne: ioctl: 0xc0207223
[   15.871514] firmadyne: sys_socket[PID: 106 (klogd)]: family:1, type:2, protocol:0
[   15.874190] firmadyne: sys_socket[PID: 106 (klogd)]: family:1, type:1, protocol:0
[   15.879896] firmadyne: ioctl: 0xc0207223
[   15.881558] firmadyne: ioctl: 0xc0207223
[   15.883603] firmadyne: sys_socket[PID: 106 (klogd)]: family:1, type:2, protocol:0
[   15.886336] firmadyne: sys_socket[PID: 106 (klogd)]: family:1, type:1, protocol:0
[   15.894112] firmadyne: ioctl: 0xc0207223
[   15.895861] firmadyne: ioctl: 0xc0207223
[   15.897483] firmadyne: ioctl: 0xc0207223
[   15.899799] firmadyne: sys_socket[PID: 106 (klogd)]: family:1, type:2, protocol:0
[   15.902492] firmadyne: sys_socket[PID: 106 (klogd)]: family:1, type:1, protocol:0
[   15.907547] firmadyne: sys_socket[PID: 106 (klogd)]: family:1, type:2, protocol:0
[   15.910114] firmadyne: sys_socket[PID: 106 (klogd)]: family:1, type:1, protocol:0
[   15.911356] firmadyne: ioctl: 0xc0207223
[   15.912949] firmadyne: ioctl: 0xc0207223
[   15.914473] firmadyne: ioctl: 0xc0207223
[   15.923527] firmadyne: sys_socket[PID: 106 (klogd)]: family:1, type:2, protocol:0
[   15.926159] firmadyne: sys_socket[PID: 106 (klogd)]: family:1, type:1, protocol:0
[   15.929756] firmadyne: ioctl: 0xc0207223
[   15.931480] firmadyne: ioctl: 0xc0207223
[   15.932933] firmadyne: ioctl: 0xc0207223
[   15.934373] firmadyne: ioctl: 0xc0207223
[   15.939719] firmadyne: sys_socket[PID: 106 (klogd)]: family:1, type:2, protocol:0
[   15.942279] firmadyne: sys_socket[PID: 106 (klogd)]: family:1, type:1, protocol:0
[   15.944540] firmadyne: ioctl: 0xc0207223
[   15.946063] firmadyne: ioctl: 0xc0207223
[   15.951545] firmadyne: sys_socket[PID: 106 (klogd)]: family:1, type:2, protocol:0
[   15.954407] firmadyne: sys_socket[PID: 106 (klogd)]: family:1, type:1, protocol:0
[   15.956544] firmadyne: ioctl: 0xc0207223
[   15.958073] firmadyne: ioctl: 0xc0207223
[   15.963525] firmadyne: sys_socket[PID: 106 (klogd)]: family:1, type:2, protocol:0
[   15.966138] firmadyne: sys_socket[PID: 106 (klogd)]: family:1, type:1, protocol:0
[   15.968238] firmadyne: ioctl: 0xc0207223
[   15.969778] firmadyne: ioctl: 0xc0207223
[   15.975583] firmadyne: sys_socket[PID: 106 (klogd)]: family:1, type:2, protocol:0
[   15.978194] firmadyne: sys_socket[PID: 106 (klogd)]: family:1, type:1, protocol:0
[   15.979938] firmadyne: ioctl: 0xc0207223
[   15.981562] firmadyne: ioctl: 0xc0207223
[   15.987471] firmadyne: sys_socket[PID: 106 (klogd)]: family:1, type:2, protocol:0
[   15.989942] firmadyne: sys_socket[PID: 106 (klogd)]: family:1, type:1, protocol:0
[   15.991520] firmadyne: ioctl: 0xc0207223
[   15.993210] firmadyne: ioctl: 0xc0207223
[   15.999094] firmadyne: ioctl: 0xc0207223
[   16.000733] firmadyne: ioctl: 0xc0207223
[   16.002220] firmadyne: ioctl: 0xc0207223
[   16.003417] firmadyne: sys_socket[PID: 106 (klogd)]: family:1, type:2, protocol:0
[   16.005895] firmadyne: sys_socket[PID: 106 (klogd)]: family:1, type:1, protocol:0
[   16.012120] firmadyne: ioctl: 0xc0207223
[   16.013668] firmadyne: ioctl: 0xc0207223
[   16.015382] firmadyne: sys_socket[PID: 106 (klogd)]: family:1, type:2, protocol:0
[   16.017879] firmadyne: sys_socket[PID: 106 (klogd)]: family:1, type:1, protocol:0
[   16.027825] firmadyne: ioctl: 0xc0207223
[   16.029369] firmadyne: ioctl: 0xc0207223
Warning: Bad CRC, using default environment
[   16.035210] firmadyne: sys_socket[PID: 106 (klogd)]: family:1, type:2, protocol:0
[   16.037759] firmadyne: sys_socket[PID: 106 (klogd)]: family:1, type:1, protocol:0
[   16.039302] firmadyne: ioctl: 0xc0207223
[   16.040874] firmadyne: ioctl: 0xc0207223
[   16.042468] firmadyne: ioctl: 0xc0207223
[   16.043585] firmadyne: sys_socket[PID: 106 (klogd)]: family:1, type:2, protocol:0
[   16.046358] firmadyne: sys_socket[PID: 106 (klogd)]: family:1, type:1, protocol:0
[   16.052098] firmadyne: ioctl: 0xc0207223
[   16.053570] firmadyne: ioctl: 0xc0207223
[   16.063768] firmadyne: sys_socket[PID: 106 (klogd)]: family:1, type:2, protocol:0
[   16.066434] firmadyne: sys_socket[PID: 106 (klogd)]: family:1, type:1, protocol:0
[   16.073353] firmadyne: ioctl: 0xc0207223
[   16.075603] firmadyne: sys_socket[PID: 106 (klogd)]: family:1, type:2, protocol:0
[   16.078248] firmadyne: sys_socket[PID: 106 (klogd)]: family:1, type:1, protocol:0
[   16.083493] firmadyne: ioctl: 0xc0207223
[   16.085013] firmadyne: ioctl: 0xc0207223
[   16.086455] firmadyne: ioctl: 0xc0207223
[   16.093291] firmadyne: sys_socket[PID: 106 (klogd)]: family:1, type:2, protocol:0
[   16.096270] firmadyne: ioctl: 0xc0207223
[   16.097823] firmadyne: ioctl: 0xc0207223
[   16.107301] firmadyne: sys_socket[PID: 106 (klogd)]: family:1, type:1, protocol:0
[   16.108547] firmadyne: sys_socket[PID: 106 (klogd)]: family:1, type:2, protocol:0
[   16.124092] firmadyne: ioctl: 0xc0207223
[   16.125637] firmadyne: ioctl: 0xc0207223
[   16.128216] firmadyne: sys_socket[PID: 106 (klogd)]: family:1, type:1, protocol:0
[   16.129593] firmadyne: sys_socket[PID: 106 (klogd)]: family:1, type:2, protocol:0
[   16.135346] firmadyne: ioctl: 0xc0207223
[   16.136867] firmadyne: ioctl: 0xc0207223
[   16.138343] firmadyne: ioctl: 0xc0207223
[   16.144770] firmadyne: sys_socket[PID: 106 (klogd)]: family:1, type:1, protocol:0
[   16.146016] firmadyne: sys_socket[PID: 106 (klogd)]: family:1, type:2, protocol:0
[   16.152349] firmadyne: ioctl: 0xc0207223
[   16.153949] firmadyne: ioctl: 0xc0207223
[   16.156878] firmadyne: sys_socket[PID: 106 (klogd)]: family:1, type:1, protocol:0
[   16.158108] firmadyne: sys_socket[PID: 106 (klogd)]: family:1, type:2, protocol:0
[   16.171755] firmadyne: ioctl: 0xc0207223
[   16.173331] firmadyne: ioctl: 0xc0207223
[   16.176916] firmadyne: sys_socket[PID: 106 (klogd)]: family:1, type:1, protocol:0
[   16.178167] firmadyne: sys_socket[PID: 106 (klogd)]: family:1, type:2, protocol:0
[   16.187998] firmadyne: sys_socket[PID: 106 (klogd)]: family:1, type:1, protocol:0
[   16.189231] firmadyne: sys_socket[PID: 106 (klogd)]: family:1, type:2, protocol:0
[   16.191186] firmadyne: ioctl: 0xc0207223
[   16.192915] firmadyne: ioctl: 0xc0207223
[   16.194516] firmadyne: ioctl: 0xc0207223
[   16.208159] firmadyne: ioctl: 0xc0207223
[   16.209726] firmadyne: ioctl: 0xc0207223
[   16.215936] firmadyne: sys_socket[PID: 106 (klogd)]: family:1, type:1, protocol:0
[   16.217243] firmadyne: sys_socket[PID: 106 (klogd)]: family:1, type:2, protocol:0
[   16.223584] firmadyne: ioctl: 0xc0207223
[   16.225100] firmadyne: ioctl: 0xc0207223
[   16.226582] firmadyne: ioctl: 0xc0207223
[   16.231974] firmadyne: sys_socket[PID: 106 (klogd)]: family:1, type:1, protocol:0
[   16.233248] firmadyne: sys_socket[PID: 106 (klogd)]: family:1, type:2, protocol:0
[   16.247257] firmadyne: ioctl: 0xc0207223
[   16.248787] firmadyne: ioctl: 0xc0207223
[   16.250330] firmadyne: ioctl: 0xc0207223
[   16.252176] firmadyne: sys_socket[PID: 106 (klogd)]: family:1, type:1, protocol:0
[   16.253467] firmadyne: sys_socket[PID: 106 (klogd)]: family:1, type:2, protocol:0
[   16.260340] firmadyne: sys_socket[PID: 106 (klogd)]: family:1, type:1, protocol:0
[   16.261617] firmadyne: sys_socket[PID: 106 (klogd)]: family:1, type:2, protocol:0
[   16.264342] firmadyne: ioctl: 0xc0207223
[   16.265853] firmadyne: ioctl: 0xc0207223
[   16.276436] firmadyne: sys_socket[PID: 106 (klogd)]: family:1, type:1, protocol:0
[   16.277699] firmadyne: sys_socket[PID: 106 (klogd)]: family:1, type:2, protocol:0
[   16.279994] firmadyne: ioctl: 0xc0207223
[   16.281534] firmadyne: ioctl: 0xc0207223
[   16.292452] firmadyne: sys_socket[PID: 106 (klogd)]: family:1, type:1, protocol:0
[   16.293698] firmadyne: sys_socket[PID: 106 (klogd)]: family:1, type:2, protocol:0
[   16.295293] firmadyne: ioctl: 0xc0207223
[   16.296824] firmadyne: ioctl: 0xc0207223
[   16.298343] firmadyne: ioctl: 0xc0207223
[   16.306169] firmadyne: sys_socket[PID: 113 (oamd)]: family:16, type:3, protocol:2
[   16.308804] firmadyne: sys_socket[PID: 106 (klogd)]: family:1, type:1, protocol:0
[   16.310059] firmadyne: sys_socket[PID: 106 (klogd)]: family:1, type:2, protocol:0
[   16.312276] firmadyne: ioctl: 0xc0207223
[   16.313813] firmadyne: ioctl: 0xc0207223
[   16.325145] firmadyne: sys_socket[PID: 106 (klogd)]: family:1, type:1, protocol:0
[   16.326385] firmadyne: sys_socket[PID: 106 (klogd)]: family:1, type:2, protocol:0
[   16.329008] firmadyne: ioctl: 0xc0207223
[   16.330565] firmadyne: ioctl: 0xc0207223
[   16.340238] firmadyne: ioctl: 0xc0207223
[   16.341791] firmadyne: ioctl: 0xc0207223
[   16.344878] firmadyne: sys_socket[PID: 106 (klogd)]: family:1, type:1, protocol:0
[   16.346170] firmadyne: sys_socket[PID: 106 (klogd)]: family:1, type:2, protocol:0
[   16.351801] firmadyne: ioctl: 0xc0207223
[   16.353284] firmadyne: ioctl: 0xc0207223
[   16.354888] firmadyne: ioctl: 0xc0207223
[   16.357315] firmadyne: sys_socket[PID: 106 (klogd)]: family:1, type:1, protocol:0
[   16.358554] firmadyne: sys_socket[PID: 106 (klogd)]: family:1, type:2, protocol:0
nvram_init: Initializing NVRAM...
[   16.364282] firmadyne: ioctl: 0xc0207223
[   16.365752] firmadyne: ioctl: 0xc0207223
sem_get: Key: 4101e004
[   16.375606] firmadyne: sys_socket[PID: 106 (klogd)]: family:1, type:1, protocol:0
[   16.376828] firmadyne: sys_socket[PID: 106 (klogd)]: family:1, type:2, protocol:0
[   16.379563] firmadyne: ioctl: 0xc0207223
[   16.381040] firmadyne: ioctl: 0xc0207223
[   16.382495] firmadyne: ioctl: 0xc0207223
[   16.383789] firmadyne: sys_socket[PID: 106 (klogd)]: family:1, type:1, protocol:0
[   16.385067] firmadyne: sys_socket[PID: 106 (klogd)]: family:1, type:2, protocol:0
sem_get: Key: 41110262
nvram_set_default_builtin[   16.392583] firmadyne: ioctl: 0xc0207223
[   16.394050] firmadyne: ioctl: 0xc0207223
[   16.395993] firmadyne: sys_socket[PID: 106 (klogd)]: family:1, type:1, protocol:0
[   16.397253] firmadyne: sys_socket[PID: 106 (klogd)]: family:1, type:2, protocol:0
[   16.399951] firmadyne: ioctl: 0xc0207223
[   16.401435] firmadyne: ioctl: 0xc0207223
: Setting built-in default values!
nvram_set: [   16.408085] firmadyne: sys_socket[PID: 106 (klogd)]: family:1, type:1, protocol:0
[   16.409411] firmadyne: sys_socket[PID: 106 (klogd)]: family:1, type:2, protocol:0
[   16.411382] firmadyne: ioctl: 0xc0207223
[   16.412906] firmadyne: ioctl: 0xc0207223
[   16.414385] firmadyne: ioctl: 0xc0207223
console_loglevel = "7"
sem_get: Key: 41110262
[   16.420252] firmadyne: sys_socket[PID: 106 (klogd)]: family:1, type:1, protocol:0
[   16.421507] firmadyne: sys_socket[PID: 106 (klogd)]: family:1, type:2, protocol:0
[   16.424323] firmadyne: ioctl: 0xc0207223
[   16.425991] firmadyne: ioctl: 0xc0207223
sem_get: Key: 41110262
[   16.432264] firmadyne: sys_socket[PID: 106 (klogd)]: family:1, type:1, protocol:0
[   16.433565] firmadyne: sys_socket[PID: 106 (klogd)]: family:1, type:2, protocol:0
[   16.435964] firmadyne: ioctl: 0xc0207223
[   16.437483] firmadyne: ioctl: 0xc0207223
nvram_set: restore_defaults = "1"
sem_get: Key: 41110262
[   16.444478] firmadyne: sys_socket[PID: 106 (klogd)]: family:1, type:1, protocol:0
[   16.445727] firmadyne: sys_socket[PID: 106 (klogd)]: family:1, type:2, protocol:0
[   16.447284] firmadyne: ioctl: 0xc0207223
[   16.448851] firmadyne: ioctl: 0xc0207223
[   16.450356] firmadyne: ioctl: 0xc0207223
sem_get: Key: 41110262
[   16.456590] firmadyne: sys_socket[PID: 106 (klogd)]: family:1, type:1, protocol:0
[   16.457852] firmadyne: sys_socket[PID: 106 (klogd)]: family:1, type:2, protocol:0
[   16.460413] firmadyne: ioctl: 0xc0207223
[   16.462040] firmadyne: ioctl: 0xc0207223
nvram_set: sku_name = ""
sem_get: Key: 41110262
[   16.468915] firmadyne: sys_socket[PID: 106 (klogd)]: family:1, type:1, protocol:0
[   16.470189] firmadyne: sys_socket[PID: 106 (klogd)]: family:1, type:2, protocol:0
[   16.472158] firmadyne: ioctl: 0xc0207223
[   16.473683] firmadyne: ioctl: 0xc0207223
sem_get: Key: 41110262
[   16.480888] firmadyne: sys_socket[PID: 106 (klogd)]: family:1, type:1, protocol:0
[   16.482107] firmadyne: sys_socket[PID: 106 (klogd)]: family:1, type:2, protocol:0
[   16.483694] firmadyne: ioctl: 0xc0207223
[   16.485267] firmadyne: ioctl: 0xc0207223
nvram_set: wla_wlanstate = ""
sem_get: Key: 41110262
[   16.491074] firmadyne: ioctl: 0xc0207223
[   16.492651] firmadyne: ioctl: 0xc0207223
[   16.494147] firmadyne: ioctl: 0xc0207223
[   16.496986] firmadyne: sys_socket[PID: 106 (klogd)]: family:1, type:1, protocol:0
[   16.498342] firmadyne: sys_socket[PID: 106 (klogd)]: family:1, type:2, protocol:0
sem_get: Key: 41110262
nvram_set[   16.504152] firmadyne: ioctl: 0xc0207223
[   16.505637] firmadyne: ioctl: 0xc0207223
[   16.508796] firmadyne: sys_socket[PID: 106 (klogd)]: family:1, type:1, protocol:0
[   16.510008] firmadyne: sys_socket[PID: 106 (klogd)]: family:1, type:2, protocol:0
: lan_if = "br0"
sem_get: Key: 41110262
[   16.515496] firmadyne: ioctl: 0xc0207223
[   16.517015] firmadyne: ioctl: 0xc0207223
[   16.518514] firmadyne: ioctl: 0xc0207223
[   16.521048] firmadyne: sys_socket[PID: 106 (klogd)]: family:1, type:1, protocol:0
[   16.522337] firmadyne: sys_socket[PID: 106 (klogd)]: family:1, type:2, protocol:0
sem_get: Key: 41110262
[   16.529126] firmadyne: ioctl: 0xc0207223
[   16.530871] firmadyne: ioctl: 0xc0207223
nvram_set: lan_ipaddr = "192.168.0.50"
sem_get: Key: 41110262
[   16.537149] firmadyne: sys_socket[PID: 106 (klogd)]: family:1, type:1, protocol:0
[   16.538415] firmadyne: sys_socket[PID: 106 (klogd)]: family:1, type:2, protocol:0
[   16.540809] firmadyne: ioctl: 0xc0207223
[   16.542317] firmadyne: ioctl: 0xc0207223
sem_get: Key: 41110262
[   16.548786] firmadyne: sys_socket[PID: 106 (klogd)]: family:1, type:1, protocol:0
[   16.550079] firmadyne: sys_socket[PID: 106 (klogd)]: family:1, type:2, protocol:0
[   16.552375] firmadyne: ioctl: 0xc0207223
[   16.553892] firmadyne: ioctl: 0xc0207223
nvram_set: lan_bipaddr = "192.168.0.255"
sem_get: Key: 41110262
[   16.560846] firmadyne: sys_socket[PID: 106 (klogd)]: family:1, type:1, protocol:0
[   16.562133] firmadyne: sys_socket[PID: 106 (klogd)]: family:1, type:2, protocol:0
[   16.563997] firmadyne: ioctl: 0xc0207223
[   16.565526] firmadyne: ioctl: 0xc0207223
sem_get: Key: 41110262
[   16.572934] firmadyne: sys_socket[PID: 106 (klogd)]: family:1, type:1, protocol:0
[   16.574204] firmadyne: sys_socket[PID: 106 (klogd)]: family:1, type:2, protocol:0
[   16.575504] firmadyne: ioctl: 0xc0207223
[   16.577050] firmadyne: ioctl: 0xc0207223
[   16.578554] firmadyne: ioctl: 0xc0207223
nvram_set: lan_netmask = "255.255.255.0"
sem_get: Key: 41110262
[   16.585233] firmadyne: sys_socket[PID: 106 (klogd)]: family:1, type:1, protocol:0
[   16.586547] firmadyne: sys_socket[PID: 106 (klogd)]: family:1, type:2, protocol:0
[   16.588804] firmadyne: ioctl: 0xc0207223
[   16.590262] firmadyne: ioctl: 0xc0207223
sem_get: Key: 41110262
[   16.596034] firmadyne: ioctl: 0xc0207223
[   16.597553] firmadyne: ioctl: 0xc0207223
[   16.601169] firmadyne: sys_socket[PID: 106 (klogd)]: family:1, type:1, protocol:0
[   16.602448] firmadyne: sys_socket[PID: 106 (klogd)]: family:1, type:2, protocol:0
nvram_set: time_zone = "PST8PDT"
sem_get: Key: 41110262
[   16.607404] firmadyne: ioctl: 0xc0207223
[   16.608949] firmadyne: ioctl: 0xc0207223
[   16.610452] firmadyne: ioctl: 0xc0207223
[   16.613083] firmadyne: sys_socket[PID: 106 (klogd)]: family:1, type:1, protocol:0
[   16.614370] firmadyne: sys_socket[PID: 106 (klogd)]: family:1, type:2, protocol:0
sem_get: Key: 41110262
[   16.620107] firmadyne: ioctl: 0xc0207223
[   16.621643] firmadyne: ioctl: 0xc0207223
[   16.625559] firmadyne: sys_socket[PID: 106 (klogd)]: family:1, type:1, protocol:0
nvram_set: wan_hwaddr_def = "01:23:45:67:89:ab"
sem_get: Key: 41110262[   16.631198] firmadyne: sys_socket[PID: 106 (klogd)]: family:1, type:2, protocol:0
[   16.633824] firmadyne: sys_socket[PID: 106 (klogd)]: family:1, type:1, protocol:0
[   16.635696] firmadyne: ioctl: 0xc0207223
[   16.637252] firmadyne: ioctl: 0xc0207223

sem_get: Key: 41110262
[   16.643196] firmadyne: sys_socket[PID: 106 (klogd)]: family:1, type:2, protocol:0
[   16.645865] firmadyne: sys_socket[PID: 106 (klogd)]: family:1, type:1, protocol:0
[   16.647150] firmadyne: ioctl: 0xc0207223
[   16.648723] firmadyne: ioctl: 0xc0207223
[   16.650233] firmadyne: ioctl: 0xc0207223
nvram_set: wan_ifname = "eth0"
sem_get: Key: 41110262
[   16.655596] firmadyne: sys_socket[PID: 106 (klogd)]: family:1, type:2, protocol:0
[   16.658185] firmadyne: sys_socket[PID: 106 (klogd)]: family:1, type:1, protocol:0
[   16.660280] firmadyne: ioctl: 0xc0207223
[   16.661814] firmadyne: ioctl: 0xc0207223
sem_get: Key: 41110262
[   16.667544] firmadyne: sys_socket[PID: 106 (klogd)]: family:1, type:2, protocol:0
[   16.670160] firmadyne: sys_socket[PID: 106 (klogd)]: family:1, type:1, protocol:0
[   16.671913] firmadyne: ioctl: 0xc0207223
[   16.673455] firmadyne: ioctl: 0xc0207223
nvram_set: lan_ifnames = "eth1 eth2 eth3 eth4"
sem_get: Key: 41110262[   16.679143] firmadyne: ioctl: 0xc0207223
[   16.680695] firmadyne: ioctl: 0xc0207223
[   16.682183] firmadyne: ioctl: 0xc0207223
[   16.683530] firmadyne: sys_socket[PID: 106 (klogd)]: family:1, type:2, protocol:0

sem_get: Key: 41110262
[   16.691970] firmadyne: ioctl: 0xc0207223
[   16.693486] firmadyne: ioctl: 0xc0207223
nvram_set: ethConver = "1"
sem_get: Key: 41110262
sem_get: Key: 41110262[   16.711655] firmadyne: ioctl: 0xc0207223
[   16.713221] firmadyne: ioctl: 0xc0207223
[   16.714897] firmadyne: ioctl: 0xc0207223

nvram_set: lan_proto = "dhcp[   16.720305] firmadyne: ioctl: 0xc0207223
[   16.721785] firmadyne: ioctl: 0xc0207223
[   16.723291] firmadyne: sys_socket[PID: 106 (klogd)]: family:1, type:1, protocol:0
[   16.724553] firmadyne: sys_socket[PID: 106 (klogd)]: family:1, type:2, protocol:0
"
sem_get: Key: 41110262
[   16.731572] firmadyne: ioctl: 0xc0207223
[   16.733071] firmadyne: ioctl: 0xc0207223
[   16.734516] firmadyne: ioctl: 0xc0207223
[   16.735666] firmadyne: sys_socket[PID: 106 (klogd)]: family:1, type:1, protocol:0
[   16.736927] firmadyne: sys_socket[PID: 106 (klogd)]: family:1, type:2, protocol:0
sem_get: Key: 41110262
nvram_set: [   16.744106] firmadyne: ioctl: 0xc0207223
[   16.745644] firmadyne: ioctl: 0xc0207223
[   16.747761] firmadyne: sys_socket[PID: 106 (klogd)]: family:1, type:1, protocol:0
[   16.749128] firmadyne: sys_socket[PID: 106 (klogd)]: family:1, type:2, protocol:0
wan_ipaddr = "0.0.0.0"
sem_get: Key: 41110262
[   16.755411] firmadyne: ioctl: 0xc0207223
[   16.757088] firmadyne: ioctl: 0xc0207223
[   16.760493] firmadyne: sys_socket[PID: 106 (klogd)]: family:1, type:1, protocol:0
[   16.762082] firmadyne: sys_socket[PID: 106 (klogd)]: family:1, type:2, protocol:0
sem_get: Key: 41110262
nvram_set[   16.767235] firmadyne: ioctl: 0xc0207223
[   16.768976] firmadyne: ioctl: 0xc0207223
[   16.770484] firmadyne: ioctl: 0xc0207223
[   16.773298] firmadyne: sys_socket[PID: 106 (klogd)]: family:1, type:1, protocol:0
[   16.774660] firmadyne: sys_socket[PID: 106 (klogd)]: family:1, type:2, protocol:0
: wan_netmask = "255.255.255.0"
sem_get: Key: 41110262
[   16.780469] firmadyne: ioctl: 0xc0207223
[   16.781985] firmadyne: ioctl: 0xc0207223
sem_get: Key: 41110262
[   16.788942] firmadyne: sys_socket[PID: 106 (klogd)]: family:1, type:1, protocol:0
[   16.790295] firmadyne: sys_socket[PID: 106 (klogd)]: family:1, type:2, protocol:0
[   16.792298] firmadyne: ioctl: 0xc0207223
[   16.793810] firmadyne: ioctl: 0xc0207223
nvram_set: wanif = "eth0"
sem_get: Key: 41110262
[   16.801064] firmadyne: sys_socket[PID: 106 (klogd)]: family:1, type:1, protocol:0
[   16.802344] firmadyne: sys_socket[PID: 106 (klogd)]: family:1, type:2, protocol:0
[   16.804097] firmadyne: ioctl: 0xc0207223
[   16.805608] firmadyne: ioctl: 0xc0207223
sem_get: Key: 41110262
[   16.812885] firmadyne: sys_socket[PID: 106 (klogd)]: family:1, type:1, protocol:0
[   16.814154] firmadyne: sys_socket[PID: 106 (klogd)]: family:1, type:2, protocol:0
[   16.815717] firmadyne: ioctl: 0xc0207223
[   16.817254] firmadyne: ioctl: 0xc0207223
[   16.818914] firmadyne: ioctl: 0xc0207223
nvram_set: time_zone_x = "0"
sem_get: Key: 41110262[   16.824812] firmadyne: sys_socket[PID: 106 (klogd)]: family:1, type:1, protocol:0
[   16.826098] firmadyne: sys_socket[PID: 106 (klogd)]: family:1, type:2, protocol:0
[   16.828442] firmadyne: ioctl: 0xc0207223
[   16.830015] firmadyne: ioctl: 0xc0207223

sem_get: Key: 41110262
[   16.835797] firmadyne: ioctl: 0xc0207223
[   16.837281] firmadyne: ioctl: 0xc0207223
[   16.838895] firmadyne: ioctl: 0xc0207223
[   16.841349] firmadyne: sys_socket[PID: 106 (klogd)]: family:1, type:1, protocol:0
[   16.842599] firmadyne: sys_socket[PID: 106 (klogd)]: family:1, type:2, protocol:0
nvram_set: rip_multicast = "0"
sem_get: Key: [   16.849139] firmadyne: sys_socket[PID: 106 (klogd)]: family:1, type:1, protocol:0
[   16.850384] firmadyne: sys_socket[PID: 106 (klogd)]: family:1, type:2, protocol:0
[   16.852656] firmadyne: ioctl: 0xc0207223
[   16.854188] firmadyne: ioctl: 0xc0207223
41110262
sem_get: Key: 41110262
[   16.860043] firmadyne: ioctl: 0xc0207223
[   16.861575] firmadyne: ioctl: 0xc0207223
[   16.865135] firmadyne: sys_socket[PID: 106 (klogd)]: family:1, type:1, protocol:0
[   16.866343] firmadyne: sys_socket[PID: 106 (klogd)]: family:1, type:2, protocol:0
nvram_set: bs_trustedip_enable = "0"
[   16.871174] firmadyne: ioctl: 0xc0207223
[   16.872731] firmadyne: ioctl: 0xc0207223
[   16.874235] firmadyne: ioctl: 0xc0207223
sem_get: Key: 41110262
sem_get: Key: 41110262
[   16.881030] firmadyne: sys_socket[PID: 106 (klogd)]: family:1, type:1, protocol:0
[   16.882362] firmadyne: sys_socket[PID: 106 (klogd)]: family:1, type:2, protocol:0
[   16.884689] firmadyne: ioctl: 0xc0207223
[   16.886204] firmadyne: ioctl: 0xc0207223
nvram_set: et0macaddr = "01:23:45:67:89:ab"
[   16.892940] firmadyne: sys_socket[PID: 106 (klogd)]: family:1, type:1, protocol:0
[   16.894231] firmadyne: sys_socket[PID: 106 (klogd)]: family:1, type:2, protocol:0
[   16.896443] firmadyne: ioctl: 0xc0207223
[   16.897988] firmadyne: ioctl: 0xc0207223
sem_get: Key: 41110262
sem_get: Key: 41110262
[   16.904771] firmadyne: sys_socket[PID: 106 (klogd)]: family:1, type:1, protocol:0
[   16.906017] firmadyne: sys_socket[PID: 106 (klogd)]: family:1, type:2, protocol:0
[   16.907996] firmadyne: ioctl: 0xc0207223
[   16.909562] firmadyne: ioctl: 0xc0207223
nvram_set: filter_rule_tbl = ""
[   16.916820] firmadyne: sys_socket[PID: 106 (klogd)]: family:1, type:1, protocol:0
[   16.918045] firmadyne: sys_socket[PID: 106 (klogd)]: family:1, type:2, protocol:0
[   16.919254] firmadyne: ioctl: 0xc0207223
[   16.920808] firmadyne: ioctl: 0xc0207223
[   16.922339] firmadyne: ioctl: 0xc0207223
sem_get: Key: 41110262
sem_get: Key: 41110262
[   16.929789] firmadyne: sys_socket[PID: 106 (klogd)]: family:1, type:1, protocol:0
[   16.932394] firmadyne: ioctl: 0xc0207223
[   16.933950] firmadyne: ioctl: 0xc0207223
nvram_set: pppoe2_schedule_config = "127:0:0:23:59"
[   16.939307] firmadyne: sys_socket[PID: 106 (klogd)]: family:1, type:2, protocol:0
[   16.941864] firmadyne: sys_socket[PID: 106 (klogd)]: family:1, type:1, protocol:0
[   16.943949] firmadyne: ioctl: 0xc0207223
[   16.945452] firmadyne: ioctl: 0xc0207223
sem_get: Key: 41110262
sem_get: Key: 41110262
[   16.951463] firmadyne: sys_socket[PID: 106 (klogd)]: family:1, type:2, protocol:0
[   16.954028] firmadyne: sys_socket[PID: 106 (klogd)]: family:1, type:1, protocol:0
[   16.955236] firmadyne: ioctl: 0xc0207223
[   16.956753] firmadyne: ioctl: 0xc0207223
[   16.958249] firmadyne: ioctl: 0xc0207223
nvram_set: schedule_config = "127:0:0:23:59"
[   16.963641] firmadyne: sys_socket[PID: 106 (klogd)]: family:1, type:2, protocol:0
[   16.966271] firmadyne: sys_socket[PID: 106 (klogd)]: family:1, type:1, protocol:0
[   16.968515] firmadyne: ioctl: 0xc0207223
[   16.970035] firmadyne: ioctl: 0xc0207223
sem_get: Key: 41110262
sem_get: Key: 41110262
[   16.975612] firmadyne: sys_socket[PID: 106 (klogd)]: family:1, type:2, protocol:0
[   16.978164] firmadyne: sys_socket[PID: 106 (klogd)]: family:1, type:1, protocol:0
[   16.980090] firmadyne: ioctl: 0xc0207223
[   16.981587] firmadyne: ioctl: 0xc0207223
nvram_set: access_control_mode = "0"
[   16.987624] firmadyne: sys_socket[PID: 106 (klogd)]: family:1, type:2, protocol:0
[   16.990284] firmadyne: sys_socket[PID: 106 (klogd)]: family:1, type:1, protocol:0
[   16.991792] firmadyne: ioctl: 0xc0207223
[   16.993916] firmadyne: ioctl: 0xc0207223
sem_get: Key: 41110262
sem_get: Key: 41110262[   16.999857] firmadyne: sys_socket[PID: 106 (klogd)]: family:1, type:2, protocol:0
[   17.002594] firmadyne: sys_socket[PID: 106 (klogd)]: family:1, type:1, protocol:0
[   17.004930] firmadyne: ioctl: 0xc0207223
[   17.006521] firmadyne: ioctl: 0xc0207223

nvram_set: fwpt_df_count = "0[   17.011687] firmadyne: sys_socket[PID: 106 (klogd)]: family:1, type:2, protocol:0
[   17.014402] firmadyne: sys_socket[PID: 106 (klogd)]: family:1, type:1, protocol:0
[   17.016729] firmadyne: ioctl: 0xc0207223
[   17.018293] firmadyne: ioctl: 0xc0207223
"
sem_get: Key: 41110262
sem_get: Key: 41110262[   17.024382] firmadyne: ioctl: 0xc0207223
[   17.025870] firmadyne: ioctl: 0xc0207223
[   17.027597] firmadyne: sys_socket[PID: 106 (klogd)]: family:1, type:2, protocol:0
[   17.030158] firmadyne: sys_socket[PID: 106 (klogd)]: family:1, type:1, protocol:0

nvram_set: static_if_status = "1[   17.035928] firmadyne: ioctl: 0xc0207223
[   17.037453] firmadyne: ioctl: 0xc0207223
[   17.039705] firmadyne: sys_socket[PID: 106 (klogd)]: family:1, type:2, protocol:0
[   17.042262] firmadyne: sys_socket[PID: 106 (klogd)]: family:1, type:1, protocol:0
"
sem_get: Key: 41110262
sem_get: Key: [   17.047427] firmadyne: ioctl: 0xc0207223
[   17.049208] firmadyne: ioctl: 0xc0207223
[   17.050924] firmadyne: ioctl: 0xc0207223
[   17.052057] firmadyne: sys_socket[PID: 106 (klogd)]: family:1, type:2, protocol:0
[   17.054530] firmadyne: sys_socket[PID: 106 (klogd)]: family:1, type:1, protocol:0
41110262
nvram_set: [   17.060143] firmadyne: ioctl: 0xc0207223
[   17.061683] firmadyne: ioctl: 0xc0207223
[   17.063598] firmadyne: sys_socket[PID: 106 (klogd)]: family:1, type:2, protocol:0
[   17.066449] firmadyne: sys_socket[PID: 106 (klogd)]: family:1, type:1, protocol:0
www_relocation = ""
sem_get: Key: 41110262
[   17.071536] firmadyne: ioctl: 0xc0207223
[   17.073284] firmadyne: ioctl: 0xc0207223
[   17.075574] firmadyne: sys_socket[PID: 106 (klogd)]: family:1, type:2, protocol:0
[   17.078246] firmadyne: sys_socket[PID: 106 (klogd)]: family:1, type:1, protocol:0
sem_get: Key: 41110262
[   17.083024] firmadyne: ioctl: 0xc0207223
[   17.084547] firmadyne: ioctl: 0xc0207223
[   17.086010] firmadyne: ioctl: 0xc0207223
nvram_set: usb_info_dev0 = "A200396E0402FF83@1@14.4G@U@1@USB_Storage;U:;0;0@"
sem_get: Key: 41110262[   17.091619] firmadyne: sys_socket[PID: 106 (klogd)]: family:1, type:2, protocol:0
[   17.094395] firmadyne: sys_socket[PID: 106 (klogd)]: family:1, type:1, protocol:0
[   17.096560] firmadyne: ioctl: 0xc0207223
[   17.098532] firmadyne: ioctl: 0xc0207223

sem_get: Key: 41110262
[   17.103587] firmadyne: sys_socket[PID: 106 (klogd)]: family:1, type:2, protocol:0
[   17.106279] firmadyne: sys_socket[PID: 106 (klogd)]: family:1, type:1, protocol:0
[   17.108609] firmadyne: ioctl: 0xc0207223
[   17.110110] firmadyne: ioctl: 0xc0207223
nvram_set: usb_info_dev1 = "A200396E0402FF83@1@14.4G@U@1@USB_Storage;U:;0;0@"
[   17.115514] firmadyne: sys_socket[PID: 106 (klogd)]: family:1, type:2, protocol:0
[   17.118328] firmadyne: sys_socket[PID: 106 (klogd)]: family:1, type:1, protocol:0
[   17.120825] firmadyne: ioctl: 0xc0207223
[   17.122368] firmadyne: ioctl: 0xc0207223
sem_get: Key: 41110262
sem_get: Key: 41110262[   17.129425] firmadyne: ioctl: 0xc0207223
[   17.131770] firmadyne: sys_socket[PID: 106 (klogd)]: family:1, type:2, protocol:0
[   17.134570] firmadyne: sys_socket[PID: 106 (klogd)]: family:1, type:1, protocol:0

nvram_set: [   17.139590] firmadyne: ioctl: 0xc0207223
[   17.141168] firmadyne: ioctl: 0xc0207223
[   17.143701] firmadyne: sys_socket[PID: 106 (klogd)]: family:1, type:2, protocol:0
[   17.146326] firmadyne: sys_socket[PID: 106 (klogd)]: family:1, type:1, protocol:0
usb_info_dev2 = "A200396E0402FF83@1@14.4G@U@1@USB_Storage;U:;0;0@"
sem_get: Key: 41110262
[   17.151345] firmadyne: ioctl: 0xc0207223
[   17.153262] firmadyne: ioctl: 0xc0207223
[   17.155648] firmadyne: sys_socket[PID: 106 (klogd)]: family:1, type:2, protocol:0
[   17.158271] firmadyne: sys_socket[PID: 106 (klogd)]: family:1, type:1, protocol:0
sem_get: Key: 41110262
[   17.163078] firmadyne: ioctl: 0xc0207223
[   17.164645] firmadyne: ioctl: 0xc0207223
[   17.166171] firmadyne: ioctl: 0xc0207223
nvram_set: usb_info_dev3 = "A200396E0402FF83@1@14.4G@U@1@USB_Storage;U:;0;0@"
[   17.171561] firmadyne: sys_socket[PID: 106 (klogd)]: family:1, type:2, protocol:0
[   17.174349] firmadyne: sys_socket[PID: 106 (klogd)]: family:1, type:1, protocol:0
[   17.176816] firmadyne: ioctl: 0xc0207223
[   17.178876] firmadyne: ioctl: 0xc0207223
sem_get: Key: 41110262
sem_get: Key: [   17.184116] firmadyne: ioctl: 0xc0207223
[   17.186004] firmadyne: ioctl: 0xc0207223
[   17.187574] firmadyne: sys_socket[PID: 106 (klogd)]: family:1, type:2, protocol:0
[   17.190308] firmadyne: sys_socket[PID: 106 (klogd)]: family:1, type:1, protocol:0
41110262
nvram_set: [   17.195908] firmadyne: ioctl: 0xc0207223
[   17.197436] firmadyne: ioctl: 0xc0207223
[   17.199597] firmadyne: sys_socket[PID: 106 (klogd)]: family:1, type:2, protocol:0
[   17.202574] firmadyne: sys_socket[PID: 106 (klogd)]: family:1, type:1, protocol:0
usb_info_dev4 = "A200396E0402FF83@1@14.4G@U@1@USB_Storage;U:;0;0@"
sem_get: Key: 41110262
[   17.207695] firmadyne: ioctl: 0xc0207223
[   17.209251] firmadyne: ioctl: 0xc0207223
sem_get: Key: 41110262
[   17.215583] firmadyne: sys_socket[PID: 106 (klogd)]: family:1, type:2, protocol:0
[   17.218205] firmadyne: sys_socket[PID: 106 (klogd)]: family:1, type:1, protocol:0
[   17.219745] firmadyne: ioctl: 0xc0207223
[   17.221334] firmadyne: ioctl: 0xc0207223
nvram_set: usb_info_dev5 = "A200396E0402FF83@1@14.4G@U@1@USB_Storage;U:;0;0@"
sem_get[   17.227779] firmadyne: sys_socket[PID: 106 (klogd)]: family:1, type:2, protocol:0
[   17.230602] firmadyne: sys_socket[PID: 106 (klogd)]: family:1, type:1, protocol:0
[   17.231866] firmadyne: ioctl: 0xc0207223
[   17.233419] firmadyne: ioctl: 0xc0207223
: Key: 41110262
sem_get: Key: 41110262
[   17.239124] firmadyne: ioctl: 0xc0207223
[   17.240683] firmadyne: ioctl: 0xc0207223
[   17.242215] firmadyne: ioctl: 0xc0207223
[   17.243550] firmadyne: sys_socket[PID: 106 (klogd)]: family:1, type:2, protocol:0
[   17.246204] firmadyne: sys_socket[PID: 106 (klogd)]: family:1, type:1, protocol:0
nvram_set: usb_info_dev6 = "A200396E0402FF83@1@14.4G@U@1@USB_Storage;U:;0;0@[   17.252671] firmadyne: ioctl: 0xc0207223
[   17.254230] firmadyne: ioctl: 0xc0207223
[   17.255700] firmadyne: sys_socket[PID: 106 (klogd)]: family:1, type:2, protocol:0
[   17.258337] firmadyne: sys_socket[PID: 106 (klogd)]: family:1, type:1, protocol:0
"
sem_get: Key: 41110262
sem_get[   17.264469] firmadyne: ioctl: 0xc0207223
[   17.266042] firmadyne: ioctl: 0xc0207223
[   17.267615] firmadyne: sys_socket[PID: 106 (klogd)]: family:1, type:2, protocol:0
[   17.270739] firmadyne: sys_socket[PID: 106 (klogd)]: family:1, type:1, protocol:0
: Key: 41110262
nvram_set[   17.276066] firmadyne: ioctl: 0xc0207223
[   17.277679] firmadyne: ioctl: 0xc0207223
: usb_info_dev7 = "A200396E0402FF83@1@14.4G@U@1@USB_Storage;U:;0;0@"
sem_get: Key: 41110262
[   17.283587] firmadyne: sys_socket[PID: 106 (klogd)]: family:1, type:2, protocol:0
[   17.286774] firmadyne: sys_socket[PID: 106 (klogd)]: family:1, type:1, protocol:0
[   17.288464] firmadyne: ioctl: 0xc0207223
[   17.290012] firmadyne: ioctl: 0xc0207223
sem_get: Key: 41110262
[   17.295875] firmadyne: ioctl: 0xc0207223
[   17.297456] firmadyne: ioctl: 0xc0207223
[   17.299700] firmadyne: sys_socket[PID: 106 (klogd)]: family:1, type:2, protocol:0
[   17.302530] firmadyne: sys_socket[PID: 106 (klogd)]: family:1, type:1, protocol:0
nvram_set: usb_info_dev8 = "A200396E0402FF83@1@14.4G@U@1@USB_Storage;U:;0;0@"
sem_get: Key: [   17.307130] firmadyne: ioctl: 0xc0207223
[   17.308815] firmadyne: ioctl: 0xc0207223
[   17.310313] firmadyne: ioctl: 0xc0207223
[   17.311635] firmadyne: sys_socket[PID: 106 (klogd)]: family:1, type:2, protocol:0
[   17.314223] firmadyne: sys_socket[PID: 106 (klogd)]: family:1, type:1, protocol:0
41110262
sem_get: Key: 41110262
[   17.320483] firmadyne: ioctl: 0xc0207223
[   17.322003] firmadyne: ioctl: 0xc0207223
[   17.323615] firmadyne: sys_socket[PID: 106 (klogd)]: family:1, type:2, protocol:0
[   17.326446] firmadyne: sys_socket[PID: 106 (klogd)]: family:1, type:1, protocol:0
nvram_set[   17.332023] firmadyne: ioctl: 0xc0207223
[   17.333735] firmadyne: ioctl: 0xc0207223
: usb_info_dev9 = "A200396E0402FF83@1@14.4G@U@1@USB_Storage;U:;0;0@"
sem_get: Key: 41110262
[   17.339967] firmadyne: sys_socket[PID: 106 (klogd)]: family:1, type:2, protocol:0
[   17.342755] firmadyne: sys_socket[PID: 106 (klogd)]: family:1, type:1, protocol:0
[   17.344483] firmadyne: ioctl: 0xc0207223
[   17.346008] firmadyne: ioctl: 0xc0207223
sem_get: Key: 41110262
[   17.351553] firmadyne: sys_socket[PID: 106 (klogd)]: family:1, type:2, protocol:0
[   17.354557] firmadyne: sys_socket[PID: 106 (klogd)]: family:1, type:1, protocol:0
[   17.356704] firmadyne: ioctl: 0xc0207223
[   17.358259] firmadyne: ioctl: 0xc0207223
nvram_set: usb_info_dev10 = "A200396E0402FF83@1@14.4G@U@1@USB_Storage;U:;0;0@"
sem_get: Key: 41110262
[   17.363690] firmadyne: sys_socket[PID: 106 (klogd)]: family:1, type:2, protocol:0
[   17.366432] firmadyne: sys_socket[PID: 106 (klogd)]: family:1, type:1, protocol:0
[   17.368707] firmadyne: ioctl: 0xc0207223
[   17.370319] firmadyne: ioctl: 0xc0207223
[   17.371150] cfg80211: Calling CRDA to update world regulatory domain
sem_get: Key: 41110262
[   17.376263] firmadyne: ioctl: 0xc0207223
[   17.377787] firmadyne: ioctl: 0xc0207223
[   17.379543] firmadyne: sys_socket[PID: 106 (klogd)]: family:1, type:2, protocol:0
[   17.382120] firmadyne: sys_socket[PID: 106 (klogd)]: family:1, type:1, protocol:0
nvram_set: usb_info_dev11 = "[   17.387746] firmadyne: ioctl: 0xc0207223
[   17.389269] firmadyne: ioctl: 0xc0207223
[   17.391635] firmadyne: sys_socket[PID: 106 (klogd)]: family:1, type:2, protocol:0
[   17.394257] firmadyne: sys_socket[PID: 106 (klogd)]: family:1, type:1, protocol:0
A200396E0402FF83@1@14.4G@U@1@USB_Storage;U:;0;0@"
sem_get: Key: 41110262
[   17.399117] firmadyne: ioctl: 0xc0207223
[   17.400701] firmadyne: ioctl: 0xc0207223
[   17.402256] firmadyne: ioctl: 0xc0207223
sem_get: Key: 41110262
[   17.407597] firmadyne: sys_socket[PID: 106 (klogd)]: family:1, type:2, protocol:0
[   17.410470] firmadyne: sys_socket[PID: 106 (klogd)]: family:1, type:1, protocol:0
[   17.412799] firmadyne: ioctl: 0xc0207223
[   17.414323] firmadyne: ioctl: 0xc0207223
nvram_set: usb_info_dev12 = "A200396E0402FF83@1@14.4G@U@1@USB_Storage;U:;0;0@"
sem_get: Key: 41110262[   17.419807] firmadyne: sys_socket[PID: 106 (klogd)]: family:1, type:2, protocol:0
[   17.422493] firmadyne: sys_socket[PID: 106 (klogd)]: family:1, type:1, protocol:0
[   17.424847] firmadyne: ioctl: 0xc0207223
[   17.426576] firmadyne: ioctl: 0xc0207223

sem_get: Key: 41110262
[   17.431620] firmadyne: sys_socket[PID: 106 (klogd)]: family:1, type:2, protocol:0
[   17.434355] firmadyne: sys_socket[PID: 106 (klogd)]: family:1, type:1, protocol:0
[   17.437003] firmadyne: ioctl: 0xc0207223
[   17.438532] firmadyne: ioctl: 0xc0207223
nvram_set: usb_info_dev13 = "A200396E0402FF83@1@14.4G@U@1@USB_Storage;U:;0;0@[   17.444143] firmadyne: ioctl: 0xc0207223
[   17.445673] firmadyne: ioctl: 0xc0207223
[   17.447572] firmadyne: sys_socket[PID: 106 (klogd)]: family:1, type:2, protocol:0
[   17.450307] firmadyne: sys_socket[PID: 106 (klogd)]: family:1, type:1, protocol:0
"
sem_get: Key: 41110262
[   17.455593] firmadyne: ioctl: 0xc0207223
[   17.457128] firmadyne: ioctl: 0xc0207223
[   17.459758] firmadyne: sys_socket[PID: 106 (klogd)]: family:1, type:2, protocol:0
[   17.462433] firmadyne: sys_socket[PID: 106 (klogd)]: family:1, type:1, protocol:0
sem_get: Key: 41110262
[   17.467028] firmadyne: ioctl: 0xc0207223
[   17.468591] firmadyne: ioctl: 0xc0207223
[   17.470375] firmadyne: ioctl: 0xc0207223
nvram_set: usb_info_dev14 = "A200396E0402FF83@1@14.4G@U@1@USB_Storage;U:;0;0@"
sem_get: Key: [   17.475804] firmadyne: sys_socket[PID: 106 (klogd)]: family:1, type:2, protocol:0
[   17.478459] firmadyne: sys_socket[PID: 106 (klogd)]: family:1, type:1, protocol:0
[   17.480863] firmadyne: ioctl: 0xc0207223
[   17.482587] firmadyne: ioctl: 0xc0207223
41110262
sem_get: Key: 41110262
[   17.487905] firmadyne: sys_socket[PID: 106 (klogd)]: family:1, type:2, protocol:0
[   17.490731] firmadyne: sys_socket[PID: 106 (klogd)]: family:1, type:1, protocol:0
[   17.493017] firmadyne: ioctl: 0xc0207223
[   17.494548] firmadyne: ioctl: 0xc0207223
nvram_set: usb_info_dev15 = "[   17.499506] firmadyne: sys_socket[PID: 106 (klogd)]: family:1, type:2, protocol:0
[   17.502139] firmadyne: sys_socket[PID: 106 (klogd)]: family:1, type:1, protocol:0
[   17.504777] firmadyne: ioctl: 0xc0207223
[   17.506364] firmadyne: ioctl: 0xc0207223
A200396E0402FF83@1@14.4G@U@1@USB_Storage;U:;0;0@"
sem_get: Key: 41110262
[   17.511586] firmadyne: sys_socket[PID: 106 (klogd)]: family:1, type:2, protocol:0
[   17.514241] firmadyne: sys_socket[PID: 106 (klogd)]: family:1, type:1, protocol:0
[   17.516634] firmadyne: ioctl: 0xc0207223
[   17.518138] firmadyne: ioctl: 0xc0207223
sem_get: Key: 41110262
nvram_set[   17.524304] firmadyne: ioctl: 0xc0207223
[   17.525855] firmadyne: ioctl: 0xc0207223
[   17.528738] firmadyne: sys_socket[PID: 106 (klogd)]: family:1, type:2, protocol:0
: usb_info_dev16 = "A200396E0402FF83@1@14.4G@U@1@USB_Storage;U:;0;0@"
sem_get: Key: 41110262
[   17.535875] firmadyne: sys_socket[PID: 106 (klogd)]: family:1, type:1, protocol:0
[   17.537707] firmadyne: sys_socket[PID: 106 (klogd)]: family:1, type:2, protocol:0
[   17.540097] firmadyne: ioctl: 0xc0207223
[   17.541607] firmadyne: ioctl: 0xc0207223
sem_get: Key: 41110262
[   17.560255] firmadyne: ioctl: 0xc0207223
[   17.561946] firmadyne: ioctl: 0xc0207223
nvram_set: usb_info_dev17 = "A200396E0402FF83@1@14.4G@U@1@USB_Storage;U:;0;0@"
sem_get: Key: 41110262
[   17.568043] firmadyne: ioctl: 0xc0207223
[   17.569718] firmadyne: ioctl: 0xc0207223
sem_get: Key: 41110262
[   17.575547] firmadyne: ioctl: 0xc0207223
[   17.577189] firmadyne: ioctl: 0xc0207223
[   17.578879] firmadyne: ioctl: 0xc0207223
nvram_set: usb_info_dev18 = "A200396E0402FF83@1@14.4G@U@1@USB_Storage;U:;0;0@"
sem_get[   17.584104] firmadyne: ioctl: 0xc0207223
[   17.585714] firmadyne: ioctl: 0xc0207223
[   17.587294] firmadyne: sys_socket[PID: 106 (klogd)]: family:1, type:1, protocol:0
[   17.588630] firmadyne: sys_socket[PID: 106 (klogd)]: family:1, type:2, protocol:0
: Key: 41110262
sem_get: Key: 41110262
[   17.595624] firmadyne: ioctl: 0xc0207223
[   17.597181] firmadyne: ioctl: 0xc0207223
[   17.598901] firmadyne: ioctl: 0xc0207223
[   17.600033] firmadyne: sys_socket[PID: 106 (klogd)]: family:1, type:1, protocol:0
[   17.601343] firmadyne: sys_socket[PID: 106 (klogd)]: family:1, type:2, protocol:0
nvram_set: usb_info_dev19 = "A200396E0402FF83@1@14.4G@U@1@USB_Storage;U:;0;0@"
[   17.608255] firmadyne: sys_socket[PID: 106 (klogd)]: family:1, type:1, protocol:0
[   17.609569] firmadyne: sys_socket[PID: 106 (klogd)]: family:1, type:2, protocol:0
[   17.612227] firmadyne: ioctl: 0xc0207223
[   17.613753] firmadyne: ioctl: 0xc0207223
sem_get: Key: 41110262
sem_get: Key: 41110262
[   17.620656] firmadyne: sys_socket[PID: 106 (klogd)]: family:1, type:1, protocol:0
[   17.621912] firmadyne: sys_socket[PID: 106 (klogd)]: family:1, type:2, protocol:0
[   17.623799] firmadyne: ioctl: 0xc0207223
[   17.625346] firmadyne: ioctl: 0xc0207223
nvram_set: usb_info_dev20 = "A200396E0402FF83@1@14.4G@U@1@USB_Storage;U:;0;0@"
[   17.632977] firmadyne: sys_socket[PID: 106 (klogd)]: family:1, type:1, protocol:0
[   17.634230] firmadyne: sys_socket[PID: 106 (klogd)]: family:1, type:2, protocol:0
[   17.635473] firmadyne: ioctl: 0xc0207223
[   17.637139] firmadyne: ioctl: 0xc0207223
[   17.638887] firmadyne: ioctl: 0xc0207223
sem_get: Key: 41110262
sem_get: Key: 41110262[   17.645189] firmadyne: sys_socket[PID: 106 (klogd)]: family:1, type:1, protocol:0
[   17.646407] firmadyne: sys_socket[PID: 106 (klogd)]: family:1, type:2, protocol:0
[   17.648576] firmadyne: ioctl: 0xc0207223
[   17.650057] firmadyne: ioctl: 0xc0207223

nvram_set: usb_info_dev21 = "A200396E0402FF83@1@14.4G@U@1@USB_Storage;U:;0;0@[   17.656192] firmadyne: ioctl: 0xc0207223
[   17.657731] firmadyne: ioctl: 0xc0207223
[   17.660912] firmadyne: sys_socket[PID: 106 (klogd)]: family:1, type:1, protocol:0
[   17.662178] firmadyne: sys_socket[PID: 106 (klogd)]: family:1, type:2, protocol:0
"
sem_get: Key: 41110262
sem_get[   17.667668] firmadyne: ioctl: 0xc0207223
[   17.669363] firmadyne: ioctl: 0xc0207223
[   17.673011] firmadyne: sys_socket[PID: 106 (klogd)]: family:1, type:1, protocol:0
[   17.674272] firmadyne: sys_socket[PID: 106 (klogd)]: family:1, type:2, protocol:0
: Key: 41110262
nvram_set: [   17.679238] firmadyne: ioctl: 0xc0207223
[   17.680829] firmadyne: ioctl: 0xc0207223
[   17.682400] firmadyne: ioctl: 0xc0207223
[   17.685107] firmadyne: sys_socket[PID: 106 (klogd)]: family:1, type:1, protocol:0
[   17.686467] firmadyne: sys_socket[PID: 106 (klogd)]: family:1, type:2, protocol:0
usb_info_dev22 = "A200396E0402FF83@1@14.4G@U@1@USB_Storage;U:;0;0@"
sem_get: Key: 41110262
[   17.692330] firmadyne: ioctl: 0xc0207223
[   17.693839] firmadyne: ioctl: 0xc0207223
[   17.696847] firmadyne: sys_socket[PID: 106 (klogd)]: family:1, type:1, protocol:0
[   17.698093] firmadyne: sys_socket[PID: 106 (klogd)]: family:1, type:2, protocol:0
sem_get: Key: 41110262
[   17.703911] firmadyne: ioctl: 0xc0207223
[   17.705456] firmadyne: ioctl: 0xc0207223
[   17.709089] firmadyne: sys_socket[PID: 106 (klogd)]: family:1, type:1, protocol:0
[   17.710343] firmadyne: sys_socket[PID: 106 (klogd)]: family:1, type:2, protocol:0
nvram_set: usb_info_dev23 = "A200396E0402FF83@1@14.4G@U@1@USB_Storage;U:;0;0@"
sem_get: Key: 41110262[   17.715696] firmadyne: ioctl: 0xc0207223
[   17.717267] firmadyne: ioctl: 0xc0207223

sem_get: Key: 41110262
[   17.724923] firmadyne: sys_socket[PID: 106 (klogd)]: family:1, type:1, protocol:0
[   17.726174] firmadyne: sys_socket[PID: 106 (klogd)]: family:1, type:2, protocol:0
[   17.728376] firmadyne: ioctl: 0xc0207223
[   17.729933] firmadyne: ioctl: 0xc0207223
nvram_set: usb_info_dev24 = "A200396E0402FF83@1@14.4G@U@1@USB_Storage;U:;0;0@"
sem_get: Key: [   17.736071] firmadyne: ioctl: 0xc0207223
[   17.737717] firmadyne: ioctl: 0xc0207223
[   17.741245] firmadyne: sys_socket[PID: 106 (klogd)]: family:1, type:1, protocol:0
[   17.742543] firmadyne: sys_socket[PID: 106 (klogd)]: family:1, type:2, protocol:0
41110262
sem_get: Key: 41110262
[   17.747622] firmadyne: ioctl: 0xc0207223
[   17.749167] firmadyne: ioctl: 0xc0207223
[   17.750861] firmadyne: ioctl: 0xc0207223
[   17.753401] firmadyne: sys_socket[PID: 106 (klogd)]: family:1, type:1, protocol:0
[   17.754974] firmadyne: sys_socket[PID: 106 (klogd)]: family:1, type:2, protocol:0
nvram_set: [   17.760142] firmadyne: ioctl: 0xc0207223
[   17.761657] firmadyne: ioctl: 0xc0207223
[   17.765070] firmadyne: sys_socket[PID: 106 (klogd)]: family:1, type:1, protocol:0
[   17.766403] firmadyne: sys_socket[PID: 106 (klogd)]: family:1, type:2, protocol:0
usb_info_dev25 = "A200396E0402FF83@1@14.4G@U@1@USB_Storage;U:;0;0@"
sem_get: Key: 41110262
[   17.771864] firmadyne: ioctl: 0xc0207223
[   17.773422] firmadyne: ioctl: 0xc0207223
[   17.777049] firmadyne: sys_socket[PID: 106 (klogd)]: family:1, type:1, protocol:0
[   17.778315] firmadyne: sys_socket[PID: 106 (klogd)]: family:1, type:2, protocol:0
sem_get: Key: 41110262
[   17.783137] firmadyne: ioctl: 0xc0207223
[   17.784721] firmadyne: ioctl: 0xc0207223
[   17.786210] firmadyne: ioctl: 0xc0207223
nvram_set: usb_info_dev26 = "A200396E0402FF83@1@14.4G@U@1@USB_Storage;U:;0;0@"
sem_get: Key: 41110262[   17.792938] firmadyne: sys_socket[PID: 106 (klogd)]: family:1, type:1, protocol:0
[   17.794229] firmadyne: sys_socket[PID: 106 (klogd)]: family:1, type:2, protocol:0
[   17.796396] firmadyne: ioctl: 0xc0207223
[   17.797948] firmadyne: ioctl: 0xc0207223

sem_get: Key: 41110262
[   17.804902] firmadyne: sys_socket[PID: 106 (klogd)]: family:1, type:1, protocol:0
[   17.806174] firmadyne: sys_socket[PID: 106 (klogd)]: family:1, type:2, protocol:0
[   17.808245] firmadyne: ioctl: 0xc0207223
[   17.809781] firmadyne: ioctl: 0xc0207223
nvram_set: usb_info_dev27 = "A200396E0402FF83@1@14.4G@U@1@USB_Storage;U:;0;0@"
sem_get: Key: [   17.817136] firmadyne: sys_socket[PID: 106 (klogd)]: family:1, type:1, protocol:0
[   17.818405] firmadyne: sys_socket[PID: 106 (klogd)]: family:1, type:2, protocol:0
[   17.820212] firmadyne: ioctl: 0xc0207223
[   17.821772] firmadyne: ioctl: 0xc0207223
41110262
sem_get: Key: 41110262
[   17.829005] firmadyne: sys_socket[PID: 106 (klogd)]: family:1, type:1, protocol:0
[   17.830307] firmadyne: sys_socket[PID: 106 (klogd)]: family:1, type:2, protocol:0
[   17.832070] firmadyne: ioctl: 0xc0207223
[   17.833760] firmadyne: ioctl: 0xc0207223
nvram_set: usb_info_dev28 = "A200396E0402FF83@1@14.4G@U@1@USB_Storage;U:;0;0@"
sem_get[   17.840497] firmadyne: ioctl: 0xc0207223
[   17.842041] firmadyne: ioctl: 0xc0207223
[   17.844964] firmadyne: sys_socket[PID: 106 (klogd)]: family:1, type:1, protocol:0
[   17.846230] firmadyne: sys_socket[PID: 106 (klogd)]: family:1, type:2, protocol:0
[   17.848285] firmadyne: ioctl: 0xc0207223
[   17.849800] firmadyne: ioctl: 0xc0207223
: Key: 41110262
sem_get: Key: 41110262
[   17.856913] firmadyne: sys_socket[PID: 106 (klogd)]: family:1, type:1, protocol:0
[   17.858175] firmadyne: sys_socket[PID: 106 (klogd)]: family:1, type:2, protocol:0
[   17.859927] firmadyne: ioctl: 0xc0207223
[   17.861436] firmadyne: ioctl: 0xc0207223
nvram_set: usb_info_dev29 = "A200396E0402FF83@1@14.4G@U@1@USB_Storage;U:;0;0@"
[   17.868999] firmadyne: sys_socket[PID: 106 (klogd)]: family:1, type:1, protocol:0
[   17.870258] firmadyne: sys_socket[PID: 106 (klogd)]: family:1, type:2, protocol:0
[   17.871532] firmadyne: ioctl: 0xc0207223
[   17.873158] firmadyne: ioctl: 0xc0207223
[   17.874867] firmadyne: ioctl: 0xc0207223
sem_get: Key: 41110262
sem_get: Key: 41110262[   17.881255] firmadyne: sys_socket[PID: 106 (klogd)]: family:1, type:1, protocol:0
[   17.882501] firmadyne: sys_socket[PID: 106 (klogd)]: family:1, type:2, protocol:0
[   17.884774] firmadyne: ioctl: 0xc0207223
[   17.886326] firmadyne: ioctl: 0xc0207223

nvram_set: usb_info_dev30 = "A200396E0402FF83@1@14.4G@U@1@USB_Storage;U:;0;0@[   17.893553] firmadyne: sys_socket[PID: 106 (klogd)]: family:1, type:1, protocol:0
[   17.896254] firmadyne: ioctl: 0xc0207223
[   17.897765] firmadyne: ioctl: 0xc0207223
"
sem_get: Key: 41110262
sem_get: Key: 41110262[   17.903305] firmadyne: sys_socket[PID: 106 (klogd)]: family:1, type:2, protocol:0
[   17.906058] firmadyne: sys_socket[PID: 106 (klogd)]: family:1, type:1, protocol:0
[   17.907752] firmadyne: ioctl: 0xc0207223
[   17.909280] firmadyne: ioctl: 0xc0207223

nvram_set: usb_info_dev31 = "A200396E0402FF83@1@14.4G@U@1@USB_Storage;U:;0;0@[   17.915830] firmadyne: sys_socket[PID: 106 (klogd)]: family:1, type:2, protocol:0
[   17.918412] firmadyne: sys_socket[PID: 106 (klogd)]: family:1, type:1, protocol:0
[   17.919632] firmadyne: ioctl: 0xc0207223
[   17.921335] firmadyne: ioctl: 0xc0207223
"
sem_get: Key: 41110262
sem_get: Key: 41110262[   17.929146] firmadyne: sys_socket[PID: 106 (klogd)]: family:1, type:2, protocol:0
[   17.931171] firmadyne: ioctl: 0xc0207223
[   17.932796] firmadyne: ioctl: 0xc0207223
[   17.934321] firmadyne: ioctl: 0xc0207223
[   17.936123] firmadyne: sys_socket[PID: 106 (klogd)]: family:1, type:1, protocol:0
[   17.937469] firmadyne: sys_socket[PID: 106 (klogd)]: family:1, type:2, protocol:0

nvram_set: usb_info_dev32 = "A200396E0402FF83@1@14.4G@U@1@USB_Storage;U:;0;0@[   17.944391] firmadyne: ioctl: 0xc0207223
[   17.945909] firmadyne: ioctl: 0xc0207223
[   17.948550] firmadyne: sys_socket[PID: 106 (klogd)]: family:1, type:1, protocol:0
[   17.949956] firmadyne: sys_socket[PID: 106 (klogd)]: family:1, type:2, protocol:0
"
sem_get: Key: 41110262
sem_get: Key: 41110262[   17.956049] firmadyne: ioctl: 0xc0207223
[   17.957564] firmadyne: ioctl: 0xc0207223
[   17.960806] firmadyne: sys_socket[PID: 106 (klogd)]: family:1, type:1, protocol:0
[   17.962093] firmadyne: sys_socket[PID: 106 (klogd)]: family:1, type:2, protocol:0

nvram_set: usb_info_dev33 = "A200396E0402FF83@1@14.4G@U@1@USB_Storage;U:;0;0@[   17.967927] firmadyne: ioctl: 0xc0207223
[   17.969498] firmadyne: ioctl: 0xc0207223
[   17.973157] firmadyne: sys_socket[PID: 106 (klogd)]: family:1, type:1, protocol:0
[   17.974411] firmadyne: sys_socket[PID: 106 (klogd)]: family:1, type:2, protocol:0
"
sem_get: Key: 41110262
