[    0.000000] Linux version 4.1.17+ (alessio@pc) (gcc version 5.5.0 20171010 (Ubuntu 5.5.0-12ubuntu1) ) #1 Mon May 15 23:04:08 CEST 2023
[    0.000000] earlycon: Early serial console at I/O port 0x3f8 (options '38400n8')
[    0.000000] bootconsole [uart0] enabled
[    0.000000] CPU0 revision is: 00019300 (MIPS 24Kc)
[    0.000000] FPU revision is: 00739300
[    0.000000] Software DMA cache coherency enabled
[    0.000000] Determined physical RAM map:
[    0.000000]  memory: 00001000 @ 00000000 (reserved)
[    0.000000]  memory: 000ef000 @ 00001000 (ROM data)
[    0.000000]  memory: 00798000 @ 000f0000 (reserved)
[    0.000000]  memory: 0f777000 @ 00888000 (usable)
[    0.000000] debug: ignoring loglevel setting.
[    0.000000] Wasting 69888 bytes for tracking 2184 unused pages
[    0.000000] Initrd not found or empty - disabling initrd
[    0.000000] Zone ranges:
[    0.000000]   DMA      [mem 0x0000000000000000-0x0000000000ffffff]
[    0.000000]   Normal   [mem 0x0000000001000000-0x000000000fffefff]
[    0.000000] Movable zone start for each node
[    0.000000] Early memory node ranges
[    0.000000]   node   0: [mem 0x0000000000000000-0x000000000fffefff]
[    0.000000] Initmem setup node 0 [mem 0x0000000000000000-0x000000000fffefff]
[    0.000000] On node 0 totalpages: 65535
[    0.000000] free_area_init_node: node 0, pgdat 8081d5b0, node_mem_map 81000000
[    0.000000]   DMA zone: 32 pages used for memmap
[    0.000000]   DMA zone: 0 pages reserved
[    0.000000]   DMA zone: 4096 pages, LIFO batch:0
[    0.000000]   Normal zone: 480 pages used for memmap
[    0.000000]   Normal zone: 61439 pages, LIFO batch:15
[    0.000000] Primary instruction cache 2kB, VIPT, 2-way, linesize 16 bytes.
[    0.000000] Primary data cache 2kB, 2-way, VIPT, no aliases, linesize 16 bytes
[    0.000000] pcpu-alloc: s0 r0 d32768 u32768 alloc=1*32768
[    0.000000] pcpu-alloc: [0] 0 
[    0.000000] Built 1 zonelists in Zone order, mobility grouping on.  Total pages: 65023
[    0.000000] Kernel command line: root=/dev/sda1 console=ttyS0 nandsim.parts=64,64,64,64,64,64,64,64,64,64 rdinit=/firmadyne/preInit.sh rw debug ignore_loglevel print-fatal-signals=1 FIRMAE_NET=true FIRMAE_NVRAM=true FIRMAE_KERNEL=true FIRMAE_ETC=true user_debug=0 firmadyne.syscall=1 noka
[    0.000000] found FIRMAE_KERNEL=t
[    0.000000] set the LD_PRELOAD=/firmadyne/libnvram_ioctl.so
[    0.000000] PID hash table entries: 1024 (order: 0, 4096 bytes)
[    0.000000] Dentry cache hash table entries: 32768 (order: 5, 131072 bytes)
[    0.000000] Inode-cache hash table entries: 16384 (order: 4, 65536 bytes)
[    0.000000] Writing ErrCtl register=00000000
[    0.000000] Readback ErrCtl register=00000000
[    0.000000] Memory: 251112K/262140K available (5360K kernel code, 244K rwdata, 1676K rodata, 260K init, 158K bss, 11028K reserved, 0K cma-reserved)
[    0.000000] NR_IRQS:256
[    0.000000] CPU frequency 200.00 MHz
[    0.000000] clocksource MIPS: mask: 0xffffffff max_cycles: 0xffffffff, max_idle_ns: 19112391363 ns
[    0.000163] sched_clock: 32 bits at 100MHz, resolution 9ns, wraps every 21474596859ns
[    0.011243] Console: colour dummy device 80x25
[    0.012249] Calibrating delay loop... 35.45 BogoMIPS (lpj=70912)
[    0.057221] pid_max: default: 32768 minimum: 301
[    0.060503] Mount-cache hash table entries: 1024 (order: 0, 4096 bytes)
[    0.060944] Mountpoint-cache hash table entries: 1024 (order: 0, 4096 bytes)
[    0.112110] clocksource jiffies: mask: 0xffffffff max_cycles: 0xffffffff, max_idle_ns: 7645041785100000 ns
[    0.120721] NET: Registered protocol family 16
[    0.341128] clocksource pit: mask: 0xffffffff max_cycles: 0xffffffff, max_idle_ns: 1601818034827 ns
[    0.461968] vgaarb: loaded
[    0.466422] SCSI subsystem initialized
[    0.468336] libata version 3.00 loaded.
[    0.471911] usbcore: registered new interface driver usbfs
[    0.473079] usbcore: registered new interface driver hub
[    0.474150] usbcore: registered new device driver usb
[    0.476287] pps_core: LinuxPPS API ver. 1 registered
[    0.476610] pps_core: Software ver. 5.3.6 - Copyright 2005-2007 Rodolfo Giometti <giometti@linux.it>
[    0.477361] PTP clock support registered
[    0.481144] PCI host bridge to bus 0000:00
[    0.481751] pci_bus 0000:00: root bus resource [mem 0x10000000-0x17ffffff]
[    0.482247] pci_bus 0000:00: root bus resource [io  0x1000-0x1fffff]
[    0.482834] pci_bus 0000:00: root bus resource [??? 0x00000000 flags 0x0]
[    0.483299] pci_bus 0000:00: No busn resource found for root bus, will use [bus 00-ff]
[    0.484355] pci 0000:00:00.0: [11ab:4620] type 00 class 0x060000
[    0.485132] pci 0000:00:00.0: [Firmware Bug]: reg 0x14: invalid BAR (can't size)
[    0.485608] pci 0000:00:00.0: [Firmware Bug]: reg 0x18: invalid BAR (can't size)
[    0.486075] pci 0000:00:00.0: [Firmware Bug]: reg 0x1c: invalid BAR (can't size)
[    0.486676] pci 0000:00:00.0: [Firmware Bug]: reg 0x20: invalid BAR (can't size)
[    0.487167] pci 0000:00:00.0: [Firmware Bug]: reg 0x24: invalid BAR (can't size)
[    0.490326] pci 0000:00:0a.0: [8086:7110] type 00 class 0x060100
[    0.493170] pci 0000:00:0a.1: [8086:7111] type 00 class 0x010180
[    0.493788] pci 0000:00:0a.1: reg 0x20: [io  0x0000-0x000f]
[    0.494267] pci 0000:00:0a.1: legacy IDE quirk: reg 0x10: [io  0x01f0-0x01f7]
[    0.494726] pci 0000:00:0a.1: legacy IDE quirk: reg 0x14: [io  0x03f6]
[    0.495291] pci 0000:00:0a.1: legacy IDE quirk: reg 0x18: [io  0x0170-0x0177]
[    0.495748] pci 0000:00:0a.1: legacy IDE quirk: reg 0x1c: [io  0x0376]
[    0.498291] pci 0000:00:0a.2: [8086:7112] type 00 class 0x0c0300
[    0.498830] pci 0000:00:0a.2: reg 0x20: [io  0x0000-0x001f]
[    0.501469] pci 0000:00:0a.3: [8086:7113] type 00 class 0x068000
[    0.502528] pci 0000:00:0a.3: quirk: [io  0x1000-0x103f] claimed by PIIX4 ACPI
[    0.503162] pci 0000:00:0a.3: quirk: [io  0x1100-0x110f] claimed by PIIX4 SMB
[    0.505697] pci 0000:00:12.0: [1013:00b8] type 00 class 0x030000
[    0.506195] pci 0000:00:12.0: reg 0x10: [mem 0x00000000-0x01ffffff pref]
[    0.506665] pci 0000:00:12.0: reg 0x14: [mem 0x00000000-0x00000fff]
[    0.507212] pci 0000:00:12.0: reg 0x30: [mem 0x00000000-0x0000ffff pref]
[    0.509424] vgaarb: device added: PCI:0000:00:12.0,decodes=io+mem,owns=none,locks=none
[    0.510424] pci 0000:00:13.0: [8086:100e] type 00 class 0x020000
[    0.510934] pci 0000:00:13.0: reg 0x10: [mem 0x00000000-0x0001ffff]
[    0.511411] pci 0000:00:13.0: reg 0x14: [io  0x0000-0x003f]
[    0.512056] pci 0000:00:13.0: reg 0x30: [mem 0x00000000-0x0003ffff pref]
[    0.514528] pci 0000:00:14.0: [8086:100e] type 00 class 0x020000
[    0.515024] pci 0000:00:14.0: reg 0x10: [mem 0x00000000-0x0001ffff]
[    0.515484] pci 0000:00:14.0: reg 0x14: [io  0x0000-0x003f]
[    0.516126] pci 0000:00:14.0: reg 0x30: [mem 0x00000000-0x0003ffff pref]
[    0.518766] pci 0000:00:15.0: [8086:100e] type 00 class 0x020000
[    0.519274] pci 0000:00:15.0: reg 0x10: [mem 0x00000000-0x0001ffff]
[    0.519752] pci 0000:00:15.0: reg 0x14: [io  0x0000-0x003f]
[    0.520462] pci 0000:00:15.0: reg 0x30: [mem 0x00000000-0x0003ffff pref]
[    0.523009] pci 0000:00:16.0: [8086:100e] type 00 class 0x020000
[    0.523489] pci 0000:00:16.0: reg 0x10: [mem 0x00000000-0x0001ffff]
[    0.523947] pci 0000:00:16.0: reg 0x14: [io  0x0000-0x003f]
[    0.524574] pci 0000:00:16.0: reg 0x30: [mem 0x00000000-0x0003ffff pref]
[    0.527214] pci_bus 0000:00: busn_res: [bus 00-ff] end is updated to 00
[    0.528576] pci 0000:00:12.0: BAR 0: assigned [mem 0x10000000-0x11ffffff pref]
[    0.529201] pci 0000:00:13.0: BAR 6: assigned [mem 0x12000000-0x1203ffff pref]
[    0.529764] pci 0000:00:14.0: BAR 6: assigned [mem 0x12040000-0x1207ffff pref]
[    0.530284] pci 0000:00:15.0: BAR 6: assigned [mem 0x12080000-0x120bffff pref]
[    0.530818] pci 0000:00:16.0: BAR 6: assigned [mem 0x120c0000-0x120fffff pref]
[    0.531337] pci 0000:00:13.0: BAR 0: assigned [mem 0x12100000-0x1211ffff]
[    0.531854] pci 0000:00:14.0: BAR 0: assigned [mem 0x12120000-0x1213ffff]
[    0.532369] pci 0000:00:15.0: BAR 0: assigned [mem 0x12140000-0x1215ffff]
[    0.533023] pci 0000:00:16.0: BAR 0: assigned [mem 0x12160000-0x1217ffff]
[    0.533539] pci 0000:00:12.0: BAR 6: assigned [mem 0x12180000-0x1218ffff pref]
[    0.534065] pci 0000:00:12.0: BAR 1: assigned [mem 0x12190000-0x12190fff]
[    0.534579] pci 0000:00:13.0: BAR 1: assigned [io  0x1040-0x107f]
[    0.535040] pci 0000:00:14.0: BAR 1: assigned [io  0x1080-0x10bf]
[    0.535509] pci 0000:00:15.0: BAR 1: assigned [io  0x10c0-0x10ff]
[    0.535981] pci 0000:00:16.0: BAR 1: assigned [io  0x1400-0x143f]
[    0.536444] pci 0000:00:0a.2: BAR 4: assigned [io  0x1440-0x145f]
[    0.536947] pci 0000:00:0a.1: BAR 4: assigned [io  0x1460-0x146f]
[    0.551942] cfg80211: Calling CRDA to update world regulatory domain
[    0.563205] Switched to clocksource MIPS
[    0.656604] NET: Registered protocol family 2
[    0.666251] TCP established hash table entries: 2048 (order: 1, 8192 bytes)
[    0.667182] TCP bind hash table entries: 2048 (order: 1, 8192 bytes)
[    0.668150] TCP: Hash tables configured (established 2048 bind 2048)
[    0.669050] UDP hash table entries: 256 (order: 0, 4096 bytes)
[    0.669610] UDP-Lite hash table entries: 256 (order: 0, 4096 bytes)
[    0.672882] NET: Registered protocol family 1
[    0.674233] PCI: Enabling device 0000:00:0a.2 (0000 -> 0001)
[    0.675549] PCI: CLS 0 bytes, default 16
[    0.701971] futex hash table entries: 256 (order: -1, 3072 bytes)
[    0.715080] squashfs: version 4.0 (2009/01/31) Phillip Lougher
[    0.717308] jffs2: version 2.2. (NAND) Â© 2001-2006 Red Hat, Inc.
[    0.720398] romfs: ROMFS MTD (C) 2007 Red Hat, Inc.
[    0.740085] Block layer SCSI generic (bsg) driver version 0.4 loaded (major 251)
[    0.740631] io scheduler noop registered
[    0.741214] io scheduler cfq registered (default)
[    0.742017] firmadyne: devfs: 1, execute: 1, procfs: 1, syscall: 1
[    0.746659] firmadyne: Cannot register character device: gpio, 0xfc, 0x0!
[    0.753646] firmadyne: Cannot register character device: watchdog, 0xa, 0x82!
[    0.754064] firmadyne: Cannot register character device: wdt, 0xfd, 0x0!
[    2.178827] strName = 4.1.17+
[    2.178827] init_task_addr  = 2155778944
[    2.178827] init_task_size  = 1296
[    2.178827] ts_tasks        = 292
[    2.178827] ts_pid          = 408
[    2.178827] ts_tgid         = 412
[    2.178827] ts_group_leader = 440
[    2.178827] ts_thread_group = 496
[    2.178827] ts_real_parent  = 416
[    2.178827] ts_mm           = 300
[    2.178827] ts_stack        = 4
[    2.182272] module_name   = 12
[    2.182272] module_size   = 208
[    2.182272] module_init   = 200
[    2.182272] module_list   = 4
[    2.183143] ts_real_cred    = 624
[    2.183143] ts_cred         = 628
[    2.183143] ts_comm         = 632
[    2.183143] cred_uid        = 4
[    2.183143] cred_gid        = 8
[    2.183143] cred_euid       = 20
[    2.183143] cred_egid       = 24
[    2.184636] mm_mmap         = 0
[    2.184636] mm_pgd          = 32
[    2.184636] mm_arg_start    = 136
[    2.184636] mm_start_brk    = 124
[    2.184636] mm_brk          = 128
[    2.184636] mm_start_stack  = 132
[    2.185855] vma_vm_start    = 0
[    2.185855] vma_vm_end      = 4
[    2.185855] vma_vm_next     = 8
[    2.185855] vma_vm_file     = 80
[    2.185855] vma_vm_flags    = 40
[    2.185855] vma_vm_pgoff    = 76
[    2.187093] file_dentry     = 12
[    2.187093] file_inode      = 40
[    2.187093] dentry_d_name   = 24
[    2.187093] dentry_d_iname  = 44
[    2.187093] dentry_d_parent = 16
[    2.187093] ti_task         = 0
[    2.187093] inode_ino   = 28
[    3.070874] proc_fork_connector  = 2151078840
[    3.071363] proc_exit_connector  = 2151080432
[    3.071660] proc_exec_connector  = 2151079052
[    3.071939] vma_link  = 2149124372
[    3.072187] vma_adjust  = 2149124540
[    3.072447] remove_vma  = 2149122188
[    3.072698] modules  = 2155833724
[    3.072943] trim_init_extable  = 2150545316
[    3.076141] PCI: Enabling device 0000:00:12.0 (0000 -> 0002)
[    3.077259] cirrusfb 0000:00:12.0: Cirrus Logic chipset on PCI bus, RAM (4096 kB) at 0x10000000
[    3.314728] Console: switching to colour frame buffer device 80x30
[    3.370181] Serial: 8250/16550 driver, 4 ports, IRQ sharing enabled
[    3.382059] console [ttyS0] disabled
[    3.408139] serial8250.0: ttyS0 at I/O 0x3f8 (irq = 4, base_baud = 115200) is a 16550A
[    3.409423] console [ttyS0] enabled
[    3.409423] console [ttyS0] enabled
[    3.410193] bootconsole [uart0] disabled
[    3.410193] bootconsole [uart0] disabled
[    3.439262] serial8250.0: ttyS1 at I/O 0x2f8 (irq = 3, base_baud = 115200) is a 16550A
[    3.539407] brd: module loaded
[    3.591411] loop: module loaded
[    3.596920] ata_piix 0000:00:0a.1: version 2.13
[    3.597568] PCI: Enabling device 0000:00:0a.1 (0000 -> 0001)
[    3.619981] scsi host0: ata_piix
[    3.624780] scsi host1: ata_piix
[    3.628169] ata1: PATA max UDMA/33 cmd 0x1f0 ctl 0x3f6 bmdma 0x1460 irq 14
[    3.628843] ata2: PATA max UDMA/33 cmd 0x170 ctl 0x376 bmdma 0x1468 irq 15
[    3.634729] [nandsim] warning: read_byte: unexpected data output cycle, state is STATE_READY return 0x0
[    3.635720] [nandsim] warning: read_byte: unexpected data output cycle, state is STATE_READY return 0x0
[    3.636553] [nandsim] warning: read_byte: unexpected data output cycle, state is STATE_READY return 0x0
[    3.637389] [nandsim] warning: read_byte: unexpected data output cycle, state is STATE_READY return 0x0
[    3.638220] [nandsim] warning: read_byte: unexpected data output cycle, state is STATE_READY return 0x0
[    3.639078] [nandsim] warning: read_byte: unexpected data output cycle, state is STATE_READY return 0x0
[    3.640169] nand: device found, Manufacturer ID: 0x98, Chip ID: 0x39
[    3.640808] nand: Toshiba NAND 128MiB 1,8V 8-bit
[    3.641341] nand: 128 MiB, SLC, erase size: 16 KiB, page size: 512, OOB size: 16
[    3.643045] flash size: 128 MiB
[    3.643554] page size: 512 bytes
[    3.643911] OOB area size: 16 bytes
[    3.644304] sector size: 16 KiB
[    3.644663] pages number: 262144
[    3.645044] pages per sector: 32
[    3.645408] bus width: 8
[    3.645740] bits in sector size: 14
[    3.646152] bits in page size: 9
[    3.646527] bits in OOB size: 4
[    3.646902] flash size with OOB: 135168 KiB
[    3.647530] page address bytes: 4
[    3.647910] sector address bytes: 3
[    3.648345] options: 0x42
[    3.718319] Scanning device for bad blocks
[    4.694865] cfg80211: Calling CRDA to update world regulatory domain
[    4.699734] ata2.01: NODEV after polling detection
[    4.700535] ata1.01: NODEV after polling detection
[    4.702236] ata2.00: ATAPI: QEMU DVD-ROM, 2.5+, max UDMA/100
[    4.704897] ata1.00: ATA-7: QEMU HARDDISK, 2.5+, max UDMA/100
[    4.705517] ata1.00: 2097152 sectors, multi 16: LBA48 
[    4.710482] ata2.00: configured for UDMA/33
[    4.712518] ata1.00: configured for UDMA/33
[    4.720161] scsi 0:0:0:0: Direct-Access     ATA      QEMU HARDDISK    2.5+ PQ: 0 ANSI: 5
[    4.733748] sd 0:0:0:0: [sda] 2097152 512-byte logical blocks: (1.07 GB/1.00 GiB)
[    4.735480] scsi 1:0:0:0: CD-ROM            QEMU     QEMU DVD-ROM     2.5+ PQ: 0 ANSI: 5
[    4.746588] sd 0:0:0:0: [sda] Write Protect is off
[    4.747336] sd 0:0:0:0: [sda] Mode Sense: 00 3a 00 00
[    4.748864] sd 0:0:0:0: [sda] Write cache: enabled, read cache: enabled, doesn't support DPO or FUA
[    4.759246]  sda: sda1
[    4.765922] Creating 11 MTD partitions on "NAND 128MiB 1,8V 8-bit":
[    4.766766] 0x000000000000-0x000000100000 : "NAND simulator partition 0"
[    4.776622] 0x000000100000-0x000000200000 : "NAND simulator partition 1"
[    4.785763] 0x000000200000-0x000000300000 : "NAND simulator partition 2"
[    4.795097] 0x000000300000-0x000000400000 : "NAND simulator partition 3"
[    4.804588] 0x000000400000-0x000000500000 : "NAND simulator partition 4"
[    4.814015] 0x000000500000-0x000000600000 : "NAND simulator partition 5"
[    4.823639] 0x000000600000-0x000000700000 : "NAND simulator partition 6"
[    4.833455] 0x000000700000-0x000000800000 : "NAND simulator partition 7"
[    4.843280] 0x000000800000-0x000000900000 : "NAND simulator partition 8"
[    4.852316] 0x000000900000-0x000000a00000 : "NAND simulator partition 9"
[    4.861408] 0x000000a00000-0x000008000000 : "NAND simulator partition 10"
[    4.899863] tun: Universal TUN/TAP device driver, 1.6
[    4.900403] tun: (C) 1999-2004 Max Krasnyansky <maxk@qualcomm.com>
[    4.903711] pcnet32: pcnet32.c:v1.35 21.Apr.2008 tsbogend@alpha.franken.de
[    4.905084] e1000: Intel(R) PRO/1000 Network Driver - version 7.3.21-k8-NAPI
[    4.905742] e1000: Copyright (c) 1999-2006 Intel Corporation.
[    4.906789] PCI: Enabling device 0000:00:13.0 (0000 -> 0003)
[    4.913826] sd 0:0:0:0: [sda] Attached SCSI disk
[    5.205691] e1000 0000:00:13.0 eth0: (PCI:33MHz:32-bit) 52:54:00:12:34:56
[    5.206485] e1000 0000:00:13.0 eth0: Intel(R) PRO/1000 Network Connection
[    5.207404] PCI: Enabling device 0000:00:14.0 (0000 -> 0003)
[    5.496187] e1000 0000:00:14.0 eth1: (PCI:33MHz:32-bit) 52:54:00:12:34:57
[    5.496904] e1000 0000:00:14.0 eth1: Intel(R) PRO/1000 Network Connection
[    5.497717] PCI: Enabling device 0000:00:15.0 (0000 -> 0003)
[    5.792954] e1000 0000:00:15.0 eth2: (PCI:33MHz:32-bit) 52:54:00:12:34:58
[    5.793656] e1000 0000:00:15.0 eth2: Intel(R) PRO/1000 Network Connection
[    5.794452] PCI: Enabling device 0000:00:16.0 (0000 -> 0003)
[    6.084420] e1000 0000:00:16.0 eth3: (PCI:33MHz:32-bit) 52:54:00:12:34:59
[    6.085123] e1000 0000:00:16.0 eth3: Intel(R) PRO/1000 Network Connection
[    6.086450] e1000e: Intel(R) PRO/1000 Network Driver - 2.3.2-k
[    6.086951] e1000e: Copyright(c) 1999 - 2014 Intel Corporation.
[    6.091026] PPP generic driver version 2.4.2
[    6.093184] PPP Deflate Compression module registered
[    6.093977] PPP MPPE Compression module registered
[    6.094537] NET: Registered protocol family 24
[    6.095485] ehci_hcd: USB 2.0 'Enhanced' Host Controller (EHCI) Driver
[    6.096178] ehci-pci: EHCI PCI platform driver
[    6.097357] ohci_hcd: USB 1.1 'Open' Host Controller (OHCI) Driver
[    6.098041] ohci-pci: OHCI PCI platform driver
[    6.099340] uhci_hcd: USB Universal Host Controller Interface driver
[    6.101116] uhci_hcd 0000:00:0a.2: UHCI Host Controller
[    6.102035] uhci_hcd 0000:00:0a.2: new USB bus registered, assigned bus number 1
[    6.103405] uhci_hcd 0000:00:0a.2: irq 11, io base 0x00001440
[    6.114568] hub 1-0:1.0: USB hub found
[    6.115554] hub 1-0:1.0: 2 ports detected
[    6.123930] usbcore: registered new interface driver usb-storage
[    6.127946] mousedev: PS/2 mouse device common for all mice
[    6.133879] rtc_cmos rtc_cmos: rtc core: registered rtc_cmos as rtc0
[    6.134792] rtc_cmos rtc_cmos: alarms up to one day, 242 bytes nvram
[    6.136476] i2c /dev entries driver
[    6.137759] piix4_smbus 0000:00:0a.3: SMBus Host Controller at 0x1100, revision 0
[    6.142232] sdhci: Secure Digital Host Controller Interface driver
[    6.142806] sdhci: Copyright(c) Pierre Ossman
[    6.145232] hidraw: raw HID events driver (C) Jiri Kosina
[    6.162162] usbcore: registered new interface driver usbhid
[    6.162693] usbhid: USB HID core driver
[    6.163977] Netfilter messages via NETLINK v0.30.
[    6.165399] nf_conntrack version 0.5.0 (3923 buckets, 15692 max)
[    6.168667] ctnetlink v0.93: registering with nfnetlink.
[    6.173961] ipip: IPv4 over IPv4 tunneling driver
[    6.185319] ip_tables: (C) 2000-2006 Netfilter Core Team
[    6.188186] arp_tables: (C) 2002 David S. Miller
[    6.190025] Initializing XFRM netlink socket
[    6.191396] NET: Registered protocol family 10
[    6.209257] ip6_tables: (C) 2000-2006 Netfilter Core Team
[    6.212903] sit: IPv6 over IPv4 tunneling driver
[    6.228820] NET: Registered protocol family 17
[    6.229839] bridge: automatic filtering via arp/ip/ip6tables has been deprecated. Update your scripts to load br_netfilter if you need this.
[    6.231337] Bridge firewalling registered
[    6.232047] Ebtables v2.0 registered
[    6.236229] 8021q: 802.1Q VLAN Support v1.8
[    6.256104] rtc_cmos rtc_cmos: setting system clock to 2025-07-23 22:08:16 UTC (1753308496)
[    6.276412] EXT2-fs (sda1): warning: mounting unchecked fs, running e2fsck is recommended
[    6.278738] VFS: Mounted root (ext2 filesystem) on device 8:1.
[    6.287657] Freeing YAMON memory: 956k freed
[    6.298066] Freeing unused kernel memory: 260K (8081f000 - 80860000)
[    6.327451] firmadyne: sys_reboot[PID: 1 (init)]: magic1:fee1dead, magic2:28121969, cmd:0
init started: BusyBox v1.14.1 (2024-07-07 02:43:58 CEST)
starting pid 48, tty '': '/etc/init.d/rcS'
[    6.363829] spurious 8259A interrupt: IRQ7.
[    6.406716] firmadyne: do_execve: /firmadyne/console
[    6.407739] OFFSETS: offset of pid: 0x198 offset of comm: 0x278
[/etc/init.d/S03config.sh]
Mounting proc and var ...
[    7.839554] cfg80211: Calling CRDA to update world regulatory domain
SymbLink /dev/mtdblock/0
SymbLink /dev/mtdblock/1
SymbLink /dev/mtdblock/10
SymbLink /dev/mtdblock/2
SymbLink /dev/mtdblock/3
SymbLink /dev/mtdblock/4
SymbLink /dev/mtdblock/5
SymbLink /dev/mtdblock/6
SymbLink /dev/mtdblock/7
SymbLink /dev/mtdblock/8
SymbLink /dev/mtdblock/9
Inserting kernel modules ...
Inserting Rebootm ...
Inserting atheros ethernet ...
Inserting gpio ...
[   10.983575] cfg80211: Calling CRDA to update world regulatory domain
done.
Start xmldb ...
[   11.401900] firmadyne: sys_socket[PID: 147 (xmldb)]: family:1, type:2, protocol:0
[/etc/scripts/misc/profile.sh] get ...
DEVCONF: unable to read config data (ret=-3) !
CAN NOT get devive config, generate default!
[/etc/scripts/misc/profile.sh] reset ...
[   12.793795] firmadyne: sys_socket[PID: 159 (rgdb)]: family:1, type:2, protocol:0
[   12.956929] random: nonblocking pool is initialized
[/etc/scripts/misc/defnodes.sh] ...
[/etc/defnodes/S10setext.sh] ...
[   13.154674] firmadyne: sys_socket[PID: 165 (xmldbc)]: family:1, type:2, protocol:0
[   13.202583] firmadyne: sys_socket[PID: 166 (xmldbc)]: family:1, type:2, protocol:0
[   13.249488] firmadyne: sys_socket[PID: 167 (xmldbc)]: family:1, type:2, protocol:0
[   13.297765] firmadyne: sys_socket[PID: 168 (xmldbc)]: family:1, type:2, protocol:0
[   13.344792] firmadyne: sys_socket[PID: 169 (xmldbc)]: family:1, type:2, protocol:0
[   13.391817] firmadyne: sys_socket[PID: 170 (xmldbc)]: family:1, type:2, protocol:0
[   13.440286] firmadyne: sys_socket[PID: 171 (xmldbc)]: family:1, type:2, protocol:0
[   13.489590] firmadyne: sys_socket[PID: 172 (xmldbc)]: family:1, type:2, protocol:0
[   13.537421] firmadyne: sys_socket[PID: 173 (xmldbc)]: family:1, type:2, protocol:0
[   13.584666] firmadyne: sys_socket[PID: 174 (xmldbc)]: family:1, type:2, protocol:0
[   13.631476] firmadyne: sys_socket[PID: 175 (xmldbc)]: family:1, type:2, protocol:0
[   13.679147] firmadyne: sys_socket[PID: 176 (xmldbc)]: family:1, type:2, protocol:0
[   13.726999] firmadyne: sys_socket[PID: 177 (xmldbc)]: family:1, type:2, protocol:0
[   13.773808] firmadyne: sys_socket[PID: 178 (xmldbc)]: family:1, type:2, protocol:0
[   13.820828] firmadyne: sys_socket[PID: 179 (xmldbc)]: family:1, type:2, protocol:0
[   13.867800] firmadyne: sys_socket[PID: 180 (xmldbc)]: family:1, type:2, protocol:0
[   13.918668] firmadyne: sys_socket[PID: 181 (xmldbc)]: family:1, type:2, protocol:0
[   13.966127] firmadyne: sys_socket[PID: 182 (xmldbc)]: family:1, type:2, protocol:0
[   14.013610] firmadyne: sys_socket[PID: 183 (xmldbc)]: family:1, type:2, protocol:0
[   14.061550] firmadyne: sys_socket[PID: 184 (xmldbc)]: family:1, type:2, protocol:0
[   14.110567] firmadyne: sys_socket[PID: 185 (xmldbc)]: family:1, type:2, protocol:0
[   14.127642] cfg80211: Calling CRDA to update world regulatory domain
[   14.170287] firmadyne: sys_socket[PID: 186 (rgdb)]: family:1, type:2, protocol:0
[   14.218028] firmadyne: sys_socket[PID: 188 (rgdb)]: family:1, type:2, protocol:0
[   14.265856] firmadyne: sys_socket[PID: 189 (rgdb)]: family:1, type:2, protocol:0
[   14.314541] firmadyne: sys_socket[PID: 190 (rgdb)]: family:1, type:2, protocol:0
[   14.362340] firmadyne: sys_socket[PID: 191 (rgdb)]: family:1, type:2, protocol:0
[   14.409929] firmadyne: sys_socket[PID: 192 (rgdb)]: family:1, type:2, protocol:0
[   14.458475] firmadyne: sys_socket[PID: 193 (rgdb)]: family:1, type:2, protocol:0
[   14.507748] firmadyne: sys_socket[PID: 194 (rgdb)]: family:1, type:2, protocol:0
[   14.555056] firmadyne: sys_socket[PID: 195 (rgdb)]: family:1, type:2, protocol:0
[   14.601812] firmadyne: sys_socket[PID: 196 (rgdb)]: family:1, type:2, protocol:0
[   14.648667] firmadyne: sys_socket[PID: 197 (rgdb)]: family:1, type:2, protocol:0
[   14.700010] firmadyne: sys_socket[PID: 198 (rgdb)]: family:1, type:2, protocol:0
[   14.747054] firmadyne: sys_socket[PID: 199 (rgdb)]: family:1, type:2, protocol:0
[   14.794116] firmadyne: sys_socket[PID: 200 (rgdb)]: family:1, type:2, protocol:0
[   14.902924] firmadyne: sys_socket[PID: 202 (xmldbc)]: family:1, type:2, protocol:0
[   14.950634] firmadyne: sys_socket[PID: 203 (xmldbc)]: family:1, type:2, protocol:0
[   14.998604] firmadyne: sys_socket[PID: 204 (xmldbc)]: family:1, type:2, protocol:0
[   15.047166] firmadyne: sys_socket[PID: 205 (xmldbc)]: family:1, type:2, protocol:0
[   15.096377] firmadyne: sys_socket[PID: 206 (xmldbc)]: family:1, type:2, protocol:0
[   15.144268] firmadyne: sys_socket[PID: 207 (xmldbc)]: family:1, type:2, protocol:0
[   15.191995] firmadyne: sys_socket[PID: 208 (xmldbc)]: family:1, type:2, protocol:0
[   15.239465] firmadyne: sys_socket[PID: 209 (xmldbc)]: family:1, type:2, protocol:0
[   15.287991] firmadyne: sys_socket[PID: 210 (xmldbc)]: family:1, type:2, protocol:0
[   15.335722] firmadyne: sys_socket[PID: 211 (xmldbc)]: family:1, type:2, protocol:0
[   15.382795] firmadyne: sys_socket[PID: 212 (xmldbc)]: family:1, type:2, protocol:0
[   15.431034] firmadyne: sys_socket[PID: 213 (xmldbc)]: family:1, type:2, protocol:0
[   15.483992] firmadyne: sys_socket[PID: 214 (xmldbc)]: family:1, type:2, protocol:0
[   15.534652] firmadyne: sys_socket[PID: 215 (xmldbc)]: family:1, type:2, protocol:0
[   15.583323] firmadyne: sys_socket[PID: 216 (xmldbc)]: family:1, type:2, protocol:0
[   15.631658] firmadyne: sys_socket[PID: 217 (xmldbc)]: family:1, type:2, protocol:0
[   15.680908] firmadyne: sys_socket[PID: 218 (xmldbc)]: family:1, type:2, protocol:0
[   15.729383] firmadyne: sys_socket[PID: 219 (xmldbc)]: family:1, type:2, protocol:0
[   15.902363] firmadyne: sys_socket[PID: 224 (xmldbc)]: family:1, type:2, protocol:0
[   15.951759] firmadyne: sys_socket[PID: 225 (xmldbc)]: family:1, type:2, protocol:0
[   15.998920] firmadyne: sys_socket[PID: 226 (xmldbc)]: family:1, type:2, protocol:0
[   16.045640] firmadyne: sys_socket[PID: 227 (xmldbc)]: family:1, type:2, protocol:0
[   16.093574] firmadyne: sys_socket[PID: 228 (xmldbc)]: family:1, type:2, protocol:0
[   16.140042] firmadyne: sys_socket[PID: 229 (xmldbc)]: family:1, type:2, protocol:0
[   16.186766] firmadyne: sys_socket[PID: 230 (xmldbc)]: family:1, type:2, protocol:0
[   16.232798] firmadyne: sys_socket[PID: 231 (xmldbc)]: family:1, type:2, protocol:0
[   16.280976] firmadyne: sys_socket[PID: 232 (xmldbc)]: family:1, type:2, protocol:0
[   16.327459] firmadyne: sys_socket[PID: 233 (xmldbc)]: family:1, type:2, protocol:0
[   16.374013] firmadyne: sys_socket[PID: 234 (xmldbc)]: family:1, type:2, protocol:0
[   16.420332] firmadyne: sys_socket[PID: 235 (xmldbc)]: family:1, type:2, protocol:0
[   16.467150] firmadyne: sys_socket[PID: 236 (xmldbc)]: family:1, type:2, protocol:0
[   16.517855] firmadyne: sys_socket[PID: 237 (xmldbc)]: family:1, type:2, protocol:0
[   16.581518] firmadyne: sys_socket[PID: 238 (xmldbc)]: family:1, type:2, protocol:0
[   16.629939] firmadyne: sys_socket[PID: 239 (xmldbc)]: family:1, type:2, protocol:0
[   16.677656] firmadyne: sys_socket[PID: 240 (xmldbc)]: family:1, type:2, protocol:0
[   16.726332] firmadyne: sys_socket[PID: 241 (xmldbc)]: family:1, type:2, protocol:0
[   16.774410] firmadyne: sys_socket[PID: 242 (xmldbc)]: family:1, type:2, protocol:0
[   16.887003] firmadyne: sys_socket[PID: 246 (xmldbc)]: family:1, type:2, protocol:0
[   16.936418] firmadyne: sys_socket[PID: 247 (xmldbc)]: family:1, type:2, protocol:0
[   16.983228] firmadyne: sys_socket[PID: 248 (xmldbc)]: family:1, type:2, protocol:0
[   17.030858] firmadyne: sys_socket[PID: 249 (xmldbc)]: family:1, type:2, protocol:0
[   17.077527] firmadyne: sys_socket[PID: 250 (xmldbc)]: family:1, type:2, protocol:0
[   17.125799] firmadyne: sys_socket[PID: 251 (xmldbc)]: family:1, type:2, protocol:0
[   17.173140] firmadyne: sys_socket[PID: 252 (xmldbc)]: family:1, type:2, protocol:0
[   17.220395] firmadyne: sys_socket[PID: 253 (xmldbc)]: family:1, type:2, protocol:0
[   17.266873] firmadyne: sys_socket[PID: 254 (xmldbc)]: family:1, type:2, protocol:0
[   17.271510] cfg80211: Calling CRDA to update world regulatory domain
[   17.325667] firmadyne: sys_socket[PID: 256 (xmldbc)]: family:1, type:2, protocol:0
[   17.372323] firmadyne: sys_socket[PID: 257 (xmldbc)]: family:1, type:2, protocol:0
[   17.419771] firmadyne: sys_socket[PID: 258 (xmldbc)]: family:1, type:2, protocol:0
[   17.466256] firmadyne: sys_socket[PID: 259 (xmldbc)]: family:1, type:2, protocol:0
[   17.514161] firmadyne: sys_socket[PID: 260 (xmldbc)]: family:1, type:2, protocol:0
[   17.561335] firmadyne: sys_socket[PID: 261 (xmldbc)]: family:1, type:2, protocol:0
[   17.608043] firmadyne: sys_socket[PID: 262 (xmldbc)]: family:1, type:2, protocol:0
[   17.654993] firmadyne: sys_socket[PID: 263 (xmldbc)]: family:1, type:2, protocol:0
[   17.704279] firmadyne: sys_socket[PID: 264 (xmldbc)]: family:1, type:2, protocol:0
[   17.751515] firmadyne: sys_socket[PID: 265 (xmldbc)]: family:1, type:2, protocol:0
[   17.861489] firmadyne: sys_socket[PID: 269 (xmldbc)]: family:1, type:2, protocol:0
[   17.909464] firmadyne: sys_socket[PID: 270 (xmldbc)]: family:1, type:2, protocol:0
[   17.958964] firmadyne: sys_socket[PID: 271 (xmldbc)]: family:1, type:2, protocol:0
[   18.006851] firmadyne: sys_socket[PID: 272 (xmldbc)]: family:1, type:2, protocol:0
[   18.054163] firmadyne: sys_socket[PID: 273 (xmldbc)]: family:1, type:2, protocol:0
[   18.102226] firmadyne: sys_socket[PID: 274 (xmldbc)]: family:1, type:2, protocol:0
[   18.150427] firmadyne: sys_socket[PID: 275 (xmldbc)]: family:1, type:2, protocol:0
[   18.198173] firmadyne: sys_socket[PID: 276 (xmldbc)]: family:1, type:2, protocol:0
[   18.245968] firmadyne: sys_socket[PID: 277 (xmldbc)]: family:1, type:2, protocol:0
[   18.294198] firmadyne: sys_socket[PID: 278 (xmldbc)]: family:1, type:2, protocol:0
[   18.340895] firmadyne: sys_socket[PID: 279 (xmldbc)]: family:1, type:2, protocol:0
[   18.388123] firmadyne: sys_socket[PID: 280 (xmldbc)]: family:1, type:2, protocol:0
[   18.435633] firmadyne: sys_socket[PID: 281 (xmldbc)]: family:1, type:2, protocol:0
[   18.483855] firmadyne: sys_socket[PID: 282 (xmldbc)]: family:1, type:2, protocol:0
[   18.531804] firmadyne: sys_socket[PID: 283 (xmldbc)]: family:1, type:2, protocol:0
[   18.579918] firmadyne: sys_socket[PID: 284 (xmldbc)]: family:1, type:2, protocol:0
[   18.628110] firmadyne: sys_socket[PID: 285 (xmldbc)]: family:1, type:2, protocol:0
[   18.676478] firmadyne: sys_socket[PID: 286 (xmldbc)]: family:1, type:2, protocol:0
[   18.726735] firmadyne: sys_socket[PID: 287 (xmldbc)]: family:1, type:2, protocol:0
[   18.839557] firmadyne: sys_socket[PID: 291 (xmldbc)]: family:1, type:2, protocol:0
[   18.887869] firmadyne: sys_socket[PID: 292 (xmldbc)]: family:1, type:2, protocol:0
[   18.938502] firmadyne: sys_socket[PID: 293 (xmldbc)]: family:1, type:2, protocol:0
[   18.985275] firmadyne: sys_socket[PID: 294 (xmldbc)]: family:1, type:2, protocol:0
[   19.038272] firmadyne: sys_socket[PID: 295 (xmldbc)]: family:1, type:2, protocol:0
[   19.086129] firmadyne: sys_socket[PID: 296 (xmldbc)]: family:1, type:2, protocol:0
[   19.133636] firmadyne: sys_socket[PID: 297 (xmldbc)]: family:1, type:2, protocol:0
[   19.180753] firmadyne: sys_socket[PID: 298 (xmldbc)]: family:1, type:2, protocol:0
[   19.227751] firmadyne: sys_socket[PID: 299 (xmldbc)]: family:1, type:2, protocol:0
[   19.270131] firmadyne: sys_socket[PID: 300 (xmldbc)]: family:1, type:2, protocol:0
[   19.317547] firmadyne: sys_socket[PID: 301 (xmldbc)]: family:1, type:2, protocol:0
[   19.360348] firmadyne: sys_socket[PID: 302 (xmldbc)]: family:1, type:2, protocol:0
[   19.407192] firmadyne: sys_socket[PID: 303 (xmldbc)]: family:1, type:2, protocol:0
[   19.454785] firmadyne: sys_socket[PID: 304 (xmldbc)]: family:1, type:2, protocol:0
[   19.504011] firmadyne: sys_socket[PID: 305 (xmldbc)]: family:1, type:2, protocol:0
[   19.550954] firmadyne: sys_socket[PID: 306 (xmldbc)]: family:1, type:2, protocol:0
[   19.597650] firmadyne: sys_socket[PID: 307 (xmldbc)]: family:1, type:2, protocol:0
[   19.645318] firmadyne: sys_socket[PID: 308 (xmldbc)]: family:1, type:2, protocol:0
[   19.693918] firmadyne: sys_socket[PID: 309 (xmldbc)]: family:1, type:2, protocol:0
[   19.804276] firmadyne: sys_socket[PID: 313 (xmldbc)]: family:1, type:2, protocol:0
[   19.851245] firmadyne: sys_socket[PID: 314 (xmldbc)]: family:1, type:2, protocol:0
[   19.899510] firmadyne: sys_socket[PID: 315 (xmldbc)]: family:1, type:2, protocol:0
[   19.948395] firmadyne: sys_socket[PID: 316 (xmldbc)]: family:1, type:2, protocol:0
[   19.989160] firmadyne: sys_socket[PID: 317 (xmldbc)]: family:1, type:2, protocol:0
[   20.032502] firmadyne: sys_socket[PID: 318 (xmldbc)]: family:1, type:2, protocol:0
[   20.077697] firmadyne: sys_socket[PID: 319 (xmldbc)]: family:1, type:2, protocol:0
[   20.123054] firmadyne: sys_socket[PID: 320 (xmldbc)]: family:1, type:2, protocol:0
[   20.167696] firmadyne: sys_socket[PID: 321 (xmldbc)]: family:1, type:2, protocol:0
[   20.211920] firmadyne: sys_socket[PID: 322 (xmldbc)]: family:1, type:2, protocol:0
[   20.256285] firmadyne: sys_socket[PID: 323 (xmldbc)]: family:1, type:2, protocol:0
[   20.302200] firmadyne: sys_socket[PID: 324 (xmldbc)]: family:1, type:2, protocol:0
[   20.343732] firmadyne: sys_socket[PID: 325 (xmldbc)]: family:1, type:2, protocol:0
[   20.387160] firmadyne: sys_socket[PID: 326 (xmldbc)]: family:1, type:2, protocol:0
[   20.415628] cfg80211: Calling CRDA to update world regulatory domain
[   20.444006] firmadyne: sys_socket[PID: 327 (xmldbc)]: family:1, type:2, protocol:0
[   20.491727] firmadyne: sys_socket[PID: 329 (xmldbc)]: family:1, type:2, protocol:0
[   20.542502] firmadyne: sys_socket[PID: 330 (xmldbc)]: family:1, type:2, protocol:0
[   20.591557] firmadyne: sys_socket[PID: 331 (xmldbc)]: family:1, type:2, protocol:0
[   20.642740] firmadyne: sys_socket[PID: 332 (xmldbc)]: family:1, type:2, protocol:0
[   20.755894] firmadyne: sys_socket[PID: 336 (xmldbc)]: family:1, type:2, protocol:0
[   20.802758] firmadyne: sys_socket[PID: 337 (xmldbc)]: family:1, type:2, protocol:0
[   20.850504] firmadyne: sys_socket[PID: 338 (xmldbc)]: family:1, type:2, protocol:0
[   20.898211] firmadyne: sys_socket[PID: 339 (xmldbc)]: family:1, type:2, protocol:0
[   20.944595] firmadyne: sys_socket[PID: 340 (xmldbc)]: family:1, type:2, protocol:0
[   20.994560] firmadyne: sys_socket[PID: 341 (xmldbc)]: family:1, type:2, protocol:0
[   21.042963] firmadyne: sys_socket[PID: 342 (xmldbc)]: family:1, type:2, protocol:0
[   21.091641] firmadyne: sys_socket[PID: 343 (xmldbc)]: family:1, type:2, protocol:0
[   21.138504] firmadyne: sys_socket[PID: 344 (xmldbc)]: family:1, type:2, protocol:0
[   21.185602] firmadyne: sys_socket[PID: 345 (xmldbc)]: family:1, type:2, protocol:0
[   21.228350] firmadyne: sys_socket[PID: 346 (xmldbc)]: family:1, type:2, protocol:0
[   21.274528] firmadyne: sys_socket[PID: 347 (xmldbc)]: family:1, type:2, protocol:0
[   21.322603] firmadyne: sys_socket[PID: 348 (xmldbc)]: family:1, type:2, protocol:0
[   21.369636] firmadyne: sys_socket[PID: 349 (xmldbc)]: family:1, type:2, protocol:0
[   21.418568] firmadyne: sys_socket[PID: 350 (xmldbc)]: family:1, type:2, protocol:0
[   21.461924] firmadyne: sys_socket[PID: 351 (xmldbc)]: family:1, type:2, protocol:0
[   21.510129] firmadyne: sys_socket[PID: 352 (xmldbc)]: family:1, type:2, protocol:0
[   21.557432] firmadyne: sys_socket[PID: 353 (xmldbc)]: family:1, type:2, protocol:0
[   21.605068] firmadyne: sys_socket[PID: 354 (xmldbc)]: family:1, type:2, protocol:0
[   21.716419] firmadyne: sys_socket[PID: 358 (xmldbc)]: family:1, type:2, protocol:0
[   21.763168] firmadyne: sys_socket[PID: 359 (xmldbc)]: family:1, type:2, protocol:0
[   21.809985] firmadyne: sys_socket[PID: 360 (xmldbc)]: family:1, type:2, protocol:0
[   21.856645] firmadyne: sys_socket[PID: 361 (xmldbc)]: family:1, type:2, protocol:0
[   21.904399] firmadyne: sys_socket[PID: 362 (xmldbc)]: family:1, type:2, protocol:0
[   21.951182] firmadyne: sys_socket[PID: 363 (xmldbc)]: family:1, type:2, protocol:0
[   22.002010] firmadyne: sys_socket[PID: 364 (xmldbc)]: family:1, type:2, protocol:0
[   22.048797] firmadyne: sys_socket[PID: 365 (xmldbc)]: family:1, type:2, protocol:0
[   22.097059] firmadyne: sys_socket[PID: 366 (xmldbc)]: family:1, type:2, protocol:0
[   22.143814] firmadyne: sys_socket[PID: 367 (xmldbc)]: family:1, type:2, protocol:0
[   22.190523] firmadyne: sys_socket[PID: 368 (xmldbc)]: family:1, type:2, protocol:0
[   22.237245] firmadyne: sys_socket[PID: 369 (xmldbc)]: family:1, type:2, protocol:0
[   22.284734] firmadyne: sys_socket[PID: 370 (xmldbc)]: family:1, type:2, protocol:0
[   22.331246] firmadyne: sys_socket[PID: 371 (xmldbc)]: family:1, type:2, protocol:0
[   22.378722] firmadyne: sys_socket[PID: 372 (xmldbc)]: family:1, type:2, protocol:0
[   22.425429] firmadyne: sys_socket[PID: 373 (xmldbc)]: family:1, type:2, protocol:0
[   22.472876] firmadyne: sys_socket[PID: 374 (xmldbc)]: family:1, type:2, protocol:0
[   22.521059] firmadyne: sys_socket[PID: 375 (xmldbc)]: family:1, type:2, protocol:0
[   22.568378] firmadyne: sys_socket[PID: 376 (xmldbc)]: family:1, type:2, protocol:0
[   22.679176] firmadyne: sys_socket[PID: 380 (xmldbc)]: family:1, type:2, protocol:0
[   22.726867] firmadyne: sys_socket[PID: 381 (xmldbc)]: family:1, type:2, protocol:0
[   22.773152] firmadyne: sys_socket[PID: 382 (xmldbc)]: family:1, type:2, protocol:0
[   22.820145] firmadyne: sys_socket[PID: 383 (xmldbc)]: family:1, type:2, protocol:0
[   22.863515] firmadyne: sys_socket[PID: 384 (xmldbc)]: family:1, type:2, protocol:0
[   22.907148] firmadyne: sys_socket[PID: 385 (xmldbc)]: family:1, type:2, protocol:0
[   22.953808] firmadyne: sys_socket[PID: 386 (xmldbc)]: family:1, type:2, protocol:0
[   22.998451] firmadyne: sys_socket[PID: 387 (xmldbc)]: family:1, type:2, protocol:0
[   23.045338] firmadyne: sys_socket[PID: 388 (xmldbc)]: family:1, type:2, protocol:0
[   23.092717] firmadyne: sys_socket[PID: 389 (xmldbc)]: family:1, type:2, protocol:0
[   23.139158] firmadyne: sys_socket[PID: 390 (xmldbc)]: family:1, type:2, protocol:0
[   23.186307] firmadyne: sys_socket[PID: 391 (xmldbc)]: family:1, type:2, protocol:0
[   23.233884] firmadyne: sys_socket[PID: 392 (xmldbc)]: family:1, type:2, protocol:0
[   23.281338] firmadyne: sys_socket[PID: 393 (xmldbc)]: family:1, type:2, protocol:0
[   23.328361] firmadyne: sys_socket[PID: 394 (xmldbc)]: family:1, type:2, protocol:0
[   23.375034] firmadyne: sys_socket[PID: 395 (xmldbc)]: family:1, type:2, protocol:0
[   23.424759] firmadyne: sys_socket[PID: 396 (xmldbc)]: family:1, type:2, protocol:0
[   23.467977] firmadyne: sys_socket[PID: 397 (xmldbc)]: family:1, type:2, protocol:0
[   23.517655] firmadyne: sys_socket[PID: 398 (xmldbc)]: family:1, type:2, protocol:0
[   23.563801] cfg80211: Calling CRDA to update world regulatory domain
[   23.644921] firmadyne: sys_socket[PID: 403 (xmldbc)]: family:1, type:2, protocol:0
[   23.694190] firmadyne: sys_socket[PID: 404 (xmldbc)]: family:1, type:2, protocol:0
[   23.741600] firmadyne: sys_socket[PID: 405 (xmldbc)]: family:1, type:2, protocol:0
[   23.788592] firmadyne: sys_socket[PID: 406 (xmldbc)]: family:1, type:2, protocol:0
[   23.836198] firmadyne: sys_socket[PID: 407 (xmldbc)]: family:1, type:2, protocol:0
[   23.884972] firmadyne: sys_socket[PID: 408 (xmldbc)]: family:1, type:2, protocol:0
[   23.933215] firmadyne: sys_socket[PID: 409 (xmldbc)]: family:1, type:2, protocol:0
[   23.980806] firmadyne: sys_socket[PID: 410 (xmldbc)]: family:1, type:2, protocol:0
[   24.034454] firmadyne: sys_socket[PID: 411 (xmldbc)]: family:1, type:2, protocol:0
[   24.083430] firmadyne: sys_socket[PID: 412 (xmldbc)]: family:1, type:2, protocol:0
[   24.130947] firmadyne: sys_socket[PID: 413 (xmldbc)]: family:1, type:2, protocol:0
[   24.178303] firmadyne: sys_socket[PID: 414 (xmldbc)]: family:1, type:2, protocol:0
[   24.226013] firmadyne: sys_socket[PID: 415 (xmldbc)]: family:1, type:2, protocol:0
[   24.272850] firmadyne: sys_socket[PID: 416 (xmldbc)]: family:1, type:2, protocol:0
[   24.320903] firmadyne: sys_socket[PID: 417 (xmldbc)]: family:1, type:2, protocol:0
[   24.368067] firmadyne: sys_socket[PID: 418 (xmldbc)]: family:1, type:2, protocol:0
[   24.415628] firmadyne: sys_socket[PID: 419 (xmldbc)]: family:1, type:2, protocol:0
[   24.463128] firmadyne: sys_socket[PID: 420 (xmldbc)]: family:1, type:2, protocol:0
[   24.517454] firmadyne: sys_socket[PID: 421 (xmldbc)]: family:1, type:2, protocol:0
[   24.640028] firmadyne: sys_socket[PID: 425 (xmldbc)]: family:1, type:2, protocol:0
[   24.688967] firmadyne: sys_socket[PID: 426 (xmldbc)]: family:1, type:2, protocol:0
[   24.736971] firmadyne: sys_socket[PID: 427 (xmldbc)]: family:1, type:2, protocol:0
[   24.784533] firmadyne: sys_socket[PID: 428 (xmldbc)]: family:1, type:2, protocol:0
[   24.831111] firmadyne: sys_socket[PID: 429 (xmldbc)]: family:1, type:2, protocol:0
[   24.878883] firmadyne: sys_socket[PID: 430 (xmldbc)]: family:1, type:2, protocol:0
[   24.927145] firmadyne: sys_socket[PID: 431 (xmldbc)]: family:1, type:2, protocol:0
[   24.974224] firmadyne: sys_socket[PID: 432 (xmldbc)]: family:1, type:2, protocol:0
[   25.024429] firmadyne: sys_socket[PID: 433 (xmldbc)]: family:1, type:2, protocol:0
[   25.072096] firmadyne: sys_socket[PID: 434 (xmldbc)]: family:1, type:2, protocol:0
[   25.121248] firmadyne: sys_socket[PID: 435 (xmldbc)]: family:1, type:2, protocol:0
[   25.168072] firmadyne: sys_socket[PID: 436 (xmldbc)]: family:1, type:2, protocol:0
[   25.210732] firmadyne: sys_socket[PID: 437 (xmldbc)]: family:1, type:2, protocol:0
[   25.257939] firmadyne: sys_socket[PID: 438 (xmldbc)]: family:1, type:2, protocol:0
[   25.306287] firmadyne: sys_socket[PID: 439 (xmldbc)]: family:1, type:2, protocol:0
[   25.353257] firmadyne: sys_socket[PID: 440 (xmldbc)]: family:1, type:2, protocol:0
[   25.400801] firmadyne: sys_socket[PID: 441 (xmldbc)]: family:1, type:2, protocol:0
[   25.449081] firmadyne: sys_socket[PID: 442 (xmldbc)]: family:1, type:2, protocol:0
[   25.498193] firmadyne: sys_socket[PID: 443 (xmldbc)]: family:1, type:2, protocol:0
[   25.619930] firmadyne: sys_socket[PID: 447 (xmldbc)]: family:1, type:2, protocol:0
[   25.668014] firmadyne: sys_socket[PID: 448 (xmldbc)]: family:1, type:2, protocol:0
[   25.716986] firmadyne: sys_socket[PID: 449 (xmldbc)]: family:1, type:2, protocol:0
[   25.764078] firmadyne: sys_socket[PID: 450 (xmldbc)]: family:1, type:2, protocol:0
[   25.810816] firmadyne: sys_socket[PID: 451 (xmldbc)]: family:1, type:2, protocol:0
[   25.857476] firmadyne: sys_socket[PID: 452 (xmldbc)]: family:1, type:2, protocol:0
[   25.901689] firmadyne: sys_socket[PID: 453 (xmldbc)]: family:1, type:2, protocol:0
[   25.948229] firmadyne: sys_socket[PID: 454 (xmldbc)]: family:1, type:2, protocol:0
[   25.995249] firmadyne: sys_socket[PID: 455 (xmldbc)]: family:1, type:2, protocol:0
[   26.045163] firmadyne: sys_socket[PID: 456 (xmldbc)]: family:1, type:2, protocol:0
[   26.094253] firmadyne: sys_socket[PID: 457 (xmldbc)]: family:1, type:2, protocol:0
[   26.141686] firmadyne: sys_socket[PID: 458 (xmldbc)]: family:1, type:2, protocol:0
[   26.184161] firmadyne: sys_socket[PID: 459 (xmldbc)]: family:1, type:2, protocol:0
[   26.230403] firmadyne: sys_socket[PID: 460 (xmldbc)]: family:1, type:2, protocol:0
[   26.272862] firmadyne: sys_socket[PID: 461 (xmldbc)]: family:1, type:2, protocol:0
[   26.320868] firmadyne: sys_socket[PID: 462 (xmldbc)]: family:1, type:2, protocol:0
[   26.367881] firmadyne: sys_socket[PID: 463 (xmldbc)]: family:1, type:2, protocol:0
[   26.415070] firmadyne: sys_socket[PID: 464 (xmldbc)]: family:1, type:2, protocol:0
[   26.462851] firmadyne: sys_socket[PID: 465 (xmldbc)]: family:1, type:2, protocol:0
[   26.575502] firmadyne: sys_socket[PID: 469 (xmldbc)]: family:1, type:2, protocol:0
[   26.622329] firmadyne: sys_socket[PID: 470 (xmldbc)]: family:1, type:2, protocol:0
[   26.665066] firmadyne: sys_socket[PID: 471 (xmldbc)]: family:1, type:2, protocol:0
[   26.707537] cfg80211: Calling CRDA to update world regulatory domain
[   26.723751] firmadyne: sys_socket[PID: 472 (xmldbc)]: family:1, type:2, protocol:0
[   26.771793] firmadyne: sys_socket[PID: 474 (xmldbc)]: family:1, type:2, protocol:0
[   26.818770] firmadyne: sys_socket[PID: 475 (xmldbc)]: family:1, type:2, protocol:0
[   26.863039] firmadyne: sys_socket[PID: 476 (xmldbc)]: family:1, type:2, protocol:0
[   26.911885] firmadyne: sys_socket[PID: 477 (xmldbc)]: family:1, type:2, protocol:0
[   26.958770] firmadyne: sys_socket[PID: 478 (xmldbc)]: family:1, type:2, protocol:0
[   27.005783] firmadyne: sys_socket[PID: 479 (xmldbc)]: family:1, type:2, protocol:0
[   27.055717] firmadyne: sys_socket[PID: 480 (xmldbc)]: family:1, type:2, protocol:0
[   27.105256] firmadyne: sys_socket[PID: 481 (xmldbc)]: family:1, type:2, protocol:0
[   27.152777] firmadyne: sys_socket[PID: 482 (xmldbc)]: family:1, type:2, protocol:0
[   27.200152] firmadyne: sys_socket[PID: 483 (xmldbc)]: family:1, type:2, protocol:0
[   27.247538] firmadyne: sys_socket[PID: 484 (xmldbc)]: family:1, type:2, protocol:0
[   27.295654] firmadyne: sys_socket[PID: 485 (xmldbc)]: family:1, type:2, protocol:0
[   27.338618] firmadyne: sys_socket[PID: 486 (xmldbc)]: family:1, type:2, protocol:0
[   27.385784] firmadyne: sys_socket[PID: 487 (xmldbc)]: family:1, type:2, protocol:0
[   27.436169] firmadyne: sys_socket[PID: 488 (xmldbc)]: family:1, type:2, protocol:0
[   27.548067] firmadyne: sys_socket[PID: 492 (xmldbc)]: family:1, type:2, protocol:0
[   27.596088] firmadyne: sys_socket[PID: 493 (xmldbc)]: family:1, type:2, protocol:0
[   27.643787] firmadyne: sys_socket[PID: 494 (xmldbc)]: family:1, type:2, protocol:0
[   27.692688] firmadyne: sys_socket[PID: 495 (xmldbc)]: family:1, type:2, protocol:0
[   27.739730] firmadyne: sys_socket[PID: 496 (xmldbc)]: family:1, type:2, protocol:0
[   27.786667] firmadyne: sys_socket[PID: 497 (xmldbc)]: family:1, type:2, protocol:0
[   27.833965] firmadyne: sys_socket[PID: 498 (xmldbc)]: family:1, type:2, protocol:0
[   27.881898] firmadyne: sys_socket[PID: 499 (xmldbc)]: family:1, type:2, protocol:0
[   27.924638] firmadyne: sys_socket[PID: 500 (xmldbc)]: family:1, type:2, protocol:0
[   27.971141] firmadyne: sys_socket[PID: 501 (xmldbc)]: family:1, type:2, protocol:0
[   28.018405] firmadyne: sys_socket[PID: 502 (xmldbc)]: family:1, type:2, protocol:0
[   28.066667] firmadyne: sys_socket[PID: 503 (xmldbc)]: family:1, type:2, protocol:0
[   28.115205] firmadyne: sys_socket[PID: 504 (xmldbc)]: family:1, type:2, protocol:0
[   28.172408] firmadyne: sys_socket[PID: 505 (xmldbc)]: family:1, type:2, protocol:0
[   28.222671] firmadyne: sys_socket[PID: 506 (xmldbc)]: family:1, type:2, protocol:0
[   28.270900] firmadyne: sys_socket[PID: 507 (xmldbc)]: family:1, type:2, protocol:0
[   28.314871] firmadyne: sys_socket[PID: 508 (xmldbc)]: family:1, type:2, protocol:0
[   28.362391] firmadyne: sys_socket[PID: 509 (xmldbc)]: family:1, type:2, protocol:0
[   28.409966] firmadyne: sys_socket[PID: 510 (xmldbc)]: family:1, type:2, protocol:0
[   28.517765] firmadyne: sys_socket[PID: 514 (xmldbc)]: family:1, type:2, protocol:0
[   28.564559] firmadyne: sys_socket[PID: 515 (xmldbc)]: family:1, type:2, protocol:0
[   28.612097] firmadyne: sys_socket[PID: 516 (xmldbc)]: family:1, type:2, protocol:0
[   28.659472] firmadyne: sys_socket[PID: 517 (xmldbc)]: family:1, type:2, protocol:0
[   28.707849] firmadyne: sys_socket[PID: 518 (xmldbc)]: family:1, type:2, protocol:0
[   28.754625] firmadyne: sys_socket[PID: 519 (xmldbc)]: family:1, type:2, protocol:0
[   28.801740] firmadyne: sys_socket[PID: 520 (xmldbc)]: family:1, type:2, protocol:0
[   28.849037] firmadyne: sys_socket[PID: 521 (xmldbc)]: family:1, type:2, protocol:0
[   28.897130] firmadyne: sys_socket[PID: 522 (xmldbc)]: family:1, type:2, protocol:0
[   28.943904] firmadyne: sys_socket[PID: 523 (xmldbc)]: family:1, type:2, protocol:0
[   28.992042] firmadyne: sys_socket[PID: 524 (xmldbc)]: family:1, type:2, protocol:0
[   29.035311] firmadyne: sys_socket[PID: 525 (xmldbc)]: family:1, type:2, protocol:0
[   29.086329] firmadyne: sys_socket[PID: 526 (xmldbc)]: family:1, type:2, protocol:0
[   29.133625] firmadyne: sys_socket[PID: 527 (xmldbc)]: family:1, type:2, protocol:0
[   29.180617] firmadyne: sys_socket[PID: 528 (xmldbc)]: family:1, type:2, protocol:0
[   29.227726] firmadyne: sys_socket[PID: 529 (xmldbc)]: family:1, type:2, protocol:0
[   29.274896] firmadyne: sys_socket[PID: 530 (xmldbc)]: family:1, type:2, protocol:0
[   29.323467] firmadyne: sys_socket[PID: 531 (xmldbc)]: family:1, type:2, protocol:0
[   29.370608] firmadyne: sys_socket[PID: 532 (xmldbc)]: family:1, type:2, protocol:0
[   29.485170] firmadyne: sys_socket[PID: 536 (xmldbc)]: family:1, type:2, protocol:0
[   29.531694] firmadyne: sys_socket[PID: 537 (xmldbc)]: family:1, type:2, protocol:0
[   29.578590] firmadyne: sys_socket[PID: 538 (xmldbc)]: family:1, type:2, protocol:0
[   29.624334] firmadyne: sys_socket[PID: 539 (xmldbc)]: family:1, type:2, protocol:0
[   29.672760] firmadyne: sys_socket[PID: 540 (xmldbc)]: family:1, type:2, protocol:0
[   29.721580] firmadyne: sys_socket[PID: 541 (xmldbc)]: family:1, type:2, protocol:0
[   29.769559] firmadyne: sys_socket[PID: 542 (xmldbc)]: family:1, type:2, protocol:0
[   29.817586] firmadyne: sys_socket[PID: 543 (xmldbc)]: family:1, type:2, protocol:0
[   29.851624] cfg80211: Calling CRDA to update world regulatory domain
[   29.876884] firmadyne: sys_socket[PID: 544 (xmldbc)]: family:1, type:2, protocol:0
[   29.925159] firmadyne: sys_socket[PID: 546 (xmldbc)]: family:1, type:2, protocol:0
[   29.972341] firmadyne: sys_socket[PID: 547 (xmldbc)]: family:1, type:2, protocol:0
[   30.019610] firmadyne: sys_socket[PID: 548 (xmldbc)]: family:1, type:2, protocol:0
[   30.068996] firmadyne: sys_socket[PID: 549 (xmldbc)]: family:1, type:2, protocol:0
[   30.117267] firmadyne: sys_socket[PID: 550 (xmldbc)]: family:1, type:2, protocol:0
[   30.164311] firmadyne: sys_socket[PID: 551 (xmldbc)]: family:1, type:2, protocol:0
[   30.211632] firmadyne: sys_socket[PID: 552 (xmldbc)]: family:1, type:2, protocol:0
[   30.258864] firmadyne: sys_socket[PID: 553 (xmldbc)]: family:1, type:2, protocol:0
[   30.308039] firmadyne: sys_socket[PID: 554 (xmldbc)]: family:1, type:2, protocol:0
[   30.355906] firmadyne: sys_socket[PID: 555 (xmldbc)]: family:1, type:2, protocol:0
[   30.466783] firmadyne: sys_socket[PID: 559 (xmldbc)]: family:1, type:2, protocol:0
[   30.510907] firmadyne: sys_socket[PID: 560 (xmldbc)]: family:1, type:2, protocol:0
[   30.557214] firmadyne: sys_socket[PID: 561 (xmldbc)]: family:1, type:2, protocol:0
[   30.604287] firmadyne: sys_socket[PID: 562 (xmldbc)]: family:1, type:2, protocol:0
[   30.652937] firmadyne: sys_socket[PID: 563 (xmldbc)]: family:1, type:2, protocol:0
[   30.701556] firmadyne: sys_socket[PID: 564 (xmldbc)]: family:1, type:2, protocol:0
[   30.749461] firmadyne: sys_socket[PID: 565 (xmldbc)]: family:1, type:2, protocol:0
[   30.796540] firmadyne: sys_socket[PID: 566 (xmldbc)]: family:1, type:2, protocol:0
[   30.844695] firmadyne: sys_socket[PID: 567 (xmldbc)]: family:1, type:2, protocol:0
[   30.888633] firmadyne: sys_socket[PID: 568 (xmldbc)]: family:1, type:2, protocol:0
[   30.934979] firmadyne: sys_socket[PID: 569 (xmldbc)]: family:1, type:2, protocol:0
[   30.982240] firmadyne: sys_socket[PID: 570 (xmldbc)]: family:1, type:2, protocol:0
[   31.029482] firmadyne: sys_socket[PID: 571 (xmldbc)]: family:1, type:2, protocol:0
[   31.078996] firmadyne: sys_socket[PID: 572 (xmldbc)]: family:1, type:2, protocol:0
[   31.128449] firmadyne: sys_socket[PID: 573 (xmldbc)]: family:1, type:2, protocol:0
[   31.175847] firmadyne: sys_socket[PID: 574 (xmldbc)]: family:1, type:2, protocol:0
[   31.218795] firmadyne: sys_socket[PID: 575 (xmldbc)]: family:1, type:2, protocol:0
[   31.265933] firmadyne: sys_socket[PID: 576 (xmldbc)]: family:1, type:2, protocol:0
[   31.314410] firmadyne: sys_socket[PID: 577 (xmldbc)]: family:1, type:2, protocol:0
[   31.425649] firmadyne: sys_socket[PID: 581 (xmldbc)]: family:1, type:2, protocol:0
[   31.472865] firmadyne: sys_socket[PID: 582 (xmldbc)]: family:1, type:2, protocol:0
[   31.521548] firmadyne: sys_socket[PID: 583 (xmldbc)]: family:1, type:2, protocol:0
[   31.568994] firmadyne: sys_socket[PID: 584 (xmldbc)]: family:1, type:2, protocol:0
[   31.615634] firmadyne: sys_socket[PID: 585 (xmldbc)]: family:1, type:2, protocol:0
[   31.662974] firmadyne: sys_socket[PID: 586 (xmldbc)]: family:1, type:2, protocol:0
[   31.712291] firmadyne: sys_socket[PID: 587 (xmldbc)]: family:1, type:2, protocol:0
[   31.760267] firmadyne: sys_socket[PID: 588 (xmldbc)]: family:1, type:2, protocol:0
[   31.807757] firmadyne: sys_socket[PID: 589 (xmldbc)]: family:1, type:2, protocol:0
[   31.855974] firmadyne: sys_socket[PID: 590 (xmldbc)]: family:1, type:2, protocol:0
[   31.905119] firmadyne: sys_socket[PID: 591 (xmldbc)]: family:1, type:2, protocol:0
[   31.952615] firmadyne: sys_socket[PID: 592 (xmldbc)]: family:1, type:2, protocol:0
[   31.999896] firmadyne: sys_socket[PID: 593 (xmldbc)]: family:1, type:2, protocol:0
[   32.047693] firmadyne: sys_socket[PID: 594 (xmldbc)]: family:1, type:2, protocol:0
[   32.102243] firmadyne: sys_socket[PID: 595 (xmldbc)]: family:1, type:2, protocol:0
[   32.150122] firmadyne: sys_socket[PID: 596 (xmldbc)]: family:1, type:2, protocol:0
[   32.197513] firmadyne: sys_socket[PID: 597 (xmldbc)]: family:1, type:2, protocol:0
[   32.244953] firmadyne: sys_socket[PID: 598 (xmldbc)]: family:1, type:2, protocol:0
[   32.293567] firmadyne: sys_socket[PID: 599 (xmldbc)]: family:1, type:2, protocol:0
[   32.403728] firmadyne: sys_socket[PID: 603 (xmldbc)]: family:1, type:2, protocol:0
[   32.450701] firmadyne: sys_socket[PID: 604 (xmldbc)]: family:1, type:2, protocol:0
[   32.499171] firmadyne: sys_socket[PID: 605 (xmldbc)]: family:1, type:2, protocol:0
[   32.546205] firmadyne: sys_socket[PID: 606 (xmldbc)]: family:1, type:2, protocol:0
[   32.593605] firmadyne: sys_socket[PID: 607 (xmldbc)]: family:1, type:2, protocol:0
[   32.641526] firmadyne: sys_socket[PID: 608 (xmldbc)]: family:1, type:2, protocol:0
[   32.690437] firmadyne: sys_socket[PID: 609 (xmldbc)]: family:1, type:2, protocol:0
[   32.733936] firmadyne: sys_socket[PID: 610 (xmldbc)]: family:1, type:2, protocol:0
[   32.781346] firmadyne: sys_socket[PID: 611 (xmldbc)]: family:1, type:2, protocol:0
[   32.828669] firmadyne: sys_socket[PID: 612 (xmldbc)]: family:1, type:2, protocol:0
[   32.877107] firmadyne: sys_socket[PID: 613 (xmldbc)]: family:1, type:2, protocol:0
[   32.925359] firmadyne: sys_socket[PID: 614 (xmldbc)]: family:1, type:2, protocol:0
[   32.973171] firmadyne: sys_socket[PID: 615 (xmldbc)]: family:1, type:2, protocol:0
[   32.995638] cfg80211: Calling CRDA to update world regulatory domain
[   33.031690] firmadyne: sys_socket[PID: 616 (xmldbc)]: family:1, type:2, protocol:0
[   33.078793] firmadyne: sys_socket[PID: 618 (xmldbc)]: family:1, type:2, protocol:0
[   33.130504] firmadyne: sys_socket[PID: 619 (xmldbc)]: family:1, type:2, protocol:0
[   33.178179] firmadyne: sys_socket[PID: 620 (xmldbc)]: family:1, type:2, protocol:0
[   33.226061] firmadyne: sys_socket[PID: 621 (xmldbc)]: family:1, type:2, protocol:0
[   33.274132] firmadyne: sys_socket[PID: 622 (xmldbc)]: family:1, type:2, protocol:0
[   33.386718] firmadyne: sys_socket[PID: 626 (xmldbc)]: family:1, type:2, protocol:0
[   33.435731] firmadyne: sys_socket[PID: 627 (xmldbc)]: family:1, type:2, protocol:0
[   33.483781] firmadyne: sys_socket[PID: 628 (xmldbc)]: family:1, type:2, protocol:0
[   33.531901] firmadyne: sys_socket[PID: 629 (xmldbc)]: family:1, type:2, protocol:0
[   33.579448] firmadyne: sys_socket[PID: 630 (xmldbc)]: family:1, type:2, protocol:0
[   33.626894] firmadyne: sys_socket[PID: 631 (xmldbc)]: family:1, type:2, protocol:0
[   33.670722] firmadyne: sys_socket[PID: 632 (xmldbc)]: family:1, type:2, protocol:0
[   33.718511] firmadyne: sys_socket[PID: 633 (xmldbc)]: family:1, type:2, protocol:0
[   33.765689] firmadyne: sys_socket[PID: 634 (xmldbc)]: family:1, type:2, protocol:0
[   33.812612] firmadyne: sys_socket[PID: 635 (xmldbc)]: family:1, type:2, protocol:0
[   33.859019] firmadyne: sys_socket[PID: 636 (xmldbc)]: family:1, type:2, protocol:0
[   33.907612] firmadyne: sys_socket[PID: 637 (xmldbc)]: family:1, type:2, protocol:0
[   33.954659] firmadyne: sys_socket[PID: 638 (xmldbc)]: family:1, type:2, protocol:0
[   34.002021] firmadyne: sys_socket[PID: 639 (xmldbc)]: family:1, type:2, protocol:0
[   34.049731] firmadyne: sys_socket[PID: 640 (xmldbc)]: family:1, type:2, protocol:0
[   34.101427] firmadyne: sys_socket[PID: 641 (xmldbc)]: family:1, type:2, protocol:0
[   34.147921] firmadyne: sys_socket[PID: 642 (xmldbc)]: family:1, type:2, protocol:0
[   34.194934] firmadyne: sys_socket[PID: 643 (xmldbc)]: family:1, type:2, protocol:0
[   34.242111] firmadyne: sys_socket[PID: 644 (xmldbc)]: family:1, type:2, protocol:0
[   34.355037] firmadyne: sys_socket[PID: 648 (xmldbc)]: family:1, type:2, protocol:0
[   34.402697] firmadyne: sys_socket[PID: 649 (xmldbc)]: family:1, type:2, protocol:0
[   34.449775] firmadyne: sys_socket[PID: 650 (xmldbc)]: family:1, type:2, protocol:0
[   34.498606] firmadyne: sys_socket[PID: 651 (xmldbc)]: family:1, type:2, protocol:0
[   34.545054] firmadyne: sys_socket[PID: 652 (xmldbc)]: family:1, type:2, protocol:0
[   34.592152] firmadyne: sys_socket[PID: 653 (xmldbc)]: family:1, type:2, protocol:0
[   34.638569] firmadyne: sys_socket[PID: 654 (xmldbc)]: family:1, type:2, protocol:0
[   34.682108] firmadyne: sys_socket[PID: 655 (xmldbc)]: family:1, type:2, protocol:0
[   34.729209] firmadyne: sys_socket[PID: 656 (xmldbc)]: family:1, type:2, protocol:0
[   34.776231] firmadyne: sys_socket[PID: 657 (xmldbc)]: family:1, type:2, protocol:0
[   34.823984] firmadyne: sys_socket[PID: 658 (xmldbc)]: family:1, type:2, protocol:0
[   34.872055] firmadyne: sys_socket[PID: 659 (xmldbc)]: family:1, type:2, protocol:0
[   34.920040] firmadyne: sys_socket[PID: 660 (xmldbc)]: family:1, type:2, protocol:0
[   34.969993] firmadyne: sys_socket[PID: 661 (xmldbc)]: family:1, type:2, protocol:0
[   35.017384] firmadyne: sys_socket[PID: 662 (xmldbc)]: family:1, type:2, protocol:0
[   35.064320] firmadyne: sys_socket[PID: 663 (xmldbc)]: family:1, type:2, protocol:0
[   35.111139] firmadyne: sys_socket[PID: 664 (xmldbc)]: family:1, type:2, protocol:0
[   35.157499] firmadyne: sys_socket[PID: 665 (xmldbc)]: family:1, type:2, protocol:0
[   35.205041] firmadyne: sys_socket[PID: 666 (xmldbc)]: family:1, type:2, protocol:0
[   35.317901] firmadyne: sys_socket[PID: 670 (xmldbc)]: family:1, type:2, protocol:0
[   35.364932] firmadyne: sys_socket[PID: 671 (xmldbc)]: family:1, type:2, protocol:0
[   35.412651] firmadyne: sys_socket[PID: 672 (xmldbc)]: family:1, type:2, protocol:0
[   35.461796] firmadyne: sys_socket[PID: 673 (xmldbc)]: family:1, type:2, protocol:0
[   35.510356] firmadyne: sys_socket[PID: 674 (xmldbc)]: family:1, type:2, protocol:0
[   35.557621] firmadyne: sys_socket[PID: 675 (xmldbc)]: family:1, type:2, protocol:0
[   35.604744] firmadyne: sys_socket[PID: 676 (xmldbc)]: family:1, type:2, protocol:0
[   35.653131] firmadyne: sys_socket[PID: 677 (xmldbc)]: family:1, type:2, protocol:0
[   35.697771] firmadyne: sys_socket[PID: 678 (xmldbc)]: family:1, type:2, protocol:0
[   35.744492] firmadyne: sys_socket[PID: 679 (xmldbc)]: family:1, type:2, protocol:0
[   35.791239] firmadyne: sys_socket[PID: 680 (xmldbc)]: family:1, type:2, protocol:0
[   35.838198] firmadyne: sys_socket[PID: 681 (xmldbc)]: family:1, type:2, protocol:0
[   35.881509] firmadyne: sys_socket[PID: 682 (xmldbc)]: family:1, type:2, protocol:0
[   35.928366] firmadyne: sys_socket[PID: 683 (xmldbc)]: family:1, type:2, protocol:0
[   35.975726] firmadyne: sys_socket[PID: 684 (xmldbc)]: family:1, type:2, protocol:0
[   36.022675] firmadyne: sys_socket[PID: 685 (xmldbc)]: family:1, type:2, protocol:0
[   36.070207] firmadyne: sys_socket[PID: 686 (xmldbc)]: family:1, type:2, protocol:0
[   36.125726] firmadyne: sys_socket[PID: 687 (xmldbc)]: family:1, type:2, protocol:0
[   36.139638] cfg80211: Exceeded CRDA call max attempts. Not calling CRDA
[   36.174161] firmadyne: sys_socket[PID: 688 (xmldbc)]: family:1, type:2, protocol:0
[   36.285426] firmadyne: sys_socket[PID: 692 (xmldbc)]: family:1, type:2, protocol:0
[   36.332355] firmadyne: sys_socket[PID: 693 (xmldbc)]: family:1, type:2, protocol:0
[   36.378920] firmadyne: sys_socket[PID: 694 (xmldbc)]: family:1, type:2, protocol:0
[   36.425836] firmadyne: sys_socket[PID: 695 (xmldbc)]: family:1, type:2, protocol:0
[   36.472363] firmadyne: sys_socket[PID: 696 (xmldbc)]: family:1, type:2, protocol:0
[   36.516784] firmadyne: sys_socket[PID: 697 (xmldbc)]: family:1, type:2, protocol:0
[   36.563518] firmadyne: sys_socket[PID: 698 (xmldbc)]: family:1, type:2, protocol:0
[   36.606125] firmadyne: sys_socket[PID: 699 (xmldbc)]: family:1, type:2, protocol:0
[   36.652933] firmadyne: sys_socket[PID: 700 (xmldbc)]: family:1, type:2, protocol:0
[   36.701263] firmadyne: sys_socket[PID: 701 (xmldbc)]: family:1, type:2, protocol:0
[   36.748029] firmadyne: sys_socket[PID: 702 (xmldbc)]: family:1, type:2, protocol:0
[   36.794706] firmadyne: sys_socket[PID: 703 (xmldbc)]: family:1, type:2, protocol:0
[   36.841648] firmadyne: sys_socket[PID: 704 (xmldbc)]: family:1, type:2, protocol:0
[   36.890001] firmadyne: sys_socket[PID: 705 (xmldbc)]: family:1, type:2, protocol:0
[   36.932432] firmadyne: sys_socket[PID: 706 (xmldbc)]: family:1, type:2, protocol:0
[   36.978915] firmadyne: sys_socket[PID: 707 (xmldbc)]: family:1, type:2, protocol:0
[   37.025918] firmadyne: sys_socket[PID: 708 (xmldbc)]: family:1, type:2, protocol:0
[   37.073201] firmadyne: sys_socket[PID: 709 (xmldbc)]: family:1, type:2, protocol:0
[   37.120578] firmadyne: sys_socket[PID: 710 (xmldbc)]: family:1, type:2, protocol:0
[   37.233236] firmadyne: sys_socket[PID: 714 (xmldbc)]: family:1, type:2, protocol:0
[   37.280891] firmadyne: sys_socket[PID: 715 (xmldbc)]: family:1, type:2, protocol:0
[   37.328130] firmadyne: sys_socket[PID: 716 (xmldbc)]: family:1, type:2, protocol:0
[   37.374554] firmadyne: sys_socket[PID: 717 (xmldbc)]: family:1, type:2, protocol:0
[   37.424133] firmadyne: sys_socket[PID: 718 (xmldbc)]: family:1, type:2, protocol:0
[   37.471255] firmadyne: sys_socket[PID: 719 (xmldbc)]: family:1, type:2, protocol:0
[   37.515695] firmadyne: sys_socket[PID: 720 (xmldbc)]: family:1, type:2, protocol:0
[   37.562488] firmadyne: sys_socket[PID: 721 (xmldbc)]: family:1, type:2, protocol:0
[   37.609397] firmadyne: sys_socket[PID: 722 (xmldbc)]: family:1, type:2, protocol:0
[   37.656528] firmadyne: sys_socket[PID: 723 (xmldbc)]: family:1, type:2, protocol:0
[   37.704463] firmadyne: sys_socket[PID: 724 (xmldbc)]: family:1, type:2, protocol:0
[   37.751652] firmadyne: sys_socket[PID: 725 (xmldbc)]: family:1, type:2, protocol:0
[   37.794130] firmadyne: sys_socket[PID: 726 (xmldbc)]: family:1, type:2, protocol:0
[   37.840780] firmadyne: sys_socket[PID: 727 (xmldbc)]: family:1, type:2, protocol:0
[   37.889009] firmadyne: sys_socket[PID: 728 (xmldbc)]: family:1, type:2, protocol:0
[   37.936449] firmadyne: sys_socket[PID: 729 (xmldbc)]: family:1, type:2, protocol:0
[   37.983776] firmadyne: sys_socket[PID: 730 (xmldbc)]: family:1, type:2, protocol:0
[   38.030911] firmadyne: sys_socket[PID: 731 (xmldbc)]: family:1, type:2, protocol:0
[   38.100282] firmadyne: sys_socket[PID: 732 (xmldbc)]: family:1, type:2, protocol:0
[   38.238270] firmadyne: sys_socket[PID: 736 (xmldbc)]: family:1, type:2, protocol:0
[   38.286154] firmadyne: sys_socket[PID: 737 (xmldbc)]: family:1, type:2, protocol:0
[   38.332969] firmadyne: sys_socket[PID: 738 (xmldbc)]: family:1, type:2, protocol:0
[   38.379916] firmadyne: sys_socket[PID: 739 (xmldbc)]: family:1, type:2, protocol:0
[   38.426140] firmadyne: sys_socket[PID: 740 (xmldbc)]: family:1, type:2, protocol:0
[   38.472540] firmadyne: sys_socket[PID: 741 (xmldbc)]: family:1, type:2, protocol:0
[   38.520748] firmadyne: sys_socket[PID: 742 (xmldbc)]: family:1, type:2, protocol:0
[   38.566939] firmadyne: sys_socket[PID: 743 (xmldbc)]: family:1, type:2, protocol:0
[   38.613948] firmadyne: sys_socket[PID: 744 (xmldbc)]: family:1, type:2, protocol:0
[   38.661903] firmadyne: sys_socket[PID: 745 (xmldbc)]: family:1, type:2, protocol:0
[   38.710283] firmadyne: sys_socket[PID: 746 (xmldbc)]: family:1, type:2, protocol:0
[   38.757067] firmadyne: sys_socket[PID: 747 (xmldbc)]: family:1, type:2, protocol:0
[   38.803456] firmadyne: sys_socket[PID: 748 (xmldbc)]: family:1, type:2, protocol:0
[   38.851107] firmadyne: sys_socket[PID: 749 (xmldbc)]: family:1, type:2, protocol:0
[   38.898949] firmadyne: sys_socket[PID: 750 (xmldbc)]: family:1, type:2, protocol:0
[   38.945273] firmadyne: sys_socket[PID: 751 (xmldbc)]: family:1, type:2, protocol:0
[   38.992024] firmadyne: sys_socket[PID: 752 (xmldbc)]: family:1, type:2, protocol:0
[   39.038950] firmadyne: sys_socket[PID: 753 (xmldbc)]: family:1, type:2, protocol:0
[   39.087253] firmadyne: sys_socket[PID: 754 (xmldbc)]: family:1, type:2, protocol:0
[   39.200496] firmadyne: sys_socket[PID: 758 (xmldbc)]: family:1, type:2, protocol:0
[   39.246251] firmadyne: sys_socket[PID: 759 (xmldbc)]: family:1, type:2, protocol:0
[   39.293877] firmadyne: sys_socket[PID: 760 (xmldbc)]: family:1, type:2, protocol:0
[   39.340702] firmadyne: sys_socket[PID: 761 (xmldbc)]: family:1, type:2, protocol:0
[   39.388016] firmadyne: sys_socket[PID: 762 (xmldbc)]: family:1, type:2, protocol:0
[   39.436463] firmadyne: sys_socket[PID: 763 (xmldbc)]: family:1, type:2, protocol:0
[   39.484615] firmadyne: sys_socket[PID: 764 (xmldbc)]: family:1, type:2, protocol:0
[   39.531977] firmadyne: sys_socket[PID: 765 (xmldbc)]: family:1, type:2, protocol:0
[   39.578902] firmadyne: sys_socket[PID: 766 (xmldbc)]: family:1, type:2, protocol:0
[   39.625927] firmadyne: sys_socket[PID: 767 (xmldbc)]: family:1, type:2, protocol:0
[   39.672546] firmadyne: sys_socket[PID: 768 (xmldbc)]: family:1, type:2, protocol:0
[   39.721061] firmadyne: sys_socket[PID: 769 (xmldbc)]: family:1, type:2, protocol:0
[   39.767685] firmadyne: sys_socket[PID: 770 (xmldbc)]: family:1, type:2, protocol:0
[   39.814374] firmadyne: sys_socket[PID: 771 (xmldbc)]: family:1, type:2, protocol:0
[   39.861726] firmadyne: sys_socket[PID: 772 (xmldbc)]: family:1, type:2, protocol:0
[   39.909779] firmadyne: sys_socket[PID: 773 (xmldbc)]: family:1, type:2, protocol:0
[   39.956632] firmadyne: sys_socket[PID: 774 (xmldbc)]: family:1, type:2, protocol:0
[   40.003647] firmadyne: sys_socket[PID: 775 (xmldbc)]: family:1, type:2, protocol:0
[   40.051239] firmadyne: sys_socket[PID: 776 (xmldbc)]: family:1, type:2, protocol:0
[   40.168323] firmadyne: sys_socket[PID: 780 (xmldbc)]: family:1, type:2, protocol:0
[   40.213857] firmadyne: sys_socket[PID: 781 (xmldbc)]: family:1, type:2, protocol:0
[   40.260164] firmadyne: sys_socket[PID: 782 (xmldbc)]: family:1, type:2, protocol:0
[   40.308223] firmadyne: sys_socket[PID: 783 (xmldbc)]: family:1, type:2, protocol:0
[   40.355003] firmadyne: sys_socket[PID: 784 (xmldbc)]: family:1, type:2, protocol:0
[   40.402185] firmadyne: sys_socket[PID: 785 (xmldbc)]: family:1, type:2, protocol:0
[   40.449069] firmadyne: sys_socket[PID: 786 (xmldbc)]: family:1, type:2, protocol:0
[   40.496995] firmadyne: sys_socket[PID: 787 (xmldbc)]: family:1, type:2, protocol:0
[   40.543586] firmadyne: sys_socket[PID: 788 (xmldbc)]: family:1, type:2, protocol:0
[   40.590348] firmadyne: sys_socket[PID: 789 (xmldbc)]: family:1, type:2, protocol:0
[   40.637433] firmadyne: sys_socket[PID: 790 (xmldbc)]: family:1, type:2, protocol:0
[   40.685304] firmadyne: sys_socket[PID: 791 (xmldbc)]: family:1, type:2, protocol:0
[   40.732508] firmadyne: sys_socket[PID: 792 (xmldbc)]: family:1, type:2, protocol:0
[   40.779967] firmadyne: sys_socket[PID: 793 (xmldbc)]: family:1, type:2, protocol:0
[   40.827074] firmadyne: sys_socket[PID: 794 (xmldbc)]: family:1, type:2, protocol:0
[   40.874975] firmadyne: sys_socket[PID: 795 (xmldbc)]: family:1, type:2, protocol:0
[   40.922230] firmadyne: sys_socket[PID: 796 (xmldbc)]: family:1, type:2, protocol:0
[   40.969403] firmadyne: sys_socket[PID: 797 (xmldbc)]: family:1, type:2, protocol:0
[   41.015912] firmadyne: sys_socket[PID: 798 (xmldbc)]: family:1, type:2, protocol:0
[   41.127593] firmadyne: sys_socket[PID: 802 (xmldbc)]: family:1, type:2, protocol:0
[   41.178372] firmadyne: sys_socket[PID: 803 (xmldbc)]: family:1, type:2, protocol:0
[   41.224869] firmadyne: sys_socket[PID: 804 (xmldbc)]: family:1, type:2, protocol:0
[   41.272116] firmadyne: sys_socket[PID: 805 (xmldbc)]: family:1, type:2, protocol:0
[   41.320495] firmadyne: sys_socket[PID: 806 (xmldbc)]: family:1, type:2, protocol:0
[   41.368124] firmadyne: sys_socket[PID: 807 (xmldbc)]: family:1, type:2, protocol:0
[   41.417049] firmadyne: sys_socket[PID: 808 (xmldbc)]: family:1, type:2, protocol:0
[   41.464842] firmadyne: sys_socket[PID: 809 (xmldbc)]: family:1, type:2, protocol:0
[   41.513287] firmadyne: sys_socket[PID: 810 (xmldbc)]: family:1, type:2, protocol:0
[   41.560112] firmadyne: sys_socket[PID: 811 (xmldbc)]: family:1, type:2, protocol:0
[   41.607127] firmadyne: sys_socket[PID: 812 (xmldbc)]: family:1, type:2, protocol:0
[   41.654669] firmadyne: sys_socket[PID: 813 (xmldbc)]: family:1, type:2, protocol:0
[   41.703954] firmadyne: sys_socket[PID: 814 (xmldbc)]: family:1, type:2, protocol:0
[   41.750853] firmadyne: sys_socket[PID: 815 (xmldbc)]: family:1, type:2, protocol:0
[   41.798992] firmadyne: sys_socket[PID: 816 (xmldbc)]: family:1, type:2, protocol:0
[   41.846448] firmadyne: sys_socket[PID: 817 (xmldbc)]: family:1, type:2, protocol:0
[   41.894797] firmadyne: sys_socket[PID: 818 (xmldbc)]: family:1, type:2, protocol:0
[   41.942170] firmadyne: sys_socket[PID: 819 (xmldbc)]: family:1, type:2, protocol:0
[   41.990264] firmadyne: sys_socket[PID: 820 (xmldbc)]: family:1, type:2, protocol:0
[   42.101974] firmadyne: sys_socket[PID: 824 (xmldbc)]: family:1, type:2, protocol:0
[   42.148250] firmadyne: sys_socket[PID: 825 (xmldbc)]: family:1, type:2, protocol:0
[   42.196704] firmadyne: sys_socket[PID: 826 (xmldbc)]: family:1, type:2, protocol:0
[   42.242519] firmadyne: sys_socket[PID: 827 (xmldbc)]: family:1, type:2, protocol:0
[   42.289748] firmadyne: sys_socket[PID: 828 (xmldbc)]: family:1, type:2, protocol:0
[   42.336084] firmadyne: sys_socket[PID: 829 (xmldbc)]: family:1, type:2, protocol:0
[   42.383123] firmadyne: sys_socket[PID: 830 (xmldbc)]: family:1, type:2, protocol:0
[   42.429687] firmadyne: sys_socket[PID: 831 (xmldbc)]: family:1, type:2, protocol:0
[   42.475830] firmadyne: sys_socket[PID: 832 (xmldbc)]: family:1, type:2, protocol:0
[   42.523159] firmadyne: sys_socket[PID: 833 (xmldbc)]: family:1, type:2, protocol:0
[   42.569776] firmadyne: sys_socket[PID: 834 (xmldbc)]: family:1, type:2, protocol:0
[   42.616356] firmadyne: sys_socket[PID: 835 (xmldbc)]: family:1, type:2, protocol:0
[   42.662695] firmadyne: sys_socket[PID: 836 (xmldbc)]: family:1, type:2, protocol:0
[   42.710533] firmadyne: sys_socket[PID: 837 (xmldbc)]: family:1, type:2, protocol:0
[   42.757084] firmadyne: sys_socket[PID: 838 (xmldbc)]: family:1, type:2, protocol:0
[   42.798851] firmadyne: sys_socket[PID: 839 (xmldbc)]: family:1, type:2, protocol:0
[   42.845684] firmadyne: sys_socket[PID: 840 (xmldbc)]: family:1, type:2, protocol:0
[   42.893544] firmadyne: sys_socket[PID: 841 (xmldbc)]: family:1, type:2, protocol:0
[   42.940468] firmadyne: sys_socket[PID: 842 (xmldbc)]: family:1, type:2, protocol:0
[   43.049701] firmadyne: sys_socket[PID: 846 (xmldbc)]: family:1, type:2, protocol:0
[   43.097536] firmadyne: sys_socket[PID: 847 (xmldbc)]: family:1, type:2, protocol:0
[   43.143907] firmadyne: sys_socket[PID: 848 (xmldbc)]: family:1, type:2, protocol:0
[   43.193640] firmadyne: sys_socket[PID: 849 (xmldbc)]: family:1, type:2, protocol:0
[   43.239988] firmadyne: sys_socket[PID: 850 (xmldbc)]: family:1, type:2, protocol:0
[   43.287559] firmadyne: sys_socket[PID: 851 (xmldbc)]: family:1, type:2, protocol:0
[   43.334100] firmadyne: sys_socket[PID: 852 (xmldbc)]: family:1, type:2, protocol:0
[   43.380633] firmadyne: sys_socket[PID: 853 (xmldbc)]: family:1, type:2, protocol:0
[   43.427185] firmadyne: sys_socket[PID: 854 (xmldbc)]: family:1, type:2, protocol:0
[   43.474386] firmadyne: sys_socket[PID: 855 (xmldbc)]: family:1, type:2, protocol:0
[   43.522183] firmadyne: sys_socket[PID: 856 (xmldbc)]: family:1, type:2, protocol:0
[   43.568713] firmadyne: sys_socket[PID: 857 (xmldbc)]: family:1, type:2, protocol:0
[   43.614775] firmadyne: sys_socket[PID: 858 (xmldbc)]: family:1, type:2, protocol:0
[   43.661803] firmadyne: sys_socket[PID: 859 (xmldbc)]: family:1, type:2, protocol:0
[   43.709917] firmadyne: sys_socket[PID: 860 (xmldbc)]: family:1, type:2, protocol:0
[   43.756784] firmadyne: sys_socket[PID: 861 (xmldbc)]: family:1, type:2, protocol:0
[   43.803146] firmadyne: sys_socket[PID: 862 (xmldbc)]: family:1, type:2, protocol:0
[   43.850029] firmadyne: sys_socket[PID: 863 (xmldbc)]: family:1, type:2, protocol:0
[   43.898463] firmadyne: sys_socket[PID: 864 (xmldbc)]: family:1, type:2, protocol:0
[   44.008787] firmadyne: sys_socket[PID: 868 (xmldbc)]: family:1, type:2, protocol:0
[   44.055882] firmadyne: sys_socket[PID: 869 (xmldbc)]: family:1, type:2, protocol:0
[   44.103977] firmadyne: sys_socket[PID: 870 (xmldbc)]: family:1, type:2, protocol:0
[   44.150944] firmadyne: sys_socket[PID: 871 (xmldbc)]: family:1, type:2, protocol:0
[   44.204195] firmadyne: sys_socket[PID: 872 (xmldbc)]: family:1, type:2, protocol:0
[   44.250827] firmadyne: sys_socket[PID: 873 (xmldbc)]: family:1, type:2, protocol:0
[   44.300236] firmadyne: sys_socket[PID: 874 (xmldbc)]: family:1, type:2, protocol:0
[   44.347719] firmadyne: sys_socket[PID: 875 (xmldbc)]: family:1, type:2, protocol:0
[   44.394520] firmadyne: sys_socket[PID: 876 (xmldbc)]: family:1, type:2, protocol:0
[   44.442201] firmadyne: sys_socket[PID: 877 (xmldbc)]: family:1, type:2, protocol:0
[   44.490895] firmadyne: sys_socket[PID: 878 (xmldbc)]: family:1, type:2, protocol:0
[   44.537912] firmadyne: sys_socket[PID: 879 (xmldbc)]: family:1, type:2, protocol:0
[   44.585289] firmadyne: sys_socket[PID: 880 (xmldbc)]: family:1, type:2, protocol:0
[   44.631559] firmadyne: sys_socket[PID: 881 (xmldbc)]: family:1, type:2, protocol:0
[   44.678168] firmadyne: sys_socket[PID: 882 (xmldbc)]: family:1, type:2, protocol:0
[   44.726258] firmadyne: sys_socket[PID: 883 (xmldbc)]: family:1, type:2, protocol:0
[   44.774054] firmadyne: sys_socket[PID: 884 (xmldbc)]: family:1, type:2, protocol:0
[   44.821558] firmadyne: sys_socket[PID: 885 (xmldbc)]: family:1, type:2, protocol:0
[   44.869826] firmadyne: sys_socket[PID: 886 (xmldbc)]: family:1, type:2, protocol:0
[   44.980923] firmadyne: sys_socket[PID: 890 (xmldbc)]: family:1, type:2, protocol:0
[   45.028217] firmadyne: sys_socket[PID: 891 (xmldbc)]: family:1, type:2, protocol:0
[   45.074982] firmadyne: sys_socket[PID: 892 (xmldbc)]: family:1, type:2, protocol:0
[   45.122820] firmadyne: sys_socket[PID: 893 (xmldbc)]: family:1, type:2, protocol:0
[   45.169801] firmadyne: sys_socket[PID: 894 (xmldbc)]: family:1, type:2, protocol:0
[   45.219697] firmadyne: sys_socket[PID: 895 (xmldbc)]: family:1, type:2, protocol:0
[   45.266290] firmadyne: sys_socket[PID: 896 (xmldbc)]: family:1, type:2, protocol:0
[   45.314381] firmadyne: sys_socket[PID: 897 (xmldbc)]: family:1, type:2, protocol:0
[   45.361321] firmadyne: sys_socket[PID: 898 (xmldbc)]: family:1, type:2, protocol:0
[   45.408083] firmadyne: sys_socket[PID: 899 (xmldbc)]: family:1, type:2, protocol:0
[   45.454782] firmadyne: sys_socket[PID: 900 (xmldbc)]: family:1, type:2, protocol:0
[   45.502999] firmadyne: sys_socket[PID: 901 (xmldbc)]: family:1, type:2, protocol:0
[   45.549832] firmadyne: sys_socket[PID: 902 (xmldbc)]: family:1, type:2, protocol:0
[   45.596350] firmadyne: sys_socket[PID: 903 (xmldbc)]: family:1, type:2, protocol:0
[   45.643070] firmadyne: sys_socket[PID: 904 (xmldbc)]: family:1, type:2, protocol:0
[   45.690994] firmadyne: sys_socket[PID: 905 (xmldbc)]: family:1, type:2, protocol:0
[   45.737979] firmadyne: sys_socket[PID: 906 (xmldbc)]: family:1, type:2, protocol:0
[   45.784811] firmadyne: sys_socket[PID: 907 (xmldbc)]: family:1, type:2, protocol:0
[   45.827666] firmadyne: sys_socket[PID: 908 (xmldbc)]: family:1, type:2, protocol:0
[   45.938994] firmadyne: sys_socket[PID: 912 (xmldbc)]: family:1, type:2, protocol:0
[   45.985847] firmadyne: sys_socket[PID: 913 (xmldbc)]: family:1, type:2, protocol:0
[   46.032919] firmadyne: sys_socket[PID: 914 (xmldbc)]: family:1, type:2, protocol:0
[   46.086201] firmadyne: sys_socket[PID: 915 (xmldbc)]: family:1, type:2, protocol:0
[   46.132681] firmadyne: sys_socket[PID: 916 (xmldbc)]: family:1, type:2, protocol:0
[   46.179871] firmadyne: sys_socket[PID: 917 (xmldbc)]: family:1, type:2, protocol:0
[   46.230146] firmadyne: sys_socket[PID: 918 (xmldbc)]: family:1, type:2, protocol:0
[   46.276293] firmadyne: sys_socket[PID: 919 (xmldbc)]: family:1, type:2, protocol:0
[   46.325005] firmadyne: sys_socket[PID: 920 (xmldbc)]: family:1, type:2, protocol:0
[   46.371972] firmadyne: sys_socket[PID: 921 (xmldbc)]: family:1, type:2, protocol:0
[   46.418575] firmadyne: sys_socket[PID: 922 (xmldbc)]: family:1, type:2, protocol:0
[   46.465284] firmadyne: sys_socket[PID: 923 (xmldbc)]: family:1, type:2, protocol:0
[   46.513385] firmadyne: sys_socket[PID: 924 (xmldbc)]: family:1, type:2, protocol:0
[   46.560398] firmadyne: sys_socket[PID: 925 (xmldbc)]: family:1, type:2, protocol:0
[   46.607214] firmadyne: sys_socket[PID: 926 (xmldbc)]: family:1, type:2, protocol:0
[   46.654149] firmadyne: sys_socket[PID: 927 (xmldbc)]: family:1, type:2, protocol:0
[   46.702635] firmadyne: sys_socket[PID: 928 (xmldbc)]: family:1, type:2, protocol:0
[   46.750033] firmadyne: sys_socket[PID: 929 (xmldbc)]: family:1, type:2, protocol:0
[   46.798315] firmadyne: sys_socket[PID: 930 (xmldbc)]: family:1, type:2, protocol:0
[   46.949647] firmadyne: sys_socket[PID: 935 (xmldbc)]: family:1, type:2, protocol:0
[   46.996737] firmadyne: sys_socket[PID: 936 (xmldbc)]: family:1, type:2, protocol:0
[   47.043873] firmadyne: sys_socket[PID: 937 (xmldbc)]: family:1, type:2, protocol:0
[   47.092911] firmadyne: sys_socket[PID: 938 (xmldbc)]: family:1, type:2, protocol:0
[   47.139992] firmadyne: sys_socket[PID: 939 (xmldbc)]: family:1, type:2, protocol:0
[   47.187500] firmadyne: sys_socket[PID: 940 (xmldbc)]: family:1, type:2, protocol:0
[   47.301649] firmadyne: sys_socket[PID: 944 (xmldbc)]: family:1, type:2, protocol:0
[   47.348954] firmadyne: sys_socket[PID: 945 (xmldbc)]: family:1, type:2, protocol:0
[   47.396027] firmadyne: sys_socket[PID: 946 (xmldbc)]: family:1, type:2, protocol:0
[   47.443478] firmadyne: sys_socket[PID: 947 (xmldbc)]: family:1, type:2, protocol:0
[   47.486754] firmadyne: sys_socket[PID: 948 (xmldbc)]: family:1, type:2, protocol:0
[   47.533956] firmadyne: sys_socket[PID: 949 (xmldbc)]: family:1, type:2, protocol:0
[   47.674685] firmadyne: sys_socket[PID: 954 (xmldbc)]: family:1, type:2, protocol:0
[   47.785397] firmadyne: sys_socket[PID: 958 (xmldbc)]: family:1, type:2, protocol:0
[   47.896314] firmadyne: sys_socket[PID: 962 (xmldbc)]: family:1, type:2, protocol:0
[   48.006119] firmadyne: sys_socket[PID: 966 (xmldbc)]: family:1, type:2, protocol:0
[   48.116811] firmadyne: sys_socket[PID: 970 (xmldbc)]: family:1, type:2, protocol:0
[   48.225927] firmadyne: sys_socket[PID: 974 (xmldbc)]: family:1, type:2, protocol:0
[   48.344069] firmadyne: sys_socket[PID: 978 (xmldbc)]: family:1, type:2, protocol:0
[   48.454349] firmadyne: sys_socket[PID: 982 (xmldbc)]: family:1, type:2, protocol:0
[   48.566044] firmadyne: sys_socket[PID: 986 (xmldbc)]: family:1, type:2, protocol:0
[   48.675808] firmadyne: sys_socket[PID: 990 (xmldbc)]: family:1, type:2, protocol:0
[   48.785846] firmadyne: sys_socket[PID: 994 (xmldbc)]: family:1, type:2, protocol:0
[   48.897059] firmadyne: sys_socket[PID: 998 (xmldbc)]: family:1, type:2, protocol:0
[   49.005717] firmadyne: sys_socket[PID: 1002 (xmldbc)]: family:1, type:2, protocol:0
[   49.115767] firmadyne: sys_socket[PID: 1006 (xmldbc)]: family:1, type:2, protocol:0
[   49.225832] firmadyne: sys_socket[PID: 1010 (xmldbc)]: family:1, type:2, protocol:0
[   49.339067] firmadyne: sys_socket[PID: 1014 (xmldbc)]: family:1, type:2, protocol:0
[   49.448896] firmadyne: sys_socket[PID: 1018 (xmldbc)]: family:1, type:2, protocol:0
[   49.560043] firmadyne: sys_socket[PID: 1022 (xmldbc)]: family:1, type:2, protocol:0
[   49.670176] firmadyne: sys_socket[PID: 1026 (xmldbc)]: family:1, type:2, protocol:0
[   49.776723] firmadyne: sys_socket[PID: 1030 (xmldbc)]: family:1, type:2, protocol:0
[   49.888671] firmadyne: sys_socket[PID: 1034 (xmldbc)]: family:1, type:2, protocol:0
[   50.071327] firmadyne: sys_socket[PID: 1038 (xmldbc)]: family:1, type:2, protocol:0
[   50.194832] firmadyne: sys_socket[PID: 1042 (xmldbc)]: family:1, type:2, protocol:0
[   50.310691] firmadyne: sys_socket[PID: 1046 (xmldbc)]: family:1, type:2, protocol:0
[   50.422838] firmadyne: sys_socket[PID: 1050 (xmldbc)]: family:1, type:2, protocol:0
[   50.535650] firmadyne: sys_socket[PID: 1054 (xmldbc)]: family:1, type:2, protocol:0
[   50.646111] firmadyne: sys_socket[PID: 1058 (xmldbc)]: family:1, type:2, protocol:0
[   50.758145] firmadyne: sys_socket[PID: 1062 (xmldbc)]: family:1, type:2, protocol:0
[   50.869860] firmadyne: sys_socket[PID: 1066 (xmldbc)]: family:1, type:2, protocol:0
[   50.981494] firmadyne: sys_socket[PID: 1070 (xmldbc)]: family:1, type:2, protocol:0
[   51.093221] firmadyne: sys_socket[PID: 1074 (xmldbc)]: family:1, type:2, protocol:0
[   51.202866] firmadyne: sys_socket[PID: 1078 (xmldbc)]: family:1, type:2, protocol:0
[   51.316963] firmadyne: sys_socket[PID: 1082 (xmldbc)]: family:1, type:2, protocol:0
[   51.363943] firmadyne: sys_socket[PID: 1083 (xmldbc)]: family:1, type:2, protocol:0
[   51.410961] firmadyne: sys_socket[PID: 1084 (xmldbc)]: family:1, type:2, protocol:0
[   51.458074] firmadyne: sys_socket[PID: 1085 (xmldbc)]: family:1, type:2, protocol:0
[   51.506350] firmadyne: sys_socket[PID: 1086 (xmldbc)]: family:1, type:2, protocol:0
[   51.560155] firmadyne: sys_socket[PID: 1087 (xmldbc)]: family:1, type:2, protocol:0
[   51.620183] firmadyne: sys_socket[PID: 1088 (xmldbc)]: family:1, type:2, protocol:0
[   51.705761] firmadyne: sys_socket[PID: 1089 (xmldbc)]: family:1, type:2, protocol:0
[   51.756626] firmadyne: sys_socket[PID: 1090 (xmldbc)]: family:1, type:2, protocol:0
PHP [/etc/defnodes/S11setnodes.php] ...
[   51.854953] firmadyne: sys_socket[PID: 1093 (rgdb)]: family:1, type:2, protocol:0
PHP [/etc/defnodes/S12features.php] ...
[   52.545318] firmadyne: sys_socket[PID: 1106 (rgdb)]: family:1, type:2, protocol:0
PHP [/etc/defnodes/S13flashspeed.php] ...
[   52.648295] firmadyne: sys_socket[PID: 1109 (rgdb)]: family:1, type:2, protocol:0
PHP [/etc/defnodes/S20setnodes.php] ...
[   52.849878] firmadyne: sys_socket[PID: 1114 (rgdb)]: family:1, type:2, protocol:0
[   53.214513] UDF-fs: warning (device mtdblock4): udf_fill_super: No partition found (2)
mount: mounting /dev/mtdblock/4 on /www/locale/alt failed: Invalid argument
PHP [/etc/defnodes/S40brand.php] ...
[   53.306546] firmadyne: sys_socket[PID: 1126 (rgdb)]: family:1, type:2, protocol:0
[/etc/scripts/misc/defnodes.sh] Done !!
[/etc/scripts/misc/profile.sh] put ...
[   53.832276] firmadyne: sys_socket[PID: 1134 (rgdb)]: family:1, type:2, protocol:0
ok
[   54.622566] firmadyne: sys_socket[PID: 1140 (rgdb)]: family:1, type:2, protocol:0
[   54.684513] firmadyne: sys_socket[PID: 1142 (rgdb)]: family:1, type:2, protocol:0
[/etc/templates/timezone.sh] ...
[   54.823776] firmadyne: sys_socket[PID: 1147 (rgdb)]: family:1, type:2, protocol:0
[   54.977677] firmadyne: sys_socket[PID: 1152 (rgdb)]: family:1, type:2, protocol:0
[   58.040460] firmadyne: sys_socket[PID: 1156 (rgdb)]: family:1, type:2, protocol:0
[   58.108964] firmadyne: sys_socket[PID: 1158 (rgdb)]: family:1, type:2, protocol:0
[   58.175875] firmadyne: sys_socket[PID: 1160 (rgdb)]: family:1, type:2, protocol:0
[   58.242598] firmadyne: sys_socket[PID: 1162 (rgdb)]: family:1, type:2, protocol:0
[   58.310099] firmadyne: sys_socket[PID: 1164 (rgdb)]: family:1, type:2, protocol:0
[   58.379603] firmadyne: sys_socket[PID: 1166 (rgdb)]: family:1, type:2, protocol:0
[   58.446226] firmadyne: sys_socket[PID: 1168 (rgdb)]: family:1, type:2, protocol:0
[   58.514723] firmadyne: sys_socket[PID: 1170 (rgdb)]: family:1, type:2, protocol:0
[   58.583638] firmadyne: sys_socket[PID: 1172 (rgdb)]: family:1, type:2, protocol:0
[   58.653590] firmadyne: sys_socket[PID: 1174 (rgdb)]: family:1, type:2, protocol:0
[   58.722270] firmadyne: sys_socket[PID: 1176 (rgdb)]: family:1, type:2, protocol:0
[/etc/templates/logs.sh] ...
[   59.505891] firmadyne: sys_socket[PID: 1204 (rgdb)]: family:1, type:2, protocol:0
[   59.585299] firmadyne: sys_socket[PID: 1206 (rgdb)]: family:1, type:2, protocol:0
[/var/run/logs_run.sh] ...
[   60.052294] firmadyne: sys_socket[PID: 1211 (syslogd)]: family:1, type:1, protocol:0
[   60.176457] firmadyne: sys_socket[PID: 1216 (rgdb)]: family:1, type:2, protocol:0
[   60.342757] firmadyne: sys_socket[PID: 1220 (ifconfig)]: family:2, type:1, protocol:0
[   60.382776] 8021q: adding VLAN 0 to HW filter on device eth0
[   60.389003] e1000: eth0 NIC Link is Up 1000 Mbps Full Duplex, Flow Control: RX
[   63.451631] firmadyne: sys_socket[PID: 1222 (rgdb)]: family:1, type:2, protocol:0
[   63.701156] firmadyne: sys_socket[PID: 1234 (rgdb)]: family:1, type:2, protocol:0
[   63.846476] firmadyne: sys_socket[PID: 1240 (rgdb)]: family:1, type:2, protocol:0
[   63.865620] firmadyne: sys_socket[PID: 1241 (ifconfig)]: family:2, type:1, protocol:0
[   63.867677] firmadyne: __inet_insert_ifa[PID: 1241 (ifconfig)]: device:lo ifa:0x7f000001
[   63.912741] firmadyne: sys_socket[PID: 1242 (brctl)]: family:2, type:2, protocol:0
[   63.993658] firmadyne: sys_socket[PID: 1245 (brctl)]: family:2, type:2, protocol:0
[   63.996866] firmadyne: sys_socket[PID: 1245 (brctl)]: family:10, type:1, protocol:0
[   64.038410] firmadyne: sys_socket[PID: 1246 (brctl)]: family:2, type:2, protocol:0
[   64.041733] firmadyne: sys_socket[PID: 1246 (brctl)]: family:10, type:1, protocol:0
[/etc/init.d/S03config.sh] done!
[/etc/init.d/S10system.sh]
start Layout ...
[/etc/scripts/layout.sh] start ...
[   64.336271] firmadyne: sys_socket[PID: 1256 (rgdb)]: family:1, type:2, protocol:0
[   64.440723] firmadyne: sys_socket[PID: 1257 (rgdb)]: family:1, type:2, protocol:0
[/var/run/layout_start.sh] ...
Start bridge layout ...
[   64.563539] firmadyne: sys_socket[PID: 1261 (ifconfig)]: family:2, type:1, protocol:0
[   64.601937] firmadyne: sys_socket[PID: 1262 (brctl)]: family:2, type:2, protocol:0
[   64.605563] firmadyne: sys_socket[PID: 1262 (brctl)]: family:10, type:1, protocol:0
[   64.608547] firmadyne: sys_socket[PID: 1262 (brctl)]: family:10, type:1, protocol:0
[   64.609978] firmadyne: br_add_if[PID: 1262 (brctl)]: br:br0 dev:eth0
[   64.615403] device eth0 entered promiscuous mode
[   64.693222] firmadyne: sys_socket[PID: 1265 (xmldbc)]: family:1, type:2, protocol:0
[   64.762936] firmadyne: sys_socket[PID: 1268 (ifconfig)]: family:2, type:1, protocol:0
[   64.764810] br0: port 1(eth0) entered forwarding state
[   64.765618] br0: port 1(eth0) entered forwarding state
[   64.807755] firmadyne: sys_socket[PID: 1269 (rgdb)]: family:1, type:2, protocol:0
start LAN ...
[/etc/templates/lan.sh] ...
[   64.941334] firmadyne: sys_socket[PID: 1274 (rgdb)]: family:1, type:2, protocol:0
[   65.066281] firmadyne: sys_socket[PID: 1277 (rgdb)]: family:1, type:2, protocol:0
[   65.156457] firmadyne: sys_socket[PID: 1278 (rgdb)]: family:1, type:2, protocol:0
[/var/run/lan_start.sh] ...
Bridge mode selected, LAN is disabled !
start web server ...
[/etc/templates/webs.sh] start ...
[   65.398014] firmadyne: sys_socket[PID: 1286 (rgdb)]: family:1, type:2, protocol:0
[   65.472380] firmadyne: sys_socket[PID: 1288 (rgdb)]: family:1, type:2, protocol:0
[   65.592556] firmadyne: sys_socket[PID: 1291 (rgdb)]: family:1, type:2, protocol:0
[   65.718529] firmadyne: sys_socket[PID: 1292 (rgdb)]: family:1, type:2, protocol:0
[/var/run/webs_start.sh] ...
Starting HTTPD ...
start eth0 vlan setup ...
/etc/scripts/eth_vlan.sh: not found
[   66.039901] firmadyne: sys_socket[PID: 1302 (rgdb)]: family:1, type:2, protocol:0
[   66.065992] firmadyne: sys_socket[PID: 1303 (rgdb)]: family:1, type:2, protocol:0
[   66.228944] firmadyne: sys_socket[PID: 1304 (rgdb)]: family:1, type:2, protocol:0
#!/bin/sh
echo [$0] ... > /dev/console

# limitedadmin.php <<<

limitedadmin.sh...
[   66.472830] firmadyne: sys_socket[PID: 1308 (brctl)]: family:2, type:2, protocol:0
[   66.480805] firmadyne: sys_socket[PID: 1308 (brctl)]: family:10, type:1, protocol:0
[   66.557766] firmadyne: sys_socket[PID: 1309 (brctl)]: family:2, type:2, protocol:0
[   66.564437] firmadyne: sys_socket[PID: 1309 (brctl)]: family:10, type:1, protocol:0
[   66.648850] firmadyne: sys_socket[PID: 1310 (brctl)]: family:2, type:2, protocol:0
[   66.655835] firmadyne: sys_socket[PID: 1310 (brctl)]: family:10, type:1, protocol:0
[   66.740261] firmadyne: sys_socket[PID: 1311 (brctl)]: family:2, type:2, protocol:0
[   66.742953] firmadyne: sys_socket[PID: 1311 (brctl)]: family:10, type:1, protocol:0
[   66.828805] firmadyne: sys_socket[PID: 1312 (brctl)]: family:2, type:2, protocol:0
[   66.836507] firmadyne: sys_socket[PID: 1312 (brctl)]: family:10, type:1, protocol:0
[   66.921760] firmadyne: sys_socket[PID: 1313 (brctl)]: family:2, type:2, protocol:0
[   66.928596] firmadyne: sys_socket[PID: 1313 (brctl)]: family:10, type:1, protocol:0
start fresetd ...
enable LAN ports ...
[   67.147628] firmadyne: sys_socket[PID: 1315 (servd)]: family:1, type:2, protocol:0
Factory reset time : 5 secs
System reset time  : 1 secs
WPS command : [/etc/templates/wps.sh pbc &]
[   67.211021] firmadyne: sys_socket[PID: 1306 (httpd)]: family:10, type:2, protocol:6
[   67.223928] firmadyne: sys_setsockopt[PID: 1306 (httpd)]: fd:4, level:65535, optname:4
[/etc/scripts/enlan.sh] ...
/dev/gpio: No such device or address
[   67.304461] firmadyne: sys_socket[PID: 1318 (fresetd)]: family:1, type:1, protocol:0
 Generate channel table according to the country code...
[   67.395844] firmadyne: sys_socket[PID: 1328 (httpd)]: family:1, type:1, protocol:0
[   67.437062] firmadyne: sys_socket[PID: 1331 (genchanneltable)]: family:1, type:2, protocol:0
[   67.453343] firmadyne: sys_socket[PID: 1331 (genchanneltable)]: family:1, type:2, protocol:0
[   67.463597] firmadyne: sys_socket[PID: 1331 (genchanneltable)]: family:1, type:2, protocol:0
[   67.490539] firmadyne: sys_socket[PID: 1332 (getsys)]: family:1, type:2, protocol:0
UNKNOW country code!! Use USA for default!!
[   67.569288] firmadyne: sys_socket[PID: 1331 (genchanneltable)]: family:1, type:2, protocol:0
[   67.575073] firmadyne: sys_socket[PID: 1332 (getsys)]: family:1, type:2, protocol:0
[   67.578655] firmadyne: sys_socket[PID: 1331 (genchanneltable)]: family:1, type:2, protocol:0
[   67.583539] firmadyne: sys_socket[PID: 1332 (getsys)]: family:1, type:2, protocol:0
[   67.588610] firmadyne: sys_socket[PID: 1331 (genchanneltable)]: family:1, type:2, protocol:0
[   67.592617] firmadyne: sys_socket[PID: 1332 (getsys)]: family:1, type:2, protocol:0
[   67.597700] firmadyne: sys_socket[PID: 1331 (genchanneltable)]: family:1, type:2, protocol:0
[   67.601398] firmadyne: sys_socket[PID: 1332 (getsys)]: family:1, type:2, protocol:0
[   67.606373] firmadyne: sys_socket[PID: 1331 (genchanneltable)]: family:1, type:2, protocol:0
[   67.610004] firmadyne: sys_socket[PID: 1332 (getsys)]: family:1, type:2, protocol:0
[   67.615022] firmadyne: sys_socket[PID: 1331 (genchanneltable)]: family:1, type:2, protocol:0
[   67.618536] firmadyne: sys_socket[PID: 1332 (getsys)]: family:1, type:2, protocol:0
[   67.624159] firmadyne: sys_socket[PID: 1331 (genchanneltable)]: family:1, type:2, protocol:0
[   67.627606] firmadyne: sys_socket[PID: 1332 (getsys)]: family:1, type:2, protocol:0
[   67.632652] firmadyne: sys_socket[PID: 1331 (genchanneltable)]: family:1, type:2, protocol:0
[   67.637154] firmadyne: sys_socket[PID: 1332 (getsys)]: family:1, type:2, protocol:0
[   67.642575] firmadyne: sys_socket[PID: 1331 (genchanneltable)]: family:1, type:2, protocol:0
[   67.646006] firmadyne: sys_socket[PID: 1332 (getsys)]: family:1, type:2, protocol:0
[   67.651619] firmadyne: sys_socket[PID: 1331 (genchanneltable)]: family:1, type:2, protocol:0
[   67.654779] firmadyne: sys_socket[PID: 1332 (getsys)]: family:1, type:2, protocol:0
[   67.660733] firmadyne: sys_socket[PID: 1331 (genchanneltable)]: family:1, type:2, protocol:0
[   67.664834] firmadyne: sys_socket[PID: 1332 (getsys)]: family:1, type:2, protocol:0
[   67.670190] firmadyne: sys_socket[PID: 1331 (genchanneltable)]: family:1, type:2, protocol:0
[   67.674138] firmadyne: sys_socket[PID: 1332 (getsys)]: family:1, type:2, protocol:0
[   67.679625] firmadyne: sys_socket[PID: 1331 (genchanneltable)]: family:1, type:2, protocol:0
[   67.684407] firmadyne: sys_socket[PID: 1332 (getsys)]: family:1, type:2, protocol:0
[   67.689531] firmadyne: sys_socket[PID: 1331 (genchanneltable)]: family:1, type:2, protocol:0
[   67.693527] firmadyne: sys_socket[PID: 1332 (getsys)]: family:1, type:2, protocol:0
[   67.699004] firmadyne: sys_socket[PID: 1331 (genchanneltable)]: family:1, type:2, protocol:0
[   67.702344] firmadyne: sys_socket[PID: 1332 (getsys)]: family:1, type:2, protocol:0
[   67.708115] firmadyne: sys_socket[PID: 1331 (genchanneltable)]: family:1, type:2, protocol:0
[   67.711584] firmadyne: sys_socket[PID: 1332 (getsys)]: family:1, type:2, protocol:0
[   67.716994] firmadyne: sys_socket[PID: 1331 (genchanneltable)]: family:1, type:2, protocol:0
[   67.723956] firmadyne: sys_socket[PID: 1332 (getsys)]: family:1, type:2, protocol:0
[   67.729251] firmadyne: sys_socket[PID: 1331 (genchanneltable)]: family:1, type:2, protocol:0
[   67.737963] firmadyne: sys_socket[PID: 1331 (genchanneltable)]: family:1, type:2, protocol:0
[   67.747037] firmadyne: sys_socket[PID: 1331 (genchanneltable)]: family:1, type:2, protocol:0
[   67.756357] firmadyne: sys_socket[PID: 1331 (genchanneltable)]: family:1, type:2, protocol:0
[   67.761254] firmadyne: sys_socket[PID: 1331 (genchanneltable)]: family:1, type:2, protocol:0
[   67.773050] firmadyne: sys_socket[PID: 1331 (genchanneltable)]: family:1, type:2, protocol:0
[   67.778597] firmadyne: sys_socket[PID: 1331 (genchanneltable)]: family:1, type:2, protocol:0
[   67.785153] firmadyne: sys_socket[PID: 1331 (genchanneltable)]: family:1, type:2, protocol:0
[   67.793681] firmadyne: sys_socket[PID: 1331 (genchanneltable)]: family:1, type:2, protocol:0
[   67.798632] firmadyne: sys_socket[PID: 1331 (genchanneltable)]: family:1, type:2, protocol:0
[   67.804556] firmadyne: sys_socket[PID: 1331 (genchanneltable)]: family:1, type:2, protocol:0
/dev/gpio: No such device or address
[   67.816042] firmadyne: sys_socket[PID: 1331 (genchanneltable)]: family:1, type:2, protocol:0
 Generate VLAN table according to the port...
[   67.880747] firmadyne: sys_socket[PID: 1340 (genVLANTableByP)]: family:1, type:2, protocol:0
[   67.886772] firmadyne: sys_socket[PID: 1340 (genVLANTableByP)]: family:1, type:2, protocol:0
[   67.892471] firmadyne: sys_socket[PID: 1340 (genVLANTableByP)]: family:1, type:2, protocol:0
[   67.896838] firmadyne: sys_socket[PID: 1340 (genVLANTableByP)]: family:1, type:2, protocol:0
[   67.901244] firmadyne: sys_socket[PID: 1340 (genVLANTableByP)]: family:1, type:2, protocol:0
[   67.905772] firmadyne: sys_socket[PID: 1340 (genVLANTableByP)]: family:1, type:2, protocol:0
[   67.910789] firmadyne: sys_socket[PID: 1340 (genVLANTableByP)]: family:1, type:2, protocol:0
[   67.916381] firmadyne: sys_socket[PID: 1340 (genVLANTableByP)]: family:1, type:2, protocol:0
[   67.921145] firmadyne: sys_socket[PID: 1340 (genVLANTableByP)]: family:1, type:2, protocol:0
[   67.925721] firmadyne: sys_socket[PID: 1340 (genVLANTableByP)]: family:1, type:2, protocol:0
[   67.930315] firmadyne: sys_socket[PID: 1340 (genVLANTableByP)]: family:1, type:2, protocol:0
[   67.935782] firmadyne: sys_socket[PID: 1340 (genVLANTableByP)]: family:1, type:2, protocol:0
[   67.941129] firmadyne: sys_socket[PID: 1340 (genVLANTableByP)]: family:1, type:2, protocol:0
[   67.946370] firmadyne: sys_socket[PID: 1340 (genVLANTableByP)]: family:1, type:2, protocol:0
[   67.951052] firmadyne: sys_socket[PID: 1340 (genVLANTableByP)]: family:1, type:2, protocol:0
[   67.956368] firmadyne: sys_socket[PID: 1340 (genVLANTableByP)]: family:1, type:2, protocol:0
[   67.961011] firmadyne: sys_socket[PID: 1340 (genVLANTableByP)]: family:1, type:2, protocol:0
[   67.965343] firmadyne: sys_socket[PID: 1340 (genVLANTableByP)]: family:1, type:2, protocol:0
[   67.969901] firmadyne: sys_socket[PID: 1340 (genVLANTableByP)]: family:1, type:2, protocol:0
[   67.975008] firmadyne: sys_socket[PID: 1340 (genVLANTableByP)]: family:1, type:2, protocol:0
[   67.980634] firmadyne: sys_socket[PID: 1340 (genVLANTableByP)]: family:1, type:2, protocol:0
