[    0.000000] Linux version 4.1.17+ (alessio@pc) (gcc version 5.5.0 20171010 (Ubuntu 5.5.0-12ubuntu1) ) #1 Mon May 15 23:04:08 CEST 2023
[    0.000000] earlycon: Early serial console at I/O port 0x3f8 (options '38400n8')
[    0.000000] bootconsole [uart0] enabled
[    0.000000] CPU0 revision is: 00019300 (MIPS 24Kc)
[    0.000000] FPU revision is: 00739300
[    0.000000] Software DMA cache coherency enabled
[    0.000000] Determined physical RAM map:
[    0.000000]  memory: 00001000 @ 00000000 (reserved)
[    0.000000]  memory: 000ef000 @ 00001000 (ROM data)
[    0.000000]  memory: 00798000 @ 000f0000 (reserved)
[    0.000000]  memory: 0f777000 @ 00888000 (usable)
[    0.000000] debug: ignoring loglevel setting.
[    0.000000] Wasting 69888 bytes for tracking 2184 unused pages
[    0.000000] Initrd not found or empty - disabling initrd
[    0.000000] Zone ranges:
[    0.000000]   DMA      [mem 0x0000000000000000-0x0000000000ffffff]
[    0.000000]   Normal   [mem 0x0000000001000000-0x000000000fffefff]
[    0.000000] Movable zone start for each node
[    0.000000] Early memory node ranges
[    0.000000]   node   0: [mem 0x0000000000000000-0x000000000fffefff]
[    0.000000] Initmem setup node 0 [mem 0x0000000000000000-0x000000000fffefff]
[    0.000000] On node 0 totalpages: 65535
[    0.000000] free_area_init_node: node 0, pgdat 8081d5b0, node_mem_map 81000000
[    0.000000]   DMA zone: 32 pages used for memmap
[    0.000000]   DMA zone: 0 pages reserved
[    0.000000]   DMA zone: 4096 pages, LIFO batch:0
[    0.000000]   Normal zone: 480 pages used for memmap
[    0.000000]   Normal zone: 61439 pages, LIFO batch:15
[    0.000000] Primary instruction cache 2kB, VIPT, 2-way, linesize 16 bytes.
[    0.000000] Primary data cache 2kB, 2-way, VIPT, no aliases, linesize 16 bytes
[    0.000000] pcpu-alloc: s0 r0 d32768 u32768 alloc=1*32768
[    0.000000] pcpu-alloc: [0] 0 
[    0.000000] Built 1 zonelists in Zone order, mobility grouping on.  Total pages: 65023
[    0.000000] Kernel command line: root=/dev/sda1 console=ttyS0 nandsim.parts=64,64,64,64,64,64,64,64,64,64 rdinit=/firmadyne/preInit.sh rw debug ignore_loglevel print-fatal-signals=1 FIRMAE_NET=true FIRMAE_NVRAM=true FIRMAE_KERNEL=true FIRMAE_ETC=true user_debug=0 firmadyne.syscall=1 noka
[    0.000000] found FIRMAE_KERNEL=t
[    0.000000] set the LD_PRELOAD=/firmadyne/libnvram_ioctl.so
[    0.000000] PID hash table entries: 1024 (order: 0, 4096 bytes)
[    0.000000] Dentry cache hash table entries: 32768 (order: 5, 131072 bytes)
[    0.000000] Inode-cache hash table entries: 16384 (order: 4, 65536 bytes)
[    0.000000] Writing ErrCtl register=00000000
[    0.000000] Readback ErrCtl register=00000000
[    0.000000] Memory: 251112K/262140K available (5360K kernel code, 244K rwdata, 1676K rodata, 260K init, 158K bss, 11028K reserved, 0K cma-reserved)
[    0.000000] NR_IRQS:256
[    0.000000] CPU frequency 200.00 MHz
[    0.000000] clocksource MIPS: mask: 0xffffffff max_cycles: 0xffffffff, max_idle_ns: 19112407987 ns
[    0.000156] sched_clock: 32 bits at 100MHz, resolution 9ns, wraps every 21474615291ns
[    0.010542] Console: colour dummy device 80x25
[    0.011382] Calibrating delay loop... 37.76 BogoMIPS (lpj=75520)
[    0.056967] pid_max: default: 32768 minimum: 301
[    0.060014] Mount-cache hash table entries: 1024 (order: 0, 4096 bytes)
[    0.060412] Mountpoint-cache hash table entries: 1024 (order: 0, 4096 bytes)
[    0.108344] clocksource jiffies: mask: 0xffffffff max_cycles: 0xffffffff, max_idle_ns: 7645041785100000 ns
[    0.116465] NET: Registered protocol family 16
[    0.320359] clocksource pit: mask: 0xffffffff max_cycles: 0xffffffff, max_idle_ns: 1601818034827 ns
[    0.432422] vgaarb: loaded
[    0.436656] SCSI subsystem initialized
[    0.438406] libata version 3.00 loaded.
[    0.441714] usbcore: registered new interface driver usbfs
[    0.442778] usbcore: registered new interface driver hub
[    0.443707] usbcore: registered new device driver usb
[    0.445647] pps_core: LinuxPPS API ver. 1 registered
[    0.445943] pps_core: Software ver. 5.3.6 - Copyright 2005-2007 Rodolfo Giometti <giometti@linux.it>
[    0.446647] PTP clock support registered
[    0.450366] PCI host bridge to bus 0000:00
[    0.450926] pci_bus 0000:00: root bus resource [mem 0x10000000-0x17ffffff]
[    0.451395] pci_bus 0000:00: root bus resource [io  0x1000-0x1fffff]
[    0.451941] pci_bus 0000:00: root bus resource [??? 0x00000000 flags 0x0]
[    0.452411] pci_bus 0000:00: No busn resource found for root bus, will use [bus 00-ff]
[    0.453417] pci 0000:00:00.0: [11ab:4620] type 00 class 0x060000
[    0.454128] pci 0000:00:00.0: [Firmware Bug]: reg 0x14: invalid BAR (can't size)
[    0.454566] pci 0000:00:00.0: [Firmware Bug]: reg 0x18: invalid BAR (can't size)
[    0.454998] pci 0000:00:00.0: [Firmware Bug]: reg 0x1c: invalid BAR (can't size)
[    0.455437] pci 0000:00:00.0: [Firmware Bug]: reg 0x20: invalid BAR (can't size)
[    0.456016] pci 0000:00:00.0: [Firmware Bug]: reg 0x24: invalid BAR (can't size)
[    0.458973] pci 0000:00:0a.0: [8086:7110] type 00 class 0x060100
[    0.461675] pci 0000:00:0a.1: [8086:7111] type 00 class 0x010180
[    0.462256] pci 0000:00:0a.1: reg 0x20: [io  0x0000-0x000f]
[    0.462702] pci 0000:00:0a.1: legacy IDE quirk: reg 0x10: [io  0x01f0-0x01f7]
[    0.463130] pci 0000:00:0a.1: legacy IDE quirk: reg 0x14: [io  0x03f6]
[    0.463551] pci 0000:00:0a.1: legacy IDE quirk: reg 0x18: [io  0x0170-0x0177]
[    0.463972] pci 0000:00:0a.1: legacy IDE quirk: reg 0x1c: [io  0x0376]
[    0.466449] pci 0000:00:0a.2: [8086:7112] type 00 class 0x0c0300
[    0.466953] pci 0000:00:0a.2: reg 0x20: [io  0x0000-0x001f]
[    0.469428] pci 0000:00:0a.3: [8086:7113] type 00 class 0x068000
[    0.470341] pci 0000:00:0a.3: quirk: [io  0x1000-0x103f] claimed by PIIX4 ACPI
[    0.470804] pci 0000:00:0a.3: quirk: [io  0x1100-0x110f] claimed by PIIX4 SMB
[    0.473220] pci 0000:00:12.0: [1013:00b8] type 00 class 0x030000
[    0.473681] pci 0000:00:12.0: reg 0x10: [mem 0x00000000-0x01ffffff pref]
[    0.474110] pci 0000:00:12.0: reg 0x14: [mem 0x00000000-0x00000fff]
[    0.474596] pci 0000:00:12.0: reg 0x30: [mem 0x00000000-0x0000ffff pref]
[    0.476550] vgaarb: device added: PCI:0000:00:12.0,decodes=io+mem,owns=none,locks=none
[    0.477614] pci 0000:00:13.0: [8086:100e] type 00 class 0x020000
[    0.478068] pci 0000:00:13.0: reg 0x10: [mem 0x00000000-0x0001ffff]
[    0.478487] pci 0000:00:13.0: reg 0x14: [io  0x0000-0x003f]
[    0.478957] pci 0000:00:13.0: reg 0x30: [mem 0x00000000-0x0003ffff pref]
[    0.481309] pci 0000:00:14.0: [8086:100e] type 00 class 0x020000
[    0.481758] pci 0000:00:14.0: reg 0x10: [mem 0x00000000-0x0001ffff]
[    0.482179] pci 0000:00:14.0: reg 0x14: [io  0x0000-0x003f]
[    0.482643] pci 0000:00:14.0: reg 0x30: [mem 0x00000000-0x0003ffff pref]
[    0.484950] pci 0000:00:15.0: [8086:100e] type 00 class 0x020000
[    0.485504] pci 0000:00:15.0: reg 0x10: [mem 0x00000000-0x0001ffff]
[    0.485932] pci 0000:00:15.0: reg 0x14: [io  0x0000-0x003f]
[    0.486391] pci 0000:00:15.0: reg 0x30: [mem 0x00000000-0x0003ffff pref]
[    0.488584] pci 0000:00:16.0: [8086:100e] type 00 class 0x020000
[    0.489020] pci 0000:00:16.0: reg 0x10: [mem 0x00000000-0x0001ffff]
[    0.489552] pci 0000:00:16.0: reg 0x14: [io  0x0000-0x003f]
[    0.490005] pci 0000:00:16.0: reg 0x30: [mem 0x00000000-0x0003ffff pref]
[    0.492432] pci_bus 0000:00: busn_res: [bus 00-ff] end is updated to 00
[    0.493758] pci 0000:00:12.0: BAR 0: assigned [mem 0x10000000-0x11ffffff pref]
[    0.494325] pci 0000:00:13.0: BAR 6: assigned [mem 0x12000000-0x1203ffff pref]
[    0.494829] pci 0000:00:14.0: BAR 6: assigned [mem 0x12040000-0x1207ffff pref]
[    0.495306] pci 0000:00:15.0: BAR 6: assigned [mem 0x12080000-0x120bffff pref]
[    0.495797] pci 0000:00:16.0: BAR 6: assigned [mem 0x120c0000-0x120fffff pref]
[    0.496286] pci 0000:00:13.0: BAR 0: assigned [mem 0x12100000-0x1211ffff]
[    0.496768] pci 0000:00:14.0: BAR 0: assigned [mem 0x12120000-0x1213ffff]
[    0.497251] pci 0000:00:15.0: BAR 0: assigned [mem 0x12140000-0x1215ffff]
[    0.497834] pci 0000:00:16.0: BAR 0: assigned [mem 0x12160000-0x1217ffff]
[    0.498323] pci 0000:00:12.0: BAR 6: assigned [mem 0x12180000-0x1218ffff pref]
[    0.498801] pci 0000:00:12.0: BAR 1: assigned [mem 0x12190000-0x12190fff]
[    0.499272] pci 0000:00:13.0: BAR 1: assigned [io  0x1040-0x107f]
[    0.499688] pci 0000:00:14.0: BAR 1: assigned [io  0x1080-0x10bf]
[    0.500115] pci 0000:00:15.0: BAR 1: assigned [io  0x10c0-0x10ff]
[    0.500546] pci 0000:00:16.0: BAR 1: assigned [io  0x1400-0x143f]
[    0.500964] pci 0000:00:0a.2: BAR 4: assigned [io  0x1440-0x145f]
[    0.501399] pci 0000:00:0a.1: BAR 4: assigned [io  0x1460-0x146f]
[    0.514614] cfg80211: Calling CRDA to update world regulatory domain
[    0.524641] Switched to clocksource MIPS
[    0.609356] NET: Registered protocol family 2
[    0.618420] TCP established hash table entries: 2048 (order: 1, 8192 bytes)
[    0.619255] TCP bind hash table entries: 2048 (order: 1, 8192 bytes)
[    0.620045] TCP: Hash tables configured (established 2048 bind 2048)
[    0.620990] UDP hash table entries: 256 (order: 0, 4096 bytes)
[    0.621521] UDP-Lite hash table entries: 256 (order: 0, 4096 bytes)
[    0.624398] NET: Registered protocol family 1
[    0.625771] PCI: Enabling device 0000:00:0a.2 (0000 -> 0001)
[    0.626903] PCI: CLS 0 bytes, default 16
[    0.650769] futex hash table entries: 256 (order: -1, 3072 bytes)
[    0.663279] squashfs: version 4.0 (2009/01/31) Phillip Lougher
[    0.665205] jffs2: version 2.2. (NAND) Â© 2001-2006 Red Hat, Inc.
[    0.667621] romfs: ROMFS MTD (C) 2007 Red Hat, Inc.
[    0.685556] Block layer SCSI generic (bsg) driver version 0.4 loaded (major 251)
[    0.686062] io scheduler noop registered
[    0.686611] io scheduler cfq registered (default)
[    0.687352] firmadyne: devfs: 1, execute: 1, procfs: 1, syscall: 1
[    0.691623] firmadyne: Cannot register character device: gpio, 0xfc, 0x0!
[    0.698080] firmadyne: Cannot register character device: watchdog, 0xa, 0x82!
[    0.698464] firmadyne: Cannot register character device: wdt, 0xfd, 0x0!
[    1.988419] strName = 4.1.17+
[    1.988419] init_task_addr  = 2155778944
[    1.988419] init_task_size  = 1296
[    1.988419] ts_tasks        = 292
[    1.988419] ts_pid          = 408
[    1.988419] ts_tgid         = 412
[    1.988419] ts_group_leader = 440
[    1.988419] ts_thread_group = 496
[    1.988419] ts_real_parent  = 416
[    1.988419] ts_mm           = 300
[    1.988419] ts_stack        = 4
[    1.990575] module_name   = 12
[    1.990575] module_size   = 208
[    1.990575] module_init   = 200
[    1.990575] module_list   = 4
[    1.991293] ts_real_cred    = 624
[    1.991293] ts_cred         = 628
[    1.991293] ts_comm         = 632
[    1.991293] cred_uid        = 4
[    1.991293] cred_gid        = 8
[    1.991293] cred_euid       = 20
[    1.991293] cred_egid       = 24
[    1.992454] mm_mmap         = 0
[    1.992454] mm_pgd          = 32
[    1.992454] mm_arg_start    = 136
[    1.992454] mm_start_brk    = 124
[    1.992454] mm_brk          = 128
[    1.992454] mm_start_stack  = 132
[    1.993675] vma_vm_start    = 0
[    1.993675] vma_vm_end      = 4
[    1.993675] vma_vm_next     = 8
[    1.993675] vma_vm_file     = 80
[    1.993675] vma_vm_flags    = 40
[    1.993675] vma_vm_pgoff    = 76
[    1.994673] file_dentry     = 12
[    1.994673] file_inode      = 40
[    1.994673] dentry_d_name   = 24
[    1.994673] dentry_d_iname  = 44
[    1.994673] dentry_d_parent = 16
[    1.994673] ti_task         = 0
[    1.994673] inode_ino   = 28
[    2.796213] proc_fork_connector  = 2151078840
[    2.796517] proc_exit_connector  = 2151080432
[    2.796867] proc_exec_connector  = 2151079052
[    2.797122] vma_link  = 2149124372
[    2.797344] vma_adjust  = 2149124540
[    2.797574] remove_vma  = 2149122188
[    2.797801] modules  = 2155833724
[    2.798025] trim_init_extable  = 2150545316
[    2.800942] PCI: Enabling device 0000:00:12.0 (0000 -> 0002)
[    2.801979] cirrusfb 0000:00:12.0: Cirrus Logic chipset on PCI bus, RAM (4096 kB) at 0x10000000
[    3.028524] Console: switching to colour frame buffer device 80x30
[    3.080121] Serial: 8250/16550 driver, 4 ports, IRQ sharing enabled
[    3.091155] console [ttyS0] disabled
[    3.116495] serial8250.0: ttyS0 at I/O 0x3f8 (irq = 4, base_baud = 115200) is a 16550A
[    3.117541] console [ttyS0] enabled
[    3.117541] console [ttyS0] enabled
[    3.117994] bootconsole [uart0] disabled
[    3.117994] bootconsole [uart0] disabled
[    3.145307] serial8250.0: ttyS1 at I/O 0x2f8 (irq = 3, base_baud = 115200) is a 16550A
[    3.238377] brd: module loaded
[    3.286800] loop: module loaded
[    3.291828] ata_piix 0000:00:0a.1: version 2.13
[    3.292281] PCI: Enabling device 0000:00:0a.1 (0000 -> 0001)
[    3.311954] scsi host0: ata_piix
[    3.316289] scsi host1: ata_piix
[    3.319278] ata1: PATA max UDMA/33 cmd 0x1f0 ctl 0x3f6 bmdma 0x1460 irq 14
[    3.319676] ata2: PATA max UDMA/33 cmd 0x170 ctl 0x376 bmdma 0x1468 irq 15
[    3.324980] [nandsim] warning: read_byte: unexpected data output cycle, state is STATE_READY return 0x0
[    3.325458] [nandsim] warning: read_byte: unexpected data output cycle, state is STATE_READY return 0x0
[    3.325919] [nandsim] warning: read_byte: unexpected data output cycle, state is STATE_READY return 0x0
[    3.326380] [nandsim] warning: read_byte: unexpected data output cycle, state is STATE_READY return 0x0
[    3.326842] [nandsim] warning: read_byte: unexpected data output cycle, state is STATE_READY return 0x0
[    3.327304] [nandsim] warning: read_byte: unexpected data output cycle, state is STATE_READY return 0x0
[    3.327886] nand: device found, Manufacturer ID: 0x98, Chip ID: 0x39
[    3.328239] nand: Toshiba NAND 128MiB 1,8V 8-bit
[    3.328553] nand: 128 MiB, SLC, erase size: 16 KiB, page size: 512, OOB size: 16
[    3.329932] flash size: 128 MiB
[    3.330135] page size: 512 bytes
[    3.330334] OOB area size: 16 bytes
[    3.330541] sector size: 16 KiB
[    3.330734] pages number: 262144
[    3.330931] pages per sector: 32
[    3.331131] bus width: 8
[    3.331309] bits in sector size: 14
[    3.331518] bits in page size: 9
[    3.331723] bits in OOB size: 4
[    3.331927] flash size with OOB: 135168 KiB
[    3.332164] page address bytes: 4
[    3.332368] sector address bytes: 3
[    3.332578] options: 0x42
[    3.396074] Scanning device for bad blocks
[    4.297486] cfg80211: Calling CRDA to update world regulatory domain
[    4.301701] ata1.01: NODEV after polling detection
[    4.302337] ata2.01: NODEV after polling detection
[    4.303863] ata2.00: ATAPI: QEMU DVD-ROM, 2.5+, max UDMA/100
[    4.305953] ata1.00: ATA-7: QEMU HARDDISK, 2.5+, max UDMA/100
[    4.306326] ata1.00: 2097152 sectors, multi 16: LBA48 
[    4.307931] ata2.00: configured for UDMA/33
[    4.312323] ata1.00: configured for UDMA/33
[    4.319421] scsi 0:0:0:0: Direct-Access     ATA      QEMU HARDDISK    2.5+ PQ: 0 ANSI: 5
[    4.332132] sd 0:0:0:0: [sda] 2097152 512-byte logical blocks: (1.07 GB/1.00 GiB)
[    4.333501] scsi 1:0:0:0: CD-ROM            QEMU     QEMU DVD-ROM     2.5+ PQ: 0 ANSI: 5
[    4.343543] sd 0:0:0:0: [sda] Write Protect is off
[    4.343948] sd 0:0:0:0: [sda] Mode Sense: 00 3a 00 00
[    4.345252] sd 0:0:0:0: [sda] Write cache: enabled, read cache: enabled, doesn't support DPO or FUA
[    4.354332] Creating 11 MTD partitions on "NAND 128MiB 1,8V 8-bit":
[    4.354862] 0x000000000000-0x000000100000 : "NAND simulator partition 0"
[    4.363573] 0x000000100000-0x000000200000 : "NAND simulator partition 1"
[    4.371816] 0x000000200000-0x000000300000 : "NAND simulator partition 2"
[    4.380107] 0x000000300000-0x000000400000 : "NAND simulator partition 3"
[    4.388472] 0x000000400000-0x000000500000 : "NAND simulator partition 4"
[    4.396941] 0x000000500000-0x000000600000 : "NAND simulator partition 5"
[    4.405798] 0x000000600000-0x000000700000 : "NAND simulator partition 6"
[    4.414506] 0x000000700000-0x000000800000 : "NAND simulator partition 7"
[    4.423312] 0x000000800000-0x000000900000 : "NAND simulator partition 8"
[    4.431565] 0x000000900000-0x000000a00000 : "NAND simulator partition 9"
[    4.439691] 0x000000a00000-0x000008000000 : "NAND simulator partition 10"
[    4.474855] tun: Universal TUN/TAP device driver, 1.6
[    4.475156] tun: (C) 1999-2004 Max Krasnyansky <maxk@qualcomm.com>
[    4.478073] pcnet32: pcnet32.c:v1.35 21.Apr.2008 tsbogend@alpha.franken.de
[    4.479144] e1000: Intel(R) PRO/1000 Network Driver - version 7.3.21-k8-NAPI
[    4.479506] e1000: Copyright (c) 1999-2006 Intel Corporation.
[    4.480252] PCI: Enabling device 0000:00:13.0 (0000 -> 0003)
[    4.482196]  sda: sda1
[    4.492497] sd 0:0:0:0: [sda] Attached SCSI disk
[    4.779431] e1000 0000:00:13.0 eth0: (PCI:33MHz:32-bit) 52:54:00:12:34:56
[    4.780027] e1000 0000:00:13.0 eth0: Intel(R) PRO/1000 Network Connection
[    4.780749] PCI: Enabling device 0000:00:14.0 (0000 -> 0003)
[    5.070224] e1000 0000:00:14.0 eth1: (PCI:33MHz:32-bit) 52:54:00:12:34:57
[    5.070716] e1000 0000:00:14.0 eth1: Intel(R) PRO/1000 Network Connection
[    5.071413] PCI: Enabling device 0000:00:15.0 (0000 -> 0003)
[    5.365640] e1000 0000:00:15.0 eth2: (PCI:33MHz:32-bit) 52:54:00:12:34:58
[    5.366140] e1000 0000:00:15.0 eth2: Intel(R) PRO/1000 Network Connection
[    5.366755] PCI: Enabling device 0000:00:16.0 (0000 -> 0003)
[    5.652584] e1000 0000:00:16.0 eth3: (PCI:33MHz:32-bit) 52:54:00:12:34:59
[    5.653154] e1000 0000:00:16.0 eth3: Intel(R) PRO/1000 Network Connection
[    5.654292] e1000e: Intel(R) PRO/1000 Network Driver - 2.3.2-k
[    5.654590] e1000e: Copyright(c) 1999 - 2014 Intel Corporation.
[    5.658286] PPP generic driver version 2.4.2
[    5.660060] PPP Deflate Compression module registered
[    5.660622] PPP MPPE Compression module registered
[    5.661070] NET: Registered protocol family 24
[    5.661709] ehci_hcd: USB 2.0 'Enhanced' Host Controller (EHCI) Driver
[    5.662132] ehci-pci: EHCI PCI platform driver
[    5.663072] ohci_hcd: USB 1.1 'Open' Host Controller (OHCI) Driver
[    5.663473] ohci-pci: OHCI PCI platform driver
[    5.664383] uhci_hcd: USB Universal Host Controller Interface driver
[    5.665869] uhci_hcd 0000:00:0a.2: UHCI Host Controller
[    5.666528] uhci_hcd 0000:00:0a.2: new USB bus registered, assigned bus number 1
[    5.667406] uhci_hcd 0000:00:0a.2: irq 11, io base 0x00001440
[    5.676724] hub 1-0:1.0: USB hub found
[    5.677375] hub 1-0:1.0: 2 ports detected
[    5.685111] usbcore: registered new interface driver usb-storage
[    5.688732] mousedev: PS/2 mouse device common for all mice
[    5.694311] rtc_cmos rtc_cmos: rtc core: registered rtc_cmos as rtc0
[    5.694942] rtc_cmos rtc_cmos: alarms up to one day, 242 bytes nvram
[    5.696165] i2c /dev entries driver
[    5.697322] piix4_smbus 0000:00:0a.3: SMBus Host Controller at 0x1100, revision 0
[    5.701265] sdhci: Secure Digital Host Controller Interface driver
[    5.701591] sdhci: Copyright(c) Pierre Ossman
[    5.703532] hidraw: raw HID events driver (C) Jiri Kosina
[    5.719239] usbcore: registered new interface driver usbhid
[    5.719547] usbhid: USB HID core driver
[    5.720450] Netfilter messages via NETLINK v0.30.
[    5.721697] nf_conntrack version 0.5.0 (3923 buckets, 15692 max)
[    5.724390] ctnetlink v0.93: registering with nfnetlink.
[    5.729255] ipip: IPv4 over IPv4 tunneling driver
[    5.739633] ip_tables: (C) 2000-2006 Netfilter Core Team
[    5.742076] arp_tables: (C) 2002 David S. Miller
[    5.743634] Initializing XFRM netlink socket
[    5.744726] NET: Registered protocol family 10
[    5.761251] ip6_tables: (C) 2000-2006 Netfilter Core Team
[    5.764358] sit: IPv6 over IPv4 tunneling driver
[    5.779188] NET: Registered protocol family 17
[    5.779976] bridge: automatic filtering via arp/ip/ip6tables has been deprecated. Update your scripts to load br_netfilter if you need this.
[    5.781028] Bridge firewalling registered
[    5.781382] Ebtables v2.0 registered
[    5.785762] 8021q: 802.1Q VLAN Support v1.8
[    5.804003] rtc_cmos rtc_cmos: setting system clock to 2025-07-23 21:54:56 UTC (1753307696)
[    5.824211] EXT2-fs (sda1): warning: mounting unchecked fs, running e2fsck is recommended
[    5.826304] VFS: Mounted root (ext2 filesystem) on device 8:1.
[    5.834283] Freeing YAMON memory: 956k freed
[    5.843934] Freeing unused kernel memory: 260K (8081f000 - 80860000)
[    5.871183] firmadyne: sys_reboot[PID: 1 (init)]: magic1:fee1dead, magic2:28121969, cmd:0
init started: BusyBox v1.14.1 (2024-07-07 02:43:58 CEST)
starting pid 49, tty '': '/etc/init.d/rcS'
[    5.944061] firmadyne: do_execve: /firmadyne/console
[    5.944575] OFFSETS: offset of pid: 0x198 offset of comm: 0x278
[/etc/init.d/S03config.sh]
[    6.028829] spurious 8259A interrupt: IRQ7.
Mounting proc and var ...
[    7.441057] cfg80211: Calling CRDA to update world regulatory domain
SymbLink /dev/mtdblock/0
SymbLink /dev/mtdblock/1
SymbLink /dev/mtdblock/10
SymbLink /dev/mtdblock/2
SymbLink /dev/mtdblock/3
SymbLink /dev/mtdblock/4
SymbLink /dev/mtdblock/5
SymbLink /dev/mtdblock/6
SymbLink /dev/mtdblock/7
SymbLink /dev/mtdblock/8
SymbLink /dev/mtdblock/9
Inserting kernel modules ...
Inserting Rebootm ...
Inserting atheros ethernet ...
Inserting gpio ...
done.
Start xmldb ...
[   10.584986] cfg80211: Calling CRDA to update world regulatory domain
[   10.611110] firmadyne: sys_socket[PID: 147 (xmldb)]: family:1, type:2, protocol:0
[/etc/scripts/misc/profile.sh] get ...
DEVCONF: unable to read config data (ret=-3) !
CAN NOT get devive config, generate default!
[/etc/scripts/misc/profile.sh] reset ...
[   11.975361] firmadyne: sys_socket[PID: 160 (rgdb)]: family:1, type:2, protocol:0
[/etc/scripts/misc/defnodes.sh] ...
[   12.157173] random: nonblocking pool is initialized
[/etc/defnodes/S10setext.sh] ...
[   12.271513] firmadyne: sys_socket[PID: 166 (xmldbc)]: family:1, type:2, protocol:0
[   12.314563] firmadyne: sys_socket[PID: 167 (xmldbc)]: family:1, type:2, protocol:0
[   12.357256] firmadyne: sys_socket[PID: 168 (xmldbc)]: family:1, type:2, protocol:0
[   12.399493] firmadyne: sys_socket[PID: 169 (xmldbc)]: family:1, type:2, protocol:0
[   12.443178] firmadyne: sys_socket[PID: 170 (xmldbc)]: family:1, type:2, protocol:0
[   12.486063] firmadyne: sys_socket[PID: 171 (xmldbc)]: family:1, type:2, protocol:0
[   12.529120] firmadyne: sys_socket[PID: 172 (xmldbc)]: family:1, type:2, protocol:0
[   12.570455] firmadyne: sys_socket[PID: 173 (xmldbc)]: family:1, type:2, protocol:0
[   12.610974] firmadyne: sys_socket[PID: 174 (xmldbc)]: family:1, type:2, protocol:0
[   12.650708] firmadyne: sys_socket[PID: 175 (xmldbc)]: family:1, type:2, protocol:0
[   12.690610] firmadyne: sys_socket[PID: 176 (xmldbc)]: family:1, type:2, protocol:0
[   12.727398] firmadyne: sys_socket[PID: 177 (xmldbc)]: family:1, type:2, protocol:0
[   12.767835] firmadyne: sys_socket[PID: 178 (xmldbc)]: family:1, type:2, protocol:0
[   12.809432] firmadyne: sys_socket[PID: 179 (xmldbc)]: family:1, type:2, protocol:0
[   12.851121] firmadyne: sys_socket[PID: 180 (xmldbc)]: family:1, type:2, protocol:0
[   12.892659] firmadyne: sys_socket[PID: 181 (xmldbc)]: family:1, type:2, protocol:0
[   12.933849] firmadyne: sys_socket[PID: 182 (xmldbc)]: family:1, type:2, protocol:0
[   12.974860] firmadyne: sys_socket[PID: 183 (xmldbc)]: family:1, type:2, protocol:0
[   13.017384] firmadyne: sys_socket[PID: 184 (xmldbc)]: family:1, type:2, protocol:0
[   13.058685] firmadyne: sys_socket[PID: 185 (xmldbc)]: family:1, type:2, protocol:0
[   13.099922] firmadyne: sys_socket[PID: 186 (xmldbc)]: family:1, type:2, protocol:0
[   13.141260] firmadyne: sys_socket[PID: 187 (rgdb)]: family:1, type:2, protocol:0
[   13.182353] firmadyne: sys_socket[PID: 188 (rgdb)]: family:1, type:2, protocol:0
[   13.224745] firmadyne: sys_socket[PID: 189 (rgdb)]: family:1, type:2, protocol:0
[   13.265904] firmadyne: sys_socket[PID: 190 (rgdb)]: family:1, type:2, protocol:0
[   13.306948] firmadyne: sys_socket[PID: 191 (rgdb)]: family:1, type:2, protocol:0
[   13.348135] firmadyne: sys_socket[PID: 192 (rgdb)]: family:1, type:2, protocol:0
[   13.389540] firmadyne: sys_socket[PID: 193 (rgdb)]: family:1, type:2, protocol:0
[   13.431197] firmadyne: sys_socket[PID: 194 (rgdb)]: family:1, type:2, protocol:0
[   13.472113] firmadyne: sys_socket[PID: 195 (rgdb)]: family:1, type:2, protocol:0
[   13.513333] firmadyne: sys_socket[PID: 196 (rgdb)]: family:1, type:2, protocol:0
[   13.553772] firmadyne: sys_socket[PID: 197 (rgdb)]: family:1, type:2, protocol:0
[   13.594073] firmadyne: sys_socket[PID: 198 (rgdb)]: family:1, type:2, protocol:0
[   13.638748] firmadyne: sys_socket[PID: 199 (rgdb)]: family:1, type:2, protocol:0
[   13.679979] firmadyne: sys_socket[PID: 200 (rgdb)]: family:1, type:2, protocol:0
[   13.729091] cfg80211: Calling CRDA to update world regulatory domain
[   13.781352] firmadyne: sys_socket[PID: 203 (xmldbc)]: family:1, type:2, protocol:0
[   13.823767] firmadyne: sys_socket[PID: 204 (xmldbc)]: family:1, type:2, protocol:0
[   13.865585] firmadyne: sys_socket[PID: 205 (xmldbc)]: family:1, type:2, protocol:0
[   13.907452] firmadyne: sys_socket[PID: 206 (xmldbc)]: family:1, type:2, protocol:0
[   13.949371] firmadyne: sys_socket[PID: 207 (xmldbc)]: family:1, type:2, protocol:0
[   13.991037] firmadyne: sys_socket[PID: 208 (xmldbc)]: family:1, type:2, protocol:0
[   14.033824] firmadyne: sys_socket[PID: 209 (xmldbc)]: family:1, type:2, protocol:0
[   14.076115] firmadyne: sys_socket[PID: 210 (xmldbc)]: family:1, type:2, protocol:0
[   14.117549] firmadyne: sys_socket[PID: 211 (xmldbc)]: family:1, type:2, protocol:0
[   14.158896] firmadyne: sys_socket[PID: 212 (xmldbc)]: family:1, type:2, protocol:0
[   14.200296] firmadyne: sys_socket[PID: 213 (xmldbc)]: family:1, type:2, protocol:0
[   14.242962] firmadyne: sys_socket[PID: 214 (xmldbc)]: family:1, type:2, protocol:0
[   14.284644] firmadyne: sys_socket[PID: 215 (xmldbc)]: family:1, type:2, protocol:0
[   14.326476] firmadyne: sys_socket[PID: 216 (xmldbc)]: family:1, type:2, protocol:0
[   14.367526] firmadyne: sys_socket[PID: 217 (xmldbc)]: family:1, type:2, protocol:0
[   14.410054] firmadyne: sys_socket[PID: 218 (xmldbc)]: family:1, type:2, protocol:0
[   14.451624] firmadyne: sys_socket[PID: 219 (xmldbc)]: family:1, type:2, protocol:0
[   14.493020] firmadyne: sys_socket[PID: 220 (xmldbc)]: family:1, type:2, protocol:0
[   14.640558] firmadyne: sys_socket[PID: 225 (xmldbc)]: family:1, type:2, protocol:0
[   14.681677] firmadyne: sys_socket[PID: 226 (xmldbc)]: family:1, type:2, protocol:0
[   14.722163] firmadyne: sys_socket[PID: 227 (xmldbc)]: family:1, type:2, protocol:0
[   14.763044] firmadyne: sys_socket[PID: 228 (xmldbc)]: family:1, type:2, protocol:0
[   14.804391] firmadyne: sys_socket[PID: 229 (xmldbc)]: family:1, type:2, protocol:0
[   14.847544] firmadyne: sys_socket[PID: 230 (xmldbc)]: family:1, type:2, protocol:0
[   14.888545] firmadyne: sys_socket[PID: 231 (xmldbc)]: family:1, type:2, protocol:0
[   14.929443] firmadyne: sys_socket[PID: 232 (xmldbc)]: family:1, type:2, protocol:0
[   14.969967] firmadyne: sys_socket[PID: 233 (xmldbc)]: family:1, type:2, protocol:0
[   15.011971] firmadyne: sys_socket[PID: 234 (xmldbc)]: family:1, type:2, protocol:0
[   15.052957] firmadyne: sys_socket[PID: 235 (xmldbc)]: family:1, type:2, protocol:0
[   15.093616] firmadyne: sys_socket[PID: 236 (xmldbc)]: family:1, type:2, protocol:0
[   15.134287] firmadyne: sys_socket[PID: 237 (xmldbc)]: family:1, type:2, protocol:0
[   15.175375] firmadyne: sys_socket[PID: 238 (xmldbc)]: family:1, type:2, protocol:0
[   15.217307] firmadyne: sys_socket[PID: 239 (xmldbc)]: family:1, type:2, protocol:0
[   15.257915] firmadyne: sys_socket[PID: 240 (xmldbc)]: family:1, type:2, protocol:0
[   15.298746] firmadyne: sys_socket[PID: 241 (xmldbc)]: family:1, type:2, protocol:0
[   15.339650] firmadyne: sys_socket[PID: 242 (xmldbc)]: family:1, type:2, protocol:0
[   15.380255] firmadyne: sys_socket[PID: 243 (xmldbc)]: family:1, type:2, protocol:0
[   15.477285] firmadyne: sys_socket[PID: 247 (xmldbc)]: family:1, type:2, protocol:0
[   15.518307] firmadyne: sys_socket[PID: 248 (xmldbc)]: family:1, type:2, protocol:0
[   15.559373] firmadyne: sys_socket[PID: 249 (xmldbc)]: family:1, type:2, protocol:0
[   15.600275] firmadyne: sys_socket[PID: 250 (xmldbc)]: family:1, type:2, protocol:0
[   15.643514] firmadyne: sys_socket[PID: 251 (xmldbc)]: family:1, type:2, protocol:0
[   15.685931] firmadyne: sys_socket[PID: 252 (xmldbc)]: family:1, type:2, protocol:0
[   15.727065] firmadyne: sys_socket[PID: 253 (xmldbc)]: family:1, type:2, protocol:0
[   15.768395] firmadyne: sys_socket[PID: 254 (xmldbc)]: family:1, type:2, protocol:0
[   15.810536] firmadyne: sys_socket[PID: 255 (xmldbc)]: family:1, type:2, protocol:0
[   15.851438] firmadyne: sys_socket[PID: 256 (xmldbc)]: family:1, type:2, protocol:0
[   15.891992] firmadyne: sys_socket[PID: 257 (xmldbc)]: family:1, type:2, protocol:0
[   15.932672] firmadyne: sys_socket[PID: 258 (xmldbc)]: family:1, type:2, protocol:0
[   15.973645] firmadyne: sys_socket[PID: 259 (xmldbc)]: family:1, type:2, protocol:0
[   16.015302] firmadyne: sys_socket[PID: 260 (xmldbc)]: family:1, type:2, protocol:0
[   16.056428] firmadyne: sys_socket[PID: 261 (xmldbc)]: family:1, type:2, protocol:0
[   16.098157] firmadyne: sys_socket[PID: 262 (xmldbc)]: family:1, type:2, protocol:0
[   16.139532] firmadyne: sys_socket[PID: 263 (xmldbc)]: family:1, type:2, protocol:0
[   16.181120] firmadyne: sys_socket[PID: 264 (xmldbc)]: family:1, type:2, protocol:0
[   16.223068] firmadyne: sys_socket[PID: 265 (xmldbc)]: family:1, type:2, protocol:0
[   16.319760] firmadyne: sys_socket[PID: 269 (xmldbc)]: family:1, type:2, protocol:0
[   16.361051] firmadyne: sys_socket[PID: 270 (xmldbc)]: family:1, type:2, protocol:0
[   16.401775] firmadyne: sys_socket[PID: 271 (xmldbc)]: family:1, type:2, protocol:0
[   16.443268] firmadyne: sys_socket[PID: 272 (xmldbc)]: family:1, type:2, protocol:0
[   16.484102] firmadyne: sys_socket[PID: 273 (xmldbc)]: family:1, type:2, protocol:0
[   16.525493] firmadyne: sys_socket[PID: 274 (xmldbc)]: family:1, type:2, protocol:0
[   16.566600] firmadyne: sys_socket[PID: 275 (xmldbc)]: family:1, type:2, protocol:0
[   16.608668] firmadyne: sys_socket[PID: 276 (xmldbc)]: family:1, type:2, protocol:0
[   16.650333] firmadyne: sys_socket[PID: 277 (xmldbc)]: family:1, type:2, protocol:0
[   16.691531] firmadyne: sys_socket[PID: 278 (xmldbc)]: family:1, type:2, protocol:0
[   16.732944] firmadyne: sys_socket[PID: 279 (xmldbc)]: family:1, type:2, protocol:0
[   16.773633] firmadyne: sys_socket[PID: 280 (xmldbc)]: family:1, type:2, protocol:0
[   16.816114] firmadyne: sys_socket[PID: 281 (xmldbc)]: family:1, type:2, protocol:0
[   16.853993] firmadyne: sys_socket[PID: 282 (xmldbc)]: family:1, type:2, protocol:0
[   16.872986] cfg80211: Calling CRDA to update world regulatory domain
[   16.903730] firmadyne: sys_socket[PID: 283 (xmldbc)]: family:1, type:2, protocol:0
[   16.944672] firmadyne: sys_socket[PID: 285 (xmldbc)]: family:1, type:2, protocol:0
[   16.985967] firmadyne: sys_socket[PID: 286 (xmldbc)]: family:1, type:2, protocol:0
[   17.028219] firmadyne: sys_socket[PID: 287 (xmldbc)]: family:1, type:2, protocol:0
[   17.068563] firmadyne: sys_socket[PID: 288 (xmldbc)]: family:1, type:2, protocol:0
[   17.164658] firmadyne: sys_socket[PID: 292 (xmldbc)]: family:1, type:2, protocol:0
[   17.201604] firmadyne: sys_socket[PID: 293 (xmldbc)]: family:1, type:2, protocol:0
[   17.242829] firmadyne: sys_socket[PID: 294 (xmldbc)]: family:1, type:2, protocol:0
[   17.283671] firmadyne: sys_socket[PID: 295 (xmldbc)]: family:1, type:2, protocol:0
[   17.324458] firmadyne: sys_socket[PID: 296 (xmldbc)]: family:1, type:2, protocol:0
[   17.365810] firmadyne: sys_socket[PID: 297 (xmldbc)]: family:1, type:2, protocol:0
[   17.412597] firmadyne: sys_socket[PID: 298 (xmldbc)]: family:1, type:2, protocol:0
[   17.454349] firmadyne: sys_socket[PID: 299 (xmldbc)]: family:1, type:2, protocol:0
[   17.495410] firmadyne: sys_socket[PID: 300 (xmldbc)]: family:1, type:2, protocol:0
[   17.536398] firmadyne: sys_socket[PID: 301 (xmldbc)]: family:1, type:2, protocol:0
[   17.577475] firmadyne: sys_socket[PID: 302 (xmldbc)]: family:1, type:2, protocol:0
[   17.619439] firmadyne: sys_socket[PID: 303 (xmldbc)]: family:1, type:2, protocol:0
[   17.659927] firmadyne: sys_socket[PID: 304 (xmldbc)]: family:1, type:2, protocol:0
[   17.701627] firmadyne: sys_socket[PID: 305 (xmldbc)]: family:1, type:2, protocol:0
[   17.742864] firmadyne: sys_socket[PID: 306 (xmldbc)]: family:1, type:2, protocol:0
[   17.784239] firmadyne: sys_socket[PID: 307 (xmldbc)]: family:1, type:2, protocol:0
[   17.826497] firmadyne: sys_socket[PID: 308 (xmldbc)]: family:1, type:2, protocol:0
[   17.867382] firmadyne: sys_socket[PID: 309 (xmldbc)]: family:1, type:2, protocol:0
[   17.908266] firmadyne: sys_socket[PID: 310 (xmldbc)]: family:1, type:2, protocol:0
[   18.004621] firmadyne: sys_socket[PID: 314 (xmldbc)]: family:1, type:2, protocol:0
[   18.046400] firmadyne: sys_socket[PID: 315 (xmldbc)]: family:1, type:2, protocol:0
[   18.086981] firmadyne: sys_socket[PID: 316 (xmldbc)]: family:1, type:2, protocol:0
[   18.127736] firmadyne: sys_socket[PID: 317 (xmldbc)]: family:1, type:2, protocol:0
[   18.169090] firmadyne: sys_socket[PID: 318 (xmldbc)]: family:1, type:2, protocol:0
[   18.211306] firmadyne: sys_socket[PID: 319 (xmldbc)]: family:1, type:2, protocol:0
[   18.252024] firmadyne: sys_socket[PID: 320 (xmldbc)]: family:1, type:2, protocol:0
[   18.292741] firmadyne: sys_socket[PID: 321 (xmldbc)]: family:1, type:2, protocol:0
[   18.334791] firmadyne: sys_socket[PID: 322 (xmldbc)]: family:1, type:2, protocol:0
[   18.376397] firmadyne: sys_socket[PID: 323 (xmldbc)]: family:1, type:2, protocol:0
[   18.418630] firmadyne: sys_socket[PID: 324 (xmldbc)]: family:1, type:2, protocol:0
[   18.459408] firmadyne: sys_socket[PID: 325 (xmldbc)]: family:1, type:2, protocol:0
[   18.500424] firmadyne: sys_socket[PID: 326 (xmldbc)]: family:1, type:2, protocol:0
[   18.541699] firmadyne: sys_socket[PID: 327 (xmldbc)]: family:1, type:2, protocol:0
[   18.582863] firmadyne: sys_socket[PID: 328 (xmldbc)]: family:1, type:2, protocol:0
[   18.625094] firmadyne: sys_socket[PID: 329 (xmldbc)]: family:1, type:2, protocol:0
[   18.665479] firmadyne: sys_socket[PID: 330 (xmldbc)]: family:1, type:2, protocol:0
[   18.706558] firmadyne: sys_socket[PID: 331 (xmldbc)]: family:1, type:2, protocol:0
[   18.747524] firmadyne: sys_socket[PID: 332 (xmldbc)]: family:1, type:2, protocol:0
[   18.845888] firmadyne: sys_socket[PID: 336 (xmldbc)]: family:1, type:2, protocol:0
[   18.886677] firmadyne: sys_socket[PID: 337 (xmldbc)]: family:1, type:2, protocol:0
[   18.927678] firmadyne: sys_socket[PID: 338 (xmldbc)]: family:1, type:2, protocol:0
[   18.968521] firmadyne: sys_socket[PID: 339 (xmldbc)]: family:1, type:2, protocol:0
[   19.009753] firmadyne: sys_socket[PID: 340 (xmldbc)]: family:1, type:2, protocol:0
[   19.051179] firmadyne: sys_socket[PID: 341 (xmldbc)]: family:1, type:2, protocol:0
[   19.092678] firmadyne: sys_socket[PID: 342 (xmldbc)]: family:1, type:2, protocol:0
[   19.133936] firmadyne: sys_socket[PID: 343 (xmldbc)]: family:1, type:2, protocol:0
[   19.175054] firmadyne: sys_socket[PID: 344 (xmldbc)]: family:1, type:2, protocol:0
[   19.217497] firmadyne: sys_socket[PID: 345 (xmldbc)]: family:1, type:2, protocol:0
[   19.258459] firmadyne: sys_socket[PID: 346 (xmldbc)]: family:1, type:2, protocol:0
[   19.299824] firmadyne: sys_socket[PID: 347 (xmldbc)]: family:1, type:2, protocol:0
[   19.337740] firmadyne: sys_socket[PID: 348 (xmldbc)]: family:1, type:2, protocol:0
[   19.378351] firmadyne: sys_socket[PID: 349 (xmldbc)]: family:1, type:2, protocol:0
[   19.420901] firmadyne: sys_socket[PID: 350 (xmldbc)]: family:1, type:2, protocol:0
[   19.462193] firmadyne: sys_socket[PID: 351 (xmldbc)]: family:1, type:2, protocol:0
[   19.503334] firmadyne: sys_socket[PID: 352 (xmldbc)]: family:1, type:2, protocol:0
[   19.544425] firmadyne: sys_socket[PID: 353 (xmldbc)]: family:1, type:2, protocol:0
[   19.585434] firmadyne: sys_socket[PID: 354 (xmldbc)]: family:1, type:2, protocol:0
[   19.684624] firmadyne: sys_socket[PID: 358 (xmldbc)]: family:1, type:2, protocol:0
[   19.725939] firmadyne: sys_socket[PID: 359 (xmldbc)]: family:1, type:2, protocol:0
[   19.767403] firmadyne: sys_socket[PID: 360 (xmldbc)]: family:1, type:2, protocol:0
[   19.809755] firmadyne: sys_socket[PID: 361 (xmldbc)]: family:1, type:2, protocol:0
[   19.851521] firmadyne: sys_socket[PID: 362 (xmldbc)]: family:1, type:2, protocol:0
[   19.892668] firmadyne: sys_socket[PID: 363 (xmldbc)]: family:1, type:2, protocol:0
[   19.933684] firmadyne: sys_socket[PID: 364 (xmldbc)]: family:1, type:2, protocol:0
[   19.974714] firmadyne: sys_socket[PID: 365 (xmldbc)]: family:1, type:2, protocol:0
[   20.016308] firmadyne: sys_socket[PID: 366 (xmldbc)]: family:1, type:2, protocol:0
[   20.017415] cfg80211: Calling CRDA to update world regulatory domain
[   20.067434] firmadyne: sys_socket[PID: 368 (xmldbc)]: family:1, type:2, protocol:0
[   20.109208] firmadyne: sys_socket[PID: 369 (xmldbc)]: family:1, type:2, protocol:0
[   20.150407] firmadyne: sys_socket[PID: 370 (xmldbc)]: family:1, type:2, protocol:0
[   20.191521] firmadyne: sys_socket[PID: 371 (xmldbc)]: family:1, type:2, protocol:0
[   20.233685] firmadyne: sys_socket[PID: 372 (xmldbc)]: family:1, type:2, protocol:0
[   20.275016] firmadyne: sys_socket[PID: 373 (xmldbc)]: family:1, type:2, protocol:0
[   20.316910] firmadyne: sys_socket[PID: 374 (xmldbc)]: family:1, type:2, protocol:0
[   20.357939] firmadyne: sys_socket[PID: 375 (xmldbc)]: family:1, type:2, protocol:0
[   20.399188] firmadyne: sys_socket[PID: 376 (xmldbc)]: family:1, type:2, protocol:0
[   20.440970] firmadyne: sys_socket[PID: 377 (xmldbc)]: family:1, type:2, protocol:0
[   20.538025] firmadyne: sys_socket[PID: 381 (xmldbc)]: family:1, type:2, protocol:0
[   20.578555] firmadyne: sys_socket[PID: 382 (xmldbc)]: family:1, type:2, protocol:0
[   20.620162] firmadyne: sys_socket[PID: 383 (xmldbc)]: family:1, type:2, protocol:0
[   20.661113] firmadyne: sys_socket[PID: 384 (xmldbc)]: family:1, type:2, protocol:0
[   20.702171] firmadyne: sys_socket[PID: 385 (xmldbc)]: family:1, type:2, protocol:0
[   20.743017] firmadyne: sys_socket[PID: 386 (xmldbc)]: family:1, type:2, protocol:0
[   20.780402] firmadyne: sys_socket[PID: 387 (xmldbc)]: family:1, type:2, protocol:0
[   20.822138] firmadyne: sys_socket[PID: 388 (xmldbc)]: family:1, type:2, protocol:0
[   20.863890] firmadyne: sys_socket[PID: 389 (xmldbc)]: family:1, type:2, protocol:0
[   20.905346] firmadyne: sys_socket[PID: 390 (xmldbc)]: family:1, type:2, protocol:0
[   20.946129] firmadyne: sys_socket[PID: 391 (xmldbc)]: family:1, type:2, protocol:0
[   20.987202] firmadyne: sys_socket[PID: 392 (xmldbc)]: family:1, type:2, protocol:0
[   21.029373] firmadyne: sys_socket[PID: 393 (xmldbc)]: family:1, type:2, protocol:0
[   21.066590] firmadyne: sys_socket[PID: 394 (xmldbc)]: family:1, type:2, protocol:0
[   21.107373] firmadyne: sys_socket[PID: 395 (xmldbc)]: family:1, type:2, protocol:0
[   21.148250] firmadyne: sys_socket[PID: 396 (xmldbc)]: family:1, type:2, protocol:0
[   21.189010] firmadyne: sys_socket[PID: 397 (xmldbc)]: family:1, type:2, protocol:0
[   21.231122] firmadyne: sys_socket[PID: 398 (xmldbc)]: family:1, type:2, protocol:0
[   21.272369] firmadyne: sys_socket[PID: 399 (xmldbc)]: family:1, type:2, protocol:0
[   21.368205] firmadyne: sys_socket[PID: 403 (xmldbc)]: family:1, type:2, protocol:0
[   21.409733] firmadyne: sys_socket[PID: 404 (xmldbc)]: family:1, type:2, protocol:0
[   21.450402] firmadyne: sys_socket[PID: 405 (xmldbc)]: family:1, type:2, protocol:0
[   21.491446] firmadyne: sys_socket[PID: 406 (xmldbc)]: family:1, type:2, protocol:0
[   21.532024] firmadyne: sys_socket[PID: 407 (xmldbc)]: family:1, type:2, protocol:0
[   21.573533] firmadyne: sys_socket[PID: 408 (xmldbc)]: family:1, type:2, protocol:0
[   21.616058] firmadyne: sys_socket[PID: 409 (xmldbc)]: family:1, type:2, protocol:0
[   21.658431] firmadyne: sys_socket[PID: 410 (xmldbc)]: family:1, type:2, protocol:0
[   21.700239] firmadyne: sys_socket[PID: 411 (xmldbc)]: family:1, type:2, protocol:0
[   21.741299] firmadyne: sys_socket[PID: 412 (xmldbc)]: family:1, type:2, protocol:0
[   21.782761] firmadyne: sys_socket[PID: 413 (xmldbc)]: family:1, type:2, protocol:0
[   21.825962] firmadyne: sys_socket[PID: 414 (xmldbc)]: family:1, type:2, protocol:0
[   21.867482] firmadyne: sys_socket[PID: 415 (xmldbc)]: family:1, type:2, protocol:0
[   21.905034] firmadyne: sys_socket[PID: 416 (xmldbc)]: family:1, type:2, protocol:0
[   21.945807] firmadyne: sys_socket[PID: 417 (xmldbc)]: family:1, type:2, protocol:0
[   21.986689] firmadyne: sys_socket[PID: 418 (xmldbc)]: family:1, type:2, protocol:0
[   22.029544] firmadyne: sys_socket[PID: 419 (xmldbc)]: family:1, type:2, protocol:0
[   22.071209] firmadyne: sys_socket[PID: 420 (xmldbc)]: family:1, type:2, protocol:0
[   22.112494] firmadyne: sys_socket[PID: 421 (xmldbc)]: family:1, type:2, protocol:0
[   22.210322] firmadyne: sys_socket[PID: 425 (xmldbc)]: family:1, type:2, protocol:0
[   22.251649] firmadyne: sys_socket[PID: 426 (xmldbc)]: family:1, type:2, protocol:0
[   22.290759] firmadyne: sys_socket[PID: 427 (xmldbc)]: family:1, type:2, protocol:0
[   22.334669] firmadyne: sys_socket[PID: 428 (xmldbc)]: family:1, type:2, protocol:0
[   22.372661] firmadyne: sys_socket[PID: 429 (xmldbc)]: family:1, type:2, protocol:0
[   22.414797] firmadyne: sys_socket[PID: 430 (xmldbc)]: family:1, type:2, protocol:0
[   22.455911] firmadyne: sys_socket[PID: 431 (xmldbc)]: family:1, type:2, protocol:0
[   22.497451] firmadyne: sys_socket[PID: 432 (xmldbc)]: family:1, type:2, protocol:0
[   22.538687] firmadyne: sys_socket[PID: 433 (xmldbc)]: family:1, type:2, protocol:0
[   22.579495] firmadyne: sys_socket[PID: 434 (xmldbc)]: family:1, type:2, protocol:0
[   22.621662] firmadyne: sys_socket[PID: 435 (xmldbc)]: family:1, type:2, protocol:0
[   22.662802] firmadyne: sys_socket[PID: 436 (xmldbc)]: family:1, type:2, protocol:0
[   22.703599] firmadyne: sys_socket[PID: 437 (xmldbc)]: family:1, type:2, protocol:0
[   22.744206] firmadyne: sys_socket[PID: 438 (xmldbc)]: family:1, type:2, protocol:0
[   22.785578] firmadyne: sys_socket[PID: 439 (xmldbc)]: family:1, type:2, protocol:0
[   22.827688] firmadyne: sys_socket[PID: 440 (xmldbc)]: family:1, type:2, protocol:0
[   22.869503] firmadyne: sys_socket[PID: 441 (xmldbc)]: family:1, type:2, protocol:0
[   22.910975] firmadyne: sys_socket[PID: 442 (xmldbc)]: family:1, type:2, protocol:0
[   22.951774] firmadyne: sys_socket[PID: 443 (xmldbc)]: family:1, type:2, protocol:0
[   23.049108] firmadyne: sys_socket[PID: 447 (xmldbc)]: family:1, type:2, protocol:0
[   23.089683] firmadyne: sys_socket[PID: 448 (xmldbc)]: family:1, type:2, protocol:0
[   23.130265] firmadyne: sys_socket[PID: 449 (xmldbc)]: family:1, type:2, protocol:0
[   23.160944] cfg80211: Calling CRDA to update world regulatory domain
[   23.181586] firmadyne: sys_socket[PID: 450 (xmldbc)]: family:1, type:2, protocol:0
[   23.223786] firmadyne: sys_socket[PID: 452 (xmldbc)]: family:1, type:2, protocol:0
[   23.264836] firmadyne: sys_socket[PID: 453 (xmldbc)]: family:1, type:2, protocol:0
[   23.305452] firmadyne: sys_socket[PID: 454 (xmldbc)]: family:1, type:2, protocol:0
[   23.346640] firmadyne: sys_socket[PID: 455 (xmldbc)]: family:1, type:2, protocol:0
[   23.387793] firmadyne: sys_socket[PID: 456 (xmldbc)]: family:1, type:2, protocol:0
[   23.430086] firmadyne: sys_socket[PID: 457 (xmldbc)]: family:1, type:2, protocol:0
[   23.471480] firmadyne: sys_socket[PID: 458 (xmldbc)]: family:1, type:2, protocol:0
[   23.512907] firmadyne: sys_socket[PID: 459 (xmldbc)]: family:1, type:2, protocol:0
[   23.550460] firmadyne: sys_socket[PID: 460 (xmldbc)]: family:1, type:2, protocol:0
[   23.591541] firmadyne: sys_socket[PID: 461 (xmldbc)]: family:1, type:2, protocol:0
[   23.633797] firmadyne: sys_socket[PID: 462 (xmldbc)]: family:1, type:2, protocol:0
[   23.674777] firmadyne: sys_socket[PID: 463 (xmldbc)]: family:1, type:2, protocol:0
[   23.715895] firmadyne: sys_socket[PID: 464 (xmldbc)]: family:1, type:2, protocol:0
[   23.757363] firmadyne: sys_socket[PID: 465 (xmldbc)]: family:1, type:2, protocol:0
[   23.797942] firmadyne: sys_socket[PID: 466 (xmldbc)]: family:1, type:2, protocol:0
[   23.895468] firmadyne: sys_socket[PID: 470 (xmldbc)]: family:1, type:2, protocol:0
[   23.936500] firmadyne: sys_socket[PID: 471 (xmldbc)]: family:1, type:2, protocol:0
[   23.977651] firmadyne: sys_socket[PID: 472 (xmldbc)]: family:1, type:2, protocol:0
[   24.015987] firmadyne: sys_socket[PID: 473 (xmldbc)]: family:1, type:2, protocol:0
[   24.057055] firmadyne: sys_socket[PID: 474 (xmldbc)]: family:1, type:2, protocol:0
[   24.099001] firmadyne: sys_socket[PID: 475 (xmldbc)]: family:1, type:2, protocol:0
[   24.140398] firmadyne: sys_socket[PID: 476 (xmldbc)]: family:1, type:2, protocol:0
[   24.181992] firmadyne: sys_socket[PID: 477 (xmldbc)]: family:1, type:2, protocol:0
[   24.224238] firmadyne: sys_socket[PID: 478 (xmldbc)]: family:1, type:2, protocol:0
[   24.265842] firmadyne: sys_socket[PID: 479 (xmldbc)]: family:1, type:2, protocol:0
[   24.307538] firmadyne: sys_socket[PID: 480 (xmldbc)]: family:1, type:2, protocol:0
[   24.345569] firmadyne: sys_socket[PID: 481 (xmldbc)]: family:1, type:2, protocol:0
[   24.386369] firmadyne: sys_socket[PID: 482 (xmldbc)]: family:1, type:2, protocol:0
[   24.428476] firmadyne: sys_socket[PID: 483 (xmldbc)]: family:1, type:2, protocol:0
[   24.469751] firmadyne: sys_socket[PID: 484 (xmldbc)]: family:1, type:2, protocol:0
[   24.511513] firmadyne: sys_socket[PID: 485 (xmldbc)]: family:1, type:2, protocol:0
[   24.553284] firmadyne: sys_socket[PID: 486 (xmldbc)]: family:1, type:2, protocol:0
[   24.591556] firmadyne: sys_socket[PID: 487 (xmldbc)]: family:1, type:2, protocol:0
[   24.633559] firmadyne: sys_socket[PID: 488 (xmldbc)]: family:1, type:2, protocol:0
[   24.730430] firmadyne: sys_socket[PID: 492 (xmldbc)]: family:1, type:2, protocol:0
[   24.771862] firmadyne: sys_socket[PID: 493 (xmldbc)]: family:1, type:2, protocol:0
[   24.813951] firmadyne: sys_socket[PID: 494 (xmldbc)]: family:1, type:2, protocol:0
[   24.855915] firmadyne: sys_socket[PID: 495 (xmldbc)]: family:1, type:2, protocol:0
[   24.896739] firmadyne: sys_socket[PID: 496 (xmldbc)]: family:1, type:2, protocol:0
[   24.938064] firmadyne: sys_socket[PID: 497 (xmldbc)]: family:1, type:2, protocol:0
[   24.979196] firmadyne: sys_socket[PID: 498 (xmldbc)]: family:1, type:2, protocol:0
[   25.017587] firmadyne: sys_socket[PID: 499 (xmldbc)]: family:1, type:2, protocol:0
[   25.058324] firmadyne: sys_socket[PID: 500 (xmldbc)]: family:1, type:2, protocol:0
[   25.109315] firmadyne: sys_socket[PID: 501 (xmldbc)]: family:1, type:2, protocol:0
[   25.151392] firmadyne: sys_socket[PID: 502 (xmldbc)]: family:1, type:2, protocol:0
[   25.190265] firmadyne: sys_socket[PID: 503 (xmldbc)]: family:1, type:2, protocol:0
[   25.228431] firmadyne: sys_socket[PID: 504 (xmldbc)]: family:1, type:2, protocol:0
[   25.270005] firmadyne: sys_socket[PID: 505 (xmldbc)]: family:1, type:2, protocol:0
[   25.311322] firmadyne: sys_socket[PID: 506 (xmldbc)]: family:1, type:2, protocol:0
[   25.352648] firmadyne: sys_socket[PID: 507 (xmldbc)]: family:1, type:2, protocol:0
[   25.390079] firmadyne: sys_socket[PID: 508 (xmldbc)]: family:1, type:2, protocol:0
[   25.432363] firmadyne: sys_socket[PID: 509 (xmldbc)]: family:1, type:2, protocol:0
[   25.474102] firmadyne: sys_socket[PID: 510 (xmldbc)]: family:1, type:2, protocol:0
[   25.571386] firmadyne: sys_socket[PID: 514 (xmldbc)]: family:1, type:2, protocol:0
[   25.613469] firmadyne: sys_socket[PID: 515 (xmldbc)]: family:1, type:2, protocol:0
[   25.655154] firmadyne: sys_socket[PID: 516 (xmldbc)]: family:1, type:2, protocol:0
[   25.697112] firmadyne: sys_socket[PID: 517 (xmldbc)]: family:1, type:2, protocol:0
[   25.738273] firmadyne: sys_socket[PID: 518 (xmldbc)]: family:1, type:2, protocol:0
[   25.780689] firmadyne: sys_socket[PID: 519 (xmldbc)]: family:1, type:2, protocol:0
[   25.823070] firmadyne: sys_socket[PID: 520 (xmldbc)]: family:1, type:2, protocol:0
[   25.864573] firmadyne: sys_socket[PID: 521 (xmldbc)]: family:1, type:2, protocol:0
[   25.905848] firmadyne: sys_socket[PID: 522 (xmldbc)]: family:1, type:2, protocol:0
[   25.947215] firmadyne: sys_socket[PID: 523 (xmldbc)]: family:1, type:2, protocol:0
[   25.988365] firmadyne: sys_socket[PID: 524 (xmldbc)]: family:1, type:2, protocol:0
[   26.031263] firmadyne: sys_socket[PID: 525 (xmldbc)]: family:1, type:2, protocol:0
[   26.072437] firmadyne: sys_socket[PID: 526 (xmldbc)]: family:1, type:2, protocol:0
[   26.113882] firmadyne: sys_socket[PID: 527 (xmldbc)]: family:1, type:2, protocol:0
[   26.155004] firmadyne: sys_socket[PID: 528 (xmldbc)]: family:1, type:2, protocol:0
[   26.196001] firmadyne: sys_socket[PID: 529 (xmldbc)]: family:1, type:2, protocol:0
[   26.237974] firmadyne: sys_socket[PID: 530 (xmldbc)]: family:1, type:2, protocol:0
[   26.280207] firmadyne: sys_socket[PID: 531 (xmldbc)]: family:1, type:2, protocol:0
[   26.304991] cfg80211: Calling CRDA to update world regulatory domain
[   26.331246] firmadyne: sys_socket[PID: 532 (xmldbc)]: family:1, type:2, protocol:0
[   26.429806] firmadyne: sys_socket[PID: 537 (xmldbc)]: family:1, type:2, protocol:0
[   26.466979] firmadyne: sys_socket[PID: 538 (xmldbc)]: family:1, type:2, protocol:0
[   26.507666] firmadyne: sys_socket[PID: 539 (xmldbc)]: family:1, type:2, protocol:0
[   26.549162] firmadyne: sys_socket[PID: 540 (xmldbc)]: family:1, type:2, protocol:0
[   26.590014] firmadyne: sys_socket[PID: 541 (xmldbc)]: family:1, type:2, protocol:0
[   26.633132] firmadyne: sys_socket[PID: 542 (xmldbc)]: family:1, type:2, protocol:0
[   26.670860] firmadyne: sys_socket[PID: 543 (xmldbc)]: family:1, type:2, protocol:0
[   26.712286] firmadyne: sys_socket[PID: 544 (xmldbc)]: family:1, type:2, protocol:0
[   26.754141] firmadyne: sys_socket[PID: 545 (xmldbc)]: family:1, type:2, protocol:0
[   26.795570] firmadyne: sys_socket[PID: 546 (xmldbc)]: family:1, type:2, protocol:0
[   26.838958] firmadyne: sys_socket[PID: 547 (xmldbc)]: family:1, type:2, protocol:0
[   26.880566] firmadyne: sys_socket[PID: 548 (xmldbc)]: family:1, type:2, protocol:0
[   26.922521] firmadyne: sys_socket[PID: 549 (xmldbc)]: family:1, type:2, protocol:0
[   26.963832] firmadyne: sys_socket[PID: 550 (xmldbc)]: family:1, type:2, protocol:0
[   27.006272] firmadyne: sys_socket[PID: 551 (xmldbc)]: family:1, type:2, protocol:0
[   27.047783] firmadyne: sys_socket[PID: 552 (xmldbc)]: family:1, type:2, protocol:0
[   27.088621] firmadyne: sys_socket[PID: 553 (xmldbc)]: family:1, type:2, protocol:0
[   27.130175] firmadyne: sys_socket[PID: 554 (xmldbc)]: family:1, type:2, protocol:0
[   27.171575] firmadyne: sys_socket[PID: 555 (xmldbc)]: family:1, type:2, protocol:0
[   27.270396] firmadyne: sys_socket[PID: 559 (xmldbc)]: family:1, type:2, protocol:0
[   27.311994] firmadyne: sys_socket[PID: 560 (xmldbc)]: family:1, type:2, protocol:0
[   27.353093] firmadyne: sys_socket[PID: 561 (xmldbc)]: family:1, type:2, protocol:0
[   27.394061] firmadyne: sys_socket[PID: 562 (xmldbc)]: family:1, type:2, protocol:0
[   27.436078] firmadyne: sys_socket[PID: 563 (xmldbc)]: family:1, type:2, protocol:0
[   27.473937] firmadyne: sys_socket[PID: 564 (xmldbc)]: family:1, type:2, protocol:0
[   27.514502] firmadyne: sys_socket[PID: 565 (xmldbc)]: family:1, type:2, protocol:0
[   27.555205] firmadyne: sys_socket[PID: 566 (xmldbc)]: family:1, type:2, protocol:0
[   27.596105] firmadyne: sys_socket[PID: 567 (xmldbc)]: family:1, type:2, protocol:0
[   27.638877] firmadyne: sys_socket[PID: 568 (xmldbc)]: family:1, type:2, protocol:0
[   27.680120] firmadyne: sys_socket[PID: 569 (xmldbc)]: family:1, type:2, protocol:0
[   27.721160] firmadyne: sys_socket[PID: 570 (xmldbc)]: family:1, type:2, protocol:0
[   27.762032] firmadyne: sys_socket[PID: 571 (xmldbc)]: family:1, type:2, protocol:0
[   27.803189] firmadyne: sys_socket[PID: 572 (xmldbc)]: family:1, type:2, protocol:0
[   27.845577] firmadyne: sys_socket[PID: 573 (xmldbc)]: family:1, type:2, protocol:0
[   27.886549] firmadyne: sys_socket[PID: 574 (xmldbc)]: family:1, type:2, protocol:0
[   27.927609] firmadyne: sys_socket[PID: 575 (xmldbc)]: family:1, type:2, protocol:0
[   27.969235] firmadyne: sys_socket[PID: 576 (xmldbc)]: family:1, type:2, protocol:0
[   28.010657] firmadyne: sys_socket[PID: 577 (xmldbc)]: family:1, type:2, protocol:0
[   28.106901] firmadyne: sys_socket[PID: 581 (xmldbc)]: family:1, type:2, protocol:0
[   28.143945] firmadyne: sys_socket[PID: 582 (xmldbc)]: family:1, type:2, protocol:0
[   28.184637] firmadyne: sys_socket[PID: 583 (xmldbc)]: family:1, type:2, protocol:0
[   28.227155] firmadyne: sys_socket[PID: 584 (xmldbc)]: family:1, type:2, protocol:0
[   28.268081] firmadyne: sys_socket[PID: 585 (xmldbc)]: family:1, type:2, protocol:0
[   28.306152] firmadyne: sys_socket[PID: 586 (xmldbc)]: family:1, type:2, protocol:0
[   28.347135] firmadyne: sys_socket[PID: 587 (xmldbc)]: family:1, type:2, protocol:0
[   28.388378] firmadyne: sys_socket[PID: 588 (xmldbc)]: family:1, type:2, protocol:0
[   28.430816] firmadyne: sys_socket[PID: 589 (xmldbc)]: family:1, type:2, protocol:0
[   28.471983] firmadyne: sys_socket[PID: 590 (xmldbc)]: family:1, type:2, protocol:0
[   28.513370] firmadyne: sys_socket[PID: 591 (xmldbc)]: family:1, type:2, protocol:0
[   28.550853] firmadyne: sys_socket[PID: 592 (xmldbc)]: family:1, type:2, protocol:0
[   28.591618] firmadyne: sys_socket[PID: 593 (xmldbc)]: family:1, type:2, protocol:0
[   28.633838] firmadyne: sys_socket[PID: 594 (xmldbc)]: family:1, type:2, protocol:0
[   28.674670] firmadyne: sys_socket[PID: 595 (xmldbc)]: family:1, type:2, protocol:0
[   28.715834] firmadyne: sys_socket[PID: 596 (xmldbc)]: family:1, type:2, protocol:0
[   28.757577] firmadyne: sys_socket[PID: 597 (xmldbc)]: family:1, type:2, protocol:0
[   28.800210] firmadyne: sys_socket[PID: 598 (xmldbc)]: family:1, type:2, protocol:0
[   28.844920] firmadyne: sys_socket[PID: 599 (xmldbc)]: family:1, type:2, protocol:0
[   28.942176] firmadyne: sys_socket[PID: 603 (xmldbc)]: family:1, type:2, protocol:0
[   28.983330] firmadyne: sys_socket[PID: 604 (xmldbc)]: family:1, type:2, protocol:0
[   29.026398] firmadyne: sys_socket[PID: 605 (xmldbc)]: family:1, type:2, protocol:0
[   29.067538] firmadyne: sys_socket[PID: 606 (xmldbc)]: family:1, type:2, protocol:0
[   29.108605] firmadyne: sys_socket[PID: 607 (xmldbc)]: family:1, type:2, protocol:0
[   29.150293] firmadyne: sys_socket[PID: 608 (xmldbc)]: family:1, type:2, protocol:0
[   29.192281] firmadyne: sys_socket[PID: 609 (xmldbc)]: family:1, type:2, protocol:0
[   29.234917] firmadyne: sys_socket[PID: 610 (xmldbc)]: family:1, type:2, protocol:0
[   29.276316] firmadyne: sys_socket[PID: 611 (xmldbc)]: family:1, type:2, protocol:0
[   29.318026] firmadyne: sys_socket[PID: 612 (xmldbc)]: family:1, type:2, protocol:0
[   29.359607] firmadyne: sys_socket[PID: 613 (xmldbc)]: family:1, type:2, protocol:0
[   29.400437] firmadyne: sys_socket[PID: 614 (xmldbc)]: family:1, type:2, protocol:0
[   29.439426] firmadyne: sys_socket[PID: 615 (xmldbc)]: family:1, type:2, protocol:0
[   29.449235] cfg80211: Calling CRDA to update world regulatory domain
[   29.489933] firmadyne: sys_socket[PID: 617 (xmldbc)]: family:1, type:2, protocol:0
[   29.530926] firmadyne: sys_socket[PID: 618 (xmldbc)]: family:1, type:2, protocol:0
[   29.572182] firmadyne: sys_socket[PID: 619 (xmldbc)]: family:1, type:2, protocol:0
[   29.614977] firmadyne: sys_socket[PID: 620 (xmldbc)]: family:1, type:2, protocol:0
[   29.657190] firmadyne: sys_socket[PID: 621 (xmldbc)]: family:1, type:2, protocol:0
[   29.699134] firmadyne: sys_socket[PID: 622 (xmldbc)]: family:1, type:2, protocol:0
[   29.797046] firmadyne: sys_socket[PID: 626 (xmldbc)]: family:1, type:2, protocol:0
[   29.839314] firmadyne: sys_socket[PID: 627 (xmldbc)]: family:1, type:2, protocol:0
[   29.880504] firmadyne: sys_socket[PID: 628 (xmldbc)]: family:1, type:2, protocol:0
[   29.922505] firmadyne: sys_socket[PID: 629 (xmldbc)]: family:1, type:2, protocol:0
[   29.963825] firmadyne: sys_socket[PID: 630 (xmldbc)]: family:1, type:2, protocol:0
[   30.006177] firmadyne: sys_socket[PID: 631 (xmldbc)]: family:1, type:2, protocol:0
[   30.047606] firmadyne: sys_socket[PID: 632 (xmldbc)]: family:1, type:2, protocol:0
[   30.089139] firmadyne: sys_socket[PID: 633 (xmldbc)]: family:1, type:2, protocol:0
[   30.130575] firmadyne: sys_socket[PID: 634 (xmldbc)]: family:1, type:2, protocol:0
[   30.172061] firmadyne: sys_socket[PID: 635 (xmldbc)]: family:1, type:2, protocol:0
[   30.214811] firmadyne: sys_socket[PID: 636 (xmldbc)]: family:1, type:2, protocol:0
[   30.256222] firmadyne: sys_socket[PID: 637 (xmldbc)]: family:1, type:2, protocol:0
[   30.297997] firmadyne: sys_socket[PID: 638 (xmldbc)]: family:1, type:2, protocol:0
[   30.339632] firmadyne: sys_socket[PID: 639 (xmldbc)]: family:1, type:2, protocol:0
[   30.377549] firmadyne: sys_socket[PID: 640 (xmldbc)]: family:1, type:2, protocol:0
[   30.419428] firmadyne: sys_socket[PID: 641 (xmldbc)]: family:1, type:2, protocol:0
[   30.461151] firmadyne: sys_socket[PID: 642 (xmldbc)]: family:1, type:2, protocol:0
[   30.502849] firmadyne: sys_socket[PID: 643 (xmldbc)]: family:1, type:2, protocol:0
[   30.544209] firmadyne: sys_socket[PID: 644 (xmldbc)]: family:1, type:2, protocol:0
[   30.642583] firmadyne: sys_socket[PID: 648 (xmldbc)]: family:1, type:2, protocol:0
[   30.684280] firmadyne: sys_socket[PID: 649 (xmldbc)]: family:1, type:2, protocol:0
[   30.725417] firmadyne: sys_socket[PID: 650 (xmldbc)]: family:1, type:2, protocol:0
[   30.766722] firmadyne: sys_socket[PID: 651 (xmldbc)]: family:1, type:2, protocol:0
[   30.808867] firmadyne: sys_socket[PID: 652 (xmldbc)]: family:1, type:2, protocol:0
[   30.850918] firmadyne: sys_socket[PID: 653 (xmldbc)]: family:1, type:2, protocol:0
[   30.891962] firmadyne: sys_socket[PID: 654 (xmldbc)]: family:1, type:2, protocol:0
[   30.933067] firmadyne: sys_socket[PID: 655 (xmldbc)]: family:1, type:2, protocol:0
[   30.974390] firmadyne: sys_socket[PID: 656 (xmldbc)]: family:1, type:2, protocol:0
[   31.016479] firmadyne: sys_socket[PID: 657 (xmldbc)]: family:1, type:2, protocol:0
[   31.054447] firmadyne: sys_socket[PID: 658 (xmldbc)]: family:1, type:2, protocol:0
[   31.095471] firmadyne: sys_socket[PID: 659 (xmldbc)]: family:1, type:2, protocol:0
[   31.137008] firmadyne: sys_socket[PID: 660 (xmldbc)]: family:1, type:2, protocol:0
[   31.178884] firmadyne: sys_socket[PID: 661 (xmldbc)]: family:1, type:2, protocol:0
[   31.221305] firmadyne: sys_socket[PID: 662 (xmldbc)]: family:1, type:2, protocol:0
[   31.262618] firmadyne: sys_socket[PID: 663 (xmldbc)]: family:1, type:2, protocol:0
[   31.303842] firmadyne: sys_socket[PID: 664 (xmldbc)]: family:1, type:2, protocol:0
[   31.345334] firmadyne: sys_socket[PID: 665 (xmldbc)]: family:1, type:2, protocol:0
[   31.386936] firmadyne: sys_socket[PID: 666 (xmldbc)]: family:1, type:2, protocol:0
[   31.484643] firmadyne: sys_socket[PID: 670 (xmldbc)]: family:1, type:2, protocol:0
[   31.525699] firmadyne: sys_socket[PID: 671 (xmldbc)]: family:1, type:2, protocol:0
[   31.566614] firmadyne: sys_socket[PID: 672 (xmldbc)]: family:1, type:2, protocol:0
[   31.609049] firmadyne: sys_socket[PID: 673 (xmldbc)]: family:1, type:2, protocol:0
[   31.651335] firmadyne: sys_socket[PID: 674 (xmldbc)]: family:1, type:2, protocol:0
[   31.693327] firmadyne: sys_socket[PID: 675 (xmldbc)]: family:1, type:2, protocol:0
[   31.734826] firmadyne: sys_socket[PID: 676 (xmldbc)]: family:1, type:2, protocol:0
[   31.778099] firmadyne: sys_socket[PID: 677 (xmldbc)]: family:1, type:2, protocol:0
[   31.823220] firmadyne: sys_socket[PID: 678 (xmldbc)]: family:1, type:2, protocol:0
[   31.865626] firmadyne: sys_socket[PID: 679 (xmldbc)]: family:1, type:2, protocol:0
[   31.908236] firmadyne: sys_socket[PID: 680 (xmldbc)]: family:1, type:2, protocol:0
[   31.950615] firmadyne: sys_socket[PID: 681 (xmldbc)]: family:1, type:2, protocol:0
[   31.992413] firmadyne: sys_socket[PID: 682 (xmldbc)]: family:1, type:2, protocol:0
[   32.031311] firmadyne: sys_socket[PID: 683 (xmldbc)]: family:1, type:2, protocol:0
[   32.073026] firmadyne: sys_socket[PID: 684 (xmldbc)]: family:1, type:2, protocol:0
[   32.110792] firmadyne: sys_socket[PID: 685 (xmldbc)]: family:1, type:2, protocol:0
[   32.152316] firmadyne: sys_socket[PID: 686 (xmldbc)]: family:1, type:2, protocol:0
[   32.194233] firmadyne: sys_socket[PID: 687 (xmldbc)]: family:1, type:2, protocol:0
[   32.237171] firmadyne: sys_socket[PID: 688 (xmldbc)]: family:1, type:2, protocol:0
[   32.334540] firmadyne: sys_socket[PID: 692 (xmldbc)]: family:1, type:2, protocol:0
[   32.376073] firmadyne: sys_socket[PID: 693 (xmldbc)]: family:1, type:2, protocol:0
[   32.419197] firmadyne: sys_socket[PID: 694 (xmldbc)]: family:1, type:2, protocol:0
[   32.456983] firmadyne: sys_socket[PID: 695 (xmldbc)]: family:1, type:2, protocol:0
[   32.497787] firmadyne: sys_socket[PID: 696 (xmldbc)]: family:1, type:2, protocol:0
[   32.540124] firmadyne: sys_socket[PID: 697 (xmldbc)]: family:1, type:2, protocol:0
[   32.581370] firmadyne: sys_socket[PID: 698 (xmldbc)]: family:1, type:2, protocol:0
[   32.592934] cfg80211: Calling CRDA to update world regulatory domain
[   32.633467] firmadyne: sys_socket[PID: 699 (xmldbc)]: family:1, type:2, protocol:0
[   32.674684] firmadyne: sys_socket[PID: 701 (xmldbc)]: family:1, type:2, protocol:0
[   32.716311] firmadyne: sys_socket[PID: 702 (xmldbc)]: family:1, type:2, protocol:0
[   32.757818] firmadyne: sys_socket[PID: 703 (xmldbc)]: family:1, type:2, protocol:0
[   32.799440] firmadyne: sys_socket[PID: 704 (xmldbc)]: family:1, type:2, protocol:0
[   32.842968] firmadyne: sys_socket[PID: 705 (xmldbc)]: family:1, type:2, protocol:0
[   32.884450] firmadyne: sys_socket[PID: 706 (xmldbc)]: family:1, type:2, protocol:0
[   32.926088] firmadyne: sys_socket[PID: 707 (xmldbc)]: family:1, type:2, protocol:0
[   32.968245] firmadyne: sys_socket[PID: 708 (xmldbc)]: family:1, type:2, protocol:0
[   33.011082] firmadyne: sys_socket[PID: 709 (xmldbc)]: family:1, type:2, protocol:0
[   33.053329] firmadyne: sys_socket[PID: 710 (xmldbc)]: family:1, type:2, protocol:0
[   33.094812] firmadyne: sys_socket[PID: 711 (xmldbc)]: family:1, type:2, protocol:0
[   33.192386] firmadyne: sys_socket[PID: 715 (xmldbc)]: family:1, type:2, protocol:0
[   33.231148] firmadyne: sys_socket[PID: 716 (xmldbc)]: family:1, type:2, protocol:0
[   33.268951] firmadyne: sys_socket[PID: 717 (xmldbc)]: family:1, type:2, protocol:0
[   33.309744] firmadyne: sys_socket[PID: 718 (xmldbc)]: family:1, type:2, protocol:0
[   33.351247] firmadyne: sys_socket[PID: 719 (xmldbc)]: family:1, type:2, protocol:0
[   33.392694] firmadyne: sys_socket[PID: 720 (xmldbc)]: family:1, type:2, protocol:0
[   33.435337] firmadyne: sys_socket[PID: 721 (xmldbc)]: family:1, type:2, protocol:0
[   33.473191] firmadyne: sys_socket[PID: 722 (xmldbc)]: family:1, type:2, protocol:0
[   33.514115] firmadyne: sys_socket[PID: 723 (xmldbc)]: family:1, type:2, protocol:0
[   33.555554] firmadyne: sys_socket[PID: 724 (xmldbc)]: family:1, type:2, protocol:0
[   33.597801] firmadyne: sys_socket[PID: 725 (xmldbc)]: family:1, type:2, protocol:0
[   33.641494] firmadyne: sys_socket[PID: 726 (xmldbc)]: family:1, type:2, protocol:0
[   33.683759] firmadyne: sys_socket[PID: 727 (xmldbc)]: family:1, type:2, protocol:0
[   33.725633] firmadyne: sys_socket[PID: 728 (xmldbc)]: family:1, type:2, protocol:0
[   33.778315] firmadyne: sys_socket[PID: 729 (xmldbc)]: family:1, type:2, protocol:0
[   33.845566] firmadyne: sys_socket[PID: 730 (xmldbc)]: family:1, type:2, protocol:0
[   33.887247] firmadyne: sys_socket[PID: 731 (xmldbc)]: family:1, type:2, protocol:0
[   33.928541] firmadyne: sys_socket[PID: 732 (xmldbc)]: family:1, type:2, protocol:0
[   33.970075] firmadyne: sys_socket[PID: 733 (xmldbc)]: family:1, type:2, protocol:0
[   34.074941] firmadyne: sys_socket[PID: 737 (xmldbc)]: family:1, type:2, protocol:0
[   34.116094] firmadyne: sys_socket[PID: 738 (xmldbc)]: family:1, type:2, protocol:0
[   34.157000] firmadyne: sys_socket[PID: 739 (xmldbc)]: family:1, type:2, protocol:0
[   34.197592] firmadyne: sys_socket[PID: 740 (xmldbc)]: family:1, type:2, protocol:0
[   34.239388] firmadyne: sys_socket[PID: 741 (xmldbc)]: family:1, type:2, protocol:0
[   34.281642] firmadyne: sys_socket[PID: 742 (xmldbc)]: family:1, type:2, protocol:0
[   34.323689] firmadyne: sys_socket[PID: 743 (xmldbc)]: family:1, type:2, protocol:0
[   34.365340] firmadyne: sys_socket[PID: 744 (xmldbc)]: family:1, type:2, protocol:0
[   34.407701] firmadyne: sys_socket[PID: 745 (xmldbc)]: family:1, type:2, protocol:0
[   34.449669] firmadyne: sys_socket[PID: 746 (xmldbc)]: family:1, type:2, protocol:0
[   34.490891] firmadyne: sys_socket[PID: 747 (xmldbc)]: family:1, type:2, protocol:0
[   34.532191] firmadyne: sys_socket[PID: 748 (xmldbc)]: family:1, type:2, protocol:0
[   34.573401] firmadyne: sys_socket[PID: 749 (xmldbc)]: family:1, type:2, protocol:0
[   34.615275] firmadyne: sys_socket[PID: 750 (xmldbc)]: family:1, type:2, protocol:0
[   34.656392] firmadyne: sys_socket[PID: 751 (xmldbc)]: family:1, type:2, protocol:0
[   34.697736] firmadyne: sys_socket[PID: 752 (xmldbc)]: family:1, type:2, protocol:0
[   34.739745] firmadyne: sys_socket[PID: 753 (xmldbc)]: family:1, type:2, protocol:0
[   34.781505] firmadyne: sys_socket[PID: 754 (xmldbc)]: family:1, type:2, protocol:0
[   34.823994] firmadyne: sys_socket[PID: 755 (xmldbc)]: family:1, type:2, protocol:0
[   34.922433] firmadyne: sys_socket[PID: 759 (xmldbc)]: family:1, type:2, protocol:0
[   34.963481] firmadyne: sys_socket[PID: 760 (xmldbc)]: family:1, type:2, protocol:0
[   35.004294] firmadyne: sys_socket[PID: 761 (xmldbc)]: family:1, type:2, protocol:0
[   35.046701] firmadyne: sys_socket[PID: 762 (xmldbc)]: family:1, type:2, protocol:0
[   35.087726] firmadyne: sys_socket[PID: 763 (xmldbc)]: family:1, type:2, protocol:0
[   35.129399] firmadyne: sys_socket[PID: 764 (xmldbc)]: family:1, type:2, protocol:0
[   35.169718] firmadyne: sys_socket[PID: 765 (xmldbc)]: family:1, type:2, protocol:0
[   35.212416] firmadyne: sys_socket[PID: 766 (xmldbc)]: family:1, type:2, protocol:0
[   35.254456] firmadyne: sys_socket[PID: 767 (xmldbc)]: family:1, type:2, protocol:0
[   35.295583] firmadyne: sys_socket[PID: 768 (xmldbc)]: family:1, type:2, protocol:0
[   35.336425] firmadyne: sys_socket[PID: 769 (xmldbc)]: family:1, type:2, protocol:0
[   35.377761] firmadyne: sys_socket[PID: 770 (xmldbc)]: family:1, type:2, protocol:0
[   35.419841] firmadyne: sys_socket[PID: 771 (xmldbc)]: family:1, type:2, protocol:0
[   35.460590] firmadyne: sys_socket[PID: 772 (xmldbc)]: family:1, type:2, protocol:0
[   35.501468] firmadyne: sys_socket[PID: 773 (xmldbc)]: family:1, type:2, protocol:0
[   35.542560] firmadyne: sys_socket[PID: 774 (xmldbc)]: family:1, type:2, protocol:0
[   35.583788] firmadyne: sys_socket[PID: 775 (xmldbc)]: family:1, type:2, protocol:0
[   35.626876] firmadyne: sys_socket[PID: 776 (xmldbc)]: family:1, type:2, protocol:0
[   35.668350] firmadyne: sys_socket[PID: 777 (xmldbc)]: family:1, type:2, protocol:0
[   35.737339] cfg80211: Exceeded CRDA call max attempts. Not calling CRDA
[   35.770110] firmadyne: sys_socket[PID: 781 (xmldbc)]: family:1, type:2, protocol:0
[   35.817296] firmadyne: sys_socket[PID: 782 (xmldbc)]: family:1, type:2, protocol:0
[   35.860601] firmadyne: sys_socket[PID: 783 (xmldbc)]: family:1, type:2, protocol:0
[   35.903194] firmadyne: sys_socket[PID: 784 (xmldbc)]: family:1, type:2, protocol:0
[   35.944840] firmadyne: sys_socket[PID: 785 (xmldbc)]: family:1, type:2, protocol:0
[   35.986379] firmadyne: sys_socket[PID: 786 (xmldbc)]: family:1, type:2, protocol:0
[   36.029408] firmadyne: sys_socket[PID: 787 (xmldbc)]: family:1, type:2, protocol:0
[   36.071339] firmadyne: sys_socket[PID: 788 (xmldbc)]: family:1, type:2, protocol:0
[   36.113140] firmadyne: sys_socket[PID: 789 (xmldbc)]: family:1, type:2, protocol:0
[   36.154120] firmadyne: sys_socket[PID: 790 (xmldbc)]: family:1, type:2, protocol:0
[   36.195273] firmadyne: sys_socket[PID: 791 (xmldbc)]: family:1, type:2, protocol:0
[   36.237621] firmadyne: sys_socket[PID: 792 (xmldbc)]: family:1, type:2, protocol:0
[   36.279249] firmadyne: sys_socket[PID: 793 (xmldbc)]: family:1, type:2, protocol:0
[   36.320136] firmadyne: sys_socket[PID: 794 (xmldbc)]: family:1, type:2, protocol:0
[   36.361832] firmadyne: sys_socket[PID: 795 (xmldbc)]: family:1, type:2, protocol:0
[   36.403264] firmadyne: sys_socket[PID: 796 (xmldbc)]: family:1, type:2, protocol:0
[   36.445403] firmadyne: sys_socket[PID: 797 (xmldbc)]: family:1, type:2, protocol:0
[   36.487032] firmadyne: sys_socket[PID: 798 (xmldbc)]: family:1, type:2, protocol:0
[   36.528497] firmadyne: sys_socket[PID: 799 (xmldbc)]: family:1, type:2, protocol:0
[   36.626072] firmadyne: sys_socket[PID: 803 (xmldbc)]: family:1, type:2, protocol:0
[   36.667323] firmadyne: sys_socket[PID: 804 (xmldbc)]: family:1, type:2, protocol:0
[   36.708455] firmadyne: sys_socket[PID: 805 (xmldbc)]: family:1, type:2, protocol:0
[   36.750117] firmadyne: sys_socket[PID: 806 (xmldbc)]: family:1, type:2, protocol:0
[   36.791345] firmadyne: sys_socket[PID: 807 (xmldbc)]: family:1, type:2, protocol:0
[   36.835020] firmadyne: sys_socket[PID: 808 (xmldbc)]: family:1, type:2, protocol:0
[   36.876126] firmadyne: sys_socket[PID: 809 (xmldbc)]: family:1, type:2, protocol:0
[   36.917722] firmadyne: sys_socket[PID: 810 (xmldbc)]: family:1, type:2, protocol:0
[   36.959343] firmadyne: sys_socket[PID: 811 (xmldbc)]: family:1, type:2, protocol:0
[   37.001013] firmadyne: sys_socket[PID: 812 (xmldbc)]: family:1, type:2, protocol:0
[   37.044863] firmadyne: sys_socket[PID: 813 (xmldbc)]: family:1, type:2, protocol:0
[   37.086806] firmadyne: sys_socket[PID: 814 (xmldbc)]: family:1, type:2, protocol:0
[   37.128523] firmadyne: sys_socket[PID: 815 (xmldbc)]: family:1, type:2, protocol:0
[   37.170130] firmadyne: sys_socket[PID: 816 (xmldbc)]: family:1, type:2, protocol:0
[   37.212092] firmadyne: sys_socket[PID: 817 (xmldbc)]: family:1, type:2, protocol:0
[   37.253667] firmadyne: sys_socket[PID: 818 (xmldbc)]: family:1, type:2, protocol:0
[   37.295099] firmadyne: sys_socket[PID: 819 (xmldbc)]: family:1, type:2, protocol:0
[   37.337178] firmadyne: sys_socket[PID: 820 (xmldbc)]: family:1, type:2, protocol:0
[   37.378494] firmadyne: sys_socket[PID: 821 (xmldbc)]: family:1, type:2, protocol:0
[   37.476487] firmadyne: sys_socket[PID: 825 (xmldbc)]: family:1, type:2, protocol:0
[   37.518193] firmadyne: sys_socket[PID: 826 (xmldbc)]: family:1, type:2, protocol:0
[   37.559587] firmadyne: sys_socket[PID: 827 (xmldbc)]: family:1, type:2, protocol:0
[   37.601109] firmadyne: sys_socket[PID: 828 (xmldbc)]: family:1, type:2, protocol:0
[   37.643920] firmadyne: sys_socket[PID: 829 (xmldbc)]: family:1, type:2, protocol:0
[   37.685591] firmadyne: sys_socket[PID: 830 (xmldbc)]: family:1, type:2, protocol:0
[   37.726568] firmadyne: sys_socket[PID: 831 (xmldbc)]: family:1, type:2, protocol:0
[   37.767919] firmadyne: sys_socket[PID: 832 (xmldbc)]: family:1, type:2, protocol:0
[   37.810591] firmadyne: sys_socket[PID: 833 (xmldbc)]: family:1, type:2, protocol:0
[   37.852110] firmadyne: sys_socket[PID: 834 (xmldbc)]: family:1, type:2, protocol:0
[   37.892921] firmadyne: sys_socket[PID: 835 (xmldbc)]: family:1, type:2, protocol:0
[   37.933989] firmadyne: sys_socket[PID: 836 (xmldbc)]: family:1, type:2, protocol:0
[   37.975498] firmadyne: sys_socket[PID: 837 (xmldbc)]: family:1, type:2, protocol:0
[   38.017613] firmadyne: sys_socket[PID: 838 (xmldbc)]: family:1, type:2, protocol:0
[   38.058498] firmadyne: sys_socket[PID: 839 (xmldbc)]: family:1, type:2, protocol:0
[   38.099955] firmadyne: sys_socket[PID: 840 (xmldbc)]: family:1, type:2, protocol:0
[   38.141385] firmadyne: sys_socket[PID: 841 (xmldbc)]: family:1, type:2, protocol:0
[   38.182795] firmadyne: sys_socket[PID: 842 (xmldbc)]: family:1, type:2, protocol:0
[   38.225256] firmadyne: sys_socket[PID: 843 (xmldbc)]: family:1, type:2, protocol:0
[   38.321803] firmadyne: sys_socket[PID: 847 (xmldbc)]: family:1, type:2, protocol:0
[   38.363062] firmadyne: sys_socket[PID: 848 (xmldbc)]: family:1, type:2, protocol:0
[   38.403691] firmadyne: sys_socket[PID: 849 (xmldbc)]: family:1, type:2, protocol:0
[   38.445785] firmadyne: sys_socket[PID: 850 (xmldbc)]: family:1, type:2, protocol:0
[   38.487156] firmadyne: sys_socket[PID: 851 (xmldbc)]: family:1, type:2, protocol:0
[   38.528657] firmadyne: sys_socket[PID: 852 (xmldbc)]: family:1, type:2, protocol:0
[   38.569666] firmadyne: sys_socket[PID: 853 (xmldbc)]: family:1, type:2, protocol:0
[   38.611902] firmadyne: sys_socket[PID: 854 (xmldbc)]: family:1, type:2, protocol:0
[   38.653279] firmadyne: sys_socket[PID: 855 (xmldbc)]: family:1, type:2, protocol:0
[   38.694603] firmadyne: sys_socket[PID: 856 (xmldbc)]: family:1, type:2, protocol:0
[   38.735827] firmadyne: sys_socket[PID: 857 (xmldbc)]: family:1, type:2, protocol:0
[   38.792247] firmadyne: sys_socket[PID: 858 (xmldbc)]: family:1, type:2, protocol:0
[   38.838594] firmadyne: sys_socket[PID: 859 (xmldbc)]: family:1, type:2, protocol:0
[   38.882275] firmadyne: sys_socket[PID: 860 (xmldbc)]: family:1, type:2, protocol:0
[   38.924971] firmadyne: sys_socket[PID: 861 (xmldbc)]: family:1, type:2, protocol:0
[   38.967241] firmadyne: sys_socket[PID: 862 (xmldbc)]: family:1, type:2, protocol:0
[   39.010208] firmadyne: sys_socket[PID: 863 (xmldbc)]: family:1, type:2, protocol:0
[   39.052408] firmadyne: sys_socket[PID: 864 (xmldbc)]: family:1, type:2, protocol:0
[   39.094017] firmadyne: sys_socket[PID: 865 (xmldbc)]: family:1, type:2, protocol:0
[   39.191071] firmadyne: sys_socket[PID: 869 (xmldbc)]: family:1, type:2, protocol:0
[   39.233565] firmadyne: sys_socket[PID: 870 (xmldbc)]: family:1, type:2, protocol:0
[   39.271409] firmadyne: sys_socket[PID: 871 (xmldbc)]: family:1, type:2, protocol:0
[   39.312408] firmadyne: sys_socket[PID: 872 (xmldbc)]: family:1, type:2, protocol:0
[   39.354254] firmadyne: sys_socket[PID: 873 (xmldbc)]: family:1, type:2, protocol:0
[   39.392575] firmadyne: sys_socket[PID: 874 (xmldbc)]: family:1, type:2, protocol:0
[   39.435065] firmadyne: sys_socket[PID: 875 (xmldbc)]: family:1, type:2, protocol:0
[   39.476688] firmadyne: sys_socket[PID: 876 (xmldbc)]: family:1, type:2, protocol:0
[   39.518329] firmadyne: sys_socket[PID: 877 (xmldbc)]: family:1, type:2, protocol:0
[   39.560480] firmadyne: sys_socket[PID: 878 (xmldbc)]: family:1, type:2, protocol:0
[   39.602276] firmadyne: sys_socket[PID: 879 (xmldbc)]: family:1, type:2, protocol:0
[   39.645351] firmadyne: sys_socket[PID: 880 (xmldbc)]: family:1, type:2, protocol:0
[   39.687248] firmadyne: sys_socket[PID: 881 (xmldbc)]: family:1, type:2, protocol:0
[   39.729419] firmadyne: sys_socket[PID: 882 (xmldbc)]: family:1, type:2, protocol:0
[   39.770937] firmadyne: sys_socket[PID: 883 (xmldbc)]: family:1, type:2, protocol:0
[   39.813276] firmadyne: sys_socket[PID: 884 (xmldbc)]: family:1, type:2, protocol:0
[   39.854918] firmadyne: sys_socket[PID: 885 (xmldbc)]: family:1, type:2, protocol:0
[   39.896995] firmadyne: sys_socket[PID: 886 (xmldbc)]: family:1, type:2, protocol:0
[   39.938657] firmadyne: sys_socket[PID: 887 (xmldbc)]: family:1, type:2, protocol:0
[   40.037665] firmadyne: sys_socket[PID: 891 (xmldbc)]: family:1, type:2, protocol:0
[   40.078932] firmadyne: sys_socket[PID: 892 (xmldbc)]: family:1, type:2, protocol:0
[   40.120356] firmadyne: sys_socket[PID: 893 (xmldbc)]: family:1, type:2, protocol:0
[   40.162252] firmadyne: sys_socket[PID: 894 (xmldbc)]: family:1, type:2, protocol:0
[   40.199796] firmadyne: sys_socket[PID: 895 (xmldbc)]: family:1, type:2, protocol:0
[   40.242093] firmadyne: sys_socket[PID: 896 (xmldbc)]: family:1, type:2, protocol:0
[   40.283440] firmadyne: sys_socket[PID: 897 (xmldbc)]: family:1, type:2, protocol:0
[   40.325794] firmadyne: sys_socket[PID: 898 (xmldbc)]: family:1, type:2, protocol:0
[   40.367245] firmadyne: sys_socket[PID: 899 (xmldbc)]: family:1, type:2, protocol:0
[   40.410412] firmadyne: sys_socket[PID: 900 (xmldbc)]: family:1, type:2, protocol:0
[   40.451977] firmadyne: sys_socket[PID: 901 (xmldbc)]: family:1, type:2, protocol:0
[   40.493632] firmadyne: sys_socket[PID: 902 (xmldbc)]: family:1, type:2, protocol:0
[   40.535379] firmadyne: sys_socket[PID: 903 (xmldbc)]: family:1, type:2, protocol:0
[   40.576920] firmadyne: sys_socket[PID: 904 (xmldbc)]: family:1, type:2, protocol:0
[   40.619764] firmadyne: sys_socket[PID: 905 (xmldbc)]: family:1, type:2, protocol:0
[   40.661489] firmadyne: sys_socket[PID: 906 (xmldbc)]: family:1, type:2, protocol:0
[   40.702882] firmadyne: sys_socket[PID: 907 (xmldbc)]: family:1, type:2, protocol:0
[   40.744945] firmadyne: sys_socket[PID: 908 (xmldbc)]: family:1, type:2, protocol:0
[   40.786390] firmadyne: sys_socket[PID: 909 (xmldbc)]: family:1, type:2, protocol:0
[   40.887985] firmadyne: sys_socket[PID: 913 (xmldbc)]: family:1, type:2, protocol:0
[   40.930492] firmadyne: sys_socket[PID: 914 (xmldbc)]: family:1, type:2, protocol:0
[   40.972081] firmadyne: sys_socket[PID: 915 (xmldbc)]: family:1, type:2, protocol:0
[   41.015010] firmadyne: sys_socket[PID: 916 (xmldbc)]: family:1, type:2, protocol:0
[   41.057047] firmadyne: sys_socket[PID: 917 (xmldbc)]: family:1, type:2, protocol:0
[   41.098667] firmadyne: sys_socket[PID: 918 (xmldbc)]: family:1, type:2, protocol:0
[   41.140311] firmadyne: sys_socket[PID: 919 (xmldbc)]: family:1, type:2, protocol:0
[   41.182007] firmadyne: sys_socket[PID: 920 (xmldbc)]: family:1, type:2, protocol:0
[   41.224922] firmadyne: sys_socket[PID: 921 (xmldbc)]: family:1, type:2, protocol:0
[   41.266122] firmadyne: sys_socket[PID: 922 (xmldbc)]: family:1, type:2, protocol:0
[   41.307890] firmadyne: sys_socket[PID: 923 (xmldbc)]: family:1, type:2, protocol:0
[   41.350136] firmadyne: sys_socket[PID: 924 (xmldbc)]: family:1, type:2, protocol:0
[   41.391759] firmadyne: sys_socket[PID: 925 (xmldbc)]: family:1, type:2, protocol:0
[   41.434071] firmadyne: sys_socket[PID: 926 (xmldbc)]: family:1, type:2, protocol:0
[   41.475612] firmadyne: sys_socket[PID: 927 (xmldbc)]: family:1, type:2, protocol:0
[   41.517045] firmadyne: sys_socket[PID: 928 (xmldbc)]: family:1, type:2, protocol:0
[   41.558245] firmadyne: sys_socket[PID: 929 (xmldbc)]: family:1, type:2, protocol:0
[   41.599941] firmadyne: sys_socket[PID: 930 (xmldbc)]: family:1, type:2, protocol:0
[   41.642893] firmadyne: sys_socket[PID: 931 (xmldbc)]: family:1, type:2, protocol:0
[   41.774437] firmadyne: sys_socket[PID: 936 (xmldbc)]: family:1, type:2, protocol:0
[   41.817198] firmadyne: sys_socket[PID: 937 (xmldbc)]: family:1, type:2, protocol:0
[   41.865126] firmadyne: sys_socket[PID: 938 (xmldbc)]: family:1, type:2, protocol:0
[   41.909438] firmadyne: sys_socket[PID: 939 (xmldbc)]: family:1, type:2, protocol:0
[   41.951582] firmadyne: sys_socket[PID: 940 (xmldbc)]: family:1, type:2, protocol:0
[   41.993151] firmadyne: sys_socket[PID: 941 (xmldbc)]: family:1, type:2, protocol:0
[   42.092423] firmadyne: sys_socket[PID: 945 (xmldbc)]: family:1, type:2, protocol:0
[   42.134440] firmadyne: sys_socket[PID: 946 (xmldbc)]: family:1, type:2, protocol:0
[   42.176421] firmadyne: sys_socket[PID: 947 (xmldbc)]: family:1, type:2, protocol:0
[   42.219050] firmadyne: sys_socket[PID: 948 (xmldbc)]: family:1, type:2, protocol:0
[   42.260331] firmadyne: sys_socket[PID: 949 (xmldbc)]: family:1, type:2, protocol:0
[   42.301503] firmadyne: sys_socket[PID: 950 (xmldbc)]: family:1, type:2, protocol:0
[   42.426025] firmadyne: sys_socket[PID: 955 (xmldbc)]: family:1, type:2, protocol:0
[   42.522508] firmadyne: sys_socket[PID: 959 (xmldbc)]: family:1, type:2, protocol:0
[   42.620255] firmadyne: sys_socket[PID: 963 (xmldbc)]: family:1, type:2, protocol:0
[   42.717285] firmadyne: sys_socket[PID: 967 (xmldbc)]: family:1, type:2, protocol:0
[   42.815677] firmadyne: sys_socket[PID: 971 (xmldbc)]: family:1, type:2, protocol:0
[   42.914283] firmadyne: sys_socket[PID: 975 (xmldbc)]: family:1, type:2, protocol:0
[   43.013032] firmadyne: sys_socket[PID: 979 (xmldbc)]: family:1, type:2, protocol:0
[   43.109390] firmadyne: sys_socket[PID: 983 (xmldbc)]: family:1, type:2, protocol:0
[   43.206485] firmadyne: sys_socket[PID: 987 (xmldbc)]: family:1, type:2, protocol:0
[   43.303640] firmadyne: sys_socket[PID: 991 (xmldbc)]: family:1, type:2, protocol:0
[   43.399831] firmadyne: sys_socket[PID: 995 (xmldbc)]: family:1, type:2, protocol:0
[   43.497837] firmadyne: sys_socket[PID: 999 (xmldbc)]: family:1, type:2, protocol:0
[   43.595262] firmadyne: sys_socket[PID: 1003 (xmldbc)]: family:1, type:2, protocol:0
[   43.694221] firmadyne: sys_socket[PID: 1007 (xmldbc)]: family:1, type:2, protocol:0
[   43.790713] firmadyne: sys_socket[PID: 1011 (xmldbc)]: family:1, type:2, protocol:0
[   43.888641] firmadyne: sys_socket[PID: 1015 (xmldbc)]: family:1, type:2, protocol:0
[   43.985009] firmadyne: sys_socket[PID: 1019 (xmldbc)]: family:1, type:2, protocol:0
[   44.082697] firmadyne: sys_socket[PID: 1023 (xmldbc)]: family:1, type:2, protocol:0
[   44.179403] firmadyne: sys_socket[PID: 1027 (xmldbc)]: family:1, type:2, protocol:0
[   44.276386] firmadyne: sys_socket[PID: 1031 (xmldbc)]: family:1, type:2, protocol:0
[   44.372372] firmadyne: sys_socket[PID: 1035 (xmldbc)]: family:1, type:2, protocol:0
[   44.470017] firmadyne: sys_socket[PID: 1039 (xmldbc)]: family:1, type:2, protocol:0
[   44.566831] firmadyne: sys_socket[PID: 1043 (xmldbc)]: family:1, type:2, protocol:0
[   44.664247] firmadyne: sys_socket[PID: 1047 (xmldbc)]: family:1, type:2, protocol:0
[   44.760647] firmadyne: sys_socket[PID: 1051 (xmldbc)]: family:1, type:2, protocol:0
[   44.860179] firmadyne: sys_socket[PID: 1055 (xmldbc)]: family:1, type:2, protocol:0
[   44.956460] firmadyne: sys_socket[PID: 1059 (xmldbc)]: family:1, type:2, protocol:0
[   45.054162] firmadyne: sys_socket[PID: 1063 (xmldbc)]: family:1, type:2, protocol:0
[   45.150629] firmadyne: sys_socket[PID: 1067 (xmldbc)]: family:1, type:2, protocol:0
[   45.244242] firmadyne: sys_socket[PID: 1071 (xmldbc)]: family:1, type:2, protocol:0
[   45.340158] firmadyne: sys_socket[PID: 1075 (xmldbc)]: family:1, type:2, protocol:0
[   45.437925] firmadyne: sys_socket[PID: 1079 (xmldbc)]: family:1, type:2, protocol:0
[   45.535005] firmadyne: sys_socket[PID: 1083 (xmldbc)]: family:1, type:2, protocol:0
[   45.575828] firmadyne: sys_socket[PID: 1084 (xmldbc)]: family:1, type:2, protocol:0
[   45.618380] firmadyne: sys_socket[PID: 1085 (xmldbc)]: family:1, type:2, protocol:0
[   45.659745] firmadyne: sys_socket[PID: 1086 (xmldbc)]: family:1, type:2, protocol:0
[   45.700907] firmadyne: sys_socket[PID: 1087 (xmldbc)]: family:1, type:2, protocol:0
[   45.742026] firmadyne: sys_socket[PID: 1088 (xmldbc)]: family:1, type:2, protocol:0
[   45.784061] firmadyne: sys_socket[PID: 1089 (xmldbc)]: family:1, type:2, protocol:0
[   45.827062] firmadyne: sys_socket[PID: 1090 (xmldbc)]: family:1, type:2, protocol:0
[   45.868461] firmadyne: sys_socket[PID: 1091 (xmldbc)]: family:1, type:2, protocol:0
PHP [/etc/defnodes/S11setnodes.php] ...
[   45.951986] firmadyne: sys_socket[PID: 1094 (rgdb)]: family:1, type:2, protocol:0
PHP [/etc/defnodes/S12features.php] ...
[   46.546647] firmadyne: sys_socket[PID: 1107 (rgdb)]: family:1, type:2, protocol:0
PHP [/etc/defnodes/S13flashspeed.php] ...
[   46.638575] firmadyne: sys_socket[PID: 1110 (rgdb)]: family:1, type:2, protocol:0
PHP [/etc/defnodes/S20setnodes.php] ...
[   46.817626] firmadyne: sys_socket[PID: 1115 (rgdb)]: family:1, type:2, protocol:0
[   47.142894] UDF-fs: warning (device mtdblock4): udf_fill_super: No partition found (2)
mount: mounting /dev/mtdblock/4 on /www/locale/alt failed: Invalid argument
PHP [/etc/defnodes/S40brand.php] ...
[   47.223120] firmadyne: sys_socket[PID: 1127 (rgdb)]: family:1, type:2, protocol:0
[/etc/scripts/misc/defnodes.sh] Done !!
[/etc/scripts/misc/profile.sh] put ...
[   47.685320] firmadyne: sys_socket[PID: 1135 (rgdb)]: family:1, type:2, protocol:0
ok
[   48.397866] firmadyne: sys_socket[PID: 1141 (rgdb)]: family:1, type:2, protocol:0
[   48.453259] firmadyne: sys_socket[PID: 1143 (rgdb)]: family:1, type:2, protocol:0
[/etc/templates/timezone.sh] ...
[   48.578378] firmadyne: sys_socket[PID: 1148 (rgdb)]: family:1, type:2, protocol:0
[   48.714780] firmadyne: sys_socket[PID: 1153 (rgdb)]: family:1, type:2, protocol:0
[   51.438898] firmadyne: sys_socket[PID: 1157 (rgdb)]: family:1, type:2, protocol:0
[   51.498626] firmadyne: sys_socket[PID: 1159 (rgdb)]: family:1, type:2, protocol:0
[   51.558504] firmadyne: sys_socket[PID: 1161 (rgdb)]: family:1, type:2, protocol:0
[   51.620074] firmadyne: sys_socket[PID: 1163 (rgdb)]: family:1, type:2, protocol:0
[   51.680717] firmadyne: sys_socket[PID: 1165 (rgdb)]: family:1, type:2, protocol:0
[   51.740664] firmadyne: sys_socket[PID: 1167 (rgdb)]: family:1, type:2, protocol:0
[   51.800686] firmadyne: sys_socket[PID: 1169 (rgdb)]: family:1, type:2, protocol:0
[   51.862226] firmadyne: sys_socket[PID: 1171 (rgdb)]: family:1, type:2, protocol:0
[   51.922118] firmadyne: sys_socket[PID: 1173 (rgdb)]: family:1, type:2, protocol:0
[   51.982061] firmadyne: sys_socket[PID: 1175 (rgdb)]: family:1, type:2, protocol:0
[   52.043466] firmadyne: sys_socket[PID: 1177 (rgdb)]: family:1, type:2, protocol:0
[/etc/templates/logs.sh] ...
[   52.744525] firmadyne: sys_socket[PID: 1205 (rgdb)]: family:1, type:2, protocol:0
[   52.818030] firmadyne: sys_socket[PID: 1207 (rgdb)]: family:1, type:2, protocol:0
[/var/run/logs_run.sh] ...
[   53.235051] firmadyne: sys_socket[PID: 1212 (syslogd)]: family:1, type:1, protocol:0
[   53.343549] firmadyne: sys_socket[PID: 1217 (rgdb)]: family:1, type:2, protocol:0
[   53.493823] firmadyne: sys_socket[PID: 1221 (ifconfig)]: family:2, type:1, protocol:0
[   53.518437] 8021q: adding VLAN 0 to HW filter on device eth0
[   53.523300] e1000: eth0 NIC Link is Up 1000 Mbps Full Duplex, Flow Control: RX
[   56.597004] firmadyne: sys_socket[PID: 1223 (rgdb)]: family:1, type:2, protocol:0
[   56.830066] firmadyne: sys_socket[PID: 1235 (rgdb)]: family:1, type:2, protocol:0
[   56.963812] firmadyne: sys_socket[PID: 1241 (rgdb)]: family:1, type:2, protocol:0
[   56.981705] firmadyne: sys_socket[PID: 1242 (ifconfig)]: family:2, type:1, protocol:0
[   56.983415] firmadyne: __inet_insert_ifa[PID: 1242 (ifconfig)]: device:lo ifa:0x7f000001
[   57.026031] firmadyne: sys_socket[PID: 1243 (brctl)]: family:2, type:2, protocol:0
[   57.098702] firmadyne: sys_socket[PID: 1246 (brctl)]: family:2, type:2, protocol:0
[   57.101530] firmadyne: sys_socket[PID: 1246 (brctl)]: family:10, type:1, protocol:0
[   57.139599] firmadyne: sys_socket[PID: 1247 (brctl)]: family:2, type:2, protocol:0
[   57.142527] firmadyne: sys_socket[PID: 1247 (brctl)]: family:10, type:1, protocol:0
[/etc/init.d/S03config.sh] done!
[/etc/init.d/S10system.sh]
start Layout ...
[/etc/scripts/layout.sh] start ...
[   57.413658] firmadyne: sys_socket[PID: 1257 (rgdb)]: family:1, type:2, protocol:0
[   57.507095] firmadyne: sys_socket[PID: 1258 (rgdb)]: family:1, type:2, protocol:0
[/var/run/layout_start.sh] ...
Start bridge layout ...
[   57.617582] firmadyne: sys_socket[PID: 1262 (ifconfig)]: family:2, type:1, protocol:0
[   57.649962] firmadyne: sys_socket[PID: 1263 (brctl)]: family:2, type:2, protocol:0
[   57.652104] firmadyne: sys_socket[PID: 1263 (brctl)]: family:10, type:1, protocol:0
[   57.654956] firmadyne: sys_socket[PID: 1263 (brctl)]: family:10, type:1, protocol:0
[   57.656192] firmadyne: br_add_if[PID: 1263 (brctl)]: br:br0 dev:eth0
[   57.661033] device eth0 entered promiscuous mode
[   57.728268] firmadyne: sys_socket[PID: 1266 (xmldbc)]: family:1, type:2, protocol:0
[   57.790641] firmadyne: sys_socket[PID: 1269 (ifconfig)]: family:2, type:1, protocol:0
[   57.792060] br0: port 1(eth0) entered forwarding state
[   57.792947] br0: port 1(eth0) entered forwarding state
[   57.831214] firmadyne: sys_socket[PID: 1270 (rgdb)]: family:1, type:2, protocol:0
start LAN ...
[/etc/templates/lan.sh] ...
[   57.949894] firmadyne: sys_socket[PID: 1275 (rgdb)]: family:1, type:2, protocol:0
[   58.067575] firmadyne: sys_socket[PID: 1278 (rgdb)]: family:1, type:2, protocol:0
[   58.158686] firmadyne: sys_socket[PID: 1279 (rgdb)]: family:1, type:2, protocol:0
[/var/run/lan_start.sh] ...
Bridge mode selected, LAN is disabled !
start web server ...
[/etc/templates/webs.sh] start ...
[   58.374759] firmadyne: sys_socket[PID: 1287 (rgdb)]: family:1, type:2, protocol:0
[   58.438863] firmadyne: sys_socket[PID: 1289 (rgdb)]: family:1, type:2, protocol:0
[   58.547087] firmadyne: sys_socket[PID: 1292 (rgdb)]: family:1, type:2, protocol:0
[   58.659854] firmadyne: sys_socket[PID: 1293 (rgdb)]: family:1, type:2, protocol:0
[/var/run/webs_start.sh] ...
Starting HTTPD ...
start eth0 vlan setup ...
/etc/scripts/eth_vlan.sh: not found
[   58.955080] firmadyne: sys_socket[PID: 1303 (rgdb)]: family:1, type:2, protocol:0
[   58.969910] firmadyne: sys_socket[PID: 1304 (rgdb)]: family:1, type:2, protocol:0
[   59.122631] firmadyne: sys_socket[PID: 1305 (rgdb)]: family:1, type:2, protocol:0
#!/bin/sh
echo [$0] ... > /dev/console

# limitedadmin.php <<<

limitedadmin.sh...
[   59.337373] firmadyne: sys_socket[PID: 1309 (brctl)]: family:2, type:2, protocol:0
[   59.339763] firmadyne: sys_socket[PID: 1309 (brctl)]: family:10, type:1, protocol:0
[   59.418392] firmadyne: sys_socket[PID: 1310 (brctl)]: family:2, type:2, protocol:0
[   59.420859] firmadyne: sys_socket[PID: 1310 (brctl)]: family:10, type:1, protocol:0
[   59.491810] firmadyne: sys_socket[PID: 1311 (brctl)]: family:2, type:2, protocol:0
[   59.497928] firmadyne: sys_socket[PID: 1311 (brctl)]: family:10, type:1, protocol:0
[   59.567474] firmadyne: sys_socket[PID: 1312 (brctl)]: family:2, type:2, protocol:0
[   59.573693] firmadyne: sys_socket[PID: 1312 (brctl)]: family:10, type:1, protocol:0
[   59.645362] firmadyne: sys_socket[PID: 1313 (brctl)]: family:2, type:2, protocol:0
[   59.647581] firmadyne: sys_socket[PID: 1313 (brctl)]: family:10, type:1, protocol:0
[   59.726543] firmadyne: sys_socket[PID: 1314 (brctl)]: family:2, type:2, protocol:0
[   59.728719] firmadyne: sys_socket[PID: 1314 (brctl)]: family:10, type:1, protocol:0
start fresetd ...
enable LAN ports ...
[   59.930259] firmadyne: sys_socket[PID: 1316 (servd)]: family:1, type:2, protocol:0
Factory reset time : 5 secs
System reset time  : 1 secs
WPS command : [/etc/templates/wps.sh pbc &]
[   60.015970] firmadyne: sys_socket[PID: 1307 (httpd)]: family:10, type:2, protocol:6
[/etc/scripts/enlan.sh] ...
[   60.033413] firmadyne: sys_setsockopt[PID: 1307 (httpd)]: fd:4, level:65535, optname:4
/dev/gpio: No such device or address
[   60.064233] firmadyne: sys_socket[PID: 1319 (fresetd)]: family:1, type:1, protocol:0
 Generate channel table according to the country code...
[   60.180000] firmadyne: sys_socket[PID: 1331 (httpd)]: family:1, type:1, protocol:0
[   60.183015] firmadyne: sys_socket[PID: 1332 (genchanneltable)]: family:1, type:2, protocol:0
[   60.201101] firmadyne: sys_socket[PID: 1332 (genchanneltable)]: family:1, type:2, protocol:0
[   60.206760] firmadyne: sys_socket[PID: 1332 (genchanneltable)]: family:1, type:2, protocol:0
[   60.235951] firmadyne: sys_socket[PID: 1333 (getsys)]: family:1, type:2, protocol:0
UNKNOW country code!! Use USA for default!!
[   60.304523] firmadyne: sys_socket[PID: 1332 (genchanneltable)]: family:1, type:2, protocol:0
[   60.307223] firmadyne: sys_socket[PID: 1333 (getsys)]: family:1, type:2, protocol:0
[   60.312937] firmadyne: sys_socket[PID: 1333 (getsys)]: family:1, type:2, protocol:0
[   60.317394] firmadyne: sys_socket[PID: 1332 (genchanneltable)]: family:1, type:2, protocol:0
[   60.320993] firmadyne: sys_socket[PID: 1333 (getsys)]: family:1, type:2, protocol:0
[   60.325071] firmadyne: sys_socket[PID: 1332 (genchanneltable)]: family:1, type:2, protocol:0
[   60.328381] firmadyne: sys_socket[PID: 1333 (getsys)]: family:1, type:2, protocol:0
[   60.332418] firmadyne: sys_socket[PID: 1332 (genchanneltable)]: family:1, type:2, protocol:0
[   60.336149] firmadyne: sys_socket[PID: 1333 (getsys)]: family:1, type:2, protocol:0
[   60.340214] firmadyne: sys_socket[PID: 1332 (genchanneltable)]: family:1, type:2, protocol:0
[   60.343906] firmadyne: sys_socket[PID: 1333 (getsys)]: family:1, type:2, protocol:0
[   60.348364] firmadyne: sys_socket[PID: 1332 (genchanneltable)]: family:1, type:2, protocol:0
[   60.351343] firmadyne: sys_socket[PID: 1333 (getsys)]: family:1, type:2, protocol:0
[   60.356220] firmadyne: sys_socket[PID: 1332 (genchanneltable)]: family:1, type:2, protocol:0
[   60.359774] firmadyne: sys_socket[PID: 1333 (getsys)]: family:1, type:2, protocol:0
[   60.365066] firmadyne: sys_socket[PID: 1332 (genchanneltable)]: family:1, type:2, protocol:0
[   60.367982] firmadyne: sys_socket[PID: 1333 (getsys)]: family:1, type:2, protocol:0
[   60.373085] firmadyne: sys_socket[PID: 1332 (genchanneltable)]: family:1, type:2, protocol:0
[   60.375895] firmadyne: sys_socket[PID: 1333 (getsys)]: family:1, type:2, protocol:0
[   60.381052] firmadyne: sys_socket[PID: 1332 (genchanneltable)]: family:1, type:2, protocol:0
[   60.383853] firmadyne: sys_socket[PID: 1333 (getsys)]: family:1, type:2, protocol:0
[   60.388749] firmadyne: sys_socket[PID: 1332 (genchanneltable)]: family:1, type:2, protocol:0
[   60.391772] firmadyne: sys_socket[PID: 1333 (getsys)]: family:1, type:2, protocol:0
[   60.396734] firmadyne: sys_socket[PID: 1332 (genchanneltable)]: family:1, type:2, protocol:0
[   60.399740] firmadyne: sys_socket[PID: 1333 (getsys)]: family:1, type:2, protocol:0
[   60.404686] firmadyne: sys_socket[PID: 1332 (genchanneltable)]: family:1, type:2, protocol:0
[   60.408621] firmadyne: sys_socket[PID: 1333 (getsys)]: family:1, type:2, protocol:0
[   60.413548] firmadyne: sys_socket[PID: 1332 (genchanneltable)]: family:1, type:2, protocol:0
[   60.416378] firmadyne: sys_socket[PID: 1333 (getsys)]: family:1, type:2, protocol:0
[   60.421595] firmadyne: sys_socket[PID: 1332 (genchanneltable)]: family:1, type:2, protocol:0
[   60.424480] firmadyne: sys_socket[PID: 1333 (getsys)]: family:1, type:2, protocol:0
[   60.429542] firmadyne: sys_socket[PID: 1332 (genchanneltable)]: family:1, type:2, protocol:0
[   60.435048] firmadyne: sys_socket[PID: 1333 (getsys)]: family:1, type:2, protocol:0
[   60.439797] firmadyne: sys_socket[PID: 1332 (genchanneltable)]: family:1, type:2, protocol:0
[   60.451204] firmadyne: sys_socket[PID: 1332 (genchanneltable)]: family:1, type:2, protocol:0
[   60.455986] firmadyne: sys_socket[PID: 1332 (genchanneltable)]: family:1, type:2, protocol:0
[   60.466015] firmadyne: sys_socket[PID: 1332 (genchanneltable)]: family:1, type:2, protocol:0
[   60.470381] firmadyne: sys_socket[PID: 1332 (genchanneltable)]: family:1, type:2, protocol:0
[   60.474716] firmadyne: sys_socket[PID: 1332 (genchanneltable)]: family:1, type:2, protocol:0
[   60.482676] firmadyne: sys_socket[PID: 1332 (genchanneltable)]: family:1, type:2, protocol:0
[   60.487596] firmadyne: sys_socket[PID: 1332 (genchanneltable)]: family:1, type:2, protocol:0
[   60.491909] firmadyne: sys_socket[PID: 1332 (genchanneltable)]: family:1, type:2, protocol:0
[   60.499760] firmadyne: sys_socket[PID: 1332 (genchanneltable)]: family:1, type:2, protocol:0
[   60.504183] firmadyne: sys_socket[PID: 1332 (genchanneltable)]: family:1, type:2, protocol:0
[   60.511565] firmadyne: sys_socket[PID: 1332 (genchanneltable)]: family:1, type:2, protocol:0
/dev/gpio: No such device or address
[   60.520376] firmadyne: sys_socket[PID: 1332 (genchanneltable)]: family:1, type:2, protocol:0
 Generate VLAN table according to the port...
[   60.574934] firmadyne: sys_socket[PID: 1341 (genVLANTableByP)]: family:1, type:2, protocol:0
[   60.580164] firmadyne: sys_socket[PID: 1341 (genVLANTableByP)]: family:1, type:2, protocol:0
[   60.584275] firmadyne: sys_socket[PID: 1341 (genVLANTableByP)]: family:1, type:2, protocol:0
[   60.589184] firmadyne: sys_socket[PID: 1341 (genVLANTableByP)]: family:1, type:2, protocol:0
[   60.592547] firmadyne: sys_socket[PID: 1341 (genVLANTableByP)]: family:1, type:2, protocol:0
[   60.597432] firmadyne: sys_socket[PID: 1341 (genVLANTableByP)]: family:1, type:2, protocol:0
[   60.602395] firmadyne: sys_socket[PID: 1341 (genVLANTableByP)]: family:1, type:2, protocol:0
[   60.607995] firmadyne: sys_socket[PID: 1341 (genVLANTableByP)]: family:1, type:2, protocol:0
[   60.612627] firmadyne: sys_socket[PID: 1341 (genVLANTableByP)]: family:1, type:2, protocol:0
[   60.617069] firmadyne: sys_socket[PID: 1341 (genVLANTableByP)]: family:1, type:2, protocol:0
[   60.621298] firmadyne: sys_socket[PID: 1341 (genVLANTableByP)]: family:1, type:2, protocol:0
[   60.625835] firmadyne: sys_socket[PID: 1341 (genVLANTableByP)]: family:1, type:2, protocol:0
[   60.629975] firmadyne: sys_socket[PID: 1341 (genVLANTableByP)]: family:1, type:2, protocol:0
[   60.633847] firmadyne: sys_socket[PID: 1341 (genVLANTableByP)]: family:1, type:2, protocol:0
[   60.637794] firmadyne: sys_socket[PID: 1341 (genVLANTableByP)]: family:1, type:2, protocol:0
[   60.642265] firmadyne: sys_socket[PID: 1341 (genVLANTableByP)]: family:1, type:2, protocol:0
[   60.646254] firmadyne: sys_socket[PID: 1341 (genVLANTableByP)]: family:1, type:2, protocol:0
[   60.650100] firmadyne: sys_socket[PID: 1341 (genVLANTableByP)]: family:1, type:2, protocol:0
[   60.654055] firmadyne: sys_socket[PID: 1341 (genVLANTableByP)]: family:1, type:2, protocol:0
[   60.657956] firmadyne: sys_socket[PID: 1341 (genVLANTableByP)]: family:1, type:2, protocol:0
[   60.662414] firmadyne: sys_socket[PID: 1341 (genVLANTableByP)]: family:1, type:2, protocol:0
