[    0.000000] Linux version 4.1.17+ (alessio@pc) (gcc version 5.5.0 20171010 (Ubuntu 5.5.0-12ubuntu1) ) #1 Mon May 15 23:04:08 CEST 2023
[    0.000000] earlycon: Early serial console at I/O port 0x3f8 (options '38400n8')
[    0.000000] bootconsole [uart0] enabled
[    0.000000] CPU0 revision is: 00019300 (MIPS 24Kc)
[    0.000000] FPU revision is: 00739300
[    0.000000] Software DMA cache coherency enabled
[    0.000000] Determined physical RAM map:
[    0.000000]  memory: 00001000 @ 00000000 (reserved)
[    0.000000]  memory: 000ef000 @ 00001000 (ROM data)
[    0.000000]  memory: 00798000 @ 000f0000 (reserved)
[    0.000000]  memory: 0f777000 @ 00888000 (usable)
[    0.000000] debug: ignoring loglevel setting.
[    0.000000] Wasting 69888 bytes for tracking 2184 unused pages
[    0.000000] Initrd not found or empty - disabling initrd
[    0.000000] Zone ranges:
[    0.000000]   DMA      [mem 0x0000000000000000-0x0000000000ffffff]
[    0.000000]   Normal   [mem 0x0000000001000000-0x000000000fffefff]
[    0.000000] Movable zone start for each node
[    0.000000] Early memory node ranges
[    0.000000]   node   0: [mem 0x0000000000000000-0x000000000fffefff]
[    0.000000] Initmem setup node 0 [mem 0x0000000000000000-0x000000000fffefff]
[    0.000000] On node 0 totalpages: 65535
[    0.000000] free_area_init_node: node 0, pgdat 8081d5b0, node_mem_map 81000000
[    0.000000]   DMA zone: 32 pages used for memmap
[    0.000000]   DMA zone: 0 pages reserved
[    0.000000]   DMA zone: 4096 pages, LIFO batch:0
[    0.000000]   Normal zone: 480 pages used for memmap
[    0.000000]   Normal zone: 61439 pages, LIFO batch:15
[    0.000000] Primary instruction cache 2kB, VIPT, 2-way, linesize 16 bytes.
[    0.000000] Primary data cache 2kB, 2-way, VIPT, no aliases, linesize 16 bytes
[    0.000000] pcpu-alloc: s0 r0 d32768 u32768 alloc=1*32768
[    0.000000] pcpu-alloc: [0] 0 
[    0.000000] Built 1 zonelists in Zone order, mobility grouping on.  Total pages: 65023
[    0.000000] Kernel command line: root=/dev/sda1 console=ttyS0 nandsim.parts=64,64,64,64,64,64,64,64,64,64 rdinit=/firmadyne/preInit.sh rw debug ignore_loglevel print-fatal-signals=1 FIRMAE_NET=true FIRMAE_NVRAM=true FIRMAE_KERNEL=true FIRMAE_ETC=true user_debug=0 firmadyne.syscall=1 noka
[    0.000000] found FIRMAE_KERNEL=t
[    0.000000] set the LD_PRELOAD=/firmadyne/libnvram_ioctl.so
[    0.000000] PID hash table entries: 1024 (order: 0, 4096 bytes)
[    0.000000] Dentry cache hash table entries: 32768 (order: 5, 131072 bytes)
[    0.000000] Inode-cache hash table entries: 16384 (order: 4, 65536 bytes)
[    0.000000] Writing ErrCtl register=00000000
[    0.000000] Readback ErrCtl register=00000000
[    0.000000] Memory: 251112K/262140K available (5360K kernel code, 244K rwdata, 1676K rodata, 260K init, 158K bss, 11028K reserved, 0K cma-reserved)
[    0.000000] NR_IRQS:256
[    0.000000] CPU frequency 200.01 MHz
[    0.000000] clocksource MIPS: mask: 0xffffffff max_cycles: 0xffffffff, max_idle_ns: 19112083659 ns
[    0.000200] sched_clock: 32 bits at 100MHz, resolution 9ns, wraps every 21474251771ns
[    0.014900] Console: colour dummy device 80x25
[    0.016167] Calibrating delay loop... 25.08 BogoMIPS (lpj=50176)
[    0.073660] pid_max: default: 32768 minimum: 301
[    0.078239] Mount-cache hash table entries: 1024 (order: 0, 4096 bytes)
[    0.078786] Mountpoint-cache hash table entries: 1024 (order: 0, 4096 bytes)
[    0.148839] clocksource jiffies: mask: 0xffffffff max_cycles: 0xffffffff, max_idle_ns: 7645041785100000 ns
[    0.159793] NET: Registered protocol family 16
[    0.444590] clocksource pit: mask: 0xffffffff max_cycles: 0xffffffff, max_idle_ns: 1601818034827 ns
[    0.608694] vgaarb: loaded
[    0.614555] SCSI subsystem initialized
[    0.617194] libata version 3.00 loaded.
[    0.621677] usbcore: registered new interface driver usbfs
[    0.623102] usbcore: registered new interface driver hub
[    0.624191] usbcore: registered new device driver usb
[    0.627029] pps_core: LinuxPPS API ver. 1 registered
[    0.627461] pps_core: Software ver. 5.3.6 - Copyright 2005-2007 Rodolfo Giometti <giometti@linux.it>
[    0.628447] PTP clock support registered
[    0.633702] PCI host bridge to bus 0000:00
[    0.634488] pci_bus 0000:00: root bus resource [mem 0x10000000-0x17ffffff]
[    0.635134] pci_bus 0000:00: root bus resource [io  0x1000-0x1fffff]
[    0.635765] pci_bus 0000:00: root bus resource [??? 0x00000000 flags 0x0]
[    0.636374] pci_bus 0000:00: No busn resource found for root bus, will use [bus 00-ff]
[    0.637864] pci 0000:00:00.0: [11ab:4620] type 00 class 0x060000
[    0.638794] pci 0000:00:00.0: [Firmware Bug]: reg 0x14: invalid BAR (can't size)
[    0.639387] pci 0000:00:00.0: [Firmware Bug]: reg 0x18: invalid BAR (can't size)
[    0.639967] pci 0000:00:00.0: [Firmware Bug]: reg 0x1c: invalid BAR (can't size)
[    0.640547] pci 0000:00:00.0: [Firmware Bug]: reg 0x20: invalid BAR (can't size)
[    0.641141] pci 0000:00:00.0: [Firmware Bug]: reg 0x24: invalid BAR (can't size)
[    0.645332] pci 0000:00:0a.0: [8086:7110] type 00 class 0x060100
[    0.649050] pci 0000:00:0a.1: [8086:7111] type 00 class 0x010180
[    0.649882] pci 0000:00:0a.1: reg 0x20: [io  0x0000-0x000f]
[    0.650654] pci 0000:00:0a.1: legacy IDE quirk: reg 0x10: [io  0x01f0-0x01f7]
[    0.651235] pci 0000:00:0a.1: legacy IDE quirk: reg 0x14: [io  0x03f6]
[    0.651800] pci 0000:00:0a.1: legacy IDE quirk: reg 0x18: [io  0x0170-0x0177]
[    0.652375] pci 0000:00:0a.1: legacy IDE quirk: reg 0x1c: [io  0x0376]
[    0.655779] pci 0000:00:0a.2: [8086:7112] type 00 class 0x0c0300
[    0.656496] pci 0000:00:0a.2: reg 0x20: [io  0x0000-0x001f]
[    0.659956] pci 0000:00:0a.3: [8086:7113] type 00 class 0x068000
[    0.661380] pci 0000:00:0a.3: quirk: [io  0x1000-0x103f] claimed by PIIX4 ACPI
[    0.662023] pci 0000:00:0a.3: quirk: [io  0x1100-0x110f] claimed by PIIX4 SMB
[    0.665449] pci 0000:00:12.0: [1013:00b8] type 00 class 0x030000
[    0.666125] pci 0000:00:12.0: reg 0x10: [mem 0x00000000-0x01ffffff pref]
[    0.666907] pci 0000:00:12.0: reg 0x14: [mem 0x00000000-0x00000fff]
[    0.667591] pci 0000:00:12.0: reg 0x30: [mem 0x00000000-0x0000ffff pref]
[    0.670302] vgaarb: device added: PCI:0000:00:12.0,decodes=io+mem,owns=none,locks=none
[    0.671770] pci 0000:00:13.0: [8086:100e] type 00 class 0x020000
[    0.672432] pci 0000:00:13.0: reg 0x10: [mem 0x00000000-0x0001ffff]
[    0.673050] pci 0000:00:13.0: reg 0x14: [io  0x0000-0x003f]
[    0.673728] pci 0000:00:13.0: reg 0x30: [mem 0x00000000-0x0003ffff pref]
[    0.677184] pci 0000:00:14.0: [8086:100e] type 00 class 0x020000
[    0.677829] pci 0000:00:14.0: reg 0x10: [mem 0x00000000-0x0001ffff]
[    0.678428] pci 0000:00:14.0: reg 0x14: [io  0x0000-0x003f]
[    0.679116] pci 0000:00:14.0: reg 0x30: [mem 0x00000000-0x0003ffff pref]
[    0.682614] pci 0000:00:15.0: [8086:100e] type 00 class 0x020000
[    0.683255] pci 0000:00:15.0: reg 0x10: [mem 0x00000000-0x0001ffff]
[    0.683962] pci 0000:00:15.0: reg 0x14: [io  0x0000-0x003f]
[    0.684592] pci 0000:00:15.0: reg 0x30: [mem 0x00000000-0x0003ffff pref]
[    0.687864] pci 0000:00:16.0: [8086:100e] type 00 class 0x020000
[    0.688481] pci 0000:00:16.0: reg 0x10: [mem 0x00000000-0x0001ffff]
[    0.689082] pci 0000:00:16.0: reg 0x14: [io  0x0000-0x003f]
[    0.689741] pci 0000:00:16.0: reg 0x30: [mem 0x00000000-0x0003ffff pref]
[    0.693408] pci_bus 0000:00: busn_res: [bus 00-ff] end is updated to 00
[    0.695033] pci 0000:00:12.0: BAR 0: assigned [mem 0x10000000-0x11ffffff pref]
[    0.696035] pci 0000:00:13.0: BAR 6: assigned [mem 0x12000000-0x1203ffff pref]
[    0.696786] pci 0000:00:14.0: BAR 6: assigned [mem 0x12040000-0x1207ffff pref]
[    0.697489] pci 0000:00:15.0: BAR 6: assigned [mem 0x12080000-0x120bffff pref]
[    0.698173] pci 0000:00:16.0: BAR 6: assigned [mem 0x120c0000-0x120fffff pref]
[    0.698837] pci 0000:00:13.0: BAR 0: assigned [mem 0x12100000-0x1211ffff]
[    0.699498] pci 0000:00:14.0: BAR 0: assigned [mem 0x12120000-0x1213ffff]
[    0.700344] pci 0000:00:15.0: BAR 0: assigned [mem 0x12140000-0x1215ffff]
[    0.701024] pci 0000:00:16.0: BAR 0: assigned [mem 0x12160000-0x1217ffff]
[    0.701705] pci 0000:00:12.0: BAR 6: assigned [mem 0x12180000-0x1218ffff pref]
[    0.702380] pci 0000:00:12.0: BAR 1: assigned [mem 0x12190000-0x12190fff]
[    0.703049] pci 0000:00:13.0: BAR 1: assigned [io  0x1040-0x107f]
[    0.703658] pci 0000:00:14.0: BAR 1: assigned [io  0x1080-0x10bf]
[    0.704425] pci 0000:00:15.0: BAR 1: assigned [io  0x10c0-0x10ff]
[    0.705054] pci 0000:00:16.0: BAR 1: assigned [io  0x1400-0x143f]
[    0.705655] pci 0000:00:0a.2: BAR 4: assigned [io  0x1440-0x145f]
[    0.706246] pci 0000:00:0a.1: BAR 4: assigned [io  0x1460-0x146f]
[    0.724479] cfg80211: Calling CRDA to update world regulatory domain
[    0.739386] Switched to clocksource MIPS
[    0.864933] NET: Registered protocol family 2
[    0.877684] TCP established hash table entries: 2048 (order: 1, 8192 bytes)
[    0.878968] TCP bind hash table entries: 2048 (order: 1, 8192 bytes)
[    0.880385] TCP: Hash tables configured (established 2048 bind 2048)
[    0.881497] UDP hash table entries: 256 (order: 0, 4096 bytes)
[    0.882225] UDP-Lite hash table entries: 256 (order: 0, 4096 bytes)
[    0.886458] NET: Registered protocol family 1
[    0.888348] PCI: Enabling device 0000:00:0a.2 (0000 -> 0001)
[    0.889893] PCI: CLS 0 bytes, default 16
[    0.924355] futex hash table entries: 256 (order: -1, 3072 bytes)
[    0.941985] squashfs: version 4.0 (2009/01/31) Phillip Lougher
[    0.944763] jffs2: version 2.2. (NAND) Â© 2001-2006 Red Hat, Inc.
[    0.948480] romfs: ROMFS MTD (C) 2007 Red Hat, Inc.
[    0.974202] Block layer SCSI generic (bsg) driver version 0.4 loaded (major 251)
[    0.974955] io scheduler noop registered
[    0.976001] io scheduler cfq registered (default)
[    0.977120] firmadyne: devfs: 1, execute: 1, procfs: 1, syscall: 1
[    0.983312] firmadyne: Cannot register character device: gpio, 0xfc, 0x0!
[    0.992524] firmadyne: Cannot register character device: watchdog, 0xa, 0x82!
[    0.993046] firmadyne: Cannot register character device: wdt, 0xfd, 0x0!
[    2.827259] strName = 4.1.17+
[    2.827259] init_task_addr  = 2155778944
[    2.827259] init_task_size  = 1296
[    2.827259] ts_tasks        = 292
[    2.827259] ts_pid          = 408
[    2.827259] ts_tgid         = 412
[    2.827259] ts_group_leader = 440
[    2.827259] ts_thread_group = 496
[    2.827259] ts_real_parent  = 416
[    2.827259] ts_mm           = 300
[    2.827259] ts_stack        = 4
[    2.829892] module_name   = 12
[    2.829892] module_size   = 208
[    2.829892] module_init   = 200
[    2.829892] module_list   = 4
[    2.830894] ts_real_cred    = 624
[    2.830894] ts_cred         = 628
[    2.830894] ts_comm         = 632
[    2.830894] cred_uid        = 4
[    2.830894] cred_gid        = 8
[    2.830894] cred_euid       = 20
[    2.830894] cred_egid       = 24
[    2.832854] mm_mmap         = 0
[    2.832854] mm_pgd          = 32
[    2.832854] mm_arg_start    = 136
[    2.832854] mm_start_brk    = 124
[    2.832854] mm_brk          = 128
[    2.832854] mm_start_stack  = 132
[    2.834287] vma_vm_start    = 0
[    2.834287] vma_vm_end      = 4
[    2.834287] vma_vm_next     = 8
[    2.834287] vma_vm_file     = 80
[    2.834287] vma_vm_flags    = 40
[    2.834287] vma_vm_pgoff    = 76
[    2.835878] file_dentry     = 12
[    2.835878] file_inode      = 40
[    2.835878] dentry_d_name   = 24
[    2.835878] dentry_d_iname  = 44
[    2.835878] dentry_d_parent = 16
[    2.835878] ti_task         = 0
[    2.835878] inode_ino   = 28
[    3.983087] proc_fork_connector  = 2151078840
[    3.983640] proc_exit_connector  = 2151080432
[    3.983977] proc_exec_connector  = 2151079052
[    3.984299] vma_link  = 2149124372
[    3.984578] vma_adjust  = 2149124540
[    3.984884] remove_vma  = 2149122188
[    3.985185] modules  = 2155833724
[    3.985479] trim_init_extable  = 2150545316
[    3.986821] cfg80211: Calling CRDA to update world regulatory domain
[    3.990458] PCI: Enabling device 0000:00:12.0 (0000 -> 0002)
[    3.992079] cirrusfb 0000:00:12.0: Cirrus Logic chipset on PCI bus, RAM (4096 kB) at 0x10000000
[    4.240889] Console: switching to colour frame buffer device 80x30
[    4.316615] Serial: 8250/16550 driver, 4 ports, IRQ sharing enabled
[    4.332098] console [ttyS0] disabled
[    4.359742] serial8250.0: ttyS0 at I/O 0x3f8 (irq = 4, base_baud = 115200) is a 16550A
[    4.360939] console [ttyS0] enabled
[    4.360939] console [ttyS0] enabled
[    4.361538] bootconsole [uart0] disabled
[    4.361538] bootconsole [uart0] disabled
[    4.392779] serial8250.0: ttyS1 at I/O 0x2f8 (irq = 3, base_baud = 115200) is a 16550A
[    4.525590] brd: module loaded
[    4.596489] loop: module loaded
[    4.605076] ata_piix 0000:00:0a.1: version 2.13
[    4.605725] PCI: Enabling device 0000:00:0a.1 (0000 -> 0001)
[    4.635980] scsi host0: ata_piix
[    4.642055] scsi host1: ata_piix
[    4.646366] ata1: PATA max UDMA/33 cmd 0x1f0 ctl 0x3f6 bmdma 0x1460 irq 14
[    4.646932] ata2: PATA max UDMA/33 cmd 0x170 ctl 0x376 bmdma 0x1468 irq 15
[    4.654534] [nandsim] warning: read_byte: unexpected data output cycle, state is STATE_READY return 0x0
[    4.655187] [nandsim] warning: read_byte: unexpected data output cycle, state is STATE_READY return 0x0
[    4.656039] [nandsim] warning: read_byte: unexpected data output cycle, state is STATE_READY return 0x0
[    4.656657] [nandsim] warning: read_byte: unexpected data output cycle, state is STATE_READY return 0x0
[    4.657273] [nandsim] warning: read_byte: unexpected data output cycle, state is STATE_READY return 0x0
[    4.657886] [nandsim] warning: read_byte: unexpected data output cycle, state is STATE_READY return 0x0
[    4.658693] nand: device found, Manufacturer ID: 0x98, Chip ID: 0x39
[    4.659163] nand: Toshiba NAND 128MiB 1,8V 8-bit
[    4.659807] nand: 128 MiB, SLC, erase size: 16 KiB, page size: 512, OOB size: 16
[    4.661598] flash size: 128 MiB
[    4.661886] page size: 512 bytes
[    4.662167] OOB area size: 16 bytes
[    4.662457] sector size: 16 KiB
[    4.662728] pages number: 262144
[    4.663011] pages per sector: 32
[    4.663455] bus width: 8
[    4.663705] bits in sector size: 14
[    4.664000] bits in page size: 9
[    4.664283] bits in OOB size: 4
[    4.664565] flash size with OOB: 135168 KiB
[    4.664889] page address bytes: 4
[    4.665170] sector address bytes: 3
[    4.665459] options: 0x42
[    4.761053] Scanning device for bad blocks
[    6.124412] ata1.01: NODEV after polling detection
[    6.125438] ata2.01: NODEV after polling detection
[    6.127966] ata2.00: ATAPI: QEMU DVD-ROM, 2.5+, max UDMA/100
[    6.130520] ata1.00: ATA-7: QEMU HARDDISK, 2.5+, max UDMA/100
[    6.131031] ata1.00: 2097152 sectors, multi 16: LBA48 
[    6.137340] ata2.00: configured for UDMA/33
[    6.140847] ata1.00: configured for UDMA/33
[    6.149463] scsi 0:0:0:0: Direct-Access     ATA      QEMU HARDDISK    2.5+ PQ: 0 ANSI: 5
[    6.167189] sd 0:0:0:0: [sda] 2097152 512-byte logical blocks: (1.07 GB/1.00 GiB)
[    6.169156] scsi 1:0:0:0: CD-ROM            QEMU     QEMU DVD-ROM     2.5+ PQ: 0 ANSI: 5
[    6.183177] sd 0:0:0:0: [sda] Write Protect is off
[    6.183951] sd 0:0:0:0: [sda] Mode Sense: 00 3a 00 00
[    6.185593] sd 0:0:0:0: [sda] Write cache: enabled, read cache: enabled, doesn't support DPO or FUA
[    6.198739]  sda: sda1
[    6.212616] sd 0:0:0:0: [sda] Attached SCSI disk
[    6.213236] Creating 11 MTD partitions on "NAND 128MiB 1,8V 8-bit":
[    6.213938] 0x000000000000-0x000000100000 : "NAND simulator partition 0"
[    6.226328] 0x000000100000-0x000000200000 : "NAND simulator partition 1"
[    6.238190] 0x000000200000-0x000000300000 : "NAND simulator partition 2"
[    6.250120] 0x000000300000-0x000000400000 : "NAND simulator partition 3"
[    6.262081] 0x000000400000-0x000000500000 : "NAND simulator partition 4"
[    6.274331] 0x000000500000-0x000000600000 : "NAND simulator partition 5"
[    6.286628] 0x000000600000-0x000000700000 : "NAND simulator partition 6"
[    6.299239] 0x000000700000-0x000000800000 : "NAND simulator partition 7"
[    6.312130] 0x000000800000-0x000000900000 : "NAND simulator partition 8"
[    6.323811] 0x000000900000-0x000000a00000 : "NAND simulator partition 9"
[    6.335479] 0x000000a00000-0x000008000000 : "NAND simulator partition 10"
[    6.388075] tun: Universal TUN/TAP device driver, 1.6
[    6.388500] tun: (C) 1999-2004 Max Krasnyansky <maxk@qualcomm.com>
[    6.392701] pcnet32: pcnet32.c:v1.35 21.Apr.2008 tsbogend@alpha.franken.de
[    6.394209] e1000: Intel(R) PRO/1000 Network Driver - version 7.3.21-k8-NAPI
[    6.394720] e1000: Copyright (c) 1999-2006 Intel Corporation.
[    6.396019] PCI: Enabling device 0000:00:13.0 (0000 -> 0003)
[    6.738395] e1000 0000:00:13.0 eth0: (PCI:33MHz:32-bit) 52:54:00:12:34:56
[    6.739252] e1000 0000:00:13.0 eth0: Intel(R) PRO/1000 Network Connection
[    6.740301] PCI: Enabling device 0000:00:14.0 (0000 -> 0003)
[    7.093158] e1000 0000:00:14.0 eth1: (PCI:33MHz:32-bit) 52:54:00:12:34:57
[    7.093831] e1000 0000:00:14.0 eth1: Intel(R) PRO/1000 Network Connection
[    7.094665] PCI: Enabling device 0000:00:15.0 (0000 -> 0003)
[    7.375678] cfg80211: Calling CRDA to update world regulatory domain
[    7.437675] e1000 0000:00:15.0 eth2: (PCI:33MHz:32-bit) 52:54:00:12:34:58
[    7.438317] e1000 0000:00:15.0 eth2: Intel(R) PRO/1000 Network Connection
[    7.439109] PCI: Enabling device 0000:00:16.0 (0000 -> 0003)
[    7.786205] e1000 0000:00:16.0 eth3: (PCI:33MHz:32-bit) 52:54:00:12:34:59
[    7.786809] e1000 0000:00:16.0 eth3: Intel(R) PRO/1000 Network Connection
[    7.788519] e1000e: Intel(R) PRO/1000 Network Driver - 2.3.2-k
[    7.788940] e1000e: Copyright(c) 1999 - 2014 Intel Corporation.
[    7.794329] PPP generic driver version 2.4.2
[    7.797064] PPP Deflate Compression module registered
[    7.797827] PPP MPPE Compression module registered
[    7.798313] NET: Registered protocol family 24
[    7.799148] ehci_hcd: USB 2.0 'Enhanced' Host Controller (EHCI) Driver
[    7.799941] ehci-pci: EHCI PCI platform driver
[    7.801318] ohci_hcd: USB 1.1 'Open' Host Controller (OHCI) Driver
[    7.801881] ohci-pci: OHCI PCI platform driver
[    7.803464] uhci_hcd: USB Universal Host Controller Interface driver
[    7.805308] uhci_hcd 0000:00:0a.2: UHCI Host Controller
[    7.806214] uhci_hcd 0000:00:0a.2: new USB bus registered, assigned bus number 1
[    7.807594] uhci_hcd 0000:00:0a.2: irq 11, io base 0x00001440
[    7.821923] hub 1-0:1.0: USB hub found
[    7.822833] hub 1-0:1.0: 2 ports detected
[    7.834869] usbcore: registered new interface driver usb-storage
[    7.840299] mousedev: PS/2 mouse device common for all mice
[    7.847913] rtc_cmos rtc_cmos: rtc core: registered rtc_cmos as rtc0
[    7.848810] rtc_cmos rtc_cmos: alarms up to one day, 242 bytes nvram
[    7.850503] i2c /dev entries driver
[    7.852132] piix4_smbus 0000:00:0a.3: SMBus Host Controller at 0x1100, revision 0
[    7.857705] sdhci: Secure Digital Host Controller Interface driver
[    7.858136] sdhci: Copyright(c) Pierre Ossman
[    7.861071] hidraw: raw HID events driver (C) Jiri Kosina
[    7.883858] usbcore: registered new interface driver usbhid
[    7.884261] usbhid: USB HID core driver
[    7.885519] Netfilter messages via NETLINK v0.30.
[    7.887084] nf_conntrack version 0.5.0 (3923 buckets, 15692 max)
[    7.891443] ctnetlink v0.93: registering with nfnetlink.
[    7.898681] ipip: IPv4 over IPv4 tunneling driver
[    7.913977] ip_tables: (C) 2000-2006 Netfilter Core Team
[    7.917566] arp_tables: (C) 2002 David S. Miller
[    7.919875] Initializing XFRM netlink socket
[    7.921279] NET: Registered protocol family 10
[    7.948580] ip6_tables: (C) 2000-2006 Netfilter Core Team
[    7.953363] sit: IPv6 over IPv4 tunneling driver
[    7.975548] NET: Registered protocol family 17
[    7.976700] bridge: automatic filtering via arp/ip/ip6tables has been deprecated. Update your scripts to load br_netfilter if you need this.
[    7.978046] Bridge firewalling registered
[    7.978562] Ebtables v2.0 registered
[    7.981464] 8021q: 802.1Q VLAN Support v1.8
[    8.010082] rtc_cmos rtc_cmos: setting system clock to 2025-07-23 02:28:28 UTC (1753237708)
[    8.036478] EXT2-fs (sda1): warning: mounting unchecked fs, running e2fsck is recommended
[    8.038846] VFS: Mounted root (ext2 filesystem) on device 8:1.
[    8.049967] Freeing YAMON memory: 956k freed
[    8.062953] Freeing unused kernel memory: 260K (8081f000 - 80860000)
[    8.105420] firmadyne: sys_reboot[PID: 48 (init)]: magic1:fee1dead, magic2:28121969, cmd:0
init started:  BusyBox v1.00 (2007.12.04-12:53+0000) multi-call binary
Starting pid 50, console /dev/tts/0: '/etc/init.d/rcS'
[    8.147664] spurious 8259A interrupt: IRQ7.
[    8.266167] firmadyne: do_execve: /firmadyne/console
[    8.266852] OFFSETS: offset of pid: 0x198 offset of comm: 0x278
[/etc/init.d/S03config.sh]
Mounting proc and var ...
[    8.960004] firmadyne: sys_socket[PID: 71 (wps)]: family:1, type:1, protocol:0
[    8.972907] firmadyne: sys_socket[PID: 71 (wps)]: family:1, type:1, protocol:0
[    8.987654] random: wps urandom read with 91 bits of entropy available
[    9.013437] firmadyne: sys_socket[PID: 71 (wps)]: family:1, type:1, protocol:0
[   10.026287] firmadyne: sys_socket[PID: 71 (wps)]: family:1, type:1, protocol:0
[   10.521751] cfg80211: Calling CRDA to update world regulatory domain
[   11.045874] firmadyne: sys_socket[PID: 71 (wps)]: family:1, type:1, protocol:0
[   12.066768] firmadyne: sys_socket[PID: 71 (wps)]: family:1, type:1, protocol:0
[   12.079133] firmadyne: sys_socket[PID: 71 (wps)]: family:1, type:1, protocol:0
Start xmldb ...
[   12.301631] firmadyne: sys_socket[PID: 74 (xmldb)]: family:1, type:2, protocol:0
[/etc/scripts/misc/profile.sh] get ...
Can't get config from nvram, generate default!
[/etc/scripts/misc/profile.sh] reset ...
[   13.667781] cfg80211: Calling CRDA to update world regulatory domain
[   13.912597] firmadyne: sys_socket[PID: 92 (rgdb)]: family:1, type:2, protocol:0
[   13.976325] random: nonblocking pool is initialized
[/etc/scripts/misc/defnodes.sh] ...
[/etc/defnodes/S10setext.sh] ...
[   14.264468] firmadyne: sys_socket[PID: 100 (xmldbc)]: family:1, type:2, protocol:0
[   14.329145] firmadyne: sys_socket[PID: 101 (xmldbc)]: family:1, type:2, protocol:0
[   14.391199] firmadyne: sys_socket[PID: 102 (xmldbc)]: family:1, type:2, protocol:0
[   14.455124] firmadyne: sys_socket[PID: 103 (xmldbc)]: family:1, type:2, protocol:0
[   14.517930] firmadyne: sys_socket[PID: 104 (xmldbc)]: family:1, type:2, protocol:0
[   14.579798] firmadyne: sys_socket[PID: 105 (xmldbc)]: family:1, type:2, protocol:0
[   14.642942] firmadyne: sys_socket[PID: 106 (xmldbc)]: family:1, type:2, protocol:0
[   14.704130] firmadyne: sys_socket[PID: 107 (xmldbc)]: family:1, type:2, protocol:0
[   14.766615] firmadyne: sys_socket[PID: 108 (xmldbc)]: family:1, type:2, protocol:0
[   14.833076] firmadyne: sys_socket[PID: 109 (xmldbc)]: family:1, type:2, protocol:0
[   14.895313] firmadyne: sys_socket[PID: 110 (xmldbc)]: family:1, type:2, protocol:0
[   14.958064] firmadyne: sys_socket[PID: 111 (xmldbc)]: family:1, type:2, protocol:0
[   15.021359] firmadyne: sys_socket[PID: 112 (xmldbc)]: family:1, type:2, protocol:0
[   15.085482] firmadyne: sys_socket[PID: 113 (xmldbc)]: family:1, type:2, protocol:0
[   15.148272] firmadyne: sys_socket[PID: 114 (xmldbc)]: family:1, type:2, protocol:0
[   15.210996] firmadyne: sys_socket[PID: 115 (xmldbc)]: family:1, type:2, protocol:0
[   15.274452] firmadyne: sys_socket[PID: 116 (xmldbc)]: family:1, type:2, protocol:0
[   15.336943] firmadyne: sys_socket[PID: 117 (xmldbc)]: family:1, type:2, protocol:0
[   15.399156] firmadyne: sys_socket[PID: 118 (xmldbc)]: family:1, type:2, protocol:0
[   15.461728] firmadyne: sys_socket[PID: 119 (xmldbc)]: family:1, type:2, protocol:0
[   15.522728] firmadyne: sys_socket[PID: 120 (xmldbc)]: family:1, type:2, protocol:0
[   15.583658] firmadyne: sys_socket[PID: 121 (xmldbc)]: family:1, type:2, protocol:0
[   15.646421] firmadyne: sys_socket[PID: 122 (xmldbc)]: family:1, type:2, protocol:0
[   15.707336] firmadyne: sys_socket[PID: 123 (xmldbc)]: family:1, type:2, protocol:0
PHP [/etc/defnodes/S11setnodes.php] ...
[   15.831847] firmadyne: sys_socket[PID: 126 (rgdb)]: family:1, type:2, protocol:0
PHP [/etc/defnodes/S12features.php] ...
[   16.415218] firmadyne: sys_socket[PID: 137 (rgdb)]: family:1, type:2, protocol:0
PHP [/etc/defnodes/S13flashspeed.php] ...
[   16.545120] firmadyne: sys_socket[PID: 140 (rgdb)]: family:1, type:2, protocol:0
PHP [/etc/defnodes/S20setnodes.php] ...
[   16.774126] firmadyne: sys_socket[PID: 145 (rgdb)]: family:1, type:2, protocol:0
[   16.811737] cfg80211: Calling CRDA to update world regulatory domain
[   16.934862] firmadyne: sys_socket[PID: 149 (xmldbc)]: family:1, type:2, protocol:0
[   17.103788] firmadyne: sys_socket[PID: 152 (xmldbc)]: family:1, type:2, protocol:0
[   17.250391] firmadyne: sys_socket[PID: 156 (xmldbc)]: family:1, type:2, protocol:0
[   17.406087] firmadyne: sys_socket[PID: 159 (xmldbc)]: family:1, type:2, protocol:0
[   17.534675] firmadyne: sys_socket[PID: 162 (xmldbc)]: family:1, type:2, protocol:0
[   17.594451] firmadyne: sys_socket[PID: 163 (xmldbc)]: family:1, type:2, protocol:0
[   17.657516] firmadyne: sys_socket[PID: 164 (xmldbc)]: family:1, type:2, protocol:0
[   17.718539] firmadyne: sys_socket[PID: 165 (xmldbc)]: family:1, type:2, protocol:0
[   17.779855] firmadyne: sys_socket[PID: 166 (xmldbc)]: family:1, type:2, protocol:0
[   17.845328] firmadyne: sys_socket[PID: 167 (xmldbc)]: family:1, type:2, protocol:0
[   17.906273] firmadyne: sys_socket[PID: 168 (xmldbc)]: family:1, type:2, protocol:0
[   18.068989] EXT3-fs (mtdblock6): error: can't find ext3 filesystem on dev mtdblock6.
[   18.076012] EXT2-fs (mtdblock6): error: can't find an ext2 filesystem on dev mtdblock6.
[   18.082710] EXT4-fs (mtdblock6): VFS: Can't find ext4 filesystem
[   18.097429] cramfs: wrong magic
[   18.104563] squashfs: SQUASHFS error: Can't find a SQUASHFS superblock on mtdblock6
[   18.111645] FAT-fs (mtdblock6): bogus logical sector size 65535
[   18.112354] FAT-fs (mtdblock6): Can't find a valid FAT filesystem
[   18.124169] romfs: VFS: Can't find a romfs filesystem on dev mtdblock6.
[   18.131184] UDF-fs: warning (device mtdblock6): udf_load_vrs: No VRS found
[   18.132238] UDF-fs: warning (device mtdblock6): udf_fill_super: No partition found (2)
mount: Mounting /dev/mtdblock/6 on /www/locale/alt failed: Invalid argument
[   18.276876] firmadyne: sys_socket[PID: 177 (xmldbc)]: family:1, type:2, protocol:0
[   18.487670] firmadyne: sys_socket[PID: 184 (xmldbc)]: family:1, type:2, protocol:0
[   18.613233] firmadyne: sys_socket[PID: 187 (xmldbc)]: family:1, type:2, protocol:0
[   18.674315] firmadyne: sys_socket[PID: 188 (xmldbc)]: family:1, type:2, protocol:0
PHP [/etc/defnodes/S40brand.php] ...
[   18.791123] firmadyne: sys_socket[PID: 191 (rgdb)]: family:1, type:2, protocol:0
[/etc/scripts/misc/defnodes.sh] Done !!
[/etc/scripts/misc/profile.sh] put ...
[   19.216685] firmadyne: sys_socket[PID: 200 (rgdb)]: family:1, type:2, protocol:0
ok
[/etc/templates/timezone.sh] ...
[   19.769248] firmadyne: sys_socket[PID: 209 (rgdb)]: family:1, type:2, protocol:0
[   19.955709] cfg80211: Calling CRDA to update world regulatory domain
[   19.971696] firmadyne: sys_socket[PID: 214 (rgdb)]: family:1, type:2, protocol:0
[   20.658142] firmadyne: sys_socket[PID: 218 (rgdb)]: family:1, type:2, protocol:0
[   20.749543] firmadyne: sys_socket[PID: 220 (rgdb)]: family:1, type:2, protocol:0
[   20.841385] firmadyne: sys_socket[PID: 222 (rgdb)]: family:1, type:2, protocol:0
[/etc/templates/logs.sh] ...
[   21.061721] firmadyne: sys_socket[PID: 228 (rgdb)]: family:1, type:2, protocol:0
[   21.164952] firmadyne: sys_socket[PID: 230 (rgdb)]: family:1, type:2, protocol:0
[/var/run/logs_run.sh] ...
[   21.502411] firmadyne: sys_socket[PID: 234 (syslogd)]: family:1, type:1, protocol:0
Inserting modules ...
Using /lib/modules/wlan.o
insmod: Not configured to support old kernels
Using /lib/modules/wlan_xauth.o
insmod: Not configured to support old kernels
Using /lib/modules/wlan_wep.o
insmod: Not configured to support old kernels
Using /lib/modules/wlan_tkip.o
insmod: Not configured to support old kernels
Using /lib/modules/wlan_scan_sta.o
insmod: Not configured to support old kernels
Using /lib/modules/wlan_scan_ap.o
insmod: Not configured to support old kernels
Using /lib/modules/wlan_ccmp.o
insmod: Not configured to support old kernels
Using /lib/modules/wlan_acl.o
insmod: Not configured to support old kernels
Using /lib/modules/ath_hal.o
insmod: Not configured to support old kernels
Using /lib/modules/ath_rate_atheros.o
insmod: Not configured to support old kernels
Using /lib/modules/ath_dfs.o
insmod: Not configured to support old kernels
[   22.291852] firmadyne: sys_socket[PID: 253 (rgdb)]: family:1, type:2, protocol:0
The countrycode is 840.
Using /lib/modules/ath_ahb.o
insmod: Not configured to support old kernels
[   22.623920] firmadyne: sys_socket[PID: 260 (wlanconfig)]: family:2, type:1, protocol:0
wlanconfig: ioctl: No such device
[   22.812974] firmadyne: sys_socket[PID: 268 (ifconfig)]: family:2, type:1, protocol:0
SIOCSIFHWADDR: No such device
Using /lib/modules/ar231x_access.o
insmod: Not configured to support old kernels
[   23.040902] firmadyne: sys_socket[PID: 277 (ifconfig)]: family:2, type:1, protocol:0
[   23.060394] IPv6: ADDRCONF(NETDEV_UP): eth0: link is not ready
[   23.061027] 8021q: adding VLAN 0 to HW filter on device eth0
[   23.066643] e1000: eth0 NIC Link is Up 1000 Mbps Full Duplex, Flow Control: RX
[   23.070833] IPv6: ADDRCONF(NETDEV_CHANGE): eth0: link becomes ready
[   23.100480] cfg80211: Calling CRDA to update world regulatory domain
[   23.141839] firmadyne: sys_socket[PID: 278 (rgdb)]: family:1, type:2, protocol:0
[   23.225865] firmadyne: sys_socket[PID: 280 (rgdb)]: family:1, type:2, protocol:0
[   23.331052] firmadyne: sys_socket[PID: 282 (rgdb)]: family:1, type:2, protocol:0
[   23.419751] firmadyne: sys_socket[PID: 284 (vconfig)]: family:2, type:2, protocol:0
Set name-type for VLAN subsystem. Should be visible in /proc/net/vlan/config
[   23.481445] firmadyne: sys_socket[PID: 285 (vconfig)]: family:2, type:2, protocol:0
[   23.483053] firmadyne: register_vlan_dev[PID: 285 (vconfig)]: dev:eth0.0 vlan_id:0
[   23.561824] firmadyne: sys_socket[PID: 286 (vconfig)]: family:2, type:2, protocol:0
[   23.563314] firmadyne: register_vlan_dev[PID: 286 (vconfig)]: dev:eth0.2 vlan_id:2
[   23.640015] firmadyne: sys_socket[PID: 287 (brctl)]: family:2, type:2, protocol:0
[   23.719307] firmadyne: sys_socket[PID: 288 (brctl)]: family:2, type:2, protocol:0
[   23.725553] firmadyne: sys_socket[PID: 288 (brctl)]: family:10, type:1, protocol:0
[   23.785826] firmadyne: sys_socket[PID: 289 (brctl)]: family:2, type:2, protocol:0
[   23.791393] firmadyne: sys_socket[PID: 289 (brctl)]: family:10, type:1, protocol:0
[   23.823192] firmadyne: sys_socket[PID: 290 (ifconfig)]: family:2, type:1, protocol:0
[   23.825799] firmadyne: __inet_insert_ifa[PID: 290 (ifconfig)]: device:br0 ifa:0x00000000
[/etc/templates/webs.sh] start ...
[   24.017343] firmadyne: sys_socket[PID: 294 (rgdb)]: family:1, type:2, protocol:0
[   24.155248] firmadyne: sys_socket[PID: 295 (rgdb)]: family:1, type:2, protocol:0
[/var/run/webs_start.sh] ...
Starting HTTPD ...
[/etc/init.d/S03config.sh] done!
[/etc/init.d/S10system.sh]
[   24.574310] firmadyne: sys_socket[PID: 304 (rgdb)]: family:1, type:2, protocol:0
start scheduled ...
[/etc/templates/scheduled.sh] start ...
[   24.959018] firmadyne: sys_socket[PID: 309 (rgdb)]: family:1, type:2, protocol:0
[   25.043111] firmadyne: sys_socket[PID: 312 (route)]: family:2, type:1, protocol:0
[   25.228432] firmadyne: sys_socket[PID: 315 (xmldbc)]: family:1, type:2, protocol:0
[   25.234381] firmadyne: sys_socket[PID: 313 (httpd)]: family:2, type:2, protocol:0
[   25.237396] firmadyne: sys_setsockopt[PID: 313 (httpd)]: fd:4, level:65535, optname:4
[   25.238813] firmadyne: sys_setsockopt[PID: 313 (httpd)]: fd:4, level:65535, optname:25
[   25.251875] firmadyne: inet_bind[PID: 313 (httpd)]: proto:SOCK_STREAM, port:49152
[   25.253707] firmadyne: sys_socket[PID: 313 (httpd)]: family:2, type:1, protocol:0
[   25.254774] firmadyne: sys_setsockopt[PID: 313 (httpd)]: fd:5, level:65535, optname:4
[   25.263837] firmadyne: sys_setsockopt[PID: 313 (httpd)]: fd:5, level:65535, optname:25
[   25.264873] firmadyne: inet_bind[PID: 313 (httpd)]: proto:SOCK_DGRAM, port:1900
[   25.266008] firmadyne: sys_setsockopt[PID: 313 (httpd)]: fd:5, level:0, optname:35
[   25.270247] firmadyne: sys_socket[PID: 313 (httpd)]: family:2, type:2, protocol:0
[   25.271391] firmadyne: sys_setsockopt[PID: 313 (httpd)]: fd:6, level:65535, optname:4
[   25.279963] firmadyne: sys_setsockopt[PID: 313 (httpd)]: fd:6, level:65535, optname:25
[   25.280984] firmadyne: inet_bind[PID: 313 (httpd)]: proto:SOCK_STREAM, port:80
[   25.366333] firmadyne: sys_socket[PID: 313 (httpd)]: family:1, type:1, protocol:0
[   25.388312] firmadyne: sys_socket[PID: 316 (xmldbc)]: family:1, type:2, protocol:0
[/var/run/scheduled_start.sh] ...
Start scheduled ...
setup layout ...
[   25.628936] firmadyne: sys_socket[PID: 320 (scheduled)]: family:1, type:1, protocol:0
[/etc/scripts/layout.sh] start ...
[   25.761643] firmadyne: sys_socket[PID: 325 (rgdb)]: family:1, type:2, protocol:0
[   25.920208] firmadyne: sys_socket[PID: 326 (rgdb)]: family:1, type:2, protocol:0
[/var/run/layout_start.sh] ...
Start router layout ...
/proc/driver/ae531x: cannot create
/proc/driver/ae531x: cannot create
/proc/driver/ae531x: cannot create
/proc/driver/ae531x: cannot create
/proc/driver/ae531x: cannot create
/proc/driver/ae531x: cannot create
/proc/driver/ae531x: cannot create
/proc/driver/ae531x: cannot create
/proc/driver/ae531x: cannot create
/proc/driver/ae531x: cannot create
[   26.244248] cfg80211: Calling CRDA to update world regulatory domain
[   26.256307] firmadyne: sys_socket[PID: 340 (ifconfig)]: family:2, type:1, protocol:0
[   26.284602] firmadyne: sys_socket[PID: 341 (ifconfig)]: family:2, type:1, protocol:0
[   26.353023] firmadyne: sys_socket[PID: 342 (brctl)]: family:2, type:2, protocol:0
[   26.358765] firmadyne: sys_socket[PID: 342 (brctl)]: family:10, type:1, protocol:0
[   26.361661] firmadyne: sys_socket[PID: 342 (brctl)]: family:10, type:1, protocol:0
interface ath0 does not exist!
[   26.447675] firmadyne: sys_socket[PID: 347 (brctl)]: family:2, type:2, protocol:0
[   26.453547] firmadyne: sys_socket[PID: 347 (brctl)]: family:10, type:1, protocol:0
[   26.457987] firmadyne: sys_socket[PID: 347 (brctl)]: family:10, type:1, protocol:0
[   26.461641] firmadyne: br_add_if[PID: 347 (brctl)]: br:br0 dev:eth0.0
[   26.468379] device eth0.0 entered promiscuous mode
[   26.468931] device eth0 entered promiscuous mode
[   26.472512] br0: port 1(eth0.0) entered forwarding state
[   26.473582] br0: port 1(eth0.0) entered forwarding state
[   26.532152] firmadyne: sys_socket[PID: 348 (brctl)]: family:2, type:2, protocol:0
[   26.537666] firmadyne: sys_socket[PID: 348 (brctl)]: family:10, type:1, protocol:0
[   26.542459] firmadyne: sys_socket[PID: 348 (brctl)]: family:10, type:1, protocol:0
can't find port ath0 in bridge br0
[   26.593627] firmadyne: sys_socket[PID: 353 (ifconfig)]: family:2, type:1, protocol:0
[   26.652353] firmadyne: sys_socket[PID: 354 (rgdb)]: family:1, type:2, protocol:0
start LAN ...
[/etc/templates/lan.sh] ...
[   26.868487] firmadyne: sys_socket[PID: 359 (rgdb)]: family:1, type:2, protocol:0
[   27.205638] firmadyne: sys_socket[PID: 360 (rgdb)]: family:1, type:2, protocol:0
[/var/run/lan_start.sh] ...
Start LAN (br0/192.168.0.1/255.255.255.0)...
[   27.513603] firmadyne: sys_socket[PID: 364 (ifconfig)]: family:2, type:1, protocol:0
[   27.515862] firmadyne: __inet_insert_ifa[PID: 364 (ifconfig)]: device:br0 ifa:0xc0a80001
Start DHCP server (br0) ...
[   27.741837] firmadyne: sys_socket[PID: 368 (dhcpxmlpatch)]: family:1, type:2, protocol:0
start fresetd ...
[   27.835824] firmadyne: sys_socket[PID: 367 (udhcpd)]: family:2, type:3, protocol:255
[   27.838745] firmadyne: sys_socket[PID: 367 (udhcpd)]: family:2, type:1, protocol:17
enable LAN ports ...
[   27.851973] firmadyne: sys_setsockopt[PID: 367 (udhcpd)]: fd:5, level:65535, optname:4
[   27.852947] firmadyne: sys_setsockopt[PID: 367 (udhcpd)]: fd:5, level:65535, optname:32
[   27.853898] firmadyne: sys_setsockopt[PID: 367 (udhcpd)]: fd:5, level:65535, optname:25
[   27.854864] firmadyne: inet_bind[PID: 367 (udhcpd)]: proto:SOCK_DGRAM, port:67
Factory reset time : 5 secs
WPS command : [/etc/templates/wps.sh pbc &]
/proc/driver/ae531x: cannot create
gpio_outen: can not open [/proc/ar231x/gpio_cr7/proc/driver/ae531x: cannot create
] to write.
/proc/driver/ae531x: cannot create
/proc/driver/ae531x: cannot create
start WLAN ...
[/etc/templates/wlan.sh] start ...
[   28.185972] firmadyne: sys_socket[PID: 383 (rgdb)]: family:1, type:2, protocol:0
[   28.444829] firmadyne: inet_accept[PID: 313 (httpd)]:
[   28.446608] firmadyne: inet_accept[PID: 313 (httpd)]:
[   28.866161] firmadyne: sys_socket[PID: 386 (rgdb)]: family:1, type:2, protocol:0
[/var/run/wlan_start.sh] ...
Start WLAN interface ath0 ...
[   29.284966] firmadyne: sys_socket[PID: 390 (iwpriv)]: family:2, type:1, protocol:0
ath0      no private ioctls.

[   29.341802] firmadyne: sys_socket[PID: 391 (iwpriv)]: family:2, type:1, protocol:0
ath0      no private ioctls.

[   29.387695] cfg80211: Calling CRDA to update world regulatory domain
[   29.402912] firmadyne: sys_socket[PID: 392 (iwpriv)]: family:2, type:1, protocol:0
ath0      no private ioctls.

[   29.462084] firmadyne: sys_socket[PID: 393 (brctl)]: family:2, type:2, protocol:0
[   29.468143] firmadyne: sys_socket[PID: 393 (brctl)]: family:10, type:1, protocol:0
[   29.471073] firmadyne: sys_socket[PID: 393 (brctl)]: family:10, type:1, protocol:0
can't find port ath0 in bridge br0
[   29.627640] firmadyne: sys_socket[PID: 399 (iwpriv)]: family:2, type:1, protocol:0
ath0      no private ioctls.

[   29.649335] firmadyne: sys_socket[PID: 398 (atp)]: family:1, type:2, protocol:0
[   29.769414] firmadyne: sys_socket[PID: 400 (iwpriv)]: family:2, type:1, protocol:0
ath0      no private ioctls.

[   29.884490] firmadyne: sys_socket[PID: 401 (iwpriv)]: family:2, type:1, protocol:0
ath0      no private ioctls.

[   29.998333] firmadyne: sys_socket[PID: 402 (iwpriv)]: family:2, type:1, protocol:0
ath0      no private ioctls.

[   30.126480] firmadyne: sys_socket[PID: 403 (iwpriv)]: family:2, type:1, protocol:0
ath0      no private ioctls.

[   30.241665] firmadyne: sys_socket[PID: 404 (iwconfig)]: family:2, type:1, protocol:0
Error for wireless request "Set Frequency" (8B04) :
    SET failed on device ath0 ; Invalid argument.
[   30.365342] firmadyne: sys_socket[PID: 405 (iwconfig)]: family:2, type:1, protocol:0
Error for wireless request "Set RTS Threshold" (8B22) :
    SET failed on device ath0 ; Invalid argument.
[   30.482893] firmadyne: sys_socket[PID: 406 (iwconfig)]: family:2, type:1, protocol:0
Error for wireless request "Set Fragmentation Threshold" (8B24) :
    SET failed on device ath0 ; Invalid argument.
[   30.610460] firmadyne: sys_socket[PID: 407 (iwconfig)]: family:2, type:1, protocol:0
Error for wireless request "Set Bit Rate" (8B20) :
    SET failed on device ath0 ; Invalid argument.
[   30.750583] firmadyne: sys_socket[PID: 408 (iwpriv)]: family:2, type:1, protocol:0
ath0      no private ioctls.

[   30.811186] firmadyne: sys_socket[PID: 409 (iwpriv)]: family:2, type:1, protocol:0
ath0      no private ioctls.

/proc/net/br_forward_br0: cannot create
[   30.883154] firmadyne: sys_socket[PID: 411 (iwpriv)]: family:2, type:1, protocol:0
ath0      no private ioctls.

[   30.939057] firmadyne: sys_socket[PID: 412 (iwpriv)]: family:2, type:1, protocol:0
ath0      no private ioctls.

[   30.995300] firmadyne: sys_socket[PID: 413 (iwpriv)]: family:2, type:1, protocol:0
ath0      no private ioctls.

[   31.056859] firmadyne: sys_socket[PID: 414 (iwpriv)]: family:2, type:1, protocol:0
ath0      no private ioctls.

[   31.112301] firmadyne: sys_socket[PID: 415 (iwconfig)]: family:2, type:1, protocol:0
Error for wireless request "Set ESSID" (8B1A) :
    SET failed on device ath0 ; Invalid argument.
[   31.199453] firmadyne: sys_socket[PID: 418 (ifconfig)]: family:2, type:1, protocol:0
SIOCGIFFLAGS: No such device
[   31.326294] firmadyne: sys_socket[PID: 417 (wlxmlpatch)]: family:1, type:2, protocol:0
[   31.357350] firmadyne: sys_socket[PID: 417 (wlxmlpatch)]: family:1, type:2, protocol:0
[   31.378004] firmadyne: sys_socket[PID: 417 (wlxmlpatch)]: family:2, type:1, protocol:0
madwifi_poll: ioctl_get_ssid() fail, return -Configuration file: /var/run/hostapd.ath0.conf
1 !
[   31.397741] firmadyne: sys_socket[PID: 417 (wlxmlpatch)]: family:1, type:2, protocol:0
[   31.436044] firmadyne: sys_socket[PID: 416 (hostapd)]: family:2, type:1, protocol:0
[   31.499046] firmadyne: sys_socket[PID: 423 (atp)]: family:1, type:2, protocol:0
[   31.506581] firmadyne: sys_socket[PID: 424 (usockc)]: family:1, type:1, protocol:0
ioctl(SIOCGIFINDEX): No such device
madwifi driver initialization failed.
Unable to open socket file : /var/run/fresetd_unixsock
[/etc/templates/wps.sh] setie ...
[   31.845620] firmadyne: sys_socket[PID: 431 (xmldbc)]: family:1, type:2, protocol:0
[   31.990243] firmadyne: sys_socket[PID: 432 (wps)]: family:1, type:1, protocol:0
[   32.476039] firmadyne: sys_socket[PID: 433 (atp)]: family:1, type:2, protocol:0
[   32.531748] cfg80211: Calling CRDA to update world regulatory domain
[/usr/sbin/submit] COMMIT ...
[   34.124179] firmadyne: sys_socket[PID: 439 (xmldbc)]: family:1, type:2, protocol:0
[/etc/scripts/misc/profile.sh] put ...
[   34.726977] firmadyne: sys_socket[PID: 445 (rgdb)]: family:1, type:2, protocol:0
ok
[   35.675778] cfg80211: Exceeded CRDA call max attempts. Not calling CRDA
[/usr/sbin/submit] ROUTE ...
[   35.900107] firmadyne: sys_socket[PID: 455 (xmldbc)]: family:1, type:2, protocol:0
[/etc/templates/route.sh] restart ...
[   36.425092] firmadyne: sys_socket[PID: 459 (xmldbc)]: family:1, type:2, protocol:0
[   36.576803] firmadyne: sys_socket[PID: 460 (xmldbc)]: family:1, type:2, protocol:0
[   36.831265] firmadyne: sys_socket[PID: 462 (atp)]: family:1, type:2, protocol:0
[/var/run/route_start.sh] ...
[   37.633292] firmadyne: sys_socket[PID: 432 (wps)]: family:1, type:1, protocol:0
[   38.647882] firmadyne: sys_socket[PID: 432 (wps)]: family:1, type:1, protocol:0
[   39.657931] firmadyne: sys_socket[PID: 432 (wps)]: family:1, type:1, protocol:0
[/usr/sbin/submit] COMMIT ...
[   40.228196] firmadyne: sys_socket[PID: 469 (xmldbc)]: family:1, type:2, protocol:0
[/etc/scripts/misc/profile.sh] put ...
[   40.538440] firmadyne: sys_socket[PID: 475 (rgdb)]: family:1, type:2, protocol:0
[   40.680340] firmadyne: sys_socket[PID: 432 (wps)]: family:1, type:1, protocol:0
[   40.682255] firmadyne: sys_socket[PID: 432 (wps)]: family:1, type:1, protocol:0
[   40.693007] firmadyne: sys_socket[PID: 432 (wps)]: family:1, type:1, protocol:0
ok
[/usr/sbin/submit] ROUTE ...
[   41.194455] firmadyne: sys_socket[PID: 485 (xmldbc)]: family:1, type:2, protocol:0
[/etc/templates/route.sh] restart ...
[/var/run/route_stop.sh] ...
[   41.545719] firmadyne: sys_socket[PID: 491 (xmldbc)]: family:1, type:2, protocol:0
[   41.699889] firmadyne: sys_socket[PID: 432 (wps)]: family:1, type:1, protocol:0
[   41.727098] firmadyne: sys_socket[PID: 492 (xmldbc)]: family:1, type:2, protocol:0
[   41.975149] firmadyne: sys_socket[PID: 493 (atp)]: family:1, type:2, protocol:0
[/var/run/route_start.sh] ...
[   42.594865] 
do_page_fault(): sending SIGSEGV to xmldb for invalid write access to 7f93d000
[   42.596033] epc = 7734b07c in libc.so.0[772f9000+63000]
[   42.597145] ra  = 0040bd44 in xmldb[400000+14000]
[   42.597908] 
[   42.602196] potentially unexpected fatal signal 11.
[   42.603047] CPU: 0 PID: 74 Comm: xmldb Not tainted 4.1.17+ #1
[   42.604174] task: 8f092558 ti: 8f0ac000 task.ti: 8f0ac000
[   42.604764] $ 0   : 00000000 004135e0 00000079 79000000
[   42.605630] $ 4   : 7f93b458 7f93ce01 7f93d000 7f93b457
[   42.606480] $ 8   : 7f93b258 773a1680 00000000 773a16b4
[   42.607538] $12   : 00000000 773a16a0 00000057 6520746f
[   42.608374] $16   : 100090f4 1001e208 00000000 1001a9c0
[   42.609219] $20   : 00000000 100090f4 00000001 7f93b9f8
[   42.610044] $24   : 00000003 7734b060                  
[   42.610873] $28   : 773a4460 7f93b240 00000000 0040bd44
[   42.612111] Hi    : 00000001
[   42.612508] Lo    : 00000000
[   42.613042] epc   : 7734b07c 0x7734b07c
[   42.613577] ra    : 0040bd44 0x40bd44
[   42.614021] Status: 0000a413	USER EXL IE 
[   42.614694] Cause : 1080000c
[   42.615104] BadVA : 7f93d000
[   42.615782] PrId  : 00019300 (MIPS 24Kc)
[   42.709841] firmadyne: sys_socket[PID: 432 (wps)]: family:1, type:1, protocol:0
[   43.732625] firmadyne: sys_socket[PID: 432 (wps)]: family:1, type:1, protocol:0
[   43.744171] firmadyne: sys_socket[PID: 432 (wps)]: family:1, type:1, protocol:0
Start WLAN interface ath0 Done !!!
start Guest Zone
[/etc/templates/gzone.sh] ...
[/usr/sbin/submit] COMMIT ...
[   44.165149] firmadyne: sys_socket[PID: 506 (xmldbc)]: family:1, type:2, protocol:0
[   44.277701] firmadyne: sys_socket[PID: 508 (xmldbc)]: family:1, type:2, protocol:0
[   44.397156] firmadyne: sys_socket[PID: 509 (xmldbc)]: family:1, type:2, protocol:0
[/etc/scripts/misc/profile.sh] put ...
[/etc/templates/enable_gzone.sh] ...
start RG ...
[   44.815790] firmadyne: sys_socket[PID: 520 (rgdb)]: family:1, type:2, protocol:0
[/etc/templates/rg.sh] start ...
[   45.090462] firmadyne: sys_socket[PID: 525 (rgdb)]: family:1, type:2, protocol:0
[   45.225686] firmadyne: sys_socket[PID: 527 (rgdb)]: family:1, type:2, protocol:0
failed
start DNRD ...
[/etc/templates/dnrd.sh] ...
[/usr/sbin/submit] RG_DMZ ...
[   45.640953] firmadyne: sys_socket[PID: 541 (xmldbc)]: family:1, type:2, protocol:0
[   45.650518] firmadyne: sys_socket[PID: 540 (rgdb)]: family:1, type:2, protocol:0
[   46.028440] firmadyne: sys_socket[PID: 546 (rgdb)]: family:1, type:2, protocol:0
[/etc/templates/rg.sh] dmz ...
[/usr/sbin/submit] RG_MISC ...
[   46.215788] firmadyne: sys_socket[PID: 549 (rgdb)]: family:1, type:2, protocol:0
[   46.262533] firmadyne: sys_socket[PID: 551 (rgdb)]: family:1, type:2, protocol:0
[   46.369161] firmadyne: sys_socket[PID: 553 (xmldbc)]: family:1, type:2, protocol:0
[   46.648491] firmadyne: sys_socket[PID: 561 (rgdb)]: family:1, type:2, protocol:0
[   46.761139] firmadyne: sys_socket[PID: 563 (rgdb)]: family:1, type:2, protocol:0
Set WAN port media type 0
[   46.958383] firmadyne: sys_socket[PID: 567 (rgdb)]: family:1, type:2, protocol:0
open failed (/proc/driver/ae531x)...
start WAN ...
[   47.129055] firmadyne: sys_socket[PID: 574 (rgdb)]: family:1, type:2, protocol:0
Set WAN port media type 0
open failed (/proc/driver/ae531x)...
open failed (/proc/driver/ae531x)...
open failed (/proc/driver/ae531x)...
[/etc/templates/rg.sh] misc ...
[   50.228257] firmadyne: sys_socket[PID: 582 (rgdb)]: family:1, type:2, protocol:0
[/etc/templates/rg.sh] passthrough ...
[/etc/templates/wan.sh] start ...
[   50.526094] firmadyne: sys_socket[PID: 588 (rgdb)]: family:1, type:2, protocol:0
[   50.670122] firmadyne: sys_socket[PID: 591 (rgdb)]: family:1, type:2, protocol:0
[/etc/templates/igmpproxy.sh] restart ...
[   50.788090] firmadyne: sys_socket[PID: 593 (rgdb)]: family:1, type:2, protocol:0
start LLD2D ...
[/etc/templates/lld2d.sh] ...
[   51.064270] firmadyne: sys_socket[PID: 600 (xmldbc)]: family:1, type:2, protocol:0
[   51.178178] firmadyne: sys_socket[PID: 602 (xmldbc)]: family:1, type:2, protocol:0
[   51.357345] firmadyne: sys_socket[PID: 606 (rgdb)]: family:1, type:2, protocol:0
[/etc/templates/upnpd.sh] ...
[   51.482411] firmadyne: sys_socket[PID: 608 (rgdb)]: family:1, type:2, protocol:0
[   51.597920] firmadyne: sys_socket[PID: 612 (rgdb)]: family:1, type:2, protocol:0
[   51.741773] firmadyne: sys_socket[PID: 614 (rgdb)]: family:1, type:2, protocol:0
[   51.952747] firmadyne: sys_socket[PID: 618 (xmldbc)]: family:1, type:2, protocol:0
[   52.016840] firmadyne: sys_socket[PID: 620 (atp)]: family:1, type:2, protocol:0
