[    0.000000] Linux version 4.1.17+ (alessio@pc) (gcc version 5.5.0 20171010 (Ubuntu 5.5.0-12ubuntu1) ) #1 Mon May 15 23:04:08 CEST 2023
[    0.000000] earlycon: Early serial console at I/O port 0x3f8 (options '38400n8')
[    0.000000] bootconsole [uart0] enabled
[    0.000000] CPU0 revision is: 00019300 (MIPS 24Kc)
[    0.000000] FPU revision is: 00739300
[    0.000000] Software DMA cache coherency enabled
[    0.000000] Determined physical RAM map:
[    0.000000]  memory: 00001000 @ 00000000 (reserved)
[    0.000000]  memory: 000ef000 @ 00001000 (ROM data)
[    0.000000]  memory: 00798000 @ 000f0000 (reserved)
[    0.000000]  memory: 0f777000 @ 00888000 (usable)
[    0.000000] debug: ignoring loglevel setting.
[    0.000000] Wasting 69888 bytes for tracking 2184 unused pages
[    0.000000] Initrd not found or empty - disabling initrd
[    0.000000] Zone ranges:
[    0.000000]   DMA      [mem 0x0000000000000000-0x0000000000ffffff]
[    0.000000]   Normal   [mem 0x0000000001000000-0x000000000fffefff]
[    0.000000] Movable zone start for each node
[    0.000000] Early memory node ranges
[    0.000000]   node   0: [mem 0x0000000000000000-0x000000000fffefff]
[    0.000000] Initmem setup node 0 [mem 0x0000000000000000-0x000000000fffefff]
[    0.000000] On node 0 totalpages: 65535
[    0.000000] free_area_init_node: node 0, pgdat 8081d5b0, node_mem_map 81000000
[    0.000000]   DMA zone: 32 pages used for memmap
[    0.000000]   DMA zone: 0 pages reserved
[    0.000000]   DMA zone: 4096 pages, LIFO batch:0
[    0.000000]   Normal zone: 480 pages used for memmap
[    0.000000]   Normal zone: 61439 pages, LIFO batch:15
[    0.000000] Primary instruction cache 2kB, VIPT, 2-way, linesize 16 bytes.
[    0.000000] Primary data cache 2kB, 2-way, VIPT, no aliases, linesize 16 bytes
[    0.000000] pcpu-alloc: s0 r0 d32768 u32768 alloc=1*32768
[    0.000000] pcpu-alloc: [0] 0 
[    0.000000] Built 1 zonelists in Zone order, mobility grouping on.  Total pages: 65023
[    0.000000] Kernel command line: root=/dev/sda1 console=ttyS0 nandsim.parts=64,64,64,64,64,64,64,64,64,64 rdinit=/firmadyne/preInit.sh rw debug ignore_loglevel print-fatal-signals=1 FIRMAE_NET=true FIRMAE_NVRAM=true FIRMAE_KERNEL=true FIRMAE_ETC=true user_debug=0 firmadyne.syscall=1 noka
[    0.000000] found FIRMAE_KERNEL=t
[    0.000000] set the LD_PRELOAD=/firmadyne/libnvram_ioctl.so
[    0.000000] PID hash table entries: 1024 (order: 0, 4096 bytes)
[    0.000000] Dentry cache hash table entries: 32768 (order: 5, 131072 bytes)
[    0.000000] Inode-cache hash table entries: 16384 (order: 4, 65536 bytes)
[    0.000000] Writing ErrCtl register=00000000
[    0.000000] Readback ErrCtl register=00000000
[    0.000000] Memory: 251112K/262140K available (5360K kernel code, 244K rwdata, 1676K rodata, 260K init, 158K bss, 11028K reserved, 0K cma-reserved)
[    0.000000] NR_IRQS:256
[    0.000000] CPU frequency 200.00 MHz
[    0.000000] clocksource MIPS: mask: 0xffffffff max_cycles: 0xffffffff, max_idle_ns: 19112605419 ns
[    0.000161] sched_clock: 32 bits at 99MHz, resolution 10ns, wraps every 21474837498ns
[    0.011081] Console: colour dummy device 80x25
[    0.012067] Calibrating delay loop... 36.03 BogoMIPS (lpj=72064)
[    0.065341] pid_max: default: 32768 minimum: 301
[    0.068507] Mount-cache hash table entries: 1024 (order: 0, 4096 bytes)
[    0.068922] Mountpoint-cache hash table entries: 1024 (order: 0, 4096 bytes)
[    0.119365] clocksource jiffies: mask: 0xffffffff max_cycles: 0xffffffff, max_idle_ns: 7645041785100000 ns
[    0.127864] NET: Registered protocol family 16
[    0.345475] clocksource pit: mask: 0xffffffff max_cycles: 0xffffffff, max_idle_ns: 1601818034827 ns
[    0.464329] vgaarb: loaded
[    0.468718] SCSI subsystem initialized
[    0.470588] libata version 3.00 loaded.
[    0.474202] usbcore: registered new interface driver usbfs
[    0.475398] usbcore: registered new interface driver hub
[    0.476250] usbcore: registered new device driver usb
[    0.478430] pps_core: LinuxPPS API ver. 1 registered
[    0.478752] pps_core: Software ver. 5.3.6 - Copyright 2005-2007 Rodolfo Giometti <giometti@linux.it>
[    0.479495] PTP clock support registered
[    0.483279] PCI host bridge to bus 0000:00
[    0.483878] pci_bus 0000:00: root bus resource [mem 0x10000000-0x17ffffff]
[    0.484367] pci_bus 0000:00: root bus resource [io  0x1000-0x1fffff]
[    0.484953] pci_bus 0000:00: root bus resource [??? 0x00000000 flags 0x0]
[    0.485448] pci_bus 0000:00: No busn resource found for root bus, will use [bus 00-ff]
[    0.486664] pci 0000:00:00.0: [11ab:4620] type 00 class 0x060000
[    0.487411] pci 0000:00:00.0: [Firmware Bug]: reg 0x14: invalid BAR (can't size)
[    0.487872] pci 0000:00:00.0: [Firmware Bug]: reg 0x18: invalid BAR (can't size)
[    0.488320] pci 0000:00:00.0: [Firmware Bug]: reg 0x1c: invalid BAR (can't size)
[    0.488781] pci 0000:00:00.0: [Firmware Bug]: reg 0x20: invalid BAR (can't size)
[    0.489349] pci 0000:00:00.0: [Firmware Bug]: reg 0x24: invalid BAR (can't size)
[    0.492485] pci 0000:00:0a.0: [8086:7110] type 00 class 0x060100
[    0.495285] pci 0000:00:0a.1: [8086:7111] type 00 class 0x010180
[    0.495891] pci 0000:00:0a.1: reg 0x20: [io  0x0000-0x000f]
[    0.496355] pci 0000:00:0a.1: legacy IDE quirk: reg 0x10: [io  0x01f0-0x01f7]
[    0.496814] pci 0000:00:0a.1: legacy IDE quirk: reg 0x14: [io  0x03f6]
[    0.497375] pci 0000:00:0a.1: legacy IDE quirk: reg 0x18: [io  0x0170-0x0177]
[    0.497824] pci 0000:00:0a.1: legacy IDE quirk: reg 0x1c: [io  0x0376]
[    0.500327] pci 0000:00:0a.2: [8086:7112] type 00 class 0x0c0300
[    0.500858] pci 0000:00:0a.2: reg 0x20: [io  0x0000-0x001f]
[    0.503448] pci 0000:00:0a.3: [8086:7113] type 00 class 0x068000
[    0.504479] pci 0000:00:0a.3: quirk: [io  0x1000-0x103f] claimed by PIIX4 ACPI
[    0.504990] pci 0000:00:0a.3: quirk: [io  0x1100-0x110f] claimed by PIIX4 SMB
[    0.507584] pci 0000:00:12.0: [1013:00b8] type 00 class 0x030000
[    0.508074] pci 0000:00:12.0: reg 0x10: [mem 0x00000000-0x01ffffff pref]
[    0.508542] pci 0000:00:12.0: reg 0x14: [mem 0x00000000-0x00000fff]
[    0.509058] pci 0000:00:12.0: reg 0x30: [mem 0x00000000-0x0000ffff pref]
[    0.511253] vgaarb: device added: PCI:0000:00:12.0,decodes=io+mem,owns=none,locks=none
[    0.512251] pci 0000:00:13.0: [8086:100e] type 00 class 0x020000
[    0.512747] pci 0000:00:13.0: reg 0x10: [mem 0x00000000-0x0001ffff]
[    0.513193] pci 0000:00:13.0: reg 0x14: [io  0x0000-0x003f]
[    0.513813] pci 0000:00:13.0: reg 0x30: [mem 0x00000000-0x0003ffff pref]
[    0.516259] pci 0000:00:14.0: [8086:100e] type 00 class 0x020000
[    0.516740] pci 0000:00:14.0: reg 0x10: [mem 0x00000000-0x0001ffff]
[    0.517188] pci 0000:00:14.0: reg 0x14: [io  0x0000-0x003f]
[    0.517684] pci 0000:00:14.0: reg 0x30: [mem 0x00000000-0x0003ffff pref]
[    0.520294] pci 0000:00:15.0: [8086:100e] type 00 class 0x020000
[    0.520775] pci 0000:00:15.0: reg 0x10: [mem 0x00000000-0x0001ffff]
[    0.521221] pci 0000:00:15.0: reg 0x14: [io  0x0000-0x003f]
[    0.521711] pci 0000:00:15.0: reg 0x30: [mem 0x00000000-0x0003ffff pref]
[    0.524275] pci 0000:00:16.0: [8086:100e] type 00 class 0x020000
[    0.524763] pci 0000:00:16.0: reg 0x10: [mem 0x00000000-0x0001ffff]
[    0.525211] pci 0000:00:16.0: reg 0x14: [io  0x0000-0x003f]
[    0.525703] pci 0000:00:16.0: reg 0x30: [mem 0x00000000-0x0003ffff pref]
[    0.528385] pci_bus 0000:00: busn_res: [bus 00-ff] end is updated to 00
[    0.529599] pci 0000:00:12.0: BAR 0: assigned [mem 0x10000000-0x11ffffff pref]
[    0.530202] pci 0000:00:13.0: BAR 6: assigned [mem 0x12000000-0x1203ffff pref]
[    0.530876] pci 0000:00:14.0: BAR 6: assigned [mem 0x12040000-0x1207ffff pref]
[    0.531385] pci 0000:00:15.0: BAR 6: assigned [mem 0x12080000-0x120bffff pref]
[    0.531903] pci 0000:00:16.0: BAR 6: assigned [mem 0x120c0000-0x120fffff pref]
[    0.532405] pci 0000:00:13.0: BAR 0: assigned [mem 0x12100000-0x1211ffff]
[    0.532903] pci 0000:00:14.0: BAR 0: assigned [mem 0x12120000-0x1213ffff]
[    0.533411] pci 0000:00:15.0: BAR 0: assigned [mem 0x12140000-0x1215ffff]
[    0.533918] pci 0000:00:16.0: BAR 0: assigned [mem 0x12160000-0x1217ffff]
[    0.534430] pci 0000:00:12.0: BAR 6: assigned [mem 0x12180000-0x1218ffff pref]
[    0.535060] pci 0000:00:12.0: BAR 1: assigned [mem 0x12190000-0x12190fff]
[    0.535563] pci 0000:00:13.0: BAR 1: assigned [io  0x1040-0x107f]
[    0.536013] pci 0000:00:14.0: BAR 1: assigned [io  0x1080-0x10bf]
[    0.536467] pci 0000:00:15.0: BAR 1: assigned [io  0x10c0-0x10ff]
[    0.536930] pci 0000:00:16.0: BAR 1: assigned [io  0x1400-0x143f]
[    0.537378] pci 0000:00:0a.2: BAR 4: assigned [io  0x1440-0x145f]
[    0.537842] pci 0000:00:0a.1: BAR 4: assigned [io  0x1460-0x146f]
[    0.552162] cfg80211: Calling CRDA to update world regulatory domain
[    0.563031] Switched to clocksource MIPS
[    0.654813] NET: Registered protocol family 2
[    0.664961] TCP established hash table entries: 2048 (order: 1, 8192 bytes)
[    0.665858] TCP bind hash table entries: 2048 (order: 1, 8192 bytes)
[    0.666690] TCP: Hash tables configured (established 2048 bind 2048)
[    0.667713] UDP hash table entries: 256 (order: 0, 4096 bytes)
[    0.668277] UDP-Lite hash table entries: 256 (order: 0, 4096 bytes)
[    0.671515] NET: Registered protocol family 1
[    0.672854] PCI: Enabling device 0000:00:0a.2 (0000 -> 0001)
[    0.673993] PCI: CLS 0 bytes, default 16
[    0.700824] futex hash table entries: 256 (order: -1, 3072 bytes)
[    0.714640] squashfs: version 4.0 (2009/01/31) Phillip Lougher
[    0.716735] jffs2: version 2.2. (NAND) Â© 2001-2006 Red Hat, Inc.
[    0.719419] romfs: ROMFS MTD (C) 2007 Red Hat, Inc.
[    0.738455] Block layer SCSI generic (bsg) driver version 0.4 loaded (major 251)
[    0.739134] io scheduler noop registered
[    0.739713] io scheduler cfq registered (default)
[    0.740510] firmadyne: devfs: 1, execute: 1, procfs: 1, syscall: 1
[    0.745107] firmadyne: Cannot register character device: gpio, 0xfc, 0x0!
[    0.751953] firmadyne: Cannot register character device: watchdog, 0xa, 0x82!
[    0.752357] firmadyne: Cannot register character device: wdt, 0xfd, 0x0!
[    2.138169] strName = 4.1.17+
[    2.138169] init_task_addr  = 2155778944
[    2.138169] init_task_size  = 1296
[    2.138169] ts_tasks        = 292
[    2.138169] ts_pid          = 408
[    2.138169] ts_tgid         = 412
[    2.138169] ts_group_leader = 440
[    2.138169] ts_thread_group = 496
[    2.138169] ts_real_parent  = 416
[    2.138169] ts_mm           = 300
[    2.138169] ts_stack        = 4
[    2.140509] module_name   = 12
[    2.140509] module_size   = 208
[    2.140509] module_init   = 200
[    2.140509] module_list   = 4
[    2.141315] ts_real_cred    = 624
[    2.141315] ts_cred         = 628
[    2.141315] ts_comm         = 632
[    2.141315] cred_uid        = 4
[    2.141315] cred_gid        = 8
[    2.141315] cred_euid       = 20
[    2.141315] cred_egid       = 24
[    2.142634] mm_mmap         = 0
[    2.142634] mm_pgd          = 32
[    2.142634] mm_arg_start    = 136
[    2.142634] mm_start_brk    = 124
[    2.142634] mm_brk          = 128
[    2.142634] mm_start_stack  = 132
[    2.143981] vma_vm_start    = 0
[    2.143981] vma_vm_end      = 4
[    2.143981] vma_vm_next     = 8
[    2.143981] vma_vm_file     = 80
[    2.143981] vma_vm_flags    = 40
[    2.143981] vma_vm_pgoff    = 76
[    2.145137] file_dentry     = 12
[    2.145137] file_inode      = 40
[    2.145137] dentry_d_name   = 24
[    2.145137] dentry_d_iname  = 44
[    2.145137] dentry_d_parent = 16
[    2.145137] ti_task         = 0
[    2.145137] inode_ino   = 28
[    3.010587] proc_fork_connector  = 2151078840
[    3.010917] proc_exit_connector  = 2151080432
[    3.011293] proc_exec_connector  = 2151079052
[    3.011568] vma_link  = 2149124372
[    3.011811] vma_adjust  = 2149124540
[    3.012058] remove_vma  = 2149122188
[    3.012303] modules  = 2155833724
[    3.012545] trim_init_extable  = 2150545316
[    3.015707] PCI: Enabling device 0000:00:12.0 (0000 -> 0002)
[    3.016804] cirrusfb 0000:00:12.0: Cirrus Logic chipset on PCI bus, RAM (4096 kB) at 0x10000000
[    3.254555] Console: switching to colour frame buffer device 80x30
[    3.311581] Serial: 8250/16550 driver, 4 ports, IRQ sharing enabled
[    3.326725] console [ttyS0] disabled
[    3.352488] serial8250.0: ttyS0 at I/O 0x3f8 (irq = 4, base_baud = 115200) is a 16550A
[    3.353518] console [ttyS0] enabled
[    3.353518] console [ttyS0] enabled
[    3.354008] bootconsole [uart0] disabled
[    3.354008] bootconsole [uart0] disabled
[    3.382992] serial8250.0: ttyS1 at I/O 0x2f8 (irq = 3, base_baud = 115200) is a 16550A
[    3.482645] brd: module loaded
[    3.535309] loop: module loaded
[    3.540711] ata_piix 0000:00:0a.1: version 2.13
[    3.541187] PCI: Enabling device 0000:00:0a.1 (0000 -> 0001)
[    3.562308] scsi host0: ata_piix
[    3.566939] scsi host1: ata_piix
[    3.570125] ata1: PATA max UDMA/33 cmd 0x1f0 ctl 0x3f6 bmdma 0x1460 irq 14
[    3.570580] ata2: PATA max UDMA/33 cmd 0x170 ctl 0x376 bmdma 0x1468 irq 15
[    3.576206] [nandsim] warning: read_byte: unexpected data output cycle, state is STATE_READY return 0x0
[    3.576718] [nandsim] warning: read_byte: unexpected data output cycle, state is STATE_READY return 0x0
[    3.577209] [nandsim] warning: read_byte: unexpected data output cycle, state is STATE_READY return 0x0
[    3.577691] [nandsim] warning: read_byte: unexpected data output cycle, state is STATE_READY return 0x0
[    3.578179] [nandsim] warning: read_byte: unexpected data output cycle, state is STATE_READY return 0x0
[    3.578662] [nandsim] warning: read_byte: unexpected data output cycle, state is STATE_READY return 0x0
[    3.579426] nand: device found, Manufacturer ID: 0x98, Chip ID: 0x39
[    3.579806] nand: Toshiba NAND 128MiB 1,8V 8-bit
[    3.580147] nand: 128 MiB, SLC, erase size: 16 KiB, page size: 512, OOB size: 16
[    3.581525] flash size: 128 MiB
[    3.581742] page size: 512 bytes
[    3.581956] OOB area size: 16 bytes
[    3.582179] sector size: 16 KiB
[    3.582387] pages number: 262144
[    3.582598] pages per sector: 32
[    3.582809] bus width: 8
[    3.583116] bits in sector size: 14
[    3.583340] bits in page size: 9
[    3.583555] bits in OOB size: 4
[    3.583771] flash size with OOB: 135168 KiB
[    3.584018] page address bytes: 4
[    3.584233] sector address bytes: 3
[    3.584452] options: 0x42
[    3.652543] Scanning device for bad blocks
[    4.619706] cfg80211: Calling CRDA to update world regulatory domain
[    4.623854] ata1.01: NODEV after polling detection
[    4.624611] ata2.01: NODEV after polling detection
[    4.626162] ata1.00: ATA-7: QEMU HARDDISK, 2.5+, max UDMA/100
[    4.626548] ata1.00: 2097152 sectors, multi 16: LBA48 
[    4.631912] ata2.00: ATAPI: QEMU DVD-ROM, 2.5+, max UDMA/100
[    4.633755] ata2.00: configured for UDMA/33
[    4.636308] ata1.00: configured for UDMA/33
[    4.643154] scsi 0:0:0:0: Direct-Access     ATA      QEMU HARDDISK    2.5+ PQ: 0 ANSI: 5
[    4.655462] spurious 8259A interrupt: IRQ7.
[    4.656875] sd 0:0:0:0: [sda] 2097152 512-byte logical blocks: (1.07 GB/1.00 GiB)
[    4.658183] scsi 1:0:0:0: CD-ROM            QEMU     QEMU DVD-ROM     2.5+ PQ: 0 ANSI: 5
[    4.669108] sd 0:0:0:0: [sda] Write Protect is off
[    4.669548] sd 0:0:0:0: [sda] Mode Sense: 00 3a 00 00
[    4.670808] sd 0:0:0:0: [sda] Write cache: enabled, read cache: enabled, doesn't support DPO or FUA
[    4.680670] Creating 11 MTD partitions on "NAND 128MiB 1,8V 8-bit":
[    4.681247] 0x000000000000-0x000000100000 : "NAND simulator partition 0"
[    4.690531] 0x000000100000-0x000000200000 : "NAND simulator partition 1"
[    4.699502] 0x000000200000-0x000000300000 : "NAND simulator partition 2"
[    4.708376] 0x000000300000-0x000000400000 : "NAND simulator partition 3"
[    4.717392] 0x000000400000-0x000000500000 : "NAND simulator partition 4"
[    4.726390] 0x000000500000-0x000000600000 : "NAND simulator partition 5"
[    4.735848] 0x000000600000-0x000000700000 : "NAND simulator partition 6"
[    4.745272] 0x000000700000-0x000000800000 : "NAND simulator partition 7"
[    4.754697] 0x000000800000-0x000000900000 : "NAND simulator partition 8"
[    4.763519] 0x000000900000-0x000000a00000 : "NAND simulator partition 9"
[    4.772260] 0x000000a00000-0x000008000000 : "NAND simulator partition 10"
[    4.809959] tun: Universal TUN/TAP device driver, 1.6
[    4.810279] tun: (C) 1999-2004 Max Krasnyansky <maxk@qualcomm.com>
[    4.813417] pcnet32: pcnet32.c:v1.35 21.Apr.2008 tsbogend@alpha.franken.de
[    4.814541] e1000: Intel(R) PRO/1000 Network Driver - version 7.3.21-k8-NAPI
[    4.814937] e1000: Copyright (c) 1999-2006 Intel Corporation.
[    4.815835] PCI: Enabling device 0000:00:13.0 (0000 -> 0003)
[    4.817787]  sda: sda1
[    4.829004] sd 0:0:0:0: [sda] Attached SCSI disk
[    5.114284] e1000 0000:00:13.0 eth0: (PCI:33MHz:32-bit) 52:54:00:12:34:56
[    5.114875] e1000 0000:00:13.0 eth0: Intel(R) PRO/1000 Network Connection
[    5.115609] PCI: Enabling device 0000:00:14.0 (0000 -> 0003)
[    5.412094] e1000 0000:00:14.0 eth1: (PCI:33MHz:32-bit) 52:54:00:12:34:57
[    5.412575] e1000 0000:00:14.0 eth1: Intel(R) PRO/1000 Network Connection
[    5.413177] PCI: Enabling device 0000:00:15.0 (0000 -> 0003)
[    5.705898] e1000 0000:00:15.0 eth2: (PCI:33MHz:32-bit) 52:54:00:12:34:58
[    5.706396] e1000 0000:00:15.0 eth2: Intel(R) PRO/1000 Network Connection
[    5.707118] PCI: Enabling device 0000:00:16.0 (0000 -> 0003)
[    5.999221] e1000 0000:00:16.0 eth3: (PCI:33MHz:32-bit) 52:54:00:12:34:59
[    5.999692] e1000 0000:00:16.0 eth3: Intel(R) PRO/1000 Network Connection
[    6.000851] e1000e: Intel(R) PRO/1000 Network Driver - 2.3.2-k
[    6.001175] e1000e: Copyright(c) 1999 - 2014 Intel Corporation.
[    6.004989] PPP generic driver version 2.4.2
[    6.006869] PPP Deflate Compression module registered
[    6.007593] PPP MPPE Compression module registered
[    6.007949] NET: Registered protocol family 24
[    6.008599] ehci_hcd: USB 2.0 'Enhanced' Host Controller (EHCI) Driver
[    6.009029] ehci-pci: EHCI PCI platform driver
[    6.010018] ohci_hcd: USB 1.1 'Open' Host Controller (OHCI) Driver
[    6.010434] ohci-pci: OHCI PCI platform driver
[    6.011507] uhci_hcd: USB Universal Host Controller Interface driver
[    6.012969] uhci_hcd 0000:00:0a.2: UHCI Host Controller
[    6.013654] uhci_hcd 0000:00:0a.2: new USB bus registered, assigned bus number 1
[    6.014570] uhci_hcd 0000:00:0a.2: irq 11, io base 0x00001440
[    6.025658] hub 1-0:1.0: USB hub found
[    6.026350] hub 1-0:1.0: 2 ports detected
[    6.034289] usbcore: registered new interface driver usb-storage
[    6.038101] mousedev: PS/2 mouse device common for all mice
[    6.043985] rtc_cmos rtc_cmos: rtc core: registered rtc_cmos as rtc0
[    6.044649] rtc_cmos rtc_cmos: alarms up to one day, 242 bytes nvram
[    6.045955] i2c /dev entries driver
[    6.047307] piix4_smbus 0000:00:0a.3: SMBus Host Controller at 0x1100, revision 0
[    6.051537] sdhci: Secure Digital Host Controller Interface driver
[    6.051876] sdhci: Copyright(c) Pierre Ossman
[    6.053945] hidraw: raw HID events driver (C) Jiri Kosina
[    6.070413] usbcore: registered new interface driver usbhid
[    6.070736] usbhid: USB HID core driver
[    6.071821] Netfilter messages via NETLINK v0.30.
[    6.073004] nf_conntrack version 0.5.0 (3923 buckets, 15692 max)
[    6.076032] ctnetlink v0.93: registering with nfnetlink.
[    6.081096] ipip: IPv4 over IPv4 tunneling driver
[    6.092265] ip_tables: (C) 2000-2006 Netfilter Core Team
[    6.094746] arp_tables: (C) 2002 David S. Miller
[    6.096577] Initializing XFRM netlink socket
[    6.097646] NET: Registered protocol family 10
[    6.115392] ip6_tables: (C) 2000-2006 Netfilter Core Team
[    6.118679] sit: IPv6 over IPv4 tunneling driver
[    6.134481] NET: Registered protocol family 17
[    6.135455] bridge: automatic filtering via arp/ip/ip6tables has been deprecated. Update your scripts to load br_netfilter if you need this.
[    6.136453] Bridge firewalling registered
[    6.136831] Ebtables v2.0 registered
[    6.140796] 8021q: 802.1Q VLAN Support v1.8
[    6.160644] rtc_cmos rtc_cmos: setting system clock to 2025-07-23 15:59:48 UTC (1753286388)
[    6.180040] EXT2-fs (sda1): warning: mounting unchecked fs, running e2fsck is recommended
[    6.182162] VFS: Mounted root (ext2 filesystem) on device 8:1.
[    6.190679] Freeing YAMON memory: 956k freed
[    6.200893] Freeing unused kernel memory: 260K (8081f000 - 80860000)
[    6.234781] firmadyne: sys_reboot[PID: 48 (init)]: magic1:fee1dead, magic2:28121969, cmd:0
init started:  BusyBox v1.00 (2007.12.04-12:53+0000) multi-call binary
Starting pid 50, console /dev/tts/0: '/etc/init.d/rcS'
[    6.354989] firmadyne: do_execve: /firmadyne/console
[    6.355681] OFFSETS: offset of pid: 0x198 offset of comm: 0x278
[/etc/init.d/S03config.sh]
Mounting proc and var ...
[    6.878839] firmadyne: sys_socket[PID: 71 (wps)]: family:1, type:1, protocol:0
[    6.888939] firmadyne: sys_socket[PID: 71 (wps)]: family:1, type:1, protocol:0
[    6.900618] random: wps urandom read with 76 bits of entropy available
[    6.918607] firmadyne: sys_socket[PID: 71 (wps)]: family:1, type:1, protocol:0
[    7.765213] cfg80211: Calling CRDA to update world regulatory domain
[    7.929404] firmadyne: sys_socket[PID: 71 (wps)]: family:1, type:1, protocol:0
[    8.944929] firmadyne: sys_socket[PID: 71 (wps)]: family:1, type:1, protocol:0
[    9.964587] firmadyne: sys_socket[PID: 71 (wps)]: family:1, type:1, protocol:0
[    9.976315] firmadyne: sys_socket[PID: 71 (wps)]: family:1, type:1, protocol:0
Start xmldb ...
[   10.137147] firmadyne: sys_socket[PID: 74 (xmldb)]: family:1, type:2, protocol:0
[   10.914677] cfg80211: Calling CRDA to update world regulatory domain
[/etc/scripts/misc/profile.sh] get ...
Can't get config from nvram, generate default!
[/etc/scripts/misc/profile.sh] reset ...
[   11.570190] firmadyne: sys_socket[PID: 92 (rgdb)]: family:1, type:2, protocol:0
[/etc/scripts/misc/defnodes.sh] ...
[/etc/defnodes/S10setext.sh] ...
[   11.821987] firmadyne: sys_socket[PID: 100 (xmldbc)]: family:1, type:2, protocol:0
[   11.868384] firmadyne: sys_socket[PID: 101 (xmldbc)]: family:1, type:2, protocol:0
[   11.914265] firmadyne: sys_socket[PID: 102 (xmldbc)]: family:1, type:2, protocol:0
[   11.959254] firmadyne: sys_socket[PID: 103 (xmldbc)]: family:1, type:2, protocol:0
[   12.004040] firmadyne: sys_socket[PID: 104 (xmldbc)]: family:1, type:2, protocol:0
[   12.049848] firmadyne: sys_socket[PID: 105 (xmldbc)]: family:1, type:2, protocol:0
[   12.095391] firmadyne: sys_socket[PID: 106 (xmldbc)]: family:1, type:2, protocol:0
[   12.140170] firmadyne: sys_socket[PID: 107 (xmldbc)]: family:1, type:2, protocol:0
[   12.185381] firmadyne: sys_socket[PID: 108 (xmldbc)]: family:1, type:2, protocol:0
[   12.231679] firmadyne: sys_socket[PID: 109 (xmldbc)]: family:1, type:2, protocol:0
[   12.276662] firmadyne: sys_socket[PID: 110 (xmldbc)]: family:1, type:2, protocol:0
[   12.322764] firmadyne: sys_socket[PID: 111 (xmldbc)]: family:1, type:2, protocol:0
[   12.369459] firmadyne: sys_socket[PID: 112 (xmldbc)]: family:1, type:2, protocol:0
[   12.415394] firmadyne: sys_socket[PID: 113 (xmldbc)]: family:1, type:2, protocol:0
[   12.462034] firmadyne: sys_socket[PID: 114 (xmldbc)]: family:1, type:2, protocol:0
[   12.507673] firmadyne: sys_socket[PID: 115 (xmldbc)]: family:1, type:2, protocol:0
[   12.553762] firmadyne: sys_socket[PID: 116 (xmldbc)]: family:1, type:2, protocol:0
[   12.599945] firmadyne: sys_socket[PID: 117 (xmldbc)]: family:1, type:2, protocol:0
[   12.646616] firmadyne: sys_socket[PID: 118 (xmldbc)]: family:1, type:2, protocol:0
[   12.692369] firmadyne: sys_socket[PID: 119 (xmldbc)]: family:1, type:2, protocol:0
[   12.737510] firmadyne: sys_socket[PID: 120 (xmldbc)]: family:1, type:2, protocol:0
[   12.782665] firmadyne: sys_socket[PID: 121 (xmldbc)]: family:1, type:2, protocol:0
[   12.829379] firmadyne: sys_socket[PID: 122 (xmldbc)]: family:1, type:2, protocol:0
[   12.875303] firmadyne: sys_socket[PID: 123 (xmldbc)]: family:1, type:2, protocol:0
PHP [/etc/defnodes/S11setnodes.php] ...
[   12.962859] firmadyne: sys_socket[PID: 126 (rgdb)]: family:1, type:2, protocol:0
[   12.969426] random: nonblocking pool is initialized
PHP [/etc/defnodes/S12features.php] ...
[   13.400859] firmadyne: sys_socket[PID: 137 (rgdb)]: family:1, type:2, protocol:0
PHP [/etc/defnodes/S13flashspeed.php] ...
[   13.496447] firmadyne: sys_socket[PID: 140 (rgdb)]: family:1, type:2, protocol:0
PHP [/etc/defnodes/S20setnodes.php] ...
[   13.668946] firmadyne: sys_socket[PID: 145 (rgdb)]: family:1, type:2, protocol:0
[   13.783059] firmadyne: sys_socket[PID: 149 (xmldbc)]: family:1, type:2, protocol:0
[   13.909813] firmadyne: sys_socket[PID: 152 (xmldbc)]: family:1, type:2, protocol:0
[   14.018924] firmadyne: sys_socket[PID: 156 (xmldbc)]: family:1, type:2, protocol:0
[   14.059427] cfg80211: Calling CRDA to update world regulatory domain
[   14.137094] firmadyne: sys_socket[PID: 159 (xmldbc)]: family:1, type:2, protocol:0
[   14.232714] firmadyne: sys_socket[PID: 162 (xmldbc)]: family:1, type:2, protocol:0
[   14.277815] firmadyne: sys_socket[PID: 163 (xmldbc)]: family:1, type:2, protocol:0
[   14.324568] firmadyne: sys_socket[PID: 164 (xmldbc)]: family:1, type:2, protocol:0
[   14.371302] firmadyne: sys_socket[PID: 165 (xmldbc)]: family:1, type:2, protocol:0
[   14.417960] firmadyne: sys_socket[PID: 166 (xmldbc)]: family:1, type:2, protocol:0
[   14.464901] firmadyne: sys_socket[PID: 167 (xmldbc)]: family:1, type:2, protocol:0
[   14.510826] firmadyne: sys_socket[PID: 168 (xmldbc)]: family:1, type:2, protocol:0
[   14.630496] EXT3-fs (mtdblock6): error: can't find ext3 filesystem on dev mtdblock6.
[   14.635962] EXT2-fs (mtdblock6): error: can't find an ext2 filesystem on dev mtdblock6.
[   14.641143] EXT4-fs (mtdblock6): VFS: Can't find ext4 filesystem
[   14.652222] cramfs: wrong magic
[   14.657377] squashfs: SQUASHFS error: Can't find a SQUASHFS superblock on mtdblock6
[   14.662495] FAT-fs (mtdblock6): bogus logical sector size 65535
[   14.663217] FAT-fs (mtdblock6): Can't find a valid FAT filesystem
[   14.671698] romfs: VFS: Can't find a romfs filesystem on dev mtdblock6.
[   14.676905] UDF-fs: warning (device mtdblock6): udf_load_vrs: No VRS found
[   14.677551] UDF-fs: warning (device mtdblock6): udf_fill_super: No partition found (2)
mount: Mounting /dev/mtdblock/6 on /www/locale/alt failed: Invalid argument
[   14.785372] firmadyne: sys_socket[PID: 177 (xmldbc)]: family:1, type:2, protocol:0
[   14.942856] firmadyne: sys_socket[PID: 184 (xmldbc)]: family:1, type:2, protocol:0
[   15.038316] firmadyne: sys_socket[PID: 187 (xmldbc)]: family:1, type:2, protocol:0
[   15.085281] firmadyne: sys_socket[PID: 188 (xmldbc)]: family:1, type:2, protocol:0
PHP [/etc/defnodes/S40brand.php] ...
[   15.172614] firmadyne: sys_socket[PID: 191 (rgdb)]: family:1, type:2, protocol:0
[/etc/scripts/misc/defnodes.sh] Done !!
[/etc/scripts/misc/profile.sh] put ...
[   15.481638] firmadyne: sys_socket[PID: 200 (rgdb)]: family:1, type:2, protocol:0
ok
[/etc/templates/timezone.sh] ...
[   15.892616] firmadyne: sys_socket[PID: 209 (rgdb)]: family:1, type:2, protocol:0
[   16.041908] firmadyne: sys_socket[PID: 214 (rgdb)]: family:1, type:2, protocol:0
[   16.528673] firmadyne: sys_socket[PID: 218 (rgdb)]: family:1, type:2, protocol:0
[   16.597486] firmadyne: sys_socket[PID: 220 (rgdb)]: family:1, type:2, protocol:0
[   16.664147] firmadyne: sys_socket[PID: 222 (rgdb)]: family:1, type:2, protocol:0
[/etc/templates/logs.sh] ...
[   16.826506] firmadyne: sys_socket[PID: 228 (rgdb)]: family:1, type:2, protocol:0
[   16.903985] firmadyne: sys_socket[PID: 230 (rgdb)]: family:1, type:2, protocol:0
[/var/run/logs_run.sh] ...
[   17.152517] firmadyne: sys_socket[PID: 234 (syslogd)]: family:1, type:1, protocol:0
[   17.203967] cfg80211: Calling CRDA to update world regulatory domain
Inserting modules ...
Using /lib/modules/wlan.o
insmod: Not configured to support old kernels
Using /lib/modules/wlan_xauth.o
insmod: Not configured to support old kernels
Using /lib/modules/wlan_wep.o
insmod: Not configured to support old kernels
Using /lib/modules/wlan_tkip.o
insmod: Not configured to support old kernels
Using /lib/modules/wlan_scan_sta.o
insmod: Not configured to support old kernels
Using /lib/modules/wlan_scan_ap.o
insmod: Not configured to support old kernels
Using /lib/modules/wlan_ccmp.o
insmod: Not configured to support old kernels
Using /lib/modules/wlan_acl.o
insmod: Not configured to support old kernels
Using /lib/modules/ath_hal.o
insmod: Not configured to support old kernels
Using /lib/modules/ath_rate_atheros.o
insmod: Not configured to support old kernels
Using /lib/modules/ath_dfs.o
insmod: Not configured to support old kernels
[   17.743817] firmadyne: sys_socket[PID: 253 (rgdb)]: family:1, type:2, protocol:0
The countrycode is 840.
Using /lib/modules/ath_ahb.o
insmod: Not configured to support old kernels
[   17.992335] firmadyne: sys_socket[PID: 260 (wlanconfig)]: family:2, type:1, protocol:0
wlanconfig: ioctl: No such device
[   18.136035] firmadyne: sys_socket[PID: 268 (ifconfig)]: family:2, type:1, protocol:0
SIOCSIFHWADDR: No such device
Using /lib/modules/ar231x_access.o
insmod: Not configured to support old kernels
[   18.305839] firmadyne: sys_socket[PID: 277 (ifconfig)]: family:2, type:1, protocol:0
[   18.322722] IPv6: ADDRCONF(NETDEV_UP): eth0: link is not ready
[   18.323433] 8021q: adding VLAN 0 to HW filter on device eth0
[   18.328025] e1000: eth0 NIC Link is Up 1000 Mbps Full Duplex, Flow Control: RX
[   18.329696] IPv6: ADDRCONF(NETDEV_CHANGE): eth0: link becomes ready
[   18.381579] firmadyne: sys_socket[PID: 278 (rgdb)]: family:1, type:2, protocol:0
[   18.446391] firmadyne: sys_socket[PID: 280 (rgdb)]: family:1, type:2, protocol:0
[   18.532643] firmadyne: sys_socket[PID: 282 (rgdb)]: family:1, type:2, protocol:0
[   18.599545] firmadyne: sys_socket[PID: 284 (vconfig)]: family:2, type:2, protocol:0
Set name-type for VLAN subsystem. Should be visible in /proc/net/vlan/config
[   18.647055] firmadyne: sys_socket[PID: 285 (vconfig)]: family:2, type:2, protocol:0
[   18.648557] firmadyne: register_vlan_dev[PID: 285 (vconfig)]: dev:eth0.0 vlan_id:0
[   18.707410] firmadyne: sys_socket[PID: 286 (vconfig)]: family:2, type:2, protocol:0
[   18.708651] firmadyne: register_vlan_dev[PID: 286 (vconfig)]: dev:eth0.2 vlan_id:2
[   18.766445] firmadyne: sys_socket[PID: 287 (brctl)]: family:2, type:2, protocol:0
[   18.826182] firmadyne: sys_socket[PID: 288 (brctl)]: family:2, type:2, protocol:0
[   18.830708] firmadyne: sys_socket[PID: 288 (brctl)]: family:10, type:1, protocol:0
[   18.875830] firmadyne: sys_socket[PID: 289 (brctl)]: family:2, type:2, protocol:0
[   18.878791] firmadyne: sys_socket[PID: 289 (brctl)]: family:10, type:1, protocol:0
[   18.901917] firmadyne: sys_socket[PID: 290 (ifconfig)]: family:2, type:1, protocol:0
[   18.905111] firmadyne: __inet_insert_ifa[PID: 290 (ifconfig)]: device:br0 ifa:0x00000000
[/etc/templates/webs.sh] start ...
[   19.043517] firmadyne: sys_socket[PID: 294 (rgdb)]: family:1, type:2, protocol:0
[   19.146272] firmadyne: sys_socket[PID: 295 (rgdb)]: family:1, type:2, protocol:0
[/var/run/webs_start.sh] ...
Starting HTTPD ...
[/etc/init.d/S03config.sh] done!
[/etc/init.d/S10system.sh]
[   19.464986] firmadyne: sys_socket[PID: 305 (rgdb)]: family:1, type:2, protocol:0
start scheduled ...
[/etc/templates/scheduled.sh] start ...
[   19.737719] firmadyne: sys_socket[PID: 309 (rgdb)]: family:1, type:2, protocol:0
[   19.799453] firmadyne: sys_socket[PID: 312 (route)]: family:2, type:1, protocol:0
[   19.931903] firmadyne: sys_socket[PID: 313 (httpd)]: family:2, type:2, protocol:0
[   19.932862] firmadyne: sys_setsockopt[PID: 313 (httpd)]: fd:4, level:65535, optname:4
[   19.933998] firmadyne: sys_setsockopt[PID: 313 (httpd)]: fd:4, level:65535, optname:25
[   19.934900] firmadyne: inet_bind[PID: 313 (httpd)]: proto:SOCK_STREAM, port:49152
[   19.940256] firmadyne: sys_socket[PID: 315 (xmldbc)]: family:1, type:2, protocol:0
[   19.945405] firmadyne: sys_socket[PID: 313 (httpd)]: family:2, type:1, protocol:0
[   19.946229] firmadyne: sys_setsockopt[PID: 313 (httpd)]: fd:5, level:65535, optname:4
[   19.947053] firmadyne: sys_setsockopt[PID: 313 (httpd)]: fd:5, level:65535, optname:25
[   19.955457] firmadyne: inet_bind[PID: 313 (httpd)]: proto:SOCK_DGRAM, port:1900
[   19.956345] firmadyne: sys_setsockopt[PID: 313 (httpd)]: fd:5, level:0, optname:35
[   19.957833] firmadyne: sys_socket[PID: 313 (httpd)]: family:2, type:2, protocol:0
[   19.958634] firmadyne: sys_setsockopt[PID: 313 (httpd)]: fd:6, level:65535, optname:4
[   19.967401] firmadyne: sys_setsockopt[PID: 313 (httpd)]: fd:6, level:65535, optname:25
[   19.968165] firmadyne: inet_bind[PID: 313 (httpd)]: proto:SOCK_STREAM, port:80
[   20.035163] firmadyne: sys_socket[PID: 313 (httpd)]: family:1, type:1, protocol:0
[   20.051916] firmadyne: sys_socket[PID: 316 (xmldbc)]: family:1, type:2, protocol:0
[/var/run/scheduled_start.sh] ...
Start scheduled ...
setup layout ...
[   20.235746] firmadyne: sys_socket[PID: 320 (scheduled)]: family:1, type:1, protocol:0
[/etc/scripts/layout.sh] start ...
[   20.336035] firmadyne: sys_socket[PID: 325 (rgdb)]: family:1, type:2, protocol:0
[   20.347310] cfg80211: Calling CRDA to update world regulatory domain
[   20.453260] firmadyne: sys_socket[PID: 326 (rgdb)]: family:1, type:2, protocol:0
[/var/run/layout_start.sh] ...
Start router layout ...
/proc/driver/ae531x: cannot create
/proc/driver/ae531x: cannot create
/proc/driver/ae531x: cannot create
/proc/driver/ae531x: cannot create
/proc/driver/ae531x: cannot create
/proc/driver/ae531x: cannot create
/proc/driver/ae531x: cannot create
/proc/driver/ae531x: cannot create
/proc/driver/ae531x: cannot create
/proc/driver/ae531x: cannot create
[   20.694447] firmadyne: sys_socket[PID: 340 (ifconfig)]: family:2, type:1, protocol:0
[   20.716195] firmadyne: sys_socket[PID: 341 (ifconfig)]: family:2, type:1, protocol:0
[   20.758518] firmadyne: sys_socket[PID: 342 (brctl)]: family:2, type:2, protocol:0
[   20.761690] firmadyne: sys_socket[PID: 342 (brctl)]: family:10, type:1, protocol:0
[   20.765418] firmadyne: sys_socket[PID: 342 (brctl)]: family:10, type:1, protocol:0
interface ath0 does not exist!
[   20.829447] firmadyne: sys_socket[PID: 347 (brctl)]: family:2, type:2, protocol:0
[   20.833778] firmadyne: sys_socket[PID: 347 (brctl)]: family:10, type:1, protocol:0
[   20.837705] firmadyne: sys_socket[PID: 347 (brctl)]: family:10, type:1, protocol:0
[   20.839008] firmadyne: br_add_if[PID: 347 (brctl)]: br:br0 dev:eth0.0
[   20.844292] device eth0.0 entered promiscuous mode
[   20.844737] device eth0 entered promiscuous mode
[   20.847508] br0: port 1(eth0.0) entered forwarding state
[   20.848320] br0: port 1(eth0.0) entered forwarding state
[   20.890315] firmadyne: sys_socket[PID: 348 (brctl)]: family:2, type:2, protocol:0
[   20.894640] firmadyne: sys_socket[PID: 348 (brctl)]: family:10, type:1, protocol:0
[   20.897172] firmadyne: sys_socket[PID: 348 (brctl)]: family:10, type:1, protocol:0
can't find port ath0 in bridge br0
[   20.937689] firmadyne: sys_socket[PID: 353 (ifconfig)]: family:2, type:1, protocol:0
[   20.980569] firmadyne: sys_socket[PID: 354 (rgdb)]: family:1, type:2, protocol:0
start LAN ...
[/etc/templates/lan.sh] ...
[   21.143252] firmadyne: sys_socket[PID: 359 (rgdb)]: family:1, type:2, protocol:0
[   21.385811] firmadyne: sys_socket[PID: 360 (rgdb)]: family:1, type:2, protocol:0
[/var/run/lan_start.sh] ...
Start LAN (br0/192.168.0.1/255.255.255.0)...
[   21.612855] firmadyne: sys_socket[PID: 364 (ifconfig)]: family:2, type:1, protocol:0
[   21.614490] firmadyne: __inet_insert_ifa[PID: 364 (ifconfig)]: device:br0 ifa:0xc0a80001
Start DHCP server (br0) ...
[   21.786132] firmadyne: sys_socket[PID: 368 (dhcpxmlpatch)]: family:1, type:2, protocol:0
start fresetd ...
[   21.854881] firmadyne: sys_socket[PID: 367 (udhcpd)]: family:2, type:3, protocol:255
[   21.864821] firmadyne: sys_socket[PID: 367 (udhcpd)]: family:2, type:1, protocol:17
[   21.865689] firmadyne: sys_setsockopt[PID: 367 (udhcpd)]: fd:5, level:65535, optname:4
[   21.866444] firmadyne: sys_setsockopt[PID: 367 (udhcpd)]: fd:5, level:65535, optname:32
enable LAN ports ...
[   21.880361] firmadyne: sys_setsockopt[PID: 367 (udhcpd)]: fd:5, level:65535, optname:25
[   21.881200] firmadyne: inet_bind[PID: 367 (udhcpd)]: proto:SOCK_DGRAM, port:67
Factory reset time : 5 secs
WPS command : [/etc/templates/wps.sh pbc &]
/proc/driver/ae531x: cannot creategpio_outen: can not open [
/proc/ar231x/gpio_cr7] to write.
/proc/driver/ae531x: cannot create
/proc/driver/ae531x: cannot create
/proc/driver/ae531x: cannot create
start WLAN ...
[/etc/templates/wlan.sh] start ...
[   22.118663] firmadyne: sys_socket[PID: 383 (rgdb)]: family:1, type:2, protocol:0
[   22.437240] firmadyne: inet_accept[PID: 313 (httpd)]:
[   22.446818] firmadyne: inet_accept[PID: 313 (httpd)]:
[   22.611699] firmadyne: sys_socket[PID: 386 (rgdb)]: family:1, type:2, protocol:0
[/var/run/wlan_start.sh] ...
Start WLAN interface ath0 ...
[   22.898175] firmadyne: sys_socket[PID: 390 (iwpriv)]: family:2, type:1, protocol:0
ath0      no private ioctls.

[   22.959453] firmadyne: sys_socket[PID: 391 (iwpriv)]: family:2, type:1, protocol:0
ath0      no private ioctls.

[   23.002497] firmadyne: sys_socket[PID: 392 (iwpriv)]: family:2, type:1, protocol:0
ath0      no private ioctls.

[   23.048511] firmadyne: sys_socket[PID: 393 (brctl)]: family:2, type:2, protocol:0
[   23.052877] firmadyne: sys_socket[PID: 393 (brctl)]: family:10, type:1, protocol:0
[   23.056544] firmadyne: sys_socket[PID: 393 (brctl)]: family:10, type:1, protocol:0
can't find port ath0 in bridge br0
[   23.117533] firmadyne: sys_socket[PID: 398 (iwpriv)]: family:2, type:1, protocol:0
ath0      no private ioctls.

[   23.160486] firmadyne: sys_socket[PID: 399 (iwpriv)]: family:2, type:1, protocol:0
ath0      no private ioctls.

[   23.204245] firmadyne: sys_socket[PID: 400 (iwpriv)]: family:2, type:1, protocol:0
ath0      no private ioctls.

[   23.248393] firmadyne: sys_socket[PID: 401 (iwpriv)]: family:2, type:1, protocol:0
ath0      no private ioctls.

[   23.291900] firmadyne: sys_socket[PID: 402 (iwpriv)]: family:2, type:1, protocol:0
ath0      no private ioctls.

[   23.339637] firmadyne: sys_socket[PID: 403 (iwconfig)]: family:2, type:1, protocol:0
Error for wireless request "Set Frequency" (8B04) :
    SET failed on device ath0 ; Invalid argument.
[   23.387378] firmadyne: sys_socket[PID: 404 (iwconfig)]: family:2, type:1, protocol:0
Error for wireless request "Set RTS Threshold" (8B22) :
    SET failed on device ath0 ; Invalid argument.
[   23.434471] firmadyne: sys_socket[PID: 405 (iwconfig)]: family:2, type:1, protocol:0
Error for wireless request "Set Fragmentation Threshold" (8B24) :
    SET failed on device ath0 ; Invalid argument.
[   23.491348] cfg80211: Calling CRDA to update world regulatory domain
[   23.518940] firmadyne: sys_socket[PID: 406 (iwconfig)]: family:2, type:1, protocol:0
Error for wireless request "Set Bit Rate" (8B20) :
    SET failed on device ath0 ; Invalid argument.
[   23.587479] firmadyne: sys_socket[PID: 407 (atp)]: family:1, type:2, protocol:0
[   23.603075] firmadyne: sys_socket[PID: 408 (iwpriv)]: family:2, type:1, protocol:0
ath0      no private ioctls.

[   23.695391] firmadyne: sys_socket[PID: 409 (iwpriv)]: family:2, type:1, protocol:0
ath0      no private ioctls.

/proc/net/br_forward_br0: cannot create
[   23.800842] firmadyne: sys_socket[PID: 411 (iwpriv)]: family:2, type:1, protocol:0
ath0      no private ioctls.

[   23.891979] firmadyne: sys_socket[PID: 412 (iwpriv)]: family:2, type:1, protocol:0
ath0      no private ioctls.

[   23.974577] firmadyne: sys_socket[PID: 413 (iwpriv)]: family:2, type:1, protocol:0
ath0      no private ioctls.

[   24.054874] firmadyne: sys_socket[PID: 414 (iwpriv)]: family:2, type:1, protocol:0
ath0      no private ioctls.

[   24.132815] firmadyne: sys_socket[PID: 415 (iwconfig)]: family:2, type:1, protocol:0
Error for wireless request "Set ESSID" (8B1A) :
    SET failed on device ath0 ; Invalid argument.
[   24.244126] firmadyne: sys_socket[PID: 418 (ifconfig)]: family:2, type:1, protocol:0
[   24.320704] firmadyne: sys_socket[PID: 417 (wlxmlpatch)]: family:1, type:2, protocol:0
SIOCGIFFLAGS: No such device
Configuration file: /var/run/hostapd.ath0.conf
[   24.389207] firmadyne: sys_socket[PID: 416 (hostapd)]: family:2, type:1, protocol:0
[   24.454039] firmadyne: sys_socket[PID: 417 (wlxmlpatch)]: family:1, type:2, protocol:0
[   24.465559] firmadyne: sys_socket[PID: 417 (wlxmlpatch)]: family:2, type:1, protocol:0
madwifi_poll: ioctl_get_ssid() fail, return -1 !
[   24.470185] firmadyne: sys_socket[PID: 417 (wlxmlpatch)]: family:1, type:2, protocol:0
[   24.477395] firmadyne: sys_socket[PID: 423 (usockc)]: family:1, type:1, protocol:0
ioctl(SIOCGIFINDEX): No such device
madwifi driver initialization failed.
Unable to open socket file : /var/run/fresetd_unixsock
[/etc/templates/wps.sh] setie ...
[   24.628364] firmadyne: sys_socket[PID: 430 (xmldbc)]: family:1, type:2, protocol:0
[   24.733504] firmadyne: sys_socket[PID: 431 (wps)]: family:1, type:1, protocol:0
[   25.633516] firmadyne: sys_socket[PID: 432 (atp)]: family:1, type:2, protocol:0
[   26.438780] firmadyne: sys_socket[PID: 433 (atp)]: family:1, type:2, protocol:0
[   26.635318] cfg80211: Calling CRDA to update world regulatory domain
[   27.914858] firmadyne: sys_socket[PID: 431 (wps)]: family:1, type:1, protocol:0
[   28.734803] firmadyne: sys_socket[PID: 434 (atp)]: family:1, type:2, protocol:0
[   28.925403] firmadyne: sys_socket[PID: 431 (wps)]: family:1, type:1, protocol:0
[   29.306898] firmadyne: sys_socket[PID: 435 (atp)]: family:1, type:2, protocol:0
[   29.780887] cfg80211: Calling CRDA to update world regulatory domain
[   29.888596] firmadyne: sys_socket[PID: 436 (atp)]: family:1, type:2, protocol:0
[   29.944159] firmadyne: sys_socket[PID: 431 (wps)]: family:1, type:1, protocol:0
[   30.472069] firmadyne: sys_socket[PID: 437 (atp)]: family:1, type:2, protocol:0
[   30.958185] firmadyne: sys_socket[PID: 431 (wps)]: family:1, type:1, protocol:0
[   30.969093] firmadyne: sys_socket[PID: 431 (wps)]: family:1, type:1, protocol:0
[   30.977330] firmadyne: sys_socket[PID: 431 (wps)]: family:1, type:1, protocol:0
[   31.045131] firmadyne: sys_socket[PID: 438 (atp)]: family:1, type:2, protocol:0
[   31.616396] firmadyne: sys_socket[PID: 439 (atp)]: family:1, type:2, protocol:0
[   31.985442] firmadyne: sys_socket[PID: 431 (wps)]: family:1, type:1, protocol:0
[   32.202782] firmadyne: sys_socket[PID: 440 (atp)]: family:1, type:2, protocol:0
[   32.928975] cfg80211: Calling CRDA to update world regulatory domain
[   33.005027] firmadyne: sys_socket[PID: 431 (wps)]: family:1, type:1, protocol:0
[   33.244729] firmadyne: sys_socket[PID: 441 (atp)]: family:1, type:2, protocol:0
[   34.024170] firmadyne: sys_socket[PID: 431 (wps)]: family:1, type:1, protocol:0
[   34.026960] firmadyne: sys_socket[PID: 431 (wps)]: family:1, type:1, protocol:0
Start WLAN interface ath0 Done !!!
start Guest Zone
[/etc/templates/gzone.sh] ...
[   34.409617] firmadyne: sys_socket[PID: 448 (xmldbc)]: family:1, type:2, protocol:0
[   34.717697] firmadyne: sys_socket[PID: 449 (xmldbc)]: family:1, type:2, protocol:0
[/etc/templates/enable_gzone.sh] ...
start RG ...
[/etc/templates/rg.sh] start ...
[   34.978459] firmadyne: sys_socket[PID: 458 (rgdb)]: family:1, type:2, protocol:0
[   35.036550] firmadyne: sys_socket[PID: 459 (rgdb)]: family:1, type:2, protocol:0
[/usr/sbin/submit] COMMIT ...
[   35.536015] firmadyne: sys_socket[PID: 465 (xmldbc)]: family:1, type:2, protocol:0
[/var/run/rg_start.sh] ...
[   35.773750] firmadyne: sys_socket[PID: 468 (iptables)]: family:2, type:3, protocol:255
[   35.785378] firmadyne: sys_setsockopt[PID: 468 (iptables)]: fd:3, level:0, optname:64
[   35.787255] firmadyne: sys_setsockopt[PID: 468 (iptables)]: fd:3, level:0, optname:65
[/etc/scripts/misc/profile.sh] put ...
[   35.884886] firmadyne: sys_socket[PID: 471 (iptables)]: family:2, type:3, protocol:255
modprobe: could not parse modules.dep

[   35.952073] firmadyne: sys_socket[PID: 471 (iptables)]: family:2, type:3, protocol:255
iptables v1.2.9: can't initialize iptables table `nat': Table does not exist (do you need to insmod?)
Perhaps iptables or your kernel needs to be upgraded.
[   36.051987] firmadyne: sys_socket[PID: 480 (rgdb)]: family:1, type:2, protocol:0
[   36.072562] firmadyne: sys_socket[PID: 481 (iptables)]: family:2, type:3, protocol:255
[   36.076429] cfg80211: Exceeded CRDA call max attempts. Not calling CRDA
[   36.082340] firmadyne: sys_setsockopt[PID: 481 (iptables)]: fd:3, level:0, optname:64
[   36.091503] firmadyne: sys_setsockopt[PID: 481 (iptables)]: fd:3, level:0, optname:65
[   36.172143] firmadyne: sys_socket[PID: 482 (iptables)]: family:2, type:3, protocol:255
[   36.271357] firmadyne: sys_socket[PID: 483 (iptables)]: family:2, type:3, protocol:255
modprobe: could not parse modules.dep

[   36.334394] firmadyne: sys_socket[PID: 483 (iptables)]: family:2, type:3, protocol:255
iptables v1.2.9: can't initialize iptables table `nat': Table does not exist (do you need to insmod?)
Perhaps iptables or your kernel needs to be upgraded.
[   36.452857] firmadyne: sys_socket[PID: 490 (iptables)]: family:2, type:3, protocol:255
[   36.547554] firmadyne: sys_socket[PID: 491 (iptables)]: family:2, type:3, protocol:255
[   36.550467] firmadyne: sys_setsockopt[PID: 491 (iptables)]: fd:3, level:0, optname:64
[   36.559534] firmadyne: sys_setsockopt[PID: 491 (iptables)]: fd:3, level:0, optname:65
[   36.648341] firmadyne: sys_socket[PID: 493 (iptables)]: family:2, type:3, protocol:255
[   36.650764] firmadyne: sys_setsockopt[PID: 493 (iptables)]: fd:3, level:0, optname:64
[   36.659744] firmadyne: sys_setsockopt[PID: 493 (iptables)]: fd:3, level:0, optname:65
ok
[   36.742561] firmadyne: sys_socket[PID: 494 (iptables)]: family:2, type:3, protocol:255
[   36.758217] firmadyne: sys_setsockopt[PID: 494 (iptables)]: fd:3, level:0, optname:64
[   36.760952] firmadyne: sys_setsockopt[PID: 494 (iptables)]: fd:3, level:0, optname:65
[   36.862473] firmadyne: sys_socket[PID: 498 (iptables)]: family:2, type:3, protocol:255
[/usr/sbin/submit] DHCPD ...
modprobe: could not parse modules.dep

[   36.923433] firmadyne: sys_socket[PID: 498 (iptables)]: family:2, type:3, protocol:255
iptables v1.2.9: can't initialize iptables table `nat': Table does not exist (do you need to insmod?)
Perhaps iptables or your kernel needs to be upgraded.
[   37.037810] firmadyne: sys_socket[PID: 509 (xmldbc)]: family:1, type:2, protocol:0
[   37.042298] firmadyne: sys_socket[PID: 508 (iptables)]: family:2, type:3, protocol:255
modprobe: could not parse modules.dep

[   37.108679] firmadyne: sys_socket[PID: 508 (iptables)]: family:2, type:3, protocol:255
iptables v1.2.9: can't initialize iptables table `nat': Table does not exist (do you need to insmod?)
Perhaps iptables or your kernel needs to be upgraded.
[   37.239451] firmadyne: sys_socket[PID: 515 (iptables)]: family:2, type:3, protocol:255
[   37.243002] firmadyne: sys_setsockopt[PID: 515 (iptables)]: fd:3, level:0, optname:64
[   37.251612] firmadyne: sys_setsockopt[PID: 515 (iptables)]: fd:3, level:0, optname:65
[/etc/templates/dhcpd.sh] ...
[   37.342687] firmadyne: sys_socket[PID: 518 (iptables)]: family:2, type:3, protocol:255
[   37.370298] firmadyne: sys_socket[PID: 520 (rgdb)]: family:1, type:2, protocol:0
modprobe: could not parse modules.dep

[   37.412410] firmadyne: sys_socket[PID: 518 (iptables)]: family:2, type:3, protocol:255
iptables v1.2.9: can't initialize iptables table `nat': Table does not exist (do you need to insmod?)
Perhaps iptables or your kernel needs to be upgraded.
[   37.527526] firmadyne: sys_socket[PID: 528 (rgdb)]: family:1, type:2, protocol:0
[   37.535998] firmadyne: sys_socket[PID: 527 (iptables)]: family:2, type:3, protocol:255
modprobe: could not parse modules.dep

[   37.596577] firmadyne: sys_socket[PID: 527 (iptables)]: family:2, type:3, protocol:255
iptables v1.2.9: can't initialize iptables table `nat': Table does not exist (do you need to insmod?)
Perhaps iptables or your kernel needs to be upgraded.
[   37.710470] firmadyne: sys_socket[PID: 534 (iptables)]: family:2, type:3, protocol:255
modprobe: could not parse modules.dep

[   37.772144] firmadyne: sys_socket[PID: 534 (iptables)]: family:2, type:3, protocol:255
iptables v1.2.9: can't initialize iptables table `nat': Table does not exist (do you need to insmod?)
Perhaps iptables or your kernel needs to be upgraded.
[   37.892392] firmadyne: sys_socket[PID: 540 (iptables)]: family:2, type:3, protocol:255
modprobe: could not parse modules.dep

[   37.948133] firmadyne: sys_socket[PID: 540 (iptables)]: family:2, type:3, protocol:255
iptables v1.2.9: can't initialize iptables table `nat': Table does not exist (do you need to insmod?)
Perhaps iptables or your kernel needs to be upgraded.
[   38.068392] firmadyne: sys_socket[PID: 546 (iptables)]: family:2, type:3, protocol:255
modprobe: could not parse modules.dep

[   38.124183] firmadyne: sys_socket[PID: 546 (iptables)]: family:2, type:3, protocol:255
iptables v1.2.9: can't initialize iptables table `nat': Table does not exist (do you need to insmod?)
Perhaps iptables or your kernel needs to be upgraded.
[   38.246431] firmadyne: sys_socket[PID: 552 (iptables)]: family:2, type:3, protocol:255
[/var/run/dhcpd_restart.sh] ...
Stop DHCP server (br0) ...
modprobe: could not parse modules.dep

[   38.318130] firmadyne: sys_socket[PID: 552 (iptables)]: family:2, type:3, protocol:255
iptables v1.2.9: can't initialize iptables table `nat': Table does not exist (do you need to insmod?)
Perhaps iptables or your kernel needs to be upgraded.
[   38.447748] firmadyne: sys_socket[PID: 563 (iptables)]: family:2, type:3, protocol:255
modprobe: could not parse modules.dep

[   38.515418] firmadyne: sys_socket[PID: 563 (iptables)]: family:2, type:3, protocol:255
iptables v1.2.9: can't initialize iptables table `nat': Table does not exist (do you need to insmod?)
Perhaps iptables or your kernel needs to be upgraded.
[   38.641939] firmadyne: sys_socket[PID: 573 (iptables)]: family:2, type:3, protocol:255
modprobe: could not parse modules.dep

[   38.708307] firmadyne: sys_socket[PID: 573 (iptables)]: family:2, type:3, protocol:255
iptables v1.2.9: can't initialize iptables table `nat': Table does not exist (do you need to insmod?)
Perhaps iptables or your kernel needs to be upgraded.
Start DHCP server (br0) ...
[   38.854333] firmadyne: sys_socket[PID: 584 (iptables)]: family:2, type:3, protocol:255
modprobe: could not parse modules.dep

[   38.984189] firmadyne: sys_socket[PID: 584 (iptables)]: family:2, type:3, protocol:255
[   38.997251] firmadyne: sys_socket[PID: 589 (dhcpxmlpatch)]: family:1, type:2, protocol:0
iptables v1.2.9: can't initialize iptables table `nat': Table does not exist (do you need to insmod?)
Perhaps iptables or your kernel needs to be upgraded.
[   39.048009] firmadyne: sys_socket[PID: 588 (udhcpd)]: family:2, type:3, protocol:255
[   39.050164] firmadyne: sys_socket[PID: 588 (udhcpd)]: family:2, type:1, protocol:17
[   39.051057] firmadyne: sys_setsockopt[PID: 588 (udhcpd)]: fd:6, level:65535, optname:4
[   39.059350] firmadyne: sys_setsockopt[PID: 588 (udhcpd)]: fd:6, level:65535, optname:32
[   39.060095] firmadyne: sys_setsockopt[PID: 588 (udhcpd)]: fd:6, level:65535, optname:25
[   39.060846] firmadyne: inet_bind[PID: 588 (udhcpd)]: proto:SOCK_DGRAM, port:67
[   39.090068] firmadyne: sys_socket[PID: 596 (iptables)]: family:2, type:3, protocol:255
modprobe: could not parse modules.dep

[   39.118167] firmadyne: sys_socket[PID: 596 (iptables)]: family:2, type:3, protocol:255
iptables v1.2.9: can't initialize iptables table `nat': Table does not exist (do you need to insmod?)
Perhaps iptables or your kernel needs to be upgraded.
[   39.180126] firmadyne: sys_socket[PID: 602 (iptables)]: family:2, type:3, protocol:255
modprobe: could not parse modules.dep

[   39.208443] firmadyne: sys_socket[PID: 602 (iptables)]: family:2, type:3, protocol:255
iptables v1.2.9: can't initialize iptables table `nat': Table does not exist (do you need to insmod?)
Perhaps iptables or your kernel needs to be upgraded.
[   39.273137] firmadyne: sys_socket[PID: 608 (iptables)]: family:2, type:3, protocol:255
modprobe: could not parse modules.dep

[   39.301291] firmadyne: sys_socket[PID: 608 (iptables)]: family:2, type:3, protocol:255
iptables v1.2.9: can't initialize iptables table `nat': Table does not exist (do you need to insmod?)
Perhaps iptables or your kernel needs to be upgraded.
[   39.362490] firmadyne: sys_socket[PID: 614 (iptables)]: family:2, type:3, protocol:255
[   39.365584] firmadyne: sys_setsockopt[PID: 614 (iptables)]: fd:3, level:0, optname:64
[   39.367032] firmadyne: sys_setsockopt[PID: 614 (iptables)]: fd:3, level:0, optname:65
[   39.415003] firmadyne: sys_socket[PID: 615 (iptables)]: family:2, type:3, protocol:255
[   39.418761] firmadyne: sys_setsockopt[PID: 615 (iptables)]: fd:3, level:0, optname:64
[   39.422718] firmadyne: sys_setsockopt[PID: 615 (iptables)]: fd:3, level:0, optname:65
[   39.470192] firmadyne: sys_socket[PID: 616 (iptables)]: family:2, type:3, protocol:255
[   39.475080] firmadyne: sys_setsockopt[PID: 616 (iptables)]: fd:3, level:0, optname:64
[   39.476713] firmadyne: sys_setsockopt[PID: 616 (iptables)]: fd:3, level:0, optname:65
[   39.588074] firmadyne: sys_socket[PID: 617 (iptables)]: family:2, type:3, protocol:255
[   39.593241] firmadyne: sys_setsockopt[PID: 617 (iptables)]: fd:3, level:0, optname:64
[   39.594836] firmadyne: sys_setsockopt[PID: 617 (iptables)]: fd:3, level:0, optname:65
[   39.629897] firmadyne: sys_socket[PID: 618 (atp)]: family:1, type:2, protocol:0
[   39.691946] firmadyne: sys_socket[PID: 619 (iptables)]: family:2, type:3, protocol:255
[   39.704284] firmadyne: sys_setsockopt[PID: 619 (iptables)]: fd:3, level:0, optname:64
[   39.705903] firmadyne: sys_setsockopt[PID: 619 (iptables)]: fd:3, level:0, optname:65
[   39.799642] firmadyne: sys_socket[PID: 620 (iptables)]: family:2, type:3, protocol:255
[   39.812491] firmadyne: sys_setsockopt[PID: 620 (iptables)]: fd:3, level:0, optname:64
[   39.814184] firmadyne: sys_setsockopt[PID: 620 (iptables)]: fd:3, level:0, optname:65
[   39.913025] firmadyne: sys_socket[PID: 621 (iptables)]: family:2, type:3, protocol:255
[   39.925977] firmadyne: sys_setsockopt[PID: 621 (iptables)]: fd:3, level:0, optname:64
[   39.929038] firmadyne: sys_setsockopt[PID: 621 (iptables)]: fd:3, level:0, optname:65
[   40.047279] firmadyne: sys_socket[PID: 622 (iptables)]: family:2, type:3, protocol:255
[   40.060666] firmadyne: sys_setsockopt[PID: 622 (iptables)]: fd:3, level:0, optname:64
iptables: Protocol wrong type for socket
[   40.192190] firmadyne: sys_socket[PID: 625 (iptables)]: family:2, type:3, protocol:255
modprobe: could not parse modules.dep

[   40.252608] firmadyne: sys_socket[PID: 625 (iptables)]: family:2, type:3, protocol:255
iptables v1.2.9: can't initialize iptables table `nat': Table does not exist (do you need to insmod?)
Perhaps iptables or your kernel needs to be upgraded.
[   40.388744] firmadyne: sys_socket[PID: 631 (iptables)]: family:2, type:3, protocol:255
modprobe: could not parse modules.dep

[   40.445614] firmadyne: sys_socket[PID: 631 (iptables)]: family:2, type:3, protocol:255
iptables v1.2.9: can't initialize iptables table `nat': Table does not exist (do you need to insmod?)
Perhaps iptables or your kernel needs to be upgraded.
[   40.599300] firmadyne: sys_socket[PID: 637 (iptables)]: family:2, type:3, protocol:255
modprobe: could not parse modules.dep

[   40.656579] firmadyne: sys_socket[PID: 637 (iptables)]: family:2, type:3, protocol:255
iptables v1.2.9: can't initialize iptables table `nat': Table does not exist (do you need to insmod?)
Perhaps iptables or your kernel needs to be upgraded.
[   40.784357] firmadyne: sys_socket[PID: 643 (iptables)]: family:2, type:3, protocol:255
modprobe: could not parse modules.dep

[   40.844125] firmadyne: sys_socket[PID: 643 (iptables)]: family:2, type:3, protocol:255
iptables v1.2.9: can't initialize iptables table `nat': Table does not exist (do you need to insmod?)
Perhaps iptables or your kernel needs to be upgraded.
[   40.984983] firmadyne: sys_socket[PID: 649 (iptables)]: family:2, type:3, protocol:255
modprobe: could not parse modules.dep

[   41.045647] firmadyne: sys_socket[PID: 649 (iptables)]: family:2, type:3, protocol:255
iptables v1.2.9: can't initialize iptables table `nat': Table does not exist (do you need to insmod?)
Perhaps iptables or your kernel needs to be upgraded.
[   41.172659] firmadyne: sys_socket[PID: 655 (iptables)]: family:2, type:3, protocol:255
modprobe: could not parse modules.dep

[   41.230347] firmadyne: sys_socket[PID: 655 (iptables)]: family:2, type:3, protocol:255
iptables v1.2.9: can't initialize iptables table `nat': Table does not exist (do you need to insmod?)
Perhaps iptables or your kernel needs to be upgraded.
[   41.391684] firmadyne: sys_socket[PID: 661 (iptables)]: family:2, type:3, protocol:255
modprobe: could not parse modules.dep

[   41.449210] firmadyne: sys_socket[PID: 661 (iptables)]: family:2, type:3, protocol:255
iptables v1.2.9: can't initialize iptables table `nat': Table does not exist (do you need to insmod?)
Perhaps iptables or your kernel needs to be upgraded.
[   41.604736] firmadyne: sys_socket[PID: 667 (iptables)]: family:2, type:3, protocol:255
modprobe: could not parse modules.dep

[   41.661582] firmadyne: sys_socket[PID: 667 (iptables)]: family:2, type:3, protocol:255
iptables v1.2.9: can't initialize iptables table `nat': Table does not exist (do you need to insmod?)
Perhaps iptables or your kernel needs to be upgraded.
[   41.829236] firmadyne: sys_socket[PID: 673 (iptables)]: family:2, type:3, protocol:255
modprobe: could not parse modules.dep

[   41.903074] firmadyne: sys_socket[PID: 673 (iptables)]: family:2, type:3, protocol:255
iptables v1.2.9: can't initialize iptables table `nat': Table does not exist (do you need to insmod?)
Perhaps iptables or your kernel needs to be upgraded.
[   41.985852] firmadyne: sys_socket[PID: 679 (iptables)]: family:2, type:3, protocol:255
modprobe: could not parse modules.dep

[   42.014200] firmadyne: sys_socket[PID: 679 (iptables)]: family:2, type:3, protocol:255
iptables v1.2.9: can't initialize iptables table `nat': Table does not exist (do you need to insmod?)
Perhaps iptables or your kernel needs to be upgraded.
[   42.101328] firmadyne: sys_socket[PID: 685 (iptables)]: family:2, type:3, protocol:255
modprobe: could not parse modules.dep

[   42.130417] firmadyne: sys_socket[PID: 685 (iptables)]: family:2, type:3, protocol:255
iptables v1.2.9: can't initialize iptables table `nat': Table does not exist (do you need to insmod?)
Perhaps iptables or your kernel needs to be upgraded.
[   42.208907] firmadyne: sys_socket[PID: 691 (iptables)]: family:2, type:3, protocol:255
modprobe: could not parse modules.dep

[   42.238785] firmadyne: sys_socket[PID: 691 (iptables)]: family:2, type:3, protocol:255
iptables v1.2.9: can't initialize iptables table `nat': Table does not exist (do you need to insmod?)
Perhaps iptables or your kernel needs to be upgraded.
[   42.320373] firmadyne: sys_socket[PID: 697 (iptables)]: family:2, type:3, protocol:255
modprobe: could not parse modules.dep

[   42.350250] firmadyne: sys_socket[PID: 697 (iptables)]: family:2, type:3, protocol:255
iptables v1.2.9: can't initialize iptables table `nat': Table does not exist (do you need to insmod?)
Perhaps iptables or your kernel needs to be upgraded.
[   42.435351] firmadyne: sys_socket[PID: 703 (iptables)]: family:2, type:3, protocol:255
modprobe: could not parse modules.dep

[   42.496265] firmadyne: sys_socket[PID: 703 (iptables)]: family:2, type:3, protocol:255
iptables v1.2.9: can't initialize iptables table `nat': Table does not exist (do you need to insmod?)
Perhaps iptables or your kernel needs to be upgraded.
[   42.527714] firmadyne: sys_socket[PID: 706 (atp)]: family:1, type:2, protocol:0
[   42.658269] firmadyne: sys_socket[PID: 710 (iptables)]: family:2, type:3, protocol:255
modprobe: could not parse modules.dep

[   42.717658] firmadyne: sys_socket[PID: 710 (iptables)]: family:2, type:3, protocol:255
iptables v1.2.9: can't initialize iptables table `nat': Table does not exist (do you need to insmod?)
Perhaps iptables or your kernel needs to be upgraded.
[   42.865066] firmadyne: sys_socket[PID: 716 (iptables)]: family:2, type:3, protocol:255
modprobe: could not parse modules.dep

[   42.924205] firmadyne: sys_socket[PID: 716 (iptables)]: family:2, type:3, protocol:255
iptables v1.2.9: can't initialize iptables table `nat': Table does not exist (do you need to insmod?)
Perhaps iptables or your kernel needs to be upgraded.
[   43.080081] firmadyne: sys_socket[PID: 722 (iptables)]: family:2, type:3, protocol:255
modprobe: could not parse modules.dep

[   43.137221] firmadyne: sys_socket[PID: 722 (iptables)]: family:2, type:3, protocol:255
iptables v1.2.9: can't initialize iptables table `nat': Table does not exist (do you need to insmod?)
Perhaps iptables or your kernel needs to be upgraded.
[   43.295938] firmadyne: sys_socket[PID: 728 (iptables)]: family:2, type:3, protocol:255
modprobe: could not parse modules.dep

[   43.360170] firmadyne: sys_socket[PID: 728 (iptables)]: family:2, type:3, protocol:255
iptables v1.2.9: can't initialize iptables table `nat': Table does not exist (do you need to insmod?)
Perhaps iptables or your kernel needs to be upgraded.
[   43.514130] firmadyne: sys_socket[PID: 738 (iptables)]: family:2, type:3, protocol:255
modprobe: could not parse modules.dep

[   43.572097] firmadyne: sys_socket[PID: 738 (iptables)]: family:2, type:3, protocol:255
iptables v1.2.9: can't initialize iptables table `nat': Table does not exist (do you need to insmod?)
Perhaps iptables or your kernel needs to be upgraded.
[   43.719885] firmadyne: sys_socket[PID: 744 (iptables)]: family:2, type:3, protocol:255
modprobe: could not parse modules.dep

[   43.776121] firmadyne: sys_socket[PID: 744 (iptables)]: family:2, type:3, protocol:255
iptables v1.2.9: can't initialize iptables table `nat': Table does not exist (do you need to insmod?)
Perhaps iptables or your kernel needs to be upgraded.
[   43.935672] firmadyne: sys_socket[PID: 750 (iptables)]: family:2, type:3, protocol:255
modprobe: could not parse modules.dep

[   44.000012] firmadyne: sys_socket[PID: 750 (iptables)]: family:2, type:3, protocol:255
iptables v1.2.9: can't initialize iptables table `nat': Table does not exist (do you need to insmod?)
Perhaps iptables or your kernel needs to be upgraded.
[   44.140822] firmadyne: sys_socket[PID: 760 (iptables)]: family:2, type:3, protocol:255
modprobe: could not parse modules.dep

[   44.193449] firmadyne: sys_socket[PID: 760 (iptables)]: family:2, type:3, protocol:255
iptables v1.2.9: can't initialize iptables table `nat': Table does not exist (do you need to insmod?)
Perhaps iptables or your kernel needs to be upgraded.
[   44.354433] firmadyne: sys_socket[PID: 766 (iptables)]: family:2, type:3, protocol:255
modprobe: could not parse modules.dep

[   44.416755] firmadyne: sys_socket[PID: 766 (iptables)]: family:2, type:3, protocol:255
iptables v1.2.9: can't initialize iptables table `nat': Table does not exist (do you need to insmod?)
Perhaps iptables or your kernel needs to be upgraded.
[   44.564854] firmadyne: sys_socket[PID: 772 (iptables)]: family:2, type:3, protocol:255
modprobe: could not parse modules.dep

[   44.621504] firmadyne: sys_socket[PID: 772 (iptables)]: family:2, type:3, protocol:255
iptables v1.2.9: can't initialize iptables table `nat': Table does not exist (do you need to insmod?)
Perhaps iptables or your kernel needs to be upgraded.
[   44.785142] firmadyne: sys_socket[PID: 778 (iptables)]: family:2, type:3, protocol:255
modprobe: could not parse modules.dep

[   44.842284] firmadyne: sys_socket[PID: 778 (iptables)]: family:2, type:3, protocol:255
iptables v1.2.9: can't initialize iptables table `nat': Table does not exist (do you need to insmod?)
Perhaps iptables or your kernel needs to be upgraded.
[   44.996294] firmadyne: sys_socket[PID: 784 (iptables)]: family:2, type:3, protocol:255
modprobe: could not parse modules.dep

[   45.060581] firmadyne: sys_socket[PID: 784 (iptables)]: family:2, type:3, protocol:255
iptables v1.2.9: can't initialize iptables table `nat': Table does not exist (do you need to insmod?)
Perhaps iptables or your kernel needs to be upgraded.
[   45.218887] firmadyne: sys_socket[PID: 790 (portt)]: family:1, type:1, protocol:0
Using /lib/modules/sw_tcpip.o
insmod: Not configured to support old kernels
Using /lib/modules/ifresetcnt.o
insmod: Not configured to support old kernels
Using /lib/modules/ipt_string.o
insmod: Not configured to support old kernels
[   45.586762] firmadyne: sys_socket[PID: 799 (rgdb)]: family:1, type:2, protocol:0
/proc/sys/net/ipv4/ip_conntrack_max: cannot create
Using /lib/modules/ip_stun_func.o
insmod: Not configured to support old kernels
[   45.805259] firmadyne: sys_socket[PID: 803 (iptables)]: family:2, type:3, protocol:255
[   45.811762] firmadyne: sys_setsockopt[PID: 803 (iptables)]: fd:3, level:0, optname:64
[   45.813533] firmadyne: sys_setsockopt[PID: 803 (iptables)]: fd:3, level:0, optname:65
[   45.860747] firmadyne: sys_socket[PID: 804 (iptables)]: family:2, type:3, protocol:255
modprobe: could not parse modules.dep

[   45.890409] firmadyne: sys_socket[PID: 804 (iptables)]: family:2, type:3, protocol:255
iptables v1.2.9: can't initialize iptables table `nat': Table does not exist (do you need to insmod?)
Perhaps iptables or your kernel needs to be upgraded.
[   45.950984] firmadyne: sys_socket[PID: 810 (iptables)]: family:2, type:3, protocol:255
modprobe: could not parse modules.dep

[   45.980867] firmadyne: sys_socket[PID: 810 (iptables)]: family:2, type:3, protocol:255
iptables v1.2.9: can't initialize iptables table `nat': Table does not exist (do you need to insmod?)
Perhaps iptables or your kernel needs to be upgraded.
[   46.019019] firmadyne: sys_socket[PID: 816 (logger)]: family:1, type:1, protocol:0
[   46.076893] firmadyne: sys_socket[PID: 817 (iptables)]: family:2, type:3, protocol:255
[   46.083108] firmadyne: sys_setsockopt[PID: 817 (iptables)]: fd:3, level:0, optname:64
[   46.084999] firmadyne: sys_setsockopt[PID: 817 (iptables)]: fd:3, level:0, optname:65
[   46.129929] firmadyne: sys_socket[PID: 818 (iptables)]: family:2, type:3, protocol:255
[   46.136231] firmadyne: sys_setsockopt[PID: 818 (iptables)]: fd:3, level:0, optname:64
[   46.137932] firmadyne: sys_setsockopt[PID: 818 (iptables)]: fd:3, level:0, optname:65
[   46.158609] firmadyne: sys_socket[PID: 819 (logger)]: family:1, type:1, protocol:0
[   46.182811] firmadyne: sys_socket[PID: 820 (logger)]: family:1, type:1, protocol:0
[   46.232992] firmadyne: sys_socket[PID: 821 (iptables)]: family:2, type:3, protocol:255
[   46.244546] firmadyne: sys_setsockopt[PID: 821 (iptables)]: fd:3, level:0, optname:64
[   46.246246] firmadyne: sys_setsockopt[PID: 821 (iptables)]: fd:3, level:0, optname:65
[   46.306295] firmadyne: sys_socket[PID: 823 (logger)]: family:1, type:1, protocol:0
[   46.359582] firmadyne: sys_socket[PID: 822 (atp)]: family:1, type:2, protocol:0
[   46.370597] firmadyne: sys_socket[PID: 824 (logger)]: family:1, type:1, protocol:0
[   46.427518] firmadyne: sys_socket[PID: 825 (logger)]: family:1, type:1, protocol:0
[   46.535781] firmadyne: sys_socket[PID: 829 (iptables)]: family:2, type:3, protocol:255
[   46.541816] firmadyne: sys_setsockopt[PID: 829 (iptables)]: fd:3, level:0, optname:64
[   46.544928] firmadyne: sys_setsockopt[PID: 829 (iptables)]: fd:3, level:0, optname:65
[   46.589719] firmadyne: sys_socket[PID: 830 (iptables)]: family:2, type:3, protocol:255
modprobe: could not parse modules.dep

[   46.619982] firmadyne: sys_socket[PID: 830 (iptables)]: family:2, type:3, protocol:255
iptables v1.2.9: can't initialize iptables table `nat': Table does not exist (do you need to insmod?)
Perhaps iptables or your kernel needs to be upgraded.
sendto_unsock(/var/run/portt.unixsocket, flush)
[   46.681851] firmadyne: sys_socket[PID: 836 (trigger)]: family:1, type:1, protocol:0
/proc/sys/net/ipv4/arp_flood_burst: cannot create
/proc/sys/net/ipv4/arp_flood_cost: cannot create
start DNRD ...
[/etc/templates/dnrd.sh] ...
[   46.839836] firmadyne: sys_socket[PID: 843 (rgdb)]: family:1, type:2, protocol:0
[   46.997971] firmadyne: sys_socket[PID: 845 (atp)]: family:1, type:2, protocol:0
[   47.037028] firmadyne: sys_socket[PID: 847 (rgdb)]: family:1, type:2, protocol:0
[   47.772239] firmadyne: sys_socket[PID: 848 (rgdb)]: family:1, type:2, protocol:0
[/var/run/dnrd_start.sh] ...
Start DNRD ...
[   48.011521] firmadyne: sys_socket[PID: 852 (dnrd)]: family:2, type:1, protocol:0
[   48.012438] firmadyne: sys_setsockopt[PID: 852 (dnrd)]: fd:4, level:65535, optname:4
[   48.013197] firmadyne: inet_bind[PID: 852 (dnrd)]: proto:SOCK_DGRAM, port:53
[   48.013907] firmadyne: sys_socket[PID: 852 (dnrd)]: family:2, type:2, protocol:0
[   48.014758] firmadyne: sys_setsockopt[PID: 852 (dnrd)]: fd:5, level:65535, optname:4
[   48.035434] firmadyne: inet_bind[PID: 852 (dnrd)]: proto:SOCK_STREAM, port:53
Notice: caching turned off
[   48.103030] firmadyne: sys_socket[PID: 857 (rgdb)]: family:1, type:2, protocol:0
Start telnetd ...
[   48.316474] 
do_page_fault(): sending SIGSEGV to xgi for invalid write access to 7fc8f000
[   48.317093] epc = 7760d07c in libc.so.0[775bb000+63000]
[   48.317927] ra  = 00403cfc in atp[400000+a000]
[   48.318444] 
[   48.318899] potentially unexpected fatal signal 11.
[   48.319722] CPU: 0 PID: 861 Comm: xgi Not tainted 4.1.17+ #1
[   48.320273] task: 8f09a048 ti: 8f1ea000 task.ti: 8f1ea000
[   48.320687] $ 0   : 00000000 7761c37e 00000079 79000000
[   48.321339] $ 4   : 7fc8cd88 7fc8ee01 7fc8f000 7761ac20
[   48.321973] $ 8   : 00408341 00000001 00408341 00000003
[   48.322576] $12   : 000003a7 0a7905d6 775c2ed4 00400e44
[   48.323403] $16   : 7fc8cb88 7fc8e781 7fc8e755 00000003
[   48.324024] $20   : 7fc8e754 00000000 00000000 ffffffff
[   48.324630] $24   : 775bd7c4 7760d060                  
[   48.325260] $28   : 77666460 7fc8c970 00000000 00403cfc
[   48.325905] Hi    : 000001ea
[   48.326202] Lo    : 000299b4
[   48.326604] epc   : 7760d07c 0x7760d07c
[   48.327216] ra    : 00403cfc 0x403cfc
[   48.327548] Status: 0000a413	USER EXL IE 
[   48.328074] Cause : 1080000c
[   48.328387] BadVA : 7fc8f000
[   48.328721] PrId  : 00019300 (MIPS 24Kc)
[   48.361758] firmadyne: sys_socket[PID: 863 (rgdb)]: family:1, type:2, protocol:0
[   48.471260] firmadyne: sys_socket[PID: 864 (telnetd)]: family:2, type:2, protocol:0
[   48.476681] firmadyne: sys_setsockopt[PID: 864 (telnetd)]: fd:3, level:65535, optname:4
[   48.477581] firmadyne: sys_setsockopt[PID: 864 (telnetd)]: fd:3, level:65535, optname:25
[   48.478403] firmadyne: inet_bind[PID: 864 (telnetd)]: proto:SOCK_STREAM, port:23
[   48.507727] firmadyne: sys_socket[PID: 866 (rgdb)]: family:1, type:2, protocol:0
start UPNPD ...
[/etc/templates/upnpd.sh] ...
[   48.661851] firmadyne: sys_socket[PID: 872 (rgdb)]: family:1, type:2, protocol:0
[   48.778033] firmadyne: sys_socket[PID: 875 (xmldbc)]: family:1, type:2, protocol:0
[   48.956500] firmadyne: sys_socket[PID: 876 (atp)]: family:1, type:2, protocol:0
[   49.190347] firmadyne: sys_socket[PID: 877 (xmldbc)]: family:1, type:2, protocol:0
[/var/run/upnpd_start.sh] ...
Starting UPnP ...
[   50.848911] firmadyne: sys_socket[PID: 890 (xmldbc)]: family:1, type:2, protocol:0
[   50.934373] firmadyne: sys_socket[PID: 891 (xmldbc)]: family:1, type:2, protocol:0
[   50.988476] firmadyne: sys_socket[PID: 892 (xmldbc)]: family:1, type:2, protocol:0
[   51.043988] firmadyne: sys_socket[PID: 893 (xmldbc)]: family:1, type:2, protocol:0
[   51.116545] firmadyne: sys_socket[PID: 894 (xmldbc)]: family:1, type:2, protocol:0
[   51.170730] firmadyne: sys_socket[PID: 895 (xmldbc)]: family:1, type:2, protocol:0
[   51.309832] firmadyne: sys_socket[PID: 897 (atp)]: family:1, type:2, protocol:0
[   51.318518] firmadyne: sys_socket[PID: 896 (xmldbc)]: family:1, type:2, protocol:0
[   52.930315] firmadyne: sys_socket[PID: 898 (xmldbc)]: family:1, type:2, protocol:0
[/var/run/upnp_alive.sh] ...
[   53.069256] firmadyne: sys_socket[PID: 902 (xmldbc)]: family:1, type:2, protocol:0
[   53.152612] firmadyne: sys_socket[PID: 905 (xmldbc)]: family:1, type:2, protocol:0
[   53.281429] firmadyne: sys_socket[PID: 909 (xmldbc)]: family:1, type:2, protocol:0
[   53.501334] firmadyne: sys_socket[PID: 910 (atp)]: family:1, type:2, protocol:0
[   53.851349] firmadyne: sys_socket[PID: 912 (xmldbc)]: family:1, type:2, protocol:0
[   53.874860] firmadyne: sys_socket[PID: 913 (upnpkits)]: family:2, type:1, protocol:0
[   53.878600] firmadyne: sys_setsockopt[PID: 913 (upnpkits)]: fd:3, level:65535, optname:25
[   53.880934] firmadyne: sys_setsockopt[PID: 913 (upnpkits)]: fd:3, level:0, optname:33
[   54.018374] firmadyne: sys_socket[PID: 915 (xmldbc)]: family:1, type:2, protocol:0
[   54.042178] firmadyne: sys_socket[PID: 916 (upnpkits)]: family:2, type:1, protocol:0
[   54.046930] firmadyne: sys_setsockopt[PID: 916 (upnpkits)]: fd:3, level:65535, optname:25
[   54.047875] firmadyne: sys_setsockopt[PID: 916 (upnpkits)]: fd:3, level:0, optname:33
[   54.185944] firmadyne: sys_socket[PID: 918 (xmldbc)]: family:1, type:2, protocol:0
[   54.209914] firmadyne: sys_socket[PID: 919 (upnpkits)]: family:2, type:1, protocol:0
[   54.210837] firmadyne: sys_setsockopt[PID: 919 (upnpkits)]: fd:3, level:65535, optname:25
[   54.215885] firmadyne: sys_setsockopt[PID: 919 (upnpkits)]: fd:3, level:0, optname:33
[   54.396699] firmadyne: sys_socket[PID: 921 (xmldbc)]: family:1, type:2, protocol:0
[   54.409267] firmadyne: sys_socket[PID: 923 (atp)]: family:1, type:2, protocol:0
[   54.440014] firmadyne: sys_socket[PID: 922 (upnpkits)]: family:2, type:1, protocol:0
[   54.440949] firmadyne: sys_setsockopt[PID: 922 (upnpkits)]: fd:3, level:65535, optname:25
[   54.441747] firmadyne: sys_setsockopt[PID: 922 (upnpkits)]: fd:3, level:0, optname:33
[   54.598190] firmadyne: sys_socket[PID: 926 (xmldbc)]: family:1, type:2, protocol:0
[   54.625347] firmadyne: sys_socket[PID: 927 (upnpkits)]: family:2, type:1, protocol:0
[   54.626339] firmadyne: sys_setsockopt[PID: 927 (upnpkits)]: fd:3, level:65535, optname:25
[   54.631293] firmadyne: sys_setsockopt[PID: 927 (upnpkits)]: fd:3, level:0, optname:33
[   54.769200] firmadyne: sys_socket[PID: 929 (xmldbc)]: family:1, type:2, protocol:0
[   54.794215] firmadyne: sys_socket[PID: 930 (upnpkits)]: family:2, type:1, protocol:0
[   54.799047] firmadyne: sys_setsockopt[PID: 930 (upnpkits)]: fd:3, level:65535, optname:25
[   54.800012] firmadyne: sys_setsockopt[PID: 930 (upnpkits)]: fd:3, level:0, optname:33
[   54.938402] firmadyne: sys_socket[PID: 932 (xmldbc)]: family:1, type:2, protocol:0
[   54.963777] firmadyne: sys_socket[PID: 933 (upnpkits)]: family:2, type:1, protocol:0
[   54.964730] firmadyne: sys_setsockopt[PID: 933 (upnpkits)]: fd:3, level:65535, optname:25
[   54.965527] firmadyne: sys_setsockopt[PID: 933 (upnpkits)]: fd:3, level:0, optname:33
[   55.155435] firmadyne: sys_socket[PID: 935 (xmldbc)]: family:1, type:2, protocol:0
[   55.178648] firmadyne: sys_socket[PID: 937 (atp)]: family:1, type:2, protocol:0
[   55.189735] firmadyne: sys_socket[PID: 936 (upnpkits)]: family:2, type:1, protocol:0
[   55.190646] firmadyne: sys_setsockopt[PID: 936 (upnpkits)]: fd:3, level:65535, optname:25
[   55.195543] firmadyne: sys_setsockopt[PID: 936 (upnpkits)]: fd:3, level:0, optname:33
[   55.357739] firmadyne: sys_socket[PID: 939 (xmldbc)]: family:1, type:2, protocol:0
[   55.380740] firmadyne: sys_socket[PID: 940 (upnpkits)]: family:2, type:1, protocol:0
[   55.381670] firmadyne: sys_setsockopt[PID: 940 (upnpkits)]: fd:3, level:65535, optname:25
[   55.382466] firmadyne: sys_setsockopt[PID: 940 (upnpkits)]: fd:3, level:0, optname:33
[   55.521220] firmadyne: sys_socket[PID: 942 (xmldbc)]: family:1, type:2, protocol:0
[   55.544147] firmadyne: sys_socket[PID: 943 (upnpkits)]: family:2, type:1, protocol:0
[   55.545065] firmadyne: sys_setsockopt[PID: 943 (upnpkits)]: fd:3, level:65535, optname:25
[   55.545858] firmadyne: sys_setsockopt[PID: 943 (upnpkits)]: fd:3, level:0, optname:33
[   55.685719] firmadyne: sys_socket[PID: 945 (xmldbc)]: family:1, type:2, protocol:0
[   55.719954] firmadyne: sys_socket[PID: 946 (upnpkits)]: family:2, type:1, protocol:0
[   55.720882] firmadyne: sys_setsockopt[PID: 946 (upnpkits)]: fd:3, level:65535, optname:25
[   55.721621] firmadyne: sys_setsockopt[PID: 946 (upnpkits)]: fd:3, level:0, optname:33
[   55.906565] firmadyne: sys_socket[PID: 948 (xmldbc)]: family:1, type:2, protocol:0
[   55.923768] firmadyne: sys_socket[PID: 950 (atp)]: family:1, type:2, protocol:0
[   55.952678] firmadyne: sys_socket[PID: 949 (upnpkits)]: family:2, type:1, protocol:0
[   55.953645] firmadyne: sys_setsockopt[PID: 949 (upnpkits)]: fd:3, level:65535, optname:25
[   55.954490] firmadyne: sys_setsockopt[PID: 949 (upnpkits)]: fd:3, level:0, optname:33
[   56.109417] firmadyne: sys_socket[PID: 952 (xmldbc)]: family:1, type:2, protocol:0
[   56.134708] firmadyne: sys_socket[PID: 953 (upnpkits)]: family:2, type:1, protocol:0
[   56.135893] firmadyne: sys_setsockopt[PID: 953 (upnpkits)]: fd:3, level:65535, optname:25
[   56.136692] firmadyne: sys_setsockopt[PID: 953 (upnpkits)]: fd:3, level:0, optname:33
[   56.275062] firmadyne: sys_socket[PID: 955 (xmldbc)]: family:1, type:2, protocol:0
[   56.301430] firmadyne: sys_socket[PID: 956 (upnpkits)]: family:2, type:1, protocol:0
[   56.302395] firmadyne: sys_setsockopt[PID: 956 (upnpkits)]: fd:3, level:65535, optname:25
[   56.307417] firmadyne: sys_setsockopt[PID: 956 (upnpkits)]: fd:3, level:0, optname:33
[   56.449670] firmadyne: sys_socket[PID: 958 (xmldbc)]: family:1, type:2, protocol:0
[   56.472854] firmadyne: sys_socket[PID: 959 (upnpkits)]: family:2, type:1, protocol:0
[   56.473806] firmadyne: sys_setsockopt[PID: 959 (upnpkits)]: fd:3, level:65535, optname:25
[   56.474637] firmadyne: sys_setsockopt[PID: 959 (upnpkits)]: fd:3, level:0, optname:33
[   56.664610] firmadyne: sys_socket[PID: 961 (xmldbc)]: family:1, type:2, protocol:0
[   56.683937] firmadyne: sys_socket[PID: 963 (atp)]: family:1, type:2, protocol:0
[   56.697450] firmadyne: sys_socket[PID: 962 (upnpkits)]: family:2, type:1, protocol:0
[   56.698427] firmadyne: sys_setsockopt[PID: 962 (upnpkits)]: fd:3, level:65535, optname:25
[   56.703403] firmadyne: sys_setsockopt[PID: 962 (upnpkits)]: fd:3, level:0, optname:33
[   56.864127] firmadyne: sys_socket[PID: 965 (xmldbc)]: family:1, type:2, protocol:0
[   56.888076] firmadyne: sys_socket[PID: 966 (upnpkits)]: family:2, type:1, protocol:0
[   56.889071] firmadyne: sys_setsockopt[PID: 966 (upnpkits)]: fd:3, level:65535, optname:25
[   56.889878] firmadyne: sys_setsockopt[PID: 966 (upnpkits)]: fd:3, level:0, optname:33
[   57.031320] firmadyne: sys_socket[PID: 968 (xmldbc)]: family:1, type:2, protocol:0
[   57.053715] firmadyne: sys_socket[PID: 969 (upnpkits)]: family:2, type:1, protocol:0
[   57.054670] firmadyne: sys_setsockopt[PID: 969 (upnpkits)]: fd:3, level:65535, optname:25
[   57.059567] firmadyne: sys_setsockopt[PID: 969 (upnpkits)]: fd:3, level:0, optname:33
[   57.194949] firmadyne: sys_socket[PID: 971 (xmldbc)]: family:1, type:2, protocol:0
[   57.222561] firmadyne: sys_socket[PID: 972 (upnpkits)]: family:2, type:1, protocol:0
[   57.223722] firmadyne: sys_setsockopt[PID: 972 (upnpkits)]: fd:3, level:65535, optname:25
[   57.224539] firmadyne: sys_setsockopt[PID: 972 (upnpkits)]: fd:3, level:0, optname:33
[   57.421586] firmadyne: sys_socket[PID: 974 (xmldbc)]: family:1, type:2, protocol:0
[   57.427571] firmadyne: sys_socket[PID: 976 (atp)]: family:1, type:2, protocol:0
[   57.459003] firmadyne: sys_socket[PID: 975 (upnpkits)]: family:2, type:1, protocol:0
[   57.460153] firmadyne: sys_setsockopt[PID: 975 (upnpkits)]: fd:3, level:65535, optname:25
[   57.460978] firmadyne: sys_setsockopt[PID: 975 (upnpkits)]: fd:3, level:0, optname:33
[   57.620989] firmadyne: sys_socket[PID: 978 (xmldbc)]: family:1, type:2, protocol:0
[   57.646114] firmadyne: sys_socket[PID: 979 (upnpkits)]: family:2, type:1, protocol:0
[   57.651035] firmadyne: sys_setsockopt[PID: 979 (upnpkits)]: fd:3, level:65535, optname:25
[   57.652010] firmadyne: sys_setsockopt[PID: 979 (upnpkits)]: fd:3, level:0, optname:33
[   57.789104] firmadyne: sys_socket[PID: 981 (xmldbc)]: family:1, type:2, protocol:0
[   57.811750] firmadyne: sys_socket[PID: 982 (upnpkits)]: family:2, type:1, protocol:0
[   57.812670] firmadyne: sys_setsockopt[PID: 982 (upnpkits)]: fd:3, level:65535, optname:25
[   57.813449] firmadyne: sys_setsockopt[PID: 982 (upnpkits)]: fd:3, level:0, optname:33
[   57.956763] firmadyne: sys_socket[PID: 984 (xmldbc)]: family:1, type:2, protocol:0
[   57.982231] firmadyne: sys_socket[PID: 985 (upnpkits)]: family:2, type:1, protocol:0
[   57.987232] firmadyne: sys_setsockopt[PID: 985 (upnpkits)]: fd:3, level:65535, optname:25
[   57.988029] firmadyne: sys_setsockopt[PID: 985 (upnpkits)]: fd:3, level:0, optname:33
[   58.179371] firmadyne: sys_socket[PID: 987 (xmldbc)]: family:1, type:2, protocol:0
[   58.184535] firmadyne: sys_socket[PID: 989 (atp)]: family:1, type:2, protocol:0
[   58.226807] firmadyne: sys_socket[PID: 988 (upnpkits)]: family:2, type:1, protocol:0
[   58.228035] firmadyne: sys_setsockopt[PID: 988 (upnpkits)]: fd:3, level:65535, optname:25
[   58.228820] firmadyne: sys_setsockopt[PID: 988 (upnpkits)]: fd:3, level:0, optname:33
[   58.371042] firmadyne: sys_socket[PID: 991 (xmldbc)]: family:1, type:2, protocol:0
[   58.394745] firmadyne: sys_socket[PID: 992 (upnpkits)]: family:2, type:1, protocol:0
[   58.395936] firmadyne: sys_setsockopt[PID: 992 (upnpkits)]: fd:3, level:65535, optname:25
[   58.396714] firmadyne: sys_setsockopt[PID: 992 (upnpkits)]: fd:3, level:0, optname:33
[   58.533627] firmadyne: sys_socket[PID: 994 (xmldbc)]: family:1, type:2, protocol:0
[   58.558661] firmadyne: sys_socket[PID: 995 (upnpkits)]: family:2, type:1, protocol:0
[   58.562439] firmadyne: sys_setsockopt[PID: 995 (upnpkits)]: fd:3, level:65535, optname:25
[   58.564803] firmadyne: sys_setsockopt[PID: 995 (upnpkits)]: fd:3, level:0, optname:33
[   58.698335] firmadyne: sys_socket[PID: 997 (xmldbc)]: family:1, type:2, protocol:0
[   58.745417] firmadyne: sys_socket[PID: 998 (upnpkits)]: family:2, type:1, protocol:0
[   58.746339] firmadyne: sys_setsockopt[PID: 998 (upnpkits)]: fd:3, level:65535, optname:25
[   58.751507] firmadyne: sys_setsockopt[PID: 998 (upnpkits)]: fd:3, level:0, optname:33
[   58.880934] firmadyne: sys_socket[PID: 999 (atp)]: family:1, type:2, protocol:0
[   58.934711] firmadyne: sys_socket[PID: 1001 (xmldbc)]: family:1, type:2, protocol:0
[   59.713378] firmadyne: sys_socket[PID: 1002 (upnpkits)]: family:2, type:1, protocol:0
[   59.714346] firmadyne: sys_setsockopt[PID: 1002 (upnpkits)]: fd:3, level:65535, optname:25
[   59.719606] firmadyne: sys_setsockopt[PID: 1002 (upnpkits)]: fd:3, level:0, optname:33
[   59.875633] firmadyne: sys_socket[PID: 1004 (xmldbc)]: family:1, type:2, protocol:0
[   59.901026] firmadyne: sys_socket[PID: 1005 (upnpkits)]: family:2, type:1, protocol:0
[   59.901987] firmadyne: sys_setsockopt[PID: 1005 (upnpkits)]: fd:3, level:65535, optname:25
[   59.902815] firmadyne: sys_setsockopt[PID: 1005 (upnpkits)]: fd:3, level:0, optname:33
[   60.043068] firmadyne: sys_socket[PID: 1007 (xmldbc)]: family:1, type:2, protocol:0
[   60.068116] firmadyne: sys_socket[PID: 1008 (upnpkits)]: family:2, type:1, protocol:0
[   60.069043] firmadyne: sys_setsockopt[PID: 1008 (upnpkits)]: fd:3, level:65535, optname:25
[   60.069825] firmadyne: sys_setsockopt[PID: 1008 (upnpkits)]: fd:3, level:0, optname:33
[   60.212045] firmadyne: sys_socket[PID: 1010 (xmldbc)]: family:1, type:2, protocol:0
[   60.237137] firmadyne: sys_socket[PID: 1011 (upnpkits)]: family:2, type:1, protocol:0
[   60.238055] firmadyne: sys_setsockopt[PID: 1011 (upnpkits)]: fd:3, level:65535, optname:25
[   60.238874] firmadyne: sys_setsockopt[PID: 1011 (upnpkits)]: fd:3, level:0, optname:33
[   60.419077] firmadyne: sys_socket[PID: 1013 (xmldbc)]: family:1, type:2, protocol:0
[   60.452041] firmadyne: sys_socket[PID: 1015 (atp)]: family:1, type:2, protocol:0
[   60.461517] firmadyne: sys_socket[PID: 1014 (upnpkits)]: family:2, type:1, protocol:0
[   60.462445] firmadyne: sys_setsockopt[PID: 1014 (upnpkits)]: fd:3, level:65535, optname:25
[   60.467376] firmadyne: sys_setsockopt[PID: 1014 (upnpkits)]: fd:3, level:0, optname:33
[   60.584467] firmadyne: sys_socket[PID: 1017 (xmldbc)]: family:1, type:2, protocol:0
start WAN ...
[   60.697890] firmadyne: sys_socket[PID: 1021 (rgdb)]: family:1, type:2, protocol:0
Set WAN port media type 0
open failed (/proc/driver/ae531x)...
[   61.078424] firmadyne: sys_socket[PID: 1025 (atp)]: family:1, type:2, protocol:0
[   61.653806] firmadyne: sys_socket[PID: 1026 (atp)]: family:1, type:2, protocol:0
open failed (/proc/driver/ae531x)...
[   62.233761] firmadyne: sys_socket[PID: 1028 (atp)]: family:1, type:2, protocol:0
[   62.805744] firmadyne: sys_socket[PID: 1029 (atp)]: family:1, type:2, protocol:0
[   63.377624] firmadyne: sys_socket[PID: 1030 (atp)]: family:1, type:2, protocol:0
[/etc/templates/wan.sh] start ...
[   63.996934] firmadyne: sys_socket[PID: 1033 (atp)]: family:1, type:2, protocol:0
[   64.054884] firmadyne: sys_socket[PID: 1035 (rgdb)]: family:1, type:2, protocol:0
[   64.917714] firmadyne: sys_socket[PID: 1036 (rgdb)]: family:1, type:2, protocol:0
[/var/run/wan_start.sh] ...
[   65.077564] firmadyne: sys_socket[PID: 1039 (ifconfig)]: family:2, type:1, protocol:0
[   65.102606] firmadyne: sys_socket[PID: 1040 (ifconfig)]: family:2, type:1, protocol:0
[   65.152395] firmadyne: sys_socket[PID: 1041 (rgdb)]: family:1, type:2, protocol:0
Restore WAN MAC : 00:de:fa:19:c0:02
DHCP client on WAN(eth0.2) CloneMAC() ...
[   65.208862] firmadyne: sys_socket[PID: 1044 (ifconfig)]: family:2, type:1, protocol:0
[   65.251311] firmadyne: sys_socket[PID: 1045 (rgdb)]: family:1, type:2, protocol:0
start LLD2D ...
[   65.536516] firmadyne: sys_socket[PID: 1049 (udhcpc)]: family:2, type:3, protocol:255
[   65.547359] firmadyne: sys_socket[PID: 1049 (udhcpc)]: family:17, type:1, protocol:2048
[   65.550632] firmadyne: sys_socket[PID: 1049 (udhcpc)]: family:17, type:1, protocol:2048
[/usr/sbin/submit] COMMIT ...
[   65.585018] firmadyne: sys_socket[PID: 1049 (udhcpc)]: family:1, type:1, protocol:0
[/etc/templates/lld2d.sh] ...
[   65.710032] firmadyne: sys_socket[PID: 1056 (xmldbc)]: family:1, type:2, protocol:0
[   65.845098] firmadyne: sys_socket[PID: 1059 (rgdb)]: family:1, type:2, protocol:0
[/etc/scripts/misc/profile.sh] put ...
[   65.989696] firmadyne: sys_socket[PID: 1061 (rgdb)]: family:1, type:2, protocol:0
[/var/run/lld2d_start.sh] ...
Start LLD2 daemon ...
[   66.240044] firmadyne: sys_socket[PID: 1068 (rgdb)]: family:1, type:2, protocol:0
[   66.348472] firmadyne: sys_socket[PID: 1070 (lld2d)]: family:17, type:3, protocol:35033
[   66.349937] firmadyne: sys_socket[PID: 1070 (lld2d)]: family:2, type:1, protocol:0
[   66.396297] firmadyne: sys_socket[PID: 1073 (rgdb)]: family:1, type:2, protocol:0
start Neaps ...
[/etc/templates/neaps.sh] start ...
[   66.786649] firmadyne: sys_socket[PID: 1080 (xmldbc)]: family:1, type:2, protocol:0
[   66.928071] firmadyne: sys_socket[PID: 1082 (xmldbc)]: family:1, type:2, protocol:0
ok
[   67.038834] firmadyne: sys_socket[PID: 1084 (xmldbc)]: family:1, type:2, protocol:0
[/var/run/neaps_start.sh] ...
Start Neap Server ...
[   67.257560] firmadyne: sys_socket[PID: 1090 (neaps)]: family:2, type:3, protocol:255
[   67.267900] firmadyne: sys_socket[PID: 1090 (neaps)]: family:2, type:1, protocol:17
[   67.268847] firmadyne: sys_setsockopt[PID: 1090 (neaps)]: fd:3, level:65535, optname:32
[   67.269922] firmadyne: sys_setsockopt[PID: 1090 (neaps)]: fd:3, level:65535, optname:4
[   67.270693] firmadyne: sys_setsockopt[PID: 1090 (neaps)]: fd:3, level:65535, optname:32
[   67.273332] firmadyne: sys_setsockopt[PID: 1090 (neaps)]: fd:3, level:65535, optname:25
[   67.274134] firmadyne: inet_bind[PID: 1090 (neaps)]: proto:SOCK_DGRAM, port:64512
[   67.274934] firmadyne: sys_socket[PID: 1090 (neaps)]: family:2, type:3, protocol:255
[   67.292711] firmadyne: sys_socket[PID: 1092 (rgdb)]: family:1, type:2, protocol:0
start igmpproxy ...
[/etc/templates/igmpproxy.sh] start ...
[   67.492224] firmadyne: sys_socket[PID: 1099 (xmldbc)]: family:1, type:2, protocol:0
[   67.615615] firmadyne: sys_socket[PID: 1049 (udhcpc)]: family:17, type:1, protocol:2048
[   67.673920] firmadyne: sys_socket[PID: 1100 (xmldbc)]: family:1, type:2, protocol:0
[   67.696826] firmadyne: sys_socket[PID: 1101 (atp)]: family:1, type:2, protocol:0
[/var/run/igmpproxy_start.sh] ...
Start IGMP proxy ...
/proc/net/br_igmpp_br0: cannot create
/proc/net/br_mac_br0: cannot create
/proc/net/br_igmpp_br0: cannot create
[   68.063963] firmadyne: sys_socket[PID: 1105 (igmpproxy)]: family:2, type:3, protocol:2
[   68.064885] firmadyne: sys_setsockopt[PID: 1105 (igmpproxy)]: fd:5, level:0, optname:200
[   68.080606] firmadyne: sys_socket[PID: 1105 (igmpproxy)]: family:2, type:1, protocol:0
[   68.082386] firmadyne: sys_socket[PID: 1105 (igmpproxy)]: family:2, type:1, protocol:0
[/etc/init.d/S10system.sh] done!
[   68.091638] firmadyne: sys_socket[PID: 1105 (igmpproxy)]: family:2, type:1, protocol:0
[   68.093041] firmadyne: sys_setsockopt[PID: 1105 (igmpproxy)]: fd:5, level:0, optname:202
[   68.094061] firmadyne: sys_setsockopt[PID: 1105 (igmpproxy)]: fd:5, level:0, optname:35
[   68.094896] firmadyne: sys_setsockopt[PID: 1105 (igmpproxy)]: fd:5, level:0, optname:35
[   68.111937] firmadyne: sys_setsockopt[PID: 1105 (igmpproxy)]: fd:5, level:0, optname:3
[   68.112714] firmadyne: sys_setsockopt[PID: 1105 (igmpproxy)]: fd:5, level:0, optname:34
[   68.114093] firmadyne: sys_setsockopt[PID: 1105 (igmpproxy)]: fd:5, level:0, optname:32
[   68.127347] firmadyne: sys_setsockopt[PID: 1105 (igmpproxy)]: fd:5, level:0, optname:32
rcS done!
[   69.667059] firmadyne: sys_socket[PID: 1123 (atp)]: family:1, type:2, protocol:0
[   70.250528] firmadyne: sys_socket[PID: 1124 (atp)]: family:1, type:2, protocol:0
[   70.825314] firmadyne: sys_socket[PID: 1125 (atp)]: family:1, type:2, protocol:0
[   71.411968] firmadyne: sys_socket[PID: 1126 (atp)]: family:1, type:2, protocol:0
[   71.637788] firmadyne: sys_socket[PID: 1049 (udhcpc)]: family:17, type:1, protocol:2048
[   71.992366] firmadyne: sys_socket[PID: 1127 (atp)]: family:1, type:2, protocol:0
[   72.581126] firmadyne: sys_socket[PID: 1128 (atp)]: family:1, type:2, protocol:0
[   73.834498] firmadyne: sys_socket[PID: 1129 (atp)]: family:1, type:2, protocol:0
[/usr/sbin/submit] COMMIT ...
[   74.534468] firmadyne: sys_socket[PID: 1135 (xmldbc)]: family:1, type:2, protocol:0
[/etc/scripts/misc/profile.sh] put ...
[   74.761448] firmadyne: sys_socket[PID: 1141 (rgdb)]: family:1, type:2, protocol:0
ok
