[    0.000000] Linux version 4.1.17+ (alessio@pc) (gcc version 5.5.0 20171010 (Ubuntu 5.5.0-12ubuntu1) ) #1 Mon May 15 23:04:08 CEST 2023
[    0.000000] earlycon: Early serial console at I/O port 0x3f8 (options '38400n8')
[    0.000000] bootconsole [uart0] enabled
[    0.000000] CPU0 revision is: 00019300 (MIPS 24Kc)
[    0.000000] FPU revision is: 00739300
[    0.000000] Software DMA cache coherency enabled
[    0.000000] Determined physical RAM map:
[    0.000000]  memory: 00001000 @ 00000000 (reserved)
[    0.000000]  memory: 000ef000 @ 00001000 (ROM data)
[    0.000000]  memory: 00798000 @ 000f0000 (reserved)
[    0.000000]  memory: 0f777000 @ 00888000 (usable)
[    0.000000] debug: ignoring loglevel setting.
[    0.000000] Wasting 69888 bytes for tracking 2184 unused pages
[    0.000000] Initrd not found or empty - disabling initrd
[    0.000000] Zone ranges:
[    0.000000]   DMA      [mem 0x0000000000000000-0x0000000000ffffff]
[    0.000000]   Normal   [mem 0x0000000001000000-0x000000000fffefff]
[    0.000000] Movable zone start for each node
[    0.000000] Early memory node ranges
[    0.000000]   node   0: [mem 0x0000000000000000-0x000000000fffefff]
[    0.000000] Initmem setup node 0 [mem 0x0000000000000000-0x000000000fffefff]
[    0.000000] On node 0 totalpages: 65535
[    0.000000] free_area_init_node: node 0, pgdat 8081d5b0, node_mem_map 81000000
[    0.000000]   DMA zone: 32 pages used for memmap
[    0.000000]   DMA zone: 0 pages reserved
[    0.000000]   DMA zone: 4096 pages, LIFO batch:0
[    0.000000]   Normal zone: 480 pages used for memmap
[    0.000000]   Normal zone: 61439 pages, LIFO batch:15
[    0.000000] Primary instruction cache 2kB, VIPT, 2-way, linesize 16 bytes.
[    0.000000] Primary data cache 2kB, 2-way, VIPT, no aliases, linesize 16 bytes
[    0.000000] pcpu-alloc: s0 r0 d32768 u32768 alloc=1*32768
[    0.000000] pcpu-alloc: [0] 0 
[    0.000000] Built 1 zonelists in Zone order, mobility grouping on.  Total pages: 65023
[    0.000000] Kernel command line: root=/dev/sda1 console=ttyS0 nandsim.parts=64,64,64,64,64,64,64,64,64,64 rdinit=/firmadyne/preInit.sh rw debug ignore_loglevel print-fatal-signals=1 FIRMAE_NET=true FIRMAE_NVRAM=true FIRMAE_KERNEL=true FIRMAE_ETC=true user_debug=0 firmadyne.syscall=1 noka
[    0.000000] found FIRMAE_KERNEL=t
[    0.000000] set the LD_PRELOAD=/firmadyne/libnvram_ioctl.so
[    0.000000] PID hash table entries: 1024 (order: 0, 4096 bytes)
[    0.000000] Dentry cache hash table entries: 32768 (order: 5, 131072 bytes)
[    0.000000] Inode-cache hash table entries: 16384 (order: 4, 65536 bytes)
[    0.000000] Writing ErrCtl register=00000000
[    0.000000] Readback ErrCtl register=00000000
[    0.000000] Memory: 251112K/262140K available (5360K kernel code, 244K rwdata, 1676K rodata, 260K init, 158K bss, 11028K reserved, 0K cma-reserved)
[    0.000000] NR_IRQS:256
[    0.000000] CPU frequency 200.01 MHz
[    0.000000] clocksource MIPS: mask: 0xffffffff max_cycles: 0xffffffff, max_idle_ns: 19111814955 ns
[    0.000207] sched_clock: 32 bits at 100MHz, resolution 9ns, wraps every 21473949691ns
[    0.034539] Console: colour dummy device 80x25
[    0.035696] Calibrating delay loop... 21.15 BogoMIPS (lpj=42304)
[    0.091413] pid_max: default: 32768 minimum: 301
[    0.096245] Mount-cache hash table entries: 1024 (order: 0, 4096 bytes)
[    0.096794] Mountpoint-cache hash table entries: 1024 (order: 0, 4096 bytes)
[    0.184067] clocksource jiffies: mask: 0xffffffff max_cycles: 0xffffffff, max_idle_ns: 7645041785100000 ns
[    0.195931] NET: Registered protocol family 16
[    0.498448] clocksource pit: mask: 0xffffffff max_cycles: 0xffffffff, max_idle_ns: 1601818034827 ns
[    0.681795] vgaarb: loaded
[    0.687962] SCSI subsystem initialized
[    0.690685] libata version 3.00 loaded.
[    0.695492] usbcore: registered new interface driver usbfs
[    0.696982] usbcore: registered new interface driver hub
[    0.698271] usbcore: registered new device driver usb
[    0.701047] pps_core: LinuxPPS API ver. 1 registered
[    0.701481] pps_core: Software ver. 5.3.6 - Copyright 2005-2007 Rodolfo Giometti <giometti@linux.it>
[    0.702666] PTP clock support registered
[    0.707824] PCI host bridge to bus 0000:00
[    0.708628] pci_bus 0000:00: root bus resource [mem 0x10000000-0x17ffffff]
[    0.709277] pci_bus 0000:00: root bus resource [io  0x1000-0x1fffff]
[    0.709898] pci_bus 0000:00: root bus resource [??? 0x00000000 flags 0x0]
[    0.710656] pci_bus 0000:00: No busn resource found for root bus, will use [bus 00-ff]
[    0.712009] pci 0000:00:00.0: [11ab:4620] type 00 class 0x060000
[    0.712963] pci 0000:00:00.0: [Firmware Bug]: reg 0x14: invalid BAR (can't size)
[    0.713571] pci 0000:00:00.0: [Firmware Bug]: reg 0x18: invalid BAR (can't size)
[    0.714175] pci 0000:00:00.0: [Firmware Bug]: reg 0x1c: invalid BAR (can't size)
[    0.714960] pci 0000:00:00.0: [Firmware Bug]: reg 0x20: invalid BAR (can't size)
[    0.715576] pci 0000:00:00.0: [Firmware Bug]: reg 0x24: invalid BAR (can't size)
[    0.719862] pci 0000:00:0a.0: [8086:7110] type 00 class 0x060100
[    0.723624] pci 0000:00:0a.1: [8086:7111] type 00 class 0x010180
[    0.724437] pci 0000:00:0a.1: reg 0x20: [io  0x0000-0x000f]
[    0.725053] pci 0000:00:0a.1: legacy IDE quirk: reg 0x10: [io  0x01f0-0x01f7]
[    0.725644] pci 0000:00:0a.1: legacy IDE quirk: reg 0x14: [io  0x03f6]
[    0.726228] pci 0000:00:0a.1: legacy IDE quirk: reg 0x18: [io  0x0170-0x0177]
[    0.726814] pci 0000:00:0a.1: legacy IDE quirk: reg 0x1c: [io  0x0376]
[    0.730347] pci 0000:00:0a.2: [8086:7112] type 00 class 0x0c0300
[    0.731055] pci 0000:00:0a.2: reg 0x20: [io  0x0000-0x001f]
[    0.734600] pci 0000:00:0a.3: [8086:7113] type 00 class 0x068000
[    0.736395] pci 0000:00:0a.3: quirk: [io  0x1000-0x103f] claimed by PIIX4 ACPI
[    0.737084] pci 0000:00:0a.3: quirk: [io  0x1100-0x110f] claimed by PIIX4 SMB
[    0.740705] pci 0000:00:12.0: [1013:00b8] type 00 class 0x030000
[    0.741380] pci 0000:00:12.0: reg 0x10: [mem 0x00000000-0x01ffffff pref]
[    0.742012] pci 0000:00:12.0: reg 0x14: [mem 0x00000000-0x00000fff]
[    0.742711] pci 0000:00:12.0: reg 0x30: [mem 0x00000000-0x0000ffff pref]
[    0.745783] vgaarb: device added: PCI:0000:00:12.0,decodes=io+mem,owns=none,locks=none
[    0.747149] pci 0000:00:13.0: [8086:100e] type 00 class 0x020000
[    0.747809] pci 0000:00:13.0: reg 0x10: [mem 0x00000000-0x0001ffff]
[    0.748612] pci 0000:00:13.0: reg 0x14: [io  0x0000-0x003f]
[    0.749291] pci 0000:00:13.0: reg 0x30: [mem 0x00000000-0x0003ffff pref]
[    0.752728] pci 0000:00:14.0: [8086:100e] type 00 class 0x020000
[    0.753402] pci 0000:00:14.0: reg 0x10: [mem 0x00000000-0x0001ffff]
[    0.754010] pci 0000:00:14.0: reg 0x14: [io  0x0000-0x003f]
[    0.754675] pci 0000:00:14.0: reg 0x30: [mem 0x00000000-0x0003ffff pref]
[    0.758271] pci 0000:00:15.0: [8086:100e] type 00 class 0x020000
[    0.758910] pci 0000:00:15.0: reg 0x10: [mem 0x00000000-0x0001ffff]
[    0.759492] pci 0000:00:15.0: reg 0x14: [io  0x0000-0x003f]
[    0.760140] pci 0000:00:15.0: reg 0x30: [mem 0x00000000-0x0003ffff pref]
[    0.763546] pci 0000:00:16.0: [8086:100e] type 00 class 0x020000
[    0.764212] pci 0000:00:16.0: reg 0x10: [mem 0x00000000-0x0001ffff]
[    0.764834] pci 0000:00:16.0: reg 0x14: [io  0x0000-0x003f]
[    0.765669] pci 0000:00:16.0: reg 0x30: [mem 0x00000000-0x0003ffff pref]
[    0.769292] pci_bus 0000:00: busn_res: [bus 00-ff] end is updated to 00
[    0.770901] pci 0000:00:12.0: BAR 0: assigned [mem 0x10000000-0x11ffffff pref]
[    0.771697] pci 0000:00:13.0: BAR 6: assigned [mem 0x12000000-0x1203ffff pref]
[    0.772416] pci 0000:00:14.0: BAR 6: assigned [mem 0x12040000-0x1207ffff pref]
[    0.773090] pci 0000:00:15.0: BAR 6: assigned [mem 0x12080000-0x120bffff pref]
[    0.773932] pci 0000:00:16.0: BAR 6: assigned [mem 0x120c0000-0x120fffff pref]
[    0.774590] pci 0000:00:13.0: BAR 0: assigned [mem 0x12100000-0x1211ffff]
[    0.775246] pci 0000:00:14.0: BAR 0: assigned [mem 0x12120000-0x1213ffff]
[    0.775908] pci 0000:00:15.0: BAR 0: assigned [mem 0x12140000-0x1215ffff]
[    0.776568] pci 0000:00:16.0: BAR 0: assigned [mem 0x12160000-0x1217ffff]
[    0.777264] pci 0000:00:12.0: BAR 6: assigned [mem 0x12180000-0x1218ffff pref]
[    0.778076] pci 0000:00:12.0: BAR 1: assigned [mem 0x12190000-0x12190fff]
[    0.778736] pci 0000:00:13.0: BAR 1: assigned [io  0x1040-0x107f]
[    0.779338] pci 0000:00:14.0: BAR 1: assigned [io  0x1080-0x10bf]
[    0.779968] pci 0000:00:15.0: BAR 1: assigned [io  0x10c0-0x10ff]
[    0.780595] pci 0000:00:16.0: BAR 1: assigned [io  0x1400-0x143f]
[    0.781216] pci 0000:00:0a.2: BAR 4: assigned [io  0x1440-0x145f]
[    0.782015] pci 0000:00:0a.1: BAR 4: assigned [io  0x1460-0x146f]
[    0.801489] cfg80211: Calling CRDA to update world regulatory domain
[    0.816917] Switched to clocksource MIPS
[    0.945862] NET: Registered protocol family 2
[    0.959521] TCP established hash table entries: 2048 (order: 1, 8192 bytes)
[    0.960753] TCP bind hash table entries: 2048 (order: 1, 8192 bytes)
[    0.962107] TCP: Hash tables configured (established 2048 bind 2048)
[    0.963264] UDP hash table entries: 256 (order: 0, 4096 bytes)
[    0.964007] UDP-Lite hash table entries: 256 (order: 0, 4096 bytes)
[    0.968420] NET: Registered protocol family 1
[    0.970406] PCI: Enabling device 0000:00:0a.2 (0000 -> 0001)
[    0.972028] PCI: CLS 0 bytes, default 16
[    1.024494] futex hash table entries: 256 (order: -1, 3072 bytes)
[    1.043532] squashfs: version 4.0 (2009/01/31) Phillip Lougher
[    1.046496] jffs2: version 2.2. (NAND) Â© 2001-2006 Red Hat, Inc.
[    1.050387] romfs: ROMFS MTD (C) 2007 Red Hat, Inc.
[    1.093916] Block layer SCSI generic (bsg) driver version 0.4 loaded (major 251)
[    1.094817] io scheduler noop registered
[    1.095638] io scheduler cfq registered (default)
[    1.096871] firmadyne: devfs: 1, execute: 1, procfs: 1, syscall: 1
[    1.104132] firmadyne: Cannot register character device: gpio, 0xfc, 0x0!
[    1.114151] firmadyne: Cannot register character device: watchdog, 0xa, 0x82!
[    1.114702] firmadyne: Cannot register character device: wdt, 0xfd, 0x0!
[    3.042093] strName = 4.1.17+
[    3.042093] init_task_addr  = 2155778944
[    3.042093] init_task_size  = 1296
[    3.042093] ts_tasks        = 292
[    3.042093] ts_pid          = 408
[    3.042093] ts_tgid         = 412
[    3.042093] ts_group_leader = 440
[    3.042093] ts_thread_group = 496
[    3.042093] ts_real_parent  = 416
[    3.042093] ts_mm           = 300
[    3.042093] ts_stack        = 4
[    3.044595] module_name   = 12
[    3.044595] module_size   = 208
[    3.044595] module_init   = 200
[    3.044595] module_list   = 4
[    3.045867] ts_real_cred    = 624
[    3.045867] ts_cred         = 628
[    3.045867] ts_comm         = 632
[    3.045867] cred_uid        = 4
[    3.045867] cred_gid        = 8
[    3.045867] cred_euid       = 20
[    3.045867] cred_egid       = 24
[    3.047471] mm_mmap         = 0
[    3.047471] mm_pgd          = 32
[    3.047471] mm_arg_start    = 136
[    3.047471] mm_start_brk    = 124
[    3.047471] mm_brk          = 128
[    3.047471] mm_start_stack  = 132
[    3.048921] vma_vm_start    = 0
[    3.048921] vma_vm_end      = 4
[    3.048921] vma_vm_next     = 8
[    3.048921] vma_vm_file     = 80
[    3.048921] vma_vm_flags    = 40
[    3.048921] vma_vm_pgoff    = 76
[    3.050514] file_dentry     = 12
[    3.050514] file_inode      = 40
[    3.050514] dentry_d_name   = 24
[    3.050514] dentry_d_iname  = 44
[    3.050514] dentry_d_parent = 16
[    3.050514] ti_task         = 0
[    3.050514] inode_ino   = 28
[    4.261155] proc_fork_connector  = 2151078840
[    4.261559] proc_exit_connector  = 2151080432
[    4.261928] proc_exec_connector  = 2151079052
[    4.262269] vma_link  = 2149124372
[    4.262566] vma_adjust  = 2149124540
[    4.262882] remove_vma  = 2149122188
[    4.263188] modules  = 2155833724
[    4.263477] trim_init_extable  = 2150545316
[    4.265100] cfg80211: Calling CRDA to update world regulatory domain
[    4.269151] PCI: Enabling device 0000:00:12.0 (0000 -> 0002)
[    4.270563] cirrusfb 0000:00:12.0: Cirrus Logic chipset on PCI bus, RAM (4096 kB) at 0x10000000
[    4.522607] Console: switching to colour frame buffer device 80x30
[    4.601071] Serial: 8250/16550 driver, 4 ports, IRQ sharing enabled
[    4.617499] console [ttyS0] disabled
[    4.642259] serial8250.0: ttyS0 at I/O 0x3f8 (irq = 4, base_baud = 115200) is a 16550A
[    4.643552] console [ttyS0] enabled
[    4.643552] console [ttyS0] enabled
[    4.644178] bootconsole [uart0] disabled
[    4.644178] bootconsole [uart0] disabled
[    4.673120] serial8250.0: ttyS1 at I/O 0x2f8 (irq = 3, base_baud = 115200) is a 16550A
[    4.826575] brd: module loaded
[    4.914974] loop: module loaded
[    4.922735] ata_piix 0000:00:0a.1: version 2.13
[    4.923399] PCI: Enabling device 0000:00:0a.1 (0000 -> 0001)
[    4.953112] scsi host0: ata_piix
[    4.959579] scsi host1: ata_piix
[    4.964079] ata1: PATA max UDMA/33 cmd 0x1f0 ctl 0x3f6 bmdma 0x1460 irq 14
[    4.964713] ata2: PATA max UDMA/33 cmd 0x170 ctl 0x376 bmdma 0x1468 irq 15
[    4.972429] [nandsim] warning: read_byte: unexpected data output cycle, state is STATE_READY return 0x0
[    4.973317] [nandsim] warning: read_byte: unexpected data output cycle, state is STATE_READY return 0x0
[    4.973968] [nandsim] warning: read_byte: unexpected data output cycle, state is STATE_READY return 0x0
[    4.974604] [nandsim] warning: read_byte: unexpected data output cycle, state is STATE_READY return 0x0
[    4.975249] [nandsim] warning: read_byte: unexpected data output cycle, state is STATE_READY return 0x0
[    4.975889] [nandsim] warning: read_byte: unexpected data output cycle, state is STATE_READY return 0x0
[    4.976726] nand: device found, Manufacturer ID: 0x98, Chip ID: 0x39
[    4.977424] nand: Toshiba NAND 128MiB 1,8V 8-bit
[    4.977888] nand: 128 MiB, SLC, erase size: 16 KiB, page size: 512, OOB size: 16
[    4.979722] flash size: 128 MiB
[    4.980016] page size: 512 bytes
[    4.980307] OOB area size: 16 bytes
[    4.980611] sector size: 16 KiB
[    4.981080] pages number: 262144
[    4.981374] pages per sector: 32
[    4.981657] bus width: 8
[    4.981916] bits in sector size: 14
[    4.982214] bits in page size: 9
[    4.982533] bits in OOB size: 4
[    4.982838] flash size with OOB: 135168 KiB
[    4.983179] page address bytes: 4
[    4.983478] sector address bytes: 3
[    4.983791] options: 0x42
[    5.082928] Scanning device for bad blocks
[    6.489264] ata1.01: NODEV after polling detection
[    6.490385] ata2.01: NODEV after polling detection
[    6.493513] ata2.00: ATAPI: QEMU DVD-ROM, 2.5+, max UDMA/100
[    6.496282] ata1.00: ATA-7: QEMU HARDDISK, 2.5+, max UDMA/100
[    6.497142] ata1.00: 2097152 sectors, multi 16: LBA48 
[    6.503668] ata2.00: configured for UDMA/33
[    6.507395] ata1.00: configured for UDMA/33
[    6.535585] scsi 0:0:0:0: Direct-Access     ATA      QEMU HARDDISK    2.5+ PQ: 0 ANSI: 5
[    6.554581] sd 0:0:0:0: [sda] 2097152 512-byte logical blocks: (1.07 GB/1.00 GiB)
[    6.556435] scsi 1:0:0:0: CD-ROM            QEMU     QEMU DVD-ROM     2.5+ PQ: 0 ANSI: 5
[    6.571734] sd 0:0:0:0: [sda] Write Protect is off
[    6.572337] sd 0:0:0:0: [sda] Mode Sense: 00 3a 00 00
[    6.574265] sd 0:0:0:0: [sda] Write cache: enabled, read cache: enabled, doesn't support DPO or FUA
[    6.587761]  sda: sda1
[    6.602521] sd 0:0:0:0: [sda] Attached SCSI disk
[    6.603181] Creating 11 MTD partitions on "NAND 128MiB 1,8V 8-bit":
[    6.603931] 0x000000000000-0x000000100000 : "NAND simulator partition 0"
[    6.617329] 0x000000100000-0x000000200000 : "NAND simulator partition 1"
[    6.629817] 0x000000200000-0x000000300000 : "NAND simulator partition 2"
[    6.642609] 0x000000300000-0x000000400000 : "NAND simulator partition 3"
[    6.655464] 0x000000400000-0x000000500000 : "NAND simulator partition 4"
[    6.668382] 0x000000500000-0x000000600000 : "NAND simulator partition 5"
[    6.681806] 0x000000600000-0x000000700000 : "NAND simulator partition 6"
[    6.694929] 0x000000700000-0x000000800000 : "NAND simulator partition 7"
[    6.725214] 0x000000800000-0x000000900000 : "NAND simulator partition 8"
[    6.737478] 0x000000900000-0x000000a00000 : "NAND simulator partition 9"
[    6.749732] 0x000000a00000-0x000008000000 : "NAND simulator partition 10"
[    6.803787] tun: Universal TUN/TAP device driver, 1.6
[    6.804220] tun: (C) 1999-2004 Max Krasnyansky <maxk@qualcomm.com>
[    6.808437] pcnet32: pcnet32.c:v1.35 21.Apr.2008 tsbogend@alpha.franken.de
[    6.810153] e1000: Intel(R) PRO/1000 Network Driver - version 7.3.21-k8-NAPI
[    6.810670] e1000: Copyright (c) 1999-2006 Intel Corporation.
[    6.811771] PCI: Enabling device 0000:00:13.0 (0000 -> 0003)
[    7.110882] e1000 0000:00:13.0 eth0: (PCI:33MHz:32-bit) 52:54:00:12:34:56
[    7.111662] e1000 0000:00:13.0 eth0: Intel(R) PRO/1000 Network Connection
[    7.112518] PCI: Enabling device 0000:00:14.0 (0000 -> 0003)
[    7.414175] e1000 0000:00:14.0 eth1: (PCI:33MHz:32-bit) 52:54:00:12:34:57
[    7.414803] e1000 0000:00:14.0 eth1: Intel(R) PRO/1000 Network Connection
[    7.415605] PCI: Enabling device 0000:00:15.0 (0000 -> 0003)
[    7.417763] cfg80211: Calling CRDA to update world regulatory domain
[    7.719742] e1000 0000:00:15.0 eth2: (PCI:33MHz:32-bit) 52:54:00:12:34:58
[    7.720427] e1000 0000:00:15.0 eth2: Intel(R) PRO/1000 Network Connection
[    7.721493] PCI: Enabling device 0000:00:16.0 (0000 -> 0003)
[    8.021386] e1000 0000:00:16.0 eth3: (PCI:33MHz:32-bit) 52:54:00:12:34:59
[    8.022022] e1000 0000:00:16.0 eth3: Intel(R) PRO/1000 Network Connection
[    8.023671] e1000e: Intel(R) PRO/1000 Network Driver - 2.3.2-k
[    8.024106] e1000e: Copyright(c) 1999 - 2014 Intel Corporation.
[    8.030003] PPP generic driver version 2.4.2
[    8.032695] PPP Deflate Compression module registered
[    8.033727] PPP MPPE Compression module registered
[    8.034244] NET: Registered protocol family 24
[    8.035154] ehci_hcd: USB 2.0 'Enhanced' Host Controller (EHCI) Driver
[    8.035787] ehci-pci: EHCI PCI platform driver
[    8.037434] ohci_hcd: USB 1.1 'Open' Host Controller (OHCI) Driver
[    8.038050] ohci-pci: OHCI PCI platform driver
[    8.039493] uhci_hcd: USB Universal Host Controller Interface driver
[    8.041650] uhci_hcd 0000:00:0a.2: UHCI Host Controller
[    8.042625] uhci_hcd 0000:00:0a.2: new USB bus registered, assigned bus number 1
[    8.043898] uhci_hcd 0000:00:0a.2: irq 11, io base 0x00001440
[    8.058100] hub 1-0:1.0: USB hub found
[    8.059078] hub 1-0:1.0: 2 ports detected
[    8.086798] usbcore: registered new interface driver usb-storage
[    8.092301] mousedev: PS/2 mouse device common for all mice
[    8.101563] rtc_cmos rtc_cmos: rtc core: registered rtc_cmos as rtc0
[    8.102498] rtc_cmos rtc_cmos: alarms up to one day, 242 bytes nvram
[    8.104263] i2c /dev entries driver
[    8.106088] piix4_smbus 0000:00:0a.3: SMBus Host Controller at 0x1100, revision 0
[    8.111876] sdhci: Secure Digital Host Controller Interface driver
[    8.112328] sdhci: Copyright(c) Pierre Ossman
[    8.115407] hidraw: raw HID events driver (C) Jiri Kosina
[    8.139073] usbcore: registered new interface driver usbhid
[    8.139492] usbhid: USB HID core driver
[    8.140980] Netfilter messages via NETLINK v0.30.
[    8.142632] nf_conntrack version 0.5.0 (3923 buckets, 15692 max)
[    8.146820] ctnetlink v0.93: registering with nfnetlink.
[    8.154060] ipip: IPv4 over IPv4 tunneling driver
[    8.169462] ip_tables: (C) 2000-2006 Netfilter Core Team
[    8.173162] arp_tables: (C) 2002 David S. Miller
[    8.175470] Initializing XFRM netlink socket
[    8.177135] NET: Registered protocol family 10
[    8.204786] ip6_tables: (C) 2000-2006 Netfilter Core Team
[    8.209737] sit: IPv6 over IPv4 tunneling driver
[    8.231940] NET: Registered protocol family 17
[    8.233286] bridge: automatic filtering via arp/ip/ip6tables has been deprecated. Update your scripts to load br_netfilter if you need this.
[    8.234662] Bridge firewalling registered
[    8.235182] Ebtables v2.0 registered
[    8.238155] 8021q: 802.1Q VLAN Support v1.8
[    8.266211] rtc_cmos rtc_cmos: setting system clock to 2025-07-27 23:06:11 UTC (1753657571)
[    8.326036] EXT2-fs (sda1): warning: mounting unchecked fs, running e2fsck is recommended
[    8.328536] VFS: Mounted root (ext2 filesystem) on device 8:1.
[    8.339945] Freeing YAMON memory: 956k freed
[    8.354131] Freeing unused kernel memory: 260K (8081f000 - 80860000)
[    8.527504] firmadyne: sys_reboot[PID: 48 (init)]: magic1:fee1dead, magic2:28121969, cmd:0
init started: BusyBox v1.13.4 (2012-03-09 11:38:45 CST)[    8.545830] spurious 8259A interrupt: IRQ7.

starting pid 49, tty '/dev/console': '/usr/etc/rcS'
[    8.854564] firmadyne: do_execve: /firmadyne/console
[    8.855310] OFFSETS: offset of pid: 0x198 offset of comm: 0x278
[   10.561261] cfg80211: Calling CRDA to update world regulatory domain
[   12.149296] random: nonblocking pool is initialized
[   13.705289] cfg80211: Calling CRDA to update world regulatory domain
insmod finish
[   14.152430] firmadyne: sys_socket[PID: 101 (brctl)]: family:2, type:2, protocol:0
[   14.231427] firmadyne: sys_socket[PID: 102 (brctl)]: family:2, type:2, protocol:0
[   14.309517] firmadyne: sys_socket[PID: 103 (ifconfig)]: family:2, type:1, protocol:0
[   14.324271] IPv6: ADDRCONF(NETDEV_UP): eth0: link is not ready
[   14.325259] 8021q: adding VLAN 0 to HW filter on device eth0
[   14.330870] e1000: eth0 NIC Link is Up 1000 Mbps Full Duplex, Flow Control: RX
[   14.334299] IPv6: ADDRCONF(NETDEV_CHANGE): eth0: link becomes ready
[   14.440071] firmadyne: sys_socket[PID: 104 (ifconfig)]: family:2, type:1, protocol:0
[   14.452817] IPv6: ADDRCONF(NETDEV_UP): eth1: link is not ready
[   14.453761] 8021q: adding VLAN 0 to HW filter on device eth1
[   14.458944] e1000: eth1 NIC Link is Up 1000 Mbps Full Duplex, Flow Control: RX
[   14.460197] IPv6: ADDRCONF(NETDEV_CHANGE): eth1: link becomes ready
[   14.619796] firmadyne: sys_socket[PID: 106 (ifconfig)]: family:2, type:1, protocol:0
[   14.624818] firmadyne: __inet_insert_ifa[PID: 106 (ifconfig)]: device:lo ifa:0x7f000001
[   14.628789] firmadyne: __inet_insert_ifa[PID: 106 (ifconfig)]: device:lo ifa:0x7f000001
[   14.734206] firmadyne: sys_socket[PID: 107 (route)]: family:2, type:1, protocol:0
[   15.169639] firmadyne: sys_socket[PID: 109 (klogd)]: family:1, type:1, protocol:0
[   15.172074] firmadyne: sys_socket[PID: 109 (klogd)]: family:1, type:2, protocol:0
[   15.205486] firmadyne: sys_socket[PID: 109 (klogd)]: family:1, type:1, protocol:0
[   15.207047] firmadyne: sys_socket[PID: 109 (klogd)]: family:1, type:2, protocol:0
[   15.229438] firmadyne: sys_socket[PID: 109 (klogd)]: family:1, type:1, protocol:0
[   15.230995] firmadyne: sys_socket[PID: 109 (klogd)]: family:1, type:2, protocol:0
[   15.253452] firmadyne: sys_socket[PID: 109 (klogd)]: family:1, type:1, protocol:0
[   15.254994] firmadyne: sys_socket[PID: 109 (klogd)]: family:1, type:2, protocol:0
/usr/etc/rcS: line 144: can't create /proc/wan_unknowmac2cpu: nonexistent directory
[   15.281908] firmadyne: sys_socket[PID: 109 (klogd)]: family:1, type:1, protocol:0
[   15.283472] firmadyne: sys_socket[PID: 109 (klogd)]: family:1, type:2, protocol:0
[   15.305473] firmadyne: sys_socket[PID: 109 (klogd)]: family:1, type:1, protocol:0
[   15.307029] firmadyne: sys_socket[PID: 109 (klogd)]: family:1, type:2, protocol:0
[   15.330521] firmadyne: sys_socket[PID: 109 (klogd)]: family:1, type:1, protocol:0
[   15.332093] firmadyne: sys_socket[PID: 109 (klogd)]: family:1, type:2, protocol:0
[   15.353447] firmadyne: sys_socket[PID: 109 (klogd)]: family:1, type:1, protocol:0
[   15.355014] firmadyne: sys_socket[PID: 109 (klogd)]: family:1, type:2, protocol:0
[   15.377618] firmadyne: sys_socket[PID: 109 (klogd)]: family:1, type:1, protocol:0
[   15.379176] firmadyne: sys_socket[PID: 109 (klogd)]: family:1, type:2, protocol:0
[   15.401470] firmadyne: sys_socket[PID: 109 (klogd)]: family:1, type:1, protocol:0
[   15.402992] firmadyne: sys_socket[PID: 109 (klogd)]: family:1, type:2, protocol:0
[   15.429397] firmadyne: sys_socket[PID: 109 (klogd)]: family:1, type:1, protocol:0
[   15.430960] firmadyne: sys_socket[PID: 109 (klogd)]: family:1, type:2, protocol:0
[   15.453455] firmadyne: sys_socket[PID: 109 (klogd)]: family:1, type:1, protocol:0
[   15.455009] firmadyne: sys_socket[PID: 109 (klogd)]: family:1, type:2, protocol:0
[36m[rc debug]/usr/sbin/rc init [0m
[   15.477461] firmadyne: sys_socket[PID: 109 (klogd)]: family:1, type:1, protocol:0
[   15.479022] firmadyne: sys_socket[PID: 109 (klogd)]: family:1, type:2, protocol:0
[32m[SYSTEM]/sbin/ifconfig eth0 down[0m
[   15.497680] firmadyne: sys_socket[PID: 109 (klogd)]: family:1, type:1, protocol:0
[   15.499246] firmadyne: sys_socket[PID: 109 (klogd)]: family:1, type:2, protocol:0
[   15.521535] firmadyne: sys_socket[PID: 109 (klogd)]: family:1, type:1, protocol:0
[   15.523089] firmadyne: sys_socket[PID: 109 (klogd)]: family:1, type:2, protocol:0
[   15.545433] firmadyne: sys_socket[PID: 109 (klogd)]: family:1, type:1, protocol:0
[   15.546952] firmadyne: sys_socket[PID: 109 (klogd)]: family:1, type:2, protocol:0
[   15.569473] firmadyne: sys_socket[PID: 109 (klogd)]: family:1, type:1, protocol:0
[   15.571027] firmadyne: sys_socket[PID: 109 (klogd)]: family:1, type:2, protocol:0
[   15.609575] firmadyne: sys_socket[PID: 109 (klogd)]: family:1, type:1, protocol:0
[   15.611110] firmadyne: sys_socket[PID: 109 (klogd)]: family:1, type:2, protocol:0
[   15.633435] firmadyne: sys_socket[PID: 109 (klogd)]: family:1, type:1, protocol:0
[   15.634953] firmadyne: sys_socket[PID: 109 (klogd)]: family:1, type:2, protocol:0
[   15.657487] firmadyne: sys_socket[PID: 109 (klogd)]: family:1, type:1, protocol:0
[   15.658998] firmadyne: sys_socket[PID: 109 (klogd)]: family:1, type:2, protocol:0
[   15.681471] firmadyne: sys_socket[PID: 109 (klogd)]: family:1, type:1, protocol:0
[   15.683026] firmadyne: sys_socket[PID: 109 (klogd)]: family:1, type:2, protocol:0
[   15.691768] firmadyne: sys_socket[PID: 116 (ifconfig)]: family:2, type:1, protocol:0
[   15.705770] firmadyne: sys_socket[PID: 109 (klogd)]: family:1, type:1, protocol:0
[   15.707915] firmadyne: sys_socket[PID: 109 (klogd)]: family:1, type:2, protocol:0
[   15.731482] firmadyne: sys_socket[PID: 109 (klogd)]: family:1, type:1, protocol:0
[   15.734496] firmadyne: sys_socket[PID: 109 (klogd)]: family:1, type:2, protocol:0
[   15.785511] firmadyne: sys_socket[PID: 109 (klogd)]: family:1, type:1, protocol:0
[   15.787032] firmadyne: sys_socket[PID: 109 (klogd)]: family:1, type:2, protocol:0
[32m[SYSTEM]/sbin/ifconfig eth0 hw ether 00:c0:02:12:35:88 [0m
[   15.809486] firmadyne: sys_socket[PID: 109 (klogd)]: family:1, type:1, protocol:0
[   15.811041] firmadyne: sys_socket[PID: 109 (klogd)]: family:1, type:2, protocol:0
[   15.833622] firmadyne: sys_socket[PID: 109 (klogd)]: family:1, type:1, protocol:0
[   15.835180] firmadyne: sys_socket[PID: 109 (klogd)]: family:1, type:2, protocol:0
[   15.857452] firmadyne: sys_socket[PID: 109 (klogd)]: family:1, type:1, protocol:0
[   15.859008] firmadyne: sys_socket[PID: 109 (klogd)]: family:1, type:2, protocol:0
[   15.885481] firmadyne: sys_socket[PID: 109 (klogd)]: family:1, type:1, protocol:0
[   15.886996] firmadyne: sys_socket[PID: 109 (klogd)]: family:1, type:2, protocol:0
[   15.909463] firmadyne: sys_socket[PID: 109 (klogd)]: family:1, type:1, protocol:0
[   15.911003] firmadyne: sys_socket[PID: 109 (klogd)]: family:1, type:2, protocol:0
[   15.933459] firmadyne: sys_socket[PID: 109 (klogd)]: family:1, type:1, protocol:0
[   15.934975] firmadyne: sys_socket[PID: 109 (klogd)]: family:1, type:2, protocol:0
[   15.957402] firmadyne: sys_socket[PID: 109 (klogd)]: family:1, type:1, protocol:0
[   15.958931] firmadyne: sys_socket[PID: 109 (klogd)]: family:1, type:2, protocol:0
[   15.968826] firmadyne: sys_socket[PID: 119 (ifconfig)]: family:2, type:1, protocol:0
[   15.981667] firmadyne: sys_socket[PID: 109 (klogd)]: family:1, type:1, protocol:0
[   15.983335] firmadyne: sys_socket[PID: 109 (klogd)]: family:1, type:2, protocol:0
[32m[SYSTEM]/sbin/ifconfig eth0 up[0m
[   16.001572] firmadyne: sys_socket[PID: 109 (klogd)]: family:1, type:1, protocol:0
[   16.003319] firmadyne: sys_socket[PID: 109 (klogd)]: family:1, type:2, protocol:0
[   16.036801] firmadyne: sys_socket[PID: 109 (klogd)]: family:1, type:1, protocol:0
[   16.038488] firmadyne: sys_socket[PID: 109 (klogd)]: family:1, type:2, protocol:0
[   16.061490] firmadyne: sys_socket[PID: 109 (klogd)]: family:1, type:1, protocol:0
[   16.063064] firmadyne: sys_socket[PID: 109 (klogd)]: family:1, type:2, protocol:0
[   16.085538] firmadyne: sys_socket[PID: 109 (klogd)]: family:1, type:1, protocol:0
[   16.087100] firmadyne: sys_socket[PID: 109 (klogd)]: family:1, type:2, protocol:0
[   16.109439] firmadyne: sys_socket[PID: 109 (klogd)]: family:1, type:1, protocol:0
[   16.110955] firmadyne: sys_socket[PID: 109 (klogd)]: family:1, type:2, protocol:0
[   16.133676] firmadyne: sys_socket[PID: 109 (klogd)]: family:1, type:1, protocol:0
[   16.135244] firmadyne: sys_socket[PID: 109 (klogd)]: family:1, type:2, protocol:0
[   16.157637] firmadyne: sys_socket[PID: 109 (klogd)]: family:1, type:1, protocol:0
[   16.159246] firmadyne: sys_socket[PID: 109 (klogd)]: family:1, type:2, protocol:0
[   16.181435] firmadyne: sys_socket[PID: 109 (klogd)]: family:1, type:1, protocol:0
[   16.183018] firmadyne: sys_socket[PID: 109 (klogd)]: family:1, type:2, protocol:0
[   16.205452] firmadyne: sys_socket[PID: 109 (klogd)]: family:1, type:1, protocol:0
[   16.207030] firmadyne: sys_socket[PID: 109 (klogd)]: family:1, type:2, protocol:0
[   16.212200] firmadyne: sys_socket[PID: 121 (ifconfig)]: family:2, type:1, protocol:0
[   16.225781] IPv6: ADDRCONF(NETDEV_UP): eth0: link is not ready
[   16.226450] 8021q: adding VLAN 0 to HW filter on device eth0
[   16.231745] firmadyne: sys_socket[PID: 109 (klogd)]: family:1, type:1, protocol:0
[   16.233575] firmadyne: sys_socket[PID: 109 (klogd)]: family:1, type:2, protocol:0
[   16.253523] firmadyne: sys_socket[PID: 109 (klogd)]: family:1, type:1, protocol:0
[   16.255041] firmadyne: sys_socket[PID: 109 (klogd)]: family:1, type:2, protocol:0
[32m[SYSTEM]/bin/renice -20 2[0m
[   16.277441] firmadyne: sys_socket[PID: 109 (klogd)]: family:1, type:1, protocol:0
[   16.278987] firmadyne: sys_socket[PID: 109 (klogd)]: family:1, type:2, protocol:0
[   16.301446] firmadyne: sys_socket[PID: 109 (klogd)]: family:1, type:1, protocol:0
[   16.302962] firmadyne: sys_socket[PID: 109 (klogd)]: family:1, type:2, protocol:0
[   16.325434] firmadyne: sys_socket[PID: 109 (klogd)]: family:1, type:1, protocol:0
[   16.327003] firmadyne: sys_socket[PID: 109 (klogd)]: family:1, type:2, protocol:0
[   16.353458] firmadyne: sys_socket[PID: 109 (klogd)]: family:1, type:1, protocol:0
[   16.355014] firmadyne: sys_socket[PID: 109 (klogd)]: family:1, type:2, protocol:0
[   16.377886] firmadyne: sys_socket[PID: 109 (klogd)]: family:1, type:1, protocol:0
[   16.379453] firmadyne: sys_socket[PID: 109 (klogd)]: family:1, type:2, protocol:0
[   16.401473] firmadyne: sys_socket[PID: 109 (klogd)]: family:1, type:1, protocol:0
[   16.403027] firmadyne: sys_socket[PID: 109 (klogd)]: family:1, type:2, protocol:0
[   16.425451] firmadyne: sys_socket[PID: 109 (klogd)]: family:1, type:1, protocol:0
[   16.427008] firmadyne: sys_socket[PID: 109 (klogd)]: family:1, type:2, protocol:0
[   16.449460] firmadyne: sys_socket[PID: 109 (klogd)]: family:1, type:1, protocol:0
[   16.451018] firmadyne: sys_socket[PID: 109 (klogd)]: family:1, type:2, protocol:0
[   16.473530] firmadyne: sys_socket[PID: 109 (klogd)]: family:1, type:1, protocol:0
[   16.475091] firmadyne: sys_socket[PID: 109 (klogd)]: family:1, type:2, protocol:0
[32m[SYSTEM]/bin/renice -20 3[0m
[   16.497513] firmadyne: sys_socket[PID: 109 (klogd)]: family:1, type:1, protocol:0
[   16.499056] firmadyne: sys_socket[PID: 109 (klogd)]: family:1, type:2, protocol:0
[   16.521777] firmadyne: sys_socket[PID: 109 (klogd)]: family:1, type:1, protocol:0
[   16.523348] firmadyne: sys_socket[PID: 109 (klogd)]: family:1, type:2, protocol:0
[   16.545420] firmadyne: sys_socket[PID: 109 (klogd)]: family:1, type:1, protocol:0
[   16.546983] firmadyne: sys_socket[PID: 109 (klogd)]: family:1, type:2, protocol:0
[   16.581746] firmadyne: sys_socket[PID: 109 (klogd)]: family:1, type:1, protocol:0
[   16.583314] firmadyne: sys_socket[PID: 109 (klogd)]: family:1, type:2, protocol:0
[   16.605545] firmadyne: sys_socket[PID: 109 (klogd)]: family:1, type:1, protocol:0
[   16.607066] firmadyne: sys_socket[PID: 109 (klogd)]: family:1, type:2, protocol:0
[   16.625605] firmadyne: sys_socket[PID: 109 (klogd)]: family:1, type:1, protocol:0
[   16.627188] firmadyne: sys_socket[PID: 109 (klogd)]: family:1, type:2, protocol:0
[   16.649449] firmadyne: sys_socket[PID: 109 (klogd)]: family:1, type:1, protocol:0
[   16.650971] firmadyne: sys_socket[PID: 109 (klogd)]: family:1, type:2, protocol:0
[   16.673451] firmadyne: sys_socket[PID: 109 (klogd)]: family:1, type:1, protocol:0
[   16.675016] firmadyne: sys_socket[PID: 109 (klogd)]: family:1, type:2, protocol:0
[   16.697460] firmadyne: sys_socket[PID: 109 (klogd)]: family:1, type:1, protocol:0
[   16.699020] firmadyne: sys_socket[PID: 109 (klogd)]: family:1, type:2, protocol:0
nvram_init: Initializing NVRAM...
[   16.721463] firmadyne: sys_socket[PID: 109 (klogd)]: family:1, type:1, protocol:0
[   16.723002] firmadyne: sys_socket[PID: 109 (klogd)]: family:1, type:2, protocol:0
sem_get: Key: 4101802d
sem_get: Key: 410f01c6
nvram_set_default_builtin: Setting built-in default values!
nvram_set: console_loglevel = "7"
sem_get: Key: 410f01c6
[   16.749690] firmadyne: sys_socket[PID: 109 (klogd)]: family:1, type:1, protocol:0
[   16.751260] firmadyne: sys_socket[PID: 109 (klogd)]: family:1, type:2, protocol:0
sem_get: Key: 410f01c6
nvram_set: restore_defaults = "1"
sem_get: Key: 410f01c6
sem_get: Key: 410f01c6
nvram_set: sku_name = ""
sem_get: Key: 410f01c6
sem_get: Key: [   16.773582] firmadyne: sys_socket[PID: 109 (klogd)]: family:1, type:1, protocol:0
[   16.775161] firmadyne: sys_socket[PID: 109 (klogd)]: family:1, type:2, protocol:0
410f01c6
nvram_set: wla_wlanstate = ""
sem_get: Key: 410f01c6
sem_get: Key: 410f01c6
nvram_set: lan_if = "br0"
sem_get: Key: 410f01c6
sem_get: Key: 410f01c6
nvram_set: lan_ipaddr = "192.168.0.50"
[   16.797857] firmadyne: sys_socket[PID: 109 (klogd)]: family:1, type:1, protocol:0
[   16.799461] firmadyne: sys_socket[PID: 109 (klogd)]: family:1, type:2, protocol:0
sem_get: Key: 410f01c6
sem_get: Key: 410f01c6
nvram_set: lan_bipaddr = "192.168.0.255"
sem_get: Key: 410f01c6
sem_get: Key: 410f01c6
nvram_set: lan_netmask = "255.255.255.0"
sem_get: Key: 410f01c6
[   16.821486] firmadyne: sys_socket[PID: 109 (klogd)]: family:1, type:1, protocol:0
[   16.823063] firmadyne: sys_socket[PID: 109 (klogd)]: family:1, type:2, protocol:0
sem_get: Key: 410f01c6
nvram_set: time_zone = "PST8PDT"
sem_get: Key: 410f01c6
sem_get: Key: 410f01c6
nvram_set: wan_hwaddr_def = "01:23:45:67:89:ab"
sem_get: Key: 410f01c6
sem_get: Key: 410f01c6[   16.845690] firmadyne: sys_socket[PID: 109 (klogd)]: family:1, type:1, protocol:0
[   16.847260] firmadyne: sys_socket[PID: 109 (klogd)]: family:1, type:2, protocol:0
[   16.849566] cfg80211: Calling CRDA to update world regulatory domain

nvram_set: wan_ifname = "eth0"
sem_get: Key: 410f01c6
sem_get: Key: 410f01c6
nvram_set: lan_ifnames = "eth1 eth2 eth3 eth4"
sem_get: Key: 410f01c6
sem_get: Key: 410f01c6
nvram_set: ethConver = "1"
sem_get: Key: 410f01c6[   16.873664] firmadyne: sys_socket[PID: 109 (klogd)]: family:1, type:1, protocol:0
[   16.875220] firmadyne: sys_socket[PID: 109 (klogd)]: family:1, type:2, protocol:0

sem_get: Key: 410f01c6
nvram_set: lan_proto = "dhcp"
sem_get: Key: 410f01c6
sem_get: Key: 410f01c6
nvram_set: wan_ipaddr = "0.0.0.0"
sem_get: Key: 410f01c6
[   16.897580] firmadyne: sys_socket[PID: 109 (klogd)]: family:1, type:1, protocol:0
[   16.899239] firmadyne: sys_socket[PID: 109 (klogd)]: family:1, type:2, protocol:0
sem_get: Key: 410f01c6
nvram_set: wan_netmask = "255.255.255.0"
sem_get: Key: 410f01c6
sem_get: Key: 410f01c6
nvram_set: wanif = "eth0"
sem_get: Key: 410f01c6
sem_get: Key: 410f01c6
[   16.921478] firmadyne: sys_socket[PID: 109 (klogd)]: family:1, type:1, protocol:0
[   16.923064] firmadyne: sys_socket[PID: 109 (klogd)]: family:1, type:2, protocol:0
nvram_set: time_zone_x = "0"
sem_get: Key: 410f01c6
sem_get: Key: 410f01c6
nvram_set: rip_multicast = "0"
sem_get: Key: 410f01c6
sem_get: Key: 410f01c6
nvram_set: [   16.945763] firmadyne: sys_socket[PID: 109 (klogd)]: family:1, type:1, protocol:0
[   16.947376] firmadyne: sys_socket[PID: 109 (klogd)]: family:1, type:2, protocol:0
bs_trustedip_enable = "0"
sem_get: Key: 410f01c6
sem_get: Key: 410f01c6
nvram_set: et0macaddr = "01:23:45:67:89:ab"
sem_get: Key: 410f01c6
sem_get: Key: 410f01c6
nvram_set: filter_rule_tbl = ""
[   16.969488] firmadyne: sys_socket[PID: 109 (klogd)]: family:1, type:1, protocol:0
[   16.971073] firmadyne: sys_socket[PID: 109 (klogd)]: family:1, type:2, protocol:0
sem_get: Key: 410f01c6
sem_get: Key: 410f01c6
nvram_set: pppoe2_schedule_config = "127:0:0:23:59"
sem_get: Key: 410f01c6
sem_get: Key: 410f01c6
nvram_set: schedule_config = "127:0:0:23:59"
sem_get: Key: 410f01c6
[   16.993730] firmadyne: sys_socket[PID: 109 (klogd)]: family:1, type:1, protocol:0
[   16.995276] firmadyne: sys_socket[PID: 109 (klogd)]: family:1, type:2, protocol:0
sem_get: Key: 410f01c6
nvram_set: access_control_mode = "0"
sem_get: Key: 410f01c6
sem_get: Key: 410f01c6
nvram_set: fwpt_df_count = "0"
sem_get: Key: 410f01c6
sem_get: Key: [   17.017496] firmadyne: sys_socket[PID: 109 (klogd)]: family:1, type:1, protocol:0
[   17.019084] firmadyne: sys_socket[PID: 109 (klogd)]: family:1, type:2, protocol:0
410f01c6
nvram_set: static_if_status = "1"
sem_get: Key: 410f01c6
sem_get: Key: 410f01c6
nvram_set: www_relocation = ""
sem_get: Key: 410f01c6
sem_get: Key: 410f01c6
nvram_set: usb_info_dev0 = "[   17.041766] firmadyne: sys_socket[PID: 109 (klogd)]: family:1, type:1, protocol:0
[   17.043330] firmadyne: sys_socket[PID: 109 (klogd)]: family:1, type:2, protocol:0
A200396E0402FF83@1@14.4G@U@1@USB_Storage;U:;0;0@"
sem_get: Key: 410f01c6
sem_get: Key: 410f01c6
nvram_set: usb_info_dev1 = "A200396E0402FF83@1@14.4G@U@1@USB_Storage;U:;0;0@"
sem_get: Key: 410f01c6
sem_get: Key: 410f01c6
nvram_set: usb_info_dev2 = "A200396E0402FF83@1@14.4G@U@1@USB_Storage;U:;0;0@"
[   17.065535] firmadyne: sys_socket[PID: 109 (klogd)]: family:1, type:1, protocol:0
[   17.067125] firmadyne: sys_socket[PID: 109 (klogd)]: family:1, type:2, protocol:0
sem_get: Key: 410f01c6
sem_get: Key: 410f01c6
nvram_set: usb_info_dev3 = "A200396E0402FF83@1@14.4G@U@1@USB_Storage;U:;0;0@"
sem_get: Key: 410f01c6
sem_get: Key: 410f01c6
nvram_set: usb_info_dev4 = "A200396E0402FF83@1@14.4G@U@1@USB_Storage;U:;0;0@"
sem_get: Key: 410f01c6[   17.089722] firmadyne: sys_socket[PID: 109 (klogd)]: family:1, type:1, protocol:0
[   17.091301] firmadyne: sys_socket[PID: 109 (klogd)]: family:1, type:2, protocol:0

sem_get: Key: 410f01c6
nvram_set: usb_info_dev5 = "A200396E0402FF83@1@14.4G@U@1@USB_Storage;U:;0;0@"
sem_get: Key: 410f01c6
sem_get: Key: 410f01c6
nvram_set: usb_info_dev6 = "A200396E0402FF83@1@14.4G@U@1@USB_Storage;U:;0;0@"
sem_get: Key: 410f01c6
[   17.113472] firmadyne: sys_socket[PID: 109 (klogd)]: family:1, type:1, protocol:0
[   17.115054] firmadyne: sys_socket[PID: 109 (klogd)]: family:1, type:2, protocol:0
sem_get: Key: 410f01c6
nvram_set: usb_info_dev7 = "A200396E0402FF83@1@14.4G@U@1@USB_Storage;U:;0;0@"
sem_get: Key: 410f01c6
sem_get: Key: 410f01c6
nvram_set: usb_info_dev8 = "A200396E0402FF83@1@14.4G@U@1@USB_Storage;U:;0;0@"
sem_get: Key: 410f01c6
[   17.137461] firmadyne: sys_socket[PID: 109 (klogd)]: family:1, type:1, protocol:0
[   17.139009] firmadyne: sys_socket[PID: 109 (klogd)]: family:1, type:2, protocol:0
sem_get: Key: 410f01c6
nvram_set: usb_info_dev9 = "A200396E0402FF83@1@14.4G@U@1@USB_Storage;U:;0;0@"
sem_get: Key: 410f01c6
sem_get: Key: 410f01c6
nvram_set: usb_info_dev10 = "A200396E0402FF83@1@14.4G@U@1@USB_Storage;U:;0;0@"
sem_get: Key: 410f01c6
[   17.161438] firmadyne: sys_socket[PID: 109 (klogd)]: family:1, type:1, protocol:0
[   17.163007] firmadyne: sys_socket[PID: 109 (klogd)]: family:1, type:2, protocol:0
sem_get: Key: 410f01c6
nvram_set: usb_info_dev11 = "A200396E0402FF83@1@14.4G@U@1@USB_Storage;U:;0;0@"
sem_get: Key: 410f01c6
sem_get: Key: 410f01c6
nvram_set: usb_info_dev12 = "A200396E0402FF83@1@14.4G@U@1@USB_Storage;U:;0;0@"
sem_get: Key: 410f01c6
sem_get: Key: 410f01c6[   17.185691] firmadyne: sys_socket[PID: 109 (klogd)]: family:1, type:1, protocol:0
[   17.187331] firmadyne: sys_socket[PID: 109 (klogd)]: family:1, type:2, protocol:0

nvram_set: usb_info_dev13 = "A200396E0402FF83@1@14.4G@U@1@USB_Storage;U:;0;0@"
sem_get: Key: 410f01c6
sem_get: Key: 410f01c6
nvram_set: usb_info_dev14 = "A200396E0402FF83@1@14.4G@U@1@USB_Storage;U:;0;0@"
sem_get: Key: 410f01c6
sem_get: Key: 410f01c6
[   17.209453] firmadyne: sys_socket[PID: 109 (klogd)]: family:1, type:1, protocol:0
[   17.211018] firmadyne: sys_socket[PID: 109 (klogd)]: family:1, type:2, protocol:0
nvram_set: usb_info_dev15 = "A200396E0402FF83@1@14.4G@U@1@USB_Storage;U:;0;0@"
sem_get: Key: 410f01c6
sem_get: Key: 410f01c6
nvram_set: usb_info_dev16 = "A200396E0402FF83@1@14.4G@U@1@USB_Storage;U:;0;0@"
sem_get: Key: 410f01c6
sem_get: Key: 410f01c6
nvram_set: usb_info_dev17 = "[   17.233793] firmadyne: sys_socket[PID: 109 (klogd)]: family:1, type:1, protocol:0
[   17.235417] firmadyne: sys_socket[PID: 109 (klogd)]: family:1, type:2, protocol:0
A200396E0402FF83@1@14.4G@U@1@USB_Storage;U:;0;0@"
sem_get: Key: 410f01c6
sem_get: Key: 410f01c6
nvram_set: usb_info_dev18 = "A200396E0402FF83@1@14.4G@U@1@USB_Storage;U:;0;0@"
sem_get: Key: 410f01c6
sem_get: Key: 410f01c6
nvram_set: usb_info_dev19 = "A200396E0402FF83@1@14.4G@U@1@USB_Storage;U:;0;0@"
[   17.257891] firmadyne: sys_socket[PID: 109 (klogd)]: family:1, type:1, protocol:0
[   17.259492] firmadyne: sys_socket[PID: 109 (klogd)]: family:1, type:2, protocol:0
sem_get: Key: 410f01c6
sem_get: Key: 410f01c6
nvram_set: usb_info_dev20 = "A200396E0402FF83@1@14.4G@U@1@USB_Storage;U:;0;0@"
sem_get: Key: 410f01c6
sem_get: Key: 410f01c6
[   17.277433] firmadyne: sys_socket[PID: 109 (klogd)]: family:1, type:1, protocol:0
[   17.278961] firmadyne: sys_socket[PID: 109 (klogd)]: family:1, type:2, protocol:0
nvram_set: usb_info_dev21 = "A200396E0402FF83@1@14.4G@U@1@USB_Storage;U:;0;0@"
sem_get: Key: 410f01c6
sem_get: Key: 410f01c6
nvram_set: usb_info_dev22 = "A200396E0402FF83@1@14.4G@U@1@USB_Storage;U:;0;0@"
sem_get: Key: 410f01c6
sem_get: Key: 410f01c6
nvram_set: usb_info_dev23 = "[   17.301767] firmadyne: sys_socket[PID: 109 (klogd)]: family:1, type:1, protocol:0
[   17.303382] firmadyne: sys_socket[PID: 109 (klogd)]: family:1, type:2, protocol:0
A200396E0402FF83@1@14.4G@U@1@USB_Storage;U:;0;0@"
sem_get: Key: 410f01c6
sem_get: Key: 410f01c6
nvram_set: usb_info_dev24 = "A200396E0402FF83@1@14.4G@U@1@USB_Storage;U:;0;0@"
sem_get: Key: 410f01c6
sem_get: Key: 410f01c6
nvram_set: usb_info_dev25 = "A200396E0402FF83@1@14.4G@U@1@USB_Storage;U:;0;0@"
[   17.325735] firmadyne: sys_socket[PID: 109 (klogd)]: family:1, type:1, protocol:0
[   17.327332] firmadyne: sys_socket[PID: 109 (klogd)]: family:1, type:2, protocol:0
sem_get: Key: 410f01c6
sem_get: Key: 410f01c6
nvram_set: usb_info_dev26 = "A200396E0402FF83@1@14.4G@U@1@USB_Storage;U:;0;0@"
sem_get: Key: 410f01c6
sem_get: Key: 410f01c6
nvram_set: usb_info_dev27 = "A200396E0402FF83@1@14.4G@U@1@USB_Storage;U:;0;0@"
sem_get: Key: 410f01c6
[   17.353506] firmadyne: sys_socket[PID: 109 (klogd)]: family:1, type:1, protocol:0
[   17.355086] firmadyne: sys_socket[PID: 109 (klogd)]: family:1, type:2, protocol:0
sem_get: Key: 410f01c6
nvram_set: usb_info_dev28 = "A200396E0402FF83@1@14.4G@U@1@USB_Storage;U:;0;0@"
sem_get: Key: 410f01c6
sem_get: Key: 410f01c6
nvram_set: usb_info_dev29 = "A200396E0402FF83@1@14.4G@U@1@USB_Storage;U:;0;0@"
sem_get: Key: 410f01c6
sem_get: Key: [   17.377439] firmadyne: sys_socket[PID: 109 (klogd)]: family:1, type:1, protocol:0
[   17.379022] firmadyne: sys_socket[PID: 109 (klogd)]: family:1, type:2, protocol:0
410f01c6
nvram_set: usb_info_dev30 = "A200396E0402FF83@1@14.4G@U@1@USB_Storage;U:;0;0@"
sem_get: Key: 410f01c6
sem_get: Key: 410f01c6
nvram_set: usb_info_dev31 = "A200396E0402FF83@1@14.4G@U@1@USB_Storage;U:;0;0@"
sem_get: Key: 410f01c6
sem_get: Key: 410f01c6
[   17.401446] firmadyne: sys_socket[PID: 109 (klogd)]: family:1, type:1, protocol:0
[   17.403003] firmadyne: sys_socket[PID: 109 (klogd)]: family:1, type:2, protocol:0
nvram_set: usb_info_dev32 = "A200396E0402FF83@1@14.4G@U@1@USB_Storage;U:;0;0@"
sem_get: Key: 410f01c6
sem_get: Key: 410f01c6
nvram_set: usb_info_dev33 = "A200396E0402FF83@1@14.4G@U@1@USB_Storage;U:;0;0@"
sem_get: Key: 410f01c6
sem_get: Key: 410f01c6
nvram_set: usb_info_dev34 = "[   17.425510] firmadyne: sys_socket[PID: 109 (klogd)]: family:1, type:1, protocol:0
[   17.427109] firmadyne: sys_socket[PID: 109 (klogd)]: family:1, type:2, protocol:0
A200396E0402FF83@1@14.4G@U@1@USB_Storage;U:;0;0@"
sem_get: Key: 410f01c6
sem_get: Key: 410f01c6
nvram_set: usb_info_dev35 = "A200396E0402FF83@1@14.4G@U@1@USB_Storage;U:;0;0@"
sem_get: Key: 410f01c6
sem_get: Key: 410f01c6
nvram_set: usb_info_dev36 = "A200396E0402FF83@1@14.4G@U@1@USB_Storage;U:;0;0@"
[   17.449439] firmadyne: sys_socket[PID: 109 (klogd)]: family:1, type:1, protocol:0
[   17.451015] firmadyne: sys_socket[PID: 109 (klogd)]: family:1, type:2, protocol:0
sem_get: Key: 410f01c6
sem_get: Key: 410f01c6
nvram_set: usb_info_dev37 = "A200396E0402FF83@1@14.4G@U@1@USB_Storage;U:;0;0@"
sem_get: Key: 410f01c6
sem_get: Key: 410f01c6
nvram_set: usb_info_dev38 = "A200396E0402FF83@1@14.4G@U@1@USB_Storage;U:;0;0@"
sem_get: Key: 410f01c6[   17.473454] firmadyne: sys_socket[PID: 109 (klogd)]: family:1, type:1, protocol:0
[   17.475035] firmadyne: sys_socket[PID: 109 (klogd)]: family:1, type:2, protocol:0

sem_get: Key: 410f01c6
nvram_set: usb_info_dev39 = "A200396E0402FF83@1@14.4G@U@1@USB_Storage;U:;0;0@"
sem_get: Key: 410f01c6
sem_get: Key: 410f01c6
nvram_set: usb_info_dev40 = "A200396E0402FF83@1@14.4G@U@1@USB_Storage;U:;0;0@"
sem_get: Key: 410f01c6
[   17.497597] firmadyne: sys_socket[PID: 109 (klogd)]: family:1, type:1, protocol:0
[   17.499182] firmadyne: sys_socket[PID: 109 (klogd)]: family:1, type:2, protocol:0
sem_get: Key: 410f01c6
nvram_set: usb_info_dev41 = "A200396E0402FF83@1@14.4G@U@1@USB_Storage;U:;0;0@"
sem_get: Key: 410f01c6
sem_get: Key: 410f01c6
nvram_set: usb_info_dev42 = "A200396E0402FF83@1@14.4G@U@1@USB_Storage;U:;0;0@"
sem_get: Key: 410f01c6
sem_get[   17.521770] firmadyne: sys_socket[PID: 109 (klogd)]: family:1, type:1, protocol:0
[   17.523320] firmadyne: sys_socket[PID: 109 (klogd)]: family:1, type:2, protocol:0
: Key: 410f01c6
nvram_set: usb_info_dev43 = "A200396E0402FF83@1@14.4G@U@1@USB_Storage;U:;0;0@"
sem_get: Key: 410f01c6
sem_get: Key: 410f01c6
nvram_set: usb_info_dev44 = "A200396E0402FF83@1@14.4G@U@1@USB_Storage;U:;0;0@"
sem_get: Key: 410f01c6
sem_get: Key: 410f01c6
nvram_set: usb_info_dev45 = "A200396E0402FF83@1@14.4G@U@1@USB_Storage;U:;0;0@[   17.549939] firmadyne: sys_socket[PID: 109 (klogd)]: family:1, type:1, protocol:0
[   17.551512] firmadyne: sys_socket[PID: 109 (klogd)]: family:1, type:2, protocol:0
"
sem_get: Key: 410f01c6
sem_get: Key: 410f01c6
nvram_set: usb_info_dev46 = "A200396E0402FF83@1@14.4G@U@1@USB_Storage;U:;0;0@"
sem_get: Key: 410f01c6
sem_get: Key: 410f01c6
nvram_set: usb_info_dev47 = "A200396E0402FF83@1@14.4G@U@1@USB_Storage;U:;0;0@"
[   17.573431] firmadyne: sys_socket[PID: 109 (klogd)]: family:1, type:1, protocol:0
[   17.574982] firmadyne: sys_socket[PID: 109 (klogd)]: family:1, type:2, protocol:0
sem_get: Key: 410f01c6
sem_get: Key: 410f01c6
nvram_set: usb_info_dev48 = "A200396E0402FF83@1@14.4G@U@1@USB_Storage;U:;0;0@"
sem_get: Key: 410f01c6
sem_get: Key: 410f01c6
nvram_set: usb_info_dev49 = "A200396E0402FF83@1@14.4G@U@1@USB_Storage;U:;0;0@"
sem_get: Key: 410f01c6
[   17.597736] firmadyne: sys_socket[PID: 109 (klogd)]: family:1, type:1, protocol:0
[   17.599318] firmadyne: sys_socket[PID: 109 (klogd)]: family:1, type:2, protocol:0
sem_get: Key: 410f01c6
nvram_set: usb_info_dev50 = "A200396E0402FF83@1@14.4G@U@1@USB_Storage;U:;0;0@"
sem_get: Key: 410f01c6
sem_get: Key: 410f01c6
nvram_set: usb_info_dev51 = "A200396E0402FF83@1@14.4G@U@1@USB_Storage;U:;0;0@"
sem_get: Key: 410f01c6
[   17.621440] firmadyne: sys_socket[PID: 109 (klogd)]: family:1, type:1, protocol:0
[   17.622988] firmadyne: sys_socket[PID: 109 (klogd)]: family:1, type:2, protocol:0
sem_get: Key: 410f01c6
nvram_set: usb_info_dev52 = "A200396E0402FF83@1@14.4G@U@1@USB_Storage;U:;0;0@"
sem_get: Key: 410f01c6
sem_get: Key: 410f01c6
nvram_set: usb_info_dev53 = "A200396E0402FF83@1@14.4G@U@1@USB_Storage;U:;0;0@"
sem_get: Key: 410f01c6
sem_get: Key: 410f01c6
[   17.645465] firmadyne: sys_socket[PID: 109 (klogd)]: family:1, type:1, protocol:0
[   17.647040] firmadyne: sys_socket[PID: 109 (klogd)]: family:1, type:2, protocol:0
nvram_set: usb_info_dev54 = "A200396E0402FF83@1@14.4G@U@1@USB_Storage;U:;0;0@"
sem_get: Key: 410f01c6
sem_get: Key: 410f01c6
nvram_set: usb_info_dev55 = "A200396E0402FF83@1@14.4G@U@1@USB_Storage;U:;0;0@"
sem_get: Key: 410f01c6
sem_get: Key: 410f01c6
nvram_set: usb_info_dev56 = "[   17.669769] firmadyne: sys_socket[PID: 109 (klogd)]: family:1, type:1, protocol:0
[   17.671332] firmadyne: sys_socket[PID: 109 (klogd)]: family:1, type:2, protocol:0
A200396E0402FF83@1@14.4G@U@1@USB_Storage;U:;0;0@"
sem_get: Key: 410f01c6
sem_get: Key: 410f01c6
nvram_set: usb_info_dev57 = "A200396E0402FF83@1@14.4G@U@1@USB_Storage;U:;0;0@"
sem_get: Key: 410f01c6
sem_get: Key: 410f01c6
nvram_set: usb_info_dev58 = "A200396E0402FF83@1@14.4G@U@1@USB_Storage;U:;0;0@"
[   17.693586] firmadyne: sys_socket[PID: 109 (klogd)]: family:1, type:1, protocol:0
[   17.695170] firmadyne: sys_socket[PID: 109 (klogd)]: family:1, type:2, protocol:0
sem_get: Key: 410f01c6
sem_get: Key: 410f01c6
nvram_set: usb_info_dev59 = "A200396E0402FF83@1@14.4G@U@1@USB_Storage;U:;0;0@"
sem_get: Key: 410f01c6
sem_get: Key: 410f01c6
nvram_set: usb_info_dev60 = "A200396E0402FF83@1@14.4G@U@1@USB_Storage;U:;0;0@"
sem_get: Key: 410f01c6
[   17.717655] firmadyne: sys_socket[PID: 109 (klogd)]: family:1, type:1, protocol:0
[   17.719198] firmadyne: sys_socket[PID: 109 (klogd)]: family:1, type:2, protocol:0
sem_get: Key: 410f01c6
nvram_set: usb_info_dev61 = "A200396E0402FF83@1@14.4G@U@1@USB_Storage;U:;0;0@"
sem_get: Key: 410f01c6
sem_get: Key: 410f01c6
nvram_set: usb_info_dev62 = "A200396E0402FF83@1@14.4G@U@1@USB_Storage;U:;0;0@"
sem_get: Key: 410f01c6
[   17.741571] firmadyne: sys_socket[PID: 109 (klogd)]: family:1, type:1, protocol:0
[   17.743153] firmadyne: sys_socket[PID: 109 (klogd)]: family:1, type:2, protocol:0
sem_get: Key: 410f01c6
nvram_set: usb_info_dev63 = "A200396E0402FF83@1@14.4G@U@1@USB_Storage;U:;0;0@"
sem_get: Key: 410f01c6
sem_get: Key: 410f01c6
nvram_set: usb_info_dev64 = "A200396E0402FF83@1@14.4G@U@1@USB_Storage;U:;0;0@"
sem_get: Key: 410f01c6
[   17.765443] firmadyne: sys_socket[PID: 109 (klogd)]: family:1, type:1, protocol:0
[   17.766997] firmadyne: sys_socket[PID: 109 (klogd)]: family:1, type:2, protocol:0
sem_get: Key: 410f01c6
nvram_set: usb_info_dev65 = "A200396E0402FF83@1@14.4G@U@1@USB_Storage;U:;0;0@"
sem_get: Key: 410f01c6
sem_get: Key: 410f01c6
nvram_set: usb_info_dev66 = "A200396E0402FF83@1@14.4G@U@1@USB_Storage;U:;0;0@"
sem_get: Key: 410f01c6
sem_get: Key: [   17.789511] firmadyne: sys_socket[PID: 109 (klogd)]: family:1, type:1, protocol:0
[   17.791098] firmadyne: sys_socket[PID: 109 (klogd)]: family:1, type:2, protocol:0
410f01c6
nvram_set: usb_info_dev67 = "A200396E0402FF83@1@14.4G@U@1@USB_Storage;U:;0;0@"
sem_get: Key: 410f01c6
sem_get: Key: 410f01c6
nvram_set: usb_info_dev68 = "A200396E0402FF83@1@14.4G@U@1@USB_Storage;U:;0;0@"
sem_get: Key: 410f01c6
sem_get: Key: 410f01c6
[   17.813461] firmadyne: sys_socket[PID: 109 (klogd)]: family:1, type:1, protocol:0
[   17.815099] firmadyne: sys_socket[PID: 109 (klogd)]: family:1, type:2, protocol:0
nvram_set: usb_info_dev69 = "A200396E0402FF83@1@14.4G@U@1@USB_Storage;U:;0;0@"
sem_get: Key: 410f01c6
sem_get: Key: 410f01c6
nvram_set: usb_info_dev70 = "A200396E0402FF83@1@14.4G@U@1@USB_Storage;U:;0;0@"
sem_get: Key: 410f01c6
sem_get: Key: 410f01c6
nvram_set: usb_info_dev71[   17.837820] firmadyne: sys_socket[PID: 109 (klogd)]: family:1, type:1, protocol:0
[   17.839403] firmadyne: sys_socket[PID: 109 (klogd)]: family:1, type:2, protocol:0
 = "A200396E0402FF83@1@14.4G@U@1@USB_Storage;U:;0;0@"
sem_get: Key: 410f01c6
sem_get: Key: 410f01c6
nvram_set: usb_info_dev72 = "A200396E0402FF83@1@14.4G@U@1@USB_Storage;U:;0;0@"
sem_get: Key: 410f01c6
sem_get: Key: 410f01c6
nvram_set: usb_info_dev73 = "A200396E0402FF83@1@14.4G@U@1@USB_Storage;U:;0;0@[   17.861609] firmadyne: sys_socket[PID: 109 (klogd)]: family:1, type:1, protocol:0
[   17.863202] firmadyne: sys_socket[PID: 109 (klogd)]: family:1, type:2, protocol:0
"
sem_get: Key: 410f01c6
sem_get: Key: 410f01c6
nvram_set: usb_info_dev74 = "A200396E0402FF83@1@14.4G@U@1@USB_Storage;U:;0;0@"
sem_get: Key: 410f01c6
sem_get: Key: 410f01c6
nvram_set: usb_info_dev75 = "A200396E0402FF83@1@14.4G@U@1@USB_Storage;U:;0;0@"
[   17.885451] firmadyne: sys_socket[PID: 109 (klogd)]: family:1, type:1, protocol:0
[   17.887003] firmadyne: sys_socket[PID: 109 (klogd)]: family:1, type:2, protocol:0
sem_get: Key: 410f01c6
sem_get: Key: 410f01c6
nvram_set: usb_info_dev76 = "A200396E0402FF83@1@14.4G@U@1@USB_Storage;U:;0;0@"
sem_get: Key: 410f01c6
sem_get: Key: 410f01c6
nvram_set: usb_info_dev77 = "A200396E0402FF83@1@14.4G@U@1@USB_Storage;U:;0;0@"
sem_get: Key: 410f01c6
[   17.909753] firmadyne: sys_socket[PID: 109 (klogd)]: family:1, type:1, protocol:0
[   17.911328] firmadyne: sys_socket[PID: 109 (klogd)]: family:1, type:2, protocol:0
sem_get: Key: 410f01c6
nvram_set: usb_info_dev78 = "A200396E0402FF83@1@14.4G@U@1@USB_Storage;U:;0;0@"
sem_get: Key: 410f01c6
sem_get: Key: 410f01c6
nvram_set: usb_info_dev79 = "A200396E0402FF83@1@14.4G@U@1@USB_Storage;U:;0;0@"
sem_get: Key: 410f01c6[   17.933672] firmadyne: sys_socket[PID: 109 (klogd)]: family:1, type:1, protocol:0
[   17.935232] firmadyne: sys_socket[PID: 109 (klogd)]: family:1, type:2, protocol:0

sem_get: Key: 410f01c6
nvram_set: usb_info_dev80 = "A200396E0402FF83@1@14.4G@U@1@USB_Storage;U:;0;0@"
sem_get: Key: 410f01c6
sem_get: Key: 410f01c6
nvram_set: usb_info_dev81 = "A200396E0402FF83@1@14.4G@U@1@USB_Storage;U:;0;0@"
sem_get: Key: 410f01c6
[   17.957499] firmadyne: sys_socket[PID: 109 (klogd)]: family:1, type:1, protocol:0
[   17.959049] firmadyne: sys_socket[PID: 109 (klogd)]: family:1, type:2, protocol:0
sem_get: Key: 410f01c6
nvram_set: usb_info_dev82 = "A200396E0402FF83@1@14.4G@U@1@USB_Storage;U:;0;0@"
sem_get: Key: 410f01c6
sem_get: Key: 410f01c6
nvram_set: usb_info_dev83 = "A200396E0402FF83@1@14.4G@U@1@USB_Storage;U:;0;0@"
sem_get: Key: 410f01c6
sem_get: Key: 410f01c6
[   17.981675] firmadyne: sys_socket[PID: 109 (klogd)]: family:1, type:1, protocol:0
[   17.983226] firmadyne: sys_socket[PID: 109 (klogd)]: family:1, type:2, protocol:0
nvram_set: usb_info_dev84 = "A200396E0402FF83@1@14.4G@U@1@USB_Storage;U:;0;0@"
sem_get: Key: 410f01c6
[   18.011012] firmadyne: sys_socket[PID: 109 (klogd)]: family:1, type:1, protocol:0
[   18.012580] firmadyne: sys_socket[PID: 109 (klogd)]: family:1, type:2, protocol:0
sem_get: Key: 410f01c6
nvram_set: usb_info_dev85 = "A200396E0402FF83@1@14.4G@U@1@USB_Storage;U:;0;0@"
sem_get: Key: 410f01c6
sem_get: Key: 410f01c6
nvram_set: usb_info_dev86 = "A200396E0402FF83@1@14.4G@U@1@USB_Storage;U:;0;0@"
[   18.029861] firmadyne: sys_socket[PID: 109 (klogd)]: family:1, type:1, protocol:0
[   18.031407] firmadyne: sys_socket[PID: 109 (klogd)]: family:1, type:2, protocol:0
sem_get: Key: 410f01c6
sem_get: Key: 410f01c6
nvram_set: usb_info_dev87 = "A200396E0402FF83@1@14.4G@U@1@USB_Storage;U:;0;0@"
sem_get: Key: 410f01c6
sem_get: Key: 410f01c6
nvram_set[   18.049466] firmadyne: sys_socket[PID: 109 (klogd)]: family:1, type:1, protocol:0
[   18.051012] firmadyne: sys_socket[PID: 109 (klogd)]: family:1, type:2, protocol:0
: usb_info_dev88 = "A200396E0402FF83@1@14.4G@U@1@USB_Storage;U:;0;0@"
sem_get: Key: 410f01c6
sem_get: Key: 410f01c6
nvram_set: usb_info_dev89 = "A200396E0402FF83@1@14.4G@U@1@USB_Storage;U:;0;0@"
sem_get: Key: 410f01c6
sem_get: Key: 410f01c6
nvram_set: usb_info_dev90 = "A200396E0402FF83@1@14.4G@U@1@USB_Storage;U:;0;0@"
[   18.073565] firmadyne: sys_socket[PID: 109 (klogd)]: family:1, type:1, protocol:0
[   18.075142] firmadyne: sys_socket[PID: 109 (klogd)]: family:1, type:2, protocol:0
sem_get: Key: 410f01c6
sem_get: Key: 410f01c6
nvram_set: usb_info_dev91 = "A200396E0402FF83@1@14.4G@U@1@USB_Storage;U:;0;0@"
sem_get: Key: 410f01c6
sem_get: Key: 410f01c6
nvram_set: usb_info_dev92 = "A200396E0402FF83@1@14.4G@U@1@USB_Storage;U:;0;0@"
sem_get: Key: 410f01c6[   18.097602] firmadyne: sys_socket[PID: 109 (klogd)]: family:1, type:1, protocol:0
[   18.099184] firmadyne: sys_socket[PID: 109 (klogd)]: family:1, type:2, protocol:0

sem_get: Key: 410f01c6
nvram_set: usb_info_dev93 = "A200396E0402FF83@1@14.4G@U@1@USB_Storage;U:;0;0@"
sem_get: Key: 410f01c6
sem_get: Key: 410f01c6
nvram_set: usb_info_dev94 = "A200396E0402FF83@1@14.4G@U@1@USB_Storage;U:;0;0@"
sem_get: Key: 410f01c6
[   18.121523] firmadyne: sys_socket[PID: 109 (klogd)]: family:1, type:1, protocol:0
[   18.123109] firmadyne: sys_socket[PID: 109 (klogd)]: family:1, type:2, protocol:0
sem_get: Key: 410f01c6
nvram_set: usb_info_dev95 = "A200396E0402FF83@1@14.4G@U@1@USB_Storage;U:;0;0@"
sem_get: Key: 410f01c6
sem_get: Key: 410f01c6
nvram_set: usb_info_dev96 = "A200396E0402FF83@1@14.4G@U@1@USB_Storage;U:;0;0@"
sem_get: Key: 410f01c6
[   18.145532] firmadyne: sys_socket[PID: 109 (klogd)]: family:1, type:1, protocol:0
[   18.147129] firmadyne: sys_socket[PID: 109 (klogd)]: family:1, type:2, protocol:0
sem_get: Key: 410f01c6
nvram_set: usb_info_dev97 = "A200396E0402FF83@1@14.4G@U@1@USB_Storage;U:;0;0@"
sem_get: Key: 410f01c6
sem_get: Key: 410f01c6
nvram_set: usb_info_dev98 = "A200396E0402FF83@1@14.4G@U@1@USB_Storage;U:;0;0@"
sem_get: Key: 410f01c6
sem_get: Key: 410f01c6[   18.169693] firmadyne: sys_socket[PID: 109 (klogd)]: family:1, type:1, protocol:0
[   18.171280] firmadyne: sys_socket[PID: 109 (klogd)]: family:1, type:2, protocol:0

nvram_set: usb_info_dev99 = "A200396E0402FF83@1@14.4G@U@1@USB_Storage;U:;0;0@"
sem_get: Key: 410f01c6
sem_get: Key: 410f01c6
nvram_set: usb_info_dev100 = "A200396E0402FF83@1@14.4G@U@1@USB_Storage;U:;0;0@"
sem_get: Key: 410f01c6
sem_get: Key: 410f01c6
nvram_set[   18.193812] firmadyne: sys_socket[PID: 109 (klogd)]: family:1, type:1, protocol:0
[   18.195417] firmadyne: sys_socket[PID: 109 (klogd)]: family:1, type:2, protocol:0
: wla_ap_isolate_1 = ""
sem_get: Key: 410f01c6
sem_get: Key: 410f01c6
nvram_set: wla_ap_isolate_2 = ""
sem_get: Key: 410f01c6
sem_get: Key: 410f01c6
nvram_set: wla_ap_isolate_3 = ""
sem_get: Key: 410f01c6[   18.217778] firmadyne: sys_socket[PID: 109 (klogd)]: family:1, type:1, protocol:0
[   18.219373] firmadyne: sys_socket[PID: 109 (klogd)]: family:1, type:2, protocol:0

sem_get: Key: 410f01c6
nvram_set: wla_ap_isolate_4 = ""
[   18.229953] e1000: eth0 NIC Link is Up 1000 Mbps Full Duplex, Flow Control: RX
[   18.231308] IPv6: ADDRCONF(NETDEV_CHANGE): eth0: link becomes ready
sem_get: Key: 410f01c6
sem_get: Key: [   18.241440] firmadyne: sys_socket[PID: 109 (klogd)]: family:1, type:1, protocol:0
[   18.242988] firmadyne: sys_socket[PID: 109 (klogd)]: family:1, type:2, protocol:0
410f01c6
nvram_set: wlg_ap_isolate_1 = ""
sem_get: Key: 410f01c6
sem_get: Key: 410f01c6
nvram_set: wlg_ap_isolate_2 = ""
sem_get: Key: 410f01c6
sem_get: Key: 410f01c6
nvram_set: wlg_ap_isolate_3[   18.265809] firmadyne: sys_socket[PID: 109 (klogd)]: family:1, type:1, protocol:0
[   18.267389] firmadyne: sys_socket[PID: 109 (klogd)]: family:1, type:2, protocol:0
 = ""
sem_get: Key: 410f01c6
sem_get: Key: 410f01c6
nvram_set: wlg_ap_isolate_4 = ""
sem_get: Key: 410f01c6
sem_get: Key: 410f01c6
nvram_set: wlg_allow_access_1 = ""
sem_get: Key: 410f01c6
[   18.289508] firmadyne: sys_socket[PID: 109 (klogd)]: family:1, type:1, protocol:0
[   18.291086] firmadyne: sys_socket[PID: 109 (klogd)]: family:1, type:2, protocol:0
sem_get: Key: 410f01c6
nvram_set: wlg_allow_access_2 = ""
sem_get: Key: 410f01c6
sem_get: Key: 410f01c6
nvram_set: wlg_allow_access_3 = ""
sem_get: Key: 410f01c6
sem_get: Key: 410f01c6
[   18.313447] firmadyne: sys_socket[PID: 109 (klogd)]: family:1, type:1, protocol:0
[   18.314997] firmadyne: sys_socket[PID: 109 (klogd)]: family:1, type:2, protocol:0
nvram_set: wlg_allow_access_4 = ""
sem_get: Key: 410f01c6
sem_get: Key: 410f01c6
nvram_set: 0:macaddr = "01:23:45:67:89:ab"
sem_get: Key: 410f01c6
sem_get: Key: 410f01c6
nvram_set: [   18.337629] firmadyne: sys_socket[PID: 109 (klogd)]: family:1, type:1, protocol:0
[   18.339218] firmadyne: sys_socket[PID: 109 (klogd)]: family:1, type:2, protocol:0
1:macaddr = "01:23:45:67:89:ab"
sem_get: Key: 410f01c6
sem_get: Key: 410f01c6
nvram_set: 2:macaddr = "01:23:45:67:89:ab"
sem_get: Key: 410f01c6
sem_get: Key: 410f01c6
nvram_set: lan1_ifnames = ""
sem_get[   18.361738] firmadyne: sys_socket[PID: 109 (klogd)]: family:1, type:1, protocol:0
[   18.363283] firmadyne: sys_socket[PID: 109 (klogd)]: family:1, type:2, protocol:0
: Key: 410f01c6
sem_get: Key: 410f01c6
nvram_set: lan2_ifnames = ""
sem_get: Key: 410f01c6
sem_get: Key: 410f01c6
nvram_set: lan3_ifnames = ""
sem_get: Key: 410f01c6
[   18.385465] firmadyne: sys_socket[PID: 109 (klogd)]: family:1, type:1, protocol:0
[   18.387045] firmadyne: sys_socket[PID: 109 (klogd)]: family:1, type:2, protocol:0
sem_get: Key: 410f01c6
nvram_set: lan4_ifnames = ""
sem_get: Key: 410f01c6
sem_get: Key: 410f01c6
nvram_set: lan5_ifnames = ""
sem_get: Key: 410f01c6
sem_get: Key: 410f01c6
nvram_set: [   18.409545] firmadyne: sys_socket[PID: 109 (klogd)]: family:1, type:1, protocol:0
[   18.411186] firmadyne: sys_socket[PID: 109 (klogd)]: family:1, type:2, protocol:0
lan6_ifnames = ""
sem_get: Key: 410f01c6
sem_get: Key: 410f01c6
nvram_set: lan7_ifnames = ""
sem_get: Key: 410f01c6
sem_get: Key: 410f01c6
nvram_set: lan8_ifnames = ""
sem_get: Key: 410f01c6
[   18.433445] firmadyne: sys_socket[PID: 109 (klogd)]: family:1, type:1, protocol:0
[   18.435026] firmadyne: sys_socket[PID: 109 (klogd)]: family:1, type:2, protocol:0
sem_get: Key: 410f01c6
nvram_set: lan9_ifnames = ""
sem_get: Key: 410f01c6
sem_get: Key: 410f01c6
nvram_set_default: Loading built-in default values = 1!
nvram_set_default: Checking for symbol "router_defaults"...
nvram_set_default: Checking for symbol "Nvrams"...
[   18.457523] firmadyne: sys_socket[PID: 109 (klogd)]: family:1, type:1, protocol:0
[   18.459123] firmadyne: sys_socket[PID: 109 (klogd)]: family:1, type:2, protocol:0
nvram_set: time_zone = "GMT+0"
sem_get: Key: 410f01c6
sem_get: Key: 410f01c6
[   18.481458] firmadyne: sys_socket[PID: 109 (klogd)]: family:1, type:1, protocol:0
[   18.483016] firmadyne: sys_socket[PID: 109 (klogd)]: family:1, type:2, protocol:0
nvram_set: time_daylight = ""
sem_get: Key: 410f01c6
sem_get: Key: 410f01c6
nvram_set: restore_default = "0"
sem_get: Key: 410f01c6
sem_get: Key: [   18.505587] firmadyne: sys_socket[PID: 109 (klogd)]: family:1, type:1, protocol:0
[   18.507180] firmadyne: sys_socket[PID: 109 (klogd)]: family:1, type:2, protocol:0
410f01c6
nvram_set: wiz_language = "English"
sem_get: Key: 410f01c6
sem_get: Key: 410f01c6
nvram_set: wiz_country = ""
sem_get: Key: [   18.529481] firmadyne: sys_socket[PID: 109 (klogd)]: family:1, type:1, protocol:0
[   18.531034] firmadyne: sys_socket[PID: 109 (klogd)]: family:1, type:2, protocol:0
410f01c6
sem_get: Key: 410f01c6
nvram_set: fix_ipaddr = ""
sem_get: Key: 410f01c6
sem_get: Key: 410f01c6
nvram_set: fix_netmask = ""
sem_get: Key: 410f01c6
sem_get: Key: [   18.557696] firmadyne: sys_socket[PID: 109 (klogd)]: family:1, type:1, protocol:0
[   18.559362] firmadyne: sys_socket[PID: 109 (klogd)]: family:1, type:2, protocol:0
410f01c6
nvram_set: fix_gateway = ""
sem_get: Key: 410f01c6
sem_get: Key: 410f01c6
nvram_set: wan_ifname = "eth1"
sem_get: Key: 410f01c6
[   18.581515] firmadyne: sys_socket[PID: 109 (klogd)]: family:1, type:1, protocol:0
[   18.583093] firmadyne: sys_socket[PID: 109 (klogd)]: family:1, type:2, protocol:0
sem_get: Key: 410f01c6
nvram_set: wan_mode = "dhcpc"
sem_get: Key: 410f01c6
sem_get: Key: 410f01c6
nvram_set: wan_iptype = "Dynamic"
sem_get[   18.605413] firmadyne: sys_socket[PID: 109 (klogd)]: family:1, type:1, protocol:0
[   18.606994] firmadyne: sys_socket[PID: 109 (klogd)]: family:1, type:2, protocol:0
: Key: 410f01c6
sem_get: Key: 410f01c6
nvram_set: wan_ipaddr = ""
sem_get: Key: 410f01c6
sem_get: Key: 410f01c6
nvram_set: wan_netmask = ""
sem_get[   18.629639] firmadyne: sys_socket[PID: 109 (klogd)]: family:1, type:1, protocol:0
[   18.631196] firmadyne: sys_socket[PID: 109 (klogd)]: family:1, type:2, protocol:0
: Key: 410f01c6
sem_get: Key: 410f01c6
nvram_set: wan_gateway = ""
sem_get: Key: 410f01c6
sem_get: Key: 410f01c6
nvram_set: wan_mtu = "1500"
[   18.653520] firmadyne: sys_socket[PID: 109 (klogd)]: family:1, type:1, protocol:0
[   18.655070] firmadyne: sys_socket[PID: 109 (klogd)]: family:1, type:2, protocol:0
sem_get: Key: 410f01c6
sem_get: Key: 410f01c6
nvram_set: wan_fix_dns = "0"
sem_get: Key: 410f01c6
sem_get: Key: 410f01c6
nvram_set: wan_dns1 = ""
[   18.677747] firmadyne: sys_socket[PID: 109 (klogd)]: family:1, type:1, protocol:0
[   18.679330] firmadyne: sys_socket[PID: 109 (klogd)]: family:1, type:2, protocol:0
sem_get: Key: 410f01c6
sem_get: Key: 410f01c6
nvram_set: wan_dns2 = ""
sem_get: Key: 410f01c6
sem_get: Key: 410f01c6
nvram_set: wan_macaddr = ""
[   18.701469] firmadyne: sys_socket[PID: 109 (klogd)]: family:1, type:1, protocol:0
[   18.703020] firmadyne: sys_socket[PID: 109 (klogd)]: family:1, type:2, protocol:0
sem_get: Key: 410f01c6
sem_get: Key: 410f01c6
nvram_set: wan_encap = "1"
sem_get: Key: 410f01c6
sem_get: Key: 410f01c6
nvram_set: wan_vpi = "0"
[   18.725742] firmadyne: sys_socket[PID: 109 (klogd)]: family:1, type:1, protocol:0
[   18.727347] firmadyne: sys_socket[PID: 109 (klogd)]: family:1, type:2, protocol:0
sem_get: Key: 410f01c6
sem_get: Key: 410f01c6
nvram_set: wan_vci = "38"
sem_get: Key: 410f01c6
sem_get: Key: 410f01c6
nvram_set: wan_dslmode = "MMODE"
sem_get[   18.753747] firmadyne: sys_socket[PID: 109 (klogd)]: family:1, type:1, protocol:0
[   18.755303] firmadyne: sys_socket[PID: 109 (klogd)]: family:1, type:2, protocol:0
: Key: 410f01c6
sem_get: Key: 410f01c6
nvram_set: wan_account = "JNR3210"
sem_get: Key: 410f01c6
sem_get: Key: 410f01c6
nvram_set: wan_domain[   18.777561] firmadyne: sys_socket[PID: 109 (klogd)]: family:1, type:1, protocol:0
[   18.779136] firmadyne: sys_socket[PID: 109 (klogd)]: family:1, type:2, protocol:0
 = ""
sem_get: Key: 410f01c6
sem_get: Key: 410f01c6
nvram_set: wan_dod = "1"
sem_get: Key: 410f01c6
sem_get: Key: 410f01c6
nvram_set: [   18.801728] firmadyne: sys_socket[PID: 109 (klogd)]: family:1, type:1, protocol:0
[   18.803332] firmadyne: sys_socket[PID: 109 (klogd)]: family:1, type:2, protocol:0
wan_pppoe_relay = "0"
sem_get: Key: 410f01c6
sem_get: Key: 410f01c6
nvram_set: device_name = "JNR3210"
sem_get: Key: 410f01c6
sem_get: Key: 410f01c6
[   18.825450] firmadyne: sys_socket[PID: 109 (klogd)]: family:1, type:1, protocol:0
[   18.827023] firmadyne: sys_socket[PID: 109 (klogd)]: family:1, type:2, protocol:0
nvram_set: lan_if = "br0"
sem_get: Key: 410f01c6
sem_get: Key: 410f01c6
nvram_set: lan_ipaddr = "192.168.1.1"
sem_get: Key: 410f01c6
[   18.849466] firmadyne: sys_socket[PID: 109 (klogd)]: family:1, type:1, protocol:0
[   18.851020] firmadyne: sys_socket[PID: 109 (klogd)]: family:1, type:2, protocol:0
sem_get: Key: 410f01c6
nvram_set: lan_netmask = "255.255.255.0"
sem_get: Key: 410f01c6
sem_get: Key: 410f01c6
nvram_set: lan_bipaddr = "[   18.873571] firmadyne: sys_socket[PID: 109 (klogd)]: family:1, type:1, protocol:0
[   18.875123] firmadyne: sys_socket[PID: 109 (klogd)]: family:1, type:2, protocol:0
192.168.1.255"
sem_get: Key: 410f01c6
sem_get: Key: 410f01c6
nvram_set: dhcp_server_enable = "1"
sem_get: Key: 410f01c6
sem_get: Key: 410f01c6
[   18.897414] firmadyne: sys_socket[PID: 109 (klogd)]: family:1, type:1, protocol:0
[   18.898976] firmadyne: sys_socket[PID: 109 (klogd)]: family:1, type:2, protocol:0
nvram_set: dhcp_start_ip = "192.168.1.2"
sem_get: Key: 410f01c6
sem_get: Key: 410f01c6
nvram_set: dhcp_end_ip = "192.168.1.254"
sem_get: Key: [   18.921491] firmadyne: sys_socket[PID: 109 (klogd)]: family:1, type:1, protocol:0
[   18.923021] firmadyne: sys_socket[PID: 109 (klogd)]: family:1, type:2, protocol:0
410f01c6
sem_get: Key: 410f01c6
nvram_set: dhcp_reserved = ""
sem_get: Key: 410f01c6
sem_get: Key: 410f01c6
nvram_set: http_username[   18.945966] firmadyne: sys_socket[PID: 109 (klogd)]: family:1, type:1, protocol:0
[   18.947542] firmadyne: sys_socket[PID: 109 (klogd)]: family:1, type:2, protocol:0
 = "admin"
sem_get: Key: 410f01c6
sem_get: Key: 410f01c6
nvram_set: http_password = "password"
sem_get: Key: 410f01c6
sem_get: Key: 410f01c6
[   18.969441] firmadyne: sys_socket[PID: 109 (klogd)]: family:1, type:1, protocol:0
[   18.970981] firmadyne: sys_socket[PID: 109 (klogd)]: family:1, type:2, protocol:0
nvram_set: http_timeout = "5"
sem_get: Key: 410f01c6
sem_get: Key: 410f01c6
nvram_set: rt_static_route = ""
sem_get: Key: 410f01c6
sem_get: Key: 410f01c6[   18.993492] firmadyne: sys_socket[PID: 109 (klogd)]: family:1, type:1, protocol:0
[   18.995070] firmadyne: sys_socket[PID: 109 (klogd)]: family:1, type:2, protocol:0

nvram_set: rt_rip_version = "0"
sem_get: Key: 410f01c6
sem_get: Key: 410f01c6
nvram_set: rt_rip_direction = "both"
sem_get: Key: 410f01c6
[   19.017480] firmadyne: sys_socket[PID: 109 (klogd)]: family:1, type:1, protocol:0
[   19.019040] firmadyne: sys_socket[PID: 109 (klogd)]: family:1, type:2, protocol:0
sem_get: Key: 410f01c6
nvram_set: ddns_enable = "0"
sem_get: Key: 410f01c6
sem_get: Key: 410f01c6
nvram_set: ddns_service_provider = "[   19.041653] firmadyne: sys_socket[PID: 109 (klogd)]: family:1, type:1, protocol:0
[   19.043207] firmadyne: sys_socket[PID: 109 (klogd)]: family:1, type:2, protocol:0
dyndns"
sem_get: Key: 410f01c6
sem_get: Key: 410f01c6
nvram_set: ddns_user_name = ""
sem_get: Key: 410f01c6
sem_get: Key: 410f01c6
nvram_set[   19.065761] firmadyne: sys_socket[PID: 109 (klogd)]: family:1, type:1, protocol:0
[   19.067345] firmadyne: sys_socket[PID: 109 (klogd)]: family:1, type:2, protocol:0
: ddns_password = ""
sem_get: Key: 410f01c6
sem_get: Key: 410f01c6
nvram_set: ddns_host_name = ""
sem_get: Key: 410f01c6
sem_get: Key: 410f01c6
[   19.089433] firmadyne: sys_socket[PID: 109 (klogd)]: family:1, type:1, protocol:0
[   19.090983] firmadyne: sys_socket[PID: 109 (klogd)]: family:1, type:2, protocol:0
nvram_set: ddns_use_wildcards = "0"
sem_get: Key: 410f01c6
sem_get: Key: 410f01c6
nvram_set: pppoe_username = ""
sem_get: Key: 410f01c6
sem_get: Key: 410f01c6
[   19.114352] firmadyne: sys_socket[PID: 109 (klogd)]: family:1, type:1, protocol:0
[   19.115929] firmadyne: sys_socket[PID: 109 (klogd)]: family:1, type:2, protocol:0
nvram_set: pppoe_password = ""
sem_get: Key: 410f01c6
sem_get: Key: 410f01c6
nvram_set[   19.133726] firmadyne: sys_socket[PID: 109 (klogd)]: family:1, type:1, protocol:0
[   19.135281] firmadyne: sys_socket[PID: 109 (klogd)]: family:1, type:2, protocol:0
: pppoe_idle = "5"
sem_get: Key: 410f01c6
sem_get: Key: 410f01c6
nvram_set: pppoe_service = ""
sem_get: Key: 410f01c6
sem_get: Key: 410f01c6
[   19.157421] firmadyne: sys_socket[PID: 109 (klogd)]: family:1, type:1, protocol:0
[   19.158979] firmadyne: sys_socket[PID: 109 (klogd)]: family:1, type:2, protocol:0
nvram_set: pptpc_server = "10.0.0.138"
sem_get: Key: 410f01c6
sem_get: Key: 410f01c6
nvram_set: pppoa_username = "Guest"
sem_get: Key: 410f01c6
sem_get[   19.181727] firmadyne: sys_socket[PID: 109 (klogd)]: family:1, type:1, protocol:0
[   19.183304] firmadyne: sys_socket[PID: 109 (klogd)]: family:1, type:2, protocol:0
: Key: 410f01c6
nvram_set: pppoa_password = ""
sem_get: Key: 410f01c6
sem_get: Key: 410f01c6
nvram_set: pppoa_idle = "0"
sem_get: Key: 410f01c6
[   19.205432] firmadyne: sys_socket[PID: 109 (klogd)]: family:1, type:1, protocol:0
[   19.206983] firmadyne: sys_socket[PID: 109 (klogd)]: family:1, type:2, protocol:0
sem_get: Key: 410f01c6
nvram_set: pppoa_ipaddr = ""
sem_get: Key: 410f01c6
sem_get: Key: 410f01c6
nvram_set: wifi_ssid = "NETGEAR"
sem_get: Key: 410f01c6[   19.229445] firmadyne: sys_socket[PID: 109 (klogd)]: family:1, type:1, protocol:0
[   19.231022] firmadyne: sys_socket[PID: 109 (klogd)]: family:1, type:2, protocol:0

sem_get: Key: 410f01c6
nvram_set: wifi_ssid2 = "NETGEAR_Guest"
sem_get: Key: 410f01c6
sem_get: Key: 410f01c6
[   19.253425] firmadyne: sys_socket[PID: 109 (klogd)]: family:1, type:1, protocol:0
[   19.254974] firmadyne: sys_socket[PID: 109 (klogd)]: family:1, type:2, protocol:0
nvram_set: wifi_ssid3 = "NETGEAR_Guest2"
sem_get: Key: 410f01c6
sem_get: Key: 410f01c6
nvram_set: wifi_ssid4 = "NETGEAR_Guest3"
sem_get: Key: 410f01c6
sem_get: Key: 410f01c6[   19.277762] firmadyne: sys_socket[PID: 109 (klogd)]: family:1, type:1, protocol:0
[   19.279300] firmadyne: sys_socket[PID: 109 (klogd)]: family:1, type:2, protocol:0

nvram_set: wifi_region = "Europe"
sem_get: Key: 410f01c6
sem_get: Key: 410f01c6
nvram_set: wifi_channel = "0"
sem_get: Key: 410f01c6
[   19.301553] firmadyne: sys_socket[PID: 109 (klogd)]: family:1, type:1, protocol:0
[   19.303087] firmadyne: sys_socket[PID: 109 (klogd)]: family:1, type:2, protocol:0
sem_get: Key: 410f01c6
nvram_set: wifi_auth_type = "3"
sem_get: Key: 410f01c6
sem_get: Key: 410f01c6
nvram_set: wifi_auth_type2 = "3"
sem_get[   19.325672] firmadyne: sys_socket[PID: 109 (klogd)]: family:1, type:1, protocol:0
[   19.327232] firmadyne: sys_socket[PID: 109 (klogd)]: family:1, type:2, protocol:0
: Key: 410f01c6
sem_get: Key: 410f01c6
nvram_set: wifi_auth_type3 = "3"
sem_get: Key: 410f01c6
sem_get: Key: 410f01c6
nvram_set: wifi_auth_type4 = "3"
[   19.353417] firmadyne: sys_socket[PID: 109 (klogd)]: family:1, type:1, protocol:0
[   19.354972] firmadyne: sys_socket[PID: 109 (klogd)]: family:1, type:2, protocol:0
sem_get: Key: 410f01c6
sem_get: Key: 410f01c6
nvram_set: wifi_key_len = "0"
sem_get: Key: 410f01c6
sem_get: Key: 410f01c6
[   19.377413] firmadyne: sys_socket[PID: 109 (klogd)]: family:1, type:1, protocol:0
[   19.378968] firmadyne: sys_socket[PID: 109 (klogd)]: family:1, type:2, protocol:0
nvram_set: wifi_key_len2 = "0"
sem_get: Key: 410f01c6
sem_get: Key: 410f01c6
nvram_set: wifi_key_len3 = "0"
sem_get: Key: 410f01c6
sem_get: Key: 410f01c6[   19.401481] firmadyne: sys_socket[PID: 109 (klogd)]: family:1, type:1, protocol:0
[   19.403059] firmadyne: sys_socket[PID: 109 (klogd)]: family:1, type:2, protocol:0

nvram_set: wifi_key_len4 = "0"
sem_get: Key: 410f01c6
sem_get: Key: 410f01c6
nvram_set: wifi_def_key = "1"
sem_get: Key: 410f01c6
[   19.425470] firmadyne: sys_socket[PID: 109 (klogd)]: family:1, type:1, protocol:0
[   19.427047] firmadyne: sys_socket[PID: 109 (klogd)]: family:1, type:2, protocol:0
sem_get: Key: 410f01c6
nvram_set: wifi_def_key2 = "1"
sem_get: Key: 410f01c6
sem_get: Key: 410f01c6
nvram_set: wifi_def_key3 = "1"
sem_get: Key: 410f01c6[   19.449778] firmadyne: sys_socket[PID: 109 (klogd)]: family:1, type:1, protocol:0
[   19.451335] firmadyne: sys_socket[PID: 109 (klogd)]: family:1, type:2, protocol:0

sem_get: Key: 410f01c6
nvram_set: wifi_def_key4 = "1"
sem_get: Key: 410f01c6
sem_get: Key: 410f01c6
nvram_set: wifi_key1 = ""
[   19.473412] firmadyne: sys_socket[PID: 109 (klogd)]: family:1, type:1, protocol:0
[   19.474963] firmadyne: sys_socket[PID: 109 (klogd)]: family:1, type:2, protocol:0
sem_get: Key: 410f01c6
sem_get: Key: 410f01c6
nvram_set: wifi_key2 = ""
sem_get: Key: 410f01c6
sem_get: Key: 410f01c6
nvram_set: wifi_key3 = ""
sem_get[   19.497499] firmadyne: sys_socket[PID: 109 (klogd)]: family:1, type:1, protocol:0
[   19.499077] firmadyne: sys_socket[PID: 109 (klogd)]: family:1, type:2, protocol:0
: Key: 410f01c6
sem_get: Key: 410f01c6
nvram_set: wifi_key4 = ""
sem_get: Key: 410f01c6
sem_get: Key: 410f01c6
nvram_set: wifi_key12 = ""
sem_get: Key: [   19.521417] firmadyne: sys_socket[PID: 109 (klogd)]: family:1, type:1, protocol:0
[   19.522971] firmadyne: sys_socket[PID: 109 (klogd)]: family:1, type:2, protocol:0
410f01c6
sem_get: Key: 410f01c6
nvram_set: wifi_key22 = ""
sem_get: Key: 410f01c6
sem_get: Key: 410f01c6
nvram_set: wifi_key32 = ""
sem_get: Key: 410f01c6
[   19.549737] firmadyne: sys_socket[PID: 109 (klogd)]: family:1, type:1, protocol:0
[   19.551307] firmadyne: sys_socket[PID: 109 (klogd)]: family:1, type:2, protocol:0
sem_get: Key: 410f01c6
nvram_set: wifi_key42 = ""
sem_get: Key: 410f01c6
sem_get: Key: 410f01c6
nvram_set: wifi_key13 = ""
sem_get: Key: 410f01c6
[   19.573440] firmadyne: sys_socket[PID: 109 (klogd)]: family:1, type:1, protocol:0
[   19.574976] firmadyne: sys_socket[PID: 109 (klogd)]: family:1, type:2, protocol:0
sem_get: Key: 410f01c6
nvram_set: wifi_key23 = ""
sem_get: Key: 410f01c6
sem_get: Key: 410f01c6
nvram_set: wifi_key33 = ""
sem_get: Key: 410f01c6
[   19.597460] firmadyne: sys_socket[PID: 109 (klogd)]: family:1, type:1, protocol:0
[   19.599040] firmadyne: sys_socket[PID: 109 (klogd)]: family:1, type:2, protocol:0
sem_get: Key: 410f01c6
nvram_set: wifi_key43 = ""
sem_get: Key: 410f01c6
sem_get: Key: 410f01c6
nvram_set: wifi_key14 = ""
sem_get: Key: 410f01c6
[   19.621527] firmadyne: sys_socket[PID: 109 (klogd)]: family:1, type:1, protocol:0
[   19.623116] firmadyne: sys_socket[PID: 109 (klogd)]: family:1, type:2, protocol:0
sem_get: Key: 410f01c6
nvram_set: wifi_key24 = ""
sem_get: Key: 410f01c6
sem_get: Key: 410f01c6
nvram_set: wifi_key34 = ""
sem_get: Key: 410f01c6
sem_get[   19.645469] firmadyne: sys_socket[PID: 109 (klogd)]: family:1, type:1, protocol:0
[   19.647047] firmadyne: sys_socket[PID: 109 (klogd)]: family:1, type:2, protocol:0
: Key: 410f01c6
nvram_set: wifi_key44 = ""
sem_get: Key: 410f01c6
sem_get: Key: 410f01c6
nvram_set: wifi_psk_pwd = ""
sem_get: Key: 410f01c6
sem_get: Key: [   19.669669] firmadyne: sys_socket[PID: 109 (klogd)]: family:1, type:1, protocol:0
[   19.671247] firmadyne: sys_socket[PID: 109 (klogd)]: family:1, type:2, protocol:0
410f01c6
nvram_set: wifi_psk_pwd2 = ""
sem_get: Key: 410f01c6
sem_get: Key: 410f01c6
nvram_set: wifi_psk_pwd3 = ""
sem_get: Key: 410f01c6
sem_get[   19.693806] firmadyne: sys_socket[PID: 109 (klogd)]: family:1, type:1, protocol:0
[   19.695392] firmadyne: sys_socket[PID: 109 (klogd)]: family:1, type:2, protocol:0
: Key: 410f01c6
nvram_set: wifi_psk_pwd4 = ""
sem_get: Key: 410f01c6
sem_get: Key: 410f01c6
nvram_set: wifi_access_control = "0"
sem_get[   19.717415] firmadyne: sys_socket[PID: 109 (klogd)]: family:1, type:1, protocol:0
[   19.718964] firmadyne: sys_socket[PID: 109 (klogd)]: family:1, type:2, protocol:0
: Key: 410f01c6
sem_get: Key: 410f01c6
nvram_set: wifi_access_list = ""
sem_get: Key: 410f01c6
sem_get: Key: 410f01c6
nvram_set[   19.741484] firmadyne: sys_socket[PID: 109 (klogd)]: family:1, type:1, protocol:0
[   19.743068] firmadyne: sys_socket[PID: 109 (klogd)]: family:1, type:2, protocol:0
: wifi_if_on = "1"
sem_get: Key: 410f01c6
sem_get: Key: 410f01c6
nvram_set: wifi_if_on2 = "0"
sem_get: Key: 410f01c6
sem_get: Key: 410f01c6
[   19.765446] firmadyne: sys_socket[PID: 109 (klogd)]: family:1, type:1, protocol:0
[   19.767029] firmadyne: sys_socket[PID: 109 (klogd)]: family:1, type:2, protocol:0
nvram_set: wifi_if_on3 = "0"
sem_get: Key: 410f01c6
sem_get: Key: 410f01c6
nvram_set: wifi_if_on4 = "0"
sem_get: Key: 410f01c6
sem_get: Key: 410f01c6
[   19.789701] firmadyne: sys_socket[PID: 109 (klogd)]: family:1, type:1, protocol:0
[   19.791246] firmadyne: sys_socket[PID: 109 (klogd)]: family:1, type:2, protocol:0
nvram_set: wifi_broadcast_ssid = "1"
sem_get: Key: 410f01c6
sem_get: Key: 410f01c6
nvram_set: wifi_broadcast_ssid2 = "1"
sem_get: Key: [   19.813456] firmadyne: sys_socket[PID: 109 (klogd)]: family:1, type:1, protocol:0
[   19.815017] firmadyne: sys_socket[PID: 109 (klogd)]: family:1, type:2, protocol:0
410f01c6
sem_get: Key: 410f01c6
nvram_set: wifi_broadcast_ssid3 = "1"
sem_get: Key: 410f01c6
sem_get: Key: 410f01c6
[   19.837428] firmadyne: sys_socket[PID: 109 (klogd)]: family:1, type:1, protocol:0
[   19.838982] firmadyne: sys_socket[PID: 109 (klogd)]: family:1, type:2, protocol:0
nvram_set: wifi_broadcast_ssid4 = "1"
sem_get: Key: 410f01c6
sem_get: Key: 410f01c6
nvram_set: wifi_allow_guest2 = "0"
sem_get: Key: 410f01c6
sem_get: Key: 410f01c6
[   19.861736] firmadyne: sys_socket[PID: 109 (klogd)]: family:1, type:1, protocol:0
[   19.863618] firmadyne: sys_socket[PID: 109 (klogd)]: family:1, type:2, protocol:0
nvram_set: wifi_allow_guest3 = "0"
sem_get: Key: 410f01c6
sem_get: Key: 410f01c6
nvram_set: wifi_allow_guest4 = "0"
sem_get: Key: 410f01c6
sem_get: Key: 410f01c6[   19.889747] firmadyne: sys_socket[PID: 109 (klogd)]: family:1, type:1, protocol:0
[   19.891354] firmadyne: sys_socket[PID: 109 (klogd)]: family:1, type:2, protocol:0

nvram_set: wifi_wep_on = "0"
sem_get: Key: 410f01c6
sem_get: Key: 410f01c6
nvram_set: wifi_wep_on2 = "0"
sem_get: Key: 410f01c6
[   19.913645] firmadyne: sys_socket[PID: 109 (klogd)]: family:1, type:1, protocol:0
[   19.915211] firmadyne: sys_socket[PID: 109 (klogd)]: family:1, type:2, protocol:0
sem_get: Key: 410f01c6
nvram_set: wifi_wep_on3 = "0"
sem_get: Key: 410f01c6
sem_get: Key: 410f01c6
nvram_set: wifi_wep_on4 = "[   19.937431] firmadyne: sys_socket[PID: 109 (klogd)]: family:1, type:1, protocol:0
[   19.938997] firmadyne: sys_socket[PID: 109 (klogd)]: family:1, type:2, protocol:0
0"
sem_get: Key: 410f01c6
sem_get: Key: 410f01c6
nvram_set: wifi_dot11_mode = "8"
sem_get: Key: 410f01c6
sem_get: Key: 410f01c6
[   19.961456] firmadyne: sys_socket[PID: 109 (klogd)]: family:1, type:1, protocol:0
[   19.963008] firmadyne: sys_socket[PID: 109 (klogd)]: family:1, type:2, protocol:0
nvram_set: wifi_dot11_iso = "0"
sem_get: Key: 410f01c6
sem_get: Key: 410f01c6
nvram_set: wifi_radius_port = "1812"
sem_get: Key: 410f01c6
sem_get: Key: 410f01c6[   19.985698] firmadyne: sys_socket[PID: 109 (klogd)]: family:1, type:1, protocol:0
[   19.987264] firmadyne: sys_socket[PID: 109 (klogd)]: family:1, type:2, protocol:0

nvram_set: wifi_wds[   19.993358] cfg80211: Calling CRDA to update world regulatory domain
 = "0"
sem_get: Key: 410f01c6
sem_get: Key: 410f01c6
nvram_set: wifi_wds_apmode = "repeater"
[   20.009411] firmadyne: sys_socket[PID: 109 (klogd)]: family:1, type:1, protocol:0
[   20.010975] firmadyne: sys_socket[PID: 109 (klogd)]: family:1, type:2, protocol:0
sem_get: Key: 410f01c6
sem_get: Key: 410f01c6
nvram_set: wifi_wds_bridge0mac = ""
sem_get: Key: 410f01c6
sem_get: Key: 410f01c6
nvram_set[   20.033497] firmadyne: sys_socket[PID: 109 (klogd)]: family:1, type:1, protocol:0
[   20.035103] firmadyne: sys_socket[PID: 109 (klogd)]: family:1, type:2, protocol:0
: wifi_wds_bridge1mac = ""
sem_get: Key: 410f01c6
sem_get: Key: 410f01c6
nvram_set: wifi_wds_bridge2mac = ""
sem_get: Key: 410f01c6
sem_get: Key: 410f01c6
[   20.057439] firmadyne: sys_socket[PID: 109 (klogd)]: family:1, type:1, protocol:0
[   20.059017] firmadyne: sys_socket[PID: 109 (klogd)]: family:1, type:2, protocol:0
nvram_set: wifi_wds_bridge3mac = ""
sem_get: Key: 410f01c6
sem_get: Key: 410f01c6
nvram_set: wifi_wds_bridge4mac = ""
sem_get: Key: 410f01c6
sem_get: Key: 410f01c6
[   20.081432] firmadyne: sys_socket[PID: 109 (klogd)]: family:1, type:1, protocol:0
[   20.082984] firmadyne: sys_socket[PID: 109 (klogd)]: family:1, type:2, protocol:0
nvram_set: wifi_wds_repeater1mac = ""
sem_get: Key: 410f01c6
sem_get: Key: 410f01c6
nvram_set: wifi_wds_repeater2mac = ""
sem_get: Key: 410f01c6
[   20.105525] firmadyne: sys_socket[PID: 109 (klogd)]: family:1, type:1, protocol:0
[   20.107109] firmadyne: sys_socket[PID: 109 (klogd)]: family:1, type:2, protocol:0
sem_get: Key: 410f01c6
nvram_set: wifi_wds_repeater3mac = ""
sem_get: Key: 410f01c6
sem_get: Key: 410f01c6
nvram_set: wifi_wds_repeater4mac = ""
[   20.129490] firmadyne: sys_socket[PID: 109 (klogd)]: family:1, type:1, protocol:0
[   20.131042] firmadyne: sys_socket[PID: 109 (klogd)]: family:1, type:2, protocol:0
sem_get: Key: 410f01c6
sem_get: Key: 410f01c6
nvram_set: wifi_frag_thre = "2346"
sem_get: Key: 410f01c6
sem_get: Key: 410f01c6
nvram_set: wifi_rts_thre = "2347"
[   20.157657] firmadyne: sys_socket[PID: 109 (klogd)]: family:1, type:1, protocol:0
[   20.159225] firmadyne: sys_socket[PID: 109 (klogd)]: family:1, type:2, protocol:0
sem_get: Key: 410f01c6
sem_get: Key: 410f01c6
nvram_set: wifi_enable_shortpreamble = "1"
sem_get: Key: 410f01c6
sem_get: Key: 410f01c6
[   20.181434] firmadyne: sys_socket[PID: 109 (klogd)]: family:1, type:1, protocol:0
[   20.182990] firmadyne: sys_socket[PID: 109 (klogd)]: family:1, type:2, protocol:0
nvram_set: wifi_ssid1 = "NETGEAR-DualBand-N"
sem_get: Key: 410f01c6
sem_get: Key: 410f01c6
nvram_set: wifi_ssid12 = "NETGEAR-5G_Guest1"
sem_get: Key: 410f01c6[   20.205750] firmadyne: sys_socket[PID: 109 (klogd)]: family:1, type:1, protocol:0
[   20.207301] firmadyne: sys_socket[PID: 109 (klogd)]: family:1, type:2, protocol:0

sem_get: Key: 410f01c6
nvram_set: wifi_ssid13 = "NETGEAR-5G_Guest2"
sem_get: Key: 410f01c6
sem_get: Key: 410f01c6
[   20.229496] firmadyne: sys_socket[PID: 109 (klogd)]: family:1, type:1, protocol:0
[   20.231050] firmadyne: sys_socket[PID: 109 (klogd)]: family:1, type:2, protocol:0
nvram_set: wifi_ssid14 = "NETGEAR-5G_Guest3"
sem_get: Key: 410f01c6
sem_get: Key: 410f01c6
nvram_set: wifi_ssid12_bgn = "0"
sem_get: Key: 410f01c6
sem_get: Key: 410f01c6
[   20.257440] firmadyne: sys_socket[PID: 109 (klogd)]: family:1, type:1, protocol:0
[   20.258989] firmadyne: sys_socket[PID: 109 (klogd)]: family:1, type:2, protocol:0
nvram_set: wifi_ssid12_abgn = "0"
sem_get: Key: 410f01c6
sem_get: Key: 410f01c6
nvram_set: wifi_region1 = "Asia"
sem_get: Key: 410f01c6
sem_get: Key: 410f01c6
[   20.281771] firmadyne: sys_socket[PID: 109 (klogd)]: family:1, type:1, protocol:0
[   20.283454] firmadyne: sys_socket[PID: 109 (klogd)]: family:1, type:2, protocol:0
nvram_set: wifi_channel1 = "36"
sem_get: Key: 410f01c6
sem_get: Key: 410f01c6
nvram_set: wifi_auth_type1 = "3"
sem_get: Key: 410f01c6
[   20.305574] firmadyne: sys_socket[PID: 109 (klogd)]: family:1, type:1, protocol:0
[   20.307129] firmadyne: sys_socket[PID: 109 (klogd)]: family:1, type:2, protocol:0
sem_get: Key: 410f01c6
nvram_set: wifi_auth_type12 = "3"
sem_get: Key: 410f01c6
sem_get: Key: 410f01c6
nvram_set: wifi_auth_type13 = "3"
[   20.329582] firmadyne: sys_socket[PID: 109 (klogd)]: family:1, type:1, protocol:0
[   20.331149] firmadyne: sys_socket[PID: 109 (klogd)]: family:1, type:2, protocol:0
sem_get: Key: 410f01c6
sem_get: Key: 410f01c6
nvram_set: wifi_auth_type14 = "3"
sem_get: Key: 410f01c6
sem_get: Key: 410f01c6
nvram_set: wifi_key_len1 = "0"
[   20.357443] firmadyne: sys_socket[PID: 109 (klogd)]: family:1, type:1, protocol:0
[   20.358980] firmadyne: sys_socket[PID: 109 (klogd)]: family:1, type:2, protocol:0
sem_get: Key: 410f01c6
sem_get: Key: 410f01c6
nvram_set: wifi_key_len12 = "0"
sem_get: Key: 410f01c6
sem_get: Key: 410f01c6
nvram_set[   20.381485] firmadyne: sys_socket[PID: 109 (klogd)]: family:1, type:1, protocol:0
[   20.383070] firmadyne: sys_socket[PID: 109 (klogd)]: family:1, type:2, protocol:0
: wifi_key_len13 = "0"
sem_get: Key: 410f01c6
sem_get: Key: 410f01c6
nvram_set: wifi_key_len14 = "0"
sem_get: Key: 410f01c6
sem_get: Key: 410f01c6
[   20.405417] firmadyne: sys_socket[PID: 109 (klogd)]: family:1, type:1, protocol:0
[   20.406928] firmadyne: sys_socket[PID: 109 (klogd)]: family:1, type:2, protocol:0
nvram_set: wifi_def_key1 = "1"
sem_get: Key: 410f01c6
sem_get: Key: 410f01c6
nvram_set: wifi_def_key12 = "1"
sem_get: Key: 410f01c6
sem_get: Key: 410f01c6
[   20.429433] firmadyne: sys_socket[PID: 109 (klogd)]: family:1, type:1, protocol:0
[   20.430985] firmadyne: sys_socket[PID: 109 (klogd)]: family:1, type:2, protocol:0
nvram_set: wifi_def_key13 = "1"
sem_get: Key: 410f01c6
sem_get: Key: 410f01c6
nvram_set: wifi_def_key14 = "1"
sem_get: Key: 410f01c6
sem_get[   20.453776] firmadyne: sys_socket[PID: 109 (klogd)]: family:1, type:1, protocol:0
[   20.455354] firmadyne: sys_socket[PID: 109 (klogd)]: family:1, type:2, protocol:0
: Key: 410f01c6
nvram_set: wifi_key11 = ""
sem_get: Key: 410f01c6
sem_get: Key: 410f01c6
nvram_set: wifi_key21 = ""
sem_get: Key: 410f01c6
[   20.477447] firmadyne: sys_socket[PID: 109 (klogd)]: family:1, type:1, protocol:0
[   20.478995] firmadyne: sys_socket[PID: 109 (klogd)]: family:1, type:2, protocol:0
sem_get: Key: 410f01c6
nvram_set: wifi_key31 = ""
sem_get: Key: 410f01c6
sem_get: Key: 410f01c6
nvram_set: wifi_key41 = ""
sem_get: Key: 410f01c6
sem_get[   20.501467] firmadyne: sys_socket[PID: 109 (klogd)]: family:1, type:1, protocol:0
[   20.503021] firmadyne: sys_socket[PID: 109 (klogd)]: family:1, type:2, protocol:0
: Key: 410f01c6
nvram_set: wifi_key112 = ""
sem_get: Key: 410f01c6
sem_get: Key: 410f01c6
nvram_set: wifi_key212 = ""
sem_get: Key: 410f01c6
sem_get: Key: [   20.525487] firmadyne: sys_socket[PID: 109 (klogd)]: family:1, type:1, protocol:0
[   20.527032] firmadyne: sys_socket[PID: 109 (klogd)]: family:1, type:2, protocol:0
410f01c6
nvram_set: wifi_key312 = ""
sem_get: Key: 410f01c6
sem_get: Key: 410f01c6
nvram_set: wifi_key412 = ""
sem_get: Key: 410f01c6
sem_get: Key: 410f01c6
[   20.553491] firmadyne: sys_socket[PID: 109 (klogd)]: family:1, type:1, protocol:0
[   20.555050] firmadyne: sys_socket[PID: 109 (klogd)]: family:1, type:2, protocol:0
nvram_set: wifi_key113 = ""
sem_get: Key: 410f01c6
sem_get: Key: 410f01c6
nvram_set: wifi_key213 = ""
sem_get: Key: 410f01c6
sem_get: Key: 410f01c6
[   20.577423] firmadyne: sys_socket[PID: 109 (klogd)]: family:1, type:1, protocol:0
[   20.579023] firmadyne: sys_socket[PID: 109 (klogd)]: family:1, type:2, protocol:0
nvram_set: wifi_key313 = ""
sem_get: Key: 410f01c6
sem_get: Key: 410f01c6
nvram_set: wifi_key413 = ""
sem_get: Key: 410f01c6
sem_get: Key: 410f01c6
[   20.601421] firmadyne: sys_socket[PID: 109 (klogd)]: family:1, type:1, protocol:0
[   20.602973] firmadyne: sys_socket[PID: 109 (klogd)]: family:1, type:2, protocol:0
nvram_set: wifi_key114 = ""
sem_get: Key: 410f01c6
sem_get: Key: 410f01c6
nvram_set: wifi_key214 = ""
sem_get: Key: 410f01c6
sem_get: Key: 410f01c6
nvram_set[   20.625730] firmadyne: sys_socket[PID: 109 (klogd)]: family:1, type:1, protocol:0
[   20.627309] firmadyne: sys_socket[PID: 109 (klogd)]: family:1, type:2, protocol:0
: wifi_key314 = ""
sem_get: Key: 410f01c6
sem_get: Key: 410f01c6
nvram_set: wifi_key414 = ""
sem_get: Key: 410f01c6
sem_get: Key: 410f01c6
[   20.649433] firmadyne: sys_socket[PID: 109 (klogd)]: family:1, type:1, protocol:0
[   20.650999] firmadyne: sys_socket[PID: 109 (klogd)]: family:1, type:2, protocol:0
nvram_set: wifi_psk_pwd1 = ""
sem_get: Key: 410f01c6
sem_get: Key: 410f01c6
nvram_set: wifi_psk_pwd12 = ""
sem_get: Key: 410f01c6
sem_get: Key: 410f01c6
[   20.673424] firmadyne: sys_socket[PID: 109 (klogd)]: family:1, type:1, protocol:0
[   20.674938] firmadyne: sys_socket[PID: 109 (klogd)]: family:1, type:2, protocol:0
nvram_set: wifi_psk_pwd13 = ""
sem_get: Key: 410f01c6
sem_get: Key: 410f01c6
nvram_set: wifi_psk_pwd14 = ""
sem_get: Key: 410f01c6
sem_get: Key: 410f01c6
[   20.697429] firmadyne: sys_socket[PID: 109 (klogd)]: family:1, type:1, protocol:0
[   20.698978] firmadyne: sys_socket[PID: 109 (klogd)]: family:1, type:2, protocol:0
nvram_set: wifi_access_control1 = "0"
sem_get: Key: 410f01c6
sem_get: Key: 410f01c6
nvram_set: wifi_access_list1 = ""
sem_get: Key: 410f01c6
sem_get[   20.721463] firmadyne: sys_socket[PID: 109 (klogd)]: family:1, type:1, protocol:0
[   20.723170] firmadyne: sys_socket[PID: 109 (klogd)]: family:1, type:2, protocol:0
: Key: 410f01c6
nvram_set: wifi_if_on1 = "1"
sem_get: Key: 410f01c6
sem_get: Key: 410f01c6
nvram_set: wifi_if_on12 = "0"
sem_get: Key: [   20.745690] firmadyne: sys_socket[PID: 109 (klogd)]: family:1, type:1, protocol:0
[   20.747241] firmadyne: sys_socket[PID: 109 (klogd)]: family:1, type:2, protocol:0
410f01c6
sem_get: Key: 410f01c6
nvram_set: wifi_if_on13 = "0"
sem_get: Key: 410f01c6
sem_get: Key: 410f01c6
nvram_set: wifi_if_on14 = "[   20.769437] firmadyne: sys_socket[PID: 109 (klogd)]: family:1, type:1, protocol:0
[   20.771003] firmadyne: sys_socket[PID: 109 (klogd)]: family:1, type:2, protocol:0
0"
sem_get: Key: 410f01c6
sem_get: Key: 410f01c6
nvram_set: wifi_broadcast_ssid1 = "1"
sem_get: Key: 410f01c6
sem_get: Key: 410f01c6
[   20.793440] firmadyne: sys_socket[PID: 109 (klogd)]: family:1, type:1, protocol:0
[   20.794961] firmadyne: sys_socket[PID: 109 (klogd)]: family:1, type:2, protocol:0
nvram_set: wifi_broadcast_ssid12 = "1"
sem_get: Key: 410f01c6
sem_get: Key: 410f01c6
nvram_set: wifi_broadcast_ssid13 = "1"
sem_get: Key: 410f01c6
[   20.817511] firmadyne: sys_socket[PID: 109 (klogd)]: family:1, type:1, protocol:0
[   20.819069] firmadyne: sys_socket[PID: 109 (klogd)]: family:1, type:2, protocol:0
sem_get: Key: 410f01c6
nvram_set: wifi_broadcast_ssid14 = "1"
sem_get: Key: 410f01c6
sem_get: Key: 410f01c6
nvram_set: wifi_allow_guest12 = "[   20.841718] firmadyne: sys_socket[PID: 109 (klogd)]: family:1, type:1, protocol:0
[   20.843293] firmadyne: sys_socket[PID: 109 (klogd)]: family:1, type:2, protocol:0
0"
sem_get: Key: 410f01c6
sem_get: Key: 410f01c6
nvram_set: wifi_allow_guest13 = "0"
sem_get: Key: 410f01c6
sem_get: Key: 410f01c6
[   20.865444] firmadyne: sys_socket[PID: 109 (klogd)]: family:1, type:1, protocol:0
[   20.866990] firmadyne: sys_socket[PID: 109 (klogd)]: family:1, type:2, protocol:0
nvram_set: wifi_allow_guest14 = "0"
sem_get: Key: 410f01c6
sem_get: Key: 410f01c6
nvram_set: wifi_wep_on1 = "0"
sem_get: Key: 410f01c6
sem_get[   20.889759] firmadyne: sys_socket[PID: 109 (klogd)]: family:1, type:1, protocol:0
[   20.891359] firmadyne: sys_socket[PID: 109 (klogd)]: family:1, type:2, protocol:0
: Key: 410f01c6
nvram_set: wifi_wep_on12 = "0"
sem_get: Key: 410f01c6
sem_get: Key: 410f01c6
nvram_set: wifi_wep_on13 = "0"
sem_get: Key: 410f01c6
sem_get: Key: [   20.917643] firmadyne: sys_socket[PID: 109 (klogd)]: family:1, type:1, protocol:0
[   20.919230] firmadyne: sys_socket[PID: 109 (klogd)]: family:1, type:2, protocol:0
410f01c6
nvram_set: wifi_wep_on14 = "0"
sem_get: Key: 410f01c6
sem_get: Key: 410f01c6
nvram_set: wifi_dot11_mode1 = "8"
[   20.941653] firmadyne: sys_socket[PID: 109 (klogd)]: family:1, type:1, protocol:0
[   20.943216] firmadyne: sys_socket[PID: 109 (klogd)]: family:1, type:2, protocol:0
sem_get: Key: 410f01c6
sem_get: Key: 410f01c6
nvram_set: wifi_dot11_iso2 = "0"
sem_get: Key: 410f01c6
sem_get: Key: 410f01c6
[   20.965429] firmadyne: sys_socket[PID: 109 (klogd)]: family:1, type:1, protocol:0
[   20.966978] firmadyne: sys_socket[PID: 109 (klogd)]: family:1, type:2, protocol:0
nvram_set: wifi_radius_port1 = "1812"
sem_get: Key: 410f01c6
sem_get: Key: 410f01c6
nvram_set: wifi_radius_rekey_secs = "3600"
sem_get: Key: 410f01c6
sem_get[   20.989733] firmadyne: sys_socket[PID: 109 (klogd)]: family:1, type:1, protocol:0
[   20.991318] firmadyne: sys_socket[PID: 109 (klogd)]: family:1, type:2, protocol:0
: Key: 410f01c6
nvram_set: wifi_radius_rekey_secs1 = "3600"
sem_get: Key: 410f01c6
sem_get: Key: 410f01c6
nvram_set: wifi_wds1 = "0"
sem_get[   21.013764] firmadyne: sys_socket[PID: 109 (klogd)]: family:1, type:1, protocol:0
[   21.015316] firmadyne: sys_socket[PID: 109 (klogd)]: family:1, type:2, protocol:0
: Key: 410f01c6
sem_get: Key: 410f01c6
nvram_set: wifi_wds_apmode1 = "point"
sem_get: Key: 410f01c6
sem_get: Key: 410f01c6
[   21.037427] firmadyne: sys_socket[PID: 109 (klogd)]: family:1, type:1, protocol:0
[   21.038990] firmadyne: sys_socket[PID: 109 (klogd)]: family:1, type:2, protocol:0
nvram_set: wifi_wds_bridge0mac1 = ""
sem_get: Key: 410f01c6
sem_get: Key: 410f01c6
nvram_set: wifi_wds_bridge1mac1 = ""
sem_get: Key: 410f01c6
sem_get: Key: 410f01c6
[   21.061474] firmadyne: sys_socket[PID: 109 (klogd)]: family:1, type:1, protocol:0
[   21.063056] firmadyne: sys_socket[PID: 109 (klogd)]: family:1, type:2, protocol:0
nvram_set: wifi_wds_bridge2mac1 = ""
sem_get: Key: 410f01c6
sem_get: Key: 410f01c6
nvram_set: wifi_wds_bridge3mac1 = ""
sem_get: Key: 410f01c6
[   21.085668] firmadyne: sys_socket[PID: 109 (klogd)]: family:1, type:1, protocol:0
[   21.087248] firmadyne: sys_socket[PID: 109 (klogd)]: family:1, type:2, protocol:0
sem_get: Key: 410f01c6
nvram_set: wifi_wds_bridge4mac1 = ""
sem_get: Key: 410f01c6
sem_get: Key: 410f01c6
nvram_set: wifi_wds_repeater1mac1 = ""
sem_get: Key: 410f01c6
sem_get: Key: 410f01c6
nvram_set: wifi_wds_repeater2mac1 = ""
sem_get: Key: 410f01c6
sem_get: Key: 410f01c6
nvram_set: wifi_wds_repeater3mac1 = ""
sem_get: Key: 410f01c6
sem_get: Key: 410f01c6
nvram_set: wifi_wds_repeater4mac1 = ""
sem_get: Key: 410f01c6
sem_get: Key: 410f01c6
nvram_set: wifi_band = "2"
[   21.193866] firmadyne: sys_socket[PID: 109 (klogd)]: family:1, type:1, protocol:0
[   21.195448] firmadyne: sys_socket[PID: 109 (klogd)]: family:1, type:2, protocol:0
sem_get: Key: 410f01c6
sem_get: Key: 410f01c6
nvram_set: wifi_band1 = "2"
sem_get: Key: 410f01c6
sem_get: Key: 410f01c6
[   21.217435] firmadyne: sys_socket[PID: 109 (klogd)]: family:1, type:1, protocol:0
