[    0.000000] Linux version 4.1.17+ (alessio@pc) (gcc version 5.5.0 20171010 (Ubuntu 5.5.0-12ubuntu1) ) #1 Mon May 15 23:04:08 CEST 2023
[    0.000000] earlycon: Early serial console at I/O port 0x3f8 (options '38400n8')
[    0.000000] bootconsole [uart0] enabled
[    0.000000] CPU0 revision is: 00019300 (MIPS 24Kc)
[    0.000000] FPU revision is: 00739300
[    0.000000] Software DMA cache coherency enabled
[    0.000000] Determined physical RAM map:
[    0.000000]  memory: 00001000 @ 00000000 (reserved)
[    0.000000]  memory: 000ef000 @ 00001000 (ROM data)
[    0.000000]  memory: 00798000 @ 000f0000 (reserved)
[    0.000000]  memory: 0f777000 @ 00888000 (usable)
[    0.000000] debug: ignoring loglevel setting.
[    0.000000] Wasting 69888 bytes for tracking 2184 unused pages
[    0.000000] Initrd not found or empty - disabling initrd
[    0.000000] Zone ranges:
[    0.000000]   DMA      [mem 0x0000000000000000-0x0000000000ffffff]
[    0.000000]   Normal   [mem 0x0000000001000000-0x000000000fffefff]
[    0.000000] Movable zone start for each node
[    0.000000] Early memory node ranges
[    0.000000]   node   0: [mem 0x0000000000000000-0x000000000fffefff]
[    0.000000] Initmem setup node 0 [mem 0x0000000000000000-0x000000000fffefff]
[    0.000000] On node 0 totalpages: 65535
[    0.000000] free_area_init_node: node 0, pgdat 8081d5b0, node_mem_map 81000000
[    0.000000]   DMA zone: 32 pages used for memmap
[    0.000000]   DMA zone: 0 pages reserved
[    0.000000]   DMA zone: 4096 pages, LIFO batch:0
[    0.000000]   Normal zone: 480 pages used for memmap
[    0.000000]   Normal zone: 61439 pages, LIFO batch:15
[    0.000000] Primary instruction cache 2kB, VIPT, 2-way, linesize 16 bytes.
[    0.000000] Primary data cache 2kB, 2-way, VIPT, no aliases, linesize 16 bytes
[    0.000000] pcpu-alloc: s0 r0 d32768 u32768 alloc=1*32768
[    0.000000] pcpu-alloc: [0] 0 
[    0.000000] Built 1 zonelists in Zone order, mobility grouping on.  Total pages: 65023
[    0.000000] Kernel command line: root=/dev/sda1 console=ttyS0 nandsim.parts=64,64,64,64,64,64,64,64,64,64 rdinit=/firmadyne/preInit.sh rw debug ignore_loglevel print-fatal-signals=1 FIRMAE_NET=true FIRMAE_NVRAM=true FIRMAE_KERNEL=true FIRMAE_ETC=true user_debug=0 firmadyne.syscall=1 noka
[    0.000000] found FIRMAE_KERNEL=t
[    0.000000] set the LD_PRELOAD=/firmadyne/libnvram_ioctl.so
[    0.000000] PID hash table entries: 1024 (order: 0, 4096 bytes)
[    0.000000] Dentry cache hash table entries: 32768 (order: 5, 131072 bytes)
[    0.000000] Inode-cache hash table entries: 16384 (order: 4, 65536 bytes)
[    0.000000] Writing ErrCtl register=00000000
[    0.000000] Readback ErrCtl register=00000000
[    0.000000] Memory: 251112K/262140K available (5360K kernel code, 244K rwdata, 1676K rodata, 260K init, 158K bss, 11028K reserved, 0K cma-reserved)
[    0.000000] NR_IRQS:256
[    0.000000] CPU frequency 200.01 MHz
[    0.000000] clocksource MIPS: mask: 0xffffffff max_cycles: 0xffffffff, max_idle_ns: 19112074875 ns
[    0.000213] sched_clock: 32 bits at 100MHz, resolution 9ns, wraps every 21474241531ns
[    0.015967] Console: colour dummy device 80x25
[    0.017094] Calibrating delay loop... 23.93 BogoMIPS (lpj=47872)
[    0.077446] pid_max: default: 32768 minimum: 301
[    0.081987] Mount-cache hash table entries: 1024 (order: 0, 4096 bytes)
[    0.082534] Mountpoint-cache hash table entries: 1024 (order: 0, 4096 bytes)
[    0.151313] clocksource jiffies: mask: 0xffffffff max_cycles: 0xffffffff, max_idle_ns: 7645041785100000 ns
[    0.162729] NET: Registered protocol family 16
[    0.458832] clocksource pit: mask: 0xffffffff max_cycles: 0xffffffff, max_idle_ns: 1601818034827 ns
[    0.622121] vgaarb: loaded
[    0.628195] SCSI subsystem initialized
[    0.630897] libata version 3.00 loaded.
[    0.635538] usbcore: registered new interface driver usbfs
[    0.636998] usbcore: registered new interface driver hub
[    0.638330] usbcore: registered new device driver usb
[    0.641184] pps_core: LinuxPPS API ver. 1 registered
[    0.641800] pps_core: Software ver. 5.3.6 - Copyright 2005-2007 Rodolfo Giometti <giometti@linux.it>
[    0.642862] PTP clock support registered
[    0.648106] PCI host bridge to bus 0000:00
[    0.648905] pci_bus 0000:00: root bus resource [mem 0x10000000-0x17ffffff]
[    0.649570] pci_bus 0000:00: root bus resource [io  0x1000-0x1fffff]
[    0.650410] pci_bus 0000:00: root bus resource [??? 0x00000000 flags 0x0]
[    0.651011] pci_bus 0000:00: No busn resource found for root bus, will use [bus 00-ff]
[    0.652335] pci 0000:00:00.0: [11ab:4620] type 00 class 0x060000
[    0.653274] pci 0000:00:00.0: [Firmware Bug]: reg 0x14: invalid BAR (can't size)
[    0.653876] pci 0000:00:00.0: [Firmware Bug]: reg 0x18: invalid BAR (can't size)
[    0.654659] pci 0000:00:00.0: [Firmware Bug]: reg 0x1c: invalid BAR (can't size)
[    0.655262] pci 0000:00:00.0: [Firmware Bug]: reg 0x20: invalid BAR (can't size)
[    0.655870] pci 0000:00:00.0: [Firmware Bug]: reg 0x24: invalid BAR (can't size)
[    0.660212] pci 0000:00:0a.0: [8086:7110] type 00 class 0x060100
[    0.663968] pci 0000:00:0a.1: [8086:7111] type 00 class 0x010180
[    0.664768] pci 0000:00:0a.1: reg 0x20: [io  0x0000-0x000f]
[    0.665385] pci 0000:00:0a.1: legacy IDE quirk: reg 0x10: [io  0x01f0-0x01f7]
[    0.665971] pci 0000:00:0a.1: legacy IDE quirk: reg 0x14: [io  0x03f6]
[    0.666553] pci 0000:00:0a.1: legacy IDE quirk: reg 0x18: [io  0x0170-0x0177]
[    0.667333] pci 0000:00:0a.1: legacy IDE quirk: reg 0x1c: [io  0x0376]
[    0.670669] pci 0000:00:0a.2: [8086:7112] type 00 class 0x0c0300
[    0.671534] pci 0000:00:0a.2: reg 0x20: [io  0x0000-0x001f]
[    0.674851] pci 0000:00:0a.3: [8086:7113] type 00 class 0x068000
[    0.676436] pci 0000:00:0a.3: quirk: [io  0x1000-0x103f] claimed by PIIX4 ACPI
[    0.677077] pci 0000:00:0a.3: quirk: [io  0x1100-0x110f] claimed by PIIX4 SMB
[    0.680593] pci 0000:00:12.0: [1013:00b8] type 00 class 0x030000
[    0.681226] pci 0000:00:12.0: reg 0x10: [mem 0x00000000-0x01ffffff pref]
[    0.681826] pci 0000:00:12.0: reg 0x14: [mem 0x00000000-0x00000fff]
[    0.682488] pci 0000:00:12.0: reg 0x30: [mem 0x00000000-0x0000ffff pref]
[    0.685476] vgaarb: device added: PCI:0000:00:12.0,decodes=io+mem,owns=none,locks=none
[    0.686758] pci 0000:00:13.0: [8086:100e] type 00 class 0x020000
[    0.687394] pci 0000:00:13.0: reg 0x10: [mem 0x00000000-0x0001ffff]
[    0.688134] pci 0000:00:13.0: reg 0x14: [io  0x0000-0x003f]
[    0.688771] pci 0000:00:13.0: reg 0x30: [mem 0x00000000-0x0003ffff pref]
[    0.691891] pci 0000:00:14.0: [8086:100e] type 00 class 0x020000
[    0.692660] pci 0000:00:14.0: reg 0x10: [mem 0x00000000-0x0001ffff]
[    0.693225] pci 0000:00:14.0: reg 0x14: [io  0x0000-0x003f]
[    0.693852] pci 0000:00:14.0: reg 0x30: [mem 0x00000000-0x0003ffff pref]
[    0.697275] pci 0000:00:15.0: [8086:100e] type 00 class 0x020000
[    0.697891] pci 0000:00:15.0: reg 0x10: [mem 0x00000000-0x0001ffff]
[    0.698466] pci 0000:00:15.0: reg 0x14: [io  0x0000-0x003f]
[    0.699101] pci 0000:00:15.0: reg 0x30: [mem 0x00000000-0x0003ffff pref]
[    0.702394] pci 0000:00:16.0: [8086:100e] type 00 class 0x020000
[    0.703008] pci 0000:00:16.0: reg 0x10: [mem 0x00000000-0x0001ffff]
[    0.703573] pci 0000:00:16.0: reg 0x14: [io  0x0000-0x003f]
[    0.704205] pci 0000:00:16.0: reg 0x30: [mem 0x00000000-0x0003ffff pref]
[    0.707752] pci_bus 0000:00: busn_res: [bus 00-ff] end is updated to 00
[    0.709541] pci 0000:00:12.0: BAR 0: assigned [mem 0x10000000-0x11ffffff pref]
[    0.710331] pci 0000:00:13.0: BAR 6: assigned [mem 0x12000000-0x1203ffff pref]
[    0.711018] pci 0000:00:14.0: BAR 6: assigned [mem 0x12040000-0x1207ffff pref]
[    0.711675] pci 0000:00:15.0: BAR 6: assigned [mem 0x12080000-0x120bffff pref]
[    0.712329] pci 0000:00:16.0: BAR 6: assigned [mem 0x120c0000-0x120fffff pref]
[    0.712991] pci 0000:00:13.0: BAR 0: assigned [mem 0x12100000-0x1211ffff]
[    0.713769] pci 0000:00:14.0: BAR 0: assigned [mem 0x12120000-0x1213ffff]
[    0.714408] pci 0000:00:15.0: BAR 0: assigned [mem 0x12140000-0x1215ffff]
[    0.715049] pci 0000:00:16.0: BAR 0: assigned [mem 0x12160000-0x1217ffff]
[    0.715698] pci 0000:00:12.0: BAR 6: assigned [mem 0x12180000-0x1218ffff pref]
[    0.716352] pci 0000:00:12.0: BAR 1: assigned [mem 0x12190000-0x12190fff]
[    0.716984] pci 0000:00:13.0: BAR 1: assigned [io  0x1040-0x107f]
[    0.717759] pci 0000:00:14.0: BAR 1: assigned [io  0x1080-0x10bf]
[    0.718350] pci 0000:00:15.0: BAR 1: assigned [io  0x10c0-0x10ff]
[    0.718941] pci 0000:00:16.0: BAR 1: assigned [io  0x1400-0x143f]
[    0.719532] pci 0000:00:0a.2: BAR 4: assigned [io  0x1440-0x145f]
[    0.720125] pci 0000:00:0a.1: BAR 4: assigned [io  0x1460-0x146f]
[    0.738697] cfg80211: Calling CRDA to update world regulatory domain
[    0.752991] Switched to clocksource MIPS
[    0.874571] NET: Registered protocol family 2
[    0.887534] TCP established hash table entries: 2048 (order: 1, 8192 bytes)
[    0.888772] TCP bind hash table entries: 2048 (order: 1, 8192 bytes)
[    0.890138] TCP: Hash tables configured (established 2048 bind 2048)
[    0.891266] UDP hash table entries: 256 (order: 0, 4096 bytes)
[    0.891984] UDP-Lite hash table entries: 256 (order: 0, 4096 bytes)
[    0.896252] NET: Registered protocol family 1
[    0.898155] PCI: Enabling device 0000:00:0a.2 (0000 -> 0001)
[    0.899710] PCI: CLS 0 bytes, default 16
[    0.934724] futex hash table entries: 256 (order: -1, 3072 bytes)
[    0.952574] squashfs: version 4.0 (2009/01/31) Phillip Lougher
[    0.955424] jffs2: version 2.2. (NAND) Â© 2001-2006 Red Hat, Inc.
[    0.959222] romfs: ROMFS MTD (C) 2007 Red Hat, Inc.
[    0.992784] Block layer SCSI generic (bsg) driver version 0.4 loaded (major 251)
[    0.993820] io scheduler noop registered
[    0.994641] io scheduler cfq registered (default)
[    0.995750] firmadyne: devfs: 1, execute: 1, procfs: 1, syscall: 1
[    1.002112] firmadyne: Cannot register character device: gpio, 0xfc, 0x0!
[    1.011199] firmadyne: Cannot register character device: watchdog, 0xa, 0x82!
[    1.011718] firmadyne: Cannot register character device: wdt, 0xfd, 0x0!
[    2.836633] strName = 4.1.17+
[    2.836633] init_task_addr  = 2155778944
[    2.836633] init_task_size  = 1296
[    2.836633] ts_tasks        = 292
[    2.836633] ts_pid          = 408
[    2.836633] ts_tgid         = 412
[    2.836633] ts_group_leader = 440
[    2.836633] ts_thread_group = 496
[    2.836633] ts_real_parent  = 416
[    2.836633] ts_mm           = 300
[    2.836633] ts_stack        = 4
[    2.839461] module_name   = 12
[    2.839461] module_size   = 208
[    2.839461] module_init   = 200
[    2.839461] module_list   = 4
[    2.840425] ts_real_cred    = 624
[    2.840425] ts_cred         = 628
[    2.840425] ts_comm         = 632
[    2.840425] cred_uid        = 4
[    2.840425] cred_gid        = 8
[    2.840425] cred_euid       = 20
[    2.840425] cred_egid       = 24
[    2.842258] mm_mmap         = 0
[    2.842258] mm_pgd          = 32
[    2.842258] mm_arg_start    = 136
[    2.842258] mm_start_brk    = 124
[    2.842258] mm_brk          = 128
[    2.842258] mm_start_stack  = 132
[    2.843617] vma_vm_start    = 0
[    2.843617] vma_vm_end      = 4
[    2.843617] vma_vm_next     = 8
[    2.843617] vma_vm_file     = 80
[    2.843617] vma_vm_flags    = 40
[    2.843617] vma_vm_pgoff    = 76
[    2.845007] file_dentry     = 12
[    2.845007] file_inode      = 40
[    2.845007] dentry_d_name   = 24
[    2.845007] dentry_d_iname  = 44
[    2.845007] dentry_d_parent = 16
[    2.845007] ti_task         = 0
[    2.845007] inode_ino   = 28
[    3.983990] proc_fork_connector  = 2151078840
[    3.984392] proc_exit_connector  = 2151080432
[    3.984753] proc_exec_connector  = 2151079052
[    3.985287] vma_link  = 2149124372
[    3.985591] vma_adjust  = 2149124540
[    3.985897] remove_vma  = 2149122188
[    3.986208] modules  = 2155833724
[    3.986507] trim_init_extable  = 2150545316
[    3.987840] cfg80211: Calling CRDA to update world regulatory domain
[    3.991647] PCI: Enabling device 0000:00:12.0 (0000 -> 0002)
[    3.992999] cirrusfb 0000:00:12.0: Cirrus Logic chipset on PCI bus, RAM (4096 kB) at 0x10000000
[    4.234247] Console: switching to colour frame buffer device 80x30
[    4.309552] Serial: 8250/16550 driver, 4 ports, IRQ sharing enabled
[    4.325342] console [ttyS0] disabled
[    4.351824] serial8250.0: ttyS0 at I/O 0x3f8 (irq = 4, base_baud = 115200) is a 16550A
[    4.353269] console [ttyS0] enabled
[    4.353269] console [ttyS0] enabled
[    4.353878] bootconsole [uart0] disabled
[    4.353878] bootconsole [uart0] disabled
[    4.383962] serial8250.0: ttyS1 at I/O 0x2f8 (irq = 3, base_baud = 115200) is a 16550A
[    4.516538] brd: module loaded
[    4.585952] loop: module loaded
[    4.593268] ata_piix 0000:00:0a.1: version 2.13
[    4.593892] PCI: Enabling device 0000:00:0a.1 (0000 -> 0001)
[    4.622971] scsi host0: ata_piix
[    4.629255] scsi host1: ata_piix
[    4.633482] ata1: PATA max UDMA/33 cmd 0x1f0 ctl 0x3f6 bmdma 0x1460 irq 14
[    4.634053] ata2: PATA max UDMA/33 cmd 0x170 ctl 0x376 bmdma 0x1468 irq 15
[    4.641444] [nandsim] warning: read_byte: unexpected data output cycle, state is STATE_READY return 0x0
[    4.642096] [nandsim] warning: read_byte: unexpected data output cycle, state is STATE_READY return 0x0
[    4.642712] [nandsim] warning: read_byte: unexpected data output cycle, state is STATE_READY return 0x0
[    4.643336] [nandsim] warning: read_byte: unexpected data output cycle, state is STATE_READY return 0x0
[    4.643950] [nandsim] warning: read_byte: unexpected data output cycle, state is STATE_READY return 0x0
[    4.644582] [nandsim] warning: read_byte: unexpected data output cycle, state is STATE_READY return 0x0
[    4.645651] nand: device found, Manufacturer ID: 0x98, Chip ID: 0x39
[    4.646153] nand: Toshiba NAND 128MiB 1,8V 8-bit
[    4.646613] nand: 128 MiB, SLC, erase size: 16 KiB, page size: 512, OOB size: 16
[    4.648536] flash size: 128 MiB
[    4.648865] page size: 512 bytes
[    4.649330] OOB area size: 16 bytes
[    4.649637] sector size: 16 KiB
[    4.649929] pages number: 262144
[    4.650222] pages per sector: 32
[    4.650511] bus width: 8
[    4.650776] bits in sector size: 14
[    4.651083] bits in page size: 9
[    4.651380] bits in OOB size: 4
[    4.651674] flash size with OOB: 135168 KiB
[    4.652016] page address bytes: 4
[    4.652310] sector address bytes: 3
[    4.652612] options: 0x42
[    4.746081] Scanning device for bad blocks
[    6.101517] ata2.01: NODEV after polling detection
[    6.102370] ata1.01: NODEV after polling detection
[    6.104232] ata2.00: ATAPI: QEMU DVD-ROM, 2.5+, max UDMA/100
[    6.107423] ata1.00: ATA-7: QEMU HARDDISK, 2.5+, max UDMA/100
[    6.107937] ata1.00: 2097152 sectors, multi 16: LBA48 
[    6.114206] ata2.00: configured for UDMA/33
[    6.116452] ata1.00: configured for UDMA/33
[    6.127043] scsi 0:0:0:0: Direct-Access     ATA      QEMU HARDDISK    2.5+ PQ: 0 ANSI: 5
[    6.145672] sd 0:0:0:0: [sda] 2097152 512-byte logical blocks: (1.07 GB/1.00 GiB)
[    6.147425] scsi 1:0:0:0: CD-ROM            QEMU     QEMU DVD-ROM     2.5+ PQ: 0 ANSI: 5
[    6.162499] sd 0:0:0:0: [sda] Write Protect is off
[    6.163065] sd 0:0:0:0: [sda] Mode Sense: 00 3a 00 00
[    6.164693] sd 0:0:0:0: [sda] Write cache: enabled, read cache: enabled, doesn't support DPO or FUA
[    6.177567]  sda: sda1
[    6.191136] sd 0:0:0:0: [sda] Attached SCSI disk
[    6.191744] Creating 11 MTD partitions on "NAND 128MiB 1,8V 8-bit":
[    6.192449] 0x000000000000-0x000000100000 : "NAND simulator partition 0"
[    6.205275] 0x000000100000-0x000000200000 : "NAND simulator partition 1"
[    6.216911] 0x000000200000-0x000000300000 : "NAND simulator partition 2"
[    6.229212] 0x000000300000-0x000000400000 : "NAND simulator partition 3"
[    6.241186] 0x000000400000-0x000000500000 : "NAND simulator partition 4"
[    6.253222] 0x000000500000-0x000000600000 : "NAND simulator partition 5"
[    6.265559] 0x000000600000-0x000000700000 : "NAND simulator partition 6"
[    6.278013] 0x000000700000-0x000000800000 : "NAND simulator partition 7"
[    6.290850] 0x000000800000-0x000000900000 : "NAND simulator partition 8"
[    6.302719] 0x000000900000-0x000000a00000 : "NAND simulator partition 9"
[    6.314536] 0x000000a00000-0x000008000000 : "NAND simulator partition 10"
[    6.365586] tun: Universal TUN/TAP device driver, 1.6
[    6.366001] tun: (C) 1999-2004 Max Krasnyansky <maxk@qualcomm.com>
[    6.370306] pcnet32: pcnet32.c:v1.35 21.Apr.2008 tsbogend@alpha.franken.de
[    6.371796] e1000: Intel(R) PRO/1000 Network Driver - version 7.3.21-k8-NAPI
[    6.372286] e1000: Copyright (c) 1999-2006 Intel Corporation.
[    6.373507] PCI: Enabling device 0000:00:13.0 (0000 -> 0003)
[    6.688952] e1000 0000:00:13.0 eth0: (PCI:33MHz:32-bit) 52:54:00:12:34:56
[    6.689996] e1000 0000:00:13.0 eth0: Intel(R) PRO/1000 Network Connection
[    6.690844] PCI: Enabling device 0000:00:14.0 (0000 -> 0003)
[    6.997353] e1000 0000:00:14.0 eth1: (PCI:33MHz:32-bit) 52:54:00:12:34:57
[    6.997958] e1000 0000:00:14.0 eth1: Intel(R) PRO/1000 Network Connection
[    6.998732] PCI: Enabling device 0000:00:15.0 (0000 -> 0003)
[    7.262110] cfg80211: Calling CRDA to update world regulatory domain
[    7.314490] e1000 0000:00:15.0 eth2: (PCI:33MHz:32-bit) 52:54:00:12:34:58
[    7.315130] e1000 0000:00:15.0 eth2: Intel(R) PRO/1000 Network Connection
[    7.315951] PCI: Enabling device 0000:00:16.0 (0000 -> 0003)
[    7.665439] e1000 0000:00:16.0 eth3: (PCI:33MHz:32-bit) 52:54:00:12:34:59
[    7.666072] e1000 0000:00:16.0 eth3: Intel(R) PRO/1000 Network Connection
[    7.667739] e1000e: Intel(R) PRO/1000 Network Driver - 2.3.2-k
[    7.668196] e1000e: Copyright(c) 1999 - 2014 Intel Corporation.
[    7.673844] PPP generic driver version 2.4.2
[    7.676400] PPP Deflate Compression module registered
[    7.677332] PPP MPPE Compression module registered
[    7.677845] NET: Registered protocol family 24
[    7.678703] ehci_hcd: USB 2.0 'Enhanced' Host Controller (EHCI) Driver
[    7.679301] ehci-pci: EHCI PCI platform driver
[    7.680686] ohci_hcd: USB 1.1 'Open' Host Controller (OHCI) Driver
[    7.681460] ohci-pci: OHCI PCI platform driver
[    7.682832] uhci_hcd: USB Universal Host Controller Interface driver
[    7.684702] uhci_hcd 0000:00:0a.2: UHCI Host Controller
[    7.685823] uhci_hcd 0000:00:0a.2: new USB bus registered, assigned bus number 1
[    7.687038] uhci_hcd 0000:00:0a.2: irq 11, io base 0x00001440
[    7.700608] hub 1-0:1.0: USB hub found
[    7.701666] hub 1-0:1.0: 2 ports detected
[    7.713565] usbcore: registered new interface driver usb-storage
[    7.718772] mousedev: PS/2 mouse device common for all mice
[    7.726558] rtc_cmos rtc_cmos: rtc core: registered rtc_cmos as rtc0
[    7.727482] rtc_cmos rtc_cmos: alarms up to one day, 242 bytes nvram
[    7.729365] i2c /dev entries driver
[    7.730852] piix4_smbus 0000:00:0a.3: SMBus Host Controller at 0x1100, revision 0
[    7.736457] sdhci: Secure Digital Host Controller Interface driver
[    7.737102] sdhci: Copyright(c) Pierre Ossman
[    7.739928] hidraw: raw HID events driver (C) Jiri Kosina
[    7.763288] usbcore: registered new interface driver usbhid
[    7.763731] usbhid: USB HID core driver
[    7.765274] Netfilter messages via NETLINK v0.30.
[    7.767021] nf_conntrack version 0.5.0 (3923 buckets, 15692 max)
[    7.771339] ctnetlink v0.93: registering with nfnetlink.
[    7.778838] ipip: IPv4 over IPv4 tunneling driver
[    7.794924] ip_tables: (C) 2000-2006 Netfilter Core Team
[    7.798555] arp_tables: (C) 2002 David S. Miller
[    7.800759] Initializing XFRM netlink socket
[    7.802357] NET: Registered protocol family 10
[    7.830172] ip6_tables: (C) 2000-2006 Netfilter Core Team
[    7.834761] sit: IPv6 over IPv4 tunneling driver
[    7.855932] NET: Registered protocol family 17
[    7.857200] bridge: automatic filtering via arp/ip/ip6tables has been deprecated. Update your scripts to load br_netfilter if you need this.
[    7.858515] Bridge firewalling registered
[    7.859009] Ebtables v2.0 registered
[    7.861817] 8021q: 802.1Q VLAN Support v1.8
[    7.888255] rtc_cmos rtc_cmos: setting system clock to 2025-07-23 05:11:01 UTC (1753247461)
[    7.914724] EXT2-fs (sda1): warning: mounting unchecked fs, running e2fsck is recommended
[    7.917217] VFS: Mounted root (ext2 filesystem) on device 8:1.
[    7.928090] Freeing YAMON memory: 956k freed
[    7.941241] Freeing unused kernel memory: 260K (8081f000 - 80860000)
[    7.976580] firmadyne: sys_reboot[PID: 1 (init)]: magic1:fee1dead, magic2:28121969, cmd:0
init started: BusyBox v1.14.1 (2024-07-07 02:43:58 CEST)
starting pid 48, tty '': '/etc/init.d/rcS'
[    8.082790] firmadyne: do_execve: /firmadyne/console
[    8.083478] OFFSETS: offset of pid: 0x198 offset of comm: 0x278
[/etc/init.d/S03config.sh]
[    8.193300] spurious 8259A interrupt: IRQ7.
Mounting proc and var ...
[   10.405361] cfg80211: Calling CRDA to update world regulatory domain
SymbLink /dev/mtdblock/0
SymbLink /dev/mtdblock/1
SymbLink /dev/mtdblock/10
SymbLink /dev/mtdblock/2
SymbLink /dev/mtdblock/3
SymbLink /dev/mtdblock/4
SymbLink /dev/mtdblock/5
[   13.549374] cfg80211: Calling CRDA to update world regulatory domain
SymbLink /dev/mtdblock/6
SymbLink /dev/mtdblock/7
SymbLink /dev/mtdblock/8
SymbLink /dev/mtdblock/9
Inserting kernel modules ...
Inserting Rebootm ...
Inserting atheros ethernet ...
Inserting gpio ...
done.
Start xmldb ...
[   14.827296] firmadyne: sys_socket[PID: 147 (xmldb)]: family:1, type:2, protocol:0
[   15.819593] random: nonblocking pool is initialized
[/etc/scripts/misc/profile.sh] get ...
DEVCONF: unable to read config data (ret=-3) !
CAN NOT get devive config, generate default!
[/etc/scripts/misc/profile.sh] reset ...
[   16.358194] firmadyne: sys_socket[PID: 159 (rgdb)]: family:1, type:2, protocol:0
[/etc/scripts/misc/defnodes.sh] ...
[   16.693315] cfg80211: Calling CRDA to update world regulatory domain
[/etc/defnodes/S10setext.sh] ...
[   16.785988] firmadyne: sys_socket[PID: 166 (xmldbc)]: family:1, type:2, protocol:0
[   16.847233] firmadyne: sys_socket[PID: 167 (xmldbc)]: family:1, type:2, protocol:0
[   16.906543] firmadyne: sys_socket[PID: 168 (xmldbc)]: family:1, type:2, protocol:0
[   16.964898] firmadyne: sys_socket[PID: 169 (xmldbc)]: family:1, type:2, protocol:0
[   17.024396] firmadyne: sys_socket[PID: 170 (xmldbc)]: family:1, type:2, protocol:0
[   17.082769] firmadyne: sys_socket[PID: 171 (xmldbc)]: family:1, type:2, protocol:0
[   17.142911] firmadyne: sys_socket[PID: 172 (xmldbc)]: family:1, type:2, protocol:0
[   17.206165] firmadyne: sys_socket[PID: 173 (xmldbc)]: family:1, type:2, protocol:0
[   17.265477] firmadyne: sys_socket[PID: 174 (xmldbc)]: family:1, type:2, protocol:0
[   17.323543] firmadyne: sys_socket[PID: 175 (xmldbc)]: family:1, type:2, protocol:0
[   17.383029] firmadyne: sys_socket[PID: 176 (xmldbc)]: family:1, type:2, protocol:0
[   17.444874] firmadyne: sys_socket[PID: 177 (xmldbc)]: family:1, type:2, protocol:0
[   17.504342] firmadyne: sys_socket[PID: 178 (xmldbc)]: family:1, type:2, protocol:0
[   17.562707] firmadyne: sys_socket[PID: 179 (xmldbc)]: family:1, type:2, protocol:0
[   17.624928] firmadyne: sys_socket[PID: 180 (xmldbc)]: family:1, type:2, protocol:0
[   17.686236] firmadyne: sys_socket[PID: 181 (xmldbc)]: family:1, type:2, protocol:0
[   17.745856] firmadyne: sys_socket[PID: 182 (xmldbc)]: family:1, type:2, protocol:0
[   17.808244] firmadyne: sys_socket[PID: 183 (xmldbc)]: family:1, type:2, protocol:0
[   17.868238] firmadyne: sys_socket[PID: 184 (xmldbc)]: family:1, type:2, protocol:0
[   17.927682] firmadyne: sys_socket[PID: 185 (xmldbc)]: family:1, type:2, protocol:0
[   17.986428] firmadyne: sys_socket[PID: 186 (xmldbc)]: family:1, type:2, protocol:0
[   18.048828] firmadyne: sys_socket[PID: 187 (rgdb)]: family:1, type:2, protocol:0
[   18.109975] firmadyne: sys_socket[PID: 188 (rgdb)]: family:1, type:2, protocol:0
[   18.171989] firmadyne: sys_socket[PID: 189 (rgdb)]: family:1, type:2, protocol:0
[   18.234934] firmadyne: sys_socket[PID: 190 (rgdb)]: family:1, type:2, protocol:0
[   18.294952] firmadyne: sys_socket[PID: 191 (rgdb)]: family:1, type:2, protocol:0
[   18.355374] firmadyne: sys_socket[PID: 192 (rgdb)]: family:1, type:2, protocol:0
[   18.416256] firmadyne: sys_socket[PID: 193 (rgdb)]: family:1, type:2, protocol:0
[   18.474899] firmadyne: sys_socket[PID: 194 (rgdb)]: family:1, type:2, protocol:0
[   18.534142] firmadyne: sys_socket[PID: 195 (rgdb)]: family:1, type:2, protocol:0
[   18.593322] firmadyne: sys_socket[PID: 196 (rgdb)]: family:1, type:2, protocol:0
[   18.653811] firmadyne: sys_socket[PID: 197 (rgdb)]: family:1, type:2, protocol:0
[   18.713293] firmadyne: sys_socket[PID: 198 (rgdb)]: family:1, type:2, protocol:0
[   18.774624] firmadyne: sys_socket[PID: 199 (rgdb)]: family:1, type:2, protocol:0
[   18.835904] firmadyne: sys_socket[PID: 200 (rgdb)]: family:1, type:2, protocol:0
[   18.966944] firmadyne: sys_socket[PID: 202 (xmldbc)]: family:1, type:2, protocol:0
[   19.028357] firmadyne: sys_socket[PID: 203 (xmldbc)]: family:1, type:2, protocol:0
[   19.088685] firmadyne: sys_socket[PID: 204 (xmldbc)]: family:1, type:2, protocol:0
[   19.148762] firmadyne: sys_socket[PID: 205 (xmldbc)]: family:1, type:2, protocol:0
[   19.212509] firmadyne: sys_socket[PID: 206 (xmldbc)]: family:1, type:2, protocol:0
[   19.272995] firmadyne: sys_socket[PID: 207 (xmldbc)]: family:1, type:2, protocol:0
[   19.334072] firmadyne: sys_socket[PID: 208 (xmldbc)]: family:1, type:2, protocol:0
[   19.393808] firmadyne: sys_socket[PID: 209 (xmldbc)]: family:1, type:2, protocol:0
[   19.454696] firmadyne: sys_socket[PID: 210 (xmldbc)]: family:1, type:2, protocol:0
[   19.514170] firmadyne: sys_socket[PID: 211 (xmldbc)]: family:1, type:2, protocol:0
[   19.574449] firmadyne: sys_socket[PID: 212 (xmldbc)]: family:1, type:2, protocol:0
[   19.635860] firmadyne: sys_socket[PID: 213 (xmldbc)]: family:1, type:2, protocol:0
[   19.696416] firmadyne: sys_socket[PID: 214 (xmldbc)]: family:1, type:2, protocol:0
[   19.756819] firmadyne: sys_socket[PID: 215 (xmldbc)]: family:1, type:2, protocol:0
[   19.820647] firmadyne: sys_socket[PID: 216 (xmldbc)]: family:1, type:2, protocol:0
[   19.837440] cfg80211: Calling CRDA to update world regulatory domain
[   19.893512] firmadyne: sys_socket[PID: 217 (xmldbc)]: family:1, type:2, protocol:0
[   19.952718] firmadyne: sys_socket[PID: 219 (xmldbc)]: family:1, type:2, protocol:0
[   20.013328] firmadyne: sys_socket[PID: 220 (xmldbc)]: family:1, type:2, protocol:0
[   20.238655] firmadyne: sys_socket[PID: 225 (xmldbc)]: family:1, type:2, protocol:0
[   20.297541] firmadyne: sys_socket[PID: 226 (xmldbc)]: family:1, type:2, protocol:0
[   20.356350] firmadyne: sys_socket[PID: 227 (xmldbc)]: family:1, type:2, protocol:0
[   20.416411] firmadyne: sys_socket[PID: 228 (xmldbc)]: family:1, type:2, protocol:0
[   20.475992] firmadyne: sys_socket[PID: 229 (xmldbc)]: family:1, type:2, protocol:0
[   20.534746] firmadyne: sys_socket[PID: 230 (xmldbc)]: family:1, type:2, protocol:0
[   20.592890] firmadyne: sys_socket[PID: 231 (xmldbc)]: family:1, type:2, protocol:0
[   20.651646] firmadyne: sys_socket[PID: 232 (xmldbc)]: family:1, type:2, protocol:0
[   20.711304] firmadyne: sys_socket[PID: 233 (xmldbc)]: family:1, type:2, protocol:0
[   20.769508] firmadyne: sys_socket[PID: 234 (xmldbc)]: family:1, type:2, protocol:0
[   20.830105] firmadyne: sys_socket[PID: 235 (xmldbc)]: family:1, type:2, protocol:0
[   20.889544] firmadyne: sys_socket[PID: 236 (xmldbc)]: family:1, type:2, protocol:0
[   20.949520] firmadyne: sys_socket[PID: 237 (xmldbc)]: family:1, type:2, protocol:0
[   21.009606] firmadyne: sys_socket[PID: 238 (xmldbc)]: family:1, type:2, protocol:0
[   21.068622] firmadyne: sys_socket[PID: 239 (xmldbc)]: family:1, type:2, protocol:0
[   21.127646] firmadyne: sys_socket[PID: 240 (xmldbc)]: family:1, type:2, protocol:0
[   21.188036] firmadyne: sys_socket[PID: 241 (xmldbc)]: family:1, type:2, protocol:0
[   21.251536] firmadyne: sys_socket[PID: 242 (xmldbc)]: family:1, type:2, protocol:0
[   21.310410] firmadyne: sys_socket[PID: 243 (xmldbc)]: family:1, type:2, protocol:0
[   21.450389] firmadyne: sys_socket[PID: 247 (xmldbc)]: family:1, type:2, protocol:0
[   21.509626] firmadyne: sys_socket[PID: 248 (xmldbc)]: family:1, type:2, protocol:0
[   21.567549] firmadyne: sys_socket[PID: 249 (xmldbc)]: family:1, type:2, protocol:0
[   21.627846] firmadyne: sys_socket[PID: 250 (xmldbc)]: family:1, type:2, protocol:0
[   21.686813] firmadyne: sys_socket[PID: 251 (xmldbc)]: family:1, type:2, protocol:0
[   21.746080] firmadyne: sys_socket[PID: 252 (xmldbc)]: family:1, type:2, protocol:0
[   21.807979] firmadyne: sys_socket[PID: 253 (xmldbc)]: family:1, type:2, protocol:0
[   21.865896] firmadyne: sys_socket[PID: 254 (xmldbc)]: family:1, type:2, protocol:0
[   21.924236] firmadyne: sys_socket[PID: 255 (xmldbc)]: family:1, type:2, protocol:0
[   21.983360] firmadyne: sys_socket[PID: 256 (xmldbc)]: family:1, type:2, protocol:0
[   22.043847] firmadyne: sys_socket[PID: 257 (xmldbc)]: family:1, type:2, protocol:0
[   22.103643] firmadyne: sys_socket[PID: 258 (xmldbc)]: family:1, type:2, protocol:0
[   22.163233] firmadyne: sys_socket[PID: 259 (xmldbc)]: family:1, type:2, protocol:0
[   22.227190] firmadyne: sys_socket[PID: 260 (xmldbc)]: family:1, type:2, protocol:0
[   22.286178] firmadyne: sys_socket[PID: 261 (xmldbc)]: family:1, type:2, protocol:0
[   22.345426] firmadyne: sys_socket[PID: 262 (xmldbc)]: family:1, type:2, protocol:0
[   22.405871] firmadyne: sys_socket[PID: 263 (xmldbc)]: family:1, type:2, protocol:0
[   22.465417] firmadyne: sys_socket[PID: 264 (xmldbc)]: family:1, type:2, protocol:0
[   22.523378] firmadyne: sys_socket[PID: 265 (xmldbc)]: family:1, type:2, protocol:0
[   22.661602] firmadyne: sys_socket[PID: 269 (xmldbc)]: family:1, type:2, protocol:0
[   22.720656] firmadyne: sys_socket[PID: 270 (xmldbc)]: family:1, type:2, protocol:0
[   22.780480] firmadyne: sys_socket[PID: 271 (xmldbc)]: family:1, type:2, protocol:0
[   22.840533] firmadyne: sys_socket[PID: 272 (xmldbc)]: family:1, type:2, protocol:0
[   22.899195] firmadyne: sys_socket[PID: 273 (xmldbc)]: family:1, type:2, protocol:0
[   22.959315] firmadyne: sys_socket[PID: 274 (xmldbc)]: family:1, type:2, protocol:0
[   22.981499] cfg80211: Calling CRDA to update world regulatory domain
[   23.034627] firmadyne: sys_socket[PID: 275 (xmldbc)]: family:1, type:2, protocol:0
[   23.093628] firmadyne: sys_socket[PID: 277 (xmldbc)]: family:1, type:2, protocol:0
[   23.152990] firmadyne: sys_socket[PID: 278 (xmldbc)]: family:1, type:2, protocol:0
[   23.215086] firmadyne: sys_socket[PID: 279 (xmldbc)]: family:1, type:2, protocol:0
[   23.276678] firmadyne: sys_socket[PID: 280 (xmldbc)]: family:1, type:2, protocol:0
[   23.336862] firmadyne: sys_socket[PID: 281 (xmldbc)]: family:1, type:2, protocol:0
[   23.396824] firmadyne: sys_socket[PID: 282 (xmldbc)]: family:1, type:2, protocol:0
[   23.459150] firmadyne: sys_socket[PID: 283 (xmldbc)]: family:1, type:2, protocol:0
[   23.517871] firmadyne: sys_socket[PID: 284 (xmldbc)]: family:1, type:2, protocol:0
[   23.576542] firmadyne: sys_socket[PID: 285 (xmldbc)]: family:1, type:2, protocol:0
[   23.637383] firmadyne: sys_socket[PID: 286 (xmldbc)]: family:1, type:2, protocol:0
[   23.697495] firmadyne: sys_socket[PID: 287 (xmldbc)]: family:1, type:2, protocol:0
[   23.755308] firmadyne: sys_socket[PID: 288 (xmldbc)]: family:1, type:2, protocol:0
[   23.896961] firmadyne: sys_socket[PID: 292 (xmldbc)]: family:1, type:2, protocol:0
[   23.955448] firmadyne: sys_socket[PID: 293 (xmldbc)]: family:1, type:2, protocol:0
[   24.016134] firmadyne: sys_socket[PID: 294 (xmldbc)]: family:1, type:2, protocol:0
[   24.075052] firmadyne: sys_socket[PID: 295 (xmldbc)]: family:1, type:2, protocol:0
[   24.133860] firmadyne: sys_socket[PID: 296 (xmldbc)]: family:1, type:2, protocol:0
[   24.202683] firmadyne: sys_socket[PID: 297 (xmldbc)]: family:1, type:2, protocol:0
[   26.167819] cfg80211: Calling CRDA to update world regulatory domain
[   26.180408] firmadyne: sys_socket[PID: 298 (xmldbc)]: family:1, type:2, protocol:0
[   26.250716] firmadyne: sys_socket[PID: 300 (xmldbc)]: family:1, type:2, protocol:0
[   26.312929] firmadyne: sys_socket[PID: 301 (xmldbc)]: family:1, type:2, protocol:0
[   26.373842] firmadyne: sys_socket[PID: 302 (xmldbc)]: family:1, type:2, protocol:0
[   39.720088] cfg80211: Calling CRDA to update world regulatory domain
[   39.742174] firmadyne: sys_socket[PID: 303 (xmldbc)]: family:1, type:2, protocol:0
[   39.804760] firmadyne: sys_socket[PID: 305 (xmldbc)]: family:1, type:2, protocol:0
[   39.863351] firmadyne: sys_socket[PID: 306 (xmldbc)]: family:1, type:2, protocol:0
[   39.923852] firmadyne: sys_socket[PID: 307 (xmldbc)]: family:1, type:2, protocol:0
[   52.693965] cfg80211: Calling CRDA to update world regulatory domain
[   52.728121] firmadyne: sys_socket[PID: 308 (xmldbc)]: family:1, type:2, protocol:0
[   52.787431] firmadyne: sys_socket[PID: 310 (xmldbc)]: family:1, type:2, protocol:0
[   52.846368] firmadyne: sys_socket[PID: 311 (xmldbc)]: family:1, type:2, protocol:0
[   52.906679] firmadyne: sys_socket[PID: 312 (xmldbc)]: family:1, type:2, protocol:0
[   58.421843] cfg80211: Exceeded CRDA call max attempts. Not calling CRDA
[   58.448941] firmadyne: sys_socket[PID: 313 (xmldbc)]: family:1, type:2, protocol:0
[   58.590314] firmadyne: sys_socket[PID: 317 (xmldbc)]: family:1, type:2, protocol:0
[   58.652186] firmadyne: sys_socket[PID: 318 (xmldbc)]: family:1, type:2, protocol:0
[   58.712280] firmadyne: sys_socket[PID: 319 (xmldbc)]: family:1, type:2, protocol:0
[   70.383005] firmadyne: sys_socket[PID: 320 (xmldbc)]: family:1, type:2, protocol:0
[   70.444155] firmadyne: sys_socket[PID: 321 (xmldbc)]: family:1, type:2, protocol:0
[   70.503208] firmadyne: sys_socket[PID: 322 (xmldbc)]: family:1, type:2, protocol:0
[   70.563800] firmadyne: sys_socket[PID: 323 (xmldbc)]: family:1, type:2, protocol:0
[   75.727545] firmadyne: sys_socket[PID: 324 (xmldbc)]: family:1, type:2, protocol:0
[   75.788223] firmadyne: sys_socket[PID: 325 (xmldbc)]: family:1, type:2, protocol:0
[   75.848953] firmadyne: sys_socket[PID: 326 (xmldbc)]: family:1, type:2, protocol:0
[   75.908639] firmadyne: sys_socket[PID: 327 (xmldbc)]: family:1, type:2, protocol:0
[   82.078324] firmadyne: sys_socket[PID: 328 (xmldbc)]: family:1, type:2, protocol:0
[   82.139935] firmadyne: sys_socket[PID: 329 (xmldbc)]: family:1, type:2, protocol:0
[   82.198290] firmadyne: sys_socket[PID: 330 (xmldbc)]: family:1, type:2, protocol:0
[   82.258278] firmadyne: sys_socket[PID: 331 (xmldbc)]: family:1, type:2, protocol:0
[   90.687207] firmadyne: sys_socket[PID: 332 (xmldbc)]: family:1, type:2, protocol:0
[   90.748093] firmadyne: sys_socket[PID: 333 (xmldbc)]: family:1, type:2, protocol:0
[   90.807022] firmadyne: sys_socket[PID: 334 (xmldbc)]: family:1, type:2, protocol:0
[   90.867706] firmadyne: sys_socket[PID: 335 (xmldbc)]: family:1, type:2, protocol:0
[   94.990144] firmadyne: sys_socket[PID: 339 (xmldbc)]: family:1, type:2, protocol:0
[   95.051200] firmadyne: sys_socket[PID: 340 (xmldbc)]: family:1, type:2, protocol:0
[   95.110766] firmadyne: sys_socket[PID: 341 (xmldbc)]: family:1, type:2, protocol:0
[  108.026449] firmadyne: sys_socket[PID: 342 (xmldbc)]: family:1, type:2, protocol:0
[  108.087460] firmadyne: sys_socket[PID: 343 (xmldbc)]: family:1, type:2, protocol:0
[  108.146986] firmadyne: sys_socket[PID: 344 (xmldbc)]: family:1, type:2, protocol:0
[  108.202774] firmadyne: sys_socket[PID: 345 (xmldbc)]: family:1, type:2, protocol:0
[  108.263006] firmadyne: sys_socket[PID: 346 (xmldbc)]: family:1, type:2, protocol:0
[  117.398454] firmadyne: sys_socket[PID: 347 (xmldbc)]: family:1, type:2, protocol:0
[  117.459750] firmadyne: sys_socket[PID: 348 (xmldbc)]: family:1, type:2, protocol:0
[  117.518954] firmadyne: sys_socket[PID: 349 (xmldbc)]: family:1, type:2, protocol:0
[  117.577621] firmadyne: sys_socket[PID: 350 (xmldbc)]: family:1, type:2, protocol:0
[  121.337756] firmadyne: sys_socket[PID: 351 (xmldbc)]: family:1, type:2, protocol:0
[  121.397877] firmadyne: sys_socket[PID: 352 (xmldbc)]: family:1, type:2, protocol:0
[  121.456770] firmadyne: sys_socket[PID: 353 (xmldbc)]: family:1, type:2, protocol:0
[  121.515118] firmadyne: sys_socket[PID: 354 (xmldbc)]: family:1, type:2, protocol:0
[  122.917292] firmadyne: sys_socket[PID: 355 (xmldbc)]: family:1, type:2, protocol:0
[  122.977982] firmadyne: sys_socket[PID: 356 (xmldbc)]: family:1, type:2, protocol:0
[  123.037649] firmadyne: sys_socket[PID: 357 (xmldbc)]: family:1, type:2, protocol:0
[  123.176986] firmadyne: sys_socket[PID: 361 (xmldbc)]: family:1, type:2, protocol:0
[  133.240141] firmadyne: sys_socket[PID: 362 (xmldbc)]: family:1, type:2, protocol:0
[  133.299868] firmadyne: sys_socket[PID: 363 (xmldbc)]: family:1, type:2, protocol:0
[  133.359205] firmadyne: sys_socket[PID: 364 (xmldbc)]: family:1, type:2, protocol:0
[  133.418131] firmadyne: sys_socket[PID: 365 (xmldbc)]: family:1, type:2, protocol:0
[  136.120523] firmadyne: sys_socket[PID: 366 (xmldbc)]: family:1, type:2, protocol:0
[  136.179752] firmadyne: sys_socket[PID: 367 (xmldbc)]: family:1, type:2, protocol:0
[  136.238197] firmadyne: sys_socket[PID: 368 (xmldbc)]: family:1, type:2, protocol:0
[  136.297634] firmadyne: sys_socket[PID: 369 (xmldbc)]: family:1, type:2, protocol:0
[  143.231531] firmadyne: sys_socket[PID: 370 (xmldbc)]: family:1, type:2, protocol:0
[  143.291795] firmadyne: sys_socket[PID: 371 (xmldbc)]: family:1, type:2, protocol:0
[  143.350477] firmadyne: sys_socket[PID: 372 (xmldbc)]: family:1, type:2, protocol:0
[  143.409585] firmadyne: sys_socket[PID: 373 (xmldbc)]: family:1, type:2, protocol:0
[  147.584251] firmadyne: sys_socket[PID: 374 (xmldbc)]: family:1, type:2, protocol:0
[  147.643720] firmadyne: sys_socket[PID: 375 (xmldbc)]: family:1, type:2, protocol:0
[  147.702390] firmadyne: sys_socket[PID: 376 (xmldbc)]: family:1, type:2, protocol:0
[  147.760518] firmadyne: sys_socket[PID: 377 (xmldbc)]: family:1, type:2, protocol:0
[  147.980043] firmadyne: sys_socket[PID: 378 (xmldbc)]: family:1, type:2, protocol:0
[  148.040099] firmadyne: sys_socket[PID: 379 (xmldbc)]: family:1, type:2, protocol:0
[  148.179194] firmadyne: sys_socket[PID: 383 (xmldbc)]: family:1, type:2, protocol:0
[  148.238355] firmadyne: sys_socket[PID: 384 (xmldbc)]: family:1, type:2, protocol:0
[  155.211907] firmadyne: sys_socket[PID: 385 (xmldbc)]: family:1, type:2, protocol:0
[  155.271689] firmadyne: sys_socket[PID: 386 (xmldbc)]: family:1, type:2, protocol:0
[  155.330553] firmadyne: sys_socket[PID: 387 (xmldbc)]: family:1, type:2, protocol:0
[  155.390928] firmadyne: sys_socket[PID: 388 (xmldbc)]: family:1, type:2, protocol:0
[  184.155849] firmadyne: sys_socket[PID: 389 (xmldbc)]: family:1, type:2, protocol:0
[  184.215803] firmadyne: sys_socket[PID: 390 (xmldbc)]: family:1, type:2, protocol:0
[  184.274412] firmadyne: sys_socket[PID: 391 (xmldbc)]: family:1, type:2, protocol:0
[  184.335052] firmadyne: sys_socket[PID: 392 (xmldbc)]: family:1, type:2, protocol:0
[  196.502211] firmadyne: sys_socket[PID: 393 (xmldbc)]: family:1, type:2, protocol:0
[  196.562097] firmadyne: sys_socket[PID: 394 (xmldbc)]: family:1, type:2, protocol:0
[  196.621430] firmadyne: sys_socket[PID: 395 (xmldbc)]: family:1, type:2, protocol:0
[  196.682514] firmadyne: sys_socket[PID: 396 (xmldbc)]: family:1, type:2, protocol:0
[  219.704931] firmadyne: sys_socket[PID: 397 (xmldbc)]: family:1, type:2, protocol:0
[  219.765672] firmadyne: sys_socket[PID: 398 (xmldbc)]: family:1, type:2, protocol:0
[  219.824952] firmadyne: sys_socket[PID: 399 (xmldbc)]: family:1, type:2, protocol:0
[  219.887431] firmadyne: sys_socket[PID: 400 (xmldbc)]: family:1, type:2, protocol:0
[  237.969590] firmadyne: sys_socket[PID: 401 (xmldbc)]: family:1, type:2, protocol:0
[  238.111261] firmadyne: sys_socket[PID: 405 (xmldbc)]: family:1, type:2, protocol:0
[  238.172917] firmadyne: sys_socket[PID: 406 (xmldbc)]: family:1, type:2, protocol:0
[  238.231850] firmadyne: sys_socket[PID: 407 (xmldbc)]: family:1, type:2, protocol:0
[  251.975972] firmadyne: sys_socket[PID: 408 (xmldbc)]: family:1, type:2, protocol:0
[  252.034348] firmadyne: sys_socket[PID: 409 (xmldbc)]: family:1, type:2, protocol:0
[  252.092469] firmadyne: sys_socket[PID: 410 (xmldbc)]: family:1, type:2, protocol:0
[  252.153502] firmadyne: sys_socket[PID: 411 (xmldbc)]: family:1, type:2, protocol:0
[  241.238803] firmadyne: sys_socket[PID: 412 (xmldbc)]: family:1, type:2, protocol:0
[  241.299614] firmadyne: sys_socket[PID: 413 (xmldbc)]: family:1, type:2, protocol:0
[  241.358660] firmadyne: sys_socket[PID: 414 (xmldbc)]: family:1, type:2, protocol:0
[  241.417113] firmadyne: sys_socket[PID: 415 (xmldbc)]: family:1, type:2, protocol:0
[  256.782916] firmadyne: sys_socket[PID: 416 (xmldbc)]: family:1, type:2, protocol:0
[  256.843839] firmadyne: sys_socket[PID: 417 (xmldbc)]: family:1, type:2, protocol:0
[  256.902218] firmadyne: sys_socket[PID: 418 (xmldbc)]: family:1, type:2, protocol:0
[  256.961818] firmadyne: sys_socket[PID: 419 (xmldbc)]: family:1, type:2, protocol:0
[  273.493235] firmadyne: sys_socket[PID: 420 (xmldbc)]: family:1, type:2, protocol:0
[  273.550888] firmadyne: sys_socket[PID: 421 (xmldbc)]: family:1, type:2, protocol:0
[  273.609851] firmadyne: sys_socket[PID: 422 (xmldbc)]: family:1, type:2, protocol:0
[  273.670003] firmadyne: sys_socket[PID: 423 (xmldbc)]: family:1, type:2, protocol:0
[  273.811296] firmadyne: sys_socket[PID: 427 (xmldbc)]: family:1, type:2, protocol:0
[  300.840234] firmadyne: sys_socket[PID: 428 (xmldbc)]: family:1, type:2, protocol:0
[  300.901769] firmadyne: sys_socket[PID: 429 (xmldbc)]: family:1, type:2, protocol:0
[  300.962341] firmadyne: sys_socket[PID: 430 (xmldbc)]: family:1, type:2, protocol:0
[  301.020942] firmadyne: sys_socket[PID: 431 (xmldbc)]: family:1, type:2, protocol:0
[  315.220345] firmadyne: sys_socket[PID: 432 (xmldbc)]: family:1, type:2, protocol:0
[  315.281186] firmadyne: sys_socket[PID: 433 (xmldbc)]: family:1, type:2, protocol:0
[  315.340515] firmadyne: sys_socket[PID: 434 (xmldbc)]: family:1, type:2, protocol:0
[  315.400381] firmadyne: sys_socket[PID: 435 (xmldbc)]: family:1, type:2, protocol:0
[  333.161154] firmadyne: sys_socket[PID: 436 (xmldbc)]: family:1, type:2, protocol:0
[  333.221515] firmadyne: sys_socket[PID: 437 (xmldbc)]: family:1, type:2, protocol:0
[  333.281295] firmadyne: sys_socket[PID: 438 (xmldbc)]: family:1, type:2, protocol:0
[  333.340062] firmadyne: sys_socket[PID: 439 (xmldbc)]: family:1, type:2, protocol:0
[  348.668102] firmadyne: sys_socket[PID: 440 (xmldbc)]: family:1, type:2, protocol:0
[  348.729226] firmadyne: sys_socket[PID: 441 (xmldbc)]: family:1, type:2, protocol:0
[  348.789154] firmadyne: sys_socket[PID: 442 (xmldbc)]: family:1, type:2, protocol:0
[  348.848783] firmadyne: sys_socket[PID: 443 (xmldbc)]: family:1, type:2, protocol:0
[  365.575064] firmadyne: sys_socket[PID: 444 (xmldbc)]: family:1, type:2, protocol:0
[  365.634962] firmadyne: sys_socket[PID: 445 (xmldbc)]: family:1, type:2, protocol:0
[  365.774984] firmadyne: sys_socket[PID: 449 (xmldbc)]: family:1, type:2, protocol:0
[  365.833745] firmadyne: sys_socket[PID: 450 (xmldbc)]: family:1, type:2, protocol:0
[  370.277641] firmadyne: sys_socket[PID: 451 (xmldbc)]: family:1, type:2, protocol:0
[  370.337521] firmadyne: sys_socket[PID: 452 (xmldbc)]: family:1, type:2, protocol:0
[  370.396045] firmadyne: sys_socket[PID: 453 (xmldbc)]: family:1, type:2, protocol:0
[  370.456456] firmadyne: sys_socket[PID: 454 (xmldbc)]: family:1, type:2, protocol:0
[  386.247035] firmadyne: sys_socket[PID: 455 (xmldbc)]: family:1, type:2, protocol:0
[  386.306897] firmadyne: sys_socket[PID: 456 (xmldbc)]: family:1, type:2, protocol:0
[  386.365939] firmadyne: sys_socket[PID: 457 (xmldbc)]: family:1, type:2, protocol:0
[  386.426466] firmadyne: sys_socket[PID: 458 (xmldbc)]: family:1, type:2, protocol:0
[  397.019715] firmadyne: sys_socket[PID: 459 (xmldbc)]: family:1, type:2, protocol:0
[  397.078597] firmadyne: sys_socket[PID: 460 (xmldbc)]: family:1, type:2, protocol:0
[  397.137439] firmadyne: sys_socket[PID: 461 (xmldbc)]: family:1, type:2, protocol:0
[  397.197685] firmadyne: sys_socket[PID: 462 (xmldbc)]: family:1, type:2, protocol:0
[  402.549403] firmadyne: sys_socket[PID: 463 (xmldbc)]: family:1, type:2, protocol:0
[  402.608355] firmadyne: sys_socket[PID: 464 (xmldbc)]: family:1, type:2, protocol:0
[  402.666908] firmadyne: sys_socket[PID: 465 (xmldbc)]: family:1, type:2, protocol:0
[  402.727336] firmadyne: sys_socket[PID: 466 (xmldbc)]: family:1, type:2, protocol:0
[  418.389888] firmadyne: sys_socket[PID: 467 (xmldbc)]: family:1, type:2, protocol:0
[  418.528836] firmadyne: sys_socket[PID: 471 (xmldbc)]: family:1, type:2, protocol:0
[  418.589309] firmadyne: sys_socket[PID: 472 (xmldbc)]: family:1, type:2, protocol:0
[  418.647468] firmadyne: sys_socket[PID: 473 (xmldbc)]: family:1, type:2, protocol:0
[  434.794891] firmadyne: sys_socket[PID: 474 (xmldbc)]: family:1, type:2, protocol:0
[  434.855026] firmadyne: sys_socket[PID: 475 (xmldbc)]: family:1, type:2, protocol:0
[  434.914915] firmadyne: sys_socket[PID: 476 (xmldbc)]: family:1, type:2, protocol:0
[  434.976465] firmadyne: sys_socket[PID: 477 (xmldbc)]: family:1, type:2, protocol:0
[  467.087265] firmadyne: sys_socket[PID: 478 (xmldbc)]: family:1, type:2, protocol:0
[  467.147665] firmadyne: sys_socket[PID: 479 (xmldbc)]: family:1, type:2, protocol:0
[  467.207808] firmadyne: sys_socket[PID: 480 (xmldbc)]: family:1, type:2, protocol:0
[  499.215015] firmadyne: sys_socket[PID: 481 (xmldbc)]: family:1, type:2, protocol:0
[  499.279194] firmadyne: sys_socket[PID: 482 (xmldbc)]: family:1, type:2, protocol:0
[  499.338621] firmadyne: sys_socket[PID: 483 (xmldbc)]: family:1, type:2, protocol:0
[  499.397386] firmadyne: sys_socket[PID: 484 (xmldbc)]: family:1, type:2, protocol:0
[  531.536503] firmadyne: sys_socket[PID: 485 (xmldbc)]: family:1, type:2, protocol:0
[  531.597676] firmadyne: sys_socket[PID: 486 (xmldbc)]: family:1, type:2, protocol:0
[  531.657197] firmadyne: sys_socket[PID: 487 (xmldbc)]: family:1, type:2, protocol:0
[  531.715960] firmadyne: sys_socket[PID: 488 (xmldbc)]: family:1, type:2, protocol:0
[  544.648906] firmadyne: sys_socket[PID: 489 (xmldbc)]: family:1, type:2, protocol:0
[  544.804305] firmadyne: sys_socket[PID: 493 (xmldbc)]: family:1, type:2, protocol:0
[  544.868531] firmadyne: sys_socket[PID: 494 (xmldbc)]: family:1, type:2, protocol:0
[  544.927140] firmadyne: sys_socket[PID: 495 (xmldbc)]: family:1, type:2, protocol:0
[  563.806680] firmadyne: sys_socket[PID: 496 (xmldbc)]: family:1, type:2, protocol:0
[  563.867120] firmadyne: sys_socket[PID: 497 (xmldbc)]: family:1, type:2, protocol:0
[  563.920475] firmadyne: sys_socket[PID: 498 (xmldbc)]: family:1, type:2, protocol:0
[  563.978189] firmadyne: sys_socket[PID: 499 (xmldbc)]: family:1, type:2, protocol:0
[  564.036389] firmadyne: sys_socket[PID: 500 (xmldbc)]: family:1, type:2, protocol:0
[  577.922241] firmadyne: sys_socket[PID: 501 (xmldbc)]: family:1, type:2, protocol:0
[  577.982297] firmadyne: sys_socket[PID: 502 (xmldbc)]: family:1, type:2, protocol:0
[  578.041437] firmadyne: sys_socket[PID: 503 (xmldbc)]: family:1, type:2, protocol:0
[  578.100078] firmadyne: sys_socket[PID: 504 (xmldbc)]: family:1, type:2, protocol:0
[  588.253803] firmadyne: sys_socket[PID: 505 (xmldbc)]: family:1, type:2, protocol:0
[  588.312478] firmadyne: sys_socket[PID: 506 (xmldbc)]: family:1, type:2, protocol:0
[  588.372527] firmadyne: sys_socket[PID: 507 (xmldbc)]: family:1, type:2, protocol:0
[  588.431174] firmadyne: sys_socket[PID: 508 (xmldbc)]: family:1, type:2, protocol:0
[  596.054558] firmadyne: sys_socket[PID: 509 (xmldbc)]: family:1, type:2, protocol:0
[  596.116777] firmadyne: sys_socket[PID: 510 (xmldbc)]: family:1, type:2, protocol:0
[  596.176824] firmadyne: sys_socket[PID: 511 (xmldbc)]: family:1, type:2, protocol:0
[  596.315755] firmadyne: sys_socket[PID: 515 (xmldbc)]: family:1, type:2, protocol:0
[  613.133464] firmadyne: sys_socket[PID: 516 (xmldbc)]: family:1, type:2, protocol:0
[  613.188206] firmadyne: sys_socket[PID: 517 (xmldbc)]: family:1, type:2, protocol:0
[  613.246653] firmadyne: sys_socket[PID: 518 (xmldbc)]: family:1, type:2, protocol:0
[  613.306071] firmadyne: sys_socket[PID: 519 (xmldbc)]: family:1, type:2, protocol:0
[  613.365969] firmadyne: sys_socket[PID: 520 (xmldbc)]: family:1, type:2, protocol:0
[  626.916795] firmadyne: sys_socket[PID: 521 (xmldbc)]: family:1, type:2, protocol:0
[  626.976460] firmadyne: sys_socket[PID: 522 (xmldbc)]: family:1, type:2, protocol:0
[  627.036403] firmadyne: sys_socket[PID: 523 (xmldbc)]: family:1, type:2, protocol:0
[  627.092263] firmadyne: sys_socket[PID: 524 (xmldbc)]: family:1, type:2, protocol:0
[  627.152118] firmadyne: sys_socket[PID: 525 (xmldbc)]: family:1, type:2, protocol:0
[  638.376815] firmadyne: sys_socket[PID: 526 (xmldbc)]: family:1, type:2, protocol:0
[  638.436221] firmadyne: sys_socket[PID: 527 (xmldbc)]: family:1, type:2, protocol:0
[  638.495784] firmadyne: sys_socket[PID: 528 (xmldbc)]: family:1, type:2, protocol:0
[  638.555177] firmadyne: sys_socket[PID: 529 (xmldbc)]: family:1, type:2, protocol:0
[  638.609587] firmadyne: sys_socket[PID: 530 (xmldbc)]: family:1, type:2, protocol:0
[  648.065827] firmadyne: sys_socket[PID: 531 (xmldbc)]: family:1, type:2, protocol:0
[  648.125426] firmadyne: sys_socket[PID: 532 (xmldbc)]: family:1, type:2, protocol:0
[  648.184982] firmadyne: sys_socket[PID: 533 (xmldbc)]: family:1, type:2, protocol:0
[  648.323936] firmadyne: sys_socket[PID: 537 (xmldbc)]: family:1, type:2, protocol:0
[  658.469392] firmadyne: sys_socket[PID: 538 (xmldbc)]: family:1, type:2, protocol:0
[  658.524444] firmadyne: sys_socket[PID: 539 (xmldbc)]: family:1, type:2, protocol:0
[  658.584382] firmadyne: sys_socket[PID: 540 (xmldbc)]: family:1, type:2, protocol:0
[  658.643777] firmadyne: sys_socket[PID: 541 (xmldbc)]: family:1, type:2, protocol:0
[  658.703216] firmadyne: sys_socket[PID: 542 (xmldbc)]: family:1, type:2, protocol:0
[  660.619619] firmadyne: sys_socket[PID: 543 (xmldbc)]: family:1, type:2, protocol:0
[  660.674144] firmadyne: sys_socket[PID: 544 (xmldbc)]: family:1, type:2, protocol:0
[  660.733354] firmadyne: sys_socket[PID: 545 (xmldbc)]: family:1, type:2, protocol:0
[  660.786975] firmadyne: sys_socket[PID: 546 (xmldbc)]: family:1, type:2, protocol:0
[  660.845658] firmadyne: sys_socket[PID: 547 (xmldbc)]: family:1, type:2, protocol:0
[  649.860386] firmadyne: sys_socket[PID: 548 (xmldbc)]: family:1, type:2, protocol:0
[  649.921220] firmadyne: sys_socket[PID: 549 (xmldbc)]: family:1, type:2, protocol:0
[  649.977486] firmadyne: sys_socket[PID: 550 (xmldbc)]: family:1, type:2, protocol:0
[  650.035587] firmadyne: sys_socket[PID: 551 (xmldbc)]: family:1, type:2, protocol:0
[  650.089081] firmadyne: sys_socket[PID: 552 (xmldbc)]: family:1, type:2, protocol:0
[  650.149865] firmadyne: sys_socket[PID: 553 (xmldbc)]: family:1, type:2, protocol:0
[  659.698418] firmadyne: sys_socket[PID: 554 (xmldbc)]: family:1, type:2, protocol:0
[  659.759000] firmadyne: sys_socket[PID: 555 (xmldbc)]: family:1, type:2, protocol:0
[  659.898181] firmadyne: sys_socket[PID: 559 (xmldbc)]: family:1, type:2, protocol:0
[  659.956866] firmadyne: sys_socket[PID: 560 (xmldbc)]: family:1, type:2, protocol:0
[  682.108013] firmadyne: sys_socket[PID: 561 (xmldbc)]: family:1, type:2, protocol:0
[  682.170651] firmadyne: sys_socket[PID: 562 (xmldbc)]: family:1, type:2, protocol:0
[  682.224637] firmadyne: sys_socket[PID: 563 (xmldbc)]: family:1, type:2, protocol:0
[  682.283104] firmadyne: sys_socket[PID: 564 (xmldbc)]: family:1, type:2, protocol:0
[  682.344378] firmadyne: sys_socket[PID: 565 (xmldbc)]: family:1, type:2, protocol:0
[  708.759091] firmadyne: sys_socket[PID: 566 (xmldbc)]: family:1, type:2, protocol:0
[  708.819292] firmadyne: sys_socket[PID: 567 (xmldbc)]: family:1, type:2, protocol:0
[  708.878494] firmadyne: sys_socket[PID: 568 (xmldbc)]: family:1, type:2, protocol:0
[  708.938209] firmadyne: sys_socket[PID: 569 (xmldbc)]: family:1, type:2, protocol:0
[  714.369150] firmadyne: sys_socket[PID: 570 (xmldbc)]: family:1, type:2, protocol:0
[  714.429089] firmadyne: sys_socket[PID: 571 (xmldbc)]: family:1, type:2, protocol:0
[  714.488027] firmadyne: sys_socket[PID: 572 (xmldbc)]: family:1, type:2, protocol:0
[  714.546922] firmadyne: sys_socket[PID: 573 (xmldbc)]: family:1, type:2, protocol:0
[  737.841849] firmadyne: sys_socket[PID: 574 (xmldbc)]: family:1, type:2, protocol:0
[  737.905503] firmadyne: sys_socket[PID: 575 (xmldbc)]: family:1, type:2, protocol:0
[  737.964846] firmadyne: sys_socket[PID: 576 (xmldbc)]: family:1, type:2, protocol:0
[  738.024466] firmadyne: sys_socket[PID: 577 (xmldbc)]: family:1, type:2, protocol:0
[  738.160492] firmadyne: sys_socket[PID: 581 (xmldbc)]: family:1, type:2, protocol:0
[  763.724945] firmadyne: sys_socket[PID: 582 (xmldbc)]: family:1, type:2, protocol:0
[  763.784908] firmadyne: sys_socket[PID: 583 (xmldbc)]: family:1, type:2, protocol:0
[  763.838593] firmadyne: sys_socket[PID: 584 (xmldbc)]: family:1, type:2, protocol:0
[  763.896944] firmadyne: sys_socket[PID: 585 (xmldbc)]: family:1, type:2, protocol:0
[  763.955784] firmadyne: sys_socket[PID: 586 (xmldbc)]: family:1, type:2, protocol:0
[  778.895090] firmadyne: sys_socket[PID: 587 (xmldbc)]: family:1, type:2, protocol:0
[  778.955622] firmadyne: sys_socket[PID: 588 (xmldbc)]: family:1, type:2, protocol:0
[  779.014976] firmadyne: sys_socket[PID: 589 (xmldbc)]: family:1, type:2, protocol:0
[  779.074602] firmadyne: sys_socket[PID: 590 (xmldbc)]: family:1, type:2, protocol:0
[  793.500373] firmadyne: sys_socket[PID: 591 (xmldbc)]: family:1, type:2, protocol:0
[  793.561803] firmadyne: sys_socket[PID: 592 (xmldbc)]: family:1, type:2, protocol:0
[  793.621343] firmadyne: sys_socket[PID: 593 (xmldbc)]: family:1, type:2, protocol:0
[  793.681342] firmadyne: sys_socket[PID: 594 (xmldbc)]: family:1, type:2, protocol:0
[  793.735839] firmadyne: sys_socket[PID: 595 (xmldbc)]: family:1, type:2, protocol:0
[  807.873576] firmadyne: sys_socket[PID: 596 (xmldbc)]: family:1, type:2, protocol:0
[  807.933129] firmadyne: sys_socket[PID: 597 (xmldbc)]: family:1, type:2, protocol:0
[  807.992022] firmadyne: sys_socket[PID: 598 (xmldbc)]: family:1, type:2, protocol:0
[  808.050915] firmadyne: sys_socket[PID: 599 (xmldbc)]: family:1, type:2, protocol:0
[  829.474266] firmadyne: sys_socket[PID: 603 (xmldbc)]: family:1, type:2, protocol:0
[  829.534121] firmadyne: sys_socket[PID: 604 (xmldbc)]: family:1, type:2, protocol:0
[  829.592870] firmadyne: sys_socket[PID: 605 (xmldbc)]: family:1, type:2, protocol:0
[  829.652920] firmadyne: sys_socket[PID: 606 (xmldbc)]: family:1, type:2, protocol:0
[  829.712544] firmadyne: sys_socket[PID: 607 (xmldbc)]: family:1, type:2, protocol:0
[  829.766607] firmadyne: sys_socket[PID: 608 (xmldbc)]: family:1, type:2, protocol:0
[  829.825067] firmadyne: sys_socket[PID: 609 (xmldbc)]: family:1, type:2, protocol:0
[  829.887154] firmadyne: sys_socket[PID: 610 (xmldbc)]: family:1, type:2, protocol:0
[  829.946754] firmadyne: sys_socket[PID: 611 (xmldbc)]: family:1, type:2, protocol:0
[  830.006686] firmadyne: sys_socket[PID: 612 (xmldbc)]: family:1, type:2, protocol:0
[  830.065260] firmadyne: sys_socket[PID: 613 (xmldbc)]: family:1, type:2, protocol:0
[  830.124878] firmadyne: sys_socket[PID: 614 (xmldbc)]: family:1, type:2, protocol:0
[  830.190957] firmadyne: sys_socket[PID: 615 (xmldbc)]: family:1, type:2, protocol:0
[  830.250751] firmadyne: sys_socket[PID: 616 (xmldbc)]: family:1, type:2, protocol:0
[  830.309505] firmadyne: sys_socket[PID: 617 (xmldbc)]: family:1, type:2, protocol:0
[  830.362816] firmadyne: sys_socket[PID: 618 (xmldbc)]: family:1, type:2, protocol:0
[  830.421844] firmadyne: sys_socket[PID: 619 (xmldbc)]: family:1, type:2, protocol:0
[  830.481651] firmadyne: sys_socket[PID: 620 (xmldbc)]: family:1, type:2, protocol:0
[  830.540664] firmadyne: sys_socket[PID: 621 (xmldbc)]: family:1, type:2, protocol:0
[  830.680303] firmadyne: sys_socket[PID: 625 (xmldbc)]: family:1, type:2, protocol:0
[  830.738120] firmadyne: sys_socket[PID: 626 (xmldbc)]: family:1, type:2, protocol:0
[  830.796884] firmadyne: sys_socket[PID: 627 (xmldbc)]: family:1, type:2, protocol:0
[  830.855223] firmadyne: sys_socket[PID: 628 (xmldbc)]: family:1, type:2, protocol:0
[  830.916644] firmadyne: sys_socket[PID: 629 (xmldbc)]: family:1, type:2, protocol:0
[  830.974985] firmadyne: sys_socket[PID: 630 (xmldbc)]: family:1, type:2, protocol:0
[  831.034450] firmadyne: sys_socket[PID: 631 (xmldbc)]: family:1, type:2, protocol:0
[  831.093125] firmadyne: sys_socket[PID: 632 (xmldbc)]: family:1, type:2, protocol:0
[  831.151610] firmadyne: sys_socket[PID: 633 (xmldbc)]: family:1, type:2, protocol:0
[  831.204733] firmadyne: sys_socket[PID: 634 (xmldbc)]: family:1, type:2, protocol:0
[  831.262646] firmadyne: sys_socket[PID: 635 (xmldbc)]: family:1, type:2, protocol:0
[  831.322559] firmadyne: sys_socket[PID: 636 (xmldbc)]: family:1, type:2, protocol:0
[  831.381637] firmadyne: sys_socket[PID: 637 (xmldbc)]: family:1, type:2, protocol:0
[  831.440405] firmadyne: sys_socket[PID: 638 (xmldbc)]: family:1, type:2, protocol:0
[  831.499271] firmadyne: sys_socket[PID: 639 (xmldbc)]: family:1, type:2, protocol:0
[  831.558595] firmadyne: sys_socket[PID: 640 (xmldbc)]: family:1, type:2, protocol:0
[  831.617772] firmadyne: sys_socket[PID: 641 (xmldbc)]: family:1, type:2, protocol:0
[  831.671649] firmadyne: sys_socket[PID: 642 (xmldbc)]: family:1, type:2, protocol:0
[  831.725190] firmadyne: sys_socket[PID: 643 (xmldbc)]: family:1, type:2, protocol:0
[  831.863912] firmadyne: sys_socket[PID: 647 (xmldbc)]: family:1, type:2, protocol:0
[  831.925729] firmadyne: sys_socket[PID: 648 (xmldbc)]: family:1, type:2, protocol:0
[  831.978597] firmadyne: sys_socket[PID: 649 (xmldbc)]: family:1, type:2, protocol:0
[  832.037884] firmadyne: sys_socket[PID: 650 (xmldbc)]: family:1, type:2, protocol:0
[  832.096479] firmadyne: sys_socket[PID: 651 (xmldbc)]: family:1, type:2, protocol:0
[  832.155202] firmadyne: sys_socket[PID: 652 (xmldbc)]: family:1, type:2, protocol:0
[  832.216042] firmadyne: sys_socket[PID: 653 (xmldbc)]: family:1, type:2, protocol:0
[  832.275953] firmadyne: sys_socket[PID: 654 (xmldbc)]: family:1, type:2, protocol:0
[  832.333710] firmadyne: sys_socket[PID: 655 (xmldbc)]: family:1, type:2, protocol:0
[  832.387439] firmadyne: sys_socket[PID: 656 (xmldbc)]: family:1, type:2, protocol:0
[  832.445373] firmadyne: sys_socket[PID: 657 (xmldbc)]: family:1, type:2, protocol:0
[  832.504342] firmadyne: sys_socket[PID: 658 (xmldbc)]: family:1, type:2, protocol:0
[  832.563363] firmadyne: sys_socket[PID: 659 (xmldbc)]: family:1, type:2, protocol:0
[  832.617614] firmadyne: sys_socket[PID: 660 (xmldbc)]: family:1, type:2, protocol:0
[  832.675464] firmadyne: sys_socket[PID: 661 (xmldbc)]: family:1, type:2, protocol:0
[  832.733611] firmadyne: sys_socket[PID: 662 (xmldbc)]: family:1, type:2, protocol:0
[  832.791868] firmadyne: sys_socket[PID: 663 (xmldbc)]: family:1, type:2, protocol:0
[  832.851064] firmadyne: sys_socket[PID: 664 (xmldbc)]: family:1, type:2, protocol:0
[  832.911714] firmadyne: sys_socket[PID: 665 (xmldbc)]: family:1, type:2, protocol:0
[  833.049205] firmadyne: sys_socket[PID: 669 (xmldbc)]: family:1, type:2, protocol:0
[  833.108932] firmadyne: sys_socket[PID: 670 (xmldbc)]: family:1, type:2, protocol:0
[  833.168055] firmadyne: sys_socket[PID: 671 (xmldbc)]: family:1, type:2, protocol:0
[  833.226574] firmadyne: sys_socket[PID: 672 (xmldbc)]: family:1, type:2, protocol:0
[  833.285148] firmadyne: sys_socket[PID: 673 (xmldbc)]: family:1, type:2, protocol:0
[  833.344993] firmadyne: sys_socket[PID: 674 (xmldbc)]: family:1, type:2, protocol:0
[  833.405150] firmadyne: sys_socket[PID: 675 (xmldbc)]: family:1, type:2, protocol:0
[  833.463658] firmadyne: sys_socket[PID: 676 (xmldbc)]: family:1, type:2, protocol:0
[  833.517836] firmadyne: sys_socket[PID: 677 (xmldbc)]: family:1, type:2, protocol:0
[  833.575972] firmadyne: sys_socket[PID: 678 (xmldbc)]: family:1, type:2, protocol:0
[  833.635657] firmadyne: sys_socket[PID: 679 (xmldbc)]: family:1, type:2, protocol:0
[  833.696481] firmadyne: sys_socket[PID: 680 (xmldbc)]: family:1, type:2, protocol:0
[  833.755767] firmadyne: sys_socket[PID: 681 (xmldbc)]: family:1, type:2, protocol:0
[  833.814449] firmadyne: sys_socket[PID: 682 (xmldbc)]: family:1, type:2, protocol:0
[  833.873892] firmadyne: sys_socket[PID: 683 (xmldbc)]: family:1, type:2, protocol:0
[  833.934691] firmadyne: sys_socket[PID: 684 (xmldbc)]: family:1, type:2, protocol:0
[  833.993428] firmadyne: sys_socket[PID: 685 (xmldbc)]: family:1, type:2, protocol:0
[  834.052443] firmadyne: sys_socket[PID: 686 (xmldbc)]: family:1, type:2, protocol:0
[  834.112802] firmadyne: sys_socket[PID: 687 (xmldbc)]: family:1, type:2, protocol:0
[  834.253585] firmadyne: sys_socket[PID: 691 (xmldbc)]: family:1, type:2, protocol:0
[  834.307738] firmadyne: sys_socket[PID: 692 (xmldbc)]: family:1, type:2, protocol:0
[  834.365804] firmadyne: sys_socket[PID: 693 (xmldbc)]: family:1, type:2, protocol:0
[  834.424719] firmadyne: sys_socket[PID: 694 (xmldbc)]: family:1, type:2, protocol:0
[  834.483898] firmadyne: sys_socket[PID: 695 (xmldbc)]: family:1, type:2, protocol:0
[  834.542819] firmadyne: sys_socket[PID: 696 (xmldbc)]: family:1, type:2, protocol:0
[  834.602215] firmadyne: sys_socket[PID: 697 (xmldbc)]: family:1, type:2, protocol:0
[  834.661051] firmadyne: sys_socket[PID: 698 (xmldbc)]: family:1, type:2, protocol:0
[  834.720778] firmadyne: sys_socket[PID: 699 (xmldbc)]: family:1, type:2, protocol:0
[  834.779296] firmadyne: sys_socket[PID: 700 (xmldbc)]: family:1, type:2, protocol:0
[  834.837444] firmadyne: sys_socket[PID: 701 (xmldbc)]: family:1, type:2, protocol:0
[  834.895760] firmadyne: sys_socket[PID: 702 (xmldbc)]: family:1, type:2, protocol:0
[  834.952307] firmadyne: sys_socket[PID: 703 (xmldbc)]: family:1, type:2, protocol:0
[  835.011193] firmadyne: sys_socket[PID: 704 (xmldbc)]: family:1, type:2, protocol:0
[  835.069797] firmadyne: sys_socket[PID: 705 (xmldbc)]: family:1, type:2, protocol:0
[  835.129101] firmadyne: sys_socket[PID: 706 (xmldbc)]: family:1, type:2, protocol:0
[  835.187917] firmadyne: sys_socket[PID: 707 (xmldbc)]: family:1, type:2, protocol:0
[  835.246841] firmadyne: sys_socket[PID: 708 (xmldbc)]: family:1, type:2, protocol:0
[  835.300663] firmadyne: sys_socket[PID: 709 (xmldbc)]: family:1, type:2, protocol:0
[  835.437844] firmadyne: sys_socket[PID: 713 (xmldbc)]: family:1, type:2, protocol:0
[  835.496084] firmadyne: sys_socket[PID: 714 (xmldbc)]: family:1, type:2, protocol:0
[  835.555212] firmadyne: sys_socket[PID: 715 (xmldbc)]: family:1, type:2, protocol:0
[  835.609521] firmadyne: sys_socket[PID: 716 (xmldbc)]: family:1, type:2, protocol:0
[  835.669410] firmadyne: sys_socket[PID: 717 (xmldbc)]: family:1, type:2, protocol:0
[  835.727875] firmadyne: sys_socket[PID: 718 (xmldbc)]: family:1, type:2, protocol:0
[  835.785991] firmadyne: sys_socket[PID: 719 (xmldbc)]: family:1, type:2, protocol:0
[  835.844700] firmadyne: sys_socket[PID: 720 (xmldbc)]: family:1, type:2, protocol:0
[  835.904827] firmadyne: sys_socket[PID: 721 (xmldbc)]: family:1, type:2, protocol:0
[  835.965637] firmadyne: sys_socket[PID: 722 (xmldbc)]: family:1, type:2, protocol:0
[  836.024833] firmadyne: sys_socket[PID: 723 (xmldbc)]: family:1, type:2, protocol:0
[  836.083158] firmadyne: sys_socket[PID: 724 (xmldbc)]: family:1, type:2, protocol:0
[  836.164580] firmadyne: sys_socket[PID: 725 (xmldbc)]: family:1, type:2, protocol:0
[  836.252700] firmadyne: sys_socket[PID: 726 (xmldbc)]: family:1, type:2, protocol:0
[  836.310919] firmadyne: sys_socket[PID: 727 (xmldbc)]: family:1, type:2, protocol:0
[  836.368926] firmadyne: sys_socket[PID: 728 (xmldbc)]: family:1, type:2, protocol:0
[  836.427189] firmadyne: sys_socket[PID: 729 (xmldbc)]: family:1, type:2, protocol:0
[  836.485345] firmadyne: sys_socket[PID: 730 (xmldbc)]: family:1, type:2, protocol:0
[  836.543616] firmadyne: sys_socket[PID: 731 (xmldbc)]: family:1, type:2, protocol:0
[  836.690653] firmadyne: sys_socket[PID: 735 (xmldbc)]: family:1, type:2, protocol:0
[  836.748631] firmadyne: sys_socket[PID: 736 (xmldbc)]: family:1, type:2, protocol:0
[  836.806588] firmadyne: sys_socket[PID: 737 (xmldbc)]: family:1, type:2, protocol:0
[  836.864603] firmadyne: sys_socket[PID: 738 (xmldbc)]: family:1, type:2, protocol:0
[  836.923285] firmadyne: sys_socket[PID: 739 (xmldbc)]: family:1, type:2, protocol:0
[  836.983605] firmadyne: sys_socket[PID: 740 (xmldbc)]: family:1, type:2, protocol:0
[  837.041384] firmadyne: sys_socket[PID: 741 (xmldbc)]: family:1, type:2, protocol:0
[  837.099515] firmadyne: sys_socket[PID: 742 (xmldbc)]: family:1, type:2, protocol:0
[  837.157676] firmadyne: sys_socket[PID: 743 (xmldbc)]: family:1, type:2, protocol:0
[  837.216611] firmadyne: sys_socket[PID: 744 (xmldbc)]: family:1, type:2, protocol:0
[  837.274528] firmadyne: sys_socket[PID: 745 (xmldbc)]: family:1, type:2, protocol:0
[  837.332795] firmadyne: sys_socket[PID: 746 (xmldbc)]: family:1, type:2, protocol:0
[  837.391134] firmadyne: sys_socket[PID: 747 (xmldbc)]: family:1, type:2, protocol:0
[  837.449578] firmadyne: sys_socket[PID: 748 (xmldbc)]: family:1, type:2, protocol:0
[  837.507389] firmadyne: sys_socket[PID: 749 (xmldbc)]: family:1, type:2, protocol:0
[  837.565195] firmadyne: sys_socket[PID: 750 (xmldbc)]: family:1, type:2, protocol:0
[  837.623377] firmadyne: sys_socket[PID: 751 (xmldbc)]: family:1, type:2, protocol:0
[  837.682642] firmadyne: sys_socket[PID: 752 (xmldbc)]: family:1, type:2, protocol:0
[  837.741295] firmadyne: sys_socket[PID: 753 (xmldbc)]: family:1, type:2, protocol:0
[  837.878543] firmadyne: sys_socket[PID: 757 (xmldbc)]: family:1, type:2, protocol:0
[  837.936949] firmadyne: sys_socket[PID: 758 (xmldbc)]: family:1, type:2, protocol:0
[  837.997964] firmadyne: sys_socket[PID: 759 (xmldbc)]: family:1, type:2, protocol:0
[  838.056921] firmadyne: sys_socket[PID: 760 (xmldbc)]: family:1, type:2, protocol:0
[  838.115479] firmadyne: sys_socket[PID: 761 (xmldbc)]: family:1, type:2, protocol:0
[  838.176429] firmadyne: sys_socket[PID: 762 (xmldbc)]: family:1, type:2, protocol:0
[  838.235414] firmadyne: sys_socket[PID: 763 (xmldbc)]: family:1, type:2, protocol:0
[  838.293267] firmadyne: sys_socket[PID: 764 (xmldbc)]: family:1, type:2, protocol:0
[  838.351188] firmadyne: sys_socket[PID: 765 (xmldbc)]: family:1, type:2, protocol:0
[  838.408963] firmadyne: sys_socket[PID: 766 (xmldbc)]: family:1, type:2, protocol:0
[  838.466318] firmadyne: sys_socket[PID: 767 (xmldbc)]: family:1, type:2, protocol:0
[  838.524749] firmadyne: sys_socket[PID: 768 (xmldbc)]: family:1, type:2, protocol:0
[  838.583369] firmadyne: sys_socket[PID: 769 (xmldbc)]: family:1, type:2, protocol:0
[  838.641757] firmadyne: sys_socket[PID: 770 (xmldbc)]: family:1, type:2, protocol:0
[  838.699499] firmadyne: sys_socket[PID: 771 (xmldbc)]: family:1, type:2, protocol:0
[  838.757994] firmadyne: sys_socket[PID: 772 (xmldbc)]: family:1, type:2, protocol:0
[  838.815975] firmadyne: sys_socket[PID: 773 (xmldbc)]: family:1, type:2, protocol:0
[  838.874002] firmadyne: sys_socket[PID: 774 (xmldbc)]: family:1, type:2, protocol:0
[  838.931459] firmadyne: sys_socket[PID: 775 (xmldbc)]: family:1, type:2, protocol:0
[  839.077046] firmadyne: sys_socket[PID: 779 (xmldbc)]: family:1, type:2, protocol:0
[  839.134411] firmadyne: sys_socket[PID: 780 (xmldbc)]: family:1, type:2, protocol:0
[  839.191527] firmadyne: sys_socket[PID: 781 (xmldbc)]: family:1, type:2, protocol:0
[  839.249574] firmadyne: sys_socket[PID: 782 (xmldbc)]: family:1, type:2, protocol:0
[  839.307799] firmadyne: sys_socket[PID: 783 (xmldbc)]: family:1, type:2, protocol:0
[  839.366044] firmadyne: sys_socket[PID: 784 (xmldbc)]: family:1, type:2, protocol:0
[  839.423940] firmadyne: sys_socket[PID: 785 (xmldbc)]: family:1, type:2, protocol:0
[  839.481746] firmadyne: sys_socket[PID: 786 (xmldbc)]: family:1, type:2, protocol:0
[  839.539780] firmadyne: sys_socket[PID: 787 (xmldbc)]: family:1, type:2, protocol:0
[  839.597152] firmadyne: sys_socket[PID: 788 (xmldbc)]: family:1, type:2, protocol:0
[  839.655773] firmadyne: sys_socket[PID: 789 (xmldbc)]: family:1, type:2, protocol:0
[  839.714286] firmadyne: sys_socket[PID: 790 (xmldbc)]: family:1, type:2, protocol:0
[  839.772510] firmadyne: sys_socket[PID: 791 (xmldbc)]: family:1, type:2, protocol:0
[  839.830273] firmadyne: sys_socket[PID: 792 (xmldbc)]: family:1, type:2, protocol:0
[  839.888655] firmadyne: sys_socket[PID: 793 (xmldbc)]: family:1, type:2, protocol:0
[  839.947319] firmadyne: sys_socket[PID: 794 (xmldbc)]: family:1, type:2, protocol:0
[  840.008341] firmadyne: sys_socket[PID: 795 (xmldbc)]: family:1, type:2, protocol:0
[  840.067009] firmadyne: sys_socket[PID: 796 (xmldbc)]: family:1, type:2, protocol:0
[  840.125362] firmadyne: sys_socket[PID: 797 (xmldbc)]: family:1, type:2, protocol:0
[  840.265762] firmadyne: sys_socket[PID: 801 (xmldbc)]: family:1, type:2, protocol:0
[  840.323570] firmadyne: sys_socket[PID: 802 (xmldbc)]: family:1, type:2, protocol:0
[  840.381048] firmadyne: sys_socket[PID: 803 (xmldbc)]: family:1, type:2, protocol:0
[  840.439393] firmadyne: sys_socket[PID: 804 (xmldbc)]: family:1, type:2, protocol:0
[  840.497099] firmadyne: sys_socket[PID: 805 (xmldbc)]: family:1, type:2, protocol:0
[  840.555927] firmadyne: sys_socket[PID: 806 (xmldbc)]: family:1, type:2, protocol:0
[  840.614482] firmadyne: sys_socket[PID: 807 (xmldbc)]: family:1, type:2, protocol:0
[  840.672885] firmadyne: sys_socket[PID: 808 (xmldbc)]: family:1, type:2, protocol:0
[  840.733803] firmadyne: sys_socket[PID: 809 (xmldbc)]: family:1, type:2, protocol:0
[  840.792817] firmadyne: sys_socket[PID: 810 (xmldbc)]: family:1, type:2, protocol:0
[  840.851086] firmadyne: sys_socket[PID: 811 (xmldbc)]: family:1, type:2, protocol:0
[  840.909844] firmadyne: sys_socket[PID: 812 (xmldbc)]: family:1, type:2, protocol:0
[  840.969094] firmadyne: sys_socket[PID: 813 (xmldbc)]: family:1, type:2, protocol:0
[  841.029244] firmadyne: sys_socket[PID: 814 (xmldbc)]: family:1, type:2, protocol:0
[  841.087648] firmadyne: sys_socket[PID: 815 (xmldbc)]: family:1, type:2, protocol:0
[  841.145929] firmadyne: sys_socket[PID: 816 (xmldbc)]: family:1, type:2, protocol:0
[  841.204360] firmadyne: sys_socket[PID: 817 (xmldbc)]: family:1, type:2, protocol:0
[  841.262565] firmadyne: sys_socket[PID: 818 (xmldbc)]: family:1, type:2, protocol:0
[  841.321229] firmadyne: sys_socket[PID: 819 (xmldbc)]: family:1, type:2, protocol:0
[  841.457739] firmadyne: sys_socket[PID: 823 (xmldbc)]: family:1, type:2, protocol:0
[  841.515968] firmadyne: sys_socket[PID: 824 (xmldbc)]: family:1, type:2, protocol:0
[  841.574121] firmadyne: sys_socket[PID: 825 (xmldbc)]: family:1, type:2, protocol:0
[  841.632734] firmadyne: sys_socket[PID: 826 (xmldbc)]: family:1, type:2, protocol:0
[  841.690992] firmadyne: sys_socket[PID: 827 (xmldbc)]: family:1, type:2, protocol:0
[  841.749297] firmadyne: sys_socket[PID: 828 (xmldbc)]: family:1, type:2, protocol:0
[  841.807561] firmadyne: sys_socket[PID: 829 (xmldbc)]: family:1, type:2, protocol:0
[  841.865205] firmadyne: sys_socket[PID: 830 (xmldbc)]: family:1, type:2, protocol:0
[  841.923792] firmadyne: sys_socket[PID: 831 (xmldbc)]: family:1, type:2, protocol:0
[  841.982049] firmadyne: sys_socket[PID: 832 (xmldbc)]: family:1, type:2, protocol:0
[  842.042637] firmadyne: sys_socket[PID: 833 (xmldbc)]: family:1, type:2, protocol:0
[  842.101012] firmadyne: sys_socket[PID: 834 (xmldbc)]: family:1, type:2, protocol:0
[  842.160624] firmadyne: sys_socket[PID: 835 (xmldbc)]: family:1, type:2, protocol:0
[  842.219902] firmadyne: sys_socket[PID: 836 (xmldbc)]: family:1, type:2, protocol:0
[  842.277794] firmadyne: sys_socket[PID: 837 (xmldbc)]: family:1, type:2, protocol:0
[  842.336051] firmadyne: sys_socket[PID: 838 (xmldbc)]: family:1, type:2, protocol:0
[  842.394556] firmadyne: sys_socket[PID: 839 (xmldbc)]: family:1, type:2, protocol:0
[  842.453014] firmadyne: sys_socket[PID: 840 (xmldbc)]: family:1, type:2, protocol:0
[  842.511139] firmadyne: sys_socket[PID: 841 (xmldbc)]: family:1, type:2, protocol:0
[  842.649171] firmadyne: sys_socket[PID: 845 (xmldbc)]: family:1, type:2, protocol:0
[  842.707301] firmadyne: sys_socket[PID: 846 (xmldbc)]: family:1, type:2, protocol:0
[  842.765426] firmadyne: sys_socket[PID: 847 (xmldbc)]: family:1, type:2, protocol:0
[  842.823593] firmadyne: sys_socket[PID: 848 (xmldbc)]: family:1, type:2, protocol:0
[  842.882499] firmadyne: sys_socket[PID: 849 (xmldbc)]: family:1, type:2, protocol:0
[  842.941042] firmadyne: sys_socket[PID: 850 (xmldbc)]: family:1, type:2, protocol:0
[  842.995191] firmadyne: sys_socket[PID: 851 (xmldbc)]: family:1, type:2, protocol:0
[  843.054175] firmadyne: sys_socket[PID: 852 (xmldbc)]: family:1, type:2, protocol:0
[  843.112945] firmadyne: sys_socket[PID: 853 (xmldbc)]: family:1, type:2, protocol:0
[  843.170768] firmadyne: sys_socket[PID: 854 (xmldbc)]: family:1, type:2, protocol:0
[  843.228339] firmadyne: sys_socket[PID: 855 (xmldbc)]: family:1, type:2, protocol:0
[  843.285708] firmadyne: sys_socket[PID: 856 (xmldbc)]: family:1, type:2, protocol:0
[  843.343882] firmadyne: sys_socket[PID: 857 (xmldbc)]: family:1, type:2, protocol:0
[  843.404531] firmadyne: sys_socket[PID: 858 (xmldbc)]: family:1, type:2, protocol:0
[  843.462030] firmadyne: sys_socket[PID: 859 (xmldbc)]: family:1, type:2, protocol:0
[  843.515276] firmadyne: sys_socket[PID: 860 (xmldbc)]: family:1, type:2, protocol:0
[  843.573133] firmadyne: sys_socket[PID: 861 (xmldbc)]: family:1, type:2, protocol:0
[  843.631659] firmadyne: sys_socket[PID: 862 (xmldbc)]: family:1, type:2, protocol:0
[  843.689680] firmadyne: sys_socket[PID: 863 (xmldbc)]: family:1, type:2, protocol:0
[  843.825890] firmadyne: sys_socket[PID: 867 (xmldbc)]: family:1, type:2, protocol:0
[  843.884805] firmadyne: sys_socket[PID: 868 (xmldbc)]: family:1, type:2, protocol:0
[  843.943216] firmadyne: sys_socket[PID: 869 (xmldbc)]: family:1, type:2, protocol:0
[  844.002385] firmadyne: sys_socket[PID: 870 (xmldbc)]: family:1, type:2, protocol:0
[  844.061914] firmadyne: sys_socket[PID: 871 (xmldbc)]: family:1, type:2, protocol:0
[  844.120638] firmadyne: sys_socket[PID: 872 (xmldbc)]: family:1, type:2, protocol:0
[  844.180949] firmadyne: sys_socket[PID: 873 (xmldbc)]: family:1, type:2, protocol:0
[  844.241685] firmadyne: sys_socket[PID: 874 (xmldbc)]: family:1, type:2, protocol:0
[  844.300290] firmadyne: sys_socket[PID: 875 (xmldbc)]: family:1, type:2, protocol:0
[  844.358267] firmadyne: sys_socket[PID: 876 (xmldbc)]: family:1, type:2, protocol:0
[  844.417561] firmadyne: sys_socket[PID: 877 (xmldbc)]: family:1, type:2, protocol:0
[  844.476549] firmadyne: sys_socket[PID: 878 (xmldbc)]: family:1, type:2, protocol:0
[  844.534983] firmadyne: sys_socket[PID: 879 (xmldbc)]: family:1, type:2, protocol:0
[  844.592801] firmadyne: sys_socket[PID: 880 (xmldbc)]: family:1, type:2, protocol:0
[  844.651583] firmadyne: sys_socket[PID: 881 (xmldbc)]: family:1, type:2, protocol:0
[  844.710061] firmadyne: sys_socket[PID: 882 (xmldbc)]: family:1, type:2, protocol:0
[  844.768426] firmadyne: sys_socket[PID: 883 (xmldbc)]: family:1, type:2, protocol:0
[  844.826384] firmadyne: sys_socket[PID: 884 (xmldbc)]: family:1, type:2, protocol:0
[  844.879715] firmadyne: sys_socket[PID: 885 (xmldbc)]: family:1, type:2, protocol:0
[  845.019047] firmadyne: sys_socket[PID: 889 (xmldbc)]: family:1, type:2, protocol:0
[  845.079227] firmadyne: sys_socket[PID: 890 (xmldbc)]: family:1, type:2, protocol:0
[  845.137802] firmadyne: sys_socket[PID: 891 (xmldbc)]: family:1, type:2, protocol:0
[  845.195388] firmadyne: sys_socket[PID: 892 (xmldbc)]: family:1, type:2, protocol:0
[  845.253478] firmadyne: sys_socket[PID: 893 (xmldbc)]: family:1, type:2, protocol:0
[  845.311771] firmadyne: sys_socket[PID: 894 (xmldbc)]: family:1, type:2, protocol:0
[  845.369434] firmadyne: sys_socket[PID: 895 (xmldbc)]: family:1, type:2, protocol:0
[  845.427766] firmadyne: sys_socket[PID: 896 (xmldbc)]: family:1, type:2, protocol:0
[  845.486117] firmadyne: sys_socket[PID: 897 (xmldbc)]: family:1, type:2, protocol:0
[  845.544848] firmadyne: sys_socket[PID: 898 (xmldbc)]: family:1, type:2, protocol:0
[  845.603088] firmadyne: sys_socket[PID: 899 (xmldbc)]: family:1, type:2, protocol:0
[  845.662260] firmadyne: sys_socket[PID: 900 (xmldbc)]: family:1, type:2, protocol:0
[  845.720970] firmadyne: sys_socket[PID: 901 (xmldbc)]: family:1, type:2, protocol:0
[  845.779407] firmadyne: sys_socket[PID: 902 (xmldbc)]: family:1, type:2, protocol:0
[  845.837203] firmadyne: sys_socket[PID: 903 (xmldbc)]: family:1, type:2, protocol:0
[  845.895235] firmadyne: sys_socket[PID: 904 (xmldbc)]: family:1, type:2, protocol:0
[  845.953572] firmadyne: sys_socket[PID: 905 (xmldbc)]: family:1, type:2, protocol:0
[  846.015681] firmadyne: sys_socket[PID: 906 (xmldbc)]: family:1, type:2, protocol:0
[  846.077987] firmadyne: sys_socket[PID: 907 (xmldbc)]: family:1, type:2, protocol:0
[  846.218656] firmadyne: sys_socket[PID: 911 (xmldbc)]: family:1, type:2, protocol:0
[  846.276717] firmadyne: sys_socket[PID: 912 (xmldbc)]: family:1, type:2, protocol:0
[  846.334470] firmadyne: sys_socket[PID: 913 (xmldbc)]: family:1, type:2, protocol:0
[  846.393200] firmadyne: sys_socket[PID: 914 (xmldbc)]: family:1, type:2, protocol:0
[  846.451248] firmadyne: sys_socket[PID: 915 (xmldbc)]: family:1, type:2, protocol:0
[  846.509098] firmadyne: sys_socket[PID: 916 (xmldbc)]: family:1, type:2, protocol:0
[  846.568501] firmadyne: sys_socket[PID: 917 (xmldbc)]: family:1, type:2, protocol:0
[  846.626787] firmadyne: sys_socket[PID: 918 (xmldbc)]: family:1, type:2, protocol:0
[  846.685284] firmadyne: sys_socket[PID: 919 (xmldbc)]: family:1, type:2, protocol:0
[  846.743630] firmadyne: sys_socket[PID: 920 (xmldbc)]: family:1, type:2, protocol:0
[  846.801711] firmadyne: sys_socket[PID: 921 (xmldbc)]: family:1, type:2, protocol:0
[  846.859798] firmadyne: sys_socket[PID: 922 (xmldbc)]: family:1, type:2, protocol:0
[  846.918697] firmadyne: sys_socket[PID: 923 (xmldbc)]: family:1, type:2, protocol:0
[  846.976766] firmadyne: sys_socket[PID: 924 (xmldbc)]: family:1, type:2, protocol:0
[  847.036343] firmadyne: sys_socket[PID: 925 (xmldbc)]: family:1, type:2, protocol:0
[  847.097338] firmadyne: sys_socket[PID: 926 (xmldbc)]: family:1, type:2, protocol:0
[  847.155624] firmadyne: sys_socket[PID: 927 (xmldbc)]: family:1, type:2, protocol:0
[  847.214064] firmadyne: sys_socket[PID: 928 (xmldbc)]: family:1, type:2, protocol:0
[  847.271783] firmadyne: sys_socket[PID: 929 (xmldbc)]: family:1, type:2, protocol:0
[  847.457111] firmadyne: sys_socket[PID: 934 (xmldbc)]: family:1, type:2, protocol:0
[  847.515140] firmadyne: sys_socket[PID: 935 (xmldbc)]: family:1, type:2, protocol:0
[  847.573130] firmadyne: sys_socket[PID: 936 (xmldbc)]: family:1, type:2, protocol:0
[  847.631875] firmadyne: sys_socket[PID: 937 (xmldbc)]: family:1, type:2, protocol:0
[  847.689758] firmadyne: sys_socket[PID: 938 (xmldbc)]: family:1, type:2, protocol:0
[  847.742787] firmadyne: sys_socket[PID: 939 (xmldbc)]: family:1, type:2, protocol:0
[  847.879577] firmadyne: sys_socket[PID: 943 (xmldbc)]: family:1, type:2, protocol:0
[  847.937255] firmadyne: sys_socket[PID: 944 (xmldbc)]: family:1, type:2, protocol:0
[  847.995970] firmadyne: sys_socket[PID: 945 (xmldbc)]: family:1, type:2, protocol:0
[  848.061157] firmadyne: sys_socket[PID: 946 (xmldbc)]: family:1, type:2, protocol:0
[  848.120672] firmadyne: sys_socket[PID: 947 (xmldbc)]: family:1, type:2, protocol:0
[  848.181003] firmadyne: sys_socket[PID: 948 (xmldbc)]: family:1, type:2, protocol:0
[  848.357304] firmadyne: sys_socket[PID: 953 (xmldbc)]: family:1, type:2, protocol:0
[  848.493110] firmadyne: sys_socket[PID: 957 (xmldbc)]: family:1, type:2, protocol:0
[  848.629024] firmadyne: sys_socket[PID: 961 (xmldbc)]: family:1, type:2, protocol:0
[  848.764956] firmadyne: sys_socket[PID: 965 (xmldbc)]: family:1, type:2, protocol:0
[  848.899543] firmadyne: sys_socket[PID: 969 (xmldbc)]: family:1, type:2, protocol:0
[  849.035066] firmadyne: sys_socket[PID: 973 (xmldbc)]: family:1, type:2, protocol:0
[  849.173377] firmadyne: sys_socket[PID: 977 (xmldbc)]: family:1, type:2, protocol:0
[  849.308976] firmadyne: sys_socket[PID: 981 (xmldbc)]: family:1, type:2, protocol:0
[  849.444988] firmadyne: sys_socket[PID: 985 (xmldbc)]: family:1, type:2, protocol:0
[  849.581511] firmadyne: sys_socket[PID: 989 (xmldbc)]: family:1, type:2, protocol:0
[  849.717762] firmadyne: sys_socket[PID: 993 (xmldbc)]: family:1, type:2, protocol:0
[  849.853657] firmadyne: sys_socket[PID: 997 (xmldbc)]: family:1, type:2, protocol:0
[  849.989659] firmadyne: sys_socket[PID: 1001 (xmldbc)]: family:1, type:2, protocol:0
[  850.128021] firmadyne: sys_socket[PID: 1005 (xmldbc)]: family:1, type:2, protocol:0
[  850.265913] firmadyne: sys_socket[PID: 1009 (xmldbc)]: family:1, type:2, protocol:0
[  850.401824] firmadyne: sys_socket[PID: 1013 (xmldbc)]: family:1, type:2, protocol:0
[  850.538347] firmadyne: sys_socket[PID: 1017 (xmldbc)]: family:1, type:2, protocol:0
[  850.675394] firmadyne: sys_socket[PID: 1021 (xmldbc)]: family:1, type:2, protocol:0
[  850.811465] firmadyne: sys_socket[PID: 1025 (xmldbc)]: family:1, type:2, protocol:0
[  850.947376] firmadyne: sys_socket[PID: 1029 (xmldbc)]: family:1, type:2, protocol:0
[  851.085780] firmadyne: sys_socket[PID: 1033 (xmldbc)]: family:1, type:2, protocol:0
[  851.221316] firmadyne: sys_socket[PID: 1037 (xmldbc)]: family:1, type:2, protocol:0
[  851.357240] firmadyne: sys_socket[PID: 1041 (xmldbc)]: family:1, type:2, protocol:0
[  851.493481] firmadyne: sys_socket[PID: 1045 (xmldbc)]: family:1, type:2, protocol:0
[  851.629623] firmadyne: sys_socket[PID: 1049 (xmldbc)]: family:1, type:2, protocol:0
[  851.766555] firmadyne: sys_socket[PID: 1053 (xmldbc)]: family:1, type:2, protocol:0
[  851.903124] firmadyne: sys_socket[PID: 1057 (xmldbc)]: family:1, type:2, protocol:0
[  852.040011] firmadyne: sys_socket[PID: 1061 (xmldbc)]: family:1, type:2, protocol:0
[  852.180738] firmadyne: sys_socket[PID: 1065 (xmldbc)]: family:1, type:2, protocol:0
[  852.319297] firmadyne: sys_socket[PID: 1069 (xmldbc)]: family:1, type:2, protocol:0
[  852.455918] firmadyne: sys_socket[PID: 1073 (xmldbc)]: family:1, type:2, protocol:0
[  852.591558] firmadyne: sys_socket[PID: 1077 (xmldbc)]: family:1, type:2, protocol:0
[  852.728664] firmadyne: sys_socket[PID: 1081 (xmldbc)]: family:1, type:2, protocol:0
[  852.786586] firmadyne: sys_socket[PID: 1082 (xmldbc)]: family:1, type:2, protocol:0
[  852.843856] firmadyne: sys_socket[PID: 1083 (xmldbc)]: family:1, type:2, protocol:0
[  852.901657] firmadyne: sys_socket[PID: 1084 (xmldbc)]: family:1, type:2, protocol:0
[  852.959163] firmadyne: sys_socket[PID: 1085 (xmldbc)]: family:1, type:2, protocol:0
[  853.017520] firmadyne: sys_socket[PID: 1086 (xmldbc)]: family:1, type:2, protocol:0
[  853.076564] firmadyne: sys_socket[PID: 1087 (xmldbc)]: family:1, type:2, protocol:0
[  853.137639] firmadyne: sys_socket[PID: 1088 (xmldbc)]: family:1, type:2, protocol:0
[  853.196094] firmadyne: sys_socket[PID: 1089 (xmldbc)]: family:1, type:2, protocol:0
PHP [/etc/defnodes/S11setnodes.php] ...
[  853.315700] firmadyne: sys_socket[PID: 1092 (rgdb)]: family:1, type:2, protocol:0
PHP [/etc/defnodes/S12features.php] ...
[  854.165263] firmadyne: sys_socket[PID: 1105 (rgdb)]: family:1, type:2, protocol:0
PHP [/etc/defnodes/S13flashspeed.php] ...
[  854.293890] firmadyne: sys_socket[PID: 1108 (rgdb)]: family:1, type:2, protocol:0
PHP [/etc/defnodes/S20setnodes.php] ...
[  854.546645] firmadyne: sys_socket[PID: 1113 (rgdb)]: family:1, type:2, protocol:0
[  855.003315] UDF-fs: warning (device mtdblock4): udf_fill_super: No partition found (2)
mount: mounting /dev/mtdblock/4 on /www/locale/alt failed: Invalid argument
PHP [/etc/defnodes/S40brand.php] ...
[  855.114378] firmadyne: sys_socket[PID: 1125 (rgdb)]: family:1, type:2, protocol:0
[/etc/scripts/misc/defnodes.sh] Done !!
[/etc/scripts/misc/profile.sh] put ...
[  855.786527] firmadyne: sys_socket[PID: 1133 (rgdb)]: family:1, type:2, protocol:0
ok
[  856.798111] firmadyne: sys_socket[PID: 1139 (rgdb)]: family:1, type:2, protocol:0
[  856.873786] firmadyne: sys_socket[PID: 1141 (rgdb)]: family:1, type:2, protocol:0
[/etc/templates/timezone.sh] ...
[  857.049913] firmadyne: sys_socket[PID: 1146 (rgdb)]: family:1, type:2, protocol:0
[  857.245393] firmadyne: sys_socket[PID: 1151 (rgdb)]: family:1, type:2, protocol:0
[  861.255154] firmadyne: sys_socket[PID: 1155 (rgdb)]: family:1, type:2, protocol:0
[  861.339297] firmadyne: sys_socket[PID: 1157 (rgdb)]: family:1, type:2, protocol:0
[  861.423337] firmadyne: sys_socket[PID: 1159 (rgdb)]: family:1, type:2, protocol:0
[  861.507199] firmadyne: sys_socket[PID: 1161 (rgdb)]: family:1, type:2, protocol:0
[  861.592533] firmadyne: sys_socket[PID: 1163 (rgdb)]: family:1, type:2, protocol:0
[  861.677882] firmadyne: sys_socket[PID: 1165 (rgdb)]: family:1, type:2, protocol:0
[  861.758560] firmadyne: sys_socket[PID: 1167 (rgdb)]: family:1, type:2, protocol:0
[  861.842067] firmadyne: sys_socket[PID: 1169 (rgdb)]: family:1, type:2, protocol:0
[  861.926725] firmadyne: sys_socket[PID: 1171 (rgdb)]: family:1, type:2, protocol:0
[  862.011834] firmadyne: sys_socket[PID: 1173 (rgdb)]: family:1, type:2, protocol:0
[  862.095918] firmadyne: sys_socket[PID: 1175 (rgdb)]: family:1, type:2, protocol:0
[/etc/templates/logs.sh] ...
[  863.080561] firmadyne: sys_socket[PID: 1203 (rgdb)]: family:1, type:2, protocol:0
[  863.178713] firmadyne: sys_socket[PID: 1205 (rgdb)]: family:1, type:2, protocol:0
[/var/run/logs_run.sh] ...
[  863.791269] firmadyne: sys_socket[PID: 1210 (syslogd)]: family:1, type:1, protocol:0
[  863.947454] firmadyne: sys_socket[PID: 1215 (rgdb)]: family:1, type:2, protocol:0
[  864.157644] firmadyne: sys_socket[PID: 1219 (ifconfig)]: family:2, type:1, protocol:0
[  864.237581] 8021q: adding VLAN 0 to HW filter on device eth0
[  864.278534] e1000: eth0 NIC Link is Up 1000 Mbps Full Duplex, Flow Control: RX
[  867.381871] firmadyne: sys_socket[PID: 1221 (rgdb)]: family:1, type:2, protocol:0
[  867.717603] firmadyne: sys_socket[PID: 1233 (rgdb)]: family:1, type:2, protocol:0
[  867.905975] firmadyne: sys_socket[PID: 1239 (rgdb)]: family:1, type:2, protocol:0
[  867.930896] firmadyne: sys_socket[PID: 1240 (ifconfig)]: family:2, type:1, protocol:0
[  867.934112] firmadyne: __inet_insert_ifa[PID: 1240 (ifconfig)]: device:lo ifa:0x7f000001
[  867.991427] firmadyne: sys_socket[PID: 1241 (brctl)]: family:2, type:2, protocol:0
[  868.098115] firmadyne: sys_socket[PID: 1244 (brctl)]: family:2, type:2, protocol:0
[  868.102198] firmadyne: sys_socket[PID: 1244 (brctl)]: family:10, type:1, protocol:0
[  868.157780] firmadyne: sys_socket[PID: 1245 (brctl)]: family:2, type:2, protocol:0
[  868.162003] firmadyne: sys_socket[PID: 1245 (brctl)]: family:10, type:1, protocol:0
[/etc/init.d/S03config.sh] done!
[/etc/init.d/S10system.sh]
start Layout ...
[/etc/scripts/layout.sh] start ...
[  868.547789] firmadyne: sys_socket[PID: 1255 (rgdb)]: family:1, type:2, protocol:0
[  868.687677] firmadyne: sys_socket[PID: 1256 (rgdb)]: family:1, type:2, protocol:0
[/var/run/layout_start.sh] ...
Start bridge layout ...
[  868.847662] firmadyne: sys_socket[PID: 1260 (ifconfig)]: family:2, type:1, protocol:0
[  868.896826] firmadyne: sys_socket[PID: 1261 (brctl)]: family:2, type:2, protocol:0
[  868.899974] firmadyne: sys_socket[PID: 1261 (brctl)]: family:10, type:1, protocol:0
[  868.903750] firmadyne: sys_socket[PID: 1261 (brctl)]: family:10, type:1, protocol:0
[  868.905700] firmadyne: br_add_if[PID: 1261 (brctl)]: br:br0 dev:eth0
[  868.912393] device eth0 entered promiscuous mode
[  869.006695] firmadyne: sys_socket[PID: 1264 (xmldbc)]: family:1, type:2, protocol:0
[  869.094936] firmadyne: sys_socket[PID: 1267 (ifconfig)]: family:2, type:1, protocol:0
[  869.097622] br0: port 1(eth0) entered forwarding state
[  869.098523] br0: port 1(eth0) entered forwarding state
[  869.150788] firmadyne: sys_socket[PID: 1268 (rgdb)]: family:1, type:2, protocol:0
start LAN ...
[/etc/templates/lan.sh] ...
[  869.321059] firmadyne: sys_socket[PID: 1273 (rgdb)]: family:1, type:2, protocol:0
[  869.475132] firmadyne: sys_socket[PID: 1276 (rgdb)]: family:1, type:2, protocol:0
[  869.590335] firmadyne: sys_socket[PID: 1277 (rgdb)]: family:1, type:2, protocol:0
[/var/run/lan_start.sh] ...
Bridge mode selected, LAN is disabled !
start web server ...
[/etc/templates/webs.sh] start ...
[  869.894322] firmadyne: sys_socket[PID: 1285 (rgdb)]: family:1, type:2, protocol:0
[  869.982910] firmadyne: sys_socket[PID: 1287 (rgdb)]: family:1, type:2, protocol:0
[  870.133122] firmadyne: sys_socket[PID: 1290 (rgdb)]: family:1, type:2, protocol:0
[  870.302775] firmadyne: sys_socket[PID: 1291 (rgdb)]: family:1, type:2, protocol:0
[/var/run/webs_start.sh] ...
Starting HTTPD ...
start eth0 vlan setup ...
/etc/scripts/eth_vlan.sh: not found
[  870.716759] firmadyne: sys_socket[PID: 1301 (rgdb)]: family:1, type:2, protocol:0
[  870.749521] firmadyne: sys_socket[PID: 1302 (rgdb)]: family:1, type:2, protocol:0
[  870.960093] firmadyne: sys_socket[PID: 1303 (rgdb)]: family:1, type:2, protocol:0
#!/bin/sh
echo [$0] ... > /dev/console

# limitedadmin.php <<<

limitedadmin.sh...
[  871.275547] firmadyne: sys_socket[PID: 1307 (brctl)]: family:2, type:2, protocol:0
[  871.283074] firmadyne: sys_socket[PID: 1307 (brctl)]: family:10, type:1, protocol:0
[  871.391251] firmadyne: sys_socket[PID: 1308 (brctl)]: family:2, type:2, protocol:0
[  871.398454] firmadyne: sys_socket[PID: 1308 (brctl)]: family:10, type:1, protocol:0
[  871.505627] firmadyne: sys_socket[PID: 1309 (brctl)]: family:2, type:2, protocol:0
[  871.512957] firmadyne: sys_socket[PID: 1309 (brctl)]: family:10, type:1, protocol:0
[  871.620005] firmadyne: sys_socket[PID: 1310 (brctl)]: family:2, type:2, protocol:0
[  871.627045] firmadyne: sys_socket[PID: 1310 (brctl)]: family:10, type:1, protocol:0
[  871.734511] firmadyne: sys_socket[PID: 1311 (brctl)]: family:2, type:2, protocol:0
[  871.741890] firmadyne: sys_socket[PID: 1311 (brctl)]: family:10, type:1, protocol:0
[  871.848053] firmadyne: sys_socket[PID: 1312 (brctl)]: family:2, type:2, protocol:0
[  871.855080] firmadyne: sys_socket[PID: 1312 (brctl)]: family:10, type:1, protocol:0
start fresetd ...
enable LAN ports ...
[  872.132573] firmadyne: sys_socket[PID: 1314 (servd)]: family:1, type:2, protocol:0
Factory reset time : 5 secs
System reset time  : 1 secs
WPS command : [/etc/templates/wps.sh pbc &]
[  872.217905] firmadyne: sys_socket[PID: 1305 (httpd)]: family:10, type:2, protocol:6
[  872.219251] firmadyne: sys_setsockopt[PID: 1305 (httpd)]: fd:4, level:65535, optname:4
[/etc/scripts/enlan.sh] ...
/dev/gpio: No such device or address
[  872.313480] firmadyne: sys_socket[PID: 1317 (fresetd)]: family:1, type:1, protocol:0
 Generate channel table according to the country code...
[  872.437641] firmadyne: sys_socket[PID: 1327 (httpd)]: family:1, type:1, protocol:0
[  872.488762] firmadyne: sys_socket[PID: 1330 (genchanneltable)]: family:1, type:2, protocol:0
[  872.504706] firmadyne: sys_socket[PID: 1330 (genchanneltable)]: family:1, type:2, protocol:0
[  872.510179] firmadyne: sys_socket[PID: 1330 (genchanneltable)]: family:1, type:2, protocol:0
[  872.532822] firmadyne: sys_socket[PID: 1331 (getsys)]: family:1, type:2, protocol:0
UNKNOW country code!! Use USA for default!!
[  872.637180] firmadyne: sys_socket[PID: 1330 (genchanneltable)]: family:1, type:2, protocol:0
[  872.644100] firmadyne: sys_socket[PID: 1331 (getsys)]: family:1, type:2, protocol:0
[  872.649305] firmadyne: sys_socket[PID: 1330 (genchanneltable)]: family:1, type:2, protocol:0
[  872.655686] firmadyne: sys_socket[PID: 1331 (getsys)]: family:1, type:2, protocol:0
[  872.660087] firmadyne: sys_socket[PID: 1330 (genchanneltable)]: family:1, type:2, protocol:0
[  872.667046] firmadyne: sys_socket[PID: 1331 (getsys)]: family:1, type:2, protocol:0
[  872.671794] firmadyne: sys_socket[PID: 1330 (genchanneltable)]: family:1, type:2, protocol:0
[  872.678388] firmadyne: sys_socket[PID: 1331 (getsys)]: family:1, type:2, protocol:0
[  872.683079] firmadyne: sys_socket[PID: 1330 (genchanneltable)]: family:1, type:2, protocol:0
[  872.689561] firmadyne: sys_socket[PID: 1331 (getsys)]: family:1, type:2, protocol:0
[  872.694356] firmadyne: sys_socket[PID: 1330 (genchanneltable)]: family:1, type:2, protocol:0
[  872.701044] firmadyne: sys_socket[PID: 1331 (getsys)]: family:1, type:2, protocol:0
[  872.705696] firmadyne: sys_socket[PID: 1330 (genchanneltable)]: family:1, type:2, protocol:0
[  872.711928] firmadyne: sys_socket[PID: 1331 (getsys)]: family:1, type:2, protocol:0
[  872.716004] firmadyne: sys_socket[PID: 1330 (genchanneltable)]: family:1, type:2, protocol:0
[  872.723678] firmadyne: sys_socket[PID: 1331 (getsys)]: family:1, type:2, protocol:0
[  872.728566] firmadyne: sys_socket[PID: 1330 (genchanneltable)]: family:1, type:2, protocol:0
[  872.735188] firmadyne: sys_socket[PID: 1331 (getsys)]: family:1, type:2, protocol:0
[  872.740371] firmadyne: sys_socket[PID: 1330 (genchanneltable)]: family:1, type:2, protocol:0
[  872.746713] firmadyne: sys_socket[PID: 1331 (getsys)]: family:1, type:2, protocol:0
[  872.751528] firmadyne: sys_socket[PID: 1330 (genchanneltable)]: family:1, type:2, protocol:0
[  872.758143] firmadyne: sys_socket[PID: 1331 (getsys)]: family:1, type:2, protocol:0
[  872.763108] firmadyne: sys_socket[PID: 1330 (genchanneltable)]: family:1, type:2, protocol:0
[  872.770106] firmadyne: sys_socket[PID: 1331 (getsys)]: family:1, type:2, protocol:0
[  872.775133] firmadyne: sys_socket[PID: 1330 (genchanneltable)]: family:1, type:2, protocol:0
[  872.781641] firmadyne: sys_socket[PID: 1331 (getsys)]: family:1, type:2, protocol:0
[  872.786653] firmadyne: sys_socket[PID: 1330 (genchanneltable)]: family:1, type:2, protocol:0
[  872.793242] firmadyne: sys_socket[PID: 1331 (getsys)]: family:1, type:2, protocol:0
[  872.798406] firmadyne: sys_socket[PID: 1330 (genchanneltable)]: family:1, type:2, protocol:0
[  872.805005] firmadyne: sys_socket[PID: 1331 (getsys)]: family:1, type:2, protocol:0
[  872.809955] firmadyne: sys_socket[PID: 1330 (genchanneltable)]: family:1, type:2, protocol:0
[  872.816593] firmadyne: sys_socket[PID: 1331 (getsys)]: family:1, type:2, protocol:0
[  872.820859] firmadyne: sys_socket[PID: 1330 (genchanneltable)]: family:1, type:2, protocol:0
[  872.830929] firmadyne: sys_socket[PID: 1331 (getsys)]: family:1, type:2, protocol:0
[  872.835296] firmadyne: sys_socket[PID: 1330 (genchanneltable)]: family:1, type:2, protocol:0
[  872.842591] firmadyne: sys_socket[PID: 1330 (genchanneltable)]: family:1, type:2, protocol:0
[  872.858193] firmadyne: sys_socket[PID: 1330 (genchanneltable)]: family:1, type:2, protocol:0
[  872.865007] firmadyne: sys_socket[PID: 1330 (genchanneltable)]: family:1, type:2, protocol:0
[  872.878474] firmadyne: sys_socket[PID: 1330 (genchanneltable)]: family:1, type:2, protocol:0
[  872.886275] firmadyne: sys_socket[PID: 1330 (genchanneltable)]: family:1, type:2, protocol:0
[  872.897705] firmadyne: sys_socket[PID: 1330 (genchanneltable)]: family:1, type:2, protocol:0
[  872.903905] firmadyne: sys_socket[PID: 1330 (genchanneltable)]: family:1, type:2, protocol:0
[  872.912715] firmadyne: sys_socket[PID: 1330 (genchanneltable)]: family:1, type:2, protocol:0
[  872.922066] firmadyne: sys_socket[PID: 1330 (genchanneltable)]: family:1, type:2, protocol:0
[  872.928067] firmadyne: sys_socket[PID: 1330 (genchanneltable)]: family:1, type:2, protocol:0
[  872.941204] firmadyne: sys_socket[PID: 1330 (genchanneltable)]: family:1, type:2, protocol:0
/dev/gpio: No such device or address
 Generate VLAN table according to the port...
[  873.018057] firmadyne: sys_socket[PID: 1339 (genVLANTableByP)]: family:1, type:2, protocol:0
[  873.025354] firmadyne: sys_socket[PID: 1339 (genVLANTableByP)]: family:1, type:2, protocol:0
[  873.031554] firmadyne: sys_socket[PID: 1339 (genVLANTableByP)]: family:1, type:2, protocol:0
[  873.037983] firmadyne: sys_socket[PID: 1339 (genVLANTableByP)]: family:1, type:2, protocol:0
[  873.043616] firmadyne: sys_socket[PID: 1339 (genVLANTableByP)]: family:1, type:2, protocol:0
[  873.049882] firmadyne: sys_socket[PID: 1339 (genVLANTableByP)]: family:1, type:2, protocol:0
[  873.055437] firmadyne: sys_socket[PID: 1339 (genVLANTableByP)]: family:1, type:2, protocol:0
[  873.061997] firmadyne: sys_socket[PID: 1339 (genVLANTableByP)]: family:1, type:2, protocol:0
[  873.067819] firmadyne: sys_socket[PID: 1339 (genVLANTableByP)]: family:1, type:2, protocol:0
[  873.074389] firmadyne: sys_socket[PID: 1339 (genVLANTableByP)]: family:1, type:2, protocol:0
[  873.079939] firmadyne: sys_socket[PID: 1339 (genVLANTableByP)]: family:1, type:2, protocol:0
[  873.085655] firmadyne: sys_socket[PID: 1339 (genVLANTableByP)]: family:1, type:2, protocol:0
[  873.091158] firmadyne: sys_socket[PID: 1339 (genVLANTableByP)]: family:1, type:2, protocol:0
[  873.097771] firmadyne: sys_socket[PID: 1339 (genVLANTableByP)]: family:1, type:2, protocol:0
[  873.103415] firmadyne: sys_socket[PID: 1339 (genVLANTableByP)]: family:1, type:2, protocol:0
[  873.109928] firmadyne: sys_socket[PID: 1339 (genVLANTableByP)]: family:1, type:2, protocol:0
[  873.115131] firmadyne: sys_socket[PID: 1339 (genVLANTableByP)]: family:1, type:2, protocol:0
[  873.121728] firmadyne: sys_socket[PID: 1339 (genVLANTableByP)]: family:1, type:2, protocol:0
[  873.127227] firmadyne: sys_socket[PID: 1339 (genVLANTableByP)]: family:1, type:2, protocol:0
[  873.131961] firmadyne: sys_socket[PID: 1339 (genVLANTableByP)]: family:1, type:2, protocol:0
[  873.138776] firmadyne: sys_socket[PID: 1339 (genVLANTableByP)]: family:1, type:2, protocol:0
