[    0.000000] Linux version 4.1.17+ (alessio@pc) (gcc version 5.5.0 20171010 (Ubuntu 5.5.0-12ubuntu1) ) #1 Mon May 15 23:04:08 CEST 2023
[    0.000000] earlycon: Early serial console at I/O port 0x3f8 (options '38400n8')
[    0.000000] bootconsole [uart0] enabled
[    0.000000] CPU0 revision is: 00019300 (MIPS 24Kc)
[    0.000000] FPU revision is: 00739300
[    0.000000] Software DMA cache coherency enabled
[    0.000000] Determined physical RAM map:
[    0.000000]  memory: 00001000 @ 00000000 (reserved)
[    0.000000]  memory: 000ef000 @ 00001000 (ROM data)
[    0.000000]  memory: 00798000 @ 000f0000 (reserved)
[    0.000000]  memory: 0f777000 @ 00888000 (usable)
[    0.000000] debug: ignoring loglevel setting.
[    0.000000] Wasting 69888 bytes for tracking 2184 unused pages
[    0.000000] Initrd not found or empty - disabling initrd
[    0.000000] Zone ranges:
[    0.000000]   DMA      [mem 0x0000000000000000-0x0000000000ffffff]
[    0.000000]   Normal   [mem 0x0000000001000000-0x000000000fffefff]
[    0.000000] Movable zone start for each node
[    0.000000] Early memory node ranges
[    0.000000]   node   0: [mem 0x0000000000000000-0x000000000fffefff]
[    0.000000] Initmem setup node 0 [mem 0x0000000000000000-0x000000000fffefff]
[    0.000000] On node 0 totalpages: 65535
[    0.000000] free_area_init_node: node 0, pgdat 8081d5b0, node_mem_map 81000000
[    0.000000]   DMA zone: 32 pages used for memmap
[    0.000000]   DMA zone: 0 pages reserved
[    0.000000]   DMA zone: 4096 pages, LIFO batch:0
[    0.000000]   Normal zone: 480 pages used for memmap
[    0.000000]   Normal zone: 61439 pages, LIFO batch:15
[    0.000000] Primary instruction cache 2kB, VIPT, 2-way, linesize 16 bytes.
[    0.000000] Primary data cache 2kB, 2-way, VIPT, no aliases, linesize 16 bytes
[    0.000000] pcpu-alloc: s0 r0 d32768 u32768 alloc=1*32768
[    0.000000] pcpu-alloc: [0] 0 
[    0.000000] Built 1 zonelists in Zone order, mobility grouping on.  Total pages: 65023
[    0.000000] Kernel command line: root=/dev/sda1 console=ttyS0 nandsim.parts=64,64,64,64,64,64,64,64,64,64 rdinit=/firmadyne/preInit.sh rw debug ignore_loglevel print-fatal-signals=1 FIRMAE_NET=true FIRMAE_NVRAM=true FIRMAE_KERNEL=true FIRMAE_ETC=true user_debug=0 firmadyne.syscall=1 noka
[    0.000000] found FIRMAE_KERNEL=t
[    0.000000] set the LD_PRELOAD=/firmadyne/libnvram_ioctl.so
[    0.000000] PID hash table entries: 1024 (order: 0, 4096 bytes)
[    0.000000] Dentry cache hash table entries: 32768 (order: 5, 131072 bytes)
[    0.000000] Inode-cache hash table entries: 16384 (order: 4, 65536 bytes)
[    0.000000] Writing ErrCtl register=00000000
[    0.000000] Readback ErrCtl register=00000000
[    0.000000] Memory: 251112K/262140K available (5360K kernel code, 244K rwdata, 1676K rodata, 260K init, 158K bss, 11028K reserved, 0K cma-reserved)
[    0.000000] NR_IRQS:256
[    0.000000] CPU frequency 200.01 MHz
[    0.000000] clocksource MIPS: mask: 0xffffffff max_cycles: 0xffffffff, max_idle_ns: 19112072763 ns
[    0.000208] sched_clock: 32 bits at 100MHz, resolution 9ns, wraps every 21474239483ns
[    0.015516] Console: colour dummy device 80x25
[    0.016777] Calibrating delay loop... 21.92 BogoMIPS (lpj=43840)
[    0.068889] pid_max: default: 32768 minimum: 301
[    0.073526] Mount-cache hash table entries: 1024 (order: 0, 4096 bytes)
[    0.074059] Mountpoint-cache hash table entries: 1024 (order: 0, 4096 bytes)
[    0.142497] clocksource jiffies: mask: 0xffffffff max_cycles: 0xffffffff, max_idle_ns: 7645041785100000 ns
[    0.154033] NET: Registered protocol family 16
[    0.451242] clocksource pit: mask: 0xffffffff max_cycles: 0xffffffff, max_idle_ns: 1601818034827 ns
[    0.615356] vgaarb: loaded
[    0.621475] SCSI subsystem initialized
[    0.623920] libata version 3.00 loaded.
[    0.628806] usbcore: registered new interface driver usbfs
[    0.630324] usbcore: registered new interface driver hub
[    0.631478] usbcore: registered new device driver usb
[    0.634482] pps_core: LinuxPPS API ver. 1 registered
[    0.634904] pps_core: Software ver. 5.3.6 - Copyright 2005-2007 Rodolfo Giometti <giometti@linux.it>
[    0.635894] PTP clock support registered
[    0.640902] PCI host bridge to bus 0000:00
[    0.641812] pci_bus 0000:00: root bus resource [mem 0x10000000-0x17ffffff]
[    0.642451] pci_bus 0000:00: root bus resource [io  0x1000-0x1fffff]
[    0.643067] pci_bus 0000:00: root bus resource [??? 0x00000000 flags 0x0]
[    0.643670] pci_bus 0000:00: No busn resource found for root bus, will use [bus 00-ff]
[    0.644997] pci 0000:00:00.0: [11ab:4620] type 00 class 0x060000
[    0.646169] pci 0000:00:00.0: [Firmware Bug]: reg 0x14: invalid BAR (can't size)
[    0.646784] pci 0000:00:00.0: [Firmware Bug]: reg 0x18: invalid BAR (can't size)
[    0.647391] pci 0000:00:00.0: [Firmware Bug]: reg 0x1c: invalid BAR (can't size)
[    0.648019] pci 0000:00:00.0: [Firmware Bug]: reg 0x20: invalid BAR (can't size)
[    0.648653] pci 0000:00:00.0: [Firmware Bug]: reg 0x24: invalid BAR (can't size)
[    0.652933] pci 0000:00:0a.0: [8086:7110] type 00 class 0x060100
[    0.656790] pci 0000:00:0a.1: [8086:7111] type 00 class 0x010180
[    0.657618] pci 0000:00:0a.1: reg 0x20: [io  0x0000-0x000f]
[    0.658418] pci 0000:00:0a.1: legacy IDE quirk: reg 0x10: [io  0x01f0-0x01f7]
[    0.659040] pci 0000:00:0a.1: legacy IDE quirk: reg 0x14: [io  0x03f6]
[    0.659649] pci 0000:00:0a.1: legacy IDE quirk: reg 0x18: [io  0x0170-0x0177]
[    0.660258] pci 0000:00:0a.1: legacy IDE quirk: reg 0x1c: [io  0x0376]
[    0.663770] pci 0000:00:0a.2: [8086:7112] type 00 class 0x0c0300
[    0.664483] pci 0000:00:0a.2: reg 0x20: [io  0x0000-0x001f]
[    0.668010] pci 0000:00:0a.3: [8086:7113] type 00 class 0x068000
[    0.669521] pci 0000:00:0a.3: quirk: [io  0x1000-0x103f] claimed by PIIX4 ACPI
[    0.670206] pci 0000:00:0a.3: quirk: [io  0x1100-0x110f] claimed by PIIX4 SMB
[    0.673757] pci 0000:00:12.0: [1013:00b8] type 00 class 0x030000
[    0.674412] pci 0000:00:12.0: reg 0x10: [mem 0x00000000-0x01ffffff pref]
[    0.675185] pci 0000:00:12.0: reg 0x14: [mem 0x00000000-0x00000fff]
[    0.675869] pci 0000:00:12.0: reg 0x30: [mem 0x00000000-0x0000ffff pref]
[    0.678664] vgaarb: device added: PCI:0000:00:12.0,decodes=io+mem,owns=none,locks=none
[    0.680179] pci 0000:00:13.0: [8086:100e] type 00 class 0x020000
[    0.680823] pci 0000:00:13.0: reg 0x10: [mem 0x00000000-0x0001ffff]
[    0.681411] pci 0000:00:13.0: reg 0x14: [io  0x0000-0x003f]
[    0.682058] pci 0000:00:13.0: reg 0x30: [mem 0x00000000-0x0003ffff pref]
[    0.685428] pci 0000:00:14.0: [8086:100e] type 00 class 0x020000
[    0.686061] pci 0000:00:14.0: reg 0x10: [mem 0x00000000-0x0001ffff]
[    0.686645] pci 0000:00:14.0: reg 0x14: [io  0x0000-0x003f]
[    0.687293] pci 0000:00:14.0: reg 0x30: [mem 0x00000000-0x0003ffff pref]
[    0.690829] pci 0000:00:15.0: [8086:100e] type 00 class 0x020000
[    0.691466] pci 0000:00:15.0: reg 0x10: [mem 0x00000000-0x0001ffff]
[    0.692212] pci 0000:00:15.0: reg 0x14: [io  0x0000-0x003f]
[    0.692863] pci 0000:00:15.0: reg 0x30: [mem 0x00000000-0x0003ffff pref]
[    0.696120] pci 0000:00:16.0: [8086:100e] type 00 class 0x020000
[    0.696890] pci 0000:00:16.0: reg 0x10: [mem 0x00000000-0x0001ffff]
[    0.697479] pci 0000:00:16.0: reg 0x14: [io  0x0000-0x003f]
[    0.698130] pci 0000:00:16.0: reg 0x30: [mem 0x00000000-0x0003ffff pref]
[    0.701727] pci_bus 0000:00: busn_res: [bus 00-ff] end is updated to 00
[    0.703307] pci 0000:00:12.0: BAR 0: assigned [mem 0x10000000-0x11ffffff pref]
[    0.704095] pci 0000:00:13.0: BAR 6: assigned [mem 0x12000000-0x1203ffff pref]
[    0.705023] pci 0000:00:14.0: BAR 6: assigned [mem 0x12040000-0x1207ffff pref]
[    0.705704] pci 0000:00:15.0: BAR 6: assigned [mem 0x12080000-0x120bffff pref]
[    0.706374] pci 0000:00:16.0: BAR 6: assigned [mem 0x120c0000-0x120fffff pref]
[    0.707031] pci 0000:00:13.0: BAR 0: assigned [mem 0x12100000-0x1211ffff]
[    0.707683] pci 0000:00:14.0: BAR 0: assigned [mem 0x12120000-0x1213ffff]
[    0.708336] pci 0000:00:15.0: BAR 0: assigned [mem 0x12140000-0x1215ffff]
[    0.709157] pci 0000:00:16.0: BAR 0: assigned [mem 0x12160000-0x1217ffff]
[    0.709831] pci 0000:00:12.0: BAR 6: assigned [mem 0x12180000-0x1218ffff pref]
[    0.710496] pci 0000:00:12.0: BAR 1: assigned [mem 0x12190000-0x12190fff]
[    0.711152] pci 0000:00:13.0: BAR 1: assigned [io  0x1040-0x107f]
[    0.711748] pci 0000:00:14.0: BAR 1: assigned [io  0x1080-0x10bf]
[    0.712347] pci 0000:00:15.0: BAR 1: assigned [io  0x10c0-0x10ff]
[    0.712984] pci 0000:00:16.0: BAR 1: assigned [io  0x1400-0x143f]
[    0.713738] pci 0000:00:0a.2: BAR 4: assigned [io  0x1440-0x145f]
[    0.714347] pci 0000:00:0a.1: BAR 4: assigned [io  0x1460-0x146f]
[    0.733124] cfg80211: Calling CRDA to update world regulatory domain
[    0.748180] Switched to clocksource MIPS
[    0.873033] NET: Registered protocol family 2
[    0.886278] TCP established hash table entries: 2048 (order: 1, 8192 bytes)
[    0.887531] TCP bind hash table entries: 2048 (order: 1, 8192 bytes)
[    0.888876] TCP: Hash tables configured (established 2048 bind 2048)
[    0.890061] UDP hash table entries: 256 (order: 0, 4096 bytes)
[    0.890828] UDP-Lite hash table entries: 256 (order: 0, 4096 bytes)
[    0.895221] NET: Registered protocol family 1
[    0.897171] PCI: Enabling device 0000:00:0a.2 (0000 -> 0001)
[    0.898826] PCI: CLS 0 bytes, default 16
[    0.934221] futex hash table entries: 256 (order: -1, 3072 bytes)
[    0.952576] squashfs: version 4.0 (2009/01/31) Phillip Lougher
[    0.955333] jffs2: version 2.2. (NAND) Â© 2001-2006 Red Hat, Inc.
[    0.959101] romfs: ROMFS MTD (C) 2007 Red Hat, Inc.
[    0.985832] Block layer SCSI generic (bsg) driver version 0.4 loaded (major 251)
[    0.986536] io scheduler noop registered
[    0.987304] io scheduler cfq registered (default)
[    0.988609] firmadyne: devfs: 1, execute: 1, procfs: 1, syscall: 1
[    0.994776] firmadyne: Cannot register character device: gpio, 0xfc, 0x0!
[    1.004144] firmadyne: Cannot register character device: watchdog, 0xa, 0x82!
[    1.004835] firmadyne: Cannot register character device: wdt, 0xfd, 0x0!
[    2.892491] strName = 4.1.17+
[    2.892491] init_task_addr  = 2155778944
[    2.892491] init_task_size  = 1296
[    2.892491] ts_tasks        = 292
[    2.892491] ts_pid          = 408
[    2.892491] ts_tgid         = 412
[    2.892491] ts_group_leader = 440
[    2.892491] ts_thread_group = 496
[    2.892491] ts_real_parent  = 416
[    2.892491] ts_mm           = 300
[    2.892491] ts_stack        = 4
[    2.894931] module_name   = 12
[    2.894931] module_size   = 208
[    2.894931] module_init   = 200
[    2.894931] module_list   = 4
[    2.895918] ts_real_cred    = 624
[    2.895918] ts_cred         = 628
[    2.895918] ts_comm         = 632
[    2.895918] cred_uid        = 4
[    2.895918] cred_gid        = 8
[    2.895918] cred_euid       = 20
[    2.895918] cred_egid       = 24
[    2.897904] mm_mmap         = 0
[    2.897904] mm_pgd          = 32
[    2.897904] mm_arg_start    = 136
[    2.897904] mm_start_brk    = 124
[    2.897904] mm_brk          = 128
[    2.897904] mm_start_stack  = 132
[    2.899338] vma_vm_start    = 0
[    2.899338] vma_vm_end      = 4
[    2.899338] vma_vm_next     = 8
[    2.899338] vma_vm_file     = 80
[    2.899338] vma_vm_flags    = 40
[    2.899338] vma_vm_pgoff    = 76
[    2.901019] file_dentry     = 12
[    2.901019] file_inode      = 40
[    2.901019] dentry_d_name   = 24
[    2.901019] dentry_d_iname  = 44
[    2.901019] dentry_d_parent = 16
[    2.901019] ti_task         = 0
[    2.901019] inode_ino   = 28
[    4.078122] proc_fork_connector  = 2151078840
[    4.078515] proc_exit_connector  = 2151080432
[    4.078864] proc_exec_connector  = 2151079052
[    4.079211] vma_link  = 2149124372
[    4.079506] vma_adjust  = 2149124540
[    4.079810] remove_vma  = 2149122188
[    4.080292] modules  = 2155833724
[    4.080595] trim_init_extable  = 2150545316
[    4.081964] cfg80211: Calling CRDA to update world regulatory domain
[    4.085763] PCI: Enabling device 0000:00:12.0 (0000 -> 0002)
[    4.087220] cirrusfb 0000:00:12.0: Cirrus Logic chipset on PCI bus, RAM (4096 kB) at 0x10000000
[    4.322392] Console: switching to colour frame buffer device 80x30
[    4.400119] Serial: 8250/16550 driver, 4 ports, IRQ sharing enabled
[    4.415949] console [ttyS0] disabled
[    4.441563] serial8250.0: ttyS0 at I/O 0x3f8 (irq = 4, base_baud = 115200) is a 16550A
[    4.442793] console [ttyS0] enabled
[    4.442793] console [ttyS0] enabled
[    4.443416] bootconsole [uart0] disabled
[    4.443416] bootconsole [uart0] disabled
[    4.472808] serial8250.0: ttyS1 at I/O 0x2f8 (irq = 3, base_baud = 115200) is a 16550A
[    4.609365] brd: module loaded
[    4.680498] loop: module loaded
[    4.688004] ata_piix 0000:00:0a.1: version 2.13
[    4.688850] PCI: Enabling device 0000:00:0a.1 (0000 -> 0001)
[    4.718520] scsi host0: ata_piix
[    4.725227] scsi host1: ata_piix
[    4.729807] ata1: PATA max UDMA/33 cmd 0x1f0 ctl 0x3f6 bmdma 0x1460 irq 14
[    4.730412] ata2: PATA max UDMA/33 cmd 0x170 ctl 0x376 bmdma 0x1468 irq 15
[    4.738364] [nandsim] warning: read_byte: unexpected data output cycle, state is STATE_READY return 0x0
[    4.739077] [nandsim] warning: read_byte: unexpected data output cycle, state is STATE_READY return 0x0
[    4.739753] [nandsim] warning: read_byte: unexpected data output cycle, state is STATE_READY return 0x0
[    4.740631] [nandsim] warning: read_byte: unexpected data output cycle, state is STATE_READY return 0x0
[    4.741302] [nandsim] warning: read_byte: unexpected data output cycle, state is STATE_READY return 0x0
[    4.741959] [nandsim] warning: read_byte: unexpected data output cycle, state is STATE_READY return 0x0
[    4.742820] nand: device found, Manufacturer ID: 0x98, Chip ID: 0x39
[    4.743323] nand: Toshiba NAND 128MiB 1,8V 8-bit
[    4.743789] nand: 128 MiB, SLC, erase size: 16 KiB, page size: 512, OOB size: 16
[    4.745914] flash size: 128 MiB
[    4.746235] page size: 512 bytes
[    4.746544] OOB area size: 16 bytes
[    4.746874] sector size: 16 KiB
[    4.747169] pages number: 262144
[    4.747466] pages per sector: 32
[    4.747760] bus width: 8
[    4.748042] bits in sector size: 14
[    4.748511] bits in page size: 9
[    4.748815] bits in OOB size: 4
[    4.749124] flash size with OOB: 135168 KiB
[    4.749467] page address bytes: 4
[    4.749770] sector address bytes: 3
[    4.750085] options: 0x42
[    4.849985] Scanning device for bad blocks
[    6.304391] ata2.01: NODEV after polling detection
[    6.305201] ata1.01: NODEV after polling detection
[    6.307081] ata2.00: ATAPI: QEMU DVD-ROM, 2.5+, max UDMA/100
[    6.310248] ata1.00: ATA-7: QEMU HARDDISK, 2.5+, max UDMA/100
[    6.310769] ata1.00: 2097152 sectors, multi 16: LBA48 
[    6.317209] ata2.00: configured for UDMA/33
[    6.319484] ata1.00: configured for UDMA/33
[    6.329647] scsi 0:0:0:0: Direct-Access     ATA      QEMU HARDDISK    2.5+ PQ: 0 ANSI: 5
[    6.347853] sd 0:0:0:0: [sda] 2097152 512-byte logical blocks: (1.07 GB/1.00 GiB)
[    6.349882] scsi 1:0:0:0: CD-ROM            QEMU     QEMU DVD-ROM     2.5+ PQ: 0 ANSI: 5
[    6.364680] sd 0:0:0:0: [sda] Write Protect is off
[    6.365281] sd 0:0:0:0: [sda] Mode Sense: 00 3a 00 00
[    6.366982] sd 0:0:0:0: [sda] Write cache: enabled, read cache: enabled, doesn't support DPO or FUA
[    6.379924]  sda: sda1
[    6.394017] sd 0:0:0:0: [sda] Attached SCSI disk
[    6.394642] Creating 11 MTD partitions on "NAND 128MiB 1,8V 8-bit":
[    6.395368] 0x000000000000-0x000000100000 : "NAND simulator partition 0"
[    6.408311] 0x000000100000-0x000000200000 : "NAND simulator partition 1"
[    6.420476] 0x000000200000-0x000000300000 : "NAND simulator partition 2"
[    6.432994] 0x000000300000-0x000000400000 : "NAND simulator partition 3"
[    6.445677] 0x000000400000-0x000000500000 : "NAND simulator partition 4"
[    6.458070] 0x000000500000-0x000000600000 : "NAND simulator partition 5"
[    6.470760] 0x000000600000-0x000000700000 : "NAND simulator partition 6"
[    6.483688] 0x000000700000-0x000000800000 : "NAND simulator partition 7"
[    6.496758] 0x000000800000-0x000000900000 : "NAND simulator partition 8"
[    6.508839] 0x000000900000-0x000000a00000 : "NAND simulator partition 9"
[    6.521089] 0x000000a00000-0x000008000000 : "NAND simulator partition 10"
[    6.574588] tun: Universal TUN/TAP device driver, 1.6
[    6.575025] tun: (C) 1999-2004 Max Krasnyansky <maxk@qualcomm.com>
[    6.579254] pcnet32: pcnet32.c:v1.35 21.Apr.2008 tsbogend@alpha.franken.de
[    6.580961] e1000: Intel(R) PRO/1000 Network Driver - version 7.3.21-k8-NAPI
[    6.581485] e1000: Copyright (c) 1999-2006 Intel Corporation.
[    6.582589] PCI: Enabling device 0000:00:13.0 (0000 -> 0003)
[    6.894438] e1000 0000:00:13.0 eth0: (PCI:33MHz:32-bit) 52:54:00:12:34:56
[    6.895245] e1000 0000:00:13.0 eth0: Intel(R) PRO/1000 Network Connection
[    6.896308] PCI: Enabling device 0000:00:14.0 (0000 -> 0003)
[    7.198032] e1000 0000:00:14.0 eth1: (PCI:33MHz:32-bit) 52:54:00:12:34:57
[    7.198715] e1000 0000:00:14.0 eth1: Intel(R) PRO/1000 Network Connection
[    7.199586] PCI: Enabling device 0000:00:15.0 (0000 -> 0003)
[    7.224790] cfg80211: Calling CRDA to update world regulatory domain
[    7.502293] e1000 0000:00:15.0 eth2: (PCI:33MHz:32-bit) 52:54:00:12:34:58
[    7.503001] e1000 0000:00:15.0 eth2: Intel(R) PRO/1000 Network Connection
[    7.503907] PCI: Enabling device 0000:00:16.0 (0000 -> 0003)
[    7.806918] e1000 0000:00:16.0 eth3: (PCI:33MHz:32-bit) 52:54:00:12:34:59
[    7.807652] e1000 0000:00:16.0 eth3: Intel(R) PRO/1000 Network Connection
[    7.809409] e1000e: Intel(R) PRO/1000 Network Driver - 2.3.2-k
[    7.809845] e1000e: Copyright(c) 1999 - 2014 Intel Corporation.
[    7.815426] PPP generic driver version 2.4.2
[    7.818250] PPP Deflate Compression module registered
[    7.819045] PPP MPPE Compression module registered
[    7.819542] NET: Registered protocol family 24
[    7.820579] ehci_hcd: USB 2.0 'Enhanced' Host Controller (EHCI) Driver
[    7.821209] ehci-pci: EHCI PCI platform driver
[    7.822620] ohci_hcd: USB 1.1 'Open' Host Controller (OHCI) Driver
[    7.823209] ohci-pci: OHCI PCI platform driver
[    7.824775] uhci_hcd: USB Universal Host Controller Interface driver
[    7.826702] uhci_hcd 0000:00:0a.2: UHCI Host Controller
[    7.827640] uhci_hcd 0000:00:0a.2: new USB bus registered, assigned bus number 1
[    7.829097] uhci_hcd 0000:00:0a.2: irq 11, io base 0x00001440
[    7.842591] hub 1-0:1.0: USB hub found
[    7.843515] hub 1-0:1.0: 2 ports detected
[    7.855348] usbcore: registered new interface driver usb-storage
[    7.860788] mousedev: PS/2 mouse device common for all mice
[    7.868716] rtc_cmos rtc_cmos: rtc core: registered rtc_cmos as rtc0
[    7.869640] rtc_cmos rtc_cmos: alarms up to one day, 242 bytes nvram
[    7.871406] i2c /dev entries driver
[    7.873084] piix4_smbus 0000:00:0a.3: SMBus Host Controller at 0x1100, revision 0
[    7.878877] sdhci: Secure Digital Host Controller Interface driver
[    7.879341] sdhci: Copyright(c) Pierre Ossman
[    7.882433] hidraw: raw HID events driver (C) Jiri Kosina
[    7.906266] usbcore: registered new interface driver usbhid
[    7.906692] usbhid: USB HID core driver
[    7.908007] Netfilter messages via NETLINK v0.30.
[    7.909788] nf_conntrack version 0.5.0 (3923 buckets, 15692 max)
[    7.913943] ctnetlink v0.93: registering with nfnetlink.
[    7.921131] ipip: IPv4 over IPv4 tunneling driver
[    7.936419] ip_tables: (C) 2000-2006 Netfilter Core Team
[    7.939830] arp_tables: (C) 2002 David S. Miller
[    7.942242] Initializing XFRM netlink socket
[    7.943688] NET: Registered protocol family 10
[    7.972041] ip6_tables: (C) 2000-2006 Netfilter Core Team
[    7.976962] sit: IPv6 over IPv4 tunneling driver
[    7.998645] NET: Registered protocol family 17
[    7.999765] bridge: automatic filtering via arp/ip/ip6tables has been deprecated. Update your scripts to load br_netfilter if you need this.
[    8.001319] Bridge firewalling registered
[    8.001834] Ebtables v2.0 registered
[    8.004680] 8021q: 802.1Q VLAN Support v1.8
[    8.031561] rtc_cmos rtc_cmos: setting system clock to 2025-07-27 23:41:56 UTC (1753659716)
[    8.057644] EXT2-fs (sda1): warning: mounting unchecked fs, running e2fsck is recommended
[    8.060043] VFS: Mounted root (ext2 filesystem) on device 8:1.
[    8.071221] Freeing YAMON memory: 956k freed
[    8.084614] Freeing unused kernel memory: 260K (8081f000 - 80860000)
[    8.120518] spurious 8259A interrupt: IRQ7.
[    8.199584] firmadyne: sys_reboot[PID: 48 (init)]: magic1:fee1dead, magic2:28121969, cmd:0
init started:  BusyBox v1.00 (2009.03.06-06:20+0000) multi-call binary
init started:  BusyBox v1.00 (2009.03.06-06:20+0000) multi-call binary
Starting pid 50, console /dev/ttyS0: '/usr/etc/rcS'
[    8.499598] firmadyne: do_execve: /firmadyne/console
[    8.500586] OFFSETS: offset of pid: 0x198 offset of comm: 0x278
[   10.369060] cfg80211: Calling CRDA to update world regulatory domain
insmod: cannot open module `/lib/modules/vnet.ko': No such file or directory
[   12.934483] random: nonblocking pool is initialized
[   12.967892] firmadyne: ioctl: 0x1
insmod finish
BcmAtm_Initialize: open error 6
/usr/sbin/atmctl: ATM driver return code, state error
BcmAdsl : open error 6
/usr/sbin/adslctl: BcmAdsl_Initialize error
BcmAdsl : open error 6
/usr/sbin/adslctl->ConnectionHandler: BcmAdsl_ConnectionStart error
BcmAtm_Initialize: open error 6
ATM Operation Failed , 2 
/usr/sbin/atmctl: ATM driver return code, state error
[   13.410659] firmadyne: sys_socket[PID: 103 (brctl)]: family:2, type:2, protocol:0
[   13.482190] firmadyne: sys_socket[PID: 104 (brctl)]: family:2, type:2, protocol:0
[   13.512569] cfg80211: Calling CRDA to update world regulatory domain
[   13.544533] firmadyne: sys_socket[PID: 105 (ifconfig)]: family:2, type:1, protocol:0
[   13.559267] IPv6: ADDRCONF(NETDEV_UP): eth0: link is not ready
[   13.559948] 8021q: adding VLAN 0 to HW filter on device eth0
[   13.566022] e1000: eth0 NIC Link is Up 1000 Mbps Full Duplex, Flow Control: RX
[   13.568344] IPv6: ADDRCONF(NETDEV_CHANGE): eth0: link becomes ready
[   13.627922] firmadyne: sys_socket[PID: 106 (brctl)]: family:2, type:2, protocol:0
[   13.629770] firmadyne: sys_socket[PID: 106 (brctl)]: family:10, type:1, protocol:0
[   13.632076] firmadyne: br_add_if[PID: 106 (brctl)]: br:br0 dev:eth0
[   13.638743] device eth0 entered promiscuous mode
[   13.701029] firmadyne: sys_socket[PID: 107 (ifconfig)]: family:2, type:1, protocol:0
[   13.713626] IPv6: ADDRCONF(NETDEV_UP): eth1: link is not ready
[   13.714281] 8021q: adding VLAN 0 to HW filter on device eth1
[   13.719423] e1000: eth1 NIC Link is Up 1000 Mbps Full Duplex, Flow Control: RX
[   13.720893] IPv6: ADDRCONF(NETDEV_CHANGE): eth1: link becomes ready
[   13.774952] firmadyne: sys_socket[PID: 108 (brctl)]: family:2, type:2, protocol:0
[   13.776722] firmadyne: sys_socket[PID: 108 (brctl)]: family:10, type:1, protocol:0
[   13.778490] firmadyne: br_add_if[PID: 108 (brctl)]: br:br0 dev:eth1
[   13.784387] device eth1 entered promiscuous mode
[   13.908003] firmadyne: sys_socket[PID: 110 (ifconfig)]: family:2, type:1, protocol:0
[   13.911276] firmadyne: __inet_insert_ifa[PID: 110 (ifconfig)]: device:lo ifa:0x7f000001
[   13.915231] firmadyne: __inet_insert_ifa[PID: 110 (ifconfig)]: device:lo ifa:0x7f000001
[   13.980656] firmadyne: sys_socket[PID: 111 (route)]: family:2, type:1, protocol:0
[   14.285609] firmadyne: sys_socket[PID: 114 (klogd)]: family:1, type:1, protocol:0
[   14.288202] firmadyne: sys_socket[PID: 114 (klogd)]: family:1, type:2, protocol:0
[   14.298450] firmadyne: sys_socket[PID: 114 (klogd)]: family:1, type:1, protocol:0
[   14.300050] firmadyne: sys_socket[PID: 114 (klogd)]: family:1, type:2, protocol:0
[   14.318707] firmadyne: sys_socket[PID: 114 (klogd)]: family:1, type:1, protocol:0
[   14.320172] firmadyne: sys_socket[PID: 114 (klogd)]: family:1, type:2, protocol:0
[   14.323436] firmadyne: sys_socket[PID: 114 (klogd)]: family:1, type:1, protocol:0
[   14.325106] firmadyne: sys_socket[PID: 114 (klogd)]: family:1, type:2, protocol:0
[   14.327916] firmadyne: sys_socket[PID: 114 (klogd)]: family:1, type:1, protocol:0
[   14.340198] firmadyne: sys_socket[PID: 114 (klogd)]: family:1, type:2, protocol:0
[   14.343405] firmadyne: sys_socket[PID: 114 (klogd)]: family:1, type:1, protocol:0
[   14.349033] firmadyne: sys_socket[PID: 114 (klogd)]: family:1, type:2, protocol:0
[   14.351914] firmadyne: sys_socket[PID: 114 (klogd)]: family:1, type:1, protocol:0
[   14.360804] firmadyne: sys_socket[PID: 114 (klogd)]: family:1, type:2, protocol:0
[   14.363786] firmadyne: sys_socket[PID: 114 (klogd)]: family:1, type:1, protocol:0
[   14.369016] firmadyne: sys_socket[PID: 114 (klogd)]: family:1, type:2, protocol:0
[   14.371981] firmadyne: sys_socket[PID: 114 (klogd)]: family:1, type:1, protocol:0
[   14.380946] firmadyne: sys_socket[PID: 114 (klogd)]: family:1, type:2, protocol:0
[   14.383811] firmadyne: sys_socket[PID: 114 (klogd)]: family:1, type:1, protocol:0
[   14.389008] firmadyne: sys_socket[PID: 114 (klogd)]: family:1, type:2, protocol:0
[   14.391906] firmadyne: sys_socket[PID: 114 (klogd)]: family:1, type:1, protocol:0
[   14.401047] firmadyne: sys_socket[PID: 114 (klogd)]: family:1, type:2, protocol:0
[   14.403920] firmadyne: sys_socket[PID: 114 (klogd)]: family:1, type:1, protocol:0
nvram_init: Initializing NVRAM...
sem_get: Key: 41012003[   14.413327] firmadyne: sys_socket[PID: 114 (klogd)]: family:1, type:2, protocol:0
[   14.416482] firmadyne: sys_socket[PID: 114 (klogd)]: family:1, type:1, protocol:0
[   14.418108] firmadyne: sys_socket[PID: 114 (klogd)]: family:1, type:2, protocol:0
[   14.421279] firmadyne: sys_socket[PID: 114 (klogd)]: family:1, type:1, protocol:0
[   14.422695] firmadyne: sys_socket[PID: 114 (klogd)]: family:1, type:2, protocol:0

[   14.432698] firmadyne: sys_socket[PID: 114 (klogd)]: family:1, type:1, protocol:0
[   14.434180] firmadyne: sys_socket[PID: 114 (klogd)]: family:1, type:2, protocol:0
sem_get: Key: 410f00ac
nvram_set_default_builtin: Setting built-in default values!
[   14.445410] firmadyne: sys_socket[PID: 114 (klogd)]: family:1, type:1, protocol:0
[   14.446880] firmadyne: sys_socket[PID: 114 (klogd)]: family:1, type:2, protocol:0
nvram_set: console_loglevel = "7"
sem_get: Key: [   14.454373] firmadyne: sys_socket[PID: 114 (klogd)]: family:1, type:1, protocol:0
[   14.455806] firmadyne: sys_socket[PID: 114 (klogd)]: family:1, type:2, protocol:0
410f00ac
[   14.462518] firmadyne: sys_socket[PID: 114 (klogd)]: family:1, type:1, protocol:0
[   14.463944] firmadyne: sys_socket[PID: 114 (klogd)]: family:1, type:2, protocol:0
sem_get: Key: 410f00ac
nvram_set: restore_defaults = "1"
sem_get[   14.474451] firmadyne: sys_socket[PID: 114 (klogd)]: family:1, type:1, protocol:0
[   14.475916] firmadyne: sys_socket[PID: 114 (klogd)]: family:1, type:2, protocol:0
[   14.479222] firmadyne: sys_socket[PID: 114 (klogd)]: family:1, type:1, protocol:0
[   14.480920] firmadyne: sys_socket[PID: 114 (klogd)]: family:1, type:2, protocol:0
[   14.483811] firmadyne: sys_socket[PID: 114 (klogd)]: family:1, type:1, protocol:0
: Key: 410f00ac
sem_get: Key: 410f00ac
nvram_set: sku_name = ""
sem_get: Key: 410f00ac
sem_get: Key: 410f00ac
[   14.500983] firmadyne: sys_socket[PID: 114 (klogd)]: family:1, type:2, protocol:0
[   14.503863] firmadyne: sys_socket[PID: 114 (klogd)]: family:1, type:1, protocol:0
[   14.505958] firmadyne: sys_socket[PID: 114 (klogd)]: family:1, type:2, protocol:0
[   14.509146] firmadyne: sys_socket[PID: 114 (klogd)]: family:1, type:1, protocol:0
[   14.510629] firmadyne: sys_socket[PID: 114 (klogd)]: family:1, type:2, protocol:0
nvram_set: wla_wlanstate = ""
sem_get: Key: 410f00ac
sem_get: Key: 410f00ac
[   14.522015] firmadyne: sys_socket[PID: 114 (klogd)]: family:1, type:1, protocol:0
[   14.523466] firmadyne: sys_socket[PID: 114 (klogd)]: family:1, type:2, protocol:0
nvram_set: lan_if = "br0"
[   14.530954] firmadyne: sys_socket[PID: 114 (klogd)]: family:1, type:1, protocol:0
sem_get: Key: 410f00ac
sem_get[   14.537047] firmadyne: sys_socket[PID: 114 (klogd)]: family:1, type:2, protocol:0
[   14.539955] firmadyne: sys_socket[PID: 114 (klogd)]: family:1, type:1, protocol:0
: Key: 410f00ac
nvram_set[   14.545292] firmadyne: sys_socket[PID: 114 (klogd)]: family:1, type:2, protocol:0
[   14.548177] firmadyne: sys_socket[PID: 114 (klogd)]: family:1, type:1, protocol:0
: lan_ipaddr = "192.168.0.50"
sem_get: Key: 410f00ac
sem_get: Key: 410f00ac[   14.557142] firmadyne: sys_socket[PID: 114 (klogd)]: family:1, type:2, protocol:0
[   14.560086] firmadyne: sys_socket[PID: 114 (klogd)]: family:1, type:1, protocol:0

nvram_set: [   14.565159] firmadyne: sys_socket[PID: 114 (klogd)]: family:1, type:2, protocol:0
[   14.568092] firmadyne: sys_socket[PID: 114 (klogd)]: family:1, type:1, protocol:0
lan_bipaddr = "192.168.0.255"
sem_get: Key: 410f00ac
sem_get: Key: 410f00ac
[   14.577089] firmadyne: sys_socket[PID: 114 (klogd)]: family:1, type:2, protocol:0
[   14.579977] firmadyne: sys_socket[PID: 114 (klogd)]: family:1, type:1, protocol:0
nvram_set: lan_netmask = "255.255.255.0"
sem_get: Key: 410f00ac
[   14.589041] firmadyne: sys_socket[PID: 114 (klogd)]: family:1, type:2, protocol:0
[   14.591956] firmadyne: sys_socket[PID: 114 (klogd)]: family:1, type:1, protocol:0
[   14.593950] firmadyne: sys_socket[PID: 114 (klogd)]: family:1, type:2, protocol:0
[   14.597063] firmadyne: sys_socket[PID: 114 (klogd)]: family:1, type:1, protocol:0
[   14.598514] firmadyne: sys_socket[PID: 114 (klogd)]: family:1, type:2, protocol:0
sem_get: Key: 410f00ac
nvram_set: time_zone = "PST8PDT"
sem_get: Key: 410f00ac[   14.609538] firmadyne: sys_socket[PID: 114 (klogd)]: family:1, type:1, protocol:0
[   14.611040] firmadyne: sys_socket[PID: 114 (klogd)]: family:1, type:2, protocol:0

sem_get: Key: 410f00ac
[   14.618104] firmadyne: sys_socket[PID: 114 (klogd)]: family:1, type:1, protocol:0
[   14.619568] firmadyne: sys_socket[PID: 114 (klogd)]: family:1, type:2, protocol:0
nvram_set: wan_hwaddr_def = "01:23:45:67:89:ab[   14.626691] firmadyne: sys_socket[PID: 114 (klogd)]: family:1, type:1, protocol:0
[   14.628225] firmadyne: sys_socket[PID: 114 (klogd)]: family:1, type:2, protocol:0
"
sem_get: Key: 410f00ac
sem_get: Key: 410f00ac
[   14.638367] firmadyne: sys_socket[PID: 114 (klogd)]: family:1, type:1, protocol:0
[   14.639839] firmadyne: sys_socket[PID: 114 (klogd)]: family:1, type:2, protocol:0
nvram_set: wan_ifname = "eth0"
[   14.646531] firmadyne: sys_socket[PID: 114 (klogd)]: family:1, type:1, protocol:0
[   14.647993] firmadyne: sys_socket[PID: 114 (klogd)]: family:1, type:2, protocol:0
sem_get: Key: 410f00ac
sem_get: Key: 410f00ac
nvram_set[   14.658641] firmadyne: sys_socket[PID: 114 (klogd)]: family:1, type:1, protocol:0
[   14.660095] firmadyne: sys_socket[PID: 114 (klogd)]: family:1, type:2, protocol:0
: lan_ifnames = "eth1 eth2 eth3 eth4"
sem_get: Key: 410f00ac
sem_get: Key: 410f00ac[   14.670795] firmadyne: sys_socket[PID: 114 (klogd)]: family:1, type:1, protocol:0
[   14.672705] firmadyne: sys_socket[PID: 114 (klogd)]: family:1, type:2, protocol:0
[   14.675468] firmadyne: sys_socket[PID: 114 (klogd)]: family:1, type:1, protocol:0

nvram_set: ethConver = "1[   14.681299] firmadyne: sys_socket[PID: 114 (klogd)]: family:1, type:2, protocol:0
[   14.684127] firmadyne: sys_socket[PID: 114 (klogd)]: family:1, type:1, protocol:0
"
sem_get: Key: 410f00ac
sem_get: Key: 410f00ac
[   14.694101] firmadyne: sys_socket[PID: 114 (klogd)]: family:1, type:2, protocol:0
[   14.697257] firmadyne: sys_socket[PID: 114 (klogd)]: family:1, type:1, protocol:0
[   14.698692] firmadyne: sys_socket[PID: 114 (klogd)]: family:1, type:2, protocol:0
nvram_set: lan_proto = "dhcp"
sem_get: Key: 410f00ac[   14.706342] firmadyne: sys_socket[PID: 114 (klogd)]: family:1, type:1, protocol:0
[   14.707807] firmadyne: sys_socket[PID: 114 (klogd)]: family:1, type:2, protocol:0

sem_get: Key: 410f00ac[   14.714794] firmadyne: sys_socket[PID: 114 (klogd)]: family:1, type:1, protocol:0

nvram_set: wan_ipaddr = "0.0.0.0[   14.720637] firmadyne: sys_socket[PID: 114 (klogd)]: family:1, type:2, protocol:0
[   14.723527] firmadyne: sys_socket[PID: 114 (klogd)]: family:1, type:1, protocol:0
"
sem_get: Key: 410f00ac
[   14.729025] firmadyne: sys_socket[PID: 114 (klogd)]: family:1, type:2, protocol:0
[   14.731866] firmadyne: sys_socket[PID: 114 (klogd)]: family:1, type:1, protocol:0
sem_get: Key: 410f00ac
nvram_set: wan_netmask = "255.255.255.0"
sem_get[   14.741039] firmadyne: sys_socket[PID: 114 (klogd)]: family:1, type:2, protocol:0
[   14.743880] firmadyne: sys_socket[PID: 114 (klogd)]: family:1, type:1, protocol:0
: Key: 410f00ac
sem_get[   14.749378] firmadyne: sys_socket[PID: 114 (klogd)]: family:1, type:2, protocol:0
[   14.752464] firmadyne: sys_socket[PID: 114 (klogd)]: family:1, type:1, protocol:0
: Key: 410f00ac
nvram_set: wanif = "eth0"
sem_get: Key: 410f00ac[   14.761179] firmadyne: sys_socket[PID: 114 (klogd)]: family:1, type:2, protocol:0
[   14.764045] firmadyne: sys_socket[PID: 114 (klogd)]: family:1, type:1, protocol:0
[   14.765919] firmadyne: sys_socket[PID: 114 (klogd)]: family:1, type:2, protocol:0
[   14.768991] firmadyne: sys_socket[PID: 114 (klogd)]: family:1, type:1, protocol:0
[   14.770426] firmadyne: sys_socket[PID: 114 (klogd)]: family:1, type:2, protocol:0

sem_get: Key: 410f00ac
nvram_set: time_zone_x = "0"
[   14.781601] firmadyne: sys_socket[PID: 114 (klogd)]: family:1, type:1, protocol:0
[   14.783139] firmadyne: sys_socket[PID: 114 (klogd)]: family:1, type:2, protocol:0
sem_get: Key: 410f00ac
sem_get[   14.790614] firmadyne: sys_socket[PID: 114 (klogd)]: family:1, type:1, protocol:0
[   14.792112] firmadyne: sys_socket[PID: 114 (klogd)]: family:1, type:2, protocol:0
: Key: 410f00ac
nvram_set: rip_multicast = "0"
sem_get: Key: 410f00ac[   14.802375] firmadyne: sys_socket[PID: 114 (klogd)]: family:1, type:1, protocol:0
[   14.803815] firmadyne: sys_socket[PID: 114 (klogd)]: family:1, type:2, protocol:0

sem_get: Key: 410f00ac[   14.812999] firmadyne: sys_socket[PID: 114 (klogd)]: family:1, type:1, protocol:0
[   14.814450] firmadyne: sys_socket[PID: 114 (klogd)]: family:1, type:2, protocol:0

nvram_set: bs_trustedip_enable = "0"
sem_get: Key: 410f00ac
[   14.825472] firmadyne: sys_socket[PID: 114 (klogd)]: family:1, type:1, protocol:0
[   14.827015] firmadyne: sys_socket[PID: 114 (klogd)]: family:1, type:2, protocol:0
sem_get: Key: 410f00ac
nvram_set[   14.834496] firmadyne: sys_socket[PID: 114 (klogd)]: family:1, type:1, protocol:0
[   14.835953] firmadyne: sys_socket[PID: 114 (klogd)]: family:1, type:2, protocol:0
: et0macaddr = "01:23:45:67:89:ab"
sem_get[   14.843054] firmadyne: sys_socket[PID: 114 (klogd)]: family:1, type:1, protocol:0
: Key: 410f00ac
sem_get: Key: 410f00ac[   14.849166] firmadyne: sys_socket[PID: 114 (klogd)]: family:1, type:2, protocol:0
[   14.852055] firmadyne: sys_socket[PID: 114 (klogd)]: family:1, type:1, protocol:0

nvram_set: filter_rule_tbl = ""
sem_get: Key: 410f00ac
[   14.861016] firmadyne: sys_socket[PID: 114 (klogd)]: family:1, type:2, protocol:0
[   14.863855] firmadyne: sys_socket[PID: 114 (klogd)]: family:1, type:1, protocol:0
[   14.865806] firmadyne: sys_socket[PID: 114 (klogd)]: family:1, type:2, protocol:0
sem_get: Key: 410f00ac
nvram_set[   14.873225] firmadyne: sys_socket[PID: 114 (klogd)]: family:1, type:1, protocol:0
[   14.874707] firmadyne: sys_socket[PID: 114 (klogd)]: family:1, type:2, protocol:0
: pppoe2_schedule_config = "127:0:0:23:59"
sem_get: Key: 410f00ac[   14.882034] firmadyne: sys_socket[PID: 114 (klogd)]: family:1, type:1, protocol:0
[   14.883493] firmadyne: sys_socket[PID: 114 (klogd)]: family:1, type:2, protocol:0

sem_get: Key: 410f00ac
[   14.890771] firmadyne: sys_socket[PID: 114 (klogd)]: family:1, type:1, protocol:0
nvram_set: schedule_config = "127:0:0:23:59"
sem_get: Key: 410f00ac
[   14.900552] firmadyne: sys_socket[PID: 114 (klogd)]: family:1, type:2, protocol:0
[   14.903486] firmadyne: sys_socket[PID: 114 (klogd)]: family:1, type:1, protocol:0
sem_get: Key: 410f00ac
[   14.908998] firmadyne: sys_socket[PID: 114 (klogd)]: family:1, type:2, protocol:0
[   14.911798] firmadyne: sys_socket[PID: 114 (klogd)]: family:1, type:1, protocol:0
nvram_set: access_control_mode = "0"
[   14.917066] firmadyne: sys_socket[PID: 114 (klogd)]: family:1, type:2, protocol:0
[   14.919865] firmadyne: sys_socket[PID: 114 (klogd)]: family:1, type:1, protocol:0
sem_get: Key: 410f00ac
[   14.925053] firmadyne: sys_socket[PID: 114 (klogd)]: family:1, type:2, protocol:0
[   14.927845] firmadyne: sys_socket[PID: 114 (klogd)]: family:1, type:1, protocol:0
sem_get: Key: 410f00ac
nvram_set: fwpt_df_count = "0"
sem_get: Key: [   14.937230] firmadyne: sys_socket[PID: 114 (klogd)]: family:1, type:2, protocol:0
[   14.940115] firmadyne: sys_socket[PID: 114 (klogd)]: family:1, type:1, protocol:0
410f00ac
sem_get: Key: 410f00ac
nvram_set: static_if_status = "[   14.949366] firmadyne: sys_socket[PID: 114 (klogd)]: family:1, type:2, protocol:0
[   14.952495] firmadyne: sys_socket[PID: 114 (klogd)]: family:1, type:1, protocol:0
[   14.954161] firmadyne: sys_socket[PID: 114 (klogd)]: family:1, type:2, protocol:0
[   14.957243] firmadyne: sys_socket[PID: 114 (klogd)]: family:1, type:1, protocol:0
[   14.958658] firmadyne: sys_socket[PID: 114 (klogd)]: family:1, type:2, protocol:0
1"
sem_get: Key: 410f00ac
sem_get: Key: 410f00ac
nvram_set[   14.970105] firmadyne: sys_socket[PID: 114 (klogd)]: family:1, type:1, protocol:0
[   14.971564] firmadyne: sys_socket[PID: 114 (klogd)]: family:1, type:2, protocol:0
: www_relocation = ""
sem_get: Key: 410f00ac
[   14.978653] firmadyne: sys_socket[PID: 114 (klogd)]: family:1, type:1, protocol:0
[   14.980118] firmadyne: sys_socket[PID: 114 (klogd)]: family:1, type:2, protocol:0
sem_get: Key: 410f00ac
nvram_set: usb_info_dev0 = "A200396E0402FF83@1@14.4G@U@1@USB_Storage;U:;0;0@[   14.990701] firmadyne: sys_socket[PID: 114 (klogd)]: family:1, type:1, protocol:0
[   14.992154] firmadyne: sys_socket[PID: 114 (klogd)]: family:1, type:2, protocol:0
"
sem_get: Key: 410f00ac
sem_get: Key: 410f00ac
[   15.002389] firmadyne: sys_socket[PID: 114 (klogd)]: family:1, type:1, protocol:0
[   15.003814] firmadyne: sys_socket[PID: 114 (klogd)]: family:1, type:2, protocol:0
[   15.007098] firmadyne: sys_socket[PID: 114 (klogd)]: family:1, type:1, protocol:0
nvram_set: usb_info_dev1 = "A200396E0402FF83@1@14.4G@U@1@USB_Storage;U:;0;0@"
sem_get[   15.013008] firmadyne: sys_socket[PID: 114 (klogd)]: family:1, type:2, protocol:0
[   15.015838] firmadyne: sys_socket[PID: 114 (klogd)]: family:1, type:1, protocol:0
: Key: 410f00ac
sem_get[   15.021245] firmadyne: sys_socket[PID: 114 (klogd)]: family:1, type:2, protocol:0
[   15.024068] firmadyne: sys_socket[PID: 114 (klogd)]: family:1, type:1, protocol:0
: Key: 410f00ac
nvram_set: usb_info_dev2 = "A200396E0402FF83@1@14.4G@U@1@USB_Storage;U:;0;0@"
sem_get: Key: [   15.032961] firmadyne: sys_socket[PID: 114 (klogd)]: family:1, type:2, protocol:0
[   15.035799] firmadyne: sys_socket[PID: 114 (klogd)]: family:1, type:1, protocol:0
410f00ac
sem_get: Key: [   15.041241] firmadyne: sys_socket[PID: 114 (klogd)]: family:1, type:2, protocol:0
[   15.044068] firmadyne: sys_socket[PID: 114 (klogd)]: family:1, type:1, protocol:0
410f00ac
nvram_set: usb_info_dev3 = "A200396E0402FF83@1@14.4G@U@1@USB_Storage;U:;0;0@"
sem_get: Key: 410f00ac
[   15.053337] firmadyne: sys_socket[PID: 114 (klogd)]: family:1, type:2, protocol:0
[   15.056447] firmadyne: sys_socket[PID: 114 (klogd)]: family:1, type:1, protocol:0
[   15.058071] firmadyne: sys_socket[PID: 114 (klogd)]: family:1, type:2, protocol:0
sem_get: Key: 410f00ac
nvram_set: usb_info_dev4 = "A200396E0402FF83@1@14.4G@U@1@USB_Storage;U:;0;0@"
sem_get: Key: 410f00ac
sem_get: Key: 410f00ac
nvram_set: usb_info_dev5 = "A200396E0402FF83@1@14.4G@U@1@USB_Storage;U:;0;0@[   15.089154] firmadyne: sys_socket[PID: 114 (klogd)]: family:1, type:1, protocol:0
[   15.090618] firmadyne: sys_socket[PID: 114 (klogd)]: family:1, type:2, protocol:0
"
sem_get: Key: 410f00ac
sem_get: Key: 410f00ac
[   15.101770] firmadyne: sys_socket[PID: 114 (klogd)]: family:1, type:1, protocol:0
[   15.103238] firmadyne: sys_socket[PID: 114 (klogd)]: family:1, type:2, protocol:0
[   15.106676] firmadyne: sys_socket[PID: 114 (klogd)]: family:1, type:1, protocol:0
[   15.108135] firmadyne: sys_socket[PID: 114 (klogd)]: family:1, type:2, protocol:0
nvram_set: usb_info_dev6 = "A200396E0402FF83@1@14.4G@U@1@USB_Storage;U:;0;0@"
sem_get: Key: 410f00ac
[   15.118602] firmadyne: sys_socket[PID: 114 (klogd)]: family:1, type:1, protocol:0
[   15.120060] firmadyne: sys_socket[PID: 114 (klogd)]: family:1, type:2, protocol:0
sem_get: Key: 410f00ac
nvram_set: usb_info_dev7 = "A200396E0402FF83@1@14.4G@U@1@USB_Storage;U:;0;0@"
sem_get[   15.130657] firmadyne: sys_socket[PID: 114 (klogd)]: family:1, type:1, protocol:0
[   15.132187] firmadyne: sys_socket[PID: 114 (klogd)]: family:1, type:2, protocol:0
[   15.135435] firmadyne: sys_socket[PID: 114 (klogd)]: family:1, type:1, protocol:0
[   15.137124] firmadyne: sys_socket[PID: 114 (klogd)]: family:1, type:2, protocol:0
[   15.139937] firmadyne: sys_socket[PID: 114 (klogd)]: family:1, type:1, protocol:0
: Key: 410f00ac
sem_get: Key: 410f00ac
nvram_set: [   15.149086] firmadyne: sys_socket[PID: 114 (klogd)]: family:1, type:2, protocol:0
[   15.152013] firmadyne: sys_socket[PID: 114 (klogd)]: family:1, type:1, protocol:0
usb_info_dev8 = "A200396E0402FF83@1@14.4G@U@1@USB_Storage;U:;0;0@"
sem_get: Key: [   15.157281] firmadyne: sys_socket[PID: 114 (klogd)]: family:1, type:2, protocol:0
[   15.160238] firmadyne: sys_socket[PID: 114 (klogd)]: family:1, type:1, protocol:0
410f00ac
sem_get: Key: 410f00ac
nvram_set: [   15.170961] firmadyne: sys_socket[PID: 114 (klogd)]: family:1, type:2, protocol:0
[   15.174193] firmadyne: sys_socket[PID: 114 (klogd)]: family:1, type:1, protocol:0
[   15.175615] firmadyne: sys_socket[PID: 114 (klogd)]: family:1, type:2, protocol:0
usb_info_dev9 = "A200396E0402FF83@1@14.4G@U@1@USB_Storage;U:;0;0@"
sem_get: Key: 410f00ac
sem_get: Key: 410f00ac
[   15.186897] firmadyne: sys_socket[PID: 114 (klogd)]: family:1, type:1, protocol:0
nvram_set: usb_info_dev10 = "A200396E0402FF83@1@14.4G@U@1@USB_Storage;U:;0;0@[   15.192936] firmadyne: sys_socket[PID: 114 (klogd)]: family:1, type:2, protocol:0
[   15.195856] firmadyne: sys_socket[PID: 114 (klogd)]: family:1, type:1, protocol:0
"
sem_get: Key: 410f00ac
[   15.201135] firmadyne: sys_socket[PID: 114 (klogd)]: family:1, type:2, protocol:0
[   15.204054] firmadyne: sys_socket[PID: 114 (klogd)]: family:1, type:1, protocol:0
sem_get: Key: 410f00ac
nvram_set: usb_info_dev11 = "A200396E0402FF83@1@14.4G@U@1@USB_Storage;U:;0;0@"
[   15.213415] firmadyne: sys_socket[PID: 114 (klogd)]: family:1, type:2, protocol:0
[   15.216735] firmadyne: sys_socket[PID: 114 (klogd)]: family:1, type:1, protocol:0
[   15.218163] firmadyne: sys_socket[PID: 114 (klogd)]: family:1, type:2, protocol:0
sem_get: Key: 410f00ac
sem_get: Key: [   15.225808] firmadyne: sys_socket[PID: 114 (klogd)]: family:1, type:1, protocol:0
[   15.227280] firmadyne: sys_socket[PID: 114 (klogd)]: family:1, type:2, protocol:0
410f00ac
nvram_set: usb_info_dev12[   15.234643] firmadyne: sys_socket[PID: 114 (klogd)]: family:1, type:1, protocol:0
[   15.236128] firmadyne: sys_socket[PID: 114 (klogd)]: family:1, type:2, protocol:0
 = "A200396E0402FF83@1@14.4G@U@1@USB_Storage;U:;0;0@"
sem_get: Key: 410f00ac
sem_get: Key: 410f00ac
[   15.246482] firmadyne: sys_socket[PID: 114 (klogd)]: family:1, type:1, protocol:0
[   15.247963] firmadyne: sys_socket[PID: 114 (klogd)]: family:1, type:2, protocol:0
nvram_set: usb_info_dev13 = "A200396E0402FF83@1@14.4G@U@1@USB_Storage;U:;0;0@"
sem_get: Key: 410f00ac
[   15.258540] firmadyne: sys_socket[PID: 114 (klogd)]: family:1, type:1, protocol:0
[   15.259976] firmadyne: sys_socket[PID: 114 (klogd)]: family:1, type:2, protocol:0
[   15.263345] firmadyne: sys_socket[PID: 114 (klogd)]: family:1, type:1, protocol:0
[   15.265010] firmadyne: sys_socket[PID: 114 (klogd)]: family:1, type:2, protocol:0
[   15.267874] firmadyne: sys_socket[PID: 114 (klogd)]: family:1, type:1, protocol:0
sem_get: Key: 410f00ac
nvram_set: usb_info_dev14 = "A200396E0402FF83@1@14.4G@U@1@USB_Storage;U:;0;0@"
[   15.277423] firmadyne: sys_socket[PID: 114 (klogd)]: family:1, type:2, protocol:0
sem_get: Key: 410f00ac
sem_get[   15.285998] firmadyne: sys_socket[PID: 114 (klogd)]: family:1, type:1, protocol:0
[   15.287632] firmadyne: sys_socket[PID: 114 (klogd)]: family:1, type:2, protocol:0
: Key: 410f00ac
nvram_set[   15.295738] firmadyne: sys_socket[PID: 114 (klogd)]: family:1, type:1, protocol:0
: usb_info_dev15 = "A200396E0402FF83@1@14.4G@U@1@USB_Storage;U:;0;0@"
sem_get[   15.301089] firmadyne: sys_socket[PID: 114 (klogd)]: family:1, type:2, protocol:0
[   15.304212] firmadyne: sys_socket[PID: 114 (klogd)]: family:1, type:1, protocol:0
: Key: 410f00ac
sem_get: Key: 410f00ac
nvram_set: [   15.313116] firmadyne: sys_socket[PID: 114 (klogd)]: family:1, type:2, protocol:0
[   15.316019] firmadyne: sys_socket[PID: 114 (klogd)]: family:1, type:1, protocol:0
[   15.317887] firmadyne: sys_socket[PID: 114 (klogd)]: family:1, type:2, protocol:0
[   15.321013] firmadyne: sys_socket[PID: 114 (klogd)]: family:1, type:1, protocol:0
[   15.322422] firmadyne: sys_socket[PID: 114 (klogd)]: family:1, type:2, protocol:0
usb_info_dev16 = "A200396E0402FF83@1@14.4G@U@1@USB_Storage;U:;0;0@"
sem_get: Key: 410f00ac
sem_get: Key: 410f00ac
[   15.333566] firmadyne: sys_socket[PID: 114 (klogd)]: family:1, type:1, protocol:0
[   15.335034] firmadyne: sys_socket[PID: 114 (klogd)]: family:1, type:2, protocol:0
nvram_set: usb_info_dev17 = "A200396E0402FF83@1@14.4G@U@1@USB_Storage;U:;0;0@"
[   15.342535] firmadyne: sys_socket[PID: 114 (klogd)]: family:1, type:1, protocol:0
[   15.343962] firmadyne: sys_socket[PID: 114 (klogd)]: family:1, type:2, protocol:0
sem_get: Key: 410f00ac
sem_get: Key: 410f00ac
nvram_set[   15.354827] firmadyne: sys_socket[PID: 114 (klogd)]: family:1, type:1, protocol:0
[   15.356684] firmadyne: sys_socket[PID: 114 (klogd)]: family:1, type:2, protocol:0
[   15.359557] firmadyne: sys_socket[PID: 114 (klogd)]: family:1, type:1, protocol:0
: usb_info_dev18 = "A200396E0402FF83@1@14.4G@U@1@USB_Storage;U:;0;0@"
sem_get: Key: 410f00ac
sem_get: Key: 410f00ac
[   15.369204] firmadyne: sys_socket[PID: 114 (klogd)]: family:1, type:2, protocol:0
[   15.372246] firmadyne: sys_socket[PID: 114 (klogd)]: family:1, type:1, protocol:0
nvram_set: usb_info_dev19 = "A200396E0402FF83@1@14.4G@U@1@USB_Storage;U:;0;0@"
sem_get: Key: 410f00ac
[   15.381286] firmadyne: sys_socket[PID: 114 (klogd)]: family:1, type:2, protocol:0
[   15.384633] firmadyne: sys_socket[PID: 114 (klogd)]: family:1, type:1, protocol:0
[   15.386079] firmadyne: sys_socket[PID: 114 (klogd)]: family:1, type:2, protocol:0
sem_get: Key: 410f00ac
[   15.393304] firmadyne: sys_socket[PID: 114 (klogd)]: family:1, type:1, protocol:0
[   15.394772] firmadyne: sys_socket[PID: 114 (klogd)]: family:1, type:2, protocol:0
nvram_set: usb_info_dev20 = "A200396E0402FF83@1@14.4G@U@1@USB_Storage;U:;0;0@"
sem_get[   15.402236] firmadyne: sys_socket[PID: 114 (klogd)]: family:1, type:1, protocol:0
[   15.403677] firmadyne: sys_socket[PID: 114 (klogd)]: family:1, type:2, protocol:0
: Key: 410f00ac
sem_get: Key: [   15.410874] firmadyne: sys_socket[PID: 114 (klogd)]: family:1, type:1, protocol:0
410f00ac
nvram_set: usb_info_dev21[   15.416582] firmadyne: sys_socket[PID: 114 (klogd)]: family:1, type:2, protocol:0
[   15.419562] firmadyne: sys_socket[PID: 114 (klogd)]: family:1, type:1, protocol:0
 = "A200396E0402FF83@1@14.4G@U@1@USB_Storage;U:;0;0@"
sem_get: Key: 410f00ac
[   15.425210] firmadyne: sys_socket[PID: 114 (klogd)]: family:1, type:2, protocol:0
[   15.428227] firmadyne: sys_socket[PID: 114 (klogd)]: family:1, type:1, protocol:0
sem_get: Key: 410f00ac
nvram_set: usb_info_dev22 = "A200396E0402FF83@1@14.4G@U@1@USB_Storage;U:;0;0@[   15.437541] firmadyne: sys_socket[PID: 114 (klogd)]: family:1, type:2, protocol:0
[   15.440791] firmadyne: sys_socket[PID: 114 (klogd)]: family:1, type:1, protocol:0
[   15.442201] firmadyne: sys_socket[PID: 114 (klogd)]: family:1, type:2, protocol:0
"
sem_get: Key: 410f00ac
[   15.449574] firmadyne: sys_socket[PID: 114 (klogd)]: family:1, type:1, protocol:0
[   15.451035] firmadyne: sys_socket[PID: 114 (klogd)]: family:1, type:2, protocol:0
sem_get: Key: 410f00ac
nvram_set[   15.458386] firmadyne: sys_socket[PID: 114 (klogd)]: family:1, type:1, protocol:0
[   15.459863] firmadyne: sys_socket[PID: 114 (klogd)]: family:1, type:2, protocol:0
: usb_info_dev23 = "A200396E0402FF83@1@14.4G@U@1@USB_Storage;U:;0;0@"
sem_get: Key: 410f00ac
sem_get: Key: 410f00ac[   15.470945] firmadyne: sys_socket[PID: 114 (klogd)]: family:1, type:1, protocol:0

nvram_set: usb_info_dev24 = "[   15.476751] firmadyne: sys_socket[PID: 114 (klogd)]: family:1, type:2, protocol:0
[   15.479753] firmadyne: sys_socket[PID: 114 (klogd)]: family:1, type:1, protocol:0
A200396E0402FF83@1@14.4G@U@1@USB_Storage;U:;0;0@"
sem_get: Key: 410f00ac
[   15.485137] firmadyne: sys_socket[PID: 114 (klogd)]: family:1, type:2, protocol:0
[   15.488078] firmadyne: sys_socket[PID: 114 (klogd)]: family:1, type:1, protocol:0
sem_get: Key: 410f00ac
[   15.494467] firmadyne: sys_socket[PID: 114 (klogd)]: family:1, type:2, protocol:0
[   15.497632] firmadyne: sys_socket[PID: 114 (klogd)]: family:1, type:1, protocol:0
[   15.499049] firmadyne: sys_socket[PID: 114 (klogd)]: family:1, type:2, protocol:0
nvram_set: usb_info_dev25 = "A200396E0402FF83@1@14.4G@U@1@USB_Storage;U:;0;0@"
sem_get: Key: 410f00ac
[   15.510410] firmadyne: sys_socket[PID: 114 (klogd)]: family:1, type:1, protocol:0
[   15.511860] firmadyne: sys_socket[PID: 114 (klogd)]: family:1, type:2, protocol:0
sem_get: Key: 410f00ac
[   15.518485] firmadyne: sys_socket[PID: 114 (klogd)]: family:1, type:1, protocol:0
[   15.519932] firmadyne: sys_socket[PID: 114 (klogd)]: family:1, type:2, protocol:0
nvram_set: usb_info_dev26 = "A200396E0402FF83@1@14.4G@U@1@USB_Storage;U:;0;0@"
sem_get: Key: 410f00ac
[   15.530462] firmadyne: sys_socket[PID: 114 (klogd)]: family:1, type:1, protocol:0
[   15.531890] firmadyne: sys_socket[PID: 114 (klogd)]: family:1, type:2, protocol:0
sem_get: Key: 410f00ac
[   15.538545] firmadyne: sys_socket[PID: 114 (klogd)]: family:1, type:1, protocol:0
[   15.539984] firmadyne: sys_socket[PID: 114 (klogd)]: family:1, type:2, protocol:0
nvram_set: usb_info_dev27 = "A200396E0402FF83@1@14.4G@U@1@USB_Storage;U:;0;0@"
sem_get: Key: 410f00ac
sem_get[   15.550858] firmadyne: sys_socket[PID: 114 (klogd)]: family:1, type:1, protocol:0
: Key: 410f00ac
nvram_set: [   15.556548] firmadyne: sys_socket[PID: 114 (klogd)]: family:1, type:2, protocol:0
[   15.559533] firmadyne: sys_socket[PID: 114 (klogd)]: family:1, type:1, protocol:0
usb_info_dev28 = "A200396E0402FF83@1@14.4G@U@1@USB_Storage;U:;0;0@"
sem_get: Key: 410f00ac[   15.566361] firmadyne: sys_socket[PID: 114 (klogd)]: family:1, type:2, protocol:0
[   15.569518] firmadyne: sys_socket[PID: 114 (klogd)]: family:1, type:1, protocol:0
[   15.570944] firmadyne: sys_socket[PID: 114 (klogd)]: family:1, type:2, protocol:0

sem_get: Key: 410f00ac
nvram_set: usb_info_dev29 = "A200396E0402FF83@1@14.4G@U@1@USB_Storage;U:;0;0@"
sem_get: Key: 410f00ac
sem_get: Key: 410f00ac
nvram_set: usb_info_dev30 = "A200396E0402FF83@1@14.4G@U@1@USB_Storage;U:;0;0@"
sem_get: Key: 410f00ac[   15.604931] firmadyne: sys_socket[PID: 114 (klogd)]: family:1, type:1, protocol:0
[   15.606393] firmadyne: sys_socket[PID: 114 (klogd)]: family:1, type:2, protocol:0

sem_get: Key: 410f00ac
[   15.613567] firmadyne: sys_socket[PID: 114 (klogd)]: family:1, type:1, protocol:0
[   15.615032] firmadyne: sys_socket[PID: 114 (klogd)]: family:1, type:2, protocol:0
nvram_set: usb_info_dev31 = "A200396E0402FF83@1@14.4G@U@1@USB_Storage;U:;0;0@[   15.622265] firmadyne: sys_socket[PID: 114 (klogd)]: family:1, type:1, protocol:0
[   15.623695] firmadyne: sys_socket[PID: 114 (klogd)]: family:1, type:2, protocol:0
"
sem_get: Key: 410f00ac
sem_get: Key: 410f00ac
[   15.634477] firmadyne: sys_socket[PID: 114 (klogd)]: family:1, type:1, protocol:0
[   15.635904] firmadyne: sys_socket[PID: 114 (klogd)]: family:1, type:2, protocol:0
nvram_set: usb_info_dev32 = "A200396E0402FF83@1@14.4G@U@1@USB_Storage;U:;0;0@[   15.642499] firmadyne: sys_socket[PID: 114 (klogd)]: family:1, type:1, protocol:0
[   15.643921] firmadyne: sys_socket[PID: 114 (klogd)]: family:1, type:2, protocol:0
"
sem_get: Key: 410f00ac
sem_get: Key: 410f00ac
[   15.654562] firmadyne: sys_socket[PID: 114 (klogd)]: family:1, type:1, protocol:0
[   15.656055] firmadyne: sys_socket[PID: 114 (klogd)]: family:1, type:2, protocol:0
[   15.659379] firmadyne: sys_socket[PID: 114 (klogd)]: family:1, type:1, protocol:0
[   15.661029] firmadyne: sys_socket[PID: 114 (klogd)]: family:1, type:2, protocol:0
[   15.663878] firmadyne: sys_socket[PID: 114 (klogd)]: family:1, type:1, protocol:0
nvram_set: usb_info_dev33 = "A200396E0402FF83@1@14.4G@U@1@USB_Storage;U:;0;0@"
sem_get: Key: 410f00ac
sem_get: Key: 410f00ac
nvram_set: [   15.677058] firmadyne: sys_socket[PID: 114 (klogd)]: family:1, type:2, protocol:0
[   15.679964] firmadyne: sys_socket[PID: 114 (klogd)]: family:1, type:1, protocol:0
usb_info_dev34 = "A200396E0402FF83@1@14.4G@U@1@USB_Storage;U:;0;0@"
sem_get: Key: [   15.685266] firmadyne: sys_socket[PID: 114 (klogd)]: family:1, type:2, protocol:0
[   15.688206] firmadyne: sys_socket[PID: 114 (klogd)]: family:1, type:1, protocol:0
410f00ac
sem_get[   15.694336] firmadyne: sys_socket[PID: 114 (klogd)]: family:1, type:2, protocol:0
[   15.697515] firmadyne: sys_socket[PID: 114 (klogd)]: family:1, type:1, protocol:0
[   15.698936] firmadyne: sys_socket[PID: 114 (klogd)]: family:1, type:2, protocol:0
: Key: 410f00ac
nvram_set: usb_info_dev35 = "A200396E0402FF83@1@14.4G@U@1@USB_Storage;U:;0;0@"
sem_get: Key: 410f00ac
[   15.710223] firmadyne: sys_socket[PID: 114 (klogd)]: family:1, type:1, protocol:0
[   15.711651] firmadyne: sys_socket[PID: 114 (klogd)]: family:1, type:2, protocol:0
sem_get: Key: 410f00ac
[   15.719019] firmadyne: sys_socket[PID: 114 (klogd)]: family:1, type:1, protocol:0
nvram_set: usb_info_dev36 = "A200396E0402FF83@1@14.4G@U@1@USB_Storage;U:;0;0@"
sem_get: Key: 410f00ac
[   15.729031] firmadyne: sys_socket[PID: 114 (klogd)]: family:1, type:2, protocol:0
[   15.732055] firmadyne: sys_socket[PID: 114 (klogd)]: family:1, type:1, protocol:0
[   15.733963] firmadyne: sys_socket[PID: 114 (klogd)]: family:1, type:2, protocol:0
[   15.737113] firmadyne: sys_socket[PID: 114 (klogd)]: family:1, type:1, protocol:0
[   15.738532] firmadyne: sys_socket[PID: 114 (klogd)]: family:1, type:2, protocol:0
sem_get: Key: 410f00ac
nvram_set: usb_info_dev37 = "A200396E0402FF83@1@14.4G@U@1@USB_Storage;U:;0;0@"
sem_get[   15.749774] firmadyne: sys_socket[PID: 114 (klogd)]: family:1, type:1, protocol:0
[   15.751237] firmadyne: sys_socket[PID: 114 (klogd)]: family:1, type:2, protocol:0
: Key: 410f00ac
sem_get: Key: 410f00ac[   15.758942] firmadyne: sys_socket[PID: 114 (klogd)]: family:1, type:1, protocol:0

nvram_set: usb_info_dev38 = "[   15.764732] firmadyne: sys_socket[PID: 114 (klogd)]: family:1, type:2, protocol:0
[   15.767726] firmadyne: sys_socket[PID: 114 (klogd)]: family:1, type:1, protocol:0
A200396E0402FF83@1@14.4G@U@1@USB_Storage;U:;0;0@"
sem_get: Key: 410f00ac
[   15.773096] firmadyne: sys_socket[PID: 114 (klogd)]: family:1, type:2, protocol:0
[   15.776008] firmadyne: sys_socket[PID: 114 (klogd)]: family:1, type:1, protocol:0
sem_get: Key: 410f00ac
nvram_set: usb_info_dev39 = "[   15.785293] firmadyne: sys_socket[PID: 114 (klogd)]: family:1, type:2, protocol:0
[   15.788454] firmadyne: sys_socket[PID: 114 (klogd)]: family:1, type:1, protocol:0
A200396E0402FF83@1@14.4G@U@1@USB_Storage;U:;0;0@"
sem_get: Key: 410f00ac
sem_get: Key: 410f00ac
[   15.796977] firmadyne: sys_socket[PID: 114 (klogd)]: family:1, type:2, protocol:0
[   15.799890] firmadyne: sys_socket[PID: 114 (klogd)]: family:1, type:1, protocol:0
[   15.801838] firmadyne: sys_socket[PID: 114 (klogd)]: family:1, type:2, protocol:0
[   15.804982] firmadyne: sys_socket[PID: 114 (klogd)]: family:1, type:1, protocol:0
[   15.806416] firmadyne: sys_socket[PID: 114 (klogd)]: family:1, type:2, protocol:0
nvram_set: usb_info_dev40 = "A200396E0402FF83@1@14.4G@U@1@USB_Storage;U:;0;0@"
sem_get: Key: 410f00ac
sem_get[   15.817939] firmadyne: sys_socket[PID: 114 (klogd)]: family:1, type:1, protocol:0
[   15.819408] firmadyne: sys_socket[PID: 114 (klogd)]: family:1, type:2, protocol:0
: Key: 410f00ac
nvram_set: [   15.826522] firmadyne: sys_socket[PID: 114 (klogd)]: family:1, type:1, protocol:0
[   15.827952] firmadyne: sys_socket[PID: 114 (klogd)]: family:1, type:2, protocol:0
usb_info_dev41 = "A200396E0402FF83@1@14.4G@U@1@USB_Storage;U:;0;0@"
sem_get: Key: 410f00ac
sem_get: Key: 410f00ac
[   15.838876] firmadyne: sys_socket[PID: 114 (klogd)]: family:1, type:1, protocol:0
nvram_set: usb_info_dev42 = "A200396E0402FF83@1@14.4G@U@1@USB_Storage;U:;0;0@[   15.844895] firmadyne: sys_socket[PID: 114 (klogd)]: family:1, type:2, protocol:0
[   15.847854] firmadyne: sys_socket[PID: 114 (klogd)]: family:1, type:1, protocol:0
"
sem_get: Key: 410f00ac
[   15.853008] firmadyne: sys_socket[PID: 114 (klogd)]: family:1, type:2, protocol:0
[   15.855918] firmadyne: sys_socket[PID: 114 (klogd)]: family:1, type:1, protocol:0
sem_get: Key: 410f00ac
nvram_set: usb_info_dev43 = "A200396E0402FF83@1@14.4G@U@1@USB_Storage;U:;0;0@"
[   15.864993] firmadyne: sys_socket[PID: 114 (klogd)]: family:1, type:2, protocol:0
[   15.867907] firmadyne: sys_socket[PID: 114 (klogd)]: family:1, type:1, protocol:0
[   15.869877] firmadyne: sys_socket[PID: 114 (klogd)]: family:1, type:2, protocol:0
[   15.873050] firmadyne: sys_socket[PID: 114 (klogd)]: family:1, type:1, protocol:0
[   15.874467] firmadyne: sys_socket[PID: 114 (klogd)]: family:1, type:2, protocol:0
sem_get: Key: 410f00ac
sem_get: Key: 410f00ac
nvram_set: [   15.885685] firmadyne: sys_socket[PID: 114 (klogd)]: family:1, type:1, protocol:0
[   15.887153] firmadyne: sys_socket[PID: 114 (klogd)]: family:1, type:2, protocol:0
usb_info_dev44 = "A200396E0402FF83@1@14.4G@U@1@USB_Storage;U:;0;0@"
sem_get: Key: 410f00ac[   15.895371] firmadyne: sys_socket[PID: 114 (klogd)]: family:1, type:1, protocol:0
[   15.897062] firmadyne: sys_socket[PID: 114 (klogd)]: family:1, type:2, protocol:0
[   15.899962] firmadyne: sys_socket[PID: 114 (klogd)]: family:1, type:1, protocol:0

sem_get: Key: 410f00ac
nvram_set: usb_info_dev45 = "A200396E0402FF83@1@14.4G@U@1@USB_Storage;U:;0;0@"
sem_get: Key: 410f00ac
[   15.912986] firmadyne: sys_socket[PID: 114 (klogd)]: family:1, type:2, protocol:0
[   15.915961] firmadyne: sys_socket[PID: 114 (klogd)]: family:1, type:1, protocol:0
sem_get: Key: 410f00ac
nvram_set: usb_info_dev46 = "A200396E0402FF83@1@14.4G@U@1@USB_Storage;U:;0;0@"
[   15.925031] firmadyne: sys_socket[PID: 114 (klogd)]: family:1, type:2, protocol:0
[   15.927934] firmadyne: sys_socket[PID: 114 (klogd)]: family:1, type:1, protocol:0
[   15.929866] firmadyne: sys_socket[PID: 114 (klogd)]: family:1, type:2, protocol:0
[   15.933006] firmadyne: sys_socket[PID: 114 (klogd)]: family:1, type:1, protocol:0
[   15.934427] firmadyne: sys_socket[PID: 114 (klogd)]: family:1, type:2, protocol:0
sem_get: Key: 410f00ac
sem_get: Key: 410f00ac
nvram_set: usb_info_dev47[   15.945904] firmadyne: sys_socket[PID: 114 (klogd)]: family:1, type:1, protocol:0
[   15.947400] firmadyne: sys_socket[PID: 114 (klogd)]: family:1, type:2, protocol:0
 = "A200396E0402FF83@1@14.4G@U@1@USB_Storage;U:;0;0@"
sem_get: Key: 410f00ac
[   15.954515] firmadyne: sys_socket[PID: 114 (klogd)]: family:1, type:1, protocol:0
[   15.955938] firmadyne: sys_socket[PID: 114 (klogd)]: family:1, type:2, protocol:0
sem_get: Key: 410f00ac
nvram_set: usb_info_dev48 = "A200396E0402FF83@1@14.4G@U@1@USB_Storage;U:;0;0@[   15.966673] firmadyne: sys_socket[PID: 114 (klogd)]: family:1, type:1, protocol:0
[   15.968125] firmadyne: sys_socket[PID: 114 (klogd)]: family:1, type:2, protocol:0
"
sem_get: Key: 410f00ac
sem_get: Key: 410f00ac
[   15.978472] firmadyne: sys_socket[PID: 114 (klogd)]: family:1, type:1, protocol:0
[   15.979960] firmadyne: sys_socket[PID: 114 (klogd)]: family:1, type:2, protocol:0
[   15.983333] firmadyne: sys_socket[PID: 114 (klogd)]: family:1, type:1, protocol:0
[   15.984986] firmadyne: sys_socket[PID: 114 (klogd)]: family:1, type:2, protocol:0
[   15.987903] firmadyne: sys_socket[PID: 114 (klogd)]: family:1, type:1, protocol:0
nvram_set: usb_info_dev49 = "A200396E0402FF83@1@14.4G@U@1@USB_Storage;U:;0;0@"
sem_get: Key: 410f00ac
[   15.996980] firmadyne: sys_socket[PID: 114 (klogd)]: family:1, type:2, protocol:0
[   15.999940] firmadyne: sys_socket[PID: 114 (klogd)]: family:1, type:1, protocol:0
sem_get: Key: 410f00ac
nvram_set: usb_info_dev50 = "A200396E0402FF83@1@14.4G@U@1@USB_Storage;U:;0;0@"
sem_get[   16.009039] firmadyne: sys_socket[PID: 114 (klogd)]: family:1, type:2, protocol:0
[   16.011948] firmadyne: sys_socket[PID: 114 (klogd)]: family:1, type:1, protocol:0
: Key: 410f00ac
sem_get[   16.017425] firmadyne: sys_socket[PID: 114 (klogd)]: family:1, type:2, protocol:0
: Key: 410f00ac
nvram_set: usb_info_dev51[   16.024968] firmadyne: sys_socket[PID: 114 (klogd)]: family:1, type:1, protocol:0
[   16.026475] firmadyne: sys_socket[PID: 114 (klogd)]: family:1, type:2, protocol:0
 = "A200396E0402FF83@1@14.4G@U@1@USB_Storage;U:;0;0@"
sem_get: Key: 410f00ac
[   16.033589] firmadyne: sys_socket[PID: 114 (klogd)]: family:1, type:1, protocol:0
[   16.035062] firmadyne: sys_socket[PID: 114 (klogd)]: family:1, type:2, protocol:0
sem_get: Key: 410f00ac
[   16.042195] firmadyne: sys_socket[PID: 114 (klogd)]: family:1, type:1, protocol:0
[   16.043631] firmadyne: sys_socket[PID: 114 (klogd)]: family:1, type:2, protocol:0
nvram_set: usb_info_dev52 = "A200396E0402FF83@1@14.4G@U@1@USB_Storage;U:;0;0@"
sem_get: Key: 410f00ac
sem_get: Key: 410f00ac
nvram_set: usb_info_dev53 = "A200396E0402FF83@1@14.4G@U@1@USB_Storage;U:;0;0@"
sem_get: Key: 410f00ac
sem_get: Key: 410f00ac[   16.077107] firmadyne: sys_socket[PID: 114 (klogd)]: family:1, type:1, protocol:0
[   16.078573] firmadyne: sys_socket[PID: 114 (klogd)]: family:1, type:2, protocol:0

nvram_set: usb_info_dev54 = "[   16.085763] firmadyne: sys_socket[PID: 114 (klogd)]: family:1, type:1, protocol:0
[   16.087214] firmadyne: sys_socket[PID: 114 (klogd)]: family:1, type:2, protocol:0
A200396E0402FF83@1@14.4G@U@1@USB_Storage;U:;0;0@"
sem_get: Key: 410f00ac
[   16.095745] firmadyne: sys_socket[PID: 114 (klogd)]: family:1, type:1, protocol:0
sem_get: Key: 410f00ac
[   16.101000] firmadyne: sys_socket[PID: 114 (klogd)]: family:1, type:2, protocol:0
[   16.103911] firmadyne: sys_socket[PID: 114 (klogd)]: family:1, type:1, protocol:0
nvram_set: usb_info_dev55 = "A200396E0402FF83@1@14.4G@U@1@USB_Storage;U:;0;0@"
sem_get: Key: 410f00ac
[   16.113102] firmadyne: sys_socket[PID: 114 (klogd)]: family:1, type:2, protocol:0
[   16.116076] firmadyne: sys_socket[PID: 114 (klogd)]: family:1, type:1, protocol:0
[   16.117927] firmadyne: sys_socket[PID: 114 (klogd)]: family:1, type:2, protocol:0
[   16.121060] firmadyne: sys_socket[PID: 114 (klogd)]: family:1, type:1, protocol:0
[   16.122508] firmadyne: sys_socket[PID: 114 (klogd)]: family:1, type:2, protocol:0
sem_get: Key: 410f00ac
nvram_set: usb_info_dev56 = "A200396E0402FF83@1@14.4G@U@1@USB_Storage;U:;0;0@"
sem_get: Key: 410f00ac[   16.133865] firmadyne: sys_socket[PID: 114 (klogd)]: family:1, type:1, protocol:0
[   16.135365] firmadyne: sys_socket[PID: 114 (klogd)]: family:1, type:2, protocol:0

sem_get: Key: 410f00ac
[   16.142709] firmadyne: sys_socket[PID: 114 (klogd)]: family:1, type:1, protocol:0
nvram_set: usb_info_dev57 = "A200396E0402FF83@1@14.4G@U@1@USB_Storage;U:;0;0@[   16.148863] firmadyne: sys_socket[PID: 114 (klogd)]: family:1, type:2, protocol:0
[   16.151849] firmadyne: sys_socket[PID: 114 (klogd)]: family:1, type:1, protocol:0
"
sem_get: Key: 410f00ac
[   16.157050] firmadyne: sys_socket[PID: 114 (klogd)]: family:1, type:2, protocol:0
[   16.159959] firmadyne: sys_socket[PID: 114 (klogd)]: family:1, type:1, protocol:0
sem_get: Key: 410f00ac
nvram_set: usb_info_dev58 = "A200396E0402FF83@1@14.4G@U@1@USB_Storage;U:;0;0@"
[   16.169194] firmadyne: sys_socket[PID: 114 (klogd)]: family:1, type:2, protocol:0
[   16.172125] firmadyne: sys_socket[PID: 114 (klogd)]: family:1, type:1, protocol:0
sem_get: Key: 410f00ac
sem_get: Key: 410f00ac
nvram_set[   16.181437] firmadyne: sys_socket[PID: 114 (klogd)]: family:1, type:2, protocol:0
[   16.184771] firmadyne: sys_socket[PID: 114 (klogd)]: family:1, type:1, protocol:0
[   16.186222] firmadyne: sys_socket[PID: 114 (klogd)]: family:1, type:2, protocol:0
: usb_info_dev59 = "A200396E0402FF83@1@14.4G@U@1@USB_Storage;U:;0;0@"
sem_get: Key: 410f00ac[   16.193610] firmadyne: sys_socket[PID: 114 (klogd)]: family:1, type:1, protocol:0
[   16.195113] firmadyne: sys_socket[PID: 114 (klogd)]: family:1, type:2, protocol:0

sem_get: Key: 410f00ac
[   16.202404] firmadyne: sys_socket[PID: 114 (klogd)]: family:1, type:1, protocol:0
[   16.203836] firmadyne: sys_socket[PID: 114 (klogd)]: family:1, type:2, protocol:0
nvram_set: usb_info_dev60 = "[   16.210822] firmadyne: sys_socket[PID: 114 (klogd)]: family:1, type:1, protocol:0
A200396E0402FF83@1@14.4G@U@1@USB_Storage;U:;0;0@"
sem_get: Key: 410f00ac
[   16.216627] firmadyne: sys_socket[PID: 114 (klogd)]: family:1, type:2, protocol:0
[   16.219640] firmadyne: sys_socket[PID: 114 (klogd)]: family:1, type:1, protocol:0
sem_get: Key: 410f00ac
nvram_set: usb_info_dev61 = "A200396E0402FF83@1@14.4G@U@1@USB_Storage;U:;0;0@"
[   16.228973] firmadyne: sys_socket[PID: 114 (klogd)]: family:1, type:2, protocol:0
[   16.231962] firmadyne: sys_socket[PID: 114 (klogd)]: family:1, type:1, protocol:0
sem_get: Key: 410f00ac
sem_get: Key: 410f00ac
[   16.241024] firmadyne: sys_socket[PID: 114 (klogd)]: family:1, type:2, protocol:0
[   16.244013] firmadyne: sys_socket[PID: 114 (klogd)]: family:1, type:1, protocol:0
[   16.245944] firmadyne: sys_socket[PID: 114 (klogd)]: family:1, type:2, protocol:0
[   16.249123] firmadyne: sys_socket[PID: 114 (klogd)]: family:1, type:1, protocol:0
[   16.250540] firmadyne: sys_socket[PID: 114 (klogd)]: family:1, type:2, protocol:0
nvram_set: usb_info_dev62 = "A200396E0402FF83@1@14.4G@U@1@USB_Storage;U:;0;0@"
sem_get: Key: 410f00ac
sem_get: Key: 410f00ac[   16.261845] firmadyne: sys_socket[PID: 114 (klogd)]: family:1, type:1, protocol:0
[   16.263345] firmadyne: sys_socket[PID: 114 (klogd)]: family:1, type:2, protocol:0

nvram_set: usb_info_dev63 = "[   16.270557] firmadyne: sys_socket[PID: 114 (klogd)]: family:1, type:1, protocol:0
[   16.271981] firmadyne: sys_socket[PID: 114 (klogd)]: family:1, type:2, protocol:0
A200396E0402FF83@1@14.4G@U@1@USB_Storage;U:;0;0@"
sem_get: Key: 410f00ac
sem_get: Key: 410f00ac
[   16.282465] firmadyne: sys_socket[PID: 114 (klogd)]: family:1, type:1, protocol:0
[   16.283893] firmadyne: sys_socket[PID: 114 (klogd)]: family:1, type:2, protocol:0
nvram_set: usb_info_dev64 = "A200396E0402FF83@1@14.4G@U@1@USB_Storage;U:;0;0@"
sem_get: Key: 410f00ac
[   16.295661] firmadyne: sys_socket[PID: 114 (klogd)]: family:1, type:1, protocol:0
[   16.298292] firmadyne: sys_socket[PID: 114 (klogd)]: family:1, type:2, protocol:0
[   16.301999] firmadyne: sys_socket[PID: 114 (klogd)]: family:1, type:1, protocol:0
[   16.303571] firmadyne: sys_socket[PID: 114 (klogd)]: family:1, type:2, protocol:0
sem_get: Key: 410f00ac
nvram_set: usb_info_dev65 = "A200396E0402FF83@1@14.4G@U@1@USB_Storage;U:;0;0@"
[   16.314552] firmadyne: sys_socket[PID: 114 (klogd)]: family:1, type:1, protocol:0
[   16.316035] firmadyne: sys_socket[PID: 114 (klogd)]: family:1, type:2, protocol:0
sem_get: Key: 410f00ac
sem_get: Key: 410f00ac
[   16.326474] firmadyne: sys_socket[PID: 114 (klogd)]: family:1, type:1, protocol:0
[   16.327896] firmadyne: sys_socket[PID: 114 (klogd)]: family:1, type:2, protocol:0
nvram_set: usb_info_dev66 = "A200396E0402FF83@1@14.4G@U@1@USB_Storage;U:;0;0@"
sem_get: Key: 410f00ac
sem_get: Key: [   16.338467] firmadyne: sys_socket[PID: 114 (klogd)]: family:1, type:1, protocol:0
[   16.339894] firmadyne: sys_socket[PID: 114 (klogd)]: family:1, type:2, protocol:0
[   16.343350] firmadyne: sys_socket[PID: 114 (klogd)]: family:1, type:1, protocol:0
[   16.345006] firmadyne: sys_socket[PID: 114 (klogd)]: family:1, type:2, protocol:0
[   16.347856] firmadyne: sys_socket[PID: 114 (klogd)]: family:1, type:1, protocol:0
410f00ac
nvram_set: usb_info_dev67 = "A200396E0402FF83@1@14.4G@U@1@USB_Storage;U:;0;0@"
sem_get: Key: 410f00ac
[   16.357335] firmadyne: sys_socket[PID: 114 (klogd)]: family:1, type:2, protocol:0
sem_get: Key: 410f00ac
[   16.364689] firmadyne: sys_socket[PID: 114 (klogd)]: family:1, type:1, protocol:0
[   16.366189] firmadyne: sys_socket[PID: 114 (klogd)]: family:1, type:2, protocol:0
nvram_set: usb_info_dev68 = "A200396E0402FF83@1@14.4G@U@1@USB_Storage;U:;0;0@"
[   16.373490] firmadyne: sys_socket[PID: 114 (klogd)]: family:1, type:1, protocol:0
[   16.375013] firmadyne: sys_socket[PID: 114 (klogd)]: family:1, type:2, protocol:0
sem_get: Key: 410f00ac
sem_get[   16.382554] firmadyne: sys_socket[PID: 114 (klogd)]: family:1, type:1, protocol:0
[   16.383983] firmadyne: sys_socket[PID: 114 (klogd)]: family:1, type:2, protocol:0
: Key: 410f00ac
nvram_set: usb_info_dev69 = "A200396E0402FF83@1@14.4G@U@1@USB_Storage;U:;0;0@"
sem_get: Key: [   16.394477] firmadyne: sys_socket[PID: 114 (klogd)]: family:1, type:1, protocol:0
[   16.395904] firmadyne: sys_socket[PID: 114 (klogd)]: family:1, type:2, protocol:0
410f00ac
sem_get: Key: [   16.402817] firmadyne: sys_socket[PID: 114 (klogd)]: family:1, type:1, protocol:0
410f00ac
nvram_set: usb_info_dev70[   16.408700] firmadyne: sys_socket[PID: 114 (klogd)]: family:1, type:2, protocol:0
[   16.411730] firmadyne: sys_socket[PID: 114 (klogd)]: family:1, type:1, protocol:0
 = "A200396E0402FF83@1@14.4G@U@1@USB_Storage;U:;0;0@"
sem_get: Key: 410f00ac
[   16.417384] firmadyne: sys_socket[PID: 114 (klogd)]: family:1, type:2, protocol:0
sem_get: Key: 410f00ac
[   16.424711] firmadyne: sys_socket[PID: 114 (klogd)]: family:1, type:1, protocol:0
[   16.426208] firmadyne: sys_socket[PID: 114 (klogd)]: family:1, type:2, protocol:0
nvram_set: usb_info_dev71 = "A200396E0402FF83@1@14.4G@U@1@USB_Storage;U:;0;0@"
[   16.433503] firmadyne: sys_socket[PID: 114 (klogd)]: family:1, type:1, protocol:0
[   16.434976] firmadyne: sys_socket[PID: 114 (klogd)]: family:1, type:2, protocol:0
sem_get: Key: 410f00ac
sem_get[   16.442382] firmadyne: sys_socket[PID: 114 (klogd)]: family:1, type:1, protocol:0
[   16.443818] firmadyne: sys_socket[PID: 114 (klogd)]: family:1, type:2, protocol:0
: Key: 410f00ac
nvram_set[   16.450771] firmadyne: sys_socket[PID: 114 (klogd)]: family:1, type:1, protocol:0
[   16.452237] firmadyne: sys_socket[PID: 114 (klogd)]: family:1, type:2, protocol:0
: usb_info_dev72 = "A200396E0402FF83@1@14.4G@U@1@USB_Storage;U:;0;0@"
sem_get: Key: 410f00ac
sem_get: Key: [   16.462465] firmadyne: sys_socket[PID: 114 (klogd)]: family:1, type:1, protocol:0
[   16.463892] firmadyne: sys_socket[PID: 114 (klogd)]: family:1, type:2, protocol:0
410f00ac
nvram_set: [   16.470722] firmadyne: sys_socket[PID: 114 (klogd)]: family:1, type:1, protocol:0
[   16.472181] firmadyne: sys_socket[PID: 114 (klogd)]: family:1, type:2, protocol:0
usb_info_dev73 = "A200396E0402FF83@1@14.4G@U@1@USB_Storage;U:;0;0@"
sem_get: Key: 410f00ac
sem_get: Key: 410f00ac[   16.482583] firmadyne: sys_socket[PID: 114 (klogd)]: family:1, type:1, protocol:0
[   16.484103] firmadyne: sys_socket[PID: 114 (klogd)]: family:1, type:2, protocol:0

nvram_set: usb_info_dev74 = "A200396E0402FF83@1@14.4G@U@1@USB_Storage;U:;0;0@"
sem_get: Key: 410f00ac
[   16.495699] firmadyne: sys_socket[PID: 114 (klogd)]: family:1, type:1, protocol:0
[   16.497654] firmadyne: sys_socket[PID: 114 (klogd)]: family:1, type:2, protocol:0
sem_get: Key: 410f00ac
[   16.505026] firmadyne: sys_socket[PID: 114 (klogd)]: family:1, type:1, protocol:0
[   16.506486] firmadyne: sys_socket[PID: 114 (klogd)]: family:1, type:2, protocol:0
nvram_set: usb_info_dev75 = "A200396E0402FF83@1@14.4G@U@1@USB_Storage;U:;0;0@"
[   16.513993] firmadyne: sys_socket[PID: 114 (klogd)]: family:1, type:1, protocol:0
[   16.515505] firmadyne: sys_socket[PID: 114 (klogd)]: family:1, type:2, protocol:0
sem_get: Key: 410f00ac
[   16.522525] firmadyne: sys_socket[PID: 114 (klogd)]: family:1, type:1, protocol:0
[   16.523959] firmadyne: sys_socket[PID: 114 (klogd)]: family:1, type:2, protocol:0
sem_get: Key: 410f00ac
nvram_set: usb_info_dev76 = "A200396E0402FF83@1@14.4G@U@1@USB_Storage;U:;0;0@"
sem_get: Key: 410f00ac
sem_get: Key: 410f00ac
nvram_set: usb_info_dev77[   16.553162] firmadyne: sys_socket[PID: 114 (klogd)]: family:1, type:1, protocol:0
[   16.554642] firmadyne: sys_socket[PID: 114 (klogd)]: family:1, type:2, protocol:0
 = "A200396E0402FF83@1@14.4G@U@1@USB_Storage;U:;0;0@"
sem_get: Key: 410f00ac
[   16.561788] firmadyne: sys_socket[PID: 114 (klogd)]: family:1, type:1, protocol:0
[   16.563280] firmadyne: sys_socket[PID: 114 (klogd)]: family:1, type:2, protocol:0
sem_get: Key: 410f00ac
[   16.570543] firmadyne: sys_socket[PID: 114 (klogd)]: family:1, type:1, protocol:0
[   16.572004] firmadyne: sys_socket[PID: 114 (klogd)]: family:1, type:2, protocol:0
nvram_set: usb_info_dev78 = "A200396E0402FF83@1@14.4G@U@1@USB_Storage;U:;0;0@"
sem_get: Key: 410f00ac
[   16.582532] firmadyne: sys_socket[PID: 114 (klogd)]: family:1, type:1, protocol:0
[   16.583956] firmadyne: sys_socket[PID: 114 (klogd)]: family:1, type:2, protocol:0
sem_get: Key: 410f00ac
nvram_set: usb_info_dev79 = "A200396E0402FF83@1@14.4G@U@1@USB_Storage;U:;0;0@"
[   16.594517] firmadyne: sys_socket[PID: 114 (klogd)]: family:1, type:1, protocol:0
[   16.595964] firmadyne: sys_socket[PID: 114 (klogd)]: family:1, type:2, protocol:0
sem_get: Key: 410f00ac
sem_get: Key: 410f00ac
nvram_set[   16.606744] firmadyne: sys_socket[PID: 114 (klogd)]: family:1, type:1, protocol:0
[   16.608483] firmadyne: sys_socket[PID: 114 (klogd)]: family:1, type:2, protocol:0
[   16.611658] firmadyne: sys_socket[PID: 114 (klogd)]: family:1, type:1, protocol:0
[   16.613384] firmadyne: sys_socket[PID: 114 (klogd)]: family:1, type:2, protocol:0
: usb_info_dev80 = "A200396E0402FF83@1@14.4G@U@1@USB_Storage;U:;0;0@"
sem_get: Key: 410f00ac
sem_get: Key: 410f00ac
[   16.624556] firmadyne: sys_socket[PID: 114 (klogd)]: family:1, type:1, protocol:0
[   16.626027] firmadyne: sys_socket[PID: 114 (klogd)]: family:1, type:2, protocol:0
nvram_set: usb_info_dev81 = "A200396E0402FF83@1@14.4G@U@1@USB_Storage;U:;0;0@"
[   16.633488] firmadyne: sys_socket[PID: 114 (klogd)]: family:1, type:1, protocol:0
[   16.634959] firmadyne: sys_socket[PID: 114 (klogd)]: family:1, type:2, protocol:0
sem_get: Key: 410f00ac
sem_get[   16.642498] firmadyne: sys_socket[PID: 114 (klogd)]: family:1, type:1, protocol:0
[   16.643927] firmadyne: sys_socket[PID: 114 (klogd)]: family:1, type:2, protocol:0
: Key: 410f00ac
nvram_set: usb_info_dev82 = "A200396E0402FF83@1@14.4G@U@1@USB_Storage;U:;0;0@"
sem_get: Key: 410f00ac[   16.654825] firmadyne: sys_socket[PID: 114 (klogd)]: family:1, type:1, protocol:0
[   16.656713] cfg80211: Calling CRDA to update world regulatory domain
[   16.658118] firmadyne: sys_socket[PID: 114 (klogd)]: family:1, type:2, protocol:0
[   16.661346] firmadyne: sys_socket[PID: 114 (klogd)]: family:1, type:1, protocol:0
[   16.662802] firmadyne: sys_socket[PID: 114 (klogd)]: family:1, type:2, protocol:0

sem_get: Key: 410f00ac
nvram_set: usb_info_dev83 = "A200396E0402FF83@1@14.4G@U@1@USB_Storage;U:;0;0@[   16.674097] firmadyne: sys_socket[PID: 114 (klogd)]: family:1, type:1, protocol:0
[   16.675577] firmadyne: sys_socket[PID: 114 (klogd)]: family:1, type:2, protocol:0
"
sem_get: Key: 410f00ac
[   16.682529] firmadyne: sys_socket[PID: 114 (klogd)]: family:1, type:1, protocol:0
[   16.683957] firmadyne: sys_socket[PID: 114 (klogd)]: family:1, type:2, protocol:0
sem_get: Key: 410f00ac
nvram_set: usb_info_dev84 = "A200396E0402FF83@1@14.4G@U@1@USB_Storage;U:;0;0@"
[   16.695502] firmadyne: sys_socket[PID: 114 (klogd)]: family:1, type:1, protocol:0
[   16.697428] firmadyne: sys_socket[PID: 114 (klogd)]: family:1, type:2, protocol:0
sem_get: Key: 410f00ac
sem_get: Key: [   16.704739] firmadyne: sys_socket[PID: 114 (klogd)]: family:1, type:1, protocol:0
[   16.706211] firmadyne: sys_socket[PID: 114 (klogd)]: family:1, type:2, protocol:0
410f00ac
nvram_set: usb_info_dev85 = "[   16.713738] firmadyne: sys_socket[PID: 114 (klogd)]: family:1, type:1, protocol:0
[   16.715246] firmadyne: sys_socket[PID: 114 (klogd)]: family:1, type:2, protocol:0
A200396E0402FF83@1@14.4G@U@1@USB_Storage;U:;0;0@"
sem_get: Key: 410f00ac
[   16.722552] firmadyne: sys_socket[PID: 114 (klogd)]: family:1, type:1, protocol:0
[   16.724015] firmadyne: sys_socket[PID: 114 (klogd)]: family:1, type:2, protocol:0
sem_get: Key: 410f00ac
nvram_set: usb_info_dev86 = "A200396E0402FF83@1@14.4G@U@1@USB_Storage;U:;0;0@"
[   16.734691] firmadyne: sys_socket[PID: 114 (klogd)]: family:1, type:1, protocol:0
[   16.736151] firmadyne: sys_socket[PID: 114 (klogd)]: family:1, type:2, protocol:0
[   16.739494] firmadyne: sys_socket[PID: 114 (klogd)]: family:1, type:1, protocol:0
[   16.741211] firmadyne: sys_socket[PID: 114 (klogd)]: family:1, type:2, protocol:0
[   16.744241] firmadyne: sys_socket[PID: 114 (klogd)]: family:1, type:1, protocol:0
sem_get: Key: 410f00ac
sem_get: Key: 410f00ac
nvram_set: usb_info_dev87 = "A200396E0402FF83@1@14.4G@U@1@USB_Storage;U:;0;0@"
sem_get: Key: [   16.756955] firmadyne: sys_socket[PID: 114 (klogd)]: family:1, type:2, protocol:0
[   16.759917] firmadyne: sys_socket[PID: 114 (klogd)]: family:1, type:1, protocol:0
410f00ac
sem_get: Key: 410f00ac
nvram_set: usb_info_dev88[   16.769117] firmadyne: sys_socket[PID: 114 (klogd)]: family:1, type:2, protocol:0
[   16.772048] firmadyne: sys_socket[PID: 114 (klogd)]: family:1, type:1, protocol:0
[   16.773906] firmadyne: sys_socket[PID: 114 (klogd)]: family:1, type:2, protocol:0
[   16.777047] firmadyne: sys_socket[PID: 114 (klogd)]: family:1, type:1, protocol:0
[   16.778476] firmadyne: sys_socket[PID: 114 (klogd)]: family:1, type:2, protocol:0
 = "A200396E0402FF83@1@14.4G@U@1@USB_Storage;U:;0;0@"
sem_get: Key: 410f00ac
sem_get: Key: 410f00ac
[   16.789552] firmadyne: sys_socket[PID: 114 (klogd)]: family:1, type:1, protocol:0
[   16.791063] firmadyne: sys_socket[PID: 114 (klogd)]: family:1, type:2, protocol:0
nvram_set: usb_info_dev89 = "A200396E0402FF83@1@14.4G@U@1@USB_Storage;U:;0;0@"
[   16.798256] firmadyne: sys_socket[PID: 114 (klogd)]: family:1, type:1, protocol:0
[   16.799731] firmadyne: sys_socket[PID: 114 (klogd)]: family:1, type:2, protocol:0
sem_get: Key: 410f00ac
sem_get: Key: 410f00ac
nvram_set: [   16.810662] firmadyne: sys_socket[PID: 114 (klogd)]: family:1, type:1, protocol:0
[   16.812111] firmadyne: sys_socket[PID: 114 (klogd)]: family:1, type:2, protocol:0
usb_info_dev90 = "A200396E0402FF83@1@14.4G@U@1@USB_Storage;U:;0;0@"
sem_get: Key: 410f00ac
sem_get: Key: 410f00ac
[   16.822848] firmadyne: sys_socket[PID: 114 (klogd)]: family:1, type:1, protocol:0
[   16.824750] firmadyne: sys_socket[PID: 114 (klogd)]: family:1, type:2, protocol:0
[   16.827618] firmadyne: sys_socket[PID: 114 (klogd)]: family:1, type:1, protocol:0
nvram_set: usb_info_dev91 = "[   16.832975] firmadyne: sys_socket[PID: 114 (klogd)]: family:1, type:2, protocol:0
[   16.835889] firmadyne: sys_socket[PID: 114 (klogd)]: family:1, type:1, protocol:0
A200396E0402FF83@1@14.4G@U@1@USB_Storage;U:;0;0@"
sem_get: Key: 410f00ac
sem_get: Key: 410f00ac
nvram_set: usb_info_dev92 = "A200396E0402FF83@1@14.4G@U@1@USB_Storage;U:;0;0@[   16.849303] firmadyne: sys_socket[PID: 114 (klogd)]: family:1, type:2, protocol:0
[   16.852460] firmadyne: sys_socket[PID: 114 (klogd)]: family:1, type:1, protocol:0
[   16.854091] firmadyne: sys_socket[PID: 114 (klogd)]: family:1, type:2, protocol:0
[   16.857242] firmadyne: sys_socket[PID: 114 (klogd)]: family:1, type:1, protocol:0
[   16.858668] firmadyne: sys_socket[PID: 114 (klogd)]: family:1, type:2, protocol:0
"
sem_get: Key: 410f00ac
sem_get: Key: 410f00ac
nvram_set[   16.869950] firmadyne: sys_socket[PID: 114 (klogd)]: family:1, type:1, protocol:0
[   16.871434] firmadyne: sys_socket[PID: 114 (klogd)]: family:1, type:2, protocol:0
: usb_info_dev93 = "A200396E0402FF83@1@14.4G@U@1@USB_Storage;U:;0;0@"
sem_get: Key: [   16.878542] firmadyne: sys_socket[PID: 114 (klogd)]: family:1, type:1, protocol:0
[   16.879973] firmadyne: sys_socket[PID: 114 (klogd)]: family:1, type:2, protocol:0
410f00ac
sem_get: Key: 410f00ac
nvram_set: usb_info_dev94[   16.890641] firmadyne: sys_socket[PID: 114 (klogd)]: family:1, type:1, protocol:0
[   16.892125] firmadyne: sys_socket[PID: 114 (klogd)]: family:1, type:2, protocol:0
[   16.896880] firmadyne: sys_socket[PID: 114 (klogd)]: family:1, type:1, protocol:0
[   16.898309] firmadyne: sys_socket[PID: 114 (klogd)]: family:1, type:2, protocol:0
 = "A200396E0402FF83@1@14.4G@U@1@USB_Storage;U:;0;0@"
sem_get: Key: 410f00ac
sem_get: Key: 410f00ac
[   16.909538] firmadyne: sys_socket[PID: 114 (klogd)]: family:1, type:1, protocol:0
[   16.911007] firmadyne: sys_socket[PID: 114 (klogd)]: family:1, type:2, protocol:0
nvram_set: usb_info_dev95 = "A200396E0402FF83@1@14.4G@U@1@USB_Storage;U:;0;0@"
[   16.918179] firmadyne: sys_socket[PID: 114 (klogd)]: family:1, type:1, protocol:0
[   16.919607] firmadyne: sys_socket[PID: 114 (klogd)]: family:1, type:2, protocol:0
sem_get: Key: 410f00ac
sem_get[   16.926889] firmadyne: sys_socket[PID: 114 (klogd)]: family:1, type:1, protocol:0
: Key: 410f00ac
nvram_set: usb_info_dev96[   16.932936] firmadyne: sys_socket[PID: 114 (klogd)]: family:1, type:2, protocol:0
[   16.935930] firmadyne: sys_socket[PID: 114 (klogd)]: family:1, type:1, protocol:0
 = "A200396E0402FF83@1@14.4G@U@1@USB_Storage;U:;0;0@"
sem_get: Key: 410f00ac
sem_get: Key: 410f00ac
[   16.944982] firmadyne: sys_socket[PID: 114 (klogd)]: family:1, type:2, protocol:0
[   16.947892] firmadyne: sys_socket[PID: 114 (klogd)]: family:1, type:1, protocol:0
nvram_set: usb_info_dev97 = "[   16.953037] firmadyne: sys_socket[PID: 114 (klogd)]: family:1, type:2, protocol:0
[   16.956066] firmadyne: sys_socket[PID: 114 (klogd)]: family:1, type:1, protocol:0
A200396E0402FF83@1@14.4G@U@1@USB_Storage;U:;0;0@"
sem_get: Key: 410f00ac
sem_get: Key: 410f00ac
[   16.964981] firmadyne: sys_socket[PID: 114 (klogd)]: family:1, type:2, protocol:0
[   16.967970] firmadyne: sys_socket[PID: 114 (klogd)]: family:1, type:1, protocol:0
nvram_set: usb_info_dev98 = "A200396E0402FF83@1@14.4G@U@1@USB_Storage;U:;0;0@"
sem_get: Key: 410f00ac
[   16.977176] firmadyne: sys_socket[PID: 114 (klogd)]: family:1, type:2, protocol:0
[   16.980206] firmadyne: sys_socket[PID: 114 (klogd)]: family:1, type:1, protocol:0
[   16.982123] firmadyne: sys_socket[PID: 114 (klogd)]: family:1, type:2, protocol:0
[   16.985317] firmadyne: sys_socket[PID: 114 (klogd)]: family:1, type:1, protocol:0
[   16.986745] firmadyne: sys_socket[PID: 114 (klogd)]: family:1, type:2, protocol:0
sem_get: Key: 410f00ac
nvram_set: usb_info_dev99 = "A200396E0402FF83@1@14.4G@U@1@USB_Storage;U:;0;0@"
sem_get: Key: 410f00ac[   16.998371] firmadyne: sys_socket[PID: 114 (klogd)]: family:1, type:1, protocol:0
[   16.999859] firmadyne: sys_socket[PID: 114 (klogd)]: family:1, type:2, protocol:0

sem_get: Key: 410f00ac
nvram_set: usb_info_dev100 = "A200396E0402FF83@1@14.4G@U@1@USB_Storage;U:;0;0@"
sem_get: Key: 410f00ac
sem_get: Key: 410f00ac
[   17.029049] firmadyne: sys_socket[PID: 114 (klogd)]: family:1, type:1, protocol:0
[   17.030572] firmadyne: sys_socket[PID: 114 (klogd)]: family:1, type:2, protocol:0
nvram_set: wla_ap_isolate_1 = ""
[   17.038041] firmadyne: sys_socket[PID: 114 (klogd)]: family:1, type:1, protocol:0
[   17.039535] firmadyne: sys_socket[PID: 114 (klogd)]: family:1, type:2, protocol:0
sem_get: Key: 410f00ac
sem_get[   17.046879] firmadyne: sys_socket[PID: 114 (klogd)]: family:1, type:1, protocol:0
: Key: 410f00ac
nvram_set: [   17.052643] firmadyne: sys_socket[PID: 114 (klogd)]: family:1, type:2, protocol:0
[   17.055679] firmadyne: sys_socket[PID: 114 (klogd)]: family:1, type:1, protocol:0
wla_ap_isolate_2 = ""
sem_get: Key: 410f00ac
sem_get: Key: 410f00ac
[   17.065001] firmadyne: sys_socket[PID: 114 (klogd)]: family:1, type:2, protocol:0
[   17.067984] firmadyne: sys_socket[PID: 114 (klogd)]: family:1, type:1, protocol:0
nvram_set: wla_ap_isolate_3 = ""
sem_get: Key: 410f00ac
sem_get[   17.077177] firmadyne: sys_socket[PID: 114 (klogd)]: family:1, type:2, protocol:0
[   17.080194] firmadyne: sys_socket[PID: 114 (klogd)]: family:1, type:1, protocol:0
[   17.082111] firmadyne: sys_socket[PID: 114 (klogd)]: family:1, type:2, protocol:0
[   17.085286] firmadyne: sys_socket[PID: 114 (klogd)]: family:1, type:1, protocol:0
[   17.086754] firmadyne: sys_socket[PID: 114 (klogd)]: family:1, type:2, protocol:0
: Key: 410f00ac
nvram_set: wla_ap_isolate_4 = ""
sem_get: Key: 410f00ac
sem_get: Key: 410f00ac
[   17.102026] firmadyne: sys_socket[PID: 114 (klogd)]: family:1, type:1, protocol:0
[   17.103516] firmadyne: sys_socket[PID: 114 (klogd)]: family:1, type:2, protocol:0
nvram_set: wlg_ap_isolate_1 = ""
[   17.110778] firmadyne: sys_socket[PID: 114 (klogd)]: family:1, type:1, protocol:0
[   17.112490] firmadyne: sys_socket[PID: 114 (klogd)]: family:1, type:2, protocol:0
sem_get: Key: 410f00ac
sem_get: Key: 410f00ac
[   17.122526] firmadyne: sys_socket[PID: 114 (klogd)]: family:1, type:1, protocol:0
[   17.123988] firmadyne: sys_socket[PID: 114 (klogd)]: family:1, type:2, protocol:0
[   17.127461] firmadyne: sys_socket[PID: 114 (klogd)]: family:1, type:1, protocol:0
[   17.129163] firmadyne: sys_socket[PID: 114 (klogd)]: family:1, type:2, protocol:0
[   17.132081] firmadyne: sys_socket[PID: 114 (klogd)]: family:1, type:1, protocol:0
nvram_set: wlg_ap_isolate_2 = ""
sem_get: Key: 410f00ac
sem_get: Key: 410f00ac
nvram_set: wlg_ap_isolate_3 = ""
[   17.145225] firmadyne: sys_socket[PID: 114 (klogd)]: family:1, type:2, protocol:0
[   17.148472] firmadyne: sys_socket[PID: 114 (klogd)]: family:1, type:1, protocol:0
sem_get: Key: 410f00ac
sem_get: Key: 410f00ac
nvram_set[   17.157421] firmadyne: sys_socket[PID: 114 (klogd)]: family:1, type:2, protocol:0
[   17.160756] firmadyne: sys_socket[PID: 114 (klogd)]: family:1, type:1, protocol:0
[   17.162212] firmadyne: sys_socket[PID: 114 (klogd)]: family:1, type:2, protocol:0
: wlg_ap_isolate_4 = ""
sem_get: Key: 410f00ac
[   17.169475] firmadyne: sys_socket[PID: 114 (klogd)]: family:1, type:1, protocol:0
[   17.170938] firmadyne: sys_socket[PID: 114 (klogd)]: family:1, type:2, protocol:0
sem_get: Key: 410f00ac
[   17.178204] firmadyne: sys_socket[PID: 114 (klogd)]: family:1, type:1, protocol:0
[   17.179675] firmadyne: sys_socket[PID: 114 (klogd)]: family:1, type:2, protocol:0
nvram_set: wlg_allow_access_1 = ""
[   17.186527] firmadyne: sys_socket[PID: 114 (klogd)]: family:1, type:1, protocol:0
[   17.187990] firmadyne: sys_socket[PID: 114 (klogd)]: family:1, type:2, protocol:0
sem_get: Key: 410f00ac
sem_get: Key: 410f00ac
nvram_set: [   17.198802] firmadyne: sys_socket[PID: 114 (klogd)]: family:1, type:1, protocol:0
wlg_allow_access_2 = ""
sem_get: Key: 410f00ac
[   17.204884] firmadyne: sys_socket[PID: 114 (klogd)]: family:1, type:2, protocol:0
[   17.207885] firmadyne: sys_socket[PID: 114 (klogd)]: family:1, type:1, protocol:0
sem_get: Key: 410f00ac
nvram_set: wlg_allow_access_3 = ""
sem_get[   17.217015] firmadyne: sys_socket[PID: 114 (klogd)]: family:1, type:2, protocol:0
[   17.219956] firmadyne: sys_socket[PID: 114 (klogd)]: family:1, type:1, protocol:0
[   17.221889] firmadyne: sys_socket[PID: 114 (klogd)]: family:1, type:2, protocol:0
[   17.225099] firmadyne: sys_socket[PID: 114 (klogd)]: family:1, type:1, protocol:0
[   17.226554] firmadyne: sys_socket[PID: 114 (klogd)]: family:1, type:2, protocol:0
: Key: 410f00ac
sem_get: Key: 410f00ac
nvram_set: wlg_allow_access_4 = "[   17.237783] firmadyne: sys_socket[PID: 114 (klogd)]: family:1, type:1, protocol:0
[   17.239271] firmadyne: sys_socket[PID: 114 (klogd)]: family:1, type:2, protocol:0
"
sem_get: Key: 410f00ac
[   17.246543] firmadyne: sys_socket[PID: 114 (klogd)]: family:1, type:1, protocol:0
[   17.248005] firmadyne: sys_socket[PID: 114 (klogd)]: family:1, type:2, protocol:0
sem_get: Key: 410f00ac
nvram_set: 0:macaddr = "01:23:45:67:89:ab"
sem_get: Key: [   17.258847] firmadyne: sys_socket[PID: 114 (klogd)]: family:1, type:1, protocol:0
[   17.260764] firmadyne: sys_socket[PID: 114 (klogd)]: family:1, type:2, protocol:0
[   17.263707] firmadyne: sys_socket[PID: 114 (klogd)]: family:1, type:1, protocol:0
410f00ac
sem_get: Key: 410f00ac
nvram_set: 1:macaddr[   17.273271] firmadyne: sys_socket[PID: 114 (klogd)]: family:1, type:2, protocol:0
 = "01:23:45:67:89:ab"
sem_get: Key: 410f00ac
[   17.280685] firmadyne: sys_socket[PID: 114 (klogd)]: family:1, type:1, protocol:0
[   17.282184] firmadyne: sys_socket[PID: 114 (klogd)]: family:1, type:2, protocol:0
sem_get: Key: 410f00ac
[   17.289493] firmadyne: sys_socket[PID: 114 (klogd)]: family:1, type:1, protocol:0
[   17.290981] firmadyne: sys_socket[PID: 114 (klogd)]: family:1, type:2, protocol:0
nvram_set: 2:macaddr = "01:23:45:67:89:ab"
sem_get: Key: 410f00ac
[   17.302240] firmadyne: sys_socket[PID: 114 (klogd)]: family:1, type:1, protocol:0
[   17.303718] firmadyne: sys_socket[PID: 114 (klogd)]: family:1, type:2, protocol:0
[   17.307392] firmadyne: sys_socket[PID: 114 (klogd)]: family:1, type:1, protocol:0
sem_get: Key: 410f00ac
[   17.313208] firmadyne: sys_socket[PID: 114 (klogd)]: family:1, type:2, protocol:0
nvram_set: lan1_ifnames = "[   17.325482] firmadyne: sys_socket[PID: 114 (klogd)]: family:1, type:1, protocol:0
[   17.326987] firmadyne: sys_socket[PID: 114 (klogd)]: family:1, type:2, protocol:0
"
sem_get: Key: 410f00ac
[   17.334263] firmadyne: sys_socket[PID: 114 (klogd)]: family:1, type:1, protocol:0
[   17.335734] firmadyne: sys_socket[PID: 114 (klogd)]: family:1, type:2, protocol:0
sem_get: Key: 410f00ac
[   17.342532] firmadyne: sys_socket[PID: 114 (klogd)]: family:1, type:1, protocol:0
[   17.344226] firmadyne: sys_socket[PID: 114 (klogd)]: family:1, type:2, protocol:0
nvram_set: lan2_ifnames = ""
sem_get: Key: 410f00ac
sem_get: Key: 410f00ac[   17.354924] firmadyne: sys_socket[PID: 114 (klogd)]: family:1, type:1, protocol:0

nvram_set: lan3_ifnames = "[   17.360706] firmadyne: sys_socket[PID: 114 (klogd)]: family:1, type:2, protocol:0
[   17.363709] firmadyne: sys_socket[PID: 114 (klogd)]: family:1, type:1, protocol:0
"
sem_get: Key: 410f00ac
[   17.369008] firmadyne: sys_socket[PID: 114 (klogd)]: family:1, type:2, protocol:0
[   17.371984] firmadyne: sys_socket[PID: 114 (klogd)]: family:1, type:1, protocol:0
sem_get: Key: 410f00ac
nvram_set: lan4_ifnames = ""
sem_get[   17.381076] firmadyne: sys_socket[PID: 114 (klogd)]: family:1, type:2, protocol:0
[   17.384076] firmadyne: sys_socket[PID: 114 (klogd)]: family:1, type:1, protocol:0
: Key: 410f00ac
sem_get: Key: 410f00ac
nvram_set: lan5_ifnames[   17.393386] firmadyne: sys_socket[PID: 114 (klogd)]: family:1, type:2, protocol:0
[   17.396725] firmadyne: sys_socket[PID: 114 (klogd)]: family:1, type:1, protocol:0
[   17.398171] firmadyne: sys_socket[PID: 114 (klogd)]: family:1, type:2, protocol:0
 = ""
sem_get: Key: 410f00ac
[   17.405445] firmadyne: sys_socket[PID: 114 (klogd)]: family:1, type:1, protocol:0
[   17.406962] firmadyne: sys_socket[PID: 114 (klogd)]: family:1, type:2, protocol:0
sem_get: Key: 410f00ac
[   17.414239] firmadyne: sys_socket[PID: 114 (klogd)]: family:1, type:1, protocol:0
[   17.415701] firmadyne: sys_socket[PID: 114 (klogd)]: family:1, type:2, protocol:0
nvram_set: lan6_ifnames = ""
sem_get: Key: [   17.422843] firmadyne: sys_socket[PID: 114 (klogd)]: family:1, type:1, protocol:0
410f00ac
sem_get: Key: 410f00ac
[   17.428827] firmadyne: sys_socket[PID: 114 (klogd)]: family:1, type:2, protocol:0
[   17.431844] firmadyne: sys_socket[PID: 114 (klogd)]: family:1, type:1, protocol:0
nvram_set: lan7_ifnames = "[   17.437270] firmadyne: sys_socket[PID: 114 (klogd)]: family:1, type:2, protocol:0
"
sem_get: Key: 410f00ac
[   17.444592] firmadyne: sys_socket[PID: 114 (klogd)]: family:1, type:1, protocol:0
[   17.446096] firmadyne: sys_socket[PID: 114 (klogd)]: family:1, type:2, protocol:0
sem_get: Key: 410f00ac
nvram_set: [   17.453632] firmadyne: sys_socket[PID: 114 (klogd)]: family:1, type:1, protocol:0
[   17.455121] firmadyne: sys_socket[PID: 114 (klogd)]: family:1, type:2, protocol:0
lan8_ifnames = ""
sem_get: Key: 410f00ac
[   17.462525] firmadyne: sys_socket[PID: 114 (klogd)]: family:1, type:1, protocol:0
[   17.463965] firmadyne: sys_socket[PID: 114 (klogd)]: family:1, type:2, protocol:0
sem_get: Key: 410f00ac
nvram_set: lan9_ifnames = ""
sem_get[   17.474542] firmadyne: sys_socket[PID: 114 (klogd)]: family:1, type:1, protocol:0
[   17.476008] firmadyne: sys_socket[PID: 114 (klogd)]: family:1, type:2, protocol:0
: Key: 410f00ac
sem_get: Key: 410f00ac
nvram_set_default: Loading built-in default values = 1!
[   17.486646] firmadyne: sys_socket[PID: 114 (klogd)]: family:1, type:1, protocol:0
[   17.488126] firmadyne: sys_socket[PID: 114 (klogd)]: family:1, type:2, protocol:0
nvram_set_default: Checking for symbol "router_defaults"...
nvram_set_default: Checking for symbol "Nvrams"...
[   17.516882] firmadyne: sys_socket[PID: 114 (klogd)]: family:1, type:1, protocol:0
[   17.518377] firmadyne: sys_socket[PID: 114 (klogd)]: family:1, type:2, protocol:0
nvram_set: time_zone = "GMT+8"
sem_get: Key: 410f00ac[   17.529933] firmadyne: sys_socket[PID: 114 (klogd)]: family:1, type:1, protocol:0
[   17.531389] firmadyne: sys_socket[PID: 114 (klogd)]: family:1, type:2, protocol:0
[   17.534702] firmadyne: sys_socket[PID: 114 (klogd)]: family:1, type:1, protocol:0
[   17.536136] firmadyne: sys_socket[PID: 114 (klogd)]: family:1, type:2, protocol:0

sem_get: Key: 410f00ac
[   17.546479] firmadyne: sys_socket[PID: 114 (klogd)]: family:1, type:1, protocol:0
[   17.547913] firmadyne: sys_socket[PID: 114 (klogd)]: family:1, type:2, protocol:0
nvram_set: time_daylight = ""
sem_get: Key: 410f00ac
[   17.558542] firmadyne: sys_socket[PID: 114 (klogd)]: family:1, type:1, protocol:0
[   17.560001] firmadyne: sys_socket[PID: 114 (klogd)]: family:1, type:2, protocol:0
[   17.563458] firmadyne: sys_socket[PID: 114 (klogd)]: family:1, type:1, protocol:0
sem_get: Key: 410f00ac
[   17.572967] firmadyne: sys_socket[PID: 114 (klogd)]: family:1, type:2, protocol:0
[   17.575971] firmadyne: sys_socket[PID: 114 (klogd)]: family:1, type:1, protocol:0
nvram_set: restore_default = "0"
sem_get: Key: 410f00ac
sem_get[   17.585181] firmadyne: sys_socket[PID: 114 (klogd)]: family:1, type:2, protocol:0
[   17.588172] firmadyne: sys_socket[PID: 114 (klogd)]: family:1, type:1, protocol:0
[   17.590024] firmadyne: sys_socket[PID: 114 (klogd)]: family:1, type:2, protocol:0
[   17.593213] firmadyne: sys_socket[PID: 114 (klogd)]: family:1, type:1, protocol:0
[   17.594673] firmadyne: sys_socket[PID: 114 (klogd)]: family:1, type:2, protocol:0
: Key: 410f00ac
nvram_set: [   17.605765] firmadyne: sys_socket[PID: 114 (klogd)]: family:1, type:1, protocol:0
[   17.607211] firmadyne: sys_socket[PID: 114 (klogd)]: family:1, type:2, protocol:0
wiz_language = "English"
sem_get: Key: 410f00ac
[   17.614533] firmadyne: sys_socket[PID: 114 (klogd)]: family:1, type:1, protocol:0
[   17.615955] firmadyne: sys_socket[PID: 114 (klogd)]: family:1, type:2, protocol:0
sem_get: Key: 410f00ac
[   17.626483] firmadyne: sys_socket[PID: 114 (klogd)]: family:1, type:1, protocol:0
[   17.628501] firmadyne: sys_socket[PID: 114 (klogd)]: family:1, type:2, protocol:0
nvram_set: wiz_country = "US"
sem_get: Key: 410f00ac
sem_get[   17.638966] firmadyne: sys_socket[PID: 114 (klogd)]: family:1, type:1, protocol:0
[   17.640892] firmadyne: sys_socket[PID: 114 (klogd)]: family:1, type:2, protocol:0
[   17.643781] firmadyne: sys_socket[PID: 114 (klogd)]: family:1, type:1, protocol:0
: Key: 410f00ac
[   17.648973] firmadyne: sys_socket[PID: 114 (klogd)]: family:1, type:2, protocol:0
[   17.651939] firmadyne: sys_socket[PID: 114 (klogd)]: family:1, type:1, protocol:0
nvram_set: fix_ipaddr = ""
sem_get: Key: 410f00ac
[   17.661087] firmadyne: sys_socket[PID: 114 (klogd)]: family:1, type:2, protocol:0
[   17.663990] firmadyne: sys_socket[PID: 114 (klogd)]: family:1, type:1, protocol:0
sem_get: Key: 410f00ac
nvram_set: [   17.673093] firmadyne: sys_socket[PID: 114 (klogd)]: family:1, type:2, protocol:0
[   17.676104] firmadyne: sys_socket[PID: 114 (klogd)]: family:1, type:1, protocol:0
[   17.677948] firmadyne: sys_socket[PID: 114 (klogd)]: family:1, type:2, protocol:0
[   17.681113] firmadyne: sys_socket[PID: 114 (klogd)]: family:1, type:1, protocol:0
[   17.682545] firmadyne: sys_socket[PID: 114 (klogd)]: family:1, type:2, protocol:0
fix_netmask = ""
sem_get: Key: 410f00ac
sem_get: Key: 410f00ac
[   17.694621] firmadyne: sys_socket[PID: 114 (klogd)]: family:1, type:1, protocol:0
[   17.696118] firmadyne: sys_socket[PID: 114 (klogd)]: family:1, type:2, protocol:0
[   17.699267] firmadyne: sys_socket[PID: 114 (klogd)]: family:1, type:1, protocol:0
nvram_set: fix_gateway = ""
sem_get: Key: 410f00ac
[   17.708980] firmadyne: sys_socket[PID: 114 (klogd)]: family:1, type:2, protocol:0
[   17.711973] firmadyne: sys_socket[PID: 114 (klogd)]: family:1, type:1, protocol:0
sem_get: Key: 410f00ac
[   17.721506] firmadyne: sys_socket[PID: 114 (klogd)]: family:1, type:2, protocol:0
[   17.724947] firmadyne: sys_socket[PID: 114 (klogd)]: family:1, type:1, protocol:0
[   17.726407] firmadyne: sys_socket[PID: 114 (klogd)]: family:1, type:2, protocol:0
nvram_set: wan_ifname = "ppp0"
