[    0.000000] Linux version 4.1.17+ (alessio@pc) (gcc version 5.5.0 20171010 (Ubuntu 5.5.0-12ubuntu1) ) #1 Mon May 15 23:04:08 CEST 2023
[    0.000000] earlycon: Early serial console at I/O port 0x3f8 (options '38400n8')
[    0.000000] bootconsole [uart0] enabled
[    0.000000] CPU0 revision is: 00019300 (MIPS 24Kc)
[    0.000000] FPU revision is: 00739300
[    0.000000] Software DMA cache coherency enabled
[    0.000000] Determined physical RAM map:
[    0.000000]  memory: 00001000 @ 00000000 (reserved)
[    0.000000]  memory: 000ef000 @ 00001000 (ROM data)
[    0.000000]  memory: 00798000 @ 000f0000 (reserved)
[    0.000000]  memory: 0f777000 @ 00888000 (usable)
[    0.000000] debug: ignoring loglevel setting.
[    0.000000] Wasting 69888 bytes for tracking 2184 unused pages
[    0.000000] Initrd not found or empty - disabling initrd
[    0.000000] Zone ranges:
[    0.000000]   DMA      [mem 0x0000000000000000-0x0000000000ffffff]
[    0.000000]   Normal   [mem 0x0000000001000000-0x000000000fffefff]
[    0.000000] Movable zone start for each node
[    0.000000] Early memory node ranges
[    0.000000]   node   0: [mem 0x0000000000000000-0x000000000fffefff]
[    0.000000] Initmem setup node 0 [mem 0x0000000000000000-0x000000000fffefff]
[    0.000000] On node 0 totalpages: 65535
[    0.000000] free_area_init_node: node 0, pgdat 8081d5b0, node_mem_map 81000000
[    0.000000]   DMA zone: 32 pages used for memmap
[    0.000000]   DMA zone: 0 pages reserved
[    0.000000]   DMA zone: 4096 pages, LIFO batch:0
[    0.000000]   Normal zone: 480 pages used for memmap
[    0.000000]   Normal zone: 61439 pages, LIFO batch:15
[    0.000000] Primary instruction cache 2kB, VIPT, 2-way, linesize 16 bytes.
[    0.000000] Primary data cache 2kB, 2-way, VIPT, no aliases, linesize 16 bytes
[    0.000000] pcpu-alloc: s0 r0 d32768 u32768 alloc=1*32768
[    0.000000] pcpu-alloc: [0] 0 
[    0.000000] Built 1 zonelists in Zone order, mobility grouping on.  Total pages: 65023
[    0.000000] Kernel command line: root=/dev/sda1 console=ttyS0 nandsim.parts=64,64,64,64,64,64,64,64,64,64 rdinit=/firmadyne/preInit.sh rw debug ignore_loglevel print-fatal-signals=1 FIRMAE_NET=true FIRMAE_NVRAM=true FIRMAE_KERNEL=true FIRMAE_ETC=true user_debug=0 firmadyne.syscall=1 noka
[    0.000000] found FIRMAE_KERNEL=t
[    0.000000] set the LD_PRELOAD=/firmadyne/libnvram_ioctl.so
[    0.000000] PID hash table entries: 1024 (order: 0, 4096 bytes)
[    0.000000] Dentry cache hash table entries: 32768 (order: 5, 131072 bytes)
[    0.000000] Inode-cache hash table entries: 16384 (order: 4, 65536 bytes)
[    0.000000] Writing ErrCtl register=00000000
[    0.000000] Readback ErrCtl register=00000000
[    0.000000] Memory: 251112K/262140K available (5360K kernel code, 244K rwdata, 1676K rodata, 260K init, 158K bss, 11028K reserved, 0K cma-reserved)
[    0.000000] NR_IRQS:256
[    0.000000] CPU frequency 200.01 MHz
[    0.000000] clocksource MIPS: mask: 0xffffffff max_cycles: 0xffffffff, max_idle_ns: 19111668947 ns
[    0.000371] sched_clock: 32 bits at 100MHz, resolution 9ns, wraps every 21473784827ns
[    0.005190] spurious 8259A interrupt: IRQ7.
[    0.030467] Console: colour dummy device 80x25
[    0.032507] Calibrating delay loop... 12.22 BogoMIPS (lpj=24448)
[    0.075421] pid_max: default: 32768 minimum: 301
[    0.084200] Mount-cache hash table entries: 1024 (order: 0, 4096 bytes)
[    0.085231] Mountpoint-cache hash table entries: 1024 (order: 0, 4096 bytes)
[    0.161147] clocksource jiffies: mask: 0xffffffff max_cycles: 0xffffffff, max_idle_ns: 7645041785100000 ns
[    0.174338] NET: Registered protocol family 16
[    0.493756] clocksource pit: mask: 0xffffffff max_cycles: 0xffffffff, max_idle_ns: 1601818034827 ns
[    0.667307] vgaarb: loaded
[    0.673867] SCSI subsystem initialized
[    0.676688] libata version 3.00 loaded.
[    0.681645] usbcore: registered new interface driver usbfs
[    0.683207] usbcore: registered new interface driver hub
[    0.684589] usbcore: registered new device driver usb
[    0.687561] pps_core: LinuxPPS API ver. 1 registered
[    0.688002] pps_core: Software ver. 5.3.6 - Copyright 2005-2007 Rodolfo Giometti <giometti@linux.it>
[    0.689262] PTP clock support registered
[    0.694587] PCI host bridge to bus 0000:00
[    0.695417] pci_bus 0000:00: root bus resource [mem 0x10000000-0x17ffffff]
[    0.696113] pci_bus 0000:00: root bus resource [io  0x1000-0x1fffff]
[    0.696808] pci_bus 0000:00: root bus resource [??? 0x00000000 flags 0x0]
[    0.697675] pci_bus 0000:00: No busn resource found for root bus, will use [bus 00-ff]
[    0.699159] pci 0000:00:00.0: [11ab:4620] type 00 class 0x060000
[    0.700195] pci 0000:00:00.0: [Firmware Bug]: reg 0x14: invalid BAR (can't size)
[    0.700868] pci 0000:00:00.0: [Firmware Bug]: reg 0x18: invalid BAR (can't size)
[    0.701547] pci 0000:00:00.0: [Firmware Bug]: reg 0x1c: invalid BAR (can't size)
[    0.702361] pci 0000:00:00.0: [Firmware Bug]: reg 0x20: invalid BAR (can't size)
[    0.703031] pci 0000:00:00.0: [Firmware Bug]: reg 0x24: invalid BAR (can't size)
[    0.707611] pci 0000:00:0a.0: [8086:7110] type 00 class 0x060100
[    0.711632] pci 0000:00:0a.1: [8086:7111] type 00 class 0x010180
[    0.712505] pci 0000:00:0a.1: reg 0x20: [io  0x0000-0x000f]
[    0.713175] pci 0000:00:0a.1: legacy IDE quirk: reg 0x10: [io  0x01f0-0x01f7]
[    0.713824] pci 0000:00:0a.1: legacy IDE quirk: reg 0x14: [io  0x03f6]
[    0.714668] pci 0000:00:0a.1: legacy IDE quirk: reg 0x18: [io  0x0170-0x0177]
[    0.715325] pci 0000:00:0a.1: legacy IDE quirk: reg 0x1c: [io  0x0376]
[    0.719078] pci 0000:00:0a.2: [8086:7112] type 00 class 0x0c0300
[    0.719848] pci 0000:00:0a.2: reg 0x20: [io  0x0000-0x001f]
[    0.723543] pci 0000:00:0a.3: [8086:7113] type 00 class 0x068000
[    0.725130] pci 0000:00:0a.3: quirk: [io  0x1000-0x103f] claimed by PIIX4 ACPI
[    0.725851] pci 0000:00:0a.3: quirk: [io  0x1100-0x110f] claimed by PIIX4 SMB
[    0.729624] pci 0000:00:12.0: [1013:00b8] type 00 class 0x030000
[    0.730329] pci 0000:00:12.0: reg 0x10: [mem 0x00000000-0x01ffffff pref]
[    0.731040] pci 0000:00:12.0: reg 0x14: [mem 0x00000000-0x00000fff]
[    0.731938] pci 0000:00:12.0: reg 0x30: [mem 0x00000000-0x0000ffff pref]
[    0.734922] vgaarb: device added: PCI:0000:00:12.0,decodes=io+mem,owns=none,locks=none
[    0.736537] pci 0000:00:13.0: [8086:100e] type 00 class 0x020000
[    0.737253] pci 0000:00:13.0: reg 0x10: [mem 0x00000000-0x0001ffff]
[    0.737881] pci 0000:00:13.0: reg 0x14: [io  0x0000-0x003f]
[    0.738575] pci 0000:00:13.0: reg 0x30: [mem 0x00000000-0x0003ffff pref]
[    0.742143] pci 0000:00:14.0: [8086:100e] type 00 class 0x020000
[    0.742820] pci 0000:00:14.0: reg 0x10: [mem 0x00000000-0x0001ffff]
[    0.743458] pci 0000:00:14.0: reg 0x14: [io  0x0000-0x003f]
[    0.744330] pci 0000:00:14.0: reg 0x30: [mem 0x00000000-0x0003ffff pref]
[    0.747867] pci 0000:00:15.0: [8086:100e] type 00 class 0x020000
[    0.748774] pci 0000:00:15.0: reg 0x10: [mem 0x00000000-0x0001ffff]
[    0.749401] pci 0000:00:15.0: reg 0x14: [io  0x0000-0x003f]
[    0.750097] pci 0000:00:15.0: reg 0x30: [mem 0x00000000-0x0003ffff pref]
[    0.753687] pci 0000:00:16.0: [8086:100e] type 00 class 0x020000
[    0.754365] pci 0000:00:16.0: reg 0x10: [mem 0x00000000-0x0001ffff]
[    0.755005] pci 0000:00:16.0: reg 0x14: [io  0x0000-0x003f]
[    0.755710] pci 0000:00:16.0: reg 0x30: [mem 0x00000000-0x0003ffff pref]
[    0.759532] pci_bus 0000:00: busn_res: [bus 00-ff] end is updated to 00
[    0.761435] pci 0000:00:12.0: BAR 0: assigned [mem 0x10000000-0x11ffffff pref]
[    0.762300] pci 0000:00:13.0: BAR 6: assigned [mem 0x12000000-0x1203ffff pref]
[    0.763064] pci 0000:00:14.0: BAR 6: assigned [mem 0x12040000-0x1207ffff pref]
[    0.763792] pci 0000:00:15.0: BAR 6: assigned [mem 0x12080000-0x120bffff pref]
[    0.764517] pci 0000:00:16.0: BAR 6: assigned [mem 0x120c0000-0x120fffff pref]
[    0.765441] pci 0000:00:13.0: BAR 0: assigned [mem 0x12100000-0x1211ffff]
[    0.766149] pci 0000:00:14.0: BAR 0: assigned [mem 0x12120000-0x1213ffff]
[    0.766895] pci 0000:00:15.0: BAR 0: assigned [mem 0x12140000-0x1215ffff]
[    0.767600] pci 0000:00:16.0: BAR 0: assigned [mem 0x12160000-0x1217ffff]
[    0.768320] pci 0000:00:12.0: BAR 6: assigned [mem 0x12180000-0x1218ffff pref]
[    0.769034] pci 0000:00:12.0: BAR 1: assigned [mem 0x12190000-0x12190fff]
[    0.769961] pci 0000:00:13.0: BAR 1: assigned [io  0x1040-0x107f]
[    0.770625] pci 0000:00:14.0: BAR 1: assigned [io  0x1080-0x10bf]
[    0.771269] pci 0000:00:15.0: BAR 1: assigned [io  0x10c0-0x10ff]
[    0.771921] pci 0000:00:16.0: BAR 1: assigned [io  0x1400-0x143f]
[    0.772607] pci 0000:00:0a.2: BAR 4: assigned [io  0x1440-0x145f]
[    0.773272] pci 0000:00:0a.1: BAR 4: assigned [io  0x1460-0x146f]
[    0.793519] cfg80211: Calling CRDA to update world regulatory domain
[    0.809223] Switched to clocksource MIPS
[    0.940682] NET: Registered protocol family 2
[    0.954882] TCP established hash table entries: 2048 (order: 1, 8192 bytes)
[    0.956235] TCP bind hash table entries: 2048 (order: 1, 8192 bytes)
[    0.957811] TCP: Hash tables configured (established 2048 bind 2048)
[    0.959130] UDP hash table entries: 256 (order: 0, 4096 bytes)
[    0.959978] UDP-Lite hash table entries: 256 (order: 0, 4096 bytes)
[    0.964655] NET: Registered protocol family 1
[    0.966780] PCI: Enabling device 0000:00:0a.2 (0000 -> 0001)
[    0.968550] PCI: CLS 0 bytes, default 16
[    1.005870] futex hash table entries: 256 (order: -1, 3072 bytes)
[    1.025377] squashfs: version 4.0 (2009/01/31) Phillip Lougher
[    1.028264] jffs2: version 2.2. (NAND) Â© 2001-2006 Red Hat, Inc.
[    1.032289] romfs: ROMFS MTD (C) 2007 Red Hat, Inc.
[    1.060401] Block layer SCSI generic (bsg) driver version 0.4 loaded (major 251)
[    1.061441] io scheduler noop registered
[    1.062295] io scheduler cfq registered (default)
[    1.063473] firmadyne: devfs: 1, execute: 1, procfs: 1, syscall: 1
[    1.070222] firmadyne: Cannot register character device: gpio, 0xfc, 0x0!
[    1.080086] firmadyne: Cannot register character device: watchdog, 0xa, 0x82!
[    1.080707] firmadyne: Cannot register character device: wdt, 0xfd, 0x0!
[    3.031758] strName = 4.1.17+
[    3.031758] init_task_addr  = 2155778944
[    3.031758] init_task_size  = 1296
[    3.031758] ts_tasks        = 292
[    3.031758] ts_pid          = 408
[    3.031758] ts_tgid         = 412
[    3.031758] ts_group_leader = 440
[    3.031758] ts_thread_group = 496
[    3.031758] ts_real_parent  = 416
[    3.031758] ts_mm           = 300
[    3.031758] ts_stack        = 4
[    3.035106] module_name   = 12
[    3.035106] module_size   = 208
[    3.035106] module_init   = 200
[    3.035106] module_list   = 4
[    3.036278] ts_real_cred    = 624
[    3.036278] ts_cred         = 628
[    3.036278] ts_comm         = 632
[    3.036278] cred_uid        = 4
[    3.036278] cred_gid        = 8
[    3.036278] cred_euid       = 20
[    3.036278] cred_egid       = 24
[    3.038560] mm_mmap         = 0
[    3.038560] mm_pgd          = 32
[    3.038560] mm_arg_start    = 136
[    3.038560] mm_start_brk    = 124
[    3.038560] mm_brk          = 128
[    3.038560] mm_start_stack  = 132
[    3.040209] vma_vm_start    = 0
[    3.040209] vma_vm_end      = 4
[    3.040209] vma_vm_next     = 8
[    3.040209] vma_vm_file     = 80
[    3.040209] vma_vm_flags    = 40
[    3.040209] vma_vm_pgoff    = 76
[    3.042089] file_dentry     = 12
[    3.042089] file_inode      = 40
[    3.042089] dentry_d_name   = 24
[    3.042089] dentry_d_iname  = 44
[    3.042089] dentry_d_parent = 16
[    3.042089] ti_task         = 0
[    3.042089] inode_ino   = 28
[    4.258327] proc_fork_connector  = 2151078840
[    4.258780] proc_exit_connector  = 2151080432
[    4.259171] proc_exec_connector  = 2151079052
[    4.259553] vma_link  = 2149124372
[    4.259887] vma_adjust  = 2149124540
[    4.260228] remove_vma  = 2149122188
[    4.260573] modules  = 2155833724
[    4.260912] trim_init_extable  = 2150545316
[    4.262602] cfg80211: Calling CRDA to update world regulatory domain
[    4.266775] PCI: Enabling device 0000:00:12.0 (0000 -> 0002)
[    4.268298] cirrusfb 0000:00:12.0: Cirrus Logic chipset on PCI bus, RAM (4096 kB) at 0x10000000
[    4.428123] Console: switching to colour frame buffer device 80x30
[    4.507766] Serial: 8250/16550 driver, 4 ports, IRQ sharing enabled
[    4.524352] console [ttyS0] disabled
[    4.539967] serial8250.0: ttyS0 at I/O 0x3f8 (irq = 4, base_baud = 115200) is a 16550A
[    4.541469] console [ttyS0] enabled
[    4.541469] console [ttyS0] enabled
[    4.542153] bootconsole [uart0] disabled
[    4.542153] bootconsole [uart0] disabled
[    4.562032] serial8250.0: ttyS1 at I/O 0x2f8 (irq = 3, base_baud = 115200) is a 16550A
[    4.704767] brd: module loaded
[    4.779421] loop: module loaded
[    4.787367] ata_piix 0000:00:0a.1: version 2.13
[    4.788039] PCI: Enabling device 0000:00:0a.1 (0000 -> 0001)
[    4.818796] scsi host0: ata_piix
[    4.825681] scsi host1: ata_piix
[    4.830289] ata1: PATA max UDMA/33 cmd 0x1f0 ctl 0x3f6 bmdma 0x1460 irq 14
[    4.830949] ata2: PATA max UDMA/33 cmd 0x170 ctl 0x376 bmdma 0x1468 irq 15
[    4.839079] [nandsim] warning: read_byte: unexpected data output cycle, state is STATE_READY return 0x0
[    4.839821] [nandsim] warning: read_byte: unexpected data output cycle, state is STATE_READY return 0x0
[    4.840521] [nandsim] warning: read_byte: unexpected data output cycle, state is STATE_READY return 0x0
[    4.841422] [nandsim] warning: read_byte: unexpected data output cycle, state is STATE_READY return 0x0
[    4.842127] [nandsim] warning: read_byte: unexpected data output cycle, state is STATE_READY return 0x0
[    4.842909] [nandsim] warning: read_byte: unexpected data output cycle, state is STATE_READY return 0x0
[    4.843819] nand: device found, Manufacturer ID: 0x98, Chip ID: 0x39
[    4.844337] nand: Toshiba NAND 128MiB 1,8V 8-bit
[    4.844841] nand: 128 MiB, SLC, erase size: 16 KiB, page size: 512, OOB size: 16
[    4.847021] flash size: 128 MiB
[    4.847345] page size: 512 bytes
[    4.847667] OOB area size: 16 bytes
[    4.848000] sector size: 16 KiB
[    4.848309] pages number: 262144
[    4.848625] pages per sector: 32
[    4.848932] bus width: 8
[    4.849411] bits in sector size: 14
[    4.849759] bits in page size: 9
[    4.850093] bits in OOB size: 4
[    4.850415] flash size with OOB: 135168 KiB
[    4.850785] page address bytes: 4
[    4.851106] sector address bytes: 3
[    4.851431] options: 0x42
[    4.954654] Scanning device for bad blocks
[    6.442331] ata2.01: NODEV after polling detection
[    6.444328] ata2.00: ATAPI: QEMU DVD-ROM, 2.5+, max UDMA/100
[    6.446905] ata1.01: NODEV after polling detection
[    6.452560] ata1.00: ATA-7: QEMU HARDDISK, 2.5+, max UDMA/100
[    6.453172] ata1.00: 2097152 sectors, multi 16: LBA48 
[    6.455643] ata2.00: configured for UDMA/33
[    6.459335] ata1.00: configured for UDMA/33
[    6.468609] scsi 0:0:0:0: Direct-Access     ATA      QEMU HARDDISK    2.5+ PQ: 0 ANSI: 5
[    6.488512] sd 0:0:0:0: [sda] 2097152 512-byte logical blocks: (1.07 GB/1.00 GiB)
[    6.490629] scsi 1:0:0:0: CD-ROM            QEMU     QEMU DVD-ROM     2.5+ PQ: 0 ANSI: 5
[    6.506463] sd 0:0:0:0: [sda] Write Protect is off
[    6.507097] sd 0:0:0:0: [sda] Mode Sense: 00 3a 00 00
[    6.508907] sd 0:0:0:0: [sda] Write cache: enabled, read cache: enabled, doesn't support DPO or FUA
[    6.522857]  sda: sda1
[    6.537884] sd 0:0:0:0: [sda] Attached SCSI disk
[    6.538576] Creating 11 MTD partitions on "NAND 128MiB 1,8V 8-bit":
[    6.539375] 0x000000000000-0x000000100000 : "NAND simulator partition 0"
[    6.552915] 0x000000100000-0x000000200000 : "NAND simulator partition 1"
[    6.565924] 0x000000200000-0x000000300000 : "NAND simulator partition 2"
[    6.579082] 0x000000300000-0x000000400000 : "NAND simulator partition 3"
[    6.592236] 0x000000400000-0x000000500000 : "NAND simulator partition 4"
[    6.605673] 0x000000500000-0x000000600000 : "NAND simulator partition 5"
[    6.619250] 0x000000600000-0x000000700000 : "NAND simulator partition 6"
[    6.632937] 0x000000700000-0x000000800000 : "NAND simulator partition 7"
[    6.647426] 0x000000800000-0x000000900000 : "NAND simulator partition 8"
[    6.660234] 0x000000900000-0x000000a00000 : "NAND simulator partition 9"
[    6.673098] 0x000000a00000-0x000008000000 : "NAND simulator partition 10"
[    6.729372] tun: Universal TUN/TAP device driver, 1.6
[    6.729837] tun: (C) 1999-2004 Max Krasnyansky <maxk@qualcomm.com>
[    6.734248] pcnet32: pcnet32.c:v1.35 21.Apr.2008 tsbogend@alpha.franken.de
[    6.735854] e1000: Intel(R) PRO/1000 Network Driver - version 7.3.21-k8-NAPI
[    6.736405] e1000: Copyright (c) 1999-2006 Intel Corporation.
[    6.737762] PCI: Enabling device 0000:00:13.0 (0000 -> 0003)
[    6.956501] e1000 0000:00:13.0 eth0: (PCI:33MHz:32-bit) 52:54:00:12:34:56
[    6.957568] e1000 0000:00:13.0 eth0: Intel(R) PRO/1000 Network Connection
[    6.958533] PCI: Enabling device 0000:00:14.0 (0000 -> 0003)
[    7.167335] e1000 0000:00:14.0 eth1: (PCI:33MHz:32-bit) 52:54:00:12:34:57
[    7.168015] e1000 0000:00:14.0 eth1: Intel(R) PRO/1000 Network Connection
[    7.168902] PCI: Enabling device 0000:00:15.0 (0000 -> 0003)
[    7.383478] e1000 0000:00:15.0 eth2: (PCI:33MHz:32-bit) 52:54:00:12:34:58
[    7.384319] e1000 0000:00:15.0 eth2: Intel(R) PRO/1000 Network Connection
[    7.385640] PCI: Enabling device 0000:00:16.0 (0000 -> 0003)
[    7.405659] cfg80211: Calling CRDA to update world regulatory domain
[    7.601217] e1000 0000:00:16.0 eth3: (PCI:33MHz:32-bit) 52:54:00:12:34:59
[    7.602093] e1000 0000:00:16.0 eth3: Intel(R) PRO/1000 Network Connection
[    7.603799] e1000e: Intel(R) PRO/1000 Network Driver - 2.3.2-k
[    7.604399] e1000e: Copyright(c) 1999 - 2014 Intel Corporation.
[    7.610488] PPP generic driver version 2.4.2
[    7.613433] PPP Deflate Compression module registered
[    7.614283] PPP MPPE Compression module registered
[    7.614819] NET: Registered protocol family 24
[    7.615769] ehci_hcd: USB 2.0 'Enhanced' Host Controller (EHCI) Driver
[    7.616433] ehci-pci: EHCI PCI platform driver
[    7.618113] ohci_hcd: USB 1.1 'Open' Host Controller (OHCI) Driver
[    7.618758] ohci-pci: OHCI PCI platform driver
[    7.620229] uhci_hcd: USB Universal Host Controller Interface driver
[    7.622533] uhci_hcd 0000:00:0a.2: UHCI Host Controller
[    7.623560] uhci_hcd 0000:00:0a.2: new USB bus registered, assigned bus number 1
[    7.624887] uhci_hcd 0000:00:0a.2: irq 11, io base 0x00001440
[    7.639508] hub 1-0:1.0: USB hub found
[    7.640515] hub 1-0:1.0: 2 ports detected
[    7.652990] usbcore: registered new interface driver usb-storage
[    7.658803] mousedev: PS/2 mouse device common for all mice
[    7.667130] rtc_cmos rtc_cmos: rtc core: registered rtc_cmos as rtc0
[    7.668101] rtc_cmos rtc_cmos: alarms up to one day, 242 bytes nvram
[    7.670148] i2c /dev entries driver
[    7.671775] piix4_smbus 0000:00:0a.3: SMBus Host Controller at 0x1100, revision 0
[    7.678167] sdhci: Secure Digital Host Controller Interface driver
[    7.678712] sdhci: Copyright(c) Pierre Ossman
[    7.681920] hidraw: raw HID events driver (C) Jiri Kosina
[    7.706621] usbcore: registered new interface driver usbhid
[    7.707074] usbhid: USB HID core driver
[    7.708456] Netfilter messages via NETLINK v0.30.
[    7.710329] nf_conntrack version 0.5.0 (3923 buckets, 15692 max)
[    7.714708] ctnetlink v0.93: registering with nfnetlink.
[    7.722250] ipip: IPv4 over IPv4 tunneling driver
[    7.738406] ip_tables: (C) 2000-2006 Netfilter Core Team
[    7.742222] arp_tables: (C) 2002 David S. Miller
[    7.744699] Initializing XFRM netlink socket
[    7.746412] NET: Registered protocol family 10
[    7.781796] ip6_tables: (C) 2000-2006 Netfilter Core Team
[    7.786705] sit: IPv6 over IPv4 tunneling driver
[    7.809536] NET: Registered protocol family 17
[    7.810727] bridge: automatic filtering via arp/ip/ip6tables has been deprecated. Update your scripts to load br_netfilter if you need this.
[    7.812144] Bridge firewalling registered
[    7.812674] Ebtables v2.0 registered
[    7.815686] 8021q: 802.1Q VLAN Support v1.8
[    7.843746] rtc_cmos rtc_cmos: setting system clock to 2025-07-23 01:48:30 UTC (1753235310)
[    7.871103] EXT2-fs (sda1): warning: mounting unchecked fs, running e2fsck is recommended
[    7.874036] VFS: Mounted root (ext2 filesystem) on device 8:1.
[    7.885878] Freeing YAMON memory: 956k freed
[    7.899684] Freeing unused kernel memory: 260K (8081f000 - 80860000)
[    7.950704] firmadyne: sys_reboot[PID: 48 (init)]: magic1:fee1dead, magic2:28121969, cmd:0
[    7.967184] firmadyne: sys_socket[PID: 1 (init)]: family:1, type:1, protocol:0
[    7.975655] firmadyne: sys_socket[PID: 1 (init)]: family:1, type:2, protocol:0
init started: BusyBox v1.13.4 (2013-01-08 14:28:07 CST)
[    8.006227] firmadyne: sys_socket[PID: 49 (init)]: family:1, type:1, protocol:0
[    8.008003] firmadyne: sys_socket[PID: 49 (init)]: family:1, type:2, protocol:0
[    8.109489] firmadyne: do_execve: /firmadyne/console
[    8.110260] OFFSETS: offset of pid: 0x198 offset of comm: 0x278
$Starting bkcfg:---->
illegal cfg sign
RestoreConfig(): illegal filesize=-1
[    9.039274] random: cfg urandom read with 97 bits of entropy available
$Starting save config by bkcfg:---->
remember to reboot your camera...
set time zone from city:[(GMT-08:00) Pacific Time(US & Canada); Tijuana]

$Insert kernel module: ---->
$Insert driver module: ---->
[   10.211186] random: nonblocking pool is initialized
[   10.549620] cfg80211: Calling CRDA to update world regulatory domain
[   10.841013] firmadyne: sys_socket[PID: 92 (ifconfig)]: family:2, type:1, protocol:0
[   10.845267] firmadyne: __inet_insert_ifa[PID: 92 (ifconfig)]: device:lo ifa:0x7f000001
[   10.850143] firmadyne: __inet_insert_ifa[PID: 92 (ifconfig)]: device:lo ifa:0x7f000001
[   10.909839] firmadyne: sys_socket[PID: 93 (brctl)]: family:2, type:2, protocol:0
MAC=00:12:34:56:78:90
racfg: Wireless Exist: 0
[   11.055513] firmadyne: sys_socket[PID: 95 (ifconfig)]: family:2, type:1, protocol:0
[   11.058548] firmadyne: __inet_insert_ifa[PID: 95 (ifconfig)]: device:eth0 ifa:0x00000000
[   11.072095] IPv6: ADDRCONF(NETDEV_UP): eth0: link is not ready
[   11.072832] 8021q: adding VLAN 0 to HW filter on device eth0
[   11.079995] e1000: eth0 NIC Link is Up 1000 Mbps Full Duplex, Flow Control: RX
[   11.082555] IPv6: ADDRCONF(NETDEV_CHANGE): eth0: link becomes ready
[   11.111939] firmadyne: sys_socket[PID: 96 (ifconfig)]: family:2, type:1, protocol:0
[   11.165108] firmadyne: sys_socket[PID: 97 (brctl)]: family:2, type:2, protocol:0
[   11.168835] firmadyne: sys_socket[PID: 97 (brctl)]: family:2, type:1, protocol:0
[   11.172687] firmadyne: sys_socket[PID: 97 (brctl)]: family:2, type:1, protocol:0
[   11.174734] firmadyne: br_add_if[PID: 97 (brctl)]: br:br0 dev:eth0
[   11.181758] device eth0 entered promiscuous mode
[   11.234269] firmadyne: sys_socket[PID: 98 (brctl)]: family:2, type:2, protocol:0
[   11.237986] firmadyne: sys_socket[PID: 98 (brctl)]: family:2, type:1, protocol:0
[   11.293788] firmadyne: sys_socket[PID: 99 (brctl)]: family:2, type:2, protocol:0
[   11.297512] firmadyne: sys_socket[PID: 99 (brctl)]: family:2, type:1, protocol:0
Launch hw monitor...
hwmon.c: IRLED, LSENS, Enable
hwmon.c: open hwmon node fail!
Set Date&Time to 2011/01/01 00:00:00
Sat Jan  1 00:00:00 PST 2011

$Starting audio adjusting ---->

Starting DHCP Client ....
[   13.374521] firmadyne: sys_socket[PID: 118 (ifconfig)]: family:2, type:1, protocol:0
[   13.408508] firmadyne: sys_socket[PID: 119 (udhcpc)]: family:2, type:3, protocol:255
udhcpc (v1.13.4) started
[   13.538092] firmadyne: sys_socket[PID: 122 (ifconfig)]: family:2, type:1, protocol:0
[   13.540870] firmadyne: __inet_insert_ifa[PID: 122 (ifconfig)]: device:br0 ifa:0x00000000
[   13.542882] br0: port 1(eth0) entered forwarding state
[   13.543935] br0: port 1(eth0) entered forwarding state
[   13.557761] firmadyne: sys_socket[PID: 119 (udhcpc)]: family:17, type:1, protocol:2048
[   13.559222] firmadyne: sys_setsockopt[PID: 119 (udhcpc)]: fd:5, level:65535, optname:26
Sending discover...
[   13.565211] firmadyne: sys_socket[PID: 119 (udhcpc)]: family:17, type:1, protocol:2048
Sending select for 10.0.2.15...
[   13.579440] firmadyne: sys_socket[PID: 119 (udhcpc)]: family:17, type:1, protocol:2048
Lease of 10.0.2.15 obtained, lease time 86400
[   13.693934] cfg80211: Calling CRDA to update world regulatory domain
[   13.723859] firmadyne: sys_socket[PID: 125 (ifconfig)]: family:2, type:1, protocol:0
[   13.726849] firmadyne: __inet_insert_ifa[PID: 125 (ifconfig)]: device:br0 ifa:0x0a00020f
[   13.732315] firmadyne: __inet_insert_ifa[PID: 125 (ifconfig)]: device:br0 ifa:0x0a00020f
deleting routers
[   13.759278] firmadyne: sys_socket[PID: 126 (route)]: family:2, type:1, protocol:0
route: SIOCDELRT: No such process
[   13.822238] firmadyne: sys_socket[PID: 127 (iff_get)]: family:2, type:1, protocol:0
[   13.866604] firmadyne: sys_socket[PID: 128 (logger)]: family:1, type:1, protocol:0
[   13.868494] firmadyne: sys_socket[PID: 128 (logger)]: family:1, type:2, protocol:0
[   13.895470] firmadyne: sys_socket[PID: 129 (route)]: family:2, type:1, protocol:0
adding dns 10.0.2.3
[   14.542812] br0: port 1(eth0) entered forwarding state
[   15.173766] firmadyne: sys_socket[PID: 134 (udhcpc)]: family:2, type:3, protocol:255
udhcpc (v1.13.4) started
[   15.299536] firmadyne: sys_socket[PID: 137 (ifconfig)]: family:2, type:1, protocol:0
[   15.303940] firmadyne: __inet_insert_ifa[PID: 137 (ifconfig)]: device:br0 ifa:0x00000000
[   15.312269] firmadyne: sys_socket[PID: 134 (udhcpc)]: family:17, type:1, protocol:2048
[   15.313884] firmadyne: sys_setsockopt[PID: 134 (udhcpc)]: fd:5, level:65535, optname:26
Sending discover...
[   15.318672] firmadyne: sys_socket[PID: 134 (udhcpc)]: family:17, type:1, protocol:2048
Sending select for 10.0.2.15...
[   15.324906] firmadyne: sys_socket[PID: 134 (udhcpc)]: family:17, type:1, protocol:2048
Lease of 10.0.2.15 obtained, lease time 86400
[   15.455586] firmadyne: sys_socket[PID: 140 (ifconfig)]: family:2, type:1, protocol:0
[   15.458823] firmadyne: __inet_insert_ifa[PID: 140 (ifconfig)]: device:br0 ifa:0x0a00020f
[   15.463553] firmadyne: __inet_insert_ifa[PID: 140 (ifconfig)]: device:br0 ifa:0x0a00020f
deleting routers
[   15.491809] firmadyne: sys_socket[PID: 141 (route)]: family:2, type:1, protocol:0
route: SIOCDELRT: No such process
[   15.553701] firmadyne: sys_socket[PID: 142 (iff_get)]: family:2, type:1, protocol:0
[   15.594124] firmadyne: sys_socket[PID: 143 (logger)]: family:1, type:1, protocol:0
[   15.596074] firmadyne: sys_socket[PID: 143 (logger)]: family:1, type:2, protocol:0
[   15.619836] firmadyne: sys_socket[PID: 144 (route)]: family:2, type:1, protocol:0
adding dns 10.0.2.3
[   15.667581] firmadyne: sys_socket[PID: 146 (logger)]: family:1, type:1, protocol:0
[   15.670166] firmadyne: sys_socket[PID: 146 (logger)]: family:1, type:2, protocol:0
[   15.699280] firmadyne: sys_socket[PID: 147 (route)]: family:2, type:1, protocol:0
racfg: Wireless Exist: 0
Setting Hostname: TV-IP121-001234567890
[   16.343265] firmadyne: sys_socket[PID: 173 (ifconfig)]: family:2, type:1, protocol:0
[   16.345170] firmadyne: sys_socket[PID: 173 (ifconfig)]: family:2, type:1, protocol:0
br0       Link encap:Ethernet  HWaddr 00:12:34:56:78:90  
          inet addr:10.0.2.15  Bcast:10.0.2.255  Mask:255.255.255.0
          inet6 addr: fec0::212:34ff:fe56:7890/64 Scope:Site
          inet6 addr: fe80::212:34ff:fe56:7890/64 Scope:Link
          UP BROADCAST RUNNING MULTICAST  MTU:1500  Metric:1
          RX packets:5 errors:0 dropped:0 overruns:0 frame:0
          TX packets:11 errors:0 dropped:0 overruns:0 carrier:0
          collisions:0 txqueuelen:0 
          RX bytes:2400 (2.3 KiB)  TX bytes:2946 (2.8 KiB)

[   16.375221] firmadyne: sys_socket[PID: 173 (ifconfig)]: family:2, type:1, protocol:0
eth0      Link encap:Ethernet  HWaddr 00:12:34:56:78:90  
          inet6 addr: fe80::5054:ff:fe12:3456/64 Scope:Link
          UP BROADCAST RUNNING MULTICAST  MTU:1500  Metric:1
          RX packets:6 errors:0 dropped:0 overruns:0 frame:0
          TX packets:17 errors:0 dropped:0 overruns:0 carrier:0
          collisions:0 txqueuelen:1000 
          RX bytes:2580 (2.5 KiB)  TX bytes:3454 (3.3 KiB)

[   16.397014] firmadyne: sys_socket[PID: 173 (ifconfig)]: family:2, type:1, protocol:0
eth1      Link encap:Ethernet  HWaddr 52:54:00:12:34:57  
          BROADCAST MULTICAST  MTU:1500  Metric:1
          RX packets:0 errors:0 dropped:0 overruns:0 frame:0
          TX packets:0 errors:0 dropped:0 overruns:0 carrier:0
          collisions:0 txqueuelen:1000 
          RX bytes:0 (0.0 B)  TX bytes:0 (0.0 B)

[   16.415865] firmadyne: sys_socket[PID: 173 (ifconfig)]: family:2, type:1, protocol:0
eth2      Link encap:Ethernet  HWaddr 52:54:00:12:34:58  
          BROADCAST MULTICAST  MTU:1500  Metric:1
          RX packets:0 errors:0 dropped:0 overruns:0 frame:0
          TX packets:0 errors:0 dropped:0 overruns:0 carrier:0
          collisions:0 txqueuelen:1000 
          RX bytes:0 (0.0 B)  TX bytes:0 (0.0 B)

[   16.434447] firmadyne: sys_socket[PID: 173 (ifconfig)]: family:2, type:1, protocol:0
eth3      Link encap:Ethernet  HWaddr 52:54:00:12:34:59  
          BROADCAST MULTICAST  MTU:1500  Metric:1
          RX packets:0 errors:0 dropped:0 overruns:0 frame:0
          TX packets:0 errors:0 dropped:0 overruns:0 carrier:0
          collisions:0 txqueuelen:1000 
          RX bytes:0 (0.0 B)  TX bytes:0 (0.0 B)

[   16.452684] firmadyne: sys_socket[PID: 173 (ifconfig)]: family:2, type:1, protocol:0
ip6tnl0   Link encap:UNSPEC  HWaddr 00-00-00-00-00-00-00-00-00-00-00-00-00-00-00-00  
          NOARP  MTU:1452  Metric:1
          RX packets:0 errors:0 dropped:0 overruns:0 frame:0
          TX packets:0 errors:0 dropped:0 overruns:0 carrier:0
          collisions:0 txqueuelen:0 
          RX bytes:0 (0.0 B)  TX bytes:0 (0.0 B)

[   16.472169] firmadyne: sys_socket[PID: 173 (ifconfig)]: family:2, type:1, protocol:0
lo        Link encap:Local Loopback  
          inet addr:127.0.0.1  Mask:255.0.0.0
          inet6 addr: ::1/128 Scope:Host
          UP LOOPBACK RUNNING  MTU:65536  Metric:1
          RX packets:0 errors:0 dropped:0 overruns:0 frame:0
          TX packets:0 errors:0 dropped:0 overruns:0 carrier:0
          collisions:0 txqueuelen:0 
          RX bytes:0 (0.0 B)  TX bytes:0 (0.0 B)

[   16.495192] firmadyne: sys_socket[PID: 173 (ifconfig)]: family:2, type:1, protocol:0
sit0      Link encap:IPv6-in-IPv4  
          NOARP  MTU:1480  Metric:1
          RX packets:0 errors:0 dropped:0 overruns:0 frame:0
          TX packets:0 errors:0 dropped:0 overruns:0 carrier:0
          collisions:0 txqueuelen:0 
          RX bytes:0 (0.0 B)  TX bytes:0 (0.0 B)

[   16.511838] firmadyne: sys_socket[PID: 173 (ifconfig)]: family:2, type:1, protocol:0
tunl0     Link encap:UNSPEC  HWaddr 00-00-00-00-0A-EC-00-4A-00-00-00-00-00-00-00-00  
          NOARP  MTU:1480  Metric:1
          RX packets:0 errors:0 dropped:0 overruns:0 frame:0
          TX packets:0 errors:0 dropped:0 overruns:0 carrier:0
          collisions:0 txqueuelen:0 
          RX bytes:0 (0.0 B)  TX bytes:0 (0.0 B)


[   16.611129] firmadyne: sys_socket[PID: 176 (syslogd)]: family:1, type:1, protocol:0
Sensor: Initial UVC device!
Sensor: Caon't open device!
Sensor: Init v4L2 failed!
camsvr: Initial sensor fail!
[   16.837704] cfg80211: Calling CRDA to update world regulatory domain
Sound: Unable to open device file /dev/dsp0
camsvr: not support audio!
rinbuf: ftp - rbInitial: semaphore create fail!
camsvr: ftp attach ring buffer fail
rinbuf: motion - rbInitial: semaphore create fail!
camsvr: motion attach ring buffer fail
Psensor: Caon't open device!
Psensor: Caon't open device!
Psensor: Caon't open device!
Psensor: Caon't open device!
Psensor: Caon't open device!
HWmon update
cammsger: Send Inform...
[   19.981735] cfg80211: Calling CRDA to update world regulatory domain
tls=0
ttls=
[   20.639326] firmadyne: sys_socket[PID: 258 (logger)]: family:1, type:1, protocol:0
Setting Iptables Ruleset
[   20.781244] firmadyne: sys_socket[PID: 260 (iptables)]: family:2, type:3, protocol:255
[   20.788077] firmadyne: sys_setsockopt[PID: 260 (iptables)]: fd:3, level:0, optname:64
[   20.790694] firmadyne: sys_setsockopt[PID: 260 (iptables)]: fd:3, level:0, optname:65
[   20.880894] firmadyne: sys_socket[PID: 261 (iptables)]: family:2, type:3, protocol:255
[   20.887422] firmadyne: sys_setsockopt[PID: 261 (iptables)]: fd:3, level:0, optname:64
[   20.889674] firmadyne: sys_setsockopt[PID: 261 (iptables)]: fd:3, level:0, optname:65
[   20.976665] firmadyne: sys_socket[PID: 262 (iptables)]: family:2, type:3, protocol:255
[   20.983035] firmadyne: sys_setsockopt[PID: 262 (iptables)]: fd:3, level:0, optname:64
[   20.985043] firmadyne: sys_setsockopt[PID: 262 (iptables)]: fd:3, level:0, optname:65
[   21.072056] firmadyne: sys_socket[PID: 263 (iptables)]: family:2, type:3, protocol:255
[   21.080502] firmadyne: sys_setsockopt[PID: 263 (iptables)]: fd:3, level:0, optname:64
[   21.083283] firmadyne: sys_setsockopt[PID: 263 (iptables)]: fd:3, level:0, optname:65
[   21.163616] firmadyne: sys_socket[PID: 264 (iptables)]: family:2, type:3, protocol:255
[   21.254877] firmadyne: sys_socket[PID: 265 (iptables)]: family:2, type:3, protocol:255
[   21.261973] firmadyne: sys_setsockopt[PID: 265 (iptables)]: fd:3, level:0, optname:64
[   21.263961] firmadyne: sys_setsockopt[PID: 265 (iptables)]: fd:3, level:0, optname:65
Setting Ip6tables Ruleset
[   21.472276] firmadyne: sys_socket[PID: 268 (ip6tables)]: family:10, type:3, protocol:255
[   21.480358] firmadyne: sys_setsockopt[PID: 268 (ip6tables)]: fd:3, level:41, optname:64
[   21.483159] firmadyne: sys_setsockopt[PID: 268 (ip6tables)]: fd:3, level:41, optname:65
[   21.565204] firmadyne: sys_socket[PID: 269 (ip6tables)]: family:10, type:3, protocol:255
[   21.571348] firmadyne: sys_setsockopt[PID: 269 (ip6tables)]: fd:3, level:41, optname:64
[   21.573780] firmadyne: sys_setsockopt[PID: 269 (ip6tables)]: fd:3, level:41, optname:65
[   21.654839] firmadyne: sys_socket[PID: 270 (ip6tables)]: family:10, type:3, protocol:255
[   21.661518] firmadyne: sys_setsockopt[PID: 270 (ip6tables)]: fd:3, level:41, optname:64
[   21.663700] firmadyne: sys_setsockopt[PID: 270 (ip6tables)]: fd:3, level:41, optname:65
[   21.747849] firmadyne: sys_socket[PID: 271 (ip6tables)]: family:10, type:3, protocol:255
[   21.754921] firmadyne: sys_setsockopt[PID: 271 (ip6tables)]: fd:3, level:41, optname:64
[   21.757134] firmadyne: sys_setsockopt[PID: 271 (ip6tables)]: fd:3, level:41, optname:65
[   21.843933] firmadyne: sys_socket[PID: 272 (ip6tables)]: family:10, type:3, protocol:255
[   21.940739] firmadyne: sys_socket[PID: 273 (ip6tables)]: family:10, type:3, protocol:255
[   21.947478] firmadyne: sys_setsockopt[PID: 273 (ip6tables)]: fd:3, level:41, optname:64
[   21.949920] firmadyne: sys_setsockopt[PID: 273 (ip6tables)]: fd:3, level:41, optname:65
Starting UPNP ....
[   23.125863] cfg80211: Calling CRDA to update world regulatory domain
Starting wanipd.sh ....
racfg: Wireless Exist: 0
Starting IPFind...
Starting boa web server...
[   23.951778] firmadyne: sys_socket[PID: 282 (ipfind)]: family:2, type:1, protocol:0
[   23.953539] firmadyne: sys_setsockopt[PID: 282 (ipfind)]: fd:3, level:65535, optname:25
[   23.981673] firmadyne: sys_setsockopt[PID: 282 (ipfind)]: fd:3, level:65535, optname:4
[   23.982938] firmadyne: inet_bind[PID: 282 (ipfind)]: proto:SOCK_DGRAM, port:62720
[   24.894229] firmadyne: sys_socket[PID: 296 (ddns)]: family:2, type:2, protocol:0
[   24.929109] firmadyne: sys_socket[PID: 296 (ddns)]: family:2, type:1, protocol:17
[   25.018222] firmadyne: sys_socket[PID: 286 (boa)]: family:10, type:2, protocol:6
[   25.020021] firmadyne: sys_setsockopt[PID: 286 (boa)]: fd:4, level:65535, optname:4
[   26.011459] firmadyne: inet_accept[PID: 299 (boa)]:
[   26.017684] firmadyne: inet_accept[PID: 299 (boa)]:
[   26.269715] cfg80211: Calling CRDA to update world regulatory domain
check:0 ddns_check:0
[   26.787038] 
do_page_fault(): sending SIGSEGV to network.cgi for invalid read access from 79777a78
[   26.787994] epc = 79777a79 inra  = 79777a79 in
[   26.788788] 
[   26.801630] potentially unexpected fatal signal 11.
[   26.802505] CPU: 0 PID: 313 Comm: network.cgi Not tainted 4.1.17+ #1
[   26.803343] task: 8f1a4088 ti: 8f1e2000 task.ti: 8f1e2000
[   26.803932] $ 0   : 00000000 80860000 7f90fd98 00000031
[   26.804845] $ 4   : 7f90fd98 00000000 0000001e 00000000
[   26.805988] $ 8   : 00000004 00000000 00000004 80770000
[   26.806845] $12   : 7f8f6478 004ee080 00000000 7741faec
[   26.807732] $16   : 7a79777a 79777a93 777a7977 7a79777a
[   26.808624] $20   : 7f90fdb8 00443008 00000000 00400000
[   26.809722] $24   : 0000006f 771f8560                  
[   26.810582] $28   : 7747ae60 7f90fd78 00000000 79777a79
[   26.811480] Hi    : 00000165
[   26.811941] Lo    : 0001e78d
[   26.812500] epc   : 79777a79 0x79777a79
[   26.813085] ra    : 79777a79 0x79777a79
[   26.813772] Status: 0000a413	USER EXL IE 
[   26.814475] Cause : 10800008
[   26.814904] BadVA : 79777a78
[   26.815373] PrId  : 00019300 (MIPS 24Kc)
[   26.859212] firmadyne: inet_accept[PID: 299 (boa)]:
[   26.866110] firmadyne: inet_accept[PID: 299 (boa)]:
[   26.897967] firmadyne: sys_socket[PID: 317 (ddns)]: family:2, type:2, protocol:0
[   26.907985] firmadyne: sys_socket[PID: 317 (ddns)]: family:2, type:1, protocol:17
check:0 ddns_check:0
