[    0.000000] Linux version 4.1.17+ (alessio@pc) (gcc version 5.5.0 20171010 (Ubuntu 5.5.0-12ubuntu1) ) #1 Mon May 15 23:04:08 CEST 2023
[    0.000000] earlycon: Early serial console at I/O port 0x3f8 (options '38400n8')
[    0.000000] bootconsole [uart0] enabled
[    0.000000] CPU0 revision is: 00019300 (MIPS 24Kc)
[    0.000000] FPU revision is: 00739300
[    0.000000] Software DMA cache coherency enabled
[    0.000000] Determined physical RAM map:
[    0.000000]  memory: 00001000 @ 00000000 (reserved)
[    0.000000]  memory: 000ef000 @ 00001000 (ROM data)
[    0.000000]  memory: 00798000 @ 000f0000 (reserved)
[    0.000000]  memory: 0f777000 @ 00888000 (usable)
[    0.000000] debug: ignoring loglevel setting.
[    0.000000] Wasting 69888 bytes for tracking 2184 unused pages
[    0.000000] Initrd not found or empty - disabling initrd
[    0.000000] Zone ranges:
[    0.000000]   DMA      [mem 0x0000000000000000-0x0000000000ffffff]
[    0.000000]   Normal   [mem 0x0000000001000000-0x000000000fffefff]
[    0.000000] Movable zone start for each node
[    0.000000] Early memory node ranges
[    0.000000]   node   0: [mem 0x0000000000000000-0x000000000fffefff]
[    0.000000] Initmem setup node 0 [mem 0x0000000000000000-0x000000000fffefff]
[    0.000000] On node 0 totalpages: 65535
[    0.000000] free_area_init_node: node 0, pgdat 8081d5b0, node_mem_map 81000000
[    0.000000]   DMA zone: 32 pages used for memmap
[    0.000000]   DMA zone: 0 pages reserved
[    0.000000]   DMA zone: 4096 pages, LIFO batch:0
[    0.000000]   Normal zone: 480 pages used for memmap
[    0.000000]   Normal zone: 61439 pages, LIFO batch:15
[    0.000000] Primary instruction cache 2kB, VIPT, 2-way, linesize 16 bytes.
[    0.000000] Primary data cache 2kB, 2-way, VIPT, no aliases, linesize 16 bytes
[    0.000000] pcpu-alloc: s0 r0 d32768 u32768 alloc=1*32768
[    0.000000] pcpu-alloc: [0] 0 
[    0.000000] Built 1 zonelists in Zone order, mobility grouping on.  Total pages: 65023
[    0.000000] Kernel command line: root=/dev/sda1 console=ttyS0 nandsim.parts=64,64,64,64,64,64,64,64,64,64 rdinit=/firmadyne/preInit.sh rw debug ignore_loglevel print-fatal-signals=1 FIRMAE_NET=true FIRMAE_NVRAM=true FIRMAE_KERNEL=true FIRMAE_ETC=true user_debug=0 firmadyne.syscall=1 noka
[    0.000000] found FIRMAE_KERNEL=t
[    0.000000] set the LD_PRELOAD=/firmadyne/libnvram_ioctl.so
[    0.000000] PID hash table entries: 1024 (order: 0, 4096 bytes)
[    0.000000] Dentry cache hash table entries: 32768 (order: 5, 131072 bytes)
[    0.000000] Inode-cache hash table entries: 16384 (order: 4, 65536 bytes)
[    0.000000] Writing ErrCtl register=00000000
[    0.000000] Readback ErrCtl register=00000000
[    0.000000] Memory: 251112K/262140K available (5360K kernel code, 244K rwdata, 1676K rodata, 260K init, 158K bss, 11028K reserved, 0K cma-reserved)
[    0.000000] NR_IRQS:256
[    0.000000] CPU frequency 200.01 MHz
[    0.000000] clocksource MIPS: mask: 0xffffffff max_cycles: 0xffffffff, max_idle_ns: 19111939747 ns
[    0.000217] sched_clock: 32 bits at 100MHz, resolution 9ns, wraps every 21474089979ns
[    0.016282] Console: colour dummy device 80x25
[    0.017451] Calibrating delay loop... 23.26 BogoMIPS (lpj=46528)
[    0.069312] pid_max: default: 32768 minimum: 301
[    0.074044] Mount-cache hash table entries: 1024 (order: 0, 4096 bytes)
[    0.074606] Mountpoint-cache hash table entries: 1024 (order: 0, 4096 bytes)
[    0.145538] clocksource jiffies: mask: 0xffffffff max_cycles: 0xffffffff, max_idle_ns: 7645041785100000 ns
[    0.157521] NET: Registered protocol family 16
[    0.464933] clocksource pit: mask: 0xffffffff max_cycles: 0xffffffff, max_idle_ns: 1601818034827 ns
[    0.635186] vgaarb: loaded
[    0.641621] SCSI subsystem initialized
[    0.644192] libata version 3.00 loaded.
[    0.649062] usbcore: registered new interface driver usbfs
[    0.650770] usbcore: registered new interface driver hub
[    0.651952] usbcore: registered new device driver usb
[    0.655015] pps_core: LinuxPPS API ver. 1 registered
[    0.655449] pps_core: Software ver. 5.3.6 - Copyright 2005-2007 Rodolfo Giometti <giometti@linux.it>
[    0.656465] PTP clock support registered
[    0.661707] PCI host bridge to bus 0000:00
[    0.662678] pci_bus 0000:00: root bus resource [mem 0x10000000-0x17ffffff]
[    0.663342] pci_bus 0000:00: root bus resource [io  0x1000-0x1fffff]
[    0.663995] pci_bus 0000:00: root bus resource [??? 0x00000000 flags 0x0]
[    0.664618] pci_bus 0000:00: No busn resource found for root bus, will use [bus 00-ff]
[    0.666010] pci 0000:00:00.0: [11ab:4620] type 00 class 0x060000
[    0.667209] pci 0000:00:00.0: [Firmware Bug]: reg 0x14: invalid BAR (can't size)
[    0.667850] pci 0000:00:00.0: [Firmware Bug]: reg 0x18: invalid BAR (can't size)
[    0.668475] pci 0000:00:00.0: [Firmware Bug]: reg 0x1c: invalid BAR (can't size)
[    0.669104] pci 0000:00:00.0: [Firmware Bug]: reg 0x20: invalid BAR (can't size)
[    0.669743] pci 0000:00:00.0: [Firmware Bug]: reg 0x24: invalid BAR (can't size)
[    0.674195] pci 0000:00:0a.0: [8086:7110] type 00 class 0x060100
[    0.678121] pci 0000:00:0a.1: [8086:7111] type 00 class 0x010180
[    0.679121] pci 0000:00:0a.1: reg 0x20: [io  0x0000-0x000f]
[    0.679780] pci 0000:00:0a.1: legacy IDE quirk: reg 0x10: [io  0x01f0-0x01f7]
[    0.680399] pci 0000:00:0a.1: legacy IDE quirk: reg 0x14: [io  0x03f6]
[    0.681010] pci 0000:00:0a.1: legacy IDE quirk: reg 0x18: [io  0x0170-0x0177]
[    0.681627] pci 0000:00:0a.1: legacy IDE quirk: reg 0x1c: [io  0x0376]
[    0.685296] pci 0000:00:0a.2: [8086:7112] type 00 class 0x0c0300
[    0.686034] pci 0000:00:0a.2: reg 0x20: [io  0x0000-0x001f]
[    0.689670] pci 0000:00:0a.3: [8086:7113] type 00 class 0x068000
[    0.691195] pci 0000:00:0a.3: quirk: [io  0x1000-0x103f] claimed by PIIX4 ACPI
[    0.692143] pci 0000:00:0a.3: quirk: [io  0x1100-0x110f] claimed by PIIX4 SMB
[    0.695655] pci 0000:00:12.0: [1013:00b8] type 00 class 0x030000
[    0.696529] pci 0000:00:12.0: reg 0x10: [mem 0x00000000-0x01ffffff pref]
[    0.697176] pci 0000:00:12.0: reg 0x14: [mem 0x00000000-0x00000fff]
[    0.697888] pci 0000:00:12.0: reg 0x30: [mem 0x00000000-0x0000ffff pref]
[    0.701006] vgaarb: device added: PCI:0000:00:12.0,decodes=io+mem,owns=none,locks=none
[    0.702380] pci 0000:00:13.0: [8086:100e] type 00 class 0x020000
[    0.703051] pci 0000:00:13.0: reg 0x10: [mem 0x00000000-0x0001ffff]
[    0.703659] pci 0000:00:13.0: reg 0x14: [io  0x0000-0x003f]
[    0.704353] pci 0000:00:13.0: reg 0x30: [mem 0x00000000-0x0003ffff pref]
[    0.707874] pci 0000:00:14.0: [8086:100e] type 00 class 0x020000
[    0.708566] pci 0000:00:14.0: reg 0x10: [mem 0x00000000-0x0001ffff]
[    0.709327] pci 0000:00:14.0: reg 0x14: [io  0x0000-0x003f]
[    0.710011] pci 0000:00:14.0: reg 0x30: [mem 0x00000000-0x0003ffff pref]
[    0.713697] pci 0000:00:15.0: [8086:100e] type 00 class 0x020000
[    0.714359] pci 0000:00:15.0: reg 0x10: [mem 0x00000000-0x0001ffff]
[    0.714975] pci 0000:00:15.0: reg 0x14: [io  0x0000-0x003f]
[    0.715665] pci 0000:00:15.0: reg 0x30: [mem 0x00000000-0x0003ffff pref]
[    0.719221] pci 0000:00:16.0: [8086:100e] type 00 class 0x020000
[    0.719891] pci 0000:00:16.0: reg 0x10: [mem 0x00000000-0x0001ffff]
[    0.720499] pci 0000:00:16.0: reg 0x14: [io  0x0000-0x003f]
[    0.721343] pci 0000:00:16.0: reg 0x30: [mem 0x00000000-0x0003ffff pref]
[    0.724944] pci_bus 0000:00: busn_res: [bus 00-ff] end is updated to 00
[    0.726813] pci 0000:00:12.0: BAR 0: assigned [mem 0x10000000-0x11ffffff pref]
[    0.727647] pci 0000:00:13.0: BAR 6: assigned [mem 0x12000000-0x1203ffff pref]
[    0.728398] pci 0000:00:14.0: BAR 6: assigned [mem 0x12040000-0x1207ffff pref]
[    0.729102] pci 0000:00:15.0: BAR 6: assigned [mem 0x12080000-0x120bffff pref]
[    0.729966] pci 0000:00:16.0: BAR 6: assigned [mem 0x120c0000-0x120fffff pref]
[    0.730669] pci 0000:00:13.0: BAR 0: assigned [mem 0x12100000-0x1211ffff]
[    0.731344] pci 0000:00:14.0: BAR 0: assigned [mem 0x12120000-0x1213ffff]
[    0.732023] pci 0000:00:15.0: BAR 0: assigned [mem 0x12140000-0x1215ffff]
[    0.732708] pci 0000:00:16.0: BAR 0: assigned [mem 0x12160000-0x1217ffff]
[    0.733402] pci 0000:00:12.0: BAR 6: assigned [mem 0x12180000-0x1218ffff pref]
[    0.734275] pci 0000:00:12.0: BAR 1: assigned [mem 0x12190000-0x12190fff]
[    0.734967] pci 0000:00:13.0: BAR 1: assigned [io  0x1040-0x107f]
[    0.735590] pci 0000:00:14.0: BAR 1: assigned [io  0x1080-0x10bf]
[    0.736214] pci 0000:00:15.0: BAR 1: assigned [io  0x10c0-0x10ff]
[    0.736847] pci 0000:00:16.0: BAR 1: assigned [io  0x1400-0x143f]
[    0.737475] pci 0000:00:0a.2: BAR 4: assigned [io  0x1440-0x145f]
[    0.738141] pci 0000:00:0a.1: BAR 4: assigned [io  0x1460-0x146f]
[    0.758043] cfg80211: Calling CRDA to update world regulatory domain
[    0.773680] Switched to clocksource MIPS
[    0.904788] NET: Registered protocol family 2
[    0.919133] TCP established hash table entries: 2048 (order: 1, 8192 bytes)
[    0.920417] TCP bind hash table entries: 2048 (order: 1, 8192 bytes)
[    0.921822] TCP: Hash tables configured (established 2048 bind 2048)
[    0.923022] UDP hash table entries: 256 (order: 0, 4096 bytes)
[    0.923797] UDP-Lite hash table entries: 256 (order: 0, 4096 bytes)
[    0.928399] NET: Registered protocol family 1
[    0.930452] PCI: Enabling device 0000:00:0a.2 (0000 -> 0001)
[    0.932123] PCI: CLS 0 bytes, default 16
[    0.968909] futex hash table entries: 256 (order: -1, 3072 bytes)
[    0.988184] squashfs: version 4.0 (2009/01/31) Phillip Lougher
[    0.991192] jffs2: version 2.2. (NAND) Â© 2001-2006 Red Hat, Inc.
[    0.995167] romfs: ROMFS MTD (C) 2007 Red Hat, Inc.
[    1.022840] Block layer SCSI generic (bsg) driver version 0.4 loaded (major 251)
[    1.023586] io scheduler noop registered
[    1.024387] io scheduler cfq registered (default)
[    1.025542] firmadyne: devfs: 1, execute: 1, procfs: 1, syscall: 1
[    1.032431] firmadyne: Cannot register character device: gpio, 0xfc, 0x0!
[    1.042401] firmadyne: Cannot register character device: watchdog, 0xa, 0x82!
[    1.042969] firmadyne: Cannot register character device: wdt, 0xfd, 0x0!
[    3.004710] strName = 4.1.17+
[    3.004710] init_task_addr  = 2155778944
[    3.004710] init_task_size  = 1296
[    3.004710] ts_tasks        = 292
[    3.004710] ts_pid          = 408
[    3.004710] ts_tgid         = 412
[    3.004710] ts_group_leader = 440
[    3.004710] ts_thread_group = 496
[    3.004710] ts_real_parent  = 416
[    3.004710] ts_mm           = 300
[    3.004710] ts_stack        = 4
[    3.007679] module_name   = 12
[    3.007679] module_size   = 208
[    3.007679] module_init   = 200
[    3.007679] module_list   = 4
[    3.008715] ts_real_cred    = 624
[    3.008715] ts_cred         = 628
[    3.008715] ts_comm         = 632
[    3.008715] cred_uid        = 4
[    3.008715] cred_gid        = 8
[    3.008715] cred_euid       = 20
[    3.008715] cred_egid       = 24
[    3.010640] mm_mmap         = 0
[    3.010640] mm_pgd          = 32
[    3.010640] mm_arg_start    = 136
[    3.010640] mm_start_brk    = 124
[    3.010640] mm_brk          = 128
[    3.010640] mm_start_stack  = 132
[    3.012101] vma_vm_start    = 0
[    3.012101] vma_vm_end      = 4
[    3.012101] vma_vm_next     = 8
[    3.012101] vma_vm_file     = 80
[    3.012101] vma_vm_flags    = 40
[    3.012101] vma_vm_pgoff    = 76
[    3.013579] file_dentry     = 12
[    3.013579] file_inode      = 40
[    3.013579] dentry_d_name   = 24
[    3.013579] dentry_d_iname  = 44
[    3.013579] dentry_d_parent = 16
[    3.013579] ti_task         = 0
[    3.013579] inode_ino   = 28
[    4.238538] proc_fork_connector  = 2151078840
[    4.238948] proc_exit_connector  = 2151080432
[    4.239308] proc_exec_connector  = 2151079052
[    4.239659] vma_link  = 2149124372
[    4.239978] vma_adjust  = 2149124540
[    4.240287] remove_vma  = 2149122188
[    4.240597] modules  = 2155833724
[    4.240897] trim_init_extable  = 2150545316
[    4.242529] cfg80211: Calling CRDA to update world regulatory domain
[    4.246485] PCI: Enabling device 0000:00:12.0 (0000 -> 0002)
[    4.248003] cirrusfb 0000:00:12.0: Cirrus Logic chipset on PCI bus, RAM (4096 kB) at 0x10000000
[    4.498781] Console: switching to colour frame buffer device 80x30
[    4.578470] Serial: 8250/16550 driver, 4 ports, IRQ sharing enabled
[    4.595044] console [ttyS0] disabled
[    4.623179] serial8250.0: ttyS0 at I/O 0x3f8 (irq = 4, base_baud = 115200) is a 16550A
[    4.624495] console [ttyS0] enabled
[    4.624495] console [ttyS0] enabled
[    4.625139] bootconsole [uart0] disabled
[    4.625139] bootconsole [uart0] disabled
[    4.656778] serial8250.0: ttyS1 at I/O 0x2f8 (irq = 3, base_baud = 115200) is a 16550A
[    4.798391] brd: module loaded
[    4.872571] loop: module loaded
[    4.880442] ata_piix 0000:00:0a.1: version 2.13
[    4.881092] PCI: Enabling device 0000:00:0a.1 (0000 -> 0001)
[    4.911835] scsi host0: ata_piix
[    4.918655] scsi host1: ata_piix
[    4.923279] ata1: PATA max UDMA/33 cmd 0x1f0 ctl 0x3f6 bmdma 0x1460 irq 14
[    4.923894] ata2: PATA max UDMA/33 cmd 0x170 ctl 0x376 bmdma 0x1468 irq 15
[    4.931930] [nandsim] warning: read_byte: unexpected data output cycle, state is STATE_READY return 0x0
[    4.932634] [nandsim] warning: read_byte: unexpected data output cycle, state is STATE_READY return 0x0
[    4.933297] [nandsim] warning: read_byte: unexpected data output cycle, state is STATE_READY return 0x0
[    4.934184] [nandsim] warning: read_byte: unexpected data output cycle, state is STATE_READY return 0x0
[    4.934860] [nandsim] warning: read_byte: unexpected data output cycle, state is STATE_READY return 0x0
[    4.935528] [nandsim] warning: read_byte: unexpected data output cycle, state is STATE_READY return 0x0
[    4.936406] nand: device found, Manufacturer ID: 0x98, Chip ID: 0x39
[    4.936915] nand: Toshiba NAND 128MiB 1,8V 8-bit
[    4.937389] nand: 128 MiB, SLC, erase size: 16 KiB, page size: 512, OOB size: 16
[    4.939533] flash size: 128 MiB
[    4.939844] page size: 512 bytes
[    4.940156] OOB area size: 16 bytes
[    4.940478] sector size: 16 KiB
[    4.940774] pages number: 262144
[    4.941075] pages per sector: 32
[    4.941381] bus width: 8
[    4.941833] bits in sector size: 14
[    4.942152] bits in page size: 9
[    4.942467] bits in OOB size: 4
[    4.942775] flash size with OOB: 135168 KiB
[    4.943124] page address bytes: 4
[    4.943435] sector address bytes: 3
[    4.943748] options: 0x42
[    5.044672] Scanning device for bad blocks
[    6.505206] ata2.01: NODEV after polling detection
[    6.506268] ata1.01: NODEV after polling detection
[    6.508245] ata2.00: ATAPI: QEMU DVD-ROM, 2.5+, max UDMA/100
[    6.511551] ata1.00: ATA-7: QEMU HARDDISK, 2.5+, max UDMA/100
[    6.512099] ata1.00: 2097152 sectors, multi 16: LBA48 
[    6.518745] ata2.00: configured for UDMA/33
[    6.521164] ata1.00: configured for UDMA/33
[    6.531827] scsi 0:0:0:0: Direct-Access     ATA      QEMU HARDDISK    2.5+ PQ: 0 ANSI: 5
[    6.550969] sd 0:0:0:0: [sda] 2097152 512-byte logical blocks: (1.07 GB/1.00 GiB)
[    6.552855] scsi 1:0:0:0: CD-ROM            QEMU     QEMU DVD-ROM     2.5+ PQ: 0 ANSI: 5
[    6.568339] sd 0:0:0:0: [sda] Write Protect is off
[    6.568952] sd 0:0:0:0: [sda] Mode Sense: 00 3a 00 00
[    6.570768] sd 0:0:0:0: [sda] Write cache: enabled, read cache: enabled, doesn't support DPO or FUA
[    6.584163]  sda: sda1
[    6.599122] sd 0:0:0:0: [sda] Attached SCSI disk
[    6.599782] Creating 11 MTD partitions on "NAND 128MiB 1,8V 8-bit":
[    6.600544] 0x000000000000-0x000000100000 : "NAND simulator partition 0"
[    6.613968] 0x000000100000-0x000000200000 : "NAND simulator partition 1"
[    6.626592] 0x000000200000-0x000000300000 : "NAND simulator partition 2"
[    6.639463] 0x000000300000-0x000000400000 : "NAND simulator partition 3"
[    6.652348] 0x000000400000-0x000000500000 : "NAND simulator partition 4"
[    6.665381] 0x000000500000-0x000000600000 : "NAND simulator partition 5"
[    6.678885] 0x000000600000-0x000000700000 : "NAND simulator partition 6"
[    6.692306] 0x000000700000-0x000000800000 : "NAND simulator partition 7"
[    6.705984] 0x000000800000-0x000000900000 : "NAND simulator partition 8"
[    6.718505] 0x000000900000-0x000000a00000 : "NAND simulator partition 9"
[    6.731108] 0x000000a00000-0x000008000000 : "NAND simulator partition 10"
[    6.785994] tun: Universal TUN/TAP device driver, 1.6
[    6.786446] tun: (C) 1999-2004 Max Krasnyansky <maxk@qualcomm.com>
[    6.790763] pcnet32: pcnet32.c:v1.35 21.Apr.2008 tsbogend@alpha.franken.de
[    6.792306] e1000: Intel(R) PRO/1000 Network Driver - version 7.3.21-k8-NAPI
[    6.792833] e1000: Copyright (c) 1999-2006 Intel Corporation.
[    6.794135] PCI: Enabling device 0000:00:13.0 (0000 -> 0003)
[    7.116114] e1000 0000:00:13.0 eth0: (PCI:33MHz:32-bit) 52:54:00:12:34:56
[    7.116950] e1000 0000:00:13.0 eth0: Intel(R) PRO/1000 Network Connection
[    7.117996] PCI: Enabling device 0000:00:14.0 (0000 -> 0003)
[    7.390051] cfg80211: Calling CRDA to update world regulatory domain
[    7.441436] e1000 0000:00:14.0 eth1: (PCI:33MHz:32-bit) 52:54:00:12:34:57
[    7.442367] e1000 0000:00:14.0 eth1: Intel(R) PRO/1000 Network Connection
[    7.443233] PCI: Enabling device 0000:00:15.0 (0000 -> 0003)
[    7.779902] e1000 0000:00:15.0 eth2: (PCI:33MHz:32-bit) 52:54:00:12:34:58
[    7.780587] e1000 0000:00:15.0 eth2: Intel(R) PRO/1000 Network Connection
[    7.781446] PCI: Enabling device 0000:00:16.0 (0000 -> 0003)
[    8.104942] e1000 0000:00:16.0 eth3: (PCI:33MHz:32-bit) 52:54:00:12:34:59
[    8.105810] e1000 0000:00:16.0 eth3: Intel(R) PRO/1000 Network Connection
[    8.107609] e1000e: Intel(R) PRO/1000 Network Driver - 2.3.2-k
[    8.108090] e1000e: Copyright(c) 1999 - 2014 Intel Corporation.
[    8.114291] PPP generic driver version 2.4.2
[    8.117036] PPP Deflate Compression module registered
[    8.118093] PPP MPPE Compression module registered
[    8.118633] NET: Registered protocol family 24
[    8.119556] ehci_hcd: USB 2.0 'Enhanced' Host Controller (EHCI) Driver
[    8.120204] ehci-pci: EHCI PCI platform driver
[    8.121873] ohci_hcd: USB 1.1 'Open' Host Controller (OHCI) Driver
[    8.122502] ohci-pci: OHCI PCI platform driver
[    8.123974] uhci_hcd: USB Universal Host Controller Interface driver
[    8.126179] uhci_hcd 0000:00:0a.2: UHCI Host Controller
[    8.127171] uhci_hcd 0000:00:0a.2: new USB bus registered, assigned bus number 1
[    8.128494] uhci_hcd 0000:00:0a.2: irq 11, io base 0x00001440
[    8.143359] hub 1-0:1.0: USB hub found
[    8.144344] hub 1-0:1.0: 2 ports detected
[    8.156981] usbcore: registered new interface driver usb-storage
[    8.162795] mousedev: PS/2 mouse device common for all mice
[    8.171154] rtc_cmos rtc_cmos: rtc core: registered rtc_cmos as rtc0
[    8.172142] rtc_cmos rtc_cmos: alarms up to one day, 242 bytes nvram
[    8.174173] i2c /dev entries driver
[    8.175811] piix4_smbus 0000:00:0a.3: SMBus Host Controller at 0x1100, revision 0
[    8.182185] sdhci: Secure Digital Host Controller Interface driver
[    8.182665] sdhci: Copyright(c) Pierre Ossman
[    8.185918] hidraw: raw HID events driver (C) Jiri Kosina
[    8.211153] usbcore: registered new interface driver usbhid
[    8.211609] usbhid: USB HID core driver
[    8.213018] Netfilter messages via NETLINK v0.30.
[    8.214906] nf_conntrack version 0.5.0 (3923 buckets, 15692 max)
[    8.219356] ctnetlink v0.93: registering with nfnetlink.
[    8.227159] ipip: IPv4 over IPv4 tunneling driver
[    8.243602] ip_tables: (C) 2000-2006 Netfilter Core Team
[    8.247475] arp_tables: (C) 2002 David S. Miller
[    8.250027] Initializing XFRM netlink socket
[    8.251589] NET: Registered protocol family 10
[    8.282319] ip6_tables: (C) 2000-2006 Netfilter Core Team
[    8.287122] sit: IPv6 over IPv4 tunneling driver
[    8.309895] NET: Registered protocol family 17
[    8.311010] bridge: automatic filtering via arp/ip/ip6tables has been deprecated. Update your scripts to load br_netfilter if you need this.
[    8.312398] Bridge firewalling registered
[    8.312927] Ebtables v2.0 registered
[    8.315970] 8021q: 802.1Q VLAN Support v1.8
[    8.343976] rtc_cmos rtc_cmos: setting system clock to 2025-07-23 01:55:23 UTC (1753235723)
[    8.372054] EXT2-fs (sda1): warning: mounting unchecked fs, running e2fsck is recommended
[    8.375369] VFS: Mounted root (ext2 filesystem) on device 8:1.
[    8.387707] Freeing YAMON memory: 956k freed
[    8.401483] Freeing unused kernel memory: 260K (8081f000 - 80860000)
[    8.447540] firmadyne: sys_reboot[PID: 49 (init)]: magic1:fee1dead, magic2:28121969, cmd:0
init started:  BusyBox v1.00 (2007.12.04-12:53+0000) multi-call binary[    8.474246] spurious 8259A interrupt: IRQ7.

Starting pid 51, console /dev/tts/0: '/etc/init.d/rcS'
[    8.620134] firmadyne: do_execve: /firmadyne/console
[    8.620887] OFFSETS: offset of pid: 0x198 offset of comm: 0x278
[/etc/init.d/S03config.sh]
Mounting proc and var ...
[    9.360695] firmadyne: sys_socket[PID: 72 (wps)]: family:1, type:1, protocol:0
[    9.374756] firmadyne: sys_socket[PID: 72 (wps)]: family:1, type:1, protocol:0
[    9.390865] random: wps urandom read with 96 bits of entropy available
[    9.419273] firmadyne: sys_socket[PID: 72 (wps)]: family:1, type:1, protocol:0
[   10.432667] firmadyne: sys_socket[PID: 72 (wps)]: family:1, type:1, protocol:0
[   10.535951] cfg80211: Calling CRDA to update world regulatory domain
[   11.452449] firmadyne: sys_socket[PID: 72 (wps)]: family:1, type:1, protocol:0
[   12.480925] firmadyne: sys_socket[PID: 72 (wps)]: family:1, type:1, protocol:0
[   12.495406] firmadyne: sys_socket[PID: 72 (wps)]: family:1, type:1, protocol:0
Start xmldb ...
[   12.734753] firmadyne: sys_socket[PID: 75 (xmldb)]: family:1, type:2, protocol:0
[   13.683819] cfg80211: Calling CRDA to update world regulatory domain
[/etc/scripts/misc/profile.sh] get ...
Can't get config from nvram, generate default!
[/etc/scripts/misc/profile.sh] reset ...
[   14.280189] random: nonblocking pool is initialized
[   14.382351] firmadyne: sys_socket[PID: 93 (rgdb)]: family:1, type:2, protocol:0
[/etc/scripts/misc/defnodes.sh] ...
[/etc/defnodes/S10setext.sh] ...
[   14.767645] firmadyne: sys_socket[PID: 101 (xmldbc)]: family:1, type:2, protocol:0
[   14.835819] firmadyne: sys_socket[PID: 102 (xmldbc)]: family:1, type:2, protocol:0
[   14.906991] firmadyne: sys_socket[PID: 103 (xmldbc)]: family:1, type:2, protocol:0
[   14.975747] firmadyne: sys_socket[PID: 104 (xmldbc)]: family:1, type:2, protocol:0
[   15.044009] firmadyne: sys_socket[PID: 105 (xmldbc)]: family:1, type:2, protocol:0
[   15.112648] firmadyne: sys_socket[PID: 106 (xmldbc)]: family:1, type:2, protocol:0
[   15.179938] firmadyne: sys_socket[PID: 107 (xmldbc)]: family:1, type:2, protocol:0
[   15.246465] firmadyne: sys_socket[PID: 108 (xmldbc)]: family:1, type:2, protocol:0
[   15.314389] firmadyne: sys_socket[PID: 109 (xmldbc)]: family:1, type:2, protocol:0
[   15.382393] firmadyne: sys_socket[PID: 110 (xmldbc)]: family:1, type:2, protocol:0
[   15.449195] firmadyne: sys_socket[PID: 111 (xmldbc)]: family:1, type:2, protocol:0
[   15.520564] firmadyne: sys_socket[PID: 112 (xmldbc)]: family:1, type:2, protocol:0
[   15.589725] firmadyne: sys_socket[PID: 113 (xmldbc)]: family:1, type:2, protocol:0
[   15.659668] firmadyne: sys_socket[PID: 114 (xmldbc)]: family:1, type:2, protocol:0
[   15.730132] firmadyne: sys_socket[PID: 115 (xmldbc)]: family:1, type:2, protocol:0
[   15.799751] firmadyne: sys_socket[PID: 116 (xmldbc)]: family:1, type:2, protocol:0
[   15.868946] firmadyne: sys_socket[PID: 117 (xmldbc)]: family:1, type:2, protocol:0
[   15.936555] firmadyne: sys_socket[PID: 118 (xmldbc)]: family:1, type:2, protocol:0
[   16.003601] firmadyne: sys_socket[PID: 119 (xmldbc)]: family:1, type:2, protocol:0
[   16.074144] firmadyne: sys_socket[PID: 120 (xmldbc)]: family:1, type:2, protocol:0
[   16.140315] firmadyne: sys_socket[PID: 121 (xmldbc)]: family:1, type:2, protocol:0
[   16.206605] firmadyne: sys_socket[PID: 122 (xmldbc)]: family:1, type:2, protocol:0
[   16.274976] firmadyne: sys_socket[PID: 123 (xmldbc)]: family:1, type:2, protocol:0
[   16.341453] firmadyne: sys_socket[PID: 124 (xmldbc)]: family:1, type:2, protocol:0
PHP [/etc/defnodes/S11setnodes.php] ...
[   16.474796] firmadyne: sys_socket[PID: 127 (rgdb)]: family:1, type:2, protocol:0
[   16.830902] cfg80211: Calling CRDA to update world regulatory domain
PHP [/etc/defnodes/S12features.php] ...
[   17.111484] firmadyne: sys_socket[PID: 138 (rgdb)]: family:1, type:2, protocol:0
PHP [/etc/defnodes/S13flashspeed.php] ...
[   17.251350] firmadyne: sys_socket[PID: 141 (rgdb)]: family:1, type:2, protocol:0
PHP [/etc/defnodes/S20setnodes.php] ...
[   17.503787] firmadyne: sys_socket[PID: 146 (rgdb)]: family:1, type:2, protocol:0
[   17.673130] firmadyne: sys_socket[PID: 150 (xmldbc)]: family:1, type:2, protocol:0
[   17.863905] firmadyne: sys_socket[PID: 153 (xmldbc)]: family:1, type:2, protocol:0
[   18.021122] firmadyne: sys_socket[PID: 157 (xmldbc)]: family:1, type:2, protocol:0
[   18.194608] firmadyne: sys_socket[PID: 160 (xmldbc)]: family:1, type:2, protocol:0
[   18.333422] firmadyne: sys_socket[PID: 163 (xmldbc)]: family:1, type:2, protocol:0
[   18.401517] firmadyne: sys_socket[PID: 164 (xmldbc)]: family:1, type:2, protocol:0
[   18.472497] firmadyne: sys_socket[PID: 165 (xmldbc)]: family:1, type:2, protocol:0
[   18.539621] firmadyne: sys_socket[PID: 166 (xmldbc)]: family:1, type:2, protocol:0
[   18.607901] firmadyne: sys_socket[PID: 167 (xmldbc)]: family:1, type:2, protocol:0
[   18.678459] firmadyne: sys_socket[PID: 168 (xmldbc)]: family:1, type:2, protocol:0
[   18.745472] firmadyne: sys_socket[PID: 169 (xmldbc)]: family:1, type:2, protocol:0
[   18.919505] EXT3-fs (mtdblock6): error: can't find ext3 filesystem on dev mtdblock6.
[   18.927145] EXT2-fs (mtdblock6): error: can't find an ext2 filesystem on dev mtdblock6.
[   18.934672] EXT4-fs (mtdblock6): VFS: Can't find ext4 filesystem
[   18.950553] cramfs: wrong magic
[   18.958225] squashfs: SQUASHFS error: Can't find a SQUASHFS superblock on mtdblock6
[   18.965535] FAT-fs (mtdblock6): bogus logical sector size 65535
[   18.966496] FAT-fs (mtdblock6): Can't find a valid FAT filesystem
[   18.978635] romfs: VFS: Can't find a romfs filesystem on dev mtdblock6.
[   18.986131] UDF-fs: warning (device mtdblock6): udf_load_vrs: No VRS found
[   18.986976] UDF-fs: warning (device mtdblock6): udf_fill_super: No partition found (2)
mount: Mounting /dev/mtdblock/6 on /www/locale/alt failed: Invalid argument
[   19.144428] firmadyne: sys_socket[PID: 178 (xmldbc)]: family:1, type:2, protocol:0
[   19.373965] firmadyne: sys_socket[PID: 185 (xmldbc)]: family:1, type:2, protocol:0
[   19.512829] firmadyne: sys_socket[PID: 188 (xmldbc)]: family:1, type:2, protocol:0
[   19.583007] firmadyne: sys_socket[PID: 189 (xmldbc)]: family:1, type:2, protocol:0
PHP [/etc/defnodes/S40brand.php] ...
[   19.716029] firmadyne: sys_socket[PID: 192 (rgdb)]: family:1, type:2, protocol:0
[/etc/scripts/misc/defnodes.sh] Done !!
[   19.974124] cfg80211: Calling CRDA to update world regulatory domain
[/etc/scripts/misc/profile.sh] put ...
[   20.172500] firmadyne: sys_socket[PID: 201 (rgdb)]: family:1, type:2, protocol:0
ok
[/etc/templates/timezone.sh] ...
[   20.787648] firmadyne: sys_socket[PID: 210 (rgdb)]: family:1, type:2, protocol:0
[   21.003072] firmadyne: sys_socket[PID: 215 (rgdb)]: family:1, type:2, protocol:0
[   21.757121] firmadyne: sys_socket[PID: 219 (rgdb)]: family:1, type:2, protocol:0
[   21.860128] firmadyne: sys_socket[PID: 221 (rgdb)]: family:1, type:2, protocol:0
[   21.956668] firmadyne: sys_socket[PID: 223 (rgdb)]: family:1, type:2, protocol:0
[/etc/templates/logs.sh] ...
[   22.195313] firmadyne: sys_socket[PID: 229 (rgdb)]: family:1, type:2, protocol:0
[   22.307977] firmadyne: sys_socket[PID: 231 (rgdb)]: family:1, type:2, protocol:0
[/var/run/logs_run.sh] ...
[   22.672541] firmadyne: sys_socket[PID: 235 (syslogd)]: family:1, type:1, protocol:0
Inserting modules ...
Using /lib/modules/wlan.o
insmod: Not configured to support old kernels
Using /lib/modules/wlan_xauth.o
insmod: Not configured to support old kernels
Using /lib/modules/wlan_wep.o
insmod: Not configured to support old kernels
Using /lib/modules/wlan_tkip.o
insmod: Not configured to support old kernels
[   23.118248] cfg80211: Calling CRDA to update world regulatory domain
Using /lib/modules/wlan_scan_sta.o
insmod: Not configured to support old kernels
Using /lib/modules/wlan_scan_ap.o
insmod: Not configured to support old kernels
Using /lib/modules/wlan_ccmp.o
insmod: Not configured to support old kernels
Using /lib/modules/wlan_acl.o
insmod: Not configured to support old kernels
Using /lib/modules/ath_hal.o
insmod: Not configured to support old kernels
Using /lib/modules/ath_rate_atheros.o
insmod: Not configured to support old kernels
Using /lib/modules/ath_dfs.o
insmod: Not configured to support old kernels
[   23.546689] firmadyne: sys_socket[PID: 254 (rgdb)]: family:1, type:2, protocol:0
The countrycode is 840.
Using /lib/modules/ath_ahb.o
insmod: Not configured to support old kernels
[   23.910843] firmadyne: sys_socket[PID: 261 (wlanconfig)]: family:2, type:1, protocol:0
wlanconfig: ioctl: No such device
[   24.122481] firmadyne: sys_socket[PID: 269 (ifconfig)]: family:2, type:1, protocol:0
SIOCSIFHWADDR: No such device
Using /lib/modules/ar231x_access.o
insmod: Not configured to support old kernels
[   24.366949] firmadyne: sys_socket[PID: 278 (ifconfig)]: family:2, type:1, protocol:0
[   24.385501] IPv6: ADDRCONF(NETDEV_UP): eth0: link is not ready
[   24.386488] 8021q: adding VLAN 0 to HW filter on device eth0
[   24.392510] e1000: eth0 NIC Link is Up 1000 Mbps Full Duplex, Flow Control: RX
[   24.397036] IPv6: ADDRCONF(NETDEV_CHANGE): eth0: link becomes ready
[   24.474345] firmadyne: sys_socket[PID: 279 (rgdb)]: family:1, type:2, protocol:0
[   24.564396] firmadyne: sys_socket[PID: 281 (rgdb)]: family:1, type:2, protocol:0
[   24.681272] firmadyne: sys_socket[PID: 283 (rgdb)]: family:1, type:2, protocol:0
[   24.784123] firmadyne: sys_socket[PID: 285 (vconfig)]: family:2, type:2, protocol:0
Set name-type for VLAN subsystem. Should be visible in /proc/net/vlan/config
[   24.851898] firmadyne: sys_socket[PID: 286 (vconfig)]: family:2, type:2, protocol:0
[   24.853725] firmadyne: register_vlan_dev[PID: 286 (vconfig)]: dev:eth0.0 vlan_id:0
[   24.940601] firmadyne: sys_socket[PID: 287 (vconfig)]: family:2, type:2, protocol:0
[   24.944396] firmadyne: register_vlan_dev[PID: 287 (vconfig)]: dev:eth0.2 vlan_id:2
[   25.025212] firmadyne: sys_socket[PID: 288 (brctl)]: family:2, type:2, protocol:0
[   25.112441] firmadyne: sys_socket[PID: 289 (brctl)]: family:2, type:2, protocol:0
[   25.119054] firmadyne: sys_socket[PID: 289 (brctl)]: family:10, type:1, protocol:0
[   25.183553] firmadyne: sys_socket[PID: 290 (brctl)]: family:2, type:2, protocol:0
[   25.189661] firmadyne: sys_socket[PID: 290 (brctl)]: family:10, type:1, protocol:0
[   25.223143] firmadyne: sys_socket[PID: 291 (ifconfig)]: family:2, type:1, protocol:0
[   25.225520] firmadyne: __inet_insert_ifa[PID: 291 (ifconfig)]: device:br0 ifa:0x00000000
[/etc/templates/webs.sh] start ...
[   25.427185] firmadyne: sys_socket[PID: 295 (rgdb)]: family:1, type:2, protocol:0
[   25.580842] firmadyne: sys_socket[PID: 296 (rgdb)]: family:1, type:2, protocol:0
[/var/run/webs_start.sh] ...
Starting HTTPD ...
[/etc/init.d/S03config.sh] done!
[/etc/init.d/S10system.sh]
[   26.044060] firmadyne: sys_socket[PID: 305 (rgdb)]: family:1, type:2, protocol:0
start scheduled ...
[   26.262063] cfg80211: Calling CRDA to update world regulatory domain
[/etc/templates/scheduled.sh] start ...
[   26.468143] firmadyne: sys_socket[PID: 310 (rgdb)]: family:1, type:2, protocol:0
[   26.552953] firmadyne: sys_socket[PID: 313 (route)]: family:2, type:1, protocol:0
[   26.741998] firmadyne: sys_socket[PID: 314 (httpd)]: family:2, type:2, protocol:0
[   26.754220] firmadyne: sys_setsockopt[PID: 314 (httpd)]: fd:4, level:65535, optname:4
[   26.755752] firmadyne: sys_setsockopt[PID: 314 (httpd)]: fd:4, level:65535, optname:25
[   26.756942] firmadyne: inet_bind[PID: 314 (httpd)]: proto:SOCK_STREAM, port:49152
[   26.761269] firmadyne: sys_socket[PID: 314 (httpd)]: family:2, type:1, protocol:0
[   26.762687] firmadyne: sys_setsockopt[PID: 314 (httpd)]: fd:5, level:65535, optname:4
[   26.763785] firmadyne: sys_setsockopt[PID: 314 (httpd)]: fd:5, level:65535, optname:25
[   26.764822] firmadyne: inet_bind[PID: 314 (httpd)]: proto:SOCK_DGRAM, port:1900
[   26.771269] firmadyne: sys_socket[PID: 316 (xmldbc)]: family:1, type:2, protocol:0
[   26.775815] firmadyne: sys_setsockopt[PID: 314 (httpd)]: fd:5, level:0, optname:35
[   26.785681] firmadyne: sys_socket[PID: 314 (httpd)]: family:2, type:2, protocol:0
[   26.787062] firmadyne: sys_setsockopt[PID: 314 (httpd)]: fd:6, level:65535, optname:4
[   26.788157] firmadyne: sys_setsockopt[PID: 314 (httpd)]: fd:6, level:65535, optname:25
[   26.789172] firmadyne: inet_bind[PID: 314 (httpd)]: proto:SOCK_STREAM, port:80
[   26.892066] firmadyne: sys_socket[PID: 314 (httpd)]: family:1, type:1, protocol:0
[   26.923548] firmadyne: sys_socket[PID: 317 (xmldbc)]: family:1, type:2, protocol:0
[/var/run/scheduled_start.sh] ...
Start scheduled ...
setup layout ...
[   27.194698] firmadyne: sys_socket[PID: 321 (scheduled)]: family:1, type:1, protocol:0
[/etc/scripts/layout.sh] start ...
[   27.335667] firmadyne: sys_socket[PID: 326 (rgdb)]: family:1, type:2, protocol:0
[   27.508771] firmadyne: sys_socket[PID: 327 (rgdb)]: family:1, type:2, protocol:0
[/var/run/layout_start.sh] ...
Start router layout ...
/proc/driver/ae531x: cannot create
/proc/driver/ae531x: cannot create
/proc/driver/ae531x: cannot create
/proc/driver/ae531x: cannot create
/proc/driver/ae531x: cannot create
/proc/driver/ae531x: cannot create
/proc/driver/ae531x: cannot create
/proc/driver/ae531x: cannot create
/proc/driver/ae531x: cannot create
/proc/driver/ae531x: cannot create
[   27.868463] firmadyne: sys_socket[PID: 341 (ifconfig)]: family:2, type:1, protocol:0
[   27.898014] firmadyne: sys_socket[PID: 342 (ifconfig)]: family:2, type:1, protocol:0
[   27.963125] firmadyne: sys_socket[PID: 343 (brctl)]: family:2, type:2, protocol:0
[   27.969187] firmadyne: sys_socket[PID: 343 (brctl)]: family:10, type:1, protocol:0
[   27.972296] firmadyne: sys_socket[PID: 343 (brctl)]: family:10, type:1, protocol:0
interface ath0 does not exist!
[   28.063966] firmadyne: sys_socket[PID: 348 (brctl)]: family:2, type:2, protocol:0
[   28.070698] firmadyne: sys_socket[PID: 348 (brctl)]: family:10, type:1, protocol:0
[   28.073542] firmadyne: sys_socket[PID: 348 (brctl)]: family:10, type:1, protocol:0
[   28.077945] firmadyne: br_add_if[PID: 348 (brctl)]: br:br0 dev:eth0.0
[   28.085293] device eth0.0 entered promiscuous mode
[   28.086188] device eth0 entered promiscuous mode
[   28.090155] br0: port 1(eth0.0) entered forwarding state
[   28.091303] br0: port 1(eth0.0) entered forwarding state
[   28.155327] firmadyne: sys_socket[PID: 349 (brctl)]: family:2, type:2, protocol:0
[   28.161654] firmadyne: sys_socket[PID: 349 (brctl)]: family:10, type:1, protocol:0
[   28.165197] firmadyne: sys_socket[PID: 349 (brctl)]: family:10, type:1, protocol:0
can't find port ath0 in bridge br0
[   28.224212] firmadyne: sys_socket[PID: 354 (ifconfig)]: family:2, type:1, protocol:0
[   28.288834] firmadyne: sys_socket[PID: 355 (rgdb)]: family:1, type:2, protocol:0
start LAN ...
[/etc/templates/lan.sh] ...
[   28.531257] firmadyne: sys_socket[PID: 360 (rgdb)]: family:1, type:2, protocol:0
[   28.892617] firmadyne: sys_socket[PID: 361 (rgdb)]: family:1, type:2, protocol:0
[/var/run/lan_start.sh] ...
Start LAN (br0/192.168.0.1/255.255.255.0)...
[   29.224621] firmadyne: sys_socket[PID: 365 (ifconfig)]: family:2, type:1, protocol:0
[   29.229026] firmadyne: __inet_insert_ifa[PID: 365 (ifconfig)]: device:br0 ifa:0xc0a80001
Start DHCP server (br0) ...
[   29.406085] cfg80211: Calling CRDA to update world regulatory domain
[   29.487527] firmadyne: sys_socket[PID: 369 (dhcpxmlpatch)]: family:1, type:2, protocol:0
start fresetd ...
[   29.568922] firmadyne: sys_socket[PID: 368 (udhcpd)]: family:2, type:3, protocol:255
[   29.584126] firmadyne: sys_socket[PID: 368 (udhcpd)]: family:2, type:1, protocol:17
[   29.585337] firmadyne: sys_setsockopt[PID: 368 (udhcpd)]: fd:5, level:65535, optname:4
[   29.598140] firmadyne: sys_setsockopt[PID: 368 (udhcpd)]: fd:5, level:65535, optname:32
[   29.599257] firmadyne: sys_setsockopt[PID: 368 (udhcpd)]: fd:5, level:65535, optname:25
[   29.600361] firmadyne: inet_bind[PID: 368 (udhcpd)]: proto:SOCK_DGRAM, port:67
enable LAN ports ...
Factory reset time : 5 secs
WPS command : [/etc/templates/wps.sh pbc &]
/proc/driver/ae531x: cannot create
gpio_outen: can not open [/proc/ar231x/gpio_cr7] to write.
/proc/driver/ae531x: cannot create
/proc/driver/ae531x: cannot create
/proc/driver/ae531x: cannot create
start WLAN ...
[/etc/templates/wlan.sh] start ...
[   29.963000] firmadyne: sys_socket[PID: 384 (rgdb)]: family:1, type:2, protocol:0
[   30.670142] firmadyne: sys_socket[PID: 387 (rgdb)]: family:1, type:2, protocol:0
[/var/run/wlan_start.sh] ...
Start WLAN interface ath0 ...
[   31.094150] firmadyne: sys_socket[PID: 391 (iwpriv)]: family:2, type:1, protocol:0
ath0      no private ioctls.

[   31.155943] firmadyne: sys_socket[PID: 392 (iwpriv)]: family:2, type:1, protocol:0
ath0      no private ioctls.

[   31.217465] firmadyne: sys_socket[PID: 393 (iwpriv)]: family:2, type:1, protocol:0
ath0      no private ioctls.

[   31.284002] firmadyne: sys_socket[PID: 394 (brctl)]: family:2, type:2, protocol:0
[   31.290315] firmadyne: sys_socket[PID: 394 (brctl)]: family:10, type:1, protocol:0
[   31.293544] firmadyne: sys_socket[PID: 394 (brctl)]: family:10, type:1, protocol:0
can't find port ath0 in bridge br0
[   31.383147] firmadyne: sys_socket[PID: 399 (iwpriv)]: family:2, type:1, protocol:0
ath0      no private ioctls.

[   31.448939] firmadyne: inet_accept[PID: 314 (httpd)]:
[   31.452877] firmadyne: inet_accept[PID: 314 (httpd)]:
[   31.466989] firmadyne: sys_socket[PID: 400 (iwpriv)]: family:2, type:1, protocol:0
ath0      no private ioctls.

[   31.528588] firmadyne: sys_socket[PID: 401 (iwpriv)]: family:2, type:1, protocol:0
ath0      no private ioctls.

[   31.591002] firmadyne: sys_socket[PID: 402 (iwpriv)]: family:2, type:1, protocol:0
ath0      no private ioctls.

[   31.652174] firmadyne: sys_socket[PID: 403 (iwpriv)]: family:2, type:1, protocol:0
ath0      no private ioctls.

[   31.715349] firmadyne: sys_socket[PID: 404 (iwconfig)]: family:2, type:1, protocol:0
Error for wireless request "Set Frequency" (8B04) :
    SET failed on device ath0 ; Invalid argument.
[   31.781058] firmadyne: sys_socket[PID: 405 (iwconfig)]: family:2, type:1, protocol:0
Error for wireless request "Set RTS Threshold" (8B22) :
    SET failed on device ath0 ; Invalid argument.
[   31.859068] firmadyne: sys_socket[PID: 406 (iwconfig)]: family:2, type:1, protocol:0
Error for wireless request "Set Fragmentation Threshold" (8B24) :
    SET failed on device ath0 ; Invalid argument.
[   31.926208] firmadyne: sys_socket[PID: 407 (iwconfig)]: family:2, type:1, protocol:0
Error for wireless request "Set Bit Rate" (8B20) :
    SET failed on device ath0 ; Invalid argument.
[   32.059153] firmadyne: sys_socket[PID: 408 (iwpriv)]: family:2, type:1, protocol:0
ath0      no private ioctls.

[   32.121589] firmadyne: sys_socket[PID: 409 (iwpriv)]: family:2, type:1, protocol:0
ath0      no private ioctls.

/proc/net/br_forward_br0: cannot create
[   32.198641] firmadyne: sys_socket[PID: 411 (iwpriv)]: family:2, type:1, protocol:0
ath0      no private ioctls.

[   32.261702] firmadyne: sys_socket[PID: 412 (iwpriv)]: family:2, type:1, protocol:0
ath0      no private ioctls.

[   32.323333] firmadyne: sys_socket[PID: 413 (iwpriv)]: family:2, type:1, protocol:0
ath0      no private ioctls.

[   32.384960] firmadyne: sys_socket[PID: 414 (iwpriv)]: family:2, type:1, protocol:0
ath0      no private ioctls.

[   32.447900] firmadyne: sys_socket[PID: 415 (iwconfig)]: family:2, type:1, protocol:0
Error for wireless request "Set ESSID" (8B1A) :
    SET failed on device ath0 ; Invalid argument.
[   32.550545] cfg80211: Calling CRDA to update world regulatory domain
[   32.595364] firmadyne: sys_socket[PID: 418 (ifconfig)]: family:2, type:1, protocol:0
SIOCGIFFLAGS: No such device
[   32.929137] firmadyne: sys_socket[PID: 417 (wlxmlpatch)]: family:1, type:2, protocol:0
[   32.994986] firmadyne: sys_socket[PID: 417 (wlxmlpatch)]: family:1, type:2, protocol:0
Configuration file: /var/run/hostapd.ath0.conf
[   33.029487] firmadyne: sys_socket[PID: 417 (wlxmlpatch)]: family:2, type:1, protocol:0
madwifi_poll: ioctl_get_ssid() fail, return -1 !
[   33.069664] firmadyne: sys_socket[PID: 417 (wlxmlpatch)]: family:1, type:2, protocol:0
[   33.117586] firmadyne: sys_socket[PID: 416 (hostapd)]: family:2, type:1, protocol:0
[   33.264913] firmadyne: sys_socket[PID: 423 (atp)]: family:1, type:2, protocol:0
ioctl(SIOCGIFINDEX): No such device
madwifi driver initialization failed.
[   33.340268] firmadyne: sys_socket[PID: 424 (usockc)]: family:1, type:1, protocol:0
Unable to open socket file : /var/run/fresetd_unixsock
[/etc/templates/wps.sh] setie ...
[   34.063353] firmadyne: sys_socket[PID: 431 (xmldbc)]: family:1, type:2, protocol:0
[   35.064228] firmadyne: sys_socket[PID: 432 (wps)]: family:1, type:1, protocol:0
[   35.694090] cfg80211: Exceeded CRDA call max attempts. Not calling CRDA
[   36.264119] firmadyne: sys_socket[PID: 433 (atp)]: family:1, type:2, protocol:0
[   37.731887] firmadyne: sys_socket[PID: 434 (atp)]: family:1, type:2, protocol:0
[   38.632229] firmadyne: sys_socket[PID: 435 (atp)]: family:1, type:2, protocol:0
[   42.905764] firmadyne: sys_socket[PID: 432 (wps)]: family:1, type:1, protocol:0
[   43.926884] firmadyne: sys_socket[PID: 432 (wps)]: family:1, type:1, protocol:0
[   44.942787] firmadyne: sys_socket[PID: 432 (wps)]: family:1, type:1, protocol:0
[   45.959139] firmadyne: sys_socket[PID: 432 (wps)]: family:1, type:1, protocol:0
[   45.971105] firmadyne: sys_socket[PID: 432 (wps)]: family:1, type:1, protocol:0
[   45.984262] firmadyne: sys_socket[PID: 432 (wps)]: family:1, type:1, protocol:0
[   47.002774] firmadyne: sys_socket[PID: 432 (wps)]: family:1, type:1, protocol:0
[   48.020600] firmadyne: sys_socket[PID: 432 (wps)]: family:1, type:1, protocol:0
[   48.236776] firmadyne: sys_socket[PID: 436 (atp)]: family:1, type:2, protocol:0
[   48.968868] firmadyne: sys_socket[PID: 437 (atp)]: family:1, type:2, protocol:0
[   49.043043] firmadyne: sys_socket[PID: 432 (wps)]: family:1, type:1, protocol:0
[   49.048583] firmadyne: sys_socket[PID: 432 (wps)]: family:1, type:1, protocol:0
Start WLAN interface ath0 Done !!!
start Guest Zone
[/etc/templates/gzone.sh] ...
[   49.349440] firmadyne: sys_socket[PID: 444 (xmldbc)]: family:1, type:2, protocol:0
[   49.421119] firmadyne: sys_socket[PID: 445 (xmldbc)]: family:1, type:2, protocol:0
[/etc/templates/enable_gzone.sh] ...
start RG ...
[   49.841231] firmadyne: sys_socket[PID: 449 (atp)]: family:1, type:2, protocol:0
[/etc/templates/rg.sh] start ...
[   50.127411] firmadyne: sys_socket[PID: 455 (rgdb)]: family:1, type:2, protocol:0
[   50.206489] firmadyne: sys_socket[PID: 456 (rgdb)]: family:1, type:2, protocol:0
[   50.759268] firmadyne: sys_socket[PID: 457 (atp)]: family:1, type:2, protocol:0
[/var/run/rg_start.sh] ...
[   51.513278] firmadyne: sys_socket[PID: 460 (iptables)]: family:2, type:3, protocol:255
[   51.522666] firmadyne: sys_setsockopt[PID: 460 (iptables)]: fd:3, level:0, optname:64
[   51.524981] firmadyne: sys_setsockopt[PID: 460 (iptables)]: fd:3, level:0, optname:65
[   51.589643] firmadyne: sys_socket[PID: 461 (iptables)]: family:2, type:3, protocol:255
modprobe: could not parse modules.dep

[   51.632966] firmadyne: sys_socket[PID: 461 (iptables)]: family:2, type:3, protocol:255
iptables v1.2.9: can't initialize iptables table `nat': Table does not exist (do you need to insmod?)
Perhaps iptables or your kernel needs to be upgraded.
[   51.722298] firmadyne: sys_socket[PID: 467 (iptables)]: family:2, type:3, protocol:255
[   51.730987] firmadyne: sys_setsockopt[PID: 467 (iptables)]: fd:3, level:0, optname:64
[   51.733174] firmadyne: sys_setsockopt[PID: 467 (iptables)]: fd:3, level:0, optname:65
[   51.798667] firmadyne: sys_socket[PID: 468 (iptables)]: family:2, type:3, protocol:255
[   51.868135] firmadyne: sys_socket[PID: 469 (iptables)]: family:2, type:3, protocol:255
modprobe: could not parse modules.dep

[   51.986557] firmadyne: sys_socket[PID: 469 (iptables)]: family:2, type:3, protocol:255
iptables v1.2.9: can't initialize iptables table `nat': Table does not exist (do you need to insmod?)
Perhaps iptables or your kernel needs to be upgraded.
[   52.193278] firmadyne: sys_socket[PID: 473 (atp)]: family:1, type:2, protocol:0
[   52.317003] firmadyne: sys_socket[PID: 476 (iptables)]: family:2, type:3, protocol:255
[   52.388151] firmadyne: sys_socket[PID: 477 (iptables)]: family:2, type:3, protocol:255
[   52.395152] firmadyne: sys_setsockopt[PID: 477 (iptables)]: fd:3, level:0, optname:64
[   52.397104] firmadyne: sys_setsockopt[PID: 477 (iptables)]: fd:3, level:0, optname:65
[   52.465800] firmadyne: sys_socket[PID: 478 (iptables)]: family:2, type:3, protocol:255
[   52.472032] firmadyne: sys_setsockopt[PID: 478 (iptables)]: fd:3, level:0, optname:64
[   52.475986] firmadyne: sys_setsockopt[PID: 478 (iptables)]: fd:3, level:0, optname:65
[   52.540202] firmadyne: sys_socket[PID: 479 (iptables)]: family:2, type:3, protocol:255
[   52.546342] firmadyne: sys_setsockopt[PID: 479 (iptables)]: fd:3, level:0, optname:64
[   52.548249] firmadyne: sys_setsockopt[PID: 479 (iptables)]: fd:3, level:0, optname:65
[   52.612869] firmadyne: sys_socket[PID: 480 (iptables)]: family:2, type:3, protocol:255
modprobe: could not parse modules.dep

[   52.658636] firmadyne: sys_socket[PID: 480 (iptables)]: family:2, type:3, protocol:255
iptables v1.2.9: can't initialize iptables table `nat': Table does not exist (do you need to insmod?)
Perhaps iptables or your kernel needs to be upgraded.
[   52.744351] firmadyne: sys_socket[PID: 486 (iptables)]: family:2, type:3, protocol:255
modprobe: could not parse modules.dep

[   52.786519] firmadyne: sys_socket[PID: 486 (iptables)]: family:2, type:3, protocol:255
iptables v1.2.9: can't initialize iptables table `nat': Table does not exist (do you need to insmod?)
Perhaps iptables or your kernel needs to be upgraded.
[   53.096533] firmadyne: sys_socket[PID: 493 (atp)]: family:1, type:2, protocol:0
[   53.139971] firmadyne: sys_socket[PID: 492 (iptables)]: family:2, type:3, protocol:255
[   53.181610] firmadyne: sys_setsockopt[PID: 492 (iptables)]: fd:3, level:0, optname:64
[   53.198898] firmadyne: sys_setsockopt[PID: 492 (iptables)]: fd:3, level:0, optname:65
[   53.290448] firmadyne: sys_socket[PID: 494 (iptables)]: family:2, type:3, protocol:255
modprobe: could not parse modules.dep

[   53.331567] firmadyne: sys_socket[PID: 494 (iptables)]: family:2, type:3, protocol:255
iptables v1.2.9: can't initialize iptables table `nat': Table does not exist (do you need to insmod?)
Perhaps iptables or your kernel needs to be upgraded.
[   53.422040] firmadyne: sys_socket[PID: 500 (iptables)]: family:2, type:3, protocol:255
modprobe: could not parse modules.dep

[   53.466316] firmadyne: sys_socket[PID: 500 (iptables)]: family:2, type:3, protocol:255
iptables v1.2.9: can't initialize iptables table `nat': Table does not exist (do you need to insmod?)
Perhaps iptables or your kernel needs to be upgraded.
[   53.557534] firmadyne: sys_socket[PID: 506 (iptables)]: family:2, type:3, protocol:255
modprobe: could not parse modules.dep

[   53.598898] firmadyne: sys_socket[PID: 506 (iptables)]: family:2, type:3, protocol:255
iptables v1.2.9: can't initialize iptables table `nat': Table does not exist (do you need to insmod?)
Perhaps iptables or your kernel needs to be upgraded.
[   53.691778] firmadyne: sys_socket[PID: 512 (iptables)]: family:2, type:3, protocol:255
modprobe: could not parse modules.dep

[   53.767663] firmadyne: sys_socket[PID: 512 (iptables)]: family:2, type:3, protocol:255
iptables v1.2.9: can't initialize iptables table `nat': Table does not exist (do you need to insmod?)
Perhaps iptables or your kernel needs to be upgraded.
[   54.057914] firmadyne: sys_socket[PID: 518 (atp)]: family:1, type:2, protocol:0
[   54.137299] firmadyne: sys_socket[PID: 519 (iptables)]: family:2, type:3, protocol:255
modprobe: could not parse modules.dep

[   54.300478] firmadyne: sys_socket[PID: 519 (iptables)]: family:2, type:3, protocol:255
iptables v1.2.9: can't initialize iptables table `nat': Table does not exist (do you need to insmod?)
Perhaps iptables or your kernel needs to be upgraded.
[   54.653376] firmadyne: sys_socket[PID: 525 (iptables)]: family:2, type:3, protocol:255
modprobe: could not parse modules.dep

[   54.813866] firmadyne: sys_socket[PID: 525 (iptables)]: family:2, type:3, protocol:255
iptables v1.2.9: can't initialize iptables table `nat': Table does not exist (do you need to insmod?)
Perhaps iptables or your kernel needs to be upgraded.
[   55.177012] firmadyne: sys_socket[PID: 531 (iptables)]: family:2, type:3, protocol:255
modprobe: could not parse modules.dep

[   55.334576] firmadyne: sys_socket[PID: 531 (iptables)]: family:2, type:3, protocol:255
iptables v1.2.9: can't initialize iptables table `nat': Table does not exist (do you need to insmod?)
Perhaps iptables or your kernel needs to be upgraded.
[   55.699715] firmadyne: sys_socket[PID: 537 (iptables)]: family:2, type:3, protocol:255
modprobe: could not parse modules.dep

[   55.852461] firmadyne: sys_socket[PID: 537 (iptables)]: family:2, type:3, protocol:255
iptables v1.2.9: can't initialize iptables table `nat': Table does not exist (do you need to insmod?)
Perhaps iptables or your kernel needs to be upgraded.
[   56.225142] firmadyne: sys_socket[PID: 543 (iptables)]: family:2, type:3, protocol:255
modprobe: could not parse modules.dep

[   56.386596] firmadyne: sys_socket[PID: 543 (iptables)]: family:2, type:3, protocol:255
iptables v1.2.9: can't initialize iptables table `nat': Table does not exist (do you need to insmod?)
Perhaps iptables or your kernel needs to be upgraded.
[   56.748743] firmadyne: sys_socket[PID: 549 (iptables)]: family:2, type:3, protocol:255
modprobe: could not parse modules.dep

[   56.900203] firmadyne: sys_socket[PID: 549 (iptables)]: family:2, type:3, protocol:255
iptables v1.2.9: can't initialize iptables table `nat': Table does not exist (do you need to insmod?)
Perhaps iptables or your kernel needs to be upgraded.
[   57.041479] firmadyne: sys_socket[PID: 555 (iptables)]: family:2, type:3, protocol:255
modprobe: could not parse modules.dep

[   57.084288] firmadyne: sys_socket[PID: 555 (iptables)]: family:2, type:3, protocol:255
iptables v1.2.9: can't initialize iptables table `nat': Table does not exist (do you need to insmod?)
Perhaps iptables or your kernel needs to be upgraded.
[   57.174985] firmadyne: sys_socket[PID: 561 (iptables)]: family:2, type:3, protocol:255
modprobe: could not parse modules.dep

[   57.215894] firmadyne: sys_socket[PID: 561 (iptables)]: family:2, type:3, protocol:255
iptables v1.2.9: can't initialize iptables table `nat': Table does not exist (do you need to insmod?)
Perhaps iptables or your kernel needs to be upgraded.
[   57.308311] firmadyne: sys_socket[PID: 567 (iptables)]: family:2, type:3, protocol:255
[   57.314578] firmadyne: sys_setsockopt[PID: 567 (iptables)]: fd:3, level:0, optname:64
[   57.316554] firmadyne: sys_setsockopt[PID: 567 (iptables)]: fd:3, level:0, optname:65
[   57.386217] firmadyne: sys_socket[PID: 568 (iptables)]: family:2, type:3, protocol:255
[   57.392941] firmadyne: sys_setsockopt[PID: 568 (iptables)]: fd:3, level:0, optname:64
[   57.395277] firmadyne: sys_setsockopt[PID: 568 (iptables)]: fd:3, level:0, optname:65
[   57.476836] firmadyne: sys_socket[PID: 569 (iptables)]: family:2, type:3, protocol:255
[   57.502923] firmadyne: sys_setsockopt[PID: 569 (iptables)]: fd:3, level:0, optname:64
[   57.515316] firmadyne: sys_setsockopt[PID: 569 (iptables)]: fd:3, level:0, optname:65
[   57.777668] firmadyne: sys_socket[PID: 571 (atp)]: family:1, type:2, protocol:0
[   57.816711] firmadyne: sys_socket[PID: 570 (iptables)]: family:2, type:3, protocol:255
[   57.847220] firmadyne: sys_setsockopt[PID: 570 (iptables)]: fd:3, level:0, optname:64
[   57.851231] firmadyne: sys_setsockopt[PID: 570 (iptables)]: fd:3, level:0, optname:65
[   58.134694] firmadyne: sys_socket[PID: 572 (iptables)]: family:2, type:3, protocol:255
[   58.162872] firmadyne: sys_setsockopt[PID: 572 (iptables)]: fd:3, level:0, optname:64
[   58.175572] firmadyne: sys_setsockopt[PID: 572 (iptables)]: fd:3, level:0, optname:65
[   58.452541] firmadyne: sys_socket[PID: 573 (iptables)]: family:2, type:3, protocol:255
[   58.485156] firmadyne: sys_setsockopt[PID: 573 (iptables)]: fd:3, level:0, optname:64
[   58.499100] firmadyne: sys_setsockopt[PID: 573 (iptables)]: fd:3, level:0, optname:65
[   58.788122] firmadyne: sys_socket[PID: 574 (iptables)]: family:2, type:3, protocol:255
[   58.818341] firmadyne: sys_setsockopt[PID: 574 (iptables)]: fd:3, level:0, optname:64
[   58.835100] firmadyne: sys_setsockopt[PID: 574 (iptables)]: fd:3, level:0, optname:65
[   59.181075] firmadyne: sys_socket[PID: 575 (iptables)]: family:2, type:3, protocol:255
[   59.241470] firmadyne: sys_setsockopt[PID: 575 (iptables)]: fd:3, level:0, optname:64
iptables: Protocol wrong type for socket
[   59.353156] firmadyne: sys_socket[PID: 578 (iptables)]: family:2, type:3, protocol:255
modprobe: could not parse modules.dep

[   59.395048] firmadyne: sys_socket[PID: 578 (iptables)]: family:2, type:3, protocol:255
iptables v1.2.9: can't initialize iptables table `nat': Table does not exist (do you need to insmod?)
Perhaps iptables or your kernel needs to be upgraded.
[   59.503842] firmadyne: sys_socket[PID: 584 (iptables)]: family:2, type:3, protocol:255
modprobe: could not parse modules.dep

[   59.544512] firmadyne: sys_socket[PID: 584 (iptables)]: family:2, type:3, protocol:255
iptables v1.2.9: can't initialize iptables table `nat': Table does not exist (do you need to insmod?)
Perhaps iptables or your kernel needs to be upgraded.
[   59.662088] firmadyne: sys_socket[PID: 590 (iptables)]: family:2, type:3, protocol:255
modprobe: could not parse modules.dep

[   59.704842] firmadyne: sys_socket[PID: 590 (iptables)]: family:2, type:3, protocol:255
iptables v1.2.9: can't initialize iptables table `nat': Table does not exist (do you need to insmod?)
Perhaps iptables or your kernel needs to be upgraded.
[   59.989246] firmadyne: sys_socket[PID: 596 (iptables)]: family:2, type:3, protocol:255
modprobe: could not parse modules.dep

[   60.153946] firmadyne: sys_socket[PID: 596 (iptables)]: family:2, type:3, protocol:255
[   60.181458] firmadyne: sys_socket[PID: 597 (xgi)]: family:1, type:2, protocol:0
iptables v1.2.9: can't initialize iptables table `nat': Table does not exist (do you need to insmod?)
[   60.246565] firmadyne: sys_socket[PID: 597 (xgi)]: family:1, type:2, protocol:0
Perhaps iptables or your kernel needs to be upgraded.
[   60.291903] 
do_page_fault(): sending SIGSEGV to xgi for invalid read access from 79777a79
[   60.293421] epc = 7725dbf4 in libc.so.0[7720c000+63000]
[   60.296015] ra  = 77259178 in libc.so.0[7720c000+63000]
[   60.297591] 
[   60.314481] potentially unexpected fatal signal 11.
[   60.316098] CPU: 0 PID: 597 Comm: xgi Not tainted 4.1.17+ #1
[   60.317627] task: 8f1f6558 ti: 8f20e000 task.ti: 8f20e000
[   60.319310] $ 0   : 00000000 7726d374 ffffffff 00000054
[   60.321055] $ 4   : 7726cee0 79777a79 00000001 772b456c
[   60.323182] $ 8   : 00400f11 00000000 772f8138 77210f14
[   60.324893] $12   : 00000275 0b8da995 77213ed4 00400f09
[   60.327009] $16   : 7f88b1b0 00000002 7726cee0 00000005
[   60.328702] $20   : 004085f4 00000000 00000000 7f88a778
[   60.330767] $24   : 7720e7c4 7725dbd0                  
[   60.332442] $28   : 772b7460 7f88a2e8 00000000 77259178
[   60.334554] Hi    : 000000d2
[   60.335349] Lo    : 0002de65
[   60.336387] epc   : 7725dbf4 0x7725dbf4
[   60.337463] ra    : 77259178 0x77259178
[   60.338833] Status: 0000a413	USER EXL IE 
[   60.340140] Cause : 10800008
[   60.340944] BadVA : 79777a79
[   60.342215] PrId  : 00019300 (MIPS 24Kc)
[   60.471720] firmadyne: sys_socket[PID: 603 (iptables)]: family:2, type:3, protocol:255
modprobe: could not parse modules.dep

[   60.512455] firmadyne: sys_socket[PID: 603 (iptables)]: family:2, type:3, protocol:255
iptables v1.2.9: can't initialize iptables table `nat': Table does not exist (do you need to insmod?)
Perhaps iptables or your kernel needs to be upgraded.
[   60.611693] firmadyne: sys_socket[PID: 609 (iptables)]: family:2, type:3, protocol:255
modprobe: could not parse modules.dep

[   60.654564] firmadyne: sys_socket[PID: 609 (iptables)]: family:2, type:3, protocol:255
iptables v1.2.9: can't initialize iptables table `nat': Table does not exist (do you need to insmod?)
Perhaps iptables or your kernel needs to be upgraded.
[   60.772123] firmadyne: sys_socket[PID: 615 (iptables)]: family:2, type:3, protocol:255
modprobe: could not parse modules.dep

[   60.812885] firmadyne: sys_socket[PID: 615 (iptables)]: family:2, type:3, protocol:255
iptables v1.2.9: can't initialize iptables table `nat': Table does not exist (do you need to insmod?)
Perhaps iptables or your kernel needs to be upgraded.
[   60.979371] firmadyne: sys_socket[PID: 621 (iptables)]: family:2, type:3, protocol:255
modprobe: could not parse modules.dep

[   61.141859] firmadyne: sys_socket[PID: 621 (iptables)]: family:2, type:3, protocol:255
iptables v1.2.9: can't initialize iptables table `nat': Table does not exist (do you need to insmod?)[   61.221263] firmadyne: sys_socket[PID: 623 (atp)]: family:1, type:2, protocol:0

Perhaps iptables or your kernel needs to be upgraded.
[   61.584624] firmadyne: sys_socket[PID: 628 (iptables)]: family:2, type:3, protocol:255
modprobe: could not parse modules.dep

[   61.748503] firmadyne: sys_socket[PID: 628 (iptables)]: family:2, type:3, protocol:255
iptables v1.2.9: can't initialize iptables table `nat': Table does not exist (do you need to insmod?)
Perhaps iptables or your kernel needs to be upgraded.
[   62.140420] firmadyne: sys_socket[PID: 634 (iptables)]: family:2, type:3, protocol:255
modprobe: could not parse modules.dep

[   62.297021] firmadyne: sys_socket[PID: 634 (iptables)]: family:2, type:3, protocol:255
iptables v1.2.9: can't initialize iptables table `nat': Table does not exist (do you need to insmod?)
Perhaps iptables or your kernel needs to be upgraded.
[   62.789571] firmadyne: sys_socket[PID: 640 (iptables)]: family:2, type:3, protocol:255
modprobe: could not parse modules.dep

[   62.953815] firmadyne: sys_socket[PID: 640 (iptables)]: family:2, type:3, protocol:255
iptables v1.2.9: can't initialize iptables table `nat': Table does not exist (do you need to insmod?)
Perhaps iptables or your kernel needs to be upgraded.
[   63.402388] firmadyne: sys_socket[PID: 646 (iptables)]: family:2, type:3, protocol:255
modprobe: could not parse modules.dep

[   63.565765] firmadyne: sys_socket[PID: 646 (iptables)]: family:2, type:3, protocol:255
iptables v1.2.9: can't initialize iptables table `nat': Table does not exist (do you need to insmod?)
Perhaps iptables or your kernel needs to be upgraded.
[   64.034431] firmadyne: sys_socket[PID: 652 (iptables)]: family:2, type:3, protocol:255
modprobe: could not parse modules.dep

[   64.192195] firmadyne: sys_socket[PID: 652 (iptables)]: family:2, type:3, protocol:255
iptables v1.2.9: can't initialize iptables table `nat': Table does not exist (do you need to insmod?)
Perhaps iptables or your kernel needs to be upgraded.
[   64.617502] firmadyne: sys_socket[PID: 658 (iptables)]: family:2, type:3, protocol:255
modprobe: could not parse modules.dep

[   64.779517] firmadyne: sys_socket[PID: 658 (iptables)]: family:2, type:3, protocol:255
iptables v1.2.9: can't initialize iptables table `nat': Table does not exist (do you need to insmod?)
Perhaps iptables or your kernel needs to be upgraded.
[   65.248011] firmadyne: sys_socket[PID: 664 (iptables)]: family:2, type:3, protocol:255
modprobe: could not parse modules.dep

[   65.404570] firmadyne: sys_socket[PID: 664 (iptables)]: family:2, type:3, protocol:255
iptables v1.2.9: can't initialize iptables table `nat': Table does not exist (do you need to insmod?)
Perhaps iptables or your kernel needs to be upgraded.
[   65.837137] firmadyne: sys_socket[PID: 670 (iptables)]: family:2, type:3, protocol:255
modprobe: could not parse modules.dep

[   65.996810] firmadyne: sys_socket[PID: 670 (iptables)]: family:2, type:3, protocol:255
iptables v1.2.9: can't initialize iptables table `nat': Table does not exist (do you need to insmod?)
Perhaps iptables or your kernel needs to be upgraded.
[   66.460523] firmadyne: sys_socket[PID: 676 (iptables)]: family:2, type:3, protocol:255
modprobe: could not parse modules.dep

[   66.625879] firmadyne: sys_socket[PID: 676 (iptables)]: family:2, type:3, protocol:255
iptables v1.2.9: can't initialize iptables table `nat': Table does not exist (do you need to insmod?)
Perhaps iptables or your kernel needs to be upgraded.
[   67.054550] firmadyne: sys_socket[PID: 682 (iptables)]: family:2, type:3, protocol:255
modprobe: could not parse modules.dep

[   67.213868] firmadyne: sys_socket[PID: 682 (iptables)]: family:2, type:3, protocol:255
iptables v1.2.9: can't initialize iptables table `nat': Table does not exist (do you need to insmod?)
Perhaps iptables or your kernel needs to be upgraded.
[   67.678577] firmadyne: sys_socket[PID: 688 (iptables)]: family:2, type:3, protocol:255
modprobe: could not parse modules.dep

[   67.848782] firmadyne: sys_socket[PID: 688 (iptables)]: family:2, type:3, protocol:255
iptables v1.2.9: can't initialize iptables table `nat': Table does not exist (do you need to insmod?)
Perhaps iptables or your kernel needs to be upgraded.
[   68.283629] firmadyne: sys_socket[PID: 694 (iptables)]: family:2, type:3, protocol:255
modprobe: could not parse modules.dep

[   68.436189] firmadyne: sys_socket[PID: 694 (iptables)]: family:2, type:3, protocol:255
iptables v1.2.9: can't initialize iptables table `nat': Table does not exist (do you need to insmod?)
Perhaps iptables or your kernel needs to be upgraded.
[   68.910626] firmadyne: sys_socket[PID: 700 (iptables)]: family:2, type:3, protocol:255
modprobe: could not parse modules.dep

[   69.068406] firmadyne: sys_socket[PID: 700 (iptables)]: family:2, type:3, protocol:255
iptables v1.2.9: can't initialize iptables table `nat': Table does not exist (do you need to insmod?)
Perhaps iptables or your kernel needs to be upgraded.
[   69.492040] firmadyne: sys_socket[PID: 706 (iptables)]: family:2, type:3, protocol:255
modprobe: could not parse modules.dep

[   69.645807] firmadyne: sys_socket[PID: 706 (iptables)]: family:2, type:3, protocol:255
iptables v1.2.9: can't initialize iptables table `nat': Table does not exist (do you need to insmod?)
Perhaps iptables or your kernel needs to be upgraded.
[   70.134527] firmadyne: sys_socket[PID: 712 (iptables)]: family:2, type:3, protocol:255
modprobe: could not parse modules.dep

[   70.294821] firmadyne: sys_socket[PID: 712 (iptables)]: family:2, type:3, protocol:255
iptables v1.2.9: can't initialize iptables table `nat': Table does not exist (do you need to insmod?)
Perhaps iptables or your kernel needs to be upgraded.
[   70.719034] firmadyne: sys_socket[PID: 718 (iptables)]: family:2, type:3, protocol:255
modprobe: could not parse modules.dep

[   70.874835] firmadyne: sys_socket[PID: 718 (iptables)]: family:2, type:3, protocol:255
iptables v1.2.9: can't initialize iptables table `nat': Table does not exist (do you need to insmod?)
Perhaps iptables or your kernel needs to be upgraded.
[   71.360902] firmadyne: sys_socket[PID: 724 (iptables)]: family:2, type:3, protocol:255
modprobe: could not parse modules.dep

[   71.525810] firmadyne: sys_socket[PID: 724 (iptables)]: family:2, type:3, protocol:255
iptables v1.2.9: can't initialize iptables table `nat': Table does not exist (do you need to insmod?)
Perhaps iptables or your kernel needs to be upgraded.
[   71.976428] firmadyne: sys_socket[PID: 730 (iptables)]: family:2, type:3, protocol:255
modprobe: could not parse modules.dep

[   72.132089] firmadyne: sys_socket[PID: 730 (iptables)]: family:2, type:3, protocol:255
iptables v1.2.9: can't initialize iptables table `nat': Table does not exist (do you need to insmod?)
Perhaps iptables or your kernel needs to be upgraded.
[   72.608654] firmadyne: sys_socket[PID: 736 (portt)]: family:1, type:1, protocol:0
Using /lib/modules/sw_tcpip.o
insmod: Not configured to support old kernels
Using /lib/modules/ifresetcnt.o
insmod: Not configured to support old kernels
Using /lib/modules/ipt_string.o
insmod: Not configured to support old kernels
[   73.697615] firmadyne: sys_socket[PID: 745 (rgdb)]: family:1, type:2, protocol:0
/proc/sys/net/ipv4/ip_conntrack_max: cannot create
Using /lib/modules/ip_stun_func.o
insmod: Not configured to support old kernels
[   75.092228] firmadyne: sys_socket[PID: 749 (iptables)]: family:2, type:3, protocol:255
[   75.101428] firmadyne: sys_setsockopt[PID: 749 (iptables)]: fd:3, level:0, optname:64
[   75.104104] firmadyne: sys_setsockopt[PID: 749 (iptables)]: fd:3, level:0, optname:65
[   75.175464] firmadyne: sys_socket[PID: 750 (iptables)]: family:2, type:3, protocol:255
modprobe: could not parse modules.dep

[   75.218213] firmadyne: sys_socket[PID: 750 (iptables)]: family:2, type:3, protocol:255
iptables v1.2.9: can't initialize iptables table `nat': Table does not exist (do you need to insmod?)
Perhaps iptables or your kernel needs to be upgraded.
[   75.306225] firmadyne: sys_socket[PID: 756 (iptables)]: family:2, type:3, protocol:255
modprobe: could not parse modules.dep

[   75.348295] firmadyne: sys_socket[PID: 756 (iptables)]: family:2, type:3, protocol:255
iptables v1.2.9: can't initialize iptables table `nat': Table does not exist (do you need to insmod?)
Perhaps iptables or your kernel needs to be upgraded.
[   75.401179] firmadyne: sys_socket[PID: 762 (logger)]: family:1, type:1, protocol:0
[   75.479947] firmadyne: sys_socket[PID: 763 (iptables)]: family:2, type:3, protocol:255
[   75.488822] firmadyne: sys_setsockopt[PID: 763 (iptables)]: fd:3, level:0, optname:64
[   75.491486] firmadyne: sys_setsockopt[PID: 763 (iptables)]: fd:3, level:0, optname:65
[   75.558159] firmadyne: sys_socket[PID: 764 (iptables)]: family:2, type:3, protocol:255
[   75.567149] firmadyne: sys_setsockopt[PID: 764 (iptables)]: fd:3, level:0, optname:64
[   75.569549] firmadyne: sys_setsockopt[PID: 764 (iptables)]: fd:3, level:0, optname:65
[   75.681857] firmadyne: sys_socket[PID: 765 (logger)]: family:1, type:1, protocol:0
[   75.808015] firmadyne: sys_socket[PID: 767 (logger)]: family:1, type:1, protocol:0
[   75.921500] firmadyne: sys_socket[PID: 766 (atp)]: family:1, type:2, protocol:0
[   76.088691] firmadyne: sys_socket[PID: 768 (iptables)]: family:2, type:3, protocol:255
[   76.122366] firmadyne: sys_setsockopt[PID: 768 (iptables)]: fd:3, level:0, optname:64
[   76.139144] firmadyne: sys_setsockopt[PID: 768 (iptables)]: fd:3, level:0, optname:65
[   76.320672] firmadyne: sys_socket[PID: 769 (logger)]: family:1, type:1, protocol:0
[   76.520051] firmadyne: sys_socket[PID: 770 (logger)]: family:1, type:1, protocol:0
[   76.718895] firmadyne: sys_socket[PID: 771 (logger)]: family:1, type:1, protocol:0
[   77.320707] firmadyne: sys_socket[PID: 775 (iptables)]: family:2, type:3, protocol:255
[   77.352799] firmadyne: sys_setsockopt[PID: 775 (iptables)]: fd:3, level:0, optname:64
[   77.367119] firmadyne: sys_setsockopt[PID: 775 (iptables)]: fd:3, level:0, optname:65
[   77.633546] firmadyne: sys_socket[PID: 776 (iptables)]: family:2, type:3, protocol:255
modprobe: could not parse modules.dep

[   77.801109] firmadyne: sys_socket[PID: 776 (iptables)]: family:2, type:3, protocol:255
iptables v1.2.9: can't initialize iptables table `nat': Table does not exist (do you need to insmod?)
Perhaps iptables or your kernel needs to be upgraded.
sendto_unsock(/var/run/portt.unixsocket, flush)
[   78.143292] firmadyne: sys_socket[PID: 782 (trigger)]: family:1, type:1, protocol:0
/proc/sys/net/ipv4/arp_flood_burst: cannot create
/proc/sys/net/ipv4/arp_flood_cost: cannot create
start DNRD ...
[/etc/templates/dnrd.sh] ...
[   78.890962] firmadyne: sys_socket[PID: 789 (rgdb)]: family:1, type:2, protocol:0
[   79.058560] firmadyne: sys_socket[PID: 792 (rgdb)]: family:1, type:2, protocol:0
[   79.251021] firmadyne: sys_socket[PID: 793 (rgdb)]: family:1, type:2, protocol:0
[   79.665392] firmadyne: sys_socket[PID: 795 (atp)]: family:1, type:2, protocol:0
[/var/run/dnrd_start.sh] ...
Start DNRD ...
[   80.205723] firmadyne: sys_socket[PID: 798 (dnrd)]: family:2, type:1, protocol:0
[   80.222830] firmadyne: sys_setsockopt[PID: 798 (dnrd)]: fd:4, level:65535, optname:4
[   80.224831] firmadyne: inet_bind[PID: 798 (dnrd)]: proto:SOCK_DGRAM, port:53
[   80.239468] firmadyne: sys_socket[PID: 798 (dnrd)]: family:2, type:2, protocol:0
[   80.241731] firmadyne: sys_setsockopt[PID: 798 (dnrd)]: fd:5, level:65535, optname:4
[   80.256570] firmadyne: inet_bind[PID: 798 (dnrd)]: proto:SOCK_STREAM, port:53
Notice: caching turned off
[   80.700748] firmadyne: sys_socket[PID: 803 (rgdb)]: family:1, type:2, protocol:0
Start telnetd ...
[   81.876171] firmadyne: sys_socket[PID: 808 (rgdb)]: family:1, type:2, protocol:0
[   82.015110] firmadyne: sys_socket[PID: 809 (telnetd)]: family:2, type:2, protocol:0
[   82.016386] firmadyne: sys_setsockopt[PID: 809 (telnetd)]: fd:3, level:65535, optname:4
[   82.017558] firmadyne: sys_setsockopt[PID: 809 (telnetd)]: fd:3, level:65535, optname:25
[   82.027112] firmadyne: inet_bind[PID: 809 (telnetd)]: proto:SOCK_STREAM, port:23
[   82.072423] firmadyne: sys_socket[PID: 811 (rgdb)]: family:1, type:2, protocol:0
start UPNPD ...
[/etc/templates/upnpd.sh] ...
[   82.495158] firmadyne: sys_socket[PID: 816 (atp)]: family:1, type:2, protocol:0
[   82.633777] firmadyne: sys_socket[PID: 818 (rgdb)]: family:1, type:2, protocol:0
[   83.414488] firmadyne: sys_socket[PID: 821 (xmldbc)]: family:1, type:2, protocol:0
[   84.079606] firmadyne: sys_socket[PID: 822 (atp)]: family:1, type:2, protocol:0
[   84.265133] firmadyne: sys_socket[PID: 823 (xmldbc)]: family:1, type:2, protocol:0
