[    0.000000] Linux version 4.1.17+ (alessio@pc) (gcc version 5.5.0 20171010 (Ubuntu 5.5.0-12ubuntu1) ) #1 Mon May 15 23:04:08 CEST 2023
[    0.000000] earlycon: Early serial console at I/O port 0x3f8 (options '38400n8')
[    0.000000] bootconsole [uart0] enabled
[    0.000000] CPU0 revision is: 00019300 (MIPS 24Kc)
[    0.000000] FPU revision is: 00739300
[    0.000000] Software DMA cache coherency enabled
[    0.000000] Determined physical RAM map:
[    0.000000]  memory: 00001000 @ 00000000 (reserved)
[    0.000000]  memory: 000ef000 @ 00001000 (ROM data)
[    0.000000]  memory: 00798000 @ 000f0000 (reserved)
[    0.000000]  memory: 0f777000 @ 00888000 (usable)
[    0.000000] debug: ignoring loglevel setting.
[    0.000000] Wasting 69888 bytes for tracking 2184 unused pages
[    0.000000] Initrd not found or empty - disabling initrd
[    0.000000] Zone ranges:
[    0.000000]   DMA      [mem 0x0000000000000000-0x0000000000ffffff]
[    0.000000]   Normal   [mem 0x0000000001000000-0x000000000fffefff]
[    0.000000] Movable zone start for each node
[    0.000000] Early memory node ranges
[    0.000000]   node   0: [mem 0x0000000000000000-0x000000000fffefff]
[    0.000000] Initmem setup node 0 [mem 0x0000000000000000-0x000000000fffefff]
[    0.000000] On node 0 totalpages: 65535
[    0.000000] free_area_init_node: node 0, pgdat 8081d5b0, node_mem_map 81000000
[    0.000000]   DMA zone: 32 pages used for memmap
[    0.000000]   DMA zone: 0 pages reserved
[    0.000000]   DMA zone: 4096 pages, LIFO batch:0
[    0.000000]   Normal zone: 480 pages used for memmap
[    0.000000]   Normal zone: 61439 pages, LIFO batch:15
[    0.000000] Primary instruction cache 2kB, VIPT, 2-way, linesize 16 bytes.
[    0.000000] Primary data cache 2kB, 2-way, VIPT, no aliases, linesize 16 bytes
[    0.000000] pcpu-alloc: s0 r0 d32768 u32768 alloc=1*32768
[    0.000000] pcpu-alloc: [0] 0 
[    0.000000] Built 1 zonelists in Zone order, mobility grouping on.  Total pages: 65023
[    0.000000] Kernel command line: root=/dev/sda1 console=ttyS0 nandsim.parts=64,64,64,64,64,64,64,64,64,64 rdinit=/firmadyne/preInit.sh rw debug ignore_loglevel print-fatal-signals=1 FIRMAE_NET=true FIRMAE_NVRAM=true FIRMAE_KERNEL=true FIRMAE_ETC=true user_debug=0 firmadyne.syscall=1 noka
[    0.000000] found FIRMAE_KERNEL=t
[    0.000000] set the LD_PRELOAD=/firmadyne/libnvram_ioctl.so
[    0.000000] PID hash table entries: 1024 (order: 0, 4096 bytes)
[    0.000000] Dentry cache hash table entries: 32768 (order: 5, 131072 bytes)
[    0.000000] Inode-cache hash table entries: 16384 (order: 4, 65536 bytes)
[    0.000000] Writing ErrCtl register=00000000
[    0.000000] Readback ErrCtl register=00000000
[    0.000000] Memory: 251112K/262140K available (5360K kernel code, 244K rwdata, 1676K rodata, 260K init, 158K bss, 11028K reserved, 0K cma-reserved)
[    0.000000] NR_IRQS:256
[    0.000000] CPU frequency 200.01 MHz
[    0.000000] clocksource MIPS: mask: 0xffffffff max_cycles: 0xffffffff, max_idle_ns: 19112009515 ns
[    0.000207] sched_clock: 32 bits at 100MHz, resolution 9ns, wraps every 21474167803ns
[    0.015567] Console: colour dummy device 80x25
[    0.016826] Calibrating delay loop... 24.12 BogoMIPS (lpj=48256)
[    0.069322] pid_max: default: 32768 minimum: 301
[    0.073814] Mount-cache hash table entries: 1024 (order: 0, 4096 bytes)
[    0.074362] Mountpoint-cache hash table entries: 1024 (order: 0, 4096 bytes)
[    0.142405] clocksource jiffies: mask: 0xffffffff max_cycles: 0xffffffff, max_idle_ns: 7645041785100000 ns
[    0.154043] NET: Registered protocol family 16
[    0.449697] clocksource pit: mask: 0xffffffff max_cycles: 0xffffffff, max_idle_ns: 1601818034827 ns
[    0.612121] vgaarb: loaded
[    0.618073] SCSI subsystem initialized
[    0.620687] libata version 3.00 loaded.
[    0.625457] usbcore: registered new interface driver usbfs
[    0.626922] usbcore: registered new interface driver hub
[    0.628050] usbcore: registered new device driver usb
[    0.631011] pps_core: LinuxPPS API ver. 1 registered
[    0.631429] pps_core: Software ver. 5.3.6 - Copyright 2005-2007 Rodolfo Giometti <giometti@linux.it>
[    0.632399] PTP clock support registered
[    0.637562] PCI host bridge to bus 0000:00
[    0.638329] pci_bus 0000:00: root bus resource [mem 0x10000000-0x17ffffff]
[    0.638968] pci_bus 0000:00: root bus resource [io  0x1000-0x1fffff]
[    0.639590] pci_bus 0000:00: root bus resource [??? 0x00000000 flags 0x0]
[    0.640191] pci_bus 0000:00: No busn resource found for root bus, will use [bus 00-ff]
[    0.641682] pci 0000:00:00.0: [11ab:4620] type 00 class 0x060000
[    0.642640] pci 0000:00:00.0: [Firmware Bug]: reg 0x14: invalid BAR (can't size)
[    0.643254] pci 0000:00:00.0: [Firmware Bug]: reg 0x18: invalid BAR (can't size)
[    0.643853] pci 0000:00:00.0: [Firmware Bug]: reg 0x1c: invalid BAR (can't size)
[    0.644459] pci 0000:00:00.0: [Firmware Bug]: reg 0x20: invalid BAR (can't size)
[    0.645075] pci 0000:00:00.0: [Firmware Bug]: reg 0x24: invalid BAR (can't size)
[    0.649597] pci 0000:00:0a.0: [8086:7110] type 00 class 0x060100
[    0.653213] pci 0000:00:0a.1: [8086:7111] type 00 class 0x010180
[    0.654215] pci 0000:00:0a.1: reg 0x20: [io  0x0000-0x000f]
[    0.654839] pci 0000:00:0a.1: legacy IDE quirk: reg 0x10: [io  0x01f0-0x01f7]
[    0.655438] pci 0000:00:0a.1: legacy IDE quirk: reg 0x14: [io  0x03f6]
[    0.656025] pci 0000:00:0a.1: legacy IDE quirk: reg 0x18: [io  0x0170-0x0177]
[    0.656615] pci 0000:00:0a.1: legacy IDE quirk: reg 0x1c: [io  0x0376]
[    0.660121] pci 0000:00:0a.2: [8086:7112] type 00 class 0x0c0300
[    0.660835] pci 0000:00:0a.2: reg 0x20: [io  0x0000-0x001f]
[    0.664297] pci 0000:00:0a.3: [8086:7113] type 00 class 0x068000
[    0.665775] pci 0000:00:0a.3: quirk: [io  0x1000-0x103f] claimed by PIIX4 ACPI
[    0.666655] pci 0000:00:0a.3: quirk: [io  0x1100-0x110f] claimed by PIIX4 SMB
[    0.669999] pci 0000:00:12.0: [1013:00b8] type 00 class 0x030000
[    0.670806] pci 0000:00:12.0: reg 0x10: [mem 0x00000000-0x01ffffff pref]
[    0.671432] pci 0000:00:12.0: reg 0x14: [mem 0x00000000-0x00000fff]
[    0.672119] pci 0000:00:12.0: reg 0x30: [mem 0x00000000-0x0000ffff pref]
[    0.675086] vgaarb: device added: PCI:0000:00:12.0,decodes=io+mem,owns=none,locks=none
[    0.676405] pci 0000:00:13.0: [8086:100e] type 00 class 0x020000
[    0.677050] pci 0000:00:13.0: reg 0x10: [mem 0x00000000-0x0001ffff]
[    0.677633] pci 0000:00:13.0: reg 0x14: [io  0x0000-0x003f]
[    0.678286] pci 0000:00:13.0: reg 0x30: [mem 0x00000000-0x0003ffff pref]
[    0.681639] pci 0000:00:14.0: [8086:100e] type 00 class 0x020000
[    0.682276] pci 0000:00:14.0: reg 0x10: [mem 0x00000000-0x0001ffff]
[    0.682882] pci 0000:00:14.0: reg 0x14: [io  0x0000-0x003f]
[    0.683684] pci 0000:00:14.0: reg 0x30: [mem 0x00000000-0x0003ffff pref]
[    0.687061] pci 0000:00:15.0: [8086:100e] type 00 class 0x020000
[    0.687833] pci 0000:00:15.0: reg 0x10: [mem 0x00000000-0x0001ffff]
[    0.688426] pci 0000:00:15.0: reg 0x14: [io  0x0000-0x003f]
[    0.689078] pci 0000:00:15.0: reg 0x30: [mem 0x00000000-0x0003ffff pref]
[    0.692559] pci 0000:00:16.0: [8086:100e] type 00 class 0x020000
[    0.693225] pci 0000:00:16.0: reg 0x10: [mem 0x00000000-0x0001ffff]
[    0.693823] pci 0000:00:16.0: reg 0x14: [io  0x0000-0x003f]
[    0.694493] pci 0000:00:16.0: reg 0x30: [mem 0x00000000-0x0003ffff pref]
[    0.698160] pci_bus 0000:00: busn_res: [bus 00-ff] end is updated to 00
[    0.699888] pci 0000:00:12.0: BAR 0: assigned [mem 0x10000000-0x11ffffff pref]
[    0.700695] pci 0000:00:13.0: BAR 6: assigned [mem 0x12000000-0x1203ffff pref]
[    0.701413] pci 0000:00:14.0: BAR 6: assigned [mem 0x12040000-0x1207ffff pref]
[    0.702115] pci 0000:00:15.0: BAR 6: assigned [mem 0x12080000-0x120bffff pref]
[    0.702805] pci 0000:00:16.0: BAR 6: assigned [mem 0x120c0000-0x120fffff pref]
[    0.703487] pci 0000:00:13.0: BAR 0: assigned [mem 0x12100000-0x1211ffff]
[    0.704338] pci 0000:00:14.0: BAR 0: assigned [mem 0x12120000-0x1213ffff]
[    0.705001] pci 0000:00:15.0: BAR 0: assigned [mem 0x12140000-0x1215ffff]
[    0.705665] pci 0000:00:16.0: BAR 0: assigned [mem 0x12160000-0x1217ffff]
[    0.706343] pci 0000:00:12.0: BAR 6: assigned [mem 0x12180000-0x1218ffff pref]
[    0.707007] pci 0000:00:12.0: BAR 1: assigned [mem 0x12190000-0x12190fff]
[    0.707661] pci 0000:00:13.0: BAR 1: assigned [io  0x1040-0x107f]
[    0.708416] pci 0000:00:14.0: BAR 1: assigned [io  0x1080-0x10bf]
[    0.709024] pci 0000:00:15.0: BAR 1: assigned [io  0x10c0-0x10ff]
[    0.709636] pci 0000:00:16.0: BAR 1: assigned [io  0x1400-0x143f]
[    0.710247] pci 0000:00:0a.2: BAR 4: assigned [io  0x1440-0x145f]
[    0.710853] pci 0000:00:0a.1: BAR 4: assigned [io  0x1460-0x146f]
[    0.729968] cfg80211: Calling CRDA to update world regulatory domain
[    0.744752] Switched to clocksource MIPS
[    0.870367] NET: Registered protocol family 2
[    0.883717] TCP established hash table entries: 2048 (order: 1, 8192 bytes)
[    0.885158] TCP bind hash table entries: 2048 (order: 1, 8192 bytes)
[    0.886323] TCP: Hash tables configured (established 2048 bind 2048)
[    0.887459] UDP hash table entries: 256 (order: 0, 4096 bytes)
[    0.888199] UDP-Lite hash table entries: 256 (order: 0, 4096 bytes)
[    0.892524] NET: Registered protocol family 1
[    0.894510] PCI: Enabling device 0000:00:0a.2 (0000 -> 0001)
[    0.896126] PCI: CLS 0 bytes, default 16
[    0.931439] futex hash table entries: 256 (order: -1, 3072 bytes)
[    0.949707] squashfs: version 4.0 (2009/01/31) Phillip Lougher
[    0.952463] jffs2: version 2.2. (NAND) Â© 2001-2006 Red Hat, Inc.
[    0.956255] romfs: ROMFS MTD (C) 2007 Red Hat, Inc.
[    0.983033] Block layer SCSI generic (bsg) driver version 0.4 loaded (major 251)
[    0.983737] io scheduler noop registered
[    0.984508] io scheduler cfq registered (default)
[    0.985837] firmadyne: devfs: 1, execute: 1, procfs: 1, syscall: 1
[    0.991985] firmadyne: Cannot register character device: gpio, 0xfc, 0x0!
[    1.001552] firmadyne: Cannot register character device: watchdog, 0xa, 0x82!
[    1.002093] firmadyne: Cannot register character device: wdt, 0xfd, 0x0!
[    2.873699] strName = 4.1.17+
[    2.873699] init_task_addr  = 2155778944
[    2.873699] init_task_size  = 1296
[    2.873699] ts_tasks        = 292
[    2.873699] ts_pid          = 408
[    2.873699] ts_tgid         = 412
[    2.873699] ts_group_leader = 440
[    2.873699] ts_thread_group = 496
[    2.873699] ts_real_parent  = 416
[    2.873699] ts_mm           = 300
[    2.873699] ts_stack        = 4
[    2.876145] module_name   = 12
[    2.876145] module_size   = 208
[    2.876145] module_init   = 200
[    2.876145] module_list   = 4
[    2.877350] ts_real_cred    = 624
[    2.877350] ts_cred         = 628
[    2.877350] ts_comm         = 632
[    2.877350] cred_uid        = 4
[    2.877350] cred_gid        = 8
[    2.877350] cred_euid       = 20
[    2.877350] cred_egid       = 24
[    2.878961] mm_mmap         = 0
[    2.878961] mm_pgd          = 32
[    2.878961] mm_arg_start    = 136
[    2.878961] mm_start_brk    = 124
[    2.878961] mm_brk          = 128
[    2.878961] mm_start_stack  = 132
[    2.880370] vma_vm_start    = 0
[    2.880370] vma_vm_end      = 4
[    2.880370] vma_vm_next     = 8
[    2.880370] vma_vm_file     = 80
[    2.880370] vma_vm_flags    = 40
[    2.880370] vma_vm_pgoff    = 76
[    2.882076] file_dentry     = 12
[    2.882076] file_inode      = 40
[    2.882076] dentry_d_name   = 24
[    2.882076] dentry_d_iname  = 44
[    2.882076] dentry_d_parent = 16
[    2.882076] ti_task         = 0
[    2.882076] inode_ino   = 28
[    4.054206] proc_fork_connector  = 2151078840
[    4.054584] proc_exit_connector  = 2151080432
[    4.054929] proc_exec_connector  = 2151079052
[    4.055263] vma_link  = 2149124372
[    4.055552] vma_adjust  = 2149124540
[    4.055849] remove_vma  = 2149122188
[    4.056151] modules  = 2155833724
[    4.056441] trim_init_extable  = 2150545316
[    4.057936] cfg80211: Calling CRDA to update world regulatory domain
[    4.061635] PCI: Enabling device 0000:00:12.0 (0000 -> 0002)
[    4.063089] cirrusfb 0000:00:12.0: Cirrus Logic chipset on PCI bus, RAM (4096 kB) at 0x10000000
[    4.313933] Console: switching to colour frame buffer device 80x30
[    4.398570] Serial: 8250/16550 driver, 4 ports, IRQ sharing enabled
[    4.414418] console [ttyS0] disabled
[    4.442389] serial8250.0: ttyS0 at I/O 0x3f8 (irq = 4, base_baud = 115200) is a 16550A
[    4.443618] console [ttyS0] enabled
[    4.443618] console [ttyS0] enabled
[    4.444241] bootconsole [uart0] disabled
[    4.444241] bootconsole [uart0] disabled
[    4.476435] serial8250.0: ttyS1 at I/O 0x2f8 (irq = 3, base_baud = 115200) is a 16550A
[    4.615229] brd: module loaded
[    4.688344] loop: module loaded
[    4.696177] ata_piix 0000:00:0a.1: version 2.13
[    4.697008] PCI: Enabling device 0000:00:0a.1 (0000 -> 0001)
[    4.726867] scsi host0: ata_piix
[    4.733440] scsi host1: ata_piix
[    4.737917] ata1: PATA max UDMA/33 cmd 0x1f0 ctl 0x3f6 bmdma 0x1460 irq 14
[    4.738511] ata2: PATA max UDMA/33 cmd 0x170 ctl 0x376 bmdma 0x1468 irq 15
[    4.746558] [nandsim] warning: read_byte: unexpected data output cycle, state is STATE_READY return 0x0
[    4.747249] [nandsim] warning: read_byte: unexpected data output cycle, state is STATE_READY return 0x0
[    4.747899] [nandsim] warning: read_byte: unexpected data output cycle, state is STATE_READY return 0x0
[    4.748557] [nandsim] warning: read_byte: unexpected data output cycle, state is STATE_READY return 0x0
[    4.749443] [nandsim] warning: read_byte: unexpected data output cycle, state is STATE_READY return 0x0
[    4.750103] [nandsim] warning: read_byte: unexpected data output cycle, state is STATE_READY return 0x0
[    4.750957] nand: device found, Manufacturer ID: 0x98, Chip ID: 0x39
[    4.751450] nand: Toshiba NAND 128MiB 1,8V 8-bit
[    4.751911] nand: 128 MiB, SLC, erase size: 16 KiB, page size: 512, OOB size: 16
[    4.753934] flash size: 128 MiB
[    4.754240] page size: 512 bytes
[    4.754536] OOB area size: 16 bytes
[    4.754847] sector size: 16 KiB
[    4.755134] pages number: 262144
[    4.755427] pages per sector: 32
[    4.755714] bus width: 8
[    4.755977] bits in sector size: 14
[    4.756281] bits in page size: 9
[    4.756577] bits in OOB size: 4
[    4.757076] flash size with OOB: 135168 KiB
[    4.757421] page address bytes: 4
[    4.757723] sector address bytes: 3
[    4.758034] options: 0x42
[    4.857164] Scanning device for bad blocks
[    6.270839] ata1.01: NODEV after polling detection
[    6.271748] ata2.01: NODEV after polling detection
[    6.279075] ata1.00: ATA-7: QEMU HARDDISK, 2.5+, max UDMA/100
[    6.279617] ata1.00: 2097152 sectors, multi 16: LBA48 
[    6.281788] ata2.00: ATAPI: QEMU DVD-ROM, 2.5+, max UDMA/100
[    6.285108] ata2.00: configured for UDMA/33
[    6.288692] ata1.00: configured for UDMA/33
[    6.297845] scsi 0:0:0:0: Direct-Access     ATA      QEMU HARDDISK    2.5+ PQ: 0 ANSI: 5
[    6.315929] sd 0:0:0:0: [sda] 2097152 512-byte logical blocks: (1.07 GB/1.00 GiB)
[    6.317934] scsi 1:0:0:0: CD-ROM            QEMU     QEMU DVD-ROM     2.5+ PQ: 0 ANSI: 5
[    6.332674] sd 0:0:0:0: [sda] Write Protect is off
[    6.333446] sd 0:0:0:0: [sda] Mode Sense: 00 3a 00 00
[    6.335192] sd 0:0:0:0: [sda] Write cache: enabled, read cache: enabled, doesn't support DPO or FUA
[    6.347938]  sda: sda1
[    6.362377] sd 0:0:0:0: [sda] Attached SCSI disk
[    6.363011] Creating 11 MTD partitions on "NAND 128MiB 1,8V 8-bit":
[    6.363736] 0x000000000000-0x000000100000 : "NAND simulator partition 0"
[    6.376577] 0x000000100000-0x000000200000 : "NAND simulator partition 1"
[    6.389985] 0x000000200000-0x000000300000 : "NAND simulator partition 2"
[    6.402597] 0x000000300000-0x000000400000 : "NAND simulator partition 3"
[    6.415105] 0x000000400000-0x000000500000 : "NAND simulator partition 4"
[    6.427545] 0x000000500000-0x000000600000 : "NAND simulator partition 5"
[    6.440424] 0x000000600000-0x000000700000 : "NAND simulator partition 6"
[    6.453501] 0x000000700000-0x000000800000 : "NAND simulator partition 7"
[    6.466334] 0x000000800000-0x000000900000 : "NAND simulator partition 8"
[    6.478372] 0x000000900000-0x000000a00000 : "NAND simulator partition 9"
[    6.490660] 0x000000a00000-0x000008000000 : "NAND simulator partition 10"
[    6.543898] tun: Universal TUN/TAP device driver, 1.6
[    6.544321] tun: (C) 1999-2004 Max Krasnyansky <maxk@qualcomm.com>
[    6.548428] pcnet32: pcnet32.c:v1.35 21.Apr.2008 tsbogend@alpha.franken.de
[    6.550126] e1000: Intel(R) PRO/1000 Network Driver - version 7.3.21-k8-NAPI
[    6.550640] e1000: Copyright (c) 1999-2006 Intel Corporation.
[    6.551713] PCI: Enabling device 0000:00:13.0 (0000 -> 0003)
[    6.883499] e1000 0000:00:13.0 eth0: (PCI:33MHz:32-bit) 52:54:00:12:34:56
[    6.884278] e1000 0000:00:13.0 eth0: Intel(R) PRO/1000 Network Connection
[    6.885280] PCI: Enabling device 0000:00:14.0 (0000 -> 0003)
[    7.216661] e1000 0000:00:14.0 eth1: (PCI:33MHz:32-bit) 52:54:00:12:34:57
[    7.217543] e1000 0000:00:14.0 eth1: Intel(R) PRO/1000 Network Connection
[    7.218454] PCI: Enabling device 0000:00:15.0 (0000 -> 0003)
[    7.220486] cfg80211: Calling CRDA to update world regulatory domain
[    7.545301] e1000 0000:00:15.0 eth2: (PCI:33MHz:32-bit) 52:54:00:12:34:58
[    7.545935] e1000 0000:00:15.0 eth2: Intel(R) PRO/1000 Network Connection
[    7.546737] PCI: Enabling device 0000:00:16.0 (0000 -> 0003)
[    7.875458] e1000 0000:00:16.0 eth3: (PCI:33MHz:32-bit) 52:54:00:12:34:59
[    7.876146] e1000 0000:00:16.0 eth3: Intel(R) PRO/1000 Network Connection
[    7.878068] e1000e: Intel(R) PRO/1000 Network Driver - 2.3.2-k
[    7.878542] e1000e: Copyright(c) 1999 - 2014 Intel Corporation.
[    7.884254] PPP generic driver version 2.4.2
[    7.887080] PPP Deflate Compression module registered
[    7.887874] PPP MPPE Compression module registered
[    7.888374] NET: Registered protocol family 24
[    7.889460] ehci_hcd: USB 2.0 'Enhanced' Host Controller (EHCI) Driver
[    7.890088] ehci-pci: EHCI PCI platform driver
[    7.891504] ohci_hcd: USB 1.1 'Open' Host Controller (OHCI) Driver
[    7.892097] ohci-pci: OHCI PCI platform driver
[    7.893656] uhci_hcd: USB Universal Host Controller Interface driver
[    7.895673] uhci_hcd 0000:00:0a.2: UHCI Host Controller
[    7.896637] uhci_hcd 0000:00:0a.2: new USB bus registered, assigned bus number 1
[    7.898080] uhci_hcd 0000:00:0a.2: irq 11, io base 0x00001440
[    7.913616] hub 1-0:1.0: USB hub found
[    7.914574] hub 1-0:1.0: 2 ports detected
[    7.926559] usbcore: registered new interface driver usb-storage
[    7.931915] mousedev: PS/2 mouse device common for all mice
[    7.939997] rtc_cmos rtc_cmos: rtc core: registered rtc_cmos as rtc0
[    7.941100] rtc_cmos rtc_cmos: alarms up to one day, 242 bytes nvram
[    7.942913] i2c /dev entries driver
[    7.944489] piix4_smbus 0000:00:0a.3: SMBus Host Controller at 0x1100, revision 0
[    7.950518] sdhci: Secure Digital Host Controller Interface driver
[    7.950985] sdhci: Copyright(c) Pierre Ossman
[    7.954060] hidraw: raw HID events driver (C) Jiri Kosina
[    7.977889] usbcore: registered new interface driver usbhid
[    7.978311] usbhid: USB HID core driver
[    7.979644] Netfilter messages via NETLINK v0.30.
[    7.981428] nf_conntrack version 0.5.0 (3923 buckets, 15692 max)
[    7.985586] ctnetlink v0.93: registering with nfnetlink.
[    7.992886] ipip: IPv4 over IPv4 tunneling driver
[    8.008306] ip_tables: (C) 2000-2006 Netfilter Core Team
[    8.012006] arp_tables: (C) 2002 David S. Miller
[    8.014456] Initializing XFRM netlink socket
[    8.015981] NET: Registered protocol family 10
[    8.043388] ip6_tables: (C) 2000-2006 Netfilter Core Team
[    8.048189] sit: IPv6 over IPv4 tunneling driver
[    8.070442] NET: Registered protocol family 17
[    8.071575] bridge: automatic filtering via arp/ip/ip6tables has been deprecated. Update your scripts to load br_netfilter if you need this.
[    8.073096] Bridge firewalling registered
[    8.073645] Ebtables v2.0 registered
[    8.077766] 8021q: 802.1Q VLAN Support v1.8
[    8.105209] rtc_cmos rtc_cmos: setting system clock to 2025-07-28 01:13:16 UTC (1753665196)
[    8.131672] EXT2-fs (sda1): warning: mounting unchecked fs, running e2fsck is recommended
[    8.134325] VFS: Mounted root (ext2 filesystem) on device 8:1.
[    8.145966] Freeing YAMON memory: 956k freed
[    8.159677] Freeing unused kernel memory: 260K (8081f000 - 80860000)
[    8.275189] firmadyne: sys_reboot[PID: 48 (init)]: magic1:fee1dead, magic2:28121969, cmd:0
init started:  BusyBox v1.00 (2009.03.06-06:20+0000) multi-call binary
init started:  BusyBox v1.00 (2009.03.06-06:20+0000) multi-call binary
Starting pid 50, console /dev/ttyS0: '/usr/etc/rcS'
[    8.581933] firmadyne: do_execve: /firmadyne/console
[    8.582694] OFFSETS: offset of pid: 0x198 offset of comm: 0x278
[    8.757050] spurious 8259A interrupt: IRQ7.
[   10.365167] cfg80211: Calling CRDA to update world regulatory domain
insmod: cannot open module `/lib/modules/vnet.ko': No such file or directory
[   12.979592] random: nonblocking pool is initialized
[   13.012960] firmadyne: ioctl: 0x1
insmod finish
BcmAtm_Initialize: open error 6
/usr/sbin/atmctl: ATM driver return code, state error
BcmAdsl : open error 6
/usr/sbin/adslctl: BcmAdsl_Initialize error
BcmAdsl : open error 6
/usr/sbin/adslctl->ConnectionHandler: BcmAdsl_ConnectionStart error
BcmAtm_Initialize: open error 6
ATM Operation Failed , 2 
/usr/sbin/atmctl: ATM driver return code, state error
[   13.449869] firmadyne: sys_socket[PID: 103 (brctl)]: family:2, type:2, protocol:0
[   13.509148] cfg80211: Calling CRDA to update world regulatory domain
[   13.526219] firmadyne: sys_socket[PID: 104 (brctl)]: family:2, type:2, protocol:0
[   13.584359] firmadyne: sys_socket[PID: 105 (ifconfig)]: family:2, type:1, protocol:0
[   13.599029] IPv6: ADDRCONF(NETDEV_UP): eth0: link is not ready
[   13.599707] 8021q: adding VLAN 0 to HW filter on device eth0
[   13.605723] e1000: eth0 NIC Link is Up 1000 Mbps Full Duplex, Flow Control: RX
[   13.607770] IPv6: ADDRCONF(NETDEV_CHANGE): eth0: link becomes ready
[   13.668270] firmadyne: sys_socket[PID: 106 (brctl)]: family:2, type:2, protocol:0
[   13.670092] firmadyne: sys_socket[PID: 106 (brctl)]: family:10, type:1, protocol:0
[   13.672295] firmadyne: br_add_if[PID: 106 (brctl)]: br:br0 dev:eth0
[   13.679155] device eth0 entered promiscuous mode
[   13.740750] firmadyne: sys_socket[PID: 107 (ifconfig)]: family:2, type:1, protocol:0
[   13.753335] IPv6: ADDRCONF(NETDEV_UP): eth1: link is not ready
[   13.753984] 8021q: adding VLAN 0 to HW filter on device eth1
[   13.759109] e1000: eth1 NIC Link is Up 1000 Mbps Full Duplex, Flow Control: RX
[   13.760367] IPv6: ADDRCONF(NETDEV_CHANGE): eth1: link becomes ready
[   13.817940] firmadyne: sys_socket[PID: 108 (brctl)]: family:2, type:2, protocol:0
[   13.819600] firmadyne: sys_socket[PID: 108 (brctl)]: family:10, type:1, protocol:0
[   13.821612] firmadyne: br_add_if[PID: 108 (brctl)]: br:br0 dev:eth1
[   13.827248] device eth1 entered promiscuous mode
[   13.948503] firmadyne: sys_socket[PID: 110 (ifconfig)]: family:2, type:1, protocol:0
[   13.951662] firmadyne: __inet_insert_ifa[PID: 110 (ifconfig)]: device:lo ifa:0x7f000001
[   13.955404] firmadyne: __inet_insert_ifa[PID: 110 (ifconfig)]: device:lo ifa:0x7f000001
[   14.026251] firmadyne: sys_socket[PID: 111 (route)]: family:2, type:1, protocol:0
[   14.334639] firmadyne: sys_socket[PID: 114 (klogd)]: family:1, type:1, protocol:0
[   14.336682] firmadyne: sys_socket[PID: 114 (klogd)]: family:1, type:2, protocol:0
[   14.349680] firmadyne: sys_socket[PID: 114 (klogd)]: family:1, type:1, protocol:0
[   14.351146] firmadyne: sys_socket[PID: 114 (klogd)]: family:1, type:2, protocol:0
[   14.358386] firmadyne: sys_socket[PID: 114 (klogd)]: family:1, type:1, protocol:0
[   14.359846] firmadyne: sys_socket[PID: 114 (klogd)]: family:1, type:2, protocol:0
[   14.371298] firmadyne: sys_socket[PID: 114 (klogd)]: family:1, type:1, protocol:0
[   14.372766] firmadyne: sys_socket[PID: 114 (klogd)]: family:1, type:2, protocol:0
[   14.383160] firmadyne: sys_socket[PID: 114 (klogd)]: family:1, type:1, protocol:0
[   14.384587] firmadyne: sys_socket[PID: 114 (klogd)]: family:1, type:2, protocol:0
[   14.387917] firmadyne: sys_socket[PID: 114 (klogd)]: family:1, type:1, protocol:0
[   14.389496] firmadyne: sys_socket[PID: 114 (klogd)]: family:1, type:2, protocol:0
[   14.392389] firmadyne: sys_socket[PID: 114 (klogd)]: family:1, type:1, protocol:0
[   14.401601] firmadyne: sys_socket[PID: 114 (klogd)]: family:1, type:2, protocol:0
[   14.404481] firmadyne: sys_socket[PID: 114 (klogd)]: family:1, type:1, protocol:0
[   14.413513] firmadyne: sys_socket[PID: 114 (klogd)]: family:1, type:2, protocol:0
[   14.416386] firmadyne: sys_socket[PID: 114 (klogd)]: family:1, type:1, protocol:0
[   14.421512] firmadyne: sys_socket[PID: 114 (klogd)]: family:1, type:2, protocol:0
[   14.424380] firmadyne: sys_socket[PID: 114 (klogd)]: family:1, type:1, protocol:0
[   14.433695] firmadyne: sys_socket[PID: 114 (klogd)]: family:1, type:2, protocol:0
[   14.436526] firmadyne: sys_socket[PID: 114 (klogd)]: family:1, type:1, protocol:0
nvram_init: Initializing NVRAM...
sem_get: Key: 41012003
[   14.445603] firmadyne: sys_socket[PID: 114 (klogd)]: family:1, type:2, protocol:0
[   14.448525] firmadyne: sys_socket[PID: 114 (klogd)]: family:1, type:1, protocol:0
[   14.450443] firmadyne: sys_socket[PID: 114 (klogd)]: family:1, type:2, protocol:0
[   14.453491] firmadyne: sys_socket[PID: 114 (klogd)]: family:1, type:1, protocol:0
[   14.454907] firmadyne: sys_socket[PID: 114 (klogd)]: family:1, type:2, protocol:0
sem_get: Key: 410f00aa
nvram_set_default_builtin: Setting built-in default values!
[   14.470491] firmadyne: sys_socket[PID: 114 (klogd)]: family:1, type:1, protocol:0
[   14.471994] firmadyne: sys_socket[PID: 114 (klogd)]: family:1, type:2, protocol:0
[   14.476622] firmadyne: sys_socket[PID: 114 (klogd)]: family:1, type:1, protocol:0
[   14.478878] firmadyne: sys_socket[PID: 114 (klogd)]: family:1, type:2, protocol:0
nvram_set: console_loglevel = "7"
sem_get: Key: 410f00aa
[   14.490352] firmadyne: sys_socket[PID: 114 (klogd)]: family:1, type:1, protocol:0
[   14.491821] firmadyne: sys_socket[PID: 114 (klogd)]: family:1, type:2, protocol:0
sem_get: Key: 410f00aa
[   14.499054] firmadyne: sys_socket[PID: 114 (klogd)]: family:1, type:1, protocol:0
[   14.500491] firmadyne: sys_socket[PID: 114 (klogd)]: family:1, type:2, protocol:0
nvram_set: restore_defaults = "1"
sem_get: Key: 410f00aa
[   14.511182] firmadyne: sys_socket[PID: 114 (klogd)]: family:1, type:1, protocol:0
[   14.512641] firmadyne: sys_socket[PID: 114 (klogd)]: family:1, type:2, protocol:0
[   14.516030] firmadyne: sys_socket[PID: 114 (klogd)]: family:1, type:1, protocol:0
sem_get: Key: 410f00aa
[   14.521525] firmadyne: sys_socket[PID: 114 (klogd)]: family:1, type:2, protocol:0
[   14.524398] firmadyne: sys_socket[PID: 114 (klogd)]: family:1, type:1, protocol:0
nvram_set: sku_name = ""
sem_get: Key: 410f00aa
sem_get: Key: 410f00aa
[   14.533679] firmadyne: sys_socket[PID: 114 (klogd)]: family:1, type:2, protocol:0
[   14.536581] firmadyne: sys_socket[PID: 114 (klogd)]: family:1, type:1, protocol:0
nvram_set: wla_wlanstate = ""
sem_get: Key: 410f00aa
sem_get[   14.545996] firmadyne: sys_socket[PID: 114 (klogd)]: family:1, type:2, protocol:0
[   14.549347] firmadyne: sys_socket[PID: 114 (klogd)]: family:1, type:1, protocol:0
[   14.550786] firmadyne: sys_socket[PID: 114 (klogd)]: family:1, type:2, protocol:0
: Key: 410f00aa
nvram_set: lan_if[   14.557961] firmadyne: sys_socket[PID: 114 (klogd)]: family:1, type:1, protocol:0
[   14.559439] firmadyne: sys_socket[PID: 114 (klogd)]: family:1, type:2, protocol:0
 = "br0"
sem_get: Key: 410f00aa
[   14.566741] firmadyne: sys_socket[PID: 114 (klogd)]: family:1, type:1, protocol:0
[   14.568190] firmadyne: sys_socket[PID: 114 (klogd)]: family:1, type:2, protocol:0
sem_get: Key: 410f00aa
[   14.575010] firmadyne: sys_socket[PID: 114 (klogd)]: family:1, type:1, protocol:0
[   14.576447] firmadyne: sys_socket[PID: 114 (klogd)]: family:1, type:2, protocol:0
nvram_set: lan_ipaddr = "192.168.0.50"
sem_get: Key: 410f00aa
sem_get[   14.587204] firmadyne: sys_socket[PID: 114 (klogd)]: family:1, type:1, protocol:0
[   14.588693] firmadyne: sys_socket[PID: 114 (klogd)]: family:1, type:2, protocol:0
: Key: 410f00aa
nvram_set: lan_bipaddr = "192.168.0.255"
sem_get: Key: 410f00aa[   14.599095] firmadyne: sys_socket[PID: 114 (klogd)]: family:1, type:1, protocol:0
[   14.600535] firmadyne: sys_socket[PID: 114 (klogd)]: family:1, type:2, protocol:0
[   14.603915] firmadyne: sys_socket[PID: 114 (klogd)]: family:1, type:1, protocol:0

sem_get: Key: 410f00aa
[   14.609690] firmadyne: sys_socket[PID: 114 (klogd)]: family:1, type:2, protocol:0
[   14.612631] firmadyne: sys_socket[PID: 114 (klogd)]: family:1, type:1, protocol:0
nvram_set: lan_netmask = "255.255.255.0"
sem_get: Key: 410f00aa
[   14.621621] firmadyne: sys_socket[PID: 114 (klogd)]: family:1, type:2, protocol:0
[   14.624546] firmadyne: sys_socket[PID: 114 (klogd)]: family:1, type:1, protocol:0
sem_get: Key: 410f00aa
nvram_set: time_zone = "PST8PDT"
sem_get: Key: [   14.636003] firmadyne: sys_socket[PID: 114 (klogd)]: family:1, type:2, protocol:0
[   14.639358] firmadyne: sys_socket[PID: 114 (klogd)]: family:1, type:1, protocol:0
[   14.640821] firmadyne: sys_socket[PID: 114 (klogd)]: family:1, type:2, protocol:0
410f00aa
sem_get: Key: 410f00aa
nvram_set: wan_hwaddr_def[   14.651075] firmadyne: sys_socket[PID: 114 (klogd)]: family:1, type:1, protocol:0
[   14.652513] firmadyne: sys_socket[PID: 114 (klogd)]: family:1, type:2, protocol:0
[   14.655818] firmadyne: sys_socket[PID: 114 (klogd)]: family:1, type:1, protocol:0
[   14.657416] firmadyne: sys_socket[PID: 114 (klogd)]: family:1, type:2, protocol:0
[   14.660197] firmadyne: sys_socket[PID: 114 (klogd)]: family:1, type:1, protocol:0
 = "01:23:45:67:89:ab"
sem_get: Key: 410f00aa
sem_get: Key: 410f00aa
[   14.669568] firmadyne: sys_socket[PID: 114 (klogd)]: family:1, type:2, protocol:0
[   14.672402] firmadyne: sys_socket[PID: 114 (klogd)]: family:1, type:1, protocol:0
nvram_set: wan_ifname = "eth0"
sem_get: Key: 410f00aa
[   14.681592] firmadyne: sys_socket[PID: 114 (klogd)]: family:1, type:2, protocol:0
[   14.684404] firmadyne: sys_socket[PID: 114 (klogd)]: family:1, type:1, protocol:0
sem_get: Key: 410f00aa
nvram_set: lan_ifnames = "eth1 eth2 eth3 eth4"
sem_get: Key: [   14.693866] firmadyne: sys_socket[PID: 114 (klogd)]: family:1, type:2, protocol:0
[   14.696781] firmadyne: sys_socket[PID: 114 (klogd)]: family:1, type:1, protocol:0
[   14.698631] firmadyne: sys_socket[PID: 114 (klogd)]: family:1, type:2, protocol:0
[   14.701659] firmadyne: sys_socket[PID: 114 (klogd)]: family:1, type:1, protocol:0
[   14.703076] firmadyne: sys_socket[PID: 114 (klogd)]: family:1, type:2, protocol:0
410f00aa
sem_get: Key: 410f00aa
nvram_set: ethConver = "1[   14.714042] firmadyne: sys_socket[PID: 114 (klogd)]: family:1, type:1, protocol:0
[   14.715509] firmadyne: sys_socket[PID: 114 (klogd)]: family:1, type:2, protocol:0
"
sem_get: Key: 410f00aa
[   14.722670] firmadyne: sys_socket[PID: 114 (klogd)]: family:1, type:1, protocol:0
[   14.724113] firmadyne: sys_socket[PID: 114 (klogd)]: family:1, type:2, protocol:0
sem_get: Key: 410f00aa
nvram_set[   14.731191] firmadyne: sys_socket[PID: 114 (klogd)]: family:1, type:1, protocol:0
[   14.732635] firmadyne: sys_socket[PID: 114 (klogd)]: family:1, type:2, protocol:0
: lan_proto = "dhcp"
sem_get: Key: 410f00aa
sem_get: Key: 410f00aa
[   14.743230] firmadyne: sys_socket[PID: 114 (klogd)]: family:1, type:1, protocol:0
[   14.744718] firmadyne: sys_socket[PID: 114 (klogd)]: family:1, type:2, protocol:0
nvram_set: wan_ipaddr = "0.0.0.0"
sem_get: Key: 410f00aa
[   14.754939] firmadyne: sys_socket[PID: 114 (klogd)]: family:1, type:1, protocol:0
[   14.756365] firmadyne: sys_socket[PID: 114 (klogd)]: family:1, type:2, protocol:0
[   14.759687] firmadyne: sys_socket[PID: 114 (klogd)]: family:1, type:1, protocol:0
sem_get: Key: 410f00aa
nvram_set[   14.765789] firmadyne: sys_socket[PID: 114 (klogd)]: family:1, type:2, protocol:0
[   14.768529] firmadyne: sys_socket[PID: 114 (klogd)]: family:1, type:1, protocol:0
: wan_netmask = "255.255.255.0"
sem_get: Key: 410f00aa
sem_get: Key: 410f00aa
[   14.777815] firmadyne: sys_socket[PID: 114 (klogd)]: family:1, type:2, protocol:0
[   14.780634] firmadyne: sys_socket[PID: 114 (klogd)]: family:1, type:1, protocol:0
[   14.782482] firmadyne: sys_socket[PID: 114 (klogd)]: family:1, type:2, protocol:0
[   14.785511] firmadyne: sys_socket[PID: 114 (klogd)]: family:1, type:1, protocol:0
[   14.786927] firmadyne: sys_socket[PID: 114 (klogd)]: family:1, type:2, protocol:0
nvram_set: wanif = "eth0"
sem_get: Key: 410f00aa
sem_get: Key: [   14.798344] firmadyne: sys_socket[PID: 114 (klogd)]: family:1, type:1, protocol:0
[   14.799812] firmadyne: sys_socket[PID: 114 (klogd)]: family:1, type:2, protocol:0
410f00aa
nvram_set: time_zone_x = "[   14.807244] firmadyne: sys_socket[PID: 114 (klogd)]: family:1, type:1, protocol:0
[   14.808704] firmadyne: sys_socket[PID: 114 (klogd)]: family:1, type:2, protocol:0
0"
sem_get: Key: 410f00aa
sem_get: Key: 410f00aa
[   14.818996] firmadyne: sys_socket[PID: 114 (klogd)]: family:1, type:1, protocol:0
[   14.820448] firmadyne: sys_socket[PID: 114 (klogd)]: family:1, type:2, protocol:0
nvram_set: rip_multicast = "0"
sem_get: Key: 410f00aa
sem_get: Key: [   14.830941] firmadyne: sys_socket[PID: 114 (klogd)]: family:1, type:1, protocol:0
[   14.832366] firmadyne: sys_socket[PID: 114 (klogd)]: family:1, type:2, protocol:0
[   14.835604] firmadyne: sys_socket[PID: 114 (klogd)]: family:1, type:1, protocol:0
410f00aa
nvram_set: bs_trustedip_enable = "[   14.842175] firmadyne: sys_socket[PID: 114 (klogd)]: family:1, type:2, protocol:0
[   14.845294] firmadyne: sys_socket[PID: 114 (klogd)]: family:1, type:1, protocol:0
[   14.846711] firmadyne: sys_socket[PID: 114 (klogd)]: family:1, type:2, protocol:0
0"
sem_get: Key: 410f00aa
sem_get: Key: 410f00aa
nvram_set[   14.857906] firmadyne: sys_socket[PID: 114 (klogd)]: family:1, type:1, protocol:0
[   14.859369] firmadyne: sys_socket[PID: 114 (klogd)]: family:1, type:2, protocol:0
: et0macaddr = "01:23:45:67:89:ab"
sem_get: Key: 410f00aa[   14.866457] firmadyne: sys_socket[PID: 114 (klogd)]: family:1, type:1, protocol:0
[   14.867905] firmadyne: sys_socket[PID: 114 (klogd)]: family:1, type:2, protocol:0

sem_get: Key: 410f00aa
[   14.876167] firmadyne: sys_socket[PID: 114 (klogd)]: family:1, type:1, protocol:0
[   14.877874] firmadyne: sys_socket[PID: 114 (klogd)]: family:1, type:2, protocol:0
[   14.880632] firmadyne: sys_socket[PID: 114 (klogd)]: family:1, type:1, protocol:0
nvram_set: filter_rule_tbl = ""
sem_get: Key: 410f00aa[   14.889550] firmadyne: sys_socket[PID: 114 (klogd)]: family:1, type:2, protocol:0
[   14.892352] firmadyne: sys_socket[PID: 114 (klogd)]: family:1, type:1, protocol:0

sem_get: Key: 410f00aa
nvram_set: pppoe2_schedule_config = "127:0:0:23:59"
[   14.901973] firmadyne: sys_socket[PID: 114 (klogd)]: family:1, type:2, protocol:0
[   14.904809] firmadyne: sys_socket[PID: 114 (klogd)]: family:1, type:1, protocol:0
sem_get: Key: 410f00aa
sem_get: Key: 410f00aa
nvram_set[   14.913806] firmadyne: sys_socket[PID: 114 (klogd)]: family:1, type:2, protocol:0
[   14.916618] firmadyne: sys_socket[PID: 114 (klogd)]: family:1, type:1, protocol:0
[   14.918464] firmadyne: sys_socket[PID: 114 (klogd)]: family:1, type:2, protocol:0
[   14.921477] firmadyne: sys_socket[PID: 114 (klogd)]: family:1, type:1, protocol:0
[   14.922897] firmadyne: sys_socket[PID: 114 (klogd)]: family:1, type:2, protocol:0
: schedule_config = "127:0:0:23:59"
sem_get: Key: 410f00aa
sem_get: Key: 410f00aa
[   14.934143] firmadyne: sys_socket[PID: 114 (klogd)]: family:1, type:1, protocol:0
[   14.935616] firmadyne: sys_socket[PID: 114 (klogd)]: family:1, type:2, protocol:0
nvram_set: access_control_mode = "0"
[   14.943023] firmadyne: sys_socket[PID: 114 (klogd)]: family:1, type:1, protocol:0
[   14.944451] firmadyne: sys_socket[PID: 114 (klogd)]: family:1, type:2, protocol:0
sem_get: Key: 410f00aa
[   14.951032] firmadyne: sys_socket[PID: 114 (klogd)]: family:1, type:1, protocol:0
[   14.952559] firmadyne: sys_socket[PID: 114 (klogd)]: family:1, type:2, protocol:0
sem_get: Key: 410f00aa
nvram_set: fwpt_df_count = "0"
sem_get: Key: [   14.963159] firmadyne: sys_socket[PID: 114 (klogd)]: family:1, type:1, protocol:0
[   14.964583] firmadyne: sys_socket[PID: 114 (klogd)]: family:1, type:2, protocol:0
410f00aa
sem_get: Key: [   14.971429] firmadyne: sys_socket[PID: 114 (klogd)]: family:1, type:1, protocol:0
410f00aa
nvram_set: static_if_status = "[   14.977422] firmadyne: sys_socket[PID: 114 (klogd)]: family:1, type:2, protocol:0
[   14.980270] firmadyne: sys_socket[PID: 114 (klogd)]: family:1, type:1, protocol:0
1"
sem_get: Key: 410f00aa
[   14.985735] firmadyne: sys_socket[PID: 114 (klogd)]: family:1, type:2, protocol:0
[   14.988537] firmadyne: sys_socket[PID: 114 (klogd)]: family:1, type:1, protocol:0
sem_get: Key: 410f00aa
nvram_set: www_relocation = ""
sem_get: Key: [   14.997864] firmadyne: sys_socket[PID: 114 (klogd)]: family:1, type:2, protocol:0
[   15.000687] firmadyne: sys_socket[PID: 114 (klogd)]: family:1, type:1, protocol:0
[   15.002540] firmadyne: sys_socket[PID: 114 (klogd)]: family:1, type:2, protocol:0
[   15.005559] firmadyne: sys_socket[PID: 114 (klogd)]: family:1, type:1, protocol:0
[   15.006974] firmadyne: sys_socket[PID: 114 (klogd)]: family:1, type:2, protocol:0
410f00aa
sem_get: Key: 410f00aa
nvram_set: usb_info_dev0 = "A200396E0402FF83@1@14.4G@U@1@USB_Storage;U:;0;0@[   15.018290] firmadyne: sys_socket[PID: 114 (klogd)]: family:1, type:1, protocol:0
[   15.019769] firmadyne: sys_socket[PID: 114 (klogd)]: family:1, type:2, protocol:0
"
sem_get: Key: 410f00aa
[   15.026721] firmadyne: sys_socket[PID: 114 (klogd)]: family:1, type:1, protocol:0
[   15.028148] firmadyne: sys_socket[PID: 114 (klogd)]: family:1, type:2, protocol:0
sem_get: Key: 410f00aa
nvram_set: usb_info_dev1 = "A200396E0402FF83@1@14.4G@U@1@USB_Storage;U:;0;0@"
sem_get: Key: [   15.039274] firmadyne: sys_socket[PID: 114 (klogd)]: family:1, type:1, protocol:0
[   15.040730] firmadyne: sys_socket[PID: 114 (klogd)]: family:1, type:2, protocol:0
410f00aa
sem_get: Key: 410f00aa
nvram_set: usb_info_dev2[   15.051377] firmadyne: sys_socket[PID: 114 (klogd)]: family:1, type:1, protocol:0
[   15.053043] firmadyne: sys_socket[PID: 114 (klogd)]: family:1, type:2, protocol:0
[   15.056024] firmadyne: sys_socket[PID: 114 (klogd)]: family:1, type:1, protocol:0
[   15.057676] firmadyne: sys_socket[PID: 114 (klogd)]: family:1, type:2, protocol:0
[   15.060415] firmadyne: sys_socket[PID: 114 (klogd)]: family:1, type:1, protocol:0
 = "A200396E0402FF83@1@14.4G@U@1@USB_Storage;U:;0;0@"
sem_get: Key: 410f00aa
sem_get: Key: 410f00aa
[   15.069563] firmadyne: sys_socket[PID: 114 (klogd)]: family:1, type:2, protocol:0
[   15.072370] firmadyne: sys_socket[PID: 114 (klogd)]: family:1, type:1, protocol:0
nvram_set: usb_info_dev3 = "A200396E0402FF83@1@14.4G@U@1@USB_Storage;U:;0;0@"
sem_get: Key: 410f00aa
[   15.081882] firmadyne: sys_socket[PID: 114 (klogd)]: family:1, type:2, protocol:0
[   15.084862] firmadyne: sys_socket[PID: 114 (klogd)]: family:1, type:1, protocol:0
sem_get: Key: 410f00aa
nvram_set: usb_info_dev4 = "A200396E0402FF83@1@14.4G@U@1@USB_Storage;U:;0;0@"
[   15.093827] firmadyne: sys_socket[PID: 114 (klogd)]: family:1, type:2, protocol:0
[   15.096668] firmadyne: sys_socket[PID: 114 (klogd)]: family:1, type:1, protocol:0
[   15.098518] firmadyne: sys_socket[PID: 114 (klogd)]: family:1, type:2, protocol:0
sem_get: Key: 410f00aa
sem_get: Key: 410f00aa
nvram_set: usb_info_dev5 = "A200396E0402FF83@1@14.4G@U@1@USB_Storage;U:;0;0@"
sem_get: Key: 410f00aa
sem_get: Key: 410f00aa
nvram_set[   15.129767] firmadyne: sys_socket[PID: 114 (klogd)]: family:1, type:1, protocol:0
[   15.131277] firmadyne: sys_socket[PID: 114 (klogd)]: family:1, type:2, protocol:0
[   15.134632] firmadyne: sys_socket[PID: 114 (klogd)]: family:1, type:1, protocol:0
[   15.136078] firmadyne: sys_socket[PID: 114 (klogd)]: family:1, type:2, protocol:0
: usb_info_dev6 = "A200396E0402FF83@1@14.4G@U@1@USB_Storage;U:;0;0@"
sem_get: Key: 410f00aa
sem_get: Key: 410f00aa
[   15.147235] firmadyne: sys_socket[PID: 114 (klogd)]: family:1, type:1, protocol:0
[   15.148726] firmadyne: sys_socket[PID: 114 (klogd)]: family:1, type:2, protocol:0
nvram_set: usb_info_dev7 = "A200396E0402FF83@1@14.4G@U@1@USB_Storage;U:;0;0@"
sem_get: Key: 410f00aa
[   15.159257] firmadyne: sys_socket[PID: 114 (klogd)]: family:1, type:1, protocol:0
[   15.160723] firmadyne: sys_socket[PID: 114 (klogd)]: family:1, type:2, protocol:0
[   15.164074] firmadyne: sys_socket[PID: 114 (klogd)]: family:1, type:1, protocol:0
[   15.165773] firmadyne: sys_socket[PID: 114 (klogd)]: family:1, type:2, protocol:0
[   15.168627] firmadyne: sys_socket[PID: 114 (klogd)]: family:1, type:1, protocol:0
sem_get: Key: 410f00aa
nvram_set: usb_info_dev8 = "A200396E0402FF83@1@14.4G@U@1@USB_Storage;U:;0;0@"
[   15.177653] firmadyne: sys_socket[PID: 114 (klogd)]: family:1, type:2, protocol:0
[   15.180593] firmadyne: sys_socket[PID: 114 (klogd)]: family:1, type:1, protocol:0
sem_get: Key: 410f00aa
sem_get: Key: 410f00aa
nvram_set[   15.189969] firmadyne: sys_socket[PID: 114 (klogd)]: family:1, type:2, protocol:0
: usb_info_dev9 = "A200396E0402FF83@1@14.4G@U@1@USB_Storage;U:;0;0@"
sem_get: Key: 410f00aa[   15.197345] firmadyne: sys_socket[PID: 114 (klogd)]: family:1, type:1, protocol:0
[   15.198838] firmadyne: sys_socket[PID: 114 (klogd)]: family:1, type:2, protocol:0

sem_get: Key: 410f00aa
[   15.206187] firmadyne: sys_socket[PID: 114 (klogd)]: family:1, type:1, protocol:0
[   15.207653] firmadyne: sys_socket[PID: 114 (klogd)]: family:1, type:2, protocol:0
nvram_set: usb_info_dev10 = "A200396E0402FF83@1@14.4G@U@1@USB_Storage;U:;0;0@[   15.214967] firmadyne: sys_socket[PID: 114 (klogd)]: family:1, type:1, protocol:0
[   15.216388] firmadyne: sys_socket[PID: 114 (klogd)]: family:1, type:2, protocol:0
"
sem_get: Key: 410f00aa
[   15.223001] firmadyne: sys_socket[PID: 114 (klogd)]: family:1, type:1, protocol:0
[   15.224418] firmadyne: sys_socket[PID: 114 (klogd)]: family:1, type:2, protocol:0
sem_get: Key: 410f00aa
[   15.230960] firmadyne: sys_socket[PID: 114 (klogd)]: family:1, type:1, protocol:0
[   15.232380] firmadyne: sys_socket[PID: 114 (klogd)]: family:1, type:2, protocol:0
nvram_set: usb_info_dev11 = "A200396E0402FF83@1@14.4G@U@1@USB_Storage;U:;0;0@"
sem_get: Key: 410f00aa
[   15.243018] firmadyne: sys_socket[PID: 114 (klogd)]: family:1, type:1, protocol:0
[   15.244440] firmadyne: sys_socket[PID: 114 (klogd)]: family:1, type:2, protocol:0
sem_get: Key: 410f00aa
nvram_set: usb_info_dev12 = "A200396E0402FF83@1@14.4G@U@1@USB_Storage;U:;0;0@"
sem_get: Key: [   15.255087] firmadyne: sys_socket[PID: 114 (klogd)]: family:1, type:1, protocol:0
[   15.256509] firmadyne: sys_socket[PID: 114 (klogd)]: family:1, type:2, protocol:0
[   15.259913] firmadyne: sys_socket[PID: 114 (klogd)]: family:1, type:1, protocol:0
[   15.261531] firmadyne: sys_socket[PID: 114 (klogd)]: family:1, type:2, protocol:0
[   15.264366] firmadyne: sys_socket[PID: 114 (klogd)]: family:1, type:1, protocol:0
410f00aa
sem_get: Key: 410f00aa
nvram_set: usb_info_dev13 = "[   15.274601] firmadyne: sys_socket[PID: 114 (klogd)]: family:1, type:2, protocol:0
[   15.277901] firmadyne: sys_socket[PID: 114 (klogd)]: family:1, type:1, protocol:0
[   15.279323] firmadyne: sys_socket[PID: 114 (klogd)]: family:1, type:2, protocol:0
A200396E0402FF83@1@14.4G@U@1@USB_Storage;U:;0;0@"
sem_get: Key: 410f00aa
sem_get: Key: 410f00aa
[   15.290387] firmadyne: sys_socket[PID: 114 (klogd)]: family:1, type:1, protocol:0
[   15.291796] firmadyne: sys_socket[PID: 114 (klogd)]: family:1, type:2, protocol:0
nvram_set: usb_info_dev14 = "A200396E0402FF83@1@14.4G@U@1@USB_Storage;U:;0;0@"
sem_get[   15.299028] firmadyne: sys_socket[PID: 114 (klogd)]: family:1, type:1, protocol:0
[   15.300458] firmadyne: sys_socket[PID: 114 (klogd)]: family:1, type:2, protocol:0
: Key: 410f00aa
sem_get: Key: 410f00aa
nvram_set[   15.311382] firmadyne: sys_socket[PID: 114 (klogd)]: family:1, type:1, protocol:0
[   15.313058] firmadyne: sys_socket[PID: 114 (klogd)]: family:1, type:2, protocol:0
: usb_info_dev15 = "A200396E0402FF83@1@14.4G@U@1@USB_Storage;U:;0;0@"
sem_get: Key: 410f00aa
sem_get: Key: [   15.323009] firmadyne: sys_socket[PID: 114 (klogd)]: family:1, type:1, protocol:0
[   15.324434] firmadyne: sys_socket[PID: 114 (klogd)]: family:1, type:2, protocol:0
[   15.327773] firmadyne: sys_socket[PID: 114 (klogd)]: family:1, type:1, protocol:0
[   15.329361] firmadyne: sys_socket[PID: 114 (klogd)]: family:1, type:2, protocol:0
[   15.332206] firmadyne: sys_socket[PID: 114 (klogd)]: family:1, type:1, protocol:0
410f00aa
nvram_set: usb_info_dev16 = "A200396E0402FF83@1@14.4G@U@1@USB_Storage;U:;0;0@"
sem_get: Key: 410f00aa
[   15.341886] firmadyne: sys_socket[PID: 114 (klogd)]: family:1, type:2, protocol:0
[   15.344821] firmadyne: sys_socket[PID: 114 (klogd)]: family:1, type:1, protocol:0
sem_get: Key: 410f00aa
nvram_set: usb_info_dev17 = "A200396E0402FF83@1@14.4G@U@1@USB_Storage;U:;0;0@"
[   15.354109] firmadyne: sys_socket[PID: 114 (klogd)]: family:1, type:2, protocol:0
sem_get: Key: 410f00aa
sem_get: Key: [   15.361768] firmadyne: sys_socket[PID: 114 (klogd)]: family:1, type:1, protocol:0
[   15.363240] firmadyne: sys_socket[PID: 114 (klogd)]: family:1, type:2, protocol:0
[   15.366559] firmadyne: sys_socket[PID: 114 (klogd)]: family:1, type:1, protocol:0
[   15.367995] firmadyne: sys_socket[PID: 114 (klogd)]: family:1, type:2, protocol:0
410f00aa
nvram_set: usb_info_dev18[   15.375227] firmadyne: sys_socket[PID: 114 (klogd)]: family:1, type:1, protocol:0
[   15.376682] firmadyne: sys_socket[PID: 114 (klogd)]: family:1, type:2, protocol:0
 = "A200396E0402FF83@1@14.4G@U@1@USB_Storage;U:;0;0@"
sem_get: Key: 410f00aa
sem_get: Key: 410f00aa
[   15.387033] firmadyne: sys_socket[PID: 114 (klogd)]: family:1, type:1, protocol:0
[   15.388511] firmadyne: sys_socket[PID: 114 (klogd)]: family:1, type:2, protocol:0
nvram_set: usb_info_dev19 = "A200396E0402FF83@1@14.4G@U@1@USB_Storage;U:;0;0@"
sem_get: Key: 410f00aa
[   15.399153] firmadyne: sys_socket[PID: 114 (klogd)]: family:1, type:1, protocol:0
[   15.400602] firmadyne: sys_socket[PID: 114 (klogd)]: family:1, type:2, protocol:0
[   15.403933] firmadyne: sys_socket[PID: 114 (klogd)]: family:1, type:1, protocol:0
[   15.405576] firmadyne: sys_socket[PID: 114 (klogd)]: family:1, type:2, protocol:0
[   15.408433] firmadyne: sys_socket[PID: 114 (klogd)]: family:1, type:1, protocol:0
sem_get: Key: 410f00aa
nvram_set: usb_info_dev20 = "A200396E0402FF83@1@14.4G@U@1@USB_Storage;U:;0;0@"
sem_get: Key: 410f00aa
sem_get: Key: 410f00aa[   15.421833] firmadyne: sys_socket[PID: 114 (klogd)]: family:1, type:2, protocol:0
[   15.424807] firmadyne: sys_socket[PID: 114 (klogd)]: family:1, type:1, protocol:0

nvram_set: usb_info_dev21 = "A200396E0402FF83@1@14.4G@U@1@USB_Storage;U:;0;0@"
sem_get: Key: 410f00aa
[   15.433652] firmadyne: sys_socket[PID: 114 (klogd)]: family:1, type:2, protocol:0
[   15.436570] firmadyne: sys_socket[PID: 114 (klogd)]: family:1, type:1, protocol:0
[   15.438502] firmadyne: sys_socket[PID: 114 (klogd)]: family:1, type:2, protocol:0
[   15.441589] firmadyne: sys_socket[PID: 114 (klogd)]: family:1, type:1, protocol:0
[   15.443008] firmadyne: sys_socket[PID: 114 (klogd)]: family:1, type:2, protocol:0
sem_get: Key: 410f00aa
nvram_set: usb_info_dev22 = "A200396E0402FF83@1@14.4G@U@1@USB_Storage;U:;0;0@"
[   15.454105] firmadyne: sys_socket[PID: 114 (klogd)]: family:1, type:1, protocol:0
[   15.455610] firmadyne: sys_socket[PID: 114 (klogd)]: family:1, type:2, protocol:0
sem_get: Key: 410f00aa
sem_get[   15.463121] firmadyne: sys_socket[PID: 114 (klogd)]: family:1, type:1, protocol:0
[   15.464559] firmadyne: sys_socket[PID: 114 (klogd)]: family:1, type:2, protocol:0
: Key: 410f00aa
nvram_set: usb_info_dev23 = "A200396E0402FF83@1@14.4G@U@1@USB_Storage;U:;0;0@"
sem_get: Key: 410f00aa[   15.476285] firmadyne: sys_socket[PID: 114 (klogd)]: family:1, type:1, protocol:0
[   15.478189] firmadyne: sys_socket[PID: 114 (klogd)]: family:1, type:2, protocol:0

sem_get: Key: 410f00aa
[   15.485621] firmadyne: sys_socket[PID: 114 (klogd)]: family:1, type:1, protocol:0
[   15.487162] firmadyne: sys_socket[PID: 114 (klogd)]: family:1, type:2, protocol:0
nvram_set: usb_info_dev24 = "A200396E0402FF83@1@14.4G@U@1@USB_Storage;U:;0;0@[   15.495383] firmadyne: sys_socket[PID: 114 (klogd)]: family:1, type:1, protocol:0
"
sem_get: Key: 410f00aa
[   15.501316] firmadyne: sys_socket[PID: 114 (klogd)]: family:1, type:2, protocol:0
[   15.504311] firmadyne: sys_socket[PID: 114 (klogd)]: family:1, type:1, protocol:0
sem_get: Key: 410f00aa
[   15.509527] firmadyne: sys_socket[PID: 114 (klogd)]: family:1, type:2, protocol:0
[   15.512439] firmadyne: sys_socket[PID: 114 (klogd)]: family:1, type:1, protocol:0
nvram_set: usb_info_dev25 = "A200396E0402FF83@1@14.4G@U@1@USB_Storage;U:;0;0@"
sem_get: Key: 410f00aa
sem_get: Key: [   15.521976] firmadyne: sys_socket[PID: 114 (klogd)]: family:1, type:2, protocol:0
[   15.525317] firmadyne: sys_socket[PID: 114 (klogd)]: family:1, type:1, protocol:0
[   15.526739] firmadyne: sys_socket[PID: 114 (klogd)]: family:1, type:2, protocol:0
410f00aa
nvram_set: usb_info_dev26 = "[   15.534156] firmadyne: sys_socket[PID: 114 (klogd)]: family:1, type:1, protocol:0
[   15.535624] firmadyne: sys_socket[PID: 114 (klogd)]: family:1, type:2, protocol:0
A200396E0402FF83@1@14.4G@U@1@USB_Storage;U:;0;0@"
sem_get: Key: 410f00aa
[   15.542843] firmadyne: sys_socket[PID: 114 (klogd)]: family:1, type:1, protocol:0
[   15.544271] firmadyne: sys_socket[PID: 114 (klogd)]: family:1, type:2, protocol:0
sem_get: Key: 410f00aa
nvram_set: usb_info_dev27 = "A200396E0402FF83@1@14.4G@U@1@USB_Storage;U:;0;0@"
[   15.555023] firmadyne: sys_socket[PID: 114 (klogd)]: family:1, type:1, protocol:0
[   15.556552] firmadyne: sys_socket[PID: 114 (klogd)]: family:1, type:2, protocol:0
sem_get: Key: 410f00aa
sem_get: Key: 410f00aa
nvram_set: [   15.567413] firmadyne: sys_socket[PID: 114 (klogd)]: family:1, type:1, protocol:0
[   15.569272] firmadyne: sys_socket[PID: 114 (klogd)]: family:1, type:2, protocol:0
[   15.572135] firmadyne: sys_socket[PID: 114 (klogd)]: family:1, type:1, protocol:0
usb_info_dev28 = "A200396E0402FF83@1@14.4G@U@1@USB_Storage;U:;0;0@"
sem_get: Key: 410f00aa[   15.577706] firmadyne: sys_socket[PID: 114 (klogd)]: family:1, type:2, protocol:0
[   15.580680] firmadyne: sys_socket[PID: 114 (klogd)]: family:1, type:1, protocol:0

sem_get: Key: 410f00aa
nvram_set: usb_info_dev29 = "[   15.589552] firmadyne: sys_socket[PID: 114 (klogd)]: family:1, type:2, protocol:0
[   15.592452] firmadyne: sys_socket[PID: 114 (klogd)]: family:1, type:1, protocol:0
A200396E0402FF83@1@14.4G@U@1@USB_Storage;U:;0;0@"
sem_get: Key: 410f00aa
sem_get: Key: 410f00aa
[   15.601562] firmadyne: sys_socket[PID: 114 (klogd)]: family:1, type:2, protocol:0
[   15.604466] firmadyne: sys_socket[PID: 114 (klogd)]: family:1, type:1, protocol:0
[   15.607642] firmadyne: sys_socket[PID: 114 (klogd)]: family:1, type:2, protocol:0
nvram_set: usb_info_dev30 = "A200396E0402FF83@1@14.4G@U@1@USB_Storage;U:;0;0@"
sem_get: Key: 410f00aa
sem_get: Key: 410f00aa
nvram_set: usb_info_dev31 = "A200396E0402FF83@1@14.4G@U@1@USB_Storage;U:;0;0@"
sem_get: Key: 410f00aa
[   15.637438] firmadyne: sys_socket[PID: 114 (klogd)]: family:1, type:1, protocol:0
[   15.638907] firmadyne: sys_socket[PID: 114 (klogd)]: family:1, type:2, protocol:0
sem_get: Key: 410f00aa
[   15.646115] firmadyne: sys_socket[PID: 114 (klogd)]: family:1, type:1, protocol:0
[   15.647583] firmadyne: sys_socket[PID: 114 (klogd)]: family:1, type:2, protocol:0
nvram_set: usb_info_dev32 = "A200396E0402FF83@1@14.4G@U@1@USB_Storage;U:;0;0@"
sem_get[   15.655069] firmadyne: sys_socket[PID: 114 (klogd)]: family:1, type:1, protocol:0
[   15.656544] firmadyne: sys_socket[PID: 114 (klogd)]: family:1, type:2, protocol:0
: Key: 410f00aa
sem_get[   15.663464] firmadyne: sys_socket[PID: 114 (klogd)]: family:1, type:1, protocol:0
: Key: 410f00aa
nvram_set: [   15.669130] firmadyne: sys_socket[PID: 114 (klogd)]: family:1, type:2, protocol:0
[   15.672081] firmadyne: sys_socket[PID: 114 (klogd)]: family:1, type:1, protocol:0
usb_info_dev33 = "A200396E0402FF83@1@14.4G@U@1@USB_Storage;U:;0;0@"
sem_get: Key: 410f00aa
sem_get: Key: 410f00aa[   15.681936] firmadyne: sys_socket[PID: 114 (klogd)]: family:1, type:2, protocol:0
[   15.685317] firmadyne: sys_socket[PID: 114 (klogd)]: family:1, type:1, protocol:0
[   15.686744] firmadyne: sys_socket[PID: 114 (klogd)]: family:1, type:2, protocol:0

nvram_set: usb_info_dev34 = "A200396E0402FF83@1@14.4G@U@1@USB_Storage;U:;0;0@[   15.694379] firmadyne: sys_socket[PID: 114 (klogd)]: family:1, type:1, protocol:0
[   15.695875] firmadyne: sys_socket[PID: 114 (klogd)]: family:1, type:2, protocol:0
"
sem_get: Key: 410f00aa
[   15.703253] firmadyne: sys_socket[PID: 114 (klogd)]: family:1, type:1, protocol:0
[   15.704707] firmadyne: sys_socket[PID: 114 (klogd)]: family:1, type:2, protocol:0
sem_get: Key: 410f00aa
nvram_set: usb_info_dev35 = "A200396E0402FF83@1@14.4G@U@1@USB_Storage;U:;0;0@"
sem_get[   15.715198] firmadyne: sys_socket[PID: 114 (klogd)]: family:1, type:1, protocol:0
[   15.716643] firmadyne: sys_socket[PID: 114 (klogd)]: family:1, type:2, protocol:0
[   15.719938] firmadyne: sys_socket[PID: 114 (klogd)]: family:1, type:1, protocol:0
[   15.721580] firmadyne: sys_socket[PID: 114 (klogd)]: family:1, type:2, protocol:0
[   15.724427] firmadyne: sys_socket[PID: 114 (klogd)]: family:1, type:1, protocol:0
: Key: 410f00aa
sem_get: Key: 410f00aa
nvram_set: usb_info_dev36 = "A200396E0402FF83@1@14.4G@U@1@USB_Storage;U:;0;0@"
sem_get: Key: 410f00aa
[   15.737666] firmadyne: sys_socket[PID: 114 (klogd)]: family:1, type:2, protocol:0
[   15.740639] firmadyne: sys_socket[PID: 114 (klogd)]: family:1, type:1, protocol:0
sem_get: Key: 410f00aa
nvram_set: usb_info_dev37 = "A200396E0402FF83@1@14.4G@U@1@USB_Storage;U:;0;0@[   15.749921] firmadyne: sys_socket[PID: 114 (klogd)]: family:1, type:2, protocol:0
[   15.753163] firmadyne: sys_socket[PID: 114 (klogd)]: family:1, type:1, protocol:0
[   15.754587] firmadyne: sys_socket[PID: 114 (klogd)]: family:1, type:2, protocol:0
"
sem_get: Key: 410f00aa
sem_get: Key: 410f00aa
[   15.765800] firmadyne: sys_socket[PID: 114 (klogd)]: family:1, type:1, protocol:0
[   15.767264] firmadyne: sys_socket[PID: 114 (klogd)]: family:1, type:2, protocol:0
[   15.770580] firmadyne: sys_socket[PID: 114 (klogd)]: family:1, type:1, protocol:0
[   15.771994] firmadyne: sys_socket[PID: 114 (klogd)]: family:1, type:2, protocol:0
nvram_set: usb_info_dev38 = "A200396E0402FF83@1@14.4G@U@1@USB_Storage;U:;0;0@"
[   15.779104] firmadyne: sys_socket[PID: 114 (klogd)]: family:1, type:1, protocol:0
[   15.780565] firmadyne: sys_socket[PID: 114 (klogd)]: family:1, type:2, protocol:0
sem_get: Key: 410f00aa
sem_get: Key: 410f00aa
nvram_set[   15.791228] firmadyne: sys_socket[PID: 114 (klogd)]: family:1, type:1, protocol:0
[   15.792678] firmadyne: sys_socket[PID: 114 (klogd)]: family:1, type:2, protocol:0
: usb_info_dev39 = "A200396E0402FF83@1@14.4G@U@1@USB_Storage;U:;0;0@"
sem_get: Key: 410f00aa
sem_get: Key: 410f00aa[   15.803308] firmadyne: sys_socket[PID: 114 (klogd)]: family:1, type:1, protocol:0
[   15.804818] firmadyne: sys_socket[PID: 114 (klogd)]: family:1, type:2, protocol:0
[   15.808208] firmadyne: sys_socket[PID: 114 (klogd)]: family:1, type:1, protocol:0
[   15.809928] firmadyne: sys_socket[PID: 114 (klogd)]: family:1, type:2, protocol:0
[   15.812979] firmadyne: sys_socket[PID: 114 (klogd)]: family:1, type:1, protocol:0

nvram_set: usb_info_dev40 = "A200396E0402FF83@1@14.4G@U@1@USB_Storage;U:;0;0@"
sem_get: Key: 410f00aa
[   15.821658] firmadyne: sys_socket[PID: 114 (klogd)]: family:1, type:2, protocol:0
[   15.824584] firmadyne: sys_socket[PID: 114 (klogd)]: family:1, type:1, protocol:0
sem_get: Key: 410f00aa
nvram_set: usb_info_dev41 = "A200396E0402FF83@1@14.4G@U@1@USB_Storage;U:;0;0@[   15.833860] firmadyne: sys_socket[PID: 114 (klogd)]: family:1, type:2, protocol:0
[   15.836813] firmadyne: sys_socket[PID: 114 (klogd)]: family:1, type:1, protocol:0
"
sem_get: Key: 410f00aa
sem_get: Key: 410f00aa
[   15.845586] firmadyne: sys_socket[PID: 114 (klogd)]: family:1, type:2, protocol:0
[   15.848523] firmadyne: sys_socket[PID: 114 (klogd)]: family:1, type:1, protocol:0
nvram_set: usb_info_dev42 = "A200396E0402FF83@1@14.4G@U@1@USB_Storage;U:;0;0@"
sem_get: Key: 410f00aa
sem_get[   15.857932] firmadyne: sys_socket[PID: 114 (klogd)]: family:1, type:2, protocol:0
[   15.861175] firmadyne: sys_socket[PID: 114 (klogd)]: family:1, type:1, protocol:0
[   15.862618] firmadyne: sys_socket[PID: 114 (klogd)]: family:1, type:2, protocol:0
: Key: 410f00aa
nvram_set: usb_info_dev43[   15.870101] firmadyne: sys_socket[PID: 114 (klogd)]: family:1, type:1, protocol:0
[   15.871568] firmadyne: sys_socket[PID: 114 (klogd)]: family:1, type:2, protocol:0
 = "A200396E0402FF83@1@14.4G@U@1@USB_Storage;U:;0;0@"
sem_get: Key: 410f00aa
sem_get: Key: 410f00aa
[   15.882993] firmadyne: sys_socket[PID: 114 (klogd)]: family:1, type:1, protocol:0
[   15.884431] firmadyne: sys_socket[PID: 114 (klogd)]: family:1, type:2, protocol:0
[   15.887980] firmadyne: sys_socket[PID: 114 (klogd)]: family:1, type:1, protocol:0
[   15.889578] firmadyne: sys_socket[PID: 114 (klogd)]: family:1, type:2, protocol:0
[   15.892418] firmadyne: sys_socket[PID: 114 (klogd)]: family:1, type:1, protocol:0
nvram_set: usb_info_dev44 = "A200396E0402FF83@1@14.4G@U@1@USB_Storage;U:;0;0@"
sem_get: Key: 410f00aa
[   15.901538] firmadyne: sys_socket[PID: 114 (klogd)]: family:1, type:2, protocol:0
[   15.904436] firmadyne: sys_socket[PID: 114 (klogd)]: family:1, type:1, protocol:0
sem_get: Key: 410f00aa
nvram_set: usb_info_dev45 = "A200396E0402FF83@1@14.4G@U@1@USB_Storage;U:;0;0@"
[   15.913539] firmadyne: sys_socket[PID: 114 (klogd)]: family:1, type:2, protocol:0
[   15.916455] firmadyne: sys_socket[PID: 114 (klogd)]: family:1, type:1, protocol:0
sem_get: Key: 410f00aa
sem_get: Key: 410f00aa
nvram_set: [   15.925606] firmadyne: sys_socket[PID: 114 (klogd)]: family:1, type:2, protocol:0
[   15.928506] firmadyne: sys_socket[PID: 114 (klogd)]: family:1, type:1, protocol:0
[   15.930416] firmadyne: sys_socket[PID: 114 (klogd)]: family:1, type:2, protocol:0
[   15.933482] firmadyne: sys_socket[PID: 114 (klogd)]: family:1, type:1, protocol:0
[   15.934898] firmadyne: sys_socket[PID: 114 (klogd)]: family:1, type:2, protocol:0
usb_info_dev46 = "A200396E0402FF83@1@14.4G@U@1@USB_Storage;U:;0;0@"
sem_get: Key: 410f00aa
sem_get: Key: 410f00aa
[   15.946059] firmadyne: sys_socket[PID: 114 (klogd)]: family:1, type:1, protocol:0
[   15.947525] firmadyne: sys_socket[PID: 114 (klogd)]: family:1, type:2, protocol:0
nvram_set: usb_info_dev47 = "A200396E0402FF83@1@14.4G@U@1@USB_Storage;U:;0;0@"
[   15.954784] firmadyne: sys_socket[PID: 114 (klogd)]: family:1, type:1, protocol:0
[   15.956212] firmadyne: sys_socket[PID: 114 (klogd)]: family:1, type:2, protocol:0
sem_get: Key: 410f00aa
sem_get[   15.963497] firmadyne: sys_socket[PID: 114 (klogd)]: family:1, type:1, protocol:0
: Key: 410f00aa
nvram_set: [   15.969143] firmadyne: sys_socket[PID: 114 (klogd)]: family:1, type:2, protocol:0
[   15.972117] firmadyne: sys_socket[PID: 114 (klogd)]: family:1, type:1, protocol:0
usb_info_dev48 = "A200396E0402FF83@1@14.4G@U@1@USB_Storage;U:;0;0@"
sem_get: Key: 410f00aa[   15.977614] firmadyne: sys_socket[PID: 114 (klogd)]: family:1, type:2, protocol:0
[   15.980513] firmadyne: sys_socket[PID: 114 (klogd)]: family:1, type:1, protocol:0

sem_get: Key: 410f00aa
nvram_set: usb_info_dev49 = "A200396E0402FF83@1@14.4G@U@1@USB_Storage;U:;0;0@[   15.990120] firmadyne: sys_socket[PID: 114 (klogd)]: family:1, type:2, protocol:0
[   15.993352] firmadyne: sys_socket[PID: 114 (klogd)]: family:1, type:1, protocol:0
[   15.994775] firmadyne: sys_socket[PID: 114 (klogd)]: family:1, type:2, protocol:0
"
sem_get: Key: 410f00aa
[   16.001960] firmadyne: sys_socket[PID: 114 (klogd)]: family:1, type:1, protocol:0
[   16.003423] firmadyne: sys_socket[PID: 114 (klogd)]: family:1, type:2, protocol:0
sem_get: Key: 410f00aa
nvram_set[   16.010541] firmadyne: sys_socket[PID: 114 (klogd)]: family:1, type:1, protocol:0
[   16.012007] firmadyne: sys_socket[PID: 114 (klogd)]: family:1, type:2, protocol:0
: usb_info_dev50 = "A200396E0402FF83@1@14.4G@U@1@USB_Storage;U:;0;0@"
sem_get: Key: 410f00aa
sem_get: Key: 410f00aa
[   16.023037] firmadyne: sys_socket[PID: 114 (klogd)]: family:1, type:1, protocol:0
[   16.024461] firmadyne: sys_socket[PID: 114 (klogd)]: family:1, type:2, protocol:0
nvram_set: usb_info_dev51 = "[   16.031182] firmadyne: sys_socket[PID: 114 (klogd)]: family:1, type:1, protocol:0
[   16.032622] firmadyne: sys_socket[PID: 114 (klogd)]: family:1, type:2, protocol:0
A200396E0402FF83@1@14.4G@U@1@USB_Storage;U:;0;0@"
sem_get: Key: 410f00aa
[   16.039375] firmadyne: sys_socket[PID: 114 (klogd)]: family:1, type:1, protocol:0
[   16.041034] firmadyne: sys_socket[PID: 114 (klogd)]: family:1, type:2, protocol:0
sem_get: Key: 410f00aa
nvram_set: usb_info_dev52 = "A200396E0402FF83@1@14.4G@U@1@USB_Storage;U:;0;0@[   16.051508] firmadyne: sys_socket[PID: 114 (klogd)]: family:1, type:1, protocol:0
"
sem_get: Key: 410f00aa
[   16.057282] firmadyne: sys_socket[PID: 114 (klogd)]: family:1, type:2, protocol:0
[   16.060231] firmadyne: sys_socket[PID: 114 (klogd)]: family:1, type:1, protocol:0
sem_get: Key: 410f00aa
[   16.065497] firmadyne: sys_socket[PID: 114 (klogd)]: family:1, type:2, protocol:0
[   16.068395] firmadyne: sys_socket[PID: 114 (klogd)]: family:1, type:1, protocol:0
nvram_set: usb_info_dev53 = "A200396E0402FF83@1@14.4G@U@1@USB_Storage;U:;0;0@"
[   16.074534] firmadyne: sys_socket[PID: 114 (klogd)]: family:1, type:2, protocol:0
sem_get: Key: 410f00aa
sem_get: Key: 410f00aa
nvram_set: usb_info_dev54 = "A200396E0402FF83@1@14.4G@U@1@USB_Storage;U:;0;0@"
sem_get: Key: 410f00aa
sem_get: Key: 410f00aa
nvram_set: [   16.105398] firmadyne: sys_socket[PID: 114 (klogd)]: family:1, type:1, protocol:0
[   16.106873] firmadyne: sys_socket[PID: 114 (klogd)]: family:1, type:2, protocol:0
usb_info_dev55 = "A200396E0402FF83@1@14.4G@U@1@USB_Storage;U:;0;0@"
sem_get: Key: 410f00aa
[   16.114275] firmadyne: sys_socket[PID: 114 (klogd)]: family:1, type:1, protocol:0
[   16.115783] firmadyne: sys_socket[PID: 114 (klogd)]: family:1, type:2, protocol:0
sem_get: Key: 410f00aa
[   16.122794] firmadyne: sys_socket[PID: 114 (klogd)]: family:1, type:1, protocol:0
[   16.124231] firmadyne: sys_socket[PID: 114 (klogd)]: family:1, type:2, protocol:0
nvram_set: usb_info_dev56 = "A200396E0402FF83@1@14.4G@U@1@USB_Storage;U:;0;0@[   16.131292] firmadyne: sys_socket[PID: 114 (klogd)]: family:1, type:1, protocol:0
[   16.132755] firmadyne: sys_socket[PID: 114 (klogd)]: family:1, type:2, protocol:0
"
sem_get: Key: 410f00aa
sem_get: Key: 410f00aa
[   16.143103] firmadyne: sys_socket[PID: 114 (klogd)]: family:1, type:1, protocol:0
[   16.144710] firmadyne: sys_socket[PID: 114 (klogd)]: family:1, type:2, protocol:0
nvram_set: usb_info_dev57 = "A200396E0402FF83@1@14.4G@U@1@USB_Storage;U:;0;0@"
sem_get: Key: 410f00aa
[   16.155111] firmadyne: sys_socket[PID: 114 (klogd)]: family:1, type:1, protocol:0
[   16.156547] firmadyne: sys_socket[PID: 114 (klogd)]: family:1, type:2, protocol:0
[   16.159928] firmadyne: sys_socket[PID: 114 (klogd)]: family:1, type:1, protocol:0
[   16.161527] firmadyne: sys_socket[PID: 114 (klogd)]: family:1, type:2, protocol:0
[   16.164388] firmadyne: sys_socket[PID: 114 (klogd)]: family:1, type:1, protocol:0
sem_get: Key: 410f00aa
nvram_set: usb_info_dev58 = "A200396E0402FF83@1@14.4G@U@1@USB_Storage;U:;0;0@"
sem_get: Key: [   16.173857] firmadyne: sys_socket[PID: 114 (klogd)]: family:1, type:2, protocol:0
[   16.176817] firmadyne: sys_socket[PID: 114 (klogd)]: family:1, type:1, protocol:0
410f00aa
sem_get: Key: 410f00aa
nvram_set: usb_info_dev59[   16.185919] firmadyne: sys_socket[PID: 114 (klogd)]: family:1, type:2, protocol:0
[   16.189186] firmadyne: sys_socket[PID: 114 (klogd)]: family:1, type:1, protocol:0
[   16.190668] firmadyne: sys_socket[PID: 114 (klogd)]: family:1, type:2, protocol:0
 = "A200396E0402FF83@1@14.4G@U@1@USB_Storage;U:;0;0@"
sem_get: Key: 410f00aa
[   16.198048] firmadyne: sys_socket[PID: 114 (klogd)]: family:1, type:1, protocol:0
[   16.199524] firmadyne: sys_socket[PID: 114 (klogd)]: family:1, type:2, protocol:0
sem_get: Key: 410f00aa
[   16.206792] firmadyne: sys_socket[PID: 114 (klogd)]: family:1, type:1, protocol:0
[   16.208229] firmadyne: sys_socket[PID: 114 (klogd)]: family:1, type:2, protocol:0
nvram_set: usb_info_dev60 = "A200396E0402FF83@1@14.4G@U@1@USB_Storage;U:;0;0@"
sem_get: Key: 410f00aa
sem_get: Key: [   16.219204] firmadyne: sys_socket[PID: 114 (klogd)]: family:1, type:1, protocol:0
[   16.220657] firmadyne: sys_socket[PID: 114 (klogd)]: family:1, type:2, protocol:0
410f00aa
nvram_set: usb_info_dev61 = "A200396E0402FF83@1@14.4G@U@1@USB_Storage;U:;0;0@"
sem_get: Key: 410f00aa
[   16.231346] firmadyne: sys_socket[PID: 114 (klogd)]: family:1, type:1, protocol:0
[   16.232801] firmadyne: sys_socket[PID: 114 (klogd)]: family:1, type:2, protocol:0
[   16.236132] firmadyne: sys_socket[PID: 114 (klogd)]: family:1, type:1, protocol:0
[   16.237872] firmadyne: sys_socket[PID: 114 (klogd)]: family:1, type:2, protocol:0
[   16.240767] firmadyne: sys_socket[PID: 114 (klogd)]: family:1, type:1, protocol:0
sem_get: Key: 410f00aa
nvram_set: usb_info_dev62 = "A200396E0402FF83@1@14.4G@U@1@USB_Storage;U:;0;0@[   16.250100] firmadyne: sys_socket[PID: 114 (klogd)]: family:1, type:2, protocol:0
"
sem_get: Key: 410f00aa
[   16.257297] firmadyne: sys_socket[PID: 114 (klogd)]: family:1, type:1, protocol:0
[   16.258773] firmadyne: sys_socket[PID: 114 (klogd)]: family:1, type:2, protocol:0
sem_get: Key: 410f00aa
nvram_set: [   16.266302] firmadyne: sys_socket[PID: 114 (klogd)]: family:1, type:1, protocol:0
[   16.267824] firmadyne: sys_socket[PID: 114 (klogd)]: family:1, type:2, protocol:0
usb_info_dev63 = "A200396E0402FF83@1@14.4G@U@1@USB_Storage;U:;0;0@"
sem_get: Key: 410f00aa
[   16.276301] firmadyne: sys_socket[PID: 114 (klogd)]: family:1, type:1, protocol:0
sem_get: Key: 410f00aa
[   16.281644] firmadyne: sys_socket[PID: 114 (klogd)]: family:1, type:2, protocol:0
[   16.284587] firmadyne: sys_socket[PID: 114 (klogd)]: family:1, type:1, protocol:0
nvram_set: usb_info_dev64 = "A200396E0402FF83@1@14.4G@U@1@USB_Storage;U:;0;0@"
sem_get: Key: 410f00aa
[   16.293654] firmadyne: sys_socket[PID: 114 (klogd)]: family:1, type:2, protocol:0
[   16.296569] firmadyne: sys_socket[PID: 114 (klogd)]: family:1, type:1, protocol:0
sem_get: Key: 410f00aa
nvram_set: usb_info_dev65 = "A200396E0402FF83@1@14.4G@U@1@USB_Storage;U:;0;0@"
[   16.305841] firmadyne: sys_socket[PID: 114 (klogd)]: family:1, type:2, protocol:0
[   16.308812] firmadyne: sys_socket[PID: 114 (klogd)]: family:1, type:1, protocol:0
[   16.310723] firmadyne: sys_socket[PID: 114 (klogd)]: family:1, type:2, protocol:0
[   16.313848] firmadyne: sys_socket[PID: 114 (klogd)]: family:1, type:1, protocol:0
[   16.315263] firmadyne: sys_socket[PID: 114 (klogd)]: family:1, type:2, protocol:0
sem_get: Key: 410f00aa
sem_get: Key: 410f00aa
nvram_set: [   16.326326] firmadyne: sys_socket[PID: 114 (klogd)]: family:1, type:1, protocol:0
[   16.327782] firmadyne: sys_socket[PID: 114 (klogd)]: family:1, type:2, protocol:0
usb_info_dev66 = "A200396E0402FF83@1@14.4G@U@1@USB_Storage;U:;0;0@"
sem_get: Key: 410f00aa[   16.334852] firmadyne: sys_socket[PID: 114 (klogd)]: family:1, type:1, protocol:0
[   16.336286] firmadyne: sys_socket[PID: 114 (klogd)]: family:1, type:2, protocol:0

sem_get: Key: 410f00aa
[   16.343509] firmadyne: sys_socket[PID: 114 (klogd)]: family:1, type:1, protocol:0
nvram_set: usb_info_dev67 = "A200396E0402FF83@1@14.4G@U@1@USB_Storage;U:;0;0@[   16.349545] firmadyne: sys_socket[PID: 114 (klogd)]: family:1, type:2, protocol:0
[   16.352518] firmadyne: sys_socket[PID: 114 (klogd)]: family:1, type:1, protocol:0
"
sem_get: Key: 410f00aa
sem_get: Key: 410f00aa
[   16.361559] firmadyne: sys_socket[PID: 114 (klogd)]: family:1, type:2, protocol:0
[   16.364463] firmadyne: sys_socket[PID: 114 (klogd)]: family:1, type:1, protocol:0
nvram_set: usb_info_dev68 = "A200396E0402FF83@1@14.4G@U@1@USB_Storage;U:;0;0@"
sem_get: Key: 410f00aa
sem_get: Key: [   16.373793] firmadyne: sys_socket[PID: 114 (klogd)]: family:1, type:2, protocol:0
[   16.376730] firmadyne: sys_socket[PID: 114 (klogd)]: family:1, type:1, protocol:0
[   16.378585] firmadyne: sys_socket[PID: 114 (klogd)]: family:1, type:2, protocol:0
[   16.381660] firmadyne: sys_socket[PID: 114 (klogd)]: family:1, type:1, protocol:0
[   16.383075] firmadyne: sys_socket[PID: 114 (klogd)]: family:1, type:2, protocol:0
410f00aa
nvram_set: usb_info_dev69 = "A200396E0402FF83@1@14.4G@U@1@USB_Storage;U:;0;0@"
sem_get: Key: 410f00aa
[   16.394405] firmadyne: sys_socket[PID: 114 (klogd)]: family:1, type:1, protocol:0
[   16.395872] firmadyne: sys_socket[PID: 114 (klogd)]: family:1, type:2, protocol:0
sem_get: Key: 410f00aa
[   16.403058] firmadyne: sys_socket[PID: 114 (klogd)]: family:1, type:1, protocol:0
[   16.404486] firmadyne: sys_socket[PID: 114 (klogd)]: family:1, type:2, protocol:0
nvram_set: usb_info_dev70 = "A200396E0402FF83@1@14.4G@U@1@USB_Storage;U:;0;0@"
sem_get: Key: 410f00aa
sem_get[   16.415279] firmadyne: sys_socket[PID: 114 (klogd)]: family:1, type:1, protocol:0
[   16.416732] firmadyne: sys_socket[PID: 114 (klogd)]: family:1, type:2, protocol:0
[   16.420086] firmadyne: sys_socket[PID: 114 (klogd)]: family:1, type:1, protocol:0
: Key: 410f00aa
nvram_set: [   16.425788] firmadyne: sys_socket[PID: 114 (klogd)]: family:1, type:2, protocol:0
[   16.428723] firmadyne: sys_socket[PID: 114 (klogd)]: family:1, type:1, protocol:0
usb_info_dev71 = "A200396E0402FF83@1@14.4G@U@1@USB_Storage;U:;0;0@"
sem_get: Key: 410f00aa
sem_get: Key: 410f00aa
[   16.437944] firmadyne: sys_socket[PID: 114 (klogd)]: family:1, type:2, protocol:0
nvram_set: usb_info_dev72 = "A200396E0402FF83@1@14.4G@U@1@USB_Storage;U:;0;0@[   16.445291] firmadyne: sys_socket[PID: 114 (klogd)]: family:1, type:1, protocol:0
[   16.446760] firmadyne: sys_socket[PID: 114 (klogd)]: family:1, type:2, protocol:0
"
sem_get: Key: 410f00aa
[   16.453972] firmadyne: sys_socket[PID: 114 (klogd)]: family:1, type:1, protocol:0
[   16.455437] firmadyne: sys_socket[PID: 114 (klogd)]: family:1, type:2, protocol:0
sem_get: Key: 410f00aa
nvram_set[   16.462666] firmadyne: sys_socket[PID: 114 (klogd)]: family:1, type:1, protocol:0
[   16.464098] firmadyne: sys_socket[PID: 114 (klogd)]: family:1, type:2, protocol:0
: usb_info_dev73 = "A200396E0402FF83@1@14.4G@U@1@USB_Storage;U:;0;0@"
sem_get: Key: [   16.471045] firmadyne: sys_socket[PID: 114 (klogd)]: family:1, type:1, protocol:0
[   16.472470] firmadyne: sys_socket[PID: 114 (klogd)]: family:1, type:2, protocol:0
410f00aa
sem_get: Key: 410f00aa
nvram_set[   16.483221] firmadyne: sys_socket[PID: 114 (klogd)]: family:1, type:1, protocol:0
[   16.484806] firmadyne: sys_socket[PID: 114 (klogd)]: family:1, type:2, protocol:0
: usb_info_dev74 = "A200396E0402FF83@1@14.4G@U@1@USB_Storage;U:;0;0@"
sem_get: Key: 410f00aa
sem_get: Key: [   16.496395] firmadyne: sys_socket[PID: 114 (klogd)]: family:1, type:1, protocol:0
[   16.498564] firmadyne: sys_socket[PID: 114 (klogd)]: family:1, type:2, protocol:0
[   16.501831] firmadyne: sys_socket[PID: 114 (klogd)]: family:1, type:1, protocol:0
[   16.503287] firmadyne: sys_socket[PID: 114 (klogd)]: family:1, type:2, protocol:0
410f00aa
nvram_set: usb_info_dev75 = "A200396E0402FF83@1@14.4G@U@1@USB_Storage;U:;0;0@"
sem_get: Key: 410f00aa
[   16.514699] firmadyne: sys_socket[PID: 114 (klogd)]: family:1, type:1, protocol:0
[   16.516181] firmadyne: sys_socket[PID: 114 (klogd)]: family:1, type:2, protocol:0
sem_get: Key: 410f00aa
[   16.523004] firmadyne: sys_socket[PID: 114 (klogd)]: family:1, type:1, protocol:0
[   16.524430] firmadyne: sys_socket[PID: 114 (klogd)]: family:1, type:2, protocol:0
nvram_set: usb_info_dev76 = "A200396E0402FF83@1@14.4G@U@1@USB_Storage;U:;0;0@[   16.531199] firmadyne: sys_socket[PID: 114 (klogd)]: family:1, type:1, protocol:0
[   16.532647] firmadyne: sys_socket[PID: 114 (klogd)]: family:1, type:2, protocol:0
"
sem_get: Key: 410f00aa
sem_get: Key: 410f00aa
[   16.543043] firmadyne: sys_socket[PID: 114 (klogd)]: family:1, type:1, protocol:0
[   16.544470] firmadyne: sys_socket[PID: 114 (klogd)]: family:1, type:2, protocol:0
nvram_set: usb_info_dev77 = "A200396E0402FF83@1@14.4G@U@1@USB_Storage;U:;0;0@"
sem_get: Key: 410f00aa
sem_get: Key: 410f00aa
nvram_set: usb_info_dev78 = "A200396E0402FF83@1@14.4G@U@1@USB_Storage;U:;0;0@"
sem_get: Key: 410f00aa
[   16.573421] firmadyne: sys_socket[PID: 114 (klogd)]: family:1, type:1, protocol:0
[   16.574892] firmadyne: sys_socket[PID: 114 (klogd)]: family:1, type:2, protocol:0
sem_get: Key: 410f00aa
[   16.582100] firmadyne: sys_socket[PID: 114 (klogd)]: family:1, type:1, protocol:0
[   16.583572] firmadyne: sys_socket[PID: 114 (klogd)]: family:1, type:2, protocol:0
nvram_set: usb_info_dev79 = "A200396E0402FF83@1@14.4G@U@1@USB_Storage;U:;0;0@"
[   16.590761] firmadyne: sys_socket[PID: 114 (klogd)]: family:1, type:1, protocol:0
[   16.592193] firmadyne: sys_socket[PID: 114 (klogd)]: family:1, type:2, protocol:0
sem_get: Key: 410f00aa
sem_get: Key: 410f00aa
nvram_set: [   16.603342] firmadyne: sys_socket[PID: 114 (klogd)]: family:1, type:1, protocol:0
[   16.604802] firmadyne: sys_socket[PID: 114 (klogd)]: family:1, type:2, protocol:0
usb_info_dev80 = "A200396E0402FF83@1@14.4G@U@1@USB_Storage;U:;0;0@"
sem_get: Key: 410f00aa
sem_get: Key: 410f00aa
[   16.615419] firmadyne: sys_socket[PID: 114 (klogd)]: family:1, type:1, protocol:0
[   16.617280] firmadyne: sys_socket[PID: 114 (klogd)]: family:1, type:2, protocol:0
[   16.620148] firmadyne: sys_socket[PID: 114 (klogd)]: family:1, type:1, protocol:0
nvram_set: usb_info_dev81 = "A200396E0402FF83@1@14.4G@U@1@USB_Storage;U:;0;0@[   16.626008] firmadyne: sys_socket[PID: 114 (klogd)]: family:1, type:2, protocol:0
"
sem_get: Key: 410f00aa
[   16.633243] firmadyne: sys_socket[PID: 114 (klogd)]: family:1, type:1, protocol:0
[   16.634714] firmadyne: sys_socket[PID: 114 (klogd)]: family:1, type:2, protocol:0
sem_get: Key: 410f00aa
nvram_set: [   16.642188] firmadyne: sys_socket[PID: 114 (klogd)]: family:1, type:1, protocol:0
[   16.643660] firmadyne: sys_socket[PID: 114 (klogd)]: family:1, type:2, protocol:0
usb_info_dev82 = "A200396E0402FF83@1@14.4G@U@1@USB_Storage;U:;0;0@"
sem_get: Key: 410f00aa[   16.650754] firmadyne: sys_socket[PID: 114 (klogd)]: family:1, type:1, protocol:0
[   16.652183] firmadyne: sys_socket[PID: 114 (klogd)]: family:1, type:2, protocol:0
[   16.653652] cfg80211: Calling CRDA to update world regulatory domain

sem_get: Key: 410f00aa
nvram_set: [   16.663028] firmadyne: sys_socket[PID: 114 (klogd)]: family:1, type:1, protocol:0
[   16.664454] firmadyne: sys_socket[PID: 114 (klogd)]: family:1, type:2, protocol:0
usb_info_dev83 = "A200396E0402FF83@1@14.4G@U@1@USB_Storage;U:;0;0@"
sem_get: Key: [   16.671136] firmadyne: sys_socket[PID: 114 (klogd)]: family:1, type:1, protocol:0
[   16.672566] firmadyne: sys_socket[PID: 114 (klogd)]: family:1, type:2, protocol:0
410f00aa
sem_get: Key: 410f00aa
nvram_set[   16.683404] firmadyne: sys_socket[PID: 114 (klogd)]: family:1, type:1, protocol:0
[   16.685478] firmadyne: sys_socket[PID: 114 (klogd)]: family:1, type:2, protocol:0
[   16.688356] firmadyne: sys_socket[PID: 114 (klogd)]: family:1, type:1, protocol:0
: usb_info_dev84 = "A200396E0402FF83@1@14.4G@U@1@USB_Storage;U:;0;0@"
sem_get: Key: 410f00aa
sem_get: Key: 410f00aa
[   16.698007] firmadyne: sys_socket[PID: 114 (klogd)]: family:1, type:2, protocol:0
[   16.701264] firmadyne: sys_socket[PID: 114 (klogd)]: family:1, type:1, protocol:0
[   16.702692] firmadyne: sys_socket[PID: 114 (klogd)]: family:1, type:2, protocol:0
nvram_set: usb_info_dev85 = "A200396E0402FF83@1@14.4G@U@1@USB_Storage;U:;0;0@[   16.709903] firmadyne: sys_socket[PID: 114 (klogd)]: family:1, type:1, protocol:0
[   16.711366] firmadyne: sys_socket[PID: 114 (klogd)]: family:1, type:2, protocol:0
"
sem_get: Key: 410f00aa
[   16.718798] firmadyne: sys_socket[PID: 114 (klogd)]: family:1, type:1, protocol:0
[   16.720238] firmadyne: sys_socket[PID: 114 (klogd)]: family:1, type:2, protocol:0
sem_get: Key: 410f00aa
nvram_set: usb_info_dev86 = "A200396E0402FF83@1@14.4G@U@1@USB_Storage;U:;0;0@"
sem_get: Key: [   16.731305] firmadyne: sys_socket[PID: 114 (klogd)]: family:1, type:1, protocol:0
[   16.732771] firmadyne: sys_socket[PID: 114 (klogd)]: family:1, type:2, protocol:0
410f00aa
sem_get: Key: 410f00aa
nvram_set: usb_info_dev87 = "[   16.743439] firmadyne: sys_socket[PID: 114 (klogd)]: family:1, type:1, protocol:0
[   16.745457] firmadyne: sys_socket[PID: 114 (klogd)]: family:1, type:2, protocol:0
[   16.748357] firmadyne: sys_socket[PID: 114 (klogd)]: family:1, type:1, protocol:0
A200396E0402FF83@1@14.4G@U@1@USB_Storage;U:;0;0@"
sem_get: Key: 410f00aa
[   16.753538] firmadyne: sys_socket[PID: 114 (klogd)]: family:1, type:2, protocol:0
[   16.756440] firmadyne: sys_socket[PID: 114 (klogd)]: family:1, type:1, protocol:0
sem_get: Key: 410f00aa
nvram_set: usb_info_dev88 = "A200396E0402FF83@1@14.4G@U@1@USB_Storage;U:;0;0@[   16.765994] firmadyne: sys_socket[PID: 114 (klogd)]: family:1, type:2, protocol:0
"
sem_get: Key: 410f00aa
[   16.773315] firmadyne: sys_socket[PID: 114 (klogd)]: family:1, type:1, protocol:0
[   16.774828] firmadyne: sys_socket[PID: 114 (klogd)]: family:1, type:2, protocol:0
sem_get: Key: 410f00aa
nvram_set[   16.782172] firmadyne: sys_socket[PID: 114 (klogd)]: family:1, type:1, protocol:0
[   16.783639] firmadyne: sys_socket[PID: 114 (klogd)]: family:1, type:2, protocol:0
: usb_info_dev89 = "A200396E0402FF83@1@14.4G@U@1@USB_Storage;U:;0;0@"
sem_get: Key: 410f00aa[   16.791078] firmadyne: sys_socket[PID: 114 (klogd)]: family:1, type:1, protocol:0
[   16.792510] firmadyne: sys_socket[PID: 114 (klogd)]: family:1, type:2, protocol:0

sem_get: Key: 410f00aa
nvram_set: usb_info_dev90 = "A200396E0402FF83@1@14.4G@U@1@USB_Storage;U:;0;0@[   16.803616] firmadyne: sys_socket[PID: 114 (klogd)]: family:1, type:1, protocol:0
[   16.805537] firmadyne: sys_socket[PID: 114 (klogd)]: family:1, type:2, protocol:0
[   16.808467] firmadyne: sys_socket[PID: 114 (klogd)]: family:1, type:1, protocol:0
"
sem_get: Key: 410f00aa
sem_get: Key: 410f00aa
[   16.817589] firmadyne: sys_socket[PID: 114 (klogd)]: family:1, type:2, protocol:0
[   16.820585] firmadyne: sys_socket[PID: 114 (klogd)]: family:1, type:1, protocol:0
[   16.822594] firmadyne: sys_socket[PID: 114 (klogd)]: family:1, type:2, protocol:0
[   16.825759] firmadyne: sys_socket[PID: 114 (klogd)]: family:1, type:1, protocol:0
[   16.827170] firmadyne: sys_socket[PID: 114 (klogd)]: family:1, type:2, protocol:0
nvram_set: usb_info_dev91 = "A200396E0402FF83@1@14.4G@U@1@USB_Storage;U:;0;0@"
sem_get: Key: 410f00aa
sem_get: Key: 410f00aa
[   16.838828] firmadyne: sys_socket[PID: 114 (klogd)]: family:1, type:1, protocol:0
[   16.840281] firmadyne: sys_socket[PID: 114 (klogd)]: family:1, type:2, protocol:0
nvram_set: usb_info_dev92 = "A200396E0402FF83@1@14.4G@U@1@USB_Storage;U:;0;0@"
sem_get: Key: 410f00aa
[   16.851278] firmadyne: sys_socket[PID: 114 (klogd)]: family:1, type:1, protocol:0
[   16.852728] firmadyne: sys_socket[PID: 114 (klogd)]: family:1, type:2, protocol:0
[   16.856016] firmadyne: sys_socket[PID: 114 (klogd)]: family:1, type:1, protocol:0
[   16.857613] firmadyne: sys_socket[PID: 114 (klogd)]: family:1, type:2, protocol:0
[   16.860452] firmadyne: sys_socket[PID: 114 (klogd)]: family:1, type:1, protocol:0
sem_get: Key: 410f00aa
nvram_set: usb_info_dev93 = "A200396E0402FF83@1@14.4G@U@1@USB_Storage;U:;0;0@"
sem_get: Key: 410f00aa
[   16.874620] firmadyne: sys_socket[PID: 114 (klogd)]: family:1, type:2, protocol:0
[   16.877935] firmadyne: sys_socket[PID: 114 (klogd)]: family:1, type:1, protocol:0
[   16.879372] firmadyne: sys_socket[PID: 114 (klogd)]: family:1, type:2, protocol:0
sem_get: Key: 410f00aa
nvram_set[   16.886841] firmadyne: sys_socket[PID: 114 (klogd)]: family:1, type:1, protocol:0
[   16.888301] firmadyne: sys_socket[PID: 114 (klogd)]: family:1, type:2, protocol:0
: usb_info_dev94 = "A200396E0402FF83@1@14.4G@U@1@USB_Storage;U:;0;0@"
sem_get: Key: 410f00aa
sem_get: Key: 410f00aa
[   16.899468] firmadyne: sys_socket[PID: 114 (klogd)]: family:1, type:1, protocol:0
[   16.901351] firmadyne: sys_socket[PID: 114 (klogd)]: family:1, type:2, protocol:0
[   16.904256] firmadyne: sys_socket[PID: 114 (klogd)]: family:1, type:1, protocol:0
nvram_set: usb_info_dev95 = "A200396E0402FF83@1@14.4G@U@1@USB_Storage;U:;0;0@"
sem_get: Key: 410f00aa
[   16.913676] firmadyne: sys_socket[PID: 114 (klogd)]: family:1, type:2, protocol:0
[   16.916635] firmadyne: sys_socket[PID: 114 (klogd)]: family:1, type:1, protocol:0
sem_get: Key: 410f00aa
nvram_set: usb_info_dev96 = "A200396E0402FF83@1@14.4G@U@1@USB_Storage;U:;0;0@"
[   16.925545] firmadyne: sys_socket[PID: 114 (klogd)]: family:1, type:2, protocol:0
[   16.928489] firmadyne: sys_socket[PID: 114 (klogd)]: family:1, type:1, protocol:0
[   16.930427] firmadyne: sys_socket[PID: 114 (klogd)]: family:1, type:2, protocol:0
[   16.933544] firmadyne: sys_socket[PID: 114 (klogd)]: family:1, type:1, protocol:0
[   16.934979] firmadyne: sys_socket[PID: 114 (klogd)]: family:1, type:2, protocol:0
sem_get: Key: 410f00aa
sem_get: Key: 410f00aa
nvram_set: usb_info_dev97[   16.946391] firmadyne: sys_socket[PID: 114 (klogd)]: family:1, type:1, protocol:0
[   16.947876] firmadyne: sys_socket[PID: 114 (klogd)]: family:1, type:2, protocol:0
 = "A200396E0402FF83@1@14.4G@U@1@USB_Storage;U:;0;0@"
sem_get: Key: 410f00aa
[   16.955069] firmadyne: sys_socket[PID: 114 (klogd)]: family:1, type:1, protocol:0
[   16.956514] firmadyne: sys_socket[PID: 114 (klogd)]: family:1, type:2, protocol:0
sem_get: Key: 410f00aa
nvram_set: usb_info_dev98 = "A200396E0402FF83@1@14.4G@U@1@USB_Storage;U:;0;0@[   16.967199] firmadyne: sys_socket[PID: 114 (klogd)]: family:1, type:1, protocol:0
[   16.968666] firmadyne: sys_socket[PID: 114 (klogd)]: family:1, type:2, protocol:0
"
sem_get: Key: 410f00aa
sem_get: Key: 410f00aa
[   16.979112] firmadyne: sys_socket[PID: 114 (klogd)]: family:1, type:1, protocol:0
[   16.980560] firmadyne: sys_socket[PID: 114 (klogd)]: family:1, type:2, protocol:0
[   16.984012] firmadyne: sys_socket[PID: 114 (klogd)]: family:1, type:1, protocol:0
[   16.985658] firmadyne: sys_socket[PID: 114 (klogd)]: family:1, type:2, protocol:0
[   16.988540] firmadyne: sys_socket[PID: 114 (klogd)]: family:1, type:1, protocol:0
nvram_set: usb_info_dev99 = "A200396E0402FF83@1@14.4G@U@1@USB_Storage;U:;0;0@"
sem_get: Key: 410f00aa
sem_get[   16.998029] firmadyne: sys_socket[PID: 114 (klogd)]: family:1, type:2, protocol:0
: Key: 410f00aa
nvram_set: usb_info_dev100[   17.005602] firmadyne: sys_socket[PID: 114 (klogd)]: family:1, type:1, protocol:0
[   17.007083] firmadyne: sys_socket[PID: 114 (klogd)]: family:1, type:2, protocol:0
 = "A200396E0402FF83@1@14.4G@U@1@USB_Storage;U:;0;0@"
sem_get: Key: 410f00aa
[   17.014172] firmadyne: sys_socket[PID: 114 (klogd)]: family:1, type:1, protocol:0
[   17.015661] firmadyne: sys_socket[PID: 114 (klogd)]: family:1, type:2, protocol:0
sem_get: Key: 410f00aa
nvram_set: wla_ap_isolate_1 = ""
sem_get: Key: 410f00aa
sem_get: Key: 410f00aa
nvram_set: wla_ap_isolate_2 = ""
sem_get: Key: 410f00aa
[   17.049420] firmadyne: sys_socket[PID: 114 (klogd)]: family:1, type:1, protocol:0
[   17.050906] firmadyne: sys_socket[PID: 114 (klogd)]: family:1, type:2, protocol:0
sem_get: Key: 410f00aa
nvram_set[   17.058496] firmadyne: sys_socket[PID: 114 (klogd)]: family:1, type:1, protocol:0
[   17.059977] firmadyne: sys_socket[PID: 114 (klogd)]: family:1, type:2, protocol:0
: wla_ap_isolate_3 = ""
sem_get: Key: 410f00aa
[   17.067201] firmadyne: sys_socket[PID: 114 (klogd)]: family:1, type:1, protocol:0
[   17.068680] firmadyne: sys_socket[PID: 114 (klogd)]: family:1, type:2, protocol:0
sem_get: Key: 410f00aa
[   17.076258] firmadyne: sys_socket[PID: 114 (klogd)]: family:1, type:1, protocol:0
nvram_set: wla_ap_isolate_4 = "[   17.081555] firmadyne: sys_socket[PID: 114 (klogd)]: family:1, type:2, protocol:0
[   17.084482] firmadyne: sys_socket[PID: 114 (klogd)]: family:1, type:1, protocol:0
"
sem_get: Key: 410f00aa
sem_get: Key: 410f00aa
[   17.093567] firmadyne: sys_socket[PID: 114 (klogd)]: family:1, type:2, protocol:0
[   17.096485] firmadyne: sys_socket[PID: 114 (klogd)]: family:1, type:1, protocol:0
nvram_set: wlg_ap_isolate_1 = ""
sem_get: Key: 410f00aa
sem_get: Key: 410f00aa
[   17.105744] firmadyne: sys_socket[PID: 114 (klogd)]: family:1, type:2, protocol:0
[   17.108673] firmadyne: sys_socket[PID: 114 (klogd)]: family:1, type:1, protocol:0
[   17.110524] firmadyne: sys_socket[PID: 114 (klogd)]: family:1, type:2, protocol:0
[   17.113676] firmadyne: sys_socket[PID: 114 (klogd)]: family:1, type:1, protocol:0
[   17.115092] firmadyne: sys_socket[PID: 114 (klogd)]: family:1, type:2, protocol:0
nvram_set: wlg_ap_isolate_2 = ""
sem_get: Key: 410f00aa
sem_get: Key: [   17.126424] firmadyne: sys_socket[PID: 114 (klogd)]: family:1, type:1, protocol:0
[   17.127893] firmadyne: sys_socket[PID: 114 (klogd)]: family:1, type:2, protocol:0
410f00aa
nvram_set: wlg_ap_isolate_3[   17.135160] firmadyne: sys_socket[PID: 114 (klogd)]: family:1, type:1, protocol:0
[   17.136640] firmadyne: sys_socket[PID: 114 (klogd)]: family:1, type:2, protocol:0
 = ""
sem_get: Key: 410f00aa
sem_get: Key: 410f00aa
[   17.147056] firmadyne: sys_socket[PID: 114 (klogd)]: family:1, type:1, protocol:0
[   17.148483] firmadyne: sys_socket[PID: 114 (klogd)]: family:1, type:2, protocol:0
[   17.151840] firmadyne: sys_socket[PID: 114 (klogd)]: family:1, type:1, protocol:0
[   17.153428] firmadyne: sys_socket[PID: 114 (klogd)]: family:1, type:2, protocol:0
[   17.156298] firmadyne: sys_socket[PID: 114 (klogd)]: family:1, type:1, protocol:0
nvram_set: wlg_ap_isolate_4 = ""
sem_get: Key: 410f00aa
sem_get: Key: 410f00aa
nvram_set: wlg_allow_access_1 = "[   17.169534] firmadyne: sys_socket[PID: 114 (klogd)]: family:1, type:2, protocol:0
[   17.172438] firmadyne: sys_socket[PID: 114 (klogd)]: family:1, type:1, protocol:0
"
sem_get: Key: 410f00aa
sem_get: Key: 410f00aa
[   17.181584] firmadyne: sys_socket[PID: 114 (klogd)]: family:1, type:2, protocol:0
[   17.184527] firmadyne: sys_socket[PID: 114 (klogd)]: family:1, type:1, protocol:0
[   17.186493] firmadyne: sys_socket[PID: 114 (klogd)]: family:1, type:2, protocol:0
[   17.189629] firmadyne: sys_socket[PID: 114 (klogd)]: family:1, type:1, protocol:0
[   17.191080] firmadyne: sys_socket[PID: 114 (klogd)]: family:1, type:2, protocol:0
nvram_set: wlg_allow_access_2 = ""
sem_get: Key: 410f00aa
sem_get: Key: 410f00aa
[   17.202119] firmadyne: sys_socket[PID: 114 (klogd)]: family:1, type:1, protocol:0
[   17.203617] firmadyne: sys_socket[PID: 114 (klogd)]: family:1, type:2, protocol:0
nvram_set: wlg_allow_access_3 = ""
[   17.210765] firmadyne: sys_socket[PID: 114 (klogd)]: family:1, type:1, protocol:0
[   17.212193] firmadyne: sys_socket[PID: 114 (klogd)]: family:1, type:2, protocol:0
sem_get: Key: 410f00aa
sem_get[   17.219225] firmadyne: sys_socket[PID: 114 (klogd)]: family:1, type:1, protocol:0
[   17.220679] firmadyne: sys_socket[PID: 114 (klogd)]: family:1, type:2, protocol:0
: Key: 410f00aa
nvram_set: wlg_allow_access_4 = ""
sem_get: Key: 410f00aa
[   17.231231] firmadyne: sys_socket[PID: 114 (klogd)]: family:1, type:1, protocol:0
[   17.232681] firmadyne: sys_socket[PID: 114 (klogd)]: family:1, type:2, protocol:0
sem_get: Key: 410f00aa
nvram_set: 0:macaddr = "01:23:45:67:89:ab"
[   17.243390] firmadyne: sys_socket[PID: 114 (klogd)]: family:1, type:1, protocol:0
[   17.245053] firmadyne: sys_socket[PID: 114 (klogd)]: family:1, type:2, protocol:0
[   17.248115] firmadyne: sys_socket[PID: 114 (klogd)]: family:1, type:1, protocol:0
[   17.249796] firmadyne: sys_socket[PID: 114 (klogd)]: family:1, type:2, protocol:0
[   17.252661] firmadyne: sys_socket[PID: 114 (klogd)]: family:1, type:1, protocol:0
sem_get: Key: 410f00aa
sem_get: Key: 410f00aa
[   17.261559] firmadyne: sys_socket[PID: 114 (klogd)]: family:1, type:2, protocol:0
[   17.264534] firmadyne: sys_socket[PID: 114 (klogd)]: family:1, type:1, protocol:0
nvram_set: 1:macaddr = "01:23:45:67:89:ab"
sem_get: Key: 410f00aa
sem_get: Key: 410f00aa[   17.274969] firmadyne: sys_socket[PID: 114 (klogd)]: family:1, type:2, protocol:0
[   17.278132] firmadyne: sys_socket[PID: 114 (klogd)]: family:1, type:1, protocol:0
[   17.279558] firmadyne: sys_socket[PID: 114 (klogd)]: family:1, type:2, protocol:0

nvram_set: 2:macaddr = "01:23:45:67:89:ab"
sem_get: Key: 410f00aa
[   17.290807] firmadyne: sys_socket[PID: 114 (klogd)]: family:1, type:1, protocol:0
[   17.292238] firmadyne: sys_socket[PID: 114 (klogd)]: family:1, type:2, protocol:0
sem_get: Key: 410f00aa
[   17.299016] firmadyne: sys_socket[PID: 114 (klogd)]: family:1, type:1, protocol:0
[   17.300440] firmadyne: sys_socket[PID: 114 (klogd)]: family:1, type:2, protocol:0
nvram_set: lan1_ifnames = ""
sem_get: Key: 410f00aa
sem_get: Key: 410f00aa[   17.311113] firmadyne: sys_socket[PID: 114 (klogd)]: family:1, type:1, protocol:0
[   17.312555] firmadyne: sys_socket[PID: 114 (klogd)]: family:1, type:2, protocol:0
[   17.315924] firmadyne: sys_socket[PID: 114 (klogd)]: family:1, type:1, protocol:0
[   17.317513] firmadyne: sys_socket[PID: 114 (klogd)]: family:1, type:2, protocol:0
[   17.320357] firmadyne: sys_socket[PID: 114 (klogd)]: family:1, type:1, protocol:0

nvram_set: lan2_ifnames = ""
sem_get: Key: 410f00aa
sem_get: Key: 410f00aa
nvram_set[   17.333723] firmadyne: sys_socket[PID: 114 (klogd)]: family:1, type:2, protocol:0
[   17.336653] firmadyne: sys_socket[PID: 114 (klogd)]: family:1, type:1, protocol:0
: lan3_ifnames = ""
sem_get: Key: 410f00aa
sem_get: Key: 410f00aa
[   17.345557] firmadyne: sys_socket[PID: 114 (klogd)]: family:1, type:2, protocol:0
[   17.348463] firmadyne: sys_socket[PID: 114 (klogd)]: family:1, type:1, protocol:0
[   17.350424] firmadyne: sys_socket[PID: 114 (klogd)]: family:1, type:2, protocol:0
[   17.353520] firmadyne: sys_socket[PID: 114 (klogd)]: family:1, type:1, protocol:0
[   17.354934] firmadyne: sys_socket[PID: 114 (klogd)]: family:1, type:2, protocol:0
nvram_set: lan4_ifnames = ""
sem_get: Key: 410f00aa
sem_get: Key: 410f00aa
[   17.366450] firmadyne: sys_socket[PID: 114 (klogd)]: family:1, type:1, protocol:0
[   17.367933] firmadyne: sys_socket[PID: 114 (klogd)]: family:1, type:2, protocol:0
nvram_set: lan5_ifnames = ""
[   17.375266] firmadyne: sys_socket[PID: 114 (klogd)]: family:1, type:1, protocol:0
[   17.376721] firmadyne: sys_socket[PID: 114 (klogd)]: family:1, type:2, protocol:0
sem_get: Key: 410f00aa
sem_get: Key: 410f00aa
nvram_set: [   17.387409] firmadyne: sys_socket[PID: 114 (klogd)]: family:1, type:1, protocol:0
[   17.389321] firmadyne: sys_socket[PID: 114 (klogd)]: family:1, type:2, protocol:0
[   17.392199] firmadyne: sys_socket[PID: 114 (klogd)]: family:1, type:1, protocol:0
lan6_ifnames = ""
sem_get: Key: 410f00aa
[   17.397498] firmadyne: sys_socket[PID: 114 (klogd)]: family:1, type:2, protocol:0
[   17.400464] firmadyne: sys_socket[PID: 114 (klogd)]: family:1, type:1, protocol:0
sem_get: Key: 410f00aa
nvram_set: lan7_ifnames = ""
sem_get[   17.409848] firmadyne: sys_socket[PID: 114 (klogd)]: family:1, type:2, protocol:0
: Key: 410f00aa
sem_get: Key: 410f00aa
[   17.417480] firmadyne: sys_socket[PID: 114 (klogd)]: family:1, type:1, protocol:0
[   17.418946] firmadyne: sys_socket[PID: 114 (klogd)]: family:1, type:2, protocol:0
nvram_set: lan8_ifnames = ""
[   17.426236] firmadyne: sys_socket[PID: 114 (klogd)]: family:1, type:1, protocol:0
[   17.427708] firmadyne: sys_socket[PID: 114 (klogd)]: family:1, type:2, protocol:0
sem_get: Key: 410f00aa
sem_get: Key: [   17.435170] firmadyne: sys_socket[PID: 114 (klogd)]: family:1, type:1, protocol:0
[   17.436618] firmadyne: sys_socket[PID: 114 (klogd)]: family:1, type:2, protocol:0
410f00aa
nvram_set: lan9_ifnames = ""
sem_get: Key: 410f00aa
[   17.447214] firmadyne: sys_socket[PID: 114 (klogd)]: family:1, type:1, protocol:0
[   17.448664] firmadyne: sys_socket[PID: 114 (klogd)]: family:1, type:2, protocol:0
[   17.451959] firmadyne: sys_socket[PID: 114 (klogd)]: family:1, type:1, protocol:0
[   17.453601] firmadyne: sys_socket[PID: 114 (klogd)]: family:1, type:2, protocol:0
[   17.456503] firmadyne: sys_socket[PID: 114 (klogd)]: family:1, type:1, protocol:0
sem_get: Key: 410f00aa
nvram_set_default: Loading built-in default values = 1!
nvram_set_default: Checking for symbol "router_defaults"...
[   17.466089] firmadyne: sys_socket[PID: 114 (klogd)]: family:1, type:2, protocol:0
nvram_set_default: Checking for symbol "Nvrams"...
[   17.476197] firmadyne: sys_socket[PID: 114 (klogd)]: family:1, type:1, protocol:0
[   17.477942] firmadyne: sys_socket[PID: 114 (klogd)]: family:1, type:2, protocol:0
[   17.485204] firmadyne: sys_socket[PID: 114 (klogd)]: family:1, type:1, protocol:0
[   17.486714] firmadyne: sys_socket[PID: 114 (klogd)]: family:1, type:2, protocol:0
nvram_set: time_zone = "GMT+8"
sem_get: Key: 410f00aa
sem_get: Key: 410f00aa
[   17.517388] firmadyne: sys_socket[PID: 114 (klogd)]: family:1, type:1, protocol:0
[   17.518896] firmadyne: sys_socket[PID: 114 (klogd)]: family:1, type:2, protocol:0
nvram_set: time_daylight = ""
[   17.526478] firmadyne: sys_socket[PID: 114 (klogd)]: family:1, type:1, protocol:0
[   17.527955] firmadyne: sys_socket[PID: 114 (klogd)]: family:1, type:2, protocol:0
sem_get: Key: 410f00aa
sem_get: Key: [   17.535447] firmadyne: sys_socket[PID: 114 (klogd)]: family:1, type:1, protocol:0
410f00aa
[   17.541129] firmadyne: sys_socket[PID: 114 (klogd)]: family:1, type:2, protocol:0
[   17.544086] firmadyne: sys_socket[PID: 114 (klogd)]: family:1, type:1, protocol:0
nvram_set: restore_default = "[   17.549763] firmadyne: sys_socket[PID: 114 (klogd)]: family:1, type:2, protocol:0
[   17.552692] firmadyne: sys_socket[PID: 114 (klogd)]: family:1, type:1, protocol:0
0"
sem_get: Key: 410f00aa
sem_get: Key: 410f00aa
[   17.561586] firmadyne: sys_socket[PID: 114 (klogd)]: family:1, type:2, protocol:0
[   17.564521] firmadyne: sys_socket[PID: 114 (klogd)]: family:1, type:1, protocol:0
nvram_set: wiz_language = "English"
[   17.573585] firmadyne: sys_socket[PID: 114 (klogd)]: family:1, type:2, protocol:0
[   17.576486] firmadyne: sys_socket[PID: 114 (klogd)]: family:1, type:1, protocol:0
[   17.578398] firmadyne: sys_socket[PID: 114 (klogd)]: family:1, type:2, protocol:0
[   17.581482] firmadyne: sys_socket[PID: 114 (klogd)]: family:1, type:1, protocol:0
[   17.582894] firmadyne: sys_socket[PID: 114 (klogd)]: family:1, type:2, protocol:0
sem_get: Key: 410f00aa
sem_get: Key: 410f00aa
[   17.594052] firmadyne: sys_socket[PID: 114 (klogd)]: family:1, type:1, protocol:0
[   17.595516] firmadyne: sys_socket[PID: 114 (klogd)]: family:1, type:2, protocol:0
nvram_set: wiz_country = "US[   17.602663] firmadyne: sys_socket[PID: 114 (klogd)]: family:1, type:1, protocol:0
[   17.604094] firmadyne: sys_socket[PID: 114 (klogd)]: family:1, type:2, protocol:0
"
sem_get: Key: 410f00aa
sem_get: Key: 410f00aa
[   17.615059] firmadyne: sys_socket[PID: 114 (klogd)]: family:1, type:1, protocol:0
[   17.616484] firmadyne: sys_socket[PID: 114 (klogd)]: family:1, type:2, protocol:0
[   17.619841] firmadyne: sys_socket[PID: 114 (klogd)]: family:1, type:1, protocol:0
[   17.621425] firmadyne: sys_socket[PID: 114 (klogd)]: family:1, type:2, protocol:0
[   17.624273] firmadyne: sys_socket[PID: 114 (klogd)]: family:1, type:1, protocol:0
nvram_set: fix_ipaddr = ""
sem_get: Key: 410f00aa
[   17.633615] firmadyne: sys_socket[PID: 114 (klogd)]: family:1, type:2, protocol:0
[   17.636562] firmadyne: sys_socket[PID: 114 (klogd)]: family:1, type:1, protocol:0
sem_get: Key: 410f00aa
nvram_set: [   17.645824] firmadyne: sys_socket[PID: 114 (klogd)]: family:1, type:2, protocol:0
[   17.648760] firmadyne: sys_socket[PID: 114 (klogd)]: family:1, type:1, protocol:0
fix_netmask = ""
sem_get: Key: 410f00aa
sem_get: Key: 410f00aa
[   17.657558] firmadyne: sys_socket[PID: 114 (klogd)]: family:1, type:2, protocol:0
[   17.660463] firmadyne: sys_socket[PID: 114 (klogd)]: family:1, type:1, protocol:0
[   17.662369] firmadyne: sys_socket[PID: 114 (klogd)]: family:1, type:2, protocol:0
[   17.665451] firmadyne: sys_socket[PID: 114 (klogd)]: family:1, type:1, protocol:0
[   17.666862] firmadyne: sys_socket[PID: 114 (klogd)]: family:1, type:2, protocol:0
nvram_set: fix_gateway = ""
sem_get: Key: 410f00aa
sem_get: Key: 410f00aa
[   17.682051] firmadyne: sys_socket[PID: 114 (klogd)]: family:1, type:1, protocol:0
[   17.683543] firmadyne: sys_socket[PID: 114 (klogd)]: family:1, type:2, protocol:0
[   17.690716] firmadyne: sys_socket[PID: 114 (klogd)]: family:1, type:1, protocol:0
[   17.692163] firmadyne: sys_socket[PID: 114 (klogd)]: family:1, type:2, protocol:0
nvram_set: wan_ifname = "ppp0"
[   17.699000] firmadyne: sys_socket[PID: 114 (klogd)]: family:1, type:1, protocol:0
[   17.700441] firmadyne: sys_socket[PID: 114 (klogd)]: family:1, type:2, protocol:0
sem_get: Key: 410f00aa
sem_get: Key: 410f00aa
[   17.711088] firmadyne: sys_socket[PID: 114 (klogd)]: family:1, type:1, protocol:0
[   17.712528] firmadyne: sys_socket[PID: 114 (klogd)]: family:1, type:2, protocol:0
nvram_set: wan_mode = "pppoe"
sem_get: Key: 410f00aa
[   17.723057] firmadyne: sys_socket[PID: 114 (klogd)]: family:1, type:1, protocol:0
