[    0.000000] Linux version 4.1.17+ (alessio@pc) (gcc version 5.5.0 20171010 (Ubuntu 5.5.0-12ubuntu1) ) #1 Mon May 15 23:04:08 CEST 2023
[    0.000000] earlycon: Early serial console at I/O port 0x3f8 (options '38400n8')
[    0.000000] bootconsole [uart0] enabled
[    0.000000] CPU0 revision is: 00019300 (MIPS 24Kc)
[    0.000000] FPU revision is: 00739300
[    0.000000] Software DMA cache coherency enabled
[    0.000000] Determined physical RAM map:
[    0.000000]  memory: 00001000 @ 00000000 (reserved)
[    0.000000]  memory: 000ef000 @ 00001000 (ROM data)
[    0.000000]  memory: 00798000 @ 000f0000 (reserved)
[    0.000000]  memory: 0f777000 @ 00888000 (usable)
[    0.000000] debug: ignoring loglevel setting.
[    0.000000] Wasting 69888 bytes for tracking 2184 unused pages
[    0.000000] Initrd not found or empty - disabling initrd
[    0.000000] Zone ranges:
[    0.000000]   DMA      [mem 0x0000000000000000-0x0000000000ffffff]
[    0.000000]   Normal   [mem 0x0000000001000000-0x000000000fffefff]
[    0.000000] Movable zone start for each node
[    0.000000] Early memory node ranges
[    0.000000]   node   0: [mem 0x0000000000000000-0x000000000fffefff]
[    0.000000] Initmem setup node 0 [mem 0x0000000000000000-0x000000000fffefff]
[    0.000000] On node 0 totalpages: 65535
[    0.000000] free_area_init_node: node 0, pgdat 8081d5b0, node_mem_map 81000000
[    0.000000]   DMA zone: 32 pages used for memmap
[    0.000000]   DMA zone: 0 pages reserved
[    0.000000]   DMA zone: 4096 pages, LIFO batch:0
[    0.000000]   Normal zone: 480 pages used for memmap
[    0.000000]   Normal zone: 61439 pages, LIFO batch:15
[    0.000000] Primary instruction cache 2kB, VIPT, 2-way, linesize 16 bytes.
[    0.000000] Primary data cache 2kB, 2-way, VIPT, no aliases, linesize 16 bytes
[    0.000000] pcpu-alloc: s0 r0 d32768 u32768 alloc=1*32768
[    0.000000] pcpu-alloc: [0] 0 
[    0.000000] Built 1 zonelists in Zone order, mobility grouping on.  Total pages: 65023
[    0.000000] Kernel command line: root=/dev/sda1 console=ttyS0 nandsim.parts=64,64,64,64,64,64,64,64,64,64 rdinit=/firmadyne/preInit.sh rw debug ignore_loglevel print-fatal-signals=1 FIRMAE_NET=true FIRMAE_NVRAM=true FIRMAE_KERNEL=true FIRMAE_ETC=true user_debug=0 firmadyne.syscall=1 noka
[    0.000000] found FIRMAE_KERNEL=t
[    0.000000] set the LD_PRELOAD=/firmadyne/libnvram_ioctl.so
[    0.000000] PID hash table entries: 1024 (order: 0, 4096 bytes)
[    0.000000] Dentry cache hash table entries: 32768 (order: 5, 131072 bytes)
[    0.000000] Inode-cache hash table entries: 16384 (order: 4, 65536 bytes)
[    0.000000] Writing ErrCtl register=00000000
[    0.000000] Readback ErrCtl register=00000000
[    0.000000] Memory: 251112K/262140K available (5360K kernel code, 244K rwdata, 1676K rodata, 260K init, 158K bss, 11028K reserved, 0K cma-reserved)
[    0.000000] NR_IRQS:256
[    0.000000] CPU frequency 200.01 MHz
[    0.000000] clocksource MIPS: mask: 0xffffffff max_cycles: 0xffffffff, max_idle_ns: 19112063019 ns
[    0.000204] sched_clock: 32 bits at 100MHz, resolution 9ns, wraps every 21474228219ns
[    0.015876] Console: colour dummy device 80x25
[    0.017029] Calibrating delay loop... 24.22 BogoMIPS (lpj=48448)
[    0.069241] pid_max: default: 32768 minimum: 301
[    0.073812] Mount-cache hash table entries: 1024 (order: 0, 4096 bytes)
[    0.074349] Mountpoint-cache hash table entries: 1024 (order: 0, 4096 bytes)
[    0.141639] clocksource jiffies: mask: 0xffffffff max_cycles: 0xffffffff, max_idle_ns: 7645041785100000 ns
[    0.152938] NET: Registered protocol family 16
[    0.446679] clocksource pit: mask: 0xffffffff max_cycles: 0xffffffff, max_idle_ns: 1601818034827 ns
[    0.609494] vgaarb: loaded
[    0.615373] SCSI subsystem initialized
[    0.617949] libata version 3.00 loaded.
[    0.622497] usbcore: registered new interface driver usbfs
[    0.623936] usbcore: registered new interface driver hub
[    0.625207] usbcore: registered new device driver usb
[    0.627917] pps_core: LinuxPPS API ver. 1 registered
[    0.628322] pps_core: Software ver. 5.3.6 - Copyright 2005-2007 Rodolfo Giometti <giometti@linux.it>
[    0.629473] PTP clock support registered
[    0.634384] PCI host bridge to bus 0000:00
[    0.635141] pci_bus 0000:00: root bus resource [mem 0x10000000-0x17ffffff]
[    0.635759] pci_bus 0000:00: root bus resource [io  0x1000-0x1fffff]
[    0.636358] pci_bus 0000:00: root bus resource [??? 0x00000000 flags 0x0]
[    0.636956] pci_bus 0000:00: No busn resource found for root bus, will use [bus 00-ff]
[    0.638466] pci 0000:00:00.0: [11ab:4620] type 00 class 0x060000
[    0.639403] pci 0000:00:00.0: [Firmware Bug]: reg 0x14: invalid BAR (can't size)
[    0.640002] pci 0000:00:00.0: [Firmware Bug]: reg 0x18: invalid BAR (can't size)
[    0.640594] pci 0000:00:00.0: [Firmware Bug]: reg 0x1c: invalid BAR (can't size)
[    0.641182] pci 0000:00:00.0: [Firmware Bug]: reg 0x20: invalid BAR (can't size)
[    0.641949] pci 0000:00:00.0: [Firmware Bug]: reg 0x24: invalid BAR (can't size)
[    0.646141] pci 0000:00:0a.0: [8086:7110] type 00 class 0x060100
[    0.649663] pci 0000:00:0a.1: [8086:7111] type 00 class 0x010180
[    0.650670] pci 0000:00:0a.1: reg 0x20: [io  0x0000-0x000f]
[    0.651308] pci 0000:00:0a.1: legacy IDE quirk: reg 0x10: [io  0x01f0-0x01f7]
[    0.651935] pci 0000:00:0a.1: legacy IDE quirk: reg 0x14: [io  0x03f6]
[    0.652502] pci 0000:00:0a.1: legacy IDE quirk: reg 0x18: [io  0x0170-0x0177]
[    0.653084] pci 0000:00:0a.1: legacy IDE quirk: reg 0x1c: [io  0x0376]
[    0.656524] pci 0000:00:0a.2: [8086:7112] type 00 class 0x0c0300
[    0.657217] pci 0000:00:0a.2: reg 0x20: [io  0x0000-0x001f]
[    0.660627] pci 0000:00:0a.3: [8086:7113] type 00 class 0x068000
[    0.662053] pci 0000:00:0a.3: quirk: [io  0x1000-0x103f] claimed by PIIX4 ACPI
[    0.662887] pci 0000:00:0a.3: quirk: [io  0x1100-0x110f] claimed by PIIX4 SMB
[    0.666135] pci 0000:00:12.0: [1013:00b8] type 00 class 0x030000
[    0.666808] pci 0000:00:12.0: reg 0x10: [mem 0x00000000-0x01ffffff pref]
[    0.667551] pci 0000:00:12.0: reg 0x14: [mem 0x00000000-0x00000fff]
[    0.668214] pci 0000:00:12.0: reg 0x30: [mem 0x00000000-0x0000ffff pref]
[    0.670969] vgaarb: device added: PCI:0000:00:12.0,decodes=io+mem,owns=none,locks=none
[    0.672456] pci 0000:00:13.0: [8086:100e] type 00 class 0x020000
[    0.673087] pci 0000:00:13.0: reg 0x10: [mem 0x00000000-0x0001ffff]
[    0.673673] pci 0000:00:13.0: reg 0x14: [io  0x0000-0x003f]
[    0.674299] pci 0000:00:13.0: reg 0x30: [mem 0x00000000-0x0003ffff pref]
[    0.677722] pci 0000:00:14.0: [8086:100e] type 00 class 0x020000
[    0.678383] pci 0000:00:14.0: reg 0x10: [mem 0x00000000-0x0001ffff]
[    0.679005] pci 0000:00:14.0: reg 0x14: [io  0x0000-0x003f]
[    0.679646] pci 0000:00:14.0: reg 0x30: [mem 0x00000000-0x0003ffff pref]
[    0.683185] pci 0000:00:15.0: [8086:100e] type 00 class 0x020000
[    0.683799] pci 0000:00:15.0: reg 0x10: [mem 0x00000000-0x0001ffff]
[    0.684515] pci 0000:00:15.0: reg 0x14: [io  0x0000-0x003f]
[    0.685156] pci 0000:00:15.0: reg 0x30: [mem 0x00000000-0x0003ffff pref]
[    0.688393] pci 0000:00:16.0: [8086:100e] type 00 class 0x020000
[    0.689154] pci 0000:00:16.0: reg 0x10: [mem 0x00000000-0x0001ffff]
[    0.689730] pci 0000:00:16.0: reg 0x14: [io  0x0000-0x003f]
[    0.690357] pci 0000:00:16.0: reg 0x30: [mem 0x00000000-0x0003ffff pref]
[    0.693860] pci_bus 0000:00: busn_res: [bus 00-ff] end is updated to 00
[    0.695424] pci 0000:00:12.0: BAR 0: assigned [mem 0x10000000-0x11ffffff pref]
[    0.696239] pci 0000:00:13.0: BAR 6: assigned [mem 0x12000000-0x1203ffff pref]
[    0.697168] pci 0000:00:14.0: BAR 6: assigned [mem 0x12040000-0x1207ffff pref]
[    0.697891] pci 0000:00:15.0: BAR 6: assigned [mem 0x12080000-0x120bffff pref]
[    0.698583] pci 0000:00:16.0: BAR 6: assigned [mem 0x120c0000-0x120fffff pref]
[    0.699224] pci 0000:00:13.0: BAR 0: assigned [mem 0x12100000-0x1211ffff]
[    0.699864] pci 0000:00:14.0: BAR 0: assigned [mem 0x12120000-0x1213ffff]
[    0.700494] pci 0000:00:15.0: BAR 0: assigned [mem 0x12140000-0x1215ffff]
[    0.701300] pci 0000:00:16.0: BAR 0: assigned [mem 0x12160000-0x1217ffff]
[    0.701963] pci 0000:00:12.0: BAR 6: assigned [mem 0x12180000-0x1218ffff pref]
[    0.702632] pci 0000:00:12.0: BAR 1: assigned [mem 0x12190000-0x12190fff]
[    0.703266] pci 0000:00:13.0: BAR 1: assigned [io  0x1040-0x107f]
[    0.703849] pci 0000:00:14.0: BAR 1: assigned [io  0x1080-0x10bf]
[    0.704425] pci 0000:00:15.0: BAR 1: assigned [io  0x10c0-0x10ff]
[    0.705032] pci 0000:00:16.0: BAR 1: assigned [io  0x1400-0x143f]
[    0.705806] pci 0000:00:0a.2: BAR 4: assigned [io  0x1440-0x145f]
[    0.706421] pci 0000:00:0a.1: BAR 4: assigned [io  0x1460-0x146f]
[    0.724997] cfg80211: Calling CRDA to update world regulatory domain
[    0.739399] Switched to clocksource MIPS
[    0.860699] NET: Registered protocol family 2
[    0.873555] TCP established hash table entries: 2048 (order: 1, 8192 bytes)
[    0.874752] TCP bind hash table entries: 2048 (order: 1, 8192 bytes)
[    0.876069] TCP: Hash tables configured (established 2048 bind 2048)
[    0.877197] UDP hash table entries: 256 (order: 0, 4096 bytes)
[    0.877919] UDP-Lite hash table entries: 256 (order: 0, 4096 bytes)
[    0.882182] NET: Registered protocol family 1
[    0.884133] PCI: Enabling device 0000:00:0a.2 (0000 -> 0001)
[    0.885740] PCI: CLS 0 bytes, default 16
[    0.920410] futex hash table entries: 256 (order: -1, 3072 bytes)
[    0.938136] squashfs: version 4.0 (2009/01/31) Phillip Lougher
[    0.940929] jffs2: version 2.2. (NAND) Â© 2001-2006 Red Hat, Inc.
[    0.944667] romfs: ROMFS MTD (C) 2007 Red Hat, Inc.
[    0.970607] Block layer SCSI generic (bsg) driver version 0.4 loaded (major 251)
[    0.971544] io scheduler noop registered
[    0.972323] io scheduler cfq registered (default)
[    0.973374] firmadyne: devfs: 1, execute: 1, procfs: 1, syscall: 1
[    0.979734] firmadyne: Cannot register character device: gpio, 0xfc, 0x0!
[    0.988898] firmadyne: Cannot register character device: watchdog, 0xa, 0x82!
[    0.989424] firmadyne: Cannot register character device: wdt, 0xfd, 0x0!
[    2.817003] strName = 4.1.17+
[    2.817003] init_task_addr  = 2155778944
[    2.817003] init_task_size  = 1296
[    2.817003] ts_tasks        = 292
[    2.817003] ts_pid          = 408
[    2.817003] ts_tgid         = 412
[    2.817003] ts_group_leader = 440
[    2.817003] ts_thread_group = 496
[    2.817003] ts_real_parent  = 416
[    2.817003] ts_mm           = 300
[    2.817003] ts_stack        = 4
[    2.819613] module_name   = 12
[    2.819613] module_size   = 208
[    2.819613] module_init   = 200
[    2.819613] module_list   = 4
[    2.820577] ts_real_cred    = 624
[    2.820577] ts_cred         = 628
[    2.820577] ts_comm         = 632
[    2.820577] cred_uid        = 4
[    2.820577] cred_gid        = 8
[    2.820577] cred_euid       = 20
[    2.820577] cred_egid       = 24
[    2.822130] mm_mmap         = 0
[    2.822130] mm_pgd          = 32
[    2.822130] mm_arg_start    = 136
[    2.822130] mm_start_brk    = 124
[    2.822130] mm_brk          = 128
[    2.822130] mm_start_stack  = 132
[    2.823666] vma_vm_start    = 0
[    2.823666] vma_vm_end      = 4
[    2.823666] vma_vm_next     = 8
[    2.823666] vma_vm_file     = 80
[    2.823666] vma_vm_flags    = 40
[    2.823666] vma_vm_pgoff    = 76
[    2.825028] file_dentry     = 12
[    2.825028] file_inode      = 40
[    2.825028] dentry_d_name   = 24
[    2.825028] dentry_d_iname  = 44
[    2.825028] dentry_d_parent = 16
[    2.825028] ti_task         = 0
[    2.825028] inode_ino   = 28
[    3.959670] proc_fork_connector  = 2151078840
[    3.960064] proc_exit_connector  = 2151080432
[    3.960413] proc_exec_connector  = 2151079052
[    3.960766] vma_link  = 2149124372
[    3.961047] vma_adjust  = 2149124540
[    3.961334] remove_vma  = 2149122188
[    3.961625] modules  = 2155833724
[    3.961907] trim_init_extable  = 2150545316
[    3.963199] cfg80211: Calling CRDA to update world regulatory domain
[    3.967002] PCI: Enabling device 0000:00:12.0 (0000 -> 0002)
[    3.968506] cirrusfb 0000:00:12.0: Cirrus Logic chipset on PCI bus, RAM (4096 kB) at 0x10000000
[    4.208131] Console: switching to colour frame buffer device 80x30
[    4.283643] Serial: 8250/16550 driver, 4 ports, IRQ sharing enabled
[    4.299223] console [ttyS0] disabled
[    4.326623] serial8250.0: ttyS0 at I/O 0x3f8 (irq = 4, base_baud = 115200) is a 16550A
[    4.328118] console [ttyS0] enabled
[    4.328118] console [ttyS0] enabled
[    4.328786] bootconsole [uart0] disabled
[    4.328786] bootconsole [uart0] disabled
[    4.361972] serial8250.0: ttyS1 at I/O 0x2f8 (irq = 3, base_baud = 115200) is a 16550A
[    4.496511] brd: module loaded
[    4.565635] loop: module loaded
[    4.573081] ata_piix 0000:00:0a.1: version 2.13
[    4.573713] PCI: Enabling device 0000:00:0a.1 (0000 -> 0001)
[    4.602130] scsi host0: ata_piix
[    4.608417] scsi host1: ata_piix
[    4.612655] ata1: PATA max UDMA/33 cmd 0x1f0 ctl 0x3f6 bmdma 0x1460 irq 14
[    4.613222] ata2: PATA max UDMA/33 cmd 0x170 ctl 0x376 bmdma 0x1468 irq 15
[    4.620596] [nandsim] warning: read_byte: unexpected data output cycle, state is STATE_READY return 0x0
[    4.621239] [nandsim] warning: read_byte: unexpected data output cycle, state is STATE_READY return 0x0
[    4.621868] [nandsim] warning: read_byte: unexpected data output cycle, state is STATE_READY return 0x0
[    4.622484] [nandsim] warning: read_byte: unexpected data output cycle, state is STATE_READY return 0x0
[    4.623095] [nandsim] warning: read_byte: unexpected data output cycle, state is STATE_READY return 0x0
[    4.623924] [nandsim] warning: read_byte: unexpected data output cycle, state is STATE_READY return 0x0
[    4.624754] nand: device found, Manufacturer ID: 0x98, Chip ID: 0x39
[    4.625225] nand: Toshiba NAND 128MiB 1,8V 8-bit
[    4.625665] nand: 128 MiB, SLC, erase size: 16 KiB, page size: 512, OOB size: 16
[    4.627613] flash size: 128 MiB
[    4.627904] page size: 512 bytes
[    4.628187] OOB area size: 16 bytes
[    4.628486] sector size: 16 KiB
[    4.628758] pages number: 262144
[    4.629042] pages per sector: 32
[    4.629318] bus width: 8
[    4.629571] bits in sector size: 14
[    4.629860] bits in page size: 9
[    4.630144] bits in OOB size: 4
[    4.630430] flash size with OOB: 135168 KiB
[    4.630752] page address bytes: 4
[    4.631034] sector address bytes: 3
[    4.631487] options: 0x42
[    4.724777] Scanning device for bad blocks
[    6.073583] ata2.01: NODEV after polling detection
[    6.075652] ata2.00: ATAPI: QEMU DVD-ROM, 2.5+, max UDMA/100
[    6.077208] ata1.01: NODEV after polling detection
[    6.078590] ata1.00: ATA-7: QEMU HARDDISK, 2.5+, max UDMA/100
[    6.079092] ata1.00: 2097152 sectors, multi 16: LBA48 
[    6.086132] ata2.00: configured for UDMA/33
[    6.089817] ata1.00: configured for UDMA/33
[    6.098739] scsi 0:0:0:0: Direct-Access     ATA      QEMU HARDDISK    2.5+ PQ: 0 ANSI: 5
[    6.116326] sd 0:0:0:0: [sda] 2097152 512-byte logical blocks: (1.07 GB/1.00 GiB)
[    6.118048] scsi 1:0:0:0: CD-ROM            QEMU     QEMU DVD-ROM     2.5+ PQ: 0 ANSI: 5
[    6.132764] sd 0:0:0:0: [sda] Write Protect is off
[    6.133327] sd 0:0:0:0: [sda] Mode Sense: 00 3a 00 00
[    6.135004] sd 0:0:0:0: [sda] Write cache: enabled, read cache: enabled, doesn't support DPO or FUA
[    6.147801]  sda: sda1
[    6.161184] sd 0:0:0:0: [sda] Attached SCSI disk
[    6.161803] Creating 11 MTD partitions on "NAND 128MiB 1,8V 8-bit":
[    6.162508] 0x000000000000-0x000000100000 : "NAND simulator partition 0"
[    6.175000] 0x000000100000-0x000000200000 : "NAND simulator partition 1"
[    6.186792] 0x000000200000-0x000000300000 : "NAND simulator partition 2"
[    6.198690] 0x000000300000-0x000000400000 : "NAND simulator partition 3"
[    6.210794] 0x000000400000-0x000000500000 : "NAND simulator partition 4"
[    6.222889] 0x000000500000-0x000000600000 : "NAND simulator partition 5"
[    6.235185] 0x000000600000-0x000000700000 : "NAND simulator partition 6"
[    6.247946] 0x000000700000-0x000000800000 : "NAND simulator partition 7"
[    6.260778] 0x000000800000-0x000000900000 : "NAND simulator partition 8"
[    6.272355] 0x000000900000-0x000000a00000 : "NAND simulator partition 9"
[    6.284193] 0x000000a00000-0x000008000000 : "NAND simulator partition 10"
[    6.335591] tun: Universal TUN/TAP device driver, 1.6
[    6.335997] tun: (C) 1999-2004 Max Krasnyansky <maxk@qualcomm.com>
[    6.339993] pcnet32: pcnet32.c:v1.35 21.Apr.2008 tsbogend@alpha.franken.de
[    6.341437] e1000: Intel(R) PRO/1000 Network Driver - version 7.3.21-k8-NAPI
[    6.341925] e1000: Copyright (c) 1999-2006 Intel Corporation.
[    6.342962] PCI: Enabling device 0000:00:13.0 (0000 -> 0003)
[    6.677786] e1000 0000:00:13.0 eth0: (PCI:33MHz:32-bit) 52:54:00:12:34:56
[    6.678602] e1000 0000:00:13.0 eth0: Intel(R) PRO/1000 Network Connection
[    6.679599] PCI: Enabling device 0000:00:14.0 (0000 -> 0003)
[    6.995205] e1000 0000:00:14.0 eth1: (PCI:33MHz:32-bit) 52:54:00:12:34:57
[    6.996016] e1000 0000:00:14.0 eth1: Intel(R) PRO/1000 Network Connection
[    6.996801] PCI: Enabling device 0000:00:15.0 (0000 -> 0003)
[    7.254271] cfg80211: Calling CRDA to update world regulatory domain
[    7.304071] e1000 0000:00:15.0 eth2: (PCI:33MHz:32-bit) 52:54:00:12:34:58
[    7.304675] e1000 0000:00:15.0 eth2: Intel(R) PRO/1000 Network Connection
[    7.305458] PCI: Enabling device 0000:00:16.0 (0000 -> 0003)
[    7.620991] e1000 0000:00:16.0 eth3: (PCI:33MHz:32-bit) 52:54:00:12:34:59
[    7.621672] e1000 0000:00:16.0 eth3: Intel(R) PRO/1000 Network Connection
[    7.623620] e1000e: Intel(R) PRO/1000 Network Driver - 2.3.2-k
[    7.624082] e1000e: Copyright(c) 1999 - 2014 Intel Corporation.
[    7.629622] PPP generic driver version 2.4.2
[    7.632344] PPP Deflate Compression module registered
[    7.633114] PPP MPPE Compression module registered
[    7.633605] NET: Registered protocol family 24
[    7.634464] ehci_hcd: USB 2.0 'Enhanced' Host Controller (EHCI) Driver
[    7.635054] ehci-pci: EHCI PCI platform driver
[    7.636610] ohci_hcd: USB 1.1 'Open' Host Controller (OHCI) Driver
[    7.637181] ohci-pci: OHCI PCI platform driver
[    7.638532] uhci_hcd: USB Universal Host Controller Interface driver
[    7.640570] uhci_hcd 0000:00:0a.2: UHCI Host Controller
[    7.641490] uhci_hcd 0000:00:0a.2: new USB bus registered, assigned bus number 1
[    7.642723] uhci_hcd 0000:00:0a.2: irq 11, io base 0x00001440
[    7.656813] hub 1-0:1.0: USB hub found
[    7.657734] hub 1-0:1.0: 2 ports detected
[    7.669808] usbcore: registered new interface driver usb-storage
[    7.675054] mousedev: PS/2 mouse device common for all mice
[    7.683067] rtc_cmos rtc_cmos: rtc core: registered rtc_cmos as rtc0
[    7.684152] rtc_cmos rtc_cmos: alarms up to one day, 242 bytes nvram
[    7.685897] i2c /dev entries driver
[    7.687540] piix4_smbus 0000:00:0a.3: SMBus Host Controller at 0x1100, revision 0
[    7.693529] sdhci: Secure Digital Host Controller Interface driver
[    7.694018] sdhci: Copyright(c) Pierre Ossman
[    7.697033] hidraw: raw HID events driver (C) Jiri Kosina
[    7.720671] usbcore: registered new interface driver usbhid
[    7.721091] usbhid: USB HID core driver
[    7.722414] Netfilter messages via NETLINK v0.30.
[    7.724174] nf_conntrack version 0.5.0 (3923 buckets, 15692 max)
[    7.728265] ctnetlink v0.93: registering with nfnetlink.
[    7.735460] ipip: IPv4 over IPv4 tunneling driver
[    7.750499] ip_tables: (C) 2000-2006 Netfilter Core Team
[    7.754040] arp_tables: (C) 2002 David S. Miller
[    7.756483] Initializing XFRM netlink socket
[    7.757939] NET: Registered protocol family 10
[    7.784956] ip6_tables: (C) 2000-2006 Netfilter Core Team
[    7.789853] sit: IPv6 over IPv4 tunneling driver
[    7.811256] NET: Registered protocol family 17
[    7.812526] bridge: automatic filtering via arp/ip/ip6tables has been deprecated. Update your scripts to load br_netfilter if you need this.
[    7.813829] Bridge firewalling registered
[    7.814327] Ebtables v2.0 registered
[    7.818074] 8021q: 802.1Q VLAN Support v1.8
[    7.846069] rtc_cmos rtc_cmos: setting system clock to 2025-07-23 04:40:30 UTC (1753245630)
[    7.872311] EXT2-fs (sda1): warning: mounting unchecked fs, running e2fsck is recommended
[    7.874675] VFS: Mounted root (ext2 filesystem) on device 8:1.
[    7.885800] Freeing YAMON memory: 956k freed
[    7.898850] Freeing unused kernel memory: 260K (8081f000 - 80860000)
[    7.934738] firmadyne: sys_reboot[PID: 1 (init)]: magic1:fee1dead, magic2:28121969, cmd:0
init started: BusyBox v1.14.1 (2024-07-07 02:43:58 CEST)
[    7.947706] spurious 8259A interrupt: IRQ7.
starting pid 48, tty '': '/etc/init.d/rcS'
[    8.039637] firmadyne: do_execve: /firmadyne/console
[    8.040316] OFFSETS: offset of pid: 0x198 offset of comm: 0x278
[/etc/init.d/S03config.sh]
Mounting proc and var ...
[   10.396063] cfg80211: Calling CRDA to update world regulatory domain
SymbLink /dev/mtdblock/0
SymbLink /dev/mtdblock/1
SymbLink /dev/mtdblock/10
SymbLink /dev/mtdblock/2
SymbLink /dev/mtdblock/3
SymbLink /dev/mtdblock/4
SymbLink /dev/mtdblock/5
SymbLink /dev/mtdblock/6
[   13.540093] cfg80211: Calling CRDA to update world regulatory domain
SymbLink /dev/mtdblock/7
SymbLink /dev/mtdblock/8
SymbLink /dev/mtdblock/9
Inserting kernel modules ...
Inserting Rebootm ...
Inserting atheros ethernet ...
Inserting gpio ...
done.
Start xmldb ...
[   14.744112] firmadyne: sys_socket[PID: 147 (xmldb)]: family:1, type:2, protocol:0
[   15.737254] random: nonblocking pool is initialized
[/etc/scripts/misc/profile.sh] get ...
DEVCONF: unable to read config data (ret=-3) !
CAN NOT get devive config, generate default!
[/etc/scripts/misc/profile.sh] reset ...
[   16.278144] firmadyne: sys_socket[PID: 159 (rgdb)]: family:1, type:2, protocol:0
[/etc/scripts/misc/defnodes.sh] ...
[/etc/defnodes/S10setext.sh] ...
[   16.683741] cfg80211: Calling CRDA to update world regulatory domain
[   16.708675] firmadyne: sys_socket[PID: 165 (xmldbc)]: family:1, type:2, protocol:0
[   16.768491] firmadyne: sys_socket[PID: 167 (xmldbc)]: family:1, type:2, protocol:0
[   16.829012] firmadyne: sys_socket[PID: 168 (xmldbc)]: family:1, type:2, protocol:0
[   16.887270] firmadyne: sys_socket[PID: 169 (xmldbc)]: family:1, type:2, protocol:0
[   16.945569] firmadyne: sys_socket[PID: 170 (xmldbc)]: family:1, type:2, protocol:0
[   17.005484] firmadyne: sys_socket[PID: 171 (xmldbc)]: family:1, type:2, protocol:0
[   17.065369] firmadyne: sys_socket[PID: 172 (xmldbc)]: family:1, type:2, protocol:0
[   17.123950] firmadyne: sys_socket[PID: 173 (xmldbc)]: family:1, type:2, protocol:0
[   17.184515] firmadyne: sys_socket[PID: 174 (xmldbc)]: family:1, type:2, protocol:0
[   17.243820] firmadyne: sys_socket[PID: 175 (xmldbc)]: family:1, type:2, protocol:0
[   17.302893] firmadyne: sys_socket[PID: 176 (xmldbc)]: family:1, type:2, protocol:0
[   17.361628] firmadyne: sys_socket[PID: 177 (xmldbc)]: family:1, type:2, protocol:0
[   17.421836] firmadyne: sys_socket[PID: 178 (xmldbc)]: family:1, type:2, protocol:0
[   17.484375] firmadyne: sys_socket[PID: 179 (xmldbc)]: family:1, type:2, protocol:0
[   17.546266] firmadyne: sys_socket[PID: 180 (xmldbc)]: family:1, type:2, protocol:0
[   17.608288] firmadyne: sys_socket[PID: 181 (xmldbc)]: family:1, type:2, protocol:0
[   17.668082] firmadyne: sys_socket[PID: 182 (xmldbc)]: family:1, type:2, protocol:0
[   17.728064] firmadyne: sys_socket[PID: 183 (xmldbc)]: family:1, type:2, protocol:0
[   17.790833] firmadyne: sys_socket[PID: 184 (xmldbc)]: family:1, type:2, protocol:0
[   17.852129] firmadyne: sys_socket[PID: 185 (xmldbc)]: family:1, type:2, protocol:0
[   17.911964] firmadyne: sys_socket[PID: 186 (xmldbc)]: family:1, type:2, protocol:0
[   17.973691] firmadyne: sys_socket[PID: 187 (rgdb)]: family:1, type:2, protocol:0
[   18.034296] firmadyne: sys_socket[PID: 188 (rgdb)]: family:1, type:2, protocol:0
[   18.093928] firmadyne: sys_socket[PID: 189 (rgdb)]: family:1, type:2, protocol:0
[   18.154141] firmadyne: sys_socket[PID: 190 (rgdb)]: family:1, type:2, protocol:0
[   18.215230] firmadyne: sys_socket[PID: 191 (rgdb)]: family:1, type:2, protocol:0
[   18.275009] firmadyne: sys_socket[PID: 192 (rgdb)]: family:1, type:2, protocol:0
[   18.334991] firmadyne: sys_socket[PID: 193 (rgdb)]: family:1, type:2, protocol:0
[   18.395983] firmadyne: sys_socket[PID: 194 (rgdb)]: family:1, type:2, protocol:0
[   18.455685] firmadyne: sys_socket[PID: 195 (rgdb)]: family:1, type:2, protocol:0
[   18.518038] firmadyne: sys_socket[PID: 196 (rgdb)]: family:1, type:2, protocol:0
[   18.578534] firmadyne: sys_socket[PID: 197 (rgdb)]: family:1, type:2, protocol:0
[   18.640963] firmadyne: sys_socket[PID: 198 (rgdb)]: family:1, type:2, protocol:0
[   18.700444] firmadyne: sys_socket[PID: 199 (rgdb)]: family:1, type:2, protocol:0
[   18.760467] firmadyne: sys_socket[PID: 200 (rgdb)]: family:1, type:2, protocol:0
[   18.892166] firmadyne: sys_socket[PID: 202 (xmldbc)]: family:1, type:2, protocol:0
[   18.953055] firmadyne: sys_socket[PID: 203 (xmldbc)]: family:1, type:2, protocol:0
[   19.014835] firmadyne: sys_socket[PID: 204 (xmldbc)]: family:1, type:2, protocol:0
[   19.073788] firmadyne: sys_socket[PID: 205 (xmldbc)]: family:1, type:2, protocol:0
[   19.133339] firmadyne: sys_socket[PID: 206 (xmldbc)]: family:1, type:2, protocol:0
[   19.195178] firmadyne: sys_socket[PID: 207 (xmldbc)]: family:1, type:2, protocol:0
[   19.255397] firmadyne: sys_socket[PID: 208 (xmldbc)]: family:1, type:2, protocol:0
[   19.314887] firmadyne: sys_socket[PID: 209 (xmldbc)]: family:1, type:2, protocol:0
[   19.374933] firmadyne: sys_socket[PID: 210 (xmldbc)]: family:1, type:2, protocol:0
[   19.434414] firmadyne: sys_socket[PID: 211 (xmldbc)]: family:1, type:2, protocol:0
[   19.496000] firmadyne: sys_socket[PID: 212 (xmldbc)]: family:1, type:2, protocol:0
[   19.556266] firmadyne: sys_socket[PID: 213 (xmldbc)]: family:1, type:2, protocol:0
[   19.617258] firmadyne: sys_socket[PID: 214 (xmldbc)]: family:1, type:2, protocol:0
[   19.677479] firmadyne: sys_socket[PID: 215 (xmldbc)]: family:1, type:2, protocol:0
[   19.738742] firmadyne: sys_socket[PID: 216 (xmldbc)]: family:1, type:2, protocol:0
[   19.798792] firmadyne: sys_socket[PID: 217 (xmldbc)]: family:1, type:2, protocol:0
[   19.828005] cfg80211: Calling CRDA to update world regulatory domain
[   19.873761] firmadyne: sys_socket[PID: 218 (xmldbc)]: family:1, type:2, protocol:0
[   19.932609] firmadyne: sys_socket[PID: 220 (xmldbc)]: family:1, type:2, protocol:0
[   20.148035] firmadyne: sys_socket[PID: 225 (xmldbc)]: family:1, type:2, protocol:0
[   20.208095] firmadyne: sys_socket[PID: 226 (xmldbc)]: family:1, type:2, protocol:0
[   20.266665] firmadyne: sys_socket[PID: 227 (xmldbc)]: family:1, type:2, protocol:0
[   20.325150] firmadyne: sys_socket[PID: 228 (xmldbc)]: family:1, type:2, protocol:0
[   20.386127] firmadyne: sys_socket[PID: 229 (xmldbc)]: family:1, type:2, protocol:0
[   20.444338] firmadyne: sys_socket[PID: 230 (xmldbc)]: family:1, type:2, protocol:0
[   20.505701] firmadyne: sys_socket[PID: 231 (xmldbc)]: family:1, type:2, protocol:0
[   20.565513] firmadyne: sys_socket[PID: 232 (xmldbc)]: family:1, type:2, protocol:0
[   20.626486] firmadyne: sys_socket[PID: 233 (xmldbc)]: family:1, type:2, protocol:0
[   20.685765] firmadyne: sys_socket[PID: 234 (xmldbc)]: family:1, type:2, protocol:0
[   20.745161] firmadyne: sys_socket[PID: 235 (xmldbc)]: family:1, type:2, protocol:0
[   20.805173] firmadyne: sys_socket[PID: 236 (xmldbc)]: family:1, type:2, protocol:0
[   20.864956] firmadyne: sys_socket[PID: 237 (xmldbc)]: family:1, type:2, protocol:0
[   20.923135] firmadyne: sys_socket[PID: 238 (xmldbc)]: family:1, type:2, protocol:0
[   20.982722] firmadyne: sys_socket[PID: 239 (xmldbc)]: family:1, type:2, protocol:0
[   21.041484] firmadyne: sys_socket[PID: 240 (xmldbc)]: family:1, type:2, protocol:0
[   21.100710] firmadyne: sys_socket[PID: 241 (xmldbc)]: family:1, type:2, protocol:0
[   21.158762] firmadyne: sys_socket[PID: 242 (xmldbc)]: family:1, type:2, protocol:0
[   21.218985] firmadyne: sys_socket[PID: 243 (xmldbc)]: family:1, type:2, protocol:0
[   21.358307] firmadyne: sys_socket[PID: 247 (xmldbc)]: family:1, type:2, protocol:0
[   21.414186] firmadyne: sys_socket[PID: 248 (xmldbc)]: family:1, type:2, protocol:0
[   21.474585] firmadyne: sys_socket[PID: 249 (xmldbc)]: family:1, type:2, protocol:0
[   21.537761] firmadyne: sys_socket[PID: 250 (xmldbc)]: family:1, type:2, protocol:0
[   21.598251] firmadyne: sys_socket[PID: 251 (xmldbc)]: family:1, type:2, protocol:0
[   21.657677] firmadyne: sys_socket[PID: 252 (xmldbc)]: family:1, type:2, protocol:0
[   21.717772] firmadyne: sys_socket[PID: 253 (xmldbc)]: family:1, type:2, protocol:0
[   21.780475] firmadyne: sys_socket[PID: 254 (xmldbc)]: family:1, type:2, protocol:0
[   21.841613] firmadyne: sys_socket[PID: 255 (xmldbc)]: family:1, type:2, protocol:0
[   21.899897] firmadyne: sys_socket[PID: 256 (xmldbc)]: family:1, type:2, protocol:0
[   21.958745] firmadyne: sys_socket[PID: 257 (xmldbc)]: family:1, type:2, protocol:0
[   22.019299] firmadyne: sys_socket[PID: 258 (xmldbc)]: family:1, type:2, protocol:0
[   22.077723] firmadyne: sys_socket[PID: 259 (xmldbc)]: family:1, type:2, protocol:0
[   22.136429] firmadyne: sys_socket[PID: 260 (xmldbc)]: family:1, type:2, protocol:0
[   22.197742] firmadyne: sys_socket[PID: 261 (xmldbc)]: family:1, type:2, protocol:0
[   22.256774] firmadyne: sys_socket[PID: 262 (xmldbc)]: family:1, type:2, protocol:0
[   22.316039] firmadyne: sys_socket[PID: 263 (xmldbc)]: family:1, type:2, protocol:0
[   22.376989] firmadyne: sys_socket[PID: 264 (xmldbc)]: family:1, type:2, protocol:0
[   22.435355] firmadyne: sys_socket[PID: 265 (xmldbc)]: family:1, type:2, protocol:0
[   22.577545] firmadyne: sys_socket[PID: 269 (xmldbc)]: family:1, type:2, protocol:0
[   22.636079] firmadyne: sys_socket[PID: 270 (xmldbc)]: family:1, type:2, protocol:0
[   22.696149] firmadyne: sys_socket[PID: 271 (xmldbc)]: family:1, type:2, protocol:0
[   22.754885] firmadyne: sys_socket[PID: 272 (xmldbc)]: family:1, type:2, protocol:0
[   22.815151] firmadyne: sys_socket[PID: 273 (xmldbc)]: family:1, type:2, protocol:0
[   22.875746] firmadyne: sys_socket[PID: 274 (xmldbc)]: family:1, type:2, protocol:0
[   22.935710] firmadyne: sys_socket[PID: 275 (xmldbc)]: family:1, type:2, protocol:0
[   22.972959] cfg80211: Calling CRDA to update world regulatory domain
[   23.011241] firmadyne: sys_socket[PID: 276 (xmldbc)]: family:1, type:2, protocol:0
[   23.071759] firmadyne: sys_socket[PID: 278 (xmldbc)]: family:1, type:2, protocol:0
[   23.131102] firmadyne: sys_socket[PID: 279 (xmldbc)]: family:1, type:2, protocol:0
[   23.193558] firmadyne: sys_socket[PID: 280 (xmldbc)]: family:1, type:2, protocol:0
[   23.253594] firmadyne: sys_socket[PID: 281 (xmldbc)]: family:1, type:2, protocol:0
[   23.312476] firmadyne: sys_socket[PID: 282 (xmldbc)]: family:1, type:2, protocol:0
[   23.371298] firmadyne: sys_socket[PID: 283 (xmldbc)]: family:1, type:2, protocol:0
[   23.432364] firmadyne: sys_socket[PID: 284 (xmldbc)]: family:1, type:2, protocol:0
[   23.490773] firmadyne: sys_socket[PID: 285 (xmldbc)]: family:1, type:2, protocol:0
[   23.559756] firmadyne: sys_socket[PID: 286 (xmldbc)]: family:1, type:2, protocol:0
[   23.620658] firmadyne: sys_socket[PID: 287 (xmldbc)]: family:1, type:2, protocol:0
[   23.680682] firmadyne: sys_socket[PID: 288 (xmldbc)]: family:1, type:2, protocol:0
[   23.821967] firmadyne: sys_socket[PID: 292 (xmldbc)]: family:1, type:2, protocol:0
[   23.881257] firmadyne: sys_socket[PID: 293 (xmldbc)]: family:1, type:2, protocol:0
[   23.939959] firmadyne: sys_socket[PID: 294 (xmldbc)]: family:1, type:2, protocol:0
[   24.001362] firmadyne: sys_socket[PID: 295 (xmldbc)]: family:1, type:2, protocol:0
[   24.059915] firmadyne: sys_socket[PID: 296 (xmldbc)]: family:1, type:2, protocol:0
[   24.125489] firmadyne: sys_socket[PID: 297 (xmldbc)]: family:1, type:2, protocol:0
[   24.186710] firmadyne: sys_socket[PID: 298 (xmldbc)]: family:1, type:2, protocol:0
[   24.246259] firmadyne: sys_socket[PID: 299 (xmldbc)]: family:1, type:2, protocol:0
[   24.304647] firmadyne: sys_socket[PID: 300 (xmldbc)]: family:1, type:2, protocol:0
[   24.362930] firmadyne: sys_socket[PID: 301 (xmldbc)]: family:1, type:2, protocol:0
[   24.422920] firmadyne: sys_socket[PID: 302 (xmldbc)]: family:1, type:2, protocol:0
[   24.483264] firmadyne: sys_socket[PID: 303 (xmldbc)]: family:1, type:2, protocol:0
[   24.542439] firmadyne: sys_socket[PID: 304 (xmldbc)]: family:1, type:2, protocol:0
[   24.604894] firmadyne: sys_socket[PID: 305 (xmldbc)]: family:1, type:2, protocol:0
[   24.663275] firmadyne: sys_socket[PID: 306 (xmldbc)]: family:1, type:2, protocol:0
[   24.724089] firmadyne: sys_socket[PID: 307 (xmldbc)]: family:1, type:2, protocol:0
[   24.784480] firmadyne: sys_socket[PID: 308 (xmldbc)]: family:1, type:2, protocol:0
[   24.844355] firmadyne: sys_socket[PID: 309 (xmldbc)]: family:1, type:2, protocol:0
[   24.903857] firmadyne: sys_socket[PID: 310 (xmldbc)]: family:1, type:2, protocol:0
[   32.711940] cfg80211: Calling CRDA to update world regulatory domain
[   32.758935] firmadyne: sys_socket[PID: 314 (xmldbc)]: family:1, type:2, protocol:0
[   32.817478] firmadyne: sys_socket[PID: 316 (xmldbc)]: family:1, type:2, protocol:0
[   32.876255] firmadyne: sys_socket[PID: 317 (xmldbc)]: family:1, type:2, protocol:0
[   32.937616] firmadyne: sys_socket[PID: 318 (xmldbc)]: family:1, type:2, protocol:0
[   49.209724] cfg80211: Calling CRDA to update world regulatory domain
[   49.257633] firmadyne: sys_socket[PID: 319 (xmldbc)]: family:1, type:2, protocol:0
[   49.316991] firmadyne: sys_socket[PID: 321 (xmldbc)]: family:1, type:2, protocol:0
[   49.375267] firmadyne: sys_socket[PID: 322 (xmldbc)]: family:1, type:2, protocol:0
[   49.435213] firmadyne: sys_socket[PID: 323 (xmldbc)]: family:1, type:2, protocol:0
[   58.838192] cfg80211: Calling CRDA to update world regulatory domain
[   58.886996] firmadyne: sys_socket[PID: 324 (xmldbc)]: family:1, type:2, protocol:0
[   58.949246] firmadyne: sys_socket[PID: 326 (xmldbc)]: family:1, type:2, protocol:0
[   59.008720] firmadyne: sys_socket[PID: 327 (xmldbc)]: family:1, type:2, protocol:0
[   59.069285] firmadyne: sys_socket[PID: 328 (xmldbc)]: family:1, type:2, protocol:0
[   71.643080] cfg80211: Exceeded CRDA call max attempts. Not calling CRDA
[   71.681258] firmadyne: sys_socket[PID: 329 (xmldbc)]: family:1, type:2, protocol:0
[   71.741586] firmadyne: sys_socket[PID: 330 (xmldbc)]: family:1, type:2, protocol:0
[   71.800839] firmadyne: sys_socket[PID: 331 (xmldbc)]: family:1, type:2, protocol:0
[   71.862564] firmadyne: sys_socket[PID: 332 (xmldbc)]: family:1, type:2, protocol:0
[   79.720863] firmadyne: sys_socket[PID: 333 (xmldbc)]: family:1, type:2, protocol:0
[   79.779949] firmadyne: sys_socket[PID: 334 (xmldbc)]: family:1, type:2, protocol:0
[   79.838843] firmadyne: sys_socket[PID: 335 (xmldbc)]: family:1, type:2, protocol:0
[   95.614516] firmadyne: sys_socket[PID: 339 (xmldbc)]: family:1, type:2, protocol:0
[   95.675164] firmadyne: sys_socket[PID: 340 (xmldbc)]: family:1, type:2, protocol:0
[   95.735044] firmadyne: sys_socket[PID: 341 (xmldbc)]: family:1, type:2, protocol:0
[   95.793592] firmadyne: sys_socket[PID: 342 (xmldbc)]: family:1, type:2, protocol:0
[  133.160509] firmadyne: sys_socket[PID: 343 (xmldbc)]: family:1, type:2, protocol:0
[  133.218517] firmadyne: sys_socket[PID: 344 (xmldbc)]: family:1, type:2, protocol:0
[  133.274364] firmadyne: sys_socket[PID: 345 (xmldbc)]: family:1, type:2, protocol:0
[  133.330227] firmadyne: sys_socket[PID: 346 (xmldbc)]: family:1, type:2, protocol:0
[  104.992393] firmadyne: sys_socket[PID: 347 (xmldbc)]: family:1, type:2, protocol:0
[  105.049738] firmadyne: sys_socket[PID: 348 (xmldbc)]: family:1, type:2, protocol:0
[  105.105688] firmadyne: sys_socket[PID: 349 (xmldbc)]: family:1, type:2, protocol:0
[  105.161743] firmadyne: sys_socket[PID: 350 (xmldbc)]: family:1, type:2, protocol:0
[  136.295373] firmadyne: sys_socket[PID: 351 (xmldbc)]: family:1, type:2, protocol:0
[  136.352300] firmadyne: sys_socket[PID: 352 (xmldbc)]: family:1, type:2, protocol:0
[  136.408423] firmadyne: sys_socket[PID: 353 (xmldbc)]: family:1, type:2, protocol:0
[  136.464392] firmadyne: sys_socket[PID: 354 (xmldbc)]: family:1, type:2, protocol:0
[  137.274383] firmadyne: sys_socket[PID: 355 (xmldbc)]: family:1, type:2, protocol:0
[  137.330830] firmadyne: sys_socket[PID: 356 (xmldbc)]: family:1, type:2, protocol:0
[  137.387576] firmadyne: sys_socket[PID: 357 (xmldbc)]: family:1, type:2, protocol:0
[  137.519571] firmadyne: sys_socket[PID: 361 (xmldbc)]: family:1, type:2, protocol:0
[  137.631926] firmadyne: sys_socket[PID: 362 (xmldbc)]: family:1, type:2, protocol:0
[  137.686800] firmadyne: sys_socket[PID: 363 (xmldbc)]: family:1, type:2, protocol:0
[  137.742250] firmadyne: sys_socket[PID: 364 (xmldbc)]: family:1, type:2, protocol:0
[  137.797166] firmadyne: sys_socket[PID: 365 (xmldbc)]: family:1, type:2, protocol:0
[  137.909030] firmadyne: sys_socket[PID: 366 (xmldbc)]: family:1, type:2, protocol:0
[  137.964553] firmadyne: sys_socket[PID: 367 (xmldbc)]: family:1, type:2, protocol:0
[  138.019295] firmadyne: sys_socket[PID: 368 (xmldbc)]: family:1, type:2, protocol:0
[  138.075177] firmadyne: sys_socket[PID: 369 (xmldbc)]: family:1, type:2, protocol:0
[  138.187901] firmadyne: sys_socket[PID: 370 (xmldbc)]: family:1, type:2, protocol:0
[  138.243251] firmadyne: sys_socket[PID: 371 (xmldbc)]: family:1, type:2, protocol:0
[  138.300796] firmadyne: sys_socket[PID: 372 (xmldbc)]: family:1, type:2, protocol:0
[  138.356568] firmadyne: sys_socket[PID: 373 (xmldbc)]: family:1, type:2, protocol:0
[  138.469211] firmadyne: sys_socket[PID: 374 (xmldbc)]: family:1, type:2, protocol:0
[  138.525738] firmadyne: sys_socket[PID: 375 (xmldbc)]: family:1, type:2, protocol:0
[   95.633740] firmadyne: sys_socket[PID: 376 (xmldbc)]: family:1, type:2, protocol:0
[   95.688644] firmadyne: sys_socket[PID: 377 (xmldbc)]: family:1, type:2, protocol:0
[   95.801287] firmadyne: sys_socket[PID: 378 (xmldbc)]: family:1, type:2, protocol:0
[   95.856378] firmadyne: sys_socket[PID: 379 (xmldbc)]: family:1, type:2, protocol:0
[   95.987935] firmadyne: sys_socket[PID: 383 (xmldbc)]: family:1, type:2, protocol:0
[   96.042512] firmadyne: sys_socket[PID: 384 (xmldbc)]: family:1, type:2, protocol:0
[   96.154750] firmadyne: sys_socket[PID: 385 (xmldbc)]: family:1, type:2, protocol:0
[   96.210006] firmadyne: sys_socket[PID: 386 (xmldbc)]: family:1, type:2, protocol:0
[   96.264558] firmadyne: sys_socket[PID: 387 (xmldbc)]: family:1, type:2, protocol:0
[   96.320004] firmadyne: sys_socket[PID: 388 (xmldbc)]: family:1, type:2, protocol:0
[   96.433913] firmadyne: sys_socket[PID: 389 (xmldbc)]: family:1, type:2, protocol:0
[   96.489236] firmadyne: sys_socket[PID: 390 (xmldbc)]: family:1, type:2, protocol:0
[   96.545368] firmadyne: sys_socket[PID: 391 (xmldbc)]: family:1, type:2, protocol:0
[   96.600950] firmadyne: sys_socket[PID: 392 (xmldbc)]: family:1, type:2, protocol:0
[  108.103526] firmadyne: sys_socket[PID: 393 (xmldbc)]: family:1, type:2, protocol:0
[  108.160291] firmadyne: sys_socket[PID: 394 (xmldbc)]: family:1, type:2, protocol:0
[  108.215855] firmadyne: sys_socket[PID: 395 (xmldbc)]: family:1, type:2, protocol:0
[  108.266046] firmadyne: sys_socket[PID: 396 (xmldbc)]: family:1, type:2, protocol:0
[  108.321110] firmadyne: sys_socket[PID: 397 (xmldbc)]: family:1, type:2, protocol:0
[  111.908438] firmadyne: sys_socket[PID: 398 (xmldbc)]: family:1, type:2, protocol:0
[  111.963463] firmadyne: sys_socket[PID: 399 (xmldbc)]: family:1, type:2, protocol:0
[  112.018772] firmadyne: sys_socket[PID: 400 (xmldbc)]: family:1, type:2, protocol:0
[  112.069121] firmadyne: sys_socket[PID: 401 (xmldbc)]: family:1, type:2, protocol:0
[  112.256016] firmadyne: sys_socket[PID: 405 (xmldbc)]: family:1, type:2, protocol:0
[  112.310778] firmadyne: sys_socket[PID: 406 (xmldbc)]: family:1, type:2, protocol:0
[  112.365445] firmadyne: sys_socket[PID: 407 (xmldbc)]: family:1, type:2, protocol:0
[  112.420177] firmadyne: sys_socket[PID: 408 (xmldbc)]: family:1, type:2, protocol:0
[  112.538339] firmadyne: sys_socket[PID: 409 (xmldbc)]: family:1, type:2, protocol:0
[  112.593340] firmadyne: sys_socket[PID: 410 (xmldbc)]: family:1, type:2, protocol:0
[  112.649309] firmadyne: sys_socket[PID: 411 (xmldbc)]: family:1, type:2, protocol:0
[  112.704140] firmadyne: sys_socket[PID: 412 (xmldbc)]: family:1, type:2, protocol:0
[  112.817107] firmadyne: sys_socket[PID: 413 (xmldbc)]: family:1, type:2, protocol:0
[  112.872148] firmadyne: sys_socket[PID: 414 (xmldbc)]: family:1, type:2, protocol:0
[  112.926978] firmadyne: sys_socket[PID: 415 (xmldbc)]: family:1, type:2, protocol:0
[  112.981793] firmadyne: sys_socket[PID: 416 (xmldbc)]: family:1, type:2, protocol:0
[  113.094520] firmadyne: sys_socket[PID: 417 (xmldbc)]: family:1, type:2, protocol:0
[  113.149902] firmadyne: sys_socket[PID: 418 (xmldbc)]: family:1, type:2, protocol:0
[  113.204410] firmadyne: sys_socket[PID: 419 (xmldbc)]: family:1, type:2, protocol:0
[  113.259335] firmadyne: sys_socket[PID: 420 (xmldbc)]: family:1, type:2, protocol:0
[  113.310137] firmadyne: sys_socket[PID: 421 (xmldbc)]: family:1, type:2, protocol:0
[  113.432419] firmadyne: sys_socket[PID: 422 (xmldbc)]: family:1, type:2, protocol:0
[  113.488306] firmadyne: sys_socket[PID: 423 (xmldbc)]: family:1, type:2, protocol:0
[  113.623388] firmadyne: sys_socket[PID: 427 (xmldbc)]: family:1, type:2, protocol:0
[  113.677632] firmadyne: sys_socket[PID: 428 (xmldbc)]: family:1, type:2, protocol:0
[  113.800462] firmadyne: sys_socket[PID: 429 (xmldbc)]: family:1, type:2, protocol:0
[  113.851248] firmadyne: sys_socket[PID: 430 (xmldbc)]: family:1, type:2, protocol:0
[  113.905591] firmadyne: sys_socket[PID: 431 (xmldbc)]: family:1, type:2, protocol:0
[  113.961116] firmadyne: sys_socket[PID: 432 (xmldbc)]: family:1, type:2, protocol:0
[  114.015958] firmadyne: sys_socket[PID: 433 (xmldbc)]: family:1, type:2, protocol:0
[  114.065460] firmadyne: sys_socket[PID: 434 (xmldbc)]: family:1, type:2, protocol:0
[  114.188890] firmadyne: sys_socket[PID: 435 (xmldbc)]: family:1, type:2, protocol:0
[  114.243840] firmadyne: sys_socket[PID: 436 (xmldbc)]: family:1, type:2, protocol:0
[  114.299380] firmadyne: sys_socket[PID: 437 (xmldbc)]: family:1, type:2, protocol:0
[  114.354652] firmadyne: sys_socket[PID: 438 (xmldbc)]: family:1, type:2, protocol:0
[  114.404423] firmadyne: sys_socket[PID: 439 (xmldbc)]: family:1, type:2, protocol:0
[  114.528870] firmadyne: sys_socket[PID: 440 (xmldbc)]: family:1, type:2, protocol:0
[  114.585635] firmadyne: sys_socket[PID: 441 (xmldbc)]: family:1, type:2, protocol:0
[  114.642171] firmadyne: sys_socket[PID: 442 (xmldbc)]: family:1, type:2, protocol:0
[  114.697004] firmadyne: sys_socket[PID: 443 (xmldbc)]: family:1, type:2, protocol:0
[  114.820656] firmadyne: sys_socket[PID: 444 (xmldbc)]: family:1, type:2, protocol:0
[  114.888359] firmadyne: sys_socket[PID: 445 (xmldbc)]: family:1, type:2, protocol:0
[  115.026873] firmadyne: sys_socket[PID: 449 (xmldbc)]: family:1, type:2, protocol:0
[  115.085119] firmadyne: sys_socket[PID: 450 (xmldbc)]: family:1, type:2, protocol:0
[  115.138601] firmadyne: sys_socket[PID: 451 (xmldbc)]: family:1, type:2, protocol:0
[  115.266953] firmadyne: sys_socket[PID: 452 (xmldbc)]: family:1, type:2, protocol:0
[  115.326081] firmadyne: sys_socket[PID: 453 (xmldbc)]: family:1, type:2, protocol:0
[  115.383949] firmadyne: sys_socket[PID: 454 (xmldbc)]: family:1, type:2, protocol:0
[  115.443490] firmadyne: sys_socket[PID: 455 (xmldbc)]: family:1, type:2, protocol:0
[  115.573853] firmadyne: sys_socket[PID: 456 (xmldbc)]: family:1, type:2, protocol:0
[  115.637089] firmadyne: sys_socket[PID: 457 (xmldbc)]: family:1, type:2, protocol:0
[  115.695695] firmadyne: sys_socket[PID: 458 (xmldbc)]: family:1, type:2, protocol:0
[  115.753692] firmadyne: sys_socket[PID: 459 (xmldbc)]: family:1, type:2, protocol:0
[  115.881908] firmadyne: sys_socket[PID: 460 (xmldbc)]: family:1, type:2, protocol:0
[  115.940399] firmadyne: sys_socket[PID: 461 (xmldbc)]: family:1, type:2, protocol:0
[  115.998813] firmadyne: sys_socket[PID: 462 (xmldbc)]: family:1, type:2, protocol:0
[  116.058012] firmadyne: sys_socket[PID: 463 (xmldbc)]: family:1, type:2, protocol:0
[  116.185211] firmadyne: sys_socket[PID: 464 (xmldbc)]: family:1, type:2, protocol:0
[  116.243423] firmadyne: sys_socket[PID: 465 (xmldbc)]: family:1, type:2, protocol:0
[  116.303696] firmadyne: sys_socket[PID: 466 (xmldbc)]: family:1, type:2, protocol:0
[  116.361998] firmadyne: sys_socket[PID: 467 (xmldbc)]: family:1, type:2, protocol:0
[  116.573371] firmadyne: sys_socket[PID: 471 (xmldbc)]: family:1, type:2, protocol:0
[  116.632666] firmadyne: sys_socket[PID: 472 (xmldbc)]: family:1, type:2, protocol:0
[  116.692917] firmadyne: sys_socket[PID: 473 (xmldbc)]: family:1, type:2, protocol:0
[  116.820390] firmadyne: sys_socket[PID: 474 (xmldbc)]: family:1, type:2, protocol:0
[  116.881396] firmadyne: sys_socket[PID: 475 (xmldbc)]: family:1, type:2, protocol:0
[  116.940148] firmadyne: sys_socket[PID: 476 (xmldbc)]: family:1, type:2, protocol:0
[  116.999195] firmadyne: sys_socket[PID: 477 (xmldbc)]: family:1, type:2, protocol:0
[  117.127665] firmadyne: sys_socket[PID: 478 (xmldbc)]: family:1, type:2, protocol:0
[  117.187669] firmadyne: sys_socket[PID: 479 (xmldbc)]: family:1, type:2, protocol:0
[  117.245909] firmadyne: sys_socket[PID: 480 (xmldbc)]: family:1, type:2, protocol:0
[  117.306219] firmadyne: sys_socket[PID: 481 (xmldbc)]: family:1, type:2, protocol:0
[  117.433009] firmadyne: sys_socket[PID: 482 (xmldbc)]: family:1, type:2, protocol:0
[  117.492765] firmadyne: sys_socket[PID: 483 (xmldbc)]: family:1, type:2, protocol:0
[  117.551935] firmadyne: sys_socket[PID: 484 (xmldbc)]: family:1, type:2, protocol:0
[  117.613100] firmadyne: sys_socket[PID: 485 (xmldbc)]: family:1, type:2, protocol:0
[  117.742294] firmadyne: sys_socket[PID: 486 (xmldbc)]: family:1, type:2, protocol:0
[  117.801724] firmadyne: sys_socket[PID: 487 (xmldbc)]: family:1, type:2, protocol:0
[  117.863753] firmadyne: sys_socket[PID: 488 (xmldbc)]: family:1, type:2, protocol:0
[  117.922962] firmadyne: sys_socket[PID: 489 (xmldbc)]: family:1, type:2, protocol:0
[  118.132984] firmadyne: sys_socket[PID: 493 (xmldbc)]: family:1, type:2, protocol:0
[  118.192502] firmadyne: sys_socket[PID: 494 (xmldbc)]: family:1, type:2, protocol:0
[  118.252062] firmadyne: sys_socket[PID: 495 (xmldbc)]: family:1, type:2, protocol:0
[  118.311189] firmadyne: sys_socket[PID: 496 (xmldbc)]: family:1, type:2, protocol:0
[  118.438049] firmadyne: sys_socket[PID: 497 (xmldbc)]: family:1, type:2, protocol:0
[  118.513143] firmadyne: sys_socket[PID: 498 (xmldbc)]: family:1, type:2, protocol:0
[  118.576573] firmadyne: sys_socket[PID: 499 (xmldbc)]: family:1, type:2, protocol:0
[  118.640949] firmadyne: sys_socket[PID: 500 (xmldbc)]: family:1, type:2, protocol:0
[  118.759298] firmadyne: sys_socket[PID: 501 (xmldbc)]: family:1, type:2, protocol:0
[  118.818342] firmadyne: sys_socket[PID: 502 (xmldbc)]: family:1, type:2, protocol:0
[  118.879724] firmadyne: sys_socket[PID: 503 (xmldbc)]: family:1, type:2, protocol:0
[  118.937571] firmadyne: sys_socket[PID: 504 (xmldbc)]: family:1, type:2, protocol:0
[  119.054441] firmadyne: sys_socket[PID: 505 (xmldbc)]: family:1, type:2, protocol:0
[  119.113726] firmadyne: sys_socket[PID: 506 (xmldbc)]: family:1, type:2, protocol:0
[  119.172675] firmadyne: sys_socket[PID: 507 (xmldbc)]: family:1, type:2, protocol:0
[  119.230657] firmadyne: sys_socket[PID: 508 (xmldbc)]: family:1, type:2, protocol:0
[  119.347178] firmadyne: sys_socket[PID: 509 (xmldbc)]: family:1, type:2, protocol:0
[  119.406129] firmadyne: sys_socket[PID: 510 (xmldbc)]: family:1, type:2, protocol:0
[  119.466343] firmadyne: sys_socket[PID: 511 (xmldbc)]: family:1, type:2, protocol:0
[  119.609063] firmadyne: sys_socket[PID: 515 (xmldbc)]: family:1, type:2, protocol:0
[  119.727370] firmadyne: sys_socket[PID: 516 (xmldbc)]: family:1, type:2, protocol:0
[  119.786531] firmadyne: sys_socket[PID: 517 (xmldbc)]: family:1, type:2, protocol:0
[  119.846315] firmadyne: sys_socket[PID: 518 (xmldbc)]: family:1, type:2, protocol:0
[  119.901878] firmadyne: sys_socket[PID: 519 (xmldbc)]: family:1, type:2, protocol:0
[  119.959712] firmadyne: sys_socket[PID: 520 (xmldbc)]: family:1, type:2, protocol:0
[  120.077313] firmadyne: sys_socket[PID: 521 (xmldbc)]: family:1, type:2, protocol:0
[  120.136377] firmadyne: sys_socket[PID: 522 (xmldbc)]: family:1, type:2, protocol:0
[  120.190405] firmadyne: sys_socket[PID: 523 (xmldbc)]: family:1, type:2, protocol:0
[  120.249557] firmadyne: sys_socket[PID: 524 (xmldbc)]: family:1, type:2, protocol:0
[  120.309319] firmadyne: sys_socket[PID: 525 (xmldbc)]: family:1, type:2, protocol:0
[  120.424468] firmadyne: sys_socket[PID: 526 (xmldbc)]: family:1, type:2, protocol:0
[  120.484751] firmadyne: sys_socket[PID: 527 (xmldbc)]: family:1, type:2, protocol:0
[  120.543018] firmadyne: sys_socket[PID: 528 (xmldbc)]: family:1, type:2, protocol:0
[  120.603753] firmadyne: sys_socket[PID: 529 (xmldbc)]: family:1, type:2, protocol:0
[  120.722901] firmadyne: sys_socket[PID: 530 (xmldbc)]: family:1, type:2, protocol:0
[  120.781481] firmadyne: sys_socket[PID: 531 (xmldbc)]: family:1, type:2, protocol:0
[  120.835355] firmadyne: sys_socket[PID: 532 (xmldbc)]: family:1, type:2, protocol:0
[  120.894552] firmadyne: sys_socket[PID: 533 (xmldbc)]: family:1, type:2, protocol:0
[  121.033592] firmadyne: sys_socket[PID: 537 (xmldbc)]: family:1, type:2, protocol:0
[  121.152174] firmadyne: sys_socket[PID: 538 (xmldbc)]: family:1, type:2, protocol:0
[  121.210244] firmadyne: sys_socket[PID: 539 (xmldbc)]: family:1, type:2, protocol:0
[  121.268842] firmadyne: sys_socket[PID: 540 (xmldbc)]: family:1, type:2, protocol:0
[  121.329120] firmadyne: sys_socket[PID: 541 (xmldbc)]: family:1, type:2, protocol:0
[  121.446161] firmadyne: sys_socket[PID: 542 (xmldbc)]: family:1, type:2, protocol:0
[  121.505904] firmadyne: sys_socket[PID: 543 (xmldbc)]: family:1, type:2, protocol:0
[  121.566831] firmadyne: sys_socket[PID: 544 (xmldbc)]: family:1, type:2, protocol:0
[  121.629583] firmadyne: sys_socket[PID: 545 (xmldbc)]: family:1, type:2, protocol:0
[  121.749317] firmadyne: sys_socket[PID: 546 (xmldbc)]: family:1, type:2, protocol:0
[  121.808962] firmadyne: sys_socket[PID: 547 (xmldbc)]: family:1, type:2, protocol:0
[  121.867951] firmadyne: sys_socket[PID: 548 (xmldbc)]: family:1, type:2, protocol:0
[  121.926595] firmadyne: sys_socket[PID: 549 (xmldbc)]: family:1, type:2, protocol:0
[  122.044620] firmadyne: sys_socket[PID: 550 (xmldbc)]: family:1, type:2, protocol:0
[  122.101916] firmadyne: sys_socket[PID: 551 (xmldbc)]: family:1, type:2, protocol:0
[  122.162183] firmadyne: sys_socket[PID: 552 (xmldbc)]: family:1, type:2, protocol:0
[  122.221180] firmadyne: sys_socket[PID: 553 (xmldbc)]: family:1, type:2, protocol:0
[  122.337304] firmadyne: sys_socket[PID: 554 (xmldbc)]: family:1, type:2, protocol:0
[  122.397843] firmadyne: sys_socket[PID: 555 (xmldbc)]: family:1, type:2, protocol:0
[  122.536723] firmadyne: sys_socket[PID: 559 (xmldbc)]: family:1, type:2, protocol:0
[  122.596448] firmadyne: sys_socket[PID: 560 (xmldbc)]: family:1, type:2, protocol:0
[  122.716108] firmadyne: sys_socket[PID: 561 (xmldbc)]: family:1, type:2, protocol:0
[  122.776873] firmadyne: sys_socket[PID: 562 (xmldbc)]: family:1, type:2, protocol:0
[  122.835829] firmadyne: sys_socket[PID: 563 (xmldbc)]: family:1, type:2, protocol:0
[  122.895197] firmadyne: sys_socket[PID: 564 (xmldbc)]: family:1, type:2, protocol:0
[  123.012268] firmadyne: sys_socket[PID: 565 (xmldbc)]: family:1, type:2, protocol:0
[  123.066819] firmadyne: sys_socket[PID: 566 (xmldbc)]: family:1, type:2, protocol:0
[  123.126097] firmadyne: sys_socket[PID: 567 (xmldbc)]: family:1, type:2, protocol:0
[  123.182047] firmadyne: sys_socket[PID: 568 (xmldbc)]: family:1, type:2, protocol:0
[  123.239871] firmadyne: sys_socket[PID: 569 (xmldbc)]: family:1, type:2, protocol:0
[  123.294548] firmadyne: sys_socket[PID: 570 (xmldbc)]: family:1, type:2, protocol:0
[  123.354214] firmadyne: sys_socket[PID: 571 (xmldbc)]: family:1, type:2, protocol:0
[  123.470695] firmadyne: sys_socket[PID: 572 (xmldbc)]: family:1, type:2, protocol:0
[  123.529791] firmadyne: sys_socket[PID: 573 (xmldbc)]: family:1, type:2, protocol:0
[  123.591108] firmadyne: sys_socket[PID: 574 (xmldbc)]: family:1, type:2, protocol:0
[  123.653859] firmadyne: sys_socket[PID: 575 (xmldbc)]: family:1, type:2, protocol:0
[  123.771550] firmadyne: sys_socket[PID: 576 (xmldbc)]: family:1, type:2, protocol:0
[  123.832307] firmadyne: sys_socket[PID: 577 (xmldbc)]: family:1, type:2, protocol:0
[  123.974986] firmadyne: sys_socket[PID: 581 (xmldbc)]: family:1, type:2, protocol:0
[  124.029332] firmadyne: sys_socket[PID: 582 (xmldbc)]: family:1, type:2, protocol:0
[  124.086877] firmadyne: sys_socket[PID: 583 (xmldbc)]: family:1, type:2, protocol:0
[  124.205819] firmadyne: sys_socket[PID: 584 (xmldbc)]: family:1, type:2, protocol:0
[  124.259116] firmadyne: sys_socket[PID: 585 (xmldbc)]: family:1, type:2, protocol:0
[  124.316541] firmadyne: sys_socket[PID: 586 (xmldbc)]: family:1, type:2, protocol:0
[  124.375036] firmadyne: sys_socket[PID: 587 (xmldbc)]: family:1, type:2, protocol:0
[  124.435174] firmadyne: sys_socket[PID: 588 (xmldbc)]: family:1, type:2, protocol:0
[  124.551731] firmadyne: sys_socket[PID: 589 (xmldbc)]: family:1, type:2, protocol:0
[  124.611831] firmadyne: sys_socket[PID: 590 (xmldbc)]: family:1, type:2, protocol:0
[  124.674542] firmadyne: sys_socket[PID: 591 (xmldbc)]: family:1, type:2, protocol:0
[  124.733246] firmadyne: sys_socket[PID: 592 (xmldbc)]: family:1, type:2, protocol:0
[  124.852920] firmadyne: sys_socket[PID: 593 (xmldbc)]: family:1, type:2, protocol:0
[  124.912133] firmadyne: sys_socket[PID: 594 (xmldbc)]: family:1, type:2, protocol:0
[  124.965261] firmadyne: sys_socket[PID: 595 (xmldbc)]: family:1, type:2, protocol:0
[  125.025087] firmadyne: sys_socket[PID: 596 (xmldbc)]: family:1, type:2, protocol:0
[  125.083479] firmadyne: sys_socket[PID: 597 (xmldbc)]: family:1, type:2, protocol:0
[  125.199737] firmadyne: sys_socket[PID: 598 (xmldbc)]: family:1, type:2, protocol:0
[  125.259688] firmadyne: sys_socket[PID: 599 (xmldbc)]: family:1, type:2, protocol:0
[  125.398072] firmadyne: sys_socket[PID: 603 (xmldbc)]: family:1, type:2, protocol:0
[  125.457618] firmadyne: sys_socket[PID: 604 (xmldbc)]: family:1, type:2, protocol:0
[  125.573493] firmadyne: sys_socket[PID: 605 (xmldbc)]: family:1, type:2, protocol:0
[  125.634179] firmadyne: sys_socket[PID: 606 (xmldbc)]: family:1, type:2, protocol:0
[  125.696191] firmadyne: sys_socket[PID: 607 (xmldbc)]: family:1, type:2, protocol:0
[  125.754679] firmadyne: sys_socket[PID: 608 (xmldbc)]: family:1, type:2, protocol:0
[  125.873731] firmadyne: sys_socket[PID: 609 (xmldbc)]: family:1, type:2, protocol:0
[  125.932914] firmadyne: sys_socket[PID: 610 (xmldbc)]: family:1, type:2, protocol:0
[  125.993137] firmadyne: sys_socket[PID: 611 (xmldbc)]: family:1, type:2, protocol:0
[  126.053833] firmadyne: sys_socket[PID: 612 (xmldbc)]: family:1, type:2, protocol:0
[  126.170735] firmadyne: sys_socket[PID: 613 (xmldbc)]: family:1, type:2, protocol:0
[  126.231125] firmadyne: sys_socket[PID: 614 (xmldbc)]: family:1, type:2, protocol:0
[  126.290476] firmadyne: sys_socket[PID: 615 (xmldbc)]: family:1, type:2, protocol:0
[  126.407750] firmadyne: sys_socket[PID: 616 (xmldbc)]: family:1, type:2, protocol:0
[  126.468544] firmadyne: sys_socket[PID: 617 (xmldbc)]: family:1, type:2, protocol:0
[  126.527745] firmadyne: sys_socket[PID: 618 (xmldbc)]: family:1, type:2, protocol:0
[  126.587987] firmadyne: sys_socket[PID: 619 (xmldbc)]: family:1, type:2, protocol:0
[  134.546661] firmadyne: sys_socket[PID: 620 (xmldbc)]: family:1, type:2, protocol:0
[  134.609117] firmadyne: sys_socket[PID: 621 (xmldbc)]: family:1, type:2, protocol:0
[  134.750206] firmadyne: sys_socket[PID: 625 (xmldbc)]: family:1, type:2, protocol:0
[  134.811692] firmadyne: sys_socket[PID: 626 (xmldbc)]: family:1, type:2, protocol:0
[  134.927091] firmadyne: sys_socket[PID: 627 (xmldbc)]: family:1, type:2, protocol:0
[  134.988231] firmadyne: sys_socket[PID: 628 (xmldbc)]: family:1, type:2, protocol:0
[  135.046488] firmadyne: sys_socket[PID: 629 (xmldbc)]: family:1, type:2, protocol:0
[  135.105602] firmadyne: sys_socket[PID: 630 (xmldbc)]: family:1, type:2, protocol:0
[  135.223432] firmadyne: sys_socket[PID: 631 (xmldbc)]: family:1, type:2, protocol:0
[  135.282154] firmadyne: sys_socket[PID: 632 (xmldbc)]: family:1, type:2, protocol:0
[  135.342691] firmadyne: sys_socket[PID: 633 (xmldbc)]: family:1, type:2, protocol:0
[  135.401726] firmadyne: sys_socket[PID: 634 (xmldbc)]: family:1, type:2, protocol:0
[  135.517497] firmadyne: sys_socket[PID: 635 (xmldbc)]: family:1, type:2, protocol:0
[  135.578785] firmadyne: sys_socket[PID: 636 (xmldbc)]: family:1, type:2, protocol:0
[  135.639054] firmadyne: sys_socket[PID: 637 (xmldbc)]: family:1, type:2, protocol:0
[  135.697745] firmadyne: sys_socket[PID: 638 (xmldbc)]: family:1, type:2, protocol:0
[  135.816384] firmadyne: sys_socket[PID: 639 (xmldbc)]: family:1, type:2, protocol:0
[  135.875951] firmadyne: sys_socket[PID: 640 (xmldbc)]: family:1, type:2, protocol:0
[  135.934321] firmadyne: sys_socket[PID: 641 (xmldbc)]: family:1, type:2, protocol:0
[  135.995070] firmadyne: sys_socket[PID: 642 (xmldbc)]: family:1, type:2, protocol:0
[  136.110294] firmadyne: sys_socket[PID: 643 (xmldbc)]: family:1, type:2, protocol:0
[  136.250802] firmadyne: sys_socket[PID: 647 (xmldbc)]: family:1, type:2, protocol:0
[  136.309091] firmadyne: sys_socket[PID: 648 (xmldbc)]: family:1, type:2, protocol:0
[  136.368861] firmadyne: sys_socket[PID: 649 (xmldbc)]: family:1, type:2, protocol:0
[  136.484871] firmadyne: sys_socket[PID: 650 (xmldbc)]: family:1, type:2, protocol:0
[  136.545229] firmadyne: sys_socket[PID: 651 (xmldbc)]: family:1, type:2, protocol:0
[  136.603431] firmadyne: sys_socket[PID: 652 (xmldbc)]: family:1, type:2, protocol:0
[  136.663821] firmadyne: sys_socket[PID: 653 (xmldbc)]: family:1, type:2, protocol:0
[  136.782292] firmadyne: sys_socket[PID: 654 (xmldbc)]: family:1, type:2, protocol:0
[  136.838874] firmadyne: sys_socket[PID: 655 (xmldbc)]: family:1, type:2, protocol:0
[  136.897751] firmadyne: sys_socket[PID: 656 (xmldbc)]: family:1, type:2, protocol:0
[  136.956838] firmadyne: sys_socket[PID: 657 (xmldbc)]: family:1, type:2, protocol:0
[  137.015974] firmadyne: sys_socket[PID: 658 (xmldbc)]: family:1, type:2, protocol:0
[  137.131477] firmadyne: sys_socket[PID: 659 (xmldbc)]: family:1, type:2, protocol:0
[  137.193143] firmadyne: sys_socket[PID: 660 (xmldbc)]: family:1, type:2, protocol:0
[  137.251965] firmadyne: sys_socket[PID: 661 (xmldbc)]: family:1, type:2, protocol:0
[  137.311870] firmadyne: sys_socket[PID: 662 (xmldbc)]: family:1, type:2, protocol:0
[  137.430518] firmadyne: sys_socket[PID: 663 (xmldbc)]: family:1, type:2, protocol:0
[  137.488850] firmadyne: sys_socket[PID: 664 (xmldbc)]: family:1, type:2, protocol:0
[  137.546586] firmadyne: sys_socket[PID: 665 (xmldbc)]: family:1, type:2, protocol:0
[  137.687365] firmadyne: sys_socket[PID: 669 (xmldbc)]: family:1, type:2, protocol:0
[  137.807006] firmadyne: sys_socket[PID: 670 (xmldbc)]: family:1, type:2, protocol:0
[  137.861848] firmadyne: sys_socket[PID: 671 (xmldbc)]: family:1, type:2, protocol:0
[  137.915114] firmadyne: sys_socket[PID: 672 (xmldbc)]: family:1, type:2, protocol:0
[  137.973593] firmadyne: sys_socket[PID: 673 (xmldbc)]: family:1, type:2, protocol:0
[  138.034279] firmadyne: sys_socket[PID: 674 (xmldbc)]: family:1, type:2, protocol:0
[  138.092698] firmadyne: sys_socket[PID: 675 (xmldbc)]: family:1, type:2, protocol:0
[  138.205976] firmadyne: sys_socket[PID: 676 (xmldbc)]: family:1, type:2, protocol:0
[  138.260043] firmadyne: sys_socket[PID: 677 (xmldbc)]: family:1, type:2, protocol:0
[  138.318642] firmadyne: sys_socket[PID: 678 (xmldbc)]: family:1, type:2, protocol:0
[  138.377376] firmadyne: sys_socket[PID: 679 (xmldbc)]: family:1, type:2, protocol:0
[  138.437644] firmadyne: sys_socket[PID: 680 (xmldbc)]: family:1, type:2, protocol:0
[  138.554191] firmadyne: sys_socket[PID: 681 (xmldbc)]: family:1, type:2, protocol:0
[  138.614672] firmadyne: sys_socket[PID: 682 (xmldbc)]: family:1, type:2, protocol:0
[  138.675141] firmadyne: sys_socket[PID: 683 (xmldbc)]: family:1, type:2, protocol:0
[  138.733955] firmadyne: sys_socket[PID: 684 (xmldbc)]: family:1, type:2, protocol:0
[  138.854451] firmadyne: sys_socket[PID: 685 (xmldbc)]: family:1, type:2, protocol:0
[  138.914962] firmadyne: sys_socket[PID: 686 (xmldbc)]: family:1, type:2, protocol:0
[  138.974495] firmadyne: sys_socket[PID: 687 (xmldbc)]: family:1, type:2, protocol:0
[  139.116760] firmadyne: sys_socket[PID: 691 (xmldbc)]: family:1, type:2, protocol:0
[  139.233659] firmadyne: sys_socket[PID: 692 (xmldbc)]: family:1, type:2, protocol:0
[  139.294222] firmadyne: sys_socket[PID: 693 (xmldbc)]: family:1, type:2, protocol:0
[  139.348150] firmadyne: sys_socket[PID: 694 (xmldbc)]: family:1, type:2, protocol:0
[  139.401508] firmadyne: sys_socket[PID: 695 (xmldbc)]: family:1, type:2, protocol:0
[  139.461994] firmadyne: sys_socket[PID: 696 (xmldbc)]: family:1, type:2, protocol:0
[  139.521196] firmadyne: sys_socket[PID: 697 (xmldbc)]: family:1, type:2, protocol:0
[  139.639028] firmadyne: sys_socket[PID: 698 (xmldbc)]: family:1, type:2, protocol:0
[  139.700103] firmadyne: sys_socket[PID: 699 (xmldbc)]: family:1, type:2, protocol:0
[  139.754188] firmadyne: sys_socket[PID: 700 (xmldbc)]: family:1, type:2, protocol:0
[  139.814225] firmadyne: sys_socket[PID: 701 (xmldbc)]: family:1, type:2, protocol:0
[  139.877455] firmadyne: sys_socket[PID: 702 (xmldbc)]: family:1, type:2, protocol:0
[  139.931388] firmadyne: sys_socket[PID: 703 (xmldbc)]: family:1, type:2, protocol:0
[  140.048805] firmadyne: sys_socket[PID: 704 (xmldbc)]: family:1, type:2, protocol:0
[  140.108735] firmadyne: sys_socket[PID: 705 (xmldbc)]: family:1, type:2, protocol:0
[  140.168005] firmadyne: sys_socket[PID: 706 (xmldbc)]: family:1, type:2, protocol:0
[  140.226603] firmadyne: sys_socket[PID: 707 (xmldbc)]: family:1, type:2, protocol:0
[  140.344846] firmadyne: sys_socket[PID: 708 (xmldbc)]: family:1, type:2, protocol:0
[  140.404112] firmadyne: sys_socket[PID: 709 (xmldbc)]: family:1, type:2, protocol:0
[  140.545595] firmadyne: sys_socket[PID: 713 (xmldbc)]: family:1, type:2, protocol:0
[  140.604965] firmadyne: sys_socket[PID: 714 (xmldbc)]: family:1, type:2, protocol:0
[  152.333757] firmadyne: sys_socket[PID: 715 (xmldbc)]: family:1, type:2, protocol:0
[  152.393292] firmadyne: sys_socket[PID: 716 (xmldbc)]: family:1, type:2, protocol:0
[  152.452809] firmadyne: sys_socket[PID: 717 (xmldbc)]: family:1, type:2, protocol:0
[  152.511898] firmadyne: sys_socket[PID: 718 (xmldbc)]: family:1, type:2, protocol:0
[  152.629741] firmadyne: sys_socket[PID: 719 (xmldbc)]: family:1, type:2, protocol:0
[  152.690160] firmadyne: sys_socket[PID: 720 (xmldbc)]: family:1, type:2, protocol:0
[  152.750642] firmadyne: sys_socket[PID: 721 (xmldbc)]: family:1, type:2, protocol:0
[  152.809567] firmadyne: sys_socket[PID: 722 (xmldbc)]: family:1, type:2, protocol:0
[  152.863003] firmadyne: sys_socket[PID: 723 (xmldbc)]: family:1, type:2, protocol:0
[  152.950863] firmadyne: sys_socket[PID: 724 (xmldbc)]: family:1, type:2, protocol:0
[  153.034919] firmadyne: sys_socket[PID: 725 (xmldbc)]: family:1, type:2, protocol:0
[  153.094317] firmadyne: sys_socket[PID: 726 (xmldbc)]: family:1, type:2, protocol:0
[  153.154901] firmadyne: sys_socket[PID: 727 (xmldbc)]: family:1, type:2, protocol:0
[  153.213460] firmadyne: sys_socket[PID: 728 (xmldbc)]: family:1, type:2, protocol:0
[  153.271212] firmadyne: sys_socket[PID: 729 (xmldbc)]: family:1, type:2, protocol:0
[  153.331317] firmadyne: sys_socket[PID: 730 (xmldbc)]: family:1, type:2, protocol:0
[  153.389356] firmadyne: sys_socket[PID: 731 (xmldbc)]: family:1, type:2, protocol:0
[  153.539282] firmadyne: sys_socket[PID: 735 (xmldbc)]: family:1, type:2, protocol:0
[  153.598222] firmadyne: sys_socket[PID: 736 (xmldbc)]: family:1, type:2, protocol:0
[  153.657161] firmadyne: sys_socket[PID: 737 (xmldbc)]: family:1, type:2, protocol:0
[  153.717900] firmadyne: sys_socket[PID: 738 (xmldbc)]: family:1, type:2, protocol:0
[  153.776365] firmadyne: sys_socket[PID: 739 (xmldbc)]: family:1, type:2, protocol:0
[  153.834804] firmadyne: sys_socket[PID: 740 (xmldbc)]: family:1, type:2, protocol:0
[  153.893133] firmadyne: sys_socket[PID: 741 (xmldbc)]: family:1, type:2, protocol:0
[  153.953509] firmadyne: sys_socket[PID: 742 (xmldbc)]: family:1, type:2, protocol:0
[  154.016499] firmadyne: sys_socket[PID: 743 (xmldbc)]: family:1, type:2, protocol:0
[  154.075042] firmadyne: sys_socket[PID: 744 (xmldbc)]: family:1, type:2, protocol:0
[  154.134599] firmadyne: sys_socket[PID: 745 (xmldbc)]: family:1, type:2, protocol:0
[  154.193504] firmadyne: sys_socket[PID: 746 (xmldbc)]: family:1, type:2, protocol:0
[  154.251876] firmadyne: sys_socket[PID: 747 (xmldbc)]: family:1, type:2, protocol:0
[  154.309853] firmadyne: sys_socket[PID: 748 (xmldbc)]: family:1, type:2, protocol:0
[  154.369055] firmadyne: sys_socket[PID: 749 (xmldbc)]: family:1, type:2, protocol:0
[  154.427821] firmadyne: sys_socket[PID: 750 (xmldbc)]: family:1, type:2, protocol:0
[  154.486579] firmadyne: sys_socket[PID: 751 (xmldbc)]: family:1, type:2, protocol:0
[  154.546682] firmadyne: sys_socket[PID: 752 (xmldbc)]: family:1, type:2, protocol:0
[  154.605153] firmadyne: sys_socket[PID: 753 (xmldbc)]: family:1, type:2, protocol:0
[  154.746531] firmadyne: sys_socket[PID: 757 (xmldbc)]: family:1, type:2, protocol:0
[  154.804560] firmadyne: sys_socket[PID: 758 (xmldbc)]: family:1, type:2, protocol:0
[  154.862878] firmadyne: sys_socket[PID: 759 (xmldbc)]: family:1, type:2, protocol:0
[  154.921759] firmadyne: sys_socket[PID: 760 (xmldbc)]: family:1, type:2, protocol:0
[  154.981956] firmadyne: sys_socket[PID: 761 (xmldbc)]: family:1, type:2, protocol:0
[  155.041576] firmadyne: sys_socket[PID: 762 (xmldbc)]: family:1, type:2, protocol:0
[  155.099399] firmadyne: sys_socket[PID: 763 (xmldbc)]: family:1, type:2, protocol:0
[  155.159190] firmadyne: sys_socket[PID: 764 (xmldbc)]: family:1, type:2, protocol:0
[  155.218527] firmadyne: sys_socket[PID: 765 (xmldbc)]: family:1, type:2, protocol:0
[  155.276473] firmadyne: sys_socket[PID: 766 (xmldbc)]: family:1, type:2, protocol:0
[  155.336115] firmadyne: sys_socket[PID: 767 (xmldbc)]: family:1, type:2, protocol:0
[  155.394190] firmadyne: sys_socket[PID: 768 (xmldbc)]: family:1, type:2, protocol:0
[  155.452556] firmadyne: sys_socket[PID: 769 (xmldbc)]: family:1, type:2, protocol:0
[  155.510223] firmadyne: sys_socket[PID: 770 (xmldbc)]: family:1, type:2, protocol:0
[  155.569599] firmadyne: sys_socket[PID: 771 (xmldbc)]: family:1, type:2, protocol:0
[  155.629136] firmadyne: sys_socket[PID: 772 (xmldbc)]: family:1, type:2, protocol:0
[  155.687322] firmadyne: sys_socket[PID: 773 (xmldbc)]: family:1, type:2, protocol:0
[  155.747101] firmadyne: sys_socket[PID: 774 (xmldbc)]: family:1, type:2, protocol:0
[  155.806113] firmadyne: sys_socket[PID: 775 (xmldbc)]: family:1, type:2, protocol:0
[  155.945490] firmadyne: sys_socket[PID: 779 (xmldbc)]: family:1, type:2, protocol:0
[  156.005848] firmadyne: sys_socket[PID: 780 (xmldbc)]: family:1, type:2, protocol:0
[  156.064296] firmadyne: sys_socket[PID: 781 (xmldbc)]: family:1, type:2, protocol:0
[  156.123272] firmadyne: sys_socket[PID: 782 (xmldbc)]: family:1, type:2, protocol:0
[  156.182064] firmadyne: sys_socket[PID: 783 (xmldbc)]: family:1, type:2, protocol:0
[  156.241648] firmadyne: sys_socket[PID: 784 (xmldbc)]: family:1, type:2, protocol:0
[  156.299931] firmadyne: sys_socket[PID: 785 (xmldbc)]: family:1, type:2, protocol:0
[  156.359839] firmadyne: sys_socket[PID: 786 (xmldbc)]: family:1, type:2, protocol:0
[  156.419298] firmadyne: sys_socket[PID: 787 (xmldbc)]: family:1, type:2, protocol:0
[  156.477945] firmadyne: sys_socket[PID: 788 (xmldbc)]: family:1, type:2, protocol:0
[  156.538185] firmadyne: sys_socket[PID: 789 (xmldbc)]: family:1, type:2, protocol:0
[  156.596490] firmadyne: sys_socket[PID: 790 (xmldbc)]: family:1, type:2, protocol:0
[  156.655923] firmadyne: sys_socket[PID: 791 (xmldbc)]: family:1, type:2, protocol:0
[  156.714519] firmadyne: sys_socket[PID: 792 (xmldbc)]: family:1, type:2, protocol:0
[  156.774016] firmadyne: sys_socket[PID: 793 (xmldbc)]: family:1, type:2, protocol:0
[  156.832437] firmadyne: sys_socket[PID: 794 (xmldbc)]: family:1, type:2, protocol:0
[  156.891820] firmadyne: sys_socket[PID: 795 (xmldbc)]: family:1, type:2, protocol:0
[  156.953201] firmadyne: sys_socket[PID: 796 (xmldbc)]: family:1, type:2, protocol:0
[  157.014086] firmadyne: sys_socket[PID: 797 (xmldbc)]: family:1, type:2, protocol:0
[  157.154668] firmadyne: sys_socket[PID: 801 (xmldbc)]: family:1, type:2, protocol:0
[  157.213443] firmadyne: sys_socket[PID: 802 (xmldbc)]: family:1, type:2, protocol:0
[  157.271834] firmadyne: sys_socket[PID: 803 (xmldbc)]: family:1, type:2, protocol:0
[  157.332556] firmadyne: sys_socket[PID: 804 (xmldbc)]: family:1, type:2, protocol:0
[  157.391144] firmadyne: sys_socket[PID: 805 (xmldbc)]: family:1, type:2, protocol:0
[  157.450403] firmadyne: sys_socket[PID: 806 (xmldbc)]: family:1, type:2, protocol:0
[  157.509475] firmadyne: sys_socket[PID: 807 (xmldbc)]: family:1, type:2, protocol:0
[  157.572563] firmadyne: sys_socket[PID: 808 (xmldbc)]: family:1, type:2, protocol:0
[  157.633071] firmadyne: sys_socket[PID: 809 (xmldbc)]: family:1, type:2, protocol:0
[  157.691834] firmadyne: sys_socket[PID: 810 (xmldbc)]: family:1, type:2, protocol:0
[  157.752795] firmadyne: sys_socket[PID: 811 (xmldbc)]: family:1, type:2, protocol:0
[  157.812743] firmadyne: sys_socket[PID: 812 (xmldbc)]: family:1, type:2, protocol:0
[  157.871967] firmadyne: sys_socket[PID: 813 (xmldbc)]: family:1, type:2, protocol:0
[  157.932217] firmadyne: sys_socket[PID: 814 (xmldbc)]: family:1, type:2, protocol:0
[  157.991349] firmadyne: sys_socket[PID: 815 (xmldbc)]: family:1, type:2, protocol:0
[  158.054257] firmadyne: sys_socket[PID: 816 (xmldbc)]: family:1, type:2, protocol:0
[  158.113283] firmadyne: sys_socket[PID: 817 (xmldbc)]: family:1, type:2, protocol:0
[  158.174787] firmadyne: sys_socket[PID: 818 (xmldbc)]: family:1, type:2, protocol:0
[  158.233237] firmadyne: sys_socket[PID: 819 (xmldbc)]: family:1, type:2, protocol:0
[  158.373251] firmadyne: sys_socket[PID: 823 (xmldbc)]: family:1, type:2, protocol:0
[  158.431097] firmadyne: sys_socket[PID: 824 (xmldbc)]: family:1, type:2, protocol:0
[  158.489594] firmadyne: sys_socket[PID: 825 (xmldbc)]: family:1, type:2, protocol:0
[  158.550280] firmadyne: sys_socket[PID: 826 (xmldbc)]: family:1, type:2, protocol:0
[  158.608436] firmadyne: sys_socket[PID: 827 (xmldbc)]: family:1, type:2, protocol:0
[  158.674943] firmadyne: sys_socket[PID: 828 (xmldbc)]: family:1, type:2, protocol:0
[  158.734928] firmadyne: sys_socket[PID: 829 (xmldbc)]: family:1, type:2, protocol:0
[  158.795460] firmadyne: sys_socket[PID: 830 (xmldbc)]: family:1, type:2, protocol:0
[  158.855850] firmadyne: sys_socket[PID: 831 (xmldbc)]: family:1, type:2, protocol:0
[  158.914629] firmadyne: sys_socket[PID: 832 (xmldbc)]: family:1, type:2, protocol:0
[  158.975941] firmadyne: sys_socket[PID: 833 (xmldbc)]: family:1, type:2, protocol:0
[  159.036846] firmadyne: sys_socket[PID: 834 (xmldbc)]: family:1, type:2, protocol:0
[  159.095206] firmadyne: sys_socket[PID: 835 (xmldbc)]: family:1, type:2, protocol:0
[  159.155895] firmadyne: sys_socket[PID: 836 (xmldbc)]: family:1, type:2, protocol:0
[  159.214637] firmadyne: sys_socket[PID: 837 (xmldbc)]: family:1, type:2, protocol:0
[  159.272605] firmadyne: sys_socket[PID: 838 (xmldbc)]: family:1, type:2, protocol:0
[  159.333630] firmadyne: sys_socket[PID: 839 (xmldbc)]: family:1, type:2, protocol:0
[  159.394218] firmadyne: sys_socket[PID: 840 (xmldbc)]: family:1, type:2, protocol:0
[  159.454151] firmadyne: sys_socket[PID: 841 (xmldbc)]: family:1, type:2, protocol:0
[  159.596945] firmadyne: sys_socket[PID: 845 (xmldbc)]: family:1, type:2, protocol:0
[  159.656904] firmadyne: sys_socket[PID: 846 (xmldbc)]: family:1, type:2, protocol:0
[  159.717253] firmadyne: sys_socket[PID: 847 (xmldbc)]: family:1, type:2, protocol:0
[  159.776811] firmadyne: sys_socket[PID: 848 (xmldbc)]: family:1, type:2, protocol:0
[  159.836209] firmadyne: sys_socket[PID: 849 (xmldbc)]: family:1, type:2, protocol:0
[  159.895726] firmadyne: sys_socket[PID: 850 (xmldbc)]: family:1, type:2, protocol:0
[  159.955737] firmadyne: sys_socket[PID: 851 (xmldbc)]: family:1, type:2, protocol:0
[  160.014040] firmadyne: sys_socket[PID: 852 (xmldbc)]: family:1, type:2, protocol:0
[  160.076195] firmadyne: sys_socket[PID: 853 (xmldbc)]: family:1, type:2, protocol:0
[  160.136415] firmadyne: sys_socket[PID: 854 (xmldbc)]: family:1, type:2, protocol:0
[  160.195876] firmadyne: sys_socket[PID: 855 (xmldbc)]: family:1, type:2, protocol:0
[  160.254338] firmadyne: sys_socket[PID: 856 (xmldbc)]: family:1, type:2, protocol:0
[  160.313761] firmadyne: sys_socket[PID: 857 (xmldbc)]: family:1, type:2, protocol:0
[  160.373766] firmadyne: sys_socket[PID: 858 (xmldbc)]: family:1, type:2, protocol:0
[  160.426986] firmadyne: sys_socket[PID: 859 (xmldbc)]: family:1, type:2, protocol:0
[  160.484976] firmadyne: sys_socket[PID: 860 (xmldbc)]: family:1, type:2, protocol:0
[  160.545315] firmadyne: sys_socket[PID: 861 (xmldbc)]: family:1, type:2, protocol:0
[  160.603217] firmadyne: sys_socket[PID: 862 (xmldbc)]: family:1, type:2, protocol:0
[  160.663316] firmadyne: sys_socket[PID: 863 (xmldbc)]: family:1, type:2, protocol:0
[  160.798412] firmadyne: sys_socket[PID: 867 (xmldbc)]: family:1, type:2, protocol:0
[  160.856960] firmadyne: sys_socket[PID: 868 (xmldbc)]: family:1, type:2, protocol:0
[  160.917000] firmadyne: sys_socket[PID: 869 (xmldbc)]: family:1, type:2, protocol:0
[  160.976523] firmadyne: sys_socket[PID: 870 (xmldbc)]: family:1, type:2, protocol:0
[  161.036423] firmadyne: sys_socket[PID: 871 (xmldbc)]: family:1, type:2, protocol:0
[  161.098690] firmadyne: sys_socket[PID: 872 (xmldbc)]: family:1, type:2, protocol:0
[  161.160189] firmadyne: sys_socket[PID: 873 (xmldbc)]: family:1, type:2, protocol:0
[  161.219822] firmadyne: sys_socket[PID: 874 (xmldbc)]: family:1, type:2, protocol:0
[  161.279197] firmadyne: sys_socket[PID: 875 (xmldbc)]: family:1, type:2, protocol:0
[  161.338999] firmadyne: sys_socket[PID: 876 (xmldbc)]: family:1, type:2, protocol:0
[  161.397168] firmadyne: sys_socket[PID: 877 (xmldbc)]: family:1, type:2, protocol:0
[  161.455312] firmadyne: sys_socket[PID: 878 (xmldbc)]: family:1, type:2, protocol:0
[  161.513786] firmadyne: sys_socket[PID: 879 (xmldbc)]: family:1, type:2, protocol:0
[  161.574239] firmadyne: sys_socket[PID: 880 (xmldbc)]: family:1, type:2, protocol:0
[  161.633012] firmadyne: sys_socket[PID: 881 (xmldbc)]: family:1, type:2, protocol:0
[  161.691324] firmadyne: sys_socket[PID: 882 (xmldbc)]: family:1, type:2, protocol:0
[  161.750998] firmadyne: sys_socket[PID: 883 (xmldbc)]: family:1, type:2, protocol:0
[  161.809916] firmadyne: sys_socket[PID: 884 (xmldbc)]: family:1, type:2, protocol:0
[  161.868917] firmadyne: sys_socket[PID: 885 (xmldbc)]: family:1, type:2, protocol:0
[  162.009765] firmadyne: sys_socket[PID: 889 (xmldbc)]: family:1, type:2, protocol:0
[  162.070577] firmadyne: sys_socket[PID: 890 (xmldbc)]: family:1, type:2, protocol:0
[  162.130410] firmadyne: sys_socket[PID: 891 (xmldbc)]: family:1, type:2, protocol:0
[  162.189754] firmadyne: sys_socket[PID: 892 (xmldbc)]: family:1, type:2, protocol:0
[  162.248632] firmadyne: sys_socket[PID: 893 (xmldbc)]: family:1, type:2, protocol:0
[  162.307408] firmadyne: sys_socket[PID: 894 (xmldbc)]: family:1, type:2, protocol:0
[  162.367352] firmadyne: sys_socket[PID: 895 (xmldbc)]: family:1, type:2, protocol:0
[  162.424935] firmadyne: sys_socket[PID: 896 (xmldbc)]: family:1, type:2, protocol:0
[  162.484040] firmadyne: sys_socket[PID: 897 (xmldbc)]: family:1, type:2, protocol:0
[  162.545415] firmadyne: sys_socket[PID: 898 (xmldbc)]: family:1, type:2, protocol:0
[  162.603975] firmadyne: sys_socket[PID: 899 (xmldbc)]: family:1, type:2, protocol:0
[  162.664294] firmadyne: sys_socket[PID: 900 (xmldbc)]: family:1, type:2, protocol:0
[  162.724426] firmadyne: sys_socket[PID: 901 (xmldbc)]: family:1, type:2, protocol:0
[  162.782902] firmadyne: sys_socket[PID: 902 (xmldbc)]: family:1, type:2, protocol:0
[  162.840909] firmadyne: sys_socket[PID: 903 (xmldbc)]: family:1, type:2, protocol:0
[  162.905338] firmadyne: sys_socket[PID: 904 (xmldbc)]: family:1, type:2, protocol:0
[  162.966716] firmadyne: sys_socket[PID: 905 (xmldbc)]: family:1, type:2, protocol:0
[  163.026010] firmadyne: sys_socket[PID: 906 (xmldbc)]: family:1, type:2, protocol:0
[  163.087936] firmadyne: sys_socket[PID: 907 (xmldbc)]: family:1, type:2, protocol:0
[  163.229305] firmadyne: sys_socket[PID: 911 (xmldbc)]: family:1, type:2, protocol:0
[  163.288537] firmadyne: sys_socket[PID: 912 (xmldbc)]: family:1, type:2, protocol:0
[  163.348748] firmadyne: sys_socket[PID: 913 (xmldbc)]: family:1, type:2, protocol:0
[  163.402407] firmadyne: sys_socket[PID: 914 (xmldbc)]: family:1, type:2, protocol:0
[  163.460463] firmadyne: sys_socket[PID: 915 (xmldbc)]: family:1, type:2, protocol:0
[  163.521187] firmadyne: sys_socket[PID: 916 (xmldbc)]: family:1, type:2, protocol:0
[  163.581353] firmadyne: sys_socket[PID: 917 (xmldbc)]: family:1, type:2, protocol:0
[  163.641205] firmadyne: sys_socket[PID: 918 (xmldbc)]: family:1, type:2, protocol:0
[  163.699759] firmadyne: sys_socket[PID: 919 (xmldbc)]: family:1, type:2, protocol:0
[  163.759392] firmadyne: sys_socket[PID: 920 (xmldbc)]: family:1, type:2, protocol:0
[  163.818648] firmadyne: sys_socket[PID: 921 (xmldbc)]: family:1, type:2, protocol:0
[  163.877584] firmadyne: sys_socket[PID: 922 (xmldbc)]: family:1, type:2, protocol:0
[  163.937907] firmadyne: sys_socket[PID: 923 (xmldbc)]: family:1, type:2, protocol:0
[  163.996481] firmadyne: sys_socket[PID: 924 (xmldbc)]: family:1, type:2, protocol:0
[  164.055048] firmadyne: sys_socket[PID: 925 (xmldbc)]: family:1, type:2, protocol:0
[  164.118155] firmadyne: sys_socket[PID: 926 (xmldbc)]: family:1, type:2, protocol:0
[  164.177483] firmadyne: sys_socket[PID: 927 (xmldbc)]: family:1, type:2, protocol:0
[  164.236529] firmadyne: sys_socket[PID: 928 (xmldbc)]: family:1, type:2, protocol:0
[  164.294742] firmadyne: sys_socket[PID: 929 (xmldbc)]: family:1, type:2, protocol:0
[  164.485669] firmadyne: sys_socket[PID: 934 (xmldbc)]: family:1, type:2, protocol:0
[  164.546633] firmadyne: sys_socket[PID: 935 (xmldbc)]: family:1, type:2, protocol:0
[  164.600032] firmadyne: sys_socket[PID: 936 (xmldbc)]: family:1, type:2, protocol:0
[  164.658714] firmadyne: sys_socket[PID: 937 (xmldbc)]: family:1, type:2, protocol:0
[  164.718627] firmadyne: sys_socket[PID: 938 (xmldbc)]: family:1, type:2, protocol:0
[  164.776166] firmadyne: sys_socket[PID: 939 (xmldbc)]: family:1, type:2, protocol:0
[  164.914490] firmadyne: sys_socket[PID: 943 (xmldbc)]: family:1, type:2, protocol:0
[  164.974655] firmadyne: sys_socket[PID: 944 (xmldbc)]: family:1, type:2, protocol:0
[  165.033443] firmadyne: sys_socket[PID: 945 (xmldbc)]: family:1, type:2, protocol:0
[  165.092538] firmadyne: sys_socket[PID: 946 (xmldbc)]: family:1, type:2, protocol:0
[  165.154998] firmadyne: sys_socket[PID: 947 (xmldbc)]: family:1, type:2, protocol:0
[  165.213606] firmadyne: sys_socket[PID: 948 (xmldbc)]: family:1, type:2, protocol:0
[  165.391950] firmadyne: sys_socket[PID: 953 (xmldbc)]: family:1, type:2, protocol:0
[  165.531979] firmadyne: sys_socket[PID: 957 (xmldbc)]: family:1, type:2, protocol:0
[  165.671687] firmadyne: sys_socket[PID: 961 (xmldbc)]: family:1, type:2, protocol:0
[  165.810525] firmadyne: sys_socket[PID: 965 (xmldbc)]: family:1, type:2, protocol:0
[  165.948767] firmadyne: sys_socket[PID: 969 (xmldbc)]: family:1, type:2, protocol:0
[  166.085103] firmadyne: sys_socket[PID: 973 (xmldbc)]: family:1, type:2, protocol:0
[  166.227183] firmadyne: sys_socket[PID: 977 (xmldbc)]: family:1, type:2, protocol:0
[  166.362459] firmadyne: sys_socket[PID: 981 (xmldbc)]: family:1, type:2, protocol:0
[  166.498955] firmadyne: sys_socket[PID: 985 (xmldbc)]: family:1, type:2, protocol:0
[  166.638036] firmadyne: sys_socket[PID: 989 (xmldbc)]: family:1, type:2, protocol:0
[  166.778887] firmadyne: sys_socket[PID: 993 (xmldbc)]: family:1, type:2, protocol:0
[  166.917143] firmadyne: sys_socket[PID: 997 (xmldbc)]: family:1, type:2, protocol:0
[  167.056043] firmadyne: sys_socket[PID: 1001 (xmldbc)]: family:1, type:2, protocol:0
[  167.205692] firmadyne: sys_socket[PID: 1005 (xmldbc)]: family:1, type:2, protocol:0
[  167.345284] firmadyne: sys_socket[PID: 1009 (xmldbc)]: family:1, type:2, protocol:0
[  167.482844] firmadyne: sys_socket[PID: 1013 (xmldbc)]: family:1, type:2, protocol:0
[  167.624725] firmadyne: sys_socket[PID: 1017 (xmldbc)]: family:1, type:2, protocol:0
[  167.762052] firmadyne: sys_socket[PID: 1021 (xmldbc)]: family:1, type:2, protocol:0
[  167.900112] firmadyne: sys_socket[PID: 1025 (xmldbc)]: family:1, type:2, protocol:0
[  168.038814] firmadyne: sys_socket[PID: 1029 (xmldbc)]: family:1, type:2, protocol:0
[  168.179411] firmadyne: sys_socket[PID: 1033 (xmldbc)]: family:1, type:2, protocol:0
[  168.318007] firmadyne: sys_socket[PID: 1037 (xmldbc)]: family:1, type:2, protocol:0
[  168.454906] firmadyne: sys_socket[PID: 1041 (xmldbc)]: family:1, type:2, protocol:0
[  168.593623] firmadyne: sys_socket[PID: 1045 (xmldbc)]: family:1, type:2, protocol:0
[  168.734374] firmadyne: sys_socket[PID: 1049 (xmldbc)]: family:1, type:2, protocol:0
[  168.872782] firmadyne: sys_socket[PID: 1053 (xmldbc)]: family:1, type:2, protocol:0
[  169.012064] firmadyne: sys_socket[PID: 1057 (xmldbc)]: family:1, type:2, protocol:0
[  169.153928] firmadyne: sys_socket[PID: 1061 (xmldbc)]: family:1, type:2, protocol:0
[  169.291843] firmadyne: sys_socket[PID: 1065 (xmldbc)]: family:1, type:2, protocol:0
[  169.427721] firmadyne: sys_socket[PID: 1069 (xmldbc)]: family:1, type:2, protocol:0
[  169.566875] firmadyne: sys_socket[PID: 1073 (xmldbc)]: family:1, type:2, protocol:0
[  169.705941] firmadyne: sys_socket[PID: 1077 (xmldbc)]: family:1, type:2, protocol:0
[  169.845003] firmadyne: sys_socket[PID: 1081 (xmldbc)]: family:1, type:2, protocol:0
[  169.898157] firmadyne: sys_socket[PID: 1082 (xmldbc)]: family:1, type:2, protocol:0
[  169.958143] firmadyne: sys_socket[PID: 1083 (xmldbc)]: family:1, type:2, protocol:0
[  170.016746] firmadyne: sys_socket[PID: 1084 (xmldbc)]: family:1, type:2, protocol:0
[  170.075008] firmadyne: sys_socket[PID: 1085 (xmldbc)]: family:1, type:2, protocol:0
[  170.135933] firmadyne: sys_socket[PID: 1086 (xmldbc)]: family:1, type:2, protocol:0
[  170.198232] firmadyne: sys_socket[PID: 1087 (xmldbc)]: family:1, type:2, protocol:0
[  170.257417] firmadyne: sys_socket[PID: 1088 (xmldbc)]: family:1, type:2, protocol:0
[  170.317951] firmadyne: sys_socket[PID: 1089 (xmldbc)]: family:1, type:2, protocol:0
PHP [/etc/defnodes/S11setnodes.php] ...
[  170.438821] firmadyne: sys_socket[PID: 1092 (rgdb)]: family:1, type:2, protocol:0
PHP [/etc/defnodes/S12features.php] ...
[  171.306525] firmadyne: sys_socket[PID: 1105 (rgdb)]: family:1, type:2, protocol:0
PHP [/etc/defnodes/S13flashspeed.php] ...
[  171.438296] firmadyne: sys_socket[PID: 1108 (rgdb)]: family:1, type:2, protocol:0
PHP [/etc/defnodes/S20setnodes.php] ...
[  171.697893] firmadyne: sys_socket[PID: 1113 (rgdb)]: family:1, type:2, protocol:0
[  172.164399] UDF-fs: warning (device mtdblock4): udf_fill_super: No partition found (2)
mount: mounting /dev/mtdblock/4 on /www/locale/alt failed: Invalid argument
PHP [/etc/defnodes/S40brand.php] ...
[  172.280303] firmadyne: sys_socket[PID: 1125 (rgdb)]: family:1, type:2, protocol:0
[/etc/scripts/misc/defnodes.sh] Done !!
[/etc/scripts/misc/profile.sh] put ...
[  172.958500] firmadyne: sys_socket[PID: 1133 (rgdb)]: family:1, type:2, protocol:0
ok
[  173.984231] firmadyne: sys_socket[PID: 1139 (rgdb)]: family:1, type:2, protocol:0
[  174.060670] firmadyne: sys_socket[PID: 1141 (rgdb)]: family:1, type:2, protocol:0
[/etc/templates/timezone.sh] ...
[  174.241054] firmadyne: sys_socket[PID: 1146 (rgdb)]: family:1, type:2, protocol:0
[  174.436039] firmadyne: sys_socket[PID: 1151 (rgdb)]: family:1, type:2, protocol:0
[  178.482143] firmadyne: sys_socket[PID: 1155 (rgdb)]: family:1, type:2, protocol:0
[  178.568555] firmadyne: sys_socket[PID: 1157 (rgdb)]: family:1, type:2, protocol:0
[  178.652794] firmadyne: sys_socket[PID: 1159 (rgdb)]: family:1, type:2, protocol:0
[  178.738626] firmadyne: sys_socket[PID: 1161 (rgdb)]: family:1, type:2, protocol:0
[  178.824802] firmadyne: sys_socket[PID: 1163 (rgdb)]: family:1, type:2, protocol:0
[  178.910618] firmadyne: sys_socket[PID: 1165 (rgdb)]: family:1, type:2, protocol:0
[  178.997058] firmadyne: sys_socket[PID: 1167 (rgdb)]: family:1, type:2, protocol:0
[  179.081397] firmadyne: sys_socket[PID: 1169 (rgdb)]: family:1, type:2, protocol:0
[  179.167731] firmadyne: sys_socket[PID: 1171 (rgdb)]: family:1, type:2, protocol:0
[  179.254118] firmadyne: sys_socket[PID: 1173 (rgdb)]: family:1, type:2, protocol:0
[  179.345290] firmadyne: sys_socket[PID: 1175 (rgdb)]: family:1, type:2, protocol:0
[/etc/templates/logs.sh] ...
[  180.349243] firmadyne: sys_socket[PID: 1203 (rgdb)]: family:1, type:2, protocol:0
[  180.449807] firmadyne: sys_socket[PID: 1205 (rgdb)]: family:1, type:2, protocol:0
[/var/run/logs_run.sh] ...
[  181.067240] firmadyne: sys_socket[PID: 1210 (syslogd)]: family:1, type:1, protocol:0
[  181.228323] firmadyne: sys_socket[PID: 1215 (rgdb)]: family:1, type:2, protocol:0
[  181.438922] firmadyne: sys_socket[PID: 1219 (ifconfig)]: family:2, type:1, protocol:0
[  181.477495] 8021q: adding VLAN 0 to HW filter on device eth0
[  181.484808] e1000: eth0 NIC Link is Up 1000 Mbps Full Duplex, Flow Control: RX
[  184.591425] firmadyne: sys_socket[PID: 1221 (rgdb)]: family:1, type:2, protocol:0
[  184.937846] firmadyne: sys_socket[PID: 1233 (rgdb)]: family:1, type:2, protocol:0
[  185.129854] firmadyne: sys_socket[PID: 1239 (rgdb)]: family:1, type:2, protocol:0
[  185.155228] firmadyne: sys_socket[PID: 1240 (ifconfig)]: family:2, type:1, protocol:0
[  185.157938] firmadyne: __inet_insert_ifa[PID: 1240 (ifconfig)]: device:lo ifa:0x7f000001
[  185.216476] firmadyne: sys_socket[PID: 1241 (brctl)]: family:2, type:2, protocol:0
[  185.326161] firmadyne: sys_socket[PID: 1244 (brctl)]: family:2, type:2, protocol:0
[  185.331173] firmadyne: sys_socket[PID: 1244 (brctl)]: family:10, type:1, protocol:0
[  185.388037] firmadyne: sys_socket[PID: 1245 (brctl)]: family:2, type:2, protocol:0
[  185.391294] firmadyne: sys_socket[PID: 1245 (brctl)]: family:10, type:1, protocol:0
[/etc/init.d/S03config.sh] done!
[/etc/init.d/S10system.sh]
start Layout ...
[/etc/scripts/layout.sh] start ...
[  185.777347] firmadyne: sys_socket[PID: 1255 (rgdb)]: family:1, type:2, protocol:0
[  185.914695] firmadyne: sys_socket[PID: 1256 (rgdb)]: family:1, type:2, protocol:0
[/var/run/layout_start.sh] ...
Start bridge layout ...
[  186.075771] firmadyne: sys_socket[PID: 1260 (ifconfig)]: family:2, type:1, protocol:0
[  186.125472] firmadyne: sys_socket[PID: 1261 (brctl)]: family:2, type:2, protocol:0
[  186.129815] firmadyne: sys_socket[PID: 1261 (brctl)]: family:10, type:1, protocol:0
[  186.133408] firmadyne: sys_socket[PID: 1261 (brctl)]: family:10, type:1, protocol:0
[  186.135096] firmadyne: br_add_if[PID: 1261 (brctl)]: br:br0 dev:eth0
[  186.141915] device eth0 entered promiscuous mode
[  186.239117] firmadyne: sys_socket[PID: 1264 (xmldbc)]: family:1, type:2, protocol:0
[  186.330329] firmadyne: sys_socket[PID: 1267 (ifconfig)]: family:2, type:1, protocol:0
[  186.333354] br0: port 1(eth0) entered forwarding state
[  186.334360] br0: port 1(eth0) entered forwarding state
[  186.388697] firmadyne: sys_socket[PID: 1268 (rgdb)]: family:1, type:2, protocol:0
start LAN ...
[/etc/templates/lan.sh] ...
[  186.559360] firmadyne: sys_socket[PID: 1273 (rgdb)]: family:1, type:2, protocol:0
[  186.714170] firmadyne: sys_socket[PID: 1276 (rgdb)]: family:1, type:2, protocol:0
[  186.825909] firmadyne: sys_socket[PID: 1277 (rgdb)]: family:1, type:2, protocol:0
[/var/run/lan_start.sh] ...
Bridge mode selected, LAN is disabled !
start web server ...
[/etc/templates/webs.sh] start ...
[  187.126898] firmadyne: sys_socket[PID: 1285 (rgdb)]: family:1, type:2, protocol:0
[  187.215934] firmadyne: sys_socket[PID: 1287 (rgdb)]: family:1, type:2, protocol:0
[  187.372022] firmadyne: sys_socket[PID: 1290 (rgdb)]: family:1, type:2, protocol:0
[  187.536685] firmadyne: sys_socket[PID: 1291 (rgdb)]: family:1, type:2, protocol:0
[/var/run/webs_start.sh] ...
Starting HTTPD ...
start eth0 vlan setup ...
/etc/scripts/eth_vlan.sh: not found
[  187.965277] firmadyne: sys_socket[PID: 1301 (rgdb)]: family:1, type:2, protocol:0
[  187.985583] firmadyne: sys_socket[PID: 1302 (rgdb)]: family:1, type:2, protocol:0
[  188.209805] firmadyne: sys_socket[PID: 1303 (rgdb)]: family:1, type:2, protocol:0
#!/bin/sh
echo [$0] ... > /dev/console

# limitedadmin.php <<<

limitedadmin.sh...
[  188.523222] firmadyne: sys_socket[PID: 1307 (brctl)]: family:2, type:2, protocol:0
[  188.533960] firmadyne: sys_socket[PID: 1307 (brctl)]: family:10, type:1, protocol:0
[  188.640674] firmadyne: sys_socket[PID: 1308 (brctl)]: family:2, type:2, protocol:0
[  188.648340] firmadyne: sys_socket[PID: 1308 (brctl)]: family:10, type:1, protocol:0
[  188.760140] firmadyne: sys_socket[PID: 1309 (brctl)]: family:2, type:2, protocol:0
[  188.763245] firmadyne: sys_socket[PID: 1309 (brctl)]: family:10, type:1, protocol:0
[  188.873297] firmadyne: sys_socket[PID: 1310 (brctl)]: family:2, type:2, protocol:0
[  188.880858] firmadyne: sys_socket[PID: 1310 (brctl)]: family:10, type:1, protocol:0
[  188.988808] firmadyne: sys_socket[PID: 1311 (brctl)]: family:2, type:2, protocol:0
[  188.996262] firmadyne: sys_socket[PID: 1311 (brctl)]: family:10, type:1, protocol:0
[  189.102687] firmadyne: sys_socket[PID: 1312 (brctl)]: family:2, type:2, protocol:0
[  189.110405] firmadyne: sys_socket[PID: 1312 (brctl)]: family:10, type:1, protocol:0
start fresetd ...
enable LAN ports ...
[  189.372606] firmadyne: sys_socket[PID: 1314 (servd)]: family:1, type:2, protocol:0
Factory reset time : 5 secs
System reset time  : 1 secs
WPS command : [/etc/templates/wps.sh pbc &]
[  189.517682] firmadyne: sys_socket[PID: 1305 (httpd)]: family:10, type:2, protocol:6
[  189.519010] firmadyne: sys_setsockopt[PID: 1305 (httpd)]: fd:4, level:65535, optname:4
[/etc/scripts/enlan.sh] ...
/dev/gpio: No such device or address
[  189.581405] firmadyne: sys_socket[PID: 1317 (fresetd)]: family:1, type:1, protocol:0
 Generate channel table according to the country code...
[  189.730224] firmadyne: sys_socket[PID: 1328 (httpd)]: family:1, type:1, protocol:0
[  189.757786] firmadyne: sys_socket[PID: 1330 (genchanneltable)]: family:1, type:2, protocol:0
[  189.771340] firmadyne: sys_socket[PID: 1330 (genchanneltable)]: family:1, type:2, protocol:0
[  189.777337] firmadyne: sys_socket[PID: 1330 (genchanneltable)]: family:1, type:2, protocol:0
[  189.816389] firmadyne: sys_socket[PID: 1331 (getsys)]: family:1, type:2, protocol:0
UNKNOW country code!! Use USA for default!!
[  189.915373] firmadyne: sys_socket[PID: 1330 (genchanneltable)]: family:1, type:2, protocol:0
[  189.922502] firmadyne: sys_socket[PID: 1331 (getsys)]: family:1, type:2, protocol:0
[  189.929885] firmadyne: sys_socket[PID: 1330 (genchanneltable)]: family:1, type:2, protocol:0
[  189.934579] firmadyne: sys_socket[PID: 1331 (getsys)]: family:1, type:2, protocol:0
[  189.941156] firmadyne: sys_socket[PID: 1330 (genchanneltable)]: family:1, type:2, protocol:0
[  189.946064] firmadyne: sys_socket[PID: 1331 (getsys)]: family:1, type:2, protocol:0
[  189.952495] firmadyne: sys_socket[PID: 1330 (genchanneltable)]: family:1, type:2, protocol:0
[  189.957374] firmadyne: sys_socket[PID: 1331 (getsys)]: family:1, type:2, protocol:0
[  189.963784] firmadyne: sys_socket[PID: 1330 (genchanneltable)]: family:1, type:2, protocol:0
[  189.967827] firmadyne: sys_socket[PID: 1331 (getsys)]: family:1, type:2, protocol:0
[  189.974122] firmadyne: sys_socket[PID: 1330 (genchanneltable)]: family:1, type:2, protocol:0
[  189.978873] firmadyne: sys_socket[PID: 1331 (getsys)]: family:1, type:2, protocol:0
[  189.985513] firmadyne: sys_socket[PID: 1330 (genchanneltable)]: family:1, type:2, protocol:0
[  189.990226] firmadyne: sys_socket[PID: 1331 (getsys)]: family:1, type:2, protocol:0
[  189.996690] firmadyne: sys_socket[PID: 1330 (genchanneltable)]: family:1, type:2, protocol:0
[  190.002257] firmadyne: sys_socket[PID: 1331 (getsys)]: family:1, type:2, protocol:0
[  190.009258] firmadyne: sys_socket[PID: 1330 (genchanneltable)]: family:1, type:2, protocol:0
[  190.014342] firmadyne: sys_socket[PID: 1331 (getsys)]: family:1, type:2, protocol:0
[  190.021339] firmadyne: sys_socket[PID: 1330 (genchanneltable)]: family:1, type:2, protocol:0
[  190.026250] firmadyne: sys_socket[PID: 1331 (getsys)]: family:1, type:2, protocol:0
[  190.033108] firmadyne: sys_socket[PID: 1330 (genchanneltable)]: family:1, type:2, protocol:0
[  190.038087] firmadyne: sys_socket[PID: 1331 (getsys)]: family:1, type:2, protocol:0
[  190.044959] firmadyne: sys_socket[PID: 1330 (genchanneltable)]: family:1, type:2, protocol:0
[  190.049922] firmadyne: sys_socket[PID: 1331 (getsys)]: family:1, type:2, protocol:0
[  190.056699] firmadyne: sys_socket[PID: 1330 (genchanneltable)]: family:1, type:2, protocol:0
[  190.061675] firmadyne: sys_socket[PID: 1331 (getsys)]: family:1, type:2, protocol:0
[  190.068472] firmadyne: sys_socket[PID: 1330 (genchanneltable)]: family:1, type:2, protocol:0
[  190.073341] firmadyne: sys_socket[PID: 1331 (getsys)]: family:1, type:2, protocol:0
[  190.080151] firmadyne: sys_socket[PID: 1330 (genchanneltable)]: family:1, type:2, protocol:0
[  190.084928] firmadyne: sys_socket[PID: 1331 (getsys)]: family:1, type:2, protocol:0
[  190.091421] firmadyne: sys_socket[PID: 1330 (genchanneltable)]: family:1, type:2, protocol:0
[  190.095997] firmadyne: sys_socket[PID: 1331 (getsys)]: family:1, type:2, protocol:0
[  190.102724] firmadyne: sys_socket[PID: 1330 (genchanneltable)]: family:1, type:2, protocol:0
[  190.111313] firmadyne: sys_socket[PID: 1331 (getsys)]: family:1, type:2, protocol:0
[  190.115044] firmadyne: sys_socket[PID: 1330 (genchanneltable)]: family:1, type:2, protocol:0
[  190.124619] firmadyne: sys_socket[PID: 1330 (genchanneltable)]: family:1, type:2, protocol:0
[  190.141364] firmadyne: sys_socket[PID: 1330 (genchanneltable)]: family:1, type:2, protocol:0
[  190.148440] firmadyne: sys_socket[PID: 1330 (genchanneltable)]: family:1, type:2, protocol:0
[  190.158067] firmadyne: sys_socket[PID: 1330 (genchanneltable)]: family:1, type:2, protocol:0
[  190.169208] firmadyne: sys_socket[PID: 1330 (genchanneltable)]: family:1, type:2, protocol:0
[  190.175417] firmadyne: sys_socket[PID: 1330 (genchanneltable)]: family:1, type:2, protocol:0
[  190.186236] firmadyne: sys_socket[PID: 1330 (genchanneltable)]: family:1, type:2, protocol:0
[  190.200552] firmadyne: sys_socket[PID: 1330 (genchanneltable)]: family:1, type:2, protocol:0
[  190.206744] firmadyne: sys_socket[PID: 1330 (genchanneltable)]: family:1, type:2, protocol:0
[  190.213032] firmadyne: sys_socket[PID: 1330 (genchanneltable)]: family:1, type:2, protocol:0
/dev/gpio: No such device or address
[  190.227013] firmadyne: sys_socket[PID: 1330 (genchanneltable)]: family:1, type:2, protocol:0
 Generate VLAN table according to the port...
[  190.304583] firmadyne: sys_socket[PID: 1339 (genVLANTableByP)]: family:1, type:2, protocol:0
[  190.312098] firmadyne: sys_socket[PID: 1339 (genVLANTableByP)]: family:1, type:2, protocol:0
[  190.319911] firmadyne: sys_socket[PID: 1339 (genVLANTableByP)]: family:1, type:2, protocol:0
[  190.325612] firmadyne: sys_socket[PID: 1339 (genVLANTableByP)]: family:1, type:2, protocol:0
[  190.331184] firmadyne: sys_socket[PID: 1339 (genVLANTableByP)]: family:1, type:2, protocol:0
[  190.336791] firmadyne: sys_socket[PID: 1339 (genVLANTableByP)]: family:1, type:2, protocol:0
[  190.343019] firmadyne: sys_socket[PID: 1339 (genVLANTableByP)]: family:1, type:2, protocol:0
[  190.349579] firmadyne: sys_socket[PID: 1339 (genVLANTableByP)]: family:1, type:2, protocol:0
[  190.356339] firmadyne: sys_socket[PID: 1339 (genVLANTableByP)]: family:1, type:2, protocol:0
[  190.362137] firmadyne: sys_socket[PID: 1339 (genVLANTableByP)]: family:1, type:2, protocol:0
[  190.368434] firmadyne: sys_socket[PID: 1339 (genVLANTableByP)]: family:1, type:2, protocol:0
[  190.374053] firmadyne: sys_socket[PID: 1339 (genVLANTableByP)]: family:1, type:2, protocol:0
[  190.381120] firmadyne: sys_socket[PID: 1339 (genVLANTableByP)]: family:1, type:2, protocol:0
[  190.388694] firmadyne: sys_socket[PID: 1339 (genVLANTableByP)]: family:1, type:2, protocol:0
[  190.394632] firmadyne: sys_socket[PID: 1339 (genVLANTableByP)]: family:1, type:2, protocol:0
[  190.401428] firmadyne: sys_socket[PID: 1339 (genVLANTableByP)]: family:1, type:2, protocol:0
[  190.407415] firmadyne: sys_socket[PID: 1339 (genVLANTableByP)]: family:1, type:2, protocol:0
[  190.413156] firmadyne: sys_socket[PID: 1339 (genVLANTableByP)]: family:1, type:2, protocol:0
[  190.418718] firmadyne: sys_socket[PID: 1339 (genVLANTableByP)]: family:1, type:2, protocol:0
[  190.425333] firmadyne: sys_socket[PID: 1339 (genVLANTableByP)]: family:1, type:2, protocol:0
[  190.431045] firmadyne: sys_socket[PID: 1339 (genVLANTableByP)]: family:1, type:2, protocol:0
