[    0.000000] Linux version 4.1.17+ (alessio@pc) (gcc version 5.5.0 20171010 (Ubuntu 5.5.0-12ubuntu1) ) #1 Mon May 15 23:04:08 CEST 2023
[    0.000000] earlycon: Early serial console at I/O port 0x3f8 (options '38400n8')
[    0.000000] bootconsole [uart0] enabled
[    0.000000] CPU0 revision is: 00019300 (MIPS 24Kc)
[    0.000000] FPU revision is: 00739300
[    0.000000] Software DMA cache coherency enabled
[    0.000000] Determined physical RAM map:
[    0.000000]  memory: 00001000 @ 00000000 (reserved)
[    0.000000]  memory: 000ef000 @ 00001000 (ROM data)
[    0.000000]  memory: 00798000 @ 000f0000 (reserved)
[    0.000000]  memory: 0f777000 @ 00888000 (usable)
[    0.000000] debug: ignoring loglevel setting.
[    0.000000] Wasting 69888 bytes for tracking 2184 unused pages
[    0.000000] Initrd not found or empty - disabling initrd
[    0.000000] Zone ranges:
[    0.000000]   DMA      [mem 0x0000000000000000-0x0000000000ffffff]
[    0.000000]   Normal   [mem 0x0000000001000000-0x000000000fffefff]
[    0.000000] Movable zone start for each node
[    0.000000] Early memory node ranges
[    0.000000]   node   0: [mem 0x0000000000000000-0x000000000fffefff]
[    0.000000] Initmem setup node 0 [mem 0x0000000000000000-0x000000000fffefff]
[    0.000000] On node 0 totalpages: 65535
[    0.000000] free_area_init_node: node 0, pgdat 8081d5b0, node_mem_map 81000000
[    0.000000]   DMA zone: 32 pages used for memmap
[    0.000000]   DMA zone: 0 pages reserved
[    0.000000]   DMA zone: 4096 pages, LIFO batch:0
[    0.000000]   Normal zone: 480 pages used for memmap
[    0.000000]   Normal zone: 61439 pages, LIFO batch:15
[    0.000000] Primary instruction cache 2kB, VIPT, 2-way, linesize 16 bytes.
[    0.000000] Primary data cache 2kB, 2-way, VIPT, no aliases, linesize 16 bytes
[    0.000000] pcpu-alloc: s0 r0 d32768 u32768 alloc=1*32768
[    0.000000] pcpu-alloc: [0] 0 
[    0.000000] Built 1 zonelists in Zone order, mobility grouping on.  Total pages: 65023
[    0.000000] Kernel command line: root=/dev/sda1 console=ttyS0 nandsim.parts=64,64,64,64,64,64,64,64,64,64 rdinit=/firmadyne/preInit.sh rw debug ignore_loglevel print-fatal-signals=1 FIRMAE_NET=true FIRMAE_NVRAM=true FIRMAE_KERNEL=true FIRMAE_ETC=true user_debug=0 firmadyne.syscall=1 noka
[    0.000000] found FIRMAE_KERNEL=t
[    0.000000] set the LD_PRELOAD=/firmadyne/libnvram_ioctl.so
[    0.000000] PID hash table entries: 1024 (order: 0, 4096 bytes)
[    0.000000] Dentry cache hash table entries: 32768 (order: 5, 131072 bytes)
[    0.000000] Inode-cache hash table entries: 16384 (order: 4, 65536 bytes)
[    0.000000] Writing ErrCtl register=00000000
[    0.000000] Readback ErrCtl register=00000000
[    0.000000] Memory: 251112K/262140K available (5360K kernel code, 244K rwdata, 1676K rodata, 260K init, 158K bss, 11028K reserved, 0K cma-reserved)
[    0.000000] NR_IRQS:256
[    0.000000] CPU frequency 200.00 MHz
[    0.000000] clocksource MIPS: mask: 0xffffffff max_cycles: 0xffffffff, max_idle_ns: 19112536043 ns
[    0.000221] sched_clock: 32 bits at 100MHz, resolution 9ns, wraps every 21474759675ns
[    0.016715] Console: colour dummy device 80x25
[    0.017883] Calibrating delay loop... 22.78 BogoMIPS (lpj=45568)
[    0.073634] pid_max: default: 32768 minimum: 301
[    0.078409] Mount-cache hash table entries: 1024 (order: 0, 4096 bytes)
[    0.078969] Mountpoint-cache hash table entries: 1024 (order: 0, 4096 bytes)
[    0.151535] clocksource jiffies: mask: 0xffffffff max_cycles: 0xffffffff, max_idle_ns: 7645041785100000 ns
[    0.163559] NET: Registered protocol family 16
[    0.470809] clocksource pit: mask: 0xffffffff max_cycles: 0xffffffff, max_idle_ns: 1601818034827 ns
[    0.643282] vgaarb: loaded
[    0.649658] SCSI subsystem initialized
[    0.652482] libata version 3.00 loaded.
[    0.657476] usbcore: registered new interface driver usbfs
[    0.659078] usbcore: registered new interface driver hub
[    0.660507] usbcore: registered new device driver usb
[    0.663437] pps_core: LinuxPPS API ver. 1 registered
[    0.664086] pps_core: Software ver. 5.3.6 - Copyright 2005-2007 Rodolfo Giometti <giometti@linux.it>
[    0.665118] PTP clock support registered
[    0.670350] PCI host bridge to bus 0000:00
[    0.671171] pci_bus 0000:00: root bus resource [mem 0x10000000-0x17ffffff]
[    0.671837] pci_bus 0000:00: root bus resource [io  0x1000-0x1fffff]
[    0.672673] pci_bus 0000:00: root bus resource [??? 0x00000000 flags 0x0]
[    0.673306] pci_bus 0000:00: No busn resource found for root bus, will use [bus 00-ff]
[    0.674681] pci 0000:00:00.0: [11ab:4620] type 00 class 0x060000
[    0.675665] pci 0000:00:00.0: [Firmware Bug]: reg 0x14: invalid BAR (can't size)
[    0.676302] pci 0000:00:00.0: [Firmware Bug]: reg 0x18: invalid BAR (can't size)
[    0.677164] pci 0000:00:00.0: [Firmware Bug]: reg 0x1c: invalid BAR (can't size)
[    0.677801] pci 0000:00:00.0: [Firmware Bug]: reg 0x20: invalid BAR (can't size)
[    0.678439] pci 0000:00:00.0: [Firmware Bug]: reg 0x24: invalid BAR (can't size)
[    0.682929] pci 0000:00:0a.0: [8086:7110] type 00 class 0x060100
[    0.686876] pci 0000:00:0a.1: [8086:7111] type 00 class 0x010180
[    0.687713] pci 0000:00:0a.1: reg 0x20: [io  0x0000-0x000f]
[    0.688361] pci 0000:00:0a.1: legacy IDE quirk: reg 0x10: [io  0x01f0-0x01f7]
[    0.688989] pci 0000:00:0a.1: legacy IDE quirk: reg 0x14: [io  0x03f6]
[    0.689810] pci 0000:00:0a.1: legacy IDE quirk: reg 0x18: [io  0x0170-0x0177]
[    0.690434] pci 0000:00:0a.1: legacy IDE quirk: reg 0x1c: [io  0x0376]
[    0.694129] pci 0000:00:0a.2: [8086:7112] type 00 class 0x0c0300
[    0.694872] pci 0000:00:0a.2: reg 0x20: [io  0x0000-0x001f]
[    0.698526] pci 0000:00:0a.3: [8086:7113] type 00 class 0x068000
[    0.699902] pci 0000:00:0a.3: quirk: [io  0x1000-0x103f] claimed by PIIX4 ACPI
[    0.700573] pci 0000:00:0a.3: quirk: [io  0x1100-0x110f] claimed by PIIX4 SMB
[    0.704190] pci 0000:00:12.0: [1013:00b8] type 00 class 0x030000
[    0.704855] pci 0000:00:12.0: reg 0x10: [mem 0x00000000-0x01ffffff pref]
[    0.705487] pci 0000:00:12.0: reg 0x14: [mem 0x00000000-0x00000fff]
[    0.706348] pci 0000:00:12.0: reg 0x30: [mem 0x00000000-0x0000ffff pref]
[    0.709242] vgaarb: device added: PCI:0000:00:12.0,decodes=io+mem,owns=none,locks=none
[    0.710751] pci 0000:00:13.0: [8086:100e] type 00 class 0x020000
[    0.711411] pci 0000:00:13.0: reg 0x10: [mem 0x00000000-0x0001ffff]
[    0.712008] pci 0000:00:13.0: reg 0x14: [io  0x0000-0x003f]
[    0.712667] pci 0000:00:13.0: reg 0x30: [mem 0x00000000-0x0003ffff pref]
[    0.716127] pci 0000:00:14.0: [8086:100e] type 00 class 0x020000
[    0.716770] pci 0000:00:14.0: reg 0x10: [mem 0x00000000-0x0001ffff]
[    0.717365] pci 0000:00:14.0: reg 0x14: [io  0x0000-0x003f]
[    0.718028] pci 0000:00:14.0: reg 0x30: [mem 0x00000000-0x0003ffff pref]
[    0.721616] pci 0000:00:15.0: [8086:100e] type 00 class 0x020000
[    0.722261] pci 0000:00:15.0: reg 0x10: [mem 0x00000000-0x0001ffff]
[    0.723026] pci 0000:00:15.0: reg 0x14: [io  0x0000-0x003f]
[    0.723689] pci 0000:00:15.0: reg 0x30: [mem 0x00000000-0x0003ffff pref]
[    0.727219] pci 0000:00:16.0: [8086:100e] type 00 class 0x020000
[    0.727908] pci 0000:00:16.0: reg 0x10: [mem 0x00000000-0x0001ffff]
[    0.728517] pci 0000:00:16.0: reg 0x14: [io  0x0000-0x003f]
[    0.729200] pci 0000:00:16.0: reg 0x30: [mem 0x00000000-0x0003ffff pref]
[    0.732932] pci_bus 0000:00: busn_res: [bus 00-ff] end is updated to 00
[    0.734570] pci 0000:00:12.0: BAR 0: assigned [mem 0x10000000-0x11ffffff pref]
[    0.735571] pci 0000:00:13.0: BAR 6: assigned [mem 0x12000000-0x1203ffff pref]
[    0.736307] pci 0000:00:14.0: BAR 6: assigned [mem 0x12040000-0x1207ffff pref]
[    0.736992] pci 0000:00:15.0: BAR 6: assigned [mem 0x12080000-0x120bffff pref]
[    0.737675] pci 0000:00:16.0: BAR 6: assigned [mem 0x120c0000-0x120fffff pref]
[    0.738345] pci 0000:00:13.0: BAR 0: assigned [mem 0x12100000-0x1211ffff]
[    0.739003] pci 0000:00:14.0: BAR 0: assigned [mem 0x12120000-0x1213ffff]
[    0.739877] pci 0000:00:15.0: BAR 0: assigned [mem 0x12140000-0x1215ffff]
[    0.740551] pci 0000:00:16.0: BAR 0: assigned [mem 0x12160000-0x1217ffff]
[    0.741243] pci 0000:00:12.0: BAR 6: assigned [mem 0x12180000-0x1218ffff pref]
[    0.741922] pci 0000:00:12.0: BAR 1: assigned [mem 0x12190000-0x12190fff]
[    0.742587] pci 0000:00:13.0: BAR 1: assigned [io  0x1040-0x107f]
[    0.743200] pci 0000:00:14.0: BAR 1: assigned [io  0x1080-0x10bf]
[    0.743971] pci 0000:00:15.0: BAR 1: assigned [io  0x10c0-0x10ff]
[    0.744600] pci 0000:00:16.0: BAR 1: assigned [io  0x1400-0x143f]
[    0.745220] pci 0000:00:0a.2: BAR 4: assigned [io  0x1440-0x145f]
[    0.745843] pci 0000:00:0a.1: BAR 4: assigned [io  0x1460-0x146f]
[    0.765281] cfg80211: Calling CRDA to update world regulatory domain
[    0.780376] Switched to clocksource MIPS
[    0.910813] NET: Registered protocol family 2
[    0.924580] TCP established hash table entries: 2048 (order: 1, 8192 bytes)
[    0.925835] TCP bind hash table entries: 2048 (order: 1, 8192 bytes)
[    0.927027] TCP: Hash tables configured (established 2048 bind 2048)
[    0.928202] UDP hash table entries: 256 (order: 0, 4096 bytes)
[    0.929146] UDP-Lite hash table entries: 256 (order: 0, 4096 bytes)
[    0.933641] NET: Registered protocol family 1
[    0.935475] PCI: Enabling device 0000:00:0a.2 (0000 -> 0001)
[    0.937444] PCI: CLS 0 bytes, default 16
[    0.974443] futex hash table entries: 256 (order: -1, 3072 bytes)
[    0.993383] squashfs: version 4.0 (2009/01/31) Phillip Lougher
[    0.996163] jffs2: version 2.2. (NAND) Â© 2001-2006 Red Hat, Inc.
[    1.000101] romfs: ROMFS MTD (C) 2007 Red Hat, Inc.
[    1.027759] Block layer SCSI generic (bsg) driver version 0.4 loaded (major 251)
[    1.028701] io scheduler noop registered
[    1.029498] io scheduler cfq registered (default)
[    1.030611] firmadyne: devfs: 1, execute: 1, procfs: 1, syscall: 1
[    1.037542] firmadyne: Cannot register character device: gpio, 0xfc, 0x0!
[    1.047157] firmadyne: Cannot register character device: watchdog, 0xa, 0x82!
[    1.047703] firmadyne: Cannot register character device: wdt, 0xfd, 0x0!
[    2.985714] strName = 4.1.17+
[    2.985714] init_task_addr  = 2155778944
[    2.985714] init_task_size  = 1296
[    2.985714] ts_tasks        = 292
[    2.985714] ts_pid          = 408
[    2.985714] ts_tgid         = 412
[    2.985714] ts_group_leader = 440
[    2.985714] ts_thread_group = 496
[    2.985714] ts_real_parent  = 416
[    2.985714] ts_mm           = 300
[    2.985714] ts_stack        = 4
[    2.988219] module_name   = 12
[    2.988219] module_size   = 208
[    2.988219] module_init   = 200
[    2.988219] module_list   = 4
[    2.989411] ts_real_cred    = 624
[    2.989411] ts_cred         = 628
[    2.989411] ts_comm         = 632
[    2.989411] cred_uid        = 4
[    2.989411] cred_gid        = 8
[    2.989411] cred_euid       = 20
[    2.989411] cred_egid       = 24
[    2.991046] mm_mmap         = 0
[    2.991046] mm_pgd          = 32
[    2.991046] mm_arg_start    = 136
[    2.991046] mm_start_brk    = 124
[    2.991046] mm_brk          = 128
[    2.991046] mm_start_stack  = 132
[    2.992654] vma_vm_start    = 0
[    2.992654] vma_vm_end      = 4
[    2.992654] vma_vm_next     = 8
[    2.992654] vma_vm_file     = 80
[    2.992654] vma_vm_flags    = 40
[    2.992654] vma_vm_pgoff    = 76
[    2.994098] file_dentry     = 12
[    2.994098] file_inode      = 40
[    2.994098] dentry_d_name   = 24
[    2.994098] dentry_d_iname  = 44
[    2.994098] dentry_d_parent = 16
[    2.994098] ti_task         = 0
[    2.994098] inode_ino   = 28
[    4.203576] proc_fork_connector  = 2151078840
[    4.203975] proc_exit_connector  = 2151080432
[    4.204505] proc_exec_connector  = 2151079052
[    4.204854] vma_link  = 2149124372
[    4.205147] vma_adjust  = 2149124540
[    4.205448] remove_vma  = 2149122188
[    4.205747] modules  = 2155833724
[    4.206052] trim_init_extable  = 2150545316
[    4.207521] cfg80211: Calling CRDA to update world regulatory domain
[    4.211546] PCI: Enabling device 0000:00:12.0 (0000 -> 0002)
[    4.213144] cirrusfb 0000:00:12.0: Cirrus Logic chipset on PCI bus, RAM (4096 kB) at 0x10000000
[    4.453334] Console: switching to colour frame buffer device 80x30
[    4.531195] Serial: 8250/16550 driver, 4 ports, IRQ sharing enabled
[    4.547531] console [ttyS0] disabled
[    4.574007] serial8250.0: ttyS0 at I/O 0x3f8 (irq = 4, base_baud = 115200) is a 16550A
[    4.575279] console [ttyS0] enabled
[    4.575279] console [ttyS0] enabled
[    4.575922] bootconsole [uart0] disabled
[    4.575922] bootconsole [uart0] disabled
[    4.606266] serial8250.0: ttyS1 at I/O 0x2f8 (irq = 3, base_baud = 115200) is a 16550A
[    4.745702] brd: module loaded
[    4.819036] loop: module loaded
[    4.826779] ata_piix 0000:00:0a.1: version 2.13
[    4.827421] PCI: Enabling device 0000:00:0a.1 (0000 -> 0001)
[    4.857804] scsi host0: ata_piix
[    4.864296] scsi host1: ata_piix
[    4.868924] ata1: PATA max UDMA/33 cmd 0x1f0 ctl 0x3f6 bmdma 0x1460 irq 14
[    4.869525] ata2: PATA max UDMA/33 cmd 0x170 ctl 0x376 bmdma 0x1468 irq 15
[    4.877326] [nandsim] warning: read_byte: unexpected data output cycle, state is STATE_READY return 0x0
[    4.878018] [nandsim] warning: read_byte: unexpected data output cycle, state is STATE_READY return 0x0
[    4.878680] [nandsim] warning: read_byte: unexpected data output cycle, state is STATE_READY return 0x0
[    4.879337] [nandsim] warning: read_byte: unexpected data output cycle, state is STATE_READY return 0x0
[    4.879993] [nandsim] warning: read_byte: unexpected data output cycle, state is STATE_READY return 0x0
[    4.880860] [nandsim] warning: read_byte: unexpected data output cycle, state is STATE_READY return 0x0
[    4.881725] nand: device found, Manufacturer ID: 0x98, Chip ID: 0x39
[    4.882228] nand: Toshiba NAND 128MiB 1,8V 8-bit
[    4.882688] nand: 128 MiB, SLC, erase size: 16 KiB, page size: 512, OOB size: 16
[    4.884760] flash size: 128 MiB
[    4.885072] page size: 512 bytes
[    4.885369] OOB area size: 16 bytes
[    4.885679] sector size: 16 KiB
[    4.885976] pages number: 262144
[    4.886271] pages per sector: 32
[    4.886562] bus width: 8
[    4.886832] bits in sector size: 14
[    4.887141] bits in page size: 9
[    4.887441] bits in OOB size: 4
[    4.887741] flash size with OOB: 135168 KiB
[    4.888089] page address bytes: 4
[    4.888570] sector address bytes: 3
[    4.888897] options: 0x42
[    4.988258] Scanning device for bad blocks
[    6.407101] ata2.01: NODEV after polling detection
[    6.407984] ata1.01: NODEV after polling detection
[    6.410951] ata2.00: ATAPI: QEMU DVD-ROM, 2.5+, max UDMA/100
[    6.413791] ata1.00: ATA-7: QEMU HARDDISK, 2.5+, max UDMA/100
[    6.414368] ata1.00: 2097152 sectors, multi 16: LBA48 
[    6.421570] ata2.00: configured for UDMA/33
[    6.423998] ata1.00: configured for UDMA/33
[    6.435072] scsi 0:0:0:0: Direct-Access     ATA      QEMU HARDDISK    2.5+ PQ: 0 ANSI: 5
[    6.454005] sd 0:0:0:0: [sda] 2097152 512-byte logical blocks: (1.07 GB/1.00 GiB)
[    6.455892] scsi 1:0:0:0: CD-ROM            QEMU     QEMU DVD-ROM     2.5+ PQ: 0 ANSI: 5
[    6.471125] sd 0:0:0:0: [sda] Write Protect is off
[    6.471754] sd 0:0:0:0: [sda] Mode Sense: 00 3a 00 00
[    6.473750] sd 0:0:0:0: [sda] Write cache: enabled, read cache: enabled, doesn't support DPO or FUA
[    6.487123]  sda: sda1
[    6.501699] sd 0:0:0:0: [sda] Attached SCSI disk
[    6.502378] Creating 11 MTD partitions on "NAND 128MiB 1,8V 8-bit":
[    6.503162] 0x000000000000-0x000000100000 : "NAND simulator partition 0"
[    6.516238] 0x000000100000-0x000000200000 : "NAND simulator partition 1"
[    6.528854] 0x000000200000-0x000000300000 : "NAND simulator partition 2"
[    6.541520] 0x000000300000-0x000000400000 : "NAND simulator partition 3"
[    6.554232] 0x000000400000-0x000000500000 : "NAND simulator partition 4"
[    6.567005] 0x000000500000-0x000000600000 : "NAND simulator partition 5"
[    6.580131] 0x000000600000-0x000000700000 : "NAND simulator partition 6"
[    6.593570] 0x000000700000-0x000000800000 : "NAND simulator partition 7"
[    6.607101] 0x000000800000-0x000000900000 : "NAND simulator partition 8"
[    6.619457] 0x000000900000-0x000000a00000 : "NAND simulator partition 9"
[    6.631793] 0x000000a00000-0x000008000000 : "NAND simulator partition 10"
[    6.685712] tun: Universal TUN/TAP device driver, 1.6
[    6.686145] tun: (C) 1999-2004 Max Krasnyansky <maxk@qualcomm.com>
[    6.690403] pcnet32: pcnet32.c:v1.35 21.Apr.2008 tsbogend@alpha.franken.de
[    6.691924] e1000: Intel(R) PRO/1000 Network Driver - version 7.3.21-k8-NAPI
[    6.692637] e1000: Copyright (c) 1999-2006 Intel Corporation.
[    6.693771] PCI: Enabling device 0000:00:13.0 (0000 -> 0003)
[    7.005018] e1000 0000:00:13.0 eth0: (PCI:33MHz:32-bit) 52:54:00:12:34:56
[    7.005851] e1000 0000:00:13.0 eth0: Intel(R) PRO/1000 Network Connection
[    7.006726] PCI: Enabling device 0000:00:14.0 (0000 -> 0003)
[    7.326337] e1000 0000:00:14.0 eth1: (PCI:33MHz:32-bit) 52:54:00:12:34:57
[    7.327050] e1000 0000:00:14.0 eth1: Intel(R) PRO/1000 Network Connection
[    7.327965] PCI: Enabling device 0000:00:15.0 (0000 -> 0003)
[    7.352990] cfg80211: Calling CRDA to update world regulatory domain
[    7.641405] e1000 0000:00:15.0 eth2: (PCI:33MHz:32-bit) 52:54:00:12:34:58
[    7.642117] e1000 0000:00:15.0 eth2: Intel(R) PRO/1000 Network Connection
[    7.643015] PCI: Enabling device 0000:00:16.0 (0000 -> 0003)
[    7.963321] e1000 0000:00:16.0 eth3: (PCI:33MHz:32-bit) 52:54:00:12:34:59
[    7.964033] e1000 0000:00:16.0 eth3: Intel(R) PRO/1000 Network Connection
[    7.966072] e1000e: Intel(R) PRO/1000 Network Driver - 2.3.2-k
[    7.966566] e1000e: Copyright(c) 1999 - 2014 Intel Corporation.
[    7.972677] PPP generic driver version 2.4.2
[    7.975450] PPP Deflate Compression module registered
[    7.976453] PPP MPPE Compression module registered
[    7.976986] NET: Registered protocol family 24
[    7.977922] ehci_hcd: USB 2.0 'Enhanced' Host Controller (EHCI) Driver
[    7.979059] ehci-pci: EHCI PCI platform driver
[    7.981207] ohci_hcd: USB 1.1 'Open' Host Controller (OHCI) Driver
[    7.981902] ohci-pci: OHCI PCI platform driver
[    7.983497] uhci_hcd: USB Universal Host Controller Interface driver
[    7.985712] uhci_hcd 0000:00:0a.2: UHCI Host Controller
[    7.986708] uhci_hcd 0000:00:0a.2: new USB bus registered, assigned bus number 1
[    7.988107] uhci_hcd 0000:00:0a.2: irq 11, io base 0x00001440
[    8.002738] hub 1-0:1.0: USB hub found
[    8.003711] hub 1-0:1.0: 2 ports detected
[    8.016193] usbcore: registered new interface driver usb-storage
[    8.021913] mousedev: PS/2 mouse device common for all mice
[    8.031277] rtc_cmos rtc_cmos: rtc core: registered rtc_cmos as rtc0
[    8.032260] rtc_cmos rtc_cmos: alarms up to one day, 242 bytes nvram
[    8.034378] i2c /dev entries driver
[    8.036002] piix4_smbus 0000:00:0a.3: SMBus Host Controller at 0x1100, revision 0
[    8.042206] sdhci: Secure Digital Host Controller Interface driver
[    8.042670] sdhci: Copyright(c) Pierre Ossman
[    8.045806] hidraw: raw HID events driver (C) Jiri Kosina
[    8.069904] usbcore: registered new interface driver usbhid
[    8.070361] usbhid: USB HID core driver
[    8.071712] Netfilter messages via NETLINK v0.30.
[    8.073538] nf_conntrack version 0.5.0 (3923 buckets, 15692 max)
[    8.077774] ctnetlink v0.93: registering with nfnetlink.
[    8.085331] ipip: IPv4 over IPv4 tunneling driver
[    8.101065] ip_tables: (C) 2000-2006 Netfilter Core Team
[    8.104756] arp_tables: (C) 2002 David S. Miller
[    8.107077] Initializing XFRM netlink socket
[    8.108743] NET: Registered protocol family 10
[    8.136707] ip6_tables: (C) 2000-2006 Netfilter Core Team
[    8.141483] sit: IPv6 over IPv4 tunneling driver
[    8.163739] NET: Registered protocol family 17
[    8.165072] bridge: automatic filtering via arp/ip/ip6tables has been deprecated. Update your scripts to load br_netfilter if you need this.
[    8.166447] Bridge firewalling registered
[    8.166966] Ebtables v2.0 registered
[    8.169881] 8021q: 802.1Q VLAN Support v1.8
[    8.197520] rtc_cmos rtc_cmos: setting system clock to 2025-07-23 03:02:01 UTC (1753239721)
[    8.226358] EXT2-fs (sda1): warning: mounting unchecked fs, running e2fsck is recommended
[    8.229179] VFS: Mounted root (ext2 filesystem) on device 8:1.
[    8.240830] Freeing YAMON memory: 956k freed
[    8.254539] Freeing unused kernel memory: 260K (8081f000 - 80860000)
[    8.256595] spurious 8259A interrupt: IRQ7.
[    8.292360] firmadyne: sys_reboot[PID: 1 (init)]: magic1:fee1dead, magic2:28121969, cmd:0
init started: BusyBox v1.14.1 (2024-07-07 02:43:58 CEST)
starting pid 48, tty '': '/etc/init.d/rcS'
[    8.399208] firmadyne: do_execve: /firmadyne/console
[    8.399939] OFFSETS: offset of pid: 0x198 offset of comm: 0x278
[/etc/init.d/S03config.sh]
Mounting proc and var ...
[   10.496813] cfg80211: Calling CRDA to update world regulatory domain
SymbLink /dev/mtdblock/0
SymbLink /dev/mtdblock/1
SymbLink /dev/mtdblock/10
[   13.640783] cfg80211: Calling CRDA to update world regulatory domain
SymbLink /dev/mtdblock/2
SymbLink /dev/mtdblock/3
SymbLink /dev/mtdblock/4
SymbLink /dev/mtdblock/5
SymbLink /dev/mtdblock/6
SymbLink /dev/mtdblock/7
SymbLink /dev/mtdblock/8
SymbLink /dev/mtdblock/9
Inserting kernel modules ...
Inserting Rebootm ...
Inserting atheros ethernet ...
Inserting gpio ...
done.
Start xmldb ...
[   15.415704] firmadyne: sys_socket[PID: 147 (xmldb)]: family:1, type:2, protocol:0
[   16.370470] random: nonblocking pool is initialized
[/etc/scripts/misc/profile.sh] get ...
DEVCONF: unable to read config data (ret=-3) !
CAN NOT get devive config, generate default!
[/etc/scripts/misc/profile.sh] reset ...
[   16.784776] cfg80211: Calling CRDA to update world regulatory domain
[   16.972787] firmadyne: sys_socket[PID: 160 (rgdb)]: family:1, type:2, protocol:0
[/etc/scripts/misc/defnodes.sh] ...
[/etc/defnodes/S10setext.sh] ...
[   17.392316] firmadyne: sys_socket[PID: 166 (xmldbc)]: family:1, type:2, protocol:0
[   17.453052] firmadyne: sys_socket[PID: 167 (xmldbc)]: family:1, type:2, protocol:0
[   17.512048] firmadyne: sys_socket[PID: 168 (xmldbc)]: family:1, type:2, protocol:0
[   17.570009] firmadyne: sys_socket[PID: 169 (xmldbc)]: family:1, type:2, protocol:0
[   17.629973] firmadyne: sys_socket[PID: 170 (xmldbc)]: family:1, type:2, protocol:0
[   17.689097] firmadyne: sys_socket[PID: 171 (xmldbc)]: family:1, type:2, protocol:0
[   17.749745] firmadyne: sys_socket[PID: 172 (xmldbc)]: family:1, type:2, protocol:0
[   17.810336] firmadyne: sys_socket[PID: 173 (xmldbc)]: family:1, type:2, protocol:0
[   17.872876] firmadyne: sys_socket[PID: 174 (xmldbc)]: family:1, type:2, protocol:0
[   17.933978] firmadyne: sys_socket[PID: 175 (xmldbc)]: family:1, type:2, protocol:0
[   17.995492] firmadyne: sys_socket[PID: 176 (xmldbc)]: family:1, type:2, protocol:0
[   18.059442] firmadyne: sys_socket[PID: 177 (xmldbc)]: family:1, type:2, protocol:0
[   18.121514] firmadyne: sys_socket[PID: 178 (xmldbc)]: family:1, type:2, protocol:0
[   18.186132] firmadyne: sys_socket[PID: 179 (xmldbc)]: family:1, type:2, protocol:0
[   18.251641] firmadyne: sys_socket[PID: 180 (xmldbc)]: family:1, type:2, protocol:0
[   18.314279] firmadyne: sys_socket[PID: 181 (xmldbc)]: family:1, type:2, protocol:0
[   18.377110] firmadyne: sys_socket[PID: 182 (xmldbc)]: family:1, type:2, protocol:0
[   18.440418] firmadyne: sys_socket[PID: 183 (xmldbc)]: family:1, type:2, protocol:0
[   22.130843] cfg80211: Calling CRDA to update world regulatory domain
[   22.176034] firmadyne: sys_socket[PID: 184 (xmldbc)]: family:1, type:2, protocol:0
[   22.241172] firmadyne: sys_socket[PID: 186 (xmldbc)]: family:1, type:2, protocol:0
[   22.303164] firmadyne: sys_socket[PID: 187 (xmldbc)]: family:1, type:2, protocol:0
[   22.367490] firmadyne: sys_socket[PID: 188 (rgdb)]: family:1, type:2, protocol:0
[   26.067197] cfg80211: Calling CRDA to update world regulatory domain
[   26.116950] firmadyne: sys_socket[PID: 189 (rgdb)]: family:1, type:2, protocol:0
[   26.178906] firmadyne: sys_socket[PID: 191 (rgdb)]: family:1, type:2, protocol:0
[   26.240706] firmadyne: sys_socket[PID: 192 (rgdb)]: family:1, type:2, protocol:0
[   26.306282] firmadyne: sys_socket[PID: 193 (rgdb)]: family:1, type:2, protocol:0
[   26.426834] firmadyne: sys_socket[PID: 194 (rgdb)]: family:1, type:2, protocol:0
[   26.490375] firmadyne: sys_socket[PID: 195 (rgdb)]: family:1, type:2, protocol:0
[   26.551633] firmadyne: sys_socket[PID: 196 (rgdb)]: family:1, type:2, protocol:0
[   26.614219] firmadyne: sys_socket[PID: 197 (rgdb)]: family:1, type:2, protocol:0
[   33.711519] cfg80211: Calling CRDA to update world regulatory domain
[   33.762633] firmadyne: sys_socket[PID: 198 (rgdb)]: family:1, type:2, protocol:0
[   33.824929] firmadyne: sys_socket[PID: 200 (rgdb)]: family:1, type:2, protocol:0
[   33.890499] firmadyne: sys_socket[PID: 201 (rgdb)]: family:1, type:2, protocol:0
[   33.954861] firmadyne: sys_socket[PID: 202 (rgdb)]: family:1, type:2, protocol:0
[   37.157156] cfg80211: Calling CRDA to update world regulatory domain
[   37.229074] firmadyne: sys_socket[PID: 204 (rgdb)]: family:1, type:2, protocol:0
[   37.369524] firmadyne: sys_socket[PID: 206 (xmldbc)]: family:1, type:2, protocol:0
[   37.431934] firmadyne: sys_socket[PID: 207 (xmldbc)]: family:1, type:2, protocol:0
[   37.566514] firmadyne: sys_socket[PID: 208 (xmldbc)]: family:1, type:2, protocol:0
[   37.629514] firmadyne: sys_socket[PID: 209 (xmldbc)]: family:1, type:2, protocol:0
[   37.692308] firmadyne: sys_socket[PID: 210 (xmldbc)]: family:1, type:2, protocol:0
[   37.756344] firmadyne: sys_socket[PID: 211 (xmldbc)]: family:1, type:2, protocol:0
[   37.889774] firmadyne: sys_socket[PID: 212 (xmldbc)]: family:1, type:2, protocol:0
[   37.952285] firmadyne: sys_socket[PID: 213 (xmldbc)]: family:1, type:2, protocol:0
[   38.016783] firmadyne: sys_socket[PID: 214 (xmldbc)]: family:1, type:2, protocol:0
[   38.079296] firmadyne: sys_socket[PID: 215 (xmldbc)]: family:1, type:2, protocol:0
[   38.211632] firmadyne: sys_socket[PID: 216 (xmldbc)]: family:1, type:2, protocol:0
[   38.275033] firmadyne: sys_socket[PID: 217 (xmldbc)]: family:1, type:2, protocol:0
[   38.337439] firmadyne: sys_socket[PID: 218 (xmldbc)]: family:1, type:2, protocol:0
[   38.400159] firmadyne: sys_socket[PID: 219 (xmldbc)]: family:1, type:2, protocol:0
[   38.534095] firmadyne: sys_socket[PID: 220 (xmldbc)]: family:1, type:2, protocol:0
[   38.597331] firmadyne: sys_socket[PID: 221 (xmldbc)]: family:1, type:2, protocol:0
[   38.661738] firmadyne: sys_socket[PID: 222 (xmldbc)]: family:1, type:2, protocol:0
[   38.723975] firmadyne: sys_socket[PID: 223 (xmldbc)]: family:1, type:2, protocol:0
[   39.018845] firmadyne: sys_socket[PID: 228 (xmldbc)]: family:1, type:2, protocol:0
[   39.080652] firmadyne: sys_socket[PID: 229 (xmldbc)]: family:1, type:2, protocol:0
[   39.142533] firmadyne: sys_socket[PID: 230 (xmldbc)]: family:1, type:2, protocol:0
[   39.204164] firmadyne: sys_socket[PID: 231 (xmldbc)]: family:1, type:2, protocol:0
[   39.335267] firmadyne: sys_socket[PID: 232 (xmldbc)]: family:1, type:2, protocol:0
[   39.396331] firmadyne: sys_socket[PID: 233 (xmldbc)]: family:1, type:2, protocol:0
[   39.459570] firmadyne: sys_socket[PID: 234 (xmldbc)]: family:1, type:2, protocol:0
[   39.523540] firmadyne: sys_socket[PID: 235 (xmldbc)]: family:1, type:2, protocol:0
[   42.269808] cfg80211: Calling CRDA to update world regulatory domain
[   42.305800] firmadyne: sys_socket[PID: 236 (xmldbc)]: family:1, type:2, protocol:0
[   42.368362] firmadyne: sys_socket[PID: 238 (xmldbc)]: family:1, type:2, protocol:0
[   42.430661] firmadyne: sys_socket[PID: 239 (xmldbc)]: family:1, type:2, protocol:0
[   42.494370] firmadyne: sys_socket[PID: 240 (xmldbc)]: family:1, type:2, protocol:0
[   42.625613] firmadyne: sys_socket[PID: 241 (xmldbc)]: family:1, type:2, protocol:0
[   42.689563] firmadyne: sys_socket[PID: 242 (xmldbc)]: family:1, type:2, protocol:0
[   42.751101] firmadyne: sys_socket[PID: 243 (xmldbc)]: family:1, type:2, protocol:0
[   42.812709] firmadyne: sys_socket[PID: 244 (xmldbc)]: family:1, type:2, protocol:0
[   42.933252] firmadyne: sys_socket[PID: 245 (xmldbc)]: family:1, type:2, protocol:0
[   42.995007] firmadyne: sys_socket[PID: 246 (xmldbc)]: family:1, type:2, protocol:0
[   43.055874] firmadyne: sys_socket[PID: 247 (xmldbc)]: family:1, type:2, protocol:0
[   43.204840] firmadyne: sys_socket[PID: 251 (xmldbc)]: family:1, type:2, protocol:0
[   47.057588] cfg80211: Exceeded CRDA call max attempts. Not calling CRDA
[   47.086768] firmadyne: sys_socket[PID: 252 (xmldbc)]: family:1, type:2, protocol:0
[   47.144121] firmadyne: sys_socket[PID: 253 (xmldbc)]: family:1, type:2, protocol:0
[   47.205640] firmadyne: sys_socket[PID: 254 (xmldbc)]: family:1, type:2, protocol:0
[   47.269031] firmadyne: sys_socket[PID: 255 (xmldbc)]: family:1, type:2, protocol:0
[   47.330209] firmadyne: sys_socket[PID: 256 (xmldbc)]: family:1, type:2, protocol:0
[   47.451746] firmadyne: sys_socket[PID: 257 (xmldbc)]: family:1, type:2, protocol:0
[   47.514332] firmadyne: sys_socket[PID: 258 (xmldbc)]: family:1, type:2, protocol:0
[   47.575726] firmadyne: sys_socket[PID: 259 (xmldbc)]: family:1, type:2, protocol:0
[   47.640828] firmadyne: sys_socket[PID: 260 (xmldbc)]: family:1, type:2, protocol:0
[   47.762296] firmadyne: sys_socket[PID: 261 (xmldbc)]: family:1, type:2, protocol:0
[   47.824160] firmadyne: sys_socket[PID: 262 (xmldbc)]: family:1, type:2, protocol:0
[   47.887837] firmadyne: sys_socket[PID: 263 (xmldbc)]: family:1, type:2, protocol:0
[   47.949464] firmadyne: sys_socket[PID: 264 (xmldbc)]: family:1, type:2, protocol:0
[   48.070934] firmadyne: sys_socket[PID: 265 (xmldbc)]: family:1, type:2, protocol:0
[   48.132786] firmadyne: sys_socket[PID: 266 (xmldbc)]: family:1, type:2, protocol:0
[   48.194442] firmadyne: sys_socket[PID: 267 (xmldbc)]: family:1, type:2, protocol:0
[   48.252082] firmadyne: sys_socket[PID: 268 (xmldbc)]: family:1, type:2, protocol:0
[   48.369705] firmadyne: sys_socket[PID: 269 (xmldbc)]: family:1, type:2, protocol:0
[   48.516045] firmadyne: sys_socket[PID: 273 (xmldbc)]: family:1, type:2, protocol:0
[   48.577789] firmadyne: sys_socket[PID: 274 (xmldbc)]: family:1, type:2, protocol:0
[   48.639439] firmadyne: sys_socket[PID: 275 (xmldbc)]: family:1, type:2, protocol:0
[   48.761421] firmadyne: sys_socket[PID: 276 (xmldbc)]: family:1, type:2, protocol:0
[   48.823861] firmadyne: sys_socket[PID: 277 (xmldbc)]: family:1, type:2, protocol:0
[   48.888032] firmadyne: sys_socket[PID: 278 (xmldbc)]: family:1, type:2, protocol:0
[   48.950379] firmadyne: sys_socket[PID: 279 (xmldbc)]: family:1, type:2, protocol:0
[   49.071206] firmadyne: sys_socket[PID: 280 (xmldbc)]: family:1, type:2, protocol:0
[   49.133877] firmadyne: sys_socket[PID: 281 (xmldbc)]: family:1, type:2, protocol:0
[   49.191155] firmadyne: sys_socket[PID: 282 (xmldbc)]: family:1, type:2, protocol:0
[   49.253196] firmadyne: sys_socket[PID: 283 (xmldbc)]: family:1, type:2, protocol:0
[   49.317253] firmadyne: sys_socket[PID: 284 (xmldbc)]: family:1, type:2, protocol:0
[   49.439743] firmadyne: sys_socket[PID: 285 (xmldbc)]: family:1, type:2, protocol:0
[   49.503679] firmadyne: sys_socket[PID: 286 (xmldbc)]: family:1, type:2, protocol:0
[   49.566045] firmadyne: sys_socket[PID: 287 (xmldbc)]: family:1, type:2, protocol:0
[   49.628381] firmadyne: sys_socket[PID: 288 (xmldbc)]: family:1, type:2, protocol:0
[   49.752362] firmadyne: sys_socket[PID: 289 (xmldbc)]: family:1, type:2, protocol:0
[   49.814789] firmadyne: sys_socket[PID: 290 (xmldbc)]: family:1, type:2, protocol:0
[   49.878940] firmadyne: sys_socket[PID: 291 (xmldbc)]: family:1, type:2, protocol:0
[   50.025030] firmadyne: sys_socket[PID: 295 (xmldbc)]: family:1, type:2, protocol:0
[   50.157300] firmadyne: sys_socket[PID: 296 (xmldbc)]: family:1, type:2, protocol:0
[   50.218928] firmadyne: sys_socket[PID: 297 (xmldbc)]: family:1, type:2, protocol:0
[   50.282129] firmadyne: sys_socket[PID: 298 (xmldbc)]: family:1, type:2, protocol:0
[   50.343084] firmadyne: sys_socket[PID: 299 (xmldbc)]: family:1, type:2, protocol:0
[   50.473931] firmadyne: sys_socket[PID: 300 (xmldbc)]: family:1, type:2, protocol:0
[   50.536012] firmadyne: sys_socket[PID: 301 (xmldbc)]: family:1, type:2, protocol:0
[   50.605116] firmadyne: sys_socket[PID: 302 (xmldbc)]: family:1, type:2, protocol:0
[   50.669856] firmadyne: sys_socket[PID: 303 (xmldbc)]: family:1, type:2, protocol:0
[   50.801567] firmadyne: sys_socket[PID: 304 (xmldbc)]: family:1, type:2, protocol:0
[   50.870210] firmadyne: sys_socket[PID: 305 (xmldbc)]: family:1, type:2, protocol:0
[   50.931769] firmadyne: sys_socket[PID: 306 (xmldbc)]: family:1, type:2, protocol:0
[   50.994373] firmadyne: sys_socket[PID: 307 (xmldbc)]: family:1, type:2, protocol:0
[   51.126652] firmadyne: sys_socket[PID: 308 (xmldbc)]: family:1, type:2, protocol:0
[   51.188287] firmadyne: sys_socket[PID: 309 (xmldbc)]: family:1, type:2, protocol:0
[   51.249723] firmadyne: sys_socket[PID: 310 (xmldbc)]: family:1, type:2, protocol:0
[   51.312676] firmadyne: sys_socket[PID: 311 (xmldbc)]: family:1, type:2, protocol:0
[   55.261505] firmadyne: sys_socket[PID: 312 (xmldbc)]: family:1, type:2, protocol:0
[   55.323770] firmadyne: sys_socket[PID: 313 (xmldbc)]: family:1, type:2, protocol:0
[   55.470426] firmadyne: sys_socket[PID: 317 (xmldbc)]: family:1, type:2, protocol:0
[   55.531304] firmadyne: sys_socket[PID: 318 (xmldbc)]: family:1, type:2, protocol:0
[   58.340060] firmadyne: sys_socket[PID: 319 (xmldbc)]: family:1, type:2, protocol:0
[   58.397702] firmadyne: sys_socket[PID: 320 (xmldbc)]: family:1, type:2, protocol:0
[   58.458811] firmadyne: sys_socket[PID: 321 (xmldbc)]: family:1, type:2, protocol:0
[   58.522114] firmadyne: sys_socket[PID: 322 (xmldbc)]: family:1, type:2, protocol:0
[   58.583649] firmadyne: sys_socket[PID: 323 (xmldbc)]: family:1, type:2, protocol:0
[   58.704258] firmadyne: sys_socket[PID: 324 (xmldbc)]: family:1, type:2, protocol:0
[   58.766600] firmadyne: sys_socket[PID: 325 (xmldbc)]: family:1, type:2, protocol:0
[   58.829730] firmadyne: sys_socket[PID: 326 (xmldbc)]: family:1, type:2, protocol:0
[   58.891468] firmadyne: sys_socket[PID: 327 (xmldbc)]: family:1, type:2, protocol:0
[   59.022734] firmadyne: sys_socket[PID: 328 (xmldbc)]: family:1, type:2, protocol:0
[   59.084166] firmadyne: sys_socket[PID: 329 (xmldbc)]: family:1, type:2, protocol:0
[   59.147047] firmadyne: sys_socket[PID: 330 (xmldbc)]: family:1, type:2, protocol:0
[   59.209214] firmadyne: sys_socket[PID: 331 (xmldbc)]: family:1, type:2, protocol:0
[   67.255212] firmadyne: sys_socket[PID: 332 (xmldbc)]: family:1, type:2, protocol:0
[   67.312287] firmadyne: sys_socket[PID: 333 (xmldbc)]: family:1, type:2, protocol:0
[   67.374229] firmadyne: sys_socket[PID: 334 (xmldbc)]: family:1, type:2, protocol:0
[   67.438398] firmadyne: sys_socket[PID: 335 (xmldbc)]: family:1, type:2, protocol:0
[   75.105624] firmadyne: sys_socket[PID: 339 (xmldbc)]: family:1, type:2, protocol:0
[   75.169819] firmadyne: sys_socket[PID: 340 (xmldbc)]: family:1, type:2, protocol:0
[   75.230970] firmadyne: sys_socket[PID: 341 (xmldbc)]: family:1, type:2, protocol:0
[   75.286828] firmadyne: sys_socket[PID: 342 (xmldbc)]: family:1, type:2, protocol:0
[   75.349455] firmadyne: sys_socket[PID: 343 (xmldbc)]: family:1, type:2, protocol:0
[   82.981317] firmadyne: sys_socket[PID: 344 (xmldbc)]: family:1, type:2, protocol:0
[   83.043296] firmadyne: sys_socket[PID: 345 (xmldbc)]: family:1, type:2, protocol:0
[   83.102589] firmadyne: sys_socket[PID: 346 (xmldbc)]: family:1, type:2, protocol:0
[   83.162711] firmadyne: sys_socket[PID: 347 (xmldbc)]: family:1, type:2, protocol:0
[   89.351312] firmadyne: sys_socket[PID: 348 (xmldbc)]: family:1, type:2, protocol:0
[   89.415510] firmadyne: sys_socket[PID: 349 (xmldbc)]: family:1, type:2, protocol:0
[   89.477858] firmadyne: sys_socket[PID: 350 (xmldbc)]: family:1, type:2, protocol:0
[   89.539684] firmadyne: sys_socket[PID: 351 (xmldbc)]: family:1, type:2, protocol:0
[   89.662800] firmadyne: sys_socket[PID: 352 (xmldbc)]: family:1, type:2, protocol:0
[   89.725400] firmadyne: sys_socket[PID: 353 (xmldbc)]: family:1, type:2, protocol:0
[   89.788923] firmadyne: sys_socket[PID: 354 (xmldbc)]: family:1, type:2, protocol:0
[   89.850521] firmadyne: sys_socket[PID: 355 (xmldbc)]: family:1, type:2, protocol:0
[   90.562710] firmadyne: sys_socket[PID: 356 (xmldbc)]: family:1, type:2, protocol:0
[   90.626905] firmadyne: sys_socket[PID: 357 (xmldbc)]: family:1, type:2, protocol:0
[   90.774367] firmadyne: sys_socket[PID: 361 (xmldbc)]: family:1, type:2, protocol:0
[   90.835860] firmadyne: sys_socket[PID: 362 (xmldbc)]: family:1, type:2, protocol:0
[  101.954877] firmadyne: sys_socket[PID: 363 (xmldbc)]: family:1, type:2, protocol:0
[  102.015112] firmadyne: sys_socket[PID: 364 (xmldbc)]: family:1, type:2, protocol:0
[  102.073538] firmadyne: sys_socket[PID: 365 (xmldbc)]: family:1, type:2, protocol:0
[  102.132296] firmadyne: sys_socket[PID: 366 (xmldbc)]: family:1, type:2, protocol:0
[  106.045161] firmadyne: sys_socket[PID: 367 (xmldbc)]: family:1, type:2, protocol:0
[  106.107913] firmadyne: sys_socket[PID: 368 (xmldbc)]: family:1, type:2, protocol:0
[  106.170212] firmadyne: sys_socket[PID: 369 (xmldbc)]: family:1, type:2, protocol:0
[  106.233450] firmadyne: sys_socket[PID: 370 (xmldbc)]: family:1, type:2, protocol:0
[  119.336470] firmadyne: sys_socket[PID: 371 (xmldbc)]: family:1, type:2, protocol:0
[  119.398038] firmadyne: sys_socket[PID: 372 (xmldbc)]: family:1, type:2, protocol:0
[  119.457385] firmadyne: sys_socket[PID: 373 (xmldbc)]: family:1, type:2, protocol:0
[  119.517781] firmadyne: sys_socket[PID: 374 (xmldbc)]: family:1, type:2, protocol:0
[  122.837309] firmadyne: sys_socket[PID: 375 (xmldbc)]: family:1, type:2, protocol:0
[  122.900924] firmadyne: sys_socket[PID: 376 (xmldbc)]: family:1, type:2, protocol:0
[  122.959875] firmadyne: sys_socket[PID: 377 (xmldbc)]: family:1, type:2, protocol:0
[  123.021666] firmadyne: sys_socket[PID: 378 (xmldbc)]: family:1, type:2, protocol:0
[  123.075500] firmadyne: sys_socket[PID: 379 (xmldbc)]: family:1, type:2, protocol:0
[  126.912967] firmadyne: sys_socket[PID: 383 (xmldbc)]: family:1, type:2, protocol:0
[  126.976455] firmadyne: sys_socket[PID: 384 (xmldbc)]: family:1, type:2, protocol:0
[  127.037853] firmadyne: sys_socket[PID: 385 (xmldbc)]: family:1, type:2, protocol:0
[  127.101066] firmadyne: sys_socket[PID: 386 (xmldbc)]: family:1, type:2, protocol:0
[  127.157812] firmadyne: sys_socket[PID: 387 (xmldbc)]: family:1, type:2, protocol:0
[  130.917943] firmadyne: sys_socket[PID: 388 (xmldbc)]: family:1, type:2, protocol:0
[  130.979640] firmadyne: sys_socket[PID: 389 (xmldbc)]: family:1, type:2, protocol:0
[  131.043189] firmadyne: sys_socket[PID: 390 (xmldbc)]: family:1, type:2, protocol:0
[  131.106987] firmadyne: sys_socket[PID: 391 (xmldbc)]: family:1, type:2, protocol:0
[  131.229505] firmadyne: sys_socket[PID: 392 (xmldbc)]: family:1, type:2, protocol:0
[  131.293001] firmadyne: sys_socket[PID: 393 (xmldbc)]: family:1, type:2, protocol:0
[  131.354728] firmadyne: sys_socket[PID: 394 (xmldbc)]: family:1, type:2, protocol:0
[  131.416345] firmadyne: sys_socket[PID: 395 (xmldbc)]: family:1, type:2, protocol:0
[  136.936690] firmadyne: sys_socket[PID: 396 (xmldbc)]: family:1, type:2, protocol:0
[  136.996769] firmadyne: sys_socket[PID: 397 (xmldbc)]: family:1, type:2, protocol:0
[  137.058719] firmadyne: sys_socket[PID: 398 (xmldbc)]: family:1, type:2, protocol:0
[  137.123863] firmadyne: sys_socket[PID: 399 (xmldbc)]: family:1, type:2, protocol:0
[  139.360860] firmadyne: sys_socket[PID: 400 (xmldbc)]: family:1, type:2, protocol:0
[  139.420667] firmadyne: sys_socket[PID: 401 (xmldbc)]: family:1, type:2, protocol:0
[  139.560851] firmadyne: sys_socket[PID: 405 (xmldbc)]: family:1, type:2, protocol:0
[  139.619604] firmadyne: sys_socket[PID: 406 (xmldbc)]: family:1, type:2, protocol:0
[  139.678382] firmadyne: sys_socket[PID: 407 (xmldbc)]: family:1, type:2, protocol:0
[  139.738776] firmadyne: sys_socket[PID: 408 (xmldbc)]: family:1, type:2, protocol:0
[  139.792282] firmadyne: sys_socket[PID: 409 (xmldbc)]: family:1, type:2, protocol:0
[  139.851220] firmadyne: sys_socket[PID: 410 (xmldbc)]: family:1, type:2, protocol:0
[  139.914102] firmadyne: sys_socket[PID: 411 (xmldbc)]: family:1, type:2, protocol:0
[  139.973992] firmadyne: sys_socket[PID: 412 (xmldbc)]: family:1, type:2, protocol:0
[  140.034127] firmadyne: sys_socket[PID: 413 (xmldbc)]: family:1, type:2, protocol:0
[  140.093250] firmadyne: sys_socket[PID: 414 (xmldbc)]: family:1, type:2, protocol:0
[  140.161176] firmadyne: sys_socket[PID: 415 (xmldbc)]: family:1, type:2, protocol:0
[  140.221391] firmadyne: sys_socket[PID: 416 (xmldbc)]: family:1, type:2, protocol:0
[  140.281508] firmadyne: sys_socket[PID: 417 (xmldbc)]: family:1, type:2, protocol:0
[  140.344786] firmadyne: sys_socket[PID: 418 (xmldbc)]: family:1, type:2, protocol:0
[  140.404773] firmadyne: sys_socket[PID: 419 (xmldbc)]: family:1, type:2, protocol:0
[  140.463449] firmadyne: sys_socket[PID: 420 (xmldbc)]: family:1, type:2, protocol:0
[  140.523846] firmadyne: sys_socket[PID: 421 (xmldbc)]: family:1, type:2, protocol:0
[  140.582777] firmadyne: sys_socket[PID: 422 (xmldbc)]: family:1, type:2, protocol:0
[  140.644682] firmadyne: sys_socket[PID: 423 (xmldbc)]: family:1, type:2, protocol:0
[  140.792008] firmadyne: sys_socket[PID: 427 (xmldbc)]: family:1, type:2, protocol:0
[  140.853833] firmadyne: sys_socket[PID: 428 (xmldbc)]: family:1, type:2, protocol:0
[  140.916744] firmadyne: sys_socket[PID: 429 (xmldbc)]: family:1, type:2, protocol:0
[  140.978944] firmadyne: sys_socket[PID: 430 (xmldbc)]: family:1, type:2, protocol:0
[  141.039007] firmadyne: sys_socket[PID: 431 (xmldbc)]: family:1, type:2, protocol:0
[  141.097412] firmadyne: sys_socket[PID: 432 (xmldbc)]: family:1, type:2, protocol:0
[  141.159107] firmadyne: sys_socket[PID: 433 (xmldbc)]: family:1, type:2, protocol:0
[  141.221519] firmadyne: sys_socket[PID: 434 (xmldbc)]: family:1, type:2, protocol:0
[  141.280890] firmadyne: sys_socket[PID: 435 (xmldbc)]: family:1, type:2, protocol:0
[  141.344218] firmadyne: sys_socket[PID: 436 (xmldbc)]: family:1, type:2, protocol:0
[  141.404235] firmadyne: sys_socket[PID: 437 (xmldbc)]: family:1, type:2, protocol:0
[  141.465043] firmadyne: sys_socket[PID: 438 (xmldbc)]: family:1, type:2, protocol:0
[  141.528275] firmadyne: sys_socket[PID: 439 (xmldbc)]: family:1, type:2, protocol:0
[  141.587526] firmadyne: sys_socket[PID: 440 (xmldbc)]: family:1, type:2, protocol:0
[  141.646465] firmadyne: sys_socket[PID: 441 (xmldbc)]: family:1, type:2, protocol:0
[  141.706889] firmadyne: sys_socket[PID: 442 (xmldbc)]: family:1, type:2, protocol:0
[  141.766174] firmadyne: sys_socket[PID: 443 (xmldbc)]: family:1, type:2, protocol:0
[  141.825336] firmadyne: sys_socket[PID: 444 (xmldbc)]: family:1, type:2, protocol:0
[  141.885331] firmadyne: sys_socket[PID: 445 (xmldbc)]: family:1, type:2, protocol:0
[  142.026051] firmadyne: sys_socket[PID: 449 (xmldbc)]: family:1, type:2, protocol:0
[  142.084339] firmadyne: sys_socket[PID: 450 (xmldbc)]: family:1, type:2, protocol:0
[  142.144319] firmadyne: sys_socket[PID: 451 (xmldbc)]: family:1, type:2, protocol:0
[  142.206621] firmadyne: sys_socket[PID: 452 (xmldbc)]: family:1, type:2, protocol:0
[  142.266581] firmadyne: sys_socket[PID: 453 (xmldbc)]: family:1, type:2, protocol:0
[  142.329637] firmadyne: sys_socket[PID: 454 (xmldbc)]: family:1, type:2, protocol:0
[  142.389664] firmadyne: sys_socket[PID: 455 (xmldbc)]: family:1, type:2, protocol:0
[  142.443549] firmadyne: sys_socket[PID: 456 (xmldbc)]: family:1, type:2, protocol:0
[  142.503811] firmadyne: sys_socket[PID: 457 (xmldbc)]: family:1, type:2, protocol:0
[  142.567031] firmadyne: sys_socket[PID: 458 (xmldbc)]: family:1, type:2, protocol:0
[  142.629318] firmadyne: sys_socket[PID: 459 (xmldbc)]: family:1, type:2, protocol:0
[  142.690744] firmadyne: sys_socket[PID: 460 (xmldbc)]: family:1, type:2, protocol:0
[  142.754482] firmadyne: sys_socket[PID: 461 (xmldbc)]: family:1, type:2, protocol:0
[  142.815456] firmadyne: sys_socket[PID: 462 (xmldbc)]: family:1, type:2, protocol:0
[  142.875911] firmadyne: sys_socket[PID: 463 (xmldbc)]: family:1, type:2, protocol:0
[  142.936262] firmadyne: sys_socket[PID: 464 (xmldbc)]: family:1, type:2, protocol:0
[  142.994865] firmadyne: sys_socket[PID: 465 (xmldbc)]: family:1, type:2, protocol:0
[  143.054588] firmadyne: sys_socket[PID: 466 (xmldbc)]: family:1, type:2, protocol:0
[  143.114531] firmadyne: sys_socket[PID: 467 (xmldbc)]: family:1, type:2, protocol:0
[  143.256719] firmadyne: sys_socket[PID: 471 (xmldbc)]: family:1, type:2, protocol:0
[  143.321224] firmadyne: sys_socket[PID: 472 (xmldbc)]: family:1, type:2, protocol:0
[  143.380952] firmadyne: sys_socket[PID: 473 (xmldbc)]: family:1, type:2, protocol:0
[  143.439151] firmadyne: sys_socket[PID: 474 (xmldbc)]: family:1, type:2, protocol:0
[  143.497787] firmadyne: sys_socket[PID: 475 (xmldbc)]: family:1, type:2, protocol:0
[  143.559467] firmadyne: sys_socket[PID: 476 (xmldbc)]: family:1, type:2, protocol:0
[  143.618527] firmadyne: sys_socket[PID: 477 (xmldbc)]: family:1, type:2, protocol:0
[  143.678055] firmadyne: sys_socket[PID: 478 (xmldbc)]: family:1, type:2, protocol:0
[  143.739229] firmadyne: sys_socket[PID: 479 (xmldbc)]: family:1, type:2, protocol:0
[  143.793110] firmadyne: sys_socket[PID: 480 (xmldbc)]: family:1, type:2, protocol:0
[  143.853896] firmadyne: sys_socket[PID: 481 (xmldbc)]: family:1, type:2, protocol:0
[  143.915452] firmadyne: sys_socket[PID: 482 (xmldbc)]: family:1, type:2, protocol:0
[  143.975408] firmadyne: sys_socket[PID: 483 (xmldbc)]: family:1, type:2, protocol:0
[  144.031768] firmadyne: sys_socket[PID: 484 (xmldbc)]: family:1, type:2, protocol:0
[  144.089390] firmadyne: sys_socket[PID: 485 (xmldbc)]: family:1, type:2, protocol:0
[  144.150449] firmadyne: sys_socket[PID: 486 (xmldbc)]: family:1, type:2, protocol:0
[  144.212748] firmadyne: sys_socket[PID: 487 (xmldbc)]: family:1, type:2, protocol:0
[  144.274751] firmadyne: sys_socket[PID: 488 (xmldbc)]: family:1, type:2, protocol:0
[  144.339120] firmadyne: sys_socket[PID: 489 (xmldbc)]: family:1, type:2, protocol:0
[  144.485453] firmadyne: sys_socket[PID: 493 (xmldbc)]: family:1, type:2, protocol:0
[  144.543075] firmadyne: sys_socket[PID: 494 (xmldbc)]: family:1, type:2, protocol:0
[  144.604424] firmadyne: sys_socket[PID: 495 (xmldbc)]: family:1, type:2, protocol:0
[  144.666285] firmadyne: sys_socket[PID: 496 (xmldbc)]: family:1, type:2, protocol:0
[  144.727905] firmadyne: sys_socket[PID: 497 (xmldbc)]: family:1, type:2, protocol:0
[  144.787452] firmadyne: sys_socket[PID: 498 (xmldbc)]: family:1, type:2, protocol:0
[  144.847775] firmadyne: sys_socket[PID: 499 (xmldbc)]: family:1, type:2, protocol:0
[  144.908893] firmadyne: sys_socket[PID: 500 (xmldbc)]: family:1, type:2, protocol:0
[  144.967674] firmadyne: sys_socket[PID: 501 (xmldbc)]: family:1, type:2, protocol:0
[  145.026862] firmadyne: sys_socket[PID: 502 (xmldbc)]: family:1, type:2, protocol:0
[  145.100378] firmadyne: sys_socket[PID: 503 (xmldbc)]: family:1, type:2, protocol:0
[  145.165293] firmadyne: sys_socket[PID: 504 (xmldbc)]: family:1, type:2, protocol:0
[  145.225889] firmadyne: sys_socket[PID: 505 (xmldbc)]: family:1, type:2, protocol:0
[  145.283411] firmadyne: sys_socket[PID: 506 (xmldbc)]: family:1, type:2, protocol:0
[  145.346588] firmadyne: sys_socket[PID: 507 (xmldbc)]: family:1, type:2, protocol:0
[  145.406492] firmadyne: sys_socket[PID: 508 (xmldbc)]: family:1, type:2, protocol:0
[  145.464442] firmadyne: sys_socket[PID: 509 (xmldbc)]: family:1, type:2, protocol:0
[  145.519500] firmadyne: sys_socket[PID: 510 (xmldbc)]: family:1, type:2, protocol:0
[  145.578634] firmadyne: sys_socket[PID: 511 (xmldbc)]: family:1, type:2, protocol:0
[  145.719770] firmadyne: sys_socket[PID: 515 (xmldbc)]: family:1, type:2, protocol:0
[  145.778334] firmadyne: sys_socket[PID: 516 (xmldbc)]: family:1, type:2, protocol:0
[  145.837239] firmadyne: sys_socket[PID: 517 (xmldbc)]: family:1, type:2, protocol:0
[  145.897570] firmadyne: sys_socket[PID: 518 (xmldbc)]: family:1, type:2, protocol:0
[  145.958129] firmadyne: sys_socket[PID: 519 (xmldbc)]: family:1, type:2, protocol:0
[  146.017344] firmadyne: sys_socket[PID: 520 (xmldbc)]: family:1, type:2, protocol:0
[  146.076641] firmadyne: sys_socket[PID: 521 (xmldbc)]: family:1, type:2, protocol:0
[  146.136220] firmadyne: sys_socket[PID: 522 (xmldbc)]: family:1, type:2, protocol:0
[  146.196390] firmadyne: sys_socket[PID: 523 (xmldbc)]: family:1, type:2, protocol:0
[  146.259993] firmadyne: sys_socket[PID: 524 (xmldbc)]: family:1, type:2, protocol:0
[  146.318763] firmadyne: sys_socket[PID: 525 (xmldbc)]: family:1, type:2, protocol:0
[  146.380122] firmadyne: sys_socket[PID: 526 (xmldbc)]: family:1, type:2, protocol:0
[  146.442209] firmadyne: sys_socket[PID: 527 (xmldbc)]: family:1, type:2, protocol:0
[  146.506572] firmadyne: sys_socket[PID: 528 (xmldbc)]: family:1, type:2, protocol:0
[  146.568359] firmadyne: sys_socket[PID: 529 (xmldbc)]: family:1, type:2, protocol:0
[  146.630540] firmadyne: sys_socket[PID: 530 (xmldbc)]: family:1, type:2, protocol:0
[  146.690958] firmadyne: sys_socket[PID: 531 (xmldbc)]: family:1, type:2, protocol:0
[  146.752680] firmadyne: sys_socket[PID: 532 (xmldbc)]: family:1, type:2, protocol:0
[  146.813075] firmadyne: sys_socket[PID: 533 (xmldbc)]: family:1, type:2, protocol:0
[  146.957420] firmadyne: sys_socket[PID: 537 (xmldbc)]: family:1, type:2, protocol:0
[  147.017152] firmadyne: sys_socket[PID: 538 (xmldbc)]: family:1, type:2, protocol:0
[  147.076837] firmadyne: sys_socket[PID: 539 (xmldbc)]: family:1, type:2, protocol:0
[  147.137392] firmadyne: sys_socket[PID: 540 (xmldbc)]: family:1, type:2, protocol:0
[  147.196337] firmadyne: sys_socket[PID: 541 (xmldbc)]: family:1, type:2, protocol:0
[  147.259431] firmadyne: sys_socket[PID: 542 (xmldbc)]: family:1, type:2, protocol:0
[  147.324804] firmadyne: sys_socket[PID: 543 (xmldbc)]: family:1, type:2, protocol:0
[  147.381359] firmadyne: sys_socket[PID: 544 (xmldbc)]: family:1, type:2, protocol:0
[  147.435233] firmadyne: sys_socket[PID: 545 (xmldbc)]: family:1, type:2, protocol:0
[  147.495232] firmadyne: sys_socket[PID: 546 (xmldbc)]: family:1, type:2, protocol:0
[  147.557424] firmadyne: sys_socket[PID: 547 (xmldbc)]: family:1, type:2, protocol:0
[  147.621780] firmadyne: sys_socket[PID: 548 (xmldbc)]: family:1, type:2, protocol:0
[  147.680915] firmadyne: sys_socket[PID: 549 (xmldbc)]: family:1, type:2, protocol:0
[  147.742323] firmadyne: sys_socket[PID: 550 (xmldbc)]: family:1, type:2, protocol:0
[  147.801647] firmadyne: sys_socket[PID: 551 (xmldbc)]: family:1, type:2, protocol:0
[  147.862034] firmadyne: sys_socket[PID: 552 (xmldbc)]: family:1, type:2, protocol:0
[  147.923490] firmadyne: sys_socket[PID: 553 (xmldbc)]: family:1, type:2, protocol:0
[  147.984243] firmadyne: sys_socket[PID: 554 (xmldbc)]: family:1, type:2, protocol:0
[  148.046534] firmadyne: sys_socket[PID: 555 (xmldbc)]: family:1, type:2, protocol:0
[  148.195156] firmadyne: sys_socket[PID: 559 (xmldbc)]: family:1, type:2, protocol:0
[  148.257233] firmadyne: sys_socket[PID: 560 (xmldbc)]: family:1, type:2, protocol:0
[  148.322557] firmadyne: sys_socket[PID: 561 (xmldbc)]: family:1, type:2, protocol:0
[  148.384993] firmadyne: sys_socket[PID: 562 (xmldbc)]: family:1, type:2, protocol:0
[  148.445774] firmadyne: sys_socket[PID: 563 (xmldbc)]: family:1, type:2, protocol:0
[  148.506463] firmadyne: sys_socket[PID: 564 (xmldbc)]: family:1, type:2, protocol:0
[  148.566341] firmadyne: sys_socket[PID: 565 (xmldbc)]: family:1, type:2, protocol:0
[  148.625908] firmadyne: sys_socket[PID: 566 (xmldbc)]: family:1, type:2, protocol:0
[  148.686146] firmadyne: sys_socket[PID: 567 (xmldbc)]: family:1, type:2, protocol:0
[  148.746338] firmadyne: sys_socket[PID: 568 (xmldbc)]: family:1, type:2, protocol:0
[  148.800750] firmadyne: sys_socket[PID: 569 (xmldbc)]: family:1, type:2, protocol:0
[  148.855566] firmadyne: sys_socket[PID: 570 (xmldbc)]: family:1, type:2, protocol:0
[  148.910580] firmadyne: sys_socket[PID: 571 (xmldbc)]: family:1, type:2, protocol:0
[  148.968923] firmadyne: sys_socket[PID: 572 (xmldbc)]: family:1, type:2, protocol:0
[  149.027932] firmadyne: sys_socket[PID: 573 (xmldbc)]: family:1, type:2, protocol:0
[  149.087558] firmadyne: sys_socket[PID: 574 (xmldbc)]: family:1, type:2, protocol:0
[  149.148685] firmadyne: sys_socket[PID: 575 (xmldbc)]: family:1, type:2, protocol:0
[  149.208004] firmadyne: sys_socket[PID: 576 (xmldbc)]: family:1, type:2, protocol:0
[  149.268114] firmadyne: sys_socket[PID: 577 (xmldbc)]: family:1, type:2, protocol:0
[  149.424787] firmadyne: sys_socket[PID: 581 (xmldbc)]: family:1, type:2, protocol:0
[  149.486448] firmadyne: sys_socket[PID: 582 (xmldbc)]: family:1, type:2, protocol:0
[  149.544698] firmadyne: sys_socket[PID: 583 (xmldbc)]: family:1, type:2, protocol:0
[  149.605724] firmadyne: sys_socket[PID: 584 (xmldbc)]: family:1, type:2, protocol:0
[  149.665446] firmadyne: sys_socket[PID: 585 (xmldbc)]: family:1, type:2, protocol:0
[  149.726377] firmadyne: sys_socket[PID: 586 (xmldbc)]: family:1, type:2, protocol:0
[  149.786375] firmadyne: sys_socket[PID: 587 (xmldbc)]: family:1, type:2, protocol:0
[  149.846045] firmadyne: sys_socket[PID: 588 (xmldbc)]: family:1, type:2, protocol:0
[  149.903405] firmadyne: sys_socket[PID: 589 (xmldbc)]: family:1, type:2, protocol:0
[  149.965247] firmadyne: sys_socket[PID: 590 (xmldbc)]: family:1, type:2, protocol:0
[  150.027321] firmadyne: sys_socket[PID: 591 (xmldbc)]: family:1, type:2, protocol:0
[  150.088317] firmadyne: sys_socket[PID: 592 (xmldbc)]: family:1, type:2, protocol:0
[  150.151362] firmadyne: sys_socket[PID: 593 (xmldbc)]: family:1, type:2, protocol:0
[  150.211635] firmadyne: sys_socket[PID: 594 (xmldbc)]: family:1, type:2, protocol:0
[  150.266006] firmadyne: sys_socket[PID: 595 (xmldbc)]: family:1, type:2, protocol:0
[  150.331460] firmadyne: sys_socket[PID: 596 (xmldbc)]: family:1, type:2, protocol:0
[  150.391160] firmadyne: sys_socket[PID: 597 (xmldbc)]: family:1, type:2, protocol:0
[  150.450467] firmadyne: sys_socket[PID: 598 (xmldbc)]: family:1, type:2, protocol:0
[  150.505651] firmadyne: sys_socket[PID: 599 (xmldbc)]: family:1, type:2, protocol:0
[  150.638918] firmadyne: sys_socket[PID: 603 (xmldbc)]: family:1, type:2, protocol:0
[  150.697244] firmadyne: sys_socket[PID: 604 (xmldbc)]: family:1, type:2, protocol:0
[  150.758382] firmadyne: sys_socket[PID: 605 (xmldbc)]: family:1, type:2, protocol:0
[  150.818141] firmadyne: sys_socket[PID: 606 (xmldbc)]: family:1, type:2, protocol:0
[  150.878849] firmadyne: sys_socket[PID: 607 (xmldbc)]: family:1, type:2, protocol:0
[  150.940117] firmadyne: sys_socket[PID: 608 (xmldbc)]: family:1, type:2, protocol:0
[  151.000919] firmadyne: sys_socket[PID: 609 (xmldbc)]: family:1, type:2, protocol:0
[  151.060103] firmadyne: sys_socket[PID: 610 (xmldbc)]: family:1, type:2, protocol:0
[  151.121991] firmadyne: sys_socket[PID: 611 (xmldbc)]: family:1, type:2, protocol:0
[  151.182574] firmadyne: sys_socket[PID: 612 (xmldbc)]: family:1, type:2, protocol:0
[  151.241528] firmadyne: sys_socket[PID: 613 (xmldbc)]: family:1, type:2, protocol:0
[  151.303887] firmadyne: sys_socket[PID: 614 (xmldbc)]: family:1, type:2, protocol:0
[  151.367734] firmadyne: sys_socket[PID: 615 (xmldbc)]: family:1, type:2, protocol:0
[  151.428712] firmadyne: sys_socket[PID: 616 (xmldbc)]: family:1, type:2, protocol:0
[  151.487071] firmadyne: sys_socket[PID: 617 (xmldbc)]: family:1, type:2, protocol:0
[  151.542224] firmadyne: sys_socket[PID: 618 (xmldbc)]: family:1, type:2, protocol:0
[  151.595637] firmadyne: sys_socket[PID: 619 (xmldbc)]: family:1, type:2, protocol:0
[  151.655518] firmadyne: sys_socket[PID: 620 (xmldbc)]: family:1, type:2, protocol:0
[  151.720671] firmadyne: sys_socket[PID: 621 (xmldbc)]: family:1, type:2, protocol:0
[  151.868278] firmadyne: sys_socket[PID: 625 (xmldbc)]: family:1, type:2, protocol:0
[  151.930121] firmadyne: sys_socket[PID: 626 (xmldbc)]: family:1, type:2, protocol:0
[  151.990720] firmadyne: sys_socket[PID: 627 (xmldbc)]: family:1, type:2, protocol:0
[  152.050383] firmadyne: sys_socket[PID: 628 (xmldbc)]: family:1, type:2, protocol:0
[  152.110393] firmadyne: sys_socket[PID: 629 (xmldbc)]: family:1, type:2, protocol:0
[  152.169897] firmadyne: sys_socket[PID: 630 (xmldbc)]: family:1, type:2, protocol:0
[  152.228195] firmadyne: sys_socket[PID: 631 (xmldbc)]: family:1, type:2, protocol:0
[  152.288368] firmadyne: sys_socket[PID: 632 (xmldbc)]: family:1, type:2, protocol:0
[  152.353218] firmadyne: sys_socket[PID: 633 (xmldbc)]: family:1, type:2, protocol:0
[  152.409991] firmadyne: sys_socket[PID: 634 (xmldbc)]: family:1, type:2, protocol:0
[  152.469191] firmadyne: sys_socket[PID: 635 (xmldbc)]: family:1, type:2, protocol:0
[  152.530088] firmadyne: sys_socket[PID: 636 (xmldbc)]: family:1, type:2, protocol:0
[  152.588303] firmadyne: sys_socket[PID: 637 (xmldbc)]: family:1, type:2, protocol:0
[  152.647796] firmadyne: sys_socket[PID: 638 (xmldbc)]: family:1, type:2, protocol:0
[  152.709156] firmadyne: sys_socket[PID: 639 (xmldbc)]: family:1, type:2, protocol:0
[  152.768677] firmadyne: sys_socket[PID: 640 (xmldbc)]: family:1, type:2, protocol:0
[  152.827745] firmadyne: sys_socket[PID: 641 (xmldbc)]: family:1, type:2, protocol:0
[  162.230854] firmadyne: sys_socket[PID: 642 (xmldbc)]: family:1, type:2, protocol:0
[  162.294902] firmadyne: sys_socket[PID: 643 (xmldbc)]: family:1, type:2, protocol:0
[  162.443260] firmadyne: sys_socket[PID: 647 (xmldbc)]: family:1, type:2, protocol:0
[  162.504663] firmadyne: sys_socket[PID: 648 (xmldbc)]: family:1, type:2, protocol:0
[  173.270361] firmadyne: sys_socket[PID: 649 (xmldbc)]: family:1, type:2, protocol:0
[  173.328710] firmadyne: sys_socket[PID: 650 (xmldbc)]: family:1, type:2, protocol:0
[  173.390420] firmadyne: sys_socket[PID: 651 (xmldbc)]: family:1, type:2, protocol:0
[  173.453850] firmadyne: sys_socket[PID: 652 (xmldbc)]: family:1, type:2, protocol:0
[  173.516737] firmadyne: sys_socket[PID: 653 (xmldbc)]: family:1, type:2, protocol:0
[  187.182784] firmadyne: sys_socket[PID: 654 (xmldbc)]: family:1, type:2, protocol:0
[  187.246137] firmadyne: sys_socket[PID: 655 (xmldbc)]: family:1, type:2, protocol:0
[  187.308668] firmadyne: sys_socket[PID: 656 (xmldbc)]: family:1, type:2, protocol:0
[  187.373146] firmadyne: sys_socket[PID: 657 (xmldbc)]: family:1, type:2, protocol:0
[  202.264958] firmadyne: sys_socket[PID: 658 (xmldbc)]: family:1, type:2, protocol:0
[  202.328725] firmadyne: sys_socket[PID: 659 (xmldbc)]: family:1, type:2, protocol:0
[  202.390047] firmadyne: sys_socket[PID: 660 (xmldbc)]: family:1, type:2, protocol:0
[  202.452790] firmadyne: sys_socket[PID: 661 (xmldbc)]: family:1, type:2, protocol:0
[  202.513891] firmadyne: sys_socket[PID: 662 (xmldbc)]: family:1, type:2, protocol:0
[  202.571820] firmadyne: sys_socket[PID: 663 (xmldbc)]: family:1, type:2, protocol:0
[  202.632893] firmadyne: sys_socket[PID: 664 (xmldbc)]: family:1, type:2, protocol:0
[  202.692688] firmadyne: sys_socket[PID: 665 (xmldbc)]: family:1, type:2, protocol:0
[  202.834071] firmadyne: sys_socket[PID: 669 (xmldbc)]: family:1, type:2, protocol:0
[  202.895156] firmadyne: sys_socket[PID: 670 (xmldbc)]: family:1, type:2, protocol:0
[  202.953948] firmadyne: sys_socket[PID: 671 (xmldbc)]: family:1, type:2, protocol:0
[  203.012286] firmadyne: sys_socket[PID: 672 (xmldbc)]: family:1, type:2, protocol:0
[  203.073596] firmadyne: sys_socket[PID: 673 (xmldbc)]: family:1, type:2, protocol:0
[  203.134862] firmadyne: sys_socket[PID: 674 (xmldbc)]: family:1, type:2, protocol:0
[  203.205129] firmadyne: sys_socket[PID: 675 (xmldbc)]: family:1, type:2, protocol:0
[  203.269021] firmadyne: sys_socket[PID: 676 (xmldbc)]: family:1, type:2, protocol:0
[  203.331835] firmadyne: sys_socket[PID: 677 (xmldbc)]: family:1, type:2, protocol:0
[  203.394271] firmadyne: sys_socket[PID: 678 (xmldbc)]: family:1, type:2, protocol:0
[  203.458557] firmadyne: sys_socket[PID: 679 (xmldbc)]: family:1, type:2, protocol:0
[  203.520144] firmadyne: sys_socket[PID: 680 (xmldbc)]: family:1, type:2, protocol:0
[  203.582494] firmadyne: sys_socket[PID: 681 (xmldbc)]: family:1, type:2, protocol:0
[  203.642452] firmadyne: sys_socket[PID: 682 (xmldbc)]: family:1, type:2, protocol:0
[  203.701212] firmadyne: sys_socket[PID: 683 (xmldbc)]: family:1, type:2, protocol:0
[  203.760391] firmadyne: sys_socket[PID: 684 (xmldbc)]: family:1, type:2, protocol:0
[  203.820342] firmadyne: sys_socket[PID: 685 (xmldbc)]: family:1, type:2, protocol:0
[  203.881279] firmadyne: sys_socket[PID: 686 (xmldbc)]: family:1, type:2, protocol:0
[  203.941759] firmadyne: sys_socket[PID: 687 (xmldbc)]: family:1, type:2, protocol:0
[  204.085180] firmadyne: sys_socket[PID: 691 (xmldbc)]: family:1, type:2, protocol:0
[  204.144011] firmadyne: sys_socket[PID: 692 (xmldbc)]: family:1, type:2, protocol:0
[  204.206186] firmadyne: sys_socket[PID: 693 (xmldbc)]: family:1, type:2, protocol:0
[  204.268305] firmadyne: sys_socket[PID: 694 (xmldbc)]: family:1, type:2, protocol:0
[  204.330834] firmadyne: sys_socket[PID: 695 (xmldbc)]: family:1, type:2, protocol:0
[  204.390081] firmadyne: sys_socket[PID: 696 (xmldbc)]: family:1, type:2, protocol:0
[  204.446809] firmadyne: sys_socket[PID: 697 (xmldbc)]: family:1, type:2, protocol:0
[  204.505313] firmadyne: sys_socket[PID: 698 (xmldbc)]: family:1, type:2, protocol:0
[  204.564871] firmadyne: sys_socket[PID: 699 (xmldbc)]: family:1, type:2, protocol:0
[  204.625012] firmadyne: sys_socket[PID: 700 (xmldbc)]: family:1, type:2, protocol:0
[  204.686862] firmadyne: sys_socket[PID: 701 (xmldbc)]: family:1, type:2, protocol:0
[  204.748316] firmadyne: sys_socket[PID: 702 (xmldbc)]: family:1, type:2, protocol:0
[  204.809653] firmadyne: sys_socket[PID: 703 (xmldbc)]: family:1, type:2, protocol:0
[  204.871994] firmadyne: sys_socket[PID: 704 (xmldbc)]: family:1, type:2, protocol:0
[  204.932203] firmadyne: sys_socket[PID: 705 (xmldbc)]: family:1, type:2, protocol:0
[  204.990608] firmadyne: sys_socket[PID: 706 (xmldbc)]: family:1, type:2, protocol:0
[  205.051459] firmadyne: sys_socket[PID: 707 (xmldbc)]: family:1, type:2, protocol:0
[  205.113737] firmadyne: sys_socket[PID: 708 (xmldbc)]: family:1, type:2, protocol:0
[  205.175134] firmadyne: sys_socket[PID: 709 (xmldbc)]: family:1, type:2, protocol:0
[  205.324169] firmadyne: sys_socket[PID: 713 (xmldbc)]: family:1, type:2, protocol:0
[  205.380431] firmadyne: sys_socket[PID: 714 (xmldbc)]: family:1, type:2, protocol:0
[  205.443631] firmadyne: sys_socket[PID: 715 (xmldbc)]: family:1, type:2, protocol:0
[  205.505883] firmadyne: sys_socket[PID: 716 (xmldbc)]: family:1, type:2, protocol:0
[  205.565468] firmadyne: sys_socket[PID: 717 (xmldbc)]: family:1, type:2, protocol:0
[  205.623811] firmadyne: sys_socket[PID: 718 (xmldbc)]: family:1, type:2, protocol:0
[  205.685521] firmadyne: sys_socket[PID: 719 (xmldbc)]: family:1, type:2, protocol:0
[  205.745362] firmadyne: sys_socket[PID: 720 (xmldbc)]: family:1, type:2, protocol:0
[  205.803812] firmadyne: sys_socket[PID: 721 (xmldbc)]: family:1, type:2, protocol:0
[  205.864631] firmadyne: sys_socket[PID: 722 (xmldbc)]: family:1, type:2, protocol:0
[  205.918949] firmadyne: sys_socket[PID: 723 (xmldbc)]: family:1, type:2, protocol:0
[  205.972632] firmadyne: sys_socket[PID: 724 (xmldbc)]: family:1, type:2, protocol:0
[  206.031656] firmadyne: sys_socket[PID: 725 (xmldbc)]: family:1, type:2, protocol:0
[  206.091491] firmadyne: sys_socket[PID: 726 (xmldbc)]: family:1, type:2, protocol:0
[  206.150247] firmadyne: sys_socket[PID: 727 (xmldbc)]: family:1, type:2, protocol:0
[  206.210063] firmadyne: sys_socket[PID: 728 (xmldbc)]: family:1, type:2, protocol:0
[  206.274364] firmadyne: sys_socket[PID: 729 (xmldbc)]: family:1, type:2, protocol:0
[  206.357705] firmadyne: sys_socket[PID: 730 (xmldbc)]: family:1, type:2, protocol:0
[  206.445631] firmadyne: sys_socket[PID: 731 (xmldbc)]: family:1, type:2, protocol:0
[  206.594242] firmadyne: sys_socket[PID: 735 (xmldbc)]: family:1, type:2, protocol:0
[  206.654500] firmadyne: sys_socket[PID: 736 (xmldbc)]: family:1, type:2, protocol:0
[  206.712971] firmadyne: sys_socket[PID: 737 (xmldbc)]: family:1, type:2, protocol:0
[  206.771611] firmadyne: sys_socket[PID: 738 (xmldbc)]: family:1, type:2, protocol:0
[  206.831460] firmadyne: sys_socket[PID: 739 (xmldbc)]: family:1, type:2, protocol:0
[  206.893187] firmadyne: sys_socket[PID: 740 (xmldbc)]: family:1, type:2, protocol:0
[  206.952215] firmadyne: sys_socket[PID: 741 (xmldbc)]: family:1, type:2, protocol:0
[  207.011678] firmadyne: sys_socket[PID: 742 (xmldbc)]: family:1, type:2, protocol:0
[  207.074635] firmadyne: sys_socket[PID: 743 (xmldbc)]: family:1, type:2, protocol:0
[  207.137619] firmadyne: sys_socket[PID: 744 (xmldbc)]: family:1, type:2, protocol:0
[  207.199401] firmadyne: sys_socket[PID: 745 (xmldbc)]: family:1, type:2, protocol:0
[  207.264205] firmadyne: sys_socket[PID: 746 (xmldbc)]: family:1, type:2, protocol:0
[  207.325767] firmadyne: sys_socket[PID: 747 (xmldbc)]: family:1, type:2, protocol:0
[  207.386782] firmadyne: sys_socket[PID: 748 (xmldbc)]: family:1, type:2, protocol:0
[  207.448891] firmadyne: sys_socket[PID: 749 (xmldbc)]: family:1, type:2, protocol:0
[  207.508220] firmadyne: sys_socket[PID: 750 (xmldbc)]: family:1, type:2, protocol:0
[  207.567411] firmadyne: sys_socket[PID: 751 (xmldbc)]: family:1, type:2, protocol:0
[  207.626123] firmadyne: sys_socket[PID: 752 (xmldbc)]: family:1, type:2, protocol:0
[  207.687626] firmadyne: sys_socket[PID: 753 (xmldbc)]: family:1, type:2, protocol:0
[  207.826549] firmadyne: sys_socket[PID: 757 (xmldbc)]: family:1, type:2, protocol:0
[  207.885734] firmadyne: sys_socket[PID: 758 (xmldbc)]: family:1, type:2, protocol:0
[  207.946686] firmadyne: sys_socket[PID: 759 (xmldbc)]: family:1, type:2, protocol:0
[  208.009106] firmadyne: sys_socket[PID: 760 (xmldbc)]: family:1, type:2, protocol:0
[  208.071358] firmadyne: sys_socket[PID: 761 (xmldbc)]: family:1, type:2, protocol:0
[  208.132133] firmadyne: sys_socket[PID: 762 (xmldbc)]: family:1, type:2, protocol:0
[  208.194054] firmadyne: sys_socket[PID: 763 (xmldbc)]: family:1, type:2, protocol:0
[  208.257606] firmadyne: sys_socket[PID: 764 (xmldbc)]: family:1, type:2, protocol:0
[  208.320988] firmadyne: sys_socket[PID: 765 (xmldbc)]: family:1, type:2, protocol:0
[  208.380165] firmadyne: sys_socket[PID: 766 (xmldbc)]: family:1, type:2, protocol:0
[  208.443370] firmadyne: sys_socket[PID: 767 (xmldbc)]: family:1, type:2, protocol:0
[  208.501966] firmadyne: sys_socket[PID: 768 (xmldbc)]: family:1, type:2, protocol:0
[  208.560973] firmadyne: sys_socket[PID: 769 (xmldbc)]: family:1, type:2, protocol:0
[  208.619334] firmadyne: sys_socket[PID: 770 (xmldbc)]: family:1, type:2, protocol:0
[  208.679556] firmadyne: sys_socket[PID: 771 (xmldbc)]: family:1, type:2, protocol:0
[  208.738261] firmadyne: sys_socket[PID: 772 (xmldbc)]: family:1, type:2, protocol:0
[  208.797571] firmadyne: sys_socket[PID: 773 (xmldbc)]: family:1, type:2, protocol:0
[  208.858694] firmadyne: sys_socket[PID: 774 (xmldbc)]: family:1, type:2, protocol:0
[  208.918671] firmadyne: sys_socket[PID: 775 (xmldbc)]: family:1, type:2, protocol:0
[  209.064022] firmadyne: sys_socket[PID: 779 (xmldbc)]: family:1, type:2, protocol:0
[  209.125854] firmadyne: sys_socket[PID: 780 (xmldbc)]: family:1, type:2, protocol:0
[  209.186929] firmadyne: sys_socket[PID: 781 (xmldbc)]: family:1, type:2, protocol:0
[  209.250270] firmadyne: sys_socket[PID: 782 (xmldbc)]: family:1, type:2, protocol:0
[  209.313856] firmadyne: sys_socket[PID: 783 (xmldbc)]: family:1, type:2, protocol:0
[  209.374808] firmadyne: sys_socket[PID: 784 (xmldbc)]: family:1, type:2, protocol:0
[  209.435892] firmadyne: sys_socket[PID: 785 (xmldbc)]: family:1, type:2, protocol:0
[  209.495615] firmadyne: sys_socket[PID: 786 (xmldbc)]: family:1, type:2, protocol:0
[  209.554514] firmadyne: sys_socket[PID: 787 (xmldbc)]: family:1, type:2, protocol:0
[  209.613438] firmadyne: sys_socket[PID: 788 (xmldbc)]: family:1, type:2, protocol:0
[  209.673500] firmadyne: sys_socket[PID: 789 (xmldbc)]: family:1, type:2, protocol:0
[  209.732235] firmadyne: sys_socket[PID: 790 (xmldbc)]: family:1, type:2, protocol:0
[  209.791029] firmadyne: sys_socket[PID: 791 (xmldbc)]: family:1, type:2, protocol:0
[  209.854391] firmadyne: sys_socket[PID: 792 (xmldbc)]: family:1, type:2, protocol:0
[  209.915671] firmadyne: sys_socket[PID: 793 (xmldbc)]: family:1, type:2, protocol:0
[  209.973998] firmadyne: sys_socket[PID: 794 (xmldbc)]: family:1, type:2, protocol:0
[  210.032911] firmadyne: sys_socket[PID: 795 (xmldbc)]: family:1, type:2, protocol:0
[  210.090962] firmadyne: sys_socket[PID: 796 (xmldbc)]: family:1, type:2, protocol:0
[  210.149861] firmadyne: sys_socket[PID: 797 (xmldbc)]: family:1, type:2, protocol:0
[  210.290658] firmadyne: sys_socket[PID: 801 (xmldbc)]: family:1, type:2, protocol:0
[  210.353705] firmadyne: sys_socket[PID: 802 (xmldbc)]: family:1, type:2, protocol:0
[  210.411741] firmadyne: sys_socket[PID: 803 (xmldbc)]: family:1, type:2, protocol:0
[  210.472116] firmadyne: sys_socket[PID: 804 (xmldbc)]: family:1, type:2, protocol:0
[  210.530668] firmadyne: sys_socket[PID: 805 (xmldbc)]: family:1, type:2, protocol:0
[  210.590257] firmadyne: sys_socket[PID: 806 (xmldbc)]: family:1, type:2, protocol:0
[  210.651095] firmadyne: sys_socket[PID: 807 (xmldbc)]: family:1, type:2, protocol:0
[  210.709420] firmadyne: sys_socket[PID: 808 (xmldbc)]: family:1, type:2, protocol:0
[  210.762939] firmadyne: sys_socket[PID: 809 (xmldbc)]: family:1, type:2, protocol:0
[  210.821117] firmadyne: sys_socket[PID: 810 (xmldbc)]: family:1, type:2, protocol:0
[  210.885045] firmadyne: sys_socket[PID: 811 (xmldbc)]: family:1, type:2, protocol:0
[  210.946127] firmadyne: sys_socket[PID: 812 (xmldbc)]: family:1, type:2, protocol:0
[  211.006435] firmadyne: sys_socket[PID: 813 (xmldbc)]: family:1, type:2, protocol:0
[  211.069481] firmadyne: sys_socket[PID: 814 (xmldbc)]: family:1, type:2, protocol:0
[  211.133744] firmadyne: sys_socket[PID: 815 (xmldbc)]: family:1, type:2, protocol:0
[  211.195483] firmadyne: sys_socket[PID: 816 (xmldbc)]: family:1, type:2, protocol:0
[  211.257807] firmadyne: sys_socket[PID: 817 (xmldbc)]: family:1, type:2, protocol:0
[  211.319736] firmadyne: sys_socket[PID: 818 (xmldbc)]: family:1, type:2, protocol:0
[  211.380120] firmadyne: sys_socket[PID: 819 (xmldbc)]: family:1, type:2, protocol:0
[  211.522690] firmadyne: sys_socket[PID: 823 (xmldbc)]: family:1, type:2, protocol:0
[  211.582657] firmadyne: sys_socket[PID: 824 (xmldbc)]: family:1, type:2, protocol:0
[  211.642674] firmadyne: sys_socket[PID: 825 (xmldbc)]: family:1, type:2, protocol:0
[  211.701472] firmadyne: sys_socket[PID: 826 (xmldbc)]: family:1, type:2, protocol:0
[  211.759648] firmadyne: sys_socket[PID: 827 (xmldbc)]: family:1, type:2, protocol:0
[  211.818315] firmadyne: sys_socket[PID: 828 (xmldbc)]: family:1, type:2, protocol:0
[  211.877932] firmadyne: sys_socket[PID: 829 (xmldbc)]: family:1, type:2, protocol:0
[  211.936935] firmadyne: sys_socket[PID: 830 (xmldbc)]: family:1, type:2, protocol:0
[  211.992748] firmadyne: sys_socket[PID: 831 (xmldbc)]: family:1, type:2, protocol:0
[  212.046775] firmadyne: sys_socket[PID: 832 (xmldbc)]: family:1, type:2, protocol:0
[  212.104250] firmadyne: sys_socket[PID: 833 (xmldbc)]: family:1, type:2, protocol:0
[  212.163021] firmadyne: sys_socket[PID: 834 (xmldbc)]: family:1, type:2, protocol:0
[  212.222931] firmadyne: sys_socket[PID: 835 (xmldbc)]: family:1, type:2, protocol:0
[  212.284441] firmadyne: sys_socket[PID: 836 (xmldbc)]: family:1, type:2, protocol:0
[  212.353484] firmadyne: sys_socket[PID: 837 (xmldbc)]: family:1, type:2, protocol:0
[  212.414176] firmadyne: sys_socket[PID: 838 (xmldbc)]: family:1, type:2, protocol:0
[  212.475284] firmadyne: sys_socket[PID: 839 (xmldbc)]: family:1, type:2, protocol:0
[  212.534673] firmadyne: sys_socket[PID: 840 (xmldbc)]: family:1, type:2, protocol:0
[  212.593671] firmadyne: sys_socket[PID: 841 (xmldbc)]: family:1, type:2, protocol:0
[  212.734978] firmadyne: sys_socket[PID: 845 (xmldbc)]: family:1, type:2, protocol:0
[  212.795741] firmadyne: sys_socket[PID: 846 (xmldbc)]: family:1, type:2, protocol:0
[  212.858848] firmadyne: sys_socket[PID: 847 (xmldbc)]: family:1, type:2, protocol:0
[  212.920257] firmadyne: sys_socket[PID: 848 (xmldbc)]: family:1, type:2, protocol:0
[  212.981659] firmadyne: sys_socket[PID: 849 (xmldbc)]: family:1, type:2, protocol:0
[  213.044139] firmadyne: sys_socket[PID: 850 (xmldbc)]: family:1, type:2, protocol:0
[  213.105866] firmadyne: sys_socket[PID: 851 (xmldbc)]: family:1, type:2, protocol:0
[  213.164751] firmadyne: sys_socket[PID: 852 (xmldbc)]: family:1, type:2, protocol:0
[  213.223212] firmadyne: sys_socket[PID: 853 (xmldbc)]: family:1, type:2, protocol:0
[  213.284931] firmadyne: sys_socket[PID: 854 (xmldbc)]: family:1, type:2, protocol:0
[  213.346686] firmadyne: sys_socket[PID: 855 (xmldbc)]: family:1, type:2, protocol:0
[  213.408743] firmadyne: sys_socket[PID: 856 (xmldbc)]: family:1, type:2, protocol:0
[  213.470226] firmadyne: sys_socket[PID: 857 (xmldbc)]: family:1, type:2, protocol:0
[  213.530551] firmadyne: sys_socket[PID: 858 (xmldbc)]: family:1, type:2, protocol:0
[  213.590299] firmadyne: sys_socket[PID: 859 (xmldbc)]: family:1, type:2, protocol:0
[  213.650996] firmadyne: sys_socket[PID: 860 (xmldbc)]: family:1, type:2, protocol:0
[  213.705006] firmadyne: sys_socket[PID: 861 (xmldbc)]: family:1, type:2, protocol:0
[  213.763097] firmadyne: sys_socket[PID: 862 (xmldbc)]: family:1, type:2, protocol:0
[  213.822232] firmadyne: sys_socket[PID: 863 (xmldbc)]: family:1, type:2, protocol:0
[  213.961096] firmadyne: sys_socket[PID: 867 (xmldbc)]: family:1, type:2, protocol:0
[  214.019284] firmadyne: sys_socket[PID: 868 (xmldbc)]: family:1, type:2, protocol:0
[  214.080064] firmadyne: sys_socket[PID: 869 (xmldbc)]: family:1, type:2, protocol:0
[  214.139416] firmadyne: sys_socket[PID: 870 (xmldbc)]: family:1, type:2, protocol:0
[  214.198493] firmadyne: sys_socket[PID: 871 (xmldbc)]: family:1, type:2, protocol:0
[  214.259471] firmadyne: sys_socket[PID: 872 (xmldbc)]: family:1, type:2, protocol:0
[  214.322192] firmadyne: sys_socket[PID: 873 (xmldbc)]: family:1, type:2, protocol:0
[  214.384396] firmadyne: sys_socket[PID: 874 (xmldbc)]: family:1, type:2, protocol:0
[  214.446696] firmadyne: sys_socket[PID: 875 (xmldbc)]: family:1, type:2, protocol:0
[  214.506208] firmadyne: sys_socket[PID: 876 (xmldbc)]: family:1, type:2, protocol:0
[  214.565902] firmadyne: sys_socket[PID: 877 (xmldbc)]: family:1, type:2, protocol:0
[  214.626974] firmadyne: sys_socket[PID: 878 (xmldbc)]: family:1, type:2, protocol:0
[  214.691164] firmadyne: sys_socket[PID: 879 (xmldbc)]: family:1, type:2, protocol:0
[  214.752824] firmadyne: sys_socket[PID: 880 (xmldbc)]: family:1, type:2, protocol:0
[  214.814983] firmadyne: sys_socket[PID: 881 (xmldbc)]: family:1, type:2, protocol:0
[  214.879833] firmadyne: sys_socket[PID: 882 (xmldbc)]: family:1, type:2, protocol:0
[  214.942614] firmadyne: sys_socket[PID: 883 (xmldbc)]: family:1, type:2, protocol:0
[  215.004867] firmadyne: sys_socket[PID: 884 (xmldbc)]: family:1, type:2, protocol:0
[  215.068197] firmadyne: sys_socket[PID: 885 (xmldbc)]: family:1, type:2, protocol:0
[  215.206960] firmadyne: sys_socket[PID: 889 (xmldbc)]: family:1, type:2, protocol:0
[  215.267637] firmadyne: sys_socket[PID: 890 (xmldbc)]: family:1, type:2, protocol:0
[  215.329110] firmadyne: sys_socket[PID: 891 (xmldbc)]: family:1, type:2, protocol:0
[  215.391089] firmadyne: sys_socket[PID: 892 (xmldbc)]: family:1, type:2, protocol:0
[  215.455912] firmadyne: sys_socket[PID: 893 (xmldbc)]: family:1, type:2, protocol:0
[  215.517710] firmadyne: sys_socket[PID: 894 (xmldbc)]: family:1, type:2, protocol:0
[  215.578508] firmadyne: sys_socket[PID: 895 (xmldbc)]: family:1, type:2, protocol:0
[  215.640459] firmadyne: sys_socket[PID: 896 (xmldbc)]: family:1, type:2, protocol:0
[  215.700838] firmadyne: sys_socket[PID: 897 (xmldbc)]: family:1, type:2, protocol:0
[  215.759699] firmadyne: sys_socket[PID: 898 (xmldbc)]: family:1, type:2, protocol:0
[  215.818869] firmadyne: sys_socket[PID: 899 (xmldbc)]: family:1, type:2, protocol:0
[  215.878607] firmadyne: sys_socket[PID: 900 (xmldbc)]: family:1, type:2, protocol:0
[  215.939078] firmadyne: sys_socket[PID: 901 (xmldbc)]: family:1, type:2, protocol:0
[  216.000263] firmadyne: sys_socket[PID: 902 (xmldbc)]: family:1, type:2, protocol:0
[  216.061749] firmadyne: sys_socket[PID: 903 (xmldbc)]: family:1, type:2, protocol:0
[  216.119937] firmadyne: sys_socket[PID: 904 (xmldbc)]: family:1, type:2, protocol:0
[  216.179249] firmadyne: sys_socket[PID: 905 (xmldbc)]: family:1, type:2, protocol:0
[  216.239588] firmadyne: sys_socket[PID: 906 (xmldbc)]: family:1, type:2, protocol:0
[  216.301203] firmadyne: sys_socket[PID: 907 (xmldbc)]: family:1, type:2, protocol:0
[  216.447533] firmadyne: sys_socket[PID: 911 (xmldbc)]: family:1, type:2, protocol:0
[  216.506684] firmadyne: sys_socket[PID: 912 (xmldbc)]: family:1, type:2, protocol:0
[  216.567973] firmadyne: sys_socket[PID: 913 (xmldbc)]: family:1, type:2, protocol:0
[  216.631413] firmadyne: sys_socket[PID: 914 (xmldbc)]: family:1, type:2, protocol:0
[  216.695430] firmadyne: sys_socket[PID: 915 (xmldbc)]: family:1, type:2, protocol:0
[  216.755490] firmadyne: sys_socket[PID: 916 (xmldbc)]: family:1, type:2, protocol:0
[  216.813997] firmadyne: sys_socket[PID: 917 (xmldbc)]: family:1, type:2, protocol:0
[  216.875220] firmadyne: sys_socket[PID: 918 (xmldbc)]: family:1, type:2, protocol:0
[  216.934990] firmadyne: sys_socket[PID: 919 (xmldbc)]: family:1, type:2, protocol:0
[  216.993213] firmadyne: sys_socket[PID: 920 (xmldbc)]: family:1, type:2, protocol:0
[  217.053590] firmadyne: sys_socket[PID: 921 (xmldbc)]: family:1, type:2, protocol:0
[  217.106938] firmadyne: sys_socket[PID: 922 (xmldbc)]: family:1, type:2, protocol:0
[  217.165638] firmadyne: sys_socket[PID: 923 (xmldbc)]: family:1, type:2, protocol:0
[  217.224881] firmadyne: sys_socket[PID: 924 (xmldbc)]: family:1, type:2, protocol:0
[  217.286017] firmadyne: sys_socket[PID: 925 (xmldbc)]: family:1, type:2, protocol:0
[  217.345842] firmadyne: sys_socket[PID: 926 (xmldbc)]: family:1, type:2, protocol:0
[  217.404958] firmadyne: sys_socket[PID: 927 (xmldbc)]: family:1, type:2, protocol:0
[  217.468379] firmadyne: sys_socket[PID: 928 (xmldbc)]: family:1, type:2, protocol:0
[  217.527380] firmadyne: sys_socket[PID: 929 (xmldbc)]: family:1, type:2, protocol:0
[  217.714767] firmadyne: sys_socket[PID: 934 (xmldbc)]: family:1, type:2, protocol:0
[  217.773556] firmadyne: sys_socket[PID: 935 (xmldbc)]: family:1, type:2, protocol:0
[  217.833098] firmadyne: sys_socket[PID: 936 (xmldbc)]: family:1, type:2, protocol:0
[  217.892786] firmadyne: sys_socket[PID: 937 (xmldbc)]: family:1, type:2, protocol:0
[  217.951943] firmadyne: sys_socket[PID: 938 (xmldbc)]: family:1, type:2, protocol:0
[  218.010673] firmadyne: sys_socket[PID: 939 (xmldbc)]: family:1, type:2, protocol:0
[  218.150183] firmadyne: sys_socket[PID: 943 (xmldbc)]: family:1, type:2, protocol:0
[  218.209087] firmadyne: sys_socket[PID: 944 (xmldbc)]: family:1, type:2, protocol:0
[  218.265081] firmadyne: sys_socket[PID: 945 (xmldbc)]: family:1, type:2, protocol:0
[  218.326178] firmadyne: sys_socket[PID: 946 (xmldbc)]: family:1, type:2, protocol:0
[  218.385720] firmadyne: sys_socket[PID: 947 (xmldbc)]: family:1, type:2, protocol:0
[  218.450718] firmadyne: sys_socket[PID: 948 (xmldbc)]: family:1, type:2, protocol:0
[  218.637648] firmadyne: sys_socket[PID: 953 (xmldbc)]: family:1, type:2, protocol:0
[  218.781766] firmadyne: sys_socket[PID: 957 (xmldbc)]: family:1, type:2, protocol:0
[  218.922431] firmadyne: sys_socket[PID: 961 (xmldbc)]: family:1, type:2, protocol:0
[  219.061233] firmadyne: sys_socket[PID: 965 (xmldbc)]: family:1, type:2, protocol:0
[  219.198051] firmadyne: sys_socket[PID: 969 (xmldbc)]: family:1, type:2, protocol:0
[  219.340952] firmadyne: sys_socket[PID: 973 (xmldbc)]: family:1, type:2, protocol:0
[  219.484030] firmadyne: sys_socket[PID: 977 (xmldbc)]: family:1, type:2, protocol:0
[  219.623539] firmadyne: sys_socket[PID: 981 (xmldbc)]: family:1, type:2, protocol:0
[  219.763122] firmadyne: sys_socket[PID: 985 (xmldbc)]: family:1, type:2, protocol:0
[  219.902201] firmadyne: sys_socket[PID: 989 (xmldbc)]: family:1, type:2, protocol:0
[  220.044067] firmadyne: sys_socket[PID: 993 (xmldbc)]: family:1, type:2, protocol:0
[  220.187773] firmadyne: sys_socket[PID: 997 (xmldbc)]: family:1, type:2, protocol:0
[  220.325313] firmadyne: sys_socket[PID: 1001 (xmldbc)]: family:1, type:2, protocol:0
[  220.463985] firmadyne: sys_socket[PID: 1005 (xmldbc)]: family:1, type:2, protocol:0
[  220.609829] firmadyne: sys_socket[PID: 1009 (xmldbc)]: family:1, type:2, protocol:0
[  220.752749] firmadyne: sys_socket[PID: 1013 (xmldbc)]: family:1, type:2, protocol:0
[  220.889304] firmadyne: sys_socket[PID: 1017 (xmldbc)]: family:1, type:2, protocol:0
[  221.029820] firmadyne: sys_socket[PID: 1021 (xmldbc)]: family:1, type:2, protocol:0
[  221.168718] firmadyne: sys_socket[PID: 1025 (xmldbc)]: family:1, type:2, protocol:0
[  221.309648] firmadyne: sys_socket[PID: 1029 (xmldbc)]: family:1, type:2, protocol:0
[  221.450565] firmadyne: sys_socket[PID: 1033 (xmldbc)]: family:1, type:2, protocol:0
[  221.595727] firmadyne: sys_socket[PID: 1037 (xmldbc)]: family:1, type:2, protocol:0
[  221.730975] firmadyne: sys_socket[PID: 1041 (xmldbc)]: family:1, type:2, protocol:0
[  221.869554] firmadyne: sys_socket[PID: 1045 (xmldbc)]: family:1, type:2, protocol:0
[  222.008780] firmadyne: sys_socket[PID: 1049 (xmldbc)]: family:1, type:2, protocol:0
[  222.148063] firmadyne: sys_socket[PID: 1053 (xmldbc)]: family:1, type:2, protocol:0
[  222.292981] firmadyne: sys_socket[PID: 1057 (xmldbc)]: family:1, type:2, protocol:0
[  222.432667] firmadyne: sys_socket[PID: 1061 (xmldbc)]: family:1, type:2, protocol:0
[  222.578304] firmadyne: sys_socket[PID: 1065 (xmldbc)]: family:1, type:2, protocol:0
[  222.721178] firmadyne: sys_socket[PID: 1069 (xmldbc)]: family:1, type:2, protocol:0
[  222.858098] firmadyne: sys_socket[PID: 1073 (xmldbc)]: family:1, type:2, protocol:0
[  222.997000] firmadyne: sys_socket[PID: 1077 (xmldbc)]: family:1, type:2, protocol:0
[  223.135817] firmadyne: sys_socket[PID: 1081 (xmldbc)]: family:1, type:2, protocol:0
[  223.193196] firmadyne: sys_socket[PID: 1082 (xmldbc)]: family:1, type:2, protocol:0
[  223.252874] firmadyne: sys_socket[PID: 1083 (xmldbc)]: family:1, type:2, protocol:0
[  223.313891] firmadyne: sys_socket[PID: 1084 (xmldbc)]: family:1, type:2, protocol:0
[  223.373658] firmadyne: sys_socket[PID: 1085 (xmldbc)]: family:1, type:2, protocol:0
[  223.434013] firmadyne: sys_socket[PID: 1086 (xmldbc)]: family:1, type:2, protocol:0
[  223.493774] firmadyne: sys_socket[PID: 1087 (xmldbc)]: family:1, type:2, protocol:0
[  223.557676] firmadyne: sys_socket[PID: 1088 (xmldbc)]: family:1, type:2, protocol:0
[  223.618236] firmadyne: sys_socket[PID: 1089 (xmldbc)]: family:1, type:2, protocol:0
PHP [/etc/defnodes/S11setnodes.php] ...
[  223.740828] firmadyne: sys_socket[PID: 1092 (rgdb)]: family:1, type:2, protocol:0
PHP [/etc/defnodes/S12features.php] ...
[  224.634058] firmadyne: sys_socket[PID: 1105 (rgdb)]: family:1, type:2, protocol:0
PHP [/etc/defnodes/S13flashspeed.php] ...
[  224.767361] firmadyne: sys_socket[PID: 1108 (rgdb)]: family:1, type:2, protocol:0
PHP [/etc/defnodes/S20setnodes.php] ...
[  225.027231] firmadyne: sys_socket[PID: 1113 (rgdb)]: family:1, type:2, protocol:0
[  225.500866] UDF-fs: warning (device mtdblock4): udf_fill_super: No partition found (2)
mount: mounting /dev/mtdblock/4 on /www/locale/alt failed: Invalid argument
PHP [/etc/defnodes/S40brand.php] ...
[  225.617902] firmadyne: sys_socket[PID: 1125 (rgdb)]: family:1, type:2, protocol:0
[/etc/scripts/misc/defnodes.sh] Done !!
[/etc/scripts/misc/profile.sh] put ...
[  226.319461] firmadyne: sys_socket[PID: 1133 (rgdb)]: family:1, type:2, protocol:0
ok
[  227.392378] firmadyne: sys_socket[PID: 1139 (rgdb)]: family:1, type:2, protocol:0
[  227.473641] firmadyne: sys_socket[PID: 1141 (rgdb)]: family:1, type:2, protocol:0
[/etc/templates/timezone.sh] ...
[  227.661558] firmadyne: sys_socket[PID: 1146 (rgdb)]: family:1, type:2, protocol:0
[  227.866202] firmadyne: sys_socket[PID: 1151 (rgdb)]: family:1, type:2, protocol:0
[  232.073679] firmadyne: sys_socket[PID: 1155 (rgdb)]: family:1, type:2, protocol:0
[  232.161500] firmadyne: sys_socket[PID: 1157 (rgdb)]: family:1, type:2, protocol:0
[  232.247619] firmadyne: sys_socket[PID: 1159 (rgdb)]: family:1, type:2, protocol:0
[  232.335652] firmadyne: sys_socket[PID: 1161 (rgdb)]: family:1, type:2, protocol:0
[  232.421766] firmadyne: sys_socket[PID: 1163 (rgdb)]: family:1, type:2, protocol:0
[  232.507644] firmadyne: sys_socket[PID: 1165 (rgdb)]: family:1, type:2, protocol:0
[  232.591716] firmadyne: sys_socket[PID: 1167 (rgdb)]: family:1, type:2, protocol:0
[  232.680204] firmadyne: sys_socket[PID: 1169 (rgdb)]: family:1, type:2, protocol:0
[  232.767281] firmadyne: sys_socket[PID: 1171 (rgdb)]: family:1, type:2, protocol:0
[  232.855734] firmadyne: sys_socket[PID: 1173 (rgdb)]: family:1, type:2, protocol:0
[  232.942722] firmadyne: sys_socket[PID: 1175 (rgdb)]: family:1, type:2, protocol:0
[/etc/templates/logs.sh] ...
[  233.958713] firmadyne: sys_socket[PID: 1203 (rgdb)]: family:1, type:2, protocol:0
[  234.063097] firmadyne: sys_socket[PID: 1205 (rgdb)]: family:1, type:2, protocol:0
[/var/run/logs_run.sh] ...
[  234.675521] firmadyne: sys_socket[PID: 1210 (syslogd)]: family:1, type:1, protocol:0
[  234.858133] firmadyne: sys_socket[PID: 1215 (rgdb)]: family:1, type:2, protocol:0
[  235.061519] firmadyne: sys_socket[PID: 1219 (ifconfig)]: family:2, type:1, protocol:0
[  235.099222] 8021q: adding VLAN 0 to HW filter on device eth0
[  235.106195] e1000: eth0 NIC Link is Up 1000 Mbps Full Duplex, Flow Control: RX
[  238.210588] firmadyne: sys_socket[PID: 1221 (rgdb)]: family:1, type:2, protocol:0
[  238.555697] firmadyne: sys_socket[PID: 1233 (rgdb)]: family:1, type:2, protocol:0
[  238.748274] firmadyne: sys_socket[PID: 1239 (rgdb)]: family:1, type:2, protocol:0
[  238.775868] firmadyne: sys_socket[PID: 1240 (ifconfig)]: family:2, type:1, protocol:0
[  238.778676] firmadyne: __inet_insert_ifa[PID: 1240 (ifconfig)]: device:lo ifa:0x7f000001
[  238.838682] firmadyne: sys_socket[PID: 1241 (brctl)]: family:2, type:2, protocol:0
[  238.947641] firmadyne: sys_socket[PID: 1244 (brctl)]: family:2, type:2, protocol:0
[  238.951330] firmadyne: sys_socket[PID: 1244 (brctl)]: family:10, type:1, protocol:0
[  239.007261] firmadyne: sys_socket[PID: 1245 (brctl)]: family:2, type:2, protocol:0
[  239.011325] firmadyne: sys_socket[PID: 1245 (brctl)]: family:10, type:1, protocol:0
[/etc/init.d/S03config.sh] done!
[/etc/init.d/S10system.sh]
start Layout ...
[/etc/scripts/layout.sh] start ...
[  239.400861] firmadyne: sys_socket[PID: 1255 (rgdb)]: family:1, type:2, protocol:0
[  239.541813] firmadyne: sys_socket[PID: 1256 (rgdb)]: family:1, type:2, protocol:0
[/var/run/layout_start.sh] ...
Start bridge layout ...
[  239.713249] firmadyne: sys_socket[PID: 1260 (ifconfig)]: family:2, type:1, protocol:0
[  239.765380] firmadyne: sys_socket[PID: 1261 (brctl)]: family:2, type:2, protocol:0
[  239.769674] firmadyne: sys_socket[PID: 1261 (brctl)]: family:10, type:1, protocol:0
[  239.773608] firmadyne: sys_socket[PID: 1261 (brctl)]: family:10, type:1, protocol:0
[  239.775442] firmadyne: br_add_if[PID: 1261 (brctl)]: br:br0 dev:eth0
[  239.782691] device eth0 entered promiscuous mode
[  239.888977] firmadyne: sys_socket[PID: 1264 (xmldbc)]: family:1, type:2, protocol:0
[  239.984354] firmadyne: sys_socket[PID: 1267 (ifconfig)]: family:2, type:1, protocol:0
[  239.986618] br0: port 1(eth0) entered forwarding state
[  239.987606] br0: port 1(eth0) entered forwarding state
[  240.044788] firmadyne: sys_socket[PID: 1268 (rgdb)]: family:1, type:2, protocol:0
start LAN ...
[/etc/templates/lan.sh] ...
[  240.217617] firmadyne: sys_socket[PID: 1273 (rgdb)]: family:1, type:2, protocol:0
[  240.373451] firmadyne: sys_socket[PID: 1276 (rgdb)]: family:1, type:2, protocol:0
[  240.489906] firmadyne: sys_socket[PID: 1277 (rgdb)]: family:1, type:2, protocol:0
[/var/run/lan_start.sh] ...
Bridge mode selected, LAN is disabled !
start web server ...
[/etc/templates/webs.sh] start ...
[  240.802279] firmadyne: sys_socket[PID: 1285 (rgdb)]: family:1, type:2, protocol:0
[  240.900400] firmadyne: sys_socket[PID: 1287 (rgdb)]: family:1, type:2, protocol:0
[  241.055620] firmadyne: sys_socket[PID: 1290 (rgdb)]: family:1, type:2, protocol:0
[  241.219256] firmadyne: sys_socket[PID: 1291 (rgdb)]: family:1, type:2, protocol:0
[/var/run/webs_start.sh] ...
Starting HTTPD ...
start eth0 vlan setup ...
/etc/scripts/eth_vlan.sh: not found
[  241.651957] firmadyne: sys_socket[PID: 1301 (rgdb)]: family:1, type:2, protocol:0
[  241.677117] firmadyne: sys_socket[PID: 1302 (rgdb)]: family:1, type:2, protocol:0
[  241.904782] firmadyne: sys_socket[PID: 1303 (rgdb)]: family:1, type:2, protocol:0
#!/bin/sh
echo [$0] ... > /dev/console

# limitedadmin.php <<<

limitedadmin.sh...
[  242.230690] firmadyne: sys_socket[PID: 1307 (brctl)]: family:2, type:2, protocol:0
[  242.234723] firmadyne: sys_socket[PID: 1307 (brctl)]: family:10, type:1, protocol:0
[  242.343194] firmadyne: sys_socket[PID: 1308 (brctl)]: family:2, type:2, protocol:0
[  242.350843] firmadyne: sys_socket[PID: 1308 (brctl)]: family:10, type:1, protocol:0
[  242.458952] firmadyne: sys_socket[PID: 1309 (brctl)]: family:2, type:2, protocol:0
[  242.466527] firmadyne: sys_socket[PID: 1309 (brctl)]: family:10, type:1, protocol:0
[  242.577657] firmadyne: sys_socket[PID: 1310 (brctl)]: family:2, type:2, protocol:0
[  242.585137] firmadyne: sys_socket[PID: 1310 (brctl)]: family:10, type:1, protocol:0
[  242.690884] firmadyne: sys_socket[PID: 1311 (brctl)]: family:2, type:2, protocol:0
[  242.698467] firmadyne: sys_socket[PID: 1311 (brctl)]: family:10, type:1, protocol:0
[  242.810027] firmadyne: sys_socket[PID: 1312 (brctl)]: family:2, type:2, protocol:0
[  242.821749] firmadyne: sys_socket[PID: 1312 (brctl)]: family:10, type:1, protocol:0
start fresetd ...
enable LAN ports ...
[  243.072302] firmadyne: sys_socket[PID: 1314 (servd)]: family:1, type:2, protocol:0
Factory reset time : 5 secs
System reset time  : 1 secs
WPS command : [/etc/templates/wps.sh pbc &]
[  243.191520] firmadyne: sys_socket[PID: 1305 (httpd)]: family:10, type:2, protocol:6
[  243.204952] firmadyne: sys_setsockopt[PID: 1305 (httpd)]: fd:4, level:65535, optname:4
[/etc/scripts/enlan.sh] ...
/dev/gpio: No such device or address
[  243.309569] firmadyne: sys_socket[PID: 1317 (fresetd)]: family:1, type:1, protocol:0
 Generate channel table according to the country code...
[  243.408389] firmadyne: sys_socket[PID: 1326 (httpd)]: family:1, type:1, protocol:0
[  243.476448] firmadyne: sys_socket[PID: 1330 (genchanneltable)]: family:1, type:2, protocol:0
[  243.497021] firmadyne: sys_socket[PID: 1330 (genchanneltable)]: family:1, type:2, protocol:0
[  243.503626] firmadyne: sys_socket[PID: 1330 (genchanneltable)]: family:1, type:2, protocol:0
[  243.533384] firmadyne: sys_socket[PID: 1331 (getsys)]: family:1, type:2, protocol:0
UNKNOW country code!! Use USA for default!!
[  243.645913] firmadyne: sys_socket[PID: 1330 (genchanneltable)]: family:1, type:2, protocol:0
[  243.651341] firmadyne: sys_socket[PID: 1331 (getsys)]: family:1, type:2, protocol:0
[  243.658534] firmadyne: sys_socket[PID: 1330 (genchanneltable)]: family:1, type:2, protocol:0
[  243.663556] firmadyne: sys_socket[PID: 1331 (getsys)]: family:1, type:2, protocol:0
[  243.670458] firmadyne: sys_socket[PID: 1330 (genchanneltable)]: family:1, type:2, protocol:0
[  243.675498] firmadyne: sys_socket[PID: 1331 (getsys)]: family:1, type:2, protocol:0
[  243.682308] firmadyne: sys_socket[PID: 1330 (genchanneltable)]: family:1, type:2, protocol:0
[  243.687316] firmadyne: sys_socket[PID: 1331 (getsys)]: family:1, type:2, protocol:0
[  243.694146] firmadyne: sys_socket[PID: 1330 (genchanneltable)]: family:1, type:2, protocol:0
[  243.699157] firmadyne: sys_socket[PID: 1331 (getsys)]: family:1, type:2, protocol:0
[  243.705885] firmadyne: sys_socket[PID: 1330 (genchanneltable)]: family:1, type:2, protocol:0
[  243.711015] firmadyne: sys_socket[PID: 1331 (getsys)]: family:1, type:2, protocol:0
[  243.718034] firmadyne: sys_socket[PID: 1330 (genchanneltable)]: family:1, type:2, protocol:0
[  243.723077] firmadyne: sys_socket[PID: 1331 (getsys)]: family:1, type:2, protocol:0
[  243.729869] firmadyne: sys_socket[PID: 1330 (genchanneltable)]: family:1, type:2, protocol:0
[  243.735623] firmadyne: sys_socket[PID: 1331 (getsys)]: family:1, type:2, protocol:0
[  243.743031] firmadyne: sys_socket[PID: 1330 (genchanneltable)]: family:1, type:2, protocol:0
[  243.748153] firmadyne: sys_socket[PID: 1331 (getsys)]: family:1, type:2, protocol:0
[  243.755346] firmadyne: sys_socket[PID: 1330 (genchanneltable)]: family:1, type:2, protocol:0
[  243.760687] firmadyne: sys_socket[PID: 1331 (getsys)]: family:1, type:2, protocol:0
[  243.767691] firmadyne: sys_socket[PID: 1330 (genchanneltable)]: family:1, type:2, protocol:0
[  243.772102] firmadyne: sys_socket[PID: 1331 (getsys)]: family:1, type:2, protocol:0
[  243.779621] firmadyne: sys_socket[PID: 1330 (genchanneltable)]: family:1, type:2, protocol:0
[  243.784026] firmadyne: sys_socket[PID: 1331 (getsys)]: family:1, type:2, protocol:0
[  243.791434] firmadyne: sys_socket[PID: 1330 (genchanneltable)]: family:1, type:2, protocol:0
[  243.796778] firmadyne: sys_socket[PID: 1331 (getsys)]: family:1, type:2, protocol:0
[  243.803568] firmadyne: sys_socket[PID: 1330 (genchanneltable)]: family:1, type:2, protocol:0
[  243.807959] firmadyne: sys_socket[PID: 1331 (getsys)]: family:1, type:2, protocol:0
[  243.815331] firmadyne: sys_socket[PID: 1330 (genchanneltable)]: family:1, type:2, protocol:0
[  243.820453] firmadyne: sys_socket[PID: 1331 (getsys)]: family:1, type:2, protocol:0
[  243.827514] firmadyne: sys_socket[PID: 1330 (genchanneltable)]: family:1, type:2, protocol:0
[  243.834268] firmadyne: sys_socket[PID: 1331 (getsys)]: family:1, type:2, protocol:0
[  243.841682] firmadyne: sys_socket[PID: 1330 (genchanneltable)]: family:1, type:2, protocol:0
[  243.852091] firmadyne: sys_socket[PID: 1331 (getsys)]: family:1, type:2, protocol:0
[  243.857229] firmadyne: sys_socket[PID: 1330 (genchanneltable)]: family:1, type:2, protocol:0
[  243.870679] firmadyne: sys_socket[PID: 1330 (genchanneltable)]: family:1, type:2, protocol:0
[  243.877380] firmadyne: sys_socket[PID: 1330 (genchanneltable)]: family:1, type:2, protocol:0
[  243.890023] firmadyne: sys_socket[PID: 1330 (genchanneltable)]: family:1, type:2, protocol:0
[  243.902440] firmadyne: sys_socket[PID: 1330 (genchanneltable)]: family:1, type:2, protocol:0
[  243.908966] firmadyne: sys_socket[PID: 1330 (genchanneltable)]: family:1, type:2, protocol:0
[  243.922970] firmadyne: sys_socket[PID: 1330 (genchanneltable)]: family:1, type:2, protocol:0
[  243.930233] firmadyne: sys_socket[PID: 1330 (genchanneltable)]: family:1, type:2, protocol:0
[  243.940235] firmadyne: sys_socket[PID: 1330 (genchanneltable)]: family:1, type:2, protocol:0
[  243.950420] firmadyne: sys_socket[PID: 1330 (genchanneltable)]: family:1, type:2, protocol:0
[  243.961848] firmadyne: sys_socket[PID: 1330 (genchanneltable)]: family:1, type:2, protocol:0
[  243.968271] firmadyne: sys_socket[PID: 1330 (genchanneltable)]: family:1, type:2, protocol:0
/dev/gpio: No such device or address
 Generate VLAN table according to the port...
[  244.055755] firmadyne: sys_socket[PID: 1339 (genVLANTableByP)]: family:1, type:2, protocol:0
[  244.063493] firmadyne: sys_socket[PID: 1339 (genVLANTableByP)]: family:1, type:2, protocol:0
[  244.070297] firmadyne: sys_socket[PID: 1339 (genVLANTableByP)]: family:1, type:2, protocol:0
[  244.076089] firmadyne: sys_socket[PID: 1339 (genVLANTableByP)]: family:1, type:2, protocol:0
[  244.081888] firmadyne: sys_socket[PID: 1339 (genVLANTableByP)]: family:1, type:2, protocol:0
[  244.087540] firmadyne: sys_socket[PID: 1339 (genVLANTableByP)]: family:1, type:2, protocol:0
[  244.094997] firmadyne: sys_socket[PID: 1339 (genVLANTableByP)]: family:1, type:2, protocol:0
[  244.101993] firmadyne: sys_socket[PID: 1339 (genVLANTableByP)]: family:1, type:2, protocol:0
[  244.108859] firmadyne: sys_socket[PID: 1339 (genVLANTableByP)]: family:1, type:2, protocol:0
[  244.114779] firmadyne: sys_socket[PID: 1339 (genVLANTableByP)]: family:1, type:2, protocol:0
[  244.121444] firmadyne: sys_socket[PID: 1339 (genVLANTableByP)]: family:1, type:2, protocol:0
[  244.127280] firmadyne: sys_socket[PID: 1339 (genVLANTableByP)]: family:1, type:2, protocol:0
[  244.134120] firmadyne: sys_socket[PID: 1339 (genVLANTableByP)]: family:1, type:2, protocol:0
[  244.139853] firmadyne: sys_socket[PID: 1339 (genVLANTableByP)]: family:1, type:2, protocol:0
[  244.145872] firmadyne: sys_socket[PID: 1339 (genVLANTableByP)]: family:1, type:2, protocol:0
[  244.151788] firmadyne: sys_socket[PID: 1339 (genVLANTableByP)]: family:1, type:2, protocol:0
[  244.158523] firmadyne: sys_socket[PID: 1339 (genVLANTableByP)]: family:1, type:2, protocol:0
[  244.164411] firmadyne: sys_socket[PID: 1339 (genVLANTableByP)]: family:1, type:2, protocol:0
[  244.171034] firmadyne: sys_socket[PID: 1339 (genVLANTableByP)]: family:1, type:2, protocol:0
[  244.177923] firmadyne: sys_socket[PID: 1339 (genVLANTableByP)]: family:1, type:2, protocol:0
[  244.183762] firmadyne: sys_socket[PID: 1339 (genVLANTableByP)]: family:1, type:2, protocol:0
