[    0.000000] Linux version 4.1.17+ (alessio@pc) (gcc version 5.5.0 20171010 (Ubuntu 5.5.0-12ubuntu1) ) #1 Mon May 15 23:04:08 CEST 2023
[    0.000000] earlycon: Early serial console at I/O port 0x3f8 (options '38400n8')
[    0.000000] bootconsole [uart0] enabled
[    0.000000] CPU0 revision is: 00019300 (MIPS 24Kc)
[    0.000000] FPU revision is: 00739300
[    0.000000] Software DMA cache coherency enabled
[    0.000000] Determined physical RAM map:
[    0.000000]  memory: 00001000 @ 00000000 (reserved)
[    0.000000]  memory: 000ef000 @ 00001000 (ROM data)
[    0.000000]  memory: 00798000 @ 000f0000 (reserved)
[    0.000000]  memory: 0f777000 @ 00888000 (usable)
[    0.000000] debug: ignoring loglevel setting.
[    0.000000] Wasting 69888 bytes for tracking 2184 unused pages
[    0.000000] Initrd not found or empty - disabling initrd
[    0.000000] Zone ranges:
[    0.000000]   DMA      [mem 0x0000000000000000-0x0000000000ffffff]
[    0.000000]   Normal   [mem 0x0000000001000000-0x000000000fffefff]
[    0.000000] Movable zone start for each node
[    0.000000] Early memory node ranges
[    0.000000]   node   0: [mem 0x0000000000000000-0x000000000fffefff]
[    0.000000] Initmem setup node 0 [mem 0x0000000000000000-0x000000000fffefff]
[    0.000000] On node 0 totalpages: 65535
[    0.000000] free_area_init_node: node 0, pgdat 8081d5b0, node_mem_map 81000000
[    0.000000]   DMA zone: 32 pages used for memmap
[    0.000000]   DMA zone: 0 pages reserved
[    0.000000]   DMA zone: 4096 pages, LIFO batch:0
[    0.000000]   Normal zone: 480 pages used for memmap
[    0.000000]   Normal zone: 61439 pages, LIFO batch:15
[    0.000000] Primary instruction cache 2kB, VIPT, 2-way, linesize 16 bytes.
[    0.000000] Primary data cache 2kB, 2-way, VIPT, no aliases, linesize 16 bytes
[    0.000000] pcpu-alloc: s0 r0 d32768 u32768 alloc=1*32768
[    0.000000] pcpu-alloc: [0] 0 
[    0.000000] Built 1 zonelists in Zone order, mobility grouping on.  Total pages: 65023
[    0.000000] Kernel command line: root=/dev/sda1 console=ttyS0 nandsim.parts=64,64,64,64,64,64,64,64,64,64 rdinit=/firmadyne/preInit.sh rw debug ignore_loglevel print-fatal-signals=1 FIRMAE_NET=true FIRMAE_NVRAM=true FIRMAE_KERNEL=true FIRMAE_ETC=true user_debug=0 firmadyne.syscall=1 noka
[    0.000000] found FIRMAE_KERNEL=t
[    0.000000] set the LD_PRELOAD=/firmadyne/libnvram_ioctl.so
[    0.000000] PID hash table entries: 1024 (order: 0, 4096 bytes)
[    0.000000] Dentry cache hash table entries: 32768 (order: 5, 131072 bytes)
[    0.000000] Inode-cache hash table entries: 16384 (order: 4, 65536 bytes)
[    0.000000] Writing ErrCtl register=00000000
[    0.000000] Readback ErrCtl register=00000000
[    0.000000] Memory: 251112K/262140K available (5360K kernel code, 244K rwdata, 1676K rodata, 260K init, 158K bss, 11028K reserved, 0K cma-reserved)
[    0.000000] NR_IRQS:256
[    0.000000] CPU frequency 200.01 MHz
[    0.000000] clocksource MIPS: mask: 0xffffffff max_cycles: 0xffffffff, max_idle_ns: 19111928859 ns
[    0.000212] sched_clock: 32 bits at 100MHz, resolution 9ns, wraps every 21474077691ns
[    0.016135] Console: colour dummy device 80x25
[    0.017281] Calibrating delay loop... 23.55 BogoMIPS (lpj=47104)
[    0.081694] pid_max: default: 32768 minimum: 301
[    0.086310] Mount-cache hash table entries: 1024 (order: 0, 4096 bytes)
[    0.086860] Mountpoint-cache hash table entries: 1024 (order: 0, 4096 bytes)
[    0.156237] clocksource jiffies: mask: 0xffffffff max_cycles: 0xffffffff, max_idle_ns: 7645041785100000 ns
[    0.167771] NET: Registered protocol family 16
[    0.467895] clocksource pit: mask: 0xffffffff max_cycles: 0xffffffff, max_idle_ns: 1601818034827 ns
[    0.634441] vgaarb: loaded
[    0.640592] SCSI subsystem initialized
[    0.643280] libata version 3.00 loaded.
[    0.648036] usbcore: registered new interface driver usbfs
[    0.649534] usbcore: registered new interface driver hub
[    0.650856] usbcore: registered new device driver usb
[    0.653696] pps_core: LinuxPPS API ver. 1 registered
[    0.654132] pps_core: Software ver. 5.3.6 - Copyright 2005-2007 Rodolfo Giometti <giometti@linux.it>
[    0.655327] PTP clock support registered
[    0.660467] PCI host bridge to bus 0000:00
[    0.661261] pci_bus 0000:00: root bus resource [mem 0x10000000-0x17ffffff]
[    0.661915] pci_bus 0000:00: root bus resource [io  0x1000-0x1fffff]
[    0.662554] pci_bus 0000:00: root bus resource [??? 0x00000000 flags 0x0]
[    0.663335] pci_bus 0000:00: No busn resource found for root bus, will use [bus 00-ff]
[    0.664710] pci 0000:00:00.0: [11ab:4620] type 00 class 0x060000
[    0.665682] pci 0000:00:00.0: [Firmware Bug]: reg 0x14: invalid BAR (can't size)
[    0.666310] pci 0000:00:00.0: [Firmware Bug]: reg 0x18: invalid BAR (can't size)
[    0.666934] pci 0000:00:00.0: [Firmware Bug]: reg 0x1c: invalid BAR (can't size)
[    0.667766] pci 0000:00:00.0: [Firmware Bug]: reg 0x20: invalid BAR (can't size)
[    0.668400] pci 0000:00:00.0: [Firmware Bug]: reg 0x24: invalid BAR (can't size)
[    0.672787] pci 0000:00:0a.0: [8086:7110] type 00 class 0x060100
[    0.676629] pci 0000:00:0a.1: [8086:7111] type 00 class 0x010180
[    0.677457] pci 0000:00:0a.1: reg 0x20: [io  0x0000-0x000f]
[    0.678100] pci 0000:00:0a.1: legacy IDE quirk: reg 0x10: [io  0x01f0-0x01f7]
[    0.678712] pci 0000:00:0a.1: legacy IDE quirk: reg 0x14: [io  0x03f6]
[    0.679317] pci 0000:00:0a.1: legacy IDE quirk: reg 0x18: [io  0x0170-0x0177]
[    0.679960] pci 0000:00:0a.1: legacy IDE quirk: reg 0x1c: [io  0x0376]
[    0.683537] pci 0000:00:0a.2: [8086:7112] type 00 class 0x0c0300
[    0.684430] pci 0000:00:0a.2: reg 0x20: [io  0x0000-0x001f]
[    0.687829] pci 0000:00:0a.3: [8086:7113] type 00 class 0x068000
[    0.689494] pci 0000:00:0a.3: quirk: [io  0x1000-0x103f] claimed by PIIX4 ACPI
[    0.690178] pci 0000:00:0a.3: quirk: [io  0x1100-0x110f] claimed by PIIX4 SMB
[    0.693791] pci 0000:00:12.0: [1013:00b8] type 00 class 0x030000
[    0.694470] pci 0000:00:12.0: reg 0x10: [mem 0x00000000-0x01ffffff pref]
[    0.695103] pci 0000:00:12.0: reg 0x14: [mem 0x00000000-0x00000fff]
[    0.695799] pci 0000:00:12.0: reg 0x30: [mem 0x00000000-0x0000ffff pref]
[    0.698845] vgaarb: device added: PCI:0000:00:12.0,decodes=io+mem,owns=none,locks=none
[    0.700195] pci 0000:00:13.0: [8086:100e] type 00 class 0x020000
[    0.701020] pci 0000:00:13.0: reg 0x10: [mem 0x00000000-0x0001ffff]
[    0.701623] pci 0000:00:13.0: reg 0x14: [io  0x0000-0x003f]
[    0.702292] pci 0000:00:13.0: reg 0x30: [mem 0x00000000-0x0003ffff pref]
[    0.705743] pci 0000:00:14.0: [8086:100e] type 00 class 0x020000
[    0.706396] pci 0000:00:14.0: reg 0x10: [mem 0x00000000-0x0001ffff]
[    0.706998] pci 0000:00:14.0: reg 0x14: [io  0x0000-0x003f]
[    0.707657] pci 0000:00:14.0: reg 0x30: [mem 0x00000000-0x0003ffff pref]
[    0.711265] pci 0000:00:15.0: [8086:100e] type 00 class 0x020000
[    0.711925] pci 0000:00:15.0: reg 0x10: [mem 0x00000000-0x0001ffff]
[    0.712521] pci 0000:00:15.0: reg 0x14: [io  0x0000-0x003f]
[    0.713339] pci 0000:00:15.0: reg 0x30: [mem 0x00000000-0x0003ffff pref]
[    0.716645] pci 0000:00:16.0: [8086:100e] type 00 class 0x020000
[    0.717465] pci 0000:00:16.0: reg 0x10: [mem 0x00000000-0x0001ffff]
[    0.718076] pci 0000:00:16.0: reg 0x14: [io  0x0000-0x003f]
[    0.718734] pci 0000:00:16.0: reg 0x30: [mem 0x00000000-0x0003ffff pref]
[    0.722422] pci_bus 0000:00: busn_res: [bus 00-ff] end is updated to 00
[    0.724048] pci 0000:00:12.0: BAR 0: assigned [mem 0x10000000-0x11ffffff pref]
[    0.724864] pci 0000:00:13.0: BAR 6: assigned [mem 0x12000000-0x1203ffff pref]
[    0.725765] pci 0000:00:14.0: BAR 6: assigned [mem 0x12040000-0x1207ffff pref]
[    0.726472] pci 0000:00:15.0: BAR 6: assigned [mem 0x12080000-0x120bffff pref]
[    0.727162] pci 0000:00:16.0: BAR 6: assigned [mem 0x120c0000-0x120fffff pref]
[    0.727831] pci 0000:00:13.0: BAR 0: assigned [mem 0x12100000-0x1211ffff]
[    0.728493] pci 0000:00:14.0: BAR 0: assigned [mem 0x12120000-0x1213ffff]
[    0.729177] pci 0000:00:15.0: BAR 0: assigned [mem 0x12140000-0x1215ffff]
[    0.730014] pci 0000:00:16.0: BAR 0: assigned [mem 0x12160000-0x1217ffff]
[    0.730704] pci 0000:00:12.0: BAR 6: assigned [mem 0x12180000-0x1218ffff pref]
[    0.731389] pci 0000:00:12.0: BAR 1: assigned [mem 0x12190000-0x12190fff]
[    0.732062] pci 0000:00:13.0: BAR 1: assigned [io  0x1040-0x107f]
[    0.732670] pci 0000:00:14.0: BAR 1: assigned [io  0x1080-0x10bf]
[    0.733291] pci 0000:00:15.0: BAR 1: assigned [io  0x10c0-0x10ff]
[    0.734073] pci 0000:00:16.0: BAR 1: assigned [io  0x1400-0x143f]
[    0.734702] pci 0000:00:0a.2: BAR 4: assigned [io  0x1440-0x145f]
[    0.735328] pci 0000:00:0a.1: BAR 4: assigned [io  0x1460-0x146f]
[    0.754619] cfg80211: Calling CRDA to update world regulatory domain
[    0.769613] Switched to clocksource MIPS
[    0.895845] NET: Registered protocol family 2
[    0.908965] TCP established hash table entries: 2048 (order: 1, 8192 bytes)
[    0.910371] TCP bind hash table entries: 2048 (order: 1, 8192 bytes)
[    0.911531] TCP: Hash tables configured (established 2048 bind 2048)
[    0.912677] UDP hash table entries: 256 (order: 0, 4096 bytes)
[    0.913412] UDP-Lite hash table entries: 256 (order: 0, 4096 bytes)
[    0.917985] NET: Registered protocol family 1
[    0.919808] PCI: Enabling device 0000:00:0a.2 (0000 -> 0001)
[    0.921444] PCI: CLS 0 bytes, default 16
[    0.956817] futex hash table entries: 256 (order: -1, 3072 bytes)
[    0.975485] squashfs: version 4.0 (2009/01/31) Phillip Lougher
[    0.978558] jffs2: version 2.2. (NAND) Â© 2001-2006 Red Hat, Inc.
[    0.982659] romfs: ROMFS MTD (C) 2007 Red Hat, Inc.
[    1.011735] Block layer SCSI generic (bsg) driver version 0.4 loaded (major 251)
[    1.012464] io scheduler noop registered
[    1.013251] io scheduler cfq registered (default)
[    1.014605] firmadyne: devfs: 1, execute: 1, procfs: 1, syscall: 1
[    1.020980] firmadyne: Cannot register character device: gpio, 0xfc, 0x0!
[    1.030956] firmadyne: Cannot register character device: watchdog, 0xa, 0x82!
[    1.031495] firmadyne: Cannot register character device: wdt, 0xfd, 0x0!
[    2.947345] strName = 4.1.17+
[    2.947345] init_task_addr  = 2155778944
[    2.947345] init_task_size  = 1296
[    2.947345] ts_tasks        = 292
[    2.947345] ts_pid          = 408
[    2.947345] ts_tgid         = 412
[    2.947345] ts_group_leader = 440
[    2.947345] ts_thread_group = 496
[    2.947345] ts_real_parent  = 416
[    2.947345] ts_mm           = 300
[    2.947345] ts_stack        = 4
[    2.950126] module_name   = 12
[    2.950126] module_size   = 208
[    2.950126] module_init   = 200
[    2.950126] module_list   = 4
[    2.951158] ts_real_cred    = 624
[    2.951158] ts_cred         = 628
[    2.951158] ts_comm         = 632
[    2.951158] cred_uid        = 4
[    2.951158] cred_gid        = 8
[    2.951158] cred_euid       = 20
[    2.951158] cred_egid       = 24
[    2.952815] mm_mmap         = 0
[    2.952815] mm_pgd          = 32
[    2.952815] mm_arg_start    = 136
[    2.952815] mm_start_brk    = 124
[    2.952815] mm_brk          = 128
[    2.952815] mm_start_stack  = 132
[    2.954537] vma_vm_start    = 0
[    2.954537] vma_vm_end      = 4
[    2.954537] vma_vm_next     = 8
[    2.954537] vma_vm_file     = 80
[    2.954537] vma_vm_flags    = 40
[    2.954537] vma_vm_pgoff    = 76
[    2.956000] file_dentry     = 12
[    2.956000] file_inode      = 40
[    2.956000] dentry_d_name   = 24
[    2.956000] dentry_d_iname  = 44
[    2.956000] dentry_d_parent = 16
[    2.956000] ti_task         = 0
[    2.956000] inode_ino   = 28
[    4.158930] proc_fork_connector  = 2151078840
[    4.159333] proc_exit_connector  = 2151080432
[    4.159688] proc_exec_connector  = 2151079052
[    4.160032] vma_link  = 2149124372
[    4.160327] vma_adjust  = 2149124540
[    4.160630] remove_vma  = 2149122188
[    4.160941] modules  = 2155833724
[    4.161239] trim_init_extable  = 2150545316
[    4.162840] cfg80211: Calling CRDA to update world regulatory domain
[    4.166922] PCI: Enabling device 0000:00:12.0 (0000 -> 0002)
[    4.168422] cirrusfb 0000:00:12.0: Cirrus Logic chipset on PCI bus, RAM (4096 kB) at 0x10000000
[    4.420244] Console: switching to colour frame buffer device 80x30
[    4.498913] Serial: 8250/16550 driver, 4 ports, IRQ sharing enabled
[    4.515088] console [ttyS0] disabled
[    4.543095] serial8250.0: ttyS0 at I/O 0x3f8 (irq = 4, base_baud = 115200) is a 16550A
[    4.544355] console [ttyS0] enabled
[    4.544355] console [ttyS0] enabled
[    4.544994] bootconsole [uart0] disabled
[    4.544994] bootconsole [uart0] disabled
[    4.576600] serial8250.0: ttyS1 at I/O 0x2f8 (irq = 3, base_baud = 115200) is a 16550A
[    4.715762] brd: module loaded
[    4.788862] loop: module loaded
[    4.796639] ata_piix 0000:00:0a.1: version 2.13
[    4.797290] PCI: Enabling device 0000:00:0a.1 (0000 -> 0001)
[    4.827519] scsi host0: ata_piix
[    4.834174] scsi host1: ata_piix
[    4.838690] ata1: PATA max UDMA/33 cmd 0x1f0 ctl 0x3f6 bmdma 0x1460 irq 14
[    4.839301] ata2: PATA max UDMA/33 cmd 0x170 ctl 0x376 bmdma 0x1468 irq 15
[    4.847115] [nandsim] warning: read_byte: unexpected data output cycle, state is STATE_READY return 0x0
[    4.847834] [nandsim] warning: read_byte: unexpected data output cycle, state is STATE_READY return 0x0
[    4.848493] [nandsim] warning: read_byte: unexpected data output cycle, state is STATE_READY return 0x0
[    4.849159] [nandsim] warning: read_byte: unexpected data output cycle, state is STATE_READY return 0x0
[    4.850028] [nandsim] warning: read_byte: unexpected data output cycle, state is STATE_READY return 0x0
[    4.850700] [nandsim] warning: read_byte: unexpected data output cycle, state is STATE_READY return 0x0
[    4.851574] nand: device found, Manufacturer ID: 0x98, Chip ID: 0x39
[    4.852081] nand: Toshiba NAND 128MiB 1,8V 8-bit
[    4.852545] nand: 128 MiB, SLC, erase size: 16 KiB, page size: 512, OOB size: 16
[    4.854604] flash size: 128 MiB
[    4.854917] page size: 512 bytes
[    4.855219] OOB area size: 16 bytes
[    4.855531] sector size: 16 KiB
[    4.855830] pages number: 262144
[    4.856126] pages per sector: 32
[    4.856419] bus width: 8
[    4.856687] bits in sector size: 14
[    4.857000] bits in page size: 9
[    4.857303] bits in OOB size: 4
[    4.857790] flash size with OOB: 135168 KiB
[    4.858142] page address bytes: 4
[    4.858444] sector address bytes: 3
[    4.858761] options: 0x42
[    4.957765] Scanning device for bad blocks
[    6.382454] ata1.01: NODEV after polling detection
[    6.383565] ata2.01: NODEV after polling detection
[    6.386074] ata2.00: ATAPI: QEMU DVD-ROM, 2.5+, max UDMA/100
[    6.388798] ata1.00: ATA-7: QEMU HARDDISK, 2.5+, max UDMA/100
[    6.389336] ata1.00: 2097152 sectors, multi 16: LBA48 
[    6.396231] ata2.00: configured for UDMA/33
[    6.399950] ata1.00: configured for UDMA/33
[    6.408875] scsi 0:0:0:0: Direct-Access     ATA      QEMU HARDDISK    2.5+ PQ: 0 ANSI: 5
[    6.427738] sd 0:0:0:0: [sda] 2097152 512-byte logical blocks: (1.07 GB/1.00 GiB)
[    6.429757] scsi 1:0:0:0: CD-ROM            QEMU     QEMU DVD-ROM     2.5+ PQ: 0 ANSI: 5
[    6.444698] sd 0:0:0:0: [sda] Write Protect is off
[    6.445300] sd 0:0:0:0: [sda] Mode Sense: 00 3a 00 00
[    6.447252] sd 0:0:0:0: [sda] Write cache: enabled, read cache: enabled, doesn't support DPO or FUA
[    6.460568]  sda: sda1
[    6.475209] sd 0:0:0:0: [sda] Attached SCSI disk
[    6.475864] Creating 11 MTD partitions on "NAND 128MiB 1,8V 8-bit":
[    6.476619] 0x000000000000-0x000000100000 : "NAND simulator partition 0"
[    6.489940] 0x000000100000-0x000000200000 : "NAND simulator partition 1"
[    6.502365] 0x000000200000-0x000000300000 : "NAND simulator partition 2"
[    6.515064] 0x000000300000-0x000000400000 : "NAND simulator partition 3"
[    6.527787] 0x000000400000-0x000000500000 : "NAND simulator partition 4"
[    6.540604] 0x000000500000-0x000000600000 : "NAND simulator partition 5"
[    6.553874] 0x000000600000-0x000000700000 : "NAND simulator partition 6"
[    6.567129] 0x000000700000-0x000000800000 : "NAND simulator partition 7"
[    6.580439] 0x000000800000-0x000000900000 : "NAND simulator partition 8"
[    6.592796] 0x000000900000-0x000000a00000 : "NAND simulator partition 9"
[    6.605227] 0x000000a00000-0x000008000000 : "NAND simulator partition 10"
[    6.659452] tun: Universal TUN/TAP device driver, 1.6
[    6.659895] tun: (C) 1999-2004 Max Krasnyansky <maxk@qualcomm.com>
[    6.664171] pcnet32: pcnet32.c:v1.35 21.Apr.2008 tsbogend@alpha.franken.de
[    6.665874] e1000: Intel(R) PRO/1000 Network Driver - version 7.3.21-k8-NAPI
[    6.666403] e1000: Copyright (c) 1999-2006 Intel Corporation.
[    6.667546] PCI: Enabling device 0000:00:13.0 (0000 -> 0003)
[    6.994050] e1000 0000:00:13.0 eth0: (PCI:33MHz:32-bit) 52:54:00:12:34:56
[    6.994902] e1000 0000:00:13.0 eth0: Intel(R) PRO/1000 Network Connection
[    6.995814] PCI: Enabling device 0000:00:14.0 (0000 -> 0003)
[    7.328918] e1000 0000:00:14.0 eth1: (PCI:33MHz:32-bit) 52:54:00:12:34:57
[    7.329869] e1000 0000:00:14.0 eth1: Intel(R) PRO/1000 Network Connection
[    7.330846] PCI: Enabling device 0000:00:15.0 (0000 -> 0003)
[    7.333101] cfg80211: Calling CRDA to update world regulatory domain
[    7.659434] e1000 0000:00:15.0 eth2: (PCI:33MHz:32-bit) 52:54:00:12:34:58
[    7.660163] e1000 0000:00:15.0 eth2: Intel(R) PRO/1000 Network Connection
[    7.661067] PCI: Enabling device 0000:00:16.0 (0000 -> 0003)
[    7.988766] e1000 0000:00:16.0 eth3: (PCI:33MHz:32-bit) 52:54:00:12:34:59
[    7.989519] e1000 0000:00:16.0 eth3: Intel(R) PRO/1000 Network Connection
[    7.991492] e1000e: Intel(R) PRO/1000 Network Driver - 2.3.2-k
[    7.992001] e1000e: Copyright(c) 1999 - 2014 Intel Corporation.
[    7.997963] PPP generic driver version 2.4.2
[    8.000679] PPP Deflate Compression module registered
[    8.001690] PPP MPPE Compression module registered
[    8.002251] NET: Registered protocol family 24
[    8.003194] ehci_hcd: USB 2.0 'Enhanced' Host Controller (EHCI) Driver
[    8.003875] ehci-pci: EHCI PCI platform driver
[    8.005354] ohci_hcd: USB 1.1 'Open' Host Controller (OHCI) Driver
[    8.006213] ohci-pci: OHCI PCI platform driver
[    8.007685] uhci_hcd: USB Universal Host Controller Interface driver
[    8.009966] uhci_hcd 0000:00:0a.2: UHCI Host Controller
[    8.010967] uhci_hcd 0000:00:0a.2: new USB bus registered, assigned bus number 1
[    8.012296] uhci_hcd 0000:00:0a.2: irq 11, io base 0x00001440
[    8.028010] hub 1-0:1.0: USB hub found
[    8.028994] hub 1-0:1.0: 2 ports detected
[    8.041517] usbcore: registered new interface driver usb-storage
[    8.047140] mousedev: PS/2 mouse device common for all mice
[    8.055273] rtc_cmos rtc_cmos: rtc core: registered rtc_cmos as rtc0
[    8.056277] rtc_cmos rtc_cmos: alarms up to one day, 242 bytes nvram
[    8.058295] i2c /dev entries driver
[    8.059904] piix4_smbus 0000:00:0a.3: SMBus Host Controller at 0x1100, revision 0
[    8.066012] sdhci: Secure Digital Host Controller Interface driver
[    8.066552] sdhci: Copyright(c) Pierre Ossman
[    8.069716] hidraw: raw HID events driver (C) Jiri Kosina
[    8.093995] usbcore: registered new interface driver usbhid
[    8.094474] usbhid: USB HID core driver
[    8.095864] Netfilter messages via NETLINK v0.30.
[    8.097733] nf_conntrack version 0.5.0 (3923 buckets, 15692 max)
[    8.102029] ctnetlink v0.93: registering with nfnetlink.
[    8.109366] ipip: IPv4 over IPv4 tunneling driver
[    8.125244] ip_tables: (C) 2000-2006 Netfilter Core Team
[    8.128992] arp_tables: (C) 2002 David S. Miller
[    8.131515] Initializing XFRM netlink socket
[    8.133046] NET: Registered protocol family 10
[    8.160759] ip6_tables: (C) 2000-2006 Netfilter Core Team
[    8.165761] sit: IPv6 over IPv4 tunneling driver
[    8.188008] NET: Registered protocol family 17
[    8.189196] bridge: automatic filtering via arp/ip/ip6tables has been deprecated. Update your scripts to load br_netfilter if you need this.
[    8.190908] Bridge firewalling registered
[    8.191444] Ebtables v2.0 registered
[    8.195474] 8021q: 802.1Q VLAN Support v1.8
[    8.225039] rtc_cmos rtc_cmos: setting system clock to 2025-07-27 22:56:19 UTC (1753656979)
[    8.251811] EXT2-fs (sda1): warning: mounting unchecked fs, running e2fsck is recommended
[    8.254451] VFS: Mounted root (ext2 filesystem) on device 8:1.
[    8.265902] Freeing YAMON memory: 956k freed
[    8.279538] Freeing unused kernel memory: 260K (8081f000 - 80860000)
[    8.393395] firmadyne: sys_reboot[PID: 48 (init)]: magic1:fee1dead, magic2:28121969, cmd:0
init started:  BusyBox v1.00 (2009.03.06-06:20+0000) multi-call binary
init started:  BusyBox v1.00 (2009.03.06-06:20+0000) multi-call binary
Starting pid 50, console /dev/ttyS0: '/usr/etc/rcS'
[    8.445874] spurious 8259A interrupt: IRQ7.
[    8.701351] firmadyne: do_execve: /firmadyne/console
[    8.702383] OFFSETS: offset of pid: 0x198 offset of comm: 0x278
[   10.477991] cfg80211: Calling CRDA to update world regulatory domain
insmod: cannot open module `/lib/modules/vnet.ko': No such file or directory
[   13.223199] random: nonblocking pool is initialized
[   13.260909] firmadyne: ioctl: 0x1
insmod finish
BcmAtm_Initialize: open error 6
/usr/sbin/atmctl: ATM driver return code, state error
BcmAdsl : open error 6
/usr/sbin/adslctl: BcmAdsl_Initialize error
BcmAdsl : open error 6
/usr/sbin/adslctl->ConnectionHandler: BcmAdsl_ConnectionStart error
[   13.622468] cfg80211: Calling CRDA to update world regulatory domain
BcmAtm_Initialize: open error 6
ATM Operation Failed , 2 
/usr/sbin/atmctl: ATM driver return code, state error
[   13.723236] firmadyne: sys_socket[PID: 103 (brctl)]: family:2, type:2, protocol:0
[   13.798768] firmadyne: sys_socket[PID: 104 (brctl)]: family:2, type:2, protocol:0
[   13.858739] firmadyne: sys_socket[PID: 105 (ifconfig)]: family:2, type:1, protocol:0
[   13.873948] IPv6: ADDRCONF(NETDEV_UP): eth0: link is not ready
[   13.874674] 8021q: adding VLAN 0 to HW filter on device eth0
[   13.880538] e1000: eth0 NIC Link is Up 1000 Mbps Full Duplex, Flow Control: RX
[   13.883028] IPv6: ADDRCONF(NETDEV_CHANGE): eth0: link becomes ready
[   13.944204] firmadyne: sys_socket[PID: 106 (brctl)]: family:2, type:2, protocol:0
[   13.946175] firmadyne: sys_socket[PID: 106 (brctl)]: family:10, type:1, protocol:0
[   13.948503] firmadyne: br_add_if[PID: 106 (brctl)]: br:br0 dev:eth0
[   13.955750] device eth0 entered promiscuous mode
[   14.019492] firmadyne: sys_socket[PID: 107 (ifconfig)]: family:2, type:1, protocol:0
[   14.032322] IPv6: ADDRCONF(NETDEV_UP): eth1: link is not ready
[   14.033026] 8021q: adding VLAN 0 to HW filter on device eth1
[   14.038571] e1000: eth1 NIC Link is Up 1000 Mbps Full Duplex, Flow Control: RX
[   14.039896] IPv6: ADDRCONF(NETDEV_CHANGE): eth1: link becomes ready
[   14.095123] firmadyne: sys_socket[PID: 108 (brctl)]: family:2, type:2, protocol:0
[   14.096829] firmadyne: sys_socket[PID: 108 (brctl)]: family:10, type:1, protocol:0
[   14.098963] firmadyne: br_add_if[PID: 108 (brctl)]: br:br0 dev:eth1
[   14.104765] device eth1 entered promiscuous mode
[   14.229445] firmadyne: sys_socket[PID: 110 (ifconfig)]: family:2, type:1, protocol:0
[   14.232778] firmadyne: __inet_insert_ifa[PID: 110 (ifconfig)]: device:lo ifa:0x7f000001
[   14.236750] firmadyne: __inet_insert_ifa[PID: 110 (ifconfig)]: device:lo ifa:0x7f000001
[   14.303651] firmadyne: sys_socket[PID: 111 (route)]: family:2, type:1, protocol:0
[   14.620250] firmadyne: sys_socket[PID: 114 (klogd)]: family:1, type:1, protocol:0
[   14.622679] firmadyne: sys_socket[PID: 114 (klogd)]: family:1, type:2, protocol:0
[   14.640474] firmadyne: sys_socket[PID: 114 (klogd)]: family:1, type:1, protocol:0
[   14.642463] firmadyne: sys_socket[PID: 114 (klogd)]: family:1, type:2, protocol:0
[   14.645472] firmadyne: sys_socket[PID: 114 (klogd)]: family:1, type:1, protocol:0
[   14.654202] firmadyne: sys_socket[PID: 114 (klogd)]: family:1, type:2, protocol:0
[   14.657337] firmadyne: sys_socket[PID: 114 (klogd)]: family:1, type:1, protocol:0
[   14.664560] firmadyne: sys_socket[PID: 114 (klogd)]: family:1, type:2, protocol:0
[   14.667783] firmadyne: sys_socket[PID: 114 (klogd)]: family:1, type:1, protocol:0
[   14.669233] firmadyne: sys_socket[PID: 114 (klogd)]: family:1, type:2, protocol:0
[   14.680054] firmadyne: sys_socket[PID: 114 (klogd)]: family:1, type:1, protocol:0
[   14.681541] firmadyne: sys_socket[PID: 114 (klogd)]: family:1, type:2, protocol:0
[   14.691959] firmadyne: sys_socket[PID: 114 (klogd)]: family:1, type:1, protocol:0
[   14.693424] firmadyne: sys_socket[PID: 114 (klogd)]: family:1, type:2, protocol:0
[   14.703909] firmadyne: sys_socket[PID: 114 (klogd)]: family:1, type:1, protocol:0
[   14.705371] firmadyne: sys_socket[PID: 114 (klogd)]: family:1, type:2, protocol:0
[   14.708799] firmadyne: sys_socket[PID: 114 (klogd)]: family:1, type:1, protocol:0
[   14.710489] firmadyne: sys_socket[PID: 114 (klogd)]: family:1, type:2, protocol:0
[   14.713444] firmadyne: sys_socket[PID: 114 (klogd)]: family:1, type:1, protocol:0
[   14.726503] firmadyne: sys_socket[PID: 114 (klogd)]: family:1, type:2, protocol:0
[   14.729414] firmadyne: sys_socket[PID: 114 (klogd)]: family:1, type:1, protocol:0
nvram_init: Initializing NVRAM...
sem_get: Key: 41012003
[   14.738731] firmadyne: sys_socket[PID: 114 (klogd)]: family:1, type:2, protocol:0
[   14.741928] firmadyne: sys_socket[PID: 114 (klogd)]: family:1, type:1, protocol:0
[   14.743602] firmadyne: sys_socket[PID: 114 (klogd)]: family:1, type:2, protocol:0
[   14.746784] firmadyne: sys_socket[PID: 114 (klogd)]: family:1, type:1, protocol:0
[   14.748245] firmadyne: sys_socket[PID: 114 (klogd)]: family:1, type:2, protocol:0
[   14.758012] firmadyne: sys_socket[PID: 114 (klogd)]: family:1, type:1, protocol:0
[   14.759504] firmadyne: sys_socket[PID: 114 (klogd)]: family:1, type:2, protocol:0
sem_get: Key: 410f00aa
nvram_set_default_builtin: Setting built-in default values!
[   14.770759] firmadyne: sys_socket[PID: 114 (klogd)]: family:1, type:1, protocol:0
[   14.772269] firmadyne: sys_socket[PID: 114 (klogd)]: family:1, type:2, protocol:0
nvram_set: console_loglevel = "7"
sem_get: Key: 410f00aa
[   14.783535] firmadyne: sys_socket[PID: 114 (klogd)]: family:1, type:1, protocol:0
[   14.785014] firmadyne: sys_socket[PID: 114 (klogd)]: family:1, type:2, protocol:0
[   14.789225] firmadyne: sys_socket[PID: 114 (klogd)]: family:1, type:1, protocol:0
[   14.790974] firmadyne: sys_socket[PID: 114 (klogd)]: family:1, type:2, protocol:0
sem_get: Key: 410f00aa
nvram_set: restore_defaults = "1"
sem_get[   14.802285] firmadyne: sys_socket[PID: 114 (klogd)]: family:1, type:1, protocol:0
[   14.803790] firmadyne: sys_socket[PID: 114 (klogd)]: family:1, type:2, protocol:0
: Key: 410f00aa
sem_get: Key: 410f00aa[   14.811396] firmadyne: sys_socket[PID: 114 (klogd)]: family:1, type:1, protocol:0
[   14.812895] firmadyne: sys_socket[PID: 114 (klogd)]: family:1, type:2, protocol:0

nvram_set: sku_name = "[   14.819963] firmadyne: sys_socket[PID: 114 (klogd)]: family:1, type:1, protocol:0
[   14.821420] firmadyne: sys_socket[PID: 114 (klogd)]: family:1, type:2, protocol:0
"
sem_get: Key: 410f00aa
sem_get: Key: 410f00aa
[   14.831924] firmadyne: sys_socket[PID: 114 (klogd)]: family:1, type:1, protocol:0
[   14.833390] firmadyne: sys_socket[PID: 114 (klogd)]: family:1, type:2, protocol:0
nvram_set: wla_wlanstate = ""
sem_get: Key: 410f00aa
sem_get: Key: 410f00aa
[   14.844832] firmadyne: sys_socket[PID: 114 (klogd)]: family:1, type:1, protocol:0
[   14.846743] firmadyne: sys_socket[PID: 114 (klogd)]: family:1, type:2, protocol:0
[   14.849652] firmadyne: sys_socket[PID: 114 (klogd)]: family:1, type:1, protocol:0
nvram_set: lan_if = "br0"
sem_get: Key: 410f00aa
[   14.858607] firmadyne: sys_socket[PID: 114 (klogd)]: family:1, type:2, protocol:0
[   14.861576] firmadyne: sys_socket[PID: 114 (klogd)]: family:1, type:1, protocol:0
[   14.863477] firmadyne: sys_socket[PID: 114 (klogd)]: family:1, type:2, protocol:0
[   14.866643] firmadyne: sys_socket[PID: 114 (klogd)]: family:1, type:1, protocol:0
[   14.868105] firmadyne: sys_socket[PID: 114 (klogd)]: family:1, type:2, protocol:0
sem_get: Key: 410f00aa
nvram_set: lan_ipaddr = "192.168.0.50"
sem_get: Key: 410f00aa[   14.879298] firmadyne: sys_socket[PID: 114 (klogd)]: family:1, type:1, protocol:0
[   14.880789] firmadyne: sys_socket[PID: 114 (klogd)]: family:1, type:2, protocol:0

sem_get: Key: 410f00aa
[   14.888148] firmadyne: sys_socket[PID: 114 (klogd)]: family:1, type:1, protocol:0
[   14.889650] firmadyne: sys_socket[PID: 114 (klogd)]: family:1, type:2, protocol:0
nvram_set: lan_bipaddr = "192.168.0.255"
sem_get: Key: 410f00aa
[   14.899935] firmadyne: sys_socket[PID: 114 (klogd)]: family:1, type:1, protocol:0
[   14.901405] firmadyne: sys_socket[PID: 114 (klogd)]: family:1, type:2, protocol:0
sem_get: Key: 410f00aa
nvram_set: lan_netmask = "255.255.255.0"
[   14.911917] firmadyne: sys_socket[PID: 114 (klogd)]: family:1, type:1, protocol:0
[   14.913373] firmadyne: sys_socket[PID: 114 (klogd)]: family:1, type:2, protocol:0
[   14.916806] firmadyne: sys_socket[PID: 114 (klogd)]: family:1, type:1, protocol:0
[   14.918492] firmadyne: sys_socket[PID: 114 (klogd)]: family:1, type:2, protocol:0
[   14.921342] firmadyne: sys_socket[PID: 114 (klogd)]: family:1, type:1, protocol:0
sem_get: Key: 410f00aa
sem_get: Key: 410f00aa
nvram_set: time_zone = "PST8PDT"
sem_get: Key: 410f00aa
[   14.934541] firmadyne: sys_socket[PID: 114 (klogd)]: family:1, type:2, protocol:0
[   14.937414] firmadyne: sys_socket[PID: 114 (klogd)]: family:1, type:1, protocol:0
sem_get: Key: 410f00aa
nvram_set: wan_hwaddr_def = "01:23:45:67:89:ab"
[   14.946957] firmadyne: sys_socket[PID: 114 (klogd)]: family:1, type:2, protocol:0
[   14.950177] firmadyne: sys_socket[PID: 114 (klogd)]: family:1, type:1, protocol:0
[   14.951639] firmadyne: sys_socket[PID: 114 (klogd)]: family:1, type:2, protocol:0
sem_get: Key: 410f00aa
sem_get[   14.958927] firmadyne: sys_socket[PID: 114 (klogd)]: family:1, type:1, protocol:0
[   14.960434] firmadyne: sys_socket[PID: 114 (klogd)]: family:1, type:2, protocol:0
: Key: 410f00aa
nvram_set: wan_ifname[   14.967919] firmadyne: sys_socket[PID: 114 (klogd)]: family:1, type:1, protocol:0
[   14.969390] firmadyne: sys_socket[PID: 114 (klogd)]: family:1, type:2, protocol:0
 = "eth0"
sem_get: Key: 410f00aa
[   14.977352] firmadyne: sys_socket[PID: 114 (klogd)]: family:1, type:1, protocol:0
sem_get: Key: 410f00aa
[   14.982832] firmadyne: sys_socket[PID: 114 (klogd)]: family:1, type:2, protocol:0
nvram_set: lan_ifnames = "eth1 eth2 eth3 eth4"
[   14.990503] firmadyne: sys_socket[PID: 114 (klogd)]: family:1, type:1, protocol:0
[   14.992009] firmadyne: sys_socket[PID: 114 (klogd)]: family:1, type:2, protocol:0
sem_get: Key: 410f00aa
[   14.999144] firmadyne: sys_socket[PID: 114 (klogd)]: family:1, type:1, protocol:0
[   15.000648] firmadyne: sys_socket[PID: 114 (klogd)]: family:1, type:2, protocol:0
sem_get: Key: 410f00aa
nvram_set: [   15.007994] firmadyne: sys_socket[PID: 114 (klogd)]: family:1, type:1, protocol:0
[   15.009459] firmadyne: sys_socket[PID: 114 (klogd)]: family:1, type:2, protocol:0
ethConver = "1"
sem_get: Key: 410f00aa
sem_get: Key: 410f00aa
[   15.019941] firmadyne: sys_socket[PID: 114 (klogd)]: family:1, type:1, protocol:0
[   15.021408] firmadyne: sys_socket[PID: 114 (klogd)]: family:1, type:2, protocol:0
nvram_set: lan_proto = "dhcp"
sem_get: Key: 410f00aa
[   15.032185] firmadyne: sys_socket[PID: 114 (klogd)]: family:1, type:1, protocol:0
[   15.033896] firmadyne: sys_socket[PID: 114 (klogd)]: family:1, type:2, protocol:0
[   15.036936] firmadyne: sys_socket[PID: 114 (klogd)]: family:1, type:1, protocol:0
[   15.038659] firmadyne: sys_socket[PID: 114 (klogd)]: family:1, type:2, protocol:0
[   15.041484] firmadyne: sys_socket[PID: 114 (klogd)]: family:1, type:1, protocol:0
sem_get: Key: 410f00aa
nvram_set: wan_ipaddr = "0.0.0.0"
sem_get[   15.050495] firmadyne: sys_socket[PID: 114 (klogd)]: family:1, type:2, protocol:0
[   15.053376] firmadyne: sys_socket[PID: 114 (klogd)]: family:1, type:1, protocol:0
: Key: 410f00aa
sem_get[   15.058886] firmadyne: sys_socket[PID: 114 (klogd)]: family:1, type:2, protocol:0
: Key: 410f00aa
nvram_set: wan_netmask[   15.066233] firmadyne: sys_socket[PID: 114 (klogd)]: family:1, type:1, protocol:0
[   15.067740] firmadyne: sys_socket[PID: 114 (klogd)]: family:1, type:2, protocol:0
 = "255.255.255.0"
sem_get: Key: 410f00aa
[   15.074965] firmadyne: sys_socket[PID: 114 (klogd)]: family:1, type:1, protocol:0
[   15.076470] firmadyne: sys_socket[PID: 114 (klogd)]: family:1, type:2, protocol:0
sem_get: Key: 410f00aa
[   15.083574] firmadyne: sys_socket[PID: 114 (klogd)]: family:1, type:1, protocol:0
[   15.085033] firmadyne: sys_socket[PID: 114 (klogd)]: family:1, type:2, protocol:0
nvram_set: wanif = "eth0"
sem_get: Key: 410f00aa
sem_get: Key: 410f00aa[   15.096246] firmadyne: sys_socket[PID: 114 (klogd)]: family:1, type:1, protocol:0

nvram_set: time_zone_x = "0[   15.102224] firmadyne: sys_socket[PID: 114 (klogd)]: family:1, type:2, protocol:0
[   15.105141] firmadyne: sys_socket[PID: 114 (klogd)]: family:1, type:1, protocol:0
"
sem_get: Key: 410f00aa
[   15.110466] firmadyne: sys_socket[PID: 114 (klogd)]: family:1, type:2, protocol:0
[   15.113332] firmadyne: sys_socket[PID: 114 (klogd)]: family:1, type:1, protocol:0
sem_get: Key: 410f00aa
nvram_set: rip_multicast = "0"
sem_get[   15.122718] firmadyne: sys_socket[PID: 114 (klogd)]: family:1, type:2, protocol:0
[   15.125623] firmadyne: sys_socket[PID: 114 (klogd)]: family:1, type:1, protocol:0
[   15.127521] firmadyne: sys_socket[PID: 114 (klogd)]: family:1, type:2, protocol:0
[   15.130615] firmadyne: sys_socket[PID: 114 (klogd)]: family:1, type:1, protocol:0
[   15.132064] firmadyne: sys_socket[PID: 114 (klogd)]: family:1, type:2, protocol:0
: Key: 410f00aa
sem_get: Key: 410f00aa
nvram_set: bs_trustedip_enable = "[   15.143199] firmadyne: sys_socket[PID: 114 (klogd)]: family:1, type:1, protocol:0
[   15.144687] firmadyne: sys_socket[PID: 114 (klogd)]: family:1, type:2, protocol:0
0"
sem_get: Key: 410f00aa
[   15.152012] firmadyne: sys_socket[PID: 114 (klogd)]: family:1, type:1, protocol:0
[   15.153490] firmadyne: sys_socket[PID: 114 (klogd)]: family:1, type:2, protocol:0
sem_get: Key: 410f00aa
nvram_set: et0macaddr = "01:23:45:67:89:ab"
sem_get[   15.163997] firmadyne: sys_socket[PID: 114 (klogd)]: family:1, type:1, protocol:0
[   15.165479] firmadyne: sys_socket[PID: 114 (klogd)]: family:1, type:2, protocol:0
: Key: 410f00aa
sem_get: Key: 410f00aa
nvram_set: filter_rule_tbl[   15.177404] firmadyne: sys_socket[PID: 114 (klogd)]: family:1, type:1, protocol:0
[   15.179385] firmadyne: sys_socket[PID: 114 (klogd)]: family:1, type:2, protocol:0
[   15.182502] firmadyne: sys_socket[PID: 114 (klogd)]: family:1, type:1, protocol:0
[   15.183958] firmadyne: sys_socket[PID: 114 (klogd)]: family:1, type:2, protocol:0
 = ""
sem_get: Key: 410f00aa
[   15.191128] firmadyne: sys_socket[PID: 114 (klogd)]: family:1, type:1, protocol:0
[   15.192623] firmadyne: sys_socket[PID: 114 (klogd)]: family:1, type:2, protocol:0
sem_get: Key: 410f00aa
nvram_set: pppoe2_schedule_config = "127:0:0:23:59"
sem_get: Key: [   15.203600] firmadyne: sys_socket[PID: 114 (klogd)]: family:1, type:1, protocol:0
[   15.205066] firmadyne: sys_socket[PID: 114 (klogd)]: family:1, type:2, protocol:0
410f00aa
sem_get: Key: [   15.211863] firmadyne: sys_socket[PID: 114 (klogd)]: family:1, type:1, protocol:0
[   15.213325] firmadyne: sys_socket[PID: 114 (klogd)]: family:1, type:2, protocol:0
410f00aa
nvram_set: [   15.220018] firmadyne: sys_socket[PID: 114 (klogd)]: family:1, type:1, protocol:0
[   15.221501] firmadyne: sys_socket[PID: 114 (klogd)]: family:1, type:2, protocol:0
schedule_config = "127:0:0:23:59"
sem_get: Key: 410f00aa
sem_get: Key: 410f00aa
[   15.231994] firmadyne: sys_socket[PID: 114 (klogd)]: family:1, type:1, protocol:0
[   15.233477] firmadyne: sys_socket[PID: 114 (klogd)]: family:1, type:2, protocol:0
nvram_set: access_control_mode = "0"
sem_get: Key: 410f00aa
[   15.243920] firmadyne: sys_socket[PID: 114 (klogd)]: family:1, type:1, protocol:0
[   15.245551] firmadyne: sys_socket[PID: 114 (klogd)]: family:1, type:2, protocol:0
[   15.248831] firmadyne: sys_socket[PID: 114 (klogd)]: family:1, type:1, protocol:0
[   15.250522] firmadyne: sys_socket[PID: 114 (klogd)]: family:1, type:2, protocol:0
[   15.253336] firmadyne: sys_socket[PID: 114 (klogd)]: family:1, type:1, protocol:0
sem_get: Key: 410f00aa
nvram_set: fwpt_df_count = "0"
sem_get[   15.262719] firmadyne: sys_socket[PID: 114 (klogd)]: family:1, type:2, protocol:0
[   15.265626] firmadyne: sys_socket[PID: 114 (klogd)]: family:1, type:1, protocol:0
: Key: 410f00aa
sem_get: Key: 410f00aa
nvram_set: [   15.274411] firmadyne: sys_socket[PID: 114 (klogd)]: family:1, type:2, protocol:0
[   15.277294] firmadyne: sys_socket[PID: 114 (klogd)]: family:1, type:1, protocol:0
static_if_status = "1"
sem_get: Key: 410f00aa[   15.282757] firmadyne: sys_socket[PID: 114 (klogd)]: family:1, type:2, protocol:0
[   15.285662] firmadyne: sys_socket[PID: 114 (klogd)]: family:1, type:1, protocol:0

sem_get: Key: 410f00aa
nvram_set: www_relocation = "[   15.294589] firmadyne: sys_socket[PID: 114 (klogd)]: family:1, type:2, protocol:0
[   15.297483] firmadyne: sys_socket[PID: 114 (klogd)]: family:1, type:1, protocol:0
"
sem_get: Key: 410f00aa
sem_get: Key: 410f00aa
[   15.306440] firmadyne: sys_socket[PID: 114 (klogd)]: family:1, type:2, protocol:0
[   15.309316] firmadyne: sys_socket[PID: 114 (klogd)]: family:1, type:1, protocol:0
[   15.311288] firmadyne: sys_socket[PID: 114 (klogd)]: family:1, type:2, protocol:0
[   15.314386] firmadyne: sys_socket[PID: 114 (klogd)]: family:1, type:1, protocol:0
[   15.315845] firmadyne: sys_socket[PID: 114 (klogd)]: family:1, type:2, protocol:0
nvram_set: usb_info_dev0 = "A200396E0402FF83@1@14.4G@U@1@USB_Storage;U:;0;0@"
sem_get: Key: 410f00aa
sem_get: Key: [   15.327018] firmadyne: sys_socket[PID: 114 (klogd)]: family:1, type:1, protocol:0
[   15.328531] firmadyne: sys_socket[PID: 114 (klogd)]: family:1, type:2, protocol:0
410f00aa
nvram_set: usb_info_dev1[   15.335876] firmadyne: sys_socket[PID: 114 (klogd)]: family:1, type:1, protocol:0
[   15.337340] firmadyne: sys_socket[PID: 114 (klogd)]: family:1, type:2, protocol:0
 = "A200396E0402FF83@1@14.4G@U@1@USB_Storage;U:;0;0@"
sem_get: Key: 410f00aa[   15.344177] firmadyne: sys_socket[PID: 114 (klogd)]: family:1, type:1, protocol:0
[   15.345669] firmadyne: sys_socket[PID: 114 (klogd)]: family:1, type:2, protocol:0

sem_get: Key: 410f00aa
nvram_set: usb_info_dev2 = "[   15.356240] firmadyne: sys_socket[PID: 114 (klogd)]: family:1, type:1, protocol:0
A200396E0402FF83@1@14.4G@U@1@USB_Storage;U:;0;0@"
sem_get: Key: 410f00aa
[   15.362091] firmadyne: sys_socket[PID: 114 (klogd)]: family:1, type:2, protocol:0
[   15.365016] firmadyne: sys_socket[PID: 114 (klogd)]: family:1, type:1, protocol:0
sem_get: Key: 410f00aa
[   15.370451] firmadyne: sys_socket[PID: 114 (klogd)]: family:1, type:2, protocol:0
[   15.373338] firmadyne: sys_socket[PID: 114 (klogd)]: family:1, type:1, protocol:0
nvram_set: usb_info_dev3 = "A200396E0402FF83@1@14.4G@U@1@USB_Storage;U:;0;0@"
sem_get: Key: 410f00aa
[   15.382628] firmadyne: sys_socket[PID: 114 (klogd)]: family:1, type:2, protocol:0
[   15.385667] firmadyne: sys_socket[PID: 114 (klogd)]: family:1, type:1, protocol:0
sem_get: Key: 410f00aa
nvram_set: usb_info_dev4 = "A200396E0402FF83@1@14.4G@U@1@USB_Storage;U:;0;0@[   15.395004] firmadyne: sys_socket[PID: 114 (klogd)]: family:1, type:2, protocol:0
[   15.398358] firmadyne: sys_socket[PID: 114 (klogd)]: family:1, type:1, protocol:0
[   15.399820] firmadyne: sys_socket[PID: 114 (klogd)]: family:1, type:2, protocol:0
"
sem_get: Key: 410f00aa
sem_get: Key: 410f00aa
nvram_set: usb_info_dev5 = "A200396E0402FF83@1@14.4G@U@1@USB_Storage;U:;0;0@"
sem_get: Key: 410f00aa
sem_get[   15.434384] firmadyne: sys_socket[PID: 114 (klogd)]: family:1, type:1, protocol:0
[   15.435893] firmadyne: sys_socket[PID: 114 (klogd)]: family:1, type:2, protocol:0
: Key: 410f00aa
nvram_set: usb_info_dev6[   15.443688] firmadyne: sys_socket[PID: 114 (klogd)]: family:1, type:1, protocol:0
[   15.445160] firmadyne: sys_socket[PID: 114 (klogd)]: family:1, type:2, protocol:0
 = "A200396E0402FF83@1@14.4G@U@1@USB_Storage;U:;0;0@"
sem_get: Key: 410f00aa[   15.451907] firmadyne: sys_socket[PID: 114 (klogd)]: family:1, type:1, protocol:0
[   15.453361] firmadyne: sys_socket[PID: 114 (klogd)]: family:1, type:2, protocol:0

sem_get: Key: 410f00aa[   15.460353] firmadyne: sys_socket[PID: 114 (klogd)]: family:1, type:1, protocol:0

nvram_set: usb_info_dev7 = "[   15.466117] firmadyne: sys_socket[PID: 114 (klogd)]: family:1, type:2, protocol:0
[   15.469074] firmadyne: sys_socket[PID: 114 (klogd)]: family:1, type:1, protocol:0
A200396E0402FF83@1@14.4G@U@1@USB_Storage;U:;0;0@"
sem_get: Key: 410f00aa
sem_get: Key: 410f00aa
[   15.478431] firmadyne: sys_socket[PID: 114 (klogd)]: family:1, type:2, protocol:0
[   15.481322] firmadyne: sys_socket[PID: 114 (klogd)]: family:1, type:1, protocol:0
nvram_set: usb_info_dev8 = "A200396E0402FF83@1@14.4G@U@1@USB_Storage;U:;0;0@"
sem_get: Key: 410f00aa
[   15.490562] firmadyne: sys_socket[PID: 114 (klogd)]: family:1, type:2, protocol:0
[   15.493471] firmadyne: sys_socket[PID: 114 (klogd)]: family:1, type:1, protocol:0
[   15.495372] firmadyne: sys_socket[PID: 114 (klogd)]: family:1, type:2, protocol:0
[   15.498557] firmadyne: sys_socket[PID: 114 (klogd)]: family:1, type:1, protocol:0
[   15.500014] firmadyne: sys_socket[PID: 114 (klogd)]: family:1, type:2, protocol:0
sem_get: Key: 410f00aa
nvram_set: usb_info_dev9 = "A200396E0402FF83@1@14.4G@U@1@USB_Storage;U:;0;0@"
sem_get: Key: 410f00aa[   15.511342] firmadyne: sys_socket[PID: 114 (klogd)]: family:1, type:1, protocol:0
[   15.512832] firmadyne: sys_socket[PID: 114 (klogd)]: family:1, type:2, protocol:0

sem_get: Key: 410f00aa
nvram_set[   15.524329] firmadyne: sys_socket[PID: 114 (klogd)]: family:1, type:1, protocol:0
[   15.526231] firmadyne: sys_socket[PID: 114 (klogd)]: family:1, type:2, protocol:0
[   15.529160] firmadyne: sys_socket[PID: 114 (klogd)]: family:1, type:1, protocol:0
: usb_info_dev10 = "A200396E0402FF83@1@14.4G@U@1@USB_Storage;U:;0;0@"
sem_get: Key: 410f00aa
sem_get: Key: 410f00aa[   15.538426] firmadyne: sys_socket[PID: 114 (klogd)]: family:1, type:2, protocol:0
[   15.541363] firmadyne: sys_socket[PID: 114 (klogd)]: family:1, type:1, protocol:0

nvram_set: usb_info_dev11 = "A200396E0402FF83@1@14.4G@U@1@USB_Storage;U:;0;0@"
sem_get: Key: 410f00aa
[   15.550564] firmadyne: sys_socket[PID: 114 (klogd)]: family:1, type:2, protocol:0
[   15.553548] firmadyne: sys_socket[PID: 114 (klogd)]: family:1, type:1, protocol:0
[   15.555476] firmadyne: sys_socket[PID: 114 (klogd)]: family:1, type:2, protocol:0
[   15.558658] firmadyne: sys_socket[PID: 114 (klogd)]: family:1, type:1, protocol:0
[   15.560108] firmadyne: sys_socket[PID: 114 (klogd)]: family:1, type:2, protocol:0
sem_get: Key: 410f00aa
nvram_set: usb_info_dev12 = "A200396E0402FF83@1@14.4G@U@1@USB_Storage;U:;0;0@"
[   15.571284] firmadyne: sys_socket[PID: 114 (klogd)]: family:1, type:1, protocol:0
[   15.572776] firmadyne: sys_socket[PID: 114 (klogd)]: family:1, type:2, protocol:0
sem_get: Key: 410f00aa
sem_get: Key: 410f00aa
[   15.583961] firmadyne: sys_socket[PID: 114 (klogd)]: family:1, type:1, protocol:0
[   15.585438] firmadyne: sys_socket[PID: 114 (klogd)]: family:1, type:2, protocol:0
nvram_set: usb_info_dev13 = "A200396E0402FF83@1@14.4G@U@1@USB_Storage;U:;0;0@"
sem_get: Key: 410f00aa
[   15.596118] firmadyne: sys_socket[PID: 114 (klogd)]: family:1, type:1, protocol:0
[   15.597636] firmadyne: sys_socket[PID: 114 (klogd)]: family:1, type:2, protocol:0
[   15.600968] firmadyne: sys_socket[PID: 114 (klogd)]: family:1, type:1, protocol:0
[   15.602671] firmadyne: sys_socket[PID: 114 (klogd)]: family:1, type:2, protocol:0
[   15.605586] firmadyne: sys_socket[PID: 114 (klogd)]: family:1, type:1, protocol:0
sem_get: Key: 410f00aa
nvram_set: usb_info_dev14 = "A200396E0402FF83@1@14.4G@U@1@USB_Storage;U:;0;0@"
sem_get[   15.614726] firmadyne: sys_socket[PID: 114 (klogd)]: family:1, type:2, protocol:0
: Key: 410f00aa
sem_get: Key: 410f00aa[   15.622373] firmadyne: sys_socket[PID: 114 (klogd)]: family:1, type:1, protocol:0
[   15.623875] firmadyne: sys_socket[PID: 114 (klogd)]: family:1, type:2, protocol:0

nvram_set: usb_info_dev15 = "[   15.631122] firmadyne: sys_socket[PID: 114 (klogd)]: family:1, type:1, protocol:0
[   15.632631] firmadyne: sys_socket[PID: 114 (klogd)]: family:1, type:2, protocol:0
A200396E0402FF83@1@14.4G@U@1@USB_Storage;U:;0;0@"
sem_get: Key: 410f00aa
[   15.639962] firmadyne: sys_socket[PID: 114 (klogd)]: family:1, type:1, protocol:0
[   15.641422] firmadyne: sys_socket[PID: 114 (klogd)]: family:1, type:2, protocol:0
sem_get: Key: 410f00aa
nvram_set: usb_info_dev16 = "A200396E0402FF83@1@14.4G@U@1@USB_Storage;U:;0;0@"
[   15.652153] firmadyne: sys_socket[PID: 114 (klogd)]: family:1, type:1, protocol:0
[   15.653653] firmadyne: sys_socket[PID: 114 (klogd)]: family:1, type:2, protocol:0
sem_get: Key: 410f00aa
sem_get: Key: 410f00aa
[   15.663938] firmadyne: sys_socket[PID: 114 (klogd)]: family:1, type:1, protocol:0
[   15.665404] firmadyne: sys_socket[PID: 114 (klogd)]: family:1, type:2, protocol:0
[   15.668874] firmadyne: sys_socket[PID: 114 (klogd)]: family:1, type:1, protocol:0
[   15.670582] firmadyne: sys_socket[PID: 114 (klogd)]: family:1, type:2, protocol:0
[   15.673528] firmadyne: sys_socket[PID: 114 (klogd)]: family:1, type:1, protocol:0
nvram_set: usb_info_dev17 = "A200396E0402FF83@1@14.4G@U@1@USB_Storage;U:;0;0@"
sem_get: Key: 410f00aa
sem_get: Key: 410f00aa
nvram_set: [   15.686404] firmadyne: sys_socket[PID: 114 (klogd)]: family:1, type:2, protocol:0
[   15.689331] firmadyne: sys_socket[PID: 114 (klogd)]: family:1, type:1, protocol:0
usb_info_dev18 = "A200396E0402FF83@1@14.4G@U@1@USB_Storage;U:;0;0@"
sem_get: Key: [   15.694706] firmadyne: sys_socket[PID: 114 (klogd)]: family:1, type:2, protocol:0
[   15.697683] firmadyne: sys_socket[PID: 114 (klogd)]: family:1, type:1, protocol:0
410f00aa
sem_get: Key: 410f00aa
nvram_set: usb_info_dev19[   15.706874] firmadyne: sys_socket[PID: 114 (klogd)]: family:1, type:2, protocol:0
[   15.710201] firmadyne: sys_socket[PID: 114 (klogd)]: family:1, type:1, protocol:0
[   15.711665] firmadyne: sys_socket[PID: 114 (klogd)]: family:1, type:2, protocol:0
 = "A200396E0402FF83@1@14.4G@U@1@USB_Storage;U:;0;0@"
sem_get: Key: 410f00aa
[   15.719204] firmadyne: sys_socket[PID: 114 (klogd)]: family:1, type:1, protocol:0
[   15.720712] firmadyne: sys_socket[PID: 114 (klogd)]: family:1, type:2, protocol:0
sem_get: Key: 410f00aa
[   15.727979] firmadyne: sys_socket[PID: 114 (klogd)]: family:1, type:1, protocol:0
[   15.729440] firmadyne: sys_socket[PID: 114 (klogd)]: family:1, type:2, protocol:0
nvram_set: usb_info_dev20 = "A200396E0402FF83@1@14.4G@U@1@USB_Storage;U:;0;0@"
sem_get: Key: 410f00aa
[   15.740052] firmadyne: sys_socket[PID: 114 (klogd)]: family:1, type:1, protocol:0
[   15.741534] firmadyne: sys_socket[PID: 114 (klogd)]: family:1, type:2, protocol:0
sem_get: Key: 410f00aa
nvram_set: usb_info_dev21 = "A200396E0402FF83@1@14.4G@U@1@USB_Storage;U:;0;0@"
sem_get[   15.752248] firmadyne: sys_socket[PID: 114 (klogd)]: family:1, type:1, protocol:0
[   15.754147] firmadyne: sys_socket[PID: 114 (klogd)]: family:1, type:2, protocol:0
[   15.757087] firmadyne: sys_socket[PID: 114 (klogd)]: family:1, type:1, protocol:0
: Key: 410f00aa
sem_get: Key: [   15.762855] firmadyne: sys_socket[PID: 114 (klogd)]: family:1, type:2, protocol:0
410f00aa
nvram_set: usb_info_dev22[   15.770148] firmadyne: sys_socket[PID: 114 (klogd)]: family:1, type:1, protocol:0
[   15.771655] firmadyne: sys_socket[PID: 114 (klogd)]: family:1, type:2, protocol:0
 = "A200396E0402FF83@1@14.4G@U@1@USB_Storage;U:;0;0@"
sem_get: Key: 410f00aa
sem_get: Key: 410f00aa
[   15.783313] firmadyne: sys_socket[PID: 114 (klogd)]: family:1, type:1, protocol:0
[   15.784835] firmadyne: sys_socket[PID: 114 (klogd)]: family:1, type:2, protocol:0
[   15.788389] firmadyne: sys_socket[PID: 114 (klogd)]: family:1, type:1, protocol:0
nvram_set: usb_info_dev23 = "A200396E0402FF83@1@14.4G@U@1@USB_Storage;U:;0;0@[   15.794483] firmadyne: sys_socket[PID: 114 (klogd)]: family:1, type:2, protocol:0
[   15.797528] firmadyne: sys_socket[PID: 114 (klogd)]: family:1, type:1, protocol:0
"
sem_get: Key: 410f00aa
sem_get: Key: 410f00aa
[   15.806431] firmadyne: sys_socket[PID: 114 (klogd)]: family:1, type:2, protocol:0
[   15.809400] firmadyne: sys_socket[PID: 114 (klogd)]: family:1, type:1, protocol:0
nvram_set: usb_info_dev24 = "A200396E0402FF83@1@14.4G@U@1@USB_Storage;U:;0;0@"
sem_get: Key: 410f00aa
sem_get[   15.818883] firmadyne: sys_socket[PID: 114 (klogd)]: family:1, type:2, protocol:0
[   15.822200] firmadyne: sys_socket[PID: 114 (klogd)]: family:1, type:1, protocol:0
[   15.823664] firmadyne: sys_socket[PID: 114 (klogd)]: family:1, type:2, protocol:0
: Key: 410f00aa
nvram_set: usb_info_dev25[   15.831234] firmadyne: sys_socket[PID: 114 (klogd)]: family:1, type:1, protocol:0
[   15.832735] firmadyne: sys_socket[PID: 114 (klogd)]: family:1, type:2, protocol:0
 = "A200396E0402FF83@1@14.4G@U@1@USB_Storage;U:;0;0@"
sem_get: Key: 410f00aa
[   15.839963] firmadyne: sys_socket[PID: 114 (klogd)]: family:1, type:1, protocol:0
[   15.841420] firmadyne: sys_socket[PID: 114 (klogd)]: family:1, type:2, protocol:0
sem_get: Key: 410f00aa
nvram_set: usb_info_dev26 = "A200396E0402FF83@1@14.4G@U@1@USB_Storage;U:;0;0@[   15.852417] firmadyne: sys_socket[PID: 114 (klogd)]: family:1, type:1, protocol:0
[   15.854311] firmadyne: sys_socket[PID: 114 (klogd)]: family:1, type:2, protocol:0
[   15.857239] firmadyne: sys_socket[PID: 114 (klogd)]: family:1, type:1, protocol:0
"
sem_get: Key: 410f00aa
[   15.862431] firmadyne: sys_socket[PID: 114 (klogd)]: family:1, type:2, protocol:0
[   15.865406] firmadyne: sys_socket[PID: 114 (klogd)]: family:1, type:1, protocol:0
sem_get: Key: 410f00aa
nvram_set: usb_info_dev27 = "A200396E0402FF83@1@14.4G@U@1@USB_Storage;U:;0;0@"
[   15.874873] firmadyne: sys_socket[PID: 114 (klogd)]: family:1, type:2, protocol:0
sem_get: Key: 410f00aa
[   15.882773] firmadyne: sys_socket[PID: 114 (klogd)]: family:1, type:1, protocol:0
[   15.884283] firmadyne: sys_socket[PID: 114 (klogd)]: family:1, type:2, protocol:0
sem_get: Key: 410f00aa
[   15.891577] firmadyne: sys_socket[PID: 114 (klogd)]: family:1, type:1, protocol:0
[   15.893056] firmadyne: sys_socket[PID: 114 (klogd)]: family:1, type:2, protocol:0
nvram_set: usb_info_dev28 = "A200396E0402FF83@1@14.4G@U@1@USB_Storage;U:;0;0@"
[   15.899952] firmadyne: sys_socket[PID: 114 (klogd)]: family:1, type:1, protocol:0
[   15.901412] firmadyne: sys_socket[PID: 114 (klogd)]: family:1, type:2, protocol:0
sem_get: Key: 410f00aa
sem_get: Key: 410f00aa
nvram_set[   15.912298] firmadyne: sys_socket[PID: 114 (klogd)]: family:1, type:1, protocol:0
: usb_info_dev29 = "A200396E0402FF83@1@14.4G@U@1@USB_Storage;U:;0;0@"
sem_get: Key: 410f00aa[   15.918337] firmadyne: sys_socket[PID: 114 (klogd)]: family:1, type:2, protocol:0
[   15.921353] firmadyne: sys_socket[PID: 114 (klogd)]: family:1, type:1, protocol:0

sem_get: Key: 410f00aa[   15.926840] firmadyne: sys_socket[PID: 114 (klogd)]: family:1, type:2, protocol:0

nvram_set: usb_info_dev30 = "A200396E0402FF83@1@14.4G@U@1@USB_Storage;U:;0;0@"
sem_get: Key: 410f00aa
sem_get: Key: 410f00aa
nvram_set: usb_info_dev31[   15.954484] firmadyne: sys_socket[PID: 114 (klogd)]: family:1, type:1, protocol:0
[   15.955992] firmadyne: sys_socket[PID: 114 (klogd)]: family:1, type:2, protocol:0
 = "A200396E0402FF83@1@14.4G@U@1@USB_Storage;U:;0;0@"
sem_get: Key: 410f00aa
[   15.963276] firmadyne: sys_socket[PID: 114 (klogd)]: family:1, type:1, protocol:0
[   15.964761] firmadyne: sys_socket[PID: 114 (klogd)]: family:1, type:2, protocol:0
sem_get: Key: 410f00aa
[   15.971966] firmadyne: sys_socket[PID: 114 (klogd)]: family:1, type:1, protocol:0
[   15.973480] firmadyne: sys_socket[PID: 114 (klogd)]: family:1, type:2, protocol:0
nvram_set: usb_info_dev32 = "A200396E0402FF83@1@14.4G@U@1@USB_Storage;U:;0;0@"
sem_get: Key: 410f00aa
[   15.984252] firmadyne: sys_socket[PID: 114 (klogd)]: family:1, type:1, protocol:0
sem_get: Key: 410f00aa
[   15.990019] firmadyne: sys_socket[PID: 114 (klogd)]: family:1, type:2, protocol:0
[   15.993069] firmadyne: sys_socket[PID: 114 (klogd)]: family:1, type:1, protocol:0
nvram_set: usb_info_dev33 = "A200396E0402FF83@1@14.4G@U@1@USB_Storage;U:;0;0@[   15.998896] firmadyne: sys_socket[PID: 114 (klogd)]: family:1, type:2, protocol:0
"
sem_get: Key: 410f00aa
[   16.006214] firmadyne: sys_socket[PID: 114 (klogd)]: family:1, type:1, protocol:0
[   16.007724] firmadyne: sys_socket[PID: 114 (klogd)]: family:1, type:2, protocol:0
sem_get: Key: 410f00aa
nvram_set[   16.015054] firmadyne: sys_socket[PID: 114 (klogd)]: family:1, type:1, protocol:0
[   16.016567] firmadyne: sys_socket[PID: 114 (klogd)]: family:1, type:2, protocol:0
: usb_info_dev34 = "A200396E0402FF83@1@14.4G@U@1@USB_Storage;U:;0;0@"
sem_get: Key: [   16.023660] firmadyne: sys_socket[PID: 114 (klogd)]: family:1, type:1, protocol:0
[   16.025132] firmadyne: sys_socket[PID: 114 (klogd)]: family:1, type:2, protocol:0
410f00aa
sem_get: Key: [   16.032486] firmadyne: sys_socket[PID: 114 (klogd)]: family:1, type:1, protocol:0
410f00aa
nvram_set: usb_info_dev35[   16.039515] firmadyne: sys_socket[PID: 114 (klogd)]: family:1, type:2, protocol:0
[   16.042819] firmadyne: sys_socket[PID: 114 (klogd)]: family:1, type:1, protocol:0
[   16.044291] firmadyne: sys_socket[PID: 114 (klogd)]: family:1, type:2, protocol:0
 = "A200396E0402FF83@1@14.4G@U@1@USB_Storage;U:;0;0@"
sem_get: Key: 410f00aa
sem_get: Key: 410f00aa
[   16.055563] firmadyne: sys_socket[PID: 114 (klogd)]: family:1, type:1, protocol:0
[   16.057038] firmadyne: sys_socket[PID: 114 (klogd)]: family:1, type:2, protocol:0
nvram_set: usb_info_dev36 = "A200396E0402FF83@1@14.4G@U@1@USB_Storage;U:;0;0@[   16.063957] firmadyne: sys_socket[PID: 114 (klogd)]: family:1, type:1, protocol:0
[   16.065428] firmadyne: sys_socket[PID: 114 (klogd)]: family:1, type:2, protocol:0
"
sem_get: Key: 410f00aa
sem_get: Key: 410f00aa
[   16.075961] firmadyne: sys_socket[PID: 114 (klogd)]: family:1, type:1, protocol:0
[   16.077435] firmadyne: sys_socket[PID: 114 (klogd)]: family:1, type:2, protocol:0
nvram_set: usb_info_dev37 = "A200396E0402FF83@1@14.4G@U@1@USB_Storage;U:;0;0@"
sem_get: Key: 410f00aa
[   16.087958] firmadyne: sys_socket[PID: 114 (klogd)]: family:1, type:1, protocol:0
[   16.089428] firmadyne: sys_socket[PID: 114 (klogd)]: family:1, type:2, protocol:0
[   16.092906] firmadyne: sys_socket[PID: 114 (klogd)]: family:1, type:1, protocol:0
[   16.094614] firmadyne: sys_socket[PID: 114 (klogd)]: family:1, type:2, protocol:0
[   16.097584] firmadyne: sys_socket[PID: 114 (klogd)]: family:1, type:1, protocol:0
sem_get: Key: 410f00aa
nvram_set: usb_info_dev38 = "A200396E0402FF83@1@14.4G@U@1@USB_Storage;U:;0;0@"
sem_get: Key: 410f00aa
sem_get: Key: 410f00aa[   16.110760] firmadyne: sys_socket[PID: 114 (klogd)]: family:1, type:2, protocol:0

nvram_set: usb_info_dev39 = "[   16.118060] firmadyne: sys_socket[PID: 114 (klogd)]: family:1, type:1, protocol:0
[   16.119580] firmadyne: sys_socket[PID: 114 (klogd)]: family:1, type:2, protocol:0
A200396E0402FF83@1@14.4G@U@1@USB_Storage;U:;0;0@"
sem_get: Key: 410f00aa
[   16.126923] firmadyne: sys_socket[PID: 114 (klogd)]: family:1, type:1, protocol:0
[   16.128439] firmadyne: sys_socket[PID: 114 (klogd)]: family:1, type:2, protocol:0
sem_get: Key: 410f00aa
[   16.135681] firmadyne: sys_socket[PID: 114 (klogd)]: family:1, type:1, protocol:0
[   16.137153] firmadyne: sys_socket[PID: 114 (klogd)]: family:1, type:2, protocol:0
nvram_set: usb_info_dev40 = "A200396E0402FF83@1@14.4G@U@1@USB_Storage;U:;0;0@"
[   16.144229] firmadyne: sys_socket[PID: 114 (klogd)]: family:1, type:1, protocol:0
sem_get: Key: 410f00aa
sem_get[   16.150328] firmadyne: sys_socket[PID: 114 (klogd)]: family:1, type:2, protocol:0
[   16.153600] firmadyne: sys_socket[PID: 114 (klogd)]: family:1, type:1, protocol:0
: Key: 410f00aa
nvram_set: usb_info_dev41 = "A200396E0402FF83@1@14.4G@U@1@USB_Storage;U:;0;0@"
sem_get: Key: [   16.162570] firmadyne: sys_socket[PID: 114 (klogd)]: family:1, type:2, protocol:0
[   16.165589] firmadyne: sys_socket[PID: 114 (klogd)]: family:1, type:1, protocol:0
[   16.167494] firmadyne: sys_socket[PID: 114 (klogd)]: family:1, type:2, protocol:0
[   16.170748] firmadyne: sys_socket[PID: 114 (klogd)]: family:1, type:1, protocol:0
[   16.172216] firmadyne: sys_socket[PID: 114 (klogd)]: family:1, type:2, protocol:0
410f00aa
sem_get: Key: 410f00aa
nvram_set: usb_info_dev42 = "A200396E0402FF83@1@14.4G@U@1@USB_Storage;U:;0;0@"
sem_get: Key: 410f00aa
[   16.187609] firmadyne: sys_socket[PID: 114 (klogd)]: family:1, type:1, protocol:0
[   16.189094] firmadyne: sys_socket[PID: 114 (klogd)]: family:1, type:2, protocol:0
sem_get: Key: 410f00aa
[   16.196090] firmadyne: sys_socket[PID: 114 (klogd)]: family:1, type:1, protocol:0
[   16.197590] firmadyne: sys_socket[PID: 114 (klogd)]: family:1, type:2, protocol:0
nvram_set: usb_info_dev43 = "A200396E0402FF83@1@14.4G@U@1@USB_Storage;U:;0;0@"
sem_get: Key: 410f00aa
[   16.208309] firmadyne: sys_socket[PID: 114 (klogd)]: family:1, type:1, protocol:0
[   16.210248] firmadyne: sys_socket[PID: 114 (klogd)]: family:1, type:2, protocol:0
[   16.213183] firmadyne: sys_socket[PID: 114 (klogd)]: family:1, type:1, protocol:0
sem_get: Key: 410f00aa
[   16.218449] firmadyne: sys_socket[PID: 114 (klogd)]: family:1, type:2, protocol:0
[   16.221432] firmadyne: sys_socket[PID: 114 (klogd)]: family:1, type:1, protocol:0
nvram_set: usb_info_dev44 = "A200396E0402FF83@1@14.4G@U@1@USB_Storage;U:;0;0@"
sem_get: Key: 410f00aa
[   16.230540] firmadyne: sys_socket[PID: 114 (klogd)]: family:1, type:2, protocol:0
[   16.233544] firmadyne: sys_socket[PID: 114 (klogd)]: family:1, type:1, protocol:0
sem_get: Key: 410f00aa
nvram_set: usb_info_dev45 = "A200396E0402FF83@1@14.4G@U@1@USB_Storage;U:;0;0@"
[   16.242498] firmadyne: sys_socket[PID: 114 (klogd)]: family:1, type:2, protocol:0
[   16.245496] firmadyne: sys_socket[PID: 114 (klogd)]: family:1, type:1, protocol:0
[   16.247437] firmadyne: sys_socket[PID: 114 (klogd)]: family:1, type:2, protocol:0
[   16.251419] firmadyne: sys_socket[PID: 114 (klogd)]: family:1, type:1, protocol:0
[   16.252896] firmadyne: sys_socket[PID: 114 (klogd)]: family:1, type:2, protocol:0
sem_get: Key: 410f00aa
sem_get: Key: 410f00aa
nvram_set: [   16.264236] firmadyne: sys_socket[PID: 114 (klogd)]: family:1, type:1, protocol:0
usb_info_dev46 = "A200396E0402FF83@1@14.4G@U@1@USB_Storage;U:;0;0@"
sem_get: Key: 410f00aa
[   16.270329] firmadyne: sys_socket[PID: 114 (klogd)]: family:1, type:2, protocol:0
[   16.273359] firmadyne: sys_socket[PID: 114 (klogd)]: family:1, type:1, protocol:0
sem_get: Key: 410f00aa
nvram_set: usb_info_dev47 = "A200396E0402FF83@1@14.4G@U@1@USB_Storage;U:;0;0@[   16.282877] firmadyne: sys_socket[PID: 114 (klogd)]: family:1, type:2, protocol:0
[   16.286200] firmadyne: sys_socket[PID: 114 (klogd)]: family:1, type:1, protocol:0
[   16.287666] firmadyne: sys_socket[PID: 114 (klogd)]: family:1, type:2, protocol:0
"
sem_get: Key: 410f00aa
[   16.294974] firmadyne: sys_socket[PID: 114 (klogd)]: family:1, type:1, protocol:0
[   16.296476] firmadyne: sys_socket[PID: 114 (klogd)]: family:1, type:2, protocol:0
sem_get: Key: 410f00aa
nvram_set[   16.303971] firmadyne: sys_socket[PID: 114 (klogd)]: family:1, type:1, protocol:0
[   16.305437] firmadyne: sys_socket[PID: 114 (klogd)]: family:1, type:2, protocol:0
: usb_info_dev48 = "A200396E0402FF83@1@14.4G@U@1@USB_Storage;U:;0;0@"
sem_get: Key: 410f00aa
sem_get: Key: [   16.316117] firmadyne: sys_socket[PID: 114 (klogd)]: family:1, type:1, protocol:0
[   16.317612] firmadyne: sys_socket[PID: 114 (klogd)]: family:1, type:2, protocol:0
410f00aa
nvram_set: usb_info_dev49 = "A200396E0402FF83@1@14.4G@U@1@USB_Storage;U:;0;0@"
sem_get[   16.328030] firmadyne: sys_socket[PID: 114 (klogd)]: family:1, type:1, protocol:0
[   16.329528] firmadyne: sys_socket[PID: 114 (klogd)]: family:1, type:2, protocol:0
: Key: 410f00aa
sem_get: Key: 410f00aa
nvram_set: [   16.339995] firmadyne: sys_socket[PID: 114 (klogd)]: family:1, type:1, protocol:0
[   16.341451] firmadyne: sys_socket[PID: 114 (klogd)]: family:1, type:2, protocol:0
[   16.344841] firmadyne: sys_socket[PID: 114 (klogd)]: family:1, type:1, protocol:0
[   16.346531] firmadyne: sys_socket[PID: 114 (klogd)]: family:1, type:2, protocol:0
[   16.349448] firmadyne: sys_socket[PID: 114 (klogd)]: family:1, type:1, protocol:0
usb_info_dev50 = "A200396E0402FF83@1@14.4G@U@1@USB_Storage;U:;0;0@"
sem_get: Key: 410f00aa
sem_get: Key: 410f00aa[   16.358544] firmadyne: sys_socket[PID: 114 (klogd)]: family:1, type:2, protocol:0
[   16.361553] firmadyne: sys_socket[PID: 114 (klogd)]: family:1, type:1, protocol:0

nvram_set: usb_info_dev51 = "A200396E0402FF83@1@14.4G@U@1@USB_Storage;U:;0;0@"
sem_get: Key: 410f00aa
[   16.370552] firmadyne: sys_socket[PID: 114 (klogd)]: family:1, type:2, protocol:0
[   16.373545] firmadyne: sys_socket[PID: 114 (klogd)]: family:1, type:1, protocol:0
sem_get: Key: 410f00aa
nvram_set: [   16.382535] firmadyne: sys_socket[PID: 114 (klogd)]: family:1, type:2, protocol:0
[   16.385677] firmadyne: sys_socket[PID: 114 (klogd)]: family:1, type:1, protocol:0
usb_info_dev52 = "A200396E0402FF83@1@14.4G@U@1@USB_Storage;U:;0;0@"
sem_get: Key: 410f00aa
sem_get: Key: 410f00aa[   16.394810] firmadyne: sys_socket[PID: 114 (klogd)]: family:1, type:2, protocol:0
[   16.398142] firmadyne: sys_socket[PID: 114 (klogd)]: family:1, type:1, protocol:0
[   16.399596] firmadyne: sys_socket[PID: 114 (klogd)]: family:1, type:2, protocol:0

nvram_set: usb_info_dev53 = "A200396E0402FF83@1@14.4G@U@1@USB_Storage;U:;0;0@[   16.407392] firmadyne: sys_socket[PID: 114 (klogd)]: family:1, type:1, protocol:0
[   16.408892] firmadyne: sys_socket[PID: 114 (klogd)]: family:1, type:2, protocol:0
"
sem_get: Key: 410f00aa
sem_get: Key: 410f00aa
nvram_set: usb_info_dev54 = "A200396E0402FF83@1@14.4G@U@1@USB_Storage;U:;0;0@"
sem_get: Key: 410f00aa
sem_get: Key: [   16.438244] firmadyne: sys_socket[PID: 114 (klogd)]: family:1, type:1, protocol:0
[   16.439744] firmadyne: sys_socket[PID: 114 (klogd)]: family:1, type:2, protocol:0
410f00aa
nvram_set: usb_info_dev55[   16.447013] firmadyne: sys_socket[PID: 114 (klogd)]: family:1, type:1, protocol:0
[   16.448522] firmadyne: sys_socket[PID: 114 (klogd)]: family:1, type:2, protocol:0
 = "A200396E0402FF83@1@14.4G@U@1@USB_Storage;U:;0;0@"
sem_get: Key: 410f00aa
[   16.455977] firmadyne: sys_socket[PID: 114 (klogd)]: family:1, type:1, protocol:0
[   16.457625] firmadyne: sys_socket[PID: 114 (klogd)]: family:1, type:2, protocol:0
sem_get: Key: 410f00aa
nvram_set[   16.473662] firmadyne: sys_socket[PID: 114 (klogd)]: family:1, type:1, protocol:0
[   16.475613] firmadyne: sys_socket[PID: 114 (klogd)]: family:1, type:2, protocol:0
[   16.478828] firmadyne: sys_socket[PID: 114 (klogd)]: family:1, type:1, protocol:0
[   16.480288] firmadyne: sys_socket[PID: 114 (klogd)]: family:1, type:2, protocol:0
: usb_info_dev56 = "A200396E0402FF83@1@14.4G@U@1@USB_Storage;U:;0;0@"
sem_get: Key: 410f00aa
sem_get: Key: 410f00aa
[   16.491674] firmadyne: sys_socket[PID: 114 (klogd)]: family:1, type:1, protocol:0
[   16.493147] firmadyne: sys_socket[PID: 114 (klogd)]: family:1, type:2, protocol:0
nvram_set: usb_info_dev57 = "[   16.500106] firmadyne: sys_socket[PID: 114 (klogd)]: family:1, type:1, protocol:0
A200396E0402FF83@1@14.4G@U@1@USB_Storage;U:;0;0@"
sem_get: Key: 410f00aa
[   16.506073] firmadyne: sys_socket[PID: 114 (klogd)]: family:1, type:2, protocol:0
[   16.509109] firmadyne: sys_socket[PID: 114 (klogd)]: family:1, type:1, protocol:0
sem_get: Key: 410f00aa
nvram_set: usb_info_dev58 = "A200396E0402FF83@1@14.4G@U@1@USB_Storage;U:;0;0@"
[   16.518439] firmadyne: sys_socket[PID: 114 (klogd)]: family:1, type:2, protocol:0
[   16.521417] firmadyne: sys_socket[PID: 114 (klogd)]: family:1, type:1, protocol:0
sem_get: Key: 410f00aa
sem_get: Key: 410f00aa
[   16.530433] firmadyne: sys_socket[PID: 114 (klogd)]: family:1, type:2, protocol:0
[   16.533422] firmadyne: sys_socket[PID: 114 (klogd)]: family:1, type:1, protocol:0
[   16.535407] firmadyne: sys_socket[PID: 114 (klogd)]: family:1, type:2, protocol:0
[   16.538620] firmadyne: sys_socket[PID: 114 (klogd)]: family:1, type:1, protocol:0
[   16.540084] firmadyne: sys_socket[PID: 114 (klogd)]: family:1, type:2, protocol:0
nvram_set: usb_info_dev59 = "A200396E0402FF83@1@14.4G@U@1@USB_Storage;U:;0;0@"
sem_get: Key: 410f00aa
sem_get: Key: 410f00aa
[   16.551713] firmadyne: sys_socket[PID: 114 (klogd)]: family:1, type:1, protocol:0
[   16.553210] firmadyne: sys_socket[PID: 114 (klogd)]: family:1, type:2, protocol:0
nvram_set: usb_info_dev60 = "[   16.560240] firmadyne: sys_socket[PID: 114 (klogd)]: family:1, type:1, protocol:0
A200396E0402FF83@1@14.4G@U@1@USB_Storage;U:;0;0@"
sem_get: Key: 410f00aa
[   16.566084] firmadyne: sys_socket[PID: 114 (klogd)]: family:1, type:2, protocol:0
[   16.569111] firmadyne: sys_socket[PID: 114 (klogd)]: family:1, type:1, protocol:0
sem_get: Key: 410f00aa
nvram_set: usb_info_dev61 = "A200396E0402FF83@1@14.4G@U@1@USB_Storage;U:;0;0@"
sem_get: Key: 410f00aa
[   16.582482] firmadyne: sys_socket[PID: 114 (klogd)]: family:1, type:2, protocol:0
[   16.585650] firmadyne: sys_socket[PID: 114 (klogd)]: family:1, type:1, protocol:0
[   16.587567] firmadyne: sys_socket[PID: 114 (klogd)]: family:1, type:2, protocol:0
[   16.590791] firmadyne: sys_socket[PID: 114 (klogd)]: family:1, type:1, protocol:0
[   16.592256] firmadyne: sys_socket[PID: 114 (klogd)]: family:1, type:2, protocol:0
sem_get: Key: 410f00aa
nvram_set: usb_info_dev62 = "A200396E0402FF83@1@14.4G@U@1@USB_Storage;U:;0;0@"
sem_get[   16.603690] firmadyne: sys_socket[PID: 114 (klogd)]: family:1, type:1, protocol:0
[   16.605165] firmadyne: sys_socket[PID: 114 (klogd)]: family:1, type:2, protocol:0
: Key: 410f00aa
sem_get[   16.612134] firmadyne: sys_socket[PID: 114 (klogd)]: family:1, type:1, protocol:0
[   16.613623] firmadyne: sys_socket[PID: 114 (klogd)]: family:1, type:2, protocol:0
: Key: 410f00aa
nvram_set: usb_info_dev63 = "A200396E0402FF83@1@14.4G@U@1@USB_Storage;U:;0;0@"
sem_get: Key: [   16.624149] firmadyne: sys_socket[PID: 114 (klogd)]: family:1, type:1, protocol:0
[   16.625654] firmadyne: sys_socket[PID: 114 (klogd)]: family:1, type:2, protocol:0
410f00aa
sem_get: Key: 410f00aa
nvram_set: usb_info_dev64[   16.636389] firmadyne: sys_socket[PID: 114 (klogd)]: family:1, type:1, protocol:0
[   16.638290] firmadyne: sys_socket[PID: 114 (klogd)]: family:1, type:2, protocol:0
[   16.641224] firmadyne: sys_socket[PID: 114 (klogd)]: family:1, type:1, protocol:0
 = "A200396E0402FF83@1@14.4G@U@1@USB_Storage;U:;0;0@"
sem_get: Key: 410f00aa[   16.646526] firmadyne: sys_socket[PID: 114 (klogd)]: family:1, type:2, protocol:0
[   16.649525] firmadyne: sys_socket[PID: 114 (klogd)]: family:1, type:1, protocol:0

sem_get: Key: 410f00aa
nvram_set: usb_info_dev65 = "[   16.658463] firmadyne: sys_socket[PID: 114 (klogd)]: family:1, type:2, protocol:0
[   16.661439] firmadyne: sys_socket[PID: 114 (klogd)]: family:1, type:1, protocol:0
A200396E0402FF83@1@14.4G@U@1@USB_Storage;U:;0;0@"
sem_get: Key: 410f00aa
sem_get: Key: 410f00aa
[   16.670433] firmadyne: sys_socket[PID: 114 (klogd)]: family:1, type:2, protocol:0
[   16.673415] firmadyne: sys_socket[PID: 114 (klogd)]: family:1, type:1, protocol:0
[   16.675394] firmadyne: sys_socket[PID: 114 (klogd)]: family:1, type:2, protocol:0
[   16.678599] firmadyne: sys_socket[PID: 114 (klogd)]: family:1, type:1, protocol:0
[   16.680063] firmadyne: sys_socket[PID: 114 (klogd)]: family:1, type:2, protocol:0
nvram_set: usb_info_dev66 = "A200396E0402FF83@1@14.4G@U@1@USB_Storage;U:;0;0@"
sem_get: Key: 410f00aa
[   16.691228] firmadyne: sys_socket[PID: 114 (klogd)]: family:1, type:1, protocol:0
[   16.692722] firmadyne: sys_socket[PID: 114 (klogd)]: family:1, type:2, protocol:0
sem_get: Key: 410f00aa
nvram_set[   16.700327] firmadyne: sys_socket[PID: 114 (klogd)]: family:1, type:1, protocol:0
: usb_info_dev67 = "A200396E0402FF83@1@14.4G@U@1@USB_Storage;U:;0;0@"
sem_get: Key: 410f00aa[   16.706341] firmadyne: sys_socket[PID: 114 (klogd)]: family:1, type:2, protocol:0
[   16.709377] firmadyne: sys_socket[PID: 114 (klogd)]: family:1, type:1, protocol:0

sem_get: Key: 410f00aa
nvram_set: usb_info_dev68 = "[   16.718551] firmadyne: sys_socket[PID: 114 (klogd)]: family:1, type:2, protocol:0
[   16.721557] firmadyne: sys_socket[PID: 114 (klogd)]: family:1, type:1, protocol:0
A200396E0402FF83@1@14.4G@U@1@USB_Storage;U:;0;0@"
sem_get: Key: 410f00aa
sem_get: Key: 410f00aa
[   16.730444] firmadyne: sys_socket[PID: 114 (klogd)]: family:1, type:2, protocol:0
[   16.733421] firmadyne: sys_socket[PID: 114 (klogd)]: family:1, type:1, protocol:0
[   16.735409] firmadyne: sys_socket[PID: 114 (klogd)]: family:1, type:2, protocol:0
[   16.738629] firmadyne: sys_socket[PID: 114 (klogd)]: family:1, type:1, protocol:0
[   16.740088] firmadyne: sys_socket[PID: 114 (klogd)]: family:1, type:2, protocol:0
nvram_set: usb_info_dev69 = "A200396E0402FF83@1@14.4G@U@1@USB_Storage;U:;0;0@"
sem_get: Key: 410f00aa
[   16.751227] firmadyne: sys_socket[PID: 114 (klogd)]: family:1, type:1, protocol:0
[   16.752713] firmadyne: sys_socket[PID: 114 (klogd)]: family:1, type:2, protocol:0
sem_get: Key: 410f00aa
nvram_set[   16.760030] firmadyne: sys_socket[PID: 114 (klogd)]: family:1, type:1, protocol:0
[   16.761508] firmadyne: sys_socket[PID: 114 (klogd)]: family:1, type:2, protocol:0
: usb_info_dev70 = "A200396E0402FF83@1@14.4G@U@1@USB_Storage;U:;0;0@"
sem_get[   16.766338] cfg80211: Calling CRDA to update world regulatory domain
: Key: 410f00aa
sem_get: Key: 410f00aa
[   16.777131] firmadyne: sys_socket[PID: 114 (klogd)]: family:1, type:1, protocol:0
[   16.779085] firmadyne: sys_socket[PID: 114 (klogd)]: family:1, type:2, protocol:0
nvram_set: usb_info_dev71 = "A200396E0402FF83@1@14.4G@U@1@USB_Storage;U:;0;0@"
sem_get: Key: [   16.786776] firmadyne: sys_socket[PID: 114 (klogd)]: family:1, type:1, protocol:0
[   16.788301] firmadyne: sys_socket[PID: 114 (klogd)]: family:1, type:2, protocol:0
410f00aa
sem_get: Key: 410f00aa
[   16.796019] firmadyne: sys_socket[PID: 114 (klogd)]: family:1, type:1, protocol:0
[   16.797515] firmadyne: sys_socket[PID: 114 (klogd)]: family:1, type:2, protocol:0
nvram_set: usb_info_dev72 = "A200396E0402FF83@1@14.4G@U@1@USB_Storage;U:;0;0@"
sem_get: Key: 410f00aa
[   16.808149] firmadyne: sys_socket[PID: 114 (klogd)]: family:1, type:1, protocol:0
[   16.809644] firmadyne: sys_socket[PID: 114 (klogd)]: family:1, type:2, protocol:0
[   16.813027] firmadyne: sys_socket[PID: 114 (klogd)]: family:1, type:1, protocol:0
[   16.814738] firmadyne: sys_socket[PID: 114 (klogd)]: family:1, type:2, protocol:0
[   16.817876] firmadyne: sys_socket[PID: 114 (klogd)]: family:1, type:1, protocol:0
sem_get: Key: 410f00aa
nvram_set: usb_info_dev73 = "A200396E0402FF83@1@14.4G@U@1@USB_Storage;U:;0;0@"
[   16.826979] firmadyne: sys_socket[PID: 114 (klogd)]: family:1, type:2, protocol:0
sem_get: Key: 410f00aa
sem_get[   16.834411] firmadyne: sys_socket[PID: 114 (klogd)]: family:1, type:1, protocol:0
[   16.835908] firmadyne: sys_socket[PID: 114 (klogd)]: family:1, type:2, protocol:0
: Key: 410f00aa
nvram_set: [   16.844357] firmadyne: sys_socket[PID: 114 (klogd)]: family:1, type:1, protocol:0
[   16.846113] firmadyne: sys_socket[PID: 114 (klogd)]: family:1, type:2, protocol:0
[   16.849070] firmadyne: sys_socket[PID: 114 (klogd)]: family:1, type:1, protocol:0
usb_info_dev74 = "A200396E0402FF83@1@14.4G@U@1@USB_Storage;U:;0;0@"
sem_get: Key: 410f00aa
sem_get: Key: 410f00aa
[   16.858659] firmadyne: sys_socket[PID: 114 (klogd)]: family:1, type:2, protocol:0
[   16.861676] firmadyne: sys_socket[PID: 114 (klogd)]: family:1, type:1, protocol:0
nvram_set: usb_info_dev75 = "A200396E0402FF83@1@14.4G@U@1@USB_Storage;U:;0;0@"
sem_get: Key: 410f00aa
[   16.870423] firmadyne: sys_socket[PID: 114 (klogd)]: family:1, type:2, protocol:0
[   16.873410] firmadyne: sys_socket[PID: 114 (klogd)]: family:1, type:1, protocol:0
sem_get: Key: 410f00aa
nvram_set: usb_info_dev76 = "A200396E0402FF83@1@14.4G@U@1@USB_Storage;U:;0;0@[   16.882776] firmadyne: sys_socket[PID: 114 (klogd)]: family:1, type:2, protocol:0
[   16.886100] firmadyne: sys_socket[PID: 114 (klogd)]: family:1, type:1, protocol:0
[   16.887562] firmadyne: sys_socket[PID: 114 (klogd)]: family:1, type:2, protocol:0
"
sem_get: Key: 410f00aa
[   16.894824] firmadyne: sys_socket[PID: 114 (klogd)]: family:1, type:1, protocol:0
[   16.896332] firmadyne: sys_socket[PID: 114 (klogd)]: family:1, type:2, protocol:0
sem_get: Key: 410f00aa
nvram_set: usb_info_dev77 = "A200396E0402FF83@1@14.4G@U@1@USB_Storage;U:;0;0@"
sem_get: Key: 410f00aa
sem_get: Key: 410f00aa
nvram_set: usb_info_dev78 = "A200396E0402FF83@1@14.4G@U@1@USB_Storage;U:;0;0@[   16.926705] firmadyne: sys_socket[PID: 114 (klogd)]: family:1, type:1, protocol:0
[   16.928207] firmadyne: sys_socket[PID: 114 (klogd)]: family:1, type:2, protocol:0
"
sem_get: Key: 410f00aa
[   16.935573] firmadyne: sys_socket[PID: 114 (klogd)]: family:1, type:1, protocol:0
[   16.937049] firmadyne: sys_socket[PID: 114 (klogd)]: family:1, type:2, protocol:0
sem_get: Key: 410f00aa
[   16.943949] firmadyne: sys_socket[PID: 114 (klogd)]: family:1, type:1, protocol:0
[   16.945476] firmadyne: sys_socket[PID: 114 (klogd)]: family:1, type:2, protocol:0
nvram_set: usb_info_dev79 = "A200396E0402FF83@1@14.4G@U@1@USB_Storage;U:;0;0@"
sem_get: Key: 410f00aa
sem_get[   16.956353] firmadyne: sys_socket[PID: 114 (klogd)]: family:1, type:1, protocol:0
: Key: 410f00aa
nvram_set: [   16.962116] firmadyne: sys_socket[PID: 114 (klogd)]: family:1, type:2, protocol:0
[   16.965136] firmadyne: sys_socket[PID: 114 (klogd)]: family:1, type:1, protocol:0
usb_info_dev80 = "A200396E0402FF83@1@14.4G@U@1@USB_Storage;U:;0;0@"
sem_get: Key: [   16.970427] firmadyne: sys_socket[PID: 114 (klogd)]: family:1, type:2, protocol:0
[   16.973407] firmadyne: sys_socket[PID: 114 (klogd)]: family:1, type:1, protocol:0
410f00aa
sem_get: Key: 410f00aa
[   16.982437] firmadyne: sys_socket[PID: 114 (klogd)]: family:1, type:2, protocol:0
[   16.985425] firmadyne: sys_socket[PID: 114 (klogd)]: family:1, type:1, protocol:0
nvram_set: usb_info_dev81 = "A200396E0402FF83@1@14.4G@U@1@USB_Storage;U:;0;0@"
sem_get: Key: 410f00aa
sem_get[   16.994866] firmadyne: sys_socket[PID: 114 (klogd)]: family:1, type:2, protocol:0
[   16.998203] firmadyne: sys_socket[PID: 114 (klogd)]: family:1, type:1, protocol:0
[   16.999662] firmadyne: sys_socket[PID: 114 (klogd)]: family:1, type:2, protocol:0
: Key: 410f00aa
nvram_set: usb_info_dev82[   17.007253] firmadyne: sys_socket[PID: 114 (klogd)]: family:1, type:1, protocol:0
[   17.008754] firmadyne: sys_socket[PID: 114 (klogd)]: family:1, type:2, protocol:0
 = "A200396E0402FF83@1@14.4G@U@1@USB_Storage;U:;0;0@"
sem_get: Key: 410f00aa
[   17.015963] firmadyne: sys_socket[PID: 114 (klogd)]: family:1, type:1, protocol:0
[   17.017422] firmadyne: sys_socket[PID: 114 (klogd)]: family:1, type:2, protocol:0
sem_get: Key: 410f00aa
nvram_set: usb_info_dev83 = "A200396E0402FF83@1@14.4G@U@1@USB_Storage;U:;0;0@[   17.028392] firmadyne: sys_socket[PID: 114 (klogd)]: family:1, type:1, protocol:0
[   17.030428] firmadyne: sys_socket[PID: 114 (klogd)]: family:1, type:2, protocol:0
[   17.033360] firmadyne: sys_socket[PID: 114 (klogd)]: family:1, type:1, protocol:0
"
sem_get: Key: 410f00aa
sem_get: Key: 410f00aa
[   17.042433] firmadyne: sys_socket[PID: 114 (klogd)]: family:1, type:2, protocol:0
[   17.045414] firmadyne: sys_socket[PID: 114 (klogd)]: family:1, type:1, protocol:0
nvram_set: usb_info_dev84 = "A200396E0402FF83@1@14.4G@U@1@USB_Storage;U:;0;0@"
sem_get: Key: 410f00aa
sem_get[   17.054847] firmadyne: sys_socket[PID: 114 (klogd)]: family:1, type:2, protocol:0
[   17.058169] firmadyne: sys_socket[PID: 114 (klogd)]: family:1, type:1, protocol:0
[   17.059627] firmadyne: sys_socket[PID: 114 (klogd)]: family:1, type:2, protocol:0
: Key: 410f00aa
nvram_set: usb_info_dev85[   17.067228] firmadyne: sys_socket[PID: 114 (klogd)]: family:1, type:1, protocol:0
[   17.068728] firmadyne: sys_socket[PID: 114 (klogd)]: family:1, type:2, protocol:0
 = "A200396E0402FF83@1@14.4G@U@1@USB_Storage;U:;0;0@"
sem_get: Key: 410f00aa
[   17.075950] firmadyne: sys_socket[PID: 114 (klogd)]: family:1, type:1, protocol:0
[   17.077426] firmadyne: sys_socket[PID: 114 (klogd)]: family:1, type:2, protocol:0
sem_get: Key: 410f00aa
nvram_set: usb_info_dev86 = "A200396E0402FF83@1@14.4G@U@1@USB_Storage;U:;0;0@[   17.088377] firmadyne: sys_socket[PID: 114 (klogd)]: family:1, type:1, protocol:0
[   17.090278] firmadyne: sys_socket[PID: 114 (klogd)]: family:1, type:2, protocol:0
[   17.093224] firmadyne: sys_socket[PID: 114 (klogd)]: family:1, type:1, protocol:0
"
sem_get: Key: 410f00aa
sem_get: Key: 410f00aa
[   17.102428] firmadyne: sys_socket[PID: 114 (klogd)]: family:1, type:2, protocol:0
[   17.105410] firmadyne: sys_socket[PID: 114 (klogd)]: family:1, type:1, protocol:0
nvram_set: usb_info_dev87 = "A200396E0402FF83@1@14.4G@U@1@USB_Storage;U:;0;0@"
sem_get: Key: 410f00aa
[   17.114435] firmadyne: sys_socket[PID: 114 (klogd)]: family:1, type:2, protocol:0
[   17.117422] firmadyne: sys_socket[PID: 114 (klogd)]: family:1, type:1, protocol:0
[   17.119404] firmadyne: sys_socket[PID: 114 (klogd)]: family:1, type:2, protocol:0
[   17.122618] firmadyne: sys_socket[PID: 114 (klogd)]: family:1, type:1, protocol:0
[   17.124069] firmadyne: sys_socket[PID: 114 (klogd)]: family:1, type:2, protocol:0
sem_get: Key: 410f00aa
nvram_set: usb_info_dev88 = "A200396E0402FF83@1@14.4G@U@1@USB_Storage;U:;0;0@"
sem_get: Key: 410f00aa[   17.135358] firmadyne: sys_socket[PID: 114 (klogd)]: family:1, type:1, protocol:0
[   17.136845] firmadyne: sys_socket[PID: 114 (klogd)]: family:1, type:2, protocol:0

sem_get: Key: 410f00aa
[   17.144161] firmadyne: sys_socket[PID: 114 (klogd)]: family:1, type:1, protocol:0
[   17.145654] firmadyne: sys_socket[PID: 114 (klogd)]: family:1, type:2, protocol:0
nvram_set: usb_info_dev89 = "A200396E0402FF83@1@14.4G@U@1@USB_Storage;U:;0;0@"
sem_get: Key: 410f00aa
[   17.155942] firmadyne: sys_socket[PID: 114 (klogd)]: family:1, type:1, protocol:0
[   17.157399] firmadyne: sys_socket[PID: 114 (klogd)]: family:1, type:2, protocol:0
sem_get: Key: 410f00aa
nvram_set: usb_info_dev90 = "A200396E0402FF83@1@14.4G@U@1@USB_Storage;U:;0;0@[   17.168168] firmadyne: sys_socket[PID: 114 (klogd)]: family:1, type:1, protocol:0
[   17.169662] firmadyne: sys_socket[PID: 114 (klogd)]: family:1, type:2, protocol:0
[   17.173042] firmadyne: sys_socket[PID: 114 (klogd)]: family:1, type:1, protocol:0
"
sem_get: Key: 410f00aa
sem_get: Key: 410f00aa
[   17.182437] firmadyne: sys_socket[PID: 114 (klogd)]: family:1, type:2, protocol:0
[   17.185418] firmadyne: sys_socket[PID: 114 (klogd)]: family:1, type:1, protocol:0
nvram_set: usb_info_dev91 = "A200396E0402FF83@1@14.4G@U@1@USB_Storage;U:;0;0@"
sem_get: Key: 410f00aa
[   17.194563] firmadyne: sys_socket[PID: 114 (klogd)]: family:1, type:2, protocol:0
[   17.197584] firmadyne: sys_socket[PID: 114 (klogd)]: family:1, type:1, protocol:0
[   17.199499] firmadyne: sys_socket[PID: 114 (klogd)]: family:1, type:2, protocol:0
[   17.202703] firmadyne: sys_socket[PID: 114 (klogd)]: family:1, type:1, protocol:0
[   17.204167] firmadyne: sys_socket[PID: 114 (klogd)]: family:1, type:2, protocol:0
sem_get: Key: 410f00aa
nvram_set: usb_info_dev92 = "A200396E0402FF83@1@14.4G@U@1@USB_Storage;U:;0;0@"
sem_get[   17.215540] firmadyne: sys_socket[PID: 114 (klogd)]: family:1, type:1, protocol:0
[   17.217014] firmadyne: sys_socket[PID: 114 (klogd)]: family:1, type:2, protocol:0
: Key: 410f00aa
sem_get: Key: [   17.224375] firmadyne: sys_socket[PID: 114 (klogd)]: family:1, type:1, protocol:0
410f00aa
nvram_set: usb_info_dev93[   17.230189] firmadyne: sys_socket[PID: 114 (klogd)]: family:1, type:2, protocol:0
[   17.233193] firmadyne: sys_socket[PID: 114 (klogd)]: family:1, type:1, protocol:0
 = "A200396E0402FF83@1@14.4G@U@1@USB_Storage;U:;0;0@"
sem_get: Key: 410f00aa
sem_get: Key: 410f00aa
[   17.242431] firmadyne: sys_socket[PID: 114 (klogd)]: family:1, type:2, protocol:0
[   17.245407] firmadyne: sys_socket[PID: 114 (klogd)]: family:1, type:1, protocol:0
nvram_set: usb_info_dev94 = "A200396E0402FF83@1@14.4G@U@1@USB_Storage;U:;0;0@"
sem_get: Key: 410f00aa
[   17.254412] firmadyne: sys_socket[PID: 114 (klogd)]: family:1, type:2, protocol:0
[   17.257387] firmadyne: sys_socket[PID: 114 (klogd)]: family:1, type:1, protocol:0
[   17.259373] firmadyne: sys_socket[PID: 114 (klogd)]: family:1, type:2, protocol:0
[   17.262584] firmadyne: sys_socket[PID: 114 (klogd)]: family:1, type:1, protocol:0
[   17.264048] firmadyne: sys_socket[PID: 114 (klogd)]: family:1, type:2, protocol:0
sem_get: Key: 410f00aa
nvram_set: usb_info_dev95 = "A200396E0402FF83@1@14.4G@U@1@USB_Storage;U:;0;0@"
sem_get[   17.275355] firmadyne: sys_socket[PID: 114 (klogd)]: family:1, type:1, protocol:0
[   17.276849] firmadyne: sys_socket[PID: 114 (klogd)]: family:1, type:2, protocol:0
: Key: 410f00aa
sem_get: Key: [   17.284181] firmadyne: sys_socket[PID: 114 (klogd)]: family:1, type:1, protocol:0
[   17.285675] firmadyne: sys_socket[PID: 114 (klogd)]: family:1, type:2, protocol:0
410f00aa
nvram_set: usb_info_dev96 = "A200396E0402FF83@1@14.4G@U@1@USB_Storage;U:;0;0@"
sem_get: Key: 410f00aa[   17.296260] firmadyne: sys_socket[PID: 114 (klogd)]: family:1, type:1, protocol:0

sem_get: Key: 410f00aa
[   17.302151] firmadyne: sys_socket[PID: 114 (klogd)]: family:1, type:2, protocol:0
[   17.305180] firmadyne: sys_socket[PID: 114 (klogd)]: family:1, type:1, protocol:0
nvram_set: usb_info_dev97 = "[   17.310426] firmadyne: sys_socket[PID: 114 (klogd)]: family:1, type:2, protocol:0
[   17.313402] firmadyne: sys_socket[PID: 114 (klogd)]: family:1, type:1, protocol:0
A200396E0402FF83@1@14.4G@U@1@USB_Storage;U:;0;0@"
sem_get: Key: 410f00aa
sem_get: Key: 410f00aa
[   17.322433] firmadyne: sys_socket[PID: 114 (klogd)]: family:1, type:2, protocol:0
[   17.325408] firmadyne: sys_socket[PID: 114 (klogd)]: family:1, type:1, protocol:0
nvram_set: usb_info_dev98 = "A200396E0402FF83@1@14.4G@U@1@USB_Storage;U:;0;0@"
sem_get: Key: 410f00aa
[   17.334658] firmadyne: sys_socket[PID: 114 (klogd)]: family:1, type:2, protocol:0
[   17.337673] firmadyne: sys_socket[PID: 114 (klogd)]: family:1, type:1, protocol:0
[   17.339569] firmadyne: sys_socket[PID: 114 (klogd)]: family:1, type:2, protocol:0
[   17.342783] firmadyne: sys_socket[PID: 114 (klogd)]: family:1, type:1, protocol:0
[   17.344242] firmadyne: sys_socket[PID: 114 (klogd)]: family:1, type:2, protocol:0
sem_get: Key: 410f00aa
nvram_set: usb_info_dev99 = "A200396E0402FF83@1@14.4G@U@1@USB_Storage;U:;0;0@"
sem_get: Key: [   17.355509] firmadyne: sys_socket[PID: 114 (klogd)]: family:1, type:1, protocol:0
[   17.356985] firmadyne: sys_socket[PID: 114 (klogd)]: family:1, type:2, protocol:0
410f00aa
sem_get: Key: 410f00aa[   17.364345] firmadyne: sys_socket[PID: 114 (klogd)]: family:1, type:1, protocol:0

nvram_set: usb_info_dev100 = "[   17.370116] firmadyne: sys_socket[PID: 114 (klogd)]: family:1, type:2, protocol:0
[   17.373119] firmadyne: sys_socket[PID: 114 (klogd)]: family:1, type:1, protocol:0
A200396E0402FF83@1@14.4G@U@1@USB_Storage;U:;0;0@"
sem_get: Key: 410f00aa
sem_get: Key: 410f00aa[   17.382842] firmadyne: sys_socket[PID: 114 (klogd)]: family:1, type:2, protocol:0

nvram_set: wla_ap_isolate_1 = ""
sem_get: Key: 410f00aa
sem_get: Key: 410f00aa
nvram_set: wla_ap_isolate_2 = ""
[   17.410683] firmadyne: sys_socket[PID: 114 (klogd)]: family:1, type:1, protocol:0
[   17.412189] firmadyne: sys_socket[PID: 114 (klogd)]: family:1, type:2, protocol:0
sem_get: Key: 410f00aa
sem_get: Key: [   17.419878] firmadyne: sys_socket[PID: 114 (klogd)]: family:1, type:1, protocol:0
[   17.421362] firmadyne: sys_socket[PID: 114 (klogd)]: family:1, type:2, protocol:0
410f00aa
nvram_set[   17.428038] firmadyne: sys_socket[PID: 114 (klogd)]: family:1, type:1, protocol:0
[   17.429542] firmadyne: sys_socket[PID: 114 (klogd)]: family:1, type:2, protocol:0
: wla_ap_isolate_3 = ""
sem_get: Key: 410f00aa
sem_get: Key: 410f00aa
[   17.439952] firmadyne: sys_socket[PID: 114 (klogd)]: family:1, type:1, protocol:0
[   17.441411] firmadyne: sys_socket[PID: 114 (klogd)]: family:1, type:2, protocol:0
nvram_set: wla_ap_isolate_4 = ""
sem_get: Key: 410f00aa
[   17.451961] firmadyne: sys_socket[PID: 114 (klogd)]: family:1, type:1, protocol:0
[   17.453421] firmadyne: sys_socket[PID: 114 (klogd)]: family:1, type:2, protocol:0
[   17.456879] firmadyne: sys_socket[PID: 114 (klogd)]: family:1, type:1, protocol:0
[   17.458575] firmadyne: sys_socket[PID: 114 (klogd)]: family:1, type:2, protocol:0
[   17.461604] firmadyne: sys_socket[PID: 114 (klogd)]: family:1, type:1, protocol:0
sem_get: Key: 410f00aa
nvram_set: wlg_ap_isolate_1 = ""
[   17.470644] firmadyne: sys_socket[PID: 114 (klogd)]: family:1, type:2, protocol:0
[   17.473931] firmadyne: sys_socket[PID: 114 (klogd)]: family:1, type:1, protocol:0
sem_get: Key: 410f00aa
sem_get: Key: 410f00aa
[   17.482515] firmadyne: sys_socket[PID: 114 (klogd)]: family:1, type:2, protocol:0
[   17.485911] firmadyne: sys_socket[PID: 114 (klogd)]: family:1, type:1, protocol:0
nvram_set: wlg_ap_isolate_2 = ""
sem_get: Key: 410f00aa
sem_get: Key: 410f00aa[   17.494743] firmadyne: sys_socket[PID: 114 (klogd)]: family:1, type:2, protocol:0
[   17.498087] firmadyne: sys_socket[PID: 114 (klogd)]: family:1, type:1, protocol:0
[   17.499544] firmadyne: sys_socket[PID: 114 (klogd)]: family:1, type:2, protocol:0

nvram_set: wlg_ap_isolate_3 = ""
[   17.507242] firmadyne: sys_socket[PID: 114 (klogd)]: family:1, type:1, protocol:0
[   17.508745] firmadyne: sys_socket[PID: 114 (klogd)]: family:1, type:2, protocol:0
sem_get: Key: 410f00aa
sem_get: Key: [   17.516382] firmadyne: sys_socket[PID: 114 (klogd)]: family:1, type:1, protocol:0
410f00aa
nvram_set: wlg_ap_isolate_4[   17.522210] firmadyne: sys_socket[PID: 114 (klogd)]: family:1, type:2, protocol:0
[   17.525230] firmadyne: sys_socket[PID: 114 (klogd)]: family:1, type:1, protocol:0
 = ""
sem_get: Key: 410f00aa
[   17.530456] firmadyne: sys_socket[PID: 114 (klogd)]: family:1, type:2, protocol:0
[   17.533440] firmadyne: sys_socket[PID: 114 (klogd)]: family:1, type:1, protocol:0
sem_get: Key: 410f00aa
nvram_set: wlg_allow_access_1 = ""
[   17.542428] firmadyne: sys_socket[PID: 114 (klogd)]: family:1, type:2, protocol:0
[   17.545409] firmadyne: sys_socket[PID: 114 (klogd)]: family:1, type:1, protocol:0
sem_get: Key: 410f00aa
sem_get: Key: 410f00aa
nvram_set: [   17.554792] firmadyne: sys_socket[PID: 114 (klogd)]: family:1, type:2, protocol:0
[   17.558113] firmadyne: sys_socket[PID: 114 (klogd)]: family:1, type:1, protocol:0
[   17.559578] firmadyne: sys_socket[PID: 114 (klogd)]: family:1, type:2, protocol:0
wlg_allow_access_2 = ""
sem_get: Key: 410f00aa
[   17.566980] firmadyne: sys_socket[PID: 114 (klogd)]: family:1, type:1, protocol:0
[   17.568488] firmadyne: sys_socket[PID: 114 (klogd)]: family:1, type:2, protocol:0
sem_get: Key: 410f00aa
[   17.576927] firmadyne: sys_socket[PID: 114 (klogd)]: family:1, type:1, protocol:0
[   17.578675] firmadyne: sys_socket[PID: 114 (klogd)]: family:1, type:2, protocol:0
[   17.581640] firmadyne: sys_socket[PID: 114 (klogd)]: family:1, type:1, protocol:0
nvram_set: wlg_allow_access_3 = ""
sem_get: Key: 410f00aa
sem_get: Key: [   17.590646] firmadyne: sys_socket[PID: 114 (klogd)]: family:1, type:2, protocol:0
[   17.593674] firmadyne: sys_socket[PID: 114 (klogd)]: family:1, type:1, protocol:0
410f00aa
nvram_set: wlg_allow_access_4 = ""
sem_get: Key: 410f00aa
[   17.602530] firmadyne: sys_socket[PID: 114 (klogd)]: family:1, type:2, protocol:0
[   17.605539] firmadyne: sys_socket[PID: 114 (klogd)]: family:1, type:1, protocol:0
sem_get: Key: 410f00aa
nvram_set: 0:macaddr = "01:23:45:67:89:ab"
[   17.614918] firmadyne: sys_socket[PID: 114 (klogd)]: family:1, type:2, protocol:0
[   17.618244] firmadyne: sys_socket[PID: 114 (klogd)]: family:1, type:1, protocol:0
[   17.619716] firmadyne: sys_socket[PID: 114 (klogd)]: family:1, type:2, protocol:0
sem_get: Key: 410f00aa
sem_get[   17.627318] firmadyne: sys_socket[PID: 114 (klogd)]: family:1, type:1, protocol:0
[   17.628817] firmadyne: sys_socket[PID: 114 (klogd)]: family:1, type:2, protocol:0
: Key: 410f00aa
nvram_set: [   17.636173] firmadyne: sys_socket[PID: 114 (klogd)]: family:1, type:1, protocol:0
[   17.637665] firmadyne: sys_socket[PID: 114 (klogd)]: family:1, type:2, protocol:0
1:macaddr = "01:23:45:67:89:ab"
sem_get: Key: 410f00aa
sem_get: Key: 410f00aa
[   17.648354] firmadyne: sys_socket[PID: 114 (klogd)]: family:1, type:1, protocol:0
[   17.650252] firmadyne: sys_socket[PID: 114 (klogd)]: family:1, type:2, protocol:0
[   17.653188] firmadyne: sys_socket[PID: 114 (klogd)]: family:1, type:1, protocol:0
nvram_set: 2:macaddr = "01:23:45:67:89:ab"
sem_get: Key: 410f00aa
[   17.662508] firmadyne: sys_socket[PID: 114 (klogd)]: family:1, type:2, protocol:0
[   17.665515] firmadyne: sys_socket[PID: 114 (klogd)]: family:1, type:1, protocol:0
sem_get: Key: 410f00aa
nvram_set: lan1_ifnames = ""
sem_get: Key: [   17.674721] firmadyne: sys_socket[PID: 114 (klogd)]: family:1, type:2, protocol:0
[   17.678071] firmadyne: sys_socket[PID: 114 (klogd)]: family:1, type:1, protocol:0
[   17.679533] firmadyne: sys_socket[PID: 114 (klogd)]: family:1, type:2, protocol:0
410f00aa
sem_get: Key: 410f00aa
[   17.686903] firmadyne: sys_socket[PID: 114 (klogd)]: family:1, type:1, protocol:0
[   17.688409] firmadyne: sys_socket[PID: 114 (klogd)]: family:1, type:2, protocol:0
nvram_set: lan2_ifnames = ""
[   17.695746] firmadyne: sys_socket[PID: 114 (klogd)]: family:1, type:1, protocol:0
[   17.697213] firmadyne: sys_socket[PID: 114 (klogd)]: family:1, type:2, protocol:0
sem_get: Key: 410f00aa
[   17.703989] firmadyne: sys_socket[PID: 114 (klogd)]: family:1, type:1, protocol:0
[   17.705582] firmadyne: sys_socket[PID: 114 (klogd)]: family:1, type:2, protocol:0
sem_get: Key: 410f00aa
nvram_set: lan3_ifnames = ""
sem_get: Key: [   17.715931] firmadyne: sys_socket[PID: 114 (klogd)]: family:1, type:1, protocol:0
[   17.717390] firmadyne: sys_socket[PID: 114 (klogd)]: family:1, type:2, protocol:0
410f00aa
sem_get: Key: 410f00aa
nvram_set: lan4_ifnames = "[   17.728156] firmadyne: sys_socket[PID: 114 (klogd)]: family:1, type:1, protocol:0
[   17.729653] firmadyne: sys_socket[PID: 114 (klogd)]: family:1, type:2, protocol:0
"
sem_get: Key: 410f00aa
sem_get: Key: 410f00aa
[   17.739955] firmadyne: sys_socket[PID: 114 (klogd)]: family:1, type:1, protocol:0
[   17.741413] firmadyne: sys_socket[PID: 114 (klogd)]: family:1, type:2, protocol:0
[   17.744873] firmadyne: sys_socket[PID: 114 (klogd)]: family:1, type:1, protocol:0
[   17.746566] firmadyne: sys_socket[PID: 114 (klogd)]: family:1, type:2, protocol:0
[   17.749509] firmadyne: sys_socket[PID: 114 (klogd)]: family:1, type:1, protocol:0
nvram_set: lan5_ifnames = ""
sem_get: Key: 410f00aa
sem_get: Key: 410f00aa[   17.758741] firmadyne: sys_socket[PID: 114 (klogd)]: family:1, type:2, protocol:0

nvram_set: lan6_ifnames = ""
[   17.766501] firmadyne: sys_socket[PID: 114 (klogd)]: family:1, type:1, protocol:0
[   17.768018] firmadyne: sys_socket[PID: 114 (klogd)]: family:1, type:2, protocol:0
sem_get: Key: 410f00aa
sem_get: Key: [   17.776833] firmadyne: sys_socket[PID: 114 (klogd)]: family:1, type:1, protocol:0
[   17.778586] firmadyne: sys_socket[PID: 114 (klogd)]: family:1, type:2, protocol:0
[   17.781545] firmadyne: sys_socket[PID: 114 (klogd)]: family:1, type:1, protocol:0
410f00aa
nvram_set: lan7_ifnames = ""
sem_get: Key: 410f00aa
[   17.790582] firmadyne: sys_socket[PID: 114 (klogd)]: family:1, type:2, protocol:0
[   17.793597] firmadyne: sys_socket[PID: 114 (klogd)]: family:1, type:1, protocol:0
sem_get: Key: 410f00aa
nvram_set: lan8_ifnames = ""
[   17.802553] firmadyne: sys_socket[PID: 114 (klogd)]: family:1, type:2, protocol:0
[   17.805555] firmadyne: sys_socket[PID: 114 (klogd)]: family:1, type:1, protocol:0
sem_get: Key: 410f00aa
sem_get: Key: 410f00aa
nvram_set[   17.814757] firmadyne: sys_socket[PID: 114 (klogd)]: family:1, type:2, protocol:0
[   17.818071] firmadyne: sys_socket[PID: 114 (klogd)]: family:1, type:1, protocol:0
[   17.819536] firmadyne: sys_socket[PID: 114 (klogd)]: family:1, type:2, protocol:0
: lan9_ifnames = ""
sem_get: Key: 410f00aa
[   17.826794] firmadyne: sys_socket[PID: 114 (klogd)]: family:1, type:1, protocol:0
[   17.828295] firmadyne: sys_socket[PID: 114 (klogd)]: family:1, type:2, protocol:0
sem_get: Key: 410f00aa
nvram_set_default: Loading built-in default values = [   17.836094] firmadyne: sys_socket[PID: 114 (klogd)]: family:1, type:1, protocol:0
[   17.837591] firmadyne: sys_socket[PID: 114 (klogd)]: family:1, type:2, protocol:0
1!
nvram_set_default: Checking for symbol "router_defaults"...
nvram_set_default: Checking for symbol "Nvrams"...
[   17.848271] firmadyne: sys_socket[PID: 114 (klogd)]: family:1, type:1, protocol:0
[   17.850189] firmadyne: sys_socket[PID: 114 (klogd)]: family:1, type:2, protocol:0
[   17.853129] firmadyne: sys_socket[PID: 114 (klogd)]: family:1, type:1, protocol:0
[   17.862532] firmadyne: sys_socket[PID: 114 (klogd)]: family:1, type:2, protocol:0
nvram_set: time_zone = "GMT+8"
sem_get: Key: 410f00aa
sem_get: Key: 410f00aa
[   17.890258] firmadyne: sys_socket[PID: 114 (klogd)]: family:1, type:1, protocol:0
[   17.891757] firmadyne: sys_socket[PID: 114 (klogd)]: family:1, type:2, protocol:0
nvram_set[   17.899140] firmadyne: sys_socket[PID: 114 (klogd)]: family:1, type:1, protocol:0
[   17.900646] firmadyne: sys_socket[PID: 114 (klogd)]: family:1, type:2, protocol:0
: time_daylight = ""
sem_get: Key: 410f00aa
[   17.907960] firmadyne: sys_socket[PID: 114 (klogd)]: family:1, type:1, protocol:0
[   17.909413] firmadyne: sys_socket[PID: 114 (klogd)]: family:1, type:2, protocol:0
sem_get: Key: 410f00aa
[   17.919934] firmadyne: sys_socket[PID: 114 (klogd)]: family:1, type:1, protocol:0
[   17.921394] firmadyne: sys_socket[PID: 114 (klogd)]: family:1, type:2, protocol:0
nvram_set: restore_default = "0"
sem_get: Key: 410f00aa
[   17.932145] firmadyne: sys_socket[PID: 114 (klogd)]: family:1, type:1, protocol:0
[   17.933640] firmadyne: sys_socket[PID: 114 (klogd)]: family:1, type:2, protocol:0
[   17.937013] firmadyne: sys_socket[PID: 114 (klogd)]: family:1, type:1, protocol:0
[   17.938721] firmadyne: sys_socket[PID: 114 (klogd)]: family:1, type:2, protocol:0
[   17.941666] firmadyne: sys_socket[PID: 114 (klogd)]: family:1, type:1, protocol:0
sem_get: Key: 410f00aa
[   17.950393] firmadyne: sys_socket[PID: 114 (klogd)]: family:1, type:2, protocol:0
[   17.953367] firmadyne: sys_socket[PID: 114 (klogd)]: family:1, type:1, protocol:0
nvram_set: wiz_language = "English"
sem_get: Key: 410f00aa
sem_get[   17.962765] firmadyne: sys_socket[PID: 114 (klogd)]: family:1, type:2, protocol:0
: Key: 410f00aa
[   17.970044] firmadyne: sys_socket[PID: 114 (klogd)]: family:1, type:1, protocol:0
[   17.971550] firmadyne: sys_socket[PID: 114 (klogd)]: family:1, type:2, protocol:0
nvram_set: wiz_country = "US"
sem_get: Key: 410f00aa
[   17.982822] firmadyne: sys_socket[PID: 114 (klogd)]: family:1, type:1, protocol:0
[   17.984338] firmadyne: sys_socket[PID: 114 (klogd)]: family:1, type:2, protocol:0
[   17.987877] firmadyne: sys_socket[PID: 114 (klogd)]: family:1, type:1, protocol:0
[   17.989333] firmadyne: sys_socket[PID: 114 (klogd)]: family:1, type:2, protocol:0
sem_get: Key: 410f00aa
[   17.996193] firmadyne: sys_socket[PID: 114 (klogd)]: family:1, type:1, protocol:0
[   17.997896] firmadyne: sys_socket[PID: 114 (klogd)]: family:1, type:2, protocol:0
nvram_set: fix_ipaddr = ""
sem_get[   18.008232] firmadyne: sys_socket[PID: 114 (klogd)]: family:1, type:1, protocol:0
: Key: 410f00aa
sem_get: Key: 410f00aa
[   18.014479] firmadyne: sys_socket[PID: 114 (klogd)]: family:1, type:2, protocol:0
[   18.017520] firmadyne: sys_socket[PID: 114 (klogd)]: family:1, type:1, protocol:0
nvram_set: fix_netmask = ""
sem_get[   18.026711] firmadyne: sys_socket[PID: 114 (klogd)]: family:1, type:2, protocol:0
[   18.030165] firmadyne: sys_socket[PID: 114 (klogd)]: family:1, type:1, protocol:0
[   18.031627] firmadyne: sys_socket[PID: 114 (klogd)]: family:1, type:2, protocol:0
: Key: 410f00aa
sem_get: Key: 410f00aa
[   18.039823] firmadyne: sys_socket[PID: 114 (klogd)]: family:1, type:1, protocol:0
[   18.041332] firmadyne: sys_socket[PID: 114 (klogd)]: family:1, type:2, protocol:0
nvram_set: fix_gateway = ""
sem_get[   18.052102] firmadyne: sys_socket[PID: 114 (klogd)]: family:1, type:1, protocol:0
[   18.053602] firmadyne: sys_socket[PID: 114 (klogd)]: family:1, type:2, protocol:0
[   18.056988] firmadyne: sys_socket[PID: 114 (klogd)]: family:1, type:1, protocol:0
[   18.058699] firmadyne: sys_socket[PID: 114 (klogd)]: family:1, type:2, protocol:0
[   18.061666] firmadyne: sys_socket[PID: 114 (klogd)]: family:1, type:1, protocol:0
: Key: 410f00aa
sem_get: Key: 410f00aa
[   18.070427] firmadyne: sys_socket[PID: 114 (klogd)]: family:1, type:2, protocol:0
[   18.073414] firmadyne: sys_socket[PID: 114 (klogd)]: family:1, type:1, protocol:0
nvram_set: wan_ifname = "ppp0"
sem_get: Key: 410f00aa
[   18.082435] firmadyne: sys_socket[PID: 114 (klogd)]: family:1, type:2, protocol:0
[   18.085413] firmadyne: sys_socket[PID: 114 (klogd)]: family:1, type:1, protocol:0
sem_get: Key: 410f00aa
[   18.094421] firmadyne: sys_socket[PID: 114 (klogd)]: family:1, type:2, protocol:0
[   18.097406] firmadyne: sys_socket[PID: 114 (klogd)]: family:1, type:1, protocol:0
nvram_set: wan_mode = "pppoe"
sem_get: Key: 410f00aa
