[    0.000000] Linux version 4.1.17+ (alessio@pc) (gcc version 5.5.0 20171010 (Ubuntu 5.5.0-12ubuntu1) ) #1 Mon May 15 23:04:08 CEST 2023
[    0.000000] earlycon: Early serial console at I/O port 0x3f8 (options '38400n8')
[    0.000000] bootconsole [uart0] enabled
[    0.000000] CPU0 revision is: 00019300 (MIPS 24Kc)
[    0.000000] FPU revision is: 00739300
[    0.000000] Software DMA cache coherency enabled
[    0.000000] Determined physical RAM map:
[    0.000000]  memory: 00001000 @ 00000000 (reserved)
[    0.000000]  memory: 000ef000 @ 00001000 (ROM data)
[    0.000000]  memory: 00798000 @ 000f0000 (reserved)
[    0.000000]  memory: 0f777000 @ 00888000 (usable)
[    0.000000] debug: ignoring loglevel setting.
[    0.000000] Wasting 69888 bytes for tracking 2184 unused pages
[    0.000000] Initrd not found or empty - disabling initrd
[    0.000000] Zone ranges:
[    0.000000]   DMA      [mem 0x0000000000000000-0x0000000000ffffff]
[    0.000000]   Normal   [mem 0x0000000001000000-0x000000000fffefff]
[    0.000000] Movable zone start for each node
[    0.000000] Early memory node ranges
[    0.000000]   node   0: [mem 0x0000000000000000-0x000000000fffefff]
[    0.000000] Initmem setup node 0 [mem 0x0000000000000000-0x000000000fffefff]
[    0.000000] On node 0 totalpages: 65535
[    0.000000] free_area_init_node: node 0, pgdat 8081d5b0, node_mem_map 81000000
[    0.000000]   DMA zone: 32 pages used for memmap
[    0.000000]   DMA zone: 0 pages reserved
[    0.000000]   DMA zone: 4096 pages, LIFO batch:0
[    0.000000]   Normal zone: 480 pages used for memmap
[    0.000000]   Normal zone: 61439 pages, LIFO batch:15
[    0.000000] Primary instruction cache 2kB, VIPT, 2-way, linesize 16 bytes.
[    0.000000] Primary data cache 2kB, 2-way, VIPT, no aliases, linesize 16 bytes
[    0.000000] pcpu-alloc: s0 r0 d32768 u32768 alloc=1*32768
[    0.000000] pcpu-alloc: [0] 0 
[    0.000000] Built 1 zonelists in Zone order, mobility grouping on.  Total pages: 65023
[    0.000000] Kernel command line: root=/dev/sda1 console=ttyS0 nandsim.parts=64,64,64,64,64,64,64,64,64,64 rdinit=/firmadyne/preInit.sh rw debug ignore_loglevel print-fatal-signals=1 FIRMAE_NET=true FIRMAE_NVRAM=true FIRMAE_KERNEL=true FIRMAE_ETC=true user_debug=0 firmadyne.syscall=1 noka
[    0.000000] found FIRMAE_KERNEL=t
[    0.000000] set the LD_PRELOAD=/firmadyne/libnvram_ioctl.so
[    0.000000] PID hash table entries: 1024 (order: 0, 4096 bytes)
[    0.000000] Dentry cache hash table entries: 32768 (order: 5, 131072 bytes)
[    0.000000] Inode-cache hash table entries: 16384 (order: 4, 65536 bytes)
[    0.000000] Writing ErrCtl register=00000000
[    0.000000] Readback ErrCtl register=00000000
[    0.000000] Memory: 251112K/262140K available (5360K kernel code, 244K rwdata, 1676K rodata, 260K init, 158K bss, 11028K reserved, 0K cma-reserved)
[    0.000000] NR_IRQS:256
[    0.000000] CPU frequency 200.00 MHz
[    0.000000] clocksource MIPS: mask: 0xffffffff max_cycles: 0xffffffff, max_idle_ns: 19112539675 ns
[    0.000196] sched_clock: 32 bits at 100MHz, resolution 9ns, wraps every 21474763771ns
[    0.011354] Console: colour dummy device 80x25
[    0.012377] Calibrating delay loop... 34.88 BogoMIPS (lpj=69760)
[    0.061387] pid_max: default: 32768 minimum: 301
[    0.064643] Mount-cache hash table entries: 1024 (order: 0, 4096 bytes)
[    0.065075] Mountpoint-cache hash table entries: 1024 (order: 0, 4096 bytes)
[    0.117143] clocksource jiffies: mask: 0xffffffff max_cycles: 0xffffffff, max_idle_ns: 7645041785100000 ns
[    0.126071] NET: Registered protocol family 16
[    0.348435] clocksource pit: mask: 0xffffffff max_cycles: 0xffffffff, max_idle_ns: 1601818034827 ns
[    0.469625] vgaarb: loaded
[    0.474228] SCSI subsystem initialized
[    0.476292] libata version 3.00 loaded.
[    0.479809] usbcore: registered new interface driver usbfs
[    0.480929] usbcore: registered new interface driver hub
[    0.481782] usbcore: registered new device driver usb
[    0.483998] pps_core: LinuxPPS API ver. 1 registered
[    0.484329] pps_core: Software ver. 5.3.6 - Copyright 2005-2007 Rodolfo Giometti <giometti@linux.it>
[    0.485094] PTP clock support registered
[    0.489050] PCI host bridge to bus 0000:00
[    0.489724] pci_bus 0000:00: root bus resource [mem 0x10000000-0x17ffffff]
[    0.490231] pci_bus 0000:00: root bus resource [io  0x1000-0x1fffff]
[    0.490885] pci_bus 0000:00: root bus resource [??? 0x00000000 flags 0x0]
[    0.491358] pci_bus 0000:00: No busn resource found for root bus, will use [bus 00-ff]
[    0.492587] pci 0000:00:00.0: [11ab:4620] type 00 class 0x060000
[    0.493380] pci 0000:00:00.0: [Firmware Bug]: reg 0x14: invalid BAR (can't size)
[    0.493851] pci 0000:00:00.0: [Firmware Bug]: reg 0x18: invalid BAR (can't size)
[    0.494326] pci 0000:00:00.0: [Firmware Bug]: reg 0x1c: invalid BAR (can't size)
[    0.494905] pci 0000:00:00.0: [Firmware Bug]: reg 0x20: invalid BAR (can't size)
[    0.495396] pci 0000:00:00.0: [Firmware Bug]: reg 0x24: invalid BAR (can't size)
[    0.498603] pci 0000:00:0a.0: [8086:7110] type 00 class 0x060100
[    0.501583] pci 0000:00:0a.1: [8086:7111] type 00 class 0x010180
[    0.502249] pci 0000:00:0a.1: reg 0x20: [io  0x0000-0x000f]
[    0.502745] pci 0000:00:0a.1: legacy IDE quirk: reg 0x10: [io  0x01f0-0x01f7]
[    0.503384] pci 0000:00:0a.1: legacy IDE quirk: reg 0x14: [io  0x03f6]
[    0.503866] pci 0000:00:0a.1: legacy IDE quirk: reg 0x18: [io  0x0170-0x0177]
[    0.504349] pci 0000:00:0a.1: legacy IDE quirk: reg 0x1c: [io  0x0376]
[    0.506924] pci 0000:00:0a.2: [8086:7112] type 00 class 0x0c0300
[    0.507582] pci 0000:00:0a.2: reg 0x20: [io  0x0000-0x001f]
[    0.510117] pci 0000:00:0a.3: [8086:7113] type 00 class 0x068000
[    0.511167] pci 0000:00:0a.3: quirk: [io  0x1000-0x103f] claimed by PIIX4 ACPI
[    0.511858] pci 0000:00:0a.3: quirk: [io  0x1100-0x110f] claimed by PIIX4 SMB
[    0.514513] pci 0000:00:12.0: [1013:00b8] type 00 class 0x030000
[    0.515025] pci 0000:00:12.0: reg 0x10: [mem 0x00000000-0x01ffffff pref]
[    0.515520] pci 0000:00:12.0: reg 0x14: [mem 0x00000000-0x00000fff]
[    0.516211] pci 0000:00:12.0: reg 0x30: [mem 0x00000000-0x0000ffff pref]
[    0.518399] vgaarb: device added: PCI:0000:00:12.0,decodes=io+mem,owns=none,locks=none
[    0.519433] pci 0000:00:13.0: [8086:100e] type 00 class 0x020000
[    0.519941] pci 0000:00:13.0: reg 0x10: [mem 0x00000000-0x0001ffff]
[    0.520523] pci 0000:00:13.0: reg 0x14: [io  0x0000-0x003f]
[    0.521047] pci 0000:00:13.0: reg 0x30: [mem 0x00000000-0x0003ffff pref]
[    0.523591] pci 0000:00:14.0: [8086:100e] type 00 class 0x020000
[    0.524120] pci 0000:00:14.0: reg 0x10: [mem 0x00000000-0x0001ffff]
[    0.524743] pci 0000:00:14.0: reg 0x14: [io  0x0000-0x003f]
[    0.525271] pci 0000:00:14.0: reg 0x30: [mem 0x00000000-0x0003ffff pref]
[    0.527918] pci 0000:00:15.0: [8086:100e] type 00 class 0x020000
[    0.528603] pci 0000:00:15.0: reg 0x10: [mem 0x00000000-0x0001ffff]
[    0.529084] pci 0000:00:15.0: reg 0x14: [io  0x0000-0x003f]
[    0.529617] pci 0000:00:15.0: reg 0x30: [mem 0x00000000-0x0003ffff pref]
[    0.532208] pci 0000:00:16.0: [8086:100e] type 00 class 0x020000
[    0.532848] pci 0000:00:16.0: reg 0x10: [mem 0x00000000-0x0001ffff]
[    0.533329] pci 0000:00:16.0: reg 0x14: [io  0x0000-0x003f]
[    0.533848] pci 0000:00:16.0: reg 0x30: [mem 0x00000000-0x0003ffff pref]
[    0.536588] pci_bus 0000:00: busn_res: [bus 00-ff] end is updated to 00
[    0.538119] pci 0000:00:12.0: BAR 0: assigned [mem 0x10000000-0x11ffffff pref]
[    0.538761] pci 0000:00:13.0: BAR 6: assigned [mem 0x12000000-0x1203ffff pref]
[    0.539328] pci 0000:00:14.0: BAR 6: assigned [mem 0x12040000-0x1207ffff pref]
[    0.539867] pci 0000:00:15.0: BAR 6: assigned [mem 0x12080000-0x120bffff pref]
[    0.540414] pci 0000:00:16.0: BAR 6: assigned [mem 0x120c0000-0x120fffff pref]
[    0.540946] pci 0000:00:13.0: BAR 0: assigned [mem 0x12100000-0x1211ffff]
[    0.541611] pci 0000:00:14.0: BAR 0: assigned [mem 0x12120000-0x1213ffff]
[    0.542157] pci 0000:00:15.0: BAR 0: assigned [mem 0x12140000-0x1215ffff]
[    0.542697] pci 0000:00:16.0: BAR 0: assigned [mem 0x12160000-0x1217ffff]
[    0.543253] pci 0000:00:12.0: BAR 6: assigned [mem 0x12180000-0x1218ffff pref]
[    0.543796] pci 0000:00:12.0: BAR 1: assigned [mem 0x12190000-0x12190fff]
[    0.544328] pci 0000:00:13.0: BAR 1: assigned [io  0x1040-0x107f]
[    0.544804] pci 0000:00:14.0: BAR 1: assigned [io  0x1080-0x10bf]
[    0.545290] pci 0000:00:15.0: BAR 1: assigned [io  0x10c0-0x10ff]
[    0.545938] pci 0000:00:16.0: BAR 1: assigned [io  0x1400-0x143f]
[    0.546421] pci 0000:00:0a.2: BAR 4: assigned [io  0x1440-0x145f]
[    0.546908] pci 0000:00:0a.1: BAR 4: assigned [io  0x1460-0x146f]
[    0.562076] cfg80211: Calling CRDA to update world regulatory domain
[    0.573632] Switched to clocksource MIPS
[    0.667874] NET: Registered protocol family 2
[    0.677878] TCP established hash table entries: 2048 (order: 1, 8192 bytes)
[    0.678808] TCP bind hash table entries: 2048 (order: 1, 8192 bytes)
[    0.679659] TCP: Hash tables configured (established 2048 bind 2048)
[    0.680559] UDP hash table entries: 256 (order: 0, 4096 bytes)
[    0.681141] UDP-Lite hash table entries: 256 (order: 0, 4096 bytes)
[    0.684386] NET: Registered protocol family 1
[    0.685843] PCI: Enabling device 0000:00:0a.2 (0000 -> 0001)
[    0.687044] PCI: CLS 0 bytes, default 16
[    0.714597] futex hash table entries: 256 (order: -1, 3072 bytes)
[    0.728970] squashfs: version 4.0 (2009/01/31) Phillip Lougher
[    0.731157] jffs2: version 2.2. (NAND) Â© 2001-2006 Red Hat, Inc.
[    0.733993] romfs: ROMFS MTD (C) 2007 Red Hat, Inc.
[    0.754391] Block layer SCSI generic (bsg) driver version 0.4 loaded (major 251)
[    0.754950] io scheduler noop registered
[    0.755554] io scheduler cfq registered (default)
[    0.756394] firmadyne: devfs: 1, execute: 1, procfs: 1, syscall: 1
[    0.761176] firmadyne: Cannot register character device: gpio, 0xfc, 0x0!
[    0.768452] firmadyne: Cannot register character device: watchdog, 0xa, 0x82!
[    0.768878] firmadyne: Cannot register character device: wdt, 0xfd, 0x0!
[    2.265186] strName = 4.1.17+
[    2.265186] init_task_addr  = 2155778944
[    2.265186] init_task_size  = 1296
[    2.265186] ts_tasks        = 292
[    2.265186] ts_pid          = 408
[    2.265186] ts_tgid         = 412
[    2.265186] ts_group_leader = 440
[    2.265186] ts_thread_group = 496
[    2.265186] ts_real_parent  = 416
[    2.265186] ts_mm           = 300
[    2.265186] ts_stack        = 4
[    2.267691] module_name   = 12
[    2.267691] module_size   = 208
[    2.267691] module_init   = 200
[    2.267691] module_list   = 4
[    2.268547] ts_real_cred    = 624
[    2.268547] ts_cred         = 628
[    2.268547] ts_comm         = 632
[    2.268547] cred_uid        = 4
[    2.268547] cred_gid        = 8
[    2.268547] cred_euid       = 20
[    2.268547] cred_egid       = 24
[    2.270092] mm_mmap         = 0
[    2.270092] mm_pgd          = 32
[    2.270092] mm_arg_start    = 136
[    2.270092] mm_start_brk    = 124
[    2.270092] mm_brk          = 128
[    2.270092] mm_start_stack  = 132
[    2.271352] vma_vm_start    = 0
[    2.271352] vma_vm_end      = 4
[    2.271352] vma_vm_next     = 8
[    2.271352] vma_vm_file     = 80
[    2.271352] vma_vm_flags    = 40
[    2.271352] vma_vm_pgoff    = 76
[    2.272574] file_dentry     = 12
[    2.272574] file_inode      = 40
[    2.272574] dentry_d_name   = 24
[    2.272574] dentry_d_iname  = 44
[    2.272574] dentry_d_parent = 16
[    2.272574] ti_task         = 0
[    2.272574] inode_ino   = 28
[    3.204478] proc_fork_connector  = 2151078840
[    3.204820] proc_exit_connector  = 2151080432
[    3.205115] proc_exec_connector  = 2151079052
[    3.205406] vma_link  = 2149124372
[    3.205793] vma_adjust  = 2149124540
[    3.206064] remove_vma  = 2149122188
[    3.206327] modules  = 2155833724
[    3.206581] trim_init_extable  = 2150545316
[    3.209834] PCI: Enabling device 0000:00:12.0 (0000 -> 0002)
[    3.210985] cirrusfb 0000:00:12.0: Cirrus Logic chipset on PCI bus, RAM (4096 kB) at 0x10000000
[    3.447641] Console: switching to colour frame buffer device 80x30
[    3.505305] Serial: 8250/16550 driver, 4 ports, IRQ sharing enabled
[    3.517455] console [ttyS0] disabled
[    3.544519] serial8250.0: ttyS0 at I/O 0x3f8 (irq = 4, base_baud = 115200) is a 16550A
[    3.545742] console [ttyS0] enabled
[    3.545742] console [ttyS0] enabled
[    3.546288] bootconsole [uart0] disabled
[    3.546288] bootconsole [uart0] disabled
[    3.576124] serial8250.0: ttyS1 at I/O 0x2f8 (irq = 3, base_baud = 115200) is a 16550A
[    3.680342] brd: module loaded
[    3.734607] loop: module loaded
[    3.740156] ata_piix 0000:00:0a.1: version 2.13
[    3.740645] PCI: Enabling device 0000:00:0a.1 (0000 -> 0001)
[    3.761048] cfg80211: Calling CRDA to update world regulatory domain
[    3.763539] scsi host0: ata_piix
[    3.768356] scsi host1: ata_piix
[    3.771716] ata1: PATA max UDMA/33 cmd 0x1f0 ctl 0x3f6 bmdma 0x1460 irq 14
[    3.772162] ata2: PATA max UDMA/33 cmd 0x170 ctl 0x376 bmdma 0x1468 irq 15
[    3.777968] [nandsim] warning: read_byte: unexpected data output cycle, state is STATE_READY return 0x0
[    3.778482] [nandsim] warning: read_byte: unexpected data output cycle, state is STATE_READY return 0x0
[    3.778973] [nandsim] warning: read_byte: unexpected data output cycle, state is STATE_READY return 0x0
[    3.779468] [nandsim] warning: read_byte: unexpected data output cycle, state is STATE_READY return 0x0
[    3.779959] [nandsim] warning: read_byte: unexpected data output cycle, state is STATE_READY return 0x0
[    3.780461] [nandsim] warning: read_byte: unexpected data output cycle, state is STATE_READY return 0x0
[    3.781120] nand: device found, Manufacturer ID: 0x98, Chip ID: 0x39
[    3.781494] nand: Toshiba NAND 128MiB 1,8V 8-bit
[    3.781956] nand: 128 MiB, SLC, erase size: 16 KiB, page size: 512, OOB size: 16
[    3.783388] flash size: 128 MiB
[    3.783610] page size: 512 bytes
[    3.783831] OOB area size: 16 bytes
[    3.784059] sector size: 16 KiB
[    3.784275] pages number: 262144
[    3.784493] pages per sector: 32
[    3.784707] bus width: 8
[    3.784898] bits in sector size: 14
[    3.785128] bits in page size: 9
[    3.785350] bits in OOB size: 4
[    3.785693] flash size with OOB: 135168 KiB
[    3.785950] page address bytes: 4
[    3.786176] sector address bytes: 3
[    3.786404] options: 0x42
[    3.858718] Scanning device for bad blocks
[    4.872952] ata2.01: NODEV after polling detection
[    4.874636] ata2.00: ATAPI: QEMU DVD-ROM, 2.5+, max UDMA/100
[    4.875774] ata1.01: NODEV after polling detection
[    4.876914] ata1.00: ATA-7: QEMU HARDDISK, 2.5+, max UDMA/100
[    4.877321] ata1.00: 2097152 sectors, multi 16: LBA48 
[    4.880442] ata2.00: configured for UDMA/33
[    4.884834] ata1.00: configured for UDMA/33
[    4.892758] scsi 0:0:0:0: Direct-Access     ATA      QEMU HARDDISK    2.5+ PQ: 0 ANSI: 5
[    4.906641] sd 0:0:0:0: [sda] 2097152 512-byte logical blocks: (1.07 GB/1.00 GiB)
[    4.907990] scsi 1:0:0:0: CD-ROM            QEMU     QEMU DVD-ROM     2.5+ PQ: 0 ANSI: 5
[    4.919180] sd 0:0:0:0: [sda] Write Protect is off
[    4.919631] sd 0:0:0:0: [sda] Mode Sense: 00 3a 00 00
[    4.920916] sd 0:0:0:0: [sda] Write cache: enabled, read cache: enabled, doesn't support DPO or FUA
[    4.931115]  sda: sda1
[    4.941914] sd 0:0:0:0: [sda] Attached SCSI disk
[    4.942468] Creating 11 MTD partitions on "NAND 128MiB 1,8V 8-bit":
[    4.943052] 0x000000000000-0x000000100000 : "NAND simulator partition 0"
[    4.952853] 0x000000100000-0x000000200000 : "NAND simulator partition 1"
[    4.962019] 0x000000200000-0x000000300000 : "NAND simulator partition 2"
[    4.971663] 0x000000300000-0x000000400000 : "NAND simulator partition 3"
[    4.981021] 0x000000400000-0x000000500000 : "NAND simulator partition 4"
[    4.990578] 0x000000500000-0x000000600000 : "NAND simulator partition 5"
[    5.000077] 0x000000600000-0x000000700000 : "NAND simulator partition 6"
[    5.009916] 0x000000700000-0x000000800000 : "NAND simulator partition 7"
[    5.019370] 0x000000800000-0x000000900000 : "NAND simulator partition 8"
[    5.028570] 0x000000900000-0x000000a00000 : "NAND simulator partition 9"
[    5.037786] 0x000000a00000-0x000008000000 : "NAND simulator partition 10"
[    5.076872] tun: Universal TUN/TAP device driver, 1.6
[    5.081198] tun: (C) 1999-2004 Max Krasnyansky <maxk@qualcomm.com>
[    5.084186] pcnet32: pcnet32.c:v1.35 21.Apr.2008 tsbogend@alpha.franken.de
[    5.085255] e1000: Intel(R) PRO/1000 Network Driver - version 7.3.21-k8-NAPI
[    5.085754] e1000: Copyright (c) 1999-2006 Intel Corporation.
[    5.086547] PCI: Enabling device 0000:00:13.0 (0000 -> 0003)
[    5.387887] e1000 0000:00:13.0 eth0: (PCI:33MHz:32-bit) 52:54:00:12:34:56
[    5.388481] e1000 0000:00:13.0 eth0: Intel(R) PRO/1000 Network Connection
[    5.389067] PCI: Enabling device 0000:00:14.0 (0000 -> 0003)
[    5.686629] e1000 0000:00:14.0 eth1: (PCI:33MHz:32-bit) 52:54:00:12:34:57
[    5.687102] e1000 0000:00:14.0 eth1: Intel(R) PRO/1000 Network Connection
[    5.687708] PCI: Enabling device 0000:00:15.0 (0000 -> 0003)
[    5.982839] e1000 0000:00:15.0 eth2: (PCI:33MHz:32-bit) 52:54:00:12:34:58
[    5.983322] e1000 0000:00:15.0 eth2: Intel(R) PRO/1000 Network Connection
[    5.983913] PCI: Enabling device 0000:00:16.0 (0000 -> 0003)
[    6.283831] e1000 0000:00:16.0 eth3: (PCI:33MHz:32-bit) 52:54:00:12:34:59
[    6.284320] e1000 0000:00:16.0 eth3: Intel(R) PRO/1000 Network Connection
[    6.285474] e1000e: Intel(R) PRO/1000 Network Driver - 2.3.2-k
[    6.285917] e1000e: Copyright(c) 1999 - 2014 Intel Corporation.
[    6.289700] PPP generic driver version 2.4.2
[    6.291620] PPP Deflate Compression module registered
[    6.292228] PPP MPPE Compression module registered
[    6.292595] NET: Registered protocol family 24
[    6.293233] ehci_hcd: USB 2.0 'Enhanced' Host Controller (EHCI) Driver
[    6.293797] ehci-pci: EHCI PCI platform driver
[    6.294817] ohci_hcd: USB 1.1 'Open' Host Controller (OHCI) Driver
[    6.295249] ohci-pci: OHCI PCI platform driver
[    6.296231] uhci_hcd: USB Universal Host Controller Interface driver
[    6.297875] uhci_hcd 0000:00:0a.2: UHCI Host Controller
[    6.298595] uhci_hcd 0000:00:0a.2: new USB bus registered, assigned bus number 1
[    6.299552] uhci_hcd 0000:00:0a.2: irq 11, io base 0x00001440
[    6.309781] hub 1-0:1.0: USB hub found
[    6.310495] hub 1-0:1.0: 2 ports detected
[    6.318884] usbcore: registered new interface driver usb-storage
[    6.322814] mousedev: PS/2 mouse device common for all mice
[    6.328679] rtc_cmos rtc_cmos: rtc core: registered rtc_cmos as rtc0
[    6.329370] rtc_cmos rtc_cmos: alarms up to one day, 242 bytes nvram
[    6.330819] i2c /dev entries driver
[    6.331976] piix4_smbus 0000:00:0a.3: SMBus Host Controller at 0x1100, revision 0
[    6.336490] sdhci: Secure Digital Host Controller Interface driver
[    6.336834] sdhci: Copyright(c) Pierre Ossman
[    6.339076] hidraw: raw HID events driver (C) Jiri Kosina
[    6.356452] usbcore: registered new interface driver usbhid
[    6.356807] usbhid: USB HID core driver
[    6.357932] Netfilter messages via NETLINK v0.30.
[    6.359276] nf_conntrack version 0.5.0 (3923 buckets, 15692 max)
[    6.362504] ctnetlink v0.93: registering with nfnetlink.
[    6.367806] ipip: IPv4 over IPv4 tunneling driver
[    6.379535] ip_tables: (C) 2000-2006 Netfilter Core Team
[    6.382368] arp_tables: (C) 2002 David S. Miller
[    6.384061] Initializing XFRM netlink socket
[    6.385145] NET: Registered protocol family 10
[    6.403633] ip6_tables: (C) 2000-2006 Netfilter Core Team
[    6.407260] sit: IPv6 over IPv4 tunneling driver
[    6.423547] NET: Registered protocol family 17
[    6.424493] bridge: automatic filtering via arp/ip/ip6tables has been deprecated. Update your scripts to load br_netfilter if you need this.
[    6.425670] Bridge firewalling registered
[    6.426110] Ebtables v2.0 registered
[    6.431070] 8021q: 802.1Q VLAN Support v1.8
[    6.451650] rtc_cmos rtc_cmos: setting system clock to 2025-07-23 16:24:30 UTC (1753287870)
[    6.472489] EXT2-fs (sda1): warning: mounting unchecked fs, running e2fsck is recommended
[    6.474552] VFS: Mounted root (ext2 filesystem) on device 8:1.
[    6.483278] Freeing YAMON memory: 956k freed
[    6.493828] Freeing unused kernel memory: 260K (8081f000 - 80860000)
[    6.580970] firmadyne: sys_reboot[PID: 48 (init)]: magic1:fee1dead, magic2:28121969, cmd:0
init started:  BusyBox v1.00 (2009.03.06-06:20+0000) multi-call binary
init started:  BusyBox v1.00 (2009.03.06-06:20+0000) multi-call binary
Starting pid 50, console /dev/ttyS0: '/usr/etc/rcS'
[    6.809837] firmadyne: do_execve: /firmadyne/console
[    6.810421] OFFSETS: offset of pid: 0x198 offset of comm: 0x278
[    6.866246] spurious 8259A interrupt: IRQ7.
[    6.906134] cfg80211: Calling CRDA to update world regulatory domain
insmod: cannot open module `/lib/modules/vnet.ko': No such file or directory
[   10.049991] cfg80211: Calling CRDA to update world regulatory domain
[   10.103810] firmadyne: ioctl: 0x1
insmod finish
BcmAtm_Initialize: open error 6
/usr/sbin/atmctl: ATM driver return code, state error
BcmAdsl : open error 6
/usr/sbin/adslctl: BcmAdsl_Initialize error
BcmAdsl : open error 6
/usr/sbin/adslctl->ConnectionHandler: BcmAdsl_ConnectionStart error
BcmAtm_Initialize: open error 6
ATM Operation Failed , 2 
/usr/sbin/atmctl: ATM driver return code, state error
[   10.437107] firmadyne: sys_socket[PID: 103 (brctl)]: family:2, type:2, protocol:0
[   10.490704] firmadyne: sys_socket[PID: 104 (brctl)]: family:2, type:2, protocol:0
[   10.535204] firmadyne: sys_socket[PID: 105 (ifconfig)]: family:2, type:1, protocol:0
[   10.549553] IPv6: ADDRCONF(NETDEV_UP): eth0: link is not ready
[   10.550260] 8021q: adding VLAN 0 to HW filter on device eth0
[   10.554881] e1000: eth0 NIC Link is Up 1000 Mbps Full Duplex, Flow Control: RX
[   10.556695] IPv6: ADDRCONF(NETDEV_CHANGE): eth0: link becomes ready
[   10.601436] firmadyne: sys_socket[PID: 106 (brctl)]: family:2, type:2, protocol:0
[   10.602517] random: nonblocking pool is initialized
[   10.603810] firmadyne: sys_socket[PID: 106 (brctl)]: family:10, type:1, protocol:0
[   10.605881] firmadyne: br_add_if[PID: 106 (brctl)]: br:br0 dev:eth0
[   10.610931] device eth0 entered promiscuous mode
[   10.658106] firmadyne: sys_socket[PID: 107 (ifconfig)]: family:2, type:1, protocol:0
[   10.667468] IPv6: ADDRCONF(NETDEV_UP): eth1: link is not ready
[   10.668076] 8021q: adding VLAN 0 to HW filter on device eth1
[   10.672077] e1000: eth1 NIC Link is Up 1000 Mbps Full Duplex, Flow Control: RX
[   10.673189] IPv6: ADDRCONF(NETDEV_CHANGE): eth1: link becomes ready
[   10.714844] firmadyne: sys_socket[PID: 108 (brctl)]: family:2, type:2, protocol:0
[   10.716198] firmadyne: sys_socket[PID: 108 (brctl)]: family:10, type:1, protocol:0
[   10.717897] firmadyne: br_add_if[PID: 108 (brctl)]: br:br0 dev:eth1
[   10.722183] device eth1 entered promiscuous mode
[   10.812350] firmadyne: sys_socket[PID: 110 (ifconfig)]: family:2, type:1, protocol:0
[   10.816023] firmadyne: __inet_insert_ifa[PID: 110 (ifconfig)]: device:lo ifa:0x7f000001
[   10.819143] firmadyne: __inet_insert_ifa[PID: 110 (ifconfig)]: device:lo ifa:0x7f000001
[   10.868066] firmadyne: sys_socket[PID: 111 (route)]: family:2, type:1, protocol:0
[   11.099600] firmadyne: sys_socket[PID: 114 (klogd)]: family:1, type:1, protocol:0
[   11.101368] firmadyne: sys_socket[PID: 114 (klogd)]: family:1, type:2, protocol:0
[   11.113052] firmadyne: sys_socket[PID: 114 (klogd)]: family:1, type:1, protocol:0
[   11.118748] firmadyne: sys_socket[PID: 114 (klogd)]: family:1, type:2, protocol:0
[   11.120999] firmadyne: sys_socket[PID: 114 (klogd)]: family:1, type:1, protocol:0
[   11.126808] firmadyne: sys_socket[PID: 114 (klogd)]: family:1, type:2, protocol:0
[   11.129200] firmadyne: sys_socket[PID: 114 (klogd)]: family:1, type:1, protocol:0
[   11.134342] firmadyne: sys_socket[PID: 114 (klogd)]: family:1, type:2, protocol:0
[   11.136632] firmadyne: sys_socket[PID: 114 (klogd)]: family:1, type:1, protocol:0
[   11.142617] firmadyne: sys_socket[PID: 114 (klogd)]: family:1, type:2, protocol:0
[   11.144973] firmadyne: sys_socket[PID: 114 (klogd)]: family:1, type:1, protocol:0
[   11.150315] firmadyne: sys_socket[PID: 114 (klogd)]: family:1, type:2, protocol:0
[   11.152639] firmadyne: sys_socket[PID: 114 (klogd)]: family:1, type:1, protocol:0
[   11.157929] firmadyne: sys_socket[PID: 114 (klogd)]: family:1, type:2, protocol:0
[   11.160251] firmadyne: sys_socket[PID: 114 (klogd)]: family:1, type:1, protocol:0
[   11.161342] firmadyne: sys_socket[PID: 114 (klogd)]: family:1, type:2, protocol:0
[   11.171633] firmadyne: sys_socket[PID: 114 (klogd)]: family:1, type:1, protocol:0
[   11.172762] firmadyne: sys_socket[PID: 114 (klogd)]: family:1, type:2, protocol:0
nvram_init: Initializing NVRAM...
[   11.179417] firmadyne: sys_socket[PID: 114 (klogd)]: family:1, type:1, protocol:0
[   11.180552] firmadyne: sys_socket[PID: 114 (klogd)]: family:1, type:2, protocol:0
sem_get: Key: 4101c003
[   11.190131] firmadyne: sys_socket[PID: 114 (klogd)]: family:1, type:1, protocol:0
[   11.191428] firmadyne: sys_socket[PID: 114 (klogd)]: family:1, type:2, protocol:0
[   11.193596] firmadyne: sys_socket[PID: 114 (klogd)]: family:1, type:1, protocol:0
[   11.195016] firmadyne: sys_socket[PID: 114 (klogd)]: family:1, type:2, protocol:0
[   11.197224] firmadyne: sys_socket[PID: 114 (klogd)]: family:1, type:1, protocol:0
sem_get: Key: 410f00a4
[   11.202269] firmadyne: sys_socket[PID: 114 (klogd)]: family:1, type:2, protocol:0
[   11.204509] firmadyne: sys_socket[PID: 114 (klogd)]: family:1, type:1, protocol:0
[   11.205679] firmadyne: sys_socket[PID: 114 (klogd)]: family:1, type:2, protocol:0
nvram_set_default_builtin: Setting built-in default values!
nvram_set: console_loglevel = "7"
sem_get: Key: 410f00a4
[   11.216450] firmadyne: sys_socket[PID: 114 (klogd)]: family:1, type:1, protocol:0
[   11.217614] firmadyne: sys_socket[PID: 114 (klogd)]: family:1, type:2, protocol:0
[   11.220016] firmadyne: sys_socket[PID: 114 (klogd)]: family:1, type:1, protocol:0
[   11.221133] firmadyne: sys_socket[PID: 114 (klogd)]: family:1, type:2, protocol:0
sem_get: Key: 410f00a4
nvram_set: restore_defaults = "1"
sem_get: Key: 410f00a4
[   11.231570] firmadyne: sys_socket[PID: 114 (klogd)]: family:1, type:1, protocol:0
[   11.232716] firmadyne: sys_socket[PID: 114 (klogd)]: family:1, type:2, protocol:0
sem_get: Key: 410f00a4
nvram_set: sku_name[   11.239549] firmadyne: sys_socket[PID: 114 (klogd)]: family:1, type:1, protocol:0
[   11.240716] firmadyne: sys_socket[PID: 114 (klogd)]: family:1, type:2, protocol:0
 = ""
sem_get: Key: 410f00a4
sem_get: Key: 410f00a4[   11.247552] firmadyne: sys_socket[PID: 114 (klogd)]: family:1, type:1, protocol:0
[   11.248708] firmadyne: sys_socket[PID: 114 (klogd)]: family:1, type:2, protocol:0
[   11.251197] firmadyne: sys_socket[PID: 114 (klogd)]: family:1, type:1, protocol:0
[   11.252460] firmadyne: sys_socket[PID: 114 (klogd)]: family:1, type:2, protocol:0

nvram_set: wla_wlanstate = ""
sem_get: Key: 410f00a4[   11.259271] firmadyne: sys_socket[PID: 114 (klogd)]: family:1, type:1, protocol:0
[   11.260458] firmadyne: sys_socket[PID: 114 (klogd)]: family:1, type:2, protocol:0

sem_get: Key: 410f00a4
nvram_set[   11.267159] firmadyne: sys_socket[PID: 114 (klogd)]: family:1, type:1, protocol:0
[   11.268291] firmadyne: sys_socket[PID: 114 (klogd)]: family:1, type:2, protocol:0
: lan_if = "br0"
sem_get: Key: 410f00a4
[   11.274660] firmadyne: sys_socket[PID: 114 (klogd)]: family:1, type:1, protocol:0
[   11.275855] firmadyne: sys_socket[PID: 114 (klogd)]: family:1, type:2, protocol:0
sem_get: Key: 410f00a4
nvram_set: lan_ipaddr = "[   11.282553] firmadyne: sys_socket[PID: 114 (klogd)]: family:1, type:1, protocol:0
[   11.283775] firmadyne: sys_socket[PID: 114 (klogd)]: family:1, type:2, protocol:0
192.168.0.50"
sem_get: Key: 410f00a4
sem_get[   11.290321] firmadyne: sys_socket[PID: 114 (klogd)]: family:1, type:1, protocol:0
[   11.291526] firmadyne: sys_socket[PID: 114 (klogd)]: family:1, type:2, protocol:0
: Key: 410f00a4
nvram_set: lan_bipaddr = "192.168.0.255"
[   11.298078] firmadyne: sys_socket[PID: 114 (klogd)]: family:1, type:1, protocol:0
[   11.299303] firmadyne: sys_socket[PID: 114 (klogd)]: family:1, type:2, protocol:0
[   11.301539] firmadyne: sys_socket[PID: 114 (klogd)]: family:1, type:1, protocol:0
sem_get: Key: 410f00a4
sem_get: Key: 410f00a4
nvram_set: lan_netmask = "255.255.255.0"
[   11.310311] firmadyne: sys_socket[PID: 114 (klogd)]: family:1, type:2, protocol:0
[   11.312587] firmadyne: sys_socket[PID: 114 (klogd)]: family:1, type:1, protocol:0
sem_get: Key: 410f00a4
sem_get: Key: 410f00a4
[   11.318030] firmadyne: sys_socket[PID: 114 (klogd)]: family:1, type:2, protocol:0
[   11.320482] firmadyne: sys_socket[PID: 114 (klogd)]: family:1, type:1, protocol:0
[   11.321637] firmadyne: sys_socket[PID: 114 (klogd)]: family:1, type:2, protocol:0
nvram_set: time_zone = "PST8PDT"
[   11.327378] firmadyne: sys_socket[PID: 114 (klogd)]: family:1, type:1, protocol:0
[   11.328489] firmadyne: sys_socket[PID: 114 (klogd)]: family:1, type:2, protocol:0
sem_get: Key: 410f00a4
sem_get: Key: 410f00a4
[   11.335041] firmadyne: sys_socket[PID: 114 (klogd)]: family:1, type:1, protocol:0
[   11.336285] firmadyne: sys_socket[PID: 114 (klogd)]: family:1, type:2, protocol:0
nvram_set: wan_hwaddr_def = "01:23:45:67:89:ab"
sem_get: Key: 410f00a4[   11.343090] firmadyne: sys_socket[PID: 114 (klogd)]: family:1, type:1, protocol:0
[   11.344266] firmadyne: sys_socket[PID: 114 (klogd)]: family:1, type:2, protocol:0

sem_get: Key: 410f00a4
[   11.350632] firmadyne: sys_socket[PID: 114 (klogd)]: family:1, type:1, protocol:0
[   11.351929] firmadyne: sys_socket[PID: 114 (klogd)]: family:1, type:2, protocol:0
nvram_set: wan_ifname = "eth0"
sem_get: Key: 410f00a4
[   11.358465] firmadyne: sys_socket[PID: 114 (klogd)]: family:1, type:1, protocol:0
[   11.359682] firmadyne: sys_socket[PID: 114 (klogd)]: family:1, type:2, protocol:0
sem_get: Key: 410f00a4
nvram_set: lan_ifnames = "[   11.366499] firmadyne: sys_socket[PID: 114 (klogd)]: family:1, type:1, protocol:0
[   11.367678] firmadyne: sys_socket[PID: 114 (klogd)]: family:1, type:2, protocol:0
eth1 eth2 eth3 eth4"
sem_get: Key: 410f00a4
sem_get: Key: [   11.374367] firmadyne: sys_socket[PID: 114 (klogd)]: family:1, type:1, protocol:0
[   11.375541] firmadyne: sys_socket[PID: 114 (klogd)]: family:1, type:2, protocol:0
410f00a4
nvram_set: ethConver = "1"
[   11.382007] firmadyne: sys_socket[PID: 114 (klogd)]: family:1, type:1, protocol:0
[   11.383198] firmadyne: sys_socket[PID: 114 (klogd)]: family:1, type:2, protocol:0
[   11.385564] firmadyne: sys_socket[PID: 114 (klogd)]: family:1, type:1, protocol:0
sem_get: Key: 410f00a4
sem_get: Key: [   11.390523] firmadyne: sys_socket[PID: 114 (klogd)]: family:1, type:2, protocol:0
[   11.392765] firmadyne: sys_socket[PID: 114 (klogd)]: family:1, type:1, protocol:0
410f00a4
nvram_set: lan_proto = "dhcp"
[   11.398113] firmadyne: sys_socket[PID: 114 (klogd)]: family:1, type:2, protocol:0
[   11.400388] firmadyne: sys_socket[PID: 114 (klogd)]: family:1, type:1, protocol:0
sem_get: Key: 410f00a4
sem_get: Key: 410f00a4
nvram_set: wan_ipaddr = "0.0.0.0"
sem_get: Key: [   11.410280] firmadyne: sys_socket[PID: 114 (klogd)]: family:1, type:2, protocol:0
[   11.412593] firmadyne: sys_socket[PID: 114 (klogd)]: family:1, type:1, protocol:0
410f00a4
sem_get: Key: 410f00a4
nvram_set: wan_netmask = "255.255.255.0"
sem_get: Key: [   11.422041] firmadyne: sys_socket[PID: 114 (klogd)]: family:1, type:2, protocol:0
[   11.424266] firmadyne: sys_socket[PID: 114 (klogd)]: family:1, type:1, protocol:0
[   11.425372] firmadyne: sys_socket[PID: 114 (klogd)]: family:1, type:2, protocol:0
[   11.428066] firmadyne: sys_socket[PID: 114 (klogd)]: family:1, type:1, protocol:0
[   11.429221] firmadyne: sys_socket[PID: 114 (klogd)]: family:1, type:2, protocol:0
410f00a4
sem_get: Key: 410f00a4
[   11.435458] firmadyne: sys_socket[PID: 114 (klogd)]: family:1, type:1, protocol:0
[   11.436615] firmadyne: sys_socket[PID: 114 (klogd)]: family:1, type:2, protocol:0
nvram_set: wanif = "eth0"
sem_get: Key: 410f00a4
[   11.443199] firmadyne: sys_socket[PID: 114 (klogd)]: family:1, type:1, protocol:0
[   11.444355] firmadyne: sys_socket[PID: 114 (klogd)]: family:1, type:2, protocol:0
sem_get: Key: 410f00a4
nvram_set: [   11.451085] firmadyne: sys_socket[PID: 114 (klogd)]: family:1, type:1, protocol:0
[   11.452281] firmadyne: sys_socket[PID: 114 (klogd)]: family:1, type:2, protocol:0
time_zone_x = "0"
sem_get: Key: 410f00a4
[   11.458887] firmadyne: sys_socket[PID: 114 (klogd)]: family:1, type:1, protocol:0
[   11.460051] firmadyne: sys_socket[PID: 114 (klogd)]: family:1, type:2, protocol:0
sem_get: Key: 410f00a4
nvram_set: rip_multicast = "0[   11.466568] firmadyne: sys_socket[PID: 114 (klogd)]: family:1, type:1, protocol:0
[   11.467740] firmadyne: sys_socket[PID: 114 (klogd)]: family:1, type:2, protocol:0
"
sem_get: Key: 410f00a4
sem_get: Key: 410f00a4
nvram_set: [   11.478182] firmadyne: sys_socket[PID: 114 (klogd)]: family:1, type:1, protocol:0
[   11.479338] firmadyne: sys_socket[PID: 114 (klogd)]: family:1, type:2, protocol:0
[   11.481569] firmadyne: sys_socket[PID: 114 (klogd)]: family:1, type:1, protocol:0
bs_trustedip_enable = "0"
sem_get: Key: 410f00a4
[   11.486352] firmadyne: sys_socket[PID: 114 (klogd)]: family:1, type:2, protocol:0
[   11.488547] firmadyne: sys_socket[PID: 114 (klogd)]: family:1, type:1, protocol:0
sem_get: Key: 410f00a4
nvram_set: et0macaddr[   11.494233] firmadyne: sys_socket[PID: 114 (klogd)]: family:1, type:2, protocol:0
[   11.496490] firmadyne: sys_socket[PID: 114 (klogd)]: family:1, type:1, protocol:0
[   11.497656] firmadyne: sys_socket[PID: 114 (klogd)]: family:1, type:2, protocol:0
 = "01:23:45:67:89:ab"
sem_get: Key: 410f00a4
sem_get: Key: 410f00a4
nvram_set: filter_rule_tbl[   11.507458] firmadyne: sys_socket[PID: 114 (klogd)]: family:1, type:1, protocol:0
[   11.508644] firmadyne: sys_socket[PID: 114 (klogd)]: family:1, type:2, protocol:0
[   11.511215] firmadyne: sys_socket[PID: 114 (klogd)]: family:1, type:1, protocol:0
[   11.512349] firmadyne: sys_socket[PID: 114 (klogd)]: family:1, type:2, protocol:0
 = ""
sem_get: Key: 410f00a4
sem_get: Key: 410f00a4[   11.519141] firmadyne: sys_socket[PID: 114 (klogd)]: family:1, type:1, protocol:0
[   11.520323] firmadyne: sys_socket[PID: 114 (klogd)]: family:1, type:2, protocol:0

nvram_set: pppoe2_schedule_config = "127:0:0:23:59"
sem_get[   11.526865] firmadyne: sys_socket[PID: 114 (klogd)]: family:1, type:1, protocol:0
[   11.528034] firmadyne: sys_socket[PID: 114 (klogd)]: family:1, type:2, protocol:0
: Key: 410f00a4
sem_get: Key: 410f00a4
[   11.534501] firmadyne: sys_socket[PID: 114 (klogd)]: family:1, type:1, protocol:0
[   11.535681] firmadyne: sys_socket[PID: 114 (klogd)]: family:1, type:2, protocol:0
nvram_set: schedule_config = "127:0:0:23:59"
sem_get: Key: 410f00a4
[   11.542187] firmadyne: sys_socket[PID: 114 (klogd)]: family:1, type:1, protocol:0
[   11.543391] firmadyne: sys_socket[PID: 114 (klogd)]: family:1, type:2, protocol:0
[   11.545665] firmadyne: sys_socket[PID: 114 (klogd)]: family:1, type:1, protocol:0
sem_get: Key: 410f00a4
nvram_set: access_control_mode = "0"
sem_get: Key: 410f00a4
[   11.554746] firmadyne: sys_socket[PID: 114 (klogd)]: family:1, type:2, protocol:0
[   11.557034] firmadyne: sys_socket[PID: 114 (klogd)]: family:1, type:1, protocol:0
[   11.558741] firmadyne: sys_socket[PID: 114 (klogd)]: family:1, type:2, protocol:0
[   11.560938] firmadyne: sys_socket[PID: 114 (klogd)]: family:1, type:1, protocol:0
sem_get: Key: 410f00a4
nvram_set: fwpt_df_count[   11.566455] firmadyne: sys_socket[PID: 114 (klogd)]: family:1, type:2, protocol:0
[   11.568792] firmadyne: sys_socket[PID: 114 (klogd)]: family:1, type:1, protocol:0
 = "0"
sem_get: Key: 410f00a4
sem_get[   11.574528] firmadyne: sys_socket[PID: 114 (klogd)]: family:1, type:2, protocol:0
[   11.576848] firmadyne: sys_socket[PID: 114 (klogd)]: family:1, type:1, protocol:0
: Key: 410f00a4
nvram_set: static_if_status = "1"
[   11.582422] firmadyne: sys_socket[PID: 114 (klogd)]: family:1, type:2, protocol:0
[   11.584695] firmadyne: sys_socket[PID: 114 (klogd)]: family:1, type:1, protocol:0
sem_get: Key: 410f00a4
sem_get: Key: 410f00a4
[   11.590311] firmadyne: sys_socket[PID: 114 (klogd)]: family:1, type:2, protocol:0
[   11.592561] firmadyne: sys_socket[PID: 114 (klogd)]: family:1, type:1, protocol:0
nvram_set: www_relocation = ""
sem_get: Key: 410f00a4[   11.598681] firmadyne: sys_socket[PID: 114 (klogd)]: family:1, type:2, protocol:0
[   11.600992] firmadyne: sys_socket[PID: 114 (klogd)]: family:1, type:1, protocol:0

sem_get: Key: 410f00a4
[   11.606263] firmadyne: sys_socket[PID: 114 (klogd)]: family:1, type:2, protocol:0
[   11.608432] firmadyne: sys_socket[PID: 114 (klogd)]: family:1, type:1, protocol:0
[   11.609597] firmadyne: sys_socket[PID: 114 (klogd)]: family:1, type:2, protocol:0
nvram_set: usb_info_dev0 = "A200396E0402FF83@1@14.4G@U@1@USB_Storage;U:;0;0@"
sem_get[   11.616521] firmadyne: sys_socket[PID: 114 (klogd)]: family:1, type:1, protocol:0
[   11.617915] firmadyne: sys_socket[PID: 114 (klogd)]: family:1, type:2, protocol:0
[   11.620065] firmadyne: sys_socket[PID: 114 (klogd)]: family:1, type:1, protocol:0
[   11.621325] firmadyne: sys_socket[PID: 114 (klogd)]: family:1, type:2, protocol:0
: Key: 410f00a4
sem_get: Key: 410f00a4
nvram_set: usb_info_dev1 = "A200396E0402FF83@1@14.4G@U@1@USB_Storage;U:;0;0@"
[   11.631410] firmadyne: sys_socket[PID: 114 (klogd)]: family:1, type:1, protocol:0
[   11.632549] firmadyne: sys_socket[PID: 114 (klogd)]: family:1, type:2, protocol:0
sem_get: Key: 410f00a4
sem_get: Key: 410f00a4
[   11.639314] firmadyne: sys_socket[PID: 114 (klogd)]: family:1, type:1, protocol:0
[   11.640483] firmadyne: sys_socket[PID: 114 (klogd)]: family:1, type:2, protocol:0
nvram_set: usb_info_dev2 = "A200396E0402FF83@1@14.4G@U@1@USB_Storage;U:;0;0@"
sem_get[   11.647090] firmadyne: sys_socket[PID: 114 (klogd)]: family:1, type:1, protocol:0
[   11.648282] firmadyne: sys_socket[PID: 114 (klogd)]: family:1, type:2, protocol:0
: Key: 410f00a4
sem_get: Key: 410f00a4
[   11.654617] firmadyne: sys_socket[PID: 114 (klogd)]: family:1, type:1, protocol:0
[   11.655817] firmadyne: sys_socket[PID: 114 (klogd)]: family:1, type:2, protocol:0
nvram_set: usb_info_dev3 = "A200396E0402FF83@1@14.4G@U@1@USB_Storage;U:;0;0@"
sem_get: Key: 410f00a4[   11.662585] firmadyne: sys_socket[PID: 114 (klogd)]: family:1, type:1, protocol:0
[   11.663790] firmadyne: sys_socket[PID: 114 (klogd)]: family:1, type:2, protocol:0

sem_get: Key: 410f00a4
[   11.671104] firmadyne: sys_socket[PID: 114 (klogd)]: family:1, type:1, protocol:0
[   11.672294] firmadyne: sys_socket[PID: 114 (klogd)]: family:1, type:2, protocol:0
nvram_set: usb_info_dev4 = "A200396E0402FF83@1@14.4G@U@1@USB_Storage;U:;0;0@"
sem_get: Key: 410f00a4
[   11.678620] firmadyne: sys_socket[PID: 114 (klogd)]: family:1, type:1, protocol:0
[   11.679831] firmadyne: sys_socket[PID: 114 (klogd)]: family:1, type:2, protocol:0
sem_get: Key: 410f00a4
nvram_set[   11.686527] firmadyne: sys_socket[PID: 114 (klogd)]: family:1, type:1, protocol:0
[   11.687722] firmadyne: sys_socket[PID: 114 (klogd)]: family:1, type:2, protocol:0
: usb_info_dev5 = "A200396E0402FF83@1@14.4G@U@1@USB_Storage;U:;0;0@"
sem_get: Key: 410f00a4
[   11.694298] firmadyne: sys_socket[PID: 114 (klogd)]: family:1, type:1, protocol:0
[   11.695484] firmadyne: sys_socket[PID: 114 (klogd)]: family:1, type:2, protocol:0
sem_get: Key: 410f00a4
nvram_set: usb_info_dev6 = "[   11.702213] firmadyne: sys_socket[PID: 114 (klogd)]: family:1, type:1, protocol:0
[   11.703405] firmadyne: sys_socket[PID: 114 (klogd)]: family:1, type:2, protocol:0
A200396E0402FF83@1@14.4G@U@1@USB_Storage;U:;0;0@"
sem_get: Key: 410f00a4
sem_get: Key: 410f00a4
nvram_set: usb_info_dev7 = "A200396E0402FF83@1@14.4G@U@1@USB_Storage;U:;0;0@"
sem_get: Key: 410f00a4
sem_get[   11.726409] firmadyne: sys_socket[PID: 114 (klogd)]: family:1, type:1, protocol:0
[   11.727582] firmadyne: sys_socket[PID: 114 (klogd)]: family:1, type:2, protocol:0
: Key: 410f00a4
nvram_set: usb_info_dev8 = "A200396E0402FF83@1@14.4G@U@1@USB_Storage;U:;0;0@"
[   11.734476] firmadyne: sys_socket[PID: 114 (klogd)]: family:1, type:1, protocol:0
[   11.735708] firmadyne: sys_socket[PID: 114 (klogd)]: family:1, type:2, protocol:0
sem_get: Key: 410f00a4
sem_get: Key: 410f00a4
[   11.742262] firmadyne: sys_socket[PID: 114 (klogd)]: family:1, type:1, protocol:0
[   11.743452] firmadyne: sys_socket[PID: 114 (klogd)]: family:1, type:2, protocol:0
nvram_set: usb_info_dev9 = "A200396E0402FF83@1@14.4G@U@1@USB_Storage;U:;0;0@"
sem_get: Key: [   11.750180] firmadyne: sys_socket[PID: 114 (klogd)]: family:1, type:1, protocol:0
[   11.751380] firmadyne: sys_socket[PID: 114 (klogd)]: family:1, type:2, protocol:0
410f00a4
sem_get: Key: 410f00a4
[   11.757952] firmadyne: sys_socket[PID: 114 (klogd)]: family:1, type:1, protocol:0
[   11.759132] firmadyne: sys_socket[PID: 114 (klogd)]: family:1, type:2, protocol:0
[   11.761324] firmadyne: sys_socket[PID: 114 (klogd)]: family:1, type:1, protocol:0
nvram_set: usb_info_dev10 = "A200396E0402FF83@1@14.4G@U@1@USB_Storage;U:;0;0@"
sem_get: Key: [   11.766483] firmadyne: sys_socket[PID: 114 (klogd)]: family:1, type:2, protocol:0
[   11.768795] firmadyne: sys_socket[PID: 114 (klogd)]: family:1, type:1, protocol:0
410f00a4
sem_get: Key: 410f00a4
[   11.774281] firmadyne: sys_socket[PID: 114 (klogd)]: family:1, type:2, protocol:0
[   11.777211] firmadyne: sys_socket[PID: 114 (klogd)]: family:1, type:1, protocol:0
nvram_set: usb_info_dev11 = "A200396E0402FF83@1@14.4G@U@1@USB_Storage;U:;0;0@"
sem_get: Key: 410f00a4[   11.782569] firmadyne: sys_socket[PID: 114 (klogd)]: family:1, type:2, protocol:0
[   11.784881] firmadyne: sys_socket[PID: 114 (klogd)]: family:1, type:1, protocol:0

sem_get: Key: 410f00a4
[   11.790287] firmadyne: sys_socket[PID: 114 (klogd)]: family:1, type:2, protocol:0
[   11.792595] firmadyne: sys_socket[PID: 114 (klogd)]: family:1, type:1, protocol:0
nvram_set: usb_info_dev12 = "A200396E0402FF83@1@14.4G@U@1@USB_Storage;U:;0;0@"
sem_get: Key: 410f00a4
[   11.797985] firmadyne: sys_socket[PID: 114 (klogd)]: family:1, type:2, protocol:0
[   11.800343] firmadyne: sys_socket[PID: 114 (klogd)]: family:1, type:1, protocol:0
[   11.801493] firmadyne: sys_socket[PID: 114 (klogd)]: family:1, type:2, protocol:0
sem_get: Key: 410f00a4
nvram_set: usb_info_dev13 = "A200396E0402FF83@1@14.4G@U@1@USB_Storage;U:;0;0@"
sem_get: Key: 410f00a4
[   11.811443] firmadyne: sys_socket[PID: 114 (klogd)]: family:1, type:1, protocol:0
[   11.812592] firmadyne: sys_socket[PID: 114 (klogd)]: family:1, type:2, protocol:0
sem_get: Key: 410f00a4
nvram_set: usb_info_dev14 = "A200396E0402FF83@1@14.4G@U@1@USB_Storage;U:;0;0@"
sem_get: Key: 410f00a4[   11.823304] firmadyne: sys_socket[PID: 114 (klogd)]: family:1, type:1, protocol:0
[   11.824468] firmadyne: sys_socket[PID: 114 (klogd)]: family:1, type:2, protocol:0
[   11.827270] firmadyne: sys_socket[PID: 114 (klogd)]: family:1, type:1, protocol:0
[   11.828416] firmadyne: sys_socket[PID: 114 (klogd)]: family:1, type:2, protocol:0

sem_get: Key: 410f00a4
[   11.834856] firmadyne: sys_socket[PID: 114 (klogd)]: family:1, type:1, protocol:0
[   11.836029] firmadyne: sys_socket[PID: 114 (klogd)]: family:1, type:2, protocol:0
nvram_set: usb_info_dev15 = "A200396E0402FF83@1@14.4G@U@1@USB_Storage;U:;0;0@"
sem_get: Key: 410f00a4[   11.842735] firmadyne: sys_socket[PID: 114 (klogd)]: family:1, type:1, protocol:0
[   11.843939] firmadyne: sys_socket[PID: 114 (klogd)]: family:1, type:2, protocol:0

sem_get: Key: 410f00a4
[   11.850502] firmadyne: sys_socket[PID: 114 (klogd)]: family:1, type:1, protocol:0
[   11.851697] firmadyne: sys_socket[PID: 114 (klogd)]: family:1, type:2, protocol:0
nvram_set: usb_info_dev16 = "A200396E0402FF83@1@14.4G@U@1@USB_Storage;U:;0;0@"
sem_get: Key: 410f00a4
[   11.858593] firmadyne: sys_socket[PID: 114 (klogd)]: family:1, type:1, protocol:0
[   11.859785] firmadyne: sys_socket[PID: 114 (klogd)]: family:1, type:2, protocol:0
sem_get: Key: 410f00a4
nvram_set: usb_info_dev17[   11.866634] firmadyne: sys_socket[PID: 114 (klogd)]: family:1, type:1, protocol:0
[   11.867794] firmadyne: sys_socket[PID: 114 (klogd)]: family:1, type:2, protocol:0
 = "A200396E0402FF83@1@14.4G@U@1@USB_Storage;U:;0;0@"
sem_get: Key: 410f00a4
sem_get[   11.874602] firmadyne: sys_socket[PID: 114 (klogd)]: family:1, type:1, protocol:0
[   11.875806] firmadyne: sys_socket[PID: 114 (klogd)]: family:1, type:2, protocol:0
: Key: 410f00a4
nvram_set: usb_info_dev18 = "A200396E0402FF83@1@14.4G@U@1@USB_Storage;U:;0;0@[   11.882400] firmadyne: sys_socket[PID: 114 (klogd)]: family:1, type:1, protocol:0
[   11.883612] firmadyne: sys_socket[PID: 114 (klogd)]: family:1, type:2, protocol:0
"
sem_get: Key: 410f00a4
sem_get: Key: 410f00a4[   11.890396] firmadyne: sys_socket[PID: 114 (klogd)]: family:1, type:1, protocol:0
[   11.891587] firmadyne: sys_socket[PID: 114 (klogd)]: family:1, type:2, protocol:0

nvram_set: usb_info_dev19 = "A200396E0402FF83@1@14.4G@U@1@USB_Storage;U:;0;0@"
[   11.898147] firmadyne: sys_socket[PID: 114 (klogd)]: family:1, type:1, protocol:0
[   11.899349] firmadyne: sys_socket[PID: 114 (klogd)]: family:1, type:2, protocol:0
sem_get: Key: 410f00a4
sem_get: Key: 410f00a4
[   11.906335] firmadyne: sys_socket[PID: 114 (klogd)]: family:1, type:1, protocol:0
[   11.907546] firmadyne: sys_socket[PID: 114 (klogd)]: family:1, type:2, protocol:0
nvram_set: usb_info_dev20 = "A200396E0402FF83@1@14.4G@U@1@USB_Storage;U:;0;0@"
sem_get: Key: [   11.914335] firmadyne: sys_socket[PID: 114 (klogd)]: family:1, type:1, protocol:0
[   11.915550] firmadyne: sys_socket[PID: 114 (klogd)]: family:1, type:2, protocol:0
410f00a4
sem_get: Key: 410f00a4
[   11.922133] firmadyne: sys_socket[PID: 114 (klogd)]: family:1, type:1, protocol:0
[   11.923321] firmadyne: sys_socket[PID: 114 (klogd)]: family:1, type:2, protocol:0
[   11.925642] firmadyne: sys_socket[PID: 114 (klogd)]: family:1, type:1, protocol:0
nvram_set: usb_info_dev21 = "A200396E0402FF83@1@14.4G@U@1@USB_Storage;U:;0;0@"
sem_get[   11.930491] firmadyne: sys_socket[PID: 114 (klogd)]: family:1, type:2, protocol:0
[   11.932800] firmadyne: sys_socket[PID: 114 (klogd)]: family:1, type:1, protocol:0
: Key: 410f00a4
sem_get: Key: 410f00a4
[   11.938114] firmadyne: sys_socket[PID: 114 (klogd)]: family:1, type:2, protocol:0
[   11.940468] firmadyne: sys_socket[PID: 114 (klogd)]: family:1, type:1, protocol:0
[   11.941628] firmadyne: sys_socket[PID: 114 (klogd)]: family:1, type:2, protocol:0
nvram_set: usb_info_dev22 = "A200396E0402FF83@1@14.4G@U@1@USB_Storage;U:;0;0@"
[   11.947495] firmadyne: sys_socket[PID: 114 (klogd)]: family:1, type:1, protocol:0
[   11.948676] firmadyne: sys_socket[PID: 114 (klogd)]: family:1, type:2, protocol:0
sem_get: Key: 410f00a4
sem_get: Key: 410f00a4[   11.955419] firmadyne: sys_socket[PID: 114 (klogd)]: family:1, type:1, protocol:0
[   11.956606] firmadyne: sys_socket[PID: 114 (klogd)]: family:1, type:2, protocol:0

nvram_set: usb_info_dev23 = "A200396E0402FF83@1@14.4G@U@1@USB_Storage;U:;0;0@"
sem_get: Key: 410f00a4
sem_get: Key: 410f00a4
[   11.967191] firmadyne: sys_socket[PID: 114 (klogd)]: family:1, type:1, protocol:0
[   11.968421] firmadyne: sys_socket[PID: 114 (klogd)]: family:1, type:2, protocol:0
nvram_set: usb_info_dev24 = "A200396E0402FF83@1@14.4G@U@1@USB_Storage;U:;0;0@"
sem_get[   11.975003] firmadyne: sys_socket[PID: 114 (klogd)]: family:1, type:1, protocol:0
[   11.976198] firmadyne: sys_socket[PID: 114 (klogd)]: family:1, type:2, protocol:0
: Key: 410f00a4
sem_get: Key: 410f00a4
[   11.982730] firmadyne: sys_socket[PID: 114 (klogd)]: family:1, type:1, protocol:0
[   11.983911] firmadyne: sys_socket[PID: 114 (klogd)]: family:1, type:2, protocol:0
nvram_set: usb_info_dev25 = "A200396E0402FF83@1@14.4G@U@1@USB_Storage;U:;0;0@"
sem_get: Key: 410f00a4[   11.990745] firmadyne: sys_socket[PID: 114 (klogd)]: family:1, type:1, protocol:0
[   11.991934] firmadyne: sys_socket[PID: 114 (klogd)]: family:1, type:2, protocol:0
[   11.994470] firmadyne: sys_socket[PID: 114 (klogd)]: family:1, type:1, protocol:0
[   11.995632] firmadyne: sys_socket[PID: 114 (klogd)]: family:1, type:2, protocol:0

sem_get: Key: 410f00a4
nvram_set: usb_info_dev26 = "A200396E0402FF83@1@14.4G@U@1@USB_Storage;U:;0;0@[   12.006231] firmadyne: sys_socket[PID: 114 (klogd)]: family:1, type:1, protocol:0
[   12.007428] firmadyne: sys_socket[PID: 114 (klogd)]: family:1, type:2, protocol:0
"
sem_get: Key: 410f00a4
sem_get: Key: 410f00a4[   12.015080] firmadyne: sys_socket[PID: 114 (klogd)]: family:1, type:1, protocol:0
[   12.016239] firmadyne: sys_socket[PID: 114 (klogd)]: family:1, type:2, protocol:0
[   12.018737] firmadyne: sys_socket[PID: 114 (klogd)]: family:1, type:1, protocol:0
[   12.020028] firmadyne: sys_socket[PID: 114 (klogd)]: family:1, type:2, protocol:0

nvram_set: usb_info_dev27 = "A200396E0402FF83@1@14.4G@U@1@USB_Storage;U:;0;0@"
sem_get: Key: 410f00a4
sem_get: Key: 410f00a4
[   12.030556] firmadyne: sys_socket[PID: 114 (klogd)]: family:1, type:1, protocol:0
[   12.031742] firmadyne: sys_socket[PID: 114 (klogd)]: family:1, type:2, protocol:0
nvram_set: usb_info_dev28 = "A200396E0402FF83@1@14.4G@U@1@USB_Storage;U:;0;0@"
sem_get: Key: [   12.038438] firmadyne: sys_socket[PID: 114 (klogd)]: family:1, type:1, protocol:0
[   12.039662] firmadyne: sys_socket[PID: 114 (klogd)]: family:1, type:2, protocol:0
410f00a4
sem_get: Key: 410f00a4
[   12.046257] firmadyne: sys_socket[PID: 114 (klogd)]: family:1, type:1, protocol:0
[   12.047461] firmadyne: sys_socket[PID: 114 (klogd)]: family:1, type:2, protocol:0
nvram_set: usb_info_dev29 = "A200396E0402FF83@1@14.4G@U@1@USB_Storage;U:;0;0@"
sem_get: Key: 410f00a4
[   12.054045] firmadyne: sys_socket[PID: 114 (klogd)]: family:1, type:1, protocol:0
[   12.055237] firmadyne: sys_socket[PID: 114 (klogd)]: family:1, type:2, protocol:0
[   12.057522] firmadyne: sys_socket[PID: 114 (klogd)]: family:1, type:1, protocol:0
sem_get: Key: 410f00a4
[   12.062271] firmadyne: sys_socket[PID: 114 (klogd)]: family:1, type:2, protocol:0
[   12.064592] firmadyne: sys_socket[PID: 114 (klogd)]: family:1, type:1, protocol:0
nvram_set: usb_info_dev30 = "A200396E0402FF83@1@14.4G@U@1@USB_Storage;U:;0;0@"
sem_get: Key: 410f00a4[   12.069992] firmadyne: sys_socket[PID: 114 (klogd)]: family:1, type:2, protocol:0
[   12.072334] firmadyne: sys_socket[PID: 114 (klogd)]: family:1, type:1, protocol:0
[   12.073501] firmadyne: sys_socket[PID: 114 (klogd)]: family:1, type:2, protocol:0

sem_get: Key: 410f00a4
[   12.079477] firmadyne: sys_socket[PID: 114 (klogd)]: family:1, type:1, protocol:0
[   12.080657] firmadyne: sys_socket[PID: 114 (klogd)]: family:1, type:2, protocol:0
nvram_set: usb_info_dev31 = "A200396E0402FF83@1@14.4G@U@1@USB_Storage;U:;0;0@"
sem_get: Key: [   12.087289] firmadyne: sys_socket[PID: 114 (klogd)]: family:1, type:1, protocol:0
[   12.088467] firmadyne: sys_socket[PID: 114 (klogd)]: family:1, type:2, protocol:0
410f00a4
sem_get: Key: 410f00a4
[   12.095041] firmadyne: sys_socket[PID: 114 (klogd)]: family:1, type:1, protocol:0
[   12.096251] firmadyne: sys_socket[PID: 114 (klogd)]: family:1, type:2, protocol:0
nvram_set: usb_info_dev32 = "A200396E0402FF83@1@14.4G@U@1@USB_Storage;U:;0;0@"
sem_get: Key: 410f00a4
sem_get: Key: 410f00a4
[   12.106708] firmadyne: sys_socket[PID: 114 (klogd)]: family:1, type:1, protocol:0
[   12.107892] firmadyne: sys_socket[PID: 114 (klogd)]: family:1, type:2, protocol:0
nvram_set: usb_info_dev33 = "A200396E0402FF83@1@14.4G@U@1@USB_Storage;U:;0;0@"
sem_get: Key: 410f00a4
sem_get: Key: 410f00a4
nvram_set: usb_info_dev34 = "A200396E0402FF83@1@14.4G@U@1@USB_Storage;U:;0;0@"
sem_get: Key: 410f00a4
[   12.130271] firmadyne: sys_socket[PID: 114 (klogd)]: family:1, type:1, protocol:0
[   12.131466] firmadyne: sys_socket[PID: 114 (klogd)]: family:1, type:2, protocol:0
sem_get: Key: 410f00a4
nvram_set: [   12.138117] firmadyne: sys_socket[PID: 114 (klogd)]: family:1, type:1, protocol:0
[   12.139299] firmadyne: sys_socket[PID: 114 (klogd)]: family:1, type:2, protocol:0
[   12.141581] firmadyne: sys_socket[PID: 114 (klogd)]: family:1, type:1, protocol:0
usb_info_dev35 = "A200396E0402FF83@1@14.4G@U@1@USB_Storage;U:;0;0@"
sem_get: Key: 410f00a4
[   12.146314] firmadyne: sys_socket[PID: 114 (klogd)]: family:1, type:2, protocol:0
[   12.148635] firmadyne: sys_socket[PID: 114 (klogd)]: family:1, type:1, protocol:0
sem_get: Key: 410f00a4
nvram_set[   12.154321] firmadyne: sys_socket[PID: 114 (klogd)]: family:1, type:2, protocol:0
[   12.156687] firmadyne: sys_socket[PID: 114 (klogd)]: family:1, type:1, protocol:0
: usb_info_dev36 = "A200396E0402FF83@1@14.4G@U@1@USB_Storage;U:;0;0@"
sem_get: Key: 410f00a4
[   12.162032] firmadyne: sys_socket[PID: 114 (klogd)]: family:1, type:2, protocol:0
[   12.164356] firmadyne: sys_socket[PID: 114 (klogd)]: family:1, type:1, protocol:0
[   12.165528] firmadyne: sys_socket[PID: 114 (klogd)]: family:1, type:2, protocol:0
sem_get: Key: 410f00a4
[   12.171463] firmadyne: sys_socket[PID: 114 (klogd)]: family:1, type:1, protocol:0
[   12.172664] firmadyne: sys_socket[PID: 114 (klogd)]: family:1, type:2, protocol:0
nvram_set: usb_info_dev37 = "A200396E0402FF83@1@14.4G@U@1@USB_Storage;U:;0;0@"
sem_get: Key: 410f00a4
[   12.179209] firmadyne: sys_socket[PID: 114 (klogd)]: family:1, type:1, protocol:0
[   12.180368] firmadyne: sys_socket[PID: 114 (klogd)]: family:1, type:2, protocol:0
sem_get: Key: 410f00a4
nvram_set: usb_info_dev38 = "A200396E0402FF83@1@14.4G@U@1@USB_Storage;U:;0;0@"
sem_get: Key: 410f00a4
[   12.190912] firmadyne: sys_socket[PID: 114 (klogd)]: family:1, type:1, protocol:0
[   12.192065] firmadyne: sys_socket[PID: 114 (klogd)]: family:1, type:2, protocol:0
sem_get: Key: 410f00a4
nvram_set: usb_info_dev39[   12.198939] firmadyne: sys_socket[PID: 114 (klogd)]: family:1, type:1, protocol:0
[   12.200148] firmadyne: sys_socket[PID: 114 (klogd)]: family:1, type:2, protocol:0
[   12.202685] firmadyne: sys_socket[PID: 114 (klogd)]: family:1, type:1, protocol:0
[   12.203835] firmadyne: sys_socket[PID: 114 (klogd)]: family:1, type:2, protocol:0
 = "A200396E0402FF83@1@14.4G@U@1@USB_Storage;U:;0;0@"
sem_get: Key: 410f00a4
[   12.210355] firmadyne: sys_socket[PID: 114 (klogd)]: family:1, type:1, protocol:0
[   12.211562] firmadyne: sys_socket[PID: 114 (klogd)]: family:1, type:2, protocol:0
sem_get: Key: 410f00a4
nvram_set: usb_info_dev40 = "A200396E0402FF83@1@14.4G@U@1@USB_Storage;U:;0;0@"
sem_get: Key: 410f00a4
[   12.222103] firmadyne: sys_socket[PID: 114 (klogd)]: family:1, type:1, protocol:0
[   12.223261] firmadyne: sys_socket[PID: 114 (klogd)]: family:1, type:2, protocol:0
[   12.225520] firmadyne: sys_socket[PID: 114 (klogd)]: family:1, type:1, protocol:0
sem_get: Key: 410f00a4
nvram_set[   12.230367] firmadyne: sys_socket[PID: 114 (klogd)]: family:1, type:2, protocol:0
[   12.232710] firmadyne: sys_socket[PID: 114 (klogd)]: family:1, type:1, protocol:0
: usb_info_dev41 = "A200396E0402FF83@1@14.4G@U@1@USB_Storage;U:;0;0@"
sem_get: Key: 410f00a4
[   12.238176] firmadyne: sys_socket[PID: 114 (klogd)]: family:1, type:2, protocol:0
[   12.240567] firmadyne: sys_socket[PID: 114 (klogd)]: family:1, type:1, protocol:0
sem_get: Key: 410f00a4
nvram_set: usb_info_dev42[   12.246298] firmadyne: sys_socket[PID: 114 (klogd)]: family:1, type:2, protocol:0
[   12.248687] firmadyne: sys_socket[PID: 114 (klogd)]: family:1, type:1, protocol:0
 = "A200396E0402FF83@1@14.4G@U@1@USB_Storage;U:;0;0@"
sem_get: Key: 410f00a4
[   12.254145] firmadyne: sys_socket[PID: 114 (klogd)]: family:1, type:2, protocol:0
[   12.256464] firmadyne: sys_socket[PID: 114 (klogd)]: family:1, type:1, protocol:0
[   12.257667] firmadyne: sys_socket[PID: 114 (klogd)]: family:1, type:2, protocol:0
sem_get: Key: 410f00a4
nvram_set: usb_info_dev43 = "A200396E0402FF83@1@14.4G@U@1@USB_Storage;U:;0;0@"
sem_get: Key: 410f00a4
[   12.267464] firmadyne: sys_socket[PID: 114 (klogd)]: family:1, type:1, protocol:0
[   12.268779] firmadyne: sys_socket[PID: 114 (klogd)]: family:1, type:2, protocol:0
[   12.271491] firmadyne: sys_socket[PID: 114 (klogd)]: family:1, type:1, protocol:0
[   12.272664] firmadyne: sys_socket[PID: 114 (klogd)]: family:1, type:2, protocol:0
sem_get: Key: 410f00a4
nvram_set: usb_info_dev44 = "[   12.279584] firmadyne: sys_socket[PID: 114 (klogd)]: family:1, type:1, protocol:0
[   12.280748] firmadyne: sys_socket[PID: 114 (klogd)]: family:1, type:2, protocol:0
A200396E0402FF83@1@14.4G@U@1@USB_Storage;U:;0;0@"
sem_get: Key: 410f00a4
sem_get[   12.287630] firmadyne: sys_socket[PID: 114 (klogd)]: family:1, type:1, protocol:0
[   12.289035] firmadyne: sys_socket[PID: 114 (klogd)]: family:1, type:2, protocol:0
: Key: 410f00a4
nvram_set: usb_info_dev45 = "A200396E0402FF83@1@14.4G@U@1@USB_Storage;U:;0;0@[   12.295822] firmadyne: sys_socket[PID: 114 (klogd)]: family:1, type:1, protocol:0
[   12.296980] firmadyne: sys_socket[PID: 114 (klogd)]: family:1, type:2, protocol:0
"
sem_get: Key: 410f00a4
sem_get: Key: [   12.303464] firmadyne: sys_socket[PID: 114 (klogd)]: family:1, type:1, protocol:0
[   12.304611] firmadyne: sys_socket[PID: 114 (klogd)]: family:1, type:2, protocol:0
410f00a4
nvram_set: usb_info_dev46 = "A200396E0402FF83@1@14.4G@U@1@USB_Storage;U:;0;0@"
[   12.311425] firmadyne: sys_socket[PID: 114 (klogd)]: family:1, type:1, protocol:0
[   12.312588] firmadyne: sys_socket[PID: 114 (klogd)]: family:1, type:2, protocol:0
sem_get: Key: 410f00a4
sem_get: Key: 410f00a4
[   12.319370] firmadyne: sys_socket[PID: 114 (klogd)]: family:1, type:1, protocol:0
[   12.320539] firmadyne: sys_socket[PID: 114 (klogd)]: family:1, type:2, protocol:0
nvram_set: usb_info_dev47 = "A200396E0402FF83@1@14.4G@U@1@USB_Storage;U:;0;0@"
sem_get[   12.327294] firmadyne: sys_socket[PID: 114 (klogd)]: family:1, type:1, protocol:0
[   12.328479] firmadyne: sys_socket[PID: 114 (klogd)]: family:1, type:2, protocol:0
: Key: 410f00a4
sem_get: Key: 410f00a4
[   12.335019] firmadyne: sys_socket[PID: 114 (klogd)]: family:1, type:1, protocol:0
[   12.336193] firmadyne: sys_socket[PID: 114 (klogd)]: family:1, type:2, protocol:0
nvram_set: usb_info_dev48 = "A200396E0402FF83@1@14.4G@U@1@USB_Storage;U:;0;0@"
sem_get: Key: [   12.342798] firmadyne: sys_socket[PID: 114 (klogd)]: family:1, type:1, protocol:0
[   12.343997] firmadyne: sys_socket[PID: 114 (klogd)]: family:1, type:2, protocol:0
410f00a4
sem_get: Key: 410f00a4
[   12.350585] firmadyne: sys_socket[PID: 114 (klogd)]: family:1, type:1, protocol:0
[   12.351774] firmadyne: sys_socket[PID: 114 (klogd)]: family:1, type:2, protocol:0
nvram_set: usb_info_dev49 = "A200396E0402FF83@1@14.4G@U@1@USB_Storage;U:;0;0@"
sem_get: Key: 410f00a4[   12.358402] firmadyne: sys_socket[PID: 114 (klogd)]: family:1, type:1, protocol:0
[   12.359622] firmadyne: sys_socket[PID: 114 (klogd)]: family:1, type:2, protocol:0

sem_get: Key: 410f00a4
[   12.366244] firmadyne: sys_socket[PID: 114 (klogd)]: family:1, type:1, protocol:0
[   12.367481] firmadyne: sys_socket[PID: 114 (klogd)]: family:1, type:2, protocol:0
nvram_set: usb_info_dev50 = "A200396E0402FF83@1@14.4G@U@1@USB_Storage;U:;0;0@"
sem_get: Key: 410f00a4
[   12.374069] firmadyne: sys_socket[PID: 114 (klogd)]: family:1, type:1, protocol:0
[   12.375262] firmadyne: sys_socket[PID: 114 (klogd)]: family:1, type:2, protocol:0
[   12.377555] firmadyne: sys_socket[PID: 114 (klogd)]: family:1, type:1, protocol:0
sem_get: Key: 410f00a4
nvram_set: usb_info_dev51 = "A200396E0402FF83@1@14.4G@U@1@USB_Storage;U:;0;0@"
sem_get: Key: 410f00a4
[   12.386408] firmadyne: sys_socket[PID: 114 (klogd)]: family:1, type:2, protocol:0
[   12.388749] firmadyne: sys_socket[PID: 114 (klogd)]: family:1, type:1, protocol:0
sem_get: Key: 410f00a4
nvram_set[   12.394432] firmadyne: sys_socket[PID: 114 (klogd)]: family:1, type:2, protocol:0
[   12.396754] firmadyne: sys_socket[PID: 114 (klogd)]: family:1, type:1, protocol:0
[   12.398260] firmadyne: sys_socket[PID: 114 (klogd)]: family:1, type:2, protocol:0
[   12.400535] firmadyne: sys_socket[PID: 114 (klogd)]: family:1, type:1, protocol:0
: usb_info_dev52 = "A200396E0402FF83@1@14.4G@U@1@USB_Storage;U:;0;0@"
sem_get: Key: 410f00a4
[   12.406230] firmadyne: sys_socket[PID: 114 (klogd)]: family:1, type:2, protocol:0
[   12.408631] firmadyne: sys_socket[PID: 114 (klogd)]: family:1, type:1, protocol:0
sem_get: Key: 410f00a4
nvram_set: [   12.415068] firmadyne: sys_socket[PID: 114 (klogd)]: family:1, type:2, protocol:0
[   12.417473] firmadyne: sys_socket[PID: 114 (klogd)]: family:1, type:1, protocol:0
usb_info_dev53 = "A200396E0402FF83@1@14.4G@U@1@USB_Storage;U:;0;0@"
sem_get: Key: 410f00a4
sem_get: Key: 410f00a4
nvram_set: [   12.426673] firmadyne: sys_socket[PID: 114 (klogd)]: family:1, type:2, protocol:0
[   12.429002] firmadyne: sys_socket[PID: 114 (klogd)]: family:1, type:1, protocol:0
[   12.430492] firmadyne: sys_socket[PID: 114 (klogd)]: family:1, type:2, protocol:0
[   12.432691] firmadyne: sys_socket[PID: 114 (klogd)]: family:1, type:1, protocol:0
usb_info_dev54 = "A200396E0402FF83@1@14.4G@U@1@USB_Storage;U:;0;0@"
sem_get: Key: 410f00a4
[   12.438029] firmadyne: sys_socket[PID: 114 (klogd)]: family:1, type:2, protocol:0
[   12.440391] firmadyne: sys_socket[PID: 114 (klogd)]: family:1, type:1, protocol:0
[   12.441585] firmadyne: sys_socket[PID: 114 (klogd)]: family:1, type:2, protocol:0
sem_get: Key: 410f00a4
nvram_set: usb_info_dev55 = "A200396E0402FF83@1@14.4G@U@1@USB_Storage;U:;0;0@"
sem_get: Key: 410f00a4
[   12.451535] firmadyne: sys_socket[PID: 114 (klogd)]: family:1, type:1, protocol:0
[   12.452753] firmadyne: sys_socket[PID: 114 (klogd)]: family:1, type:2, protocol:0
sem_get: Key: 410f00a4
nvram_set: [   12.459512] firmadyne: sys_socket[PID: 114 (klogd)]: family:1, type:1, protocol:0
[   12.460678] firmadyne: sys_socket[PID: 114 (klogd)]: family:1, type:2, protocol:0
usb_info_dev56 = "A200396E0402FF83@1@14.4G@U@1@USB_Storage;U:;0;0@"
sem_get: Key: 410f00a4
[   12.467268] firmadyne: sys_socket[PID: 114 (klogd)]: family:1, type:1, protocol:0
[   12.468425] firmadyne: sys_socket[PID: 114 (klogd)]: family:1, type:2, protocol:0
sem_get: Key: 410f00a4
nvram_set: usb_info_dev57[   12.474990] firmadyne: sys_socket[PID: 114 (klogd)]: family:1, type:1, protocol:0
[   12.476171] firmadyne: sys_socket[PID: 114 (klogd)]: family:1, type:2, protocol:0
 = "A200396E0402FF83@1@14.4G@U@1@USB_Storage;U:;0;0@"
sem_get: Key: 410f00a4
sem_get: Key: 410f00a4
nvram_set: usb_info_dev58 = "A200396E0402FF83@1@14.4G@U@1@USB_Storage;U:;0;0@"
sem_get: Key: 410f00a4
[   12.498120] firmadyne: sys_socket[PID: 114 (klogd)]: family:1, type:1, protocol:0
[   12.499320] firmadyne: sys_socket[PID: 114 (klogd)]: family:1, type:2, protocol:0
[   12.501610] firmadyne: sys_socket[PID: 114 (klogd)]: family:1, type:1, protocol:0
sem_get: Key: 410f00a4
nvram_set: usb_info_dev59 = "A200396E0402FF83@1@14.4G@U@1@USB_Storage;U:;0;0@"
sem_get: Key: 410f00a4
[   12.510453] firmadyne: sys_socket[PID: 114 (klogd)]: family:1, type:2, protocol:0
[   12.512751] firmadyne: sys_socket[PID: 114 (klogd)]: family:1, type:1, protocol:0
sem_get: Key: 410f00a4
nvram_set: usb_info_dev60 = "[   12.518129] firmadyne: sys_socket[PID: 114 (klogd)]: family:1, type:2, protocol:0
[   12.520536] firmadyne: sys_socket[PID: 114 (klogd)]: family:1, type:1, protocol:0
A200396E0402FF83@1@14.4G@U@1@USB_Storage;U:;0;0@"
sem_get: Key: 410f00a4
[   12.525967] firmadyne: sys_socket[PID: 114 (klogd)]: family:1, type:2, protocol:0
[   12.528312] firmadyne: sys_socket[PID: 114 (klogd)]: family:1, type:1, protocol:0
[   12.529470] firmadyne: sys_socket[PID: 114 (klogd)]: family:1, type:2, protocol:0
sem_get: Key: 410f00a4
nvram_set[   12.535560] firmadyne: sys_socket[PID: 114 (klogd)]: family:1, type:1, protocol:0
[   12.536727] firmadyne: sys_socket[PID: 114 (klogd)]: family:1, type:2, protocol:0
: usb_info_dev61 = "A200396E0402FF83@1@14.4G@U@1@USB_Storage;U:;0;0@"
sem_get: Key: 410f00a4
[   12.543406] firmadyne: sys_socket[PID: 114 (klogd)]: family:1, type:1, protocol:0
[   12.544568] firmadyne: sys_socket[PID: 114 (klogd)]: family:1, type:2, protocol:0
sem_get: Key: 410f00a4
nvram_set: usb_info_dev62[   12.551514] firmadyne: sys_socket[PID: 114 (klogd)]: family:1, type:1, protocol:0
[   12.552690] firmadyne: sys_socket[PID: 114 (klogd)]: family:1, type:2, protocol:0
 = "A200396E0402FF83@1@14.4G@U@1@USB_Storage;U:;0;0@"
sem_get: Key: 410f00a4
sem_get: Key: 410f00a4
nvram_set[   12.563493] firmadyne: sys_socket[PID: 114 (klogd)]: family:1, type:1, protocol:0
[   12.564660] firmadyne: sys_socket[PID: 114 (klogd)]: family:1, type:2, protocol:0
[   12.567255] firmadyne: sys_socket[PID: 114 (klogd)]: family:1, type:1, protocol:0
[   12.568377] firmadyne: sys_socket[PID: 114 (klogd)]: family:1, type:2, protocol:0
: usb_info_dev63 = "A200396E0402FF83@1@14.4G@U@1@USB_Storage;U:;0;0@"
sem_get: Key: 410f00a4
[   12.574913] firmadyne: sys_socket[PID: 114 (klogd)]: family:1, type:1, protocol:0
[   12.576092] firmadyne: sys_socket[PID: 114 (klogd)]: family:1, type:2, protocol:0
sem_get: Key: 410f00a4
nvram_set: usb_info_dev64[   12.582918] firmadyne: sys_socket[PID: 114 (klogd)]: family:1, type:1, protocol:0
[   12.584135] firmadyne: sys_socket[PID: 114 (klogd)]: family:1, type:2, protocol:0
 = "A200396E0402FF83@1@14.4G@U@1@USB_Storage;U:;0;0@"
sem_get: Key: 410f00a4
sem_get[   12.590973] firmadyne: sys_socket[PID: 114 (klogd)]: family:1, type:1, protocol:0
[   12.592171] firmadyne: sys_socket[PID: 114 (klogd)]: family:1, type:2, protocol:0
: Key: 410f00a4
nvram_set: usb_info_dev65 = "A200396E0402FF83@1@14.4G@U@1@USB_Storage;U:;0;0@[   12.598829] firmadyne: sys_socket[PID: 114 (klogd)]: family:1, type:1, protocol:0
[   12.600046] firmadyne: sys_socket[PID: 114 (klogd)]: family:1, type:2, protocol:0
"
sem_get: Key: 410f00a4
sem_get: Key: 410f00a4[   12.606777] firmadyne: sys_socket[PID: 114 (klogd)]: family:1, type:1, protocol:0
[   12.607964] firmadyne: sys_socket[PID: 114 (klogd)]: family:1, type:2, protocol:0

nvram_set: usb_info_dev66 = "A200396E0402FF83@1@14.4G@U@1@USB_Storage;U:;0;0@"
[   12.615459] firmadyne: sys_socket[PID: 114 (klogd)]: family:1, type:1, protocol:0
[   12.616646] firmadyne: sys_socket[PID: 114 (klogd)]: family:1, type:2, protocol:0
sem_get: Key: 410f00a4
sem_get: Key: 410f00a4
[   12.623313] firmadyne: sys_socket[PID: 114 (klogd)]: family:1, type:1, protocol:0
[   12.624466] firmadyne: sys_socket[PID: 114 (klogd)]: family:1, type:2, protocol:0
nvram_set: usb_info_dev67 = "A200396E0402FF83@1@14.4G@U@1@USB_Storage;U:;0;0@"
sem_get[   12.631032] firmadyne: sys_socket[PID: 114 (klogd)]: family:1, type:1, protocol:0
[   12.632219] firmadyne: sys_socket[PID: 114 (klogd)]: family:1, type:2, protocol:0
: Key: 410f00a4
sem_get: Key: 410f00a4
[   12.638722] firmadyne: sys_socket[PID: 114 (klogd)]: family:1, type:1, protocol:0
[   12.639907] firmadyne: sys_socket[PID: 114 (klogd)]: family:1, type:2, protocol:0
nvram_set: usb_info_dev68 = "A200396E0402FF83@1@14.4G@U@1@USB_Storage;U:;0;0@"
sem_get: Key: 410f00a4[   12.646747] firmadyne: sys_socket[PID: 114 (klogd)]: family:1, type:1, protocol:0
[   12.647968] firmadyne: sys_socket[PID: 114 (klogd)]: family:1, type:2, protocol:0

sem_get: Key: 410f00a4
[   12.654897] firmadyne: sys_socket[PID: 114 (klogd)]: family:1, type:1, protocol:0
[   12.656444] firmadyne: sys_socket[PID: 114 (klogd)]: family:1, type:2, protocol:0
nvram_set: usb_info_dev69 = "A200396E0402FF83@1@14.4G@U@1@USB_Storage;U:;0;0@"
[   12.663520] firmadyne: sys_socket[PID: 114 (klogd)]: family:1, type:1, protocol:0
[   12.664712] firmadyne: sys_socket[PID: 114 (klogd)]: family:1, type:2, protocol:0
sem_get: Key: 410f00a4
sem_get: Key: 410f00a4[   12.674226] firmadyne: sys_socket[PID: 114 (klogd)]: family:1, type:1, protocol:0
[   12.675417] firmadyne: sys_socket[PID: 114 (klogd)]: family:1, type:2, protocol:0

nvram_set: usb_info_dev70 = "A200396E0402FF83@1@14.4G@U@1@USB_Storage;U:;0;0@"
sem_get: Key: 410f00a4
sem_get: Key: 410f00a4
[   12.685910] firmadyne: sys_socket[PID: 114 (klogd)]: family:1, type:1, protocol:0
[   12.687109] firmadyne: sys_socket[PID: 114 (klogd)]: family:1, type:2, protocol:0
[   12.689399] firmadyne: sys_socket[PID: 114 (klogd)]: family:1, type:1, protocol:0
nvram_set: usb_info_dev71 = "A200396E0402FF83@1@14.4G@U@1@USB_Storage;U:;0;0@"
[   12.694278] firmadyne: sys_socket[PID: 114 (klogd)]: family:1, type:2, protocol:0
[   12.696593] firmadyne: sys_socket[PID: 114 (klogd)]: family:1, type:1, protocol:0
sem_get: Key: 410f00a4
sem_get: Key: 410f00a4
[   12.702174] firmadyne: sys_socket[PID: 114 (klogd)]: family:1, type:2, protocol:0
[   12.704527] firmadyne: sys_socket[PID: 114 (klogd)]: family:1, type:1, protocol:0
[   12.705872] firmadyne: sys_socket[PID: 114 (klogd)]: family:1, type:2, protocol:0
nvram_set: usb_info_dev72 = "A200396E0402FF83@1@14.4G@U@1@USB_Storage;U:;0;0@"
sem_get: Key: 410f00a4
sem_get: Key: 410f00a4
[   12.715763] firmadyne: sys_socket[PID: 114 (klogd)]: family:1, type:1, protocol:0
[   12.716930] firmadyne: sys_socket[PID: 114 (klogd)]: family:1, type:2, protocol:0
[   12.719581] firmadyne: sys_socket[PID: 114 (klogd)]: family:1, type:1, protocol:0
[   12.720728] firmadyne: sys_socket[PID: 114 (klogd)]: family:1, type:2, protocol:0
nvram_set: usb_info_dev73 = "A200396E0402FF83@1@14.4G@U@1@USB_Storage;U:;0;0@"
sem_get[   12.727452] firmadyne: sys_socket[PID: 114 (klogd)]: family:1, type:1, protocol:0
[   12.728655] firmadyne: sys_socket[PID: 114 (klogd)]: family:1, type:2, protocol:0
: Key: 410f00a4
sem_get: Key: 410f00a4
[   12.735259] firmadyne: sys_socket[PID: 114 (klogd)]: family:1, type:1, protocol:0
[   12.736719] firmadyne: sys_socket[PID: 114 (klogd)]: family:1, type:2, protocol:0
nvram_set: usb_info_dev74 = "A200396E0402FF83@1@14.4G@U@1@USB_Storage;U:;0;0@"
sem_get: Key: [   12.743353] firmadyne: sys_socket[PID: 114 (klogd)]: family:1, type:1, protocol:0
[   12.744514] firmadyne: sys_socket[PID: 114 (klogd)]: family:1, type:2, protocol:0
410f00a4
sem_get: Key: 410f00a4
[   12.751030] firmadyne: sys_socket[PID: 114 (klogd)]: family:1, type:1, protocol:0
[   12.752202] firmadyne: sys_socket[PID: 114 (klogd)]: family:1, type:2, protocol:0
nvram_set: usb_info_dev75 = "A200396E0402FF83@1@14.4G@U@1@USB_Storage;U:;0;0@"
sem_get: Key: 410f00a4[   12.758987] firmadyne: sys_socket[PID: 114 (klogd)]: family:1, type:1, protocol:0
[   12.760190] firmadyne: sys_socket[PID: 114 (klogd)]: family:1, type:2, protocol:0

sem_get: Key: 410f00a4
[   12.766714] firmadyne: sys_socket[PID: 114 (klogd)]: family:1, type:1, protocol:0
[   12.767917] firmadyne: sys_socket[PID: 114 (klogd)]: family:1, type:2, protocol:0
nvram_set: usb_info_dev76 = "A200396E0402FF83@1@14.4G@U@1@USB_Storage;U:;0;0@"
sem_get: Key: 410f00a4
[   12.774491] firmadyne: sys_socket[PID: 114 (klogd)]: family:1, type:1, protocol:0
[   12.775669] firmadyne: sys_socket[PID: 114 (klogd)]: family:1, type:2, protocol:0
sem_get: Key: 410f00a4
nvram_set[   12.782355] firmadyne: sys_socket[PID: 114 (klogd)]: family:1, type:1, protocol:0
[   12.783545] firmadyne: sys_socket[PID: 114 (klogd)]: family:1, type:2, protocol:0
: usb_info_dev77 = "A200396E0402FF83@1@14.4G@U@1@USB_Storage;U:;0;0@"
sem_get: Key: 410f00a4
[   12.790075] firmadyne: sys_socket[PID: 114 (klogd)]: family:1, type:1, protocol:0
[   12.791281] firmadyne: sys_socket[PID: 114 (klogd)]: family:1, type:2, protocol:0
[   12.793596] firmadyne: sys_socket[PID: 114 (klogd)]: family:1, type:1, protocol:0
sem_get: Key: 410f00a4
nvram_set: usb_info_dev78 = "A200396E0402FF83@1@14.4G@U@1@USB_Storage;U:;0;0@"
sem_get: Key: 410f00a4
[   12.802503] firmadyne: sys_socket[PID: 114 (klogd)]: family:1, type:2, protocol:0
[   12.804863] firmadyne: sys_socket[PID: 114 (klogd)]: family:1, type:1, protocol:0
sem_get: Key: 410f00a4
nvram_set: [   12.810446] firmadyne: sys_socket[PID: 114 (klogd)]: family:1, type:2, protocol:0
[   12.812811] firmadyne: sys_socket[PID: 114 (klogd)]: family:1, type:1, protocol:0
usb_info_dev79 = "A200396E0402FF83@1@14.4G@U@1@USB_Storage;U:;0;0@"
sem_get: Key: 410f00a4
sem_get: Key: 410f00a4
nvram_set[   12.822659] firmadyne: sys_socket[PID: 114 (klogd)]: family:1, type:2, protocol:0
[   12.825009] firmadyne: sys_socket[PID: 114 (klogd)]: family:1, type:1, protocol:0
[   12.826689] firmadyne: sys_socket[PID: 114 (klogd)]: family:1, type:2, protocol:0
[   12.828938] firmadyne: sys_socket[PID: 114 (klogd)]: family:1, type:1, protocol:0
: usb_info_dev80 = "A200396E0402FF83@1@14.4G@U@1@USB_Storage;U:;0;0@"
sem_get: Key: 410f00a4
[   12.834280] firmadyne: sys_socket[PID: 114 (klogd)]: family:1, type:2, protocol:0
[   12.836585] firmadyne: sys_socket[PID: 114 (klogd)]: family:1, type:1, protocol:0
sem_get: Key: 410f00a4
nvram_set: [   12.841964] firmadyne: sys_socket[PID: 114 (klogd)]: family:1, type:2, protocol:0
[   12.844289] firmadyne: sys_socket[PID: 114 (klogd)]: family:1, type:1, protocol:0
[   12.845438] firmadyne: sys_socket[PID: 114 (klogd)]: family:1, type:2, protocol:0
usb_info_dev81 = "A200396E0402FF83@1@14.4G@U@1@USB_Storage;U:;0;0@"
sem_get: Key: 410f00a4
[   12.851394] firmadyne: sys_socket[PID: 114 (klogd)]: family:1, type:1, protocol:0
[   12.852557] firmadyne: sys_socket[PID: 114 (klogd)]: family:1, type:2, protocol:0
sem_get: Key: 410f00a4
nvram_set: usb_info_dev82 = "A200396E0402FF83@1@14.4G@U@1@USB_Storage;U:;0;0@"
sem_get: Key: 410f00a4
sem_get: Key: 410f00a4
nvram_set: usb_info_dev83 = "A200396E0402FF83@1@14.4G@U@1@USB_Storage;U:;0;0@"
sem_get: Key: 410f00a4
[   12.878167] firmadyne: sys_socket[PID: 114 (klogd)]: family:1, type:1, protocol:0
[   12.879378] firmadyne: sys_socket[PID: 114 (klogd)]: family:1, type:2, protocol:0
[   12.881836] firmadyne: sys_socket[PID: 114 (klogd)]: family:1, type:1, protocol:0
sem_get: Key: 410f00a4
[   12.886309] firmadyne: sys_socket[PID: 114 (klogd)]: family:1, type:2, protocol:0
[   12.888650] firmadyne: sys_socket[PID: 114 (klogd)]: family:1, type:1, protocol:0
nvram_set: usb_info_dev84 = "A200396E0402FF83@1@14.4G@U@1@USB_Storage;U:;0;0@"
sem_get: Key: 410f00a4[   12.894057] firmadyne: sys_socket[PID: 114 (klogd)]: family:1, type:2, protocol:0
[   12.896349] firmadyne: sys_socket[PID: 114 (klogd)]: family:1, type:1, protocol:0
[   12.897463] firmadyne: sys_socket[PID: 114 (klogd)]: family:1, type:2, protocol:0

sem_get: Key: 410f00a4
nvram_set: usb_info_dev85 = "A200396E0402FF83@1@14.4G@U@1@USB_Storage;U:;0;0@"
sem_get: Key: [   12.907682] firmadyne: sys_socket[PID: 114 (klogd)]: family:1, type:1, protocol:0
[   12.908832] firmadyne: sys_socket[PID: 114 (klogd)]: family:1, type:2, protocol:0
410f00a4
sem_get: Key: 410f00a4
[   12.915265] firmadyne: sys_socket[PID: 114 (klogd)]: family:1, type:1, protocol:0
[   12.916446] firmadyne: sys_socket[PID: 114 (klogd)]: family:1, type:2, protocol:0
nvram_set: usb_info_dev86 = "A200396E0402FF83@1@14.4G@U@1@USB_Storage;U:;0;0@"
sem_get: Key: [   12.922891] firmadyne: sys_socket[PID: 114 (klogd)]: family:1, type:1, protocol:0
[   12.924090] firmadyne: sys_socket[PID: 114 (klogd)]: family:1, type:2, protocol:0
410f00a4
sem_get: Key: 410f00a4
[   12.930670] firmadyne: sys_socket[PID: 114 (klogd)]: family:1, type:1, protocol:0
[   12.931860] firmadyne: sys_socket[PID: 114 (klogd)]: family:1, type:2, protocol:0
nvram_set: usb_info_dev87 = "A200396E0402FF83@1@14.4G@U@1@USB_Storage;U:;0;0@"
sem_get: Key: 410f00a4
[   12.938589] firmadyne: sys_socket[PID: 114 (klogd)]: family:1, type:1, protocol:0
[   12.939772] firmadyne: sys_socket[PID: 114 (klogd)]: family:1, type:2, protocol:0
sem_get: Key: 410f00a4
nvram_set[   12.946653] firmadyne: sys_socket[PID: 114 (klogd)]: family:1, type:1, protocol:0
[   12.947839] firmadyne: sys_socket[PID: 114 (klogd)]: family:1, type:2, protocol:0
: usb_info_dev88 = "A200396E0402FF83@1@14.4G@U@1@USB_Storage;U:;0;0@"
sem_get: Key: 410f00a4
[   12.954496] firmadyne: sys_socket[PID: 114 (klogd)]: family:1, type:1, protocol:0
[   12.955674] firmadyne: sys_socket[PID: 114 (klogd)]: family:1, type:2, protocol:0
sem_get: Key: 410f00a4
nvram_set: usb_info_dev89[   12.962433] firmadyne: sys_socket[PID: 114 (klogd)]: family:1, type:1, protocol:0
[   12.963653] firmadyne: sys_socket[PID: 114 (klogd)]: family:1, type:2, protocol:0
[   12.966190] firmadyne: sys_socket[PID: 114 (klogd)]: family:1, type:1, protocol:0
[   12.967371] firmadyne: sys_socket[PID: 114 (klogd)]: family:1, type:2, protocol:0
[   12.969829] firmadyne: sys_socket[PID: 114 (klogd)]: family:1, type:1, protocol:0
 = "A200396E0402FF83@1@14.4G@U@1@USB_Storage;U:;0;0@"
sem_get: Key: 410f00a4
sem_get: Key: 410f00a4
nvram_set: [   12.978305] firmadyne: sys_socket[PID: 114 (klogd)]: family:1, type:2, protocol:0
[   12.980658] firmadyne: sys_socket[PID: 114 (klogd)]: family:1, type:1, protocol:0
usb_info_dev90 = "A200396E0402FF83@1@14.4G@U@1@USB_Storage;U:;0;0@"
sem_get: Key: 410f00a4
[   12.986158] firmadyne: sys_socket[PID: 114 (klogd)]: family:1, type:2, protocol:0
[   12.988494] firmadyne: sys_socket[PID: 114 (klogd)]: family:1, type:1, protocol:0
[   12.989839] firmadyne: sys_socket[PID: 114 (klogd)]: family:1, type:2, protocol:0
sem_get: Key: 410f00a4
nvram_set[   12.995713] firmadyne: sys_socket[PID: 114 (klogd)]: family:1, type:1, protocol:0
[   12.996889] firmadyne: sys_socket[PID: 114 (klogd)]: family:1, type:2, protocol:0
: usb_info_dev91 = "A200396E0402FF83@1@14.4G@U@1@USB_Storage;U:;0;0@"
sem_get: Key: 410f00a4
[   13.003558] firmadyne: sys_socket[PID: 114 (klogd)]: family:1, type:1, protocol:0
[   13.004714] firmadyne: sys_socket[PID: 114 (klogd)]: family:1, type:2, protocol:0
sem_get: Key: 410f00a4
nvram_set[   13.011390] firmadyne: sys_socket[PID: 114 (klogd)]: family:1, type:1, protocol:0
[   13.012539] firmadyne: sys_socket[PID: 114 (klogd)]: family:1, type:2, protocol:0
: usb_info_dev92 = "A200396E0402FF83@1@14.4G@U@1@USB_Storage;U:;0;0@"
sem_get: Key: 410f00a4
sem_get: Key: 410f00a4
[   13.023078] firmadyne: sys_socket[PID: 114 (klogd)]: family:1, type:1, protocol:0
[   13.024288] firmadyne: sys_socket[PID: 114 (klogd)]: family:1, type:2, protocol:0
nvram_set: usb_info_dev93 = "A200396E0402FF83@1@14.4G@U@1@USB_Storage;U:;0;0@"
sem_get: Key: [   13.030670] firmadyne: sys_socket[PID: 114 (klogd)]: family:1, type:1, protocol:0
[   13.031855] firmadyne: sys_socket[PID: 114 (klogd)]: family:1, type:2, protocol:0
410f00a4
sem_get: Key: 410f00a4
[   13.039063] firmadyne: sys_socket[PID: 114 (klogd)]: family:1, type:1, protocol:0
[   13.040284] firmadyne: sys_socket[PID: 114 (klogd)]: family:1, type:2, protocol:0
nvram_set: usb_info_dev94 = "A200396E0402FF83@1@14.4G@U@1@USB_Storage;U:;0;0@"
sem_get: Key: 410f00a4[   13.046906] firmadyne: sys_socket[PID: 114 (klogd)]: family:1, type:1, protocol:0
[   13.048526] firmadyne: sys_socket[PID: 114 (klogd)]: family:1, type:2, protocol:0

sem_get: Key: 410f00a4
[   13.055141] firmadyne: sys_socket[PID: 114 (klogd)]: family:1, type:1, protocol:0
[   13.056365] firmadyne: sys_socket[PID: 114 (klogd)]: family:1, type:2, protocol:0
nvram_set: usb_info_dev95 = "A200396E0402FF83@1@14.4G@U@1@USB_Storage;U:;0;0@"
sem_get: Key: 410f00a4
[   13.063128] firmadyne: sys_socket[PID: 114 (klogd)]: family:1, type:1, protocol:0
[   13.064311] firmadyne: sys_socket[PID: 114 (klogd)]: family:1, type:2, protocol:0
sem_get: Key: 410f00a4
nvram_set[   13.071208] firmadyne: sys_socket[PID: 114 (klogd)]: family:1, type:1, protocol:0
[   13.072407] firmadyne: sys_socket[PID: 114 (klogd)]: family:1, type:2, protocol:0
: usb_info_dev96 = "A200396E0402FF83@1@14.4G@U@1@USB_Storage;U:;0;0@"
sem_get: Key: 410f00a4
[   13.079019] firmadyne: sys_socket[PID: 114 (klogd)]: family:1, type:1, protocol:0
[   13.080194] firmadyne: sys_socket[PID: 114 (klogd)]: family:1, type:2, protocol:0
sem_get: Key: 410f00a4
nvram_set: [   13.086933] firmadyne: sys_socket[PID: 114 (klogd)]: family:1, type:1, protocol:0
[   13.088123] firmadyne: sys_socket[PID: 114 (klogd)]: family:1, type:2, protocol:0
usb_info_dev97 = "A200396E0402FF83@1@14.4G@U@1@USB_Storage;U:;0;0@"
sem_get: Key: 410f00a4
[   13.094710] firmadyne: sys_socket[PID: 114 (klogd)]: family:1, type:1, protocol:0
[   13.095909] firmadyne: sys_socket[PID: 114 (klogd)]: family:1, type:2, protocol:0
sem_get: Key: 410f00a4
nvram_set: usb_info_dev98[   13.102596] firmadyne: sys_socket[PID: 114 (klogd)]: family:1, type:1, protocol:0
[   13.103830] firmadyne: sys_socket[PID: 114 (klogd)]: family:1, type:2, protocol:0
 = "A200396E0402FF83@1@14.4G@U@1@USB_Storage;U:;0;0@"
sem_get: Key: 410f00a4
[   13.110452] firmadyne: sys_socket[PID: 114 (klogd)]: family:1, type:1, protocol:0
[   13.111632] firmadyne: sys_socket[PID: 114 (klogd)]: family:1, type:2, protocol:0
sem_get: Key: 410f00a4
nvram_set: usb_info_dev99 = "A200396E0402FF83@1@14.4G@U@1@USB_Storage;U:;0;0@[   13.118602] firmadyne: sys_socket[PID: 114 (klogd)]: family:1, type:1, protocol:0
[   13.119763] firmadyne: sys_socket[PID: 114 (klogd)]: family:1, type:2, protocol:0
"
sem_get: Key: 410f00a4
sem_get: Key: 410f00a4[   13.126733] firmadyne: sys_socket[PID: 114 (klogd)]: family:1, type:1, protocol:0
[   13.127963] firmadyne: sys_socket[PID: 114 (klogd)]: family:1, type:2, protocol:0
[   13.130561] firmadyne: sys_socket[PID: 114 (klogd)]: family:1, type:1, protocol:0
[   13.131701] firmadyne: sys_socket[PID: 114 (klogd)]: family:1, type:2, protocol:0

nvram_set: usb_info_dev100 = "A200396E0402FF83@1@14.4G@U@1@USB_Storage;U:;0;0@"
[   13.138253] firmadyne: sys_socket[PID: 114 (klogd)]: family:1, type:1, protocol:0
[   13.139480] firmadyne: sys_socket[PID: 114 (klogd)]: family:1, type:2, protocol:0
sem_get: Key: 410f00a4
sem_get: Key: 410f00a4
[   13.146171] firmadyne: sys_socket[PID: 114 (klogd)]: family:1, type:1, protocol:0
[   13.147398] firmadyne: sys_socket[PID: 114 (klogd)]: family:1, type:2, protocol:0
nvram_set: wla_ap_isolate_1 = ""
sem_get: Key: 410f00a4[   13.154224] firmadyne: sys_socket[PID: 114 (klogd)]: family:1, type:1, protocol:0
[   13.155439] firmadyne: sys_socket[PID: 114 (klogd)]: family:1, type:2, protocol:0

sem_get: Key: 410f00a4
nvram_set[   13.162851] firmadyne: sys_socket[PID: 114 (klogd)]: family:1, type:1, protocol:0
[   13.164052] firmadyne: sys_socket[PID: 114 (klogd)]: family:1, type:2, protocol:0
: wla_ap_isolate_2 = ""
sem_get: Key: 410f00a4
sem_get[   13.170887] firmadyne: sys_socket[PID: 114 (klogd)]: family:1, type:1, protocol:0
[   13.172055] firmadyne: sys_socket[PID: 114 (klogd)]: family:1, type:2, protocol:0
: Key: 410f00a4
nvram_set: wla_ap_isolate_3 = ""
[   13.178761] firmadyne: sys_socket[PID: 114 (klogd)]: family:1, type:1, protocol:0
[   13.179943] firmadyne: sys_socket[PID: 114 (klogd)]: family:1, type:2, protocol:0
sem_get: Key: 410f00a4
sem_get: Key: 410f00a4
[   13.186475] firmadyne: sys_socket[PID: 114 (klogd)]: family:1, type:1, protocol:0
[   13.187646] firmadyne: sys_socket[PID: 114 (klogd)]: family:1, type:2, protocol:0
nvram_set: wla_ap_isolate_4 = ""
sem_get: Key: 410f00a4
[   13.193934] cfg80211: Calling CRDA to update world regulatory domain
[   13.195450] firmadyne: sys_socket[PID: 114 (klogd)]: family:1, type:1, protocol:0
[   13.196688] firmadyne: sys_socket[PID: 114 (klogd)]: family:1, type:2, protocol:0
[   13.199261] firmadyne: sys_socket[PID: 114 (klogd)]: family:1, type:1, protocol:0
[   13.200460] firmadyne: sys_socket[PID: 114 (klogd)]: family:1, type:2, protocol:0
sem_get: Key: 410f00a4
nvram_set: wlg_ap_isolate_1 = ""
sem_get: Key: 410f00a4
sem_get[   13.211323] firmadyne: sys_socket[PID: 114 (klogd)]: family:1, type:1, protocol:0
[   13.212538] firmadyne: sys_socket[PID: 114 (klogd)]: family:1, type:2, protocol:0
: Key: 410f00a4
nvram_set: wlg_ap_isolate_2 = ""
sem_get: Key: 410f00a4
sem_get: Key: 410f00a4[   13.223339] firmadyne: sys_socket[PID: 114 (klogd)]: family:1, type:1, protocol:0
[   13.224520] firmadyne: sys_socket[PID: 114 (klogd)]: family:1, type:2, protocol:0
[   13.227276] firmadyne: sys_socket[PID: 114 (klogd)]: family:1, type:1, protocol:0
[   13.228393] firmadyne: sys_socket[PID: 114 (klogd)]: family:1, type:2, protocol:0

nvram_set: wlg_ap_isolate_3 = ""
sem_get: Key: 410f00a4
sem_get: Key: 410f00a4
nvram_set: wlg_ap_isolate_4 = ""
sem_get: Key: 410f00a4
[   13.250261] firmadyne: sys_socket[PID: 114 (klogd)]: family:1, type:1, protocol:0
[   13.251455] firmadyne: sys_socket[PID: 114 (klogd)]: family:1, type:2, protocol:0
[   13.253864] firmadyne: sys_socket[PID: 114 (klogd)]: family:1, type:1, protocol:0
sem_get: Key: 410f00a4
nvram_set: wlg_allow_access_1 = ""
sem_get: Key: 410f00a4
[   13.262310] firmadyne: sys_socket[PID: 114 (klogd)]: family:1, type:2, protocol:0
[   13.264533] firmadyne: sys_socket[PID: 114 (klogd)]: family:1, type:1, protocol:0
[   13.265916] firmadyne: sys_socket[PID: 114 (klogd)]: family:1, type:2, protocol:0
[   13.268108] firmadyne: sys_socket[PID: 114 (klogd)]: family:1, type:1, protocol:0
[   13.269227] firmadyne: sys_socket[PID: 114 (klogd)]: family:1, type:2, protocol:0
sem_get: Key: 410f00a4
nvram_set: wlg_allow_access_2 = ""
sem_get: Key: 410f00a4
sem_get: Key: [   13.279537] firmadyne: sys_socket[PID: 114 (klogd)]: family:1, type:1, protocol:0
[   13.280673] firmadyne: sys_socket[PID: 114 (klogd)]: family:1, type:2, protocol:0
410f00a4
nvram_set: wlg_allow_access_3 = ""
[   13.287105] firmadyne: sys_socket[PID: 114 (klogd)]: family:1, type:1, protocol:0
[   13.288241] firmadyne: sys_socket[PID: 114 (klogd)]: family:1, type:2, protocol:0
sem_get: Key: 410f00a4
sem_get: Key: 410f00a4
[   13.294675] firmadyne: sys_socket[PID: 114 (klogd)]: family:1, type:1, protocol:0
[   13.295857] firmadyne: sys_socket[PID: 114 (klogd)]: family:1, type:2, protocol:0
nvram_set: wlg_allow_access_4 = ""
sem_get: Key: 410f00a4
[   13.302356] firmadyne: sys_socket[PID: 114 (klogd)]: family:1, type:1, protocol:0
[   13.303496] firmadyne: sys_socket[PID: 114 (klogd)]: family:1, type:2, protocol:0
sem_get: Key: 410f00a4
nvram_set: [   13.310066] firmadyne: sys_socket[PID: 114 (klogd)]: family:1, type:1, protocol:0
[   13.311275] firmadyne: sys_socket[PID: 114 (klogd)]: family:1, type:2, protocol:0
0:macaddr = "01:23:45:67:89:ab"
sem_get: Key: 410f00a4
[   13.318111] firmadyne: sys_socket[PID: 114 (klogd)]: family:1, type:1, protocol:0
[   13.319302] firmadyne: sys_socket[PID: 114 (klogd)]: family:1, type:2, protocol:0
[   13.321663] firmadyne: sys_socket[PID: 114 (klogd)]: family:1, type:1, protocol:0
sem_get: Key: 410f00a4
nvram_set: [   13.326315] firmadyne: sys_socket[PID: 114 (klogd)]: family:1, type:2, protocol:0
[   13.328597] firmadyne: sys_socket[PID: 114 (klogd)]: family:1, type:1, protocol:0
1:macaddr = "01:23:45:67:89:ab"
sem_get: Key: 410f00a4
[   13.334108] firmadyne: sys_socket[PID: 114 (klogd)]: family:1, type:2, protocol:0
[   13.336423] firmadyne: sys_socket[PID: 114 (klogd)]: family:1, type:1, protocol:0
[   13.337562] firmadyne: sys_socket[PID: 114 (klogd)]: family:1, type:2, protocol:0
sem_get: Key: 410f00a4
nvram_set: 2:macaddr = "01:23:45:67:89:ab"
sem_get: Key: 410f00a4
sem_get[   13.347622] firmadyne: sys_socket[PID: 114 (klogd)]: family:1, type:1, protocol:0
[   13.348750] firmadyne: sys_socket[PID: 114 (klogd)]: family:1, type:2, protocol:0
: Key: 410f00a4
nvram_set: lan1_ifnames = ""
[   13.355183] firmadyne: sys_socket[PID: 114 (klogd)]: family:1, type:1, protocol:0
[   13.356324] firmadyne: sys_socket[PID: 114 (klogd)]: family:1, type:2, protocol:0
sem_get: Key: 410f00a4
sem_get: Key: 410f00a4
[   13.362879] firmadyne: sys_socket[PID: 114 (klogd)]: family:1, type:1, protocol:0
[   13.364082] firmadyne: sys_socket[PID: 114 (klogd)]: family:1, type:2, protocol:0
nvram_set: lan2_ifnames = ""
sem_get: Key: 410f00a4
[   13.370902] firmadyne: sys_socket[PID: 114 (klogd)]: family:1, type:1, protocol:0
[   13.372068] firmadyne: sys_socket[PID: 114 (klogd)]: family:1, type:2, protocol:0
sem_get: Key: 410f00a4
nvram_set: lan3_ifnames[   13.378947] firmadyne: sys_socket[PID: 114 (klogd)]: family:1, type:1, protocol:0
[   13.380104] firmadyne: sys_socket[PID: 114 (klogd)]: family:1, type:2, protocol:0
[   13.382568] firmadyne: sys_socket[PID: 114 (klogd)]: family:1, type:1, protocol:0
[   13.383684] firmadyne: sys_socket[PID: 114 (klogd)]: family:1, type:2, protocol:0
 = ""
sem_get: Key: 410f00a4
sem_get: Key: 410f00a4[   13.390449] firmadyne: sys_socket[PID: 114 (klogd)]: family:1, type:1, protocol:0
[   13.391641] firmadyne: sys_socket[PID: 114 (klogd)]: family:1, type:2, protocol:0

nvram_set: lan4_ifnames = ""
sem_get: Key: [   13.398203] firmadyne: sys_socket[PID: 114 (klogd)]: family:1, type:1, protocol:0
[   13.399388] firmadyne: sys_socket[PID: 114 (klogd)]: family:1, type:2, protocol:0
[   13.401627] firmadyne: sys_socket[PID: 114 (klogd)]: family:1, type:1, protocol:0
410f00a4
sem_get: Key: 410f00a4
nvram_set: lan5_ifnames = ""
sem_get: Key: 410f00a4[   13.410302] firmadyne: sys_socket[PID: 114 (klogd)]: family:1, type:2, protocol:0
[   13.412648] firmadyne: sys_socket[PID: 114 (klogd)]: family:1, type:1, protocol:0

sem_get: Key: 410f00a4
nvram_set: lan6_ifnames = ""
sem_get: Key: 410f00a4
[   13.421912] firmadyne: sys_socket[PID: 114 (klogd)]: family:1, type:2, protocol:0
[   13.424208] firmadyne: sys_socket[PID: 114 (klogd)]: family:1, type:1, protocol:0
[   13.425330] firmadyne: sys_socket[PID: 114 (klogd)]: family:1, type:2, protocol:0
[   13.428044] firmadyne: sys_socket[PID: 114 (klogd)]: family:1, type:1, protocol:0
[   13.429151] firmadyne: sys_socket[PID: 114 (klogd)]: family:1, type:2, protocol:0
sem_get: Key: 410f00a4
nvram_set[   13.435601] firmadyne: sys_socket[PID: 114 (klogd)]: family:1, type:1, protocol:0
[   13.436772] firmadyne: sys_socket[PID: 114 (klogd)]: family:1, type:2, protocol:0
: lan7_ifnames = ""
sem_get: Key: 410f00a4
[   13.443241] firmadyne: sys_socket[PID: 114 (klogd)]: family:1, type:1, protocol:0
[   13.444384] firmadyne: sys_socket[PID: 114 (klogd)]: family:1, type:2, protocol:0
sem_get: Key: 410f00a4
nvram_set: lan8_ifnames = "[   13.450829] firmadyne: sys_socket[PID: 114 (klogd)]: family:1, type:1, protocol:0
[   13.452002] firmadyne: sys_socket[PID: 114 (klogd)]: family:1, type:2, protocol:0
"
sem_get: Key: 410f00a4
sem_get: Key: 410f00a4
[   13.458899] firmadyne: sys_socket[PID: 114 (klogd)]: family:1, type:1, protocol:0
[   13.460110] firmadyne: sys_socket[PID: 114 (klogd)]: family:1, type:2, protocol:0
nvram_set: lan9_ifnames = ""
sem_get: Key: 410f00a4[   13.466619] firmadyne: sys_socket[PID: 114 (klogd)]: family:1, type:1, protocol:0
[   13.467778] firmadyne: sys_socket[PID: 114 (klogd)]: family:1, type:2, protocol:0

sem_get: Key: 410f00a4
nvram_set_default: Loading built-in default values = 1[   13.474452] firmadyne: sys_socket[PID: 114 (klogd)]: family:1, type:1, protocol:0
[   13.475619] firmadyne: sys_socket[PID: 114 (klogd)]: family:1, type:2, protocol:0
!
nvram_set_default: Checking for symbol "router_defaults"...
nvram_set_default: Checking for symbol "[   13.482529] firmadyne: sys_socket[PID: 114 (klogd)]: family:1, type:1, protocol:0
[   13.483739] firmadyne: sys_socket[PID: 114 (klogd)]: family:1, type:2, protocol:0
Nvrams"...
[   13.489351] firmadyne: sys_socket[PID: 114 (klogd)]: family:1, type:1, protocol:0
[   13.490775] firmadyne: sys_socket[PID: 114 (klogd)]: family:1, type:2, protocol:0
[   13.493023] firmadyne: sys_socket[PID: 114 (klogd)]: family:1, type:1, protocol:0
nvram_set: time_zone = "GMT+8"
[   13.502245] firmadyne: sys_socket[PID: 114 (klogd)]: family:1, type:2, protocol:0
[   13.504552] firmadyne: sys_socket[PID: 114 (klogd)]: family:1, type:1, protocol:0
sem_get: Key: 410f00a4
sem_get: Key: 410f00a4[   13.510144] firmadyne: sys_socket[PID: 114 (klogd)]: family:1, type:2, protocol:0
[   13.512474] firmadyne: sys_socket[PID: 114 (klogd)]: family:1, type:1, protocol:0
[   13.513642] firmadyne: sys_socket[PID: 114 (klogd)]: family:1, type:2, protocol:0

[   13.519465] firmadyne: sys_socket[PID: 114 (klogd)]: family:1, type:1, protocol:0
[   13.520644] firmadyne: sys_socket[PID: 114 (klogd)]: family:1, type:2, protocol:0
nvram_set: time_daylight = ""
sem_get: Key: 410f00a4
[   13.527204] firmadyne: sys_socket[PID: 114 (klogd)]: family:1, type:1, protocol:0
[   13.528341] firmadyne: sys_socket[PID: 114 (klogd)]: family:1, type:2, protocol:0
sem_get: Key: 410f00a4
[   13.534874] firmadyne: sys_socket[PID: 114 (klogd)]: family:1, type:1, protocol:0
[   13.536072] firmadyne: sys_socket[PID: 114 (klogd)]: family:1, type:2, protocol:0
nvram_set: restore_default = "0"
[   13.542636] firmadyne: sys_socket[PID: 114 (klogd)]: family:1, type:1, protocol:0
[   13.543809] firmadyne: sys_socket[PID: 114 (klogd)]: family:1, type:2, protocol:0
sem_get: Key: 410f00a4
sem_get: Key: 410f00a4
[   13.550593] firmadyne: sys_socket[PID: 114 (klogd)]: family:1, type:1, protocol:0
[   13.551739] firmadyne: sys_socket[PID: 114 (klogd)]: family:1, type:2, protocol:0
[   13.558225] firmadyne: sys_socket[PID: 114 (klogd)]: family:1, type:1, protocol:0
[   13.559381] firmadyne: sys_socket[PID: 114 (klogd)]: family:1, type:2, protocol:0
[   13.561627] firmadyne: sys_socket[PID: 114 (klogd)]: family:1, type:1, protocol:0
nvram_set: wiz_language = "English"
sem_get: Key: 410f00a4
sem_get: Key: 410f00a4
[   13.570224] firmadyne: sys_socket[PID: 114 (klogd)]: family:1, type:2, protocol:0
[   13.572455] firmadyne: sys_socket[PID: 114 (klogd)]: family:1, type:1, protocol:0
[   13.573597] firmadyne: sys_socket[PID: 114 (klogd)]: family:1, type:2, protocol:0
nvram_set: wiz_country = "[   13.579680] firmadyne: sys_socket[PID: 114 (klogd)]: family:1, type:1, protocol:0
[   13.580868] firmadyne: sys_socket[PID: 114 (klogd)]: family:1, type:2, protocol:0
US"
sem_get: Key: 410f00a4
sem_get: Key: [   13.587617] firmadyne: sys_socket[PID: 114 (klogd)]: family:1, type:1, protocol:0
[   13.588762] firmadyne: sys_socket[PID: 114 (klogd)]: family:1, type:2, protocol:0
410f00a4
nvram_set: fix_ipaddr = ""
sem_get: Key: 410f00a4
sem_get: Key: 410f00a4
nvram_set: fix_netmask = ""
sem_get: Key: [   13.615438] firmadyne: sys_socket[PID: 114 (klogd)]: family:1, type:1, protocol:0
[   13.616636] firmadyne: sys_socket[PID: 114 (klogd)]: family:1, type:2, protocol:0
[   13.619071] firmadyne: sys_socket[PID: 114 (klogd)]: family:1, type:1, protocol:0
[   13.620175] firmadyne: sys_socket[PID: 114 (klogd)]: family:1, type:2, protocol:0
410f00a4
sem_get: Key: 410f00a4
[   13.626860] firmadyne: sys_socket[PID: 114 (klogd)]: family:1, type:1, protocol:0
[   13.628013] firmadyne: sys_socket[PID: 114 (klogd)]: family:1, type:2, protocol:0
nvram_set: fix_gateway = ""
[   13.634611] firmadyne: sys_socket[PID: 114 (klogd)]: family:1, type:1, protocol:0
[   13.635830] firmadyne: sys_socket[PID: 114 (klogd)]: family:1, type:2, protocol:0
sem_get: Key: 410f00a4
sem_get: Key: 410f00a4
[   13.642461] firmadyne: sys_socket[PID: 114 (klogd)]: family:1, type:1, protocol:0
[   13.643623] firmadyne: sys_socket[PID: 114 (klogd)]: family:1, type:2, protocol:0
nvram_set: wan_ifname = "[   13.650374] firmadyne: sys_socket[PID: 114 (klogd)]: family:1, type:1, protocol:0
[   13.651522] firmadyne: sys_socket[PID: 114 (klogd)]: family:1, type:2, protocol:0
ppp0"
sem_get: Key: 410f00a4
sem_get: Key: [   13.658330] firmadyne: sys_socket[PID: 114 (klogd)]: family:1, type:1, protocol:0
[   13.659483] firmadyne: sys_socket[PID: 114 (klogd)]: family:1, type:2, protocol:0
410f00a4
[   13.666164] firmadyne: sys_socket[PID: 114 (klogd)]: family:1, type:1, protocol:0
[   13.667680] firmadyne: sys_socket[PID: 114 (klogd)]: family:1, type:2, protocol:0
nvram_set: wan_mode = "pppoe"
[   13.674952] firmadyne: sys_socket[PID: 114 (klogd)]: family:1, type:1, protocol:0
[   13.676779] firmadyne: sys_socket[PID: 114 (klogd)]: family:1, type:2, protocol:0
sem_get: Key: 410f00a4
[   13.683974] firmadyne: sys_socket[PID: 114 (klogd)]: family:1, type:1, protocol:0
[   13.685610] firmadyne: sys_socket[PID: 114 (klogd)]: family:1, type:2, protocol:0
sem_get: Key: 410f00a4
nvram_set: wan_iptype = "Dynamic"
[   13.695516] firmadyne: sys_socket[PID: 114 (klogd)]: family:1, type:1, protocol:0
[   13.696717] firmadyne: sys_socket[PID: 114 (klogd)]: family:1, type:2, protocol:0
sem_get: Key: 410f00a4
sem_get: Key: 410f00a4
[   13.703549] firmadyne: sys_socket[PID: 114 (klogd)]: family:1, type:1, protocol:0
[   13.704741] firmadyne: sys_socket[PID: 114 (klogd)]: family:1, type:2, protocol:0
nvram_set: wan_ipaddr[   13.711403] firmadyne: sys_socket[PID: 114 (klogd)]: family:1, type:1, protocol:0
[   13.712543] firmadyne: sys_socket[PID: 114 (klogd)]: family:1, type:2, protocol:0
 = ""
sem_get: Key: 410f00a4
sem_get: Key: [   13.719220] firmadyne: sys_socket[PID: 114 (klogd)]: family:1, type:1, protocol:0
[   13.720354] firmadyne: sys_socket[PID: 114 (klogd)]: family:1, type:2, protocol:0
410f00a4
nvram_set[   13.726993] firmadyne: sys_socket[PID: 114 (klogd)]: family:1, type:1, protocol:0
[   13.728157] firmadyne: sys_socket[PID: 114 (klogd)]: family:1, type:2, protocol:0
: wan_netmask = ""
sem_get: Key: 410f00a4
sem_get[   13.734830] firmadyne: sys_socket[PID: 114 (klogd)]: family:1, type:1, protocol:0
[   13.736046] firmadyne: sys_socket[PID: 114 (klogd)]: family:1, type:2, protocol:0
: Key: 410f00a4
nvram_set[   13.742905] firmadyne: sys_socket[PID: 114 (klogd)]: family:1, type:1, protocol:0
[   13.744129] firmadyne: sys_socket[PID: 114 (klogd)]: family:1, type:2, protocol:0
: wan_gateway = ""
sem_get: Key: 410f00a4
sem_get[   13.751046] firmadyne: sys_socket[PID: 114 (klogd)]: family:1, type:1, protocol:0
[   13.752207] firmadyne: sys_socket[PID: 114 (klogd)]: family:1, type:2, protocol:0
[   13.754753] firmadyne: sys_socket[PID: 114 (klogd)]: family:1, type:1, protocol:0
[   13.755874] firmadyne: sys_socket[PID: 114 (klogd)]: family:1, type:2, protocol:0
: Key: 410f00a4
nvram_set[   13.762572] firmadyne: sys_socket[PID: 114 (klogd)]: family:1, type:1, protocol:0
[   13.763720] firmadyne: sys_socket[PID: 114 (klogd)]: family:1, type:2, protocol:0
