[    0.000000] Linux version 4.1.17+ (alessio@pc) (gcc version 5.5.0 20171010 (Ubuntu 5.5.0-12ubuntu1) ) #1 Mon May 15 23:04:08 CEST 2023
[    0.000000] earlycon: Early serial console at I/O port 0x3f8 (options '38400n8')
[    0.000000] bootconsole [uart0] enabled
[    0.000000] CPU0 revision is: 00019300 (MIPS 24Kc)
[    0.000000] FPU revision is: 00739300
[    0.000000] Software DMA cache coherency enabled
[    0.000000] Determined physical RAM map:
[    0.000000]  memory: 00001000 @ 00000000 (reserved)
[    0.000000]  memory: 000ef000 @ 00001000 (ROM data)
[    0.000000]  memory: 00798000 @ 000f0000 (reserved)
[    0.000000]  memory: 0f777000 @ 00888000 (usable)
[    0.000000] debug: ignoring loglevel setting.
[    0.000000] Wasting 69888 bytes for tracking 2184 unused pages
[    0.000000] Initrd not found or empty - disabling initrd
[    0.000000] Zone ranges:
[    0.000000]   DMA      [mem 0x0000000000000000-0x0000000000ffffff]
[    0.000000]   Normal   [mem 0x0000000001000000-0x000000000fffefff]
[    0.000000] Movable zone start for each node
[    0.000000] Early memory node ranges
[    0.000000]   node   0: [mem 0x0000000000000000-0x000000000fffefff]
[    0.000000] Initmem setup node 0 [mem 0x0000000000000000-0x000000000fffefff]
[    0.000000] On node 0 totalpages: 65535
[    0.000000] free_area_init_node: node 0, pgdat 8081d5b0, node_mem_map 81000000
[    0.000000]   DMA zone: 32 pages used for memmap
[    0.000000]   DMA zone: 0 pages reserved
[    0.000000]   DMA zone: 4096 pages, LIFO batch:0
[    0.000000]   Normal zone: 480 pages used for memmap
[    0.000000]   Normal zone: 61439 pages, LIFO batch:15
[    0.000000] Primary instruction cache 2kB, VIPT, 2-way, linesize 16 bytes.
[    0.000000] Primary data cache 2kB, 2-way, VIPT, no aliases, linesize 16 bytes
[    0.000000] pcpu-alloc: s0 r0 d32768 u32768 alloc=1*32768
[    0.000000] pcpu-alloc: [0] 0 
[    0.000000] Built 1 zonelists in Zone order, mobility grouping on.  Total pages: 65023
[    0.000000] Kernel command line: root=/dev/sda1 console=ttyS0 nandsim.parts=64,64,64,64,64,64,64,64,64,64 rdinit=/firmadyne/preInit.sh rw debug ignore_loglevel print-fatal-signals=1 FIRMAE_NET=true FIRMAE_NVRAM=true FIRMAE_KERNEL=true FIRMAE_ETC=true user_debug=0 firmadyne.syscall=1 noka
[    0.000000] found FIRMAE_KERNEL=t
[    0.000000] set the LD_PRELOAD=/firmadyne/libnvram_ioctl.so
[    0.000000] PID hash table entries: 1024 (order: 0, 4096 bytes)
[    0.000000] Dentry cache hash table entries: 32768 (order: 5, 131072 bytes)
[    0.000000] Inode-cache hash table entries: 16384 (order: 4, 65536 bytes)
[    0.000000] Writing ErrCtl register=00000000
[    0.000000] Readback ErrCtl register=00000000
[    0.000000] Memory: 251112K/262140K available (5360K kernel code, 244K rwdata, 1676K rodata, 260K init, 158K bss, 11028K reserved, 0K cma-reserved)
[    0.000000] NR_IRQS:256
[    0.000000] CPU frequency 200.01 MHz
[    0.000000] clocksource MIPS: mask: 0xffffffff max_cycles: 0xffffffff, max_idle_ns: 19111935547 ns
[    0.000217] sched_clock: 32 bits at 100MHz, resolution 9ns, wraps every 21474084859ns
[    0.016272] Console: colour dummy device 80x25
[    0.017453] Calibrating delay loop... 23.07 BogoMIPS (lpj=46144)
[    0.069296] pid_max: default: 32768 minimum: 301
[    0.074039] Mount-cache hash table entries: 1024 (order: 0, 4096 bytes)
[    0.074600] Mountpoint-cache hash table entries: 1024 (order: 0, 4096 bytes)
[    0.145477] clocksource jiffies: mask: 0xffffffff max_cycles: 0xffffffff, max_idle_ns: 7645041785100000 ns
[    0.157444] NET: Registered protocol family 16
[    0.465216] clocksource pit: mask: 0xffffffff max_cycles: 0xffffffff, max_idle_ns: 1601818034827 ns
[    0.635338] vgaarb: loaded
[    0.641775] SCSI subsystem initialized
[    0.644342] libata version 3.00 loaded.
[    0.649186] usbcore: registered new interface driver usbfs
[    0.650893] usbcore: registered new interface driver hub
[    0.652075] usbcore: registered new device driver usb
[    0.655137] pps_core: LinuxPPS API ver. 1 registered
[    0.655575] pps_core: Software ver. 5.3.6 - Copyright 2005-2007 Rodolfo Giometti <giometti@linux.it>
[    0.656590] PTP clock support registered
[    0.661828] PCI host bridge to bus 0000:00
[    0.662817] pci_bus 0000:00: root bus resource [mem 0x10000000-0x17ffffff]
[    0.663482] pci_bus 0000:00: root bus resource [io  0x1000-0x1fffff]
[    0.664127] pci_bus 0000:00: root bus resource [??? 0x00000000 flags 0x0]
[    0.664752] pci_bus 0000:00: No busn resource found for root bus, will use [bus 00-ff]
[    0.666147] pci 0000:00:00.0: [11ab:4620] type 00 class 0x060000
[    0.667361] pci 0000:00:00.0: [Firmware Bug]: reg 0x14: invalid BAR (can't size)
[    0.668003] pci 0000:00:00.0: [Firmware Bug]: reg 0x18: invalid BAR (can't size)
[    0.668627] pci 0000:00:00.0: [Firmware Bug]: reg 0x1c: invalid BAR (can't size)
[    0.669247] pci 0000:00:00.0: [Firmware Bug]: reg 0x20: invalid BAR (can't size)
[    0.669888] pci 0000:00:00.0: [Firmware Bug]: reg 0x24: invalid BAR (can't size)
[    0.674350] pci 0000:00:0a.0: [8086:7110] type 00 class 0x060100
[    0.678272] pci 0000:00:0a.1: [8086:7111] type 00 class 0x010180
[    0.679276] pci 0000:00:0a.1: reg 0x20: [io  0x0000-0x000f]
[    0.679943] pci 0000:00:0a.1: legacy IDE quirk: reg 0x10: [io  0x01f0-0x01f7]
[    0.680572] pci 0000:00:0a.1: legacy IDE quirk: reg 0x14: [io  0x03f6]
[    0.681178] pci 0000:00:0a.1: legacy IDE quirk: reg 0x18: [io  0x0170-0x0177]
[    0.681795] pci 0000:00:0a.1: legacy IDE quirk: reg 0x1c: [io  0x0376]
[    0.685466] pci 0000:00:0a.2: [8086:7112] type 00 class 0x0c0300
[    0.686202] pci 0000:00:0a.2: reg 0x20: [io  0x0000-0x001f]
[    0.689832] pci 0000:00:0a.3: [8086:7113] type 00 class 0x068000
[    0.691358] pci 0000:00:0a.3: quirk: [io  0x1000-0x103f] claimed by PIIX4 ACPI
[    0.692306] pci 0000:00:0a.3: quirk: [io  0x1100-0x110f] claimed by PIIX4 SMB
[    0.695816] pci 0000:00:12.0: [1013:00b8] type 00 class 0x030000
[    0.696689] pci 0000:00:12.0: reg 0x10: [mem 0x00000000-0x01ffffff pref]
[    0.697332] pci 0000:00:12.0: reg 0x14: [mem 0x00000000-0x00000fff]
[    0.698044] pci 0000:00:12.0: reg 0x30: [mem 0x00000000-0x0000ffff pref]
[    0.701163] vgaarb: device added: PCI:0000:00:12.0,decodes=io+mem,owns=none,locks=none
[    0.702556] pci 0000:00:13.0: [8086:100e] type 00 class 0x020000
[    0.703223] pci 0000:00:13.0: reg 0x10: [mem 0x00000000-0x0001ffff]
[    0.703841] pci 0000:00:13.0: reg 0x14: [io  0x0000-0x003f]
[    0.704541] pci 0000:00:13.0: reg 0x30: [mem 0x00000000-0x0003ffff pref]
[    0.708052] pci 0000:00:14.0: [8086:100e] type 00 class 0x020000
[    0.708735] pci 0000:00:14.0: reg 0x10: [mem 0x00000000-0x0001ffff]
[    0.709505] pci 0000:00:14.0: reg 0x14: [io  0x0000-0x003f]
[    0.710180] pci 0000:00:14.0: reg 0x30: [mem 0x00000000-0x0003ffff pref]
[    0.713857] pci 0000:00:15.0: [8086:100e] type 00 class 0x020000
[    0.714527] pci 0000:00:15.0: reg 0x10: [mem 0x00000000-0x0001ffff]
[    0.715136] pci 0000:00:15.0: reg 0x14: [io  0x0000-0x003f]
[    0.715820] pci 0000:00:15.0: reg 0x30: [mem 0x00000000-0x0003ffff pref]
[    0.719363] pci 0000:00:16.0: [8086:100e] type 00 class 0x020000
[    0.720025] pci 0000:00:16.0: reg 0x10: [mem 0x00000000-0x0001ffff]
[    0.720638] pci 0000:00:16.0: reg 0x14: [io  0x0000-0x003f]
[    0.721477] pci 0000:00:16.0: reg 0x30: [mem 0x00000000-0x0003ffff pref]
[    0.725072] pci_bus 0000:00: busn_res: [bus 00-ff] end is updated to 00
[    0.726954] pci 0000:00:12.0: BAR 0: assigned [mem 0x10000000-0x11ffffff pref]
[    0.727791] pci 0000:00:13.0: BAR 6: assigned [mem 0x12000000-0x1203ffff pref]
[    0.728546] pci 0000:00:14.0: BAR 6: assigned [mem 0x12040000-0x1207ffff pref]
[    0.729245] pci 0000:00:15.0: BAR 6: assigned [mem 0x12080000-0x120bffff pref]
[    0.730114] pci 0000:00:16.0: BAR 6: assigned [mem 0x120c0000-0x120fffff pref]
[    0.730816] pci 0000:00:13.0: BAR 0: assigned [mem 0x12100000-0x1211ffff]
[    0.731495] pci 0000:00:14.0: BAR 0: assigned [mem 0x12120000-0x1213ffff]
[    0.732174] pci 0000:00:15.0: BAR 0: assigned [mem 0x12140000-0x1215ffff]
[    0.732860] pci 0000:00:16.0: BAR 0: assigned [mem 0x12160000-0x1217ffff]
[    0.733554] pci 0000:00:12.0: BAR 6: assigned [mem 0x12180000-0x1218ffff pref]
[    0.734426] pci 0000:00:12.0: BAR 1: assigned [mem 0x12190000-0x12190fff]
[    0.735116] pci 0000:00:13.0: BAR 1: assigned [io  0x1040-0x107f]
[    0.735746] pci 0000:00:14.0: BAR 1: assigned [io  0x1080-0x10bf]
[    0.736369] pci 0000:00:15.0: BAR 1: assigned [io  0x10c0-0x10ff]
[    0.737002] pci 0000:00:16.0: BAR 1: assigned [io  0x1400-0x143f]
[    0.737636] pci 0000:00:0a.2: BAR 4: assigned [io  0x1440-0x145f]
[    0.738421] pci 0000:00:0a.1: BAR 4: assigned [io  0x1460-0x146f]
[    0.758261] cfg80211: Calling CRDA to update world regulatory domain
[    0.773850] Switched to clocksource MIPS
[    0.904592] NET: Registered protocol family 2
[    0.918670] TCP established hash table entries: 2048 (order: 1, 8192 bytes)
[    0.919952] TCP bind hash table entries: 2048 (order: 1, 8192 bytes)
[    0.921198] TCP: Hash tables configured (established 2048 bind 2048)
[    0.922833] UDP hash table entries: 256 (order: 0, 4096 bytes)
[    0.923684] UDP-Lite hash table entries: 256 (order: 0, 4096 bytes)
[    0.928626] NET: Registered protocol family 1
[    0.930680] PCI: Enabling device 0000:00:0a.2 (0000 -> 0001)
[    0.932375] PCI: CLS 0 bytes, default 16
[    0.969239] futex hash table entries: 256 (order: -1, 3072 bytes)
[    0.988653] squashfs: version 4.0 (2009/01/31) Phillip Lougher
[    0.991670] jffs2: version 2.2. (NAND) Â© 2001-2006 Red Hat, Inc.
[    0.995640] romfs: ROMFS MTD (C) 2007 Red Hat, Inc.
[    1.023335] Block layer SCSI generic (bsg) driver version 0.4 loaded (major 251)
[    1.024069] io scheduler noop registered
[    1.024872] io scheduler cfq registered (default)
[    1.026351] firmadyne: devfs: 1, execute: 1, procfs: 1, syscall: 1
[    1.032989] firmadyne: Cannot register character device: gpio, 0xfc, 0x0!
[    1.042959] firmadyne: Cannot register character device: watchdog, 0xa, 0x82!
[    1.043526] firmadyne: Cannot register character device: wdt, 0xfd, 0x0!
[    3.005233] strName = 4.1.17+
[    3.005233] init_task_addr  = 2155778944
[    3.005233] init_task_size  = 1296
[    3.005233] ts_tasks        = 292
[    3.005233] ts_pid          = 408
[    3.005233] ts_tgid         = 412
[    3.005233] ts_group_leader = 440
[    3.005233] ts_thread_group = 496
[    3.005233] ts_real_parent  = 416
[    3.005233] ts_mm           = 300
[    3.005233] ts_stack        = 4
[    3.008286] module_name   = 12
[    3.008286] module_size   = 208
[    3.008286] module_init   = 200
[    3.008286] module_list   = 4
[    3.009338] ts_real_cred    = 624
[    3.009338] ts_cred         = 628
[    3.009338] ts_comm         = 632
[    3.009338] cred_uid        = 4
[    3.009338] cred_gid        = 8
[    3.009338] cred_euid       = 20
[    3.009338] cred_egid       = 24
[    3.011341] mm_mmap         = 0
[    3.011341] mm_pgd          = 32
[    3.011341] mm_arg_start    = 136
[    3.011341] mm_start_brk    = 124
[    3.011341] mm_brk          = 128
[    3.011341] mm_start_stack  = 132
[    3.012807] vma_vm_start    = 0
[    3.012807] vma_vm_end      = 4
[    3.012807] vma_vm_next     = 8
[    3.012807] vma_vm_file     = 80
[    3.012807] vma_vm_flags    = 40
[    3.012807] vma_vm_pgoff    = 76
[    3.014483] file_dentry     = 12
[    3.014483] file_inode      = 40
[    3.014483] dentry_d_name   = 24
[    3.014483] dentry_d_iname  = 44
[    3.014483] dentry_d_parent = 16
[    3.014483] ti_task         = 0
[    3.014483] inode_ino   = 28
[    4.238295] proc_fork_connector  = 2151078840
[    4.238741] proc_exit_connector  = 2151080432
[    4.239124] proc_exec_connector  = 2151079052
[    4.239507] vma_link  = 2149124372
[    4.239831] vma_adjust  = 2149124540
[    4.240164] remove_vma  = 2149122188
[    4.240498] modules  = 2155833724
[    4.240821] trim_init_extable  = 2150545316
[    4.242488] cfg80211: Calling CRDA to update world regulatory domain
[    4.246509] PCI: Enabling device 0000:00:12.0 (0000 -> 0002)
[    4.248027] cirrusfb 0000:00:12.0: Cirrus Logic chipset on PCI bus, RAM (4096 kB) at 0x10000000
[    4.500710] Console: switching to colour frame buffer device 80x30
[    4.581188] Serial: 8250/16550 driver, 4 ports, IRQ sharing enabled
[    4.597976] console [ttyS0] disabled
[    4.625447] serial8250.0: ttyS0 at I/O 0x3f8 (irq = 4, base_baud = 115200) is a 16550A
[    4.626951] console [ttyS0] enabled
[    4.626951] console [ttyS0] enabled
[    4.627617] bootconsole [uart0] disabled
[    4.627617] bootconsole [uart0] disabled
[    4.658975] serial8250.0: ttyS1 at I/O 0x2f8 (irq = 3, base_baud = 115200) is a 16550A
[    4.801728] brd: module loaded
[    4.876795] loop: module loaded
[    4.884759] ata_piix 0000:00:0a.1: version 2.13
[    4.885427] PCI: Enabling device 0000:00:0a.1 (0000 -> 0001)
[    4.916444] scsi host0: ata_piix
[    4.923255] scsi host1: ata_piix
[    4.927890] ata1: PATA max UDMA/33 cmd 0x1f0 ctl 0x3f6 bmdma 0x1460 irq 14
[    4.928520] ata2: PATA max UDMA/33 cmd 0x170 ctl 0x376 bmdma 0x1468 irq 15
[    4.936519] [nandsim] warning: read_byte: unexpected data output cycle, state is STATE_READY return 0x0
[    4.937222] [nandsim] warning: read_byte: unexpected data output cycle, state is STATE_READY return 0x0
[    4.938098] [nandsim] warning: read_byte: unexpected data output cycle, state is STATE_READY return 0x0
[    4.938776] [nandsim] warning: read_byte: unexpected data output cycle, state is STATE_READY return 0x0
[    4.939452] [nandsim] warning: read_byte: unexpected data output cycle, state is STATE_READY return 0x0
[    4.940118] [nandsim] warning: read_byte: unexpected data output cycle, state is STATE_READY return 0x0
[    4.940998] nand: device found, Manufacturer ID: 0x98, Chip ID: 0x39
[    4.941508] nand: Toshiba NAND 128MiB 1,8V 8-bit
[    4.942174] nand: 128 MiB, SLC, erase size: 16 KiB, page size: 512, OOB size: 16
[    4.944115] flash size: 128 MiB
[    4.944427] page size: 512 bytes
[    4.944733] OOB area size: 16 bytes
[    4.945050] sector size: 16 KiB
[    4.945350] pages number: 262144
[    4.945657] pages per sector: 32
[    4.946163] bus width: 8
[    4.946443] bits in sector size: 14
[    4.946758] bits in page size: 9
[    4.947065] bits in OOB size: 4
[    4.947380] flash size with OOB: 135168 KiB
[    4.947729] page address bytes: 4
[    4.948035] sector address bytes: 3
[    4.948353] options: 0x42
[    5.049315] Scanning device for bad blocks
[    6.515018] ata1.01: NODEV after polling detection
[    6.516130] ata2.01: NODEV after polling detection
[    6.518559] ata2.00: ATAPI: QEMU DVD-ROM, 2.5+, max UDMA/100
[    6.520677] ata1.00: ATA-7: QEMU HARDDISK, 2.5+, max UDMA/100
[    6.521222] ata1.00: 2097152 sectors, multi 16: LBA48 
[    6.528748] ata2.00: configured for UDMA/33
[    6.531576] ata1.00: configured for UDMA/33
[    6.541751] scsi 0:0:0:0: Direct-Access     ATA      QEMU HARDDISK    2.5+ PQ: 0 ANSI: 5
[    6.560960] sd 0:0:0:0: [sda] 2097152 512-byte logical blocks: (1.07 GB/1.00 GiB)
[    6.563027] scsi 1:0:0:0: CD-ROM            QEMU     QEMU DVD-ROM     2.5+ PQ: 0 ANSI: 5
[    6.578308] sd 0:0:0:0: [sda] Write Protect is off
[    6.578923] sd 0:0:0:0: [sda] Mode Sense: 00 3a 00 00
[    6.580677] sd 0:0:0:0: [sda] Write cache: enabled, read cache: enabled, doesn't support DPO or FUA
[    6.594469]  sda: sda1
[    6.609139] sd 0:0:0:0: [sda] Attached SCSI disk
[    6.609973] Creating 11 MTD partitions on "NAND 128MiB 1,8V 8-bit":
[    6.610749] 0x000000000000-0x000000100000 : "NAND simulator partition 0"
[    6.624126] 0x000000100000-0x000000200000 : "NAND simulator partition 1"
[    6.636768] 0x000000200000-0x000000300000 : "NAND simulator partition 2"
[    6.649758] 0x000000300000-0x000000400000 : "NAND simulator partition 3"
[    6.662988] 0x000000400000-0x000000500000 : "NAND simulator partition 4"
[    6.676084] 0x000000500000-0x000000600000 : "NAND simulator partition 5"
[    6.689498] 0x000000600000-0x000000700000 : "NAND simulator partition 6"
[    6.703240] 0x000000700000-0x000000800000 : "NAND simulator partition 7"
[    6.716775] 0x000000800000-0x000000900000 : "NAND simulator partition 8"
[    6.729384] 0x000000900000-0x000000a00000 : "NAND simulator partition 9"
[    6.742276] 0x000000a00000-0x000008000000 : "NAND simulator partition 10"
[    6.797606] tun: Universal TUN/TAP device driver, 1.6
[    6.798272] tun: (C) 1999-2004 Max Krasnyansky <maxk@qualcomm.com>
[    6.802640] pcnet32: pcnet32.c:v1.35 21.Apr.2008 tsbogend@alpha.franken.de
[    6.804193] e1000: Intel(R) PRO/1000 Network Driver - version 7.3.21-k8-NAPI
[    6.804725] e1000: Copyright (c) 1999-2006 Intel Corporation.
[    6.806037] PCI: Enabling device 0000:00:13.0 (0000 -> 0003)
[    7.125521] e1000 0000:00:13.0 eth0: (PCI:33MHz:32-bit) 52:54:00:12:34:56
[    7.126564] e1000 0000:00:13.0 eth0: Intel(R) PRO/1000 Network Connection
[    7.127451] PCI: Enabling device 0000:00:14.0 (0000 -> 0003)
[    7.392681] cfg80211: Calling CRDA to update world regulatory domain
[    7.450620] e1000 0000:00:14.0 eth1: (PCI:33MHz:32-bit) 52:54:00:12:34:57
[    7.451291] e1000 0000:00:14.0 eth1: Intel(R) PRO/1000 Network Connection
[    7.452164] PCI: Enabling device 0000:00:15.0 (0000 -> 0003)
[    7.783447] e1000 0000:00:15.0 eth2: (PCI:33MHz:32-bit) 52:54:00:12:34:58
[    7.784125] e1000 0000:00:15.0 eth2: Intel(R) PRO/1000 Network Connection
[    7.784999] PCI: Enabling device 0000:00:16.0 (0000 -> 0003)
[    8.112374] e1000 0000:00:16.0 eth3: (PCI:33MHz:32-bit) 52:54:00:12:34:59
[    8.113075] e1000 0000:00:16.0 eth3: Intel(R) PRO/1000 Network Connection
[    8.115070] e1000e: Intel(R) PRO/1000 Network Driver - 2.3.2-k
[    8.115565] e1000e: Copyright(c) 1999 - 2014 Intel Corporation.
[    8.121555] PPP generic driver version 2.4.2
[    8.124509] PPP Deflate Compression module registered
[    8.125348] PPP MPPE Compression module registered
[    8.126099] NET: Registered protocol family 24
[    8.127032] ehci_hcd: USB 2.0 'Enhanced' Host Controller (EHCI) Driver
[    8.127680] ehci-pci: EHCI PCI platform driver
[    8.129178] ohci_hcd: USB 1.1 'Open' Host Controller (OHCI) Driver
[    8.129977] ohci-pci: OHCI PCI platform driver
[    8.131476] uhci_hcd: USB Universal Host Controller Interface driver
[    8.133515] uhci_hcd 0000:00:0a.2: UHCI Host Controller
[    8.134727] uhci_hcd 0000:00:0a.2: new USB bus registered, assigned bus number 1
[    8.136041] uhci_hcd 0000:00:0a.2: irq 11, io base 0x00001440
[    8.150719] hub 1-0:1.0: USB hub found
[    8.151696] hub 1-0:1.0: 2 ports detected
[    8.164175] usbcore: registered new interface driver usb-storage
[    8.169908] mousedev: PS/2 mouse device common for all mice
[    8.178211] rtc_cmos rtc_cmos: rtc core: registered rtc_cmos as rtc0
[    8.179162] rtc_cmos rtc_cmos: alarms up to one day, 242 bytes nvram
[    8.181012] i2c /dev entries driver
[    8.182773] piix4_smbus 0000:00:0a.3: SMBus Host Controller at 0x1100, revision 0
[    8.188923] sdhci: Secure Digital Host Controller Interface driver
[    8.189419] sdhci: Copyright(c) Pierre Ossman
[    8.192626] hidraw: raw HID events driver (C) Jiri Kosina
[    8.217433] usbcore: registered new interface driver usbhid
[    8.218053] usbhid: USB HID core driver
[    8.219455] Netfilter messages via NETLINK v0.30.
[    8.221158] nf_conntrack version 0.5.0 (3923 buckets, 15692 max)
[    8.225511] ctnetlink v0.93: registering with nfnetlink.
[    8.233142] ipip: IPv4 over IPv4 tunneling driver
[    8.249277] ip_tables: (C) 2000-2006 Netfilter Core Team
[    8.253046] arp_tables: (C) 2002 David S. Miller
[    8.255598] Initializing XFRM netlink socket
[    8.257138] NET: Registered protocol family 10
[    8.286864] ip6_tables: (C) 2000-2006 Netfilter Core Team
[    8.291760] sit: IPv6 over IPv4 tunneling driver
[    8.314542] NET: Registered protocol family 17
[    8.315723] bridge: automatic filtering via arp/ip/ip6tables has been deprecated. Update your scripts to load br_netfilter if you need this.
[    8.317115] Bridge firewalling registered
[    8.317653] Ebtables v2.0 registered
[    8.320662] 8021q: 802.1Q VLAN Support v1.8
[    8.348652] rtc_cmos rtc_cmos: setting system clock to 2025-07-23 01:50:18 UTC (1753235418)
[    8.375851] EXT2-fs (sda1): warning: mounting unchecked fs, running e2fsck is recommended
[    8.378565] VFS: Mounted root (ext2 filesystem) on device 8:1.
[    8.390397] Freeing YAMON memory: 956k freed
[    8.404207] Freeing unused kernel memory: 260K (8081f000 - 80860000)
[    8.438557] spurious 8259A interrupt: IRQ7.
[    8.454401] firmadyne: sys_reboot[PID: 48 (init)]: magic1:fee1dead, magic2:28121969, cmd:0
init started:  BusyBox v1.00 (2007.12.04-12:53+0000) multi-call binary
Starting pid 50, console /dev/tts/0: '/etc/init.d/rcS'
[    8.625083] firmadyne: do_execve: /firmadyne/console
[    8.626084] OFFSETS: offset of pid: 0x198 offset of comm: 0x278
[/etc/init.d/S03config.sh]
Mounting proc and var ...
[    9.371001] firmadyne: sys_socket[PID: 71 (wps)]: family:1, type:1, protocol:0
[    9.384803] firmadyne: sys_socket[PID: 71 (wps)]: family:1, type:1, protocol:0
[    9.400727] random: wps urandom read with 97 bits of entropy available
[    9.426546] firmadyne: sys_socket[PID: 71 (wps)]: family:1, type:1, protocol:0
[   10.440765] firmadyne: sys_socket[PID: 71 (wps)]: family:1, type:1, protocol:0
[   10.536207] cfg80211: Calling CRDA to update world regulatory domain
[   11.460555] firmadyne: sys_socket[PID: 71 (wps)]: family:1, type:1, protocol:0
[   12.488893] firmadyne: sys_socket[PID: 71 (wps)]: family:1, type:1, protocol:0
[   12.502972] firmadyne: sys_socket[PID: 71 (wps)]: family:1, type:1, protocol:0
Start xmldb ...
[   12.746249] firmadyne: sys_socket[PID: 74 (xmldb)]: family:1, type:2, protocol:0
[   13.683862] cfg80211: Calling CRDA to update world regulatory domain
[/etc/scripts/misc/profile.sh] get ...
Can't get config from nvram, generate default!
[/etc/scripts/misc/profile.sh] reset ...
[   14.305590] random: nonblocking pool is initialized
[   14.407320] firmadyne: sys_socket[PID: 92 (rgdb)]: family:1, type:2, protocol:0
[/etc/scripts/misc/defnodes.sh] ...
[/etc/defnodes/S10setext.sh] ...
[   14.788319] firmadyne: sys_socket[PID: 100 (xmldbc)]: family:1, type:2, protocol:0
[   14.856499] firmadyne: sys_socket[PID: 101 (xmldbc)]: family:1, type:2, protocol:0
[   14.924576] firmadyne: sys_socket[PID: 102 (xmldbc)]: family:1, type:2, protocol:0
[   14.991681] firmadyne: sys_socket[PID: 103 (xmldbc)]: family:1, type:2, protocol:0
[   15.059677] firmadyne: sys_socket[PID: 104 (xmldbc)]: family:1, type:2, protocol:0
[   15.126513] firmadyne: sys_socket[PID: 105 (xmldbc)]: family:1, type:2, protocol:0
[   15.192970] firmadyne: sys_socket[PID: 106 (xmldbc)]: family:1, type:2, protocol:0
[   15.260255] firmadyne: sys_socket[PID: 107 (xmldbc)]: family:1, type:2, protocol:0
[   15.326627] firmadyne: sys_socket[PID: 108 (xmldbc)]: family:1, type:2, protocol:0
[   15.392398] firmadyne: sys_socket[PID: 109 (xmldbc)]: family:1, type:2, protocol:0
[   15.461906] firmadyne: sys_socket[PID: 110 (xmldbc)]: family:1, type:2, protocol:0
[   15.528489] firmadyne: sys_socket[PID: 111 (xmldbc)]: family:1, type:2, protocol:0
[   15.595231] firmadyne: sys_socket[PID: 112 (xmldbc)]: family:1, type:2, protocol:0
[   15.666695] firmadyne: sys_socket[PID: 113 (xmldbc)]: family:1, type:2, protocol:0
[   15.734382] firmadyne: sys_socket[PID: 114 (xmldbc)]: family:1, type:2, protocol:0
[   15.801430] firmadyne: sys_socket[PID: 115 (xmldbc)]: family:1, type:2, protocol:0
[   15.870471] firmadyne: sys_socket[PID: 116 (xmldbc)]: family:1, type:2, protocol:0
[   15.937335] firmadyne: sys_socket[PID: 117 (xmldbc)]: family:1, type:2, protocol:0
[   16.003756] firmadyne: sys_socket[PID: 118 (xmldbc)]: family:1, type:2, protocol:0
[   16.071181] firmadyne: sys_socket[PID: 119 (xmldbc)]: family:1, type:2, protocol:0
[   16.137116] firmadyne: sys_socket[PID: 120 (xmldbc)]: family:1, type:2, protocol:0
[   16.202858] firmadyne: sys_socket[PID: 121 (xmldbc)]: family:1, type:2, protocol:0
[   16.270745] firmadyne: sys_socket[PID: 122 (xmldbc)]: family:1, type:2, protocol:0
[   16.336246] firmadyne: sys_socket[PID: 123 (xmldbc)]: family:1, type:2, protocol:0
PHP [/etc/defnodes/S11setnodes.php] ...
[   16.464753] firmadyne: sys_socket[PID: 126 (rgdb)]: family:1, type:2, protocol:0
[   16.841725] cfg80211: Calling CRDA to update world regulatory domain
PHP [/etc/defnodes/S12features.php] ...
[   17.100036] firmadyne: sys_socket[PID: 137 (rgdb)]: family:1, type:2, protocol:0
PHP [/etc/defnodes/S13flashspeed.php] ...
[   17.239334] firmadyne: sys_socket[PID: 140 (rgdb)]: family:1, type:2, protocol:0
PHP [/etc/defnodes/S20setnodes.php] ...
[   17.491659] firmadyne: sys_socket[PID: 145 (rgdb)]: family:1, type:2, protocol:0
[   17.656436] firmadyne: sys_socket[PID: 149 (xmldbc)]: family:1, type:2, protocol:0
[   17.844061] firmadyne: sys_socket[PID: 152 (xmldbc)]: family:1, type:2, protocol:0
[   18.004009] firmadyne: sys_socket[PID: 156 (xmldbc)]: family:1, type:2, protocol:0
[   18.174259] firmadyne: sys_socket[PID: 159 (xmldbc)]: family:1, type:2, protocol:0
[   18.311289] firmadyne: sys_socket[PID: 162 (xmldbc)]: family:1, type:2, protocol:0
[   18.378455] firmadyne: sys_socket[PID: 163 (xmldbc)]: family:1, type:2, protocol:0
[   18.447748] firmadyne: sys_socket[PID: 164 (xmldbc)]: family:1, type:2, protocol:0
[   18.516589] firmadyne: sys_socket[PID: 165 (xmldbc)]: family:1, type:2, protocol:0
[   18.583774] firmadyne: sys_socket[PID: 166 (xmldbc)]: family:1, type:2, protocol:0
[   18.650503] firmadyne: sys_socket[PID: 167 (xmldbc)]: family:1, type:2, protocol:0
[   18.719104] firmadyne: sys_socket[PID: 168 (xmldbc)]: family:1, type:2, protocol:0
[   18.894548] EXT3-fs (mtdblock6): error: can't find ext3 filesystem on dev mtdblock6.
[   18.901892] EXT2-fs (mtdblock6): error: can't find an ext2 filesystem on dev mtdblock6.
[   18.909305] EXT4-fs (mtdblock6): VFS: Can't find ext4 filesystem
[   18.924968] cramfs: wrong magic
[   18.932692] squashfs: SQUASHFS error: Can't find a SQUASHFS superblock on mtdblock6
[   18.940123] FAT-fs (mtdblock6): bogus logical sector size 65535
[   18.940880] FAT-fs (mtdblock6): Can't find a valid FAT filesystem
[   18.952867] romfs: VFS: Can't find a romfs filesystem on dev mtdblock6.
[   18.960266] UDF-fs: warning (device mtdblock6): udf_load_vrs: No VRS found
[   18.961107] UDF-fs: warning (device mtdblock6): udf_fill_super: No partition found (2)
mount: Mounting /dev/mtdblock/6 on /www/locale/alt failed: Invalid argument
[   19.117253] firmadyne: sys_socket[PID: 177 (xmldbc)]: family:1, type:2, protocol:0
[   19.344693] firmadyne: sys_socket[PID: 184 (xmldbc)]: family:1, type:2, protocol:0
[   19.480423] firmadyne: sys_socket[PID: 187 (xmldbc)]: family:1, type:2, protocol:0
[   19.546892] firmadyne: sys_socket[PID: 188 (xmldbc)]: family:1, type:2, protocol:0
PHP [/etc/defnodes/S40brand.php] ...
[   19.675074] firmadyne: sys_socket[PID: 191 (rgdb)]: family:1, type:2, protocol:0
[/etc/scripts/misc/defnodes.sh] Done !!
[/etc/scripts/misc/profile.sh] put ...
[   19.986318] cfg80211: Calling CRDA to update world regulatory domain
[   20.128024] firmadyne: sys_socket[PID: 200 (rgdb)]: family:1, type:2, protocol:0
ok
[/etc/templates/timezone.sh] ...
[   20.738623] firmadyne: sys_socket[PID: 209 (rgdb)]: family:1, type:2, protocol:0
[   20.958471] firmadyne: sys_socket[PID: 214 (rgdb)]: family:1, type:2, protocol:0
[   21.696561] firmadyne: sys_socket[PID: 218 (rgdb)]: family:1, type:2, protocol:0
[   21.796017] firmadyne: sys_socket[PID: 220 (rgdb)]: family:1, type:2, protocol:0
[   21.892786] firmadyne: sys_socket[PID: 222 (rgdb)]: family:1, type:2, protocol:0
[/etc/templates/logs.sh] ...
[   22.128316] firmadyne: sys_socket[PID: 228 (rgdb)]: family:1, type:2, protocol:0
[   22.239353] firmadyne: sys_socket[PID: 230 (rgdb)]: family:1, type:2, protocol:0
[/var/run/logs_run.sh] ...
[   22.615429] firmadyne: sys_socket[PID: 234 (syslogd)]: family:1, type:1, protocol:0
Inserting modules ...
Using /lib/modules/wlan.o
insmod: Not configured to support old kernels
Using /lib/modules/wlan_xauth.o
insmod: Not configured to support old kernels
Using /lib/modules/wlan_wep.o
insmod: Not configured to support old kernels
Using /lib/modules/wlan_tkip.o
insmod: Not configured to support old kernels
Using /lib/modules/wlan_scan_sta.o
insmod: Not configured to support old kernels
Using /lib/modules/wlan_scan_ap.o
insmod: Not configured to support old kernels
[   23.130417] cfg80211: Calling CRDA to update world regulatory domain
Using /lib/modules/wlan_ccmp.o
insmod: Not configured to support old kernels
Using /lib/modules/wlan_acl.o
insmod: Not configured to support old kernels
Using /lib/modules/ath_hal.o
insmod: Not configured to support old kernels
Using /lib/modules/ath_rate_atheros.o
insmod: Not configured to support old kernels
Using /lib/modules/ath_dfs.o
insmod: Not configured to support old kernels
[   23.465807] firmadyne: sys_socket[PID: 253 (rgdb)]: family:1, type:2, protocol:0
The countrycode is 840.
Using /lib/modules/ath_ahb.o
insmod: Not configured to support old kernels
[   23.821459] firmadyne: sys_socket[PID: 260 (wlanconfig)]: family:2, type:1, protocol:0
wlanconfig: ioctl: No such device
[   24.031628] firmadyne: sys_socket[PID: 268 (ifconfig)]: family:2, type:1, protocol:0
SIOCSIFHWADDR: No such device
Using /lib/modules/ar231x_access.o
insmod: Not configured to support old kernels
[   24.271119] firmadyne: sys_socket[PID: 277 (ifconfig)]: family:2, type:1, protocol:0
[   24.289400] IPv6: ADDRCONF(NETDEV_UP): eth0: link is not ready
[   24.290419] 8021q: adding VLAN 0 to HW filter on device eth0
[   24.296739] e1000: eth0 NIC Link is Up 1000 Mbps Full Duplex, Flow Control: RX
[   24.301208] IPv6: ADDRCONF(NETDEV_CHANGE): eth0: link becomes ready
[   24.374538] firmadyne: sys_socket[PID: 278 (rgdb)]: family:1, type:2, protocol:0
[   24.466729] firmadyne: sys_socket[PID: 280 (rgdb)]: family:1, type:2, protocol:0
[   24.580490] firmadyne: sys_socket[PID: 282 (rgdb)]: family:1, type:2, protocol:0
[   24.680166] firmadyne: sys_socket[PID: 284 (vconfig)]: family:2, type:2, protocol:0
Set name-type for VLAN subsystem. Should be visible in /proc/net/vlan/config
[   24.746302] firmadyne: sys_socket[PID: 285 (vconfig)]: family:2, type:2, protocol:0
[   24.748071] firmadyne: register_vlan_dev[PID: 285 (vconfig)]: dev:eth0.0 vlan_id:0
[   24.833008] firmadyne: sys_socket[PID: 286 (vconfig)]: family:2, type:2, protocol:0
[   24.834846] firmadyne: register_vlan_dev[PID: 286 (vconfig)]: dev:eth0.2 vlan_id:2
[   24.921271] firmadyne: sys_socket[PID: 287 (brctl)]: family:2, type:2, protocol:0
[   25.006458] firmadyne: sys_socket[PID: 288 (brctl)]: family:2, type:2, protocol:0
[   25.012575] firmadyne: sys_socket[PID: 288 (brctl)]: family:10, type:1, protocol:0
[   25.077298] firmadyne: sys_socket[PID: 289 (brctl)]: family:2, type:2, protocol:0
[   25.081524] firmadyne: sys_socket[PID: 289 (brctl)]: family:10, type:1, protocol:0
[   25.114634] firmadyne: sys_socket[PID: 290 (ifconfig)]: family:2, type:1, protocol:0
[   25.116992] firmadyne: __inet_insert_ifa[PID: 290 (ifconfig)]: device:br0 ifa:0x00000000
[/etc/templates/webs.sh] start ...
[   25.318194] firmadyne: sys_socket[PID: 294 (rgdb)]: family:1, type:2, protocol:0
[   25.472756] firmadyne: sys_socket[PID: 295 (rgdb)]: family:1, type:2, protocol:0
[/var/run/webs_start.sh] ...
Starting HTTPD ...
[/etc/init.d/S03config.sh] done!
[/etc/init.d/S10system.sh]
[   25.921032] firmadyne: sys_socket[PID: 304 (rgdb)]: family:1, type:2, protocol:0
start scheduled ...
[   26.274378] cfg80211: Calling CRDA to update world regulatory domain
[/etc/templates/scheduled.sh] start ...
[   26.361376] firmadyne: sys_socket[PID: 309 (rgdb)]: family:1, type:2, protocol:0
[   26.443916] firmadyne: sys_socket[PID: 312 (route)]: family:2, type:1, protocol:0
[   26.637278] firmadyne: sys_socket[PID: 313 (httpd)]: family:2, type:2, protocol:0
[   26.650408] firmadyne: sys_setsockopt[PID: 313 (httpd)]: fd:4, level:65535, optname:4
[   26.651992] firmadyne: sys_setsockopt[PID: 313 (httpd)]: fd:4, level:65535, optname:25
[   26.653178] firmadyne: inet_bind[PID: 313 (httpd)]: proto:SOCK_STREAM, port:49152
[   26.657645] firmadyne: sys_socket[PID: 313 (httpd)]: family:2, type:1, protocol:0
[   26.662191] firmadyne: sys_socket[PID: 315 (xmldbc)]: family:1, type:2, protocol:0
[   26.665325] firmadyne: sys_setsockopt[PID: 313 (httpd)]: fd:5, level:65535, optname:4
[   26.666760] firmadyne: sys_setsockopt[PID: 313 (httpd)]: fd:5, level:65535, optname:25
[   26.667810] firmadyne: inet_bind[PID: 313 (httpd)]: proto:SOCK_DGRAM, port:1900
[   26.668993] firmadyne: sys_setsockopt[PID: 313 (httpd)]: fd:5, level:0, optname:35
[   26.681826] firmadyne: sys_socket[PID: 313 (httpd)]: family:2, type:2, protocol:0
[   26.683217] firmadyne: sys_setsockopt[PID: 313 (httpd)]: fd:6, level:65535, optname:4
[   26.684303] firmadyne: sys_setsockopt[PID: 313 (httpd)]: fd:6, level:65535, optname:25
[   26.685342] firmadyne: inet_bind[PID: 313 (httpd)]: proto:SOCK_STREAM, port:80
[   26.782548] firmadyne: sys_socket[PID: 313 (httpd)]: family:1, type:1, protocol:0
[   26.816655] firmadyne: sys_socket[PID: 316 (xmldbc)]: family:1, type:2, protocol:0
[/var/run/scheduled_start.sh] ...
Start scheduled ...
setup layout ...
[   27.076604] firmadyne: sys_socket[PID: 320 (scheduled)]: family:1, type:1, protocol:0
[/etc/scripts/layout.sh] start ...
[   27.223421] firmadyne: sys_socket[PID: 325 (rgdb)]: family:1, type:2, protocol:0
[   27.397771] firmadyne: sys_socket[PID: 326 (rgdb)]: family:1, type:2, protocol:0
[/var/run/layout_start.sh] ...
Start router layout ...
/proc/driver/ae531x: cannot create
/proc/driver/ae531x: cannot create
/proc/driver/ae531x: cannot create
/proc/driver/ae531x: cannot create
/proc/driver/ae531x: cannot create
/proc/driver/ae531x: cannot create
/proc/driver/ae531x: cannot create
/proc/driver/ae531x: cannot create
/proc/driver/ae531x: cannot create
/proc/driver/ae531x: cannot create
[   27.759051] firmadyne: sys_socket[PID: 340 (ifconfig)]: family:2, type:1, protocol:0
[   27.787994] firmadyne: sys_socket[PID: 341 (ifconfig)]: family:2, type:1, protocol:0
[   27.852038] firmadyne: sys_socket[PID: 342 (brctl)]: family:2, type:2, protocol:0
[   27.859722] firmadyne: sys_socket[PID: 342 (brctl)]: family:10, type:1, protocol:0
[   27.864653] firmadyne: sys_socket[PID: 342 (brctl)]: family:10, type:1, protocol:0
interface ath0 does not exist!
[   27.953916] firmadyne: sys_socket[PID: 347 (brctl)]: family:2, type:2, protocol:0
[   27.960143] firmadyne: sys_socket[PID: 347 (brctl)]: family:10, type:1, protocol:0
[   27.965039] firmadyne: sys_socket[PID: 347 (brctl)]: family:10, type:1, protocol:0
[   27.967015] firmadyne: br_add_if[PID: 347 (brctl)]: br:br0 dev:eth0.0
[   27.974309] device eth0.0 entered promiscuous mode
[   27.974924] device eth0 entered promiscuous mode
[   27.978795] br0: port 1(eth0.0) entered forwarding state
[   27.979910] br0: port 1(eth0.0) entered forwarding state
[   28.046442] firmadyne: sys_socket[PID: 348 (brctl)]: family:2, type:2, protocol:0
[   28.052442] firmadyne: sys_socket[PID: 348 (brctl)]: family:10, type:1, protocol:0
[   28.057836] firmadyne: sys_socket[PID: 348 (brctl)]: family:10, type:1, protocol:0
can't find port ath0 in bridge br0
[   28.116122] firmadyne: sys_socket[PID: 353 (ifconfig)]: family:2, type:1, protocol:0
[   28.180091] firmadyne: sys_socket[PID: 354 (rgdb)]: family:1, type:2, protocol:0
start LAN ...
[/etc/templates/lan.sh] ...
[   28.420902] firmadyne: sys_socket[PID: 359 (rgdb)]: family:1, type:2, protocol:0
[   28.776743] firmadyne: sys_socket[PID: 360 (rgdb)]: family:1, type:2, protocol:0
[/var/run/lan_start.sh] ...
Start LAN (br0/192.168.0.1/255.255.255.0)...
[   29.108987] firmadyne: sys_socket[PID: 364 (ifconfig)]: family:2, type:1, protocol:0
[   29.111400] firmadyne: __inet_insert_ifa[PID: 364 (ifconfig)]: device:br0 ifa:0xc0a80001
Start DHCP server (br0) ...
start fresetd ...
[   29.370343] firmadyne: sys_socket[PID: 368 (dhcpxmlpatch)]: family:1, type:2, protocol:0
[   29.419328] cfg80211: Calling CRDA to update world regulatory domain
[   29.470793] firmadyne: sys_socket[PID: 367 (udhcpd)]: family:2, type:3, protocol:255
enable LAN ports ...
[   29.482350] firmadyne: sys_socket[PID: 367 (udhcpd)]: family:2, type:1, protocol:17
[   29.483557] firmadyne: sys_setsockopt[PID: 367 (udhcpd)]: fd:5, level:65535, optname:4
[   29.484585] firmadyne: sys_setsockopt[PID: 367 (udhcpd)]: fd:5, level:65535, optname:32
[   29.485620] firmadyne: sys_setsockopt[PID: 367 (udhcpd)]: fd:5, level:65535, optname:25
[   29.506397] firmadyne: inet_bind[PID: 367 (udhcpd)]: proto:SOCK_DGRAM, port:67
Factory reset time : 5 secs
WPS command : [/etc/templates/wps.sh pbc &]
/proc/driver/ae531x: cannot create
gpio_outen: can not open [/proc/ar231x/gpio_cr7] to write.
/proc/driver/ae531x: cannot create
/proc/driver/ae531x: cannot create
/proc/driver/ae531x: cannot create
start WLAN ...
[/etc/templates/wlan.sh] start ...
[   29.839791] firmadyne: sys_socket[PID: 383 (rgdb)]: family:1, type:2, protocol:0
[   30.538941] firmadyne: sys_socket[PID: 386 (rgdb)]: family:1, type:2, protocol:0
[/var/run/wlan_start.sh] ...
Start WLAN interface ath0 ...
[   30.955719] firmadyne: sys_socket[PID: 390 (iwpriv)]: family:2, type:1, protocol:0
ath0      no private ioctls.

[   31.016161] firmadyne: sys_socket[PID: 391 (iwpriv)]: family:2, type:1, protocol:0
ath0      no private ioctls.

[   31.081802] firmadyne: sys_socket[PID: 392 (iwpriv)]: family:2, type:1, protocol:0
ath0      no private ioctls.

[   31.147454] firmadyne: sys_socket[PID: 393 (brctl)]: family:2, type:2, protocol:0
[   31.153758] firmadyne: sys_socket[PID: 393 (brctl)]: family:10, type:1, protocol:0
[   31.157296] firmadyne: sys_socket[PID: 393 (brctl)]: family:10, type:1, protocol:0
can't find port ath0 in bridge br0
[   31.246851] firmadyne: sys_socket[PID: 398 (iwpriv)]: family:2, type:1, protocol:0
ath0      no private ioctls.

[   31.312093] firmadyne: sys_socket[PID: 399 (iwpriv)]: family:2, type:1, protocol:0
ath0      no private ioctls.

[   31.372631] firmadyne: sys_socket[PID: 400 (iwpriv)]: family:2, type:1, protocol:0
ath0      no private ioctls.

[   31.414846] firmadyne: inet_accept[PID: 313 (httpd)]:
[   31.416523] firmadyne: inet_accept[PID: 313 (httpd)]:
[   31.453388] firmadyne: sys_socket[PID: 401 (iwpriv)]: family:2, type:1, protocol:0
ath0      no private ioctls.

[   31.516423] firmadyne: sys_socket[PID: 402 (iwpriv)]: family:2, type:1, protocol:0
ath0      no private ioctls.

[   31.576883] firmadyne: sys_socket[PID: 403 (iwconfig)]: family:2, type:1, protocol:0
Error for wireless request "Set Frequency" (8B04) :
    SET failed on device ath0 ; Invalid argument.
[   31.641815] firmadyne: sys_socket[PID: 404 (iwconfig)]: family:2, type:1, protocol:0
Error for wireless request "Set RTS Threshold" (8B22) :
    SET failed on device ath0 ; Invalid argument.
[   31.716437] firmadyne: sys_socket[PID: 405 (iwconfig)]: family:2, type:1, protocol:0
Error for wireless request "Set Fragmentation Threshold" (8B24) :
    SET failed on device ath0 ; Invalid argument.
[   31.784154] firmadyne: sys_socket[PID: 406 (iwconfig)]: family:2, type:1, protocol:0
Error for wireless request "Set Bit Rate" (8B20) :
    SET failed on device ath0 ; Invalid argument.
[   31.848000] firmadyne: sys_socket[PID: 407 (iwpriv)]: family:2, type:1, protocol:0
ath0      no private ioctls.

[   31.909604] firmadyne: sys_socket[PID: 408 (iwpriv)]: family:2, type:1, protocol:0
ath0      no private ioctls.

/proc/net/br_forward_br0: cannot create
[   32.045310] firmadyne: sys_socket[PID: 410 (iwpriv)]: family:2, type:1, protocol:0
ath0      no private ioctls.

[   32.108153] firmadyne: sys_socket[PID: 411 (iwpriv)]: family:2, type:1, protocol:0
ath0      no private ioctls.

[   32.171062] firmadyne: sys_socket[PID: 412 (iwpriv)]: family:2, type:1, protocol:0
ath0      no private ioctls.

[   32.231511] firmadyne: sys_socket[PID: 413 (iwpriv)]: family:2, type:1, protocol:0
ath0      no private ioctls.

[   32.295334] firmadyne: sys_socket[PID: 414 (iwconfig)]: family:2, type:1, protocol:0
Error for wireless request "Set ESSID" (8B1A) :
    SET failed on device ath0 ; Invalid argument.
[   32.388386] firmadyne: sys_socket[PID: 417 (ifconfig)]: family:2, type:1, protocol:0
SIOCGIFFLAGS: No such device
[   32.541317] firmadyne: sys_socket[PID: 416 (wlxmlpatch)]: family:1, type:2, protocol:0
[   32.562644] cfg80211: Calling CRDA to update world regulatory domain
[   32.622752] firmadyne: sys_socket[PID: 416 (wlxmlpatch)]: family:1, type:2, protocol:0
[   32.653873] firmadyne: sys_socket[PID: 416 (wlxmlpatch)]: family:2, type:1, protocol:0
Configuration file: /var/run/hostapd.ath0.conf
madwifi_poll: ioctl_get_ssid() fail, return -1 !
[   32.693451] firmadyne: sys_socket[PID: 416 (wlxmlpatch)]: family:1, type:2, protocol:0
[   32.768710] firmadyne: sys_socket[PID: 415 (hostapd)]: family:2, type:1, protocol:0
ioctl(SIOCGIFINDEX): No such device
madwifi driver initialization failed.
[   32.975412] firmadyne: sys_socket[PID: 422 (usockc)]: family:1, type:1, protocol:0
Unable to open socket file : /var/run/fresetd_unixsock
[   33.106793] firmadyne: sys_socket[PID: 423 (atp)]: family:1, type:2, protocol:0
[/etc/templates/wps.sh] setie ...
[   33.707853] firmadyne: sys_socket[PID: 430 (xmldbc)]: family:1, type:2, protocol:0
[   34.747083] firmadyne: sys_socket[PID: 431 (wps)]: family:1, type:1, protocol:0
[   35.412367] firmadyne: sys_socket[PID: 432 (atp)]: family:1, type:2, protocol:0
[   35.706711] cfg80211: Exceeded CRDA call max attempts. Not calling CRDA
[   37.972744] firmadyne: sys_socket[PID: 433 (atp)]: family:1, type:2, protocol:0
[/usr/sbin/submit] COMMIT ...
[   39.597973] firmadyne: sys_socket[PID: 439 (xmldbc)]: family:1, type:2, protocol:0
[/etc/scripts/misc/profile.sh] put ...
[   40.957728] firmadyne: sys_socket[PID: 445 (rgdb)]: family:1, type:2, protocol:0
[   40.999493] firmadyne: sys_socket[PID: 431 (wps)]: family:1, type:1, protocol:0
ok
[   42.019359] firmadyne: sys_socket[PID: 431 (wps)]: family:1, type:1, protocol:0
[/usr/sbin/submit] QOS ...
[   42.319293] firmadyne: sys_socket[PID: 455 (xmldbc)]: family:1, type:2, protocol:0
[/etc/templates/qos.sh] restart ...
[   42.829121] firmadyne: sys_socket[PID: 460 (xmldbc)]: family:1, type:2, protocol:0
[   43.034413] firmadyne: sys_socket[PID: 431 (wps)]: family:1, type:1, protocol:0
[   43.107336] firmadyne: sys_socket[PID: 461 (xmldbc)]: family:1, type:2, protocol:0
[   43.416301] firmadyne: sys_socket[PID: 462 (atp)]: family:1, type:2, protocol:0
[   44.043283] firmadyne: sys_socket[PID: 431 (wps)]: family:1, type:1, protocol:0
[   44.055193] firmadyne: sys_socket[PID: 431 (wps)]: family:1, type:1, protocol:0
[   44.072307] firmadyne: sys_socket[PID: 431 (wps)]: family:1, type:1, protocol:0
[   45.086963] firmadyne: sys_socket[PID: 431 (wps)]: family:1, type:1, protocol:0
[/var/run/qos_start.sh] ...
[   46.107000] firmadyne: sys_socket[PID: 431 (wps)]: family:1, type:1, protocol:0
Interface is wanif= lanif=br0... Error!!!
[   47.128374] firmadyne: sys_socket[PID: 431 (wps)]: family:1, type:1, protocol:0
[   47.147119] firmadyne: sys_socket[PID: 431 (wps)]: family:1, type:1, protocol:0
Start WLAN interface ath0 Done !!!
start Guest Zone
[/etc/templates/gzone.sh] ...
[   48.312264] firmadyne: sys_socket[PID: 474 (xmldbc)]: family:1, type:2, protocol:0
[   50.389705] firmadyne: sys_socket[PID: 475 (xmldbc)]: family:1, type:2, protocol:0
[/etc/templates/enable_gzone.sh] ...
start RG ...
[/etc/templates/rg.sh] start ...
[   50.913195] firmadyne: sys_socket[PID: 484 (rgdb)]: family:1, type:2, protocol:0
[   50.995307] firmadyne: sys_socket[PID: 485 (rgdb)]: family:1, type:2, protocol:0
[   51.345592] firmadyne: sys_socket[PID: 486 (atp)]: family:1, type:2, protocol:0
[/var/run/rg_start.sh] ...
[   52.583522] firmadyne: sys_socket[PID: 489 (iptables)]: family:2, type:3, protocol:255
[   52.592565] firmadyne: sys_setsockopt[PID: 489 (iptables)]: fd:3, level:0, optname:64
[   52.596895] firmadyne: sys_setsockopt[PID: 489 (iptables)]: fd:3, level:0, optname:65
[   52.662882] firmadyne: sys_socket[PID: 490 (iptables)]: family:2, type:3, protocol:255
modprobe: could not parse modules.dep

[   52.707919] firmadyne: sys_socket[PID: 490 (iptables)]: family:2, type:3, protocol:255
iptables v1.2.9: can't initialize iptables table `nat': Table does not exist (do you need to insmod?)
Perhaps iptables or your kernel needs to be upgraded.
[   52.796400] firmadyne: sys_socket[PID: 496 (iptables)]: family:2, type:3, protocol:255
[   52.804733] firmadyne: sys_setsockopt[PID: 496 (iptables)]: fd:3, level:0, optname:64
[   52.808876] firmadyne: sys_setsockopt[PID: 496 (iptables)]: fd:3, level:0, optname:65
[   52.874718] firmadyne: sys_socket[PID: 497 (iptables)]: family:2, type:3, protocol:255
[   52.940961] firmadyne: sys_socket[PID: 498 (iptables)]: family:2, type:3, protocol:255
modprobe: could not parse modules.dep

[   53.069334] firmadyne: sys_socket[PID: 498 (iptables)]: family:2, type:3, protocol:255
iptables v1.2.9: can't initialize iptables table `nat': Table does not exist (do you need to insmod?)
Perhaps iptables or your kernel needs to be upgraded.
[   53.268213] firmadyne: sys_socket[PID: 502 (atp)]: family:1, type:2, protocol:0
[   53.393413] firmadyne: sys_socket[PID: 505 (iptables)]: family:2, type:3, protocol:255
[   53.463603] firmadyne: sys_socket[PID: 506 (iptables)]: family:2, type:3, protocol:255
[   53.470083] firmadyne: sys_setsockopt[PID: 506 (iptables)]: fd:3, level:0, optname:64
[   53.472288] firmadyne: sys_setsockopt[PID: 506 (iptables)]: fd:3, level:0, optname:65
[   53.538735] firmadyne: sys_socket[PID: 507 (iptables)]: family:2, type:3, protocol:255
[   53.544642] firmadyne: sys_setsockopt[PID: 507 (iptables)]: fd:3, level:0, optname:64
[   53.548605] firmadyne: sys_setsockopt[PID: 507 (iptables)]: fd:3, level:0, optname:65
[   53.609403] firmadyne: sys_socket[PID: 508 (iptables)]: family:2, type:3, protocol:255
[   53.613524] firmadyne: sys_setsockopt[PID: 508 (iptables)]: fd:3, level:0, optname:64
[   53.617695] firmadyne: sys_setsockopt[PID: 508 (iptables)]: fd:3, level:0, optname:65
[   53.684114] firmadyne: sys_socket[PID: 509 (iptables)]: family:2, type:3, protocol:255
modprobe: could not parse modules.dep

[   53.727643] firmadyne: sys_socket[PID: 509 (iptables)]: family:2, type:3, protocol:255
iptables v1.2.9: can't initialize iptables table `nat': Table does not exist (do you need to insmod?)
Perhaps iptables or your kernel needs to be upgraded.
[   53.817049] firmadyne: sys_socket[PID: 515 (iptables)]: family:2, type:3, protocol:255
modprobe: could not parse modules.dep

[   53.858832] firmadyne: sys_socket[PID: 515 (iptables)]: family:2, type:3, protocol:255
iptables v1.2.9: can't initialize iptables table `nat': Table does not exist (do you need to insmod?)
Perhaps iptables or your kernel needs to be upgraded.
[   54.159420] firmadyne: sys_socket[PID: 521 (atp)]: family:1, type:2, protocol:0
[   54.241589] firmadyne: sys_socket[PID: 522 (iptables)]: family:2, type:3, protocol:255
[   54.274551] firmadyne: sys_setsockopt[PID: 522 (iptables)]: fd:3, level:0, optname:64
[   54.288236] firmadyne: sys_setsockopt[PID: 522 (iptables)]: fd:3, level:0, optname:65
[   54.358685] firmadyne: sys_socket[PID: 523 (iptables)]: family:2, type:3, protocol:255
modprobe: could not parse modules.dep

[   54.397914] firmadyne: sys_socket[PID: 523 (iptables)]: family:2, type:3, protocol:255
iptables v1.2.9: can't initialize iptables table `nat': Table does not exist (do you need to insmod?)
Perhaps iptables or your kernel needs to be upgraded.
[   54.488392] firmadyne: sys_socket[PID: 529 (iptables)]: family:2, type:3, protocol:255
modprobe: could not parse modules.dep

[   54.529638] firmadyne: sys_socket[PID: 529 (iptables)]: family:2, type:3, protocol:255
iptables v1.2.9: can't initialize iptables table `nat': Table does not exist (do you need to insmod?)
Perhaps iptables or your kernel needs to be upgraded.
[   54.619335] firmadyne: sys_socket[PID: 535 (iptables)]: family:2, type:3, protocol:255
modprobe: could not parse modules.dep

[   54.661157] firmadyne: sys_socket[PID: 535 (iptables)]: family:2, type:3, protocol:255
iptables v1.2.9: can't initialize iptables table `nat': Table does not exist (do you need to insmod?)
Perhaps iptables or your kernel needs to be upgraded.
[   54.752914] firmadyne: sys_socket[PID: 541 (iptables)]: family:2, type:3, protocol:255
modprobe: could not parse modules.dep

[   54.834696] firmadyne: sys_socket[PID: 541 (iptables)]: family:2, type:3, protocol:255
iptables v1.2.9: can't initialize iptables table `nat': Table does not exist (do you need to insmod?)
Perhaps iptables or your kernel needs to be upgraded.
[   55.157822] firmadyne: sys_socket[PID: 547 (atp)]: family:1, type:2, protocol:0
[   55.208067] firmadyne: sys_socket[PID: 548 (iptables)]: family:2, type:3, protocol:255
modprobe: could not parse modules.dep

[   55.361946] firmadyne: sys_socket[PID: 548 (iptables)]: family:2, type:3, protocol:255
iptables v1.2.9: can't initialize iptables table `nat': Table does not exist (do you need to insmod?)
Perhaps iptables or your kernel needs to be upgraded.
[   55.725428] firmadyne: sys_socket[PID: 554 (iptables)]: family:2, type:3, protocol:255
modprobe: could not parse modules.dep

[   55.884759] firmadyne: sys_socket[PID: 554 (iptables)]: family:2, type:3, protocol:255
iptables v1.2.9: can't initialize iptables table `nat': Table does not exist (do you need to insmod?)
Perhaps iptables or your kernel needs to be upgraded.
[   56.242851] firmadyne: sys_socket[PID: 560 (iptables)]: family:2, type:3, protocol:255
modprobe: could not parse modules.dep

[   56.396616] firmadyne: sys_socket[PID: 560 (iptables)]: family:2, type:3, protocol:255
iptables v1.2.9: can't initialize iptables table `nat': Table does not exist (do you need to insmod?)
Perhaps iptables or your kernel needs to be upgraded.
[   56.760549] firmadyne: sys_socket[PID: 566 (iptables)]: family:2, type:3, protocol:255
modprobe: could not parse modules.dep

[   56.928627] firmadyne: sys_socket[PID: 566 (iptables)]: family:2, type:3, protocol:255
iptables v1.2.9: can't initialize iptables table `nat': Table does not exist (do you need to insmod?)
Perhaps iptables or your kernel needs to be upgraded.
[   57.282721] firmadyne: sys_socket[PID: 572 (iptables)]: family:2, type:3, protocol:255
modprobe: could not parse modules.dep

[   57.434037] firmadyne: sys_socket[PID: 572 (iptables)]: family:2, type:3, protocol:255
iptables v1.2.9: can't initialize iptables table `nat': Table does not exist (do you need to insmod?)
Perhaps iptables or your kernel needs to be upgraded.
[   57.790542] firmadyne: sys_socket[PID: 578 (iptables)]: family:2, type:3, protocol:255
modprobe: could not parse modules.dep

[   57.952527] firmadyne: sys_socket[PID: 578 (iptables)]: family:2, type:3, protocol:255
iptables v1.2.9: can't initialize iptables table `nat': Table does not exist (do you need to insmod?)
Perhaps iptables or your kernel needs to be upgraded.
[   58.309258] firmadyne: sys_socket[PID: 584 (iptables)]: family:2, type:3, protocol:255
modprobe: could not parse modules.dep

[   58.464462] firmadyne: sys_socket[PID: 584 (iptables)]: family:2, type:3, protocol:255
iptables v1.2.9: can't initialize iptables table `nat': Table does not exist (do you need to insmod?)
Perhaps iptables or your kernel needs to be upgraded.
[   58.825382] firmadyne: sys_socket[PID: 590 (iptables)]: family:2, type:3, protocol:255
modprobe: could not parse modules.dep

[   58.984410] firmadyne: sys_socket[PID: 590 (iptables)]: family:2, type:3, protocol:255
iptables v1.2.9: can't initialize iptables table `nat': Table does not exist (do you need to insmod?)
Perhaps iptables or your kernel needs to be upgraded.
[   59.324991] firmadyne: sys_socket[PID: 596 (iptables)]: family:2, type:3, protocol:255
[   59.348348] firmadyne: sys_setsockopt[PID: 596 (iptables)]: fd:3, level:0, optname:64
[   59.363102] firmadyne: sys_setsockopt[PID: 596 (iptables)]: fd:3, level:0, optname:65
[   59.645008] firmadyne: sys_socket[PID: 597 (iptables)]: family:2, type:3, protocol:255
[   59.672170] firmadyne: sys_setsockopt[PID: 597 (iptables)]: fd:3, level:0, optname:64
[   59.684741] firmadyne: sys_setsockopt[PID: 597 (iptables)]: fd:3, level:0, optname:65
[   59.963894] firmadyne: sys_socket[PID: 598 (iptables)]: family:2, type:3, protocol:255
[   59.990754] firmadyne: sys_setsockopt[PID: 598 (iptables)]: fd:3, level:0, optname:64
[   60.003148] firmadyne: sys_setsockopt[PID: 598 (iptables)]: fd:3, level:0, optname:65
[   60.283786] firmadyne: sys_socket[PID: 599 (iptables)]: family:2, type:3, protocol:255
[   60.311156] firmadyne: sys_setsockopt[PID: 599 (iptables)]: fd:3, level:0, optname:64
[   60.323644] firmadyne: sys_setsockopt[PID: 599 (iptables)]: fd:3, level:0, optname:65
[   60.622258] firmadyne: sys_socket[PID: 600 (iptables)]: family:2, type:3, protocol:255
[   60.630916] firmadyne: sys_setsockopt[PID: 600 (iptables)]: fd:3, level:0, optname:64
[   60.633116] firmadyne: sys_setsockopt[PID: 600 (iptables)]: fd:3, level:0, optname:65
[   60.705059] firmadyne: sys_socket[PID: 601 (iptables)]: family:2, type:3, protocol:255
[   60.713652] firmadyne: sys_setsockopt[PID: 601 (iptables)]: fd:3, level:0, optname:64
[   60.716254] firmadyne: sys_setsockopt[PID: 601 (iptables)]: fd:3, level:0, optname:65
[   60.785495] firmadyne: sys_socket[PID: 602 (iptables)]: family:2, type:3, protocol:255
[   60.794546] firmadyne: sys_setsockopt[PID: 602 (iptables)]: fd:3, level:0, optname:64
[   60.796851] firmadyne: sys_setsockopt[PID: 602 (iptables)]: fd:3, level:0, optname:65
[   60.885547] firmadyne: sys_socket[PID: 603 (iptables)]: family:2, type:3, protocol:255
[   60.895151] firmadyne: sys_setsockopt[PID: 603 (iptables)]: fd:3, level:0, optname:64
iptables: Protocol wrong type for socket
[   61.002561] firmadyne: sys_socket[PID: 606 (iptables)]: family:2, type:3, protocol:255
modprobe: could not parse modules.dep

[   61.043540] firmadyne: sys_socket[PID: 606 (iptables)]: family:2, type:3, protocol:255
iptables v1.2.9: can't initialize iptables table `nat': Table does not exist (do you need to insmod?)
Perhaps iptables or your kernel needs to be upgraded.
[   61.254636] firmadyne: sys_socket[PID: 612 (iptables)]: family:2, type:3, protocol:255
modprobe: could not parse modules.dep

[   61.409844] firmadyne: sys_socket[PID: 612 (iptables)]: family:2, type:3, protocol:255
[   61.426614] firmadyne: sys_socket[PID: 613 (atp)]: family:1, type:2, protocol:0
iptables v1.2.9: can't initialize iptables table `nat': Table does not exist (do you need to insmod?)
Perhaps iptables or your kernel needs to be upgraded.
[   61.857157] firmadyne: sys_socket[PID: 619 (iptables)]: family:2, type:3, protocol:255
modprobe: could not parse modules.dep

[   62.014062] firmadyne: sys_socket[PID: 619 (iptables)]: family:2, type:3, protocol:255
iptables v1.2.9: can't initialize iptables table `nat': Table does not exist (do you need to insmod?)
Perhaps iptables or your kernel needs to be upgraded.
[   62.397113] firmadyne: sys_socket[PID: 625 (iptables)]: family:2, type:3, protocol:255
modprobe: could not parse modules.dep

[   62.560627] firmadyne: sys_socket[PID: 625 (iptables)]: family:2, type:3, protocol:255
iptables v1.2.9: can't initialize iptables table `nat': Table does not exist (do you need to insmod?)
Perhaps iptables or your kernel needs to be upgraded.
[   62.976379] firmadyne: sys_socket[PID: 631 (iptables)]: family:2, type:3, protocol:255
modprobe: could not parse modules.dep

[   63.133957] firmadyne: sys_socket[PID: 631 (iptables)]: family:2, type:3, protocol:255
iptables v1.2.9: can't initialize iptables table `nat': Table does not exist (do you need to insmod?)
Perhaps iptables or your kernel needs to be upgraded.
[   63.523645] firmadyne: sys_socket[PID: 637 (iptables)]: family:2, type:3, protocol:255
modprobe: could not parse modules.dep

[   63.670079] firmadyne: sys_socket[PID: 637 (iptables)]: family:2, type:3, protocol:255
iptables v1.2.9: can't initialize iptables table `nat': Table does not exist (do you need to insmod?)
Perhaps iptables or your kernel needs to be upgraded.
[   63.975494] 
do_page_fault(): sending SIGSEGV to xmldb for invalid write access to 7fc9f000
[   63.976955] epc = 77ad307c in libc.so.0[77a81000+63000]
[   63.979389] ra  = 0040bd44 in xmldb[400000+14000]
[   63.980796] 
[   63.998524] potentially unexpected fatal signal 11.
[   64.000083] CPU: 0 PID: 74 Comm: xmldb Not tainted 4.1.17+ #1
[   64.001519] task: 8f09c598 ti: 8f0c4000 task.ti: 8f0c4000
[   64.003242] $ 0   : 00000000 004135e0 0000007a 7a000000
[   64.004909] $ 4   : 7fc9dfe8 7fc9ee01 7fc9f000 7fc9dfe7
[   64.007112] $ 8   : 7fc9dde8 77b29680 7fc9de3d 00000006
[   64.008856] $12   : 19999999 00000000 00000057 74657221
[   64.011053] $16   : 100091d4 10014530 00000000 10009260
[   64.012844] $20   : 00000000 100091d4 00000001 7fc9e588
[   64.015032] $24   : 00000010 77ad3060                  
[   64.016794] $28   : 77b2c460 7fc9ddd0 00000000 0040bd44
[   64.019052] Hi    : 00000001
[   64.019900] Lo    : 00000000
[   64.021020] epc   : 77ad307c 0x77ad307c
[   64.022821] ra    : 0040bd44 0x40bd44
[   64.023900] Status: 0000a413	USER EXL IE 
[   64.025383] Cause : 1080000c
[   64.026718] BadVA : 7fc9f000
[   64.027656] PrId  : 00019300 (MIPS 24Kc)
[   64.139639] firmadyne: sys_socket[PID: 643 (iptables)]: family:2, type:3, protocol:255
modprobe: could not parse modules.dep

[   64.180249] firmadyne: sys_socket[PID: 643 (iptables)]: family:2, type:3, protocol:255
iptables v1.2.9: can't initialize iptables table `nat': Table does not exist (do you need to insmod?)
Perhaps iptables or your kernel needs to be upgraded.
[   64.294338] firmadyne: sys_socket[PID: 649 (iptables)]: family:2, type:3, protocol:255
modprobe: could not parse modules.dep

[   64.336007] firmadyne: sys_socket[PID: 649 (iptables)]: family:2, type:3, protocol:255
iptables v1.2.9: can't initialize iptables table `nat': Table does not exist (do you need to insmod?)
Perhaps iptables or your kernel needs to be upgraded.
[   64.447374] firmadyne: sys_socket[PID: 655 (iptables)]: family:2, type:3, protocol:255
modprobe: could not parse modules.dep

[   64.490333] firmadyne: sys_socket[PID: 655 (iptables)]: family:2, type:3, protocol:255
iptables v1.2.9: can't initialize iptables table `nat': Table does not exist (do you need to insmod?)
Perhaps iptables or your kernel needs to be upgraded.
[   64.589603] firmadyne: sys_socket[PID: 661 (iptables)]: family:2, type:3, protocol:255
modprobe: could not parse modules.dep

[   64.630964] firmadyne: sys_socket[PID: 661 (iptables)]: family:2, type:3, protocol:255
iptables v1.2.9: can't initialize iptables table `nat': Table does not exist (do you need to insmod?)
Perhaps iptables or your kernel needs to be upgraded.
[   65.143299] firmadyne: sys_socket[PID: 668 (iptables)]: family:2, type:3, protocol:255
modprobe: could not parse modules.dep

[   65.300696] firmadyne: sys_socket[PID: 668 (iptables)]: family:2, type:3, protocol:255
[/usr/sbin/submit] COMMIT ...
iptables v1.2.9: can't initialize iptables table `nat': Table does not exist (do you need to insmod?)
Perhaps iptables or your kernel needs to be upgraded.
[   65.679869] firmadyne: sys_socket[PID: 679 (xmldbc)]: family:1, type:2, protocol:0
[   65.776947] firmadyne: sys_socket[PID: 678 (iptables)]: family:2, type:3, protocol:255
modprobe: could not parse modules.dep

[   65.936553] firmadyne: sys_socket[PID: 678 (iptables)]: family:2, type:3, protocol:255
iptables v1.2.9: can't initialize iptables table `nat': Table does not exist (do you need to insmod?)
Perhaps iptables or your kernel needs to be upgraded.
[/etc/scripts/misc/profile.sh] put ...
[   66.412137] firmadyne: sys_socket[PID: 686 (iptables)]: family:2, type:3, protocol:255
modprobe: could not parse modules.dep

[   66.576624] firmadyne: sys_socket[PID: 686 (iptables)]: family:2, type:3, protocol:255
iptables v1.2.9: can't initialize iptables table `nat': Table does not exist (do you need to insmod?)
Perhaps iptables or your kernel needs to be upgraded.
[   67.041173] firmadyne: sys_socket[PID: 696 (iptables)]: family:2, type:3, protocol:255
[   67.157132] firmadyne: sys_socket[PID: 697 (rgdb)]: family:1, type:2, protocol:0
modprobe: could not parse modules.dep

[   67.202849] firmadyne: sys_socket[PID: 696 (iptables)]: family:2, type:3, protocol:255
iptables v1.2.9: can't initialize iptables table `nat': Table does not exist (do you need to insmod?)
Perhaps iptables or your kernel needs to be upgraded.
[   67.677931] firmadyne: sys_socket[PID: 704 (iptables)]: family:2, type:3, protocol:255
modprobe: could not parse modules.dep

[   67.839074] firmadyne: sys_socket[PID: 704 (iptables)]: family:2, type:3, protocol:255
iptables v1.2.9: can't initialize iptables table `nat': Table does not exist (do you need to insmod?)
Perhaps iptables or your kernel needs to be upgraded.
failed
[   68.340894] firmadyne: sys_socket[PID: 711 (iptables)]: family:2, type:3, protocol:255
modprobe: could not parse modules.dep

[   68.501967] firmadyne: sys_socket[PID: 711 (iptables)]: family:2, type:3, protocol:255
iptables v1.2.9: can't initialize iptables table `nat': Table does not exist (do you need to insmod?)
Perhaps iptables or your kernel needs to be upgraded.
[/usr/sbin/submit] RG_APP ...
[   68.986706] firmadyne: sys_socket[PID: 723 (iptables)]: family:2, type:3, protocol:255
[   69.031155] firmadyne: sys_socket[PID: 725 (xmldbc)]: family:1, type:2, protocol:0
modprobe: could not parse modules.dep

[   69.151654] firmadyne: sys_socket[PID: 723 (iptables)]: family:2, type:3, protocol:255
iptables v1.2.9: can't initialize iptables table `nat': Table does not exist (do you need to insmod?)
Perhaps iptables or your kernel needs to be upgraded.
[   69.623635] firmadyne: sys_socket[PID: 731 (iptables)]: family:2, type:3, protocol:255
[/etc/templates/rg.sh] portt ...
modprobe: could not parse modules.dep

[   69.709461] firmadyne: sys_socket[PID: 731 (iptables)]: family:2, type:3, protocol:255
iptables v1.2.9: can't initialize iptables table `nat': Table does not exist (do you need to insmod?)
Perhaps iptables or your kernel needs to be upgraded.
[   69.860801] firmadyne: sys_socket[PID: 739 (rgdb)]: family:1, type:2, protocol:0
[   69.948438] firmadyne: sys_socket[PID: 740 (iptables)]: family:2, type:3, protocol:255
modprobe: could not parse modules.dep

[   69.989613] firmadyne: sys_socket[PID: 740 (iptables)]: family:2, type:3, protocol:255
iptables v1.2.9: can't initialize iptables table `nat': Table does not exist (do you need to insmod?)
Perhaps iptables or your kernel needs to be upgraded.
[   70.128193] firmadyne: sys_socket[PID: 747 (iptables)]: family:2, type:3, protocol:255
modprobe: could not parse modules.dep

[   70.301597] firmadyne: sys_socket[PID: 747 (iptables)]: family:2, type:3, protocol:255
iptables v1.2.9: can't initialize iptables table `nat': Table does not exist (do you need to insmod?)
Perhaps iptables or your kernel needs to be upgraded.
[   70.400975] firmadyne: sys_socket[PID: 750 (atp)]: family:1, type:2, protocol:0
[   70.536200] firmadyne: sys_socket[PID: 754 (iptables)]: family:2, type:3, protocol:255
modprobe: could not parse modules.dep

[   70.580078] firmadyne: sys_socket[PID: 754 (iptables)]: family:2, type:3, protocol:255
iptables v1.2.9: can't initialize iptables table `nat': Table does not exist (do you need to insmod?)
Perhaps iptables or your kernel needs to be upgraded.
[   70.692830] firmadyne: sys_socket[PID: 760 (iptables)]: family:2, type:3, protocol:255
modprobe: could not parse modules.dep

[   70.733845] firmadyne: sys_socket[PID: 760 (iptables)]: family:2, type:3, protocol:255
iptables v1.2.9: can't initialize iptables table `nat': Table does not exist (do you need to insmod?)
Perhaps iptables or your kernel needs to be upgraded.
[   70.849900] firmadyne: sys_socket[PID: 766 (iptables)]: family:2, type:3, protocol:255
modprobe: could not parse modules.dep

[   70.893277] firmadyne: sys_socket[PID: 766 (iptables)]: family:2, type:3, protocol:255
iptables v1.2.9: can't initialize iptables table `nat': Table does not exist (do you need to insmod?)
Perhaps iptables or your kernel needs to be upgraded.
[   71.140154] firmadyne: sys_socket[PID: 772 (iptables)]: family:2, type:3, protocol:255
modprobe: could not parse modules.dep

[   71.296034] firmadyne: sys_socket[PID: 772 (iptables)]: family:2, type:3, protocol:255
iptables v1.2.9: can't initialize iptables table `nat': Table does not exist (do you need to insmod?)
Perhaps iptables or your kernel needs to be upgraded.
[/usr/sbin/submit] COMMIT ...
[   71.820353] firmadyne: sys_socket[PID: 781 (iptables)]: family:2, type:3, protocol:255
modprobe: could not parse modules.dep

[   71.975409] firmadyne: sys_socket[PID: 784 (xmldbc)]: family:1, type:2, protocol:0
[   71.984631] firmadyne: sys_socket[PID: 781 (iptables)]: family:2, type:3, protocol:255
iptables v1.2.9: can't initialize iptables table `nat': Table does not exist (do you need to insmod?)
Perhaps iptables or your kernel needs to be upgraded.
[   72.448749] firmadyne: sys_socket[PID: 790 (iptables)]: family:2, type:3, protocol:255
modprobe: could not parse modules.dep

[   72.604403] firmadyne: sys_socket[PID: 790 (iptables)]: family:2, type:3, protocol:255
iptables v1.2.9: can't initialize iptables table `nat[/etc/scripts/misc/profile.sh] put ...
': Table does not exist (do you need to insmod?)
Perhaps iptables or your kernel needs to be upgraded.
[   73.104869] firmadyne: sys_socket[PID: 798 (portt)]: family:1, type:1, protocol:0
Using /lib/modules/sw_tcpip.o
insmod: Not configured to support old kernels
[   73.569043] firmadyne: sys_socket[PID: 807 (rgdb)]: family:1, type:2, protocol:0
Using /lib/modules/ifresetcnt.o
insmod: Not configured to support old kernels
Using /lib/modules/ipt_string.o
insmod: Not configured to support old kernels
[   74.218989] firmadyne: sys_socket[PID: 812 (rgdb)]: family:1, type:2, protocol:0
failed
[   74.637498] firmadyne: sys_socket[PID: 816 (iptables)]: family:2, type:3, protocol:255
[   74.682559] firmadyne: sys_setsockopt[PID: 816 (iptables)]: fd:3, level:0, optname:64
[   74.700221] firmadyne: sys_setsockopt[PID: 816 (iptables)]: fd:3, level:0, optname:65
[   74.988620] firmadyne: sys_socket[PID: 820 (iptables)]: family:2, type:3, protocol:255
[/usr/sbin/submit] REMOTE ...
modprobe: could not parse modules.dep

[   75.164767] firmadyne: sys_socket[PID: 820 (iptables)]: family:2, type:3, protocol:255
iptables v1.2.9: can't initialize iptables table `nat': Table does not exist (do you need to insmod?)
Perhaps iptables or your kernel needs to be upgraded.
[   75.448954] firmadyne: sys_socket[PID: 829 (xmldbc)]: family:1, type:2, protocol:0
[   75.524607] firmadyne: sys_socket[PID: 830 (iptables)]: family:2, type:3, protocol:255
modprobe: could not parse modules.dep

[   75.692724] firmadyne: sys_socket[PID: 830 (iptables)]: family:2, type:3, protocol:255
iptables v1.2.9: can't initialize iptables table `nat': Table does not exist (do you need to insmod?)
Perhaps iptables or your kernel needs to be upgraded.
[   75.891511] firmadyne: sys_socket[PID: 836 (logger)]: family:1, type:1, protocol:0
[/etc/templates/rg.sh] misc ...
[   76.188807] firmadyne: sys_socket[PID: 838 (iptables)]: family:2, type:3, protocol:255
[   76.220811] firmadyne: sys_setsockopt[PID: 838 (iptables)]: fd:3, level:0, optname:64
[   76.235248] firmadyne: sys_setsockopt[PID: 838 (iptables)]: fd:3, level:0, optname:65
[   76.497709] firmadyne: sys_socket[PID: 840 (iptables)]: family:2, type:3, protocol:255
[   76.509704] firmadyne: sys_socket[PID: 841 (rgdb)]: family:1, type:2, protocol:0
[   76.536462] firmadyne: sys_setsockopt[PID: 840 (iptables)]: fd:3, level:0, optname:64
[   76.559440] firmadyne: sys_setsockopt[PID: 840 (iptables)]: fd:3, level:0, optname:65
[   76.672399] firmadyne: sys_socket[PID: 843 (logger)]: family:1, type:1, protocol:0
[   76.806948] firmadyne: sys_socket[PID: 844 (logger)]: family:1, type:1, protocol:0
[   76.955071] firmadyne: sys_socket[PID: 845 (xmldbc)]: family:1, type:2, protocol:0
[   77.090817] firmadyne: sys_socket[PID: 846 (iptables)]: family:2, type:3, protocol:255
[   77.116212] firmadyne: sys_setsockopt[PID: 846 (iptables)]: fd:3, level:0, optname:64
[   77.129091] firmadyne: sys_setsockopt[PID: 846 (iptables)]: fd:3, level:0, optname:65
[/etc/templates/webs.sh] reload ...
[   77.321983] firmadyne: sys_socket[PID: 849 (logger)]: family:1, type:1, protocol:0
[   77.529131] firmadyne: sys_socket[PID: 851 (logger)]: family:1, type:1, protocol:0
[   77.729414] firmadyne: sys_socket[PID: 852 (logger)]: family:1, type:1, protocol:0
[   78.332672] firmadyne: sys_socket[PID: 856 (iptables)]: family:2, type:3, protocol:255
[   78.365019] firmadyne: sys_setsockopt[PID: 856 (iptables)]: fd:3, level:0, optname:64
[   78.383454] firmadyne: sys_setsockopt[PID: 856 (iptables)]: fd:3, level:0, optname:65
[   78.645658] firmadyne: sys_socket[PID: 857 (iptables)]: family:2, type:3, protocol:255
modprobe: could not parse modules.dep

[   78.832008] firmadyne: sys_socket[PID: 857 (iptables)]: family:2, type:3, protocol:255
