[    0.000000] Linux version 4.1.17+ (alessio@pc) (gcc version 5.5.0 20171010 (Ubuntu 5.5.0-12ubuntu1) ) #1 Mon May 15 23:04:08 CEST 2023
[    0.000000] earlycon: Early serial console at I/O port 0x3f8 (options '38400n8')
[    0.000000] bootconsole [uart0] enabled
[    0.000000] CPU0 revision is: 00019300 (MIPS 24Kc)
[    0.000000] FPU revision is: 00739300
[    0.000000] Software DMA cache coherency enabled
[    0.000000] Determined physical RAM map:
[    0.000000]  memory: 00001000 @ 00000000 (reserved)
[    0.000000]  memory: 000ef000 @ 00001000 (ROM data)
[    0.000000]  memory: 00798000 @ 000f0000 (reserved)
[    0.000000]  memory: 0f777000 @ 00888000 (usable)
[    0.000000] debug: ignoring loglevel setting.
[    0.000000] Wasting 69888 bytes for tracking 2184 unused pages
[    0.000000] Initrd not found or empty - disabling initrd
[    0.000000] Zone ranges:
[    0.000000]   DMA      [mem 0x0000000000000000-0x0000000000ffffff]
[    0.000000]   Normal   [mem 0x0000000001000000-0x000000000fffefff]
[    0.000000] Movable zone start for each node
[    0.000000] Early memory node ranges
[    0.000000]   node   0: [mem 0x0000000000000000-0x000000000fffefff]
[    0.000000] Initmem setup node 0 [mem 0x0000000000000000-0x000000000fffefff]
[    0.000000] On node 0 totalpages: 65535
[    0.000000] free_area_init_node: node 0, pgdat 8081d5b0, node_mem_map 81000000
[    0.000000]   DMA zone: 32 pages used for memmap
[    0.000000]   DMA zone: 0 pages reserved
[    0.000000]   DMA zone: 4096 pages, LIFO batch:0
[    0.000000]   Normal zone: 480 pages used for memmap
[    0.000000]   Normal zone: 61439 pages, LIFO batch:15
[    0.000000] Primary instruction cache 2kB, VIPT, 2-way, linesize 16 bytes.
[    0.000000] Primary data cache 2kB, 2-way, VIPT, no aliases, linesize 16 bytes
[    0.000000] pcpu-alloc: s0 r0 d32768 u32768 alloc=1*32768
[    0.000000] pcpu-alloc: [0] 0 
[    0.000000] Built 1 zonelists in Zone order, mobility grouping on.  Total pages: 65023
[    0.000000] Kernel command line: root=/dev/sda1 console=ttyS0 nandsim.parts=64,64,64,64,64,64,64,64,64,64 rdinit=/firmadyne/preInit.sh rw debug ignore_loglevel print-fatal-signals=1 FIRMAE_NET=true FIRMAE_NVRAM=true FIRMAE_KERNEL=true FIRMAE_ETC=true user_debug=0 firmadyne.syscall=1 noka
[    0.000000] found FIRMAE_KERNEL=t
[    0.000000] set the LD_PRELOAD=/firmadyne/libnvram_ioctl.so
[    0.000000] PID hash table entries: 1024 (order: 0, 4096 bytes)
[    0.000000] Dentry cache hash table entries: 32768 (order: 5, 131072 bytes)
[    0.000000] Inode-cache hash table entries: 16384 (order: 4, 65536 bytes)
[    0.000000] Writing ErrCtl register=00000000
[    0.000000] Readback ErrCtl register=00000000
[    0.000000] Memory: 251112K/262140K available (5360K kernel code, 244K rwdata, 1676K rodata, 260K init, 158K bss, 11028K reserved, 0K cma-reserved)
[    0.000000] NR_IRQS:256
[    0.000000] CPU frequency 200.01 MHz
[    0.000000] clocksource MIPS: mask: 0xffffffff max_cycles: 0xffffffff, max_idle_ns: 19112053659 ns
[    0.000210] sched_clock: 32 bits at 100MHz, resolution 9ns, wraps every 21474217979ns
[    0.016349] Console: colour dummy device 80x25
[    0.017536] Calibrating delay loop... 24.12 BogoMIPS (lpj=48256)
[    0.069328] pid_max: default: 32768 minimum: 301
[    0.073932] Mount-cache hash table entries: 1024 (order: 0, 4096 bytes)
[    0.074486] Mountpoint-cache hash table entries: 1024 (order: 0, 4096 bytes)
[    0.143992] clocksource jiffies: mask: 0xffffffff max_cycles: 0xffffffff, max_idle_ns: 7645041785100000 ns
[    0.155459] NET: Registered protocol family 16
[    0.454637] clocksource pit: mask: 0xffffffff max_cycles: 0xffffffff, max_idle_ns: 1601818034827 ns
[    0.624007] vgaarb: loaded
[    0.630417] SCSI subsystem initialized
[    0.632926] libata version 3.00 loaded.
[    0.637686] usbcore: registered new interface driver usbfs
[    0.639324] usbcore: registered new interface driver hub
[    0.640513] usbcore: registered new device driver usb
[    0.643565] pps_core: LinuxPPS API ver. 1 registered
[    0.643997] pps_core: Software ver. 5.3.6 - Copyright 2005-2007 Rodolfo Giometti <giometti@linux.it>
[    0.645003] PTP clock support registered
[    0.650102] PCI host bridge to bus 0000:00
[    0.651048] pci_bus 0000:00: root bus resource [mem 0x10000000-0x17ffffff]
[    0.651690] pci_bus 0000:00: root bus resource [io  0x1000-0x1fffff]
[    0.652313] pci_bus 0000:00: root bus resource [??? 0x00000000 flags 0x0]
[    0.652918] pci_bus 0000:00: No busn resource found for root bus, will use [bus 00-ff]
[    0.654288] pci 0000:00:00.0: [11ab:4620] type 00 class 0x060000
[    0.655401] pci 0000:00:00.0: [Firmware Bug]: reg 0x14: invalid BAR (can't size)
[    0.656021] pci 0000:00:00.0: [Firmware Bug]: reg 0x18: invalid BAR (can't size)
[    0.656648] pci 0000:00:00.0: [Firmware Bug]: reg 0x1c: invalid BAR (can't size)
[    0.657266] pci 0000:00:00.0: [Firmware Bug]: reg 0x20: invalid BAR (can't size)
[    0.657909] pci 0000:00:00.0: [Firmware Bug]: reg 0x24: invalid BAR (can't size)
[    0.662324] pci 0000:00:0a.0: [8086:7110] type 00 class 0x060100
[    0.666162] pci 0000:00:0a.1: [8086:7111] type 00 class 0x010180
[    0.667009] pci 0000:00:0a.1: reg 0x20: [io  0x0000-0x000f]
[    0.667790] pci 0000:00:0a.1: legacy IDE quirk: reg 0x10: [io  0x01f0-0x01f7]
[    0.668389] pci 0000:00:0a.1: legacy IDE quirk: reg 0x14: [io  0x03f6]
[    0.668980] pci 0000:00:0a.1: legacy IDE quirk: reg 0x18: [io  0x0170-0x0177]
[    0.669589] pci 0000:00:0a.1: legacy IDE quirk: reg 0x1c: [io  0x0376]
[    0.673156] pci 0000:00:0a.2: [8086:7112] type 00 class 0x0c0300
[    0.673874] pci 0000:00:0a.2: reg 0x20: [io  0x0000-0x001f]
[    0.677456] pci 0000:00:0a.3: [8086:7113] type 00 class 0x068000
[    0.678985] pci 0000:00:0a.3: quirk: [io  0x1000-0x103f] claimed by PIIX4 ACPI
[    0.679893] pci 0000:00:0a.3: quirk: [io  0x1100-0x110f] claimed by PIIX4 SMB
[    0.683462] pci 0000:00:12.0: [1013:00b8] type 00 class 0x030000
[    0.684352] pci 0000:00:12.0: reg 0x10: [mem 0x00000000-0x01ffffff pref]
[    0.685008] pci 0000:00:12.0: reg 0x14: [mem 0x00000000-0x00000fff]
[    0.685729] pci 0000:00:12.0: reg 0x30: [mem 0x00000000-0x0000ffff pref]
[    0.688894] vgaarb: device added: PCI:0000:00:12.0,decodes=io+mem,owns=none,locks=none
[    0.690286] pci 0000:00:13.0: [8086:100e] type 00 class 0x020000
[    0.690967] pci 0000:00:13.0: reg 0x10: [mem 0x00000000-0x0001ffff]
[    0.691586] pci 0000:00:13.0: reg 0x14: [io  0x0000-0x003f]
[    0.692309] pci 0000:00:13.0: reg 0x30: [mem 0x00000000-0x0003ffff pref]
[    0.695897] pci 0000:00:14.0: [8086:100e] type 00 class 0x020000
[    0.696606] pci 0000:00:14.0: reg 0x10: [mem 0x00000000-0x0001ffff]
[    0.697377] pci 0000:00:14.0: reg 0x14: [io  0x0000-0x003f]
[    0.698065] pci 0000:00:14.0: reg 0x30: [mem 0x00000000-0x0003ffff pref]
[    0.701776] pci 0000:00:15.0: [8086:100e] type 00 class 0x020000
[    0.702450] pci 0000:00:15.0: reg 0x10: [mem 0x00000000-0x0001ffff]
[    0.703067] pci 0000:00:15.0: reg 0x14: [io  0x0000-0x003f]
[    0.703766] pci 0000:00:15.0: reg 0x30: [mem 0x00000000-0x0003ffff pref]
[    0.707274] pci 0000:00:16.0: [8086:100e] type 00 class 0x020000
[    0.707934] pci 0000:00:16.0: reg 0x10: [mem 0x00000000-0x0001ffff]
[    0.708542] pci 0000:00:16.0: reg 0x14: [io  0x0000-0x003f]
[    0.709372] pci 0000:00:16.0: reg 0x30: [mem 0x00000000-0x0003ffff pref]
[    0.712936] pci_bus 0000:00: busn_res: [bus 00-ff] end is updated to 00
[    0.714767] pci 0000:00:12.0: BAR 0: assigned [mem 0x10000000-0x11ffffff pref]
[    0.715592] pci 0000:00:13.0: BAR 6: assigned [mem 0x12000000-0x1203ffff pref]
[    0.716326] pci 0000:00:14.0: BAR 6: assigned [mem 0x12040000-0x1207ffff pref]
[    0.717027] pci 0000:00:15.0: BAR 6: assigned [mem 0x12080000-0x120bffff pref]
[    0.717876] pci 0000:00:16.0: BAR 6: assigned [mem 0x120c0000-0x120fffff pref]
[    0.718566] pci 0000:00:13.0: BAR 0: assigned [mem 0x12100000-0x1211ffff]
[    0.719254] pci 0000:00:14.0: BAR 0: assigned [mem 0x12120000-0x1213ffff]
[    0.719952] pci 0000:00:15.0: BAR 0: assigned [mem 0x12140000-0x1215ffff]
[    0.720630] pci 0000:00:16.0: BAR 0: assigned [mem 0x12160000-0x1217ffff]
[    0.721318] pci 0000:00:12.0: BAR 6: assigned [mem 0x12180000-0x1218ffff pref]
[    0.722172] pci 0000:00:12.0: BAR 1: assigned [mem 0x12190000-0x12190fff]
[    0.722858] pci 0000:00:13.0: BAR 1: assigned [io  0x1040-0x107f]
[    0.723477] pci 0000:00:14.0: BAR 1: assigned [io  0x1080-0x10bf]
[    0.724096] pci 0000:00:15.0: BAR 1: assigned [io  0x10c0-0x10ff]
[    0.724724] pci 0000:00:16.0: BAR 1: assigned [io  0x1400-0x143f]
[    0.725344] pci 0000:00:0a.2: BAR 4: assigned [io  0x1440-0x145f]
[    0.726006] pci 0000:00:0a.1: BAR 4: assigned [io  0x1460-0x146f]
[    0.745924] cfg80211: Calling CRDA to update world regulatory domain
[    0.761460] Switched to clocksource MIPS
[    0.891559] NET: Registered protocol family 2
[    0.905240] TCP established hash table entries: 2048 (order: 1, 8192 bytes)
[    0.906748] TCP bind hash table entries: 2048 (order: 1, 8192 bytes)
[    0.907960] TCP: Hash tables configured (established 2048 bind 2048)
[    0.909127] UDP hash table entries: 256 (order: 0, 4096 bytes)
[    0.910101] UDP-Lite hash table entries: 256 (order: 0, 4096 bytes)
[    0.914634] NET: Registered protocol family 1
[    0.916472] PCI: Enabling device 0000:00:0a.2 (0000 -> 0001)
[    0.918298] PCI: CLS 0 bytes, default 16
[    0.954171] futex hash table entries: 256 (order: -1, 3072 bytes)
[    0.972776] squashfs: version 4.0 (2009/01/31) Phillip Lougher
[    0.975695] jffs2: version 2.2. (NAND) Â© 2001-2006 Red Hat, Inc.
[    0.979546] romfs: ROMFS MTD (C) 2007 Red Hat, Inc.
[    1.006656] Block layer SCSI generic (bsg) driver version 0.4 loaded (major 251)
[    1.007369] io scheduler noop registered
[    1.008156] io scheduler cfq registered (default)
[    1.009254] firmadyne: devfs: 1, execute: 1, procfs: 1, syscall: 1
[    1.015755] firmadyne: Cannot register character device: gpio, 0xfc, 0x0!
[    1.025316] firmadyne: Cannot register character device: watchdog, 0xa, 0x82!
[    1.026138] firmadyne: Cannot register character device: wdt, 0xfd, 0x0!
[    2.950270] strName = 4.1.17+
[    2.950270] init_task_addr  = 2155778944
[    2.950270] init_task_size  = 1296
[    2.950270] ts_tasks        = 292
[    2.950270] ts_pid          = 408
[    2.950270] ts_tgid         = 412
[    2.950270] ts_group_leader = 440
[    2.950270] ts_thread_group = 496
[    2.950270] ts_real_parent  = 416
[    2.950270] ts_mm           = 300
[    2.950270] ts_stack        = 4
[    2.952770] module_name   = 12
[    2.952770] module_size   = 208
[    2.952770] module_init   = 200
[    2.952770] module_list   = 4
[    2.953982] ts_real_cred    = 624
[    2.953982] ts_cred         = 628
[    2.953982] ts_comm         = 632
[    2.953982] cred_uid        = 4
[    2.953982] cred_gid        = 8
[    2.953982] cred_euid       = 20
[    2.953982] cred_egid       = 24
[    2.955615] mm_mmap         = 0
[    2.955615] mm_pgd          = 32
[    2.955615] mm_arg_start    = 136
[    2.955615] mm_start_brk    = 124
[    2.955615] mm_brk          = 128
[    2.955615] mm_start_stack  = 132
[    2.957029] vma_vm_start    = 0
[    2.957029] vma_vm_end      = 4
[    2.957029] vma_vm_next     = 8
[    2.957029] vma_vm_file     = 80
[    2.957029] vma_vm_flags    = 40
[    2.957029] vma_vm_pgoff    = 76
[    2.958746] file_dentry     = 12
[    2.958746] file_inode      = 40
[    2.958746] dentry_d_name   = 24
[    2.958746] dentry_d_iname  = 44
[    2.958746] dentry_d_parent = 16
[    2.958746] ti_task         = 0
[    2.958746] inode_ino   = 28
[    4.153155] proc_fork_connector  = 2151078840
[    4.153735] proc_exit_connector  = 2151080432
[    4.154082] proc_exec_connector  = 2151079052
[    4.154425] vma_link  = 2149124372
[    4.154716] vma_adjust  = 2149124540
[    4.155015] remove_vma  = 2149122188
[    4.155323] modules  = 2155833724
[    4.155617] trim_init_extable  = 2150545316
[    4.156994] cfg80211: Calling CRDA to update world regulatory domain
[    4.160823] PCI: Enabling device 0000:00:12.0 (0000 -> 0002)
[    4.162485] cirrusfb 0000:00:12.0: Cirrus Logic chipset on PCI bus, RAM (4096 kB) at 0x10000000
[    4.415063] Console: switching to colour frame buffer device 80x30
[    4.492827] Serial: 8250/16550 driver, 4 ports, IRQ sharing enabled
[    4.508916] console [ttyS0] disabled
[    4.537244] serial8250.0: ttyS0 at I/O 0x3f8 (irq = 4, base_baud = 115200) is a 16550A
[    4.538724] console [ttyS0] enabled
[    4.538724] console [ttyS0] enabled
[    4.539355] bootconsole [uart0] disabled
[    4.539355] bootconsole [uart0] disabled
[    4.571030] serial8250.0: ttyS1 at I/O 0x2f8 (irq = 3, base_baud = 115200) is a 16550A
[    4.712779] brd: module loaded
[    4.785582] loop: module loaded
[    4.793119] ata_piix 0000:00:0a.1: version 2.13
[    4.793955] PCI: Enabling device 0000:00:0a.1 (0000 -> 0001)
[    4.823591] scsi host0: ata_piix
[    4.830167] scsi host1: ata_piix
[    4.834624] ata1: PATA max UDMA/33 cmd 0x1f0 ctl 0x3f6 bmdma 0x1460 irq 14
[    4.835213] ata2: PATA max UDMA/33 cmd 0x170 ctl 0x376 bmdma 0x1468 irq 15
[    4.842943] [nandsim] warning: read_byte: unexpected data output cycle, state is STATE_READY return 0x0
[    4.843621] [nandsim] warning: read_byte: unexpected data output cycle, state is STATE_READY return 0x0
[    4.844269] [nandsim] warning: read_byte: unexpected data output cycle, state is STATE_READY return 0x0
[    4.844910] [nandsim] warning: read_byte: unexpected data output cycle, state is STATE_READY return 0x0
[    4.845743] [nandsim] warning: read_byte: unexpected data output cycle, state is STATE_READY return 0x0
[    4.846392] [nandsim] warning: read_byte: unexpected data output cycle, state is STATE_READY return 0x0
[    4.847262] nand: device found, Manufacturer ID: 0x98, Chip ID: 0x39
[    4.847765] nand: Toshiba NAND 128MiB 1,8V 8-bit
[    4.848232] nand: 128 MiB, SLC, erase size: 16 KiB, page size: 512, OOB size: 16
[    4.850260] flash size: 128 MiB
[    4.850567] page size: 512 bytes
[    4.850860] OOB area size: 16 bytes
[    4.851168] sector size: 16 KiB
[    4.851455] pages number: 262144
[    4.851744] pages per sector: 32
[    4.852027] bus width: 8
[    4.852285] bits in sector size: 14
[    4.852587] bits in page size: 9
[    4.852879] bits in OOB size: 4
[    4.853177] flash size with OOB: 135168 KiB
[    4.853700] page address bytes: 4
[    4.853999] sector address bytes: 3
[    4.854303] options: 0x42
[    4.952469] Scanning device for bad blocks
[    6.369267] ata1.01: NODEV after polling detection
[    6.370629] ata2.01: NODEV after polling detection
[    6.373416] ata2.00: ATAPI: QEMU DVD-ROM, 2.5+, max UDMA/100
[    6.376452] ata1.00: ATA-7: QEMU HARDDISK, 2.5+, max UDMA/100
[    6.376992] ata1.00: 2097152 sectors, multi 16: LBA48 
[    6.383783] ata2.00: configured for UDMA/33
[    6.387543] ata1.00: configured for UDMA/33
[    6.396816] scsi 0:0:0:0: Direct-Access     ATA      QEMU HARDDISK    2.5+ PQ: 0 ANSI: 5
[    6.415500] sd 0:0:0:0: [sda] 2097152 512-byte logical blocks: (1.07 GB/1.00 GiB)
[    6.417333] scsi 1:0:0:0: CD-ROM            QEMU     QEMU DVD-ROM     2.5+ PQ: 0 ANSI: 5
[    6.432437] sd 0:0:0:0: [sda] Write Protect is off
[    6.433024] sd 0:0:0:0: [sda] Mode Sense: 00 3a 00 00
[    6.434930] sd 0:0:0:0: [sda] Write cache: enabled, read cache: enabled, doesn't support DPO or FUA
[    6.448273]  sda: sda1
[    6.462822] sd 0:0:0:0: [sda] Attached SCSI disk
[    6.463457] Creating 11 MTD partitions on "NAND 128MiB 1,8V 8-bit":
[    6.464187] 0x000000000000-0x000000100000 : "NAND simulator partition 0"
[    6.477095] 0x000000100000-0x000000200000 : "NAND simulator partition 1"
[    6.489640] 0x000000200000-0x000000300000 : "NAND simulator partition 2"
[    6.502194] 0x000000300000-0x000000400000 : "NAND simulator partition 3"
[    6.514797] 0x000000400000-0x000000500000 : "NAND simulator partition 4"
[    6.527552] 0x000000500000-0x000000600000 : "NAND simulator partition 5"
[    6.540561] 0x000000600000-0x000000700000 : "NAND simulator partition 6"
[    6.553822] 0x000000700000-0x000000800000 : "NAND simulator partition 7"
[    6.566932] 0x000000800000-0x000000900000 : "NAND simulator partition 8"
[    6.579260] 0x000000900000-0x000000a00000 : "NAND simulator partition 9"
[    6.591589] 0x000000a00000-0x000008000000 : "NAND simulator partition 10"
[    6.645964] tun: Universal TUN/TAP device driver, 1.6
[    6.646411] tun: (C) 1999-2004 Max Krasnyansky <maxk@qualcomm.com>
[    6.650599] pcnet32: pcnet32.c:v1.35 21.Apr.2008 tsbogend@alpha.franken.de
[    6.652095] e1000: Intel(R) PRO/1000 Network Driver - version 7.3.21-k8-NAPI
[    6.652607] e1000: Copyright (c) 1999-2006 Intel Corporation.
[    6.653868] PCI: Enabling device 0000:00:13.0 (0000 -> 0003)
[    6.983601] e1000 0000:00:13.0 eth0: (PCI:33MHz:32-bit) 52:54:00:12:34:56
[    6.984403] e1000 0000:00:13.0 eth0: Intel(R) PRO/1000 Network Connection
[    6.985276] PCI: Enabling device 0000:00:14.0 (0000 -> 0003)
[    7.320726] e1000 0000:00:14.0 eth1: (PCI:33MHz:32-bit) 52:54:00:12:34:57
[    7.321682] e1000 0000:00:14.0 eth1: Intel(R) PRO/1000 Network Connection
[    7.322556] PCI: Enabling device 0000:00:15.0 (0000 -> 0003)
[    7.324729] cfg80211: Calling CRDA to update world regulatory domain
[    7.659196] e1000 0000:00:15.0 eth2: (PCI:33MHz:32-bit) 52:54:00:12:34:58
[    7.659878] e1000 0000:00:15.0 eth2: Intel(R) PRO/1000 Network Connection
[    7.660742] PCI: Enabling device 0000:00:16.0 (0000 -> 0003)
[    8.009931] e1000 0000:00:16.0 eth3: (PCI:33MHz:32-bit) 52:54:00:12:34:59
[    8.010606] e1000 0000:00:16.0 eth3: Intel(R) PRO/1000 Network Connection
[    8.012266] e1000e: Intel(R) PRO/1000 Network Driver - 2.3.2-k
[    8.012703] e1000e: Copyright(c) 1999 - 2014 Intel Corporation.
[    8.018639] PPP generic driver version 2.4.2
[    8.021298] PPP Deflate Compression module registered
[    8.022270] PPP MPPE Compression module registered
[    8.022774] NET: Registered protocol family 24
[    8.023663] ehci_hcd: USB 2.0 'Enhanced' Host Controller (EHCI) Driver
[    8.024296] ehci-pci: EHCI PCI platform driver
[    8.025925] ohci_hcd: USB 1.1 'Open' Host Controller (OHCI) Driver
[    8.026529] ohci-pci: OHCI PCI platform driver
[    8.027939] uhci_hcd: USB Universal Host Controller Interface driver
[    8.030196] uhci_hcd 0000:00:0a.2: UHCI Host Controller
[    8.031152] uhci_hcd 0000:00:0a.2: new USB bus registered, assigned bus number 1
[    8.032417] uhci_hcd 0000:00:0a.2: irq 11, io base 0x00001440
[    8.046715] hub 1-0:1.0: USB hub found
[    8.047658] hub 1-0:1.0: 2 ports detected
[    8.059781] usbcore: registered new interface driver usb-storage
[    8.065215] mousedev: PS/2 mouse device common for all mice
[    8.073322] rtc_cmos rtc_cmos: rtc core: registered rtc_cmos as rtc0
[    8.074388] rtc_cmos rtc_cmos: alarms up to one day, 242 bytes nvram
[    8.076176] i2c /dev entries driver
[    8.077882] piix4_smbus 0000:00:0a.3: SMBus Host Controller at 0x1100, revision 0
[    8.083823] sdhci: Secure Digital Host Controller Interface driver
[    8.084283] sdhci: Copyright(c) Pierre Ossman
[    8.087379] hidraw: raw HID events driver (C) Jiri Kosina
[    8.111569] usbcore: registered new interface driver usbhid
[    8.112007] usbhid: USB HID core driver
[    8.113539] Netfilter messages via NETLINK v0.30.
[    8.115213] nf_conntrack version 0.5.0 (3923 buckets, 15692 max)
[    8.119493] ctnetlink v0.93: registering with nfnetlink.
[    8.126925] ipip: IPv4 over IPv4 tunneling driver
[    8.142569] ip_tables: (C) 2000-2006 Netfilter Core Team
[    8.146214] arp_tables: (C) 2002 David S. Miller
[    8.148497] Initializing XFRM netlink socket
[    8.150124] NET: Registered protocol family 10
[    8.177603] ip6_tables: (C) 2000-2006 Netfilter Core Team
[    8.182318] sit: IPv6 over IPv4 tunneling driver
[    8.204429] NET: Registered protocol family 17
[    8.205734] bridge: automatic filtering via arp/ip/ip6tables has been deprecated. Update your scripts to load br_netfilter if you need this.
[    8.207096] Bridge firewalling registered
[    8.207612] Ebtables v2.0 registered
[    8.211469] 8021q: 802.1Q VLAN Support v1.8
[    8.239185] rtc_cmos rtc_cmos: setting system clock to 2025-07-23 02:54:31 UTC (1753239271)
[    8.265680] EXT2-fs (sda1): warning: mounting unchecked fs, running e2fsck is recommended
[    8.268164] VFS: Mounted root (ext2 filesystem) on device 8:1.
[    8.279755] Freeing YAMON memory: 956k freed
[    8.293098] Freeing unused kernel memory: 260K (8081f000 - 80860000)
[    8.337141] firmadyne: sys_reboot[PID: 48 (init)]: magic1:fee1dead, magic2:28121969, cmd:0
init started:  BusyBox v1.00 (2007.12.04-12:53+0000) multi-call binary[    8.362307] spurious 8259A interrupt: IRQ7.

Starting pid 50, console /dev/tts/0: '/etc/init.d/rcS'
[    8.506995] firmadyne: do_execve: /firmadyne/console
[    8.507718] OFFSETS: offset of pid: 0x198 offset of comm: 0x278
[/etc/init.d/S03config.sh]
Mounting proc and var ...
[    9.228658] firmadyne: sys_socket[PID: 71 (wps)]: family:1, type:1, protocol:0
[    9.242249] firmadyne: sys_socket[PID: 71 (wps)]: family:1, type:1, protocol:0
[    9.257984] random: wps urandom read with 94 bits of entropy available
[    9.282539] firmadyne: sys_socket[PID: 71 (wps)]: family:1, type:1, protocol:0
[   10.296364] firmadyne: sys_socket[PID: 71 (wps)]: family:1, type:1, protocol:0
[   10.471644] cfg80211: Calling CRDA to update world regulatory domain
[   11.315922] firmadyne: sys_socket[PID: 71 (wps)]: family:1, type:1, protocol:0
[   12.340571] firmadyne: sys_socket[PID: 71 (wps)]: family:1, type:1, protocol:0
[   12.352940] firmadyne: sys_socket[PID: 71 (wps)]: family:1, type:1, protocol:0
Start xmldb ...
[   12.579110] firmadyne: sys_socket[PID: 74 (xmldb)]: family:1, type:2, protocol:0
[   13.617799] cfg80211: Calling CRDA to update world regulatory domain
[/etc/scripts/misc/profile.sh] get ...
Can't get config from nvram, generate default!
[/etc/scripts/misc/profile.sh] reset ...
[   14.117100] random: nonblocking pool is initialized
[   14.217721] firmadyne: sys_socket[PID: 92 (rgdb)]: family:1, type:2, protocol:0
[/etc/scripts/misc/defnodes.sh] ...
[/etc/defnodes/S10setext.sh] ...
[   14.567361] firmadyne: sys_socket[PID: 100 (xmldbc)]: family:1, type:2, protocol:0
[   14.631900] firmadyne: sys_socket[PID: 101 (xmldbc)]: family:1, type:2, protocol:0
[   14.694622] firmadyne: sys_socket[PID: 102 (xmldbc)]: family:1, type:2, protocol:0
[   14.756934] firmadyne: sys_socket[PID: 103 (xmldbc)]: family:1, type:2, protocol:0
[   14.829050] firmadyne: sys_socket[PID: 104 (xmldbc)]: family:1, type:2, protocol:0
[   14.891681] firmadyne: sys_socket[PID: 105 (xmldbc)]: family:1, type:2, protocol:0
[   14.954444] firmadyne: sys_socket[PID: 106 (xmldbc)]: family:1, type:2, protocol:0
[   15.016752] firmadyne: sys_socket[PID: 107 (xmldbc)]: family:1, type:2, protocol:0
[   15.078432] firmadyne: sys_socket[PID: 108 (xmldbc)]: family:1, type:2, protocol:0
[   15.138905] firmadyne: sys_socket[PID: 109 (xmldbc)]: family:1, type:2, protocol:0
[   15.201760] firmadyne: sys_socket[PID: 110 (xmldbc)]: family:1, type:2, protocol:0
[   15.266434] firmadyne: sys_socket[PID: 111 (xmldbc)]: family:1, type:2, protocol:0
[   15.329749] firmadyne: sys_socket[PID: 112 (xmldbc)]: family:1, type:2, protocol:0
[   15.394534] firmadyne: sys_socket[PID: 113 (xmldbc)]: family:1, type:2, protocol:0
[   15.456255] firmadyne: sys_socket[PID: 114 (xmldbc)]: family:1, type:2, protocol:0
[   15.518350] firmadyne: sys_socket[PID: 115 (xmldbc)]: family:1, type:2, protocol:0
[   15.581883] firmadyne: sys_socket[PID: 116 (xmldbc)]: family:1, type:2, protocol:0
[   15.645957] firmadyne: sys_socket[PID: 117 (xmldbc)]: family:1, type:2, protocol:0
[   15.709396] firmadyne: sys_socket[PID: 118 (xmldbc)]: family:1, type:2, protocol:0
[   15.774491] firmadyne: sys_socket[PID: 119 (xmldbc)]: family:1, type:2, protocol:0
[   15.839156] firmadyne: sys_socket[PID: 120 (xmldbc)]: family:1, type:2, protocol:0
[   15.900360] firmadyne: sys_socket[PID: 121 (xmldbc)]: family:1, type:2, protocol:0
[   15.964427] firmadyne: sys_socket[PID: 122 (xmldbc)]: family:1, type:2, protocol:0
[   16.027343] firmadyne: sys_socket[PID: 123 (xmldbc)]: family:1, type:2, protocol:0
PHP [/etc/defnodes/S11setnodes.php] ...
[   16.146760] firmadyne: sys_socket[PID: 126 (rgdb)]: family:1, type:2, protocol:0
PHP [/etc/defnodes/S12features.php] ...
[   16.729979] firmadyne: sys_socket[PID: 137 (rgdb)]: family:1, type:2, protocol:0
[   16.761765] cfg80211: Calling CRDA to update world regulatory domain
PHP [/etc/defnodes/S13flashspeed.php] ...
[   16.867824] firmadyne: sys_socket[PID: 140 (rgdb)]: family:1, type:2, protocol:0
PHP [/etc/defnodes/S20setnodes.php] ...
[   17.099059] firmadyne: sys_socket[PID: 145 (rgdb)]: family:1, type:2, protocol:0
[   17.254362] firmadyne: sys_socket[PID: 149 (xmldbc)]: family:1, type:2, protocol:0
[   17.425220] firmadyne: sys_socket[PID: 152 (xmldbc)]: family:1, type:2, protocol:0
[   17.574242] firmadyne: sys_socket[PID: 156 (xmldbc)]: family:1, type:2, protocol:0
[   17.729440] firmadyne: sys_socket[PID: 159 (xmldbc)]: family:1, type:2, protocol:0
[   17.859177] firmadyne: sys_socket[PID: 162 (xmldbc)]: family:1, type:2, protocol:0
[   17.920642] firmadyne: sys_socket[PID: 163 (xmldbc)]: family:1, type:2, protocol:0
[   17.984958] firmadyne: sys_socket[PID: 164 (xmldbc)]: family:1, type:2, protocol:0
[   18.048808] firmadyne: sys_socket[PID: 165 (xmldbc)]: family:1, type:2, protocol:0
[   18.113400] firmadyne: sys_socket[PID: 166 (xmldbc)]: family:1, type:2, protocol:0
[   18.176435] firmadyne: sys_socket[PID: 167 (xmldbc)]: family:1, type:2, protocol:0
[   18.238769] firmadyne: sys_socket[PID: 168 (xmldbc)]: family:1, type:2, protocol:0
[   18.402457] EXT3-fs (mtdblock6): error: can't find ext3 filesystem on dev mtdblock6.
[   18.409862] EXT2-fs (mtdblock6): error: can't find an ext2 filesystem on dev mtdblock6.
[   18.416944] EXT4-fs (mtdblock6): VFS: Can't find ext4 filesystem
[   18.432315] cramfs: wrong magic
[   18.439705] squashfs: SQUASHFS error: Can't find a SQUASHFS superblock on mtdblock6
[   18.447003] FAT-fs (mtdblock6): bogus logical sector size 65535
[   18.447706] FAT-fs (mtdblock6): Can't find a valid FAT filesystem
[   18.459325] romfs: VFS: Can't find a romfs filesystem on dev mtdblock6.
[   18.466340] UDF-fs: warning (device mtdblock6): udf_load_vrs: No VRS found
[   18.467148] UDF-fs: warning (device mtdblock6): udf_fill_super: No partition found (2)
mount: Mounting /dev/mtdblock/6 on /www/locale/alt failed: Invalid argument
[   18.613391] firmadyne: sys_socket[PID: 177 (xmldbc)]: family:1, type:2, protocol:0
[   18.828757] firmadyne: sys_socket[PID: 184 (xmldbc)]: family:1, type:2, protocol:0
[   18.958452] firmadyne: sys_socket[PID: 187 (xmldbc)]: family:1, type:2, protocol:0
[   19.021716] firmadyne: sys_socket[PID: 188 (xmldbc)]: family:1, type:2, protocol:0
PHP [/etc/defnodes/S40brand.php] ...
[   19.140706] firmadyne: sys_socket[PID: 191 (rgdb)]: family:1, type:2, protocol:0
[/etc/scripts/misc/defnodes.sh] Done !!
[/etc/scripts/misc/profile.sh] put ...
[   19.564054] firmadyne: sys_socket[PID: 200 (rgdb)]: family:1, type:2, protocol:0
[   19.909950] cfg80211: Calling CRDA to update world regulatory domain
ok
[/etc/templates/timezone.sh] ...
[   20.127473] firmadyne: sys_socket[PID: 209 (rgdb)]: family:1, type:2, protocol:0
[   20.326136] firmadyne: sys_socket[PID: 214 (rgdb)]: family:1, type:2, protocol:0
[   21.014797] firmadyne: sys_socket[PID: 218 (rgdb)]: family:1, type:2, protocol:0
[   21.107359] firmadyne: sys_socket[PID: 220 (rgdb)]: family:1, type:2, protocol:0
[   21.195304] firmadyne: sys_socket[PID: 222 (rgdb)]: family:1, type:2, protocol:0
[/etc/templates/logs.sh] ...
[   21.414384] firmadyne: sys_socket[PID: 228 (rgdb)]: family:1, type:2, protocol:0
[   21.518570] firmadyne: sys_socket[PID: 230 (rgdb)]: family:1, type:2, protocol:0
[/var/run/logs_run.sh] ...
[   21.864752] firmadyne: sys_socket[PID: 234 (syslogd)]: family:1, type:1, protocol:0
Inserting modules ...
Using /lib/modules/wlan.o
insmod: Not configured to support old kernels
Using /lib/modules/wlan_xauth.o
insmod: Not configured to support old kernels
Using /lib/modules/wlan_wep.o
insmod: Not configured to support old kernels
Using /lib/modules/wlan_tkip.o
insmod: Not configured to support old kernels
Using /lib/modules/wlan_scan_sta.o
insmod: Not configured to support old kernels
Using /lib/modules/wlan_scan_ap.o
insmod: Not configured to support old kernels
Using /lib/modules/wlan_ccmp.o
insmod: Not configured to support old kernels
Using /lib/modules/wlan_acl.o
insmod: Not configured to support old kernels
Using /lib/modules/ath_hal.o
insmod: Not configured to support old kernels
Using /lib/modules/ath_rate_atheros.o
insmod: Not configured to support old kernels
Using /lib/modules/ath_dfs.o
insmod: Not configured to support old kernels
[   22.674330] firmadyne: sys_socket[PID: 253 (rgdb)]: family:1, type:2, protocol:0
The countrycode is 840.
Using /lib/modules/ath_ahb.o
insmod: Not configured to support old kernels
[   23.012178] firmadyne: sys_socket[PID: 260 (wlanconfig)]: family:2, type:1, protocol:0
wlanconfig: ioctl: No such device
[   23.054587] cfg80211: Calling CRDA to update world regulatory domain
[   23.212415] firmadyne: sys_socket[PID: 268 (ifconfig)]: family:2, type:1, protocol:0
SIOCSIFHWADDR: No such device
Using /lib/modules/ar231x_access.o
insmod: Not configured to support old kernels
[   23.436518] firmadyne: sys_socket[PID: 277 (ifconfig)]: family:2, type:1, protocol:0
[   23.457196] IPv6: ADDRCONF(NETDEV_UP): eth0: link is not ready
[   23.458131] 8021q: adding VLAN 0 to HW filter on device eth0
[   23.464159] e1000: eth0 NIC Link is Up 1000 Mbps Full Duplex, Flow Control: RX
[   23.468411] IPv6: ADDRCONF(NETDEV_CHANGE): eth0: link becomes ready
[   23.538149] firmadyne: sys_socket[PID: 278 (rgdb)]: family:1, type:2, protocol:0
[   23.623531] firmadyne: sys_socket[PID: 280 (rgdb)]: family:1, type:2, protocol:0
[   23.730280] firmadyne: sys_socket[PID: 282 (rgdb)]: family:1, type:2, protocol:0
[   23.819599] firmadyne: sys_socket[PID: 284 (vconfig)]: family:2, type:2, protocol:0
Set name-type for VLAN subsystem. Should be visible in /proc/net/vlan/config
[   23.881879] firmadyne: sys_socket[PID: 285 (vconfig)]: family:2, type:2, protocol:0
[   23.883581] firmadyne: register_vlan_dev[PID: 285 (vconfig)]: dev:eth0.0 vlan_id:0
[   23.967848] firmadyne: sys_socket[PID: 286 (vconfig)]: family:2, type:2, protocol:0
[   23.969437] firmadyne: register_vlan_dev[PID: 286 (vconfig)]: dev:eth0.2 vlan_id:2
[   24.047344] firmadyne: sys_socket[PID: 287 (brctl)]: family:2, type:2, protocol:0
[   24.125494] firmadyne: sys_socket[PID: 288 (brctl)]: family:2, type:2, protocol:0
[   24.131750] firmadyne: sys_socket[PID: 288 (brctl)]: family:10, type:1, protocol:0
[   24.189371] firmadyne: sys_socket[PID: 289 (brctl)]: family:2, type:2, protocol:0
[   24.192989] firmadyne: sys_socket[PID: 289 (brctl)]: family:10, type:1, protocol:0
[   24.224640] firmadyne: sys_socket[PID: 290 (ifconfig)]: family:2, type:1, protocol:0
[   24.227152] firmadyne: __inet_insert_ifa[PID: 290 (ifconfig)]: device:br0 ifa:0x00000000
[/etc/templates/webs.sh] start ...
[   24.414157] firmadyne: sys_socket[PID: 294 (rgdb)]: family:1, type:2, protocol:0
[   24.554334] firmadyne: sys_socket[PID: 295 (rgdb)]: family:1, type:2, protocol:0
[/var/run/webs_start.sh] ...
Starting HTTPD ...
[/etc/init.d/S03config.sh] done!
[/etc/init.d/S10system.sh]
[   24.995849] firmadyne: sys_socket[PID: 304 (rgdb)]: family:1, type:2, protocol:0
start scheduled ...
[/etc/templates/scheduled.sh] start ...
[   25.387141] firmadyne: sys_socket[PID: 309 (rgdb)]: family:1, type:2, protocol:0
[   25.457142] firmadyne: sys_socket[PID: 312 (route)]: family:2, type:1, protocol:0
[   25.643214] firmadyne: sys_socket[PID: 313 (httpd)]: family:2, type:2, protocol:0
[   25.644416] firmadyne: sys_setsockopt[PID: 313 (httpd)]: fd:4, level:65535, optname:4
[   25.654216] firmadyne: sys_setsockopt[PID: 313 (httpd)]: fd:4, level:65535, optname:25
[   25.655368] firmadyne: inet_bind[PID: 313 (httpd)]: proto:SOCK_STREAM, port:49152
[   25.657147] firmadyne: sys_socket[PID: 313 (httpd)]: family:2, type:1, protocol:0
[   25.662467] firmadyne: sys_socket[PID: 315 (xmldbc)]: family:1, type:2, protocol:0
[   25.668456] firmadyne: sys_setsockopt[PID: 313 (httpd)]: fd:5, level:65535, optname:4
[   25.671522] firmadyne: sys_setsockopt[PID: 313 (httpd)]: fd:5, level:65535, optname:25
[   25.672553] firmadyne: inet_bind[PID: 313 (httpd)]: proto:SOCK_DGRAM, port:1900
[   25.682057] firmadyne: sys_setsockopt[PID: 313 (httpd)]: fd:5, level:0, optname:35
[   25.683956] firmadyne: sys_socket[PID: 313 (httpd)]: family:2, type:2, protocol:0
[   25.685029] firmadyne: sys_setsockopt[PID: 313 (httpd)]: fd:6, level:65535, optname:4
[   25.693961] firmadyne: sys_setsockopt[PID: 313 (httpd)]: fd:6, level:65535, optname:25
[   25.694999] firmadyne: inet_bind[PID: 313 (httpd)]: proto:SOCK_STREAM, port:80
[   25.782269] firmadyne: sys_socket[PID: 313 (httpd)]: family:1, type:1, protocol:0
[   25.811671] firmadyne: sys_socket[PID: 316 (xmldbc)]: family:1, type:2, protocol:0
[/var/run/scheduled_start.sh] ...
Start scheduled ...
setup layout ...
[   26.061202] firmadyne: sys_socket[PID: 320 (scheduled)]: family:1, type:1, protocol:0
[/etc/scripts/layout.sh] start ...
[   26.197820] cfg80211: Calling CRDA to update world regulatory domain
[   26.199891] firmadyne: sys_socket[PID: 325 (rgdb)]: family:1, type:2, protocol:0
[   26.379109] firmadyne: sys_socket[PID: 326 (rgdb)]: family:1, type:2, protocol:0
[/var/run/layout_start.sh] ...
Start router layout ...
/proc/driver/ae531x: cannot create
/proc/driver/ae531x: cannot create
/proc/driver/ae531x: cannot create
/proc/driver/ae531x: cannot create
/proc/driver/ae531x: cannot create
/proc/driver/ae531x: cannot create
/proc/driver/ae531x: cannot create
/proc/driver/ae531x: cannot create
/proc/driver/ae531x: cannot create
/proc/driver/ae531x: cannot create
[   26.736262] firmadyne: sys_socket[PID: 340 (ifconfig)]: family:2, type:1, protocol:0
[   26.765090] firmadyne: sys_socket[PID: 341 (ifconfig)]: family:2, type:1, protocol:0
[   26.828992] firmadyne: sys_socket[PID: 342 (brctl)]: family:2, type:2, protocol:0
[   26.833481] firmadyne: sys_socket[PID: 342 (brctl)]: family:10, type:1, protocol:0
[   26.838705] firmadyne: sys_socket[PID: 342 (brctl)]: family:10, type:1, protocol:0
interface ath0 does not exist!
[   26.928130] firmadyne: sys_socket[PID: 347 (brctl)]: family:2, type:2, protocol:0
[   26.934557] firmadyne: sys_socket[PID: 347 (brctl)]: family:10, type:1, protocol:0
[   26.937281] firmadyne: sys_socket[PID: 347 (brctl)]: family:10, type:1, protocol:0
[   26.941385] firmadyne: br_add_if[PID: 347 (brctl)]: br:br0 dev:eth0.0
[   26.948695] device eth0.0 entered promiscuous mode
[   26.949280] device eth0 entered promiscuous mode
[   26.953143] br0: port 1(eth0.0) entered forwarding state
[   26.954471] br0: port 1(eth0.0) entered forwarding state
[   27.022248] firmadyne: sys_socket[PID: 348 (brctl)]: family:2, type:2, protocol:0
[   27.028282] firmadyne: sys_socket[PID: 348 (brctl)]: family:10, type:1, protocol:0
[   27.033839] firmadyne: sys_socket[PID: 348 (brctl)]: family:10, type:1, protocol:0
can't find port ath0 in bridge br0
[   27.090033] firmadyne: sys_socket[PID: 353 (ifconfig)]: family:2, type:1, protocol:0
[   27.150914] firmadyne: sys_socket[PID: 354 (rgdb)]: family:1, type:2, protocol:0
start LAN ...
[/etc/templates/lan.sh] ...
[   27.384405] firmadyne: sys_socket[PID: 359 (rgdb)]: family:1, type:2, protocol:0
[   27.725090] firmadyne: sys_socket[PID: 360 (rgdb)]: family:1, type:2, protocol:0
[/var/run/lan_start.sh] ...
Start LAN (br0/192.168.0.1/255.255.255.0)...
[   28.041207] firmadyne: sys_socket[PID: 364 (ifconfig)]: family:2, type:1, protocol:0
[   28.043637] firmadyne: __inet_insert_ifa[PID: 364 (ifconfig)]: device:br0 ifa:0xc0a80001
Start DHCP server (br0) ...
[   28.283510] firmadyne: sys_socket[PID: 368 (dhcpxmlpatch)]: family:1, type:2, protocol:0
start fresetd ...
[   28.368251] firmadyne: sys_socket[PID: 367 (udhcpd)]: family:2, type:3, protocol:255
[   28.383589] firmadyne: sys_socket[PID: 367 (udhcpd)]: family:2, type:1, protocol:17
[   28.384793] firmadyne: sys_setsockopt[PID: 367 (udhcpd)]: fd:5, level:65535, optname:4
[   28.406850] firmadyne: inet_accept[PID: 313 (httpd)]:
[   28.408881] firmadyne: inet_accept[PID: 313 (httpd)]:
enable LAN ports ...
[   28.421744] firmadyne: sys_setsockopt[PID: 367 (udhcpd)]: fd:5, level:65535, optname:32
[   28.422812] firmadyne: sys_setsockopt[PID: 367 (udhcpd)]: fd:5, level:65535, optname:25
[   28.423882] firmadyne: inet_bind[PID: 367 (udhcpd)]: proto:SOCK_DGRAM, port:67
/proc/driver/ae531x: cannot create
/proc/driver/ae531x: cannot Factory reset time : 5 secs
WPS command : [/etc/templates/wps.sh pbc &]
create
gpio_outen: can not open [/proc/ar231x/gpio_cr7] to write.
/proc/driver/ae531x: cannot create
/proc/driver/ae531x: cannot create
start WLAN ...
[/etc/templates/wlan.sh] start ...
[   28.784917] firmadyne: sys_socket[PID: 383 (rgdb)]: family:1, type:2, protocol:0
[   29.341898] cfg80211: Calling CRDA to update world regulatory domain
[   29.493739] firmadyne: sys_socket[PID: 386 (rgdb)]: family:1, type:2, protocol:0
[   29.604293] firmadyne: sys_socket[PID: 387 (atp)]: family:1, type:2, protocol:0
[/var/run/wlan_start.sh] ...
Start WLAN interface ath0 ...
[   30.078243] firmadyne: sys_socket[PID: 391 (iwpriv)]: family:2, type:1, protocol:0
ath0      no private ioctls.

[   30.194092] firmadyne: sys_socket[PID: 392 (iwpriv)]: family:2, type:1, protocol:0
ath0      no private ioctls.

[   30.306513] firmadyne: sys_socket[PID: 393 (iwpriv)]: family:2, type:1, protocol:0
ath0      no private ioctls.

[   30.424103] firmadyne: sys_socket[PID: 394 (brctl)]: family:2, type:2, protocol:0
[   30.436114] firmadyne: sys_socket[PID: 394 (brctl)]: family:10, type:1, protocol:0
[   30.441116] firmadyne: sys_socket[PID: 394 (brctl)]: family:10, type:1, protocol:0
can't find port ath0 in bridge br0
[   30.609002] firmadyne: sys_socket[PID: 399 (iwpriv)]: family:2, type:1, protocol:0
ath0      no private ioctls.

[   30.717094] firmadyne: sys_socket[PID: 400 (iwpriv)]: family:2, type:1, protocol:0
ath0      no private ioctls.

[   30.848615] firmadyne: sys_socket[PID: 401 (iwpriv)]: family:2, type:1, protocol:0
ath0      no private ioctls.

[   30.937251] firmadyne: sys_socket[PID: 402 (iwpriv)]: family:2, type:1, protocol:0
ath0      no private ioctls.

[   30.998627] firmadyne: sys_socket[PID: 403 (iwpriv)]: family:2, type:1, protocol:0
ath0      no private ioctls.

[   31.058477] firmadyne: sys_socket[PID: 404 (iwconfig)]: family:2, type:1, protocol:0
Error for wireless request "Set Frequency" (8B04) :
    SET failed on device ath0 ; Invalid argument.
[   31.121213] firmadyne: sys_socket[PID: 405 (iwconfig)]: family:2, type:1, protocol:0
Error for wireless request "Set RTS Threshold" (8B22) :
    SET failed on device ath0 ; Invalid argument.
[   31.184821] firmadyne: sys_socket[PID: 406 (iwconfig)]: family:2, type:1, protocol:0
Error for wireless request "Set Fragmentation Threshold" (8B24) :
    SET failed on device ath0 ; Invalid argument.
[   31.247792] firmadyne: sys_socket[PID: 407 (iwconfig)]: family:2, type:1, protocol:0
Error for wireless request "Set Bit Rate" (8B20) :
    SET failed on device ath0 ; Invalid argument.
[   31.308139] firmadyne: sys_socket[PID: 408 (iwpriv)]: family:2, type:1, protocol:0
ath0      no private ioctls.

[   31.365465] firmadyne: sys_socket[PID: 409 (iwpriv)]: family:2, type:1, protocol:0
ath0      no private ioctls.

/proc/net/br_forward_br0: cannot create
[   31.457436] firmadyne: sys_socket[PID: 411 (iwpriv)]: family:2, type:1, protocol:0
ath0      no private ioctls.

[   31.514993] firmadyne: sys_socket[PID: 412 (iwpriv)]: family:2, type:1, protocol:0
ath0      no private ioctls.

[   31.573747] firmadyne: sys_socket[PID: 413 (iwpriv)]: family:2, type:1, protocol:0
ath0      no private ioctls.

[   31.631145] firmadyne: sys_socket[PID: 414 (iwpriv)]: family:2, type:1, protocol:0
ath0      no private ioctls.

[   31.688409] firmadyne: sys_socket[PID: 415 (iwconfig)]: family:2, type:1, protocol:0
Error for wireless request "Set ESSID" (8B1A) :
    SET failed on device ath0 ; Invalid argument.
[   31.782128] firmadyne: sys_socket[PID: 418 (ifconfig)]: family:2, type:1, protocol:0
SIOCGIFFLAGS: No such device
[   31.890214] firmadyne: sys_socket[PID: 417 (wlxmlpatch)]: family:1, type:2, protocol:0
Configuration file: /var/run/hostapd.ath0.conf
[   31.921965] firmadyne: sys_socket[PID: 417 (wlxmlpatch)]: family:1, type:2, protocol:0
[   31.936330] firmadyne: sys_socket[PID: 417 (wlxmlpatch)]: family:2, type:1, protocol:0
madwifi_poll: ioctl_get_ssid() fail, return -1 !
[   31.961897] firmadyne: sys_socket[PID: 417 (wlxmlpatch)]: family:1, type:2, protocol:0
[   31.988086] firmadyne: sys_socket[PID: 416 (hostapd)]: family:2, type:1, protocol:0
[   32.035964] firmadyne: sys_socket[PID: 423 (usockc)]: family:1, type:1, protocol:0
ioctl(SIOCGIFINDEX): No such device
madwifi driver initialization failed.
Unable to open socket file : /var/run/fresetd_unixsock
[/etc/templates/wps.sh] setie ...
[   32.213285] firmadyne: sys_socket[PID: 430 (xmldbc)]: family:1, type:2, protocol:0
[   32.359177] firmadyne: sys_socket[PID: 431 (wps)]: family:1, type:1, protocol:0
[   32.485863] cfg80211: Calling CRDA to update world regulatory domain
[   34.164011] firmadyne: sys_socket[PID: 432 (atp)]: family:1, type:2, protocol:0
[   35.090106] firmadyne: sys_socket[PID: 433 (atp)]: family:1, type:2, protocol:0
[   35.629792] cfg80211: Exceeded CRDA call max attempts. Not calling CRDA
[   35.932424] firmadyne: sys_socket[PID: 431 (wps)]: family:1, type:1, protocol:0
[   36.116158] firmadyne: sys_socket[PID: 434 (atp)]: family:1, type:2, protocol:0
[   36.943933] firmadyne: sys_socket[PID: 431 (wps)]: family:1, type:1, protocol:0
[/usr/sbin/submit] COMMIT ...
[   37.481874] firmadyne: sys_socket[PID: 440 (xmldbc)]: family:1, type:2, protocol:0
[/etc/scripts/misc/profile.sh] put ...
[   37.800652] firmadyne: sys_socket[PID: 446 (rgdb)]: family:1, type:2, protocol:0
[   37.965967] firmadyne: sys_socket[PID: 431 (wps)]: family:1, type:1, protocol:0
ok
[   38.260607] firmadyne: sys_socket[PID: 435 (xgi)]: family:1, type:2, protocol:0
[   38.276086] 
do_page_fault(): sending SIGSEGV to xgi for invalid read access from 777a7976
[   38.276843] epc = 777a7977 inra  = 777a7977 in
[   38.277858] 
[   38.280658] potentially unexpected fatal signal 11.
[   38.281507] CPU: 0 PID: 435 Comm: xgi Not tainted 4.1.17+ #1
[   38.282522] task: 8f1fba28 ti: 8f1fe000 task.ti: 8f1fe000
[   38.283074] $ 0   : 00000000 770a837e ffffffff ffffffff
[   38.283943] $ 4   : 770ea1f0 7fc6a3d1 00000000 770ea1a4
[   38.284781] $ 8   : 00400eed 00000000 77133138 7704cb34
[   38.285838] $12   : 00000337 006d7cb3 7704eed4 00400ee8
[   38.286673] $16   : 79777a79 777a7977 7a79777a 79777a79
[   38.287518] $20   : 777a7977 7a79777a 00000000 ffffffff
[   38.288347] $24   : 770497c4 77098c10                  
[   38.289181] $28   : 10008890 7fc6af00 00000000 777a7977
[   38.290259] Hi    : 00000000
[   38.290658] Lo    : 000000d9
[   38.291186] epc   : 777a7977 0x777a7977
[   38.291730] ra    : 777a7977 0x777a7977
[   38.292179] Status: 0000a413	USER EXL IE 
[   38.292849] Cause : 10800008
[   38.293254] BadVA : 777a7976
[   38.293936] PrId  : 00019300 (MIPS 24Kc)
[   38.898837] firmadyne: sys_socket[PID: 452 (atp)]: family:1, type:2, protocol:0
[   38.977494] firmadyne: sys_socket[PID: 431 (wps)]: family:1, type:1, protocol:0
[   38.990980] firmadyne: sys_socket[PID: 431 (wps)]: family:1, type:1, protocol:0
[   38.998967] firmadyne: sys_socket[PID: 431 (wps)]: family:1, type:1, protocol:0
[   39.526923] firmadyne: sys_socket[PID: 453 (atp)]: family:1, type:2, protocol:0
[   40.010007] firmadyne: sys_socket[PID: 431 (wps)]: family:1, type:1, protocol:0
[/usr/sbin/submit] COMMIT ...
[   41.018342] firmadyne: sys_socket[PID: 431 (wps)]: family:1, type:1, protocol:0
[   41.078724] firmadyne: sys_socket[PID: 459 (xmldbc)]: family:1, type:2, protocol:0
[/etc/scripts/misc/profile.sh] put ...
[   41.397243] firmadyne: sys_socket[PID: 465 (rgdb)]: family:1, type:2, protocol:0
ok
[/usr/sbin/submit] QOS ...
[   42.005966] firmadyne: sys_socket[PID: 475 (xmldbc)]: family:1, type:2, protocol:0
[   42.026865] firmadyne: sys_socket[PID: 431 (wps)]: family:1, type:1, protocol:0
[   42.038474] firmadyne: sys_socket[PID: 431 (wps)]: family:1, type:1, protocol:0
Start WLAN interface ath0 Done !!!
start Guest Zone
[/etc/templates/gzone.sh] ...
[/etc/templates/qos.sh] restart ...
[   42.608900] firmadyne: sys_socket[PID: 485 (xmldbc)]: family:1, type:2, protocol:0
[   42.674371] firmadyne: sys_socket[PID: 487 (xmldbc)]: family:1, type:2, protocol:0
[   42.739911] firmadyne: sys_socket[PID: 488 (xmldbc)]: family:1, type:2, protocol:0
[   42.892144] firmadyne: sys_socket[PID: 489 (atp)]: family:1, type:2, protocol:0
[   43.082957] firmadyne: sys_socket[PID: 490 (xmldbc)]: family:1, type:2, protocol:0
[/etc/templates/enable_gzone.sh] ...
start RG ...
[/etc/templates/rg.sh] start ...
[   44.281538] firmadyne: sys_socket[PID: 500 (rgdb)]: family:1, type:2, protocol:0
[   44.418182] firmadyne: sys_socket[PID: 501 (atp)]: family:1, type:2, protocol:0
[   44.430596] firmadyne: sys_socket[PID: 502 (rgdb)]: family:1, type:2, protocol:0
[/var/run/qos_start.sh] ...
Interface is wanif= lanif=br0... Error!!!
[   47.658854] firmadyne: inet_accept[PID: 313 (httpd)]:
[   47.659864] firmadyne: inet_accept[PID: 313 (httpd)]:
[/var/run/rg_start.sh] ...
[   47.780197] firmadyne: sys_socket[PID: 509 (iptables)]: family:2, type:3, protocol:255
[   47.788899] firmadyne: sys_setsockopt[PID: 509 (iptables)]: fd:3, level:0, optname:64
[   47.791398] firmadyne: sys_setsockopt[PID: 509 (iptables)]: fd:3, level:0, optname:65
[   47.851883] firmadyne: sys_socket[PID: 510 (iptables)]: family:2, type:3, protocol:255
modprobe: could not parse modules.dep

[   47.892421] firmadyne: sys_socket[PID: 510 (iptables)]: family:2, type:3, protocol:255
iptables v1.2.9: can't initialize iptables table `nat': Table does not exist (do you need to insmod?)
Perhaps iptables or your kernel needs to be upgraded.
[   47.974169] firmadyne: sys_socket[PID: 516 (iptables)]: family:2, type:3, protocol:255
[   47.982217] firmadyne: sys_setsockopt[PID: 516 (iptables)]: fd:3, level:0, optname:64
[   47.984282] firmadyne: sys_setsockopt[PID: 516 (iptables)]: fd:3, level:0, optname:65
[   48.044212] firmadyne: sys_socket[PID: 517 (iptables)]: family:2, type:3, protocol:255
[   48.106657] firmadyne: sys_socket[PID: 518 (iptables)]: family:2, type:3, protocol:255
modprobe: could not parse modules.dep

[   48.146644] firmadyne: sys_socket[PID: 518 (iptables)]: family:2, type:3, protocol:255
iptables v1.2.9: can't initialize iptables table `nat': Table does not exist (do you need to insmod?)
Perhaps iptables or your kernel needs to be upgraded.
[   48.228641] firmadyne: sys_socket[PID: 524 (iptables)]: family:2, type:3, protocol:255
[   48.291317] firmadyne: sys_socket[PID: 525 (iptables)]: family:2, type:3, protocol:255
[   48.297766] firmadyne: sys_setsockopt[PID: 525 (iptables)]: fd:3, level:0, optname:64
[   48.299638] firmadyne: sys_setsockopt[PID: 525 (iptables)]: fd:3, level:0, optname:65
[   48.363881] firmadyne: sys_socket[PID: 526 (iptables)]: family:2, type:3, protocol:255
[   48.371202] firmadyne: sys_setsockopt[PID: 526 (iptables)]: fd:3, level:0, optname:64
[   48.373085] firmadyne: sys_setsockopt[PID: 526 (iptables)]: fd:3, level:0, optname:65
[   48.434448] firmadyne: sys_socket[PID: 527 (iptables)]: family:2, type:3, protocol:255
[   48.439908] firmadyne: sys_setsockopt[PID: 527 (iptables)]: fd:3, level:0, optname:64
[   48.443672] firmadyne: sys_setsockopt[PID: 527 (iptables)]: fd:3, level:0, optname:65
[   48.507068] firmadyne: sys_socket[PID: 528 (iptables)]: family:2, type:3, protocol:255
modprobe: could not parse modules.dep

[   48.546592] firmadyne: sys_socket[PID: 528 (iptables)]: family:2, type:3, protocol:255
iptables v1.2.9: can't initialize iptables table `nat': Table does not exist (do you need to insmod?)
Perhaps iptables or your kernel needs to be upgraded.
[   48.629050] firmadyne: sys_socket[PID: 534 (iptables)]: family:2, type:3, protocol:255
[   48.666918] firmadyne: inet_accept[PID: 313 (httpd)]:
[   48.667906] firmadyne: inet_accept[PID: 313 (httpd)]:
modprobe: could not parse modules.dep

[   48.681832] firmadyne: sys_socket[PID: 534 (iptables)]: family:2, type:3, protocol:255
iptables v1.2.9: can't initialize iptables table `nat': Table does not exist (do you need to insmod?)
Perhaps iptables or your kernel needs to be upgraded.
[   48.773498] firmadyne: sys_socket[PID: 540 (iptables)]: family:2, type:3, protocol:255
[   48.780340] firmadyne: sys_setsockopt[PID: 540 (iptables)]: fd:3, level:0, optname:64
[   48.784417] firmadyne: sys_setsockopt[PID: 540 (iptables)]: fd:3, level:0, optname:65
[   48.850197] firmadyne: sys_socket[PID: 541 (iptables)]: family:2, type:3, protocol:255
modprobe: could not parse modules.dep

[   48.887921] firmadyne: sys_socket[PID: 541 (iptables)]: family:2, type:3, protocol:255
iptables v1.2.9: can't initialize iptables table `nat': Table does not exist (do you need to insmod?)
Perhaps iptables or your kernel needs to be upgraded.
[   48.972820] firmadyne: sys_socket[PID: 547 (iptables)]: family:2, type:3, protocol:255
modprobe: could not parse modules.dep

[   49.011362] firmadyne: sys_socket[PID: 547 (iptables)]: family:2, type:3, protocol:255
iptables v1.2.9: can't initialize iptables table `nat': Table does not exist (do you need to insmod?)
Perhaps iptables or your kernel needs to be upgraded.
[   49.094198] firmadyne: sys_socket[PID: 553 (iptables)]: family:2, type:3, protocol:255
modprobe: could not parse modules.dep

[   49.132363] firmadyne: sys_socket[PID: 553 (iptables)]: family:2, type:3, protocol:255
iptables v1.2.9: can't initialize iptables table `nat': Table does not exist (do you need to insmod?)
Perhaps iptables or your kernel needs to be upgraded.
[   49.217139] firmadyne: sys_socket[PID: 559 (iptables)]: family:2, type:3, protocol:255
modprobe: could not parse modules.dep

[   49.256186] firmadyne: sys_socket[PID: 559 (iptables)]: family:2, type:3, protocol:255
iptables v1.2.9: can't initialize iptables table `nat': Table does not exist (do you need to insmod?)
Perhaps iptables or your kernel needs to be upgraded.
[   49.340127] firmadyne: sys_socket[PID: 565 (iptables)]: family:2, type:3, protocol:255
modprobe: could not parse modules.dep

[   49.382626] firmadyne: sys_socket[PID: 565 (iptables)]: family:2, type:3, protocol:255
iptables v1.2.9: can't initialize iptables table `nat': Table does not exist (do you need to insmod?)
Perhaps iptables or your kernel needs to be upgraded.
[   49.470992] firmadyne: sys_socket[PID: 571 (iptables)]: family:2, type:3, protocol:255
modprobe: could not parse modules.dep

[   49.510295] firmadyne: sys_socket[PID: 571 (iptables)]: family:2, type:3, protocol:255
iptables v1.2.9: can't initialize iptables table `nat': Table does not exist (do you need to insmod?)
Perhaps iptables or your kernel needs to be upgraded.
[   49.596668] firmadyne: sys_socket[PID: 577 (iptables)]: family:2, type:3, protocol:255
modprobe: could not parse modules.dep

[   49.635118] firmadyne: sys_socket[PID: 577 (iptables)]: family:2, type:3, protocol:255
iptables v1.2.9: can't initialize iptables table `nat': Table does not exist (do you need to insmod?)
Perhaps iptables or your kernel needs to be upgraded.
[   49.721007] firmadyne: sys_socket[PID: 583 (iptables)]: family:2, type:3, protocol:255
modprobe: could not parse modules.dep

[   49.759382] firmadyne: sys_socket[PID: 583 (iptables)]: family:2, type:3, protocol:255
iptables v1.2.9: can't initialize iptables table `nat': Table does not exist (do you need to insmod?)
Perhaps iptables or your kernel needs to be upgraded.
[   49.847890] firmadyne: sys_socket[PID: 589 (iptables)]: family:2, type:3, protocol:255
modprobe: could not parse modules.dep

[   49.887689] firmadyne: sys_socket[PID: 589 (iptables)]: family:2, type:3, protocol:255
iptables v1.2.9: can't initialize iptables table `nat': Table does not exist (do you need to insmod?)
Perhaps iptables or your kernel needs to be upgraded.
[   49.977362] firmadyne: sys_socket[PID: 595 (iptables)]: family:2, type:3, protocol:255
modprobe: could not parse modules.dep

[   50.016932] firmadyne: sys_socket[PID: 595 (iptables)]: family:2, type:3, protocol:255
iptables v1.2.9: can't initialize iptables table `nat': Table does not exist (do you need to insmod?)
Perhaps iptables or your kernel needs to be upgraded.
[   50.103909] firmadyne: sys_socket[PID: 601 (iptables)]: family:2, type:3, protocol:255
modprobe: could not parse modules.dep

[   50.142897] firmadyne: sys_socket[PID: 601 (iptables)]: family:2, type:3, protocol:255
iptables v1.2.9: can't initialize iptables table `nat': Table does not exist (do you need to insmod?)
Perhaps iptables or your kernel needs to be upgraded.
[   50.297103] firmadyne: sys_socket[PID: 607 (iptables)]: family:2, type:3, protocol:255
[   50.304100] firmadyne: sys_socket[PID: 608 (atp)]: family:1, type:2, protocol:0
modprobe: could not parse modules.dep

[   50.378182] firmadyne: sys_socket[PID: 607 (iptables)]: family:2, type:3, protocol:255
iptables v1.2.9: can't initialize iptables table `nat': Table does not exist (do you need to insmod?)
Perhaps iptables or your kernel needs to be upgraded.
[   50.544686] firmadyne: sys_socket[PID: 614 (iptables)]: family:2, type:3, protocol:255
[   50.554205] firmadyne: sys_setsockopt[PID: 614 (iptables)]: fd:3, level:0, optname:64
[   50.556106] firmadyne: sys_setsockopt[PID: 614 (iptables)]: fd:3, level:0, optname:65
[   50.687684] firmadyne: sys_socket[PID: 615 (iptables)]: family:2, type:3, protocol:255
[   50.700402] firmadyne: sys_setsockopt[PID: 615 (iptables)]: fd:3, level:0, optname:64
[   50.704441] firmadyne: sys_setsockopt[PID: 615 (iptables)]: fd:3, level:0, optname:65
[   50.831236] firmadyne: sys_socket[PID: 616 (iptables)]: family:2, type:3, protocol:255
[   50.844990] firmadyne: sys_setsockopt[PID: 616 (iptables)]: fd:3, level:0, optname:64
[   50.851618] firmadyne: sys_setsockopt[PID: 616 (iptables)]: fd:3, level:0, optname:65
[   50.980031] firmadyne: sys_socket[PID: 617 (iptables)]: family:2, type:3, protocol:255
[   50.993061] firmadyne: sys_setsockopt[PID: 617 (iptables)]: fd:3, level:0, optname:64
[   50.999666] firmadyne: sys_setsockopt[PID: 617 (iptables)]: fd:3, level:0, optname:65
[   51.126515] firmadyne: sys_socket[PID: 618 (iptables)]: family:2, type:3, protocol:255
[   51.140084] firmadyne: sys_setsockopt[PID: 618 (iptables)]: fd:3, level:0, optname:64
[   51.144158] firmadyne: sys_setsockopt[PID: 618 (iptables)]: fd:3, level:0, optname:65
[   51.269045] firmadyne: sys_socket[PID: 619 (iptables)]: family:2, type:3, protocol:255
[   51.286819] firmadyne: sys_setsockopt[PID: 619 (iptables)]: fd:3, level:0, optname:64
[   51.288994] firmadyne: sys_setsockopt[PID: 619 (iptables)]: fd:3, level:0, optname:65
[   51.426354] firmadyne: sys_socket[PID: 620 (iptables)]: family:2, type:3, protocol:255
[   51.440909] firmadyne: sys_setsockopt[PID: 620 (iptables)]: fd:3, level:0, optname:64
[   51.443549] firmadyne: sys_setsockopt[PID: 620 (iptables)]: fd:3, level:0, optname:65
[   51.606833] firmadyne: sys_socket[PID: 621 (iptables)]: family:2, type:3, protocol:255
[   51.626048] firmadyne: sys_setsockopt[PID: 621 (iptables)]: fd:3, level:0, optname:64
iptables: Protocol wrong type for socket
[   51.804934] firmadyne: sys_socket[PID: 624 (iptables)]: family:2, type:3, protocol:255
modprobe: could not parse modules.dep

[   51.883467] firmadyne: sys_socket[PID: 624 (iptables)]: family:2, type:3, protocol:255
iptables v1.2.9: can't initialize iptables table `nat': Table does not exist (do you need to insmod?)
Perhaps iptables or your kernel needs to be upgraded.
[   52.072441] firmadyne: sys_socket[PID: 630 (iptables)]: family:2, type:3, protocol:255
modprobe: could not parse modules.dep

[   52.147471] firmadyne: sys_socket[PID: 630 (iptables)]: family:2, type:3, protocol:255
iptables v1.2.9: can't initialize iptables table `nat': Table does not exist (do you need to insmod?)
Perhaps iptables or your kernel needs to be upgraded.
[   52.346944] firmadyne: sys_socket[PID: 636 (iptables)]: family:2, type:3, protocol:255
modprobe: could not parse modules.dep

[   52.417243] firmadyne: sys_socket[PID: 636 (iptables)]: family:2, type:3, protocol:255
iptables v1.2.9: can't initialize iptables table `nat': Table does not exist (do you need to insmod?)
Perhaps iptables or your kernel needs to be upgraded.
[   52.592847] firmadyne: sys_socket[PID: 642 (iptables)]: family:2, type:3, protocol:255
modprobe: could not parse modules.dep

[   52.668463] firmadyne: sys_socket[PID: 642 (iptables)]: family:2, type:3, protocol:255
iptables v1.2.9: can't initialize iptables table `nat': Table does not exist (do you need to insmod?)
Perhaps iptables or your kernel needs to be upgraded.
[   52.868751] firmadyne: sys_socket[PID: 648 (iptables)]: family:2, type:3, protocol:255
modprobe: could not parse modules.dep

[   52.948359] firmadyne: sys_socket[PID: 648 (iptables)]: family:2, type:3, protocol:255
iptables v1.2.9: can't initialize iptables table `nat': Table does not exist (do you need to insmod?)
Perhaps iptables or your kernel needs to be upgraded.
[   53.130069] firmadyne: sys_socket[PID: 654 (iptables)]: family:2, type:3, protocol:255
modprobe: could not parse modules.dep

[   53.200447] firmadyne: sys_socket[PID: 654 (iptables)]: family:2, type:3, protocol:255
iptables v1.2.9: can't initialize iptables table `nat': Table does not exist (do you need to insmod?)
Perhaps iptables or your kernel needs to be upgraded.
[   53.411008] firmadyne: sys_socket[PID: 660 (iptables)]: family:2, type:3, protocol:255
modprobe: could not parse modules.dep

[   53.488399] firmadyne: sys_socket[PID: 660 (iptables)]: family:2, type:3, protocol:255
iptables v1.2.9: can't initialize iptables table `nat': Table does not exist (do you need to insmod?)
Perhaps iptables or your kernel needs to be upgraded.
[   53.693079] firmadyne: sys_socket[PID: 666 (iptables)]: family:2, type:3, protocol:255
modprobe: could not parse modules.dep

[   53.768386] firmadyne: sys_socket[PID: 666 (iptables)]: family:2, type:3, protocol:255
iptables v1.2.9: can't initialize iptables table `nat': Table does not exist (do you need to insmod?)
Perhaps iptables or your kernel needs to be upgraded.
[   53.963649] firmadyne: sys_socket[PID: 672 (iptables)]: family:2, type:3, protocol:255
modprobe: could not parse modules.dep

[   54.036937] firmadyne: sys_socket[PID: 672 (iptables)]: family:2, type:3, protocol:255
iptables v1.2.9: can't initialize iptables table `nat': Table does not exist (do you need to insmod?)
Perhaps iptables or your kernel needs to be upgraded.
[   54.212804] firmadyne: sys_socket[PID: 678 (iptables)]: family:2, type:3, protocol:255
modprobe: could not parse modules.dep

[   54.288386] firmadyne: sys_socket[PID: 678 (iptables)]: family:2, type:3, protocol:255
iptables v1.2.9: can't initialize iptables table `nat': Table does not exist (do you need to insmod?)
Perhaps iptables or your kernel needs to be upgraded.
[   54.517866] firmadyne: sys_socket[PID: 684 (iptables)]: family:2, type:3, protocol:255
modprobe: could not parse modules.dep

[   54.589049] firmadyne: sys_socket[PID: 684 (iptables)]: family:2, type:3, protocol:255
iptables v1.2.9: can't initialize iptables table `nat': Table does not exist (do you need to insmod?)
Perhaps iptables or your kernel needs to be upgraded.
[   54.797323] firmadyne: sys_socket[PID: 690 (iptables)]: family:2, type:3, protocol:255
modprobe: could not parse modules.dep

[   54.872428] firmadyne: sys_socket[PID: 690 (iptables)]: family:2, type:3, protocol:255
iptables v1.2.9: can't initialize iptables table `nat': Table does not exist (do you need to insmod?)
Perhaps iptables or your kernel needs to be upgraded.
[   55.082643] firmadyne: sys_socket[PID: 696 (iptables)]: family:2, type:3, protocol:255
modprobe: could not parse modules.dep

[   55.159440] firmadyne: sys_socket[PID: 696 (iptables)]: family:2, type:3, protocol:255
iptables v1.2.9: can't initialize iptables table `nat': Table does not exist (do you need to insmod?)
Perhaps iptables or your kernel needs to be upgraded.
[   55.350360] firmadyne: sys_socket[PID: 702 (iptables)]: family:2, type:3, protocol:255
modprobe: could not parse modules.dep

[   55.424423] firmadyne: sys_socket[PID: 702 (iptables)]: family:2, type:3, protocol:255
iptables v1.2.9: can't initialize iptables table `nat': Table does not exist (do you need to insmod?)
Perhaps iptables or your kernel needs to be upgraded.
[   55.744109] firmadyne: sys_socket[PID: 708 (iptables)]: family:2, type:3, protocol:255
modprobe: could not parse modules.dep

[   55.802340] firmadyne: sys_socket[PID: 708 (iptables)]: family:2, type:3, protocol:255
iptables v1.2.9: can't initialize iptables table `nat': Table does not exist (do you need to insmod?)
Perhaps iptables or your kernel needs to be upgraded.
[   55.903051] firmadyne: sys_socket[PID: 714 (iptables)]: family:2, type:3, protocol:255
modprobe: could not parse modules.dep

[   55.942063] firmadyne: sys_socket[PID: 714 (iptables)]: family:2, type:3, protocol:255
iptables v1.2.9: can't initialize iptables table `nat': Table does not exist (do you need to insmod?)
Perhaps iptables or your kernel needs to be upgraded.
[   56.051919] firmadyne: sys_socket[PID: 720 (iptables)]: family:2, type:3, protocol:255
modprobe: could not parse modules.dep

[   56.091277] firmadyne: sys_socket[PID: 720 (iptables)]: family:2, type:3, protocol:255
iptables v1.2.9: can't initialize iptables table `nat': Table does not exist (do you need to insmod?)
Perhaps iptables or your kernel needs to be upgraded.
[   56.194251] firmadyne: sys_socket[PID: 726 (iptables)]: family:2, type:3, protocol:255
modprobe: could not parse modules.dep

[   56.234035] firmadyne: sys_socket[PID: 726 (iptables)]: family:2, type:3, protocol:255
iptables v1.2.9: can't initialize iptables table `nat': Table does not exist (do you need to insmod?)
Perhaps iptables or your kernel needs to be upgraded.
[   56.402298] firmadyne: sys_socket[PID: 733 (atp)]: family:1, type:2, protocol:0
[   56.443546] firmadyne: sys_socket[PID: 732 (iptables)]: family:2, type:3, protocol:255
modprobe: could not parse modules.dep

[   56.490513] firmadyne: sys_socket[PID: 732 (iptables)]: family:2, type:3, protocol:255
iptables v1.2.9: can't initialize iptables table `nat': Table does not exist (do you need to insmod?)
Perhaps iptables or your kernel needs to be upgraded.
[   56.595009] firmadyne: sys_socket[PID: 739 (iptables)]: family:2, type:3, protocol:255
modprobe: could not parse modules.dep

[   56.634152] firmadyne: sys_socket[PID: 739 (iptables)]: family:2, type:3, protocol:255
iptables v1.2.9: can't initialize iptables table `nat': Table does not exist (do you need to insmod?)
Perhaps iptables or your kernel needs to be upgraded.
[   56.745077] firmadyne: sys_socket[PID: 745 (iptables)]: family:2, type:3, protocol:255
modprobe: could not parse modules.dep

[   56.786626] firmadyne: sys_socket[PID: 745 (iptables)]: family:2, type:3, protocol:255
iptables v1.2.9: can't initialize iptables table `nat': Table does not exist (do you need to insmod?)
Perhaps iptables or your kernel needs to be upgraded.
[   56.887130] firmadyne: sys_socket[PID: 751 (iptables)]: family:2, type:3, protocol:255
modprobe: could not parse modules.dep

[   56.925391] firmadyne: sys_socket[PID: 751 (iptables)]: family:2, type:3, protocol:255
iptables v1.2.9: can't initialize iptables table `nat': Table does not exist (do you need to insmod?)
Perhaps iptables or your kernel needs to be upgraded.
[   57.098641] firmadyne: sys_socket[PID: 758 (atp)]: family:1, type:2, protocol:0
[   57.148205] firmadyne: sys_socket[PID: 757 (iptables)]: family:2, type:3, protocol:255
modprobe: could not parse modules.dep

[   57.188719] firmadyne: sys_socket[PID: 757 (iptables)]: family:2, type:3, protocol:255
iptables v1.2.9: can't initialize iptables table `nat': Table does not exist (do you need to insmod?)
Perhaps iptables or your kernel needs to be upgraded.
[   57.288650] firmadyne: sys_socket[PID: 764 (iptables)]: family:2, type:3, protocol:255
modprobe: could not parse modules.dep

[   57.327399] firmadyne: sys_socket[PID: 764 (iptables)]: family:2, type:3, protocol:255
iptables v1.2.9: can't initialize iptables table `nat': Table does not exist (do you need to insmod?)
Perhaps iptables or your kernel needs to be upgraded.
[   57.442136] firmadyne: sys_socket[PID: 770 (iptables)]: family:2, type:3, protocol:255
modprobe: could not parse modules.dep

[   57.482043] firmadyne: sys_socket[PID: 770 (iptables)]: family:2, type:3, protocol:255
iptables v1.2.9: can't initialize iptables table `nat': Table does not exist (do you need to insmod?)
Perhaps iptables or your kernel needs to be upgraded.
[   57.593134] firmadyne: sys_socket[PID: 776 (iptables)]: family:2, type:3, protocol:255
modprobe: could not parse modules.dep

[   57.633101] firmadyne: sys_socket[PID: 776 (iptables)]: family:2, type:3, protocol:255
iptables v1.2.9: can't initialize iptables table `nat': Table does not exist (do you need to insmod?)
Perhaps iptables or your kernel needs to be upgraded.
[   57.840973] firmadyne: sys_socket[PID: 782 (atp)]: family:1, type:2, protocol:0
[   57.856520] firmadyne: sys_socket[PID: 783 (portt)]: family:1, type:1, protocol:0
Using /lib/modules/sw_tcpip.o
insmod: Not configured to support old kernels
Using /lib/modules/ifresetcnt.o
insmod: Not configured to support old kernels
Using /lib/modules/ipt_string.o
insmod: Not configured to support old kernels
[   58.144278] firmadyne: sys_socket[PID: 792 (rgdb)]: family:1, type:2, protocol:0
/proc/sys/net/ipv4/ip_conntrack_max: cannot create
Using /lib/modules/ip_stun_func.o
insmod: Not configured to support old kernels
[   58.289829] firmadyne: sys_socket[PID: 796 (iptables)]: family:2, type:3, protocol:255
[   58.298323] firmadyne: sys_setsockopt[PID: 796 (iptables)]: fd:3, level:0, optname:64
[   58.300532] firmadyne: sys_setsockopt[PID: 796 (iptables)]: fd:3, level:0, optname:65
[   58.362986] firmadyne: sys_socket[PID: 797 (iptables)]: family:2, type:3, protocol:255
modprobe: could not parse modules.dep

[   58.405912] firmadyne: sys_socket[PID: 797 (iptables)]: family:2, type:3, protocol:255
iptables v1.2.9: can't initialize iptables table `nat': Table does not exist (do you need to insmod?)
Perhaps iptables or your kernel needs to be upgraded.
[   58.501978] firmadyne: sys_socket[PID: 803 (iptables)]: family:2, type:3, protocol:255
modprobe: could not parse modules.dep

[   58.546257] firmadyne: sys_socket[PID: 803 (iptables)]: family:2, type:3, protocol:255
iptables v1.2.9: can't initialize iptables table `nat': Table does not exist (do you need to insmod?)
Perhaps iptables or your kernel needs to be upgraded.
[   58.599493] firmadyne: sys_socket[PID: 809 (logger)]: family:1, type:1, protocol:0
[   58.671197] firmadyne: sys_socket[PID: 810 (iptables)]: family:2, type:3, protocol:255
[   58.679537] firmadyne: sys_setsockopt[PID: 810 (iptables)]: fd:3, level:0, optname:64
[   58.683629] firmadyne: sys_setsockopt[PID: 810 (iptables)]: fd:3, level:0, optname:65
[   58.741738] firmadyne: sys_socket[PID: 811 (iptables)]: family:2, type:3, protocol:255
[   58.750044] firmadyne: sys_setsockopt[PID: 811 (iptables)]: fd:3, level:0, optname:64
[   58.752259] firmadyne: sys_setsockopt[PID: 811 (iptables)]: fd:3, level:0, optname:65
[   58.780796] firmadyne: sys_socket[PID: 812 (logger)]: family:1, type:1, protocol:0
[   58.813091] firmadyne: sys_socket[PID: 813 (logger)]: family:1, type:1, protocol:0
[   58.878751] firmadyne: sys_socket[PID: 814 (iptables)]: family:2, type:3, protocol:255
[   58.887615] firmadyne: sys_setsockopt[PID: 814 (iptables)]: fd:3, level:0, optname:64
[   58.891809] firmadyne: sys_setsockopt[PID: 814 (iptables)]: fd:3, level:0, optname:65
[   58.930019] firmadyne: inet_accept[PID: 313 (httpd)]:
[   58.931008] firmadyne: inet_accept[PID: 313 (httpd)]:
[   58.949275] firmadyne: sys_socket[PID: 815 (logger)]: family:1, type:1, protocol:0
[   58.999310] firmadyne: sys_socket[PID: 816 (logger)]: family:1, type:1, protocol:0
[   59.047525] firmadyne: sys_socket[PID: 817 (logger)]: family:1, type:1, protocol:0
[   59.194213] firmadyne: sys_socket[PID: 821 (iptables)]: family:2, type:3, protocol:255
[   59.202430] firmadyne: sys_setsockopt[PID: 821 (iptables)]: fd:3, level:0, optname:64
[   59.204664] firmadyne: sys_setsockopt[PID: 821 (iptables)]: fd:3, level:0, optname:65
[   59.266651] firmadyne: sys_socket[PID: 822 (iptables)]: family:2, type:3, protocol:255
modprobe: could not parse modules.dep

[   59.307258] firmadyne: sys_socket[PID: 822 (iptables)]: family:2, type:3, protocol:255
iptables v1.2.9: can't initialize iptables table `nat': Table does not exist (do you need to insmod?)
Perhaps iptables or your kernel needs to be upgraded.
sendto_unsock(/var/run/portt.unixsocket, flush)
[   59.394184] firmadyne: sys_socket[PID: 828 (trigger)]: family:1, type:1, protocol:0
/proc/sys/net/ipv4/arp_flood_burst: cannot create
/proc/sys/net/ipv4/arp_flood_cost: cannot create
start DNRD ...
[/etc/templates/dnrd.sh] ...
[   59.615699] firmadyne: sys_socket[PID: 835 (rgdb)]: family:1, type:2, protocol:0
[   59.768547] firmadyne: sys_socket[PID: 838 (rgdb)]: family:1, type:2, protocol:0
[   59.978962] firmadyne: sys_socket[PID: 839 (rgdb)]: family:1, type:2, protocol:0
[   60.056927] firmadyne: sys_socket[PID: 840 (atp)]: family:1, type:2, protocol:0
[/var/run/dnrd_start.sh] ...
Start DNRD ...
[   60.364494] firmadyne: sys_socket[PID: 844 (dnrd)]: family:2, type:1, protocol:0
[   60.378157] firmadyne: sys_setsockopt[PID: 844 (dnrd)]: fd:4, level:65535, optname:4
[   60.379281] firmadyne: inet_bind[PID: 844 (dnrd)]: proto:SOCK_DGRAM, port:53
[   60.380283] firmadyne: sys_socket[PID: 844 (dnrd)]: family:2, type:2, protocol:0
[   60.381660] firmadyne: sys_setsockopt[PID: 844 (dnrd)]: fd:5, level:65535, optname:4
[   60.385182] firmadyne: inet_bind[PID: 844 (dnrd)]: proto:SOCK_STREAM, port:53
Notice: caching turned off
[   60.492584] firmadyne: sys_socket[PID: 849 (rgdb)]: family:1, type:2, protocol:0
Start telnetd ...
[   60.678260] firmadyne: inet_accept[PID: 313 (httpd)]:
[   60.679327] firmadyne: inet_accept[PID: 313 (httpd)]:
[   60.698130] firmadyne: sys_socket[PID: 854 (rgdb)]: family:1, type:2, protocol:0
[   60.827798] firmadyne: sys_socket[PID: 855 (telnetd)]: family:2, type:2, protocol:0
[   60.829140] firmadyne: sys_setsockopt[PID: 855 (telnetd)]: fd:3, level:65535, optname:4
[   60.838244] firmadyne: sys_setsockopt[PID: 855 (telnetd)]: fd:3, level:65535, optname:25
[   60.839441] firmadyne: inet_bind[PID: 855 (telnetd)]: proto:SOCK_STREAM, port:23
[   60.874805] firmadyne: sys_socket[PID: 857 (rgdb)]: family:1, type:2, protocol:0
start UPNPD ...
[/etc/templates/upnpd.sh] ...
[   61.075551] firmadyne: sys_socket[PID: 863 (rgdb)]: family:1, type:2, protocol:0
[   61.229183] firmadyne: sys_socket[PID: 866 (xmldbc)]: family:1, type:2, protocol:0
[   61.664284] firmadyne: sys_socket[PID: 867 (xmldbc)]: family:1, type:2, protocol:0
[   61.686429] firmadyne: inet_accept[PID: 313 (httpd)]:
[   61.687442] firmadyne: inet_accept[PID: 313 (httpd)]:
[/var/run/upnpd_start.sh] ...
Starting UPnP ...
[   61.917484] firmadyne: sys_socket[PID: 872 (xmldbc)]: family:1, type:2, protocol:0
[   62.034214] firmadyne: sys_socket[PID: 873 (xmldbc)]: family:1, type:2, protocol:0
[   62.106952] firmadyne: sys_socket[PID: 874 (xmldbc)]: family:1, type:2, protocol:0
[   62.178176] firmadyne: sys_socket[PID: 875 (xmldbc)]: family:1, type:2, protocol:0
[   62.271434] firmadyne: sys_socket[PID: 876 (xmldbc)]: family:1, type:2, protocol:0
[   62.342836] firmadyne: sys_socket[PID: 877 (xmldbc)]: family:1, type:2, protocol:0
[   62.471837] firmadyne: sys_socket[PID: 878 (xmldbc)]: family:1, type:2, protocol:0
[   62.568335] firmadyne: sys_socket[PID: 879 (xmldbc)]: family:1, type:2, protocol:0
[/var/run/upnp_alive.sh] ...
[   62.764588] firmadyne: sys_socket[PID: 883 (xmldbc)]: family:1, type:2, protocol:0
[   62.878429] firmadyne: sys_socket[PID: 886 (xmldbc)]: family:1, type:2, protocol:0
[   63.050470] firmadyne: sys_socket[PID: 890 (xmldbc)]: family:1, type:2, protocol:0
[   63.300934] firmadyne: sys_socket[PID: 891 (atp)]: family:1, type:2, protocol:0
[   63.827298] firmadyne: sys_socket[PID: 893 (xmldbc)]: family:1, type:2, protocol:0
[   63.861436] firmadyne: sys_socket[PID: 894 (upnpkits)]: family:2, type:1, protocol:0
[   63.862919] firmadyne: sys_setsockopt[PID: 894 (upnpkits)]: fd:3, level:65535, optname:25
[   63.863942] firmadyne: sys_setsockopt[PID: 894 (upnpkits)]: fd:3, level:0, optname:33
[   64.057858] firmadyne: sys_socket[PID: 896 (xmldbc)]: family:1, type:2, protocol:0
[   64.092519] firmadyne: sys_socket[PID: 897 (upnpkits)]: family:2, type:1, protocol:0
[   64.098576] firmadyne: sys_setsockopt[PID: 897 (upnpkits)]: fd:3, level:65535, optname:25
[   64.099651] firmadyne: sys_setsockopt[PID: 897 (upnpkits)]: fd:3, level:0, optname:33
[   64.331066] firmadyne: sys_socket[PID: 899 (xmldbc)]: family:1, type:2, protocol:0
[   64.386173] firmadyne: sys_socket[PID: 900 (upnpkits)]: family:2, type:1, protocol:0
[   64.387419] firmadyne: sys_setsockopt[PID: 900 (upnpkits)]: fd:3, level:65535, optname:25
[   64.388463] firmadyne: sys_setsockopt[PID: 900 (upnpkits)]: fd:3, level:0, optname:33
[   64.420940] firmadyne: sys_socket[PID: 901 (atp)]: family:1, type:2, protocol:0
[   64.652779] firmadyne: sys_socket[PID: 903 (xmldbc)]: family:1, type:2, protocol:0
[   64.772542] firmadyne: sys_socket[PID: 904 (upnpkits)]: family:2, type:1, protocol:0
[   64.775759] firmadyne: sys_setsockopt[PID: 904 (upnpkits)]: fd:3, level:65535, optname:25
[   64.776800] firmadyne: sys_setsockopt[PID: 904 (upnpkits)]: fd:3, level:0, optname:33
[   64.966563] firmadyne: sys_socket[PID: 906 (xmldbc)]: family:1, type:2, protocol:0
[   64.998981] firmadyne: sys_socket[PID: 907 (upnpkits)]: family:2, type:1, protocol:0
[   65.000187] firmadyne: sys_setsockopt[PID: 907 (upnpkits)]: fd:3, level:65535, optname:25
[   65.001230] firmadyne: sys_setsockopt[PID: 907 (upnpkits)]: fd:3, level:0, optname:33
[   65.189355] firmadyne: sys_socket[PID: 909 (xmldbc)]: family:1, type:2, protocol:0
[   65.223729] firmadyne: sys_socket[PID: 910 (upnpkits)]: family:2, type:1, protocol:0
[   65.224956] firmadyne: sys_setsockopt[PID: 910 (upnpkits)]: fd:3, level:65535, optname:25
[   65.232525] firmadyne: sys_setsockopt[PID: 910 (upnpkits)]: fd:3, level:0, optname:33
[   65.486386] firmadyne: sys_socket[PID: 912 (xmldbc)]: family:1, type:2, protocol:0
[   65.524431] firmadyne: sys_socket[PID: 914 (atp)]: family:1, type:2, protocol:0
[   65.535241] firmadyne: sys_socket[PID: 913 (upnpkits)]: family:2, type:1, protocol:0
[   65.536443] firmadyne: sys_setsockopt[PID: 913 (upnpkits)]: fd:3, level:65535, optname:25
[   65.537808] firmadyne: sys_setsockopt[PID: 913 (upnpkits)]: fd:3, level:0, optname:33
[   65.791721] firmadyne: sys_socket[PID: 916 (xmldbc)]: family:1, type:2, protocol:0
[   66.002377] firmadyne: sys_socket[PID: 917 (upnpkits)]: family:2, type:1, protocol:0
[   66.003587] firmadyne: sys_setsockopt[PID: 917 (upnpkits)]: fd:3, level:65535, optname:25
[   66.004599] firmadyne: sys_setsockopt[PID: 917 (upnpkits)]: fd:3, level:0, optname:33
[   66.195724] firmadyne: sys_socket[PID: 919 (xmldbc)]: family:1, type:2, protocol:0
[   66.229865] firmadyne: sys_socket[PID: 920 (upnpkits)]: family:2, type:1, protocol:0
[   66.231095] firmadyne: sys_setsockopt[PID: 920 (upnpkits)]: fd:3, level:65535, optname:25
[   66.232158] firmadyne: sys_setsockopt[PID: 920 (upnpkits)]: fd:3, level:0, optname:33
[   66.420584] firmadyne: sys_socket[PID: 922 (xmldbc)]: family:1, type:2, protocol:0
[   66.454832] firmadyne: sys_socket[PID: 923 (upnpkits)]: family:2, type:1, protocol:0
[   66.456040] firmadyne: sys_setsockopt[PID: 923 (upnpkits)]: fd:3, level:65535, optname:25
[   66.457049] firmadyne: sys_setsockopt[PID: 923 (upnpkits)]: fd:3, level:0, optname:33
[   66.529261] firmadyne: inet_accept[PID: 313 (httpd)]:
[   66.530854] firmadyne: inet_accept[PID: 313 (httpd)]:
[   66.675753] firmadyne: sys_socket[PID: 925 (xmldbc)]: family:1, type:2, protocol:0
[   66.721428] firmadyne: sys_socket[PID: 926 (upnpkits)]: family:2, type:1, protocol:0
[   66.722968] firmadyne: sys_setsockopt[PID: 926 (upnpkits)]: fd:3, level:65535, optname:25
[   66.724016] firmadyne: sys_setsockopt[PID: 926 (upnpkits)]: fd:3, level:0, optname:33
[   66.916879] firmadyne: sys_socket[PID: 928 (xmldbc)]: family:1, type:2, protocol:0
[   66.949410] firmadyne: sys_socket[PID: 929 (upnpkits)]: family:2, type:1, protocol:0
[   66.950914] firmadyne: sys_setsockopt[PID: 929 (upnpkits)]: fd:3, level:65535, optname:25
[   66.951925] firmadyne: sys_setsockopt[PID: 929 (upnpkits)]: fd:3, level:0, optname:33
[   67.140370] firmadyne: sys_socket[PID: 931 (xmldbc)]: family:1, type:2, protocol:0
[   67.174844] firmadyne: sys_socket[PID: 932 (upnpkits)]: family:2, type:1, protocol:0
[   67.176054] firmadyne: sys_setsockopt[PID: 932 (upnpkits)]: fd:3, level:65535, optname:25
[   67.177068] firmadyne: sys_setsockopt[PID: 932 (upnpkits)]: fd:3, level:0, optname:33
[   67.373942] firmadyne: sys_socket[PID: 934 (xmldbc)]: family:1, type:2, protocol:0
[   67.406117] firmadyne: sys_socket[PID: 935 (upnpkits)]: family:2, type:1, protocol:0
[   67.407328] firmadyne: sys_setsockopt[PID: 935 (upnpkits)]: fd:3, level:65535, optname:25
[   67.408339] firmadyne: sys_setsockopt[PID: 935 (upnpkits)]: fd:3, level:0, optname:33
[   67.542508] firmadyne: inet_accept[PID: 313 (httpd)]:
[   67.543626] firmadyne: inet_accept[PID: 313 (httpd)]:
[   67.608152] firmadyne: sys_socket[PID: 937 (xmldbc)]: family:1, type:2, protocol:0
[   67.643889] firmadyne: sys_socket[PID: 938 (upnpkits)]: family:2, type:1, protocol:0
[   67.645097] firmadyne: sys_setsockopt[PID: 938 (upnpkits)]: fd:3, level:65535, optname:25
[   67.651826] firmadyne: sys_setsockopt[PID: 938 (upnpkits)]: fd:3, level:0, optname:33
[   67.841900] firmadyne: sys_socket[PID: 940 (xmldbc)]: family:1, type:2, protocol:0
[   67.873768] firmadyne: sys_socket[PID: 941 (upnpkits)]: family:2, type:1, protocol:0
[   67.874975] firmadyne: sys_setsockopt[PID: 941 (upnpkits)]: fd:3, level:65535, optname:25
[   67.875986] firmadyne: sys_setsockopt[PID: 941 (upnpkits)]: fd:3, level:0, optname:33
[   68.061850] firmadyne: sys_socket[PID: 943 (xmldbc)]: family:1, type:2, protocol:0
[   68.094277] firmadyne: sys_socket[PID: 944 (upnpkits)]: family:2, type:1, protocol:0
[   68.095487] firmadyne: sys_setsockopt[PID: 944 (upnpkits)]: fd:3, level:65535, optname:25
[   68.096502] firmadyne: sys_setsockopt[PID: 944 (upnpkits)]: fd:3, level:0, optname:33
[   68.286702] firmadyne: sys_socket[PID: 946 (xmldbc)]: family:1, type:2, protocol:0
[   68.320795] firmadyne: sys_socket[PID: 947 (upnpkits)]: family:2, type:1, protocol:0
[   68.327704] firmadyne: sys_setsockopt[PID: 947 (upnpkits)]: fd:3, level:65535, optname:25
[   68.328792] firmadyne: sys_setsockopt[PID: 947 (upnpkits)]: fd:3, level:0, optname:33
[   68.518040] firmadyne: sys_socket[PID: 949 (xmldbc)]: family:1, type:2, protocol:0
[   68.550371] firmadyne: sys_socket[PID: 950 (upnpkits)]: family:2, type:1, protocol:0
[   68.551586] firmadyne: sys_setsockopt[PID: 950 (upnpkits)]: fd:3, level:65535, optname:25
[   68.552635] firmadyne: sys_setsockopt[PID: 950 (upnpkits)]: fd:3, level:0, optname:33
[   68.741442] firmadyne: sys_socket[PID: 952 (xmldbc)]: family:1, type:2, protocol:0
[   68.781655] firmadyne: sys_socket[PID: 953 (upnpkits)]: family:2, type:1, protocol:0
[   68.783146] firmadyne: sys_setsockopt[PID: 953 (upnpkits)]: fd:3, level:65535, optname:25
[   68.784189] firmadyne: sys_setsockopt[PID: 953 (upnpkits)]: fd:3, level:0, optname:33
[   68.979303] firmadyne: sys_socket[PID: 955 (xmldbc)]: family:1, type:2, protocol:0
[   69.010699] firmadyne: sys_socket[PID: 956 (upnpkits)]: family:2, type:1, protocol:0
[   69.011925] firmadyne: sys_setsockopt[PID: 956 (upnpkits)]: fd:3, level:65535, optname:25
[   69.012990] firmadyne: sys_setsockopt[PID: 956 (upnpkits)]: fd:3, level:0, optname:33
[   69.102556] firmadyne: inet_accept[PID: 313 (httpd)]:
[   69.103706] firmadyne: inet_accept[PID: 313 (httpd)]:
[   69.221069] firmadyne: sys_socket[PID: 958 (xmldbc)]: family:1, type:2, protocol:0
[   69.254589] firmadyne: sys_socket[PID: 959 (upnpkits)]: family:2, type:1, protocol:0
[   69.255797] firmadyne: sys_setsockopt[PID: 959 (upnpkits)]: fd:3, level:65535, optname:25
[   69.256813] firmadyne: sys_setsockopt[PID: 959 (upnpkits)]: fd:3, level:0, optname:33
[   69.444782] firmadyne: sys_socket[PID: 961 (xmldbc)]: family:1, type:2, protocol:0
[   69.480073] firmadyne: sys_socket[PID: 962 (upnpkits)]: family:2, type:1, protocol:0
[   69.481319] firmadyne: sys_setsockopt[PID: 962 (upnpkits)]: fd:3, level:65535, optname:25
[   69.488375] firmadyne: sys_setsockopt[PID: 962 (upnpkits)]: fd:3, level:0, optname:33
[   69.675541] firmadyne: sys_socket[PID: 964 (xmldbc)]: family:1, type:2, protocol:0
[   69.710901] firmadyne: sys_socket[PID: 965 (upnpkits)]: family:2, type:1, protocol:0
[   69.712139] firmadyne: sys_setsockopt[PID: 965 (upnpkits)]: fd:3, level:65535, optname:25
[   69.713180] firmadyne: sys_setsockopt[PID: 965 (upnpkits)]: fd:3, level:0, optname:33
[   69.903513] firmadyne: sys_socket[PID: 967 (xmldbc)]: family:1, type:2, protocol:0
[   69.935199] firmadyne: sys_socket[PID: 968 (upnpkits)]: family:2, type:1, protocol:0
[   69.936405] firmadyne: sys_setsockopt[PID: 968 (upnpkits)]: fd:3, level:65535, optname:25
[   69.937545] firmadyne: sys_setsockopt[PID: 968 (upnpkits)]: fd:3, level:0, optname:33
[   70.126804] firmadyne: inet_accept[PID: 313 (httpd)]:
[   70.127916] firmadyne: inet_accept[PID: 313 (httpd)]:
[   70.144404] firmadyne: sys_socket[PID: 970 (xmldbc)]: family:1, type:2, protocol:0
[   70.180513] firmadyne: sys_socket[PID: 971 (upnpkits)]: family:2, type:1, protocol:0
[   70.187493] firmadyne: sys_setsockopt[PID: 971 (upnpkits)]: fd:3, level:65535, optname:25
[   70.188537] firmadyne: sys_setsockopt[PID: 971 (upnpkits)]: fd:3, level:0, optname:33
[   70.372249] firmadyne: sys_socket[PID: 973 (xmldbc)]: family:1, type:2, protocol:0
[   70.409911] firmadyne: sys_socket[PID: 974 (upnpkits)]: family:2, type:1, protocol:0
[   70.411117] firmadyne: sys_setsockopt[PID: 974 (upnpkits)]: fd:3, level:65535, optname:25
[   70.412177] firmadyne: sys_setsockopt[PID: 974 (upnpkits)]: fd:3, level:0, optname:33
[   70.603186] firmadyne: sys_socket[PID: 976 (xmldbc)]: family:1, type:2, protocol:0
[   70.637468] firmadyne: sys_socket[PID: 977 (upnpkits)]: family:2, type:1, protocol:0
[   70.638947] firmadyne: sys_setsockopt[PID: 977 (upnpkits)]: fd:3, level:65535, optname:25
[   70.639999] firmadyne: sys_setsockopt[PID: 977 (upnpkits)]: fd:3, level:0, optname:33
[   70.832141] firmadyne: sys_socket[PID: 979 (xmldbc)]: family:1, type:2, protocol:0
[   70.863297] firmadyne: sys_socket[PID: 980 (upnpkits)]: family:2, type:1, protocol:0
[   70.864514] firmadyne: sys_setsockopt[PID: 980 (upnpkits)]: fd:3, level:65535, optname:25
[   70.871193] firmadyne: sys_setsockopt[PID: 980 (upnpkits)]: fd:3, level:0, optname:33
[   71.057923] firmadyne: sys_socket[PID: 982 (xmldbc)]: family:1, type:2, protocol:0
[   71.091308] firmadyne: sys_socket[PID: 983 (upnpkits)]: family:2, type:1, protocol:0
[   71.092523] firmadyne: sys_setsockopt[PID: 983 (upnpkits)]: fd:3, level:65535, optname:25
[   71.100000] firmadyne: sys_setsockopt[PID: 983 (upnpkits)]: fd:3, level:0, optname:33
[   71.281497] firmadyne: sys_socket[PID: 985 (xmldbc)]: family:1, type:2, protocol:0
[   71.320129] firmadyne: sys_socket[PID: 986 (upnpkits)]: family:2, type:1, protocol:0
[   71.321351] firmadyne: sys_setsockopt[PID: 986 (upnpkits)]: fd:3, level:65535, optname:25
[   71.327996] firmadyne: sys_setsockopt[PID: 986 (upnpkits)]: fd:3, level:0, optname:33
[   71.503266] firmadyne: sys_socket[PID: 988 (xmldbc)]: family:1, type:2, protocol:0
[   71.539947] firmadyne: sys_socket[PID: 989 (upnpkits)]: family:2, type:1, protocol:0
[   71.541164] firmadyne: sys_setsockopt[PID: 989 (upnpkits)]: fd:3, level:65535, optname:25
[   71.548741] firmadyne: sys_setsockopt[PID: 989 (upnpkits)]: fd:3, level:0, optname:33
[   71.714030] firmadyne: sys_socket[PID: 990 (xmldbc)]: family:1, type:2, protocol:0
start WAN ...
[/usr/sbin/submit] COMMIT ...
[   71.996403] firmadyne: sys_socket[PID: 998 (rgdb)]: family:1, type:2, protocol:0
Set WAN port media type 0
[   72.156462] firmadyne: sys_socket[PID: 1001 (xmldbc)]: family:1, type:2, protocol:0
open failed (/proc/driver/ae531x)...
[/etc/scripts/misc/profile.sh] put ...
[   72.512923] firmadyne: sys_socket[PID: 1010 (rgdb)]: family:1, type:2, protocol:0
ok
[/usr/sbin/submit] REMOTE ...
[   73.179938] firmadyne: sys_socket[PID: 1020 (xmldbc)]: family:1, type:2, protocol:0
open failed (/proc/driver/ae531x)...
[/etc/templates/rg.sh] misc ...
[   73.427291] firmadyne: sys_socket[PID: 1024 (rgdb)]: family:1, type:2, protocol:0
[/var/run/rg_misc.sh] ...
[   73.885107] firmadyne: sys_socket[PID: 1027 (iptables)]: family:2, type:3, protocol:255
[   73.923470] firmadyne: sys_socket[PID: 1027 (iptables)]: family:2, type:3, protocol:255
[   73.995503] firmadyne: sys_socket[PID: 1033 (iptables)]: family:2, type:3, protocol:255
[   74.002386] firmadyne: sys_setsockopt[PID: 1033 (iptables)]: fd:4, level:0, optname:64
[   74.004583] firmadyne: sys_setsockopt[PID: 1033 (iptables)]: fd:4, level:0, optname:65
[   74.060984] firmadyne: sys_socket[PID: 1034 (iptables)]: family:2, type:3, protocol:255
[   74.099163] firmadyne: sys_socket[PID: 1034 (iptables)]: family:2, type:3, protocol:255
[   74.168956] firmadyne: sys_socket[PID: 1040 (iptables)]: family:2, type:3, protocol:255
[   74.208180] firmadyne: sys_socket[PID: 1040 (iptables)]: family:2, type:3, protocol:255
[   74.277997] firmadyne: sys_socket[PID: 1046 (iptables)]: family:2, type:3, protocol:255
[   74.286468] firmadyne: sys_setsockopt[PID: 1046 (iptables)]: fd:4, level:0, optname:64
[   74.288733] firmadyne: sys_setsockopt[PID: 1046 (iptables)]: fd:4, level:0, optname:65
[   74.342489] firmadyne: sys_socket[PID: 1047 (iptables)]: family:2, type:3, protocol:255
[   74.350971] firmadyne: sys_setsockopt[PID: 1047 (iptables)]: fd:4, level:0, optname:64
[   74.353211] firmadyne: sys_setsockopt[PID: 1047 (iptables)]: fd:4, level:0, optname:65
[   74.415510] firmadyne: sys_socket[PID: 1048 (iptables)]: family:2, type:3, protocol:255
[   74.451724] firmadyne: sys_socket[PID: 1048 (iptables)]: family:2, type:3, protocol:255
[   74.522643] firmadyne: sys_socket[PID: 1054 (iptables)]: family:2, type:3, protocol:255
[   74.559040] firmadyne: sys_socket[PID: 1054 (iptables)]: family:2, type:3, protocol:255
[   74.635198] firmadyne: sys_socket[PID: 1060 (iptables)]: family:2, type:3, protocol:255
[   74.671494] firmadyne: sys_socket[PID: 1060 (iptables)]: family:2, type:3, protocol:255
[   74.760230] firmadyne: sys_socket[PID: 1067 (xmldbc)]: family:1, type:2, protocol:0
[/etc/templates/webs.sh] reload ...
[/etc/templates/wan.sh] start ...
[   75.504865] firmadyne: sys_socket[PID: 1074 (rgdb)]: family:1, type:2, protocol:0
[   75.754629] firmadyne: sys_socket[PID: 1075 (rgdb)]: family:1, type:2, protocol:0
[/var/run/wan_start.sh] ...
[   75.974324] firmadyne: sys_socket[PID: 1078 (ifconfig)]: family:2, type:1, protocol:0
[   76.004908] firmadyne: sys_socket[PID: 1079 (ifconfig)]: family:2, type:1, protocol:0
[   76.066428] firmadyne: sys_socket[PID: 1080 (rgdb)]: family:1, type:2, protocol:0
Restore WAN MAC : 00:de:fa:19:c0:02
DHCP client on WAN(eth0.2) CloneMAC() ...
[   76.142650] firmadyne: sys_socket[PID: 1083 (ifconfig)]: family:2, type:1, protocol:0
[   76.200779] firmadyne: sys_socket[PID: 1084 (rgdb)]: family:1, type:2, protocol:0
start LLD2D ...
[   76.444975] firmadyne: sys_socket[PID: 1085 (atp)]: family:1, type:2, protocol:0
[   76.552744] firmadyne: sys_socket[PID: 1087 (udhcpc)]: family:2, type:3, protocol:255
[   76.567691] firmadyne: sys_socket[PID: 1087 (udhcpc)]: family:17, type:1, protocol:2048
[   76.584136] firmadyne: sys_socket[PID: 1087 (udhcpc)]: family:17, type:1, protocol:2048
[   76.599923] firmadyne: sys_socket[PID: 1087 (udhcpc)]: family:1, type:1, protocol:0
[/etc/templates/lld2d.sh] ...
[   76.924985] firmadyne: sys_socket[PID: 1093 (rgdb)]: family:1, type:2, protocol:0
[   77.399141] firmadyne: sys_socket[PID: 1094 (rgdb)]: family:1, type:2, protocol:0
[/var/run/lld2d_start.sh] ...
Start LLD2 daemon ...
[   77.690299] firmadyne: sys_socket[PID: 1098 (lld2d)]: family:17, type:3, protocol:35033
[   77.692057] firmadyne: sys_socket[PID: 1098 (lld2d)]: family:2, type:1, protocol:0
[   77.725511] firmadyne: sys_socket[PID: 1101 (rgdb)]: family:1, type:2, protocol:0
start Neaps ...
[/etc/templates/neaps.sh] start ...
[   77.944893] firmadyne: sys_socket[PID: 1105 (atp)]: family:1, type:2, protocol:0
[   78.068695] firmadyne: sys_socket[PID: 1108 (xmldbc)]: family:1, type:2, protocol:0
[   78.155168] firmadyne: sys_socket[PID: 1109 (xmldbc)]: family:1, type:2, protocol:0
[   78.235623] firmadyne: sys_socket[PID: 1110 (xmldbc)]: family:1, type:2, protocol:0
[/var/run/neaps_start.sh] ...
Start Neap Server ...
[   78.487636] firmadyne: sys_socket[PID: 1114 (neaps)]: family:2, type:3, protocol:255
[   78.498627] firmadyne: sys_socket[PID: 1114 (neaps)]: family:2, type:1, protocol:17
[   78.499771] firmadyne: sys_setsockopt[PID: 1114 (neaps)]: fd:3, level:65535, optname:32
[   78.501112] firmadyne: sys_setsockopt[PID: 1114 (neaps)]: fd:3, level:65535, optname:4
[   78.521910] firmadyne: sys_setsockopt[PID: 1114 (neaps)]: fd:3, level:65535, optname:32
[   78.523008] firmadyne: sys_setsockopt[PID: 1114 (neaps)]: fd:3, level:65535, optname:25
[   78.524028] firmadyne: inet_bind[PID: 1114 (neaps)]: proto:SOCK_DGRAM, port:64512
[   78.525043] firmadyne: sys_socket[PID: 1114 (neaps)]: family:2, type:3, protocol:255
[   78.594194] firmadyne: sys_socket[PID: 1116 (rgdb)]: family:1, type:2, protocol:0
[   78.630387] firmadyne: sys_socket[PID: 1087 (udhcpc)]: family:17, type:1, protocol:2048
[   78.668344] firmadyne: sys_socket[PID: 1117 (atp)]: family:1, type:2, protocol:0
start igmpproxy ...
[/etc/templates/igmpproxy.sh] start ...
[   78.931616] firmadyne: sys_socket[PID: 1124 (xmldbc)]: family:1, type:2, protocol:0
[   79.107524] firmadyne: sys_socket[PID: 1125 (xmldbc)]: family:1, type:2, protocol:0
[/var/run/igmpproxy_start.sh] ...
Start IGMP proxy ...
[   79.436732] firmadyne: sys_socket[PID: 1129 (rgdb)]: family:1, type:2, protocol:0
/proc/net/br_igmpp_br0: cannot create
/proc/net/br_mac_br0: cannot create
/proc/net/br_igmpp_br0: cannot create
[   79.596962] firmadyne: sys_socket[PID: 1131 (igmpproxy)]: family:2, type:3, protocol:2
[   79.609941] firmadyne: sys_setsockopt[PID: 1131 (igmpproxy)]: fd:5, level:0, optname:200
[   79.622880] firmadyne: sys_socket[PID: 1131 (igmpproxy)]: family:2, type:1, protocol:0
[   79.625151] firmadyne: sys_socket[PID: 1131 (igmpproxy)]: family:2, type:1, protocol:0
[   79.638291] firmadyne: sys_socket[PID: 1131 (igmpproxy)]: family:2, type:1, protocol:0
[   79.640111] firmadyne: sys_setsockopt[PID: 1131 (igmpproxy)]: fd:5, level:0, optname:202
[   79.641489] firmadyne: sys_setsockopt[PID: 1131 (igmpproxy)]: fd:5, level:0, optname:35
[   79.666140] firmadyne: sys_setsockopt[PID: 1131 (igmpproxy)]: fd:5, level:0, optname:35
[   79.667696] firmadyne: sys_setsockopt[PID: 1131 (igmpproxy)]: fd:5, level:0, optname:3
[   79.668717] firmadyne: sys_setsockopt[PID: 1131 (igmpproxy)]: fd:5, level:0, optname:34
[   79.686818] firmadyne: sys_setsockopt[PID: 1131 (igmpproxy)]: fd:5, level:0, optname:32
[   79.689309] firmadyne: sys_setsockopt[PID: 1131 (igmpproxy)]: fd:5, level:0, optname:32
[/etc/init.d/S10system.sh] done!
rcS done!
[   80.105394] firmadyne: sys_socket[PID: 1141 (rgdb)]: family:1, type:2, protocol:0
[   80.218966] firmadyne: sys_socket[PID: 1147 (route)]: family:2, type:1, protocol:0
