[    0.000000] Linux version 4.1.17+ (alessio@pc) (gcc version 5.5.0 20171010 (Ubuntu 5.5.0-12ubuntu1) ) #1 Mon May 15 23:04:08 CEST 2023
[    0.000000] earlycon: Early serial console at I/O port 0x3f8 (options '38400n8')
[    0.000000] bootconsole [uart0] enabled
[    0.000000] CPU0 revision is: 00019300 (MIPS 24Kc)
[    0.000000] FPU revision is: 00739300
[    0.000000] Software DMA cache coherency enabled
[    0.000000] Determined physical RAM map:
[    0.000000]  memory: 00001000 @ 00000000 (reserved)
[    0.000000]  memory: 000ef000 @ 00001000 (ROM data)
[    0.000000]  memory: 00798000 @ 000f0000 (reserved)
[    0.000000]  memory: 0f777000 @ 00888000 (usable)
[    0.000000] debug: ignoring loglevel setting.
[    0.000000] Wasting 69888 bytes for tracking 2184 unused pages
[    0.000000] Initrd not found or empty - disabling initrd
[    0.000000] Zone ranges:
[    0.000000]   DMA      [mem 0x0000000000000000-0x0000000000ffffff]
[    0.000000]   Normal   [mem 0x0000000001000000-0x000000000fffefff]
[    0.000000] Movable zone start for each node
[    0.000000] Early memory node ranges
[    0.000000]   node   0: [mem 0x0000000000000000-0x000000000fffefff]
[    0.000000] Initmem setup node 0 [mem 0x0000000000000000-0x000000000fffefff]
[    0.000000] On node 0 totalpages: 65535
[    0.000000] free_area_init_node: node 0, pgdat 8081d5b0, node_mem_map 81000000
[    0.000000]   DMA zone: 32 pages used for memmap
[    0.000000]   DMA zone: 0 pages reserved
[    0.000000]   DMA zone: 4096 pages, LIFO batch:0
[    0.000000]   Normal zone: 480 pages used for memmap
[    0.000000]   Normal zone: 61439 pages, LIFO batch:15
[    0.000000] Primary instruction cache 2kB, VIPT, 2-way, linesize 16 bytes.
[    0.000000] Primary data cache 2kB, 2-way, VIPT, no aliases, linesize 16 bytes
[    0.000000] pcpu-alloc: s0 r0 d32768 u32768 alloc=1*32768
[    0.000000] pcpu-alloc: [0] 0 
[    0.000000] Built 1 zonelists in Zone order, mobility grouping on.  Total pages: 65023
[    0.000000] Kernel command line: root=/dev/sda1 console=ttyS0 nandsim.parts=64,64,64,64,64,64,64,64,64,64 rdinit=/firmadyne/preInit.sh rw debug ignore_loglevel print-fatal-signals=1 FIRMAE_NET=true FIRMAE_NVRAM=true FIRMAE_KERNEL=true FIRMAE_ETC=true user_debug=0 firmadyne.syscall=1 noka
[    0.000000] found FIRMAE_KERNEL=t
[    0.000000] set the LD_PRELOAD=/firmadyne/libnvram_ioctl.so
[    0.000000] PID hash table entries: 1024 (order: 0, 4096 bytes)
[    0.000000] Dentry cache hash table entries: 32768 (order: 5, 131072 bytes)
[    0.000000] Inode-cache hash table entries: 16384 (order: 4, 65536 bytes)
[    0.000000] Writing ErrCtl register=00000000
[    0.000000] Readback ErrCtl register=00000000
[    0.000000] Memory: 251112K/262140K available (5360K kernel code, 244K rwdata, 1676K rodata, 260K init, 158K bss, 11028K reserved, 0K cma-reserved)
[    0.000000] NR_IRQS:256
[    0.000000] CPU frequency 200.01 MHz
[    0.000000] clocksource MIPS: mask: 0xffffffff max_cycles: 0xffffffff, max_idle_ns: 19112020019 ns
[    0.000260] sched_clock: 32 bits at 100MHz, resolution 9ns, wraps every 21474180091ns
[    0.019467] Console: colour dummy device 80x25
[    0.021055] Calibrating delay loop... 20.35 BogoMIPS (lpj=40704)
[    0.061543] pid_max: default: 32768 minimum: 301
[    0.066562] Mount-cache hash table entries: 1024 (order: 0, 4096 bytes)
[    0.067126] Mountpoint-cache hash table entries: 1024 (order: 0, 4096 bytes)
[    0.139931] clocksource jiffies: mask: 0xffffffff max_cycles: 0xffffffff, max_idle_ns: 7645041785100000 ns
[    0.152345] NET: Registered protocol family 16
[    0.461672] clocksource pit: mask: 0xffffffff max_cycles: 0xffffffff, max_idle_ns: 1601818034827 ns
[    0.634424] vgaarb: loaded
[    0.640905] SCSI subsystem initialized
[    0.643725] libata version 3.00 loaded.
[    0.648593] usbcore: registered new interface driver usbfs
[    0.650168] usbcore: registered new interface driver hub
[    0.651544] usbcore: registered new device driver usb
[    0.654420] pps_core: LinuxPPS API ver. 1 registered
[    0.654850] pps_core: Software ver. 5.3.6 - Copyright 2005-2007 Rodolfo Giometti <giometti@linux.it>
[    0.656096] PTP clock support registered
[    0.661406] PCI host bridge to bus 0000:00
[    0.662215] pci_bus 0000:00: root bus resource [mem 0x10000000-0x17ffffff]
[    0.662868] pci_bus 0000:00: root bus resource [io  0x1000-0x1fffff]
[    0.663576] pci_bus 0000:00: root bus resource [??? 0x00000000 flags 0x0]
[    0.664433] pci_bus 0000:00: No busn resource found for root bus, will use [bus 00-ff]
[    0.665851] pci 0000:00:00.0: [11ab:4620] type 00 class 0x060000
[    0.666878] pci 0000:00:00.0: [Firmware Bug]: reg 0x14: invalid BAR (can't size)
[    0.667582] pci 0000:00:00.0: [Firmware Bug]: reg 0x18: invalid BAR (can't size)
[    0.668245] pci 0000:00:00.0: [Firmware Bug]: reg 0x1c: invalid BAR (can't size)
[    0.669021] pci 0000:00:00.0: [Firmware Bug]: reg 0x20: invalid BAR (can't size)
[    0.669672] pci 0000:00:00.0: [Firmware Bug]: reg 0x24: invalid BAR (can't size)
[    0.674440] pci 0000:00:0a.0: [8086:7110] type 00 class 0x060100
[    0.678453] pci 0000:00:0a.1: [8086:7111] type 00 class 0x010180
[    0.679305] pci 0000:00:0a.1: reg 0x20: [io  0x0000-0x000f]
[    0.679951] pci 0000:00:0a.1: legacy IDE quirk: reg 0x10: [io  0x01f0-0x01f7]
[    0.680632] pci 0000:00:0a.1: legacy IDE quirk: reg 0x14: [io  0x03f6]
[    0.681475] pci 0000:00:0a.1: legacy IDE quirk: reg 0x18: [io  0x0170-0x0177]
[    0.682102] pci 0000:00:0a.1: legacy IDE quirk: reg 0x1c: [io  0x0376]
[    0.685915] pci 0000:00:0a.2: [8086:7112] type 00 class 0x0c0300
[    0.686667] pci 0000:00:0a.2: reg 0x20: [io  0x0000-0x001f]
[    0.690324] pci 0000:00:0a.3: [8086:7113] type 00 class 0x068000
[    0.691892] pci 0000:00:0a.3: quirk: [io  0x1000-0x103f] claimed by PIIX4 ACPI
[    0.692654] pci 0000:00:0a.3: quirk: [io  0x1100-0x110f] claimed by PIIX4 SMB
[    0.696510] pci 0000:00:12.0: [1013:00b8] type 00 class 0x030000
[    0.697244] pci 0000:00:12.0: reg 0x10: [mem 0x00000000-0x01ffffff pref]
[    0.698054] pci 0000:00:12.0: reg 0x14: [mem 0x00000000-0x00000fff]
[    0.698778] pci 0000:00:12.0: reg 0x30: [mem 0x00000000-0x0000ffff pref]
[    0.701722] vgaarb: device added: PCI:0000:00:12.0,decodes=io+mem,owns=none,locks=none
[    0.703423] pci 0000:00:13.0: [8086:100e] type 00 class 0x020000
[    0.704143] pci 0000:00:13.0: reg 0x10: [mem 0x00000000-0x0001ffff]
[    0.704790] pci 0000:00:13.0: reg 0x14: [io  0x0000-0x003f]
[    0.705492] pci 0000:00:13.0: reg 0x30: [mem 0x00000000-0x0003ffff pref]
[    0.709013] pci 0000:00:14.0: [8086:100e] type 00 class 0x020000
[    0.709689] pci 0000:00:14.0: reg 0x10: [mem 0x00000000-0x0001ffff]
[    0.710355] pci 0000:00:14.0: reg 0x14: [io  0x0000-0x003f]
[    0.711260] pci 0000:00:14.0: reg 0x30: [mem 0x00000000-0x0003ffff pref]
[    0.714815] pci 0000:00:15.0: [8086:100e] type 00 class 0x020000
[    0.715765] pci 0000:00:15.0: reg 0x10: [mem 0x00000000-0x0001ffff]
[    0.716429] pci 0000:00:15.0: reg 0x14: [io  0x0000-0x003f]
[    0.717130] pci 0000:00:15.0: reg 0x30: [mem 0x00000000-0x0003ffff pref]
[    0.720744] pci 0000:00:16.0: [8086:100e] type 00 class 0x020000
[    0.721427] pci 0000:00:16.0: reg 0x10: [mem 0x00000000-0x0001ffff]
[    0.722023] pci 0000:00:16.0: reg 0x14: [io  0x0000-0x003f]
[    0.722702] pci 0000:00:16.0: reg 0x30: [mem 0x00000000-0x0003ffff pref]
[    0.726614] pci_bus 0000:00: busn_res: [bus 00-ff] end is updated to 00
[    0.728497] pci 0000:00:12.0: BAR 0: assigned [mem 0x10000000-0x11ffffff pref]
[    0.729348] pci 0000:00:13.0: BAR 6: assigned [mem 0x12000000-0x1203ffff pref]
[    0.730114] pci 0000:00:14.0: BAR 6: assigned [mem 0x12040000-0x1207ffff pref]
[    0.730820] pci 0000:00:15.0: BAR 6: assigned [mem 0x12080000-0x120bffff pref]
[    0.731537] pci 0000:00:16.0: BAR 6: assigned [mem 0x120c0000-0x120fffff pref]
[    0.732401] pci 0000:00:13.0: BAR 0: assigned [mem 0x12100000-0x1211ffff]
[    0.733091] pci 0000:00:14.0: BAR 0: assigned [mem 0x12120000-0x1213ffff]
[    0.733766] pci 0000:00:15.0: BAR 0: assigned [mem 0x12140000-0x1215ffff]
[    0.734511] pci 0000:00:16.0: BAR 0: assigned [mem 0x12160000-0x1217ffff]
[    0.735224] pci 0000:00:12.0: BAR 6: assigned [mem 0x12180000-0x1218ffff pref]
[    0.735910] pci 0000:00:12.0: BAR 1: assigned [mem 0x12190000-0x12190fff]
[    0.736816] pci 0000:00:13.0: BAR 1: assigned [io  0x1040-0x107f]
[    0.737452] pci 0000:00:14.0: BAR 1: assigned [io  0x1080-0x10bf]
[    0.738076] pci 0000:00:15.0: BAR 1: assigned [io  0x10c0-0x10ff]
[    0.738705] pci 0000:00:16.0: BAR 1: assigned [io  0x1400-0x143f]
[    0.739379] pci 0000:00:0a.2: BAR 4: assigned [io  0x1440-0x145f]
[    0.740004] pci 0000:00:0a.1: BAR 4: assigned [io  0x1460-0x146f]
[    0.760457] cfg80211: Calling CRDA to update world regulatory domain
[    0.776543] Switched to clocksource MIPS
[    0.909558] NET: Registered protocol family 2
[    0.923651] TCP established hash table entries: 2048 (order: 1, 8192 bytes)
[    0.925203] TCP bind hash table entries: 2048 (order: 1, 8192 bytes)
[    0.926427] TCP: Hash tables configured (established 2048 bind 2048)
[    0.927640] UDP hash table entries: 256 (order: 0, 4096 bytes)
[    0.928654] UDP-Lite hash table entries: 256 (order: 0, 4096 bytes)
[    0.933339] NET: Registered protocol family 1
[    0.935239] PCI: Enabling device 0000:00:0a.2 (0000 -> 0001)
[    0.937228] PCI: CLS 0 bytes, default 16
[    0.974602] futex hash table entries: 256 (order: -1, 3072 bytes)
[    0.994450] squashfs: version 4.0 (2009/01/31) Phillip Lougher
[    0.997556] jffs2: version 2.2. (NAND) Â© 2001-2006 Red Hat, Inc.
[    1.001598] romfs: ROMFS MTD (C) 2007 Red Hat, Inc.
[    1.029811] Block layer SCSI generic (bsg) driver version 0.4 loaded (major 251)
[    1.030562] io scheduler noop registered
[    1.031362] io scheduler cfq registered (default)
[    1.032999] firmadyne: devfs: 1, execute: 1, procfs: 1, syscall: 1
[    1.039450] firmadyne: Cannot register character device: gpio, 0xfc, 0x0!
[    1.050374] firmadyne: Cannot register character device: watchdog, 0xa, 0x82!
[    1.051047] firmadyne: Cannot register character device: wdt, 0xfd, 0x0!
[    3.072228] strName = 4.1.17+
[    3.072228] init_task_addr  = 2155778944
[    3.072228] init_task_size  = 1296
[    3.072228] ts_tasks        = 292
[    3.072228] ts_pid          = 408
[    3.072228] ts_tgid         = 412
[    3.072228] ts_group_leader = 440
[    3.072228] ts_thread_group = 496
[    3.072228] ts_real_parent  = 416
[    3.072228] ts_mm           = 300
[    3.072228] ts_stack        = 4
[    3.075315] module_name   = 12
[    3.075315] module_size   = 208
[    3.075315] module_init   = 200
[    3.075315] module_list   = 4
[    3.076385] ts_real_cred    = 624
[    3.076385] ts_cred         = 628
[    3.076385] ts_comm         = 632
[    3.076385] cred_uid        = 4
[    3.076385] cred_gid        = 8
[    3.076385] cred_euid       = 20
[    3.076385] cred_egid       = 24
[    3.078224] mm_mmap         = 0
[    3.078224] mm_pgd          = 32
[    3.078224] mm_arg_start    = 136
[    3.078224] mm_start_brk    = 124
[    3.078224] mm_brk          = 128
[    3.078224] mm_start_stack  = 132
[    3.079676] vma_vm_start    = 0
[    3.079676] vma_vm_end      = 4
[    3.079676] vma_vm_next     = 8
[    3.079676] vma_vm_file     = 80
[    3.079676] vma_vm_flags    = 40
[    3.079676] vma_vm_pgoff    = 76
[    3.081494] file_dentry     = 12
[    3.081494] file_inode      = 40
[    3.081494] dentry_d_name   = 24
[    3.081494] dentry_d_iname  = 44
[    3.081494] dentry_d_parent = 16
[    3.081494] ti_task         = 0
[    3.081494] inode_ino   = 28
[    4.326835] proc_fork_connector  = 2151078840
[    4.327377] proc_exit_connector  = 2151080432
[    4.327897] proc_exec_connector  = 2151079052
[    4.328345] vma_link  = 2149124372
[    4.328996] vma_adjust  = 2149124540
[    4.329486] remove_vma  = 2149122188
[    4.329859] modules  = 2155833724
[    4.330286] trim_init_extable  = 2150545316
[    4.332216] cfg80211: Calling CRDA to update world regulatory domain
[    4.337464] PCI: Enabling device 0000:00:12.0 (0000 -> 0002)
[    4.339355] cirrusfb 0000:00:12.0: Cirrus Logic chipset on PCI bus, RAM (4096 kB) at 0x10000000
[    4.582745] Console: switching to colour frame buffer device 80x30
[    4.667391] Serial: 8250/16550 driver, 4 ports, IRQ sharing enabled
[    4.685344] console [ttyS0] disabled
[    4.711278] serial8250.0: ttyS0 at I/O 0x3f8 (irq = 4, base_baud = 115200) is a 16550A
[    4.712846] console [ttyS0] enabled
[    4.712846] console [ttyS0] enabled
[    4.713504] bootconsole [uart0] disabled
[    4.713504] bootconsole [uart0] disabled
[    4.742992] serial8250.0: ttyS1 at I/O 0x2f8 (irq = 3, base_baud = 115200) is a 16550A
[    4.887533] brd: module loaded
[    4.963192] loop: module loaded
[    4.971214] ata_piix 0000:00:0a.1: version 2.13
[    4.971893] PCI: Enabling device 0000:00:0a.1 (0000 -> 0001)
[    5.003694] scsi host0: ata_piix
[    5.010583] scsi host1: ata_piix
[    5.015237] ata1: PATA max UDMA/33 cmd 0x1f0 ctl 0x3f6 bmdma 0x1460 irq 14
[    5.015844] ata2: PATA max UDMA/33 cmd 0x170 ctl 0x376 bmdma 0x1468 irq 15
[    5.023921] [nandsim] warning: read_byte: unexpected data output cycle, state is STATE_READY return 0x0
[    5.024863] [nandsim] warning: read_byte: unexpected data output cycle, state is STATE_READY return 0x0
[    5.025534] [nandsim] warning: read_byte: unexpected data output cycle, state is STATE_READY return 0x0
[    5.026193] [nandsim] warning: read_byte: unexpected data output cycle, state is STATE_READY return 0x0
[    5.026846] [nandsim] warning: read_byte: unexpected data output cycle, state is STATE_READY return 0x0
[    5.027524] [nandsim] warning: read_byte: unexpected data output cycle, state is STATE_READY return 0x0
[    5.028471] nand: device found, Manufacturer ID: 0x98, Chip ID: 0x39
[    5.029136] nand: Toshiba NAND 128MiB 1,8V 8-bit
[    5.029600] nand: 128 MiB, SLC, erase size: 16 KiB, page size: 512, OOB size: 16
[    5.031513] flash size: 128 MiB
[    5.031814] page size: 512 bytes
[    5.032159] OOB area size: 16 bytes
[    5.032836] sector size: 16 KiB
[    5.033141] pages number: 262144
[    5.033437] pages per sector: 32
[    5.033730] bus width: 8
[    5.034000] bits in sector size: 14
[    5.034308] bits in page size: 9
[    5.034609] bits in OOB size: 4
[    5.034908] flash size with OOB: 135168 KiB
[    5.035259] page address bytes: 4
[    5.035567] sector address bytes: 3
[    5.035875] options: 0x42
[    5.136401] Scanning device for bad blocks
[    6.618476] ata2.01: NODEV after polling detection
[    6.619329] ata1.01: NODEV after polling detection
[    6.621563] ata2.00: ATAPI: QEMU DVD-ROM, 2.5+, max UDMA/100
[    6.629381] ata1.00: ATA-7: QEMU HARDDISK, 2.5+, max UDMA/100
[    6.629946] ata1.00: 2097152 sectors, multi 16: LBA48 
[    6.631967] ata2.00: configured for UDMA/33
[    6.635555] ata1.00: configured for UDMA/33
[    6.645278] scsi 0:0:0:0: Direct-Access     ATA      QEMU HARDDISK    2.5+ PQ: 0 ANSI: 5
[    6.664152] sd 0:0:0:0: [sda] 2097152 512-byte logical blocks: (1.07 GB/1.00 GiB)
[    6.666300] scsi 1:0:0:0: CD-ROM            QEMU     QEMU DVD-ROM     2.5+ PQ: 0 ANSI: 5
[    6.681792] sd 0:0:0:0: [sda] Write Protect is off
[    6.682416] sd 0:0:0:0: [sda] Mode Sense: 00 3a 00 00
[    6.684225] sd 0:0:0:0: [sda] Write cache: enabled, read cache: enabled, doesn't support DPO or FUA
[    6.698337]  sda: sda1
[    6.713407] sd 0:0:0:0: [sda] Attached SCSI disk
[    6.714088] Creating 11 MTD partitions on "NAND 128MiB 1,8V 8-bit":
[    6.714850] 0x000000000000-0x000000100000 : "NAND simulator partition 0"
[    6.728099] 0x000000100000-0x000000200000 : "NAND simulator partition 1"
[    6.740769] 0x000000200000-0x000000300000 : "NAND simulator partition 2"
[    6.753632] 0x000000300000-0x000000400000 : "NAND simulator partition 3"
[    6.766779] 0x000000400000-0x000000500000 : "NAND simulator partition 4"
[    6.780068] 0x000000500000-0x000000600000 : "NAND simulator partition 5"
[    6.793488] 0x000000600000-0x000000700000 : "NAND simulator partition 6"
[    6.807241] 0x000000700000-0x000000800000 : "NAND simulator partition 7"
[    6.821311] 0x000000800000-0x000000900000 : "NAND simulator partition 8"
[    6.833750] 0x000000900000-0x000000a00000 : "NAND simulator partition 9"
[    6.846300] 0x000000a00000-0x000008000000 : "NAND simulator partition 10"
[    6.901034] tun: Universal TUN/TAP device driver, 1.6
[    6.901496] tun: (C) 1999-2004 Max Krasnyansky <maxk@qualcomm.com>
[    6.905820] pcnet32: pcnet32.c:v1.35 21.Apr.2008 tsbogend@alpha.franken.de
[    6.907367] e1000: Intel(R) PRO/1000 Network Driver - version 7.3.21-k8-NAPI
[    6.907891] e1000: Copyright (c) 1999-2006 Intel Corporation.
[    6.909229] PCI: Enabling device 0000:00:13.0 (0000 -> 0003)
[    7.212584] e1000 0000:00:13.0 eth0: (PCI:33MHz:32-bit) 52:54:00:12:34:56
[    7.213679] e1000 0000:00:13.0 eth0: Intel(R) PRO/1000 Network Connection
[    7.214652] PCI: Enabling device 0000:00:14.0 (0000 -> 0003)
[    7.476924] cfg80211: Calling CRDA to update world regulatory domain
[    7.514261] e1000 0000:00:14.0 eth1: (PCI:33MHz:32-bit) 52:54:00:12:34:57
[    7.514963] e1000 0000:00:14.0 eth1: Intel(R) PRO/1000 Network Connection
[    7.515888] PCI: Enabling device 0000:00:15.0 (0000 -> 0003)
[    7.851080] e1000 0000:00:15.0 eth2: (PCI:33MHz:32-bit) 52:54:00:12:34:58
[    7.851832] e1000 0000:00:15.0 eth2: Intel(R) PRO/1000 Network Connection
[    7.853050] PCI: Enabling device 0000:00:16.0 (0000 -> 0003)
[    8.157142] e1000 0000:00:16.0 eth3: (PCI:33MHz:32-bit) 52:54:00:12:34:59
[    8.157911] e1000 0000:00:16.0 eth3: Intel(R) PRO/1000 Network Connection
[    8.159894] e1000e: Intel(R) PRO/1000 Network Driver - 2.3.2-k
[    8.160648] e1000e: Copyright(c) 1999 - 2014 Intel Corporation.
[    8.166832] PPP generic driver version 2.4.2
[    8.169894] PPP Deflate Compression module registered
[    8.170739] PPP MPPE Compression module registered
[    8.171328] NET: Registered protocol family 24
[    8.172276] ehci_hcd: USB 2.0 'Enhanced' Host Controller (EHCI) Driver
[    8.173158] ehci-pci: EHCI PCI platform driver
[    8.174697] ohci_hcd: USB 1.1 'Open' Host Controller (OHCI) Driver
[    8.175337] ohci-pci: OHCI PCI platform driver
[    8.177100] uhci_hcd: USB Universal Host Controller Interface driver
[    8.179356] uhci_hcd 0000:00:0a.2: UHCI Host Controller
[    8.180442] uhci_hcd 0000:00:0a.2: new USB bus registered, assigned bus number 1
[    8.181991] uhci_hcd 0000:00:0a.2: irq 11, io base 0x00001440
[    8.198347] hub 1-0:1.0: USB hub found
[    8.199349] hub 1-0:1.0: 2 ports detected
[    8.212054] usbcore: registered new interface driver usb-storage
[    8.217966] mousedev: PS/2 mouse device common for all mice
[    8.226487] rtc_cmos rtc_cmos: rtc core: registered rtc_cmos as rtc0
[    8.227495] rtc_cmos rtc_cmos: alarms up to one day, 242 bytes nvram
[    8.229560] i2c /dev entries driver
[    8.231222] piix4_smbus 0000:00:0a.3: SMBus Host Controller at 0x1100, revision 0
[    8.237535] sdhci: Secure Digital Host Controller Interface driver
[    8.238009] sdhci: Copyright(c) Pierre Ossman
[    8.241240] hidraw: raw HID events driver (C) Jiri Kosina
[    8.266338] usbcore: registered new interface driver usbhid
[    8.266807] usbhid: USB HID core driver
[    8.268232] Netfilter messages via NETLINK v0.30.
[    8.270188] nf_conntrack version 0.5.0 (3923 buckets, 15692 max)
[    8.274501] ctnetlink v0.93: registering with nfnetlink.
[    8.282066] ipip: IPv4 over IPv4 tunneling driver
[    8.298188] ip_tables: (C) 2000-2006 Netfilter Core Team
[    8.301962] arp_tables: (C) 2002 David S. Miller
[    8.304320] Initializing XFRM netlink socket
[    8.306088] NET: Registered protocol family 10
[    8.334705] ip6_tables: (C) 2000-2006 Netfilter Core Team
[    8.339668] sit: IPv6 over IPv4 tunneling driver
[    8.362959] NET: Registered protocol family 17
[    8.364252] bridge: automatic filtering via arp/ip/ip6tables has been deprecated. Update your scripts to load br_netfilter if you need this.
[    8.365961] Bridge firewalling registered
[    8.366512] Ebtables v2.0 registered
[    8.370918] 8021q: 802.1Q VLAN Support v1.8
[    8.399765] rtc_cmos rtc_cmos: setting system clock to 2025-07-28 14:49:38 UTC (1753714178)
[    8.404771] spurious 8259A interrupt: IRQ7.
[    8.428836] EXT2-fs (sda1): warning: mounting unchecked fs, running e2fsck is recommended
[    8.431563] VFS: Mounted root (ext2 filesystem) on device 8:1.
[    8.443270] Freeing YAMON memory: 956k freed
[    8.457574] Freeing unused kernel memory: 260K (8081f000 - 80860000)
[    8.613939] firmadyne: sys_reboot[PID: 48 (init)]: magic1:fee1dead, magic2:28121969, cmd:0
init started:  BusyBox v1.00 (2011.02.24-08:49+0000) multi-call binary
init started:  BusyBox v1.00 (2011.02.24-08:49+0000) multi-call binary
Starting pid 50, console /dev/ttyS0: '/usr/etc/rcS'
[    9.050168] firmadyne: do_execve: /firmadyne/console
[    9.050973] OFFSETS: offset of pid: 0x198 offset of comm: 0x278
mount: Mounting devpts on /dev/pts failed: No such file or directory
[   10.622736] cfg80211: Calling CRDA to update world regulatory domain
mknod: /dev/sc_led: File exists
[   12.016938] random: nonblocking pool is initialized
insmod: cannot open module `/lib/modules/ipt_string.ko': No such file or directory
[   13.765045] cfg80211: Calling CRDA to update world regulatory domain
[   13.817921] firmadyne: ioctl: 0x1
[   15.091504] firmadyne: sys_socket[PID: 92 (brctl)]: family:2, type:2, protocol:0
[   15.193965] firmadyne: sys_socket[PID: 93 (brctl)]: family:2, type:2, protocol:0
[   15.307144] firmadyne: sys_socket[PID: 94 (ifconfig)]: family:2, type:1, protocol:0
[   15.311233] firmadyne: __inet_insert_ifa[PID: 94 (ifconfig)]: device:eth0 ifa:0x00000000
[   15.336097] IPv6: ADDRCONF(NETDEV_UP): eth0: link is not ready
[   15.337093] 8021q: adding VLAN 0 to HW filter on device eth0
[   15.343603] e1000: eth0 NIC Link is Up 1000 Mbps Full Duplex, Flow Control: RX
[   15.347324] IPv6: ADDRCONF(NETDEV_CHANGE): eth0: link becomes ready
[   15.437961] firmadyne: sys_socket[PID: 95 (brctl)]: family:2, type:2, protocol:0
[   15.439514] firmadyne: sys_socket[PID: 95 (brctl)]: family:10, type:1, protocol:0
[   15.442172] firmadyne: br_add_if[PID: 95 (brctl)]: br:br0 dev:eth0
[   15.450274] device eth0 entered promiscuous mode
[   16.914629] cfg80211: Calling CRDA to update world regulatory domain
killall: dsl_cpe_control: no process killed
[   18.621432] firmadyne: ioctl: 0xc0a47204
[   18.682956] firmadyne: sys_socket[PID: 104 (ifconfig)]: family:2, type:1, protocol:0
[   18.690837] firmadyne: __inet_insert_ifa[PID: 104 (ifconfig)]: device:lo ifa:0x7f000001
[   18.702025] firmadyne: __inet_insert_ifa[PID: 104 (ifconfig)]: device:lo ifa:0x7f000001
[   18.907747] firmadyne: sys_socket[PID: 105 (route)]: family:2, type:1, protocol:0
[   19.217957] firmadyne: sys_socket[PID: 106 (klogd)]: family:1, type:1, protocol:0
[   19.225543] firmadyne: sys_socket[PID: 106 (klogd)]: family:1, type:2, protocol:0
[   19.236288] firmadyne: sys_socket[PID: 106 (klogd)]: family:1, type:1, protocol:0
[   19.245677] firmadyne: sys_socket[PID: 106 (klogd)]: family:1, type:2, protocol:0
[   19.253866] firmadyne: sys_socket[PID: 106 (klogd)]: family:1, type:1, protocol:0
[   19.255760] firmadyne: sys_socket[PID: 106 (klogd)]: family:1, type:2, protocol:0
[   19.263939] firmadyne: sys_socket[PID: 106 (klogd)]: family:1, type:1, protocol:0
[   19.269698] firmadyne: sys_socket[PID: 106 (klogd)]: family:1, type:2, protocol:0
[   19.277810] firmadyne: sys_socket[PID: 106 (klogd)]: family:1, type:1, protocol:0
[   19.279647] firmadyne: sys_socket[PID: 106 (klogd)]: family:1, type:2, protocol:0
[   19.287628] firmadyne: sys_socket[PID: 106 (klogd)]: family:1, type:1, protocol:0
[   19.293603] firmadyne: sys_socket[PID: 106 (klogd)]: family:1, type:2, protocol:0
[   19.301617] firmadyne: sys_socket[PID: 106 (klogd)]: family:1, type:1, protocol:0
[   19.303379] firmadyne: sys_socket[PID: 106 (klogd)]: family:1, type:2, protocol:0
[   19.311391] firmadyne: sys_socket[PID: 106 (klogd)]: family:1, type:1, protocol:0
[   19.321605] firmadyne: sys_socket[PID: 106 (klogd)]: family:1, type:2, protocol:0
[   19.329691] firmadyne: sys_socket[PID: 106 (klogd)]: family:1, type:1, protocol:0
[   19.331462] firmadyne: sys_socket[PID: 106 (klogd)]: family:1, type:2, protocol:0
[   19.339788] firmadyne: sys_socket[PID: 106 (klogd)]: family:1, type:1, protocol:0
[   19.347192] firmadyne: sys_socket[PID: 106 (klogd)]: family:1, type:2, protocol:0
[   19.352089] firmadyne: sys_socket[PID: 106 (klogd)]: family:1, type:1, protocol:0
[   19.354670] firmadyne: sys_socket[PID: 102 (dsl_cpe_control)]: family:2, type:2, protocol:0
[   19.356029] firmadyne: sys_setsockopt[PID: 102 (dsl_cpe_control)]: fd:4, level:65535, optname:8
[   19.358651] firmadyne: sys_socket[PID: 106 (klogd)]: family:1, type:2, protocol:0
[   19.362676] firmadyne: sys_socket[PID: 106 (klogd)]: family:1, type:1, protocol:0
[   19.364396] firmadyne: sys_socket[PID: 106 (klogd)]: family:1, type:2, protocol:0
[   19.366038] firmadyne: sys_setsockopt[PID: 102 (dsl_cpe_control)]: fd:4, level:65535, optname:4097
[   19.367282] firmadyne: sys_setsockopt[PID: 102 (dsl_cpe_control)]: fd:4, level:65535, optname:4098
[   19.368456] firmadyne: sys_setsockopt[PID: 102 (dsl_cpe_control)]: fd:4, level:6, optname:1
[   19.370194] firmadyne: inet_bind[PID: 102 (dsl_cpe_control)]: proto:SOCK_STREAM, port:8080
[   19.378615] firmadyne: sys_socket[PID: 106 (klogd)]: family:1, type:1, protocol:0
[   19.380356] firmadyne: sys_socket[PID: 106 (klogd)]: family:1, type:2, protocol:0
[   19.387050] firmadyne: ioctl: 0xc00c7224
[   19.387775] firmadyne: ioctl: 0xc00c721d
[   19.388449] firmadyne: ioctl: 0xc00c721d
[   19.392993] firmadyne: ioctl: 0xc00c721d
[   19.393676] firmadyne: ioctl: 0xc00c721d
[   19.394316] firmadyne: ioctl: 0xc00c721d
[   19.394963] firmadyne: ioctl: 0xc00c721d
[   19.395668] firmadyne: ioctl: 0xc00c721d
[   19.396309] firmadyne: ioctl: 0xc00c721d
[   19.399071] firmadyne: sys_socket[PID: 106 (klogd)]: family:1, type:1, protocol:0
[   19.401363] firmadyne: sys_socket[PID: 106 (klogd)]: family:1, type:2, protocol:0
[   19.404934] firmadyne: ioctl: 0xc00c721d
[   19.405559] firmadyne: ioctl: 0xc00c721d
[   19.406168] firmadyne: ioctl: 0xc00c721d
[   19.406811] firmadyne: ioctl: 0xc00c721d
[   19.407450] firmadyne: ioctl: 0xc00c721d
[   19.408116] firmadyne: ioctl: 0xc00c721d
[   19.409109] firmadyne: ioctl: 0xc00c721d
[   19.409725] firmadyne: ioctl: 0xc00c721d
[   19.410310] firmadyne: ioctl: 0xc00c721d
[   19.414717] firmadyne: sys_socket[PID: 106 (klogd)]: family:1, type:1, protocol:0
[   19.417930] firmadyne: ioctl: 0xc0207223
[   19.424241] firmadyne: sys_socket[PID: 106 (klogd)]: family:1, type:2, protocol:0
[   19.436474] firmadyne: ioctl: 0xc0207223
[   19.438289] firmadyne: ioctl: 0xc0207223
[   19.439835] firmadyne: ioctl: 0xc0207223
[   19.440947] firmadyne: sys_socket[PID: 106 (klogd)]: family:1, type:1, protocol:0
[   19.442838] firmadyne: sys_socket[PID: 106 (klogd)]: family:1, type:2, protocol:0
[   19.450340] firmadyne: ioctl: 0xc0207223
[   19.452046] firmadyne: ioctl: 0xc0207223
[   19.455341] firmadyne: sys_socket[PID: 106 (klogd)]: family:1, type:1, protocol:0
[   19.461955] firmadyne: ioctl: 0xc0207223
[   19.463458] firmadyne: ioctl: 0xc0207223
[   19.465501] firmadyne: sys_socket[PID: 106 (klogd)]: family:1, type:2, protocol:0
[   19.473411] firmadyne: ioctl: 0xc0207223
[   19.474932] firmadyne: ioctl: 0xc0207223
[   19.476478] firmadyne: ioctl: 0xc0207223
[   19.478142] firmadyne: sys_socket[PID: 106 (klogd)]: family:1, type:1, protocol:0
[   19.480094] firmadyne: sys_socket[PID: 106 (klogd)]: family:1, type:2, protocol:0
[   19.485985] firmadyne: ioctl: 0xc0207223
[   19.487700] firmadyne: ioctl: 0xc0207223
[   19.495802] firmadyne: sys_socket[PID: 106 (klogd)]: family:1, type:1, protocol:0
[   19.498228] firmadyne: ioctl: 0xc0207223
[   19.499841] firmadyne: ioctl: 0xc0207223
[   19.505711] firmadyne: sys_socket[PID: 106 (klogd)]: family:1, type:2, protocol:0
[   19.509974] firmadyne: ioctl: 0xc0207223
[   19.511675] firmadyne: ioctl: 0xc0207223
[   19.517974] firmadyne: sys_socket[PID: 106 (klogd)]: family:1, type:1, protocol:0
[   19.519836] firmadyne: sys_socket[PID: 106 (klogd)]: family:1, type:2, protocol:0
[   19.522055] firmadyne: ioctl: 0xc0207223
[   19.523603] firmadyne: ioctl: 0xc0207223
[   19.531611] firmadyne: sys_socket[PID: 106 (klogd)]: family:1, type:1, protocol:0
[   19.533773] firmadyne: ioctl: 0xc0207223
[   19.535576] firmadyne: ioctl: 0xc0207223
[   19.541910] firmadyne: sys_socket[PID: 106 (klogd)]: family:1, type:2, protocol:0
[   19.547702] firmadyne: ioctl: 0xc0207223
[   19.553909] firmadyne: ioctl: 0xc0207223
[   19.555807] firmadyne: ioctl: 0xc0207223
[   19.559091] firmadyne: sys_socket[PID: 106 (klogd)]: family:1, type:1, protocol:0
[   19.566169] firmadyne: ioctl: 0xc0207223
[   19.568056] firmadyne: ioctl: 0xc0207223
[   19.569984] firmadyne: sys_socket[PID: 106 (klogd)]: family:1, type:2, protocol:0
[   19.578135] firmadyne: ioctl: 0xc0207223
[   19.580191] firmadyne: ioctl: 0xc0207223
[   19.583341] firmadyne: sys_socket[PID: 106 (klogd)]: family:1, type:1, protocol:0
[   19.590120] firmadyne: ioctl: 0xc0207223
[   19.592128] firmadyne: ioctl: 0xc0207223
[   19.594232] firmadyne: sys_socket[PID: 106 (klogd)]: family:1, type:2, protocol:0
[   19.603077] firmadyne: sys_socket[PID: 106 (klogd)]: family:1, type:1, protocol:0
[   19.606431] firmadyne: ioctl: 0xc0207223
[   19.608348] firmadyne: ioctl: 0xc0207223
[   19.613696] firmadyne: sys_socket[PID: 106 (klogd)]: family:1, type:2, protocol:0
[   19.618222] firmadyne: ioctl: 0xc0207223
[   19.620234] firmadyne: ioctl: 0xc0207223
[   19.626628] firmadyne: sys_socket[PID: 106 (klogd)]: family:1, type:1, protocol:0
[   19.633973] firmadyne: ioctl: 0xc0207223
[   19.635717] firmadyne: ioctl: 0xc0207223
[   19.641174] firmadyne: sys_socket[PID: 106 (klogd)]: family:1, type:2, protocol:0
[   19.645873] firmadyne: ioctl: 0xc0207223
[   19.647413] firmadyne: ioctl: 0xc0207223
[   19.653572] firmadyne: sys_socket[PID: 106 (klogd)]: family:1, type:1, protocol:0
[   19.655415] firmadyne: sys_socket[PID: 106 (klogd)]: family:1, type:2, protocol:0
[   19.657585] firmadyne: ioctl: 0xc0207223
[   19.659103] firmadyne: ioctl: 0xc0207223
[   19.667736] firmadyne: sys_socket[PID: 106 (klogd)]: family:1, type:1, protocol:0
[   19.669477] firmadyne: ioctl: 0xc0207223
[   19.671019] firmadyne: ioctl: 0xc0207223
[   19.676880] firmadyne: ioctl: 0xc0207223
[   19.678404] firmadyne: ioctl: 0xc0207223
[   19.679996] firmadyne: ioctl: 0xc0207223
[   19.681735] firmadyne: sys_socket[PID: 106 (klogd)]: family:1, type:2, protocol:0
[   19.692141] firmadyne: ioctl: 0xc0207223
[   19.693964] firmadyne: ioctl: 0xc0207223
[   19.695457] firmadyne: ioctl: 0xc0207223
[   19.698038] firmadyne: sys_socket[PID: 106 (klogd)]: family:1, type:1, protocol:0
[   19.700106] firmadyne: sys_socket[PID: 106 (klogd)]: family:1, type:2, protocol:0
[   19.704602] firmadyne: sys_socket[PID: 106 (klogd)]: family:1, type:1, protocol:0
[   19.709509] firmadyne: ioctl: 0xc0207223
[   19.711043] firmadyne: ioctl: 0xc0207223
[   19.717656] firmadyne: sys_socket[PID: 106 (klogd)]: family:1, type:2, protocol:0
[   19.721053] firmadyne: ioctl: 0xc0207223
[   19.722655] firmadyne: ioctl: 0xc0207223
[   19.724244] firmadyne: ioctl: 0xc0207223
[   19.729766] firmadyne: sys_socket[PID: 106 (klogd)]: family:1, type:1, protocol:0
[   19.731809] firmadyne: sys_socket[PID: 106 (klogd)]: family:1, type:2, protocol:0
[   19.734417] firmadyne: ioctl: 0xc0207223
[   19.736012] firmadyne: ioctl: 0xc0207223
[   19.741727] firmadyne: ioctl: 0xc0207223
[   19.743224] firmadyne: ioctl: 0xc0207223
[   19.753396] firmadyne: sys_socket[PID: 106 (klogd)]: family:1, type:1, protocol:0
[   19.755293] firmadyne: sys_socket[PID: 106 (klogd)]: family:1, type:2, protocol:0
[   19.757708] firmadyne: ioctl: 0xc0207223
[   19.759230] firmadyne: ioctl: 0xc0207223
[   19.765067] firmadyne: ioctl: 0xc0207223
[   19.766612] firmadyne: ioctl: 0xc0207223
[   19.768155] firmadyne: ioctl: 0xc0207223
[   19.771714] firmadyne: sys_socket[PID: 106 (klogd)]: family:1, type:1, protocol:0
[   19.777664] firmadyne: sys_socket[PID: 106 (klogd)]: family:1, type:2, protocol:0
[   19.781921] firmadyne: ioctl: 0xc0207223
[   19.783415] firmadyne: ioctl: 0xc0207223
[   19.789795] firmadyne: sys_socket[PID: 106 (klogd)]: family:1, type:1, protocol:0
[   19.791655] firmadyne: sys_socket[PID: 106 (klogd)]: family:1, type:2, protocol:0
[   19.793724] firmadyne: ioctl: 0xc0207223
[   19.795230] firmadyne: ioctl: 0xc0207223
[   19.801221] firmadyne: ioctl: 0xc0207223
[   19.802712] firmadyne: ioctl: 0xc0207223
[   19.804244] firmadyne: ioctl: 0xc0207223
[   19.808148] firmadyne: sys_socket[PID: 106 (klogd)]: family:1, type:1, protocol:0
[   19.813868] firmadyne: ioctl: 0xc0207223
[   19.815389] firmadyne: ioctl: 0xc0207223
[   19.817649] firmadyne: sys_socket[PID: 106 (klogd)]: family:1, type:2, protocol:0
[   19.825258] firmadyne: ioctl: 0xc0207223
[   19.826780] firmadyne: ioctl: 0xc0207223
[   19.828316] firmadyne: ioctl: 0xc0207223
[   19.830152] firmadyne: sys_socket[PID: 106 (klogd)]: family:1, type:1, protocol:0
[   19.832016] firmadyne: sys_socket[PID: 106 (klogd)]: family:1, type:2, protocol:0
[   19.841776] firmadyne: ioctl: 0xc0207223
[   19.843268] firmadyne: ioctl: 0xc0207223
[   19.847552] firmadyne: sys_socket[PID: 106 (klogd)]: family:1, type:1, protocol:0
[   19.853184] firmadyne: ioctl: 0xc0207223
[   19.854702] firmadyne: ioctl: 0xc0207223
[   19.856223] firmadyne: ioctl: 0xc0207223
[   19.857962] firmadyne: sys_socket[PID: 106 (klogd)]: family:1, type:2, protocol:0
[   19.865944] firmadyne: sys_socket[PID: 106 (klogd)]: family:1, type:1, protocol:0
[   19.867789] firmadyne: sys_socket[PID: 106 (klogd)]: family:1, type:2, protocol:0
[   19.870264] firmadyne: ioctl: 0xc0207223
[   19.871825] firmadyne: ioctl: 0xc0207223
[   19.877598] firmadyne: ioctl: 0xc0207223
[   19.879086] firmadyne: ioctl: 0xc0207223
[   19.883673] firmadyne: sys_socket[PID: 106 (klogd)]: family:1, type:1, protocol:0
[   19.888967] firmadyne: ioctl: 0xc0207223
[   19.890516] firmadyne: ioctl: 0xc0207223
[   19.892043] firmadyne: ioctl: 0xc0207223
[   19.893856] firmadyne: sys_socket[PID: 106 (klogd)]: family:1, type:2, protocol:0
[   19.903600] firmadyne: ioctl: 0xc0207223
[   19.905864] firmadyne: sys_socket[PID: 106 (klogd)]: family:1, type:1, protocol:0
[   19.907742] firmadyne: sys_socket[PID: 106 (klogd)]: family:1, type:2, protocol:0
[   19.909877] firmadyne: ioctl: 0xc0207223
[   19.911374] firmadyne: ioctl: 0xc0207223
[   19.919718] firmadyne: sys_socket[PID: 106 (klogd)]: family:1, type:1, protocol:0
[   19.921750] firmadyne: ioctl: 0xc0207223
[   19.923248] firmadyne: ioctl: 0xc0207223
[   19.929613] firmadyne: sys_socket[PID: 106 (klogd)]: family:1, type:2, protocol:0
[   19.933262] firmadyne: ioctl: 0xc0207223
[   19.934779] firmadyne: ioctl: 0xc0207223
[   19.936307] firmadyne: ioctl: 0xc0207223
[   19.941578] firmadyne: sys_socket[PID: 106 (klogd)]: family:1, type:1, protocol:0
[   19.943396] firmadyne: sys_socket[PID: 106 (klogd)]: family:1, type:2, protocol:0
[   19.947506] firmadyne: ioctl: 0xc0207223
[   19.953324] firmadyne: ioctl: 0xc0207223
[   19.954815] firmadyne: ioctl: 0xc0207223
[   19.956294] firmadyne: ioctl: 0xc0207223
[   19.960072] firmadyne: sys_socket[PID: 106 (klogd)]: family:1, type:1, protocol:0
[   19.965839] firmadyne: ioctl: 0xc0207223
[   19.967386] firmadyne: ioctl: 0xc0207223
[   19.969644] firmadyne: sys_socket[PID: 106 (klogd)]: family:1, type:2, protocol:0
[   19.977264] firmadyne: ioctl: 0xc0207223
[   19.978777] firmadyne: ioctl: 0xc0207223
[   19.980297] firmadyne: ioctl: 0xc0207223
[   19.981955] firmadyne: sys_socket[PID: 106 (klogd)]: family:1, type:1, protocol:0
[   19.983813] firmadyne: sys_socket[PID: 106 (klogd)]: family:1, type:2, protocol:0
[   19.989805] firmadyne: ioctl: 0xc0207223
[   19.991294] firmadyne: ioctl: 0xc0207223
[   19.995550] firmadyne: sys_socket[PID: 106 (klogd)]: family:1, type:1, protocol:0
[   20.001196] firmadyne: ioctl: 0xc0207223
[   20.002707] firmadyne: ioctl: 0xc0207223
[   20.004232] firmadyne: ioctl: 0xc0207223
[   20.005949] firmadyne: sys_socket[PID: 106 (klogd)]: family:1, type:2, protocol:0
[   20.013911] firmadyne: sys_socket[PID: 106 (klogd)]: family:1, type:1, protocol:0
[   20.015689] firmadyne: sys_socket[PID: 106 (klogd)]: family:1, type:2, protocol:0
[   20.018140] firmadyne: ioctl: 0xc0207223
[   20.019698] firmadyne: ioctl: 0xc0207223
[   20.025448] firmadyne: ioctl: 0xc0207223
[   20.026933] firmadyne: ioctl: 0xc0207223
[   20.028474] firmadyne: ioctl: 0xc0207223
[   20.032151] firmadyne: sys_socket[PID: 106 (klogd)]: family:1, type:1, protocol:0
[   20.041781] firmadyne: ioctl: 0xc0207223
[   20.043282] firmadyne: ioctl: 0xc0207223
[   20.045671] firmadyne: sys_socket[PID: 106 (klogd)]: family:1, type:2, protocol:0
[   20.053216] firmadyne: ioctl: 0xc0207223
[   20.054737] firmadyne: ioctl: 0xc0207223
[   20.056255] firmadyne: ioctl: 0xc0207223
[   20.057982] firmadyne: sys_socket[PID: 106 (klogd)]: family:1, type:1, protocol:0
[   20.059849] firmadyne: sys_socket[PID: 106 (klogd)]: family:1, type:2, protocol:0
[   20.061404] cfg80211: Calling CRDA to update world regulatory domain
[   20.071492] firmadyne: sys_socket[PID: 106 (klogd)]: family:1, type:1, protocol:0
[   20.074058] firmadyne: ioctl: 0xc0207223
[   20.075616] firmadyne: ioctl: 0xc0207223
[   20.077394] firmadyne: ioctl: 0xc0207223
[   20.078873] firmadyne: ioctl: 0xc0207223
[   20.080404] firmadyne: ioctl: 0xc0207223
[   20.082097] firmadyne: sys_socket[PID: 106 (klogd)]: family:1, type:2, protocol:0
[   20.090054] firmadyne: sys_socket[PID: 106 (klogd)]: family:1, type:1, protocol:0
[   20.091877] firmadyne: sys_socket[PID: 106 (klogd)]: family:1, type:2, protocol:0
[   20.094350] firmadyne: ioctl: 0xc0207223
[   20.095891] firmadyne: ioctl: 0xc0207223
[   20.101649] firmadyne: ioctl: 0xc0207223
[   20.103128] firmadyne: ioctl: 0xc0207223
[   20.107656] firmadyne: sys_socket[PID: 106 (klogd)]: family:1, type:1, protocol:0
[   20.112985] firmadyne: ioctl: 0xc0207223
[   20.114539] firmadyne: ioctl: 0xc0207223
[   20.116015] firmadyne: ioctl: 0xc0207223
[   20.121632] firmadyne: sys_socket[PID: 106 (klogd)]: family:1, type:2, protocol:0
[   20.125896] firmadyne: ioctl: 0xc0207223
[   20.127385] firmadyne: ioctl: 0xc0207223
[   20.133606] firmadyne: sys_socket[PID: 106 (klogd)]: family:1, type:1, protocol:0
[   20.135421] firmadyne: sys_socket[PID: 106 (klogd)]: family:1, type:2, protocol:0
[   20.137616] firmadyne: ioctl: 0xc0207223
[   20.139117] firmadyne: ioctl: 0xc0207223
[   20.149060] firmadyne: sys_socket[PID: 106 (klogd)]: family:1, type:1, protocol:0
[   20.150857] firmadyne: sys_socket[PID: 106 (klogd)]: family:1, type:2, protocol:0
[   20.153149] firmadyne: ioctl: 0xc0207223
[   20.154747] firmadyne: ioctl: 0xc0207223
[   20.156266] firmadyne: ioctl: 0xc0207223
[   20.162792] firmadyne: sys_socket[PID: 106 (klogd)]: family:1, type:1, protocol:0
[   20.164843] firmadyne: sys_socket[PID: 106 (klogd)]: family:1, type:2, protocol:0
[   20.169832] firmadyne: ioctl: 0xc0207223
[   20.171333] firmadyne: ioctl: 0xc0207223
[   20.177144] firmadyne: ioctl: 0xc0207223
[   20.178664] firmadyne: ioctl: 0xc0207223
[   20.180172] firmadyne: ioctl: 0xc0207223
[   20.183848] firmadyne: sys_socket[PID: 106 (klogd)]: family:1, type:1, protocol:0
[   20.189815] firmadyne: ioctl: 0xc0207223
[   20.191303] firmadyne: ioctl: 0xc0207223
[   20.193628] firmadyne: sys_socket[PID: 106 (klogd)]: family:1, type:2, protocol:0
[   20.201181] firmadyne: ioctl: 0xc0207223
[   20.202703] firmadyne: ioctl: 0xc0207223
[   20.204222] firmadyne: ioctl: 0xc0207223
[   20.205897] firmadyne: sys_socket[PID: 106 (klogd)]: family:1, type:1, protocol:0
[   20.207736] firmadyne: sys_socket[PID: 106 (klogd)]: family:1, type:2, protocol:0
[   20.218198] firmadyne: ioctl: 0xc0207223
[   20.219778] firmadyne: ioctl: 0xc0207223
[   20.223644] firmadyne: sys_socket[PID: 106 (klogd)]: family:1, type:1, protocol:0
[   20.237839] firmadyne: ioctl: 0xc0207223
[   20.239361] firmadyne: ioctl: 0xc0207223
[   20.245662] firmadyne: sys_socket[PID: 106 (klogd)]: family:1, type:2, protocol:0
[   20.253570] firmadyne: ioctl: 0xc0207223
[   20.255084] firmadyne: ioctl: 0xc0207223
[   20.261687] firmadyne: sys_socket[PID: 106 (klogd)]: family:1, type:1, protocol:0
[   20.263564] firmadyne: sys_socket[PID: 106 (klogd)]: family:1, type:2, protocol:0
[   20.269039] firmadyne: ioctl: 0xc0207223
[   20.270625] firmadyne: ioctl: 0xc0207223
[   20.272144] firmadyne: ioctl: 0xc0207223
[   20.279574] firmadyne: sys_socket[PID: 106 (klogd)]: family:1, type:1, protocol:0
[   20.286170] firmadyne: ioctl: 0xc0207223
[   20.287715] firmadyne: ioctl: 0xc0207223
[   20.293628] firmadyne: sys_socket[PID: 106 (klogd)]: family:1, type:2, protocol:0
[   20.301861] firmadyne: ioctl: 0xc0207223
[   20.303374] firmadyne: ioctl: 0xc0207223
[   20.309690] firmadyne: sys_socket[PID: 106 (klogd)]: family:1, type:1, protocol:0
[   20.311565] firmadyne: sys_socket[PID: 106 (klogd)]: family:1, type:2, protocol:0
[   20.317917] firmadyne: ioctl: 0xc0207223
[   20.319437] firmadyne: ioctl: 0xc0207223
[   20.331641] firmadyne: sys_socket[PID: 106 (klogd)]: family:1, type:1, protocol:0
[   20.333753] firmadyne: ioctl: 0xc0207223
[   20.335288] firmadyne: ioctl: 0xc0207223
[   20.347105] firmadyne: sys_socket[PID: 106 (klogd)]: family:1, type:2, protocol:0
[   20.349616] firmadyne: ioctl: 0xc0207223
[   20.351198] firmadyne: ioctl: 0xc0207223
[   20.355059] firmadyne: sys_socket[PID: 106 (klogd)]: family:1, type:1, protocol:0
[   20.365361] firmadyne: ioctl: 0xc0207223
[   20.366966] firmadyne: ioctl: 0xc0207223
[   20.368735] firmadyne: ioctl: 0xc0207223
[   20.373055] firmadyne: sys_socket[PID: 106 (klogd)]: family:1, type:2, protocol:0
[   20.382041] firmadyne: ioctl: 0xc0207223
[   20.383615] firmadyne: ioctl: 0xc0207223
[   20.389228] firmadyne: sys_socket[PID: 106 (klogd)]: family:1, type:1, protocol:0
[   20.391058] firmadyne: sys_socket[PID: 106 (klogd)]: family:1, type:2, protocol:0
[   20.397589] firmadyne: ioctl: 0xc0207223
[   20.399128] firmadyne: ioctl: 0xc0207223
[   20.407036] firmadyne: sys_socket[PID: 106 (klogd)]: family:1, type:1, protocol:0
[   20.413152] firmadyne: ioctl: 0xc0207223
[   20.414752] firmadyne: ioctl: 0xc0207223
[   20.416290] firmadyne: ioctl: 0xc0207223
[   20.421055] firmadyne: sys_socket[PID: 106 (klogd)]: family:1, type:2, protocol:0
[   20.433886] firmadyne: ioctl: 0xc0207223
[   20.435415] firmadyne: ioctl: 0xc0207223
[   20.437171] firmadyne: sys_socket[PID: 106 (klogd)]: family:1, type:1, protocol:0
[   20.439003] firmadyne: sys_socket[PID: 106 (klogd)]: family:1, type:2, protocol:0
[   20.449345] firmadyne: ioctl: 0xc0207223
[   20.450895] firmadyne: ioctl: 0xc0207223
[   20.452463] firmadyne: ioctl: 0xc0207223
[   20.459046] firmadyne: sys_socket[PID: 106 (klogd)]: family:1, type:1, protocol:0
[   20.466136] firmadyne: ioctl: 0xc0207223
[   20.467838] firmadyne: ioctl: 0xc0207223
[   20.473293] firmadyne: sys_socket[PID: 106 (klogd)]: family:1, type:2, protocol:0
[   20.481897] firmadyne: ioctl: 0xc0207223
[   20.483428] firmadyne: ioctl: 0xc0207223
[   20.489789] firmadyne: sys_socket[PID: 106 (klogd)]: family:1, type:1, protocol:0
[   20.491739] firmadyne: sys_socket[PID: 106 (klogd)]: family:1, type:2, protocol:0
[   20.497457] firmadyne: ioctl: 0xc0207223
[   20.498993] firmadyne: ioctl: 0xc0207223
[   20.500781] firmadyne: ioctl: 0xc0207223
[   20.511662] firmadyne: sys_socket[PID: 106 (klogd)]: family:1, type:1, protocol:0
[   20.517920] firmadyne: ioctl: 0xc0207223
[   20.519468] firmadyne: ioctl: 0xc0207223
[   20.525662] firmadyne: sys_socket[PID: 106 (klogd)]: family:1, type:2, protocol:0
[   20.541036] firmadyne: ioctl: 0xc0207223
[   20.542792] firmadyne: ioctl: 0xc0207223
[   20.544778] firmadyne: ioctl: 0xc0207223
[   20.549738] firmadyne: sys_socket[PID: 106 (klogd)]: family:1, type:1, protocol:0
[   20.551622] firmadyne: sys_socket[PID: 106 (klogd)]: family:1, type:2, protocol:0
Warning: Bad CRC, using default environment
[   20.563808] firmadyne: ioctl: 0xc0207223
[   20.567838] firmadyne: sys_socket[PID: 106 (klogd)]: family:1, type:1, protocol:0
[   20.577938] firmadyne: ioctl: 0xc0207223
[   20.579693] firmadyne: ioctl: 0xc0207223
[   20.581782] firmadyne: sys_socket[PID: 106 (klogd)]: family:1, type:2, protocol:0
[   20.593731] firmadyne: ioctl: 0xc0207223
[   20.595536] firmadyne: ioctl: 0xc0207223
[   20.598087] firmadyne: sys_socket[PID: 106 (klogd)]: family:1, type:1, protocol:0
[   20.600193] firmadyne: sys_socket[PID: 106 (klogd)]: family:1, type:2, protocol:0
[   20.613628] firmadyne: ioctl: 0xc0207223
[   20.615181] firmadyne: ioctl: 0xc0207223
[   20.622284] firmadyne: ioctl: 0xc0587200
[   20.633420] firmadyne: ioctl: 0xc0207223
[   20.635254] firmadyne: ioctl: 0xc0207223
[   20.646813] firmadyne: sys_socket[PID: 106 (klogd)]: family:1, type:1, protocol:0
[   20.653135] firmadyne: ioctl: 0xc0207223
[   20.655014] firmadyne: ioctl: 0xc0207223
[   20.663136] firmadyne: sys_socket[PID: 106 (klogd)]: family:1, type:2, protocol:0
[   20.675743] firmadyne: ioctl: 0xc0207223
[   20.679658] firmadyne: sys_socket[PID: 106 (klogd)]: family:1, type:1, protocol:0
[   20.692249] firmadyne: ioctl: 0xc0207223
[   20.698341] firmadyne: sys_socket[PID: 106 (klogd)]: family:1, type:2, protocol:0
[   20.703040] firmadyne: ioctl: 0xc0207223
[   20.722747] firmadyne: ioctl: 0xc0207223
[   20.725886] firmadyne: sys_socket[PID: 106 (klogd)]: family:1, type:1, protocol:0
[   20.728234] firmadyne: sys_socket[PID: 106 (klogd)]: family:1, type:2, protocol:0
[   20.734018] firmadyne: ioctl: 0xc0207223
[   20.736448] firmadyne: ioctl: 0xc0207223
[   20.742937] firmadyne: sys_socket[PID: 106 (klogd)]: family:1, type:1, protocol:0
[   20.754659] firmadyne: ioctl: 0xc0207223
[   20.765208] firmadyne: sys_socket[PID: 106 (klogd)]: family:1, type:2, protocol:0
[   20.773438] firmadyne: ioctl: 0xc0207223
[   20.775730] firmadyne: ioctl: 0xc0207223
[   20.781421] firmadyne: sys_socket[PID: 106 (klogd)]: family:1, type:1, protocol:0
[   20.783246] firmadyne: sys_socket[PID: 106 (klogd)]: family:1, type:2, protocol:0
[   20.790353] firmadyne: ioctl: 0xc0207223
[   20.799516] firmadyne: sys_socket[PID: 106 (klogd)]: family:1, type:1, protocol:0
[   20.804804] firmadyne: ioctl: 0xc0207223
[   20.807053] firmadyne: ioctl: 0xc0207223
[   20.817676] firmadyne: sys_socket[PID: 106 (klogd)]: family:1, type:2, protocol:0
[   20.821782] firmadyne: ioctl: 0xc0207223
[   20.824002] firmadyne: ioctl: 0xc0207223
[   20.851983] firmadyne: ioctl: 0xc0207223
[   20.863027] firmadyne: ioctl: 0xc0207223
[   20.873743] firmadyne: ioctl: 0xc0207223
[   20.875956] firmadyne: ioctl: 0xc0207223
[   20.886654] firmadyne: ioctl: 0xc0207223
[   20.897365] firmadyne: sys_socket[PID: 106 (klogd)]: family:1, type:1, protocol:0
[   20.899214] firmadyne: sys_socket[PID: 106 (klogd)]: family:1, type:2, protocol:0
[   20.901534] firmadyne: ioctl: 0xc0207223
[   20.903786] firmadyne: ioctl: 0xc0207223
[   20.914457] firmadyne: ioctl: 0xc0207223
[   20.919404] firmadyne: sys_socket[PID: 106 (klogd)]: family:1, type:1, protocol:0
[   20.932153] firmadyne: ioctl: 0xc0207223
[   20.934708] firmadyne: ioctl: 0xc0207223
[   20.937817] firmadyne: sys_socket[PID: 106 (klogd)]: family:1, type:2, protocol:0
[   20.947399] firmadyne: sys_socket[PID: 106 (klogd)]: family:1, type:1, protocol:0
[   20.949122] firmadyne: ioctl: 0xc0207223
[   20.951324] firmadyne: ioctl: 0xc0207223
[   20.961801] firmadyne: sys_socket[PID: 106 (klogd)]: family:1, type:2, protocol:0
[   20.966094] firmadyne: ioctl: 0xc0207223
[   20.968308] firmadyne: ioctl: 0xc0207223
[   20.970839] firmadyne: sys_socket[PID: 112 (oamd)]: family:16, type:3, protocol:2
[   20.977955] firmadyne: sys_socket[PID: 106 (klogd)]: family:1, type:1, protocol:0
[   20.979845] firmadyne: sys_socket[PID: 106 (klogd)]: family:1, type:2, protocol:0
[   20.986598] firmadyne: ioctl: 0xc0207223
[   20.995687] firmadyne: sys_socket[PID: 106 (klogd)]: family:1, type:1, protocol:0
[   21.005123] firmadyne: ioctl: 0xc0207223
[   21.007361] firmadyne: ioctl: 0xc0207223
[   21.009695] firmadyne: sys_socket[PID: 106 (klogd)]: family:1, type:2, protocol:0
[   21.021985] firmadyne: ioctl: 0xc0207223
[   21.024182] firmadyne: ioctl: 0xc0207223
[   21.026166] firmadyne: sys_socket[PID: 106 (klogd)]: family:1, type:1, protocol:0
[   21.028059] firmadyne: sys_socket[PID: 106 (klogd)]: family:1, type:2, protocol:0
[   21.034642] firmadyne: ioctl: 0xc0207223
[   21.040004] firmadyne: sys_socket[PID: 106 (klogd)]: family:1, type:1, protocol:0
[   21.045095] firmadyne: ioctl: 0xc0207223
[   21.047285] firmadyne: ioctl: 0xc0207223
[   21.049718] firmadyne: sys_socket[PID: 106 (klogd)]: family:1, type:2, protocol:0
[   21.058042] firmadyne: ioctl: 0xc0207223
[   21.060233] firmadyne: ioctl: 0xc0207223
[   21.062355] firmadyne: sys_socket[PID: 106 (klogd)]: family:1, type:1, protocol:0
[   21.064217] firmadyne: sys_socket[PID: 106 (klogd)]: family:1, type:2, protocol:0
[   21.070517] firmadyne: ioctl: 0xc0207223
[   21.079795] firmadyne: sys_socket[PID: 106 (klogd)]: family:1, type:1, protocol:0
[   21.081569] firmadyne: ioctl: 0xc0207223
[   21.083842] firmadyne: ioctl: 0xc0207223
nvram_init: Initializing NVRAM...
sem_get: Key: [   21.089938] firmadyne: sys_socket[PID: 106 (klogd)]: family:1, type:2, protocol:0
[   21.094539] firmadyne: ioctl: 0xc0207223
41014005
[   21.105597] firmadyne: sys_socket[PID: 106 (klogd)]: family:1, type:1, protocol:0
[   21.107556] firmadyne: sys_socket[PID: 106 (klogd)]: family:1, type:2, protocol:0
[   21.109325] firmadyne: ioctl: 0xc0207223
[   21.111591] firmadyne: ioctl: 0xc0207223
[   21.115643] firmadyne: sys_socket[PID: 106 (klogd)]: family:1, type:1, protocol:0
[   21.118415] firmadyne: ioctl: 0xc0207223
sem_get: Key: 41110222[   21.125977] firmadyne: sys_socket[PID: 106 (klogd)]: family:1, type:2, protocol:0
[   21.129006] firmadyne: ioctl: 0xc0207223
[   21.131209] firmadyne: ioctl: 0xc0207223

nvram_set_default_builtin: Setting built-in default values!
[   21.138004] firmadyne: sys_socket[PID: 106 (klogd)]: family:1, type:1, protocol:0
[   21.139863] firmadyne: sys_socket[PID: 106 (klogd)]: family:1, type:2, protocol:0
[   21.142316] firmadyne: ioctl: 0xc0207223
[   21.144807] firmadyne: ioctl: 0xc0207223
nvram_set: console_loglevel = "7"
[   21.155765] firmadyne: sys_socket[PID: 106 (klogd)]: family:1, type:1, protocol:0
[   21.159183] firmadyne: ioctl: 0xc0207223
[   21.161697] firmadyne: ioctl: 0xc0207223
[   21.163842] firmadyne: ioctl: 0xc0207223
[   21.165649] firmadyne: sys_socket[PID: 106 (klogd)]: family:1, type:2, protocol:0
sem_get: Key: 41110222
[   21.174408] firmadyne: ioctl: 0xc0207223
sem_get: Key: 41110222
[   21.181790] firmadyne: sys_socket[PID: 106 (klogd)]: family:1, type:1, protocol:0
[   21.183702] firmadyne: sys_socket[PID: 106 (klogd)]: family:1, type:2, protocol:0
[   21.185346] firmadyne: ioctl: 0xc0207223
[   21.187605] firmadyne: ioctl: 0xc0207223
nvram_set: restore_defaults[   21.196020] firmadyne: sys_socket[PID: 106 (klogd)]: family:1, type:1, protocol:0
[   21.198942] firmadyne: ioctl: 0xc0207223
 = "1"
sem_get: Key: 41110222
[   21.206054] firmadyne: sys_socket[PID: 106 (klogd)]: family:1, type:2, protocol:0
[   21.209598] firmadyne: ioctl: 0xc0207223
[   21.211714] firmadyne: ioctl: 0xc0207223
[   21.214118] firmadyne: sys_socket[PID: 106 (klogd)]: family:1, type:1, protocol:0
[   21.215891] firmadyne: sys_socket[PID: 106 (klogd)]: family:1, type:2, protocol:0
sem_get: Key: 41110222
[   21.222272] firmadyne: ioctl: 0xc0207223
[   21.224395] firmadyne: ioctl: 0xc0207223
nvram_set: sku_name[   21.232019] firmadyne: sys_socket[PID: 106 (klogd)]: family:1, type:1, protocol:0
[   21.235209] firmadyne: ioctl: 0xc0207223
 = ""
sem_get: Key: 41110222
[   21.241631] firmadyne: sys_socket[PID: 106 (klogd)]: family:1, type:2, protocol:0
[   21.245825] firmadyne: ioctl: 0xc0207223
[   21.247941] firmadyne: ioctl: 0xc0207223
sem_get: Key: 41110222
[   21.253641] firmadyne: sys_socket[PID: 106 (klogd)]: family:1, type:1, protocol:0
[   21.255454] firmadyne: sys_socket[PID: 106 (klogd)]: family:1, type:2, protocol:0
[   21.258752] firmadyne: ioctl: 0xc0207223
nvram_set: wla_wlanstate = ""
[   21.267683] firmadyne: sys_socket[PID: 106 (klogd)]: family:1, type:1, protocol:0
[   21.269407] firmadyne: ioctl: 0xc0207223
[   21.271574] firmadyne: ioctl: 0xc0207223
sem_get: Key: 41110222
sem_get[   21.277831] firmadyne: sys_socket[PID: 106 (klogd)]: family:1, type:2, protocol:0
[   21.282151] firmadyne: ioctl: 0xc0207223
[   21.284251] firmadyne: ioctl: 0xc0207223
: Key: 41110222
[   21.289855] firmadyne: sys_socket[PID: 106 (klogd)]: family:1, type:1, protocol:0
[   21.291634] firmadyne: sys_socket[PID: 106 (klogd)]: family:1, type:2, protocol:0
[   21.294689] firmadyne: ioctl: 0xc0207223
nvram_set: lan_if = "br0"
[   21.303511] firmadyne: sys_socket[PID: 106 (klogd)]: family:1, type:1, protocol:0
[   21.305126] firmadyne: ioctl: 0xc0207223
[   21.307287] firmadyne: ioctl: 0xc0207223
sem_get: Key: 41110222
sem_get[   21.313742] firmadyne: sys_socket[PID: 106 (klogd)]: family:1, type:2, protocol:0
[   21.317880] firmadyne: ioctl: 0xc0207223
[   21.320099] firmadyne: ioctl: 0xc0207223
: Key: 41110222
[   21.325800] firmadyne: sys_socket[PID: 106 (klogd)]: family:1, type:1, protocol:0
[   21.327577] firmadyne: sys_socket[PID: 106 (klogd)]: family:1, type:2, protocol:0
[   21.330633] firmadyne: ioctl: 0xc0207223
nvram_set: lan_ipaddr = "192.168.0.50"
sem_get[   21.339859] firmadyne: sys_socket[PID: 106 (klogd)]: family:1, type:1, protocol:0
[   21.341607] firmadyne: ioctl: 0xc0207223
[   21.343765] firmadyne: ioctl: 0xc0207223
: Key: 41110222
sem_get: Key: 41110222
[   21.353703] firmadyne: sys_socket[PID: 106 (klogd)]: family:1, type:2, protocol:0
[   21.358612] firmadyne: ioctl: 0xc0207223
nvram_set: lan_bipaddr = "192.168.0.255[   21.365237] firmadyne: ioctl: 0xc0207223
[   21.367409] firmadyne: ioctl: 0xc0207223
[   21.369704] firmadyne: sys_socket[PID: 106 (klogd)]: family:1, type:1, protocol:0
[   21.371509] firmadyne: sys_socket[PID: 106 (klogd)]: family:1, type:2, protocol:0
"
sem_get: Key: 41110222
[   21.378087] firmadyne: ioctl: 0xc0207223
[   21.380184] firmadyne: ioctl: 0xc0207223
[   21.383822] firmadyne: sys_socket[PID: 106 (klogd)]: family:1, type:1, protocol:0
sem_get: Key: 41110222
[   21.390520] firmadyne: ioctl: 0xc0207223
[   21.393783] firmadyne: sys_socket[PID: 106 (klogd)]: family:1, type:2, protocol:0
nvram_set: lan_netmask = "255.255.255.0[   21.401168] firmadyne: ioctl: 0xc0207223
[   21.403346] firmadyne: ioctl: 0xc0207223
[   21.405835] firmadyne: sys_socket[PID: 106 (klogd)]: family:1, type:1, protocol:0
[   21.407628] firmadyne: sys_socket[PID: 106 (klogd)]: family:1, type:2, protocol:0
"
sem_get: Key: 41110222
[   21.413976] firmadyne: ioctl: 0xc0207223
[   21.416070] firmadyne: ioctl: 0xc0207223
[   21.419808] firmadyne: sys_socket[PID: 106 (klogd)]: family:1, type:1, protocol:0
sem_get: Key: 41110222
[   21.426475] firmadyne: ioctl: 0xc0207223
[   21.429652] firmadyne: sys_socket[PID: 106 (klogd)]: family:1, type:2, protocol:0
nvram_set: time_zone = "PST8PDT[   21.436900] firmadyne: ioctl: 0xc0207223
[   21.439084] firmadyne: ioctl: 0xc0207223
[   21.441617] firmadyne: sys_socket[PID: 106 (klogd)]: family:1, type:1, protocol:0
[   21.443387] firmadyne: sys_socket[PID: 106 (klogd)]: family:1, type:2, protocol:0
"
sem_get: Key: 41110222
[   21.449629] firmadyne: ioctl: 0xc0207223
[   21.451728] firmadyne: ioctl: 0xc0207223
[   21.455431] firmadyne: sys_socket[PID: 106 (klogd)]: family:1, type:1, protocol:0
sem_get: Key: 41110222
[   21.462250] firmadyne: ioctl: 0xc0207223
[   21.464344] firmadyne: ioctl: 0xc0207223
[   21.466083] firmadyne: sys_socket[PID: 106 (klogd)]: family:1, type:2, protocol:0
nvram_set: wan_hwaddr_def = "01:23:45:67:89:ab"
[   21.474337] firmadyne: sys_socket[PID: 106 (klogd)]: family:1, type:1, protocol:0
[   21.476112] firmadyne: sys_socket[PID: 106 (klogd)]: family:1, type:2, protocol:0
[   21.479261] firmadyne: ioctl: 0xc0207223
sem_get: Key: 41110222
[   21.485808] firmadyne: ioctl: 0xc0207223
[   21.487926] firmadyne: ioctl: 0xc0207223
[   21.491532] firmadyne: sys_socket[PID: 106 (klogd)]: family:1, type:1, protocol:0
sem_get: Key: 41110222
[   21.498444] firmadyne: ioctl: 0xc0207223
[   21.500789] firmadyne: ioctl: 0xc0207223
[   21.502372] firmadyne: sys_socket[PID: 106 (klogd)]: family:1, type:2, protocol:0
nvram_set: wan_ifname = "eth0"
[   21.510305] firmadyne: sys_socket[PID: 106 (klogd)]: family:1, type:1, protocol:0
[   21.512077] firmadyne: sys_socket[PID: 106 (klogd)]: family:1, type:2, protocol:0
[   21.515208] firmadyne: ioctl: 0xc0207223
sem_get: Key: 41110222
[   21.521761] firmadyne: ioctl: 0xc0207223
[   21.523866] firmadyne: ioctl: 0xc0207223
[   21.527657] firmadyne: sys_socket[PID: 106 (klogd)]: family:1, type:1, protocol:0
sem_get: Key: 41110222
[   21.534388] firmadyne: ioctl: 0xc0207223
[   21.536738] firmadyne: ioctl: 0xc0207223
[   21.538364] firmadyne: sys_socket[PID: 106 (klogd)]: family:1, type:2, protocol:0
nvram_set: lan_ifnames = "eth1 eth2 eth3 eth4"
[   21.547794] firmadyne: sys_socket[PID: 106 (klogd)]: family:1, type:1, protocol:0
[   21.550850] firmadyne: ioctl: 0xc0207223
sem_get: Key: 41110222
[   21.557900] firmadyne: sys_socket[PID: 106 (klogd)]: family:1, type:2, protocol:0
[   21.561157] firmadyne: ioctl: 0xc0207223
[   21.563326] firmadyne: ioctl: 0xc0207223
sem_get: Key: 41110222
[   21.569858] firmadyne: sys_socket[PID: 106 (klogd)]: family:1, type:1, protocol:0
[   21.571659] firmadyne: sys_socket[PID: 106 (klogd)]: family:1, type:2, protocol:0
[   21.574152] firmadyne: ioctl: 0xc0207223
[   21.576263] firmadyne: ioctl: 0xc0207223
nvram_set: ethConver = "1[   21.583819] firmadyne: sys_socket[PID: 106 (klogd)]: family:1, type:1, protocol:0
[   21.587219] firmadyne: ioctl: 0xc0207223
"
sem_get: Key: 41110222
[   21.593718] firmadyne: sys_socket[PID: 106 (klogd)]: family:1, type:2, protocol:0
[   21.598085] firmadyne: ioctl: 0xc0207223
[   21.600190] firmadyne: ioctl: 0xc0207223
sem_get: Key: 41110222
[   21.605836] firmadyne: sys_socket[PID: 106 (klogd)]: family:1, type:1, protocol:0
[   21.607636] firmadyne: sys_socket[PID: 106 (klogd)]: family:1, type:2, protocol:0
[   21.610695] firmadyne: ioctl: 0xc0207223
nvram_set: lan_proto = "dhcp[   21.619985] firmadyne: sys_socket[PID: 106 (klogd)]: family:1, type:1, protocol:0
[   21.621800] firmadyne: ioctl: 0xc0207223
[   21.623983] firmadyne: ioctl: 0xc0207223
"
sem_get: Key: 41110222
[   21.630598] firmadyne: ioctl: 0xc0207223
[   21.633777] firmadyne: sys_socket[PID: 106 (klogd)]: family:1, type:2, protocol:0
sem_get: Key: 41110222
[   21.641107] firmadyne: ioctl: 0xc0207223
[   21.643282] firmadyne: ioctl: 0xc0207223
[   21.645786] firmadyne: sys_socket[PID: 106 (klogd)]: family:1, type:1, protocol:0
[   21.647581] firmadyne: sys_socket[PID: 106 (klogd)]: family:1, type:2, protocol:0
nvram_set: wan_ipaddr = "0.0.0.0"
[   21.654129] firmadyne: ioctl: 0xc0207223
[   21.656224] firmadyne: ioctl: 0xc0207223
[   21.660043] firmadyne: sys_socket[PID: 106 (klogd)]: family:1, type:1, protocol:0
sem_get: Key: 41110222
[   21.667138] firmadyne: ioctl: 0xc0207223
sem_get: Key: 41110222
[   21.673667] firmadyne: sys_socket[PID: 106 (klogd)]: family:1, type:2, protocol:0
[   21.677830] firmadyne: ioctl: 0xc0207223
[   21.679956] firmadyne: ioctl: 0xc0207223
nvram_set: wan_netmask = "255.255.255.0"
[   21.686147] firmadyne: sys_socket[PID: 106 (klogd)]: family:1, type:1, protocol:0
[   21.691134] firmadyne: ioctl: 0xc0207223
[   21.692979] firmadyne: sys_socket[PID: 106 (klogd)]: family:1, type:2, protocol:0
sem_get: Key: 41110222
[   21.701729] firmadyne: ioctl: 0xc0207223
[   21.703868] firmadyne: ioctl: 0xc0207223
[   21.705227] firmadyne: sys_socket[PID: 106 (klogd)]: family:1, type:1, protocol:0
[   21.707439] firmadyne: sys_socket[PID: 106 (klogd)]: family:1, type:2, protocol:0
sem_get: Key: 41110222
[   21.714582] firmadyne: ioctl: 0xc0207223
nvram_set: wanif = "[   21.723913] firmadyne: sys_socket[PID: 106 (klogd)]: family:1, type:1, protocol:0
[   21.725903] firmadyne: ioctl: 0xc0207223
[   21.728818] firmadyne: ioctl: 0xc0207223
eth0"
sem_get: Key: 41110222
[   21.733908] firmadyne: sys_socket[PID: 106 (klogd)]: family:1, type:2, protocol:0
[   21.738823] firmadyne: ioctl: 0xc0207223
sem_get: Key: 41110222
[   21.749195] firmadyne: sys_socket[PID: 106 (klogd)]: family:1, type:1, protocol:0
[   21.751186] firmadyne: sys_socket[PID: 106 (klogd)]: family:1, type:2, protocol:0
[   21.754024] firmadyne: ioctl: 0xc0207223
[   21.756707] firmadyne: ioctl: 0xc0207223
nvram_set: time_zone_x = "0"
sem_get[   21.767606] firmadyne: sys_socket[PID: 106 (klogd)]: family:1, type:1, protocol:0
[   21.771941] firmadyne: ioctl: 0xc0207223
: Key: 41110222
[   21.777844] firmadyne: sys_socket[PID: 106 (klogd)]: family:1, type:2, protocol:0
[   21.783003] firmadyne: ioctl: 0xc0207223
sem_get: Key: 41110222
[   21.789809] firmadyne: ioctl: 0xc0207223
[   21.792416] firmadyne: ioctl: 0xc0207223
[   21.795123] firmadyne: sys_socket[PID: 106 (klogd)]: family:1, type:1, protocol:0
nvram_set: rip_multicast = "0[   21.801939] firmadyne: sys_socket[PID: 106 (klogd)]: family:1, type:2, protocol:0
[   21.806680] firmadyne: ioctl: 0xc0207223
[   21.810590] firmadyne: sys_socket[PID: 106 (klogd)]: family:1, type:1, protocol:0
[   21.812496] firmadyne: sys_socket[PID: 106 (klogd)]: family:1, type:2, protocol:0
"
sem_get: Key: 41110222
[   21.817131] firmadyne: ioctl: 0xc0207223
[   21.819307] firmadyne: ioctl: 0xc0207223
sem_get: Key: 41110222
[   21.827815] firmadyne: sys_socket[PID: 106 (klogd)]: family:1, type:1, protocol:0
[   21.830455] firmadyne: ioctl: 0xc0207223
nvram_set: bs_trustedip_enable[   21.837326] firmadyne: ioctl: 0xc0207223
[   21.839622] firmadyne: ioctl: 0xc0207223
[   21.841666] firmadyne: sys_socket[PID: 106 (klogd)]: family:1, type:2, protocol:0
 = "0"
sem_get: Key: 41110222
[   21.850534] firmadyne: ioctl: 0xc0207223
[   21.853903] firmadyne: sys_socket[PID: 106 (klogd)]: family:1, type:1, protocol:0
[   21.855782] firmadyne: sys_socket[PID: 106 (klogd)]: family:1, type:2, protocol:0
sem_get: Key: 41110222
[   21.861105] firmadyne: ioctl: 0xc0207223
[   21.863279] firmadyne: ioctl: 0xc0207223
[   21.867948] firmadyne: sys_socket[PID: 106 (klogd)]: family:1, type:1, protocol:0
nvram_set: [   21.874226] firmadyne: ioctl: 0xc0207223
[   21.876465] firmadyne: ioctl: 0xc0207223
[   21.878284] firmadyne: sys_socket[PID: 106 (klogd)]: family:1, type:2, protocol:0
et0macaddr = "01:23:45:67:89:ab"
sem_get: Key: 41110222
[   21.886824] firmadyne: ioctl: 0xc0207223
[   21.890410] firmadyne: sys_socket[PID: 106 (klogd)]: family:1, type:1, protocol:0
[   21.892292] firmadyne: sys_socket[PID: 106 (klogd)]: family:1, type:2, protocol:0
sem_get: Key: 41110222[   21.897804] firmadyne: ioctl: 0xc0207223
[   21.900040] firmadyne: ioctl: 0xc0207223
[   21.903942] firmadyne: sys_socket[PID: 106 (klogd)]: family:1, type:1, protocol:0

[   21.910476] firmadyne: ioctl: 0xc0207223
nvram_set: filter_rule_tbl = ""
sem_get: Key: [   21.917734] firmadyne: sys_socket[PID: 106 (klogd)]: family:1, type:2, protocol:0
[   21.921029] firmadyne: ioctl: 0xc0207223
[   21.923366] firmadyne: ioctl: 0xc0207223
41110222
sem_get: Key: 41110222
[   21.930415] firmadyne: sys_socket[PID: 106 (klogd)]: family:1, type:1, protocol:0
[   21.932266] firmadyne: sys_socket[PID: 106 (klogd)]: family:1, type:2, protocol:0
[   21.935014] firmadyne: ioctl: 0xc0207223
nvram_set: [   21.943728] firmadyne: sys_socket[PID: 106 (klogd)]: family:1, type:1, protocol:0
[   21.947717] firmadyne: ioctl: 0xc0207223
[   21.950138] firmadyne: ioctl: 0xc0207223
[   21.952296] firmadyne: ioctl: 0xc0207223
pppoe2_schedule_config = "127:0:0:23:59"
sem_get: Key: 41110222[   21.958264] firmadyne: sys_socket[PID: 106 (klogd)]: family:1, type:2, protocol:0
[   21.962543] firmadyne: ioctl: 0xc0207223

sem_get: Key: 41110222
[   21.970841] firmadyne: sys_socket[PID: 106 (klogd)]: family:1, type:1, protocol:0
[   21.973510] firmadyne: ioctl: 0xc0207223
[   21.975880] firmadyne: ioctl: 0xc0207223
[   21.976957] firmadyne: sys_socket[PID: 106 (klogd)]: family:1, type:2, protocol:0
nvram_set: [   21.986409] firmadyne: ioctl: 0xc0207223
[   21.988779] firmadyne: ioctl: 0xc0207223
[   21.989727] firmadyne: sys_socket[PID: 106 (klogd)]: family:1, type:1, protocol:0
[   21.991578] firmadyne: sys_socket[PID: 106 (klogd)]: family:1, type:2, protocol:0
schedule_config = "127:0:0:23:59"
sem_get: Key: 41110222
[   21.999969] firmadyne: sys_socket[PID: 106 (klogd)]: family:1, type:1, protocol:0
[   22.003142] firmadyne: ioctl: 0xc0207223
sem_get: Key: 41110222
[   22.009959] firmadyne: ioctl: 0xc0207223
[   22.012173] firmadyne: ioctl: 0xc0207223
[   22.014056] firmadyne: sys_socket[PID: 106 (klogd)]: family:1, type:2, protocol:0
nvram_set: access_control_mode[   22.022848] firmadyne: ioctl: 0xc0207223
[   22.026170] firmadyne: sys_socket[PID: 106 (klogd)]: family:1, type:1, protocol:0
[   22.028017] firmadyne: sys_socket[PID: 106 (klogd)]: family:1, type:2, protocol:0
 = "0"
sem_get: Key: 41110222
[   22.033893] firmadyne: ioctl: 0xc0207223
[   22.036092] firmadyne: ioctl: 0xc0207223
[   22.039917] firmadyne: sys_socket[PID: 106 (klogd)]: family:1, type:1, protocol:0
sem_get: Key: 41110222
[   22.046851] firmadyne: ioctl: 0xc0207223
[   22.049662] firmadyne: sys_socket[PID: 106 (klogd)]: family:1, type:2, protocol:0
nvram_set: [   22.057432] firmadyne: ioctl: 0xc0207223
[   22.059630] firmadyne: ioctl: 0xc0207223
[   22.061752] firmadyne: sys_socket[PID: 106 (klogd)]: family:1, type:1, protocol:0
[   22.063602] firmadyne: sys_socket[PID: 106 (klogd)]: family:1, type:2, protocol:0
fwpt_df_count = "0"
sem_get: Key: 41110222
[   22.070508] firmadyne: ioctl: 0xc0207223
[   22.075712] firmadyne: sys_socket[PID: 106 (klogd)]: family:1, type:1, protocol:0
sem_get: Key: 41110222
[   22.081326] firmadyne: ioctl: 0xc0207223
[   22.083579] firmadyne: ioctl: 0xc0207223
nvram_set: [   22.089647] firmadyne: sys_socket[PID: 106 (klogd)]: family:1, type:2, protocol:0
[   22.094184] firmadyne: ioctl: 0xc0207223
[   22.096357] firmadyne: ioctl: 0xc0207223
static_if_status = "1"
sem_get: Key: 41110222[   22.101933] firmadyne: sys_socket[PID: 106 (klogd)]: family:1, type:1, protocol:0
[   22.103784] firmadyne: sys_socket[PID: 106 (klogd)]: family:1, type:2, protocol:0
[   22.106886] firmadyne: ioctl: 0xc0207223

sem_get: Key: 41110222
[   22.115823] firmadyne: sys_socket[PID: 106 (klogd)]: family:1, type:1, protocol:0
[   22.117978] firmadyne: ioctl: 0xc0207223
[   22.120174] firmadyne: ioctl: 0xc0207223
nvram_set[   22.125622] firmadyne: sys_socket[PID: 106 (klogd)]: family:1, type:2, protocol:0
[   22.130528] firmadyne: ioctl: 0xc0207223
: www_relocation = ""
sem_get: Key: 41110222
[   22.137778] firmadyne: sys_socket[PID: 106 (klogd)]: family:1, type:1, protocol:0
[   22.139614] firmadyne: sys_socket[PID: 106 (klogd)]: family:1, type:2, protocol:0
[   22.141285] firmadyne: ioctl: 0xc0207223
[   22.143514] firmadyne: ioctl: 0xc0207223
sem_get: Key: [   22.151713] firmadyne: sys_socket[PID: 106 (klogd)]: family:1, type:1, protocol:0
[   22.154417] firmadyne: ioctl: 0xc0207223
41110222
[   22.161645] firmadyne: sys_socket[PID: 106 (klogd)]: family:1, type:2, protocol:0
[   22.164990] firmadyne: ioctl: 0xc0207223
[   22.167268] firmadyne: ioctl: 0xc0207223
nvram_set: usb_info_dev0 = "A200396E0402FF83@1@14.4G@U@1@USB_Storage;U:;0;0@"
[   22.173704] firmadyne: sys_socket[PID: 106 (klogd)]: family:1, type:1, protocol:0
[   22.175534] firmadyne: sys_socket[PID: 106 (klogd)]: family:1, type:2, protocol:0
[   22.177982] firmadyne: ioctl: 0xc0207223
[   22.180142] firmadyne: ioctl: 0xc0207223
sem_get: Key: 41110222
sem_get: Key: 41110222
[   22.194493] firmadyne: ioctl: 0xc0207223
nvram_set[   22.213266] firmadyne: ioctl: 0xc0207223
[   22.215581] firmadyne: ioctl: 0xc0207223
: usb_info_dev1 = "A200396E0402FF83@1@14.4G@U@1@USB_Storage;U:;0;0@"
sem_get: Key: [   22.222172] firmadyne: ioctl: 0xc0207223
[   22.224349] firmadyne: ioctl: 0xc0207223
41110222
sem_get[   22.230713] firmadyne: ioctl: 0xc0207223
: Key: 41110222
[   22.237077] firmadyne: ioctl: 0xc0207223
[   22.239238] firmadyne: ioctl: 0xc0207223
[   22.241353] firmadyne: sys_socket[PID: 106 (klogd)]: family:1, type:1, protocol:0
[   22.243188] firmadyne: sys_socket[PID: 106 (klogd)]: family:1, type:2, protocol:0
nvram_set: usb_info_dev2 = "A200396E0402FF83@1@14.4G@U@1@USB_Storage;U:;0;0@"
[   22.250265] firmadyne: ioctl: 0xc0207223
[   22.252397] firmadyne: ioctl: 0xc0207223
[   22.255786] firmadyne: sys_socket[PID: 106 (klogd)]: family:1, type:1, protocol:0
sem_get: Key: 41110222
[   22.262560] firmadyne: ioctl: 0xc0207223
sem_get: Key: 41110222
[   22.269730] firmadyne: sys_socket[PID: 106 (klogd)]: family:1, type:2, protocol:0
[   22.273146] firmadyne: ioctl: 0xc0207223
[   22.275314] firmadyne: ioctl: 0xc0207223
nvram_set: usb_info_dev3 = "A200396E0402FF83@1@14.4G@U@1@USB_Storage;U:;0;0@[   22.281877] firmadyne: sys_socket[PID: 106 (klogd)]: family:1, type:1, protocol:0
[   22.283731] firmadyne: sys_socket[PID: 106 (klogd)]: family:1, type:2, protocol:0
[   22.286250] firmadyne: ioctl: 0xc0207223
[   22.288436] firmadyne: ioctl: 0xc0207223
"
sem_get: Key: 41110222
[   22.295697] firmadyne: sys_socket[PID: 106 (klogd)]: family:1, type:1, protocol:0
[   22.298797] firmadyne: ioctl: 0xc0207223
sem_get: Key: 41110222
[   22.305651] firmadyne: sys_socket[PID: 106 (klogd)]: family:1, type:2, protocol:0
[   22.309150] firmadyne: ioctl: 0xc0207223
[   22.311317] firmadyne: ioctl: 0xc0207223
nvram_set: usb_info_dev4[   22.317701] firmadyne: sys_socket[PID: 106 (klogd)]: family:1, type:1, protocol:0
[   22.319495] firmadyne: sys_socket[PID: 106 (klogd)]: family:1, type:2, protocol:0
[   22.322188] firmadyne: ioctl: 0xc0207223
[   22.324360] firmadyne: ioctl: 0xc0207223
 = "A200396E0402FF83@1@14.4G@U@1@USB_Storage;U:;0;0@"
sem_get: Key: 41110222[   22.331412] firmadyne: sys_socket[PID: 106 (klogd)]: family:1, type:1, protocol:0

sem_get: Key: 41110222
[   22.338992] firmadyne: ioctl: 0xc0207223
[   22.341530] firmadyne: sys_socket[PID: 106 (klogd)]: family:1, type:2, protocol:0
[   22.347062] firmadyne: ioctl: 0xc0207223
nvram_set: [   22.353646] firmadyne: sys_socket[PID: 106 (klogd)]: family:1, type:1, protocol:0
[   22.355519] firmadyne: sys_socket[PID: 106 (klogd)]: family:1, type:2, protocol:0
[   22.357964] firmadyne: ioctl: 0xc0207223
[   22.360133] firmadyne: ioctl: 0xc0207223
usb_info_dev5 = "A200396E0402FF83@1@14.4G@U@1@USB_Storage;U:;0;0@"
sem_get: Key: [   22.367575] firmadyne: sys_socket[PID: 106 (klogd)]: family:1, type:1, protocol:0
[   22.370694] firmadyne: ioctl: 0xc0207223
41110222
sem_get: Key: 41110222[   22.378086] firmadyne: sys_socket[PID: 106 (klogd)]: family:1, type:2, protocol:0
[   22.381151] firmadyne: ioctl: 0xc0207223
[   22.383323] firmadyne: ioctl: 0xc0207223

nvram_set[   22.390436] firmadyne: sys_socket[PID: 106 (klogd)]: family:1, type:1, protocol:0
[   22.392285] firmadyne: sys_socket[PID: 106 (klogd)]: family:1, type:2, protocol:0
[   22.394888] firmadyne: ioctl: 0xc0207223
: usb_info_dev6 = "A200396E0402FF83@1@14.4G@U@1@USB_Storage;U:;0;0@"
sem_get: Key: 41110222[   22.401807] firmadyne: ioctl: 0xc0207223
[   22.403975] firmadyne: ioctl: 0xc0207223
[   22.407830] firmadyne: sys_socket[PID: 106 (klogd)]: family:1, type:1, protocol:0

sem_get: Key: 41110222[   22.414811] firmadyne: ioctl: 0xc0207223
[   22.418002] firmadyne: sys_socket[PID: 106 (klogd)]: family:1, type:2, protocol:0

nvram_set[   22.425436] firmadyne: ioctl: 0xc0207223
[   22.427749] firmadyne: ioctl: 0xc0207223
[   22.430247] firmadyne: sys_socket[PID: 106 (klogd)]: family:1, type:1, protocol:0
[   22.432086] firmadyne: sys_socket[PID: 106 (klogd)]: family:1, type:2, protocol:0
: usb_info_dev7 = "A200396E0402FF83@1@14.4G@U@1@USB_Storage;U:;0;0@"
[   22.438266] firmadyne: ioctl: 0xc0207223
[   22.440442] firmadyne: ioctl: 0xc0207223
[   22.444283] firmadyne: sys_socket[PID: 106 (klogd)]: family:1, type:1, protocol:0
sem_get: Key: 41110222
[   22.450524] firmadyne: ioctl: 0xc0207223
sem_get: Key: 41110222
[   22.457654] firmadyne: sys_socket[PID: 106 (klogd)]: family:1, type:2, protocol:0
[   22.461105] firmadyne: ioctl: 0xc0207223
[   22.463275] firmadyne: ioctl: 0xc0207223
nvram_set: usb_info_dev8 = "A200396E0402FF83@1@14.4G@U@1@USB_Storage;U:;0;0@[   22.470118] firmadyne: sys_socket[PID: 106 (klogd)]: family:1, type:1, protocol:0
[   22.471968] firmadyne: sys_socket[PID: 106 (klogd)]: family:1, type:2, protocol:0
[   22.474503] firmadyne: ioctl: 0xc0207223
"
sem_get: Key: 41110222
[   22.483622] firmadyne: sys_socket[PID: 106 (klogd)]: family:1, type:1, protocol:0
[   22.485229] firmadyne: ioctl: 0xc0207223
[   22.487439] firmadyne: ioctl: 0xc0207223
sem_get: Key: 41110222
[   22.493652] firmadyne: sys_socket[PID: 106 (klogd)]: family:1, type:2, protocol:0
[   22.498062] firmadyne: ioctl: 0xc0207223
[   22.500206] firmadyne: ioctl: 0xc0207223
nvram_set: usb_info_dev9[   22.505744] firmadyne: sys_socket[PID: 106 (klogd)]: family:1, type:1, protocol:0
[   22.507594] firmadyne: sys_socket[PID: 106 (klogd)]: family:1, type:2, protocol:0
[   22.510668] firmadyne: ioctl: 0xc0207223
 = "A200396E0402FF83@1@14.4G@U@1@USB_Storage;U:;0;0@"
sem_get: Key: 41110222
[   22.519782] firmadyne: sys_socket[PID: 106 (klogd)]: family:1, type:1, protocol:0
[   22.521544] firmadyne: ioctl: 0xc0207223
[   22.523748] firmadyne: ioctl: 0xc0207223
sem_get: Key: 41110222
[   22.529658] firmadyne: sys_socket[PID: 106 (klogd)]: family:1, type:2, protocol:0
[   22.534322] firmadyne: ioctl: 0xc0207223
[   22.536730] firmadyne: ioctl: 0xc0207223
nvram_set[   22.541899] firmadyne: sys_socket[PID: 106 (klogd)]: family:1, type:1, protocol:0
[   22.543752] firmadyne: sys_socket[PID: 106 (klogd)]: family:1, type:2, protocol:0
[   22.548397] firmadyne: ioctl: 0xc0207223
: usb_info_dev10 = "A200396E0402FF83@1@14.4G@U@1@USB_Storage;U:;0;0@"
sem_get[   22.554717] firmadyne: ioctl: 0xc0207223
[   22.560299] firmadyne: sys_socket[PID: 106 (klogd)]: family:1, type:1, protocol:0
: Key: 41110222
[   22.565102] firmadyne: ioctl: 0xc0207223
[   22.567309] firmadyne: ioctl: 0xc0207223
[   22.569659] firmadyne: sys_socket[PID: 106 (klogd)]: family:1, type:2, protocol:0
sem_get: Key: 41110222
[   22.577891] firmadyne: ioctl: 0xc0207223
[   22.580222] firmadyne: ioctl: 0xc0207223
[   22.582177] firmadyne: sys_socket[PID: 106 (klogd)]: family:1, type:1, protocol:0
[   22.584074] firmadyne: sys_socket[PID: 106 (klogd)]: family:1, type:2, protocol:0
nvram_set: usb_info_dev11 = "A200396E0402FF83@1@14.4G@U@1@USB_Storage;U:;0;0@"
sem_get: Key: 41110222
[   22.594670] firmadyne: ioctl: 0xc0207223
[   22.600042] firmadyne: sys_socket[PID: 106 (klogd)]: family:1, type:1, protocol:0
sem_get: Key: 41110222
[   22.605116] firmadyne: ioctl: 0xc0207223
[   22.607306] firmadyne: ioctl: 0xc0207223
[   22.609678] firmadyne: sys_socket[PID: 106 (klogd)]: family:1, type:2, protocol:0
nvram_set: [   22.618074] firmadyne: ioctl: 0xc0207223
[   22.620251] firmadyne: ioctl: 0xc0207223
[   22.622279] firmadyne: sys_socket[PID: 106 (klogd)]: family:1, type:1, protocol:0
[   22.624138] firmadyne: sys_socket[PID: 106 (klogd)]: family:1, type:2, protocol:0
usb_info_dev12 = "A200396E0402FF83@1@14.4G@U@1@USB_Storage;U:;0;0@"
sem_get[   22.630555] firmadyne: ioctl: 0xc0207223
[   22.635607] firmadyne: sys_socket[PID: 106 (klogd)]: family:1, type:1, protocol:0
: Key: 41110222
sem_get: Key: [   22.641592] firmadyne: ioctl: 0xc0207223
[   22.643822] firmadyne: ioctl: 0xc0207223
[   22.645674] firmadyne: sys_socket[PID: 106 (klogd)]: family:1, type:2, protocol:0
41110222
[   22.654676] firmadyne: ioctl: 0xc0207223
[   22.657962] firmadyne: sys_socket[PID: 106 (klogd)]: family:1, type:1, protocol:0
[   22.660014] firmadyne: sys_socket[PID: 106 (klogd)]: family:1, type:2, protocol:0
nvram_set: usb_info_dev13 = "A200396E0402FF83@1@14.4G@U@1@USB_Storage;U:;0;0@"
[   22.665279] firmadyne: ioctl: 0xc0207223
[   22.667506] firmadyne: ioctl: 0xc0207223
[   22.672115] firmadyne: sys_socket[PID: 106 (klogd)]: family:1, type:1, protocol:0
sem_get: Key: 41110222
[   22.678075] firmadyne: ioctl: 0xc0207223
[   22.680235] firmadyne: ioctl: 0xc0207223
sem_get: Key: 41110222
[   22.685760] firmadyne: sys_socket[PID: 106 (klogd)]: family:1, type:2, protocol:0
[   22.690525] firmadyne: ioctl: 0xc0207223
nvram_set: [   22.697811] firmadyne: sys_socket[PID: 106 (klogd)]: family:1, type:1, protocol:0
[   22.699654] firmadyne: sys_socket[PID: 106 (klogd)]: family:1, type:2, protocol:0
[   22.701217] firmadyne: ioctl: 0xc0207223
[   22.703438] firmadyne: ioctl: 0xc0207223
usb_info_dev14 = "A200396E0402FF83@1@14.4G@U@1@USB_Storage;U:;0;0@"
sem_get: Key: 41110222
[   22.712073] firmadyne: sys_socket[PID: 106 (klogd)]: family:1, type:1, protocol:0
[   22.714801] firmadyne: ioctl: 0xc0207223
sem_get: Key: 41110222
[   22.721792] firmadyne: sys_socket[PID: 106 (klogd)]: family:1, type:2, protocol:0
[   22.725151] firmadyne: ioctl: 0xc0207223
[   22.727328] firmadyne: ioctl: 0xc0207223
nvram_set: [   22.733936] firmadyne: sys_socket[PID: 106 (klogd)]: family:1, type:1, protocol:0
[   22.735782] firmadyne: sys_socket[PID: 106 (klogd)]: family:1, type:2, protocol:0
[   22.738332] firmadyne: ioctl: 0xc0207223
usb_info_dev15 = "A200396E0402FF83@1@14.4G@U@1@USB_Storage;U:;0;0@"
sem_get: Key: 41110222[   22.749170] firmadyne: ioctl: 0xc0207223
[   22.751506] firmadyne: ioctl: 0xc0207223
[   22.753846] firmadyne: sys_socket[PID: 106 (klogd)]: family:1, type:1, protocol:0
[   22.755745] firmadyne: sys_socket[PID: 106 (klogd)]: family:1, type:2, protocol:0

sem_get: Key: [   22.762413] firmadyne: ioctl: 0xc0207223
41110222
[   22.772047] firmadyne: sys_socket[PID: 106 (klogd)]: family:1, type:1, protocol:0
[   22.773781] firmadyne: ioctl: 0xc0207223
[   22.776086] firmadyne: ioctl: 0xc0207223
nvram_set: usb_info_dev16 = "A200396E0402FF83@1@14.4G@U@1@USB_Storage;U:;0;0@"
[   22.782143] firmadyne: sys_socket[PID: 106 (klogd)]: family:1, type:2, protocol:0
[   22.786644] firmadyne: ioctl: 0xc0207223
sem_get: Key: 41110222
[   22.794433] firmadyne: sys_socket[PID: 106 (klogd)]: family:1, type:1, protocol:0
[   22.796481] firmadyne: sys_socket[PID: 106 (klogd)]: family:1, type:2, protocol:0
[   22.798591] firmadyne: ioctl: 0xc0207223
sem_get: Key: 41110222
[   22.805871] firmadyne: ioctl: 0xc0207223
[   22.808910] firmadyne: ioctl: 0xc0207223
nvram_set[   22.819002] firmadyne: ioctl: 0xc0207223
[   22.821758] firmadyne: sys_socket[PID: 106 (klogd)]: family:1, type:1, protocol:0
[   22.824002] firmadyne: sys_socket[PID: 106 (klogd)]: family:1, type:2, protocol:0
: usb_info_dev17 = "A200396E0402FF83@1@14.4G@U@1@USB_Storage;U:;0;0@"
[   22.830530] firmadyne: ioctl: 0xc0207223
sem_get: Key: 41110222
[   22.841954] firmadyne: ioctl: 0xc0207223
[   22.846532] firmadyne: sys_socket[PID: 106 (klogd)]: family:1, type:1, protocol:0
sem_get: Key: 41110222
[   22.853256] firmadyne: sys_socket[PID: 106 (klogd)]: family:1, type:2, protocol:0
[   22.857077] firmadyne: ioctl: 0xc0207223
[   22.859935] firmadyne: ioctl: 0xc0207223
[   22.866307] firmadyne: sys_socket[PID: 106 (klogd)]: family:1, type:1, protocol:0
[   22.868931] firmadyne: sys_socket[PID: 106 (klogd)]: family:1, type:2, protocol:0
[   22.872875] firmadyne: ioctl: 0xc0207223
nvram_set: usb_info_dev18 = "A200396E0402FF83@1@14.4G@U@1@USB_Storage;U:;0;0@[   22.879551] firmadyne: ioctl: 0xc0207223
[   22.884566] firmadyne: sys_socket[PID: 106 (klogd)]: family:1, type:1, protocol:0
"
sem_get: Key: [   22.890613] firmadyne: ioctl: 0xc0207223
41110222
sem_get: Key: [   22.898158] firmadyne: sys_socket[PID: 106 (klogd)]: family:1, type:2, protocol:0
[   22.901178] firmadyne: ioctl: 0xc0207223
[   22.903507] firmadyne: ioctl: 0xc0207223
41110222
[   22.910482] firmadyne: sys_socket[PID: 106 (klogd)]: family:1, type:1, protocol:0
[   22.912489] firmadyne: sys_socket[PID: 106 (klogd)]: family:1, type:2, protocol:0
[   22.915362] firmadyne: ioctl: 0xc0207223
nvram_set: usb_info_dev19 = "A200396E0402FF83@1@14.4G@U@1@USB_Storage;U:;0;0@"
[   22.922119] firmadyne: ioctl: 0xc0207223
[   22.924465] firmadyne: ioctl: 0xc0207223
[   22.928597] firmadyne: sys_socket[PID: 106 (klogd)]: family:1, type:1, protocol:0
sem_get: Key: 41110222
sem_get: Key: 41110222
[   22.938568] firmadyne: ioctl: 0xc0207223
[   22.942094] firmadyne: sys_socket[PID: 106 (klogd)]: family:1, type:2, protocol:0
[   22.949107] firmadyne: ioctl: 0xc0207223
[   22.951352] firmadyne: ioctl: 0xc0207223
[   22.954530] firmadyne: sys_socket[PID: 106 (klogd)]: family:1, type:1, protocol:0
[   22.956725] firmadyne: sys_socket[PID: 106 (klogd)]: family:1, type:2, protocol:0
nvram_set: usb_info_dev20 = "[   22.962161] firmadyne: ioctl: 0xc0207223
[   22.964361] firmadyne: ioctl: 0xc0207223
A200396E0402FF83@1@14.4G@U@1@USB_Storage;U:;0;0@"
sem_get: Key: 41110222
[   22.971912] firmadyne: sys_socket[PID: 106 (klogd)]: family:1, type:1, protocol:0
sem_get: Key: 41110222
[   22.978992] firmadyne: ioctl: 0xc0207223
[   22.981677] firmadyne: sys_socket[PID: 106 (klogd)]: family:1, type:2, protocol:0
[   22.985759] firmadyne: ioctl: 0xc0207223
[   22.987967] firmadyne: ioctl: 0xc0207223
nvram_set[   22.993836] firmadyne: sys_socket[PID: 106 (klogd)]: family:1, type:1, protocol:0
[   22.995738] firmadyne: sys_socket[PID: 106 (klogd)]: family:1, type:2, protocol:0
[   22.998841] firmadyne: ioctl: 0xc0207223
: usb_info_dev21 = "A200396E0402FF83@1@14.4G@U@1@USB_Storage;U:;0;0@"
sem_get: Key: [   23.007662] firmadyne: sys_socket[PID: 106 (klogd)]: family:1, type:1, protocol:0
[   23.009757] firmadyne: ioctl: 0xc0207223
[   23.011884] firmadyne: ioctl: 0xc0207223
41110222
sem_get: Key: 41110222[   23.018101] firmadyne: sys_socket[PID: 106 (klogd)]: family:1, type:2, protocol:0
[   23.022478] firmadyne: ioctl: 0xc0207223

nvram_set[   23.030573] firmadyne: sys_socket[PID: 106 (klogd)]: family:1, type:1, protocol:0
[   23.032464] firmadyne: sys_socket[PID: 106 (klogd)]: family:1, type:2, protocol:0
[   23.034170] firmadyne: ioctl: 0xc0207223
[   23.036458] firmadyne: ioctl: 0xc0207223
: usb_info_dev22 = "A200396E0402FF83@1@14.4G@U@1@USB_Storage;U:;0;0@"
sem_get[   23.043830] firmadyne: sys_socket[PID: 106 (klogd)]: family:1, type:1, protocol:0
[   23.046982] firmadyne: ioctl: 0xc0207223
: Key: 41110222
sem_get: Key: [   23.053821] firmadyne: ioctl: 0xc0207223
[   23.055999] firmadyne: ioctl: 0xc0207223
[   23.057855] firmadyne: sys_socket[PID: 106 (klogd)]: family:1, type:2, protocol:0
41110222
[   23.066471] firmadyne: ioctl: 0xc0207223
[   23.070276] firmadyne: sys_socket[PID: 106 (klogd)]: family:1, type:1, protocol:0
[   23.072141] firmadyne: sys_socket[PID: 106 (klogd)]: family:1, type:2, protocol:0
nvram_set: usb_info_dev23 = "A200396E0402FF83@1@14.4G@U@1@USB_Storage;U:;0;0@"
[   23.077422] firmadyne: ioctl: 0xc0207223
[   23.079608] firmadyne: ioctl: 0xc0207223
[   23.083651] firmadyne: sys_socket[PID: 106 (klogd)]: family:1, type:1, protocol:0
sem_get: Key: 41110222
[   23.090250] firmadyne: ioctl: 0xc0207223
[   23.092455] firmadyne: ioctl: 0xc0207223
[   23.094263] firmadyne: sys_socket[PID: 106 (klogd)]: family:1, type:2, protocol:0
sem_get: Key: 41110222
[   23.102495] firmadyne: ioctl: 0xc0207223
[   23.106600] firmadyne: sys_socket[PID: 106 (klogd)]: family:1, type:1, protocol:0
[   23.108494] firmadyne: sys_socket[PID: 106 (klogd)]: family:1, type:2, protocol:0
nvram_set: usb_info_dev24[   23.113181] firmadyne: ioctl: 0xc0207223
[   23.115351] firmadyne: ioctl: 0xc0207223
 = "A200396E0402FF83@1@14.4G@U@1@USB_Storage;U:;0;0@"
sem_get: Key: 41110222
[   23.123606] firmadyne: sys_socket[PID: 106 (klogd)]: family:1, type:1, protocol:0
[   23.126153] firmadyne: ioctl: 0xc0207223
[   23.128353] firmadyne: ioctl: 0xc0207223
sem_get: Key: 41110222
[   23.134169] firmadyne: sys_socket[PID: 106 (klogd)]: family:1, type:2, protocol:0
nvram_set: [   23.142610] firmadyne: ioctl: 0xc0207223
[   23.147980] firmadyne: sys_socket[PID: 106 (klogd)]: family:1, type:1, protocol:0
[   23.150197] firmadyne: sys_socket[PID: 106 (klogd)]: family:1, type:2, protocol:0
[   23.153138] firmadyne: ioctl: 0xc0207223
[   23.155403] firmadyne: ioctl: 0xc0207223
usb_info_dev25 = "A200396E0402FF83@1@14.4G@U@1@USB_Storage;U:;0;0@"
sem_get: Key: 41110222[   23.162744] firmadyne: sys_socket[PID: 106 (klogd)]: family:1, type:1, protocol:0

sem_get: Key: 41110222
[   23.170527] firmadyne: ioctl: 0xc0207223
[   23.173111] firmadyne: sys_socket[PID: 106 (klogd)]: family:1, type:2, protocol:0
[   23.177144] firmadyne: ioctl: 0xc0207223
[   23.179366] firmadyne: ioctl: 0xc0207223
nvram_set: [   23.185612] firmadyne: sys_socket[PID: 106 (klogd)]: family:1, type:1, protocol:0
[   23.187526] firmadyne: sys_socket[PID: 106 (klogd)]: family:1, type:2, protocol:0
[   23.190194] firmadyne: ioctl: 0xc0207223
[   23.192431] firmadyne: ioctl: 0xc0207223
usb_info_dev26 = "A200396E0402FF83@1@14.4G@U@1@USB_Storage;U:;0;0@"
sem_get: Key: [   23.200116] firmadyne: sys_socket[PID: 106 (klogd)]: family:1, type:1, protocol:0
[   23.203389] firmadyne: ioctl: 0xc0207223
[   23.204970] cfg80211: Calling CRDA to update world regulatory domain
41110222
[   23.209781] firmadyne: sys_socket[PID: 106 (klogd)]: family:1, type:2, protocol:0
sem_get: Key: 41110222
[   23.218069] firmadyne: ioctl: 0xc0207223
[   23.220292] firmadyne: ioctl: 0xc0207223
[   23.222446] firmadyne: sys_socket[PID: 106 (klogd)]: family:1, type:1, protocol:0
[   23.224334] firmadyne: sys_socket[PID: 106 (klogd)]: family:1, type:2, protocol:0
nvram_set: [   23.230497] firmadyne: ioctl: 0xc0207223
usb_info_dev27 = "A200396E0402FF83@1@14.4G@U@1@USB_Storage;U:;0;0@"
sem_get: Key: 41110222
[   23.240120] firmadyne: sys_socket[PID: 106 (klogd)]: family:1, type:1, protocol:0
[   23.241943] firmadyne: ioctl: 0xc0207223
[   23.244160] firmadyne: ioctl: 0xc0207223
sem_get: Key: 41110222
[   23.251066] firmadyne: ioctl: 0xc0207223
[   23.253699] firmadyne: sys_socket[PID: 106 (klogd)]: family:1, type:2, protocol:0
nvram_set: [   23.261977] firmadyne: ioctl: 0xc0207223
[   23.264193] firmadyne: ioctl: 0xc0207223
[   23.266348] firmadyne: sys_socket[PID: 106 (klogd)]: family:1, type:1, protocol:0
[   23.268229] firmadyne: sys_socket[PID: 106 (klogd)]: family:1, type:2, protocol:0
usb_info_dev28 = "A200396E0402FF83@1@14.4G@U@1@USB_Storage;U:;0;0@"
sem_get[   23.274774] firmadyne: ioctl: 0xc0207223
[   23.279984] firmadyne: sys_socket[PID: 106 (klogd)]: family:1, type:1, protocol:0
: Key: 41110222
[   23.285114] firmadyne: ioctl: 0xc0207223
[   23.287323] firmadyne: ioctl: 0xc0207223
[   23.289671] firmadyne: sys_socket[PID: 106 (klogd)]: family:1, type:2, protocol:0
sem_get: Key: 41110222
[   23.297991] firmadyne: ioctl: 0xc0207223
[   23.300198] firmadyne: ioctl: 0xc0207223
[   23.302233] firmadyne: sys_socket[PID: 106 (klogd)]: family:1, type:1, protocol:0
[   23.304116] firmadyne: sys_socket[PID: 106 (klogd)]: family:1, type:2, protocol:0
nvram_set: usb_info_dev29 = "[   23.310608] firmadyne: ioctl: 0xc0207223
[   23.315914] firmadyne: sys_socket[PID: 106 (klogd)]: family:1, type:1, protocol:0
A200396E0402FF83@1@14.4G@U@1@USB_Storage;U:;0;0@"
sem_get: Key: 41110222
[   23.321430] firmadyne: ioctl: 0xc0207223
[   23.323698] firmadyne: ioctl: 0xc0207223
sem_get: Key: 41110222
[   23.329666] firmadyne: sys_socket[PID: 106 (klogd)]: family:1, type:2, protocol:0
[   23.334319] firmadyne: ioctl: 0xc0207223
[   23.336767] firmadyne: ioctl: 0xc0207223
nvram_set[   23.342254] firmadyne: sys_socket[PID: 106 (klogd)]: family:1, type:1, protocol:0
[   23.344174] firmadyne: sys_socket[PID: 106 (klogd)]: family:1, type:2, protocol:0
: usb_info_dev30 = "A200396E0402FF83@1@14.4G@U@1@USB_Storage;U:;0;0@"
[   23.355677] firmadyne: sys_socket[PID: 106 (klogd)]: family:1, type:1, protocol:0
[   23.357683] firmadyne: ioctl: 0xc0207223
[   23.360134] firmadyne: ioctl: 0xc0207223
sem_get: Key: 41110222
[   23.366540] firmadyne: ioctl: 0xc0207223
[   23.369673] firmadyne: sys_socket[PID: 106 (klogd)]: family:1, type:2, protocol:0
sem_get: Key: 41110222
[   23.377075] firmadyne: ioctl: 0xc0207223
[   23.379271] firmadyne: ioctl: 0xc0207223
[   23.381715] firmadyne: sys_socket[PID: 106 (klogd)]: family:1, type:1, protocol:0
[   23.383574] firmadyne: sys_socket[PID: 106 (klogd)]: family:1, type:2, protocol:0
nvram_set: usb_info_dev31 = "A200396E0402FF83@1@14.4G@U@1@USB_Storage;U:;0;0@[   23.389899] firmadyne: ioctl: 0xc0207223
[   23.392050] firmadyne: ioctl: 0xc0207223
[   23.395928] firmadyne: sys_socket[PID: 106 (klogd)]: family:1, type:1, protocol:0
"
sem_get: Key: 41110222
[   23.402619] firmadyne: ioctl: 0xc0207223
[   23.405837] firmadyne: sys_socket[PID: 106 (klogd)]: family:1, type:2, protocol:0
sem_get: Key: 41110222
[   23.413102] firmadyne: ioctl: 0xc0207223
[   23.415276] firmadyne: ioctl: 0xc0207223
[   23.417964] firmadyne: sys_socket[PID: 106 (klogd)]: family:1, type:1, protocol:0
[   23.419786] firmadyne: sys_socket[PID: 106 (klogd)]: family:1, type:2, protocol:0
nvram_set: usb_info_dev32[   23.426179] firmadyne: ioctl: 0xc0207223
[   23.428339] firmadyne: ioctl: 0xc0207223
 = "A200396E0402FF83@1@14.4G@U@1@USB_Storage;U:;0;0@"
sem_get: Key: 41110222[   23.435725] firmadyne: sys_socket[PID: 106 (klogd)]: family:1, type:1, protocol:0
[   23.438856] firmadyne: ioctl: 0xc0207223

sem_get: Key: 41110222[   23.446000] firmadyne: sys_socket[PID: 106 (klogd)]: family:1, type:2, protocol:0

nvram_set[   23.453382] firmadyne: ioctl: 0xc0207223
[   23.455620] firmadyne: ioctl: 0xc0207223
[   23.458102] firmadyne: sys_socket[PID: 106 (klogd)]: family:1, type:1, protocol:0
[   23.459940] firmadyne: sys_socket[PID: 106 (klogd)]: family:1, type:2, protocol:0
[   23.462750] firmadyne: ioctl: 0xc0207223
: usb_info_dev33 = "A200396E0402FF83@1@14.4G@U@1@USB_Storage;U:;0;0@"
sem_get: Key: [   23.473142] firmadyne: ioctl: 0xc0207223
[   23.475325] firmadyne: ioctl: 0xc0207223
41110222
sem_get: Key: 41110222[   23.496317] firmadyne: ioctl: 0xc0207223

[   23.502510] firmadyne: ioctl: 0xc0207223
nvram_set: usb_info_dev34 = "A200396E0402FF83@1@14.4G@U@1@USB_Storage;U:;0;0@"
[   23.508965] firmadyne: ioctl: 0xc0207223
[   23.511159] firmadyne: ioctl: 0xc0207223
sem_get: Key: 41110222
[   23.517751] firmadyne: ioctl: 0xc0207223
[   23.519917] firmadyne: ioctl: 0xc0207223
[   23.521318] firmadyne: sys_socket[PID: 106 (klogd)]: family:1, type:1, protocol:0
[   23.523152] firmadyne: sys_socket[PID: 106 (klogd)]: family:1, type:2, protocol:0
sem_get: Key: 41110222
[   23.530446] firmadyne: ioctl: 0xc0207223
[   23.535176] firmadyne: sys_socket[PID: 106 (klogd)]: family:1, type:1, protocol:0
nvram_set: usb_info_dev35 = "A200396E0402FF83@1@14.4G@U@1@USB_Storage;U:;0;0@[   23.541465] firmadyne: ioctl: 0xc0207223
[   23.543685] firmadyne: ioctl: 0xc0207223
[   23.546633] firmadyne: sys_socket[PID: 106 (klogd)]: family:1, type:2, protocol:0
"
sem_get: Key: 41110222
[   23.554261] firmadyne: ioctl: 0xc0207223
[   23.556734] firmadyne: ioctl: 0xc0207223
[   23.559735] firmadyne: sys_socket[PID: 106 (klogd)]: family:1, type:1, protocol:0
sem_get: Key: 41110222
[   23.565662] firmadyne: sys_socket[PID: 106 (klogd)]: family:1, type:2, protocol:0
[   23.570529] firmadyne: ioctl: 0xc0207223
nvram_set: usb_info_dev36 = "[   23.577773] firmadyne: sys_socket[PID: 106 (klogd)]: family:1, type:1, protocol:0
[   23.579612] firmadyne: sys_socket[PID: 106 (klogd)]: family:1, type:2, protocol:0
[   23.581308] firmadyne: ioctl: 0xc0207223
[   23.583539] firmadyne: ioctl: 0xc0207223
A200396E0402FF83@1@14.4G@U@1@USB_Storage;U:;0;0@"
sem_get: Key: 41110222
[   23.591839] firmadyne: sys_socket[PID: 106 (klogd)]: family:1, type:1, protocol:0
[   23.594737] firmadyne: ioctl: 0xc0207223
sem_get: Key: 41110222
[   23.601104] firmadyne: ioctl: 0xc0207223
[   23.603297] firmadyne: ioctl: 0xc0207223
[   23.605687] firmadyne: sys_socket[PID: 106 (klogd)]: family:1, type:2, protocol:0
nvram_set: usb_info_dev37[   23.613901] firmadyne: ioctl: 0xc0207223
[   23.616060] firmadyne: ioctl: 0xc0207223
[   23.618101] firmadyne: sys_socket[PID: 106 (klogd)]: family:1, type:1, protocol:0
[   23.619956] firmadyne: sys_socket[PID: 106 (klogd)]: family:1, type:2, protocol:0
 = "A200396E0402FF83@1@14.4G@U@1@USB_Storage;U:;0;0@"
sem_get: Key: 41110222[   23.626627] firmadyne: ioctl: 0xc0207223
[   23.631758] firmadyne: sys_socket[PID: 106 (klogd)]: family:1, type:1, protocol:0

sem_get: Key: 41110222[   23.637399] firmadyne: ioctl: 0xc0207223
[   23.639615] firmadyne: ioctl: 0xc0207223
[   23.641645] firmadyne: sys_socket[PID: 106 (klogd)]: family:1, type:2, protocol:0

nvram_set[   23.650497] firmadyne: ioctl: 0xc0207223
[   23.653860] firmadyne: sys_socket[PID: 106 (klogd)]: family:1, type:1, protocol:0
[   23.655732] firmadyne: sys_socket[PID: 106 (klogd)]: family:1, type:2, protocol:0
: usb_info_dev38 = "A200396E0402FF83@1@14.4G@U@1@USB_Storage;U:;0;0@"
sem_get[   23.661548] firmadyne: ioctl: 0xc0207223
[   23.663985] firmadyne: ioctl: 0xc0207223
[   23.668251] firmadyne: sys_socket[PID: 106 (klogd)]: family:1, type:1, protocol:0
: Key: 41110222
[   23.674961] firmadyne: ioctl: 0xc0207223
sem_get: Key: 41110222
[   23.681693] firmadyne: sys_socket[PID: 106 (klogd)]: family:1, type:2, protocol:0
[   23.685755] firmadyne: ioctl: 0xc0207223
[   23.688057] firmadyne: ioctl: 0xc0207223
nvram_set: usb_info_dev39 = "[   23.694014] firmadyne: sys_socket[PID: 106 (klogd)]: family:1, type:1, protocol:0
[   23.695895] firmadyne: sys_socket[PID: 106 (klogd)]: family:1, type:2, protocol:0
[   23.699086] firmadyne: ioctl: 0xc0207223
A200396E0402FF83@1@14.4G@U@1@USB_Storage;U:;0;0@"
sem_get: Key: 41110222
[   23.707789] firmadyne: sys_socket[PID: 106 (klogd)]: family:1, type:1, protocol:0
[   23.710323] firmadyne: ioctl: 0xc0207223
[   23.712775] firmadyne: ioctl: 0xc0207223
sem_get: Key: 41110222
[   23.717656] firmadyne: sys_socket[PID: 106 (klogd)]: family:1, type:2, protocol:0
[   23.722525] firmadyne: ioctl: 0xc0207223
nvram_set: [   23.730012] firmadyne: sys_socket[PID: 106 (klogd)]: family:1, type:1, protocol:0
[   23.731887] firmadyne: sys_socket[PID: 106 (klogd)]: family:1, type:2, protocol:0
[   23.733493] firmadyne: ioctl: 0xc0207223
[   23.735728] firmadyne: ioctl: 0xc0207223
usb_info_dev40 = "A200396E0402FF83@1@14.4G@U@1@USB_Storage;U:;0;0@"
sem_get: Key: 41110222
[   23.744040] firmadyne: sys_socket[PID: 106 (klogd)]: family:1, type:1, protocol:0
[   23.748772] firmadyne: ioctl: 0xc0207223
[   23.750918] firmadyne: ioctl: 0xc0207223
sem_get: Key: 41110222
[   23.757917] firmadyne: sys_socket[PID: 106 (klogd)]: family:1, type:2, protocol:0
nvram_set[   23.765584] firmadyne: ioctl: 0xc0207223
[   23.767812] firmadyne: ioctl: 0xc0207223
[   23.770008] firmadyne: sys_socket[PID: 106 (klogd)]: family:1, type:1, protocol:0
[   23.771852] firmadyne: sys_socket[PID: 106 (klogd)]: family:1, type:2, protocol:0
: usb_info_dev41 = "A200396E0402FF83@1@14.4G@U@1@USB_Storage;U:;0;0@"
sem_get[   23.778401] firmadyne: ioctl: 0xc0207223
[   23.783670] firmadyne: sys_socket[PID: 106 (klogd)]: family:1, type:1, protocol:0
: Key: 41110222
sem_get[   23.789072] firmadyne: ioctl: 0xc0207223
[   23.791272] firmadyne: ioctl: 0xc0207223
[   23.793652] firmadyne: sys_socket[PID: 106 (klogd)]: family:1, type:2, protocol:0
: Key: 41110222
[   23.801882] firmadyne: ioctl: 0xc0207223
[   23.803990] firmadyne: ioctl: 0xc0207223
nvram_set: usb_info_dev42 = "A200396E0402FF83@1@14.4G@U@1@USB_Storage;U:;0;0@"
[   23.809817] firmadyne: sys_socket[PID: 106 (klogd)]: family:1, type:1, protocol:0
[   23.811626] firmadyne: sys_socket[PID: 106 (klogd)]: family:1, type:2, protocol:0
[   23.814703] firmadyne: ioctl: 0xc0207223
sem_get: Key: 41110222
[   23.823679] firmadyne: sys_socket[PID: 106 (klogd)]: family:1, type:1, protocol:0
[   23.825411] firmadyne: ioctl: 0xc0207223
[   23.827846] firmadyne: ioctl: 0xc0207223
sem_get: Key: 41110222
[   23.833631] firmadyne: sys_socket[PID: 106 (klogd)]: family:1, type:2, protocol:0
[   23.838516] firmadyne: ioctl: 0xc0207223
nvram_set: usb_info_dev43 = "A200396E0402FF83@1@14.4G@U@1@USB_Storage;U:;0;0@[   23.846019] firmadyne: sys_socket[PID: 106 (klogd)]: family:1, type:1, protocol:0
[   23.847852] firmadyne: sys_socket[PID: 106 (klogd)]: family:1, type:2, protocol:0
[   23.849501] firmadyne: ioctl: 0xc0207223
[   23.851680] firmadyne: ioctl: 0xc0207223
"
sem_get: Key: 41110222
[   23.859754] firmadyne: sys_socket[PID: 106 (klogd)]: family:1, type:1, protocol:0
[   23.862615] firmadyne: ioctl: 0xc0207223
sem_get: Key: 41110222
[   23.869098] firmadyne: ioctl: 0xc0207223
[   23.871255] firmadyne: ioctl: 0xc0207223
[   23.873650] firmadyne: sys_socket[PID: 106 (klogd)]: family:1, type:2, protocol:0
nvram_set: usb_info_dev44 = "A200396E0402FF83@1@14.4G@U@1@USB_Storage;U:;0;0@[   23.882373] firmadyne: ioctl: 0xc0207223
[   23.884809] firmadyne: ioctl: 0xc0207223
[   23.886595] firmadyne: sys_socket[PID: 106 (klogd)]: family:1, type:1, protocol:0
[   23.888858] firmadyne: sys_socket[PID: 106 (klogd)]: family:1, type:2, protocol:0
"
sem_get: Key: 41110222[   23.895295] firmadyne: ioctl: 0xc0207223
[   23.900491] firmadyne: sys_socket[PID: 106 (klogd)]: family:1, type:1, protocol:0

[   23.906408] firmadyne: ioctl: 0xc0207223
sem_get: Key: 41110222
[   23.913825] firmadyne: sys_socket[PID: 106 (klogd)]: family:1, type:2, protocol:0
[   23.917227] firmadyne: ioctl: 0xc0207223
[   23.919675] firmadyne: ioctl: 0xc0207223
