[    0.000000] Linux version 4.1.17+ (alessio@pc) (gcc version 5.5.0 20171010 (Ubuntu 5.5.0-12ubuntu1) ) #1 Mon May 15 23:04:08 CEST 2023
[    0.000000] earlycon: Early serial console at I/O port 0x3f8 (options '38400n8')
[    0.000000] bootconsole [uart0] enabled
[    0.000000] CPU0 revision is: 00019300 (MIPS 24Kc)
[    0.000000] FPU revision is: 00739300
[    0.000000] Software DMA cache coherency enabled
[    0.000000] Determined physical RAM map:
[    0.000000]  memory: 00001000 @ 00000000 (reserved)
[    0.000000]  memory: 000ef000 @ 00001000 (ROM data)
[    0.000000]  memory: 00798000 @ 000f0000 (reserved)
[    0.000000]  memory: 0f777000 @ 00888000 (usable)
[    0.000000] debug: ignoring loglevel setting.
[    0.000000] Wasting 69888 bytes for tracking 2184 unused pages
[    0.000000] Initrd not found or empty - disabling initrd
[    0.000000] Zone ranges:
[    0.000000]   DMA      [mem 0x0000000000000000-0x0000000000ffffff]
[    0.000000]   Normal   [mem 0x0000000001000000-0x000000000fffefff]
[    0.000000] Movable zone start for each node
[    0.000000] Early memory node ranges
[    0.000000]   node   0: [mem 0x0000000000000000-0x000000000fffefff]
[    0.000000] Initmem setup node 0 [mem 0x0000000000000000-0x000000000fffefff]
[    0.000000] On node 0 totalpages: 65535
[    0.000000] free_area_init_node: node 0, pgdat 8081d5b0, node_mem_map 81000000
[    0.000000]   DMA zone: 32 pages used for memmap
[    0.000000]   DMA zone: 0 pages reserved
[    0.000000]   DMA zone: 4096 pages, LIFO batch:0
[    0.000000]   Normal zone: 480 pages used for memmap
[    0.000000]   Normal zone: 61439 pages, LIFO batch:15
[    0.000000] Primary instruction cache 2kB, VIPT, 2-way, linesize 16 bytes.
[    0.000000] Primary data cache 2kB, 2-way, VIPT, no aliases, linesize 16 bytes
[    0.000000] pcpu-alloc: s0 r0 d32768 u32768 alloc=1*32768
[    0.000000] pcpu-alloc: [0] 0 
[    0.000000] Built 1 zonelists in Zone order, mobility grouping on.  Total pages: 65023
[    0.000000] Kernel command line: root=/dev/sda1 console=ttyS0 nandsim.parts=64,64,64,64,64,64,64,64,64,64 rdinit=/firmadyne/preInit.sh rw debug ignore_loglevel print-fatal-signals=1 FIRMAE_NET=true FIRMAE_NVRAM=true FIRMAE_KERNEL=true FIRMAE_ETC=true user_debug=0 firmadyne.syscall=1 noka
[    0.000000] found FIRMAE_KERNEL=t
[    0.000000] set the LD_PRELOAD=/firmadyne/libnvram_ioctl.so
[    0.000000] PID hash table entries: 1024 (order: 0, 4096 bytes)
[    0.000000] Dentry cache hash table entries: 32768 (order: 5, 131072 bytes)
[    0.000000] Inode-cache hash table entries: 16384 (order: 4, 65536 bytes)
[    0.000000] Writing ErrCtl register=00000000
[    0.000000] Readback ErrCtl register=00000000
[    0.000000] Memory: 251112K/262140K available (5360K kernel code, 244K rwdata, 1676K rodata, 260K init, 158K bss, 11028K reserved, 0K cma-reserved)
[    0.000000] NR_IRQS:256
[    0.000000] CPU frequency 200.00 MHz
[    0.000000] clocksource MIPS: mask: 0xffffffff max_cycles: 0xffffffff, max_idle_ns: 19112386779 ns
[    0.000214] sched_clock: 32 bits at 100MHz, resolution 9ns, wraps every 21474591739ns
[    0.016285] Console: colour dummy device 80x25
[    0.017436] Calibrating delay loop... 25.08 BogoMIPS (lpj=50176)
[    0.077599] pid_max: default: 32768 minimum: 301
[    0.082323] Mount-cache hash table entries: 1024 (order: 0, 4096 bytes)
[    0.082867] Mountpoint-cache hash table entries: 1024 (order: 0, 4096 bytes)
[    0.152803] clocksource jiffies: mask: 0xffffffff max_cycles: 0xffffffff, max_idle_ns: 7645041785100000 ns
[    0.164457] NET: Registered protocol family 16
[    0.461570] clocksource pit: mask: 0xffffffff max_cycles: 0xffffffff, max_idle_ns: 1601818034827 ns
[    0.627598] vgaarb: loaded
[    0.633774] SCSI subsystem initialized
[    0.636248] libata version 3.00 loaded.
[    0.640987] usbcore: registered new interface driver usbfs
[    0.642422] usbcore: registered new interface driver hub
[    0.643515] usbcore: registered new device driver usb
[    0.646354] pps_core: LinuxPPS API ver. 1 registered
[    0.646796] pps_core: Software ver. 5.3.6 - Copyright 2005-2007 Rodolfo Giometti <giometti@linux.it>
[    0.647790] PTP clock support registered
[    0.652887] PCI host bridge to bus 0000:00
[    0.653858] pci_bus 0000:00: root bus resource [mem 0x10000000-0x17ffffff]
[    0.654504] pci_bus 0000:00: root bus resource [io  0x1000-0x1fffff]
[    0.655136] pci_bus 0000:00: root bus resource [??? 0x00000000 flags 0x0]
[    0.655743] pci_bus 0000:00: No busn resource found for root bus, will use [bus 00-ff]
[    0.657100] pci 0000:00:00.0: [11ab:4620] type 00 class 0x060000
[    0.658258] pci 0000:00:00.0: [Firmware Bug]: reg 0x14: invalid BAR (can't size)
[    0.658893] pci 0000:00:00.0: [Firmware Bug]: reg 0x18: invalid BAR (can't size)
[    0.659498] pci 0000:00:00.0: [Firmware Bug]: reg 0x1c: invalid BAR (can't size)
[    0.660112] pci 0000:00:00.0: [Firmware Bug]: reg 0x20: invalid BAR (can't size)
[    0.660736] pci 0000:00:00.0: [Firmware Bug]: reg 0x24: invalid BAR (can't size)
[    0.665079] pci 0000:00:0a.0: [8086:7110] type 00 class 0x060100
[    0.668889] pci 0000:00:0a.1: [8086:7111] type 00 class 0x010180
[    0.669705] pci 0000:00:0a.1: reg 0x20: [io  0x0000-0x000f]
[    0.670528] pci 0000:00:0a.1: legacy IDE quirk: reg 0x10: [io  0x01f0-0x01f7]
[    0.671140] pci 0000:00:0a.1: legacy IDE quirk: reg 0x14: [io  0x03f6]
[    0.671734] pci 0000:00:0a.1: legacy IDE quirk: reg 0x18: [io  0x0170-0x0177]
[    0.672330] pci 0000:00:0a.1: legacy IDE quirk: reg 0x1c: [io  0x0376]
[    0.675905] pci 0000:00:0a.2: [8086:7112] type 00 class 0x0c0300
[    0.676624] pci 0000:00:0a.2: reg 0x20: [io  0x0000-0x001f]
[    0.680151] pci 0000:00:0a.3: [8086:7113] type 00 class 0x068000
[    0.681534] pci 0000:00:0a.3: quirk: [io  0x1000-0x103f] claimed by PIIX4 ACPI
[    0.682218] pci 0000:00:0a.3: quirk: [io  0x1100-0x110f] claimed by PIIX4 SMB
[    0.685916] pci 0000:00:12.0: [1013:00b8] type 00 class 0x030000
[    0.686783] pci 0000:00:12.0: reg 0x10: [mem 0x00000000-0x01ffffff pref]
[    0.687665] pci 0000:00:12.0: reg 0x14: [mem 0x00000000-0x00000fff]
[    0.688390] pci 0000:00:12.0: reg 0x30: [mem 0x00000000-0x0000ffff pref]
[    0.691313] vgaarb: device added: PCI:0000:00:12.0,decodes=io+mem,owns=none,locks=none
[    0.692876] pci 0000:00:13.0: [8086:100e] type 00 class 0x020000
[    0.693535] pci 0000:00:13.0: reg 0x10: [mem 0x00000000-0x0001ffff]
[    0.694134] pci 0000:00:13.0: reg 0x14: [io  0x0000-0x003f]
[    0.694795] pci 0000:00:13.0: reg 0x30: [mem 0x00000000-0x0003ffff pref]
[    0.698286] pci 0000:00:14.0: [8086:100e] type 00 class 0x020000
[    0.698954] pci 0000:00:14.0: reg 0x10: [mem 0x00000000-0x0001ffff]
[    0.699561] pci 0000:00:14.0: reg 0x14: [io  0x0000-0x003f]
[    0.700278] pci 0000:00:14.0: reg 0x30: [mem 0x00000000-0x0003ffff pref]
[    0.703923] pci 0000:00:15.0: [8086:100e] type 00 class 0x020000
[    0.704726] pci 0000:00:15.0: reg 0x10: [mem 0x00000000-0x0001ffff]
[    0.705325] pci 0000:00:15.0: reg 0x14: [io  0x0000-0x003f]
[    0.705991] pci 0000:00:15.0: reg 0x30: [mem 0x00000000-0x0003ffff pref]
[    0.709444] pci 0000:00:16.0: [8086:100e] type 00 class 0x020000
[    0.710121] pci 0000:00:16.0: reg 0x10: [mem 0x00000000-0x0001ffff]
[    0.710741] pci 0000:00:16.0: reg 0x14: [io  0x0000-0x003f]
[    0.711423] pci 0000:00:16.0: reg 0x30: [mem 0x00000000-0x0003ffff pref]
[    0.715109] pci_bus 0000:00: busn_res: [bus 00-ff] end is updated to 00
[    0.716747] pci 0000:00:12.0: BAR 0: assigned [mem 0x10000000-0x11ffffff pref]
[    0.717782] pci 0000:00:13.0: BAR 6: assigned [mem 0x12000000-0x1203ffff pref]
[    0.718516] pci 0000:00:14.0: BAR 6: assigned [mem 0x12040000-0x1207ffff pref]
[    0.719213] pci 0000:00:15.0: BAR 6: assigned [mem 0x12080000-0x120bffff pref]
[    0.719900] pci 0000:00:16.0: BAR 6: assigned [mem 0x120c0000-0x120fffff pref]
[    0.720569] pci 0000:00:13.0: BAR 0: assigned [mem 0x12100000-0x1211ffff]
[    0.721236] pci 0000:00:14.0: BAR 0: assigned [mem 0x12120000-0x1213ffff]
[    0.722110] pci 0000:00:15.0: BAR 0: assigned [mem 0x12140000-0x1215ffff]
[    0.722790] pci 0000:00:16.0: BAR 0: assigned [mem 0x12160000-0x1217ffff]
[    0.723471] pci 0000:00:12.0: BAR 6: assigned [mem 0x12180000-0x1218ffff pref]
[    0.724151] pci 0000:00:12.0: BAR 1: assigned [mem 0x12190000-0x12190fff]
[    0.724819] pci 0000:00:13.0: BAR 1: assigned [io  0x1040-0x107f]
[    0.725427] pci 0000:00:14.0: BAR 1: assigned [io  0x1080-0x10bf]
[    0.726243] pci 0000:00:15.0: BAR 1: assigned [io  0x10c0-0x10ff]
[    0.726897] pci 0000:00:16.0: BAR 1: assigned [io  0x1400-0x143f]
[    0.727510] pci 0000:00:0a.2: BAR 4: assigned [io  0x1440-0x145f]
[    0.728130] pci 0000:00:0a.1: BAR 4: assigned [io  0x1460-0x146f]
[    0.747530] cfg80211: Calling CRDA to update world regulatory domain
[    0.762532] Switched to clocksource MIPS
[    0.890105] NET: Registered protocol family 2
[    0.904135] TCP established hash table entries: 2048 (order: 1, 8192 bytes)
[    0.905386] TCP bind hash table entries: 2048 (order: 1, 8192 bytes)
[    0.906760] TCP: Hash tables configured (established 2048 bind 2048)
[    0.907938] UDP hash table entries: 256 (order: 0, 4096 bytes)
[    0.908693] UDP-Lite hash table entries: 256 (order: 0, 4096 bytes)
[    0.913211] NET: Registered protocol family 1
[    0.915208] PCI: Enabling device 0000:00:0a.2 (0000 -> 0001)
[    0.916847] PCI: CLS 0 bytes, default 16
[    0.953012] futex hash table entries: 256 (order: -1, 3072 bytes)
[    0.971859] squashfs: version 4.0 (2009/01/31) Phillip Lougher
[    0.974789] jffs2: version 2.2. (NAND) Â© 2001-2006 Red Hat, Inc.
[    0.978657] romfs: ROMFS MTD (C) 2007 Red Hat, Inc.
[    1.005821] Block layer SCSI generic (bsg) driver version 0.4 loaded (major 251)
[    1.006766] io scheduler noop registered
[    1.007558] io scheduler cfq registered (default)
[    1.008665] firmadyne: devfs: 1, execute: 1, procfs: 1, syscall: 1
[    1.015144] firmadyne: Cannot register character device: gpio, 0xfc, 0x0!
[    1.024743] firmadyne: Cannot register character device: watchdog, 0xa, 0x82!
[    1.025295] firmadyne: Cannot register character device: wdt, 0xfd, 0x0!
[    2.935375] strName = 4.1.17+
[    2.935375] init_task_addr  = 2155778944
[    2.935375] init_task_size  = 1296
[    2.935375] ts_tasks        = 292
[    2.935375] ts_pid          = 408
[    2.935375] ts_tgid         = 412
[    2.935375] ts_group_leader = 440
[    2.935375] ts_thread_group = 496
[    2.935375] ts_real_parent  = 416
[    2.935375] ts_mm           = 300
[    2.935375] ts_stack        = 4
[    2.937935] module_name   = 12
[    2.937935] module_size   = 208
[    2.937935] module_init   = 200
[    2.937935] module_list   = 4
[    2.939168] ts_real_cred    = 624
[    2.939168] ts_cred         = 628
[    2.939168] ts_comm         = 632
[    2.939168] cred_uid        = 4
[    2.939168] cred_gid        = 8
[    2.939168] cred_euid       = 20
[    2.939168] cred_egid       = 24
[    2.940807] mm_mmap         = 0
[    2.940807] mm_pgd          = 32
[    2.940807] mm_arg_start    = 136
[    2.940807] mm_start_brk    = 124
[    2.940807] mm_brk          = 128
[    2.940807] mm_start_stack  = 132
[    2.942229] vma_vm_start    = 0
[    2.942229] vma_vm_end      = 4
[    2.942229] vma_vm_next     = 8
[    2.942229] vma_vm_file     = 80
[    2.942229] vma_vm_flags    = 40
[    2.942229] vma_vm_pgoff    = 76
[    2.943988] file_dentry     = 12
[    2.943988] file_inode      = 40
[    2.943988] dentry_d_name   = 24
[    2.943988] dentry_d_iname  = 44
[    2.943988] dentry_d_parent = 16
[    2.943988] ti_task         = 0
[    2.943988] inode_ino   = 28
[    4.132137] proc_fork_connector  = 2151078840
[    4.132563] proc_exit_connector  = 2151080432
[    4.132938] proc_exec_connector  = 2151079052
[    4.133305] vma_link  = 2149124372
[    4.133626] vma_adjust  = 2149124540
[    4.133951] remove_vma  = 2149122188
[    4.134273] modules  = 2155833724
[    4.134779] trim_init_extable  = 2150545316
[    4.136277] cfg80211: Calling CRDA to update world regulatory domain
[    4.140129] PCI: Enabling device 0000:00:12.0 (0000 -> 0002)
[    4.141473] cirrusfb 0000:00:12.0: Cirrus Logic chipset on PCI bus, RAM (4096 kB) at 0x10000000
[    4.408169] Console: switching to colour frame buffer device 80x30
[    4.486709] Serial: 8250/16550 driver, 4 ports, IRQ sharing enabled
[    4.503045] console [ttyS0] disabled
[    4.532149] serial8250.0: ttyS0 at I/O 0x3f8 (irq = 4, base_baud = 115200) is a 16550A
[    4.533422] console [ttyS0] enabled
[    4.533422] console [ttyS0] enabled
[    4.534061] bootconsole [uart0] disabled
[    4.534061] bootconsole [uart0] disabled
[    4.566989] serial8250.0: ttyS1 at I/O 0x2f8 (irq = 3, base_baud = 115200) is a 16550A
[    4.706648] brd: module loaded
[    4.779983] loop: module loaded
[    4.787758] ata_piix 0000:00:0a.1: version 2.13
[    4.788404] PCI: Enabling device 0000:00:0a.1 (0000 -> 0001)
[    4.818440] scsi host0: ata_piix
[    4.825082] scsi host1: ata_piix
[    4.829588] ata1: PATA max UDMA/33 cmd 0x1f0 ctl 0x3f6 bmdma 0x1460 irq 14
[    4.830190] ata2: PATA max UDMA/33 cmd 0x170 ctl 0x376 bmdma 0x1468 irq 15
[    4.838046] [nandsim] warning: read_byte: unexpected data output cycle, state is STATE_READY return 0x0
[    4.838944] [nandsim] warning: read_byte: unexpected data output cycle, state is STATE_READY return 0x0
[    4.839632] [nandsim] warning: read_byte: unexpected data output cycle, state is STATE_READY return 0x0
[    4.840279] [nandsim] warning: read_byte: unexpected data output cycle, state is STATE_READY return 0x0
[    4.840931] [nandsim] warning: read_byte: unexpected data output cycle, state is STATE_READY return 0x0
[    4.841591] [nandsim] warning: read_byte: unexpected data output cycle, state is STATE_READY return 0x0
[    4.842475] nand: device found, Manufacturer ID: 0x98, Chip ID: 0x39
[    4.843129] nand: Toshiba NAND 128MiB 1,8V 8-bit
[    4.843594] nand: 128 MiB, SLC, erase size: 16 KiB, page size: 512, OOB size: 16
[    4.845473] flash size: 128 MiB
[    4.845777] page size: 512 bytes
[    4.846073] OOB area size: 16 bytes
[    4.846400] sector size: 16 KiB
[    4.846853] pages number: 262144
[    4.847147] pages per sector: 32
[    4.847436] bus width: 8
[    4.847702] bits in sector size: 14
[    4.848025] bits in page size: 9
[    4.848330] bits in OOB size: 4
[    4.848641] flash size with OOB: 135168 KiB
[    4.849016] page address bytes: 4
[    4.849314] sector address bytes: 3
[    4.849624] options: 0x42
[    4.947074] Scanning device for bad blocks
[    6.357742] ata2.01: NODEV after polling detection
[    6.358765] ata1.01: NODEV after polling detection
[    6.360809] ata2.00: ATAPI: QEMU DVD-ROM, 2.5+, max UDMA/100
[    6.363533] ata1.00: ATA-7: QEMU HARDDISK, 2.5+, max UDMA/100
[    6.364068] ata1.00: 2097152 sectors, multi 16: LBA48 
[    6.371879] ata2.00: configured for UDMA/33
[    6.374789] ata1.00: configured for UDMA/33
[    6.385397] scsi 0:0:0:0: Direct-Access     ATA      QEMU HARDDISK    2.5+ PQ: 0 ANSI: 5
[    6.404652] sd 0:0:0:0: [sda] 2097152 512-byte logical blocks: (1.07 GB/1.00 GiB)
[    6.406707] scsi 1:0:0:0: CD-ROM            QEMU     QEMU DVD-ROM     2.5+ PQ: 0 ANSI: 5
[    6.422283] sd 0:0:0:0: [sda] Write Protect is off
[    6.423114] sd 0:0:0:0: [sda] Mode Sense: 00 3a 00 00
[    6.424935] sd 0:0:0:0: [sda] Write cache: enabled, read cache: enabled, doesn't support DPO or FUA
[    6.438603]  sda: sda1
[    6.453136] sd 0:0:0:0: [sda] Attached SCSI disk
[    6.453821] Creating 11 MTD partitions on "NAND 128MiB 1,8V 8-bit":
[    6.454781] 0x000000000000-0x000000100000 : "NAND simulator partition 0"
[    6.468256] 0x000000100000-0x000000200000 : "NAND simulator partition 1"
[    6.480939] 0x000000200000-0x000000300000 : "NAND simulator partition 2"
[    6.493960] 0x000000300000-0x000000400000 : "NAND simulator partition 3"
[    6.507201] 0x000000400000-0x000000500000 : "NAND simulator partition 4"
[    6.520574] 0x000000500000-0x000000600000 : "NAND simulator partition 5"
[    6.533470] 0x000000600000-0x000000700000 : "NAND simulator partition 6"
[    6.546891] 0x000000700000-0x000000800000 : "NAND simulator partition 7"
[    6.560977] 0x000000800000-0x000000900000 : "NAND simulator partition 8"
[    6.573647] 0x000000900000-0x000000a00000 : "NAND simulator partition 9"
[    6.586367] 0x000000a00000-0x000008000000 : "NAND simulator partition 10"
[    6.642850] tun: Universal TUN/TAP device driver, 1.6
[    6.643289] tun: (C) 1999-2004 Max Krasnyansky <maxk@qualcomm.com>
[    6.647667] pcnet32: pcnet32.c:v1.35 21.Apr.2008 tsbogend@alpha.franken.de
[    6.649235] e1000: Intel(R) PRO/1000 Network Driver - version 7.3.21-k8-NAPI
[    6.649765] e1000: Copyright (c) 1999-2006 Intel Corporation.
[    6.651075] PCI: Enabling device 0000:00:13.0 (0000 -> 0003)
[    6.986555] e1000 0000:00:13.0 eth0: (PCI:33MHz:32-bit) 52:54:00:12:34:56
[    6.987521] e1000 0000:00:13.0 eth0: Intel(R) PRO/1000 Network Connection
[    6.988389] PCI: Enabling device 0000:00:14.0 (0000 -> 0003)
[    7.278931] cfg80211: Calling CRDA to update world regulatory domain
[    7.315887] e1000 0000:00:14.0 eth1: (PCI:33MHz:32-bit) 52:54:00:12:34:57
[    7.316538] e1000 0000:00:14.0 eth1: Intel(R) PRO/1000 Network Connection
[    7.317383] PCI: Enabling device 0000:00:15.0 (0000 -> 0003)
[    7.653096] e1000 0000:00:15.0 eth2: (PCI:33MHz:32-bit) 52:54:00:12:34:58
[    7.653758] e1000 0000:00:15.0 eth2: Intel(R) PRO/1000 Network Connection
[    7.654756] PCI: Enabling device 0000:00:16.0 (0000 -> 0003)
[    7.990810] e1000 0000:00:16.0 eth3: (PCI:33MHz:32-bit) 52:54:00:12:34:59
[    7.991590] e1000 0000:00:16.0 eth3: Intel(R) PRO/1000 Network Connection
[    7.993243] e1000e: Intel(R) PRO/1000 Network Driver - 2.3.2-k
[    7.993694] e1000e: Copyright(c) 1999 - 2014 Intel Corporation.
[    7.999599] PPP generic driver version 2.4.2
[    8.002287] PPP Deflate Compression module registered
[    8.003308] PPP MPPE Compression module registered
[    8.003822] NET: Registered protocol family 24
[    8.004725] ehci_hcd: USB 2.0 'Enhanced' Host Controller (EHCI) Driver
[    8.005345] ehci-pci: EHCI PCI platform driver
[    8.006983] ohci_hcd: USB 1.1 'Open' Host Controller (OHCI) Driver
[    8.007591] ohci-pci: OHCI PCI platform driver
[    8.009021] uhci_hcd: USB Universal Host Controller Interface driver
[    8.011225] uhci_hcd 0000:00:0a.2: UHCI Host Controller
[    8.012224] uhci_hcd 0000:00:0a.2: new USB bus registered, assigned bus number 1
[    8.013537] uhci_hcd 0000:00:0a.2: irq 11, io base 0x00001440
[    8.029240] hub 1-0:1.0: USB hub found
[    8.030188] hub 1-0:1.0: 2 ports detected
[    8.043115] usbcore: registered new interface driver usb-storage
[    8.048608] mousedev: PS/2 mouse device common for all mice
[    8.056806] rtc_cmos rtc_cmos: rtc core: registered rtc_cmos as rtc0
[    8.057748] rtc_cmos rtc_cmos: alarms up to one day, 242 bytes nvram
[    8.059731] i2c /dev entries driver
[    8.061317] piix4_smbus 0000:00:0a.3: SMBus Host Controller at 0x1100, revision 0
[    8.067433] sdhci: Secure Digital Host Controller Interface driver
[    8.067898] sdhci: Copyright(c) Pierre Ossman
[    8.071076] hidraw: raw HID events driver (C) Jiri Kosina
[    8.095747] usbcore: registered new interface driver usbhid
[    8.096190] usbhid: USB HID core driver
[    8.097635] Netfilter messages via NETLINK v0.30.
[    8.099520] nf_conntrack version 0.5.0 (3923 buckets, 15692 max)
[    8.103839] ctnetlink v0.93: registering with nfnetlink.
[    8.111383] ipip: IPv4 over IPv4 tunneling driver
[    8.127313] ip_tables: (C) 2000-2006 Netfilter Core Team
[    8.131039] arp_tables: (C) 2002 David S. Miller
[    8.133368] Initializing XFRM netlink socket
[    8.135076] NET: Registered protocol family 10
[    8.163008] ip6_tables: (C) 2000-2006 Netfilter Core Team
[    8.167841] sit: IPv6 over IPv4 tunneling driver
[    8.190162] NET: Registered protocol family 17
[    8.191451] bridge: automatic filtering via arp/ip/ip6tables has been deprecated. Update your scripts to load br_netfilter if you need this.
[    8.192758] Bridge firewalling registered
[    8.193256] Ebtables v2.0 registered
[    8.197237] 8021q: 802.1Q VLAN Support v1.8
[    8.224754] rtc_cmos rtc_cmos: setting system clock to 2025-07-23 03:59:27 UTC (1753243167)
[    8.251928] EXT2-fs (sda1): warning: mounting unchecked fs, running e2fsck is recommended
[    8.254410] VFS: Mounted root (ext2 filesystem) on device 8:1.
[    8.266763] Freeing YAMON memory: 956k freed
[    8.280668] Freeing unused kernel memory: 260K (8081f000 - 80860000)
[    8.282747] spurious 8259A interrupt: IRQ7.
[    8.319154] firmadyne: sys_reboot[PID: 1 (init)]: magic1:fee1dead, magic2:28121969, cmd:0
init started: BusyBox v1.14.1 (2024-07-07 02:43:58 CEST)
starting pid 48, tty '': '/etc/init.d/rcS'
[    8.429793] firmadyne: do_execve: /firmadyne/console
[    8.430751] OFFSETS: offset of pid: 0x198 offset of comm: 0x278
[/etc/init.d/S03config.sh]
Mounting proc and var ...
[   10.423057] cfg80211: Calling CRDA to update world regulatory domain
SymbLink /dev/mtdblock/0
SymbLink /dev/mtdblock/1
[   13.567969] cfg80211: Calling CRDA to update world regulatory domain
SymbLink /dev/mtdblock/10
SymbLink /dev/mtdblock/2
SymbLink /dev/mtdblock/3
SymbLink /dev/mtdblock/4
SymbLink /dev/mtdblock/5
SymbLink /dev/mtdblock/6
SymbLink /dev/mtdblock/7
SymbLink /dev/mtdblock/8
SymbLink /dev/mtdblock/9
Inserting kernel modules ...
Inserting Rebootm ...
Inserting atheros ethernet ...
Inserting gpio ...
done.
[   26.884287] cfg80211: Calling CRDA to update world regulatory domain
Start xmldb ...
[   27.001933] random: nonblocking pool is initialized
[   27.060978] firmadyne: sys_socket[PID: 148 (xmldb)]: family:1, type:2, protocol:0
[/etc/scripts/misc/profile.sh] get ...
DEVCONF: unable to read config data (ret=-3) !
CAN NOT get devive config, generate default!
[/etc/scripts/misc/profile.sh] reset ...
[   37.286304] cfg80211: Calling CRDA to update world regulatory domain
[   37.299364] firmadyne: sys_socket[PID: 160 (rgdb)]: family:1, type:2, protocol:0
[/etc/scripts/misc/defnodes.sh] ...
[/etc/defnodes/S10setext.sh] ...
[   37.744644] firmadyne: sys_socket[PID: 167 (xmldbc)]: family:1, type:2, protocol:0
[   37.807244] firmadyne: sys_socket[PID: 168 (xmldbc)]: family:1, type:2, protocol:0
[   45.997466] cfg80211: Calling CRDA to update world regulatory domain
[   46.016423] firmadyne: sys_socket[PID: 169 (xmldbc)]: family:1, type:2, protocol:0
[   46.084815] firmadyne: sys_socket[PID: 171 (xmldbc)]: family:1, type:2, protocol:0
[   46.147830] firmadyne: sys_socket[PID: 172 (xmldbc)]: family:1, type:2, protocol:0
[   46.211612] firmadyne: sys_socket[PID: 173 (xmldbc)]: family:1, type:2, protocol:0
[   59.132975] cfg80211: Calling CRDA to update world regulatory domain
[   59.158091] firmadyne: sys_socket[PID: 174 (xmldbc)]: family:1, type:2, protocol:0
[   59.221533] firmadyne: sys_socket[PID: 176 (xmldbc)]: family:1, type:2, protocol:0
[   59.283128] firmadyne: sys_socket[PID: 177 (xmldbc)]: family:1, type:2, protocol:0
[   59.345810] firmadyne: sys_socket[PID: 178 (xmldbc)]: family:1, type:2, protocol:0
[   80.184104] cfg80211: Calling CRDA to update world regulatory domain
[   80.220729] firmadyne: sys_socket[PID: 179 (xmldbc)]: family:1, type:2, protocol:0
[   80.283156] firmadyne: sys_socket[PID: 181 (xmldbc)]: family:1, type:2, protocol:0
[   80.346513] firmadyne: sys_socket[PID: 182 (xmldbc)]: family:1, type:2, protocol:0
[   80.409717] firmadyne: sys_socket[PID: 183 (xmldbc)]: family:1, type:2, protocol:0
[   96.516720] cfg80211: Calling CRDA to update world regulatory domain
[   96.556826] firmadyne: sys_socket[PID: 184 (xmldbc)]: family:1, type:2, protocol:0
[   96.620851] firmadyne: sys_socket[PID: 186 (xmldbc)]: family:1, type:2, protocol:0
[   96.683060] firmadyne: sys_socket[PID: 187 (xmldbc)]: family:1, type:2, protocol:0
[   96.747148] firmadyne: sys_socket[PID: 188 (xmldbc)]: family:1, type:2, protocol:0
[  119.656097] cfg80211: Exceeded CRDA call max attempts. Not calling CRDA
[  119.687866] firmadyne: sys_socket[PID: 189 (xmldbc)]: family:1, type:2, protocol:0
[  119.751450] firmadyne: sys_socket[PID: 190 (xmldbc)]: family:1, type:2, protocol:0
[  119.814122] firmadyne: sys_socket[PID: 191 (xmldbc)]: family:1, type:2, protocol:0
[  119.879993] firmadyne: sys_socket[PID: 192 (rgdb)]: family:1, type:2, protocol:0
[  127.798163] firmadyne: sys_socket[PID: 193 (rgdb)]: family:1, type:2, protocol:0
[  127.861183] firmadyne: sys_socket[PID: 194 (rgdb)]: family:1, type:2, protocol:0
[  127.923683] firmadyne: sys_socket[PID: 195 (rgdb)]: family:1, type:2, protocol:0
[  127.989815] firmadyne: sys_socket[PID: 196 (rgdb)]: family:1, type:2, protocol:0
[  134.075162] firmadyne: sys_socket[PID: 197 (rgdb)]: family:1, type:2, protocol:0
[  134.140323] firmadyne: sys_socket[PID: 198 (rgdb)]: family:1, type:2, protocol:0
[  134.204498] firmadyne: sys_socket[PID: 199 (rgdb)]: family:1, type:2, protocol:0
[  134.267371] firmadyne: sys_socket[PID: 200 (rgdb)]: family:1, type:2, protocol:0
[  154.117591] firmadyne: sys_socket[PID: 201 (rgdb)]: family:1, type:2, protocol:0
[  154.181481] firmadyne: sys_socket[PID: 202 (rgdb)]: family:1, type:2, protocol:0
[  154.242959] firmadyne: sys_socket[PID: 203 (rgdb)]: family:1, type:2, protocol:0
[  154.310802] firmadyne: sys_socket[PID: 204 (rgdb)]: family:1, type:2, protocol:0
[  162.211568] firmadyne: sys_socket[PID: 205 (rgdb)]: family:1, type:2, protocol:0
[  162.348848] firmadyne: sys_socket[PID: 207 (xmldbc)]: family:1, type:2, protocol:0
[  162.413313] firmadyne: sys_socket[PID: 208 (xmldbc)]: family:1, type:2, protocol:0
[  181.223229] firmadyne: sys_socket[PID: 209 (xmldbc)]: family:1, type:2, protocol:0
[  181.287612] firmadyne: sys_socket[PID: 210 (xmldbc)]: family:1, type:2, protocol:0
[  181.349853] firmadyne: sys_socket[PID: 211 (xmldbc)]: family:1, type:2, protocol:0
[  181.413640] firmadyne: sys_socket[PID: 212 (xmldbc)]: family:1, type:2, protocol:0
[  188.492716] firmadyne: sys_socket[PID: 213 (xmldbc)]: family:1, type:2, protocol:0
[  188.556924] firmadyne: sys_socket[PID: 214 (xmldbc)]: family:1, type:2, protocol:0
[  188.620218] firmadyne: sys_socket[PID: 215 (xmldbc)]: family:1, type:2, protocol:0
[  188.688499] firmadyne: sys_socket[PID: 216 (xmldbc)]: family:1, type:2, protocol:0
[  188.752327] firmadyne: sys_socket[PID: 217 (xmldbc)]: family:1, type:2, protocol:0
[  188.816135] firmadyne: sys_socket[PID: 218 (xmldbc)]: family:1, type:2, protocol:0
[  188.878558] firmadyne: sys_socket[PID: 219 (xmldbc)]: family:1, type:2, protocol:0
[  188.943338] firmadyne: sys_socket[PID: 220 (xmldbc)]: family:1, type:2, protocol:0
[  189.005943] firmadyne: sys_socket[PID: 221 (xmldbc)]: family:1, type:2, protocol:0
[  189.068610] firmadyne: sys_socket[PID: 222 (xmldbc)]: family:1, type:2, protocol:0
[  189.132080] firmadyne: sys_socket[PID: 223 (xmldbc)]: family:1, type:2, protocol:0
[  189.193621] firmadyne: sys_socket[PID: 224 (xmldbc)]: family:1, type:2, protocol:0
[  189.417574] firmadyne: sys_socket[PID: 229 (xmldbc)]: family:1, type:2, protocol:0
[  189.478328] firmadyne: sys_socket[PID: 230 (xmldbc)]: family:1, type:2, protocol:0
[  189.541489] firmadyne: sys_socket[PID: 231 (xmldbc)]: family:1, type:2, protocol:0
[  189.602621] firmadyne: sys_socket[PID: 232 (xmldbc)]: family:1, type:2, protocol:0
[  189.664873] firmadyne: sys_socket[PID: 233 (xmldbc)]: family:1, type:2, protocol:0
[  189.727953] firmadyne: sys_socket[PID: 234 (xmldbc)]: family:1, type:2, protocol:0
[  189.800145] firmadyne: sys_socket[PID: 235 (xmldbc)]: family:1, type:2, protocol:0
[  189.861977] firmadyne: sys_socket[PID: 236 (xmldbc)]: family:1, type:2, protocol:0
[  189.926248] firmadyne: sys_socket[PID: 237 (xmldbc)]: family:1, type:2, protocol:0
[  189.988046] firmadyne: sys_socket[PID: 238 (xmldbc)]: family:1, type:2, protocol:0
[  190.050567] firmadyne: sys_socket[PID: 239 (xmldbc)]: family:1, type:2, protocol:0
[  190.113684] firmadyne: sys_socket[PID: 240 (xmldbc)]: family:1, type:2, protocol:0
[  190.176915] firmadyne: sys_socket[PID: 241 (xmldbc)]: family:1, type:2, protocol:0
[  190.238092] firmadyne: sys_socket[PID: 242 (xmldbc)]: family:1, type:2, protocol:0
[  190.301374] firmadyne: sys_socket[PID: 243 (xmldbc)]: family:1, type:2, protocol:0
[  190.363111] firmadyne: sys_socket[PID: 244 (xmldbc)]: family:1, type:2, protocol:0
[  190.425314] firmadyne: sys_socket[PID: 245 (xmldbc)]: family:1, type:2, protocol:0
[  190.487864] firmadyne: sys_socket[PID: 246 (xmldbc)]: family:1, type:2, protocol:0
[  190.550203] firmadyne: sys_socket[PID: 247 (xmldbc)]: family:1, type:2, protocol:0
[  190.696771] firmadyne: sys_socket[PID: 251 (xmldbc)]: family:1, type:2, protocol:0
[  190.758413] firmadyne: sys_socket[PID: 252 (xmldbc)]: family:1, type:2, protocol:0
[  190.820727] firmadyne: sys_socket[PID: 253 (xmldbc)]: family:1, type:2, protocol:0
[  190.884337] firmadyne: sys_socket[PID: 254 (xmldbc)]: family:1, type:2, protocol:0
[  190.945225] firmadyne: sys_socket[PID: 255 (xmldbc)]: family:1, type:2, protocol:0
[  191.007517] firmadyne: sys_socket[PID: 256 (xmldbc)]: family:1, type:2, protocol:0
[  191.068840] firmadyne: sys_socket[PID: 257 (xmldbc)]: family:1, type:2, protocol:0
[  191.132154] firmadyne: sys_socket[PID: 258 (xmldbc)]: family:1, type:2, protocol:0
[  191.192858] firmadyne: sys_socket[PID: 259 (xmldbc)]: family:1, type:2, protocol:0
[  191.255148] firmadyne: sys_socket[PID: 260 (xmldbc)]: family:1, type:2, protocol:0
[  191.318162] firmadyne: sys_socket[PID: 261 (xmldbc)]: family:1, type:2, protocol:0
[  191.378491] firmadyne: sys_socket[PID: 262 (xmldbc)]: family:1, type:2, protocol:0
[  191.441245] firmadyne: sys_socket[PID: 263 (xmldbc)]: family:1, type:2, protocol:0
[  191.504268] firmadyne: sys_socket[PID: 264 (xmldbc)]: family:1, type:2, protocol:0
[  191.565907] firmadyne: sys_socket[PID: 265 (xmldbc)]: family:1, type:2, protocol:0
[  191.627279] firmadyne: sys_socket[PID: 266 (xmldbc)]: family:1, type:2, protocol:0
[  191.690276] firmadyne: sys_socket[PID: 267 (xmldbc)]: family:1, type:2, protocol:0
[  191.752441] firmadyne: sys_socket[PID: 268 (xmldbc)]: family:1, type:2, protocol:0
[  191.815673] firmadyne: sys_socket[PID: 269 (xmldbc)]: family:1, type:2, protocol:0
[  191.962148] firmadyne: sys_socket[PID: 273 (xmldbc)]: family:1, type:2, protocol:0
[  192.025054] firmadyne: sys_socket[PID: 274 (xmldbc)]: family:1, type:2, protocol:0
[  192.087045] firmadyne: sys_socket[PID: 275 (xmldbc)]: family:1, type:2, protocol:0
[  192.149008] firmadyne: sys_socket[PID: 276 (xmldbc)]: family:1, type:2, protocol:0
[  192.210862] firmadyne: sys_socket[PID: 277 (xmldbc)]: family:1, type:2, protocol:0
[  192.273495] firmadyne: sys_socket[PID: 278 (xmldbc)]: family:1, type:2, protocol:0
[  192.338069] firmadyne: sys_socket[PID: 279 (xmldbc)]: family:1, type:2, protocol:0
[  192.401269] firmadyne: sys_socket[PID: 280 (xmldbc)]: family:1, type:2, protocol:0
[  192.462206] firmadyne: sys_socket[PID: 281 (xmldbc)]: family:1, type:2, protocol:0
[  192.527407] firmadyne: sys_socket[PID: 282 (xmldbc)]: family:1, type:2, protocol:0
[  192.589406] firmadyne: sys_socket[PID: 283 (xmldbc)]: family:1, type:2, protocol:0
[  192.651039] firmadyne: sys_socket[PID: 284 (xmldbc)]: family:1, type:2, protocol:0
[  192.714283] firmadyne: sys_socket[PID: 285 (xmldbc)]: family:1, type:2, protocol:0
[  192.770843] firmadyne: sys_socket[PID: 286 (xmldbc)]: family:1, type:2, protocol:0
[  192.833954] firmadyne: sys_socket[PID: 287 (xmldbc)]: family:1, type:2, protocol:0
[  192.898512] firmadyne: sys_socket[PID: 288 (xmldbc)]: family:1, type:2, protocol:0
[  192.960359] firmadyne: sys_socket[PID: 289 (xmldbc)]: family:1, type:2, protocol:0
[  193.022302] firmadyne: sys_socket[PID: 290 (xmldbc)]: family:1, type:2, protocol:0
[  193.085968] firmadyne: sys_socket[PID: 291 (xmldbc)]: family:1, type:2, protocol:0
[  193.233420] firmadyne: sys_socket[PID: 295 (xmldbc)]: family:1, type:2, protocol:0
[  193.297783] firmadyne: sys_socket[PID: 296 (xmldbc)]: family:1, type:2, protocol:0
[  193.359179] firmadyne: sys_socket[PID: 297 (xmldbc)]: family:1, type:2, protocol:0
[  193.421797] firmadyne: sys_socket[PID: 298 (xmldbc)]: family:1, type:2, protocol:0
[  193.484348] firmadyne: sys_socket[PID: 299 (xmldbc)]: family:1, type:2, protocol:0
[  193.551944] firmadyne: sys_socket[PID: 300 (xmldbc)]: family:1, type:2, protocol:0
[  193.614280] firmadyne: sys_socket[PID: 301 (xmldbc)]: family:1, type:2, protocol:0
[  193.676798] firmadyne: sys_socket[PID: 302 (xmldbc)]: family:1, type:2, protocol:0
[  193.739431] firmadyne: sys_socket[PID: 303 (xmldbc)]: family:1, type:2, protocol:0
[  193.800818] firmadyne: sys_socket[PID: 304 (xmldbc)]: family:1, type:2, protocol:0
[  193.864745] firmadyne: sys_socket[PID: 305 (xmldbc)]: family:1, type:2, protocol:0
[  193.928215] firmadyne: sys_socket[PID: 306 (xmldbc)]: family:1, type:2, protocol:0
[  193.988834] firmadyne: sys_socket[PID: 307 (xmldbc)]: family:1, type:2, protocol:0
[  194.050850] firmadyne: sys_socket[PID: 308 (xmldbc)]: family:1, type:2, protocol:0
[  194.114017] firmadyne: sys_socket[PID: 309 (xmldbc)]: family:1, type:2, protocol:0
[  194.177245] firmadyne: sys_socket[PID: 310 (xmldbc)]: family:1, type:2, protocol:0
[  194.238172] firmadyne: sys_socket[PID: 311 (xmldbc)]: family:1, type:2, protocol:0
[  194.301295] firmadyne: sys_socket[PID: 312 (xmldbc)]: family:1, type:2, protocol:0
[  194.362163] firmadyne: sys_socket[PID: 313 (xmldbc)]: family:1, type:2, protocol:0
[  194.510944] firmadyne: sys_socket[PID: 317 (xmldbc)]: family:1, type:2, protocol:0
[  194.571961] firmadyne: sys_socket[PID: 318 (xmldbc)]: family:1, type:2, protocol:0
[  194.633027] firmadyne: sys_socket[PID: 319 (xmldbc)]: family:1, type:2, protocol:0
[  194.696029] firmadyne: sys_socket[PID: 320 (xmldbc)]: family:1, type:2, protocol:0
[  194.759117] firmadyne: sys_socket[PID: 321 (xmldbc)]: family:1, type:2, protocol:0
[  194.821049] firmadyne: sys_socket[PID: 322 (xmldbc)]: family:1, type:2, protocol:0
[  194.886169] firmadyne: sys_socket[PID: 323 (xmldbc)]: family:1, type:2, protocol:0
[  194.947720] firmadyne: sys_socket[PID: 324 (xmldbc)]: family:1, type:2, protocol:0
[  195.009452] firmadyne: sys_socket[PID: 325 (xmldbc)]: family:1, type:2, protocol:0
[  195.070976] firmadyne: sys_socket[PID: 326 (xmldbc)]: family:1, type:2, protocol:0
[  195.134181] firmadyne: sys_socket[PID: 327 (xmldbc)]: family:1, type:2, protocol:0
[  195.191511] firmadyne: sys_socket[PID: 328 (xmldbc)]: family:1, type:2, protocol:0
[  195.253462] firmadyne: sys_socket[PID: 329 (xmldbc)]: family:1, type:2, protocol:0
[  195.318082] firmadyne: sys_socket[PID: 330 (xmldbc)]: family:1, type:2, protocol:0
[  195.378404] firmadyne: sys_socket[PID: 331 (xmldbc)]: family:1, type:2, protocol:0
[  195.440353] firmadyne: sys_socket[PID: 332 (xmldbc)]: family:1, type:2, protocol:0
[  195.504180] firmadyne: sys_socket[PID: 333 (xmldbc)]: family:1, type:2, protocol:0
[  195.566328] firmadyne: sys_socket[PID: 334 (xmldbc)]: family:1, type:2, protocol:0
[  195.627924] firmadyne: sys_socket[PID: 335 (xmldbc)]: family:1, type:2, protocol:0
[  195.773584] firmadyne: sys_socket[PID: 339 (xmldbc)]: family:1, type:2, protocol:0
[  195.835147] firmadyne: sys_socket[PID: 340 (xmldbc)]: family:1, type:2, protocol:0
[  195.894119] firmadyne: sys_socket[PID: 341 (xmldbc)]: family:1, type:2, protocol:0
[  195.953795] firmadyne: sys_socket[PID: 342 (xmldbc)]: family:1, type:2, protocol:0
[  196.015001] firmadyne: sys_socket[PID: 343 (xmldbc)]: family:1, type:2, protocol:0
[  196.074938] firmadyne: sys_socket[PID: 344 (xmldbc)]: family:1, type:2, protocol:0
[  196.137079] firmadyne: sys_socket[PID: 345 (xmldbc)]: family:1, type:2, protocol:0
[  196.198325] firmadyne: sys_socket[PID: 346 (xmldbc)]: family:1, type:2, protocol:0
[  196.259750] firmadyne: sys_socket[PID: 347 (xmldbc)]: family:1, type:2, protocol:0
[  196.320335] firmadyne: sys_socket[PID: 348 (xmldbc)]: family:1, type:2, protocol:0
[  196.381210] firmadyne: sys_socket[PID: 349 (xmldbc)]: family:1, type:2, protocol:0
[  196.441107] firmadyne: sys_socket[PID: 350 (xmldbc)]: family:1, type:2, protocol:0
[  196.501651] firmadyne: sys_socket[PID: 351 (xmldbc)]: family:1, type:2, protocol:0
[  196.560513] firmadyne: sys_socket[PID: 352 (xmldbc)]: family:1, type:2, protocol:0
[  196.620014] firmadyne: sys_socket[PID: 353 (xmldbc)]: family:1, type:2, protocol:0
[  196.678458] firmadyne: sys_socket[PID: 354 (xmldbc)]: family:1, type:2, protocol:0
[  196.740505] firmadyne: sys_socket[PID: 355 (xmldbc)]: family:1, type:2, protocol:0
[  196.800783] firmadyne: sys_socket[PID: 356 (xmldbc)]: family:1, type:2, protocol:0
[  196.864696] firmadyne: sys_socket[PID: 357 (xmldbc)]: family:1, type:2, protocol:0
[  197.009697] firmadyne: sys_socket[PID: 361 (xmldbc)]: family:1, type:2, protocol:0
[  197.069378] firmadyne: sys_socket[PID: 362 (xmldbc)]: family:1, type:2, protocol:0
[  197.131243] firmadyne: sys_socket[PID: 363 (xmldbc)]: family:1, type:2, protocol:0
[  197.192334] firmadyne: sys_socket[PID: 364 (xmldbc)]: family:1, type:2, protocol:0
[  197.253791] firmadyne: sys_socket[PID: 365 (xmldbc)]: family:1, type:2, protocol:0
[  197.317120] firmadyne: sys_socket[PID: 366 (xmldbc)]: family:1, type:2, protocol:0
[  197.378514] firmadyne: sys_socket[PID: 367 (xmldbc)]: family:1, type:2, protocol:0
[  197.440266] firmadyne: sys_socket[PID: 368 (xmldbc)]: family:1, type:2, protocol:0
[  197.503153] firmadyne: sys_socket[PID: 369 (xmldbc)]: family:1, type:2, protocol:0
[  197.565208] firmadyne: sys_socket[PID: 370 (xmldbc)]: family:1, type:2, protocol:0
[  197.627654] firmadyne: sys_socket[PID: 371 (xmldbc)]: family:1, type:2, protocol:0
[  197.692538] firmadyne: sys_socket[PID: 372 (xmldbc)]: family:1, type:2, protocol:0
[  197.753850] firmadyne: sys_socket[PID: 373 (xmldbc)]: family:1, type:2, protocol:0
[  197.815876] firmadyne: sys_socket[PID: 374 (xmldbc)]: family:1, type:2, protocol:0
[  197.878318] firmadyne: sys_socket[PID: 375 (xmldbc)]: family:1, type:2, protocol:0
[  197.944343] firmadyne: sys_socket[PID: 376 (xmldbc)]: family:1, type:2, protocol:0
[  198.007230] firmadyne: sys_socket[PID: 377 (xmldbc)]: family:1, type:2, protocol:0
[  198.069200] firmadyne: sys_socket[PID: 378 (xmldbc)]: family:1, type:2, protocol:0
[  198.133052] firmadyne: sys_socket[PID: 379 (xmldbc)]: family:1, type:2, protocol:0
[  198.279718] firmadyne: sys_socket[PID: 383 (xmldbc)]: family:1, type:2, protocol:0
[  198.342870] firmadyne: sys_socket[PID: 384 (xmldbc)]: family:1, type:2, protocol:0
[  198.404492] firmadyne: sys_socket[PID: 385 (xmldbc)]: family:1, type:2, protocol:0
[  198.465220] firmadyne: sys_socket[PID: 386 (xmldbc)]: family:1, type:2, protocol:0
[  198.528740] firmadyne: sys_socket[PID: 387 (xmldbc)]: family:1, type:2, protocol:0
[  198.589606] firmadyne: sys_socket[PID: 388 (xmldbc)]: family:1, type:2, protocol:0
[  198.648476] firmadyne: sys_socket[PID: 389 (xmldbc)]: family:1, type:2, protocol:0
[  198.710493] firmadyne: sys_socket[PID: 390 (xmldbc)]: family:1, type:2, protocol:0
[  198.770780] firmadyne: sys_socket[PID: 391 (xmldbc)]: family:1, type:2, protocol:0
[  198.829371] firmadyne: sys_socket[PID: 392 (xmldbc)]: family:1, type:2, protocol:0
[  198.892383] firmadyne: sys_socket[PID: 393 (xmldbc)]: family:1, type:2, protocol:0
[  198.955254] firmadyne: sys_socket[PID: 394 (xmldbc)]: family:1, type:2, protocol:0
[  199.017146] firmadyne: sys_socket[PID: 395 (xmldbc)]: family:1, type:2, protocol:0
[  199.077941] firmadyne: sys_socket[PID: 396 (xmldbc)]: family:1, type:2, protocol:0
[  199.141134] firmadyne: sys_socket[PID: 397 (xmldbc)]: family:1, type:2, protocol:0
[  199.203354] firmadyne: sys_socket[PID: 398 (xmldbc)]: family:1, type:2, protocol:0
[  199.265870] firmadyne: sys_socket[PID: 399 (xmldbc)]: family:1, type:2, protocol:0
[  199.328755] firmadyne: sys_socket[PID: 400 (xmldbc)]: family:1, type:2, protocol:0
[  199.391033] firmadyne: sys_socket[PID: 401 (xmldbc)]: family:1, type:2, protocol:0
[  199.538259] firmadyne: sys_socket[PID: 405 (xmldbc)]: family:1, type:2, protocol:0
[  199.599498] firmadyne: sys_socket[PID: 406 (xmldbc)]: family:1, type:2, protocol:0
[  199.660789] firmadyne: sys_socket[PID: 407 (xmldbc)]: family:1, type:2, protocol:0
[  199.724719] firmadyne: sys_socket[PID: 408 (xmldbc)]: family:1, type:2, protocol:0
[  199.787426] firmadyne: sys_socket[PID: 409 (xmldbc)]: family:1, type:2, protocol:0
[  199.849696] firmadyne: sys_socket[PID: 410 (xmldbc)]: family:1, type:2, protocol:0
[  199.914329] firmadyne: sys_socket[PID: 411 (xmldbc)]: family:1, type:2, protocol:0
[  199.975499] firmadyne: sys_socket[PID: 412 (xmldbc)]: family:1, type:2, protocol:0
[  200.037875] firmadyne: sys_socket[PID: 413 (xmldbc)]: family:1, type:2, protocol:0
[  200.096270] firmadyne: sys_socket[PID: 414 (xmldbc)]: family:1, type:2, protocol:0
[  200.158004] firmadyne: sys_socket[PID: 415 (xmldbc)]: family:1, type:2, protocol:0
[  200.220986] firmadyne: sys_socket[PID: 416 (xmldbc)]: family:1, type:2, protocol:0
[  200.282468] firmadyne: sys_socket[PID: 417 (xmldbc)]: family:1, type:2, protocol:0
[  200.345842] firmadyne: sys_socket[PID: 418 (xmldbc)]: family:1, type:2, protocol:0
[  200.404549] firmadyne: sys_socket[PID: 419 (xmldbc)]: family:1, type:2, protocol:0
[  200.463893] firmadyne: sys_socket[PID: 420 (xmldbc)]: family:1, type:2, protocol:0
[  200.525130] firmadyne: sys_socket[PID: 421 (xmldbc)]: family:1, type:2, protocol:0
[  200.585639] firmadyne: sys_socket[PID: 422 (xmldbc)]: family:1, type:2, protocol:0
[  200.644802] firmadyne: sys_socket[PID: 423 (xmldbc)]: family:1, type:2, protocol:0
[  200.785531] firmadyne: sys_socket[PID: 427 (xmldbc)]: family:1, type:2, protocol:0
[  200.845708] firmadyne: sys_socket[PID: 428 (xmldbc)]: family:1, type:2, protocol:0
[  200.907795] firmadyne: sys_socket[PID: 429 (xmldbc)]: family:1, type:2, protocol:0
[  200.971673] firmadyne: sys_socket[PID: 430 (xmldbc)]: family:1, type:2, protocol:0
[  201.032562] firmadyne: sys_socket[PID: 431 (xmldbc)]: family:1, type:2, protocol:0
[  201.092524] firmadyne: sys_socket[PID: 432 (xmldbc)]: family:1, type:2, protocol:0
[  201.152184] firmadyne: sys_socket[PID: 433 (xmldbc)]: family:1, type:2, protocol:0
[  201.210598] firmadyne: sys_socket[PID: 434 (xmldbc)]: family:1, type:2, protocol:0
[  201.269784] firmadyne: sys_socket[PID: 435 (xmldbc)]: family:1, type:2, protocol:0
[  201.330199] firmadyne: sys_socket[PID: 436 (xmldbc)]: family:1, type:2, protocol:0
[  201.384495] firmadyne: sys_socket[PID: 437 (xmldbc)]: family:1, type:2, protocol:0
[  201.443831] firmadyne: sys_socket[PID: 438 (xmldbc)]: family:1, type:2, protocol:0
[  201.504519] firmadyne: sys_socket[PID: 439 (xmldbc)]: family:1, type:2, protocol:0
[  201.564154] firmadyne: sys_socket[PID: 440 (xmldbc)]: family:1, type:2, protocol:0
[  201.622920] firmadyne: sys_socket[PID: 441 (xmldbc)]: family:1, type:2, protocol:0
[  211.436372] firmadyne: sys_socket[PID: 442 (xmldbc)]: family:1, type:2, protocol:0
[  211.499278] firmadyne: sys_socket[PID: 443 (xmldbc)]: family:1, type:2, protocol:0
[  211.561962] firmadyne: sys_socket[PID: 444 (xmldbc)]: family:1, type:2, protocol:0
[  211.626272] firmadyne: sys_socket[PID: 445 (xmldbc)]: family:1, type:2, protocol:0
[  225.581054] firmadyne: sys_socket[PID: 449 (xmldbc)]: family:1, type:2, protocol:0
[  225.644719] firmadyne: sys_socket[PID: 450 (xmldbc)]: family:1, type:2, protocol:0
[  225.707405] firmadyne: sys_socket[PID: 451 (xmldbc)]: family:1, type:2, protocol:0
[  225.770934] firmadyne: sys_socket[PID: 452 (xmldbc)]: family:1, type:2, protocol:0
[  243.437031] firmadyne: sys_socket[PID: 453 (xmldbc)]: family:1, type:2, protocol:0
[  243.500979] firmadyne: sys_socket[PID: 454 (xmldbc)]: family:1, type:2, protocol:0
[  243.563007] firmadyne: sys_socket[PID: 455 (xmldbc)]: family:1, type:2, protocol:0
[  243.626954] firmadyne: sys_socket[PID: 456 (xmldbc)]: family:1, type:2, protocol:0
[  256.594409] firmadyne: sys_socket[PID: 457 (xmldbc)]: family:1, type:2, protocol:0
[  256.656950] firmadyne: sys_socket[PID: 458 (xmldbc)]: family:1, type:2, protocol:0
[  256.720615] firmadyne: sys_socket[PID: 459 (xmldbc)]: family:1, type:2, protocol:0
[  256.784462] firmadyne: sys_socket[PID: 460 (xmldbc)]: family:1, type:2, protocol:0
[  265.706331] firmadyne: sys_socket[PID: 461 (xmldbc)]: family:1, type:2, protocol:0
[  265.769069] firmadyne: sys_socket[PID: 462 (xmldbc)]: family:1, type:2, protocol:0
[  265.832863] firmadyne: sys_socket[PID: 463 (xmldbc)]: family:1, type:2, protocol:0
[  265.896726] firmadyne: sys_socket[PID: 464 (xmldbc)]: family:1, type:2, protocol:0
[  290.150451] firmadyne: sys_socket[PID: 465 (xmldbc)]: family:1, type:2, protocol:0
[  290.216253] firmadyne: sys_socket[PID: 466 (xmldbc)]: family:1, type:2, protocol:0
[  290.279936] firmadyne: sys_socket[PID: 467 (xmldbc)]: family:1, type:2, protocol:0
[  290.420576] firmadyne: sys_socket[PID: 471 (xmldbc)]: family:1, type:2, protocol:0
[  290.483838] firmadyne: sys_socket[PID: 472 (xmldbc)]: family:1, type:2, protocol:0
[  290.546162] firmadyne: sys_socket[PID: 473 (xmldbc)]: family:1, type:2, protocol:0
[  290.608747] firmadyne: sys_socket[PID: 474 (xmldbc)]: family:1, type:2, protocol:0
[  290.671600] firmadyne: sys_socket[PID: 475 (xmldbc)]: family:1, type:2, protocol:0
[  290.735476] firmadyne: sys_socket[PID: 476 (xmldbc)]: family:1, type:2, protocol:0
[  290.797741] firmadyne: sys_socket[PID: 477 (xmldbc)]: family:1, type:2, protocol:0
[  290.860529] firmadyne: sys_socket[PID: 478 (xmldbc)]: family:1, type:2, protocol:0
[  290.924822] firmadyne: sys_socket[PID: 479 (xmldbc)]: family:1, type:2, protocol:0
[  290.987947] firmadyne: sys_socket[PID: 480 (xmldbc)]: family:1, type:2, protocol:0
[  291.050318] firmadyne: sys_socket[PID: 481 (xmldbc)]: family:1, type:2, protocol:0
[  291.114557] firmadyne: sys_socket[PID: 482 (xmldbc)]: family:1, type:2, protocol:0
[  291.172522] firmadyne: sys_socket[PID: 483 (xmldbc)]: family:1, type:2, protocol:0
[  291.233540] firmadyne: sys_socket[PID: 484 (xmldbc)]: family:1, type:2, protocol:0
[  291.297887] firmadyne: sys_socket[PID: 485 (xmldbc)]: family:1, type:2, protocol:0
[  291.360832] firmadyne: sys_socket[PID: 486 (xmldbc)]: family:1, type:2, protocol:0
[  291.423180] firmadyne: sys_socket[PID: 487 (xmldbc)]: family:1, type:2, protocol:0
[  291.487553] firmadyne: sys_socket[PID: 488 (xmldbc)]: family:1, type:2, protocol:0
[  291.551102] firmadyne: sys_socket[PID: 489 (xmldbc)]: family:1, type:2, protocol:0
[  291.699149] firmadyne: sys_socket[PID: 493 (xmldbc)]: family:1, type:2, protocol:0
[  291.760741] firmadyne: sys_socket[PID: 494 (xmldbc)]: family:1, type:2, protocol:0
[  291.821872] firmadyne: sys_socket[PID: 495 (xmldbc)]: family:1, type:2, protocol:0
[  291.886977] firmadyne: sys_socket[PID: 496 (xmldbc)]: family:1, type:2, protocol:0
[  291.963920] firmadyne: sys_socket[PID: 497 (xmldbc)]: family:1, type:2, protocol:0
[  292.029106] firmadyne: sys_socket[PID: 498 (xmldbc)]: family:1, type:2, protocol:0
[  292.092888] firmadyne: sys_socket[PID: 499 (xmldbc)]: family:1, type:2, protocol:0
[  292.157314] firmadyne: sys_socket[PID: 500 (xmldbc)]: family:1, type:2, protocol:0
[  292.220551] firmadyne: sys_socket[PID: 501 (xmldbc)]: family:1, type:2, protocol:0
[  292.283839] firmadyne: sys_socket[PID: 502 (xmldbc)]: family:1, type:2, protocol:0
[  292.346226] firmadyne: sys_socket[PID: 503 (xmldbc)]: family:1, type:2, protocol:0
[  292.409639] firmadyne: sys_socket[PID: 504 (xmldbc)]: family:1, type:2, protocol:0
[  292.472995] firmadyne: sys_socket[PID: 505 (xmldbc)]: family:1, type:2, protocol:0
[  292.535201] firmadyne: sys_socket[PID: 506 (xmldbc)]: family:1, type:2, protocol:0
[  292.591634] firmadyne: sys_socket[PID: 507 (xmldbc)]: family:1, type:2, protocol:0
[  292.652437] firmadyne: sys_socket[PID: 508 (xmldbc)]: family:1, type:2, protocol:0
[  292.716273] firmadyne: sys_socket[PID: 509 (xmldbc)]: family:1, type:2, protocol:0
[  292.777975] firmadyne: sys_socket[PID: 510 (xmldbc)]: family:1, type:2, protocol:0
[  292.840987] firmadyne: sys_socket[PID: 511 (xmldbc)]: family:1, type:2, protocol:0
[  292.987846] firmadyne: sys_socket[PID: 515 (xmldbc)]: family:1, type:2, protocol:0
[  293.049784] firmadyne: sys_socket[PID: 516 (xmldbc)]: family:1, type:2, protocol:0
[  293.112466] firmadyne: sys_socket[PID: 517 (xmldbc)]: family:1, type:2, protocol:0
[  293.177397] firmadyne: sys_socket[PID: 518 (xmldbc)]: family:1, type:2, protocol:0
[  293.239689] firmadyne: sys_socket[PID: 519 (xmldbc)]: family:1, type:2, protocol:0
[  293.303348] firmadyne: sys_socket[PID: 520 (xmldbc)]: family:1, type:2, protocol:0
[  293.364775] firmadyne: sys_socket[PID: 521 (xmldbc)]: family:1, type:2, protocol:0
[  293.427420] firmadyne: sys_socket[PID: 522 (xmldbc)]: family:1, type:2, protocol:0
[  293.491336] firmadyne: sys_socket[PID: 523 (xmldbc)]: family:1, type:2, protocol:0
[  293.553687] firmadyne: sys_socket[PID: 524 (xmldbc)]: family:1, type:2, protocol:0
[  293.615786] firmadyne: sys_socket[PID: 525 (xmldbc)]: family:1, type:2, protocol:0
[  293.676288] firmadyne: sys_socket[PID: 526 (xmldbc)]: family:1, type:2, protocol:0
[  293.735970] firmadyne: sys_socket[PID: 527 (xmldbc)]: family:1, type:2, protocol:0
[  293.795185] firmadyne: sys_socket[PID: 528 (xmldbc)]: family:1, type:2, protocol:0
[  293.854284] firmadyne: sys_socket[PID: 529 (xmldbc)]: family:1, type:2, protocol:0
[  293.915486] firmadyne: sys_socket[PID: 530 (xmldbc)]: family:1, type:2, protocol:0
[  293.975696] firmadyne: sys_socket[PID: 531 (xmldbc)]: family:1, type:2, protocol:0
[  294.037930] firmadyne: sys_socket[PID: 532 (xmldbc)]: family:1, type:2, protocol:0
[  294.100231] firmadyne: sys_socket[PID: 533 (xmldbc)]: family:1, type:2, protocol:0
[  294.244609] firmadyne: sys_socket[PID: 537 (xmldbc)]: family:1, type:2, protocol:0
[  294.306345] firmadyne: sys_socket[PID: 538 (xmldbc)]: family:1, type:2, protocol:0
[  294.366020] firmadyne: sys_socket[PID: 539 (xmldbc)]: family:1, type:2, protocol:0
[  294.427290] firmadyne: sys_socket[PID: 540 (xmldbc)]: family:1, type:2, protocol:0
[  294.488049] firmadyne: sys_socket[PID: 541 (xmldbc)]: family:1, type:2, protocol:0
[  294.547983] firmadyne: sys_socket[PID: 542 (xmldbc)]: family:1, type:2, protocol:0
[  294.607133] firmadyne: sys_socket[PID: 543 (xmldbc)]: family:1, type:2, protocol:0
[  294.661869] firmadyne: sys_socket[PID: 544 (xmldbc)]: family:1, type:2, protocol:0
[  294.723282] firmadyne: sys_socket[PID: 545 (xmldbc)]: family:1, type:2, protocol:0
[  294.782427] firmadyne: sys_socket[PID: 546 (xmldbc)]: family:1, type:2, protocol:0
[  294.843146] firmadyne: sys_socket[PID: 547 (xmldbc)]: family:1, type:2, protocol:0
[  294.905494] firmadyne: sys_socket[PID: 548 (xmldbc)]: family:1, type:2, protocol:0
[  294.966016] firmadyne: sys_socket[PID: 549 (xmldbc)]: family:1, type:2, protocol:0
[  295.027861] firmadyne: sys_socket[PID: 550 (xmldbc)]: family:1, type:2, protocol:0
[  295.089216] firmadyne: sys_socket[PID: 551 (xmldbc)]: family:1, type:2, protocol:0
[  295.148384] firmadyne: sys_socket[PID: 552 (xmldbc)]: family:1, type:2, protocol:0
[  295.211173] firmadyne: sys_socket[PID: 553 (xmldbc)]: family:1, type:2, protocol:0
[  295.274996] firmadyne: sys_socket[PID: 554 (xmldbc)]: family:1, type:2, protocol:0
[  295.329859] firmadyne: sys_socket[PID: 555 (xmldbc)]: family:1, type:2, protocol:0
[  295.472613] firmadyne: sys_socket[PID: 559 (xmldbc)]: family:1, type:2, protocol:0
[  295.533745] firmadyne: sys_socket[PID: 560 (xmldbc)]: family:1, type:2, protocol:0
[  295.594123] firmadyne: sys_socket[PID: 561 (xmldbc)]: family:1, type:2, protocol:0
[  295.654541] firmadyne: sys_socket[PID: 562 (xmldbc)]: family:1, type:2, protocol:0
[  295.719008] firmadyne: sys_socket[PID: 563 (xmldbc)]: family:1, type:2, protocol:0
[  295.780728] firmadyne: sys_socket[PID: 564 (xmldbc)]: family:1, type:2, protocol:0
[  295.842277] firmadyne: sys_socket[PID: 565 (xmldbc)]: family:1, type:2, protocol:0
[  295.907307] firmadyne: sys_socket[PID: 566 (xmldbc)]: family:1, type:2, protocol:0
[  295.970262] firmadyne: sys_socket[PID: 567 (xmldbc)]: family:1, type:2, protocol:0
[  296.027990] firmadyne: sys_socket[PID: 568 (xmldbc)]: family:1, type:2, protocol:0
[  296.091151] firmadyne: sys_socket[PID: 569 (xmldbc)]: family:1, type:2, protocol:0
[  296.152961] firmadyne: sys_socket[PID: 570 (xmldbc)]: family:1, type:2, protocol:0
[  296.216994] firmadyne: sys_socket[PID: 571 (xmldbc)]: family:1, type:2, protocol:0
[  296.281179] firmadyne: sys_socket[PID: 572 (xmldbc)]: family:1, type:2, protocol:0
[  296.343243] firmadyne: sys_socket[PID: 573 (xmldbc)]: family:1, type:2, protocol:0
[  296.405557] firmadyne: sys_socket[PID: 574 (xmldbc)]: family:1, type:2, protocol:0
[  296.468610] firmadyne: sys_socket[PID: 575 (xmldbc)]: family:1, type:2, protocol:0
[  296.532637] firmadyne: sys_socket[PID: 576 (xmldbc)]: family:1, type:2, protocol:0
[  296.594346] firmadyne: sys_socket[PID: 577 (xmldbc)]: family:1, type:2, protocol:0
[  296.737475] firmadyne: sys_socket[PID: 581 (xmldbc)]: family:1, type:2, protocol:0
[  296.793528] firmadyne: sys_socket[PID: 582 (xmldbc)]: family:1, type:2, protocol:0
[  296.854105] firmadyne: sys_socket[PID: 583 (xmldbc)]: family:1, type:2, protocol:0
[  296.917221] firmadyne: sys_socket[PID: 584 (xmldbc)]: family:1, type:2, protocol:0
[  296.979583] firmadyne: sys_socket[PID: 585 (xmldbc)]: family:1, type:2, protocol:0
[  297.041577] firmadyne: sys_socket[PID: 586 (xmldbc)]: family:1, type:2, protocol:0
[  297.105346] firmadyne: sys_socket[PID: 587 (xmldbc)]: family:1, type:2, protocol:0
[  297.167201] firmadyne: sys_socket[PID: 588 (xmldbc)]: family:1, type:2, protocol:0
[  297.231236] firmadyne: sys_socket[PID: 589 (xmldbc)]: family:1, type:2, protocol:0
[  297.294926] firmadyne: sys_socket[PID: 590 (xmldbc)]: family:1, type:2, protocol:0
[  297.357299] firmadyne: sys_socket[PID: 591 (xmldbc)]: family:1, type:2, protocol:0
[  297.420087] firmadyne: sys_socket[PID: 592 (xmldbc)]: family:1, type:2, protocol:0
[  297.484813] firmadyne: sys_socket[PID: 593 (xmldbc)]: family:1, type:2, protocol:0
[  297.547389] firmadyne: sys_socket[PID: 594 (xmldbc)]: family:1, type:2, protocol:0
[  297.610101] firmadyne: sys_socket[PID: 595 (xmldbc)]: family:1, type:2, protocol:0
[  297.674917] firmadyne: sys_socket[PID: 596 (xmldbc)]: family:1, type:2, protocol:0
[  297.738149] firmadyne: sys_socket[PID: 597 (xmldbc)]: family:1, type:2, protocol:0
[  297.801268] firmadyne: sys_socket[PID: 598 (xmldbc)]: family:1, type:2, protocol:0
[  297.864078] firmadyne: sys_socket[PID: 599 (xmldbc)]: family:1, type:2, protocol:0
[  298.012350] firmadyne: sys_socket[PID: 603 (xmldbc)]: family:1, type:2, protocol:0
[  298.077467] firmadyne: sys_socket[PID: 604 (xmldbc)]: family:1, type:2, protocol:0
[  298.134207] firmadyne: sys_socket[PID: 605 (xmldbc)]: family:1, type:2, protocol:0
[  298.196360] firmadyne: sys_socket[PID: 606 (xmldbc)]: family:1, type:2, protocol:0
[  298.259611] firmadyne: sys_socket[PID: 607 (xmldbc)]: family:1, type:2, protocol:0
[  298.323767] firmadyne: sys_socket[PID: 608 (xmldbc)]: family:1, type:2, protocol:0
[  298.386884] firmadyne: sys_socket[PID: 609 (xmldbc)]: family:1, type:2, protocol:0
[  298.444137] firmadyne: sys_socket[PID: 610 (xmldbc)]: family:1, type:2, protocol:0
[  298.507152] firmadyne: sys_socket[PID: 611 (xmldbc)]: family:1, type:2, protocol:0
[  298.571267] firmadyne: sys_socket[PID: 612 (xmldbc)]: family:1, type:2, protocol:0
[  298.635217] firmadyne: sys_socket[PID: 613 (xmldbc)]: family:1, type:2, protocol:0
[  298.699098] firmadyne: sys_socket[PID: 614 (xmldbc)]: family:1, type:2, protocol:0
[  298.761217] firmadyne: sys_socket[PID: 615 (xmldbc)]: family:1, type:2, protocol:0
[  298.823030] firmadyne: sys_socket[PID: 616 (xmldbc)]: family:1, type:2, protocol:0
[  298.887116] firmadyne: sys_socket[PID: 617 (xmldbc)]: family:1, type:2, protocol:0
[  298.948780] firmadyne: sys_socket[PID: 618 (xmldbc)]: family:1, type:2, protocol:0
[  299.010451] firmadyne: sys_socket[PID: 619 (xmldbc)]: family:1, type:2, protocol:0
[  299.068888] firmadyne: sys_socket[PID: 620 (xmldbc)]: family:1, type:2, protocol:0
[  299.130950] firmadyne: sys_socket[PID: 621 (xmldbc)]: family:1, type:2, protocol:0
[  299.285342] firmadyne: sys_socket[PID: 625 (xmldbc)]: family:1, type:2, protocol:0
[  299.346897] firmadyne: sys_socket[PID: 626 (xmldbc)]: family:1, type:2, protocol:0
[  299.408964] firmadyne: sys_socket[PID: 627 (xmldbc)]: family:1, type:2, protocol:0
[  299.472841] firmadyne: sys_socket[PID: 628 (xmldbc)]: family:1, type:2, protocol:0
[  299.535794] firmadyne: sys_socket[PID: 629 (xmldbc)]: family:1, type:2, protocol:0
[  299.597764] firmadyne: sys_socket[PID: 630 (xmldbc)]: family:1, type:2, protocol:0
[  299.659407] firmadyne: sys_socket[PID: 631 (xmldbc)]: family:1, type:2, protocol:0
[  299.723457] firmadyne: sys_socket[PID: 632 (xmldbc)]: family:1, type:2, protocol:0
[  299.786547] firmadyne: sys_socket[PID: 633 (xmldbc)]: family:1, type:2, protocol:0
[  299.846152] firmadyne: sys_socket[PID: 634 (xmldbc)]: family:1, type:2, protocol:0
[  299.909877] firmadyne: sys_socket[PID: 635 (xmldbc)]: family:1, type:2, protocol:0
[  299.972264] firmadyne: sys_socket[PID: 636 (xmldbc)]: family:1, type:2, protocol:0
[  300.033978] firmadyne: sys_socket[PID: 637 (xmldbc)]: family:1, type:2, protocol:0
[  300.099131] firmadyne: sys_socket[PID: 638 (xmldbc)]: family:1, type:2, protocol:0
[  300.156855] firmadyne: sys_socket[PID: 639 (xmldbc)]: family:1, type:2, protocol:0
[  300.219765] firmadyne: sys_socket[PID: 640 (xmldbc)]: family:1, type:2, protocol:0
[  300.284982] firmadyne: sys_socket[PID: 641 (xmldbc)]: family:1, type:2, protocol:0
[  300.347401] firmadyne: sys_socket[PID: 642 (xmldbc)]: family:1, type:2, protocol:0
[  300.410213] firmadyne: sys_socket[PID: 643 (xmldbc)]: family:1, type:2, protocol:0
[  300.557143] firmadyne: sys_socket[PID: 647 (xmldbc)]: family:1, type:2, protocol:0
[  300.614014] firmadyne: sys_socket[PID: 648 (xmldbc)]: family:1, type:2, protocol:0
[  300.676655] firmadyne: sys_socket[PID: 649 (xmldbc)]: family:1, type:2, protocol:0
[  300.739548] firmadyne: sys_socket[PID: 650 (xmldbc)]: family:1, type:2, protocol:0
[  300.801717] firmadyne: sys_socket[PID: 651 (xmldbc)]: family:1, type:2, protocol:0
[  300.863627] firmadyne: sys_socket[PID: 652 (xmldbc)]: family:1, type:2, protocol:0
[  300.926474] firmadyne: sys_socket[PID: 653 (xmldbc)]: family:1, type:2, protocol:0
[  300.988431] firmadyne: sys_socket[PID: 654 (xmldbc)]: family:1, type:2, protocol:0
[  301.045293] firmadyne: sys_socket[PID: 655 (xmldbc)]: family:1, type:2, protocol:0
[  301.109002] firmadyne: sys_socket[PID: 656 (xmldbc)]: family:1, type:2, protocol:0
[  301.171103] firmadyne: sys_socket[PID: 657 (xmldbc)]: family:1, type:2, protocol:0
[  301.231950] firmadyne: sys_socket[PID: 658 (xmldbc)]: family:1, type:2, protocol:0
[  301.296730] firmadyne: sys_socket[PID: 659 (xmldbc)]: family:1, type:2, protocol:0
[  301.359901] firmadyne: sys_socket[PID: 660 (xmldbc)]: family:1, type:2, protocol:0
[  301.421627] firmadyne: sys_socket[PID: 661 (xmldbc)]: family:1, type:2, protocol:0
[  301.484821] firmadyne: sys_socket[PID: 662 (xmldbc)]: family:1, type:2, protocol:0
[  301.546449] firmadyne: sys_socket[PID: 663 (xmldbc)]: family:1, type:2, protocol:0
[  301.609230] firmadyne: sys_socket[PID: 664 (xmldbc)]: family:1, type:2, protocol:0
[  301.672026] firmadyne: sys_socket[PID: 665 (xmldbc)]: family:1, type:2, protocol:0
[  301.821770] firmadyne: sys_socket[PID: 669 (xmldbc)]: family:1, type:2, protocol:0
[  301.886842] firmadyne: sys_socket[PID: 670 (xmldbc)]: family:1, type:2, protocol:0
[  301.949218] firmadyne: sys_socket[PID: 671 (xmldbc)]: family:1, type:2, protocol:0
[  302.011681] firmadyne: sys_socket[PID: 672 (xmldbc)]: family:1, type:2, protocol:0
[  302.077011] firmadyne: sys_socket[PID: 673 (xmldbc)]: family:1, type:2, protocol:0
[  302.141752] firmadyne: sys_socket[PID: 674 (xmldbc)]: family:1, type:2, protocol:0
[  302.207897] firmadyne: sys_socket[PID: 675 (xmldbc)]: family:1, type:2, protocol:0
[  302.273377] firmadyne: sys_socket[PID: 676 (xmldbc)]: family:1, type:2, protocol:0
[  302.337753] firmadyne: sys_socket[PID: 677 (xmldbc)]: family:1, type:2, protocol:0
[  302.401343] firmadyne: sys_socket[PID: 678 (xmldbc)]: family:1, type:2, protocol:0
[  302.465255] firmadyne: sys_socket[PID: 679 (xmldbc)]: family:1, type:2, protocol:0
[  302.529813] firmadyne: sys_socket[PID: 680 (xmldbc)]: family:1, type:2, protocol:0
[  302.593184] firmadyne: sys_socket[PID: 681 (xmldbc)]: family:1, type:2, protocol:0
[  302.656853] firmadyne: sys_socket[PID: 682 (xmldbc)]: family:1, type:2, protocol:0
[  302.720978] firmadyne: sys_socket[PID: 683 (xmldbc)]: family:1, type:2, protocol:0
[  302.783639] firmadyne: sys_socket[PID: 684 (xmldbc)]: family:1, type:2, protocol:0
[  302.846331] firmadyne: sys_socket[PID: 685 (xmldbc)]: family:1, type:2, protocol:0
[  302.911824] firmadyne: sys_socket[PID: 686 (xmldbc)]: family:1, type:2, protocol:0
[  302.968738] firmadyne: sys_socket[PID: 687 (xmldbc)]: family:1, type:2, protocol:0
[  303.116043] firmadyne: sys_socket[PID: 691 (xmldbc)]: family:1, type:2, protocol:0
[  303.177798] firmadyne: sys_socket[PID: 692 (xmldbc)]: family:1, type:2, protocol:0
[  303.240406] firmadyne: sys_socket[PID: 693 (xmldbc)]: family:1, type:2, protocol:0
[  320.578122] firmadyne: sys_socket[PID: 694 (xmldbc)]: family:1, type:2, protocol:0
[  320.642046] firmadyne: sys_socket[PID: 695 (xmldbc)]: family:1, type:2, protocol:0
[  320.704221] firmadyne: sys_socket[PID: 696 (xmldbc)]: family:1, type:2, protocol:0
[  320.760563] firmadyne: sys_socket[PID: 697 (xmldbc)]: family:1, type:2, protocol:0
[  320.823678] firmadyne: sys_socket[PID: 698 (xmldbc)]: family:1, type:2, protocol:0
[  320.880599] firmadyne: sys_socket[PID: 699 (xmldbc)]: family:1, type:2, protocol:0
[  320.936626] firmadyne: sys_socket[PID: 700 (xmldbc)]: family:1, type:2, protocol:0
[  325.224497] firmadyne: sys_socket[PID: 701 (xmldbc)]: family:1, type:2, protocol:0
[  325.288919] firmadyne: sys_socket[PID: 702 (xmldbc)]: family:1, type:2, protocol:0
[  325.351371] firmadyne: sys_socket[PID: 703 (xmldbc)]: family:1, type:2, protocol:0
[  325.413253] firmadyne: sys_socket[PID: 704 (xmldbc)]: family:1, type:2, protocol:0
[  325.472387] firmadyne: sys_socket[PID: 705 (xmldbc)]: family:1, type:2, protocol:0
[  354.579013] firmadyne: sys_socket[PID: 706 (xmldbc)]: family:1, type:2, protocol:0
[  354.638853] firmadyne: sys_socket[PID: 707 (xmldbc)]: family:1, type:2, protocol:0
[  354.696300] firmadyne: sys_socket[PID: 708 (xmldbc)]: family:1, type:2, protocol:0
[  354.760158] firmadyne: sys_socket[PID: 709 (xmldbc)]: family:1, type:2, protocol:0
[  354.906298] firmadyne: sys_socket[PID: 713 (xmldbc)]: family:1, type:2, protocol:0
[  354.970034] firmadyne: sys_socket[PID: 714 (xmldbc)]: family:1, type:2, protocol:0
[  367.333824] firmadyne: sys_socket[PID: 715 (xmldbc)]: family:1, type:2, protocol:0
[  367.397528] firmadyne: sys_socket[PID: 716 (xmldbc)]: family:1, type:2, protocol:0
[  367.454258] firmadyne: sys_socket[PID: 717 (xmldbc)]: family:1, type:2, protocol:0
[  367.516916] firmadyne: sys_socket[PID: 718 (xmldbc)]: family:1, type:2, protocol:0
[  367.577860] firmadyne: sys_socket[PID: 719 (xmldbc)]: family:1, type:2, protocol:0
[  374.390462] firmadyne: sys_socket[PID: 720 (xmldbc)]: family:1, type:2, protocol:0
[  374.453360] firmadyne: sys_socket[PID: 721 (xmldbc)]: family:1, type:2, protocol:0
[  374.515871] firmadyne: sys_socket[PID: 722 (xmldbc)]: family:1, type:2, protocol:0
[  374.580229] firmadyne: sys_socket[PID: 723 (xmldbc)]: family:1, type:2, protocol:0
[  374.665710] firmadyne: sys_socket[PID: 724 (xmldbc)]: family:1, type:2, protocol:0
[  374.754026] firmadyne: sys_socket[PID: 725 (xmldbc)]: family:1, type:2, protocol:0
[  374.819692] firmadyne: sys_socket[PID: 726 (xmldbc)]: family:1, type:2, protocol:0
[  374.881090] firmadyne: sys_socket[PID: 727 (xmldbc)]: family:1, type:2, protocol:0
[  374.942032] firmadyne: sys_socket[PID: 728 (xmldbc)]: family:1, type:2, protocol:0
[  375.004937] firmadyne: sys_socket[PID: 729 (xmldbc)]: family:1, type:2, protocol:0
[  375.066383] firmadyne: sys_socket[PID: 730 (xmldbc)]: family:1, type:2, protocol:0
[  375.127598] firmadyne: sys_socket[PID: 731 (xmldbc)]: family:1, type:2, protocol:0
[  375.285491] firmadyne: sys_socket[PID: 735 (xmldbc)]: family:1, type:2, protocol:0
[  375.347719] firmadyne: sys_socket[PID: 736 (xmldbc)]: family:1, type:2, protocol:0
[  375.411274] firmadyne: sys_socket[PID: 737 (xmldbc)]: family:1, type:2, protocol:0
[  375.474845] firmadyne: sys_socket[PID: 738 (xmldbc)]: family:1, type:2, protocol:0
[  375.536886] firmadyne: sys_socket[PID: 739 (xmldbc)]: family:1, type:2, protocol:0
[  375.599805] firmadyne: sys_socket[PID: 740 (xmldbc)]: family:1, type:2, protocol:0
[  375.661386] firmadyne: sys_socket[PID: 741 (xmldbc)]: family:1, type:2, protocol:0
[  375.723111] firmadyne: sys_socket[PID: 742 (xmldbc)]: family:1, type:2, protocol:0
[  375.786292] firmadyne: sys_socket[PID: 743 (xmldbc)]: family:1, type:2, protocol:0
[  375.848996] firmadyne: sys_socket[PID: 744 (xmldbc)]: family:1, type:2, protocol:0
[  375.911451] firmadyne: sys_socket[PID: 745 (xmldbc)]: family:1, type:2, protocol:0
[  375.974297] firmadyne: sys_socket[PID: 746 (xmldbc)]: family:1, type:2, protocol:0
[  376.036603] firmadyne: sys_socket[PID: 747 (xmldbc)]: family:1, type:2, protocol:0
[  376.097548] firmadyne: sys_socket[PID: 748 (xmldbc)]: family:1, type:2, protocol:0
[  376.159784] firmadyne: sys_socket[PID: 749 (xmldbc)]: family:1, type:2, protocol:0
[  376.223712] firmadyne: sys_socket[PID: 750 (xmldbc)]: family:1, type:2, protocol:0
[  376.287567] firmadyne: sys_socket[PID: 751 (xmldbc)]: family:1, type:2, protocol:0
[  376.350106] firmadyne: sys_socket[PID: 752 (xmldbc)]: family:1, type:2, protocol:0
[  376.413216] firmadyne: sys_socket[PID: 753 (xmldbc)]: family:1, type:2, protocol:0
[  376.558105] firmadyne: sys_socket[PID: 757 (xmldbc)]: family:1, type:2, protocol:0
[  376.621334] firmadyne: sys_socket[PID: 758 (xmldbc)]: family:1, type:2, protocol:0
[  376.682546] firmadyne: sys_socket[PID: 759 (xmldbc)]: family:1, type:2, protocol:0
[  376.744578] firmadyne: sys_socket[PID: 760 (xmldbc)]: family:1, type:2, protocol:0
[  376.809060] firmadyne: sys_socket[PID: 761 (xmldbc)]: family:1, type:2, protocol:0
[  376.870155] firmadyne: sys_socket[PID: 762 (xmldbc)]: family:1, type:2, protocol:0
[  376.931436] firmadyne: sys_socket[PID: 763 (xmldbc)]: family:1, type:2, protocol:0
[  376.993772] firmadyne: sys_socket[PID: 764 (xmldbc)]: family:1, type:2, protocol:0
[  377.057324] firmadyne: sys_socket[PID: 765 (xmldbc)]: family:1, type:2, protocol:0
[  377.119325] firmadyne: sys_socket[PID: 766 (xmldbc)]: family:1, type:2, protocol:0
[  377.182824] firmadyne: sys_socket[PID: 767 (xmldbc)]: family:1, type:2, protocol:0
[  377.244337] firmadyne: sys_socket[PID: 768 (xmldbc)]: family:1, type:2, protocol:0
[  377.308129] firmadyne: sys_socket[PID: 769 (xmldbc)]: family:1, type:2, protocol:0
[  377.371046] firmadyne: sys_socket[PID: 770 (xmldbc)]: family:1, type:2, protocol:0
[  377.432617] firmadyne: sys_socket[PID: 771 (xmldbc)]: family:1, type:2, protocol:0
[  377.493412] firmadyne: sys_socket[PID: 772 (xmldbc)]: family:1, type:2, protocol:0
[  377.554835] firmadyne: sys_socket[PID: 773 (xmldbc)]: family:1, type:2, protocol:0
[  377.617200] firmadyne: sys_socket[PID: 774 (xmldbc)]: family:1, type:2, protocol:0
[  377.677790] firmadyne: sys_socket[PID: 775 (xmldbc)]: family:1, type:2, protocol:0
[  377.824448] firmadyne: sys_socket[PID: 779 (xmldbc)]: family:1, type:2, protocol:0
[  377.885041] firmadyne: sys_socket[PID: 780 (xmldbc)]: family:1, type:2, protocol:0
[  377.946232] firmadyne: sys_socket[PID: 781 (xmldbc)]: family:1, type:2, protocol:0
[  378.003755] firmadyne: sys_socket[PID: 782 (xmldbc)]: family:1, type:2, protocol:0
[  378.064817] firmadyne: sys_socket[PID: 783 (xmldbc)]: family:1, type:2, protocol:0
[  378.126414] firmadyne: sys_socket[PID: 784 (xmldbc)]: family:1, type:2, protocol:0
[  378.189444] firmadyne: sys_socket[PID: 785 (xmldbc)]: family:1, type:2, protocol:0
[  378.251433] firmadyne: sys_socket[PID: 786 (xmldbc)]: family:1, type:2, protocol:0
[  378.313760] firmadyne: sys_socket[PID: 787 (xmldbc)]: family:1, type:2, protocol:0
[  378.376391] firmadyne: sys_socket[PID: 788 (xmldbc)]: family:1, type:2, protocol:0
[  378.438388] firmadyne: sys_socket[PID: 789 (xmldbc)]: family:1, type:2, protocol:0
[  378.499694] firmadyne: sys_socket[PID: 790 (xmldbc)]: family:1, type:2, protocol:0
[  378.560265] firmadyne: sys_socket[PID: 791 (xmldbc)]: family:1, type:2, protocol:0
[  378.622882] firmadyne: sys_socket[PID: 792 (xmldbc)]: family:1, type:2, protocol:0
[  378.683934] firmadyne: sys_socket[PID: 793 (xmldbc)]: family:1, type:2, protocol:0
[  378.745846] firmadyne: sys_socket[PID: 794 (xmldbc)]: family:1, type:2, protocol:0
[  378.808280] firmadyne: sys_socket[PID: 795 (xmldbc)]: family:1, type:2, protocol:0
[  378.868811] firmadyne: sys_socket[PID: 796 (xmldbc)]: family:1, type:2, protocol:0
[  378.929779] firmadyne: sys_socket[PID: 797 (xmldbc)]: family:1, type:2, protocol:0
[  379.076467] firmadyne: sys_socket[PID: 801 (xmldbc)]: family:1, type:2, protocol:0
[  379.137503] firmadyne: sys_socket[PID: 802 (xmldbc)]: family:1, type:2, protocol:0
[  379.200028] firmadyne: sys_socket[PID: 803 (xmldbc)]: family:1, type:2, protocol:0
[  379.261339] firmadyne: sys_socket[PID: 804 (xmldbc)]: family:1, type:2, protocol:0
[  379.322872] firmadyne: sys_socket[PID: 805 (xmldbc)]: family:1, type:2, protocol:0
[  379.386950] firmadyne: sys_socket[PID: 806 (xmldbc)]: family:1, type:2, protocol:0
[  379.448081] firmadyne: sys_socket[PID: 807 (xmldbc)]: family:1, type:2, protocol:0
[  379.509895] firmadyne: sys_socket[PID: 808 (xmldbc)]: family:1, type:2, protocol:0
[  379.575873] firmadyne: sys_socket[PID: 809 (xmldbc)]: family:1, type:2, protocol:0
[  379.637463] firmadyne: sys_socket[PID: 810 (xmldbc)]: family:1, type:2, protocol:0
[  379.699829] firmadyne: sys_socket[PID: 811 (xmldbc)]: family:1, type:2, protocol:0
[  379.761662] firmadyne: sys_socket[PID: 812 (xmldbc)]: family:1, type:2, protocol:0
[  379.824732] firmadyne: sys_socket[PID: 813 (xmldbc)]: family:1, type:2, protocol:0
[  379.886042] firmadyne: sys_socket[PID: 814 (xmldbc)]: family:1, type:2, protocol:0
[  379.947629] firmadyne: sys_socket[PID: 815 (xmldbc)]: family:1, type:2, protocol:0
[  380.009597] firmadyne: sys_socket[PID: 816 (xmldbc)]: family:1, type:2, protocol:0
[  380.071141] firmadyne: sys_socket[PID: 817 (xmldbc)]: family:1, type:2, protocol:0
[  380.132950] firmadyne: sys_socket[PID: 818 (xmldbc)]: family:1, type:2, protocol:0
[  380.196160] firmadyne: sys_socket[PID: 819 (xmldbc)]: family:1, type:2, protocol:0
[  380.345443] firmadyne: sys_socket[PID: 823 (xmldbc)]: family:1, type:2, protocol:0
[  380.407964] firmadyne: sys_socket[PID: 824 (xmldbc)]: family:1, type:2, protocol:0
[  380.468337] firmadyne: sys_socket[PID: 825 (xmldbc)]: family:1, type:2, protocol:0
[  380.529187] firmadyne: sys_socket[PID: 826 (xmldbc)]: family:1, type:2, protocol:0
[  380.591727] firmadyne: sys_socket[PID: 827 (xmldbc)]: family:1, type:2, protocol:0
[  380.652470] firmadyne: sys_socket[PID: 828 (xmldbc)]: family:1, type:2, protocol:0
[  380.714036] firmadyne: sys_socket[PID: 829 (xmldbc)]: family:1, type:2, protocol:0
[  380.776943] firmadyne: sys_socket[PID: 830 (xmldbc)]: family:1, type:2, protocol:0
[  380.838571] firmadyne: sys_socket[PID: 831 (xmldbc)]: family:1, type:2, protocol:0
[  380.899818] firmadyne: sys_socket[PID: 832 (xmldbc)]: family:1, type:2, protocol:0
[  380.961676] firmadyne: sys_socket[PID: 833 (xmldbc)]: family:1, type:2, protocol:0
[  381.024687] firmadyne: sys_socket[PID: 834 (xmldbc)]: family:1, type:2, protocol:0
[  381.087145] firmadyne: sys_socket[PID: 835 (xmldbc)]: family:1, type:2, protocol:0
[  381.148702] firmadyne: sys_socket[PID: 836 (xmldbc)]: family:1, type:2, protocol:0
[  381.211350] firmadyne: sys_socket[PID: 837 (xmldbc)]: family:1, type:2, protocol:0
[  381.272665] firmadyne: sys_socket[PID: 838 (xmldbc)]: family:1, type:2, protocol:0
[  381.333659] firmadyne: sys_socket[PID: 839 (xmldbc)]: family:1, type:2, protocol:0
[  381.398144] firmadyne: sys_socket[PID: 840 (xmldbc)]: family:1, type:2, protocol:0
[  381.460170] firmadyne: sys_socket[PID: 841 (xmldbc)]: family:1, type:2, protocol:0
[  381.606298] firmadyne: sys_socket[PID: 845 (xmldbc)]: family:1, type:2, protocol:0
[  381.668041] firmadyne: sys_socket[PID: 846 (xmldbc)]: family:1, type:2, protocol:0
[  381.728948] firmadyne: sys_socket[PID: 847 (xmldbc)]: family:1, type:2, protocol:0
[  381.792013] firmadyne: sys_socket[PID: 848 (xmldbc)]: family:1, type:2, protocol:0
[  381.852653] firmadyne: sys_socket[PID: 849 (xmldbc)]: family:1, type:2, protocol:0
[  381.912959] firmadyne: sys_socket[PID: 850 (xmldbc)]: family:1, type:2, protocol:0
[  381.975268] firmadyne: sys_socket[PID: 851 (xmldbc)]: family:1, type:2, protocol:0
[  382.037284] firmadyne: sys_socket[PID: 852 (xmldbc)]: family:1, type:2, protocol:0
[  382.098117] firmadyne: sys_socket[PID: 853 (xmldbc)]: family:1, type:2, protocol:0
[  382.159724] firmadyne: sys_socket[PID: 854 (xmldbc)]: family:1, type:2, protocol:0
[  382.223278] firmadyne: sys_socket[PID: 855 (xmldbc)]: family:1, type:2, protocol:0
[  382.284615] firmadyne: sys_socket[PID: 856 (xmldbc)]: family:1, type:2, protocol:0
[  382.346132] firmadyne: sys_socket[PID: 857 (xmldbc)]: family:1, type:2, protocol:0
[  382.410290] firmadyne: sys_socket[PID: 858 (xmldbc)]: family:1, type:2, protocol:0
[  382.471855] firmadyne: sys_socket[PID: 859 (xmldbc)]: family:1, type:2, protocol:0
[  382.533020] firmadyne: sys_socket[PID: 860 (xmldbc)]: family:1, type:2, protocol:0
[  382.596004] firmadyne: sys_socket[PID: 861 (xmldbc)]: family:1, type:2, protocol:0
[  382.657103] firmadyne: sys_socket[PID: 862 (xmldbc)]: family:1, type:2, protocol:0
[  382.718343] firmadyne: sys_socket[PID: 863 (xmldbc)]: family:1, type:2, protocol:0
[  382.863846] firmadyne: sys_socket[PID: 867 (xmldbc)]: family:1, type:2, protocol:0
[  382.925058] firmadyne: sys_socket[PID: 868 (xmldbc)]: family:1, type:2, protocol:0
[  382.987851] firmadyne: sys_socket[PID: 869 (xmldbc)]: family:1, type:2, protocol:0
[  383.049803] firmadyne: sys_socket[PID: 870 (xmldbc)]: family:1, type:2, protocol:0
[  383.110383] firmadyne: sys_socket[PID: 871 (xmldbc)]: family:1, type:2, protocol:0
[  383.172922] firmadyne: sys_socket[PID: 872 (xmldbc)]: family:1, type:2, protocol:0
[  383.234249] firmadyne: sys_socket[PID: 873 (xmldbc)]: family:1, type:2, protocol:0
[  383.295927] firmadyne: sys_socket[PID: 874 (xmldbc)]: family:1, type:2, protocol:0
[  383.357323] firmadyne: sys_socket[PID: 875 (xmldbc)]: family:1, type:2, protocol:0
[  383.422415] firmadyne: sys_socket[PID: 876 (xmldbc)]: family:1, type:2, protocol:0
[  383.484489] firmadyne: sys_socket[PID: 877 (xmldbc)]: family:1, type:2, protocol:0
[  383.546469] firmadyne: sys_socket[PID: 878 (xmldbc)]: family:1, type:2, protocol:0
[  383.609527] firmadyne: sys_socket[PID: 879 (xmldbc)]: family:1, type:2, protocol:0
[  383.670794] firmadyne: sys_socket[PID: 880 (xmldbc)]: family:1, type:2, protocol:0
[  383.732096] firmadyne: sys_socket[PID: 881 (xmldbc)]: family:1, type:2, protocol:0
[  383.794119] firmadyne: sys_socket[PID: 882 (xmldbc)]: family:1, type:2, protocol:0
[  383.856287] firmadyne: sys_socket[PID: 883 (xmldbc)]: family:1, type:2, protocol:0
[  383.918364] firmadyne: sys_socket[PID: 884 (xmldbc)]: family:1, type:2, protocol:0
[  383.981964] firmadyne: sys_socket[PID: 885 (xmldbc)]: family:1, type:2, protocol:0
[  384.126078] firmadyne: sys_socket[PID: 889 (xmldbc)]: family:1, type:2, protocol:0
[  384.189174] firmadyne: sys_socket[PID: 890 (xmldbc)]: family:1, type:2, protocol:0
[  384.251427] firmadyne: sys_socket[PID: 891 (xmldbc)]: family:1, type:2, protocol:0
[  384.312478] firmadyne: sys_socket[PID: 892 (xmldbc)]: family:1, type:2, protocol:0
[  384.374222] firmadyne: sys_socket[PID: 893 (xmldbc)]: family:1, type:2, protocol:0
[  384.436755] firmadyne: sys_socket[PID: 894 (xmldbc)]: family:1, type:2, protocol:0
[  384.497949] firmadyne: sys_socket[PID: 895 (xmldbc)]: family:1, type:2, protocol:0
[  384.559649] firmadyne: sys_socket[PID: 896 (xmldbc)]: family:1, type:2, protocol:0
[  384.622312] firmadyne: sys_socket[PID: 897 (xmldbc)]: family:1, type:2, protocol:0
[  384.683864] firmadyne: sys_socket[PID: 898 (xmldbc)]: family:1, type:2, protocol:0
[  384.745401] firmadyne: sys_socket[PID: 899 (xmldbc)]: family:1, type:2, protocol:0
[  384.808289] firmadyne: sys_socket[PID: 900 (xmldbc)]: family:1, type:2, protocol:0
[  384.869983] firmadyne: sys_socket[PID: 901 (xmldbc)]: family:1, type:2, protocol:0
[  384.932192] firmadyne: sys_socket[PID: 902 (xmldbc)]: family:1, type:2, protocol:0
[  384.998994] firmadyne: sys_socket[PID: 903 (xmldbc)]: family:1, type:2, protocol:0
[  385.062345] firmadyne: sys_socket[PID: 904 (xmldbc)]: family:1, type:2, protocol:0
[  385.124356] firmadyne: sys_socket[PID: 905 (xmldbc)]: family:1, type:2, protocol:0
[  385.186798] firmadyne: sys_socket[PID: 906 (xmldbc)]: family:1, type:2, protocol:0
[  385.247979] firmadyne: sys_socket[PID: 907 (xmldbc)]: family:1, type:2, protocol:0
[  385.392681] firmadyne: sys_socket[PID: 911 (xmldbc)]: family:1, type:2, protocol:0
[  385.457564] firmadyne: sys_socket[PID: 912 (xmldbc)]: family:1, type:2, protocol:0
[  385.519470] firmadyne: sys_socket[PID: 913 (xmldbc)]: family:1, type:2, protocol:0
[  385.582596] firmadyne: sys_socket[PID: 914 (xmldbc)]: family:1, type:2, protocol:0
[  385.644456] firmadyne: sys_socket[PID: 915 (xmldbc)]: family:1, type:2, protocol:0
[  385.705621] firmadyne: sys_socket[PID: 916 (xmldbc)]: family:1, type:2, protocol:0
[  385.768355] firmadyne: sys_socket[PID: 917 (xmldbc)]: family:1, type:2, protocol:0
[  385.829420] firmadyne: sys_socket[PID: 918 (xmldbc)]: family:1, type:2, protocol:0
[  385.890215] firmadyne: sys_socket[PID: 919 (xmldbc)]: family:1, type:2, protocol:0
[  385.952103] firmadyne: sys_socket[PID: 920 (xmldbc)]: family:1, type:2, protocol:0
[  386.015400] firmadyne: sys_socket[PID: 921 (xmldbc)]: family:1, type:2, protocol:0
[  386.077101] firmadyne: sys_socket[PID: 922 (xmldbc)]: family:1, type:2, protocol:0
[  386.133693] firmadyne: sys_socket[PID: 923 (xmldbc)]: family:1, type:2, protocol:0
[  386.195964] firmadyne: sys_socket[PID: 924 (xmldbc)]: family:1, type:2, protocol:0
[  386.257852] firmadyne: sys_socket[PID: 925 (xmldbc)]: family:1, type:2, protocol:0
[  386.319062] firmadyne: sys_socket[PID: 926 (xmldbc)]: family:1, type:2, protocol:0
[  386.382038] firmadyne: sys_socket[PID: 927 (xmldbc)]: family:1, type:2, protocol:0
[  386.445628] firmadyne: sys_socket[PID: 928 (xmldbc)]: family:1, type:2, protocol:0
[  386.507236] firmadyne: sys_socket[PID: 929 (xmldbc)]: family:1, type:2, protocol:0
[  386.703796] firmadyne: sys_socket[PID: 934 (xmldbc)]: family:1, type:2, protocol:0
[  386.766853] firmadyne: sys_socket[PID: 935 (xmldbc)]: family:1, type:2, protocol:0
[  386.828638] firmadyne: sys_socket[PID: 936 (xmldbc)]: family:1, type:2, protocol:0
[  386.890210] firmadyne: sys_socket[PID: 937 (xmldbc)]: family:1, type:2, protocol:0
[  386.951534] firmadyne: sys_socket[PID: 938 (xmldbc)]: family:1, type:2, protocol:0
[  387.015227] firmadyne: sys_socket[PID: 939 (xmldbc)]: family:1, type:2, protocol:0
[  387.160908] firmadyne: sys_socket[PID: 943 (xmldbc)]: family:1, type:2, protocol:0
[  387.218935] firmadyne: sys_socket[PID: 944 (xmldbc)]: family:1, type:2, protocol:0
[  387.279404] firmadyne: sys_socket[PID: 945 (xmldbc)]: family:1, type:2, protocol:0
[  387.341285] firmadyne: sys_socket[PID: 946 (xmldbc)]: family:1, type:2, protocol:0
[  387.404685] firmadyne: sys_socket[PID: 947 (xmldbc)]: family:1, type:2, protocol:0
[  387.467995] firmadyne: sys_socket[PID: 948 (xmldbc)]: family:1, type:2, protocol:0
[  387.654260] firmadyne: sys_socket[PID: 953 (xmldbc)]: family:1, type:2, protocol:0
[  387.800029] firmadyne: sys_socket[PID: 957 (xmldbc)]: family:1, type:2, protocol:0
[  387.942798] firmadyne: sys_socket[PID: 961 (xmldbc)]: family:1, type:2, protocol:0
[  388.088131] firmadyne: sys_socket[PID: 965 (xmldbc)]: family:1, type:2, protocol:0
[  388.234420] firmadyne: sys_socket[PID: 969 (xmldbc)]: family:1, type:2, protocol:0
[  388.380217] firmadyne: sys_socket[PID: 973 (xmldbc)]: family:1, type:2, protocol:0
[  388.525726] firmadyne: sys_socket[PID: 977 (xmldbc)]: family:1, type:2, protocol:0
[  388.670562] firmadyne: sys_socket[PID: 981 (xmldbc)]: family:1, type:2, protocol:0
[  388.819121] firmadyne: sys_socket[PID: 985 (xmldbc)]: family:1, type:2, protocol:0
[  388.964030] firmadyne: sys_socket[PID: 989 (xmldbc)]: family:1, type:2, protocol:0
[  389.109123] firmadyne: sys_socket[PID: 993 (xmldbc)]: family:1, type:2, protocol:0
[  389.254526] firmadyne: sys_socket[PID: 997 (xmldbc)]: family:1, type:2, protocol:0
[  389.400784] firmadyne: sys_socket[PID: 1001 (xmldbc)]: family:1, type:2, protocol:0
[  389.547242] firmadyne: sys_socket[PID: 1005 (xmldbc)]: family:1, type:2, protocol:0
[  389.693777] firmadyne: sys_socket[PID: 1009 (xmldbc)]: family:1, type:2, protocol:0
[  389.840494] firmadyne: sys_socket[PID: 1013 (xmldbc)]: family:1, type:2, protocol:0
[  389.986516] firmadyne: sys_socket[PID: 1017 (xmldbc)]: family:1, type:2, protocol:0
[  390.132848] firmadyne: sys_socket[PID: 1021 (xmldbc)]: family:1, type:2, protocol:0
[  390.278909] firmadyne: sys_socket[PID: 1025 (xmldbc)]: family:1, type:2, protocol:0
[  390.423767] firmadyne: sys_socket[PID: 1029 (xmldbc)]: family:1, type:2, protocol:0
[  390.570068] firmadyne: sys_socket[PID: 1033 (xmldbc)]: family:1, type:2, protocol:0
[  390.715333] firmadyne: sys_socket[PID: 1037 (xmldbc)]: family:1, type:2, protocol:0
[  390.861135] firmadyne: sys_socket[PID: 1041 (xmldbc)]: family:1, type:2, protocol:0
[  391.006596] firmadyne: sys_socket[PID: 1045 (xmldbc)]: family:1, type:2, protocol:0
[  391.147883] firmadyne: sys_socket[PID: 1049 (xmldbc)]: family:1, type:2, protocol:0
[  391.292920] firmadyne: sys_socket[PID: 1053 (xmldbc)]: family:1, type:2, protocol:0
[  391.438970] firmadyne: sys_socket[PID: 1057 (xmldbc)]: family:1, type:2, protocol:0
[  391.585486] firmadyne: sys_socket[PID: 1061 (xmldbc)]: family:1, type:2, protocol:0
[  391.728408] firmadyne: sys_socket[PID: 1065 (xmldbc)]: family:1, type:2, protocol:0
[  391.873091] firmadyne: sys_socket[PID: 1069 (xmldbc)]: family:1, type:2, protocol:0
[  392.018400] firmadyne: sys_socket[PID: 1073 (xmldbc)]: family:1, type:2, protocol:0
[  392.165397] firmadyne: sys_socket[PID: 1077 (xmldbc)]: family:1, type:2, protocol:0
[  392.311476] firmadyne: sys_socket[PID: 1081 (xmldbc)]: family:1, type:2, protocol:0
[  392.374210] firmadyne: sys_socket[PID: 1082 (xmldbc)]: family:1, type:2, protocol:0
[  392.436936] firmadyne: sys_socket[PID: 1083 (xmldbc)]: family:1, type:2, protocol:0
[  392.497746] firmadyne: sys_socket[PID: 1084 (xmldbc)]: family:1, type:2, protocol:0
[  392.560951] firmadyne: sys_socket[PID: 1085 (xmldbc)]: family:1, type:2, protocol:0
[  392.624615] firmadyne: sys_socket[PID: 1086 (xmldbc)]: family:1, type:2, protocol:0
[  392.681323] firmadyne: sys_socket[PID: 1087 (xmldbc)]: family:1, type:2, protocol:0
[  392.743524] firmadyne: sys_socket[PID: 1088 (xmldbc)]: family:1, type:2, protocol:0
[  392.807817] firmadyne: sys_socket[PID: 1089 (xmldbc)]: family:1, type:2, protocol:0
PHP [/etc/defnodes/S11setnodes.php] ...
[  392.934802] firmadyne: sys_socket[PID: 1092 (rgdb)]: family:1, type:2, protocol:0
PHP [/etc/defnodes/S12features.php] ...
[  393.840517] firmadyne: sys_socket[PID: 1105 (rgdb)]: family:1, type:2, protocol:0
PHP [/etc/defnodes/S13flashspeed.php] ...
[  393.979000] firmadyne: sys_socket[PID: 1108 (rgdb)]: family:1, type:2, protocol:0
PHP [/etc/defnodes/S20setnodes.php] ...
[  394.251336] firmadyne: sys_socket[PID: 1113 (rgdb)]: family:1, type:2, protocol:0
[  394.746967] UDF-fs: warning (device mtdblock4): udf_fill_super: No partition found (2)
mount: mounting /dev/mtdblock/4 on /www/locale/alt failed: Invalid argument
PHP [/etc/defnodes/S40brand.php] ...
[  394.866262] firmadyne: sys_socket[PID: 1125 (rgdb)]: family:1, type:2, protocol:0
[/etc/scripts/misc/defnodes.sh] Done !!
[/etc/scripts/misc/profile.sh] put ...
[  395.585110] firmadyne: sys_socket[PID: 1133 (rgdb)]: family:1, type:2, protocol:0
ok
[  396.656853] firmadyne: sys_socket[PID: 1139 (rgdb)]: family:1, type:2, protocol:0
[  396.737080] firmadyne: sys_socket[PID: 1141 (rgdb)]: family:1, type:2, protocol:0
[/etc/templates/timezone.sh] ...
[  396.926845] firmadyne: sys_socket[PID: 1146 (rgdb)]: family:1, type:2, protocol:0
[  397.131551] firmadyne: sys_socket[PID: 1151 (rgdb)]: family:1, type:2, protocol:0
[  401.417287] firmadyne: sys_socket[PID: 1155 (rgdb)]: family:1, type:2, protocol:0
[  401.505527] firmadyne: sys_socket[PID: 1157 (rgdb)]: family:1, type:2, protocol:0
[  401.594495] firmadyne: sys_socket[PID: 1159 (rgdb)]: family:1, type:2, protocol:0
[  401.684829] firmadyne: sys_socket[PID: 1161 (rgdb)]: family:1, type:2, protocol:0
[  401.775329] firmadyne: sys_socket[PID: 1163 (rgdb)]: family:1, type:2, protocol:0
[  401.865063] firmadyne: sys_socket[PID: 1165 (rgdb)]: family:1, type:2, protocol:0
[  401.955730] firmadyne: sys_socket[PID: 1167 (rgdb)]: family:1, type:2, protocol:0
[  402.047595] firmadyne: sys_socket[PID: 1169 (rgdb)]: family:1, type:2, protocol:0
[  402.132532] firmadyne: sys_socket[PID: 1171 (rgdb)]: family:1, type:2, protocol:0
[  402.217460] firmadyne: sys_socket[PID: 1173 (rgdb)]: family:1, type:2, protocol:0
[  402.306154] firmadyne: sys_socket[PID: 1175 (rgdb)]: family:1, type:2, protocol:0
[/etc/templates/logs.sh] ...
[  403.365600] firmadyne: sys_socket[PID: 1203 (rgdb)]: family:1, type:2, protocol:0
[  403.471246] firmadyne: sys_socket[PID: 1205 (rgdb)]: family:1, type:2, protocol:0
[/var/run/logs_run.sh] ...
[  404.121310] firmadyne: sys_socket[PID: 1210 (syslogd)]: family:1, type:1, protocol:0
[  404.300021] firmadyne: sys_socket[PID: 1215 (rgdb)]: family:1, type:2, protocol:0
[  404.512847] firmadyne: sys_socket[PID: 1219 (ifconfig)]: family:2, type:1, protocol:0
[  404.571676] 8021q: adding VLAN 0 to HW filter on device eth0
[  404.580467] e1000: eth0 NIC Link is Up 1000 Mbps Full Duplex, Flow Control: RX
[  407.687643] firmadyne: sys_socket[PID: 1221 (rgdb)]: family:1, type:2, protocol:0
[  408.044985] firmadyne: sys_socket[PID: 1233 (rgdb)]: family:1, type:2, protocol:0
[  408.247677] firmadyne: sys_socket[PID: 1239 (rgdb)]: family:1, type:2, protocol:0
[  408.274009] firmadyne: sys_socket[PID: 1240 (ifconfig)]: family:2, type:1, protocol:0
[  408.276694] firmadyne: __inet_insert_ifa[PID: 1240 (ifconfig)]: device:lo ifa:0x7f000001
[  408.337810] firmadyne: sys_socket[PID: 1241 (brctl)]: family:2, type:2, protocol:0
[  408.451562] firmadyne: sys_socket[PID: 1244 (brctl)]: family:2, type:2, protocol:0
[  408.455969] firmadyne: sys_socket[PID: 1244 (brctl)]: family:10, type:1, protocol:0
[  408.509984] firmadyne: sys_socket[PID: 1245 (brctl)]: family:2, type:2, protocol:0
[  408.513205] firmadyne: sys_socket[PID: 1245 (brctl)]: family:10, type:1, protocol:0
[/etc/init.d/S03config.sh] done!
[/etc/init.d/S10system.sh]
start Layout ...
[/etc/scripts/layout.sh] start ...
[  408.919704] firmadyne: sys_socket[PID: 1255 (rgdb)]: family:1, type:2, protocol:0
[  409.067837] firmadyne: sys_socket[PID: 1256 (rgdb)]: family:1, type:2, protocol:0
[/var/run/layout_start.sh] ...
Start bridge layout ...
[  409.237941] firmadyne: sys_socket[PID: 1260 (ifconfig)]: family:2, type:1, protocol:0
[  409.290284] firmadyne: sys_socket[PID: 1261 (brctl)]: family:2, type:2, protocol:0
[  409.293928] firmadyne: sys_socket[PID: 1261 (brctl)]: family:10, type:1, protocol:0
[  409.298047] firmadyne: sys_socket[PID: 1261 (brctl)]: family:10, type:1, protocol:0
[  409.300152] firmadyne: br_add_if[PID: 1261 (brctl)]: br:br0 dev:eth0
[  409.307268] device eth0 entered promiscuous mode
[  409.410443] firmadyne: sys_socket[PID: 1264 (xmldbc)]: family:1, type:2, protocol:0
[  409.503871] firmadyne: sys_socket[PID: 1267 (ifconfig)]: family:2, type:1, protocol:0
[  409.505810] br0: port 1(eth0) entered forwarding state
[  409.507057] br0: port 1(eth0) entered forwarding state
[  409.562308] firmadyne: sys_socket[PID: 1268 (rgdb)]: family:1, type:2, protocol:0
start LAN ...
[/etc/templates/lan.sh] ...
[  409.740703] firmadyne: sys_socket[PID: 1273 (rgdb)]: family:1, type:2, protocol:0
[  409.904877] firmadyne: sys_socket[PID: 1276 (rgdb)]: family:1, type:2, protocol:0
[  410.027849] firmadyne: sys_socket[PID: 1277 (rgdb)]: family:1, type:2, protocol:0
[/var/run/lan_start.sh] ...
Bridge mode selected, LAN is disabled !
start web server ...
[/etc/templates/webs.sh] start ...
[  410.355935] firmadyne: sys_socket[PID: 1285 (rgdb)]: family:1, type:2, protocol:0
[  410.450496] firmadyne: sys_socket[PID: 1287 (rgdb)]: family:1, type:2, protocol:0
[  410.612006] firmadyne: sys_socket[PID: 1290 (rgdb)]: family:1, type:2, protocol:0
[  410.785092] firmadyne: sys_socket[PID: 1291 (rgdb)]: family:1, type:2, protocol:0
[/var/run/webs_start.sh] ...
Starting HTTPD ...
start eth0 vlan setup ...
/etc/scripts/eth_vlan.sh: not found
[  411.226972] firmadyne: sys_socket[PID: 1301 (rgdb)]: family:1, type:2, protocol:0
[  411.261230] firmadyne: sys_socket[PID: 1302 (rgdb)]: family:1, type:2, protocol:0
[  411.489917] firmadyne: sys_socket[PID: 1303 (rgdb)]: family:1, type:2, protocol:0
#!/bin/sh
echo [$0] ... > /dev/console

# limitedadmin.php <<<

limitedadmin.sh...
[  411.823851] firmadyne: sys_socket[PID: 1307 (brctl)]: family:2, type:2, protocol:0
[  411.831450] firmadyne: sys_socket[PID: 1307 (brctl)]: family:10, type:1, protocol:0
[  411.943705] firmadyne: sys_socket[PID: 1308 (brctl)]: family:2, type:2, protocol:0
[  411.951453] firmadyne: sys_socket[PID: 1308 (brctl)]: family:10, type:1, protocol:0
[  412.063608] firmadyne: sys_socket[PID: 1309 (brctl)]: family:2, type:2, protocol:0
[  412.071345] firmadyne: sys_socket[PID: 1309 (brctl)]: family:10, type:1, protocol:0
[  412.178499] firmadyne: sys_socket[PID: 1310 (brctl)]: family:2, type:2, protocol:0
[  412.189157] firmadyne: sys_socket[PID: 1310 (brctl)]: family:10, type:1, protocol:0
[  412.302908] firmadyne: sys_socket[PID: 1311 (brctl)]: family:2, type:2, protocol:0
[  412.306114] firmadyne: sys_socket[PID: 1311 (brctl)]: family:10, type:1, protocol:0
[  412.421793] firmadyne: sys_socket[PID: 1312 (brctl)]: family:2, type:2, protocol:0
[  412.429778] firmadyne: sys_socket[PID: 1312 (brctl)]: family:10, type:1, protocol:0
start fresetd ...
enable LAN ports ...
[  412.707739] firmadyne: sys_socket[PID: 1314 (servd)]: family:1, type:2, protocol:0
Factory reset time : 5 secs
System reset time  : 1 secs
WPS command : [/etc/templates/wps.sh pbc &]
[  412.840764] firmadyne: sys_socket[PID: 1305 (httpd)]: family:10, type:2, protocol:6
[  412.842142] firmadyne: sys_setsockopt[PID: 1305 (httpd)]: fd:4, level:65535, optname:4
[/etc/scripts/enlan.sh] ...
/dev/gpio: No such device or address
[  412.927452] firmadyne: sys_socket[PID: 1317 (fresetd)]: family:1, type:1, protocol:0
 Generate channel table according to the country code...
[  413.061957] firmadyne: sys_socket[PID: 1327 (httpd)]: family:1, type:1, protocol:0
[  413.109452] firmadyne: sys_socket[PID: 1330 (genchanneltable)]: family:1, type:2, protocol:0
[  413.127002] firmadyne: sys_socket[PID: 1330 (genchanneltable)]: family:1, type:2, protocol:0
[  413.133643] firmadyne: sys_socket[PID: 1330 (genchanneltable)]: family:1, type:2, protocol:0
[  413.162469] firmadyne: sys_socket[PID: 1331 (getsys)]: family:1, type:2, protocol:0
UNKNOW country code!! Use USA for default!!
[  413.268738] firmadyne: sys_socket[PID: 1330 (genchanneltable)]: family:1, type:2, protocol:0
[  413.274961] firmadyne: sys_socket[PID: 1331 (getsys)]: family:1, type:2, protocol:0
[  413.281929] firmadyne: sys_socket[PID: 1331 (getsys)]: family:1, type:2, protocol:0
[  413.286409] firmadyne: sys_socket[PID: 1330 (genchanneltable)]: family:1, type:2, protocol:0
[  413.293579] firmadyne: sys_socket[PID: 1331 (getsys)]: family:1, type:2, protocol:0
[  413.298864] firmadyne: sys_socket[PID: 1330 (genchanneltable)]: family:1, type:2, protocol:0
[  413.305584] firmadyne: sys_socket[PID: 1331 (getsys)]: family:1, type:2, protocol:0
[  413.310839] firmadyne: sys_socket[PID: 1330 (genchanneltable)]: family:1, type:2, protocol:0
[  413.317464] firmadyne: sys_socket[PID: 1331 (getsys)]: family:1, type:2, protocol:0
[  413.322331] firmadyne: sys_socket[PID: 1330 (genchanneltable)]: family:1, type:2, protocol:0
[  413.329238] firmadyne: sys_socket[PID: 1331 (getsys)]: family:1, type:2, protocol:0
[  413.334181] firmadyne: sys_socket[PID: 1330 (genchanneltable)]: family:1, type:2, protocol:0
[  413.341289] firmadyne: sys_socket[PID: 1331 (getsys)]: family:1, type:2, protocol:0
[  413.346284] firmadyne: sys_socket[PID: 1330 (genchanneltable)]: family:1, type:2, protocol:0
[  413.353933] firmadyne: sys_socket[PID: 1331 (getsys)]: family:1, type:2, protocol:0
[  413.358962] firmadyne: sys_socket[PID: 1330 (genchanneltable)]: family:1, type:2, protocol:0
[  413.367435] firmadyne: sys_socket[PID: 1331 (getsys)]: family:1, type:2, protocol:0
[  413.372761] firmadyne: sys_socket[PID: 1330 (genchanneltable)]: family:1, type:2, protocol:0
[  413.380153] firmadyne: sys_socket[PID: 1331 (getsys)]: family:1, type:2, protocol:0
[  413.385483] firmadyne: sys_socket[PID: 1330 (genchanneltable)]: family:1, type:2, protocol:0
[  413.392566] firmadyne: sys_socket[PID: 1331 (getsys)]: family:1, type:2, protocol:0
[  413.397677] firmadyne: sys_socket[PID: 1330 (genchanneltable)]: family:1, type:2, protocol:0
[  413.404707] firmadyne: sys_socket[PID: 1331 (getsys)]: family:1, type:2, protocol:0
[  413.409854] firmadyne: sys_socket[PID: 1330 (genchanneltable)]: family:1, type:2, protocol:0
[  413.416778] firmadyne: sys_socket[PID: 1331 (getsys)]: family:1, type:2, protocol:0
[  413.421958] firmadyne: sys_socket[PID: 1330 (genchanneltable)]: family:1, type:2, protocol:0
[  413.428904] firmadyne: sys_socket[PID: 1331 (getsys)]: family:1, type:2, protocol:0
[  413.434104] firmadyne: sys_socket[PID: 1330 (genchanneltable)]: family:1, type:2, protocol:0
[  413.441052] firmadyne: sys_socket[PID: 1331 (getsys)]: family:1, type:2, protocol:0
[  413.446134] firmadyne: sys_socket[PID: 1330 (genchanneltable)]: family:1, type:2, protocol:0
[  413.453245] firmadyne: sys_socket[PID: 1331 (getsys)]: family:1, type:2, protocol:0
[  413.458480] firmadyne: sys_socket[PID: 1330 (genchanneltable)]: family:1, type:2, protocol:0
[  413.469138] firmadyne: sys_socket[PID: 1331 (getsys)]: family:1, type:2, protocol:0
[  413.473718] firmadyne: sys_socket[PID: 1330 (genchanneltable)]: family:1, type:2, protocol:0
[  413.481362] firmadyne: sys_socket[PID: 1330 (genchanneltable)]: family:1, type:2, protocol:0
[  413.497782] firmadyne: sys_socket[PID: 1330 (genchanneltable)]: family:1, type:2, protocol:0
[  413.505031] firmadyne: sys_socket[PID: 1330 (genchanneltable)]: family:1, type:2, protocol:0
[  413.515274] firmadyne: sys_socket[PID: 1330 (genchanneltable)]: family:1, type:2, protocol:0
[  413.524831] firmadyne: sys_socket[PID: 1330 (genchanneltable)]: family:1, type:2, protocol:0
[  413.538356] firmadyne: sys_socket[PID: 1330 (genchanneltable)]: family:1, type:2, protocol:0
[  413.545402] firmadyne: sys_socket[PID: 1330 (genchanneltable)]: family:1, type:2, protocol:0
[  413.555916] firmadyne: sys_socket[PID: 1330 (genchanneltable)]: family:1, type:2, protocol:0
/dev/gpio: No such device or address
[  413.575683] firmadyne: sys_socket[PID: 1330 (genchanneltable)]: family:1, type:2, protocol:0
[  413.582142] firmadyne: sys_socket[PID: 1330 (genchanneltable)]: family:1, type:2, protocol:0
[  413.588652] firmadyne: sys_socket[PID: 1330 (genchanneltable)]: family:1, type:2, protocol:0
[  413.595133] firmadyne: sys_socket[PID: 1330 (genchanneltable)]: family:1, type:2, protocol:0
 Generate VLAN table according to the port...
[  413.675807] firmadyne: sys_socket[PID: 1339 (genVLANTableByP)]: family:1, type:2, protocol:0
[  413.683572] firmadyne: sys_socket[PID: 1339 (genVLANTableByP)]: family:1, type:2, protocol:0
[  413.689367] firmadyne: sys_socket[PID: 1339 (genVLANTableByP)]: family:1, type:2, protocol:0
[  413.695731] firmadyne: sys_socket[PID: 1339 (genVLANTableByP)]: family:1, type:2, protocol:0
[  413.701478] firmadyne: sys_socket[PID: 1339 (genVLANTableByP)]: family:1, type:2, protocol:0
[  413.707837] firmadyne: sys_socket[PID: 1339 (genVLANTableByP)]: family:1, type:2, protocol:0
[  413.714353] firmadyne: sys_socket[PID: 1339 (genVLANTableByP)]: family:1, type:2, protocol:0
[  413.720455] firmadyne: sys_socket[PID: 1339 (genVLANTableByP)]: family:1, type:2, protocol:0
[  413.726303] firmadyne: sys_socket[PID: 1339 (genVLANTableByP)]: family:1, type:2, protocol:0
[  413.733067] firmadyne: sys_socket[PID: 1339 (genVLANTableByP)]: family:1, type:2, protocol:0
[  413.739103] firmadyne: sys_socket[PID: 1339 (genVLANTableByP)]: family:1, type:2, protocol:0
[  413.745533] firmadyne: sys_socket[PID: 1339 (genVLANTableByP)]: family:1, type:2, protocol:0
[  413.751600] firmadyne: sys_socket[PID: 1339 (genVLANTableByP)]: family:1, type:2, protocol:0
[  413.757320] firmadyne: sys_socket[PID: 1339 (genVLANTableByP)]: family:1, type:2, protocol:0
[  413.764935] firmadyne: sys_socket[PID: 1339 (genVLANTableByP)]: family:1, type:2, protocol:0
[  413.771683] firmadyne: sys_socket[PID: 1339 (genVLANTableByP)]: family:1, type:2, protocol:0
[  413.777660] firmadyne: sys_socket[PID: 1339 (genVLANTableByP)]: family:1, type:2, protocol:0
[  413.784475] firmadyne: sys_socket[PID: 1339 (genVLANTableByP)]: family:1, type:2, protocol:0
[  413.790390] firmadyne: sys_socket[PID: 1339 (genVLANTableByP)]: family:1, type:2, protocol:0
[  413.796276] firmadyne: sys_socket[PID: 1339 (genVLANTableByP)]: family:1, type:2, protocol:0
[  413.802646] firmadyne: sys_socket[PID: 1339 (genVLANTableByP)]: family:1, type:2, protocol:0
