[    0.000000] Linux version 4.1.17+ (alessio@pc) (gcc version 5.5.0 20171010 (Ubuntu 5.5.0-12ubuntu1) ) #1 Mon May 15 23:04:08 CEST 2023
[    0.000000] earlycon: Early serial console at I/O port 0x3f8 (options '38400n8')
[    0.000000] bootconsole [uart0] enabled
[    0.000000] CPU0 revision is: 00019300 (MIPS 24Kc)
[    0.000000] FPU revision is: 00739300
[    0.000000] Software DMA cache coherency enabled
[    0.000000] Determined physical RAM map:
[    0.000000]  memory: 00001000 @ 00000000 (reserved)
[    0.000000]  memory: 000ef000 @ 00001000 (ROM data)
[    0.000000]  memory: 00798000 @ 000f0000 (reserved)
[    0.000000]  memory: 0f777000 @ 00888000 (usable)
[    0.000000] debug: ignoring loglevel setting.
[    0.000000] Wasting 69888 bytes for tracking 2184 unused pages
[    0.000000] Initrd not found or empty - disabling initrd
[    0.000000] Zone ranges:
[    0.000000]   DMA      [mem 0x0000000000000000-0x0000000000ffffff]
[    0.000000]   Normal   [mem 0x0000000001000000-0x000000000fffefff]
[    0.000000] Movable zone start for each node
[    0.000000] Early memory node ranges
[    0.000000]   node   0: [mem 0x0000000000000000-0x000000000fffefff]
[    0.000000] Initmem setup node 0 [mem 0x0000000000000000-0x000000000fffefff]
[    0.000000] On node 0 totalpages: 65535
[    0.000000] free_area_init_node: node 0, pgdat 8081d5b0, node_mem_map 81000000
[    0.000000]   DMA zone: 32 pages used for memmap
[    0.000000]   DMA zone: 0 pages reserved
[    0.000000]   DMA zone: 4096 pages, LIFO batch:0
[    0.000000]   Normal zone: 480 pages used for memmap
[    0.000000]   Normal zone: 61439 pages, LIFO batch:15
[    0.000000] Primary instruction cache 2kB, VIPT, 2-way, linesize 16 bytes.
[    0.000000] Primary data cache 2kB, 2-way, VIPT, no aliases, linesize 16 bytes
[    0.000000] pcpu-alloc: s0 r0 d32768 u32768 alloc=1*32768
[    0.000000] pcpu-alloc: [0] 0 
[    0.000000] Built 1 zonelists in Zone order, mobility grouping on.  Total pages: 65023
[    0.000000] Kernel command line: root=/dev/sda1 console=ttyS0 nandsim.parts=64,64,64,64,64,64,64,64,64,64 rdinit=/firmadyne/preInit.sh rw debug ignore_loglevel print-fatal-signals=1 FIRMAE_NET=true FIRMAE_NVRAM=true FIRMAE_KERNEL=true FIRMAE_ETC=true user_debug=0 firmadyne.syscall=1 noka
[    0.000000] found FIRMAE_KERNEL=t
[    0.000000] set the LD_PRELOAD=/firmadyne/libnvram_ioctl.so
[    0.000000] PID hash table entries: 1024 (order: 0, 4096 bytes)
[    0.000000] Dentry cache hash table entries: 32768 (order: 5, 131072 bytes)
[    0.000000] Inode-cache hash table entries: 16384 (order: 4, 65536 bytes)
[    0.000000] Writing ErrCtl register=00000000
[    0.000000] Readback ErrCtl register=00000000
[    0.000000] Memory: 251112K/262140K available (5360K kernel code, 244K rwdata, 1676K rodata, 260K init, 158K bss, 11028K reserved, 0K cma-reserved)
[    0.000000] NR_IRQS:256
[    0.000000] CPU frequency 200.00 MHz
[    0.000000] clocksource MIPS: mask: 0xffffffff max_cycles: 0xffffffff, max_idle_ns: 19112520939 ns
[    0.000203] sched_clock: 32 bits at 100MHz, resolution 9ns, wraps every 21474742267ns
[    0.015395] Console: colour dummy device 80x25
[    0.016630] Calibrating delay loop... 25.37 BogoMIPS (lpj=50752)
[    0.069073] pid_max: default: 32768 minimum: 301
[    0.073548] Mount-cache hash table entries: 1024 (order: 0, 4096 bytes)
[    0.074070] Mountpoint-cache hash table entries: 1024 (order: 0, 4096 bytes)
[    0.141787] clocksource jiffies: mask: 0xffffffff max_cycles: 0xffffffff, max_idle_ns: 7645041785100000 ns
[    0.153149] NET: Registered protocol family 16
[    0.438560] clocksource pit: mask: 0xffffffff max_cycles: 0xffffffff, max_idle_ns: 1601818034827 ns
[    0.603049] vgaarb: loaded
[    0.609288] SCSI subsystem initialized
[    0.611799] libata version 3.00 loaded.
[    0.616700] usbcore: registered new interface driver usbfs
[    0.618209] usbcore: registered new interface driver hub
[    0.619355] usbcore: registered new device driver usb
[    0.622402] pps_core: LinuxPPS API ver. 1 registered
[    0.622830] pps_core: Software ver. 5.3.6 - Copyright 2005-2007 Rodolfo Giometti <giometti@linux.it>
[    0.623814] PTP clock support registered
[    0.629059] PCI host bridge to bus 0000:00
[    0.629853] pci_bus 0000:00: root bus resource [mem 0x10000000-0x17ffffff]
[    0.630492] pci_bus 0000:00: root bus resource [io  0x1000-0x1fffff]
[    0.631124] pci_bus 0000:00: root bus resource [??? 0x00000000 flags 0x0]
[    0.631728] pci_bus 0000:00: No busn resource found for root bus, will use [bus 00-ff]
[    0.633256] pci 0000:00:00.0: [11ab:4620] type 00 class 0x060000
[    0.634244] pci 0000:00:00.0: [Firmware Bug]: reg 0x14: invalid BAR (can't size)
[    0.634869] pci 0000:00:00.0: [Firmware Bug]: reg 0x18: invalid BAR (can't size)
[    0.635477] pci 0000:00:00.0: [Firmware Bug]: reg 0x1c: invalid BAR (can't size)
[    0.636088] pci 0000:00:00.0: [Firmware Bug]: reg 0x20: invalid BAR (can't size)
[    0.636704] pci 0000:00:00.0: [Firmware Bug]: reg 0x24: invalid BAR (can't size)
[    0.641209] pci 0000:00:0a.0: [8086:7110] type 00 class 0x060100
[    0.645052] pci 0000:00:0a.1: [8086:7111] type 00 class 0x010180
[    0.645901] pci 0000:00:0a.1: reg 0x20: [io  0x0000-0x000f]
[    0.646680] pci 0000:00:0a.1: legacy IDE quirk: reg 0x10: [io  0x01f0-0x01f7]
[    0.647286] pci 0000:00:0a.1: legacy IDE quirk: reg 0x14: [io  0x03f6]
[    0.647877] pci 0000:00:0a.1: legacy IDE quirk: reg 0x18: [io  0x0170-0x0177]
[    0.648475] pci 0000:00:0a.1: legacy IDE quirk: reg 0x1c: [io  0x0376]
[    0.652044] pci 0000:00:0a.2: [8086:7112] type 00 class 0x0c0300
[    0.652773] pci 0000:00:0a.2: reg 0x20: [io  0x0000-0x001f]
[    0.656307] pci 0000:00:0a.3: [8086:7113] type 00 class 0x068000
[    0.657681] pci 0000:00:0a.3: quirk: [io  0x1000-0x103f] claimed by PIIX4 ACPI
[    0.658388] pci 0000:00:0a.3: quirk: [io  0x1100-0x110f] claimed by PIIX4 SMB
[    0.661967] pci 0000:00:12.0: [1013:00b8] type 00 class 0x030000
[    0.662657] pci 0000:00:12.0: reg 0x10: [mem 0x00000000-0x01ffffff pref]
[    0.663441] pci 0000:00:12.0: reg 0x14: [mem 0x00000000-0x00000fff]
[    0.664142] pci 0000:00:12.0: reg 0x30: [mem 0x00000000-0x0000ffff pref]
[    0.667163] vgaarb: device added: PCI:0000:00:12.0,decodes=io+mem,owns=none,locks=none
[    0.668507] pci 0000:00:13.0: [8086:100e] type 00 class 0x020000
[    0.669164] pci 0000:00:13.0: reg 0x10: [mem 0x00000000-0x0001ffff]
[    0.669758] pci 0000:00:13.0: reg 0x14: [io  0x0000-0x003f]
[    0.670416] pci 0000:00:13.0: reg 0x30: [mem 0x00000000-0x0003ffff pref]
[    0.673852] pci 0000:00:14.0: [8086:100e] type 00 class 0x020000
[    0.674497] pci 0000:00:14.0: reg 0x10: [mem 0x00000000-0x0001ffff]
[    0.675117] pci 0000:00:14.0: reg 0x14: [io  0x0000-0x003f]
[    0.675929] pci 0000:00:14.0: reg 0x30: [mem 0x00000000-0x0003ffff pref]
[    0.679378] pci 0000:00:15.0: [8086:100e] type 00 class 0x020000
[    0.680172] pci 0000:00:15.0: reg 0x10: [mem 0x00000000-0x0001ffff]
[    0.680766] pci 0000:00:15.0: reg 0x14: [io  0x0000-0x003f]
[    0.681427] pci 0000:00:15.0: reg 0x30: [mem 0x00000000-0x0003ffff pref]
[    0.684889] pci 0000:00:16.0: [8086:100e] type 00 class 0x020000
[    0.685533] pci 0000:00:16.0: reg 0x10: [mem 0x00000000-0x0001ffff]
[    0.686127] pci 0000:00:16.0: reg 0x14: [io  0x0000-0x003f]
[    0.686788] pci 0000:00:16.0: reg 0x30: [mem 0x00000000-0x0003ffff pref]
[    0.690449] pci_bus 0000:00: busn_res: [bus 00-ff] end is updated to 00
[    0.692246] pci 0000:00:12.0: BAR 0: assigned [mem 0x10000000-0x11ffffff pref]
[    0.693065] pci 0000:00:13.0: BAR 6: assigned [mem 0x12000000-0x1203ffff pref]
[    0.693797] pci 0000:00:14.0: BAR 6: assigned [mem 0x12040000-0x1207ffff pref]
[    0.694489] pci 0000:00:15.0: BAR 6: assigned [mem 0x12080000-0x120bffff pref]
[    0.695176] pci 0000:00:16.0: BAR 6: assigned [mem 0x120c0000-0x120fffff pref]
[    0.695850] pci 0000:00:13.0: BAR 0: assigned [mem 0x12100000-0x1211ffff]
[    0.696727] pci 0000:00:14.0: BAR 0: assigned [mem 0x12120000-0x1213ffff]
[    0.697405] pci 0000:00:15.0: BAR 0: assigned [mem 0x12140000-0x1215ffff]
[    0.698080] pci 0000:00:16.0: BAR 0: assigned [mem 0x12160000-0x1217ffff]
[    0.698761] pci 0000:00:12.0: BAR 6: assigned [mem 0x12180000-0x1218ffff pref]
[    0.699445] pci 0000:00:12.0: BAR 1: assigned [mem 0x12190000-0x12190fff]
[    0.700112] pci 0000:00:13.0: BAR 1: assigned [io  0x1040-0x107f]
[    0.700888] pci 0000:00:14.0: BAR 1: assigned [io  0x1080-0x10bf]
[    0.701499] pci 0000:00:15.0: BAR 1: assigned [io  0x10c0-0x10ff]
[    0.702122] pci 0000:00:16.0: BAR 1: assigned [io  0x1400-0x143f]
[    0.702735] pci 0000:00:0a.2: BAR 4: assigned [io  0x1440-0x145f]
[    0.703355] pci 0000:00:0a.1: BAR 4: assigned [io  0x1460-0x146f]
[    0.722740] cfg80211: Calling CRDA to update world regulatory domain
[    0.737973] Switched to clocksource MIPS
[    0.865082] NET: Registered protocol family 2
[    0.878881] TCP established hash table entries: 2048 (order: 1, 8192 bytes)
[    0.880079] TCP bind hash table entries: 2048 (order: 1, 8192 bytes)
[    0.881206] TCP: Hash tables configured (established 2048 bind 2048)
[    0.882498] UDP hash table entries: 256 (order: 0, 4096 bytes)
[    0.883256] UDP-Lite hash table entries: 256 (order: 0, 4096 bytes)
[    0.887842] NET: Registered protocol family 1
[    0.889617] PCI: Enabling device 0000:00:0a.2 (0000 -> 0001)
[    0.891350] PCI: CLS 0 bytes, default 16
[    0.926070] futex hash table entries: 256 (order: -1, 3072 bytes)
[    0.943954] squashfs: version 4.0 (2009/01/31) Phillip Lougher
[    0.946735] jffs2: version 2.2. (NAND) Â© 2001-2006 Red Hat, Inc.
[    0.950415] romfs: ROMFS MTD (C) 2007 Red Hat, Inc.
[    0.976463] Block layer SCSI generic (bsg) driver version 0.4 loaded (major 251)
[    0.977147] io scheduler noop registered
[    0.978156] io scheduler cfq registered (default)
[    0.979308] firmadyne: devfs: 1, execute: 1, procfs: 1, syscall: 1
[    0.985594] firmadyne: Cannot register character device: gpio, 0xfc, 0x0!
[    0.994800] firmadyne: Cannot register character device: watchdog, 0xa, 0x82!
[    0.995325] firmadyne: Cannot register character device: wdt, 0xfd, 0x0!
[    2.901930] strName = 4.1.17+
[    2.901930] init_task_addr  = 2155778944
[    2.901930] init_task_size  = 1296
[    2.901930] ts_tasks        = 292
[    2.901930] ts_pid          = 408
[    2.901930] ts_tgid         = 412
[    2.901930] ts_group_leader = 440
[    2.901930] ts_thread_group = 496
[    2.901930] ts_real_parent  = 416
[    2.901930] ts_mm           = 300
[    2.901930] ts_stack        = 4
[    2.904813] module_name   = 12
[    2.904813] module_size   = 208
[    2.904813] module_init   = 200
[    2.904813] module_list   = 4
[    2.906082] ts_real_cred    = 624
[    2.906082] ts_cred         = 628
[    2.906082] ts_comm         = 632
[    2.906082] cred_uid        = 4
[    2.906082] cred_gid        = 8
[    2.906082] cred_euid       = 20
[    2.906082] cred_egid       = 24
[    2.907863] mm_mmap         = 0
[    2.907863] mm_pgd          = 32
[    2.907863] mm_arg_start    = 136
[    2.907863] mm_start_brk    = 124
[    2.907863] mm_brk          = 128
[    2.907863] mm_start_stack  = 132
[    2.909407] vma_vm_start    = 0
[    2.909407] vma_vm_end      = 4
[    2.909407] vma_vm_next     = 8
[    2.909407] vma_vm_file     = 80
[    2.909407] vma_vm_flags    = 40
[    2.909407] vma_vm_pgoff    = 76
[    2.911266] file_dentry     = 12
[    2.911266] file_inode      = 40
[    2.911266] dentry_d_name   = 24
[    2.911266] dentry_d_iname  = 44
[    2.911266] dentry_d_parent = 16
[    2.911266] ti_task         = 0
[    2.911266] inode_ino   = 28
[    4.103429] proc_fork_connector  = 2151078840
[    4.103844] proc_exit_connector  = 2151080432
[    4.104228] proc_exec_connector  = 2151079052
[    4.104595] vma_link  = 2149124372
[    4.104917] vma_adjust  = 2149124540
[    4.105243] remove_vma  = 2149122188
[    4.105586] modules  = 2155833724
[    4.106059] trim_init_extable  = 2150545316
[    4.107508] cfg80211: Calling CRDA to update world regulatory domain
[    4.111524] PCI: Enabling device 0000:00:12.0 (0000 -> 0002)
[    4.112897] cirrusfb 0000:00:12.0: Cirrus Logic chipset on PCI bus, RAM (4096 kB) at 0x10000000
[    4.374354] Console: switching to colour frame buffer device 80x30
[    4.451768] Serial: 8250/16550 driver, 4 ports, IRQ sharing enabled
[    4.467951] console [ttyS0] disabled
[    4.496967] serial8250.0: ttyS0 at I/O 0x3f8 (irq = 4, base_baud = 115200) is a 16550A
[    4.498439] console [ttyS0] enabled
[    4.498439] console [ttyS0] enabled
[    4.499101] bootconsole [uart0] disabled
[    4.499101] bootconsole [uart0] disabled
[    4.532488] serial8250.0: ttyS1 at I/O 0x2f8 (irq = 3, base_baud = 115200) is a 16550A
[    4.671225] brd: module loaded
[    4.743996] loop: module loaded
[    4.751675] ata_piix 0000:00:0a.1: version 2.13
[    4.752311] PCI: Enabling device 0000:00:0a.1 (0000 -> 0001)
[    4.782472] scsi host0: ata_piix
[    4.788870] scsi host1: ata_piix
[    4.793308] ata1: PATA max UDMA/33 cmd 0x1f0 ctl 0x3f6 bmdma 0x1460 irq 14
[    4.794203] ata2: PATA max UDMA/33 cmd 0x170 ctl 0x376 bmdma 0x1468 irq 15
[    4.802024] [nandsim] warning: read_byte: unexpected data output cycle, state is STATE_READY return 0x0
[    4.802705] [nandsim] warning: read_byte: unexpected data output cycle, state is STATE_READY return 0x0
[    4.803386] [nandsim] warning: read_byte: unexpected data output cycle, state is STATE_READY return 0x0
[    4.804064] [nandsim] warning: read_byte: unexpected data output cycle, state is STATE_READY return 0x0
[    4.804723] [nandsim] warning: read_byte: unexpected data output cycle, state is STATE_READY return 0x0
[    4.805374] [nandsim] warning: read_byte: unexpected data output cycle, state is STATE_READY return 0x0
[    4.806446] nand: device found, Manufacturer ID: 0x98, Chip ID: 0x39
[    4.806949] nand: Toshiba NAND 128MiB 1,8V 8-bit
[    4.807407] nand: 128 MiB, SLC, erase size: 16 KiB, page size: 512, OOB size: 16
[    4.809295] flash size: 128 MiB
[    4.809615] page size: 512 bytes
[    4.810080] OOB area size: 16 bytes
[    4.810389] sector size: 16 KiB
[    4.810677] pages number: 262144
[    4.810976] pages per sector: 32
[    4.811265] bus width: 8
[    4.811523] bits in sector size: 14
[    4.811832] bits in page size: 9
[    4.812130] bits in OOB size: 4
[    4.812429] flash size with OOB: 135168 KiB
[    4.812769] page address bytes: 4
[    4.813068] sector address bytes: 3
[    4.813372] options: 0x42
[    4.910989] Scanning device for bad blocks
[    6.321885] ata1.01: NODEV after polling detection
[    6.322992] ata2.01: NODEV after polling detection
[    6.325212] ata2.00: ATAPI: QEMU DVD-ROM, 2.5+, max UDMA/100
[    6.328254] ata1.00: ATA-7: QEMU HARDDISK, 2.5+, max UDMA/100
[    6.328801] ata1.00: 2097152 sectors, multi 16: LBA48 
[    6.336080] ata2.00: configured for UDMA/33
[    6.338888] ata1.00: configured for UDMA/33
[    6.349474] scsi 0:0:0:0: Direct-Access     ATA      QEMU HARDDISK    2.5+ PQ: 0 ANSI: 5
[    6.368241] sd 0:0:0:0: [sda] 2097152 512-byte logical blocks: (1.07 GB/1.00 GiB)
[    6.370240] scsi 1:0:0:0: CD-ROM            QEMU     QEMU DVD-ROM     2.5+ PQ: 0 ANSI: 5
[    6.385276] sd 0:0:0:0: [sda] Write Protect is off
[    6.386118] sd 0:0:0:0: [sda] Mode Sense: 00 3a 00 00
[    6.388005] sd 0:0:0:0: [sda] Write cache: enabled, read cache: enabled, doesn't support DPO or FUA
[    6.403668]  sda: sda1
[    6.418104] sd 0:0:0:0: [sda] Attached SCSI disk
[    6.418814] Creating 11 MTD partitions on "NAND 128MiB 1,8V 8-bit":
[    6.419560] 0x000000000000-0x000000100000 : "NAND simulator partition 0"
[    6.432506] 0x000000100000-0x000000200000 : "NAND simulator partition 1"
[    6.444704] 0x000000200000-0x000000300000 : "NAND simulator partition 2"
[    6.457221] 0x000000300000-0x000000400000 : "NAND simulator partition 3"
[    6.469959] 0x000000400000-0x000000500000 : "NAND simulator partition 4"
[    6.482634] 0x000000500000-0x000000600000 : "NAND simulator partition 5"
[    6.495627] 0x000000600000-0x000000700000 : "NAND simulator partition 6"
[    6.508770] 0x000000700000-0x000000800000 : "NAND simulator partition 7"
[    6.522386] 0x000000800000-0x000000900000 : "NAND simulator partition 8"
[    6.534611] 0x000000900000-0x000000a00000 : "NAND simulator partition 9"
[    6.546870] 0x000000a00000-0x000008000000 : "NAND simulator partition 10"
[    6.600049] tun: Universal TUN/TAP device driver, 1.6
[    6.600475] tun: (C) 1999-2004 Max Krasnyansky <maxk@qualcomm.com>
[    6.604697] pcnet32: pcnet32.c:v1.35 21.Apr.2008 tsbogend@alpha.franken.de
[    6.606384] e1000: Intel(R) PRO/1000 Network Driver - version 7.3.21-k8-NAPI
[    6.606903] e1000: Copyright (c) 1999-2006 Intel Corporation.
[    6.608001] PCI: Enabling device 0000:00:13.0 (0000 -> 0003)
[    6.950994] e1000 0000:00:13.0 eth0: (PCI:33MHz:32-bit) 52:54:00:12:34:56
[    6.951843] e1000 0000:00:13.0 eth0: Intel(R) PRO/1000 Network Connection
[    6.952692] PCI: Enabling device 0000:00:14.0 (0000 -> 0003)
[    7.250254] cfg80211: Calling CRDA to update world regulatory domain
[    7.292553] e1000 0000:00:14.0 eth1: (PCI:33MHz:32-bit) 52:54:00:12:34:57
[    7.293236] e1000 0000:00:14.0 eth1: Intel(R) PRO/1000 Network Connection
[    7.294319] PCI: Enabling device 0000:00:15.0 (0000 -> 0003)
[    7.627734] e1000 0000:00:15.0 eth2: (PCI:33MHz:32-bit) 52:54:00:12:34:58
[    7.628397] e1000 0000:00:15.0 eth2: Intel(R) PRO/1000 Network Connection
[    7.629234] PCI: Enabling device 0000:00:16.0 (0000 -> 0003)
[    7.971807] e1000 0000:00:16.0 eth3: (PCI:33MHz:32-bit) 52:54:00:12:34:59
[    7.972435] e1000 0000:00:16.0 eth3: Intel(R) PRO/1000 Network Connection
[    7.974242] e1000e: Intel(R) PRO/1000 Network Driver - 2.3.2-k
[    7.974683] e1000e: Copyright(c) 1999 - 2014 Intel Corporation.
[    7.980393] PPP generic driver version 2.4.2
[    7.983242] PPP Deflate Compression module registered
[    7.984053] PPP MPPE Compression module registered
[    7.984556] NET: Registered protocol family 24
[    7.985457] ehci_hcd: USB 2.0 'Enhanced' Host Controller (EHCI) Driver
[    7.986290] ehci-pci: EHCI PCI platform driver
[    7.987747] ohci_hcd: USB 1.1 'Open' Host Controller (OHCI) Driver
[    7.988346] ohci-pci: OHCI PCI platform driver
[    7.989933] uhci_hcd: USB Universal Host Controller Interface driver
[    7.991905] uhci_hcd 0000:00:0a.2: UHCI Host Controller
[    7.992864] uhci_hcd 0000:00:0a.2: new USB bus registered, assigned bus number 1
[    7.994330] uhci_hcd 0000:00:0a.2: irq 11, io base 0x00001440
[    8.008570] hub 1-0:1.0: USB hub found
[    8.009548] hub 1-0:1.0: 2 ports detected
[    8.022275] usbcore: registered new interface driver usb-storage
[    8.027737] mousedev: PS/2 mouse device common for all mice
[    8.035992] rtc_cmos rtc_cmos: rtc core: registered rtc_cmos as rtc0
[    8.036984] rtc_cmos rtc_cmos: alarms up to one day, 242 bytes nvram
[    8.038990] i2c /dev entries driver
[    8.040587] piix4_smbus 0000:00:0a.3: SMBus Host Controller at 0x1100, revision 0
[    8.046758] sdhci: Secure Digital Host Controller Interface driver
[    8.047264] sdhci: Copyright(c) Pierre Ossman
[    8.050427] hidraw: raw HID events driver (C) Jiri Kosina
[    8.074462] usbcore: registered new interface driver usbhid
[    8.074951] usbhid: USB HID core driver
[    8.076325] Netfilter messages via NETLINK v0.30.
[    8.078194] nf_conntrack version 0.5.0 (3923 buckets, 15692 max)
[    8.082444] ctnetlink v0.93: registering with nfnetlink.
[    8.089863] ipip: IPv4 over IPv4 tunneling driver
[    8.105386] ip_tables: (C) 2000-2006 Netfilter Core Team
[    8.109124] arp_tables: (C) 2002 David S. Miller
[    8.111628] Initializing XFRM netlink socket
[    8.113153] NET: Registered protocol family 10
[    8.140831] ip6_tables: (C) 2000-2006 Netfilter Core Team
[    8.145787] sit: IPv6 over IPv4 tunneling driver
[    8.167840] NET: Registered protocol family 17
[    8.169020] bridge: automatic filtering via arp/ip/ip6tables has been deprecated. Update your scripts to load br_netfilter if you need this.
[    8.170670] Bridge firewalling registered
[    8.171207] Ebtables v2.0 registered
[    8.175158] 8021q: 802.1Q VLAN Support v1.8
[    8.203230] rtc_cmos rtc_cmos: setting system clock to 2025-07-23 03:40:32 UTC (1753242032)
[    8.231165] EXT2-fs (sda1): warning: mounting unchecked fs, running e2fsck is recommended
[    8.233850] VFS: Mounted root (ext2 filesystem) on device 8:1.
[    8.245300] Freeing YAMON memory: 956k freed
[    8.259173] Freeing unused kernel memory: 260K (8081f000 - 80860000)
[    8.296526] firmadyne: sys_reboot[PID: 1 (init)]: magic1:fee1dead, magic2:28121969, cmd:0
init started: BusyBox v1.14.1 (2024-07-07 02:43:58 CEST)
starting pid 48, tty '': '/etc/init.d/rcS'[    8.322109] spurious 8259A interrupt: IRQ7.

[    8.405310] firmadyne: do_execve: /firmadyne/console
[    8.406273] OFFSETS: offset of pid: 0x198 offset of comm: 0x278
[/etc/init.d/S03config.sh]
Mounting proc and var ...
[   10.394131] cfg80211: Calling CRDA to update world regulatory domain
SymbLink /dev/mtdblock/0
SymbLink /dev/mtdblock/1
[   13.538237] cfg80211: Calling CRDA to update world regulatory domain
SymbLink /dev/mtdblock/10
SymbLink /dev/mtdblock/2
SymbLink /dev/mtdblock/3
SymbLink /dev/mtdblock/4
SymbLink /dev/mtdblock/5
SymbLink /dev/mtdblock/6
SymbLink /dev/mtdblock/7
SymbLink /dev/mtdblock/8
SymbLink /dev/mtdblock/9
Inserting kernel modules ...
Inserting Rebootm ...
Inserting atheros ethernet ...
Inserting gpio ...
done.
Start xmldb ...
[   15.438443] firmadyne: sys_socket[PID: 147 (xmldb)]: family:1, type:2, protocol:0
[   15.442194] random: nonblocking pool is initialized
[/etc/scripts/misc/profile.sh] get ...
DEVCONF: unable to read config data (ret=-3) !
[   16.686321] cfg80211: Calling CRDA to update world regulatory domain
CAN NOT get devive config, generate default!
[/etc/scripts/misc/profile.sh] reset ...
[   17.008133] firmadyne: sys_socket[PID: 160 (rgdb)]: family:1, type:2, protocol:0
[/etc/scripts/misc/defnodes.sh] ...
[/etc/defnodes/S10setext.sh] ...
[   17.442772] firmadyne: sys_socket[PID: 166 (xmldbc)]: family:1, type:2, protocol:0
[   17.504602] firmadyne: sys_socket[PID: 167 (xmldbc)]: family:1, type:2, protocol:0
[   17.568519] firmadyne: sys_socket[PID: 168 (xmldbc)]: family:1, type:2, protocol:0
[   17.630256] firmadyne: sys_socket[PID: 169 (xmldbc)]: family:1, type:2, protocol:0
[   17.691587] firmadyne: sys_socket[PID: 170 (xmldbc)]: family:1, type:2, protocol:0
[   17.754114] firmadyne: sys_socket[PID: 171 (xmldbc)]: family:1, type:2, protocol:0
[   17.816309] firmadyne: sys_socket[PID: 172 (xmldbc)]: family:1, type:2, protocol:0
[   17.877203] firmadyne: sys_socket[PID: 173 (xmldbc)]: family:1, type:2, protocol:0
[   17.940356] firmadyne: sys_socket[PID: 174 (xmldbc)]: family:1, type:2, protocol:0
[   18.004251] firmadyne: sys_socket[PID: 175 (xmldbc)]: family:1, type:2, protocol:0
[   18.067310] firmadyne: sys_socket[PID: 176 (xmldbc)]: family:1, type:2, protocol:0
[   18.129786] firmadyne: sys_socket[PID: 177 (xmldbc)]: family:1, type:2, protocol:0
[   18.192962] firmadyne: sys_socket[PID: 178 (xmldbc)]: family:1, type:2, protocol:0
[   18.254017] firmadyne: sys_socket[PID: 179 (xmldbc)]: family:1, type:2, protocol:0
[   18.316440] firmadyne: sys_socket[PID: 180 (xmldbc)]: family:1, type:2, protocol:0
[   18.379486] firmadyne: sys_socket[PID: 181 (xmldbc)]: family:1, type:2, protocol:0
[   18.442588] firmadyne: sys_socket[PID: 182 (xmldbc)]: family:1, type:2, protocol:0
[   18.505208] firmadyne: sys_socket[PID: 183 (xmldbc)]: family:1, type:2, protocol:0
[   18.570077] firmadyne: sys_socket[PID: 184 (xmldbc)]: family:1, type:2, protocol:0
[   18.631914] firmadyne: sys_socket[PID: 185 (xmldbc)]: family:1, type:2, protocol:0
[   18.694140] firmadyne: sys_socket[PID: 186 (xmldbc)]: family:1, type:2, protocol:0
[   18.757212] firmadyne: sys_socket[PID: 187 (rgdb)]: family:1, type:2, protocol:0
[   18.814745] firmadyne: sys_socket[PID: 188 (rgdb)]: family:1, type:2, protocol:0
[   18.878654] firmadyne: sys_socket[PID: 189 (rgdb)]: family:1, type:2, protocol:0
[   18.942916] firmadyne: sys_socket[PID: 190 (rgdb)]: family:1, type:2, protocol:0
[   19.005302] firmadyne: sys_socket[PID: 191 (rgdb)]: family:1, type:2, protocol:0
[   19.068748] firmadyne: sys_socket[PID: 192 (rgdb)]: family:1, type:2, protocol:0
[   19.133048] firmadyne: sys_socket[PID: 193 (rgdb)]: family:1, type:2, protocol:0
[   19.195491] firmadyne: sys_socket[PID: 194 (rgdb)]: family:1, type:2, protocol:0
[   19.257225] firmadyne: sys_socket[PID: 195 (rgdb)]: family:1, type:2, protocol:0
[   19.319471] firmadyne: sys_socket[PID: 196 (rgdb)]: family:1, type:2, protocol:0
[   19.382320] firmadyne: sys_socket[PID: 197 (rgdb)]: family:1, type:2, protocol:0
[   19.443418] firmadyne: sys_socket[PID: 198 (rgdb)]: family:1, type:2, protocol:0
[   19.504800] firmadyne: sys_socket[PID: 199 (rgdb)]: family:1, type:2, protocol:0
[   19.571662] firmadyne: sys_socket[PID: 200 (rgdb)]: family:1, type:2, protocol:0
[   19.708840] firmadyne: sys_socket[PID: 202 (xmldbc)]: family:1, type:2, protocol:0
[   19.772601] firmadyne: sys_socket[PID: 203 (xmldbc)]: family:1, type:2, protocol:0
[   19.830142] cfg80211: Calling CRDA to update world regulatory domain
[   19.846466] firmadyne: sys_socket[PID: 204 (xmldbc)]: family:1, type:2, protocol:0
[   19.914547] firmadyne: sys_socket[PID: 206 (xmldbc)]: family:1, type:2, protocol:0
[   19.979236] firmadyne: sys_socket[PID: 207 (xmldbc)]: family:1, type:2, protocol:0
[   20.043204] firmadyne: sys_socket[PID: 208 (xmldbc)]: family:1, type:2, protocol:0
[   20.106284] firmadyne: sys_socket[PID: 209 (xmldbc)]: family:1, type:2, protocol:0
[   20.171020] firmadyne: sys_socket[PID: 210 (xmldbc)]: family:1, type:2, protocol:0
[   20.234289] firmadyne: sys_socket[PID: 211 (xmldbc)]: family:1, type:2, protocol:0
[   20.296520] firmadyne: sys_socket[PID: 212 (xmldbc)]: family:1, type:2, protocol:0
[   20.359825] firmadyne: sys_socket[PID: 213 (xmldbc)]: family:1, type:2, protocol:0
[   20.422684] firmadyne: sys_socket[PID: 214 (xmldbc)]: family:1, type:2, protocol:0
[   20.483656] firmadyne: sys_socket[PID: 215 (xmldbc)]: family:1, type:2, protocol:0
[   20.547940] firmadyne: sys_socket[PID: 216 (xmldbc)]: family:1, type:2, protocol:0
[   20.610337] firmadyne: sys_socket[PID: 217 (xmldbc)]: family:1, type:2, protocol:0
[   20.672501] firmadyne: sys_socket[PID: 218 (xmldbc)]: family:1, type:2, protocol:0
[   20.735705] firmadyne: sys_socket[PID: 219 (xmldbc)]: family:1, type:2, protocol:0
[   20.798496] firmadyne: sys_socket[PID: 220 (xmldbc)]: family:1, type:2, protocol:0
[   21.023587] firmadyne: sys_socket[PID: 225 (xmldbc)]: family:1, type:2, protocol:0
[   21.086791] firmadyne: sys_socket[PID: 226 (xmldbc)]: family:1, type:2, protocol:0
[   21.149364] firmadyne: sys_socket[PID: 227 (xmldbc)]: family:1, type:2, protocol:0
[   21.211340] firmadyne: sys_socket[PID: 228 (xmldbc)]: family:1, type:2, protocol:0
[   21.271285] firmadyne: sys_socket[PID: 229 (xmldbc)]: family:1, type:2, protocol:0
[   21.334779] firmadyne: sys_socket[PID: 230 (xmldbc)]: family:1, type:2, protocol:0
[   21.396655] firmadyne: sys_socket[PID: 231 (xmldbc)]: family:1, type:2, protocol:0
[   21.458050] firmadyne: sys_socket[PID: 232 (xmldbc)]: family:1, type:2, protocol:0
[   21.519711] firmadyne: sys_socket[PID: 233 (xmldbc)]: family:1, type:2, protocol:0
[   21.583102] firmadyne: sys_socket[PID: 234 (xmldbc)]: family:1, type:2, protocol:0
[   21.644442] firmadyne: sys_socket[PID: 235 (xmldbc)]: family:1, type:2, protocol:0
[   21.706399] firmadyne: sys_socket[PID: 236 (xmldbc)]: family:1, type:2, protocol:0
[   21.769436] firmadyne: sys_socket[PID: 237 (xmldbc)]: family:1, type:2, protocol:0
[   21.831926] firmadyne: sys_socket[PID: 238 (xmldbc)]: family:1, type:2, protocol:0
[   21.893502] firmadyne: sys_socket[PID: 239 (xmldbc)]: family:1, type:2, protocol:0
[   21.956837] firmadyne: sys_socket[PID: 240 (xmldbc)]: family:1, type:2, protocol:0
[   22.017525] firmadyne: sys_socket[PID: 241 (xmldbc)]: family:1, type:2, protocol:0
[   22.084405] firmadyne: sys_socket[PID: 242 (xmldbc)]: family:1, type:2, protocol:0
[   22.147821] firmadyne: sys_socket[PID: 243 (xmldbc)]: family:1, type:2, protocol:0
[   22.291934] firmadyne: sys_socket[PID: 247 (xmldbc)]: family:1, type:2, protocol:0
[   22.355613] firmadyne: sys_socket[PID: 248 (xmldbc)]: family:1, type:2, protocol:0
[   34.995214] cfg80211: Calling CRDA to update world regulatory domain
[   35.039218] firmadyne: sys_socket[PID: 249 (xmldbc)]: family:1, type:2, protocol:0
[   35.101755] firmadyne: sys_socket[PID: 251 (xmldbc)]: family:1, type:2, protocol:0
[   35.163293] firmadyne: sys_socket[PID: 252 (xmldbc)]: family:1, type:2, protocol:0
[   35.226243] firmadyne: sys_socket[PID: 253 (xmldbc)]: family:1, type:2, protocol:0
[   37.267265] firmadyne: sys_socket[PID: 254 (xmldbc)]: family:1, type:2, protocol:0
[   37.329744] firmadyne: sys_socket[PID: 255 (xmldbc)]: family:1, type:2, protocol:0
[   37.391506] firmadyne: sys_socket[PID: 256 (xmldbc)]: family:1, type:2, protocol:0
[   37.454745] firmadyne: sys_socket[PID: 257 (xmldbc)]: family:1, type:2, protocol:0
[   48.932396] cfg80211: Calling CRDA to update world regulatory domain
[   49.004458] firmadyne: sys_socket[PID: 259 (xmldbc)]: family:1, type:2, protocol:0
[   49.066147] firmadyne: sys_socket[PID: 260 (xmldbc)]: family:1, type:2, protocol:0
[   49.137666] firmadyne: sys_socket[PID: 261 (xmldbc)]: family:1, type:2, protocol:0
[   58.498626] cfg80211: Calling CRDA to update world regulatory domain
[   58.506761] firmadyne: sys_socket[PID: 262 (xmldbc)]: family:1, type:2, protocol:0
[   58.579575] firmadyne: sys_socket[PID: 264 (xmldbc)]: family:1, type:2, protocol:0
[   58.640750] firmadyne: sys_socket[PID: 265 (xmldbc)]: family:1, type:2, protocol:0
[   58.703900] firmadyne: sys_socket[PID: 266 (xmldbc)]: family:1, type:2, protocol:0
[   58.766109] firmadyne: sys_socket[PID: 267 (xmldbc)]: family:1, type:2, protocol:0
[   58.827367] firmadyne: sys_socket[PID: 268 (xmldbc)]: family:1, type:2, protocol:0
[   58.973215] firmadyne: sys_socket[PID: 272 (xmldbc)]: family:1, type:2, protocol:0
[   59.034924] firmadyne: sys_socket[PID: 273 (xmldbc)]: family:1, type:2, protocol:0
[   59.097537] firmadyne: sys_socket[PID: 274 (xmldbc)]: family:1, type:2, protocol:0
[   59.159185] firmadyne: sys_socket[PID: 275 (xmldbc)]: family:1, type:2, protocol:0
[   59.220913] firmadyne: sys_socket[PID: 276 (xmldbc)]: family:1, type:2, protocol:0
[   59.282702] firmadyne: sys_socket[PID: 277 (xmldbc)]: family:1, type:2, protocol:0
[   59.346577] firmadyne: sys_socket[PID: 278 (xmldbc)]: family:1, type:2, protocol:0
[   59.408132] firmadyne: sys_socket[PID: 279 (xmldbc)]: family:1, type:2, protocol:0
[   59.470003] firmadyne: sys_socket[PID: 280 (xmldbc)]: family:1, type:2, protocol:0
[   59.532916] firmadyne: sys_socket[PID: 281 (xmldbc)]: family:1, type:2, protocol:0
[   59.598370] firmadyne: sys_socket[PID: 282 (xmldbc)]: family:1, type:2, protocol:0
[   59.660520] firmadyne: sys_socket[PID: 283 (xmldbc)]: family:1, type:2, protocol:0
[   59.724990] firmadyne: sys_socket[PID: 284 (xmldbc)]: family:1, type:2, protocol:0
[   59.787200] firmadyne: sys_socket[PID: 285 (xmldbc)]: family:1, type:2, protocol:0
[   59.850202] firmadyne: sys_socket[PID: 286 (xmldbc)]: family:1, type:2, protocol:0
[   59.919822] firmadyne: sys_socket[PID: 287 (xmldbc)]: family:1, type:2, protocol:0
[   59.981330] firmadyne: sys_socket[PID: 288 (xmldbc)]: family:1, type:2, protocol:0
[   60.043519] firmadyne: sys_socket[PID: 289 (xmldbc)]: family:1, type:2, protocol:0
[   60.107882] firmadyne: sys_socket[PID: 290 (xmldbc)]: family:1, type:2, protocol:0
[   60.257348] firmadyne: sys_socket[PID: 294 (xmldbc)]: family:1, type:2, protocol:0
[   60.320912] firmadyne: sys_socket[PID: 295 (xmldbc)]: family:1, type:2, protocol:0
[   60.382149] firmadyne: sys_socket[PID: 296 (xmldbc)]: family:1, type:2, protocol:0
[   60.444232] firmadyne: sys_socket[PID: 297 (xmldbc)]: family:1, type:2, protocol:0
[   60.507089] firmadyne: sys_socket[PID: 298 (xmldbc)]: family:1, type:2, protocol:0
[   60.575825] firmadyne: sys_socket[PID: 299 (xmldbc)]: family:1, type:2, protocol:0
[   60.640605] firmadyne: sys_socket[PID: 300 (xmldbc)]: family:1, type:2, protocol:0
[   60.704017] firmadyne: sys_socket[PID: 301 (xmldbc)]: family:1, type:2, protocol:0
[   60.765062] firmadyne: sys_socket[PID: 302 (xmldbc)]: family:1, type:2, protocol:0
[   60.826125] firmadyne: sys_socket[PID: 303 (xmldbc)]: family:1, type:2, protocol:0
[   60.887422] firmadyne: sys_socket[PID: 304 (xmldbc)]: family:1, type:2, protocol:0
[   60.952464] firmadyne: sys_socket[PID: 305 (xmldbc)]: family:1, type:2, protocol:0
[   61.014337] firmadyne: sys_socket[PID: 306 (xmldbc)]: family:1, type:2, protocol:0
[   61.075437] firmadyne: sys_socket[PID: 307 (xmldbc)]: family:1, type:2, protocol:0
[   61.136895] firmadyne: sys_socket[PID: 308 (xmldbc)]: family:1, type:2, protocol:0
[   61.197008] firmadyne: sys_socket[PID: 309 (xmldbc)]: family:1, type:2, protocol:0
[   61.258069] firmadyne: sys_socket[PID: 310 (xmldbc)]: family:1, type:2, protocol:0
[   61.319208] firmadyne: sys_socket[PID: 311 (xmldbc)]: family:1, type:2, protocol:0
[   61.378766] firmadyne: sys_socket[PID: 312 (xmldbc)]: family:1, type:2, protocol:0
[   61.523918] firmadyne: sys_socket[PID: 316 (xmldbc)]: family:1, type:2, protocol:0
[   61.585110] firmadyne: sys_socket[PID: 317 (xmldbc)]: family:1, type:2, protocol:0
[   61.642232] cfg80211: Calling CRDA to update world regulatory domain
[   61.659168] firmadyne: sys_socket[PID: 318 (xmldbc)]: family:1, type:2, protocol:0
[   61.726781] firmadyne: sys_socket[PID: 320 (xmldbc)]: family:1, type:2, protocol:0
[   61.781515] firmadyne: sys_socket[PID: 321 (xmldbc)]: family:1, type:2, protocol:0
[   61.843117] firmadyne: sys_socket[PID: 322 (xmldbc)]: family:1, type:2, protocol:0
[   61.907508] firmadyne: sys_socket[PID: 323 (xmldbc)]: family:1, type:2, protocol:0
[   61.968336] firmadyne: sys_socket[PID: 324 (xmldbc)]: family:1, type:2, protocol:0
[   62.026716] firmadyne: sys_socket[PID: 325 (xmldbc)]: family:1, type:2, protocol:0
[   62.087183] firmadyne: sys_socket[PID: 326 (xmldbc)]: family:1, type:2, protocol:0
[   62.149684] firmadyne: sys_socket[PID: 327 (xmldbc)]: family:1, type:2, protocol:0
[   62.210045] firmadyne: sys_socket[PID: 328 (xmldbc)]: family:1, type:2, protocol:0
[   62.268596] firmadyne: sys_socket[PID: 329 (xmldbc)]: family:1, type:2, protocol:0
[   62.331457] firmadyne: sys_socket[PID: 330 (xmldbc)]: family:1, type:2, protocol:0
[   62.392125] firmadyne: sys_socket[PID: 331 (xmldbc)]: family:1, type:2, protocol:0
[   62.445339] firmadyne: sys_socket[PID: 332 (xmldbc)]: family:1, type:2, protocol:0
[   62.506586] firmadyne: sys_socket[PID: 333 (xmldbc)]: family:1, type:2, protocol:0
[   62.569265] firmadyne: sys_socket[PID: 334 (xmldbc)]: family:1, type:2, protocol:0
[   62.631911] firmadyne: sys_socket[PID: 335 (xmldbc)]: family:1, type:2, protocol:0
[   62.777025] firmadyne: sys_socket[PID: 339 (xmldbc)]: family:1, type:2, protocol:0
[   62.836944] firmadyne: sys_socket[PID: 340 (xmldbc)]: family:1, type:2, protocol:0
[   62.898418] firmadyne: sys_socket[PID: 341 (xmldbc)]: family:1, type:2, protocol:0
[   62.954187] firmadyne: sys_socket[PID: 342 (xmldbc)]: family:1, type:2, protocol:0
[   63.014215] firmadyne: sys_socket[PID: 343 (xmldbc)]: family:1, type:2, protocol:0
[   63.072554] firmadyne: sys_socket[PID: 344 (xmldbc)]: family:1, type:2, protocol:0
[   63.134399] firmadyne: sys_socket[PID: 345 (xmldbc)]: family:1, type:2, protocol:0
[   63.196391] firmadyne: sys_socket[PID: 346 (xmldbc)]: family:1, type:2, protocol:0
[   63.257625] firmadyne: sys_socket[PID: 347 (xmldbc)]: family:1, type:2, protocol:0
[   63.322258] firmadyne: sys_socket[PID: 348 (xmldbc)]: family:1, type:2, protocol:0
[   63.384944] firmadyne: sys_socket[PID: 349 (xmldbc)]: family:1, type:2, protocol:0
[   63.448139] firmadyne: sys_socket[PID: 350 (xmldbc)]: family:1, type:2, protocol:0
[   63.511501] firmadyne: sys_socket[PID: 351 (xmldbc)]: family:1, type:2, protocol:0
[   63.572838] firmadyne: sys_socket[PID: 352 (xmldbc)]: family:1, type:2, protocol:0
[   63.630625] firmadyne: sys_socket[PID: 353 (xmldbc)]: family:1, type:2, protocol:0
[   63.692754] firmadyne: sys_socket[PID: 354 (xmldbc)]: family:1, type:2, protocol:0
[   63.755852] firmadyne: sys_socket[PID: 355 (xmldbc)]: family:1, type:2, protocol:0
[   63.818776] firmadyne: sys_socket[PID: 356 (xmldbc)]: family:1, type:2, protocol:0
[   63.880020] firmadyne: sys_socket[PID: 357 (xmldbc)]: family:1, type:2, protocol:0
[   64.024051] firmadyne: sys_socket[PID: 361 (xmldbc)]: family:1, type:2, protocol:0
[   64.083754] firmadyne: sys_socket[PID: 362 (xmldbc)]: family:1, type:2, protocol:0
[   64.146127] firmadyne: sys_socket[PID: 363 (xmldbc)]: family:1, type:2, protocol:0
[   64.207064] firmadyne: sys_socket[PID: 364 (xmldbc)]: family:1, type:2, protocol:0
[   64.266394] firmadyne: sys_socket[PID: 365 (xmldbc)]: family:1, type:2, protocol:0
[   64.329381] firmadyne: sys_socket[PID: 366 (xmldbc)]: family:1, type:2, protocol:0
[   64.391049] firmadyne: sys_socket[PID: 367 (xmldbc)]: family:1, type:2, protocol:0
[   64.450137] firmadyne: sys_socket[PID: 368 (xmldbc)]: family:1, type:2, protocol:0
[   64.512026] firmadyne: sys_socket[PID: 369 (xmldbc)]: family:1, type:2, protocol:0
[   64.575406] firmadyne: sys_socket[PID: 370 (xmldbc)]: family:1, type:2, protocol:0
[   64.635967] firmadyne: sys_socket[PID: 371 (xmldbc)]: family:1, type:2, protocol:0
[   64.699724] firmadyne: sys_socket[PID: 372 (xmldbc)]: family:1, type:2, protocol:0
[   64.762180] firmadyne: sys_socket[PID: 373 (xmldbc)]: family:1, type:2, protocol:0
[   64.786858] cfg80211: Exceeded CRDA call max attempts. Not calling CRDA
[   64.826173] firmadyne: sys_socket[PID: 374 (xmldbc)]: family:1, type:2, protocol:0
[   64.888606] firmadyne: sys_socket[PID: 375 (xmldbc)]: family:1, type:2, protocol:0
[   64.951200] firmadyne: sys_socket[PID: 376 (xmldbc)]: family:1, type:2, protocol:0
[   65.012804] firmadyne: sys_socket[PID: 377 (xmldbc)]: family:1, type:2, protocol:0
[   65.075063] firmadyne: sys_socket[PID: 378 (xmldbc)]: family:1, type:2, protocol:0
[   65.137739] firmadyne: sys_socket[PID: 379 (xmldbc)]: family:1, type:2, protocol:0
[   65.276844] firmadyne: sys_socket[PID: 383 (xmldbc)]: family:1, type:2, protocol:0
[   65.339868] firmadyne: sys_socket[PID: 384 (xmldbc)]: family:1, type:2, protocol:0
[   65.401227] firmadyne: sys_socket[PID: 385 (xmldbc)]: family:1, type:2, protocol:0
[   65.463490] firmadyne: sys_socket[PID: 386 (xmldbc)]: family:1, type:2, protocol:0
[   65.524352] firmadyne: sys_socket[PID: 387 (xmldbc)]: family:1, type:2, protocol:0
[   65.584886] firmadyne: sys_socket[PID: 388 (xmldbc)]: family:1, type:2, protocol:0
[   65.646066] firmadyne: sys_socket[PID: 389 (xmldbc)]: family:1, type:2, protocol:0
[   65.710908] firmadyne: sys_socket[PID: 390 (xmldbc)]: family:1, type:2, protocol:0
[   65.772133] firmadyne: sys_socket[PID: 391 (xmldbc)]: family:1, type:2, protocol:0
[   65.833357] firmadyne: sys_socket[PID: 392 (xmldbc)]: family:1, type:2, protocol:0
[   65.896946] firmadyne: sys_socket[PID: 393 (xmldbc)]: family:1, type:2, protocol:0
[   65.960008] firmadyne: sys_socket[PID: 394 (xmldbc)]: family:1, type:2, protocol:0
[   66.021008] firmadyne: sys_socket[PID: 395 (xmldbc)]: family:1, type:2, protocol:0
[   66.082648] firmadyne: sys_socket[PID: 396 (xmldbc)]: family:1, type:2, protocol:0
[   66.146745] firmadyne: sys_socket[PID: 397 (xmldbc)]: family:1, type:2, protocol:0
[   66.209300] firmadyne: sys_socket[PID: 398 (xmldbc)]: family:1, type:2, protocol:0
[   66.269112] firmadyne: sys_socket[PID: 399 (xmldbc)]: family:1, type:2, protocol:0
[   66.330972] firmadyne: sys_socket[PID: 400 (xmldbc)]: family:1, type:2, protocol:0
[   66.392818] firmadyne: sys_socket[PID: 401 (xmldbc)]: family:1, type:2, protocol:0
[   66.532589] firmadyne: sys_socket[PID: 405 (xmldbc)]: family:1, type:2, protocol:0
[   66.591562] firmadyne: sys_socket[PID: 406 (xmldbc)]: family:1, type:2, protocol:0
[   66.653771] firmadyne: sys_socket[PID: 407 (xmldbc)]: family:1, type:2, protocol:0
[   66.718584] firmadyne: sys_socket[PID: 408 (xmldbc)]: family:1, type:2, protocol:0
[   66.780771] firmadyne: sys_socket[PID: 409 (xmldbc)]: family:1, type:2, protocol:0
[   66.843302] firmadyne: sys_socket[PID: 410 (xmldbc)]: family:1, type:2, protocol:0
[   66.906362] firmadyne: sys_socket[PID: 411 (xmldbc)]: family:1, type:2, protocol:0
[   66.968418] firmadyne: sys_socket[PID: 412 (xmldbc)]: family:1, type:2, protocol:0
[   67.031461] firmadyne: sys_socket[PID: 413 (xmldbc)]: family:1, type:2, protocol:0
[   67.094953] firmadyne: sys_socket[PID: 414 (xmldbc)]: family:1, type:2, protocol:0
[   67.152197] firmadyne: sys_socket[PID: 415 (xmldbc)]: family:1, type:2, protocol:0
[   67.214036] firmadyne: sys_socket[PID: 416 (xmldbc)]: family:1, type:2, protocol:0
[   67.276440] firmadyne: sys_socket[PID: 417 (xmldbc)]: family:1, type:2, protocol:0
[   67.340976] firmadyne: sys_socket[PID: 418 (xmldbc)]: family:1, type:2, protocol:0
[   67.402927] firmadyne: sys_socket[PID: 419 (xmldbc)]: family:1, type:2, protocol:0
[   67.464624] firmadyne: sys_socket[PID: 420 (xmldbc)]: family:1, type:2, protocol:0
[   67.528509] firmadyne: sys_socket[PID: 421 (xmldbc)]: family:1, type:2, protocol:0
[   67.591686] firmadyne: sys_socket[PID: 422 (xmldbc)]: family:1, type:2, protocol:0
[   67.652997] firmadyne: sys_socket[PID: 423 (xmldbc)]: family:1, type:2, protocol:0
[   67.800706] firmadyne: sys_socket[PID: 427 (xmldbc)]: family:1, type:2, protocol:0
[   67.862080] firmadyne: sys_socket[PID: 428 (xmldbc)]: family:1, type:2, protocol:0
[   67.926847] firmadyne: sys_socket[PID: 429 (xmldbc)]: family:1, type:2, protocol:0
[   67.988616] firmadyne: sys_socket[PID: 430 (xmldbc)]: family:1, type:2, protocol:0
[   68.050270] firmadyne: sys_socket[PID: 431 (xmldbc)]: family:1, type:2, protocol:0
[   68.108228] firmadyne: sys_socket[PID: 432 (xmldbc)]: family:1, type:2, protocol:0
[   68.169396] firmadyne: sys_socket[PID: 433 (xmldbc)]: family:1, type:2, protocol:0
[   68.233384] firmadyne: sys_socket[PID: 434 (xmldbc)]: family:1, type:2, protocol:0
[   68.296732] firmadyne: sys_socket[PID: 435 (xmldbc)]: family:1, type:2, protocol:0
[   68.358747] firmadyne: sys_socket[PID: 436 (xmldbc)]: family:1, type:2, protocol:0
[   68.420338] firmadyne: sys_socket[PID: 437 (xmldbc)]: family:1, type:2, protocol:0
[   68.482979] firmadyne: sys_socket[PID: 438 (xmldbc)]: family:1, type:2, protocol:0
[   68.546775] firmadyne: sys_socket[PID: 439 (xmldbc)]: family:1, type:2, protocol:0
[   68.608740] firmadyne: sys_socket[PID: 440 (xmldbc)]: family:1, type:2, protocol:0
[   68.670756] firmadyne: sys_socket[PID: 441 (xmldbc)]: family:1, type:2, protocol:0
[   68.745379] firmadyne: sys_socket[PID: 442 (xmldbc)]: family:1, type:2, protocol:0
[   68.802536] firmadyne: sys_socket[PID: 443 (xmldbc)]: family:1, type:2, protocol:0
[   68.864115] firmadyne: sys_socket[PID: 444 (xmldbc)]: family:1, type:2, protocol:0
[   68.927296] firmadyne: sys_socket[PID: 445 (xmldbc)]: family:1, type:2, protocol:0
[   69.072096] firmadyne: sys_socket[PID: 449 (xmldbc)]: family:1, type:2, protocol:0
[   69.129680] firmadyne: sys_socket[PID: 450 (xmldbc)]: family:1, type:2, protocol:0
[   69.191573] firmadyne: sys_socket[PID: 451 (xmldbc)]: family:1, type:2, protocol:0
[   69.252512] firmadyne: sys_socket[PID: 452 (xmldbc)]: family:1, type:2, protocol:0
[   69.315407] firmadyne: sys_socket[PID: 453 (xmldbc)]: family:1, type:2, protocol:0
[   69.376936] firmadyne: sys_socket[PID: 454 (xmldbc)]: family:1, type:2, protocol:0
[   69.439596] firmadyne: sys_socket[PID: 455 (xmldbc)]: family:1, type:2, protocol:0
[   69.503249] firmadyne: sys_socket[PID: 456 (xmldbc)]: family:1, type:2, protocol:0
[   69.565104] firmadyne: sys_socket[PID: 457 (xmldbc)]: family:1, type:2, protocol:0
[   69.627313] firmadyne: sys_socket[PID: 458 (xmldbc)]: family:1, type:2, protocol:0
[   69.691628] firmadyne: sys_socket[PID: 459 (xmldbc)]: family:1, type:2, protocol:0
[   69.755438] firmadyne: sys_socket[PID: 460 (xmldbc)]: family:1, type:2, protocol:0
[   69.817802] firmadyne: sys_socket[PID: 461 (xmldbc)]: family:1, type:2, protocol:0
[   69.874738] firmadyne: sys_socket[PID: 462 (xmldbc)]: family:1, type:2, protocol:0
[   69.938712] firmadyne: sys_socket[PID: 463 (xmldbc)]: family:1, type:2, protocol:0
[   69.999849] firmadyne: sys_socket[PID: 464 (xmldbc)]: family:1, type:2, protocol:0
[   70.061428] firmadyne: sys_socket[PID: 465 (xmldbc)]: family:1, type:2, protocol:0
[   70.125267] firmadyne: sys_socket[PID: 466 (xmldbc)]: family:1, type:2, protocol:0
[   70.188304] firmadyne: sys_socket[PID: 467 (xmldbc)]: family:1, type:2, protocol:0
[   70.335154] firmadyne: sys_socket[PID: 471 (xmldbc)]: family:1, type:2, protocol:0
[   70.396154] firmadyne: sys_socket[PID: 472 (xmldbc)]: family:1, type:2, protocol:0
[   70.457267] firmadyne: sys_socket[PID: 473 (xmldbc)]: family:1, type:2, protocol:0
[   70.521407] firmadyne: sys_socket[PID: 474 (xmldbc)]: family:1, type:2, protocol:0
[   70.583214] firmadyne: sys_socket[PID: 475 (xmldbc)]: family:1, type:2, protocol:0
[   70.644669] firmadyne: sys_socket[PID: 476 (xmldbc)]: family:1, type:2, protocol:0
[   70.708161] firmadyne: sys_socket[PID: 477 (xmldbc)]: family:1, type:2, protocol:0
[   70.772768] firmadyne: sys_socket[PID: 478 (xmldbc)]: family:1, type:2, protocol:0
[   70.834370] firmadyne: sys_socket[PID: 479 (xmldbc)]: family:1, type:2, protocol:0
[   70.898025] firmadyne: sys_socket[PID: 480 (xmldbc)]: family:1, type:2, protocol:0
[   70.959828] firmadyne: sys_socket[PID: 481 (xmldbc)]: family:1, type:2, protocol:0
[   71.022698] firmadyne: sys_socket[PID: 482 (xmldbc)]: family:1, type:2, protocol:0
[   71.084728] firmadyne: sys_socket[PID: 483 (xmldbc)]: family:1, type:2, protocol:0
[   71.147913] firmadyne: sys_socket[PID: 484 (xmldbc)]: family:1, type:2, protocol:0
[   71.204083] firmadyne: sys_socket[PID: 485 (xmldbc)]: family:1, type:2, protocol:0
[   71.265481] firmadyne: sys_socket[PID: 486 (xmldbc)]: family:1, type:2, protocol:0
[   71.330425] firmadyne: sys_socket[PID: 487 (xmldbc)]: family:1, type:2, protocol:0
[   71.392710] firmadyne: sys_socket[PID: 488 (xmldbc)]: family:1, type:2, protocol:0
[   71.455370] firmadyne: sys_socket[PID: 489 (xmldbc)]: family:1, type:2, protocol:0
[   71.598047] firmadyne: sys_socket[PID: 493 (xmldbc)]: family:1, type:2, protocol:0
[   71.658628] firmadyne: sys_socket[PID: 494 (xmldbc)]: family:1, type:2, protocol:0
[   71.722572] firmadyne: sys_socket[PID: 495 (xmldbc)]: family:1, type:2, protocol:0
[   71.786953] firmadyne: sys_socket[PID: 496 (xmldbc)]: family:1, type:2, protocol:0
[   71.848799] firmadyne: sys_socket[PID: 497 (xmldbc)]: family:1, type:2, protocol:0
[   71.912776] firmadyne: sys_socket[PID: 498 (xmldbc)]: family:1, type:2, protocol:0
[   71.975607] firmadyne: sys_socket[PID: 499 (xmldbc)]: family:1, type:2, protocol:0
[   72.037327] firmadyne: sys_socket[PID: 500 (xmldbc)]: family:1, type:2, protocol:0
[   72.100361] firmadyne: sys_socket[PID: 501 (xmldbc)]: family:1, type:2, protocol:0
[   72.162210] firmadyne: sys_socket[PID: 502 (xmldbc)]: family:1, type:2, protocol:0
[   72.226188] firmadyne: sys_socket[PID: 503 (xmldbc)]: family:1, type:2, protocol:0
[   72.307778] firmadyne: sys_socket[PID: 504 (xmldbc)]: family:1, type:2, protocol:0
[   72.369452] firmadyne: sys_socket[PID: 505 (xmldbc)]: family:1, type:2, protocol:0
[   72.431593] firmadyne: sys_socket[PID: 506 (xmldbc)]: family:1, type:2, protocol:0
[   72.495523] firmadyne: sys_socket[PID: 507 (xmldbc)]: family:1, type:2, protocol:0
[   72.557404] firmadyne: sys_socket[PID: 508 (xmldbc)]: family:1, type:2, protocol:0
[   72.619354] firmadyne: sys_socket[PID: 509 (xmldbc)]: family:1, type:2, protocol:0
[   72.680543] firmadyne: sys_socket[PID: 510 (xmldbc)]: family:1, type:2, protocol:0
[   80.586950] firmadyne: sys_socket[PID: 511 (xmldbc)]: family:1, type:2, protocol:0
[   80.732954] firmadyne: sys_socket[PID: 515 (xmldbc)]: family:1, type:2, protocol:0
[   80.796120] firmadyne: sys_socket[PID: 516 (xmldbc)]: family:1, type:2, protocol:0
[   80.857266] firmadyne: sys_socket[PID: 517 (xmldbc)]: family:1, type:2, protocol:0
[   88.392955] firmadyne: sys_socket[PID: 518 (xmldbc)]: family:1, type:2, protocol:0
[   88.455585] firmadyne: sys_socket[PID: 519 (xmldbc)]: family:1, type:2, protocol:0
[   88.517550] firmadyne: sys_socket[PID: 520 (xmldbc)]: family:1, type:2, protocol:0
[   88.581156] firmadyne: sys_socket[PID: 521 (xmldbc)]: family:1, type:2, protocol:0
[   92.430358] firmadyne: sys_socket[PID: 522 (xmldbc)]: family:1, type:2, protocol:0
[   92.492043] firmadyne: sys_socket[PID: 523 (xmldbc)]: family:1, type:2, protocol:0
[   92.553594] firmadyne: sys_socket[PID: 524 (xmldbc)]: family:1, type:2, protocol:0
[   92.617313] firmadyne: sys_socket[PID: 525 (xmldbc)]: family:1, type:2, protocol:0
[  101.789654] firmadyne: sys_socket[PID: 526 (xmldbc)]: family:1, type:2, protocol:0
[  101.852476] firmadyne: sys_socket[PID: 527 (xmldbc)]: family:1, type:2, protocol:0
[  101.915321] firmadyne: sys_socket[PID: 528 (xmldbc)]: family:1, type:2, protocol:0
[  101.979429] firmadyne: sys_socket[PID: 529 (xmldbc)]: family:1, type:2, protocol:0
[  106.819489] firmadyne: sys_socket[PID: 530 (xmldbc)]: family:1, type:2, protocol:0
[  106.882242] firmadyne: sys_socket[PID: 531 (xmldbc)]: family:1, type:2, protocol:0
[  106.944572] firmadyne: sys_socket[PID: 532 (xmldbc)]: family:1, type:2, protocol:0
[  107.008015] firmadyne: sys_socket[PID: 533 (xmldbc)]: family:1, type:2, protocol:0
[  107.244001] firmadyne: sys_socket[PID: 537 (xmldbc)]: family:1, type:2, protocol:0
[  107.306120] firmadyne: sys_socket[PID: 538 (xmldbc)]: family:1, type:2, protocol:0
[  107.368110] firmadyne: sys_socket[PID: 539 (xmldbc)]: family:1, type:2, protocol:0
[  107.519982] firmadyne: sys_socket[PID: 540 (xmldbc)]: family:1, type:2, protocol:0
[  107.582977] firmadyne: sys_socket[PID: 541 (xmldbc)]: family:1, type:2, protocol:0
[  107.644739] firmadyne: sys_socket[PID: 542 (xmldbc)]: family:1, type:2, protocol:0
[  107.706361] firmadyne: sys_socket[PID: 543 (xmldbc)]: family:1, type:2, protocol:0
[  107.855189] firmadyne: sys_socket[PID: 544 (xmldbc)]: family:1, type:2, protocol:0
[  107.918536] firmadyne: sys_socket[PID: 545 (xmldbc)]: family:1, type:2, protocol:0
[  107.980272] firmadyne: sys_socket[PID: 546 (xmldbc)]: family:1, type:2, protocol:0
[  108.042385] firmadyne: sys_socket[PID: 547 (xmldbc)]: family:1, type:2, protocol:0
[  108.192892] firmadyne: sys_socket[PID: 548 (xmldbc)]: family:1, type:2, protocol:0
[  108.259297] firmadyne: sys_socket[PID: 549 (xmldbc)]: family:1, type:2, protocol:0
[  108.321406] firmadyne: sys_socket[PID: 550 (xmldbc)]: family:1, type:2, protocol:0
[  108.384043] firmadyne: sys_socket[PID: 551 (xmldbc)]: family:1, type:2, protocol:0
[  108.535574] firmadyne: sys_socket[PID: 552 (xmldbc)]: family:1, type:2, protocol:0
[  108.598436] firmadyne: sys_socket[PID: 553 (xmldbc)]: family:1, type:2, protocol:0
[  108.660284] firmadyne: sys_socket[PID: 554 (xmldbc)]: family:1, type:2, protocol:0
[  108.721529] firmadyne: sys_socket[PID: 555 (xmldbc)]: family:1, type:2, protocol:0
[  108.957264] firmadyne: sys_socket[PID: 559 (xmldbc)]: family:1, type:2, protocol:0
[  109.020052] firmadyne: sys_socket[PID: 560 (xmldbc)]: family:1, type:2, protocol:0
[  109.081465] firmadyne: sys_socket[PID: 561 (xmldbc)]: family:1, type:2, protocol:0
[  109.143417] firmadyne: sys_socket[PID: 562 (xmldbc)]: family:1, type:2, protocol:0
[  109.292172] firmadyne: sys_socket[PID: 563 (xmldbc)]: family:1, type:2, protocol:0
[  109.354977] firmadyne: sys_socket[PID: 564 (xmldbc)]: family:1, type:2, protocol:0
[  109.416331] firmadyne: sys_socket[PID: 565 (xmldbc)]: family:1, type:2, protocol:0
[  109.472646] firmadyne: sys_socket[PID: 566 (xmldbc)]: family:1, type:2, protocol:0
[  109.533268] firmadyne: sys_socket[PID: 567 (xmldbc)]: family:1, type:2, protocol:0
[  109.683435] firmadyne: sys_socket[PID: 568 (xmldbc)]: family:1, type:2, protocol:0
[  109.745321] firmadyne: sys_socket[PID: 569 (xmldbc)]: family:1, type:2, protocol:0
[  109.809358] firmadyne: sys_socket[PID: 570 (xmldbc)]: family:1, type:2, protocol:0
[  109.871568] firmadyne: sys_socket[PID: 571 (xmldbc)]: family:1, type:2, protocol:0
[  110.020713] firmadyne: sys_socket[PID: 572 (xmldbc)]: family:1, type:2, protocol:0
[  110.083385] firmadyne: sys_socket[PID: 573 (xmldbc)]: family:1, type:2, protocol:0
[  110.145143] firmadyne: sys_socket[PID: 574 (xmldbc)]: family:1, type:2, protocol:0
[  110.207146] firmadyne: sys_socket[PID: 575 (xmldbc)]: family:1, type:2, protocol:0
[  110.359090] firmadyne: sys_socket[PID: 576 (xmldbc)]: family:1, type:2, protocol:0
[  110.416624] firmadyne: sys_socket[PID: 577 (xmldbc)]: family:1, type:2, protocol:0
[  110.562758] firmadyne: sys_socket[PID: 581 (xmldbc)]: family:1, type:2, protocol:0
[  110.620460] firmadyne: sys_socket[PID: 582 (xmldbc)]: family:1, type:2, protocol:0
[  110.676204] firmadyne: sys_socket[PID: 583 (xmldbc)]: family:1, type:2, protocol:0
[  110.737288] firmadyne: sys_socket[PID: 584 (xmldbc)]: family:1, type:2, protocol:0
[  110.799140] firmadyne: sys_socket[PID: 585 (xmldbc)]: family:1, type:2, protocol:0
[  110.948726] firmadyne: sys_socket[PID: 586 (xmldbc)]: family:1, type:2, protocol:0
[  111.011622] firmadyne: sys_socket[PID: 587 (xmldbc)]: family:1, type:2, protocol:0
[  111.072887] firmadyne: sys_socket[PID: 588 (xmldbc)]: family:1, type:2, protocol:0
[  111.129218] firmadyne: sys_socket[PID: 589 (xmldbc)]: family:1, type:2, protocol:0
[  111.190956] firmadyne: sys_socket[PID: 590 (xmldbc)]: family:1, type:2, protocol:0
[  111.341019] firmadyne: sys_socket[PID: 591 (xmldbc)]: family:1, type:2, protocol:0
[  111.404283] firmadyne: sys_socket[PID: 592 (xmldbc)]: family:1, type:2, protocol:0
[  111.467811] firmadyne: sys_socket[PID: 593 (xmldbc)]: family:1, type:2, protocol:0
[  111.529794] firmadyne: sys_socket[PID: 594 (xmldbc)]: family:1, type:2, protocol:0
[  111.679965] firmadyne: sys_socket[PID: 595 (xmldbc)]: family:1, type:2, protocol:0
[  111.741792] firmadyne: sys_socket[PID: 596 (xmldbc)]: family:1, type:2, protocol:0
[  111.803681] firmadyne: sys_socket[PID: 597 (xmldbc)]: family:1, type:2, protocol:0
[  111.861334] firmadyne: sys_socket[PID: 598 (xmldbc)]: family:1, type:2, protocol:0
[  111.923070] firmadyne: sys_socket[PID: 599 (xmldbc)]: family:1, type:2, protocol:0
[  112.156866] firmadyne: sys_socket[PID: 603 (xmldbc)]: family:1, type:2, protocol:0
[  112.219251] firmadyne: sys_socket[PID: 604 (xmldbc)]: family:1, type:2, protocol:0
[  112.281097] firmadyne: sys_socket[PID: 605 (xmldbc)]: family:1, type:2, protocol:0
[  112.346263] firmadyne: sys_socket[PID: 606 (xmldbc)]: family:1, type:2, protocol:0
[  112.494109] firmadyne: sys_socket[PID: 607 (xmldbc)]: family:1, type:2, protocol:0
[  112.558098] firmadyne: sys_socket[PID: 608 (xmldbc)]: family:1, type:2, protocol:0
[  112.620111] firmadyne: sys_socket[PID: 609 (xmldbc)]: family:1, type:2, protocol:0
[  112.682176] firmadyne: sys_socket[PID: 610 (xmldbc)]: family:1, type:2, protocol:0
[  112.832565] firmadyne: sys_socket[PID: 611 (xmldbc)]: family:1, type:2, protocol:0
[  112.895226] firmadyne: sys_socket[PID: 612 (xmldbc)]: family:1, type:2, protocol:0
[  112.957318] firmadyne: sys_socket[PID: 613 (xmldbc)]: family:1, type:2, protocol:0
[  113.107235] firmadyne: sys_socket[PID: 614 (xmldbc)]: family:1, type:2, protocol:0
[  113.170344] firmadyne: sys_socket[PID: 615 (xmldbc)]: family:1, type:2, protocol:0
[  113.228597] firmadyne: sys_socket[PID: 616 (xmldbc)]: family:1, type:2, protocol:0
[  113.289481] firmadyne: sys_socket[PID: 617 (xmldbc)]: family:1, type:2, protocol:0
[  113.350402] firmadyne: sys_socket[PID: 618 (xmldbc)]: family:1, type:2, protocol:0
[  113.413502] firmadyne: sys_socket[PID: 619 (xmldbc)]: family:1, type:2, protocol:0
[  117.519405] firmadyne: sys_socket[PID: 620 (xmldbc)]: family:1, type:2, protocol:0
[  117.579975] firmadyne: sys_socket[PID: 621 (xmldbc)]: family:1, type:2, protocol:0
[  117.726916] firmadyne: sys_socket[PID: 625 (xmldbc)]: family:1, type:2, protocol:0
[  117.788556] firmadyne: sys_socket[PID: 626 (xmldbc)]: family:1, type:2, protocol:0
[  117.850274] firmadyne: sys_socket[PID: 627 (xmldbc)]: family:1, type:2, protocol:0
[  117.982970] firmadyne: sys_socket[PID: 628 (xmldbc)]: family:1, type:2, protocol:0
[  118.039427] firmadyne: sys_socket[PID: 629 (xmldbc)]: family:1, type:2, protocol:0
[  118.100580] firmadyne: sys_socket[PID: 630 (xmldbc)]: family:1, type:2, protocol:0
[  118.162131] firmadyne: sys_socket[PID: 631 (xmldbc)]: family:1, type:2, protocol:0
[  118.220008] firmadyne: sys_socket[PID: 632 (xmldbc)]: family:1, type:2, protocol:0
[  118.281355] firmadyne: sys_socket[PID: 633 (xmldbc)]: family:1, type:2, protocol:0
[  118.414023] firmadyne: sys_socket[PID: 634 (xmldbc)]: family:1, type:2, protocol:0
[  118.475964] firmadyne: sys_socket[PID: 635 (xmldbc)]: family:1, type:2, protocol:0
[  118.537341] firmadyne: sys_socket[PID: 636 (xmldbc)]: family:1, type:2, protocol:0
[  118.599080] firmadyne: sys_socket[PID: 637 (xmldbc)]: family:1, type:2, protocol:0
[  118.731339] firmadyne: sys_socket[PID: 638 (xmldbc)]: family:1, type:2, protocol:0
[  118.794100] firmadyne: sys_socket[PID: 639 (xmldbc)]: family:1, type:2, protocol:0
[  118.856864] firmadyne: sys_socket[PID: 640 (xmldbc)]: family:1, type:2, protocol:0
[  118.918870] firmadyne: sys_socket[PID: 641 (xmldbc)]: family:1, type:2, protocol:0
[  118.975387] firmadyne: sys_socket[PID: 642 (xmldbc)]: family:1, type:2, protocol:0
[  119.107201] firmadyne: sys_socket[PID: 643 (xmldbc)]: family:1, type:2, protocol:0
[  119.253769] firmadyne: sys_socket[PID: 647 (xmldbc)]: family:1, type:2, protocol:0
[  119.315857] firmadyne: sys_socket[PID: 648 (xmldbc)]: family:1, type:2, protocol:0
[  119.372192] firmadyne: sys_socket[PID: 649 (xmldbc)]: family:1, type:2, protocol:0
[  119.436460] firmadyne: sys_socket[PID: 650 (xmldbc)]: family:1, type:2, protocol:0
[  119.567418] firmadyne: sys_socket[PID: 651 (xmldbc)]: family:1, type:2, protocol:0
[  119.630929] firmadyne: sys_socket[PID: 652 (xmldbc)]: family:1, type:2, protocol:0
[  119.687379] firmadyne: sys_socket[PID: 653 (xmldbc)]: family:1, type:2, protocol:0
[  119.748664] firmadyne: sys_socket[PID: 654 (xmldbc)]: family:1, type:2, protocol:0
[  119.811737] firmadyne: sys_socket[PID: 655 (xmldbc)]: family:1, type:2, protocol:0
[  119.943564] firmadyne: sys_socket[PID: 656 (xmldbc)]: family:1, type:2, protocol:0
[  120.005430] firmadyne: sys_socket[PID: 657 (xmldbc)]: family:1, type:2, protocol:0
[  120.062647] firmadyne: sys_socket[PID: 658 (xmldbc)]: family:1, type:2, protocol:0
[  120.123764] firmadyne: sys_socket[PID: 659 (xmldbc)]: family:1, type:2, protocol:0
[  120.186015] firmadyne: sys_socket[PID: 660 (xmldbc)]: family:1, type:2, protocol:0
[  120.318609] firmadyne: sys_socket[PID: 661 (xmldbc)]: family:1, type:2, protocol:0
[  120.380173] firmadyne: sys_socket[PID: 662 (xmldbc)]: family:1, type:2, protocol:0
[  120.445570] firmadyne: sys_socket[PID: 663 (xmldbc)]: family:1, type:2, protocol:0
[  120.508093] firmadyne: sys_socket[PID: 664 (xmldbc)]: family:1, type:2, protocol:0
[  120.640639] firmadyne: sys_socket[PID: 665 (xmldbc)]: family:1, type:2, protocol:0
[  120.785301] firmadyne: sys_socket[PID: 669 (xmldbc)]: family:1, type:2, protocol:0
[  120.849206] firmadyne: sys_socket[PID: 670 (xmldbc)]: family:1, type:2, protocol:0
[  120.911682] firmadyne: sys_socket[PID: 671 (xmldbc)]: family:1, type:2, protocol:0
[  121.044128] firmadyne: sys_socket[PID: 672 (xmldbc)]: family:1, type:2, protocol:0
[  121.105795] firmadyne: sys_socket[PID: 673 (xmldbc)]: family:1, type:2, protocol:0
[  121.163111] firmadyne: sys_socket[PID: 674 (xmldbc)]: family:1, type:2, protocol:0
[  121.226955] firmadyne: sys_socket[PID: 675 (xmldbc)]: family:1, type:2, protocol:0
[  121.289727] firmadyne: sys_socket[PID: 676 (xmldbc)]: family:1, type:2, protocol:0
[  121.424276] firmadyne: sys_socket[PID: 677 (xmldbc)]: family:1, type:2, protocol:0
[  121.493486] firmadyne: sys_socket[PID: 678 (xmldbc)]: family:1, type:2, protocol:0
[  121.556242] firmadyne: sys_socket[PID: 679 (xmldbc)]: family:1, type:2, protocol:0
[  130.432099] firmadyne: sys_socket[PID: 680 (xmldbc)]: family:1, type:2, protocol:0
[  130.496459] firmadyne: sys_socket[PID: 681 (xmldbc)]: family:1, type:2, protocol:0
[  130.560076] firmadyne: sys_socket[PID: 682 (xmldbc)]: family:1, type:2, protocol:0
[  130.622082] firmadyne: sys_socket[PID: 683 (xmldbc)]: family:1, type:2, protocol:0
[  130.687705] firmadyne: sys_socket[PID: 684 (xmldbc)]: family:1, type:2, protocol:0
[  130.745480] firmadyne: sys_socket[PID: 685 (xmldbc)]: family:1, type:2, protocol:0
[  130.807899] firmadyne: sys_socket[PID: 686 (xmldbc)]: family:1, type:2, protocol:0
[  130.872451] firmadyne: sys_socket[PID: 687 (xmldbc)]: family:1, type:2, protocol:0
[  131.019160] firmadyne: sys_socket[PID: 691 (xmldbc)]: family:1, type:2, protocol:0
[  131.083300] firmadyne: sys_socket[PID: 692 (xmldbc)]: family:1, type:2, protocol:0
[  131.144638] firmadyne: sys_socket[PID: 693 (xmldbc)]: family:1, type:2, protocol:0
[  131.205799] firmadyne: sys_socket[PID: 694 (xmldbc)]: family:1, type:2, protocol:0
[  131.263683] firmadyne: sys_socket[PID: 695 (xmldbc)]: family:1, type:2, protocol:0
[  131.324519] firmadyne: sys_socket[PID: 696 (xmldbc)]: family:1, type:2, protocol:0
[  131.387016] firmadyne: sys_socket[PID: 697 (xmldbc)]: family:1, type:2, protocol:0
[  131.450347] firmadyne: sys_socket[PID: 698 (xmldbc)]: family:1, type:2, protocol:0
[  131.512292] firmadyne: sys_socket[PID: 699 (xmldbc)]: family:1, type:2, protocol:0
[  131.575727] firmadyne: sys_socket[PID: 700 (xmldbc)]: family:1, type:2, protocol:0
[  131.640126] firmadyne: sys_socket[PID: 701 (xmldbc)]: family:1, type:2, protocol:0
[  131.702050] firmadyne: sys_socket[PID: 702 (xmldbc)]: family:1, type:2, protocol:0
[  131.764153] firmadyne: sys_socket[PID: 703 (xmldbc)]: family:1, type:2, protocol:0
[  131.821016] firmadyne: sys_socket[PID: 704 (xmldbc)]: family:1, type:2, protocol:0
[  131.883542] firmadyne: sys_socket[PID: 705 (xmldbc)]: family:1, type:2, protocol:0
[  131.940531] firmadyne: sys_socket[PID: 706 (xmldbc)]: family:1, type:2, protocol:0
[  132.002706] firmadyne: sys_socket[PID: 707 (xmldbc)]: family:1, type:2, protocol:0
[  132.065360] firmadyne: sys_socket[PID: 708 (xmldbc)]: family:1, type:2, protocol:0
[  132.122131] firmadyne: sys_socket[PID: 709 (xmldbc)]: family:1, type:2, protocol:0
[  132.269115] firmadyne: sys_socket[PID: 713 (xmldbc)]: family:1, type:2, protocol:0
[  132.331009] firmadyne: sys_socket[PID: 714 (xmldbc)]: family:1, type:2, protocol:0
[  132.393534] firmadyne: sys_socket[PID: 715 (xmldbc)]: family:1, type:2, protocol:0
[  132.457312] firmadyne: sys_socket[PID: 716 (xmldbc)]: family:1, type:2, protocol:0
[  132.519078] firmadyne: sys_socket[PID: 717 (xmldbc)]: family:1, type:2, protocol:0
[  132.581757] firmadyne: sys_socket[PID: 718 (xmldbc)]: family:1, type:2, protocol:0
[  132.646376] firmadyne: sys_socket[PID: 719 (xmldbc)]: family:1, type:2, protocol:0
[  132.707931] firmadyne: sys_socket[PID: 720 (xmldbc)]: family:1, type:2, protocol:0
[  132.764940] firmadyne: sys_socket[PID: 721 (xmldbc)]: family:1, type:2, protocol:0
[  132.825616] firmadyne: sys_socket[PID: 722 (xmldbc)]: family:1, type:2, protocol:0
[  132.884256] firmadyne: sys_socket[PID: 723 (xmldbc)]: family:1, type:2, protocol:0
[  132.945407] firmadyne: sys_socket[PID: 724 (xmldbc)]: family:1, type:2, protocol:0
[  133.008562] firmadyne: sys_socket[PID: 725 (xmldbc)]: family:1, type:2, protocol:0
[  133.071936] firmadyne: sys_socket[PID: 726 (xmldbc)]: family:1, type:2, protocol:0
[  133.133221] firmadyne: sys_socket[PID: 727 (xmldbc)]: family:1, type:2, protocol:0
[  133.195439] firmadyne: sys_socket[PID: 728 (xmldbc)]: family:1, type:2, protocol:0
[  133.258064] firmadyne: sys_socket[PID: 729 (xmldbc)]: family:1, type:2, protocol:0
[  133.314381] firmadyne: sys_socket[PID: 730 (xmldbc)]: family:1, type:2, protocol:0
[  133.375355] firmadyne: sys_socket[PID: 731 (xmldbc)]: family:1, type:2, protocol:0
[  133.522407] firmadyne: sys_socket[PID: 735 (xmldbc)]: family:1, type:2, protocol:0
[  133.584081] firmadyne: sys_socket[PID: 736 (xmldbc)]: family:1, type:2, protocol:0
[  133.675768] firmadyne: sys_socket[PID: 737 (xmldbc)]: family:1, type:2, protocol:0
[  133.760253] firmadyne: sys_socket[PID: 738 (xmldbc)]: family:1, type:2, protocol:0
[  133.821711] firmadyne: sys_socket[PID: 739 (xmldbc)]: family:1, type:2, protocol:0
[  133.884880] firmadyne: sys_socket[PID: 740 (xmldbc)]: family:1, type:2, protocol:0
[  133.947393] firmadyne: sys_socket[PID: 741 (xmldbc)]: family:1, type:2, protocol:0
[  134.008115] firmadyne: sys_socket[PID: 742 (xmldbc)]: family:1, type:2, protocol:0
[  134.069771] firmadyne: sys_socket[PID: 743 (xmldbc)]: family:1, type:2, protocol:0
[  134.132015] firmadyne: sys_socket[PID: 744 (xmldbc)]: family:1, type:2, protocol:0
[  134.193379] firmadyne: sys_socket[PID: 745 (xmldbc)]: family:1, type:2, protocol:0
[  134.256725] firmadyne: sys_socket[PID: 746 (xmldbc)]: family:1, type:2, protocol:0
[  134.318930] firmadyne: sys_socket[PID: 747 (xmldbc)]: family:1, type:2, protocol:0
[  134.380331] firmadyne: sys_socket[PID: 748 (xmldbc)]: family:1, type:2, protocol:0
[  134.443715] firmadyne: sys_socket[PID: 749 (xmldbc)]: family:1, type:2, protocol:0
[  134.505055] firmadyne: sys_socket[PID: 750 (xmldbc)]: family:1, type:2, protocol:0
[  134.566739] firmadyne: sys_socket[PID: 751 (xmldbc)]: family:1, type:2, protocol:0
[  134.632829] firmadyne: sys_socket[PID: 752 (xmldbc)]: family:1, type:2, protocol:0
[  134.695048] firmadyne: sys_socket[PID: 753 (xmldbc)]: family:1, type:2, protocol:0
[  134.853022] firmadyne: sys_socket[PID: 757 (xmldbc)]: family:1, type:2, protocol:0
[  134.914118] firmadyne: sys_socket[PID: 758 (xmldbc)]: family:1, type:2, protocol:0
[  134.975013] firmadyne: sys_socket[PID: 759 (xmldbc)]: family:1, type:2, protocol:0
[  135.037247] firmadyne: sys_socket[PID: 760 (xmldbc)]: family:1, type:2, protocol:0
[  135.098836] firmadyne: sys_socket[PID: 761 (xmldbc)]: family:1, type:2, protocol:0
[  135.159958] firmadyne: sys_socket[PID: 762 (xmldbc)]: family:1, type:2, protocol:0
[  135.220842] firmadyne: sys_socket[PID: 763 (xmldbc)]: family:1, type:2, protocol:0
[  135.282990] firmadyne: sys_socket[PID: 764 (xmldbc)]: family:1, type:2, protocol:0
[  135.343905] firmadyne: sys_socket[PID: 765 (xmldbc)]: family:1, type:2, protocol:0
[  135.404625] firmadyne: sys_socket[PID: 766 (xmldbc)]: family:1, type:2, protocol:0
[  135.467573] firmadyne: sys_socket[PID: 767 (xmldbc)]: family:1, type:2, protocol:0
[  135.529425] firmadyne: sys_socket[PID: 768 (xmldbc)]: family:1, type:2, protocol:0
[  135.592017] firmadyne: sys_socket[PID: 769 (xmldbc)]: family:1, type:2, protocol:0
[  135.657342] firmadyne: sys_socket[PID: 770 (xmldbc)]: family:1, type:2, protocol:0
[  135.721016] firmadyne: sys_socket[PID: 771 (xmldbc)]: family:1, type:2, protocol:0
[  135.783652] firmadyne: sys_socket[PID: 772 (xmldbc)]: family:1, type:2, protocol:0
[  135.847140] firmadyne: sys_socket[PID: 773 (xmldbc)]: family:1, type:2, protocol:0
[  135.908063] firmadyne: sys_socket[PID: 774 (xmldbc)]: family:1, type:2, protocol:0
[  135.969353] firmadyne: sys_socket[PID: 775 (xmldbc)]: family:1, type:2, protocol:0
[  136.114950] firmadyne: sys_socket[PID: 779 (xmldbc)]: family:1, type:2, protocol:0
[  136.175366] firmadyne: sys_socket[PID: 780 (xmldbc)]: family:1, type:2, protocol:0
[  136.238610] firmadyne: sys_socket[PID: 781 (xmldbc)]: family:1, type:2, protocol:0
[  136.300112] firmadyne: sys_socket[PID: 782 (xmldbc)]: family:1, type:2, protocol:0
[  136.360302] firmadyne: sys_socket[PID: 783 (xmldbc)]: family:1, type:2, protocol:0
[  136.421346] firmadyne: sys_socket[PID: 784 (xmldbc)]: family:1, type:2, protocol:0
[  136.483305] firmadyne: sys_socket[PID: 785 (xmldbc)]: family:1, type:2, protocol:0
[  136.543906] firmadyne: sys_socket[PID: 786 (xmldbc)]: family:1, type:2, protocol:0
[  136.605352] firmadyne: sys_socket[PID: 787 (xmldbc)]: family:1, type:2, protocol:0
[  136.670418] firmadyne: sys_socket[PID: 788 (xmldbc)]: family:1, type:2, protocol:0
[  136.732076] firmadyne: sys_socket[PID: 789 (xmldbc)]: family:1, type:2, protocol:0
[  136.793667] firmadyne: sys_socket[PID: 790 (xmldbc)]: family:1, type:2, protocol:0
[  136.856816] firmadyne: sys_socket[PID: 791 (xmldbc)]: family:1, type:2, protocol:0
[  136.917332] firmadyne: sys_socket[PID: 792 (xmldbc)]: family:1, type:2, protocol:0
[  136.978437] firmadyne: sys_socket[PID: 793 (xmldbc)]: family:1, type:2, protocol:0
[  137.040576] firmadyne: sys_socket[PID: 794 (xmldbc)]: family:1, type:2, protocol:0
[  137.101647] firmadyne: sys_socket[PID: 795 (xmldbc)]: family:1, type:2, protocol:0
[  137.162103] firmadyne: sys_socket[PID: 796 (xmldbc)]: family:1, type:2, protocol:0
[  137.223363] firmadyne: sys_socket[PID: 797 (xmldbc)]: family:1, type:2, protocol:0
[  137.368321] firmadyne: sys_socket[PID: 801 (xmldbc)]: family:1, type:2, protocol:0
[  137.430581] firmadyne: sys_socket[PID: 802 (xmldbc)]: family:1, type:2, protocol:0
[  137.491471] firmadyne: sys_socket[PID: 803 (xmldbc)]: family:1, type:2, protocol:0
[  137.551593] firmadyne: sys_socket[PID: 804 (xmldbc)]: family:1, type:2, protocol:0
[  137.612762] firmadyne: sys_socket[PID: 805 (xmldbc)]: family:1, type:2, protocol:0
[  137.682618] firmadyne: sys_socket[PID: 806 (xmldbc)]: family:1, type:2, protocol:0
[  137.743794] firmadyne: sys_socket[PID: 807 (xmldbc)]: family:1, type:2, protocol:0
[  137.805032] firmadyne: sys_socket[PID: 808 (xmldbc)]: family:1, type:2, protocol:0
[  137.867814] firmadyne: sys_socket[PID: 809 (xmldbc)]: family:1, type:2, protocol:0
[  137.929660] firmadyne: sys_socket[PID: 810 (xmldbc)]: family:1, type:2, protocol:0
[  137.992046] firmadyne: sys_socket[PID: 811 (xmldbc)]: family:1, type:2, protocol:0
[  138.055863] firmadyne: sys_socket[PID: 812 (xmldbc)]: family:1, type:2, protocol:0
[  138.118350] firmadyne: sys_socket[PID: 813 (xmldbc)]: family:1, type:2, protocol:0
[  138.179416] firmadyne: sys_socket[PID: 814 (xmldbc)]: family:1, type:2, protocol:0
[  138.241430] firmadyne: sys_socket[PID: 815 (xmldbc)]: family:1, type:2, protocol:0
[  138.302714] firmadyne: sys_socket[PID: 816 (xmldbc)]: family:1, type:2, protocol:0
[  138.363913] firmadyne: sys_socket[PID: 817 (xmldbc)]: family:1, type:2, protocol:0
[  138.429753] firmadyne: sys_socket[PID: 818 (xmldbc)]: family:1, type:2, protocol:0
[  138.492001] firmadyne: sys_socket[PID: 819 (xmldbc)]: family:1, type:2, protocol:0
[  138.638704] firmadyne: sys_socket[PID: 823 (xmldbc)]: family:1, type:2, protocol:0
[  138.701497] firmadyne: sys_socket[PID: 824 (xmldbc)]: family:1, type:2, protocol:0
[  138.762967] firmadyne: sys_socket[PID: 825 (xmldbc)]: family:1, type:2, protocol:0
[  138.824203] firmadyne: sys_socket[PID: 826 (xmldbc)]: family:1, type:2, protocol:0
[  138.887782] firmadyne: sys_socket[PID: 827 (xmldbc)]: family:1, type:2, protocol:0
[  138.948856] firmadyne: sys_socket[PID: 828 (xmldbc)]: family:1, type:2, protocol:0
[  139.009258] firmadyne: sys_socket[PID: 829 (xmldbc)]: family:1, type:2, protocol:0
[  139.071907] firmadyne: sys_socket[PID: 830 (xmldbc)]: family:1, type:2, protocol:0
[  139.133262] firmadyne: sys_socket[PID: 831 (xmldbc)]: family:1, type:2, protocol:0
[  139.194706] firmadyne: sys_socket[PID: 832 (xmldbc)]: family:1, type:2, protocol:0
[  139.258175] firmadyne: sys_socket[PID: 833 (xmldbc)]: family:1, type:2, protocol:0
[  139.319826] firmadyne: sys_socket[PID: 834 (xmldbc)]: family:1, type:2, protocol:0
[  139.381186] firmadyne: sys_socket[PID: 835 (xmldbc)]: family:1, type:2, protocol:0
[  139.444570] firmadyne: sys_socket[PID: 836 (xmldbc)]: family:1, type:2, protocol:0
[  139.506534] firmadyne: sys_socket[PID: 837 (xmldbc)]: family:1, type:2, protocol:0
[  139.567431] firmadyne: sys_socket[PID: 838 (xmldbc)]: family:1, type:2, protocol:0
[  139.629598] firmadyne: sys_socket[PID: 839 (xmldbc)]: family:1, type:2, protocol:0
[  139.693230] firmadyne: sys_socket[PID: 840 (xmldbc)]: family:1, type:2, protocol:0
[  139.754942] firmadyne: sys_socket[PID: 841 (xmldbc)]: family:1, type:2, protocol:0
[  139.900718] firmadyne: sys_socket[PID: 845 (xmldbc)]: family:1, type:2, protocol:0
[  139.962076] firmadyne: sys_socket[PID: 846 (xmldbc)]: family:1, type:2, protocol:0
[  140.023240] firmadyne: sys_socket[PID: 847 (xmldbc)]: family:1, type:2, protocol:0
[  140.085124] firmadyne: sys_socket[PID: 848 (xmldbc)]: family:1, type:2, protocol:0
[  140.146761] firmadyne: sys_socket[PID: 849 (xmldbc)]: family:1, type:2, protocol:0
[  140.208021] firmadyne: sys_socket[PID: 850 (xmldbc)]: family:1, type:2, protocol:0
[  140.271135] firmadyne: sys_socket[PID: 851 (xmldbc)]: family:1, type:2, protocol:0
[  140.332322] firmadyne: sys_socket[PID: 852 (xmldbc)]: family:1, type:2, protocol:0
[  140.393378] firmadyne: sys_socket[PID: 853 (xmldbc)]: family:1, type:2, protocol:0
[  140.456169] firmadyne: sys_socket[PID: 854 (xmldbc)]: family:1, type:2, protocol:0
[  140.517613] firmadyne: sys_socket[PID: 855 (xmldbc)]: family:1, type:2, protocol:0
[  140.579235] firmadyne: sys_socket[PID: 856 (xmldbc)]: family:1, type:2, protocol:0
[  140.641701] firmadyne: sys_socket[PID: 857 (xmldbc)]: family:1, type:2, protocol:0
[  140.704411] firmadyne: sys_socket[PID: 858 (xmldbc)]: family:1, type:2, protocol:0
[  140.766511] firmadyne: sys_socket[PID: 859 (xmldbc)]: family:1, type:2, protocol:0
[  140.829160] firmadyne: sys_socket[PID: 860 (xmldbc)]: family:1, type:2, protocol:0
[  140.891639] firmadyne: sys_socket[PID: 861 (xmldbc)]: family:1, type:2, protocol:0
[  140.952624] firmadyne: sys_socket[PID: 862 (xmldbc)]: family:1, type:2, protocol:0
[  141.013265] firmadyne: sys_socket[PID: 863 (xmldbc)]: family:1, type:2, protocol:0
[  141.159241] firmadyne: sys_socket[PID: 867 (xmldbc)]: family:1, type:2, protocol:0
[  141.220094] firmadyne: sys_socket[PID: 868 (xmldbc)]: family:1, type:2, protocol:0
[  141.283358] firmadyne: sys_socket[PID: 869 (xmldbc)]: family:1, type:2, protocol:0
[  141.344651] firmadyne: sys_socket[PID: 870 (xmldbc)]: family:1, type:2, protocol:0
[  141.400516] firmadyne: sys_socket[PID: 871 (xmldbc)]: family:1, type:2, protocol:0
[  141.464025] firmadyne: sys_socket[PID: 872 (xmldbc)]: family:1, type:2, protocol:0
[  141.525709] firmadyne: sys_socket[PID: 873 (xmldbc)]: family:1, type:2, protocol:0
[  141.588051] firmadyne: sys_socket[PID: 874 (xmldbc)]: family:1, type:2, protocol:0
[  141.651657] firmadyne: sys_socket[PID: 875 (xmldbc)]: family:1, type:2, protocol:0
[  141.715566] firmadyne: sys_socket[PID: 876 (xmldbc)]: family:1, type:2, protocol:0
[  141.772689] firmadyne: sys_socket[PID: 877 (xmldbc)]: family:1, type:2, protocol:0
[  141.830535] firmadyne: sys_socket[PID: 878 (xmldbc)]: family:1, type:2, protocol:0
[  141.893187] firmadyne: sys_socket[PID: 879 (xmldbc)]: family:1, type:2, protocol:0
[  141.955983] firmadyne: sys_socket[PID: 880 (xmldbc)]: family:1, type:2, protocol:0
[  142.017198] firmadyne: sys_socket[PID: 881 (xmldbc)]: family:1, type:2, protocol:0
[  142.079763] firmadyne: sys_socket[PID: 882 (xmldbc)]: family:1, type:2, protocol:0
[  142.141602] firmadyne: sys_socket[PID: 883 (xmldbc)]: family:1, type:2, protocol:0
[  142.203943] firmadyne: sys_socket[PID: 884 (xmldbc)]: family:1, type:2, protocol:0
[  142.267752] firmadyne: sys_socket[PID: 885 (xmldbc)]: family:1, type:2, protocol:0
[  142.415206] firmadyne: sys_socket[PID: 889 (xmldbc)]: family:1, type:2, protocol:0
[  142.477998] firmadyne: sys_socket[PID: 890 (xmldbc)]: family:1, type:2, protocol:0
[  142.539400] firmadyne: sys_socket[PID: 891 (xmldbc)]: family:1, type:2, protocol:0
[  142.600526] firmadyne: sys_socket[PID: 892 (xmldbc)]: family:1, type:2, protocol:0
[  142.663153] firmadyne: sys_socket[PID: 893 (xmldbc)]: family:1, type:2, protocol:0
[  142.723797] firmadyne: sys_socket[PID: 894 (xmldbc)]: family:1, type:2, protocol:0
[  142.785694] firmadyne: sys_socket[PID: 895 (xmldbc)]: family:1, type:2, protocol:0
[  142.849284] firmadyne: sys_socket[PID: 896 (xmldbc)]: family:1, type:2, protocol:0
[  142.911137] firmadyne: sys_socket[PID: 897 (xmldbc)]: family:1, type:2, protocol:0
[  142.971853] firmadyne: sys_socket[PID: 898 (xmldbc)]: family:1, type:2, protocol:0
[  143.033642] firmadyne: sys_socket[PID: 899 (xmldbc)]: family:1, type:2, protocol:0
[  143.095638] firmadyne: sys_socket[PID: 900 (xmldbc)]: family:1, type:2, protocol:0
[  143.157483] firmadyne: sys_socket[PID: 901 (xmldbc)]: family:1, type:2, protocol:0
[  143.218940] firmadyne: sys_socket[PID: 902 (xmldbc)]: family:1, type:2, protocol:0
[  143.281204] firmadyne: sys_socket[PID: 903 (xmldbc)]: family:1, type:2, protocol:0
[  143.343845] firmadyne: sys_socket[PID: 904 (xmldbc)]: family:1, type:2, protocol:0
[  143.405040] firmadyne: sys_socket[PID: 905 (xmldbc)]: family:1, type:2, protocol:0
[  143.467350] firmadyne: sys_socket[PID: 906 (xmldbc)]: family:1, type:2, protocol:0
[  143.528388] firmadyne: sys_socket[PID: 907 (xmldbc)]: family:1, type:2, protocol:0
[  143.675622] firmadyne: sys_socket[PID: 911 (xmldbc)]: family:1, type:2, protocol:0
[  143.738203] firmadyne: sys_socket[PID: 912 (xmldbc)]: family:1, type:2, protocol:0
[  143.799076] firmadyne: sys_socket[PID: 913 (xmldbc)]: family:1, type:2, protocol:0
[  143.862041] firmadyne: sys_socket[PID: 914 (xmldbc)]: family:1, type:2, protocol:0
[  143.924013] firmadyne: sys_socket[PID: 915 (xmldbc)]: family:1, type:2, protocol:0
[  143.985330] firmadyne: sys_socket[PID: 916 (xmldbc)]: family:1, type:2, protocol:0
[  144.053053] firmadyne: sys_socket[PID: 917 (xmldbc)]: family:1, type:2, protocol:0
[  144.116134] firmadyne: sys_socket[PID: 918 (xmldbc)]: family:1, type:2, protocol:0
[  144.177758] firmadyne: sys_socket[PID: 919 (xmldbc)]: family:1, type:2, protocol:0
[  144.242097] firmadyne: sys_socket[PID: 920 (xmldbc)]: family:1, type:2, protocol:0
[  144.303340] firmadyne: sys_socket[PID: 921 (xmldbc)]: family:1, type:2, protocol:0
[  144.364096] firmadyne: sys_socket[PID: 922 (xmldbc)]: family:1, type:2, protocol:0
[  144.419882] firmadyne: sys_socket[PID: 923 (xmldbc)]: family:1, type:2, protocol:0
[  144.483511] firmadyne: sys_socket[PID: 924 (xmldbc)]: family:1, type:2, protocol:0
[  144.546134] firmadyne: sys_socket[PID: 925 (xmldbc)]: family:1, type:2, protocol:0
[  144.608494] firmadyne: sys_socket[PID: 926 (xmldbc)]: family:1, type:2, protocol:0
[  144.671708] firmadyne: sys_socket[PID: 927 (xmldbc)]: family:1, type:2, protocol:0
[  144.733269] firmadyne: sys_socket[PID: 928 (xmldbc)]: family:1, type:2, protocol:0
[  144.796074] firmadyne: sys_socket[PID: 929 (xmldbc)]: family:1, type:2, protocol:0
[  144.987440] firmadyne: sys_socket[PID: 934 (xmldbc)]: family:1, type:2, protocol:0
[  145.049415] firmadyne: sys_socket[PID: 935 (xmldbc)]: family:1, type:2, protocol:0
[  145.111438] firmadyne: sys_socket[PID: 936 (xmldbc)]: family:1, type:2, protocol:0
[  145.168073] firmadyne: sys_socket[PID: 937 (xmldbc)]: family:1, type:2, protocol:0
[  145.231073] firmadyne: sys_socket[PID: 938 (xmldbc)]: family:1, type:2, protocol:0
[  145.292996] firmadyne: sys_socket[PID: 939 (xmldbc)]: family:1, type:2, protocol:0
[  145.439283] firmadyne: sys_socket[PID: 943 (xmldbc)]: family:1, type:2, protocol:0
[  145.499161] firmadyne: sys_socket[PID: 944 (xmldbc)]: family:1, type:2, protocol:0
[  145.555157] firmadyne: sys_socket[PID: 945 (xmldbc)]: family:1, type:2, protocol:0
[  145.615641] firmadyne: sys_socket[PID: 946 (xmldbc)]: family:1, type:2, protocol:0
[  145.678841] firmadyne: sys_socket[PID: 947 (xmldbc)]: family:1, type:2, protocol:0
[  145.740395] firmadyne: sys_socket[PID: 948 (xmldbc)]: family:1, type:2, protocol:0
[  145.938386] firmadyne: sys_socket[PID: 953 (xmldbc)]: family:1, type:2, protocol:0
[  146.080236] firmadyne: sys_socket[PID: 957 (xmldbc)]: family:1, type:2, protocol:0
[  146.224036] firmadyne: sys_socket[PID: 961 (xmldbc)]: family:1, type:2, protocol:0
[  146.369431] firmadyne: sys_socket[PID: 965 (xmldbc)]: family:1, type:2, protocol:0
[  146.515376] firmadyne: sys_socket[PID: 969 (xmldbc)]: family:1, type:2, protocol:0
[  146.660581] firmadyne: sys_socket[PID: 973 (xmldbc)]: family:1, type:2, protocol:0
[  146.806381] firmadyne: sys_socket[PID: 977 (xmldbc)]: family:1, type:2, protocol:0
[  146.952240] firmadyne: sys_socket[PID: 981 (xmldbc)]: family:1, type:2, protocol:0
[  147.097489] firmadyne: sys_socket[PID: 985 (xmldbc)]: family:1, type:2, protocol:0
[  147.244297] firmadyne: sys_socket[PID: 989 (xmldbc)]: family:1, type:2, protocol:0
[  147.387888] firmadyne: sys_socket[PID: 993 (xmldbc)]: family:1, type:2, protocol:0
[  147.530617] firmadyne: sys_socket[PID: 997 (xmldbc)]: family:1, type:2, protocol:0
[  147.672606] firmadyne: sys_socket[PID: 1001 (xmldbc)]: family:1, type:2, protocol:0
[  147.813378] firmadyne: sys_socket[PID: 1005 (xmldbc)]: family:1, type:2, protocol:0
[  147.954934] firmadyne: sys_socket[PID: 1009 (xmldbc)]: family:1, type:2, protocol:0
[  148.098786] firmadyne: sys_socket[PID: 1013 (xmldbc)]: family:1, type:2, protocol:0
[  148.241742] firmadyne: sys_socket[PID: 1017 (xmldbc)]: family:1, type:2, protocol:0
[  148.380076] firmadyne: sys_socket[PID: 1021 (xmldbc)]: family:1, type:2, protocol:0
[  148.519521] firmadyne: sys_socket[PID: 1025 (xmldbc)]: family:1, type:2, protocol:0
[  148.659208] firmadyne: sys_socket[PID: 1029 (xmldbc)]: family:1, type:2, protocol:0
[  148.796724] firmadyne: sys_socket[PID: 1033 (xmldbc)]: family:1, type:2, protocol:0
[  148.942012] firmadyne: sys_socket[PID: 1037 (xmldbc)]: family:1, type:2, protocol:0
[  149.084149] firmadyne: sys_socket[PID: 1041 (xmldbc)]: family:1, type:2, protocol:0
[  149.224023] firmadyne: sys_socket[PID: 1045 (xmldbc)]: family:1, type:2, protocol:0
[  149.363143] firmadyne: sys_socket[PID: 1049 (xmldbc)]: family:1, type:2, protocol:0
[  149.503059] firmadyne: sys_socket[PID: 1053 (xmldbc)]: family:1, type:2, protocol:0
[  149.644240] firmadyne: sys_socket[PID: 1057 (xmldbc)]: family:1, type:2, protocol:0
[  149.784506] firmadyne: sys_socket[PID: 1061 (xmldbc)]: family:1, type:2, protocol:0
[  149.928585] firmadyne: sys_socket[PID: 1065 (xmldbc)]: family:1, type:2, protocol:0
[  150.071104] firmadyne: sys_socket[PID: 1069 (xmldbc)]: family:1, type:2, protocol:0
[  150.210450] firmadyne: sys_socket[PID: 1073 (xmldbc)]: family:1, type:2, protocol:0
[  150.349425] firmadyne: sys_socket[PID: 1077 (xmldbc)]: family:1, type:2, protocol:0
[  150.490893] firmadyne: sys_socket[PID: 1081 (xmldbc)]: family:1, type:2, protocol:0
[  150.549077] firmadyne: sys_socket[PID: 1082 (xmldbc)]: family:1, type:2, protocol:0
[  150.608314] firmadyne: sys_socket[PID: 1083 (xmldbc)]: family:1, type:2, protocol:0
[  150.667390] firmadyne: sys_socket[PID: 1084 (xmldbc)]: family:1, type:2, protocol:0
[  150.725718] firmadyne: sys_socket[PID: 1085 (xmldbc)]: family:1, type:2, protocol:0
[  150.784090] firmadyne: sys_socket[PID: 1086 (xmldbc)]: family:1, type:2, protocol:0
[  150.847873] firmadyne: sys_socket[PID: 1087 (xmldbc)]: family:1, type:2, protocol:0
[  150.909304] firmadyne: sys_socket[PID: 1088 (xmldbc)]: family:1, type:2, protocol:0
[  150.970137] firmadyne: sys_socket[PID: 1089 (xmldbc)]: family:1, type:2, protocol:0
PHP [/etc/defnodes/S11setnodes.php] ...
[  151.095684] firmadyne: sys_socket[PID: 1092 (rgdb)]: family:1, type:2, protocol:0
PHP [/etc/defnodes/S12features.php] ...
[  151.979809] firmadyne: sys_socket[PID: 1105 (rgdb)]: family:1, type:2, protocol:0
PHP [/etc/defnodes/S13flashspeed.php] ...
[  152.116482] firmadyne: sys_socket[PID: 1108 (rgdb)]: family:1, type:2, protocol:0
PHP [/etc/defnodes/S20setnodes.php] ...
[  152.379692] firmadyne: sys_socket[PID: 1113 (rgdb)]: family:1, type:2, protocol:0
[  152.851935] UDF-fs: warning (device mtdblock4): udf_fill_super: No partition found (2)
mount: mounting /dev/mtdblock/4 on /www/locale/alt failed: Invalid argument
PHP [/etc/defnodes/S40brand.php] ...
[  152.967384] firmadyne: sys_socket[PID: 1125 (rgdb)]: family:1, type:2, protocol:0
[/etc/scripts/misc/defnodes.sh] Done !!
[/etc/scripts/misc/profile.sh] put ...
[  153.667810] firmadyne: sys_socket[PID: 1133 (rgdb)]: family:1, type:2, protocol:0
ok
[  154.710743] firmadyne: sys_socket[PID: 1139 (rgdb)]: family:1, type:2, protocol:0
[  154.787341] firmadyne: sys_socket[PID: 1141 (rgdb)]: family:1, type:2, protocol:0
[/etc/templates/timezone.sh] ...
[  154.971373] firmadyne: sys_socket[PID: 1146 (rgdb)]: family:1, type:2, protocol:0
[  155.171794] firmadyne: sys_socket[PID: 1151 (rgdb)]: family:1, type:2, protocol:0
[  159.322354] firmadyne: sys_socket[PID: 1155 (rgdb)]: family:1, type:2, protocol:0
[  159.403997] firmadyne: sys_socket[PID: 1157 (rgdb)]: family:1, type:2, protocol:0
[  159.489522] firmadyne: sys_socket[PID: 1159 (rgdb)]: family:1, type:2, protocol:0
[  159.574308] firmadyne: sys_socket[PID: 1161 (rgdb)]: family:1, type:2, protocol:0
[  159.660720] firmadyne: sys_socket[PID: 1163 (rgdb)]: family:1, type:2, protocol:0
[  159.746030] firmadyne: sys_socket[PID: 1165 (rgdb)]: family:1, type:2, protocol:0
[  159.832612] firmadyne: sys_socket[PID: 1167 (rgdb)]: family:1, type:2, protocol:0
[  159.918895] firmadyne: sys_socket[PID: 1169 (rgdb)]: family:1, type:2, protocol:0
[  160.006857] firmadyne: sys_socket[PID: 1171 (rgdb)]: family:1, type:2, protocol:0
[  160.096344] firmadyne: sys_socket[PID: 1173 (rgdb)]: family:1, type:2, protocol:0
[  160.184098] firmadyne: sys_socket[PID: 1175 (rgdb)]: family:1, type:2, protocol:0
[/etc/templates/logs.sh] ...
[  161.201015] firmadyne: sys_socket[PID: 1203 (rgdb)]: family:1, type:2, protocol:0
[  161.303802] firmadyne: sys_socket[PID: 1205 (rgdb)]: family:1, type:2, protocol:0
[/var/run/logs_run.sh] ...
[  161.923757] firmadyne: sys_socket[PID: 1210 (syslogd)]: family:1, type:1, protocol:0
[  162.097289] firmadyne: sys_socket[PID: 1215 (rgdb)]: family:1, type:2, protocol:0
[  162.311394] firmadyne: sys_socket[PID: 1219 (ifconfig)]: family:2, type:1, protocol:0
[  162.343092] 8021q: adding VLAN 0 to HW filter on device eth0
[  162.349516] e1000: eth0 NIC Link is Up 1000 Mbps Full Duplex, Flow Control: RX
[  165.456188] firmadyne: sys_socket[PID: 1221 (rgdb)]: family:1, type:2, protocol:0
[  165.799142] firmadyne: sys_socket[PID: 1233 (rgdb)]: family:1, type:2, protocol:0
[  165.997272] firmadyne: sys_socket[PID: 1239 (rgdb)]: family:1, type:2, protocol:0
[  166.024199] firmadyne: sys_socket[PID: 1240 (ifconfig)]: family:2, type:1, protocol:0
[  166.026994] firmadyne: __inet_insert_ifa[PID: 1240 (ifconfig)]: device:lo ifa:0x7f000001
[  166.090157] firmadyne: sys_socket[PID: 1241 (brctl)]: family:2, type:2, protocol:0
[  166.200765] firmadyne: sys_socket[PID: 1244 (brctl)]: family:2, type:2, protocol:0
[  166.204919] firmadyne: sys_socket[PID: 1244 (brctl)]: family:10, type:1, protocol:0
[  166.263496] firmadyne: sys_socket[PID: 1245 (brctl)]: family:2, type:2, protocol:0
[  166.267637] firmadyne: sys_socket[PID: 1245 (brctl)]: family:10, type:1, protocol:0
[/etc/init.d/S03config.sh] done!
[/etc/init.d/S10system.sh]
start Layout ...
[/etc/scripts/layout.sh] start ...
[  166.654095] firmadyne: sys_socket[PID: 1255 (rgdb)]: family:1, type:2, protocol:0
[  166.793172] firmadyne: sys_socket[PID: 1256 (rgdb)]: family:1, type:2, protocol:0
[/var/run/layout_start.sh] ...
Start bridge layout ...
[  166.963691] firmadyne: sys_socket[PID: 1260 (ifconfig)]: family:2, type:1, protocol:0
[  167.015033] firmadyne: sys_socket[PID: 1261 (brctl)]: family:2, type:2, protocol:0
[  167.019513] firmadyne: sys_socket[PID: 1261 (brctl)]: family:10, type:1, protocol:0
[  167.023362] firmadyne: sys_socket[PID: 1261 (brctl)]: family:10, type:1, protocol:0
[  167.025165] firmadyne: br_add_if[PID: 1261 (brctl)]: br:br0 dev:eth0
[  167.032389] device eth0 entered promiscuous mode
[  167.136091] firmadyne: sys_socket[PID: 1264 (xmldbc)]: family:1, type:2, protocol:0
[  167.228824] firmadyne: sys_socket[PID: 1267 (ifconfig)]: family:2, type:1, protocol:0
[  167.231104] br0: port 1(eth0) entered forwarding state
[  167.232120] br0: port 1(eth0) entered forwarding state
[  167.285282] firmadyne: sys_socket[PID: 1268 (rgdb)]: family:1, type:2, protocol:0
start LAN ...
[/etc/templates/lan.sh] ...
[  167.457737] firmadyne: sys_socket[PID: 1273 (rgdb)]: family:1, type:2, protocol:0
[  167.618960] firmadyne: sys_socket[PID: 1276 (rgdb)]: family:1, type:2, protocol:0
[  167.738486] firmadyne: sys_socket[PID: 1277 (rgdb)]: family:1, type:2, protocol:0
[/var/run/lan_start.sh] ...
Bridge mode selected, LAN is disabled !
start web server ...
[/etc/templates/webs.sh] start ...
[  168.054156] firmadyne: sys_socket[PID: 1285 (rgdb)]: family:1, type:2, protocol:0
[  168.147698] firmadyne: sys_socket[PID: 1287 (rgdb)]: family:1, type:2, protocol:0
[  168.305325] firmadyne: sys_socket[PID: 1290 (rgdb)]: family:1, type:2, protocol:0
[  168.473639] firmadyne: sys_socket[PID: 1291 (rgdb)]: family:1, type:2, protocol:0
[/var/run/webs_start.sh] ...
Starting HTTPD ...
start eth0 vlan setup ...
/etc/scripts/eth_vlan.sh: not found
[  168.895116] firmadyne: sys_socket[PID: 1301 (rgdb)]: family:1, type:2, protocol:0
[  168.928902] firmadyne: sys_socket[PID: 1302 (rgdb)]: family:1, type:2, protocol:0
[  169.158282] firmadyne: sys_socket[PID: 1303 (rgdb)]: family:1, type:2, protocol:0
#!/bin/sh
echo [$0] ... > /dev/console

# limitedadmin.php <<<

limitedadmin.sh...
[  169.491561] firmadyne: sys_socket[PID: 1307 (brctl)]: family:2, type:2, protocol:0
[  169.499444] firmadyne: sys_socket[PID: 1307 (brctl)]: family:10, type:1, protocol:0
[  169.604079] firmadyne: sys_socket[PID: 1308 (brctl)]: family:2, type:2, protocol:0
[  169.611605] firmadyne: sys_socket[PID: 1308 (brctl)]: family:10, type:1, protocol:0
[  169.722173] firmadyne: sys_socket[PID: 1309 (brctl)]: family:2, type:2, protocol:0
[  169.725233] firmadyne: sys_socket[PID: 1309 (brctl)]: family:10, type:1, protocol:0
[  169.834641] firmadyne: sys_socket[PID: 1310 (brctl)]: family:2, type:2, protocol:0
[  169.842296] firmadyne: sys_socket[PID: 1310 (brctl)]: family:10, type:1, protocol:0
[  169.945077] firmadyne: sys_socket[PID: 1311 (brctl)]: family:2, type:2, protocol:0
[  169.952872] firmadyne: sys_socket[PID: 1311 (brctl)]: family:10, type:1, protocol:0
[  170.066933] firmadyne: sys_socket[PID: 1312 (brctl)]: family:2, type:2, protocol:0
[  170.074591] firmadyne: sys_socket[PID: 1312 (brctl)]: family:10, type:1, protocol:0
start fresetd ...
enable LAN ports ...
[  170.336648] firmadyne: sys_socket[PID: 1314 (servd)]: family:1, type:2, protocol:0
Factory reset time : 5 secs
System reset time  : 1 secs
WPS command : [/etc/templates/wps.sh pbc &]
[  170.479053] firmadyne: sys_socket[PID: 1305 (httpd)]: family:10, type:2, protocol:6
[  170.480366] firmadyne: sys_setsockopt[PID: 1305 (httpd)]: fd:4, level:65535, optname:4
[/etc/scripts/enlan.sh] ...
/dev/gpio: No such device or address
[  170.528980] firmadyne: sys_socket[PID: 1317 (fresetd)]: family:1, type:1, protocol:0
 Generate channel table according to the country code...
[  170.695321] firmadyne: sys_socket[PID: 1327 (httpd)]: family:1, type:1, protocol:0
[  170.728308] firmadyne: sys_socket[PID: 1330 (genchanneltable)]: family:1, type:2, protocol:0
[  170.748185] firmadyne: sys_socket[PID: 1330 (genchanneltable)]: family:1, type:2, protocol:0
[  170.753732] firmadyne: sys_socket[PID: 1330 (genchanneltable)]: family:1, type:2, protocol:0
[  170.774318] firmadyne: sys_socket[PID: 1331 (getsys)]: family:1, type:2, protocol:0
UNKNOW country code!! Use USA for default!!
[  170.880907] firmadyne: sys_socket[PID: 1330 (genchanneltable)]: family:1, type:2, protocol:0
[  170.884708] firmadyne: sys_socket[PID: 1331 (getsys)]: family:1, type:2, protocol:0
[  170.892705] firmadyne: sys_socket[PID: 1331 (getsys)]: family:1, type:2, protocol:0
[  170.899736] firmadyne: sys_socket[PID: 1330 (genchanneltable)]: family:1, type:2, protocol:0
[  170.904621] firmadyne: sys_socket[PID: 1331 (getsys)]: family:1, type:2, protocol:0
[  170.911186] firmadyne: sys_socket[PID: 1330 (genchanneltable)]: family:1, type:2, protocol:0
[  170.916164] firmadyne: sys_socket[PID: 1331 (getsys)]: family:1, type:2, protocol:0
[  170.922564] firmadyne: sys_socket[PID: 1330 (genchanneltable)]: family:1, type:2, protocol:0
[  170.927451] firmadyne: sys_socket[PID: 1331 (getsys)]: family:1, type:2, protocol:0
[  170.934079] firmadyne: sys_socket[PID: 1330 (genchanneltable)]: family:1, type:2, protocol:0
[  170.938134] firmadyne: sys_socket[PID: 1331 (getsys)]: family:1, type:2, protocol:0
[  170.944429] firmadyne: sys_socket[PID: 1330 (genchanneltable)]: family:1, type:2, protocol:0
[  170.949206] firmadyne: sys_socket[PID: 1331 (getsys)]: family:1, type:2, protocol:0
[  170.956240] firmadyne: sys_socket[PID: 1330 (genchanneltable)]: family:1, type:2, protocol:0
[  170.961593] firmadyne: sys_socket[PID: 1331 (getsys)]: family:1, type:2, protocol:0
[  170.968875] firmadyne: sys_socket[PID: 1330 (genchanneltable)]: family:1, type:2, protocol:0
[  170.973323] firmadyne: sys_socket[PID: 1331 (getsys)]: family:1, type:2, protocol:0
[  170.980819] firmadyne: sys_socket[PID: 1330 (genchanneltable)]: family:1, type:2, protocol:0
[  170.986186] firmadyne: sys_socket[PID: 1331 (getsys)]: family:1, type:2, protocol:0
[  170.993078] firmadyne: sys_socket[PID: 1330 (genchanneltable)]: family:1, type:2, protocol:0
[  170.997496] firmadyne: sys_socket[PID: 1331 (getsys)]: family:1, type:2, protocol:0
[  171.005027] firmadyne: sys_socket[PID: 1330 (genchanneltable)]: family:1, type:2, protocol:0
[  171.009433] firmadyne: sys_socket[PID: 1331 (getsys)]: family:1, type:2, protocol:0
[  171.016981] firmadyne: sys_socket[PID: 1330 (genchanneltable)]: family:1, type:2, protocol:0
[  171.021383] firmadyne: sys_socket[PID: 1331 (getsys)]: family:1, type:2, protocol:0
[  171.030305] firmadyne: sys_socket[PID: 1330 (genchanneltable)]: family:1, type:2, protocol:0
[  171.034591] firmadyne: sys_socket[PID: 1331 (getsys)]: family:1, type:2, protocol:0
[  171.042121] firmadyne: sys_socket[PID: 1330 (genchanneltable)]: family:1, type:2, protocol:0
[  171.046409] firmadyne: sys_socket[PID: 1331 (getsys)]: family:1, type:2, protocol:0
[  171.053451] firmadyne: sys_socket[PID: 1330 (genchanneltable)]: family:1, type:2, protocol:0
[  171.058199] firmadyne: sys_socket[PID: 1331 (getsys)]: family:1, type:2, protocol:0
[  171.065127] firmadyne: sys_socket[PID: 1330 (genchanneltable)]: family:1, type:2, protocol:0
[  171.073254] firmadyne: sys_socket[PID: 1331 (getsys)]: family:1, type:2, protocol:0
[  171.078189] firmadyne: sys_socket[PID: 1330 (genchanneltable)]: family:1, type:2, protocol:0
[  171.086413] firmadyne: sys_socket[PID: 1330 (genchanneltable)]: family:1, type:2, protocol:0
[  171.103394] firmadyne: sys_socket[PID: 1330 (genchanneltable)]: family:1, type:2, protocol:0
[  171.110826] firmadyne: sys_socket[PID: 1330 (genchanneltable)]: family:1, type:2, protocol:0
[  171.140992] firmadyne: sys_socket[PID: 1330 (genchanneltable)]: family:1, type:2, protocol:0
[  171.148167] firmadyne: sys_socket[PID: 1330 (genchanneltable)]: family:1, type:2, protocol:0
[  171.159825] firmadyne: sys_socket[PID: 1330 (genchanneltable)]: family:1, type:2, protocol:0
[  171.166286] firmadyne: sys_socket[PID: 1330 (genchanneltable)]: family:1, type:2, protocol:0
[  171.175654] firmadyne: sys_socket[PID: 1330 (genchanneltable)]: family:1, type:2, protocol:0
/dev/gpio: No such device or address
[  171.189295] firmadyne: sys_socket[PID: 1330 (genchanneltable)]: family:1, type:2, protocol:0
[  171.195905] firmadyne: sys_socket[PID: 1330 (genchanneltable)]: family:1, type:2, protocol:0
[  171.202306] firmadyne: sys_socket[PID: 1330 (genchanneltable)]: family:1, type:2, protocol:0
[  171.208557] firmadyne: sys_socket[PID: 1330 (genchanneltable)]: family:1, type:2, protocol:0
 Generate VLAN table according to the port...
[  171.292342] firmadyne: sys_socket[PID: 1339 (genVLANTableByP)]: family:1, type:2, protocol:0
[  171.300283] firmadyne: sys_socket[PID: 1339 (genVLANTableByP)]: family:1, type:2, protocol:0
[  171.306235] firmadyne: sys_socket[PID: 1339 (genVLANTableByP)]: family:1, type:2, protocol:0
[  171.311774] firmadyne: sys_socket[PID: 1339 (genVLANTableByP)]: family:1, type:2, protocol:0
[  171.317325] firmadyne: sys_socket[PID: 1339 (genVLANTableByP)]: family:1, type:2, protocol:0
[  171.323967] firmadyne: sys_socket[PID: 1339 (genVLANTableByP)]: family:1, type:2, protocol:0
[  171.330906] firmadyne: sys_socket[PID: 1339 (genVLANTableByP)]: family:1, type:2, protocol:0
[  171.337351] firmadyne: sys_socket[PID: 1339 (genVLANTableByP)]: family:1, type:2, protocol:0
[  171.343616] firmadyne: sys_socket[PID: 1339 (genVLANTableByP)]: family:1, type:2, protocol:0
[  171.349427] firmadyne: sys_socket[PID: 1339 (genVLANTableByP)]: family:1, type:2, protocol:0
[  171.356190] firmadyne: sys_socket[PID: 1339 (genVLANTableByP)]: family:1, type:2, protocol:0
[  171.362242] firmadyne: sys_socket[PID: 1339 (genVLANTableByP)]: family:1, type:2, protocol:0
[  171.368623] firmadyne: sys_socket[PID: 1339 (genVLANTableByP)]: family:1, type:2, protocol:0
[  171.375552] firmadyne: sys_socket[PID: 1339 (genVLANTableByP)]: family:1, type:2, protocol:0
[  171.381410] firmadyne: sys_socket[PID: 1339 (genVLANTableByP)]: family:1, type:2, protocol:0
[  171.388237] firmadyne: sys_socket[PID: 1339 (genVLANTableByP)]: family:1, type:2, protocol:0
[  171.394363] firmadyne: sys_socket[PID: 1339 (genVLANTableByP)]: family:1, type:2, protocol:0
[  171.399950] firmadyne: sys_socket[PID: 1339 (genVLANTableByP)]: family:1, type:2, protocol:0
[  171.405664] firmadyne: sys_socket[PID: 1339 (genVLANTableByP)]: family:1, type:2, protocol:0
[  171.412439] firmadyne: sys_socket[PID: 1339 (genVLANTableByP)]: family:1, type:2, protocol:0
[  171.419222] firmadyne: sys_socket[PID: 1339 (genVLANTableByP)]: family:1, type:2, protocol:0
