[    0.000000] Linux version 4.1.17+ (alessio@pc) (gcc version 5.5.0 20171010 (Ubuntu 5.5.0-12ubuntu1) ) #1 Mon May 15 23:04:08 CEST 2023
[    0.000000] earlycon: Early serial console at I/O port 0x3f8 (options '38400n8')
[    0.000000] bootconsole [uart0] enabled
[    0.000000] CPU0 revision is: 00019300 (MIPS 24Kc)
[    0.000000] FPU revision is: 00739300
[    0.000000] Software DMA cache coherency enabled
[    0.000000] Determined physical RAM map:
[    0.000000]  memory: 00001000 @ 00000000 (reserved)
[    0.000000]  memory: 000ef000 @ 00001000 (ROM data)
[    0.000000]  memory: 00798000 @ 000f0000 (reserved)
[    0.000000]  memory: 0f777000 @ 00888000 (usable)
[    0.000000] debug: ignoring loglevel setting.
[    0.000000] Wasting 69888 bytes for tracking 2184 unused pages
[    0.000000] Initrd not found or empty - disabling initrd
[    0.000000] Zone ranges:
[    0.000000]   DMA      [mem 0x0000000000000000-0x0000000000ffffff]
[    0.000000]   Normal   [mem 0x0000000001000000-0x000000000fffefff]
[    0.000000] Movable zone start for each node
[    0.000000] Early memory node ranges
[    0.000000]   node   0: [mem 0x0000000000000000-0x000000000fffefff]
[    0.000000] Initmem setup node 0 [mem 0x0000000000000000-0x000000000fffefff]
[    0.000000] On node 0 totalpages: 65535
[    0.000000] free_area_init_node: node 0, pgdat 8081d5b0, node_mem_map 81000000
[    0.000000]   DMA zone: 32 pages used for memmap
[    0.000000]   DMA zone: 0 pages reserved
[    0.000000]   DMA zone: 4096 pages, LIFO batch:0
[    0.000000]   Normal zone: 480 pages used for memmap
[    0.000000]   Normal zone: 61439 pages, LIFO batch:15
[    0.000000] Primary instruction cache 2kB, VIPT, 2-way, linesize 16 bytes.
[    0.000000] Primary data cache 2kB, 2-way, VIPT, no aliases, linesize 16 bytes
[    0.000000] pcpu-alloc: s0 r0 d32768 u32768 alloc=1*32768
[    0.000000] pcpu-alloc: [0] 0 
[    0.000000] Built 1 zonelists in Zone order, mobility grouping on.  Total pages: 65023
[    0.000000] Kernel command line: root=/dev/sda1 console=ttyS0 nandsim.parts=64,64,64,64,64,64,64,64,64,64 rdinit=/firmadyne/preInit.sh rw debug ignore_loglevel print-fatal-signals=1 FIRMAE_NET=true FIRMAE_NVRAM=true FIRMAE_KERNEL=true FIRMAE_ETC=true user_debug=0 firmadyne.syscall=1 noka
[    0.000000] found FIRMAE_KERNEL=t
[    0.000000] set the LD_PRELOAD=/firmadyne/libnvram_ioctl.so
[    0.000000] PID hash table entries: 1024 (order: 0, 4096 bytes)
[    0.000000] Dentry cache hash table entries: 32768 (order: 5, 131072 bytes)
[    0.000000] Inode-cache hash table entries: 16384 (order: 4, 65536 bytes)
[    0.000000] Writing ErrCtl register=00000000
[    0.000000] Readback ErrCtl register=00000000
[    0.000000] Memory: 251112K/262140K available (5360K kernel code, 244K rwdata, 1676K rodata, 260K init, 158K bss, 11028K reserved, 0K cma-reserved)
[    0.000000] NR_IRQS:256
[    0.000000] CPU frequency 200.01 MHz
[    0.000000] clocksource MIPS: mask: 0xffffffff max_cycles: 0xffffffff, max_idle_ns: 19111924659 ns
[    0.000214] sched_clock: 32 bits at 100MHz, resolution 9ns, wraps every 21474072571ns
[    0.015881] Console: colour dummy device 80x25
[    0.017199] Calibrating delay loop... 23.07 BogoMIPS (lpj=46144)
[    0.069606] pid_max: default: 32768 minimum: 301
[    0.074260] Mount-cache hash table entries: 1024 (order: 0, 4096 bytes)
[    0.074807] Mountpoint-cache hash table entries: 1024 (order: 0, 4096 bytes)
[    0.144247] clocksource jiffies: mask: 0xffffffff max_cycles: 0xffffffff, max_idle_ns: 7645041785100000 ns
[    0.155761] NET: Registered protocol family 16
[    0.457855] clocksource pit: mask: 0xffffffff max_cycles: 0xffffffff, max_idle_ns: 1601818034827 ns
[    0.624748] vgaarb: loaded
[    0.631030] SCSI subsystem initialized
[    0.633541] libata version 3.00 loaded.
[    0.638507] usbcore: registered new interface driver usbfs
[    0.640011] usbcore: registered new interface driver hub
[    0.641165] usbcore: registered new device driver usb
[    0.644170] pps_core: LinuxPPS API ver. 1 registered
[    0.644596] pps_core: Software ver. 5.3.6 - Copyright 2005-2007 Rodolfo Giometti <giometti@linux.it>
[    0.645593] PTP clock support registered
[    0.650887] PCI host bridge to bus 0000:00
[    0.651677] pci_bus 0000:00: root bus resource [mem 0x10000000-0x17ffffff]
[    0.652328] pci_bus 0000:00: root bus resource [io  0x1000-0x1fffff]
[    0.652958] pci_bus 0000:00: root bus resource [??? 0x00000000 flags 0x0]
[    0.653574] pci_bus 0000:00: No busn resource found for root bus, will use [bus 00-ff]
[    0.655107] pci 0000:00:00.0: [11ab:4620] type 00 class 0x060000
[    0.656087] pci 0000:00:00.0: [Firmware Bug]: reg 0x14: invalid BAR (can't size)
[    0.656728] pci 0000:00:00.0: [Firmware Bug]: reg 0x18: invalid BAR (can't size)
[    0.657342] pci 0000:00:00.0: [Firmware Bug]: reg 0x1c: invalid BAR (can't size)
[    0.657953] pci 0000:00:00.0: [Firmware Bug]: reg 0x20: invalid BAR (can't size)
[    0.658585] pci 0000:00:00.0: [Firmware Bug]: reg 0x24: invalid BAR (can't size)
[    0.662993] pci 0000:00:0a.0: [8086:7110] type 00 class 0x060100
[    0.666862] pci 0000:00:0a.1: [8086:7111] type 00 class 0x010180
[    0.667843] pci 0000:00:0a.1: reg 0x20: [io  0x0000-0x000f]
[    0.668486] pci 0000:00:0a.1: legacy IDE quirk: reg 0x10: [io  0x01f0-0x01f7]
[    0.669096] pci 0000:00:0a.1: legacy IDE quirk: reg 0x14: [io  0x03f6]
[    0.669693] pci 0000:00:0a.1: legacy IDE quirk: reg 0x18: [io  0x0170-0x0177]
[    0.670306] pci 0000:00:0a.1: legacy IDE quirk: reg 0x1c: [io  0x0376]
[    0.673892] pci 0000:00:0a.2: [8086:7112] type 00 class 0x0c0300
[    0.674625] pci 0000:00:0a.2: reg 0x20: [io  0x0000-0x001f]
[    0.678177] pci 0000:00:0a.3: [8086:7113] type 00 class 0x068000
[    0.679682] pci 0000:00:0a.3: quirk: [io  0x1000-0x103f] claimed by PIIX4 ACPI
[    0.680580] pci 0000:00:0a.3: quirk: [io  0x1100-0x110f] claimed by PIIX4 SMB
[    0.683999] pci 0000:00:12.0: [1013:00b8] type 00 class 0x030000
[    0.684841] pci 0000:00:12.0: reg 0x10: [mem 0x00000000-0x01ffffff pref]
[    0.685486] pci 0000:00:12.0: reg 0x14: [mem 0x00000000-0x00000fff]
[    0.686191] pci 0000:00:12.0: reg 0x30: [mem 0x00000000-0x0000ffff pref]
[    0.689231] vgaarb: device added: PCI:0000:00:12.0,decodes=io+mem,owns=none,locks=none
[    0.690579] pci 0000:00:13.0: [8086:100e] type 00 class 0x020000
[    0.691240] pci 0000:00:13.0: reg 0x10: [mem 0x00000000-0x0001ffff]
[    0.691838] pci 0000:00:13.0: reg 0x14: [io  0x0000-0x003f]
[    0.692503] pci 0000:00:13.0: reg 0x30: [mem 0x00000000-0x0003ffff pref]
[    0.695980] pci 0000:00:14.0: [8086:100e] type 00 class 0x020000
[    0.696636] pci 0000:00:14.0: reg 0x10: [mem 0x00000000-0x0001ffff]
[    0.697393] pci 0000:00:14.0: reg 0x14: [io  0x0000-0x003f]
[    0.698076] pci 0000:00:14.0: reg 0x30: [mem 0x00000000-0x0003ffff pref]
[    0.701668] pci 0000:00:15.0: [8086:100e] type 00 class 0x020000
[    0.702320] pci 0000:00:15.0: reg 0x10: [mem 0x00000000-0x0001ffff]
[    0.702914] pci 0000:00:15.0: reg 0x14: [io  0x0000-0x003f]
[    0.703585] pci 0000:00:15.0: reg 0x30: [mem 0x00000000-0x0003ffff pref]
[    0.707069] pci 0000:00:16.0: [8086:100e] type 00 class 0x020000
[    0.707718] pci 0000:00:16.0: reg 0x10: [mem 0x00000000-0x0001ffff]
[    0.708319] pci 0000:00:16.0: reg 0x14: [io  0x0000-0x003f]
[    0.708979] pci 0000:00:16.0: reg 0x30: [mem 0x00000000-0x0003ffff pref]
[    0.712662] pci_bus 0000:00: busn_res: [bus 00-ff] end is updated to 00
[    0.714459] pci 0000:00:12.0: BAR 0: assigned [mem 0x10000000-0x11ffffff pref]
[    0.715282] pci 0000:00:13.0: BAR 6: assigned [mem 0x12000000-0x1203ffff pref]
[    0.716017] pci 0000:00:14.0: BAR 6: assigned [mem 0x12040000-0x1207ffff pref]
[    0.716713] pci 0000:00:15.0: BAR 6: assigned [mem 0x12080000-0x120bffff pref]
[    0.717404] pci 0000:00:16.0: BAR 6: assigned [mem 0x120c0000-0x120fffff pref]
[    0.718254] pci 0000:00:13.0: BAR 0: assigned [mem 0x12100000-0x1211ffff]
[    0.718922] pci 0000:00:14.0: BAR 0: assigned [mem 0x12120000-0x1213ffff]
[    0.719599] pci 0000:00:15.0: BAR 0: assigned [mem 0x12140000-0x1215ffff]
[    0.720274] pci 0000:00:16.0: BAR 0: assigned [mem 0x12160000-0x1217ffff]
[    0.720959] pci 0000:00:12.0: BAR 6: assigned [mem 0x12180000-0x1218ffff pref]
[    0.721639] pci 0000:00:12.0: BAR 1: assigned [mem 0x12190000-0x12190fff]
[    0.722501] pci 0000:00:13.0: BAR 1: assigned [io  0x1040-0x107f]
[    0.723118] pci 0000:00:14.0: BAR 1: assigned [io  0x1080-0x10bf]
[    0.723728] pci 0000:00:15.0: BAR 1: assigned [io  0x10c0-0x10ff]
[    0.724351] pci 0000:00:16.0: BAR 1: assigned [io  0x1400-0x143f]
[    0.724966] pci 0000:00:0a.2: BAR 4: assigned [io  0x1440-0x145f]
[    0.725587] pci 0000:00:0a.1: BAR 4: assigned [io  0x1460-0x146f]
[    0.745000] cfg80211: Calling CRDA to update world regulatory domain
[    0.760264] Switched to clocksource MIPS
[    0.887699] NET: Registered protocol family 2
[    0.901376] TCP established hash table entries: 2048 (order: 1, 8192 bytes)
[    0.902621] TCP bind hash table entries: 2048 (order: 1, 8192 bytes)
[    0.903802] TCP: Hash tables configured (established 2048 bind 2048)
[    0.905152] UDP hash table entries: 256 (order: 0, 4096 bytes)
[    0.905915] UDP-Lite hash table entries: 256 (order: 0, 4096 bytes)
[    0.910385] NET: Registered protocol family 1
[    0.912381] PCI: Enabling device 0000:00:0a.2 (0000 -> 0001)
[    0.914058] PCI: CLS 0 bytes, default 16
[    0.951087] futex hash table entries: 256 (order: -1, 3072 bytes)
[    0.970353] squashfs: version 4.0 (2009/01/31) Phillip Lougher
[    0.973381] jffs2: version 2.2. (NAND) Â© 2001-2006 Red Hat, Inc.
[    0.977381] romfs: ROMFS MTD (C) 2007 Red Hat, Inc.
[    1.004967] Block layer SCSI generic (bsg) driver version 0.4 loaded (major 251)
[    1.005711] io scheduler noop registered
[    1.006516] io scheduler cfq registered (default)
[    1.007664] firmadyne: devfs: 1, execute: 1, procfs: 1, syscall: 1
[    1.014296] firmadyne: Cannot register character device: gpio, 0xfc, 0x0!
[    1.024119] firmadyne: Cannot register character device: watchdog, 0xa, 0x82!
[    1.024835] firmadyne: Cannot register character device: wdt, 0xfd, 0x0!
[    3.029008] strName = 4.1.17+
[    3.029008] init_task_addr  = 2155778944
[    3.029008] init_task_size  = 1296
[    3.029008] ts_tasks        = 292
[    3.029008] ts_pid          = 408
[    3.029008] ts_tgid         = 412
[    3.029008] ts_group_leader = 440
[    3.029008] ts_thread_group = 496
[    3.029008] ts_real_parent  = 416
[    3.029008] ts_mm           = 300
[    3.029008] ts_stack        = 4
[    3.031836] module_name   = 12
[    3.031836] module_size   = 208
[    3.031836] module_init   = 200
[    3.031836] module_list   = 4
[    3.033219] ts_real_cred    = 624
[    3.033219] ts_cred         = 628
[    3.033219] ts_comm         = 632
[    3.033219] cred_uid        = 4
[    3.033219] cred_gid        = 8
[    3.033219] cred_euid       = 20
[    3.033219] cred_egid       = 24
[    3.035058] mm_mmap         = 0
[    3.035058] mm_pgd          = 32
[    3.035058] mm_arg_start    = 136
[    3.035058] mm_start_brk    = 124
[    3.035058] mm_brk          = 128
[    3.035058] mm_start_stack  = 132
[    3.036871] vma_vm_start    = 0
[    3.036871] vma_vm_end      = 4
[    3.036871] vma_vm_next     = 8
[    3.036871] vma_vm_file     = 80
[    3.036871] vma_vm_flags    = 40
[    3.036871] vma_vm_pgoff    = 76
[    3.038471] file_dentry     = 12
[    3.038471] file_inode      = 40
[    3.038471] dentry_d_name   = 24
[    3.038471] dentry_d_iname  = 44
[    3.038471] dentry_d_parent = 16
[    3.038471] ti_task         = 0
[    3.038471] inode_ino   = 28
[    4.282656] proc_fork_connector  = 2151078840
[    4.283107] proc_exit_connector  = 2151080432
[    4.283491] proc_exec_connector  = 2151079052
[    4.283867] vma_link  = 2149124372
[    4.284374] vma_adjust  = 2149124540
[    4.284706] remove_vma  = 2149122188
[    4.285040] modules  = 2155833724
[    4.285358] trim_init_extable  = 2150545316
[    4.286834] cfg80211: Calling CRDA to update world regulatory domain
[    4.290794] PCI: Enabling device 0000:00:12.0 (0000 -> 0002)
[    4.292463] cirrusfb 0000:00:12.0: Cirrus Logic chipset on PCI bus, RAM (4096 kB) at 0x10000000
[    4.547355] Console: switching to colour frame buffer device 80x30
[    4.629292] Serial: 8250/16550 driver, 4 ports, IRQ sharing enabled
[    4.645550] console [ttyS0] disabled
[    4.673561] serial8250.0: ttyS0 at I/O 0x3f8 (irq = 4, base_baud = 115200) is a 16550A
[    4.674821] console [ttyS0] enabled
[    4.674821] console [ttyS0] enabled
[    4.675452] bootconsole [uart0] disabled
[    4.675452] bootconsole [uart0] disabled
[    4.706826] serial8250.0: ttyS1 at I/O 0x2f8 (irq = 3, base_baud = 115200) is a 16550A
[    4.846717] brd: module loaded
[    4.919923] loop: module loaded
[    4.927508] ata_piix 0000:00:0a.1: version 2.13
[    4.928188] PCI: Enabling device 0000:00:0a.1 (0000 -> 0001)
[    4.957886] scsi host0: ata_piix
[    4.964506] scsi host1: ata_piix
[    4.969010] ata1: PATA max UDMA/33 cmd 0x1f0 ctl 0x3f6 bmdma 0x1460 irq 14
[    4.969630] ata2: PATA max UDMA/33 cmd 0x170 ctl 0x376 bmdma 0x1468 irq 15
[    4.977442] [nandsim] warning: read_byte: unexpected data output cycle, state is STATE_READY return 0x0
[    4.978119] [nandsim] warning: read_byte: unexpected data output cycle, state is STATE_READY return 0x0
[    4.978765] [nandsim] warning: read_byte: unexpected data output cycle, state is STATE_READY return 0x0
[    4.979411] [nandsim] warning: read_byte: unexpected data output cycle, state is STATE_READY return 0x0
[    4.980050] [nandsim] warning: read_byte: unexpected data output cycle, state is STATE_READY return 0x0
[    4.980921] [nandsim] warning: read_byte: unexpected data output cycle, state is STATE_READY return 0x0
[    4.981766] nand: device found, Manufacturer ID: 0x98, Chip ID: 0x39
[    4.982256] nand: Toshiba NAND 128MiB 1,8V 8-bit
[    4.982707] nand: 128 MiB, SLC, erase size: 16 KiB, page size: 512, OOB size: 16
[    4.984707] flash size: 128 MiB
[    4.985016] page size: 512 bytes
[    4.985306] OOB area size: 16 bytes
[    4.985606] sector size: 16 KiB
[    4.985892] pages number: 262144
[    4.986191] pages per sector: 32
[    4.986478] bus width: 8
[    4.986732] bits in sector size: 14
[    4.987034] bits in page size: 9
[    4.987326] bits in OOB size: 4
[    4.987617] flash size with OOB: 135168 KiB
[    4.987953] page address bytes: 4
[    4.988417] sector address bytes: 3
[    4.988720] options: 0x42
[    5.085718] Scanning device for bad blocks
[    6.485540] ata2.01: NODEV after polling detection
[    6.486384] ata1.01: NODEV after polling detection
[    6.488589] ata2.00: ATAPI: QEMU DVD-ROM, 2.5+, max UDMA/100
[    6.495695] ata1.00: ATA-7: QEMU HARDDISK, 2.5+, max UDMA/100
[    6.496497] ata1.00: 2097152 sectors, multi 16: LBA48 
[    6.499066] ata2.00: configured for UDMA/33
[    6.502667] ata1.00: configured for UDMA/33
[    6.512087] scsi 0:0:0:0: Direct-Access     ATA      QEMU HARDDISK    2.5+ PQ: 0 ANSI: 5
[    6.530848] sd 0:0:0:0: [sda] 2097152 512-byte logical blocks: (1.07 GB/1.00 GiB)
[    6.532887] scsi 1:0:0:0: CD-ROM            QEMU     QEMU DVD-ROM     2.5+ PQ: 0 ANSI: 5
[    6.547491] sd 0:0:0:0: [sda] Write Protect is off
[    6.548130] sd 0:0:0:0: [sda] Mode Sense: 00 3a 00 00
[    6.550061] sd 0:0:0:0: [sda] Write cache: enabled, read cache: enabled, doesn't support DPO or FUA
[    6.563029]  sda: sda1
[    6.577612] sd 0:0:0:0: [sda] Attached SCSI disk
[    6.578290] Creating 11 MTD partitions on "NAND 128MiB 1,8V 8-bit":
[    6.579079] 0x000000000000-0x000000100000 : "NAND simulator partition 0"
[    6.592073] 0x000000100000-0x000000200000 : "NAND simulator partition 1"
[    6.604535] 0x000000200000-0x000000300000 : "NAND simulator partition 2"
[    6.618034] 0x000000300000-0x000000400000 : "NAND simulator partition 3"
[    6.631387] 0x000000400000-0x000000500000 : "NAND simulator partition 4"
[    6.644158] 0x000000500000-0x000000600000 : "NAND simulator partition 5"
[    6.657052] 0x000000600000-0x000000700000 : "NAND simulator partition 6"
[    6.669990] 0x000000700000-0x000000800000 : "NAND simulator partition 7"
[    6.683036] 0x000000800000-0x000000900000 : "NAND simulator partition 8"
[    6.695310] 0x000000900000-0x000000a00000 : "NAND simulator partition 9"
[    6.707435] 0x000000a00000-0x000008000000 : "NAND simulator partition 10"
[    6.759925] tun: Universal TUN/TAP device driver, 1.6
[    6.760545] tun: (C) 1999-2004 Max Krasnyansky <maxk@qualcomm.com>
[    6.764779] pcnet32: pcnet32.c:v1.35 21.Apr.2008 tsbogend@alpha.franken.de
[    6.766275] e1000: Intel(R) PRO/1000 Network Driver - version 7.3.21-k8-NAPI
[    6.766784] e1000: Copyright (c) 1999-2006 Intel Corporation.
[    6.767856] PCI: Enabling device 0000:00:13.0 (0000 -> 0003)
[    7.104072] e1000 0000:00:13.0 eth0: (PCI:33MHz:32-bit) 52:54:00:12:34:56
[    7.105204] e1000 0000:00:13.0 eth0: Intel(R) PRO/1000 Network Connection
[    7.106132] PCI: Enabling device 0000:00:14.0 (0000 -> 0003)
[    7.428541] e1000 0000:00:14.0 eth1: (PCI:33MHz:32-bit) 52:54:00:12:34:57
[    7.429270] e1000 0000:00:14.0 eth1: Intel(R) PRO/1000 Network Connection
[    7.430205] PCI: Enabling device 0000:00:15.0 (0000 -> 0003)
[    7.432569] cfg80211: Calling CRDA to update world regulatory domain
[    7.748855] e1000 0000:00:15.0 eth2: (PCI:33MHz:32-bit) 52:54:00:12:34:58
[    7.749496] e1000 0000:00:15.0 eth2: Intel(R) PRO/1000 Network Connection
[    7.750330] PCI: Enabling device 0000:00:16.0 (0000 -> 0003)
[    8.075720] e1000 0000:00:16.0 eth3: (PCI:33MHz:32-bit) 52:54:00:12:34:59
[    8.076590] e1000 0000:00:16.0 eth3: Intel(R) PRO/1000 Network Connection
[    8.078386] e1000e: Intel(R) PRO/1000 Network Driver - 2.3.2-k
[    8.078868] e1000e: Copyright(c) 1999 - 2014 Intel Corporation.
[    8.085036] PPP generic driver version 2.4.2
[    8.087768] PPP Deflate Compression module registered
[    8.088776] PPP MPPE Compression module registered
[    8.089304] NET: Registered protocol family 24
[    8.090221] ehci_hcd: USB 2.0 'Enhanced' Host Controller (EHCI) Driver
[    8.090869] ehci-pci: EHCI PCI platform driver
[    8.092534] ohci_hcd: USB 1.1 'Open' Host Controller (OHCI) Driver
[    8.093173] ohci-pci: OHCI PCI platform driver
[    8.094643] uhci_hcd: USB Universal Host Controller Interface driver
[    8.096844] uhci_hcd 0000:00:0a.2: UHCI Host Controller
[    8.097826] uhci_hcd 0000:00:0a.2: new USB bus registered, assigned bus number 1
[    8.099126] uhci_hcd 0000:00:0a.2: irq 11, io base 0x00001440
[    8.114917] hub 1-0:1.0: USB hub found
[    8.115891] hub 1-0:1.0: 2 ports detected
[    8.128167] usbcore: registered new interface driver usb-storage
[    8.133793] mousedev: PS/2 mouse device common for all mice
[    8.141914] rtc_cmos rtc_cmos: rtc core: registered rtc_cmos as rtc0
[    8.142852] rtc_cmos rtc_cmos: alarms up to one day, 242 bytes nvram
[    8.144829] i2c /dev entries driver
[    8.146393] piix4_smbus 0000:00:0a.3: SMBus Host Controller at 0x1100, revision 0
[    8.152488] sdhci: Secure Digital Host Controller Interface driver
[    8.152965] sdhci: Copyright(c) Pierre Ossman
[    8.155951] hidraw: raw HID events driver (C) Jiri Kosina
[    8.180487] usbcore: registered new interface driver usbhid
[    8.180944] usbhid: USB HID core driver
[    8.182297] Netfilter messages via NETLINK v0.30.
[    8.183970] nf_conntrack version 0.5.0 (3923 buckets, 15692 max)
[    8.188378] ctnetlink v0.93: registering with nfnetlink.
[    8.195664] ipip: IPv4 over IPv4 tunneling driver
[    8.211464] ip_tables: (C) 2000-2006 Netfilter Core Team
[    8.215149] arp_tables: (C) 2002 David S. Miller
[    8.217597] Initializing XFRM netlink socket
[    8.219095] NET: Registered protocol family 10
[    8.246869] ip6_tables: (C) 2000-2006 Netfilter Core Team
[    8.251643] sit: IPv6 over IPv4 tunneling driver
[    8.274057] NET: Registered protocol family 17
[    8.275214] bridge: automatic filtering via arp/ip/ip6tables has been deprecated. Update your scripts to load br_netfilter if you need this.
[    8.276752] Bridge firewalling registered
[    8.277284] Ebtables v2.0 registered
[    8.280048] 8021q: 802.1Q VLAN Support v1.8
[    8.308991] rtc_cmos rtc_cmos: setting system clock to 2025-07-27 22:58:27 UTC (1753657107)
[    8.335575] EXT2-fs (sda1): warning: mounting unchecked fs, running e2fsck is recommended
[    8.338213] VFS: Mounted root (ext2 filesystem) on device 8:1.
[    8.349650] Freeing YAMON memory: 956k freed
[    8.363284] Freeing unused kernel memory: 260K (8081f000 - 80860000)
[    8.421067] spurious 8259A interrupt: IRQ7.
[    8.476199] firmadyne: sys_reboot[PID: 48 (init)]: magic1:fee1dead, magic2:28121969, cmd:0
init started:  BusyBox v1.00 (2009.03.06-06:20+0000) multi-call binary
init started:  BusyBox v1.00 (2009.03.06-06:20+0000) multi-call binary
Starting pid 50, console /dev/ttyS0: '/usr/etc/rcS'
[    8.791387] firmadyne: do_execve: /firmadyne/console
[    8.792142] OFFSETS: offset of pid: 0x198 offset of comm: 0x278
[   10.576674] cfg80211: Calling CRDA to update world regulatory domain
insmod: cannot open module `/lib/modules/vnet.ko': No such file or directory
[   13.314561] random: nonblocking pool is initialized
[   13.352815] firmadyne: ioctl: 0x1
insmod finish
BcmAtm_Initialize: open error 6
/usr/sbin/atmctl: ATM driver return code, state error
BcmAdsl : open error 6
/usr/sbin/adslctl: BcmAdsl_Initialize error
BcmAdsl : open error 6
/usr/sbin/adslctl->ConnectionHandler: BcmAdsl_ConnectionStart error
[   13.720749] cfg80211: Calling CRDA to update world regulatory domain
BcmAtm_Initialize: open error 6
ATM Operation Failed , 2 
/usr/sbin/atmctl: ATM driver return code, state error
[   13.803522] firmadyne: sys_socket[PID: 103 (brctl)]: family:2, type:2, protocol:0
[   13.878788] firmadyne: sys_socket[PID: 104 (brctl)]: family:2, type:2, protocol:0
[   13.939462] firmadyne: sys_socket[PID: 105 (ifconfig)]: family:2, type:1, protocol:0
[   13.954278] IPv6: ADDRCONF(NETDEV_UP): eth0: link is not ready
[   13.954975] 8021q: adding VLAN 0 to HW filter on device eth0
[   13.960977] e1000: eth0 NIC Link is Up 1000 Mbps Full Duplex, Flow Control: RX
[   13.963113] IPv6: ADDRCONF(NETDEV_CHANGE): eth0: link becomes ready
[   14.023617] firmadyne: sys_socket[PID: 106 (brctl)]: family:2, type:2, protocol:0
[   14.025523] firmadyne: sys_socket[PID: 106 (brctl)]: family:10, type:1, protocol:0
[   14.027846] firmadyne: br_add_if[PID: 106 (brctl)]: br:br0 dev:eth0
[   14.035252] device eth0 entered promiscuous mode
[   14.096160] firmadyne: sys_socket[PID: 107 (ifconfig)]: family:2, type:1, protocol:0
[   14.108903] IPv6: ADDRCONF(NETDEV_UP): eth1: link is not ready
[   14.109585] 8021q: adding VLAN 0 to HW filter on device eth1
[   14.115867] e1000: eth1 NIC Link is Up 1000 Mbps Full Duplex, Flow Control: RX
[   14.117640] IPv6: ADDRCONF(NETDEV_CHANGE): eth1: link becomes ready
[   14.176953] firmadyne: sys_socket[PID: 108 (brctl)]: family:2, type:2, protocol:0
[   14.178521] firmadyne: sys_socket[PID: 108 (brctl)]: family:10, type:1, protocol:0
[   14.180575] firmadyne: br_add_if[PID: 108 (brctl)]: br:br0 dev:eth1
[   14.186227] device eth1 entered promiscuous mode
[   14.310468] firmadyne: sys_socket[PID: 110 (ifconfig)]: family:2, type:1, protocol:0
[   14.313711] firmadyne: __inet_insert_ifa[PID: 110 (ifconfig)]: device:lo ifa:0x7f000001
[   14.317726] firmadyne: __inet_insert_ifa[PID: 110 (ifconfig)]: device:lo ifa:0x7f000001
[   14.382848] firmadyne: sys_socket[PID: 111 (route)]: family:2, type:1, protocol:0
[   14.693696] firmadyne: sys_socket[PID: 114 (klogd)]: family:1, type:1, protocol:0
[   14.695847] firmadyne: sys_socket[PID: 114 (klogd)]: family:1, type:2, protocol:0
[   14.712843] firmadyne: sys_socket[PID: 114 (klogd)]: family:1, type:1, protocol:0
[   14.714404] firmadyne: sys_socket[PID: 114 (klogd)]: family:1, type:2, protocol:0
[   14.722873] firmadyne: sys_socket[PID: 114 (klogd)]: family:1, type:1, protocol:0
[   14.724695] firmadyne: sys_socket[PID: 114 (klogd)]: family:1, type:2, protocol:0
[   14.727792] firmadyne: sys_socket[PID: 114 (klogd)]: family:1, type:1, protocol:0
[   14.741259] firmadyne: sys_socket[PID: 114 (klogd)]: family:1, type:2, protocol:0
[   14.744277] firmadyne: sys_socket[PID: 114 (klogd)]: family:1, type:1, protocol:0
[   14.746179] firmadyne: sys_socket[PID: 114 (klogd)]: family:1, type:2, protocol:0
[   14.749361] firmadyne: sys_socket[PID: 114 (klogd)]: family:1, type:1, protocol:0
[   14.750816] firmadyne: sys_socket[PID: 114 (klogd)]: family:1, type:2, protocol:0
[   14.762140] firmadyne: sys_socket[PID: 114 (klogd)]: family:1, type:1, protocol:0
[   14.763628] firmadyne: sys_socket[PID: 114 (klogd)]: family:1, type:2, protocol:0
[   14.770604] firmadyne: sys_socket[PID: 114 (klogd)]: family:1, type:1, protocol:0
[   14.772067] firmadyne: sys_socket[PID: 114 (klogd)]: family:1, type:2, protocol:0
[   14.782556] firmadyne: sys_socket[PID: 114 (klogd)]: family:1, type:1, protocol:0
[   14.784026] firmadyne: sys_socket[PID: 114 (klogd)]: family:1, type:2, protocol:0
[   14.794598] firmadyne: sys_socket[PID: 114 (klogd)]: family:1, type:1, protocol:0
[   14.796077] firmadyne: sys_socket[PID: 114 (klogd)]: family:1, type:2, protocol:0
[   14.799467] firmadyne: sys_socket[PID: 114 (klogd)]: family:1, type:1, protocol:0
[   14.801106] firmadyne: sys_socket[PID: 114 (klogd)]: family:1, type:2, protocol:0
[   14.804071] firmadyne: sys_socket[PID: 114 (klogd)]: family:1, type:1, protocol:0
nvram_init: Initializing NVRAM...
sem_get: Key: 41012003
[   14.820127] firmadyne: sys_socket[PID: 114 (klogd)]: family:1, type:2, protocol:0
[   14.823361] firmadyne: sys_socket[PID: 114 (klogd)]: family:1, type:1, protocol:0
[   14.825256] firmadyne: sys_socket[PID: 114 (klogd)]: family:1, type:2, protocol:0
[   14.828192] firmadyne: sys_socket[PID: 114 (klogd)]: family:1, type:1, protocol:0
sem_get: Key: 410f00a7
nvram_set_default_builtin: Setting built-in default values!
[   14.837936] firmadyne: sys_socket[PID: 114 (klogd)]: family:1, type:2, protocol:0
[   14.842125] firmadyne: sys_socket[PID: 114 (klogd)]: family:1, type:1, protocol:0
[   14.843648] firmadyne: sys_socket[PID: 114 (klogd)]: family:1, type:2, protocol:0
nvram_set: console_loglevel[   14.851069] firmadyne: sys_socket[PID: 114 (klogd)]: family:1, type:1, protocol:0
 = "7"
sem_get: Key: 410f00a7
[   14.856788] firmadyne: sys_socket[PID: 114 (klogd)]: family:1, type:2, protocol:0
[   14.859771] firmadyne: sys_socket[PID: 114 (klogd)]: family:1, type:1, protocol:0
sem_get: Key: 410f00a7
nvram_set: restore_defaults[   14.869178] firmadyne: sys_socket[PID: 114 (klogd)]: family:1, type:2, protocol:0
[   14.872147] firmadyne: sys_socket[PID: 114 (klogd)]: family:1, type:1, protocol:0
 = "1"
sem_get: Key: 410f00a7
sem_get: Key: 410f00a7
[   14.881086] firmadyne: sys_socket[PID: 114 (klogd)]: family:1, type:2, protocol:0
[   14.884044] firmadyne: sys_socket[PID: 114 (klogd)]: family:1, type:1, protocol:0
[   14.886026] firmadyne: sys_socket[PID: 114 (klogd)]: family:1, type:2, protocol:0
[   14.889097] firmadyne: sys_socket[PID: 114 (klogd)]: family:1, type:1, protocol:0
[   14.890520] firmadyne: sys_socket[PID: 114 (klogd)]: family:1, type:2, protocol:0
nvram_set: sku_name = ""
sem_get: Key: 410f00a7
sem_get: Key: [   14.902075] firmadyne: sys_socket[PID: 114 (klogd)]: family:1, type:1, protocol:0
[   14.903587] firmadyne: sys_socket[PID: 114 (klogd)]: family:1, type:2, protocol:0
410f00a7
nvram_set: wla_wlanstate = ""
sem_get: Key: 410f00a7
[   14.914913] firmadyne: sys_socket[PID: 114 (klogd)]: family:1, type:1, protocol:0
sem_get: Key: 410f00a7
[   14.920696] firmadyne: sys_socket[PID: 114 (klogd)]: family:1, type:2, protocol:0
[   14.923699] firmadyne: sys_socket[PID: 114 (klogd)]: family:1, type:1, protocol:0
nvram_set: lan_if = "br0"
[   14.929169] firmadyne: sys_socket[PID: 114 (klogd)]: family:1, type:2, protocol:0
[   14.932047] firmadyne: sys_socket[PID: 114 (klogd)]: family:1, type:1, protocol:0
sem_get: Key: 410f00a7
sem_get: Key: 410f00a7
nvram_set[   14.941195] firmadyne: sys_socket[PID: 114 (klogd)]: family:1, type:2, protocol:0
[   14.944570] firmadyne: sys_socket[PID: 114 (klogd)]: family:1, type:1, protocol:0
: lan_ipaddr = "192.168.0.50"
sem_get: Key: 410f00a7
sem_get: Key: 410f00a7[   14.953422] firmadyne: sys_socket[PID: 114 (klogd)]: family:1, type:2, protocol:0
[   14.956583] firmadyne: sys_socket[PID: 114 (klogd)]: family:1, type:1, protocol:0
[   14.958251] firmadyne: sys_socket[PID: 114 (klogd)]: family:1, type:2, protocol:0

nvram_set: lan_bipaddr = "192.168.0.255[   14.965726] firmadyne: sys_socket[PID: 114 (klogd)]: family:1, type:1, protocol:0
[   14.967196] firmadyne: sys_socket[PID: 114 (klogd)]: family:1, type:2, protocol:0
"
sem_get: Key: 410f00a7
[   14.974370] firmadyne: sys_socket[PID: 114 (klogd)]: family:1, type:1, protocol:0
[   14.975811] firmadyne: sys_socket[PID: 114 (klogd)]: family:1, type:2, protocol:0
sem_get: Key: 410f00a7
[   14.982493] firmadyne: sys_socket[PID: 114 (klogd)]: family:1, type:1, protocol:0
[   14.983931] firmadyne: sys_socket[PID: 114 (klogd)]: family:1, type:2, protocol:0
nvram_set: lan_netmask = "255.255.255.0"
sem_get: Key: 410f00a7
sem_get: Key: 410f00a7[   14.994937] firmadyne: sys_socket[PID: 114 (klogd)]: family:1, type:1, protocol:0
[   14.996824] firmadyne: sys_socket[PID: 114 (klogd)]: family:1, type:2, protocol:0
[   14.999645] firmadyne: sys_socket[PID: 114 (klogd)]: family:1, type:1, protocol:0

nvram_set: time_zone = "[   15.005315] firmadyne: sys_socket[PID: 114 (klogd)]: family:1, type:2, protocol:0
[   15.008238] firmadyne: sys_socket[PID: 114 (klogd)]: family:1, type:1, protocol:0
PST8PDT"
sem_get: Key: 410f00a7
sem_get: Key: 410f00a7
[   15.017067] firmadyne: sys_socket[PID: 114 (klogd)]: family:1, type:2, protocol:0
[   15.019955] firmadyne: sys_socket[PID: 114 (klogd)]: family:1, type:1, protocol:0
nvram_set: wan_hwaddr_def = "01:23:45:67:89:ab"
sem_get: Key: 410f00a7
sem_get[   15.029640] firmadyne: sys_socket[PID: 114 (klogd)]: family:1, type:2, protocol:0
[   15.032884] firmadyne: sys_socket[PID: 114 (klogd)]: family:1, type:1, protocol:0
[   15.034341] firmadyne: sys_socket[PID: 114 (klogd)]: family:1, type:2, protocol:0
: Key: 410f00a7
nvram_set: wan_ifname[   15.041560] firmadyne: sys_socket[PID: 114 (klogd)]: family:1, type:1, protocol:0
[   15.043030] firmadyne: sys_socket[PID: 114 (klogd)]: family:1, type:2, protocol:0
 = "eth0"
sem_get: Key: 410f00a7
[   15.050202] firmadyne: sys_socket[PID: 114 (klogd)]: family:1, type:1, protocol:0
[   15.051645] firmadyne: sys_socket[PID: 114 (klogd)]: family:1, type:2, protocol:0
sem_get: Key: 410f00a7
[   15.058473] firmadyne: sys_socket[PID: 114 (klogd)]: family:1, type:1, protocol:0
[   15.059911] firmadyne: sys_socket[PID: 114 (klogd)]: family:1, type:2, protocol:0
nvram_set: lan_ifnames = "eth1 eth2 eth3 eth4"
sem_get: Key: 410f00a7
sem_get[   15.070882] firmadyne: sys_socket[PID: 114 (klogd)]: family:1, type:1, protocol:0
[   15.072560] firmadyne: sys_socket[PID: 114 (klogd)]: family:1, type:2, protocol:0
: Key: 410f00a7
nvram_set: ethConver = "1"
sem_get: Key: 410f00a7[   15.082674] firmadyne: sys_socket[PID: 114 (klogd)]: family:1, type:1, protocol:0
[   15.084167] firmadyne: sys_socket[PID: 114 (klogd)]: family:1, type:2, protocol:0
[   15.087462] firmadyne: sys_socket[PID: 114 (klogd)]: family:1, type:1, protocol:0
[   15.089175] firmadyne: sys_socket[PID: 114 (klogd)]: family:1, type:2, protocol:0
[   15.092029] firmadyne: sys_socket[PID: 114 (klogd)]: family:1, type:1, protocol:0

sem_get: Key: 410f00a7
nvram_set: lan_proto = "dhcp[   15.101416] firmadyne: sys_socket[PID: 114 (klogd)]: family:1, type:2, protocol:0
[   15.104319] firmadyne: sys_socket[PID: 114 (klogd)]: family:1, type:1, protocol:0
"
sem_get: Key: 410f00a7
sem_get: Key: 410f00a7
[   15.113268] firmadyne: sys_socket[PID: 114 (klogd)]: family:1, type:2, protocol:0
[   15.116293] firmadyne: sys_socket[PID: 114 (klogd)]: family:1, type:1, protocol:0
nvram_set: wan_ipaddr[   15.123236] firmadyne: sys_socket[PID: 114 (klogd)]: family:1, type:2, protocol:0
[   15.126350] firmadyne: sys_socket[PID: 114 (klogd)]: family:1, type:1, protocol:0
[   15.127799] firmadyne: sys_socket[PID: 114 (klogd)]: family:1, type:2, protocol:0
 = "0.0.0.0"
sem_get: Key: 410f00a7
sem_get: Key: 410f00a7
[   15.138445] firmadyne: sys_socket[PID: 114 (klogd)]: family:1, type:1, protocol:0
[   15.139899] firmadyne: sys_socket[PID: 114 (klogd)]: family:1, type:2, protocol:0
nvram_set: wan_netmask = "255.255.255.0"
sem_get: Key: 410f00a7
sem_get[   15.150648] firmadyne: sys_socket[PID: 114 (klogd)]: family:1, type:1, protocol:0
[   15.152077] firmadyne: sys_socket[PID: 114 (klogd)]: family:1, type:2, protocol:0
: Key: 410f00a7
nvram_set: wanif = "eth0"
sem_get: Key: 410f00a7
[   15.162850] firmadyne: sys_socket[PID: 114 (klogd)]: family:1, type:1, protocol:0
[   15.164782] firmadyne: sys_socket[PID: 114 (klogd)]: family:1, type:2, protocol:0
[   15.167556] firmadyne: sys_socket[PID: 114 (klogd)]: family:1, type:1, protocol:0
sem_get: Key: 410f00a7
[   15.173124] firmadyne: sys_socket[PID: 114 (klogd)]: family:1, type:2, protocol:0
[   15.176012] firmadyne: sys_socket[PID: 114 (klogd)]: family:1, type:1, protocol:0
nvram_set: time_zone_x = "0"
sem_get: Key: 410f00a7
[   15.185230] firmadyne: sys_socket[PID: 114 (klogd)]: family:1, type:2, protocol:0
[   15.188128] firmadyne: sys_socket[PID: 114 (klogd)]: family:1, type:1, protocol:0
sem_get: Key: 410f00a7
nvram_set: rip_multicast = "0"
sem_get: Key: [   15.197120] firmadyne: sys_socket[PID: 114 (klogd)]: family:1, type:2, protocol:0
[   15.199993] firmadyne: sys_socket[PID: 114 (klogd)]: family:1, type:1, protocol:0
[   15.201975] firmadyne: sys_socket[PID: 114 (klogd)]: family:1, type:2, protocol:0
[   15.204958] firmadyne: sys_socket[PID: 114 (klogd)]: family:1, type:1, protocol:0
[   15.206389] firmadyne: sys_socket[PID: 114 (klogd)]: family:1, type:2, protocol:0
410f00a7
sem_get: Key: 410f00a7
nvram_set: bs_trustedip_enable = "0"
[   15.217790] firmadyne: sys_socket[PID: 114 (klogd)]: family:1, type:1, protocol:0
[   15.219259] firmadyne: sys_socket[PID: 114 (klogd)]: family:1, type:2, protocol:0
sem_get: Key: 410f00a7
sem_get[   15.226657] firmadyne: sys_socket[PID: 114 (klogd)]: family:1, type:1, protocol:0
[   15.228104] firmadyne: sys_socket[PID: 114 (klogd)]: family:1, type:2, protocol:0
: Key: 410f00a7
nvram_set: et0macaddr = "01:23:45:67:89:ab"
sem_get: Key: 410f00a7[   15.238562] firmadyne: sys_socket[PID: 114 (klogd)]: family:1, type:1, protocol:0
[   15.240055] firmadyne: sys_socket[PID: 114 (klogd)]: family:1, type:2, protocol:0
[   15.243402] firmadyne: sys_socket[PID: 114 (klogd)]: family:1, type:1, protocol:0
[   15.245002] firmadyne: sys_socket[PID: 114 (klogd)]: family:1, type:2, protocol:0
[   15.247796] firmadyne: sys_socket[PID: 114 (klogd)]: family:1, type:1, protocol:0

sem_get: Key: 410f00a7
nvram_set: filter_rule_tbl = ""
[   15.257370] firmadyne: sys_socket[PID: 114 (klogd)]: family:1, type:2, protocol:0
[   15.260290] firmadyne: sys_socket[PID: 114 (klogd)]: family:1, type:1, protocol:0
sem_get: Key: 410f00a7
sem_get: Key: 410f00a7
nvram_set[   15.269324] firmadyne: sys_socket[PID: 114 (klogd)]: family:1, type:2, protocol:0
[   15.272232] firmadyne: sys_socket[PID: 114 (klogd)]: family:1, type:1, protocol:0
: pppoe2_schedule_config = "127:0:0:23:59"
sem_get: Key: 410f00a7
sem_get: Key: 410f00a7[   15.281512] firmadyne: sys_socket[PID: 114 (klogd)]: family:1, type:2, protocol:0
[   15.284734] firmadyne: sys_socket[PID: 114 (klogd)]: family:1, type:1, protocol:0
[   15.286189] firmadyne: sys_socket[PID: 114 (klogd)]: family:1, type:2, protocol:0

nvram_set: schedule_config = "127:0:0:23:59[   15.293594] firmadyne: sys_socket[PID: 114 (klogd)]: family:1, type:1, protocol:0
[   15.295100] firmadyne: sys_socket[PID: 114 (klogd)]: family:1, type:2, protocol:0
"
sem_get: Key: 410f00a7
[   15.302347] firmadyne: sys_socket[PID: 114 (klogd)]: family:1, type:1, protocol:0
[   15.303820] firmadyne: sys_socket[PID: 114 (klogd)]: family:1, type:2, protocol:0
sem_get: Key: 410f00a7
nvram_set: access_control_mode = "0"
[   15.314659] firmadyne: sys_socket[PID: 114 (klogd)]: family:1, type:1, protocol:0
[   15.316299] firmadyne: sys_socket[PID: 114 (klogd)]: family:1, type:2, protocol:0
sem_get: Key: 410f00a7
sem_get: Key: 410f00a7
[   15.326533] firmadyne: sys_socket[PID: 114 (klogd)]: family:1, type:1, protocol:0
[   15.328128] firmadyne: sys_socket[PID: 114 (klogd)]: family:1, type:2, protocol:0
[   15.331416] firmadyne: sys_socket[PID: 114 (klogd)]: family:1, type:1, protocol:0
[   15.333107] firmadyne: sys_socket[PID: 114 (klogd)]: family:1, type:2, protocol:0
[   15.335926] firmadyne: sys_socket[PID: 114 (klogd)]: family:1, type:1, protocol:0
nvram_set: fwpt_df_count = "0"
sem_get: Key: 410f00a7
sem_get: Key: [   15.345091] firmadyne: sys_socket[PID: 114 (klogd)]: family:1, type:2, protocol:0
[   15.347979] firmadyne: sys_socket[PID: 114 (klogd)]: family:1, type:1, protocol:0
410f00a7
nvram_set: static_if_status = "1"
sem_get: Key: 410f00a7
[   15.357085] firmadyne: sys_socket[PID: 114 (klogd)]: family:1, type:2, protocol:0
[   15.359973] firmadyne: sys_socket[PID: 114 (klogd)]: family:1, type:1, protocol:0
sem_get: Key: 410f00a7
nvram_set: www_relocation = ""
[   15.369302] firmadyne: sys_socket[PID: 114 (klogd)]: family:1, type:2, protocol:0
[   15.372222] firmadyne: sys_socket[PID: 114 (klogd)]: family:1, type:1, protocol:0
sem_get: Key: 410f00a7
sem_get: Key: 410f00a7
nvram_set[   15.381513] firmadyne: sys_socket[PID: 114 (klogd)]: family:1, type:2, protocol:0
[   15.384773] firmadyne: sys_socket[PID: 114 (klogd)]: family:1, type:1, protocol:0
[   15.386229] firmadyne: sys_socket[PID: 114 (klogd)]: family:1, type:2, protocol:0
: usb_info_dev0 = "A200396E0402FF83@1@14.4G@U@1@USB_Storage;U:;0;0@"
sem_get: Key: 410f00a7[   15.393527] firmadyne: sys_socket[PID: 114 (klogd)]: family:1, type:1, protocol:0
[   15.395032] firmadyne: sys_socket[PID: 114 (klogd)]: family:1, type:2, protocol:0

sem_get: Key: 410f00a7
[   15.402360] firmadyne: sys_socket[PID: 114 (klogd)]: family:1, type:1, protocol:0
[   15.403833] firmadyne: sys_socket[PID: 114 (klogd)]: family:1, type:2, protocol:0
nvram_set: usb_info_dev1 = "[   15.410769] firmadyne: sys_socket[PID: 114 (klogd)]: family:1, type:1, protocol:0
[   15.412262] firmadyne: sys_socket[PID: 114 (klogd)]: family:1, type:2, protocol:0
A200396E0402FF83@1@14.4G@U@1@USB_Storage;U:;0;0@"
sem_get: Key: 410f00a7
sem_get: Key: 410f00a7
[   15.422547] firmadyne: sys_socket[PID: 114 (klogd)]: family:1, type:1, protocol:0
[   15.424012] firmadyne: sys_socket[PID: 114 (klogd)]: family:1, type:2, protocol:0
nvram_set: usb_info_dev2 = "A200396E0402FF83@1@14.4G@U@1@USB_Storage;U:;0;0@"
sem_get: Key: 410f00a7
[   15.434549] firmadyne: sys_socket[PID: 114 (klogd)]: family:1, type:1, protocol:0
[   15.436014] firmadyne: sys_socket[PID: 114 (klogd)]: family:1, type:2, protocol:0
[   15.440129] firmadyne: sys_socket[PID: 114 (klogd)]: family:1, type:1, protocol:0
[   15.441759] firmadyne: sys_socket[PID: 114 (klogd)]: family:1, type:2, protocol:0
sem_get: Key: 410f00a7
nvram_set: usb_info_dev3 = "A200396E0402FF83@1@14.4G@U@1@USB_Storage;U:;0;0@"
sem_get: Key: 410f00a7
[   15.457091] firmadyne: sys_socket[PID: 114 (klogd)]: family:1, type:1, protocol:0
[   15.458601] firmadyne: sys_socket[PID: 114 (klogd)]: family:1, type:2, protocol:0
[   15.461907] firmadyne: sys_socket[PID: 114 (klogd)]: family:1, type:1, protocol:0
[   15.463366] firmadyne: sys_socket[PID: 114 (klogd)]: family:1, type:2, protocol:0
sem_get: Key: 410f00a7
[   15.470545] firmadyne: sys_socket[PID: 114 (klogd)]: family:1, type:1, protocol:0
[   15.472011] firmadyne: sys_socket[PID: 114 (klogd)]: family:1, type:2, protocol:0
nvram_set: usb_info_dev4 = "A200396E0402FF83@1@14.4G@U@1@USB_Storage;U:;0;0@"
sem_get: Key: 410f00a7
sem_get: Key: 410f00a7
nvram_set: usb_info_dev5 = "A200396E0402FF83@1@14.4G@U@1@USB_Storage;U:;0;0@"
sem_get: Key: 410f00a7
sem_get: Key: [   15.506399] firmadyne: sys_socket[PID: 114 (klogd)]: family:1, type:1, protocol:0
[   15.508206] firmadyne: sys_socket[PID: 114 (klogd)]: family:1, type:2, protocol:0
[   15.511402] firmadyne: sys_socket[PID: 114 (klogd)]: family:1, type:1, protocol:0
410f00a7
nvram_set: usb_info_dev6 = "A200396E0402FF83@1@14.4G@U@1@USB_Storage;U:;0;0@"
sem_get: Key: 410f00a7
[   15.521242] firmadyne: sys_socket[PID: 114 (klogd)]: family:1, type:2, protocol:0
[   15.524204] firmadyne: sys_socket[PID: 114 (klogd)]: family:1, type:1, protocol:0
sem_get: Key: 410f00a7
nvram_set: usb_info_dev7 = "A200396E0402FF83@1@14.4G@U@1@USB_Storage;U:;0;0@[   15.533524] firmadyne: sys_socket[PID: 114 (klogd)]: family:1, type:2, protocol:0
[   15.536826] firmadyne: sys_socket[PID: 114 (klogd)]: family:1, type:1, protocol:0
[   15.538284] firmadyne: sys_socket[PID: 114 (klogd)]: family:1, type:2, protocol:0
"
sem_get: Key: 410f00a7
[   15.545624] firmadyne: sys_socket[PID: 114 (klogd)]: family:1, type:1, protocol:0
[   15.547130] firmadyne: sys_socket[PID: 114 (klogd)]: family:1, type:2, protocol:0
sem_get: Key: 410f00a7
nvram_set[   15.554607] firmadyne: sys_socket[PID: 114 (klogd)]: family:1, type:1, protocol:0
[   15.556087] firmadyne: sys_socket[PID: 114 (klogd)]: family:1, type:2, protocol:0
: usb_info_dev8 = "A200396E0402FF83@1@14.4G@U@1@USB_Storage;U:;0;0@"
sem_get: Key: 410f00a7
sem_get: Key: 410f00a7[   15.566986] firmadyne: sys_socket[PID: 114 (klogd)]: family:1, type:1, protocol:0
[   15.568901] firmadyne: sys_socket[PID: 114 (klogd)]: family:1, type:2, protocol:0
[   15.571832] firmadyne: sys_socket[PID: 114 (klogd)]: family:1, type:1, protocol:0

nvram_set: usb_info_dev9 = "A200396E0402FF83@1@14.4G@U@1@USB_Storage;U:;0;0@"
sem_get: Key: 410f00a7
[   15.581071] firmadyne: sys_socket[PID: 114 (klogd)]: family:1, type:2, protocol:0
[   15.584051] firmadyne: sys_socket[PID: 114 (klogd)]: family:1, type:1, protocol:0
sem_get: Key: 410f00a7
nvram_set: usb_info_dev10 = "A200396E0402FF83@1@14.4G@U@1@USB_Storage;U:;0;0@[   15.593544] firmadyne: sys_socket[PID: 114 (klogd)]: family:1, type:2, protocol:0
[   15.596895] firmadyne: sys_socket[PID: 114 (klogd)]: family:1, type:1, protocol:0
[   15.598363] firmadyne: sys_socket[PID: 114 (klogd)]: family:1, type:2, protocol:0
"
sem_get: Key: 410f00a7
[   15.605632] firmadyne: sys_socket[PID: 114 (klogd)]: family:1, type:1, protocol:0
[   15.607131] firmadyne: sys_socket[PID: 114 (klogd)]: family:1, type:2, protocol:0
sem_get: Key: 410f00a7
nvram_set[   15.614631] firmadyne: sys_socket[PID: 114 (klogd)]: family:1, type:1, protocol:0
[   15.616108] firmadyne: sys_socket[PID: 114 (klogd)]: family:1, type:2, protocol:0
: usb_info_dev11 = "A200396E0402FF83@1@14.4G@U@1@USB_Storage;U:;0;0@"
sem_get: Key: 410f00a7
sem_get: Key: [   15.626769] firmadyne: sys_socket[PID: 114 (klogd)]: family:1, type:1, protocol:0
[   15.628266] firmadyne: sys_socket[PID: 114 (klogd)]: family:1, type:2, protocol:0
410f00a7
nvram_set: usb_info_dev12 = "A200396E0402FF83@1@14.4G@U@1@USB_Storage;U:;0;0@"
sem_get: Key: 410f00a7[   15.638893] firmadyne: sys_socket[PID: 114 (klogd)]: family:1, type:1, protocol:0
[   15.640821] firmadyne: sys_socket[PID: 114 (klogd)]: family:1, type:2, protocol:0
[   15.643746] firmadyne: sys_socket[PID: 114 (klogd)]: family:1, type:1, protocol:0

sem_get: Key: 410f00a7
[   15.649590] firmadyne: sys_socket[PID: 114 (klogd)]: family:1, type:2, protocol:0
nvram_set: usb_info_dev13 = "A200396E0402FF83@1@14.4G@U@1@USB_Storage;U:;0;0@[   15.657137] firmadyne: sys_socket[PID: 114 (klogd)]: family:1, type:1, protocol:0
[   15.658646] firmadyne: sys_socket[PID: 114 (klogd)]: family:1, type:2, protocol:0
"
sem_get: Key: 410f00a7
[   15.666015] firmadyne: sys_socket[PID: 114 (klogd)]: family:1, type:1, protocol:0
[   15.667518] firmadyne: sys_socket[PID: 114 (klogd)]: family:1, type:2, protocol:0
sem_get: Key: 410f00a7
[   15.674572] firmadyne: sys_socket[PID: 114 (klogd)]: family:1, type:1, protocol:0
[   15.676040] firmadyne: sys_socket[PID: 114 (klogd)]: family:1, type:2, protocol:0
nvram_set: usb_info_dev14 = "A200396E0402FF83@1@14.4G@U@1@USB_Storage;U:;0;0@"
sem_get: Key: 410f00a7
sem_get[   15.686909] firmadyne: sys_socket[PID: 114 (klogd)]: family:1, type:1, protocol:0
[   15.688840] firmadyne: sys_socket[PID: 114 (klogd)]: family:1, type:2, protocol:0
[   15.691788] firmadyne: sys_socket[PID: 114 (klogd)]: family:1, type:1, protocol:0
: Key: 410f00a7
nvram_set[   15.697283] firmadyne: sys_socket[PID: 114 (klogd)]: family:1, type:2, protocol:0
[   15.700286] firmadyne: sys_socket[PID: 114 (klogd)]: family:1, type:1, protocol:0
: usb_info_dev15 = "A200396E0402FF83@1@14.4G@U@1@USB_Storage;U:;0;0@"
sem_get: Key: 410f00a7
sem_get: Key: 410f00a7
[   15.713101] firmadyne: sys_socket[PID: 114 (klogd)]: family:1, type:2, protocol:0
[   15.716322] firmadyne: sys_socket[PID: 114 (klogd)]: family:1, type:1, protocol:0
[   15.718214] firmadyne: sys_socket[PID: 114 (klogd)]: family:1, type:2, protocol:0
[   15.721406] firmadyne: sys_socket[PID: 114 (klogd)]: family:1, type:1, protocol:0
[   15.722896] firmadyne: sys_socket[PID: 114 (klogd)]: family:1, type:2, protocol:0
nvram_set: usb_info_dev16 = "A200396E0402FF83@1@14.4G@U@1@USB_Storage;U:;0;0@"
sem_get: Key: 410f00a7
sem_get: Key: 410f00a7[   15.734450] firmadyne: sys_socket[PID: 114 (klogd)]: family:1, type:1, protocol:0
[   15.735920] firmadyne: sys_socket[PID: 114 (klogd)]: family:1, type:2, protocol:0

nvram_set: usb_info_dev17 = "A200396E0402FF83@1@14.4G@U@1@USB_Storage;U:;0;0@"
sem_get: Key: 410f00a7
[   15.746572] firmadyne: sys_socket[PID: 114 (klogd)]: family:1, type:1, protocol:0
[   15.748075] firmadyne: sys_socket[PID: 114 (klogd)]: family:1, type:2, protocol:0
sem_get: Key: 410f00a7
nvram_set: usb_info_dev18 = "A200396E0402FF83@1@14.4G@U@1@USB_Storage;U:;0;0@[   15.758988] firmadyne: sys_socket[PID: 114 (klogd)]: family:1, type:1, protocol:0
[   15.760884] firmadyne: sys_socket[PID: 114 (klogd)]: family:1, type:2, protocol:0
[   15.763752] firmadyne: sys_socket[PID: 114 (klogd)]: family:1, type:1, protocol:0
"
sem_get: Key: 410f00a7
[   15.769071] firmadyne: sys_socket[PID: 114 (klogd)]: family:1, type:2, protocol:0
[   15.771982] firmadyne: sys_socket[PID: 114 (klogd)]: family:1, type:1, protocol:0
sem_get: Key: 410f00a7
nvram_set: usb_info_dev19 = "A200396E0402FF83@1@14.4G@U@1@USB_Storage;U:;0;0@"
[   15.781136] firmadyne: sys_socket[PID: 114 (klogd)]: family:1, type:2, protocol:0
[   15.784092] firmadyne: sys_socket[PID: 114 (klogd)]: family:1, type:1, protocol:0
sem_get: Key: 410f00a7
sem_get: Key: 410f00a7
nvram_set[   15.793468] firmadyne: sys_socket[PID: 114 (klogd)]: family:1, type:2, protocol:0
[   15.796794] firmadyne: sys_socket[PID: 114 (klogd)]: family:1, type:1, protocol:0
[   15.798273] firmadyne: sys_socket[PID: 114 (klogd)]: family:1, type:2, protocol:0
: usb_info_dev20 = "A200396E0402FF83@1@14.4G@U@1@USB_Storage;U:;0;0@"
sem_get: Key: 410f00a7[   15.805592] firmadyne: sys_socket[PID: 114 (klogd)]: family:1, type:1, protocol:0
[   15.807136] firmadyne: sys_socket[PID: 114 (klogd)]: family:1, type:2, protocol:0

sem_get: Key: 410f00a7
[   15.814491] firmadyne: sys_socket[PID: 114 (klogd)]: family:1, type:1, protocol:0
[   15.816081] firmadyne: sys_socket[PID: 114 (klogd)]: family:1, type:2, protocol:0
nvram_set: usb_info_dev21 = "A200396E0402FF83@1@14.4G@U@1@USB_Storage;U:;0;0@"
sem_get: Key: 410f00a7
[   15.826877] firmadyne: sys_socket[PID: 114 (klogd)]: family:1, type:1, protocol:0
[   15.828884] firmadyne: sys_socket[PID: 114 (klogd)]: family:1, type:2, protocol:0
[   15.831924] firmadyne: sys_socket[PID: 114 (klogd)]: family:1, type:1, protocol:0
sem_get: Key: 410f00a7
[   15.837500] firmadyne: sys_socket[PID: 114 (klogd)]: family:1, type:2, protocol:0
nvram_set: usb_info_dev22 = "A200396E0402FF83@1@14.4G@U@1@USB_Storage;U:;0;0@[   15.845261] firmadyne: sys_socket[PID: 114 (klogd)]: family:1, type:1, protocol:0
[   15.846846] firmadyne: sys_socket[PID: 114 (klogd)]: family:1, type:2, protocol:0
"
sem_get: Key: 410f00a7
[   15.854321] firmadyne: sys_socket[PID: 114 (klogd)]: family:1, type:1, protocol:0
[   15.855875] firmadyne: sys_socket[PID: 114 (klogd)]: family:1, type:2, protocol:0
sem_get: Key: 410f00a7
nvram_set: usb_info_dev23 = "A200396E0402FF83@1@14.4G@U@1@USB_Storage;U:;0;0@[   15.866831] firmadyne: sys_socket[PID: 114 (klogd)]: family:1, type:1, protocol:0
"
sem_get: Key: 410f00a7
[   15.872673] firmadyne: sys_socket[PID: 114 (klogd)]: family:1, type:2, protocol:0
[   15.875889] firmadyne: sys_socket[PID: 114 (klogd)]: family:1, type:1, protocol:0
sem_get: Key: 410f00a7
[   15.881496] firmadyne: sys_socket[PID: 114 (klogd)]: family:1, type:2, protocol:0
nvram_set: usb_info_dev24[   15.890090] firmadyne: sys_socket[PID: 114 (klogd)]: family:1, type:1, protocol:0
[   15.892090] firmadyne: sys_socket[PID: 114 (klogd)]: family:1, type:2, protocol:0
 = "A200396E0402FF83@1@14.4G@U@1@USB_Storage;U:;0;0@"
sem_get: Key: 410f00a7
sem_get: Key: 410f00a7[   15.902832] firmadyne: sys_socket[PID: 114 (klogd)]: family:1, type:1, protocol:0
[   15.904639] firmadyne: sys_socket[PID: 114 (klogd)]: family:1, type:2, protocol:0

nvram_set: usb_info_dev25 = "A200396E0402FF83@1@14.4G@U@1@USB_Storage;U:;0;0@"
[   15.914543] firmadyne: sys_socket[PID: 114 (klogd)]: family:1, type:1, protocol:0
[   15.915974] firmadyne: sys_socket[PID: 114 (klogd)]: family:1, type:2, protocol:0
sem_get: Key: 410f00a7
sem_get: Key: 410f00a7
nvram_set: [   15.926851] firmadyne: sys_socket[PID: 114 (klogd)]: family:1, type:1, protocol:0
[   15.928314] firmadyne: sys_socket[PID: 114 (klogd)]: family:1, type:2, protocol:0
[   15.931648] firmadyne: sys_socket[PID: 114 (klogd)]: family:1, type:1, protocol:0
[   15.933317] firmadyne: sys_socket[PID: 114 (klogd)]: family:1, type:2, protocol:0
[   15.936312] firmadyne: sys_socket[PID: 114 (klogd)]: family:1, type:1, protocol:0
usb_info_dev26 = "A200396E0402FF83@1@14.4G@U@1@USB_Storage;U:;0;0@"
sem_get: Key: 410f00a7
sem_get: Key: 410f00a7[   15.945225] firmadyne: sys_socket[PID: 114 (klogd)]: family:1, type:2, protocol:0
[   15.948165] firmadyne: sys_socket[PID: 114 (klogd)]: family:1, type:1, protocol:0

nvram_set: usb_info_dev27 = "A200396E0402FF83@1@14.4G@U@1@USB_Storage;U:;0;0@"
sem_get: Key: 410f00a7
[   15.957072] firmadyne: sys_socket[PID: 114 (klogd)]: family:1, type:2, protocol:0
[   15.960065] firmadyne: sys_socket[PID: 114 (klogd)]: family:1, type:1, protocol:0
sem_get: Key: 410f00a7
nvram_set: [   15.969212] firmadyne: sys_socket[PID: 114 (klogd)]: family:1, type:2, protocol:0
[   15.972181] firmadyne: sys_socket[PID: 114 (klogd)]: family:1, type:1, protocol:0
usb_info_dev28 = "A200396E0402FF83@1@14.4G@U@1@USB_Storage;U:;0;0@"
sem_get: Key: 410f00a7
sem_get: Key: 410f00a7
[   15.981531] firmadyne: sys_socket[PID: 114 (klogd)]: family:1, type:2, protocol:0
[   15.984801] firmadyne: sys_socket[PID: 114 (klogd)]: family:1, type:1, protocol:0
[   15.986216] firmadyne: sys_socket[PID: 114 (klogd)]: family:1, type:2, protocol:0
nvram_set: usb_info_dev29 = "A200396E0402FF83@1@14.4G@U@1@USB_Storage;U:;0;0@[   15.993481] firmadyne: sys_socket[PID: 114 (klogd)]: family:1, type:1, protocol:0
[   15.994950] firmadyne: sys_socket[PID: 114 (klogd)]: family:1, type:2, protocol:0
"
sem_get: Key: 410f00a7
[   16.002343] firmadyne: sys_socket[PID: 114 (klogd)]: family:1, type:1, protocol:0
[   16.003792] firmadyne: sys_socket[PID: 114 (klogd)]: family:1, type:2, protocol:0
sem_get: Key: 410f00a7
nvram_set: usb_info_dev30 = "A200396E0402FF83@1@14.4G@U@1@USB_Storage;U:;0;0@"
sem_get: Key: 410f00a7
sem_get: Key: 410f00a7
nvram_set: usb_info_dev31[   16.033205] firmadyne: sys_socket[PID: 114 (klogd)]: family:1, type:1, protocol:0
[   16.034690] firmadyne: sys_socket[PID: 114 (klogd)]: family:1, type:2, protocol:0
 = "A200396E0402FF83@1@14.4G@U@1@USB_Storage;U:;0;0@"
sem_get: Key: 410f00a7
[   16.042240] firmadyne: sys_socket[PID: 114 (klogd)]: family:1, type:1, protocol:0
[   16.043701] firmadyne: sys_socket[PID: 114 (klogd)]: family:1, type:2, protocol:0
sem_get: Key: 410f00a7
[   16.050572] firmadyne: sys_socket[PID: 114 (klogd)]: family:1, type:1, protocol:0
[   16.052003] firmadyne: sys_socket[PID: 114 (klogd)]: family:1, type:2, protocol:0
nvram_set: usb_info_dev32 = "A200396E0402FF83@1@14.4G@U@1@USB_Storage;U:;0;0@"
sem_get: Key: 410f00a7
[   16.062697] firmadyne: sys_socket[PID: 114 (klogd)]: family:1, type:1, protocol:0
[   16.064144] firmadyne: sys_socket[PID: 114 (klogd)]: family:1, type:2, protocol:0
sem_get: Key: 410f00a7
nvram_set: usb_info_dev33 = "A200396E0402FF83@1@14.4G@U@1@USB_Storage;U:;0;0@"
sem_get[   16.074634] firmadyne: sys_socket[PID: 114 (klogd)]: family:1, type:1, protocol:0
[   16.076083] firmadyne: sys_socket[PID: 114 (klogd)]: family:1, type:2, protocol:0
[   16.079556] firmadyne: sys_socket[PID: 114 (klogd)]: family:1, type:1, protocol:0
[   16.081194] firmadyne: sys_socket[PID: 114 (klogd)]: family:1, type:2, protocol:0
[   16.084049] firmadyne: sys_socket[PID: 114 (klogd)]: family:1, type:1, protocol:0
: Key: 410f00a7
sem_get: Key: 410f00a7
nvram_set: usb_info_dev34 = "A200396E0402FF83@1@14.4G@U@1@USB_Storage;U:;0;0@"
sem_get: Key: 410f00a7
[   16.097112] firmadyne: sys_socket[PID: 114 (klogd)]: family:1, type:2, protocol:0
[   16.100127] firmadyne: sys_socket[PID: 114 (klogd)]: family:1, type:1, protocol:0
sem_get: Key: 410f00a7
[   16.106729] firmadyne: sys_socket[PID: 114 (klogd)]: family:1, type:2, protocol:0
[   16.109964] firmadyne: sys_socket[PID: 114 (klogd)]: family:1, type:1, protocol:0
[   16.111420] firmadyne: sys_socket[PID: 114 (klogd)]: family:1, type:2, protocol:0
nvram_set: usb_info_dev35 = "A200396E0402FF83@1@14.4G@U@1@USB_Storage;U:;0;0@[   16.120600] firmadyne: sys_socket[PID: 114 (klogd)]: family:1, type:1, protocol:0
[   16.122053] firmadyne: sys_socket[PID: 114 (klogd)]: family:1, type:2, protocol:0
"
sem_get: Key: 410f00a7
sem_get: Key: 410f00a7
nvram_set[   16.133632] firmadyne: sys_socket[PID: 114 (klogd)]: family:1, type:1, protocol:0
[   16.135154] firmadyne: sys_socket[PID: 114 (klogd)]: family:1, type:2, protocol:0
: usb_info_dev36 = "A200396E0402FF83@1@14.4G@U@1@USB_Storage;U:;0;0@"
sem_get: Key: 410f00a7[   16.142639] firmadyne: sys_socket[PID: 114 (klogd)]: family:1, type:1, protocol:0
[   16.144157] firmadyne: sys_socket[PID: 114 (klogd)]: family:1, type:2, protocol:0

sem_get: Key: 410f00a7
nvram_set: usb_info_dev37 = "[   16.154676] firmadyne: sys_socket[PID: 114 (klogd)]: family:1, type:1, protocol:0
[   16.156107] firmadyne: sys_socket[PID: 114 (klogd)]: family:1, type:2, protocol:0
A200396E0402FF83@1@14.4G@U@1@USB_Storage;U:;0;0@"
sem_get: Key: 410f00a7
[   16.162920] firmadyne: sys_socket[PID: 114 (klogd)]: family:1, type:1, protocol:0
sem_get: Key: 410f00a7
[   16.168674] firmadyne: sys_socket[PID: 114 (klogd)]: family:1, type:2, protocol:0
[   16.171717] firmadyne: sys_socket[PID: 114 (klogd)]: family:1, type:1, protocol:0
nvram_set: usb_info_dev38 = "A200396E0402FF83@1@14.4G@U@1@USB_Storage;U:;0;0@[   16.177372] firmadyne: sys_socket[PID: 114 (klogd)]: family:1, type:2, protocol:0
"
sem_get: Key: 410f00a7
[   16.184842] firmadyne: sys_socket[PID: 114 (klogd)]: family:1, type:1, protocol:0
[   16.186316] firmadyne: sys_socket[PID: 114 (klogd)]: family:1, type:2, protocol:0
sem_get: Key: 410f00a7
nvram_set[   16.193668] firmadyne: sys_socket[PID: 114 (klogd)]: family:1, type:1, protocol:0
[   16.195137] firmadyne: sys_socket[PID: 114 (klogd)]: family:1, type:2, protocol:0
: usb_info_dev39 = "A200396E0402FF83@1@14.4G@U@1@USB_Storage;U:;0;0@"
sem_get: Key: 410f00a7[   16.202718] firmadyne: sys_socket[PID: 114 (klogd)]: family:1, type:1, protocol:0
[   16.204221] firmadyne: sys_socket[PID: 114 (klogd)]: family:1, type:2, protocol:0

sem_get: Key: 410f00a7
nvram_set: usb_info_dev40 = "[   16.214810] firmadyne: sys_socket[PID: 114 (klogd)]: family:1, type:1, protocol:0
[   16.216308] firmadyne: sys_socket[PID: 114 (klogd)]: family:1, type:2, protocol:0
[   16.219644] firmadyne: sys_socket[PID: 114 (klogd)]: family:1, type:1, protocol:0
[   16.221311] firmadyne: sys_socket[PID: 114 (klogd)]: family:1, type:2, protocol:0
[   16.224224] firmadyne: sys_socket[PID: 114 (klogd)]: family:1, type:1, protocol:0
A200396E0402FF83@1@14.4G@U@1@USB_Storage;U:;0;0@"
sem_get: Key: 410f00a7
sem_get: Key: 410f00a7
nvram_set: usb_info_dev41 = "A200396E0402FF83@1@14.4G@U@1@USB_Storage;U:;0;0@"
[   16.237192] firmadyne: sys_socket[PID: 114 (klogd)]: family:1, type:2, protocol:0
[   16.240134] firmadyne: sys_socket[PID: 114 (klogd)]: family:1, type:1, protocol:0
sem_get: Key: 410f00a7
sem_get: Key: 410f00a7
nvram_set[   16.249507] firmadyne: sys_socket[PID: 114 (klogd)]: family:1, type:2, protocol:0
[   16.252847] firmadyne: sys_socket[PID: 114 (klogd)]: family:1, type:1, protocol:0
[   16.254285] firmadyne: sys_socket[PID: 114 (klogd)]: family:1, type:2, protocol:0
: usb_info_dev42 = "A200396E0402FF83@1@14.4G@U@1@USB_Storage;U:;0;0@"
sem_get: Key: 410f00a7[   16.261637] firmadyne: sys_socket[PID: 114 (klogd)]: family:1, type:1, protocol:0
[   16.263111] firmadyne: sys_socket[PID: 114 (klogd)]: family:1, type:2, protocol:0

sem_get: Key: 410f00a7
[   16.270518] firmadyne: sys_socket[PID: 114 (klogd)]: family:1, type:1, protocol:0
[   16.271987] firmadyne: sys_socket[PID: 114 (klogd)]: family:1, type:2, protocol:0
nvram_set: usb_info_dev43 = "A200396E0402FF83@1@14.4G@U@1@USB_Storage;U:;0;0@"
sem_get: Key: 410f00a7
[   16.282555] firmadyne: sys_socket[PID: 114 (klogd)]: family:1, type:1, protocol:0
[   16.283990] firmadyne: sys_socket[PID: 114 (klogd)]: family:1, type:2, protocol:0
[   16.287382] firmadyne: sys_socket[PID: 114 (klogd)]: family:1, type:1, protocol:0
[   16.289032] firmadyne: sys_socket[PID: 114 (klogd)]: family:1, type:2, protocol:0
[   16.291898] firmadyne: sys_socket[PID: 114 (klogd)]: family:1, type:1, protocol:0
sem_get: Key: 410f00a7
nvram_set: usb_info_dev44 = "A200396E0402FF83@1@14.4G@U@1@USB_Storage;U:;0;0@"
[   16.301124] firmadyne: sys_socket[PID: 114 (klogd)]: family:1, type:2, protocol:0
[   16.304135] firmadyne: sys_socket[PID: 114 (klogd)]: family:1, type:1, protocol:0
sem_get: Key: 410f00a7
sem_get: Key: 410f00a7
[   16.313066] firmadyne: sys_socket[PID: 114 (klogd)]: family:1, type:2, protocol:0
[   16.316027] firmadyne: sys_socket[PID: 114 (klogd)]: family:1, type:1, protocol:0
nvram_set: usb_info_dev45 = "A200396E0402FF83@1@14.4G@U@1@USB_Storage;U:;0;0@"
sem_get: Key: 410f00a7
[   16.325049] firmadyne: sys_socket[PID: 114 (klogd)]: family:1, type:2, protocol:0
[   16.328057] firmadyne: sys_socket[PID: 114 (klogd)]: family:1, type:1, protocol:0
sem_get: Key: 410f00a7
nvram_set: usb_info_dev46 = "A200396E0402FF83@1@14.4G@U@1@USB_Storage;U:;0;0@"
[   16.337052] firmadyne: sys_socket[PID: 114 (klogd)]: family:1, type:2, protocol:0
[   16.340030] firmadyne: sys_socket[PID: 114 (klogd)]: family:1, type:1, protocol:0
[   16.341979] firmadyne: sys_socket[PID: 114 (klogd)]: family:1, type:2, protocol:0
[   16.345290] firmadyne: sys_socket[PID: 114 (klogd)]: family:1, type:1, protocol:0
[   16.346713] firmadyne: sys_socket[PID: 114 (klogd)]: family:1, type:2, protocol:0
sem_get: Key: 410f00a7
sem_get: Key: 410f00a7
nvram_set: [   16.357852] firmadyne: sys_socket[PID: 114 (klogd)]: family:1, type:1, protocol:0
[   16.359338] firmadyne: sys_socket[PID: 114 (klogd)]: family:1, type:2, protocol:0
usb_info_dev47 = "A200396E0402FF83@1@14.4G@U@1@USB_Storage;U:;0;0@"
sem_get: Key: 410f00a7
[   16.366815] firmadyne: sys_socket[PID: 114 (klogd)]: family:1, type:1, protocol:0
[   16.368310] firmadyne: sys_socket[PID: 114 (klogd)]: family:1, type:2, protocol:0
sem_get: Key: 410f00a7
nvram_set: usb_info_dev48 = "A200396E0402FF83@1@14.4G@U@1@USB_Storage;U:;0;0@[   16.379116] firmadyne: sys_socket[PID: 114 (klogd)]: family:1, type:1, protocol:0
"
sem_get: Key: 410f00a7
[   16.384977] firmadyne: sys_socket[PID: 114 (klogd)]: family:1, type:2, protocol:0
[   16.387919] firmadyne: sys_socket[PID: 114 (klogd)]: family:1, type:1, protocol:0
sem_get: Key: 410f00a7
[   16.393006] firmadyne: sys_socket[PID: 114 (klogd)]: family:1, type:2, protocol:0
[   16.395951] firmadyne: sys_socket[PID: 114 (klogd)]: family:1, type:1, protocol:0
nvram_set: usb_info_dev49 = "A200396E0402FF83@1@14.4G@U@1@USB_Storage;U:;0;0@"
sem_get: Key: 410f00a7
sem_get[   16.405377] firmadyne: sys_socket[PID: 114 (klogd)]: family:1, type:2, protocol:0
[   16.408325] firmadyne: sys_socket[PID: 114 (klogd)]: family:1, type:1, protocol:0
: Key: 410f00a7
nvram_set: usb_info_dev50 = "A200396E0402FF83@1@14.4G@U@1@USB_Storage;U:;0;0@"
sem_get: Key: [   16.417120] firmadyne: sys_socket[PID: 114 (klogd)]: family:1, type:2, protocol:0
[   16.420039] firmadyne: sys_socket[PID: 114 (klogd)]: family:1, type:1, protocol:0
[   16.421973] firmadyne: sys_socket[PID: 114 (klogd)]: family:1, type:2, protocol:0
[   16.425055] firmadyne: sys_socket[PID: 114 (klogd)]: family:1, type:1, protocol:0
[   16.426483] firmadyne: sys_socket[PID: 114 (klogd)]: family:1, type:2, protocol:0
410f00a7
sem_get: Key: 410f00a7
nvram_set: usb_info_dev51 = "A200396E0402FF83@1@14.4G@U@1@USB_Storage;U:;0;0@[   16.438778] firmadyne: sys_socket[PID: 114 (klogd)]: family:1, type:1, protocol:0
[   16.440280] firmadyne: sys_socket[PID: 114 (klogd)]: family:1, type:2, protocol:0
[   16.443448] firmadyne: sys_socket[PID: 114 (klogd)]: family:1, type:1, protocol:0
"
sem_get: Key: 410f00a7
[   16.449120] firmadyne: sys_socket[PID: 114 (klogd)]: family:1, type:2, protocol:0
[   16.452095] firmadyne: sys_socket[PID: 114 (klogd)]: family:1, type:1, protocol:0
sem_get: Key: 410f00a7
nvram_set: usb_info_dev52 = "A200396E0402FF83@1@14.4G@U@1@USB_Storage;U:;0;0@"
sem_get[   16.461355] firmadyne: sys_socket[PID: 114 (klogd)]: family:1, type:2, protocol:0
[   16.464314] firmadyne: sys_socket[PID: 114 (klogd)]: family:1, type:1, protocol:0
: Key: 410f00a7
sem_get: Key: 410f00a7
nvram_set: [   16.473141] firmadyne: sys_socket[PID: 114 (klogd)]: family:1, type:2, protocol:0
[   16.476168] firmadyne: sys_socket[PID: 114 (klogd)]: family:1, type:1, protocol:0
[   16.478032] firmadyne: sys_socket[PID: 114 (klogd)]: family:1, type:2, protocol:0
usb_info_dev53 = "A200396E0402FF83@1@14.4G@U@1@USB_Storage;U:;0;0@"
sem_get: Key: 410f00a7
sem_get: Key: 410f00a7
nvram_set: usb_info_dev54 = "A200396E0402FF83@1@14.4G@U@1@USB_Storage;U:;0;0@"
sem_get: Key: 410f00a7
sem_get: Key: 410f00a7
nvram_set: usb_info_dev55[   16.513115] firmadyne: sys_socket[PID: 114 (klogd)]: family:1, type:1, protocol:0
[   16.514593] firmadyne: sys_socket[PID: 114 (klogd)]: family:1, type:2, protocol:0
[   16.518082] firmadyne: sys_socket[PID: 114 (klogd)]: family:1, type:1, protocol:0
[   16.519522] firmadyne: sys_socket[PID: 114 (klogd)]: family:1, type:2, protocol:0
 = "A200396E0402FF83@1@14.4G@U@1@USB_Storage;U:;0;0@"
sem_get: Key: 410f00a7
[   16.526571] firmadyne: sys_socket[PID: 114 (klogd)]: family:1, type:1, protocol:0
[   16.528036] firmadyne: sys_socket[PID: 114 (klogd)]: family:1, type:2, protocol:0
sem_get: Key: 410f00a7
nvram_set: usb_info_dev56 = "A200396E0402FF83@1@14.4G@U@1@USB_Storage;U:;0;0@[   16.538891] firmadyne: sys_socket[PID: 114 (klogd)]: family:1, type:1, protocol:0
[   16.540796] firmadyne: sys_socket[PID: 114 (klogd)]: family:1, type:2, protocol:0
[   16.543734] firmadyne: sys_socket[PID: 114 (klogd)]: family:1, type:1, protocol:0
"
sem_get: Key: 410f00a7
[   16.549348] firmadyne: sys_socket[PID: 114 (klogd)]: family:1, type:2, protocol:0
[   16.552540] firmadyne: sys_socket[PID: 114 (klogd)]: family:1, type:1, protocol:0
sem_get: Key: 410f00a7
nvram_set: usb_info_dev57 = "A200396E0402FF83@1@14.4G@U@1@USB_Storage;U:;0;0@"
[   16.561238] firmadyne: sys_socket[PID: 114 (klogd)]: family:1, type:2, protocol:0
[   16.564283] firmadyne: sys_socket[PID: 114 (klogd)]: family:1, type:1, protocol:0
sem_get: Key: 410f00a7
sem_get: Key: 410f00a7
[   16.573062] firmadyne: sys_socket[PID: 114 (klogd)]: family:1, type:2, protocol:0
[   16.575985] firmadyne: sys_socket[PID: 114 (klogd)]: family:1, type:1, protocol:0
nvram_set: usb_info_dev58 = "A200396E0402FF83@1@14.4G@U@1@USB_Storage;U:;0;0@"
sem_get: Key: 410f00a7
sem_get: Key: [   16.585496] firmadyne: sys_socket[PID: 114 (klogd)]: family:1, type:2, protocol:0
[   16.588844] firmadyne: sys_socket[PID: 114 (klogd)]: family:1, type:1, protocol:0
[   16.590284] firmadyne: sys_socket[PID: 114 (klogd)]: family:1, type:2, protocol:0
410f00a7
nvram_set: usb_info_dev59 = "[   16.597824] firmadyne: sys_socket[PID: 114 (klogd)]: family:1, type:1, protocol:0
[   16.599360] firmadyne: sys_socket[PID: 114 (klogd)]: family:1, type:2, protocol:0
A200396E0402FF83@1@14.4G@U@1@USB_Storage;U:;0;0@"
sem_get: Key: 410f00a7
[   16.606600] firmadyne: sys_socket[PID: 114 (klogd)]: family:1, type:1, protocol:0
[   16.608050] firmadyne: sys_socket[PID: 114 (klogd)]: family:1, type:2, protocol:0
sem_get: Key: 410f00a7
nvram_set: usb_info_dev60 = "A200396E0402FF83@1@14.4G@U@1@USB_Storage;U:;0;0@"
[   16.618687] firmadyne: sys_socket[PID: 114 (klogd)]: family:1, type:1, protocol:0
[   16.620170] firmadyne: sys_socket[PID: 114 (klogd)]: family:1, type:2, protocol:0
[   16.623499] firmadyne: sys_socket[PID: 114 (klogd)]: family:1, type:1, protocol:0
[   16.625185] firmadyne: sys_socket[PID: 114 (klogd)]: family:1, type:2, protocol:0
[   16.628080] firmadyne: sys_socket[PID: 114 (klogd)]: family:1, type:1, protocol:0
sem_get: Key: 410f00a7
sem_get: Key: 410f00a7
nvram_set[   16.637488] firmadyne: sys_socket[PID: 114 (klogd)]: family:1, type:2, protocol:0
: usb_info_dev61 = "A200396E0402FF83@1@14.4G@U@1@USB_Storage;U:;0;0@"
sem_get: Key: 410f00a7[   16.644952] firmadyne: sys_socket[PID: 114 (klogd)]: family:1, type:1, protocol:0
[   16.646450] firmadyne: sys_socket[PID: 114 (klogd)]: family:1, type:2, protocol:0

sem_get: Key: 410f00a7
[   16.653816] firmadyne: sys_socket[PID: 114 (klogd)]: family:1, type:1, protocol:0
[   16.655317] firmadyne: sys_socket[PID: 114 (klogd)]: family:1, type:2, protocol:0
nvram_set: usb_info_dev62 = "A200396E0402FF83@1@14.4G@U@1@USB_Storage;U:;0;0@[   16.662897] firmadyne: sys_socket[PID: 114 (klogd)]: family:1, type:1, protocol:0
[   16.664569] firmadyne: sys_socket[PID: 114 (klogd)]: family:1, type:2, protocol:0
"
sem_get: Key: 410f00a7
sem_get: Key: 410f00a7
[   16.674558] firmadyne: sys_socket[PID: 114 (klogd)]: family:1, type:1, protocol:0
[   16.675981] firmadyne: sys_socket[PID: 114 (klogd)]: family:1, type:2, protocol:0
nvram_set: usb_info_dev63 = "A200396E0402FF83@1@14.4G@U@1@USB_Storage;U:;0;0@"
sem_get: Key: 410f00a7
sem_get[   16.686991] firmadyne: sys_socket[PID: 114 (klogd)]: family:1, type:1, protocol:0
[   16.688912] firmadyne: sys_socket[PID: 114 (klogd)]: family:1, type:2, protocol:0
[   16.691867] firmadyne: sys_socket[PID: 114 (klogd)]: family:1, type:1, protocol:0
: Key: 410f00a7
nvram_set[   16.697351] firmadyne: sys_socket[PID: 114 (klogd)]: family:1, type:2, protocol:0
[   16.700583] firmadyne: sys_socket[PID: 114 (klogd)]: family:1, type:1, protocol:0
: usb_info_dev64 = "A200396E0402FF83@1@14.4G@U@1@USB_Storage;U:;0;0@"
sem_get: Key: 410f00a7
sem_get: Key: 410f00a7
nvram_set[   16.713391] firmadyne: sys_socket[PID: 114 (klogd)]: family:1, type:2, protocol:0
[   16.716692] firmadyne: sys_socket[PID: 114 (klogd)]: family:1, type:1, protocol:0
[   16.718328] firmadyne: sys_socket[PID: 114 (klogd)]: family:1, type:2, protocol:0
[   16.721478] firmadyne: sys_socket[PID: 114 (klogd)]: family:1, type:1, protocol:0
[   16.722899] firmadyne: sys_socket[PID: 114 (klogd)]: family:1, type:2, protocol:0
: usb_info_dev65 = "A200396E0402FF83@1@14.4G@U@1@USB_Storage;U:;0;0@"
sem_get: Key: 410f00a7
sem_get: Key: 410f00a7
[   16.734239] firmadyne: sys_socket[PID: 114 (klogd)]: family:1, type:1, protocol:0
[   16.735710] firmadyne: sys_socket[PID: 114 (klogd)]: family:1, type:2, protocol:0
nvram_set: usb_info_dev66 = "[   16.742668] firmadyne: sys_socket[PID: 114 (klogd)]: family:1, type:1, protocol:0
[   16.744097] firmadyne: sys_socket[PID: 114 (klogd)]: family:1, type:2, protocol:0
A200396E0402FF83@1@14.4G@U@1@USB_Storage;U:;0;0@"
sem_get: Key: 410f00a7
sem_get: Key: 410f00a7
[   16.754561] firmadyne: sys_socket[PID: 114 (klogd)]: family:1, type:1, protocol:0
[   16.755994] firmadyne: sys_socket[PID: 114 (klogd)]: family:1, type:2, protocol:0
nvram_set: usb_info_dev67 = "A200396E0402FF83@1@14.4G@U@1@USB_Storage;U:;0;0@[   16.762885] firmadyne: sys_socket[PID: 114 (klogd)]: family:1, type:1, protocol:0
[   16.764564] firmadyne: sys_socket[PID: 114 (klogd)]: family:1, type:2, protocol:0
"
sem_get: Key: 410f00a7
sem_get: Key: 410f00a7
[   16.774556] firmadyne: sys_socket[PID: 114 (klogd)]: family:1, type:1, protocol:0
[   16.775987] firmadyne: sys_socket[PID: 114 (klogd)]: family:1, type:2, protocol:0
nvram_set: usb_info_dev68 = "A200396E0402FF83@1@14.4G@U@1@USB_Storage;U:;0;0@"
sem_get: Key: 410f00a7
sem_get[   16.786923] firmadyne: sys_socket[PID: 114 (klogd)]: family:1, type:1, protocol:0
[   16.788842] firmadyne: sys_socket[PID: 114 (klogd)]: family:1, type:2, protocol:0
[   16.791737] firmadyne: sys_socket[PID: 114 (klogd)]: family:1, type:1, protocol:0
: Key: 410f00a7
nvram_set[   16.797198] firmadyne: sys_socket[PID: 114 (klogd)]: family:1, type:2, protocol:0
[   16.800131] firmadyne: sys_socket[PID: 114 (klogd)]: family:1, type:1, protocol:0
: usb_info_dev69 = "A200396E0402FF83@1@14.4G@U@1@USB_Storage;U:;0;0@"
sem_get: Key: 410f00a7
sem_get: Key: 410f00a7[   16.809428] firmadyne: sys_socket[PID: 114 (klogd)]: family:1, type:2, protocol:0
[   16.812787] firmadyne: sys_socket[PID: 114 (klogd)]: family:1, type:1, protocol:0
[   16.814229] firmadyne: sys_socket[PID: 114 (klogd)]: family:1, type:2, protocol:0

nvram_set: usb_info_dev70 = "A200396E0402FF83@1@14.4G@U@1@USB_Storage;U:;0;0@[   16.822079] firmadyne: sys_socket[PID: 114 (klogd)]: family:1, type:1, protocol:0
[   16.823592] firmadyne: sys_socket[PID: 114 (klogd)]: family:1, type:2, protocol:0
"
sem_get: Key: 410f00a7
[   16.830781] firmadyne: sys_socket[PID: 114 (klogd)]: family:1, type:1, protocol:0
[   16.832550] firmadyne: sys_socket[PID: 114 (klogd)]: family:1, type:2, protocol:0
sem_get: Key: 410f00a7
nvram_set: usb_info_dev71 = "A200396E0402FF83@1@14.4G@U@1@USB_Storage;U:;0;0@"
[   16.844214] firmadyne: sys_socket[PID: 114 (klogd)]: family:1, type:1, protocol:0
[   16.845928] firmadyne: sys_socket[PID: 114 (klogd)]: family:1, type:2, protocol:0
sem_get: Key: 410f00a7
sem_get[   16.853435] firmadyne: sys_socket[PID: 114 (klogd)]: family:1, type:1, protocol:0
[   16.854946] firmadyne: sys_socket[PID: 114 (klogd)]: family:1, type:2, protocol:0
: Key: 410f00a7
nvram_set: [   16.862236] firmadyne: sys_socket[PID: 114 (klogd)]: family:1, type:1, protocol:0
[   16.863717] firmadyne: sys_socket[PID: 114 (klogd)]: family:1, type:2, protocol:0
[   16.865242] cfg80211: Calling CRDA to update world regulatory domain
usb_info_dev72 = "A200396E0402FF83@1@14.4G@U@1@USB_Storage;U:;0;0@"
sem_get: Key: 410f00a7
sem_get[   16.875046] firmadyne: sys_socket[PID: 114 (klogd)]: family:1, type:1, protocol:0
: Key: 410f00a7
nvram_set: [   16.880828] firmadyne: sys_socket[PID: 114 (klogd)]: family:1, type:2, protocol:0
[   16.883850] firmadyne: sys_socket[PID: 114 (klogd)]: family:1, type:1, protocol:0
usb_info_dev73 = "A200396E0402FF83@1@14.4G@U@1@USB_Storage;U:;0;0@"
sem_get: Key: [   16.889323] firmadyne: sys_socket[PID: 114 (klogd)]: family:1, type:2, protocol:0
410f00a7
sem_get: Key: 410f00a7[   16.897126] firmadyne: sys_socket[PID: 114 (klogd)]: family:1, type:1, protocol:0
[   16.898900] firmadyne: sys_socket[PID: 114 (klogd)]: family:1, type:2, protocol:0

nvram_set: usb_info_dev74[   16.909237] firmadyne: sys_socket[PID: 114 (klogd)]: family:1, type:1, protocol:0
[   16.911019] firmadyne: sys_socket[PID: 114 (klogd)]: family:1, type:2, protocol:0
 = "A200396E0402FF83@1@14.4G@U@1@USB_Storage;U:;0;0@"
sem_get: Key: 410f00a7
[   16.919081] firmadyne: sys_socket[PID: 114 (klogd)]: family:1, type:1, protocol:0
sem_get: Key: 410f00a7
[   16.924911] firmadyne: sys_socket[PID: 114 (klogd)]: family:1, type:2, protocol:0
[   16.927974] firmadyne: sys_socket[PID: 114 (klogd)]: family:1, type:1, protocol:0
nvram_set: usb_info_dev75 = "A200396E0402FF83@1@14.4G@U@1@USB_Storage;U:;0;0@"
sem_get: Key: 410f00a7
[   16.937153] firmadyne: sys_socket[PID: 114 (klogd)]: family:1, type:2, protocol:0
[   16.940223] firmadyne: sys_socket[PID: 114 (klogd)]: family:1, type:1, protocol:0
sem_get: Key: 410f00a7
nvram_set: usb_info_dev76 = "A200396E0402FF83@1@14.4G@U@1@USB_Storage;U:;0;0@[   16.949265] firmadyne: sys_socket[PID: 114 (klogd)]: family:1, type:2, protocol:0
[   16.952321] firmadyne: sys_socket[PID: 114 (klogd)]: family:1, type:1, protocol:0
[   16.954241] firmadyne: sys_socket[PID: 114 (klogd)]: family:1, type:2, protocol:0
[   16.957513] firmadyne: sys_socket[PID: 114 (klogd)]: family:1, type:1, protocol:0
[   16.958972] firmadyne: sys_socket[PID: 114 (klogd)]: family:1, type:2, protocol:0
"
sem_get: Key: 410f00a7
sem_get: Key: 410f00a7
nvram_set: usb_info_dev77 = "A200396E0402FF83@1@14.4G@U@1@USB_Storage;U:;0;0@"
sem_get: Key: 410f00a7
sem_get: Key: 410f00a7
nvram_set: usb_info_dev78[   16.993268] firmadyne: sys_socket[PID: 114 (klogd)]: family:1, type:1, protocol:0
[   16.994854] firmadyne: sys_socket[PID: 114 (klogd)]: family:1, type:2, protocol:0
 = "A200396E0402FF83@1@14.4G@U@1@USB_Storage;U:;0;0@"
sem_get: Key: 410f00a7
[   17.002177] firmadyne: sys_socket[PID: 114 (klogd)]: family:1, type:1, protocol:0
[   17.003707] firmadyne: sys_socket[PID: 114 (klogd)]: family:1, type:2, protocol:0
sem_get: Key: 410f00a7
[   17.010896] firmadyne: sys_socket[PID: 114 (klogd)]: family:1, type:1, protocol:0
nvram_set: usb_info_dev79 = "A200396E0402FF83@1@14.4G@U@1@USB_Storage;U:;0;0@[   17.017123] firmadyne: sys_socket[PID: 114 (klogd)]: family:1, type:2, protocol:0
[   17.020256] firmadyne: sys_socket[PID: 114 (klogd)]: family:1, type:1, protocol:0
"
sem_get: Key: 410f00a7
sem_get: Key: 410f00a7
[   17.029253] firmadyne: sys_socket[PID: 114 (klogd)]: family:1, type:2, protocol:0
[   17.032562] firmadyne: sys_socket[PID: 114 (klogd)]: family:1, type:1, protocol:0
nvram_set: usb_info_dev80 = "A200396E0402FF83@1@14.4G@U@1@USB_Storage;U:;0;0@"
sem_get: Key: 410f00a7
[   17.041261] firmadyne: sys_socket[PID: 114 (klogd)]: family:1, type:2, protocol:0
[   17.044550] firmadyne: sys_socket[PID: 114 (klogd)]: family:1, type:1, protocol:0
[   17.046230] firmadyne: sys_socket[PID: 114 (klogd)]: family:1, type:2, protocol:0
[   17.049504] firmadyne: sys_socket[PID: 114 (klogd)]: family:1, type:1, protocol:0
[   17.050986] firmadyne: sys_socket[PID: 114 (klogd)]: family:1, type:2, protocol:0
sem_get: Key: 410f00a7
nvram_set: usb_info_dev81 = "A200396E0402FF83@1@14.4G@U@1@USB_Storage;U:;0;0@"
sem_get: Key: [   17.062643] firmadyne: sys_socket[PID: 114 (klogd)]: family:1, type:1, protocol:0
[   17.064169] firmadyne: sys_socket[PID: 114 (klogd)]: family:1, type:2, protocol:0
410f00a7
sem_get: Key: 410f00a7
nvram_set: [   17.074681] firmadyne: sys_socket[PID: 114 (klogd)]: family:1, type:1, protocol:0
[   17.076178] firmadyne: sys_socket[PID: 114 (klogd)]: family:1, type:2, protocol:0
usb_info_dev82 = "A200396E0402FF83@1@14.4G@U@1@USB_Storage;U:;0;0@"
sem_get: Key: 410f00a7
sem_get: Key: 410f00a7[   17.086936] firmadyne: sys_socket[PID: 114 (klogd)]: family:1, type:1, protocol:0
[   17.088882] firmadyne: sys_socket[PID: 114 (klogd)]: family:1, type:2, protocol:0
[   17.091877] firmadyne: sys_socket[PID: 114 (klogd)]: family:1, type:1, protocol:0

nvram_set: usb_info_dev83[   17.097421] firmadyne: sys_socket[PID: 114 (klogd)]: family:1, type:2, protocol:0
 = "A200396E0402FF83@1@14.4G@U@1@USB_Storage;U:;0;0@"
sem_get: Key: 410f00a7
[   17.106287] firmadyne: sys_socket[PID: 114 (klogd)]: family:1, type:1, protocol:0
[   17.107820] firmadyne: sys_socket[PID: 114 (klogd)]: family:1, type:2, protocol:0
[   17.111138] firmadyne: sys_socket[PID: 114 (klogd)]: family:1, type:1, protocol:0
sem_get: Key: 410f00a7
nvram_set: usb_info_dev84 = "A200396E0402FF83@1@14.4G@U@1@USB_Storage;U:;0;0@"
[   17.121184] firmadyne: sys_socket[PID: 114 (klogd)]: family:1, type:2, protocol:0
[   17.124264] firmadyne: sys_socket[PID: 114 (klogd)]: family:1, type:1, protocol:0
sem_get: Key: 410f00a7
sem_get: Key: 410f00a7
[   17.133106] firmadyne: sys_socket[PID: 114 (klogd)]: family:1, type:2, protocol:0
[   17.136185] firmadyne: sys_socket[PID: 114 (klogd)]: family:1, type:1, protocol:0
[   17.138100] firmadyne: sys_socket[PID: 114 (klogd)]: family:1, type:2, protocol:0
[   17.141352] firmadyne: sys_socket[PID: 114 (klogd)]: family:1, type:1, protocol:0
[   17.142819] firmadyne: sys_socket[PID: 114 (klogd)]: family:1, type:2, protocol:0
nvram_set: usb_info_dev85 = "A200396E0402FF83@1@14.4G@U@1@USB_Storage;U:;0;0@"
sem_get: Key: 410f00a7
sem_get: Key: [   17.154286] firmadyne: sys_socket[PID: 114 (klogd)]: family:1, type:1, protocol:0
[   17.155791] firmadyne: sys_socket[PID: 114 (klogd)]: family:1, type:2, protocol:0
410f00a7
nvram_set: [   17.162865] firmadyne: sys_socket[PID: 114 (klogd)]: family:1, type:1, protocol:0
usb_info_dev86 = "A200396E0402FF83@1@14.4G@U@1@USB_Storage;U:;0;0@"
sem_get: Key: 410f00a7
[   17.169033] firmadyne: sys_socket[PID: 114 (klogd)]: family:1, type:2, protocol:0
[   17.172097] firmadyne: sys_socket[PID: 114 (klogd)]: family:1, type:1, protocol:0
sem_get: Key: 410f00a7
nvram_set: usb_info_dev87 = "A200396E0402FF83@1@14.4G@U@1@USB_Storage;U:;0;0@[   17.181670] firmadyne: sys_socket[PID: 114 (klogd)]: family:1, type:2, protocol:0
[   17.185046] firmadyne: sys_socket[PID: 114 (klogd)]: family:1, type:1, protocol:0
[   17.186527] firmadyne: sys_socket[PID: 114 (klogd)]: family:1, type:2, protocol:0
"
sem_get: Key: 410f00a7
[   17.193870] firmadyne: sys_socket[PID: 114 (klogd)]: family:1, type:1, protocol:0
[   17.195388] firmadyne: sys_socket[PID: 114 (klogd)]: family:1, type:2, protocol:0
sem_get: Key: 410f00a7
[   17.202653] firmadyne: sys_socket[PID: 114 (klogd)]: family:1, type:1, protocol:0
[   17.204273] firmadyne: sys_socket[PID: 114 (klogd)]: family:1, type:2, protocol:0
nvram_set: usb_info_dev88 = "A200396E0402FF83@1@14.4G@U@1@USB_Storage;U:;0;0@"
sem_get: Key: 410f00a7
[   17.214640] firmadyne: sys_socket[PID: 114 (klogd)]: family:1, type:1, protocol:0
[   17.216123] firmadyne: sys_socket[PID: 114 (klogd)]: family:1, type:2, protocol:0
sem_get: Key: 410f00a7
nvram_set: usb_info_dev89 = "A200396E0402FF83@1@14.4G@U@1@USB_Storage;U:;0;0@"
sem_get[   17.226880] firmadyne: sys_socket[PID: 114 (klogd)]: family:1, type:1, protocol:0
[   17.228813] firmadyne: sys_socket[PID: 114 (klogd)]: family:1, type:2, protocol:0
[   17.231777] firmadyne: sys_socket[PID: 114 (klogd)]: family:1, type:1, protocol:0
: Key: 410f00a7
sem_get: Key: 410f00a7
nvram_set: [   17.241073] firmadyne: sys_socket[PID: 114 (klogd)]: family:1, type:2, protocol:0
[   17.244071] firmadyne: sys_socket[PID: 114 (klogd)]: family:1, type:1, protocol:0
usb_info_dev90 = "A200396E0402FF83@1@14.4G@U@1@USB_Storage;U:;0;0@"
sem_get: Key: 410f00a7
sem_get: Key: 410f00a7[   17.253209] firmadyne: sys_socket[PID: 114 (klogd)]: family:1, type:2, protocol:0
[   17.256255] firmadyne: sys_socket[PID: 114 (klogd)]: family:1, type:1, protocol:0
[   17.258184] firmadyne: sys_socket[PID: 114 (klogd)]: family:1, type:2, protocol:0
[   17.261430] firmadyne: sys_socket[PID: 114 (klogd)]: family:1, type:1, protocol:0
[   17.262913] firmadyne: sys_socket[PID: 114 (klogd)]: family:1, type:2, protocol:0

nvram_set: usb_info_dev91 = "A200396E0402FF83@1@14.4G@U@1@USB_Storage;U:;0;0@"
sem_get: Key: 410f00a7
[   17.274217] firmadyne: sys_socket[PID: 114 (klogd)]: family:1, type:1, protocol:0
[   17.275703] firmadyne: sys_socket[PID: 114 (klogd)]: family:1, type:2, protocol:0
sem_get: Key: 410f00a7
[   17.282662] firmadyne: sys_socket[PID: 114 (klogd)]: family:1, type:1, protocol:0
[   17.284164] firmadyne: sys_socket[PID: 114 (klogd)]: family:1, type:2, protocol:0
nvram_set: usb_info_dev92 = "A200396E0402FF83@1@14.4G@U@1@USB_Storage;U:;0;0@"
sem_get: Key: 410f00a7
[   17.294800] firmadyne: sys_socket[PID: 114 (klogd)]: family:1, type:1, protocol:0
[   17.296302] firmadyne: sys_socket[PID: 114 (klogd)]: family:1, type:2, protocol:0
sem_get: Key: 410f00a7
nvram_set: usb_info_dev93 = "A200396E0402FF83@1@14.4G@U@1@USB_Storage;U:;0;0@"
[   17.308204] firmadyne: sys_socket[PID: 114 (klogd)]: family:1, type:1, protocol:0
[   17.309922] firmadyne: sys_socket[PID: 114 (klogd)]: family:1, type:2, protocol:0
sem_get: Key: 410f00a7
sem_get[   17.317812] firmadyne: sys_socket[PID: 114 (klogd)]: family:1, type:1, protocol:0
[   17.319336] firmadyne: sys_socket[PID: 114 (klogd)]: family:1, type:2, protocol:0
: Key: 410f00a7
nvram_set: [   17.326745] firmadyne: sys_socket[PID: 114 (klogd)]: family:1, type:1, protocol:0
[   17.328241] firmadyne: sys_socket[PID: 114 (klogd)]: family:1, type:2, protocol:0
usb_info_dev94 = "A200396E0402FF83@1@14.4G@U@1@USB_Storage;U:;0;0@"
sem_get: Key: 410f00a7
sem_get: Key: 410f00a7[   17.338997] firmadyne: sys_socket[PID: 114 (klogd)]: family:1, type:1, protocol:0
[   17.340914] firmadyne: sys_socket[PID: 114 (klogd)]: family:1, type:2, protocol:0
[   17.343879] firmadyne: sys_socket[PID: 114 (klogd)]: family:1, type:1, protocol:0

nvram_set: usb_info_dev95[   17.349398] firmadyne: sys_socket[PID: 114 (klogd)]: family:1, type:2, protocol:0
 = "A200396E0402FF83@1@14.4G@U@1@USB_Storage;U:;0;0@"
sem_get: Key: 410f00a7
[   17.356757] firmadyne: sys_socket[PID: 114 (klogd)]: family:1, type:1, protocol:0
[   17.358276] firmadyne: sys_socket[PID: 114 (klogd)]: family:1, type:2, protocol:0
sem_get: Key: 410f00a7
[   17.365607] firmadyne: sys_socket[PID: 114 (klogd)]: family:1, type:1, protocol:0
[   17.367129] firmadyne: sys_socket[PID: 114 (klogd)]: family:1, type:2, protocol:0
nvram_set: usb_info_dev96 = "A200396E0402FF83@1@14.4G@U@1@USB_Storage;U:;0;0@"
[   17.374631] firmadyne: sys_socket[PID: 114 (klogd)]: family:1, type:1, protocol:0
[   17.376108] firmadyne: sys_socket[PID: 114 (klogd)]: family:1, type:2, protocol:0
sem_get: Key: 410f00a7
sem_get: Key: 410f00a7
[   17.386649] firmadyne: sys_socket[PID: 114 (klogd)]: family:1, type:1, protocol:0
[   17.388149] firmadyne: sys_socket[PID: 114 (klogd)]: family:1, type:2, protocol:0
nvram_set: usb_info_dev97 = "A200396E0402FF83@1@14.4G@U@1@USB_Storage;U:;0;0@"
sem_get: Key: 410f00a7
sem_get[   17.399092] firmadyne: sys_socket[PID: 114 (klogd)]: family:1, type:1, protocol:0
[   17.401032] firmadyne: sys_socket[PID: 114 (klogd)]: family:1, type:2, protocol:0
[   17.403998] firmadyne: sys_socket[PID: 114 (klogd)]: family:1, type:1, protocol:0
: Key: 410f00a7
nvram_set: usb_info_dev98 = "A200396E0402FF83@1@14.4G@U@1@USB_Storage;U:;0;0@"
sem_get: Key: [   17.413080] firmadyne: sys_socket[PID: 114 (klogd)]: family:1, type:2, protocol:0
[   17.416124] firmadyne: sys_socket[PID: 114 (klogd)]: family:1, type:1, protocol:0
410f00a7
sem_get: Key: 410f00a7
nvram_set: usb_info_dev99[   17.425547] firmadyne: sys_socket[PID: 114 (klogd)]: family:1, type:2, protocol:0
[   17.428923] firmadyne: sys_socket[PID: 114 (klogd)]: family:1, type:1, protocol:0
[   17.430402] firmadyne: sys_socket[PID: 114 (klogd)]: family:1, type:2, protocol:0
 = "A200396E0402FF83@1@14.4G@U@1@USB_Storage;U:;0;0@"
sem_get: Key: 410f00a7
[   17.437740] firmadyne: sys_socket[PID: 114 (klogd)]: family:1, type:1, protocol:0
[   17.439264] firmadyne: sys_socket[PID: 114 (klogd)]: family:1, type:2, protocol:0
sem_get: Key: 410f00a7
[   17.446364] firmadyne: sys_socket[PID: 114 (klogd)]: family:1, type:1, protocol:0
[   17.447844] firmadyne: sys_socket[PID: 114 (klogd)]: family:1, type:2, protocol:0
nvram_set: usb_info_dev100 = "A200396E0402FF83@1@14.4G@U@1@USB_Storage;U:;0;0@"
sem_get: Key: 410f00a7
sem_get: Key: 410f00a7
nvram_set: wla_ap_isolate_1 = ""
sem_get: Key: 410f00a7
sem_get[   17.481063] firmadyne: sys_socket[PID: 114 (klogd)]: family:1, type:1, protocol:0
[   17.482611] firmadyne: sys_socket[PID: 114 (klogd)]: family:1, type:2, protocol:0
: Key: 410f00a7
nvram_set: [   17.489960] firmadyne: sys_socket[PID: 114 (klogd)]: family:1, type:1, protocol:0
[   17.491470] firmadyne: sys_socket[PID: 114 (klogd)]: family:1, type:2, protocol:0
wla_ap_isolate_2 = ""
sem_get: Key: 410f00a7
[   17.498648] firmadyne: sys_socket[PID: 114 (klogd)]: family:1, type:1, protocol:0
[   17.500157] firmadyne: sys_socket[PID: 114 (klogd)]: family:1, type:2, protocol:0
sem_get: Key: 410f00a7
[   17.508143] firmadyne: sys_socket[PID: 114 (klogd)]: family:1, type:1, protocol:0
[   17.509856] firmadyne: sys_socket[PID: 114 (klogd)]: family:1, type:2, protocol:0
nvram_set: wla_ap_isolate_3 = ""
sem_get: Key: 410f00a7
sem_get[   17.521269] firmadyne: sys_socket[PID: 114 (klogd)]: family:1, type:1, protocol:0
[   17.522780] firmadyne: sys_socket[PID: 114 (klogd)]: family:1, type:2, protocol:0
: Key: 410f00a7
nvram_set: [   17.530092] firmadyne: sys_socket[PID: 114 (klogd)]: family:1, type:1, protocol:0
[   17.531580] firmadyne: sys_socket[PID: 114 (klogd)]: family:1, type:2, protocol:0
wla_ap_isolate_4 = ""
sem_get: Key: 410f00a7
[   17.538653] firmadyne: sys_socket[PID: 114 (klogd)]: family:1, type:1, protocol:0
[   17.540129] firmadyne: sys_socket[PID: 114 (klogd)]: family:1, type:2, protocol:0
sem_get: Key: 410f00a7
nvram_set: wlg_ap_isolate_1 = ""
[   17.550797] firmadyne: sys_socket[PID: 114 (klogd)]: family:1, type:1, protocol:0
[   17.552297] firmadyne: sys_socket[PID: 114 (klogd)]: family:1, type:2, protocol:0
sem_get: Key: 410f00a7
sem_get: Key: 410f00a7
nvram_set[   17.562970] firmadyne: sys_socket[PID: 114 (klogd)]: family:1, type:1, protocol:0
[   17.564897] firmadyne: sys_socket[PID: 114 (klogd)]: family:1, type:2, protocol:0
[   17.567840] firmadyne: sys_socket[PID: 114 (klogd)]: family:1, type:1, protocol:0
: wlg_ap_isolate_2 = ""
sem_get: Key: 410f00a7[   17.573262] firmadyne: sys_socket[PID: 114 (klogd)]: family:1, type:2, protocol:0
[   17.576286] firmadyne: sys_socket[PID: 114 (klogd)]: family:1, type:1, protocol:0

sem_get: Key: 410f00a7
nvram_set: wlg_ap_isolate_3 = "[   17.585252] firmadyne: sys_socket[PID: 114 (klogd)]: family:1, type:2, protocol:0
[   17.588274] firmadyne: sys_socket[PID: 114 (klogd)]: family:1, type:1, protocol:0
"
sem_get: Key: 410f00a7
sem_get: Key: 410f00a7
[   17.597094] firmadyne: sys_socket[PID: 114 (klogd)]: family:1, type:2, protocol:0
[   17.600087] firmadyne: sys_socket[PID: 114 (klogd)]: family:1, type:1, protocol:0
nvram_set: wlg_ap_isolate_4 = ""
sem_get: Key: 410f00a7
sem_get: Key: 410f00a7[   17.609498] firmadyne: sys_socket[PID: 114 (klogd)]: family:1, type:2, protocol:0
[   17.612833] firmadyne: sys_socket[PID: 114 (klogd)]: family:1, type:1, protocol:0
[   17.614290] firmadyne: sys_socket[PID: 114 (klogd)]: family:1, type:2, protocol:0

nvram_set: wlg_allow_access_1 = "[   17.621596] firmadyne: sys_socket[PID: 114 (klogd)]: family:1, type:1, protocol:0
[   17.623104] firmadyne: sys_socket[PID: 114 (klogd)]: family:1, type:2, protocol:0
"
sem_get: Key: 410f00a7
[   17.630474] firmadyne: sys_socket[PID: 114 (klogd)]: family:1, type:1, protocol:0
[   17.631941] firmadyne: sys_socket[PID: 114 (klogd)]: family:1, type:2, protocol:0
sem_get: Key: 410f00a7
nvram_set: wlg_allow_access_2 = ""
sem_get: Key: 410f00a7[   17.642900] firmadyne: sys_socket[PID: 114 (klogd)]: family:1, type:1, protocol:0
[   17.644821] firmadyne: sys_socket[PID: 114 (klogd)]: family:1, type:2, protocol:0
[   17.647769] firmadyne: sys_socket[PID: 114 (klogd)]: family:1, type:1, protocol:0

sem_get: Key: 410f00a7
[   17.653348] firmadyne: sys_socket[PID: 114 (klogd)]: family:1, type:2, protocol:0
nvram_set: wlg_allow_access_3 = ""
[   17.660748] firmadyne: sys_socket[PID: 114 (klogd)]: family:1, type:1, protocol:0
[   17.662252] firmadyne: sys_socket[PID: 114 (klogd)]: family:1, type:2, protocol:0
sem_get: Key: 410f00a7
sem_get: Key: [   17.669893] firmadyne: sys_socket[PID: 114 (klogd)]: family:1, type:1, protocol:0
[   17.671405] firmadyne: sys_socket[PID: 114 (klogd)]: family:1, type:2, protocol:0
410f00a7
nvram_set: wlg_allow_access_4[   17.678918] firmadyne: sys_socket[PID: 114 (klogd)]: family:1, type:1, protocol:0
 = ""
sem_get: Key: 410f00a7
[   17.684655] firmadyne: sys_socket[PID: 114 (klogd)]: family:1, type:2, protocol:0
[   17.687682] firmadyne: sys_socket[PID: 114 (klogd)]: family:1, type:1, protocol:0
sem_get: Key: 410f00a7
[   17.693106] firmadyne: sys_socket[PID: 114 (klogd)]: family:1, type:2, protocol:0
[   17.696097] firmadyne: sys_socket[PID: 114 (klogd)]: family:1, type:1, protocol:0
nvram_set: 0:macaddr = "01:23:45:67:89:ab"
sem_get: Key: 410f00a7
[   17.706433] firmadyne: sys_socket[PID: 114 (klogd)]: family:1, type:2, protocol:0
[   17.709684] firmadyne: sys_socket[PID: 114 (klogd)]: family:1, type:1, protocol:0
[   17.711144] firmadyne: sys_socket[PID: 114 (klogd)]: family:1, type:2, protocol:0
sem_get: Key: 410f00a7
[   17.718500] firmadyne: sys_socket[PID: 114 (klogd)]: family:1, type:1, protocol:0
[   17.719973] firmadyne: sys_socket[PID: 114 (klogd)]: family:1, type:2, protocol:0
nvram_set: 1:macaddr = "01:23:45:67:89:ab"
sem_get: Key: 410f00a7
sem_get: Key: 410f00a7[   17.731039] firmadyne: sys_socket[PID: 114 (klogd)]: family:1, type:1, protocol:0

nvram_set: 2:macaddr = "[   17.736834] firmadyne: sys_socket[PID: 114 (klogd)]: family:1, type:2, protocol:0
[   17.739846] firmadyne: sys_socket[PID: 114 (klogd)]: family:1, type:1, protocol:0
01:23:45:67:89:ab"
sem_get: Key: 410f00a7
[   17.745042] firmadyne: sys_socket[PID: 114 (klogd)]: family:1, type:2, protocol:0
[   17.748038] firmadyne: sys_socket[PID: 114 (klogd)]: family:1, type:1, protocol:0
sem_get: Key: 410f00a7
nvram_set: lan1_ifnames = ""
[   17.757398] firmadyne: sys_socket[PID: 114 (klogd)]: family:1, type:2, protocol:0
[   17.760737] firmadyne: sys_socket[PID: 114 (klogd)]: family:1, type:1, protocol:0
[   17.762196] firmadyne: sys_socket[PID: 114 (klogd)]: family:1, type:2, protocol:0
sem_get: Key: 410f00a7
sem_get: Key: [   17.769713] firmadyne: sys_socket[PID: 114 (klogd)]: family:1, type:1, protocol:0
[   17.771226] firmadyne: sys_socket[PID: 114 (klogd)]: family:1, type:2, protocol:0
410f00a7
nvram_set: lan2_ifnames[   17.778685] firmadyne: sys_socket[PID: 114 (klogd)]: family:1, type:1, protocol:0
[   17.780176] firmadyne: sys_socket[PID: 114 (klogd)]: family:1, type:2, protocol:0
 = ""
sem_get: Key: 410f00a7
sem_get: Key: 410f00a7
[   17.790617] firmadyne: sys_socket[PID: 114 (klogd)]: family:1, type:1, protocol:0
[   17.792226] firmadyne: sys_socket[PID: 114 (klogd)]: family:1, type:2, protocol:0
nvram_set: lan3_ifnames = ""
sem_get: Key: 410f00a7
sem_get: Key: [   17.802878] firmadyne: sys_socket[PID: 114 (klogd)]: family:1, type:1, protocol:0
[   17.804804] firmadyne: sys_socket[PID: 114 (klogd)]: family:1, type:2, protocol:0
[   17.807755] firmadyne: sys_socket[PID: 114 (klogd)]: family:1, type:1, protocol:0
410f00a7
nvram_set: [   17.813251] firmadyne: sys_socket[PID: 114 (klogd)]: family:1, type:2, protocol:0
[   17.816291] firmadyne: sys_socket[PID: 114 (klogd)]: family:1, type:1, protocol:0
lan4_ifnames = ""
sem_get: Key: 410f00a7
sem_get: Key: 410f00a7
[   17.825087] firmadyne: sys_socket[PID: 114 (klogd)]: family:1, type:2, protocol:0
[   17.828085] firmadyne: sys_socket[PID: 114 (klogd)]: family:1, type:1, protocol:0
nvram_set: lan5_ifnames = ""
sem_get: Key: 410f00a7
sem_get[   17.837514] firmadyne: sys_socket[PID: 114 (klogd)]: family:1, type:2, protocol:0
[   17.840855] firmadyne: sys_socket[PID: 114 (klogd)]: family:1, type:1, protocol:0
[   17.842308] firmadyne: sys_socket[PID: 114 (klogd)]: family:1, type:2, protocol:0
: Key: 410f00a7
nvram_set: lan6_ifnames[   17.849944] firmadyne: sys_socket[PID: 114 (klogd)]: family:1, type:1, protocol:0
[   17.851453] firmadyne: sys_socket[PID: 114 (klogd)]: family:1, type:2, protocol:0
 = ""
sem_get: Key: 410f00a7
[   17.858658] firmadyne: sys_socket[PID: 114 (klogd)]: family:1, type:1, protocol:0
[   17.860139] firmadyne: sys_socket[PID: 114 (klogd)]: family:1, type:2, protocol:0
sem_get: Key: 410f00a7
nvram_set: lan7_ifnames = ""
sem_get[   17.870599] firmadyne: sys_socket[PID: 114 (klogd)]: family:1, type:1, protocol:0
[   17.872063] firmadyne: sys_socket[PID: 114 (klogd)]: family:1, type:2, protocol:0
: Key: 410f00a7
sem_get: Key: 410f00a7
nvram_set: lan8_ifnames[   17.882979] firmadyne: sys_socket[PID: 114 (klogd)]: family:1, type:1, protocol:0
[   17.884904] firmadyne: sys_socket[PID: 114 (klogd)]: family:1, type:2, protocol:0
[   17.887851] firmadyne: sys_socket[PID: 114 (klogd)]: family:1, type:1, protocol:0
 = ""
sem_get: Key: 410f00a7
[   17.893046] firmadyne: sys_socket[PID: 114 (klogd)]: family:1, type:2, protocol:0
[   17.896030] firmadyne: sys_socket[PID: 114 (klogd)]: family:1, type:1, protocol:0
sem_get: Key: 410f00a7
nvram_set: lan9_ifnames = ""
[   17.906241] firmadyne: sys_socket[PID: 114 (klogd)]: family:1, type:2, protocol:0
[   17.909553] firmadyne: sys_socket[PID: 114 (klogd)]: family:1, type:1, protocol:0
[   17.911014] firmadyne: sys_socket[PID: 114 (klogd)]: family:1, type:2, protocol:0
sem_get: Key: 410f00a7
sem_get: Key: [   17.918502] firmadyne: sys_socket[PID: 114 (klogd)]: family:1, type:1, protocol:0
[   17.919978] firmadyne: sys_socket[PID: 114 (klogd)]: family:1, type:2, protocol:0
410f00a7
nvram_set_default: Loading built-in default values = 1!
nvram_set_default: Checking for symbol "router_defaults"...
[   17.930974] firmadyne: sys_socket[PID: 114 (klogd)]: family:1, type:1, protocol:0
nvram_set_default: Checking for symbol "Nvrams"...
[   17.937309] firmadyne: sys_socket[PID: 114 (klogd)]: family:1, type:2, protocol:0
nvram_set: time_zone = "GMT+8"
[   17.965146] firmadyne: sys_socket[PID: 114 (klogd)]: family:1, type:1, protocol:0
[   17.966661] firmadyne: sys_socket[PID: 114 (klogd)]: family:1, type:2, protocol:0
sem_get: Key: 410f00a7
[   17.974047] firmadyne: sys_socket[PID: 114 (klogd)]: family:1, type:1, protocol:0
[   17.975546] firmadyne: sys_socket[PID: 114 (klogd)]: family:1, type:2, protocol:0
sem_get: Key: 410f00a7
[   17.986590] firmadyne: sys_socket[PID: 114 (klogd)]: family:1, type:1, protocol:0
[   17.988056] firmadyne: sys_socket[PID: 114 (klogd)]: family:1, type:2, protocol:0
nvram_set: time_daylight = ""
sem_get: Key: 410f00a7
sem_get: Key: 410f00a7
[   17.998948] firmadyne: sys_socket[PID: 114 (klogd)]: family:1, type:1, protocol:0
[   18.000876] firmadyne: sys_socket[PID: 114 (klogd)]: family:1, type:2, protocol:0
[   18.003826] firmadyne: sys_socket[PID: 114 (klogd)]: family:1, type:1, protocol:0
[   18.009025] firmadyne: sys_socket[PID: 114 (klogd)]: family:1, type:2, protocol:0
[   18.012032] firmadyne: sys_socket[PID: 114 (klogd)]: family:1, type:1, protocol:0
nvram_set: restore_default = "0"
sem_get: Key: 410f00a7
[   18.021443] firmadyne: sys_socket[PID: 114 (klogd)]: family:1, type:2, protocol:0
sem_get: Key: 410f00a7
[   18.028902] firmadyne: sys_socket[PID: 114 (klogd)]: family:1, type:1, protocol:0
[   18.030412] firmadyne: sys_socket[PID: 114 (klogd)]: family:1, type:2, protocol:0
[   18.033841] firmadyne: sys_socket[PID: 114 (klogd)]: family:1, type:1, protocol:0
[   18.035302] firmadyne: sys_socket[PID: 114 (klogd)]: family:1, type:2, protocol:0
[   18.042610] firmadyne: sys_socket[PID: 114 (klogd)]: family:1, type:1, protocol:0
[   18.044073] firmadyne: sys_socket[PID: 114 (klogd)]: family:1, type:2, protocol:0
nvram_set: wiz_language = "English"
sem_get: Key: 410f00a7
sem_get[   18.054775] firmadyne: sys_socket[PID: 114 (klogd)]: family:1, type:1, protocol:0
[   18.056283] firmadyne: sys_socket[PID: 114 (klogd)]: family:1, type:2, protocol:0
: Key: 410f00a7
nvram_set: [   18.066591] firmadyne: sys_socket[PID: 114 (klogd)]: family:1, type:1, protocol:0
[   18.068065] firmadyne: sys_socket[PID: 114 (klogd)]: family:1, type:2, protocol:0
wiz_country = "US"
sem_get: Key: 410f00a7
sem_get: Key: 410f00a7
[   18.078746] firmadyne: sys_socket[PID: 114 (klogd)]: family:1, type:1, protocol:0
[   18.080247] firmadyne: sys_socket[PID: 114 (klogd)]: family:1, type:2, protocol:0
[   18.083640] firmadyne: sys_socket[PID: 114 (klogd)]: family:1, type:1, protocol:0
[   18.085356] firmadyne: sys_socket[PID: 114 (klogd)]: family:1, type:2, protocol:0
[   18.088318] firmadyne: sys_socket[PID: 114 (klogd)]: family:1, type:1, protocol:0
nvram_set: fix_ipaddr = ""
sem_get[   18.097242] firmadyne: sys_socket[PID: 114 (klogd)]: family:1, type:2, protocol:0
[   18.100279] firmadyne: sys_socket[PID: 114 (klogd)]: family:1, type:1, protocol:0
: Key: 410f00a7
sem_get: Key: 410f00a7
nvram_set: [   18.113219] firmadyne: sys_socket[PID: 114 (klogd)]: family:1, type:2, protocol:0
[   18.116419] firmadyne: sys_socket[PID: 114 (klogd)]: family:1, type:1, protocol:0
[   18.118874] firmadyne: sys_socket[PID: 114 (klogd)]: family:1, type:2, protocol:0
[   18.122073] firmadyne: sys_socket[PID: 114 (klogd)]: family:1, type:1, protocol:0
[   18.123533] firmadyne: sys_socket[PID: 114 (klogd)]: family:1, type:2, protocol:0
fix_netmask = ""
sem_get: Key: 410f00a7
sem_get: Key: 410f00a7
[   18.134628] firmadyne: sys_socket[PID: 114 (klogd)]: family:1, type:1, protocol:0
[   18.136090] firmadyne: sys_socket[PID: 114 (klogd)]: family:1, type:2, protocol:0
nvram_set: fix_gateway = ""
sem_get: Key: 410f00a7[   18.146636] firmadyne: sys_socket[PID: 114 (klogd)]: family:1, type:1, protocol:0
[   18.148131] firmadyne: sys_socket[PID: 114 (klogd)]: family:1, type:2, protocol:0

sem_get: Key: 410f00a7
[   18.158613] firmadyne: sys_socket[PID: 114 (klogd)]: family:1, type:1, protocol:0
[   18.160078] firmadyne: sys_socket[PID: 114 (klogd)]: family:1, type:2, protocol:0
[   18.163558] firmadyne: sys_socket[PID: 114 (klogd)]: family:1, type:1, protocol:0
[   18.165239] firmadyne: sys_socket[PID: 114 (klogd)]: family:1, type:2, protocol:0
[   18.168197] firmadyne: sys_socket[PID: 114 (klogd)]: family:1, type:1, protocol:0
nvram_set: wan_ifname = "ppp0"
sem_get: Key: 410f00a7
[   18.177186] firmadyne: sys_socket[PID: 114 (klogd)]: family:1, type:2, protocol:0
