[    0.000000] Linux version 4.1.17+ (alessio@pc) (gcc version 5.5.0 20171010 (Ubuntu 5.5.0-12ubuntu1) ) #1 Mon May 15 23:04:08 CEST 2023
[    0.000000] earlycon: Early serial console at I/O port 0x3f8 (options '38400n8')
[    0.000000] bootconsole [uart0] enabled
[    0.000000] CPU0 revision is: 00019300 (MIPS 24Kc)
[    0.000000] FPU revision is: 00739300
[    0.000000] Software DMA cache coherency enabled
[    0.000000] Determined physical RAM map:
[    0.000000]  memory: 00001000 @ 00000000 (reserved)
[    0.000000]  memory: 000ef000 @ 00001000 (ROM data)
[    0.000000]  memory: 00798000 @ 000f0000 (reserved)
[    0.000000]  memory: 0f777000 @ 00888000 (usable)
[    0.000000] debug: ignoring loglevel setting.
[    0.000000] Wasting 69888 bytes for tracking 2184 unused pages
[    0.000000] Initrd not found or empty - disabling initrd
[    0.000000] Zone ranges:
[    0.000000]   DMA      [mem 0x0000000000000000-0x0000000000ffffff]
[    0.000000]   Normal   [mem 0x0000000001000000-0x000000000fffefff]
[    0.000000] Movable zone start for each node
[    0.000000] Early memory node ranges
[    0.000000]   node   0: [mem 0x0000000000000000-0x000000000fffefff]
[    0.000000] Initmem setup node 0 [mem 0x0000000000000000-0x000000000fffefff]
[    0.000000] On node 0 totalpages: 65535
[    0.000000] free_area_init_node: node 0, pgdat 8081d5b0, node_mem_map 81000000
[    0.000000]   DMA zone: 32 pages used for memmap
[    0.000000]   DMA zone: 0 pages reserved
[    0.000000]   DMA zone: 4096 pages, LIFO batch:0
[    0.000000]   Normal zone: 480 pages used for memmap
[    0.000000]   Normal zone: 61439 pages, LIFO batch:15
[    0.000000] Primary instruction cache 2kB, VIPT, 2-way, linesize 16 bytes.
[    0.000000] Primary data cache 2kB, 2-way, VIPT, no aliases, linesize 16 bytes
[    0.000000] pcpu-alloc: s0 r0 d32768 u32768 alloc=1*32768
[    0.000000] pcpu-alloc: [0] 0 
[    0.000000] Built 1 zonelists in Zone order, mobility grouping on.  Total pages: 65023
[    0.000000] Kernel command line: root=/dev/sda1 console=ttyS0 nandsim.parts=64,64,64,64,64,64,64,64,64,64 rdinit=/firmadyne/preInit.sh rw debug ignore_loglevel print-fatal-signals=1 FIRMAE_NET=true FIRMAE_NVRAM=true FIRMAE_KERNEL=true FIRMAE_ETC=true user_debug=0 firmadyne.syscall=1 noka
[    0.000000] found FIRMAE_KERNEL=t
[    0.000000] set the LD_PRELOAD=/firmadyne/libnvram_ioctl.so
[    0.000000] PID hash table entries: 1024 (order: 0, 4096 bytes)
[    0.000000] Dentry cache hash table entries: 32768 (order: 5, 131072 bytes)
[    0.000000] Inode-cache hash table entries: 16384 (order: 4, 65536 bytes)
[    0.000000] Writing ErrCtl register=00000000
[    0.000000] Readback ErrCtl register=00000000
[    0.000000] Memory: 251112K/262140K available (5360K kernel code, 244K rwdata, 1676K rodata, 260K init, 158K bss, 11028K reserved, 0K cma-reserved)
[    0.000000] NR_IRQS:256
[    0.000000] CPU frequency 200.00 MHz
[    0.000000] clocksource MIPS: mask: 0xffffffff max_cycles: 0xffffffff, max_idle_ns: 19112477171 ns
[    0.000165] sched_clock: 32 bits at 100MHz, resolution 9ns, wraps every 21474693115ns
[    0.011328] Console: colour dummy device 80x25
[    0.012359] Calibrating delay loop... 35.64 BogoMIPS (lpj=71296)
[    0.057146] pid_max: default: 32768 minimum: 301
[    0.060319] Mount-cache hash table entries: 1024 (order: 0, 4096 bytes)
[    0.060730] Mountpoint-cache hash table entries: 1024 (order: 0, 4096 bytes)
[    0.111953] clocksource jiffies: mask: 0xffffffff max_cycles: 0xffffffff, max_idle_ns: 7645041785100000 ns
[    0.120537] NET: Registered protocol family 16
[    0.347406] clocksource pit: mask: 0xffffffff max_cycles: 0xffffffff, max_idle_ns: 1601818034827 ns
[    0.467917] vgaarb: loaded
[    0.472479] SCSI subsystem initialized
[    0.474503] libata version 3.00 loaded.
[    0.477973] usbcore: registered new interface driver usbfs
[    0.479072] usbcore: registered new interface driver hub
[    0.479927] usbcore: registered new device driver usb
[    0.482130] pps_core: LinuxPPS API ver. 1 registered
[    0.482452] pps_core: Software ver. 5.3.6 - Copyright 2005-2007 Rodolfo Giometti <giometti@linux.it>
[    0.483213] PTP clock support registered
[    0.486983] PCI host bridge to bus 0000:00
[    0.487732] pci_bus 0000:00: root bus resource [mem 0x10000000-0x17ffffff]
[    0.488218] pci_bus 0000:00: root bus resource [io  0x1000-0x1fffff]
[    0.488684] pci_bus 0000:00: root bus resource [??? 0x00000000 flags 0x0]
[    0.489150] pci_bus 0000:00: No busn resource found for root bus, will use [bus 00-ff]
[    0.490363] pci 0000:00:00.0: [11ab:4620] type 00 class 0x060000
[    0.491119] pci 0000:00:00.0: [Firmware Bug]: reg 0x14: invalid BAR (can't size)
[    0.491582] pci 0000:00:00.0: [Firmware Bug]: reg 0x18: invalid BAR (can't size)
[    0.492035] pci 0000:00:00.0: [Firmware Bug]: reg 0x1c: invalid BAR (can't size)
[    0.492501] pci 0000:00:00.0: [Firmware Bug]: reg 0x20: invalid BAR (can't size)
[    0.492984] pci 0000:00:00.0: [Firmware Bug]: reg 0x24: invalid BAR (can't size)
[    0.496227] pci 0000:00:0a.0: [8086:7110] type 00 class 0x060100
[    0.499070] pci 0000:00:0a.1: [8086:7111] type 00 class 0x010180
[    0.499682] pci 0000:00:0a.1: reg 0x20: [io  0x0000-0x000f]
[    0.500160] pci 0000:00:0a.1: legacy IDE quirk: reg 0x10: [io  0x01f0-0x01f7]
[    0.500618] pci 0000:00:0a.1: legacy IDE quirk: reg 0x14: [io  0x03f6]
[    0.501069] pci 0000:00:0a.1: legacy IDE quirk: reg 0x18: [io  0x0170-0x0177]
[    0.501522] pci 0000:00:0a.1: legacy IDE quirk: reg 0x1c: [io  0x0376]
[    0.504190] pci 0000:00:0a.2: [8086:7112] type 00 class 0x0c0300
[    0.504730] pci 0000:00:0a.2: reg 0x20: [io  0x0000-0x001f]
[    0.507379] pci 0000:00:0a.3: [8086:7113] type 00 class 0x068000
[    0.508363] pci 0000:00:0a.3: quirk: [io  0x1000-0x103f] claimed by PIIX4 ACPI
[    0.508860] pci 0000:00:0a.3: quirk: [io  0x1100-0x110f] claimed by PIIX4 SMB
[    0.511530] pci 0000:00:12.0: [1013:00b8] type 00 class 0x030000
[    0.512056] pci 0000:00:12.0: reg 0x10: [mem 0x00000000-0x01ffffff pref]
[    0.512526] pci 0000:00:12.0: reg 0x14: [mem 0x00000000-0x00000fff]
[    0.513050] pci 0000:00:12.0: reg 0x30: [mem 0x00000000-0x0000ffff pref]
[    0.515258] vgaarb: device added: PCI:0000:00:12.0,decodes=io+mem,owns=none,locks=none
[    0.516254] pci 0000:00:13.0: [8086:100e] type 00 class 0x020000
[    0.516748] pci 0000:00:13.0: reg 0x10: [mem 0x00000000-0x0001ffff]
[    0.517201] pci 0000:00:13.0: reg 0x14: [io  0x0000-0x003f]
[    0.517707] pci 0000:00:13.0: reg 0x30: [mem 0x00000000-0x0003ffff pref]
[    0.520293] pci 0000:00:14.0: [8086:100e] type 00 class 0x020000
[    0.520786] pci 0000:00:14.0: reg 0x10: [mem 0x00000000-0x0001ffff]
[    0.521228] pci 0000:00:14.0: reg 0x14: [io  0x0000-0x003f]
[    0.521718] pci 0000:00:14.0: reg 0x30: [mem 0x00000000-0x0003ffff pref]
[    0.524352] pci 0000:00:15.0: [8086:100e] type 00 class 0x020000
[    0.524837] pci 0000:00:15.0: reg 0x10: [mem 0x00000000-0x0001ffff]
[    0.525286] pci 0000:00:15.0: reg 0x14: [io  0x0000-0x003f]
[    0.525781] pci 0000:00:15.0: reg 0x30: [mem 0x00000000-0x0003ffff pref]
[    0.528329] pci 0000:00:16.0: [8086:100e] type 00 class 0x020000
[    0.528810] pci 0000:00:16.0: reg 0x10: [mem 0x00000000-0x0001ffff]
[    0.529262] pci 0000:00:16.0: reg 0x14: [io  0x0000-0x003f]
[    0.529756] pci 0000:00:16.0: reg 0x30: [mem 0x00000000-0x0003ffff pref]
[    0.532492] pci_bus 0000:00: busn_res: [bus 00-ff] end is updated to 00
[    0.533759] pci 0000:00:12.0: BAR 0: assigned [mem 0x10000000-0x11ffffff pref]
[    0.534390] pci 0000:00:13.0: BAR 6: assigned [mem 0x12000000-0x1203ffff pref]
[    0.534963] pci 0000:00:14.0: BAR 6: assigned [mem 0x12040000-0x1207ffff pref]
[    0.535587] pci 0000:00:15.0: BAR 6: assigned [mem 0x12080000-0x120bffff pref]
[    0.536123] pci 0000:00:16.0: BAR 6: assigned [mem 0x120c0000-0x120fffff pref]
[    0.536645] pci 0000:00:13.0: BAR 0: assigned [mem 0x12100000-0x1211ffff]
[    0.537161] pci 0000:00:14.0: BAR 0: assigned [mem 0x12120000-0x1213ffff]
[    0.537676] pci 0000:00:15.0: BAR 0: assigned [mem 0x12140000-0x1215ffff]
[    0.538198] pci 0000:00:16.0: BAR 0: assigned [mem 0x12160000-0x1217ffff]
[    0.538719] pci 0000:00:12.0: BAR 6: assigned [mem 0x12180000-0x1218ffff pref]
[    0.539330] pci 0000:00:12.0: BAR 1: assigned [mem 0x12190000-0x12190fff]
[    0.539847] pci 0000:00:13.0: BAR 1: assigned [io  0x1040-0x107f]
[    0.540308] pci 0000:00:14.0: BAR 1: assigned [io  0x1080-0x10bf]
[    0.540759] pci 0000:00:15.0: BAR 1: assigned [io  0x10c0-0x10ff]
[    0.541215] pci 0000:00:16.0: BAR 1: assigned [io  0x1400-0x143f]
[    0.541678] pci 0000:00:0a.2: BAR 4: assigned [io  0x1440-0x145f]
[    0.542145] pci 0000:00:0a.1: BAR 4: assigned [io  0x1460-0x146f]
[    0.556514] cfg80211: Calling CRDA to update world regulatory domain
[    0.567532] Switched to clocksource MIPS
[    0.660012] NET: Registered protocol family 2
[    0.669746] TCP established hash table entries: 2048 (order: 1, 8192 bytes)
[    0.670661] TCP bind hash table entries: 2048 (order: 1, 8192 bytes)
[    0.671651] TCP: Hash tables configured (established 2048 bind 2048)
[    0.672586] UDP hash table entries: 256 (order: 0, 4096 bytes)
[    0.673147] UDP-Lite hash table entries: 256 (order: 0, 4096 bytes)
[    0.676416] NET: Registered protocol family 1
[    0.677759] PCI: Enabling device 0000:00:0a.2 (0000 -> 0001)
[    0.678944] PCI: CLS 0 bytes, default 16
[    0.705656] futex hash table entries: 256 (order: -1, 3072 bytes)
[    0.719409] squashfs: version 4.0 (2009/01/31) Phillip Lougher
[    0.721574] jffs2: version 2.2. (NAND) Â© 2001-2006 Red Hat, Inc.
[    0.724358] romfs: ROMFS MTD (C) 2007 Red Hat, Inc.
[    0.744047] Block layer SCSI generic (bsg) driver version 0.4 loaded (major 251)
[    0.744585] io scheduler noop registered
[    0.745163] io scheduler cfq registered (default)
[    0.745991] firmadyne: devfs: 1, execute: 1, procfs: 1, syscall: 1
[    0.750733] firmadyne: Cannot register character device: gpio, 0xfc, 0x0!
[    0.757807] firmadyne: Cannot register character device: watchdog, 0xa, 0x82!
[    0.758229] firmadyne: Cannot register character device: wdt, 0xfd, 0x0!
[    2.218496] strName = 4.1.17+
[    2.218496] init_task_addr  = 2155778944
[    2.218496] init_task_size  = 1296
[    2.218496] ts_tasks        = 292
[    2.218496] ts_pid          = 408
[    2.218496] ts_tgid         = 412
[    2.218496] ts_group_leader = 440
[    2.218496] ts_thread_group = 496
[    2.218496] ts_real_parent  = 416
[    2.218496] ts_mm           = 300
[    2.218496] ts_stack        = 4
[    2.220883] module_name   = 12
[    2.220883] module_size   = 208
[    2.220883] module_init   = 200
[    2.220883] module_list   = 4
[    2.221718] ts_real_cred    = 624
[    2.221718] ts_cred         = 628
[    2.221718] ts_comm         = 632
[    2.221718] cred_uid        = 4
[    2.221718] cred_gid        = 8
[    2.221718] cred_euid       = 20
[    2.221718] cred_egid       = 24
[    2.223098] mm_mmap         = 0
[    2.223098] mm_pgd          = 32
[    2.223098] mm_arg_start    = 136
[    2.223098] mm_start_brk    = 124
[    2.223098] mm_brk          = 128
[    2.223098] mm_start_stack  = 132
[    2.224475] vma_vm_start    = 0
[    2.224475] vma_vm_end      = 4
[    2.224475] vma_vm_next     = 8
[    2.224475] vma_vm_file     = 80
[    2.224475] vma_vm_flags    = 40
[    2.224475] vma_vm_pgoff    = 76
[    2.225647] file_dentry     = 12
[    2.225647] file_inode      = 40
[    2.225647] dentry_d_name   = 24
[    2.225647] dentry_d_iname  = 44
[    2.225647] dentry_d_parent = 16
[    2.225647] ti_task         = 0
[    2.225647] inode_ino   = 28
[    3.139593] proc_fork_connector  = 2151078840
[    3.139946] proc_exit_connector  = 2151080432
[    3.140235] proc_exec_connector  = 2151079052
[    3.140517] vma_link  = 2149124372
[    3.140766] vma_adjust  = 2149124540
[    3.141039] remove_vma  = 2149122188
[    3.141294] modules  = 2155833724
[    3.141544] trim_init_extable  = 2150545316
[    3.144790] PCI: Enabling device 0000:00:12.0 (0000 -> 0002)
[    3.145893] cirrusfb 0000:00:12.0: Cirrus Logic chipset on PCI bus, RAM (4096 kB) at 0x10000000
[    3.385666] Console: switching to colour frame buffer device 80x30
[    3.443054] Serial: 8250/16550 driver, 4 ports, IRQ sharing enabled
[    3.454901] console [ttyS0] disabled
[    3.481933] serial8250.0: ttyS0 at I/O 0x3f8 (irq = 4, base_baud = 115200) is a 16550A
[    3.482921] console [ttyS0] enabled
[    3.482921] console [ttyS0] enabled
[    3.483408] bootconsole [uart0] disabled
[    3.483408] bootconsole [uart0] disabled
[    3.513810] serial8250.0: ttyS1 at I/O 0x2f8 (irq = 3, base_baud = 115200) is a 16550A
[    3.615733] brd: module loaded
[    3.668698] loop: module loaded
[    3.674192] ata_piix 0000:00:0a.1: version 2.13
[    3.674676] PCI: Enabling device 0000:00:0a.1 (0000 -> 0001)
[    3.696307] scsi host0: ata_piix
[    3.700976] scsi host1: ata_piix
[    3.704280] ata1: PATA max UDMA/33 cmd 0x1f0 ctl 0x3f6 bmdma 0x1460 irq 14
[    3.704719] ata2: PATA max UDMA/33 cmd 0x170 ctl 0x376 bmdma 0x1468 irq 15
[    3.710302] [nandsim] warning: read_byte: unexpected data output cycle, state is STATE_READY return 0x0
[    3.710813] [nandsim] warning: read_byte: unexpected data output cycle, state is STATE_READY return 0x0
[    3.711309] [nandsim] warning: read_byte: unexpected data output cycle, state is STATE_READY return 0x0
[    3.711971] [nandsim] warning: read_byte: unexpected data output cycle, state is STATE_READY return 0x0
[    3.712458] [nandsim] warning: read_byte: unexpected data output cycle, state is STATE_READY return 0x0
[    3.712944] [nandsim] warning: read_byte: unexpected data output cycle, state is STATE_READY return 0x0
[    3.713575] nand: device found, Manufacturer ID: 0x98, Chip ID: 0x39
[    3.713951] nand: Toshiba NAND 128MiB 1,8V 8-bit
[    3.714289] nand: 128 MiB, SLC, erase size: 16 KiB, page size: 512, OOB size: 16
[    3.715807] flash size: 128 MiB
[    3.716030] page size: 512 bytes
[    3.716249] OOB area size: 16 bytes
[    3.716478] sector size: 16 KiB
[    3.716693] pages number: 262144
[    3.716915] pages per sector: 32
[    3.717129] bus width: 8
[    3.717328] bits in sector size: 14
[    3.717554] bits in page size: 9
[    3.717774] bits in OOB size: 4
[    3.717997] flash size with OOB: 135168 KiB
[    3.718250] page address bytes: 4
[    3.718478] sector address bytes: 3
[    3.718698] options: 0x42
[    3.719216] cfg80211: Calling CRDA to update world regulatory domain
[    3.788989] Scanning device for bad blocks
[    4.780211] ata2.01: NODEV after polling detection
[    4.780854] ata1.01: NODEV after polling detection
[    4.782377] ata2.00: ATAPI: QEMU DVD-ROM, 2.5+, max UDMA/100
[    4.784762] ata1.00: ATA-7: QEMU HARDDISK, 2.5+, max UDMA/100
[    4.785164] ata1.00: 2097152 sectors, multi 16: LBA48 
[    4.786831] ata2.00: configured for UDMA/33
[    4.788020] spurious 8259A interrupt: IRQ7.
[    4.792147] ata1.00: configured for UDMA/33
[    4.799818] scsi 0:0:0:0: Direct-Access     ATA      QEMU HARDDISK    2.5+ PQ: 0 ANSI: 5
[    4.813410] sd 0:0:0:0: [sda] 2097152 512-byte logical blocks: (1.07 GB/1.00 GiB)
[    4.814732] scsi 1:0:0:0: CD-ROM            QEMU     QEMU DVD-ROM     2.5+ PQ: 0 ANSI: 5
[    4.825747] sd 0:0:0:0: [sda] Write Protect is off
[    4.826200] sd 0:0:0:0: [sda] Mode Sense: 00 3a 00 00
[    4.827507] sd 0:0:0:0: [sda] Write cache: enabled, read cache: enabled, doesn't support DPO or FUA
[    4.837576] Creating 11 MTD partitions on "NAND 128MiB 1,8V 8-bit":
[    4.838156] 0x000000000000-0x000000100000 : "NAND simulator partition 0"
[    4.847625] 0x000000100000-0x000000200000 : "NAND simulator partition 1"
[    4.856661] 0x000000200000-0x000000300000 : "NAND simulator partition 2"
[    4.865765] 0x000000300000-0x000000400000 : "NAND simulator partition 3"
[    4.875003] 0x000000400000-0x000000500000 : "NAND simulator partition 4"
[    4.884148] 0x000000500000-0x000000600000 : "NAND simulator partition 5"
[    4.893721] 0x000000600000-0x000000700000 : "NAND simulator partition 6"
[    4.903389] 0x000000700000-0x000000800000 : "NAND simulator partition 7"
[    4.912948] 0x000000800000-0x000000900000 : "NAND simulator partition 8"
[    4.921899] 0x000000900000-0x000000a00000 : "NAND simulator partition 9"
[    4.930845] 0x000000a00000-0x000008000000 : "NAND simulator partition 10"
[    4.969580] tun: Universal TUN/TAP device driver, 1.6
[    4.969909] tun: (C) 1999-2004 Max Krasnyansky <maxk@qualcomm.com>
[    4.973094] pcnet32: pcnet32.c:v1.35 21.Apr.2008 tsbogend@alpha.franken.de
[    4.974225] e1000: Intel(R) PRO/1000 Network Driver - version 7.3.21-k8-NAPI
[    4.974616] e1000: Copyright (c) 1999-2006 Intel Corporation.
[    4.975422] PCI: Enabling device 0000:00:13.0 (0000 -> 0003)
[    4.977451]  sda: sda1
[    4.988867] sd 0:0:0:0: [sda] Attached SCSI disk
[    5.273314] e1000 0000:00:13.0 eth0: (PCI:33MHz:32-bit) 52:54:00:12:34:56
[    5.273941] e1000 0000:00:13.0 eth0: Intel(R) PRO/1000 Network Connection
[    5.274528] PCI: Enabling device 0000:00:14.0 (0000 -> 0003)
[    5.578686] e1000 0000:00:14.0 eth1: (PCI:33MHz:32-bit) 52:54:00:12:34:57
[    5.579159] e1000 0000:00:14.0 eth1: Intel(R) PRO/1000 Network Connection
[    5.579880] PCI: Enabling device 0000:00:15.0 (0000 -> 0003)
[    5.880158] e1000 0000:00:15.0 eth2: (PCI:33MHz:32-bit) 52:54:00:12:34:58
[    5.880635] e1000 0000:00:15.0 eth2: Intel(R) PRO/1000 Network Connection
[    5.881223] PCI: Enabling device 0000:00:16.0 (0000 -> 0003)
[    6.175402] e1000 0000:00:16.0 eth3: (PCI:33MHz:32-bit) 52:54:00:12:34:59
[    6.175968] e1000 0000:00:16.0 eth3: Intel(R) PRO/1000 Network Connection
[    6.177094] e1000e: Intel(R) PRO/1000 Network Driver - 2.3.2-k
[    6.177385] e1000e: Copyright(c) 1999 - 2014 Intel Corporation.
[    6.181525] PPP generic driver version 2.4.2
[    6.183552] PPP Deflate Compression module registered
[    6.184163] PPP MPPE Compression module registered
[    6.184531] NET: Registered protocol family 24
[    6.185218] ehci_hcd: USB 2.0 'Enhanced' Host Controller (EHCI) Driver
[    6.185666] ehci-pci: EHCI PCI platform driver
[    6.186684] ohci_hcd: USB 1.1 'Open' Host Controller (OHCI) Driver
[    6.187124] ohci-pci: OHCI PCI platform driver
[    6.188241] uhci_hcd: USB Universal Host Controller Interface driver
[    6.189758] uhci_hcd 0000:00:0a.2: UHCI Host Controller
[    6.190502] uhci_hcd 0000:00:0a.2: new USB bus registered, assigned bus number 1
[    6.191461] uhci_hcd 0000:00:0a.2: irq 11, io base 0x00001440
[    6.201614] hub 1-0:1.0: USB hub found
[    6.202328] hub 1-0:1.0: 2 ports detected
[    6.210654] usbcore: registered new interface driver usb-storage
[    6.214599] mousedev: PS/2 mouse device common for all mice
[    6.220729] rtc_cmos rtc_cmos: rtc core: registered rtc_cmos as rtc0
[    6.221421] rtc_cmos rtc_cmos: alarms up to one day, 242 bytes nvram
[    6.222750] i2c /dev entries driver
[    6.224001] piix4_smbus 0000:00:0a.3: SMBus Host Controller at 0x1100, revision 0
[    6.228280] sdhci: Secure Digital Host Controller Interface driver
[    6.228631] sdhci: Copyright(c) Pierre Ossman
[    6.230753] hidraw: raw HID events driver (C) Jiri Kosina
[    6.247976] usbcore: registered new interface driver usbhid
[    6.248322] usbhid: USB HID core driver
[    6.249302] Netfilter messages via NETLINK v0.30.
[    6.250519] nf_conntrack version 0.5.0 (3923 buckets, 15692 max)
[    6.253666] ctnetlink v0.93: registering with nfnetlink.
[    6.258820] ipip: IPv4 over IPv4 tunneling driver
[    6.270269] ip_tables: (C) 2000-2006 Netfilter Core Team
[    6.272969] arp_tables: (C) 2002 David S. Miller
[    6.274671] Initializing XFRM netlink socket
[    6.275904] NET: Registered protocol family 10
[    6.293869] ip6_tables: (C) 2000-2006 Netfilter Core Team
[    6.297347] sit: IPv6 over IPv4 tunneling driver
[    6.313495] NET: Registered protocol family 17
[    6.314405] bridge: automatic filtering via arp/ip/ip6tables has been deprecated. Update your scripts to load br_netfilter if you need this.
[    6.315441] Bridge firewalling registered
[    6.315942] Ebtables v2.0 registered
[    6.320021] 8021q: 802.1Q VLAN Support v1.8
[    6.340433] rtc_cmos rtc_cmos: setting system clock to 2025-07-23 16:41:51 UTC (1753288911)
[    6.364173] EXT2-fs (sda1): warning: mounting unchecked fs, running e2fsck is recommended
[    6.366308] VFS: Mounted root (ext2 filesystem) on device 8:1.
[    6.374913] Freeing YAMON memory: 956k freed
[    6.385311] Freeing unused kernel memory: 260K (8081f000 - 80860000)
[    6.471022] firmadyne: sys_reboot[PID: 48 (init)]: magic1:fee1dead, magic2:28121969, cmd:0
init started:  BusyBox v1.00 (2009.03.06-06:20+0000) multi-call binary
init started:  BusyBox v1.00 (2009.03.06-06:20+0000) multi-call binary
Starting pid 50, console /dev/ttyS0: '/usr/etc/rcS'
[    6.691106] firmadyne: do_execve: /firmadyne/console
[    6.691856] OFFSETS: offset of pid: 0x198 offset of comm: 0x278
[    6.863805] cfg80211: Calling CRDA to update world regulatory domain
insmod: cannot open module `/lib/modules/vnet.ko': No such file or directory
[    9.940475] firmadyne: ioctl: 0x1
insmod finish
[   10.007825] cfg80211: Calling CRDA to update world regulatory domain
BcmAtm_Initialize: open error 6
/usr/sbin/atmctl: ATM driver return code, state error
BcmAdsl : open error 6
/usr/sbin/adslctl: BcmAdsl_Initialize error
BcmAdsl : open error 6
/usr/sbin/adslctl->ConnectionHandler: BcmAdsl_ConnectionStart error
BcmAtm_Initialize: open error 6
ATM Operation Failed , 2 
/usr/sbin/atmctl: ATM driver return code, state error
[   10.235333] random: nonblocking pool is initialized
[   10.260816] firmadyne: sys_socket[PID: 103 (brctl)]: family:2, type:2, protocol:0
[   10.313727] firmadyne: sys_socket[PID: 104 (brctl)]: family:2, type:2, protocol:0
[   10.358002] firmadyne: sys_socket[PID: 105 (ifconfig)]: family:2, type:1, protocol:0
[   10.371661] IPv6: ADDRCONF(NETDEV_UP): eth0: link is not ready
[   10.372195] 8021q: adding VLAN 0 to HW filter on device eth0
[   10.376597] e1000: eth0 NIC Link is Up 1000 Mbps Full Duplex, Flow Control: RX
[   10.378683] IPv6: ADDRCONF(NETDEV_CHANGE): eth0: link becomes ready
[   10.425027] firmadyne: sys_socket[PID: 106 (brctl)]: family:2, type:2, protocol:0
[   10.426345] firmadyne: sys_socket[PID: 106 (brctl)]: family:10, type:1, protocol:0
[   10.428308] firmadyne: br_add_if[PID: 106 (brctl)]: br:br0 dev:eth0
[   10.433222] device eth0 entered promiscuous mode
[   10.477713] firmadyne: sys_socket[PID: 107 (ifconfig)]: family:2, type:1, protocol:0
[   10.486416] IPv6: ADDRCONF(NETDEV_UP): eth1: link is not ready
[   10.486957] 8021q: adding VLAN 0 to HW filter on device eth1
[   10.490854] e1000: eth1 NIC Link is Up 1000 Mbps Full Duplex, Flow Control: RX
[   10.492118] IPv6: ADDRCONF(NETDEV_CHANGE): eth1: link becomes ready
[   10.532009] firmadyne: sys_socket[PID: 108 (brctl)]: family:2, type:2, protocol:0
[   10.533249] firmadyne: sys_socket[PID: 108 (brctl)]: family:10, type:1, protocol:0
[   10.534652] firmadyne: br_add_if[PID: 108 (brctl)]: br:br0 dev:eth1
[   10.538835] device eth1 entered promiscuous mode
[   10.626692] firmadyne: sys_socket[PID: 110 (ifconfig)]: family:2, type:1, protocol:0
[   10.629099] firmadyne: __inet_insert_ifa[PID: 110 (ifconfig)]: device:lo ifa:0x7f000001
[   10.632156] firmadyne: __inet_insert_ifa[PID: 110 (ifconfig)]: device:lo ifa:0x7f000001
[   10.679483] firmadyne: sys_socket[PID: 111 (route)]: family:2, type:1, protocol:0
[   10.905452] firmadyne: sys_socket[PID: 114 (klogd)]: family:1, type:1, protocol:0
[   10.907164] firmadyne: sys_socket[PID: 114 (klogd)]: family:1, type:2, protocol:0
[   10.911568] firmadyne: sys_socket[PID: 114 (klogd)]: family:1, type:1, protocol:0
[   10.920046] firmadyne: sys_socket[PID: 114 (klogd)]: family:1, type:2, protocol:0
[   10.922277] firmadyne: sys_socket[PID: 114 (klogd)]: family:1, type:1, protocol:0
[   10.923374] firmadyne: sys_socket[PID: 114 (klogd)]: family:1, type:2, protocol:0
[   10.933438] firmadyne: sys_socket[PID: 114 (klogd)]: family:1, type:1, protocol:0
[   10.934544] firmadyne: sys_socket[PID: 114 (klogd)]: family:1, type:2, protocol:0
[   10.940999] firmadyne: sys_socket[PID: 114 (klogd)]: family:1, type:1, protocol:0
[   10.942072] firmadyne: sys_socket[PID: 114 (klogd)]: family:1, type:2, protocol:0
[   10.949349] firmadyne: sys_socket[PID: 114 (klogd)]: family:1, type:1, protocol:0
[   10.950454] firmadyne: sys_socket[PID: 114 (klogd)]: family:1, type:2, protocol:0
[   10.956820] firmadyne: sys_socket[PID: 114 (klogd)]: family:1, type:1, protocol:0
[   10.957900] firmadyne: sys_socket[PID: 114 (klogd)]: family:1, type:2, protocol:0
[   10.964269] firmadyne: sys_socket[PID: 114 (klogd)]: family:1, type:1, protocol:0
[   10.965376] firmadyne: sys_socket[PID: 114 (klogd)]: family:1, type:2, protocol:0
[   10.967492] firmadyne: sys_socket[PID: 114 (klogd)]: family:1, type:1, protocol:0
[   10.972253] firmadyne: sys_socket[PID: 114 (klogd)]: family:1, type:2, protocol:0
[   10.974585] firmadyne: sys_socket[PID: 114 (klogd)]: family:1, type:1, protocol:0
[   10.979874] firmadyne: sys_socket[PID: 114 (klogd)]: family:1, type:2, protocol:0
[   10.982033] firmadyne: sys_socket[PID: 114 (klogd)]: family:1, type:1, protocol:0
[   10.983082] firmadyne: sys_socket[PID: 114 (klogd)]: family:1, type:2, protocol:0
nvram_init: Initializing NVRAM...
[   10.989304] firmadyne: sys_socket[PID: 114 (klogd)]: family:1, type:1, protocol:0
[   10.990370] firmadyne: sys_socket[PID: 114 (klogd)]: family:1, type:2, protocol:0
sem_get: Key: 4101c003
[   10.998811] firmadyne: sys_socket[PID: 114 (klogd)]: family:1, type:1, protocol:0
[   11.000085] firmadyne: sys_socket[PID: 114 (klogd)]: family:1, type:2, protocol:0
[   11.002173] firmadyne: sys_socket[PID: 114 (klogd)]: family:1, type:1, protocol:0
[   11.003219] firmadyne: sys_socket[PID: 114 (klogd)]: family:1, type:2, protocol:0
sem_get: Key: 410f00a8
nvram_set_default_builtin: Setting built-in default values!
nvram_set: console_loglevel = "7"
[   11.013449] firmadyne: sys_socket[PID: 114 (klogd)]: family:1, type:1, protocol:0
[   11.014510] firmadyne: sys_socket[PID: 114 (klogd)]: family:1, type:2, protocol:0
[   11.016931] firmadyne: sys_socket[PID: 114 (klogd)]: family:1, type:1, protocol:0
[   11.018000] firmadyne: sys_socket[PID: 114 (klogd)]: family:1, type:2, protocol:0
sem_get: Key: 410f00a8
sem_get[   11.024542] firmadyne: sys_socket[PID: 114 (klogd)]: family:1, type:1, protocol:0
[   11.025665] firmadyne: sys_socket[PID: 114 (klogd)]: family:1, type:2, protocol:0
: Key: 410f00a8
nvram_set: restore_defaults = "1"
[   11.031955] firmadyne: sys_socket[PID: 114 (klogd)]: family:1, type:1, protocol:0
[   11.033049] firmadyne: sys_socket[PID: 114 (klogd)]: family:1, type:2, protocol:0
[   11.035115] firmadyne: sys_socket[PID: 114 (klogd)]: family:1, type:1, protocol:0
sem_get: Key: 410f00a8
sem_get: Key: 410f00a8
nvram_set: sku_name = ""
sem_get: Key: 410f00a8
[   11.044090] firmadyne: sys_socket[PID: 114 (klogd)]: family:1, type:2, protocol:0
[   11.046195] firmadyne: sys_socket[PID: 114 (klogd)]: family:1, type:1, protocol:0
[   11.047240] firmadyne: sys_socket[PID: 114 (klogd)]: family:1, type:2, protocol:0
sem_get: Key: 410f00a8
nvram_set[   11.053254] firmadyne: sys_socket[PID: 114 (klogd)]: family:1, type:1, protocol:0
[   11.054317] firmadyne: sys_socket[PID: 114 (klogd)]: family:1, type:2, protocol:0
: wla_wlanstate = ""
sem_get: Key: 410f00a8
sem_get[   11.060768] firmadyne: sys_socket[PID: 114 (klogd)]: family:1, type:1, protocol:0
[   11.061904] firmadyne: sys_socket[PID: 114 (klogd)]: family:1, type:2, protocol:0
: Key: 410f00a8
nvram_set: lan_if = "br0"
[   11.068222] firmadyne: sys_socket[PID: 114 (klogd)]: family:1, type:1, protocol:0
[   11.069352] firmadyne: sys_socket[PID: 114 (klogd)]: family:1, type:2, protocol:0
[   11.071550] firmadyne: sys_socket[PID: 114 (klogd)]: family:1, type:1, protocol:0
sem_get: Key: 410f00a8
sem_get: Key: 410f00a8[   11.076183] firmadyne: sys_socket[PID: 114 (klogd)]: family:1, type:2, protocol:0
[   11.078305] firmadyne: sys_socket[PID: 114 (klogd)]: family:1, type:1, protocol:0
[   11.079396] firmadyne: sys_socket[PID: 114 (klogd)]: family:1, type:2, protocol:0

nvram_set: lan_ipaddr = "192.168.0.50"
sem_get: Key: 410f00a8
sem_get: Key: 410f00a8
[   11.089194] firmadyne: sys_socket[PID: 114 (klogd)]: family:1, type:1, protocol:0
[   11.090266] firmadyne: sys_socket[PID: 114 (klogd)]: family:1, type:2, protocol:0
nvram_set: lan_bipaddr = "192.168.0.255"
sem_get: Key: 410f00a8
[   11.096737] firmadyne: sys_socket[PID: 114 (klogd)]: family:1, type:1, protocol:0
[   11.097907] firmadyne: sys_socket[PID: 114 (klogd)]: family:1, type:2, protocol:0
sem_get: Key: 410f00a8
nvram_set: [   11.104280] firmadyne: sys_socket[PID: 114 (klogd)]: family:1, type:1, protocol:0
[   11.105369] firmadyne: sys_socket[PID: 114 (klogd)]: family:1, type:2, protocol:0
[   11.107461] firmadyne: sys_socket[PID: 114 (klogd)]: family:1, type:1, protocol:0
lan_netmask = "255.255.255.0"
sem_get: Key: 410f00a8
sem_get: Key: 410f00a8
nvram_set: time_zone[   11.116417] firmadyne: sys_socket[PID: 114 (klogd)]: family:1, type:2, protocol:0
[   11.118618] firmadyne: sys_socket[PID: 114 (klogd)]: family:1, type:1, protocol:0
[   11.120003] firmadyne: sys_socket[PID: 114 (klogd)]: family:1, type:2, protocol:0
[   11.122118] firmadyne: sys_socket[PID: 114 (klogd)]: family:1, type:1, protocol:0
[   11.123159] firmadyne: sys_socket[PID: 114 (klogd)]: family:1, type:2, protocol:0
 = "PST8PDT"
sem_get: Key: 410f00a8
sem_get[   11.129506] firmadyne: sys_socket[PID: 114 (klogd)]: family:1, type:1, protocol:0
[   11.130560] firmadyne: sys_socket[PID: 114 (klogd)]: family:1, type:2, protocol:0
: Key: 410f00a8
nvram_set: wan_hwaddr_def = "01:23:45:67:89:ab"
[   11.136876] firmadyne: sys_socket[PID: 114 (klogd)]: family:1, type:1, protocol:0
[   11.137974] firmadyne: sys_socket[PID: 114 (klogd)]: family:1, type:2, protocol:0
sem_get: Key: 410f00a8
sem_get: Key: 410f00a8
[   11.144315] firmadyne: sys_socket[PID: 114 (klogd)]: family:1, type:1, protocol:0
[   11.145424] firmadyne: sys_socket[PID: 114 (klogd)]: family:1, type:2, protocol:0
[   11.147474] firmadyne: sys_socket[PID: 114 (klogd)]: family:1, type:1, protocol:0
nvram_set: wan_ifname = "eth0"
sem_get: Key: 410f00a8
sem_get: Key: 410f00a8
[   11.156382] firmadyne: sys_socket[PID: 114 (klogd)]: family:1, type:2, protocol:0
nvram_set: lan_ifnames = "eth1 eth2 eth3 eth4"
[   11.164409] firmadyne: sys_socket[PID: 114 (klogd)]: family:1, type:1, protocol:0
[   11.165633] firmadyne: sys_socket[PID: 114 (klogd)]: family:1, type:2, protocol:0
sem_get: Key: 410f00a8
sem_get: Key: 410f00a8
[   11.172347] firmadyne: sys_socket[PID: 114 (klogd)]: family:1, type:1, protocol:0
[   11.173543] firmadyne: sys_socket[PID: 114 (klogd)]: family:1, type:2, protocol:0
nvram_set: ethConver = "1"
sem_get: Key: 410f00a8[   11.180206] firmadyne: sys_socket[PID: 114 (klogd)]: family:1, type:1, protocol:0
[   11.181461] firmadyne: sys_socket[PID: 114 (klogd)]: family:1, type:2, protocol:0
[   11.183804] firmadyne: sys_socket[PID: 114 (klogd)]: family:1, type:1, protocol:0

sem_get: Key: 410f00a8
nvram_set: lan_proto = "dhcp"
sem_get: Key: 410f00a8
[   11.192185] firmadyne: sys_socket[PID: 114 (klogd)]: family:1, type:2, protocol:0
[   11.194345] firmadyne: sys_socket[PID: 114 (klogd)]: family:1, type:1, protocol:0
[   11.195417] firmadyne: sys_socket[PID: 114 (klogd)]: family:1, type:2, protocol:0
[   11.197773] firmadyne: sys_socket[PID: 114 (klogd)]: family:1, type:1, protocol:0
[   11.198865] firmadyne: sys_socket[PID: 114 (klogd)]: family:1, type:2, protocol:0
sem_get: Key: 410f00a8
nvram_set: [   11.205392] firmadyne: sys_socket[PID: 114 (klogd)]: family:1, type:1, protocol:0
[   11.206450] firmadyne: sys_socket[PID: 114 (klogd)]: family:1, type:2, protocol:0
wan_ipaddr = "0.0.0.0"
sem_get: Key: 410f00a8
sem_get[   11.213073] firmadyne: sys_socket[PID: 114 (klogd)]: family:1, type:1, protocol:0
[   11.214192] firmadyne: sys_socket[PID: 114 (klogd)]: family:1, type:2, protocol:0
: Key: 410f00a8
nvram_set: wan_netmask = "255.255.255.0"
[   11.220466] firmadyne: sys_socket[PID: 114 (klogd)]: family:1, type:1, protocol:0
[   11.221570] firmadyne: sys_socket[PID: 114 (klogd)]: family:1, type:2, protocol:0
sem_get: Key: 410f00a8
sem_get: Key: 410f00a8
[   11.227847] firmadyne: sys_socket[PID: 114 (klogd)]: family:1, type:1, protocol:0
[   11.228940] firmadyne: sys_socket[PID: 114 (klogd)]: family:1, type:2, protocol:0
[   11.231014] firmadyne: sys_socket[PID: 114 (klogd)]: family:1, type:1, protocol:0
nvram_set: wanif = "eth0"
sem_get: Key: 410f00a8
[   11.236419] firmadyne: sys_socket[PID: 114 (klogd)]: family:1, type:2, protocol:0
[   11.238563] firmadyne: sys_socket[PID: 114 (klogd)]: family:1, type:1, protocol:0
sem_get: Key: 410f00a8
nvram_set: [   11.243900] firmadyne: sys_socket[PID: 114 (klogd)]: family:1, type:2, protocol:0
[   11.246079] firmadyne: sys_socket[PID: 114 (klogd)]: family:1, type:1, protocol:0
[   11.247141] firmadyne: sys_socket[PID: 114 (klogd)]: family:1, type:2, protocol:0
time_zone_x = "0"
sem_get: Key: 410f00a8
[   11.253250] firmadyne: sys_socket[PID: 114 (klogd)]: family:1, type:1, protocol:0
[   11.254858] firmadyne: sys_socket[PID: 114 (klogd)]: family:1, type:2, protocol:0
sem_get: Key: 410f00a8
nvram_set: rip_multicast = "0[   11.261162] firmadyne: sys_socket[PID: 114 (klogd)]: family:1, type:1, protocol:0
[   11.262220] firmadyne: sys_socket[PID: 114 (klogd)]: family:1, type:2, protocol:0
"
sem_get: Key: 410f00a8
sem_get: Key: 410f00a8
[   11.268735] firmadyne: sys_socket[PID: 114 (klogd)]: family:1, type:1, protocol:0
[   11.269831] firmadyne: sys_socket[PID: 114 (klogd)]: family:1, type:2, protocol:0
nvram_set: bs_trustedip_enable = "0"
sem_get: Key: 410f00a8[   11.276112] firmadyne: sys_socket[PID: 114 (klogd)]: family:1, type:1, protocol:0
[   11.277233] firmadyne: sys_socket[PID: 114 (klogd)]: family:1, type:2, protocol:0
[   11.279274] firmadyne: sys_socket[PID: 114 (klogd)]: family:1, type:1, protocol:0

sem_get: Key: 410f00a8
[   11.284334] firmadyne: sys_socket[PID: 114 (klogd)]: family:1, type:2, protocol:0
[   11.286493] firmadyne: sys_socket[PID: 114 (klogd)]: family:1, type:1, protocol:0
[   11.287575] firmadyne: sys_socket[PID: 114 (klogd)]: family:1, type:2, protocol:0
nvram_set: et0macaddr = "01:23:45:67:89:ab"
sem_get: Key: 410f00a8
sem_get: Key: 410f00a8
nvram_set[   11.297319] firmadyne: sys_socket[PID: 114 (klogd)]: family:1, type:1, protocol:0
[   11.298449] firmadyne: sys_socket[PID: 114 (klogd)]: family:1, type:2, protocol:0
: filter_rule_tbl = ""
sem_get: Key: 410f00a8
sem_get[   11.304964] firmadyne: sys_socket[PID: 114 (klogd)]: family:1, type:1, protocol:0
[   11.306063] firmadyne: sys_socket[PID: 114 (klogd)]: family:1, type:2, protocol:0
: Key: 410f00a8
nvram_set: pppoe2_schedule_config = "127:0:0:23:59"
[   11.312328] firmadyne: sys_socket[PID: 114 (klogd)]: family:1, type:1, protocol:0
[   11.313430] firmadyne: sys_socket[PID: 114 (klogd)]: family:1, type:2, protocol:0
[   11.315481] firmadyne: sys_socket[PID: 114 (klogd)]: family:1, type:1, protocol:0
sem_get: Key: 410f00a8
sem_get: Key: 410f00a8[   11.320345] firmadyne: sys_socket[PID: 114 (klogd)]: family:1, type:2, protocol:0
[   11.322430] firmadyne: sys_socket[PID: 114 (klogd)]: family:1, type:1, protocol:0
[   11.323498] firmadyne: sys_socket[PID: 114 (klogd)]: family:1, type:2, protocol:0

nvram_set: schedule_config = "127:0:0:23:59"
[   11.329157] firmadyne: sys_socket[PID: 114 (klogd)]: family:1, type:1, protocol:0
[   11.330227] firmadyne: sys_socket[PID: 114 (klogd)]: family:1, type:2, protocol:0
sem_get: Key: 410f00a8
sem_get: Key: 410f00a8
[   11.336594] firmadyne: sys_socket[PID: 114 (klogd)]: family:1, type:1, protocol:0
[   11.337742] firmadyne: sys_socket[PID: 114 (klogd)]: family:1, type:2, protocol:0
nvram_set: access_control_mode = "0"
sem_get: Key: 410f00a8[   11.344026] firmadyne: sys_socket[PID: 114 (klogd)]: family:1, type:1, protocol:0
[   11.345118] firmadyne: sys_socket[PID: 114 (klogd)]: family:1, type:2, protocol:0
[   11.347162] firmadyne: sys_socket[PID: 114 (klogd)]: family:1, type:1, protocol:0

sem_get: Key: 410f00a8
nvram_set: fwpt_df_count = "0"
sem_get: Key: 410f00a8[   11.356370] firmadyne: sys_socket[PID: 114 (klogd)]: family:1, type:2, protocol:0
[   11.358444] firmadyne: sys_socket[PID: 114 (klogd)]: family:1, type:1, protocol:0

sem_get: Key: 410f00a8
nvram_set[   11.365907] firmadyne: sys_socket[PID: 114 (klogd)]: family:1, type:2, protocol:0
[   11.368265] firmadyne: sys_socket[PID: 114 (klogd)]: family:1, type:1, protocol:0
[   11.369323] firmadyne: sys_socket[PID: 114 (klogd)]: family:1, type:2, protocol:0
[   11.371365] firmadyne: sys_socket[PID: 114 (klogd)]: family:1, type:1, protocol:0
: static_if_status = "1"
sem_get: Key: 410f00a8
sem_get: Key: 410f00a8
nvram_set: www_relocation[   11.380093] firmadyne: sys_socket[PID: 114 (klogd)]: family:1, type:2, protocol:0
[   11.382441] firmadyne: sys_socket[PID: 114 (klogd)]: family:1, type:1, protocol:0
[   11.383523] firmadyne: sys_socket[PID: 114 (klogd)]: family:1, type:2, protocol:0
 = ""
sem_get: Key: 410f00a8
sem_get[   11.389321] firmadyne: sys_socket[PID: 114 (klogd)]: family:1, type:1, protocol:0
[   11.390384] firmadyne: sys_socket[PID: 114 (klogd)]: family:1, type:2, protocol:0
: Key: 410f00a8
nvram_set: usb_info_dev0 = "A200396E0402FF83@1@14.4G@U@1@USB_Storage;U:;0;0@[   11.396688] firmadyne: sys_socket[PID: 114 (klogd)]: family:1, type:1, protocol:0
[   11.397779] firmadyne: sys_socket[PID: 114 (klogd)]: family:1, type:2, protocol:0
"
sem_get: Key: 410f00a8
sem_get: Key: 410f00a8
[   11.404219] firmadyne: sys_socket[PID: 114 (klogd)]: family:1, type:1, protocol:0
[   11.405335] firmadyne: sys_socket[PID: 114 (klogd)]: family:1, type:2, protocol:0
[   11.407400] firmadyne: sys_socket[PID: 114 (klogd)]: family:1, type:1, protocol:0
nvram_set: usb_info_dev1 = "A200396E0402FF83@1@14.4G@U@1@USB_Storage;U:;0;0@"
[   11.412200] firmadyne: sys_socket[PID: 114 (klogd)]: family:1, type:2, protocol:0
[   11.414275] firmadyne: sys_socket[PID: 114 (klogd)]: family:1, type:1, protocol:0
[   11.416060] firmadyne: sys_socket[PID: 114 (klogd)]: family:1, type:2, protocol:0
sem_get: Key: 410f00a8
sem_get: Key: 410f00a8
[   11.425187] firmadyne: sys_socket[PID: 114 (klogd)]: family:1, type:1, protocol:0
[   11.426253] firmadyne: sys_socket[PID: 114 (klogd)]: family:1, type:2, protocol:0
nvram_set: usb_info_dev2 = "A200396E0402FF83@1@14.4G@U@1@USB_Storage;U:;0;0@"
sem_get: Key: 410f00a8
[   11.432572] firmadyne: sys_socket[PID: 114 (klogd)]: family:1, type:1, protocol:0
[   11.433678] firmadyne: sys_socket[PID: 114 (klogd)]: family:1, type:2, protocol:0
sem_get: Key: 410f00a8
nvram_set: [   11.440075] firmadyne: sys_socket[PID: 114 (klogd)]: family:1, type:1, protocol:0
[   11.441226] firmadyne: sys_socket[PID: 114 (klogd)]: family:1, type:2, protocol:0
[   11.443328] firmadyne: sys_socket[PID: 114 (klogd)]: family:1, type:1, protocol:0
usb_info_dev3 = "A200396E0402FF83@1@14.4G@U@1@USB_Storage;U:;0;0@"
sem_get: Key: 410f00a8
[   11.448298] firmadyne: sys_socket[PID: 114 (klogd)]: family:1, type:2, protocol:0
[   11.450386] firmadyne: sys_socket[PID: 114 (klogd)]: family:1, type:1, protocol:0
[   11.451448] firmadyne: sys_socket[PID: 114 (klogd)]: family:1, type:2, protocol:0
sem_get: Key: 410f00a8
nvram_set: usb_info_dev4 = "A200396E0402FF83@1@14.4G@U@1@USB_Storage;U:;0;0@"
sem_get: Key: 410f00a8
[   11.461217] firmadyne: sys_socket[PID: 114 (klogd)]: family:1, type:1, protocol:0
[   11.462293] firmadyne: sys_socket[PID: 114 (klogd)]: family:1, type:2, protocol:0
sem_get: Key: 410f00a8
nvram_set: usb_info_dev5 = "[   11.468755] firmadyne: sys_socket[PID: 114 (klogd)]: family:1, type:1, protocol:0
[   11.469850] firmadyne: sys_socket[PID: 114 (klogd)]: family:1, type:2, protocol:0
A200396E0402FF83@1@14.4G@U@1@USB_Storage;U:;0;0@"
sem_get: Key: 410f00a8
sem_get: Key: 410f00a8
nvram_set: usb_info_dev6 = "A200396E0402FF83@1@14.4G@U@1@USB_Storage;U:;0;0@"
sem_get: Key: 410f00a8
sem_get: Key: 410f00a8
[   11.492205] firmadyne: sys_socket[PID: 114 (klogd)]: family:1, type:1, protocol:0
[   11.493330] firmadyne: sys_socket[PID: 114 (klogd)]: family:1, type:2, protocol:0
[   11.495463] firmadyne: sys_socket[PID: 114 (klogd)]: family:1, type:1, protocol:0
nvram_set: usb_info_dev7 = "A200396E0402FF83@1@14.4G@U@1@USB_Storage;U:;0;0@"
[   11.500163] firmadyne: sys_socket[PID: 114 (klogd)]: family:1, type:2, protocol:0
[   11.502331] firmadyne: sys_socket[PID: 114 (klogd)]: family:1, type:1, protocol:0
[   11.503376] firmadyne: sys_socket[PID: 114 (klogd)]: family:1, type:2, protocol:0
sem_get: Key: 410f00a8
sem_get: Key: 410f00a8[   11.509488] firmadyne: sys_socket[PID: 114 (klogd)]: family:1, type:1, protocol:0
[   11.510578] firmadyne: sys_socket[PID: 114 (klogd)]: family:1, type:2, protocol:0

nvram_set: usb_info_dev8 = "A200396E0402FF83@1@14.4G@U@1@USB_Storage;U:;0;0@"
sem_get[   11.517217] firmadyne: sys_socket[PID: 114 (klogd)]: family:1, type:1, protocol:0
[   11.518331] firmadyne: sys_socket[PID: 114 (klogd)]: family:1, type:2, protocol:0
: Key: 410f00a8
sem_get: Key: 410f00a8
[   11.524648] firmadyne: sys_socket[PID: 114 (klogd)]: family:1, type:1, protocol:0
[   11.525764] firmadyne: sys_socket[PID: 114 (klogd)]: family:1, type:2, protocol:0
nvram_set: usb_info_dev9 = "A200396E0402FF83@1@14.4G@U@1@USB_Storage;U:;0;0@"
sem_get: Key: 410f00a8
sem_get: Key: 410f00a8[   11.536283] firmadyne: sys_socket[PID: 114 (klogd)]: family:1, type:1, protocol:0
[   11.537381] firmadyne: sys_socket[PID: 114 (klogd)]: family:1, type:2, protocol:0
[   11.539490] firmadyne: sys_socket[PID: 114 (klogd)]: family:1, type:1, protocol:0

nvram_set: usb_info_dev10 = "A200396E0402FF83@1@14.4G@U@1@USB_Storage;U:;0;0@[   11.544130] firmadyne: sys_socket[PID: 114 (klogd)]: family:1, type:2, protocol:0
[   11.546304] firmadyne: sys_socket[PID: 114 (klogd)]: family:1, type:1, protocol:0
[   11.547375] firmadyne: sys_socket[PID: 114 (klogd)]: family:1, type:2, protocol:0
"
sem_get: Key: 410f00a8
sem_get: Key: 410f00a8
nvram_set: usb_info_dev11 = "[   11.557354] firmadyne: sys_socket[PID: 114 (klogd)]: family:1, type:1, protocol:0
[   11.558419] firmadyne: sys_socket[PID: 114 (klogd)]: family:1, type:2, protocol:0
A200396E0402FF83@1@14.4G@U@1@USB_Storage;U:;0;0@"
sem_get: Key: 410f00a8
sem_get[   11.564774] firmadyne: sys_socket[PID: 114 (klogd)]: family:1, type:1, protocol:0
[   11.565862] firmadyne: sys_socket[PID: 114 (klogd)]: family:1, type:2, protocol:0
: Key: 410f00a8
nvram_set: usb_info_dev12 = "A200396E0402FF83@1@14.4G@U@1@USB_Storage;U:;0;0@"
[   11.572322] firmadyne: sys_socket[PID: 114 (klogd)]: family:1, type:1, protocol:0
[   11.573415] firmadyne: sys_socket[PID: 114 (klogd)]: family:1, type:2, protocol:0
[   11.575522] firmadyne: sys_socket[PID: 114 (klogd)]: family:1, type:1, protocol:0
sem_get: Key: 410f00a8
sem_get: Key: 410f00a8[   11.580480] firmadyne: sys_socket[PID: 114 (klogd)]: family:1, type:2, protocol:0
[   11.582663] firmadyne: sys_socket[PID: 114 (klogd)]: family:1, type:1, protocol:0

nvram_set: usb_info_dev13 = "A200396E0402FF83@1@14.4G@U@1@USB_Storage;U:;0;0@"
[   11.587995] firmadyne: sys_socket[PID: 114 (klogd)]: family:1, type:2, protocol:0
[   11.590201] firmadyne: sys_socket[PID: 114 (klogd)]: family:1, type:1, protocol:0
[   11.591287] firmadyne: sys_socket[PID: 114 (klogd)]: family:1, type:2, protocol:0
sem_get: Key: 410f00a8
sem_get: Key: 410f00a8
[   11.597509] firmadyne: sys_socket[PID: 114 (klogd)]: family:1, type:1, protocol:0
[   11.598575] firmadyne: sys_socket[PID: 114 (klogd)]: family:1, type:2, protocol:0
nvram_set: usb_info_dev14 = "A200396E0402FF83@1@14.4G@U@1@USB_Storage;U:;0;0@"
sem_get: Key: [   11.605131] firmadyne: sys_socket[PID: 114 (klogd)]: family:1, type:1, protocol:0
[   11.606267] firmadyne: sys_socket[PID: 114 (klogd)]: family:1, type:2, protocol:0
410f00a8
sem_get: Key: 410f00a8
[   11.612675] firmadyne: sys_socket[PID: 114 (klogd)]: family:1, type:1, protocol:0
[   11.613780] firmadyne: sys_socket[PID: 114 (klogd)]: family:1, type:2, protocol:0
nvram_set: usb_info_dev15 = "A200396E0402FF83@1@14.4G@U@1@USB_Storage;U:;0;0@"
sem_get: Key: 410f00a8
[   11.620375] firmadyne: sys_socket[PID: 114 (klogd)]: family:1, type:1, protocol:0
[   11.621504] firmadyne: sys_socket[PID: 114 (klogd)]: family:1, type:2, protocol:0
sem_get: Key: 410f00a8
nvram_set: usb_info_dev16[   11.628034] firmadyne: sys_socket[PID: 114 (klogd)]: family:1, type:1, protocol:0
[   11.629139] firmadyne: sys_socket[PID: 114 (klogd)]: family:1, type:2, protocol:0
[   11.631230] firmadyne: sys_socket[PID: 114 (klogd)]: family:1, type:1, protocol:0
 = "A200396E0402FF83@1@14.4G@U@1@USB_Storage;U:;0;0@"
sem_get: Key: 410f00a8
[   11.636136] firmadyne: sys_socket[PID: 114 (klogd)]: family:1, type:2, protocol:0
[   11.638281] firmadyne: sys_socket[PID: 114 (klogd)]: family:1, type:1, protocol:0
[   11.639351] firmadyne: sys_socket[PID: 114 (klogd)]: family:1, type:2, protocol:0
sem_get: Key: 410f00a8
nvram_set: usb_info_dev17 = "A200396E0402FF83@1@14.4G@U@1@USB_Storage;U:;0;0@"
sem_get: Key: 410f00a8
sem_get[   11.649485] firmadyne: sys_socket[PID: 114 (klogd)]: family:1, type:1, protocol:0
[   11.650546] firmadyne: sys_socket[PID: 114 (klogd)]: family:1, type:2, protocol:0
: Key: 410f00a8
nvram_set: usb_info_dev18 = "A200396E0402FF83@1@14.4G@U@1@USB_Storage;U:;0;0@"
[   11.657220] firmadyne: sys_socket[PID: 114 (klogd)]: family:1, type:1, protocol:0
[   11.658300] firmadyne: sys_socket[PID: 114 (klogd)]: family:1, type:2, protocol:0
[   11.660767] firmadyne: sys_socket[PID: 114 (klogd)]: family:1, type:1, protocol:0
[   11.661819] firmadyne: sys_socket[PID: 114 (klogd)]: family:1, type:2, protocol:0
sem_get: Key: 410f00a8
sem_get: Key: 410f00a8
[   11.668174] firmadyne: sys_socket[PID: 114 (klogd)]: family:1, type:1, protocol:0
[   11.669282] firmadyne: sys_socket[PID: 114 (klogd)]: family:1, type:2, protocol:0
[   11.671461] firmadyne: sys_socket[PID: 114 (klogd)]: family:1, type:1, protocol:0
nvram_set: usb_info_dev19 = "A200396E0402FF83@1@14.4G@U@1@USB_Storage;U:;0;0@"
sem_get: Key: 410f00a8
sem_get: Key: 410f00a8
[   11.680121] firmadyne: sys_socket[PID: 114 (klogd)]: family:1, type:2, protocol:0
[   11.682242] firmadyne: sys_socket[PID: 114 (klogd)]: family:1, type:1, protocol:0
[   11.683391] firmadyne: sys_socket[PID: 114 (klogd)]: family:1, type:2, protocol:0
nvram_set: usb_info_dev20 = "A200396E0402FF83@1@14.4G@U@1@USB_Storage;U:;0;0@"
sem_get: Key: [   11.689483] firmadyne: sys_socket[PID: 114 (klogd)]: family:1, type:1, protocol:0
[   11.690587] firmadyne: sys_socket[PID: 114 (klogd)]: family:1, type:2, protocol:0
410f00a8
sem_get: Key: 410f00a8
[   11.697048] firmadyne: sys_socket[PID: 114 (klogd)]: family:1, type:1, protocol:0
[   11.698136] firmadyne: sys_socket[PID: 114 (klogd)]: family:1, type:2, protocol:0
nvram_set: usb_info_dev21 = "A200396E0402FF83@1@14.4G@U@1@USB_Storage;U:;0;0@"
sem_get: Key: 410f00a8
[   11.704537] firmadyne: sys_socket[PID: 114 (klogd)]: family:1, type:1, protocol:0
[   11.705632] firmadyne: sys_socket[PID: 114 (klogd)]: family:1, type:2, protocol:0
sem_get: Key: 410f00a8
nvram_set: usb_info_dev22[   11.712433] firmadyne: sys_socket[PID: 114 (klogd)]: family:1, type:1, protocol:0
[   11.713542] firmadyne: sys_socket[PID: 114 (klogd)]: family:1, type:2, protocol:0
 = "A200396E0402FF83@1@14.4G@U@1@USB_Storage;U:;0;0@"
sem_get: Key: 410f00a8
[   11.719902] firmadyne: sys_socket[PID: 114 (klogd)]: family:1, type:1, protocol:0
[   11.721015] firmadyne: sys_socket[PID: 114 (klogd)]: family:1, type:2, protocol:0
[   11.723160] firmadyne: sys_socket[PID: 114 (klogd)]: family:1, type:1, protocol:0
sem_get: Key: 410f00a8
nvram_set: usb_info_dev23 = "A200396E0402FF83@1@14.4G@U@1@USB_Storage;U:;0;0@"
sem_get: Key: 410f00a8
[   11.732195] firmadyne: sys_socket[PID: 114 (klogd)]: family:1, type:2, protocol:0
[   11.734331] firmadyne: sys_socket[PID: 114 (klogd)]: family:1, type:1, protocol:0
[   11.735380] firmadyne: sys_socket[PID: 114 (klogd)]: family:1, type:2, protocol:0
sem_get: Key: 410f00a8
nvram_set[   11.741375] firmadyne: sys_socket[PID: 114 (klogd)]: family:1, type:1, protocol:0
[   11.742466] firmadyne: sys_socket[PID: 114 (klogd)]: family:1, type:2, protocol:0
: usb_info_dev24 = "A200396E0402FF83@1@14.4G@U@1@USB_Storage;U:;0;0@"
sem_get: Key: 410f00a8
[   11.749782] firmadyne: sys_socket[PID: 114 (klogd)]: family:1, type:1, protocol:0
[   11.750878] firmadyne: sys_socket[PID: 114 (klogd)]: family:1, type:2, protocol:0
sem_get: Key: 410f00a8
nvram_set: usb_info_dev25 = "[   11.757359] firmadyne: sys_socket[PID: 114 (klogd)]: family:1, type:1, protocol:0
[   11.758489] firmadyne: sys_socket[PID: 114 (klogd)]: family:1, type:2, protocol:0
A200396E0402FF83@1@14.4G@U@1@USB_Storage;U:;0;0@"
sem_get: Key: 410f00a8
sem_get[   11.765047] firmadyne: sys_socket[PID: 114 (klogd)]: family:1, type:1, protocol:0
[   11.766352] firmadyne: sys_socket[PID: 114 (klogd)]: family:1, type:2, protocol:0
: Key: 410f00a8
nvram_set: usb_info_dev26 = "A200396E0402FF83@1@14.4G@U@1@USB_Storage;U:;0;0@"
[   11.773108] firmadyne: sys_socket[PID: 114 (klogd)]: family:1, type:1, protocol:0
[   11.774253] firmadyne: sys_socket[PID: 114 (klogd)]: family:1, type:2, protocol:0
sem_get: Key: 410f00a8
sem_get: Key: 410f00a8
[   11.780554] firmadyne: sys_socket[PID: 114 (klogd)]: family:1, type:1, protocol:0
[   11.781701] firmadyne: sys_socket[PID: 114 (klogd)]: family:1, type:2, protocol:0
nvram_set: usb_info_dev27 = "A200396E0402FF83@1@14.4G@U@1@USB_Storage;U:;0;0@"
[   11.788115] firmadyne: sys_socket[PID: 114 (klogd)]: family:1, type:1, protocol:0
[   11.789222] firmadyne: sys_socket[PID: 114 (klogd)]: family:1, type:2, protocol:0
[   11.791354] firmadyne: sys_socket[PID: 114 (klogd)]: family:1, type:1, protocol:0
sem_get: Key: 410f00a8
sem_get: Key: [   11.796247] firmadyne: sys_socket[PID: 114 (klogd)]: family:1, type:2, protocol:0
[   11.798422] firmadyne: sys_socket[PID: 114 (klogd)]: family:1, type:1, protocol:0
[   11.799482] firmadyne: sys_socket[PID: 114 (klogd)]: family:1, type:2, protocol:0
410f00a8
nvram_set: usb_info_dev28 = "A200396E0402FF83@1@14.4G@U@1@USB_Storage;U:;0;0@"
sem_get: Key: 410f00a8
sem_get: Key: [   11.809351] firmadyne: sys_socket[PID: 114 (klogd)]: family:1, type:1, protocol:0
[   11.810470] firmadyne: sys_socket[PID: 114 (klogd)]: family:1, type:2, protocol:0
410f00a8
nvram_set: usb_info_dev29 = "A200396E0402FF83@1@14.4G@U@1@USB_Storage;U:;0;0@"
[   11.816800] firmadyne: sys_socket[PID: 114 (klogd)]: family:1, type:1, protocol:0
[   11.817896] firmadyne: sys_socket[PID: 114 (klogd)]: family:1, type:2, protocol:0
sem_get: Key: 410f00a8
sem_get: Key: 410f00a8
[   11.824308] firmadyne: sys_socket[PID: 114 (klogd)]: family:1, type:1, protocol:0
[   11.825470] firmadyne: sys_socket[PID: 114 (klogd)]: family:1, type:2, protocol:0
nvram_set: usb_info_dev30 = "A200396E0402FF83@1@14.4G@U@1@USB_Storage;U:;0;0@"
sem_get: Key: [   11.831886] firmadyne: sys_socket[PID: 114 (klogd)]: family:1, type:1, protocol:0
[   11.832989] firmadyne: sys_socket[PID: 114 (klogd)]: family:1, type:2, protocol:0
[   11.835131] firmadyne: sys_socket[PID: 114 (klogd)]: family:1, type:1, protocol:0
410f00a8
sem_get: Key: 410f00a8
nvram_set: usb_info_dev31 = "A200396E0402FF83@1@14.4G@U@1@USB_Storage;U:;0;0@"
sem_get: Key: 410f00a8[   11.844426] firmadyne: sys_socket[PID: 114 (klogd)]: family:1, type:2, protocol:0
[   11.846599] firmadyne: sys_socket[PID: 114 (klogd)]: family:1, type:1, protocol:0
[   11.847981] firmadyne: sys_socket[PID: 114 (klogd)]: family:1, type:2, protocol:0

sem_get: Key: 410f00a8
nvram_set: usb_info_dev32 = "A200396E0402FF83@1@14.4G@U@1@USB_Storage;U:;0;0@"
sem_get: Key: 410f00a8
sem_get: Key: 410f00a8
[   11.867986] firmadyne: sys_socket[PID: 114 (klogd)]: family:1, type:1, protocol:0
[   11.869105] firmadyne: sys_socket[PID: 114 (klogd)]: family:1, type:2, protocol:0
[   11.871246] firmadyne: sys_socket[PID: 114 (klogd)]: family:1, type:1, protocol:0
nvram_set: usb_info_dev33 = "A200396E0402FF83@1@14.4G@U@1@USB_Storage;U:;0;0@"
sem_get: Key: [   11.876325] firmadyne: sys_socket[PID: 114 (klogd)]: family:1, type:2, protocol:0
[   11.878512] firmadyne: sys_socket[PID: 114 (klogd)]: family:1, type:1, protocol:0
[   11.879738] firmadyne: sys_socket[PID: 114 (klogd)]: family:1, type:2, protocol:0
410f00a8
sem_get: Key: 410f00a8
[   11.885261] firmadyne: sys_socket[PID: 114 (klogd)]: family:1, type:1, protocol:0
[   11.886335] firmadyne: sys_socket[PID: 114 (klogd)]: family:1, type:2, protocol:0
nvram_set: usb_info_dev34 = "A200396E0402FF83@1@14.4G@U@1@USB_Storage;U:;0;0@"
sem_get: Key: [   11.892862] firmadyne: sys_socket[PID: 114 (klogd)]: family:1, type:1, protocol:0
[   11.893960] firmadyne: sys_socket[PID: 114 (klogd)]: family:1, type:2, protocol:0
410f00a8
sem_get: Key: 410f00a8
[   11.900391] firmadyne: sys_socket[PID: 114 (klogd)]: family:1, type:1, protocol:0
[   11.901493] firmadyne: sys_socket[PID: 114 (klogd)]: family:1, type:2, protocol:0
nvram_set: usb_info_dev35 = "A200396E0402FF83@1@14.4G@U@1@USB_Storage;U:;0;0@"
sem_get: Key: 410f00a8
[   11.908238] firmadyne: sys_socket[PID: 114 (klogd)]: family:1, type:1, protocol:0
[   11.909335] firmadyne: sys_socket[PID: 114 (klogd)]: family:1, type:2, protocol:0
[   11.911464] firmadyne: sys_socket[PID: 114 (klogd)]: family:1, type:1, protocol:0
sem_get: Key: 410f00a8
nvram_set[   11.916425] firmadyne: sys_socket[PID: 114 (klogd)]: family:1, type:2, protocol:0
[   11.918608] firmadyne: sys_socket[PID: 114 (klogd)]: family:1, type:1, protocol:0
: usb_info_dev36 = "A200396E0402FF83@1@14.4G@U@1@USB_Storage;U:;0;0@"
sem_get: Key: 410f00a8
[   11.923916] firmadyne: sys_socket[PID: 114 (klogd)]: family:1, type:2, protocol:0
[   11.926158] firmadyne: sys_socket[PID: 114 (klogd)]: family:1, type:1, protocol:0
[   11.927278] firmadyne: sys_socket[PID: 114 (klogd)]: family:1, type:2, protocol:0
sem_get: Key: 410f00a8
nvram_set: usb_info_dev37 = "A200396E0402FF83@1@14.4G@U@1@USB_Storage;U:;0;0@"
sem_get: Key: 410f00a8
sem_get[   11.937504] firmadyne: sys_socket[PID: 114 (klogd)]: family:1, type:1, protocol:0
[   11.938602] firmadyne: sys_socket[PID: 114 (klogd)]: family:1, type:2, protocol:0
: Key: 410f00a8
nvram_set: usb_info_dev38 = "A200396E0402FF83@1@14.4G@U@1@USB_Storage;U:;0;0@"
[   11.945356] firmadyne: sys_socket[PID: 114 (klogd)]: family:1, type:1, protocol:0
[   11.946458] firmadyne: sys_socket[PID: 114 (klogd)]: family:1, type:2, protocol:0
sem_get: Key: 410f00a8
sem_get: Key: 410f00a8
nvram_set: usb_info_dev39 = "A200396E0402FF83@1@14.4G@U@1@USB_Storage;U:;0;0@"
[   11.956931] firmadyne: sys_socket[PID: 114 (klogd)]: family:1, type:1, protocol:0
[   11.958026] firmadyne: sys_socket[PID: 114 (klogd)]: family:1, type:2, protocol:0
[   11.960484] firmadyne: sys_socket[PID: 114 (klogd)]: family:1, type:1, protocol:0
[   11.961554] firmadyne: sys_socket[PID: 114 (klogd)]: family:1, type:2, protocol:0
sem_get: Key: 410f00a8
sem_get: Key: 410f00a8
[   11.967900] firmadyne: sys_socket[PID: 114 (klogd)]: family:1, type:1, protocol:0
[   11.968993] firmadyne: sys_socket[PID: 114 (klogd)]: family:1, type:2, protocol:0
[   11.971095] firmadyne: sys_socket[PID: 114 (klogd)]: family:1, type:1, protocol:0
nvram_set: usb_info_dev40 = "A200396E0402FF83@1@14.4G@U@1@USB_Storage;U:;0;0@"
sem_get: Key: 410f00a8[   11.976411] firmadyne: sys_socket[PID: 114 (klogd)]: family:1, type:2, protocol:0
[   11.978553] firmadyne: sys_socket[PID: 114 (klogd)]: family:1, type:1, protocol:0
[   11.979769] firmadyne: sys_socket[PID: 114 (klogd)]: family:1, type:2, protocol:0

sem_get: Key: 410f00a8
[   11.985260] firmadyne: sys_socket[PID: 114 (klogd)]: family:1, type:1, protocol:0
[   11.986332] firmadyne: sys_socket[PID: 114 (klogd)]: family:1, type:2, protocol:0
nvram_set: usb_info_dev41 = "A200396E0402FF83@1@14.4G@U@1@USB_Storage;U:;0;0@"
sem_get: Key: 410f00a8[   11.992611] firmadyne: sys_socket[PID: 114 (klogd)]: family:1, type:1, protocol:0
[   11.993728] firmadyne: sys_socket[PID: 114 (klogd)]: family:1, type:2, protocol:0

sem_get: Key: 410f00a8
[   12.000180] firmadyne: sys_socket[PID: 114 (klogd)]: family:1, type:1, protocol:0
[   12.001298] firmadyne: sys_socket[PID: 114 (klogd)]: family:1, type:2, protocol:0
[   12.003442] firmadyne: sys_socket[PID: 114 (klogd)]: family:1, type:1, protocol:0
nvram_set: usb_info_dev42 = "A200396E0402FF83@1@14.4G@U@1@USB_Storage;U:;0;0@"
sem_get: Key: 410f00a8
sem_get: Key: 410f00a8
nvram_set: [   12.012399] firmadyne: sys_socket[PID: 114 (klogd)]: family:1, type:2, protocol:0
[   12.014577] firmadyne: sys_socket[PID: 114 (klogd)]: family:1, type:1, protocol:0
usb_info_dev43 = "A200396E0402FF83@1@14.4G@U@1@USB_Storage;U:;0;0@"
sem_get: Key: 410f00a8
[   12.020101] firmadyne: sys_socket[PID: 114 (klogd)]: family:1, type:2, protocol:0
[   12.022252] firmadyne: sys_socket[PID: 114 (klogd)]: family:1, type:1, protocol:0
[   12.023298] firmadyne: sys_socket[PID: 114 (klogd)]: family:1, type:2, protocol:0
sem_get: Key: 410f00a8
nvram_set: usb_info_dev44[   12.029415] firmadyne: sys_socket[PID: 114 (klogd)]: family:1, type:1, protocol:0
[   12.030472] firmadyne: sys_socket[PID: 114 (klogd)]: family:1, type:2, protocol:0
 = "A200396E0402FF83@1@14.4G@U@1@USB_Storage;U:;0;0@"
sem_get: Key: 410f00a8
sem_get[   12.037004] firmadyne: sys_socket[PID: 114 (klogd)]: family:1, type:1, protocol:0
[   12.038102] firmadyne: sys_socket[PID: 114 (klogd)]: family:1, type:2, protocol:0
: Key: 410f00a8
nvram_set: usb_info_dev45 = "A200396E0402FF83@1@14.4G@U@1@USB_Storage;U:;0;0@"
[   12.044712] firmadyne: sys_socket[PID: 114 (klogd)]: family:1, type:1, protocol:0
[   12.045891] firmadyne: sys_socket[PID: 114 (klogd)]: family:1, type:2, protocol:0
sem_get: Key: 410f00a8
sem_get: Key: 410f00a8
[   12.052290] firmadyne: sys_socket[PID: 114 (klogd)]: family:1, type:1, protocol:0
[   12.053393] firmadyne: sys_socket[PID: 114 (klogd)]: family:1, type:2, protocol:0
[   12.055552] firmadyne: sys_socket[PID: 114 (klogd)]: family:1, type:1, protocol:0
nvram_set: usb_info_dev46 = "A200396E0402FF83@1@14.4G@U@1@USB_Storage;U:;0;0@"
[   12.060135] firmadyne: sys_socket[PID: 114 (klogd)]: family:1, type:2, protocol:0
[   12.062272] firmadyne: sys_socket[PID: 114 (klogd)]: family:1, type:1, protocol:0
[   12.063338] firmadyne: sys_socket[PID: 114 (klogd)]: family:1, type:2, protocol:0
sem_get: Key: 410f00a8
sem_get: Key: 410f00a8[   12.069405] firmadyne: sys_socket[PID: 114 (klogd)]: family:1, type:1, protocol:0
[   12.070473] firmadyne: sys_socket[PID: 114 (klogd)]: family:1, type:2, protocol:0

nvram_set: usb_info_dev47 = "A200396E0402FF83@1@14.4G@U@1@USB_Storage;U:;0;0@"
sem_get[   12.077191] firmadyne: sys_socket[PID: 114 (klogd)]: family:1, type:1, protocol:0
[   12.078319] firmadyne: sys_socket[PID: 114 (klogd)]: family:1, type:2, protocol:0
: Key: 410f00a8
sem_get: Key: 410f00a8
[   12.084523] firmadyne: sys_socket[PID: 114 (klogd)]: family:1, type:1, protocol:0
[   12.085643] firmadyne: sys_socket[PID: 114 (klogd)]: family:1, type:2, protocol:0
nvram_set: usb_info_dev48 = "A200396E0402FF83@1@14.4G@U@1@USB_Storage;U:;0;0@"
sem_get: Key: 410f00a8
[   12.092165] firmadyne: sys_socket[PID: 114 (klogd)]: family:1, type:1, protocol:0
[   12.093265] firmadyne: sys_socket[PID: 114 (klogd)]: family:1, type:2, protocol:0
[   12.095439] firmadyne: sys_socket[PID: 114 (klogd)]: family:1, type:1, protocol:0
sem_get: Key: 410f00a8
nvram_set: usb_info_dev49 = "A200396E0402FF83@1@14.4G@U@1@USB_Storage;U:;0;0@"
sem_get: Key: 410f00a8
[   12.104313] firmadyne: sys_socket[PID: 114 (klogd)]: family:1, type:2, protocol:0
[   12.106562] firmadyne: sys_socket[PID: 114 (klogd)]: family:1, type:1, protocol:0
sem_get: Key: 410f00a8
nvram_set: usb_info_dev50[   12.112150] firmadyne: sys_socket[PID: 114 (klogd)]: family:1, type:2, protocol:0
[   12.114316] firmadyne: sys_socket[PID: 114 (klogd)]: family:1, type:1, protocol:0
[   12.115382] firmadyne: sys_socket[PID: 114 (klogd)]: family:1, type:2, protocol:0
 = "A200396E0402FF83@1@14.4G@U@1@USB_Storage;U:;0;0@"
sem_get: Key: 410f00a8
[   12.121209] firmadyne: sys_socket[PID: 114 (klogd)]: family:1, type:1, protocol:0
[   12.122268] firmadyne: sys_socket[PID: 114 (klogd)]: family:1, type:2, protocol:0
sem_get: Key: 410f00a8
nvram_set: usb_info_dev51 = "[   12.128684] firmadyne: sys_socket[PID: 114 (klogd)]: family:1, type:1, protocol:0
[   12.129831] firmadyne: sys_socket[PID: 114 (klogd)]: family:1, type:2, protocol:0
A200396E0402FF83@1@14.4G@U@1@USB_Storage;U:;0;0@"
sem_get: Key: 410f00a8
sem_get: Key: [   12.136343] firmadyne: sys_socket[PID: 114 (klogd)]: family:1, type:1, protocol:0
[   12.137447] firmadyne: sys_socket[PID: 114 (klogd)]: family:1, type:2, protocol:0
[   12.139742] firmadyne: sys_socket[PID: 114 (klogd)]: family:1, type:1, protocol:0
410f00a8
nvram_set: usb_info_dev52 = "A200396E0402FF83@1@14.4G@U@1@USB_Storage;U:;0;0@[   12.144518] firmadyne: sys_socket[PID: 114 (klogd)]: family:1, type:2, protocol:0
[   12.146792] firmadyne: sys_socket[PID: 114 (klogd)]: family:1, type:1, protocol:0
"
sem_get: Key: 410f00a8
sem_get: Key: 410f00a8
nvram_set: usb_info_dev53 = "A200396E0402FF83@1@14.4G@U@1@USB_Storage;U:;0;0@[   12.156077] firmadyne: sys_socket[PID: 114 (klogd)]: family:1, type:2, protocol:0
[   12.158263] firmadyne: sys_socket[PID: 114 (klogd)]: family:1, type:1, protocol:0
[   12.159313] firmadyne: sys_socket[PID: 114 (klogd)]: family:1, type:2, protocol:0
[   12.161902] firmadyne: sys_socket[PID: 114 (klogd)]: family:1, type:1, protocol:0
[   12.162953] firmadyne: sys_socket[PID: 114 (klogd)]: family:1, type:2, protocol:0
"
sem_get: Key: 410f00a8
sem_get: Key: 410f00a8
[   12.169528] firmadyne: sys_socket[PID: 114 (klogd)]: family:1, type:1, protocol:0
[   12.170596] firmadyne: sys_socket[PID: 114 (klogd)]: family:1, type:2, protocol:0
nvram_set: usb_info_dev54 = "A200396E0402FF83@1@14.4G@U@1@USB_Storage;U:;0;0@"
sem_get: Key: [   12.177121] firmadyne: sys_socket[PID: 114 (klogd)]: family:1, type:1, protocol:0
[   12.178190] firmadyne: sys_socket[PID: 114 (klogd)]: family:1, type:2, protocol:0
410f00a8
sem_get: Key: 410f00a8
[   12.184601] firmadyne: sys_socket[PID: 114 (klogd)]: family:1, type:1, protocol:0
[   12.185739] firmadyne: sys_socket[PID: 114 (klogd)]: family:1, type:2, protocol:0
nvram_set: usb_info_dev55 = "A200396E0402FF83@1@14.4G@U@1@USB_Storage;U:;0;0@"
sem_get: Key: 410f00a8
sem_get: Key: 410f00a8
nvram_set: usb_info_dev56 = "A200396E0402FF83@1@14.4G@U@1@USB_Storage;U:;0;0@"
sem_get: Key: 410f00a8
sem_get[   12.208330] firmadyne: sys_socket[PID: 114 (klogd)]: family:1, type:1, protocol:0
[   12.209671] firmadyne: sys_socket[PID: 114 (klogd)]: family:1, type:2, protocol:0
: Key: 410f00a8
nvram_set: usb_info_dev57 = "A200396E0402FF83@1@14.4G@U@1@USB_Storage;U:;0;0@"
[   12.216403] firmadyne: sys_socket[PID: 114 (klogd)]: family:1, type:1, protocol:0
[   12.217502] firmadyne: sys_socket[PID: 114 (klogd)]: family:1, type:2, protocol:0
sem_get: Key: 410f00a8
sem_get: Key: 410f00a8
[   12.223876] firmadyne: sys_socket[PID: 114 (klogd)]: family:1, type:1, protocol:0
[   12.224988] firmadyne: sys_socket[PID: 114 (klogd)]: family:1, type:2, protocol:0
[   12.227257] firmadyne: sys_socket[PID: 114 (klogd)]: family:1, type:1, protocol:0
nvram_set: usb_info_dev58 = "A200396E0402FF83@1@14.4G@U@1@USB_Storage;U:;0;0@"
sem_get[   12.232362] firmadyne: sys_socket[PID: 114 (klogd)]: family:1, type:2, protocol:0
[   12.234507] firmadyne: sys_socket[PID: 114 (klogd)]: family:1, type:1, protocol:0
[   12.235735] firmadyne: sys_socket[PID: 114 (klogd)]: family:1, type:2, protocol:0
: Key: 410f00a8
sem_get: Key: 410f00a8
[   12.241575] firmadyne: sys_socket[PID: 114 (klogd)]: family:1, type:1, protocol:0
[   12.242669] firmadyne: sys_socket[PID: 114 (klogd)]: family:1, type:2, protocol:0
nvram_set: usb_info_dev59 = "A200396E0402FF83@1@14.4G@U@1@USB_Storage;U:;0;0@"
sem_get: Key: [   12.249202] firmadyne: sys_socket[PID: 114 (klogd)]: family:1, type:1, protocol:0
[   12.250277] firmadyne: sys_socket[PID: 114 (klogd)]: family:1, type:2, protocol:0
410f00a8
sem_get: Key: 410f00a8
[   12.256569] firmadyne: sys_socket[PID: 114 (klogd)]: family:1, type:1, protocol:0
[   12.257750] firmadyne: sys_socket[PID: 114 (klogd)]: family:1, type:2, protocol:0
nvram_set: usb_info_dev60 = "A200396E0402FF83@1@14.4G@U@1@USB_Storage;U:;0;0@"
sem_get: Key: 410f00a8
[   12.264453] firmadyne: sys_socket[PID: 114 (klogd)]: family:1, type:1, protocol:0
[   12.265634] firmadyne: sys_socket[PID: 114 (klogd)]: family:1, type:2, protocol:0
sem_get: Key: 410f00a8
nvram_set: [   12.272130] firmadyne: sys_socket[PID: 114 (klogd)]: family:1, type:1, protocol:0
[   12.273240] firmadyne: sys_socket[PID: 114 (klogd)]: family:1, type:2, protocol:0
[   12.275356] firmadyne: sys_socket[PID: 114 (klogd)]: family:1, type:1, protocol:0
usb_info_dev61 = "A200396E0402FF83@1@14.4G@U@1@USB_Storage;U:;0;0@"
sem_get: Key: 410f00a8
sem_get: Key: 410f00a8
nvram_set: usb_info_dev62[   12.284444] firmadyne: sys_socket[PID: 114 (klogd)]: family:1, type:2, protocol:0
[   12.286680] firmadyne: sys_socket[PID: 114 (klogd)]: family:1, type:1, protocol:0
[   12.288105] firmadyne: sys_socket[PID: 114 (klogd)]: family:1, type:2, protocol:0
[   12.290358] firmadyne: sys_socket[PID: 114 (klogd)]: family:1, type:1, protocol:0
[   12.291429] firmadyne: sys_socket[PID: 114 (klogd)]: family:1, type:2, protocol:0
 = "A200396E0402FF83@1@14.4G@U@1@USB_Storage;U:;0;0@"
sem_get: Key: 410f00a8
sem_get: Key: 410f00a8
nvram_set: usb_info_dev63 = "[   12.301412] firmadyne: sys_socket[PID: 114 (klogd)]: family:1, type:1, protocol:0
[   12.302534] firmadyne: sys_socket[PID: 114 (klogd)]: family:1, type:2, protocol:0
A200396E0402FF83@1@14.4G@U@1@USB_Storage;U:;0;0@"
sem_get: Key: 410f00a8
sem_get[   12.309261] firmadyne: sys_socket[PID: 114 (klogd)]: family:1, type:1, protocol:0
[   12.310394] firmadyne: sys_socket[PID: 114 (klogd)]: family:1, type:2, protocol:0
: Key: 410f00a8
nvram_set: usb_info_dev64 = "A200396E0402FF83@1@14.4G@U@1@USB_Storage;U:;0;0@"
[   12.317003] firmadyne: sys_socket[PID: 114 (klogd)]: family:1, type:1, protocol:0
[   12.318112] firmadyne: sys_socket[PID: 114 (klogd)]: family:1, type:2, protocol:0
sem_get: Key: 410f00a8
sem_get: Key: 410f00a8
[   12.324510] firmadyne: sys_socket[PID: 114 (klogd)]: family:1, type:1, protocol:0
[   12.325644] firmadyne: sys_socket[PID: 114 (klogd)]: family:1, type:2, protocol:0
nvram_set: usb_info_dev65 = "A200396E0402FF83@1@14.4G@U@1@USB_Storage;U:;0;0@"
sem_get: Key: [   12.332204] firmadyne: sys_socket[PID: 114 (klogd)]: family:1, type:1, protocol:0
[   12.333333] firmadyne: sys_socket[PID: 114 (klogd)]: family:1, type:2, protocol:0
[   12.335579] firmadyne: sys_socket[PID: 114 (klogd)]: family:1, type:1, protocol:0
410f00a8
sem_get: Key: 410f00a8
nvram_set: usb_info_dev66 = "A200396E0402FF83@1@14.4G@U@1@USB_Storage;U:;0;0@"
sem_get: Key: 410f00a8[   12.344348] firmadyne: sys_socket[PID: 114 (klogd)]: family:1, type:2, protocol:0
[   12.346586] firmadyne: sys_socket[PID: 114 (klogd)]: family:1, type:1, protocol:0
[   12.349178] firmadyne: sys_socket[PID: 114 (klogd)]: family:1, type:2, protocol:0
[   12.351498] firmadyne: sys_socket[PID: 114 (klogd)]: family:1, type:1, protocol:0
[   12.352807] firmadyne: sys_socket[PID: 114 (klogd)]: family:1, type:2, protocol:0
[   12.355007] firmadyne: sys_socket[PID: 114 (klogd)]: family:1, type:1, protocol:0

sem_get: Key: 410f00a8
nvram_set: usb_info_dev67 = "A200396E0402FF83@1@14.4G@U@1@USB_Storage;U:;0;0@"
sem_get: Key: 410f00a8
[   12.364141] firmadyne: sys_socket[PID: 114 (klogd)]: family:1, type:2, protocol:0
[   12.366442] firmadyne: sys_socket[PID: 114 (klogd)]: family:1, type:1, protocol:0
[   12.367776] firmadyne: sys_socket[PID: 114 (klogd)]: family:1, type:2, protocol:0
sem_get: Key: 410f00a8
nvram_set: usb_info_dev68 = "A200396E0402FF83@1@14.4G@U@1@USB_Storage;U:;0;0@"
sem_get: Key: 410f00a8
[   12.378384] firmadyne: sys_socket[PID: 114 (klogd)]: family:1, type:1, protocol:0
[   12.379563] firmadyne: sys_socket[PID: 114 (klogd)]: family:1, type:2, protocol:0
[   12.382011] firmadyne: sys_socket[PID: 114 (klogd)]: family:1, type:1, protocol:0
[   12.383115] firmadyne: sys_socket[PID: 114 (klogd)]: family:1, type:2, protocol:0
sem_get: Key: 410f00a8
nvram_set: [   12.389390] firmadyne: sys_socket[PID: 114 (klogd)]: family:1, type:1, protocol:0
[   12.390469] firmadyne: sys_socket[PID: 114 (klogd)]: family:1, type:2, protocol:0
usb_info_dev69 = "A200396E0402FF83@1@14.4G@U@1@USB_Storage;U:;0;0@"
sem_get: Key: 410f00a8
[   12.396974] firmadyne: sys_socket[PID: 114 (klogd)]: family:1, type:1, protocol:0
[   12.398150] firmadyne: sys_socket[PID: 114 (klogd)]: family:1, type:2, protocol:0
sem_get: Key: 410f00a8
nvram_set: usb_info_dev70 = "[   12.404527] firmadyne: sys_socket[PID: 114 (klogd)]: family:1, type:1, protocol:0
[   12.405691] firmadyne: sys_socket[PID: 114 (klogd)]: family:1, type:2, protocol:0
A200396E0402FF83@1@14.4G@U@1@USB_Storage;U:;0;0@"
sem_get: Key: 410f00a8
sem_get: Key: [   12.412545] firmadyne: sys_socket[PID: 114 (klogd)]: family:1, type:1, protocol:0
[   12.413691] firmadyne: sys_socket[PID: 114 (klogd)]: family:1, type:2, protocol:0
410f00a8
nvram_set: usb_info_dev71 = "A200396E0402FF83@1@14.4G@U@1@USB_Storage;U:;0;0@[   12.420432] firmadyne: sys_socket[PID: 114 (klogd)]: family:1, type:1, protocol:0
[   12.421540] firmadyne: sys_socket[PID: 114 (klogd)]: family:1, type:2, protocol:0
"
sem_get: Key: 410f00a8
sem_get[   12.428672] firmadyne: sys_socket[PID: 114 (klogd)]: family:1, type:1, protocol:0
[   12.430138] firmadyne: sys_socket[PID: 114 (klogd)]: family:1, type:2, protocol:0
: Key: 410f00a8
nvram_set: usb_info_dev72[   12.437761] firmadyne: sys_socket[PID: 114 (klogd)]: family:1, type:1, protocol:0
[   12.439408] firmadyne: sys_socket[PID: 114 (klogd)]: family:1, type:2, protocol:0
 = "A200396E0402FF83@1@14.4G@U@1@USB_Storage;U:;0;0@"
sem_get: Key: 410f00a8
sem_get: Key: 410f00a8
[   12.449266] firmadyne: sys_socket[PID: 114 (klogd)]: family:1, type:1, protocol:0
[   12.450372] firmadyne: sys_socket[PID: 114 (klogd)]: family:1, type:2, protocol:0
nvram_set: usb_info_dev73 = "A200396E0402FF83@1@14.4G@U@1@USB_Storage;U:;0;0@"
sem_get: Key: 410f00a8[   12.457146] firmadyne: sys_socket[PID: 114 (klogd)]: family:1, type:1, protocol:0
[   12.458349] firmadyne: sys_socket[PID: 114 (klogd)]: family:1, type:2, protocol:0
[   12.460913] firmadyne: sys_socket[PID: 114 (klogd)]: family:1, type:1, protocol:0
[   12.462045] firmadyne: sys_socket[PID: 114 (klogd)]: family:1, type:2, protocol:0

sem_get: Key: 410f00a8
nvram_set[   12.468722] firmadyne: sys_socket[PID: 114 (klogd)]: family:1, type:1, protocol:0
[   12.469843] firmadyne: sys_socket[PID: 114 (klogd)]: family:1, type:2, protocol:0
: usb_info_dev74 = "A200396E0402FF83@1@14.4G@U@1@USB_Storage;U:;0;0@"
sem_get: Key: 410f00a8
[   12.476411] firmadyne: sys_socket[PID: 114 (klogd)]: family:1, type:1, protocol:0
[   12.477522] firmadyne: sys_socket[PID: 114 (klogd)]: family:1, type:2, protocol:0
sem_get: Key: 410f00a8
nvram_set: usb_info_dev75 = "A200396E0402FF83@1@14.4G@U@1@USB_Storage;U:;0;0@[   12.484366] firmadyne: sys_socket[PID: 114 (klogd)]: family:1, type:1, protocol:0
[   12.485490] firmadyne: sys_socket[PID: 114 (klogd)]: family:1, type:2, protocol:0
"
sem_get: Key: 410f00a8
sem_get: Key: 410f00a8[   12.493072] firmadyne: sys_socket[PID: 114 (klogd)]: family:1, type:1, protocol:0
[   12.494180] firmadyne: sys_socket[PID: 114 (klogd)]: family:1, type:2, protocol:0
[   12.496539] firmadyne: sys_socket[PID: 114 (klogd)]: family:1, type:1, protocol:0
[   12.497654] firmadyne: sys_socket[PID: 114 (klogd)]: family:1, type:2, protocol:0

nvram_set: usb_info_dev76 = "A200396E0402FF83@1@14.4G@U@1@USB_Storage;U:;0;0@"
sem_get: Key: 410f00a8
sem_get: Key: 410f00a8
[   12.508143] firmadyne: sys_socket[PID: 114 (klogd)]: family:1, type:1, protocol:0
[   12.509252] firmadyne: sys_socket[PID: 114 (klogd)]: family:1, type:2, protocol:0
[   12.511468] firmadyne: sys_socket[PID: 114 (klogd)]: family:1, type:1, protocol:0
nvram_set: usb_info_dev77 = "A200396E0402FF83@1@14.4G@U@1@USB_Storage;U:;0;0@"
sem_get[   12.516271] firmadyne: sys_socket[PID: 114 (klogd)]: family:1, type:2, protocol:0
[   12.518475] firmadyne: sys_socket[PID: 114 (klogd)]: family:1, type:1, protocol:0
: Key: 410f00a8
sem_get: Key: 410f00a8
[   12.523844] firmadyne: sys_socket[PID: 114 (klogd)]: family:1, type:2, protocol:0
[   12.526164] firmadyne: sys_socket[PID: 114 (klogd)]: family:1, type:1, protocol:0
[   12.527268] firmadyne: sys_socket[PID: 114 (klogd)]: family:1, type:2, protocol:0
nvram_set: usb_info_dev78 = "A200396E0402FF83@1@14.4G@U@1@USB_Storage;U:;0;0@"
sem_get: Key: 410f00a8
sem_get: Key: 410f00a8
[   12.537319] firmadyne: sys_socket[PID: 114 (klogd)]: family:1, type:1, protocol:0
[   12.538475] firmadyne: sys_socket[PID: 114 (klogd)]: family:1, type:2, protocol:0
nvram_set: usb_info_dev79 = "A200396E0402FF83@1@14.4G@U@1@USB_Storage;U:;0;0@"
sem_get: Key: 410f00a8
[   12.545203] firmadyne: sys_socket[PID: 114 (klogd)]: family:1, type:1, protocol:0
[   12.546319] firmadyne: sys_socket[PID: 114 (klogd)]: family:1, type:2, protocol:0
sem_get: Key: 410f00a8
nvram_set: usb_info_dev80 = "A200396E0402FF83@1@14.4G@U@1@USB_Storage;U:;0;0@"
sem_get: Key: 410f00a8
sem_get: Key: 410f00a8
nvram_set[   12.568143] firmadyne: sys_socket[PID: 114 (klogd)]: family:1, type:1, protocol:0
[   12.569239] firmadyne: sys_socket[PID: 114 (klogd)]: family:1, type:2, protocol:0
[   12.571353] firmadyne: sys_socket[PID: 114 (klogd)]: family:1, type:1, protocol:0
: usb_info_dev81 = "A200396E0402FF83@1@14.4G@U@1@USB_Storage;U:;0;0@"
sem_get: Key: 410f00a8
[   12.576165] firmadyne: sys_socket[PID: 114 (klogd)]: family:1, type:2, protocol:0
[   12.578451] firmadyne: sys_socket[PID: 114 (klogd)]: family:1, type:1, protocol:0
[   12.579519] firmadyne: sys_socket[PID: 114 (klogd)]: family:1, type:2, protocol:0
sem_get: Key: 410f00a8
nvram_set: usb_info_dev82 = "A200396E0402FF83@1@14.4G@U@1@USB_Storage;U:;0;0@"
sem_get: Key: 410f00a8
[   12.589404] firmadyne: sys_socket[PID: 114 (klogd)]: family:1, type:1, protocol:0
[   12.590541] firmadyne: sys_socket[PID: 114 (klogd)]: family:1, type:2, protocol:0
sem_get: Key: 410f00a8
nvram_set: usb_info_dev83[   12.597310] firmadyne: sys_socket[PID: 114 (klogd)]: family:1, type:1, protocol:0
[   12.598418] firmadyne: sys_socket[PID: 114 (klogd)]: family:1, type:2, protocol:0
[   12.600828] firmadyne: sys_socket[PID: 114 (klogd)]: family:1, type:1, protocol:0
[   12.601896] firmadyne: sys_socket[PID: 114 (klogd)]: family:1, type:2, protocol:0
 = "A200396E0402FF83@1@14.4G@U@1@USB_Storage;U:;0;0@"
sem_get: Key: 410f00a8
sem_get[   12.608591] firmadyne: sys_socket[PID: 114 (klogd)]: family:1, type:1, protocol:0
[   12.609736] firmadyne: sys_socket[PID: 114 (klogd)]: family:1, type:2, protocol:0
: Key: 410f00a8
nvram_set: usb_info_dev84 = "A200396E0402FF83@1@14.4G@U@1@USB_Storage;U:;0;0@"
[   12.616402] firmadyne: sys_socket[PID: 114 (klogd)]: family:1, type:1, protocol:0
[   12.617500] firmadyne: sys_socket[PID: 114 (klogd)]: family:1, type:2, protocol:0
sem_get: Key: 410f00a8
sem_get: Key: 410f00a8
[   12.623853] firmadyne: sys_socket[PID: 114 (klogd)]: family:1, type:1, protocol:0
[   12.624991] firmadyne: sys_socket[PID: 114 (klogd)]: family:1, type:2, protocol:0
[   12.627176] firmadyne: sys_socket[PID: 114 (klogd)]: family:1, type:1, protocol:0
nvram_set: usb_info_dev85 = "A200396E0402FF83@1@14.4G@U@1@USB_Storage;U:;0;0@"
sem_get[   12.632348] firmadyne: sys_socket[PID: 114 (klogd)]: family:1, type:2, protocol:0
[   12.634488] firmadyne: sys_socket[PID: 114 (klogd)]: family:1, type:1, protocol:0
[   12.635561] firmadyne: sys_socket[PID: 114 (klogd)]: family:1, type:2, protocol:0
: Key: 410f00a8
sem_get: Key: 410f00a8
nvram_set: usb_info_dev86 = "A200396E0402FF83@1@14.4G@U@1@USB_Storage;U:;0;0@"
sem_get: Key: [   12.645367] firmadyne: sys_socket[PID: 114 (klogd)]: family:1, type:1, protocol:0
[   12.646508] firmadyne: sys_socket[PID: 114 (klogd)]: family:1, type:2, protocol:0
410f00a8
sem_get: Key: 410f00a8
[   12.653025] firmadyne: sys_socket[PID: 114 (klogd)]: family:1, type:1, protocol:0
[   12.654159] firmadyne: sys_socket[PID: 114 (klogd)]: family:1, type:2, protocol:0
nvram_set: usb_info_dev87 = "A200396E0402FF83@1@14.4G@U@1@USB_Storage;U:;0;0@"
sem_get: Key: 410f00a8
[   12.660899] firmadyne: sys_socket[PID: 114 (klogd)]: family:1, type:1, protocol:0
[   12.661991] firmadyne: sys_socket[PID: 114 (klogd)]: family:1, type:2, protocol:0
sem_get: Key: 410f00a8
nvram_set: usb_info_dev88[   12.668616] firmadyne: sys_socket[PID: 114 (klogd)]: family:1, type:1, protocol:0
[   12.669756] firmadyne: sys_socket[PID: 114 (klogd)]: family:1, type:2, protocol:0
 = "A200396E0402FF83@1@14.4G@U@1@USB_Storage;U:;0;0@"
sem_get: Key: 410f00a8
sem_get[   12.676506] firmadyne: sys_socket[PID: 114 (klogd)]: family:1, type:1, protocol:0
[   12.677652] firmadyne: sys_socket[PID: 114 (klogd)]: family:1, type:2, protocol:0
: Key: 410f00a8
nvram_set: usb_info_dev89 = "A200396E0402FF83@1@14.4G@U@1@USB_Storage;U:;0;0@"
[   12.684294] firmadyne: sys_socket[PID: 114 (klogd)]: family:1, type:1, protocol:0
[   12.685447] firmadyne: sys_socket[PID: 114 (klogd)]: family:1, type:2, protocol:0
[   12.687964] firmadyne: sys_socket[PID: 114 (klogd)]: family:1, type:1, protocol:0
[   12.689055] firmadyne: sys_socket[PID: 114 (klogd)]: family:1, type:2, protocol:0
[   12.691153] firmadyne: sys_socket[PID: 114 (klogd)]: family:1, type:1, protocol:0
sem_get: Key: 410f00a8
sem_get: Key: 410f00a8
nvram_set: usb_info_dev90 = "A200396E0402FF83@1@14.4G@U@1@USB_Storage;U:;0;0@"
sem_get[   12.700195] firmadyne: sys_socket[PID: 114 (klogd)]: family:1, type:2, protocol:0
[   12.702418] firmadyne: sys_socket[PID: 114 (klogd)]: family:1, type:1, protocol:0
[   12.703717] firmadyne: sys_socket[PID: 114 (klogd)]: family:1, type:2, protocol:0
: Key: 410f00a8
sem_get: Key: 410f00a8
[   12.709501] firmadyne: sys_socket[PID: 114 (klogd)]: family:1, type:1, protocol:0
[   12.710615] firmadyne: sys_socket[PID: 114 (klogd)]: family:1, type:2, protocol:0
nvram_set: usb_info_dev91 = "A200396E0402FF83@1@14.4G@U@1@USB_Storage;U:;0;0@"
sem_get: Key: [   12.717198] firmadyne: sys_socket[PID: 114 (klogd)]: family:1, type:1, protocol:0
[   12.718270] firmadyne: sys_socket[PID: 114 (klogd)]: family:1, type:2, protocol:0
410f00a8
sem_get: Key: 410f00a8
[   12.724598] firmadyne: sys_socket[PID: 114 (klogd)]: family:1, type:1, protocol:0
[   12.725731] firmadyne: sys_socket[PID: 114 (klogd)]: family:1, type:2, protocol:0
nvram_set: usb_info_dev92 = "A200396E0402FF83@1@14.4G@U@1@USB_Storage;U:;0;0@"
sem_get: Key: 410f00a8
[   12.732307] firmadyne: sys_socket[PID: 114 (klogd)]: family:1, type:1, protocol:0
[   12.733453] firmadyne: sys_socket[PID: 114 (klogd)]: family:1, type:2, protocol:0
sem_get: Key: 410f00a8
nvram_set: [   12.739995] firmadyne: sys_socket[PID: 114 (klogd)]: family:1, type:1, protocol:0
[   12.741154] firmadyne: sys_socket[PID: 114 (klogd)]: family:1, type:2, protocol:0
[   12.743379] firmadyne: sys_socket[PID: 114 (klogd)]: family:1, type:1, protocol:0
usb_info_dev93 = "A200396E0402FF83@1@14.4G@U@1@USB_Storage;U:;0;0@"
sem_get: Key: 410f00a8
[   12.749084] firmadyne: sys_socket[PID: 114 (klogd)]: family:1, type:2, protocol:0
[   12.751319] firmadyne: sys_socket[PID: 114 (klogd)]: family:1, type:1, protocol:0
sem_get: Key: 410f00a8
nvram_set[   12.756387] firmadyne: sys_socket[PID: 114 (klogd)]: family:1, type:2, protocol:0
[   12.758535] firmadyne: sys_socket[PID: 114 (klogd)]: family:1, type:1, protocol:0
: usb_info_dev94 = "A200396E0402FF83@1@14.4G@U@1@USB_Storage;U:;0;0@"
sem_get: Key: 410f00a8
[   12.763808] firmadyne: sys_socket[PID: 114 (klogd)]: family:1, type:2, protocol:0
[   12.766067] firmadyne: sys_socket[PID: 114 (klogd)]: family:1, type:1, protocol:0
[   12.767179] firmadyne: sys_socket[PID: 114 (klogd)]: family:1, type:2, protocol:0
sem_get: Key: 410f00a8
nvram_set: usb_info_dev95 = "A200396E0402FF83@1@14.4G@U@1@USB_Storage;U:;0;0@"
sem_get: Key: 410f00a8
[   12.777285] firmadyne: sys_socket[PID: 114 (klogd)]: family:1, type:1, protocol:0
[   12.778376] firmadyne: sys_socket[PID: 114 (klogd)]: family:1, type:2, protocol:0
sem_get: Key: 410f00a8
nvram_set: usb_info_dev96 = "[   12.784731] firmadyne: sys_socket[PID: 114 (klogd)]: family:1, type:1, protocol:0
[   12.785884] firmadyne: sys_socket[PID: 114 (klogd)]: family:1, type:2, protocol:0
A200396E0402FF83@1@14.4G@U@1@USB_Storage;U:;0;0@"
sem_get: Key: 410f00a8
sem_get[   12.792381] firmadyne: sys_socket[PID: 114 (klogd)]: family:1, type:1, protocol:0
[   12.793517] firmadyne: sys_socket[PID: 114 (klogd)]: family:1, type:2, protocol:0
: Key: 410f00a8
nvram_set: usb_info_dev97 = "A200396E0402FF83@1@14.4G@U@1@USB_Storage;U:;0;0@"
[   12.800181] firmadyne: sys_socket[PID: 114 (klogd)]: family:1, type:1, protocol:0
[   12.801316] firmadyne: sys_socket[PID: 114 (klogd)]: family:1, type:2, protocol:0
[   12.803522] firmadyne: sys_socket[PID: 114 (klogd)]: family:1, type:1, protocol:0
sem_get: Key: 410f00a8
sem_get: Key: [   12.808431] firmadyne: sys_socket[PID: 114 (klogd)]: family:1, type:2, protocol:0
[   12.810732] firmadyne: sys_socket[PID: 114 (klogd)]: family:1, type:1, protocol:0
410f00a8
nvram_set: usb_info_dev98 = "A200396E0402FF83@1@14.4G@U@1@USB_Storage;U:;0;0@"
[   12.816127] firmadyne: sys_socket[PID: 114 (klogd)]: family:1, type:2, protocol:0
[   12.818404] firmadyne: sys_socket[PID: 114 (klogd)]: family:1, type:1, protocol:0
[   12.819587] firmadyne: sys_socket[PID: 114 (klogd)]: family:1, type:2, protocol:0
sem_get: Key: 410f00a8
sem_get: Key: 410f00a8
nvram_set: usb_info_dev99 = "A200396E0402FF83@1@14.4G@U@1@USB_Storage;U:;0;0@"
[   12.829263] firmadyne: sys_socket[PID: 114 (klogd)]: family:1, type:1, protocol:0
[   12.830382] firmadyne: sys_socket[PID: 114 (klogd)]: family:1, type:2, protocol:0
[   12.832982] firmadyne: sys_socket[PID: 114 (klogd)]: family:1, type:1, protocol:0
[   12.834103] firmadyne: sys_socket[PID: 114 (klogd)]: family:1, type:2, protocol:0
sem_get: Key: 410f00a8
sem_get: Key: 410f00a8
[   12.840518] firmadyne: sys_socket[PID: 114 (klogd)]: family:1, type:1, protocol:0
[   12.841718] firmadyne: sys_socket[PID: 114 (klogd)]: family:1, type:2, protocol:0
nvram_set: usb_info_dev100 = "A200396E0402FF83@1@14.4G@U@1@USB_Storage;U:;0;0@"
sem_get: Key: [   12.848239] firmadyne: sys_socket[PID: 114 (klogd)]: family:1, type:1, protocol:0
[   12.849412] firmadyne: sys_socket[PID: 114 (klogd)]: family:1, type:2, protocol:0
410f00a8
sem_get: Key: 410f00a8
[   12.855837] firmadyne: sys_socket[PID: 114 (klogd)]: family:1, type:1, protocol:0
[   12.856983] firmadyne: sys_socket[PID: 114 (klogd)]: family:1, type:2, protocol:0
[   12.859161] firmadyne: sys_socket[PID: 114 (klogd)]: family:1, type:1, protocol:0
nvram_set: wla_ap_isolate_1 = ""
sem_get: Key: 410f00a8
sem_get: Key: 410f00a8
nvram_set: wla_ap_isolate_2[   12.868389] firmadyne: sys_socket[PID: 114 (klogd)]: family:1, type:2, protocol:0
[   12.870613] firmadyne: sys_socket[PID: 114 (klogd)]: family:1, type:1, protocol:0
 = ""
sem_get: Key: 410f00a8
sem_get: Key: 410f00a8
[   12.876252] firmadyne: sys_socket[PID: 114 (klogd)]: family:1, type:2, protocol:0
[   12.878448] firmadyne: sys_socket[PID: 114 (klogd)]: family:1, type:1, protocol:0
[   12.879564] firmadyne: sys_socket[PID: 114 (klogd)]: family:1, type:2, protocol:0
nvram_set: wla_ap_isolate_3 = ""
[   12.885298] firmadyne: sys_socket[PID: 114 (klogd)]: family:1, type:1, protocol:0
[   12.886471] firmadyne: sys_socket[PID: 114 (klogd)]: family:1, type:2, protocol:0
sem_get: Key: 410f00a8
sem_get: Key: 410f00a8
[   12.893006] firmadyne: sys_socket[PID: 114 (klogd)]: family:1, type:1, protocol:0
[   12.894125] firmadyne: sys_socket[PID: 114 (klogd)]: family:1, type:2, protocol:0
nvram_set: wla_ap_isolate_4 = ""
sem_get: Key: 410f00a8
sem_get: Key: 410f00a8
nvram_set: wlg_ap_isolate_1 = ""
sem_get: Key: 410f00a8
sem_get: Key: 410f00a8[   12.916308] firmadyne: sys_socket[PID: 114 (klogd)]: family:1, type:1, protocol:0
[   12.917488] firmadyne: sys_socket[PID: 114 (klogd)]: family:1, type:2, protocol:0

nvram_set: wlg_ap_isolate_2 = ""
sem_get: Key: [   12.924196] firmadyne: sys_socket[PID: 114 (klogd)]: family:1, type:1, protocol:0
[   12.925349] firmadyne: sys_socket[PID: 114 (klogd)]: family:1, type:2, protocol:0
[   12.927515] firmadyne: sys_socket[PID: 114 (klogd)]: family:1, type:1, protocol:0
410f00a8
sem_get: Key: 410f00a8
[   12.932128] firmadyne: sys_socket[PID: 114 (klogd)]: family:1, type:2, protocol:0
[   12.934279] firmadyne: sys_socket[PID: 114 (klogd)]: family:1, type:1, protocol:0
[   12.935349] firmadyne: sys_socket[PID: 114 (klogd)]: family:1, type:2, protocol:0
nvram_set: wlg_ap_isolate_3 = ""
sem_get: Key: 410f00a8[   12.941398] firmadyne: sys_socket[PID: 114 (klogd)]: family:1, type:1, protocol:0
[   12.942492] firmadyne: sys_socket[PID: 114 (klogd)]: family:1, type:2, protocol:0

sem_get: Key: 410f00a8
nvram_set[   12.950001] firmadyne: sys_socket[PID: 114 (klogd)]: family:1, type:1, protocol:0
[   12.951102] firmadyne: sys_socket[PID: 114 (klogd)]: family:1, type:2, protocol:0
[   12.953503] firmadyne: sys_socket[PID: 114 (klogd)]: family:1, type:1, protocol:0
[   12.954636] firmadyne: sys_socket[PID: 114 (klogd)]: family:1, type:2, protocol:0
: wlg_ap_isolate_4 = ""
sem_get: Key: 410f00a8
sem_get: Key: 410f00a8
nvram_set: wlg_allow_access_1 = ""
[   12.965135] firmadyne: sys_socket[PID: 114 (klogd)]: family:1, type:1, protocol:0
[   12.966255] firmadyne: sys_socket[PID: 114 (klogd)]: family:1, type:2, protocol:0
sem_get: Key: 410f00a8
sem_get: Key: 410f00a8
[   12.972701] firmadyne: sys_socket[PID: 114 (klogd)]: family:1, type:1, protocol:0
[   12.973805] firmadyne: sys_socket[PID: 114 (klogd)]: family:1, type:2, protocol:0
nvram_set: wlg_allow_access_2 = ""
sem_get: Key: 410f00a8
[   12.980292] firmadyne: sys_socket[PID: 114 (klogd)]: family:1, type:1, protocol:0
[   12.981485] firmadyne: sys_socket[PID: 114 (klogd)]: family:1, type:2, protocol:0
sem_get: Key: 410f00a8
nvram_set: [   12.988262] firmadyne: sys_socket[PID: 114 (klogd)]: family:1, type:1, protocol:0
[   12.989475] firmadyne: sys_socket[PID: 114 (klogd)]: family:1, type:2, protocol:0
wlg_allow_access_3 = ""
sem_get: Key: 410f00a8
sem_get: Key: 410f00a8[   12.996178] firmadyne: sys_socket[PID: 114 (klogd)]: family:1, type:1, protocol:0
[   12.997287] firmadyne: sys_socket[PID: 114 (klogd)]: family:1, type:2, protocol:0
[   12.999502] firmadyne: sys_socket[PID: 114 (klogd)]: family:1, type:1, protocol:0

nvram_set: wlg_allow_access_4 = ""
sem_get: Key: 410f00a8
sem_get: Key: 410f00a8
[   13.008140] firmadyne: sys_socket[PID: 114 (klogd)]: family:1, type:2, protocol:0
[   13.010429] firmadyne: sys_socket[PID: 114 (klogd)]: family:1, type:1, protocol:0
[   13.011553] firmadyne: sys_socket[PID: 114 (klogd)]: family:1, type:2, protocol:0
nvram_set: 0:macaddr = "01:23:45:67:89:ab"
sem_get[   13.017437] firmadyne: sys_socket[PID: 114 (klogd)]: family:1, type:1, protocol:0
[   13.018519] firmadyne: sys_socket[PID: 114 (klogd)]: family:1, type:2, protocol:0
: Key: 410f00a8
sem_get: Key: 410f00a8
[   13.025189] firmadyne: sys_socket[PID: 114 (klogd)]: family:1, type:1, protocol:0
[   13.026321] firmadyne: sys_socket[PID: 114 (klogd)]: family:1, type:2, protocol:0
nvram_set: 1:macaddr = "01:23:45:67:89:ab"
sem_get: Key: 410f00a8[   13.032782] firmadyne: sys_socket[PID: 114 (klogd)]: family:1, type:1, protocol:0
[   13.033880] firmadyne: sys_socket[PID: 114 (klogd)]: family:1, type:2, protocol:0

sem_get: Key: 410f00a8
[   13.040302] firmadyne: sys_socket[PID: 114 (klogd)]: family:1, type:1, protocol:0
[   13.041427] firmadyne: sys_socket[PID: 114 (klogd)]: family:1, type:2, protocol:0
nvram_set: 2:macaddr = "01:23:45:67:89:ab"
sem_get: Key: 410f00a8
[   13.047839] firmadyne: sys_socket[PID: 114 (klogd)]: family:1, type:1, protocol:0
[   13.048994] firmadyne: sys_socket[PID: 114 (klogd)]: family:1, type:2, protocol:0
[   13.051481] firmadyne: sys_socket[PID: 114 (klogd)]: family:1, type:1, protocol:0
sem_get: Key: 410f00a8
nvram_set: lan1_ifnames = ""
sem_get: Key: 410f00a8
[   13.060123] firmadyne: sys_socket[PID: 114 (klogd)]: family:1, type:2, protocol:0
[   13.062299] firmadyne: sys_socket[PID: 114 (klogd)]: family:1, type:1, protocol:0
[   13.063551] firmadyne: sys_socket[PID: 114 (klogd)]: family:1, type:2, protocol:0
sem_get: Key: 410f00a8
nvram_set: [   13.069268] firmadyne: sys_socket[PID: 114 (klogd)]: family:1, type:1, protocol:0
[   13.070389] firmadyne: sys_socket[PID: 114 (klogd)]: family:1, type:2, protocol:0
lan2_ifnames = ""
sem_get: Key: 410f00a8
sem_get: Key: [   13.076998] firmadyne: sys_socket[PID: 114 (klogd)]: family:1, type:1, protocol:0
[   13.078110] firmadyne: sys_socket[PID: 114 (klogd)]: family:1, type:2, protocol:0
410f00a8
nvram_set: lan3_ifnames = ""
sem_get[   13.084530] firmadyne: sys_socket[PID: 114 (klogd)]: family:1, type:1, protocol:0
[   13.085703] firmadyne: sys_socket[PID: 114 (klogd)]: family:1, type:2, protocol:0
: Key: 410f00a8
sem_get: Key: 410f00a8
[   13.092261] firmadyne: sys_socket[PID: 114 (klogd)]: family:1, type:1, protocol:0
[   13.093420] firmadyne: sys_socket[PID: 114 (klogd)]: family:1, type:2, protocol:0
nvram_set: lan4_ifnames = ""
sem_get: Key: 410f00a8
[   13.099911] firmadyne: sys_socket[PID: 114 (klogd)]: family:1, type:1, protocol:0
[   13.101020] firmadyne: sys_socket[PID: 114 (klogd)]: family:1, type:2, protocol:0
[   13.103176] firmadyne: sys_socket[PID: 114 (klogd)]: family:1, type:1, protocol:0
sem_get: Key: 410f00a8
nvram_set: lan5_ifnames[   13.108360] firmadyne: sys_socket[PID: 114 (klogd)]: family:1, type:2, protocol:0
[   13.110675] firmadyne: sys_socket[PID: 114 (klogd)]: family:1, type:1, protocol:0
 = ""
sem_get: Key: 410f00a8
sem_get: Key: 410f00a8[   13.115966] firmadyne: sys_socket[PID: 114 (klogd)]: family:1, type:2, protocol:0
[   13.118233] firmadyne: sys_socket[PID: 114 (klogd)]: family:1, type:1, protocol:0
[   13.119376] firmadyne: sys_socket[PID: 114 (klogd)]: family:1, type:2, protocol:0

nvram_set: lan6_ifnames = ""
sem_get: Key: 410f00a8
sem_get: Key: 410f00a8
[   13.129342] firmadyne: sys_socket[PID: 114 (klogd)]: family:1, type:1, protocol:0
[   13.130458] firmadyne: sys_socket[PID: 114 (klogd)]: family:1, type:2, protocol:0
nvram_set: lan7_ifnames = ""
sem_get: Key: 410f00a8
[   13.136899] firmadyne: sys_socket[PID: 114 (klogd)]: family:1, type:1, protocol:0
[   13.137998] firmadyne: sys_socket[PID: 114 (klogd)]: family:1, type:2, protocol:0
sem_get: Key: 410f00a8
nvram_set: [   13.144421] firmadyne: sys_socket[PID: 114 (klogd)]: family:1, type:1, protocol:0
[   13.145611] firmadyne: sys_socket[PID: 114 (klogd)]: family:1, type:2, protocol:0
lan8_ifnames = ""
sem_get: Key: 410f00a8
[   13.151939] cfg80211: Calling CRDA to update world regulatory domain
[   13.153244] firmadyne: sys_socket[PID: 114 (klogd)]: family:1, type:1, protocol:0
[   13.154352] firmadyne: sys_socket[PID: 114 (klogd)]: family:1, type:2, protocol:0
[   13.156664] firmadyne: sys_socket[PID: 114 (klogd)]: family:1, type:1, protocol:0
[   13.157723] firmadyne: sys_socket[PID: 114 (klogd)]: family:1, type:2, protocol:0
sem_get: Key: 410f00a8
nvram_set: lan9_ifnames = ""
sem_get: Key: 410f00a8
sem_get: Key: 410f00a8
[   13.168149] firmadyne: sys_socket[PID: 114 (klogd)]: family:1, type:1, protocol:0
[   13.169325] firmadyne: sys_socket[PID: 114 (klogd)]: family:1, type:2, protocol:0
[   13.171736] firmadyne: sys_socket[PID: 114 (klogd)]: family:1, type:1, protocol:0
nvram_set_default: Loading built-in default values = 1!
nvram_set_default: Checking for symbol "router_defaults[   13.176438] firmadyne: sys_socket[PID: 114 (klogd)]: family:1, type:2, protocol:0
[   13.178629] firmadyne: sys_socket[PID: 114 (klogd)]: family:1, type:1, protocol:0
"...
nvram_set_default: Checking for symbol "Nvrams"...
[   13.184860] firmadyne: sys_socket[PID: 114 (klogd)]: family:1, type:2, protocol:0
[   13.187040] firmadyne: sys_socket[PID: 114 (klogd)]: family:1, type:1, protocol:0
[   13.192222] firmadyne: sys_socket[PID: 114 (klogd)]: family:1, type:2, protocol:0
[   13.194443] firmadyne: sys_socket[PID: 114 (klogd)]: family:1, type:1, protocol:0
[   13.195531] firmadyne: sys_socket[PID: 114 (klogd)]: family:1, type:2, protocol:0
nvram_set: time_zone[   13.201537] firmadyne: sys_socket[PID: 114 (klogd)]: family:1, type:1, protocol:0
[   13.202616] firmadyne: sys_socket[PID: 114 (klogd)]: family:1, type:2, protocol:0
 = "GMT+8"
sem_get: Key: 410f00a8
[   13.209170] firmadyne: sys_socket[PID: 114 (klogd)]: family:1, type:1, protocol:0
[   13.210244] firmadyne: sys_socket[PID: 114 (klogd)]: family:1, type:2, protocol:0
sem_get: Key: 410f00a8
[   13.216587] firmadyne: sys_socket[PID: 114 (klogd)]: family:1, type:1, protocol:0
[   13.217730] firmadyne: sys_socket[PID: 114 (klogd)]: family:1, type:2, protocol:0
nvram_set: time_daylight = ""
sem_get: Key: 410f00a8
[   13.224144] firmadyne: sys_socket[PID: 114 (klogd)]: family:1, type:1, protocol:0
[   13.225267] firmadyne: sys_socket[PID: 114 (klogd)]: family:1, type:2, protocol:0
[   13.227538] firmadyne: sys_socket[PID: 114 (klogd)]: family:1, type:1, protocol:0
sem_get: Key: 410f00a8
nvram_set: restore_default = "0"
[   13.236441] firmadyne: sys_socket[PID: 114 (klogd)]: family:1, type:2, protocol:0
[   13.238711] firmadyne: sys_socket[PID: 114 (klogd)]: family:1, type:1, protocol:0
[   13.240118] firmadyne: sys_socket[PID: 114 (klogd)]: family:1, type:2, protocol:0
[   13.242258] firmadyne: sys_socket[PID: 114 (klogd)]: family:1, type:1, protocol:0
[   13.243332] firmadyne: sys_socket[PID: 114 (klogd)]: family:1, type:2, protocol:0
sem_get: Key: 410f00a8
sem_get: Key: 410f00a8
nvram_set: wiz_language = "English"
sem_get: Key: 410f00a8
sem_get: Key: 410f00a8
[   13.268100] firmadyne: sys_socket[PID: 114 (klogd)]: family:1, type:1, protocol:0
[   13.269274] firmadyne: sys_socket[PID: 114 (klogd)]: family:1, type:2, protocol:0
[   13.271506] firmadyne: sys_socket[PID: 114 (klogd)]: family:1, type:1, protocol:0
nvram_set: wiz_country = "US"
sem_get: Key: 410f00a8
[   13.280110] firmadyne: sys_socket[PID: 114 (klogd)]: family:1, type:2, protocol:0
[   13.282271] firmadyne: sys_socket[PID: 114 (klogd)]: family:1, type:1, protocol:0
[   13.283342] firmadyne: sys_socket[PID: 114 (klogd)]: family:1, type:2, protocol:0
sem_get: Key: 410f00a8
[   13.289310] firmadyne: sys_socket[PID: 114 (klogd)]: family:1, type:1, protocol:0
[   13.290427] firmadyne: sys_socket[PID: 114 (klogd)]: family:1, type:2, protocol:0
nvram_set: fix_ipaddr = ""
sem_get: Key: 410f00a8
[   13.296978] firmadyne: sys_socket[PID: 114 (klogd)]: family:1, type:1, protocol:0
[   13.298068] firmadyne: sys_socket[PID: 114 (klogd)]: family:1, type:2, protocol:0
sem_get: Key: 410f00a8
[   13.304541] firmadyne: sys_socket[PID: 114 (klogd)]: family:1, type:1, protocol:0
[   13.305726] firmadyne: sys_socket[PID: 114 (klogd)]: family:1, type:2, protocol:0
nvram_set: fix_netmask = ""
sem_get: Key: [   13.312278] firmadyne: sys_socket[PID: 114 (klogd)]: family:1, type:1, protocol:0
[   13.313434] firmadyne: sys_socket[PID: 114 (klogd)]: family:1, type:2, protocol:0
410f00a8
sem_get: Key: 410f00a8
[   13.319877] firmadyne: sys_socket[PID: 114 (klogd)]: family:1, type:1, protocol:0
[   13.320997] firmadyne: sys_socket[PID: 114 (klogd)]: family:1, type:2, protocol:0
[   13.323178] firmadyne: sys_socket[PID: 114 (klogd)]: family:1, type:1, protocol:0
nvram_set: fix_gateway = ""
[   13.328471] firmadyne: sys_socket[PID: 114 (klogd)]: family:1, type:2, protocol:0
[   13.330700] firmadyne: sys_socket[PID: 114 (klogd)]: family:1, type:1, protocol:0
sem_get: Key: 410f00a8
sem_get: Key: 410f00a8
[   13.335960] firmadyne: sys_socket[PID: 114 (klogd)]: family:1, type:2, protocol:0
[   13.338182] firmadyne: sys_socket[PID: 114 (klogd)]: family:1, type:1, protocol:0
[   13.339289] firmadyne: sys_socket[PID: 114 (klogd)]: family:1, type:2, protocol:0
nvram_set[   13.345466] firmadyne: sys_socket[PID: 114 (klogd)]: family:1, type:1, protocol:0
[   13.346581] firmadyne: sys_socket[PID: 114 (klogd)]: family:1, type:2, protocol:0
: wan_ifname = "ppp0"
sem_get: Key: 410f00a8
sem_get: Key: 410f00a8
[   13.356979] firmadyne: sys_socket[PID: 114 (klogd)]: family:1, type:1, protocol:0
[   13.358069] firmadyne: sys_socket[PID: 114 (klogd)]: family:1, type:2, protocol:0
nvram_set: wan_mode = "pppoe"
sem_get[   13.364591] firmadyne: sys_socket[PID: 114 (klogd)]: family:1, type:1, protocol:0
[   13.365733] firmadyne: sys_socket[PID: 114 (klogd)]: family:1, type:2, protocol:0
: Key: 410f00a8
sem_get: Key: 410f00a8
[   13.372190] firmadyne: sys_socket[PID: 114 (klogd)]: family:1, type:1, protocol:0
[   13.373292] firmadyne: sys_socket[PID: 114 (klogd)]: family:1, type:2, protocol:0
[   13.375429] firmadyne: sys_socket[PID: 114 (klogd)]: family:1, type:1, protocol:0
nvram_set[   13.380293] firmadyne: sys_socket[PID: 114 (klogd)]: family:1, type:2, protocol:0
[   13.382550] firmadyne: sys_socket[PID: 114 (klogd)]: family:1, type:1, protocol:0
: wan_iptype = "Dynamic"
sem_get: Key: 410f00a8
[   13.387844] firmadyne: sys_socket[PID: 114 (klogd)]: family:1, type:2, protocol:0
[   13.390031] firmadyne: sys_socket[PID: 114 (klogd)]: family:1, type:1, protocol:0
[   13.391093] firmadyne: sys_socket[PID: 114 (klogd)]: family:1, type:2, protocol:0
sem_get: Key: 410f00a8
[   13.397201] firmadyne: sys_socket[PID: 114 (klogd)]: family:1, type:1, protocol:0
[   13.398258] firmadyne: sys_socket[PID: 114 (klogd)]: family:1, type:2, protocol:0
nvram_set: wan_ipaddr = ""
sem_get: Key: 410f00a8
[   13.404496] firmadyne: sys_socket[PID: 114 (klogd)]: family:1, type:1, protocol:0
[   13.405588] firmadyne: sys_socket[PID: 114 (klogd)]: family:1, type:2, protocol:0
sem_get: Key: 410f00a8
[   13.411969] firmadyne: sys_socket[PID: 114 (klogd)]: family:1, type:1, protocol:0
[   13.413156] firmadyne: sys_socket[PID: 114 (klogd)]: family:1, type:2, protocol:0
