[    0.000000] Linux version 4.1.17+ (alessio@pc) (gcc version 5.5.0 20171010 (Ubuntu 5.5.0-12ubuntu1) ) #1 Mon May 15 23:04:08 CEST 2023
[    0.000000] earlycon: Early serial console at I/O port 0x3f8 (options '38400n8')
[    0.000000] bootconsole [uart0] enabled
[    0.000000] CPU0 revision is: 00019300 (MIPS 24Kc)
[    0.000000] FPU revision is: 00739300
[    0.000000] Software DMA cache coherency enabled
[    0.000000] Determined physical RAM map:
[    0.000000]  memory: 00001000 @ 00000000 (reserved)
[    0.000000]  memory: 000ef000 @ 00001000 (ROM data)
[    0.000000]  memory: 00798000 @ 000f0000 (reserved)
[    0.000000]  memory: 0f777000 @ 00888000 (usable)
[    0.000000] debug: ignoring loglevel setting.
[    0.000000] Wasting 69888 bytes for tracking 2184 unused pages
[    0.000000] Initrd not found or empty - disabling initrd
[    0.000000] Zone ranges:
[    0.000000]   DMA      [mem 0x0000000000000000-0x0000000000ffffff]
[    0.000000]   Normal   [mem 0x0000000001000000-0x000000000fffefff]
[    0.000000] Movable zone start for each node
[    0.000000] Early memory node ranges
[    0.000000]   node   0: [mem 0x0000000000000000-0x000000000fffefff]
[    0.000000] Initmem setup node 0 [mem 0x0000000000000000-0x000000000fffefff]
[    0.000000] On node 0 totalpages: 65535
[    0.000000] free_area_init_node: node 0, pgdat 8081d5b0, node_mem_map 81000000
[    0.000000]   DMA zone: 32 pages used for memmap
[    0.000000]   DMA zone: 0 pages reserved
[    0.000000]   DMA zone: 4096 pages, LIFO batch:0
[    0.000000]   Normal zone: 480 pages used for memmap
[    0.000000]   Normal zone: 61439 pages, LIFO batch:15
[    0.000000] Primary instruction cache 2kB, VIPT, 2-way, linesize 16 bytes.
[    0.000000] Primary data cache 2kB, 2-way, VIPT, no aliases, linesize 16 bytes
[    0.000000] pcpu-alloc: s0 r0 d32768 u32768 alloc=1*32768
[    0.000000] pcpu-alloc: [0] 0 
[    0.000000] Built 1 zonelists in Zone order, mobility grouping on.  Total pages: 65023
[    0.000000] Kernel command line: root=/dev/sda1 console=ttyS0 nandsim.parts=64,64,64,64,64,64,64,64,64,64 rdinit=/firmadyne/preInit.sh rw debug ignore_loglevel print-fatal-signals=1 FIRMAE_NET=true FIRMAE_NVRAM=true FIRMAE_KERNEL=true FIRMAE_ETC=true user_debug=0 firmadyne.syscall=1 noka
[    0.000000] found FIRMAE_KERNEL=t
[    0.000000] set the LD_PRELOAD=/firmadyne/libnvram_ioctl.so
[    0.000000] PID hash table entries: 1024 (order: 0, 4096 bytes)
[    0.000000] Dentry cache hash table entries: 32768 (order: 5, 131072 bytes)
[    0.000000] Inode-cache hash table entries: 16384 (order: 4, 65536 bytes)
[    0.000000] Writing ErrCtl register=00000000
[    0.000000] Readback ErrCtl register=00000000
[    0.000000] Memory: 251112K/262140K available (5360K kernel code, 244K rwdata, 1676K rodata, 260K init, 158K bss, 11028K reserved, 0K cma-reserved)
[    0.000000] NR_IRQS:256
[    0.000000] CPU frequency 200.01 MHz
[    0.000000] clocksource MIPS: mask: 0xffffffff max_cycles: 0xffffffff, max_idle_ns: 19112062259 ns
[    0.000224] sched_clock: 32 bits at 100MHz, resolution 9ns, wraps every 21474227195ns
[    0.096249] spurious 8259A interrupt: IRQ7.
[    0.098575] Console: colour dummy device 80x25
[    0.100278] Calibrating delay loop... 24.12 BogoMIPS (lpj=48256)
[    0.153995] pid_max: default: 32768 minimum: 301
[    0.158745] Mount-cache hash table entries: 1024 (order: 0, 4096 bytes)
[    0.159373] Mountpoint-cache hash table entries: 1024 (order: 0, 4096 bytes)
[    0.313086] clocksource jiffies: mask: 0xffffffff max_cycles: 0xffffffff, max_idle_ns: 7645041785100000 ns
[    0.325056] NET: Registered protocol family 16
[    0.621069] clocksource pit: mask: 0xffffffff max_cycles: 0xffffffff, max_idle_ns: 1601818034827 ns
[    0.875653] vgaarb: loaded
[    0.881890] SCSI subsystem initialized
[    0.884711] libata version 3.00 loaded.
[    0.889562] usbcore: registered new interface driver usbfs
[    0.891153] usbcore: registered new interface driver hub
[    0.892599] usbcore: registered new device driver usb
[    0.895531] pps_core: LinuxPPS API ver. 1 registered
[    0.896160] pps_core: Software ver. 5.3.6 - Copyright 2005-2007 Rodolfo Giometti <giometti@linux.it>
[    0.897213] PTP clock support registered
[    0.902377] PCI host bridge to bus 0000:00
[    0.903208] pci_bus 0000:00: root bus resource [mem 0x10000000-0x17ffffff]
[    0.903880] pci_bus 0000:00: root bus resource [io  0x1000-0x1fffff]
[    0.904725] pci_bus 0000:00: root bus resource [??? 0x00000000 flags 0x0]
[    0.905366] pci_bus 0000:00: No busn resource found for root bus, will use [bus 00-ff]
[    0.906781] pci 0000:00:00.0: [11ab:4620] type 00 class 0x060000
[    0.907792] pci 0000:00:00.0: [Firmware Bug]: reg 0x14: invalid BAR (can't size)
[    0.908462] pci 0000:00:00.0: [Firmware Bug]: reg 0x18: invalid BAR (can't size)
[    0.909272] pci 0000:00:00.0: [Firmware Bug]: reg 0x1c: invalid BAR (can't size)
[    0.909912] pci 0000:00:00.0: [Firmware Bug]: reg 0x20: invalid BAR (can't size)
[    0.910568] pci 0000:00:00.0: [Firmware Bug]: reg 0x24: invalid BAR (can't size)
[    0.915004] pci 0000:00:0a.0: [8086:7110] type 00 class 0x060100
[    0.918944] pci 0000:00:0a.1: [8086:7111] type 00 class 0x010180
[    0.919822] pci 0000:00:0a.1: reg 0x20: [io  0x0000-0x000f]
[    0.920481] pci 0000:00:0a.1: legacy IDE quirk: reg 0x10: [io  0x01f0-0x01f7]
[    0.921289] pci 0000:00:0a.1: legacy IDE quirk: reg 0x14: [io  0x03f6]
[    0.921916] pci 0000:00:0a.1: legacy IDE quirk: reg 0x18: [io  0x0170-0x0177]
[    0.922551] pci 0000:00:0a.1: legacy IDE quirk: reg 0x1c: [io  0x0376]
[    0.926187] pci 0000:00:0a.2: [8086:7112] type 00 class 0x0c0300
[    0.926946] pci 0000:00:0a.2: reg 0x20: [io  0x0000-0x001f]
[    0.930550] pci 0000:00:0a.3: [8086:7113] type 00 class 0x068000
[    0.931986] pci 0000:00:0a.3: quirk: [io  0x1000-0x103f] claimed by PIIX4 ACPI
[    0.932701] pci 0000:00:0a.3: quirk: [io  0x1100-0x110f] claimed by PIIX4 SMB
[    0.936396] pci 0000:00:12.0: [1013:00b8] type 00 class 0x030000
[    0.937090] pci 0000:00:12.0: reg 0x10: [mem 0x00000000-0x01ffffff pref]
[    0.937926] pci 0000:00:12.0: reg 0x14: [mem 0x00000000-0x00000fff]
[    0.938658] pci 0000:00:12.0: reg 0x30: [mem 0x00000000-0x0000ffff pref]
[    0.941600] vgaarb: device added: PCI:0000:00:12.0,decodes=io+mem,owns=none,locks=none
[    0.943229] pci 0000:00:13.0: [8086:100e] type 00 class 0x020000
[    0.943913] pci 0000:00:13.0: reg 0x10: [mem 0x00000000-0x0001ffff]
[    0.944539] pci 0000:00:13.0: reg 0x14: [io  0x0000-0x003f]
[    0.945231] pci 0000:00:13.0: reg 0x30: [mem 0x00000000-0x0003ffff pref]
[    0.948744] pci 0000:00:14.0: [8086:100e] type 00 class 0x020000
[    0.949432] pci 0000:00:14.0: reg 0x10: [mem 0x00000000-0x0001ffff]
[    0.950051] pci 0000:00:14.0: reg 0x14: [io  0x0000-0x003f]
[    0.950908] pci 0000:00:14.0: reg 0x30: [mem 0x00000000-0x0003ffff pref]
[    0.954403] pci 0000:00:15.0: [8086:100e] type 00 class 0x020000
[    0.955286] pci 0000:00:15.0: reg 0x10: [mem 0x00000000-0x0001ffff]
[    0.955913] pci 0000:00:15.0: reg 0x14: [io  0x0000-0x003f]
[    0.956607] pci 0000:00:15.0: reg 0x30: [mem 0x00000000-0x0003ffff pref]
[    0.960154] pci 0000:00:16.0: [8086:100e] type 00 class 0x020000
[    0.960843] pci 0000:00:16.0: reg 0x10: [mem 0x00000000-0x0001ffff]
[    0.961474] pci 0000:00:16.0: reg 0x14: [io  0x0000-0x003f]
[    0.962161] pci 0000:00:16.0: reg 0x30: [mem 0x00000000-0x0003ffff pref]
[    0.965900] pci_bus 0000:00: busn_res: [bus 00-ff] end is updated to 00
[    0.967769] pci 0000:00:12.0: BAR 0: assigned [mem 0x10000000-0x11ffffff pref]
[    0.968653] pci 0000:00:13.0: BAR 6: assigned [mem 0x12000000-0x1203ffff pref]
[    0.969416] pci 0000:00:14.0: BAR 6: assigned [mem 0x12040000-0x1207ffff pref]
[    0.970130] pci 0000:00:15.0: BAR 6: assigned [mem 0x12080000-0x120bffff pref]
[    0.970851] pci 0000:00:16.0: BAR 6: assigned [mem 0x120c0000-0x120fffff pref]
[    0.971724] pci 0000:00:13.0: BAR 0: assigned [mem 0x12100000-0x1211ffff]
[    0.972449] pci 0000:00:14.0: BAR 0: assigned [mem 0x12120000-0x1213ffff]
[    0.973184] pci 0000:00:15.0: BAR 0: assigned [mem 0x12140000-0x1215ffff]
[    0.973874] pci 0000:00:16.0: BAR 0: assigned [mem 0x12160000-0x1217ffff]
[    0.974595] pci 0000:00:12.0: BAR 6: assigned [mem 0x12180000-0x1218ffff pref]
[    0.975301] pci 0000:00:12.0: BAR 1: assigned [mem 0x12190000-0x12190fff]
[    0.976186] pci 0000:00:13.0: BAR 1: assigned [io  0x1040-0x107f]
[    0.976827] pci 0000:00:14.0: BAR 1: assigned [io  0x1080-0x10bf]
[    0.977468] pci 0000:00:15.0: BAR 1: assigned [io  0x10c0-0x10ff]
[    0.978115] pci 0000:00:16.0: BAR 1: assigned [io  0x1400-0x143f]
[    0.978761] pci 0000:00:0a.2: BAR 4: assigned [io  0x1440-0x145f]
[    0.979406] pci 0000:00:0a.1: BAR 4: assigned [io  0x1460-0x146f]
[    0.999202] cfg80211: Calling CRDA to update world regulatory domain
[    1.014673] Switched to clocksource MIPS
[    1.145209] NET: Registered protocol family 2
[    1.159080] TCP established hash table entries: 2048 (order: 1, 8192 bytes)
[    1.160399] TCP bind hash table entries: 2048 (order: 1, 8192 bytes)
[    1.161630] TCP: Hash tables configured (established 2048 bind 2048)
[    1.163047] UDP hash table entries: 256 (order: 0, 4096 bytes)
[    1.163846] UDP-Lite hash table entries: 256 (order: 0, 4096 bytes)
[    1.168511] NET: Registered protocol family 1
[    1.170427] PCI: Enabling device 0000:00:0a.2 (0000 -> 0001)
[    1.172381] PCI: CLS 0 bytes, default 16
[    1.280486] futex hash table entries: 256 (order: -1, 3072 bytes)
[    1.302874] squashfs: version 4.0 (2009/01/31) Phillip Lougher
[    1.305743] jffs2: version 2.2. (NAND) Â© 2001-2006 Red Hat, Inc.
[    1.309694] romfs: ROMFS MTD (C) 2007 Red Hat, Inc.
[    1.418953] Block layer SCSI generic (bsg) driver version 0.4 loaded (major 251)
[    1.419735] io scheduler noop registered
[    1.420554] io scheduler cfq registered (default)
[    1.421702] firmadyne: devfs: 1, execute: 1, procfs: 1, syscall: 1
[    1.428299] firmadyne: Cannot register character device: gpio, 0xfc, 0x0!
[    1.437988] firmadyne: Cannot register character device: watchdog, 0xa, 0x82!
[    1.438606] firmadyne: Cannot register character device: wdt, 0xfd, 0x0!
[    3.387281] strName = 4.1.17+
[    3.387281] init_task_addr  = 2155778944
[    3.387281] init_task_size  = 1296
[    3.387281] ts_tasks        = 292
[    3.387281] ts_pid          = 408
[    3.387281] ts_tgid         = 412
[    3.387281] ts_group_leader = 440
[    3.387281] ts_thread_group = 496
[    3.387281] ts_real_parent  = 416
[    3.387281] ts_mm           = 300
[    3.387281] ts_stack        = 4
[    3.390052] module_name   = 12
[    3.390052] module_size   = 208
[    3.390052] module_init   = 200
[    3.390052] module_list   = 4
[    3.391438] ts_real_cred    = 624
[    3.391438] ts_cred         = 628
[    3.391438] ts_comm         = 632
[    3.391438] cred_uid        = 4
[    3.391438] cred_gid        = 8
[    3.391438] cred_euid       = 20
[    3.391438] cred_egid       = 24
[    3.393307] mm_mmap         = 0
[    3.393307] mm_pgd          = 32
[    3.393307] mm_arg_start    = 136
[    3.393307] mm_start_brk    = 124
[    3.393307] mm_brk          = 128
[    3.393307] mm_start_stack  = 132
[    3.395165] vma_vm_start    = 0
[    3.395165] vma_vm_end      = 4
[    3.395165] vma_vm_next     = 8
[    3.395165] vma_vm_file     = 80
[    3.395165] vma_vm_flags    = 40
[    3.395165] vma_vm_pgoff    = 76
[    3.396793] file_dentry     = 12
[    3.396793] file_inode      = 40
[    3.396793] dentry_d_name   = 24
[    3.396793] dentry_d_iname  = 44
[    3.396793] dentry_d_parent = 16
[    3.396793] ti_task         = 0
[    3.396793] inode_ino   = 28
[    4.547058] proc_fork_connector  = 2151078840
[    4.547521] proc_exit_connector  = 2151080432
[    4.547910] proc_exec_connector  = 2151079052
[    4.548296] vma_link  = 2149124372
[    4.548626] vma_adjust  = 2149124540
[    4.548964] remove_vma  = 2149122188
[    4.549305] modules  = 2155833724
[    4.549634] trim_init_extable  = 2150545316
[    4.551221] cfg80211: Calling CRDA to update world regulatory domain
[    4.555336] PCI: Enabling device 0000:00:12.0 (0000 -> 0002)
[    4.556800] cirrusfb 0000:00:12.0: Cirrus Logic chipset on PCI bus, RAM (4096 kB) at 0x10000000
[    4.885378] Console: switching to colour frame buffer device 80x30
[    4.961890] Serial: 8250/16550 driver, 4 ports, IRQ sharing enabled
[    4.977694] console [ttyS0] disabled
[    5.006131] serial8250.0: ttyS0 at I/O 0x3f8 (irq = 4, base_baud = 115200) is a 16550A
[    5.007720] console [ttyS0] enabled
[    5.007720] console [ttyS0] enabled
[    5.008447] bootconsole [uart0] disabled
[    5.008447] bootconsole [uart0] disabled
[    5.039801] serial8250.0: ttyS1 at I/O 0x2f8 (irq = 3, base_baud = 115200) is a 16550A
[    5.270372] brd: module loaded
[    5.433406] loop: module loaded
[    5.440921] ata_piix 0000:00:0a.1: version 2.13
[    5.441618] PCI: Enabling device 0000:00:0a.1 (0000 -> 0001)
[    5.471790] scsi host0: ata_piix
[    5.478238] scsi host1: ata_piix
[    5.482893] ata1: PATA max UDMA/33 cmd 0x1f0 ctl 0x3f6 bmdma 0x1460 irq 14
[    5.483572] ata2: PATA max UDMA/33 cmd 0x170 ctl 0x376 bmdma 0x1468 irq 15
[    5.491567] [nandsim] warning: read_byte: unexpected data output cycle, state is STATE_READY return 0x0
[    5.492355] [nandsim] warning: read_byte: unexpected data output cycle, state is STATE_READY return 0x0
[    5.493116] [nandsim] warning: read_byte: unexpected data output cycle, state is STATE_READY return 0x0
[    5.493863] [nandsim] warning: read_byte: unexpected data output cycle, state is STATE_READY return 0x0
[    5.494801] [nandsim] warning: read_byte: unexpected data output cycle, state is STATE_READY return 0x0
[    5.495596] [nandsim] warning: read_byte: unexpected data output cycle, state is STATE_READY return 0x0
[    5.496539] nand: device found, Manufacturer ID: 0x98, Chip ID: 0x39
[    5.497099] nand: Toshiba NAND 128MiB 1,8V 8-bit
[    5.497612] nand: 128 MiB, SLC, erase size: 16 KiB, page size: 512, OOB size: 16
[    5.499789] flash size: 128 MiB
[    5.500146] page size: 512 bytes
[    5.500482] OOB area size: 16 bytes
[    5.500828] sector size: 16 KiB
[    5.501155] pages number: 262144
[    5.501484] pages per sector: 32
[    5.501812] bus width: 8
[    5.502122] bits in sector size: 14
[    5.502464] bits in page size: 9
[    5.503000] bits in OOB size: 4
[    5.503372] flash size with OOB: 135168 KiB
[    5.503758] page address bytes: 4
[    5.504100] sector address bytes: 3
[    5.504443] options: 0x42
[    5.601093] Scanning device for bad blocks
[    7.041103] ata2.01: NODEV after polling detection
[    7.043404] ata2.00: ATAPI: QEMU DVD-ROM, 2.5+, max UDMA/100
[    7.045139] ata1.01: NODEV after polling detection
[    7.047255] ata1.00: ATA-7: QEMU HARDDISK, 2.5+, max UDMA/100
[    7.047868] ata1.00: 2097152 sectors, multi 16: LBA48 
[    7.055065] ata2.00: configured for UDMA/33
[    7.058920] ata1.00: configured for UDMA/33
[    8.927510] Creating 11 MTD partitions on "NAND 128MiB 1,8V 8-bit":
[    8.928370] 0x000000000000-0x000000100000 : "NAND simulator partition 0"
[    8.943130] 0x000000100000-0x000000200000 : "NAND simulator partition 1"
[    8.955936] 0x000000200000-0x000000300000 : "NAND simulator partition 2"
[    8.968172] 0x000000300000-0x000000400000 : "NAND simulator partition 3"
[    8.980687] 0x000000400000-0x000000500000 : "NAND simulator partition 4"
[    8.993395] 0x000000500000-0x000000600000 : "NAND simulator partition 5"
[    9.006171] 0x000000600000-0x000000700000 : "NAND simulator partition 6"
[    9.019298] 0x000000700000-0x000000800000 : "NAND simulator partition 7"
[    9.032267] 0x000000800000-0x000000900000 : "NAND simulator partition 8"
[    9.045504] 0x000000900000-0x000000a00000 : "NAND simulator partition 9"
[    9.058796] 0x000000a00000-0x000008000000 : "NAND simulator partition 10"
[    9.112505] tun: Universal TUN/TAP device driver, 1.6
[    9.112993] tun: (C) 1999-2004 Max Krasnyansky <maxk@qualcomm.com>
[    9.117382] pcnet32: pcnet32.c:v1.35 21.Apr.2008 tsbogend@alpha.franken.de
[    9.119360] e1000: Intel(R) PRO/1000 Network Driver - version 7.3.21-k8-NAPI
[    9.119935] e1000: Copyright (c) 1999-2006 Intel Corporation.
[    9.121107] PCI: Enabling device 0000:00:13.0 (0000 -> 0003)
[    9.124686] cfg80211: Calling CRDA to update world regulatory domain
[   10.808026] scsi 0:0:0:0: Direct-Access     ATA      QEMU HARDDISK    2.5+ PQ: 0 ANSI: 5
[   11.062051] sd 0:0:0:0: [sda] 2097152 512-byte logical blocks: (1.07 GB/1.00 GiB)
[   11.067138] sd 0:0:0:0: [sda] Write Protect is off
[   11.067798] sd 0:0:0:0: [sda] Mode Sense: 00 3a 00 00
[   11.069606] sd 0:0:0:0: [sda] Write cache: enabled, read cache: enabled, doesn't support DPO or FUA
[   11.084200]  sda: sda1
[   11.098438] sd 0:0:0:0: [sda] Attached SCSI disk
[   11.101471] scsi 1:0:0:0: CD-ROM            QEMU     QEMU DVD-ROM     2.5+ PQ: 0 ANSI: 5
[   11.133061] e1000 0000:00:13.0 eth0: (PCI:33MHz:32-bit) 52:54:00:12:34:56
[   11.133908] e1000 0000:00:13.0 eth0: Intel(R) PRO/1000 Network Connection
[   11.135023] PCI: Enabling device 0000:00:14.0 (0000 -> 0003)
[   11.470193] e1000 0000:00:14.0 eth1: (PCI:33MHz:32-bit) 52:54:00:12:34:57
[   11.471145] e1000 0000:00:14.0 eth1: Intel(R) PRO/1000 Network Connection
[   11.472112] PCI: Enabling device 0000:00:15.0 (0000 -> 0003)
[   11.806166] e1000 0000:00:15.0 eth2: (PCI:33MHz:32-bit) 52:54:00:12:34:58
[   11.807168] e1000 0000:00:15.0 eth2: Intel(R) PRO/1000 Network Connection
[   11.808182] PCI: Enabling device 0000:00:16.0 (0000 -> 0003)
[   12.141383] e1000 0000:00:16.0 eth3: (PCI:33MHz:32-bit) 52:54:00:12:34:59
[   12.142158] e1000 0000:00:16.0 eth3: Intel(R) PRO/1000 Network Connection
[   12.144243] e1000e: Intel(R) PRO/1000 Network Driver - 2.3.2-k
[   12.144799] e1000e: Copyright(c) 1999 - 2014 Intel Corporation.
[   12.150923] PPP generic driver version 2.4.2
[   12.153716] PPP Deflate Compression module registered
[   12.154783] PPP MPPE Compression module registered
[   12.155364] NET: Registered protocol family 24
[   12.156399] ehci_hcd: USB 2.0 'Enhanced' Host Controller (EHCI) Driver
[   12.157103] ehci-pci: EHCI PCI platform driver
[   12.158868] ohci_hcd: USB 1.1 'Open' Host Controller (OHCI) Driver
[   12.159568] ohci-pci: OHCI PCI platform driver
[   12.161109] uhci_hcd: USB Universal Host Controller Interface driver
[   12.163378] uhci_hcd 0000:00:0a.2: UHCI Host Controller
[   12.164587] uhci_hcd 0000:00:0a.2: new USB bus registered, assigned bus number 1
[   12.166000] uhci_hcd 0000:00:0a.2: irq 11, io base 0x00001440
[   12.180888] hub 1-0:1.0: USB hub found
[   12.181907] hub 1-0:1.0: 2 ports detected
[   13.408771] usbcore: registered new interface driver usb-storage
[   13.414743] mousedev: PS/2 mouse device common for all mice
[   13.423091] rtc_cmos rtc_cmos: rtc core: registered rtc_cmos as rtc0
[   13.424146] rtc_cmos rtc_cmos: alarms up to one day, 242 bytes nvram
[   13.426139] i2c /dev entries driver
[   13.428003] piix4_smbus 0000:00:0a.3: SMBus Host Controller at 0x1100, revision 0
[   13.434192] sdhci: Secure Digital Host Controller Interface driver
[   13.434909] sdhci: Copyright(c) Pierre Ossman
[   13.438013] hidraw: raw HID events driver (C) Jiri Kosina
[   13.463245] usbcore: registered new interface driver usbhid
[   13.463737] usbhid: USB HID core driver
[   13.465195] Netfilter messages via NETLINK v0.30.
[   13.467128] nf_conntrack version 0.5.0 (3923 buckets, 15692 max)
[   13.471644] ctnetlink v0.93: registering with nfnetlink.
[   13.479346] ipip: IPv4 over IPv4 tunneling driver
[   13.495800] ip_tables: (C) 2000-2006 Netfilter Core Team
[   13.499655] arp_tables: (C) 2002 David S. Miller
[   13.502088] Initializing XFRM netlink socket
[   13.503828] NET: Registered protocol family 10
[   13.530080] ip6_tables: (C) 2000-2006 Netfilter Core Team
[   13.535220] sit: IPv6 over IPv4 tunneling driver
[   13.558353] NET: Registered protocol family 17
[   13.559718] bridge: automatic filtering via arp/ip/ip6tables has been deprecated. Update your scripts to load br_netfilter if you need this.
[   13.561270] Bridge firewalling registered
[   13.561807] Ebtables v2.0 registered
[   13.564657] 8021q: 802.1Q VLAN Support v1.8
[   13.593548] rtc_cmos rtc_cmos: setting system clock to 2025-07-23 01:48:07 UTC (1753235287)
[   18.396730] EXT2-fs (sda1): warning: mounting unchecked fs, running e2fsck is recommended
[   18.402434] cfg80211: Calling CRDA to update world regulatory domain
[   18.404352] VFS: Mounted root (ext2 filesystem) on device 8:1.
[   18.416371] Freeing YAMON memory: 956k freed
[   18.430958] Freeing unused kernel memory: 260K (8081f000 - 80860000)
[   18.469629] firmadyne: sys_reboot[PID: 1 (init)]: magic1:fee1dead, magic2:28121969, cmd:0
init started: BusyBox v1.14.1 (2024-07-07 02:43:58 CEST)
starting pid 48, tty '': '/etc/init.d/rcS'
[   20.546998] firmadyne: do_execve: /firmadyne/console
[   20.547825] OFFSETS: offset of pid: 0x198 offset of comm: 0x278
[/etc/init.d/S03config.sh]
Mounting proc and var ...
[   21.547189] cfg80211: Calling CRDA to update world regulatory domain
[   24.691097] cfg80211: Calling CRDA to update world regulatory domain
SymbLink /dev/mtdblock/0
SymbLink /dev/mtdblock/1
SymbLink /dev/mtdblock/10
SymbLink /dev/mtdblock/2
SymbLink /dev/mtdblock/3
SymbLink /dev/mtdblock/4
SymbLink /dev/mtdblock/5
SymbLink /dev/mtdblock/6
SymbLink /dev/mtdblock/7
SymbLink /dev/mtdblock/8
SymbLink /dev/mtdblock/9
Inserting kernel modules ...
Inserting Rebootm ...
Inserting atheros ethernet ...
[   27.378932] random: nonblocking pool is initialized
Inserting gpio ...
done.
[   27.851656] cfg80211: Calling CRDA to update world regulatory domain
Start xmldb ...
[   28.067417] firmadyne: sys_socket[PID: 148 (xmldb)]: family:1, type:2, protocol:0
[/etc/scripts/misc/profile.sh] get ...
DEVCONF: unable to read config data (ret=-3) !
CAN NOT get devive config, generate default!
[/etc/scripts/misc/profile.sh] reset ...
[   29.686091] firmadyne: sys_socket[PID: 160 (rgdb)]: family:1, type:2, protocol:0
[/etc/scripts/misc/defnodes.sh] ...
[/etc/defnodes/S10setext.sh] ...
[   30.133862] firmadyne: sys_socket[PID: 166 (xmldbc)]: family:1, type:2, protocol:0
[   30.198188] firmadyne: sys_socket[PID: 167 (xmldbc)]: family:1, type:2, protocol:0
[   30.351926] firmadyne: sys_socket[PID: 168 (xmldbc)]: family:1, type:2, protocol:0
[   30.415397] firmadyne: sys_socket[PID: 169 (xmldbc)]: family:1, type:2, protocol:0
[   30.479223] firmadyne: sys_socket[PID: 170 (xmldbc)]: family:1, type:2, protocol:0
[   30.544060] firmadyne: sys_socket[PID: 171 (xmldbc)]: family:1, type:2, protocol:0
[   30.693577] firmadyne: sys_socket[PID: 172 (xmldbc)]: family:1, type:2, protocol:0
[   30.758581] firmadyne: sys_socket[PID: 173 (xmldbc)]: family:1, type:2, protocol:0
[   30.822306] firmadyne: sys_socket[PID: 174 (xmldbc)]: family:1, type:2, protocol:0
[   30.885750] firmadyne: sys_socket[PID: 175 (xmldbc)]: family:1, type:2, protocol:0
[   31.011699] cfg80211: Calling CRDA to update world regulatory domain
[   31.053284] firmadyne: sys_socket[PID: 176 (xmldbc)]: family:1, type:2, protocol:0
[   31.117413] firmadyne: sys_socket[PID: 178 (xmldbc)]: family:1, type:2, protocol:0
[   31.180938] firmadyne: sys_socket[PID: 179 (xmldbc)]: family:1, type:2, protocol:0
[   31.246647] firmadyne: sys_socket[PID: 180 (xmldbc)]: family:1, type:2, protocol:0
[   31.398009] firmadyne: sys_socket[PID: 181 (xmldbc)]: family:1, type:2, protocol:0
[   31.464069] firmadyne: sys_socket[PID: 182 (xmldbc)]: family:1, type:2, protocol:0
[   31.528416] firmadyne: sys_socket[PID: 183 (xmldbc)]: family:1, type:2, protocol:0
[   31.591834] firmadyne: sys_socket[PID: 184 (xmldbc)]: family:1, type:2, protocol:0
[   31.670640] firmadyne: sys_socket[PID: 185 (xmldbc)]: family:1, type:2, protocol:0
[   31.730980] firmadyne: sys_socket[PID: 186 (xmldbc)]: family:1, type:2, protocol:0
[   31.794287] firmadyne: sys_socket[PID: 187 (xmldbc)]: family:1, type:2, protocol:0
[   31.860362] firmadyne: sys_socket[PID: 188 (rgdb)]: family:1, type:2, protocol:0
[   31.924551] firmadyne: sys_socket[PID: 189 (rgdb)]: family:1, type:2, protocol:0
[   32.073262] firmadyne: sys_socket[PID: 190 (rgdb)]: family:1, type:2, protocol:0
[   32.137516] firmadyne: sys_socket[PID: 191 (rgdb)]: family:1, type:2, protocol:0
[   32.202254] firmadyne: sys_socket[PID: 192 (rgdb)]: family:1, type:2, protocol:0
[   32.352981] firmadyne: sys_socket[PID: 193 (rgdb)]: family:1, type:2, protocol:0
[   32.419174] firmadyne: sys_socket[PID: 194 (rgdb)]: family:1, type:2, protocol:0
[   32.482992] firmadyne: sys_socket[PID: 195 (rgdb)]: family:1, type:2, protocol:0
[   32.546555] firmadyne: sys_socket[PID: 196 (rgdb)]: family:1, type:2, protocol:0
[   32.699068] firmadyne: sys_socket[PID: 197 (rgdb)]: family:1, type:2, protocol:0
[   32.763478] firmadyne: sys_socket[PID: 198 (rgdb)]: family:1, type:2, protocol:0
[   32.827202] firmadyne: sys_socket[PID: 199 (rgdb)]: family:1, type:2, protocol:0
[   32.894564] firmadyne: sys_socket[PID: 200 (rgdb)]: family:1, type:2, protocol:0
[   33.041041] firmadyne: sys_socket[PID: 201 (rgdb)]: family:1, type:2, protocol:0
[   33.183994] firmadyne: sys_socket[PID: 203 (xmldbc)]: family:1, type:2, protocol:0
[   33.247317] firmadyne: sys_socket[PID: 204 (xmldbc)]: family:1, type:2, protocol:0
[   33.312428] firmadyne: sys_socket[PID: 205 (xmldbc)]: family:1, type:2, protocol:0
[   33.472200] firmadyne: sys_socket[PID: 206 (xmldbc)]: family:1, type:2, protocol:0
[   33.538555] firmadyne: sys_socket[PID: 207 (xmldbc)]: family:1, type:2, protocol:0
[   33.603569] firmadyne: sys_socket[PID: 208 (xmldbc)]: family:1, type:2, protocol:0
[   33.668555] firmadyne: sys_socket[PID: 209 (xmldbc)]: family:1, type:2, protocol:0
[   33.828648] firmadyne: sys_socket[PID: 210 (xmldbc)]: family:1, type:2, protocol:0
[   33.891881] firmadyne: sys_socket[PID: 211 (xmldbc)]: family:1, type:2, protocol:0
[   33.955863] firmadyne: sys_socket[PID: 212 (xmldbc)]: family:1, type:2, protocol:0
[   34.019139] firmadyne: sys_socket[PID: 213 (xmldbc)]: family:1, type:2, protocol:0
[   34.175281] cfg80211: Calling CRDA to update world regulatory domain
[   34.192311] firmadyne: sys_socket[PID: 214 (xmldbc)]: family:1, type:2, protocol:0
[   34.260452] firmadyne: sys_socket[PID: 216 (xmldbc)]: family:1, type:2, protocol:0
[   34.324953] firmadyne: sys_socket[PID: 217 (xmldbc)]: family:1, type:2, protocol:0
[   34.389857] firmadyne: sys_socket[PID: 218 (xmldbc)]: family:1, type:2, protocol:0
[   34.546438] firmadyne: sys_socket[PID: 219 (xmldbc)]: family:1, type:2, protocol:0
[   34.612582] firmadyne: sys_socket[PID: 220 (xmldbc)]: family:1, type:2, protocol:0
[   34.676105] firmadyne: sys_socket[PID: 221 (xmldbc)]: family:1, type:2, protocol:0
[   34.905176] firmadyne: sys_socket[PID: 226 (xmldbc)]: family:1, type:2, protocol:0
[   35.064708] firmadyne: sys_socket[PID: 227 (xmldbc)]: family:1, type:2, protocol:0
[   35.128442] firmadyne: sys_socket[PID: 228 (xmldbc)]: family:1, type:2, protocol:0
[   35.189921] firmadyne: sys_socket[PID: 229 (xmldbc)]: family:1, type:2, protocol:0
[   35.252819] firmadyne: sys_socket[PID: 230 (xmldbc)]: family:1, type:2, protocol:0
[   35.408440] firmadyne: sys_socket[PID: 231 (xmldbc)]: family:1, type:2, protocol:0
[   35.471536] firmadyne: sys_socket[PID: 232 (xmldbc)]: family:1, type:2, protocol:0
[   35.532852] firmadyne: sys_socket[PID: 233 (xmldbc)]: family:1, type:2, protocol:0
[   35.594247] firmadyne: sys_socket[PID: 234 (xmldbc)]: family:1, type:2, protocol:0
[   35.747704] firmadyne: sys_socket[PID: 235 (xmldbc)]: family:1, type:2, protocol:0
[   35.809084] firmadyne: sys_socket[PID: 236 (xmldbc)]: family:1, type:2, protocol:0
[   35.873415] firmadyne: sys_socket[PID: 237 (xmldbc)]: family:1, type:2, protocol:0
[   35.937027] firmadyne: sys_socket[PID: 238 (xmldbc)]: family:1, type:2, protocol:0
[   36.098541] firmadyne: sys_socket[PID: 239 (xmldbc)]: family:1, type:2, protocol:0
[   36.162396] firmadyne: sys_socket[PID: 240 (xmldbc)]: family:1, type:2, protocol:0
[   36.225351] firmadyne: sys_socket[PID: 241 (xmldbc)]: family:1, type:2, protocol:0
[   36.287980] firmadyne: sys_socket[PID: 242 (xmldbc)]: family:1, type:2, protocol:0
[   36.449931] firmadyne: sys_socket[PID: 243 (xmldbc)]: family:1, type:2, protocol:0
[   36.515299] firmadyne: sys_socket[PID: 244 (xmldbc)]: family:1, type:2, protocol:0
[   36.665362] firmadyne: sys_socket[PID: 248 (xmldbc)]: family:1, type:2, protocol:0
[   36.729591] firmadyne: sys_socket[PID: 249 (xmldbc)]: family:1, type:2, protocol:0
[   36.887342] firmadyne: sys_socket[PID: 250 (xmldbc)]: family:1, type:2, protocol:0
[   36.952883] firmadyne: sys_socket[PID: 251 (xmldbc)]: family:1, type:2, protocol:0
[   37.017143] firmadyne: sys_socket[PID: 252 (xmldbc)]: family:1, type:2, protocol:0
[   37.081164] firmadyne: sys_socket[PID: 253 (xmldbc)]: family:1, type:2, protocol:0
[   37.219303] firmadyne: sys_socket[PID: 254 (xmldbc)]: family:1, type:2, protocol:0
[   37.282039] firmadyne: sys_socket[PID: 255 (xmldbc)]: family:1, type:2, protocol:0
[   37.319314] cfg80211: Calling CRDA to update world regulatory domain
[   37.363130] firmadyne: sys_socket[PID: 256 (xmldbc)]: family:1, type:2, protocol:0
[   37.426289] firmadyne: sys_socket[PID: 258 (xmldbc)]: family:1, type:2, protocol:0
[   37.586111] firmadyne: sys_socket[PID: 259 (xmldbc)]: family:1, type:2, protocol:0
[   37.649434] firmadyne: sys_socket[PID: 260 (xmldbc)]: family:1, type:2, protocol:0
[   37.711084] firmadyne: sys_socket[PID: 261 (xmldbc)]: family:1, type:2, protocol:0
[   37.772258] firmadyne: sys_socket[PID: 262 (xmldbc)]: family:1, type:2, protocol:0
[   37.930240] firmadyne: sys_socket[PID: 263 (xmldbc)]: family:1, type:2, protocol:0
[   37.993820] firmadyne: sys_socket[PID: 264 (xmldbc)]: family:1, type:2, protocol:0
[   38.055879] firmadyne: sys_socket[PID: 265 (xmldbc)]: family:1, type:2, protocol:0
[   38.118214] firmadyne: sys_socket[PID: 266 (xmldbc)]: family:1, type:2, protocol:0
[   38.278319] firmadyne: sys_socket[PID: 267 (xmldbc)]: family:1, type:2, protocol:0
[   38.424870] firmadyne: sys_socket[PID: 271 (xmldbc)]: family:1, type:2, protocol:0
[   38.487951] firmadyne: sys_socket[PID: 272 (xmldbc)]: family:1, type:2, protocol:0
[   38.548750] firmadyne: sys_socket[PID: 273 (xmldbc)]: family:1, type:2, protocol:0
[   38.707831] firmadyne: sys_socket[PID: 274 (xmldbc)]: family:1, type:2, protocol:0
[   38.770393] firmadyne: sys_socket[PID: 275 (xmldbc)]: family:1, type:2, protocol:0
[   38.833705] firmadyne: sys_socket[PID: 276 (xmldbc)]: family:1, type:2, protocol:0
[   38.899441] firmadyne: sys_socket[PID: 277 (xmldbc)]: family:1, type:2, protocol:0
[   39.056947] firmadyne: sys_socket[PID: 278 (xmldbc)]: family:1, type:2, protocol:0
[   39.123073] firmadyne: sys_socket[PID: 279 (xmldbc)]: family:1, type:2, protocol:0
[   39.187569] firmadyne: sys_socket[PID: 280 (xmldbc)]: family:1, type:2, protocol:0
[   39.250677] firmadyne: sys_socket[PID: 281 (xmldbc)]: family:1, type:2, protocol:0
[   39.411199] firmadyne: sys_socket[PID: 282 (xmldbc)]: family:1, type:2, protocol:0
[   39.474547] firmadyne: sys_socket[PID: 283 (xmldbc)]: family:1, type:2, protocol:0
[   39.537931] firmadyne: sys_socket[PID: 284 (xmldbc)]: family:1, type:2, protocol:0
[   39.602742] firmadyne: sys_socket[PID: 285 (xmldbc)]: family:1, type:2, protocol:0
[   39.761555] firmadyne: sys_socket[PID: 286 (xmldbc)]: family:1, type:2, protocol:0
[   39.826952] firmadyne: sys_socket[PID: 287 (xmldbc)]: family:1, type:2, protocol:0
[   39.890411] firmadyne: sys_socket[PID: 288 (xmldbc)]: family:1, type:2, protocol:0
[   39.953558] firmadyne: sys_socket[PID: 289 (xmldbc)]: family:1, type:2, protocol:0
[   40.201291] firmadyne: sys_socket[PID: 293 (xmldbc)]: family:1, type:2, protocol:0
[   40.264252] firmadyne: sys_socket[PID: 294 (xmldbc)]: family:1, type:2, protocol:0
[   40.327836] firmadyne: sys_socket[PID: 295 (xmldbc)]: family:1, type:2, protocol:0
[   40.392519] firmadyne: sys_socket[PID: 296 (xmldbc)]: family:1, type:2, protocol:0
[   40.495843] cfg80211: Calling CRDA to update world regulatory domain
[   40.566983] firmadyne: sys_socket[PID: 298 (xmldbc)]: family:1, type:2, protocol:0
[   40.631768] firmadyne: sys_socket[PID: 299 (xmldbc)]: family:1, type:2, protocol:0
[   40.702262] firmadyne: sys_socket[PID: 300 (xmldbc)]: family:1, type:2, protocol:0
[   40.866162] firmadyne: sys_socket[PID: 301 (xmldbc)]: family:1, type:2, protocol:0
[   40.930014] firmadyne: sys_socket[PID: 302 (xmldbc)]: family:1, type:2, protocol:0
[   40.993328] firmadyne: sys_socket[PID: 303 (xmldbc)]: family:1, type:2, protocol:0
[   41.056018] firmadyne: sys_socket[PID: 304 (xmldbc)]: family:1, type:2, protocol:0
[   41.216040] firmadyne: sys_socket[PID: 305 (xmldbc)]: family:1, type:2, protocol:0
[   41.282009] firmadyne: sys_socket[PID: 306 (xmldbc)]: family:1, type:2, protocol:0
[   41.345739] firmadyne: sys_socket[PID: 307 (xmldbc)]: family:1, type:2, protocol:0
[   41.409035] firmadyne: sys_socket[PID: 308 (xmldbc)]: family:1, type:2, protocol:0
[   41.568959] firmadyne: sys_socket[PID: 309 (xmldbc)]: family:1, type:2, protocol:0
[   41.631648] firmadyne: sys_socket[PID: 310 (xmldbc)]: family:1, type:2, protocol:0
[   41.695598] firmadyne: sys_socket[PID: 311 (xmldbc)]: family:1, type:2, protocol:0
[   41.758003] firmadyne: sys_socket[PID: 312 (xmldbc)]: family:1, type:2, protocol:0
[   42.003259] firmadyne: sys_socket[PID: 316 (xmldbc)]: family:1, type:2, protocol:0
[   42.067065] firmadyne: sys_socket[PID: 317 (xmldbc)]: family:1, type:2, protocol:0
[   42.130512] firmadyne: sys_socket[PID: 318 (xmldbc)]: family:1, type:2, protocol:0
[   42.193474] firmadyne: sys_socket[PID: 319 (xmldbc)]: family:1, type:2, protocol:0
[   42.354286] firmadyne: sys_socket[PID: 320 (xmldbc)]: family:1, type:2, protocol:0
[   42.417660] firmadyne: sys_socket[PID: 321 (xmldbc)]: family:1, type:2, protocol:0
[   42.480356] firmadyne: sys_socket[PID: 322 (xmldbc)]: family:1, type:2, protocol:0
[   42.542616] firmadyne: sys_socket[PID: 323 (xmldbc)]: family:1, type:2, protocol:0
[   42.702315] firmadyne: sys_socket[PID: 324 (xmldbc)]: family:1, type:2, protocol:0
[   42.762378] firmadyne: sys_socket[PID: 325 (xmldbc)]: family:1, type:2, protocol:0
[   42.825051] firmadyne: sys_socket[PID: 326 (xmldbc)]: family:1, type:2, protocol:0
[   42.888303] firmadyne: sys_socket[PID: 327 (xmldbc)]: family:1, type:2, protocol:0
[   42.952782] firmadyne: sys_socket[PID: 328 (xmldbc)]: family:1, type:2, protocol:0
[   43.111133] firmadyne: sys_socket[PID: 329 (xmldbc)]: family:1, type:2, protocol:0
[   43.175999] firmadyne: sys_socket[PID: 330 (xmldbc)]: family:1, type:2, protocol:0
[   43.239228] firmadyne: sys_socket[PID: 331 (xmldbc)]: family:1, type:2, protocol:0
[   43.303589] firmadyne: sys_socket[PID: 332 (xmldbc)]: family:1, type:2, protocol:0
[   43.464851] firmadyne: sys_socket[PID: 333 (xmldbc)]: family:1, type:2, protocol:0
[   43.528111] firmadyne: sys_socket[PID: 334 (xmldbc)]: family:1, type:2, protocol:0
[   43.639414] cfg80211: Exceeded CRDA call max attempts. Not calling CRDA
[   43.679165] firmadyne: sys_socket[PID: 338 (xmldbc)]: family:1, type:2, protocol:0
[   43.743743] firmadyne: sys_socket[PID: 339 (xmldbc)]: family:1, type:2, protocol:0
[   43.903381] firmadyne: sys_socket[PID: 340 (xmldbc)]: family:1, type:2, protocol:0
[   43.968467] firmadyne: sys_socket[PID: 341 (xmldbc)]: family:1, type:2, protocol:0
[   44.032227] firmadyne: sys_socket[PID: 342 (xmldbc)]: family:1, type:2, protocol:0
[   44.096698] firmadyne: sys_socket[PID: 343 (xmldbc)]: family:1, type:2, protocol:0
[   44.261310] firmadyne: sys_socket[PID: 344 (xmldbc)]: family:1, type:2, protocol:0
[   44.326632] firmadyne: sys_socket[PID: 345 (xmldbc)]: family:1, type:2, protocol:0
[   44.392786] firmadyne: sys_socket[PID: 346 (xmldbc)]: family:1, type:2, protocol:0
[   44.459603] firmadyne: sys_socket[PID: 347 (xmldbc)]: family:1, type:2, protocol:0
[   44.589906] firmadyne: sys_socket[PID: 348 (xmldbc)]: family:1, type:2, protocol:0
[   44.656910] firmadyne: sys_socket[PID: 349 (xmldbc)]: family:1, type:2, protocol:0
[   44.722017] firmadyne: sys_socket[PID: 350 (xmldbc)]: family:1, type:2, protocol:0
[   44.786313] firmadyne: sys_socket[PID: 351 (xmldbc)]: family:1, type:2, protocol:0
[   44.880526] firmadyne: sys_socket[PID: 352 (xmldbc)]: family:1, type:2, protocol:0
[   44.944731] firmadyne: sys_socket[PID: 353 (xmldbc)]: family:1, type:2, protocol:0
[   45.009199] firmadyne: sys_socket[PID: 354 (xmldbc)]: family:1, type:2, protocol:0
[   45.075177] firmadyne: sys_socket[PID: 355 (xmldbc)]: family:1, type:2, protocol:0
[   45.145225] firmadyne: sys_socket[PID: 356 (xmldbc)]: family:1, type:2, protocol:0
[   45.296876] firmadyne: sys_socket[PID: 360 (xmldbc)]: family:1, type:2, protocol:0
[   45.359597] firmadyne: sys_socket[PID: 361 (xmldbc)]: family:1, type:2, protocol:0
[   45.419739] firmadyne: sys_socket[PID: 362 (xmldbc)]: family:1, type:2, protocol:0
[   45.484295] firmadyne: sys_socket[PID: 363 (xmldbc)]: family:1, type:2, protocol:0
[   55.789799] firmadyne: sys_socket[PID: 364 (xmldbc)]: family:1, type:2, protocol:0
[   55.854597] firmadyne: sys_socket[PID: 365 (xmldbc)]: family:1, type:2, protocol:0
[   55.918776] firmadyne: sys_socket[PID: 366 (xmldbc)]: family:1, type:2, protocol:0
[   77.401172] firmadyne: sys_socket[PID: 367 (xmldbc)]: family:1, type:2, protocol:0
[   77.466402] firmadyne: sys_socket[PID: 368 (xmldbc)]: family:1, type:2, protocol:0
[   77.529881] firmadyne: sys_socket[PID: 369 (xmldbc)]: family:1, type:2, protocol:0
[   77.594476] firmadyne: sys_socket[PID: 370 (xmldbc)]: family:1, type:2, protocol:0
[  101.876289] firmadyne: sys_socket[PID: 371 (xmldbc)]: family:1, type:2, protocol:0
[  101.940136] firmadyne: sys_socket[PID: 372 (xmldbc)]: family:1, type:2, protocol:0
[  102.001617] firmadyne: sys_socket[PID: 373 (xmldbc)]: family:1, type:2, protocol:0
[  102.064859] firmadyne: sys_socket[PID: 374 (xmldbc)]: family:1, type:2, protocol:0
[  102.124380] firmadyne: sys_socket[PID: 375 (xmldbc)]: family:1, type:2, protocol:0
[  119.173804] firmadyne: sys_socket[PID: 376 (xmldbc)]: family:1, type:2, protocol:0
[  119.241014] firmadyne: sys_socket[PID: 377 (xmldbc)]: family:1, type:2, protocol:0
[  119.304137] firmadyne: sys_socket[PID: 378 (xmldbc)]: family:1, type:2, protocol:0
[  119.455884] firmadyne: sys_socket[PID: 382 (xmldbc)]: family:1, type:2, protocol:0
[  139.275977] firmadyne: sys_socket[PID: 383 (xmldbc)]: family:1, type:2, protocol:0
[  139.339873] firmadyne: sys_socket[PID: 384 (xmldbc)]: family:1, type:2, protocol:0
[  139.400943] firmadyne: sys_socket[PID: 385 (xmldbc)]: family:1, type:2, protocol:0
[  139.464633] firmadyne: sys_socket[PID: 386 (xmldbc)]: family:1, type:2, protocol:0
[  151.925211] firmadyne: sys_socket[PID: 387 (xmldbc)]: family:1, type:2, protocol:0
[  151.989536] firmadyne: sys_socket[PID: 388 (xmldbc)]: family:1, type:2, protocol:0
[  152.051816] firmadyne: sys_socket[PID: 389 (xmldbc)]: family:1, type:2, protocol:0
[  152.114392] firmadyne: sys_socket[PID: 390 (xmldbc)]: family:1, type:2, protocol:0
[  171.543201] firmadyne: sys_socket[PID: 391 (xmldbc)]: family:1, type:2, protocol:0
[  171.608861] firmadyne: sys_socket[PID: 392 (xmldbc)]: family:1, type:2, protocol:0
[  171.672519] firmadyne: sys_socket[PID: 393 (xmldbc)]: family:1, type:2, protocol:0
[  171.737675] firmadyne: sys_socket[PID: 394 (xmldbc)]: family:1, type:2, protocol:0
[  159.083611] firmadyne: sys_socket[PID: 395 (xmldbc)]: family:1, type:2, protocol:0
[  159.148695] firmadyne: sys_socket[PID: 396 (xmldbc)]: family:1, type:2, protocol:0
[  159.212637] firmadyne: sys_socket[PID: 397 (xmldbc)]: family:1, type:2, protocol:0
[  159.272256] firmadyne: sys_socket[PID: 398 (xmldbc)]: family:1, type:2, protocol:0
[  159.335229] firmadyne: sys_socket[PID: 399 (xmldbc)]: family:1, type:2, protocol:0
[  173.982997] firmadyne: sys_socket[PID: 400 (xmldbc)]: family:1, type:2, protocol:0
[  174.132648] firmadyne: sys_socket[PID: 404 (xmldbc)]: family:1, type:2, protocol:0
[  174.197994] firmadyne: sys_socket[PID: 405 (xmldbc)]: family:1, type:2, protocol:0
[  174.261661] firmadyne: sys_socket[PID: 406 (xmldbc)]: family:1, type:2, protocol:0
[  206.007322] firmadyne: sys_socket[PID: 407 (xmldbc)]: family:1, type:2, protocol:0
[  206.071998] firmadyne: sys_socket[PID: 408 (xmldbc)]: family:1, type:2, protocol:0
[  206.135348] firmadyne: sys_socket[PID: 409 (xmldbc)]: family:1, type:2, protocol:0
[  206.200605] firmadyne: sys_socket[PID: 410 (xmldbc)]: family:1, type:2, protocol:0
[  216.212403] firmadyne: sys_socket[PID: 411 (xmldbc)]: family:1, type:2, protocol:0
[  216.275785] firmadyne: sys_socket[PID: 412 (xmldbc)]: family:1, type:2, protocol:0
[  216.338495] firmadyne: sys_socket[PID: 413 (xmldbc)]: family:1, type:2, protocol:0
[  216.401867] firmadyne: sys_socket[PID: 414 (xmldbc)]: family:1, type:2, protocol:0
[  228.015721] firmadyne: sys_socket[PID: 415 (xmldbc)]: family:1, type:2, protocol:0
[  228.080034] firmadyne: sys_socket[PID: 416 (xmldbc)]: family:1, type:2, protocol:0
[  228.141569] firmadyne: sys_socket[PID: 417 (xmldbc)]: family:1, type:2, protocol:0
[  228.206006] firmadyne: sys_socket[PID: 418 (xmldbc)]: family:1, type:2, protocol:0
[  217.345564] firmadyne: sys_socket[PID: 419 (xmldbc)]: family:1, type:2, protocol:0
[  217.408802] firmadyne: sys_socket[PID: 420 (xmldbc)]: family:1, type:2, protocol:0
[  217.471198] firmadyne: sys_socket[PID: 421 (xmldbc)]: family:1, type:2, protocol:0
[  217.535418] firmadyne: sys_socket[PID: 422 (xmldbc)]: family:1, type:2, protocol:0
[  233.795082] firmadyne: sys_socket[PID: 426 (xmldbc)]: family:1, type:2, protocol:0
[  233.857754] firmadyne: sys_socket[PID: 427 (xmldbc)]: family:1, type:2, protocol:0
[  233.919733] firmadyne: sys_socket[PID: 428 (xmldbc)]: family:1, type:2, protocol:0
[  233.983259] firmadyne: sys_socket[PID: 429 (xmldbc)]: family:1, type:2, protocol:0
[  259.984979] firmadyne: sys_socket[PID: 430 (xmldbc)]: family:1, type:2, protocol:0
[  260.048902] firmadyne: sys_socket[PID: 431 (xmldbc)]: family:1, type:2, protocol:0
[  260.105425] firmadyne: sys_socket[PID: 432 (xmldbc)]: family:1, type:2, protocol:0
[  260.168362] firmadyne: sys_socket[PID: 433 (xmldbc)]: family:1, type:2, protocol:0
[  281.799334] firmadyne: sys_socket[PID: 434 (xmldbc)]: family:1, type:2, protocol:0
[  281.862993] firmadyne: sys_socket[PID: 435 (xmldbc)]: family:1, type:2, protocol:0
[  281.925037] firmadyne: sys_socket[PID: 436 (xmldbc)]: family:1, type:2, protocol:0
[  281.988077] firmadyne: sys_socket[PID: 437 (xmldbc)]: family:1, type:2, protocol:0
[  314.067386] firmadyne: sys_socket[PID: 438 (xmldbc)]: family:1, type:2, protocol:0
[  314.132211] firmadyne: sys_socket[PID: 439 (xmldbc)]: family:1, type:2, protocol:0
[  314.194172] firmadyne: sys_socket[PID: 440 (xmldbc)]: family:1, type:2, protocol:0
[  314.257065] firmadyne: sys_socket[PID: 441 (xmldbc)]: family:1, type:2, protocol:0
[  346.300814] firmadyne: sys_socket[PID: 442 (xmldbc)]: family:1, type:2, protocol:0
[  346.366520] firmadyne: sys_socket[PID: 443 (xmldbc)]: family:1, type:2, protocol:0
[  346.429232] firmadyne: sys_socket[PID: 444 (xmldbc)]: family:1, type:2, protocol:0
[  346.580141] firmadyne: sys_socket[PID: 448 (xmldbc)]: family:1, type:2, protocol:0
[  346.637694] firmadyne: sys_socket[PID: 449 (xmldbc)]: family:1, type:2, protocol:0
[  376.296133] firmadyne: sys_socket[PID: 450 (xmldbc)]: family:1, type:2, protocol:0
[  376.361808] firmadyne: sys_socket[PID: 451 (xmldbc)]: family:1, type:2, protocol:0
[  376.425488] firmadyne: sys_socket[PID: 452 (xmldbc)]: family:1, type:2, protocol:0
[  376.490419] firmadyne: sys_socket[PID: 453 (xmldbc)]: family:1, type:2, protocol:0
[  388.036112] firmadyne: sys_socket[PID: 454 (xmldbc)]: family:1, type:2, protocol:0
[  388.102680] firmadyne: sys_socket[PID: 455 (xmldbc)]: family:1, type:2, protocol:0
[  388.165377] firmadyne: sys_socket[PID: 456 (xmldbc)]: family:1, type:2, protocol:0
[  388.230544] firmadyne: sys_socket[PID: 457 (xmldbc)]: family:1, type:2, protocol:0
[  410.014909] firmadyne: sys_socket[PID: 458 (xmldbc)]: family:1, type:2, protocol:0
[  410.074496] firmadyne: sys_socket[PID: 459 (xmldbc)]: family:1, type:2, protocol:0
[  410.136622] firmadyne: sys_socket[PID: 460 (xmldbc)]: family:1, type:2, protocol:0
[  410.199934] firmadyne: sys_socket[PID: 461 (xmldbc)]: family:1, type:2, protocol:0
[  410.262840] firmadyne: sys_socket[PID: 462 (xmldbc)]: family:1, type:2, protocol:0
[  422.152799] firmadyne: sys_socket[PID: 463 (xmldbc)]: family:1, type:2, protocol:0
[  422.218685] firmadyne: sys_socket[PID: 464 (xmldbc)]: family:1, type:2, protocol:0
[  422.282409] firmadyne: sys_socket[PID: 465 (xmldbc)]: family:1, type:2, protocol:0
[  422.346975] firmadyne: sys_socket[PID: 466 (xmldbc)]: family:1, type:2, protocol:0
[  443.082198] firmadyne: sys_socket[PID: 470 (xmldbc)]: family:1, type:2, protocol:0
[  443.146947] firmadyne: sys_socket[PID: 471 (xmldbc)]: family:1, type:2, protocol:0
[  443.210054] firmadyne: sys_socket[PID: 472 (xmldbc)]: family:1, type:2, protocol:0
[  443.275066] firmadyne: sys_socket[PID: 473 (xmldbc)]: family:1, type:2, protocol:0
[  475.348867] firmadyne: sys_socket[PID: 474 (xmldbc)]: family:1, type:2, protocol:0
[  475.413459] firmadyne: sys_socket[PID: 475 (xmldbc)]: family:1, type:2, protocol:0
[  475.477342] firmadyne: sys_socket[PID: 476 (xmldbc)]: family:1, type:2, protocol:0
[  475.543739] firmadyne: sys_socket[PID: 477 (xmldbc)]: family:1, type:2, protocol:0
[  497.855033] firmadyne: sys_socket[PID: 478 (xmldbc)]: family:1, type:2, protocol:0
[  497.919196] firmadyne: sys_socket[PID: 479 (xmldbc)]: family:1, type:2, protocol:0
[  497.981405] firmadyne: sys_socket[PID: 480 (xmldbc)]: family:1, type:2, protocol:0
[  498.046880] firmadyne: sys_socket[PID: 481 (xmldbc)]: family:1, type:2, protocol:0
[  498.104624] firmadyne: sys_socket[PID: 482 (xmldbc)]: family:1, type:2, protocol:0
[  517.971294] firmadyne: sys_socket[PID: 483 (xmldbc)]: family:1, type:2, protocol:0
[  518.034182] firmadyne: sys_socket[PID: 484 (xmldbc)]: family:1, type:2, protocol:0
[  518.095837] firmadyne: sys_socket[PID: 485 (xmldbc)]: family:1, type:2, protocol:0
[  518.158496] firmadyne: sys_socket[PID: 486 (xmldbc)]: family:1, type:2, protocol:0
[  539.869683] firmadyne: sys_socket[PID: 487 (xmldbc)]: family:1, type:2, protocol:0
[  539.933538] firmadyne: sys_socket[PID: 488 (xmldbc)]: family:1, type:2, protocol:0
[  540.081407] firmadyne: sys_socket[PID: 492 (xmldbc)]: family:1, type:2, protocol:0
[  540.144279] firmadyne: sys_socket[PID: 493 (xmldbc)]: family:1, type:2, protocol:0
[  551.125655] firmadyne: sys_socket[PID: 494 (xmldbc)]: family:1, type:2, protocol:0
[  551.189169] firmadyne: sys_socket[PID: 495 (xmldbc)]: family:1, type:2, protocol:0
[  551.253120] firmadyne: sys_socket[PID: 496 (xmldbc)]: family:1, type:2, protocol:0
[  551.311182] firmadyne: sys_socket[PID: 497 (xmldbc)]: family:1, type:2, protocol:0
[  561.380612] firmadyne: sys_socket[PID: 498 (xmldbc)]: family:1, type:2, protocol:0
[  561.445381] firmadyne: sys_socket[PID: 499 (xmldbc)]: family:1, type:2, protocol:0
[  561.525184] firmadyne: sys_socket[PID: 500 (xmldbc)]: family:1, type:2, protocol:0
[  561.592768] firmadyne: sys_socket[PID: 501 (xmldbc)]: family:1, type:2, protocol:0
[  589.112308] firmadyne: sys_socket[PID: 502 (xmldbc)]: family:1, type:2, protocol:0
[  589.177173] firmadyne: sys_socket[PID: 503 (xmldbc)]: family:1, type:2, protocol:0
[  589.240686] firmadyne: sys_socket[PID: 504 (xmldbc)]: family:1, type:2, protocol:0
[  589.304134] firmadyne: sys_socket[PID: 505 (xmldbc)]: family:1, type:2, protocol:0
[  593.638982] firmadyne: sys_socket[PID: 506 (xmldbc)]: family:1, type:2, protocol:0
[  593.703113] firmadyne: sys_socket[PID: 507 (xmldbc)]: family:1, type:2, protocol:0
[  593.765486] firmadyne: sys_socket[PID: 508 (xmldbc)]: family:1, type:2, protocol:0
[  593.828248] firmadyne: sys_socket[PID: 509 (xmldbc)]: family:1, type:2, protocol:0
[  607.404146] firmadyne: sys_socket[PID: 510 (xmldbc)]: family:1, type:2, protocol:0
[  607.553690] firmadyne: sys_socket[PID: 514 (xmldbc)]: family:1, type:2, protocol:0
[  607.616838] firmadyne: sys_socket[PID: 515 (xmldbc)]: family:1, type:2, protocol:0
[  607.679692] firmadyne: sys_socket[PID: 516 (xmldbc)]: family:1, type:2, protocol:0
[  622.797127] firmadyne: sys_socket[PID: 517 (xmldbc)]: family:1, type:2, protocol:0
[  622.860757] firmadyne: sys_socket[PID: 518 (xmldbc)]: family:1, type:2, protocol:0
[  622.922322] firmadyne: sys_socket[PID: 519 (xmldbc)]: family:1, type:2, protocol:0
[  622.983722] firmadyne: sys_socket[PID: 520 (xmldbc)]: family:1, type:2, protocol:0
[  633.533211] firmadyne: sys_socket[PID: 521 (xmldbc)]: family:1, type:2, protocol:0
[  633.598896] firmadyne: sys_socket[PID: 522 (xmldbc)]: family:1, type:2, protocol:0
[  633.662258] firmadyne: sys_socket[PID: 523 (xmldbc)]: family:1, type:2, protocol:0
[  633.724921] firmadyne: sys_socket[PID: 524 (xmldbc)]: family:1, type:2, protocol:0
[  649.495656] firmadyne: sys_socket[PID: 525 (xmldbc)]: family:1, type:2, protocol:0
[  649.560311] firmadyne: sys_socket[PID: 526 (xmldbc)]: family:1, type:2, protocol:0
[  649.623618] firmadyne: sys_socket[PID: 527 (xmldbc)]: family:1, type:2, protocol:0
[  649.687119] firmadyne: sys_socket[PID: 528 (xmldbc)]: family:1, type:2, protocol:0
[  658.147868] firmadyne: sys_socket[PID: 529 (xmldbc)]: family:1, type:2, protocol:0
[  658.212746] firmadyne: sys_socket[PID: 530 (xmldbc)]: family:1, type:2, protocol:0
[  658.276965] firmadyne: sys_socket[PID: 531 (xmldbc)]: family:1, type:2, protocol:0
[  658.340536] firmadyne: sys_socket[PID: 532 (xmldbc)]: family:1, type:2, protocol:0
[  675.705346] firmadyne: sys_socket[PID: 536 (xmldbc)]: family:1, type:2, protocol:0
[  675.769117] firmadyne: sys_socket[PID: 537 (xmldbc)]: family:1, type:2, protocol:0
[  675.831682] firmadyne: sys_socket[PID: 538 (xmldbc)]: family:1, type:2, protocol:0
[  675.894178] firmadyne: sys_socket[PID: 539 (xmldbc)]: family:1, type:2, protocol:0
[  690.438653] firmadyne: sys_socket[PID: 540 (xmldbc)]: family:1, type:2, protocol:0
[  690.502338] firmadyne: sys_socket[PID: 541 (xmldbc)]: family:1, type:2, protocol:0
[  690.564566] firmadyne: sys_socket[PID: 542 (xmldbc)]: family:1, type:2, protocol:0
[  690.627351] firmadyne: sys_socket[PID: 543 (xmldbc)]: family:1, type:2, protocol:0
[  704.762095] firmadyne: sys_socket[PID: 544 (xmldbc)]: family:1, type:2, protocol:0
[  704.825086] firmadyne: sys_socket[PID: 545 (xmldbc)]: family:1, type:2, protocol:0
[  704.887596] firmadyne: sys_socket[PID: 546 (xmldbc)]: family:1, type:2, protocol:0
[  704.949683] firmadyne: sys_socket[PID: 547 (xmldbc)]: family:1, type:2, protocol:0
[  697.634175] firmadyne: sys_socket[PID: 548 (xmldbc)]: family:1, type:2, protocol:0
[  697.708396] firmadyne: sys_socket[PID: 549 (xmldbc)]: family:1, type:2, protocol:0
[  697.782673] firmadyne: sys_socket[PID: 550 (xmldbc)]: family:1, type:2, protocol:0
[  697.856266] firmadyne: sys_socket[PID: 551 (xmldbc)]: family:1, type:2, protocol:0
[  710.618932] firmadyne: sys_socket[PID: 552 (xmldbc)]: family:1, type:2, protocol:0
[  710.677889] firmadyne: sys_socket[PID: 553 (xmldbc)]: family:1, type:2, protocol:0
[  710.735947] firmadyne: sys_socket[PID: 554 (xmldbc)]: family:1, type:2, protocol:0
[  710.874984] firmadyne: sys_socket[PID: 558 (xmldbc)]: family:1, type:2, protocol:0
[  711.980634] firmadyne: sys_socket[PID: 559 (xmldbc)]: family:1, type:2, protocol:0
[  712.038351] firmadyne: sys_socket[PID: 560 (xmldbc)]: family:1, type:2, protocol:0
[  712.096211] firmadyne: sys_socket[PID: 561 (xmldbc)]: family:1, type:2, protocol:0
[  712.149211] firmadyne: sys_socket[PID: 562 (xmldbc)]: family:1, type:2, protocol:0
[  712.201300] firmadyne: sys_socket[PID: 563 (xmldbc)]: family:1, type:2, protocol:0
[  712.258275] firmadyne: sys_socket[PID: 564 (xmldbc)]: family:1, type:2, protocol:0
[  722.175744] firmadyne: sys_socket[PID: 565 (xmldbc)]: family:1, type:2, protocol:0
[  722.238665] firmadyne: sys_socket[PID: 566 (xmldbc)]: family:1, type:2, protocol:0
[  722.301142] firmadyne: sys_socket[PID: 567 (xmldbc)]: family:1, type:2, protocol:0
[  735.086953] firmadyne: sys_socket[PID: 568 (xmldbc)]: family:1, type:2, protocol:0
[  735.154574] firmadyne: sys_socket[PID: 569 (xmldbc)]: family:1, type:2, protocol:0
[  735.212603] firmadyne: sys_socket[PID: 570 (xmldbc)]: family:1, type:2, protocol:0
[  735.269333] firmadyne: sys_socket[PID: 571 (xmldbc)]: family:1, type:2, protocol:0
[  735.332334] firmadyne: sys_socket[PID: 572 (xmldbc)]: family:1, type:2, protocol:0
[  735.395791] firmadyne: sys_socket[PID: 573 (xmldbc)]: family:1, type:2, protocol:0
[  742.951606] firmadyne: sys_socket[PID: 574 (xmldbc)]: family:1, type:2, protocol:0
[  743.015968] firmadyne: sys_socket[PID: 575 (xmldbc)]: family:1, type:2, protocol:0
[  743.078234] firmadyne: sys_socket[PID: 576 (xmldbc)]: family:1, type:2, protocol:0
[  743.224493] firmadyne: sys_socket[PID: 580 (xmldbc)]: family:1, type:2, protocol:0
[  744.206353] firmadyne: sys_socket[PID: 581 (xmldbc)]: family:1, type:2, protocol:0
[  744.268296] firmadyne: sys_socket[PID: 582 (xmldbc)]: family:1, type:2, protocol:0
[  744.328943] firmadyne: sys_socket[PID: 583 (xmldbc)]: family:1, type:2, protocol:0
[  744.384803] firmadyne: sys_socket[PID: 584 (xmldbc)]: family:1, type:2, protocol:0
[  744.440517] firmadyne: sys_socket[PID: 585 (xmldbc)]: family:1, type:2, protocol:0
[  744.496530] firmadyne: sys_socket[PID: 586 (xmldbc)]: family:1, type:2, protocol:0
[  744.556503] firmadyne: sys_socket[PID: 587 (xmldbc)]: family:1, type:2, protocol:0
[  775.327678] firmadyne: sys_socket[PID: 588 (xmldbc)]: family:1, type:2, protocol:0
[  775.391956] firmadyne: sys_socket[PID: 589 (xmldbc)]: family:1, type:2, protocol:0
[  775.449511] firmadyne: sys_socket[PID: 590 (xmldbc)]: family:1, type:2, protocol:0
[  775.512218] firmadyne: sys_socket[PID: 591 (xmldbc)]: family:1, type:2, protocol:0
[  775.574897] firmadyne: sys_socket[PID: 592 (xmldbc)]: family:1, type:2, protocol:0
[  776.466615] firmadyne: sys_socket[PID: 593 (xmldbc)]: family:1, type:2, protocol:0
[  776.530164] firmadyne: sys_socket[PID: 594 (xmldbc)]: family:1, type:2, protocol:0
[  776.593370] firmadyne: sys_socket[PID: 595 (xmldbc)]: family:1, type:2, protocol:0
[  776.657338] firmadyne: sys_socket[PID: 596 (xmldbc)]: family:1, type:2, protocol:0
[  799.384566] firmadyne: sys_socket[PID: 597 (xmldbc)]: family:1, type:2, protocol:0
[  799.449702] firmadyne: sys_socket[PID: 598 (xmldbc)]: family:1, type:2, protocol:0
[  799.598771] firmadyne: sys_socket[PID: 602 (xmldbc)]: family:1, type:2, protocol:0
[  799.656513] firmadyne: sys_socket[PID: 603 (xmldbc)]: family:1, type:2, protocol:0
[  799.719058] firmadyne: sys_socket[PID: 604 (xmldbc)]: family:1, type:2, protocol:0
[  799.777147] firmadyne: sys_socket[PID: 605 (xmldbc)]: family:1, type:2, protocol:0
[  814.584725] firmadyne: sys_socket[PID: 606 (xmldbc)]: family:1, type:2, protocol:0
[  814.649513] firmadyne: sys_socket[PID: 607 (xmldbc)]: family:1, type:2, protocol:0
[  814.708492] firmadyne: sys_socket[PID: 608 (xmldbc)]: family:1, type:2, protocol:0
[  814.770975] firmadyne: sys_socket[PID: 609 (xmldbc)]: family:1, type:2, protocol:0
[  814.834716] firmadyne: sys_socket[PID: 610 (xmldbc)]: family:1, type:2, protocol:0
[  815.651351] firmadyne: sys_socket[PID: 611 (xmldbc)]: family:1, type:2, protocol:0
[  815.715821] firmadyne: sys_socket[PID: 612 (xmldbc)]: family:1, type:2, protocol:0
[  815.779562] firmadyne: sys_socket[PID: 613 (xmldbc)]: family:1, type:2, protocol:0
[  815.842913] firmadyne: sys_socket[PID: 614 (xmldbc)]: family:1, type:2, protocol:0
[  819.349553] firmadyne: sys_socket[PID: 615 (xmldbc)]: family:1, type:2, protocol:0
[  819.408023] firmadyne: sys_socket[PID: 616 (xmldbc)]: family:1, type:2, protocol:0
[  819.469817] firmadyne: sys_socket[PID: 617 (xmldbc)]: family:1, type:2, protocol:0
[  819.532178] firmadyne: sys_socket[PID: 618 (xmldbc)]: family:1, type:2, protocol:0
[  819.594054] firmadyne: sys_socket[PID: 619 (xmldbc)]: family:1, type:2, protocol:0
[  819.649720] firmadyne: sys_socket[PID: 620 (xmldbc)]: family:1, type:2, protocol:0
[  831.486524] firmadyne: sys_socket[PID: 624 (xmldbc)]: family:1, type:2, protocol:0
[  831.549721] firmadyne: sys_socket[PID: 625 (xmldbc)]: family:1, type:2, protocol:0
[  831.612342] firmadyne: sys_socket[PID: 626 (xmldbc)]: family:1, type:2, protocol:0
[  831.675933] firmadyne: sys_socket[PID: 627 (xmldbc)]: family:1, type:2, protocol:0
[  836.602439] firmadyne: sys_socket[PID: 628 (xmldbc)]: family:1, type:2, protocol:0
[  836.664060] firmadyne: sys_socket[PID: 629 (xmldbc)]: family:1, type:2, protocol:0
[  836.725212] firmadyne: sys_socket[PID: 630 (xmldbc)]: family:1, type:2, protocol:0
[  836.788267] firmadyne: sys_socket[PID: 631 (xmldbc)]: family:1, type:2, protocol:0
[  841.036381] firmadyne: sys_socket[PID: 632 (xmldbc)]: family:1, type:2, protocol:0
[  841.097733] firmadyne: sys_socket[PID: 633 (xmldbc)]: family:1, type:2, protocol:0
[  841.159366] firmadyne: sys_socket[PID: 634 (xmldbc)]: family:1, type:2, protocol:0
[  850.876021] firmadyne: sys_socket[PID: 635 (xmldbc)]: family:1, type:2, protocol:0
[  850.940576] firmadyne: sys_socket[PID: 636 (xmldbc)]: family:1, type:2, protocol:0
[  850.997807] firmadyne: sys_socket[PID: 637 (xmldbc)]: family:1, type:2, protocol:0
[  851.060269] firmadyne: sys_socket[PID: 638 (xmldbc)]: family:1, type:2, protocol:0
[  851.124035] firmadyne: sys_socket[PID: 639 (xmldbc)]: family:1, type:2, protocol:0
[  855.329051] firmadyne: sys_socket[PID: 640 (xmldbc)]: family:1, type:2, protocol:0
[  855.392876] firmadyne: sys_socket[PID: 641 (xmldbc)]: family:1, type:2, protocol:0
[  855.454965] firmadyne: sys_socket[PID: 642 (xmldbc)]: family:1, type:2, protocol:0
[  855.598946] firmadyne: sys_socket[PID: 646 (xmldbc)]: family:1, type:2, protocol:0
[  855.654812] firmadyne: sys_socket[PID: 647 (xmldbc)]: family:1, type:2, protocol:0
[  857.859562] firmadyne: sys_socket[PID: 648 (xmldbc)]: family:1, type:2, protocol:0
[  857.923057] firmadyne: sys_socket[PID: 649 (xmldbc)]: family:1, type:2, protocol:0
[  857.984809] firmadyne: sys_socket[PID: 650 (xmldbc)]: family:1, type:2, protocol:0
[  858.048144] firmadyne: sys_socket[PID: 651 (xmldbc)]: family:1, type:2, protocol:0
[  858.104279] firmadyne: sys_socket[PID: 652 (xmldbc)]: family:1, type:2, protocol:0
[  865.709860] firmadyne: sys_socket[PID: 653 (xmldbc)]: family:1, type:2, protocol:0
[  865.774489] firmadyne: sys_socket[PID: 654 (xmldbc)]: family:1, type:2, protocol:0
[  865.837360] firmadyne: sys_socket[PID: 655 (xmldbc)]: family:1, type:2, protocol:0
[  865.900576] firmadyne: sys_socket[PID: 656 (xmldbc)]: family:1, type:2, protocol:0
[  867.236928] firmadyne: sys_socket[PID: 657 (xmldbc)]: family:1, type:2, protocol:0
[  867.299347] firmadyne: sys_socket[PID: 658 (xmldbc)]: family:1, type:2, protocol:0
[  867.359957] firmadyne: sys_socket[PID: 659 (xmldbc)]: family:1, type:2, protocol:0
[  867.419478] firmadyne: sys_socket[PID: 660 (xmldbc)]: family:1, type:2, protocol:0
[  873.244300] firmadyne: sys_socket[PID: 661 (xmldbc)]: family:1, type:2, protocol:0
[  873.309466] firmadyne: sys_socket[PID: 662 (xmldbc)]: family:1, type:2, protocol:0
[  873.373748] firmadyne: sys_socket[PID: 663 (xmldbc)]: family:1, type:2, protocol:0
[  873.436425] firmadyne: sys_socket[PID: 664 (xmldbc)]: family:1, type:2, protocol:0
[  884.622366] firmadyne: sys_socket[PID: 668 (xmldbc)]: family:1, type:2, protocol:0
[  884.686524] firmadyne: sys_socket[PID: 669 (xmldbc)]: family:1, type:2, protocol:0
[  884.744097] firmadyne: sys_socket[PID: 670 (xmldbc)]: family:1, type:2, protocol:0
[  884.806790] firmadyne: sys_socket[PID: 671 (xmldbc)]: family:1, type:2, protocol:0
[  884.869180] firmadyne: sys_socket[PID: 672 (xmldbc)]: family:1, type:2, protocol:0
[  884.926782] firmadyne: sys_socket[PID: 673 (xmldbc)]: family:1, type:2, protocol:0
[  915.899044] firmadyne: sys_socket[PID: 674 (xmldbc)]: family:1, type:2, protocol:0
[  915.964611] firmadyne: sys_socket[PID: 675 (xmldbc)]: family:1, type:2, protocol:0
[  916.028353] firmadyne: sys_socket[PID: 676 (xmldbc)]: family:1, type:2, protocol:0
[  916.091573] firmadyne: sys_socket[PID: 677 (xmldbc)]: family:1, type:2, protocol:0
[  925.228742] firmadyne: sys_socket[PID: 678 (xmldbc)]: family:1, type:2, protocol:0
[  925.288442] firmadyne: sys_socket[PID: 679 (xmldbc)]: family:1, type:2, protocol:0
[  925.351118] firmadyne: sys_socket[PID: 680 (xmldbc)]: family:1, type:2, protocol:0
[  925.414120] firmadyne: sys_socket[PID: 681 (xmldbc)]: family:1, type:2, protocol:0
[  925.472800] firmadyne: sys_socket[PID: 682 (xmldbc)]: family:1, type:2, protocol:0
[  925.535439] firmadyne: sys_socket[PID: 683 (xmldbc)]: family:1, type:2, protocol:0
[  937.786081] firmadyne: sys_socket[PID: 684 (xmldbc)]: family:1, type:2, protocol:0
[  937.849518] firmadyne: sys_socket[PID: 685 (xmldbc)]: family:1, type:2, protocol:0
[  937.911694] firmadyne: sys_socket[PID: 686 (xmldbc)]: family:1, type:2, protocol:0
[  938.056833] firmadyne: sys_socket[PID: 690 (xmldbc)]: family:1, type:2, protocol:0
[  950.073427] firmadyne: sys_socket[PID: 691 (xmldbc)]: family:1, type:2, protocol:0
[  950.137373] firmadyne: sys_socket[PID: 692 (xmldbc)]: family:1, type:2, protocol:0
[  950.200340] firmadyne: sys_socket[PID: 693 (xmldbc)]: family:1, type:2, protocol:0
[  950.257487] firmadyne: sys_socket[PID: 694 (xmldbc)]: family:1, type:2, protocol:0
[  950.320764] firmadyne: sys_socket[PID: 695 (xmldbc)]: family:1, type:2, protocol:0
[  958.429564] firmadyne: sys_socket[PID: 696 (xmldbc)]: family:1, type:2, protocol:0
[  958.493421] firmadyne: sys_socket[PID: 697 (xmldbc)]: family:1, type:2, protocol:0
[  958.556129] firmadyne: sys_socket[PID: 698 (xmldbc)]: family:1, type:2, protocol:0
[  958.618207] firmadyne: sys_socket[PID: 699 (xmldbc)]: family:1, type:2, protocol:0
[  958.675439] firmadyne: sys_socket[PID: 700 (xmldbc)]: family:1, type:2, protocol:0
[  976.570573] firmadyne: sys_socket[PID: 701 (xmldbc)]: family:1, type:2, protocol:0
[  976.635429] firmadyne: sys_socket[PID: 702 (xmldbc)]: family:1, type:2, protocol:0
[  976.697466] firmadyne: sys_socket[PID: 703 (xmldbc)]: family:1, type:2, protocol:0
[  976.760003] firmadyne: sys_socket[PID: 704 (xmldbc)]: family:1, type:2, protocol:0
[  993.131872] firmadyne: sys_socket[PID: 705 (xmldbc)]: family:1, type:2, protocol:0
[  993.193628] firmadyne: sys_socket[PID: 706 (xmldbc)]: family:1, type:2, protocol:0
[  993.255667] firmadyne: sys_socket[PID: 707 (xmldbc)]: family:1, type:2, protocol:0
[  993.311435] firmadyne: sys_socket[PID: 708 (xmldbc)]: family:1, type:2, protocol:0
[ 1002.331822] firmadyne: sys_socket[PID: 712 (xmldbc)]: family:1, type:2, protocol:0
[ 1002.397235] firmadyne: sys_socket[PID: 713 (xmldbc)]: family:1, type:2, protocol:0
[ 1002.456593] firmadyne: sys_socket[PID: 714 (xmldbc)]: family:1, type:2, protocol:0
[ 1002.520861] firmadyne: sys_socket[PID: 715 (xmldbc)]: family:1, type:2, protocol:0
[ 1002.585107] firmadyne: sys_socket[PID: 716 (xmldbc)]: family:1, type:2, protocol:0
[ 1017.518743] firmadyne: sys_socket[PID: 717 (xmldbc)]: family:1, type:2, protocol:0
[ 1017.582880] firmadyne: sys_socket[PID: 718 (xmldbc)]: family:1, type:2, protocol:0
[ 1017.645498] firmadyne: sys_socket[PID: 719 (xmldbc)]: family:1, type:2, protocol:0
[ 1017.708704] firmadyne: sys_socket[PID: 720 (xmldbc)]: family:1, type:2, protocol:0
[ 1030.484087] firmadyne: sys_socket[PID: 721 (xmldbc)]: family:1, type:2, protocol:0
[ 1030.549437] firmadyne: sys_socket[PID: 722 (xmldbc)]: family:1, type:2, protocol:0
[ 1030.613077] firmadyne: sys_socket[PID: 723 (xmldbc)]: family:1, type:2, protocol:0
[ 1030.676927] firmadyne: sys_socket[PID: 724 (xmldbc)]: family:1, type:2, protocol:0
[ 1034.529217] firmadyne: sys_socket[PID: 725 (xmldbc)]: family:1, type:2, protocol:0
[ 1034.596979] firmadyne: sys_socket[PID: 726 (xmldbc)]: family:1, type:2, protocol:0
[ 1034.660888] firmadyne: sys_socket[PID: 727 (xmldbc)]: family:1, type:2, protocol:0
[ 1034.725031] firmadyne: sys_socket[PID: 728 (xmldbc)]: family:1, type:2, protocol:0
[ 1034.803302] firmadyne: sys_socket[PID: 729 (xmldbc)]: family:1, type:2, protocol:0
[ 1034.902205] firmadyne: sys_socket[PID: 730 (xmldbc)]: family:1, type:2, protocol:0
[ 1035.058940] firmadyne: sys_socket[PID: 734 (xmldbc)]: family:1, type:2, protocol:0
[ 1035.120704] firmadyne: sys_socket[PID: 735 (xmldbc)]: family:1, type:2, protocol:0
[ 1035.182227] firmadyne: sys_socket[PID: 736 (xmldbc)]: family:1, type:2, protocol:0
[ 1035.244365] firmadyne: sys_socket[PID: 737 (xmldbc)]: family:1, type:2, protocol:0
[ 1035.306506] firmadyne: sys_socket[PID: 738 (xmldbc)]: family:1, type:2, protocol:0
[ 1035.368369] firmadyne: sys_socket[PID: 739 (xmldbc)]: family:1, type:2, protocol:0
[ 1035.431487] firmadyne: sys_socket[PID: 740 (xmldbc)]: family:1, type:2, protocol:0
[ 1035.494446] firmadyne: sys_socket[PID: 741 (xmldbc)]: family:1, type:2, protocol:0
[ 1035.557320] firmadyne: sys_socket[PID: 742 (xmldbc)]: family:1, type:2, protocol:0
[ 1035.620917] firmadyne: sys_socket[PID: 743 (xmldbc)]: family:1, type:2, protocol:0
[ 1035.683324] firmadyne: sys_socket[PID: 744 (xmldbc)]: family:1, type:2, protocol:0
[ 1035.745229] firmadyne: sys_socket[PID: 745 (xmldbc)]: family:1, type:2, protocol:0
[ 1035.808277] firmadyne: sys_socket[PID: 746 (xmldbc)]: family:1, type:2, protocol:0
[ 1035.870032] firmadyne: sys_socket[PID: 747 (xmldbc)]: family:1, type:2, protocol:0
[ 1035.933219] firmadyne: sys_socket[PID: 748 (xmldbc)]: family:1, type:2, protocol:0
[ 1035.995529] firmadyne: sys_socket[PID: 749 (xmldbc)]: family:1, type:2, protocol:0
[ 1036.058456] firmadyne: sys_socket[PID: 750 (xmldbc)]: family:1, type:2, protocol:0
[ 1036.120307] firmadyne: sys_socket[PID: 751 (xmldbc)]: family:1, type:2, protocol:0
[ 1036.182172] firmadyne: sys_socket[PID: 752 (xmldbc)]: family:1, type:2, protocol:0
[ 1036.328706] firmadyne: sys_socket[PID: 756 (xmldbc)]: family:1, type:2, protocol:0
[ 1036.392419] firmadyne: sys_socket[PID: 757 (xmldbc)]: family:1, type:2, protocol:0
[ 1036.454049] firmadyne: sys_socket[PID: 758 (xmldbc)]: family:1, type:2, protocol:0
[ 1036.515816] firmadyne: sys_socket[PID: 759 (xmldbc)]: family:1, type:2, protocol:0
[ 1036.577406] firmadyne: sys_socket[PID: 760 (xmldbc)]: family:1, type:2, protocol:0
[ 1036.639358] firmadyne: sys_socket[PID: 761 (xmldbc)]: family:1, type:2, protocol:0
[ 1036.701187] firmadyne: sys_socket[PID: 762 (xmldbc)]: family:1, type:2, protocol:0
[ 1036.763506] firmadyne: sys_socket[PID: 763 (xmldbc)]: family:1, type:2, protocol:0
[ 1036.825129] firmadyne: sys_socket[PID: 764 (xmldbc)]: family:1, type:2, protocol:0
[ 1036.887906] firmadyne: sys_socket[PID: 765 (xmldbc)]: family:1, type:2, protocol:0
[ 1036.951558] firmadyne: sys_socket[PID: 766 (xmldbc)]: family:1, type:2, protocol:0
[ 1037.015449] firmadyne: sys_socket[PID: 767 (xmldbc)]: family:1, type:2, protocol:0
[ 1037.077584] firmadyne: sys_socket[PID: 768 (xmldbc)]: family:1, type:2, protocol:0
[ 1037.140116] firmadyne: sys_socket[PID: 769 (xmldbc)]: family:1, type:2, protocol:0
[ 1037.202093] firmadyne: sys_socket[PID: 770 (xmldbc)]: family:1, type:2, protocol:0
[ 1037.264499] firmadyne: sys_socket[PID: 771 (xmldbc)]: family:1, type:2, protocol:0
[ 1037.326935] firmadyne: sys_socket[PID: 772 (xmldbc)]: family:1, type:2, protocol:0
[ 1037.389206] firmadyne: sys_socket[PID: 773 (xmldbc)]: family:1, type:2, protocol:0
[ 1037.451791] firmadyne: sys_socket[PID: 774 (xmldbc)]: family:1, type:2, protocol:0
[ 1037.598948] firmadyne: sys_socket[PID: 778 (xmldbc)]: family:1, type:2, protocol:0
[ 1037.660959] firmadyne: sys_socket[PID: 779 (xmldbc)]: family:1, type:2, protocol:0
[ 1037.724246] firmadyne: sys_socket[PID: 780 (xmldbc)]: family:1, type:2, protocol:0
[ 1037.786731] firmadyne: sys_socket[PID: 781 (xmldbc)]: family:1, type:2, protocol:0
[ 1037.848222] firmadyne: sys_socket[PID: 782 (xmldbc)]: family:1, type:2, protocol:0
[ 1037.910817] firmadyne: sys_socket[PID: 783 (xmldbc)]: family:1, type:2, protocol:0
[ 1037.974410] firmadyne: sys_socket[PID: 784 (xmldbc)]: family:1, type:2, protocol:0
[ 1038.036588] firmadyne: sys_socket[PID: 785 (xmldbc)]: family:1, type:2, protocol:0
[ 1038.099287] firmadyne: sys_socket[PID: 786 (xmldbc)]: family:1, type:2, protocol:0
[ 1038.161555] firmadyne: sys_socket[PID: 787 (xmldbc)]: family:1, type:2, protocol:0
[ 1038.224728] firmadyne: sys_socket[PID: 788 (xmldbc)]: family:1, type:2, protocol:0
[ 1038.287861] firmadyne: sys_socket[PID: 789 (xmldbc)]: family:1, type:2, protocol:0
[ 1038.350043] firmadyne: sys_socket[PID: 790 (xmldbc)]: family:1, type:2, protocol:0
[ 1038.412930] firmadyne: sys_socket[PID: 791 (xmldbc)]: family:1, type:2, protocol:0
[ 1038.475358] firmadyne: sys_socket[PID: 792 (xmldbc)]: family:1, type:2, protocol:0
[ 1038.537643] firmadyne: sys_socket[PID: 793 (xmldbc)]: family:1, type:2, protocol:0
[ 1038.600606] firmadyne: sys_socket[PID: 794 (xmldbc)]: family:1, type:2, protocol:0
[ 1038.663437] firmadyne: sys_socket[PID: 795 (xmldbc)]: family:1, type:2, protocol:0
[ 1038.725396] firmadyne: sys_socket[PID: 796 (xmldbc)]: family:1, type:2, protocol:0
[ 1038.872986] firmadyne: sys_socket[PID: 800 (xmldbc)]: family:1, type:2, protocol:0
[ 1038.935934] firmadyne: sys_socket[PID: 801 (xmldbc)]: family:1, type:2, protocol:0
[ 1039.000707] firmadyne: sys_socket[PID: 802 (xmldbc)]: family:1, type:2, protocol:0
[ 1039.061393] firmadyne: sys_socket[PID: 803 (xmldbc)]: family:1, type:2, protocol:0
[ 1039.122513] firmadyne: sys_socket[PID: 804 (xmldbc)]: family:1, type:2, protocol:0
[ 1039.183949] firmadyne: sys_socket[PID: 805 (xmldbc)]: family:1, type:2, protocol:0
[ 1039.246359] firmadyne: sys_socket[PID: 806 (xmldbc)]: family:1, type:2, protocol:0
[ 1039.308720] firmadyne: sys_socket[PID: 807 (xmldbc)]: family:1, type:2, protocol:0
[ 1039.370618] firmadyne: sys_socket[PID: 808 (xmldbc)]: family:1, type:2, protocol:0
[ 1039.431909] firmadyne: sys_socket[PID: 809 (xmldbc)]: family:1, type:2, protocol:0
[ 1039.494267] firmadyne: sys_socket[PID: 810 (xmldbc)]: family:1, type:2, protocol:0
[ 1039.556401] firmadyne: sys_socket[PID: 811 (xmldbc)]: family:1, type:2, protocol:0
[ 1039.618361] firmadyne: sys_socket[PID: 812 (xmldbc)]: family:1, type:2, protocol:0
[ 1039.679730] firmadyne: sys_socket[PID: 813 (xmldbc)]: family:1, type:2, protocol:0
[ 1039.743670] firmadyne: sys_socket[PID: 814 (xmldbc)]: family:1, type:2, protocol:0
[ 1039.805061] firmadyne: sys_socket[PID: 815 (xmldbc)]: family:1, type:2, protocol:0
[ 1039.866436] firmadyne: sys_socket[PID: 816 (xmldbc)]: family:1, type:2, protocol:0
[ 1039.928890] firmadyne: sys_socket[PID: 817 (xmldbc)]: family:1, type:2, protocol:0
[ 1039.997023] firmadyne: sys_socket[PID: 818 (xmldbc)]: family:1, type:2, protocol:0
[ 1040.145287] firmadyne: sys_socket[PID: 822 (xmldbc)]: family:1, type:2, protocol:0
[ 1040.208567] firmadyne: sys_socket[PID: 823 (xmldbc)]: family:1, type:2, protocol:0
[ 1040.271279] firmadyne: sys_socket[PID: 824 (xmldbc)]: family:1, type:2, protocol:0
[ 1040.333429] firmadyne: sys_socket[PID: 825 (xmldbc)]: family:1, type:2, protocol:0
[ 1040.397440] firmadyne: sys_socket[PID: 826 (xmldbc)]: family:1, type:2, protocol:0
[ 1040.460003] firmadyne: sys_socket[PID: 827 (xmldbc)]: family:1, type:2, protocol:0
[ 1040.522827] firmadyne: sys_socket[PID: 828 (xmldbc)]: family:1, type:2, protocol:0
[ 1040.585486] firmadyne: sys_socket[PID: 829 (xmldbc)]: family:1, type:2, protocol:0
[ 1040.648114] firmadyne: sys_socket[PID: 830 (xmldbc)]: family:1, type:2, protocol:0
[ 1040.710822] firmadyne: sys_socket[PID: 831 (xmldbc)]: family:1, type:2, protocol:0
[ 1040.773021] firmadyne: sys_socket[PID: 832 (xmldbc)]: family:1, type:2, protocol:0
[ 1040.835137] firmadyne: sys_socket[PID: 833 (xmldbc)]: family:1, type:2, protocol:0
[ 1040.897622] firmadyne: sys_socket[PID: 834 (xmldbc)]: family:1, type:2, protocol:0
[ 1040.960217] firmadyne: sys_socket[PID: 835 (xmldbc)]: family:1, type:2, protocol:0
[ 1041.023964] firmadyne: sys_socket[PID: 836 (xmldbc)]: family:1, type:2, protocol:0
[ 1041.085780] firmadyne: sys_socket[PID: 837 (xmldbc)]: family:1, type:2, protocol:0
[ 1041.148020] firmadyne: sys_socket[PID: 838 (xmldbc)]: family:1, type:2, protocol:0
[ 1041.209109] firmadyne: sys_socket[PID: 839 (xmldbc)]: family:1, type:2, protocol:0
[ 1041.271560] firmadyne: sys_socket[PID: 840 (xmldbc)]: family:1, type:2, protocol:0
[ 1041.415657] firmadyne: sys_socket[PID: 844 (xmldbc)]: family:1, type:2, protocol:0
[ 1041.478329] firmadyne: sys_socket[PID: 845 (xmldbc)]: family:1, type:2, protocol:0
[ 1041.539722] firmadyne: sys_socket[PID: 846 (xmldbc)]: family:1, type:2, protocol:0
[ 1041.601008] firmadyne: sys_socket[PID: 847 (xmldbc)]: family:1, type:2, protocol:0
[ 1041.663193] firmadyne: sys_socket[PID: 848 (xmldbc)]: family:1, type:2, protocol:0
[ 1041.723699] firmadyne: sys_socket[PID: 849 (xmldbc)]: family:1, type:2, protocol:0
[ 1041.784427] firmadyne: sys_socket[PID: 850 (xmldbc)]: family:1, type:2, protocol:0
[ 1041.845216] firmadyne: sys_socket[PID: 851 (xmldbc)]: family:1, type:2, protocol:0
[ 1041.907627] firmadyne: sys_socket[PID: 852 (xmldbc)]: family:1, type:2, protocol:0
[ 1041.969384] firmadyne: sys_socket[PID: 853 (xmldbc)]: family:1, type:2, protocol:0
[ 1042.033294] firmadyne: sys_socket[PID: 854 (xmldbc)]: family:1, type:2, protocol:0
[ 1042.095548] firmadyne: sys_socket[PID: 855 (xmldbc)]: family:1, type:2, protocol:0
[ 1042.156887] firmadyne: sys_socket[PID: 856 (xmldbc)]: family:1, type:2, protocol:0
[ 1042.218338] firmadyne: sys_socket[PID: 857 (xmldbc)]: family:1, type:2, protocol:0
[ 1042.281161] firmadyne: sys_socket[PID: 858 (xmldbc)]: family:1, type:2, protocol:0
[ 1042.343931] firmadyne: sys_socket[PID: 859 (xmldbc)]: family:1, type:2, protocol:0
[ 1042.407116] firmadyne: sys_socket[PID: 860 (xmldbc)]: family:1, type:2, protocol:0
[ 1042.469532] firmadyne: sys_socket[PID: 861 (xmldbc)]: family:1, type:2, protocol:0
[ 1042.532263] firmadyne: sys_socket[PID: 862 (xmldbc)]: family:1, type:2, protocol:0
[ 1042.680178] firmadyne: sys_socket[PID: 866 (xmldbc)]: family:1, type:2, protocol:0
[ 1042.743010] firmadyne: sys_socket[PID: 867 (xmldbc)]: family:1, type:2, protocol:0
[ 1042.805171] firmadyne: sys_socket[PID: 868 (xmldbc)]: family:1, type:2, protocol:0
[ 1042.867672] firmadyne: sys_socket[PID: 869 (xmldbc)]: family:1, type:2, protocol:0
[ 1042.930562] firmadyne: sys_socket[PID: 870 (xmldbc)]: family:1, type:2, protocol:0
[ 1042.993621] firmadyne: sys_socket[PID: 871 (xmldbc)]: family:1, type:2, protocol:0
[ 1043.057353] firmadyne: sys_socket[PID: 872 (xmldbc)]: family:1, type:2, protocol:0
[ 1043.120834] firmadyne: sys_socket[PID: 873 (xmldbc)]: family:1, type:2, protocol:0
[ 1043.183850] firmadyne: sys_socket[PID: 874 (xmldbc)]: family:1, type:2, protocol:0
[ 1043.247166] firmadyne: sys_socket[PID: 875 (xmldbc)]: family:1, type:2, protocol:0
[ 1043.310626] firmadyne: sys_socket[PID: 876 (xmldbc)]: family:1, type:2, protocol:0
[ 1043.373719] firmadyne: sys_socket[PID: 877 (xmldbc)]: family:1, type:2, protocol:0
[ 1043.437386] firmadyne: sys_socket[PID: 878 (xmldbc)]: family:1, type:2, protocol:0
[ 1043.500629] firmadyne: sys_socket[PID: 879 (xmldbc)]: family:1, type:2, protocol:0
[ 1043.563345] firmadyne: sys_socket[PID: 880 (xmldbc)]: family:1, type:2, protocol:0
[ 1043.625739] firmadyne: sys_socket[PID: 881 (xmldbc)]: family:1, type:2, protocol:0
[ 1043.689197] firmadyne: sys_socket[PID: 882 (xmldbc)]: family:1, type:2, protocol:0
[ 1043.752380] firmadyne: sys_socket[PID: 883 (xmldbc)]: family:1, type:2, protocol:0
[ 1043.815494] firmadyne: sys_socket[PID: 884 (xmldbc)]: family:1, type:2, protocol:0
[ 1043.963641] firmadyne: sys_socket[PID: 888 (xmldbc)]: family:1, type:2, protocol:0
[ 1044.026148] firmadyne: sys_socket[PID: 889 (xmldbc)]: family:1, type:2, protocol:0
[ 1044.090120] firmadyne: sys_socket[PID: 890 (xmldbc)]: family:1, type:2, protocol:0
[ 1044.152493] firmadyne: sys_socket[PID: 891 (xmldbc)]: family:1, type:2, protocol:0
[ 1044.214856] firmadyne: sys_socket[PID: 892 (xmldbc)]: family:1, type:2, protocol:0
[ 1044.277061] firmadyne: sys_socket[PID: 893 (xmldbc)]: family:1, type:2, protocol:0
[ 1044.339299] firmadyne: sys_socket[PID: 894 (xmldbc)]: family:1, type:2, protocol:0
[ 1044.402889] firmadyne: sys_socket[PID: 895 (xmldbc)]: family:1, type:2, protocol:0
[ 1044.465637] firmadyne: sys_socket[PID: 896 (xmldbc)]: family:1, type:2, protocol:0
[ 1044.528530] firmadyne: sys_socket[PID: 897 (xmldbc)]: family:1, type:2, protocol:0
[ 1044.590950] firmadyne: sys_socket[PID: 898 (xmldbc)]: family:1, type:2, protocol:0
[ 1044.653149] firmadyne: sys_socket[PID: 899 (xmldbc)]: family:1, type:2, protocol:0
[ 1044.715971] firmadyne: sys_socket[PID: 900 (xmldbc)]: family:1, type:2, protocol:0
[ 1044.777629] firmadyne: sys_socket[PID: 901 (xmldbc)]: family:1, type:2, protocol:0
[ 1044.834173] firmadyne: sys_socket[PID: 902 (xmldbc)]: family:1, type:2, protocol:0
[ 1044.895377] firmadyne: sys_socket[PID: 903 (xmldbc)]: family:1, type:2, protocol:0
[ 1044.956459] firmadyne: sys_socket[PID: 904 (xmldbc)]: family:1, type:2, protocol:0
[ 1045.018697] firmadyne: sys_socket[PID: 905 (xmldbc)]: family:1, type:2, protocol:0
[ 1045.080771] firmadyne: sys_socket[PID: 906 (xmldbc)]: family:1, type:2, protocol:0
[ 1045.229202] firmadyne: sys_socket[PID: 910 (xmldbc)]: family:1, type:2, protocol:0
[ 1045.296056] firmadyne: sys_socket[PID: 911 (xmldbc)]: family:1, type:2, protocol:0
[ 1045.359901] firmadyne: sys_socket[PID: 912 (xmldbc)]: family:1, type:2, protocol:0
[ 1045.422454] firmadyne: sys_socket[PID: 913 (xmldbc)]: family:1, type:2, protocol:0
[ 1045.484167] firmadyne: sys_socket[PID: 914 (xmldbc)]: family:1, type:2, protocol:0
[ 1045.546361] firmadyne: sys_socket[PID: 915 (xmldbc)]: family:1, type:2, protocol:0
[ 1045.608440] firmadyne: sys_socket[PID: 916 (xmldbc)]: family:1, type:2, protocol:0
[ 1045.670803] firmadyne: sys_socket[PID: 917 (xmldbc)]: family:1, type:2, protocol:0
[ 1045.733449] firmadyne: sys_socket[PID: 918 (xmldbc)]: family:1, type:2, protocol:0
[ 1045.796279] firmadyne: sys_socket[PID: 919 (xmldbc)]: family:1, type:2, protocol:0
[ 1045.858746] firmadyne: sys_socket[PID: 920 (xmldbc)]: family:1, type:2, protocol:0
[ 1045.921180] firmadyne: sys_socket[PID: 921 (xmldbc)]: family:1, type:2, protocol:0
[ 1045.983733] firmadyne: sys_socket[PID: 922 (xmldbc)]: family:1, type:2, protocol:0
[ 1046.045701] firmadyne: sys_socket[PID: 923 (xmldbc)]: family:1, type:2, protocol:0
[ 1046.108497] firmadyne: sys_socket[PID: 924 (xmldbc)]: family:1, type:2, protocol:0
[ 1046.174341] firmadyne: sys_socket[PID: 925 (xmldbc)]: family:1, type:2, protocol:0
[ 1046.236269] firmadyne: sys_socket[PID: 926 (xmldbc)]: family:1, type:2, protocol:0
[ 1046.299022] firmadyne: sys_socket[PID: 927 (xmldbc)]: family:1, type:2, protocol:0
[ 1046.360826] firmadyne: sys_socket[PID: 928 (xmldbc)]: family:1, type:2, protocol:0
[ 1046.558908] firmadyne: sys_socket[PID: 933 (xmldbc)]: family:1, type:2, protocol:0
[ 1046.621644] firmadyne: sys_socket[PID: 934 (xmldbc)]: family:1, type:2, protocol:0
[ 1046.684078] firmadyne: sys_socket[PID: 935 (xmldbc)]: family:1, type:2, protocol:0
[ 1046.746644] firmadyne: sys_socket[PID: 936 (xmldbc)]: family:1, type:2, protocol:0
[ 1046.808850] firmadyne: sys_socket[PID: 937 (xmldbc)]: family:1, type:2, protocol:0
[ 1046.871416] firmadyne: sys_socket[PID: 938 (xmldbc)]: family:1, type:2, protocol:0
[ 1047.018943] firmadyne: sys_socket[PID: 942 (xmldbc)]: family:1, type:2, protocol:0
[ 1047.081030] firmadyne: sys_socket[PID: 943 (xmldbc)]: family:1, type:2, protocol:0
[ 1047.145087] firmadyne: sys_socket[PID: 944 (xmldbc)]: family:1, type:2, protocol:0
[ 1047.207885] firmadyne: sys_socket[PID: 945 (xmldbc)]: family:1, type:2, protocol:0
[ 1047.270133] firmadyne: sys_socket[PID: 946 (xmldbc)]: family:1, type:2, protocol:0
[ 1047.332358] firmadyne: sys_socket[PID: 947 (xmldbc)]: family:1, type:2, protocol:0
[ 1047.520593] firmadyne: sys_socket[PID: 952 (xmldbc)]: family:1, type:2, protocol:0
[ 1047.666885] firmadyne: sys_socket[PID: 956 (xmldbc)]: family:1, type:2, protocol:0
[ 1047.811776] firmadyne: sys_socket[PID: 960 (xmldbc)]: family:1, type:2, protocol:0
[ 1047.958147] firmadyne: sys_socket[PID: 964 (xmldbc)]: family:1, type:2, protocol:0
[ 1048.096895] firmadyne: sys_socket[PID: 968 (xmldbc)]: family:1, type:2, protocol:0
[ 1048.249707] firmadyne: sys_socket[PID: 972 (xmldbc)]: family:1, type:2, protocol:0
[ 1048.396681] firmadyne: sys_socket[PID: 976 (xmldbc)]: family:1, type:2, protocol:0
[ 1048.542544] firmadyne: sys_socket[PID: 980 (xmldbc)]: family:1, type:2, protocol:0
[ 1048.688271] firmadyne: sys_socket[PID: 984 (xmldbc)]: family:1, type:2, protocol:0
[ 1048.834058] firmadyne: sys_socket[PID: 988 (xmldbc)]: family:1, type:2, protocol:0
[ 1048.979620] firmadyne: sys_socket[PID: 992 (xmldbc)]: family:1, type:2, protocol:0
[ 1049.126301] firmadyne: sys_socket[PID: 996 (xmldbc)]: family:1, type:2, protocol:0
[ 1049.272645] firmadyne: sys_socket[PID: 1000 (xmldbc)]: family:1, type:2, protocol:0
[ 1049.419101] firmadyne: sys_socket[PID: 1004 (xmldbc)]: family:1, type:2, protocol:0
[ 1049.565491] firmadyne: sys_socket[PID: 1008 (xmldbc)]: family:1, type:2, protocol:0
[ 1049.712450] firmadyne: sys_socket[PID: 1012 (xmldbc)]: family:1, type:2, protocol:0
[ 1049.858648] firmadyne: sys_socket[PID: 1016 (xmldbc)]: family:1, type:2, protocol:0
[ 1050.005156] firmadyne: sys_socket[PID: 1020 (xmldbc)]: family:1, type:2, protocol:0
[ 1050.151160] firmadyne: sys_socket[PID: 1024 (xmldbc)]: family:1, type:2, protocol:0
[ 1050.298712] firmadyne: sys_socket[PID: 1028 (xmldbc)]: family:1, type:2, protocol:0
[ 1050.445729] firmadyne: sys_socket[PID: 1032 (xmldbc)]: family:1, type:2, protocol:0
[ 1050.591511] firmadyne: sys_socket[PID: 1036 (xmldbc)]: family:1, type:2, protocol:0
[ 1050.735834] firmadyne: sys_socket[PID: 1040 (xmldbc)]: family:1, type:2, protocol:0
[ 1050.882456] firmadyne: sys_socket[PID: 1044 (xmldbc)]: family:1, type:2, protocol:0
[ 1051.029523] firmadyne: sys_socket[PID: 1048 (xmldbc)]: family:1, type:2, protocol:0
[ 1051.176783] firmadyne: sys_socket[PID: 1052 (xmldbc)]: family:1, type:2, protocol:0
[ 1051.324624] firmadyne: sys_socket[PID: 1056 (xmldbc)]: family:1, type:2, protocol:0
[ 1051.471572] firmadyne: sys_socket[PID: 1060 (xmldbc)]: family:1, type:2, protocol:0
[ 1051.612772] firmadyne: sys_socket[PID: 1064 (xmldbc)]: family:1, type:2, protocol:0
[ 1051.758369] firmadyne: sys_socket[PID: 1068 (xmldbc)]: family:1, type:2, protocol:0
[ 1051.905352] firmadyne: sys_socket[PID: 1072 (xmldbc)]: family:1, type:2, protocol:0
[ 1052.052804] firmadyne: sys_socket[PID: 1076 (xmldbc)]: family:1, type:2, protocol:0
[ 1052.200092] firmadyne: sys_socket[PID: 1080 (xmldbc)]: family:1, type:2, protocol:0
[ 1052.263625] firmadyne: sys_socket[PID: 1081 (xmldbc)]: family:1, type:2, protocol:0
[ 1052.326359] firmadyne: sys_socket[PID: 1082 (xmldbc)]: family:1, type:2, protocol:0
[ 1052.389780] firmadyne: sys_socket[PID: 1083 (xmldbc)]: family:1, type:2, protocol:0
[ 1052.452691] firmadyne: sys_socket[PID: 1084 (xmldbc)]: family:1, type:2, protocol:0
[ 1052.510829] firmadyne: sys_socket[PID: 1085 (xmldbc)]: family:1, type:2, protocol:0
[ 1052.573527] firmadyne: sys_socket[PID: 1086 (xmldbc)]: family:1, type:2, protocol:0
[ 1052.636786] firmadyne: sys_socket[PID: 1087 (xmldbc)]: family:1, type:2, protocol:0
[ 1052.700053] firmadyne: sys_socket[PID: 1088 (xmldbc)]: family:1, type:2, protocol:0
PHP [/etc/defnodes/S11setnodes.php] ...
[ 1052.827978] firmadyne: sys_socket[PID: 1091 (rgdb)]: family:1, type:2, protocol:0
PHP [/etc/defnodes/S12features.php] ...
[ 1053.745364] firmadyne: sys_socket[PID: 1104 (rgdb)]: family:1, type:2, protocol:0
PHP [/etc/defnodes/S13flashspeed.php] ...
[ 1053.883650] firmadyne: sys_socket[PID: 1107 (rgdb)]: family:1, type:2, protocol:0
PHP [/etc/defnodes/S20setnodes.php] ...
[ 1054.155171] firmadyne: sys_socket[PID: 1112 (rgdb)]: family:1, type:2, protocol:0
[ 1054.648884] UDF-fs: warning (device mtdblock4): udf_fill_super: No partition found (2)
mount: mounting /dev/mtdblock/4 on /www/locale/alt failed: Invalid argument
PHP [/etc/defnodes/S40brand.php] ...
[ 1054.768117] firmadyne: sys_socket[PID: 1124 (rgdb)]: family:1, type:2, protocol:0
[/etc/scripts/misc/defnodes.sh] Done !!
[/etc/scripts/misc/profile.sh] put ...
[ 1055.489361] firmadyne: sys_socket[PID: 1132 (rgdb)]: family:1, type:2, protocol:0
ok
[ 1056.575215] firmadyne: sys_socket[PID: 1138 (rgdb)]: family:1, type:2, protocol:0
[ 1056.655985] firmadyne: sys_socket[PID: 1140 (rgdb)]: family:1, type:2, protocol:0
[/etc/templates/timezone.sh] ...
[ 1056.843809] firmadyne: sys_socket[PID: 1145 (rgdb)]: family:1, type:2, protocol:0
[ 1057.050385] firmadyne: sys_socket[PID: 1150 (rgdb)]: family:1, type:2, protocol:0
[ 1061.355021] firmadyne: sys_socket[PID: 1154 (rgdb)]: family:1, type:2, protocol:0
[ 1061.444815] firmadyne: sys_socket[PID: 1156 (rgdb)]: family:1, type:2, protocol:0
[ 1061.535874] firmadyne: sys_socket[PID: 1158 (rgdb)]: family:1, type:2, protocol:0
[ 1061.626258] firmadyne: sys_socket[PID: 1160 (rgdb)]: family:1, type:2, protocol:0
[ 1061.716592] firmadyne: sys_socket[PID: 1162 (rgdb)]: family:1, type:2, protocol:0
[ 1061.807850] firmadyne: sys_socket[PID: 1164 (rgdb)]: family:1, type:2, protocol:0
[ 1061.898865] firmadyne: sys_socket[PID: 1166 (rgdb)]: family:1, type:2, protocol:0
[ 1061.990923] firmadyne: sys_socket[PID: 1168 (rgdb)]: family:1, type:2, protocol:0
[ 1062.081773] firmadyne: sys_socket[PID: 1170 (rgdb)]: family:1, type:2, protocol:0
[ 1062.172856] firmadyne: sys_socket[PID: 1172 (rgdb)]: family:1, type:2, protocol:0
[ 1062.264544] firmadyne: sys_socket[PID: 1174 (rgdb)]: family:1, type:2, protocol:0
[/etc/templates/logs.sh] ...
[ 1063.327316] firmadyne: sys_socket[PID: 1202 (rgdb)]: family:1, type:2, protocol:0
[ 1063.435306] firmadyne: sys_socket[PID: 1204 (rgdb)]: family:1, type:2, protocol:0
[/var/run/logs_run.sh] ...
[ 1064.091504] firmadyne: sys_socket[PID: 1209 (syslogd)]: family:1, type:1, protocol:0
[ 1064.261285] firmadyne: sys_socket[PID: 1214 (rgdb)]: family:1, type:2, protocol:0
[ 1064.488110] firmadyne: sys_socket[PID: 1218 (ifconfig)]: family:2, type:1, protocol:0
[ 1064.568671] 8021q: adding VLAN 0 to HW filter on device eth0
[ 1064.635744] e1000: eth0 NIC Link is Up 1000 Mbps Full Duplex, Flow Control: RX
[ 1067.749813] firmadyne: sys_socket[PID: 1220 (rgdb)]: family:1, type:2, protocol:0
[ 1068.107934] firmadyne: sys_socket[PID: 1232 (rgdb)]: family:1, type:2, protocol:0
[ 1068.312193] firmadyne: sys_socket[PID: 1238 (rgdb)]: family:1, type:2, protocol:0
[ 1068.338859] firmadyne: sys_socket[PID: 1239 (ifconfig)]: family:2, type:1, protocol:0
[ 1068.341182] firmadyne: __inet_insert_ifa[PID: 1239 (ifconfig)]: device:lo ifa:0x7f000001
[ 1068.403095] firmadyne: sys_socket[PID: 1240 (brctl)]: family:2, type:2, protocol:0
[ 1068.516372] firmadyne: sys_socket[PID: 1243 (brctl)]: family:2, type:2, protocol:0
[ 1068.520747] firmadyne: sys_socket[PID: 1243 (brctl)]: family:10, type:1, protocol:0
[ 1068.579930] firmadyne: sys_socket[PID: 1244 (brctl)]: family:2, type:2, protocol:0
[ 1068.584221] firmadyne: sys_socket[PID: 1244 (brctl)]: family:10, type:1, protocol:0
[/etc/init.d/S03config.sh] done!
[/etc/init.d/S10system.sh]
start Layout ...
[/etc/scripts/layout.sh] start ...
[ 1068.985119] firmadyne: sys_socket[PID: 1254 (rgdb)]: family:1, type:2, protocol:0
[ 1069.127214] firmadyne: sys_socket[PID: 1255 (rgdb)]: family:1, type:2, protocol:0
[/var/run/layout_start.sh] ...
Start bridge layout ...
[ 1069.297451] firmadyne: sys_socket[PID: 1259 (ifconfig)]: family:2, type:1, protocol:0
[ 1069.350633] firmadyne: sys_socket[PID: 1260 (brctl)]: family:2, type:2, protocol:0
[ 1069.354970] firmadyne: sys_socket[PID: 1260 (brctl)]: family:10, type:1, protocol:0
[ 1069.357811] firmadyne: sys_socket[PID: 1260 (brctl)]: family:10, type:1, protocol:0
[ 1069.360847] firmadyne: br_add_if[PID: 1260 (brctl)]: br:br0 dev:eth0
[ 1069.367932] device eth0 entered promiscuous mode
[ 1069.470735] firmadyne: sys_socket[PID: 1263 (xmldbc)]: family:1, type:2, protocol:0
[ 1069.561165] firmadyne: sys_socket[PID: 1266 (ifconfig)]: family:2, type:1, protocol:0
[ 1069.563331] br0: port 1(eth0) entered forwarding state
[ 1069.564270] br0: port 1(eth0) entered forwarding state
[ 1069.619131] firmadyne: sys_socket[PID: 1267 (rgdb)]: family:1, type:2, protocol:0
start LAN ...
[/etc/templates/lan.sh] ...
[ 1069.794600] firmadyne: sys_socket[PID: 1272 (rgdb)]: family:1, type:2, protocol:0
[ 1069.951395] firmadyne: sys_socket[PID: 1275 (rgdb)]: family:1, type:2, protocol:0
[ 1070.067771] firmadyne: sys_socket[PID: 1276 (rgdb)]: family:1, type:2, protocol:0
[/var/run/lan_start.sh] ...
Bridge mode selected, LAN is disabled !
start web server ...
[/etc/templates/webs.sh] start ...
[ 1070.381329] firmadyne: sys_socket[PID: 1284 (rgdb)]: family:1, type:2, protocol:0
[ 1070.473505] firmadyne: sys_socket[PID: 1286 (rgdb)]: family:1, type:2, protocol:0
[ 1070.627153] firmadyne: sys_socket[PID: 1289 (rgdb)]: family:1, type:2, protocol:0
[ 1070.794106] firmadyne: sys_socket[PID: 1290 (rgdb)]: family:1, type:2, protocol:0
[/var/run/webs_start.sh] ...
Starting HTTPD ...
start eth0 vlan setup ...
/etc/scripts/eth_vlan.sh: not found
[ 1071.220532] firmadyne: sys_socket[PID: 1300 (rgdb)]: family:1, type:2, protocol:0
[ 1071.254273] firmadyne: sys_socket[PID: 1301 (rgdb)]: family:1, type:2, protocol:0
[ 1071.476394] firmadyne: sys_socket[PID: 1302 (rgdb)]: family:1, type:2, protocol:0
#!/bin/sh
echo [$0] ... > /dev/console

# limitedadmin.php <<<

limitedadmin.sh...
[ 1071.805254] firmadyne: sys_socket[PID: 1306 (brctl)]: family:2, type:2, protocol:0
[ 1071.812977] firmadyne: sys_socket[PID: 1306 (brctl)]: family:10, type:1, protocol:0
[ 1071.926759] firmadyne: sys_socket[PID: 1307 (brctl)]: family:2, type:2, protocol:0
[ 1071.934332] firmadyne: sys_socket[PID: 1307 (brctl)]: family:10, type:1, protocol:0
[ 1072.047602] firmadyne: sys_socket[PID: 1308 (brctl)]: family:2, type:2, protocol:0
[ 1072.055322] firmadyne: sys_socket[PID: 1308 (brctl)]: family:10, type:1, protocol:0
[ 1072.170656] firmadyne: sys_socket[PID: 1309 (brctl)]: family:2, type:2, protocol:0
[ 1072.178222] firmadyne: sys_socket[PID: 1309 (brctl)]: family:10, type:1, protocol:0
[ 1072.291682] firmadyne: sys_socket[PID: 1310 (brctl)]: family:2, type:2, protocol:0
[ 1072.299397] firmadyne: sys_socket[PID: 1310 (brctl)]: family:10, type:1, protocol:0
[ 1072.406278] firmadyne: sys_socket[PID: 1311 (brctl)]: family:2, type:2, protocol:0
[ 1072.409101] firmadyne: sys_socket[PID: 1311 (brctl)]: family:10, type:1, protocol:0
start fresetd ...
enable LAN ports ...
[ 1072.704880] firmadyne: sys_socket[PID: 1313 (servd)]: family:1, type:2, protocol:0
Factory reset time : 5 secs
System reset time  : 1 secs
WPS command : [/etc/templates/wps.sh pbc &]
[ 1072.826776] firmadyne: sys_socket[PID: 1304 (httpd)]: family:10, type:2, protocol:6
[ 1072.828234] firmadyne: sys_setsockopt[PID: 1304 (httpd)]: fd:4, level:65535, optname:4
/dev/gpio: No such device or address
[ 1072.900402] firmadyne: sys_socket[PID: 1316 (fresetd)]: family:1, type:1, protocol:0
[/etc/scripts/enlan.sh] ...
 Generate channel table according to the country code...
[ 1073.044560] firmadyne: sys_socket[PID: 1326 (httpd)]: family:1, type:1, protocol:0
[ 1073.109766] firmadyne: sys_socket[PID: 1329 (genchanneltable)]: family:1, type:2, protocol:0
[ 1073.128195] firmadyne: sys_socket[PID: 1329 (genchanneltable)]: family:1, type:2, protocol:0
[ 1073.134210] firmadyne: sys_socket[PID: 1329 (genchanneltable)]: family:1, type:2, protocol:0
[ 1073.155387] firmadyne: sys_socket[PID: 1330 (getsys)]: family:1, type:2, protocol:0
UNKNOW country code!! Use USA for default!!
[ 1073.269354] firmadyne: sys_socket[PID: 1329 (genchanneltable)]: family:1, type:2, protocol:0
[ 1073.273223] firmadyne: sys_socket[PID: 1330 (getsys)]: family:1, type:2, protocol:0
[ 1073.281722] firmadyne: sys_socket[PID: 1330 (getsys)]: family:1, type:2, protocol:0
[ 1073.289182] firmadyne: sys_socket[PID: 1329 (genchanneltable)]: family:1, type:2, protocol:0
[ 1073.293744] firmadyne: sys_socket[PID: 1330 (getsys)]: family:1, type:2, protocol:0
[ 1073.300940] firmadyne: sys_socket[PID: 1329 (genchanneltable)]: family:1, type:2, protocol:0
[ 1073.305422] firmadyne: sys_socket[PID: 1330 (getsys)]: family:1, type:2, protocol:0
[ 1073.312783] firmadyne: sys_socket[PID: 1329 (genchanneltable)]: family:1, type:2, protocol:0
[ 1073.318271] firmadyne: sys_socket[PID: 1330 (getsys)]: family:1, type:2, protocol:0
[ 1073.324899] firmadyne: sys_socket[PID: 1329 (genchanneltable)]: family:1, type:2, protocol:0
[ 1073.329352] firmadyne: sys_socket[PID: 1330 (getsys)]: family:1, type:2, protocol:0
[ 1073.336621] firmadyne: sys_socket[PID: 1329 (genchanneltable)]: family:1, type:2, protocol:0
[ 1073.341702] firmadyne: sys_socket[PID: 1330 (getsys)]: family:1, type:2, protocol:0
[ 1073.348930] firmadyne: sys_socket[PID: 1329 (genchanneltable)]: family:1, type:2, protocol:0
[ 1073.354736] firmadyne: sys_socket[PID: 1330 (getsys)]: family:1, type:2, protocol:0
[ 1073.362343] firmadyne: sys_socket[PID: 1329 (genchanneltable)]: family:1, type:2, protocol:0
[ 1073.366824] firmadyne: sys_socket[PID: 1330 (getsys)]: family:1, type:2, protocol:0
[ 1073.374327] firmadyne: sys_socket[PID: 1329 (genchanneltable)]: family:1, type:2, protocol:0
[ 1073.378674] firmadyne: sys_socket[PID: 1330 (getsys)]: family:1, type:2, protocol:0
[ 1073.386237] firmadyne: sys_socket[PID: 1329 (genchanneltable)]: family:1, type:2, protocol:0
[ 1073.390591] firmadyne: sys_socket[PID: 1330 (getsys)]: family:1, type:2, protocol:0
[ 1073.397827] firmadyne: sys_socket[PID: 1329 (genchanneltable)]: family:1, type:2, protocol:0
[ 1073.402564] firmadyne: sys_socket[PID: 1330 (getsys)]: family:1, type:2, protocol:0
[ 1073.410172] firmadyne: sys_socket[PID: 1329 (genchanneltable)]: family:1, type:2, protocol:0
[ 1073.414578] firmadyne: sys_socket[PID: 1330 (getsys)]: family:1, type:2, protocol:0
[ 1073.421816] firmadyne: sys_socket[PID: 1329 (genchanneltable)]: family:1, type:2, protocol:0
[ 1073.426564] firmadyne: sys_socket[PID: 1330 (getsys)]: family:1, type:2, protocol:0
[ 1073.433718] firmadyne: sys_socket[PID: 1329 (genchanneltable)]: family:1, type:2, protocol:0
[ 1073.438442] firmadyne: sys_socket[PID: 1330 (getsys)]: family:1, type:2, protocol:0
[ 1073.445661] firmadyne: sys_socket[PID: 1329 (genchanneltable)]: family:1, type:2, protocol:0
[ 1073.450388] firmadyne: sys_socket[PID: 1330 (getsys)]: family:1, type:2, protocol:0
[ 1073.457566] firmadyne: sys_socket[PID: 1329 (genchanneltable)]: family:1, type:2, protocol:0
[ 1073.469196] firmadyne: sys_socket[PID: 1329 (genchanneltable)]: family:1, type:2, protocol:0
[ 1073.471798] firmadyne: sys_socket[PID: 1330 (getsys)]: family:1, type:2, protocol:0
[ 1073.480292] firmadyne: sys_socket[PID: 1329 (genchanneltable)]: family:1, type:2, protocol:0
[ 1073.497256] firmadyne: sys_socket[PID: 1329 (genchanneltable)]: family:1, type:2, protocol:0
[ 1073.511881] firmadyne: sys_socket[PID: 1329 (genchanneltable)]: family:1, type:2, protocol:0
[ 1073.518643] firmadyne: sys_socket[PID: 1329 (genchanneltable)]: family:1, type:2, protocol:0
[ 1073.525361] firmadyne: sys_socket[PID: 1329 (genchanneltable)]: family:1, type:2, protocol:0
[ 1073.536013] firmadyne: sys_socket[PID: 1329 (genchanneltable)]: family:1, type:2, protocol:0
[ 1073.543135] firmadyne: sys_socket[PID: 1329 (genchanneltable)]: family:1, type:2, protocol:0
[ 1073.552505] firmadyne: sys_socket[PID: 1329 (genchanneltable)]: family:1, type:2, protocol:0
[ 1073.564742] firmadyne: sys_socket[PID: 1329 (genchanneltable)]: family:1, type:2, protocol:0
[ 1073.572104] firmadyne: sys_socket[PID: 1329 (genchanneltable)]: family:1, type:2, protocol:0
[ 1073.584192] firmadyne: sys_socket[PID: 1329 (genchanneltable)]: family:1, type:2, protocol:0
/dev/gpio: No such device or address
[ 1073.596992] firmadyne: sys_socket[PID: 1329 (genchanneltable)]: family:1, type:2, protocol:0
 Generate VLAN table according to the port...
[ 1073.680364] firmadyne: sys_socket[PID: 1338 (genVLANTableByP)]: family:1, type:2, protocol:0
[ 1073.688289] firmadyne: sys_socket[PID: 1338 (genVLANTableByP)]: family:1, type:2, protocol:0
[ 1073.694457] firmadyne: sys_socket[PID: 1338 (genVLANTableByP)]: family:1, type:2, protocol:0
[ 1073.700186] firmadyne: sys_socket[PID: 1338 (genVLANTableByP)]: family:1, type:2, protocol:0
[ 1073.706862] firmadyne: sys_socket[PID: 1338 (genVLANTableByP)]: family:1, type:2, protocol:0
[ 1073.712676] firmadyne: sys_socket[PID: 1338 (genVLANTableByP)]: family:1, type:2, protocol:0
[ 1073.721081] firmadyne: sys_socket[PID: 1338 (genVLANTableByP)]: family:1, type:2, protocol:0
[ 1073.729429] firmadyne: sys_socket[PID: 1338 (genVLANTableByP)]: family:1, type:2, protocol:0
[ 1073.735795] firmadyne: sys_socket[PID: 1338 (genVLANTableByP)]: family:1, type:2, protocol:0
[ 1073.742766] firmadyne: sys_socket[PID: 1338 (genVLANTableByP)]: family:1, type:2, protocol:0
[ 1073.748860] firmadyne: sys_socket[PID: 1338 (genVLANTableByP)]: family:1, type:2, protocol:0
[ 1073.755680] firmadyne: sys_socket[PID: 1338 (genVLANTableByP)]: family:1, type:2, protocol:0
[ 1073.761745] firmadyne: sys_socket[PID: 1338 (genVLANTableByP)]: family:1, type:2, protocol:0
[ 1073.767871] firmadyne: sys_socket[PID: 1338 (genVLANTableByP)]: family:1, type:2, protocol:0
[ 1073.773734] firmadyne: sys_socket[PID: 1338 (genVLANTableByP)]: family:1, type:2, protocol:0
[ 1073.780978] firmadyne: sys_socket[PID: 1338 (genVLANTableByP)]: family:1, type:2, protocol:0
[ 1073.787930] firmadyne: sys_socket[PID: 1338 (genVLANTableByP)]: family:1, type:2, protocol:0
[ 1073.793819] firmadyne: sys_socket[PID: 1338 (genVLANTableByP)]: family:1, type:2, protocol:0
[ 1073.800622] firmadyne: sys_socket[PID: 1338 (genVLANTableByP)]: family:1, type:2, protocol:0
[ 1073.807612] firmadyne: sys_socket[PID: 1338 (genVLANTableByP)]: family:1, type:2, protocol:0
[ 1073.813552] firmadyne: sys_socket[PID: 1338 (genVLANTableByP)]: family:1, type:2, protocol:0
