[    0.000000] Linux version 4.1.17+ (alessio@pc) (gcc version 5.5.0 20171010 (Ubuntu 5.5.0-12ubuntu1) ) #1 Mon May 15 23:04:08 CEST 2023
[    0.000000] earlycon: Early serial console at I/O port 0x3f8 (options '38400n8')
[    0.000000] bootconsole [uart0] enabled
[    0.000000] CPU0 revision is: 00019300 (MIPS 24Kc)
[    0.000000] FPU revision is: 00739300
[    0.000000] Software DMA cache coherency enabled
[    0.000000] Determined physical RAM map:
[    0.000000]  memory: 00001000 @ 00000000 (reserved)
[    0.000000]  memory: 000ef000 @ 00001000 (ROM data)
[    0.000000]  memory: 00798000 @ 000f0000 (reserved)
[    0.000000]  memory: 0f777000 @ 00888000 (usable)
[    0.000000] debug: ignoring loglevel setting.
[    0.000000] Wasting 69888 bytes for tracking 2184 unused pages
[    0.000000] Initrd not found or empty - disabling initrd
[    0.000000] Zone ranges:
[    0.000000]   DMA      [mem 0x0000000000000000-0x0000000000ffffff]
[    0.000000]   Normal   [mem 0x0000000001000000-0x000000000fffefff]
[    0.000000] Movable zone start for each node
[    0.000000] Early memory node ranges
[    0.000000]   node   0: [mem 0x0000000000000000-0x000000000fffefff]
[    0.000000] Initmem setup node 0 [mem 0x0000000000000000-0x000000000fffefff]
[    0.000000] On node 0 totalpages: 65535
[    0.000000] free_area_init_node: node 0, pgdat 8081d5b0, node_mem_map 81000000
[    0.000000]   DMA zone: 32 pages used for memmap
[    0.000000]   DMA zone: 0 pages reserved
[    0.000000]   DMA zone: 4096 pages, LIFO batch:0
[    0.000000]   Normal zone: 480 pages used for memmap
[    0.000000]   Normal zone: 61439 pages, LIFO batch:15
[    0.000000] Primary instruction cache 2kB, VIPT, 2-way, linesize 16 bytes.
[    0.000000] Primary data cache 2kB, 2-way, VIPT, no aliases, linesize 16 bytes
[    0.000000] pcpu-alloc: s0 r0 d32768 u32768 alloc=1*32768
[    0.000000] pcpu-alloc: [0] 0 
[    0.000000] Built 1 zonelists in Zone order, mobility grouping on.  Total pages: 65023
[    0.000000] Kernel command line: root=/dev/sda1 console=ttyS0 nandsim.parts=64,64,64,64,64,64,64,64,64,64 rdinit=/firmadyne/preInit.sh rw debug ignore_loglevel print-fatal-signals=1 FIRMAE_NET=true FIRMAE_NVRAM=true FIRMAE_KERNEL=true FIRMAE_ETC=true user_debug=0 firmadyne.syscall=1 noka
[    0.000000] found FIRMAE_KERNEL=t
[    0.000000] set the LD_PRELOAD=/firmadyne/libnvram_ioctl.so
[    0.000000] PID hash table entries: 1024 (order: 0, 4096 bytes)
[    0.000000] Dentry cache hash table entries: 32768 (order: 5, 131072 bytes)
[    0.000000] Inode-cache hash table entries: 16384 (order: 4, 65536 bytes)
[    0.000000] Writing ErrCtl register=00000000
[    0.000000] Readback ErrCtl register=00000000
[    0.000000] Memory: 251112K/262140K available (5360K kernel code, 244K rwdata, 1676K rodata, 260K init, 158K bss, 11028K reserved, 0K cma-reserved)
[    0.000000] NR_IRQS:256
[    0.000000] CPU frequency 200.01 MHz
[    0.000000] clocksource MIPS: mask: 0xffffffff max_cycles: 0xffffffff, max_idle_ns: 19112082515 ns
[    0.000209] sched_clock: 32 bits at 100MHz, resolution 9ns, wraps every 21474249723ns
[    0.015446] Console: colour dummy device 80x25
[    0.016701] Calibrating delay loop... 23.45 BogoMIPS (lpj=46912)
[    0.065082] pid_max: default: 32768 minimum: 301
[    0.069688] Mount-cache hash table entries: 1024 (order: 0, 4096 bytes)
[    0.070240] Mountpoint-cache hash table entries: 1024 (order: 0, 4096 bytes)
[    0.138544] clocksource jiffies: mask: 0xffffffff max_cycles: 0xffffffff, max_idle_ns: 7645041785100000 ns
[    0.149940] NET: Registered protocol family 16
[    0.443836] clocksource pit: mask: 0xffffffff max_cycles: 0xffffffff, max_idle_ns: 1601818034827 ns
[    0.605906] vgaarb: loaded
[    0.611998] SCSI subsystem initialized
[    0.614476] libata version 3.00 loaded.
[    0.619186] usbcore: registered new interface driver usbfs
[    0.620871] usbcore: registered new interface driver hub
[    0.622033] usbcore: registered new device driver usb
[    0.625039] pps_core: LinuxPPS API ver. 1 registered
[    0.625462] pps_core: Software ver. 5.3.6 - Copyright 2005-2007 Rodolfo Giometti <giometti@linux.it>
[    0.626430] PTP clock support registered
[    0.631547] PCI host bridge to bus 0000:00
[    0.632312] pci_bus 0000:00: root bus resource [mem 0x10000000-0x17ffffff]
[    0.633153] pci_bus 0000:00: root bus resource [io  0x1000-0x1fffff]
[    0.633780] pci_bus 0000:00: root bus resource [??? 0x00000000 flags 0x0]
[    0.634381] pci_bus 0000:00: No busn resource found for root bus, will use [bus 00-ff]
[    0.635707] pci 0000:00:00.0: [11ab:4620] type 00 class 0x060000
[    0.636660] pci 0000:00:00.0: [Firmware Bug]: reg 0x14: invalid BAR (can't size)
[    0.637467] pci 0000:00:00.0: [Firmware Bug]: reg 0x18: invalid BAR (can't size)
[    0.638078] pci 0000:00:00.0: [Firmware Bug]: reg 0x1c: invalid BAR (can't size)
[    0.638680] pci 0000:00:00.0: [Firmware Bug]: reg 0x20: invalid BAR (can't size)
[    0.639296] pci 0000:00:00.0: [Firmware Bug]: reg 0x24: invalid BAR (can't size)
[    0.643555] pci 0000:00:0a.0: [8086:7110] type 00 class 0x060100
[    0.647296] pci 0000:00:0a.1: [8086:7111] type 00 class 0x010180
[    0.648099] pci 0000:00:0a.1: reg 0x20: [io  0x0000-0x000f]
[    0.648718] pci 0000:00:0a.1: legacy IDE quirk: reg 0x10: [io  0x01f0-0x01f7]
[    0.649319] pci 0000:00:0a.1: legacy IDE quirk: reg 0x14: [io  0x03f6]
[    0.650093] pci 0000:00:0a.1: legacy IDE quirk: reg 0x18: [io  0x0170-0x0177]
[    0.650692] pci 0000:00:0a.1: legacy IDE quirk: reg 0x1c: [io  0x0376]
[    0.654187] pci 0000:00:0a.2: [8086:7112] type 00 class 0x0c0300
[    0.654896] pci 0000:00:0a.2: reg 0x20: [io  0x0000-0x001f]
[    0.658415] pci 0000:00:0a.3: [8086:7113] type 00 class 0x068000
[    0.659879] pci 0000:00:0a.3: quirk: [io  0x1000-0x103f] claimed by PIIX4 ACPI
[    0.660547] pci 0000:00:0a.3: quirk: [io  0x1100-0x110f] claimed by PIIX4 SMB
[    0.664054] pci 0000:00:12.0: [1013:00b8] type 00 class 0x030000
[    0.664708] pci 0000:00:12.0: reg 0x10: [mem 0x00000000-0x01ffffff pref]
[    0.665324] pci 0000:00:12.0: reg 0x14: [mem 0x00000000-0x00000fff]
[    0.666000] pci 0000:00:12.0: reg 0x30: [mem 0x00000000-0x0000ffff pref]
[    0.668964] vgaarb: device added: PCI:0000:00:12.0,decodes=io+mem,owns=none,locks=none
[    0.670290] pci 0000:00:13.0: [8086:100e] type 00 class 0x020000
[    0.671113] pci 0000:00:13.0: reg 0x10: [mem 0x00000000-0x0001ffff]
[    0.671701] pci 0000:00:13.0: reg 0x14: [io  0x0000-0x003f]
[    0.672351] pci 0000:00:13.0: reg 0x30: [mem 0x00000000-0x0003ffff pref]
[    0.675708] pci 0000:00:14.0: [8086:100e] type 00 class 0x020000
[    0.676346] pci 0000:00:14.0: reg 0x10: [mem 0x00000000-0x0001ffff]
[    0.676925] pci 0000:00:14.0: reg 0x14: [io  0x0000-0x003f]
[    0.677573] pci 0000:00:14.0: reg 0x30: [mem 0x00000000-0x0003ffff pref]
[    0.681075] pci 0000:00:15.0: [8086:100e] type 00 class 0x020000
[    0.681708] pci 0000:00:15.0: reg 0x10: [mem 0x00000000-0x0001ffff]
[    0.682313] pci 0000:00:15.0: reg 0x14: [io  0x0000-0x003f]
[    0.682976] pci 0000:00:15.0: reg 0x30: [mem 0x00000000-0x0003ffff pref]
[    0.686483] pci 0000:00:16.0: [8086:100e] type 00 class 0x020000
[    0.687138] pci 0000:00:16.0: reg 0x10: [mem 0x00000000-0x0001ffff]
[    0.687873] pci 0000:00:16.0: reg 0x14: [io  0x0000-0x003f]
[    0.688565] pci 0000:00:16.0: reg 0x30: [mem 0x00000000-0x0003ffff pref]
[    0.692242] pci_bus 0000:00: busn_res: [bus 00-ff] end is updated to 00
[    0.693820] pci 0000:00:12.0: BAR 0: assigned [mem 0x10000000-0x11ffffff pref]
[    0.694614] pci 0000:00:13.0: BAR 6: assigned [mem 0x12000000-0x1203ffff pref]
[    0.695324] pci 0000:00:14.0: BAR 6: assigned [mem 0x12040000-0x1207ffff pref]
[    0.696151] pci 0000:00:15.0: BAR 6: assigned [mem 0x12080000-0x120bffff pref]
[    0.696833] pci 0000:00:16.0: BAR 6: assigned [mem 0x120c0000-0x120fffff pref]
[    0.697493] pci 0000:00:13.0: BAR 0: assigned [mem 0x12100000-0x1211ffff]
[    0.698144] pci 0000:00:14.0: BAR 0: assigned [mem 0x12120000-0x1213ffff]
[    0.698793] pci 0000:00:15.0: BAR 0: assigned [mem 0x12140000-0x1215ffff]
[    0.699459] pci 0000:00:16.0: BAR 0: assigned [mem 0x12160000-0x1217ffff]
[    0.700278] pci 0000:00:12.0: BAR 6: assigned [mem 0x12180000-0x1218ffff pref]
[    0.700948] pci 0000:00:12.0: BAR 1: assigned [mem 0x12190000-0x12190fff]
[    0.701618] pci 0000:00:13.0: BAR 1: assigned [io  0x1040-0x107f]
[    0.702217] pci 0000:00:14.0: BAR 1: assigned [io  0x1080-0x10bf]
[    0.702841] pci 0000:00:15.0: BAR 1: assigned [io  0x10c0-0x10ff]
[    0.703467] pci 0000:00:16.0: BAR 1: assigned [io  0x1400-0x143f]
[    0.704122] pci 0000:00:0a.2: BAR 4: assigned [io  0x1440-0x145f]
[    0.704873] pci 0000:00:0a.1: BAR 4: assigned [io  0x1460-0x146f]
[    0.723589] cfg80211: Calling CRDA to update world regulatory domain
[    0.738487] Switched to clocksource MIPS
[    0.862923] NET: Registered protocol family 2
[    0.876115] TCP established hash table entries: 2048 (order: 1, 8192 bytes)
[    0.877362] TCP bind hash table entries: 2048 (order: 1, 8192 bytes)
[    0.878747] TCP: Hash tables configured (established 2048 bind 2048)
[    0.879891] UDP hash table entries: 256 (order: 0, 4096 bytes)
[    0.880630] UDP-Lite hash table entries: 256 (order: 0, 4096 bytes)
[    0.884975] NET: Registered protocol family 1
[    0.886985] PCI: Enabling device 0000:00:0a.2 (0000 -> 0001)
[    0.888633] PCI: CLS 0 bytes, default 16
[    0.924107] futex hash table entries: 256 (order: -1, 3072 bytes)
[    0.942324] squashfs: version 4.0 (2009/01/31) Phillip Lougher
[    0.945270] jffs2: version 2.2. (NAND) Â© 2001-2006 Red Hat, Inc.
[    0.949254] romfs: ROMFS MTD (C) 2007 Red Hat, Inc.
[    0.976559] Block layer SCSI generic (bsg) driver version 0.4 loaded (major 251)
[    0.977289] io scheduler noop registered
[    0.978082] io scheduler cfq registered (default)
[    0.979407] firmadyne: devfs: 1, execute: 1, procfs: 1, syscall: 1
[    0.985555] firmadyne: Cannot register character device: gpio, 0xfc, 0x0!
[    0.995035] firmadyne: Cannot register character device: watchdog, 0xa, 0x82!
[    0.995577] firmadyne: Cannot register character device: wdt, 0xfd, 0x0!
[    2.885594] strName = 4.1.17+
[    2.885594] init_task_addr  = 2155778944
[    2.885594] init_task_size  = 1296
[    2.885594] ts_tasks        = 292
[    2.885594] ts_pid          = 408
[    2.885594] ts_tgid         = 412
[    2.885594] ts_group_leader = 440
[    2.885594] ts_thread_group = 496
[    2.885594] ts_real_parent  = 416
[    2.885594] ts_mm           = 300
[    2.885594] ts_stack        = 4
[    2.888468] module_name   = 12
[    2.888468] module_size   = 208
[    2.888468] module_init   = 200
[    2.888468] module_list   = 4
[    2.889493] ts_real_cred    = 624
[    2.889493] ts_cred         = 628
[    2.889493] ts_comm         = 632
[    2.889493] cred_uid        = 4
[    2.889493] cred_gid        = 8
[    2.889493] cred_euid       = 20
[    2.889493] cred_egid       = 24
[    2.891367] mm_mmap         = 0
[    2.891367] mm_pgd          = 32
[    2.891367] mm_arg_start    = 136
[    2.891367] mm_start_brk    = 124
[    2.891367] mm_brk          = 128
[    2.891367] mm_start_stack  = 132
[    2.892775] vma_vm_start    = 0
[    2.892775] vma_vm_end      = 4
[    2.892775] vma_vm_next     = 8
[    2.892775] vma_vm_file     = 80
[    2.892775] vma_vm_flags    = 40
[    2.892775] vma_vm_pgoff    = 76
[    2.894183] file_dentry     = 12
[    2.894183] file_inode      = 40
[    2.894183] dentry_d_name   = 24
[    2.894183] dentry_d_iname  = 44
[    2.894183] dentry_d_parent = 16
[    2.894183] ti_task         = 0
[    2.894183] inode_ino   = 28
[    4.071872] proc_fork_connector  = 2151078840
[    4.072266] proc_exit_connector  = 2151080432
[    4.072607] proc_exec_connector  = 2151079052
[    4.072941] vma_link  = 2149124372
[    4.073234] vma_adjust  = 2149124540
[    4.073531] remove_vma  = 2149122188
[    4.073825] modules  = 2155833724
[    4.074130] trim_init_extable  = 2150545316
[    4.075716] cfg80211: Calling CRDA to update world regulatory domain
[    4.079588] PCI: Enabling device 0000:00:12.0 (0000 -> 0002)
[    4.081066] cirrusfb 0000:00:12.0: Cirrus Logic chipset on PCI bus, RAM (4096 kB) at 0x10000000
[    4.327183] Console: switching to colour frame buffer device 80x30
[    4.404177] Serial: 8250/16550 driver, 4 ports, IRQ sharing enabled
[    4.420063] console [ttyS0] disabled
[    4.447870] serial8250.0: ttyS0 at I/O 0x3f8 (irq = 4, base_baud = 115200) is a 16550A
[    4.449110] console [ttyS0] enabled
[    4.449110] console [ttyS0] enabled
[    4.449732] bootconsole [uart0] disabled
[    4.449732] bootconsole [uart0] disabled
[    4.480446] serial8250.0: ttyS1 at I/O 0x2f8 (irq = 3, base_baud = 115200) is a 16550A
[    4.616403] brd: module loaded
[    4.687682] loop: module loaded
[    4.695679] ata_piix 0000:00:0a.1: version 2.13
[    4.696310] PCI: Enabling device 0000:00:0a.1 (0000 -> 0001)
[    4.725218] scsi host0: ata_piix
[    4.731717] scsi host1: ata_piix
[    4.736131] ata1: PATA max UDMA/33 cmd 0x1f0 ctl 0x3f6 bmdma 0x1460 irq 14
[    4.736724] ata2: PATA max UDMA/33 cmd 0x170 ctl 0x376 bmdma 0x1468 irq 15
[    4.744421] [nandsim] warning: read_byte: unexpected data output cycle, state is STATE_READY return 0x0
[    4.745117] [nandsim] warning: read_byte: unexpected data output cycle, state is STATE_READY return 0x0
[    4.745777] [nandsim] warning: read_byte: unexpected data output cycle, state is STATE_READY return 0x0
[    4.746613] [nandsim] warning: read_byte: unexpected data output cycle, state is STATE_READY return 0x0
[    4.747266] [nandsim] warning: read_byte: unexpected data output cycle, state is STATE_READY return 0x0
[    4.747905] [nandsim] warning: read_byte: unexpected data output cycle, state is STATE_READY return 0x0
[    4.748751] nand: device found, Manufacturer ID: 0x98, Chip ID: 0x39
[    4.749240] nand: Toshiba NAND 128MiB 1,8V 8-bit
[    4.749693] nand: 128 MiB, SLC, erase size: 16 KiB, page size: 512, OOB size: 16
[    4.751692] flash size: 128 MiB
[    4.751999] page size: 512 bytes
[    4.752294] OOB area size: 16 bytes
[    4.752597] sector size: 16 KiB
[    4.752882] pages number: 262144
[    4.753175] pages per sector: 32
[    4.753460] bus width: 8
[    4.753716] bits in sector size: 14
[    4.754043] bits in page size: 9
[    4.754364] bits in OOB size: 4
[    4.754824] flash size with OOB: 135168 KiB
[    4.755179] page address bytes: 4
[    4.755481] sector address bytes: 3
[    4.755791] options: 0x42
[    4.851502] Scanning device for bad blocks
[    6.240369] ata2.01: NODEV after polling detection
[    6.241194] ata1.01: NODEV after polling detection
[    6.243413] ata2.00: ATAPI: QEMU DVD-ROM, 2.5+, max UDMA/100
[    6.250646] ata1.00: ATA-7: QEMU HARDDISK, 2.5+, max UDMA/100
[    6.251202] ata1.00: 2097152 sectors, multi 16: LBA48 
[    6.253589] ata2.00: configured for UDMA/33
[    6.256940] ata1.00: configured for UDMA/33
[    6.265923] scsi 0:0:0:0: Direct-Access     ATA      QEMU HARDDISK    2.5+ PQ: 0 ANSI: 5
[    6.284154] sd 0:0:0:0: [sda] 2097152 512-byte logical blocks: (1.07 GB/1.00 GiB)
[    6.286767] scsi 1:0:0:0: CD-ROM            QEMU     QEMU DVD-ROM     2.5+ PQ: 0 ANSI: 5
[    6.301620] sd 0:0:0:0: [sda] Write Protect is off
[    6.302210] sd 0:0:0:0: [sda] Mode Sense: 00 3a 00 00
[    6.304160] sd 0:0:0:0: [sda] Write cache: enabled, read cache: enabled, doesn't support DPO or FUA
[    6.317006]  sda: sda1
[    6.331217] sd 0:0:0:0: [sda] Attached SCSI disk
[    6.331842] Creating 11 MTD partitions on "NAND 128MiB 1,8V 8-bit":
[    6.332567] 0x000000000000-0x000000100000 : "NAND simulator partition 0"
[    6.345314] 0x000000100000-0x000000200000 : "NAND simulator partition 1"
[    6.357303] 0x000000200000-0x000000300000 : "NAND simulator partition 2"
[    6.369769] 0x000000300000-0x000000400000 : "NAND simulator partition 3"
[    6.382241] 0x000000400000-0x000000500000 : "NAND simulator partition 4"
[    6.394871] 0x000000500000-0x000000600000 : "NAND simulator partition 5"
[    6.407744] 0x000000600000-0x000000700000 : "NAND simulator partition 6"
[    6.420594] 0x000000700000-0x000000800000 : "NAND simulator partition 7"
[    6.433477] 0x000000800000-0x000000900000 : "NAND simulator partition 8"
[    6.445504] 0x000000900000-0x000000a00000 : "NAND simulator partition 9"
[    6.457643] 0x000000a00000-0x000008000000 : "NAND simulator partition 10"
[    6.510205] tun: Universal TUN/TAP device driver, 1.6
[    6.510818] tun: (C) 1999-2004 Max Krasnyansky <maxk@qualcomm.com>
[    6.514951] pcnet32: pcnet32.c:v1.35 21.Apr.2008 tsbogend@alpha.franken.de
[    6.516434] e1000: Intel(R) PRO/1000 Network Driver - version 7.3.21-k8-NAPI
[    6.516945] e1000: Copyright (c) 1999-2006 Intel Corporation.
[    6.518017] PCI: Enabling device 0000:00:13.0 (0000 -> 0003)
[    6.849546] e1000 0000:00:13.0 eth0: (PCI:33MHz:32-bit) 52:54:00:12:34:56
[    6.850342] e1000 0000:00:13.0 eth0: Intel(R) PRO/1000 Network Connection
[    6.851319] PCI: Enabling device 0000:00:14.0 (0000 -> 0003)
[    7.173038] e1000 0000:00:14.0 eth1: (PCI:33MHz:32-bit) 52:54:00:12:34:57
[    7.173734] e1000 0000:00:14.0 eth1: Intel(R) PRO/1000 Network Connection
[    7.174802] PCI: Enabling device 0000:00:15.0 (0000 -> 0003)
[    7.442940] cfg80211: Calling CRDA to update world regulatory domain
[    7.496029] e1000 0000:00:15.0 eth2: (PCI:33MHz:32-bit) 52:54:00:12:34:58
[    7.496677] e1000 0000:00:15.0 eth2: Intel(R) PRO/1000 Network Connection
[    7.497488] PCI: Enabling device 0000:00:16.0 (0000 -> 0003)
[    7.811465] e1000 0000:00:16.0 eth3: (PCI:33MHz:32-bit) 52:54:00:12:34:59
[    7.812107] e1000 0000:00:16.0 eth3: Intel(R) PRO/1000 Network Connection
[    7.813726] e1000e: Intel(R) PRO/1000 Network Driver - 2.3.2-k
[    7.814195] e1000e: Copyright(c) 1999 - 2014 Intel Corporation.
[    7.819985] PPP generic driver version 2.4.2
[    7.822783] PPP Deflate Compression module registered
[    7.823603] PPP MPPE Compression module registered
[    7.824125] NET: Registered protocol family 24
[    7.825026] ehci_hcd: USB 2.0 'Enhanced' Host Controller (EHCI) Driver
[    7.825652] ehci-pci: EHCI PCI platform driver
[    7.827273] ohci_hcd: USB 1.1 'Open' Host Controller (OHCI) Driver
[    7.827868] ohci-pci: OHCI PCI platform driver
[    7.829253] uhci_hcd: USB Universal Host Controller Interface driver
[    7.831384] uhci_hcd 0000:00:0a.2: UHCI Host Controller
[    7.832324] uhci_hcd 0000:00:0a.2: new USB bus registered, assigned bus number 1
[    7.833571] uhci_hcd 0000:00:0a.2: irq 11, io base 0x00001440
[    7.847512] hub 1-0:1.0: USB hub found
[    7.848473] hub 1-0:1.0: 2 ports detected
[    7.860536] usbcore: registered new interface driver usb-storage
[    7.865856] mousedev: PS/2 mouse device common for all mice
[    7.873658] rtc_cmos rtc_cmos: rtc core: registered rtc_cmos as rtc0
[    7.874715] rtc_cmos rtc_cmos: alarms up to one day, 242 bytes nvram
[    7.876473] i2c /dev entries driver
[    7.877996] piix4_smbus 0000:00:0a.3: SMBus Host Controller at 0x1100, revision 0
[    7.883996] sdhci: Secure Digital Host Controller Interface driver
[    7.884443] sdhci: Copyright(c) Pierre Ossman
[    7.887490] hidraw: raw HID events driver (C) Jiri Kosina
[    7.910813] usbcore: registered new interface driver usbhid
[    7.911224] usbhid: USB HID core driver
[    7.912519] Netfilter messages via NETLINK v0.30.
[    7.914143] nf_conntrack version 0.5.0 (3923 buckets, 15692 max)
[    7.918290] ctnetlink v0.93: registering with nfnetlink.
[    7.925539] ipip: IPv4 over IPv4 tunneling driver
[    7.940939] ip_tables: (C) 2000-2006 Netfilter Core Team
[    7.944512] arp_tables: (C) 2002 David S. Miller
[    7.946907] Initializing XFRM netlink socket
[    7.948372] NET: Registered protocol family 10
[    7.976601] ip6_tables: (C) 2000-2006 Netfilter Core Team
[    7.981244] sit: IPv6 over IPv4 tunneling driver
[    8.003047] NET: Registered protocol family 17
[    8.004171] bridge: automatic filtering via arp/ip/ip6tables has been deprecated. Update your scripts to load br_netfilter if you need this.
[    8.005497] Bridge firewalling registered
[    8.006012] Ebtables v2.0 registered
[    8.008864] 8021q: 802.1Q VLAN Support v1.8
[    8.037433] rtc_cmos rtc_cmos: setting system clock to 2025-07-28 01:17:52 UTC (1753665472)
[    8.063734] EXT2-fs (sda1): warning: mounting unchecked fs, running e2fsck is recommended
[    8.066270] VFS: Mounted root (ext2 filesystem) on device 8:1.
[    8.077465] Freeing YAMON memory: 956k freed
[    8.090944] Freeing unused kernel memory: 260K (8081f000 - 80860000)
[    8.203254] firmadyne: sys_reboot[PID: 48 (init)]: magic1:fee1dead, magic2:28121969, cmd:0
[    8.211134] spurious 8259A interrupt: IRQ7.
init started:  BusyBox v1.00 (2009.03.06-06:20+0000) multi-call binary
init started:  BusyBox v1.00 (2009.03.06-06:20+0000) multi-call binary
Starting pid 50, console /dev/ttyS0: '/usr/etc/rcS'
[    8.504572] firmadyne: do_execve: /firmadyne/console
[    8.505292] OFFSETS: offset of pid: 0x198 offset of comm: 0x278
[   10.587082] cfg80211: Calling CRDA to update world regulatory domain
insmod: cannot open module `/lib/modules/vnet.ko': No such file or directory
[   12.980609] firmadyne: ioctl: 0x1
insmod finish
[   13.059558] random: nonblocking pool is initialized
BcmAtm_Initialize: open error 6
/usr/sbin/atmctl: ATM driver return code, state error
BcmAdsl : open error 6
/usr/sbin/adslctl: BcmAdsl_Initialize error
BcmAdsl : open error 6
/usr/sbin/adslctl->ConnectionHandler: BcmAdsl_ConnectionStart error
BcmAtm_Initialize: open error 6
ATM Operation Failed , 2 
/usr/sbin/atmctl: ATM driver return code, state error
[   13.422320] firmadyne: sys_socket[PID: 103 (brctl)]: family:2, type:2, protocol:0
[   13.496609] firmadyne: sys_socket[PID: 104 (brctl)]: family:2, type:2, protocol:0
[   13.554938] firmadyne: sys_socket[PID: 105 (ifconfig)]: family:2, type:1, protocol:0
[   13.569546] IPv6: ADDRCONF(NETDEV_UP): eth0: link is not ready
[   13.570233] 8021q: adding VLAN 0 to HW filter on device eth0
[   13.576416] e1000: eth0 NIC Link is Up 1000 Mbps Full Duplex, Flow Control: RX
[   13.578735] IPv6: ADDRCONF(NETDEV_CHANGE): eth0: link becomes ready
[   13.639286] firmadyne: sys_socket[PID: 106 (brctl)]: family:2, type:2, protocol:0
[   13.640833] firmadyne: sys_socket[PID: 106 (brctl)]: family:10, type:1, protocol:0
[   13.643738] firmadyne: br_add_if[PID: 106 (brctl)]: br:br0 dev:eth0
[   13.650284] device eth0 entered promiscuous mode
[   13.712342] firmadyne: sys_socket[PID: 107 (ifconfig)]: family:2, type:1, protocol:0
[   13.724761] IPv6: ADDRCONF(NETDEV_UP): eth1: link is not ready
[   13.725406] 8021q: adding VLAN 0 to HW filter on device eth1
[   13.730821] e1000: eth1 NIC Link is Up 1000 Mbps Full Duplex, Flow Control: RX
[   13.732124] IPv6: ADDRCONF(NETDEV_CHANGE): eth1: link becomes ready
[   13.745960] cfg80211: Calling CRDA to update world regulatory domain
[   13.787560] firmadyne: sys_socket[PID: 108 (brctl)]: family:2, type:2, protocol:0
[   13.789077] firmadyne: sys_socket[PID: 108 (brctl)]: family:10, type:1, protocol:0
[   13.791072] firmadyne: br_add_if[PID: 108 (brctl)]: br:br0 dev:eth1
[   13.796715] device eth1 entered promiscuous mode
[   13.918517] firmadyne: sys_socket[PID: 110 (ifconfig)]: family:2, type:1, protocol:0
[   13.921595] firmadyne: __inet_insert_ifa[PID: 110 (ifconfig)]: device:lo ifa:0x7f000001
[   13.925416] firmadyne: __inet_insert_ifa[PID: 110 (ifconfig)]: device:lo ifa:0x7f000001
[   13.991089] firmadyne: sys_socket[PID: 111 (route)]: family:2, type:1, protocol:0
[   14.301403] firmadyne: sys_socket[PID: 114 (klogd)]: family:1, type:1, protocol:0
[   14.303709] firmadyne: sys_socket[PID: 114 (klogd)]: family:1, type:2, protocol:0
[   14.317326] firmadyne: sys_socket[PID: 114 (klogd)]: family:1, type:1, protocol:0
[   14.319205] firmadyne: sys_socket[PID: 114 (klogd)]: family:1, type:2, protocol:0
[   14.322072] firmadyne: sys_socket[PID: 114 (klogd)]: family:1, type:1, protocol:0
[   14.329853] firmadyne: sys_socket[PID: 114 (klogd)]: family:1, type:2, protocol:0
[   14.333116] firmadyne: sys_socket[PID: 114 (klogd)]: family:1, type:1, protocol:0
[   14.334797] firmadyne: sys_socket[PID: 114 (klogd)]: family:1, type:2, protocol:0
[   14.348988] firmadyne: sys_socket[PID: 114 (klogd)]: family:1, type:1, protocol:0
[   14.350496] firmadyne: sys_socket[PID: 114 (klogd)]: family:1, type:2, protocol:0
[   14.353790] firmadyne: sys_socket[PID: 114 (klogd)]: family:1, type:1, protocol:0
[   14.355434] firmadyne: sys_socket[PID: 114 (klogd)]: family:1, type:2, protocol:0
[   14.358326] firmadyne: sys_socket[PID: 114 (klogd)]: family:1, type:1, protocol:0
[   14.371326] firmadyne: sys_socket[PID: 114 (klogd)]: family:1, type:2, protocol:0
[   14.374211] firmadyne: sys_socket[PID: 114 (klogd)]: family:1, type:1, protocol:0
[   14.383238] firmadyne: sys_socket[PID: 114 (klogd)]: family:1, type:2, protocol:0
[   14.386114] firmadyne: sys_socket[PID: 114 (klogd)]: family:1, type:1, protocol:0
[   14.388024] firmadyne: sys_socket[PID: 114 (klogd)]: family:1, type:2, protocol:0
[   14.395171] firmadyne: sys_socket[PID: 114 (klogd)]: family:1, type:1, protocol:0
[   14.396629] firmadyne: sys_socket[PID: 114 (klogd)]: family:1, type:2, protocol:0
[   14.403803] firmadyne: sys_socket[PID: 114 (klogd)]: family:1, type:1, protocol:0
[   14.405264] firmadyne: sys_socket[PID: 114 (klogd)]: family:1, type:2, protocol:0
nvram_init: Initializing NVRAM...
[   14.412534] firmadyne: sys_socket[PID: 114 (klogd)]: family:1, type:1, protocol:0
[   14.413958] firmadyne: sys_socket[PID: 114 (klogd)]: family:1, type:2, protocol:0
sem_get: Key: 41012003
[   14.421067] firmadyne: sys_socket[PID: 114 (klogd)]: family:1, type:1, protocol:0
[   14.422523] firmadyne: sys_socket[PID: 114 (klogd)]: family:1, type:2, protocol:0
[   14.432860] firmadyne: sys_socket[PID: 114 (klogd)]: family:1, type:1, protocol:0
[   14.434275] firmadyne: sys_socket[PID: 114 (klogd)]: family:1, type:2, protocol:0
sem_get: Key: 410f00aa
nvram_set_default_builtin: Setting built-in default values!
nvram_set[   14.444918] firmadyne: sys_socket[PID: 114 (klogd)]: family:1, type:1, protocol:0
[   14.446334] firmadyne: sys_socket[PID: 114 (klogd)]: family:1, type:2, protocol:0
[   14.449598] firmadyne: sys_socket[PID: 114 (klogd)]: family:1, type:1, protocol:0
[   14.451229] firmadyne: sys_socket[PID: 114 (klogd)]: family:1, type:2, protocol:0
[   14.454020] firmadyne: sys_socket[PID: 114 (klogd)]: family:1, type:1, protocol:0
: console_loglevel = "7"
sem_get: Key: 410f00aa
sem_get[   14.463665] firmadyne: sys_socket[PID: 114 (klogd)]: family:1, type:2, protocol:0
: Key: 410f00aa
nvram_set: restore_defaults[   14.471001] firmadyne: sys_socket[PID: 114 (klogd)]: family:1, type:1, protocol:0
[   14.472461] firmadyne: sys_socket[PID: 114 (klogd)]: family:1, type:2, protocol:0
 = "1"
sem_get: Key: 410f00aa
[   14.479620] firmadyne: sys_socket[PID: 114 (klogd)]: family:1, type:1, protocol:0
[   14.481115] firmadyne: sys_socket[PID: 114 (klogd)]: family:1, type:2, protocol:0
sem_get: Key: 410f00aa
nvram_set: sku_name = ""
sem_get[   14.492716] firmadyne: sys_socket[PID: 114 (klogd)]: family:1, type:1, protocol:0
[   14.494193] firmadyne: sys_socket[PID: 114 (klogd)]: family:1, type:2, protocol:0
[   14.497699] firmadyne: sys_socket[PID: 114 (klogd)]: family:1, type:1, protocol:0
[   14.499335] firmadyne: sys_socket[PID: 114 (klogd)]: family:1, type:2, protocol:0
[   14.502142] firmadyne: sys_socket[PID: 114 (klogd)]: family:1, type:1, protocol:0
: Key: 410f00aa
sem_get: Key: 410f00aa
nvram_set: wla_wlanstate = ""
sem_get: Key: 410f00aa
sem_get[   14.515700] firmadyne: sys_socket[PID: 114 (klogd)]: family:1, type:2, protocol:0
[   14.518914] firmadyne: sys_socket[PID: 114 (klogd)]: family:1, type:1, protocol:0
[   14.520323] firmadyne: sys_socket[PID: 114 (klogd)]: family:1, type:2, protocol:0
: Key: 410f00aa
nvram_set: lan_if = "[   14.527767] firmadyne: sys_socket[PID: 114 (klogd)]: family:1, type:1, protocol:0
[   14.529224] firmadyne: sys_socket[PID: 114 (klogd)]: family:1, type:2, protocol:0
br0"
sem_get: Key: 410f00aa
[   14.536539] firmadyne: sys_socket[PID: 114 (klogd)]: family:1, type:1, protocol:0
[   14.537973] firmadyne: sys_socket[PID: 114 (klogd)]: family:1, type:2, protocol:0
sem_get: Key: 410f00aa
nvram_set: lan_ipaddr = "192.168.0.50"
sem_get: Key: 410f00aa[   14.548994] firmadyne: sys_socket[PID: 114 (klogd)]: family:1, type:1, protocol:0
[   14.550433] firmadyne: sys_socket[PID: 114 (klogd)]: family:1, type:2, protocol:0

sem_get: Key: 410f00aa
nvram_set: lan_bipaddr = "192.168.0.255[   14.561064] firmadyne: sys_socket[PID: 114 (klogd)]: family:1, type:1, protocol:0
[   14.562511] firmadyne: sys_socket[PID: 114 (klogd)]: family:1, type:2, protocol:0
[   14.566469] firmadyne: sys_socket[PID: 114 (klogd)]: family:1, type:1, protocol:0
[   14.568100] firmadyne: sys_socket[PID: 114 (klogd)]: family:1, type:2, protocol:0
"
sem_get: Key: 410f00aa
[   14.575410] firmadyne: sys_socket[PID: 114 (klogd)]: family:1, type:1, protocol:0
[   14.576898] firmadyne: sys_socket[PID: 114 (klogd)]: family:1, type:2, protocol:0
sem_get: Key: 410f00aa
nvram_set: [   14.584191] firmadyne: sys_socket[PID: 114 (klogd)]: family:1, type:1, protocol:0
[   14.585635] firmadyne: sys_socket[PID: 114 (klogd)]: family:1, type:2, protocol:0
lan_netmask = "255.255.255.0"
sem_get: Key: 410f00aa
sem_get: Key: 410f00aa
[   14.596758] firmadyne: sys_socket[PID: 114 (klogd)]: family:1, type:1, protocol:0
[   14.598175] firmadyne: sys_socket[PID: 114 (klogd)]: family:1, type:2, protocol:0
nvram_set: time_zone = "PST8PDT"
[   14.604715] firmadyne: sys_socket[PID: 114 (klogd)]: family:1, type:1, protocol:0
[   14.606152] firmadyne: sys_socket[PID: 114 (klogd)]: family:1, type:2, protocol:0
sem_get: Key: 410f00aa
[   14.612692] firmadyne: sys_socket[PID: 114 (klogd)]: family:1, type:1, protocol:0
[   14.614105] firmadyne: sys_socket[PID: 114 (klogd)]: family:1, type:2, protocol:0
sem_get: Key: 410f00aa
nvram_set: wan_hwaddr_def = "01:23:45:67:89:ab"
sem_get: Key: [   14.624702] firmadyne: sys_socket[PID: 114 (klogd)]: family:1, type:1, protocol:0
[   14.626115] firmadyne: sys_socket[PID: 114 (klogd)]: family:1, type:2, protocol:0
410f00aa
sem_get: Key: [   14.632808] firmadyne: sys_socket[PID: 114 (klogd)]: family:1, type:1, protocol:0
[   14.634225] firmadyne: sys_socket[PID: 114 (klogd)]: family:1, type:2, protocol:0
410f00aa
nvram_set: wan_ifname = "eth0"
[   14.644768] firmadyne: sys_socket[PID: 114 (klogd)]: family:1, type:1, protocol:0
[   14.646188] firmadyne: sys_socket[PID: 114 (klogd)]: family:1, type:2, protocol:0
sem_get: Key: 410f00aa
[   14.652819] firmadyne: sys_socket[PID: 114 (klogd)]: family:1, type:1, protocol:0
[   14.654236] firmadyne: sys_socket[PID: 114 (klogd)]: family:1, type:2, protocol:0
sem_get: Key: 410f00aa
nvram_set: lan_ifnames = "eth1 eth2 eth3 eth4"
sem_get: Key: 410f00aa[   14.664979] firmadyne: sys_socket[PID: 114 (klogd)]: family:1, type:1, protocol:0
[   14.666420] firmadyne: sys_socket[PID: 114 (klogd)]: family:1, type:2, protocol:0

sem_get: Key: 410f00aa
nvram_set: ethConver = "[   14.676784] firmadyne: sys_socket[PID: 114 (klogd)]: family:1, type:1, protocol:0
[   14.678202] firmadyne: sys_socket[PID: 114 (klogd)]: family:1, type:2, protocol:0
[   14.681451] firmadyne: sys_socket[PID: 114 (klogd)]: family:1, type:1, protocol:0
1"
sem_get: Key: 410f00aa
sem_get: Key: 410f00aa
[   14.691103] firmadyne: sys_socket[PID: 114 (klogd)]: family:1, type:2, protocol:0
[   14.694022] firmadyne: sys_socket[PID: 114 (klogd)]: family:1, type:1, protocol:0
[   14.696114] firmadyne: sys_socket[PID: 114 (klogd)]: family:1, type:2, protocol:0
nvram_set: lan_proto = "dhcp"
[   14.703212] firmadyne: sys_socket[PID: 114 (klogd)]: family:1, type:1, protocol:0
[   14.704693] firmadyne: sys_socket[PID: 114 (klogd)]: family:1, type:2, protocol:0
sem_get: Key: 410f00aa
sem_get: Key: [   14.712087] firmadyne: sys_socket[PID: 114 (klogd)]: family:1, type:1, protocol:0
[   14.713561] firmadyne: sys_socket[PID: 114 (klogd)]: family:1, type:2, protocol:0
410f00aa
nvram_set: wan_ipaddr = "[   14.720975] firmadyne: sys_socket[PID: 114 (klogd)]: family:1, type:1, protocol:0
[   14.722440] firmadyne: sys_socket[PID: 114 (klogd)]: family:1, type:2, protocol:0
0.0.0.0"
sem_get: Key: 410f00aa
sem_get: Key: 410f00aa
[   14.732691] firmadyne: sys_socket[PID: 114 (klogd)]: family:1, type:1, protocol:0
[   14.734129] firmadyne: sys_socket[PID: 114 (klogd)]: family:1, type:2, protocol:0
nvram_set: wan_netmask = "255.255.255.0[   14.740695] firmadyne: sys_socket[PID: 114 (klogd)]: family:1, type:1, protocol:0
[   14.742121] firmadyne: sys_socket[PID: 114 (klogd)]: family:1, type:2, protocol:0
"
sem_get: Key: 410f00aa
[   14.748820] firmadyne: sys_socket[PID: 114 (klogd)]: family:1, type:1, protocol:0
[   14.750276] firmadyne: sys_socket[PID: 114 (klogd)]: family:1, type:2, protocol:0
sem_get: Key: 410f00aa
nvram_set: wanif = "eth0"
sem_get[   14.761043] firmadyne: sys_socket[PID: 114 (klogd)]: family:1, type:1, protocol:0
[   14.762541] firmadyne: sys_socket[PID: 114 (klogd)]: family:1, type:2, protocol:0
: Key: 410f00aa
sem_get: Key: 410f00aa
nvram_set: [   14.772849] firmadyne: sys_socket[PID: 114 (klogd)]: family:1, type:1, protocol:0
[   14.774318] firmadyne: sys_socket[PID: 114 (klogd)]: family:1, type:2, protocol:0
[   14.777693] firmadyne: sys_socket[PID: 114 (klogd)]: family:1, type:1, protocol:0
[   14.779341] firmadyne: sys_socket[PID: 114 (klogd)]: family:1, type:2, protocol:0
[   14.782106] firmadyne: sys_socket[PID: 114 (klogd)]: family:1, type:1, protocol:0
time_zone_x = "0"
sem_get: Key: 410f00aa
sem_get: Key: 410f00aa
[   14.791291] firmadyne: sys_socket[PID: 114 (klogd)]: family:1, type:2, protocol:0
[   14.794126] firmadyne: sys_socket[PID: 114 (klogd)]: family:1, type:1, protocol:0
nvram_set: rip_multicast = "0"
sem_get: Key: 410f00aa
[   14.804016] firmadyne: sys_socket[PID: 114 (klogd)]: family:1, type:2, protocol:0
[   14.807181] firmadyne: sys_socket[PID: 114 (klogd)]: family:1, type:1, protocol:0
[   14.808606] firmadyne: sys_socket[PID: 114 (klogd)]: family:1, type:2, protocol:0
sem_get: Key: 410f00aa
nvram_set: [   14.815703] firmadyne: sys_socket[PID: 114 (klogd)]: family:1, type:1, protocol:0
[   14.817173] firmadyne: sys_socket[PID: 114 (klogd)]: family:1, type:2, protocol:0
bs_trustedip_enable = "0"
sem_get: Key: 410f00aa
[   14.824326] firmadyne: sys_socket[PID: 114 (klogd)]: family:1, type:1, protocol:0
[   14.825774] firmadyne: sys_socket[PID: 114 (klogd)]: family:1, type:2, protocol:0
sem_get: Key: 410f00aa
nvram_set: et0macaddr = "01:23:45:67:89:ab"
[   14.836663] firmadyne: sys_socket[PID: 114 (klogd)]: family:1, type:1, protocol:0
[   14.838130] firmadyne: sys_socket[PID: 114 (klogd)]: family:1, type:2, protocol:0
sem_get: Key: 410f00aa
sem_get: Key: 410f00aa
nvram_set[   14.849094] firmadyne: sys_socket[PID: 114 (klogd)]: family:1, type:1, protocol:0
[   14.851031] firmadyne: sys_socket[PID: 114 (klogd)]: family:1, type:2, protocol:0
[   14.853846] firmadyne: sys_socket[PID: 114 (klogd)]: family:1, type:1, protocol:0
: filter_rule_tbl = ""
sem_get: Key: 410f00aa
[   14.859591] firmadyne: sys_socket[PID: 114 (klogd)]: family:1, type:2, protocol:0
[   14.862487] firmadyne: sys_socket[PID: 114 (klogd)]: family:1, type:1, protocol:0
sem_get: Key: 410f00aa
nvram_set: pppoe2_schedule_config = "127:0:0:23:59"
[   14.871628] firmadyne: sys_socket[PID: 114 (klogd)]: family:1, type:2, protocol:0
[   14.874480] firmadyne: sys_socket[PID: 114 (klogd)]: family:1, type:1, protocol:0
sem_get: Key: 410f00aa
sem_get: Key: 410f00aa
nvram_set[   14.884840] firmadyne: sys_socket[PID: 114 (klogd)]: family:1, type:2, protocol:0
[   14.887886] firmadyne: sys_socket[PID: 114 (klogd)]: family:1, type:1, protocol:0
[   14.889359] firmadyne: sys_socket[PID: 114 (klogd)]: family:1, type:2, protocol:0
[   14.892713] firmadyne: sys_socket[PID: 114 (klogd)]: family:1, type:1, protocol:0
[   14.894179] firmadyne: sys_socket[PID: 114 (klogd)]: family:1, type:2, protocol:0
: schedule_config = "127:0:0:23:59"
sem_get: Key: 410f00aa
sem_get: Key: 410f00aa
[   14.905189] firmadyne: sys_socket[PID: 114 (klogd)]: family:1, type:1, protocol:0
nvram_set: access_control_mode = "0"
[   14.911158] firmadyne: sys_socket[PID: 114 (klogd)]: family:1, type:2, protocol:0
[   14.914086] firmadyne: sys_socket[PID: 114 (klogd)]: family:1, type:1, protocol:0
sem_get: Key: 410f00aa
[   14.919364] firmadyne: sys_socket[PID: 114 (klogd)]: family:1, type:2, protocol:0
[   14.922167] firmadyne: sys_socket[PID: 114 (klogd)]: family:1, type:1, protocol:0
sem_get: Key: 410f00aa
[   14.927300] firmadyne: sys_socket[PID: 114 (klogd)]: family:1, type:2, protocol:0
[   14.930178] firmadyne: sys_socket[PID: 114 (klogd)]: family:1, type:1, protocol:0
nvram_set: fwpt_df_count = "0"
sem_get: Key: 410f00aa
sem_get: Key: [   14.939581] firmadyne: sys_socket[PID: 114 (klogd)]: family:1, type:2, protocol:0
[   14.942395] firmadyne: sys_socket[PID: 114 (klogd)]: family:1, type:1, protocol:0
410f00aa
nvram_set: static_if_status = "1"
sem_get: Key: 410f00aa
[   14.951277] firmadyne: sys_socket[PID: 114 (klogd)]: family:1, type:2, protocol:0
[   14.954079] firmadyne: sys_socket[PID: 114 (klogd)]: family:1, type:1, protocol:0
[   14.955981] firmadyne: sys_socket[PID: 114 (klogd)]: family:1, type:2, protocol:0
sem_get: Key: 410f00aa
[   14.963051] firmadyne: sys_socket[PID: 114 (klogd)]: family:1, type:1, protocol:0
[   14.964511] firmadyne: sys_socket[PID: 114 (klogd)]: family:1, type:2, protocol:0
nvram_set: www_relocation = ""
sem_get: Key: 410f00aa[   14.971943] firmadyne: sys_socket[PID: 114 (klogd)]: family:1, type:1, protocol:0
[   14.973398] firmadyne: sys_socket[PID: 114 (klogd)]: family:1, type:2, protocol:0

sem_get: Key: 410f00aa
[   14.980411] firmadyne: sys_socket[PID: 114 (klogd)]: family:1, type:1, protocol:0
[   14.981838] firmadyne: sys_socket[PID: 114 (klogd)]: family:1, type:2, protocol:0
nvram_set: usb_info_dev0 = "A200396E0402FF83@1@14.4G@U@1@USB_Storage;U:;0;0@[   14.989062] firmadyne: sys_socket[PID: 114 (klogd)]: family:1, type:1, protocol:0
[   14.990766] firmadyne: sys_socket[PID: 114 (klogd)]: family:1, type:2, protocol:0
"
sem_get: Key: 410f00aa
sem_get: Key: 410f00aa
[   15.000761] firmadyne: sys_socket[PID: 114 (klogd)]: family:1, type:1, protocol:0
[   15.002177] firmadyne: sys_socket[PID: 114 (klogd)]: family:1, type:2, protocol:0
nvram_set: usb_info_dev1 = "A200396E0402FF83@1@14.4G@U@1@USB_Storage;U:;0;0@"
[   15.008980] firmadyne: sys_socket[PID: 114 (klogd)]: family:1, type:1, protocol:0
[   15.010413] firmadyne: sys_socket[PID: 114 (klogd)]: family:1, type:2, protocol:0
sem_get: Key: 410f00aa
sem_get: Key: 410f00aa
nvram_set[   15.021040] firmadyne: sys_socket[PID: 114 (klogd)]: family:1, type:1, protocol:0
[   15.022483] firmadyne: sys_socket[PID: 114 (klogd)]: family:1, type:2, protocol:0
[   15.025677] firmadyne: sys_socket[PID: 114 (klogd)]: family:1, type:1, protocol:0
[   15.027446] firmadyne: sys_socket[PID: 114 (klogd)]: family:1, type:2, protocol:0
[   15.030190] firmadyne: sys_socket[PID: 114 (klogd)]: family:1, type:1, protocol:0
: usb_info_dev2 = "A200396E0402FF83@1@14.4G@U@1@USB_Storage;U:;0;0@"
sem_get: Key: 410f00aa
sem_get: Key: 410f00aa[   15.039383] firmadyne: sys_socket[PID: 114 (klogd)]: family:1, type:2, protocol:0
[   15.042186] firmadyne: sys_socket[PID: 114 (klogd)]: family:1, type:1, protocol:0

nvram_set: usb_info_dev3 = "A200396E0402FF83@1@14.4G@U@1@USB_Storage;U:;0;0@"
sem_get: Key: 410f00aa
[   15.051268] firmadyne: sys_socket[PID: 114 (klogd)]: family:1, type:2, protocol:0
[   15.054078] firmadyne: sys_socket[PID: 114 (klogd)]: family:1, type:1, protocol:0
sem_get: Key: 410f00aa
[   15.059301] firmadyne: sys_socket[PID: 114 (klogd)]: family:1, type:2, protocol:0
nvram_set: usb_info_dev4 = "A200396E0402FF83@1@14.4G@U@1@USB_Storage;U:;0;0@"
sem_get: Key: 410f00aa
sem_get: Key: 410f00aa
nvram_set: usb_info_dev5 = "A200396E0402FF83@1@14.4G@U@1@USB_Storage;U:;0;0@"
sem_get: Key: 410f00aa
[   15.091074] firmadyne: sys_socket[PID: 114 (klogd)]: family:1, type:1, protocol:0
[   15.092535] firmadyne: sys_socket[PID: 114 (klogd)]: family:1, type:2, protocol:0
sem_get: Key: 410f00aa
[   15.099733] firmadyne: sys_socket[PID: 114 (klogd)]: family:1, type:1, protocol:0
[   15.101413] firmadyne: sys_socket[PID: 114 (klogd)]: family:1, type:2, protocol:0
nvram_set: usb_info_dev6 = "A200396E0402FF83@1@14.4G@U@1@USB_Storage;U:;0;0@[   15.109512] firmadyne: sys_socket[PID: 114 (klogd)]: family:1, type:1, protocol:0
"
sem_get: Key: 410f00aa
[   15.115524] firmadyne: sys_socket[PID: 114 (klogd)]: family:1, type:2, protocol:0
[   15.118502] firmadyne: sys_socket[PID: 114 (klogd)]: family:1, type:1, protocol:0
sem_get: Key: 410f00aa
nvram_set: usb_info_dev7 = "A200396E0402FF83@1@14.4G@U@1@USB_Storage;U:;0;0@"
[   15.127313] firmadyne: sys_socket[PID: 114 (klogd)]: family:1, type:2, protocol:0
[   15.130180] firmadyne: sys_socket[PID: 114 (klogd)]: family:1, type:1, protocol:0
[   15.132094] firmadyne: sys_socket[PID: 114 (klogd)]: family:1, type:2, protocol:0
sem_get: Key: 410f00aa
sem_get: Key: [   15.139229] firmadyne: sys_socket[PID: 114 (klogd)]: family:1, type:1, protocol:0
[   15.140686] firmadyne: sys_socket[PID: 114 (klogd)]: family:1, type:2, protocol:0
410f00aa
nvram_set: usb_info_dev8[   15.147864] firmadyne: sys_socket[PID: 114 (klogd)]: family:1, type:1, protocol:0
[   15.149317] firmadyne: sys_socket[PID: 114 (klogd)]: family:1, type:2, protocol:0
 = "A200396E0402FF83@1@14.4G@U@1@USB_Storage;U:;0;0@"
sem_get: Key: 410f00aa
[   15.156792] firmadyne: sys_socket[PID: 114 (klogd)]: family:1, type:1, protocol:0
[   15.158210] firmadyne: sys_socket[PID: 114 (klogd)]: family:1, type:2, protocol:0
sem_get: Key: 410f00aa
nvram_set: usb_info_dev9 = "A200396E0402FF83@1@14.4G@U@1@USB_Storage;U:;0;0@"
[   15.168866] firmadyne: sys_socket[PID: 114 (klogd)]: family:1, type:1, protocol:0
[   15.170280] firmadyne: sys_socket[PID: 114 (klogd)]: family:1, type:2, protocol:0
sem_get: Key: 410f00aa
sem_get: Key: 410f00aa
nvram_set[   15.181181] firmadyne: sys_socket[PID: 114 (klogd)]: family:1, type:1, protocol:0
[   15.183065] firmadyne: sys_socket[PID: 114 (klogd)]: family:1, type:2, protocol:0
[   15.185891] firmadyne: sys_socket[PID: 114 (klogd)]: family:1, type:1, protocol:0
: usb_info_dev10 = "A200396E0402FF83@1@14.4G@U@1@USB_Storage;U:;0;0@"
sem_get: Key: [   15.191327] firmadyne: sys_socket[PID: 114 (klogd)]: family:1, type:2, protocol:0
[   15.194200] firmadyne: sys_socket[PID: 114 (klogd)]: family:1, type:1, protocol:0
410f00aa
sem_get: Key: [   15.199609] firmadyne: sys_socket[PID: 114 (klogd)]: family:1, type:2, protocol:0
[   15.202508] firmadyne: sys_socket[PID: 114 (klogd)]: family:1, type:1, protocol:0
410f00aa
nvram_set: usb_info_dev11 = "A200396E0402FF83@1@14.4G@U@1@USB_Storage;U:;0;0@"
sem_get: Key: 410f00aa[   15.211415] firmadyne: sys_socket[PID: 114 (klogd)]: family:1, type:2, protocol:0
[   15.214402] firmadyne: sys_socket[PID: 114 (klogd)]: family:1, type:1, protocol:0

sem_get: Key: 410f00aa
nvram_set: usb_info_dev12 = "[   15.223451] firmadyne: sys_socket[PID: 114 (klogd)]: family:1, type:2, protocol:0
[   15.226427] firmadyne: sys_socket[PID: 114 (klogd)]: family:1, type:1, protocol:0
[   15.228268] firmadyne: sys_socket[PID: 114 (klogd)]: family:1, type:2, protocol:0
[   15.231384] firmadyne: sys_socket[PID: 114 (klogd)]: family:1, type:1, protocol:0
[   15.232825] firmadyne: sys_socket[PID: 114 (klogd)]: family:1, type:2, protocol:0
A200396E0402FF83@1@14.4G@U@1@USB_Storage;U:;0;0@"
sem_get: Key: 410f00aa
sem_get: Key: 410f00aa
[   15.243812] firmadyne: sys_socket[PID: 114 (klogd)]: family:1, type:1, protocol:0
[   15.245269] firmadyne: sys_socket[PID: 114 (klogd)]: family:1, type:2, protocol:0
nvram_set: usb_info_dev13 = "A200396E0402FF83@1@14.4G@U@1@USB_Storage;U:;0;0@"
sem_get[   15.252600] firmadyne: sys_socket[PID: 114 (klogd)]: family:1, type:1, protocol:0
[   15.254021] firmadyne: sys_socket[PID: 114 (klogd)]: family:1, type:2, protocol:0
: Key: 410f00aa
sem_get: Key: [   15.261180] firmadyne: sys_socket[PID: 114 (klogd)]: family:1, type:1, protocol:0
410f00aa
nvram_set: usb_info_dev14[   15.266963] firmadyne: sys_socket[PID: 114 (klogd)]: family:1, type:2, protocol:0
[   15.269945] firmadyne: sys_socket[PID: 114 (klogd)]: family:1, type:1, protocol:0
 = "A200396E0402FF83@1@14.4G@U@1@USB_Storage;U:;0;0@"
sem_get: Key: 410f00aa
sem_get: Key: 410f00aa
[   15.279288] firmadyne: sys_socket[PID: 114 (klogd)]: family:1, type:2, protocol:0
[   15.282163] firmadyne: sys_socket[PID: 114 (klogd)]: family:1, type:1, protocol:0
nvram_set: usb_info_dev15 = "A200396E0402FF83@1@14.4G@U@1@USB_Storage;U:;0;0@"
sem_get: Key: 410f00aa
[   15.293002] firmadyne: sys_socket[PID: 114 (klogd)]: family:1, type:2, protocol:0
[   15.296388] firmadyne: sys_socket[PID: 114 (klogd)]: family:1, type:1, protocol:0
[   15.297841] firmadyne: sys_socket[PID: 114 (klogd)]: family:1, type:2, protocol:0
sem_get: Key: 410f00aa
[   15.304968] firmadyne: sys_socket[PID: 114 (klogd)]: family:1, type:1, protocol:0
[   15.306408] firmadyne: sys_socket[PID: 114 (klogd)]: family:1, type:2, protocol:0
nvram_set: usb_info_dev16 = "A200396E0402FF83@1@14.4G@U@1@USB_Storage;U:;0;0@"
sem_get: Key: 410f00aa
[   15.316824] firmadyne: sys_socket[PID: 114 (klogd)]: family:1, type:1, protocol:0
[   15.318241] firmadyne: sys_socket[PID: 114 (klogd)]: family:1, type:2, protocol:0
sem_get: Key: 410f00aa
nvram_set: usb_info_dev17 = "A200396E0402FF83@1@14.4G@U@1@USB_Storage;U:;0;0@"
[   15.328777] firmadyne: sys_socket[PID: 114 (klogd)]: family:1, type:1, protocol:0
[   15.330199] firmadyne: sys_socket[PID: 114 (klogd)]: family:1, type:2, protocol:0
[   15.333541] firmadyne: sys_socket[PID: 114 (klogd)]: family:1, type:1, protocol:0
sem_get: Key: 410f00aa
sem_get[   15.339410] firmadyne: sys_socket[PID: 114 (klogd)]: family:1, type:2, protocol:0
[   15.342267] firmadyne: sys_socket[PID: 114 (klogd)]: family:1, type:1, protocol:0
: Key: 410f00aa
nvram_set: usb_info_dev18 = "A200396E0402FF83@1@14.4G@U@1@USB_Storage;U:;0;0@"
sem_get: Key: [   15.351275] firmadyne: sys_socket[PID: 114 (klogd)]: family:1, type:2, protocol:0
[   15.354139] firmadyne: sys_socket[PID: 114 (klogd)]: family:1, type:1, protocol:0
[   15.356039] firmadyne: sys_socket[PID: 114 (klogd)]: family:1, type:2, protocol:0
410f00aa
sem_get: Key: 410f00aa
[   15.363348] firmadyne: sys_socket[PID: 114 (klogd)]: family:1, type:1, protocol:0
[   15.364807] firmadyne: sys_socket[PID: 114 (klogd)]: family:1, type:2, protocol:0
nvram_set: usb_info_dev19 = "A200396E0402FF83@1@14.4G@U@1@USB_Storage;U:;0;0@[   15.372348] firmadyne: sys_socket[PID: 114 (klogd)]: family:1, type:1, protocol:0
[   15.373832] firmadyne: sys_socket[PID: 114 (klogd)]: family:1, type:2, protocol:0
"
sem_get: Key: 410f00aa
[   15.380875] firmadyne: sys_socket[PID: 114 (klogd)]: family:1, type:1, protocol:0
[   15.382289] firmadyne: sys_socket[PID: 114 (klogd)]: family:1, type:2, protocol:0
sem_get: Key: 410f00aa
nvram_set: usb_info_dev20 = "A200396E0402FF83@1@14.4G@U@1@USB_Storage;U:;0;0@"
[   15.392752] firmadyne: sys_socket[PID: 114 (klogd)]: family:1, type:1, protocol:0
[   15.394167] firmadyne: sys_socket[PID: 114 (klogd)]: family:1, type:2, protocol:0
sem_get: Key: 410f00aa
[   15.400790] firmadyne: sys_socket[PID: 114 (klogd)]: family:1, type:1, protocol:0
[   15.402207] firmadyne: sys_socket[PID: 114 (klogd)]: family:1, type:2, protocol:0
sem_get: Key: 410f00aa
nvram_set: usb_info_dev21 = "A200396E0402FF83@1@14.4G@U@1@USB_Storage;U:;0;0@"
sem_get: Key: [   15.413017] firmadyne: sys_socket[PID: 114 (klogd)]: family:1, type:1, protocol:0
[   15.414460] firmadyne: sys_socket[PID: 114 (klogd)]: family:1, type:2, protocol:0
410f00aa
sem_get: Key: 410f00aa
nvram_set: usb_info_dev22[   15.424891] firmadyne: sys_socket[PID: 114 (klogd)]: family:1, type:1, protocol:0
[   15.426304] firmadyne: sys_socket[PID: 114 (klogd)]: family:1, type:2, protocol:0
[   15.429672] firmadyne: sys_socket[PID: 114 (klogd)]: family:1, type:1, protocol:0
[   15.431308] firmadyne: sys_socket[PID: 114 (klogd)]: family:1, type:2, protocol:0
[   15.434154] firmadyne: sys_socket[PID: 114 (klogd)]: family:1, type:1, protocol:0
 = "A200396E0402FF83@1@14.4G@U@1@USB_Storage;U:;0;0@"
sem_get: Key: 410f00aa
sem_get: Key: 410f00aa
[   15.443283] firmadyne: sys_socket[PID: 114 (klogd)]: family:1, type:2, protocol:0
[   15.446221] firmadyne: sys_socket[PID: 114 (klogd)]: family:1, type:1, protocol:0
nvram_set: usb_info_dev23 = "A200396E0402FF83@1@14.4G@U@1@USB_Storage;U:;0;0@"
sem_get: Key: 410f00aa
[   15.455266] firmadyne: sys_socket[PID: 114 (klogd)]: family:1, type:2, protocol:0
[   15.458237] firmadyne: sys_socket[PID: 114 (klogd)]: family:1, type:1, protocol:0
sem_get: Key: 410f00aa
nvram_set: usb_info_dev24 = "A200396E0402FF83@1@14.4G@U@1@USB_Storage;U:;0;0@"
[   15.467261] firmadyne: sys_socket[PID: 114 (klogd)]: family:1, type:2, protocol:0
[   15.470163] firmadyne: sys_socket[PID: 114 (klogd)]: family:1, type:1, protocol:0
[   15.472074] firmadyne: sys_socket[PID: 114 (klogd)]: family:1, type:2, protocol:0
sem_get: Key: 410f00aa
sem_get: Key: [   15.479458] firmadyne: sys_socket[PID: 114 (klogd)]: family:1, type:1, protocol:0
[   15.480918] firmadyne: sys_socket[PID: 114 (klogd)]: family:1, type:2, protocol:0
410f00aa
nvram_set: usb_info_dev25 = "A200396E0402FF83@1@14.4G@U@1@USB_Storage;U:;0;0@"
sem_get: Key: 410f00aa[   15.492410] firmadyne: sys_socket[PID: 114 (klogd)]: family:1, type:1, protocol:0
[   15.493894] firmadyne: sys_socket[PID: 114 (klogd)]: family:1, type:2, protocol:0
[   15.497360] firmadyne: sys_socket[PID: 114 (klogd)]: family:1, type:1, protocol:0

sem_get: Key: 410f00aa
[   15.503112] firmadyne: sys_socket[PID: 114 (klogd)]: family:1, type:2, protocol:0
[   15.506138] firmadyne: sys_socket[PID: 114 (klogd)]: family:1, type:1, protocol:0
nvram_set: usb_info_dev26 = "A200396E0402FF83@1@14.4G@U@1@USB_Storage;U:;0;0@"
sem_get: Key: 410f00aa
[   15.515363] firmadyne: sys_socket[PID: 114 (klogd)]: family:1, type:2, protocol:0
[   15.518272] firmadyne: sys_socket[PID: 114 (klogd)]: family:1, type:1, protocol:0
sem_get: Key: 410f00aa
nvram_set: usb_info_dev27 = "A200396E0402FF83@1@14.4G@U@1@USB_Storage;U:;0;0@"
[   15.527282] firmadyne: sys_socket[PID: 114 (klogd)]: family:1, type:2, protocol:0
[   15.530211] firmadyne: sys_socket[PID: 114 (klogd)]: family:1, type:1, protocol:0
[   15.532130] firmadyne: sys_socket[PID: 114 (klogd)]: family:1, type:2, protocol:0
[   15.535257] firmadyne: sys_socket[PID: 114 (klogd)]: family:1, type:1, protocol:0
[   15.536603] firmadyne: sys_socket[PID: 114 (klogd)]: family:1, type:2, protocol:0
sem_get: Key: 410f00aa
sem_get: Key: 410f00aa
nvram_set: usb_info_dev28[   15.547994] firmadyne: sys_socket[PID: 114 (klogd)]: family:1, type:1, protocol:0
[   15.549453] firmadyne: sys_socket[PID: 114 (klogd)]: family:1, type:2, protocol:0
 = "A200396E0402FF83@1@14.4G@U@1@USB_Storage;U:;0;0@"
sem_get: Key: 410f00aa
[   15.556528] firmadyne: sys_socket[PID: 114 (klogd)]: family:1, type:1, protocol:0
[   15.557955] firmadyne: sys_socket[PID: 114 (klogd)]: family:1, type:2, protocol:0
sem_get: Key: 410f00aa
[   15.564917] firmadyne: sys_socket[PID: 114 (klogd)]: family:1, type:1, protocol:0
[   15.566337] firmadyne: sys_socket[PID: 114 (klogd)]: family:1, type:2, protocol:0
nvram_set: usb_info_dev29 = "A200396E0402FF83@1@14.4G@U@1@USB_Storage;U:;0;0@"
sem_get: Key: 410f00aa
sem_get: Key: 410f00aa
nvram_set: usb_info_dev30 = "A200396E0402FF83@1@14.4G@U@1@USB_Storage;U:;0;0@"
sem_get: Key: 410f00aa
[   15.599211] firmadyne: sys_socket[PID: 114 (klogd)]: family:1, type:1, protocol:0
[   15.600701] firmadyne: sys_socket[PID: 114 (klogd)]: family:1, type:2, protocol:0
sem_get: Key: 410f00aa
nvram_set[   15.608927] firmadyne: sys_socket[PID: 114 (klogd)]: family:1, type:1, protocol:0
[   15.610413] firmadyne: sys_socket[PID: 114 (klogd)]: family:1, type:2, protocol:0
[   15.613519] firmadyne: sys_socket[PID: 114 (klogd)]: family:1, type:1, protocol:0
: usb_info_dev31 = "A200396E0402FF83@1@14.4G@U@1@USB_Storage;U:;0;0@"
sem_get: Key: 410f00aa
sem_get: Key: 410f00aa
[   15.623285] firmadyne: sys_socket[PID: 114 (klogd)]: family:1, type:2, protocol:0
[   15.626258] firmadyne: sys_socket[PID: 114 (klogd)]: family:1, type:1, protocol:0
nvram_set: usb_info_dev32 = "A200396E0402FF83@1@14.4G@U@1@USB_Storage;U:;0;0@"
sem_get: Key: 410f00aa
[   15.635327] firmadyne: sys_socket[PID: 114 (klogd)]: family:1, type:2, protocol:0
[   15.638234] firmadyne: sys_socket[PID: 114 (klogd)]: family:1, type:1, protocol:0
sem_get: Key: 410f00aa
nvram_set: usb_info_dev33 = "A200396E0402FF83@1@14.4G@U@1@USB_Storage;U:;0;0@"
[   15.647283] firmadyne: sys_socket[PID: 114 (klogd)]: family:1, type:2, protocol:0
[   15.650228] firmadyne: sys_socket[PID: 114 (klogd)]: family:1, type:1, protocol:0
[   15.652152] firmadyne: sys_socket[PID: 114 (klogd)]: family:1, type:2, protocol:0
[   15.655286] firmadyne: sys_socket[PID: 114 (klogd)]: family:1, type:1, protocol:0
[   15.656708] firmadyne: sys_socket[PID: 114 (klogd)]: family:1, type:2, protocol:0
sem_get: Key: 410f00aa
sem_get: Key: 410f00aa
nvram_set: usb_info_dev34 = "[   15.668150] firmadyne: sys_socket[PID: 114 (klogd)]: family:1, type:1, protocol:0
[   15.669606] firmadyne: sys_socket[PID: 114 (klogd)]: family:1, type:2, protocol:0
A200396E0402FF83@1@14.4G@U@1@USB_Storage;U:;0;0@"
sem_get: Key: 410f00aa
[   15.676882] firmadyne: sys_socket[PID: 114 (klogd)]: family:1, type:1, protocol:0
[   15.678302] firmadyne: sys_socket[PID: 114 (klogd)]: family:1, type:2, protocol:0
sem_get: Key: 410f00aa
[   15.685837] firmadyne: sys_socket[PID: 114 (klogd)]: family:1, type:1, protocol:0
nvram_set: usb_info_dev35 = "A200396E0402FF83@1@14.4G@U@1@USB_Storage;U:;0;0@[   15.691572] firmadyne: sys_socket[PID: 114 (klogd)]: family:1, type:2, protocol:0
[   15.694634] firmadyne: sys_socket[PID: 114 (klogd)]: family:1, type:1, protocol:0
"
sem_get: Key: 410f00aa
sem_get: Key: 410f00aa
[   15.703319] firmadyne: sys_socket[PID: 114 (klogd)]: family:1, type:2, protocol:0
[   15.706242] firmadyne: sys_socket[PID: 114 (klogd)]: family:1, type:1, protocol:0
nvram_set: usb_info_dev36 = "A200396E0402FF83@1@14.4G@U@1@USB_Storage;U:;0;0@"
sem_get: Key: 410f00aa
[   15.715299] firmadyne: sys_socket[PID: 114 (klogd)]: family:1, type:2, protocol:0
[   15.718208] firmadyne: sys_socket[PID: 114 (klogd)]: family:1, type:1, protocol:0
[   15.720129] firmadyne: sys_socket[PID: 114 (klogd)]: family:1, type:2, protocol:0
[   15.723281] firmadyne: sys_socket[PID: 114 (klogd)]: family:1, type:1, protocol:0
[   15.724730] firmadyne: sys_socket[PID: 114 (klogd)]: family:1, type:2, protocol:0
sem_get: Key: 410f00aa
nvram_set: usb_info_dev37 = "A200396E0402FF83@1@14.4G@U@1@USB_Storage;U:;0;0@"
sem_get: Key: 410f00aa
sem_get: Key: 410f00aa[   15.740271] firmadyne: sys_socket[PID: 114 (klogd)]: family:1, type:1, protocol:0
[   15.741734] firmadyne: sys_socket[PID: 114 (klogd)]: family:1, type:2, protocol:0
[   15.745029] firmadyne: sys_socket[PID: 114 (klogd)]: family:1, type:1, protocol:0
[   15.746462] firmadyne: sys_socket[PID: 114 (klogd)]: family:1, type:2, protocol:0

nvram_set: usb_info_dev38 = "A200396E0402FF83@1@14.4G@U@1@USB_Storage;U:;0;0@"
sem_get: Key: 410f00aa
[   15.756863] firmadyne: sys_socket[PID: 114 (klogd)]: family:1, type:1, protocol:0
[   15.758279] firmadyne: sys_socket[PID: 114 (klogd)]: family:1, type:2, protocol:0
sem_get: Key: 410f00aa
nvram_set: usb_info_dev39 = "A200396E0402FF83@1@14.4G@U@1@USB_Storage;U:;0;0@[   15.769242] firmadyne: sys_socket[PID: 114 (klogd)]: family:1, type:1, protocol:0
[   15.771151] firmadyne: sys_socket[PID: 114 (klogd)]: family:1, type:2, protocol:0
[   15.774084] firmadyne: sys_socket[PID: 114 (klogd)]: family:1, type:1, protocol:0
"
sem_get: Key: 410f00aa
[   15.779361] firmadyne: sys_socket[PID: 114 (klogd)]: family:1, type:2, protocol:0
[   15.782267] firmadyne: sys_socket[PID: 114 (klogd)]: family:1, type:1, protocol:0
sem_get: Key: 410f00aa
nvram_set: usb_info_dev40 = "A200396E0402FF83@1@14.4G@U@1@USB_Storage;U:;0;0@"
[   15.791259] firmadyne: sys_socket[PID: 114 (klogd)]: family:1, type:2, protocol:0
[   15.794176] firmadyne: sys_socket[PID: 114 (klogd)]: family:1, type:1, protocol:0
sem_get: Key: 410f00aa
[   15.799327] firmadyne: sys_socket[PID: 114 (klogd)]: family:1, type:2, protocol:0
[   15.802234] firmadyne: sys_socket[PID: 114 (klogd)]: family:1, type:1, protocol:0
sem_get: Key: 410f00aa
nvram_set: usb_info_dev41 = "A200396E0402FF83@1@14.4G@U@1@USB_Storage;U:;0;0@"
sem_get[   15.811447] firmadyne: sys_socket[PID: 114 (klogd)]: family:1, type:2, protocol:0
[   15.814371] firmadyne: sys_socket[PID: 114 (klogd)]: family:1, type:1, protocol:0
: Key: 410f00aa
sem_get: Key: 410f00aa
nvram_set: usb_info_dev42[   15.823743] firmadyne: sys_socket[PID: 114 (klogd)]: family:1, type:2, protocol:0
[   15.827015] firmadyne: sys_socket[PID: 114 (klogd)]: family:1, type:1, protocol:0
[   15.828453] firmadyne: sys_socket[PID: 114 (klogd)]: family:1, type:2, protocol:0
 = "A200396E0402FF83@1@14.4G@U@1@USB_Storage;U:;0;0@"
sem_get: Key: 410f00aa
[   15.835802] firmadyne: sys_socket[PID: 114 (klogd)]: family:1, type:1, protocol:0
[   15.837259] firmadyne: sys_socket[PID: 114 (klogd)]: family:1, type:2, protocol:0
sem_get: Key: 410f00aa
[   15.844505] firmadyne: sys_socket[PID: 114 (klogd)]: family:1, type:1, protocol:0
[   15.845964] firmadyne: sys_socket[PID: 114 (klogd)]: family:1, type:2, protocol:0
nvram_set: usb_info_dev43 = "A200396E0402FF83@1@14.4G@U@1@USB_Storage;U:;0;0@"
[   15.852869] firmadyne: sys_socket[PID: 114 (klogd)]: family:1, type:1, protocol:0
[   15.854335] firmadyne: sys_socket[PID: 114 (klogd)]: family:1, type:2, protocol:0
sem_get: Key: 410f00aa
sem_get: Key: 410f00aa
nvram_set[   15.865131] firmadyne: sys_socket[PID: 114 (klogd)]: family:1, type:1, protocol:0
[   15.866795] firmadyne: sys_socket[PID: 114 (klogd)]: family:1, type:2, protocol:0
[   15.869857] firmadyne: sys_socket[PID: 114 (klogd)]: family:1, type:1, protocol:0
[   15.871510] firmadyne: sys_socket[PID: 114 (klogd)]: family:1, type:2, protocol:0
[   15.874367] firmadyne: sys_socket[PID: 114 (klogd)]: family:1, type:1, protocol:0
: usb_info_dev44 = "A200396E0402FF83@1@14.4G@U@1@USB_Storage;U:;0;0@"
sem_get: Key: 410f00aa
sem_get: Key: 410f00aa
nvram_set: usb_info_dev45 = "A200396E0402FF83@1@14.4G@U@1@USB_Storage;U:;0;0@"
sem_get: Key: 410f00aa
[   15.891549] firmadyne: sys_socket[PID: 114 (klogd)]: family:1, type:2, protocol:0
[   15.894611] firmadyne: sys_socket[PID: 114 (klogd)]: family:1, type:1, protocol:0
[   15.896462] firmadyne: sys_socket[PID: 114 (klogd)]: family:1, type:2, protocol:0
[   15.899593] firmadyne: sys_socket[PID: 114 (klogd)]: family:1, type:1, protocol:0
[   15.901003] firmadyne: sys_socket[PID: 114 (klogd)]: family:1, type:2, protocol:0
sem_get: Key: 410f00aa
nvram_set: usb_info_dev46 = "A200396E0402FF83@1@14.4G@U@1@USB_Storage;U:;0;0@"
[   15.912135] firmadyne: sys_socket[PID: 114 (klogd)]: family:1, type:1, protocol:0
[   15.913578] firmadyne: sys_socket[PID: 114 (klogd)]: family:1, type:2, protocol:0
sem_get: Key: 410f00aa
sem_get: Key: [   15.921191] firmadyne: sys_socket[PID: 114 (klogd)]: family:1, type:1, protocol:0
410f00aa
nvram_set: usb_info_dev47[   15.926873] firmadyne: sys_socket[PID: 114 (klogd)]: family:1, type:2, protocol:0
[   15.929837] firmadyne: sys_socket[PID: 114 (klogd)]: family:1, type:1, protocol:0
 = "A200396E0402FF83@1@14.4G@U@1@USB_Storage;U:;0;0@"
sem_get: Key: 410f00aa
[   15.935389] firmadyne: sys_socket[PID: 114 (klogd)]: family:1, type:2, protocol:0
[   15.938295] firmadyne: sys_socket[PID: 114 (klogd)]: family:1, type:1, protocol:0
sem_get: Key: 410f00aa
nvram_set: usb_info_dev48 = "A200396E0402FF83@1@14.4G@U@1@USB_Storage;U:;0;0@[   15.947580] firmadyne: sys_socket[PID: 114 (klogd)]: family:1, type:2, protocol:0
[   15.950512] firmadyne: sys_socket[PID: 114 (klogd)]: family:1, type:1, protocol:0
[   15.952358] firmadyne: sys_socket[PID: 114 (klogd)]: family:1, type:2, protocol:0
[   15.955488] firmadyne: sys_socket[PID: 114 (klogd)]: family:1, type:1, protocol:0
[   15.956898] firmadyne: sys_socket[PID: 114 (klogd)]: family:1, type:2, protocol:0
"
sem_get: Key: 410f00aa
sem_get: Key: 410f00aa
nvram_set[   15.968179] firmadyne: sys_socket[PID: 114 (klogd)]: family:1, type:1, protocol:0
[   15.969549] firmadyne: sys_socket[PID: 114 (klogd)]: family:1, type:2, protocol:0
: usb_info_dev49 = "A200396E0402FF83@1@14.4G@U@1@USB_Storage;U:;0;0@"
sem_get: Key: 410f00aa[   15.976904] firmadyne: sys_socket[PID: 114 (klogd)]: family:1, type:1, protocol:0
[   15.978317] firmadyne: sys_socket[PID: 114 (klogd)]: family:1, type:2, protocol:0

sem_get: Key: 410f00aa
nvram_set: usb_info_dev50 = "[   15.988769] firmadyne: sys_socket[PID: 114 (klogd)]: family:1, type:1, protocol:0
[   15.990183] firmadyne: sys_socket[PID: 114 (klogd)]: family:1, type:2, protocol:0
A200396E0402FF83@1@14.4G@U@1@USB_Storage;U:;0;0@"
sem_get: Key: 410f00aa
[   15.996925] firmadyne: sys_socket[PID: 114 (klogd)]: family:1, type:1, protocol:0
[   15.998355] firmadyne: sys_socket[PID: 114 (klogd)]: family:1, type:2, protocol:0
sem_get: Key: 410f00aa
nvram_set: usb_info_dev51 = "A200396E0402FF83@1@14.4G@U@1@USB_Storage;U:;0;0@[   16.009128] firmadyne: sys_socket[PID: 114 (klogd)]: family:1, type:1, protocol:0
[   16.010789] firmadyne: sys_socket[PID: 114 (klogd)]: family:1, type:2, protocol:0
"
sem_get: Key: 410f00aa
sem_get: Key: 410f00aa
[   16.020778] firmadyne: sys_socket[PID: 114 (klogd)]: family:1, type:1, protocol:0
[   16.022192] firmadyne: sys_socket[PID: 114 (klogd)]: family:1, type:2, protocol:0
[   16.025551] firmadyne: sys_socket[PID: 114 (klogd)]: family:1, type:1, protocol:0
nvram_set: usb_info_dev52 = "A200396E0402FF83@1@14.4G@U@1@USB_Storage;U:;0;0@"
sem_get[   16.031589] firmadyne: sys_socket[PID: 114 (klogd)]: family:1, type:2, protocol:0
[   16.034529] firmadyne: sys_socket[PID: 114 (klogd)]: family:1, type:1, protocol:0
: Key: 410f00aa
sem_get: Key: 410f00aa
nvram_set: [   16.043281] firmadyne: sys_socket[PID: 114 (klogd)]: family:1, type:2, protocol:0
usb_info_dev53 = "A200396E0402FF83@1@14.4G@U@1@USB_Storage;U:;0;0@"
sem_get: Key: 410f00aa
sem_get: Key: 410f00aa
nvram_set: usb_info_dev54[   16.067379] firmadyne: sys_socket[PID: 114 (klogd)]: family:1, type:1, protocol:0
[   16.068845] firmadyne: sys_socket[PID: 114 (klogd)]: family:1, type:2, protocol:0
 = "A200396E0402FF83@1@14.4G@U@1@USB_Storage;U:;0;0@"
sem_get: Key: 410f00aa
[   16.075938] firmadyne: sys_socket[PID: 114 (klogd)]: family:1, type:1, protocol:0
[   16.077395] firmadyne: sys_socket[PID: 114 (klogd)]: family:1, type:2, protocol:0
sem_get: Key: 410f00aa
[   16.085559] firmadyne: sys_socket[PID: 114 (klogd)]: family:1, type:1, protocol:0
[   16.087246] firmadyne: sys_socket[PID: 114 (klogd)]: family:1, type:2, protocol:0
[   16.090125] firmadyne: sys_socket[PID: 114 (klogd)]: family:1, type:1, protocol:0
nvram_set: usb_info_dev55 = "A200396E0402FF83@1@14.4G@U@1@USB_Storage;U:;0;0@"
sem_get: Key: 410f00aa
[   16.099432] firmadyne: sys_socket[PID: 114 (klogd)]: family:1, type:2, protocol:0
[   16.102382] firmadyne: sys_socket[PID: 114 (klogd)]: family:1, type:1, protocol:0
sem_get: Key: 410f00aa
nvram_set: usb_info_dev56 = "A200396E0402FF83@1@14.4G@U@1@USB_Storage;U:;0;0@"
[   16.111422] firmadyne: sys_socket[PID: 114 (klogd)]: family:1, type:2, protocol:0
[   16.114453] firmadyne: sys_socket[PID: 114 (klogd)]: family:1, type:1, protocol:0
sem_get: Key: 410f00aa
sem_get: Key: 410f00aa
[   16.123320] firmadyne: sys_socket[PID: 114 (klogd)]: family:1, type:2, protocol:0
[   16.126321] firmadyne: sys_socket[PID: 114 (klogd)]: family:1, type:1, protocol:0
nvram_set: usb_info_dev57 = "A200396E0402FF83@1@14.4G@U@1@USB_Storage;U:;0;0@"
sem_get: Key: 410f00aa
[   16.135457] firmadyne: sys_socket[PID: 114 (klogd)]: family:1, type:2, protocol:0
[   16.138400] firmadyne: sys_socket[PID: 114 (klogd)]: family:1, type:1, protocol:0
[   16.140246] firmadyne: sys_socket[PID: 114 (klogd)]: family:1, type:2, protocol:0
[   16.143386] firmadyne: sys_socket[PID: 114 (klogd)]: family:1, type:1, protocol:0
[   16.144804] firmadyne: sys_socket[PID: 114 (klogd)]: family:1, type:2, protocol:0
sem_get: Key: 410f00aa
nvram_set: usb_info_dev58 = "A200396E0402FF83@1@14.4G@U@1@USB_Storage;U:;0;0@"
sem_get: Key: [   16.155885] firmadyne: sys_socket[PID: 114 (klogd)]: family:1, type:1, protocol:0
[   16.157276] firmadyne: sys_socket[PID: 114 (klogd)]: family:1, type:2, protocol:0
410f00aa
sem_get: Key: 410f00aa
[   16.164832] firmadyne: sys_socket[PID: 114 (klogd)]: family:1, type:1, protocol:0
[   16.166257] firmadyne: sys_socket[PID: 114 (klogd)]: family:1, type:2, protocol:0
nvram_set: usb_info_dev59 = "A200396E0402FF83@1@14.4G@U@1@USB_Storage;U:;0;0@"
sem_get: Key: 410f00aa
[   16.176790] firmadyne: sys_socket[PID: 114 (klogd)]: family:1, type:1, protocol:0
[   16.178210] firmadyne: sys_socket[PID: 114 (klogd)]: family:1, type:2, protocol:0
[   16.181588] firmadyne: sys_socket[PID: 114 (klogd)]: family:1, type:1, protocol:0
[   16.183225] firmadyne: sys_socket[PID: 114 (klogd)]: family:1, type:2, protocol:0
[   16.186082] firmadyne: sys_socket[PID: 114 (klogd)]: family:1, type:1, protocol:0
sem_get: Key: 410f00aa
nvram_set: usb_info_dev60 = "A200396E0402FF83@1@14.4G@U@1@USB_Storage;U:;0;0@"
[   16.195341] firmadyne: sys_socket[PID: 114 (klogd)]: family:1, type:2, protocol:0
[   16.198254] firmadyne: sys_socket[PID: 114 (klogd)]: family:1, type:1, protocol:0
sem_get: Key: 410f00aa
sem_get: Key: 410f00aa
nvram_set[   16.207406] firmadyne: sys_socket[PID: 114 (klogd)]: family:1, type:2, protocol:0
[   16.210438] firmadyne: sys_socket[PID: 114 (klogd)]: family:1, type:1, protocol:0
: usb_info_dev61 = "A200396E0402FF83@1@14.4G@U@1@USB_Storage;U:;0;0@"
sem_get: Key: 410f00aa
sem_get: Key: [   16.219558] firmadyne: sys_socket[PID: 114 (klogd)]: family:1, type:2, protocol:0
[   16.222501] firmadyne: sys_socket[PID: 114 (klogd)]: family:1, type:1, protocol:0
[   16.224355] firmadyne: sys_socket[PID: 114 (klogd)]: family:1, type:2, protocol:0
[   16.227567] firmadyne: sys_socket[PID: 114 (klogd)]: family:1, type:1, protocol:0
[   16.228986] firmadyne: sys_socket[PID: 114 (klogd)]: family:1, type:2, protocol:0
410f00aa
nvram_set: usb_info_dev62 = "A200396E0402FF83@1@14.4G@U@1@USB_Storage;U:;0;0@"
sem_get: Key: 410f00aa
[   16.240245] firmadyne: sys_socket[PID: 114 (klogd)]: family:1, type:1, protocol:0
[   16.241732] firmadyne: sys_socket[PID: 114 (klogd)]: family:1, type:2, protocol:0
sem_get: Key: 410f00aa
[   16.248802] firmadyne: sys_socket[PID: 114 (klogd)]: family:1, type:1, protocol:0
[   16.250219] firmadyne: sys_socket[PID: 114 (klogd)]: family:1, type:2, protocol:0
nvram_set: usb_info_dev63 = "A200396E0402FF83@1@14.4G@U@1@USB_Storage;U:;0;0@"
sem_get: Key: 410f00aa
sem_get[   16.261236] firmadyne: sys_socket[PID: 114 (klogd)]: family:1, type:1, protocol:0
: Key: 410f00aa
nvram_set: [   16.266882] firmadyne: sys_socket[PID: 114 (klogd)]: family:1, type:2, protocol:0
[   16.269858] firmadyne: sys_socket[PID: 114 (klogd)]: family:1, type:1, protocol:0
usb_info_dev64 = "A200396E0402FF83@1@14.4G@U@1@USB_Storage;U:;0;0@"
sem_get: Key: 410f00aa[   16.275576] firmadyne: sys_socket[PID: 114 (klogd)]: family:1, type:2, protocol:0
[   16.278532] firmadyne: sys_socket[PID: 114 (klogd)]: family:1, type:1, protocol:0

sem_get: Key: [   16.284373] firmadyne: sys_socket[PID: 114 (klogd)]: family:1, type:2, protocol:0
[   16.287640] firmadyne: sys_socket[PID: 114 (klogd)]: family:1, type:1, protocol:0
[   16.289054] firmadyne: sys_socket[PID: 114 (klogd)]: family:1, type:2, protocol:0
410f00aa
nvram_set: usb_info_dev65 = "A200396E0402FF83@1@14.4G@U@1@USB_Storage;U:;0;0@"
sem_get: Key: 410f00aa
[   16.300424] firmadyne: sys_socket[PID: 114 (klogd)]: family:1, type:1, protocol:0
[   16.301877] firmadyne: sys_socket[PID: 114 (klogd)]: family:1, type:2, protocol:0
sem_get: Key: 410f00aa
[   16.308791] firmadyne: sys_socket[PID: 114 (klogd)]: family:1, type:1, protocol:0
[   16.310208] firmadyne: sys_socket[PID: 114 (klogd)]: family:1, type:2, protocol:0
nvram_set: usb_info_dev66 = "A200396E0402FF83@1@14.4G@U@1@USB_Storage;U:;0;0@"
sem_get: Key: 410f00aa
[   16.320887] firmadyne: sys_socket[PID: 114 (klogd)]: family:1, type:1, protocol:0
[   16.322304] firmadyne: sys_socket[PID: 114 (klogd)]: family:1, type:2, protocol:0
sem_get: Key: 410f00aa
nvram_set: usb_info_dev67 = "A200396E0402FF83@1@14.4G@U@1@USB_Storage;U:;0;0@"
sem_get[   16.332768] firmadyne: sys_socket[PID: 114 (klogd)]: family:1, type:1, protocol:0
[   16.334187] firmadyne: sys_socket[PID: 114 (klogd)]: family:1, type:2, protocol:0
[   16.337623] firmadyne: sys_socket[PID: 114 (klogd)]: family:1, type:1, protocol:0
: Key: 410f00aa
sem_get: Key: 410f00aa[   16.343759] firmadyne: sys_socket[PID: 114 (klogd)]: family:1, type:2, protocol:0

nvram_set: usb_info_dev68 = "A200396E0402FF83@1@14.4G@U@1@USB_Storage;U:;0;0@[   16.351456] firmadyne: sys_socket[PID: 114 (klogd)]: family:1, type:1, protocol:0
[   16.352917] firmadyne: sys_socket[PID: 114 (klogd)]: family:1, type:2, protocol:0
"
sem_get: Key: 410f00aa
[   16.359880] firmadyne: sys_socket[PID: 114 (klogd)]: family:1, type:1, protocol:0
[   16.361379] firmadyne: sys_socket[PID: 114 (klogd)]: family:1, type:2, protocol:0
sem_get: Key: 410f00aa
[   16.368500] firmadyne: sys_socket[PID: 114 (klogd)]: family:1, type:1, protocol:0
[   16.369925] firmadyne: sys_socket[PID: 114 (klogd)]: family:1, type:2, protocol:0
nvram_set: usb_info_dev69 = "A200396E0402FF83@1@14.4G@U@1@USB_Storage;U:;0;0@"
sem_get[   16.377039] firmadyne: sys_socket[PID: 114 (klogd)]: family:1, type:1, protocol:0
[   16.378484] firmadyne: sys_socket[PID: 114 (klogd)]: family:1, type:2, protocol:0
: Key: 410f00aa
sem_get: Key: 410f00aa
nvram_set: [   16.388816] firmadyne: sys_socket[PID: 114 (klogd)]: family:1, type:1, protocol:0
[   16.390289] firmadyne: sys_socket[PID: 114 (klogd)]: family:1, type:2, protocol:0
usb_info_dev70 = "A200396E0402FF83@1@14.4G@U@1@USB_Storage;U:;0;0@"
sem_get: Key: 410f00aa
sem_get: Key: 410f00aa[   16.401008] firmadyne: sys_socket[PID: 114 (klogd)]: family:1, type:1, protocol:0
[   16.402501] firmadyne: sys_socket[PID: 114 (klogd)]: family:1, type:2, protocol:0
[   16.405791] firmadyne: sys_socket[PID: 114 (klogd)]: family:1, type:1, protocol:0
[   16.407435] firmadyne: sys_socket[PID: 114 (klogd)]: family:1, type:2, protocol:0
[   16.410349] firmadyne: sys_socket[PID: 114 (klogd)]: family:1, type:1, protocol:0

nvram_set: usb_info_dev71 = "A200396E0402FF83@1@14.4G@U@1@USB_Storage;U:;0;0@"
sem_get: Key: 410f00aa
[   16.419304] firmadyne: sys_socket[PID: 114 (klogd)]: family:1, type:2, protocol:0
[   16.422208] firmadyne: sys_socket[PID: 114 (klogd)]: family:1, type:1, protocol:0
sem_get: Key: 410f00aa
nvram_set: usb_info_dev72 = "A200396E0402FF83@1@14.4G@U@1@USB_Storage;U:;0;0@[   16.431490] firmadyne: sys_socket[PID: 114 (klogd)]: family:1, type:2, protocol:0
[   16.434521] firmadyne: sys_socket[PID: 114 (klogd)]: family:1, type:1, protocol:0
"
sem_get: Key: 410f00aa
sem_get: Key: 410f00aa
[   16.443317] firmadyne: sys_socket[PID: 114 (klogd)]: family:1, type:2, protocol:0
[   16.446258] firmadyne: sys_socket[PID: 114 (klogd)]: family:1, type:1, protocol:0
[   16.448174] firmadyne: sys_socket[PID: 114 (klogd)]: family:1, type:2, protocol:0
[   16.451299] firmadyne: sys_socket[PID: 114 (klogd)]: family:1, type:1, protocol:0
[   16.452715] firmadyne: sys_socket[PID: 114 (klogd)]: family:1, type:2, protocol:0
nvram_set: usb_info_dev73 = "A200396E0402FF83@1@14.4G@U@1@USB_Storage;U:;0;0@"
sem_get: Key: 410f00aa
sem_get: Key: [   16.463965] firmadyne: sys_socket[PID: 114 (klogd)]: family:1, type:1, protocol:0
[   16.465420] firmadyne: sys_socket[PID: 114 (klogd)]: family:1, type:2, protocol:0
410f00aa
nvram_set: usb_info_dev74[   16.472611] firmadyne: sys_socket[PID: 114 (klogd)]: family:1, type:1, protocol:0
[   16.474035] firmadyne: sys_socket[PID: 114 (klogd)]: family:1, type:2, protocol:0
 = "A200396E0402FF83@1@14.4G@U@1@USB_Storage;U:;0;0@"
sem_get: Key: 410f00aa
sem_get: Key: 410f00aa
[   16.485881] firmadyne: sys_socket[PID: 114 (klogd)]: family:1, type:1, protocol:0
[   16.487761] firmadyne: sys_socket[PID: 114 (klogd)]: family:1, type:2, protocol:0
nvram_set: usb_info_dev75 = "A200396E0402FF83@1@14.4G@U@1@USB_Storage;U:;0;0@"
[   16.495365] firmadyne: sys_socket[PID: 114 (klogd)]: family:1, type:1, protocol:0
[   16.496833] firmadyne: sys_socket[PID: 114 (klogd)]: family:1, type:2, protocol:0
sem_get: Key: 410f00aa
sem_get[   16.504284] firmadyne: sys_socket[PID: 114 (klogd)]: family:1, type:1, protocol:0
[   16.505761] firmadyne: sys_socket[PID: 114 (klogd)]: family:1, type:2, protocol:0
: Key: 410f00aa
nvram_set: usb_info_dev76 = "A200396E0402FF83@1@14.4G@U@1@USB_Storage;U:;0;0@"
sem_get: Key: 410f00aa
sem_get: Key: 410f00aa
nvram_set: usb_info_dev77 = "A200396E0402FF83@1@14.4G@U@1@USB_Storage;U:;0;0@"
[   16.535389] firmadyne: sys_socket[PID: 114 (klogd)]: family:1, type:1, protocol:0
[   16.536856] firmadyne: sys_socket[PID: 114 (klogd)]: family:1, type:2, protocol:0
sem_get: Key: 410f00aa
sem_get[   16.544296] firmadyne: sys_socket[PID: 114 (klogd)]: family:1, type:1, protocol:0
[   16.545772] firmadyne: sys_socket[PID: 114 (klogd)]: family:1, type:2, protocol:0
: Key: 410f00aa
nvram_set: [   16.552874] firmadyne: sys_socket[PID: 114 (klogd)]: family:1, type:1, protocol:0
[   16.554290] firmadyne: sys_socket[PID: 114 (klogd)]: family:1, type:2, protocol:0
usb_info_dev78 = "A200396E0402FF83@1@14.4G@U@1@USB_Storage;U:;0;0@"
sem_get: Key: 410f00aa
sem_get: Key: 410f00aa
[   16.565129] firmadyne: sys_socket[PID: 114 (klogd)]: family:1, type:1, protocol:0
nvram_set: usb_info_dev79 = "A200396E0402FF83@1@14.4G@U@1@USB_Storage;U:;0;0@[   16.570924] firmadyne: sys_socket[PID: 114 (klogd)]: family:1, type:2, protocol:0
[   16.573870] firmadyne: sys_socket[PID: 114 (klogd)]: family:1, type:1, protocol:0
"
sem_get: Key: 410f00aa
[   16.579336] firmadyne: sys_socket[PID: 114 (klogd)]: family:1, type:2, protocol:0
[   16.582242] firmadyne: sys_socket[PID: 114 (klogd)]: family:1, type:1, protocol:0
sem_get: Key: 410f00aa
nvram_set: usb_info_dev80 = "A200396E0402FF83@1@14.4G@U@1@USB_Storage;U:;0;0@"
[   16.591263] firmadyne: sys_socket[PID: 114 (klogd)]: family:1, type:2, protocol:0
[   16.594193] firmadyne: sys_socket[PID: 114 (klogd)]: family:1, type:1, protocol:0
sem_get: Key: 410f00aa
sem_get: Key: 410f00aa
nvram_set: [   16.603409] firmadyne: sys_socket[PID: 114 (klogd)]: family:1, type:2, protocol:0
[   16.606313] firmadyne: sys_socket[PID: 114 (klogd)]: family:1, type:1, protocol:0
[   16.608243] firmadyne: sys_socket[PID: 114 (klogd)]: family:1, type:2, protocol:0
[   16.611377] firmadyne: sys_socket[PID: 114 (klogd)]: family:1, type:1, protocol:0
[   16.612798] firmadyne: sys_socket[PID: 114 (klogd)]: family:1, type:2, protocol:0
usb_info_dev81 = "A200396E0402FF83@1@14.4G@U@1@USB_Storage;U:;0;0@"
sem_get: Key: 410f00aa
sem_get: Key: 410f00aa
[   16.623857] firmadyne: sys_socket[PID: 114 (klogd)]: family:1, type:1, protocol:0
[   16.625315] firmadyne: sys_socket[PID: 114 (klogd)]: family:1, type:2, protocol:0
nvram_set: usb_info_dev82 = "A200396E0402FF83@1@14.4G@U@1@USB_Storage;U:;0;0@"
[   16.632566] firmadyne: sys_socket[PID: 114 (klogd)]: family:1, type:1, protocol:0
[   16.633989] firmadyne: sys_socket[PID: 114 (klogd)]: family:1, type:2, protocol:0
sem_get: Key: 410f00aa
[   16.640739] firmadyne: sys_socket[PID: 114 (klogd)]: family:1, type:1, protocol:0
[   16.642167] firmadyne: sys_socket[PID: 114 (klogd)]: family:1, type:2, protocol:0
sem_get: Key: 410f00aa
[   16.648774] firmadyne: sys_socket[PID: 114 (klogd)]: family:1, type:1, protocol:0
[   16.650191] firmadyne: sys_socket[PID: 114 (klogd)]: family:1, type:2, protocol:0
nvram_set: usb_info_dev83 = "A200396E0402FF83@1@14.4G@U@1@USB_Storage;U:;0;0@"
sem_get: Key: 410f00aa
sem_get[   16.661013] firmadyne: sys_socket[PID: 114 (klogd)]: family:1, type:1, protocol:0
[   16.662459] firmadyne: sys_socket[PID: 114 (klogd)]: family:1, type:2, protocol:0
: Key: 410f00aa
nvram_set: usb_info_dev84 = "A200396E0402FF83@1@14.4G@U@1@USB_Storage;U:;0;0@"
sem_get: Key: [   16.672760] firmadyne: sys_socket[PID: 114 (klogd)]: family:1, type:1, protocol:0
[   16.674189] firmadyne: sys_socket[PID: 114 (klogd)]: family:1, type:2, protocol:0
[   16.677525] firmadyne: sys_socket[PID: 114 (klogd)]: family:1, type:1, protocol:0
410f00aa
sem_get: Key: 410f00aa
[   16.684601] firmadyne: sys_socket[PID: 114 (klogd)]: family:1, type:2, protocol:0
[   16.687875] firmadyne: sys_socket[PID: 114 (klogd)]: family:1, type:1, protocol:0
[   16.689324] firmadyne: sys_socket[PID: 114 (klogd)]: family:1, type:2, protocol:0
nvram_set: usb_info_dev85 = "A200396E0402FF83@1@14.4G@U@1@USB_Storage;U:;0;0@"
sem_get: Key: 410f00aa
[   16.700563] firmadyne: sys_socket[PID: 114 (klogd)]: family:1, type:1, protocol:0
[   16.701989] firmadyne: sys_socket[PID: 114 (klogd)]: family:1, type:2, protocol:0
sem_get: Key: 410f00aa
[   16.708788] firmadyne: sys_socket[PID: 114 (klogd)]: family:1, type:1, protocol:0
[   16.710217] firmadyne: sys_socket[PID: 114 (klogd)]: family:1, type:2, protocol:0
nvram_set: usb_info_dev86 = "A200396E0402FF83@1@14.4G@U@1@USB_Storage;U:;0;0@"
[   16.717201] firmadyne: sys_socket[PID: 114 (klogd)]: family:1, type:1, protocol:0
sem_get: Key: 410f00aa
sem_get[   16.723123] firmadyne: sys_socket[PID: 114 (klogd)]: family:1, type:2, protocol:0
[   16.726060] firmadyne: sys_socket[PID: 114 (klogd)]: family:1, type:1, protocol:0
: Key: 410f00aa
nvram_set: usb_info_dev87 = "A200396E0402FF83@1@14.4G@U@1@USB_Storage;U:;0;0@"
sem_get: Key: 410f00aa[   16.735394] firmadyne: sys_socket[PID: 114 (klogd)]: family:1, type:2, protocol:0
[   16.738308] firmadyne: sys_socket[PID: 114 (klogd)]: family:1, type:1, protocol:0

sem_get: Key: 410f00aa
nvram_set: usb_info_dev88[   16.747420] firmadyne: sys_socket[PID: 114 (klogd)]: family:1, type:2, protocol:0
[   16.750426] firmadyne: sys_socket[PID: 114 (klogd)]: family:1, type:1, protocol:0
[   16.752296] firmadyne: sys_socket[PID: 114 (klogd)]: family:1, type:2, protocol:0
[   16.755521] firmadyne: sys_socket[PID: 114 (klogd)]: family:1, type:1, protocol:0
[   16.756956] firmadyne: sys_socket[PID: 114 (klogd)]: family:1, type:2, protocol:0
 = "A200396E0402FF83@1@14.4G@U@1@USB_Storage;U:;0;0@"
sem_get: Key: 410f00aa
sem_get: Key: 410f00aa
[   16.768091] firmadyne: sys_socket[PID: 114 (klogd)]: family:1, type:1, protocol:0
[   16.769576] firmadyne: sys_socket[PID: 114 (klogd)]: family:1, type:2, protocol:0
nvram_set: usb_info_dev89 = "A200396E0402FF83@1@14.4G@U@1@USB_Storage;U:;0;0@"
[   16.776836] firmadyne: sys_socket[PID: 114 (klogd)]: family:1, type:1, protocol:0
[   16.778317] firmadyne: sys_socket[PID: 114 (klogd)]: family:1, type:2, protocol:0
sem_get: Key: 410f00aa
sem_get: Key: 410f00aa
nvram_set[   16.789189] firmadyne: sys_socket[PID: 114 (klogd)]: family:1, type:1, protocol:0
: usb_info_dev90 = "A200396E0402FF83@1@14.4G@U@1@USB_Storage;U:;0;0@"
sem_get: Key: 410f00aa[   16.795024] firmadyne: sys_socket[PID: 114 (klogd)]: family:1, type:2, protocol:0
[   16.797971] firmadyne: sys_socket[PID: 114 (klogd)]: family:1, type:1, protocol:0

sem_get: Key: 410f00aa
[   16.803673] firmadyne: sys_socket[PID: 114 (klogd)]: family:1, type:2, protocol:0
nvram_set: usb_info_dev91 = "A200396E0402FF83@1@14.4G@U@1@USB_Storage;U:;0;0@[   16.810956] firmadyne: sys_socket[PID: 114 (klogd)]: family:1, type:1, protocol:0
[   16.812414] firmadyne: sys_socket[PID: 114 (klogd)]: family:1, type:2, protocol:0
"
sem_get: Key: 410f00aa
[   16.819657] firmadyne: sys_socket[PID: 114 (klogd)]: family:1, type:1, protocol:0
[   16.821113] firmadyne: sys_socket[PID: 114 (klogd)]: family:1, type:2, protocol:0
sem_get: Key: 410f00aa
nvram_set[   16.828406] firmadyne: sys_socket[PID: 114 (klogd)]: family:1, type:1, protocol:0
[   16.829885] firmadyne: sys_socket[PID: 114 (klogd)]: family:1, type:2, protocol:0
: usb_info_dev92 = "A200396E0402FF83@1@14.4G@U@1@USB_Storage;U:;0;0@"
sem_get: Key: [   16.836928] firmadyne: sys_socket[PID: 114 (klogd)]: family:1, type:1, protocol:0
[   16.838363] firmadyne: sys_socket[PID: 114 (klogd)]: family:1, type:2, protocol:0
410f00aa
sem_get: Key: 410f00aa
nvram_set[   16.849130] firmadyne: sys_socket[PID: 114 (klogd)]: family:1, type:1, protocol:0
[   16.850820] firmadyne: sys_socket[PID: 114 (klogd)]: family:1, type:2, protocol:0
: usb_info_dev93 = "A200396E0402FF83@1@14.4G@U@1@USB_Storage;U:;0;0@"
sem_get: Key: 410f00aa
sem_get: Key: 410f00aa[   16.861200] firmadyne: sys_socket[PID: 114 (klogd)]: family:1, type:1, protocol:0
[   16.863062] firmadyne: sys_socket[PID: 114 (klogd)]: family:1, type:2, protocol:0
[   16.865920] firmadyne: sys_socket[PID: 114 (klogd)]: family:1, type:1, protocol:0

nvram_set: usb_info_dev94[   16.871340] firmadyne: sys_socket[PID: 114 (klogd)]: family:1, type:2, protocol:0
[   16.874245] firmadyne: sys_socket[PID: 114 (klogd)]: family:1, type:1, protocol:0
 = "A200396E0402FF83@1@14.4G@U@1@USB_Storage;U:;0;0@"
sem_get: Key: 410f00aa[   16.879464] firmadyne: sys_socket[PID: 114 (klogd)]: family:1, type:2, protocol:0
[   16.882420] firmadyne: sys_socket[PID: 114 (klogd)]: family:1, type:1, protocol:0

sem_get: Key: 410f00aa
nvram_set: [   16.891219] cfg80211: Calling CRDA to update world regulatory domain
[   16.893070] firmadyne: sys_socket[PID: 114 (klogd)]: family:1, type:2, protocol:0
[   16.896471] firmadyne: sys_socket[PID: 114 (klogd)]: family:1, type:1, protocol:0
[   16.897913] firmadyne: sys_socket[PID: 114 (klogd)]: family:1, type:2, protocol:0
usb_info_dev95 = "A200396E0402FF83@1@14.4G@U@1@USB_Storage;U:;0;0@"
sem_get: Key: 410f00aa
sem_get: Key: 410f00aa
[   16.908884] firmadyne: sys_socket[PID: 114 (klogd)]: family:1, type:1, protocol:0
[   16.910303] firmadyne: sys_socket[PID: 114 (klogd)]: family:1, type:2, protocol:0
nvram_set: usb_info_dev96 = "A200396E0402FF83@1@14.4G@U@1@USB_Storage;U:;0;0@"
sem_get: Key: 410f00aa
[   16.920767] firmadyne: sys_socket[PID: 114 (klogd)]: family:1, type:1, protocol:0
[   16.922181] firmadyne: sys_socket[PID: 114 (klogd)]: family:1, type:2, protocol:0
[   16.925533] firmadyne: sys_socket[PID: 114 (klogd)]: family:1, type:1, protocol:0
sem_get: Key: 410f00aa
[   16.931300] firmadyne: sys_socket[PID: 114 (klogd)]: family:1, type:2, protocol:0
[   16.934201] firmadyne: sys_socket[PID: 114 (klogd)]: family:1, type:1, protocol:0
nvram_set: usb_info_dev97 = "A200396E0402FF83@1@14.4G@U@1@USB_Storage;U:;0;0@"
sem_get: Key: 410f00aa
sem_get[   16.943523] firmadyne: sys_socket[PID: 114 (klogd)]: family:1, type:2, protocol:0
[   16.946454] firmadyne: sys_socket[PID: 114 (klogd)]: family:1, type:1, protocol:0
: Key: 410f00aa
nvram_set: usb_info_dev98 = "A200396E0402FF83@1@14.4G@U@1@USB_Storage;U:;0;0@"
sem_get: Key: [   16.955261] firmadyne: sys_socket[PID: 114 (klogd)]: family:1, type:2, protocol:0
[   16.958166] firmadyne: sys_socket[PID: 114 (klogd)]: family:1, type:1, protocol:0
[   16.960078] firmadyne: sys_socket[PID: 114 (klogd)]: family:1, type:2, protocol:0
410f00aa
sem_get: Key: 410f00aa
[   16.967471] firmadyne: sys_socket[PID: 114 (klogd)]: family:1, type:1, protocol:0
[   16.968930] firmadyne: sys_socket[PID: 114 (klogd)]: family:1, type:2, protocol:0
nvram_set: usb_info_dev99 = "A200396E0402FF83@1@14.4G@U@1@USB_Storage;U:;0;0@[   16.976465] firmadyne: sys_socket[PID: 114 (klogd)]: family:1, type:1, protocol:0
[   16.977936] firmadyne: sys_socket[PID: 114 (klogd)]: family:1, type:2, protocol:0
"
sem_get: Key: 410f00aa
sem_get: Key: 410f00aa
nvram_set: usb_info_dev100 = "A200396E0402FF83@1@14.4G@U@1@USB_Storage;U:;0;0@"
sem_get: Key: 410f00aa
sem_get: Key: 410f00aa[   17.007306] firmadyne: sys_socket[PID: 114 (klogd)]: family:1, type:1, protocol:0
[   17.008769] firmadyne: sys_socket[PID: 114 (klogd)]: family:1, type:2, protocol:0

nvram_set: wla_ap_isolate_1 = "[   17.015949] firmadyne: sys_socket[PID: 114 (klogd)]: family:1, type:1, protocol:0
[   17.017408] firmadyne: sys_socket[PID: 114 (klogd)]: family:1, type:2, protocol:0
"
sem_get: Key: 410f00aa
[   17.024501] firmadyne: sys_socket[PID: 114 (klogd)]: family:1, type:1, protocol:0
[   17.025926] firmadyne: sys_socket[PID: 114 (klogd)]: family:1, type:2, protocol:0
sem_get: Key: 410f00aa
nvram_set: wla_ap_isolate_2 = ""
sem_get: Key: 410f00aa
[   17.037033] firmadyne: sys_socket[PID: 114 (klogd)]: family:1, type:1, protocol:0
[   17.038478] firmadyne: sys_socket[PID: 114 (klogd)]: family:1, type:2, protocol:0
sem_get: Key: 410f00aa
nvram_set: wla_ap_isolate_3 = ""
[   17.048811] firmadyne: sys_socket[PID: 114 (klogd)]: family:1, type:1, protocol:0
[   17.050226] firmadyne: sys_socket[PID: 114 (klogd)]: family:1, type:2, protocol:0
[   17.053585] firmadyne: sys_socket[PID: 114 (klogd)]: family:1, type:1, protocol:0
[   17.055224] firmadyne: sys_socket[PID: 114 (klogd)]: family:1, type:2, protocol:0
[   17.058109] firmadyne: sys_socket[PID: 114 (klogd)]: family:1, type:1, protocol:0
sem_get: Key: 410f00aa
sem_get: Key: 410f00aa
nvram_set: [   17.067305] firmadyne: sys_socket[PID: 114 (klogd)]: family:1, type:2, protocol:0
[   17.070210] firmadyne: sys_socket[PID: 114 (klogd)]: family:1, type:1, protocol:0
wla_ap_isolate_4 = ""
sem_get: Key: 410f00aa
sem_get: Key: 410f00aa
[   17.079288] firmadyne: sys_socket[PID: 114 (klogd)]: family:1, type:2, protocol:0
[   17.082197] firmadyne: sys_socket[PID: 114 (klogd)]: family:1, type:1, protocol:0
nvram_set: wlg_ap_isolate_1 = ""
sem_get: Key: 410f00aa
[   17.091291] firmadyne: sys_socket[PID: 114 (klogd)]: family:1, type:2, protocol:0
[   17.094199] firmadyne: sys_socket[PID: 114 (klogd)]: family:1, type:1, protocol:0
sem_get: Key: 410f00aa
nvram_set: wlg_ap_isolate_2 = ""
sem_get: Key: [   17.103269] firmadyne: sys_socket[PID: 114 (klogd)]: family:1, type:2, protocol:0
[   17.106188] firmadyne: sys_socket[PID: 114 (klogd)]: family:1, type:1, protocol:0
[   17.108106] firmadyne: sys_socket[PID: 114 (klogd)]: family:1, type:2, protocol:0
410f00aa
sem_get: Key: 410f00aa
[   17.115299] firmadyne: sys_socket[PID: 114 (klogd)]: family:1, type:1, protocol:0
[   17.116763] firmadyne: sys_socket[PID: 114 (klogd)]: family:1, type:2, protocol:0
nvram_set: wlg_ap_isolate_3 = ""
[   17.123899] firmadyne: sys_socket[PID: 114 (klogd)]: family:1, type:1, protocol:0
[   17.125395] firmadyne: sys_socket[PID: 114 (klogd)]: family:1, type:2, protocol:0
sem_get: Key: 410f00aa
[   17.132716] firmadyne: sys_socket[PID: 114 (klogd)]: family:1, type:1, protocol:0
[   17.134178] firmadyne: sys_socket[PID: 114 (klogd)]: family:1, type:2, protocol:0
sem_get: Key: 410f00aa
nvram_set: wlg_ap_isolate_4 = ""
sem_get: Key: [   17.144772] firmadyne: sys_socket[PID: 114 (klogd)]: family:1, type:1, protocol:0
[   17.146185] firmadyne: sys_socket[PID: 114 (klogd)]: family:1, type:2, protocol:0
410f00aa
sem_get: Key: 410f00aa[   17.153164] firmadyne: sys_socket[PID: 114 (klogd)]: family:1, type:1, protocol:0
[   17.154781] firmadyne: sys_socket[PID: 114 (klogd)]: family:1, type:2, protocol:0

nvram_set: wlg_allow_access_1 = ""
sem_get: Key: 410f00aa
[   17.164934] firmadyne: sys_socket[PID: 114 (klogd)]: family:1, type:1, protocol:0
[   17.166368] firmadyne: sys_socket[PID: 114 (klogd)]: family:1, type:2, protocol:0
[   17.169738] firmadyne: sys_socket[PID: 114 (klogd)]: family:1, type:1, protocol:0
[   17.171373] firmadyne: sys_socket[PID: 114 (klogd)]: family:1, type:2, protocol:0
[   17.174214] firmadyne: sys_socket[PID: 114 (klogd)]: family:1, type:1, protocol:0
sem_get: Key: 410f00aa
nvram_set: wlg_allow_access_2 = ""
sem_get: Key: 410f00aa
sem_get: Key: 410f00aa
[   17.187281] firmadyne: sys_socket[PID: 114 (klogd)]: family:1, type:2, protocol:0
[   17.190186] firmadyne: sys_socket[PID: 114 (klogd)]: family:1, type:1, protocol:0
nvram_set: wlg_allow_access_3 = "[   17.195424] firmadyne: sys_socket[PID: 114 (klogd)]: family:1, type:2, protocol:0
[   17.198320] firmadyne: sys_socket[PID: 114 (klogd)]: family:1, type:1, protocol:0
"
sem_get: Key: 410f00aa
sem_get: Key: 410f00aa
[   17.207293] firmadyne: sys_socket[PID: 114 (klogd)]: family:1, type:2, protocol:0
[   17.210193] firmadyne: sys_socket[PID: 114 (klogd)]: family:1, type:1, protocol:0
nvram_set: wlg_allow_access_4 = ""
sem_get[   17.215368] firmadyne: sys_socket[PID: 114 (klogd)]: family:1, type:2, protocol:0
[   17.218279] firmadyne: sys_socket[PID: 114 (klogd)]: family:1, type:1, protocol:0
: Key: 410f00aa
sem_get: Key: 410f00aa
nvram_set: 0:macaddr[   17.227303] firmadyne: sys_socket[PID: 114 (klogd)]: family:1, type:2, protocol:0
[   17.230279] firmadyne: sys_socket[PID: 114 (klogd)]: family:1, type:1, protocol:0
[   17.232227] firmadyne: sys_socket[PID: 114 (klogd)]: family:1, type:2, protocol:0
[   17.235413] firmadyne: sys_socket[PID: 114 (klogd)]: family:1, type:1, protocol:0
[   17.236824] firmadyne: sys_socket[PID: 114 (klogd)]: family:1, type:2, protocol:0
 = "01:23:45:67:89:ab"
sem_get: Key: 410f00aa
sem_get: Key: 410f00aa
[   17.247859] firmadyne: sys_socket[PID: 114 (klogd)]: family:1, type:1, protocol:0
[   17.249315] firmadyne: sys_socket[PID: 114 (klogd)]: family:1, type:2, protocol:0
nvram_set: 1:macaddr = "01:23:45:67:89:ab"
sem_get[   17.256804] firmadyne: sys_socket[PID: 114 (klogd)]: family:1, type:1, protocol:0
[   17.258224] firmadyne: sys_socket[PID: 114 (klogd)]: family:1, type:2, protocol:0
: Key: 410f00aa
sem_get: Key: 410f00aa
nvram_set: [   17.268788] firmadyne: sys_socket[PID: 114 (klogd)]: family:1, type:1, protocol:0
[   17.270201] firmadyne: sys_socket[PID: 114 (klogd)]: family:1, type:2, protocol:0
2:macaddr = "01:23:45:67:89:ab"
sem_get: Key: 410f00aa
sem_get: Key: 410f00aa
[   17.280969] firmadyne: sys_socket[PID: 114 (klogd)]: family:1, type:1, protocol:0
[   17.282445] firmadyne: sys_socket[PID: 114 (klogd)]: family:1, type:2, protocol:0
[   17.287173] firmadyne: sys_socket[PID: 114 (klogd)]: family:1, type:1, protocol:0
[   17.288583] firmadyne: sys_socket[PID: 114 (klogd)]: family:1, type:2, protocol:0
nvram_set: lan1_ifnames = ""
sem_get: Key: 410f00aa
sem_get: Key: [   17.299772] firmadyne: sys_socket[PID: 114 (klogd)]: family:1, type:1, protocol:0
[   17.301239] firmadyne: sys_socket[PID: 114 (klogd)]: family:1, type:2, protocol:0
410f00aa
nvram_set: lan2_ifnames[   17.308531] firmadyne: sys_socket[PID: 114 (klogd)]: family:1, type:1, protocol:0
[   17.309894] firmadyne: sys_socket[PID: 114 (klogd)]: family:1, type:2, protocol:0
 = ""
sem_get: Key: 410f00aa
[   17.316825] firmadyne: sys_socket[PID: 114 (klogd)]: family:1, type:1, protocol:0
[   17.318464] firmadyne: sys_socket[PID: 114 (klogd)]: family:1, type:2, protocol:0
sem_get: Key: 410f00aa
nvram_set: lan3_ifnames = ""
sem_get: Key: [   17.329079] firmadyne: sys_socket[PID: 114 (klogd)]: family:1, type:1, protocol:0
[   17.330531] firmadyne: sys_socket[PID: 114 (klogd)]: family:1, type:2, protocol:0
410f00aa
sem_get: Key: 410f00aa
nvram_set: lan4_ifnames = "[   17.341096] firmadyne: sys_socket[PID: 114 (klogd)]: family:1, type:1, protocol:0
[   17.342549] firmadyne: sys_socket[PID: 114 (klogd)]: family:1, type:2, protocol:0
[   17.345848] firmadyne: sys_socket[PID: 114 (klogd)]: family:1, type:1, protocol:0
[   17.347498] firmadyne: sys_socket[PID: 114 (klogd)]: family:1, type:2, protocol:0
[   17.350362] firmadyne: sys_socket[PID: 114 (klogd)]: family:1, type:1, protocol:0
"
sem_get: Key: 410f00aa
sem_get: Key: 410f00aa
[   17.359301] firmadyne: sys_socket[PID: 114 (klogd)]: family:1, type:2, protocol:0
[   17.362210] firmadyne: sys_socket[PID: 114 (klogd)]: family:1, type:1, protocol:0
nvram_set: lan5_ifnames = ""
sem_get: Key: 410f00aa
sem_get: Key: 410f00aa
[   17.371522] firmadyne: sys_socket[PID: 114 (klogd)]: family:1, type:2, protocol:0
[   17.374458] firmadyne: sys_socket[PID: 114 (klogd)]: family:1, type:1, protocol:0
nvram_set: lan6_ifnames = ""
sem_get: Key: 410f00aa
[   17.383286] firmadyne: sys_socket[PID: 114 (klogd)]: family:1, type:2, protocol:0
[   17.386196] firmadyne: sys_socket[PID: 114 (klogd)]: family:1, type:1, protocol:0
[   17.388108] firmadyne: sys_socket[PID: 114 (klogd)]: family:1, type:2, protocol:0
sem_get: Key: 410f00aa
nvram_set: [   17.395564] firmadyne: sys_socket[PID: 114 (klogd)]: family:1, type:1, protocol:0
[   17.397030] firmadyne: sys_socket[PID: 114 (klogd)]: family:1, type:2, protocol:0
lan7_ifnames = ""
sem_get: Key: 410f00aa
[   17.404253] firmadyne: sys_socket[PID: 114 (klogd)]: family:1, type:1, protocol:0
[   17.405698] firmadyne: sys_socket[PID: 114 (klogd)]: family:1, type:2, protocol:0
sem_get: Key: 410f00aa
[   17.412795] firmadyne: sys_socket[PID: 114 (klogd)]: family:1, type:1, protocol:0
[   17.414214] firmadyne: sys_socket[PID: 114 (klogd)]: family:1, type:2, protocol:0
nvram_set: lan8_ifnames = ""
sem_get[   17.421057] firmadyne: sys_socket[PID: 114 (klogd)]: family:1, type:1, protocol:0
[   17.422512] firmadyne: sys_socket[PID: 114 (klogd)]: family:1, type:2, protocol:0
: Key: 410f00aa
sem_get: Key: 410f00aa
nvram_set: lan9_ifnames[   17.433152] firmadyne: sys_socket[PID: 114 (klogd)]: family:1, type:1, protocol:0
 = ""
sem_get: Key: 410f00aa
[   17.439090] firmadyne: sys_socket[PID: 114 (klogd)]: family:1, type:2, protocol:0
[   17.442038] firmadyne: sys_socket[PID: 114 (klogd)]: family:1, type:1, protocol:0
sem_get: Key: 410f00aa
nvram_set_default: Loading built-in default values = [   17.447303] firmadyne: sys_socket[PID: 114 (klogd)]: family:1, type:2, protocol:0
1!
nvram_set_default: Checking for symbol "router_defaults"...
nvram_set_default: Checking for symbol "Nvrams"...
[   17.475221] firmadyne: sys_socket[PID: 114 (klogd)]: family:1, type:1, protocol:0
[   17.476691] firmadyne: sys_socket[PID: 114 (klogd)]: family:1, type:2, protocol:0
nvram_set[   17.485086] firmadyne: sys_socket[PID: 114 (klogd)]: family:1, type:1, protocol:0
[   17.486796] firmadyne: sys_socket[PID: 114 (klogd)]: family:1, type:2, protocol:0
[   17.489728] firmadyne: sys_socket[PID: 114 (klogd)]: family:1, type:1, protocol:0
: time_zone = "GMT+8"
sem_get: Key: 410f00aa
sem_get: Key: 410f00aa
[   17.499770] firmadyne: sys_socket[PID: 114 (klogd)]: family:1, type:2, protocol:0
[   17.506988] firmadyne: sys_socket[PID: 114 (klogd)]: family:1, type:1, protocol:0
[   17.508451] firmadyne: sys_socket[PID: 114 (klogd)]: family:1, type:2, protocol:0
nvram_set: time_daylight = ""
sem_get: Key: [   17.515671] firmadyne: sys_socket[PID: 114 (klogd)]: family:1, type:1, protocol:0
[   17.517128] firmadyne: sys_socket[PID: 114 (klogd)]: family:1, type:2, protocol:0
410f00aa
sem_get: Key: 410f00aa
[   17.524393] firmadyne: sys_socket[PID: 114 (klogd)]: family:1, type:1, protocol:0
[   17.525832] firmadyne: sys_socket[PID: 114 (klogd)]: family:1, type:2, protocol:0
[   17.532767] firmadyne: sys_socket[PID: 114 (klogd)]: family:1, type:1, protocol:0
[   17.534184] firmadyne: sys_socket[PID: 114 (klogd)]: family:1, type:2, protocol:0
nvram_set: restore_default = "[   17.540814] firmadyne: sys_socket[PID: 114 (klogd)]: family:1, type:1, protocol:0
[   17.542229] firmadyne: sys_socket[PID: 114 (klogd)]: family:1, type:2, protocol:0
0"
sem_get: Key: 410f00aa
sem_get: Key: 410f00aa
[   17.552807] firmadyne: sys_socket[PID: 114 (klogd)]: family:1, type:1, protocol:0
[   17.554237] firmadyne: sys_socket[PID: 114 (klogd)]: family:1, type:2, protocol:0
nvram_set: wiz_language = "English"
[   17.564886] firmadyne: sys_socket[PID: 114 (klogd)]: family:1, type:1, protocol:0
[   17.566298] firmadyne: sys_socket[PID: 114 (klogd)]: family:1, type:2, protocol:0
[   17.569662] firmadyne: sys_socket[PID: 114 (klogd)]: family:1, type:1, protocol:0
[   17.571296] firmadyne: sys_socket[PID: 114 (klogd)]: family:1, type:2, protocol:0
[   17.574137] firmadyne: sys_socket[PID: 114 (klogd)]: family:1, type:1, protocol:0
sem_get: Key: 410f00aa
sem_get: Key: 410f00aa
nvram_set: wiz_country[   17.587381] firmadyne: sys_socket[PID: 114 (klogd)]: family:1, type:2, protocol:0
[   17.590288] firmadyne: sys_socket[PID: 114 (klogd)]: family:1, type:1, protocol:0
 = "US"
sem_get: Key: 410f00aa
sem_get: Key: 410f00aa
[   17.599284] firmadyne: sys_socket[PID: 114 (klogd)]: family:1, type:2, protocol:0
[   17.602190] firmadyne: sys_socket[PID: 114 (klogd)]: family:1, type:1, protocol:0
[   17.604101] firmadyne: sys_socket[PID: 114 (klogd)]: family:1, type:2, protocol:0
nvram_set: [   17.611422] firmadyne: sys_socket[PID: 114 (klogd)]: family:1, type:1, protocol:0
[   17.612880] firmadyne: sys_socket[PID: 114 (klogd)]: family:1, type:2, protocol:0
fix_ipaddr = ""
sem_get: Key: 410f00aa
[   17.620178] firmadyne: sys_socket[PID: 114 (klogd)]: family:1, type:1, protocol:0
[   17.621627] firmadyne: sys_socket[PID: 114 (klogd)]: family:1, type:2, protocol:0
sem_get: Key: 410f00aa
[   17.628794] firmadyne: sys_socket[PID: 114 (klogd)]: family:1, type:1, protocol:0
[   17.630212] firmadyne: sys_socket[PID: 114 (klogd)]: family:1, type:2, protocol:0
nvram_set[   17.636985] firmadyne: sys_socket[PID: 114 (klogd)]: family:1, type:1, protocol:0
[   17.638424] firmadyne: sys_socket[PID: 114 (klogd)]: family:1, type:2, protocol:0
: fix_netmask = ""
sem_get: Key: 410f00aa
sem_get: Key: 410f00aa
[   17.648776] firmadyne: sys_socket[PID: 114 (klogd)]: family:1, type:1, protocol:0
[   17.650189] firmadyne: sys_socket[PID: 114 (klogd)]: family:1, type:2, protocol:0
[   17.656820] firmadyne: sys_socket[PID: 114 (klogd)]: family:1, type:1, protocol:0
[   17.658285] firmadyne: sys_socket[PID: 114 (klogd)]: family:1, type:2, protocol:0
nvram_set: fix_gateway = ""
sem_get: Key: 410f00aa
sem_get: Key: 410f00aa[   17.669145] firmadyne: sys_socket[PID: 114 (klogd)]: family:1, type:1, protocol:0

[   17.674866] firmadyne: sys_socket[PID: 114 (klogd)]: family:1, type:2, protocol:0
[   17.677807] firmadyne: sys_socket[PID: 114 (klogd)]: family:1, type:1, protocol:0
nvram_set: wan_ifname = "ppp0"
[   17.684574] firmadyne: sys_socket[PID: 114 (klogd)]: family:1, type:2, protocol:0
