[    0.000000] Linux version 4.1.17+ (alessio@pc) (gcc version 5.5.0 20171010 (Ubuntu 5.5.0-12ubuntu1) ) #1 Mon May 15 23:04:08 CEST 2023
[    0.000000] earlycon: Early serial console at I/O port 0x3f8 (options '38400n8')
[    0.000000] bootconsole [uart0] enabled
[    0.000000] CPU0 revision is: 00019300 (MIPS 24Kc)
[    0.000000] FPU revision is: 00739300
[    0.000000] Software DMA cache coherency enabled
[    0.000000] Determined physical RAM map:
[    0.000000]  memory: 00001000 @ 00000000 (reserved)
[    0.000000]  memory: 000ef000 @ 00001000 (ROM data)
[    0.000000]  memory: 00798000 @ 000f0000 (reserved)
[    0.000000]  memory: 0f777000 @ 00888000 (usable)
[    0.000000] debug: ignoring loglevel setting.
[    0.000000] Wasting 69888 bytes for tracking 2184 unused pages
[    0.000000] Initrd not found or empty - disabling initrd
[    0.000000] Zone ranges:
[    0.000000]   DMA      [mem 0x0000000000000000-0x0000000000ffffff]
[    0.000000]   Normal   [mem 0x0000000001000000-0x000000000fffefff]
[    0.000000] Movable zone start for each node
[    0.000000] Early memory node ranges
[    0.000000]   node   0: [mem 0x0000000000000000-0x000000000fffefff]
[    0.000000] Initmem setup node 0 [mem 0x0000000000000000-0x000000000fffefff]
[    0.000000] On node 0 totalpages: 65535
[    0.000000] free_area_init_node: node 0, pgdat 8081d5b0, node_mem_map 81000000
[    0.000000]   DMA zone: 32 pages used for memmap
[    0.000000]   DMA zone: 0 pages reserved
[    0.000000]   DMA zone: 4096 pages, LIFO batch:0
[    0.000000]   Normal zone: 480 pages used for memmap
[    0.000000]   Normal zone: 61439 pages, LIFO batch:15
[    0.000000] Primary instruction cache 2kB, VIPT, 2-way, linesize 16 bytes.
[    0.000000] Primary data cache 2kB, 2-way, VIPT, no aliases, linesize 16 bytes
[    0.000000] pcpu-alloc: s0 r0 d32768 u32768 alloc=1*32768
[    0.000000] pcpu-alloc: [0] 0 
[    0.000000] Built 1 zonelists in Zone order, mobility grouping on.  Total pages: 65023
[    0.000000] Kernel command line: root=/dev/sda1 console=ttyS0 nandsim.parts=64,64,64,64,64,64,64,64,64,64 rdinit=/firmadyne/preInit.sh rw debug ignore_loglevel print-fatal-signals=1 FIRMAE_NET=true FIRMAE_NVRAM=true FIRMAE_KERNEL=true FIRMAE_ETC=true user_debug=0 firmadyne.syscall=1 noka
[    0.000000] found FIRMAE_KERNEL=t
[    0.000000] set the LD_PRELOAD=/firmadyne/libnvram_ioctl.so
[    0.000000] PID hash table entries: 1024 (order: 0, 4096 bytes)
[    0.000000] Dentry cache hash table entries: 32768 (order: 5, 131072 bytes)
[    0.000000] Inode-cache hash table entries: 16384 (order: 4, 65536 bytes)
[    0.000000] Writing ErrCtl register=00000000
[    0.000000] Readback ErrCtl register=00000000
[    0.000000] Memory: 251112K/262140K available (5360K kernel code, 244K rwdata, 1676K rodata, 260K init, 158K bss, 11028K reserved, 0K cma-reserved)
[    0.000000] NR_IRQS:256
[    0.000000] CPU frequency 200.01 MHz
[    0.000000] clocksource MIPS: mask: 0xffffffff max_cycles: 0xffffffff, max_idle_ns: 19111980267 ns
[    0.000214] sched_clock: 32 bits at 100MHz, resolution 9ns, wraps every 21474135035ns
[    0.016025] Console: colour dummy device 80x25
[    0.017210] Calibrating delay loop... 23.45 BogoMIPS (lpj=46912)
[    0.065280] pid_max: default: 32768 minimum: 301
[    0.069913] Mount-cache hash table entries: 1024 (order: 0, 4096 bytes)
[    0.070461] Mountpoint-cache hash table entries: 1024 (order: 0, 4096 bytes)
[    0.140125] clocksource jiffies: mask: 0xffffffff max_cycles: 0xffffffff, max_idle_ns: 7645041785100000 ns
[    0.151912] NET: Registered protocol family 16
[    0.454527] clocksource pit: mask: 0xffffffff max_cycles: 0xffffffff, max_idle_ns: 1601818034827 ns
[    0.621042] vgaarb: loaded
[    0.627304] SCSI subsystem initialized
[    0.629886] libata version 3.00 loaded.
[    0.634982] usbcore: registered new interface driver usbfs
[    0.636530] usbcore: registered new interface driver hub
[    0.637711] usbcore: registered new device driver usb
[    0.640699] pps_core: LinuxPPS API ver. 1 registered
[    0.641272] pps_core: Software ver. 5.3.6 - Copyright 2005-2007 Rodolfo Giometti <giometti@linux.it>
[    0.642262] PTP clock support registered
[    0.647518] PCI host bridge to bus 0000:00
[    0.648334] pci_bus 0000:00: root bus resource [mem 0x10000000-0x17ffffff]
[    0.649007] pci_bus 0000:00: root bus resource [io  0x1000-0x1fffff]
[    0.649659] pci_bus 0000:00: root bus resource [??? 0x00000000 flags 0x0]
[    0.650283] pci_bus 0000:00: No busn resource found for root bus, will use [bus 00-ff]
[    0.651812] pci 0000:00:00.0: [11ab:4620] type 00 class 0x060000
[    0.652786] pci 0000:00:00.0: [Firmware Bug]: reg 0x14: invalid BAR (can't size)
[    0.653405] pci 0000:00:00.0: [Firmware Bug]: reg 0x18: invalid BAR (can't size)
[    0.654013] pci 0000:00:00.0: [Firmware Bug]: reg 0x1c: invalid BAR (can't size)
[    0.654618] pci 0000:00:00.0: [Firmware Bug]: reg 0x20: invalid BAR (can't size)
[    0.655397] pci 0000:00:00.0: [Firmware Bug]: reg 0x24: invalid BAR (can't size)
[    0.659818] pci 0000:00:0a.0: [8086:7110] type 00 class 0x060100
[    0.663501] pci 0000:00:0a.1: [8086:7111] type 00 class 0x010180
[    0.664473] pci 0000:00:0a.1: reg 0x20: [io  0x0000-0x000f]
[    0.665105] pci 0000:00:0a.1: legacy IDE quirk: reg 0x10: [io  0x01f0-0x01f7]
[    0.665710] pci 0000:00:0a.1: legacy IDE quirk: reg 0x14: [io  0x03f6]
[    0.666309] pci 0000:00:0a.1: legacy IDE quirk: reg 0x18: [io  0x0170-0x0177]
[    0.666938] pci 0000:00:0a.1: legacy IDE quirk: reg 0x1c: [io  0x0376]
[    0.670551] pci 0000:00:0a.2: [8086:7112] type 00 class 0x0c0300
[    0.671277] pci 0000:00:0a.2: reg 0x20: [io  0x0000-0x001f]
[    0.674897] pci 0000:00:0a.3: [8086:7113] type 00 class 0x068000
[    0.676592] pci 0000:00:0a.3: quirk: [io  0x1000-0x103f] claimed by PIIX4 ACPI
[    0.677275] pci 0000:00:0a.3: quirk: [io  0x1100-0x110f] claimed by PIIX4 SMB
[    0.680884] pci 0000:00:12.0: [1013:00b8] type 00 class 0x030000
[    0.681570] pci 0000:00:12.0: reg 0x10: [mem 0x00000000-0x01ffffff pref]
[    0.682216] pci 0000:00:12.0: reg 0x14: [mem 0x00000000-0x00000fff]
[    0.682930] pci 0000:00:12.0: reg 0x30: [mem 0x00000000-0x0000ffff pref]
[    0.685998] vgaarb: device added: PCI:0000:00:12.0,decodes=io+mem,owns=none,locks=none
[    0.687342] pci 0000:00:13.0: [8086:100e] type 00 class 0x020000
[    0.688004] pci 0000:00:13.0: reg 0x10: [mem 0x00000000-0x0001ffff]
[    0.688784] pci 0000:00:13.0: reg 0x14: [io  0x0000-0x003f]
[    0.689464] pci 0000:00:13.0: reg 0x30: [mem 0x00000000-0x0003ffff pref]
[    0.692901] pci 0000:00:14.0: [8086:100e] type 00 class 0x020000
[    0.693552] pci 0000:00:14.0: reg 0x10: [mem 0x00000000-0x0001ffff]
[    0.694149] pci 0000:00:14.0: reg 0x14: [io  0x0000-0x003f]
[    0.694809] pci 0000:00:14.0: reg 0x30: [mem 0x00000000-0x0003ffff pref]
[    0.698407] pci 0000:00:15.0: [8086:100e] type 00 class 0x020000
[    0.699060] pci 0000:00:15.0: reg 0x10: [mem 0x00000000-0x0001ffff]
[    0.699658] pci 0000:00:15.0: reg 0x14: [io  0x0000-0x003f]
[    0.700331] pci 0000:00:15.0: reg 0x30: [mem 0x00000000-0x0003ffff pref]
[    0.703810] pci 0000:00:16.0: [8086:100e] type 00 class 0x020000
[    0.704478] pci 0000:00:16.0: reg 0x10: [mem 0x00000000-0x0001ffff]
[    0.705252] pci 0000:00:16.0: reg 0x14: [io  0x0000-0x003f]
[    0.705942] pci 0000:00:16.0: reg 0x30: [mem 0x00000000-0x0003ffff pref]
[    0.709649] pci_bus 0000:00: busn_res: [bus 00-ff] end is updated to 00
[    0.711289] pci 0000:00:12.0: BAR 0: assigned [mem 0x10000000-0x11ffffff pref]
[    0.712108] pci 0000:00:13.0: BAR 6: assigned [mem 0x12000000-0x1203ffff pref]
[    0.712837] pci 0000:00:14.0: BAR 6: assigned [mem 0x12040000-0x1207ffff pref]
[    0.713708] pci 0000:00:15.0: BAR 6: assigned [mem 0x12080000-0x120bffff pref]
[    0.714411] pci 0000:00:16.0: BAR 6: assigned [mem 0x120c0000-0x120fffff pref]
[    0.715090] pci 0000:00:13.0: BAR 0: assigned [mem 0x12100000-0x1211ffff]
[    0.715778] pci 0000:00:14.0: BAR 0: assigned [mem 0x12120000-0x1213ffff]
[    0.716487] pci 0000:00:15.0: BAR 0: assigned [mem 0x12140000-0x1215ffff]
[    0.717178] pci 0000:00:16.0: BAR 0: assigned [mem 0x12160000-0x1217ffff]
[    0.718086] pci 0000:00:12.0: BAR 6: assigned [mem 0x12180000-0x1218ffff pref]
[    0.718773] pci 0000:00:12.0: BAR 1: assigned [mem 0x12190000-0x12190fff]
[    0.719448] pci 0000:00:13.0: BAR 1: assigned [io  0x1040-0x107f]
[    0.720060] pci 0000:00:14.0: BAR 1: assigned [io  0x1080-0x10bf]
[    0.720669] pci 0000:00:15.0: BAR 1: assigned [io  0x10c0-0x10ff]
[    0.721290] pci 0000:00:16.0: BAR 1: assigned [io  0x1400-0x143f]
[    0.722069] pci 0000:00:0a.2: BAR 4: assigned [io  0x1440-0x145f]
[    0.722705] pci 0000:00:0a.1: BAR 4: assigned [io  0x1460-0x146f]
[    0.742098] cfg80211: Calling CRDA to update world regulatory domain
[    0.757286] Switched to clocksource MIPS
[    0.886115] NET: Registered protocol family 2
[    0.899945] TCP established hash table entries: 2048 (order: 1, 8192 bytes)
[    0.901428] TCP bind hash table entries: 2048 (order: 1, 8192 bytes)
[    0.902667] TCP: Hash tables configured (established 2048 bind 2048)
[    0.903871] UDP hash table entries: 256 (order: 0, 4096 bytes)
[    0.904657] UDP-Lite hash table entries: 256 (order: 0, 4096 bytes)
[    0.909429] NET: Registered protocol family 1
[    0.911305] PCI: Enabling device 0000:00:0a.2 (0000 -> 0001)
[    0.912998] PCI: CLS 0 bytes, default 16
[    0.949982] futex hash table entries: 256 (order: -1, 3072 bytes)
[    0.968891] squashfs: version 4.0 (2009/01/31) Phillip Lougher
[    0.971869] jffs2: version 2.2. (NAND) Â© 2001-2006 Red Hat, Inc.
[    0.975747] romfs: ROMFS MTD (C) 2007 Red Hat, Inc.
[    1.002916] Block layer SCSI generic (bsg) driver version 0.4 loaded (major 251)
[    1.003639] io scheduler noop registered
[    1.004427] io scheduler cfq registered (default)
[    1.005755] firmadyne: devfs: 1, execute: 1, procfs: 1, syscall: 1
[    1.012122] firmadyne: Cannot register character device: gpio, 0xfc, 0x0!
[    1.021958] firmadyne: Cannot register character device: watchdog, 0xa, 0x82!
[    1.022511] firmadyne: Cannot register character device: wdt, 0xfd, 0x0!
[    2.949612] strName = 4.1.17+
[    2.949612] init_task_addr  = 2155778944
[    2.949612] init_task_size  = 1296
[    2.949612] ts_tasks        = 292
[    2.949612] ts_pid          = 408
[    2.949612] ts_tgid         = 412
[    2.949612] ts_group_leader = 440
[    2.949612] ts_thread_group = 496
[    2.949612] ts_real_parent  = 416
[    2.949612] ts_mm           = 300
[    2.949612] ts_stack        = 4
[    2.952180] module_name   = 12
[    2.952180] module_size   = 208
[    2.952180] module_init   = 200
[    2.952180] module_list   = 4
[    2.953244] ts_real_cred    = 624
[    2.953244] ts_cred         = 628
[    2.953244] ts_comm         = 632
[    2.953244] cred_uid        = 4
[    2.953244] cred_gid        = 8
[    2.953244] cred_euid       = 20
[    2.953244] cred_egid       = 24
[    2.955028] mm_mmap         = 0
[    2.955028] mm_pgd          = 32
[    2.955028] mm_arg_start    = 136
[    2.955028] mm_start_brk    = 124
[    2.955028] mm_brk          = 128
[    2.955028] mm_start_stack  = 132
[    2.956453] vma_vm_start    = 0
[    2.956453] vma_vm_end      = 4
[    2.956453] vma_vm_next     = 8
[    2.956453] vma_vm_file     = 80
[    2.956453] vma_vm_flags    = 40
[    2.956453] vma_vm_pgoff    = 76
[    2.958130] file_dentry     = 12
[    2.958130] file_inode      = 40
[    2.958130] dentry_d_name   = 24
[    2.958130] dentry_d_iname  = 44
[    2.958130] dentry_d_parent = 16
[    2.958130] ti_task         = 0
[    2.958130] inode_ino   = 28
[    4.158472] proc_fork_connector  = 2151078840
[    4.158903] proc_exit_connector  = 2151080432
[    4.159261] proc_exec_connector  = 2151079052
[    4.159627] vma_link  = 2149124372
[    4.159938] vma_adjust  = 2149124540
[    4.160260] remove_vma  = 2149122188
[    4.160569] modules  = 2155833724
[    4.160878] trim_init_extable  = 2150545316
[    4.162499] cfg80211: Calling CRDA to update world regulatory domain
[    4.166369] PCI: Enabling device 0000:00:12.0 (0000 -> 0002)
[    4.167897] cirrusfb 0000:00:12.0: Cirrus Logic chipset on PCI bus, RAM (4096 kB) at 0x10000000
[    4.414002] Console: switching to colour frame buffer device 80x30
[    4.494627] Serial: 8250/16550 driver, 4 ports, IRQ sharing enabled
[    4.511182] console [ttyS0] disabled
[    4.538658] serial8250.0: ttyS0 at I/O 0x3f8 (irq = 4, base_baud = 115200) is a 16550A
[    4.539938] console [ttyS0] enabled
[    4.539938] console [ttyS0] enabled
[    4.540569] bootconsole [uart0] disabled
[    4.540569] bootconsole [uart0] disabled
[    4.571489] serial8250.0: ttyS1 at I/O 0x2f8 (irq = 3, base_baud = 115200) is a 16550A
[    4.710843] brd: module loaded
[    4.783699] loop: module loaded
[    4.791361] ata_piix 0000:00:0a.1: version 2.13
[    4.792001] PCI: Enabling device 0000:00:0a.1 (0000 -> 0001)
[    4.822052] scsi host0: ata_piix
[    4.828615] scsi host1: ata_piix
[    4.833099] ata1: PATA max UDMA/33 cmd 0x1f0 ctl 0x3f6 bmdma 0x1460 irq 14
[    4.834010] ata2: PATA max UDMA/33 cmd 0x170 ctl 0x376 bmdma 0x1468 irq 15
[    4.841753] [nandsim] warning: read_byte: unexpected data output cycle, state is STATE_READY return 0x0
[    4.842450] [nandsim] warning: read_byte: unexpected data output cycle, state is STATE_READY return 0x0
[    4.843112] [nandsim] warning: read_byte: unexpected data output cycle, state is STATE_READY return 0x0
[    4.843764] [nandsim] warning: read_byte: unexpected data output cycle, state is STATE_READY return 0x0
[    4.844427] [nandsim] warning: read_byte: unexpected data output cycle, state is STATE_READY return 0x0
[    4.845083] [nandsim] warning: read_byte: unexpected data output cycle, state is STATE_READY return 0x0
[    4.846179] nand: device found, Manufacturer ID: 0x98, Chip ID: 0x39
[    4.846682] nand: Toshiba NAND 128MiB 1,8V 8-bit
[    4.847148] nand: 128 MiB, SLC, erase size: 16 KiB, page size: 512, OOB size: 16
[    4.849018] flash size: 128 MiB
[    4.849506] page size: 512 bytes
[    4.849807] OOB area size: 16 bytes
[    4.850132] sector size: 16 KiB
[    4.850418] pages number: 262144
[    4.850713] pages per sector: 32
[    4.851006] bus width: 8
[    4.851265] bits in sector size: 14
[    4.851568] bits in page size: 9
[    4.851869] bits in OOB size: 4
[    4.852170] flash size with OOB: 135168 KiB
[    4.852506] page address bytes: 4
[    4.852804] sector address bytes: 3
[    4.853113] options: 0x42
[    4.952159] Scanning device for bad blocks
[    6.374911] ata1.01: NODEV after polling detection
[    6.375959] ata2.01: NODEV after polling detection
[    6.383253] ata2.00: ATAPI: QEMU DVD-ROM, 2.5+, max UDMA/100
[    6.385576] ata1.00: ATA-7: QEMU HARDDISK, 2.5+, max UDMA/100
[    6.386120] ata1.00: 2097152 sectors, multi 16: LBA48 
[    6.388452] ata2.00: configured for UDMA/33
[    6.392121] ata1.00: configured for UDMA/33
[    6.401025] scsi 0:0:0:0: Direct-Access     ATA      QEMU HARDDISK    2.5+ PQ: 0 ANSI: 5
[    6.419918] sd 0:0:0:0: [sda] 2097152 512-byte logical blocks: (1.07 GB/1.00 GiB)
[    6.421990] scsi 1:0:0:0: CD-ROM            QEMU     QEMU DVD-ROM     2.5+ PQ: 0 ANSI: 5
[    6.436964] sd 0:0:0:0: [sda] Write Protect is off
[    6.437770] sd 0:0:0:0: [sda] Mode Sense: 00 3a 00 00
[    6.439517] sd 0:0:0:0: [sda] Write cache: enabled, read cache: enabled, doesn't support DPO or FUA
[    6.452708]  sda: sda1
[    6.467175] sd 0:0:0:0: [sda] Attached SCSI disk
[    6.467827] Creating 11 MTD partitions on "NAND 128MiB 1,8V 8-bit":
[    6.468596] 0x000000000000-0x000000100000 : "NAND simulator partition 0"
[    6.482077] 0x000000100000-0x000000200000 : "NAND simulator partition 1"
[    6.494285] 0x000000200000-0x000000300000 : "NAND simulator partition 2"
[    6.507046] 0x000000300000-0x000000400000 : "NAND simulator partition 3"
[    6.521028] 0x000000400000-0x000000500000 : "NAND simulator partition 4"
[    6.534410] 0x000000500000-0x000000600000 : "NAND simulator partition 5"
[    6.547627] 0x000000600000-0x000000700000 : "NAND simulator partition 6"
[    6.560659] 0x000000700000-0x000000800000 : "NAND simulator partition 7"
[    6.574018] 0x000000800000-0x000000900000 : "NAND simulator partition 8"
[    6.586258] 0x000000900000-0x000000a00000 : "NAND simulator partition 9"
[    6.598644] 0x000000a00000-0x000008000000 : "NAND simulator partition 10"
[    6.652226] tun: Universal TUN/TAP device driver, 1.6
[    6.652654] tun: (C) 1999-2004 Max Krasnyansky <maxk@qualcomm.com>
[    6.656839] pcnet32: pcnet32.c:v1.35 21.Apr.2008 tsbogend@alpha.franken.de
[    6.658563] e1000: Intel(R) PRO/1000 Network Driver - version 7.3.21-k8-NAPI
[    6.659088] e1000: Copyright (c) 1999-2006 Intel Corporation.
[    6.660201] PCI: Enabling device 0000:00:13.0 (0000 -> 0003)
[    6.984726] e1000 0000:00:13.0 eth0: (PCI:33MHz:32-bit) 52:54:00:12:34:56
[    6.985690] e1000 0000:00:13.0 eth0: Intel(R) PRO/1000 Network Connection
[    6.986548] PCI: Enabling device 0000:00:14.0 (0000 -> 0003)
[    7.312642] e1000 0000:00:14.0 eth1: (PCI:33MHz:32-bit) 52:54:00:12:34:57
[    7.313498] e1000 0000:00:14.0 eth1: Intel(R) PRO/1000 Network Connection
[    7.314342] PCI: Enabling device 0000:00:15.0 (0000 -> 0003)
[    7.316354] cfg80211: Calling CRDA to update world regulatory domain
[    7.632350] e1000 0000:00:15.0 eth2: (PCI:33MHz:32-bit) 52:54:00:12:34:58
[    7.633092] e1000 0000:00:15.0 eth2: Intel(R) PRO/1000 Network Connection
[    7.634250] PCI: Enabling device 0000:00:16.0 (0000 -> 0003)
[    7.956318] e1000 0000:00:16.0 eth3: (PCI:33MHz:32-bit) 52:54:00:12:34:59
[    7.957034] e1000 0000:00:16.0 eth3: Intel(R) PRO/1000 Network Connection
[    7.959069] e1000e: Intel(R) PRO/1000 Network Driver - 2.3.2-k
[    7.959564] e1000e: Copyright(c) 1999 - 2014 Intel Corporation.
[    7.965774] PPP generic driver version 2.4.2
[    7.968513] PPP Deflate Compression module registered
[    7.969564] PPP MPPE Compression module registered
[    7.970096] NET: Registered protocol family 24
[    7.971017] ehci_hcd: USB 2.0 'Enhanced' Host Controller (EHCI) Driver
[    7.971656] ehci-pci: EHCI PCI platform driver
[    7.973165] ohci_hcd: USB 1.1 'Open' Host Controller (OHCI) Driver
[    7.973949] ohci-pci: OHCI PCI platform driver
[    7.975421] uhci_hcd: USB Universal Host Controller Interface driver
[    7.977646] uhci_hcd 0000:00:0a.2: UHCI Host Controller
[    7.978630] uhci_hcd 0000:00:0a.2: new USB bus registered, assigned bus number 1
[    7.979951] uhci_hcd 0000:00:0a.2: irq 11, io base 0x00001440
[    7.995607] hub 1-0:1.0: USB hub found
[    7.996569] hub 1-0:1.0: 2 ports detected
[    8.008701] usbcore: registered new interface driver usb-storage
[    8.014351] mousedev: PS/2 mouse device common for all mice
[    8.022585] rtc_cmos rtc_cmos: rtc core: registered rtc_cmos as rtc0
[    8.023523] rtc_cmos rtc_cmos: alarms up to one day, 242 bytes nvram
[    8.025463] i2c /dev entries driver
[    8.027029] piix4_smbus 0000:00:0a.3: SMBus Host Controller at 0x1100, revision 0
[    8.033073] sdhci: Secure Digital Host Controller Interface driver
[    8.033841] sdhci: Copyright(c) Pierre Ossman
[    8.036811] hidraw: raw HID events driver (C) Jiri Kosina
[    8.061142] usbcore: registered new interface driver usbhid
[    8.061723] usbhid: USB HID core driver
[    8.063103] Netfilter messages via NETLINK v0.30.
[    8.064742] nf_conntrack version 0.5.0 (3923 buckets, 15692 max)
[    8.068957] ctnetlink v0.93: registering with nfnetlink.
[    8.076320] ipip: IPv4 over IPv4 tunneling driver
[    8.092030] ip_tables: (C) 2000-2006 Netfilter Core Team
[    8.095707] arp_tables: (C) 2002 David S. Miller
[    8.098229] Initializing XFRM netlink socket
[    8.099710] NET: Registered protocol family 10
[    8.127267] ip6_tables: (C) 2000-2006 Netfilter Core Team
[    8.132004] sit: IPv6 over IPv4 tunneling driver
[    8.154519] NET: Registered protocol family 17
[    8.155710] bridge: automatic filtering via arp/ip/ip6tables has been deprecated. Update your scripts to load br_netfilter if you need this.
[    8.157087] Bridge firewalling registered
[    8.157836] Ebtables v2.0 registered
[    8.160620] 8021q: 802.1Q VLAN Support v1.8
[    8.189627] rtc_cmos rtc_cmos: setting system clock to 2025-07-23 02:08:54 UTC (1753236534)
[    8.216153] EXT2-fs (sda1): warning: mounting unchecked fs, running e2fsck is recommended
[    8.218756] VFS: Mounted root (ext2 filesystem) on device 8:1.
[    8.230396] Freeing YAMON memory: 956k freed
[    8.243868] Freeing unused kernel memory: 260K (8081f000 - 80860000)
[    8.397644] firmadyne: sys_reboot[PID: 48 (init)]: magic1:fee1dead, magic2:28121969, cmd:0
init started:  BusyBox v1.00 (2011.02.24-08:49+0000) multi-call binary[    8.425562] spurious 8259A interrupt: IRQ7.

init started:  BusyBox v1.00 (2011.02.24-08:49+0000) multi-call binary
Starting pid 50, console /dev/ttyS0: '/usr/etc/rcS'
[    8.798944] firmadyne: do_execve: /firmadyne/console
[    8.799693] OFFSETS: offset of pid: 0x198 offset of comm: 0x278
mount: Mounting devpts on /dev/pts failed: No such file or directory
[   10.457780] cfg80211: Calling CRDA to update world regulatory domain
mknod: /dev/sc_led: File exists
[   11.654495] random: nonblocking pool is initialized
insmod: cannot open module `/lib/modules/ipt_string.ko': No such file or directory
[   13.155355] firmadyne: ioctl: 0x1
[   13.602422] cfg80211: Calling CRDA to update world regulatory domain
[   14.436509] firmadyne: sys_socket[PID: 92 (brctl)]: family:2, type:2, protocol:0
[   14.523711] firmadyne: sys_socket[PID: 93 (brctl)]: family:2, type:2, protocol:0
[   14.603017] firmadyne: sys_socket[PID: 94 (ifconfig)]: family:2, type:1, protocol:0
[   14.606538] firmadyne: __inet_insert_ifa[PID: 94 (ifconfig)]: device:eth0 ifa:0x00000000
[   14.623613] IPv6: ADDRCONF(NETDEV_UP): eth0: link is not ready
[   14.624275] 8021q: adding VLAN 0 to HW filter on device eth0
[   14.630350] e1000: eth0 NIC Link is Up 1000 Mbps Full Duplex, Flow Control: RX
[   14.632433] IPv6: ADDRCONF(NETDEV_CHANGE): eth0: link becomes ready
[   14.721077] firmadyne: sys_socket[PID: 95 (brctl)]: family:2, type:2, protocol:0
[   14.722869] firmadyne: sys_socket[PID: 95 (brctl)]: family:10, type:1, protocol:0
[   14.725217] firmadyne: br_add_if[PID: 95 (brctl)]: br:br0 dev:eth0
[   14.732014] device eth0 entered promiscuous mode
[   16.747674] cfg80211: Calling CRDA to update world regulatory domain
killall: dsl_cpe_control: no process killed
[   17.808376] firmadyne: ioctl: 0xc0a47204
[   17.851574] firmadyne: sys_socket[PID: 104 (ifconfig)]: family:2, type:1, protocol:0
[   17.858799] firmadyne: __inet_insert_ifa[PID: 104 (ifconfig)]: device:lo ifa:0x7f000001
[   17.866567] firmadyne: __inet_insert_ifa[PID: 104 (ifconfig)]: device:lo ifa:0x7f000001
[   18.054239] firmadyne: sys_socket[PID: 105 (route)]: family:2, type:1, protocol:0
[   18.326618] firmadyne: sys_socket[PID: 106 (klogd)]: family:1, type:1, protocol:0
[   18.333699] firmadyne: sys_socket[PID: 106 (klogd)]: family:1, type:2, protocol:0
[   18.348100] firmadyne: sys_socket[PID: 106 (klogd)]: family:1, type:1, protocol:0
[   18.354111] firmadyne: sys_socket[PID: 106 (klogd)]: family:1, type:2, protocol:0
[   18.361933] firmadyne: sys_socket[PID: 106 (klogd)]: family:1, type:1, protocol:0
[   18.363625] firmadyne: sys_socket[PID: 106 (klogd)]: family:1, type:2, protocol:0
[   18.372656] firmadyne: sys_socket[PID: 106 (klogd)]: family:1, type:1, protocol:0
[   18.374589] firmadyne: sys_socket[PID: 106 (klogd)]: family:1, type:2, protocol:0
[   18.382581] firmadyne: sys_socket[PID: 106 (klogd)]: family:1, type:1, protocol:0
[   18.384269] firmadyne: sys_socket[PID: 106 (klogd)]: family:1, type:2, protocol:0
[   18.391992] firmadyne: sys_socket[PID: 106 (klogd)]: family:1, type:1, protocol:0
[   18.397880] firmadyne: sys_socket[PID: 106 (klogd)]: family:1, type:2, protocol:0
[   18.405707] firmadyne: sys_socket[PID: 106 (klogd)]: family:1, type:1, protocol:0
[   18.407388] firmadyne: sys_socket[PID: 106 (klogd)]: family:1, type:2, protocol:0
[   18.419034] firmadyne: sys_socket[PID: 106 (klogd)]: family:1, type:1, protocol:0
[   18.420869] firmadyne: sys_socket[PID: 106 (klogd)]: family:1, type:2, protocol:0
[   18.432195] firmadyne: sys_socket[PID: 106 (klogd)]: family:1, type:1, protocol:0
[   18.434314] firmadyne: sys_socket[PID: 106 (klogd)]: family:1, type:2, protocol:0
[   18.442098] firmadyne: sys_socket[PID: 106 (klogd)]: family:1, type:1, protocol:0
[   18.443788] firmadyne: sys_socket[PID: 106 (klogd)]: family:1, type:2, protocol:0
[   18.451574] firmadyne: sys_socket[PID: 106 (klogd)]: family:1, type:1, protocol:0
[   18.453262] firmadyne: sys_socket[PID: 106 (klogd)]: family:1, type:2, protocol:0
[   18.464188] firmadyne: sys_socket[PID: 106 (klogd)]: family:1, type:1, protocol:0
[   18.470214] firmadyne: sys_socket[PID: 106 (klogd)]: family:1, type:2, protocol:0
[   18.477614] firmadyne: sys_socket[PID: 102 (dsl_cpe_control)]: family:2, type:2, protocol:0
[   18.479322] firmadyne: sys_socket[PID: 106 (klogd)]: family:1, type:1, protocol:0
[   18.481010] firmadyne: sys_socket[PID: 106 (klogd)]: family:1, type:2, protocol:0
[   18.484922] firmadyne: sys_socket[PID: 106 (klogd)]: family:1, type:1, protocol:0
[   18.486591] firmadyne: sys_setsockopt[PID: 102 (dsl_cpe_control)]: fd:4, level:65535, optname:8
[   18.487803] firmadyne: sys_setsockopt[PID: 102 (dsl_cpe_control)]: fd:4, level:65535, optname:4097
[   18.488939] firmadyne: sys_setsockopt[PID: 102 (dsl_cpe_control)]: fd:4, level:65535, optname:4098
[   18.491016] firmadyne: sys_socket[PID: 106 (klogd)]: family:1, type:2, protocol:0
[   18.493749] firmadyne: sys_setsockopt[PID: 102 (dsl_cpe_control)]: fd:4, level:6, optname:1
[   18.495063] firmadyne: inet_bind[PID: 102 (dsl_cpe_control)]: proto:SOCK_STREAM, port:8080
[   18.498740] firmadyne: sys_socket[PID: 106 (klogd)]: family:1, type:1, protocol:0
[   18.500421] firmadyne: sys_socket[PID: 106 (klogd)]: family:1, type:2, protocol:0
[   18.507208] firmadyne: sys_socket[PID: 106 (klogd)]: family:1, type:1, protocol:0
[   18.508897] firmadyne: sys_socket[PID: 106 (klogd)]: family:1, type:2, protocol:0
[   18.515306] firmadyne: ioctl: 0xc00c7224
[   18.515964] firmadyne: ioctl: 0xc00c721d
[   18.516565] firmadyne: ioctl: 0xc00c721d
[   18.517180] firmadyne: ioctl: 0xc00c721d
[   18.520962] firmadyne: sys_socket[PID: 106 (klogd)]: family:1, type:1, protocol:0
[   18.522512] firmadyne: ioctl: 0xc00c721d
[   18.523124] firmadyne: ioctl: 0xc00c721d
[   18.523731] firmadyne: ioctl: 0xc00c721d
[   18.524301] firmadyne: ioctl: 0xc00c721d
[   18.524872] firmadyne: ioctl: 0xc00c721d
[   18.527140] firmadyne: ioctl: 0xc00c721d
[   18.527767] firmadyne: ioctl: 0xc00c721d
[   18.528355] firmadyne: ioctl: 0xc00c721d
[   18.528947] firmadyne: ioctl: 0xc00c721d
[   18.529813] firmadyne: ioctl: 0xc00c721d
[   18.530391] firmadyne: ioctl: 0xc00c721d
[   18.530967] firmadyne: ioctl: 0xc00c721d
[   18.531540] firmadyne: ioctl: 0xc00c721d
[   18.532109] firmadyne: ioctl: 0xc00c721d
[   18.535682] firmadyne: sys_socket[PID: 106 (klogd)]: family:1, type:2, protocol:0
[   18.538599] firmadyne: ioctl: 0xc0207223
[   18.543471] firmadyne: sys_socket[PID: 106 (klogd)]: family:1, type:1, protocol:0
[   18.545191] firmadyne: sys_socket[PID: 106 (klogd)]: family:1, type:2, protocol:0
[   18.549851] firmadyne: ioctl: 0xc0207223
[   18.551317] firmadyne: ioctl: 0xc0207223
[   18.552739] firmadyne: ioctl: 0xc0207223
[   18.562574] firmadyne: ioctl: 0xc0207223
[   18.564015] firmadyne: ioctl: 0xc0207223
[   18.566104] firmadyne: sys_socket[PID: 106 (klogd)]: family:1, type:1, protocol:0
[   18.567795] firmadyne: sys_socket[PID: 106 (klogd)]: family:1, type:2, protocol:0
[   18.574850] firmadyne: ioctl: 0xc0207223
[   18.576332] firmadyne: ioctl: 0xc0207223
[   18.583821] firmadyne: sys_socket[PID: 106 (klogd)]: family:1, type:1, protocol:0
[   18.586338] firmadyne: ioctl: 0xc0207223
[   18.587796] firmadyne: ioctl: 0xc0207223
[   18.589466] firmadyne: ioctl: 0xc0207223
[   18.590313] firmadyne: sys_socket[PID: 106 (klogd)]: family:1, type:2, protocol:0
[   18.598526] firmadyne: ioctl: 0xc0207223
[   18.599983] firmadyne: ioctl: 0xc0207223
[   18.602134] firmadyne: sys_socket[PID: 106 (klogd)]: family:1, type:1, protocol:0
[   18.603859] firmadyne: sys_socket[PID: 106 (klogd)]: family:1, type:2, protocol:0
[   18.609738] firmadyne: ioctl: 0xc0207223
[   18.611218] firmadyne: ioctl: 0xc0207223
[   18.612642] firmadyne: ioctl: 0xc0207223
[   18.615577] firmadyne: sys_socket[PID: 106 (klogd)]: family:1, type:1, protocol:0
[   18.617247] firmadyne: sys_socket[PID: 106 (klogd)]: family:1, type:2, protocol:0
[   18.622422] firmadyne: ioctl: 0xc0207223
[   18.623872] firmadyne: ioctl: 0xc0207223
[   18.632043] firmadyne: sys_socket[PID: 106 (klogd)]: family:1, type:1, protocol:0
[   18.634443] firmadyne: ioctl: 0xc0207223
[   18.635931] firmadyne: ioctl: 0xc0207223
[   18.641851] firmadyne: sys_socket[PID: 106 (klogd)]: family:1, type:2, protocol:0
[   18.645333] firmadyne: sys_socket[PID: 106 (klogd)]: family:1, type:1, protocol:0
[   18.646848] firmadyne: ioctl: 0xc0207223
[   18.648361] firmadyne: ioctl: 0xc0207223
[   18.654065] firmadyne: ioctl: 0xc0207223
[   18.655526] firmadyne: ioctl: 0xc0207223
[   18.657001] firmadyne: ioctl: 0xc0207223
[   18.658643] firmadyne: sys_socket[PID: 106 (klogd)]: family:1, type:2, protocol:0
[   18.666551] firmadyne: ioctl: 0xc0207223
[   18.668020] firmadyne: ioctl: 0xc0207223
[   18.670491] firmadyne: sys_socket[PID: 106 (klogd)]: family:1, type:1, protocol:0
[   18.672248] firmadyne: sys_socket[PID: 106 (klogd)]: family:1, type:2, protocol:0
[   18.677818] firmadyne: ioctl: 0xc0207223
[   18.679314] firmadyne: ioctl: 0xc0207223
[   18.680769] firmadyne: ioctl: 0xc0207223
[   18.683985] firmadyne: sys_socket[PID: 106 (klogd)]: family:1, type:1, protocol:0
[   18.690483] firmadyne: ioctl: 0xc0207223
[   18.691928] firmadyne: ioctl: 0xc0207223
[   18.693883] firmadyne: sys_socket[PID: 106 (klogd)]: family:1, type:2, protocol:0
[   18.701650] firmadyne: ioctl: 0xc0207223
[   18.703122] firmadyne: ioctl: 0xc0207223
[   18.704555] firmadyne: ioctl: 0xc0207223
[   18.705636] firmadyne: sys_socket[PID: 106 (klogd)]: family:1, type:1, protocol:0
[   18.707319] firmadyne: sys_socket[PID: 106 (klogd)]: family:1, type:2, protocol:0
[   18.714321] firmadyne: ioctl: 0xc0207223
[   18.715779] firmadyne: ioctl: 0xc0207223
[   18.717228] firmadyne: ioctl: 0xc0207223
[   18.723001] firmadyne: sys_socket[PID: 106 (klogd)]: family:1, type:1, protocol:0
[   18.724731] firmadyne: sys_socket[PID: 106 (klogd)]: family:1, type:2, protocol:0
[   18.730523] firmadyne: ioctl: 0xc0207223
[   18.732007] firmadyne: ioctl: 0xc0207223
[   18.736179] firmadyne: sys_socket[PID: 106 (klogd)]: family:1, type:1, protocol:0
[   18.741819] firmadyne: ioctl: 0xc0207223
[   18.743314] firmadyne: ioctl: 0xc0207223
[   18.744795] firmadyne: ioctl: 0xc0207223
[   18.746280] firmadyne: sys_socket[PID: 106 (klogd)]: family:1, type:2, protocol:0
[   18.754475] firmadyne: ioctl: 0xc0207223
[   18.755964] firmadyne: ioctl: 0xc0207223
[   18.758033] firmadyne: sys_socket[PID: 106 (klogd)]: family:1, type:1, protocol:0
[   18.759722] firmadyne: sys_socket[PID: 106 (klogd)]: family:1, type:2, protocol:0
[   18.765726] firmadyne: ioctl: 0xc0207223
[   18.767191] firmadyne: ioctl: 0xc0207223
[   18.768623] firmadyne: ioctl: 0xc0207223
[   18.772574] firmadyne: sys_socket[PID: 106 (klogd)]: family:1, type:1, protocol:0
[   18.782460] firmadyne: ioctl: 0xc0207223
[   18.783944] firmadyne: ioctl: 0xc0207223
[   18.786361] firmadyne: sys_socket[PID: 106 (klogd)]: family:1, type:2, protocol:0
[   18.790291] firmadyne: sys_socket[PID: 106 (klogd)]: family:1, type:1, protocol:0
[   18.791971] firmadyne: sys_socket[PID: 106 (klogd)]: family:1, type:2, protocol:0
[   18.793981] firmadyne: ioctl: 0xc0207223
[   18.795496] firmadyne: ioctl: 0xc0207223
[   18.796953] firmadyne: ioctl: 0xc0207223
[   18.802433] firmadyne: ioctl: 0xc0207223
[   18.803902] firmadyne: ioctl: 0xc0207223
[   18.807721] firmadyne: sys_socket[PID: 106 (klogd)]: family:1, type:1, protocol:0
[   18.813674] firmadyne: ioctl: 0xc0207223
[   18.815184] firmadyne: ioctl: 0xc0207223
[   18.816645] firmadyne: ioctl: 0xc0207223
[   18.817649] firmadyne: sys_socket[PID: 106 (klogd)]: family:1, type:2, protocol:0
[   18.821318] firmadyne: sys_socket[PID: 106 (klogd)]: family:1, type:1, protocol:0
[   18.830414] firmadyne: ioctl: 0xc0207223
[   18.831869] firmadyne: ioctl: 0xc0207223
[   18.833501] firmadyne: ioctl: 0xc0207223
[   18.834856] firmadyne: sys_socket[PID: 106 (klogd)]: family:1, type:2, protocol:0
[   18.842997] firmadyne: ioctl: 0xc0207223
[   18.844468] firmadyne: ioctl: 0xc0207223
[   18.846617] firmadyne: sys_socket[PID: 106 (klogd)]: family:1, type:1, protocol:0
[   18.848340] firmadyne: sys_socket[PID: 106 (klogd)]: family:1, type:2, protocol:0
[   18.854268] firmadyne: ioctl: 0xc0207223
[   18.855760] firmadyne: ioctl: 0xc0207223
[   18.857428] firmadyne: ioctl: 0xc0207223
[   18.860568] firmadyne: sys_socket[PID: 106 (klogd)]: family:1, type:1, protocol:0
[   18.866474] firmadyne: ioctl: 0xc0207223
[   18.867907] firmadyne: ioctl: 0xc0207223
[   18.870277] firmadyne: sys_socket[PID: 106 (klogd)]: family:1, type:2, protocol:0
[   18.877642] firmadyne: ioctl: 0xc0207223
[   18.879149] firmadyne: ioctl: 0xc0207223
[   18.880604] firmadyne: ioctl: 0xc0207223
[   18.881952] firmadyne: sys_socket[PID: 106 (klogd)]: family:1, type:1, protocol:0
[   18.883683] firmadyne: sys_socket[PID: 106 (klogd)]: family:1, type:2, protocol:0
[   18.890366] firmadyne: ioctl: 0xc0207223
[   18.891809] firmadyne: ioctl: 0xc0207223
[   18.893444] firmadyne: ioctl: 0xc0207223
[   18.895818] firmadyne: sys_socket[PID: 106 (klogd)]: family:1, type:1, protocol:0
[   18.901655] firmadyne: sys_socket[PID: 106 (klogd)]: family:1, type:2, protocol:0
[   18.905062] firmadyne: sys_socket[PID: 106 (klogd)]: family:1, type:1, protocol:0
[   18.907444] firmadyne: ioctl: 0xc0207223
[   18.908875] firmadyne: ioctl: 0xc0207223
[   18.914418] firmadyne: ioctl: 0xc0207223
[   18.915836] firmadyne: ioctl: 0xc0207223
[   18.917463] firmadyne: ioctl: 0xc0207223
[   18.918813] firmadyne: sys_socket[PID: 106 (klogd)]: family:1, type:2, protocol:0
[   18.926473] firmadyne: sys_socket[PID: 106 (klogd)]: family:1, type:1, protocol:0
[   18.928147] firmadyne: sys_socket[PID: 106 (klogd)]: family:1, type:2, protocol:0
[   18.930727] firmadyne: ioctl: 0xc0207223
[   18.932199] firmadyne: ioctl: 0xc0207223
[   18.937884] firmadyne: ioctl: 0xc0207223
[   18.939308] firmadyne: ioctl: 0xc0207223
[   18.940725] firmadyne: ioctl: 0xc0207223
[   18.943782] firmadyne: sys_socket[PID: 106 (klogd)]: family:1, type:1, protocol:0
[   18.950469] firmadyne: ioctl: 0xc0207223
[   18.951904] firmadyne: ioctl: 0xc0207223
[   18.953648] firmadyne: sys_socket[PID: 106 (klogd)]: family:1, type:2, protocol:0
[   18.957054] firmadyne: sys_socket[PID: 106 (klogd)]: family:1, type:1, protocol:0
[   18.965593] firmadyne: ioctl: 0xc0207223
[   18.967059] firmadyne: ioctl: 0xc0207223
[   18.968478] firmadyne: ioctl: 0xc0207223
[   18.971394] firmadyne: sys_socket[PID: 106 (klogd)]: family:1, type:2, protocol:0
[   18.980230] firmadyne: ioctl: 0xc0207223
[   18.983052] firmadyne: sys_socket[PID: 106 (klogd)]: family:1, type:1, protocol:0
[   18.984733] firmadyne: sys_socket[PID: 106 (klogd)]: family:1, type:2, protocol:0
[   18.986636] firmadyne: ioctl: 0xc0207223
[   18.988077] firmadyne: ioctl: 0xc0207223
[   18.992054] firmadyne: sys_socket[PID: 106 (klogd)]: family:1, type:1, protocol:0
[   18.997829] firmadyne: ioctl: 0xc0207223
[   18.999285] firmadyne: ioctl: 0xc0207223
[   19.000696] firmadyne: ioctl: 0xc0207223
[   19.005835] firmadyne: sys_socket[PID: 106 (klogd)]: family:1, type:2, protocol:0
[   19.009266] firmadyne: sys_socket[PID: 106 (klogd)]: family:1, type:1, protocol:0
[   19.011612] firmadyne: ioctl: 0xc0207223
[   19.013090] firmadyne: ioctl: 0xc0207223
[   19.018425] firmadyne: ioctl: 0xc0207223
[   19.019876] firmadyne: ioctl: 0xc0207223
[   19.022265] firmadyne: sys_socket[PID: 106 (klogd)]: family:1, type:2, protocol:0
[   19.029721] firmadyne: ioctl: 0xc0207223
[   19.031205] firmadyne: ioctl: 0xc0207223
[   19.032629] firmadyne: ioctl: 0xc0207223
[   19.033914] firmadyne: sys_socket[PID: 106 (klogd)]: family:1, type:1, protocol:0
[   19.035611] firmadyne: sys_socket[PID: 106 (klogd)]: family:1, type:2, protocol:0
[   19.042416] firmadyne: ioctl: 0xc0207223
[   19.043879] firmadyne: ioctl: 0xc0207223
[   19.047275] firmadyne: sys_socket[PID: 106 (klogd)]: family:1, type:1, protocol:0
[   19.048986] firmadyne: sys_socket[PID: 106 (klogd)]: family:1, type:2, protocol:0
[   19.053596] firmadyne: ioctl: 0xc0207223
[   19.055073] firmadyne: ioctl: 0xc0207223
[   19.056506] firmadyne: ioctl: 0xc0207223
[   19.060061] firmadyne: sys_socket[PID: 106 (klogd)]: family:1, type:1, protocol:0
[   19.066288] firmadyne: ioctl: 0xc0207223
[   19.067733] firmadyne: ioctl: 0xc0207223
[   19.069165] firmadyne: ioctl: 0xc0207223
[   19.070301] firmadyne: sys_socket[PID: 106 (klogd)]: family:1, type:2, protocol:0
[   19.078471] firmadyne: ioctl: 0xc0207223
[   19.079905] firmadyne: ioctl: 0xc0207223
[   19.081962] firmadyne: sys_socket[PID: 106 (klogd)]: family:1, type:1, protocol:0
[   19.083647] firmadyne: sys_socket[PID: 106 (klogd)]: family:1, type:2, protocol:0
[   19.089626] firmadyne: ioctl: 0xc0207223
[   19.091097] firmadyne: ioctl: 0xc0207223
[   19.092521] firmadyne: ioctl: 0xc0207223
[   19.095289] firmadyne: sys_socket[PID: 106 (klogd)]: family:1, type:1, protocol:0
[   19.096946] firmadyne: sys_socket[PID: 106 (klogd)]: family:1, type:2, protocol:0
[   19.102286] firmadyne: ioctl: 0xc0207223
[   19.103766] firmadyne: ioctl: 0xc0207223
[   19.105439] firmadyne: ioctl: 0xc0207223
[   19.112005] firmadyne: sys_socket[PID: 106 (klogd)]: family:1, type:1, protocol:0
[   19.118476] firmadyne: ioctl: 0xc0207223
[   19.119925] firmadyne: ioctl: 0xc0207223
[   19.121877] firmadyne: sys_socket[PID: 106 (klogd)]: family:1, type:2, protocol:0
[   19.125309] firmadyne: sys_socket[PID: 106 (klogd)]: family:1, type:1, protocol:0
[   19.129631] firmadyne: ioctl: 0xc0207223
[   19.131100] firmadyne: ioctl: 0xc0207223
[   19.132516] firmadyne: ioctl: 0xc0207223
[   19.138244] firmadyne: sys_socket[PID: 106 (klogd)]: family:1, type:2, protocol:0
[   19.142385] firmadyne: ioctl: 0xc0207223
[   19.143860] firmadyne: ioctl: 0xc0207223
[   19.149972] firmadyne: sys_socket[PID: 106 (klogd)]: family:1, type:1, protocol:0
[   19.151698] firmadyne: sys_socket[PID: 106 (klogd)]: family:1, type:2, protocol:0
[   19.153884] firmadyne: ioctl: 0xc0207223
[   19.155396] firmadyne: ioctl: 0xc0207223
[   19.156846] firmadyne: ioctl: 0xc0207223
[   19.163365] firmadyne: sys_socket[PID: 106 (klogd)]: family:1, type:1, protocol:0
[   19.165080] firmadyne: sys_socket[PID: 106 (klogd)]: family:1, type:2, protocol:0
[   19.167884] firmadyne: ioctl: 0xc0207223
[   19.173670] firmadyne: ioctl: 0xc0207223
[   19.175146] firmadyne: ioctl: 0xc0207223
[   19.176564] firmadyne: ioctl: 0xc0207223
[   19.180009] firmadyne: sys_socket[PID: 106 (klogd)]: family:1, type:1, protocol:0
[   19.186339] firmadyne: ioctl: 0xc0207223
[   19.187783] firmadyne: ioctl: 0xc0207223
[   19.189432] firmadyne: ioctl: 0xc0207223
[   19.190370] firmadyne: sys_socket[PID: 106 (klogd)]: family:1, type:2, protocol:0
[   19.198471] firmadyne: ioctl: 0xc0207223
[   19.199908] firmadyne: ioctl: 0xc0207223
[   19.202085] firmadyne: sys_socket[PID: 106 (klogd)]: family:1, type:1, protocol:0
[   19.203765] firmadyne: sys_socket[PID: 106 (klogd)]: family:1, type:2, protocol:0
[   19.209633] firmadyne: ioctl: 0xc0207223
[   19.211103] firmadyne: ioctl: 0xc0207223
[   19.212527] firmadyne: ioctl: 0xc0207223
[   19.215496] firmadyne: sys_socket[PID: 106 (klogd)]: family:1, type:1, protocol:0
[   19.217191] firmadyne: sys_socket[PID: 106 (klogd)]: family:1, type:2, protocol:0
[   19.226252] firmadyne: ioctl: 0xc0207223
[   19.227708] firmadyne: ioctl: 0xc0207223
[   19.229122] firmadyne: ioctl: 0xc0207223
[   19.232438] firmadyne: sys_socket[PID: 106 (klogd)]: family:1, type:1, protocol:0
[   19.238479] firmadyne: ioctl: 0xc0207223
[   19.239924] firmadyne: ioctl: 0xc0207223
[   19.242296] firmadyne: sys_socket[PID: 106 (klogd)]: family:1, type:2, protocol:0
[   19.249636] firmadyne: ioctl: 0xc0207223
[   19.251144] firmadyne: ioctl: 0xc0207223
[   19.252574] firmadyne: ioctl: 0xc0207223
[   19.253946] firmadyne: sys_socket[PID: 106 (klogd)]: family:1, type:1, protocol:0
[   19.255635] firmadyne: sys_socket[PID: 106 (klogd)]: family:1, type:2, protocol:0
[   19.262335] firmadyne: ioctl: 0xc0207223
[   19.263790] firmadyne: ioctl: 0xc0207223
[   19.265226] firmadyne: ioctl: 0xc0207223
[   19.267799] firmadyne: sys_socket[PID: 106 (klogd)]: family:1, type:1, protocol:0
[   19.274483] firmadyne: ioctl: 0xc0207223
[   19.275920] firmadyne: ioctl: 0xc0207223
[   19.277658] firmadyne: sys_socket[PID: 106 (klogd)]: family:1, type:2, protocol:0
[   19.281067] firmadyne: sys_socket[PID: 106 (klogd)]: family:1, type:1, protocol:0
[   19.285630] firmadyne: ioctl: 0xc0207223
[   19.287110] firmadyne: ioctl: 0xc0207223
[   19.288533] firmadyne: ioctl: 0xc0207223
[   19.290297] firmadyne: sys_socket[PID: 106 (klogd)]: family:1, type:2, protocol:0
[   19.298319] firmadyne: ioctl: 0xc0207223
[   19.299766] firmadyne: ioctl: 0xc0207223
[   19.301210] firmadyne: ioctl: 0xc0207223
[   19.302515] firmadyne: sys_socket[PID: 106 (klogd)]: family:1, type:1, protocol:0
[   19.304195] firmadyne: sys_socket[PID: 106 (klogd)]: family:1, type:2, protocol:0
[   19.310489] firmadyne: ioctl: 0xc0207223
[   19.311925] firmadyne: ioctl: 0xc0207223
[   19.315828] firmadyne: sys_socket[PID: 106 (klogd)]: family:1, type:1, protocol:0
[   19.321655] firmadyne: ioctl: 0xc0207223
[   19.323120] firmadyne: ioctl: 0xc0207223
[   19.324548] firmadyne: ioctl: 0xc0207223
[   19.329957] firmadyne: sys_socket[PID: 106 (klogd)]: family:1, type:2, protocol:0
[   19.346416] firmadyne: ioctl: 0xc0207223
[   19.347907] firmadyne: ioctl: 0xc0207223
[   19.349739] firmadyne: sys_socket[PID: 106 (klogd)]: family:1, type:1, protocol:0
[   19.351476] firmadyne: sys_socket[PID: 106 (klogd)]: family:1, type:2, protocol:0
[   19.365693] firmadyne: ioctl: 0xc0207223
[   19.367179] firmadyne: ioctl: 0xc0207223
[   19.368598] firmadyne: ioctl: 0xc0207223
[   19.372217] firmadyne: sys_socket[PID: 106 (klogd)]: family:1, type:1, protocol:0
[   19.378231] firmadyne: sys_socket[PID: 106 (klogd)]: family:1, type:2, protocol:0
[   19.386471] firmadyne: ioctl: 0xc0207223
[   19.387915] firmadyne: ioctl: 0xc0207223
[   19.395010] firmadyne: sys_socket[PID: 106 (klogd)]: family:1, type:1, protocol:0
[   19.396705] firmadyne: sys_socket[PID: 106 (klogd)]: family:1, type:2, protocol:0
[   19.401713] firmadyne: ioctl: 0xc0207223
[   19.403185] firmadyne: ioctl: 0xc0207223
[   19.404608] firmadyne: ioctl: 0xc0207223
[   19.413601] firmadyne: sys_socket[PID: 106 (klogd)]: family:1, type:1, protocol:0
[   19.418455] firmadyne: ioctl: 0xc0207223
[   19.419896] firmadyne: ioctl: 0xc0207223
[   19.426255] firmadyne: sys_socket[PID: 106 (klogd)]: family:1, type:2, protocol:0
[   19.433698] firmadyne: ioctl: 0xc0207223
[   19.435189] firmadyne: ioctl: 0xc0207223
[   19.436607] firmadyne: ioctl: 0xc0207223
[   19.441904] firmadyne: sys_socket[PID: 106 (klogd)]: family:1, type:1, protocol:0
[   19.443650] firmadyne: sys_socket[PID: 106 (klogd)]: family:1, type:2, protocol:0
[   19.450428] firmadyne: ioctl: 0xc0207223
[   19.451874] firmadyne: ioctl: 0xc0207223
[   19.459367] firmadyne: sys_socket[PID: 106 (klogd)]: family:1, type:1, protocol:0
[   19.461076] firmadyne: sys_socket[PID: 106 (klogd)]: family:1, type:2, protocol:0
[   19.465657] firmadyne: ioctl: 0xc0207223
[   19.467186] firmadyne: ioctl: 0xc0207223
[   19.468607] firmadyne: ioctl: 0xc0207223
[   19.478438] firmadyne: ioctl: 0xc0207223
[   19.479931] firmadyne: ioctl: 0xc0207223
[   19.484145] firmadyne: sys_socket[PID: 106 (klogd)]: family:1, type:1, protocol:0
[   19.493698] firmadyne: ioctl: 0xc0207223
[   19.495184] firmadyne: ioctl: 0xc0207223
[   19.496660] firmadyne: ioctl: 0xc0207223
[   19.498224] firmadyne: sys_socket[PID: 106 (klogd)]: family:1, type:2, protocol:0
[   19.510535] firmadyne: ioctl: 0xc0207223
[   19.511981] firmadyne: ioctl: 0xc0207223
[   19.514206] firmadyne: sys_socket[PID: 106 (klogd)]: family:1, type:1, protocol:0
[   19.515974] firmadyne: sys_socket[PID: 106 (klogd)]: family:1, type:2, protocol:0
[   19.525685] firmadyne: ioctl: 0xc0207223
[   19.527161] firmadyne: ioctl: 0xc0207223
[   19.528589] firmadyne: ioctl: 0xc0207223
[   19.531570] firmadyne: sys_socket[PID: 106 (klogd)]: family:1, type:1, protocol:0
[   19.533229] firmadyne: sys_socket[PID: 106 (klogd)]: family:1, type:2, protocol:0
[   19.542363] firmadyne: ioctl: 0xc0207223
[   19.543817] firmadyne: ioctl: 0xc0207223
[   19.545469] firmadyne: ioctl: 0xc0207223
[   19.552004] firmadyne: sys_socket[PID: 106 (klogd)]: family:1, type:1, protocol:0
[   19.562472] firmadyne: ioctl: 0xc0207223
[   19.563912] firmadyne: ioctl: 0xc0207223
[   19.565876] firmadyne: sys_socket[PID: 106 (klogd)]: family:1, type:2, protocol:0
[   19.569313] firmadyne: sys_socket[PID: 106 (klogd)]: family:1, type:1, protocol:0
[   19.581772] firmadyne: ioctl: 0xc0207223
[   19.583252] firmadyne: ioctl: 0xc0207223
[   19.584735] firmadyne: ioctl: 0xc0207223
[   19.586293] firmadyne: sys_socket[PID: 106 (klogd)]: family:1, type:2, protocol:0
[   19.598501] firmadyne: ioctl: 0xc0207223
[   19.599946] firmadyne: ioctl: 0xc0207223
[   19.602065] firmadyne: sys_socket[PID: 106 (klogd)]: family:1, type:1, protocol:0
[   19.603780] firmadyne: sys_socket[PID: 106 (klogd)]: family:1, type:2, protocol:0
[   19.613689] firmadyne: ioctl: 0xc0207223
[   19.615179] firmadyne: ioctl: 0xc0207223
[   19.616609] firmadyne: ioctl: 0xc0207223
[   19.619448] firmadyne: sys_socket[PID: 106 (klogd)]: family:1, type:1, protocol:0
[   19.621095] firmadyne: sys_socket[PID: 106 (klogd)]: family:1, type:2, protocol:0
[   19.625874] firmadyne: ioctl: 0xc0587200
[   19.630360] firmadyne: ioctl: 0xc0207223
[   19.631798] firmadyne: ioctl: 0xc0207223
[   19.633434] firmadyne: ioctl: 0xc0207223
[   19.671322] firmadyne: ioctl: 0xc0207223
[   19.672851] firmadyne: ioctl: 0xc0207223
[   19.676628] firmadyne: ioctl: 0xc0207223
Warning: Bad CRC, using default environment
[   19.683033] firmadyne: ioctl: 0xc0207223
[   19.685037] firmadyne: ioctl: 0xc0207223
[   19.691398] firmadyne: ioctl: 0xc0207223
[   19.705976] firmadyne: ioctl: 0xc0207223
[   19.708061] firmadyne: ioctl: 0xc0207223
[   19.710036] firmadyne: sys_socket[PID: 106 (klogd)]: family:1, type:1, protocol:0
[   19.711732] firmadyne: sys_socket[PID: 106 (klogd)]: family:1, type:2, protocol:0
[   19.726529] firmadyne: ioctl: 0xc0207223
[   19.728581] firmadyne: ioctl: 0xc0207223
[   19.731557] firmadyne: sys_socket[PID: 106 (klogd)]: family:1, type:1, protocol:0
[   19.733218] firmadyne: sys_socket[PID: 106 (klogd)]: family:1, type:2, protocol:0
[   19.743139] firmadyne: ioctl: 0xc0207223
[   19.745195] firmadyne: ioctl: 0xc0207223
[   19.752388] firmadyne: sys_socket[PID: 106 (klogd)]: family:1, type:1, protocol:0
[   19.764081] firmadyne: ioctl: 0xc0207223
[   19.767652] firmadyne: sys_socket[PID: 106 (klogd)]: family:1, type:2, protocol:0
[   19.778713] firmadyne: ioctl: 0xc0207223
[   19.780738] firmadyne: ioctl: 0xc0207223
[   19.783772] firmadyne: sys_socket[PID: 106 (klogd)]: family:1, type:1, protocol:0
[   19.799986] firmadyne: ioctl: 0xc0207223
[   19.802532] firmadyne: sys_socket[PID: 106 (klogd)]: family:1, type:2, protocol:0
[   19.806428] firmadyne: sys_socket[PID: 106 (klogd)]: family:1, type:1, protocol:0
[   19.808221] firmadyne: sys_socket[PID: 106 (klogd)]: family:1, type:2, protocol:0
[   19.814587] firmadyne: ioctl: 0xc0207223
[   19.816662] firmadyne: ioctl: 0xc0207223
[   19.828105] firmadyne: sys_socket[PID: 106 (klogd)]: family:1, type:1, protocol:0
[   19.831271] firmadyne: ioctl: 0xc0207223
[   19.839019] firmadyne: sys_socket[PID: 106 (klogd)]: family:1, type:2, protocol:0
[   19.845748] firmadyne: ioctl: 0xc0207223
[   19.847882] firmadyne: ioctl: 0xc0207223
[   19.854953] firmadyne: sys_socket[PID: 106 (klogd)]: family:1, type:1, protocol:0
[   19.856688] firmadyne: sys_socket[PID: 106 (klogd)]: family:1, type:2, protocol:0
[   19.863635] firmadyne: ioctl: 0xc0207223
[   19.873312] firmadyne: sys_socket[PID: 106 (klogd)]: family:1, type:1, protocol:0
[   19.875017] firmadyne: ioctl: 0xc0207223
[   19.877155] firmadyne: ioctl: 0xc0207223
[   19.887166] firmadyne: ioctl: 0xc0207223
[   19.889472] firmadyne: ioctl: 0xc0207223
[   19.890988] firmadyne: sys_socket[PID: 106 (klogd)]: family:1, type:2, protocol:0
[   19.893739] cfg80211: Calling CRDA to update world regulatory domain
[   19.906908] firmadyne: sys_socket[PID: 106 (klogd)]: family:1, type:1, protocol:0
[   19.908652] firmadyne: sys_socket[PID: 106 (klogd)]: family:1, type:2, protocol:0
[   19.911700] firmadyne: ioctl: 0xc0207223
[   19.922159] firmadyne: ioctl: 0xc0207223
[   19.924213] firmadyne: ioctl: 0xc0207223
[   19.928148] firmadyne: sys_socket[PID: 106 (klogd)]: family:1, type:1, protocol:0
[   19.938650] firmadyne: ioctl: 0xc0207223
[   19.940717] firmadyne: ioctl: 0xc0207223
[   19.942264] firmadyne: sys_socket[PID: 106 (klogd)]: family:1, type:2, protocol:0
[   19.955096] firmadyne: ioctl: 0xc0207223
[   19.957094] firmadyne: ioctl: 0xc0207223
[   19.958679] firmadyne: sys_socket[PID: 106 (klogd)]: family:1, type:1, protocol:0
[   19.960369] firmadyne: sys_socket[PID: 106 (klogd)]: family:1, type:2, protocol:0
[   19.975324] firmadyne: ioctl: 0xc0207223
[   19.983114] firmadyne: sys_socket[PID: 106 (klogd)]: family:1, type:1, protocol:0
[   19.984821] firmadyne: sys_socket[PID: 106 (klogd)]: family:1, type:2, protocol:0
[   19.989681] firmadyne: ioctl: 0xc0207223
[   19.991762] firmadyne: ioctl: 0xc0207223
[   19.996160] firmadyne: sys_socket[PID: 106 (klogd)]: family:1, type:1, protocol:0
[   20.006165] firmadyne: ioctl: 0xc0207223
[   20.008214] firmadyne: ioctl: 0xc0207223
[   20.010187] firmadyne: sys_socket[PID: 106 (klogd)]: family:1, type:2, protocol:0
[   20.022679] firmadyne: ioctl: 0xc0207223
[   20.024727] firmadyne: ioctl: 0xc0207223
[   20.026133] firmadyne: sys_socket[PID: 106 (klogd)]: family:1, type:1, protocol:0
[   20.027834] firmadyne: sys_socket[PID: 106 (klogd)]: family:1, type:2, protocol:0
[   20.039185] firmadyne: ioctl: 0xc0207223
[   20.041496] firmadyne: ioctl: 0xc0207223
[   20.047482] firmadyne: sys_socket[PID: 106 (klogd)]: family:1, type:1, protocol:0
[   20.049143] firmadyne: sys_socket[PID: 106 (klogd)]: family:1, type:2, protocol:0
[   20.051889] firmadyne: sys_socket[PID: 113 (oamd)]: family:16, type:3, protocol:2
[   20.059154] firmadyne: ioctl: 0xc0207223
[   20.061469] firmadyne: ioctl: 0xc0207223
[   20.068162] firmadyne: sys_socket[PID: 106 (klogd)]: family:1, type:1, protocol:0
[   20.079142] firmadyne: ioctl: 0xc0207223
[   20.081182] firmadyne: ioctl: 0xc0207223
[   20.082716] firmadyne: sys_socket[PID: 106 (klogd)]: family:1, type:2, protocol:0
[   20.094270] firmadyne: ioctl: 0xc0207223
[   20.096284] firmadyne: ioctl: 0xc0207223
[   20.098464] firmadyne: sys_socket[PID: 106 (klogd)]: family:1, type:1, protocol:0
[   20.100143] firmadyne: sys_socket[PID: 106 (klogd)]: family:1, type:2, protocol:0
[   20.107948] firmadyne: sys_socket[PID: 106 (klogd)]: family:1, type:1, protocol:0
[   20.110962] firmadyne: ioctl: 0xc0207223
[   20.112976] firmadyne: ioctl: 0xc0207223
[   20.117899] firmadyne: sys_socket[PID: 106 (klogd)]: family:1, type:2, protocol:0
[   20.123144] firmadyne: ioctl: 0xc0207223
[   20.125164] firmadyne: ioctl: 0xc0207223
[   20.129804] firmadyne: sys_socket[PID: 106 (klogd)]: family:1, type:1, protocol:0
[   20.131502] firmadyne: sys_socket[PID: 106 (klogd)]: family:1, type:2, protocol:0
[   20.139174] firmadyne: ioctl: 0xc0207223
[   20.141495] firmadyne: ioctl: 0xc0207223
[   20.143891] firmadyne: sys_socket[PID: 106 (klogd)]: family:1, type:1, protocol:0
[   20.151178] firmadyne: ioctl: 0xc0207223
[   20.153483] firmadyne: ioctl: 0xc0207223
[   20.154586] firmadyne: sys_socket[PID: 106 (klogd)]: family:1, type:2, protocol:0
nvram_init: Initializing NVRAM...
sem_get: Key: [   20.163266] firmadyne: ioctl: 0xc0207223
[   20.166477] firmadyne: sys_socket[PID: 106 (klogd)]: family:1, type:1, protocol:0
[   20.168184] firmadyne: sys_socket[PID: 106 (klogd)]: family:1, type:2, protocol:0
41014005
[   20.173655] firmadyne: ioctl: 0xc0207223
[   20.175753] firmadyne: ioctl: 0xc0207223
[   20.179977] firmadyne: sys_socket[PID: 106 (klogd)]: family:1, type:1, protocol:0
[   20.187300] firmadyne: ioctl: 0xc0207223
[   20.190035] firmadyne: sys_socket[PID: 106 (klogd)]: family:1, type:2, protocol:0
sem_get: Key: 4111023b
[   20.198069] firmadyne: ioctl: 0xc0207223
[   20.200159] firmadyne: ioctl: 0xc0207223
[   20.202092] firmadyne: sys_socket[PID: 106 (klogd)]: family:1, type:1, protocol:0
[   20.203783] firmadyne: sys_socket[PID: 106 (klogd)]: family:1, type:2, protocol:0
nvram_set_default_builtin: Setting built-in default values!
[   20.210655] firmadyne: ioctl: 0xc0207223
[   20.212672] firmadyne: ioctl: 0xc0207223
[   20.215606] firmadyne: sys_socket[PID: 106 (klogd)]: family:1, type:1, protocol:0
[   20.217292] firmadyne: sys_socket[PID: 106 (klogd)]: family:1, type:2, protocol:0
nvram_set: [   20.223188] firmadyne: ioctl: 0xc0207223
[   20.225452] firmadyne: ioctl: 0xc0207223
console_loglevel = "7"
sem_get: Key: 4111023b[   20.232424] firmadyne: sys_socket[PID: 106 (klogd)]: family:1, type:1, protocol:0
[   20.235385] firmadyne: ioctl: 0xc0207223

sem_get[   20.242652] firmadyne: sys_socket[PID: 106 (klogd)]: family:1, type:2, protocol:0
[   20.245769] firmadyne: ioctl: 0xc0207223
[   20.247853] firmadyne: ioctl: 0xc0207223
: Key: 4111023b
[   20.254387] firmadyne: sys_socket[PID: 106 (klogd)]: family:1, type:1, protocol:0
[   20.256078] firmadyne: sys_socket[PID: 106 (klogd)]: family:1, type:2, protocol:0
[   20.258663] firmadyne: ioctl: 0xc0207223
[   20.260684] firmadyne: ioctl: 0xc0207223
nvram_set: restore_defaults = "1"
sem_get: Key: 4111023b[   20.268008] firmadyne: sys_socket[PID: 106 (klogd)]: family:1, type:1, protocol:0
[   20.271390] firmadyne: ioctl: 0xc0207223

sem_get: Key: 4111023b
[   20.278056] firmadyne: sys_socket[PID: 106 (klogd)]: family:1, type:2, protocol:0
[   20.281750] firmadyne: ioctl: 0xc0207223
[   20.283878] firmadyne: ioctl: 0xc0207223
nvram_set: sku_name[   20.290243] firmadyne: sys_socket[PID: 106 (klogd)]: family:1, type:1, protocol:0
[   20.291978] firmadyne: sys_socket[PID: 106 (klogd)]: family:1, type:2, protocol:0
[   20.294650] firmadyne: ioctl: 0xc0207223
[   20.296708] firmadyne: ioctl: 0xc0207223
 = ""
sem_get: Key: 4111023b
[   20.303773] firmadyne: sys_socket[PID: 106 (klogd)]: family:1, type:1, protocol:0
[   20.307400] firmadyne: ioctl: 0xc0207223
sem_get: Key: 4111023b
[   20.313695] firmadyne: sys_socket[PID: 106 (klogd)]: family:1, type:2, protocol:0
[   20.317213] firmadyne: sys_socket[PID: 106 (klogd)]: family:1, type:1, protocol:0
[   20.318833] firmadyne: ioctl: 0xc0207223
[   20.320945] firmadyne: ioctl: 0xc0207223
[   20.323384] firmadyne: ioctl: 0xc0207223
nvram_set: wla_wlanstate = ""
sem_get[   20.330607] firmadyne: sys_socket[PID: 106 (klogd)]: family:1, type:2, protocol:0
[   20.333739] firmadyne: ioctl: 0xc0207223
[   20.335809] firmadyne: ioctl: 0xc0207223
: Key: 4111023b
sem_get: Key: 4111023b
[   20.342853] firmadyne: sys_socket[PID: 106 (klogd)]: family:1, type:1, protocol:0
[   20.344598] firmadyne: sys_socket[PID: 106 (klogd)]: family:1, type:2, protocol:0
[   20.346653] firmadyne: ioctl: 0xc0207223
[   20.348684] firmadyne: ioctl: 0xc0207223
nvram_set: lan_if[   20.356288] firmadyne: sys_socket[PID: 106 (klogd)]: family:1, type:1, protocol:0
[   20.359294] firmadyne: ioctl: 0xc0207223
 = "br0"
sem_get: Key: 4111023b
[   20.366258] firmadyne: sys_socket[PID: 106 (klogd)]: family:1, type:2, protocol:0
[   20.370808] firmadyne: ioctl: 0xc0207223
[   20.372877] firmadyne: ioctl: 0xc0207223
sem_get: Key: 4111023b
[   20.378116] firmadyne: sys_socket[PID: 106 (klogd)]: family:1, type:1, protocol:0
[   20.379823] firmadyne: sys_socket[PID: 106 (klogd)]: family:1, type:2, protocol:0
[   20.383442] firmadyne: ioctl: 0xc0207223
nvram_set: lan_ipaddr = "192.168.0.50"
[   20.391779] firmadyne: sys_socket[PID: 106 (klogd)]: family:1, type:1, protocol:0
[   20.394010] firmadyne: ioctl: 0xc0207223
[   20.396061] firmadyne: ioctl: 0xc0207223
sem_get: Key: 4111023b
sem_get[   20.401874] firmadyne: sys_socket[PID: 106 (klogd)]: family:1, type:2, protocol:0
[   20.406479] firmadyne: ioctl: 0xc0207223
[   20.408485] firmadyne: ioctl: 0xc0207223
[   20.409688] firmadyne: sys_socket[PID: 106 (klogd)]: family:1, type:1, protocol:0
[   20.411379] firmadyne: sys_socket[PID: 106 (klogd)]: family:1, type:2, protocol:0
: Key: 4111023b
[   20.418900] firmadyne: ioctl: 0xc0207223
[   20.420965] firmadyne: ioctl: 0xc0207223
nvram_set: lan_bipaddr = "192.168.0.255"
[   20.427047] firmadyne: sys_socket[PID: 106 (klogd)]: family:1, type:1, protocol:0
[   20.428774] firmadyne: sys_socket[PID: 106 (klogd)]: family:1, type:2, protocol:0
[   20.431783] firmadyne: ioctl: 0xc0207223
sem_get: Key: 4111023b
sem_get: Key: [   20.438533] firmadyne: ioctl: 0xc0207223
[   20.440549] firmadyne: ioctl: 0xc0207223
[   20.444074] firmadyne: sys_socket[PID: 106 (klogd)]: family:1, type:1, protocol:0
4111023b
[   20.450917] firmadyne: ioctl: 0xc0207223
[   20.452917] firmadyne: ioctl: 0xc0207223
[   20.454238] firmadyne: sys_socket[PID: 106 (klogd)]: family:1, type:2, protocol:0
nvram_set: lan_netmask = "255.255.255.0"
sem_get: Key: [   20.463117] firmadyne: ioctl: 0xc0207223
[   20.465192] firmadyne: ioctl: 0xc0207223
[   20.466628] firmadyne: sys_socket[PID: 106 (klogd)]: family:1, type:1, protocol:0
[   20.468351] firmadyne: sys_socket[PID: 106 (klogd)]: family:1, type:2, protocol:0
4111023b
sem_get: Key: 4111023b
[   20.476753] firmadyne: sys_socket[PID: 106 (klogd)]: family:1, type:1, protocol:0
[   20.479789] firmadyne: ioctl: 0xc0207223
nvram_set: time_zone[   20.486568] firmadyne: sys_socket[PID: 106 (klogd)]: family:1, type:2, protocol:0
[   20.490263] firmadyne: ioctl: 0xc0207223
[   20.492280] firmadyne: ioctl: 0xc0207223
 = "PST8PDT"
sem_get: Key: 4111023b
[   20.498345] firmadyne: sys_socket[PID: 106 (klogd)]: family:1, type:1, protocol:0
[   20.500026] firmadyne: sys_socket[PID: 106 (klogd)]: family:1, type:2, protocol:0
[   20.502996] firmadyne: ioctl: 0xc0207223
[   20.505000] firmadyne: ioctl: 0xc0207223
sem_get: Key: 4111023b
[   20.511607] firmadyne: sys_socket[PID: 106 (klogd)]: family:1, type:1, protocol:0
[   20.513317] firmadyne: sys_socket[PID: 106 (klogd)]: family:1, type:2, protocol:0
[   20.516230] firmadyne: ioctl: 0xc0207223
[   20.518542] firmadyne: ioctl: 0xc0207223
[   20.520592] firmadyne: ioctl: 0xc0207223
nvram_set: wan_hwaddr_def = "01:23:45:67:89:ab[   20.528247] firmadyne: sys_socket[PID: 106 (klogd)]: family:1, type:1, protocol:0
[   20.531179] firmadyne: ioctl: 0xc0207223
[   20.533202] firmadyne: ioctl: 0xc0207223
"
sem_get: Key: 4111023b
[   20.538176] firmadyne: sys_socket[PID: 106 (klogd)]: family:1, type:2, protocol:0
sem_get: Key: 4111023b
[   20.547099] firmadyne: ioctl: 0xc0207223
[   20.549106] firmadyne: ioctl: 0xc0207223
[   20.550550] firmadyne: sys_socket[PID: 106 (klogd)]: family:1, type:1, protocol:0
[   20.552233] firmadyne: sys_socket[PID: 106 (klogd)]: family:1, type:2, protocol:0
nvram_set: wan_ifname = "eth0"
[   20.559372] firmadyne: ioctl: 0xc0207223
[   20.564101] firmadyne: sys_socket[PID: 106 (klogd)]: family:1, type:1, protocol:0
sem_get: Key: 4111023b
[   20.570963] firmadyne: ioctl: 0xc0207223
[   20.573086] firmadyne: ioctl: 0xc0207223
[   20.574435] firmadyne: sys_socket[PID: 106 (klogd)]: family:1, type:2, protocol:0
[   20.579143] firmadyne: ioctl: 0xc0207223
[   20.581314] firmadyne: ioctl: 0xc0207223
sem_get: Key: 4111023b
[   20.586162] firmadyne: sys_socket[PID: 106 (klogd)]: family:1, type:1, protocol:0
[   20.587842] firmadyne: sys_socket[PID: 106 (klogd)]: family:1, type:2, protocol:0
nvram_set: lan_ifnames = "eth1 eth2 eth3 eth4"
[   20.595348] firmadyne: ioctl: 0xc0207223
[   20.599743] firmadyne: sys_socket[PID: 106 (klogd)]: family:1, type:1, protocol:0
sem_get: Key: 4111023b
sem_get[   20.606073] firmadyne: ioctl: 0xc0207223
[   20.608130] firmadyne: ioctl: 0xc0207223
[   20.609693] firmadyne: sys_socket[PID: 106 (klogd)]: family:1, type:2, protocol:0
[   20.613204] firmadyne: sys_socket[PID: 106 (klogd)]: family:1, type:1, protocol:0
: Key: 4111023b
[   20.618507] firmadyne: ioctl: 0xc0207223
[   20.620512] firmadyne: ioctl: 0xc0207223
[   20.622320] firmadyne: sys_socket[PID: 106 (klogd)]: family:1, type:2, protocol:0
nvram_set: ethConver = "1"
[   20.630874] firmadyne: ioctl: 0xc0207223
[   20.632879] firmadyne: ioctl: 0xc0207223
[   20.635025] firmadyne: sys_socket[PID: 106 (klogd)]: family:1, type:1, protocol:0
[   20.636717] firmadyne: sys_socket[PID: 106 (klogd)]: family:1, type:2, protocol:0
sem_get: Key: 4111023b
[   20.643099] firmadyne: ioctl: 0xc0207223
[   20.645102] firmadyne: ioctl: 0xc0207223
[   20.648778] firmadyne: sys_socket[PID: 106 (klogd)]: family:1, type:1, protocol:0
sem_get: Key: 4111023b
[   20.655083] firmadyne: ioctl: 0xc0207223
[   20.657094] firmadyne: ioctl: 0xc0207223
nvram_set: lan_proto = "dhcp"
[   20.662741] firmadyne: sys_socket[PID: 106 (klogd)]: family:1, type:2, protocol:0
[   20.667142] firmadyne: ioctl: 0xc0207223
[   20.669165] firmadyne: ioctl: 0xc0207223
sem_get: Key: 4111023b
[   20.674613] firmadyne: sys_socket[PID: 106 (klogd)]: family:1, type:1, protocol:0
[   20.676295] firmadyne: sys_socket[PID: 106 (klogd)]: family:1, type:2, protocol:0
sem_get: Key: 4111023b
[   20.683086] firmadyne: ioctl: 0xc0207223
[   20.685099] firmadyne: ioctl: 0xc0207223
[   20.688440] firmadyne: sys_socket[PID: 106 (klogd)]: family:1, type:1, protocol:0
nvram_set: wan_ipaddr = "0.0.0.0"
[   20.694750] firmadyne: sys_socket[PID: 106 (klogd)]: family:1, type:2, protocol:0
[   20.699197] firmadyne: ioctl: 0xc0207223
[   20.701505] firmadyne: ioctl: 0xc0207223
sem_get: Key: 4111023b
[   20.706584] firmadyne: sys_socket[PID: 106 (klogd)]: family:1, type:1, protocol:0
[   20.708274] firmadyne: sys_socket[PID: 106 (klogd)]: family:1, type:2, protocol:0
[   20.711406] firmadyne: ioctl: 0xc0207223
sem_get: Key: 4111023b
[   20.719899] firmadyne: sys_socket[PID: 106 (klogd)]: family:1, type:1, protocol:0
[   20.721907] firmadyne: ioctl: 0xc0207223
[   20.724024] firmadyne: ioctl: 0xc0207223
nvram_set: wan_netmask = "255.255.255.0"
[   20.729780] firmadyne: sys_socket[PID: 106 (klogd)]: family:1, type:2, protocol:0
[   20.733234] firmadyne: sys_socket[PID: 106 (klogd)]: family:1, type:1, protocol:0
[   20.735488] firmadyne: ioctl: 0xc0207223
sem_get: Key: 4111023b
sem_get[   20.742197] firmadyne: ioctl: 0xc0207223
[   20.744248] firmadyne: ioctl: 0xc0207223
[   20.746316] firmadyne: sys_socket[PID: 106 (klogd)]: family:1, type:2, protocol:0
: Key: 4111023b
[   20.754634] firmadyne: ioctl: 0xc0207223
[   20.756648] firmadyne: ioctl: 0xc0207223
[   20.758053] firmadyne: sys_socket[PID: 106 (klogd)]: family:1, type:1, protocol:0
[   20.759740] firmadyne: sys_socket[PID: 106 (klogd)]: family:1, type:2, protocol:0
nvram_set: wanif = "eth0"
sem_get: Key: [   20.767223] firmadyne: ioctl: 0xc0207223
[   20.769593] firmadyne: ioctl: 0xc0207223
4111023b
sem_get: Key: 4111023b
[   20.778262] firmadyne: sys_socket[PID: 106 (klogd)]: family:1, type:1, protocol:0
[   20.779996] firmadyne: sys_socket[PID: 106 (klogd)]: family:1, type:2, protocol:0
[   20.783632] firmadyne: ioctl: 0xc0207223
nvram_set: [   20.791872] firmadyne: sys_socket[PID: 106 (klogd)]: family:1, type:1, protocol:0
[   20.794033] firmadyne: ioctl: 0xc0207223
[   20.796131] firmadyne: ioctl: 0xc0207223
time_zone_x = "0"
sem_get: Key: 4111023b
[   20.801842] firmadyne: sys_socket[PID: 106 (klogd)]: family:1, type:2, protocol:0
[   20.806568] firmadyne: ioctl: 0xc0207223
[   20.808583] firmadyne: ioctl: 0xc0207223
sem_get: Key: 4111023b
[   20.813734] firmadyne: sys_socket[PID: 106 (klogd)]: family:1, type:1, protocol:0
[   20.815472] firmadyne: sys_socket[PID: 106 (klogd)]: family:1, type:2, protocol:0
[   20.819312] firmadyne: ioctl: 0xc0207223
nvram_set: rip_multicast[   20.827419] firmadyne: sys_socket[PID: 106 (klogd)]: family:1, type:1, protocol:0
[   20.830213] firmadyne: ioctl: 0xc0207223
[   20.832782] firmadyne: ioctl: 0xc0207223
 = "0"
sem_get: Key: 4111023b
[   20.839146] firmadyne: ioctl: 0xc0207223
[   20.841509] firmadyne: ioctl: 0xc0207223
[   20.842861] firmadyne: sys_socket[PID: 106 (klogd)]: family:1, type:2, protocol:0
sem_get: Key: 4111023b
[   20.850747] firmadyne: sys_socket[PID: 106 (klogd)]: family:1, type:1, protocol:0
[   20.852467] firmadyne: sys_socket[PID: 106 (klogd)]: family:1, type:2, protocol:0
[   20.855363] firmadyne: ioctl: 0xc0207223
nvram_set: bs_trustedip_enable = "0[   20.864346] firmadyne: sys_socket[PID: 106 (klogd)]: family:1, type:1, protocol:0
[   20.865873] firmadyne: ioctl: 0xc0207223
[   20.867994] firmadyne: ioctl: 0xc0207223
"
sem_get: Key: 4111023b
[   20.874314] firmadyne: sys_socket[PID: 106 (klogd)]: family:1, type:2, protocol:0
[   20.878478] firmadyne: ioctl: 0xc0207223
[   20.880494] firmadyne: ioctl: 0xc0207223
sem_get: Key: 4111023b
[   20.886094] firmadyne: sys_socket[PID: 106 (klogd)]: family:1, type:1, protocol:0
[   20.887781] firmadyne: sys_socket[PID: 106 (klogd)]: family:1, type:2, protocol:0
[   20.891052] firmadyne: ioctl: 0xc0207223
[   20.893064] firmadyne: ioctl: 0xc0207223
nvram_set: et0macaddr = "01:23:45:67:89:ab"
[   20.899628] firmadyne: sys_socket[PID: 106 (klogd)]: family:1, type:1, protocol:0
[   20.901311] firmadyne: sys_socket[PID: 106 (klogd)]: family:1, type:2, protocol:0
[   20.904221] firmadyne: ioctl: 0xc0207223
sem_get: Key: 4111023b
sem_get: Key: [   20.911086] firmadyne: ioctl: 0xc0207223
[   20.913097] firmadyne: ioctl: 0xc0207223
[   20.916696] firmadyne: sys_socket[PID: 106 (klogd)]: family:1, type:1, protocol:0
4111023b
[   20.923091] firmadyne: ioctl: 0xc0207223
[   20.925105] firmadyne: ioctl: 0xc0207223
[   20.926862] firmadyne: sys_socket[PID: 106 (klogd)]: family:1, type:2, protocol:0
nvram_set: filter_rule_tbl = ""
sem_get: Key: [   20.934618] firmadyne: sys_socket[PID: 106 (klogd)]: family:1, type:1, protocol:0
[   20.936350] firmadyne: sys_socket[PID: 106 (klogd)]: family:1, type:2, protocol:0
[   20.939310] firmadyne: ioctl: 0xc0207223
4111023b
sem_get: Key: 4111023b
[   20.948122] firmadyne: sys_socket[PID: 106 (klogd)]: family:1, type:1, protocol:0
[   20.949788] firmadyne: ioctl: 0xc0207223
[   20.951881] firmadyne: ioctl: 0xc0207223
nvram_set: pppoe2_schedule_config[   20.958190] firmadyne: sys_socket[PID: 106 (klogd)]: family:1, type:2, protocol:0
[   20.962490] firmadyne: ioctl: 0xc0207223
[   20.964514] firmadyne: ioctl: 0xc0207223
 = "127:0:0:23:59"
sem_get: Key: 4111023b
[   20.972046] firmadyne: ioctl: 0xc0207223
sem_get: Key: 4111023b
[   20.994438] firmadyne: ioctl: 0xc0207223
[   20.996451] firmadyne: ioctl: 0xc0207223
[   20.998750] firmadyne: ioctl: 0xc0207223
[   21.000737] firmadyne: ioctl: 0xc0207223
nvram_set: schedule_config = "127:0:0:23:59"
sem_get: Key: [   21.007100] firmadyne: ioctl: 0xc0207223
[   21.009096] firmadyne: ioctl: 0xc0207223
4111023b
sem_get: Key: [   21.014167] firmadyne: sys_socket[PID: 106 (klogd)]: family:1, type:1, protocol:0
[   21.015861] firmadyne: sys_socket[PID: 106 (klogd)]: family:1, type:2, protocol:0
4111023b
[   21.023082] firmadyne: ioctl: 0xc0207223
[   21.025169] firmadyne: ioctl: 0xc0207223
[   21.028230] firmadyne: sys_socket[PID: 106 (klogd)]: family:1, type:1, protocol:0
nvram_set: access_control_mode = "0"
sem_get: Key: [   21.035387] firmadyne: ioctl: 0xc0207223
[   21.038239] firmadyne: sys_socket[PID: 106 (klogd)]: family:1, type:2, protocol:0
4111023b
sem_get: Key: 4111023b
[   21.046251] firmadyne: ioctl: 0xc0207223
[   21.048359] firmadyne: ioctl: 0xc0207223
[   21.050104] firmadyne: sys_socket[PID: 106 (klogd)]: family:1, type:1, protocol:0
[   21.051861] firmadyne: sys_socket[PID: 106 (klogd)]: family:1, type:2, protocol:0
[   21.055032] firmadyne: ioctl: 0xc0207223
[   21.057181] firmadyne: ioctl: 0xc0207223
nvram_set[   21.063734] firmadyne: sys_socket[PID: 106 (klogd)]: family:1, type:1, protocol:0
: fwpt_df_count = "0"
sem_get: Key: 4111023b[   21.071223] firmadyne: ioctl: 0xc0207223
[   21.073535] firmadyne: ioctl: 0xc0207223
[   21.074396] firmadyne: sys_socket[PID: 106 (klogd)]: family:1, type:2, protocol:0

sem_get: Key: 4111023b
[   21.083287] firmadyne: ioctl: 0xc0207223
[   21.086399] firmadyne: sys_socket[PID: 106 (klogd)]: family:1, type:1, protocol:0
[   21.088136] firmadyne: sys_socket[PID: 106 (klogd)]: family:1, type:2, protocol:0
nvram_set: static_if_status[   21.094018] firmadyne: ioctl: 0xc0207223
[   21.096138] firmadyne: ioctl: 0xc0207223
[   21.100021] firmadyne: sys_socket[PID: 106 (klogd)]: family:1, type:1, protocol:0
 = "1"
sem_get: Key: 4111023b
[   21.106944] firmadyne: ioctl: 0xc0207223
[   21.109002] firmadyne: ioctl: 0xc0207223
[   21.110376] firmadyne: sys_socket[PID: 106 (klogd)]: family:1, type:2, protocol:0
sem_get: Key: 4111023b
[   21.119154] firmadyne: ioctl: 0xc0207223
[   21.121236] firmadyne: ioctl: 0xc0207223
[   21.122944] firmadyne: sys_socket[PID: 106 (klogd)]: family:1, type:1, protocol:0
[   21.124689] firmadyne: sys_socket[PID: 106 (klogd)]: family:1, type:2, protocol:0
nvram_set: www_relocation = "[   21.131142] firmadyne: ioctl: 0xc0207223
[   21.133224] firmadyne: ioctl: 0xc0207223
[   21.136801] firmadyne: sys_socket[PID: 106 (klogd)]: family:1, type:1, protocol:0
"
sem_get: Key: 4111023b
[   21.143256] firmadyne: ioctl: 0xc0207223
[   21.146480] firmadyne: sys_socket[PID: 106 (klogd)]: family:1, type:2, protocol:0
sem_get: Key: 4111023b
[   21.153697] firmadyne: ioctl: 0xc0207223
[   21.155834] firmadyne: ioctl: 0xc0207223
[   21.158378] firmadyne: sys_socket[PID: 106 (klogd)]: family:1, type:1, protocol:0
[   21.160123] firmadyne: sys_socket[PID: 106 (klogd)]: family:1, type:2, protocol:0
nvram_set: usb_info_dev0 = "[   21.166277] firmadyne: ioctl: 0xc0207223
[   21.168351] firmadyne: ioctl: 0xc0207223
A200396E0402FF83@1@14.4G@U@1@USB_Storage;U:;0;0@"
sem_get: Key: 4111023b
[   21.177887] firmadyne: sys_socket[PID: 106 (klogd)]: family:1, type:1, protocol:0
[   21.179636] firmadyne: sys_socket[PID: 106 (klogd)]: family:1, type:2, protocol:0
[   21.183268] firmadyne: ioctl: 0xc0207223
sem_get: Key: 4111023b
[   21.191571] firmadyne: sys_socket[PID: 106 (klogd)]: family:1, type:1, protocol:0
[   21.193324] firmadyne: sys_socket[PID: 106 (klogd)]: family:1, type:2, protocol:0
[   21.194839] firmadyne: ioctl: 0xc0207223
[   21.196968] firmadyne: ioctl: 0xc0207223
nvram_set: usb_info_dev1[   21.203160] firmadyne: ioctl: 0xc0207223
[   21.205495] firmadyne: ioctl: 0xc0207223
[   21.208897] firmadyne: sys_socket[PID: 106 (klogd)]: family:1, type:1, protocol:0
 = "A200396E0402FF83@1@14.4G@U@1@USB_Storage;U:;0;0@"
sem_get: Key: 4111023b[   21.215472] firmadyne: ioctl: 0xc0207223

sem_get: Key: 4111023b
[   21.222712] firmadyne: sys_socket[PID: 106 (klogd)]: family:1, type:2, protocol:0
[   21.225876] firmadyne: ioctl: 0xc0207223
[   21.227979] firmadyne: ioctl: 0xc0207223
[   21.230645] firmadyne: sys_socket[PID: 106 (klogd)]: family:1, type:1, protocol:0
[   21.232399] firmadyne: sys_socket[PID: 106 (klogd)]: family:1, type:2, protocol:0
nvram_set: [   21.238709] firmadyne: ioctl: 0xc0207223
[   21.240775] firmadyne: ioctl: 0xc0207223
[   21.244524] firmadyne: sys_socket[PID: 106 (klogd)]: family:1, type:1, protocol:0
usb_info_dev2 = "A200396E0402FF83@1@14.4G@U@1@USB_Storage;U:;0;0@"
sem_get: Key: 4111023b[   21.251516] firmadyne: ioctl: 0xc0207223

sem_get: Key: 4111023b
[   21.258765] firmadyne: sys_socket[PID: 106 (klogd)]: family:1, type:2, protocol:0
[   21.261877] firmadyne: ioctl: 0xc0207223
[   21.263981] firmadyne: ioctl: 0xc0207223
[   21.266789] firmadyne: sys_socket[PID: 106 (klogd)]: family:1, type:1, protocol:0
[   21.268549] firmadyne: sys_socket[PID: 106 (klogd)]: family:1, type:2, protocol:0
nvram_set[   21.274515] firmadyne: ioctl: 0xc0207223
[   21.276576] firmadyne: ioctl: 0xc0207223
: usb_info_dev3 = "A200396E0402FF83@1@14.4G@U@1@USB_Storage;U:;0;0@"
sem_get: Key: 4111023b[   21.284521] firmadyne: sys_socket[PID: 106 (klogd)]: family:1, type:1, protocol:0
[   21.287436] firmadyne: ioctl: 0xc0207223

sem_get: Key: 4111023b
[   21.294725] firmadyne: sys_socket[PID: 106 (klogd)]: family:1, type:2, protocol:0
[   21.297875] firmadyne: ioctl: 0xc0207223
[   21.300003] firmadyne: ioctl: 0xc0207223
[   21.302598] firmadyne: sys_socket[PID: 106 (klogd)]: family:1, type:1, protocol:0
[   21.304393] firmadyne: sys_socket[PID: 106 (klogd)]: family:1, type:2, protocol:0
nvram_set: [   21.310748] firmadyne: ioctl: 0xc0207223
[   21.312858] firmadyne: ioctl: 0xc0207223
[   21.316543] firmadyne: sys_socket[PID: 106 (klogd)]: family:1, type:1, protocol:0
usb_info_dev4 = "A200396E0402FF83@1@14.4G@U@1@USB_Storage;U:;0;0@"
sem_get: Key: [   21.323185] firmadyne: ioctl: 0xc0207223
[   21.325529] firmadyne: ioctl: 0xc0207223
4111023b
sem_get: Key: [   21.330780] firmadyne: sys_socket[PID: 106 (klogd)]: family:1, type:2, protocol:0
[   21.335243] firmadyne: ioctl: 0xc0207223
4111023b
[   21.342735] firmadyne: sys_socket[PID: 106 (klogd)]: family:1, type:1, protocol:0
[   21.344488] firmadyne: sys_socket[PID: 106 (klogd)]: family:1, type:2, protocol:0
[   21.345982] firmadyne: ioctl: 0xc0207223
[   21.348106] firmadyne: ioctl: 0xc0207223
nvram_set: usb_info_dev5 = "A200396E0402FF83@1@14.4G@U@1@USB_Storage;U:;0;0@"
sem_get: Key: [   21.356524] firmadyne: sys_socket[PID: 106 (klogd)]: family:1, type:1, protocol:0
[   21.358970] firmadyne: ioctl: 0xc0207223
[   21.361028] firmadyne: ioctl: 0xc0207223
[   21.362833] firmadyne: sys_socket[PID: 106 (klogd)]: family:1, type:2, protocol:0
4111023b
sem_get: Key: 4111023b[   21.372681] firmadyne: ioctl: 0xc0207223
[   21.374753] firmadyne: sys_socket[PID: 106 (klogd)]: family:1, type:1, protocol:0
[   21.376497] firmadyne: sys_socket[PID: 106 (klogd)]: family:1, type:2, protocol:0

[   21.383353] firmadyne: ioctl: 0xc0207223
[   21.388288] firmadyne: sys_socket[PID: 106 (klogd)]: family:1, type:1, protocol:0
nvram_set: usb_info_dev6 = "A200396E0402FF83@1@14.4G@U@1@USB_Storage;U:;0;0@"
sem_get[   21.393788] firmadyne: ioctl: 0xc0207223
[   21.395910] firmadyne: ioctl: 0xc0207223
[   21.398367] firmadyne: sys_socket[PID: 106 (klogd)]: family:1, type:2, protocol:0
: Key: 4111023b
sem_get: Key: [   21.406491] firmadyne: ioctl: 0xc0207223
[   21.408574] firmadyne: ioctl: 0xc0207223
4111023b
[   21.414226] firmadyne: sys_socket[PID: 106 (klogd)]: family:1, type:1, protocol:0
[   21.415977] firmadyne: sys_socket[PID: 106 (klogd)]: family:1, type:2, protocol:0
[   21.419479] firmadyne: ioctl: 0xc0207223
nvram_set: usb_info_dev7 = "A200396E0402FF83@1@14.4G@U@1@USB_Storage;U:;0;0@"
sem_get[   21.427859] firmadyne: sys_socket[PID: 106 (klogd)]: family:1, type:1, protocol:0
[   21.430031] firmadyne: ioctl: 0xc0207223
[   21.432152] firmadyne: ioctl: 0xc0207223
: Key: 4111023b
sem_get: Key: 4111023b[   21.438263] firmadyne: sys_socket[PID: 106 (klogd)]: family:1, type:2, protocol:0
[   21.442667] firmadyne: ioctl: 0xc0207223
[   21.444765] firmadyne: ioctl: 0xc0207223
[   21.446512] firmadyne: sys_socket[PID: 106 (klogd)]: family:1, type:1, protocol:0
[   21.448240] firmadyne: sys_socket[PID: 106 (klogd)]: family:1, type:2, protocol:0

nvram_set[   21.455532] firmadyne: ioctl: 0xc0207223
[   21.460440] firmadyne: sys_socket[PID: 106 (klogd)]: family:1, type:1, protocol:0
[   21.462142] firmadyne: ioctl: 0xc0207223
[   21.464273] firmadyne: ioctl: 0xc0207223
: usb_info_dev8 = "A200396E0402FF83@1@14.4G@U@1@USB_Storage;U:;0;0@"
sem_get: Key: 4111023b[   21.470646] firmadyne: sys_socket[PID: 106 (klogd)]: family:1, type:2, protocol:0
[   21.474805] firmadyne: ioctl: 0xc0207223
[   21.476886] firmadyne: ioctl: 0xc0207223

sem_get: Key: 4111023b[   21.482892] firmadyne: sys_socket[PID: 106 (klogd)]: family:1, type:1, protocol:0
[   21.484677] firmadyne: sys_socket[PID: 106 (klogd)]: family:1, type:2, protocol:0
[   21.487738] firmadyne: ioctl: 0xc0207223

nvram_set[   21.494334] firmadyne: ioctl: 0xc0207223
[   21.496436] firmadyne: ioctl: 0xc0207223
[   21.500209] firmadyne: sys_socket[PID: 106 (klogd)]: family:1, type:1, protocol:0
: usb_info_dev9 = "A200396E0402FF83@1@14.4G@U@1@USB_Storage;U:;0;0@"
sem_get: Key: [   21.507113] firmadyne: ioctl: 0xc0207223
[   21.509218] firmadyne: ioctl: 0xc0207223
[   21.510854] firmadyne: sys_socket[PID: 106 (klogd)]: family:1, type:2, protocol:0
4111023b
sem_get: Key: 4111023b[   21.518893] firmadyne: sys_socket[PID: 106 (klogd)]: family:1, type:1, protocol:0
[   21.520633] firmadyne: sys_socket[PID: 106 (klogd)]: family:1, type:2, protocol:0
[   21.523672] firmadyne: ioctl: 0xc0207223

[   21.532252] firmadyne: sys_socket[PID: 106 (klogd)]: family:1, type:1, protocol:0
[   21.534059] firmadyne: ioctl: 0xc0207223
[   21.536179] firmadyne: ioctl: 0xc0207223
nvram_set: usb_info_dev10 = "A200396E0402FF83@1@14.4G@U@1@USB_Storage;U:;0;0@"
sem_get: Key: [   21.542998] firmadyne: ioctl: 0xc0207223
[   21.545062] firmadyne: ioctl: 0xc0207223
[   21.546746] firmadyne: sys_socket[PID: 106 (klogd)]: family:1, type:2, protocol:0
4111023b
sem_get: Key: 4111023b[   21.554740] firmadyne: sys_socket[PID: 106 (klogd)]: family:1, type:1, protocol:0
[   21.556472] firmadyne: sys_socket[PID: 106 (klogd)]: family:1, type:2, protocol:0
[   21.559454] firmadyne: ioctl: 0xc0207223

[   21.565813] firmadyne: ioctl: 0xc0207223
[   21.568098] firmadyne: ioctl: 0xc0207223
nvram_set: usb_info_dev11 = "A200396E0402FF83@1@14.4G@U@1@USB_Storage;U:;0;0@"
sem_get[   21.577793] firmadyne: sys_socket[PID: 106 (klogd)]: family:1, type:1, protocol:0
[   21.579475] firmadyne: sys_socket[PID: 106 (klogd)]: family:1, type:2, protocol:0
[   21.582893] firmadyne: ioctl: 0xc0207223
[   21.584903] firmadyne: ioctl: 0xc0207223
: Key: 4111023b
sem_get: Key: [   21.591537] firmadyne: sys_socket[PID: 106 (klogd)]: family:1, type:1, protocol:0
[   21.593227] firmadyne: sys_socket[PID: 106 (klogd)]: family:1, type:2, protocol:0
[   21.596122] firmadyne: ioctl: 0xc0207223
4111023b
[   21.602542] firmadyne: ioctl: 0xc0207223
[   21.604588] firmadyne: ioctl: 0xc0207223
[   21.608161] firmadyne: sys_socket[PID: 106 (klogd)]: family:1, type:1, protocol:0
nvram_set: usb_info_dev12 = "A200396E0402FF83@1@14.4G@U@1@USB_Storage;U:;0;0@"
sem_get: Key: [   21.615265] firmadyne: ioctl: 0xc0207223
[   21.617522] firmadyne: ioctl: 0xc0207223
[   21.618815] firmadyne: sys_socket[PID: 106 (klogd)]: family:1, type:2, protocol:0
4111023b
sem_get: Key: 4111023b
[   21.626972] firmadyne: sys_socket[PID: 106 (klogd)]: family:1, type:1, protocol:0
[   21.628653] firmadyne: sys_socket[PID: 106 (klogd)]: family:1, type:2, protocol:0
[   21.631578] firmadyne: ioctl: 0xc0207223
nvram_set: [   21.638084] firmadyne: ioctl: 0xc0207223
[   21.640194] firmadyne: ioctl: 0xc0207223
[   21.644108] firmadyne: sys_socket[PID: 106 (klogd)]: family:1, type:1, protocol:0
usb_info_dev13 = "A200396E0402FF83@1@14.4G@U@1@USB_Storage;U:;0;0@"
sem_get: Key: 4111023b[   21.650727] firmadyne: ioctl: 0xc0207223
[   21.652731] firmadyne: ioctl: 0xc0207223
[   21.654018] firmadyne: sys_socket[PID: 106 (klogd)]: family:1, type:2, protocol:0

sem_get: Key: 4111023b
[   21.663208] firmadyne: ioctl: 0xc0207223
[   21.665518] firmadyne: ioctl: 0xc0207223
[   21.666502] firmadyne: sys_socket[PID: 106 (klogd)]: family:1, type:1, protocol:0
[   21.668178] firmadyne: sys_socket[PID: 106 (klogd)]: family:1, type:2, protocol:0
nvram_set[   21.675883] firmadyne: sys_socket[PID: 106 (klogd)]: family:1, type:1, protocol:0
[   21.679295] firmadyne: ioctl: 0xc0207223
[   21.681592] firmadyne: ioctl: 0xc0207223
: usb_info_dev14 = "A200396E0402FF83@1@14.4G@U@1@USB_Storage;U:;0;0@"
[   21.685789] firmadyne: sys_socket[PID: 106 (klogd)]: family:1, type:2, protocol:0
[   21.689278] firmadyne: sys_socket[PID: 106 (klogd)]: family:1, type:1, protocol:0
sem_get: Key: 4111023b
[   21.695142] firmadyne: ioctl: 0xc0207223
[   21.697457] firmadyne: ioctl: 0xc0207223
sem_get: Key: 4111023b
[   21.703161] firmadyne: sys_socket[PID: 106 (klogd)]: family:1, type:2, protocol:0
[   21.707192] firmadyne: ioctl: 0xc0207223
[   21.709223] firmadyne: ioctl: 0xc0207223
nvram_set[   21.715348] firmadyne: sys_socket[PID: 106 (klogd)]: family:1, type:1, protocol:0
[   21.717027] firmadyne: sys_socket[PID: 106 (klogd)]: family:1, type:2, protocol:0
[   21.719984] firmadyne: ioctl: 0xc0207223
: usb_info_dev15 = "A200396E0402FF83@1@14.4G@U@1@USB_Storage;U:;0;0@"
sem_get: Key: 4111023b[   21.726491] firmadyne: ioctl: 0xc0207223
[   21.728562] firmadyne: ioctl: 0xc0207223
[   21.732187] firmadyne: sys_socket[PID: 106 (klogd)]: family:1, type:1, protocol:0

sem_get: Key: 4111023b
[   21.739025] firmadyne: ioctl: 0xc0207223
[   21.741049] firmadyne: ioctl: 0xc0207223
[   21.742626] firmadyne: sys_socket[PID: 106 (klogd)]: family:1, type:2, protocol:0
nvram_set: usb_info_dev16[   21.750833] firmadyne: sys_socket[PID: 106 (klogd)]: family:1, type:1, protocol:0
[   21.752510] firmadyne: sys_socket[PID: 106 (klogd)]: family:1, type:2, protocol:0
[   21.755444] firmadyne: ioctl: 0xc0207223
 = "A200396E0402FF83@1@14.4G@U@1@USB_Storage;U:;0;0@"
sem_get: Key: 4111023b
[   21.764128] firmadyne: sys_socket[PID: 106 (klogd)]: family:1, type:1, protocol:0
[   21.766149] firmadyne: ioctl: 0xc0207223
[   21.768231] firmadyne: ioctl: 0xc0207223
sem_get: Key: [   21.774927] firmadyne: ioctl: 0xc0207223
[   21.776937] firmadyne: ioctl: 0xc0207223
[   21.778263] firmadyne: sys_socket[PID: 106 (klogd)]: family:1, type:2, protocol:0
4111023b
[   21.786012] firmadyne: sys_socket[PID: 106 (klogd)]: family:1, type:1, protocol:0
[   21.787706] firmadyne: sys_socket[PID: 106 (klogd)]: family:1, type:2, protocol:0
[   21.791394] firmadyne: ioctl: 0xc0207223
nvram_set: usb_info_dev17 = "A200396E0402FF83@1@14.4G@U@1@USB_Storage;U:;0;0@"
sem_get[   21.797888] firmadyne: ioctl: 0xc0207223
[   21.799934] firmadyne: ioctl: 0xc0207223
[   21.803437] firmadyne: sys_socket[PID: 106 (klogd)]: family:1, type:1, protocol:0
[   21.805156] firmadyne: sys_socket[PID: 106 (klogd)]: family:1, type:2, protocol:0
: Key: 4111023b
sem_get[   21.810773] firmadyne: ioctl: 0xc0207223
[   21.812778] firmadyne: ioctl: 0xc0207223
: Key: 4111023b
[   21.820142] firmadyne: sys_socket[PID: 106 (klogd)]: family:1, type:1, protocol:0
[   21.823233] firmadyne: ioctl: 0xc0207223
[   21.825482] firmadyne: ioctl: 0xc0207223
nvram_set: usb_info_dev18 = "A200396E0402FF83@1@14.4G@U@1@USB_Storage;U:;0;0@"
[   21.830445] firmadyne: sys_socket[PID: 106 (klogd)]: family:1, type:2, protocol:0
sem_get: Key: 4111023b
sem_get[   21.839609] firmadyne: ioctl: 0xc0207223
[   21.842640] firmadyne: sys_socket[PID: 106 (klogd)]: family:1, type:1, protocol:0
[   21.844633] firmadyne: sys_socket[PID: 106 (klogd)]: family:1, type:2, protocol:0
[   21.846839] firmadyne: ioctl: 0xc0207223
[   21.849183] firmadyne: ioctl: 0xc0207223
: Key: 4111023b
[   21.856461] firmadyne: sys_socket[PID: 106 (klogd)]: family:1, type:1, protocol:0
nvram_set: usb_info_dev19 = "A200396E0402FF83@1@14.4G@U@1@USB_Storage;U:;0;0@[   21.863467] firmadyne: ioctl: 0xc0207223
[   21.866530] firmadyne: sys_socket[PID: 106 (klogd)]: family:1, type:2, protocol:0
[   21.869897] firmadyne: ioctl: 0xc0207223
[   21.872012] firmadyne: ioctl: 0xc0207223
"
sem_get: Key: 4111023b
[   21.878561] firmadyne: sys_socket[PID: 106 (klogd)]: family:1, type:1, protocol:0
[   21.880274] firmadyne: sys_socket[PID: 106 (klogd)]: family:1, type:2, protocol:0
[   21.882670] firmadyne: ioctl: 0xc0207223
[   21.884674] firmadyne: ioctl: 0xc0207223
sem_get: Key: 4111023b
[   21.891923] firmadyne: sys_socket[PID: 106 (klogd)]: family:1, type:1, protocol:0
[   21.895209] firmadyne: ioctl: 0xc0207223
[   21.897454] firmadyne: ioctl: 0xc0207223
nvram_set: usb_info_dev20 = "A200396E0402FF83@1@14.4G@U@1@USB_Storage;U:;0;0@[   21.901925] firmadyne: sys_socket[PID: 106 (klogd)]: family:1, type:2, protocol:0
"
sem_get: Key: 4111023b
[   21.911273] firmadyne: ioctl: 0xc0207223
[   21.913878] firmadyne: sys_socket[PID: 106 (klogd)]: family:1, type:1, protocol:0
[   21.915570] firmadyne: sys_socket[PID: 106 (klogd)]: family:1, type:2, protocol:0
sem_get: Key: 4111023b
[   21.921666] firmadyne: ioctl: 0xc0207223
[   21.923756] firmadyne: ioctl: 0xc0207223
[   21.927245] firmadyne: sys_socket[PID: 106 (klogd)]: family:1, type:1, protocol:0
[   21.928911] firmadyne: sys_socket[PID: 106 (klogd)]: family:1, type:2, protocol:0
nvram_set: usb_info_dev21 = "[   21.934288] firmadyne: ioctl: 0xc0207223
[   21.936308] firmadyne: ioctl: 0xc0207223
A200396E0402FF83@1@14.4G@U@1@USB_Storage;U:;0;0@"
sem_get: Key: 4111023b
[   21.944284] firmadyne: sys_socket[PID: 106 (klogd)]: family:1, type:1, protocol:0
[   21.946919] firmadyne: ioctl: 0xc0207223
[   21.948925] firmadyne: ioctl: 0xc0207223
[   21.950536] firmadyne: sys_socket[PID: 106 (klogd)]: family:1, type:2, protocol:0
sem_get: Key: 4111023b
[   21.959104] firmadyne: ioctl: 0xc0207223
[   21.961108] firmadyne: ioctl: 0xc0207223
[   21.962847] firmadyne: sys_socket[PID: 106 (klogd)]: family:1, type:1, protocol:0
[   21.964540] firmadyne: sys_socket[PID: 106 (klogd)]: family:1, type:2, protocol:0
nvram_set: usb_info_dev22 = "[   21.972504] firmadyne: ioctl: 0xc0207223
[   21.976272] firmadyne: sys_socket[PID: 106 (klogd)]: family:1, type:1, protocol:0
A200396E0402FF83@1@14.4G@U@1@USB_Storage;U:;0;0@"
sem_get: Key: 4111023b
[   21.983448] firmadyne: ioctl: 0xc0207223
[   21.986386] firmadyne: sys_socket[PID: 106 (klogd)]: family:1, type:2, protocol:0
[   21.989851] firmadyne: ioctl: 0xc0207223
[   21.991913] firmadyne: ioctl: 0xc0207223
sem_get: Key: 4111023b
[   21.998235] firmadyne: sys_socket[PID: 106 (klogd)]: family:1, type:1, protocol:0
[   21.999928] firmadyne: sys_socket[PID: 106 (klogd)]: family:1, type:2, protocol:0
[   22.002509] firmadyne: ioctl: 0xc0207223
[   22.004522] firmadyne: ioctl: 0xc0207223
nvram_set: usb_info_dev23 = "A200396E0402FF83@1@14.4G@U@1@USB_Storage;U:;0;0@[   22.011814] firmadyne: sys_socket[PID: 106 (klogd)]: family:1, type:1, protocol:0
[   22.015156] firmadyne: ioctl: 0xc0207223
[   22.017234] firmadyne: ioctl: 0xc0207223
"
sem_get: Key: 4111023b
[   22.021722] firmadyne: sys_socket[PID: 106 (klogd)]: family:1, type:2, protocol:0
[   22.025331] firmadyne: sys_socket[PID: 106 (klogd)]: family:1, type:1, protocol:0
sem_get: Key: 4111023b
[   22.031253] firmadyne: ioctl: 0xc0207223
[   22.033512] firmadyne: ioctl: 0xc0207223
nvram_set[   22.039368] firmadyne: ioctl: 0xc0207223
[   22.042445] firmadyne: sys_socket[PID: 106 (klogd)]: family:1, type:2, protocol:0
: usb_info_dev24 = "A200396E0402FF83@1@14.4G@U@1@USB_Storage;U:;0;0@"
sem_get: Key: 4111023b[   22.050027] firmadyne: ioctl: 0xc0207223
[   22.052083] firmadyne: ioctl: 0xc0207223
[   22.054309] firmadyne: sys_socket[PID: 106 (klogd)]: family:1, type:1, protocol:0
[   22.055987] firmadyne: sys_socket[PID: 106 (klogd)]: family:1, type:2, protocol:0

sem_get: Key: 4111023b
[   22.062842] firmadyne: ioctl: 0xc0207223
[   22.064896] firmadyne: ioctl: 0xc0207223
[   22.068007] firmadyne: sys_socket[PID: 106 (klogd)]: family:1, type:1, protocol:0
nvram_set: [   22.075427] firmadyne: ioctl: 0xc0207223
[   22.078063] firmadyne: sys_socket[PID: 106 (klogd)]: family:1, type:2, protocol:0
usb_info_dev25 = "A200396E0402FF83@1@14.4G@U@1@USB_Storage;U:;0;0@"
sem_get: Key: 4111023b
[   22.086152] firmadyne: ioctl: 0xc0207223
[   22.088260] firmadyne: ioctl: 0xc0207223
[   22.090008] firmadyne: sys_socket[PID: 106 (klogd)]: family:1, type:1, protocol:0
[   22.091734] firmadyne: sys_socket[PID: 106 (klogd)]: family:1, type:2, protocol:0
sem_get: Key: 4111023b
[   22.098727] firmadyne: ioctl: 0xc0207223
[   22.100801] firmadyne: ioctl: 0xc0207223
[   22.103758] firmadyne: sys_socket[PID: 106 (klogd)]: family:1, type:1, protocol:0
nvram_set: usb_info_dev26[   22.111469] firmadyne: ioctl: 0xc0207223
[   22.113875] firmadyne: sys_socket[PID: 106 (klogd)]: family:1, type:2, protocol:0
 = "A200396E0402FF83@1@14.4G@U@1@USB_Storage;U:;0;0@"
sem_get: Key: 4111023b
[   22.121830] firmadyne: ioctl: 0xc0207223
[   22.123934] firmadyne: ioctl: 0xc0207223
sem_get: Key: 4111023b
[   22.146362] firmadyne: ioctl: 0xc0207223
[   22.148433] firmadyne: ioctl: 0xc0207223
[   22.150801] firmadyne: ioctl: 0xc0207223
[   22.152843] firmadyne: ioctl: 0xc0207223
nvram_set: usb_info_dev27 = "A200396E0402FF83@1@14.4G@U@1@USB_Storage;U:;0;0@"
[   22.159264] firmadyne: ioctl: 0xc0207223
sem_get: Key: 4111023b
sem_get[   22.166444] firmadyne: sys_socket[PID: 106 (klogd)]: family:1, type:1, protocol:0
[   22.168166] firmadyne: sys_socket[PID: 106 (klogd)]: family:1, type:2, protocol:0
[   22.171159] firmadyne: ioctl: 0xc0207223
: Key: 4111023b
[   22.177637] firmadyne: ioctl: 0xc0207223
[   22.179774] firmadyne: ioctl: 0xc0207223
[   22.184319] firmadyne: sys_socket[PID: 106 (klogd)]: family:1, type:1, protocol:0
nvram_set: usb_info_dev28 = "A200396E0402FF83@1@14.4G@U@1@USB_Storage;U:;0;0@"
[   22.190239] firmadyne: ioctl: 0xc0207223
[   22.192353] firmadyne: ioctl: 0xc0207223
[   22.194386] firmadyne: sys_socket[PID: 106 (klogd)]: family:1, type:2, protocol:0
sem_get: Key: 4111023b
sem_get[   22.203313] firmadyne: ioctl: 0xc0207223
[   22.206516] firmadyne: sys_socket[PID: 106 (klogd)]: family:1, type:1, protocol:0
[   22.208288] firmadyne: sys_socket[PID: 106 (klogd)]: family:1, type:2, protocol:0
: Key: 4111023b
[   22.213697] firmadyne: ioctl: 0xc0207223
[   22.215825] firmadyne: ioctl: 0xc0207223
[   22.220231] firmadyne: sys_socket[PID: 106 (klogd)]: family:1, type:1, protocol:0
nvram_set: usb_info_dev29 = "A200396E0402FF83@1@14.4G@U@1@USB_Storage;U:;0;0@"
[   22.226308] firmadyne: ioctl: 0xc0207223
[   22.228396] firmadyne: ioctl: 0xc0207223
[   22.230253] firmadyne: sys_socket[PID: 106 (klogd)]: family:1, type:2, protocol:0
sem_get: Key: 4111023b
sem_get[   22.239264] firmadyne: ioctl: 0xc0207223
[   22.242329] firmadyne: sys_socket[PID: 106 (klogd)]: family:1, type:1, protocol:0
[   22.244079] firmadyne: sys_socket[PID: 106 (klogd)]: family:1, type:2, protocol:0
: Key: 4111023b
[   22.249671] firmadyne: ioctl: 0xc0207223
[   22.251807] firmadyne: ioctl: 0xc0207223
[   22.256106] firmadyne: sys_socket[PID: 106 (klogd)]: family:1, type:1, protocol:0
nvram_set: usb_info_dev30 = "A200396E0402FF83@1@14.4G@U@1@USB_Storage;U:;0;0@"
[   22.262354] firmadyne: ioctl: 0xc0207223
[   22.264443] firmadyne: ioctl: 0xc0207223
[   22.266188] firmadyne: sys_socket[PID: 106 (klogd)]: family:1, type:2, protocol:0
sem_get: Key: 4111023b
sem_get[   22.275348] firmadyne: ioctl: 0xc0207223
[   22.278365] firmadyne: sys_socket[PID: 106 (klogd)]: family:1, type:1, protocol:0
[   22.280120] firmadyne: sys_socket[PID: 106 (klogd)]: family:1, type:2, protocol:0
: Key: 4111023b
[   22.285696] firmadyne: ioctl: 0xc0207223
[   22.287822] firmadyne: ioctl: 0xc0207223
[   22.292048] firmadyne: sys_socket[PID: 106 (klogd)]: family:1, type:1, protocol:0
nvram_set: usb_info_dev31 = "A200396E0402FF83@1@14.4G@U@1@USB_Storage;U:;0;0@"
[   22.298334] firmadyne: ioctl: 0xc0207223
[   22.300425] firmadyne: ioctl: 0xc0207223
[   22.301943] firmadyne: sys_socket[PID: 106 (klogd)]: family:1, type:2, protocol:0
sem_get: Key: 4111023b
[   22.310915] firmadyne: ioctl: 0xc0207223
[   22.312991] firmadyne: ioctl: 0xc0207223
[   22.314364] firmadyne: sys_socket[PID: 106 (klogd)]: family:1, type:1, protocol:0
[   22.316113] firmadyne: sys_socket[PID: 106 (klogd)]: family:1, type:2, protocol:0
sem_get: Key: 4111023b
[   22.323156] firmadyne: ioctl: 0xc0207223
[   22.325483] firmadyne: ioctl: 0xc0207223
[   22.328772] firmadyne: sys_socket[PID: 106 (klogd)]: family:1, type:1, protocol:0
nvram_set: usb_info_dev32 = "A200396E0402FF83@1@14.4G@U@1@USB_Storage;U:;0;0@[   22.334813] firmadyne: sys_socket[PID: 106 (klogd)]: family:1, type:2, protocol:0
[   22.339221] firmadyne: ioctl: 0xc0207223
"
sem_get: Key: 4111023b
[   22.346856] firmadyne: sys_socket[PID: 106 (klogd)]: family:1, type:1, protocol:0
[   22.348603] firmadyne: sys_socket[PID: 106 (klogd)]: family:1, type:2, protocol:0
[   22.350099] firmadyne: ioctl: 0xc0207223
[   22.352241] firmadyne: ioctl: 0xc0207223
sem_get: Key: 4111023b
[   22.358722] firmadyne: ioctl: 0xc0207223
[   22.360806] firmadyne: ioctl: 0xc0207223
[   22.364490] firmadyne: sys_socket[PID: 106 (klogd)]: family:1, type:1, protocol:0
nvram_set: usb_info_dev33 = "A200396E0402FF83@1@14.4G@U@1@USB_Storage;U:;0;0@[   22.372859] firmadyne: ioctl: 0xc0207223
[   22.374673] firmadyne: sys_socket[PID: 106 (klogd)]: family:1, type:2, protocol:0
"
sem_get: Key: 4111023b
[   22.383444] firmadyne: ioctl: 0xc0207223
[   22.386851] firmadyne: sys_socket[PID: 106 (klogd)]: family:1, type:1, protocol:0
[   22.388590] firmadyne: sys_socket[PID: 106 (klogd)]: family:1, type:2, protocol:0
[   22.390245] firmadyne: ioctl: 0xc0207223
[   22.392382] firmadyne: ioctl: 0xc0207223
sem_get: Key: 4111023b
[   22.400294] firmadyne: sys_socket[PID: 106 (klogd)]: family:1, type:1, protocol:0
[   22.403001] firmadyne: ioctl: 0xc0207223
[   22.405068] firmadyne: ioctl: 0xc0207223
nvram_set: usb_info_dev34 = "A200396E0402FF83@1@14.4G@U@1@USB_Storage;U:;0;0@[   22.410781] firmadyne: sys_socket[PID: 106 (klogd)]: family:1, type:2, protocol:0
[   22.415209] firmadyne: ioctl: 0xc0207223
[   22.417527] firmadyne: ioctl: 0xc0207223
"
sem_get: Key: 4111023b
[   22.422949] firmadyne: sys_socket[PID: 106 (klogd)]: family:1, type:1, protocol:0
[   22.424688] firmadyne: sys_socket[PID: 106 (klogd)]: family:1, type:2, protocol:0
sem_get: Key: 4111023b
[   22.431164] firmadyne: ioctl: 0xc0207223
[   22.433477] firmadyne: ioctl: 0xc0207223
[   22.436837] firmadyne: sys_socket[PID: 106 (klogd)]: family:1, type:1, protocol:0
nvram_set: [   22.443463] firmadyne: ioctl: 0xc0207223
[   22.446527] firmadyne: sys_socket[PID: 106 (klogd)]: family:1, type:2, protocol:0
usb_info_dev35 = "A200396E0402FF83@1@14.4G@U@1@USB_Storage;U:;0;0@"
sem_get: Key: 4111023b
[   22.454169] firmadyne: ioctl: 0xc0207223
[   22.456292] firmadyne: ioctl: 0xc0207223
[   22.458413] firmadyne: sys_socket[PID: 106 (klogd)]: family:1, type:1, protocol:0
[   22.460142] firmadyne: sys_socket[PID: 106 (klogd)]: family:1, type:2, protocol:0
sem_get: Key: 4111023b
[   22.466758] firmadyne: ioctl: 0xc0207223
[   22.468829] firmadyne: ioctl: 0xc0207223
[   22.472299] firmadyne: sys_socket[PID: 106 (klogd)]: family:1, type:1, protocol:0
nvram_set: usb_info_dev36[   22.479441] firmadyne: ioctl: 0xc0207223
[   22.482500] firmadyne: sys_socket[PID: 106 (klogd)]: family:1, type:2, protocol:0
 = "A200396E0402FF83@1@14.4G@U@1@USB_Storage;U:;0;0@"
sem_get: Key: 4111023b
[   22.489807] firmadyne: ioctl: 0xc0207223
[   22.491921] firmadyne: ioctl: 0xc0207223
[   22.494442] firmadyne: sys_socket[PID: 106 (klogd)]: family:1, type:1, protocol:0
[   22.496171] firmadyne: sys_socket[PID: 106 (klogd)]: family:1, type:2, protocol:0
sem_get: Key: 4111023b
[   22.502382] firmadyne: ioctl: 0xc0207223
[   22.504453] firmadyne: ioctl: 0xc0207223
[   22.508063] firmadyne: sys_socket[PID: 106 (klogd)]: family:1, type:1, protocol:0
nvram_set: usb_info_dev37[   22.515169] firmadyne: ioctl: 0xc0207223
[   22.517480] firmadyne: ioctl: 0xc0207223
[   22.518873] firmadyne: sys_socket[PID: 106 (klogd)]: family:1, type:2, protocol:0
 = "A200396E0402FF83@1@14.4G@U@1@USB_Storage;U:;0;0@"
sem_get: Key: 4111023b
[   22.527157] firmadyne: ioctl: 0xc0207223
[   22.529462] firmadyne: ioctl: 0xc0207223
[   22.531461] firmadyne: sys_socket[PID: 106 (klogd)]: family:1, type:1, protocol:0
[   22.533218] firmadyne: sys_socket[PID: 106 (klogd)]: family:1, type:2, protocol:0
sem_get: Key: 4111023b[   22.540376] firmadyne: sys_socket[PID: 106 (klogd)]: family:1, type:1, protocol:0
[   22.543418] firmadyne: ioctl: 0xc0207223

nvram_set[   22.550601] firmadyne: sys_socket[PID: 106 (klogd)]: family:1, type:2, protocol:0
[   22.553856] firmadyne: ioctl: 0xc0207223
[   22.555909] firmadyne: ioctl: 0xc0207223
: usb_info_dev38 = "A200396E0402FF83@1@14.4G@U@1@USB_Storage;U:;0;0@"
sem_get: Key: 4111023b[   22.562684] firmadyne: sys_socket[PID: 106 (klogd)]: family:1, type:1, protocol:0
[   22.564384] firmadyne: sys_socket[PID: 106 (klogd)]: family:1, type:2, protocol:0
[   22.566480] firmadyne: ioctl: 0xc0207223
[   22.568501] firmadyne: ioctl: 0xc0207223

sem_get[   22.576376] firmadyne: sys_socket[PID: 106 (klogd)]: family:1, type:1, protocol:0
[   22.579113] firmadyne: ioctl: 0xc0207223
[   22.581347] firmadyne: ioctl: 0xc0207223
: Key: 4111023b
[   22.586311] firmadyne: sys_socket[PID: 106 (klogd)]: family:1, type:2, protocol:0
nvram_set: usb_info_dev39 = "A200396E0402FF83@1@14.4G@U@1@USB_Storage;U:;0;0@"
[   22.595202] firmadyne: ioctl: 0xc0207223
[   22.597517] firmadyne: ioctl: 0xc0207223
[   22.598810] firmadyne: sys_socket[PID: 106 (klogd)]: family:1, type:1, protocol:0
[   22.600545] firmadyne: sys_socket[PID: 106 (klogd)]: family:1, type:2, protocol:0
sem_get: Key: 4111023b
[   22.607106] firmadyne: ioctl: 0xc0207223
[   22.609110] firmadyne: ioctl: 0xc0207223
[   22.612636] firmadyne: sys_socket[PID: 106 (klogd)]: family:1, type:1, protocol:0
sem_get: Key: 4111023b
[   22.619087] firmadyne: ioctl: 0xc0207223
[   22.621087] firmadyne: ioctl: 0xc0207223
