[    0.000000] Linux version 4.1.17+ (alessio@pc) (gcc version 5.5.0 20171010 (Ubuntu 5.5.0-12ubuntu1) ) #1 Mon May 15 23:04:08 CEST 2023
[    0.000000] earlycon: Early serial console at I/O port 0x3f8 (options '38400n8')
[    0.000000] bootconsole [uart0] enabled
[    0.000000] CPU0 revision is: 00019300 (MIPS 24Kc)
[    0.000000] FPU revision is: 00739300
[    0.000000] Software DMA cache coherency enabled
[    0.000000] Determined physical RAM map:
[    0.000000]  memory: 00001000 @ 00000000 (reserved)
[    0.000000]  memory: 000ef000 @ 00001000 (ROM data)
[    0.000000]  memory: 00798000 @ 000f0000 (reserved)
[    0.000000]  memory: 0f777000 @ 00888000 (usable)
[    0.000000] debug: ignoring loglevel setting.
[    0.000000] Wasting 69888 bytes for tracking 2184 unused pages
[    0.000000] Initrd not found or empty - disabling initrd
[    0.000000] Zone ranges:
[    0.000000]   DMA      [mem 0x0000000000000000-0x0000000000ffffff]
[    0.000000]   Normal   [mem 0x0000000001000000-0x000000000fffefff]
[    0.000000] Movable zone start for each node
[    0.000000] Early memory node ranges
[    0.000000]   node   0: [mem 0x0000000000000000-0x000000000fffefff]
[    0.000000] Initmem setup node 0 [mem 0x0000000000000000-0x000000000fffefff]
[    0.000000] On node 0 totalpages: 65535
[    0.000000] free_area_init_node: node 0, pgdat 8081d5b0, node_mem_map 81000000
[    0.000000]   DMA zone: 32 pages used for memmap
[    0.000000]   DMA zone: 0 pages reserved
[    0.000000]   DMA zone: 4096 pages, LIFO batch:0
[    0.000000]   Normal zone: 480 pages used for memmap
[    0.000000]   Normal zone: 61439 pages, LIFO batch:15
[    0.000000] Primary instruction cache 2kB, VIPT, 2-way, linesize 16 bytes.
[    0.000000] Primary data cache 2kB, 2-way, VIPT, no aliases, linesize 16 bytes
[    0.000000] pcpu-alloc: s0 r0 d32768 u32768 alloc=1*32768
[    0.000000] pcpu-alloc: [0] 0 
[    0.000000] Built 1 zonelists in Zone order, mobility grouping on.  Total pages: 65023
[    0.000000] Kernel command line: root=/dev/sda1 console=ttyS0 nandsim.parts=64,64,64,64,64,64,64,64,64,64 rdinit=/firmadyne/preInit.sh rw debug ignore_loglevel print-fatal-signals=1 FIRMAE_NET=true FIRMAE_NVRAM=true FIRMAE_KERNEL=true FIRMAE_ETC=true user_debug=0 firmadyne.syscall=1 noka
[    0.000000] found FIRMAE_KERNEL=t
[    0.000000] set the LD_PRELOAD=/firmadyne/libnvram_ioctl.so
[    0.000000] PID hash table entries: 1024 (order: 0, 4096 bytes)
[    0.000000] Dentry cache hash table entries: 32768 (order: 5, 131072 bytes)
[    0.000000] Inode-cache hash table entries: 16384 (order: 4, 65536 bytes)
[    0.000000] Writing ErrCtl register=00000000
[    0.000000] Readback ErrCtl register=00000000
[    0.000000] Memory: 251112K/262140K available (5360K kernel code, 244K rwdata, 1676K rodata, 260K init, 158K bss, 11028K reserved, 0K cma-reserved)
[    0.000000] NR_IRQS:256
[    0.000000] CPU frequency 200.00 MHz
[    0.000000] clocksource MIPS: mask: 0xffffffff max_cycles: 0xffffffff, max_idle_ns: 19112548083 ns
[    0.000201] sched_clock: 32 bits at 100MHz, resolution 9ns, wraps every 21474772987ns
[    0.015345] Console: colour dummy device 80x25
[    0.016595] Calibrating delay loop... 25.18 BogoMIPS (lpj=50368)
[    0.073147] pid_max: default: 32768 minimum: 301
[    0.077556] Mount-cache hash table entries: 1024 (order: 0, 4096 bytes)
[    0.078119] Mountpoint-cache hash table entries: 1024 (order: 0, 4096 bytes)
[    0.144665] clocksource jiffies: mask: 0xffffffff max_cycles: 0xffffffff, max_idle_ns: 7645041785100000 ns
[    0.156763] NET: Registered protocol family 16
[    0.442108] clocksource pit: mask: 0xffffffff max_cycles: 0xffffffff, max_idle_ns: 1601818034827 ns
[    0.600297] vgaarb: loaded
[    0.606093] SCSI subsystem initialized
[    0.608686] libata version 3.00 loaded.
[    0.613206] usbcore: registered new interface driver usbfs
[    0.614667] usbcore: registered new interface driver hub
[    0.615797] usbcore: registered new device driver usb
[    0.618661] pps_core: LinuxPPS API ver. 1 registered
[    0.619095] pps_core: Software ver. 5.3.6 - Copyright 2005-2007 Rodolfo Giometti <giometti@linux.it>
[    0.620032] PTP clock support registered
[    0.625238] PCI host bridge to bus 0000:00
[    0.625988] pci_bus 0000:00: root bus resource [mem 0x10000000-0x17ffffff]
[    0.626599] pci_bus 0000:00: root bus resource [io  0x1000-0x1fffff]
[    0.627202] pci_bus 0000:00: root bus resource [??? 0x00000000 flags 0x0]
[    0.627778] pci_bus 0000:00: No busn resource found for root bus, will use [bus 00-ff]
[    0.629227] pci 0000:00:00.0: [11ab:4620] type 00 class 0x060000
[    0.630160] pci 0000:00:00.0: [Firmware Bug]: reg 0x14: invalid BAR (can't size)
[    0.630756] pci 0000:00:00.0: [Firmware Bug]: reg 0x18: invalid BAR (can't size)
[    0.631370] pci 0000:00:00.0: [Firmware Bug]: reg 0x1c: invalid BAR (can't size)
[    0.631948] pci 0000:00:00.0: [Firmware Bug]: reg 0x20: invalid BAR (can't size)
[    0.632540] pci 0000:00:00.0: [Firmware Bug]: reg 0x24: invalid BAR (can't size)
[    0.636674] pci 0000:00:0a.0: [8086:7110] type 00 class 0x060100
[    0.640298] pci 0000:00:0a.1: [8086:7111] type 00 class 0x010180
[    0.641072] pci 0000:00:0a.1: reg 0x20: [io  0x0000-0x000f]
[    0.641860] pci 0000:00:0a.1: legacy IDE quirk: reg 0x10: [io  0x01f0-0x01f7]
[    0.642438] pci 0000:00:0a.1: legacy IDE quirk: reg 0x14: [io  0x03f6]
[    0.643006] pci 0000:00:0a.1: legacy IDE quirk: reg 0x18: [io  0x0170-0x0177]
[    0.643572] pci 0000:00:0a.1: legacy IDE quirk: reg 0x1c: [io  0x0376]
[    0.646978] pci 0000:00:0a.2: [8086:7112] type 00 class 0x0c0300
[    0.647655] pci 0000:00:0a.2: reg 0x20: [io  0x0000-0x001f]
[    0.651005] pci 0000:00:0a.3: [8086:7113] type 00 class 0x068000
[    0.652298] pci 0000:00:0a.3: quirk: [io  0x1000-0x103f] claimed by PIIX4 ACPI
[    0.652939] pci 0000:00:0a.3: quirk: [io  0x1100-0x110f] claimed by PIIX4 SMB
[    0.656359] pci 0000:00:12.0: [1013:00b8] type 00 class 0x030000
[    0.656995] pci 0000:00:12.0: reg 0x10: [mem 0x00000000-0x01ffffff pref]
[    0.657588] pci 0000:00:12.0: reg 0x14: [mem 0x00000000-0x00000fff]
[    0.658404] pci 0000:00:12.0: reg 0x30: [mem 0x00000000-0x0000ffff pref]
[    0.661133] vgaarb: device added: PCI:0000:00:12.0,decodes=io+mem,owns=none,locks=none
[    0.662566] pci 0000:00:13.0: [8086:100e] type 00 class 0x020000
[    0.663195] pci 0000:00:13.0: reg 0x10: [mem 0x00000000-0x0001ffff]
[    0.663761] pci 0000:00:13.0: reg 0x14: [io  0x0000-0x003f]
[    0.664389] pci 0000:00:13.0: reg 0x30: [mem 0x00000000-0x0003ffff pref]
[    0.667660] pci 0000:00:14.0: [8086:100e] type 00 class 0x020000
[    0.668275] pci 0000:00:14.0: reg 0x10: [mem 0x00000000-0x0001ffff]
[    0.668842] pci 0000:00:14.0: reg 0x14: [io  0x0000-0x003f]
[    0.669467] pci 0000:00:14.0: reg 0x30: [mem 0x00000000-0x0003ffff pref]
[    0.672903] pci 0000:00:15.0: [8086:100e] type 00 class 0x020000
[    0.673548] pci 0000:00:15.0: reg 0x10: [mem 0x00000000-0x0001ffff]
[    0.674148] pci 0000:00:15.0: reg 0x14: [io  0x0000-0x003f]
[    0.674931] pci 0000:00:15.0: reg 0x30: [mem 0x00000000-0x0003ffff pref]
[    0.678051] pci 0000:00:16.0: [8086:100e] type 00 class 0x020000
[    0.678678] pci 0000:00:16.0: reg 0x10: [mem 0x00000000-0x0001ffff]
[    0.679388] pci 0000:00:16.0: reg 0x14: [io  0x0000-0x003f]
[    0.680019] pci 0000:00:16.0: reg 0x30: [mem 0x00000000-0x0003ffff pref]
[    0.683511] pci_bus 0000:00: busn_res: [bus 00-ff] end is updated to 00
[    0.685086] pci 0000:00:12.0: BAR 0: assigned [mem 0x10000000-0x11ffffff pref]
[    0.685899] pci 0000:00:13.0: BAR 6: assigned [mem 0x12000000-0x1203ffff pref]
[    0.686655] pci 0000:00:14.0: BAR 6: assigned [mem 0x12040000-0x1207ffff pref]
[    0.687546] pci 0000:00:15.0: BAR 6: assigned [mem 0x12080000-0x120bffff pref]
[    0.688207] pci 0000:00:16.0: BAR 6: assigned [mem 0x120c0000-0x120fffff pref]
[    0.688847] pci 0000:00:13.0: BAR 0: assigned [mem 0x12100000-0x1211ffff]
[    0.689481] pci 0000:00:14.0: BAR 0: assigned [mem 0x12120000-0x1213ffff]
[    0.690160] pci 0000:00:15.0: BAR 0: assigned [mem 0x12140000-0x1215ffff]
[    0.690794] pci 0000:00:16.0: BAR 0: assigned [mem 0x12160000-0x1217ffff]
[    0.691580] pci 0000:00:12.0: BAR 6: assigned [mem 0x12180000-0x1218ffff pref]
[    0.692235] pci 0000:00:12.0: BAR 1: assigned [mem 0x12190000-0x12190fff]
[    0.692881] pci 0000:00:13.0: BAR 1: assigned [io  0x1040-0x107f]
[    0.693459] pci 0000:00:14.0: BAR 1: assigned [io  0x1080-0x10bf]
[    0.694039] pci 0000:00:15.0: BAR 1: assigned [io  0x10c0-0x10ff]
[    0.694621] pci 0000:00:16.0: BAR 1: assigned [io  0x1400-0x143f]
[    0.695207] pci 0000:00:0a.2: BAR 4: assigned [io  0x1440-0x145f]
[    0.696009] pci 0000:00:0a.1: BAR 4: assigned [io  0x1460-0x146f]
[    0.714321] cfg80211: Calling CRDA to update world regulatory domain
[    0.728595] Switched to clocksource MIPS
[    0.850751] NET: Registered protocol family 2
[    0.864072] TCP established hash table entries: 2048 (order: 1, 8192 bytes)
[    0.865510] TCP bind hash table entries: 2048 (order: 1, 8192 bytes)
[    0.866700] TCP: Hash tables configured (established 2048 bind 2048)
[    0.867906] UDP hash table entries: 256 (order: 0, 4096 bytes)
[    0.868871] UDP-Lite hash table entries: 256 (order: 0, 4096 bytes)
[    0.873424] NET: Registered protocol family 1
[    0.875243] PCI: Enabling device 0000:00:0a.2 (0000 -> 0001)
[    0.877149] PCI: CLS 0 bytes, default 16
[    0.911634] futex hash table entries: 256 (order: -1, 3072 bytes)
[    0.929503] squashfs: version 4.0 (2009/01/31) Phillip Lougher
[    0.932131] jffs2: version 2.2. (NAND) Â© 2001-2006 Red Hat, Inc.
[    0.935974] romfs: ROMFS MTD (C) 2007 Red Hat, Inc.
[    0.962140] Block layer SCSI generic (bsg) driver version 0.4 loaded (major 251)
[    0.962827] io scheduler noop registered
[    0.963575] io scheduler cfq registered (default)
[    0.964844] firmadyne: devfs: 1, execute: 1, procfs: 1, syscall: 1
[    0.970825] firmadyne: Cannot register character device: gpio, 0xfc, 0x0!
[    0.979875] firmadyne: Cannot register character device: watchdog, 0xa, 0x82!
[    0.980395] firmadyne: Cannot register character device: wdt, 0xfd, 0x0!
[    2.800673] strName = 4.1.17+
[    2.800673] init_task_addr  = 2155778944
[    2.800673] init_task_size  = 1296
[    2.800673] ts_tasks        = 292
[    2.800673] ts_pid          = 408
[    2.800673] ts_tgid         = 412
[    2.800673] ts_group_leader = 440
[    2.800673] ts_thread_group = 496
[    2.800673] ts_real_parent  = 416
[    2.800673] ts_mm           = 300
[    2.800673] ts_stack        = 4
[    2.803185] module_name   = 12
[    2.803185] module_size   = 208
[    2.803185] module_init   = 200
[    2.803185] module_list   = 4
[    2.804140] ts_real_cred    = 624
[    2.804140] ts_cred         = 628
[    2.804140] ts_comm         = 632
[    2.804140] cred_uid        = 4
[    2.804140] cred_gid        = 8
[    2.804140] cred_euid       = 20
[    2.804140] cred_egid       = 24
[    2.806009] mm_mmap         = 0
[    2.806009] mm_pgd          = 32
[    2.806009] mm_arg_start    = 136
[    2.806009] mm_start_brk    = 124
[    2.806009] mm_brk          = 128
[    2.806009] mm_start_stack  = 132
[    2.807376] vma_vm_start    = 0
[    2.807376] vma_vm_end      = 4
[    2.807376] vma_vm_next     = 8
[    2.807376] vma_vm_file     = 80
[    2.807376] vma_vm_flags    = 40
[    2.807376] vma_vm_pgoff    = 76
[    2.808903] file_dentry     = 12
[    2.808903] file_inode      = 40
[    2.808903] dentry_d_name   = 24
[    2.808903] dentry_d_iname  = 44
[    2.808903] dentry_d_parent = 16
[    2.808903] ti_task         = 0
[    2.808903] inode_ino   = 28
[    3.947926] proc_fork_connector  = 2151078840
[    3.948288] proc_exit_connector  = 2151080432
[    3.948805] proc_exec_connector  = 2151079052
[    3.949142] vma_link  = 2149124372
[    3.949420] vma_adjust  = 2149124540
[    3.949705] remove_vma  = 2149122188
[    3.949995] modules  = 2155833724
[    3.950275] trim_init_extable  = 2150545316
[    3.951524] cfg80211: Calling CRDA to update world regulatory domain
[    3.955169] PCI: Enabling device 0000:00:12.0 (0000 -> 0002)
[    3.956568] cirrusfb 0000:00:12.0: Cirrus Logic chipset on PCI bus, RAM (4096 kB) at 0x10000000
[    4.213926] Console: switching to colour frame buffer device 80x30
[    4.288061] Serial: 8250/16550 driver, 4 ports, IRQ sharing enabled
[    4.303827] console [ttyS0] disabled
[    4.331563] serial8250.0: ttyS0 at I/O 0x3f8 (irq = 4, base_baud = 115200) is a 16550A
[    4.332952] console [ttyS0] enabled
[    4.332952] console [ttyS0] enabled
[    4.333565] bootconsole [uart0] disabled
[    4.333565] bootconsole [uart0] disabled
[    4.364786] serial8250.0: ttyS1 at I/O 0x2f8 (irq = 3, base_baud = 115200) is a 16550A
[    4.499813] brd: module loaded
[    4.571094] loop: module loaded
[    4.578712] ata_piix 0000:00:0a.1: version 2.13
[    4.579353] PCI: Enabling device 0000:00:0a.1 (0000 -> 0001)
[    4.608375] scsi host0: ata_piix
[    4.614692] scsi host1: ata_piix
[    4.618958] ata1: PATA max UDMA/33 cmd 0x1f0 ctl 0x3f6 bmdma 0x1460 irq 14
[    4.619528] ata2: PATA max UDMA/33 cmd 0x170 ctl 0x376 bmdma 0x1468 irq 15
[    4.627116] [nandsim] warning: read_byte: unexpected data output cycle, state is STATE_READY return 0x0
[    4.627767] [nandsim] warning: read_byte: unexpected data output cycle, state is STATE_READY return 0x0
[    4.628388] [nandsim] warning: read_byte: unexpected data output cycle, state is STATE_READY return 0x0
[    4.629240] [nandsim] warning: read_byte: unexpected data output cycle, state is STATE_READY return 0x0
[    4.629878] [nandsim] warning: read_byte: unexpected data output cycle, state is STATE_READY return 0x0
[    4.630495] [nandsim] warning: read_byte: unexpected data output cycle, state is STATE_READY return 0x0
[    4.631316] nand: device found, Manufacturer ID: 0x98, Chip ID: 0x39
[    4.631788] nand: Toshiba NAND 128MiB 1,8V 8-bit
[    4.632227] nand: 128 MiB, SLC, erase size: 16 KiB, page size: 512, OOB size: 16
[    4.634204] flash size: 128 MiB
[    4.634496] page size: 512 bytes
[    4.634784] OOB area size: 16 bytes
[    4.635078] sector size: 16 KiB
[    4.635351] pages number: 262144
[    4.635630] pages per sector: 32
[    4.635909] bus width: 8
[    4.636155] bits in sector size: 14
[    4.636463] bits in page size: 9
[    4.636908] bits in OOB size: 4
[    4.637198] flash size with OOB: 135168 KiB
[    4.637523] page address bytes: 4
[    4.637810] sector address bytes: 3
[    4.638102] options: 0x42
[    4.731506] Scanning device for bad blocks
[    6.086941] ata2.01: NODEV after polling detection
[    6.087755] ata1.01: NODEV after polling detection
[    6.094443] ata2.00: ATAPI: QEMU DVD-ROM, 2.5+, max UDMA/100
[    6.096880] ata1.00: ATA-7: QEMU HARDDISK, 2.5+, max UDMA/100
[    6.097422] ata1.00: 2097152 sectors, multi 16: LBA48 
[    6.099692] ata2.00: configured for UDMA/33
[    6.101027] spurious 8259A interrupt: IRQ7.
[    6.102765] ata1.00: configured for UDMA/33
[    6.112906] scsi 0:0:0:0: Direct-Access     ATA      QEMU HARDDISK    2.5+ PQ: 0 ANSI: 5
[    6.130549] sd 0:0:0:0: [sda] 2097152 512-byte logical blocks: (1.07 GB/1.00 GiB)
[    6.132331] scsi 1:0:0:0: CD-ROM            QEMU     QEMU DVD-ROM     2.5+ PQ: 0 ANSI: 5
[    6.146757] sd 0:0:0:0: [sda] Write Protect is off
[    6.147348] sd 0:0:0:0: [sda] Mode Sense: 00 3a 00 00
[    6.149101] sd 0:0:0:0: [sda] Write cache: enabled, read cache: enabled, doesn't support DPO or FUA
[    6.161785]  sda: sda1
[    6.176154] sd 0:0:0:0: [sda] Attached SCSI disk
[    6.177058] Creating 11 MTD partitions on "NAND 128MiB 1,8V 8-bit":
[    6.177825] 0x000000000000-0x000000100000 : "NAND simulator partition 0"
[    6.190602] 0x000000100000-0x000000200000 : "NAND simulator partition 1"
[    6.202950] 0x000000200000-0x000000300000 : "NAND simulator partition 2"
[    6.215364] 0x000000300000-0x000000400000 : "NAND simulator partition 3"
[    6.228353] 0x000000400000-0x000000500000 : "NAND simulator partition 4"
[    6.242572] 0x000000500000-0x000000600000 : "NAND simulator partition 5"
[    6.257671] 0x000000600000-0x000000700000 : "NAND simulator partition 6"
[    6.270579] 0x000000700000-0x000000800000 : "NAND simulator partition 7"
[    6.283751] 0x000000800000-0x000000900000 : "NAND simulator partition 8"
[    6.295669] 0x000000900000-0x000000a00000 : "NAND simulator partition 9"
[    6.308222] 0x000000a00000-0x000008000000 : "NAND simulator partition 10"
[    6.360865] tun: Universal TUN/TAP device driver, 1.6
[    6.361282] tun: (C) 1999-2004 Max Krasnyansky <maxk@qualcomm.com>
[    6.365428] pcnet32: pcnet32.c:v1.35 21.Apr.2008 tsbogend@alpha.franken.de
[    6.366911] e1000: Intel(R) PRO/1000 Network Driver - version 7.3.21-k8-NAPI
[    6.367412] e1000: Copyright (c) 1999-2006 Intel Corporation.
[    6.368512] PCI: Enabling device 0000:00:13.0 (0000 -> 0003)
[    6.699646] e1000 0000:00:13.0 eth0: (PCI:33MHz:32-bit) 52:54:00:12:34:56
[    6.700463] e1000 0000:00:13.0 eth0: Intel(R) PRO/1000 Network Connection
[    6.701455] PCI: Enabling device 0000:00:14.0 (0000 -> 0003)
[    7.021668] e1000 0000:00:14.0 eth1: (PCI:33MHz:32-bit) 52:54:00:12:34:57
[    7.022272] e1000 0000:00:14.0 eth1: Intel(R) PRO/1000 Network Connection
[    7.023048] PCI: Enabling device 0000:00:15.0 (0000 -> 0003)
[    7.298877] cfg80211: Calling CRDA to update world regulatory domain
[    7.355006] e1000 0000:00:15.0 eth2: (PCI:33MHz:32-bit) 52:54:00:12:34:58
[    7.355667] e1000 0000:00:15.0 eth2: Intel(R) PRO/1000 Network Connection
[    7.356541] PCI: Enabling device 0000:00:16.0 (0000 -> 0003)
[    7.681292] e1000 0000:00:16.0 eth3: (PCI:33MHz:32-bit) 52:54:00:12:34:59
[    7.681923] e1000 0000:00:16.0 eth3: Intel(R) PRO/1000 Network Connection
[    7.683561] e1000e: Intel(R) PRO/1000 Network Driver - 2.3.2-k
[    7.684006] e1000e: Copyright(c) 1999 - 2014 Intel Corporation.
[    7.689627] PPP generic driver version 2.4.2
[    7.692183] PPP Deflate Compression module registered
[    7.693130] PPP MPPE Compression module registered
[    7.693623] NET: Registered protocol family 24
[    7.694482] ehci_hcd: USB 2.0 'Enhanced' Host Controller (EHCI) Driver
[    7.695080] ehci-pci: EHCI PCI platform driver
[    7.696674] ohci_hcd: USB 1.1 'Open' Host Controller (OHCI) Driver
[    7.697326] ohci-pci: OHCI PCI platform driver
[    7.698745] uhci_hcd: USB Universal Host Controller Interface driver
[    7.700833] uhci_hcd 0000:00:0a.2: UHCI Host Controller
[    7.701753] uhci_hcd 0000:00:0a.2: new USB bus registered, assigned bus number 1
[    7.702977] uhci_hcd 0000:00:0a.2: irq 11, io base 0x00001440
[    7.716704] hub 1-0:1.0: USB hub found
[    7.717613] hub 1-0:1.0: 2 ports detected
[    7.729521] usbcore: registered new interface driver usb-storage
[    7.734685] mousedev: PS/2 mouse device common for all mice
[    7.742381] rtc_cmos rtc_cmos: rtc core: registered rtc_cmos as rtc0
[    7.743280] rtc_cmos rtc_cmos: alarms up to one day, 242 bytes nvram
[    7.745140] i2c /dev entries driver
[    7.746618] piix4_smbus 0000:00:0a.3: SMBus Host Controller at 0x1100, revision 0
[    7.752217] sdhci: Secure Digital Host Controller Interface driver
[    7.752900] sdhci: Copyright(c) Pierre Ossman
[    7.755719] hidraw: raw HID events driver (C) Jiri Kosina
[    7.778921] usbcore: registered new interface driver usbhid
[    7.779342] usbhid: USB HID core driver
[    7.780782] Netfilter messages via NETLINK v0.30.
[    7.782365] nf_conntrack version 0.5.0 (3923 buckets, 15692 max)
[    7.786412] ctnetlink v0.93: registering with nfnetlink.
[    7.793408] ipip: IPv4 over IPv4 tunneling driver
[    7.808168] ip_tables: (C) 2000-2006 Netfilter Core Team
[    7.811664] arp_tables: (C) 2002 David S. Miller
[    7.813989] Initializing XFRM netlink socket
[    7.815399] NET: Registered protocol family 10
[    7.843095] ip6_tables: (C) 2000-2006 Netfilter Core Team
[    7.847880] sit: IPv6 over IPv4 tunneling driver
[    7.868969] NET: Registered protocol family 17
[    7.870067] bridge: automatic filtering via arp/ip/ip6tables has been deprecated. Update your scripts to load br_netfilter if you need this.
[    7.871360] Bridge firewalling registered
[    7.871846] Ebtables v2.0 registered
[    7.875000] 8021q: 802.1Q VLAN Support v1.8
[    7.900939] rtc_cmos rtc_cmos: setting system clock to 2025-07-23 04:47:23 UTC (1753246043)
[    7.927073] EXT2-fs (sda1): warning: mounting unchecked fs, running e2fsck is recommended
[    7.929776] VFS: Mounted root (ext2 filesystem) on device 8:1.
[    7.940777] Freeing YAMON memory: 956k freed
[    7.953760] Freeing unused kernel memory: 260K (8081f000 - 80860000)
[    7.991908] firmadyne: sys_reboot[PID: 1 (init)]: magic1:fee1dead, magic2:28121969, cmd:0
init started: BusyBox v1.14.1 (2024-07-07 02:43:58 CEST)
starting pid 48, tty '': '/etc/init.d/rcS'
[    8.093085] firmadyne: do_execve: /firmadyne/console
[    8.093771] OFFSETS: offset of pid: 0x198 offset of comm: 0x278
[/etc/init.d/S03config.sh]
Mounting proc and var ...
[   10.441437] cfg80211: Calling CRDA to update world regulatory domain
SymbLink /dev/mtdblock/0
SymbLink /dev/mtdblock/1
SymbLink /dev/mtdblock/10
SymbLink /dev/mtdblock/2
SymbLink /dev/mtdblock/3
SymbLink /dev/mtdblock/4
SymbLink /dev/mtdblock/5
[   13.585014] cfg80211: Calling CRDA to update world regulatory domain
SymbLink /dev/mtdblock/6
SymbLink /dev/mtdblock/7
SymbLink /dev/mtdblock/8
SymbLink /dev/mtdblock/9
Inserting kernel modules ...
Inserting Rebootm ...
Inserting atheros ethernet ...
Inserting gpio ...
done.
[   20.349715] cfg80211: Calling CRDA to update world regulatory domain
Start xmldb ...
[   20.513529] firmadyne: sys_socket[PID: 148 (xmldb)]: family:1, type:2, protocol:0
[   20.517184] random: nonblocking pool is initialized
[/etc/scripts/misc/profile.sh] get ...
DEVCONF: unable to read config data (ret=-3) !
CAN NOT get devive config, generate default!
[/etc/scripts/misc/profile.sh] reset ...
[   30.844373] cfg80211: Calling CRDA to update world regulatory domain
[   30.855259] firmadyne: sys_socket[PID: 160 (rgdb)]: family:1, type:2, protocol:0
[/etc/scripts/misc/defnodes.sh] ...
[/etc/defnodes/S10setext.sh] ...
[   31.274646] firmadyne: sys_socket[PID: 167 (xmldbc)]: family:1, type:2, protocol:0
[   31.333518] firmadyne: sys_socket[PID: 168 (xmldbc)]: family:1, type:2, protocol:0
[   43.208102] cfg80211: Calling CRDA to update world regulatory domain
[   43.223197] firmadyne: sys_socket[PID: 169 (xmldbc)]: family:1, type:2, protocol:0
[   43.289628] firmadyne: sys_socket[PID: 171 (xmldbc)]: family:1, type:2, protocol:0
[   43.348515] firmadyne: sys_socket[PID: 172 (xmldbc)]: family:1, type:2, protocol:0
[   43.407914] firmadyne: sys_socket[PID: 173 (xmldbc)]: family:1, type:2, protocol:0
[   57.884138] cfg80211: Calling CRDA to update world regulatory domain
[   57.907990] firmadyne: sys_socket[PID: 174 (xmldbc)]: family:1, type:2, protocol:0
[   57.967707] firmadyne: sys_socket[PID: 176 (xmldbc)]: family:1, type:2, protocol:0
[   58.028065] firmadyne: sys_socket[PID: 177 (xmldbc)]: family:1, type:2, protocol:0
[   58.089277] firmadyne: sys_socket[PID: 178 (xmldbc)]: family:1, type:2, protocol:0
[   67.421744] cfg80211: Calling CRDA to update world regulatory domain
[   67.449146] firmadyne: sys_socket[PID: 179 (xmldbc)]: family:1, type:2, protocol:0
[   67.509043] firmadyne: sys_socket[PID: 181 (xmldbc)]: family:1, type:2, protocol:0
[   67.568013] firmadyne: sys_socket[PID: 182 (xmldbc)]: family:1, type:2, protocol:0
[   67.627272] firmadyne: sys_socket[PID: 183 (xmldbc)]: family:1, type:2, protocol:0
[   82.513603] cfg80211: Calling CRDA to update world regulatory domain
[   82.548664] firmadyne: sys_socket[PID: 184 (xmldbc)]: family:1, type:2, protocol:0
[   82.609857] firmadyne: sys_socket[PID: 186 (xmldbc)]: family:1, type:2, protocol:0
[   82.670288] firmadyne: sys_socket[PID: 187 (xmldbc)]: family:1, type:2, protocol:0
[   82.730853] firmadyne: sys_socket[PID: 188 (xmldbc)]: family:1, type:2, protocol:0
[   90.129655] cfg80211: Exceeded CRDA call max attempts. Not calling CRDA
[   90.160880] firmadyne: sys_socket[PID: 189 (xmldbc)]: family:1, type:2, protocol:0
[   90.221725] firmadyne: sys_socket[PID: 190 (xmldbc)]: family:1, type:2, protocol:0
[   90.281523] firmadyne: sys_socket[PID: 191 (xmldbc)]: family:1, type:2, protocol:0
[   90.343384] firmadyne: sys_socket[PID: 192 (rgdb)]: family:1, type:2, protocol:0
[   95.111140] firmadyne: sys_socket[PID: 193 (rgdb)]: family:1, type:2, protocol:0
[   95.171244] firmadyne: sys_socket[PID: 194 (rgdb)]: family:1, type:2, protocol:0
[   95.239533] firmadyne: sys_socket[PID: 195 (rgdb)]: family:1, type:2, protocol:0
[   95.301182] firmadyne: sys_socket[PID: 196 (rgdb)]: family:1, type:2, protocol:0
[  100.068502] firmadyne: sys_socket[PID: 197 (rgdb)]: family:1, type:2, protocol:0
[  100.127900] firmadyne: sys_socket[PID: 198 (rgdb)]: family:1, type:2, protocol:0
[  100.186468] firmadyne: sys_socket[PID: 199 (rgdb)]: family:1, type:2, protocol:0
[  100.249147] firmadyne: sys_socket[PID: 200 (rgdb)]: family:1, type:2, protocol:0
[  105.023174] firmadyne: sys_socket[PID: 201 (rgdb)]: family:1, type:2, protocol:0
[  105.082503] firmadyne: sys_socket[PID: 202 (rgdb)]: family:1, type:2, protocol:0
[  105.140852] firmadyne: sys_socket[PID: 203 (rgdb)]: family:1, type:2, protocol:0
[  105.204387] firmadyne: sys_socket[PID: 204 (rgdb)]: family:1, type:2, protocol:0
[  105.334415] firmadyne: sys_socket[PID: 205 (rgdb)]: family:1, type:2, protocol:0
[  105.466898] firmadyne: sys_socket[PID: 207 (xmldbc)]: family:1, type:2, protocol:0
[  105.525859] firmadyne: sys_socket[PID: 208 (xmldbc)]: family:1, type:2, protocol:0
[  105.654479] firmadyne: sys_socket[PID: 209 (xmldbc)]: family:1, type:2, protocol:0
[  105.713854] firmadyne: sys_socket[PID: 210 (xmldbc)]: family:1, type:2, protocol:0
[  105.774468] firmadyne: sys_socket[PID: 211 (xmldbc)]: family:1, type:2, protocol:0
[  105.834385] firmadyne: sys_socket[PID: 212 (xmldbc)]: family:1, type:2, protocol:0
[  105.961899] firmadyne: sys_socket[PID: 213 (xmldbc)]: family:1, type:2, protocol:0
[  106.023148] firmadyne: sys_socket[PID: 214 (xmldbc)]: family:1, type:2, protocol:0
[  106.082384] firmadyne: sys_socket[PID: 215 (xmldbc)]: family:1, type:2, protocol:0
[  106.141061] firmadyne: sys_socket[PID: 216 (xmldbc)]: family:1, type:2, protocol:0
[  106.269303] firmadyne: sys_socket[PID: 217 (xmldbc)]: family:1, type:2, protocol:0
[  106.331892] firmadyne: sys_socket[PID: 218 (xmldbc)]: family:1, type:2, protocol:0
[  106.393838] firmadyne: sys_socket[PID: 219 (xmldbc)]: family:1, type:2, protocol:0
[  106.453446] firmadyne: sys_socket[PID: 220 (xmldbc)]: family:1, type:2, protocol:0
[  106.581542] firmadyne: sys_socket[PID: 221 (xmldbc)]: family:1, type:2, protocol:0
[  106.641165] firmadyne: sys_socket[PID: 222 (xmldbc)]: family:1, type:2, protocol:0
[  106.700947] firmadyne: sys_socket[PID: 223 (xmldbc)]: family:1, type:2, protocol:0
[  106.759773] firmadyne: sys_socket[PID: 224 (xmldbc)]: family:1, type:2, protocol:0
[  107.042142] firmadyne: sys_socket[PID: 229 (xmldbc)]: family:1, type:2, protocol:0
[  107.100310] firmadyne: sys_socket[PID: 230 (xmldbc)]: family:1, type:2, protocol:0
[  107.158050] firmadyne: sys_socket[PID: 231 (xmldbc)]: family:1, type:2, protocol:0
[  107.216480] firmadyne: sys_socket[PID: 232 (xmldbc)]: family:1, type:2, protocol:0
[  107.346301] firmadyne: sys_socket[PID: 233 (xmldbc)]: family:1, type:2, protocol:0
[  107.405593] firmadyne: sys_socket[PID: 234 (xmldbc)]: family:1, type:2, protocol:0
[  107.466279] firmadyne: sys_socket[PID: 235 (xmldbc)]: family:1, type:2, protocol:0
[  107.525925] firmadyne: sys_socket[PID: 236 (xmldbc)]: family:1, type:2, protocol:0
[  107.655920] firmadyne: sys_socket[PID: 237 (xmldbc)]: family:1, type:2, protocol:0
[  107.714996] firmadyne: sys_socket[PID: 238 (xmldbc)]: family:1, type:2, protocol:0
[  107.773456] firmadyne: sys_socket[PID: 239 (xmldbc)]: family:1, type:2, protocol:0
[  107.834057] firmadyne: sys_socket[PID: 240 (xmldbc)]: family:1, type:2, protocol:0
[  107.961276] firmadyne: sys_socket[PID: 241 (xmldbc)]: family:1, type:2, protocol:0
[  108.022094] firmadyne: sys_socket[PID: 242 (xmldbc)]: family:1, type:2, protocol:0
[  108.082830] firmadyne: sys_socket[PID: 243 (xmldbc)]: family:1, type:2, protocol:0
[  108.141115] firmadyne: sys_socket[PID: 244 (xmldbc)]: family:1, type:2, protocol:0
[  108.268520] firmadyne: sys_socket[PID: 245 (xmldbc)]: family:1, type:2, protocol:0
[  108.329090] firmadyne: sys_socket[PID: 246 (xmldbc)]: family:1, type:2, protocol:0
[  108.388914] firmadyne: sys_socket[PID: 247 (xmldbc)]: family:1, type:2, protocol:0
[  108.529140] firmadyne: sys_socket[PID: 251 (xmldbc)]: family:1, type:2, protocol:0
[  108.657051] firmadyne: sys_socket[PID: 252 (xmldbc)]: family:1, type:2, protocol:0
[  108.714857] firmadyne: sys_socket[PID: 253 (xmldbc)]: family:1, type:2, protocol:0
[  108.773468] firmadyne: sys_socket[PID: 254 (xmldbc)]: family:1, type:2, protocol:0
[  108.832178] firmadyne: sys_socket[PID: 255 (xmldbc)]: family:1, type:2, protocol:0
[  108.962155] firmadyne: sys_socket[PID: 256 (xmldbc)]: family:1, type:2, protocol:0
[  109.020011] firmadyne: sys_socket[PID: 257 (xmldbc)]: family:1, type:2, protocol:0
[  109.080348] firmadyne: sys_socket[PID: 258 (xmldbc)]: family:1, type:2, protocol:0
[  109.138447] firmadyne: sys_socket[PID: 259 (xmldbc)]: family:1, type:2, protocol:0
[  109.267236] firmadyne: sys_socket[PID: 260 (xmldbc)]: family:1, type:2, protocol:0
[  109.326212] firmadyne: sys_socket[PID: 261 (xmldbc)]: family:1, type:2, protocol:0
[  109.386583] firmadyne: sys_socket[PID: 262 (xmldbc)]: family:1, type:2, protocol:0
[  109.516585] firmadyne: sys_socket[PID: 263 (xmldbc)]: family:1, type:2, protocol:0
[  109.575586] firmadyne: sys_socket[PID: 264 (xmldbc)]: family:1, type:2, protocol:0
[  109.635401] firmadyne: sys_socket[PID: 265 (xmldbc)]: family:1, type:2, protocol:0
[  109.694026] firmadyne: sys_socket[PID: 266 (xmldbc)]: family:1, type:2, protocol:0
[  109.820501] firmadyne: sys_socket[PID: 267 (xmldbc)]: family:1, type:2, protocol:0
[  109.882061] firmadyne: sys_socket[PID: 268 (xmldbc)]: family:1, type:2, protocol:0
[  109.940634] firmadyne: sys_socket[PID: 269 (xmldbc)]: family:1, type:2, protocol:0
[  110.081712] firmadyne: sys_socket[PID: 273 (xmldbc)]: family:1, type:2, protocol:0
[  110.207984] firmadyne: sys_socket[PID: 274 (xmldbc)]: family:1, type:2, protocol:0
[  110.268141] firmadyne: sys_socket[PID: 275 (xmldbc)]: family:1, type:2, protocol:0
[  110.326615] firmadyne: sys_socket[PID: 276 (xmldbc)]: family:1, type:2, protocol:0
[  110.387413] firmadyne: sys_socket[PID: 277 (xmldbc)]: family:1, type:2, protocol:0
[  110.516562] firmadyne: sys_socket[PID: 278 (xmldbc)]: family:1, type:2, protocol:0
[  110.576202] firmadyne: sys_socket[PID: 279 (xmldbc)]: family:1, type:2, protocol:0
[  110.635653] firmadyne: sys_socket[PID: 280 (xmldbc)]: family:1, type:2, protocol:0
[  110.694862] firmadyne: sys_socket[PID: 281 (xmldbc)]: family:1, type:2, protocol:0
[  110.821793] firmadyne: sys_socket[PID: 282 (xmldbc)]: family:1, type:2, protocol:0
[  110.883592] firmadyne: sys_socket[PID: 283 (xmldbc)]: family:1, type:2, protocol:0
[  110.942728] firmadyne: sys_socket[PID: 284 (xmldbc)]: family:1, type:2, protocol:0
[  111.001819] firmadyne: sys_socket[PID: 285 (xmldbc)]: family:1, type:2, protocol:0
[  111.131055] firmadyne: sys_socket[PID: 286 (xmldbc)]: family:1, type:2, protocol:0
[  111.189482] firmadyne: sys_socket[PID: 287 (xmldbc)]: family:1, type:2, protocol:0
[  111.249357] firmadyne: sys_socket[PID: 288 (xmldbc)]: family:1, type:2, protocol:0
[  111.308248] firmadyne: sys_socket[PID: 289 (xmldbc)]: family:1, type:2, protocol:0
[  111.439083] firmadyne: sys_socket[PID: 290 (xmldbc)]: family:1, type:2, protocol:0
[  111.499043] firmadyne: sys_socket[PID: 291 (xmldbc)]: family:1, type:2, protocol:0
[  111.641336] firmadyne: sys_socket[PID: 295 (xmldbc)]: family:1, type:2, protocol:0
[  111.700492] firmadyne: sys_socket[PID: 296 (xmldbc)]: family:1, type:2, protocol:0
[  111.827462] firmadyne: sys_socket[PID: 297 (xmldbc)]: family:1, type:2, protocol:0
[  111.887960] firmadyne: sys_socket[PID: 298 (xmldbc)]: family:1, type:2, protocol:0
[  111.954426] firmadyne: sys_socket[PID: 299 (xmldbc)]: family:1, type:2, protocol:0
[  112.013747] firmadyne: sys_socket[PID: 300 (xmldbc)]: family:1, type:2, protocol:0
[  112.142296] firmadyne: sys_socket[PID: 301 (xmldbc)]: family:1, type:2, protocol:0
[  112.199920] firmadyne: sys_socket[PID: 302 (xmldbc)]: family:1, type:2, protocol:0
[  112.259726] firmadyne: sys_socket[PID: 303 (xmldbc)]: family:1, type:2, protocol:0
[  112.317634] firmadyne: sys_socket[PID: 304 (xmldbc)]: family:1, type:2, protocol:0
[  112.447101] firmadyne: sys_socket[PID: 305 (xmldbc)]: family:1, type:2, protocol:0
[  112.506192] firmadyne: sys_socket[PID: 306 (xmldbc)]: family:1, type:2, protocol:0
[  112.560500] firmadyne: sys_socket[PID: 307 (xmldbc)]: family:1, type:2, protocol:0
[  112.618765] firmadyne: sys_socket[PID: 308 (xmldbc)]: family:1, type:2, protocol:0
[  112.679139] firmadyne: sys_socket[PID: 309 (xmldbc)]: family:1, type:2, protocol:0
[  112.806631] firmadyne: sys_socket[PID: 310 (xmldbc)]: family:1, type:2, protocol:0
[  112.869893] firmadyne: sys_socket[PID: 311 (xmldbc)]: family:1, type:2, protocol:0
[  112.929597] firmadyne: sys_socket[PID: 312 (xmldbc)]: family:1, type:2, protocol:0
[  112.988333] firmadyne: sys_socket[PID: 313 (xmldbc)]: family:1, type:2, protocol:0
[  113.196361] firmadyne: sys_socket[PID: 317 (xmldbc)]: family:1, type:2, protocol:0
[  113.256650] firmadyne: sys_socket[PID: 318 (xmldbc)]: family:1, type:2, protocol:0
[  113.314640] firmadyne: sys_socket[PID: 319 (xmldbc)]: family:1, type:2, protocol:0
[  113.373599] firmadyne: sys_socket[PID: 320 (xmldbc)]: family:1, type:2, protocol:0
[  113.510183] firmadyne: sys_socket[PID: 321 (xmldbc)]: family:1, type:2, protocol:0
[  113.569152] firmadyne: sys_socket[PID: 322 (xmldbc)]: family:1, type:2, protocol:0
[  113.626748] firmadyne: sys_socket[PID: 323 (xmldbc)]: family:1, type:2, protocol:0
[  113.687522] firmadyne: sys_socket[PID: 324 (xmldbc)]: family:1, type:2, protocol:0
[  113.814952] firmadyne: sys_socket[PID: 325 (xmldbc)]: family:1, type:2, protocol:0
[  113.874665] firmadyne: sys_socket[PID: 326 (xmldbc)]: family:1, type:2, protocol:0
[  113.933159] firmadyne: sys_socket[PID: 327 (xmldbc)]: family:1, type:2, protocol:0
[  114.059917] firmadyne: sys_socket[PID: 328 (xmldbc)]: family:1, type:2, protocol:0
[  114.119875] firmadyne: sys_socket[PID: 329 (xmldbc)]: family:1, type:2, protocol:0
[  114.173305] firmadyne: sys_socket[PID: 330 (xmldbc)]: family:1, type:2, protocol:0
[  114.230749] firmadyne: sys_socket[PID: 331 (xmldbc)]: family:1, type:2, protocol:0
[  114.291185] firmadyne: sys_socket[PID: 332 (xmldbc)]: family:1, type:2, protocol:0
[  114.418298] firmadyne: sys_socket[PID: 333 (xmldbc)]: family:1, type:2, protocol:0
[  114.478809] firmadyne: sys_socket[PID: 334 (xmldbc)]: family:1, type:2, protocol:0
[  114.538513] firmadyne: sys_socket[PID: 335 (xmldbc)]: family:1, type:2, protocol:0
[  114.678952] firmadyne: sys_socket[PID: 339 (xmldbc)]: family:1, type:2, protocol:0
[  114.805980] firmadyne: sys_socket[PID: 340 (xmldbc)]: family:1, type:2, protocol:0
[  114.865609] firmadyne: sys_socket[PID: 341 (xmldbc)]: family:1, type:2, protocol:0
[  114.925346] firmadyne: sys_socket[PID: 342 (xmldbc)]: family:1, type:2, protocol:0
[  114.984065] firmadyne: sys_socket[PID: 343 (xmldbc)]: family:1, type:2, protocol:0
[  115.112038] firmadyne: sys_socket[PID: 344 (xmldbc)]: family:1, type:2, protocol:0
[  115.171382] firmadyne: sys_socket[PID: 345 (xmldbc)]: family:1, type:2, protocol:0
[  115.231403] firmadyne: sys_socket[PID: 346 (xmldbc)]: family:1, type:2, protocol:0
[  115.290712] firmadyne: sys_socket[PID: 347 (xmldbc)]: family:1, type:2, protocol:0
[  115.419878] firmadyne: sys_socket[PID: 348 (xmldbc)]: family:1, type:2, protocol:0
[  115.479479] firmadyne: sys_socket[PID: 349 (xmldbc)]: family:1, type:2, protocol:0
[  115.541137] firmadyne: sys_socket[PID: 350 (xmldbc)]: family:1, type:2, protocol:0
[  115.601018] firmadyne: sys_socket[PID: 351 (xmldbc)]: family:1, type:2, protocol:0
[  115.730014] firmadyne: sys_socket[PID: 352 (xmldbc)]: family:1, type:2, protocol:0
[  115.789261] firmadyne: sys_socket[PID: 353 (xmldbc)]: family:1, type:2, protocol:0
[  115.847738] firmadyne: sys_socket[PID: 354 (xmldbc)]: family:1, type:2, protocol:0
[  115.906883] firmadyne: sys_socket[PID: 355 (xmldbc)]: family:1, type:2, protocol:0
[  116.035884] firmadyne: sys_socket[PID: 356 (xmldbc)]: family:1, type:2, protocol:0
[  116.095430] firmadyne: sys_socket[PID: 357 (xmldbc)]: family:1, type:2, protocol:0
[  116.235344] firmadyne: sys_socket[PID: 361 (xmldbc)]: family:1, type:2, protocol:0
[  116.293385] firmadyne: sys_socket[PID: 362 (xmldbc)]: family:1, type:2, protocol:0
[  116.424182] firmadyne: sys_socket[PID: 363 (xmldbc)]: family:1, type:2, protocol:0
[  116.484514] firmadyne: sys_socket[PID: 364 (xmldbc)]: family:1, type:2, protocol:0
[  116.545761] firmadyne: sys_socket[PID: 365 (xmldbc)]: family:1, type:2, protocol:0
[  116.604545] firmadyne: sys_socket[PID: 366 (xmldbc)]: family:1, type:2, protocol:0
[  116.733359] firmadyne: sys_socket[PID: 367 (xmldbc)]: family:1, type:2, protocol:0
[  116.792930] firmadyne: sys_socket[PID: 368 (xmldbc)]: family:1, type:2, protocol:0
[  116.853863] firmadyne: sys_socket[PID: 369 (xmldbc)]: family:1, type:2, protocol:0
[  116.914311] firmadyne: sys_socket[PID: 370 (xmldbc)]: family:1, type:2, protocol:0
[  117.043110] firmadyne: sys_socket[PID: 371 (xmldbc)]: family:1, type:2, protocol:0
[  117.102497] firmadyne: sys_socket[PID: 372 (xmldbc)]: family:1, type:2, protocol:0
[  117.162718] firmadyne: sys_socket[PID: 373 (xmldbc)]: family:1, type:2, protocol:0
[  117.221604] firmadyne: sys_socket[PID: 374 (xmldbc)]: family:1, type:2, protocol:0
[  117.350620] firmadyne: sys_socket[PID: 375 (xmldbc)]: family:1, type:2, protocol:0
[  117.410345] firmadyne: sys_socket[PID: 376 (xmldbc)]: family:1, type:2, protocol:0
[  117.471960] firmadyne: sys_socket[PID: 377 (xmldbc)]: family:1, type:2, protocol:0
[  117.533026] firmadyne: sys_socket[PID: 378 (xmldbc)]: family:1, type:2, protocol:0
[  117.660504] firmadyne: sys_socket[PID: 379 (xmldbc)]: family:1, type:2, protocol:0
[  117.800166] firmadyne: sys_socket[PID: 383 (xmldbc)]: family:1, type:2, protocol:0
[  117.858604] firmadyne: sys_socket[PID: 384 (xmldbc)]: family:1, type:2, protocol:0
[  117.917411] firmadyne: sys_socket[PID: 385 (xmldbc)]: family:1, type:2, protocol:0
[  117.973321] firmadyne: sys_socket[PID: 386 (xmldbc)]: family:1, type:2, protocol:0
[  118.100097] firmadyne: sys_socket[PID: 387 (xmldbc)]: family:1, type:2, protocol:0
[  118.160201] firmadyne: sys_socket[PID: 388 (xmldbc)]: family:1, type:2, protocol:0
[  118.218132] firmadyne: sys_socket[PID: 389 (xmldbc)]: family:1, type:2, protocol:0
[  118.276337] firmadyne: sys_socket[PID: 390 (xmldbc)]: family:1, type:2, protocol:0
[  118.404913] firmadyne: sys_socket[PID: 391 (xmldbc)]: family:1, type:2, protocol:0
[  118.466350] firmadyne: sys_socket[PID: 392 (xmldbc)]: family:1, type:2, protocol:0
[  118.524916] firmadyne: sys_socket[PID: 393 (xmldbc)]: family:1, type:2, protocol:0
[  118.580791] firmadyne: sys_socket[PID: 394 (xmldbc)]: family:1, type:2, protocol:0
[  118.638775] firmadyne: sys_socket[PID: 395 (xmldbc)]: family:1, type:2, protocol:0
[  118.767975] firmadyne: sys_socket[PID: 396 (xmldbc)]: family:1, type:2, protocol:0
[  118.829106] firmadyne: sys_socket[PID: 397 (xmldbc)]: family:1, type:2, protocol:0
[  118.888990] firmadyne: sys_socket[PID: 398 (xmldbc)]: family:1, type:2, protocol:0
[  119.018293] firmadyne: sys_socket[PID: 399 (xmldbc)]: family:1, type:2, protocol:0
[  119.077503] firmadyne: sys_socket[PID: 400 (xmldbc)]: family:1, type:2, protocol:0
[  119.135411] firmadyne: sys_socket[PID: 401 (xmldbc)]: family:1, type:2, protocol:0
[  119.274123] firmadyne: sys_socket[PID: 405 (xmldbc)]: family:1, type:2, protocol:0
[  119.401122] firmadyne: sys_socket[PID: 406 (xmldbc)]: family:1, type:2, protocol:0
[  119.464556] firmadyne: sys_socket[PID: 407 (xmldbc)]: family:1, type:2, protocol:0
[  119.525413] firmadyne: sys_socket[PID: 408 (xmldbc)]: family:1, type:2, protocol:0
[  119.580205] firmadyne: sys_socket[PID: 409 (xmldbc)]: family:1, type:2, protocol:0
[  119.641074] firmadyne: sys_socket[PID: 410 (xmldbc)]: family:1, type:2, protocol:0
[  119.769282] firmadyne: sys_socket[PID: 411 (xmldbc)]: family:1, type:2, protocol:0
[  119.826359] firmadyne: sys_socket[PID: 412 (xmldbc)]: family:1, type:2, protocol:0
[  119.885533] firmadyne: sys_socket[PID: 413 (xmldbc)]: family:1, type:2, protocol:0
[  119.945058] firmadyne: sys_socket[PID: 414 (xmldbc)]: family:1, type:2, protocol:0
[  120.004549] firmadyne: sys_socket[PID: 415 (xmldbc)]: family:1, type:2, protocol:0
[  120.135086] firmadyne: sys_socket[PID: 416 (xmldbc)]: family:1, type:2, protocol:0
[  120.194231] firmadyne: sys_socket[PID: 417 (xmldbc)]: family:1, type:2, protocol:0
[  120.254293] firmadyne: sys_socket[PID: 418 (xmldbc)]: family:1, type:2, protocol:0
[  120.312435] firmadyne: sys_socket[PID: 419 (xmldbc)]: family:1, type:2, protocol:0
[  120.366574] firmadyne: sys_socket[PID: 420 (xmldbc)]: family:1, type:2, protocol:0
[  120.496061] firmadyne: sys_socket[PID: 421 (xmldbc)]: family:1, type:2, protocol:0
[  120.556142] firmadyne: sys_socket[PID: 422 (xmldbc)]: family:1, type:2, protocol:0
[  120.616082] firmadyne: sys_socket[PID: 423 (xmldbc)]: family:1, type:2, protocol:0
[  120.755889] firmadyne: sys_socket[PID: 427 (xmldbc)]: family:1, type:2, protocol:0
[  120.809801] firmadyne: sys_socket[PID: 428 (xmldbc)]: family:1, type:2, protocol:0
[  120.941125] firmadyne: sys_socket[PID: 429 (xmldbc)]: family:1, type:2, protocol:0
[  121.001262] firmadyne: sys_socket[PID: 430 (xmldbc)]: family:1, type:2, protocol:0
[  121.061985] firmadyne: sys_socket[PID: 431 (xmldbc)]: family:1, type:2, protocol:0
[  121.121253] firmadyne: sys_socket[PID: 432 (xmldbc)]: family:1, type:2, protocol:0
[  121.250586] firmadyne: sys_socket[PID: 433 (xmldbc)]: family:1, type:2, protocol:0
[  121.309785] firmadyne: sys_socket[PID: 434 (xmldbc)]: family:1, type:2, protocol:0
[  121.369272] firmadyne: sys_socket[PID: 435 (xmldbc)]: family:1, type:2, protocol:0
[  121.428345] firmadyne: sys_socket[PID: 436 (xmldbc)]: family:1, type:2, protocol:0
[  121.560018] firmadyne: sys_socket[PID: 437 (xmldbc)]: family:1, type:2, protocol:0
[  121.620503] firmadyne: sys_socket[PID: 438 (xmldbc)]: family:1, type:2, protocol:0
[  121.681483] firmadyne: sys_socket[PID: 439 (xmldbc)]: family:1, type:2, protocol:0
[  121.740380] firmadyne: sys_socket[PID: 440 (xmldbc)]: family:1, type:2, protocol:0
[  121.870337] firmadyne: sys_socket[PID: 441 (xmldbc)]: family:1, type:2, protocol:0
[  121.929385] firmadyne: sys_socket[PID: 442 (xmldbc)]: family:1, type:2, protocol:0
[  121.987564] firmadyne: sys_socket[PID: 443 (xmldbc)]: family:1, type:2, protocol:0
[  122.047897] firmadyne: sys_socket[PID: 444 (xmldbc)]: family:1, type:2, protocol:0
[  122.101998] firmadyne: sys_socket[PID: 445 (xmldbc)]: family:1, type:2, protocol:0
[  122.310096] firmadyne: sys_socket[PID: 449 (xmldbc)]: family:1, type:2, protocol:0
[  122.370116] firmadyne: sys_socket[PID: 450 (xmldbc)]: family:1, type:2, protocol:0
[  122.428547] firmadyne: sys_socket[PID: 451 (xmldbc)]: family:1, type:2, protocol:0
[  122.500207] firmadyne: sys_socket[PID: 452 (xmldbc)]: family:1, type:2, protocol:0
[  122.619326] firmadyne: sys_socket[PID: 453 (xmldbc)]: family:1, type:2, protocol:0
[  122.679813] firmadyne: sys_socket[PID: 454 (xmldbc)]: family:1, type:2, protocol:0
[  122.738941] firmadyne: sys_socket[PID: 455 (xmldbc)]: family:1, type:2, protocol:0
[  122.798591] firmadyne: sys_socket[PID: 456 (xmldbc)]: family:1, type:2, protocol:0
[  122.916483] firmadyne: sys_socket[PID: 457 (xmldbc)]: family:1, type:2, protocol:0
[  122.975439] firmadyne: sys_socket[PID: 458 (xmldbc)]: family:1, type:2, protocol:0
[  123.034368] firmadyne: sys_socket[PID: 459 (xmldbc)]: family:1, type:2, protocol:0
[  123.096894] firmadyne: sys_socket[PID: 460 (xmldbc)]: family:1, type:2, protocol:0
[  123.213390] firmadyne: sys_socket[PID: 461 (xmldbc)]: family:1, type:2, protocol:0
[  123.272437] firmadyne: sys_socket[PID: 462 (xmldbc)]: family:1, type:2, protocol:0
[  123.333167] firmadyne: sys_socket[PID: 463 (xmldbc)]: family:1, type:2, protocol:0
[  123.449157] firmadyne: sys_socket[PID: 464 (xmldbc)]: family:1, type:2, protocol:0
[  123.512281] firmadyne: sys_socket[PID: 465 (xmldbc)]: family:1, type:2, protocol:0
[  123.572061] firmadyne: sys_socket[PID: 466 (xmldbc)]: family:1, type:2, protocol:0
[  123.631012] firmadyne: sys_socket[PID: 467 (xmldbc)]: family:1, type:2, protocol:0
[  123.829526] firmadyne: sys_socket[PID: 471 (xmldbc)]: family:1, type:2, protocol:0
[  123.890412] firmadyne: sys_socket[PID: 472 (xmldbc)]: family:1, type:2, protocol:0
[  123.943981] firmadyne: sys_socket[PID: 473 (xmldbc)]: family:1, type:2, protocol:0
[  124.002469] firmadyne: sys_socket[PID: 474 (xmldbc)]: family:1, type:2, protocol:0
[  124.062951] firmadyne: sys_socket[PID: 475 (xmldbc)]: family:1, type:2, protocol:0
[  124.180931] firmadyne: sys_socket[PID: 476 (xmldbc)]: family:1, type:2, protocol:0
[  124.241447] firmadyne: sys_socket[PID: 477 (xmldbc)]: family:1, type:2, protocol:0
[  124.302632] firmadyne: sys_socket[PID: 478 (xmldbc)]: family:1, type:2, protocol:0
[  124.361832] firmadyne: sys_socket[PID: 479 (xmldbc)]: family:1, type:2, protocol:0
[  124.479413] firmadyne: sys_socket[PID: 480 (xmldbc)]: family:1, type:2, protocol:0
[  124.538373] firmadyne: sys_socket[PID: 481 (xmldbc)]: family:1, type:2, protocol:0
[  124.598100] firmadyne: sys_socket[PID: 482 (xmldbc)]: family:1, type:2, protocol:0
[  124.658965] firmadyne: sys_socket[PID: 483 (xmldbc)]: family:1, type:2, protocol:0
[  124.719440] firmadyne: sys_socket[PID: 484 (xmldbc)]: family:1, type:2, protocol:0
[  124.837157] firmadyne: sys_socket[PID: 485 (xmldbc)]: family:1, type:2, protocol:0
[  124.899846] firmadyne: sys_socket[PID: 486 (xmldbc)]: family:1, type:2, protocol:0
[  124.959603] firmadyne: sys_socket[PID: 487 (xmldbc)]: family:1, type:2, protocol:0
[  125.019200] firmadyne: sys_socket[PID: 488 (xmldbc)]: family:1, type:2, protocol:0
[  125.136636] firmadyne: sys_socket[PID: 489 (xmldbc)]: family:1, type:2, protocol:0
[  125.276900] firmadyne: sys_socket[PID: 493 (xmldbc)]: family:1, type:2, protocol:0
[  125.336161] firmadyne: sys_socket[PID: 494 (xmldbc)]: family:1, type:2, protocol:0
[  125.395486] firmadyne: sys_socket[PID: 495 (xmldbc)]: family:1, type:2, protocol:0
[  125.512492] firmadyne: sys_socket[PID: 496 (xmldbc)]: family:1, type:2, protocol:0
[  125.576502] firmadyne: sys_socket[PID: 497 (xmldbc)]: family:1, type:2, protocol:0
[  125.635677] firmadyne: sys_socket[PID: 498 (xmldbc)]: family:1, type:2, protocol:0
[  125.694599] firmadyne: sys_socket[PID: 499 (xmldbc)]: family:1, type:2, protocol:0
[  125.813967] firmadyne: sys_socket[PID: 500 (xmldbc)]: family:1, type:2, protocol:0
[  125.887989] firmadyne: sys_socket[PID: 501 (xmldbc)]: family:1, type:2, protocol:0
[  125.951677] firmadyne: sys_socket[PID: 502 (xmldbc)]: family:1, type:2, protocol:0
[  126.010518] firmadyne: sys_socket[PID: 503 (xmldbc)]: family:1, type:2, protocol:0
[  126.127983] firmadyne: sys_socket[PID: 504 (xmldbc)]: family:1, type:2, protocol:0
[  126.188939] firmadyne: sys_socket[PID: 505 (xmldbc)]: family:1, type:2, protocol:0
[  126.248329] firmadyne: sys_socket[PID: 506 (xmldbc)]: family:1, type:2, protocol:0
[  126.307025] firmadyne: sys_socket[PID: 507 (xmldbc)]: family:1, type:2, protocol:0
[  126.425596] firmadyne: sys_socket[PID: 508 (xmldbc)]: family:1, type:2, protocol:0
[  126.484849] firmadyne: sys_socket[PID: 509 (xmldbc)]: family:1, type:2, protocol:0
[  126.548359] firmadyne: sys_socket[PID: 510 (xmldbc)]: family:1, type:2, protocol:0
[  126.608440] firmadyne: sys_socket[PID: 511 (xmldbc)]: family:1, type:2, protocol:0
[  126.807857] firmadyne: sys_socket[PID: 515 (xmldbc)]: family:1, type:2, protocol:0
[  126.867139] firmadyne: sys_socket[PID: 516 (xmldbc)]: family:1, type:2, protocol:0
[  126.925957] firmadyne: sys_socket[PID: 517 (xmldbc)]: family:1, type:2, protocol:0
[  126.985998] firmadyne: sys_socket[PID: 518 (xmldbc)]: family:1, type:2, protocol:0
[  127.101944] firmadyne: sys_socket[PID: 519 (xmldbc)]: family:1, type:2, protocol:0
[  127.161281] firmadyne: sys_socket[PID: 520 (xmldbc)]: family:1, type:2, protocol:0
[  127.221173] firmadyne: sys_socket[PID: 521 (xmldbc)]: family:1, type:2, protocol:0
[  127.279564] firmadyne: sys_socket[PID: 522 (xmldbc)]: family:1, type:2, protocol:0
[  127.397103] firmadyne: sys_socket[PID: 523 (xmldbc)]: family:1, type:2, protocol:0
[  127.455962] firmadyne: sys_socket[PID: 524 (xmldbc)]: family:1, type:2, protocol:0
[  127.515045] firmadyne: sys_socket[PID: 525 (xmldbc)]: family:1, type:2, protocol:0
[  127.578068] firmadyne: sys_socket[PID: 526 (xmldbc)]: family:1, type:2, protocol:0
[  127.694651] firmadyne: sys_socket[PID: 527 (xmldbc)]: family:1, type:2, protocol:0
[  127.754796] firmadyne: sys_socket[PID: 528 (xmldbc)]: family:1, type:2, protocol:0
[  127.816998] firmadyne: sys_socket[PID: 529 (xmldbc)]: family:1, type:2, protocol:0
[  127.876166] firmadyne: sys_socket[PID: 530 (xmldbc)]: family:1, type:2, protocol:0
[  127.993967] firmadyne: sys_socket[PID: 531 (xmldbc)]: family:1, type:2, protocol:0
[  128.054150] firmadyne: sys_socket[PID: 532 (xmldbc)]: family:1, type:2, protocol:0
[  128.112318] firmadyne: sys_socket[PID: 533 (xmldbc)]: family:1, type:2, protocol:0
[  128.252508] firmadyne: sys_socket[PID: 537 (xmldbc)]: family:1, type:2, protocol:0
[  132.536114] firmadyne: sys_socket[PID: 538 (xmldbc)]: family:1, type:2, protocol:0
[  132.596507] firmadyne: sys_socket[PID: 539 (xmldbc)]: family:1, type:2, protocol:0
[  132.658619] firmadyne: sys_socket[PID: 540 (xmldbc)]: family:1, type:2, protocol:0
[  132.777502] firmadyne: sys_socket[PID: 541 (xmldbc)]: family:1, type:2, protocol:0
[  132.838758] firmadyne: sys_socket[PID: 542 (xmldbc)]: family:1, type:2, protocol:0
[  132.902204] firmadyne: sys_socket[PID: 543 (xmldbc)]: family:1, type:2, protocol:0
[  132.962331] firmadyne: sys_socket[PID: 544 (xmldbc)]: family:1, type:2, protocol:0
[  133.086655] firmadyne: sys_socket[PID: 545 (xmldbc)]: family:1, type:2, protocol:0
[  133.146048] firmadyne: sys_socket[PID: 546 (xmldbc)]: family:1, type:2, protocol:0
[  133.205457] firmadyne: sys_socket[PID: 547 (xmldbc)]: family:1, type:2, protocol:0
[  133.264220] firmadyne: sys_socket[PID: 548 (xmldbc)]: family:1, type:2, protocol:0
[  133.392299] firmadyne: sys_socket[PID: 549 (xmldbc)]: family:1, type:2, protocol:0
[  133.451297] firmadyne: sys_socket[PID: 550 (xmldbc)]: family:1, type:2, protocol:0
[  133.511443] firmadyne: sys_socket[PID: 551 (xmldbc)]: family:1, type:2, protocol:0
[  133.570384] firmadyne: sys_socket[PID: 552 (xmldbc)]: family:1, type:2, protocol:0
[  133.702300] firmadyne: sys_socket[PID: 553 (xmldbc)]: family:1, type:2, protocol:0
[  133.762691] firmadyne: sys_socket[PID: 554 (xmldbc)]: family:1, type:2, protocol:0
[  133.822258] firmadyne: sys_socket[PID: 555 (xmldbc)]: family:1, type:2, protocol:0
[  133.963218] firmadyne: sys_socket[PID: 559 (xmldbc)]: family:1, type:2, protocol:0
[  134.091373] firmadyne: sys_socket[PID: 560 (xmldbc)]: family:1, type:2, protocol:0
[  134.152251] firmadyne: sys_socket[PID: 561 (xmldbc)]: family:1, type:2, protocol:0
[  134.206190] firmadyne: sys_socket[PID: 562 (xmldbc)]: family:1, type:2, protocol:0
[  134.265102] firmadyne: sys_socket[PID: 563 (xmldbc)]: family:1, type:2, protocol:0
[  134.325301] firmadyne: sys_socket[PID: 564 (xmldbc)]: family:1, type:2, protocol:0
[  134.452020] firmadyne: sys_socket[PID: 565 (xmldbc)]: family:1, type:2, protocol:0
[  134.512499] firmadyne: sys_socket[PID: 566 (xmldbc)]: family:1, type:2, protocol:0
[  134.571292] firmadyne: sys_socket[PID: 567 (xmldbc)]: family:1, type:2, protocol:0
[  134.632989] firmadyne: sys_socket[PID: 568 (xmldbc)]: family:1, type:2, protocol:0
[  134.762923] firmadyne: sys_socket[PID: 569 (xmldbc)]: family:1, type:2, protocol:0
[  134.822449] firmadyne: sys_socket[PID: 570 (xmldbc)]: family:1, type:2, protocol:0
[  134.881888] firmadyne: sys_socket[PID: 571 (xmldbc)]: family:1, type:2, protocol:0
[  134.941144] firmadyne: sys_socket[PID: 572 (xmldbc)]: family:1, type:2, protocol:0
[  135.069412] firmadyne: sys_socket[PID: 573 (xmldbc)]: family:1, type:2, protocol:0
[  135.128248] firmadyne: sys_socket[PID: 574 (xmldbc)]: family:1, type:2, protocol:0
[  135.184173] firmadyne: sys_socket[PID: 575 (xmldbc)]: family:1, type:2, protocol:0
[  135.242212] firmadyne: sys_socket[PID: 576 (xmldbc)]: family:1, type:2, protocol:0
[  135.301109] firmadyne: sys_socket[PID: 577 (xmldbc)]: family:1, type:2, protocol:0
[  135.509784] firmadyne: sys_socket[PID: 581 (xmldbc)]: family:1, type:2, protocol:0
[  135.570339] firmadyne: sys_socket[PID: 582 (xmldbc)]: family:1, type:2, protocol:0
[  135.629240] firmadyne: sys_socket[PID: 583 (xmldbc)]: family:1, type:2, protocol:0
[  135.690399] firmadyne: sys_socket[PID: 584 (xmldbc)]: family:1, type:2, protocol:0
[  135.820032] firmadyne: sys_socket[PID: 585 (xmldbc)]: family:1, type:2, protocol:0
[  135.878862] firmadyne: sys_socket[PID: 586 (xmldbc)]: family:1, type:2, protocol:0
[  135.938370] firmadyne: sys_socket[PID: 587 (xmldbc)]: family:1, type:2, protocol:0
[  135.998211] firmadyne: sys_socket[PID: 588 (xmldbc)]: family:1, type:2, protocol:0
[  136.126007] firmadyne: sys_socket[PID: 589 (xmldbc)]: family:1, type:2, protocol:0
[  136.186417] firmadyne: sys_socket[PID: 590 (xmldbc)]: family:1, type:2, protocol:0
[  136.245293] firmadyne: sys_socket[PID: 591 (xmldbc)]: family:1, type:2, protocol:0
[  136.299034] firmadyne: sys_socket[PID: 592 (xmldbc)]: family:1, type:2, protocol:0
[  136.357283] firmadyne: sys_socket[PID: 593 (xmldbc)]: family:1, type:2, protocol:0
[  136.485387] firmadyne: sys_socket[PID: 594 (xmldbc)]: family:1, type:2, protocol:0
[  136.545229] firmadyne: sys_socket[PID: 595 (xmldbc)]: family:1, type:2, protocol:0
[  136.603582] firmadyne: sys_socket[PID: 596 (xmldbc)]: family:1, type:2, protocol:0
[  136.666557] firmadyne: sys_socket[PID: 597 (xmldbc)]: family:1, type:2, protocol:0
[  136.795413] firmadyne: sys_socket[PID: 598 (xmldbc)]: family:1, type:2, protocol:0
[  136.857613] firmadyne: sys_socket[PID: 599 (xmldbc)]: family:1, type:2, protocol:0
[  136.993046] firmadyne: sys_socket[PID: 603 (xmldbc)]: family:1, type:2, protocol:0
[  137.051683] firmadyne: sys_socket[PID: 604 (xmldbc)]: family:1, type:2, protocol:0
[  137.110506] firmadyne: sys_socket[PID: 605 (xmldbc)]: family:1, type:2, protocol:0
[  137.238985] firmadyne: sys_socket[PID: 606 (xmldbc)]: family:1, type:2, protocol:0
[  137.298943] firmadyne: sys_socket[PID: 607 (xmldbc)]: family:1, type:2, protocol:0
[  137.358583] firmadyne: sys_socket[PID: 608 (xmldbc)]: family:1, type:2, protocol:0
[  137.488012] firmadyne: sys_socket[PID: 609 (xmldbc)]: family:1, type:2, protocol:0
[  137.549207] firmadyne: sys_socket[PID: 610 (xmldbc)]: family:1, type:2, protocol:0
[  137.603877] firmadyne: sys_socket[PID: 611 (xmldbc)]: family:1, type:2, protocol:0
[  137.665533] firmadyne: sys_socket[PID: 612 (xmldbc)]: family:1, type:2, protocol:0
[  137.727012] firmadyne: sys_socket[PID: 613 (xmldbc)]: family:1, type:2, protocol:0
[  137.855160] firmadyne: sys_socket[PID: 614 (xmldbc)]: family:1, type:2, protocol:0
[  137.911794] firmadyne: sys_socket[PID: 615 (xmldbc)]: family:1, type:2, protocol:0
[  137.970115] firmadyne: sys_socket[PID: 616 (xmldbc)]: family:1, type:2, protocol:0
[  138.030831] firmadyne: sys_socket[PID: 617 (xmldbc)]: family:1, type:2, protocol:0
[  138.091158] firmadyne: sys_socket[PID: 618 (xmldbc)]: family:1, type:2, protocol:0
[  138.219480] firmadyne: sys_socket[PID: 619 (xmldbc)]: family:1, type:2, protocol:0
[  138.278765] firmadyne: sys_socket[PID: 620 (xmldbc)]: family:1, type:2, protocol:0
[  138.339316] firmadyne: sys_socket[PID: 621 (xmldbc)]: family:1, type:2, protocol:0
[  138.478343] firmadyne: sys_socket[PID: 625 (xmldbc)]: family:1, type:2, protocol:0
[  138.607711] firmadyne: sys_socket[PID: 626 (xmldbc)]: family:1, type:2, protocol:0
[  138.668359] firmadyne: sys_socket[PID: 627 (xmldbc)]: family:1, type:2, protocol:0
[  138.729214] firmadyne: sys_socket[PID: 628 (xmldbc)]: family:1, type:2, protocol:0
[  138.788631] firmadyne: sys_socket[PID: 629 (xmldbc)]: family:1, type:2, protocol:0
[  138.918871] firmadyne: sys_socket[PID: 630 (xmldbc)]: family:1, type:2, protocol:0
[  138.978422] firmadyne: sys_socket[PID: 631 (xmldbc)]: family:1, type:2, protocol:0
[  139.037731] firmadyne: sys_socket[PID: 632 (xmldbc)]: family:1, type:2, protocol:0
[  139.096146] firmadyne: sys_socket[PID: 633 (xmldbc)]: family:1, type:2, protocol:0
[  139.151214] firmadyne: sys_socket[PID: 634 (xmldbc)]: family:1, type:2, protocol:0
[  139.278580] firmadyne: sys_socket[PID: 635 (xmldbc)]: family:1, type:2, protocol:0
[  139.339165] firmadyne: sys_socket[PID: 636 (xmldbc)]: family:1, type:2, protocol:0
[  139.399410] firmadyne: sys_socket[PID: 637 (xmldbc)]: family:1, type:2, protocol:0
[  139.458547] firmadyne: sys_socket[PID: 638 (xmldbc)]: family:1, type:2, protocol:0
[  139.587983] firmadyne: sys_socket[PID: 639 (xmldbc)]: family:1, type:2, protocol:0
[  139.646464] firmadyne: sys_socket[PID: 640 (xmldbc)]: family:1, type:2, protocol:0
[  139.709045] firmadyne: sys_socket[PID: 641 (xmldbc)]: family:1, type:2, protocol:0
[  139.769980] firmadyne: sys_socket[PID: 642 (xmldbc)]: family:1, type:2, protocol:0
[  139.898313] firmadyne: sys_socket[PID: 643 (xmldbc)]: family:1, type:2, protocol:0
[  140.040418] firmadyne: sys_socket[PID: 647 (xmldbc)]: family:1, type:2, protocol:0
[  140.098975] firmadyne: sys_socket[PID: 648 (xmldbc)]: family:1, type:2, protocol:0
[  140.157027] firmadyne: sys_socket[PID: 649 (xmldbc)]: family:1, type:2, protocol:0
[  140.285284] firmadyne: sys_socket[PID: 650 (xmldbc)]: family:1, type:2, protocol:0
[  140.344314] firmadyne: sys_socket[PID: 651 (xmldbc)]: family:1, type:2, protocol:0
[  140.405428] firmadyne: sys_socket[PID: 652 (xmldbc)]: family:1, type:2, protocol:0
[  140.463914] firmadyne: sys_socket[PID: 653 (xmldbc)]: family:1, type:2, protocol:0
[  140.593200] firmadyne: sys_socket[PID: 654 (xmldbc)]: family:1, type:2, protocol:0
[  140.652323] firmadyne: sys_socket[PID: 655 (xmldbc)]: family:1, type:2, protocol:0
[  140.717774] firmadyne: sys_socket[PID: 656 (xmldbc)]: family:1, type:2, protocol:0
[  140.778573] firmadyne: sys_socket[PID: 657 (xmldbc)]: family:1, type:2, protocol:0
[  140.909386] firmadyne: sys_socket[PID: 658 (xmldbc)]: family:1, type:2, protocol:0
[  140.970220] firmadyne: sys_socket[PID: 659 (xmldbc)]: family:1, type:2, protocol:0
[  141.029522] firmadyne: sys_socket[PID: 660 (xmldbc)]: family:1, type:2, protocol:0
[  141.087828] firmadyne: sys_socket[PID: 661 (xmldbc)]: family:1, type:2, protocol:0
[  141.217107] firmadyne: sys_socket[PID: 662 (xmldbc)]: family:1, type:2, protocol:0
[  141.275924] firmadyne: sys_socket[PID: 663 (xmldbc)]: family:1, type:2, protocol:0
[  141.334050] firmadyne: sys_socket[PID: 664 (xmldbc)]: family:1, type:2, protocol:0
[  141.393862] firmadyne: sys_socket[PID: 665 (xmldbc)]: family:1, type:2, protocol:0
[  141.602375] firmadyne: sys_socket[PID: 669 (xmldbc)]: family:1, type:2, protocol:0
[  141.655996] firmadyne: sys_socket[PID: 670 (xmldbc)]: family:1, type:2, protocol:0
[  141.716368] firmadyne: sys_socket[PID: 671 (xmldbc)]: family:1, type:2, protocol:0
[  141.774768] firmadyne: sys_socket[PID: 672 (xmldbc)]: family:1, type:2, protocol:0
[  141.835686] firmadyne: sys_socket[PID: 673 (xmldbc)]: family:1, type:2, protocol:0
[  141.965205] firmadyne: sys_socket[PID: 674 (xmldbc)]: family:1, type:2, protocol:0
[  142.027910] firmadyne: sys_socket[PID: 675 (xmldbc)]: family:1, type:2, protocol:0
[  142.087791] firmadyne: sys_socket[PID: 676 (xmldbc)]: family:1, type:2, protocol:0
[  142.216982] firmadyne: sys_socket[PID: 677 (xmldbc)]: family:1, type:2, protocol:0
[  142.277892] firmadyne: sys_socket[PID: 678 (xmldbc)]: family:1, type:2, protocol:0
[  142.337687] firmadyne: sys_socket[PID: 679 (xmldbc)]: family:1, type:2, protocol:0
[  142.397670] firmadyne: sys_socket[PID: 680 (xmldbc)]: family:1, type:2, protocol:0
[  142.527351] firmadyne: sys_socket[PID: 681 (xmldbc)]: family:1, type:2, protocol:0
[  142.587628] firmadyne: sys_socket[PID: 682 (xmldbc)]: family:1, type:2, protocol:0
[  142.648325] firmadyne: sys_socket[PID: 683 (xmldbc)]: family:1, type:2, protocol:0
[  142.704386] firmadyne: sys_socket[PID: 684 (xmldbc)]: family:1, type:2, protocol:0
[  142.766206] firmadyne: sys_socket[PID: 685 (xmldbc)]: family:1, type:2, protocol:0
[  142.898148] firmadyne: sys_socket[PID: 686 (xmldbc)]: family:1, type:2, protocol:0
[  142.953845] firmadyne: sys_socket[PID: 687 (xmldbc)]: family:1, type:2, protocol:0
[  143.097261] firmadyne: sys_socket[PID: 691 (xmldbc)]: family:1, type:2, protocol:0
[  143.157334] firmadyne: sys_socket[PID: 692 (xmldbc)]: family:1, type:2, protocol:0
[  143.218778] firmadyne: sys_socket[PID: 693 (xmldbc)]: family:1, type:2, protocol:0
[  143.347118] firmadyne: sys_socket[PID: 694 (xmldbc)]: family:1, type:2, protocol:0
[  143.402823] firmadyne: sys_socket[PID: 695 (xmldbc)]: family:1, type:2, protocol:0
[  143.458158] firmadyne: sys_socket[PID: 696 (xmldbc)]: family:1, type:2, protocol:0
[  143.517942] firmadyne: sys_socket[PID: 697 (xmldbc)]: family:1, type:2, protocol:0
[  143.578168] firmadyne: sys_socket[PID: 698 (xmldbc)]: family:1, type:2, protocol:0
[  143.639195] firmadyne: sys_socket[PID: 699 (xmldbc)]: family:1, type:2, protocol:0
[  143.767988] firmadyne: sys_socket[PID: 700 (xmldbc)]: family:1, type:2, protocol:0
[  143.829508] firmadyne: sys_socket[PID: 701 (xmldbc)]: family:1, type:2, protocol:0
[  143.889598] firmadyne: sys_socket[PID: 702 (xmldbc)]: family:1, type:2, protocol:0
[  143.944976] firmadyne: sys_socket[PID: 703 (xmldbc)]: family:1, type:2, protocol:0
[  144.003926] firmadyne: sys_socket[PID: 704 (xmldbc)]: family:1, type:2, protocol:0
[  144.134630] firmadyne: sys_socket[PID: 705 (xmldbc)]: family:1, type:2, protocol:0
[  144.193892] firmadyne: sys_socket[PID: 706 (xmldbc)]: family:1, type:2, protocol:0
[  144.255126] firmadyne: sys_socket[PID: 707 (xmldbc)]: family:1, type:2, protocol:0
[  144.314544] firmadyne: sys_socket[PID: 708 (xmldbc)]: family:1, type:2, protocol:0
[  144.443799] firmadyne: sys_socket[PID: 709 (xmldbc)]: family:1, type:2, protocol:0
[  144.586667] firmadyne: sys_socket[PID: 713 (xmldbc)]: family:1, type:2, protocol:0
[  144.647918] firmadyne: sys_socket[PID: 714 (xmldbc)]: family:1, type:2, protocol:0
[  144.707413] firmadyne: sys_socket[PID: 715 (xmldbc)]: family:1, type:2, protocol:0
[  144.841577] firmadyne: sys_socket[PID: 716 (xmldbc)]: family:1, type:2, protocol:0
[  144.902335] firmadyne: sys_socket[PID: 717 (xmldbc)]: family:1, type:2, protocol:0
[  144.962478] firmadyne: sys_socket[PID: 718 (xmldbc)]: family:1, type:2, protocol:0
[  145.023077] firmadyne: sys_socket[PID: 719 (xmldbc)]: family:1, type:2, protocol:0
[  145.106151] firmadyne: sys_socket[PID: 720 (xmldbc)]: family:1, type:2, protocol:0
[  145.191506] firmadyne: sys_socket[PID: 721 (xmldbc)]: family:1, type:2, protocol:0
[  145.253383] firmadyne: sys_socket[PID: 722 (xmldbc)]: family:1, type:2, protocol:0
[  145.312315] firmadyne: sys_socket[PID: 723 (xmldbc)]: family:1, type:2, protocol:0
[  145.371494] firmadyne: sys_socket[PID: 724 (xmldbc)]: family:1, type:2, protocol:0
[  145.432203] firmadyne: sys_socket[PID: 725 (xmldbc)]: family:1, type:2, protocol:0
[  145.492048] firmadyne: sys_socket[PID: 726 (xmldbc)]: family:1, type:2, protocol:0
[  145.551569] firmadyne: sys_socket[PID: 727 (xmldbc)]: family:1, type:2, protocol:0
[  145.610856] firmadyne: sys_socket[PID: 728 (xmldbc)]: family:1, type:2, protocol:0
[  145.671595] firmadyne: sys_socket[PID: 729 (xmldbc)]: family:1, type:2, protocol:0
[  145.731913] firmadyne: sys_socket[PID: 730 (xmldbc)]: family:1, type:2, protocol:0
[  145.794190] firmadyne: sys_socket[PID: 731 (xmldbc)]: family:1, type:2, protocol:0
[  145.947929] firmadyne: sys_socket[PID: 735 (xmldbc)]: family:1, type:2, protocol:0
[  146.006484] firmadyne: sys_socket[PID: 736 (xmldbc)]: family:1, type:2, protocol:0
[  146.067518] firmadyne: sys_socket[PID: 737 (xmldbc)]: family:1, type:2, protocol:0
[  146.126703] firmadyne: sys_socket[PID: 738 (xmldbc)]: family:1, type:2, protocol:0
[  146.185617] firmadyne: sys_socket[PID: 739 (xmldbc)]: family:1, type:2, protocol:0
[  146.247029] firmadyne: sys_socket[PID: 740 (xmldbc)]: family:1, type:2, protocol:0
[  146.306681] firmadyne: sys_socket[PID: 741 (xmldbc)]: family:1, type:2, protocol:0
[  146.366588] firmadyne: sys_socket[PID: 742 (xmldbc)]: family:1, type:2, protocol:0
[  146.427591] firmadyne: sys_socket[PID: 743 (xmldbc)]: family:1, type:2, protocol:0
[  146.487188] firmadyne: sys_socket[PID: 744 (xmldbc)]: family:1, type:2, protocol:0
[  146.547612] firmadyne: sys_socket[PID: 745 (xmldbc)]: family:1, type:2, protocol:0
[  146.606811] firmadyne: sys_socket[PID: 746 (xmldbc)]: family:1, type:2, protocol:0
[  146.667988] firmadyne: sys_socket[PID: 747 (xmldbc)]: family:1, type:2, protocol:0
[  146.726705] firmadyne: sys_socket[PID: 748 (xmldbc)]: family:1, type:2, protocol:0
[  146.789144] firmadyne: sys_socket[PID: 749 (xmldbc)]: family:1, type:2, protocol:0
[  146.851273] firmadyne: sys_socket[PID: 750 (xmldbc)]: family:1, type:2, protocol:0
[  146.911880] firmadyne: sys_socket[PID: 751 (xmldbc)]: family:1, type:2, protocol:0
[  146.972510] firmadyne: sys_socket[PID: 752 (xmldbc)]: family:1, type:2, protocol:0
[  147.034186] firmadyne: sys_socket[PID: 753 (xmldbc)]: family:1, type:2, protocol:0
[  147.175139] firmadyne: sys_socket[PID: 757 (xmldbc)]: family:1, type:2, protocol:0
[  147.235625] firmadyne: sys_socket[PID: 758 (xmldbc)]: family:1, type:2, protocol:0
[  147.295068] firmadyne: sys_socket[PID: 759 (xmldbc)]: family:1, type:2, protocol:0
[  147.353904] firmadyne: sys_socket[PID: 760 (xmldbc)]: family:1, type:2, protocol:0
[  147.413507] firmadyne: sys_socket[PID: 761 (xmldbc)]: family:1, type:2, protocol:0
[  147.474090] firmadyne: sys_socket[PID: 762 (xmldbc)]: family:1, type:2, protocol:0
[  147.534100] firmadyne: sys_socket[PID: 763 (xmldbc)]: family:1, type:2, protocol:0
[  147.593565] firmadyne: sys_socket[PID: 764 (xmldbc)]: family:1, type:2, protocol:0
[  147.654409] firmadyne: sys_socket[PID: 765 (xmldbc)]: family:1, type:2, protocol:0
[  147.713660] firmadyne: sys_socket[PID: 766 (xmldbc)]: family:1, type:2, protocol:0
[  147.775684] firmadyne: sys_socket[PID: 767 (xmldbc)]: family:1, type:2, protocol:0
[  147.832792] firmadyne: sys_socket[PID: 768 (xmldbc)]: family:1, type:2, protocol:0
[  147.893515] firmadyne: sys_socket[PID: 769 (xmldbc)]: family:1, type:2, protocol:0
[  147.954113] firmadyne: sys_socket[PID: 770 (xmldbc)]: family:1, type:2, protocol:0
[  148.013396] firmadyne: sys_socket[PID: 771 (xmldbc)]: family:1, type:2, protocol:0
[  148.075750] firmadyne: sys_socket[PID: 772 (xmldbc)]: family:1, type:2, protocol:0
[  148.137047] firmadyne: sys_socket[PID: 773 (xmldbc)]: family:1, type:2, protocol:0
[  148.197343] firmadyne: sys_socket[PID: 774 (xmldbc)]: family:1, type:2, protocol:0
[  148.259047] firmadyne: sys_socket[PID: 775 (xmldbc)]: family:1, type:2, protocol:0
[  148.400500] firmadyne: sys_socket[PID: 779 (xmldbc)]: family:1, type:2, protocol:0
[  148.461459] firmadyne: sys_socket[PID: 780 (xmldbc)]: family:1, type:2, protocol:0
[  148.521495] firmadyne: sys_socket[PID: 781 (xmldbc)]: family:1, type:2, protocol:0
[  148.580939] firmadyne: sys_socket[PID: 782 (xmldbc)]: family:1, type:2, protocol:0
[  148.641174] firmadyne: sys_socket[PID: 783 (xmldbc)]: family:1, type:2, protocol:0
[  148.700849] firmadyne: sys_socket[PID: 784 (xmldbc)]: family:1, type:2, protocol:0
[  148.760438] firmadyne: sys_socket[PID: 785 (xmldbc)]: family:1, type:2, protocol:0
[  148.823193] firmadyne: sys_socket[PID: 786 (xmldbc)]: family:1, type:2, protocol:0
[  148.885291] firmadyne: sys_socket[PID: 787 (xmldbc)]: family:1, type:2, protocol:0
[  148.945525] firmadyne: sys_socket[PID: 788 (xmldbc)]: family:1, type:2, protocol:0
[  149.004953] firmadyne: sys_socket[PID: 789 (xmldbc)]: family:1, type:2, protocol:0
[  149.066748] firmadyne: sys_socket[PID: 790 (xmldbc)]: family:1, type:2, protocol:0
[  149.125959] firmadyne: sys_socket[PID: 791 (xmldbc)]: family:1, type:2, protocol:0
[  149.186244] firmadyne: sys_socket[PID: 792 (xmldbc)]: family:1, type:2, protocol:0
[  149.246871] firmadyne: sys_socket[PID: 793 (xmldbc)]: family:1, type:2, protocol:0
[  149.306648] firmadyne: sys_socket[PID: 794 (xmldbc)]: family:1, type:2, protocol:0
[  149.366068] firmadyne: sys_socket[PID: 795 (xmldbc)]: family:1, type:2, protocol:0
[  149.427399] firmadyne: sys_socket[PID: 796 (xmldbc)]: family:1, type:2, protocol:0
[  149.487041] firmadyne: sys_socket[PID: 797 (xmldbc)]: family:1, type:2, protocol:0
[  149.630309] firmadyne: sys_socket[PID: 801 (xmldbc)]: family:1, type:2, protocol:0
[  149.689798] firmadyne: sys_socket[PID: 802 (xmldbc)]: family:1, type:2, protocol:0
[  149.749454] firmadyne: sys_socket[PID: 803 (xmldbc)]: family:1, type:2, protocol:0
[  149.819936] firmadyne: sys_socket[PID: 804 (xmldbc)]: family:1, type:2, protocol:0
[  149.883361] firmadyne: sys_socket[PID: 805 (xmldbc)]: family:1, type:2, protocol:0
[  149.943732] firmadyne: sys_socket[PID: 806 (xmldbc)]: family:1, type:2, protocol:0
[  150.002350] firmadyne: sys_socket[PID: 807 (xmldbc)]: family:1, type:2, protocol:0
[  150.064283] firmadyne: sys_socket[PID: 808 (xmldbc)]: family:1, type:2, protocol:0
[  150.123287] firmadyne: sys_socket[PID: 809 (xmldbc)]: family:1, type:2, protocol:0
[  150.181962] firmadyne: sys_socket[PID: 810 (xmldbc)]: family:1, type:2, protocol:0
[  150.241810] firmadyne: sys_socket[PID: 811 (xmldbc)]: family:1, type:2, protocol:0
[  150.299736] firmadyne: sys_socket[PID: 812 (xmldbc)]: family:1, type:2, protocol:0
[  150.358834] firmadyne: sys_socket[PID: 813 (xmldbc)]: family:1, type:2, protocol:0
[  150.417623] firmadyne: sys_socket[PID: 814 (xmldbc)]: family:1, type:2, protocol:0
[  150.477746] firmadyne: sys_socket[PID: 815 (xmldbc)]: family:1, type:2, protocol:0
[  150.536502] firmadyne: sys_socket[PID: 816 (xmldbc)]: family:1, type:2, protocol:0
[  150.595250] firmadyne: sys_socket[PID: 817 (xmldbc)]: family:1, type:2, protocol:0
[  150.655545] firmadyne: sys_socket[PID: 818 (xmldbc)]: family:1, type:2, protocol:0
[  150.714373] firmadyne: sys_socket[PID: 819 (xmldbc)]: family:1, type:2, protocol:0
[  150.856113] firmadyne: sys_socket[PID: 823 (xmldbc)]: family:1, type:2, protocol:0
[  150.915253] firmadyne: sys_socket[PID: 824 (xmldbc)]: family:1, type:2, protocol:0
[  150.970002] firmadyne: sys_socket[PID: 825 (xmldbc)]: family:1, type:2, protocol:0
[  151.029692] firmadyne: sys_socket[PID: 826 (xmldbc)]: family:1, type:2, protocol:0
[  151.089599] firmadyne: sys_socket[PID: 827 (xmldbc)]: family:1, type:2, protocol:0
[  151.149313] firmadyne: sys_socket[PID: 828 (xmldbc)]: family:1, type:2, protocol:0
[  151.208404] firmadyne: sys_socket[PID: 829 (xmldbc)]: family:1, type:2, protocol:0
[  151.270490] firmadyne: sys_socket[PID: 830 (xmldbc)]: family:1, type:2, protocol:0
[  151.330792] firmadyne: sys_socket[PID: 831 (xmldbc)]: family:1, type:2, protocol:0
[  151.391507] firmadyne: sys_socket[PID: 832 (xmldbc)]: family:1, type:2, protocol:0
[  151.452540] firmadyne: sys_socket[PID: 833 (xmldbc)]: family:1, type:2, protocol:0
[  151.512529] firmadyne: sys_socket[PID: 834 (xmldbc)]: family:1, type:2, protocol:0
[  151.573190] firmadyne: sys_socket[PID: 835 (xmldbc)]: family:1, type:2, protocol:0
[  151.634478] firmadyne: sys_socket[PID: 836 (xmldbc)]: family:1, type:2, protocol:0
[  151.695778] firmadyne: sys_socket[PID: 837 (xmldbc)]: family:1, type:2, protocol:0
[  151.757541] firmadyne: sys_socket[PID: 838 (xmldbc)]: family:1, type:2, protocol:0
[  151.820176] firmadyne: sys_socket[PID: 839 (xmldbc)]: family:1, type:2, protocol:0
[  151.882810] firmadyne: sys_socket[PID: 840 (xmldbc)]: family:1, type:2, protocol:0
[  151.942567] firmadyne: sys_socket[PID: 841 (xmldbc)]: family:1, type:2, protocol:0
[  152.087882] firmadyne: sys_socket[PID: 845 (xmldbc)]: family:1, type:2, protocol:0
[  152.149482] firmadyne: sys_socket[PID: 846 (xmldbc)]: family:1, type:2, protocol:0
[  152.210790] firmadyne: sys_socket[PID: 847 (xmldbc)]: family:1, type:2, protocol:0
[  152.273655] firmadyne: sys_socket[PID: 848 (xmldbc)]: family:1, type:2, protocol:0
[  152.333807] firmadyne: sys_socket[PID: 849 (xmldbc)]: family:1, type:2, protocol:0
[  152.393163] firmadyne: sys_socket[PID: 850 (xmldbc)]: family:1, type:2, protocol:0
[  152.454114] firmadyne: sys_socket[PID: 851 (xmldbc)]: family:1, type:2, protocol:0
[  152.514934] firmadyne: sys_socket[PID: 852 (xmldbc)]: family:1, type:2, protocol:0
[  152.575300] firmadyne: sys_socket[PID: 853 (xmldbc)]: family:1, type:2, protocol:0
[  152.636330] firmadyne: sys_socket[PID: 854 (xmldbc)]: family:1, type:2, protocol:0
[  152.695842] firmadyne: sys_socket[PID: 855 (xmldbc)]: family:1, type:2, protocol:0
[  152.756197] firmadyne: sys_socket[PID: 856 (xmldbc)]: family:1, type:2, protocol:0
[  152.817745] firmadyne: sys_socket[PID: 857 (xmldbc)]: family:1, type:2, protocol:0
[  152.883011] firmadyne: sys_socket[PID: 858 (xmldbc)]: family:1, type:2, protocol:0
[  152.944086] firmadyne: sys_socket[PID: 859 (xmldbc)]: family:1, type:2, protocol:0
[  153.006127] firmadyne: sys_socket[PID: 860 (xmldbc)]: family:1, type:2, protocol:0
[  153.068281] firmadyne: sys_socket[PID: 861 (xmldbc)]: family:1, type:2, protocol:0
[  153.127937] firmadyne: sys_socket[PID: 862 (xmldbc)]: family:1, type:2, protocol:0
[  153.188018] firmadyne: sys_socket[PID: 863 (xmldbc)]: family:1, type:2, protocol:0
[  153.331278] firmadyne: sys_socket[PID: 867 (xmldbc)]: family:1, type:2, protocol:0
[  153.391586] firmadyne: sys_socket[PID: 868 (xmldbc)]: family:1, type:2, protocol:0
[  153.452220] firmadyne: sys_socket[PID: 869 (xmldbc)]: family:1, type:2, protocol:0
[  153.513701] firmadyne: sys_socket[PID: 870 (xmldbc)]: family:1, type:2, protocol:0
[  153.575319] firmadyne: sys_socket[PID: 871 (xmldbc)]: family:1, type:2, protocol:0
[  153.638644] firmadyne: sys_socket[PID: 872 (xmldbc)]: family:1, type:2, protocol:0
[  153.700256] firmadyne: sys_socket[PID: 873 (xmldbc)]: family:1, type:2, protocol:0
[  153.762367] firmadyne: sys_socket[PID: 874 (xmldbc)]: family:1, type:2, protocol:0
[  153.824253] firmadyne: sys_socket[PID: 875 (xmldbc)]: family:1, type:2, protocol:0
[  153.882077] firmadyne: sys_socket[PID: 876 (xmldbc)]: family:1, type:2, protocol:0
[  153.942437] firmadyne: sys_socket[PID: 877 (xmldbc)]: family:1, type:2, protocol:0
[  154.002435] firmadyne: sys_socket[PID: 878 (xmldbc)]: family:1, type:2, protocol:0
[  154.065951] firmadyne: sys_socket[PID: 879 (xmldbc)]: family:1, type:2, protocol:0
[  154.126871] firmadyne: sys_socket[PID: 880 (xmldbc)]: family:1, type:2, protocol:0
[  154.187878] firmadyne: sys_socket[PID: 881 (xmldbc)]: family:1, type:2, protocol:0
[  154.250435] firmadyne: sys_socket[PID: 882 (xmldbc)]: family:1, type:2, protocol:0
[  154.311919] firmadyne: sys_socket[PID: 883 (xmldbc)]: family:1, type:2, protocol:0
[  154.372884] firmadyne: sys_socket[PID: 884 (xmldbc)]: family:1, type:2, protocol:0
[  154.434520] firmadyne: sys_socket[PID: 885 (xmldbc)]: family:1, type:2, protocol:0
[  154.573644] firmadyne: sys_socket[PID: 889 (xmldbc)]: family:1, type:2, protocol:0
[  154.635782] firmadyne: sys_socket[PID: 890 (xmldbc)]: family:1, type:2, protocol:0
[  154.697077] firmadyne: sys_socket[PID: 891 (xmldbc)]: family:1, type:2, protocol:0
[  154.757465] firmadyne: sys_socket[PID: 892 (xmldbc)]: family:1, type:2, protocol:0
[  154.817536] firmadyne: sys_socket[PID: 893 (xmldbc)]: family:1, type:2, protocol:0
[  154.882197] firmadyne: sys_socket[PID: 894 (xmldbc)]: family:1, type:2, protocol:0
[  154.942729] firmadyne: sys_socket[PID: 895 (xmldbc)]: family:1, type:2, protocol:0
[  155.003463] firmadyne: sys_socket[PID: 896 (xmldbc)]: family:1, type:2, protocol:0
[  155.065933] firmadyne: sys_socket[PID: 897 (xmldbc)]: family:1, type:2, protocol:0
[  155.125557] firmadyne: sys_socket[PID: 898 (xmldbc)]: family:1, type:2, protocol:0
[  155.185999] firmadyne: sys_socket[PID: 899 (xmldbc)]: family:1, type:2, protocol:0
[  155.247761] firmadyne: sys_socket[PID: 900 (xmldbc)]: family:1, type:2, protocol:0
[  155.307641] firmadyne: sys_socket[PID: 901 (xmldbc)]: family:1, type:2, protocol:0
[  155.371990] firmadyne: sys_socket[PID: 902 (xmldbc)]: family:1, type:2, protocol:0
[  155.435930] firmadyne: sys_socket[PID: 903 (xmldbc)]: family:1, type:2, protocol:0
[  155.495946] firmadyne: sys_socket[PID: 904 (xmldbc)]: family:1, type:2, protocol:0
[  155.556351] firmadyne: sys_socket[PID: 905 (xmldbc)]: family:1, type:2, protocol:0
[  155.616287] firmadyne: sys_socket[PID: 906 (xmldbc)]: family:1, type:2, protocol:0
[  155.672673] firmadyne: sys_socket[PID: 907 (xmldbc)]: family:1, type:2, protocol:0
[  155.812501] firmadyne: sys_socket[PID: 911 (xmldbc)]: family:1, type:2, protocol:0
[  155.878177] firmadyne: sys_socket[PID: 912 (xmldbc)]: family:1, type:2, protocol:0
[  155.939083] firmadyne: sys_socket[PID: 913 (xmldbc)]: family:1, type:2, protocol:0
[  155.998956] firmadyne: sys_socket[PID: 914 (xmldbc)]: family:1, type:2, protocol:0
[  156.060887] firmadyne: sys_socket[PID: 915 (xmldbc)]: family:1, type:2, protocol:0
[  156.120412] firmadyne: sys_socket[PID: 916 (xmldbc)]: family:1, type:2, protocol:0
[  156.179535] firmadyne: sys_socket[PID: 917 (xmldbc)]: family:1, type:2, protocol:0
[  156.239930] firmadyne: sys_socket[PID: 918 (xmldbc)]: family:1, type:2, protocol:0
[  156.299634] firmadyne: sys_socket[PID: 919 (xmldbc)]: family:1, type:2, protocol:0
[  156.360410] firmadyne: sys_socket[PID: 920 (xmldbc)]: family:1, type:2, protocol:0
[  156.423719] firmadyne: sys_socket[PID: 921 (xmldbc)]: family:1, type:2, protocol:0
[  156.485853] firmadyne: sys_socket[PID: 922 (xmldbc)]: family:1, type:2, protocol:0
[  156.547204] firmadyne: sys_socket[PID: 923 (xmldbc)]: family:1, type:2, protocol:0
[  156.607932] firmadyne: sys_socket[PID: 924 (xmldbc)]: family:1, type:2, protocol:0
[  156.670547] firmadyne: sys_socket[PID: 925 (xmldbc)]: family:1, type:2, protocol:0
[  156.731530] firmadyne: sys_socket[PID: 926 (xmldbc)]: family:1, type:2, protocol:0
[  156.792275] firmadyne: sys_socket[PID: 927 (xmldbc)]: family:1, type:2, protocol:0
[  156.855659] firmadyne: sys_socket[PID: 928 (xmldbc)]: family:1, type:2, protocol:0
[  156.913618] firmadyne: sys_socket[PID: 929 (xmldbc)]: family:1, type:2, protocol:0
[  157.106093] firmadyne: sys_socket[PID: 934 (xmldbc)]: family:1, type:2, protocol:0
[  157.166005] firmadyne: sys_socket[PID: 935 (xmldbc)]: family:1, type:2, protocol:0
[  157.227746] firmadyne: sys_socket[PID: 936 (xmldbc)]: family:1, type:2, protocol:0
[  157.289450] firmadyne: sys_socket[PID: 937 (xmldbc)]: family:1, type:2, protocol:0
[  157.349645] firmadyne: sys_socket[PID: 938 (xmldbc)]: family:1, type:2, protocol:0
[  157.409538] firmadyne: sys_socket[PID: 939 (xmldbc)]: family:1, type:2, protocol:0
[  157.551959] firmadyne: sys_socket[PID: 943 (xmldbc)]: family:1, type:2, protocol:0
[  157.607177] firmadyne: sys_socket[PID: 944 (xmldbc)]: family:1, type:2, protocol:0
[  157.669810] firmadyne: sys_socket[PID: 945 (xmldbc)]: family:1, type:2, protocol:0
[  157.726085] firmadyne: sys_socket[PID: 946 (xmldbc)]: family:1, type:2, protocol:0
[  157.785264] firmadyne: sys_socket[PID: 947 (xmldbc)]: family:1, type:2, protocol:0
[  157.846234] firmadyne: sys_socket[PID: 948 (xmldbc)]: family:1, type:2, protocol:0
[  158.031516] firmadyne: sys_socket[PID: 953 (xmldbc)]: family:1, type:2, protocol:0
[  158.172939] firmadyne: sys_socket[PID: 957 (xmldbc)]: family:1, type:2, protocol:0
[  158.315741] firmadyne: sys_socket[PID: 961 (xmldbc)]: family:1, type:2, protocol:0
[  158.458297] firmadyne: sys_socket[PID: 965 (xmldbc)]: family:1, type:2, protocol:0
[  158.598892] firmadyne: sys_socket[PID: 969 (xmldbc)]: family:1, type:2, protocol:0
[  158.741263] firmadyne: sys_socket[PID: 973 (xmldbc)]: family:1, type:2, protocol:0
[  158.884158] firmadyne: sys_socket[PID: 977 (xmldbc)]: family:1, type:2, protocol:0
[  159.032676] firmadyne: sys_socket[PID: 981 (xmldbc)]: family:1, type:2, protocol:0
[  159.170411] firmadyne: sys_socket[PID: 985 (xmldbc)]: family:1, type:2, protocol:0
[  159.311621] firmadyne: sys_socket[PID: 989 (xmldbc)]: family:1, type:2, protocol:0
[  159.454011] firmadyne: sys_socket[PID: 993 (xmldbc)]: family:1, type:2, protocol:0
[  159.594675] firmadyne: sys_socket[PID: 997 (xmldbc)]: family:1, type:2, protocol:0
[  159.737066] firmadyne: sys_socket[PID: 1001 (xmldbc)]: family:1, type:2, protocol:0
[  159.878010] firmadyne: sys_socket[PID: 1005 (xmldbc)]: family:1, type:2, protocol:0
[  160.022282] firmadyne: sys_socket[PID: 1009 (xmldbc)]: family:1, type:2, protocol:0
[  160.162992] firmadyne: sys_socket[PID: 1013 (xmldbc)]: family:1, type:2, protocol:0
[  160.305832] firmadyne: sys_socket[PID: 1017 (xmldbc)]: family:1, type:2, protocol:0
[  160.449732] firmadyne: sys_socket[PID: 1021 (xmldbc)]: family:1, type:2, protocol:0
[  160.592459] firmadyne: sys_socket[PID: 1025 (xmldbc)]: family:1, type:2, protocol:0
[  160.737960] firmadyne: sys_socket[PID: 1029 (xmldbc)]: family:1, type:2, protocol:0
[  160.883975] firmadyne: sys_socket[PID: 1033 (xmldbc)]: family:1, type:2, protocol:0
[  161.030841] firmadyne: sys_socket[PID: 1037 (xmldbc)]: family:1, type:2, protocol:0
[  161.174863] firmadyne: sys_socket[PID: 1041 (xmldbc)]: family:1, type:2, protocol:0
[  161.314428] firmadyne: sys_socket[PID: 1045 (xmldbc)]: family:1, type:2, protocol:0
[  161.456504] firmadyne: sys_socket[PID: 1049 (xmldbc)]: family:1, type:2, protocol:0
[  161.599404] firmadyne: sys_socket[PID: 1053 (xmldbc)]: family:1, type:2, protocol:0
[  161.736269] firmadyne: sys_socket[PID: 1057 (xmldbc)]: family:1, type:2, protocol:0
[  161.879823] firmadyne: sys_socket[PID: 1061 (xmldbc)]: family:1, type:2, protocol:0
[  162.024495] firmadyne: sys_socket[PID: 1065 (xmldbc)]: family:1, type:2, protocol:0
[  162.169185] firmadyne: sys_socket[PID: 1069 (xmldbc)]: family:1, type:2, protocol:0
[  162.313257] firmadyne: sys_socket[PID: 1073 (xmldbc)]: family:1, type:2, protocol:0
[  162.458192] firmadyne: sys_socket[PID: 1077 (xmldbc)]: family:1, type:2, protocol:0
[  162.600667] firmadyne: sys_socket[PID: 1081 (xmldbc)]: family:1, type:2, protocol:0
[  162.663555] firmadyne: sys_socket[PID: 1082 (xmldbc)]: family:1, type:2, protocol:0
[  162.724398] firmadyne: sys_socket[PID: 1083 (xmldbc)]: family:1, type:2, protocol:0
[  162.785492] firmadyne: sys_socket[PID: 1084 (xmldbc)]: family:1, type:2, protocol:0
[  162.848647] firmadyne: sys_socket[PID: 1085 (xmldbc)]: family:1, type:2, protocol:0
[  162.910292] firmadyne: sys_socket[PID: 1086 (xmldbc)]: family:1, type:2, protocol:0
[  162.973257] firmadyne: sys_socket[PID: 1087 (xmldbc)]: family:1, type:2, protocol:0
[  163.036423] firmadyne: sys_socket[PID: 1088 (xmldbc)]: family:1, type:2, protocol:0
[  163.098115] firmadyne: sys_socket[PID: 1089 (xmldbc)]: family:1, type:2, protocol:0
PHP [/etc/defnodes/S11setnodes.php] ...
[  163.220292] firmadyne: sys_socket[PID: 1092 (rgdb)]: family:1, type:2, protocol:0
PHP [/etc/defnodes/S12features.php] ...
[  164.090416] firmadyne: sys_socket[PID: 1105 (rgdb)]: family:1, type:2, protocol:0
PHP [/etc/defnodes/S13flashspeed.php] ...
[  164.219320] firmadyne: sys_socket[PID: 1108 (rgdb)]: family:1, type:2, protocol:0
PHP [/etc/defnodes/S20setnodes.php] ...
[  164.477954] firmadyne: sys_socket[PID: 1113 (rgdb)]: family:1, type:2, protocol:0
[  164.945002] UDF-fs: warning (device mtdblock4): udf_fill_super: No partition found (2)
mount: mounting /dev/mtdblock/4 on /www/locale/alt failed: Invalid argument
PHP [/etc/defnodes/S40brand.php] ...
[  165.062164] firmadyne: sys_socket[PID: 1125 (rgdb)]: family:1, type:2, protocol:0
[/etc/scripts/misc/defnodes.sh] Done !!
[/etc/scripts/misc/profile.sh] put ...
[  165.738924] firmadyne: sys_socket[PID: 1133 (rgdb)]: family:1, type:2, protocol:0
ok
[  166.753907] firmadyne: sys_socket[PID: 1139 (rgdb)]: family:1, type:2, protocol:0
[  166.831277] firmadyne: sys_socket[PID: 1141 (rgdb)]: family:1, type:2, protocol:0
[/etc/templates/timezone.sh] ...
[  167.010280] firmadyne: sys_socket[PID: 1146 (rgdb)]: family:1, type:2, protocol:0
[  167.203827] firmadyne: sys_socket[PID: 1151 (rgdb)]: family:1, type:2, protocol:0
[  171.256004] firmadyne: sys_socket[PID: 1155 (rgdb)]: family:1, type:2, protocol:0
[  171.341998] firmadyne: sys_socket[PID: 1157 (rgdb)]: family:1, type:2, protocol:0
[  171.428155] firmadyne: sys_socket[PID: 1159 (rgdb)]: family:1, type:2, protocol:0
[  171.513193] firmadyne: sys_socket[PID: 1161 (rgdb)]: family:1, type:2, protocol:0
[  171.599393] firmadyne: sys_socket[PID: 1163 (rgdb)]: family:1, type:2, protocol:0
[  171.681090] firmadyne: sys_socket[PID: 1165 (rgdb)]: family:1, type:2, protocol:0
[  171.765268] firmadyne: sys_socket[PID: 1167 (rgdb)]: family:1, type:2, protocol:0
[  171.851809] firmadyne: sys_socket[PID: 1169 (rgdb)]: family:1, type:2, protocol:0
[  171.937244] firmadyne: sys_socket[PID: 1171 (rgdb)]: family:1, type:2, protocol:0
[  172.024290] firmadyne: sys_socket[PID: 1173 (rgdb)]: family:1, type:2, protocol:0
[  172.113959] firmadyne: sys_socket[PID: 1175 (rgdb)]: family:1, type:2, protocol:0
[/etc/templates/logs.sh] ...
[  173.117075] firmadyne: sys_socket[PID: 1203 (rgdb)]: family:1, type:2, protocol:0
[  173.216640] firmadyne: sys_socket[PID: 1205 (rgdb)]: family:1, type:2, protocol:0
[/var/run/logs_run.sh] ...
[  173.828419] firmadyne: sys_socket[PID: 1210 (syslogd)]: family:1, type:1, protocol:0
[  174.002823] firmadyne: sys_socket[PID: 1215 (rgdb)]: family:1, type:2, protocol:0
[  174.207280] firmadyne: sys_socket[PID: 1219 (ifconfig)]: family:2, type:1, protocol:0
[  174.238466] 8021q: adding VLAN 0 to HW filter on device eth0
[  174.246197] e1000: eth0 NIC Link is Up 1000 Mbps Full Duplex, Flow Control: RX
[  177.349695] firmadyne: sys_socket[PID: 1221 (rgdb)]: family:1, type:2, protocol:0
[  177.690829] firmadyne: sys_socket[PID: 1233 (rgdb)]: family:1, type:2, protocol:0
[  177.882372] firmadyne: sys_socket[PID: 1239 (rgdb)]: family:1, type:2, protocol:0
[  177.907722] firmadyne: sys_socket[PID: 1240 (ifconfig)]: family:2, type:1, protocol:0
[  177.910936] firmadyne: __inet_insert_ifa[PID: 1240 (ifconfig)]: device:lo ifa:0x7f000001
[  177.968648] firmadyne: sys_socket[PID: 1241 (brctl)]: family:2, type:2, protocol:0
[  178.085142] firmadyne: sys_socket[PID: 1244 (brctl)]: family:2, type:2, protocol:0
[  178.088579] firmadyne: sys_socket[PID: 1244 (brctl)]: family:10, type:1, protocol:0
[  178.146613] firmadyne: sys_socket[PID: 1245 (brctl)]: family:2, type:2, protocol:0
[  178.150698] firmadyne: sys_socket[PID: 1245 (brctl)]: family:10, type:1, protocol:0
[/etc/init.d/S03config.sh] done!
[/etc/init.d/S10system.sh]
start Layout ...
[/etc/scripts/layout.sh] start ...
[  178.535216] firmadyne: sys_socket[PID: 1255 (rgdb)]: family:1, type:2, protocol:0
[  178.675320] firmadyne: sys_socket[PID: 1256 (rgdb)]: family:1, type:2, protocol:0
[/var/run/layout_start.sh] ...
Start bridge layout ...
[  178.837601] firmadyne: sys_socket[PID: 1260 (ifconfig)]: family:2, type:1, protocol:0
[  178.886511] firmadyne: sys_socket[PID: 1261 (brctl)]: family:2, type:2, protocol:0
[  178.890631] firmadyne: sys_socket[PID: 1261 (brctl)]: family:10, type:1, protocol:0
[  178.894317] firmadyne: sys_socket[PID: 1261 (brctl)]: family:10, type:1, protocol:0
[  178.895990] firmadyne: br_add_if[PID: 1261 (brctl)]: br:br0 dev:eth0
[  178.902656] device eth0 entered promiscuous mode
[  178.998320] firmadyne: sys_socket[PID: 1264 (xmldbc)]: family:1, type:2, protocol:0
[  179.088921] firmadyne: sys_socket[PID: 1267 (ifconfig)]: family:2, type:1, protocol:0
[  179.090745] br0: port 1(eth0) entered forwarding state
[  179.091666] br0: port 1(eth0) entered forwarding state
[  179.146275] firmadyne: sys_socket[PID: 1268 (rgdb)]: family:1, type:2, protocol:0
start LAN ...
[/etc/templates/lan.sh] ...
[  179.316659] firmadyne: sys_socket[PID: 1273 (rgdb)]: family:1, type:2, protocol:0
[  179.473685] firmadyne: sys_socket[PID: 1276 (rgdb)]: family:1, type:2, protocol:0
[  179.589511] firmadyne: sys_socket[PID: 1277 (rgdb)]: family:1, type:2, protocol:0
[/var/run/lan_start.sh] ...
Bridge mode selected, LAN is disabled !
start web server ...
[/etc/templates/webs.sh] start ...
[  179.898898] firmadyne: sys_socket[PID: 1285 (rgdb)]: family:1, type:2, protocol:0
[  179.988140] firmadyne: sys_socket[PID: 1287 (rgdb)]: family:1, type:2, protocol:0
[  180.141055] firmadyne: sys_socket[PID: 1290 (rgdb)]: family:1, type:2, protocol:0
[  180.305097] firmadyne: sys_socket[PID: 1291 (rgdb)]: family:1, type:2, protocol:0
[/var/run/webs_start.sh] ...
Starting HTTPD ...
start eth0 vlan setup ...
/etc/scripts/eth_vlan.sh: not found
[  180.730648] firmadyne: sys_socket[PID: 1301 (rgdb)]: family:1, type:2, protocol:0
[  180.733890] firmadyne: sys_socket[PID: 1302 (rgdb)]: family:1, type:2, protocol:0
#!/bin/sh
echo [$0] ... > /dev/console

# limitedadmin.php <<<

limitedadmin.sh...
[  181.149984] firmadyne: sys_socket[PID: 1304 (rgdb)]: family:1, type:2, protocol:0
[  181.244961] firmadyne: sys_socket[PID: 1306 (brctl)]: family:2, type:2, protocol:0
[  181.248140] firmadyne: sys_socket[PID: 1306 (brctl)]: family:10, type:1, protocol:0
[  181.355784] firmadyne: sys_socket[PID: 1308 (brctl)]: family:2, type:2, protocol:0
[  181.363137] firmadyne: sys_socket[PID: 1308 (brctl)]: family:10, type:1, protocol:0
[  181.471094] firmadyne: sys_socket[PID: 1309 (brctl)]: family:2, type:2, protocol:0
[  181.478549] firmadyne: sys_socket[PID: 1309 (brctl)]: family:10, type:1, protocol:0
[  181.586917] firmadyne: sys_socket[PID: 1310 (brctl)]: family:2, type:2, protocol:0
[  181.594472] firmadyne: sys_socket[PID: 1310 (brctl)]: family:10, type:1, protocol:0
[  181.703090] firmadyne: sys_socket[PID: 1311 (brctl)]: family:2, type:2, protocol:0
[  181.710590] firmadyne: sys_socket[PID: 1311 (brctl)]: family:10, type:1, protocol:0
[  181.816577] firmadyne: sys_socket[PID: 1312 (brctl)]: family:2, type:2, protocol:0
[  181.831090] firmadyne: sys_socket[PID: 1312 (brctl)]: family:10, type:1, protocol:0
start fresetd ...
enable LAN ports ...
[  182.087666] firmadyne: sys_socket[PID: 1314 (servd)]: family:1, type:2, protocol:0
Factory reset time : 5 secs
System reset time  : 1 secs
WPS command : [/etc/templates/wps.sh pbc &]
[/etc/scripts/enlan.sh] ...
/dev/gpio: No such device or address
[  182.285007] firmadyne: sys_socket[PID: 1317 (fresetd)]: family:1, type:1, protocol:0
 Generate channel table according to the country code...
[  182.382223] firmadyne: sys_socket[PID: 1307 (httpd)]: family:10, type:2, protocol:6
[  182.383531] firmadyne: sys_setsockopt[PID: 1307 (httpd)]: fd:4, level:65535, optname:4
[  182.486849] firmadyne: sys_socket[PID: 1327 (genchanneltable)]: family:1, type:2, protocol:0
[  182.506604] firmadyne: sys_socket[PID: 1327 (genchanneltable)]: family:1, type:2, protocol:0
[  182.515235] firmadyne: sys_socket[PID: 1327 (genchanneltable)]: family:1, type:2, protocol:0
[  182.557513] firmadyne: sys_socket[PID: 1328 (getsys)]: family:1, type:2, protocol:0
[  182.578007] firmadyne: sys_socket[PID: 1331 (httpd)]: family:1, type:1, protocol:0
UNKNOW country code!! Use USA for default!!
[  182.677712] firmadyne: sys_socket[PID: 1327 (genchanneltable)]: family:1, type:2, protocol:0
[  182.684907] firmadyne: sys_socket[PID: 1328 (getsys)]: family:1, type:2, protocol:0
[  182.690086] firmadyne: sys_socket[PID: 1327 (genchanneltable)]: family:1, type:2, protocol:0
[  182.696369] firmadyne: sys_socket[PID: 1328 (getsys)]: family:1, type:2, protocol:0
[  182.700509] firmadyne: sys_socket[PID: 1327 (genchanneltable)]: family:1, type:2, protocol:0
[  182.707214] firmadyne: sys_socket[PID: 1328 (getsys)]: family:1, type:2, protocol:0
[  182.711926] firmadyne: sys_socket[PID: 1327 (genchanneltable)]: family:1, type:2, protocol:0
[  182.718475] firmadyne: sys_socket[PID: 1328 (getsys)]: family:1, type:2, protocol:0
[  182.723271] firmadyne: sys_socket[PID: 1327 (genchanneltable)]: family:1, type:2, protocol:0
[  182.729857] firmadyne: sys_socket[PID: 1328 (getsys)]: family:1, type:2, protocol:0
[  182.734786] firmadyne: sys_socket[PID: 1327 (genchanneltable)]: family:1, type:2, protocol:0
[  182.741617] firmadyne: sys_socket[PID: 1328 (getsys)]: family:1, type:2, protocol:0
[  182.746361] firmadyne: sys_socket[PID: 1327 (genchanneltable)]: family:1, type:2, protocol:0
[  182.753053] firmadyne: sys_socket[PID: 1328 (getsys)]: family:1, type:2, protocol:0
[  182.757277] firmadyne: sys_socket[PID: 1327 (genchanneltable)]: family:1, type:2, protocol:0
[  182.764672] firmadyne: sys_socket[PID: 1328 (getsys)]: family:1, type:2, protocol:0
[  182.769550] firmadyne: sys_socket[PID: 1327 (genchanneltable)]: family:1, type:2, protocol:0
[  182.776373] firmadyne: sys_socket[PID: 1328 (getsys)]: family:1, type:2, protocol:0
[  182.781056] firmadyne: sys_socket[PID: 1327 (genchanneltable)]: family:1, type:2, protocol:0
[  182.787665] firmadyne: sys_socket[PID: 1328 (getsys)]: family:1, type:2, protocol:0
[  182.793226] firmadyne: sys_socket[PID: 1327 (genchanneltable)]: family:1, type:2, protocol:0
[  182.799941] firmadyne: sys_socket[PID: 1328 (getsys)]: family:1, type:2, protocol:0
[  182.804319] firmadyne: sys_socket[PID: 1327 (genchanneltable)]: family:1, type:2, protocol:0
[  182.811288] firmadyne: sys_socket[PID: 1328 (getsys)]: family:1, type:2, protocol:0
[  182.816274] firmadyne: sys_socket[PID: 1327 (genchanneltable)]: family:1, type:2, protocol:0
[  182.824092] firmadyne: sys_socket[PID: 1328 (getsys)]: family:1, type:2, protocol:0
[  182.828457] firmadyne: sys_socket[PID: 1327 (genchanneltable)]: family:1, type:2, protocol:0
[  182.835679] firmadyne: sys_socket[PID: 1328 (getsys)]: family:1, type:2, protocol:0
[  182.840944] firmadyne: sys_socket[PID: 1327 (genchanneltable)]: family:1, type:2, protocol:0
[  182.847904] firmadyne: sys_socket[PID: 1328 (getsys)]: family:1, type:2, protocol:0
[  182.852254] firmadyne: sys_socket[PID: 1327 (genchanneltable)]: family:1, type:2, protocol:0
[  182.859340] firmadyne: sys_socket[PID: 1328 (getsys)]: family:1, type:2, protocol:0
[  182.864315] firmadyne: sys_socket[PID: 1327 (genchanneltable)]: family:1, type:2, protocol:0
[  182.874597] firmadyne: sys_socket[PID: 1328 (getsys)]: family:1, type:2, protocol:0
[  182.879574] firmadyne: sys_socket[PID: 1327 (genchanneltable)]: family:1, type:2, protocol:0
[  182.891110] firmadyne: sys_socket[PID: 1327 (genchanneltable)]: family:1, type:2, protocol:0
[  182.897422] firmadyne: sys_socket[PID: 1327 (genchanneltable)]: family:1, type:2, protocol:0
[  182.909381] firmadyne: sys_socket[PID: 1327 (genchanneltable)]: family:1, type:2, protocol:0
[  182.918848] firmadyne: sys_socket[PID: 1327 (genchanneltable)]: family:1, type:2, protocol:0
[  182.924944] firmadyne: sys_socket[PID: 1327 (genchanneltable)]: family:1, type:2, protocol:0
[  182.937757] firmadyne: sys_socket[PID: 1327 (genchanneltable)]: family:1, type:2, protocol:0
[  182.944222] firmadyne: sys_socket[PID: 1327 (genchanneltable)]: family:1, type:2, protocol:0
[  182.953329] firmadyne: sys_socket[PID: 1327 (genchanneltable)]: family:1, type:2, protocol:0
[  182.960004] firmadyne: sys_socket[PID: 1327 (genchanneltable)]: family:1, type:2, protocol:0
[  182.969926] firmadyne: sys_socket[PID: 1327 (genchanneltable)]: family:1, type:2, protocol:0
[  182.981588] firmadyne: sys_socket[PID: 1327 (genchanneltable)]: family:1, type:2, protocol:0
/dev/gpio: No such device or address
 Generate VLAN table according to the port...
[  183.064147] firmadyne: sys_socket[PID: 1339 (genVLANTableByP)]: family:1, type:2, protocol:0
[  183.071574] firmadyne: sys_socket[PID: 1339 (genVLANTableByP)]: family:1, type:2, protocol:0
[  183.078137] firmadyne: sys_socket[PID: 1339 (genVLANTableByP)]: family:1, type:2, protocol:0
[  183.083527] firmadyne: sys_socket[PID: 1339 (genVLANTableByP)]: family:1, type:2, protocol:0
[  183.089998] firmadyne: sys_socket[PID: 1339 (genVLANTableByP)]: family:1, type:2, protocol:0
[  183.095348] firmadyne: sys_socket[PID: 1339 (genVLANTableByP)]: family:1, type:2, protocol:0
[  183.101479] firmadyne: sys_socket[PID: 1339 (genVLANTableByP)]: family:1, type:2, protocol:0
[  183.107593] firmadyne: sys_socket[PID: 1339 (genVLANTableByP)]: family:1, type:2, protocol:0
[  183.114225] firmadyne: sys_socket[PID: 1339 (genVLANTableByP)]: family:1, type:2, protocol:0
[  183.119714] firmadyne: sys_socket[PID: 1339 (genVLANTableByP)]: family:1, type:2, protocol:0
[  183.126262] firmadyne: sys_socket[PID: 1339 (genVLANTableByP)]: family:1, type:2, protocol:0
[  183.132007] firmadyne: sys_socket[PID: 1339 (genVLANTableByP)]: family:1, type:2, protocol:0
[  183.138727] firmadyne: sys_socket[PID: 1339 (genVLANTableByP)]: family:1, type:2, protocol:0
[  183.144525] firmadyne: sys_socket[PID: 1339 (genVLANTableByP)]: family:1, type:2, protocol:0
[  183.150934] firmadyne: sys_socket[PID: 1339 (genVLANTableByP)]: family:1, type:2, protocol:0
[  183.156888] firmadyne: sys_socket[PID: 1339 (genVLANTableByP)]: family:1, type:2, protocol:0
[  183.163487] firmadyne: sys_socket[PID: 1339 (genVLANTableByP)]: family:1, type:2, protocol:0
[  183.170691] firmadyne: sys_socket[PID: 1339 (genVLANTableByP)]: family:1, type:2, protocol:0
[  183.176193] firmadyne: sys_socket[PID: 1339 (genVLANTableByP)]: family:1, type:2, protocol:0
[  183.182594] firmadyne: sys_socket[PID: 1339 (genVLANTableByP)]: family:1, type:2, protocol:0
[  183.188118] firmadyne: sys_socket[PID: 1339 (genVLANTableByP)]: family:1, type:2, protocol:0
