[    0.000000] Linux version 4.1.17+ (alessio@pc) (gcc version 5.5.0 20171010 (Ubuntu 5.5.0-12ubuntu1) ) #1 Mon May 15 23:04:08 CEST 2023
[    0.000000] earlycon: Early serial console at I/O port 0x3f8 (options '38400n8')
[    0.000000] bootconsole [uart0] enabled
[    0.000000] CPU0 revision is: 00019300 (MIPS 24Kc)
[    0.000000] FPU revision is: 00739300
[    0.000000] Software DMA cache coherency enabled
[    0.000000] Determined physical RAM map:
[    0.000000]  memory: 00001000 @ 00000000 (reserved)
[    0.000000]  memory: 000ef000 @ 00001000 (ROM data)
[    0.000000]  memory: 00798000 @ 000f0000 (reserved)
[    0.000000]  memory: 0f777000 @ 00888000 (usable)
[    0.000000] debug: ignoring loglevel setting.
[    0.000000] Wasting 69888 bytes for tracking 2184 unused pages
[    0.000000] Initrd not found or empty - disabling initrd
[    0.000000] Zone ranges:
[    0.000000]   DMA      [mem 0x0000000000000000-0x0000000000ffffff]
[    0.000000]   Normal   [mem 0x0000000001000000-0x000000000fffefff]
[    0.000000] Movable zone start for each node
[    0.000000] Early memory node ranges
[    0.000000]   node   0: [mem 0x0000000000000000-0x000000000fffefff]
[    0.000000] Initmem setup node 0 [mem 0x0000000000000000-0x000000000fffefff]
[    0.000000] On node 0 totalpages: 65535
[    0.000000] free_area_init_node: node 0, pgdat 8081d5b0, node_mem_map 81000000
[    0.000000]   DMA zone: 32 pages used for memmap
[    0.000000]   DMA zone: 0 pages reserved
[    0.000000]   DMA zone: 4096 pages, LIFO batch:0
[    0.000000]   Normal zone: 480 pages used for memmap
[    0.000000]   Normal zone: 61439 pages, LIFO batch:15
[    0.000000] Primary instruction cache 2kB, VIPT, 2-way, linesize 16 bytes.
[    0.000000] Primary data cache 2kB, 2-way, VIPT, no aliases, linesize 16 bytes
[    0.000000] pcpu-alloc: s0 r0 d32768 u32768 alloc=1*32768
[    0.000000] pcpu-alloc: [0] 0 
[    0.000000] Built 1 zonelists in Zone order, mobility grouping on.  Total pages: 65023
[    0.000000] Kernel command line: root=/dev/sda1 console=ttyS0 nandsim.parts=64,64,64,64,64,64,64,64,64,64 rdinit=/firmadyne/preInit.sh rw debug ignore_loglevel print-fatal-signals=1 FIRMAE_NET=true FIRMAE_NVRAM=true FIRMAE_KERNEL=true FIRMAE_ETC=true user_debug=0 firmadyne.syscall=1 noka
[    0.000000] found FIRMAE_KERNEL=t
[    0.000000] set the LD_PRELOAD=/firmadyne/libnvram_ioctl.so
[    0.000000] PID hash table entries: 1024 (order: 0, 4096 bytes)
[    0.000000] Dentry cache hash table entries: 32768 (order: 5, 131072 bytes)
[    0.000000] Inode-cache hash table entries: 16384 (order: 4, 65536 bytes)
[    0.000000] Writing ErrCtl register=00000000
[    0.000000] Readback ErrCtl register=00000000
[    0.000000] Memory: 251112K/262140K available (5360K kernel code, 244K rwdata, 1676K rodata, 260K init, 158K bss, 11028K reserved, 0K cma-reserved)
[    0.000000] NR_IRQS:256
[    0.000000] CPU frequency 200.00 MHz
[    0.000000] clocksource MIPS: mask: 0xffffffff max_cycles: 0xffffffff, max_idle_ns: 19112680539 ns
[    0.000203] sched_clock: 32 bits at 99MHz, resolution 10ns, wraps every 21474921466ns
[    0.204283] spurious 8259A interrupt: IRQ7.
[    0.206514] Console: colour dummy device 80x25
[    0.207818] Calibrating delay loop... 25.66 BogoMIPS (lpj=51328)
[    0.253664] pid_max: default: 32768 minimum: 301
[    0.258032] Mount-cache hash table entries: 1024 (order: 0, 4096 bytes)
[    0.258514] Mountpoint-cache hash table entries: 1024 (order: 0, 4096 bytes)
[    0.514596] clocksource jiffies: mask: 0xffffffff max_cycles: 0xffffffff, max_idle_ns: 7645041785100000 ns
[    0.525680] NET: Registered protocol family 16
[    0.807307] clocksource pit: mask: 0xffffffff max_cycles: 0xffffffff, max_idle_ns: 1601818034827 ns
[    1.155604] vgaarb: loaded
[    1.161431] SCSI subsystem initialized
[    1.164004] libata version 3.00 loaded.
[    1.168504] usbcore: registered new interface driver usbfs
[    1.169908] usbcore: registered new interface driver hub
[    1.170972] usbcore: registered new device driver usb
[    1.173807] pps_core: LinuxPPS API ver. 1 registered
[    1.174174] pps_core: Software ver. 5.3.6 - Copyright 2005-2007 Rodolfo Giometti <giometti@linux.it>
[    1.175063] PTP clock support registered
[    1.180062] PCI host bridge to bus 0000:00
[    1.180788] pci_bus 0000:00: root bus resource [mem 0x10000000-0x17ffffff]
[    1.181371] pci_bus 0000:00: root bus resource [io  0x1000-0x1fffff]
[    1.181938] pci_bus 0000:00: root bus resource [??? 0x00000000 flags 0x0]
[    1.182482] pci_bus 0000:00: No busn resource found for root bus, will use [bus 00-ff]
[    1.183786] pci 0000:00:00.0: [11ab:4620] type 00 class 0x060000
[    1.184833] pci 0000:00:00.0: [Firmware Bug]: reg 0x14: invalid BAR (can't size)
[    1.185386] pci 0000:00:00.0: [Firmware Bug]: reg 0x18: invalid BAR (can't size)
[    1.185931] pci 0000:00:00.0: [Firmware Bug]: reg 0x1c: invalid BAR (can't size)
[    1.186476] pci 0000:00:00.0: [Firmware Bug]: reg 0x20: invalid BAR (can't size)
[    1.187036] pci 0000:00:00.0: [Firmware Bug]: reg 0x24: invalid BAR (can't size)
[    1.191387] pci 0000:00:0a.0: [8086:7110] type 00 class 0x060100
[    1.195198] pci 0000:00:0a.1: [8086:7111] type 00 class 0x010180
[    1.196011] pci 0000:00:0a.1: reg 0x20: [io  0x0000-0x000f]
[    1.196802] pci 0000:00:0a.1: legacy IDE quirk: reg 0x10: [io  0x01f0-0x01f7]
[    1.197404] pci 0000:00:0a.1: legacy IDE quirk: reg 0x14: [io  0x03f6]
[    1.198004] pci 0000:00:0a.1: legacy IDE quirk: reg 0x18: [io  0x0170-0x0177]
[    1.198589] pci 0000:00:0a.1: legacy IDE quirk: reg 0x1c: [io  0x0376]
[    1.202123] pci 0000:00:0a.2: [8086:7112] type 00 class 0x0c0300
[    1.202856] pci 0000:00:0a.2: reg 0x20: [io  0x0000-0x001f]
[    1.206284] pci 0000:00:0a.3: [8086:7113] type 00 class 0x068000
[    1.207566] pci 0000:00:0a.3: quirk: [io  0x1000-0x103f] claimed by PIIX4 ACPI
[    1.208178] pci 0000:00:0a.3: quirk: [io  0x1100-0x110f] claimed by PIIX4 SMB
[    1.211747] pci 0000:00:12.0: [1013:00b8] type 00 class 0x030000
[    1.212352] pci 0000:00:12.0: reg 0x10: [mem 0x00000000-0x01ffffff pref]
[    1.212932] pci 0000:00:12.0: reg 0x14: [mem 0x00000000-0x00000fff]
[    1.213703] pci 0000:00:12.0: reg 0x30: [mem 0x00000000-0x0000ffff pref]
[    1.216388] vgaarb: device added: PCI:0000:00:12.0,decodes=io+mem,owns=none,locks=none
[    1.217809] pci 0000:00:13.0: [8086:100e] type 00 class 0x020000
[    1.218407] pci 0000:00:13.0: reg 0x10: [mem 0x00000000-0x0001ffff]
[    1.218944] pci 0000:00:13.0: reg 0x14: [io  0x0000-0x003f]
[    1.219547] pci 0000:00:13.0: reg 0x30: [mem 0x00000000-0x0003ffff pref]
[    1.222781] pci 0000:00:14.0: [8086:100e] type 00 class 0x020000
[    1.223412] pci 0000:00:14.0: reg 0x10: [mem 0x00000000-0x0001ffff]
[    1.223974] pci 0000:00:14.0: reg 0x14: [io  0x0000-0x003f]
[    1.224606] pci 0000:00:14.0: reg 0x30: [mem 0x00000000-0x0003ffff pref]
[    1.228012] pci 0000:00:15.0: [8086:100e] type 00 class 0x020000
[    1.228624] pci 0000:00:15.0: reg 0x10: [mem 0x00000000-0x0001ffff]
[    1.229189] pci 0000:00:15.0: reg 0x14: [io  0x0000-0x003f]
[    1.229998] pci 0000:00:15.0: reg 0x30: [mem 0x00000000-0x0003ffff pref]
[    1.233111] pci 0000:00:16.0: [8086:100e] type 00 class 0x020000
[    1.233711] pci 0000:00:16.0: reg 0x10: [mem 0x00000000-0x0001ffff]
[    1.234393] pci 0000:00:16.0: reg 0x14: [io  0x0000-0x003f]
[    1.234998] pci 0000:00:16.0: reg 0x30: [mem 0x00000000-0x0003ffff pref]
[    1.238451] pci_bus 0000:00: busn_res: [bus 00-ff] end is updated to 00
[    1.239981] pci 0000:00:12.0: BAR 0: assigned [mem 0x10000000-0x11ffffff pref]
[    1.240718] pci 0000:00:13.0: BAR 6: assigned [mem 0x12000000-0x1203ffff pref]
[    1.241379] pci 0000:00:14.0: BAR 6: assigned [mem 0x12040000-0x1207ffff pref]
[    1.242025] pci 0000:00:15.0: BAR 6: assigned [mem 0x12080000-0x120bffff pref]
[    1.242784] pci 0000:00:16.0: BAR 6: assigned [mem 0x120c0000-0x120fffff pref]
[    1.243393] pci 0000:00:13.0: BAR 0: assigned [mem 0x12100000-0x1211ffff]
[    1.243993] pci 0000:00:14.0: BAR 0: assigned [mem 0x12120000-0x1213ffff]
[    1.244596] pci 0000:00:15.0: BAR 0: assigned [mem 0x12140000-0x1215ffff]
[    1.245199] pci 0000:00:16.0: BAR 0: assigned [mem 0x12160000-0x1217ffff]
[    1.245819] pci 0000:00:12.0: BAR 6: assigned [mem 0x12180000-0x1218ffff pref]
[    1.246586] pci 0000:00:12.0: BAR 1: assigned [mem 0x12190000-0x12190fff]
[    1.247205] pci 0000:00:13.0: BAR 1: assigned [io  0x1040-0x107f]
[    1.247756] pci 0000:00:14.0: BAR 1: assigned [io  0x1080-0x10bf]
[    1.248312] pci 0000:00:15.0: BAR 1: assigned [io  0x10c0-0x10ff]
[    1.248873] pci 0000:00:16.0: BAR 1: assigned [io  0x1400-0x143f]
[    1.249431] pci 0000:00:0a.2: BAR 4: assigned [io  0x1440-0x145f]
[    1.249994] pci 0000:00:0a.1: BAR 4: assigned [io  0x1460-0x146f]
[    1.268574] cfg80211: Calling CRDA to update world regulatory domain
[    1.282844] Switched to clocksource MIPS
[    1.403736] NET: Registered protocol family 2
[    1.416605] TCP established hash table entries: 2048 (order: 1, 8192 bytes)
[    1.417752] TCP bind hash table entries: 2048 (order: 1, 8192 bytes)
[    1.419028] TCP: Hash tables configured (established 2048 bind 2048)
[    1.420123] UDP hash table entries: 256 (order: 0, 4096 bytes)
[    1.420818] UDP-Lite hash table entries: 256 (order: 0, 4096 bytes)
[    1.425060] NET: Registered protocol family 1
[    1.426935] PCI: Enabling device 0000:00:0a.2 (0000 -> 0001)
[    1.428474] PCI: CLS 0 bytes, default 16
[    1.652236] futex hash table entries: 256 (order: -1, 3072 bytes)
[    1.670051] squashfs: version 4.0 (2009/01/31) Phillip Lougher
[    1.672834] jffs2: version 2.2. (NAND) Â© 2001-2006 Red Hat, Inc.
[    1.676511] romfs: ROMFS MTD (C) 2007 Red Hat, Inc.
[    1.892690] Block layer SCSI generic (bsg) driver version 0.4 loaded (major 251)
[    1.893354] io scheduler noop registered
[    1.894081] io scheduler cfq registered (default)
[    1.895318] firmadyne: devfs: 1, execute: 1, procfs: 1, syscall: 1
[    1.901285] firmadyne: Cannot register character device: gpio, 0xfc, 0x0!
[    1.910523] firmadyne: Cannot register character device: watchdog, 0xa, 0x82!
[    1.911270] firmadyne: Cannot register character device: wdt, 0xfd, 0x0!
[    3.726112] strName = 4.1.17+
[    3.726112] init_task_addr  = 2155778944
[    3.726112] init_task_size  = 1296
[    3.726112] ts_tasks        = 292
[    3.726112] ts_pid          = 408
[    3.726112] ts_tgid         = 412
[    3.726112] ts_group_leader = 440
[    3.726112] ts_thread_group = 496
[    3.726112] ts_real_parent  = 416
[    3.726112] ts_mm           = 300
[    3.726112] ts_stack        = 4
[    3.729065] module_name   = 12
[    3.729065] module_size   = 208
[    3.729065] module_init   = 200
[    3.729065] module_list   = 4
[    3.730050] ts_real_cred    = 624
[    3.730050] ts_cred         = 628
[    3.730050] ts_comm         = 632
[    3.730050] cred_uid        = 4
[    3.730050] cred_gid        = 8
[    3.730050] cred_euid       = 20
[    3.730050] cred_egid       = 24
[    3.731899] mm_mmap         = 0
[    3.731899] mm_pgd          = 32
[    3.731899] mm_arg_start    = 136
[    3.731899] mm_start_brk    = 124
[    3.731899] mm_brk          = 128
[    3.731899] mm_start_stack  = 132
[    3.733302] vma_vm_start    = 0
[    3.733302] vma_vm_end      = 4
[    3.733302] vma_vm_next     = 8
[    3.733302] vma_vm_file     = 80
[    3.733302] vma_vm_flags    = 40
[    3.733302] vma_vm_pgoff    = 76
[    3.734707] file_dentry     = 12
[    3.734707] file_inode      = 40
[    3.734707] dentry_d_name   = 24
[    3.734707] dentry_d_iname  = 44
[    3.734707] dentry_d_parent = 16
[    3.734707] ti_task         = 0
[    3.734707] inode_ino   = 28
[    4.865783] proc_fork_connector  = 2151078840
[    4.866159] proc_exit_connector  = 2151080432
[    4.866505] proc_exec_connector  = 2151079052
[    4.867016] vma_link  = 2149124372
[    4.867314] vma_adjust  = 2149124540
[    4.867614] remove_vma  = 2149122188
[    4.867918] modules  = 2155833724
[    4.868212] trim_init_extable  = 2150545316
[    4.869386] cfg80211: Calling CRDA to update world regulatory domain
[    4.872919] PCI: Enabling device 0000:00:12.0 (0000 -> 0002)
[    4.874165] cirrusfb 0000:00:12.0: Cirrus Logic chipset on PCI bus, RAM (4096 kB) at 0x10000000
[    5.315890] Console: switching to colour frame buffer device 80x30
[    5.389810] Serial: 8250/16550 driver, 4 ports, IRQ sharing enabled
[    5.405196] console [ttyS0] disabled
[    5.433266] serial8250.0: ttyS0 at I/O 0x3f8 (irq = 4, base_baud = 115200) is a 16550A
[    5.434431] console [ttyS0] enabled
[    5.434431] console [ttyS0] enabled
[    5.435206] bootconsole [uart0] disabled
[    5.435206] bootconsole [uart0] disabled
[    5.466791] serial8250.0: ttyS1 at I/O 0x2f8 (irq = 3, base_baud = 115200) is a 16550A
[    5.787934] brd: module loaded
[   15.748357] loop: module loaded
[   15.755850] ata_piix 0000:00:0a.1: version 2.13
[   15.756484] PCI: Enabling device 0000:00:0a.1 (0000 -> 0001)
[   15.783690] cfg80211: Calling CRDA to update world regulatory domain
[   15.786958] scsi host0: ata_piix
[   15.793076] scsi host1: ata_piix
[   15.797344] ata1: PATA max UDMA/33 cmd 0x1f0 ctl 0x3f6 bmdma 0x1460 irq 14
[   15.797934] ata2: PATA max UDMA/33 cmd 0x170 ctl 0x376 bmdma 0x1468 irq 15
[   15.805393] [nandsim] warning: read_byte: unexpected data output cycle, state is STATE_READY return 0x0
[   15.806068] [nandsim] warning: read_byte: unexpected data output cycle, state is STATE_READY return 0x0
[   15.806734] [nandsim] warning: read_byte: unexpected data output cycle, state is STATE_READY return 0x0
[   15.807538] [nandsim] warning: read_byte: unexpected data output cycle, state is STATE_READY return 0x0
[   15.808182] [nandsim] warning: read_byte: unexpected data output cycle, state is STATE_READY return 0x0
[   15.808854] [nandsim] warning: read_byte: unexpected data output cycle, state is STATE_READY return 0x0
[   15.809719] nand: device found, Manufacturer ID: 0x98, Chip ID: 0x39
[   15.810230] nand: Toshiba NAND 128MiB 1,8V 8-bit
[   15.810677] nand: 128 MiB, SLC, erase size: 16 KiB, page size: 512, OOB size: 16
[   15.812664] flash size: 128 MiB
[   15.812962] page size: 512 bytes
[   15.813253] OOB area size: 16 bytes
[   15.813555] sector size: 16 KiB
[   15.813837] pages number: 262144
[   15.814129] pages per sector: 32
[   15.814412] bus width: 8
[   15.814665] bits in sector size: 14
[   15.815165] bits in page size: 9
[   15.815463] bits in OOB size: 4
[   15.815757] flash size with OOB: 135168 KiB
[   15.816096] page address bytes: 4
[   15.816389] sector address bytes: 3
[   15.816688] options: 0x42
[   15.909655] Scanning device for bad blocks
[   17.260385] ata2.01: NODEV after polling detection
[   17.262270] ata2.00: ATAPI: QEMU DVD-ROM, 2.5+, max UDMA/100
[   17.264707] ata1.01: NODEV after polling detection
[   17.267331] ata1.00: ATA-7: QEMU HARDDISK, 2.5+, max UDMA/100
[   17.267850] ata1.00: 2097152 sectors, multi 16: LBA48 
[   17.272952] ata2.00: configured for UDMA/33
[   17.276477] ata1.00: configured for UDMA/33
[   28.340539] cfg80211: Calling CRDA to update world regulatory domain
[   28.341621] Creating 11 MTD partitions on "NAND 128MiB 1,8V 8-bit":
[   28.342318] 0x000000000000-0x000000100000 : "NAND simulator partition 0"
[   28.356228] 0x000000100000-0x000000200000 : "NAND simulator partition 1"
[   28.368281] 0x000000200000-0x000000300000 : "NAND simulator partition 2"
[   28.379852] 0x000000300000-0x000000400000 : "NAND simulator partition 3"
[   28.391673] 0x000000400000-0x000000500000 : "NAND simulator partition 4"
[   28.403462] 0x000000500000-0x000000600000 : "NAND simulator partition 5"
[   28.415301] 0x000000600000-0x000000700000 : "NAND simulator partition 6"
[   28.427490] 0x000000700000-0x000000800000 : "NAND simulator partition 7"
[   28.439680] 0x000000800000-0x000000900000 : "NAND simulator partition 8"
[   28.452264] 0x000000900000-0x000000a00000 : "NAND simulator partition 9"
[   28.464663] 0x000000a00000-0x000008000000 : "NAND simulator partition 10"
[   28.515453] tun: Universal TUN/TAP device driver, 1.6
[   28.515867] tun: (C) 1999-2004 Max Krasnyansky <maxk@qualcomm.com>
[   28.519926] pcnet32: pcnet32.c:v1.35 21.Apr.2008 tsbogend@alpha.franken.de
[   28.521347] e1000: Intel(R) PRO/1000 Network Driver - version 7.3.21-k8-NAPI
[   28.521809] e1000: Copyright (c) 1999-2006 Intel Corporation.
[   28.523003] PCI: Enabling device 0000:00:13.0 (0000 -> 0003)
[   28.527655] scsi 0:0:0:0: Direct-Access     ATA      QEMU HARDDISK    2.5+ PQ: 0 ANSI: 5
[   28.545783] sd 0:0:0:0: [sda] 2097152 512-byte logical blocks: (1.07 GB/1.00 GiB)
[   28.547747] scsi 1:0:0:0: CD-ROM            QEMU     QEMU DVD-ROM     2.5+ PQ: 0 ANSI: 5
[   28.795148] sd 0:0:0:0: [sda] Write Protect is off
[   28.795700] sd 0:0:0:0: [sda] Mode Sense: 00 3a 00 00
[   28.797342] sd 0:0:0:0: [sda] Write cache: enabled, read cache: enabled, doesn't support DPO or FUA
[   28.811221]  sda: sda1
[   28.824804] sd 0:0:0:0: [sda] Attached SCSI disk
[   28.873797] e1000 0000:00:13.0 eth0: (PCI:33MHz:32-bit) 52:54:00:12:34:56
[   28.874614] e1000 0000:00:13.0 eth0: Intel(R) PRO/1000 Network Connection
[   28.875711] PCI: Enabling device 0000:00:14.0 (0000 -> 0003)
[   29.224371] e1000 0000:00:14.0 eth1: (PCI:33MHz:32-bit) 52:54:00:12:34:57
[   29.224992] e1000 0000:00:14.0 eth1: Intel(R) PRO/1000 Network Connection
[   29.225774] PCI: Enabling device 0000:00:15.0 (0000 -> 0003)
[   29.580178] e1000 0000:00:15.0 eth2: (PCI:33MHz:32-bit) 52:54:00:12:34:58
[   29.580802] e1000 0000:00:15.0 eth2: Intel(R) PRO/1000 Network Connection
[   29.581613] PCI: Enabling device 0000:00:16.0 (0000 -> 0003)
[   29.937650] e1000 0000:00:16.0 eth3: (PCI:33MHz:32-bit) 52:54:00:12:34:59
[   29.938297] e1000 0000:00:16.0 eth3: Intel(R) PRO/1000 Network Connection
[   29.940174] e1000e: Intel(R) PRO/1000 Network Driver - 2.3.2-k
[   29.940621] e1000e: Copyright(c) 1999 - 2014 Intel Corporation.
[   29.946458] PPP generic driver version 2.4.2
[   29.949164] PPP Deflate Compression module registered
[   29.949908] PPP MPPE Compression module registered
[   29.950381] NET: Registered protocol family 24
[   29.951452] ehci_hcd: USB 2.0 'Enhanced' Host Controller (EHCI) Driver
[   29.952036] ehci-pci: EHCI PCI platform driver
[   29.953404] ohci_hcd: USB 1.1 'Open' Host Controller (OHCI) Driver
[   29.953954] ohci-pci: OHCI PCI platform driver
[   29.955470] uhci_hcd: USB Universal Host Controller Interface driver
[   29.957320] uhci_hcd 0000:00:0a.2: UHCI Host Controller
[   29.958206] uhci_hcd 0000:00:0a.2: new USB bus registered, assigned bus number 1
[   29.959564] uhci_hcd 0000:00:0a.2: irq 11, io base 0x00001440
[   29.973989] hub 1-0:1.0: USB hub found
[   29.975041] hub 1-0:1.0: 2 ports detected
[   29.987045] usbcore: registered new interface driver usb-storage
[   29.992210] mousedev: PS/2 mouse device common for all mice
[   30.020586] rtc_cmos rtc_cmos: rtc core: registered rtc_cmos as rtc0
[   30.021495] rtc_cmos rtc_cmos: alarms up to one day, 242 bytes nvram
[   30.023402] i2c /dev entries driver
[   30.024876] piix4_smbus 0000:00:0a.3: SMBus Host Controller at 0x1100, revision 0
[   30.030400] sdhci: Secure Digital Host Controller Interface driver
[   30.030982] sdhci: Copyright(c) Pierre Ossman
[   30.033766] hidraw: raw HID events driver (C) Jiri Kosina
[   30.056483] usbcore: registered new interface driver usbhid
[   30.056864] usbhid: USB HID core driver
[   30.058157] Netfilter messages via NETLINK v0.30.
[   30.059846] nf_conntrack version 0.5.0 (3923 buckets, 15692 max)
[   30.063783] ctnetlink v0.93: registering with nfnetlink.
[   30.070659] ipip: IPv4 over IPv4 tunneling driver
[   30.085674] ip_tables: (C) 2000-2006 Netfilter Core Team
[   30.089057] arp_tables: (C) 2002 David S. Miller
[   30.091389] Initializing XFRM netlink socket
[   30.092787] NET: Registered protocol family 10
[   30.118996] ip6_tables: (C) 2000-2006 Netfilter Core Team
[   30.123485] sit: IPv6 over IPv4 tunneling driver
[   30.144976] NET: Registered protocol family 17
[   30.146133] bridge: automatic filtering via arp/ip/ip6tables has been deprecated. Update your scripts to load br_netfilter if you need this.
[   30.147672] Bridge firewalling registered
[   30.148190] Ebtables v2.0 registered
[   30.152844] 8021q: 802.1Q VLAN Support v1.8
[   30.179645] rtc_cmos rtc_cmos: setting system clock to 2025-07-23 06:27:01 UTC (1753252021)
[   30.205485] EXT2-fs (sda1): warning: mounting unchecked fs, running e2fsck is recommended
[   30.208303] VFS: Mounted root (ext2 filesystem) on device 8:1.
[   30.219801] Freeing YAMON memory: 956k freed
[   30.232750] Freeing unused kernel memory: 260K (8081f000 - 80860000)
[   30.268978] firmadyne: sys_reboot[PID: 1 (init)]: magic1:fee1dead, magic2:28121969, cmd:0
init started: BusyBox v1.14.1 (2024-07-07 02:43:58 CEST)
starting pid 48, tty '': '/etc/init.d/rcS'
[   30.371705] firmadyne: do_execve: /firmadyne/console
[   30.372368] OFFSETS: offset of pid: 0x198 offset of comm: 0x278
[/etc/init.d/S03config.sh]
Mounting proc and var ...
[   31.483180] cfg80211: Calling CRDA to update world regulatory domain
[   34.627222] cfg80211: Calling CRDA to update world regulatory domain
SymbLink /dev/mtdblock/0
SymbLink /dev/mtdblock/1
SymbLink /dev/mtdblock/10
SymbLink /dev/mtdblock/2
SymbLink /dev/mtdblock/3
SymbLink /dev/mtdblock/4
SymbLink /dev/mtdblock/5
SymbLink /dev/mtdblock/6
SymbLink /dev/mtdblock/7
SymbLink /dev/mtdblock/8
SymbLink /dev/mtdblock/9
Inserting kernel modules ...
Inserting Rebootm ...
Inserting atheros ethernet ...
Inserting gpio ...
done.
Start xmldb ...
[   36.968542] random: nonblocking pool is initialized
[   37.009952] firmadyne: sys_socket[PID: 147 (xmldb)]: family:1, type:2, protocol:0
[   37.772910] cfg80211: Calling CRDA to update world regulatory domain
[/etc/scripts/misc/profile.sh] get ...
DEVCONF: unable to read config data (ret=-3) !
CAN NOT get devive config, generate default!
[/etc/scripts/misc/profile.sh] reset ...
[   38.539534] firmadyne: sys_socket[PID: 160 (rgdb)]: family:1, type:2, protocol:0
[/etc/scripts/misc/defnodes.sh] ...
[/etc/defnodes/S10setext.sh] ...
[   38.950076] firmadyne: sys_socket[PID: 166 (xmldbc)]: family:1, type:2, protocol:0
[   39.009862] firmadyne: sys_socket[PID: 167 (xmldbc)]: family:1, type:2, protocol:0
[   39.067363] firmadyne: sys_socket[PID: 168 (xmldbc)]: family:1, type:2, protocol:0
[   39.125273] firmadyne: sys_socket[PID: 169 (xmldbc)]: family:1, type:2, protocol:0
[   39.184588] firmadyne: sys_socket[PID: 170 (xmldbc)]: family:1, type:2, protocol:0
[   39.245999] firmadyne: sys_socket[PID: 171 (xmldbc)]: family:1, type:2, protocol:0
[   39.304459] firmadyne: sys_socket[PID: 172 (xmldbc)]: family:1, type:2, protocol:0
[   39.364896] firmadyne: sys_socket[PID: 173 (xmldbc)]: family:1, type:2, protocol:0
[   39.424214] firmadyne: sys_socket[PID: 174 (xmldbc)]: family:1, type:2, protocol:0
[   39.483130] firmadyne: sys_socket[PID: 175 (xmldbc)]: family:1, type:2, protocol:0
[   39.542017] firmadyne: sys_socket[PID: 176 (xmldbc)]: family:1, type:2, protocol:0
[   39.600699] firmadyne: sys_socket[PID: 177 (xmldbc)]: family:1, type:2, protocol:0
[   39.660183] firmadyne: sys_socket[PID: 178 (xmldbc)]: family:1, type:2, protocol:0
[   39.718439] firmadyne: sys_socket[PID: 179 (xmldbc)]: family:1, type:2, protocol:0
[   39.778287] firmadyne: sys_socket[PID: 180 (xmldbc)]: family:1, type:2, protocol:0
[   39.837451] firmadyne: sys_socket[PID: 181 (xmldbc)]: family:1, type:2, protocol:0
[   39.896815] firmadyne: sys_socket[PID: 182 (xmldbc)]: family:1, type:2, protocol:0
[   39.956389] firmadyne: sys_socket[PID: 183 (xmldbc)]: family:1, type:2, protocol:0
[   40.015897] firmadyne: sys_socket[PID: 184 (xmldbc)]: family:1, type:2, protocol:0
[   40.075437] firmadyne: sys_socket[PID: 185 (xmldbc)]: family:1, type:2, protocol:0
[   40.137003] firmadyne: sys_socket[PID: 186 (xmldbc)]: family:1, type:2, protocol:0
[   40.196069] firmadyne: sys_socket[PID: 187 (rgdb)]: family:1, type:2, protocol:0
[   40.257089] firmadyne: sys_socket[PID: 188 (rgdb)]: family:1, type:2, protocol:0
[   40.315693] firmadyne: sys_socket[PID: 189 (rgdb)]: family:1, type:2, protocol:0
[   40.377221] firmadyne: sys_socket[PID: 190 (rgdb)]: family:1, type:2, protocol:0
[   40.436389] firmadyne: sys_socket[PID: 191 (rgdb)]: family:1, type:2, protocol:0
[   40.494592] firmadyne: sys_socket[PID: 192 (rgdb)]: family:1, type:2, protocol:0
[   40.554839] firmadyne: sys_socket[PID: 193 (rgdb)]: family:1, type:2, protocol:0
[   40.614389] firmadyne: sys_socket[PID: 194 (rgdb)]: family:1, type:2, protocol:0
[   40.673118] firmadyne: sys_socket[PID: 195 (rgdb)]: family:1, type:2, protocol:0
[   40.730847] firmadyne: sys_socket[PID: 196 (rgdb)]: family:1, type:2, protocol:0
[   40.790513] firmadyne: sys_socket[PID: 197 (rgdb)]: family:1, type:2, protocol:0
[   40.849624] firmadyne: sys_socket[PID: 198 (rgdb)]: family:1, type:2, protocol:0
[   40.908005] firmadyne: sys_socket[PID: 199 (rgdb)]: family:1, type:2, protocol:0
[   40.919342] cfg80211: Calling CRDA to update world regulatory domain
[   40.981997] firmadyne: sys_socket[PID: 201 (rgdb)]: family:1, type:2, protocol:0
[   41.116555] firmadyne: sys_socket[PID: 203 (xmldbc)]: family:1, type:2, protocol:0
[   41.178375] firmadyne: sys_socket[PID: 204 (xmldbc)]: family:1, type:2, protocol:0
[   41.241600] firmadyne: sys_socket[PID: 205 (xmldbc)]: family:1, type:2, protocol:0
[   41.301677] firmadyne: sys_socket[PID: 206 (xmldbc)]: family:1, type:2, protocol:0
[   41.362539] firmadyne: sys_socket[PID: 207 (xmldbc)]: family:1, type:2, protocol:0
[   41.422456] firmadyne: sys_socket[PID: 208 (xmldbc)]: family:1, type:2, protocol:0
[   41.482268] firmadyne: sys_socket[PID: 209 (xmldbc)]: family:1, type:2, protocol:0
[   41.542060] firmadyne: sys_socket[PID: 210 (xmldbc)]: family:1, type:2, protocol:0
[   41.602569] firmadyne: sys_socket[PID: 211 (xmldbc)]: family:1, type:2, protocol:0
[   41.663614] firmadyne: sys_socket[PID: 212 (xmldbc)]: family:1, type:2, protocol:0
[   41.723757] firmadyne: sys_socket[PID: 213 (xmldbc)]: family:1, type:2, protocol:0
[   41.784518] firmadyne: sys_socket[PID: 214 (xmldbc)]: family:1, type:2, protocol:0
[   41.843575] firmadyne: sys_socket[PID: 215 (xmldbc)]: family:1, type:2, protocol:0
[   41.904584] firmadyne: sys_socket[PID: 216 (xmldbc)]: family:1, type:2, protocol:0
[   41.964993] firmadyne: sys_socket[PID: 217 (xmldbc)]: family:1, type:2, protocol:0
[   42.023396] firmadyne: sys_socket[PID: 218 (xmldbc)]: family:1, type:2, protocol:0
[   42.081790] firmadyne: sys_socket[PID: 219 (xmldbc)]: family:1, type:2, protocol:0
[   42.142397] firmadyne: sys_socket[PID: 220 (xmldbc)]: family:1, type:2, protocol:0
[   42.357653] firmadyne: sys_socket[PID: 225 (xmldbc)]: family:1, type:2, protocol:0
[   42.416016] firmadyne: sys_socket[PID: 226 (xmldbc)]: family:1, type:2, protocol:0
[   42.474884] firmadyne: sys_socket[PID: 227 (xmldbc)]: family:1, type:2, protocol:0
[   42.533985] firmadyne: sys_socket[PID: 228 (xmldbc)]: family:1, type:2, protocol:0
[   42.592242] firmadyne: sys_socket[PID: 229 (xmldbc)]: family:1, type:2, protocol:0
[   42.650597] firmadyne: sys_socket[PID: 230 (xmldbc)]: family:1, type:2, protocol:0
[   42.709581] firmadyne: sys_socket[PID: 231 (xmldbc)]: family:1, type:2, protocol:0
[   42.769185] firmadyne: sys_socket[PID: 232 (xmldbc)]: family:1, type:2, protocol:0
[   42.827164] firmadyne: sys_socket[PID: 233 (xmldbc)]: family:1, type:2, protocol:0
[   42.884745] firmadyne: sys_socket[PID: 234 (xmldbc)]: family:1, type:2, protocol:0
[   42.944581] firmadyne: sys_socket[PID: 235 (xmldbc)]: family:1, type:2, protocol:0
[   43.002346] firmadyne: sys_socket[PID: 236 (xmldbc)]: family:1, type:2, protocol:0
[   43.060638] firmadyne: sys_socket[PID: 237 (xmldbc)]: family:1, type:2, protocol:0
[   43.119319] firmadyne: sys_socket[PID: 238 (xmldbc)]: family:1, type:2, protocol:0
[   43.179859] firmadyne: sys_socket[PID: 239 (xmldbc)]: family:1, type:2, protocol:0
[   43.239749] firmadyne: sys_socket[PID: 240 (xmldbc)]: family:1, type:2, protocol:0
[   43.299718] firmadyne: sys_socket[PID: 241 (xmldbc)]: family:1, type:2, protocol:0
[   43.360184] firmadyne: sys_socket[PID: 242 (xmldbc)]: family:1, type:2, protocol:0
[   43.418923] firmadyne: sys_socket[PID: 243 (xmldbc)]: family:1, type:2, protocol:0
[   43.557609] firmadyne: sys_socket[PID: 247 (xmldbc)]: family:1, type:2, protocol:0
[   43.615860] firmadyne: sys_socket[PID: 248 (xmldbc)]: family:1, type:2, protocol:0
[   43.673639] firmadyne: sys_socket[PID: 249 (xmldbc)]: family:1, type:2, protocol:0
[   43.733777] firmadyne: sys_socket[PID: 250 (xmldbc)]: family:1, type:2, protocol:0
[   43.792209] firmadyne: sys_socket[PID: 251 (xmldbc)]: family:1, type:2, protocol:0
[   43.849913] firmadyne: sys_socket[PID: 252 (xmldbc)]: family:1, type:2, protocol:0
[   43.908165] firmadyne: sys_socket[PID: 253 (xmldbc)]: family:1, type:2, protocol:0
[   43.969537] firmadyne: sys_socket[PID: 254 (xmldbc)]: family:1, type:2, protocol:0
[   44.028867] firmadyne: sys_socket[PID: 255 (xmldbc)]: family:1, type:2, protocol:0
[   44.063610] cfg80211: Calling CRDA to update world regulatory domain
[   44.102598] firmadyne: sys_socket[PID: 256 (xmldbc)]: family:1, type:2, protocol:0
[   44.163428] firmadyne: sys_socket[PID: 258 (xmldbc)]: family:1, type:2, protocol:0
[   44.223100] firmadyne: sys_socket[PID: 259 (xmldbc)]: family:1, type:2, protocol:0
[   44.283178] firmadyne: sys_socket[PID: 260 (xmldbc)]: family:1, type:2, protocol:0
[   44.342863] firmadyne: sys_socket[PID: 261 (xmldbc)]: family:1, type:2, protocol:0
[   44.401959] firmadyne: sys_socket[PID: 262 (xmldbc)]: family:1, type:2, protocol:0
[   44.462412] firmadyne: sys_socket[PID: 263 (xmldbc)]: family:1, type:2, protocol:0
[   44.521264] firmadyne: sys_socket[PID: 264 (xmldbc)]: family:1, type:2, protocol:0
[   44.580768] firmadyne: sys_socket[PID: 265 (xmldbc)]: family:1, type:2, protocol:0
[   44.638394] firmadyne: sys_socket[PID: 266 (xmldbc)]: family:1, type:2, protocol:0
[   44.777200] firmadyne: sys_socket[PID: 270 (xmldbc)]: family:1, type:2, protocol:0
[   44.831475] firmadyne: sys_socket[PID: 271 (xmldbc)]: family:1, type:2, protocol:0
[   44.889379] firmadyne: sys_socket[PID: 272 (xmldbc)]: family:1, type:2, protocol:0
[   44.949593] firmadyne: sys_socket[PID: 273 (xmldbc)]: family:1, type:2, protocol:0
[   45.008035] firmadyne: sys_socket[PID: 274 (xmldbc)]: family:1, type:2, protocol:0
[   45.062720] firmadyne: sys_socket[PID: 275 (xmldbc)]: family:1, type:2, protocol:0
[   45.121839] firmadyne: sys_socket[PID: 276 (xmldbc)]: family:1, type:2, protocol:0
[   45.181610] firmadyne: sys_socket[PID: 277 (xmldbc)]: family:1, type:2, protocol:0
[   45.240950] firmadyne: sys_socket[PID: 278 (xmldbc)]: family:1, type:2, protocol:0
[   45.301239] firmadyne: sys_socket[PID: 279 (xmldbc)]: family:1, type:2, protocol:0
[   45.361961] firmadyne: sys_socket[PID: 280 (xmldbc)]: family:1, type:2, protocol:0
[   45.421258] firmadyne: sys_socket[PID: 281 (xmldbc)]: family:1, type:2, protocol:0
[   45.480477] firmadyne: sys_socket[PID: 282 (xmldbc)]: family:1, type:2, protocol:0
[   45.539611] firmadyne: sys_socket[PID: 283 (xmldbc)]: family:1, type:2, protocol:0
[   45.599199] firmadyne: sys_socket[PID: 284 (xmldbc)]: family:1, type:2, protocol:0
[   45.657114] firmadyne: sys_socket[PID: 285 (xmldbc)]: family:1, type:2, protocol:0
[   45.715683] firmadyne: sys_socket[PID: 286 (xmldbc)]: family:1, type:2, protocol:0
[   45.777034] firmadyne: sys_socket[PID: 287 (xmldbc)]: family:1, type:2, protocol:0
[   45.836095] firmadyne: sys_socket[PID: 288 (xmldbc)]: family:1, type:2, protocol:0
[   45.976650] firmadyne: sys_socket[PID: 292 (xmldbc)]: family:1, type:2, protocol:0
[   46.035412] firmadyne: sys_socket[PID: 293 (xmldbc)]: family:1, type:2, protocol:0
[   46.095232] firmadyne: sys_socket[PID: 294 (xmldbc)]: family:1, type:2, protocol:0
[   46.154545] firmadyne: sys_socket[PID: 295 (xmldbc)]: family:1, type:2, protocol:0
[   46.212470] firmadyne: sys_socket[PID: 296 (xmldbc)]: family:1, type:2, protocol:0
[   46.270764] firmadyne: sys_socket[PID: 297 (xmldbc)]: family:1, type:2, protocol:0
[   46.332739] firmadyne: sys_socket[PID: 298 (xmldbc)]: family:1, type:2, protocol:0
[   46.391244] firmadyne: sys_socket[PID: 299 (xmldbc)]: family:1, type:2, protocol:0
[   46.456421] firmadyne: sys_socket[PID: 300 (xmldbc)]: family:1, type:2, protocol:0
[   46.516241] firmadyne: sys_socket[PID: 301 (xmldbc)]: family:1, type:2, protocol:0
[   46.576507] firmadyne: sys_socket[PID: 302 (xmldbc)]: family:1, type:2, protocol:0
[   46.635176] firmadyne: sys_socket[PID: 303 (xmldbc)]: family:1, type:2, protocol:0
[   46.692804] firmadyne: sys_socket[PID: 304 (xmldbc)]: family:1, type:2, protocol:0
[   46.751928] firmadyne: sys_socket[PID: 305 (xmldbc)]: family:1, type:2, protocol:0
[   46.810597] firmadyne: sys_socket[PID: 306 (xmldbc)]: family:1, type:2, protocol:0
[   46.868278] firmadyne: sys_socket[PID: 307 (xmldbc)]: family:1, type:2, protocol:0
[   46.925958] firmadyne: sys_socket[PID: 308 (xmldbc)]: family:1, type:2, protocol:0
[   46.985549] firmadyne: sys_socket[PID: 309 (xmldbc)]: family:1, type:2, protocol:0
[   47.043671] firmadyne: sys_socket[PID: 310 (xmldbc)]: family:1, type:2, protocol:0
[   47.181603] firmadyne: sys_socket[PID: 314 (xmldbc)]: family:1, type:2, protocol:0
[   47.207214] cfg80211: Calling CRDA to update world regulatory domain
[   47.255265] firmadyne: sys_socket[PID: 315 (xmldbc)]: family:1, type:2, protocol:0
[   47.323917] firmadyne: sys_socket[PID: 317 (xmldbc)]: family:1, type:2, protocol:0
[   47.384373] firmadyne: sys_socket[PID: 318 (xmldbc)]: family:1, type:2, protocol:0
[   47.441961] firmadyne: sys_socket[PID: 319 (xmldbc)]: family:1, type:2, protocol:0
[   47.500062] firmadyne: sys_socket[PID: 320 (xmldbc)]: family:1, type:2, protocol:0
[   47.559961] firmadyne: sys_socket[PID: 321 (xmldbc)]: family:1, type:2, protocol:0
[   47.619890] firmadyne: sys_socket[PID: 322 (xmldbc)]: family:1, type:2, protocol:0
[   47.678862] firmadyne: sys_socket[PID: 323 (xmldbc)]: family:1, type:2, protocol:0
[   47.738535] firmadyne: sys_socket[PID: 324 (xmldbc)]: family:1, type:2, protocol:0
[   47.796678] firmadyne: sys_socket[PID: 325 (xmldbc)]: family:1, type:2, protocol:0
[   47.855710] firmadyne: sys_socket[PID: 326 (xmldbc)]: family:1, type:2, protocol:0
[   47.914276] firmadyne: sys_socket[PID: 327 (xmldbc)]: family:1, type:2, protocol:0
[   47.973319] firmadyne: sys_socket[PID: 328 (xmldbc)]: family:1, type:2, protocol:0
[   48.031897] firmadyne: sys_socket[PID: 329 (xmldbc)]: family:1, type:2, protocol:0
[   48.090551] firmadyne: sys_socket[PID: 330 (xmldbc)]: family:1, type:2, protocol:0
[   48.149219] firmadyne: sys_socket[PID: 331 (xmldbc)]: family:1, type:2, protocol:0
[   48.206569] firmadyne: sys_socket[PID: 332 (xmldbc)]: family:1, type:2, protocol:0
[   48.264685] firmadyne: sys_socket[PID: 333 (xmldbc)]: family:1, type:2, protocol:0
[   48.406013] firmadyne: sys_socket[PID: 337 (xmldbc)]: family:1, type:2, protocol:0
[   48.464637] firmadyne: sys_socket[PID: 338 (xmldbc)]: family:1, type:2, protocol:0
[   48.522642] firmadyne: sys_socket[PID: 339 (xmldbc)]: family:1, type:2, protocol:0
[   48.582460] firmadyne: sys_socket[PID: 340 (xmldbc)]: family:1, type:2, protocol:0
[   48.641184] firmadyne: sys_socket[PID: 341 (xmldbc)]: family:1, type:2, protocol:0
[   48.699136] firmadyne: sys_socket[PID: 342 (xmldbc)]: family:1, type:2, protocol:0
[   48.758468] firmadyne: sys_socket[PID: 343 (xmldbc)]: family:1, type:2, protocol:0
[   48.817251] firmadyne: sys_socket[PID: 344 (xmldbc)]: family:1, type:2, protocol:0
[   48.876628] firmadyne: sys_socket[PID: 345 (xmldbc)]: family:1, type:2, protocol:0
[   48.936068] firmadyne: sys_socket[PID: 346 (xmldbc)]: family:1, type:2, protocol:0
[   48.994459] firmadyne: sys_socket[PID: 347 (xmldbc)]: family:1, type:2, protocol:0
[   49.052932] firmadyne: sys_socket[PID: 348 (xmldbc)]: family:1, type:2, protocol:0
[   49.112852] firmadyne: sys_socket[PID: 349 (xmldbc)]: family:1, type:2, protocol:0
[   49.172213] firmadyne: sys_socket[PID: 350 (xmldbc)]: family:1, type:2, protocol:0
[   49.232571] firmadyne: sys_socket[PID: 351 (xmldbc)]: family:1, type:2, protocol:0
[   49.290483] firmadyne: sys_socket[PID: 352 (xmldbc)]: family:1, type:2, protocol:0
[   49.355697] firmadyne: sys_socket[PID: 353 (xmldbc)]: family:1, type:2, protocol:0
[   49.414398] firmadyne: sys_socket[PID: 354 (xmldbc)]: family:1, type:2, protocol:0
[   49.472678] firmadyne: sys_socket[PID: 355 (xmldbc)]: family:1, type:2, protocol:0
[   49.612437] firmadyne: sys_socket[PID: 359 (xmldbc)]: family:1, type:2, protocol:0
[   49.670333] firmadyne: sys_socket[PID: 360 (xmldbc)]: family:1, type:2, protocol:0
[   49.728612] firmadyne: sys_socket[PID: 361 (xmldbc)]: family:1, type:2, protocol:0
[   49.788148] firmadyne: sys_socket[PID: 362 (xmldbc)]: family:1, type:2, protocol:0
[   49.846900] firmadyne: sys_socket[PID: 363 (xmldbc)]: family:1, type:2, protocol:0
[   49.905229] firmadyne: sys_socket[PID: 364 (xmldbc)]: family:1, type:2, protocol:0
[   49.965008] firmadyne: sys_socket[PID: 365 (xmldbc)]: family:1, type:2, protocol:0
[   50.022729] firmadyne: sys_socket[PID: 366 (xmldbc)]: family:1, type:2, protocol:0
[   50.081936] firmadyne: sys_socket[PID: 367 (xmldbc)]: family:1, type:2, protocol:0
[   50.141573] firmadyne: sys_socket[PID: 368 (xmldbc)]: family:1, type:2, protocol:0
[   50.199444] firmadyne: sys_socket[PID: 369 (xmldbc)]: family:1, type:2, protocol:0
[   50.257686] firmadyne: sys_socket[PID: 370 (xmldbc)]: family:1, type:2, protocol:0
[   50.318533] firmadyne: sys_socket[PID: 371 (xmldbc)]: family:1, type:2, protocol:0
[   50.351445] cfg80211: Calling CRDA to update world regulatory domain
[   50.393698] firmadyne: sys_socket[PID: 372 (xmldbc)]: family:1, type:2, protocol:0
[   50.452398] firmadyne: sys_socket[PID: 374 (xmldbc)]: family:1, type:2, protocol:0
[   50.511352] firmadyne: sys_socket[PID: 375 (xmldbc)]: family:1, type:2, protocol:0
[   50.572314] firmadyne: sys_socket[PID: 376 (xmldbc)]: family:1, type:2, protocol:0
[   50.630406] firmadyne: sys_socket[PID: 377 (xmldbc)]: family:1, type:2, protocol:0
[   50.688637] firmadyne: sys_socket[PID: 378 (xmldbc)]: family:1, type:2, protocol:0
[   50.826147] firmadyne: sys_socket[PID: 382 (xmldbc)]: family:1, type:2, protocol:0
[   50.884602] firmadyne: sys_socket[PID: 383 (xmldbc)]: family:1, type:2, protocol:0
[   50.943386] firmadyne: sys_socket[PID: 384 (xmldbc)]: family:1, type:2, protocol:0
[   51.001142] firmadyne: sys_socket[PID: 385 (xmldbc)]: family:1, type:2, protocol:0
[   51.059137] firmadyne: sys_socket[PID: 386 (xmldbc)]: family:1, type:2, protocol:0
[   51.117749] firmadyne: sys_socket[PID: 387 (xmldbc)]: family:1, type:2, protocol:0
[   51.177477] firmadyne: sys_socket[PID: 388 (xmldbc)]: family:1, type:2, protocol:0
[   51.232262] firmadyne: sys_socket[PID: 389 (xmldbc)]: family:1, type:2, protocol:0
[   51.289540] firmadyne: sys_socket[PID: 390 (xmldbc)]: family:1, type:2, protocol:0
[   51.352396] firmadyne: sys_socket[PID: 391 (xmldbc)]: family:1, type:2, protocol:0
[   51.411207] firmadyne: sys_socket[PID: 392 (xmldbc)]: family:1, type:2, protocol:0
[   51.469377] firmadyne: sys_socket[PID: 393 (xmldbc)]: family:1, type:2, protocol:0
[   51.527794] firmadyne: sys_socket[PID: 394 (xmldbc)]: family:1, type:2, protocol:0
[   51.587875] firmadyne: sys_socket[PID: 395 (xmldbc)]: family:1, type:2, protocol:0
[   51.641468] firmadyne: sys_socket[PID: 396 (xmldbc)]: family:1, type:2, protocol:0
[   51.694905] firmadyne: sys_socket[PID: 397 (xmldbc)]: family:1, type:2, protocol:0
[   51.754805] firmadyne: sys_socket[PID: 398 (xmldbc)]: family:1, type:2, protocol:0
[   51.813605] firmadyne: sys_socket[PID: 399 (xmldbc)]: family:1, type:2, protocol:0
[   51.871454] firmadyne: sys_socket[PID: 400 (xmldbc)]: family:1, type:2, protocol:0
[   52.009639] firmadyne: sys_socket[PID: 404 (xmldbc)]: family:1, type:2, protocol:0
[   52.068889] firmadyne: sys_socket[PID: 405 (xmldbc)]: family:1, type:2, protocol:0
[   52.127684] firmadyne: sys_socket[PID: 406 (xmldbc)]: family:1, type:2, protocol:0
[   52.186707] firmadyne: sys_socket[PID: 407 (xmldbc)]: family:1, type:2, protocol:0
[   52.245037] firmadyne: sys_socket[PID: 408 (xmldbc)]: family:1, type:2, protocol:0
[   52.304583] firmadyne: sys_socket[PID: 409 (xmldbc)]: family:1, type:2, protocol:0
[   52.362401] firmadyne: sys_socket[PID: 410 (xmldbc)]: family:1, type:2, protocol:0
[   52.421976] firmadyne: sys_socket[PID: 411 (xmldbc)]: family:1, type:2, protocol:0
[   52.480794] firmadyne: sys_socket[PID: 412 (xmldbc)]: family:1, type:2, protocol:0
[   52.540871] firmadyne: sys_socket[PID: 413 (xmldbc)]: family:1, type:2, protocol:0
[   52.595364] firmadyne: sys_socket[PID: 414 (xmldbc)]: family:1, type:2, protocol:0
[   52.654318] firmadyne: sys_socket[PID: 415 (xmldbc)]: family:1, type:2, protocol:0
[   52.712976] firmadyne: sys_socket[PID: 416 (xmldbc)]: family:1, type:2, protocol:0
[   52.772778] firmadyne: sys_socket[PID: 417 (xmldbc)]: family:1, type:2, protocol:0
[   52.830707] firmadyne: sys_socket[PID: 418 (xmldbc)]: family:1, type:2, protocol:0
[   52.890386] firmadyne: sys_socket[PID: 419 (xmldbc)]: family:1, type:2, protocol:0
[   52.950523] firmadyne: sys_socket[PID: 420 (xmldbc)]: family:1, type:2, protocol:0
[   53.009266] firmadyne: sys_socket[PID: 421 (xmldbc)]: family:1, type:2, protocol:0
[   70.283442] cfg80211: Exceeded CRDA call max attempts. Not calling CRDA
[   70.285147] firmadyne: sys_socket[PID: 422 (xmldbc)]: family:1, type:2, protocol:0
[   70.426560] firmadyne: sys_socket[PID: 426 (xmldbc)]: family:1, type:2, protocol:0
[   70.488837] firmadyne: sys_socket[PID: 427 (xmldbc)]: family:1, type:2, protocol:0
[   70.547704] firmadyne: sys_socket[PID: 428 (xmldbc)]: family:1, type:2, protocol:0
[   89.916103] firmadyne: sys_socket[PID: 429 (xmldbc)]: family:1, type:2, protocol:0
[   89.975823] firmadyne: sys_socket[PID: 430 (xmldbc)]: family:1, type:2, protocol:0
[   90.033853] firmadyne: sys_socket[PID: 431 (xmldbc)]: family:1, type:2, protocol:0
[   90.092283] firmadyne: sys_socket[PID: 432 (xmldbc)]: family:1, type:2, protocol:0
[  102.548123] firmadyne: sys_socket[PID: 433 (xmldbc)]: family:1, type:2, protocol:0
[  102.609111] firmadyne: sys_socket[PID: 434 (xmldbc)]: family:1, type:2, protocol:0
[  102.662903] firmadyne: sys_socket[PID: 435 (xmldbc)]: family:1, type:2, protocol:0
[  102.721799] firmadyne: sys_socket[PID: 436 (xmldbc)]: family:1, type:2, protocol:0
[  102.784723] firmadyne: sys_socket[PID: 437 (xmldbc)]: family:1, type:2, protocol:0
[  102.844685] firmadyne: sys_socket[PID: 438 (xmldbc)]: family:1, type:2, protocol:0
[  102.902827] firmadyne: sys_socket[PID: 439 (xmldbc)]: family:1, type:2, protocol:0
[  102.963303] firmadyne: sys_socket[PID: 440 (xmldbc)]: family:1, type:2, protocol:0
[  103.021925] firmadyne: sys_socket[PID: 441 (xmldbc)]: family:1, type:2, protocol:0
[  103.081278] firmadyne: sys_socket[PID: 442 (xmldbc)]: family:1, type:2, protocol:0
[  103.140692] firmadyne: sys_socket[PID: 443 (xmldbc)]: family:1, type:2, protocol:0
[  103.199351] firmadyne: sys_socket[PID: 444 (xmldbc)]: family:1, type:2, protocol:0
[  103.337361] firmadyne: sys_socket[PID: 448 (xmldbc)]: family:1, type:2, protocol:0
[  103.397768] firmadyne: sys_socket[PID: 449 (xmldbc)]: family:1, type:2, protocol:0
[  103.455702] firmadyne: sys_socket[PID: 450 (xmldbc)]: family:1, type:2, protocol:0
[  103.513424] firmadyne: sys_socket[PID: 451 (xmldbc)]: family:1, type:2, protocol:0
[  103.572920] firmadyne: sys_socket[PID: 452 (xmldbc)]: family:1, type:2, protocol:0
[  103.632421] firmadyne: sys_socket[PID: 453 (xmldbc)]: family:1, type:2, protocol:0
[  103.690364] firmadyne: sys_socket[PID: 454 (xmldbc)]: family:1, type:2, protocol:0
[  103.751889] firmadyne: sys_socket[PID: 455 (xmldbc)]: family:1, type:2, protocol:0
[  103.810101] firmadyne: sys_socket[PID: 456 (xmldbc)]: family:1, type:2, protocol:0
[  103.869110] firmadyne: sys_socket[PID: 457 (xmldbc)]: family:1, type:2, protocol:0
[  103.926859] firmadyne: sys_socket[PID: 458 (xmldbc)]: family:1, type:2, protocol:0
[  103.986301] firmadyne: sys_socket[PID: 459 (xmldbc)]: family:1, type:2, protocol:0
[  104.044527] firmadyne: sys_socket[PID: 460 (xmldbc)]: family:1, type:2, protocol:0
[  104.103873] firmadyne: sys_socket[PID: 461 (xmldbc)]: family:1, type:2, protocol:0
[  104.163510] firmadyne: sys_socket[PID: 462 (xmldbc)]: family:1, type:2, protocol:0
[  104.221265] firmadyne: sys_socket[PID: 463 (xmldbc)]: family:1, type:2, protocol:0
[  104.279196] firmadyne: sys_socket[PID: 464 (xmldbc)]: family:1, type:2, protocol:0
[  104.338104] firmadyne: sys_socket[PID: 465 (xmldbc)]: family:1, type:2, protocol:0
[  104.398014] firmadyne: sys_socket[PID: 466 (xmldbc)]: family:1, type:2, protocol:0
[  104.535283] firmadyne: sys_socket[PID: 470 (xmldbc)]: family:1, type:2, protocol:0
[  104.595681] firmadyne: sys_socket[PID: 471 (xmldbc)]: family:1, type:2, protocol:0
[  104.655105] firmadyne: sys_socket[PID: 472 (xmldbc)]: family:1, type:2, protocol:0
[  104.712933] firmadyne: sys_socket[PID: 473 (xmldbc)]: family:1, type:2, protocol:0
[  104.777207] firmadyne: sys_socket[PID: 474 (xmldbc)]: family:1, type:2, protocol:0
[  104.836262] firmadyne: sys_socket[PID: 475 (xmldbc)]: family:1, type:2, protocol:0
[  104.895585] firmadyne: sys_socket[PID: 476 (xmldbc)]: family:1, type:2, protocol:0
[  104.957402] firmadyne: sys_socket[PID: 477 (xmldbc)]: family:1, type:2, protocol:0
[  105.016540] firmadyne: sys_socket[PID: 478 (xmldbc)]: family:1, type:2, protocol:0
[  105.075978] firmadyne: sys_socket[PID: 479 (xmldbc)]: family:1, type:2, protocol:0
[  105.136010] firmadyne: sys_socket[PID: 480 (xmldbc)]: family:1, type:2, protocol:0
[  105.197928] firmadyne: sys_socket[PID: 481 (xmldbc)]: family:1, type:2, protocol:0
[  105.257280] firmadyne: sys_socket[PID: 482 (xmldbc)]: family:1, type:2, protocol:0
[  105.315384] firmadyne: sys_socket[PID: 483 (xmldbc)]: family:1, type:2, protocol:0
[  105.375129] firmadyne: sys_socket[PID: 484 (xmldbc)]: family:1, type:2, protocol:0
[  105.434778] firmadyne: sys_socket[PID: 485 (xmldbc)]: family:1, type:2, protocol:0
[  105.488506] firmadyne: sys_socket[PID: 486 (xmldbc)]: family:1, type:2, protocol:0
[  105.548016] firmadyne: sys_socket[PID: 487 (xmldbc)]: family:1, type:2, protocol:0
[  105.606645] firmadyne: sys_socket[PID: 488 (xmldbc)]: family:1, type:2, protocol:0
[  105.746403] firmadyne: sys_socket[PID: 492 (xmldbc)]: family:1, type:2, protocol:0
[  105.806352] firmadyne: sys_socket[PID: 493 (xmldbc)]: family:1, type:2, protocol:0
[  105.864519] firmadyne: sys_socket[PID: 494 (xmldbc)]: family:1, type:2, protocol:0
[  105.924368] firmadyne: sys_socket[PID: 495 (xmldbc)]: family:1, type:2, protocol:0
[  105.984373] firmadyne: sys_socket[PID: 496 (xmldbc)]: family:1, type:2, protocol:0
[  106.042564] firmadyne: sys_socket[PID: 497 (xmldbc)]: family:1, type:2, protocol:0
[  106.100445] firmadyne: sys_socket[PID: 498 (xmldbc)]: family:1, type:2, protocol:0
[  106.160202] firmadyne: sys_socket[PID: 499 (xmldbc)]: family:1, type:2, protocol:0
[  106.219304] firmadyne: sys_socket[PID: 500 (xmldbc)]: family:1, type:2, protocol:0
[  106.276968] firmadyne: sys_socket[PID: 501 (xmldbc)]: family:1, type:2, protocol:0
[  106.353376] firmadyne: sys_socket[PID: 502 (xmldbc)]: family:1, type:2, protocol:0
[  106.412743] firmadyne: sys_socket[PID: 503 (xmldbc)]: family:1, type:2, protocol:0
[  106.472786] firmadyne: sys_socket[PID: 504 (xmldbc)]: family:1, type:2, protocol:0
[  106.525935] firmadyne: sys_socket[PID: 505 (xmldbc)]: family:1, type:2, protocol:0
[  106.584802] firmadyne: sys_socket[PID: 506 (xmldbc)]: family:1, type:2, protocol:0
[  106.642900] firmadyne: sys_socket[PID: 507 (xmldbc)]: family:1, type:2, protocol:0
[  106.701177] firmadyne: sys_socket[PID: 508 (xmldbc)]: family:1, type:2, protocol:0
[  106.763904] firmadyne: sys_socket[PID: 509 (xmldbc)]: family:1, type:2, protocol:0
[  106.822324] firmadyne: sys_socket[PID: 510 (xmldbc)]: family:1, type:2, protocol:0
[  106.960155] firmadyne: sys_socket[PID: 514 (xmldbc)]: family:1, type:2, protocol:0
[  107.018107] firmadyne: sys_socket[PID: 515 (xmldbc)]: family:1, type:2, protocol:0
[  107.076677] firmadyne: sys_socket[PID: 516 (xmldbc)]: family:1, type:2, protocol:0
[  107.136315] firmadyne: sys_socket[PID: 517 (xmldbc)]: family:1, type:2, protocol:0
[  107.195139] firmadyne: sys_socket[PID: 518 (xmldbc)]: family:1, type:2, protocol:0
[  107.253820] firmadyne: sys_socket[PID: 519 (xmldbc)]: family:1, type:2, protocol:0
[  107.312706] firmadyne: sys_socket[PID: 520 (xmldbc)]: family:1, type:2, protocol:0
[  107.367404] firmadyne: sys_socket[PID: 521 (xmldbc)]: family:1, type:2, protocol:0
[  107.424844] firmadyne: sys_socket[PID: 522 (xmldbc)]: family:1, type:2, protocol:0
[  107.482807] firmadyne: sys_socket[PID: 523 (xmldbc)]: family:1, type:2, protocol:0
[  107.542322] firmadyne: sys_socket[PID: 524 (xmldbc)]: family:1, type:2, protocol:0
[  107.601473] firmadyne: sys_socket[PID: 525 (xmldbc)]: family:1, type:2, protocol:0
[  107.660210] firmadyne: sys_socket[PID: 526 (xmldbc)]: family:1, type:2, protocol:0
[  107.718465] firmadyne: sys_socket[PID: 527 (xmldbc)]: family:1, type:2, protocol:0
[  107.780968] firmadyne: sys_socket[PID: 528 (xmldbc)]: family:1, type:2, protocol:0
[  107.840288] firmadyne: sys_socket[PID: 529 (xmldbc)]: family:1, type:2, protocol:0
[  107.898806] firmadyne: sys_socket[PID: 530 (xmldbc)]: family:1, type:2, protocol:0
[  107.958613] firmadyne: sys_socket[PID: 531 (xmldbc)]: family:1, type:2, protocol:0
[  108.016958] firmadyne: sys_socket[PID: 532 (xmldbc)]: family:1, type:2, protocol:0
[  108.158206] firmadyne: sys_socket[PID: 536 (xmldbc)]: family:1, type:2, protocol:0
[  108.216416] firmadyne: sys_socket[PID: 537 (xmldbc)]: family:1, type:2, protocol:0
[  108.274263] firmadyne: sys_socket[PID: 538 (xmldbc)]: family:1, type:2, protocol:0
[  108.332153] firmadyne: sys_socket[PID: 539 (xmldbc)]: family:1, type:2, protocol:0
[  108.392727] firmadyne: sys_socket[PID: 540 (xmldbc)]: family:1, type:2, protocol:0
[  108.452359] firmadyne: sys_socket[PID: 541 (xmldbc)]: family:1, type:2, protocol:0
[  108.511313] firmadyne: sys_socket[PID: 542 (xmldbc)]: family:1, type:2, protocol:0
[  108.572465] firmadyne: sys_socket[PID: 543 (xmldbc)]: family:1, type:2, protocol:0
[  108.633610] firmadyne: sys_socket[PID: 544 (xmldbc)]: family:1, type:2, protocol:0
[  108.694060] firmadyne: sys_socket[PID: 545 (xmldbc)]: family:1, type:2, protocol:0
[  108.755561] firmadyne: sys_socket[PID: 546 (xmldbc)]: family:1, type:2, protocol:0
[  108.816559] firmadyne: sys_socket[PID: 547 (xmldbc)]: family:1, type:2, protocol:0
[  108.875961] firmadyne: sys_socket[PID: 548 (xmldbc)]: family:1, type:2, protocol:0
[  108.934384] firmadyne: sys_socket[PID: 549 (xmldbc)]: family:1, type:2, protocol:0
[  108.994593] firmadyne: sys_socket[PID: 550 (xmldbc)]: family:1, type:2, protocol:0
[  109.053266] firmadyne: sys_socket[PID: 551 (xmldbc)]: family:1, type:2, protocol:0
[  109.113183] firmadyne: sys_socket[PID: 552 (xmldbc)]: family:1, type:2, protocol:0
[  109.173104] firmadyne: sys_socket[PID: 553 (xmldbc)]: family:1, type:2, protocol:0
[  109.231934] firmadyne: sys_socket[PID: 554 (xmldbc)]: family:1, type:2, protocol:0
[  109.371360] firmadyne: sys_socket[PID: 558 (xmldbc)]: family:1, type:2, protocol:0
[  109.430787] firmadyne: sys_socket[PID: 559 (xmldbc)]: family:1, type:2, protocol:0
[  109.488933] firmadyne: sys_socket[PID: 560 (xmldbc)]: family:1, type:2, protocol:0
[  109.549060] firmadyne: sys_socket[PID: 561 (xmldbc)]: family:1, type:2, protocol:0
[  109.607888] firmadyne: sys_socket[PID: 562 (xmldbc)]: family:1, type:2, protocol:0
[  109.665880] firmadyne: sys_socket[PID: 563 (xmldbc)]: family:1, type:2, protocol:0
[  109.723878] firmadyne: sys_socket[PID: 564 (xmldbc)]: family:1, type:2, protocol:0
[  109.778530] firmadyne: sys_socket[PID: 565 (xmldbc)]: family:1, type:2, protocol:0
[  109.838272] firmadyne: sys_socket[PID: 566 (xmldbc)]: family:1, type:2, protocol:0
[  109.898312] firmadyne: sys_socket[PID: 567 (xmldbc)]: family:1, type:2, protocol:0
[  109.959285] firmadyne: sys_socket[PID: 568 (xmldbc)]: family:1, type:2, protocol:0
[  110.013557] firmadyne: sys_socket[PID: 569 (xmldbc)]: family:1, type:2, protocol:0
[  110.072873] firmadyne: sys_socket[PID: 570 (xmldbc)]: family:1, type:2, protocol:0
[  110.132170] firmadyne: sys_socket[PID: 571 (xmldbc)]: family:1, type:2, protocol:0
[  110.196733] firmadyne: sys_socket[PID: 572 (xmldbc)]: family:1, type:2, protocol:0
[  110.256384] firmadyne: sys_socket[PID: 573 (xmldbc)]: family:1, type:2, protocol:0
[  110.314476] firmadyne: sys_socket[PID: 574 (xmldbc)]: family:1, type:2, protocol:0
[  110.374268] firmadyne: sys_socket[PID: 575 (xmldbc)]: family:1, type:2, protocol:0
[  110.434255] firmadyne: sys_socket[PID: 576 (xmldbc)]: family:1, type:2, protocol:0
[  110.573833] firmadyne: sys_socket[PID: 580 (xmldbc)]: family:1, type:2, protocol:0
[  110.631916] firmadyne: sys_socket[PID: 581 (xmldbc)]: family:1, type:2, protocol:0
[  110.690582] firmadyne: sys_socket[PID: 582 (xmldbc)]: family:1, type:2, protocol:0
[  110.751260] firmadyne: sys_socket[PID: 583 (xmldbc)]: family:1, type:2, protocol:0
[  110.811960] firmadyne: sys_socket[PID: 584 (xmldbc)]: family:1, type:2, protocol:0
[  110.869579] firmadyne: sys_socket[PID: 585 (xmldbc)]: family:1, type:2, protocol:0
[  110.928696] firmadyne: sys_socket[PID: 586 (xmldbc)]: family:1, type:2, protocol:0
[  110.989648] firmadyne: sys_socket[PID: 587 (xmldbc)]: family:1, type:2, protocol:0
[  111.047794] firmadyne: sys_socket[PID: 588 (xmldbc)]: family:1, type:2, protocol:0
[  111.106135] firmadyne: sys_socket[PID: 589 (xmldbc)]: family:1, type:2, protocol:0
[  111.161490] firmadyne: sys_socket[PID: 590 (xmldbc)]: family:1, type:2, protocol:0
[  111.219651] firmadyne: sys_socket[PID: 591 (xmldbc)]: family:1, type:2, protocol:0
[  111.280033] firmadyne: sys_socket[PID: 592 (xmldbc)]: family:1, type:2, protocol:0
[  111.339177] firmadyne: sys_socket[PID: 593 (xmldbc)]: family:1, type:2, protocol:0
[  111.398318] firmadyne: sys_socket[PID: 594 (xmldbc)]: family:1, type:2, protocol:0
[  111.456893] firmadyne: sys_socket[PID: 595 (xmldbc)]: family:1, type:2, protocol:0
[  111.515660] firmadyne: sys_socket[PID: 596 (xmldbc)]: family:1, type:2, protocol:0
[  111.574799] firmadyne: sys_socket[PID: 597 (xmldbc)]: family:1, type:2, protocol:0
[  111.633136] firmadyne: sys_socket[PID: 598 (xmldbc)]: family:1, type:2, protocol:0
[  111.771656] firmadyne: sys_socket[PID: 602 (xmldbc)]: family:1, type:2, protocol:0
[  111.832749] firmadyne: sys_socket[PID: 603 (xmldbc)]: family:1, type:2, protocol:0
[  111.890313] firmadyne: sys_socket[PID: 604 (xmldbc)]: family:1, type:2, protocol:0
[  111.949854] firmadyne: sys_socket[PID: 605 (xmldbc)]: family:1, type:2, protocol:0
[  112.008382] firmadyne: sys_socket[PID: 606 (xmldbc)]: family:1, type:2, protocol:0
[  112.067881] firmadyne: sys_socket[PID: 607 (xmldbc)]: family:1, type:2, protocol:0
[  112.126364] firmadyne: sys_socket[PID: 608 (xmldbc)]: family:1, type:2, protocol:0
[  112.185871] firmadyne: sys_socket[PID: 609 (xmldbc)]: family:1, type:2, protocol:0
[  112.244472] firmadyne: sys_socket[PID: 610 (xmldbc)]: family:1, type:2, protocol:0
[  112.303582] firmadyne: sys_socket[PID: 611 (xmldbc)]: family:1, type:2, protocol:0
[  112.364169] firmadyne: sys_socket[PID: 612 (xmldbc)]: family:1, type:2, protocol:0
[  112.423923] firmadyne: sys_socket[PID: 613 (xmldbc)]: family:1, type:2, protocol:0
[  112.483493] firmadyne: sys_socket[PID: 614 (xmldbc)]: family:1, type:2, protocol:0
[  112.537582] firmadyne: sys_socket[PID: 615 (xmldbc)]: family:1, type:2, protocol:0
[  112.598072] firmadyne: sys_socket[PID: 616 (xmldbc)]: family:1, type:2, protocol:0
[  112.656799] firmadyne: sys_socket[PID: 617 (xmldbc)]: family:1, type:2, protocol:0
[  112.715735] firmadyne: sys_socket[PID: 618 (xmldbc)]: family:1, type:2, protocol:0
[  112.775624] firmadyne: sys_socket[PID: 619 (xmldbc)]: family:1, type:2, protocol:0
[  112.837317] firmadyne: sys_socket[PID: 620 (xmldbc)]: family:1, type:2, protocol:0
[  112.976132] firmadyne: sys_socket[PID: 624 (xmldbc)]: family:1, type:2, protocol:0
[  113.034899] firmadyne: sys_socket[PID: 625 (xmldbc)]: family:1, type:2, protocol:0
[  113.093875] firmadyne: sys_socket[PID: 626 (xmldbc)]: family:1, type:2, protocol:0
[  113.154298] firmadyne: sys_socket[PID: 627 (xmldbc)]: family:1, type:2, protocol:0
[  113.212212] firmadyne: sys_socket[PID: 628 (xmldbc)]: family:1, type:2, protocol:0
[  113.270870] firmadyne: sys_socket[PID: 629 (xmldbc)]: family:1, type:2, protocol:0
[  113.328542] firmadyne: sys_socket[PID: 630 (xmldbc)]: family:1, type:2, protocol:0
[  113.388736] firmadyne: sys_socket[PID: 631 (xmldbc)]: family:1, type:2, protocol:0
[  113.442140] firmadyne: sys_socket[PID: 632 (xmldbc)]: family:1, type:2, protocol:0
[  113.499618] firmadyne: sys_socket[PID: 633 (xmldbc)]: family:1, type:2, protocol:0
[  113.559211] firmadyne: sys_socket[PID: 634 (xmldbc)]: family:1, type:2, protocol:0
[  113.612466] firmadyne: sys_socket[PID: 635 (xmldbc)]: family:1, type:2, protocol:0
[  113.671827] firmadyne: sys_socket[PID: 636 (xmldbc)]: family:1, type:2, protocol:0
[  113.730177] firmadyne: sys_socket[PID: 637 (xmldbc)]: family:1, type:2, protocol:0
[  113.790423] firmadyne: sys_socket[PID: 638 (xmldbc)]: family:1, type:2, protocol:0
[  113.851363] firmadyne: sys_socket[PID: 639 (xmldbc)]: family:1, type:2, protocol:0
[  113.911688] firmadyne: sys_socket[PID: 640 (xmldbc)]: family:1, type:2, protocol:0
[  113.972395] firmadyne: sys_socket[PID: 641 (xmldbc)]: family:1, type:2, protocol:0
[  114.033275] firmadyne: sys_socket[PID: 642 (xmldbc)]: family:1, type:2, protocol:0
[  114.172303] firmadyne: sys_socket[PID: 646 (xmldbc)]: family:1, type:2, protocol:0
[  114.231545] firmadyne: sys_socket[PID: 647 (xmldbc)]: family:1, type:2, protocol:0
[  114.290144] firmadyne: sys_socket[PID: 648 (xmldbc)]: family:1, type:2, protocol:0
[  114.349451] firmadyne: sys_socket[PID: 649 (xmldbc)]: family:1, type:2, protocol:0
[  114.408673] firmadyne: sys_socket[PID: 650 (xmldbc)]: family:1, type:2, protocol:0
[  114.467480] firmadyne: sys_socket[PID: 651 (xmldbc)]: family:1, type:2, protocol:0
[  114.525689] firmadyne: sys_socket[PID: 652 (xmldbc)]: family:1, type:2, protocol:0
[  114.585402] firmadyne: sys_socket[PID: 653 (xmldbc)]: family:1, type:2, protocol:0
[  114.643496] firmadyne: sys_socket[PID: 654 (xmldbc)]: family:1, type:2, protocol:0
[  114.703459] firmadyne: sys_socket[PID: 655 (xmldbc)]: family:1, type:2, protocol:0
[  114.763745] firmadyne: sys_socket[PID: 656 (xmldbc)]: family:1, type:2, protocol:0
[  114.824215] firmadyne: sys_socket[PID: 657 (xmldbc)]: family:1, type:2, protocol:0
[  114.883369] firmadyne: sys_socket[PID: 658 (xmldbc)]: family:1, type:2, protocol:0
[  114.937917] firmadyne: sys_socket[PID: 659 (xmldbc)]: family:1, type:2, protocol:0
[  114.998584] firmadyne: sys_socket[PID: 660 (xmldbc)]: family:1, type:2, protocol:0
[  115.057330] firmadyne: sys_socket[PID: 661 (xmldbc)]: family:1, type:2, protocol:0
[  115.115895] firmadyne: sys_socket[PID: 662 (xmldbc)]: family:1, type:2, protocol:0
[  115.170504] firmadyne: sys_socket[PID: 663 (xmldbc)]: family:1, type:2, protocol:0
[  115.227889] firmadyne: sys_socket[PID: 664 (xmldbc)]: family:1, type:2, protocol:0
[  115.368598] firmadyne: sys_socket[PID: 668 (xmldbc)]: family:1, type:2, protocol:0
[  115.427240] firmadyne: sys_socket[PID: 669 (xmldbc)]: family:1, type:2, protocol:0
[  115.485488] firmadyne: sys_socket[PID: 670 (xmldbc)]: family:1, type:2, protocol:0
[  115.545265] firmadyne: sys_socket[PID: 671 (xmldbc)]: family:1, type:2, protocol:0
[  115.604841] firmadyne: sys_socket[PID: 672 (xmldbc)]: family:1, type:2, protocol:0
[  115.663845] firmadyne: sys_socket[PID: 673 (xmldbc)]: family:1, type:2, protocol:0
[  115.722442] firmadyne: sys_socket[PID: 674 (xmldbc)]: family:1, type:2, protocol:0
[  115.782796] firmadyne: sys_socket[PID: 675 (xmldbc)]: family:1, type:2, protocol:0
[  115.845528] firmadyne: sys_socket[PID: 676 (xmldbc)]: family:1, type:2, protocol:0
[  115.904613] firmadyne: sys_socket[PID: 677 (xmldbc)]: family:1, type:2, protocol:0
[  115.964976] firmadyne: sys_socket[PID: 678 (xmldbc)]: family:1, type:2, protocol:0
[  116.023902] firmadyne: sys_socket[PID: 679 (xmldbc)]: family:1, type:2, protocol:0
[  116.078328] firmadyne: sys_socket[PID: 680 (xmldbc)]: family:1, type:2, protocol:0
[  116.137333] firmadyne: sys_socket[PID: 681 (xmldbc)]: family:1, type:2, protocol:0
[  116.196611] firmadyne: sys_socket[PID: 682 (xmldbc)]: family:1, type:2, protocol:0
[  116.254621] firmadyne: sys_socket[PID: 683 (xmldbc)]: family:1, type:2, protocol:0
[  116.313388] firmadyne: sys_socket[PID: 684 (xmldbc)]: family:1, type:2, protocol:0
[  116.374110] firmadyne: sys_socket[PID: 685 (xmldbc)]: family:1, type:2, protocol:0
[  116.433461] firmadyne: sys_socket[PID: 686 (xmldbc)]: family:1, type:2, protocol:0
[  116.567801] firmadyne: sys_socket[PID: 690 (xmldbc)]: family:1, type:2, protocol:0
[  116.625024] firmadyne: sys_socket[PID: 691 (xmldbc)]: family:1, type:2, protocol:0
[  116.683827] firmadyne: sys_socket[PID: 692 (xmldbc)]: family:1, type:2, protocol:0
[  116.744162] firmadyne: sys_socket[PID: 693 (xmldbc)]: family:1, type:2, protocol:0
[  116.802478] firmadyne: sys_socket[PID: 694 (xmldbc)]: family:1, type:2, protocol:0
[  116.863614] firmadyne: sys_socket[PID: 695 (xmldbc)]: family:1, type:2, protocol:0
[  116.922471] firmadyne: sys_socket[PID: 696 (xmldbc)]: family:1, type:2, protocol:0
[  116.984348] firmadyne: sys_socket[PID: 697 (xmldbc)]: family:1, type:2, protocol:0
[  117.043524] firmadyne: sys_socket[PID: 698 (xmldbc)]: family:1, type:2, protocol:0
[  117.103401] firmadyne: sys_socket[PID: 699 (xmldbc)]: family:1, type:2, protocol:0
[  117.164300] firmadyne: sys_socket[PID: 700 (xmldbc)]: family:1, type:2, protocol:0
[  117.223569] firmadyne: sys_socket[PID: 701 (xmldbc)]: family:1, type:2, protocol:0
[  117.283241] firmadyne: sys_socket[PID: 702 (xmldbc)]: family:1, type:2, protocol:0
[  117.343612] firmadyne: sys_socket[PID: 703 (xmldbc)]: family:1, type:2, protocol:0
[  117.403201] firmadyne: sys_socket[PID: 704 (xmldbc)]: family:1, type:2, protocol:0
[  117.456760] firmadyne: sys_socket[PID: 705 (xmldbc)]: family:1, type:2, protocol:0
[  117.514314] firmadyne: sys_socket[PID: 706 (xmldbc)]: family:1, type:2, protocol:0
[  117.569275] firmadyne: sys_socket[PID: 707 (xmldbc)]: family:1, type:2, protocol:0
[  117.627558] firmadyne: sys_socket[PID: 708 (xmldbc)]: family:1, type:2, protocol:0
[  117.761263] firmadyne: sys_socket[PID: 712 (xmldbc)]: family:1, type:2, protocol:0
[  117.813471] firmadyne: sys_socket[PID: 713 (xmldbc)]: family:1, type:2, protocol:0
[  117.873423] firmadyne: sys_socket[PID: 714 (xmldbc)]: family:1, type:2, protocol:0
[  117.933865] firmadyne: sys_socket[PID: 715 (xmldbc)]: family:1, type:2, protocol:0
[  117.993432] firmadyne: sys_socket[PID: 716 (xmldbc)]: family:1, type:2, protocol:0
[  118.051638] firmadyne: sys_socket[PID: 717 (xmldbc)]: family:1, type:2, protocol:0
[  118.105615] firmadyne: sys_socket[PID: 718 (xmldbc)]: family:1, type:2, protocol:0
[  118.165126] firmadyne: sys_socket[PID: 719 (xmldbc)]: family:1, type:2, protocol:0
[  118.225025] firmadyne: sys_socket[PID: 720 (xmldbc)]: family:1, type:2, protocol:0
[  118.284196] firmadyne: sys_socket[PID: 721 (xmldbc)]: family:1, type:2, protocol:0
[  118.344458] firmadyne: sys_socket[PID: 722 (xmldbc)]: family:1, type:2, protocol:0
[  118.404869] firmadyne: sys_socket[PID: 723 (xmldbc)]: family:1, type:2, protocol:0
[  118.478858] firmadyne: sys_socket[PID: 724 (xmldbc)]: family:1, type:2, protocol:0
[  118.573327] firmadyne: sys_socket[PID: 725 (xmldbc)]: family:1, type:2, protocol:0
[  118.632156] firmadyne: sys_socket[PID: 726 (xmldbc)]: family:1, type:2, protocol:0
[  118.691218] firmadyne: sys_socket[PID: 727 (xmldbc)]: family:1, type:2, protocol:0
[  118.751375] firmadyne: sys_socket[PID: 728 (xmldbc)]: family:1, type:2, protocol:0
[  118.809441] firmadyne: sys_socket[PID: 729 (xmldbc)]: family:1, type:2, protocol:0
[  118.869759] firmadyne: sys_socket[PID: 730 (xmldbc)]: family:1, type:2, protocol:0
[  119.018003] firmadyne: sys_socket[PID: 734 (xmldbc)]: family:1, type:2, protocol:0
[  119.076213] firmadyne: sys_socket[PID: 735 (xmldbc)]: family:1, type:2, protocol:0
[  119.135324] firmadyne: sys_socket[PID: 736 (xmldbc)]: family:1, type:2, protocol:0
[  119.194643] firmadyne: sys_socket[PID: 737 (xmldbc)]: family:1, type:2, protocol:0
[  119.255608] firmadyne: sys_socket[PID: 738 (xmldbc)]: family:1, type:2, protocol:0
[  119.313939] firmadyne: sys_socket[PID: 739 (xmldbc)]: family:1, type:2, protocol:0
[  119.373296] firmadyne: sys_socket[PID: 740 (xmldbc)]: family:1, type:2, protocol:0
[  119.431680] firmadyne: sys_socket[PID: 741 (xmldbc)]: family:1, type:2, protocol:0
[  119.489527] firmadyne: sys_socket[PID: 742 (xmldbc)]: family:1, type:2, protocol:0
[  119.549135] firmadyne: sys_socket[PID: 743 (xmldbc)]: family:1, type:2, protocol:0
[  119.607566] firmadyne: sys_socket[PID: 744 (xmldbc)]: family:1, type:2, protocol:0
[  119.665918] firmadyne: sys_socket[PID: 745 (xmldbc)]: family:1, type:2, protocol:0
[  119.724962] firmadyne: sys_socket[PID: 746 (xmldbc)]: family:1, type:2, protocol:0
[  119.784257] firmadyne: sys_socket[PID: 747 (xmldbc)]: family:1, type:2, protocol:0
[  119.841881] firmadyne: sys_socket[PID: 748 (xmldbc)]: family:1, type:2, protocol:0
[  119.901758] firmadyne: sys_socket[PID: 749 (xmldbc)]: family:1, type:2, protocol:0
[  119.961661] firmadyne: sys_socket[PID: 750 (xmldbc)]: family:1, type:2, protocol:0
[  120.020772] firmadyne: sys_socket[PID: 751 (xmldbc)]: family:1, type:2, protocol:0
[  120.080623] firmadyne: sys_socket[PID: 752 (xmldbc)]: family:1, type:2, protocol:0
[  120.219512] firmadyne: sys_socket[PID: 756 (xmldbc)]: family:1, type:2, protocol:0
[  120.276888] firmadyne: sys_socket[PID: 757 (xmldbc)]: family:1, type:2, protocol:0
[  120.333963] firmadyne: sys_socket[PID: 758 (xmldbc)]: family:1, type:2, protocol:0
[  120.393156] firmadyne: sys_socket[PID: 759 (xmldbc)]: family:1, type:2, protocol:0
[  120.452102] firmadyne: sys_socket[PID: 760 (xmldbc)]: family:1, type:2, protocol:0
[  120.509905] firmadyne: sys_socket[PID: 761 (xmldbc)]: family:1, type:2, protocol:0
[  120.570139] firmadyne: sys_socket[PID: 762 (xmldbc)]: family:1, type:2, protocol:0
[  120.628006] firmadyne: sys_socket[PID: 763 (xmldbc)]: family:1, type:2, protocol:0
[  120.686406] firmadyne: sys_socket[PID: 764 (xmldbc)]: family:1, type:2, protocol:0
[  120.745604] firmadyne: sys_socket[PID: 765 (xmldbc)]: family:1, type:2, protocol:0
[  120.803825] firmadyne: sys_socket[PID: 766 (xmldbc)]: family:1, type:2, protocol:0
[  120.862504] firmadyne: sys_socket[PID: 767 (xmldbc)]: family:1, type:2, protocol:0
[  120.923303] firmadyne: sys_socket[PID: 768 (xmldbc)]: family:1, type:2, protocol:0
[  120.982881] firmadyne: sys_socket[PID: 769 (xmldbc)]: family:1, type:2, protocol:0
[  121.036316] firmadyne: sys_socket[PID: 770 (xmldbc)]: family:1, type:2, protocol:0
[  121.094015] firmadyne: sys_socket[PID: 771 (xmldbc)]: family:1, type:2, protocol:0
[  121.153427] firmadyne: sys_socket[PID: 772 (xmldbc)]: family:1, type:2, protocol:0
[  121.211253] firmadyne: sys_socket[PID: 773 (xmldbc)]: family:1, type:2, protocol:0
[  121.269424] firmadyne: sys_socket[PID: 774 (xmldbc)]: family:1, type:2, protocol:0
[  121.406473] firmadyne: sys_socket[PID: 778 (xmldbc)]: family:1, type:2, protocol:0
[  121.464712] firmadyne: sys_socket[PID: 779 (xmldbc)]: family:1, type:2, protocol:0
[  121.522347] firmadyne: sys_socket[PID: 780 (xmldbc)]: family:1, type:2, protocol:0
[  121.581275] firmadyne: sys_socket[PID: 781 (xmldbc)]: family:1, type:2, protocol:0
[  121.638599] firmadyne: sys_socket[PID: 782 (xmldbc)]: family:1, type:2, protocol:0
[  121.696767] firmadyne: sys_socket[PID: 783 (xmldbc)]: family:1, type:2, protocol:0
[  121.756449] firmadyne: sys_socket[PID: 784 (xmldbc)]: family:1, type:2, protocol:0
[  121.814160] firmadyne: sys_socket[PID: 785 (xmldbc)]: family:1, type:2, protocol:0
[  121.872331] firmadyne: sys_socket[PID: 786 (xmldbc)]: family:1, type:2, protocol:0
[  121.932969] firmadyne: sys_socket[PID: 787 (xmldbc)]: family:1, type:2, protocol:0
[  121.993267] firmadyne: sys_socket[PID: 788 (xmldbc)]: family:1, type:2, protocol:0
[  122.052215] firmadyne: sys_socket[PID: 789 (xmldbc)]: family:1, type:2, protocol:0
[  122.110850] firmadyne: sys_socket[PID: 790 (xmldbc)]: family:1, type:2, protocol:0
[  122.170260] firmadyne: sys_socket[PID: 791 (xmldbc)]: family:1, type:2, protocol:0
[  122.227529] firmadyne: sys_socket[PID: 792 (xmldbc)]: family:1, type:2, protocol:0
[  122.284980] firmadyne: sys_socket[PID: 793 (xmldbc)]: family:1, type:2, protocol:0
[  122.344050] firmadyne: sys_socket[PID: 794 (xmldbc)]: family:1, type:2, protocol:0
[  122.402185] firmadyne: sys_socket[PID: 795 (xmldbc)]: family:1, type:2, protocol:0
[  122.462020] firmadyne: sys_socket[PID: 796 (xmldbc)]: family:1, type:2, protocol:0
[  122.599791] firmadyne: sys_socket[PID: 800 (xmldbc)]: family:1, type:2, protocol:0
[  122.657830] firmadyne: sys_socket[PID: 801 (xmldbc)]: family:1, type:2, protocol:0
[  122.715719] firmadyne: sys_socket[PID: 802 (xmldbc)]: family:1, type:2, protocol:0
[  122.776074] firmadyne: sys_socket[PID: 803 (xmldbc)]: family:1, type:2, protocol:0
[  122.834235] firmadyne: sys_socket[PID: 804 (xmldbc)]: family:1, type:2, protocol:0
[  122.900015] firmadyne: sys_socket[PID: 805 (xmldbc)]: family:1, type:2, protocol:0
[  122.960426] firmadyne: sys_socket[PID: 806 (xmldbc)]: family:1, type:2, protocol:0
[  123.019865] firmadyne: sys_socket[PID: 807 (xmldbc)]: family:1, type:2, protocol:0
[  123.078457] firmadyne: sys_socket[PID: 808 (xmldbc)]: family:1, type:2, protocol:0
[  123.140851] firmadyne: sys_socket[PID: 809 (xmldbc)]: family:1, type:2, protocol:0
[  123.200056] firmadyne: sys_socket[PID: 810 (xmldbc)]: family:1, type:2, protocol:0
[  123.259401] firmadyne: sys_socket[PID: 811 (xmldbc)]: family:1, type:2, protocol:0
[  123.318217] firmadyne: sys_socket[PID: 812 (xmldbc)]: family:1, type:2, protocol:0
[  123.377902] firmadyne: sys_socket[PID: 813 (xmldbc)]: family:1, type:2, protocol:0
[  123.436573] firmadyne: sys_socket[PID: 814 (xmldbc)]: family:1, type:2, protocol:0
[  123.494753] firmadyne: sys_socket[PID: 815 (xmldbc)]: family:1, type:2, protocol:0
[  123.554500] firmadyne: sys_socket[PID: 816 (xmldbc)]: family:1, type:2, protocol:0
[  123.612810] firmadyne: sys_socket[PID: 817 (xmldbc)]: family:1, type:2, protocol:0
[  123.670557] firmadyne: sys_socket[PID: 818 (xmldbc)]: family:1, type:2, protocol:0
[  123.810267] firmadyne: sys_socket[PID: 822 (xmldbc)]: family:1, type:2, protocol:0
[  123.869549] firmadyne: sys_socket[PID: 823 (xmldbc)]: family:1, type:2, protocol:0
[  123.930377] firmadyne: sys_socket[PID: 824 (xmldbc)]: family:1, type:2, protocol:0
[  123.990319] firmadyne: sys_socket[PID: 825 (xmldbc)]: family:1, type:2, protocol:0
[  124.048581] firmadyne: sys_socket[PID: 826 (xmldbc)]: family:1, type:2, protocol:0
[  124.106818] firmadyne: sys_socket[PID: 827 (xmldbc)]: family:1, type:2, protocol:0
[  124.166288] firmadyne: sys_socket[PID: 828 (xmldbc)]: family:1, type:2, protocol:0
[  124.224348] firmadyne: sys_socket[PID: 829 (xmldbc)]: family:1, type:2, protocol:0
[  124.281925] firmadyne: sys_socket[PID: 830 (xmldbc)]: family:1, type:2, protocol:0
[  124.340521] firmadyne: sys_socket[PID: 831 (xmldbc)]: family:1, type:2, protocol:0
[  124.398613] firmadyne: sys_socket[PID: 832 (xmldbc)]: family:1, type:2, protocol:0
[  124.457608] firmadyne: sys_socket[PID: 833 (xmldbc)]: family:1, type:2, protocol:0
[  124.516173] firmadyne: sys_socket[PID: 834 (xmldbc)]: family:1, type:2, protocol:0
[  124.576440] firmadyne: sys_socket[PID: 835 (xmldbc)]: family:1, type:2, protocol:0
[  124.634875] firmadyne: sys_socket[PID: 836 (xmldbc)]: family:1, type:2, protocol:0
[  124.693019] firmadyne: sys_socket[PID: 837 (xmldbc)]: family:1, type:2, protocol:0
[  124.752931] firmadyne: sys_socket[PID: 838 (xmldbc)]: family:1, type:2, protocol:0
[  124.811209] firmadyne: sys_socket[PID: 839 (xmldbc)]: family:1, type:2, protocol:0
[  124.868740] firmadyne: sys_socket[PID: 840 (xmldbc)]: family:1, type:2, protocol:0
[  125.009652] firmadyne: sys_socket[PID: 844 (xmldbc)]: family:1, type:2, protocol:0
[  125.068312] firmadyne: sys_socket[PID: 845 (xmldbc)]: family:1, type:2, protocol:0
[  125.127530] firmadyne: sys_socket[PID: 846 (xmldbc)]: family:1, type:2, protocol:0
[  125.187576] firmadyne: sys_socket[PID: 847 (xmldbc)]: family:1, type:2, protocol:0
[  125.246079] firmadyne: sys_socket[PID: 848 (xmldbc)]: family:1, type:2, protocol:0
[  125.304686] firmadyne: sys_socket[PID: 849 (xmldbc)]: family:1, type:2, protocol:0
[  125.364502] firmadyne: sys_socket[PID: 850 (xmldbc)]: family:1, type:2, protocol:0
[  125.423624] firmadyne: sys_socket[PID: 851 (xmldbc)]: family:1, type:2, protocol:0
[  125.481803] firmadyne: sys_socket[PID: 852 (xmldbc)]: family:1, type:2, protocol:0
[  125.540835] firmadyne: sys_socket[PID: 853 (xmldbc)]: family:1, type:2, protocol:0
[  125.599536] firmadyne: sys_socket[PID: 854 (xmldbc)]: family:1, type:2, protocol:0
[  125.657567] firmadyne: sys_socket[PID: 855 (xmldbc)]: family:1, type:2, protocol:0
[  125.715816] firmadyne: sys_socket[PID: 856 (xmldbc)]: family:1, type:2, protocol:0
[  125.775457] firmadyne: sys_socket[PID: 857 (xmldbc)]: family:1, type:2, protocol:0
[  125.833318] firmadyne: sys_socket[PID: 858 (xmldbc)]: family:1, type:2, protocol:0
[  125.892601] firmadyne: sys_socket[PID: 859 (xmldbc)]: family:1, type:2, protocol:0
[  125.954590] firmadyne: sys_socket[PID: 860 (xmldbc)]: family:1, type:2, protocol:0
[  126.013334] firmadyne: sys_socket[PID: 861 (xmldbc)]: family:1, type:2, protocol:0
[  126.072103] firmadyne: sys_socket[PID: 862 (xmldbc)]: family:1, type:2, protocol:0
[  126.209326] firmadyne: sys_socket[PID: 866 (xmldbc)]: family:1, type:2, protocol:0
[  126.266475] firmadyne: sys_socket[PID: 867 (xmldbc)]: family:1, type:2, protocol:0
[  126.324238] firmadyne: sys_socket[PID: 868 (xmldbc)]: family:1, type:2, protocol:0
[  126.383365] firmadyne: sys_socket[PID: 869 (xmldbc)]: family:1, type:2, protocol:0
[  126.442059] firmadyne: sys_socket[PID: 870 (xmldbc)]: family:1, type:2, protocol:0
[  126.500489] firmadyne: sys_socket[PID: 871 (xmldbc)]: family:1, type:2, protocol:0
[  126.560849] firmadyne: sys_socket[PID: 872 (xmldbc)]: family:1, type:2, protocol:0
[  126.621963] firmadyne: sys_socket[PID: 873 (xmldbc)]: family:1, type:2, protocol:0
[  126.682737] firmadyne: sys_socket[PID: 874 (xmldbc)]: family:1, type:2, protocol:0
[  126.744890] firmadyne: sys_socket[PID: 875 (xmldbc)]: family:1, type:2, protocol:0
[  126.803444] firmadyne: sys_socket[PID: 876 (xmldbc)]: family:1, type:2, protocol:0
[  126.861736] firmadyne: sys_socket[PID: 877 (xmldbc)]: family:1, type:2, protocol:0
[  126.922335] firmadyne: sys_socket[PID: 878 (xmldbc)]: family:1, type:2, protocol:0
[  126.982665] firmadyne: sys_socket[PID: 879 (xmldbc)]: family:1, type:2, protocol:0
[  127.040967] firmadyne: sys_socket[PID: 880 (xmldbc)]: family:1, type:2, protocol:0
[  127.099449] firmadyne: sys_socket[PID: 881 (xmldbc)]: family:1, type:2, protocol:0
[  127.159998] firmadyne: sys_socket[PID: 882 (xmldbc)]: family:1, type:2, protocol:0
[  127.218489] firmadyne: sys_socket[PID: 883 (xmldbc)]: family:1, type:2, protocol:0
[  127.277666] firmadyne: sys_socket[PID: 884 (xmldbc)]: family:1, type:2, protocol:0
[  127.415688] firmadyne: sys_socket[PID: 888 (xmldbc)]: family:1, type:2, protocol:0
[  127.473801] firmadyne: sys_socket[PID: 889 (xmldbc)]: family:1, type:2, protocol:0
[  127.531528] firmadyne: sys_socket[PID: 890 (xmldbc)]: family:1, type:2, protocol:0
[  127.585997] firmadyne: sys_socket[PID: 891 (xmldbc)]: family:1, type:2, protocol:0
[  127.643721] firmadyne: sys_socket[PID: 892 (xmldbc)]: family:1, type:2, protocol:0
[  127.701907] firmadyne: sys_socket[PID: 893 (xmldbc)]: family:1, type:2, protocol:0
[  127.761092] firmadyne: sys_socket[PID: 894 (xmldbc)]: family:1, type:2, protocol:0
[  127.813897] firmadyne: sys_socket[PID: 895 (xmldbc)]: family:1, type:2, protocol:0
[  127.871660] firmadyne: sys_socket[PID: 896 (xmldbc)]: family:1, type:2, protocol:0
[  127.932210] firmadyne: sys_socket[PID: 897 (xmldbc)]: family:1, type:2, protocol:0
[  127.993189] firmadyne: sys_socket[PID: 898 (xmldbc)]: family:1, type:2, protocol:0
[  128.051986] firmadyne: sys_socket[PID: 899 (xmldbc)]: family:1, type:2, protocol:0
[  128.110575] firmadyne: sys_socket[PID: 900 (xmldbc)]: family:1, type:2, protocol:0
[  128.170097] firmadyne: sys_socket[PID: 901 (xmldbc)]: family:1, type:2, protocol:0
[  128.228321] firmadyne: sys_socket[PID: 902 (xmldbc)]: family:1, type:2, protocol:0
[  128.286625] firmadyne: sys_socket[PID: 903 (xmldbc)]: family:1, type:2, protocol:0
[  128.345638] firmadyne: sys_socket[PID: 904 (xmldbc)]: family:1, type:2, protocol:0
[  128.408746] firmadyne: sys_socket[PID: 905 (xmldbc)]: family:1, type:2, protocol:0
[  128.468451] firmadyne: sys_socket[PID: 906 (xmldbc)]: family:1, type:2, protocol:0
[  128.608349] firmadyne: sys_socket[PID: 910 (xmldbc)]: family:1, type:2, protocol:0
[  128.667169] firmadyne: sys_socket[PID: 911 (xmldbc)]: family:1, type:2, protocol:0
[  128.725679] firmadyne: sys_socket[PID: 912 (xmldbc)]: family:1, type:2, protocol:0
[  128.785705] firmadyne: sys_socket[PID: 913 (xmldbc)]: family:1, type:2, protocol:0
[  128.843747] firmadyne: sys_socket[PID: 914 (xmldbc)]: family:1, type:2, protocol:0
[  128.901933] firmadyne: sys_socket[PID: 915 (xmldbc)]: family:1, type:2, protocol:0
[  128.963836] firmadyne: sys_socket[PID: 916 (xmldbc)]: family:1, type:2, protocol:0
[  129.023293] firmadyne: sys_socket[PID: 917 (xmldbc)]: family:1, type:2, protocol:0
[  129.082612] firmadyne: sys_socket[PID: 918 (xmldbc)]: family:1, type:2, protocol:0
[  129.142304] firmadyne: sys_socket[PID: 919 (xmldbc)]: family:1, type:2, protocol:0
[  129.201297] firmadyne: sys_socket[PID: 920 (xmldbc)]: family:1, type:2, protocol:0
[  129.261506] firmadyne: sys_socket[PID: 921 (xmldbc)]: family:1, type:2, protocol:0
[  129.320215] firmadyne: sys_socket[PID: 922 (xmldbc)]: family:1, type:2, protocol:0
[  129.379516] firmadyne: sys_socket[PID: 923 (xmldbc)]: family:1, type:2, protocol:0
[  129.438048] firmadyne: sys_socket[PID: 924 (xmldbc)]: family:1, type:2, protocol:0
[  129.496220] firmadyne: sys_socket[PID: 925 (xmldbc)]: family:1, type:2, protocol:0
[  129.555561] firmadyne: sys_socket[PID: 926 (xmldbc)]: family:1, type:2, protocol:0
[  129.614560] firmadyne: sys_socket[PID: 927 (xmldbc)]: family:1, type:2, protocol:0
[  129.672709] firmadyne: sys_socket[PID: 928 (xmldbc)]: family:1, type:2, protocol:0
[  129.858741] firmadyne: sys_socket[PID: 933 (xmldbc)]: family:1, type:2, protocol:0
[  129.918527] firmadyne: sys_socket[PID: 934 (xmldbc)]: family:1, type:2, protocol:0
[  129.981620] firmadyne: sys_socket[PID: 935 (xmldbc)]: family:1, type:2, protocol:0
[  130.034723] firmadyne: sys_socket[PID: 936 (xmldbc)]: family:1, type:2, protocol:0
[  130.092491] firmadyne: sys_socket[PID: 937 (xmldbc)]: family:1, type:2, protocol:0
[  130.152330] firmadyne: sys_socket[PID: 938 (xmldbc)]: family:1, type:2, protocol:0
[  130.282688] firmadyne: sys_socket[PID: 942 (xmldbc)]: family:1, type:2, protocol:0
[  130.341914] firmadyne: sys_socket[PID: 943 (xmldbc)]: family:1, type:2, protocol:0
[  130.400869] firmadyne: sys_socket[PID: 944 (xmldbc)]: family:1, type:2, protocol:0
[  130.460450] firmadyne: sys_socket[PID: 945 (xmldbc)]: family:1, type:2, protocol:0
[  130.518041] firmadyne: sys_socket[PID: 946 (xmldbc)]: family:1, type:2, protocol:0
[  130.576947] firmadyne: sys_socket[PID: 947 (xmldbc)]: family:1, type:2, protocol:0
[  130.752303] firmadyne: sys_socket[PID: 952 (xmldbc)]: family:1, type:2, protocol:0
[  130.888227] firmadyne: sys_socket[PID: 956 (xmldbc)]: family:1, type:2, protocol:0
[  131.028945] firmadyne: sys_socket[PID: 960 (xmldbc)]: family:1, type:2, protocol:0
[  131.167816] firmadyne: sys_socket[PID: 964 (xmldbc)]: family:1, type:2, protocol:0
[  131.304036] firmadyne: sys_socket[PID: 968 (xmldbc)]: family:1, type:2, protocol:0
[  131.440891] firmadyne: sys_socket[PID: 972 (xmldbc)]: family:1, type:2, protocol:0
[  131.577409] firmadyne: sys_socket[PID: 976 (xmldbc)]: family:1, type:2, protocol:0
[  131.713118] firmadyne: sys_socket[PID: 980 (xmldbc)]: family:1, type:2, protocol:0
[  131.849847] firmadyne: sys_socket[PID: 984 (xmldbc)]: family:1, type:2, protocol:0
[  131.995788] firmadyne: sys_socket[PID: 988 (xmldbc)]: family:1, type:2, protocol:0
[  132.133892] firmadyne: sys_socket[PID: 992 (xmldbc)]: family:1, type:2, protocol:0
[  132.270338] firmadyne: sys_socket[PID: 996 (xmldbc)]: family:1, type:2, protocol:0
[  132.407773] firmadyne: sys_socket[PID: 1000 (xmldbc)]: family:1, type:2, protocol:0
[  132.545757] firmadyne: sys_socket[PID: 1004 (xmldbc)]: family:1, type:2, protocol:0
[  132.682038] firmadyne: sys_socket[PID: 1008 (xmldbc)]: family:1, type:2, protocol:0
[  132.818811] firmadyne: sys_socket[PID: 1012 (xmldbc)]: family:1, type:2, protocol:0
[  132.956907] firmadyne: sys_socket[PID: 1016 (xmldbc)]: family:1, type:2, protocol:0
[  133.094663] firmadyne: sys_socket[PID: 1020 (xmldbc)]: family:1, type:2, protocol:0
[  133.232219] firmadyne: sys_socket[PID: 1024 (xmldbc)]: family:1, type:2, protocol:0
[  133.370161] firmadyne: sys_socket[PID: 1028 (xmldbc)]: family:1, type:2, protocol:0
[  133.506039] firmadyne: sys_socket[PID: 1032 (xmldbc)]: family:1, type:2, protocol:0
[  133.642781] firmadyne: sys_socket[PID: 1036 (xmldbc)]: family:1, type:2, protocol:0
[  133.780736] firmadyne: sys_socket[PID: 1040 (xmldbc)]: family:1, type:2, protocol:0
[  133.918849] firmadyne: sys_socket[PID: 1044 (xmldbc)]: family:1, type:2, protocol:0
[  134.058638] firmadyne: sys_socket[PID: 1048 (xmldbc)]: family:1, type:2, protocol:0
[  134.191434] firmadyne: sys_socket[PID: 1052 (xmldbc)]: family:1, type:2, protocol:0
[  134.327104] firmadyne: sys_socket[PID: 1056 (xmldbc)]: family:1, type:2, protocol:0
[  134.467459] firmadyne: sys_socket[PID: 1060 (xmldbc)]: family:1, type:2, protocol:0
[  134.606750] firmadyne: sys_socket[PID: 1064 (xmldbc)]: family:1, type:2, protocol:0
[  134.744519] firmadyne: sys_socket[PID: 1068 (xmldbc)]: family:1, type:2, protocol:0
[  134.882373] firmadyne: sys_socket[PID: 1072 (xmldbc)]: family:1, type:2, protocol:0
[  135.023688] firmadyne: sys_socket[PID: 1076 (xmldbc)]: family:1, type:2, protocol:0
[  135.161630] firmadyne: sys_socket[PID: 1080 (xmldbc)]: family:1, type:2, protocol:0
[  135.220212] firmadyne: sys_socket[PID: 1081 (xmldbc)]: family:1, type:2, protocol:0
[  135.278700] firmadyne: sys_socket[PID: 1082 (xmldbc)]: family:1, type:2, protocol:0
[  135.336210] firmadyne: sys_socket[PID: 1083 (xmldbc)]: family:1, type:2, protocol:0
[  135.395841] firmadyne: sys_socket[PID: 1084 (xmldbc)]: family:1, type:2, protocol:0
[  135.454904] firmadyne: sys_socket[PID: 1085 (xmldbc)]: family:1, type:2, protocol:0
[  135.514827] firmadyne: sys_socket[PID: 1086 (xmldbc)]: family:1, type:2, protocol:0
[  135.575953] firmadyne: sys_socket[PID: 1087 (xmldbc)]: family:1, type:2, protocol:0
[  135.635177] firmadyne: sys_socket[PID: 1088 (xmldbc)]: family:1, type:2, protocol:0
PHP [/etc/defnodes/S11setnodes.php] ...
[  135.755711] firmadyne: sys_socket[PID: 1091 (rgdb)]: family:1, type:2, protocol:0
PHP [/etc/defnodes/S12features.php] ...
[  136.611819] firmadyne: sys_socket[PID: 1104 (rgdb)]: family:1, type:2, protocol:0
PHP [/etc/defnodes/S13flashspeed.php] ...
[  136.741367] firmadyne: sys_socket[PID: 1107 (rgdb)]: family:1, type:2, protocol:0
PHP [/etc/defnodes/S20setnodes.php] ...
[  136.997314] firmadyne: sys_socket[PID: 1112 (rgdb)]: family:1, type:2, protocol:0
[  137.458861] UDF-fs: warning (device mtdblock4): udf_fill_super: No partition found (2)
mount: mounting /dev/mtdblock/4 on /www/locale/alt failed: Invalid argument
PHP [/etc/defnodes/S40brand.php] ...
[  137.573470] firmadyne: sys_socket[PID: 1124 (rgdb)]: family:1, type:2, protocol:0
[/etc/scripts/misc/defnodes.sh] Done !!
[/etc/scripts/misc/profile.sh] put ...
[  138.249271] firmadyne: sys_socket[PID: 1132 (rgdb)]: family:1, type:2, protocol:0
ok
[  139.276170] firmadyne: sys_socket[PID: 1138 (rgdb)]: family:1, type:2, protocol:0
[  139.348085] firmadyne: sys_socket[PID: 1140 (rgdb)]: family:1, type:2, protocol:0
[/etc/templates/timezone.sh] ...
[  139.521762] firmadyne: sys_socket[PID: 1145 (rgdb)]: family:1, type:2, protocol:0
[  139.714313] firmadyne: sys_socket[PID: 1150 (rgdb)]: family:1, type:2, protocol:0
[  143.737692] firmadyne: sys_socket[PID: 1154 (rgdb)]: family:1, type:2, protocol:0
[  143.822489] firmadyne: sys_socket[PID: 1156 (rgdb)]: family:1, type:2, protocol:0
[  143.902214] firmadyne: sys_socket[PID: 1158 (rgdb)]: family:1, type:2, protocol:0
[  143.988800] firmadyne: sys_socket[PID: 1160 (rgdb)]: family:1, type:2, protocol:0
[  144.079986] firmadyne: sys_socket[PID: 1162 (rgdb)]: family:1, type:2, protocol:0
[  144.168351] firmadyne: sys_socket[PID: 1164 (rgdb)]: family:1, type:2, protocol:0
[  144.253026] firmadyne: sys_socket[PID: 1166 (rgdb)]: family:1, type:2, protocol:0
[  144.337349] firmadyne: sys_socket[PID: 1168 (rgdb)]: family:1, type:2, protocol:0
[  144.423870] firmadyne: sys_socket[PID: 1170 (rgdb)]: family:1, type:2, protocol:0
[  144.508948] firmadyne: sys_socket[PID: 1172 (rgdb)]: family:1, type:2, protocol:0
[  144.595895] firmadyne: sys_socket[PID: 1174 (rgdb)]: family:1, type:2, protocol:0
[/etc/templates/logs.sh] ...
[  145.586623] firmadyne: sys_socket[PID: 1202 (rgdb)]: family:1, type:2, protocol:0
[  145.685657] firmadyne: sys_socket[PID: 1204 (rgdb)]: family:1, type:2, protocol:0
[/var/run/logs_run.sh] ...
[  146.305888] firmadyne: sys_socket[PID: 1209 (syslogd)]: family:1, type:1, protocol:0
[  146.462223] firmadyne: sys_socket[PID: 1214 (rgdb)]: family:1, type:2, protocol:0
[  146.673472] firmadyne: sys_socket[PID: 1218 (ifconfig)]: family:2, type:1, protocol:0
[  146.715606] 8021q: adding VLAN 0 to HW filter on device eth0
[  146.723195] e1000: eth0 NIC Link is Up 1000 Mbps Full Duplex, Flow Control: RX
[  149.826473] firmadyne: sys_socket[PID: 1220 (rgdb)]: family:1, type:2, protocol:0
[  150.171758] firmadyne: sys_socket[PID: 1232 (rgdb)]: family:1, type:2, protocol:0
[  150.364660] firmadyne: sys_socket[PID: 1238 (rgdb)]: family:1, type:2, protocol:0
[  150.389836] firmadyne: sys_socket[PID: 1239 (ifconfig)]: family:2, type:1, protocol:0
[  150.392969] firmadyne: __inet_insert_ifa[PID: 1239 (ifconfig)]: device:lo ifa:0x7f000001
[  150.451312] firmadyne: sys_socket[PID: 1240 (brctl)]: family:2, type:2, protocol:0
[  150.558660] firmadyne: sys_socket[PID: 1243 (brctl)]: family:2, type:2, protocol:0
[  150.562195] firmadyne: sys_socket[PID: 1243 (brctl)]: family:10, type:1, protocol:0
[  150.617453] firmadyne: sys_socket[PID: 1244 (brctl)]: family:2, type:2, protocol:0
[  150.621442] firmadyne: sys_socket[PID: 1244 (brctl)]: family:10, type:1, protocol:0
[/etc/init.d/S03config.sh] done!
[/etc/init.d/S10system.sh]
start Layout ...
[/etc/scripts/layout.sh] start ...
[  151.004274] firmadyne: sys_socket[PID: 1254 (rgdb)]: family:1, type:2, protocol:0
[  151.145153] firmadyne: sys_socket[PID: 1255 (rgdb)]: family:1, type:2, protocol:0
[/var/run/layout_start.sh] ...
Start bridge layout ...
[  151.305987] firmadyne: sys_socket[PID: 1259 (ifconfig)]: family:2, type:1, protocol:0
[  151.356757] firmadyne: sys_socket[PID: 1260 (brctl)]: family:2, type:2, protocol:0
[  151.360772] firmadyne: sys_socket[PID: 1260 (brctl)]: family:10, type:1, protocol:0
[  151.364357] firmadyne: sys_socket[PID: 1260 (brctl)]: family:10, type:1, protocol:0
[  151.366027] firmadyne: br_add_if[PID: 1260 (brctl)]: br:br0 dev:eth0
[  151.372724] device eth0 entered promiscuous mode
[  151.470707] firmadyne: sys_socket[PID: 1263 (xmldbc)]: family:1, type:2, protocol:0
[  151.562763] firmadyne: sys_socket[PID: 1266 (ifconfig)]: family:2, type:1, protocol:0
[  151.564787] br0: port 1(eth0) entered forwarding state
[  151.565688] br0: port 1(eth0) entered forwarding state
[  151.619170] firmadyne: sys_socket[PID: 1267 (rgdb)]: family:1, type:2, protocol:0
start LAN ...
[/etc/templates/lan.sh] ...
[  151.790591] firmadyne: sys_socket[PID: 1272 (rgdb)]: family:1, type:2, protocol:0
[  151.947119] firmadyne: sys_socket[PID: 1275 (rgdb)]: family:1, type:2, protocol:0
[  152.061836] firmadyne: sys_socket[PID: 1276 (rgdb)]: family:1, type:2, protocol:0
[/var/run/lan_start.sh] ...
Bridge mode selected, LAN is disabled !
start web server ...
[/etc/templates/webs.sh] start ...
[  152.374710] firmadyne: sys_socket[PID: 1284 (rgdb)]: family:1, type:2, protocol:0
[  152.464588] firmadyne: sys_socket[PID: 1286 (rgdb)]: family:1, type:2, protocol:0
[  152.613639] firmadyne: sys_socket[PID: 1289 (rgdb)]: family:1, type:2, protocol:0
[  152.774010] firmadyne: sys_socket[PID: 1290 (rgdb)]: family:1, type:2, protocol:0
[/var/run/webs_start.sh] ...
Starting HTTPD ...
start eth0 vlan setup ...
/etc/scripts/eth_vlan.sh: not found
[  153.189710] firmadyne: sys_socket[PID: 1300 (rgdb)]: family:1, type:2, protocol:0
[  153.231202] firmadyne: sys_socket[PID: 1301 (rgdb)]: family:1, type:2, protocol:0
[  153.447580] firmadyne: sys_socket[PID: 1302 (rgdb)]: family:1, type:2, protocol:0
#!/bin/sh
echo [$0] ... > /dev/console

# limitedadmin.php <<<

limitedadmin.sh...
[  153.760009] firmadyne: sys_socket[PID: 1306 (brctl)]: family:2, type:2, protocol:0
[  153.767427] firmadyne: sys_socket[PID: 1306 (brctl)]: family:10, type:1, protocol:0
[  153.873969] firmadyne: sys_socket[PID: 1307 (brctl)]: family:2, type:2, protocol:0
[  153.881330] firmadyne: sys_socket[PID: 1307 (brctl)]: family:10, type:1, protocol:0
[  153.989975] firmadyne: sys_socket[PID: 1308 (brctl)]: family:2, type:2, protocol:0
[  153.997391] firmadyne: sys_socket[PID: 1308 (brctl)]: family:10, type:1, protocol:0
[  154.104688] firmadyne: sys_socket[PID: 1309 (brctl)]: family:2, type:2, protocol:0
[  154.112117] firmadyne: sys_socket[PID: 1309 (brctl)]: family:10, type:1, protocol:0
[  154.223308] firmadyne: sys_socket[PID: 1310 (brctl)]: family:2, type:2, protocol:0
[  154.226407] firmadyne: sys_socket[PID: 1310 (brctl)]: family:10, type:1, protocol:0
[  154.337713] firmadyne: sys_socket[PID: 1311 (brctl)]: family:2, type:2, protocol:0
[  154.349207] firmadyne: sys_socket[PID: 1311 (brctl)]: family:10, type:1, protocol:0
start fresetd ...
enable LAN ports ...
[  154.602015] firmadyne: sys_socket[PID: 1313 (servd)]: family:1, type:2, protocol:0
Factory reset time : 5 secs
System reset time  : 1 secs
WPS command : [/etc/templates/wps.sh pbc &]
[  154.698407] firmadyne: sys_socket[PID: 1304 (httpd)]: family:10, type:2, protocol:6
[  154.707494] firmadyne: sys_setsockopt[PID: 1304 (httpd)]: fd:4, level:65535, optname:4
[/etc/scripts/enlan.sh] ...
/dev/gpio: No such device or address
[  154.814865] firmadyne: sys_socket[PID: 1316 (fresetd)]: family:1, type:1, protocol:0
 Generate channel table according to the country code...
[  154.909731] firmadyne: sys_socket[PID: 1325 (httpd)]: family:1, type:1, protocol:0
[  154.974456] firmadyne: sys_socket[PID: 1329 (genchanneltable)]: family:1, type:2, protocol:0
[  154.989505] firmadyne: sys_socket[PID: 1329 (genchanneltable)]: family:1, type:2, protocol:0
[  155.002023] firmadyne: sys_socket[PID: 1329 (genchanneltable)]: family:1, type:2, protocol:0
[  155.027652] firmadyne: sys_socket[PID: 1330 (getsys)]: family:1, type:2, protocol:0
UNKNOW country code!! Use USA for default!!
[  155.129995] firmadyne: sys_socket[PID: 1329 (genchanneltable)]: family:1, type:2, protocol:0
[  155.133857] firmadyne: sys_socket[PID: 1330 (getsys)]: family:1, type:2, protocol:0
[  155.144072] firmadyne: sys_socket[PID: 1330 (getsys)]: family:1, type:2, protocol:0
[  155.150992] firmadyne: sys_socket[PID: 1329 (genchanneltable)]: family:1, type:2, protocol:0
[  155.155358] firmadyne: sys_socket[PID: 1330 (getsys)]: family:1, type:2, protocol:0
[  155.161723] firmadyne: sys_socket[PID: 1329 (genchanneltable)]: family:1, type:2, protocol:0
[  155.166495] firmadyne: sys_socket[PID: 1330 (getsys)]: family:1, type:2, protocol:0
[  155.172779] firmadyne: sys_socket[PID: 1329 (genchanneltable)]: family:1, type:2, protocol:0
[  155.177506] firmadyne: sys_socket[PID: 1330 (getsys)]: family:1, type:2, protocol:0
[  155.183877] firmadyne: sys_socket[PID: 1329 (genchanneltable)]: family:1, type:2, protocol:0
[  155.188653] firmadyne: sys_socket[PID: 1330 (getsys)]: family:1, type:2, protocol:0
[  155.194865] firmadyne: sys_socket[PID: 1329 (genchanneltable)]: family:1, type:2, protocol:0
[  155.199161] firmadyne: sys_socket[PID: 1330 (getsys)]: family:1, type:2, protocol:0
[  155.205653] firmadyne: sys_socket[PID: 1329 (genchanneltable)]: family:1, type:2, protocol:0
[  155.211361] firmadyne: sys_socket[PID: 1330 (getsys)]: family:1, type:2, protocol:0
[  155.218169] firmadyne: sys_socket[PID: 1329 (genchanneltable)]: family:1, type:2, protocol:0
[  155.222364] firmadyne: sys_socket[PID: 1330 (getsys)]: family:1, type:2, protocol:0
[  155.229390] firmadyne: sys_socket[PID: 1329 (genchanneltable)]: family:1, type:2, protocol:0
[  155.234162] firmadyne: sys_socket[PID: 1330 (getsys)]: family:1, type:2, protocol:0
[  155.241071] firmadyne: sys_socket[PID: 1329 (genchanneltable)]: family:1, type:2, protocol:0
[  155.246205] firmadyne: sys_socket[PID: 1330 (getsys)]: family:1, type:2, protocol:0
[  155.253326] firmadyne: sys_socket[PID: 1329 (genchanneltable)]: family:1, type:2, protocol:0
[  155.258343] firmadyne: sys_socket[PID: 1330 (getsys)]: family:1, type:2, protocol:0
[  155.265128] firmadyne: sys_socket[PID: 1329 (genchanneltable)]: family:1, type:2, protocol:0
[  155.269952] firmadyne: sys_socket[PID: 1330 (getsys)]: family:1, type:2, protocol:0
[  155.276613] firmadyne: sys_socket[PID: 1329 (genchanneltable)]: family:1, type:2, protocol:0
[  155.281444] firmadyne: sys_socket[PID: 1330 (getsys)]: family:1, type:2, protocol:0
[  155.288168] firmadyne: sys_socket[PID: 1329 (genchanneltable)]: family:1, type:2, protocol:0
[  155.293206] firmadyne: sys_socket[PID: 1330 (getsys)]: family:1, type:2, protocol:0
[  155.299914] firmadyne: sys_socket[PID: 1329 (genchanneltable)]: family:1, type:2, protocol:0
[  155.304842] firmadyne: sys_socket[PID: 1330 (getsys)]: family:1, type:2, protocol:0
[  155.311543] firmadyne: sys_socket[PID: 1329 (genchanneltable)]: family:1, type:2, protocol:0
[  155.322056] firmadyne: sys_socket[PID: 1329 (genchanneltable)]: family:1, type:2, protocol:0
[  155.324517] firmadyne: sys_socket[PID: 1330 (getsys)]: family:1, type:2, protocol:0
[  155.332500] firmadyne: sys_socket[PID: 1329 (genchanneltable)]: family:1, type:2, protocol:0
[  155.349680] firmadyne: sys_socket[PID: 1329 (genchanneltable)]: family:1, type:2, protocol:0
[  155.357489] firmadyne: sys_socket[PID: 1329 (genchanneltable)]: family:1, type:2, protocol:0
[  155.367718] firmadyne: sys_socket[PID: 1329 (genchanneltable)]: family:1, type:2, protocol:0
[  155.377298] firmadyne: sys_socket[PID: 1329 (genchanneltable)]: family:1, type:2, protocol:0
[  155.388409] firmadyne: sys_socket[PID: 1329 (genchanneltable)]: family:1, type:2, protocol:0
[  155.394545] firmadyne: sys_socket[PID: 1329 (genchanneltable)]: family:1, type:2, protocol:0
[  155.402488] firmadyne: sys_socket[PID: 1329 (genchanneltable)]: family:1, type:2, protocol:0
[  155.412764] firmadyne: sys_socket[PID: 1329 (genchanneltable)]: family:1, type:2, protocol:0
[  155.423881] firmadyne: sys_socket[PID: 1329 (genchanneltable)]: family:1, type:2, protocol:0
[  155.430178] firmadyne: sys_socket[PID: 1329 (genchanneltable)]: family:1, type:2, protocol:0
/dev/gpio: No such device or address
[  155.444321] firmadyne: sys_socket[PID: 1329 (genchanneltable)]: family:1, type:2, protocol:0
 Generate VLAN table according to the port...
[  155.522386] firmadyne: sys_socket[PID: 1338 (genVLANTableByP)]: family:1, type:2, protocol:0
[  155.529821] firmadyne: sys_socket[PID: 1338 (genVLANTableByP)]: family:1, type:2, protocol:0
[  155.536424] firmadyne: sys_socket[PID: 1338 (genVLANTableByP)]: family:1, type:2, protocol:0
[  155.543252] firmadyne: sys_socket[PID: 1338 (genVLANTableByP)]: family:1, type:2, protocol:0
[  155.548336] firmadyne: sys_socket[PID: 1338 (genVLANTableByP)]: family:1, type:2, protocol:0
[  155.553887] firmadyne: sys_socket[PID: 1338 (genVLANTableByP)]: family:1, type:2, protocol:0
[  155.560693] firmadyne: sys_socket[PID: 1338 (genVLANTableByP)]: family:1, type:2, protocol:0
[  155.566236] firmadyne: sys_socket[PID: 1338 (genVLANTableByP)]: family:1, type:2, protocol:0
[  155.572631] firmadyne: sys_socket[PID: 1338 (genVLANTableByP)]: family:1, type:2, protocol:0
[  155.578108] firmadyne: sys_socket[PID: 1338 (genVLANTableByP)]: family:1, type:2, protocol:0
[  155.584497] firmadyne: sys_socket[PID: 1338 (genVLANTableByP)]: family:1, type:2, protocol:0
[  155.589592] firmadyne: sys_socket[PID: 1338 (genVLANTableByP)]: family:1, type:2, protocol:0
[  155.595647] firmadyne: sys_socket[PID: 1338 (genVLANTableByP)]: family:1, type:2, protocol:0
[  155.601124] firmadyne: sys_socket[PID: 1338 (genVLANTableByP)]: family:1, type:2, protocol:0
[  155.606465] firmadyne: sys_socket[PID: 1338 (genVLANTableByP)]: family:1, type:2, protocol:0
[  155.612738] firmadyne: sys_socket[PID: 1338 (genVLANTableByP)]: family:1, type:2, protocol:0
[  155.618230] firmadyne: sys_socket[PID: 1338 (genVLANTableByP)]: family:1, type:2, protocol:0
[  155.624570] firmadyne: sys_socket[PID: 1338 (genVLANTableByP)]: family:1, type:2, protocol:0
[  155.630090] firmadyne: sys_socket[PID: 1338 (genVLANTableByP)]: family:1, type:2, protocol:0
[  155.634821] firmadyne: sys_socket[PID: 1338 (genVLANTableByP)]: family:1, type:2, protocol:0
[  155.641553] firmadyne: sys_socket[PID: 1338 (genVLANTableByP)]: family:1, type:2, protocol:0
