[    0.000000] Linux version 4.1.17+ (alessio@pc) (gcc version 5.5.0 20171010 (Ubuntu 5.5.0-12ubuntu1) ) #1 Mon May 15 23:04:08 CEST 2023
[    0.000000] earlycon: Early serial console at I/O port 0x3f8 (options '38400n8')
[    0.000000] bootconsole [uart0] enabled
[    0.000000] CPU0 revision is: 00019300 (MIPS 24Kc)
[    0.000000] FPU revision is: 00739300
[    0.000000] Software DMA cache coherency enabled
[    0.000000] Determined physical RAM map:
[    0.000000]  memory: 00001000 @ 00000000 (reserved)
[    0.000000]  memory: 000ef000 @ 00001000 (ROM data)
[    0.000000]  memory: 00798000 @ 000f0000 (reserved)
[    0.000000]  memory: 0f777000 @ 00888000 (usable)
[    0.000000] debug: ignoring loglevel setting.
[    0.000000] Wasting 69888 bytes for tracking 2184 unused pages
[    0.000000] Initrd not found or empty - disabling initrd
[    0.000000] Zone ranges:
[    0.000000]   DMA      [mem 0x0000000000000000-0x0000000000ffffff]
[    0.000000]   Normal   [mem 0x0000000001000000-0x000000000fffefff]
[    0.000000] Movable zone start for each node
[    0.000000] Early memory node ranges
[    0.000000]   node   0: [mem 0x0000000000000000-0x000000000fffefff]
[    0.000000] Initmem setup node 0 [mem 0x0000000000000000-0x000000000fffefff]
[    0.000000] On node 0 totalpages: 65535
[    0.000000] free_area_init_node: node 0, pgdat 8081d5b0, node_mem_map 81000000
[    0.000000]   DMA zone: 32 pages used for memmap
[    0.000000]   DMA zone: 0 pages reserved
[    0.000000]   DMA zone: 4096 pages, LIFO batch:0
[    0.000000]   Normal zone: 480 pages used for memmap
[    0.000000]   Normal zone: 61439 pages, LIFO batch:15
[    0.000000] Primary instruction cache 2kB, VIPT, 2-way, linesize 16 bytes.
[    0.000000] Primary data cache 2kB, 2-way, VIPT, no aliases, linesize 16 bytes
[    0.000000] pcpu-alloc: s0 r0 d32768 u32768 alloc=1*32768
[    0.000000] pcpu-alloc: [0] 0 
[    0.000000] Built 1 zonelists in Zone order, mobility grouping on.  Total pages: 65023
[    0.000000] Kernel command line: root=/dev/sda1 console=ttyS0 nandsim.parts=64,64,64,64,64,64,64,64,64,64 rdinit=/firmadyne/preInit.sh rw debug ignore_loglevel print-fatal-signals=1 FIRMAE_NET=true FIRMAE_NVRAM=true FIRMAE_KERNEL=true FIRMAE_ETC=true user_debug=0 firmadyne.syscall=1 noka
[    0.000000] found FIRMAE_KERNEL=t
[    0.000000] set the LD_PRELOAD=/firmadyne/libnvram_ioctl.so
[    0.000000] PID hash table entries: 1024 (order: 0, 4096 bytes)
[    0.000000] Dentry cache hash table entries: 32768 (order: 5, 131072 bytes)
[    0.000000] Inode-cache hash table entries: 16384 (order: 4, 65536 bytes)
[    0.000000] Writing ErrCtl register=00000000
[    0.000000] Readback ErrCtl register=00000000
[    0.000000] Memory: 251112K/262140K available (5360K kernel code, 244K rwdata, 1676K rodata, 260K init, 158K bss, 11028K reserved, 0K cma-reserved)
[    0.000000] NR_IRQS:256
[    0.000000] CPU frequency 200.01 MHz
[    0.000000] clocksource MIPS: mask: 0xffffffff max_cycles: 0xffffffff, max_idle_ns: 19112005115 ns
[    0.000211] sched_clock: 32 bits at 100MHz, resolution 9ns, wraps every 21474162683ns
[    0.015747] Console: colour dummy device 80x25
[    0.017001] Calibrating delay loop... 23.74 BogoMIPS (lpj=47488)
[    0.073660] pid_max: default: 32768 minimum: 301
[    0.078292] Mount-cache hash table entries: 1024 (order: 0, 4096 bytes)
[    0.078831] Mountpoint-cache hash table entries: 1024 (order: 0, 4096 bytes)
[    0.147899] clocksource jiffies: mask: 0xffffffff max_cycles: 0xffffffff, max_idle_ns: 7645041785100000 ns
[    0.159498] NET: Registered protocol family 16
[    0.464619] clocksource pit: mask: 0xffffffff max_cycles: 0xffffffff, max_idle_ns: 1601818034827 ns
[    0.629857] vgaarb: loaded
[    0.636038] SCSI subsystem initialized
[    0.638757] libata version 3.00 loaded.
[    0.643550] usbcore: registered new interface driver usbfs
[    0.645062] usbcore: registered new interface driver hub
[    0.646408] usbcore: registered new device driver usb
[    0.649269] pps_core: LinuxPPS API ver. 1 registered
[    0.649701] pps_core: Software ver. 5.3.6 - Copyright 2005-2007 Rodolfo Giometti <giometti@linux.it>
[    0.650931] PTP clock support registered
[    0.656122] PCI host bridge to bus 0000:00
[    0.656910] pci_bus 0000:00: root bus resource [mem 0x10000000-0x17ffffff]
[    0.657565] pci_bus 0000:00: root bus resource [io  0x1000-0x1fffff]
[    0.658204] pci_bus 0000:00: root bus resource [??? 0x00000000 flags 0x0]
[    0.659006] pci_bus 0000:00: No busn resource found for root bus, will use [bus 00-ff]
[    0.660378] pci 0000:00:00.0: [11ab:4620] type 00 class 0x060000
[    0.661359] pci 0000:00:00.0: [Firmware Bug]: reg 0x14: invalid BAR (can't size)
[    0.661991] pci 0000:00:00.0: [Firmware Bug]: reg 0x18: invalid BAR (can't size)
[    0.662611] pci 0000:00:00.0: [Firmware Bug]: reg 0x1c: invalid BAR (can't size)
[    0.663439] pci 0000:00:00.0: [Firmware Bug]: reg 0x20: invalid BAR (can't size)
[    0.664084] pci 0000:00:00.0: [Firmware Bug]: reg 0x24: invalid BAR (can't size)
[    0.668486] pci 0000:00:0a.0: [8086:7110] type 00 class 0x060100
[    0.672361] pci 0000:00:0a.1: [8086:7111] type 00 class 0x010180
[    0.673190] pci 0000:00:0a.1: reg 0x20: [io  0x0000-0x000f]
[    0.673829] pci 0000:00:0a.1: legacy IDE quirk: reg 0x10: [io  0x01f0-0x01f7]
[    0.674443] pci 0000:00:0a.1: legacy IDE quirk: reg 0x14: [io  0x03f6]
[    0.675053] pci 0000:00:0a.1: legacy IDE quirk: reg 0x18: [io  0x0170-0x0177]
[    0.675823] pci 0000:00:0a.1: legacy IDE quirk: reg 0x1c: [io  0x0376]
[    0.679278] pci 0000:00:0a.2: [8086:7112] type 00 class 0x0c0300
[    0.680177] pci 0000:00:0a.2: reg 0x20: [io  0x0000-0x001f]
[    0.683588] pci 0000:00:0a.3: [8086:7113] type 00 class 0x068000
[    0.685289] pci 0000:00:0a.3: quirk: [io  0x1000-0x103f] claimed by PIIX4 ACPI
[    0.685977] pci 0000:00:0a.3: quirk: [io  0x1100-0x110f] claimed by PIIX4 SMB
[    0.689611] pci 0000:00:12.0: [1013:00b8] type 00 class 0x030000
[    0.690279] pci 0000:00:12.0: reg 0x10: [mem 0x00000000-0x01ffffff pref]
[    0.690915] pci 0000:00:12.0: reg 0x14: [mem 0x00000000-0x00000fff]
[    0.691615] pci 0000:00:12.0: reg 0x30: [mem 0x00000000-0x0000ffff pref]
[    0.694689] vgaarb: device added: PCI:0000:00:12.0,decodes=io+mem,owns=none,locks=none
[    0.696046] pci 0000:00:13.0: [8086:100e] type 00 class 0x020000
[    0.696875] pci 0000:00:13.0: reg 0x10: [mem 0x00000000-0x0001ffff]
[    0.697482] pci 0000:00:13.0: reg 0x14: [io  0x0000-0x003f]
[    0.698156] pci 0000:00:13.0: reg 0x30: [mem 0x00000000-0x0003ffff pref]
[    0.701635] pci 0000:00:14.0: [8086:100e] type 00 class 0x020000
[    0.702283] pci 0000:00:14.0: reg 0x10: [mem 0x00000000-0x0001ffff]
[    0.702896] pci 0000:00:14.0: reg 0x14: [io  0x0000-0x003f]
[    0.703567] pci 0000:00:14.0: reg 0x30: [mem 0x00000000-0x0003ffff pref]
[    0.707192] pci 0000:00:15.0: [8086:100e] type 00 class 0x020000
[    0.707846] pci 0000:00:15.0: reg 0x10: [mem 0x00000000-0x0001ffff]
[    0.708443] pci 0000:00:15.0: reg 0x14: [io  0x0000-0x003f]
[    0.709274] pci 0000:00:15.0: reg 0x30: [mem 0x00000000-0x0003ffff pref]
[    0.712606] pci 0000:00:16.0: [8086:100e] type 00 class 0x020000
[    0.713419] pci 0000:00:16.0: reg 0x10: [mem 0x00000000-0x0001ffff]
[    0.714030] pci 0000:00:16.0: reg 0x14: [io  0x0000-0x003f]
[    0.714707] pci 0000:00:16.0: reg 0x30: [mem 0x00000000-0x0003ffff pref]
[    0.718432] pci_bus 0000:00: busn_res: [bus 00-ff] end is updated to 00
[    0.720076] pci 0000:00:12.0: BAR 0: assigned [mem 0x10000000-0x11ffffff pref]
[    0.720879] pci 0000:00:13.0: BAR 6: assigned [mem 0x12000000-0x1203ffff pref]
[    0.721800] pci 0000:00:14.0: BAR 6: assigned [mem 0x12040000-0x1207ffff pref]
[    0.722494] pci 0000:00:15.0: BAR 6: assigned [mem 0x12080000-0x120bffff pref]
[    0.723188] pci 0000:00:16.0: BAR 6: assigned [mem 0x120c0000-0x120fffff pref]
[    0.723869] pci 0000:00:13.0: BAR 0: assigned [mem 0x12100000-0x1211ffff]
[    0.724539] pci 0000:00:14.0: BAR 0: assigned [mem 0x12120000-0x1213ffff]
[    0.725215] pci 0000:00:15.0: BAR 0: assigned [mem 0x12140000-0x1215ffff]
[    0.726099] pci 0000:00:16.0: BAR 0: assigned [mem 0x12160000-0x1217ffff]
[    0.726799] pci 0000:00:12.0: BAR 6: assigned [mem 0x12180000-0x1218ffff pref]
[    0.727484] pci 0000:00:12.0: BAR 1: assigned [mem 0x12190000-0x12190fff]
[    0.728166] pci 0000:00:13.0: BAR 1: assigned [io  0x1040-0x107f]
[    0.728786] pci 0000:00:14.0: BAR 1: assigned [io  0x1080-0x10bf]
[    0.729400] pci 0000:00:15.0: BAR 1: assigned [io  0x10c0-0x10ff]
[    0.730200] pci 0000:00:16.0: BAR 1: assigned [io  0x1400-0x143f]
[    0.730838] pci 0000:00:0a.2: BAR 4: assigned [io  0x1440-0x145f]
[    0.731462] pci 0000:00:0a.1: BAR 4: assigned [io  0x1460-0x146f]
[    0.751436] cfg80211: Calling CRDA to update world regulatory domain
[    0.766756] Switched to clocksource MIPS
[    0.895756] NET: Registered protocol family 2
[    0.909554] TCP established hash table entries: 2048 (order: 1, 8192 bytes)
[    0.911017] TCP bind hash table entries: 2048 (order: 1, 8192 bytes)
[    0.912216] TCP: Hash tables configured (established 2048 bind 2048)
[    0.913417] UDP hash table entries: 256 (order: 0, 4096 bytes)
[    0.914187] UDP-Lite hash table entries: 256 (order: 0, 4096 bytes)
[    0.918935] NET: Registered protocol family 1
[    0.920834] PCI: Enabling device 0000:00:0a.2 (0000 -> 0001)
[    0.922551] PCI: CLS 0 bytes, default 16
[    0.959287] futex hash table entries: 256 (order: -1, 3072 bytes)
[    0.978402] squashfs: version 4.0 (2009/01/31) Phillip Lougher
[    0.981421] jffs2: version 2.2. (NAND) Â© 2001-2006 Red Hat, Inc.
[    0.985333] romfs: ROMFS MTD (C) 2007 Red Hat, Inc.
[    1.012848] Block layer SCSI generic (bsg) driver version 0.4 loaded (major 251)
[    1.013589] io scheduler noop registered
[    1.014383] io scheduler cfq registered (default)
[    1.015762] firmadyne: devfs: 1, execute: 1, procfs: 1, syscall: 1
[    1.022212] firmadyne: Cannot register character device: gpio, 0xfc, 0x0!
[    1.032283] firmadyne: Cannot register character device: watchdog, 0xa, 0x82!
[    1.032851] firmadyne: Cannot register character device: wdt, 0xfd, 0x0!
[    2.984422] strName = 4.1.17+
[    2.984422] init_task_addr  = 2155778944
[    2.984422] init_task_size  = 1296
[    2.984422] ts_tasks        = 292
[    2.984422] ts_pid          = 408
[    2.984422] ts_tgid         = 412
[    2.984422] ts_group_leader = 440
[    2.984422] ts_thread_group = 496
[    2.984422] ts_real_parent  = 416
[    2.984422] ts_mm           = 300
[    2.984422] ts_stack        = 4
[    2.987087] module_name   = 12
[    2.987087] module_size   = 208
[    2.987087] module_init   = 200
[    2.987087] module_list   = 4
[    2.988144] ts_real_cred    = 624
[    2.988144] ts_cred         = 628
[    2.988144] ts_comm         = 632
[    2.988144] cred_uid        = 4
[    2.988144] cred_gid        = 8
[    2.988144] cred_euid       = 20
[    2.988144] cred_egid       = 24
[    2.989786] mm_mmap         = 0
[    2.989786] mm_pgd          = 32
[    2.989786] mm_arg_start    = 136
[    2.989786] mm_start_brk    = 124
[    2.989786] mm_brk          = 128
[    2.989786] mm_start_stack  = 132
[    2.991421] vma_vm_start    = 0
[    2.991421] vma_vm_end      = 4
[    2.991421] vma_vm_next     = 8
[    2.991421] vma_vm_file     = 80
[    2.991421] vma_vm_flags    = 40
[    2.991421] vma_vm_pgoff    = 76
[    2.992870] file_dentry     = 12
[    2.992870] file_inode      = 40
[    2.992870] dentry_d_name   = 24
[    2.992870] dentry_d_iname  = 44
[    2.992870] dentry_d_parent = 16
[    2.992870] ti_task         = 0
[    2.992870] inode_ino   = 28
[    4.205683] proc_fork_connector  = 2151078840
[    4.206085] proc_exit_connector  = 2151080432
[    4.206429] proc_exec_connector  = 2151079052
[    4.206946] vma_link  = 2149124372
[    4.207241] vma_adjust  = 2149124540
[    4.207545] remove_vma  = 2149122188
[    4.207840] modules  = 2155833724
[    4.208132] trim_init_extable  = 2150545316
[    4.209534] cfg80211: Calling CRDA to update world regulatory domain
[    4.213362] PCI: Enabling device 0000:00:12.0 (0000 -> 0002)
[    4.215047] cirrusfb 0000:00:12.0: Cirrus Logic chipset on PCI bus, RAM (4096 kB) at 0x10000000
[    4.468347] Console: switching to colour frame buffer device 80x30
[    4.545760] Serial: 8250/16550 driver, 4 ports, IRQ sharing enabled
[    4.562069] console [ttyS0] disabled
[    4.589892] serial8250.0: ttyS0 at I/O 0x3f8 (irq = 4, base_baud = 115200) is a 16550A
[    4.591325] console [ttyS0] enabled
[    4.591325] console [ttyS0] enabled
[    4.591981] bootconsole [uart0] disabled
[    4.591981] bootconsole [uart0] disabled
[    4.623435] serial8250.0: ttyS1 at I/O 0x2f8 (irq = 3, base_baud = 115200) is a 16550A
[    4.761071] brd: module loaded
[    4.833022] loop: module loaded
[    4.840566] ata_piix 0000:00:0a.1: version 2.13
[    4.841185] PCI: Enabling device 0000:00:0a.1 (0000 -> 0001)
[    4.870910] scsi host0: ata_piix
[    4.877398] scsi host1: ata_piix
[    4.881916] ata1: PATA max UDMA/33 cmd 0x1f0 ctl 0x3f6 bmdma 0x1460 irq 14
[    4.882526] ata2: PATA max UDMA/33 cmd 0x170 ctl 0x376 bmdma 0x1468 irq 15
[    4.890341] [nandsim] warning: read_byte: unexpected data output cycle, state is STATE_READY return 0x0
[    4.891264] [nandsim] warning: read_byte: unexpected data output cycle, state is STATE_READY return 0x0
[    4.891918] [nandsim] warning: read_byte: unexpected data output cycle, state is STATE_READY return 0x0
[    4.892562] [nandsim] warning: read_byte: unexpected data output cycle, state is STATE_READY return 0x0
[    4.893198] [nandsim] warning: read_byte: unexpected data output cycle, state is STATE_READY return 0x0
[    4.893839] [nandsim] warning: read_byte: unexpected data output cycle, state is STATE_READY return 0x0
[    4.894707] nand: device found, Manufacturer ID: 0x98, Chip ID: 0x39
[    4.895348] nand: Toshiba NAND 128MiB 1,8V 8-bit
[    4.895805] nand: 128 MiB, SLC, erase size: 16 KiB, page size: 512, OOB size: 16
[    4.897638] flash size: 128 MiB
[    4.897932] page size: 512 bytes
[    4.898221] OOB area size: 16 bytes
[    4.898526] sector size: 16 KiB
[    4.899003] pages number: 262144
[    4.899296] pages per sector: 32
[    4.899587] bus width: 8
[    4.899842] bits in sector size: 14
[    4.900143] bits in page size: 9
[    4.900440] bits in OOB size: 4
[    4.900734] flash size with OOB: 135168 KiB
[    4.901068] page address bytes: 4
[    4.901359] sector address bytes: 3
[    4.901678] options: 0x42
[    4.996948] Scanning device for bad blocks
[    6.392132] ata2.01: NODEV after polling detection
[    6.394118] ata2.00: ATAPI: QEMU DVD-ROM, 2.5+, max UDMA/100
[    6.396652] ata1.01: NODEV after polling detection
[    6.402162] ata1.00: ATA-7: QEMU HARDDISK, 2.5+, max UDMA/100
[    6.402734] ata1.00: 2097152 sectors, multi 16: LBA48 
[    6.405203] ata2.00: configured for UDMA/33
[    6.408819] ata1.00: configured for UDMA/33
[    6.417671] scsi 0:0:0:0: Direct-Access     ATA      QEMU HARDDISK    2.5+ PQ: 0 ANSI: 5
[    6.436775] sd 0:0:0:0: [sda] 2097152 512-byte logical blocks: (1.07 GB/1.00 GiB)
[    6.438588] scsi 1:0:0:0: CD-ROM            QEMU     QEMU DVD-ROM     2.5+ PQ: 0 ANSI: 5
[    6.453617] sd 0:0:0:0: [sda] Write Protect is off
[    6.454200] sd 0:0:0:0: [sda] Mode Sense: 00 3a 00 00
[    6.456128] sd 0:0:0:0: [sda] Write cache: enabled, read cache: enabled, doesn't support DPO or FUA
[    6.469231]  sda: sda1
[    6.483608] sd 0:0:0:0: [sda] Attached SCSI disk
[    6.484231] Creating 11 MTD partitions on "NAND 128MiB 1,8V 8-bit":
[    6.484987] 0x000000000000-0x000000100000 : "NAND simulator partition 0"
[    6.497937] 0x000000100000-0x000000200000 : "NAND simulator partition 1"
[    6.509958] 0x000000200000-0x000000300000 : "NAND simulator partition 2"
[    6.522371] 0x000000300000-0x000000400000 : "NAND simulator partition 3"
[    6.535027] 0x000000400000-0x000000500000 : "NAND simulator partition 4"
[    6.547797] 0x000000500000-0x000000600000 : "NAND simulator partition 5"
[    6.560700] 0x000000600000-0x000000700000 : "NAND simulator partition 6"
[    6.573614] 0x000000700000-0x000000800000 : "NAND simulator partition 7"
[    6.586704] 0x000000800000-0x000000900000 : "NAND simulator partition 8"
[    6.598967] 0x000000900000-0x000000a00000 : "NAND simulator partition 9"
[    6.611157] 0x000000a00000-0x000008000000 : "NAND simulator partition 10"
[    6.664223] tun: Universal TUN/TAP device driver, 1.6
[    6.664661] tun: (C) 1999-2004 Max Krasnyansky <maxk@qualcomm.com>
[    6.668883] pcnet32: pcnet32.c:v1.35 21.Apr.2008 tsbogend@alpha.franken.de
[    6.670394] e1000: Intel(R) PRO/1000 Network Driver - version 7.3.21-k8-NAPI
[    6.671104] e1000: Copyright (c) 1999-2006 Intel Corporation.
[    6.672210] PCI: Enabling device 0000:00:13.0 (0000 -> 0003)
[    7.005729] e1000 0000:00:13.0 eth0: (PCI:33MHz:32-bit) 52:54:00:12:34:56
[    7.006610] e1000 0000:00:13.0 eth0: Intel(R) PRO/1000 Network Connection
[    7.007670] PCI: Enabling device 0000:00:14.0 (0000 -> 0003)
[    7.337834] e1000 0000:00:14.0 eth1: (PCI:33MHz:32-bit) 52:54:00:12:34:57
[    7.338665] e1000 0000:00:14.0 eth1: Intel(R) PRO/1000 Network Connection
[    7.339776] PCI: Enabling device 0000:00:15.0 (0000 -> 0003)
[    7.351039] cfg80211: Calling CRDA to update world regulatory domain
[    7.666502] e1000 0000:00:15.0 eth2: (PCI:33MHz:32-bit) 52:54:00:12:34:58
[    7.667344] e1000 0000:00:15.0 eth2: Intel(R) PRO/1000 Network Connection
[    7.668166] PCI: Enabling device 0000:00:16.0 (0000 -> 0003)
[    7.990457] e1000 0000:00:16.0 eth3: (PCI:33MHz:32-bit) 52:54:00:12:34:59
[    7.991336] e1000 0000:00:16.0 eth3: Intel(R) PRO/1000 Network Connection
[    7.992997] e1000e: Intel(R) PRO/1000 Network Driver - 2.3.2-k
[    7.993448] e1000e: Copyright(c) 1999 - 2014 Intel Corporation.
[    7.999333] PPP generic driver version 2.4.2
[    8.002009] PPP Deflate Compression module registered
[    8.002963] PPP MPPE Compression module registered
[    8.003476] NET: Registered protocol family 24
[    8.004370] ehci_hcd: USB 2.0 'Enhanced' Host Controller (EHCI) Driver
[    8.004983] ehci-pci: EHCI PCI platform driver
[    8.006411] ohci_hcd: USB 1.1 'Open' Host Controller (OHCI) Driver
[    8.007244] ohci-pci: OHCI PCI platform driver
[    8.008666] uhci_hcd: USB Universal Host Controller Interface driver
[    8.010637] uhci_hcd 0000:00:0a.2: UHCI Host Controller
[    8.011752] uhci_hcd 0000:00:0a.2: new USB bus registered, assigned bus number 1
[    8.013004] uhci_hcd 0000:00:0a.2: irq 11, io base 0x00001440
[    8.028171] hub 1-0:1.0: USB hub found
[    8.029119] hub 1-0:1.0: 2 ports detected
[    8.041359] usbcore: registered new interface driver usb-storage
[    8.046922] mousedev: PS/2 mouse device common for all mice
[    8.054891] rtc_cmos rtc_cmos: rtc core: registered rtc_cmos as rtc0
[    8.055855] rtc_cmos rtc_cmos: alarms up to one day, 242 bytes nvram
[    8.057673] i2c /dev entries driver
[    8.059361] piix4_smbus 0000:00:0a.3: SMBus Host Controller at 0x1100, revision 0
[    8.065117] sdhci: Secure Digital Host Controller Interface driver
[    8.065582] sdhci: Copyright(c) Pierre Ossman
[    8.068638] hidraw: raw HID events driver (C) Jiri Kosina
[    8.092511] usbcore: registered new interface driver usbhid
[    8.092936] usbhid: USB HID core driver
[    8.094259] Netfilter messages via NETLINK v0.30.
[    8.096075] nf_conntrack version 0.5.0 (3923 buckets, 15692 max)
[    8.100211] ctnetlink v0.93: registering with nfnetlink.
[    8.107477] ipip: IPv4 over IPv4 tunneling driver
[    8.123209] ip_tables: (C) 2000-2006 Netfilter Core Team
[    8.126895] arp_tables: (C) 2002 David S. Miller
[    8.129213] Initializing XFRM netlink socket
[    8.130880] NET: Registered protocol family 10
[    8.157966] ip6_tables: (C) 2000-2006 Netfilter Core Team
[    8.162639] sit: IPv6 over IPv4 tunneling driver
[    8.184701] NET: Registered protocol family 17
[    8.185828] bridge: automatic filtering via arp/ip/ip6tables has been deprecated. Update your scripts to load br_netfilter if you need this.
[    8.187333] Bridge firewalling registered
[    8.187851] Ebtables v2.0 registered
[    8.190555] 8021q: 802.1Q VLAN Support v1.8
[    8.217844] rtc_cmos rtc_cmos: setting system clock to 2025-07-27 23:22:12 UTC (1753658532)
[    8.245517] EXT2-fs (sda1): warning: mounting unchecked fs, running e2fsck is recommended
[    8.248196] VFS: Mounted root (ext2 filesystem) on device 8:1.
[    8.259637] Freeing YAMON memory: 956k freed
[    8.273168] Freeing unused kernel memory: 260K (8081f000 - 80860000)
[    8.309872] firmadyne: sys_reboot[PID: 1 (init)]: magic1:fee1dead, magic2:28121969, cmd:0
init started: BusyBox v1.14.1 (2024-07-07 02:43:58 CEST)[    8.323509] spurious 8259A interrupt: IRQ7.

starting pid 48, tty '': '/etc/init.d/rcS'
[    8.417078] firmadyne: do_execve: /firmadyne/console
[    8.417815] OFFSETS: offset of pid: 0x198 offset of comm: 0x278
[/etc/init.d/S03config.sh]
Mounting proc and var ...
[   10.495502] cfg80211: Calling CRDA to update world regulatory domain
SymbLink /dev/mtdblock/0
SymbLink /dev/mtdblock/1
SymbLink /dev/mtdblock/10
[   13.639150] cfg80211: Calling CRDA to update world regulatory domain
SymbLink /dev/mtdblock/2
SymbLink /dev/mtdblock/3
SymbLink /dev/mtdblock/4
SymbLink /dev/mtdblock/5
SymbLink /dev/mtdblock/6
SymbLink /dev/mtdblock/7
SymbLink /dev/mtdblock/8
SymbLink /dev/mtdblock/9
Inserting kernel modules ...
Inserting Rebootm ...
Inserting atheros ethernet ...
Inserting gpio ...
done.
Start xmldb ...
[   15.452342] firmadyne: sys_socket[PID: 147 (xmldb)]: family:1, type:2, protocol:0
[   16.444660] random: nonblocking pool is initialized
[/etc/scripts/misc/profile.sh] get ...
DEVCONF: unable to read config data (ret=-3) !
CAN NOT get devive config, generate default!
[   16.783445] cfg80211: Calling CRDA to update world regulatory domain
[/etc/scripts/misc/profile.sh] reset ...
[   17.026577] firmadyne: sys_socket[PID: 160 (rgdb)]: family:1, type:2, protocol:0
[/etc/scripts/misc/defnodes.sh] ...
[/etc/defnodes/S10setext.sh] ...
[   17.460364] firmadyne: sys_socket[PID: 166 (xmldbc)]: family:1, type:2, protocol:0
[   17.524263] firmadyne: sys_socket[PID: 167 (xmldbc)]: family:1, type:2, protocol:0
[   17.586351] firmadyne: sys_socket[PID: 168 (xmldbc)]: family:1, type:2, protocol:0
[   17.651451] firmadyne: sys_socket[PID: 169 (xmldbc)]: family:1, type:2, protocol:0
[   17.712418] firmadyne: sys_socket[PID: 170 (xmldbc)]: family:1, type:2, protocol:0
[   17.773571] firmadyne: sys_socket[PID: 171 (xmldbc)]: family:1, type:2, protocol:0
[   17.837233] firmadyne: sys_socket[PID: 172 (xmldbc)]: family:1, type:2, protocol:0
[   17.898270] firmadyne: sys_socket[PID: 173 (xmldbc)]: family:1, type:2, protocol:0
[   17.959851] firmadyne: sys_socket[PID: 174 (xmldbc)]: family:1, type:2, protocol:0
[   18.020661] firmadyne: sys_socket[PID: 175 (xmldbc)]: family:1, type:2, protocol:0
[   18.083502] firmadyne: sys_socket[PID: 176 (xmldbc)]: family:1, type:2, protocol:0
[   18.145499] firmadyne: sys_socket[PID: 177 (xmldbc)]: family:1, type:2, protocol:0
[   18.207297] firmadyne: sys_socket[PID: 178 (xmldbc)]: family:1, type:2, protocol:0
[   18.269813] firmadyne: sys_socket[PID: 179 (xmldbc)]: family:1, type:2, protocol:0
[   18.332519] firmadyne: sys_socket[PID: 180 (xmldbc)]: family:1, type:2, protocol:0
[   18.394688] firmadyne: sys_socket[PID: 181 (xmldbc)]: family:1, type:2, protocol:0
[   18.457840] firmadyne: sys_socket[PID: 182 (xmldbc)]: family:1, type:2, protocol:0
[   18.520606] firmadyne: sys_socket[PID: 183 (xmldbc)]: family:1, type:2, protocol:0
[   18.584114] firmadyne: sys_socket[PID: 184 (xmldbc)]: family:1, type:2, protocol:0
[   18.650200] firmadyne: sys_socket[PID: 185 (xmldbc)]: family:1, type:2, protocol:0
[   18.713049] firmadyne: sys_socket[PID: 186 (xmldbc)]: family:1, type:2, protocol:0
[   18.776118] firmadyne: sys_socket[PID: 187 (rgdb)]: family:1, type:2, protocol:0
[   18.839802] firmadyne: sys_socket[PID: 188 (rgdb)]: family:1, type:2, protocol:0
[   18.902647] firmadyne: sys_socket[PID: 189 (rgdb)]: family:1, type:2, protocol:0
[   18.964737] firmadyne: sys_socket[PID: 190 (rgdb)]: family:1, type:2, protocol:0
[   19.028252] firmadyne: sys_socket[PID: 191 (rgdb)]: family:1, type:2, protocol:0
[   19.090464] firmadyne: sys_socket[PID: 192 (rgdb)]: family:1, type:2, protocol:0
[   19.152697] firmadyne: sys_socket[PID: 193 (rgdb)]: family:1, type:2, protocol:0
[   19.214441] firmadyne: sys_socket[PID: 194 (rgdb)]: family:1, type:2, protocol:0
[   19.278211] firmadyne: sys_socket[PID: 195 (rgdb)]: family:1, type:2, protocol:0
[   19.340404] firmadyne: sys_socket[PID: 196 (rgdb)]: family:1, type:2, protocol:0
[   19.402182] firmadyne: sys_socket[PID: 197 (rgdb)]: family:1, type:2, protocol:0
[   19.468920] firmadyne: sys_socket[PID: 198 (rgdb)]: family:1, type:2, protocol:0
[   19.530603] firmadyne: sys_socket[PID: 199 (rgdb)]: family:1, type:2, protocol:0
[   19.592519] firmadyne: sys_socket[PID: 200 (rgdb)]: family:1, type:2, protocol:0
[   19.733919] firmadyne: sys_socket[PID: 202 (xmldbc)]: family:1, type:2, protocol:0
[   19.795810] firmadyne: sys_socket[PID: 203 (xmldbc)]: family:1, type:2, protocol:0
[   19.860081] firmadyne: sys_socket[PID: 204 (xmldbc)]: family:1, type:2, protocol:0
[   19.923044] firmadyne: sys_socket[PID: 205 (xmldbc)]: family:1, type:2, protocol:0
[   19.927188] cfg80211: Calling CRDA to update world regulatory domain
[   20.000944] firmadyne: sys_socket[PID: 207 (xmldbc)]: family:1, type:2, protocol:0
[   20.066245] firmadyne: sys_socket[PID: 208 (xmldbc)]: family:1, type:2, protocol:0
[   20.131561] firmadyne: sys_socket[PID: 209 (xmldbc)]: family:1, type:2, protocol:0
[   20.193785] firmadyne: sys_socket[PID: 210 (xmldbc)]: family:1, type:2, protocol:0
[   20.258271] firmadyne: sys_socket[PID: 211 (xmldbc)]: family:1, type:2, protocol:0
[   20.320535] firmadyne: sys_socket[PID: 212 (xmldbc)]: family:1, type:2, protocol:0
[   20.383844] firmadyne: sys_socket[PID: 213 (xmldbc)]: family:1, type:2, protocol:0
[   20.448557] firmadyne: sys_socket[PID: 214 (xmldbc)]: family:1, type:2, protocol:0
[   20.510512] firmadyne: sys_socket[PID: 215 (xmldbc)]: family:1, type:2, protocol:0
[   20.572997] firmadyne: sys_socket[PID: 216 (xmldbc)]: family:1, type:2, protocol:0
[   20.636740] firmadyne: sys_socket[PID: 217 (xmldbc)]: family:1, type:2, protocol:0
[   20.701614] firmadyne: sys_socket[PID: 218 (xmldbc)]: family:1, type:2, protocol:0
[   20.764598] firmadyne: sys_socket[PID: 219 (xmldbc)]: family:1, type:2, protocol:0
[   20.827743] firmadyne: sys_socket[PID: 220 (xmldbc)]: family:1, type:2, protocol:0
[   21.052143] firmadyne: sys_socket[PID: 225 (xmldbc)]: family:1, type:2, protocol:0
[   21.113036] firmadyne: sys_socket[PID: 226 (xmldbc)]: family:1, type:2, protocol:0
[   21.173990] firmadyne: sys_socket[PID: 227 (xmldbc)]: family:1, type:2, protocol:0
[   21.236647] firmadyne: sys_socket[PID: 228 (xmldbc)]: family:1, type:2, protocol:0
[   21.297996] firmadyne: sys_socket[PID: 229 (xmldbc)]: family:1, type:2, protocol:0
[   21.358360] firmadyne: sys_socket[PID: 230 (xmldbc)]: family:1, type:2, protocol:0
[   21.420224] firmadyne: sys_socket[PID: 231 (xmldbc)]: family:1, type:2, protocol:0
[   21.483246] firmadyne: sys_socket[PID: 232 (xmldbc)]: family:1, type:2, protocol:0
[   21.545288] firmadyne: sys_socket[PID: 233 (xmldbc)]: family:1, type:2, protocol:0
[   21.606005] firmadyne: sys_socket[PID: 234 (xmldbc)]: family:1, type:2, protocol:0
[   21.668541] firmadyne: sys_socket[PID: 235 (xmldbc)]: family:1, type:2, protocol:0
[   21.732662] firmadyne: sys_socket[PID: 236 (xmldbc)]: family:1, type:2, protocol:0
[   21.794671] firmadyne: sys_socket[PID: 237 (xmldbc)]: family:1, type:2, protocol:0
[   21.858019] firmadyne: sys_socket[PID: 238 (xmldbc)]: family:1, type:2, protocol:0
[   21.919326] firmadyne: sys_socket[PID: 239 (xmldbc)]: family:1, type:2, protocol:0
[   21.980592] firmadyne: sys_socket[PID: 240 (xmldbc)]: family:1, type:2, protocol:0
[   22.043838] firmadyne: sys_socket[PID: 241 (xmldbc)]: family:1, type:2, protocol:0
[   22.105151] firmadyne: sys_socket[PID: 242 (xmldbc)]: family:1, type:2, protocol:0
[   22.166525] firmadyne: sys_socket[PID: 243 (xmldbc)]: family:1, type:2, protocol:0
[   22.311782] firmadyne: sys_socket[PID: 247 (xmldbc)]: family:1, type:2, protocol:0
[   22.372869] firmadyne: sys_socket[PID: 248 (xmldbc)]: family:1, type:2, protocol:0
[   22.434906] firmadyne: sys_socket[PID: 249 (xmldbc)]: family:1, type:2, protocol:0
[   22.496023] firmadyne: sys_socket[PID: 250 (xmldbc)]: family:1, type:2, protocol:0
[   22.557540] firmadyne: sys_socket[PID: 251 (xmldbc)]: family:1, type:2, protocol:0
[   22.620663] firmadyne: sys_socket[PID: 252 (xmldbc)]: family:1, type:2, protocol:0
[   22.684108] firmadyne: sys_socket[PID: 253 (xmldbc)]: family:1, type:2, protocol:0
[   22.752952] firmadyne: sys_socket[PID: 254 (xmldbc)]: family:1, type:2, protocol:0
[   22.814050] firmadyne: sys_socket[PID: 255 (xmldbc)]: family:1, type:2, protocol:0
[   22.877788] firmadyne: sys_socket[PID: 256 (xmldbc)]: family:1, type:2, protocol:0
[   22.939051] firmadyne: sys_socket[PID: 257 (xmldbc)]: family:1, type:2, protocol:0
[   23.000060] firmadyne: sys_socket[PID: 258 (xmldbc)]: family:1, type:2, protocol:0
[   23.063187] firmadyne: sys_socket[PID: 259 (xmldbc)]: family:1, type:2, protocol:0
[   23.071738] cfg80211: Calling CRDA to update world regulatory domain
[   23.141335] firmadyne: sys_socket[PID: 261 (xmldbc)]: family:1, type:2, protocol:0
[   23.203072] firmadyne: sys_socket[PID: 262 (xmldbc)]: family:1, type:2, protocol:0
[   23.266706] firmadyne: sys_socket[PID: 263 (xmldbc)]: family:1, type:2, protocol:0
[   23.328512] firmadyne: sys_socket[PID: 264 (xmldbc)]: family:1, type:2, protocol:0
[   23.389907] firmadyne: sys_socket[PID: 265 (xmldbc)]: family:1, type:2, protocol:0
[   23.452520] firmadyne: sys_socket[PID: 266 (xmldbc)]: family:1, type:2, protocol:0
[   23.597023] firmadyne: sys_socket[PID: 270 (xmldbc)]: family:1, type:2, protocol:0
[   23.660198] firmadyne: sys_socket[PID: 271 (xmldbc)]: family:1, type:2, protocol:0
[   23.721128] firmadyne: sys_socket[PID: 272 (xmldbc)]: family:1, type:2, protocol:0
[   23.784057] firmadyne: sys_socket[PID: 273 (xmldbc)]: family:1, type:2, protocol:0
[   23.846538] firmadyne: sys_socket[PID: 274 (xmldbc)]: family:1, type:2, protocol:0
[   23.908635] firmadyne: sys_socket[PID: 275 (xmldbc)]: family:1, type:2, protocol:0
[   23.970032] firmadyne: sys_socket[PID: 276 (xmldbc)]: family:1, type:2, protocol:0
[   24.032317] firmadyne: sys_socket[PID: 277 (xmldbc)]: family:1, type:2, protocol:0
[   24.093640] firmadyne: sys_socket[PID: 278 (xmldbc)]: family:1, type:2, protocol:0
[   24.156084] firmadyne: sys_socket[PID: 279 (xmldbc)]: family:1, type:2, protocol:0
[   24.217690] firmadyne: sys_socket[PID: 280 (xmldbc)]: family:1, type:2, protocol:0
[   24.275720] firmadyne: sys_socket[PID: 281 (xmldbc)]: family:1, type:2, protocol:0
[   24.336010] firmadyne: sys_socket[PID: 282 (xmldbc)]: family:1, type:2, protocol:0
[   24.397074] firmadyne: sys_socket[PID: 283 (xmldbc)]: family:1, type:2, protocol:0
[   24.460267] firmadyne: sys_socket[PID: 284 (xmldbc)]: family:1, type:2, protocol:0
[   24.521788] firmadyne: sys_socket[PID: 285 (xmldbc)]: family:1, type:2, protocol:0
[   24.583944] firmadyne: sys_socket[PID: 286 (xmldbc)]: family:1, type:2, protocol:0
[   24.649011] firmadyne: sys_socket[PID: 287 (xmldbc)]: family:1, type:2, protocol:0
[   24.711334] firmadyne: sys_socket[PID: 288 (xmldbc)]: family:1, type:2, protocol:0
[   24.860987] firmadyne: sys_socket[PID: 292 (xmldbc)]: family:1, type:2, protocol:0
[   24.922039] firmadyne: sys_socket[PID: 293 (xmldbc)]: family:1, type:2, protocol:0
[   24.983302] firmadyne: sys_socket[PID: 294 (xmldbc)]: family:1, type:2, protocol:0
[   25.046452] firmadyne: sys_socket[PID: 295 (xmldbc)]: family:1, type:2, protocol:0
[   25.108193] firmadyne: sys_socket[PID: 296 (xmldbc)]: family:1, type:2, protocol:0
[   25.169865] firmadyne: sys_socket[PID: 297 (xmldbc)]: family:1, type:2, protocol:0
[   25.241180] firmadyne: sys_socket[PID: 298 (xmldbc)]: family:1, type:2, protocol:0
[   25.303496] firmadyne: sys_socket[PID: 299 (xmldbc)]: family:1, type:2, protocol:0
[   25.365291] firmadyne: sys_socket[PID: 300 (xmldbc)]: family:1, type:2, protocol:0
[   25.427921] firmadyne: sys_socket[PID: 301 (xmldbc)]: family:1, type:2, protocol:0
[   25.489212] firmadyne: sys_socket[PID: 302 (xmldbc)]: family:1, type:2, protocol:0
[   25.550206] firmadyne: sys_socket[PID: 303 (xmldbc)]: family:1, type:2, protocol:0
[   25.611317] firmadyne: sys_socket[PID: 304 (xmldbc)]: family:1, type:2, protocol:0
[   25.673851] firmadyne: sys_socket[PID: 305 (xmldbc)]: family:1, type:2, protocol:0
[   25.735043] firmadyne: sys_socket[PID: 306 (xmldbc)]: family:1, type:2, protocol:0
[   25.799745] firmadyne: sys_socket[PID: 307 (xmldbc)]: family:1, type:2, protocol:0
[   25.862137] firmadyne: sys_socket[PID: 308 (xmldbc)]: family:1, type:2, protocol:0
[   25.922244] firmadyne: sys_socket[PID: 309 (xmldbc)]: family:1, type:2, protocol:0
[   25.983214] firmadyne: sys_socket[PID: 310 (xmldbc)]: family:1, type:2, protocol:0
[   26.129550] firmadyne: sys_socket[PID: 314 (xmldbc)]: family:1, type:2, protocol:0
[   26.190323] firmadyne: sys_socket[PID: 315 (xmldbc)]: family:1, type:2, protocol:0
[   26.215270] cfg80211: Calling CRDA to update world regulatory domain
[   26.267598] firmadyne: sys_socket[PID: 316 (xmldbc)]: family:1, type:2, protocol:0
[   26.328662] firmadyne: sys_socket[PID: 318 (xmldbc)]: family:1, type:2, protocol:0
[   26.389999] firmadyne: sys_socket[PID: 319 (xmldbc)]: family:1, type:2, protocol:0
[   26.452615] firmadyne: sys_socket[PID: 320 (xmldbc)]: family:1, type:2, protocol:0
[   26.513556] firmadyne: sys_socket[PID: 321 (xmldbc)]: family:1, type:2, protocol:0
[   26.573602] firmadyne: sys_socket[PID: 322 (xmldbc)]: family:1, type:2, protocol:0
[   26.636577] firmadyne: sys_socket[PID: 323 (xmldbc)]: family:1, type:2, protocol:0
[   26.697449] firmadyne: sys_socket[PID: 324 (xmldbc)]: family:1, type:2, protocol:0
[   26.754347] firmadyne: sys_socket[PID: 325 (xmldbc)]: family:1, type:2, protocol:0
[   26.816338] firmadyne: sys_socket[PID: 326 (xmldbc)]: family:1, type:2, protocol:0
[   26.879188] firmadyne: sys_socket[PID: 327 (xmldbc)]: family:1, type:2, protocol:0
[   26.941198] firmadyne: sys_socket[PID: 328 (xmldbc)]: family:1, type:2, protocol:0
[   27.001628] firmadyne: sys_socket[PID: 329 (xmldbc)]: family:1, type:2, protocol:0
[   27.064639] firmadyne: sys_socket[PID: 330 (xmldbc)]: family:1, type:2, protocol:0
[   27.126394] firmadyne: sys_socket[PID: 331 (xmldbc)]: family:1, type:2, protocol:0
[   27.188640] firmadyne: sys_socket[PID: 332 (xmldbc)]: family:1, type:2, protocol:0
[   27.251875] firmadyne: sys_socket[PID: 333 (xmldbc)]: family:1, type:2, protocol:0
[   27.396210] firmadyne: sys_socket[PID: 337 (xmldbc)]: family:1, type:2, protocol:0
[   27.460176] firmadyne: sys_socket[PID: 338 (xmldbc)]: family:1, type:2, protocol:0
[   27.522312] firmadyne: sys_socket[PID: 339 (xmldbc)]: family:1, type:2, protocol:0
[   27.583559] firmadyne: sys_socket[PID: 340 (xmldbc)]: family:1, type:2, protocol:0
[   27.646276] firmadyne: sys_socket[PID: 341 (xmldbc)]: family:1, type:2, protocol:0
[   27.702440] firmadyne: sys_socket[PID: 342 (xmldbc)]: family:1, type:2, protocol:0
[   27.764298] firmadyne: sys_socket[PID: 343 (xmldbc)]: family:1, type:2, protocol:0
[   27.828902] firmadyne: sys_socket[PID: 344 (xmldbc)]: family:1, type:2, protocol:0
[   27.891302] firmadyne: sys_socket[PID: 345 (xmldbc)]: family:1, type:2, protocol:0
[   27.953231] firmadyne: sys_socket[PID: 346 (xmldbc)]: family:1, type:2, protocol:0
[   28.014505] firmadyne: sys_socket[PID: 347 (xmldbc)]: family:1, type:2, protocol:0
[   28.077310] firmadyne: sys_socket[PID: 348 (xmldbc)]: family:1, type:2, protocol:0
[   28.138384] firmadyne: sys_socket[PID: 349 (xmldbc)]: family:1, type:2, protocol:0
[   28.199882] firmadyne: sys_socket[PID: 350 (xmldbc)]: family:1, type:2, protocol:0
[   28.262731] firmadyne: sys_socket[PID: 351 (xmldbc)]: family:1, type:2, protocol:0
[   28.323917] firmadyne: sys_socket[PID: 352 (xmldbc)]: family:1, type:2, protocol:0
[   28.384938] firmadyne: sys_socket[PID: 353 (xmldbc)]: family:1, type:2, protocol:0
[   28.447927] firmadyne: sys_socket[PID: 354 (xmldbc)]: family:1, type:2, protocol:0
[   28.509266] firmadyne: sys_socket[PID: 355 (xmldbc)]: family:1, type:2, protocol:0
[   28.655142] firmadyne: sys_socket[PID: 359 (xmldbc)]: family:1, type:2, protocol:0
[   28.716704] firmadyne: sys_socket[PID: 360 (xmldbc)]: family:1, type:2, protocol:0
[   28.778794] firmadyne: sys_socket[PID: 361 (xmldbc)]: family:1, type:2, protocol:0
[   28.845060] firmadyne: sys_socket[PID: 362 (xmldbc)]: family:1, type:2, protocol:0
[   28.906505] firmadyne: sys_socket[PID: 363 (xmldbc)]: family:1, type:2, protocol:0
[   28.968793] firmadyne: sys_socket[PID: 364 (xmldbc)]: family:1, type:2, protocol:0
[   29.031557] firmadyne: sys_socket[PID: 365 (xmldbc)]: family:1, type:2, protocol:0
[   29.093411] firmadyne: sys_socket[PID: 366 (xmldbc)]: family:1, type:2, protocol:0
[   29.154220] firmadyne: sys_socket[PID: 367 (xmldbc)]: family:1, type:2, protocol:0
[   29.215955] firmadyne: sys_socket[PID: 368 (xmldbc)]: family:1, type:2, protocol:0
[   29.278727] firmadyne: sys_socket[PID: 369 (xmldbc)]: family:1, type:2, protocol:0
[   29.340332] firmadyne: sys_socket[PID: 370 (xmldbc)]: family:1, type:2, protocol:0
[   29.359211] cfg80211: Calling CRDA to update world regulatory domain
[   29.415877] firmadyne: sys_socket[PID: 371 (xmldbc)]: family:1, type:2, protocol:0
[   29.479172] firmadyne: sys_socket[PID: 373 (xmldbc)]: family:1, type:2, protocol:0
[   29.540767] firmadyne: sys_socket[PID: 374 (xmldbc)]: family:1, type:2, protocol:0
[   29.602564] firmadyne: sys_socket[PID: 375 (xmldbc)]: family:1, type:2, protocol:0
[   29.666447] firmadyne: sys_socket[PID: 376 (xmldbc)]: family:1, type:2, protocol:0
[   29.729364] firmadyne: sys_socket[PID: 377 (xmldbc)]: family:1, type:2, protocol:0
[   29.791755] firmadyne: sys_socket[PID: 378 (xmldbc)]: family:1, type:2, protocol:0
[   29.943535] firmadyne: sys_socket[PID: 382 (xmldbc)]: family:1, type:2, protocol:0
[   30.006822] firmadyne: sys_socket[PID: 383 (xmldbc)]: family:1, type:2, protocol:0
[   30.071719] firmadyne: sys_socket[PID: 384 (xmldbc)]: family:1, type:2, protocol:0
[   30.134122] firmadyne: sys_socket[PID: 385 (xmldbc)]: family:1, type:2, protocol:0
[   30.198110] firmadyne: sys_socket[PID: 386 (xmldbc)]: family:1, type:2, protocol:0
[   30.262023] firmadyne: sys_socket[PID: 387 (xmldbc)]: family:1, type:2, protocol:0
[   30.323275] firmadyne: sys_socket[PID: 388 (xmldbc)]: family:1, type:2, protocol:0
[   30.384374] firmadyne: sys_socket[PID: 389 (xmldbc)]: family:1, type:2, protocol:0
[   30.448675] firmadyne: sys_socket[PID: 390 (xmldbc)]: family:1, type:2, protocol:0
[   30.509710] firmadyne: sys_socket[PID: 391 (xmldbc)]: family:1, type:2, protocol:0
[   30.571316] firmadyne: sys_socket[PID: 392 (xmldbc)]: family:1, type:2, protocol:0
[   30.634381] firmadyne: sys_socket[PID: 393 (xmldbc)]: family:1, type:2, protocol:0
[   30.691728] firmadyne: sys_socket[PID: 394 (xmldbc)]: family:1, type:2, protocol:0
[   30.753470] firmadyne: sys_socket[PID: 395 (xmldbc)]: family:1, type:2, protocol:0
[   30.814264] firmadyne: sys_socket[PID: 396 (xmldbc)]: family:1, type:2, protocol:0
[   30.880172] firmadyne: sys_socket[PID: 397 (xmldbc)]: family:1, type:2, protocol:0
[   30.941476] firmadyne: sys_socket[PID: 398 (xmldbc)]: family:1, type:2, protocol:0
[   31.002451] firmadyne: sys_socket[PID: 399 (xmldbc)]: family:1, type:2, protocol:0
[   31.065790] firmadyne: sys_socket[PID: 400 (xmldbc)]: family:1, type:2, protocol:0
[   31.206607] firmadyne: sys_socket[PID: 404 (xmldbc)]: family:1, type:2, protocol:0
[   31.268739] firmadyne: sys_socket[PID: 405 (xmldbc)]: family:1, type:2, protocol:0
[   31.330164] firmadyne: sys_socket[PID: 406 (xmldbc)]: family:1, type:2, protocol:0
[   31.392534] firmadyne: sys_socket[PID: 407 (xmldbc)]: family:1, type:2, protocol:0
[   31.454611] firmadyne: sys_socket[PID: 408 (xmldbc)]: family:1, type:2, protocol:0
[   31.516489] firmadyne: sys_socket[PID: 409 (xmldbc)]: family:1, type:2, protocol:0
[   31.578803] firmadyne: sys_socket[PID: 410 (xmldbc)]: family:1, type:2, protocol:0
[   31.642010] firmadyne: sys_socket[PID: 411 (xmldbc)]: family:1, type:2, protocol:0
[   31.703670] firmadyne: sys_socket[PID: 412 (xmldbc)]: family:1, type:2, protocol:0
[   31.765512] firmadyne: sys_socket[PID: 413 (xmldbc)]: family:1, type:2, protocol:0
[   31.830754] firmadyne: sys_socket[PID: 414 (xmldbc)]: family:1, type:2, protocol:0
[   31.895589] firmadyne: sys_socket[PID: 415 (xmldbc)]: family:1, type:2, protocol:0
[   31.958248] firmadyne: sys_socket[PID: 416 (xmldbc)]: family:1, type:2, protocol:0
[   32.021316] firmadyne: sys_socket[PID: 417 (xmldbc)]: family:1, type:2, protocol:0
[   32.086257] firmadyne: sys_socket[PID: 418 (xmldbc)]: family:1, type:2, protocol:0
[   32.148441] firmadyne: sys_socket[PID: 419 (xmldbc)]: family:1, type:2, protocol:0
[   32.210191] firmadyne: sys_socket[PID: 420 (xmldbc)]: family:1, type:2, protocol:0
[   32.273519] firmadyne: sys_socket[PID: 421 (xmldbc)]: family:1, type:2, protocol:0
[   32.337178] firmadyne: sys_socket[PID: 422 (xmldbc)]: family:1, type:2, protocol:0
[   32.484855] firmadyne: sys_socket[PID: 426 (xmldbc)]: family:1, type:2, protocol:0
[   32.503106] cfg80211: Calling CRDA to update world regulatory domain
[   32.560025] firmadyne: sys_socket[PID: 427 (xmldbc)]: family:1, type:2, protocol:0
[   32.615367] firmadyne: sys_socket[PID: 429 (xmldbc)]: family:1, type:2, protocol:0
[   32.678083] firmadyne: sys_socket[PID: 430 (xmldbc)]: family:1, type:2, protocol:0
[   32.741530] firmadyne: sys_socket[PID: 431 (xmldbc)]: family:1, type:2, protocol:0
[   32.810060] firmadyne: sys_socket[PID: 432 (xmldbc)]: family:1, type:2, protocol:0
[   32.874407] firmadyne: sys_socket[PID: 433 (xmldbc)]: family:1, type:2, protocol:0
[   32.938279] firmadyne: sys_socket[PID: 434 (xmldbc)]: family:1, type:2, protocol:0
[   33.001645] firmadyne: sys_socket[PID: 435 (xmldbc)]: family:1, type:2, protocol:0
[   33.064792] firmadyne: sys_socket[PID: 436 (xmldbc)]: family:1, type:2, protocol:0
[   33.125916] firmadyne: sys_socket[PID: 437 (xmldbc)]: family:1, type:2, protocol:0
[   33.187584] firmadyne: sys_socket[PID: 438 (xmldbc)]: family:1, type:2, protocol:0
[   33.252249] firmadyne: sys_socket[PID: 439 (xmldbc)]: family:1, type:2, protocol:0
[   33.313562] firmadyne: sys_socket[PID: 440 (xmldbc)]: family:1, type:2, protocol:0
[   33.374339] firmadyne: sys_socket[PID: 441 (xmldbc)]: family:1, type:2, protocol:0
[   33.439617] firmadyne: sys_socket[PID: 442 (xmldbc)]: family:1, type:2, protocol:0
[   33.503605] firmadyne: sys_socket[PID: 443 (xmldbc)]: family:1, type:2, protocol:0
[   33.566766] firmadyne: sys_socket[PID: 444 (xmldbc)]: family:1, type:2, protocol:0
[   33.632471] firmadyne: sys_socket[PID: 445 (xmldbc)]: family:1, type:2, protocol:0
[   33.785909] firmadyne: sys_socket[PID: 449 (xmldbc)]: family:1, type:2, protocol:0
[   33.854015] firmadyne: sys_socket[PID: 450 (xmldbc)]: family:1, type:2, protocol:0
[   33.919732] firmadyne: sys_socket[PID: 451 (xmldbc)]: family:1, type:2, protocol:0
[   33.985258] firmadyne: sys_socket[PID: 452 (xmldbc)]: family:1, type:2, protocol:0
[   34.049192] firmadyne: sys_socket[PID: 453 (xmldbc)]: family:1, type:2, protocol:0
[   34.112134] firmadyne: sys_socket[PID: 454 (xmldbc)]: family:1, type:2, protocol:0
[   34.173449] firmadyne: sys_socket[PID: 455 (xmldbc)]: family:1, type:2, protocol:0
[   34.237173] firmadyne: sys_socket[PID: 456 (xmldbc)]: family:1, type:2, protocol:0
[   34.299287] firmadyne: sys_socket[PID: 457 (xmldbc)]: family:1, type:2, protocol:0
[   34.361428] firmadyne: sys_socket[PID: 458 (xmldbc)]: family:1, type:2, protocol:0
[   34.424683] firmadyne: sys_socket[PID: 459 (xmldbc)]: family:1, type:2, protocol:0
[   34.486190] firmadyne: sys_socket[PID: 460 (xmldbc)]: family:1, type:2, protocol:0
[   34.542620] firmadyne: sys_socket[PID: 461 (xmldbc)]: family:1, type:2, protocol:0
[   34.603785] firmadyne: sys_socket[PID: 462 (xmldbc)]: family:1, type:2, protocol:0
[   34.668634] firmadyne: sys_socket[PID: 463 (xmldbc)]: family:1, type:2, protocol:0
[   34.730446] firmadyne: sys_socket[PID: 464 (xmldbc)]: family:1, type:2, protocol:0
[   34.794045] firmadyne: sys_socket[PID: 465 (xmldbc)]: family:1, type:2, protocol:0
[   34.859543] firmadyne: sys_socket[PID: 466 (xmldbc)]: family:1, type:2, protocol:0
[   34.921247] firmadyne: sys_socket[PID: 467 (xmldbc)]: family:1, type:2, protocol:0
[   35.068806] firmadyne: sys_socket[PID: 471 (xmldbc)]: family:1, type:2, protocol:0
[   35.130280] firmadyne: sys_socket[PID: 472 (xmldbc)]: family:1, type:2, protocol:0
[   35.191945] firmadyne: sys_socket[PID: 473 (xmldbc)]: family:1, type:2, protocol:0
[   35.254766] firmadyne: sys_socket[PID: 474 (xmldbc)]: family:1, type:2, protocol:0
[   35.317076] firmadyne: sys_socket[PID: 475 (xmldbc)]: family:1, type:2, protocol:0
[   35.378690] firmadyne: sys_socket[PID: 476 (xmldbc)]: family:1, type:2, protocol:0
[   35.442466] firmadyne: sys_socket[PID: 477 (xmldbc)]: family:1, type:2, protocol:0
[   35.504233] firmadyne: sys_socket[PID: 478 (xmldbc)]: family:1, type:2, protocol:0
[   35.566661] firmadyne: sys_socket[PID: 479 (xmldbc)]: family:1, type:2, protocol:0
[   35.631117] firmadyne: sys_socket[PID: 480 (xmldbc)]: family:1, type:2, protocol:0
[   35.647309] cfg80211: Exceeded CRDA call max attempts. Not calling CRDA
[   35.694668] firmadyne: sys_socket[PID: 481 (xmldbc)]: family:1, type:2, protocol:0
[   35.756168] firmadyne: sys_socket[PID: 482 (xmldbc)]: family:1, type:2, protocol:0
[   35.812496] firmadyne: sys_socket[PID: 483 (xmldbc)]: family:1, type:2, protocol:0
[   35.874146] firmadyne: sys_socket[PID: 484 (xmldbc)]: family:1, type:2, protocol:0
[   35.935482] firmadyne: sys_socket[PID: 485 (xmldbc)]: family:1, type:2, protocol:0
[   35.999852] firmadyne: sys_socket[PID: 486 (xmldbc)]: family:1, type:2, protocol:0
[   36.064355] firmadyne: sys_socket[PID: 487 (xmldbc)]: family:1, type:2, protocol:0
[   36.126803] firmadyne: sys_socket[PID: 488 (xmldbc)]: family:1, type:2, protocol:0
[   36.183940] firmadyne: sys_socket[PID: 489 (xmldbc)]: family:1, type:2, protocol:0
[   36.331078] firmadyne: sys_socket[PID: 493 (xmldbc)]: family:1, type:2, protocol:0
[   36.393132] firmadyne: sys_socket[PID: 494 (xmldbc)]: family:1, type:2, protocol:0
[   36.456183] firmadyne: sys_socket[PID: 495 (xmldbc)]: family:1, type:2, protocol:0
[   36.517744] firmadyne: sys_socket[PID: 496 (xmldbc)]: family:1, type:2, protocol:0
[   36.573998] firmadyne: sys_socket[PID: 497 (xmldbc)]: family:1, type:2, protocol:0
[   36.636291] firmadyne: sys_socket[PID: 498 (xmldbc)]: family:1, type:2, protocol:0
[   36.697926] firmadyne: sys_socket[PID: 499 (xmldbc)]: family:1, type:2, protocol:0
[   36.780147] firmadyne: sys_socket[PID: 500 (xmldbc)]: family:1, type:2, protocol:0
[   36.845197] firmadyne: sys_socket[PID: 501 (xmldbc)]: family:1, type:2, protocol:0
[   36.907345] firmadyne: sys_socket[PID: 502 (xmldbc)]: family:1, type:2, protocol:0
[   36.971072] firmadyne: sys_socket[PID: 503 (xmldbc)]: family:1, type:2, protocol:0
[   37.037812] firmadyne: sys_socket[PID: 504 (xmldbc)]: family:1, type:2, protocol:0
[   37.096662] firmadyne: sys_socket[PID: 505 (xmldbc)]: family:1, type:2, protocol:0
[   37.159088] firmadyne: sys_socket[PID: 506 (xmldbc)]: family:1, type:2, protocol:0
[   37.221461] firmadyne: sys_socket[PID: 507 (xmldbc)]: family:1, type:2, protocol:0
[   37.287161] firmadyne: sys_socket[PID: 508 (xmldbc)]: family:1, type:2, protocol:0
[   37.349793] firmadyne: sys_socket[PID: 509 (xmldbc)]: family:1, type:2, protocol:0
[   37.412905] firmadyne: sys_socket[PID: 510 (xmldbc)]: family:1, type:2, protocol:0
[   37.477331] firmadyne: sys_socket[PID: 511 (xmldbc)]: family:1, type:2, protocol:0
[   37.627329] firmadyne: sys_socket[PID: 515 (xmldbc)]: family:1, type:2, protocol:0
[   37.688696] firmadyne: sys_socket[PID: 516 (xmldbc)]: family:1, type:2, protocol:0
[   37.752901] firmadyne: sys_socket[PID: 517 (xmldbc)]: family:1, type:2, protocol:0
[   37.814502] firmadyne: sys_socket[PID: 518 (xmldbc)]: family:1, type:2, protocol:0
[   37.878295] firmadyne: sys_socket[PID: 519 (xmldbc)]: family:1, type:2, protocol:0
[   37.940006] firmadyne: sys_socket[PID: 520 (xmldbc)]: family:1, type:2, protocol:0
[   38.002045] firmadyne: sys_socket[PID: 521 (xmldbc)]: family:1, type:2, protocol:0
[   38.066047] firmadyne: sys_socket[PID: 522 (xmldbc)]: family:1, type:2, protocol:0
[   38.128362] firmadyne: sys_socket[PID: 523 (xmldbc)]: family:1, type:2, protocol:0
[   38.189757] firmadyne: sys_socket[PID: 524 (xmldbc)]: family:1, type:2, protocol:0
[   38.253373] firmadyne: sys_socket[PID: 525 (xmldbc)]: family:1, type:2, protocol:0
[   38.315272] firmadyne: sys_socket[PID: 526 (xmldbc)]: family:1, type:2, protocol:0
[   38.377302] firmadyne: sys_socket[PID: 527 (xmldbc)]: family:1, type:2, protocol:0
[   38.440265] firmadyne: sys_socket[PID: 528 (xmldbc)]: family:1, type:2, protocol:0
[   38.501615] firmadyne: sys_socket[PID: 529 (xmldbc)]: family:1, type:2, protocol:0
[   38.557577] firmadyne: sys_socket[PID: 530 (xmldbc)]: family:1, type:2, protocol:0
[   38.618544] firmadyne: sys_socket[PID: 531 (xmldbc)]: family:1, type:2, protocol:0
[   38.681566] firmadyne: sys_socket[PID: 532 (xmldbc)]: family:1, type:2, protocol:0
[   38.743321] firmadyne: sys_socket[PID: 533 (xmldbc)]: family:1, type:2, protocol:0
[   38.888752] firmadyne: sys_socket[PID: 537 (xmldbc)]: family:1, type:2, protocol:0
[   38.950052] firmadyne: sys_socket[PID: 538 (xmldbc)]: family:1, type:2, protocol:0
[   39.012141] firmadyne: sys_socket[PID: 539 (xmldbc)]: family:1, type:2, protocol:0
[   39.076072] firmadyne: sys_socket[PID: 540 (xmldbc)]: family:1, type:2, protocol:0
[   39.137083] firmadyne: sys_socket[PID: 541 (xmldbc)]: family:1, type:2, protocol:0
[   39.198627] firmadyne: sys_socket[PID: 542 (xmldbc)]: family:1, type:2, protocol:0
[   39.262151] firmadyne: sys_socket[PID: 543 (xmldbc)]: family:1, type:2, protocol:0
[   39.323666] firmadyne: sys_socket[PID: 544 (xmldbc)]: family:1, type:2, protocol:0
[   39.384976] firmadyne: sys_socket[PID: 545 (xmldbc)]: family:1, type:2, protocol:0
[   39.448859] firmadyne: sys_socket[PID: 546 (xmldbc)]: family:1, type:2, protocol:0
[   39.512138] firmadyne: sys_socket[PID: 547 (xmldbc)]: family:1, type:2, protocol:0
[   39.573723] firmadyne: sys_socket[PID: 548 (xmldbc)]: family:1, type:2, protocol:0
[   39.637934] firmadyne: sys_socket[PID: 549 (xmldbc)]: family:1, type:2, protocol:0
[   39.700325] firmadyne: sys_socket[PID: 550 (xmldbc)]: family:1, type:2, protocol:0
[   39.762388] firmadyne: sys_socket[PID: 551 (xmldbc)]: family:1, type:2, protocol:0
[   39.825358] firmadyne: sys_socket[PID: 552 (xmldbc)]: family:1, type:2, protocol:0
[   39.887485] firmadyne: sys_socket[PID: 553 (xmldbc)]: family:1, type:2, protocol:0
[   39.949792] firmadyne: sys_socket[PID: 554 (xmldbc)]: family:1, type:2, protocol:0
[   40.012640] firmadyne: sys_socket[PID: 555 (xmldbc)]: family:1, type:2, protocol:0
[   40.162261] firmadyne: sys_socket[PID: 559 (xmldbc)]: family:1, type:2, protocol:0
[   40.224637] firmadyne: sys_socket[PID: 560 (xmldbc)]: family:1, type:2, protocol:0
[   40.286471] firmadyne: sys_socket[PID: 561 (xmldbc)]: family:1, type:2, protocol:0
[   40.348120] firmadyne: sys_socket[PID: 562 (xmldbc)]: family:1, type:2, protocol:0
[   40.409291] firmadyne: sys_socket[PID: 563 (xmldbc)]: family:1, type:2, protocol:0
[   40.472091] firmadyne: sys_socket[PID: 564 (xmldbc)]: family:1, type:2, protocol:0
[   40.527758] firmadyne: sys_socket[PID: 565 (xmldbc)]: family:1, type:2, protocol:0
[   40.583572] firmadyne: sys_socket[PID: 566 (xmldbc)]: family:1, type:2, protocol:0
[   40.646262] firmadyne: sys_socket[PID: 567 (xmldbc)]: family:1, type:2, protocol:0
[   40.707919] firmadyne: sys_socket[PID: 568 (xmldbc)]: family:1, type:2, protocol:0
[   40.770086] firmadyne: sys_socket[PID: 569 (xmldbc)]: family:1, type:2, protocol:0
[   40.834176] firmadyne: sys_socket[PID: 570 (xmldbc)]: family:1, type:2, protocol:0
[   40.893320] firmadyne: sys_socket[PID: 571 (xmldbc)]: family:1, type:2, protocol:0
[   40.955890] firmadyne: sys_socket[PID: 572 (xmldbc)]: family:1, type:2, protocol:0
[   41.018339] firmadyne: sys_socket[PID: 573 (xmldbc)]: family:1, type:2, protocol:0
[   41.084765] firmadyne: sys_socket[PID: 574 (xmldbc)]: family:1, type:2, protocol:0
[   41.147381] firmadyne: sys_socket[PID: 575 (xmldbc)]: family:1, type:2, protocol:0
[   41.209444] firmadyne: sys_socket[PID: 576 (xmldbc)]: family:1, type:2, protocol:0
[   41.272193] firmadyne: sys_socket[PID: 577 (xmldbc)]: family:1, type:2, protocol:0
[   41.416639] firmadyne: sys_socket[PID: 581 (xmldbc)]: family:1, type:2, protocol:0
[   41.480451] firmadyne: sys_socket[PID: 582 (xmldbc)]: family:1, type:2, protocol:0
[   41.542421] firmadyne: sys_socket[PID: 583 (xmldbc)]: family:1, type:2, protocol:0
[   41.604568] firmadyne: sys_socket[PID: 584 (xmldbc)]: family:1, type:2, protocol:0
[   41.663149] firmadyne: sys_socket[PID: 585 (xmldbc)]: family:1, type:2, protocol:0
[   41.724112] firmadyne: sys_socket[PID: 586 (xmldbc)]: family:1, type:2, protocol:0
[   41.780767] firmadyne: sys_socket[PID: 587 (xmldbc)]: family:1, type:2, protocol:0
[   41.843139] firmadyne: sys_socket[PID: 588 (xmldbc)]: family:1, type:2, protocol:0
[   41.905267] firmadyne: sys_socket[PID: 589 (xmldbc)]: family:1, type:2, protocol:0
[   41.966203] firmadyne: sys_socket[PID: 590 (xmldbc)]: family:1, type:2, protocol:0
[   42.028897] firmadyne: sys_socket[PID: 591 (xmldbc)]: family:1, type:2, protocol:0
[   42.098623] firmadyne: sys_socket[PID: 592 (xmldbc)]: family:1, type:2, protocol:0
[   42.161573] firmadyne: sys_socket[PID: 593 (xmldbc)]: family:1, type:2, protocol:0
[   42.223129] firmadyne: sys_socket[PID: 594 (xmldbc)]: family:1, type:2, protocol:0
[   42.285638] firmadyne: sys_socket[PID: 595 (xmldbc)]: family:1, type:2, protocol:0
[   42.347243] firmadyne: sys_socket[PID: 596 (xmldbc)]: family:1, type:2, protocol:0
[   42.408708] firmadyne: sys_socket[PID: 597 (xmldbc)]: family:1, type:2, protocol:0
[   42.471846] firmadyne: sys_socket[PID: 598 (xmldbc)]: family:1, type:2, protocol:0
[   42.533575] firmadyne: sys_socket[PID: 599 (xmldbc)]: family:1, type:2, protocol:0
[   42.681222] firmadyne: sys_socket[PID: 603 (xmldbc)]: family:1, type:2, protocol:0
[   42.743893] firmadyne: sys_socket[PID: 604 (xmldbc)]: family:1, type:2, protocol:0
[   42.805350] firmadyne: sys_socket[PID: 605 (xmldbc)]: family:1, type:2, protocol:0
[   42.868814] firmadyne: sys_socket[PID: 606 (xmldbc)]: family:1, type:2, protocol:0
[   42.929849] firmadyne: sys_socket[PID: 607 (xmldbc)]: family:1, type:2, protocol:0
[   42.986633] firmadyne: sys_socket[PID: 608 (xmldbc)]: family:1, type:2, protocol:0
[   43.050140] firmadyne: sys_socket[PID: 609 (xmldbc)]: family:1, type:2, protocol:0
[   43.114188] firmadyne: sys_socket[PID: 610 (xmldbc)]: family:1, type:2, protocol:0
[   43.171961] firmadyne: sys_socket[PID: 611 (xmldbc)]: family:1, type:2, protocol:0
[   43.235545] firmadyne: sys_socket[PID: 612 (xmldbc)]: family:1, type:2, protocol:0
[   43.292967] firmadyne: sys_socket[PID: 613 (xmldbc)]: family:1, type:2, protocol:0
[   43.354079] firmadyne: sys_socket[PID: 614 (xmldbc)]: family:1, type:2, protocol:0
[   43.416843] firmadyne: sys_socket[PID: 615 (xmldbc)]: family:1, type:2, protocol:0
[   43.480362] firmadyne: sys_socket[PID: 616 (xmldbc)]: family:1, type:2, protocol:0
[   43.536971] firmadyne: sys_socket[PID: 617 (xmldbc)]: family:1, type:2, protocol:0
[   43.597059] firmadyne: sys_socket[PID: 618 (xmldbc)]: family:1, type:2, protocol:0
[   43.661028] firmadyne: sys_socket[PID: 619 (xmldbc)]: family:1, type:2, protocol:0
[   43.723219] firmadyne: sys_socket[PID: 620 (xmldbc)]: family:1, type:2, protocol:0
[   43.784894] firmadyne: sys_socket[PID: 621 (xmldbc)]: family:1, type:2, protocol:0
[   43.925800] firmadyne: sys_socket[PID: 625 (xmldbc)]: family:1, type:2, protocol:0
[   43.986399] firmadyne: sys_socket[PID: 626 (xmldbc)]: family:1, type:2, protocol:0
[   44.045325] firmadyne: sys_socket[PID: 627 (xmldbc)]: family:1, type:2, protocol:0
[   44.106431] firmadyne: sys_socket[PID: 628 (xmldbc)]: family:1, type:2, protocol:0
[   44.169488] firmadyne: sys_socket[PID: 629 (xmldbc)]: family:1, type:2, protocol:0
[   44.232512] firmadyne: sys_socket[PID: 630 (xmldbc)]: family:1, type:2, protocol:0
[   44.294109] firmadyne: sys_socket[PID: 631 (xmldbc)]: family:1, type:2, protocol:0
[   44.355880] firmadyne: sys_socket[PID: 632 (xmldbc)]: family:1, type:2, protocol:0
[   44.417270] firmadyne: sys_socket[PID: 633 (xmldbc)]: family:1, type:2, protocol:0
[   44.480649] firmadyne: sys_socket[PID: 634 (xmldbc)]: family:1, type:2, protocol:0
[   44.542310] firmadyne: sys_socket[PID: 635 (xmldbc)]: family:1, type:2, protocol:0
[   44.604648] firmadyne: sys_socket[PID: 636 (xmldbc)]: family:1, type:2, protocol:0
[   44.667056] firmadyne: sys_socket[PID: 637 (xmldbc)]: family:1, type:2, protocol:0
[   44.728547] firmadyne: sys_socket[PID: 638 (xmldbc)]: family:1, type:2, protocol:0
[   44.790685] firmadyne: sys_socket[PID: 639 (xmldbc)]: family:1, type:2, protocol:0
[   44.857561] firmadyne: sys_socket[PID: 640 (xmldbc)]: family:1, type:2, protocol:0
[   44.921039] firmadyne: sys_socket[PID: 641 (xmldbc)]: family:1, type:2, protocol:0
[   44.984076] firmadyne: sys_socket[PID: 642 (xmldbc)]: family:1, type:2, protocol:0
[   45.047383] firmadyne: sys_socket[PID: 643 (xmldbc)]: family:1, type:2, protocol:0
[   45.194201] firmadyne: sys_socket[PID: 647 (xmldbc)]: family:1, type:2, protocol:0
[   45.257667] firmadyne: sys_socket[PID: 648 (xmldbc)]: family:1, type:2, protocol:0
[   45.319986] firmadyne: sys_socket[PID: 649 (xmldbc)]: family:1, type:2, protocol:0
[   45.381401] firmadyne: sys_socket[PID: 650 (xmldbc)]: family:1, type:2, protocol:0
[   45.445397] firmadyne: sys_socket[PID: 651 (xmldbc)]: family:1, type:2, protocol:0
[   45.507355] firmadyne: sys_socket[PID: 652 (xmldbc)]: family:1, type:2, protocol:0
[   45.568736] firmadyne: sys_socket[PID: 653 (xmldbc)]: family:1, type:2, protocol:0
[   45.626551] firmadyne: sys_socket[PID: 654 (xmldbc)]: family:1, type:2, protocol:0
[   45.689392] firmadyne: sys_socket[PID: 655 (xmldbc)]: family:1, type:2, protocol:0
[   45.751956] firmadyne: sys_socket[PID: 656 (xmldbc)]: family:1, type:2, protocol:0
[   45.813661] firmadyne: sys_socket[PID: 657 (xmldbc)]: family:1, type:2, protocol:0
[   45.876945] firmadyne: sys_socket[PID: 658 (xmldbc)]: family:1, type:2, protocol:0
[   45.938045] firmadyne: sys_socket[PID: 659 (xmldbc)]: family:1, type:2, protocol:0
[   46.000322] firmadyne: sys_socket[PID: 660 (xmldbc)]: family:1, type:2, protocol:0
[   46.064265] firmadyne: sys_socket[PID: 661 (xmldbc)]: family:1, type:2, protocol:0
[   46.125734] firmadyne: sys_socket[PID: 662 (xmldbc)]: family:1, type:2, protocol:0
[   46.188863] firmadyne: sys_socket[PID: 663 (xmldbc)]: family:1, type:2, protocol:0
[   46.253125] firmadyne: sys_socket[PID: 664 (xmldbc)]: family:1, type:2, protocol:0
[   46.314465] firmadyne: sys_socket[PID: 665 (xmldbc)]: family:1, type:2, protocol:0
[   46.467031] firmadyne: sys_socket[PID: 669 (xmldbc)]: family:1, type:2, protocol:0
[   46.529197] firmadyne: sys_socket[PID: 670 (xmldbc)]: family:1, type:2, protocol:0
[   46.591167] firmadyne: sys_socket[PID: 671 (xmldbc)]: family:1, type:2, protocol:0
[   46.653941] firmadyne: sys_socket[PID: 672 (xmldbc)]: family:1, type:2, protocol:0
[   46.715722] firmadyne: sys_socket[PID: 673 (xmldbc)]: family:1, type:2, protocol:0
[   46.777953] firmadyne: sys_socket[PID: 674 (xmldbc)]: family:1, type:2, protocol:0
[   46.841887] firmadyne: sys_socket[PID: 675 (xmldbc)]: family:1, type:2, protocol:0
[   46.900061] firmadyne: sys_socket[PID: 676 (xmldbc)]: family:1, type:2, protocol:0
[   46.961308] firmadyne: sys_socket[PID: 677 (xmldbc)]: family:1, type:2, protocol:0
[   47.018206] firmadyne: sys_socket[PID: 678 (xmldbc)]: family:1, type:2, protocol:0
[   47.081423] firmadyne: sys_socket[PID: 679 (xmldbc)]: family:1, type:2, protocol:0
[   47.143841] firmadyne: sys_socket[PID: 680 (xmldbc)]: family:1, type:2, protocol:0
[   47.207851] firmadyne: sys_socket[PID: 681 (xmldbc)]: family:1, type:2, protocol:0
[   47.271189] firmadyne: sys_socket[PID: 682 (xmldbc)]: family:1, type:2, protocol:0
[   47.333156] firmadyne: sys_socket[PID: 683 (xmldbc)]: family:1, type:2, protocol:0
[   47.394820] firmadyne: sys_socket[PID: 684 (xmldbc)]: family:1, type:2, protocol:0
[   47.459427] firmadyne: sys_socket[PID: 685 (xmldbc)]: family:1, type:2, protocol:0
[   47.521508] firmadyne: sys_socket[PID: 686 (xmldbc)]: family:1, type:2, protocol:0
[   47.583698] firmadyne: sys_socket[PID: 687 (xmldbc)]: family:1, type:2, protocol:0
[   47.732504] firmadyne: sys_socket[PID: 691 (xmldbc)]: family:1, type:2, protocol:0
[   47.795101] firmadyne: sys_socket[PID: 692 (xmldbc)]: family:1, type:2, protocol:0
[   47.858203] firmadyne: sys_socket[PID: 693 (xmldbc)]: family:1, type:2, protocol:0
[   47.920328] firmadyne: sys_socket[PID: 694 (xmldbc)]: family:1, type:2, protocol:0
[   47.981700] firmadyne: sys_socket[PID: 695 (xmldbc)]: family:1, type:2, protocol:0
[   48.045566] firmadyne: sys_socket[PID: 696 (xmldbc)]: family:1, type:2, protocol:0
[   48.108421] firmadyne: sys_socket[PID: 697 (xmldbc)]: family:1, type:2, protocol:0
[   48.170448] firmadyne: sys_socket[PID: 698 (xmldbc)]: family:1, type:2, protocol:0
[   48.237176] firmadyne: sys_socket[PID: 699 (xmldbc)]: family:1, type:2, protocol:0
[   48.300060] firmadyne: sys_socket[PID: 700 (xmldbc)]: family:1, type:2, protocol:0
[   48.361492] firmadyne: sys_socket[PID: 701 (xmldbc)]: family:1, type:2, protocol:0
[   48.424789] firmadyne: sys_socket[PID: 702 (xmldbc)]: family:1, type:2, protocol:0
[   48.486553] firmadyne: sys_socket[PID: 703 (xmldbc)]: family:1, type:2, protocol:0
[   48.549403] firmadyne: sys_socket[PID: 704 (xmldbc)]: family:1, type:2, protocol:0
[   48.611293] firmadyne: sys_socket[PID: 705 (xmldbc)]: family:1, type:2, protocol:0
[   48.674101] firmadyne: sys_socket[PID: 706 (xmldbc)]: family:1, type:2, protocol:0
[   48.730393] firmadyne: sys_socket[PID: 707 (xmldbc)]: family:1, type:2, protocol:0
[   48.792606] firmadyne: sys_socket[PID: 708 (xmldbc)]: family:1, type:2, protocol:0
[   48.857395] firmadyne: sys_socket[PID: 709 (xmldbc)]: family:1, type:2, protocol:0
[   49.003453] firmadyne: sys_socket[PID: 713 (xmldbc)]: family:1, type:2, protocol:0
[   49.066795] firmadyne: sys_socket[PID: 714 (xmldbc)]: family:1, type:2, protocol:0
[   49.129886] firmadyne: sys_socket[PID: 715 (xmldbc)]: family:1, type:2, protocol:0
[   49.192856] firmadyne: sys_socket[PID: 716 (xmldbc)]: family:1, type:2, protocol:0
[   49.258004] firmadyne: sys_socket[PID: 717 (xmldbc)]: family:1, type:2, protocol:0
[   49.320421] firmadyne: sys_socket[PID: 718 (xmldbc)]: family:1, type:2, protocol:0
[   49.382027] firmadyne: sys_socket[PID: 719 (xmldbc)]: family:1, type:2, protocol:0
[   49.445431] firmadyne: sys_socket[PID: 720 (xmldbc)]: family:1, type:2, protocol:0
[   49.507256] firmadyne: sys_socket[PID: 721 (xmldbc)]: family:1, type:2, protocol:0
[   49.569865] firmadyne: sys_socket[PID: 722 (xmldbc)]: family:1, type:2, protocol:0
[   49.657042] firmadyne: sys_socket[PID: 723 (xmldbc)]: family:1, type:2, protocol:0
[   49.744890] firmadyne: sys_socket[PID: 724 (xmldbc)]: family:1, type:2, protocol:0
[   49.806188] firmadyne: sys_socket[PID: 725 (xmldbc)]: family:1, type:2, protocol:0
[   49.869366] firmadyne: sys_socket[PID: 726 (xmldbc)]: family:1, type:2, protocol:0
[   49.930551] firmadyne: sys_socket[PID: 727 (xmldbc)]: family:1, type:2, protocol:0
[   49.992619] firmadyne: sys_socket[PID: 728 (xmldbc)]: family:1, type:2, protocol:0
[   50.056062] firmadyne: sys_socket[PID: 729 (xmldbc)]: family:1, type:2, protocol:0
[   50.116850] firmadyne: sys_socket[PID: 730 (xmldbc)]: family:1, type:2, protocol:0
[   50.177359] firmadyne: sys_socket[PID: 731 (xmldbc)]: family:1, type:2, protocol:0
[   50.337770] firmadyne: sys_socket[PID: 735 (xmldbc)]: family:1, type:2, protocol:0
[   50.400009] firmadyne: sys_socket[PID: 736 (xmldbc)]: family:1, type:2, protocol:0
[   50.463145] firmadyne: sys_socket[PID: 737 (xmldbc)]: family:1, type:2, protocol:0
[   50.524637] firmadyne: sys_socket[PID: 738 (xmldbc)]: family:1, type:2, protocol:0
[   50.584972] firmadyne: sys_socket[PID: 739 (xmldbc)]: family:1, type:2, protocol:0
[   50.648865] firmadyne: sys_socket[PID: 740 (xmldbc)]: family:1, type:2, protocol:0
[   50.709820] firmadyne: sys_socket[PID: 741 (xmldbc)]: family:1, type:2, protocol:0
[   50.771657] firmadyne: sys_socket[PID: 742 (xmldbc)]: family:1, type:2, protocol:0
[   50.835260] firmadyne: sys_socket[PID: 743 (xmldbc)]: family:1, type:2, protocol:0
[   50.898305] firmadyne: sys_socket[PID: 744 (xmldbc)]: family:1, type:2, protocol:0
[   50.956861] firmadyne: sys_socket[PID: 745 (xmldbc)]: family:1, type:2, protocol:0
[   51.017473] firmadyne: sys_socket[PID: 746 (xmldbc)]: family:1, type:2, protocol:0
[   51.080840] firmadyne: sys_socket[PID: 747 (xmldbc)]: family:1, type:2, protocol:0
[   51.142777] firmadyne: sys_socket[PID: 748 (xmldbc)]: family:1, type:2, protocol:0
[   51.203717] firmadyne: sys_socket[PID: 749 (xmldbc)]: family:1, type:2, protocol:0
[   51.275295] firmadyne: sys_socket[PID: 750 (xmldbc)]: family:1, type:2, protocol:0
[   51.337076] firmadyne: sys_socket[PID: 751 (xmldbc)]: family:1, type:2, protocol:0
[   51.399159] firmadyne: sys_socket[PID: 752 (xmldbc)]: family:1, type:2, protocol:0
[   51.462533] firmadyne: sys_socket[PID: 753 (xmldbc)]: family:1, type:2, protocol:0
[   51.609389] firmadyne: sys_socket[PID: 757 (xmldbc)]: family:1, type:2, protocol:0
[   51.672315] firmadyne: sys_socket[PID: 758 (xmldbc)]: family:1, type:2, protocol:0
[   51.732965] firmadyne: sys_socket[PID: 759 (xmldbc)]: family:1, type:2, protocol:0
[   51.793214] firmadyne: sys_socket[PID: 760 (xmldbc)]: family:1, type:2, protocol:0
[   51.857571] firmadyne: sys_socket[PID: 761 (xmldbc)]: family:1, type:2, protocol:0
[   51.919650] firmadyne: sys_socket[PID: 762 (xmldbc)]: family:1, type:2, protocol:0
[   51.980728] firmadyne: sys_socket[PID: 763 (xmldbc)]: family:1, type:2, protocol:0
[   52.042749] firmadyne: sys_socket[PID: 764 (xmldbc)]: family:1, type:2, protocol:0
[   52.104503] firmadyne: sys_socket[PID: 765 (xmldbc)]: family:1, type:2, protocol:0
[   52.165611] firmadyne: sys_socket[PID: 766 (xmldbc)]: family:1, type:2, protocol:0
[   52.228396] firmadyne: sys_socket[PID: 767 (xmldbc)]: family:1, type:2, protocol:0
[   52.293072] firmadyne: sys_socket[PID: 768 (xmldbc)]: family:1, type:2, protocol:0
[   52.355396] firmadyne: sys_socket[PID: 769 (xmldbc)]: family:1, type:2, protocol:0
[   52.417201] firmadyne: sys_socket[PID: 770 (xmldbc)]: family:1, type:2, protocol:0
[   52.480783] firmadyne: sys_socket[PID: 771 (xmldbc)]: family:1, type:2, protocol:0
[   52.541774] firmadyne: sys_socket[PID: 772 (xmldbc)]: family:1, type:2, protocol:0
[   52.602781] firmadyne: sys_socket[PID: 773 (xmldbc)]: family:1, type:2, protocol:0
[   52.665720] firmadyne: sys_socket[PID: 774 (xmldbc)]: family:1, type:2, protocol:0
[   52.727165] firmadyne: sys_socket[PID: 775 (xmldbc)]: family:1, type:2, protocol:0
[   52.875164] firmadyne: sys_socket[PID: 779 (xmldbc)]: family:1, type:2, protocol:0
[   52.936125] firmadyne: sys_socket[PID: 780 (xmldbc)]: family:1, type:2, protocol:0
[   52.996780] firmadyne: sys_socket[PID: 781 (xmldbc)]: family:1, type:2, protocol:0
[   53.059493] firmadyne: sys_socket[PID: 782 (xmldbc)]: family:1, type:2, protocol:0
[   53.120986] firmadyne: sys_socket[PID: 783 (xmldbc)]: family:1, type:2, protocol:0
[   53.182636] firmadyne: sys_socket[PID: 784 (xmldbc)]: family:1, type:2, protocol:0
[   53.245971] firmadyne: sys_socket[PID: 785 (xmldbc)]: family:1, type:2, protocol:0
[   53.309707] firmadyne: sys_socket[PID: 786 (xmldbc)]: family:1, type:2, protocol:0
[   53.371988] firmadyne: sys_socket[PID: 787 (xmldbc)]: family:1, type:2, protocol:0
[   53.435733] firmadyne: sys_socket[PID: 788 (xmldbc)]: family:1, type:2, protocol:0
[   53.496948] firmadyne: sys_socket[PID: 789 (xmldbc)]: family:1, type:2, protocol:0
[   53.558112] firmadyne: sys_socket[PID: 790 (xmldbc)]: family:1, type:2, protocol:0
[   53.619177] firmadyne: sys_socket[PID: 791 (xmldbc)]: family:1, type:2, protocol:0
[   53.681366] firmadyne: sys_socket[PID: 792 (xmldbc)]: family:1, type:2, protocol:0
[   53.742310] firmadyne: sys_socket[PID: 793 (xmldbc)]: family:1, type:2, protocol:0
[   53.804268] firmadyne: sys_socket[PID: 794 (xmldbc)]: family:1, type:2, protocol:0
[   53.866350] firmadyne: sys_socket[PID: 795 (xmldbc)]: family:1, type:2, protocol:0
[   53.928256] firmadyne: sys_socket[PID: 796 (xmldbc)]: family:1, type:2, protocol:0
[   53.989079] firmadyne: sys_socket[PID: 797 (xmldbc)]: family:1, type:2, protocol:0
[   54.134652] firmadyne: sys_socket[PID: 801 (xmldbc)]: family:1, type:2, protocol:0
[   54.196633] firmadyne: sys_socket[PID: 802 (xmldbc)]: family:1, type:2, protocol:0
[   54.258782] firmadyne: sys_socket[PID: 803 (xmldbc)]: family:1, type:2, protocol:0
[   54.322948] firmadyne: sys_socket[PID: 804 (xmldbc)]: family:1, type:2, protocol:0
[   54.388233] firmadyne: sys_socket[PID: 805 (xmldbc)]: family:1, type:2, protocol:0
[   54.452128] firmadyne: sys_socket[PID: 806 (xmldbc)]: family:1, type:2, protocol:0
[   54.513368] firmadyne: sys_socket[PID: 807 (xmldbc)]: family:1, type:2, protocol:0
[   54.577482] firmadyne: sys_socket[PID: 808 (xmldbc)]: family:1, type:2, protocol:0
[   54.641413] firmadyne: sys_socket[PID: 809 (xmldbc)]: family:1, type:2, protocol:0
[   54.703640] firmadyne: sys_socket[PID: 810 (xmldbc)]: family:1, type:2, protocol:0
[   54.766162] firmadyne: sys_socket[PID: 811 (xmldbc)]: family:1, type:2, protocol:0
[   54.829779] firmadyne: sys_socket[PID: 812 (xmldbc)]: family:1, type:2, protocol:0
[   54.892615] firmadyne: sys_socket[PID: 813 (xmldbc)]: family:1, type:2, protocol:0
[   54.954143] firmadyne: sys_socket[PID: 814 (xmldbc)]: family:1, type:2, protocol:0
[   55.015372] firmadyne: sys_socket[PID: 815 (xmldbc)]: family:1, type:2, protocol:0
[   55.078000] firmadyne: sys_socket[PID: 816 (xmldbc)]: family:1, type:2, protocol:0
[   55.139980] firmadyne: sys_socket[PID: 817 (xmldbc)]: family:1, type:2, protocol:0
[   55.201709] firmadyne: sys_socket[PID: 818 (xmldbc)]: family:1, type:2, protocol:0
[   55.265101] firmadyne: sys_socket[PID: 819 (xmldbc)]: family:1, type:2, protocol:0
[   55.415037] firmadyne: sys_socket[PID: 823 (xmldbc)]: family:1, type:2, protocol:0
[   55.478208] firmadyne: sys_socket[PID: 824 (xmldbc)]: family:1, type:2, protocol:0
[   55.540511] firmadyne: sys_socket[PID: 825 (xmldbc)]: family:1, type:2, protocol:0
[   55.602460] firmadyne: sys_socket[PID: 826 (xmldbc)]: family:1, type:2, protocol:0
[   55.666462] firmadyne: sys_socket[PID: 827 (xmldbc)]: family:1, type:2, protocol:0
[   55.729355] firmadyne: sys_socket[PID: 828 (xmldbc)]: family:1, type:2, protocol:0
[   55.790680] firmadyne: sys_socket[PID: 829 (xmldbc)]: family:1, type:2, protocol:0
[   55.855290] firmadyne: sys_socket[PID: 830 (xmldbc)]: family:1, type:2, protocol:0
[   55.918076] firmadyne: sys_socket[PID: 831 (xmldbc)]: family:1, type:2, protocol:0
[   55.981401] firmadyne: sys_socket[PID: 832 (xmldbc)]: family:1, type:2, protocol:0
[   56.046482] firmadyne: sys_socket[PID: 833 (xmldbc)]: family:1, type:2, protocol:0
[   56.108717] firmadyne: sys_socket[PID: 834 (xmldbc)]: family:1, type:2, protocol:0
[   56.171267] firmadyne: sys_socket[PID: 835 (xmldbc)]: family:1, type:2, protocol:0
[   56.234115] firmadyne: sys_socket[PID: 836 (xmldbc)]: family:1, type:2, protocol:0
[   56.291447] firmadyne: sys_socket[PID: 837 (xmldbc)]: family:1, type:2, protocol:0
[   56.353151] firmadyne: sys_socket[PID: 838 (xmldbc)]: family:1, type:2, protocol:0
[   56.417292] firmadyne: sys_socket[PID: 839 (xmldbc)]: family:1, type:2, protocol:0
[   56.480348] firmadyne: sys_socket[PID: 840 (xmldbc)]: family:1, type:2, protocol:0
[   56.541985] firmadyne: sys_socket[PID: 841 (xmldbc)]: family:1, type:2, protocol:0
[   56.688381] firmadyne: sys_socket[PID: 845 (xmldbc)]: family:1, type:2, protocol:0
[   56.749198] firmadyne: sys_socket[PID: 846 (xmldbc)]: family:1, type:2, protocol:0
[   56.809800] firmadyne: sys_socket[PID: 847 (xmldbc)]: family:1, type:2, protocol:0
[   56.875162] firmadyne: sys_socket[PID: 848 (xmldbc)]: family:1, type:2, protocol:0
[   56.936737] firmadyne: sys_socket[PID: 849 (xmldbc)]: family:1, type:2, protocol:0
[   56.997766] firmadyne: sys_socket[PID: 850 (xmldbc)]: family:1, type:2, protocol:0
[   57.060871] firmadyne: sys_socket[PID: 851 (xmldbc)]: family:1, type:2, protocol:0
[   57.121318] firmadyne: sys_socket[PID: 852 (xmldbc)]: family:1, type:2, protocol:0
[   57.183273] firmadyne: sys_socket[PID: 853 (xmldbc)]: family:1, type:2, protocol:0
[   57.247194] firmadyne: sys_socket[PID: 854 (xmldbc)]: family:1, type:2, protocol:0
[   57.309305] firmadyne: sys_socket[PID: 855 (xmldbc)]: family:1, type:2, protocol:0
[   57.371420] firmadyne: sys_socket[PID: 856 (xmldbc)]: family:1, type:2, protocol:0
[   57.436200] firmadyne: sys_socket[PID: 857 (xmldbc)]: family:1, type:2, protocol:0
[   57.497434] firmadyne: sys_socket[PID: 858 (xmldbc)]: family:1, type:2, protocol:0
[   57.558155] firmadyne: sys_socket[PID: 859 (xmldbc)]: family:1, type:2, protocol:0
[   57.620292] firmadyne: sys_socket[PID: 860 (xmldbc)]: family:1, type:2, protocol:0
[   57.683870] firmadyne: sys_socket[PID: 861 (xmldbc)]: family:1, type:2, protocol:0
[   57.745268] firmadyne: sys_socket[PID: 862 (xmldbc)]: family:1, type:2, protocol:0
[   57.805640] firmadyne: sys_socket[PID: 863 (xmldbc)]: family:1, type:2, protocol:0
[   57.951388] firmadyne: sys_socket[PID: 867 (xmldbc)]: family:1, type:2, protocol:0
[   58.012419] firmadyne: sys_socket[PID: 868 (xmldbc)]: family:1, type:2, protocol:0
[   58.075404] firmadyne: sys_socket[PID: 869 (xmldbc)]: family:1, type:2, protocol:0
[   58.137832] firmadyne: sys_socket[PID: 870 (xmldbc)]: family:1, type:2, protocol:0
[   58.193573] firmadyne: sys_socket[PID: 871 (xmldbc)]: family:1, type:2, protocol:0
[   58.256766] firmadyne: sys_socket[PID: 872 (xmldbc)]: family:1, type:2, protocol:0
[   58.318040] firmadyne: sys_socket[PID: 873 (xmldbc)]: family:1, type:2, protocol:0
[   58.380130] firmadyne: sys_socket[PID: 874 (xmldbc)]: family:1, type:2, protocol:0
[   58.445465] firmadyne: sys_socket[PID: 875 (xmldbc)]: family:1, type:2, protocol:0
[   58.506322] firmadyne: sys_socket[PID: 876 (xmldbc)]: family:1, type:2, protocol:0
[   58.568244] firmadyne: sys_socket[PID: 877 (xmldbc)]: family:1, type:2, protocol:0
[   58.630730] firmadyne: sys_socket[PID: 878 (xmldbc)]: family:1, type:2, protocol:0
[   58.692925] firmadyne: sys_socket[PID: 879 (xmldbc)]: family:1, type:2, protocol:0
[   58.754792] firmadyne: sys_socket[PID: 880 (xmldbc)]: family:1, type:2, protocol:0
[   58.816281] firmadyne: sys_socket[PID: 881 (xmldbc)]: family:1, type:2, protocol:0
[   58.879760] firmadyne: sys_socket[PID: 882 (xmldbc)]: family:1, type:2, protocol:0
[   58.941186] firmadyne: sys_socket[PID: 883 (xmldbc)]: family:1, type:2, protocol:0
[   59.002496] firmadyne: sys_socket[PID: 884 (xmldbc)]: family:1, type:2, protocol:0
[   59.065455] firmadyne: sys_socket[PID: 885 (xmldbc)]: family:1, type:2, protocol:0
[   59.205952] firmadyne: sys_socket[PID: 889 (xmldbc)]: family:1, type:2, protocol:0
[   59.268285] firmadyne: sys_socket[PID: 890 (xmldbc)]: family:1, type:2, protocol:0
[   59.328741] firmadyne: sys_socket[PID: 891 (xmldbc)]: family:1, type:2, protocol:0
[   59.389836] firmadyne: sys_socket[PID: 892 (xmldbc)]: family:1, type:2, protocol:0
[   59.454767] firmadyne: sys_socket[PID: 893 (xmldbc)]: family:1, type:2, protocol:0
[   59.516911] firmadyne: sys_socket[PID: 894 (xmldbc)]: family:1, type:2, protocol:0
[   59.578288] firmadyne: sys_socket[PID: 895 (xmldbc)]: family:1, type:2, protocol:0
[   59.641970] firmadyne: sys_socket[PID: 896 (xmldbc)]: family:1, type:2, protocol:0
[   59.702766] firmadyne: sys_socket[PID: 897 (xmldbc)]: family:1, type:2, protocol:0
[   59.763895] firmadyne: sys_socket[PID: 898 (xmldbc)]: family:1, type:2, protocol:0
[   59.825756] firmadyne: sys_socket[PID: 899 (xmldbc)]: family:1, type:2, protocol:0
[   59.887670] firmadyne: sys_socket[PID: 900 (xmldbc)]: family:1, type:2, protocol:0
[   59.944990] firmadyne: sys_socket[PID: 901 (xmldbc)]: family:1, type:2, protocol:0
[   60.005543] firmadyne: sys_socket[PID: 902 (xmldbc)]: family:1, type:2, protocol:0
[   60.068823] firmadyne: sys_socket[PID: 903 (xmldbc)]: family:1, type:2, protocol:0
[   60.129939] firmadyne: sys_socket[PID: 904 (xmldbc)]: family:1, type:2, protocol:0
[   60.195616] firmadyne: sys_socket[PID: 905 (xmldbc)]: family:1, type:2, protocol:0
[   60.259739] firmadyne: sys_socket[PID: 906 (xmldbc)]: family:1, type:2, protocol:0
[   60.320815] firmadyne: sys_socket[PID: 907 (xmldbc)]: family:1, type:2, protocol:0
[   60.468587] firmadyne: sys_socket[PID: 911 (xmldbc)]: family:1, type:2, protocol:0
[   60.533190] firmadyne: sys_socket[PID: 912 (xmldbc)]: family:1, type:2, protocol:0
[   60.593983] firmadyne: sys_socket[PID: 913 (xmldbc)]: family:1, type:2, protocol:0
[   60.657259] firmadyne: sys_socket[PID: 914 (xmldbc)]: family:1, type:2, protocol:0
[   60.718197] firmadyne: sys_socket[PID: 915 (xmldbc)]: family:1, type:2, protocol:0
[   60.780085] firmadyne: sys_socket[PID: 916 (xmldbc)]: family:1, type:2, protocol:0
[   60.845267] firmadyne: sys_socket[PID: 917 (xmldbc)]: family:1, type:2, protocol:0
[   60.906360] firmadyne: sys_socket[PID: 918 (xmldbc)]: family:1, type:2, protocol:0
[   60.967598] firmadyne: sys_socket[PID: 919 (xmldbc)]: family:1, type:2, protocol:0
[   61.024709] firmadyne: sys_socket[PID: 920 (xmldbc)]: family:1, type:2, protocol:0
[   61.086506] firmadyne: sys_socket[PID: 921 (xmldbc)]: family:1, type:2, protocol:0
[   61.149127] firmadyne: sys_socket[PID: 922 (xmldbc)]: family:1, type:2, protocol:0
[   61.209821] firmadyne: sys_socket[PID: 923 (xmldbc)]: family:1, type:2, protocol:0
[   61.272442] firmadyne: sys_socket[PID: 924 (xmldbc)]: family:1, type:2, protocol:0
[   61.333685] firmadyne: sys_socket[PID: 925 (xmldbc)]: family:1, type:2, protocol:0
[   61.394216] firmadyne: sys_socket[PID: 926 (xmldbc)]: family:1, type:2, protocol:0
[   61.457633] firmadyne: sys_socket[PID: 927 (xmldbc)]: family:1, type:2, protocol:0
[   61.520663] firmadyne: sys_socket[PID: 928 (xmldbc)]: family:1, type:2, protocol:0
[   61.581918] firmadyne: sys_socket[PID: 929 (xmldbc)]: family:1, type:2, protocol:0
[   61.779502] firmadyne: sys_socket[PID: 934 (xmldbc)]: family:1, type:2, protocol:0
[   61.842022] firmadyne: sys_socket[PID: 935 (xmldbc)]: family:1, type:2, protocol:0
[   61.903184] firmadyne: sys_socket[PID: 936 (xmldbc)]: family:1, type:2, protocol:0
[   61.964157] firmadyne: sys_socket[PID: 937 (xmldbc)]: family:1, type:2, protocol:0
[   62.026395] firmadyne: sys_socket[PID: 938 (xmldbc)]: family:1, type:2, protocol:0
[   62.088310] firmadyne: sys_socket[PID: 939 (xmldbc)]: family:1, type:2, protocol:0
[   62.233039] firmadyne: sys_socket[PID: 943 (xmldbc)]: family:1, type:2, protocol:0
[   62.294487] firmadyne: sys_socket[PID: 944 (xmldbc)]: family:1, type:2, protocol:0
[   62.356389] firmadyne: sys_socket[PID: 945 (xmldbc)]: family:1, type:2, protocol:0
[   62.417349] firmadyne: sys_socket[PID: 946 (xmldbc)]: family:1, type:2, protocol:0
[   62.480012] firmadyne: sys_socket[PID: 947 (xmldbc)]: family:1, type:2, protocol:0
[   62.543099] firmadyne: sys_socket[PID: 948 (xmldbc)]: family:1, type:2, protocol:0
[   62.730151] firmadyne: sys_socket[PID: 953 (xmldbc)]: family:1, type:2, protocol:0
[   62.876581] firmadyne: sys_socket[PID: 957 (xmldbc)]: family:1, type:2, protocol:0
[   63.020475] firmadyne: sys_socket[PID: 961 (xmldbc)]: family:1, type:2, protocol:0
[   63.166685] firmadyne: sys_socket[PID: 965 (xmldbc)]: family:1, type:2, protocol:0
[   63.311208] firmadyne: sys_socket[PID: 969 (xmldbc)]: family:1, type:2, protocol:0
[   63.455965] firmadyne: sys_socket[PID: 973 (xmldbc)]: family:1, type:2, protocol:0
[   63.602445] firmadyne: sys_socket[PID: 977 (xmldbc)]: family:1, type:2, protocol:0
[   63.748977] firmadyne: sys_socket[PID: 981 (xmldbc)]: family:1, type:2, protocol:0
[   63.894490] firmadyne: sys_socket[PID: 985 (xmldbc)]: family:1, type:2, protocol:0
[   64.040198] firmadyne: sys_socket[PID: 989 (xmldbc)]: family:1, type:2, protocol:0
[   64.183242] firmadyne: sys_socket[PID: 993 (xmldbc)]: family:1, type:2, protocol:0
[   64.328693] firmadyne: sys_socket[PID: 997 (xmldbc)]: family:1, type:2, protocol:0
[   64.473508] firmadyne: sys_socket[PID: 1001 (xmldbc)]: family:1, type:2, protocol:0
[   64.618615] firmadyne: sys_socket[PID: 1005 (xmldbc)]: family:1, type:2, protocol:0
[   64.764042] firmadyne: sys_socket[PID: 1009 (xmldbc)]: family:1, type:2, protocol:0
[   64.909025] firmadyne: sys_socket[PID: 1013 (xmldbc)]: family:1, type:2, protocol:0
[   65.053795] firmadyne: sys_socket[PID: 1017 (xmldbc)]: family:1, type:2, protocol:0
[   65.197924] firmadyne: sys_socket[PID: 1021 (xmldbc)]: family:1, type:2, protocol:0
[   65.342225] firmadyne: sys_socket[PID: 1025 (xmldbc)]: family:1, type:2, protocol:0
[   65.486364] firmadyne: sys_socket[PID: 1029 (xmldbc)]: family:1, type:2, protocol:0
[   65.633565] firmadyne: sys_socket[PID: 1033 (xmldbc)]: family:1, type:2, protocol:0
[   65.778263] firmadyne: sys_socket[PID: 1037 (xmldbc)]: family:1, type:2, protocol:0
[   65.922361] firmadyne: sys_socket[PID: 1041 (xmldbc)]: family:1, type:2, protocol:0
[   66.067388] firmadyne: sys_socket[PID: 1045 (xmldbc)]: family:1, type:2, protocol:0
[   66.212755] firmadyne: sys_socket[PID: 1049 (xmldbc)]: family:1, type:2, protocol:0
[   66.362575] firmadyne: sys_socket[PID: 1053 (xmldbc)]: family:1, type:2, protocol:0
[   66.517119] firmadyne: sys_socket[PID: 1057 (xmldbc)]: family:1, type:2, protocol:0
[   66.672950] firmadyne: sys_socket[PID: 1061 (xmldbc)]: family:1, type:2, protocol:0
[   66.822271] firmadyne: sys_socket[PID: 1065 (xmldbc)]: family:1, type:2, protocol:0
[   66.968752] firmadyne: sys_socket[PID: 1069 (xmldbc)]: family:1, type:2, protocol:0
[   67.108334] firmadyne: sys_socket[PID: 1073 (xmldbc)]: family:1, type:2, protocol:0
[   67.253013] firmadyne: sys_socket[PID: 1077 (xmldbc)]: family:1, type:2, protocol:0
[   67.396412] firmadyne: sys_socket[PID: 1081 (xmldbc)]: family:1, type:2, protocol:0
[   67.458469] firmadyne: sys_socket[PID: 1082 (xmldbc)]: family:1, type:2, protocol:0
[   67.519960] firmadyne: sys_socket[PID: 1083 (xmldbc)]: family:1, type:2, protocol:0
[   67.580523] firmadyne: sys_socket[PID: 1084 (xmldbc)]: family:1, type:2, protocol:0
[   67.645221] firmadyne: sys_socket[PID: 1085 (xmldbc)]: family:1, type:2, protocol:0
[   67.706686] firmadyne: sys_socket[PID: 1086 (xmldbc)]: family:1, type:2, protocol:0
[   67.769907] firmadyne: sys_socket[PID: 1087 (xmldbc)]: family:1, type:2, protocol:0
[   67.829204] firmadyne: sys_socket[PID: 1088 (xmldbc)]: family:1, type:2, protocol:0
[   67.890654] firmadyne: sys_socket[PID: 1089 (xmldbc)]: family:1, type:2, protocol:0
PHP [/etc/defnodes/S11setnodes.php] ...
[   68.014689] firmadyne: sys_socket[PID: 1092 (rgdb)]: family:1, type:2, protocol:0
PHP [/etc/defnodes/S12features.php] ...
[   68.912342] firmadyne: sys_socket[PID: 1105 (rgdb)]: family:1, type:2, protocol:0
PHP [/etc/defnodes/S13flashspeed.php] ...
[   69.049396] firmadyne: sys_socket[PID: 1108 (rgdb)]: family:1, type:2, protocol:0
PHP [/etc/defnodes/S20setnodes.php] ...
[   69.319261] firmadyne: sys_socket[PID: 1113 (rgdb)]: family:1, type:2, protocol:0
[   69.818403] UDF-fs: warning (device mtdblock4): udf_fill_super: No partition found (2)
mount: mounting /dev/mtdblock/4 on /www/locale/alt failed: Invalid argument
PHP [/etc/defnodes/S40brand.php] ...
[   69.938578] firmadyne: sys_socket[PID: 1125 (rgdb)]: family:1, type:2, protocol:0
[/etc/scripts/misc/defnodes.sh] Done !!
[/etc/scripts/misc/profile.sh] put ...
[   70.656841] firmadyne: sys_socket[PID: 1133 (rgdb)]: family:1, type:2, protocol:0
ok
[   71.730475] firmadyne: sys_socket[PID: 1139 (rgdb)]: family:1, type:2, protocol:0
[   71.810061] firmadyne: sys_socket[PID: 1141 (rgdb)]: family:1, type:2, protocol:0
[/etc/templates/timezone.sh] ...
[   71.995526] firmadyne: sys_socket[PID: 1146 (rgdb)]: family:1, type:2, protocol:0
[   72.201696] firmadyne: sys_socket[PID: 1151 (rgdb)]: family:1, type:2, protocol:0
[   76.509597] firmadyne: sys_socket[PID: 1155 (rgdb)]: family:1, type:2, protocol:0
[   76.597880] firmadyne: sys_socket[PID: 1157 (rgdb)]: family:1, type:2, protocol:0
[   76.686564] firmadyne: sys_socket[PID: 1159 (rgdb)]: family:1, type:2, protocol:0
[   76.770589] firmadyne: sys_socket[PID: 1161 (rgdb)]: family:1, type:2, protocol:0
[   76.861483] firmadyne: sys_socket[PID: 1163 (rgdb)]: family:1, type:2, protocol:0
[   76.950625] firmadyne: sys_socket[PID: 1165 (rgdb)]: family:1, type:2, protocol:0
[   77.040379] firmadyne: sys_socket[PID: 1167 (rgdb)]: family:1, type:2, protocol:0
[   77.129068] firmadyne: sys_socket[PID: 1169 (rgdb)]: family:1, type:2, protocol:0
[   77.217018] firmadyne: sys_socket[PID: 1171 (rgdb)]: family:1, type:2, protocol:0
[   77.307311] firmadyne: sys_socket[PID: 1173 (rgdb)]: family:1, type:2, protocol:0
[   77.395610] firmadyne: sys_socket[PID: 1175 (rgdb)]: family:1, type:2, protocol:0
[/etc/templates/logs.sh] ...
[   78.448635] firmadyne: sys_socket[PID: 1203 (rgdb)]: family:1, type:2, protocol:0
[   78.554549] firmadyne: sys_socket[PID: 1205 (rgdb)]: family:1, type:2, protocol:0
[/var/run/logs_run.sh] ...
[   79.213304] firmadyne: sys_socket[PID: 1210 (syslogd)]: family:1, type:1, protocol:0
[   79.374300] firmadyne: sys_socket[PID: 1215 (rgdb)]: family:1, type:2, protocol:0
[   79.596617] firmadyne: sys_socket[PID: 1219 (ifconfig)]: family:2, type:1, protocol:0
[   79.616853] 8021q: adding VLAN 0 to HW filter on device eth0
[   79.622761] e1000: eth0 NIC Link is Up 1000 Mbps Full Duplex, Flow Control: RX
[   82.727682] firmadyne: sys_socket[PID: 1221 (rgdb)]: family:1, type:2, protocol:0
[   83.088460] firmadyne: sys_socket[PID: 1233 (rgdb)]: family:1, type:2, protocol:0
[   83.289841] firmadyne: sys_socket[PID: 1239 (rgdb)]: family:1, type:2, protocol:0
[   83.316768] firmadyne: sys_socket[PID: 1240 (ifconfig)]: family:2, type:1, protocol:0
[   83.319428] firmadyne: __inet_insert_ifa[PID: 1240 (ifconfig)]: device:lo ifa:0x7f000001
[   83.379843] firmadyne: sys_socket[PID: 1241 (brctl)]: family:2, type:2, protocol:0
[   83.493124] firmadyne: sys_socket[PID: 1244 (brctl)]: family:2, type:2, protocol:0
[   83.497374] firmadyne: sys_socket[PID: 1244 (brctl)]: family:10, type:1, protocol:0
[   83.554655] firmadyne: sys_socket[PID: 1245 (brctl)]: family:2, type:2, protocol:0
[   83.558290] firmadyne: sys_socket[PID: 1245 (brctl)]: family:10, type:1, protocol:0
[/etc/init.d/S03config.sh] done!
[/etc/init.d/S10system.sh]
start Layout ...
[/etc/scripts/layout.sh] start ...
[   83.963975] firmadyne: sys_socket[PID: 1255 (rgdb)]: family:1, type:2, protocol:0
[   84.114421] firmadyne: sys_socket[PID: 1256 (rgdb)]: family:1, type:2, protocol:0
[/var/run/layout_start.sh] ...
Start bridge layout ...
[   84.287532] firmadyne: sys_socket[PID: 1260 (ifconfig)]: family:2, type:1, protocol:0
[   84.339555] firmadyne: sys_socket[PID: 1261 (brctl)]: family:2, type:2, protocol:0
[   84.343817] firmadyne: sys_socket[PID: 1261 (brctl)]: family:10, type:1, protocol:0
[   84.346609] firmadyne: sys_socket[PID: 1261 (brctl)]: family:10, type:1, protocol:0
[   84.349748] firmadyne: br_add_if[PID: 1261 (brctl)]: br:br0 dev:eth0
[   84.356830] device eth0 entered promiscuous mode
[   84.459284] firmadyne: sys_socket[PID: 1264 (xmldbc)]: family:1, type:2, protocol:0
[   84.551795] firmadyne: sys_socket[PID: 1267 (ifconfig)]: family:2, type:1, protocol:0
[   84.553768] br0: port 1(eth0) entered forwarding state
[   84.555053] br0: port 1(eth0) entered forwarding state
[   84.609921] firmadyne: sys_socket[PID: 1268 (rgdb)]: family:1, type:2, protocol:0
start LAN ...
[/etc/templates/lan.sh] ...
[   84.791042] firmadyne: sys_socket[PID: 1273 (rgdb)]: family:1, type:2, protocol:0
[   84.956859] firmadyne: sys_socket[PID: 1276 (rgdb)]: family:1, type:2, protocol:0
[   85.079549] firmadyne: sys_socket[PID: 1277 (rgdb)]: family:1, type:2, protocol:0
[/var/run/lan_start.sh] ...
Bridge mode selected, LAN is disabled !
start web server ...
[/etc/templates/webs.sh] start ...
[   85.402657] firmadyne: sys_socket[PID: 1285 (rgdb)]: family:1, type:2, protocol:0
[   85.497874] firmadyne: sys_socket[PID: 1287 (rgdb)]: family:1, type:2, protocol:0
[   85.658672] firmadyne: sys_socket[PID: 1290 (rgdb)]: family:1, type:2, protocol:0
[   85.831939] firmadyne: sys_socket[PID: 1291 (rgdb)]: family:1, type:2, protocol:0
[/var/run/webs_start.sh] ...
Starting HTTPD ...
start eth0 vlan setup ...
/etc/scripts/eth_vlan.sh: not found
[   86.284000] firmadyne: sys_socket[PID: 1301 (rgdb)]: family:1, type:2, protocol:0
[   86.310766] firmadyne: sys_socket[PID: 1302 (rgdb)]: family:1, type:2, protocol:0
[   86.545193] firmadyne: sys_socket[PID: 1303 (rgdb)]: family:1, type:2, protocol:0
#!/bin/sh
echo [$0] ... > /dev/console

# limitedadmin.php <<<

limitedadmin.sh...
[   86.881964] firmadyne: sys_socket[PID: 1307 (brctl)]: family:2, type:2, protocol:0
[   86.890040] firmadyne: sys_socket[PID: 1307 (brctl)]: family:10, type:1, protocol:0
[   87.004118] firmadyne: sys_socket[PID: 1308 (brctl)]: family:2, type:2, protocol:0
[   87.011674] firmadyne: sys_socket[PID: 1308 (brctl)]: family:10, type:1, protocol:0
[   87.124890] firmadyne: sys_socket[PID: 1309 (brctl)]: family:2, type:2, protocol:0
[   87.132528] firmadyne: sys_socket[PID: 1309 (brctl)]: family:10, type:1, protocol:0
[   87.241813] firmadyne: sys_socket[PID: 1310 (brctl)]: family:2, type:2, protocol:0
[   87.248883] firmadyne: sys_socket[PID: 1310 (brctl)]: family:10, type:1, protocol:0
[   87.357626] firmadyne: sys_socket[PID: 1311 (brctl)]: family:2, type:2, protocol:0
[   87.369229] firmadyne: sys_socket[PID: 1311 (brctl)]: family:10, type:1, protocol:0
[   87.479054] firmadyne: sys_socket[PID: 1312 (brctl)]: family:2, type:2, protocol:0
[   87.489299] firmadyne: sys_socket[PID: 1312 (brctl)]: family:10, type:1, protocol:0
start fresetd ...
enable LAN ports ...
[   87.756239] firmadyne: sys_socket[PID: 1314 (servd)]: family:1, type:2, protocol:0
Factory reset time : 5 secs
System reset time  : 1 secs
WPS command : [/etc/templates/wps.sh pbc &]
[   87.901863] firmadyne: sys_socket[PID: 1305 (httpd)]: family:10, type:2, protocol:6
[   87.907344] firmadyne: sys_setsockopt[PID: 1305 (httpd)]: fd:4, level:65535, optname:4
[/etc/scripts/enlan.sh] ...
/dev/gpio: No such device or address
[   87.990507] firmadyne: sys_socket[PID: 1317 (fresetd)]: family:1, type:1, protocol:0
 Generate channel table according to the country code...
[   88.121604] firmadyne: sys_socket[PID: 1327 (httpd)]: family:1, type:1, protocol:0
[   88.171919] firmadyne: sys_socket[PID: 1330 (genchanneltable)]: family:1, type:2, protocol:0
[   88.185134] firmadyne: sys_socket[PID: 1330 (genchanneltable)]: family:1, type:2, protocol:0
[   88.191867] firmadyne: sys_socket[PID: 1330 (genchanneltable)]: family:1, type:2, protocol:0
[   88.228922] firmadyne: sys_socket[PID: 1331 (getsys)]: family:1, type:2, protocol:0
UNKNOW country code!! Use USA for default!!
[   88.336963] firmadyne: sys_socket[PID: 1330 (genchanneltable)]: family:1, type:2, protocol:0
[   88.343364] firmadyne: sys_socket[PID: 1331 (getsys)]: family:1, type:2, protocol:0
[   88.350095] firmadyne: sys_socket[PID: 1331 (getsys)]: family:1, type:2, protocol:0
[   88.354508] firmadyne: sys_socket[PID: 1330 (genchanneltable)]: family:1, type:2, protocol:0
[   88.361702] firmadyne: sys_socket[PID: 1331 (getsys)]: family:1, type:2, protocol:0
[   88.366819] firmadyne: sys_socket[PID: 1330 (genchanneltable)]: family:1, type:2, protocol:0
[   88.373636] firmadyne: sys_socket[PID: 1331 (getsys)]: family:1, type:2, protocol:0
[   88.378630] firmadyne: sys_socket[PID: 1330 (genchanneltable)]: family:1, type:2, protocol:0
[   88.385775] firmadyne: sys_socket[PID: 1331 (getsys)]: family:1, type:2, protocol:0
[   88.391057] firmadyne: sys_socket[PID: 1330 (genchanneltable)]: family:1, type:2, protocol:0
[   88.397643] firmadyne: sys_socket[PID: 1331 (getsys)]: family:1, type:2, protocol:0
[   88.402617] firmadyne: sys_socket[PID: 1330 (genchanneltable)]: family:1, type:2, protocol:0
[   88.409676] firmadyne: sys_socket[PID: 1331 (getsys)]: family:1, type:2, protocol:0
[   88.414571] firmadyne: sys_socket[PID: 1330 (genchanneltable)]: family:1, type:2, protocol:0
[   88.422108] firmadyne: sys_socket[PID: 1331 (getsys)]: family:1, type:2, protocol:0
[   88.429167] firmadyne: sys_socket[PID: 1330 (genchanneltable)]: family:1, type:2, protocol:0
[   88.436538] firmadyne: sys_socket[PID: 1331 (getsys)]: family:1, type:2, protocol:0
[   88.441822] firmadyne: sys_socket[PID: 1330 (genchanneltable)]: family:1, type:2, protocol:0
[   88.448790] firmadyne: sys_socket[PID: 1331 (getsys)]: family:1, type:2, protocol:0
[   88.453983] firmadyne: sys_socket[PID: 1330 (genchanneltable)]: family:1, type:2, protocol:0
[   88.460996] firmadyne: sys_socket[PID: 1331 (getsys)]: family:1, type:2, protocol:0
[   88.466243] firmadyne: sys_socket[PID: 1330 (genchanneltable)]: family:1, type:2, protocol:0
[   88.474019] firmadyne: sys_socket[PID: 1331 (getsys)]: family:1, type:2, protocol:0
[   88.478577] firmadyne: sys_socket[PID: 1330 (genchanneltable)]: family:1, type:2, protocol:0
[   88.485821] firmadyne: sys_socket[PID: 1331 (getsys)]: family:1, type:2, protocol:0
[   88.491345] firmadyne: sys_socket[PID: 1330 (genchanneltable)]: family:1, type:2, protocol:0
[   88.498036] firmadyne: sys_socket[PID: 1331 (getsys)]: family:1, type:2, protocol:0
[   88.502547] firmadyne: sys_socket[PID: 1330 (genchanneltable)]: family:1, type:2, protocol:0
[   88.510013] firmadyne: sys_socket[PID: 1331 (getsys)]: family:1, type:2, protocol:0
[   88.514613] firmadyne: sys_socket[PID: 1330 (genchanneltable)]: family:1, type:2, protocol:0
[   88.521970] firmadyne: sys_socket[PID: 1331 (getsys)]: family:1, type:2, protocol:0
[   88.526478] firmadyne: sys_socket[PID: 1330 (genchanneltable)]: family:1, type:2, protocol:0
[   88.537511] firmadyne: sys_socket[PID: 1331 (getsys)]: family:1, type:2, protocol:0
[   88.542165] firmadyne: sys_socket[PID: 1330 (genchanneltable)]: family:1, type:2, protocol:0
[   88.549338] firmadyne: sys_socket[PID: 1330 (genchanneltable)]: family:1, type:2, protocol:0
[   88.561542] firmadyne: sys_socket[PID: 1330 (genchanneltable)]: family:1, type:2, protocol:0
[   88.573481] firmadyne: sys_socket[PID: 1330 (genchanneltable)]: family:1, type:2, protocol:0
[   88.584942] firmadyne: sys_socket[PID: 1330 (genchanneltable)]: family:1, type:2, protocol:0
[   88.591394] firmadyne: sys_socket[PID: 1330 (genchanneltable)]: family:1, type:2, protocol:0
[   88.600876] firmadyne: sys_socket[PID: 1330 (genchanneltable)]: family:1, type:2, protocol:0
[   88.613341] firmadyne: sys_socket[PID: 1330 (genchanneltable)]: family:1, type:2, protocol:0
[   88.620582] firmadyne: sys_socket[PID: 1330 (genchanneltable)]: family:1, type:2, protocol:0
[   88.634887] firmadyne: sys_socket[PID: 1330 (genchanneltable)]: family:1, type:2, protocol:0
[   88.641335] firmadyne: sys_socket[PID: 1330 (genchanneltable)]: family:1, type:2, protocol:0
/dev/gpio: No such device or address
[   88.657503] firmadyne: sys_socket[PID: 1330 (genchanneltable)]: family:1, type:2, protocol:0
[   88.664686] firmadyne: sys_socket[PID: 1330 (genchanneltable)]: family:1, type:2, protocol:0
 Generate VLAN table according to the port...
[   88.744761] firmadyne: sys_socket[PID: 1339 (genVLANTableByP)]: family:1, type:2, protocol:0
[   88.752591] firmadyne: sys_socket[PID: 1339 (genVLANTableByP)]: family:1, type:2, protocol:0
[   88.758535] firmadyne: sys_socket[PID: 1339 (genVLANTableByP)]: family:1, type:2, protocol:0
[   88.764527] firmadyne: sys_socket[PID: 1339 (genVLANTableByP)]: family:1, type:2, protocol:0
[   88.771434] firmadyne: sys_socket[PID: 1339 (genVLANTableByP)]: family:1, type:2, protocol:0
[   88.777225] firmadyne: sys_socket[PID: 1339 (genVLANTableByP)]: family:1, type:2, protocol:0
[   88.783843] firmadyne: sys_socket[PID: 1339 (genVLANTableByP)]: family:1, type:2, protocol:0
[   88.790475] firmadyne: sys_socket[PID: 1339 (genVLANTableByP)]: family:1, type:2, protocol:0
[   88.796894] firmadyne: sys_socket[PID: 1339 (genVLANTableByP)]: family:1, type:2, protocol:0
[   88.803879] firmadyne: sys_socket[PID: 1339 (genVLANTableByP)]: family:1, type:2, protocol:0
[   88.809820] firmadyne: sys_socket[PID: 1339 (genVLANTableByP)]: family:1, type:2, protocol:0
[   88.816995] firmadyne: sys_socket[PID: 1339 (genVLANTableByP)]: family:1, type:2, protocol:0
[   88.822769] firmadyne: sys_socket[PID: 1339 (genVLANTableByP)]: family:1, type:2, protocol:0
[   88.831260] firmadyne: sys_socket[PID: 1339 (genVLANTableByP)]: family:1, type:2, protocol:0
[   88.836970] firmadyne: sys_socket[PID: 1339 (genVLANTableByP)]: family:1, type:2, protocol:0
[   88.842731] firmadyne: sys_socket[PID: 1339 (genVLANTableByP)]: family:1, type:2, protocol:0
[   88.850183] firmadyne: sys_socket[PID: 1339 (genVLANTableByP)]: family:1, type:2, protocol:0
[   88.857181] firmadyne: sys_socket[PID: 1339 (genVLANTableByP)]: family:1, type:2, protocol:0
[   88.863230] firmadyne: sys_socket[PID: 1339 (genVLANTableByP)]: family:1, type:2, protocol:0
[   88.868818] firmadyne: sys_socket[PID: 1339 (genVLANTableByP)]: family:1, type:2, protocol:0
[   88.875580] firmadyne: sys_socket[PID: 1339 (genVLANTableByP)]: family:1, type:2, protocol:0
