[    0.000000] Linux version 4.1.17+ (alessio@pc) (gcc version 5.5.0 20171010 (Ubuntu 5.5.0-12ubuntu1) ) #1 Mon May 15 23:04:08 CEST 2023
[    0.000000] earlycon: Early serial console at I/O port 0x3f8 (options '38400n8')
[    0.000000] bootconsole [uart0] enabled
[    0.000000] CPU0 revision is: 00019300 (MIPS 24Kc)
[    0.000000] FPU revision is: 00739300
[    0.000000] Software DMA cache coherency enabled
[    0.000000] Determined physical RAM map:
[    0.000000]  memory: 00001000 @ 00000000 (reserved)
[    0.000000]  memory: 000ef000 @ 00001000 (ROM data)
[    0.000000]  memory: 00798000 @ 000f0000 (reserved)
[    0.000000]  memory: 0f777000 @ 00888000 (usable)
[    0.000000] debug: ignoring loglevel setting.
[    0.000000] Wasting 69888 bytes for tracking 2184 unused pages
[    0.000000] Initrd not found or empty - disabling initrd
[    0.000000] Zone ranges:
[    0.000000]   DMA      [mem 0x0000000000000000-0x0000000000ffffff]
[    0.000000]   Normal   [mem 0x0000000001000000-0x000000000fffefff]
[    0.000000] Movable zone start for each node
[    0.000000] Early memory node ranges
[    0.000000]   node   0: [mem 0x0000000000000000-0x000000000fffefff]
[    0.000000] Initmem setup node 0 [mem 0x0000000000000000-0x000000000fffefff]
[    0.000000] On node 0 totalpages: 65535
[    0.000000] free_area_init_node: node 0, pgdat 8081d5b0, node_mem_map 81000000
[    0.000000]   DMA zone: 32 pages used for memmap
[    0.000000]   DMA zone: 0 pages reserved
[    0.000000]   DMA zone: 4096 pages, LIFO batch:0
[    0.000000]   Normal zone: 480 pages used for memmap
[    0.000000]   Normal zone: 61439 pages, LIFO batch:15
[    0.000000] Primary instruction cache 2kB, VIPT, 2-way, linesize 16 bytes.
[    0.000000] Primary data cache 2kB, 2-way, VIPT, no aliases, linesize 16 bytes
[    0.000000] pcpu-alloc: s0 r0 d32768 u32768 alloc=1*32768
[    0.000000] pcpu-alloc: [0] 0 
[    0.000000] Built 1 zonelists in Zone order, mobility grouping on.  Total pages: 65023
[    0.000000] Kernel command line: root=/dev/sda1 console=ttyS0 nandsim.parts=64,64,64,64,64,64,64,64,64,64 rdinit=/firmadyne/preInit.sh rw debug ignore_loglevel print-fatal-signals=1 FIRMAE_NET=true FIRMAE_NVRAM=true FIRMAE_KERNEL=true FIRMAE_ETC=true user_debug=0 firmadyne.syscall=1 noka
[    0.000000] found FIRMAE_KERNEL=t
[    0.000000] set the LD_PRELOAD=/firmadyne/libnvram_ioctl.so
[    0.000000] PID hash table entries: 1024 (order: 0, 4096 bytes)
[    0.000000] Dentry cache hash table entries: 32768 (order: 5, 131072 bytes)
[    0.000000] Inode-cache hash table entries: 16384 (order: 4, 65536 bytes)
[    0.000000] Writing ErrCtl register=00000000
[    0.000000] Readback ErrCtl register=00000000
[    0.000000] Memory: 251112K/262140K available (5360K kernel code, 244K rwdata, 1676K rodata, 260K init, 158K bss, 11028K reserved, 0K cma-reserved)
[    0.000000] NR_IRQS:256
[    0.000000] CPU frequency 200.00 MHz
[    0.000000] clocksource MIPS: mask: 0xffffffff max_cycles: 0xffffffff, max_idle_ns: 19112607715 ns
[    0.000172] sched_clock: 32 bits at 99MHz, resolution 10ns, wraps every 21474840570ns
[    0.011748] Console: colour dummy device 80x25
[    0.012652] Calibrating delay loop... 34.88 BogoMIPS (lpj=69760)
[    0.061322] pid_max: default: 32768 minimum: 301
[    0.064801] Mount-cache hash table entries: 1024 (order: 0, 4096 bytes)
[    0.065269] Mountpoint-cache hash table entries: 1024 (order: 0, 4096 bytes)
[    0.119917] clocksource jiffies: mask: 0xffffffff max_cycles: 0xffffffff, max_idle_ns: 7645041785100000 ns
[    0.129243] NET: Registered protocol family 16
[    0.357414] clocksource pit: mask: 0xffffffff max_cycles: 0xffffffff, max_idle_ns: 1601818034827 ns
[    0.482569] vgaarb: loaded
[    0.487332] SCSI subsystem initialized
[    0.489253] libata version 3.00 loaded.
[    0.492825] usbcore: registered new interface driver usbfs
[    0.493946] usbcore: registered new interface driver hub
[    0.494924] usbcore: registered new device driver usb
[    0.497049] pps_core: LinuxPPS API ver. 1 registered
[    0.497378] pps_core: Software ver. 5.3.6 - Copyright 2005-2007 Rodolfo Giometti <giometti@linux.it>
[    0.498160] PTP clock support registered
[    0.502102] PCI host bridge to bus 0000:00
[    0.502784] pci_bus 0000:00: root bus resource [mem 0x10000000-0x17ffffff]
[    0.503412] pci_bus 0000:00: root bus resource [io  0x1000-0x1fffff]
[    0.503908] pci_bus 0000:00: root bus resource [??? 0x00000000 flags 0x0]
[    0.504396] pci_bus 0000:00: No busn resource found for root bus, will use [bus 00-ff]
[    0.505496] pci 0000:00:00.0: [11ab:4620] type 00 class 0x060000
[    0.506357] pci 0000:00:00.0: [Firmware Bug]: reg 0x14: invalid BAR (can't size)
[    0.506843] pci 0000:00:00.0: [Firmware Bug]: reg 0x18: invalid BAR (can't size)
[    0.507514] pci 0000:00:00.0: [Firmware Bug]: reg 0x1c: invalid BAR (can't size)
[    0.508006] pci 0000:00:00.0: [Firmware Bug]: reg 0x20: invalid BAR (can't size)
[    0.508515] pci 0000:00:00.0: [Firmware Bug]: reg 0x24: invalid BAR (can't size)
[    0.511814] pci 0000:00:0a.0: [8086:7110] type 00 class 0x060100
[    0.514611] pci 0000:00:0a.1: [8086:7111] type 00 class 0x010180
[    0.515264] pci 0000:00:0a.1: reg 0x20: [io  0x0000-0x000f]
[    0.515948] pci 0000:00:0a.1: legacy IDE quirk: reg 0x10: [io  0x01f0-0x01f7]
[    0.516437] pci 0000:00:0a.1: legacy IDE quirk: reg 0x14: [io  0x03f6]
[    0.516900] pci 0000:00:0a.1: legacy IDE quirk: reg 0x18: [io  0x0170-0x0177]
[    0.517372] pci 0000:00:0a.1: legacy IDE quirk: reg 0x1c: [io  0x0376]
[    0.520114] pci 0000:00:0a.2: [8086:7112] type 00 class 0x0c0300
[    0.520696] pci 0000:00:0a.2: reg 0x20: [io  0x0000-0x001f]
[    0.523430] pci 0000:00:0a.3: [8086:7113] type 00 class 0x068000
[    0.524660] pci 0000:00:0a.3: quirk: [io  0x1000-0x103f] claimed by PIIX4 ACPI
[    0.525192] pci 0000:00:0a.3: quirk: [io  0x1100-0x110f] claimed by PIIX4 SMB
[    0.527817] pci 0000:00:12.0: [1013:00b8] type 00 class 0x030000
[    0.528525] pci 0000:00:12.0: reg 0x10: [mem 0x00000000-0x01ffffff pref]
[    0.529031] pci 0000:00:12.0: reg 0x14: [mem 0x00000000-0x00000fff]
[    0.529594] pci 0000:00:12.0: reg 0x30: [mem 0x00000000-0x0000ffff pref]
[    0.531867] vgaarb: device added: PCI:0000:00:12.0,decodes=io+mem,owns=none,locks=none
[    0.533016] pci 0000:00:13.0: [8086:100e] type 00 class 0x020000
[    0.533542] pci 0000:00:13.0: reg 0x10: [mem 0x00000000-0x0001ffff]
[    0.534003] pci 0000:00:13.0: reg 0x14: [io  0x0000-0x003f]
[    0.534528] pci 0000:00:13.0: reg 0x30: [mem 0x00000000-0x0003ffff pref]
[    0.537212] pci 0000:00:14.0: [8086:100e] type 00 class 0x020000
[    0.537731] pci 0000:00:14.0: reg 0x10: [mem 0x00000000-0x0001ffff]
[    0.538220] pci 0000:00:14.0: reg 0x14: [io  0x0000-0x003f]
[    0.538745] pci 0000:00:14.0: reg 0x30: [mem 0x00000000-0x0003ffff pref]
[    0.541519] pci 0000:00:15.0: [8086:100e] type 00 class 0x020000
[    0.542038] pci 0000:00:15.0: reg 0x10: [mem 0x00000000-0x0001ffff]
[    0.542521] pci 0000:00:15.0: reg 0x14: [io  0x0000-0x003f]
[    0.543044] pci 0000:00:15.0: reg 0x30: [mem 0x00000000-0x0003ffff pref]
[    0.545745] pci 0000:00:16.0: [8086:100e] type 00 class 0x020000
[    0.546261] pci 0000:00:16.0: reg 0x10: [mem 0x00000000-0x0001ffff]
[    0.546745] pci 0000:00:16.0: reg 0x14: [io  0x0000-0x003f]
[    0.547272] pci 0000:00:16.0: reg 0x30: [mem 0x00000000-0x0003ffff pref]
[    0.550115] pci_bus 0000:00: busn_res: [bus 00-ff] end is updated to 00
[    0.551461] pci 0000:00:12.0: BAR 0: assigned [mem 0x10000000-0x11ffffff pref]
[    0.552105] pci 0000:00:13.0: BAR 6: assigned [mem 0x12000000-0x1203ffff pref]
[    0.552684] pci 0000:00:14.0: BAR 6: assigned [mem 0x12040000-0x1207ffff pref]
[    0.553372] pci 0000:00:15.0: BAR 6: assigned [mem 0x12080000-0x120bffff pref]
[    0.553929] pci 0000:00:16.0: BAR 6: assigned [mem 0x120c0000-0x120fffff pref]
[    0.554467] pci 0000:00:13.0: BAR 0: assigned [mem 0x12100000-0x1211ffff]
[    0.554992] pci 0000:00:14.0: BAR 0: assigned [mem 0x12120000-0x1213ffff]
[    0.555528] pci 0000:00:15.0: BAR 0: assigned [mem 0x12140000-0x1215ffff]
[    0.556068] pci 0000:00:16.0: BAR 0: assigned [mem 0x12160000-0x1217ffff]
[    0.556608] pci 0000:00:12.0: BAR 6: assigned [mem 0x12180000-0x1218ffff pref]
[    0.557154] pci 0000:00:12.0: BAR 1: assigned [mem 0x12190000-0x12190fff]
[    0.557805] pci 0000:00:13.0: BAR 1: assigned [io  0x1040-0x107f]
[    0.558286] pci 0000:00:14.0: BAR 1: assigned [io  0x1080-0x10bf]
[    0.558772] pci 0000:00:15.0: BAR 1: assigned [io  0x10c0-0x10ff]
[    0.559263] pci 0000:00:16.0: BAR 1: assigned [io  0x1400-0x143f]
[    0.559746] pci 0000:00:0a.2: BAR 4: assigned [io  0x1440-0x145f]
[    0.560246] pci 0000:00:0a.1: BAR 4: assigned [io  0x1460-0x146f]
[    0.575216] cfg80211: Calling CRDA to update world regulatory domain
[    0.586711] Switched to clocksource MIPS
[    0.681343] NET: Registered protocol family 2
[    0.691526] TCP established hash table entries: 2048 (order: 1, 8192 bytes)
[    0.692446] TCP bind hash table entries: 2048 (order: 1, 8192 bytes)
[    0.693303] TCP: Hash tables configured (established 2048 bind 2048)
[    0.694194] UDP hash table entries: 256 (order: 0, 4096 bytes)
[    0.694875] UDP-Lite hash table entries: 256 (order: 0, 4096 bytes)
[    0.697964] NET: Registered protocol family 1
[    0.699433] PCI: Enabling device 0000:00:0a.2 (0000 -> 0001)
[    0.700681] PCI: CLS 0 bytes, default 16
[    0.728647] futex hash table entries: 256 (order: -1, 3072 bytes)
[    0.742412] squashfs: version 4.0 (2009/01/31) Phillip Lougher
[    0.744652] jffs2: version 2.2. (NAND) Â© 2001-2006 Red Hat, Inc.
[    0.747597] romfs: ROMFS MTD (C) 2007 Red Hat, Inc.
[    0.767888] Block layer SCSI generic (bsg) driver version 0.4 loaded (major 251)
[    0.768453] io scheduler noop registered
[    0.769049] io scheduler cfq registered (default)
[    0.769897] firmadyne: devfs: 1, execute: 1, procfs: 1, syscall: 1
[    0.775019] firmadyne: Cannot register character device: gpio, 0xfc, 0x0!
[    0.782102] firmadyne: Cannot register character device: watchdog, 0xa, 0x82!
[    0.782558] firmadyne: Cannot register character device: wdt, 0xfd, 0x0!
[    2.271949] strName = 4.1.17+
[    2.271949] init_task_addr  = 2155778944
[    2.271949] init_task_size  = 1296
[    2.271949] ts_tasks        = 292
[    2.271949] ts_pid          = 408
[    2.271949] ts_tgid         = 412
[    2.271949] ts_group_leader = 440
[    2.271949] ts_thread_group = 496
[    2.271949] ts_real_parent  = 416
[    2.271949] ts_mm           = 300
[    2.271949] ts_stack        = 4
[    2.273989] module_name   = 12
[    2.273989] module_size   = 208
[    2.273989] module_init   = 200
[    2.273989] module_list   = 4
[    2.274906] ts_real_cred    = 624
[    2.274906] ts_cred         = 628
[    2.274906] ts_comm         = 632
[    2.274906] cred_uid        = 4
[    2.274906] cred_gid        = 8
[    2.274906] cred_euid       = 20
[    2.274906] cred_egid       = 24
[    2.276183] mm_mmap         = 0
[    2.276183] mm_pgd          = 32
[    2.276183] mm_arg_start    = 136
[    2.276183] mm_start_brk    = 124
[    2.276183] mm_brk          = 128
[    2.276183] mm_start_stack  = 132
[    2.277295] vma_vm_start    = 0
[    2.277295] vma_vm_end      = 4
[    2.277295] vma_vm_next     = 8
[    2.277295] vma_vm_file     = 80
[    2.277295] vma_vm_flags    = 40
[    2.277295] vma_vm_pgoff    = 76
[    2.278400] file_dentry     = 12
[    2.278400] file_inode      = 40
[    2.278400] dentry_d_name   = 24
[    2.278400] dentry_d_iname  = 44
[    2.278400] dentry_d_parent = 16
[    2.278400] ti_task         = 0
[    2.278400] inode_ino   = 28
[    3.264163] proc_fork_connector  = 2151078840
[    3.264508] proc_exit_connector  = 2151080432
[    3.264785] proc_exec_connector  = 2151079052
[    3.265054] vma_link  = 2149124372
[    3.265295] vma_adjust  = 2149124540
[    3.265542] remove_vma  = 2149122188
[    3.265787] modules  = 2155833724
[    3.266028] trim_init_extable  = 2150545316
[    3.269376] PCI: Enabling device 0000:00:12.0 (0000 -> 0002)
[    3.270525] cirrusfb 0000:00:12.0: Cirrus Logic chipset on PCI bus, RAM (4096 kB) at 0x10000000
[    3.537439] Console: switching to colour frame buffer device 80x30
[    3.596810] Serial: 8250/16550 driver, 4 ports, IRQ sharing enabled
[    3.609358] console [ttyS0] disabled
[    3.637343] serial8250.0: ttyS0 at I/O 0x3f8 (irq = 4, base_baud = 115200) is a 16550A
[    3.638390] console [ttyS0] enabled
[    3.638390] console [ttyS0] enabled
[    3.639088] bootconsole [uart0] disabled
[    3.639088] bootconsole [uart0] disabled
[    3.669495] serial8250.0: ttyS1 at I/O 0x2f8 (irq = 3, base_baud = 115200) is a 16550A
[    3.723110] cfg80211: Calling CRDA to update world regulatory domain
[    3.776963] brd: module loaded
[    3.832437] loop: module loaded
[    3.838063] ata_piix 0000:00:0a.1: version 2.13
[    3.838576] PCI: Enabling device 0000:00:0a.1 (0000 -> 0001)
[    3.861320] scsi host0: ata_piix
[    3.866243] scsi host1: ata_piix
[    3.869568] ata1: PATA max UDMA/33 cmd 0x1f0 ctl 0x3f6 bmdma 0x1460 irq 14
[    3.870021] ata2: PATA max UDMA/33 cmd 0x170 ctl 0x376 bmdma 0x1468 irq 15
[    3.876181] [nandsim] warning: read_byte: unexpected data output cycle, state is STATE_READY return 0x0
[    3.876710] [nandsim] warning: read_byte: unexpected data output cycle, state is STATE_READY return 0x0
[    3.877217] [nandsim] warning: read_byte: unexpected data output cycle, state is STATE_READY return 0x0
[    3.877728] [nandsim] warning: read_byte: unexpected data output cycle, state is STATE_READY return 0x0
[    3.878244] [nandsim] warning: read_byte: unexpected data output cycle, state is STATE_READY return 0x0
[    3.878897] [nandsim] warning: read_byte: unexpected data output cycle, state is STATE_READY return 0x0
[    3.879603] nand: device found, Manufacturer ID: 0x98, Chip ID: 0x39
[    3.879980] nand: Toshiba NAND 128MiB 1,8V 8-bit
[    3.880333] nand: 128 MiB, SLC, erase size: 16 KiB, page size: 512, OOB size: 16
[    3.881772] flash size: 128 MiB
[    3.881996] page size: 512 bytes
[    3.882223] OOB area size: 16 bytes
[    3.882453] sector size: 16 KiB
[    3.882805] pages number: 262144
[    3.883028] pages per sector: 32
[    3.883253] bus width: 8
[    3.883448] bits in sector size: 14
[    3.883683] bits in page size: 9
[    3.883906] bits in OOB size: 4
[    3.884129] flash size with OOB: 135168 KiB
[    3.884386] page address bytes: 4
[    3.884609] sector address bytes: 3
[    3.884841] options: 0x42
[    3.958511] Scanning device for bad blocks
[    5.037647] ata2.01: NODEV after polling detection
[    5.039557] ata2.00: ATAPI: QEMU DVD-ROM, 2.5+, max UDMA/100
[    5.040945] ata1.01: NODEV after polling detection
[    5.042125] ata1.00: ATA-7: QEMU HARDDISK, 2.5+, max UDMA/100
[    5.042572] ata1.00: 2097152 sectors, multi 16: LBA48 
[    5.048352] ata2.00: configured for UDMA/33
[    5.050278] ata1.00: configured for UDMA/33
[    5.058366] scsi 0:0:0:0: Direct-Access     ATA      QEMU HARDDISK    2.5+ PQ: 0 ANSI: 5
[    5.073642] sd 0:0:0:0: [sda] 2097152 512-byte logical blocks: (1.07 GB/1.00 GiB)
[    5.075241] scsi 1:0:0:0: CD-ROM            QEMU     QEMU DVD-ROM     2.5+ PQ: 0 ANSI: 5
[    5.087189] sd 0:0:0:0: [sda] Write Protect is off
[    5.087685] sd 0:0:0:0: [sda] Mode Sense: 00 3a 00 00
[    5.089082] sd 0:0:0:0: [sda] Write cache: enabled, read cache: enabled, doesn't support DPO or FUA
[    5.099722]  sda: sda1
[    5.111339] sd 0:0:0:0: [sda] Attached SCSI disk
[    5.111893] Creating 11 MTD partitions on "NAND 128MiB 1,8V 8-bit":
[    5.112506] 0x000000000000-0x000000100000 : "NAND simulator partition 0"
[    5.122939] 0x000000100000-0x000000200000 : "NAND simulator partition 1"
[    5.133287] 0x000000200000-0x000000300000 : "NAND simulator partition 2"
[    5.144217] 0x000000300000-0x000000400000 : "NAND simulator partition 3"
[    5.154140] 0x000000400000-0x000000500000 : "NAND simulator partition 4"
[    5.164141] 0x000000500000-0x000000600000 : "NAND simulator partition 5"
[    5.174028] 0x000000600000-0x000000700000 : "NAND simulator partition 6"
[    5.184537] 0x000000700000-0x000000800000 : "NAND simulator partition 7"
[    5.194375] 0x000000800000-0x000000900000 : "NAND simulator partition 8"
[    5.204696] 0x000000900000-0x000000a00000 : "NAND simulator partition 9"
[    5.214620] 0x000000a00000-0x000008000000 : "NAND simulator partition 10"
[    5.261149] tun: Universal TUN/TAP device driver, 1.6
[    5.261557] tun: (C) 1999-2004 Max Krasnyansky <maxk@qualcomm.com>
[    5.265208] pcnet32: pcnet32.c:v1.35 21.Apr.2008 tsbogend@alpha.franken.de
[    5.266427] e1000: Intel(R) PRO/1000 Network Driver - version 7.3.21-k8-NAPI
[    5.267015] e1000: Copyright (c) 1999-2006 Intel Corporation.
[    5.267979] PCI: Enabling device 0000:00:13.0 (0000 -> 0003)
[    5.632683] e1000 0000:00:13.0 eth0: (PCI:33MHz:32-bit) 52:54:00:12:34:56
[    5.633497] e1000 0000:00:13.0 eth0: Intel(R) PRO/1000 Network Connection
[    5.634349] PCI: Enabling device 0000:00:14.0 (0000 -> 0003)
[    5.948835] e1000 0000:00:14.0 eth1: (PCI:33MHz:32-bit) 52:54:00:12:34:57
[    5.949327] e1000 0000:00:14.0 eth1: Intel(R) PRO/1000 Network Connection
[    5.949970] PCI: Enabling device 0000:00:15.0 (0000 -> 0003)
[    6.278495] e1000 0000:00:15.0 eth2: (PCI:33MHz:32-bit) 52:54:00:12:34:58
[    6.279112] e1000 0000:00:15.0 eth2: Intel(R) PRO/1000 Network Connection
[    6.279748] PCI: Enabling device 0000:00:16.0 (0000 -> 0003)
[    6.582924] e1000 0000:00:16.0 eth3: (PCI:33MHz:32-bit) 52:54:00:12:34:59
[    6.583415] e1000 0000:00:16.0 eth3: Intel(R) PRO/1000 Network Connection
[    6.584668] e1000e: Intel(R) PRO/1000 Network Driver - 2.3.2-k
[    6.584980] e1000e: Copyright(c) 1999 - 2014 Intel Corporation.
[    6.588920] PPP generic driver version 2.4.2
[    6.591066] PPP Deflate Compression module registered
[    6.591655] PPP MPPE Compression module registered
[    6.592033] NET: Registered protocol family 24
[    6.592665] ehci_hcd: USB 2.0 'Enhanced' Host Controller (EHCI) Driver
[    6.593101] ehci-pci: EHCI PCI platform driver
[    6.594110] ohci_hcd: USB 1.1 'Open' Host Controller (OHCI) Driver
[    6.594553] ohci-pci: OHCI PCI platform driver
[    6.595729] uhci_hcd: USB Universal Host Controller Interface driver
[    6.597281] uhci_hcd 0000:00:0a.2: UHCI Host Controller
[    6.597994] uhci_hcd 0000:00:0a.2: new USB bus registered, assigned bus number 1
[    6.599102] uhci_hcd 0000:00:0a.2: irq 11, io base 0x00001440
[    6.609292] hub 1-0:1.0: USB hub found
[    6.610007] hub 1-0:1.0: 2 ports detected
[    6.618821] usbcore: registered new interface driver usb-storage
[    6.622795] mousedev: PS/2 mouse device common for all mice
[    6.628699] rtc_cmos rtc_cmos: rtc core: registered rtc_cmos as rtc0
[    6.629391] rtc_cmos rtc_cmos: alarms up to one day, 242 bytes nvram
[    6.630837] i2c /dev entries driver
[    6.631995] piix4_smbus 0000:00:0a.3: SMBus Host Controller at 0x1100, revision 0
[    6.636345] sdhci: Secure Digital Host Controller Interface driver
[    6.636690] sdhci: Copyright(c) Pierre Ossman
[    6.638993] hidraw: raw HID events driver (C) Jiri Kosina
[    6.656325] usbcore: registered new interface driver usbhid
[    6.656663] usbhid: USB HID core driver
[    6.657668] Netfilter messages via NETLINK v0.30.
[    6.659111] nf_conntrack version 0.5.0 (3923 buckets, 15692 max)
[    6.662275] ctnetlink v0.93: registering with nfnetlink.
[    6.667680] ipip: IPv4 over IPv4 tunneling driver
[    6.679440] ip_tables: (C) 2000-2006 Netfilter Core Team
[    6.682094] arp_tables: (C) 2002 David S. Miller
[    6.683915] Initializing XFRM netlink socket
[    6.684997] NET: Registered protocol family 10
[    6.704734] ip6_tables: (C) 2000-2006 Netfilter Core Team
[    6.708260] sit: IPv6 over IPv4 tunneling driver
[    6.724604] NET: Registered protocol family 17
[    6.725501] bridge: automatic filtering via arp/ip/ip6tables has been deprecated. Update your scripts to load br_netfilter if you need this.
[    6.726553] Bridge firewalling registered
[    6.727128] Ebtables v2.0 registered
[    6.731372] 8021q: 802.1Q VLAN Support v1.8
[    6.752383] rtc_cmos rtc_cmos: setting system clock to 2025-07-23 16:43:39 UTC (1753289019)
[    6.773427] EXT2-fs (sda1): warning: mounting unchecked fs, running e2fsck is recommended
[    6.775614] VFS: Mounted root (ext2 filesystem) on device 8:1.
[    6.784885] Freeing YAMON memory: 956k freed
[    6.796074] Freeing unused kernel memory: 260K (8081f000 - 80860000)
[    6.867108] cfg80211: Calling CRDA to update world regulatory domain
[    6.887701] firmadyne: sys_reboot[PID: 48 (init)]: magic1:fee1dead, magic2:28121969, cmd:0
init started:  BusyBox v1.00 (2009.03.06-06:20+0000) multi-call binary
init started:  BusyBox v1.00 (2009.03.06-06:20+0000) multi-call binary
Starting pid 50, console /dev/ttyS0: '/usr/etc/rcS'
[    7.124751] firmadyne: do_execve: /firmadyne/console
[    7.125338] OFFSETS: offset of pid: 0x198 offset of comm: 0x278
[    7.987176] spurious 8259A interrupt: IRQ7.
[   10.011027] cfg80211: Calling CRDA to update world regulatory domain
insmod: cannot open module `/lib/modules/vnet.ko': No such file or directory
[   11.154334] firmadyne: ioctl: 0x1
insmod finish
[   11.274075] random: nonblocking pool is initialized
BcmAtm_Initialize: open error 6
/usr/sbin/atmctl: ATM driver return code, state error
BcmAdsl : open error 6
/usr/sbin/adslctl: BcmAdsl_Initialize error
BcmAdsl : open error 6
/usr/sbin/adslctl->ConnectionHandler: BcmAdsl_ConnectionStart error
BcmAtm_Initialize: open error 6
ATM Operation Failed , 2 
/usr/sbin/atmctl: ATM driver return code, state error
[   11.496800] firmadyne: sys_socket[PID: 103 (brctl)]: family:2, type:2, protocol:0
[   11.551585] firmadyne: sys_socket[PID: 104 (brctl)]: family:2, type:2, protocol:0
[   11.596632] firmadyne: sys_socket[PID: 105 (ifconfig)]: family:2, type:1, protocol:0
[   11.611657] IPv6: ADDRCONF(NETDEV_UP): eth0: link is not ready
[   11.612194] 8021q: adding VLAN 0 to HW filter on device eth0
[   11.616820] e1000: eth0 NIC Link is Up 1000 Mbps Full Duplex, Flow Control: RX
[   11.618599] IPv6: ADDRCONF(NETDEV_CHANGE): eth0: link becomes ready
[   11.665022] firmadyne: sys_socket[PID: 106 (brctl)]: family:2, type:2, protocol:0
[   11.666486] firmadyne: sys_socket[PID: 106 (brctl)]: family:10, type:1, protocol:0
[   11.669092] firmadyne: br_add_if[PID: 106 (brctl)]: br:br0 dev:eth0
[   11.674305] device eth0 entered promiscuous mode
[   11.724520] firmadyne: sys_socket[PID: 107 (ifconfig)]: family:2, type:1, protocol:0
[   11.733912] IPv6: ADDRCONF(NETDEV_UP): eth1: link is not ready
[   11.735083] 8021q: adding VLAN 0 to HW filter on device eth1
[   11.739106] e1000: eth1 NIC Link is Up 1000 Mbps Full Duplex, Flow Control: RX
[   11.740208] IPv6: ADDRCONF(NETDEV_CHANGE): eth1: link becomes ready
[   11.786732] firmadyne: sys_socket[PID: 108 (brctl)]: family:2, type:2, protocol:0
[   11.788209] firmadyne: sys_socket[PID: 108 (brctl)]: family:10, type:1, protocol:0
[   11.789702] firmadyne: br_add_if[PID: 108 (brctl)]: br:br0 dev:eth1
[   11.794170] device eth1 entered promiscuous mode
[   11.894424] firmadyne: sys_socket[PID: 110 (ifconfig)]: family:2, type:1, protocol:0
[   11.897144] firmadyne: __inet_insert_ifa[PID: 110 (ifconfig)]: device:lo ifa:0x7f000001
[   11.900611] firmadyne: __inet_insert_ifa[PID: 110 (ifconfig)]: device:lo ifa:0x7f000001
[   11.951257] firmadyne: sys_socket[PID: 111 (route)]: family:2, type:1, protocol:0
[   12.193441] firmadyne: sys_socket[PID: 114 (klogd)]: family:1, type:1, protocol:0
[   12.195477] firmadyne: sys_socket[PID: 114 (klogd)]: family:1, type:2, protocol:0
[   12.208342] firmadyne: sys_socket[PID: 114 (klogd)]: family:1, type:1, protocol:0
[   12.209560] firmadyne: sys_socket[PID: 114 (klogd)]: family:1, type:2, protocol:0
[   12.215076] firmadyne: sys_socket[PID: 114 (klogd)]: family:1, type:1, protocol:0
[   12.216197] firmadyne: sys_socket[PID: 114 (klogd)]: family:1, type:2, protocol:0
[   12.218363] firmadyne: sys_socket[PID: 114 (klogd)]: family:1, type:1, protocol:0
[   12.227522] firmadyne: sys_socket[PID: 114 (klogd)]: family:1, type:2, protocol:0
[   12.229845] firmadyne: sys_socket[PID: 114 (klogd)]: family:1, type:1, protocol:0
[   12.236283] firmadyne: sys_socket[PID: 114 (klogd)]: family:1, type:2, protocol:0
[   12.238549] firmadyne: sys_socket[PID: 114 (klogd)]: family:1, type:1, protocol:0
[   12.243380] firmadyne: sys_socket[PID: 114 (klogd)]: family:1, type:2, protocol:0
[   12.245666] firmadyne: sys_socket[PID: 114 (klogd)]: family:1, type:1, protocol:0
[   12.251200] firmadyne: sys_socket[PID: 114 (klogd)]: family:1, type:2, protocol:0
[   12.253481] firmadyne: sys_socket[PID: 114 (klogd)]: family:1, type:1, protocol:0
[   12.254629] firmadyne: sys_socket[PID: 114 (klogd)]: family:1, type:2, protocol:0
[   12.260493] firmadyne: sys_socket[PID: 114 (klogd)]: family:1, type:1, protocol:0
[   12.261627] firmadyne: sys_socket[PID: 114 (klogd)]: family:1, type:2, protocol:0
[   12.268052] firmadyne: sys_socket[PID: 114 (klogd)]: family:1, type:1, protocol:0
[   12.269185] firmadyne: sys_socket[PID: 114 (klogd)]: family:1, type:2, protocol:0
nvram_init: Initializing NVRAM...
sem_get: Key: 4101c003[   12.279966] firmadyne: sys_socket[PID: 114 (klogd)]: family:1, type:1, protocol:0
[   12.281123] firmadyne: sys_socket[PID: 114 (klogd)]: family:1, type:2, protocol:0

[   12.288852] firmadyne: sys_socket[PID: 114 (klogd)]: family:1, type:1, protocol:0
[   12.289988] firmadyne: sys_socket[PID: 114 (klogd)]: family:1, type:2, protocol:0
[   12.292406] firmadyne: sys_socket[PID: 114 (klogd)]: family:1, type:1, protocol:0
[   12.293498] firmadyne: sys_socket[PID: 114 (klogd)]: family:1, type:2, protocol:0
sem_get: Key: 410f00a6
nvram_set_default_builtin[   12.300366] firmadyne: sys_socket[PID: 114 (klogd)]: family:1, type:1, protocol:0
[   12.301516] firmadyne: sys_socket[PID: 114 (klogd)]: family:1, type:2, protocol:0
: Setting built-in default values!
nvram_set: console_loglevel = "7"
[   12.308166] firmadyne: sys_socket[PID: 114 (klogd)]: family:1, type:1, protocol:0
[   12.309259] firmadyne: sys_socket[PID: 114 (klogd)]: family:1, type:2, protocol:0
sem_get: Key: 410f00a6
[   12.315662] firmadyne: sys_socket[PID: 114 (klogd)]: family:1, type:1, protocol:0
[   12.316796] firmadyne: sys_socket[PID: 114 (klogd)]: family:1, type:2, protocol:0
sem_get: Key: 410f00a6
nvram_set: restore_defaults = "1[   12.323277] firmadyne: sys_socket[PID: 114 (klogd)]: family:1, type:1, protocol:0
[   12.324494] firmadyne: sys_socket[PID: 114 (klogd)]: family:1, type:2, protocol:0
"
sem_get: Key: 410f00a6
sem_get: Key: 410f00a6[   12.331405] firmadyne: sys_socket[PID: 114 (klogd)]: family:1, type:1, protocol:0
[   12.332570] firmadyne: sys_socket[PID: 114 (klogd)]: family:1, type:2, protocol:0

nvram_set: sku_name = ""
sem_get: Key: [   12.339096] firmadyne: sys_socket[PID: 114 (klogd)]: family:1, type:1, protocol:0
[   12.340283] firmadyne: sys_socket[PID: 114 (klogd)]: family:1, type:2, protocol:0
[   12.342449] firmadyne: sys_socket[PID: 114 (klogd)]: family:1, type:1, protocol:0
410f00a6
sem_get: Key: 410f00a6
[   12.347382] firmadyne: sys_socket[PID: 114 (klogd)]: family:1, type:2, protocol:0
[   12.349612] firmadyne: sys_socket[PID: 114 (klogd)]: family:1, type:1, protocol:0
[   12.350738] firmadyne: sys_socket[PID: 114 (klogd)]: family:1, type:2, protocol:0
nvram_set: wla_wlanstate = ""
sem_get: Key: [   12.356608] firmadyne: sys_socket[PID: 114 (klogd)]: family:1, type:1, protocol:0
[   12.357746] firmadyne: sys_socket[PID: 114 (klogd)]: family:1, type:2, protocol:0
410f00a6
sem_get: Key: 410f00a6
[   12.364237] firmadyne: sys_socket[PID: 114 (klogd)]: family:1, type:1, protocol:0
[   12.365347] firmadyne: sys_socket[PID: 114 (klogd)]: family:1, type:2, protocol:0
nvram_set: lan_if = "br0"
sem_get: Key: 410f00a6
[   12.371822] firmadyne: sys_socket[PID: 114 (klogd)]: family:1, type:1, protocol:0
[   12.372996] firmadyne: sys_socket[PID: 114 (klogd)]: family:1, type:2, protocol:0
sem_get: Key: 410f00a6
nvram_set: lan_ipaddr = "[   12.379751] firmadyne: sys_socket[PID: 114 (klogd)]: family:1, type:1, protocol:0
[   12.380918] firmadyne: sys_socket[PID: 114 (klogd)]: family:1, type:2, protocol:0
192.168.0.50"
sem_get: Key: 410f00a6
sem_get: Key: [   12.387465] firmadyne: sys_socket[PID: 114 (klogd)]: family:1, type:1, protocol:0
[   12.388638] firmadyne: sys_socket[PID: 114 (klogd)]: family:1, type:2, protocol:0
410f00a6
nvram_set: lan_bipaddr = "192.168.0.255"
[   12.395022] firmadyne: sys_socket[PID: 114 (klogd)]: family:1, type:1, protocol:0
[   12.396182] firmadyne: sys_socket[PID: 114 (klogd)]: family:1, type:2, protocol:0
[   12.398345] firmadyne: sys_socket[PID: 114 (klogd)]: family:1, type:1, protocol:0
sem_get: Key: 410f00a6
sem_get: Key: 410f00a6
nvram_set: lan_netmask = "255.255.255.0"
sem_get: Key: [   12.407371] firmadyne: sys_socket[PID: 114 (klogd)]: family:1, type:2, protocol:0
[   12.409594] firmadyne: sys_socket[PID: 114 (klogd)]: family:1, type:1, protocol:0
[   12.410736] firmadyne: sys_socket[PID: 114 (klogd)]: family:1, type:2, protocol:0
410f00a6
sem_get: Key: 410f00a6
[   12.416547] firmadyne: sys_socket[PID: 114 (klogd)]: family:1, type:1, protocol:0
[   12.417657] firmadyne: sys_socket[PID: 114 (klogd)]: family:1, type:2, protocol:0
nvram_set: time_zone = "PST8PDT"
sem_get: Key: [   12.424067] firmadyne: sys_socket[PID: 114 (klogd)]: family:1, type:1, protocol:0
[   12.425218] firmadyne: sys_socket[PID: 114 (klogd)]: family:1, type:2, protocol:0
410f00a6
sem_get: Key: 410f00a6
[   12.431654] firmadyne: sys_socket[PID: 114 (klogd)]: family:1, type:1, protocol:0
[   12.432808] firmadyne: sys_socket[PID: 114 (klogd)]: family:1, type:2, protocol:0
nvram_set: wan_hwaddr_def = "01:23:45:67:89:ab"
sem_get: Key: 410f00a6
[   12.439456] firmadyne: sys_socket[PID: 114 (klogd)]: family:1, type:1, protocol:0
[   12.440585] firmadyne: sys_socket[PID: 114 (klogd)]: family:1, type:2, protocol:0
[   12.442752] firmadyne: sys_socket[PID: 114 (klogd)]: family:1, type:1, protocol:0
sem_get: Key: 410f00a6
nvram_set: wan_ifname = "eth0"
sem_get: Key: 410f00a6
[   12.451380] firmadyne: sys_socket[PID: 114 (klogd)]: family:1, type:2, protocol:0
[   12.453545] firmadyne: sys_socket[PID: 114 (klogd)]: family:1, type:1, protocol:0
[   12.454719] firmadyne: sys_socket[PID: 114 (klogd)]: family:1, type:2, protocol:0
sem_get: Key: 410f00a6
nvram_set[   12.460404] firmadyne: sys_socket[PID: 114 (klogd)]: family:1, type:1, protocol:0
[   12.461512] firmadyne: sys_socket[PID: 114 (klogd)]: family:1, type:2, protocol:0
: lan_ifnames = "eth1 eth2 eth3 eth4"
sem_get: Key: 410f00a6
[   12.467875] firmadyne: sys_socket[PID: 114 (klogd)]: family:1, type:1, protocol:0
[   12.469020] firmadyne: sys_socket[PID: 114 (klogd)]: family:1, type:2, protocol:0
sem_get: Key: 410f00a6
nvram_set: ethConver = "1"
sem_get: Key: 410f00a6
[   12.479828] firmadyne: sys_socket[PID: 114 (klogd)]: family:1, type:1, protocol:0
[   12.481018] firmadyne: sys_socket[PID: 114 (klogd)]: family:1, type:2, protocol:0
[   12.483608] firmadyne: sys_socket[PID: 114 (klogd)]: family:1, type:1, protocol:0
[   12.484713] firmadyne: sys_socket[PID: 114 (klogd)]: family:1, type:2, protocol:0
sem_get: Key: 410f00a6
nvram_set: lan_proto[   12.491202] firmadyne: sys_socket[PID: 114 (klogd)]: family:1, type:1, protocol:0
[   12.492362] firmadyne: sys_socket[PID: 114 (klogd)]: family:1, type:2, protocol:0
[   12.494541] firmadyne: sys_socket[PID: 114 (klogd)]: family:1, type:1, protocol:0
 = "dhcp"
sem_get: Key: 410f00a6
[   12.499435] firmadyne: sys_socket[PID: 114 (klogd)]: family:1, type:2, protocol:0
[   12.501595] firmadyne: sys_socket[PID: 114 (klogd)]: family:1, type:1, protocol:0
[   12.502713] firmadyne: sys_socket[PID: 114 (klogd)]: family:1, type:2, protocol:0
sem_get: Key: 410f00a6
nvram_set: wan_ipaddr = "0.0.0.0"
sem_get: Key: 410f00a6
[   12.512363] firmadyne: sys_socket[PID: 114 (klogd)]: family:1, type:1, protocol:0
[   12.513465] firmadyne: sys_socket[PID: 114 (klogd)]: family:1, type:2, protocol:0
sem_get: Key: 410f00a6
nvram_set: wan_netmask = "255.255.255.0[   12.520066] firmadyne: sys_socket[PID: 114 (klogd)]: family:1, type:1, protocol:0
[   12.521201] firmadyne: sys_socket[PID: 114 (klogd)]: family:1, type:2, protocol:0
"
sem_get: Key: 410f00a6
sem_get: Key: 410f00a6[   12.527670] firmadyne: sys_socket[PID: 114 (klogd)]: family:1, type:1, protocol:0
[   12.528813] firmadyne: sys_socket[PID: 114 (klogd)]: family:1, type:2, protocol:0

nvram_set: wanif = "eth0"
[   12.535376] firmadyne: sys_socket[PID: 114 (klogd)]: family:1, type:1, protocol:0
[   12.536526] firmadyne: sys_socket[PID: 114 (klogd)]: family:1, type:2, protocol:0
[   12.538665] firmadyne: sys_socket[PID: 114 (klogd)]: family:1, type:1, protocol:0
sem_get: Key: 410f00a6
sem_get: Key: [   12.543553] firmadyne: sys_socket[PID: 114 (klogd)]: family:1, type:2, protocol:0
[   12.545696] firmadyne: sys_socket[PID: 114 (klogd)]: family:1, type:1, protocol:0
410f00a6
nvram_set: time_zone_x = "0"
[   12.550981] firmadyne: sys_socket[PID: 114 (klogd)]: family:1, type:2, protocol:0
[   12.553220] firmadyne: sys_socket[PID: 114 (klogd)]: family:1, type:1, protocol:0
[   12.554338] firmadyne: sys_socket[PID: 114 (klogd)]: family:1, type:2, protocol:0
sem_get: Key: 410f00a6
sem_get: Key: 410f00a6
nvram_set: rip_multicast = "0"
sem_get: Key: [   12.564411] firmadyne: sys_socket[PID: 114 (klogd)]: family:1, type:1, protocol:0
[   12.565534] firmadyne: sys_socket[PID: 114 (klogd)]: family:1, type:2, protocol:0
410f00a6
sem_get: Key: 410f00a6
[   12.571834] firmadyne: sys_socket[PID: 114 (klogd)]: family:1, type:1, protocol:0
[   12.572964] firmadyne: sys_socket[PID: 114 (klogd)]: family:1, type:2, protocol:0
nvram_set: bs_trustedip_enable = "0"
sem_get: Key: 410f00a6
[   12.579395] firmadyne: sys_socket[PID: 114 (klogd)]: family:1, type:1, protocol:0
[   12.580574] firmadyne: sys_socket[PID: 114 (klogd)]: family:1, type:2, protocol:0
sem_get: Key: 410f00a6
nvram_set: et0macaddr[   12.587385] firmadyne: sys_socket[PID: 114 (klogd)]: family:1, type:1, protocol:0
[   12.588543] firmadyne: sys_socket[PID: 114 (klogd)]: family:1, type:2, protocol:0
[   12.590680] firmadyne: sys_socket[PID: 114 (klogd)]: family:1, type:1, protocol:0
 = "01:23:45:67:89:ab"
sem_get: Key: 410f00a6
sem_get: Key: 410f00a6
nvram_set: [   12.599609] firmadyne: sys_socket[PID: 114 (klogd)]: family:1, type:2, protocol:0
[   12.601777] firmadyne: sys_socket[PID: 114 (klogd)]: family:1, type:1, protocol:0
[   12.603235] firmadyne: sys_socket[PID: 114 (klogd)]: family:1, type:2, protocol:0
[   12.605341] firmadyne: sys_socket[PID: 114 (klogd)]: family:1, type:1, protocol:0
[   12.606434] firmadyne: sys_socket[PID: 114 (klogd)]: family:1, type:2, protocol:0
filter_rule_tbl = ""
sem_get: Key: 410f00a6
[   12.612490] firmadyne: sys_socket[PID: 114 (klogd)]: family:1, type:1, protocol:0
[   12.613584] firmadyne: sys_socket[PID: 114 (klogd)]: family:1, type:2, protocol:0
sem_get: Key: 410f00a6
nvram_set: pppoe2_schedule_config = "[   12.619978] firmadyne: sys_socket[PID: 114 (klogd)]: family:1, type:1, protocol:0
[   12.621090] firmadyne: sys_socket[PID: 114 (klogd)]: family:1, type:2, protocol:0
127:0:0:23:59"
sem_get: Key: 410f00a6
sem_get: Key: [   12.627557] firmadyne: sys_socket[PID: 114 (klogd)]: family:1, type:1, protocol:0
[   12.628687] firmadyne: sys_socket[PID: 114 (klogd)]: family:1, type:2, protocol:0
410f00a6
nvram_set: schedule_config = "127:0:0:23:59"
sem_get[   12.635264] firmadyne: sys_socket[PID: 114 (klogd)]: family:1, type:1, protocol:0
[   12.636441] firmadyne: sys_socket[PID: 114 (klogd)]: family:1, type:2, protocol:0
[   12.638657] firmadyne: sys_socket[PID: 114 (klogd)]: family:1, type:1, protocol:0
: Key: 410f00a6
sem_get: Key: 410f00a6
nvram_set: access_control_mode = "0"
[   12.647424] firmadyne: sys_socket[PID: 114 (klogd)]: family:1, type:2, protocol:0
[   12.649611] firmadyne: sys_socket[PID: 114 (klogd)]: family:1, type:1, protocol:0
sem_get: Key: 410f00a6
sem_get: Key: 410f00a6
[   12.655111] firmadyne: sys_socket[PID: 114 (klogd)]: family:1, type:2, protocol:0
[   12.657339] firmadyne: sys_socket[PID: 114 (klogd)]: family:1, type:1, protocol:0
[   12.658442] firmadyne: sys_socket[PID: 114 (klogd)]: family:1, type:2, protocol:0
nvram_set: fwpt_df_count = "0"
sem_get[   12.664593] firmadyne: sys_socket[PID: 114 (klogd)]: family:1, type:1, protocol:0
[   12.665707] firmadyne: sys_socket[PID: 114 (klogd)]: family:1, type:2, protocol:0
: Key: 410f00a6
sem_get: Key: 410f00a6
[   12.673126] firmadyne: sys_socket[PID: 114 (klogd)]: family:1, type:1, protocol:0
[   12.674248] firmadyne: sys_socket[PID: 114 (klogd)]: family:1, type:2, protocol:0
nvram_set: static_if_status = "1"
sem_get: Key: 410f00a6[   12.680583] firmadyne: sys_socket[PID: 114 (klogd)]: family:1, type:1, protocol:0
[   12.681745] firmadyne: sys_socket[PID: 114 (klogd)]: family:1, type:2, protocol:0

sem_get: Key: 410f00a6
[   12.688158] firmadyne: sys_socket[PID: 114 (klogd)]: family:1, type:1, protocol:0
[   12.689293] firmadyne: sys_socket[PID: 114 (klogd)]: family:1, type:2, protocol:0
nvram_set: www_relocation = ""
sem_get: Key: 410f00a6
[   12.695665] firmadyne: sys_socket[PID: 114 (klogd)]: family:1, type:1, protocol:0
[   12.696861] firmadyne: sys_socket[PID: 114 (klogd)]: family:1, type:2, protocol:0
sem_get: Key: 410f00a6
nvram_set: usb_info_dev0 = "[   12.703440] firmadyne: sys_socket[PID: 114 (klogd)]: family:1, type:1, protocol:0
[   12.704598] firmadyne: sys_socket[PID: 114 (klogd)]: family:1, type:2, protocol:0
A200396E0402FF83@1@14.4G@U@1@USB_Storage;U:;0;0@"
sem_get: Key: 410f00a6
sem_get[   12.711149] firmadyne: sys_socket[PID: 114 (klogd)]: family:1, type:1, protocol:0
[   12.712332] firmadyne: sys_socket[PID: 114 (klogd)]: family:1, type:2, protocol:0
[   12.714509] firmadyne: sys_socket[PID: 114 (klogd)]: family:1, type:1, protocol:0
: Key: 410f00a6
nvram_set: usb_info_dev1[   12.719580] firmadyne: sys_socket[PID: 114 (klogd)]: family:1, type:2, protocol:0
[   12.721746] firmadyne: sys_socket[PID: 114 (klogd)]: family:1, type:1, protocol:0
 = "A200396E0402FF83@1@14.4G@U@1@USB_Storage;U:;0;0@"
sem_get: Key: 410f00a6
[   12.727247] firmadyne: sys_socket[PID: 114 (klogd)]: family:1, type:2, protocol:0
[   12.729423] firmadyne: sys_socket[PID: 114 (klogd)]: family:1, type:1, protocol:0
[   12.730538] firmadyne: sys_socket[PID: 114 (klogd)]: family:1, type:2, protocol:0
sem_get: Key: 410f00a6
nvram_set: usb_info_dev2 = "A200396E0402FF83@1@14.4G@U@1@USB_Storage;U:;0;0@"
sem_get: Key: 410f00a6
[   12.740493] firmadyne: sys_socket[PID: 114 (klogd)]: family:1, type:1, protocol:0
[   12.741606] firmadyne: sys_socket[PID: 114 (klogd)]: family:1, type:2, protocol:0
sem_get: Key: 410f00a6
nvram_set: usb_info_dev3 = "[   12.748197] firmadyne: sys_socket[PID: 114 (klogd)]: family:1, type:1, protocol:0
[   12.749476] firmadyne: sys_socket[PID: 114 (klogd)]: family:1, type:2, protocol:0
A200396E0402FF83@1@14.4G@U@1@USB_Storage;U:;0;0@"
sem_get: Key: 410f00a6
sem_get[   12.756010] firmadyne: sys_socket[PID: 114 (klogd)]: family:1, type:1, protocol:0
[   12.757150] firmadyne: sys_socket[PID: 114 (klogd)]: family:1, type:2, protocol:0
: Key: 410f00a6
nvram_set: usb_info_dev4 = "A200396E0402FF83@1@14.4G@U@1@USB_Storage;U:;0;0@"
[   12.763878] firmadyne: sys_socket[PID: 114 (klogd)]: family:1, type:1, protocol:0
[   12.765035] firmadyne: sys_socket[PID: 114 (klogd)]: family:1, type:2, protocol:0
sem_get: Key: 410f00a6
sem_get: Key: 410f00a6
[   12.771734] firmadyne: sys_socket[PID: 114 (klogd)]: family:1, type:1, protocol:0
[   12.772911] firmadyne: sys_socket[PID: 114 (klogd)]: family:1, type:2, protocol:0
[   12.775358] firmadyne: sys_socket[PID: 114 (klogd)]: family:1, type:1, protocol:0
[   12.776545] firmadyne: sys_socket[PID: 114 (klogd)]: family:1, type:2, protocol:0
nvram_set: usb_info_dev5 = "A200396E0402FF83@1@14.4G@U@1@USB_Storage;U:;0;0@"
sem_get: Key: 410f00a6
sem_get: Key: 410f00a6
nvram_set: usb_info_dev6 = "A200396E0402FF83@1@14.4G@U@1@USB_Storage;U:;0;0@"
sem_get: Key: 410f00a6
sem_get: Key: 410f00a6
[   12.803227] firmadyne: sys_socket[PID: 114 (klogd)]: family:1, type:1, protocol:0
[   12.804499] firmadyne: sys_socket[PID: 114 (klogd)]: family:1, type:2, protocol:0
nvram_set: usb_info_dev7 = "A200396E0402FF83@1@14.4G@U@1@USB_Storage;U:;0;0@"
sem_get: Key: 410f00a6
[   12.811310] firmadyne: sys_socket[PID: 114 (klogd)]: family:1, type:1, protocol:0
[   12.812563] firmadyne: sys_socket[PID: 114 (klogd)]: family:1, type:2, protocol:0
sem_get: Key: 410f00a6
[   12.819117] firmadyne: sys_socket[PID: 114 (klogd)]: family:1, type:1, protocol:0
[   12.820355] firmadyne: sys_socket[PID: 114 (klogd)]: family:1, type:2, protocol:0
[   12.822713] firmadyne: sys_socket[PID: 114 (klogd)]: family:1, type:1, protocol:0
nvram_set: usb_info_dev8 = "A200396E0402FF83@1@14.4G@U@1@USB_Storage;U:;0;0@"
sem_get: Key: [   12.827432] firmadyne: sys_socket[PID: 114 (klogd)]: family:1, type:2, protocol:0
[   12.829620] firmadyne: sys_socket[PID: 114 (klogd)]: family:1, type:1, protocol:0
410f00a6
sem_get: Key: 410f00a6
[   12.835305] firmadyne: sys_socket[PID: 114 (klogd)]: family:1, type:2, protocol:0
[   12.837654] firmadyne: sys_socket[PID: 114 (klogd)]: family:1, type:1, protocol:0
nvram_set: usb_info_dev9 = "A200396E0402FF83@1@14.4G@U@1@USB_Storage;U:;0;0@"
sem_get[   12.843101] firmadyne: sys_socket[PID: 114 (klogd)]: family:1, type:2, protocol:0
[   12.845378] firmadyne: sys_socket[PID: 114 (klogd)]: family:1, type:1, protocol:0
[   12.846471] firmadyne: sys_socket[PID: 114 (klogd)]: family:1, type:2, protocol:0
: Key: 410f00a6
sem_get: Key: 410f00a6[   12.852791] firmadyne: sys_socket[PID: 114 (klogd)]: family:1, type:1, protocol:0
[   12.853934] firmadyne: sys_socket[PID: 114 (klogd)]: family:1, type:2, protocol:0

nvram_set: usb_info_dev10 = "A200396E0402FF83@1@14.4G@U@1@USB_Storage;U:;0;0@"
[   12.860680] firmadyne: sys_socket[PID: 114 (klogd)]: family:1, type:1, protocol:0
[   12.861822] firmadyne: sys_socket[PID: 114 (klogd)]: family:1, type:2, protocol:0
sem_get: Key: 410f00a6
sem_get: Key: 410f00a6[   12.868455] firmadyne: sys_socket[PID: 114 (klogd)]: family:1, type:1, protocol:0
[   12.869613] firmadyne: sys_socket[PID: 114 (klogd)]: family:1, type:2, protocol:0

nvram_set: usb_info_dev11 = "A200396E0402FF83@1@14.4G@U@1@USB_Storage;U:;0;0@"
sem_get: Key: 410f00a6
sem_get: Key: [   12.880379] firmadyne: sys_socket[PID: 114 (klogd)]: family:1, type:1, protocol:0
[   12.881540] firmadyne: sys_socket[PID: 114 (klogd)]: family:1, type:2, protocol:0
[   12.884525] firmadyne: sys_socket[PID: 114 (klogd)]: family:1, type:1, protocol:0
[   12.885639] firmadyne: sys_socket[PID: 114 (klogd)]: family:1, type:2, protocol:0
410f00a6
nvram_set: usb_info_dev12 = "A200396E0402FF83@1@14.4G@U@1@USB_Storage;U:;0;0@"
[   12.892584] firmadyne: sys_socket[PID: 114 (klogd)]: family:1, type:1, protocol:0
[   12.893761] firmadyne: sys_socket[PID: 114 (klogd)]: family:1, type:2, protocol:0
sem_get: Key: 410f00a6
sem_get: Key: 410f00a6[   12.900433] firmadyne: sys_socket[PID: 114 (klogd)]: family:1, type:1, protocol:0
[   12.901599] firmadyne: sys_socket[PID: 114 (klogd)]: family:1, type:2, protocol:0

nvram_set: usb_info_dev13 = "A200396E0402FF83@1@14.4G@U@1@USB_Storage;U:;0;0@"
[   12.908084] firmadyne: sys_socket[PID: 114 (klogd)]: family:1, type:1, protocol:0
[   12.909256] firmadyne: sys_socket[PID: 114 (klogd)]: family:1, type:2, protocol:0
sem_get: Key: 410f00a6
sem_get: Key: 410f00a6
[   12.915921] firmadyne: sys_socket[PID: 114 (klogd)]: family:1, type:1, protocol:0
[   12.917570] firmadyne: sys_socket[PID: 114 (klogd)]: family:1, type:2, protocol:0
nvram_set: usb_info_dev14 = "A200396E0402FF83@1@14.4G@U@1@USB_Storage;U:;0;0@"
sem_get[   12.924324] firmadyne: sys_socket[PID: 114 (klogd)]: family:1, type:1, protocol:0
[   12.925543] firmadyne: sys_socket[PID: 114 (klogd)]: family:1, type:2, protocol:0
: Key: 410f00a6
sem_get: Key: 410f00a6
[   12.932020] firmadyne: sys_socket[PID: 114 (klogd)]: family:1, type:1, protocol:0
[   12.933202] firmadyne: sys_socket[PID: 114 (klogd)]: family:1, type:2, protocol:0
nvram_set: usb_info_dev15 = "A200396E0402FF83@1@14.4G@U@1@USB_Storage;U:;0;0@"
sem_get: Key: [   12.939936] firmadyne: sys_socket[PID: 114 (klogd)]: family:1, type:1, protocol:0
[   12.941140] firmadyne: sys_socket[PID: 114 (klogd)]: family:1, type:2, protocol:0
410f00a6
sem_get: Key: 410f00a6
[   12.947679] firmadyne: sys_socket[PID: 114 (klogd)]: family:1, type:1, protocol:0
[   12.948871] firmadyne: sys_socket[PID: 114 (klogd)]: family:1, type:2, protocol:0
nvram_set: usb_info_dev16 = "A200396E0402FF83@1@14.4G@U@1@USB_Storage;U:;0;0@"
sem_get: Key: 410f00a6[   12.955708] firmadyne: sys_socket[PID: 114 (klogd)]: family:1, type:1, protocol:0
[   12.956980] firmadyne: sys_socket[PID: 114 (klogd)]: family:1, type:2, protocol:0

sem_get: Key: 410f00a6
[   12.963462] firmadyne: sys_socket[PID: 114 (klogd)]: family:1, type:1, protocol:0
[   12.964647] firmadyne: sys_socket[PID: 114 (klogd)]: family:1, type:2, protocol:0
nvram_set: usb_info_dev17 = "A200396E0402FF83@1@14.4G@U@1@USB_Storage;U:;0;0@"
sem_get: Key: 410f00a6
[   12.971712] firmadyne: sys_socket[PID: 114 (klogd)]: family:1, type:1, protocol:0
[   12.973013] firmadyne: sys_socket[PID: 114 (klogd)]: family:1, type:2, protocol:0
sem_get: Key: 410f00a6
nvram_set: usb_info_dev18[   12.979894] firmadyne: sys_socket[PID: 114 (klogd)]: family:1, type:1, protocol:0
[   12.981071] firmadyne: sys_socket[PID: 114 (klogd)]: family:1, type:2, protocol:0
 = "A200396E0402FF83@1@14.4G@U@1@USB_Storage;U:;0;0@"
sem_get: Key: 410f00a6
[   12.987594] firmadyne: sys_socket[PID: 114 (klogd)]: family:1, type:1, protocol:0
[   12.989103] firmadyne: sys_socket[PID: 114 (klogd)]: family:1, type:2, protocol:0
sem_get: Key: 410f00a6
nvram_set: usb_info_dev19 = "A200396E0402FF83@1@14.4G@U@1@USB_Storage;U:;0;0@[   12.995983] firmadyne: sys_socket[PID: 114 (klogd)]: family:1, type:1, protocol:0
[   12.997169] firmadyne: sys_socket[PID: 114 (klogd)]: family:1, type:2, protocol:0
"
sem_get: Key: 410f00a6
sem_get: Key: 410f00a6[   13.003824] firmadyne: sys_socket[PID: 114 (klogd)]: family:1, type:1, protocol:0
[   13.005341] firmadyne: sys_socket[PID: 114 (klogd)]: family:1, type:2, protocol:0

nvram_set: usb_info_dev20 = "A200396E0402FF83@1@14.4G@U@1@USB_Storage;U:;0;0@"
[   13.012103] firmadyne: sys_socket[PID: 114 (klogd)]: family:1, type:1, protocol:0
[   13.013293] firmadyne: sys_socket[PID: 114 (klogd)]: family:1, type:2, protocol:0
sem_get: Key: 410f00a6
sem_get: Key: 410f00a6
[   13.020140] firmadyne: sys_socket[PID: 114 (klogd)]: family:1, type:1, protocol:0
[   13.021364] firmadyne: sys_socket[PID: 114 (klogd)]: family:1, type:2, protocol:0
nvram_set: usb_info_dev21 = "A200396E0402FF83@1@14.4G@U@1@USB_Storage;U:;0;0@"
sem_get[   13.028695] firmadyne: sys_socket[PID: 114 (klogd)]: family:1, type:1, protocol:0
[   13.030547] firmadyne: sys_socket[PID: 114 (klogd)]: family:1, type:2, protocol:0
: Key: 410f00a6
sem_get: Key: 410f00a6[   13.036635] firmadyne: sys_socket[PID: 114 (klogd)]: family:1, type:1, protocol:0
[   13.037751] firmadyne: sys_socket[PID: 114 (klogd)]: family:1, type:2, protocol:0

nvram_set: usb_info_dev22 = "A200396E0402FF83@1@14.4G@U@1@USB_Storage;U:;0;0@"
[   13.044829] firmadyne: sys_socket[PID: 114 (klogd)]: family:1, type:1, protocol:0
[   13.046309] firmadyne: sys_socket[PID: 114 (klogd)]: family:1, type:2, protocol:0
sem_get: Key: 410f00a6
sem_get: Key: [   13.052683] firmadyne: sys_socket[PID: 114 (klogd)]: family:1, type:1, protocol:0
[   13.053830] firmadyne: sys_socket[PID: 114 (klogd)]: family:1, type:2, protocol:0
410f00a6
nvram_set: usb_info_dev23 = "A200396E0402FF83@1@14.4G@U@1@USB_Storage;U:;0;0@[   13.060861] firmadyne: sys_socket[PID: 114 (klogd)]: family:1, type:1, protocol:0
[   13.062053] firmadyne: sys_socket[PID: 114 (klogd)]: family:1, type:2, protocol:0
"
sem_get: Key: 410f00a6
sem_get: Key: [   13.068838] firmadyne: sys_socket[PID: 114 (klogd)]: family:1, type:1, protocol:0
[   13.069984] firmadyne: sys_socket[PID: 114 (klogd)]: family:1, type:2, protocol:0
410f00a6
nvram_set: usb_info_dev24 = "A200396E0402FF83@1@14.4G@U@1@USB_Storage;U:;0;0@"
sem_get: Key: 410f00a6
[   13.080620] firmadyne: sys_socket[PID: 114 (klogd)]: family:1, type:1, protocol:0
[   13.081828] firmadyne: sys_socket[PID: 114 (klogd)]: family:1, type:2, protocol:0
sem_get: Key: 410f00a6
nvram_set: [   13.088574] firmadyne: sys_socket[PID: 114 (klogd)]: family:1, type:1, protocol:0
[   13.089698] firmadyne: sys_socket[PID: 114 (klogd)]: family:1, type:2, protocol:0
usb_info_dev25 = "A200396E0402FF83@1@14.4G@U@1@USB_Storage;U:;0;0@"
sem_get: Key: 410f00a6
[   13.096308] firmadyne: sys_socket[PID: 114 (klogd)]: family:1, type:1, protocol:0
[   13.097466] firmadyne: sys_socket[PID: 114 (klogd)]: family:1, type:2, protocol:0
sem_get: Key: 410f00a6
nvram_set: usb_info_dev26 = "[   13.104242] firmadyne: sys_socket[PID: 114 (klogd)]: family:1, type:1, protocol:0
[   13.105377] firmadyne: sys_socket[PID: 114 (klogd)]: family:1, type:2, protocol:0
A200396E0402FF83@1@14.4G@U@1@USB_Storage;U:;0;0@"
sem_get: Key: 410f00a6
sem_get[   13.112045] firmadyne: sys_socket[PID: 114 (klogd)]: family:1, type:1, protocol:0
[   13.113224] firmadyne: sys_socket[PID: 114 (klogd)]: family:1, type:2, protocol:0
: Key: 410f00a6
nvram_set: usb_info_dev27 = "A200396E0402FF83@1@14.4G@U@1@USB_Storage;U:;0;0@"
[   13.120097] firmadyne: sys_socket[PID: 114 (klogd)]: family:1, type:1, protocol:0
[   13.121295] firmadyne: sys_socket[PID: 114 (klogd)]: family:1, type:2, protocol:0
[   13.123995] firmadyne: sys_socket[PID: 114 (klogd)]: family:1, type:1, protocol:0
[   13.125126] firmadyne: sys_socket[PID: 114 (klogd)]: family:1, type:2, protocol:0
sem_get: Key: 410f00a6
sem_get: Key: 410f00a6
[   13.135493] firmadyne: sys_socket[PID: 114 (klogd)]: family:1, type:1, protocol:0
[   13.136796] firmadyne: sys_socket[PID: 114 (klogd)]: family:1, type:2, protocol:0
nvram_set: usb_info_dev28 = "A200396E0402FF83@1@14.4G@U@1@USB_Storage;U:;0;0@"
sem_get: Key: 410f00a6
sem_get: Key: 410f00a6
[   13.147506] firmadyne: sys_socket[PID: 114 (klogd)]: family:1, type:1, protocol:0
[   13.148760] firmadyne: sys_socket[PID: 114 (klogd)]: family:1, type:2, protocol:0
nvram_set: usb_info_dev29 = "A200396E0402FF83@1@14.4G@U@1@USB_Storage;U:;0;0@"
sem_get: Key: 410f00a6[   13.155086] cfg80211: Calling CRDA to update world regulatory domain
[   13.156576] firmadyne: sys_socket[PID: 114 (klogd)]: family:1, type:1, protocol:0
[   13.157759] firmadyne: sys_socket[PID: 114 (klogd)]: family:1, type:2, protocol:0
[   13.160159] firmadyne: sys_socket[PID: 114 (klogd)]: family:1, type:1, protocol:0
[   13.161262] firmadyne: sys_socket[PID: 114 (klogd)]: family:1, type:2, protocol:0

sem_get: Key: 410f00a6
[   13.167719] firmadyne: sys_socket[PID: 114 (klogd)]: family:1, type:1, protocol:0
[   13.168894] firmadyne: sys_socket[PID: 114 (klogd)]: family:1, type:2, protocol:0
nvram_set: usb_info_dev30 = "A200396E0402FF83@1@14.4G@U@1@USB_Storage;U:;0;0@"
sem_get: Key: 410f00a6
[   13.175423] firmadyne: sys_socket[PID: 114 (klogd)]: family:1, type:1, protocol:0
[   13.176562] firmadyne: sys_socket[PID: 114 (klogd)]: family:1, type:2, protocol:0
sem_get: Key: 410f00a6
nvram_set: [   13.183427] firmadyne: sys_socket[PID: 114 (klogd)]: family:1, type:1, protocol:0
[   13.184607] firmadyne: sys_socket[PID: 114 (klogd)]: family:1, type:2, protocol:0
usb_info_dev31 = "A200396E0402FF83@1@14.4G@U@1@USB_Storage;U:;0;0@"
sem_get: Key: 410f00a6
[   13.191224] firmadyne: sys_socket[PID: 114 (klogd)]: family:1, type:1, protocol:0
[   13.192389] firmadyne: sys_socket[PID: 114 (klogd)]: family:1, type:2, protocol:0
sem_get: Key: 410f00a6
nvram_set: usb_info_dev32 = "A200396E0402FF83@1@14.4G@U@1@USB_Storage;U:;0;0@"
sem_get: Key: 410f00a6
sem_get: Key: 410f00a6
nvram_set: usb_info_dev33 = "A200396E0402FF83@1@14.4G@U@1@USB_Storage;U:;0;0@"
[   13.215245] firmadyne: sys_socket[PID: 114 (klogd)]: family:1, type:1, protocol:0
[   13.216425] firmadyne: sys_socket[PID: 114 (klogd)]: family:1, type:2, protocol:0
[   13.218692] firmadyne: sys_socket[PID: 114 (klogd)]: family:1, type:1, protocol:0
sem_get: Key: 410f00a6
sem_get: Key: [   13.223672] firmadyne: sys_socket[PID: 114 (klogd)]: family:1, type:2, protocol:0
[   13.225896] firmadyne: sys_socket[PID: 114 (klogd)]: family:1, type:1, protocol:0
410f00a6
nvram_set: usb_info_dev34 = "A200396E0402FF83@1@14.4G@U@1@USB_Storage;U:;0;0@"
[   13.231387] firmadyne: sys_socket[PID: 114 (klogd)]: family:1, type:2, protocol:0
[   13.233707] firmadyne: sys_socket[PID: 114 (klogd)]: family:1, type:1, protocol:0
sem_get: Key: 410f00a6
sem_get: Key: 410f00a6
[   13.239318] firmadyne: sys_socket[PID: 114 (klogd)]: family:1, type:2, protocol:0
[   13.241598] firmadyne: sys_socket[PID: 114 (klogd)]: family:1, type:1, protocol:0
[   13.242715] firmadyne: sys_socket[PID: 114 (klogd)]: family:1, type:2, protocol:0
nvram_set: usb_info_dev35 = "A200396E0402FF83@1@14.4G@U@1@USB_Storage;U:;0;0@"
sem_get: Key: 410f00a6
sem_get: Key: 410f00a6[   13.252525] firmadyne: sys_socket[PID: 114 (klogd)]: family:1, type:1, protocol:0
[   13.253686] firmadyne: sys_socket[PID: 114 (klogd)]: family:1, type:2, protocol:0

nvram_set: usb_info_dev36 = "A200396E0402FF83@1@14.4G@U@1@USB_Storage;U:;0;0@"
sem_get[   13.260518] firmadyne: sys_socket[PID: 114 (klogd)]: family:1, type:1, protocol:0
[   13.261679] firmadyne: sys_socket[PID: 114 (klogd)]: family:1, type:2, protocol:0
[   13.264189] firmadyne: sys_socket[PID: 114 (klogd)]: family:1, type:1, protocol:0
[   13.265312] firmadyne: sys_socket[PID: 114 (klogd)]: family:1, type:2, protocol:0
: Key: 410f00a6
sem_get: Key: 410f00a6
nvram_set: usb_info_dev37 = "A200396E0402FF83@1@14.4G@U@1@USB_Storage;U:;0;0@"
sem_get: Key: 410f00a6
sem_get: Key: 410f00a6
[   13.279752] firmadyne: sys_socket[PID: 114 (klogd)]: family:1, type:1, protocol:0
[   13.281012] firmadyne: sys_socket[PID: 114 (klogd)]: family:1, type:2, protocol:0
[   13.283611] firmadyne: sys_socket[PID: 114 (klogd)]: family:1, type:1, protocol:0
[   13.284755] firmadyne: sys_socket[PID: 114 (klogd)]: family:1, type:2, protocol:0
nvram_set: usb_info_dev38 = "A200396E0402FF83@1@14.4G@U@1@USB_Storage;U:;0;0@"
sem_get: Key: 410f00a6[   13.291276] firmadyne: sys_socket[PID: 114 (klogd)]: family:1, type:1, protocol:0
[   13.292534] firmadyne: sys_socket[PID: 114 (klogd)]: family:1, type:2, protocol:0
[   13.294935] firmadyne: sys_socket[PID: 114 (klogd)]: family:1, type:1, protocol:0

sem_get: Key: 410f00a6
[   13.299388] firmadyne: sys_socket[PID: 114 (klogd)]: family:1, type:2, protocol:0
[   13.301625] firmadyne: sys_socket[PID: 114 (klogd)]: family:1, type:1, protocol:0
[   13.302916] firmadyne: sys_socket[PID: 114 (klogd)]: family:1, type:2, protocol:0
nvram_set: usb_info_dev39 = "A200396E0402FF83@1@14.4G@U@1@USB_Storage;U:;0;0@"
sem_get: Key: 410f00a6
sem_get: Key: 410f00a6
[   13.312756] firmadyne: sys_socket[PID: 114 (klogd)]: family:1, type:1, protocol:0
[   13.313916] firmadyne: sys_socket[PID: 114 (klogd)]: family:1, type:2, protocol:0
nvram_set: usb_info_dev40 = "A200396E0402FF83@1@14.4G@U@1@USB_Storage;U:;0;0@"
[   13.320294] firmadyne: sys_socket[PID: 114 (klogd)]: family:1, type:1, protocol:0
[   13.321468] firmadyne: sys_socket[PID: 114 (klogd)]: family:1, type:2, protocol:0
sem_get: Key: 410f00a6
sem_get: Key: 410f00a6
[   13.328225] firmadyne: sys_socket[PID: 114 (klogd)]: family:1, type:1, protocol:0
[   13.329397] firmadyne: sys_socket[PID: 114 (klogd)]: family:1, type:2, protocol:0
nvram_set: usb_info_dev41 = "A200396E0402FF83@1@14.4G@U@1@USB_Storage;U:;0;0@"
[   13.335774] firmadyne: sys_socket[PID: 114 (klogd)]: family:1, type:1, protocol:0
[   13.336989] firmadyne: sys_socket[PID: 114 (klogd)]: family:1, type:2, protocol:0
sem_get: Key: 410f00a6
sem_get: Key: 410f00a6
[   13.343547] firmadyne: sys_socket[PID: 114 (klogd)]: family:1, type:1, protocol:0
[   13.344743] firmadyne: sys_socket[PID: 114 (klogd)]: family:1, type:2, protocol:0
nvram_set: usb_info_dev42 = "A200396E0402FF83@1@14.4G@U@1@USB_Storage;U:;0;0@"
sem_get: Key: [   13.351353] firmadyne: sys_socket[PID: 114 (klogd)]: family:1, type:1, protocol:0
[   13.352599] firmadyne: sys_socket[PID: 114 (klogd)]: family:1, type:2, protocol:0
410f00a6
sem_get: Key: 410f00a6
[   13.359098] firmadyne: sys_socket[PID: 114 (klogd)]: family:1, type:1, protocol:0
[   13.360261] firmadyne: sys_socket[PID: 114 (klogd)]: family:1, type:2, protocol:0
[   13.362456] firmadyne: sys_socket[PID: 114 (klogd)]: family:1, type:1, protocol:0
nvram_set: usb_info_dev43 = "A200396E0402FF83@1@14.4G@U@1@USB_Storage;U:;0;0@"
sem_get[   13.367533] firmadyne: sys_socket[PID: 114 (klogd)]: family:1, type:2, protocol:0
[   13.369859] firmadyne: sys_socket[PID: 114 (klogd)]: family:1, type:1, protocol:0
: Key: 410f00a6
sem_get: Key: 410f00a6
[   13.375168] firmadyne: sys_socket[PID: 114 (klogd)]: family:1, type:2, protocol:0
[   13.377489] firmadyne: sys_socket[PID: 114 (klogd)]: family:1, type:1, protocol:0
[   13.378631] firmadyne: sys_socket[PID: 114 (klogd)]: family:1, type:2, protocol:0
nvram_set: usb_info_dev44 = "A200396E0402FF83@1@14.4G@U@1@USB_Storage;U:;0;0@"
[   13.384619] firmadyne: sys_socket[PID: 114 (klogd)]: family:1, type:1, protocol:0
[   13.385729] firmadyne: sys_socket[PID: 114 (klogd)]: family:1, type:2, protocol:0
sem_get: Key: 410f00a6
sem_get: Key: 410f00a6
[   13.392551] firmadyne: sys_socket[PID: 114 (klogd)]: family:1, type:1, protocol:0
[   13.393689] firmadyne: sys_socket[PID: 114 (klogd)]: family:1, type:2, protocol:0
nvram_set: usb_info_dev45 = "A200396E0402FF83@1@14.4G@U@1@USB_Storage;U:;0;0@"
sem_get[   13.400240] firmadyne: sys_socket[PID: 114 (klogd)]: family:1, type:1, protocol:0
[   13.401360] firmadyne: sys_socket[PID: 114 (klogd)]: family:1, type:2, protocol:0
: Key: 410f00a6
sem_get: Key: 410f00a6
[   13.407733] firmadyne: sys_socket[PID: 114 (klogd)]: family:1, type:1, protocol:0
[   13.408897] firmadyne: sys_socket[PID: 114 (klogd)]: family:1, type:2, protocol:0
nvram_set: usb_info_dev46 = "A200396E0402FF83@1@14.4G@U@1@USB_Storage;U:;0;0@"
sem_get: Key: 410f00a6[   13.415622] firmadyne: sys_socket[PID: 114 (klogd)]: family:1, type:1, protocol:0
[   13.416867] firmadyne: sys_socket[PID: 114 (klogd)]: family:1, type:2, protocol:0

sem_get: Key: 410f00a6
nvram_set[   13.423679] firmadyne: sys_socket[PID: 114 (klogd)]: family:1, type:1, protocol:0
[   13.424844] firmadyne: sys_socket[PID: 114 (klogd)]: family:1, type:2, protocol:0
: usb_info_dev47 = "A200396E0402FF83@1@14.4G@U@1@USB_Storage;U:;0;0@"
sem_get: Key: 410f00a6
[   13.431439] firmadyne: sys_socket[PID: 114 (klogd)]: family:1, type:1, protocol:0
[   13.432570] firmadyne: sys_socket[PID: 114 (klogd)]: family:1, type:2, protocol:0
sem_get: Key: 410f00a6
nvram_set: usb_info_dev48 = "[   13.439399] firmadyne: sys_socket[PID: 114 (klogd)]: family:1, type:1, protocol:0
[   13.440557] firmadyne: sys_socket[PID: 114 (klogd)]: family:1, type:2, protocol:0
A200396E0402FF83@1@14.4G@U@1@USB_Storage;U:;0;0@"
sem_get: Key: 410f00a6
sem_get[   13.447291] firmadyne: sys_socket[PID: 114 (klogd)]: family:1, type:1, protocol:0
[   13.448502] firmadyne: sys_socket[PID: 114 (klogd)]: family:1, type:2, protocol:0
[   13.450885] firmadyne: sys_socket[PID: 114 (klogd)]: family:1, type:1, protocol:0
: Key: 410f00a6
nvram_set: usb_info_dev49 = "[   13.455502] firmadyne: sys_socket[PID: 114 (klogd)]: family:1, type:2, protocol:0
[   13.457739] firmadyne: sys_socket[PID: 114 (klogd)]: family:1, type:1, protocol:0
A200396E0402FF83@1@14.4G@U@1@USB_Storage;U:;0;0@"
sem_get: Key: 410f00a6
sem_get[   13.463259] firmadyne: sys_socket[PID: 114 (klogd)]: family:1, type:2, protocol:0
[   13.465535] firmadyne: sys_socket[PID: 114 (klogd)]: family:1, type:1, protocol:0
[   13.466644] firmadyne: sys_socket[PID: 114 (klogd)]: family:1, type:2, protocol:0
: Key: 410f00a6
nvram_set: usb_info_dev50 = "A200396E0402FF83@1@14.4G@U@1@USB_Storage;U:;0;0@"
sem_get: Key: 410f00a6
sem_get: Key: 410f00a6
nvram_set: usb_info_dev51[   13.480826] firmadyne: sys_socket[PID: 114 (klogd)]: family:1, type:1, protocol:0
[   13.481971] firmadyne: sys_socket[PID: 114 (klogd)]: family:1, type:2, protocol:0
[   13.484671] firmadyne: sys_socket[PID: 114 (klogd)]: family:1, type:1, protocol:0
[   13.485801] firmadyne: sys_socket[PID: 114 (klogd)]: family:1, type:2, protocol:0
 = "A200396E0402FF83@1@14.4G@U@1@USB_Storage;U:;0;0@"
sem_get: Key: 410f00a6
[   13.492264] firmadyne: sys_socket[PID: 114 (klogd)]: family:1, type:1, protocol:0
[   13.493374] firmadyne: sys_socket[PID: 114 (klogd)]: family:1, type:2, protocol:0
sem_get: Key: 410f00a6
nvram_set: usb_info_dev52 = "[   13.499762] firmadyne: sys_socket[PID: 114 (klogd)]: family:1, type:1, protocol:0
[   13.501216] firmadyne: sys_socket[PID: 114 (klogd)]: family:1, type:2, protocol:0
A200396E0402FF83@1@14.4G@U@1@USB_Storage;U:;0;0@"
sem_get: Key: 410f00a6
sem_get[   13.507760] firmadyne: sys_socket[PID: 114 (klogd)]: family:1, type:1, protocol:0
[   13.508913] firmadyne: sys_socket[PID: 114 (klogd)]: family:1, type:2, protocol:0
: Key: 410f00a6
nvram_set: usb_info_dev53 = "A200396E0402FF83@1@14.4G@U@1@USB_Storage;U:;0;0@"
[   13.515783] firmadyne: sys_socket[PID: 114 (klogd)]: family:1, type:1, protocol:0
[   13.516963] firmadyne: sys_socket[PID: 114 (klogd)]: family:1, type:2, protocol:0
sem_get: Key: 410f00a6
sem_get: Key: 410f00a6
[   13.523571] firmadyne: sys_socket[PID: 114 (klogd)]: family:1, type:1, protocol:0
[   13.524749] firmadyne: sys_socket[PID: 114 (klogd)]: family:1, type:2, protocol:0
nvram_set: usb_info_dev54 = "A200396E0402FF83@1@14.4G@U@1@USB_Storage;U:;0;0@"
sem_get: Key: [   13.531444] firmadyne: sys_socket[PID: 114 (klogd)]: family:1, type:1, protocol:0
[   13.532589] firmadyne: sys_socket[PID: 114 (klogd)]: family:1, type:2, protocol:0
410f00a6
sem_get: Key: 410f00a6
[   13.539163] firmadyne: sys_socket[PID: 114 (klogd)]: family:1, type:1, protocol:0
[   13.540373] firmadyne: sys_socket[PID: 114 (klogd)]: family:1, type:2, protocol:0
[   13.542616] firmadyne: sys_socket[PID: 114 (klogd)]: family:1, type:1, protocol:0
nvram_set: usb_info_dev55 = "A200396E0402FF83@1@14.4G@U@1@USB_Storage;U:;0;0@"
sem_get: Key: [   13.547561] firmadyne: sys_socket[PID: 114 (klogd)]: family:1, type:2, protocol:0
[   13.549878] firmadyne: sys_socket[PID: 114 (klogd)]: family:1, type:1, protocol:0
410f00a6
sem_get: Key: 410f00a6
[   13.555151] firmadyne: sys_socket[PID: 114 (klogd)]: family:1, type:2, protocol:0
nvram_set: usb_info_dev56 = "A200396E0402FF83@1@14.4G@U@1@USB_Storage;U:;0;0@"
sem_get: Key: 410f00a6
sem_get: Key: 410f00a6
nvram_set: usb_info_dev57 = "A200396E0402FF83@1@14.4G@U@1@USB_Storage;U:;0;0@[   13.575240] firmadyne: sys_socket[PID: 114 (klogd)]: family:1, type:1, protocol:0
[   13.576459] firmadyne: sys_socket[PID: 114 (klogd)]: family:1, type:2, protocol:0
[   13.578718] firmadyne: sys_socket[PID: 114 (klogd)]: family:1, type:1, protocol:0
"
sem_get: Key: 410f00a6
sem_get: Key: 410f00a6
nvram_set: usb_info_dev58 = "A200396E0402FF83@1@14.4G@U@1@USB_Storage;U:;0;0@[   13.587757] firmadyne: sys_socket[PID: 114 (klogd)]: family:1, type:2, protocol:0
[   13.589990] firmadyne: sys_socket[PID: 114 (klogd)]: family:1, type:1, protocol:0
[   13.593093] firmadyne: sys_socket[PID: 114 (klogd)]: family:1, type:2, protocol:0
[   13.595519] firmadyne: sys_socket[PID: 114 (klogd)]: family:1, type:1, protocol:0
[   13.596658] firmadyne: sys_socket[PID: 114 (klogd)]: family:1, type:2, protocol:0
"
sem_get: Key: 410f00a6
sem_get: Key: 410f00a6
nvram_set: usb_info_dev59 = "A200396E0402FF83@1@14.4G@U@1@USB_Storage;U:;0;0@"
sem_get[   13.607328] firmadyne: sys_socket[PID: 114 (klogd)]: family:1, type:1, protocol:0
[   13.608492] firmadyne: sys_socket[PID: 114 (klogd)]: family:1, type:2, protocol:0
[   13.610736] firmadyne: sys_socket[PID: 114 (klogd)]: family:1, type:1, protocol:0
: Key: 410f00a6
sem_get: Key: 410f00a6[   13.616800] firmadyne: sys_socket[PID: 114 (klogd)]: family:1, type:2, protocol:0
[   13.619331] firmadyne: sys_socket[PID: 114 (klogd)]: family:1, type:1, protocol:0
[   13.620448] firmadyne: sys_socket[PID: 114 (klogd)]: family:1, type:2, protocol:0
[   13.622679] firmadyne: sys_socket[PID: 114 (klogd)]: family:1, type:1, protocol:0

nvram_set: usb_info_dev60 = "A200396E0402FF83@1@14.4G@U@1@USB_Storage;U:;0;0@"
sem_get: Key: 410f00a6
sem_get: Key: [   13.631575] firmadyne: sys_socket[PID: 114 (klogd)]: family:1, type:2, protocol:0
[   13.633884] firmadyne: sys_socket[PID: 114 (klogd)]: family:1, type:1, protocol:0
410f00a6
nvram_set: usb_info_dev61 = "A200396E0402FF83@1@14.4G@U@1@USB_Storage;U:;0;0@"
[   13.639426] firmadyne: sys_socket[PID: 114 (klogd)]: family:1, type:2, protocol:0
[   13.641662] firmadyne: sys_socket[PID: 114 (klogd)]: family:1, type:1, protocol:0
sem_get: Key: 410f00a6
sem_get: Key: 410f00a6
[   13.647352] firmadyne: sys_socket[PID: 114 (klogd)]: family:1, type:2, protocol:0
[   13.649671] firmadyne: sys_socket[PID: 114 (klogd)]: family:1, type:1, protocol:0
nvram_set: usb_info_dev62 = "A200396E0402FF83@1@14.4G@U@1@USB_Storage;U:;0;0@"
sem_get[   13.655177] firmadyne: sys_socket[PID: 114 (klogd)]: family:1, type:2, protocol:0
[   13.657490] firmadyne: sys_socket[PID: 114 (klogd)]: family:1, type:1, protocol:0
[   13.658626] firmadyne: sys_socket[PID: 114 (klogd)]: family:1, type:2, protocol:0
: Key: 410f00a6
sem_get: Key: 410f00a6
[   13.664960] firmadyne: sys_socket[PID: 114 (klogd)]: family:1, type:1, protocol:0
[   13.666073] firmadyne: sys_socket[PID: 114 (klogd)]: family:1, type:2, protocol:0
nvram_set: usb_info_dev63 = "A200396E0402FF83@1@14.4G@U@1@USB_Storage;U:;0;0@"
sem_get[   13.673713] firmadyne: sys_socket[PID: 114 (klogd)]: family:1, type:1, protocol:0
[   13.675020] firmadyne: sys_socket[PID: 114 (klogd)]: family:1, type:2, protocol:0
[   13.677200] firmadyne: sys_socket[PID: 114 (klogd)]: family:1, type:1, protocol:0
[   13.678321] firmadyne: sys_socket[PID: 114 (klogd)]: family:1, type:2, protocol:0
: Key: 410f00a6
sem_get: Key: 410f00a6
nvram_set: usb_info_dev64 = "A200396E0402FF83@1@14.4G@U@1@USB_Storage;U:;0;0@"
sem_get[   13.688463] firmadyne: sys_socket[PID: 114 (klogd)]: family:1, type:1, protocol:0
[   13.689574] firmadyne: sys_socket[PID: 114 (klogd)]: family:1, type:2, protocol:0
: Key: 410f00a6
sem_get: Key: 410f00a6
[   13.696083] firmadyne: sys_socket[PID: 114 (klogd)]: family:1, type:1, protocol:0
[   13.697239] firmadyne: sys_socket[PID: 114 (klogd)]: family:1, type:2, protocol:0
nvram_set: usb_info_dev65 = "A200396E0402FF83@1@14.4G@U@1@USB_Storage;U:;0;0@"
sem_get: Key: 410f00a6
[   13.703963] firmadyne: sys_socket[PID: 114 (klogd)]: family:1, type:1, protocol:0
[   13.705147] firmadyne: sys_socket[PID: 114 (klogd)]: family:1, type:2, protocol:0
sem_get: Key: 410f00a6
[   13.711608] firmadyne: sys_socket[PID: 114 (klogd)]: family:1, type:1, protocol:0
[   13.712760] firmadyne: sys_socket[PID: 114 (klogd)]: family:1, type:2, protocol:0
nvram_set: usb_info_dev66 = "A200396E0402FF83@1@14.4G@U@1@USB_Storage;U:;0;0@"
sem_get: Key: 410f00a6
sem_get: Key: 410f00a6
nvram_set: [   13.723367] firmadyne: sys_socket[PID: 114 (klogd)]: family:1, type:1, protocol:0
[   13.724517] firmadyne: sys_socket[PID: 114 (klogd)]: family:1, type:2, protocol:0
[   13.727044] firmadyne: sys_socket[PID: 114 (klogd)]: family:1, type:1, protocol:0
[   13.728162] firmadyne: sys_socket[PID: 114 (klogd)]: family:1, type:2, protocol:0
[   13.730328] firmadyne: sys_socket[PID: 114 (klogd)]: family:1, type:1, protocol:0
usb_info_dev67 = "A200396E0402FF83@1@14.4G@U@1@USB_Storage;U:;0;0@"
sem_get: Key: 410f00a6
sem_get: Key: 410f00a6
nvram_set: usb_info_dev68[   13.740612] firmadyne: sys_socket[PID: 114 (klogd)]: family:1, type:2, protocol:0
[   13.743103] firmadyne: sys_socket[PID: 114 (klogd)]: family:1, type:1, protocol:0
[   13.744224] firmadyne: sys_socket[PID: 114 (klogd)]: family:1, type:2, protocol:0
[   13.746401] firmadyne: sys_socket[PID: 114 (klogd)]: family:1, type:1, protocol:0
 = "A200396E0402FF83@1@14.4G@U@1@USB_Storage;U:;0;0@"
sem_get: Key: 410f00a6
sem_get: Key: 410f00a6
nvram_set: usb_info_dev69[   13.755416] firmadyne: sys_socket[PID: 114 (klogd)]: family:1, type:2, protocol:0
[   13.757728] firmadyne: sys_socket[PID: 114 (klogd)]: family:1, type:1, protocol:0
 = "A200396E0402FF83@1@14.4G@U@1@USB_Storage;U:;0;0@"
sem_get: Key: 410f00a6
sem_get[   13.763473] firmadyne: sys_socket[PID: 114 (klogd)]: family:1, type:2, protocol:0
[   13.765745] firmadyne: sys_socket[PID: 114 (klogd)]: family:1, type:1, protocol:0
: Key: 410f00a6
nvram_set: usb_info_dev70 = "A200396E0402FF83@1@14.4G@U@1@USB_Storage;U:;0;0@"
[   13.771432] firmadyne: sys_socket[PID: 114 (klogd)]: family:1, type:2, protocol:0
[   13.773738] firmadyne: sys_socket[PID: 114 (klogd)]: family:1, type:1, protocol:0
[   13.775178] firmadyne: sys_socket[PID: 114 (klogd)]: family:1, type:2, protocol:0
[   13.777384] firmadyne: sys_socket[PID: 114 (klogd)]: family:1, type:1, protocol:0
[   13.778494] firmadyne: sys_socket[PID: 114 (klogd)]: family:1, type:2, protocol:0
sem_get: Key: 410f00a6
sem_get: Key: 410f00a6
nvram_set: usb_info_dev71 = "A200396E0402FF83@1@14.4G@U@1@USB_Storage;U:;0;0@"
[   13.788500] firmadyne: sys_socket[PID: 114 (klogd)]: family:1, type:1, protocol:0
[   13.789617] firmadyne: sys_socket[PID: 114 (klogd)]: family:1, type:2, protocol:0
sem_get: Key: 410f00a6
sem_get: Key: 410f00a6
[   13.796260] firmadyne: sys_socket[PID: 114 (klogd)]: family:1, type:1, protocol:0
[   13.797413] firmadyne: sys_socket[PID: 114 (klogd)]: family:1, type:2, protocol:0
nvram_set: usb_info_dev72 = "A200396E0402FF83@1@14.4G@U@1@USB_Storage;U:;0;0@"
sem_get[   13.803876] firmadyne: sys_socket[PID: 114 (klogd)]: family:1, type:1, protocol:0
[   13.805006] firmadyne: sys_socket[PID: 114 (klogd)]: family:1, type:2, protocol:0
: Key: 410f00a6
sem_get: Key: 410f00a6
[   13.811499] firmadyne: sys_socket[PID: 114 (klogd)]: family:1, type:1, protocol:0
[   13.812680] firmadyne: sys_socket[PID: 114 (klogd)]: family:1, type:2, protocol:0
nvram_set: usb_info_dev73 = "A200396E0402FF83@1@14.4G@U@1@USB_Storage;U:;0;0@"
sem_get: Key: 410f00a6
[   13.820014] firmadyne: sys_socket[PID: 114 (klogd)]: family:1, type:1, protocol:0
[   13.821180] firmadyne: sys_socket[PID: 114 (klogd)]: family:1, type:2, protocol:0
[   13.823626] firmadyne: sys_socket[PID: 114 (klogd)]: family:1, type:1, protocol:0
[   13.824723] firmadyne: sys_socket[PID: 114 (klogd)]: family:1, type:2, protocol:0
sem_get: Key: 410f00a6
nvram_set[   13.831301] firmadyne: sys_socket[PID: 114 (klogd)]: family:1, type:1, protocol:0
[   13.832489] firmadyne: sys_socket[PID: 114 (klogd)]: family:1, type:2, protocol:0
[   13.834948] firmadyne: sys_socket[PID: 114 (klogd)]: family:1, type:1, protocol:0
: usb_info_dev74 = "A200396E0402FF83@1@14.4G@U@1@USB_Storage;U:;0;0@"
sem_get: Key: 410f00a6
sem_get: Key: 410f00a6
[   13.843341] firmadyne: sys_socket[PID: 114 (klogd)]: family:1, type:2, protocol:0
[   13.845556] firmadyne: sys_socket[PID: 114 (klogd)]: family:1, type:1, protocol:0
[   13.846678] firmadyne: sys_socket[PID: 114 (klogd)]: family:1, type:2, protocol:0
nvram_set: usb_info_dev75 = "A200396E0402FF83@1@14.4G@U@1@USB_Storage;U:;0;0@"
sem_get[   13.852760] firmadyne: sys_socket[PID: 114 (klogd)]: family:1, type:1, protocol:0
[   13.853863] firmadyne: sys_socket[PID: 114 (klogd)]: family:1, type:2, protocol:0
: Key: 410f00a6
sem_get: Key: 410f00a6
[   13.860266] firmadyne: sys_socket[PID: 114 (klogd)]: family:1, type:1, protocol:0
[   13.861375] firmadyne: sys_socket[PID: 114 (klogd)]: family:1, type:2, protocol:0
nvram_set: usb_info_dev76 = "A200396E0402FF83@1@14.4G@U@1@USB_Storage;U:;0;0@"
sem_get: Key: [   13.867890] firmadyne: sys_socket[PID: 114 (klogd)]: family:1, type:1, protocol:0
[   13.869032] firmadyne: sys_socket[PID: 114 (klogd)]: family:1, type:2, protocol:0
410f00a6
sem_get: Key: 410f00a6
nvram_set: usb_info_dev77 = "A200396E0402FF83@1@14.4G@U@1@USB_Storage;U:;0;0@"
sem_get: Key: [   13.879866] firmadyne: sys_socket[PID: 114 (klogd)]: family:1, type:1, protocol:0
[   13.881028] firmadyne: sys_socket[PID: 114 (klogd)]: family:1, type:2, protocol:0
410f00a6
sem_get: Key: 410f00a6
[   13.887534] firmadyne: sys_socket[PID: 114 (klogd)]: family:1, type:1, protocol:0
[   13.888723] firmadyne: sys_socket[PID: 114 (klogd)]: family:1, type:2, protocol:0
nvram_set: usb_info_dev78 = "A200396E0402FF83@1@14.4G@U@1@USB_Storage;U:;0;0@"
sem_get: Key: 410f00a6[   13.895169] firmadyne: sys_socket[PID: 114 (klogd)]: family:1, type:1, protocol:0
[   13.896359] firmadyne: sys_socket[PID: 114 (klogd)]: family:1, type:2, protocol:0
[   13.898652] firmadyne: sys_socket[PID: 114 (klogd)]: family:1, type:1, protocol:0

sem_get: Key: 410f00a6
[   13.903323] firmadyne: sys_socket[PID: 114 (klogd)]: family:1, type:2, protocol:0
[   13.905576] firmadyne: sys_socket[PID: 114 (klogd)]: family:1, type:1, protocol:0
[   13.906709] firmadyne: sys_socket[PID: 114 (klogd)]: family:1, type:2, protocol:0
nvram_set: usb_info_dev79 = "A200396E0402FF83@1@14.4G@U@1@USB_Storage;U:;0;0@"
[   13.912503] firmadyne: sys_socket[PID: 114 (klogd)]: family:1, type:1, protocol:0
[   13.913640] firmadyne: sys_socket[PID: 114 (klogd)]: family:1, type:2, protocol:0
sem_get: Key: 410f00a6
sem_get: Key: 410f00a6
nvram_set: usb_info_dev80 = "A200396E0402FF83@1@14.4G@U@1@USB_Storage;U:;0;0@"
sem_get: Key: 410f00a6
sem_get: Key: 410f00a6
nvram_set: usb_info_dev81 = "A200396E0402FF83@1@14.4G@U@1@USB_Storage;U:;0;0@"
[   13.939151] firmadyne: sys_socket[PID: 114 (klogd)]: family:1, type:1, protocol:0
[   13.940348] firmadyne: sys_socket[PID: 114 (klogd)]: family:1, type:2, protocol:0
[   13.942571] firmadyne: sys_socket[PID: 114 (klogd)]: family:1, type:1, protocol:0
sem_get: Key: 410f00a6
sem_get: Key: 410f00a6[   13.947628] firmadyne: sys_socket[PID: 114 (klogd)]: family:1, type:2, protocol:0
[   13.949869] firmadyne: sys_socket[PID: 114 (klogd)]: family:1, type:1, protocol:0

nvram_set: usb_info_dev82 = "A200396E0402FF83@1@14.4G@U@1@USB_Storage;U:;0;0@"
[   13.955193] firmadyne: sys_socket[PID: 114 (klogd)]: family:1, type:2, protocol:0
[   13.957510] firmadyne: sys_socket[PID: 114 (klogd)]: family:1, type:1, protocol:0
[   13.958709] firmadyne: sys_socket[PID: 114 (klogd)]: family:1, type:2, protocol:0
sem_get: Key: 410f00a6
sem_get: Key: 410f00a6
nvram_set: usb_info_dev83 = "A200396E0402FF83@1@14.4G@U@1@USB_Storage;U:;0;0@"
[   13.968481] firmadyne: sys_socket[PID: 114 (klogd)]: family:1, type:1, protocol:0
[   13.969660] firmadyne: sys_socket[PID: 114 (klogd)]: family:1, type:2, protocol:0
sem_get: Key: 410f00a6
sem_get: Key: 410f00a6
[   13.976146] firmadyne: sys_socket[PID: 114 (klogd)]: family:1, type:1, protocol:0
[   13.977278] firmadyne: sys_socket[PID: 114 (klogd)]: family:1, type:2, protocol:0
nvram_set: usb_info_dev84 = "A200396E0402FF83@1@14.4G@U@1@USB_Storage;U:;0;0@"
sem_get: Key: [   13.983986] firmadyne: sys_socket[PID: 114 (klogd)]: family:1, type:1, protocol:0
[   13.985202] firmadyne: sys_socket[PID: 114 (klogd)]: family:1, type:2, protocol:0
410f00a6
sem_get: Key: 410f00a6
[   13.991704] firmadyne: sys_socket[PID: 114 (klogd)]: family:1, type:1, protocol:0
[   13.992842] firmadyne: sys_socket[PID: 114 (klogd)]: family:1, type:2, protocol:0
nvram_set: usb_info_dev85 = "A200396E0402FF83@1@14.4G@U@1@USB_Storage;U:;0;0@"
sem_get: Key: 410f00a6
[   13.999399] firmadyne: sys_socket[PID: 114 (klogd)]: family:1, type:1, protocol:0
[   14.000571] firmadyne: sys_socket[PID: 114 (klogd)]: family:1, type:2, protocol:0
sem_get: Key: 410f00a6
nvram_set[   14.007238] firmadyne: sys_socket[PID: 114 (klogd)]: family:1, type:1, protocol:0
[   14.008387] firmadyne: sys_socket[PID: 114 (klogd)]: family:1, type:2, protocol:0
[   14.010650] firmadyne: sys_socket[PID: 114 (klogd)]: family:1, type:1, protocol:0
: usb_info_dev86 = "A200396E0402FF83@1@14.4G@U@1@USB_Storage;U:;0;0@"
sem_get: Key: 410f00a6
[   14.015593] firmadyne: sys_socket[PID: 114 (klogd)]: family:1, type:2, protocol:0
[   14.017911] firmadyne: sys_socket[PID: 114 (klogd)]: family:1, type:1, protocol:0
sem_get: Key: 410f00a6
nvram_set[   14.023645] firmadyne: sys_socket[PID: 114 (klogd)]: family:1, type:2, protocol:0
[   14.025903] firmadyne: sys_socket[PID: 114 (klogd)]: family:1, type:1, protocol:0
: usb_info_dev87 = "A200396E0402FF83@1@14.4G@U@1@USB_Storage;U:;0;0@"
sem_get: Key: 410f00a6
[   14.031465] firmadyne: sys_socket[PID: 114 (klogd)]: family:1, type:2, protocol:0
[   14.033730] firmadyne: sys_socket[PID: 114 (klogd)]: family:1, type:1, protocol:0
sem_get: Key: 410f00a6
nvram_set: usb_info_dev88[   14.039436] firmadyne: sys_socket[PID: 114 (klogd)]: family:1, type:2, protocol:0
[   14.041740] firmadyne: sys_socket[PID: 114 (klogd)]: family:1, type:1, protocol:0
 = "A200396E0402FF83@1@14.4G@U@1@USB_Storage;U:;0;0@"
sem_get: Key: 410f00a6
[   14.047071] firmadyne: sys_socket[PID: 114 (klogd)]: family:1, type:2, protocol:0
[   14.049330] firmadyne: sys_socket[PID: 114 (klogd)]: family:1, type:1, protocol:0
[   14.050435] firmadyne: sys_socket[PID: 114 (klogd)]: family:1, type:2, protocol:0
sem_get: Key: 410f00a6
nvram_set: usb_info_dev89[   14.056687] firmadyne: sys_socket[PID: 114 (klogd)]: family:1, type:1, protocol:0
[   14.057809] firmadyne: sys_socket[PID: 114 (klogd)]: family:1, type:2, protocol:0
 = "A200396E0402FF83@1@14.4G@U@1@USB_Storage;U:;0;0@"
sem_get: Key: 410f00a6
[   14.064281] firmadyne: sys_socket[PID: 114 (klogd)]: family:1, type:1, protocol:0
[   14.065454] firmadyne: sys_socket[PID: 114 (klogd)]: family:1, type:2, protocol:0
sem_get: Key: 410f00a6
nvram_set: usb_info_dev90 = "A200396E0402FF83@1@14.4G@U@1@USB_Storage;U:;0;0@[   14.073425] firmadyne: sys_socket[PID: 114 (klogd)]: family:1, type:1, protocol:0
[   14.074572] firmadyne: sys_socket[PID: 114 (klogd)]: family:1, type:2, protocol:0
[   14.076964] firmadyne: sys_socket[PID: 114 (klogd)]: family:1, type:1, protocol:0
[   14.078050] firmadyne: sys_socket[PID: 114 (klogd)]: family:1, type:2, protocol:0
"
sem_get: Key: 410f00a6
sem_get: Key: 410f00a6
nvram_set: usb_info_dev91 = "A200396E0402FF83@1@14.4G@U@1@USB_Storage;U:;0;0@"
[   14.088553] firmadyne: sys_socket[PID: 114 (klogd)]: family:1, type:1, protocol:0
[   14.089686] firmadyne: sys_socket[PID: 114 (klogd)]: family:1, type:2, protocol:0
sem_get: Key: 410f00a6
sem_get: Key: 410f00a6
[   14.096298] firmadyne: sys_socket[PID: 114 (klogd)]: family:1, type:1, protocol:0
[   14.097449] firmadyne: sys_socket[PID: 114 (klogd)]: family:1, type:2, protocol:0
nvram_set: usb_info_dev92 = "A200396E0402FF83@1@14.4G@U@1@USB_Storage;U:;0;0@"
sem_get[   14.104042] firmadyne: sys_socket[PID: 114 (klogd)]: family:1, type:1, protocol:0
[   14.105213] firmadyne: sys_socket[PID: 114 (klogd)]: family:1, type:2, protocol:0
: Key: 410f00a6
sem_get: Key: 410f00a6
[   14.111704] firmadyne: sys_socket[PID: 114 (klogd)]: family:1, type:1, protocol:0
[   14.112853] firmadyne: sys_socket[PID: 114 (klogd)]: family:1, type:2, protocol:0
nvram_set: usb_info_dev93 = "A200396E0402FF83@1@14.4G@U@1@USB_Storage;U:;0;0@"
sem_get: Key: 410f00a6
[   14.119608] firmadyne: sys_socket[PID: 114 (klogd)]: family:1, type:1, protocol:0
[   14.120940] firmadyne: sys_socket[PID: 114 (klogd)]: family:1, type:2, protocol:0
sem_get: Key: 410f00a6
nvram_set[   14.127629] firmadyne: sys_socket[PID: 114 (klogd)]: family:1, type:1, protocol:0
[   14.128788] firmadyne: sys_socket[PID: 114 (klogd)]: family:1, type:2, protocol:0
: usb_info_dev94 = "A200396E0402FF83@1@14.4G@U@1@USB_Storage;U:;0;0@"
sem_get: Key: 410f00a6
[   14.135520] firmadyne: sys_socket[PID: 114 (klogd)]: family:1, type:1, protocol:0
[   14.136823] firmadyne: sys_socket[PID: 114 (klogd)]: family:1, type:2, protocol:0
sem_get: Key: 410f00a6
nvram_set: [   14.143968] firmadyne: sys_socket[PID: 114 (klogd)]: family:1, type:1, protocol:0
[   14.145253] firmadyne: sys_socket[PID: 114 (klogd)]: family:1, type:2, protocol:0
usb_info_dev95 = "A200396E0402FF83@1@14.4G@U@1@USB_Storage;U:;0;0@"
sem_get: Key: [   14.154232] firmadyne: sys_socket[PID: 114 (klogd)]: family:1, type:1, protocol:0
410f00a6
sem_get: Key: 410f00a6
[   14.164318] firmadyne: sys_socket[PID: 114 (klogd)]: family:1, type:2, protocol:0
[   14.169683] firmadyne: sys_socket[PID: 114 (klogd)]: family:1, type:1, protocol:0
nvram_set[   14.176310] firmadyne: sys_socket[PID: 114 (klogd)]: family:1, type:2, protocol:0
: usb_info_dev96 = "A200396E0402FF83@1@14.4G@U@1@USB_Storage;U:;0;0@"
[   14.185803] firmadyne: sys_socket[PID: 114 (klogd)]: family:1, type:1, protocol:0
sem_get: Key: 410f00a6
sem_get: Key: [   14.196557] firmadyne: sys_socket[PID: 114 (klogd)]: family:1, type:2, protocol:0
[   14.201998] firmadyne: sys_socket[PID: 114 (klogd)]: family:1, type:1, protocol:0
410f00a6
nvram_set: usb_info_dev97[   14.212894] firmadyne: sys_socket[PID: 114 (klogd)]: family:1, type:2, protocol:0
 = "A200396E0402FF83@1@14.4G@U@1@USB_Storage;U:;0;0@"
sem_get: Key: [   14.221046] firmadyne: sys_socket[PID: 114 (klogd)]: family:1, type:1, protocol:0
[   14.222706] firmadyne: sys_socket[PID: 114 (klogd)]: family:1, type:2, protocol:0
410f00a6
sem_get: Key: 410f00a6
nvram_set: [   14.233201] firmadyne: sys_socket[PID: 114 (klogd)]: family:1, type:1, protocol:0
[   14.234644] firmadyne: sys_socket[PID: 114 (klogd)]: family:1, type:2, protocol:0
usb_info_dev98 = "A200396E0402FF83@1@14.4G@U@1@USB_Storage;U:;0;0@"
sem_get: Key: 410f00a6
sem_get: Key: [   14.246493] firmadyne: sys_socket[PID: 114 (klogd)]: family:1, type:1, protocol:0
[   14.250260] firmadyne: sys_socket[PID: 114 (klogd)]: family:1, type:2, protocol:0
410f00a6
nvram_set: usb_info_dev99[   14.263756] firmadyne: sys_socket[PID: 114 (klogd)]: family:1, type:1, protocol:0
[   14.265270] firmadyne: sys_socket[PID: 114 (klogd)]: family:1, type:2, protocol:0
 = "A200396E0402FF83@1@14.4G@U@1@USB_Storage;U:;0;0@"
sem_get: Key: 410f00a6
[   14.273588] firmadyne: sys_socket[PID: 114 (klogd)]: family:1, type:1, protocol:0
[   14.275284] firmadyne: sys_socket[PID: 114 (klogd)]: family:1, type:2, protocol:0
[   14.277821] firmadyne: sys_socket[PID: 114 (klogd)]: family:1, type:1, protocol:0
sem_get: Key: 410f00a6
nvram_set: usb_info_dev100 = "A200396E0402FF83@1@14.4G@U@1@USB_Storage;U:;0;0@"
sem_get: Key: 410f00a6
[   14.287461] firmadyne: sys_socket[PID: 114 (klogd)]: family:1, type:2, protocol:0
[   14.289998] firmadyne: sys_socket[PID: 114 (klogd)]: family:1, type:1, protocol:0
sem_get: Key: 410f00a6
[   14.295406] firmadyne: sys_socket[PID: 114 (klogd)]: family:1, type:2, protocol:0
[   14.297927] firmadyne: sys_socket[PID: 114 (klogd)]: family:1, type:1, protocol:0
nvram_set: wla_ap_isolate_1 = ""
sem_get: Key: 410f00a6
[   14.303654] firmadyne: sys_socket[PID: 114 (klogd)]: family:1, type:2, protocol:0
[   14.306123] firmadyne: sys_socket[PID: 114 (klogd)]: family:1, type:1, protocol:0
sem_get: Key: 410f00a6
[   14.311478] firmadyne: sys_socket[PID: 114 (klogd)]: family:1, type:2, protocol:0
[   14.314007] firmadyne: sys_socket[PID: 114 (klogd)]: family:1, type:1, protocol:0
nvram_set: wla_ap_isolate_2 = ""
sem_get: Key: 410f00a6
[   14.319449] firmadyne: sys_socket[PID: 114 (klogd)]: family:1, type:2, protocol:0
[   14.321853] firmadyne: sys_socket[PID: 114 (klogd)]: family:1, type:1, protocol:0
sem_get: Key: 410f00a6
nvram_set[   14.327477] firmadyne: sys_socket[PID: 114 (klogd)]: family:1, type:2, protocol:0
[   14.329795] firmadyne: sys_socket[PID: 114 (klogd)]: family:1, type:1, protocol:0
: wla_ap_isolate_3 = ""
sem_get: Key: 410f00a6
[   14.335279] firmadyne: sys_socket[PID: 114 (klogd)]: family:1, type:2, protocol:0
[   14.337734] firmadyne: sys_socket[PID: 114 (klogd)]: family:1, type:1, protocol:0
sem_get: Key: 410f00a6
nvram_set: wla_ap_isolate_4 = "[   14.343293] firmadyne: sys_socket[PID: 114 (klogd)]: family:1, type:2, protocol:0
[   14.345738] firmadyne: sys_socket[PID: 114 (klogd)]: family:1, type:1, protocol:0
"
sem_get: Key: 410f00a6
sem_get: Key: 410f00a6[   14.351426] firmadyne: sys_socket[PID: 114 (klogd)]: family:1, type:2, protocol:0

nvram_set: wlg_ap_isolate_1 = ""
sem_get: Key: 410f00a6
sem_get: Key: 410f00a6
nvram_set: wlg_ap_isolate_2 = ""
sem_get: Key: 410f00a6
sem_get: Key: [   14.375535] firmadyne: sys_socket[PID: 114 (klogd)]: family:1, type:1, protocol:0
[   14.376753] firmadyne: sys_socket[PID: 114 (klogd)]: family:1, type:2, protocol:0
410f00a6
nvram_set: wlg_ap_isolate_3 = ""
sem_get[   14.383600] firmadyne: sys_socket[PID: 114 (klogd)]: family:1, type:1, protocol:0
[   14.384795] firmadyne: sys_socket[PID: 114 (klogd)]: family:1, type:2, protocol:0
: Key: 410f00a6
sem_get: Key: 410f00a6
[   14.391407] firmadyne: sys_socket[PID: 114 (klogd)]: family:1, type:1, protocol:0
[   14.392632] firmadyne: sys_socket[PID: 114 (klogd)]: family:1, type:2, protocol:0
nvram_set: wlg_ap_isolate_4 = ""
sem_get: Key: 410f00a6[   14.399327] firmadyne: sys_socket[PID: 114 (klogd)]: family:1, type:1, protocol:0
[   14.400482] firmadyne: sys_socket[PID: 114 (klogd)]: family:1, type:2, protocol:0
[   14.402736] firmadyne: sys_socket[PID: 114 (klogd)]: family:1, type:1, protocol:0

sem_get: Key: 410f00a6
[   14.407371] firmadyne: sys_socket[PID: 114 (klogd)]: family:1, type:2, protocol:0
[   14.409664] firmadyne: sys_socket[PID: 114 (klogd)]: family:1, type:1, protocol:0
nvram_set: wlg_allow_access_1 = ""
sem_get: Key: 410f00a6
[   14.415240] firmadyne: sys_socket[PID: 114 (klogd)]: family:1, type:2, protocol:0
[   14.417638] firmadyne: sys_socket[PID: 114 (klogd)]: family:1, type:1, protocol:0
sem_get: Key: 410f00a6
nvram_set: [   14.423332] firmadyne: sys_socket[PID: 114 (klogd)]: family:1, type:2, protocol:0
[   14.425650] firmadyne: sys_socket[PID: 114 (klogd)]: family:1, type:1, protocol:0
wlg_allow_access_2 = ""
sem_get: Key: 410f00a6
sem_get[   14.431114] firmadyne: sys_socket[PID: 114 (klogd)]: family:1, type:2, protocol:0
[   14.433452] firmadyne: sys_socket[PID: 114 (klogd)]: family:1, type:1, protocol:0
[   14.434566] firmadyne: sys_socket[PID: 114 (klogd)]: family:1, type:2, protocol:0
: Key: 410f00a6
nvram_set: wlg_allow_access_3[   14.440601] firmadyne: sys_socket[PID: 114 (klogd)]: family:1, type:1, protocol:0
[   14.441744] firmadyne: sys_socket[PID: 114 (klogd)]: family:1, type:2, protocol:0
 = ""
sem_get: Key: 410f00a6
sem_get: Key: [   14.448476] firmadyne: sys_socket[PID: 114 (klogd)]: family:1, type:1, protocol:0
[   14.449686] firmadyne: sys_socket[PID: 114 (klogd)]: family:1, type:2, protocol:0
410f00a6
nvram_set: wlg_allow_access_4 = ""
[   14.456223] firmadyne: sys_socket[PID: 114 (klogd)]: family:1, type:1, protocol:0
[   14.457400] firmadyne: sys_socket[PID: 114 (klogd)]: family:1, type:2, protocol:0
sem_get: Key: 410f00a6
sem_get: Key: 410f00a6
[   14.464043] firmadyne: sys_socket[PID: 114 (klogd)]: family:1, type:1, protocol:0
[   14.465205] firmadyne: sys_socket[PID: 114 (klogd)]: family:1, type:2, protocol:0
nvram_set: 0:macaddr = "01:23:45:67:89:ab"
sem_get: Key: [   14.472989] firmadyne: sys_socket[PID: 114 (klogd)]: family:1, type:1, protocol:0
[   14.474191] firmadyne: sys_socket[PID: 114 (klogd)]: family:1, type:2, protocol:0
[   14.476768] firmadyne: sys_socket[PID: 114 (klogd)]: family:1, type:1, protocol:0
[   14.477930] firmadyne: sys_socket[PID: 114 (klogd)]: family:1, type:2, protocol:0
410f00a6
sem_get: Key: 410f00a6
nvram_set: 1:macaddr = "01:23:45:67:89:ab"
sem_get: Key: 410f00a6[   14.488676] firmadyne: sys_socket[PID: 114 (klogd)]: family:1, type:1, protocol:0
[   14.489798] firmadyne: sys_socket[PID: 114 (klogd)]: family:1, type:2, protocol:0

sem_get: Key: 410f00a6
[   14.496215] firmadyne: sys_socket[PID: 114 (klogd)]: family:1, type:1, protocol:0
[   14.497380] firmadyne: sys_socket[PID: 114 (klogd)]: family:1, type:2, protocol:0
nvram_set: 2:macaddr = "01:23:45:67:89:ab"
sem_get: Key: 410f00a6
[   14.504021] firmadyne: sys_socket[PID: 114 (klogd)]: family:1, type:1, protocol:0
[   14.505224] firmadyne: sys_socket[PID: 114 (klogd)]: family:1, type:2, protocol:0
sem_get: Key: 410f00a6
nvram_set: lan1_ifnames[   14.512043] firmadyne: sys_socket[PID: 114 (klogd)]: family:1, type:1, protocol:0
[   14.513231] firmadyne: sys_socket[PID: 114 (klogd)]: family:1, type:2, protocol:0
 = ""
sem_get: Key: 410f00a6
sem_get: Key: [   14.519786] firmadyne: sys_socket[PID: 114 (klogd)]: family:1, type:1, protocol:0
[   14.520970] firmadyne: sys_socket[PID: 114 (klogd)]: family:1, type:2, protocol:0
410f00a6
nvram_set: lan2_ifnames = ""
[   14.527496] firmadyne: sys_socket[PID: 114 (klogd)]: family:1, type:1, protocol:0
[   14.528716] firmadyne: sys_socket[PID: 114 (klogd)]: family:1, type:2, protocol:0
sem_get: Key: 410f00a6
sem_get: Key: 410f00a6
[   14.535266] firmadyne: sys_socket[PID: 114 (klogd)]: family:1, type:1, protocol:0
[   14.536418] firmadyne: sys_socket[PID: 114 (klogd)]: family:1, type:2, protocol:0
nvram_set: lan3_ifnames = ""
sem_get: Key: 410f00a6
[   14.543071] firmadyne: sys_socket[PID: 114 (klogd)]: family:1, type:1, protocol:0
[   14.544234] firmadyne: sys_socket[PID: 114 (klogd)]: family:1, type:2, protocol:0
[   14.546487] firmadyne: sys_socket[PID: 114 (klogd)]: family:1, type:1, protocol:0
sem_get: Key: 410f00a6
[   14.551326] firmadyne: sys_socket[PID: 114 (klogd)]: family:1, type:2, protocol:0
[   14.553561] firmadyne: sys_socket[PID: 114 (klogd)]: family:1, type:1, protocol:0
[   14.554686] firmadyne: sys_socket[PID: 114 (klogd)]: family:1, type:2, protocol:0
nvram_set: lan4_ifnames = ""
sem_get: Key: 410f00a6
sem_get: Key: 410f00a6
nvram_set: [   14.564714] firmadyne: sys_socket[PID: 114 (klogd)]: family:1, type:1, protocol:0
[   14.565875] firmadyne: sys_socket[PID: 114 (klogd)]: family:1, type:2, protocol:0
lan5_ifnames = ""
sem_get: Key: 410f00a6
sem_get[   14.572362] firmadyne: sys_socket[PID: 114 (klogd)]: family:1, type:1, protocol:0
[   14.573478] firmadyne: sys_socket[PID: 114 (klogd)]: family:1, type:2, protocol:0
: Key: 410f00a6
nvram_set: lan6_ifnames = ""
[   14.579883] firmadyne: sys_socket[PID: 114 (klogd)]: family:1, type:1, protocol:0
[   14.581042] firmadyne: sys_socket[PID: 114 (klogd)]: family:1, type:2, protocol:0
sem_get: Key: 410f00a6
sem_get: Key: 410f00a6
[   14.587587] firmadyne: sys_socket[PID: 114 (klogd)]: family:1, type:1, protocol:0
[   14.588785] firmadyne: sys_socket[PID: 114 (klogd)]: family:1, type:2, protocol:0
nvram_set: lan7_ifnames = ""
sem_get: Key: 410f00a6
[   14.595282] firmadyne: sys_socket[PID: 114 (klogd)]: family:1, type:1, protocol:0
[   14.596469] firmadyne: sys_socket[PID: 114 (klogd)]: family:1, type:2, protocol:0
[   14.598677] firmadyne: sys_socket[PID: 114 (klogd)]: family:1, type:1, protocol:0
sem_get: Key: 410f00a6
[   14.603348] firmadyne: sys_socket[PID: 114 (klogd)]: family:1, type:2, protocol:0
[   14.605731] firmadyne: sys_socket[PID: 114 (klogd)]: family:1, type:1, protocol:0
nvram_set: lan8_ifnames = ""
sem_get: Key: 410f00a6
[   14.611135] firmadyne: sys_socket[PID: 114 (klogd)]: family:1, type:2, protocol:0
[   14.613463] firmadyne: sys_socket[PID: 114 (klogd)]: family:1, type:1, protocol:0
[   14.614564] firmadyne: sys_socket[PID: 114 (klogd)]: family:1, type:2, protocol:0
sem_get: Key: 410f00a6
nvram_set: lan9_ifnames = ""
sem_get: Key: 410f00a6
sem_get[   14.624590] firmadyne: sys_socket[PID: 114 (klogd)]: family:1, type:1, protocol:0
[   14.625709] firmadyne: sys_socket[PID: 114 (klogd)]: family:1, type:2, protocol:0
: Key: 410f00a6
nvram_set_default: Loading built-in default values = 1!
nvram_set_default[   14.632264] firmadyne: sys_socket[PID: 114 (klogd)]: family:1, type:1, protocol:0
[   14.633387] firmadyne: sys_socket[PID: 114 (klogd)]: family:1, type:2, protocol:0
: Checking for symbol "router_defaults"...
nvram_set_default: Checking for symbol "Nvrams"...
[   14.639990] firmadyne: sys_socket[PID: 114 (klogd)]: family:1, type:1, protocol:0
[   14.641132] firmadyne: sys_socket[PID: 114 (klogd)]: family:1, type:2, protocol:0
[   14.645715] firmadyne: sys_socket[PID: 114 (klogd)]: family:1, type:1, protocol:0
[   14.647046] firmadyne: sys_socket[PID: 114 (klogd)]: family:1, type:2, protocol:0
[   14.649284] firmadyne: sys_socket[PID: 114 (klogd)]: family:1, type:1, protocol:0
[   14.650379] firmadyne: sys_socket[PID: 114 (klogd)]: family:1, type:2, protocol:0
nvram_set: time_zone = "GMT+8[   14.660623] firmadyne: sys_socket[PID: 114 (klogd)]: family:1, type:1, protocol:0
[   14.661772] firmadyne: sys_socket[PID: 114 (klogd)]: family:1, type:2, protocol:0
"
sem_get: Key: 410f00a6
sem_get[   14.668614] firmadyne: sys_socket[PID: 114 (klogd)]: family:1, type:1, protocol:0
[   14.669731] firmadyne: sys_socket[PID: 114 (klogd)]: family:1, type:2, protocol:0
: Key: 410f00a6
nvram_set: time_daylight = ""
sem_get: Key: 410f00a6[   14.680487] firmadyne: sys_socket[PID: 114 (klogd)]: family:1, type:1, protocol:0
[   14.681616] firmadyne: sys_socket[PID: 114 (klogd)]: family:1, type:2, protocol:0
[   14.684318] firmadyne: sys_socket[PID: 114 (klogd)]: family:1, type:1, protocol:0
[   14.685426] firmadyne: sys_socket[PID: 114 (klogd)]: family:1, type:2, protocol:0

sem_get: Key: 410f00a6
[   14.691759] firmadyne: sys_socket[PID: 114 (klogd)]: family:1, type:1, protocol:0
[   14.692967] firmadyne: sys_socket[PID: 114 (klogd)]: family:1, type:2, protocol:0
nvram_set: restore_default = "0"
[   14.699730] firmadyne: sys_socket[PID: 114 (klogd)]: family:1, type:1, protocol:0
[   14.700925] firmadyne: sys_socket[PID: 114 (klogd)]: family:1, type:2, protocol:0
sem_get: Key: 410f00a6
sem_get: Key: 410f00a6
[   14.707619] firmadyne: sys_socket[PID: 114 (klogd)]: family:1, type:1, protocol:0
[   14.708775] firmadyne: sys_socket[PID: 114 (klogd)]: family:1, type:2, protocol:0
nvram_set[   14.716080] firmadyne: sys_socket[PID: 114 (klogd)]: family:1, type:1, protocol:0
[   14.717232] firmadyne: sys_socket[PID: 114 (klogd)]: family:1, type:2, protocol:0
: wiz_language = "English"
sem_get: Key: 410f00a6
sem_get: Key: 410f00a6
nvram_set: wiz_country = "US"
sem_get: Key: 410f00a6[   14.739348] firmadyne: sys_socket[PID: 114 (klogd)]: family:1, type:1, protocol:0
[   14.740511] firmadyne: sys_socket[PID: 114 (klogd)]: family:1, type:2, protocol:0
[   14.742729] firmadyne: sys_socket[PID: 114 (klogd)]: family:1, type:1, protocol:0

sem_get: Key: 410f00a6
[   14.747336] firmadyne: sys_socket[PID: 114 (klogd)]: family:1, type:2, protocol:0
[   14.749566] firmadyne: sys_socket[PID: 114 (klogd)]: family:1, type:1, protocol:0
[   14.750887] firmadyne: sys_socket[PID: 114 (klogd)]: family:1, type:2, protocol:0
nvram_set: [   14.756649] firmadyne: sys_socket[PID: 114 (klogd)]: family:1, type:1, protocol:0
[   14.757762] firmadyne: sys_socket[PID: 114 (klogd)]: family:1, type:2, protocol:0
fix_ipaddr = ""
sem_get: Key: 410f00a6
sem_get: Key: [   14.764565] firmadyne: sys_socket[PID: 114 (klogd)]: family:1, type:1, protocol:0
[   14.765728] firmadyne: sys_socket[PID: 114 (klogd)]: family:1, type:2, protocol:0
410f00a6
nvram_set[   14.772381] firmadyne: sys_socket[PID: 114 (klogd)]: family:1, type:1, protocol:0
[   14.773520] firmadyne: sys_socket[PID: 114 (klogd)]: family:1, type:2, protocol:0
: fix_netmask = ""
sem_get: Key: 410f00a6
sem_get[   14.780467] firmadyne: sys_socket[PID: 114 (klogd)]: family:1, type:1, protocol:0
[   14.781615] firmadyne: sys_socket[PID: 114 (klogd)]: family:1, type:2, protocol:0
: Key: 410f00a6
[   14.788080] firmadyne: sys_socket[PID: 114 (klogd)]: family:1, type:1, protocol:0
[   14.789302] firmadyne: sys_socket[PID: 114 (klogd)]: family:1, type:2, protocol:0
nvram_set: fix_gateway = ""
sem_get: Key: 410f00a6
[   14.795726] firmadyne: sys_socket[PID: 114 (klogd)]: family:1, type:1, protocol:0
[   14.796871] firmadyne: sys_socket[PID: 114 (klogd)]: family:1, type:2, protocol:0
sem_get: Key: 410f00a6
[   14.803307] firmadyne: sys_socket[PID: 114 (klogd)]: family:1, type:1, protocol:0
[   14.804498] firmadyne: sys_socket[PID: 114 (klogd)]: family:1, type:2, protocol:0
nvram_set: wan_ifname = "ppp0"
sem_get: Key: 410f00a6[   14.811227] firmadyne: sys_socket[PID: 114 (klogd)]: family:1, type:1, protocol:0
[   14.812371] firmadyne: sys_socket[PID: 114 (klogd)]: family:1, type:2, protocol:0
[   14.814598] firmadyne: sys_socket[PID: 114 (klogd)]: family:1, type:1, protocol:0

sem_get: Key: 410f00a6
nvram_set: wan_mode = "[   14.823603] firmadyne: sys_socket[PID: 114 (klogd)]: family:1, type:2, protocol:0
[   14.825933] firmadyne: sys_socket[PID: 114 (klogd)]: family:1, type:1, protocol:0
[   14.827427] firmadyne: sys_socket[PID: 114 (klogd)]: family:1, type:2, protocol:0
[   14.829640] firmadyne: sys_socket[PID: 114 (klogd)]: family:1, type:1, protocol:0
[   14.830913] firmadyne: sys_socket[PID: 114 (klogd)]: family:1, type:2, protocol:0
pppoe"
sem_get: Key: 410f00a6
sem_get: Key: 410f00a6
[   14.840574] firmadyne: sys_socket[PID: 114 (klogd)]: family:1, type:1, protocol:0
[   14.841717] firmadyne: sys_socket[PID: 114 (klogd)]: family:1, type:2, protocol:0
nvram_set: wan_iptype = "Dynamic"
[   14.848291] firmadyne: sys_socket[PID: 114 (klogd)]: family:1, type:1, protocol:0
[   14.849474] firmadyne: sys_socket[PID: 114 (klogd)]: family:1, type:2, protocol:0
sem_get: Key: 410f00a6
sem_get: Key: 410f00a6
[   14.856216] firmadyne: sys_socket[PID: 114 (klogd)]: family:1, type:1, protocol:0
[   14.857383] firmadyne: sys_socket[PID: 114 (klogd)]: family:1, type:2, protocol:0
nvram_set: wan_ipaddr[   14.863886] firmadyne: sys_socket[PID: 114 (klogd)]: family:1, type:1, protocol:0
[   14.865067] firmadyne: sys_socket[PID: 114 (klogd)]: family:1, type:2, protocol:0
 = ""
sem_get: Key: 410f00a6
sem_get: Key: [   14.872626] firmadyne: sys_socket[PID: 114 (klogd)]: family:1, type:1, protocol:0
[   14.873812] firmadyne: sys_socket[PID: 114 (klogd)]: family:1, type:2, protocol:0
[   14.876257] firmadyne: sys_socket[PID: 114 (klogd)]: family:1, type:1, protocol:0
[   14.877358] firmadyne: sys_socket[PID: 114 (klogd)]: family:1, type:2, protocol:0
410f00a6
nvram_set: wan_netmask = ""
sem_get: Key: 410f00a6
[   14.887742] firmadyne: sys_socket[PID: 114 (klogd)]: family:1, type:1, protocol:0
