[    0.000000] Linux version 4.1.17+ (alessio@pc) (gcc version 5.5.0 20171010 (Ubuntu 5.5.0-12ubuntu1) ) #1 Mon May 15 23:04:08 CEST 2023
[    0.000000] earlycon: Early serial console at I/O port 0x3f8 (options '38400n8')
[    0.000000] bootconsole [uart0] enabled
[    0.000000] CPU0 revision is: 00019300 (MIPS 24Kc)
[    0.000000] FPU revision is: 00739300
[    0.000000] Software DMA cache coherency enabled
[    0.000000] Determined physical RAM map:
[    0.000000]  memory: 00001000 @ 00000000 (reserved)
[    0.000000]  memory: 000ef000 @ 00001000 (ROM data)
[    0.000000]  memory: 00798000 @ 000f0000 (reserved)
[    0.000000]  memory: 0f777000 @ 00888000 (usable)
[    0.000000] debug: ignoring loglevel setting.
[    0.000000] Wasting 69888 bytes for tracking 2184 unused pages
[    0.000000] Initrd not found or empty - disabling initrd
[    0.000000] Zone ranges:
[    0.000000]   DMA      [mem 0x0000000000000000-0x0000000000ffffff]
[    0.000000]   Normal   [mem 0x0000000001000000-0x000000000fffefff]
[    0.000000] Movable zone start for each node
[    0.000000] Early memory node ranges
[    0.000000]   node   0: [mem 0x0000000000000000-0x000000000fffefff]
[    0.000000] Initmem setup node 0 [mem 0x0000000000000000-0x000000000fffefff]
[    0.000000] On node 0 totalpages: 65535
[    0.000000] free_area_init_node: node 0, pgdat 8081d5b0, node_mem_map 81000000
[    0.000000]   DMA zone: 32 pages used for memmap
[    0.000000]   DMA zone: 0 pages reserved
[    0.000000]   DMA zone: 4096 pages, LIFO batch:0
[    0.000000]   Normal zone: 480 pages used for memmap
[    0.000000]   Normal zone: 61439 pages, LIFO batch:15
[    0.000000] Primary instruction cache 2kB, VIPT, 2-way, linesize 16 bytes.
[    0.000000] Primary data cache 2kB, 2-way, VIPT, no aliases, linesize 16 bytes
[    0.000000] pcpu-alloc: s0 r0 d32768 u32768 alloc=1*32768
[    0.000000] pcpu-alloc: [0] 0 
[    0.000000] Built 1 zonelists in Zone order, mobility grouping on.  Total pages: 65023
[    0.000000] Kernel command line: root=/dev/sda1 console=ttyS0 nandsim.parts=64,64,64,64,64,64,64,64,64,64 rdinit=/firmadyne/preInit.sh rw debug ignore_loglevel print-fatal-signals=1 FIRMAE_NET=true FIRMAE_NVRAM=true FIRMAE_KERNEL=true FIRMAE_ETC=true user_debug=0 firmadyne.syscall=1 noka
[    0.000000] found FIRMAE_KERNEL=t
[    0.000000] set the LD_PRELOAD=/firmadyne/libnvram_ioctl.so
[    0.000000] PID hash table entries: 1024 (order: 0, 4096 bytes)
[    0.000000] Dentry cache hash table entries: 32768 (order: 5, 131072 bytes)
[    0.000000] Inode-cache hash table entries: 16384 (order: 4, 65536 bytes)
[    0.000000] Writing ErrCtl register=00000000
[    0.000000] Readback ErrCtl register=00000000
[    0.000000] Memory: 251112K/262140K available (5360K kernel code, 244K rwdata, 1676K rodata, 260K init, 158K bss, 11028K reserved, 0K cma-reserved)
[    0.000000] NR_IRQS:256
[    0.000000] CPU frequency 200.01 MHz
[    0.000000] clocksource MIPS: mask: 0xffffffff max_cycles: 0xffffffff, max_idle_ns: 19112028811 ns
[    0.000211] sched_clock: 32 bits at 100MHz, resolution 9ns, wraps every 21474189307ns
[    0.016327] Console: colour dummy device 80x25
[    0.017477] Calibrating delay loop... 23.36 BogoMIPS (lpj=46720)
[    0.065122] pid_max: default: 32768 minimum: 301
[    0.069739] Mount-cache hash table entries: 1024 (order: 0, 4096 bytes)
[    0.070294] Mountpoint-cache hash table entries: 1024 (order: 0, 4096 bytes)
[    0.139670] clocksource jiffies: mask: 0xffffffff max_cycles: 0xffffffff, max_idle_ns: 7645041785100000 ns
[    0.151220] NET: Registered protocol family 16
[    0.451476] clocksource pit: mask: 0xffffffff max_cycles: 0xffffffff, max_idle_ns: 1601818034827 ns
[    0.617803] vgaarb: loaded
[    0.623903] SCSI subsystem initialized
[    0.626601] libata version 3.00 loaded.
[    0.631350] usbcore: registered new interface driver usbfs
[    0.632855] usbcore: registered new interface driver hub
[    0.634177] usbcore: registered new device driver usb
[    0.637011] pps_core: LinuxPPS API ver. 1 registered
[    0.637434] pps_core: Software ver. 5.3.6 - Copyright 2005-2007 Rodolfo Giometti <giometti@linux.it>
[    0.638602] PTP clock support registered
[    0.643726] PCI host bridge to bus 0000:00
[    0.644515] pci_bus 0000:00: root bus resource [mem 0x10000000-0x17ffffff]
[    0.645176] pci_bus 0000:00: root bus resource [io  0x1000-0x1fffff]
[    0.645810] pci_bus 0000:00: root bus resource [??? 0x00000000 flags 0x0]
[    0.646584] pci_bus 0000:00: No busn resource found for root bus, will use [bus 00-ff]
[    0.647965] pci 0000:00:00.0: [11ab:4620] type 00 class 0x060000
[    0.648944] pci 0000:00:00.0: [Firmware Bug]: reg 0x14: invalid BAR (can't size)
[    0.649568] pci 0000:00:00.0: [Firmware Bug]: reg 0x18: invalid BAR (can't size)
[    0.650190] pci 0000:00:00.0: [Firmware Bug]: reg 0x1c: invalid BAR (can't size)
[    0.651003] pci 0000:00:00.0: [Firmware Bug]: reg 0x20: invalid BAR (can't size)
[    0.651637] pci 0000:00:00.0: [Firmware Bug]: reg 0x24: invalid BAR (can't size)
[    0.656013] pci 0000:00:0a.0: [8086:7110] type 00 class 0x060100
[    0.659849] pci 0000:00:0a.1: [8086:7111] type 00 class 0x010180
[    0.660687] pci 0000:00:0a.1: reg 0x20: [io  0x0000-0x000f]
[    0.661326] pci 0000:00:0a.1: legacy IDE quirk: reg 0x10: [io  0x01f0-0x01f7]
[    0.661938] pci 0000:00:0a.1: legacy IDE quirk: reg 0x14: [io  0x03f6]
[    0.662541] pci 0000:00:0a.1: legacy IDE quirk: reg 0x18: [io  0x0170-0x0177]
[    0.663186] pci 0000:00:0a.1: legacy IDE quirk: reg 0x1c: [io  0x0376]
[    0.666758] pci 0000:00:0a.2: [8086:7112] type 00 class 0x0c0300
[    0.667643] pci 0000:00:0a.2: reg 0x20: [io  0x0000-0x001f]
[    0.671040] pci 0000:00:0a.3: [8086:7113] type 00 class 0x068000
[    0.672694] pci 0000:00:0a.3: quirk: [io  0x1000-0x103f] claimed by PIIX4 ACPI
[    0.673381] pci 0000:00:0a.3: quirk: [io  0x1100-0x110f] claimed by PIIX4 SMB
[    0.676982] pci 0000:00:12.0: [1013:00b8] type 00 class 0x030000
[    0.677651] pci 0000:00:12.0: reg 0x10: [mem 0x00000000-0x01ffffff pref]
[    0.678286] pci 0000:00:12.0: reg 0x14: [mem 0x00000000-0x00000fff]
[    0.678995] pci 0000:00:12.0: reg 0x30: [mem 0x00000000-0x0000ffff pref]
[    0.682043] vgaarb: device added: PCI:0000:00:12.0,decodes=io+mem,owns=none,locks=none
[    0.683398] pci 0000:00:13.0: [8086:100e] type 00 class 0x020000
[    0.684223] pci 0000:00:13.0: reg 0x10: [mem 0x00000000-0x0001ffff]
[    0.684828] pci 0000:00:13.0: reg 0x14: [io  0x0000-0x003f]
[    0.685495] pci 0000:00:13.0: reg 0x30: [mem 0x00000000-0x0003ffff pref]
[    0.688946] pci 0000:00:14.0: [8086:100e] type 00 class 0x020000
[    0.689594] pci 0000:00:14.0: reg 0x10: [mem 0x00000000-0x0001ffff]
[    0.690197] pci 0000:00:14.0: reg 0x14: [io  0x0000-0x003f]
[    0.690859] pci 0000:00:14.0: reg 0x30: [mem 0x00000000-0x0003ffff pref]
[    0.694470] pci 0000:00:15.0: [8086:100e] type 00 class 0x020000
[    0.695124] pci 0000:00:15.0: reg 0x10: [mem 0x00000000-0x0001ffff]
[    0.695722] pci 0000:00:15.0: reg 0x14: [io  0x0000-0x003f]
[    0.696440] pci 0000:00:15.0: reg 0x30: [mem 0x00000000-0x0003ffff pref]
[    0.699896] pci 0000:00:16.0: [8086:100e] type 00 class 0x020000
[    0.700549] pci 0000:00:16.0: reg 0x10: [mem 0x00000000-0x0001ffff]
[    0.701372] pci 0000:00:16.0: reg 0x14: [io  0x0000-0x003f]
[    0.702054] pci 0000:00:16.0: reg 0x30: [mem 0x00000000-0x0003ffff pref]
[    0.705725] pci_bus 0000:00: busn_res: [bus 00-ff] end is updated to 00
[    0.707351] pci 0000:00:12.0: BAR 0: assigned [mem 0x10000000-0x11ffffff pref]
[    0.708164] pci 0000:00:13.0: BAR 6: assigned [mem 0x12000000-0x1203ffff pref]
[    0.708891] pci 0000:00:14.0: BAR 6: assigned [mem 0x12040000-0x1207ffff pref]
[    0.709750] pci 0000:00:15.0: BAR 6: assigned [mem 0x12080000-0x120bffff pref]
[    0.710453] pci 0000:00:16.0: BAR 6: assigned [mem 0x120c0000-0x120fffff pref]
[    0.711128] pci 0000:00:13.0: BAR 0: assigned [mem 0x12100000-0x1211ffff]
[    0.711794] pci 0000:00:14.0: BAR 0: assigned [mem 0x12120000-0x1213ffff]
[    0.712480] pci 0000:00:15.0: BAR 0: assigned [mem 0x12140000-0x1215ffff]
[    0.713161] pci 0000:00:16.0: BAR 0: assigned [mem 0x12160000-0x1217ffff]
[    0.714025] pci 0000:00:12.0: BAR 6: assigned [mem 0x12180000-0x1218ffff pref]
[    0.714716] pci 0000:00:12.0: BAR 1: assigned [mem 0x12190000-0x12190fff]
[    0.715397] pci 0000:00:13.0: BAR 1: assigned [io  0x1040-0x107f]
[    0.716015] pci 0000:00:14.0: BAR 1: assigned [io  0x1080-0x10bf]
[    0.716628] pci 0000:00:15.0: BAR 1: assigned [io  0x10c0-0x10ff]
[    0.717261] pci 0000:00:16.0: BAR 1: assigned [io  0x1400-0x143f]
[    0.718034] pci 0000:00:0a.2: BAR 4: assigned [io  0x1440-0x145f]
[    0.718668] pci 0000:00:0a.1: BAR 4: assigned [io  0x1460-0x146f]
[    0.737880] cfg80211: Calling CRDA to update world regulatory domain
[    0.753152] Switched to clocksource MIPS
[    0.880461] NET: Registered protocol family 2
[    0.894592] TCP established hash table entries: 2048 (order: 1, 8192 bytes)
[    0.896195] TCP bind hash table entries: 2048 (order: 1, 8192 bytes)
[    0.897672] TCP: Hash tables configured (established 2048 bind 2048)
[    0.898961] UDP hash table entries: 256 (order: 0, 4096 bytes)
[    0.899783] UDP-Lite hash table entries: 256 (order: 0, 4096 bytes)
[    0.904531] NET: Registered protocol family 1
[    0.906810] PCI: Enabling device 0000:00:0a.2 (0000 -> 0001)
[    0.908800] PCI: CLS 0 bytes, default 16
[    0.945671] futex hash table entries: 256 (order: -1, 3072 bytes)
[    0.964411] squashfs: version 4.0 (2009/01/31) Phillip Lougher
[    0.967395] jffs2: version 2.2. (NAND) Â© 2001-2006 Red Hat, Inc.
[    0.971291] romfs: ROMFS MTD (C) 2007 Red Hat, Inc.
[    0.998357] Block layer SCSI generic (bsg) driver version 0.4 loaded (major 251)
[    0.999086] io scheduler noop registered
[    0.999873] io scheduler cfq registered (default)
[    1.000990] firmadyne: devfs: 1, execute: 1, procfs: 1, syscall: 1
[    1.007492] firmadyne: Cannot register character device: gpio, 0xfc, 0x0!
[    1.017080] firmadyne: Cannot register character device: watchdog, 0xa, 0x82!
[    1.017818] firmadyne: Cannot register character device: wdt, 0xfd, 0x0!
[    2.939525] strName = 4.1.17+
[    2.939525] init_task_addr  = 2155778944
[    2.939525] init_task_size  = 1296
[    2.939525] ts_tasks        = 292
[    2.939525] ts_pid          = 408
[    2.939525] ts_tgid         = 412
[    2.939525] ts_group_leader = 440
[    2.939525] ts_thread_group = 496
[    2.939525] ts_real_parent  = 416
[    2.939525] ts_mm           = 300
[    2.939525] ts_stack        = 4
[    2.942497] module_name   = 12
[    2.942497] module_size   = 208
[    2.942497] module_init   = 200
[    2.942497] module_list   = 4
[    2.943526] ts_real_cred    = 624
[    2.943526] ts_cred         = 628
[    2.943526] ts_comm         = 632
[    2.943526] cred_uid        = 4
[    2.943526] cred_gid        = 8
[    2.943526] cred_euid       = 20
[    2.943526] cred_egid       = 24
[    2.945475] mm_mmap         = 0
[    2.945475] mm_pgd          = 32
[    2.945475] mm_arg_start    = 136
[    2.945475] mm_start_brk    = 124
[    2.945475] mm_brk          = 128
[    2.945475] mm_start_stack  = 132
[    2.947103] vma_vm_start    = 0
[    2.947103] vma_vm_end      = 4
[    2.947103] vma_vm_next     = 8
[    2.947103] vma_vm_file     = 80
[    2.947103] vma_vm_flags    = 40
[    2.947103] vma_vm_pgoff    = 76
[    2.948704] file_dentry     = 12
[    2.948704] file_inode      = 40
[    2.948704] dentry_d_name   = 24
[    2.948704] dentry_d_iname  = 44
[    2.948704] dentry_d_parent = 16
[    2.948704] ti_task         = 0
[    2.948704] inode_ino   = 28
[    4.152492] proc_fork_connector  = 2151078840
[    4.152940] proc_exit_connector  = 2151080432
[    4.153518] proc_exec_connector  = 2151079052
[    4.153901] vma_link  = 2149124372
[    4.154223] vma_adjust  = 2149124540
[    4.154558] remove_vma  = 2149122188
[    4.154889] modules  = 2155833724
[    4.155211] trim_init_extable  = 2150545316
[    4.156657] cfg80211: Calling CRDA to update world regulatory domain
[    4.160814] PCI: Enabling device 0000:00:12.0 (0000 -> 0002)
[    4.162536] cirrusfb 0000:00:12.0: Cirrus Logic chipset on PCI bus, RAM (4096 kB) at 0x10000000
[    4.412705] Console: switching to colour frame buffer device 80x30
[    4.491249] Serial: 8250/16550 driver, 4 ports, IRQ sharing enabled
[    4.507432] console [ttyS0] disabled
[    4.534577] serial8250.0: ttyS0 at I/O 0x3f8 (irq = 4, base_baud = 115200) is a 16550A
[    4.535852] console [ttyS0] enabled
[    4.535852] console [ttyS0] enabled
[    4.536489] bootconsole [uart0] disabled
[    4.536489] bootconsole [uart0] disabled
[    4.567927] serial8250.0: ttyS1 at I/O 0x2f8 (irq = 3, base_baud = 115200) is a 16550A
[    4.706888] brd: module loaded
[    4.779694] loop: module loaded
[    4.787392] ata_piix 0000:00:0a.1: version 2.13
[    4.788032] PCI: Enabling device 0000:00:0a.1 (0000 -> 0001)
[    4.818159] scsi host0: ata_piix
[    4.824587] scsi host1: ata_piix
[    4.829076] ata1: PATA max UDMA/33 cmd 0x1f0 ctl 0x3f6 bmdma 0x1460 irq 14
[    4.829841] ata2: PATA max UDMA/33 cmd 0x170 ctl 0x376 bmdma 0x1468 irq 15
[    4.837610] [nandsim] warning: read_byte: unexpected data output cycle, state is STATE_READY return 0x0
[    4.838302] [nandsim] warning: read_byte: unexpected data output cycle, state is STATE_READY return 0x0
[    4.838965] [nandsim] warning: read_byte: unexpected data output cycle, state is STATE_READY return 0x0
[    4.839623] [nandsim] warning: read_byte: unexpected data output cycle, state is STATE_READY return 0x0
[    4.840287] [nandsim] warning: read_byte: unexpected data output cycle, state is STATE_READY return 0x0
[    4.840946] [nandsim] warning: read_byte: unexpected data output cycle, state is STATE_READY return 0x0
[    4.842041] nand: device found, Manufacturer ID: 0x98, Chip ID: 0x39
[    4.842541] nand: Toshiba NAND 128MiB 1,8V 8-bit
[    4.843007] nand: 128 MiB, SLC, erase size: 16 KiB, page size: 512, OOB size: 16
[    4.844886] flash size: 128 MiB
[    4.845381] page size: 512 bytes
[    4.845687] OOB area size: 16 bytes
[    4.846005] sector size: 16 KiB
[    4.846294] pages number: 262144
[    4.846589] pages per sector: 32
[    4.846884] bus width: 8
[    4.847142] bits in sector size: 14
[    4.847448] bits in page size: 9
[    4.847748] bits in OOB size: 4
[    4.848053] flash size with OOB: 135168 KiB
[    4.848392] page address bytes: 4
[    4.848697] sector address bytes: 3
[    4.849032] options: 0x42
[    4.946440] Scanning device for bad blocks
[    6.370146] ata1.01: NODEV after polling detection
[    6.371201] ata2.01: NODEV after polling detection
[    6.373680] ata2.00: ATAPI: QEMU DVD-ROM, 2.5+, max UDMA/100
[    6.376426] ata1.00: ATA-7: QEMU HARDDISK, 2.5+, max UDMA/100
[    6.376970] ata1.00: 2097152 sectors, multi 16: LBA48 
[    6.383747] ata2.00: configured for UDMA/33
[    6.387448] ata1.00: configured for UDMA/33
[    6.396380] scsi 0:0:0:0: Direct-Access     ATA      QEMU HARDDISK    2.5+ PQ: 0 ANSI: 5
[    6.415072] sd 0:0:0:0: [sda] 2097152 512-byte logical blocks: (1.07 GB/1.00 GiB)
[    6.416907] scsi 1:0:0:0: CD-ROM            QEMU     QEMU DVD-ROM     2.5+ PQ: 0 ANSI: 5
[    6.432092] sd 0:0:0:0: [sda] Write Protect is off
[    6.432689] sd 0:0:0:0: [sda] Mode Sense: 00 3a 00 00
[    6.434672] sd 0:0:0:0: [sda] Write cache: enabled, read cache: enabled, doesn't support DPO or FUA
[    6.447838]  sda: sda1
[    6.462358] sd 0:0:0:0: [sda] Attached SCSI disk
[    6.463002] Creating 11 MTD partitions on "NAND 128MiB 1,8V 8-bit":
[    6.463742] 0x000000000000-0x000000100000 : "NAND simulator partition 0"
[    6.476719] 0x000000100000-0x000000200000 : "NAND simulator partition 1"
[    6.489021] 0x000000200000-0x000000300000 : "NAND simulator partition 2"
[    6.501760] 0x000000300000-0x000000400000 : "NAND simulator partition 3"
[    6.514375] 0x000000400000-0x000000500000 : "NAND simulator partition 4"
[    6.527079] 0x000000500000-0x000000600000 : "NAND simulator partition 5"
[    6.540089] 0x000000600000-0x000000700000 : "NAND simulator partition 6"
[    6.553378] 0x000000700000-0x000000800000 : "NAND simulator partition 7"
[    6.566580] 0x000000800000-0x000000900000 : "NAND simulator partition 8"
[    6.578835] 0x000000900000-0x000000a00000 : "NAND simulator partition 9"
[    6.591171] 0x000000a00000-0x000008000000 : "NAND simulator partition 10"
[    6.644652] tun: Universal TUN/TAP device driver, 1.6
[    6.645292] tun: (C) 1999-2004 Max Krasnyansky <maxk@qualcomm.com>
[    6.649524] pcnet32: pcnet32.c:v1.35 21.Apr.2008 tsbogend@alpha.franken.de
[    6.651046] e1000: Intel(R) PRO/1000 Network Driver - version 7.3.21-k8-NAPI
[    6.651566] e1000: Copyright (c) 1999-2006 Intel Corporation.
[    6.652677] PCI: Enabling device 0000:00:13.0 (0000 -> 0003)
[    6.974183] e1000 0000:00:13.0 eth0: (PCI:33MHz:32-bit) 52:54:00:12:34:56
[    6.974960] e1000 0000:00:13.0 eth0: Intel(R) PRO/1000 Network Connection
[    6.975807] PCI: Enabling device 0000:00:14.0 (0000 -> 0003)
[    7.304935] e1000 0000:00:14.0 eth1: (PCI:33MHz:32-bit) 52:54:00:12:34:57
[    7.305910] e1000 0000:00:14.0 eth1: Intel(R) PRO/1000 Network Connection
[    7.306846] PCI: Enabling device 0000:00:15.0 (0000 -> 0003)
[    7.309292] cfg80211: Calling CRDA to update world regulatory domain
[    7.632104] e1000 0000:00:15.0 eth2: (PCI:33MHz:32-bit) 52:54:00:12:34:58
[    7.632889] e1000 0000:00:15.0 eth2: Intel(R) PRO/1000 Network Connection
[    7.634078] PCI: Enabling device 0000:00:16.0 (0000 -> 0003)
[    7.956113] e1000 0000:00:16.0 eth3: (PCI:33MHz:32-bit) 52:54:00:12:34:59
[    7.956830] e1000 0000:00:16.0 eth3: Intel(R) PRO/1000 Network Connection
[    7.958817] e1000e: Intel(R) PRO/1000 Network Driver - 2.3.2-k
[    7.959263] e1000e: Copyright(c) 1999 - 2014 Intel Corporation.
[    7.965005] PPP generic driver version 2.4.2
[    7.967880] PPP Deflate Compression module registered
[    7.968685] PPP MPPE Compression module registered
[    7.969376] NET: Registered protocol family 24
[    7.970288] ehci_hcd: USB 2.0 'Enhanced' Host Controller (EHCI) Driver
[    7.970935] ehci-pci: EHCI PCI platform driver
[    7.972391] ohci_hcd: USB 1.1 'Open' Host Controller (OHCI) Driver
[    7.973019] ohci-pci: OHCI PCI platform driver
[    7.974612] uhci_hcd: USB Universal Host Controller Interface driver
[    7.976624] uhci_hcd 0000:00:0a.2: UHCI Host Controller
[    7.977814] uhci_hcd 0000:00:0a.2: new USB bus registered, assigned bus number 1
[    7.979328] uhci_hcd 0000:00:0a.2: irq 11, io base 0x00001440
[    7.994950] hub 1-0:1.0: USB hub found
[    7.995915] hub 1-0:1.0: 2 ports detected
[    8.008224] usbcore: registered new interface driver usb-storage
[    8.013824] mousedev: PS/2 mouse device common for all mice
[    8.021887] rtc_cmos rtc_cmos: rtc core: registered rtc_cmos as rtc0
[    8.022823] rtc_cmos rtc_cmos: alarms up to one day, 242 bytes nvram
[    8.024617] i2c /dev entries driver
[    8.026330] piix4_smbus 0000:00:0a.3: SMBus Host Controller at 0x1100, revision 0
[    8.032383] sdhci: Secure Digital Host Controller Interface driver
[    8.032868] sdhci: Copyright(c) Pierre Ossman
[    8.036006] hidraw: raw HID events driver (C) Jiri Kosina
[    8.060128] usbcore: registered new interface driver usbhid
[    8.060562] usbhid: USB HID core driver
[    8.062079] Netfilter messages via NETLINK v0.30.
[    8.063748] nf_conntrack version 0.5.0 (3923 buckets, 15692 max)
[    8.067967] ctnetlink v0.93: registering with nfnetlink.
[    8.075454] ipip: IPv4 over IPv4 tunneling driver
[    8.093540] ip_tables: (C) 2000-2006 Netfilter Core Team
[    8.097877] arp_tables: (C) 2002 David S. Miller
[    8.100449] Initializing XFRM netlink socket
[    8.102214] NET: Registered protocol family 10
[    8.129941] ip6_tables: (C) 2000-2006 Netfilter Core Team
[    8.134705] sit: IPv6 over IPv4 tunneling driver
[    8.156761] NET: Registered protocol family 17
[    8.158121] bridge: automatic filtering via arp/ip/ip6tables has been deprecated. Update your scripts to load br_netfilter if you need this.
[    8.159481] Bridge firewalling registered
[    8.160007] Ebtables v2.0 registered
[    8.162935] 8021q: 802.1Q VLAN Support v1.8
[    8.191681] rtc_cmos rtc_cmos: setting system clock to 2025-07-27 23:00:33 UTC (1753657233)
[    8.218468] EXT2-fs (sda1): warning: mounting unchecked fs, running e2fsck is recommended
[    8.220924] VFS: Mounted root (ext2 filesystem) on device 8:1.
[    8.232499] Freeing YAMON memory: 956k freed
[    8.246281] Freeing unused kernel memory: 260K (8081f000 - 80860000)
[    8.358886] firmadyne: sys_reboot[PID: 48 (init)]: magic1:fee1dead, magic2:28121969, cmd:0
init started:  BusyBox v1.00 (2009.03.06-06:20+0000) multi-call binary
init started:  BusyBox v1.00 (2009.03.06-06:20+0000) multi-call binary[    8.385580] spurious 8259A interrupt: IRQ7.

Starting pid 50, console /dev/ttyS0: '/usr/etc/rcS'
[    8.667053] firmadyne: do_execve: /firmadyne/console
[    8.667794] OFFSETS: offset of pid: 0x198 offset of comm: 0x278
[   10.453663] cfg80211: Calling CRDA to update world regulatory domain
insmod: cannot open module `/lib/modules/vnet.ko': No such file or directory
[   13.232702] firmadyne: ioctl: 0x1
insmod finish
[   13.314257] random: nonblocking pool is initialized
BcmAtm_Initialize: open error 6
/usr/sbin/atmctl: ATM driver return code, state error
BcmAdsl : open error 6
/usr/sbin/adslctl: BcmAdsl_Initialize error
BcmAdsl : open error 6
/usr/sbin/adslctl->ConnectionHandler: BcmAdsl_ConnectionStart error
[   13.597549] cfg80211: Calling CRDA to update world regulatory domain
BcmAtm_Initialize: open error 6
ATM Operation Failed , 2 
/usr/sbin/atmctl: ATM driver return code, state error
[   13.681212] firmadyne: sys_socket[PID: 103 (brctl)]: family:2, type:2, protocol:0
[   13.754780] firmadyne: sys_socket[PID: 104 (brctl)]: family:2, type:2, protocol:0
[   13.816405] firmadyne: sys_socket[PID: 105 (ifconfig)]: family:2, type:1, protocol:0
[   13.831513] IPv6: ADDRCONF(NETDEV_UP): eth0: link is not ready
[   13.832236] 8021q: adding VLAN 0 to HW filter on device eth0
[   13.838311] e1000: eth0 NIC Link is Up 1000 Mbps Full Duplex, Flow Control: RX
[   13.840464] IPv6: ADDRCONF(NETDEV_CHANGE): eth0: link becomes ready
[   13.902014] firmadyne: sys_socket[PID: 106 (brctl)]: family:2, type:2, protocol:0
[   13.903655] firmadyne: sys_socket[PID: 106 (brctl)]: family:10, type:1, protocol:0
[   13.906202] firmadyne: br_add_if[PID: 106 (brctl)]: br:br0 dev:eth0
[   13.913561] device eth0 entered promiscuous mode
[   13.977296] firmadyne: sys_socket[PID: 107 (ifconfig)]: family:2, type:1, protocol:0
[   13.990181] IPv6: ADDRCONF(NETDEV_UP): eth1: link is not ready
[   13.990892] 8021q: adding VLAN 0 to HW filter on device eth1
[   13.996102] e1000: eth1 NIC Link is Up 1000 Mbps Full Duplex, Flow Control: RX
[   13.997783] IPv6: ADDRCONF(NETDEV_CHANGE): eth1: link becomes ready
[   14.056553] firmadyne: sys_socket[PID: 108 (brctl)]: family:2, type:2, protocol:0
[   14.058540] firmadyne: sys_socket[PID: 108 (brctl)]: family:10, type:1, protocol:0
[   14.060405] firmadyne: br_add_if[PID: 108 (brctl)]: br:br0 dev:eth1
[   14.066471] device eth1 entered promiscuous mode
[   14.191712] firmadyne: sys_socket[PID: 110 (ifconfig)]: family:2, type:1, protocol:0
[   14.194958] firmadyne: __inet_insert_ifa[PID: 110 (ifconfig)]: device:lo ifa:0x7f000001
[   14.199404] firmadyne: __inet_insert_ifa[PID: 110 (ifconfig)]: device:lo ifa:0x7f000001
[   14.273936] firmadyne: sys_socket[PID: 111 (route)]: family:2, type:1, protocol:0
[   14.587446] firmadyne: sys_socket[PID: 114 (klogd)]: family:1, type:1, protocol:0
[   14.589897] firmadyne: sys_socket[PID: 114 (klogd)]: family:1, type:2, protocol:0
[   14.607907] firmadyne: sys_socket[PID: 114 (klogd)]: family:1, type:1, protocol:0
[   14.609904] firmadyne: sys_socket[PID: 114 (klogd)]: family:1, type:2, protocol:0
[   14.612892] firmadyne: sys_socket[PID: 114 (klogd)]: family:1, type:1, protocol:0
[   14.621719] firmadyne: sys_socket[PID: 114 (klogd)]: family:1, type:2, protocol:0
[   14.624731] firmadyne: sys_socket[PID: 114 (klogd)]: family:1, type:1, protocol:0
[   14.632092] firmadyne: sys_socket[PID: 114 (klogd)]: family:1, type:2, protocol:0
[   14.635315] firmadyne: sys_socket[PID: 114 (klogd)]: family:1, type:1, protocol:0
[   14.636759] firmadyne: sys_socket[PID: 114 (klogd)]: family:1, type:2, protocol:0
[   14.647576] firmadyne: sys_socket[PID: 114 (klogd)]: family:1, type:1, protocol:0
[   14.649056] firmadyne: sys_socket[PID: 114 (klogd)]: family:1, type:2, protocol:0
[   14.655966] firmadyne: sys_socket[PID: 114 (klogd)]: family:1, type:1, protocol:0
[   14.661821] firmadyne: sys_socket[PID: 114 (klogd)]: family:1, type:2, protocol:0
[   14.664800] firmadyne: sys_socket[PID: 114 (klogd)]: family:1, type:1, protocol:0
[   14.673932] firmadyne: sys_socket[PID: 114 (klogd)]: family:1, type:2, protocol:0
[   14.676891] firmadyne: sys_socket[PID: 114 (klogd)]: family:1, type:1, protocol:0
[   14.686056] firmadyne: sys_socket[PID: 114 (klogd)]: family:1, type:2, protocol:0
[   14.689016] firmadyne: sys_socket[PID: 114 (klogd)]: family:1, type:1, protocol:0
[   14.690916] firmadyne: sys_socket[PID: 114 (klogd)]: family:1, type:2, protocol:0
[   14.694033] firmadyne: sys_socket[PID: 114 (klogd)]: family:1, type:1, protocol:0
[   14.695481] firmadyne: sys_socket[PID: 114 (klogd)]: family:1, type:2, protocol:0
nvram_init: Initializing NVRAM...
[   14.706828] firmadyne: sys_socket[PID: 114 (klogd)]: family:1, type:1, protocol:0
[   14.708322] firmadyne: sys_socket[PID: 114 (klogd)]: family:1, type:2, protocol:0
sem_get: Key: 41012003
[   14.715566] firmadyne: sys_socket[PID: 114 (klogd)]: family:1, type:1, protocol:0
[   14.717047] firmadyne: sys_socket[PID: 114 (klogd)]: family:1, type:2, protocol:0
[   14.727496] firmadyne: sys_socket[PID: 114 (klogd)]: family:1, type:1, protocol:0
[   14.729063] firmadyne: sys_socket[PID: 114 (klogd)]: family:1, type:2, protocol:0
sem_get: Key: 410f00aa
nvram_set_default_builtin: Setting built-in default values!
[   14.739512] firmadyne: sys_socket[PID: 114 (klogd)]: family:1, type:1, protocol:0
[   14.740966] firmadyne: sys_socket[PID: 114 (klogd)]: family:1, type:2, protocol:0
[   14.744394] firmadyne: sys_socket[PID: 114 (klogd)]: family:1, type:1, protocol:0
[   14.746088] firmadyne: sys_socket[PID: 114 (klogd)]: family:1, type:2, protocol:0
[   14.748976] firmadyne: sys_socket[PID: 114 (klogd)]: family:1, type:1, protocol:0
nvram_set: console_loglevel = "7"
sem_get: Key: 410f00aa
[   14.757965] firmadyne: sys_socket[PID: 114 (klogd)]: family:1, type:2, protocol:0
[   14.760896] firmadyne: sys_socket[PID: 114 (klogd)]: family:1, type:1, protocol:0
sem_get: Key: 410f00aa
nvram_set: restore_defaults = "1"
sem_get: Key: 410f00aa
[   14.774177] firmadyne: sys_socket[PID: 114 (klogd)]: family:1, type:2, protocol:0
[   14.777314] firmadyne: sys_socket[PID: 114 (klogd)]: family:1, type:1, protocol:0
[   14.779225] firmadyne: sys_socket[PID: 114 (klogd)]: family:1, type:2, protocol:0
sem_get: Key: 410f00aa
nvram_set: sku_name = ""
sem_get: Key: 410f00aa[   14.790552] firmadyne: sys_socket[PID: 114 (klogd)]: family:1, type:1, protocol:0
[   14.792059] firmadyne: sys_socket[PID: 114 (klogd)]: family:1, type:2, protocol:0
[   14.795423] firmadyne: sys_socket[PID: 114 (klogd)]: family:1, type:1, protocol:0
[   14.796874] firmadyne: sys_socket[PID: 114 (klogd)]: family:1, type:2, protocol:0

sem_get: Key: 410f00aa
nvram_set: wla_wlanstate = ""
[   14.807688] firmadyne: sys_socket[PID: 114 (klogd)]: family:1, type:1, protocol:0
[   14.809188] firmadyne: sys_socket[PID: 114 (klogd)]: family:1, type:2, protocol:0
sem_get: Key: 410f00aa
sem_get: Key: 410f00aa
nvram_set[   14.819654] firmadyne: sys_socket[PID: 114 (klogd)]: family:1, type:1, protocol:0
[   14.821148] firmadyne: sys_socket[PID: 114 (klogd)]: family:1, type:2, protocol:0
[   14.824504] firmadyne: sys_socket[PID: 114 (klogd)]: family:1, type:1, protocol:0
[   14.826206] firmadyne: sys_socket[PID: 114 (klogd)]: family:1, type:2, protocol:0
[   14.829121] firmadyne: sys_socket[PID: 114 (klogd)]: family:1, type:1, protocol:0
: lan_if = "br0"
sem_get: Key: 410f00aa
sem_get: Key: 410f00aa
[   14.838627] firmadyne: sys_socket[PID: 114 (klogd)]: family:1, type:2, protocol:0
nvram_set: lan_ipaddr = "192.168.0.50[   14.846181] firmadyne: sys_socket[PID: 114 (klogd)]: family:1, type:1, protocol:0
[   14.847694] firmadyne: sys_socket[PID: 114 (klogd)]: family:1, type:2, protocol:0
"
sem_get: Key: 410f00aa
[   14.855102] firmadyne: sys_socket[PID: 114 (klogd)]: family:1, type:1, protocol:0
[   14.856588] firmadyne: sys_socket[PID: 114 (klogd)]: family:1, type:2, protocol:0
sem_get: Key: 410f00aa
[   14.863476] firmadyne: sys_socket[PID: 114 (klogd)]: family:1, type:1, protocol:0
[   14.864942] firmadyne: sys_socket[PID: 114 (klogd)]: family:1, type:2, protocol:0
nvram_set: lan_bipaddr = "192.168.0.255"
sem_get: Key: 410f00aa
sem_get: Key: [   14.875481] firmadyne: sys_socket[PID: 114 (klogd)]: family:1, type:1, protocol:0
[   14.876947] firmadyne: sys_socket[PID: 114 (klogd)]: family:1, type:2, protocol:0
410f00aa
nvram_set: lan_netmask = "255.255.255.0"
sem_get: Key: 410f00aa
[   14.887529] firmadyne: sys_socket[PID: 114 (klogd)]: family:1, type:1, protocol:0
[   14.889012] firmadyne: sys_socket[PID: 114 (klogd)]: family:1, type:2, protocol:0
sem_get: Key: 410f00aa
nvram_set: time_zone = "PST8PDT"
[   14.899839] firmadyne: sys_socket[PID: 114 (klogd)]: family:1, type:1, protocol:0
[   14.901759] firmadyne: sys_socket[PID: 114 (klogd)]: family:1, type:2, protocol:0
[   14.904591] firmadyne: sys_socket[PID: 114 (klogd)]: family:1, type:1, protocol:0
sem_get: Key: 410f00aa
[   14.909983] firmadyne: sys_socket[PID: 114 (klogd)]: family:1, type:2, protocol:0
[   14.912870] firmadyne: sys_socket[PID: 114 (klogd)]: family:1, type:1, protocol:0
sem_get: Key: 410f00aa
nvram_set: wan_hwaddr_def = "01:23:45:67:89:ab"
sem_get: Key: [   14.922037] firmadyne: sys_socket[PID: 114 (klogd)]: family:1, type:2, protocol:0
[   14.924920] firmadyne: sys_socket[PID: 114 (klogd)]: family:1, type:1, protocol:0
410f00aa
sem_get: Key: 410f00aa
nvram_set: wan_ifname = "[   14.934321] firmadyne: sys_socket[PID: 114 (klogd)]: family:1, type:2, protocol:0
[   14.937450] firmadyne: sys_socket[PID: 114 (klogd)]: family:1, type:1, protocol:0
[   14.939121] firmadyne: sys_socket[PID: 114 (klogd)]: family:1, type:2, protocol:0
[   14.942233] firmadyne: sys_socket[PID: 114 (klogd)]: family:1, type:1, protocol:0
[   14.943699] firmadyne: sys_socket[PID: 114 (klogd)]: family:1, type:2, protocol:0
eth0"
sem_get: Key: 410f00aa
sem_get: Key: 410f00aa
nvram_set[   14.955238] firmadyne: sys_socket[PID: 114 (klogd)]: family:1, type:1, protocol:0
[   14.956735] firmadyne: sys_socket[PID: 114 (klogd)]: family:1, type:2, protocol:0
: lan_ifnames = "eth1 eth2 eth3 eth4"
sem_get: Key: [   14.963637] firmadyne: sys_socket[PID: 114 (klogd)]: family:1, type:1, protocol:0
[   14.965128] firmadyne: sys_socket[PID: 114 (klogd)]: family:1, type:2, protocol:0
410f00aa
sem_get: Key: 410f00aa
[   14.975396] firmadyne: sys_socket[PID: 114 (klogd)]: family:1, type:1, protocol:0
[   14.976882] firmadyne: sys_socket[PID: 114 (klogd)]: family:1, type:2, protocol:0
nvram_set: ethConver = "1"
sem_get: Key: 410f00aa
sem_get: Key: [   14.987793] firmadyne: sys_socket[PID: 114 (klogd)]: family:1, type:1, protocol:0
[   14.989720] firmadyne: sys_socket[PID: 114 (klogd)]: family:1, type:2, protocol:0
[   14.992556] firmadyne: sys_socket[PID: 114 (klogd)]: family:1, type:1, protocol:0
410f00aa
nvram_set: lan_proto[   14.998303] firmadyne: sys_socket[PID: 114 (klogd)]: family:1, type:2, protocol:0
[   15.001217] firmadyne: sys_socket[PID: 114 (klogd)]: family:1, type:1, protocol:0
 = "dhcp"
sem_get: Key: 410f00aa
sem_get: Key: 410f00aa
[   15.009974] firmadyne: sys_socket[PID: 114 (klogd)]: family:1, type:2, protocol:0
[   15.012854] firmadyne: sys_socket[PID: 114 (klogd)]: family:1, type:1, protocol:0
nvram_set: wan_ipaddr = "0.0.0.0"
sem_get: Key: 410f00aa
[   15.021986] firmadyne: sys_socket[PID: 114 (klogd)]: family:1, type:2, protocol:0
[   15.024875] firmadyne: sys_socket[PID: 114 (klogd)]: family:1, type:1, protocol:0
[   15.026858] firmadyne: sys_socket[PID: 114 (klogd)]: family:1, type:2, protocol:0
[   15.030109] firmadyne: sys_socket[PID: 114 (klogd)]: family:1, type:1, protocol:0
[   15.031567] firmadyne: sys_socket[PID: 114 (klogd)]: family:1, type:2, protocol:0
sem_get: Key: 410f00aa
nvram_set: wan_netmask = "255.255.255.0"
sem_get: Key: 410f00aa[   15.042865] firmadyne: sys_socket[PID: 114 (klogd)]: family:1, type:1, protocol:0
[   15.044363] firmadyne: sys_socket[PID: 114 (klogd)]: family:1, type:2, protocol:0

sem_get: Key: 410f00aa
[   15.051519] firmadyne: sys_socket[PID: 114 (klogd)]: family:1, type:1, protocol:0
[   15.052984] firmadyne: sys_socket[PID: 114 (klogd)]: family:1, type:2, protocol:0
nvram_set: wanif = "eth0"
sem_get: Key: 410f00aa
[   15.063438] firmadyne: sys_socket[PID: 114 (klogd)]: family:1, type:1, protocol:0
[   15.064905] firmadyne: sys_socket[PID: 114 (klogd)]: family:1, type:2, protocol:0
sem_get: Key: 410f00aa
nvram_set: time_zone_x = "0"
sem_get[   15.075391] firmadyne: sys_socket[PID: 114 (klogd)]: family:1, type:1, protocol:0
[   15.076860] firmadyne: sys_socket[PID: 114 (klogd)]: family:1, type:2, protocol:0
[   15.080210] firmadyne: sys_socket[PID: 114 (klogd)]: family:1, type:1, protocol:0
[   15.081902] firmadyne: sys_socket[PID: 114 (klogd)]: family:1, type:2, protocol:0
[   15.084723] firmadyne: sys_socket[PID: 114 (klogd)]: family:1, type:1, protocol:0
: Key: 410f00aa
sem_get: Key: 410f00aa
nvram_set: rip_multicast[   15.094190] firmadyne: sys_socket[PID: 114 (klogd)]: family:1, type:2, protocol:0
[   15.097105] firmadyne: sys_socket[PID: 114 (klogd)]: family:1, type:1, protocol:0
 = "0"
sem_get: Key: 410f00aa
sem_get: Key: 410f00aa
[   15.105977] firmadyne: sys_socket[PID: 114 (klogd)]: family:1, type:2, protocol:0
[   15.108858] firmadyne: sys_socket[PID: 114 (klogd)]: family:1, type:1, protocol:0
nvram_set: bs_trustedip_enable = "0[   15.114236] firmadyne: sys_socket[PID: 114 (klogd)]: family:1, type:2, protocol:0
[   15.117141] firmadyne: sys_socket[PID: 114 (klogd)]: family:1, type:1, protocol:0
"
sem_get: Key: 410f00aa
sem_get: Key: 410f00aa
[   15.125978] firmadyne: sys_socket[PID: 114 (klogd)]: family:1, type:2, protocol:0
[   15.128855] firmadyne: sys_socket[PID: 114 (klogd)]: family:1, type:1, protocol:0
nvram_set: et0macaddr = "01:23:45:67:89:ab"
[   15.134050] firmadyne: sys_socket[PID: 114 (klogd)]: family:1, type:2, protocol:0
[   15.136927] firmadyne: sys_socket[PID: 114 (klogd)]: family:1, type:1, protocol:0
sem_get: Key: 410f00aa
sem_get: Key: 410f00aa
nvram_set[   15.146288] firmadyne: sys_socket[PID: 114 (klogd)]: family:1, type:2, protocol:0
[   15.149201] firmadyne: sys_socket[PID: 114 (klogd)]: family:1, type:1, protocol:0
[   15.151099] firmadyne: sys_socket[PID: 114 (klogd)]: family:1, type:2, protocol:0
[   15.154212] firmadyne: sys_socket[PID: 114 (klogd)]: family:1, type:1, protocol:0
[   15.155668] firmadyne: sys_socket[PID: 114 (klogd)]: family:1, type:2, protocol:0
: filter_rule_tbl = ""
sem_get: Key: 410f00aa
sem_get: Key: 410f00aa
[   15.168008] firmadyne: sys_socket[PID: 114 (klogd)]: family:1, type:1, protocol:0
[   15.169767] firmadyne: sys_socket[PID: 114 (klogd)]: family:1, type:2, protocol:0
[   15.172618] firmadyne: sys_socket[PID: 114 (klogd)]: family:1, type:1, protocol:0
nvram_set: pppoe2_schedule_config = "127:0:0:23:59"
sem_get: Key: 410f00aa
sem_get: Key: [   15.182337] firmadyne: sys_socket[PID: 114 (klogd)]: family:1, type:2, protocol:0
410f00aa
nvram_set: schedule_config = "[   15.189785] firmadyne: sys_socket[PID: 114 (klogd)]: family:1, type:1, protocol:0
[   15.191307] firmadyne: sys_socket[PID: 114 (klogd)]: family:1, type:2, protocol:0
127:0:0:23:59"
sem_get: Key: 410f00aa
[   15.198466] firmadyne: sys_socket[PID: 114 (klogd)]: family:1, type:1, protocol:0
[   15.199985] firmadyne: sys_socket[PID: 114 (klogd)]: family:1, type:2, protocol:0
sem_get: Key: 410f00aa
[   15.207122] firmadyne: sys_socket[PID: 114 (klogd)]: family:1, type:1, protocol:0
[   15.208607] firmadyne: sys_socket[PID: 114 (klogd)]: family:1, type:2, protocol:0
nvram_set: access_control_mode = "0"
[   15.215397] firmadyne: sys_socket[PID: 114 (klogd)]: family:1, type:1, protocol:0
[   15.216868] firmadyne: sys_socket[PID: 114 (klogd)]: family:1, type:2, protocol:0
sem_get: Key: 410f00aa
sem_get: Key: 410f00aa
nvram_set[   15.227621] firmadyne: sys_socket[PID: 114 (klogd)]: family:1, type:1, protocol:0
[   15.229451] firmadyne: sys_socket[PID: 114 (klogd)]: family:1, type:2, protocol:0
: fwpt_df_count = "0"
sem_get: Key: 410f00aa
sem_get: Key: 410f00aa[   15.239787] firmadyne: sys_socket[PID: 114 (klogd)]: family:1, type:1, protocol:0
[   15.241722] firmadyne: sys_socket[PID: 114 (klogd)]: family:1, type:2, protocol:0
[   15.244579] firmadyne: sys_socket[PID: 114 (klogd)]: family:1, type:1, protocol:0

nvram_set: static_if_status = "[   15.250284] firmadyne: sys_socket[PID: 114 (klogd)]: family:1, type:2, protocol:0
[   15.253214] firmadyne: sys_socket[PID: 114 (klogd)]: family:1, type:1, protocol:0
1"
sem_get: Key: 410f00aa
sem_get: Key: 410f00aa
[   15.262004] firmadyne: sys_socket[PID: 114 (klogd)]: family:1, type:2, protocol:0
[   15.264902] firmadyne: sys_socket[PID: 114 (klogd)]: family:1, type:1, protocol:0
nvram_set: www_relocation = ""
[   15.271317] firmadyne: sys_socket[PID: 114 (klogd)]: family:1, type:2, protocol:0
[   15.274986] firmadyne: sys_socket[PID: 114 (klogd)]: family:1, type:1, protocol:0
[   15.276548] firmadyne: sys_socket[PID: 114 (klogd)]: family:1, type:2, protocol:0
sem_get: Key: 410f00aa
sem_get: Key: 410f00aa
[   15.287576] firmadyne: sys_socket[PID: 114 (klogd)]: family:1, type:1, protocol:0
[   15.289101] firmadyne: sys_socket[PID: 114 (klogd)]: family:1, type:2, protocol:0
nvram_set: usb_info_dev0 = "A200396E0402FF83@1@14.4G@U@1@USB_Storage;U:;0;0@[   15.298313] firmadyne: sys_socket[PID: 114 (klogd)]: family:1, type:1, protocol:0
[   15.299799] firmadyne: sys_socket[PID: 114 (klogd)]: family:1, type:2, protocol:0
"
sem_get: Key: 410f00aa
sem_get: Key: 410f00aa
nvram_set[   15.311365] firmadyne: sys_socket[PID: 114 (klogd)]: family:1, type:1, protocol:0
[   15.312852] firmadyne: sys_socket[PID: 114 (klogd)]: family:1, type:2, protocol:0
: usb_info_dev1 = "A200396E0402FF83@1@14.4G@U@1@USB_Storage;U:;0;0@"
sem_get[   15.319731] firmadyne: sys_socket[PID: 114 (klogd)]: family:1, type:1, protocol:0
[   15.321446] firmadyne: sys_socket[PID: 114 (klogd)]: family:1, type:2, protocol:0
: Key: 410f00aa
sem_get: Key: 410f00aa
nvram_set: [   15.331696] firmadyne: sys_socket[PID: 114 (klogd)]: family:1, type:1, protocol:0
[   15.333208] firmadyne: sys_socket[PID: 114 (klogd)]: family:1, type:2, protocol:0
usb_info_dev2 = "A200396E0402FF83@1@14.4G@U@1@USB_Storage;U:;0;0@"
sem_get: Key: 410f00aa
sem_get: Key: 410f00aa[   15.343787] firmadyne: sys_socket[PID: 114 (klogd)]: family:1, type:1, protocol:0
[   15.345715] firmadyne: sys_socket[PID: 114 (klogd)]: family:1, type:2, protocol:0
[   15.348572] firmadyne: sys_socket[PID: 114 (klogd)]: family:1, type:1, protocol:0

nvram_set: usb_info_dev3[   15.354074] firmadyne: sys_socket[PID: 114 (klogd)]: family:1, type:2, protocol:0
[   15.356976] firmadyne: sys_socket[PID: 114 (klogd)]: family:1, type:1, protocol:0
 = "A200396E0402FF83@1@14.4G@U@1@USB_Storage;U:;0;0@"
sem_get: Key: 410f00aa
sem_get: Key: 410f00aa
[   15.367403] firmadyne: sys_socket[PID: 114 (klogd)]: family:1, type:2, protocol:0
[   15.370572] firmadyne: sys_socket[PID: 114 (klogd)]: family:1, type:1, protocol:0
[   15.372030] firmadyne: sys_socket[PID: 114 (klogd)]: family:1, type:2, protocol:0
nvram_set: usb_info_dev4 = "A200396E0402FF83@1@14.4G@U@1@USB_Storage;U:;0;0@"
sem_get: Key: 410f00aa
sem_get: Key: 410f00aa
nvram_set: usb_info_dev5 = "A200396E0402FF83@1@14.4G@U@1@USB_Storage;U:;0;0@"
sem_get: Key: 410f00aa
sem_get[   15.406192] firmadyne: sys_socket[PID: 114 (klogd)]: family:1, type:1, protocol:0
[   15.407706] firmadyne: sys_socket[PID: 114 (klogd)]: family:1, type:2, protocol:0
: Key: 410f00aa
nvram_set: [   15.414926] firmadyne: sys_socket[PID: 114 (klogd)]: family:1, type:1, protocol:0
[   15.416415] firmadyne: sys_socket[PID: 114 (klogd)]: family:1, type:2, protocol:0
usb_info_dev6 = "A200396E0402FF83@1@14.4G@U@1@USB_Storage;U:;0;0@"
sem_get: Key: 410f00aa[   15.423618] firmadyne: sys_socket[PID: 114 (klogd)]: family:1, type:1, protocol:0
[   15.425109] firmadyne: sys_socket[PID: 114 (klogd)]: family:1, type:2, protocol:0

sem_get: Key: 410f00aa
nvram_set: usb_info_dev7 = "[   15.435692] firmadyne: sys_socket[PID: 114 (klogd)]: family:1, type:1, protocol:0
[   15.437192] firmadyne: sys_socket[PID: 114 (klogd)]: family:1, type:2, protocol:0
[   15.440526] firmadyne: sys_socket[PID: 114 (klogd)]: family:1, type:1, protocol:0
[   15.442253] firmadyne: sys_socket[PID: 114 (klogd)]: family:1, type:2, protocol:0
[   15.445148] firmadyne: sys_socket[PID: 114 (klogd)]: family:1, type:1, protocol:0
A200396E0402FF83@1@14.4G@U@1@USB_Storage;U:;0;0@"
sem_get: Key: 410f00aa
sem_get: Key: 410f00aa
nvram_set: usb_info_dev8 = "A200396E0402FF83@1@14.4G@U@1@USB_Storage;U:;0;0@"
[   15.458167] firmadyne: sys_socket[PID: 114 (klogd)]: family:1, type:2, protocol:0
[   15.461149] firmadyne: sys_socket[PID: 114 (klogd)]: family:1, type:1, protocol:0
sem_get: Key: 410f00aa
sem_get: Key: 410f00aa
[   15.469976] firmadyne: sys_socket[PID: 114 (klogd)]: family:1, type:2, protocol:0
[   15.472957] firmadyne: sys_socket[PID: 114 (klogd)]: family:1, type:1, protocol:0
[   15.474947] firmadyne: sys_socket[PID: 114 (klogd)]: family:1, type:2, protocol:0
[   15.478178] firmadyne: sys_socket[PID: 114 (klogd)]: family:1, type:1, protocol:0
[   15.479643] firmadyne: sys_socket[PID: 114 (klogd)]: family:1, type:2, protocol:0
nvram_set: usb_info_dev9 = "A200396E0402FF83@1@14.4G@U@1@USB_Storage;U:;0;0@"
sem_get: Key: 410f00aa
sem_get: Key: 410f00aa[   15.491156] firmadyne: sys_socket[PID: 114 (klogd)]: family:1, type:1, protocol:0
[   15.492650] firmadyne: sys_socket[PID: 114 (klogd)]: family:1, type:2, protocol:0

nvram_set: usb_info_dev10[   15.499724] firmadyne: sys_socket[PID: 114 (klogd)]: family:1, type:1, protocol:0
[   15.501439] firmadyne: sys_socket[PID: 114 (klogd)]: family:1, type:2, protocol:0
 = "A200396E0402FF83@1@14.4G@U@1@USB_Storage;U:;0;0@"
sem_get: Key: 410f00aa
sem_get: Key: 410f00aa
[   15.511646] firmadyne: sys_socket[PID: 114 (klogd)]: family:1, type:1, protocol:0
[   15.513137] firmadyne: sys_socket[PID: 114 (klogd)]: family:1, type:2, protocol:0
nvram_set: usb_info_dev11 = "A200396E0402FF83@1@14.4G@U@1@USB_Storage;U:;0;0@"
sem_get: Key: 410f00aa
[   15.523465] firmadyne: sys_socket[PID: 114 (klogd)]: family:1, type:1, protocol:0
[   15.524934] firmadyne: sys_socket[PID: 114 (klogd)]: family:1, type:2, protocol:0
[   15.528395] firmadyne: sys_socket[PID: 114 (klogd)]: family:1, type:1, protocol:0
[   15.530113] firmadyne: sys_socket[PID: 114 (klogd)]: family:1, type:2, protocol:0
[   15.533064] firmadyne: sys_socket[PID: 114 (klogd)]: family:1, type:1, protocol:0
sem_get: Key: 410f00aa
nvram_set: usb_info_dev12 = "A200396E0402FF83@1@14.4G@U@1@USB_Storage;U:;0;0@[   15.542378] firmadyne: sys_socket[PID: 114 (klogd)]: family:1, type:2, protocol:0
"
sem_get: Key: 410f00aa
[   15.549819] firmadyne: sys_socket[PID: 114 (klogd)]: family:1, type:1, protocol:0
[   15.551336] firmadyne: sys_socket[PID: 114 (klogd)]: family:1, type:2, protocol:0
sem_get: Key: 410f00aa
nvram_set[   15.558864] firmadyne: sys_socket[PID: 114 (klogd)]: family:1, type:1, protocol:0
[   15.560380] firmadyne: sys_socket[PID: 114 (klogd)]: family:1, type:2, protocol:0
: usb_info_dev13 = "A200396E0402FF83@1@14.4G@U@1@USB_Storage;U:;0;0@"
sem_get: Key: [   15.568602] firmadyne: sys_socket[PID: 114 (klogd)]: family:1, type:1, protocol:0
410f00aa
sem_get: Key: [   15.573998] firmadyne: sys_socket[PID: 114 (klogd)]: family:1, type:2, protocol:0
[   15.576972] firmadyne: sys_socket[PID: 114 (klogd)]: family:1, type:1, protocol:0
410f00aa
nvram_set: usb_info_dev14 = "A200396E0402FF83@1@14.4G@U@1@USB_Storage;U:;0;0@"
sem_get: Key: [   15.585957] firmadyne: sys_socket[PID: 114 (klogd)]: family:1, type:2, protocol:0
[   15.588953] firmadyne: sys_socket[PID: 114 (klogd)]: family:1, type:1, protocol:0
410f00aa
sem_get: Key: 410f00aa
nvram_set: usb_info_dev15[   15.598375] firmadyne: sys_socket[PID: 114 (klogd)]: family:1, type:2, protocol:0
[   15.601675] firmadyne: sys_socket[PID: 114 (klogd)]: family:1, type:1, protocol:0
[   15.603136] firmadyne: sys_socket[PID: 114 (klogd)]: family:1, type:2, protocol:0
 = "A200396E0402FF83@1@14.4G@U@1@USB_Storage;U:;0;0@"
sem_get: Key: 410f00aa
[   15.610714] firmadyne: sys_socket[PID: 114 (klogd)]: family:1, type:1, protocol:0
[   15.612227] firmadyne: sys_socket[PID: 114 (klogd)]: family:1, type:2, protocol:0
sem_get: Key: 410f00aa
[   15.619508] firmadyne: sys_socket[PID: 114 (klogd)]: family:1, type:1, protocol:0
[   15.620978] firmadyne: sys_socket[PID: 114 (klogd)]: family:1, type:2, protocol:0
nvram_set: usb_info_dev16 = "A200396E0402FF83@1@14.4G@U@1@USB_Storage;U:;0;0@"
sem_get: Key: 410f00aa
[   15.631613] firmadyne: sys_socket[PID: 114 (klogd)]: family:1, type:1, protocol:0
[   15.633108] firmadyne: sys_socket[PID: 114 (klogd)]: family:1, type:2, protocol:0
sem_get: Key: 410f00aa
nvram_set: usb_info_dev17 = "A200396E0402FF83@1@14.4G@U@1@USB_Storage;U:;0;0@"
[   15.643491] firmadyne: sys_socket[PID: 114 (klogd)]: family:1, type:1, protocol:0
[   15.644956] firmadyne: sys_socket[PID: 114 (klogd)]: family:1, type:2, protocol:0
[   15.648412] firmadyne: sys_socket[PID: 114 (klogd)]: family:1, type:1, protocol:0
[   15.650114] firmadyne: sys_socket[PID: 114 (klogd)]: family:1, type:2, protocol:0
[   15.653013] firmadyne: sys_socket[PID: 114 (klogd)]: family:1, type:1, protocol:0
sem_get: Key: 410f00aa
sem_get: Key: 410f00aa
nvram_set: usb_info_dev18 = "A200396E0402FF83@1@14.4G@U@1@USB_Storage;U:;0;0@"
sem_get: Key: 410f00aa[   15.666271] firmadyne: sys_socket[PID: 114 (klogd)]: family:1, type:2, protocol:0
[   15.669467] firmadyne: sys_socket[PID: 114 (klogd)]: family:1, type:1, protocol:0

sem_get: Key: 410f00aa
nvram_set: usb_info_dev19[   15.678196] firmadyne: sys_socket[PID: 114 (klogd)]: family:1, type:2, protocol:0
[   15.681443] firmadyne: sys_socket[PID: 114 (klogd)]: family:1, type:1, protocol:0
[   15.683121] firmadyne: sys_socket[PID: 114 (klogd)]: family:1, type:2, protocol:0
[   15.686360] firmadyne: sys_socket[PID: 114 (klogd)]: family:1, type:1, protocol:0
[   15.687816] firmadyne: sys_socket[PID: 114 (klogd)]: family:1, type:2, protocol:0
 = "A200396E0402FF83@1@14.4G@U@1@USB_Storage;U:;0;0@"
sem_get: Key: 410f00aa
sem_get: Key: 410f00aa
[   15.699130] firmadyne: sys_socket[PID: 114 (klogd)]: family:1, type:1, protocol:0
[   15.700607] firmadyne: sys_socket[PID: 114 (klogd)]: family:1, type:2, protocol:0
nvram_set: usb_info_dev20 = "A200396E0402FF83@1@14.4G@U@1@USB_Storage;U:;0;0@"
[   15.707904] firmadyne: sys_socket[PID: 114 (klogd)]: family:1, type:1, protocol:0
sem_get: Key: 410f00aa
sem_get[   15.714019] firmadyne: sys_socket[PID: 114 (klogd)]: family:1, type:2, protocol:0
[   15.717065] firmadyne: sys_socket[PID: 114 (klogd)]: family:1, type:1, protocol:0
: Key: 410f00aa
nvram_set: usb_info_dev21 = "A200396E0402FF83@1@14.4G@U@1@USB_Storage;U:;0;0@"
sem_get: Key: [   15.726113] firmadyne: sys_socket[PID: 114 (klogd)]: family:1, type:2, protocol:0
[   15.729132] firmadyne: sys_socket[PID: 114 (klogd)]: family:1, type:1, protocol:0
410f00aa
sem_get: Key: 410f00aa
nvram_set: usb_info_dev22[   15.738448] firmadyne: sys_socket[PID: 114 (klogd)]: family:1, type:2, protocol:0
[   15.741785] firmadyne: sys_socket[PID: 114 (klogd)]: family:1, type:1, protocol:0
[   15.743249] firmadyne: sys_socket[PID: 114 (klogd)]: family:1, type:2, protocol:0
 = "A200396E0402FF83@1@14.4G@U@1@USB_Storage;U:;0;0@"
sem_get: Key: 410f00aa
[   15.750995] firmadyne: sys_socket[PID: 114 (klogd)]: family:1, type:1, protocol:0
[   15.752508] firmadyne: sys_socket[PID: 114 (klogd)]: family:1, type:2, protocol:0
sem_get: Key: 410f00aa
[   15.759528] firmadyne: sys_socket[PID: 114 (klogd)]: family:1, type:1, protocol:0
[   15.760997] firmadyne: sys_socket[PID: 114 (klogd)]: family:1, type:2, protocol:0
nvram_set: usb_info_dev23 = "[   15.768635] firmadyne: sys_socket[PID: 114 (klogd)]: family:1, type:1, protocol:0
A200396E0402FF83@1@14.4G@U@1@USB_Storage;U:;0;0@"
sem_get: Key: 410f00aa
[   15.774007] firmadyne: sys_socket[PID: 114 (klogd)]: family:1, type:2, protocol:0
[   15.777157] firmadyne: sys_socket[PID: 114 (klogd)]: family:1, type:1, protocol:0
sem_get: Key: 410f00aa
nvram_set: usb_info_dev24 = "A200396E0402FF83@1@14.4G@U@1@USB_Storage;U:;0;0@"
sem_get: Key: [   15.790268] firmadyne: sys_socket[PID: 114 (klogd)]: family:1, type:2, protocol:0
[   15.793613] firmadyne: sys_socket[PID: 114 (klogd)]: family:1, type:1, protocol:0
[   15.795070] firmadyne: sys_socket[PID: 114 (klogd)]: family:1, type:2, protocol:0
410f00aa
sem_get: Key: 410f00aa
[   15.802714] firmadyne: sys_socket[PID: 114 (klogd)]: family:1, type:1, protocol:0
[   15.804221] firmadyne: sys_socket[PID: 114 (klogd)]: family:1, type:2, protocol:0
nvram_set: usb_info_dev25 = "A200396E0402FF83@1@14.4G@U@1@USB_Storage;U:;0;0@[   15.811844] firmadyne: sys_socket[PID: 114 (klogd)]: family:1, type:1, protocol:0
"
sem_get: Key: 410f00aa
[   15.817683] firmadyne: sys_socket[PID: 114 (klogd)]: family:1, type:2, protocol:0
[   15.820717] firmadyne: sys_socket[PID: 114 (klogd)]: family:1, type:1, protocol:0
sem_get: Key: 410f00aa
[   15.825973] firmadyne: sys_socket[PID: 114 (klogd)]: family:1, type:2, protocol:0
[   15.828962] firmadyne: sys_socket[PID: 114 (klogd)]: family:1, type:1, protocol:0
nvram_set: usb_info_dev26 = "A200396E0402FF83@1@14.4G@U@1@USB_Storage;U:;0;0@"
sem_get: Key: 410f00aa
[   15.839236] firmadyne: sys_socket[PID: 114 (klogd)]: family:1, type:2, protocol:0
[   15.842536] firmadyne: sys_socket[PID: 114 (klogd)]: family:1, type:1, protocol:0
[   15.843990] firmadyne: sys_socket[PID: 114 (klogd)]: family:1, type:2, protocol:0
sem_get: Key: 410f00aa
nvram_set: usb_info_dev27 = "A200396E0402FF83@1@14.4G@U@1@USB_Storage;U:;0;0@"
sem_get: Key: 410f00aa[   15.855397] firmadyne: sys_socket[PID: 114 (klogd)]: family:1, type:1, protocol:0
[   15.856868] firmadyne: sys_socket[PID: 114 (klogd)]: family:1, type:2, protocol:0

sem_get: Key: 410f00aa[   15.863898] firmadyne: sys_socket[PID: 114 (klogd)]: family:1, type:1, protocol:0

nvram_set: usb_info_dev28 = "[   15.869808] firmadyne: sys_socket[PID: 114 (klogd)]: family:1, type:2, protocol:0
[   15.872819] firmadyne: sys_socket[PID: 114 (klogd)]: family:1, type:1, protocol:0
A200396E0402FF83@1@14.4G@U@1@USB_Storage;U:;0;0@"
sem_get: Key: 410f00aa
sem_get: Key: 410f00aa
[   15.882312] firmadyne: sys_socket[PID: 114 (klogd)]: family:1, type:2, protocol:0
[   15.885649] firmadyne: sys_socket[PID: 114 (klogd)]: family:1, type:1, protocol:0
[   15.887122] firmadyne: sys_socket[PID: 114 (klogd)]: family:1, type:2, protocol:0
nvram_set: usb_info_dev29 = "A200396E0402FF83@1@14.4G@U@1@USB_Storage;U:;0;0@[   15.894550] firmadyne: sys_socket[PID: 114 (klogd)]: family:1, type:1, protocol:0
[   15.896058] firmadyne: sys_socket[PID: 114 (klogd)]: family:1, type:2, protocol:0
"
sem_get: Key: 410f00aa
sem_get: Key: 410f00aa
nvram_set: usb_info_dev30 = "A200396E0402FF83@1@14.4G@U@1@USB_Storage;U:;0;0@"
sem_get: Key: 410f00aa
sem_get: Key: 410f00aa
nvram_set: usb_info_dev31 = "[   15.929773] firmadyne: sys_socket[PID: 114 (klogd)]: family:1, type:1, protocol:0
[   15.931280] firmadyne: sys_socket[PID: 114 (klogd)]: family:1, type:2, protocol:0
A200396E0402FF83@1@14.4G@U@1@USB_Storage;U:;0;0@"
sem_get: Key: 410f00aa
[   15.938628] firmadyne: sys_socket[PID: 114 (klogd)]: family:1, type:1, protocol:0
[   15.940134] firmadyne: sys_socket[PID: 114 (klogd)]: family:1, type:2, protocol:0
sem_get: Key: 410f00aa
[   15.947242] firmadyne: sys_socket[PID: 114 (klogd)]: family:1, type:1, protocol:0
[   15.948715] firmadyne: sys_socket[PID: 114 (klogd)]: family:1, type:2, protocol:0
nvram_set: usb_info_dev32 = "A200396E0402FF83@1@14.4G@U@1@USB_Storage;U:;0;0@"
[   15.955932] firmadyne: sys_socket[PID: 114 (klogd)]: family:1, type:1, protocol:0
sem_get: Key: 410f00aa
sem_get[   15.962055] firmadyne: sys_socket[PID: 114 (klogd)]: family:1, type:2, protocol:0
[   15.965103] firmadyne: sys_socket[PID: 114 (klogd)]: family:1, type:1, protocol:0
: Key: 410f00aa
nvram_set: usb_info_dev33 = "A200396E0402FF83@1@14.4G@U@1@USB_Storage;U:;0;0@"
[   15.974254] firmadyne: sys_socket[PID: 114 (klogd)]: family:1, type:2, protocol:0
sem_get: Key: 410f00aa
sem_get[   15.982020] firmadyne: sys_socket[PID: 114 (klogd)]: family:1, type:1, protocol:0
[   15.983528] firmadyne: sys_socket[PID: 114 (klogd)]: family:1, type:2, protocol:0
[   15.986930] firmadyne: sys_socket[PID: 114 (klogd)]: family:1, type:1, protocol:0
[   15.988391] firmadyne: sys_socket[PID: 114 (klogd)]: family:1, type:2, protocol:0
: Key: 410f00aa
nvram_set: usb_info_dev34 = "A200396E0402FF83@1@14.4G@U@1@USB_Storage;U:;0;0@"
sem_get: Key: [   16.000307] firmadyne: sys_socket[PID: 114 (klogd)]: family:1, type:1, protocol:0
410f00aa
sem_get: Key: 410f00aa[   16.006101] firmadyne: sys_socket[PID: 114 (klogd)]: family:1, type:2, protocol:0
[   16.009111] firmadyne: sys_socket[PID: 114 (klogd)]: family:1, type:1, protocol:0

nvram_set: usb_info_dev35 = "A200396E0402FF83@1@14.4G@U@1@USB_Storage;U:;0;0@"
sem_get: Key: 410f00aa
[   16.018168] firmadyne: sys_socket[PID: 114 (klogd)]: family:1, type:2, protocol:0
[   16.021187] firmadyne: sys_socket[PID: 114 (klogd)]: family:1, type:1, protocol:0
[   16.023087] firmadyne: sys_socket[PID: 114 (klogd)]: family:1, type:2, protocol:0
[   16.026309] firmadyne: sys_socket[PID: 114 (klogd)]: family:1, type:1, protocol:0
[   16.027763] firmadyne: sys_socket[PID: 114 (klogd)]: family:1, type:2, protocol:0
sem_get: Key: 410f00aa
nvram_set: usb_info_dev36 = "A200396E0402FF83@1@14.4G@U@1@USB_Storage;U:;0;0@"
[   16.039460] firmadyne: sys_socket[PID: 114 (klogd)]: family:1, type:1, protocol:0
[   16.040941] firmadyne: sys_socket[PID: 114 (klogd)]: family:1, type:2, protocol:0
sem_get: Key: 410f00aa
sem_get: Key: 410f00aa
nvram_set[   16.051911] firmadyne: sys_socket[PID: 114 (klogd)]: family:1, type:1, protocol:0
[   16.053821] firmadyne: sys_socket[PID: 114 (klogd)]: family:1, type:2, protocol:0
[   16.056756] firmadyne: sys_socket[PID: 114 (klogd)]: family:1, type:1, protocol:0
: usb_info_dev37 = "A200396E0402FF83@1@14.4G@U@1@USB_Storage;U:;0;0@"
sem_get: Key: 410f00aa
sem_get: Key: 410f00aa[   16.066211] firmadyne: sys_socket[PID: 114 (klogd)]: family:1, type:2, protocol:0
[   16.069445] firmadyne: sys_socket[PID: 114 (klogd)]: family:1, type:1, protocol:0

nvram_set: usb_info_dev38 = "A200396E0402FF83@1@14.4G@U@1@USB_Storage;U:;0;0@"
sem_get: Key: 410f00aa
[   16.078272] firmadyne: sys_socket[PID: 114 (klogd)]: family:1, type:2, protocol:0
[   16.081604] firmadyne: sys_socket[PID: 114 (klogd)]: family:1, type:1, protocol:0
[   16.083056] firmadyne: sys_socket[PID: 114 (klogd)]: family:1, type:2, protocol:0
sem_get: Key: 410f00aa
[   16.090334] firmadyne: sys_socket[PID: 114 (klogd)]: family:1, type:1, protocol:0
[   16.091844] firmadyne: sys_socket[PID: 114 (klogd)]: family:1, type:2, protocol:0
nvram_set: usb_info_dev39 = "A200396E0402FF83@1@14.4G@U@1@USB_Storage;U:;0;0@"
[   16.099209] firmadyne: sys_socket[PID: 114 (klogd)]: family:1, type:1, protocol:0
[   16.100683] firmadyne: sys_socket[PID: 114 (klogd)]: family:1, type:2, protocol:0
sem_get: Key: 410f00aa
[   16.107638] firmadyne: sys_socket[PID: 114 (klogd)]: family:1, type:1, protocol:0
[   16.109136] firmadyne: sys_socket[PID: 114 (klogd)]: family:1, type:2, protocol:0
sem_get: Key: 410f00aa
nvram_set: usb_info_dev40 = "A200396E0402FF83@1@14.4G@U@1@USB_Storage;U:;0;0@"
[   16.119480] firmadyne: sys_socket[PID: 114 (klogd)]: family:1, type:1, protocol:0
[   16.120940] firmadyne: sys_socket[PID: 114 (klogd)]: family:1, type:2, protocol:0
sem_get: Key: 410f00aa
sem_get: Key: 410f00aa
[   16.131514] firmadyne: sys_socket[PID: 114 (klogd)]: family:1, type:1, protocol:0
[   16.132975] firmadyne: sys_socket[PID: 114 (klogd)]: family:1, type:2, protocol:0
[   16.136440] firmadyne: sys_socket[PID: 114 (klogd)]: family:1, type:1, protocol:0
[   16.138171] firmadyne: sys_socket[PID: 114 (klogd)]: family:1, type:2, protocol:0
[   16.141129] firmadyne: sys_socket[PID: 114 (klogd)]: family:1, type:1, protocol:0
nvram_set: usb_info_dev41 = "A200396E0402FF83@1@14.4G@U@1@USB_Storage;U:;0;0@"
sem_get: Key: 410f00aa
sem_get: Key: 410f00aa
nvram_set: usb_info_dev42[   16.154257] firmadyne: sys_socket[PID: 114 (klogd)]: family:1, type:2, protocol:0
 = "A200396E0402FF83@1@14.4G@U@1@USB_Storage;U:;0;0@"
sem_get: Key: 410f00aa
[   16.161867] firmadyne: sys_socket[PID: 114 (klogd)]: family:1, type:1, protocol:0
[   16.163373] firmadyne: sys_socket[PID: 114 (klogd)]: family:1, type:2, protocol:0
sem_get: Key: 410f00aa
nvram_set: usb_info_dev43 = "A200396E0402FF83@1@14.4G@U@1@USB_Storage;U:;0;0@[   16.175016] firmadyne: sys_socket[PID: 114 (klogd)]: family:1, type:1, protocol:0
[   16.176537] firmadyne: sys_socket[PID: 114 (klogd)]: family:1, type:2, protocol:0
[   16.180101] firmadyne: sys_socket[PID: 114 (klogd)]: family:1, type:1, protocol:0
"
sem_get: Key: 410f00aa
[   16.185798] firmadyne: sys_socket[PID: 114 (klogd)]: family:1, type:2, protocol:0
[   16.188816] firmadyne: sys_socket[PID: 114 (klogd)]: family:1, type:1, protocol:0
sem_get: Key: 410f00aa
[   16.193987] firmadyne: sys_socket[PID: 114 (klogd)]: family:1, type:2, protocol:0
[   16.196986] firmadyne: sys_socket[PID: 114 (klogd)]: family:1, type:1, protocol:0
nvram_set: usb_info_dev44 = "A200396E0402FF83@1@14.4G@U@1@USB_Storage;U:;0;0@"
sem_get: Key: 410f00aa
[   16.206133] firmadyne: sys_socket[PID: 114 (klogd)]: family:1, type:2, protocol:0
[   16.209153] firmadyne: sys_socket[PID: 114 (klogd)]: family:1, type:1, protocol:0
sem_get: Key: 410f00aa
nvram_set: usb_info_dev45 = "A200396E0402FF83@1@14.4G@U@1@USB_Storage;U:;0;0@"
sem_get[   16.218285] firmadyne: sys_socket[PID: 114 (klogd)]: family:1, type:2, protocol:0
[   16.221622] firmadyne: sys_socket[PID: 114 (klogd)]: family:1, type:1, protocol:0
[   16.223079] firmadyne: sys_socket[PID: 114 (klogd)]: family:1, type:2, protocol:0
: Key: 410f00aa
sem_get: Key: 410f00aa[   16.230804] firmadyne: sys_socket[PID: 114 (klogd)]: family:1, type:1, protocol:0
[   16.232316] firmadyne: sys_socket[PID: 114 (klogd)]: family:1, type:2, protocol:0

nvram_set: usb_info_dev46 = "[   16.239687] firmadyne: sys_socket[PID: 114 (klogd)]: family:1, type:1, protocol:0
[   16.241181] firmadyne: sys_socket[PID: 114 (klogd)]: family:1, type:2, protocol:0
A200396E0402FF83@1@14.4G@U@1@USB_Storage;U:;0;0@"
sem_get: Key: 410f00aa
sem_get: Key: 410f00aa
[   16.251504] firmadyne: sys_socket[PID: 114 (klogd)]: family:1, type:1, protocol:0
[   16.252970] firmadyne: sys_socket[PID: 114 (klogd)]: family:1, type:2, protocol:0
nvram_set: usb_info_dev47 = "A200396E0402FF83@1@14.4G@U@1@USB_Storage;U:;0;0@"
sem_get: Key: 410f00aa
[   16.263540] firmadyne: sys_socket[PID: 114 (klogd)]: family:1, type:1, protocol:0
[   16.265019] firmadyne: sys_socket[PID: 114 (klogd)]: family:1, type:2, protocol:0
[   16.268408] firmadyne: sys_socket[PID: 114 (klogd)]: family:1, type:1, protocol:0
[   16.270113] firmadyne: sys_socket[PID: 114 (klogd)]: family:1, type:2, protocol:0
[   16.273071] firmadyne: sys_socket[PID: 114 (klogd)]: family:1, type:1, protocol:0
sem_get: Key: 410f00aa
nvram_set: usb_info_dev48 = "A200396E0402FF83@1@14.4G@U@1@USB_Storage;U:;0;0@"
[   16.282236] firmadyne: sys_socket[PID: 114 (klogd)]: family:1, type:2, protocol:0
sem_get: Key: 410f00aa
[   16.289614] firmadyne: sys_socket[PID: 114 (klogd)]: family:1, type:1, protocol:0
[   16.291246] firmadyne: sys_socket[PID: 114 (klogd)]: family:1, type:2, protocol:0
sem_get: Key: 410f00aa
[   16.298720] firmadyne: sys_socket[PID: 114 (klogd)]: family:1, type:1, protocol:0
[   16.300363] firmadyne: sys_socket[PID: 114 (klogd)]: family:1, type:2, protocol:0
nvram_set: usb_info_dev49 = "A200396E0402FF83@1@14.4G@U@1@USB_Storage;U:;0;0@"
[   16.308245] firmadyne: sys_socket[PID: 114 (klogd)]: family:1, type:1, protocol:0
sem_get: Key: 410f00aa
sem_get[   16.314360] firmadyne: sys_socket[PID: 114 (klogd)]: family:1, type:2, protocol:0
: Key: 410f00aa
nvram_set: usb_info_dev50[   16.322049] firmadyne: sys_socket[PID: 114 (klogd)]: family:1, type:1, protocol:0
[   16.323567] firmadyne: sys_socket[PID: 114 (klogd)]: family:1, type:2, protocol:0
 = "A200396E0402FF83@1@14.4G@U@1@USB_Storage;U:;0;0@"
sem_get: Key: 410f00aa
[   16.330823] firmadyne: sys_socket[PID: 114 (klogd)]: family:1, type:1, protocol:0
[   16.332320] firmadyne: sys_socket[PID: 114 (klogd)]: family:1, type:2, protocol:0
sem_get: Key: 410f00aa
[   16.339521] firmadyne: sys_socket[PID: 114 (klogd)]: family:1, type:1, protocol:0
[   16.340983] firmadyne: sys_socket[PID: 114 (klogd)]: family:1, type:2, protocol:0
nvram_set: usb_info_dev51 = "A200396E0402FF83@1@14.4G@U@1@USB_Storage;U:;0;0@"
sem_get: Key: 410f00aa
[   16.351537] firmadyne: sys_socket[PID: 114 (klogd)]: family:1, type:1, protocol:0
[   16.353018] firmadyne: sys_socket[PID: 114 (klogd)]: family:1, type:2, protocol:0
sem_get: Key: 410f00aa
nvram_set: usb_info_dev52 = "A200396E0402FF83@1@14.4G@U@1@USB_Storage;U:;0;0@"
[   16.363493] firmadyne: sys_socket[PID: 114 (klogd)]: family:1, type:1, protocol:0
[   16.364953] firmadyne: sys_socket[PID: 114 (klogd)]: family:1, type:2, protocol:0
[   16.369970] firmadyne: sys_socket[PID: 114 (klogd)]: family:1, type:1, protocol:0
[   16.371441] firmadyne: sys_socket[PID: 114 (klogd)]: family:1, type:2, protocol:0
sem_get: Key: 410f00aa
sem_get: Key: 410f00aa
nvram_set: [   16.382757] firmadyne: sys_socket[PID: 114 (klogd)]: family:1, type:1, protocol:0
[   16.384265] firmadyne: sys_socket[PID: 114 (klogd)]: family:1, type:2, protocol:0
usb_info_dev53 = "A200396E0402FF83@1@14.4G@U@1@USB_Storage;U:;0;0@"
sem_get: Key: 410f00aa
sem_get: Key: 410f00aa
nvram_set: usb_info_dev54 = "A200396E0402FF83@1@14.4G@U@1@USB_Storage;U:;0;0@"
sem_get: Key: 410f00aa
[   16.413895] firmadyne: sys_socket[PID: 114 (klogd)]: family:1, type:1, protocol:0
[   16.415401] firmadyne: sys_socket[PID: 114 (klogd)]: family:1, type:2, protocol:0
sem_get: Key: 410f00aa
nvram_set: usb_info_dev55 = "A200396E0402FF83@1@14.4G@U@1@USB_Storage;U:;0;0@"
sem_get: Key: [   16.426849] firmadyne: sys_socket[PID: 114 (klogd)]: family:1, type:1, protocol:0
[   16.428349] firmadyne: sys_socket[PID: 114 (klogd)]: family:1, type:2, protocol:0
[   16.431746] firmadyne: sys_socket[PID: 114 (klogd)]: family:1, type:1, protocol:0
[   16.433427] firmadyne: sys_socket[PID: 114 (klogd)]: family:1, type:2, protocol:0
410f00aa
sem_get: Key: 410f00aa
nvram_set: usb_info_dev56[   16.443932] firmadyne: sys_socket[PID: 114 (klogd)]: family:1, type:1, protocol:0
 = "A200396E0402FF83@1@14.4G@U@1@USB_Storage;U:;0;0@"
sem_get: Key: 410f00aa
[   16.449692] firmadyne: sys_socket[PID: 114 (klogd)]: family:1, type:2, protocol:0
[   16.452716] firmadyne: sys_socket[PID: 114 (klogd)]: family:1, type:1, protocol:0
sem_get: Key: 410f00aa
[   16.458101] firmadyne: sys_socket[PID: 114 (klogd)]: family:1, type:2, protocol:0
[   16.461117] firmadyne: sys_socket[PID: 114 (klogd)]: family:1, type:1, protocol:0
nvram_set: usb_info_dev57 = "A200396E0402FF83@1@14.4G@U@1@USB_Storage;U:;0;0@"
sem_get: Key: 410f00aa
[   16.469958] firmadyne: sys_socket[PID: 114 (klogd)]: family:1, type:2, protocol:0
[   16.472940] firmadyne: sys_socket[PID: 114 (klogd)]: family:1, type:1, protocol:0
sem_get: Key: 410f00aa
nvram_set: usb_info_dev58 = "A200396E0402FF83@1@14.4G@U@1@USB_Storage;U:;0;0@[   16.482392] firmadyne: sys_socket[PID: 114 (klogd)]: family:1, type:2, protocol:0
[   16.485727] firmadyne: sys_socket[PID: 114 (klogd)]: family:1, type:1, protocol:0
[   16.487183] firmadyne: sys_socket[PID: 114 (klogd)]: family:1, type:2, protocol:0
"
sem_get: Key: 410f00aa
[   16.494495] firmadyne: sys_socket[PID: 114 (klogd)]: family:1, type:1, protocol:0
[   16.496009] firmadyne: sys_socket[PID: 114 (klogd)]: family:1, type:2, protocol:0
sem_get: Key: 410f00aa
[   16.503223] firmadyne: sys_socket[PID: 114 (klogd)]: family:1, type:1, protocol:0
[   16.504693] firmadyne: sys_socket[PID: 114 (klogd)]: family:1, type:2, protocol:0
nvram_set: usb_info_dev59 = "A200396E0402FF83@1@14.4G@U@1@USB_Storage;U:;0;0@"
sem_get: Key: 410f00aa
sem_get[   16.515933] firmadyne: sys_socket[PID: 114 (klogd)]: family:1, type:1, protocol:0
: Key: 410f00aa
nvram_set: [   16.521692] firmadyne: sys_socket[PID: 114 (klogd)]: family:1, type:2, protocol:0
[   16.524707] firmadyne: sys_socket[PID: 114 (klogd)]: family:1, type:1, protocol:0
usb_info_dev60 = "A200396E0402FF83@1@14.4G@U@1@USB_Storage;U:;0;0@"
sem_get: Key: [   16.530047] firmadyne: sys_socket[PID: 114 (klogd)]: family:1, type:2, protocol:0
[   16.533051] firmadyne: sys_socket[PID: 114 (klogd)]: family:1, type:1, protocol:0
410f00aa
sem_get: Key: 410f00aa
nvram_set: usb_info_dev61[   16.542201] firmadyne: sys_socket[PID: 114 (klogd)]: family:1, type:2, protocol:0
[   16.545439] firmadyne: sys_socket[PID: 114 (klogd)]: family:1, type:1, protocol:0
 = "A200396E0402FF83@1@14.4G@U@1@USB_Storage;U:;0;0@"
sem_get: Key: 410f00aa
sem_get: Key: 410f00aa
[   16.554366] firmadyne: sys_socket[PID: 114 (klogd)]: family:1, type:2, protocol:0
[   16.557700] firmadyne: sys_socket[PID: 114 (klogd)]: family:1, type:1, protocol:0
[   16.559154] firmadyne: sys_socket[PID: 114 (klogd)]: family:1, type:2, protocol:0
nvram_set: usb_info_dev62 = "A200396E0402FF83@1@14.4G@U@1@USB_Storage;U:;0;0@[   16.567708] firmadyne: sys_socket[PID: 114 (klogd)]: family:1, type:1, protocol:0
[   16.569506] firmadyne: sys_socket[PID: 114 (klogd)]: family:1, type:2, protocol:0
[   16.572475] firmadyne: sys_socket[PID: 114 (klogd)]: family:1, type:1, protocol:0
"
sem_get: Key: 410f00aa
[   16.578251] firmadyne: sys_socket[PID: 114 (klogd)]: family:1, type:2, protocol:0
sem_get: Key: 410f00aa
[   16.585576] firmadyne: sys_socket[PID: 114 (klogd)]: family:1, type:1, protocol:0
[   16.587092] firmadyne: sys_socket[PID: 114 (klogd)]: family:1, type:2, protocol:0
nvram_set: usb_info_dev63 = "A200396E0402FF83@1@14.4G@U@1@USB_Storage;U:;0;0@"
sem_get: Key: [   16.594526] firmadyne: sys_socket[PID: 114 (klogd)]: family:1, type:1, protocol:0
[   16.596037] firmadyne: sys_socket[PID: 114 (klogd)]: family:1, type:2, protocol:0
410f00aa
sem_get: Key: 410f00aa[   16.603456] firmadyne: sys_socket[PID: 114 (klogd)]: family:1, type:1, protocol:0
[   16.604928] firmadyne: sys_socket[PID: 114 (klogd)]: family:1, type:2, protocol:0

nvram_set: usb_info_dev64 = "A200396E0402FF83@1@14.4G@U@1@USB_Storage;U:;0;0@"
sem_get: Key: 410f00aa
[   16.615529] firmadyne: sys_socket[PID: 114 (klogd)]: family:1, type:1, protocol:0
[   16.616994] firmadyne: sys_socket[PID: 114 (klogd)]: family:1, type:2, protocol:0
sem_get: Key: 410f00aa
nvram_set: usb_info_dev65 = "A200396E0402FF83@1@14.4G@U@1@USB_Storage;U:;0;0@[   16.627962] firmadyne: sys_socket[PID: 114 (klogd)]: family:1, type:1, protocol:0
[   16.629773] firmadyne: sys_socket[PID: 114 (klogd)]: family:1, type:2, protocol:0
[   16.632711] firmadyne: sys_socket[PID: 114 (klogd)]: family:1, type:1, protocol:0
"
sem_get: Key: 410f00aa
[   16.638005] firmadyne: sys_socket[PID: 114 (klogd)]: family:1, type:2, protocol:0
[   16.641008] firmadyne: sys_socket[PID: 114 (klogd)]: family:1, type:1, protocol:0
sem_get: Key: 410f00aa
nvram_set: usb_info_dev66 = "A200396E0402FF83@1@14.4G@U@1@USB_Storage;U:;0;0@"
[   16.650171] firmadyne: sys_socket[PID: 114 (klogd)]: family:1, type:2, protocol:0
[   16.653194] firmadyne: sys_socket[PID: 114 (klogd)]: family:1, type:1, protocol:0
sem_get: Key: 410f00aa
sem_get: Key: 410f00aa
[   16.661973] firmadyne: sys_socket[PID: 114 (klogd)]: family:1, type:2, protocol:0
[   16.664964] firmadyne: sys_socket[PID: 114 (klogd)]: family:1, type:1, protocol:0
nvram_set: usb_info_dev67 = "A200396E0402FF83@1@14.4G@U@1@USB_Storage;U:;0;0@"
sem_get: Key: 410f00aa
sem_get[   16.674296] firmadyne: sys_socket[PID: 114 (klogd)]: family:1, type:2, protocol:0
[   16.677750] firmadyne: sys_socket[PID: 114 (klogd)]: family:1, type:1, protocol:0
[   16.679210] firmadyne: sys_socket[PID: 114 (klogd)]: family:1, type:2, protocol:0
: Key: 410f00aa
nvram_set: usb_info_dev68[   16.686779] firmadyne: sys_socket[PID: 114 (klogd)]: family:1, type:1, protocol:0
[   16.688281] firmadyne: sys_socket[PID: 114 (klogd)]: family:1, type:2, protocol:0
 = "A200396E0402FF83@1@14.4G@U@1@USB_Storage;U:;0;0@"
sem_get: Key: 410f00aa
[   16.695514] firmadyne: sys_socket[PID: 114 (klogd)]: family:1, type:1, protocol:0
[   16.696981] firmadyne: sys_socket[PID: 114 (klogd)]: family:1, type:2, protocol:0
sem_get: Key: 410f00aa
nvram_set: usb_info_dev69 = "A200396E0402FF83@1@14.4G@U@1@USB_Storage;U:;0;0@[   16.707933] firmadyne: sys_socket[PID: 114 (klogd)]: family:1, type:1, protocol:0
[   16.709851] firmadyne: sys_socket[PID: 114 (klogd)]: family:1, type:2, protocol:0
[   16.712794] firmadyne: sys_socket[PID: 114 (klogd)]: family:1, type:1, protocol:0
"
sem_get: Key: 410f00aa
[   16.717999] firmadyne: sys_socket[PID: 114 (klogd)]: family:1, type:2, protocol:0
[   16.721021] firmadyne: sys_socket[PID: 114 (klogd)]: family:1, type:1, protocol:0
sem_get: Key: 410f00aa
nvram_set: usb_info_dev70 = "A200396E0402FF83@1@14.4G@U@1@USB_Storage;U:;0;0@"
[   16.730228] firmadyne: sys_socket[PID: 114 (klogd)]: family:1, type:2, protocol:0
sem_get: Key: 410f00aa
sem_get[   16.737794] firmadyne: sys_socket[PID: 114 (klogd)]: family:1, type:1, protocol:0
[   16.739303] firmadyne: sys_socket[PID: 114 (klogd)]: family:1, type:2, protocol:0
[   16.741685] cfg80211: Calling CRDA to update world regulatory domain
: Key: 410f00aa
nvram_set: usb_info_dev71 = "A200396E0402FF83@1@14.4G@U@1@USB_Storage;U:;0;0@"
sem_get[   16.750863] firmadyne: sys_socket[PID: 114 (klogd)]: family:1, type:1, protocol:0
[   16.752373] firmadyne: sys_socket[PID: 114 (klogd)]: family:1, type:2, protocol:0
[   16.755771] firmadyne: sys_socket[PID: 114 (klogd)]: family:1, type:1, protocol:0
: Key: 410f00aa
sem_get: Key: 410f00aa[   16.761794] firmadyne: sys_socket[PID: 114 (klogd)]: family:1, type:2, protocol:0
[   16.764837] firmadyne: sys_socket[PID: 114 (klogd)]: family:1, type:1, protocol:0

nvram_set: usb_info_dev72 = "A200396E0402FF83@1@14.4G@U@1@USB_Storage;U:;0;0@"
sem_get[   16.774008] firmadyne: sys_socket[PID: 114 (klogd)]: family:1, type:2, protocol:0
[   16.777209] firmadyne: sys_socket[PID: 114 (klogd)]: family:1, type:1, protocol:0
: Key: 410f00aa
sem_get: Key: 410f00aa
nvram_set: [   16.786369] firmadyne: sys_socket[PID: 114 (klogd)]: family:1, type:2, protocol:0
[   16.789744] firmadyne: sys_socket[PID: 114 (klogd)]: family:1, type:1, protocol:0
[   16.791216] firmadyne: sys_socket[PID: 114 (klogd)]: family:1, type:2, protocol:0
usb_info_dev73 = "A200396E0402FF83@1@14.4G@U@1@USB_Storage;U:;0;0@"
sem_get: Key: 410f00aa
[   16.798767] firmadyne: sys_socket[PID: 114 (klogd)]: family:1, type:1, protocol:0
[   16.800289] firmadyne: sys_socket[PID: 114 (klogd)]: family:1, type:2, protocol:0
sem_get: Key: 410f00aa
[   16.807527] firmadyne: sys_socket[PID: 114 (klogd)]: family:1, type:1, protocol:0
[   16.809021] firmadyne: sys_socket[PID: 114 (klogd)]: family:1, type:2, protocol:0
nvram_set: usb_info_dev74 = "A200396E0402FF83@1@14.4G@U@1@USB_Storage;U:;0;0@"
sem_get: Key: 410f00aa
[   16.819542] firmadyne: sys_socket[PID: 114 (klogd)]: family:1, type:1, protocol:0
[   16.821039] firmadyne: sys_socket[PID: 114 (klogd)]: family:1, type:2, protocol:0
[   16.824439] firmadyne: sys_socket[PID: 114 (klogd)]: family:1, type:1, protocol:0
[   16.826151] firmadyne: sys_socket[PID: 114 (klogd)]: family:1, type:2, protocol:0
[   16.829123] firmadyne: sys_socket[PID: 114 (klogd)]: family:1, type:1, protocol:0
sem_get: Key: 410f00aa
nvram_set: usb_info_dev75 = "A200396E0402FF83@1@14.4G@U@1@USB_Storage;U:;0;0@"
sem_get: Key: 410f00aa
sem_get[   16.843640] firmadyne: sys_socket[PID: 114 (klogd)]: family:1, type:2, protocol:0
[   16.846909] firmadyne: sys_socket[PID: 114 (klogd)]: family:1, type:1, protocol:0
[   16.848385] firmadyne: sys_socket[PID: 114 (klogd)]: family:1, type:2, protocol:0
: Key: 410f00aa
nvram_set: [   16.855802] firmadyne: sys_socket[PID: 114 (klogd)]: family:1, type:1, protocol:0
usb_info_dev76 = "A200396E0402FF83@1@14.4G@U@1@USB_Storage;U:;0;0@"
sem_get: Key: 410f00aa[   16.861554] firmadyne: sys_socket[PID: 114 (klogd)]: family:1, type:2, protocol:0
[   16.864601] firmadyne: sys_socket[PID: 114 (klogd)]: family:1, type:1, protocol:0

sem_get: Key: 410f00aa
[   16.870524] firmadyne: sys_socket[PID: 114 (klogd)]: family:1, type:2, protocol:0
nvram_set: usb_info_dev77 = "A200396E0402FF83@1@14.4G@U@1@USB_Storage;U:;0;0@"
sem_get: Key: 410f00aa
sem_get: Key: 410f00aa
nvram_set: usb_info_dev78 = "A200396E0402FF83@1@14.4G@U@1@USB_Storage;U:;0;0@"
sem_get: Key: 410f00aa
[   16.901769] firmadyne: sys_socket[PID: 114 (klogd)]: family:1, type:1, protocol:0
[   16.903287] firmadyne: sys_socket[PID: 114 (klogd)]: family:1, type:2, protocol:0
sem_get: Key: 410f00aa
[   16.910577] firmadyne: sys_socket[PID: 114 (klogd)]: family:1, type:1, protocol:0
[   16.912093] firmadyne: sys_socket[PID: 114 (klogd)]: family:1, type:2, protocol:0
nvram_set: usb_info_dev79 = "A200396E0402FF83@1@14.4G@U@1@USB_Storage;U:;0;0@[   16.919235] firmadyne: sys_socket[PID: 114 (klogd)]: family:1, type:1, protocol:0
[   16.920720] firmadyne: sys_socket[PID: 114 (klogd)]: family:1, type:2, protocol:0
"
sem_get: Key: 410f00aa
[   16.927546] firmadyne: sys_socket[PID: 114 (klogd)]: family:1, type:1, protocol:0
[   16.929041] firmadyne: sys_socket[PID: 114 (klogd)]: family:1, type:2, protocol:0
sem_get: Key: 410f00aa
nvram_set: usb_info_dev80 = "A200396E0402FF83@1@14.4G@U@1@USB_Storage;U:;0;0@"
[   16.939898] firmadyne: sys_socket[PID: 114 (klogd)]: family:1, type:1, protocol:0
sem_get: Key: 410f00aa
sem_get[   16.946027] firmadyne: sys_socket[PID: 114 (klogd)]: family:1, type:2, protocol:0
[   16.949098] firmadyne: sys_socket[PID: 114 (klogd)]: family:1, type:1, protocol:0
: Key: 410f00aa
nvram_set: usb_info_dev81 = "A200396E0402FF83@1@14.4G@U@1@USB_Storage;U:;0;0@"
sem_get: Key: [   16.958111] firmadyne: sys_socket[PID: 114 (klogd)]: family:1, type:2, protocol:0
[   16.961142] firmadyne: sys_socket[PID: 114 (klogd)]: family:1, type:1, protocol:0
[   16.963087] firmadyne: sys_socket[PID: 114 (klogd)]: family:1, type:2, protocol:0
410f00aa
sem_get: Key: 410f00aa
nvram_set: usb_info_dev82[   16.974806] firmadyne: sys_socket[PID: 114 (klogd)]: family:1, type:1, protocol:0
[   16.976322] firmadyne: sys_socket[PID: 114 (klogd)]: family:1, type:2, protocol:0
[   16.979862] firmadyne: sys_socket[PID: 114 (klogd)]: family:1, type:1, protocol:0
 = "A200396E0402FF83@1@14.4G@U@1@USB_Storage;U:;0;0@"
sem_get: Key: 410f00aa
[   16.985573] firmadyne: sys_socket[PID: 114 (klogd)]: family:1, type:2, protocol:0
[   16.988619] firmadyne: sys_socket[PID: 114 (klogd)]: family:1, type:1, protocol:0
sem_get: Key: 410f00aa
[   16.994113] firmadyne: sys_socket[PID: 114 (klogd)]: family:1, type:2, protocol:0
[   16.997129] firmadyne: sys_socket[PID: 114 (klogd)]: family:1, type:1, protocol:0
nvram_set: usb_info_dev83 = "A200396E0402FF83@1@14.4G@U@1@USB_Storage;U:;0;0@"
sem_get: Key: 410f00aa
[   17.006232] firmadyne: sys_socket[PID: 114 (klogd)]: family:1, type:2, protocol:0
[   17.009467] firmadyne: sys_socket[PID: 114 (klogd)]: family:1, type:1, protocol:0
sem_get: Key: 410f00aa
nvram_set: usb_info_dev84 = "A200396E0402FF83@1@14.4G@U@1@USB_Storage;U:;0;0@[   17.017971] firmadyne: sys_socket[PID: 114 (klogd)]: family:1, type:2, protocol:0
[   17.020958] firmadyne: sys_socket[PID: 114 (klogd)]: family:1, type:1, protocol:0
"
sem_get: Key: 410f00aa
sem_get: Key: 410f00aa
[   17.030113] firmadyne: sys_socket[PID: 114 (klogd)]: family:1, type:2, protocol:0
[   17.033133] firmadyne: sys_socket[PID: 114 (klogd)]: family:1, type:1, protocol:0
[   17.035035] firmadyne: sys_socket[PID: 114 (klogd)]: family:1, type:2, protocol:0
[   17.038273] firmadyne: sys_socket[PID: 114 (klogd)]: family:1, type:1, protocol:0
[   17.039732] firmadyne: sys_socket[PID: 114 (klogd)]: family:1, type:2, protocol:0
nvram_set: usb_info_dev85 = "A200396E0402FF83@1@14.4G@U@1@USB_Storage;U:;0;0@"
sem_get: Key: 410f00aa
sem_get: Key: [   17.050987] firmadyne: sys_socket[PID: 114 (klogd)]: family:1, type:1, protocol:0
[   17.052478] firmadyne: sys_socket[PID: 114 (klogd)]: family:1, type:2, protocol:0
410f00aa
nvram_set: usb_info_dev86[   17.059896] firmadyne: sys_socket[PID: 114 (klogd)]: family:1, type:1, protocol:0
 = "A200396E0402FF83@1@14.4G@U@1@USB_Storage;U:;0;0@"
sem_get: Key: 410f00aa
[   17.065664] firmadyne: sys_socket[PID: 114 (klogd)]: family:1, type:2, protocol:0
[   17.068679] firmadyne: sys_socket[PID: 114 (klogd)]: family:1, type:1, protocol:0
sem_get: Key: 410f00aa
[   17.074109] firmadyne: sys_socket[PID: 114 (klogd)]: family:1, type:2, protocol:0
[   17.077132] firmadyne: sys_socket[PID: 114 (klogd)]: family:1, type:1, protocol:0
nvram_set: usb_info_dev87 = "A200396E0402FF83@1@14.4G@U@1@USB_Storage;U:;0;0@"
sem_get: Key: 410f00aa
[   17.086474] firmadyne: sys_socket[PID: 114 (klogd)]: family:1, type:2, protocol:0
sem_get: Key: 410f00aa
[   17.093803] firmadyne: sys_socket[PID: 114 (klogd)]: family:1, type:1, protocol:0
[   17.095304] firmadyne: sys_socket[PID: 114 (klogd)]: family:1, type:2, protocol:0
nvram_set: usb_info_dev88 = "A200396E0402FF83@1@14.4G@U@1@USB_Storage;U:;0;0@"
sem_get[   17.102871] firmadyne: sys_socket[PID: 114 (klogd)]: family:1, type:1, protocol:0
[   17.104380] firmadyne: sys_socket[PID: 114 (klogd)]: family:1, type:2, protocol:0
[   17.107776] firmadyne: sys_socket[PID: 114 (klogd)]: family:1, type:1, protocol:0
: Key: 410f00aa
sem_get: Key: 410f00aa[   17.113931] firmadyne: sys_socket[PID: 114 (klogd)]: family:1, type:2, protocol:0
[   17.116967] firmadyne: sys_socket[PID: 114 (klogd)]: family:1, type:1, protocol:0

nvram_set: usb_info_dev89 = "A200396E0402FF83@1@14.4G@U@1@USB_Storage;U:;0;0@"
sem_get: Key: 410f00aa
[   17.126098] firmadyne: sys_socket[PID: 114 (klogd)]: family:1, type:2, protocol:0
[   17.129119] firmadyne: sys_socket[PID: 114 (klogd)]: family:1, type:1, protocol:0
sem_get: Key: 410f00aa
nvram_set: usb_info_dev90 = "A200396E0402FF83@1@14.4G@U@1@USB_Storage;U:;0;0@[   17.138544] firmadyne: sys_socket[PID: 114 (klogd)]: family:1, type:2, protocol:0
[   17.141875] firmadyne: sys_socket[PID: 114 (klogd)]: family:1, type:1, protocol:0
[   17.143336] firmadyne: sys_socket[PID: 114 (klogd)]: family:1, type:2, protocol:0
"
sem_get: Key: 410f00aa
[   17.150756] firmadyne: sys_socket[PID: 114 (klogd)]: family:1, type:1, protocol:0
[   17.152263] firmadyne: sys_socket[PID: 114 (klogd)]: family:1, type:2, protocol:0
sem_get: Key: 410f00aa
nvram_set[   17.159820] firmadyne: sys_socket[PID: 114 (klogd)]: family:1, type:1, protocol:0
: usb_info_dev91 = "A200396E0402FF83@1@14.4G@U@1@USB_Storage;U:;0;0@"
sem_get: Key: 410f00aa[   17.166924] firmadyne: sys_socket[PID: 114 (klogd)]: family:1, type:2, protocol:0
[   17.170269] firmadyne: sys_socket[PID: 114 (klogd)]: family:1, type:1, protocol:0
[   17.171733] firmadyne: sys_socket[PID: 114 (klogd)]: family:1, type:2, protocol:0

sem_get: Key: 410f00aa
nvram_set: usb_info_dev92 = "A200396E0402FF83@1@14.4G@U@1@USB_Storage;U:;0;0@[   17.183083] firmadyne: sys_socket[PID: 114 (klogd)]: family:1, type:1, protocol:0
[   17.184579] firmadyne: sys_socket[PID: 114 (klogd)]: family:1, type:2, protocol:0
"
sem_get: Key: 410f00aa
[   17.191495] firmadyne: sys_socket[PID: 114 (klogd)]: family:1, type:1, protocol:0
[   17.192956] firmadyne: sys_socket[PID: 114 (klogd)]: family:1, type:2, protocol:0
sem_get: Key: 410f00aa
nvram_set: usb_info_dev93 = "A200396E0402FF83@1@14.4G@U@1@USB_Storage;U:;0;0@"
[   17.203618] firmadyne: sys_socket[PID: 114 (klogd)]: family:1, type:1, protocol:0
[   17.205105] firmadyne: sys_socket[PID: 114 (klogd)]: family:1, type:2, protocol:0
sem_get: Key: 410f00aa
sem_get: Key: 410f00aa
[   17.215521] firmadyne: sys_socket[PID: 114 (klogd)]: family:1, type:1, protocol:0
[   17.216986] firmadyne: sys_socket[PID: 114 (klogd)]: family:1, type:2, protocol:0
[   17.220386] firmadyne: sys_socket[PID: 114 (klogd)]: family:1, type:1, protocol:0
[   17.222080] firmadyne: sys_socket[PID: 114 (klogd)]: family:1, type:2, protocol:0
[   17.225031] firmadyne: sys_socket[PID: 114 (klogd)]: family:1, type:1, protocol:0
nvram_set: usb_info_dev94 = "A200396E0402FF83@1@14.4G@U@1@USB_Storage;U:;0;0@"
sem_get: Key: 410f00aa
sem_get[   17.234070] firmadyne: sys_socket[PID: 114 (klogd)]: family:1, type:2, protocol:0
[   17.237089] firmadyne: sys_socket[PID: 114 (klogd)]: family:1, type:1, protocol:0
: Key: 410f00aa
nvram_set: usb_info_dev95 = "A200396E0402FF83@1@14.4G@U@1@USB_Storage;U:;0;0@"
sem_get: Key: [   17.246060] firmadyne: sys_socket[PID: 114 (klogd)]: family:1, type:2, protocol:0
[   17.249068] firmadyne: sys_socket[PID: 114 (klogd)]: family:1, type:1, protocol:0
410f00aa
sem_get: Key: 410f00aa
nvram_set: usb_info_dev96[   17.258275] firmadyne: sys_socket[PID: 114 (klogd)]: family:1, type:2, protocol:0
[   17.261611] firmadyne: sys_socket[PID: 114 (klogd)]: family:1, type:1, protocol:0
[   17.263065] firmadyne: sys_socket[PID: 114 (klogd)]: family:1, type:2, protocol:0
 = "A200396E0402FF83@1@14.4G@U@1@USB_Storage;U:;0;0@"
sem_get: Key: 410f00aa
[   17.270618] firmadyne: sys_socket[PID: 114 (klogd)]: family:1, type:1, protocol:0
[   17.272123] firmadyne: sys_socket[PID: 114 (klogd)]: family:1, type:2, protocol:0
sem_get: Key: 410f00aa
[   17.279221] firmadyne: sys_socket[PID: 114 (klogd)]: family:1, type:1, protocol:0
[   17.280690] firmadyne: sys_socket[PID: 114 (klogd)]: family:1, type:2, protocol:0
nvram_set: usb_info_dev97 = "A200396E0402FF83@1@14.4G@U@1@USB_Storage;U:;0;0@"
[   17.287949] firmadyne: sys_socket[PID: 114 (klogd)]: family:1, type:1, protocol:0
sem_get: Key: 410f00aa
sem_get[   17.294072] firmadyne: sys_socket[PID: 114 (klogd)]: family:1, type:2, protocol:0
[   17.297108] firmadyne: sys_socket[PID: 114 (klogd)]: family:1, type:1, protocol:0
: Key: 410f00aa
nvram_set: usb_info_dev98 = "A200396E0402FF83@1@14.4G@U@1@USB_Storage;U:;0;0@"
sem_get: Key: [   17.306070] firmadyne: sys_socket[PID: 114 (klogd)]: family:1, type:2, protocol:0
[   17.309081] firmadyne: sys_socket[PID: 114 (klogd)]: family:1, type:1, protocol:0
410f00aa
sem_get: Key: 410f00aa
nvram_set[   17.319102] firmadyne: sys_socket[PID: 114 (klogd)]: family:1, type:2, protocol:0
[   17.325204] firmadyne: sys_socket[PID: 114 (klogd)]: family:1, type:1, protocol:0
: usb_info_dev99 = "A200396E0402FF83@1@14.4G@U@1@USB_Storage;U:;0;0@"
sem_get: Key: 410f00aa
sem_get: Key: [   17.334533] firmadyne: sys_socket[PID: 114 (klogd)]: family:1, type:2, protocol:0
[   17.338634] firmadyne: sys_socket[PID: 114 (klogd)]: family:1, type:1, protocol:0
[   17.340220] firmadyne: sys_socket[PID: 114 (klogd)]: family:1, type:2, protocol:0
410f00aa
nvram_set: [   17.347498] firmadyne: sys_socket[PID: 114 (klogd)]: family:1, type:1, protocol:0
[   17.348955] firmadyne: sys_socket[PID: 114 (klogd)]: family:1, type:2, protocol:0
usb_info_dev100 = "A200396E0402FF83@1@14.4G@U@1@USB_Storage;U:;0;0@"
sem_get: Key: 410f00aa
sem_get: Key: 410f00aa[   17.359722] firmadyne: sys_socket[PID: 114 (klogd)]: family:1, type:1, protocol:0
[   17.361211] firmadyne: sys_socket[PID: 114 (klogd)]: family:1, type:2, protocol:0

nvram_set: wla_ap_isolate_1 = ""
sem_get: Key: 410f00aa
sem_get: Key: 410f00aa
nvram_set: wla_ap_isolate_2 = ""
sem_get: Key: 410f00aa
[   17.393853] firmadyne: sys_socket[PID: 114 (klogd)]: family:1, type:1, protocol:0
[   17.395367] firmadyne: sys_socket[PID: 114 (klogd)]: family:1, type:2, protocol:0
sem_get: Key: 410f00aa
[   17.402596] firmadyne: sys_socket[PID: 114 (klogd)]: family:1, type:1, protocol:0
[   17.404104] firmadyne: sys_socket[PID: 114 (klogd)]: family:1, type:2, protocol:0
nvram_set: wla_ap_isolate_3 = ""
sem_get: Key: 410f00aa[   17.411538] firmadyne: sys_socket[PID: 114 (klogd)]: family:1, type:1, protocol:0
[   17.413042] firmadyne: sys_socket[PID: 114 (klogd)]: family:1, type:2, protocol:0

sem_get: Key: 410f00aa
nvram_set: wla_ap_isolate_4 = ""
[   17.423905] firmadyne: sys_socket[PID: 114 (klogd)]: family:1, type:1, protocol:0
[   17.425823] firmadyne: sys_socket[PID: 114 (klogd)]: family:1, type:2, protocol:0
[   17.428767] firmadyne: sys_socket[PID: 114 (klogd)]: family:1, type:1, protocol:0
sem_get: Key: 410f00aa
sem_get: Key: 410f00aa
nvram_set: [   17.438240] firmadyne: sys_socket[PID: 114 (klogd)]: family:1, type:2, protocol:0
wlg_ap_isolate_1 = ""
sem_get: Key: 410f00aa
[   17.445698] firmadyne: sys_socket[PID: 114 (klogd)]: family:1, type:1, protocol:0
[   17.447206] firmadyne: sys_socket[PID: 114 (klogd)]: family:1, type:2, protocol:0
sem_get: Key: 410f00aa
[   17.454508] firmadyne: sys_socket[PID: 114 (klogd)]: family:1, type:1, protocol:0
[   17.456014] firmadyne: sys_socket[PID: 114 (klogd)]: family:1, type:2, protocol:0
nvram_set: wlg_ap_isolate_2 = ""
sem_get: Key: 410f00aa[   17.463532] firmadyne: sys_socket[PID: 114 (klogd)]: family:1, type:1, protocol:0
[   17.465029] firmadyne: sys_socket[PID: 114 (klogd)]: family:1, type:2, protocol:0

sem_get: Key: 410f00aa
nvram_set: wlg_ap_isolate_3 = ""
[   17.475923] firmadyne: sys_socket[PID: 114 (klogd)]: family:1, type:1, protocol:0
[   17.477844] firmadyne: sys_socket[PID: 114 (klogd)]: family:1, type:2, protocol:0
[   17.480794] firmadyne: sys_socket[PID: 114 (klogd)]: family:1, type:1, protocol:0
sem_get: Key: 410f00aa
[   17.486090] firmadyne: sys_socket[PID: 114 (klogd)]: family:1, type:2, protocol:0
[   17.489117] firmadyne: sys_socket[PID: 114 (klogd)]: family:1, type:1, protocol:0
sem_get: Key: 410f00aa
nvram_set: wlg_ap_isolate_4 = ""
sem_get: Key: [   17.497985] firmadyne: sys_socket[PID: 114 (klogd)]: family:1, type:2, protocol:0
[   17.500977] firmadyne: sys_socket[PID: 114 (klogd)]: family:1, type:1, protocol:0
410f00aa
sem_get: Key: 410f00aa
nvram_set: wlg_allow_access_1 = "[   17.510391] firmadyne: sys_socket[PID: 114 (klogd)]: family:1, type:2, protocol:0
[   17.513735] firmadyne: sys_socket[PID: 114 (klogd)]: family:1, type:1, protocol:0
[   17.515191] firmadyne: sys_socket[PID: 114 (klogd)]: family:1, type:2, protocol:0
"
sem_get: Key: 410f00aa
sem_get[   17.522935] firmadyne: sys_socket[PID: 114 (klogd)]: family:1, type:1, protocol:0
[   17.524444] firmadyne: sys_socket[PID: 114 (klogd)]: family:1, type:2, protocol:0
: Key: 410f00aa
nvram_set: [   17.531811] firmadyne: sys_socket[PID: 114 (klogd)]: family:1, type:1, protocol:0
wlg_allow_access_2 = ""
sem_get: Key: 410f00aa
[   17.537881] firmadyne: sys_socket[PID: 114 (klogd)]: family:1, type:2, protocol:0
[   17.540923] firmadyne: sys_socket[PID: 114 (klogd)]: family:1, type:1, protocol:0
sem_get: Key: 410f00aa
nvram_set: wlg_allow_access_3 = ""
sem_get[   17.550049] firmadyne: sys_socket[PID: 114 (klogd)]: family:1, type:2, protocol:0
[   17.553063] firmadyne: sys_socket[PID: 114 (klogd)]: family:1, type:1, protocol:0
[   17.554975] firmadyne: sys_socket[PID: 114 (klogd)]: family:1, type:2, protocol:0
[   17.558198] firmadyne: sys_socket[PID: 114 (klogd)]: family:1, type:1, protocol:0
[   17.559659] firmadyne: sys_socket[PID: 114 (klogd)]: family:1, type:2, protocol:0
: Key: 410f00aa
sem_get: Key: 410f00aa
nvram_set: wlg_allow_access_4 = ""
sem_get: Key: 410f00aa
[   17.575237] firmadyne: sys_socket[PID: 114 (klogd)]: family:1, type:1, protocol:0
[   17.576744] firmadyne: sys_socket[PID: 114 (klogd)]: family:1, type:2, protocol:0
[   17.580365] firmadyne: sys_socket[PID: 114 (klogd)]: family:1, type:1, protocol:0
[   17.582061] firmadyne: sys_socket[PID: 114 (klogd)]: family:1, type:2, protocol:0
[   17.585008] firmadyne: sys_socket[PID: 114 (klogd)]: family:1, type:1, protocol:0
sem_get: Key: 410f00aa
nvram_set: 0:macaddr = "01:23:45:67:89:ab"
sem_get: Key: 410f00aa
sem_get: Key: [   17.598232] firmadyne: sys_socket[PID: 114 (klogd)]: family:1, type:2, protocol:0
410f00aa
nvram_set: 1:macaddr = "[   17.605857] firmadyne: sys_socket[PID: 114 (klogd)]: family:1, type:1, protocol:0
[   17.607370] firmadyne: sys_socket[PID: 114 (klogd)]: family:1, type:2, protocol:0
[   17.610796] firmadyne: sys_socket[PID: 114 (klogd)]: family:1, type:1, protocol:0
[   17.612254] firmadyne: sys_socket[PID: 114 (klogd)]: family:1, type:2, protocol:0
01:23:45:67:89:ab"
sem_get: Key: 410f00aa
[   17.619507] firmadyne: sys_socket[PID: 114 (klogd)]: family:1, type:1, protocol:0
[   17.620971] firmadyne: sys_socket[PID: 114 (klogd)]: family:1, type:2, protocol:0
sem_get: Key: 410f00aa
nvram_set: 2:macaddr = "01:23:45:67:89:ab"
[   17.631585] firmadyne: sys_socket[PID: 114 (klogd)]: family:1, type:1, protocol:0
[   17.633076] firmadyne: sys_socket[PID: 114 (klogd)]: family:1, type:2, protocol:0
sem_get: Key: 410f00aa
sem_get: Key: 410f00aa
nvram_set[   17.643941] firmadyne: sys_socket[PID: 114 (klogd)]: family:1, type:1, protocol:0
[   17.645855] firmadyne: sys_socket[PID: 114 (klogd)]: family:1, type:2, protocol:0
[   17.648801] firmadyne: sys_socket[PID: 114 (klogd)]: family:1, type:1, protocol:0
: lan1_ifnames = ""
sem_get: Key: 410f00aa[   17.654284] firmadyne: sys_socket[PID: 114 (klogd)]: family:1, type:2, protocol:0

sem_get: Key: 410f00aa
[   17.661593] firmadyne: sys_socket[PID: 114 (klogd)]: family:1, type:1, protocol:0
[   17.663107] firmadyne: sys_socket[PID: 114 (klogd)]: family:1, type:2, protocol:0
nvram_set: lan2_ifnames = ""
sem_get[   17.670670] firmadyne: sys_socket[PID: 114 (klogd)]: family:1, type:1, protocol:0
[   17.672180] firmadyne: sys_socket[PID: 114 (klogd)]: family:1, type:2, protocol:0
: Key: 410f00aa
sem_get: Key: 410f00aa
[   17.679973] firmadyne: sys_socket[PID: 114 (klogd)]: family:1, type:1, protocol:0
nvram_set: lan3_ifnames = ""
[   17.686026] firmadyne: sys_socket[PID: 114 (klogd)]: family:1, type:2, protocol:0
[   17.689053] firmadyne: sys_socket[PID: 114 (klogd)]: family:1, type:1, protocol:0
sem_get: Key: 410f00aa
sem_get: Key: 410f00aa
nvram_set[   17.698199] firmadyne: sys_socket[PID: 114 (klogd)]: family:1, type:2, protocol:0
[   17.701432] firmadyne: sys_socket[PID: 114 (klogd)]: family:1, type:1, protocol:0
: lan4_ifnames = ""
sem_get: Key: 410f00aa
sem_get: Key: 410f00aa
[   17.710002] firmadyne: sys_socket[PID: 114 (klogd)]: family:1, type:2, protocol:0
[   17.713007] firmadyne: sys_socket[PID: 114 (klogd)]: family:1, type:1, protocol:0
[   17.714914] firmadyne: sys_socket[PID: 114 (klogd)]: family:1, type:2, protocol:0
[   17.718132] firmadyne: sys_socket[PID: 114 (klogd)]: family:1, type:1, protocol:0
[   17.719593] firmadyne: sys_socket[PID: 114 (klogd)]: family:1, type:2, protocol:0
nvram_set: lan5_ifnames = ""
sem_get: Key: 410f00aa
sem_get: Key: [   17.731025] firmadyne: sys_socket[PID: 114 (klogd)]: family:1, type:1, protocol:0
[   17.732524] firmadyne: sys_socket[PID: 114 (klogd)]: family:1, type:2, protocol:0
410f00aa
nvram_set: [   17.739499] firmadyne: sys_socket[PID: 114 (klogd)]: family:1, type:1, protocol:0
[   17.740962] firmadyne: sys_socket[PID: 114 (klogd)]: family:1, type:2, protocol:0
lan6_ifnames = ""
sem_get: Key: 410f00aa
sem_get: Key: 410f00aa
[   17.751502] firmadyne: sys_socket[PID: 114 (klogd)]: family:1, type:1, protocol:0
[   17.752971] firmadyne: sys_socket[PID: 114 (klogd)]: family:1, type:2, protocol:0
nvram_set: lan7_ifnames = ""
sem_get: Key: 410f00aa
sem_get[   17.763618] firmadyne: sys_socket[PID: 114 (klogd)]: family:1, type:1, protocol:0
[   17.765107] firmadyne: sys_socket[PID: 114 (klogd)]: family:1, type:2, protocol:0
[   17.770010] firmadyne: sys_socket[PID: 114 (klogd)]: family:1, type:1, protocol:0
[   17.771483] firmadyne: sys_socket[PID: 114 (klogd)]: family:1, type:2, protocol:0
: Key: 410f00aa
nvram_set: lan8_ifnames = ""
sem_get: Key: 410f00aa
[   17.782870] firmadyne: sys_socket[PID: 114 (klogd)]: family:1, type:1, protocol:0
[   17.784377] firmadyne: sys_socket[PID: 114 (klogd)]: family:1, type:2, protocol:0
sem_get: Key: 410f00aa
[   17.791534] firmadyne: sys_socket[PID: 114 (klogd)]: family:1, type:1, protocol:0
[   17.793017] firmadyne: sys_socket[PID: 114 (klogd)]: family:1, type:2, protocol:0
nvram_set: lan9_ifnames = ""
sem_get: Key: 410f00aa
sem_get: Key: 410f00aa[   17.803816] firmadyne: sys_socket[PID: 114 (klogd)]: family:1, type:1, protocol:0
[   17.805767] firmadyne: sys_socket[PID: 114 (klogd)]: family:1, type:2, protocol:0
[   17.808711] firmadyne: sys_socket[PID: 114 (klogd)]: family:1, type:1, protocol:0

nvram_set_default: Loading built-in default values = 1!
nvram_set_default: Checking for symbol "router_defaults"...
nvram_set_default[   17.818452] firmadyne: sys_socket[PID: 114 (klogd)]: family:1, type:2, protocol:0
[   17.821791] firmadyne: sys_socket[PID: 114 (klogd)]: family:1, type:1, protocol:0
[   17.823256] firmadyne: sys_socket[PID: 114 (klogd)]: family:1, type:2, protocol:0
: Checking for symbol "Nvrams"...
[   17.831025] firmadyne: sys_socket[PID: 114 (klogd)]: family:1, type:1, protocol:0
[   17.832543] firmadyne: sys_socket[PID: 114 (klogd)]: family:1, type:2, protocol:0
[   17.843501] firmadyne: sys_socket[PID: 114 (klogd)]: family:1, type:1, protocol:0
[   17.844984] firmadyne: sys_socket[PID: 114 (klogd)]: family:1, type:2, protocol:0
nvram_set: time_zone = "GMT+8"
sem_get: Key: 410f00aa
sem_get: Key: 410f00aa
nvram_set: time_daylight = ""
sem_get: Key: 410f00aa
[   17.877989] firmadyne: sys_socket[PID: 114 (klogd)]: family:1, type:1, protocol:0
[   17.879504] firmadyne: sys_socket[PID: 114 (klogd)]: family:1, type:2, protocol:0
sem_get: Key: 410f00aa
[   17.886800] firmadyne: sys_socket[PID: 114 (klogd)]: family:1, type:1, protocol:0
[   17.888297] firmadyne: sys_socket[PID: 114 (klogd)]: family:1, type:2, protocol:0
[   17.895498] firmadyne: sys_socket[PID: 114 (klogd)]: family:1, type:1, protocol:0
[   17.896964] firmadyne: sys_socket[PID: 114 (klogd)]: family:1, type:2, protocol:0
nvram_set: restore_default = "0"
sem_get: Key: 410f00aa
sem_get[   17.907924] firmadyne: sys_socket[PID: 114 (klogd)]: family:1, type:1, protocol:0
[   17.909848] firmadyne: sys_socket[PID: 114 (klogd)]: family:1, type:2, protocol:0
[   17.912791] firmadyne: sys_socket[PID: 114 (klogd)]: family:1, type:1, protocol:0
: Key: 410f00aa
[   17.917970] firmadyne: sys_socket[PID: 114 (klogd)]: family:1, type:2, protocol:0
[   17.920956] firmadyne: sys_socket[PID: 114 (klogd)]: family:1, type:1, protocol:0
nvram_set: wiz_language = "English"
sem_get[   17.930224] firmadyne: sys_socket[PID: 114 (klogd)]: family:1, type:2, protocol:0
[   17.933497] firmadyne: sys_socket[PID: 114 (klogd)]: family:1, type:1, protocol:0
: Key: 410f00aa
sem_get: Key: 410f00aa
[   17.941956] firmadyne: sys_socket[PID: 114 (klogd)]: family:1, type:2, protocol:0
[   17.944950] firmadyne: sys_socket[PID: 114 (klogd)]: family:1, type:1, protocol:0
nvram_set: wiz_country = "US"
sem_get: Key: 410f00aa
[   17.953967] firmadyne: sys_socket[PID: 114 (klogd)]: family:1, type:2, protocol:0
[   17.956950] firmadyne: sys_socket[PID: 114 (klogd)]: family:1, type:1, protocol:0
[   17.958941] firmadyne: sys_socket[PID: 114 (klogd)]: family:1, type:2, protocol:0
[   17.962168] firmadyne: sys_socket[PID: 114 (klogd)]: family:1, type:1, protocol:0
[   17.963627] firmadyne: sys_socket[PID: 114 (klogd)]: family:1, type:2, protocol:0
sem_get: Key: 410f00aa
[   17.974778] firmadyne: sys_socket[PID: 114 (klogd)]: family:1, type:1, protocol:0
[   17.976286] firmadyne: sys_socket[PID: 114 (klogd)]: family:1, type:2, protocol:0
nvram_set: fix_ipaddr = ""
sem_get[   17.983778] firmadyne: sys_socket[PID: 114 (klogd)]: family:1, type:1, protocol:0
: Key: 410f00aa
sem_get: Key: 410f00aa[   17.989676] firmadyne: sys_socket[PID: 114 (klogd)]: family:1, type:2, protocol:0
[   17.992718] firmadyne: sys_socket[PID: 114 (klogd)]: family:1, type:1, protocol:0

nvram_set: fix_netmask = ""
[   18.002351] firmadyne: sys_socket[PID: 114 (klogd)]: family:1, type:2, protocol:0
sem_get: Key: 410f00aa
sem_get: Key: [   18.009905] firmadyne: sys_socket[PID: 114 (klogd)]: family:1, type:1, protocol:0
[   18.011429] firmadyne: sys_socket[PID: 114 (klogd)]: family:1, type:2, protocol:0
410f00aa
[   18.018557] firmadyne: sys_socket[PID: 114 (klogd)]: family:1, type:1, protocol:0
[   18.020071] firmadyne: sys_socket[PID: 114 (klogd)]: family:1, type:2, protocol:0
nvram_set: fix_gateway = ""
[   18.027455] firmadyne: sys_socket[PID: 114 (klogd)]: family:1, type:1, protocol:0
[   18.028932] firmadyne: sys_socket[PID: 114 (klogd)]: family:1, type:2, protocol:0
sem_get: Key: 410f00aa
sem_get: Key: 410f00aa
[   18.039517] firmadyne: sys_socket[PID: 114 (klogd)]: family:1, type:1, protocol:0
[   18.040984] firmadyne: sys_socket[PID: 114 (klogd)]: family:1, type:2, protocol:0
[   18.044398] firmadyne: sys_socket[PID: 114 (klogd)]: family:1, type:1, protocol:0
[   18.046107] firmadyne: sys_socket[PID: 114 (klogd)]: family:1, type:2, protocol:0
[   18.049069] firmadyne: sys_socket[PID: 114 (klogd)]: family:1, type:1, protocol:0
nvram_set: wan_ifname = "ppp0"
sem_get: Key: 410f00aa
sem_get: Key: 410f00aa
[   18.062089] firmadyne: sys_socket[PID: 114 (klogd)]: family:1, type:2, protocol:0
[   18.065117] firmadyne: sys_socket[PID: 114 (klogd)]: family:1, type:1, protocol:0
nvram_set: wan_mode = "pppoe"
[   18.074070] firmadyne: sys_socket[PID: 114 (klogd)]: family:1, type:2, protocol:0
[   18.077085] firmadyne: sys_socket[PID: 114 (klogd)]: family:1, type:1, protocol:0
[   18.078995] firmadyne: sys_socket[PID: 114 (klogd)]: family:1, type:2, protocol:0
[   18.082230] firmadyne: sys_socket[PID: 114 (klogd)]: family:1, type:1, protocol:0
