[    0.000000] Linux version 4.1.17+ (alessio@pc) (gcc version 5.5.0 20171010 (Ubuntu 5.5.0-12ubuntu1) ) #1 Mon May 15 23:04:08 CEST 2023
[    0.000000] earlycon: Early serial console at I/O port 0x3f8 (options '38400n8')
[    0.000000] bootconsole [uart0] enabled
[    0.000000] CPU0 revision is: 00019300 (MIPS 24Kc)
[    0.000000] FPU revision is: 00739300
[    0.000000] Software DMA cache coherency enabled
[    0.000000] Determined physical RAM map:
[    0.000000]  memory: 00001000 @ 00000000 (reserved)
[    0.000000]  memory: 000ef000 @ 00001000 (ROM data)
[    0.000000]  memory: 00798000 @ 000f0000 (reserved)
[    0.000000]  memory: 0f777000 @ 00888000 (usable)
[    0.000000] debug: ignoring loglevel setting.
[    0.000000] Wasting 69888 bytes for tracking 2184 unused pages
[    0.000000] Initrd not found or empty - disabling initrd
[    0.000000] Zone ranges:
[    0.000000]   DMA      [mem 0x0000000000000000-0x0000000000ffffff]
[    0.000000]   Normal   [mem 0x0000000001000000-0x000000000fffefff]
[    0.000000] Movable zone start for each node
[    0.000000] Early memory node ranges
[    0.000000]   node   0: [mem 0x0000000000000000-0x000000000fffefff]
[    0.000000] Initmem setup node 0 [mem 0x0000000000000000-0x000000000fffefff]
[    0.000000] On node 0 totalpages: 65535
[    0.000000] free_area_init_node: node 0, pgdat 8081d5b0, node_mem_map 81000000
[    0.000000]   DMA zone: 32 pages used for memmap
[    0.000000]   DMA zone: 0 pages reserved
[    0.000000]   DMA zone: 4096 pages, LIFO batch:0
[    0.000000]   Normal zone: 480 pages used for memmap
[    0.000000]   Normal zone: 61439 pages, LIFO batch:15
[    0.000000] Primary instruction cache 2kB, VIPT, 2-way, linesize 16 bytes.
[    0.000000] Primary data cache 2kB, 2-way, VIPT, no aliases, linesize 16 bytes
[    0.000000] pcpu-alloc: s0 r0 d32768 u32768 alloc=1*32768
[    0.000000] pcpu-alloc: [0] 0 
[    0.000000] Built 1 zonelists in Zone order, mobility grouping on.  Total pages: 65023
[    0.000000] Kernel command line: root=/dev/sda1 console=ttyS0 nandsim.parts=64,64,64,64,64,64,64,64,64,64 rdinit=/firmadyne/preInit.sh rw debug ignore_loglevel print-fatal-signals=1 FIRMAE_NET=true FIRMAE_NVRAM=true FIRMAE_KERNEL=true FIRMAE_ETC=true user_debug=0 firmadyne.syscall=1 noka
[    0.000000] found FIRMAE_KERNEL=t
[    0.000000] set the LD_PRELOAD=/firmadyne/libnvram_ioctl.so
[    0.000000] PID hash table entries: 1024 (order: 0, 4096 bytes)
[    0.000000] Dentry cache hash table entries: 32768 (order: 5, 131072 bytes)
[    0.000000] Inode-cache hash table entries: 16384 (order: 4, 65536 bytes)
[    0.000000] Writing ErrCtl register=00000000
[    0.000000] Readback ErrCtl register=00000000
[    0.000000] Memory: 251112K/262140K available (5360K kernel code, 244K rwdata, 1676K rodata, 260K init, 158K bss, 11028K reserved, 0K cma-reserved)
[    0.000000] NR_IRQS:256
[    0.000000] CPU frequency 200.01 MHz
[    0.000000] clocksource MIPS: mask: 0xffffffff max_cycles: 0xffffffff, max_idle_ns: 19112125707 ns
[    0.000205] sched_clock: 32 bits at 100MHz, resolution 9ns, wraps every 21474298875ns
[    0.015772] Console: colour dummy device 80x25
[    0.016886] Calibrating delay loop... 24.03 BogoMIPS (lpj=48064)
[    0.073227] pid_max: default: 32768 minimum: 301
[    0.077794] Mount-cache hash table entries: 1024 (order: 0, 4096 bytes)
[    0.078342] Mountpoint-cache hash table entries: 1024 (order: 0, 4096 bytes)
[    0.145872] clocksource jiffies: mask: 0xffffffff max_cycles: 0xffffffff, max_idle_ns: 7645041785100000 ns
[    0.157279] NET: Registered protocol family 16
[    0.452026] clocksource pit: mask: 0xffffffff max_cycles: 0xffffffff, max_idle_ns: 1601818034827 ns
[    0.616436] vgaarb: loaded
[    0.622401] SCSI subsystem initialized
[    0.625043] libata version 3.00 loaded.
[    0.629662] usbcore: registered new interface driver usbfs
[    0.631126] usbcore: registered new interface driver hub
[    0.632251] usbcore: registered new device driver usb
[    0.635177] pps_core: LinuxPPS API ver. 1 registered
[    0.635593] pps_core: Software ver. 5.3.6 - Copyright 2005-2007 Rodolfo Giometti <giometti@linux.it>
[    0.636561] PTP clock support registered
[    0.641859] PCI host bridge to bus 0000:00
[    0.642645] pci_bus 0000:00: root bus resource [mem 0x10000000-0x17ffffff]
[    0.643285] pci_bus 0000:00: root bus resource [io  0x1000-0x1fffff]
[    0.643907] pci_bus 0000:00: root bus resource [??? 0x00000000 flags 0x0]
[    0.644505] pci_bus 0000:00: No busn resource found for root bus, will use [bus 00-ff]
[    0.645998] pci 0000:00:00.0: [11ab:4620] type 00 class 0x060000
[    0.646990] pci 0000:00:00.0: [Firmware Bug]: reg 0x14: invalid BAR (can't size)
[    0.647617] pci 0000:00:00.0: [Firmware Bug]: reg 0x18: invalid BAR (can't size)
[    0.648239] pci 0000:00:00.0: [Firmware Bug]: reg 0x1c: invalid BAR (can't size)
[    0.648856] pci 0000:00:00.0: [Firmware Bug]: reg 0x20: invalid BAR (can't size)
[    0.649635] pci 0000:00:00.0: [Firmware Bug]: reg 0x24: invalid BAR (can't size)
[    0.653899] pci 0000:00:0a.0: [8086:7110] type 00 class 0x060100
[    0.657473] pci 0000:00:0a.1: [8086:7111] type 00 class 0x010180
[    0.658484] pci 0000:00:0a.1: reg 0x20: [io  0x0000-0x000f]
[    0.659107] pci 0000:00:0a.1: legacy IDE quirk: reg 0x10: [io  0x01f0-0x01f7]
[    0.659701] pci 0000:00:0a.1: legacy IDE quirk: reg 0x14: [io  0x03f6]
[    0.660290] pci 0000:00:0a.1: legacy IDE quirk: reg 0x18: [io  0x0170-0x0177]
[    0.660883] pci 0000:00:0a.1: legacy IDE quirk: reg 0x1c: [io  0x0376]
[    0.664385] pci 0000:00:0a.2: [8086:7112] type 00 class 0x0c0300
[    0.665097] pci 0000:00:0a.2: reg 0x20: [io  0x0000-0x001f]
[    0.668560] pci 0000:00:0a.3: [8086:7113] type 00 class 0x068000
[    0.670379] pci 0000:00:0a.3: quirk: [io  0x1000-0x103f] claimed by PIIX4 ACPI
[    0.671211] pci 0000:00:0a.3: quirk: [io  0x1100-0x110f] claimed by PIIX4 SMB
[    0.674628] pci 0000:00:12.0: [1013:00b8] type 00 class 0x030000
[    0.675427] pci 0000:00:12.0: reg 0x10: [mem 0x00000000-0x01ffffff pref]
[    0.676056] pci 0000:00:12.0: reg 0x14: [mem 0x00000000-0x00000fff]
[    0.676739] pci 0000:00:12.0: reg 0x30: [mem 0x00000000-0x0000ffff pref]
[    0.679715] vgaarb: device added: PCI:0000:00:12.0,decodes=io+mem,owns=none,locks=none
[    0.681037] pci 0000:00:13.0: [8086:100e] type 00 class 0x020000
[    0.681680] pci 0000:00:13.0: reg 0x10: [mem 0x00000000-0x0001ffff]
[    0.682269] pci 0000:00:13.0: reg 0x14: [io  0x0000-0x003f]
[    0.682943] pci 0000:00:13.0: reg 0x30: [mem 0x00000000-0x0003ffff pref]
[    0.686286] pci 0000:00:14.0: [8086:100e] type 00 class 0x020000
[    0.686950] pci 0000:00:14.0: reg 0x10: [mem 0x00000000-0x0001ffff]
[    0.687726] pci 0000:00:14.0: reg 0x14: [io  0x0000-0x003f]
[    0.688387] pci 0000:00:14.0: reg 0x30: [mem 0x00000000-0x0003ffff pref]
[    0.691950] pci 0000:00:15.0: [8086:100e] type 00 class 0x020000
[    0.692602] pci 0000:00:15.0: reg 0x10: [mem 0x00000000-0x0001ffff]
[    0.693229] pci 0000:00:15.0: reg 0x14: [io  0x0000-0x003f]
[    0.693896] pci 0000:00:15.0: reg 0x30: [mem 0x00000000-0x0003ffff pref]
[    0.697326] pci 0000:00:16.0: [8086:100e] type 00 class 0x020000
[    0.697970] pci 0000:00:16.0: reg 0x10: [mem 0x00000000-0x0001ffff]
[    0.698551] pci 0000:00:16.0: reg 0x14: [io  0x0000-0x003f]
[    0.699207] pci 0000:00:16.0: reg 0x30: [mem 0x00000000-0x0003ffff pref]
[    0.702789] pci_bus 0000:00: busn_res: [bus 00-ff] end is updated to 00
[    0.704520] pci 0000:00:12.0: BAR 0: assigned [mem 0x10000000-0x11ffffff pref]
[    0.705325] pci 0000:00:13.0: BAR 6: assigned [mem 0x12000000-0x1203ffff pref]
[    0.706040] pci 0000:00:14.0: BAR 6: assigned [mem 0x12040000-0x1207ffff pref]
[    0.706715] pci 0000:00:15.0: BAR 6: assigned [mem 0x12080000-0x120bffff pref]
[    0.707399] pci 0000:00:16.0: BAR 6: assigned [mem 0x120c0000-0x120fffff pref]
[    0.708087] pci 0000:00:13.0: BAR 0: assigned [mem 0x12100000-0x1211ffff]
[    0.708884] pci 0000:00:14.0: BAR 0: assigned [mem 0x12120000-0x1213ffff]
[    0.709542] pci 0000:00:15.0: BAR 0: assigned [mem 0x12140000-0x1215ffff]
[    0.710219] pci 0000:00:16.0: BAR 0: assigned [mem 0x12160000-0x1217ffff]
[    0.710889] pci 0000:00:12.0: BAR 6: assigned [mem 0x12180000-0x1218ffff pref]
[    0.711552] pci 0000:00:12.0: BAR 1: assigned [mem 0x12190000-0x12190fff]
[    0.712226] pci 0000:00:13.0: BAR 1: assigned [io  0x1040-0x107f]
[    0.712976] pci 0000:00:14.0: BAR 1: assigned [io  0x1080-0x10bf]
[    0.713576] pci 0000:00:15.0: BAR 1: assigned [io  0x10c0-0x10ff]
[    0.714192] pci 0000:00:16.0: BAR 1: assigned [io  0x1400-0x143f]
[    0.714803] pci 0000:00:0a.2: BAR 4: assigned [io  0x1440-0x145f]
[    0.715410] pci 0000:00:0a.1: BAR 4: assigned [io  0x1460-0x146f]
[    0.734263] cfg80211: Calling CRDA to update world regulatory domain
[    0.749050] Switched to clocksource MIPS
[    0.873176] NET: Registered protocol family 2
[    0.886447] TCP established hash table entries: 2048 (order: 1, 8192 bytes)
[    0.887698] TCP bind hash table entries: 2048 (order: 1, 8192 bytes)
[    0.888888] TCP: Hash tables configured (established 2048 bind 2048)
[    0.890246] UDP hash table entries: 256 (order: 0, 4096 bytes)
[    0.891006] UDP-Lite hash table entries: 256 (order: 0, 4096 bytes)
[    0.895485] NET: Registered protocol family 1
[    0.897489] PCI: Enabling device 0000:00:0a.2 (0000 -> 0001)
[    0.899149] PCI: CLS 0 bytes, default 16
[    0.935050] futex hash table entries: 256 (order: -1, 3072 bytes)
[    0.953618] squashfs: version 4.0 (2009/01/31) Phillip Lougher
[    0.956318] jffs2: version 2.2. (NAND) Â© 2001-2006 Red Hat, Inc.
[    0.960078] romfs: ROMFS MTD (C) 2007 Red Hat, Inc.
[    0.987083] Block layer SCSI generic (bsg) driver version 0.4 loaded (major 251)
[    0.987793] io scheduler noop registered
[    0.988559] io scheduler cfq registered (default)
[    0.989868] firmadyne: devfs: 1, execute: 1, procfs: 1, syscall: 1
[    0.996024] firmadyne: Cannot register character device: gpio, 0xfc, 0x0!
[    1.005506] firmadyne: Cannot register character device: watchdog, 0xa, 0x82!
[    1.006051] firmadyne: Cannot register character device: wdt, 0xfd, 0x0!
[    2.883369] strName = 4.1.17+
[    2.883369] init_task_addr  = 2155778944
[    2.883369] init_task_size  = 1296
[    2.883369] ts_tasks        = 292
[    2.883369] ts_pid          = 408
[    2.883369] ts_tgid         = 412
[    2.883369] ts_group_leader = 440
[    2.883369] ts_thread_group = 496
[    2.883369] ts_real_parent  = 416
[    2.883369] ts_mm           = 300
[    2.883369] ts_stack        = 4
[    2.886181] module_name   = 12
[    2.886181] module_size   = 208
[    2.886181] module_init   = 200
[    2.886181] module_list   = 4
[    2.887185] ts_real_cred    = 624
[    2.887185] ts_cred         = 628
[    2.887185] ts_comm         = 632
[    2.887185] cred_uid        = 4
[    2.887185] cred_gid        = 8
[    2.887185] cred_euid       = 20
[    2.887185] cred_egid       = 24
[    2.888788] mm_mmap         = 0
[    2.888788] mm_pgd          = 32
[    2.888788] mm_arg_start    = 136
[    2.888788] mm_start_brk    = 124
[    2.888788] mm_brk          = 128
[    2.888788] mm_start_stack  = 132
[    2.890545] vma_vm_start    = 0
[    2.890545] vma_vm_end      = 4
[    2.890545] vma_vm_next     = 8
[    2.890545] vma_vm_file     = 80
[    2.890545] vma_vm_flags    = 40
[    2.890545] vma_vm_pgoff    = 76
[    2.891961] file_dentry     = 12
[    2.891961] file_inode      = 40
[    2.891961] dentry_d_name   = 24
[    2.891961] dentry_d_iname  = 44
[    2.891961] dentry_d_parent = 16
[    2.891961] ti_task         = 0
[    2.891961] inode_ino   = 28
[    4.064560] proc_fork_connector  = 2151078840
[    4.064964] proc_exit_connector  = 2151080432
[    4.065453] proc_exec_connector  = 2151079052
[    4.065797] vma_link  = 2149124372
[    4.066090] vma_adjust  = 2149124540
[    4.066386] remove_vma  = 2149122188
[    4.066689] modules  = 2155833724
[    4.066981] trim_init_extable  = 2150545316
[    4.068308] cfg80211: Calling CRDA to update world regulatory domain
[    4.072222] PCI: Enabling device 0000:00:12.0 (0000 -> 0002)
[    4.073861] cirrusfb 0000:00:12.0: Cirrus Logic chipset on PCI bus, RAM (4096 kB) at 0x10000000
[    4.324067] Console: switching to colour frame buffer device 80x30
[    4.403030] Serial: 8250/16550 driver, 4 ports, IRQ sharing enabled
[    4.419433] console [ttyS0] disabled
[    4.448220] serial8250.0: ttyS0 at I/O 0x3f8 (irq = 4, base_baud = 115200) is a 16550A
[    4.449648] console [ttyS0] enabled
[    4.449648] console [ttyS0] enabled
[    4.450292] bootconsole [uart0] disabled
[    4.450292] bootconsole [uart0] disabled
[    4.483662] serial8250.0: ttyS1 at I/O 0x2f8 (irq = 3, base_baud = 115200) is a 16550A
[    4.620918] brd: module loaded
[    4.691576] loop: module loaded
[    4.699074] ata_piix 0000:00:0a.1: version 2.13
[    4.699694] PCI: Enabling device 0000:00:0a.1 (0000 -> 0001)
[    4.728720] scsi host0: ata_piix
[    4.735158] scsi host1: ata_piix
[    4.739537] ata1: PATA max UDMA/33 cmd 0x1f0 ctl 0x3f6 bmdma 0x1460 irq 14
[    4.740136] ata2: PATA max UDMA/33 cmd 0x170 ctl 0x376 bmdma 0x1468 irq 15
[    4.747707] [nandsim] warning: read_byte: unexpected data output cycle, state is STATE_READY return 0x0
[    4.748387] [nandsim] warning: read_byte: unexpected data output cycle, state is STATE_READY return 0x0
[    4.749229] [nandsim] warning: read_byte: unexpected data output cycle, state is STATE_READY return 0x0
[    4.749883] [nandsim] warning: read_byte: unexpected data output cycle, state is STATE_READY return 0x0
[    4.750512] [nandsim] warning: read_byte: unexpected data output cycle, state is STATE_READY return 0x0
[    4.751145] [nandsim] warning: read_byte: unexpected data output cycle, state is STATE_READY return 0x0
[    4.751986] nand: device found, Manufacturer ID: 0x98, Chip ID: 0x39
[    4.752471] nand: Toshiba NAND 128MiB 1,8V 8-bit
[    4.752947] nand: 128 MiB, SLC, erase size: 16 KiB, page size: 512, OOB size: 16
[    4.754923] flash size: 128 MiB
[    4.755218] page size: 512 bytes
[    4.755509] OOB area size: 16 bytes
[    4.755814] sector size: 16 KiB
[    4.756093] pages number: 262144
[    4.756380] pages per sector: 32
[    4.756664] bus width: 8
[    4.756939] bits in sector size: 14
[    4.757390] bits in page size: 9
[    4.757691] bits in OOB size: 4
[    4.757986] flash size with OOB: 135168 KiB
[    4.758317] page address bytes: 4
[    4.758607] sector address bytes: 3
[    4.758936] options: 0x42
[    4.852590] Scanning device for bad blocks
[    6.236178] ata2.01: NODEV after polling detection
[    6.237007] ata1.01: NODEV after polling detection
[    6.239065] ata2.00: ATAPI: QEMU DVD-ROM, 2.5+, max UDMA/100
[    6.241806] ata1.00: ATA-7: QEMU HARDDISK, 2.5+, max UDMA/100
[    6.242329] ata1.00: 2097152 sectors, multi 16: LBA48 
[    6.248884] ata2.00: configured for UDMA/33
[    6.251568] ata1.00: configured for UDMA/33
[    6.261327] scsi 0:0:0:0: Direct-Access     ATA      QEMU HARDDISK    2.5+ PQ: 0 ANSI: 5
[    6.279300] sd 0:0:0:0: [sda] 2097152 512-byte logical blocks: (1.07 GB/1.00 GiB)
[    6.281318] scsi 1:0:0:0: CD-ROM            QEMU     QEMU DVD-ROM     2.5+ PQ: 0 ANSI: 5
[    6.296526] sd 0:0:0:0: [sda] Write Protect is off
[    6.297309] sd 0:0:0:0: [sda] Mode Sense: 00 3a 00 00
[    6.299059] sd 0:0:0:0: [sda] Write cache: enabled, read cache: enabled, doesn't support DPO or FUA
[    6.311864]  sda: sda1
[    6.325913] sd 0:0:0:0: [sda] Attached SCSI disk
[    6.326534] Creating 11 MTD partitions on "NAND 128MiB 1,8V 8-bit":
[    6.327282] 0x000000000000-0x000000100000 : "NAND simulator partition 0"
[    6.340043] 0x000000100000-0x000000200000 : "NAND simulator partition 1"
[    6.351992] 0x000000200000-0x000000300000 : "NAND simulator partition 2"
[    6.364287] 0x000000300000-0x000000400000 : "NAND simulator partition 3"
[    6.376606] 0x000000400000-0x000000500000 : "NAND simulator partition 4"
[    6.389252] 0x000000500000-0x000000600000 : "NAND simulator partition 5"
[    6.401944] 0x000000600000-0x000000700000 : "NAND simulator partition 6"
[    6.414758] 0x000000700000-0x000000800000 : "NAND simulator partition 7"
[    6.427595] 0x000000800000-0x000000900000 : "NAND simulator partition 8"
[    6.439526] 0x000000900000-0x000000a00000 : "NAND simulator partition 9"
[    6.451539] 0x000000a00000-0x000008000000 : "NAND simulator partition 10"
[    6.503610] tun: Universal TUN/TAP device driver, 1.6
[    6.504065] tun: (C) 1999-2004 Max Krasnyansky <maxk@qualcomm.com>
[    6.508155] pcnet32: pcnet32.c:v1.35 21.Apr.2008 tsbogend@alpha.franken.de
[    6.509807] e1000: Intel(R) PRO/1000 Network Driver - version 7.3.21-k8-NAPI
[    6.510316] e1000: Copyright (c) 1999-2006 Intel Corporation.
[    6.511429] PCI: Enabling device 0000:00:13.0 (0000 -> 0003)
[    6.847339] e1000 0000:00:13.0 eth0: (PCI:33MHz:32-bit) 52:54:00:12:34:56
[    6.848118] e1000 0000:00:13.0 eth0: Intel(R) PRO/1000 Network Connection
[    6.848969] PCI: Enabling device 0000:00:14.0 (0000 -> 0003)
[    7.169596] e1000 0000:00:14.0 eth1: (PCI:33MHz:32-bit) 52:54:00:12:34:57
[    7.170241] e1000 0000:00:14.0 eth1: Intel(R) PRO/1000 Network Connection
[    7.171052] PCI: Enabling device 0000:00:15.0 (0000 -> 0003)
[    7.441724] cfg80211: Calling CRDA to update world regulatory domain
[    7.491504] e1000 0000:00:15.0 eth2: (PCI:33MHz:32-bit) 52:54:00:12:34:58
[    7.492214] e1000 0000:00:15.0 eth2: Intel(R) PRO/1000 Network Connection
[    7.493284] PCI: Enabling device 0000:00:16.0 (0000 -> 0003)
[    7.814659] e1000 0000:00:16.0 eth3: (PCI:33MHz:32-bit) 52:54:00:12:34:59
[    7.815288] e1000 0000:00:16.0 eth3: Intel(R) PRO/1000 Network Connection
[    7.816942] e1000e: Intel(R) PRO/1000 Network Driver - 2.3.2-k
[    7.817538] e1000e: Copyright(c) 1999 - 2014 Intel Corporation.
[    7.823142] PPP generic driver version 2.4.2
[    7.825889] PPP Deflate Compression module registered
[    7.826676] PPP MPPE Compression module registered
[    7.827171] NET: Registered protocol family 24
[    7.828035] ehci_hcd: USB 2.0 'Enhanced' Host Controller (EHCI) Driver
[    7.828658] ehci-pci: EHCI PCI platform driver
[    7.830262] ohci_hcd: USB 1.1 'Open' Host Controller (OHCI) Driver
[    7.830869] ohci-pci: OHCI PCI platform driver
[    7.832245] uhci_hcd: USB Universal Host Controller Interface driver
[    7.834337] uhci_hcd 0000:00:0a.2: UHCI Host Controller
[    7.835283] uhci_hcd 0000:00:0a.2: new USB bus registered, assigned bus number 1
[    7.836519] uhci_hcd 0000:00:0a.2: irq 11, io base 0x00001440
[    7.850380] hub 1-0:1.0: USB hub found
[    7.851419] hub 1-0:1.0: 2 ports detected
[    7.863230] usbcore: registered new interface driver usb-storage
[    7.868581] mousedev: PS/2 mouse device common for all mice
[    7.876466] rtc_cmos rtc_cmos: rtc core: registered rtc_cmos as rtc0
[    7.877533] rtc_cmos rtc_cmos: alarms up to one day, 242 bytes nvram
[    7.879284] i2c /dev entries driver
[    7.880819] piix4_smbus 0000:00:0a.3: SMBus Host Controller at 0x1100, revision 0
[    7.886842] sdhci: Secure Digital Host Controller Interface driver
[    7.887293] sdhci: Copyright(c) Pierre Ossman
[    7.890323] hidraw: raw HID events driver (C) Jiri Kosina
[    7.913770] usbcore: registered new interface driver usbhid
[    7.914214] usbhid: USB HID core driver
[    7.915526] Netfilter messages via NETLINK v0.30.
[    7.917305] nf_conntrack version 0.5.0 (3923 buckets, 15692 max)
[    7.921391] ctnetlink v0.93: registering with nfnetlink.
[    7.928577] ipip: IPv4 over IPv4 tunneling driver
[    7.943822] ip_tables: (C) 2000-2006 Netfilter Core Team
[    7.947399] arp_tables: (C) 2002 David S. Miller
[    7.949808] Initializing XFRM netlink socket
[    7.951250] NET: Registered protocol family 10
[    7.979255] ip6_tables: (C) 2000-2006 Netfilter Core Team
[    7.983908] sit: IPv6 over IPv4 tunneling driver
[    8.005514] NET: Registered protocol family 17
[    8.006638] bridge: automatic filtering via arp/ip/ip6tables has been deprecated. Update your scripts to load br_netfilter if you need this.
[    8.007969] Bridge firewalling registered
[    8.008476] Ebtables v2.0 registered
[    8.011317] 8021q: 802.1Q VLAN Support v1.8
[    8.038261] rtc_cmos rtc_cmos: setting system clock to 2025-07-28 00:13:52 UTC (1753661632)
[    8.064147] EXT2-fs (sda1): warning: mounting unchecked fs, running e2fsck is recommended
[    8.066780] VFS: Mounted root (ext2 filesystem) on device 8:1.
[    8.077918] Freeing YAMON memory: 956k freed
[    8.091203] Freeing unused kernel memory: 260K (8081f000 - 80860000)
[    8.158463] spurious 8259A interrupt: IRQ7.
[    8.202574] firmadyne: sys_reboot[PID: 48 (init)]: magic1:fee1dead, magic2:28121969, cmd:0
init started:  BusyBox v1.00 (2009.03.06-06:20+0000) multi-call binary
init started:  BusyBox v1.00 (2009.03.06-06:20+0000) multi-call binary
Starting pid 50, console /dev/ttyS0: '/usr/etc/rcS'
[    8.499523] firmadyne: do_execve: /firmadyne/console
[    8.500239] OFFSETS: offset of pid: 0x198 offset of comm: 0x278
[   10.585440] cfg80211: Calling CRDA to update world regulatory domain
insmod: cannot open module `/lib/modules/vnet.ko': No such file or directory
[   12.908242] random: nonblocking pool is initialized
[   12.942912] firmadyne: ioctl: 0x1
insmod finish
BcmAtm_Initialize: open error 6
/usr/sbin/atmctl: ATM driver return code, state error
BcmAdsl : open error 6
/usr/sbin/adslctl: BcmAdsl_Initialize error
BcmAdsl : open error 6
/usr/sbin/adslctl->ConnectionHandler: BcmAdsl_ConnectionStart error
BcmAtm_Initialize: open error 6
ATM Operation Failed , 2 
/usr/sbin/atmctl: ATM driver return code, state error
[   13.380932] firmadyne: sys_socket[PID: 103 (brctl)]: family:2, type:2, protocol:0
[   13.452353] firmadyne: sys_socket[PID: 104 (brctl)]: family:2, type:2, protocol:0
[   13.512493] firmadyne: sys_socket[PID: 105 (ifconfig)]: family:2, type:1, protocol:0
[   13.527270] IPv6: ADDRCONF(NETDEV_UP): eth0: link is not ready
[   13.527926] 8021q: adding VLAN 0 to HW filter on device eth0
[   13.533799] e1000: eth0 NIC Link is Up 1000 Mbps Full Duplex, Flow Control: RX
[   13.535848] IPv6: ADDRCONF(NETDEV_CHANGE): eth0: link becomes ready
[   13.596740] firmadyne: sys_socket[PID: 106 (brctl)]: family:2, type:2, protocol:0
[   13.598623] firmadyne: sys_socket[PID: 106 (brctl)]: family:10, type:1, protocol:0
[   13.600915] firmadyne: br_add_if[PID: 106 (brctl)]: br:br0 dev:eth0
[   13.607596] device eth0 entered promiscuous mode
[   13.665505] firmadyne: sys_socket[PID: 107 (ifconfig)]: family:2, type:1, protocol:0
[   13.677943] IPv6: ADDRCONF(NETDEV_UP): eth1: link is not ready
[   13.678589] 8021q: adding VLAN 0 to HW filter on device eth1
[   13.683683] e1000: eth1 NIC Link is Up 1000 Mbps Full Duplex, Flow Control: RX
[   13.686313] IPv6: ADDRCONF(NETDEV_CHANGE): eth1: link becomes ready
[   13.729445] cfg80211: Calling CRDA to update world regulatory domain
[   13.746746] firmadyne: sys_socket[PID: 108 (brctl)]: family:2, type:2, protocol:0
[   13.748369] firmadyne: sys_socket[PID: 108 (brctl)]: family:10, type:1, protocol:0
[   13.750408] firmadyne: br_add_if[PID: 108 (brctl)]: br:br0 dev:eth1
[   13.756029] device eth1 entered promiscuous mode
[   13.876129] firmadyne: sys_socket[PID: 110 (ifconfig)]: family:2, type:1, protocol:0
[   13.879281] firmadyne: __inet_insert_ifa[PID: 110 (ifconfig)]: device:lo ifa:0x7f000001
[   13.884086] firmadyne: __inet_insert_ifa[PID: 110 (ifconfig)]: device:lo ifa:0x7f000001
[   13.949062] firmadyne: sys_socket[PID: 111 (route)]: family:2, type:1, protocol:0
[   14.255466] firmadyne: sys_socket[PID: 114 (klogd)]: family:1, type:1, protocol:0
[   14.257896] firmadyne: sys_socket[PID: 114 (klogd)]: family:1, type:2, protocol:0
[   14.275836] firmadyne: sys_socket[PID: 114 (klogd)]: family:1, type:1, protocol:0
[   14.277793] firmadyne: sys_socket[PID: 114 (klogd)]: family:1, type:2, protocol:0
[   14.280731] firmadyne: sys_socket[PID: 114 (klogd)]: family:1, type:1, protocol:0
[   14.292793] firmadyne: sys_socket[PID: 114 (klogd)]: family:1, type:2, protocol:0
[   14.296433] firmadyne: sys_socket[PID: 114 (klogd)]: family:1, type:1, protocol:0
[   14.301912] firmadyne: sys_socket[PID: 114 (klogd)]: family:1, type:2, protocol:0
[   14.304919] firmadyne: sys_socket[PID: 114 (klogd)]: family:1, type:1, protocol:0
[   14.314126] firmadyne: sys_socket[PID: 114 (klogd)]: family:1, type:2, protocol:0
[   14.323340] firmadyne: sys_socket[PID: 114 (klogd)]: family:1, type:1, protocol:0
[   14.324850] firmadyne: sys_socket[PID: 114 (klogd)]: family:1, type:2, protocol:0
[   14.328106] firmadyne: sys_socket[PID: 114 (klogd)]: family:1, type:1, protocol:0
[   14.333901] firmadyne: sys_socket[PID: 114 (klogd)]: family:1, type:2, protocol:0
[   14.337019] firmadyne: sys_socket[PID: 114 (klogd)]: family:1, type:1, protocol:0
[   14.345833] firmadyne: sys_socket[PID: 114 (klogd)]: family:1, type:2, protocol:0
[   14.348781] firmadyne: sys_socket[PID: 114 (klogd)]: family:1, type:1, protocol:0
[   14.358019] firmadyne: sys_socket[PID: 114 (klogd)]: family:1, type:2, protocol:0
[   14.360994] firmadyne: sys_socket[PID: 114 (klogd)]: family:1, type:1, protocol:0
[   14.362858] firmadyne: sys_socket[PID: 114 (klogd)]: family:1, type:2, protocol:0
[   14.365929] firmadyne: sys_socket[PID: 114 (klogd)]: family:1, type:1, protocol:0
[   14.367393] firmadyne: sys_socket[PID: 114 (klogd)]: family:1, type:2, protocol:0
nvram_init: Initializing NVRAM...
[   14.378782] firmadyne: sys_socket[PID: 114 (klogd)]: family:1, type:1, protocol:0
[   14.380267] firmadyne: sys_socket[PID: 114 (klogd)]: family:1, type:2, protocol:0
sem_get: Key: 41012003
[   14.387530] firmadyne: sys_socket[PID: 114 (klogd)]: family:1, type:1, protocol:0
[   14.389044] firmadyne: sys_socket[PID: 114 (klogd)]: family:1, type:2, protocol:0
[   14.399358] firmadyne: sys_socket[PID: 114 (klogd)]: family:1, type:1, protocol:0
[   14.400877] firmadyne: sys_socket[PID: 114 (klogd)]: family:1, type:2, protocol:0
sem_get: Key: 410f00aa
nvram_set_default_builtin: Setting built-in default values!
[   14.411442] firmadyne: sys_socket[PID: 114 (klogd)]: family:1, type:1, protocol:0
[   14.412860] firmadyne: sys_socket[PID: 114 (klogd)]: family:1, type:2, protocol:0
[   14.416267] firmadyne: sys_socket[PID: 114 (klogd)]: family:1, type:1, protocol:0
[   14.417941] firmadyne: sys_socket[PID: 114 (klogd)]: family:1, type:2, protocol:0
[   14.420777] firmadyne: sys_socket[PID: 114 (klogd)]: family:1, type:1, protocol:0
nvram_set: console_loglevel = "7"
sem_get: Key: 410f00aa
[   14.429913] firmadyne: sys_socket[PID: 114 (klogd)]: family:1, type:2, protocol:0
[   14.432792] firmadyne: sys_socket[PID: 114 (klogd)]: family:1, type:1, protocol:0
sem_get: Key: 410f00aa
nvram_set: restore_defaults = "1"
sem_get[   14.442171] firmadyne: sys_socket[PID: 114 (klogd)]: family:1, type:2, protocol:0
[   14.445331] firmadyne: sys_socket[PID: 114 (klogd)]: family:1, type:1, protocol:0
: Key: 410f00aa
sem_get: Key: 410f00aa
nvram_set: [   14.453910] firmadyne: sys_socket[PID: 114 (klogd)]: family:1, type:2, protocol:0
[   14.456817] firmadyne: sys_socket[PID: 114 (klogd)]: family:1, type:1, protocol:0
[   14.458808] firmadyne: sys_socket[PID: 114 (klogd)]: family:1, type:2, protocol:0
[   14.461997] firmadyne: sys_socket[PID: 114 (klogd)]: family:1, type:1, protocol:0
[   14.463467] firmadyne: sys_socket[PID: 114 (klogd)]: family:1, type:2, protocol:0
sku_name = ""
sem_get: Key: 410f00aa
sem_get: Key: 410f00aa
[   14.474627] firmadyne: sys_socket[PID: 114 (klogd)]: family:1, type:1, protocol:0
[   14.476118] firmadyne: sys_socket[PID: 114 (klogd)]: family:1, type:2, protocol:0
nvram_set: wla_wlanstate = ""
sem_get: Key: 410f00aa[   14.484753] firmadyne: sys_socket[PID: 114 (klogd)]: family:1, type:1, protocol:0

sem_get: Key: 410f00aa
nvram_set: lan_if = "br0"
[   14.494689] firmadyne: sys_socket[PID: 114 (klogd)]: family:1, type:2, protocol:0
[   14.497964] firmadyne: sys_socket[PID: 114 (klogd)]: family:1, type:1, protocol:0
[   14.499452] firmadyne: sys_socket[PID: 114 (klogd)]: family:1, type:2, protocol:0
sem_get: Key: 410f00aa
sem_get[   14.507132] firmadyne: sys_socket[PID: 114 (klogd)]: family:1, type:1, protocol:0
[   14.508655] firmadyne: sys_socket[PID: 114 (klogd)]: family:1, type:2, protocol:0
: Key: 410f00aa
nvram_set[   14.515393] firmadyne: sys_socket[PID: 114 (klogd)]: family:1, type:1, protocol:0
[   14.516860] firmadyne: sys_socket[PID: 114 (klogd)]: family:1, type:2, protocol:0
: lan_ipaddr = "192.168.0.50"
sem_get: Key: 410f00aa
sem_get: Key: 410f00aa[   14.527476] firmadyne: sys_socket[PID: 114 (klogd)]: family:1, type:1, protocol:0
[   14.528939] firmadyne: sys_socket[PID: 114 (klogd)]: family:1, type:2, protocol:0

nvram_set: lan_bipaddr[   14.535916] firmadyne: sys_socket[PID: 114 (klogd)]: family:1, type:1, protocol:0
 = "192.168.0.255"
sem_get: Key: 410f00aa
[   14.541808] firmadyne: sys_socket[PID: 114 (klogd)]: family:1, type:2, protocol:0
[   14.544739] firmadyne: sys_socket[PID: 114 (klogd)]: family:1, type:1, protocol:0
sem_get: Key: 410f00aa
[   14.549876] firmadyne: sys_socket[PID: 114 (klogd)]: family:1, type:2, protocol:0
[   14.552815] firmadyne: sys_socket[PID: 114 (klogd)]: family:1, type:1, protocol:0
nvram_set: lan_netmask = "255.255.255.0[   14.558149] firmadyne: sys_socket[PID: 114 (klogd)]: family:1, type:2, protocol:0
[   14.561052] firmadyne: sys_socket[PID: 114 (klogd)]: family:1, type:1, protocol:0
"
sem_get: Key: 410f00aa
sem_get: Key: 410f00aa
[   14.569859] firmadyne: sys_socket[PID: 114 (klogd)]: family:1, type:2, protocol:0
[   14.572743] firmadyne: sys_socket[PID: 114 (klogd)]: family:1, type:1, protocol:0
nvram_set: time_zone = "PST8PDT"
[   14.578019] firmadyne: sys_socket[PID: 114 (klogd)]: family:1, type:2, protocol:0
[   14.580845] firmadyne: sys_socket[PID: 114 (klogd)]: family:1, type:1, protocol:0
sem_get: Key: 410f00aa
sem_get: Key: [   14.589879] firmadyne: sys_socket[PID: 114 (klogd)]: family:1, type:2, protocol:0
[   14.592787] firmadyne: sys_socket[PID: 114 (klogd)]: family:1, type:1, protocol:0
410f00aa
nvram_set: wan_hwaddr_def = "01:23:45:67:89:ab"
sem_get: Key: 410f00aa
[   14.602065] firmadyne: sys_socket[PID: 114 (klogd)]: family:1, type:2, protocol:0
[   14.604982] firmadyne: sys_socket[PID: 114 (klogd)]: family:1, type:1, protocol:0
sem_get: Key: 410f00aa
nvram_set: wan_ifname = "eth0"
[   14.614270] firmadyne: sys_socket[PID: 114 (klogd)]: family:1, type:2, protocol:0
[   14.617347] firmadyne: sys_socket[PID: 114 (klogd)]: family:1, type:1, protocol:0
[   14.618989] firmadyne: sys_socket[PID: 114 (klogd)]: family:1, type:2, protocol:0
[   14.622064] firmadyne: sys_socket[PID: 114 (klogd)]: family:1, type:1, protocol:0
[   14.623497] firmadyne: sys_socket[PID: 114 (klogd)]: family:1, type:2, protocol:0
sem_get: Key: 410f00aa
sem_get: Key: 410f00aa
nvram_set: [   14.634536] firmadyne: sys_socket[PID: 114 (klogd)]: family:1, type:1, protocol:0
[   14.636011] firmadyne: sys_socket[PID: 114 (klogd)]: family:1, type:2, protocol:0
lan_ifnames = "eth1 eth2 eth3 eth4"
sem_get: Key: 410f00aa
[   14.643250] firmadyne: sys_socket[PID: 114 (klogd)]: family:1, type:1, protocol:0
[   14.644695] firmadyne: sys_socket[PID: 114 (klogd)]: family:1, type:2, protocol:0
sem_get: Key: 410f00aa
[   14.651677] firmadyne: sys_socket[PID: 114 (klogd)]: family:1, type:1, protocol:0
[   14.653351] firmadyne: sys_socket[PID: 114 (klogd)]: family:1, type:2, protocol:0
nvram_set: ethConver = "1"
sem_get: Key: 410f00aa
[   14.663527] firmadyne: sys_socket[PID: 114 (klogd)]: family:1, type:1, protocol:0
[   14.664964] firmadyne: sys_socket[PID: 114 (klogd)]: family:1, type:2, protocol:0
sem_get: Key: 410f00aa
nvram_set: lan_proto = "dhcp"
sem_get: Key: [   14.675528] firmadyne: sys_socket[PID: 114 (klogd)]: family:1, type:1, protocol:0
[   14.676975] firmadyne: sys_socket[PID: 114 (klogd)]: family:1, type:2, protocol:0
[   14.680175] firmadyne: sys_socket[PID: 114 (klogd)]: family:1, type:1, protocol:0
410f00aa
sem_get: Key: 410f00aa
nvram_set: wan_ipaddr[   14.690164] firmadyne: sys_socket[PID: 114 (klogd)]: family:1, type:2, protocol:0
[   14.693192] firmadyne: sys_socket[PID: 114 (klogd)]: family:1, type:1, protocol:0
[   14.695278] firmadyne: sys_socket[PID: 114 (klogd)]: family:1, type:2, protocol:0
[   14.698233] firmadyne: sys_socket[PID: 114 (klogd)]: family:1, type:1, protocol:0
[   14.699646] firmadyne: sys_socket[PID: 114 (klogd)]: family:1, type:2, protocol:0
 = "0.0.0.0"
sem_get: Key: 410f00aa
sem_get: Key: 410f00aa
[   14.710733] firmadyne: sys_socket[PID: 114 (klogd)]: family:1, type:1, protocol:0
[   14.712167] firmadyne: sys_socket[PID: 114 (klogd)]: family:1, type:2, protocol:0
nvram_set: wan_netmask = "255.255.255.0"
sem_get: Key: [   14.719256] firmadyne: sys_socket[PID: 114 (klogd)]: family:1, type:1, protocol:0
[   14.720720] firmadyne: sys_socket[PID: 114 (klogd)]: family:1, type:2, protocol:0
410f00aa
sem_get: Key: 410f00aa
nvram_set: wanif[   14.731897] firmadyne: sys_socket[PID: 114 (klogd)]: family:1, type:1, protocol:0
 = "eth0"
sem_get: Key: 410f00aa
[   14.738134] firmadyne: sys_socket[PID: 114 (klogd)]: family:1, type:2, protocol:0
[   14.741025] firmadyne: sys_socket[PID: 114 (klogd)]: family:1, type:1, protocol:0
sem_get: Key: 410f00aa
nvram_set: time_zone_x = "0"
[   14.749884] firmadyne: sys_socket[PID: 114 (klogd)]: family:1, type:2, protocol:0
[   14.752744] firmadyne: sys_socket[PID: 114 (klogd)]: family:1, type:1, protocol:0
[   14.754680] firmadyne: sys_socket[PID: 114 (klogd)]: family:1, type:2, protocol:0
sem_get: Key: 410f00aa
sem_get: Key: [   14.762111] firmadyne: sys_socket[PID: 114 (klogd)]: family:1, type:1, protocol:0
[   14.763615] firmadyne: sys_socket[PID: 114 (klogd)]: family:1, type:2, protocol:0
410f00aa
nvram_set: rip_multicast = "[   14.770974] firmadyne: sys_socket[PID: 114 (klogd)]: family:1, type:1, protocol:0
[   14.772408] firmadyne: sys_socket[PID: 114 (klogd)]: family:1, type:2, protocol:0
0"
sem_get: Key: 410f00aa
[   14.779296] firmadyne: sys_socket[PID: 114 (klogd)]: family:1, type:1, protocol:0
[   14.780712] firmadyne: sys_socket[PID: 114 (klogd)]: family:1, type:2, protocol:0
sem_get: Key: 410f00aa
[   14.787236] firmadyne: sys_socket[PID: 114 (klogd)]: family:1, type:1, protocol:0
[   14.788661] firmadyne: sys_socket[PID: 114 (klogd)]: family:1, type:2, protocol:0
nvram_set: bs_trustedip_enable = "0"
sem_get: Key: 410f00aa
sem_get[   14.799474] firmadyne: sys_socket[PID: 114 (klogd)]: family:1, type:1, protocol:0
[   14.800884] firmadyne: sys_socket[PID: 114 (klogd)]: family:1, type:2, protocol:0
: Key: 410f00aa
nvram_set: et0macaddr = "01:23:45:67:89:ab"
sem_get: Key: 410f00aa
[   14.811461] firmadyne: sys_socket[PID: 114 (klogd)]: family:1, type:1, protocol:0
[   14.812874] firmadyne: sys_socket[PID: 114 (klogd)]: family:1, type:2, protocol:0
[   14.816138] firmadyne: sys_socket[PID: 114 (klogd)]: family:1, type:1, protocol:0
[   14.817773] firmadyne: sys_socket[PID: 114 (klogd)]: family:1, type:2, protocol:0
[   14.820504] firmadyne: sys_socket[PID: 114 (klogd)]: family:1, type:1, protocol:0
sem_get: Key: 410f00aa
nvram_set: filter_rule_tbl = ""
sem_get[   14.830109] firmadyne: sys_socket[PID: 114 (klogd)]: family:1, type:2, protocol:0
[   14.832898] firmadyne: sys_socket[PID: 114 (klogd)]: family:1, type:1, protocol:0
: Key: 410f00aa
sem_get: Key: 410f00aa
nvram_set: pppoe2_schedule_config = "[   14.842834] firmadyne: sys_socket[PID: 114 (klogd)]: family:1, type:2, protocol:0
[   14.845923] firmadyne: sys_socket[PID: 114 (klogd)]: family:1, type:1, protocol:0
[   14.847329] firmadyne: sys_socket[PID: 114 (klogd)]: family:1, type:2, protocol:0
127:0:0:23:59"
sem_get: Key: 410f00aa
[   14.854552] firmadyne: sys_socket[PID: 114 (klogd)]: family:1, type:1, protocol:0
[   14.856008] firmadyne: sys_socket[PID: 114 (klogd)]: family:1, type:2, protocol:0
sem_get: Key: 410f00aa
[   14.862952] firmadyne: sys_socket[PID: 114 (klogd)]: family:1, type:1, protocol:0
[   14.864380] firmadyne: sys_socket[PID: 114 (klogd)]: family:1, type:2, protocol:0
nvram_set: schedule_config = "127:0:0:23:59"
sem_get: Key: [   14.871472] firmadyne: sys_socket[PID: 114 (klogd)]: family:1, type:1, protocol:0
[   14.872917] firmadyne: sys_socket[PID: 114 (klogd)]: family:1, type:2, protocol:0
410f00aa
sem_get: Key: 410f00aa
nvram_set: access_control_mode = "[   14.884727] firmadyne: sys_socket[PID: 114 (klogd)]: family:1, type:1, protocol:0
[   14.886448] firmadyne: sys_socket[PID: 114 (klogd)]: family:1, type:2, protocol:0
0"
sem_get: Key: 410f00aa
[   14.893791] firmadyne: sys_socket[PID: 114 (klogd)]: family:1, type:1, protocol:0
[   14.895245] firmadyne: sys_socket[PID: 114 (klogd)]: family:1, type:2, protocol:0
sem_get: Key: 410f00aa
[   14.902328] firmadyne: sys_socket[PID: 114 (klogd)]: family:1, type:1, protocol:0
[   14.903803] firmadyne: sys_socket[PID: 114 (klogd)]: family:1, type:2, protocol:0
nvram_set: fwpt_df_count = "0"
sem_get: Key: [   14.910851] firmadyne: sys_socket[PID: 114 (klogd)]: family:1, type:1, protocol:0
[   14.912274] firmadyne: sys_socket[PID: 114 (klogd)]: family:1, type:2, protocol:0
410f00aa
sem_get: Key: 410f00aa
[   14.919591] firmadyne: sys_socket[PID: 114 (klogd)]: family:1, type:1, protocol:0
[   14.921044] firmadyne: sys_socket[PID: 114 (klogd)]: family:1, type:2, protocol:0
nvram_set: static_if_status = "1"
sem_get: Key: 410f00aa
[   14.931343] firmadyne: sys_socket[PID: 114 (klogd)]: family:1, type:1, protocol:0
[   14.932755] firmadyne: sys_socket[PID: 114 (klogd)]: family:1, type:2, protocol:0
sem_get: Key: 410f00aa
[   14.939236] firmadyne: sys_socket[PID: 114 (klogd)]: family:1, type:1, protocol:0
[   14.940707] firmadyne: sys_socket[PID: 114 (klogd)]: family:1, type:2, protocol:0
nvram_set: www_relocation = ""
[   14.948108] firmadyne: sys_socket[PID: 114 (klogd)]: family:1, type:1, protocol:0
sem_get: Key: 410f00aa
sem_get: Key: [   14.953957] firmadyne: sys_socket[PID: 114 (klogd)]: family:1, type:2, protocol:0
[   14.956750] firmadyne: sys_socket[PID: 114 (klogd)]: family:1, type:1, protocol:0
410f00aa
nvram_set: usb_info_dev0 = "A200396E0402FF83@1@14.4G@U@1@USB_Storage;U:;0;0@"
sem_get: Key: 410f00aa[   14.965977] firmadyne: sys_socket[PID: 114 (klogd)]: family:1, type:2, protocol:0
[   14.968801] firmadyne: sys_socket[PID: 114 (klogd)]: family:1, type:1, protocol:0

sem_get: Key: 410f00aa[   14.974259] firmadyne: sys_socket[PID: 114 (klogd)]: family:1, type:2, protocol:0
[   14.977097] firmadyne: sys_socket[PID: 114 (klogd)]: family:1, type:1, protocol:0

nvram_set: usb_info_dev1 = "A200396E0402FF83@1@14.4G@U@1@USB_Storage;U:;0;0@"
sem_get: Key: 410f00aa
[   14.986049] firmadyne: sys_socket[PID: 114 (klogd)]: family:1, type:2, protocol:0
[   14.988857] firmadyne: sys_socket[PID: 114 (klogd)]: family:1, type:1, protocol:0
sem_get: Key: 410f00aa
nvram_set: usb_info_dev2 = "A200396E0402FF83@1@14.4G@U@1@USB_Storage;U:;0;0@[   14.998292] firmadyne: sys_socket[PID: 114 (klogd)]: family:1, type:2, protocol:0
[   15.001331] firmadyne: sys_socket[PID: 114 (klogd)]: family:1, type:1, protocol:0
[   15.002952] firmadyne: sys_socket[PID: 114 (klogd)]: family:1, type:2, protocol:0
[   15.005977] firmadyne: sys_socket[PID: 114 (klogd)]: family:1, type:1, protocol:0
[   15.007381] firmadyne: sys_socket[PID: 114 (klogd)]: family:1, type:2, protocol:0
"
sem_get: Key: 410f00aa
sem_get: Key: 410f00aa
nvram_set[   15.018343] firmadyne: sys_socket[PID: 114 (klogd)]: family:1, type:1, protocol:0
[   15.019828] firmadyne: sys_socket[PID: 114 (klogd)]: family:1, type:2, protocol:0
: usb_info_dev3 = "A200396E0402FF83@1@14.4G@U@1@USB_Storage;U:;0;0@"
sem_get: Key: 410f00aa[   15.027215] firmadyne: sys_socket[PID: 114 (klogd)]: family:1, type:1, protocol:0
[   15.028643] firmadyne: sys_socket[PID: 114 (klogd)]: family:1, type:2, protocol:0

sem_get: Key: 410f00aa
nvram_set: usb_info_dev4 = "A200396E0402FF83@1@14.4G@U@1@USB_Storage;U:;0;0@"
sem_get: Key: 410f00aa
sem_get: Key: 410f00aa
nvram_set: usb_info_dev5 = "A200396E0402FF83@1@14.4G@U@1@USB_Storage;U:;0;0@"
[   15.061652] firmadyne: sys_socket[PID: 114 (klogd)]: family:1, type:1, protocol:0
[   15.063114] firmadyne: sys_socket[PID: 114 (klogd)]: family:1, type:2, protocol:0
sem_get: Key: 410f00aa
sem_get: Key: [   15.070480] firmadyne: sys_socket[PID: 114 (klogd)]: family:1, type:1, protocol:0
[   15.071936] firmadyne: sys_socket[PID: 114 (klogd)]: family:1, type:2, protocol:0
410f00aa
nvram_set: usb_info_dev6[   15.079113] firmadyne: sys_socket[PID: 114 (klogd)]: family:1, type:1, protocol:0
[   15.080602] firmadyne: sys_socket[PID: 114 (klogd)]: family:1, type:2, protocol:0
 = "A200396E0402FF83@1@14.4G@U@1@USB_Storage;U:;0;0@"
sem_get: Key: 410f00aa
sem_get: Key: 410f00aa[   15.091686] firmadyne: sys_socket[PID: 114 (klogd)]: family:1, type:1, protocol:0
[   15.093508] firmadyne: sys_socket[PID: 114 (klogd)]: family:1, type:2, protocol:0
[   15.096525] firmadyne: sys_socket[PID: 114 (klogd)]: family:1, type:1, protocol:0
[   15.098185] firmadyne: sys_socket[PID: 114 (klogd)]: family:1, type:2, protocol:0
[   15.101045] firmadyne: sys_socket[PID: 114 (klogd)]: family:1, type:1, protocol:0

nvram_set: usb_info_dev7 = "A200396E0402FF83@1@14.4G@U@1@USB_Storage;U:;0;0@"
sem_get: Key: 410f00aa
sem_get: Key: 410f00aa
[   15.113845] firmadyne: sys_socket[PID: 114 (klogd)]: family:1, type:2, protocol:0
[   15.116680] firmadyne: sys_socket[PID: 114 (klogd)]: family:1, type:1, protocol:0
nvram_set: usb_info_dev8 = "A200396E0402FF83@1@14.4G@U@1@USB_Storage;U:;0;0@[   15.122082] firmadyne: sys_socket[PID: 114 (klogd)]: family:1, type:2, protocol:0
[   15.125003] firmadyne: sys_socket[PID: 114 (klogd)]: family:1, type:1, protocol:0
"
sem_get: Key: 410f00aa
sem_get: Key: 410f00aa
[   15.133848] firmadyne: sys_socket[PID: 114 (klogd)]: family:1, type:2, protocol:0
[   15.136745] firmadyne: sys_socket[PID: 114 (klogd)]: family:1, type:1, protocol:0
[   15.138650] firmadyne: sys_socket[PID: 114 (klogd)]: family:1, type:2, protocol:0
nvram_set: usb_info_dev9 = "A200396E0402FF83@1@14.4G@U@1@USB_Storage;U:;0;0@"
sem_get[   15.145790] firmadyne: sys_socket[PID: 114 (klogd)]: family:1, type:1, protocol:0
[   15.147242] firmadyne: sys_socket[PID: 114 (klogd)]: family:1, type:2, protocol:0
: Key: 410f00aa
sem_get: Key: 410f00aa[   15.154770] firmadyne: sys_socket[PID: 114 (klogd)]: family:1, type:1, protocol:0
[   15.156224] firmadyne: sys_socket[PID: 114 (klogd)]: family:1, type:2, protocol:0

nvram_set: usb_info_dev10 = "[   15.163304] firmadyne: sys_socket[PID: 114 (klogd)]: family:1, type:1, protocol:0
[   15.164721] firmadyne: sys_socket[PID: 114 (klogd)]: family:1, type:2, protocol:0
A200396E0402FF83@1@14.4G@U@1@USB_Storage;U:;0;0@"
sem_get: Key: 410f00aa
sem_get: Key: 410f00aa
[   15.175351] firmadyne: sys_socket[PID: 114 (klogd)]: family:1, type:1, protocol:0
[   15.176796] firmadyne: sys_socket[PID: 114 (klogd)]: family:1, type:2, protocol:0
nvram_set: usb_info_dev11 = "A200396E0402FF83@1@14.4G@U@1@USB_Storage;U:;0;0@[   15.183743] firmadyne: sys_socket[PID: 114 (klogd)]: family:1, type:1, protocol:0
"
sem_get: Key: 410f00aa
[   15.189590] firmadyne: sys_socket[PID: 114 (klogd)]: family:1, type:2, protocol:0
[   15.192519] firmadyne: sys_socket[PID: 114 (klogd)]: family:1, type:1, protocol:0
sem_get: Key: 410f00aa
[   15.197873] firmadyne: sys_socket[PID: 114 (klogd)]: family:1, type:2, protocol:0
[   15.200753] firmadyne: sys_socket[PID: 114 (klogd)]: family:1, type:1, protocol:0
nvram_set: usb_info_dev12 = "A200396E0402FF83@1@14.4G@U@1@USB_Storage;U:;0;0@"
[   15.205905] firmadyne: sys_socket[PID: 114 (klogd)]: family:1, type:2, protocol:0
[   15.208828] firmadyne: sys_socket[PID: 114 (klogd)]: family:1, type:1, protocol:0
sem_get: Key: 410f00aa
sem_get: Key: 410f00aa
nvram_set[   15.218013] firmadyne: sys_socket[PID: 114 (klogd)]: family:1, type:2, protocol:0
[   15.220967] firmadyne: sys_socket[PID: 114 (klogd)]: family:1, type:1, protocol:0
: usb_info_dev13 = "A200396E0402FF83@1@14.4G@U@1@USB_Storage;U:;0;0@"
sem_get: Key: 410f00aa
sem_get: Key: 410f00aa[   15.230236] firmadyne: sys_socket[PID: 114 (klogd)]: family:1, type:2, protocol:0
[   15.233478] firmadyne: sys_socket[PID: 114 (klogd)]: family:1, type:1, protocol:0
[   15.235124] firmadyne: sys_socket[PID: 114 (klogd)]: family:1, type:2, protocol:0

nvram_set: usb_info_dev14 = "A200396E0402FF83@1@14.4G@U@1@USB_Storage;U:;0;0@[   15.242721] firmadyne: sys_socket[PID: 114 (klogd)]: family:1, type:1, protocol:0
[   15.244176] firmadyne: sys_socket[PID: 114 (klogd)]: family:1, type:2, protocol:0
"
sem_get: Key: 410f00aa
[   15.251368] firmadyne: sys_socket[PID: 114 (klogd)]: family:1, type:1, protocol:0
[   15.252805] firmadyne: sys_socket[PID: 114 (klogd)]: family:1, type:2, protocol:0
sem_get: Key: 410f00aa
nvram_set: usb_info_dev15 = "A200396E0402FF83@1@14.4G@U@1@USB_Storage;U:;0;0@"
sem_get[   15.263509] firmadyne: sys_socket[PID: 114 (klogd)]: family:1, type:1, protocol:0
[   15.264970] firmadyne: sys_socket[PID: 114 (klogd)]: family:1, type:2, protocol:0
: Key: 410f00aa
sem_get: Key: 410f00aa
nvram_set: [   15.275291] firmadyne: sys_socket[PID: 114 (klogd)]: family:1, type:1, protocol:0
[   15.276724] firmadyne: sys_socket[PID: 114 (klogd)]: family:1, type:2, protocol:0
[   15.280055] firmadyne: sys_socket[PID: 114 (klogd)]: family:1, type:1, protocol:0
usb_info_dev16 = "A200396E0402FF83@1@14.4G@U@1@USB_Storage;U:;0;0@"
sem_get[   15.287732] firmadyne: sys_socket[PID: 114 (klogd)]: family:1, type:2, protocol:0
[   15.290908] firmadyne: sys_socket[PID: 114 (klogd)]: family:1, type:1, protocol:0
[   15.292333] firmadyne: sys_socket[PID: 114 (klogd)]: family:1, type:2, protocol:0
: Key: 410f00aa
sem_get: Key: 410f00aa
nvram_set: usb_info_dev17[   15.303410] firmadyne: sys_socket[PID: 114 (klogd)]: family:1, type:1, protocol:0
[   15.304837] firmadyne: sys_socket[PID: 114 (klogd)]: family:1, type:2, protocol:0
 = "A200396E0402FF83@1@14.4G@U@1@USB_Storage;U:;0;0@"
sem_get: Key: 410f00aa
sem_get: Key: 410f00aa
[   15.315281] firmadyne: sys_socket[PID: 114 (klogd)]: family:1, type:1, protocol:0
[   15.316714] firmadyne: sys_socket[PID: 114 (klogd)]: family:1, type:2, protocol:0
[   15.320034] firmadyne: sys_socket[PID: 114 (klogd)]: family:1, type:1, protocol:0
nvram_set: usb_info_dev18 = "A200396E0402FF83@1@14.4G@U@1@USB_Storage;U:;0;0@[   15.325669] firmadyne: sys_socket[PID: 114 (klogd)]: family:1, type:2, protocol:0
[   15.328600] firmadyne: sys_socket[PID: 114 (klogd)]: family:1, type:1, protocol:0
"
sem_get: Key: 410f00aa
sem_get: Key: 410f00aa
[   15.337869] firmadyne: sys_socket[PID: 114 (klogd)]: family:1, type:2, protocol:0
[   15.340858] firmadyne: sys_socket[PID: 114 (klogd)]: family:1, type:1, protocol:0
nvram_set: usb_info_dev19 = "A200396E0402FF83@1@14.4G@U@1@USB_Storage;U:;0;0@"
sem_get: Key: 410f00aa
sem_get[   15.350003] firmadyne: sys_socket[PID: 114 (klogd)]: family:1, type:2, protocol:0
[   15.353054] firmadyne: sys_socket[PID: 114 (klogd)]: family:1, type:1, protocol:0
[   15.354992] firmadyne: sys_socket[PID: 114 (klogd)]: family:1, type:2, protocol:0
[   15.358213] firmadyne: sys_socket[PID: 114 (klogd)]: family:1, type:1, protocol:0
[   15.359672] firmadyne: sys_socket[PID: 114 (klogd)]: family:1, type:2, protocol:0
: Key: 410f00aa
nvram_set: usb_info_dev20 = "A200396E0402FF83@1@14.4G@U@1@USB_Storage;U:;0;0@"
sem_get: Key: 410f00aa
[   15.370862] firmadyne: sys_socket[PID: 114 (klogd)]: family:1, type:1, protocol:0
[   15.372301] firmadyne: sys_socket[PID: 114 (klogd)]: family:1, type:2, protocol:0
sem_get: Key: 410f00aa
[   15.379339] firmadyne: sys_socket[PID: 114 (klogd)]: family:1, type:1, protocol:0
[   15.380769] firmadyne: sys_socket[PID: 114 (klogd)]: family:1, type:2, protocol:0
nvram_set: usb_info_dev21 = "A200396E0402FF83@1@14.4G@U@1@USB_Storage;U:;0;0@"
sem_get: Key: 410f00aa
[   15.391331] firmadyne: sys_socket[PID: 114 (klogd)]: family:1, type:1, protocol:0
[   15.392778] firmadyne: sys_socket[PID: 114 (klogd)]: family:1, type:2, protocol:0
sem_get: Key: 410f00aa
nvram_set: usb_info_dev22 = "A200396E0402FF83@1@14.4G@U@1@USB_Storage;U:;0;0@"
sem_get[   15.403593] firmadyne: sys_socket[PID: 114 (klogd)]: family:1, type:1, protocol:0
[   15.405055] firmadyne: sys_socket[PID: 114 (klogd)]: family:1, type:2, protocol:0
[   15.408340] firmadyne: sys_socket[PID: 114 (klogd)]: family:1, type:1, protocol:0
[   15.410000] firmadyne: sys_socket[PID: 114 (klogd)]: family:1, type:2, protocol:0
[   15.412919] firmadyne: sys_socket[PID: 114 (klogd)]: family:1, type:1, protocol:0
: Key: 410f00aa
sem_get: Key: 410f00aa
nvram_set: [   15.421976] firmadyne: sys_socket[PID: 114 (klogd)]: family:1, type:2, protocol:0
[   15.424916] firmadyne: sys_socket[PID: 114 (klogd)]: family:1, type:1, protocol:0
usb_info_dev23 = "A200396E0402FF83@1@14.4G@U@1@USB_Storage;U:;0;0@"
sem_get: Key: 410f00aa
sem_get: Key: 410f00aa
[   15.434212] firmadyne: sys_socket[PID: 114 (klogd)]: family:1, type:2, protocol:0
[   15.437342] firmadyne: sys_socket[PID: 114 (klogd)]: family:1, type:1, protocol:0
nvram_set: usb_info_dev24 = "A200396E0402FF83@1@14.4G@U@1@USB_Storage;U:;0;0@"
sem_get: Key: 410f00aa
[   15.446197] firmadyne: sys_socket[PID: 114 (klogd)]: family:1, type:2, protocol:0
[   15.449543] firmadyne: sys_socket[PID: 114 (klogd)]: family:1, type:1, protocol:0
[   15.450972] firmadyne: sys_socket[PID: 114 (klogd)]: family:1, type:2, protocol:0
sem_get: Key: 410f00aa
[   15.458143] firmadyne: sys_socket[PID: 114 (klogd)]: family:1, type:1, protocol:0
[   15.459605] firmadyne: sys_socket[PID: 114 (klogd)]: family:1, type:2, protocol:0
nvram_set: usb_info_dev25 = "A200396E0402FF83@1@14.4G@U@1@USB_Storage;U:;0;0@"
sem_get[   15.466827] firmadyne: sys_socket[PID: 114 (klogd)]: family:1, type:1, protocol:0
[   15.468266] firmadyne: sys_socket[PID: 114 (klogd)]: family:1, type:2, protocol:0
: Key: 410f00aa
sem_get: Key: 410f00aa[   15.475757] firmadyne: sys_socket[PID: 114 (klogd)]: family:1, type:1, protocol:0

nvram_set: usb_info_dev26 = "[   15.482481] firmadyne: sys_socket[PID: 114 (klogd)]: family:1, type:2, protocol:0
[   15.485694] firmadyne: sys_socket[PID: 114 (klogd)]: family:1, type:1, protocol:0
[   15.487097] firmadyne: sys_socket[PID: 114 (klogd)]: family:1, type:2, protocol:0
A200396E0402FF83@1@14.4G@U@1@USB_Storage;U:;0;0@"
sem_get: Key: 410f00aa
sem_get: Key: 410f00aa
[   15.498253] firmadyne: sys_socket[PID: 114 (klogd)]: family:1, type:1, protocol:0
[   15.499711] firmadyne: sys_socket[PID: 114 (klogd)]: family:1, type:2, protocol:0
nvram_set: usb_info_dev27 = "A200396E0402FF83@1@14.4G@U@1@USB_Storage;U:;0;0@"
sem_get[   15.506835] firmadyne: sys_socket[PID: 114 (klogd)]: family:1, type:1, protocol:0
[   15.508268] firmadyne: sys_socket[PID: 114 (klogd)]: family:1, type:2, protocol:0
: Key: 410f00aa
sem_get: Key: 410f00aa[   15.515759] firmadyne: sys_socket[PID: 114 (klogd)]: family:1, type:1, protocol:0

nvram_set: usb_info_dev28 = "[   15.521551] firmadyne: sys_socket[PID: 114 (klogd)]: family:1, type:2, protocol:0
[   15.524465] firmadyne: sys_socket[PID: 114 (klogd)]: family:1, type:1, protocol:0
A200396E0402FF83@1@14.4G@U@1@USB_Storage;U:;0;0@"
sem_get: Key: 410f00aa
[   15.529857] firmadyne: sys_socket[PID: 114 (klogd)]: family:1, type:2, protocol:0
[   15.532743] firmadyne: sys_socket[PID: 114 (klogd)]: family:1, type:1, protocol:0
sem_get: Key: 410f00aa
nvram_set: usb_info_dev29[   15.542283] firmadyne: sys_socket[PID: 114 (klogd)]: family:1, type:2, protocol:0
 = "A200396E0402FF83@1@14.4G@U@1@USB_Storage;U:;0;0@"
sem_get: Key: 410f00aa
sem_get: Key: 410f00aa
nvram_set: usb_info_dev30 = "A200396E0402FF83@1@14.4G@U@1@USB_Storage;U:;0;0@"
sem_get: Key: 410f00aa
[   15.569895] firmadyne: sys_socket[PID: 114 (klogd)]: family:1, type:1, protocol:0
[   15.571346] firmadyne: sys_socket[PID: 114 (klogd)]: family:1, type:2, protocol:0
sem_get: Key: 410f00aa
[   15.578428] firmadyne: sys_socket[PID: 114 (klogd)]: family:1, type:1, protocol:0
[   15.579880] firmadyne: sys_socket[PID: 114 (klogd)]: family:1, type:2, protocol:0
nvram_set: usb_info_dev31 = "A200396E0402FF83@1@14.4G@U@1@USB_Storage;U:;0;0@"
[   15.587043] firmadyne: sys_socket[PID: 114 (klogd)]: family:1, type:1, protocol:0
[   15.588463] firmadyne: sys_socket[PID: 114 (klogd)]: family:1, type:2, protocol:0
sem_get: Key: 410f00aa
sem_get[   15.595739] firmadyne: sys_socket[PID: 114 (klogd)]: family:1, type:1, protocol:0
: Key: 410f00aa
nvram_set: [   15.601439] firmadyne: sys_socket[PID: 114 (klogd)]: family:1, type:2, protocol:0
[   15.604427] firmadyne: sys_socket[PID: 114 (klogd)]: family:1, type:1, protocol:0
usb_info_dev32 = "A200396E0402FF83@1@14.4G@U@1@USB_Storage;U:;0;0@"
sem_get: Key: 410f00aa[   15.610072] firmadyne: sys_socket[PID: 114 (klogd)]: family:1, type:2, protocol:0
[   15.612980] firmadyne: sys_socket[PID: 114 (klogd)]: family:1, type:1, protocol:0

sem_get: Key: 410f00aa
nvram_set: usb_info_dev33[   15.622206] firmadyne: sys_socket[PID: 114 (klogd)]: family:1, type:2, protocol:0
[   15.625348] firmadyne: sys_socket[PID: 114 (klogd)]: family:1, type:1, protocol:0
 = "A200396E0402FF83@1@14.4G@U@1@USB_Storage;U:;0;0@"
sem_get: Key: 410f00aa
sem_get: Key: 410f00aa
[   15.633940] firmadyne: sys_socket[PID: 114 (klogd)]: family:1, type:2, protocol:0
[   15.636830] firmadyne: sys_socket[PID: 114 (klogd)]: family:1, type:1, protocol:0
[   15.638754] firmadyne: sys_socket[PID: 114 (klogd)]: family:1, type:2, protocol:0
[   15.641874] firmadyne: sys_socket[PID: 114 (klogd)]: family:1, type:1, protocol:0
[   15.643286] firmadyne: sys_socket[PID: 114 (klogd)]: family:1, type:2, protocol:0
nvram_set: usb_info_dev34 = "A200396E0402FF83@1@14.4G@U@1@USB_Storage;U:;0;0@"
sem_get: Key: 410f00aa
[   15.654428] firmadyne: sys_socket[PID: 114 (klogd)]: family:1, type:1, protocol:0
[   15.655927] firmadyne: sys_socket[PID: 114 (klogd)]: family:1, type:2, protocol:0
sem_get: Key: 410f00aa
nvram_set[   15.663123] firmadyne: sys_socket[PID: 114 (klogd)]: family:1, type:1, protocol:0
[   15.664545] firmadyne: sys_socket[PID: 114 (klogd)]: family:1, type:2, protocol:0
: usb_info_dev35 = "A200396E0402FF83@1@14.4G@U@1@USB_Storage;U:;0;0@"
sem_get: Key: [   15.671602] firmadyne: sys_socket[PID: 114 (klogd)]: family:1, type:1, protocol:0
[   15.673045] firmadyne: sys_socket[PID: 114 (klogd)]: family:1, type:2, protocol:0
410f00aa
sem_get: Key: 410f00aa
nvram_set: usb_info_dev36[   15.686139] firmadyne: sys_socket[PID: 114 (klogd)]: family:1, type:1, protocol:0
[   15.687593] firmadyne: sys_socket[PID: 114 (klogd)]: family:1, type:2, protocol:0
 = "A200396E0402FF83@1@14.4G@U@1@USB_Storage;U:;0;0@"
sem_get: Key: 410f00aa
[   15.695209] firmadyne: sys_socket[PID: 114 (klogd)]: family:1, type:1, protocol:0
[   15.696647] firmadyne: sys_socket[PID: 114 (klogd)]: family:1, type:2, protocol:0
sem_get: Key: 410f00aa
[   15.703345] firmadyne: sys_socket[PID: 114 (klogd)]: family:1, type:1, protocol:0
[   15.704766] firmadyne: sys_socket[PID: 114 (klogd)]: family:1, type:2, protocol:0
nvram_set: usb_info_dev37 = "A200396E0402FF83@1@14.4G@U@1@USB_Storage;U:;0;0@[   15.711748] firmadyne: sys_socket[PID: 114 (klogd)]: family:1, type:1, protocol:0
"
sem_get: Key: 410f00aa
[   15.717579] firmadyne: sys_socket[PID: 114 (klogd)]: family:1, type:2, protocol:0
[   15.720504] firmadyne: sys_socket[PID: 114 (klogd)]: family:1, type:1, protocol:0
sem_get: Key: 410f00aa
nvram_set: usb_info_dev38 = "A200396E0402FF83@1@14.4G@U@1@USB_Storage;U:;0;0@"
sem_get: Key: [   15.729861] firmadyne: sys_socket[PID: 114 (klogd)]: family:1, type:2, protocol:0
[   15.732748] firmadyne: sys_socket[PID: 114 (klogd)]: family:1, type:1, protocol:0
410f00aa
sem_get: Key: [   15.738259] firmadyne: sys_socket[PID: 114 (klogd)]: family:1, type:2, protocol:0
410f00aa
nvram_set: usb_info_dev39 = "[   15.745866] firmadyne: sys_socket[PID: 114 (klogd)]: family:1, type:1, protocol:0
[   15.747671] firmadyne: sys_socket[PID: 114 (klogd)]: family:1, type:2, protocol:0
A200396E0402FF83@1@14.4G@U@1@USB_Storage;U:;0;0@"
sem_get: Key: 410f00aa
[   15.755109] firmadyne: sys_socket[PID: 114 (klogd)]: family:1, type:1, protocol:0
[   15.756572] firmadyne: sys_socket[PID: 114 (klogd)]: family:1, type:2, protocol:0
sem_get: Key: 410f00aa
[   15.763512] firmadyne: sys_socket[PID: 114 (klogd)]: family:1, type:1, protocol:0
nvram_set: usb_info_dev40 = "A200396E0402FF83@1@14.4G@U@1@USB_Storage;U:;0;0@[   15.769789] firmadyne: sys_socket[PID: 114 (klogd)]: family:1, type:2, protocol:0
[   15.772772] firmadyne: sys_socket[PID: 114 (klogd)]: family:1, type:1, protocol:0
"
sem_get: Key: 410f00aa
sem_get: Key: 410f00aa
[   15.781889] firmadyne: sys_socket[PID: 114 (klogd)]: family:1, type:2, protocol:0
[   15.784833] firmadyne: sys_socket[PID: 114 (klogd)]: family:1, type:1, protocol:0
nvram_set: usb_info_dev41 = "A200396E0402FF83@1@14.4G@U@1@USB_Storage;U:;0;0@"
sem_get: Key: 410f00aa
sem_get: Key: [   15.794254] firmadyne: sys_socket[PID: 114 (klogd)]: family:1, type:2, protocol:0
[   15.797483] firmadyne: sys_socket[PID: 114 (klogd)]: family:1, type:1, protocol:0
[   15.798894] firmadyne: sys_socket[PID: 114 (klogd)]: family:1, type:2, protocol:0
410f00aa
nvram_set: usb_info_dev42 = "[   15.806294] firmadyne: sys_socket[PID: 114 (klogd)]: family:1, type:1, protocol:0
[   15.807748] firmadyne: sys_socket[PID: 114 (klogd)]: family:1, type:2, protocol:0
A200396E0402FF83@1@14.4G@U@1@USB_Storage;U:;0;0@"
sem_get: Key: 410f00aa
[   15.814972] firmadyne: sys_socket[PID: 114 (klogd)]: family:1, type:1, protocol:0
[   15.816402] firmadyne: sys_socket[PID: 114 (klogd)]: family:1, type:2, protocol:0
sem_get: Key: 410f00aa
[   15.823343] firmadyne: sys_socket[PID: 114 (klogd)]: family:1, type:1, protocol:0
[   15.824758] firmadyne: sys_socket[PID: 114 (klogd)]: family:1, type:2, protocol:0
nvram_set: usb_info_dev43 = "A200396E0402FF83@1@14.4G@U@1@USB_Storage;U:;0;0@[   15.831483] firmadyne: sys_socket[PID: 114 (klogd)]: family:1, type:1, protocol:0
[   15.832897] firmadyne: sys_socket[PID: 114 (klogd)]: family:1, type:2, protocol:0
"
sem_get: Key: 410f00aa
sem_get: Key: 410f00aa
[   15.843319] firmadyne: sys_socket[PID: 114 (klogd)]: family:1, type:1, protocol:0
[   15.844734] firmadyne: sys_socket[PID: 114 (klogd)]: family:1, type:2, protocol:0
nvram_set: usb_info_dev44 = "A200396E0402FF83@1@14.4G@U@1@USB_Storage;U:;0;0@"
[   15.851407] firmadyne: sys_socket[PID: 114 (klogd)]: family:1, type:1, protocol:0
[   15.852817] firmadyne: sys_socket[PID: 114 (klogd)]: family:1, type:2, protocol:0
sem_get: Key: 410f00aa
sem_get: Key: 410f00aa
nvram_set[   15.863543] firmadyne: sys_socket[PID: 114 (klogd)]: family:1, type:1, protocol:0
[   15.864981] firmadyne: sys_socket[PID: 114 (klogd)]: family:1, type:2, protocol:0
: usb_info_dev45 = "A200396E0402FF83@1@14.4G@U@1@USB_Storage;U:;0;0@"
sem_get: Key: 410f00aa
sem_get: Key: 410f00aa[   15.875630] firmadyne: sys_socket[PID: 114 (klogd)]: family:1, type:1, protocol:0
[   15.877075] firmadyne: sys_socket[PID: 114 (klogd)]: family:1, type:2, protocol:0
[   15.880346] firmadyne: sys_socket[PID: 114 (klogd)]: family:1, type:1, protocol:0

nvram_set: usb_info_dev46 = "A200396E0402FF83@1@14.4G@U@1@USB_Storage;U:;0;0@"
sem_get: Key: 410f00aa[   15.889979] firmadyne: sys_socket[PID: 114 (klogd)]: family:1, type:2, protocol:0
[   15.892881] firmadyne: sys_socket[PID: 114 (klogd)]: family:1, type:1, protocol:0
[   15.894999] firmadyne: sys_socket[PID: 114 (klogd)]: family:1, type:2, protocol:0
[   15.898121] firmadyne: sys_socket[PID: 114 (klogd)]: family:1, type:1, protocol:0
[   15.899532] firmadyne: sys_socket[PID: 114 (klogd)]: family:1, type:2, protocol:0

sem_get: Key: 410f00aa
nvram_set: usb_info_dev47 = "A200396E0402FF83@1@14.4G@U@1@USB_Storage;U:;0;0@"
[   15.910880] firmadyne: sys_socket[PID: 114 (klogd)]: family:1, type:1, protocol:0
[   15.912323] firmadyne: sys_socket[PID: 114 (klogd)]: family:1, type:2, protocol:0
sem_get: Key: 410f00aa
sem_get[   15.919766] firmadyne: sys_socket[PID: 114 (klogd)]: family:1, type:1, protocol:0
: Key: 410f00aa
nvram_set: [   15.925431] firmadyne: sys_socket[PID: 114 (klogd)]: family:1, type:2, protocol:0
[   15.928356] firmadyne: sys_socket[PID: 114 (klogd)]: family:1, type:1, protocol:0
usb_info_dev48 = "A200396E0402FF83@1@14.4G@U@1@USB_Storage;U:;0;0@"
sem_get: Key: 410f00aa[   15.933939] firmadyne: sys_socket[PID: 114 (klogd)]: family:1, type:2, protocol:0
[   15.937105] firmadyne: sys_socket[PID: 114 (klogd)]: family:1, type:1, protocol:0

sem_get: Key: 410f00aa
nvram_set: usb_info_dev49 = "[   15.946265] firmadyne: sys_socket[PID: 114 (klogd)]: family:1, type:2, protocol:0
A200396E0402FF83@1@14.4G@U@1@USB_Storage;U:;0;0@"
sem_get: Key: 410f00aa
[   15.953543] firmadyne: sys_socket[PID: 114 (klogd)]: family:1, type:1, protocol:0
[   15.954998] firmadyne: sys_socket[PID: 114 (klogd)]: family:1, type:2, protocol:0
sem_get: Key: 410f00aa
[   15.962197] firmadyne: sys_socket[PID: 114 (klogd)]: family:1, type:1, protocol:0
[   15.963654] firmadyne: sys_socket[PID: 114 (klogd)]: family:1, type:2, protocol:0
nvram_set: usb_info_dev50 = "A200396E0402FF83@1@14.4G@U@1@USB_Storage;U:;0;0@"
sem_get: Key: [   15.971196] firmadyne: sys_socket[PID: 114 (klogd)]: family:1, type:1, protocol:0
[   15.972633] firmadyne: sys_socket[PID: 114 (klogd)]: family:1, type:2, protocol:0
410f00aa
sem_get: Key: [   15.979336] firmadyne: sys_socket[PID: 114 (klogd)]: family:1, type:1, protocol:0
[   15.980750] firmadyne: sys_socket[PID: 114 (klogd)]: family:1, type:2, protocol:0
410f00aa
nvram_set: [   15.987646] firmadyne: sys_socket[PID: 114 (klogd)]: family:1, type:1, protocol:0
[   15.989096] firmadyne: sys_socket[PID: 114 (klogd)]: family:1, type:2, protocol:0
usb_info_dev51 = "A200396E0402FF83@1@14.4G@U@1@USB_Storage;U:;0;0@"
sem_get: Key: 410f00aa
sem_get: Key: 410f00aa
[   15.999761] firmadyne: sys_socket[PID: 114 (klogd)]: family:1, type:1, protocol:0
[   16.001617] firmadyne: sys_socket[PID: 114 (klogd)]: family:1, type:2, protocol:0
[   16.004470] firmadyne: sys_socket[PID: 114 (klogd)]: family:1, type:1, protocol:0
nvram_set: usb_info_dev52 = "A200396E0402FF83@1@14.4G@U@1@USB_Storage;U:;0;0@[   16.010411] firmadyne: sys_socket[PID: 114 (klogd)]: family:1, type:2, protocol:0
"
sem_get: Key: 410f00aa
sem_get: Key: 410f00aa
nvram_set: usb_info_dev53 = "A200396E0402FF83@1@14.4G@U@1@USB_Storage;U:;0;0@"
sem_get: Key: 410f00aa
sem_get: Key: 410f00aa
nvram_set[   16.041912] firmadyne: sys_socket[PID: 114 (klogd)]: family:1, type:1, protocol:0
[   16.043372] firmadyne: sys_socket[PID: 114 (klogd)]: family:1, type:2, protocol:0
[   16.046678] firmadyne: sys_socket[PID: 114 (klogd)]: family:1, type:1, protocol:0
[   16.048096] firmadyne: sys_socket[PID: 114 (klogd)]: family:1, type:2, protocol:0
: usb_info_dev54 = "A200396E0402FF83@1@14.4G@U@1@USB_Storage;U:;0;0@"
sem_get: Key: 410f00aa[   16.055435] firmadyne: sys_socket[PID: 114 (klogd)]: family:1, type:1, protocol:0
[   16.056861] firmadyne: sys_socket[PID: 114 (klogd)]: family:1, type:2, protocol:0

sem_get: Key: 410f00aa
nvram_set: usb_info_dev55 = "[   16.067318] firmadyne: sys_socket[PID: 114 (klogd)]: family:1, type:1, protocol:0
[   16.068738] firmadyne: sys_socket[PID: 114 (klogd)]: family:1, type:2, protocol:0
A200396E0402FF83@1@14.4G@U@1@USB_Storage;U:;0;0@"
sem_get: Key: 410f00aa
[   16.075715] firmadyne: sys_socket[PID: 114 (klogd)]: family:1, type:1, protocol:0
sem_get: Key: 410f00aa
[   16.082504] firmadyne: sys_socket[PID: 114 (klogd)]: family:1, type:2, protocol:0
[   16.085768] firmadyne: sys_socket[PID: 114 (klogd)]: family:1, type:1, protocol:0
[   16.087217] firmadyne: sys_socket[PID: 114 (klogd)]: family:1, type:2, protocol:0
nvram_set: usb_info_dev56 = "A200396E0402FF83@1@14.4G@U@1@USB_Storage;U:;0;0@"
sem_get: Key: 410f00aa
sem_get: Key: [   16.098878] firmadyne: sys_socket[PID: 114 (klogd)]: family:1, type:1, protocol:0
[   16.100338] firmadyne: sys_socket[PID: 114 (klogd)]: family:1, type:2, protocol:0
410f00aa
nvram_set: usb_info_dev57[   16.107686] firmadyne: sys_socket[PID: 114 (klogd)]: family:1, type:1, protocol:0
 = "A200396E0402FF83@1@14.4G@U@1@USB_Storage;U:;0;0@"
sem_get: Key: 410f00aa
[   16.113868] firmadyne: sys_socket[PID: 114 (klogd)]: family:1, type:2, protocol:0
[   16.116786] firmadyne: sys_socket[PID: 114 (klogd)]: family:1, type:1, protocol:0
sem_get: Key: 410f00aa
nvram_set: usb_info_dev58 = "A200396E0402FF83@1@14.4G@U@1@USB_Storage;U:;0;0@"
[   16.125888] firmadyne: sys_socket[PID: 114 (klogd)]: family:1, type:2, protocol:0
[   16.128789] firmadyne: sys_socket[PID: 114 (klogd)]: family:1, type:1, protocol:0
[   16.130707] firmadyne: sys_socket[PID: 114 (klogd)]: family:1, type:2, protocol:0
[   16.133826] firmadyne: sys_socket[PID: 114 (klogd)]: family:1, type:1, protocol:0
[   16.135237] firmadyne: sys_socket[PID: 114 (klogd)]: family:1, type:2, protocol:0
sem_get: Key: 410f00aa
sem_get: Key: 410f00aa
nvram_set: usb_info_dev59[   16.146662] firmadyne: sys_socket[PID: 114 (klogd)]: family:1, type:1, protocol:0
[   16.148121] firmadyne: sys_socket[PID: 114 (klogd)]: family:1, type:2, protocol:0
 = "A200396E0402FF83@1@14.4G@U@1@USB_Storage;U:;0;0@"
sem_get: Key: 410f00aa
[   16.155667] firmadyne: sys_socket[PID: 114 (klogd)]: family:1, type:1, protocol:0
sem_get: Key: 410f00aa
[   16.161445] firmadyne: sys_socket[PID: 114 (klogd)]: family:1, type:2, protocol:0
[   16.164379] firmadyne: sys_socket[PID: 114 (klogd)]: family:1, type:1, protocol:0
nvram_set: usb_info_dev60 = "A200396E0402FF83@1@14.4G@U@1@USB_Storage;U:;0;0@"
[   16.169840] firmadyne: sys_socket[PID: 114 (klogd)]: family:1, type:2, protocol:0
[   16.172739] firmadyne: sys_socket[PID: 114 (klogd)]: family:1, type:1, protocol:0
sem_get: Key: 410f00aa
[   16.177983] firmadyne: sys_socket[PID: 114 (klogd)]: family:1, type:2, protocol:0
[   16.180880] firmadyne: sys_socket[PID: 114 (klogd)]: family:1, type:1, protocol:0
sem_get: Key: 410f00aa
nvram_set: usb_info_dev61 = "A200396E0402FF83@1@14.4G@U@1@USB_Storage;U:;0;0@"
sem_get[   16.189872] firmadyne: sys_socket[PID: 114 (klogd)]: family:1, type:2, protocol:0
[   16.192767] firmadyne: sys_socket[PID: 114 (klogd)]: family:1, type:1, protocol:0
: Key: 410f00aa
sem_get[   16.198275] firmadyne: sys_socket[PID: 114 (klogd)]: family:1, type:2, protocol:0
: Key: 410f00aa
nvram_set: usb_info_dev62[   16.205780] firmadyne: sys_socket[PID: 114 (klogd)]: family:1, type:1, protocol:0
[   16.207234] firmadyne: sys_socket[PID: 114 (klogd)]: family:1, type:2, protocol:0
 = "A200396E0402FF83@1@14.4G@U@1@USB_Storage;U:;0;0@"
sem_get: Key: 410f00aa
[   16.214410] firmadyne: sys_socket[PID: 114 (klogd)]: family:1, type:1, protocol:0
[   16.215868] firmadyne: sys_socket[PID: 114 (klogd)]: family:1, type:2, protocol:0
sem_get: Key: 410f00aa
[   16.223177] firmadyne: sys_socket[PID: 114 (klogd)]: family:1, type:1, protocol:0
[   16.224650] firmadyne: sys_socket[PID: 114 (klogd)]: family:1, type:2, protocol:0
nvram_set: usb_info_dev63 = "A200396E0402FF83@1@14.4G@U@1@USB_Storage;U:;0;0@[   16.231731] firmadyne: sys_socket[PID: 114 (klogd)]: family:1, type:1, protocol:0
"
sem_get: Key: 410f00aa
[   16.237445] firmadyne: sys_socket[PID: 114 (klogd)]: family:1, type:2, protocol:0
[   16.240380] firmadyne: sys_socket[PID: 114 (klogd)]: family:1, type:1, protocol:0
sem_get: Key: 410f00aa
[   16.245842] firmadyne: sys_socket[PID: 114 (klogd)]: family:1, type:2, protocol:0
[   16.248744] firmadyne: sys_socket[PID: 114 (klogd)]: family:1, type:1, protocol:0
nvram_set: usb_info_dev64 = "A200396E0402FF83@1@14.4G@U@1@USB_Storage;U:;0;0@"
sem_get: Key: 410f00aa
sem_get: Key: [   16.258113] firmadyne: sys_socket[PID: 114 (klogd)]: family:1, type:2, protocol:0
[   16.261347] firmadyne: sys_socket[PID: 114 (klogd)]: family:1, type:1, protocol:0
410f00aa
nvram_set: usb_info_dev65 = "A200396E0402FF83@1@14.4G@U@1@USB_Storage;U:;0;0@"
sem_get: Key: 410f00aa[   16.270161] firmadyne: sys_socket[PID: 114 (klogd)]: family:1, type:2, protocol:0
[   16.273506] firmadyne: sys_socket[PID: 114 (klogd)]: family:1, type:1, protocol:0
[   16.274981] firmadyne: sys_socket[PID: 114 (klogd)]: family:1, type:2, protocol:0

sem_get: Key: 410f00aa
[   16.283198] firmadyne: sys_socket[PID: 114 (klogd)]: family:1, type:1, protocol:0
[   16.284662] firmadyne: sys_socket[PID: 114 (klogd)]: family:1, type:2, protocol:0
nvram_set: usb_info_dev66 = "A200396E0402FF83@1@14.4G@U@1@USB_Storage;U:;0;0@[   16.291851] firmadyne: sys_socket[PID: 114 (klogd)]: family:1, type:1, protocol:0
"
sem_get: Key: 410f00aa
[   16.298079] firmadyne: sys_socket[PID: 114 (klogd)]: family:1, type:2, protocol:0
[   16.301005] firmadyne: sys_socket[PID: 114 (klogd)]: family:1, type:1, protocol:0
sem_get: Key: 410f00aa
nvram_set: usb_info_dev67 = "A200396E0402FF83@1@14.4G@U@1@USB_Storage;U:;0;0@"
sem_get[   16.309932] firmadyne: sys_socket[PID: 114 (klogd)]: family:1, type:2, protocol:0
[   16.312821] firmadyne: sys_socket[PID: 114 (klogd)]: family:1, type:1, protocol:0
: Key: 410f00aa
sem_get[   16.318220] firmadyne: sys_socket[PID: 114 (klogd)]: family:1, type:2, protocol:0
[   16.321361] firmadyne: sys_socket[PID: 114 (klogd)]: family:1, type:1, protocol:0
: Key: 410f00aa
nvram_set: usb_info_dev68 = "A200396E0402FF83@1@14.4G@U@1@USB_Storage;U:;0;0@"
sem_get: Key: [   16.329968] firmadyne: sys_socket[PID: 114 (klogd)]: family:1, type:2, protocol:0
[   16.332857] firmadyne: sys_socket[PID: 114 (klogd)]: family:1, type:1, protocol:0
[   16.334777] firmadyne: sys_socket[PID: 114 (klogd)]: family:1, type:2, protocol:0
[   16.337981] firmadyne: sys_socket[PID: 114 (klogd)]: family:1, type:1, protocol:0
[   16.339426] firmadyne: sys_socket[PID: 114 (klogd)]: family:1, type:2, protocol:0
410f00aa
sem_get: Key: 410f00aa
nvram_set: usb_info_dev69 = "A200396E0402FF83@1@14.4G@U@1@USB_Storage;U:;0;0@[   16.351002] firmadyne: sys_socket[PID: 114 (klogd)]: family:1, type:1, protocol:0
[   16.352455] firmadyne: sys_socket[PID: 114 (klogd)]: family:1, type:2, protocol:0
"
sem_get: Key: 410f00aa
[   16.359389] firmadyne: sys_socket[PID: 114 (klogd)]: family:1, type:1, protocol:0
[   16.360801] firmadyne: sys_socket[PID: 114 (klogd)]: family:1, type:2, protocol:0
sem_get: Key: 410f00aa
nvram_set: usb_info_dev70 = "A200396E0402FF83@1@14.4G@U@1@USB_Storage;U:;0;0@"
[   16.371300] firmadyne: sys_socket[PID: 114 (klogd)]: family:1, type:1, protocol:0
[   16.372724] firmadyne: sys_socket[PID: 114 (klogd)]: family:1, type:2, protocol:0
sem_get: Key: 410f00aa
[   16.379355] firmadyne: sys_socket[PID: 114 (klogd)]: family:1, type:1, protocol:0
[   16.380769] firmadyne: sys_socket[PID: 114 (klogd)]: family:1, type:2, protocol:0
sem_get: Key: 410f00aa
[   16.387345] firmadyne: sys_socket[PID: 114 (klogd)]: family:1, type:1, protocol:0
[   16.388798] firmadyne: sys_socket[PID: 114 (klogd)]: family:1, type:2, protocol:0
nvram_set: usb_info_dev71 = "A200396E0402FF83@1@14.4G@U@1@USB_Storage;U:;0;0@"
sem_get: Key: 410f00aa
sem_get[   16.399688] firmadyne: sys_socket[PID: 114 (klogd)]: family:1, type:1, protocol:0
[   16.401344] firmadyne: sys_socket[PID: 114 (klogd)]: family:1, type:2, protocol:0
: Key: 410f00aa
nvram_set: usb_info_dev72 = "A200396E0402FF83@1@14.4G@U@1@USB_Storage;U:;0;0@"
sem_get: Key: [   16.411333] firmadyne: sys_socket[PID: 114 (klogd)]: family:1, type:1, protocol:0
[   16.412747] firmadyne: sys_socket[PID: 114 (klogd)]: family:1, type:2, protocol:0
[   16.416095] firmadyne: sys_socket[PID: 114 (klogd)]: family:1, type:1, protocol:0
410f00aa
sem_get: Key: 410f00aa
[   16.422185] firmadyne: sys_socket[PID: 114 (klogd)]: family:1, type:2, protocol:0
[   16.425365] firmadyne: sys_socket[PID: 114 (klogd)]: family:1, type:1, protocol:0
nvram_set: usb_info_dev73 = "A200396E0402FF83@1@14.4G@U@1@USB_Storage;U:;0;0@"
sem_get: Key: 410f00aa
[   16.434185] firmadyne: sys_socket[PID: 114 (klogd)]: family:1, type:2, protocol:0
[   16.437108] firmadyne: sys_socket[PID: 114 (klogd)]: family:1, type:1, protocol:0
sem_get: Key: 410f00aa
nvram_set: usb_info_dev74 = "A200396E0402FF83@1@14.4G@U@1@USB_Storage;U:;0;0@[   16.445887] firmadyne: sys_socket[PID: 114 (klogd)]: family:1, type:2, protocol:0
[   16.448808] firmadyne: sys_socket[PID: 114 (klogd)]: family:1, type:1, protocol:0
[   16.450723] firmadyne: sys_socket[PID: 114 (klogd)]: family:1, type:2, protocol:0
[   16.453851] firmadyne: sys_socket[PID: 114 (klogd)]: family:1, type:1, protocol:0
[   16.455259] firmadyne: sys_socket[PID: 114 (klogd)]: family:1, type:2, protocol:0
"
sem_get: Key: 410f00aa
sem_get: Key: 410f00aa
nvram_set[   16.466774] firmadyne: sys_socket[PID: 114 (klogd)]: family:1, type:1, protocol:0
[   16.468217] firmadyne: sys_socket[PID: 114 (klogd)]: family:1, type:2, protocol:0
: usb_info_dev75 = "A200396E0402FF83@1@14.4G@U@1@USB_Storage;U:;0;0@"
sem_get: Key: 410f00aa[   16.475633] firmadyne: sys_socket[PID: 114 (klogd)]: family:1, type:1, protocol:0
[   16.477075] firmadyne: sys_socket[PID: 114 (klogd)]: family:1, type:2, protocol:0

sem_get: Key: 410f00aa
nvram_set: usb_info_dev76 = "A200396E0402FF83@1@14.4G@U@1@USB_Storage;U:;0;0@"
sem_get: Key: 410f00aa
sem_get: Key: 410f00aa
nvram_set: usb_info_dev77 = "A200396E0402FF83@1@14.4G@U@1@USB_Storage;U:;0;0@[   16.510111] firmadyne: sys_socket[PID: 114 (klogd)]: family:1, type:1, protocol:0
[   16.511568] firmadyne: sys_socket[PID: 114 (klogd)]: family:1, type:2, protocol:0
"
sem_get: Key: 410f00aa
[   16.518644] firmadyne: sys_socket[PID: 114 (klogd)]: family:1, type:1, protocol:0
[   16.520090] firmadyne: sys_socket[PID: 114 (klogd)]: family:1, type:2, protocol:0
sem_get: Key: 410f00aa
[   16.527040] firmadyne: sys_socket[PID: 114 (klogd)]: family:1, type:1, protocol:0
[   16.528504] firmadyne: sys_socket[PID: 114 (klogd)]: family:1, type:2, protocol:0
nvram_set: usb_info_dev78 = "A200396E0402FF83@1@14.4G@U@1@USB_Storage;U:;0;0@"
[   16.535321] firmadyne: sys_socket[PID: 114 (klogd)]: family:1, type:1, protocol:0
[   16.536738] firmadyne: sys_socket[PID: 114 (klogd)]: family:1, type:2, protocol:0
sem_get: Key: 410f00aa
sem_get: Key: 410f00aa
nvram_set: [   16.547550] firmadyne: sys_socket[PID: 114 (klogd)]: family:1, type:1, protocol:0
[   16.548992] firmadyne: sys_socket[PID: 114 (klogd)]: family:1, type:2, protocol:0
usb_info_dev79 = "A200396E0402FF83@1@14.4G@U@1@USB_Storage;U:;0;0@"
sem_get: Key: 410f00aa
sem_get: Key: 410f00aa
[   16.559669] firmadyne: sys_socket[PID: 114 (klogd)]: family:1, type:1, protocol:0
[   16.561323] firmadyne: sys_socket[PID: 114 (klogd)]: family:1, type:2, protocol:0
[   16.564378] firmadyne: sys_socket[PID: 114 (klogd)]: family:1, type:1, protocol:0
[   16.566056] firmadyne: sys_socket[PID: 114 (klogd)]: family:1, type:2, protocol:0
[   16.568891] firmadyne: sys_socket[PID: 114 (klogd)]: family:1, type:1, protocol:0
nvram_set: usb_info_dev80 = "A200396E0402FF83@1@14.4G@U@1@USB_Storage;U:;0;0@"
sem_get: Key: 410f00aa
[   16.577831] firmadyne: sys_socket[PID: 114 (klogd)]: family:1, type:2, protocol:0
[   16.580724] firmadyne: sys_socket[PID: 114 (klogd)]: family:1, type:1, protocol:0
sem_get: Key: 410f00aa
nvram_set: usb_info_dev81 = "A200396E0402FF83@1@14.4G@U@1@USB_Storage;U:;0;0@"
[   16.589817] firmadyne: sys_socket[PID: 114 (klogd)]: family:1, type:2, protocol:0
[   16.592768] firmadyne: sys_socket[PID: 114 (klogd)]: family:1, type:1, protocol:0
sem_get: Key: 410f00aa
[   16.597912] firmadyne: sys_socket[PID: 114 (klogd)]: family:1, type:2, protocol:0
[   16.600821] firmadyne: sys_socket[PID: 114 (klogd)]: family:1, type:1, protocol:0
sem_get: Key: 410f00aa
nvram_set: usb_info_dev82 = "A200396E0402FF83@1@14.4G@U@1@USB_Storage;U:;0;0@"
sem_get[   16.610131] firmadyne: sys_socket[PID: 114 (klogd)]: family:1, type:2, protocol:0
[   16.613052] firmadyne: sys_socket[PID: 114 (klogd)]: family:1, type:1, protocol:0
: Key: 410f00aa
sem_get: Key: 410f00aa
nvram_set: [   16.621830] firmadyne: sys_socket[PID: 114 (klogd)]: family:1, type:2, protocol:0
[   16.624722] firmadyne: sys_socket[PID: 114 (klogd)]: family:1, type:1, protocol:0
[   16.626627] firmadyne: sys_socket[PID: 114 (klogd)]: family:1, type:2, protocol:0
usb_info_dev83 = "A200396E0402FF83@1@14.4G@U@1@USB_Storage;U:;0;0@"
sem_get: Key: 410f00aa
[   16.633854] firmadyne: sys_socket[PID: 114 (klogd)]: family:1, type:1, protocol:0
[   16.635308] firmadyne: sys_socket[PID: 114 (klogd)]: family:1, type:2, protocol:0
sem_get: Key: 410f00aa
[   16.642429] firmadyne: sys_socket[PID: 114 (klogd)]: family:1, type:1, protocol:0
[   16.643883] firmadyne: sys_socket[PID: 114 (klogd)]: family:1, type:2, protocol:0
nvram_set: usb_info_dev84 = "A200396E0402FF83@1@14.4G@U@1@USB_Storage;U:;0;0@"
[   16.651489] firmadyne: sys_socket[PID: 114 (klogd)]: family:1, type:1, protocol:0
[   16.652922] firmadyne: sys_socket[PID: 114 (klogd)]: family:1, type:2, protocol:0
sem_get: Key: 410f00aa
sem_get: Key: 410f00aa
nvram_set[   16.663745] firmadyne: sys_socket[PID: 114 (klogd)]: family:1, type:1, protocol:0
[   16.665601] firmadyne: sys_socket[PID: 114 (klogd)]: family:1, type:2, protocol:0
[   16.668452] firmadyne: sys_socket[PID: 114 (klogd)]: family:1, type:1, protocol:0
: usb_info_dev85 = "A200396E0402FF83@1@14.4G@U@1@USB_Storage;U:;0;0@"
sem_get: Key: [   16.674062] firmadyne: sys_socket[PID: 114 (klogd)]: family:1, type:2, protocol:0
[   16.676976] firmadyne: sys_socket[PID: 114 (klogd)]: family:1, type:1, protocol:0
410f00aa
sem_get: Key: 410f00aa
nvram_set: usb_info_dev86 = "A200396E0402FF83@1@14.4G@U@1@USB_Storage;U:;0;0@"
sem_get: Key: [   16.689863] firmadyne: sys_socket[PID: 114 (klogd)]: family:1, type:2, protocol:0
[   16.692778] firmadyne: sys_socket[PID: 114 (klogd)]: family:1, type:1, protocol:0
[   16.694845] firmadyne: sys_socket[PID: 114 (klogd)]: family:1, type:2, protocol:0
[   16.698029] firmadyne: sys_socket[PID: 114 (klogd)]: family:1, type:1, protocol:0
[   16.699440] firmadyne: sys_socket[PID: 114 (klogd)]: family:1, type:2, protocol:0
410f00aa
sem_get: Key: 410f00aa
nvram_set: usb_info_dev87 = "A200396E0402FF83@1@14.4G@U@1@USB_Storage;U:;0;0@[   16.710842] firmadyne: sys_socket[PID: 114 (klogd)]: family:1, type:1, protocol:0
[   16.712295] firmadyne: sys_socket[PID: 114 (klogd)]: family:1, type:2, protocol:0
"
sem_get: Key: 410f00aa
[   16.719419] firmadyne: sys_socket[PID: 114 (klogd)]: family:1, type:1, protocol:0
[   16.720956] firmadyne: sys_socket[PID: 114 (klogd)]: family:1, type:2, protocol:0
sem_get: Key: 410f00aa
nvram_set: usb_info_dev88 = "A200396E0402FF83@1@14.4G@U@1@USB_Storage;U:;0;0@"
[   16.731298] firmadyne: sys_socket[PID: 114 (klogd)]: family:1, type:1, protocol:0
[   16.732716] firmadyne: sys_socket[PID: 114 (klogd)]: family:1, type:2, protocol:0
sem_get: Key: 410f00aa
[   16.739452] firmadyne: sys_socket[PID: 114 (klogd)]: family:1, type:1, protocol:0
[   16.740867] firmadyne: sys_socket[PID: 114 (klogd)]: family:1, type:2, protocol:0
sem_get: Key: 410f00aa
nvram_set: usb_info_dev89 = "A200396E0402FF83@1@14.4G@U@1@USB_Storage;U:;0;0@"
sem_get[   16.751644] firmadyne: sys_socket[PID: 114 (klogd)]: family:1, type:1, protocol:0
[   16.753361] firmadyne: sys_socket[PID: 114 (klogd)]: family:1, type:2, protocol:0
: Key: 410f00aa
sem_get: Key: 410f00aa
nvram_set[   16.764062] firmadyne: sys_socket[PID: 114 (klogd)]: family:1, type:1, protocol:0
[   16.768200] firmadyne: sys_socket[PID: 114 (klogd)]: family:1, type:2, protocol:0
: usb_info_dev90 = "A200396E0402FF83@1@14.4G@U@1@USB_Storage;U:;0;0@"
sem_get: Key: [   16.779462] firmadyne: sys_socket[PID: 114 (klogd)]: family:1, type:1, protocol:0
[   16.780935] firmadyne: sys_socket[PID: 114 (klogd)]: family:1, type:2, protocol:0
410f00aa
sem_get: Key: 410f00aa
nvram_set: usb_info_dev91[   16.791443] firmadyne: sys_socket[PID: 114 (klogd)]: family:1, type:1, protocol:0
[   16.792853] firmadyne: sys_socket[PID: 114 (klogd)]: family:1, type:2, protocol:0
 = "A200396E0402FF83@1@14.4G@U@1@USB_Storage;U:;0;0@"
sem_get: Key: 410f00aa
sem_get: Key: 410f00aa
[   16.803323] firmadyne: sys_socket[PID: 114 (klogd)]: family:1, type:1, protocol:0
[   16.804742] firmadyne: sys_socket[PID: 114 (klogd)]: family:1, type:2, protocol:0
[   16.808088] firmadyne: sys_socket[PID: 114 (klogd)]: family:1, type:1, protocol:0
nvram_set: usb_info_dev92 = "A200396E0402FF83@1@14.4G@U@1@USB_Storage;U:;0;0@"
[   16.814177] firmadyne: sys_socket[PID: 114 (klogd)]: family:1, type:2, protocol:0
[   16.817331] firmadyne: sys_socket[PID: 114 (klogd)]: family:1, type:1, protocol:0
sem_get: Key: 410f00aa
sem_get: Key: 410f00aa
[   16.825845] firmadyne: sys_socket[PID: 114 (klogd)]: family:1, type:2, protocol:0
[   16.828746] firmadyne: sys_socket[PID: 114 (klogd)]: family:1, type:1, protocol:0
[   16.830656] firmadyne: sys_socket[PID: 114 (klogd)]: family:1, type:2, protocol:0
nvram_set: usb_info_dev93 = "A200396E0402FF83@1@14.4G@U@1@USB_Storage;U:;0;0@"
sem_get: Key: [   16.837811] firmadyne: sys_socket[PID: 114 (klogd)]: family:1, type:1, protocol:0
[   16.839266] firmadyne: sys_socket[PID: 114 (klogd)]: family:1, type:2, protocol:0
410f00aa
sem_get: Key: 410f00aa
nvram_set: usb_info_dev94[   16.850616] firmadyne: sys_socket[PID: 114 (klogd)]: family:1, type:1, protocol:0
[   16.852073] firmadyne: sys_socket[PID: 114 (klogd)]: family:1, type:2, protocol:0
[   16.855308] firmadyne: sys_socket[PID: 114 (klogd)]: family:1, type:1, protocol:0
[   16.856714] firmadyne: sys_socket[PID: 114 (klogd)]: family:1, type:2, protocol:0
 = "A200396E0402FF83@1@14.4G@U@1@USB_Storage;U:;0;0@"
sem_get: Key: 410f00aa
sem_get: Key: 410f00aa
[   16.867320] firmadyne: sys_socket[PID: 114 (klogd)]: family:1, type:1, protocol:0
[   16.868737] firmadyne: sys_socket[PID: 114 (klogd)]: family:1, type:2, protocol:0
nvram_set: usb_info_dev95 = "A200396E0402FF83@1@14.4G@U@1@USB_Storage;U:;0;0@[   16.873960] cfg80211: Calling CRDA to update world regulatory domain
[   16.877577] firmadyne: sys_socket[PID: 114 (klogd)]: family:1, type:1, protocol:0
[   16.878997] firmadyne: sys_socket[PID: 114 (klogd)]: family:1, type:2, protocol:0
"
sem_get: Key: 410f00aa
sem_get: Key: 410f00aa
[   16.890160] firmadyne: sys_socket[PID: 114 (klogd)]: family:1, type:1, protocol:0
[   16.891640] firmadyne: sys_socket[PID: 114 (klogd)]: family:1, type:2, protocol:0
nvram_set: usb_info_dev96 = "A200396E0402FF83@1@14.4G@U@1@USB_Storage;U:;0;0@"
[   16.898871] firmadyne: sys_socket[PID: 114 (klogd)]: family:1, type:1, protocol:0
[   16.900313] firmadyne: sys_socket[PID: 114 (klogd)]: family:1, type:2, protocol:0
sem_get: Key: 410f00aa
sem_get: Key: [   16.907749] firmadyne: sys_socket[PID: 114 (klogd)]: family:1, type:1, protocol:0
410f00aa
nvram_set: usb_info_dev97[   16.913473] firmadyne: sys_socket[PID: 114 (klogd)]: family:1, type:2, protocol:0
[   16.916424] firmadyne: sys_socket[PID: 114 (klogd)]: family:1, type:1, protocol:0
 = "A200396E0402FF83@1@14.4G@U@1@USB_Storage;U:;0;0@"
sem_get: Key: 410f00aa
[   16.921960] firmadyne: sys_socket[PID: 114 (klogd)]: family:1, type:2, protocol:0
[   16.924859] firmadyne: sys_socket[PID: 114 (klogd)]: family:1, type:1, protocol:0
sem_get: Key: 410f00aa
nvram_set: usb_info_dev98 = "A200396E0402FF83@1@14.4G@U@1@USB_Storage;U:;0;0@[   16.934199] firmadyne: sys_socket[PID: 114 (klogd)]: family:1, type:2, protocol:0
[   16.937348] firmadyne: sys_socket[PID: 114 (klogd)]: family:1, type:1, protocol:0
"
sem_get: Key: 410f00aa
sem_get: Key: 410f00aa
[   16.945868] firmadyne: sys_socket[PID: 114 (klogd)]: family:1, type:2, protocol:0
[   16.948832] firmadyne: sys_socket[PID: 114 (klogd)]: family:1, type:1, protocol:0
[   16.950757] firmadyne: sys_socket[PID: 114 (klogd)]: family:1, type:2, protocol:0
[   16.953883] firmadyne: sys_socket[PID: 114 (klogd)]: family:1, type:1, protocol:0
[   16.955290] firmadyne: sys_socket[PID: 114 (klogd)]: family:1, type:2, protocol:0
nvram_set: usb_info_dev99 = "A200396E0402FF83@1@14.4G@U@1@USB_Storage;U:;0;0@"
sem_get: Key: 410f00aa
sem_get: Key: 410f00aa
nvram_set: usb_info_dev100 = "A200396E0402FF83@1@14.4G@U@1@USB_Storage;U:;0;0@"
sem_get: Key: 410f00aa
sem_get: Key: 410f00aa
nvram_set[   16.990116] firmadyne: sys_socket[PID: 114 (klogd)]: family:1, type:1, protocol:0
[   16.991581] firmadyne: sys_socket[PID: 114 (klogd)]: family:1, type:2, protocol:0
: wla_ap_isolate_1 = ""
sem_get: Key: 410f00aa
[   16.999121] firmadyne: sys_socket[PID: 114 (klogd)]: family:1, type:1, protocol:0
[   17.000571] firmadyne: sys_socket[PID: 114 (klogd)]: family:1, type:2, protocol:0
sem_get: Key: 410f00aa
[   17.007346] firmadyne: sys_socket[PID: 114 (klogd)]: family:1, type:1, protocol:0
[   17.008765] firmadyne: sys_socket[PID: 114 (klogd)]: family:1, type:2, protocol:0
nvram_set: wla_ap_isolate_2 = ""
[   17.015381] firmadyne: sys_socket[PID: 114 (klogd)]: family:1, type:1, protocol:0
[   17.016810] firmadyne: sys_socket[PID: 114 (klogd)]: family:1, type:2, protocol:0
sem_get: Key: 410f00aa
sem_get: Key: 410f00aa
nvram_set: [   17.027463] firmadyne: sys_socket[PID: 114 (klogd)]: family:1, type:1, protocol:0
[   17.028887] firmadyne: sys_socket[PID: 114 (klogd)]: family:1, type:2, protocol:0
wla_ap_isolate_3 = ""
sem_get: Key: 410f00aa
sem_get: Key: 410f00aa
[   17.039339] firmadyne: sys_socket[PID: 114 (klogd)]: family:1, type:1, protocol:0
[   17.040769] firmadyne: sys_socket[PID: 114 (klogd)]: family:1, type:2, protocol:0
[   17.044125] firmadyne: sys_socket[PID: 114 (klogd)]: family:1, type:1, protocol:0
[   17.045774] firmadyne: sys_socket[PID: 114 (klogd)]: family:1, type:2, protocol:0
[   17.048620] firmadyne: sys_socket[PID: 114 (klogd)]: family:1, type:1, protocol:0
nvram_set: wla_ap_isolate_4 = ""
sem_get: Key: 410f00aa
sem_get: Key: [   17.058029] firmadyne: sys_socket[PID: 114 (klogd)]: family:1, type:2, protocol:0
[   17.060962] firmadyne: sys_socket[PID: 114 (klogd)]: family:1, type:1, protocol:0
410f00aa
nvram_set: wlg_ap_isolate_1 = ""
sem_get: Key: 410f00aa
[   17.070137] firmadyne: sys_socket[PID: 114 (klogd)]: family:1, type:2, protocol:0
[   17.073091] firmadyne: sys_socket[PID: 114 (klogd)]: family:1, type:1, protocol:0
sem_get: Key: 410f00aa
nvram_set: wlg_ap_isolate_2 = ""
sem_get[   17.083033] firmadyne: sys_socket[PID: 114 (klogd)]: family:1, type:2, protocol:0
[   17.086320] firmadyne: sys_socket[PID: 114 (klogd)]: family:1, type:1, protocol:0
[   17.087797] firmadyne: sys_socket[PID: 114 (klogd)]: family:1, type:2, protocol:0
: Key: 410f00aa
sem_get: Key: 410f00aa
[   17.095529] firmadyne: sys_socket[PID: 114 (klogd)]: family:1, type:1, protocol:0
[   17.096986] firmadyne: sys_socket[PID: 114 (klogd)]: family:1, type:2, protocol:0
nvram_set: wlg_ap_isolate_3 = ""
sem_get: Key: 410f00aa
[   17.107449] firmadyne: sys_socket[PID: 114 (klogd)]: family:1, type:1, protocol:0
[   17.108870] firmadyne: sys_socket[PID: 114 (klogd)]: family:1, type:2, protocol:0
[   17.112288] firmadyne: sys_socket[PID: 114 (klogd)]: family:1, type:1, protocol:0
[   17.113933] firmadyne: sys_socket[PID: 114 (klogd)]: family:1, type:2, protocol:0
[   17.116772] firmadyne: sys_socket[PID: 114 (klogd)]: family:1, type:1, protocol:0
sem_get: Key: 410f00aa
nvram_set: wlg_ap_isolate_4 = ""
sem_get: Key: 410f00aa[   17.125907] firmadyne: sys_socket[PID: 114 (klogd)]: family:1, type:2, protocol:0
[   17.128836] firmadyne: sys_socket[PID: 114 (klogd)]: family:1, type:1, protocol:0

sem_get: Key: 410f00aa
nvram_set: wlg_allow_access_1 = ""
[   17.138187] firmadyne: sys_socket[PID: 114 (klogd)]: family:1, type:2, protocol:0
[   17.141325] firmadyne: sys_socket[PID: 114 (klogd)]: family:1, type:1, protocol:0
sem_get: Key: 410f00aa
sem_get: Key: 410f00aa
nvram_set[   17.150070] firmadyne: sys_socket[PID: 114 (klogd)]: family:1, type:2, protocol:0
[   17.152995] firmadyne: sys_socket[PID: 114 (klogd)]: family:1, type:1, protocol:0
[   17.154851] firmadyne: sys_socket[PID: 114 (klogd)]: family:1, type:2, protocol:0
[   17.157982] firmadyne: sys_socket[PID: 114 (klogd)]: family:1, type:1, protocol:0
[   17.159396] firmadyne: sys_socket[PID: 114 (klogd)]: family:1, type:2, protocol:0
: wlg_allow_access_2 = ""
sem_get: Key: 410f00aa
sem_get: Key: 410f00aa
[   17.170409] firmadyne: sys_socket[PID: 114 (klogd)]: family:1, type:1, protocol:0
[   17.171882] firmadyne: sys_socket[PID: 114 (klogd)]: family:1, type:2, protocol:0
nvram_set: wlg_allow_access_3 = ""
sem_get: Key: [   17.179139] firmadyne: sys_socket[PID: 114 (klogd)]: family:1, type:1, protocol:0
[   17.180570] firmadyne: sys_socket[PID: 114 (klogd)]: family:1, type:2, protocol:0
410f00aa
sem_get: Key: 410f00aa
nvram_set: wlg_allow_access_4 = ""
[   17.191797] firmadyne: sys_socket[PID: 114 (klogd)]: family:1, type:1, protocol:0
[   17.193660] firmadyne: sys_socket[PID: 114 (klogd)]: family:1, type:2, protocol:0
[   17.196528] firmadyne: sys_socket[PID: 114 (klogd)]: family:1, type:1, protocol:0
sem_get: Key: 410f00aa
sem_get: Key: 410f00aa
nvram_set: [   17.205893] firmadyne: sys_socket[PID: 114 (klogd)]: family:1, type:2, protocol:0
[   17.208789] firmadyne: sys_socket[PID: 114 (klogd)]: family:1, type:1, protocol:0
0:macaddr = "01:23:45:67:89:ab"
sem_get: Key: 410f00aa
sem_get: Key: 410f00aa
[   17.217955] firmadyne: sys_socket[PID: 114 (klogd)]: family:1, type:2, protocol:0
[   17.220856] firmadyne: sys_socket[PID: 114 (klogd)]: family:1, type:1, protocol:0
[   17.222757] firmadyne: sys_socket[PID: 114 (klogd)]: family:1, type:2, protocol:0
[   17.225875] firmadyne: sys_socket[PID: 114 (klogd)]: family:1, type:1, protocol:0
[   17.227294] firmadyne: sys_socket[PID: 114 (klogd)]: family:1, type:2, protocol:0
nvram_set: 1:macaddr = "01:23:45:67:89:ab"
sem_get: Key: 410f00aa
sem_get[   17.238827] firmadyne: sys_socket[PID: 114 (klogd)]: family:1, type:1, protocol:0
[   17.240293] firmadyne: sys_socket[PID: 114 (klogd)]: family:1, type:2, protocol:0
: Key: 410f00aa
nvram_set: [   17.247409] firmadyne: sys_socket[PID: 114 (klogd)]: family:1, type:1, protocol:0
[   17.248826] firmadyne: sys_socket[PID: 114 (klogd)]: family:1, type:2, protocol:0
2:macaddr = "01:23:45:67:89:ab"
sem_get: Key: 410f00aa
sem_get: Key: 410f00aa
[   17.259440] firmadyne: sys_socket[PID: 114 (klogd)]: family:1, type:1, protocol:0
[   17.260857] firmadyne: sys_socket[PID: 114 (klogd)]: family:1, type:2, protocol:0
nvram_set: lan1_ifnames = ""
sem_get: Key: 410f00aa
[   17.271326] firmadyne: sys_socket[PID: 114 (klogd)]: family:1, type:1, protocol:0
[   17.272954] firmadyne: sys_socket[PID: 114 (klogd)]: family:1, type:2, protocol:0
[   17.276235] firmadyne: sys_socket[PID: 114 (klogd)]: family:1, type:1, protocol:0
[   17.277870] firmadyne: sys_socket[PID: 114 (klogd)]: family:1, type:2, protocol:0
[   17.280702] firmadyne: sys_socket[PID: 114 (klogd)]: family:1, type:1, protocol:0
sem_get: Key: 410f00aa
nvram_set: lan2_ifnames = ""
sem_get[   17.289991] firmadyne: sys_socket[PID: 114 (klogd)]: family:1, type:2, protocol:0
[   17.293023] firmadyne: sys_socket[PID: 114 (klogd)]: family:1, type:1, protocol:0
: Key: 410f00aa
sem_get: Key: 410f00aa
nvram_set: lan3_ifnames[   17.302043] firmadyne: sys_socket[PID: 114 (klogd)]: family:1, type:2, protocol:0
[   17.304973] firmadyne: sys_socket[PID: 114 (klogd)]: family:1, type:1, protocol:0
 = ""
sem_get: Key: 410f00aa
sem_get: Key: 410f00aa
[   17.313847] firmadyne: sys_socket[PID: 114 (klogd)]: family:1, type:2, protocol:0
[   17.316739] firmadyne: sys_socket[PID: 114 (klogd)]: family:1, type:1, protocol:0
[   17.318647] firmadyne: sys_socket[PID: 114 (klogd)]: family:1, type:2, protocol:0
nvram_set: lan4_ifnames = ""
sem_get: Key: 410f00aa[   17.326072] firmadyne: sys_socket[PID: 114 (klogd)]: family:1, type:1, protocol:0
[   17.327527] firmadyne: sys_socket[PID: 114 (klogd)]: family:1, type:2, protocol:0

sem_get: Key: 410f00aa
[   17.334642] firmadyne: sys_socket[PID: 114 (klogd)]: family:1, type:1, protocol:0
[   17.336082] firmadyne: sys_socket[PID: 114 (klogd)]: family:1, type:2, protocol:0
nvram_set: lan5_ifnames = ""
[   17.343385] firmadyne: sys_socket[PID: 114 (klogd)]: family:1, type:1, protocol:0
[   17.344836] firmadyne: sys_socket[PID: 114 (klogd)]: family:1, type:2, protocol:0
sem_get: Key: 410f00aa
sem_get: Key: 410f00aa
nvram_set: [   17.355420] firmadyne: sys_socket[PID: 114 (klogd)]: family:1, type:1, protocol:0
[   17.356836] firmadyne: sys_socket[PID: 114 (klogd)]: family:1, type:2, protocol:0
lan6_ifnames = ""
sem_get: Key: 410f00aa[   17.363481] firmadyne: sys_socket[PID: 114 (klogd)]: family:1, type:1, protocol:0
[   17.364954] firmadyne: sys_socket[PID: 114 (klogd)]: family:1, type:2, protocol:0

sem_get: Key: 410f00aa
nvram_set: lan7_ifnames = ""
[   17.375716] firmadyne: sys_socket[PID: 114 (klogd)]: family:1, type:1, protocol:0
[   17.377574] firmadyne: sys_socket[PID: 114 (klogd)]: family:1, type:2, protocol:0
[   17.380427] firmadyne: sys_socket[PID: 114 (klogd)]: family:1, type:1, protocol:0
sem_get: Key: 410f00aa
sem_get[   17.386092] firmadyne: sys_socket[PID: 114 (klogd)]: family:1, type:2, protocol:0
[   17.389010] firmadyne: sys_socket[PID: 114 (klogd)]: family:1, type:1, protocol:0
: Key: 410f00aa
nvram_set: lan8_ifnames = ""
sem_get: Key: 410f00aa
[   17.397956] firmadyne: sys_socket[PID: 114 (klogd)]: family:1, type:2, protocol:0
[   17.400913] firmadyne: sys_socket[PID: 114 (klogd)]: family:1, type:1, protocol:0
sem_get: Key: 410f00aa
nvram_set: lan9_ifnames = ""
sem_get[   17.410255] firmadyne: sys_socket[PID: 114 (klogd)]: family:1, type:2, protocol:0
[   17.413482] firmadyne: sys_socket[PID: 114 (klogd)]: family:1, type:1, protocol:0
[   17.414894] firmadyne: sys_socket[PID: 114 (klogd)]: family:1, type:2, protocol:0
: Key: 410f00aa
sem_get: Key: 410f00aa
[   17.422375] firmadyne: sys_socket[PID: 114 (klogd)]: family:1, type:1, protocol:0
[   17.423831] firmadyne: sys_socket[PID: 114 (klogd)]: family:1, type:2, protocol:0
nvram_set_default: Loading built-in default values = 1!
nvram_set_default: Checking for symbol "router_defaults"...
nvram_set_default: Checking for symbol "Nvrams"...
[   17.453780] firmadyne: sys_socket[PID: 114 (klogd)]: family:1, type:1, protocol:0
[   17.455255] firmadyne: sys_socket[PID: 114 (klogd)]: family:1, type:2, protocol:0
nvram_set[   17.462673] firmadyne: sys_socket[PID: 114 (klogd)]: family:1, type:1, protocol:0
[   17.464137] firmadyne: sys_socket[PID: 114 (klogd)]: family:1, type:2, protocol:0
: time_zone = "GMT+8"
sem_get: Key: 410f00aa
[   17.471606] firmadyne: sys_socket[PID: 114 (klogd)]: family:1, type:1, protocol:0
[   17.473049] firmadyne: sys_socket[PID: 114 (klogd)]: family:1, type:2, protocol:0
sem_get: Key: 410f00aa
[   17.484341] firmadyne: sys_socket[PID: 114 (klogd)]: family:1, type:1, protocol:0
nvram_set: time_daylight = ""
[   17.490093] firmadyne: sys_socket[PID: 114 (klogd)]: family:1, type:2, protocol:0
[   17.493139] firmadyne: sys_socket[PID: 114 (klogd)]: family:1, type:1, protocol:0
sem_get: Key: 410f00aa
sem_get: Key: 410f00aa
[   17.501841] firmadyne: sys_socket[PID: 114 (klogd)]: family:1, type:2, protocol:0
[   17.504747] firmadyne: sys_socket[PID: 114 (klogd)]: family:1, type:1, protocol:0
[   17.506663] firmadyne: sys_socket[PID: 114 (klogd)]: family:1, type:2, protocol:0
nvram_set: [   17.513819] firmadyne: sys_socket[PID: 114 (klogd)]: family:1, type:1, protocol:0
[   17.515278] firmadyne: sys_socket[PID: 114 (klogd)]: family:1, type:2, protocol:0
restore_default = "0"
sem_get: Key: 410f00aa
[   17.522448] firmadyne: sys_socket[PID: 114 (klogd)]: family:1, type:1, protocol:0
[   17.523905] firmadyne: sys_socket[PID: 114 (klogd)]: family:1, type:2, protocol:0
sem_get: Key: 410f00aa
[   17.531057] firmadyne: sys_socket[PID: 114 (klogd)]: family:1, type:1, protocol:0
[   17.532480] firmadyne: sys_socket[PID: 114 (klogd)]: family:1, type:2, protocol:0
nvram_set: wiz_language = "English[   17.543336] firmadyne: sys_socket[PID: 114 (klogd)]: family:1, type:1, protocol:0
[   17.544752] firmadyne: sys_socket[PID: 114 (klogd)]: family:1, type:2, protocol:0
"
sem_get: Key: 410f00aa
[   17.551384] firmadyne: sys_socket[PID: 114 (klogd)]: family:1, type:1, protocol:0
[   17.552799] firmadyne: sys_socket[PID: 114 (klogd)]: family:1, type:2, protocol:0
sem_get: Key: 410f00aa
[   17.563286] firmadyne: sys_socket[PID: 114 (klogd)]: family:1, type:1, protocol:0
[   17.564703] firmadyne: sys_socket[PID: 114 (klogd)]: family:1, type:2, protocol:0
nvram_set: wiz_country = "US"
sem_get[   17.571437] firmadyne: sys_socket[PID: 114 (klogd)]: family:1, type:1, protocol:0
[   17.572849] firmadyne: sys_socket[PID: 114 (klogd)]: family:1, type:2, protocol:0
: Key: 410f00aa
sem_get[   17.579757] firmadyne: sys_socket[PID: 114 (klogd)]: family:1, type:1, protocol:0
: Key: 410f00aa
[   17.585427] firmadyne: sys_socket[PID: 114 (klogd)]: family:1, type:2, protocol:0
[   17.588684] firmadyne: sys_socket[PID: 114 (klogd)]: family:1, type:1, protocol:0
nvram_set: fix_ipaddr = "[   17.593868] firmadyne: sys_socket[PID: 114 (klogd)]: family:1, type:2, protocol:0
[   17.596762] firmadyne: sys_socket[PID: 114 (klogd)]: family:1, type:1, protocol:0
"
sem_get: Key: 410f00aa
sem_get: Key: 410f00aa
[   17.605843] firmadyne: sys_socket[PID: 114 (klogd)]: family:1, type:2, protocol:0
[   17.608739] firmadyne: sys_socket[PID: 114 (klogd)]: family:1, type:1, protocol:0
nvram_set[   17.613841] firmadyne: sys_socket[PID: 114 (klogd)]: family:1, type:2, protocol:0
[   17.616733] firmadyne: sys_socket[PID: 114 (klogd)]: family:1, type:1, protocol:0
: fix_netmask = ""
sem_get: Key: 410f00aa
sem_get: Key: 410f00aa
[   17.625847] firmadyne: sys_socket[PID: 114 (klogd)]: family:1, type:2, protocol:0
[   17.628763] firmadyne: sys_socket[PID: 114 (klogd)]: family:1, type:1, protocol:0
[   17.633842] firmadyne: sys_socket[PID: 114 (klogd)]: family:1, type:2, protocol:0
[   17.636732] firmadyne: sys_socket[PID: 114 (klogd)]: family:1, type:1, protocol:0
nvram_set: fix_gateway = ""
[   17.641841] firmadyne: sys_socket[PID: 114 (klogd)]: family:1, type:2, protocol:0
[   17.644739] firmadyne: sys_socket[PID: 114 (klogd)]: family:1, type:1, protocol:0
sem_get: Key: 410f00aa
sem_get: Key: 410f00aa
[   17.653823] firmadyne: sys_socket[PID: 114 (klogd)]: family:1, type:2, protocol:0
[   17.656722] firmadyne: sys_socket[PID: 114 (klogd)]: family:1, type:1, protocol:0
nvram_set: [   17.661917] firmadyne: sys_socket[PID: 114 (klogd)]: family:1, type:2, protocol:0
