[    0.000000] Linux version 4.1.17+ (alessio@pc) (gcc version 5.5.0 20171010 (Ubuntu 5.5.0-12ubuntu1) ) #1 Mon May 15 23:04:08 CEST 2023
[    0.000000] earlycon: Early serial console at I/O port 0x3f8 (options '38400n8')
[    0.000000] bootconsole [uart0] enabled
[    0.000000] CPU0 revision is: 00019300 (MIPS 24Kc)
[    0.000000] FPU revision is: 00739300
[    0.000000] Software DMA cache coherency enabled
[    0.000000] Determined physical RAM map:
[    0.000000]  memory: 00001000 @ 00000000 (reserved)
[    0.000000]  memory: 000ef000 @ 00001000 (ROM data)
[    0.000000]  memory: 00798000 @ 000f0000 (reserved)
[    0.000000]  memory: 0f777000 @ 00888000 (usable)
[    0.000000] debug: ignoring loglevel setting.
[    0.000000] Wasting 69888 bytes for tracking 2184 unused pages
[    0.000000] Initrd not found or empty - disabling initrd
[    0.000000] Zone ranges:
[    0.000000]   DMA      [mem 0x0000000000000000-0x0000000000ffffff]
[    0.000000]   Normal   [mem 0x0000000001000000-0x000000000fffefff]
[    0.000000] Movable zone start for each node
[    0.000000] Early memory node ranges
[    0.000000]   node   0: [mem 0x0000000000000000-0x000000000fffefff]
[    0.000000] Initmem setup node 0 [mem 0x0000000000000000-0x000000000fffefff]
[    0.000000] On node 0 totalpages: 65535
[    0.000000] free_area_init_node: node 0, pgdat 8081d5b0, node_mem_map 81000000
[    0.000000]   DMA zone: 32 pages used for memmap
[    0.000000]   DMA zone: 0 pages reserved
[    0.000000]   DMA zone: 4096 pages, LIFO batch:0
[    0.000000]   Normal zone: 480 pages used for memmap
[    0.000000]   Normal zone: 61439 pages, LIFO batch:15
[    0.000000] Primary instruction cache 2kB, VIPT, 2-way, linesize 16 bytes.
[    0.000000] Primary data cache 2kB, 2-way, VIPT, no aliases, linesize 16 bytes
[    0.000000] pcpu-alloc: s0 r0 d32768 u32768 alloc=1*32768
[    0.000000] pcpu-alloc: [0] 0 
[    0.000000] Built 1 zonelists in Zone order, mobility grouping on.  Total pages: 65023
[    0.000000] Kernel command line: root=/dev/sda1 console=ttyS0 nandsim.parts=64,64,64,64,64,64,64,64,64,64 rdinit=/firmadyne/preInit.sh rw debug ignore_loglevel print-fatal-signals=1 FIRMAE_NET=true FIRMAE_NVRAM=true FIRMAE_KERNEL=true FIRMAE_ETC=true user_debug=0 firmadyne.syscall=1 noka
[    0.000000] found FIRMAE_KERNEL=t
[    0.000000] set the LD_PRELOAD=/firmadyne/libnvram_ioctl.so
[    0.000000] PID hash table entries: 1024 (order: 0, 4096 bytes)
[    0.000000] Dentry cache hash table entries: 32768 (order: 5, 131072 bytes)
[    0.000000] Inode-cache hash table entries: 16384 (order: 4, 65536 bytes)
[    0.000000] Writing ErrCtl register=00000000
[    0.000000] Readback ErrCtl register=00000000
[    0.000000] Memory: 251112K/262140K available (5360K kernel code, 244K rwdata, 1676K rodata, 260K init, 158K bss, 11028K reserved, 0K cma-reserved)
[    0.000000] NR_IRQS:256
[    0.000000] CPU frequency 200.00 MHz
[    0.000000] clocksource MIPS: mask: 0xffffffff max_cycles: 0xffffffff, max_idle_ns: 19112671939 ns
[    0.000203] sched_clock: 32 bits at 99MHz, resolution 10ns, wraps every 21474912250ns
[    8.699115] spurious 8259A interrupt: IRQ7.
[    8.701378] Console: colour dummy device 80x25
[    8.702779] Calibrating delay loop... 25.47 BogoMIPS (lpj=50944)
[    8.756974] pid_max: default: 32768 minimum: 301
[    8.761627] Mount-cache hash table entries: 1024 (order: 0, 4096 bytes)
[    8.762188] Mountpoint-cache hash table entries: 1024 (order: 0, 4096 bytes)
[    8.829345] clocksource jiffies: mask: 0xffffffff max_cycles: 0xffffffff, max_idle_ns: 7645041785100000 ns
[    8.841076] NET: Registered protocol family 16
[    9.123632] clocksource pit: mask: 0xffffffff max_cycles: 0xffffffff, max_idle_ns: 1601818034827 ns
[    9.282583] vgaarb: loaded
[    9.288928] SCSI subsystem initialized
[    9.291510] libata version 3.00 loaded.
[    9.296023] usbcore: registered new interface driver usbfs
[    9.297474] usbcore: registered new interface driver hub
[    9.298590] usbcore: registered new device driver usb
[    9.301459] pps_core: LinuxPPS API ver. 1 registered
[    9.301837] pps_core: Software ver. 5.3.6 - Copyright 2005-2007 Rodolfo Giometti <giometti@linux.it>
[    9.302736] PTP clock support registered
[    9.307567] PCI host bridge to bus 0000:00
[    9.308492] pci_bus 0000:00: root bus resource [mem 0x10000000-0x17ffffff]
[    9.309082] pci_bus 0000:00: root bus resource [io  0x1000-0x1fffff]
[    9.309664] pci_bus 0000:00: root bus resource [??? 0x00000000 flags 0x0]
[    9.310221] pci_bus 0000:00: No busn resource found for root bus, will use [bus 00-ff]
[    9.311505] pci 0000:00:00.0: [11ab:4620] type 00 class 0x060000
[    9.312627] pci 0000:00:00.0: [Firmware Bug]: reg 0x14: invalid BAR (can't size)
[    9.313204] pci 0000:00:00.0: [Firmware Bug]: reg 0x18: invalid BAR (can't size)
[    9.313763] pci 0000:00:00.0: [Firmware Bug]: reg 0x1c: invalid BAR (can't size)
[    9.314318] pci 0000:00:00.0: [Firmware Bug]: reg 0x20: invalid BAR (can't size)
[    9.314884] pci 0000:00:00.0: [Firmware Bug]: reg 0x24: invalid BAR (can't size)
[    9.319004] pci 0000:00:0a.0: [8086:7110] type 00 class 0x060100
[    9.322625] pci 0000:00:0a.1: [8086:7111] type 00 class 0x010180
[    9.323389] pci 0000:00:0a.1: reg 0x20: [io  0x0000-0x000f]
[    9.323969] pci 0000:00:0a.1: legacy IDE quirk: reg 0x10: [io  0x01f0-0x01f7]
[    9.324675] pci 0000:00:0a.1: legacy IDE quirk: reg 0x14: [io  0x03f6]
[    9.325223] pci 0000:00:0a.1: legacy IDE quirk: reg 0x18: [io  0x0170-0x0177]
[    9.325775] pci 0000:00:0a.1: legacy IDE quirk: reg 0x1c: [io  0x0376]
[    9.329145] pci 0000:00:0a.2: [8086:7112] type 00 class 0x0c0300
[    9.329816] pci 0000:00:0a.2: reg 0x20: [io  0x0000-0x001f]
[    9.333150] pci 0000:00:0a.3: [8086:7113] type 00 class 0x068000
[    9.334458] pci 0000:00:0a.3: quirk: [io  0x1000-0x103f] claimed by PIIX4 ACPI
[    9.335075] pci 0000:00:0a.3: quirk: [io  0x1100-0x110f] claimed by PIIX4 SMB
[    9.338481] pci 0000:00:12.0: [1013:00b8] type 00 class 0x030000
[    9.339094] pci 0000:00:12.0: reg 0x10: [mem 0x00000000-0x01ffffff pref]
[    9.339672] pci 0000:00:12.0: reg 0x14: [mem 0x00000000-0x00000fff]
[    9.340314] pci 0000:00:12.0: reg 0x30: [mem 0x00000000-0x0000ffff pref]
[    9.343202] vgaarb: device added: PCI:0000:00:12.0,decodes=io+mem,owns=none,locks=none
[    9.344462] pci 0000:00:13.0: [8086:100e] type 00 class 0x020000
[    9.345085] pci 0000:00:13.0: reg 0x10: [mem 0x00000000-0x0001ffff]
[    9.345779] pci 0000:00:13.0: reg 0x14: [io  0x0000-0x003f]
[    9.346394] pci 0000:00:13.0: reg 0x30: [mem 0x00000000-0x0003ffff pref]
[    9.349639] pci 0000:00:14.0: [8086:100e] type 00 class 0x020000
[    9.350233] pci 0000:00:14.0: reg 0x10: [mem 0x00000000-0x0001ffff]
[    9.350782] pci 0000:00:14.0: reg 0x14: [io  0x0000-0x003f]
[    9.351395] pci 0000:00:14.0: reg 0x30: [mem 0x00000000-0x0003ffff pref]
[    9.354782] pci 0000:00:15.0: [8086:100e] type 00 class 0x020000
[    9.355379] pci 0000:00:15.0: reg 0x10: [mem 0x00000000-0x0001ffff]
[    9.355922] pci 0000:00:15.0: reg 0x14: [io  0x0000-0x003f]
[    9.356534] pci 0000:00:15.0: reg 0x30: [mem 0x00000000-0x0003ffff pref]
[    9.359805] pci 0000:00:16.0: [8086:100e] type 00 class 0x020000
[    9.360406] pci 0000:00:16.0: reg 0x10: [mem 0x00000000-0x0001ffff]
[    9.360948] pci 0000:00:16.0: reg 0x14: [io  0x0000-0x003f]
[    9.361562] pci 0000:00:16.0: reg 0x30: [mem 0x00000000-0x0003ffff pref]
[    9.365084] pci_bus 0000:00: busn_res: [bus 00-ff] end is updated to 00
[    9.366775] pci 0000:00:12.0: BAR 0: assigned [mem 0x10000000-0x11ffffff pref]
[    9.367528] pci 0000:00:13.0: BAR 6: assigned [mem 0x12000000-0x1203ffff pref]
[    9.368194] pci 0000:00:14.0: BAR 6: assigned [mem 0x12040000-0x1207ffff pref]
[    9.368824] pci 0000:00:15.0: BAR 6: assigned [mem 0x12080000-0x120bffff pref]
[    9.369453] pci 0000:00:16.0: BAR 6: assigned [mem 0x120c0000-0x120fffff pref]
[    9.370065] pci 0000:00:13.0: BAR 0: assigned [mem 0x12100000-0x1211ffff]
[    9.370858] pci 0000:00:14.0: BAR 0: assigned [mem 0x12120000-0x1213ffff]
[    9.371478] pci 0000:00:15.0: BAR 0: assigned [mem 0x12140000-0x1215ffff]
[    9.372087] pci 0000:00:16.0: BAR 0: assigned [mem 0x12160000-0x1217ffff]
[    9.372716] pci 0000:00:12.0: BAR 6: assigned [mem 0x12180000-0x1218ffff pref]
[    9.373335] pci 0000:00:12.0: BAR 1: assigned [mem 0x12190000-0x12190fff]
[    9.373952] pci 0000:00:13.0: BAR 1: assigned [io  0x1040-0x107f]
[    9.374517] pci 0000:00:14.0: BAR 1: assigned [io  0x1080-0x10bf]
[    9.375269] pci 0000:00:15.0: BAR 1: assigned [io  0x10c0-0x10ff]
[    9.375848] pci 0000:00:16.0: BAR 1: assigned [io  0x1400-0x143f]
[    9.376419] pci 0000:00:0a.2: BAR 4: assigned [io  0x1440-0x145f]
[    9.376987] pci 0000:00:0a.1: BAR 4: assigned [io  0x1460-0x146f]
[    9.395256] cfg80211: Calling CRDA to update world regulatory domain
[    9.409682] Switched to clocksource MIPS
[    9.530976] NET: Registered protocol family 2
[    9.543779] TCP established hash table entries: 2048 (order: 1, 8192 bytes)
[    9.544943] TCP bind hash table entries: 2048 (order: 1, 8192 bytes)
[    9.546228] TCP: Hash tables configured (established 2048 bind 2048)
[    9.547340] UDP hash table entries: 256 (order: 0, 4096 bytes)
[    9.548038] UDP-Lite hash table entries: 256 (order: 0, 4096 bytes)
[    9.552277] NET: Registered protocol family 1
[    9.554157] PCI: Enabling device 0000:00:0a.2 (0000 -> 0001)
[    9.555711] PCI: CLS 0 bytes, default 16
[    9.590300] futex hash table entries: 256 (order: -1, 3072 bytes)
[    9.608045] squashfs: version 4.0 (2009/01/31) Phillip Lougher
[    9.610829] jffs2: version 2.2. (NAND) Â© 2001-2006 Red Hat, Inc.
[    9.614597] romfs: ROMFS MTD (C) 2007 Red Hat, Inc.
[    9.640590] Block layer SCSI generic (bsg) driver version 0.4 loaded (major 251)
[    9.641245] io scheduler noop registered
[    9.642196] io scheduler cfq registered (default)
[    9.643246] firmadyne: devfs: 1, execute: 1, procfs: 1, syscall: 1
[    9.649251] firmadyne: Cannot register character device: gpio, 0xfc, 0x0!
[    9.658505] firmadyne: Cannot register character device: watchdog, 0xa, 0x82!
[    9.658999] firmadyne: Cannot register character device: wdt, 0xfd, 0x0!
[   11.470948] strName = 4.1.17+
[   11.470948] init_task_addr  = 2155778944
[   11.470948] init_task_size  = 1296
[   11.470948] ts_tasks        = 292
[   11.470948] ts_pid          = 408
[   11.470948] ts_tgid         = 412
[   11.470948] ts_group_leader = 440
[   11.470948] ts_thread_group = 496
[   11.470948] ts_real_parent  = 416
[   11.470948] ts_mm           = 300
[   11.470948] ts_stack        = 4
[   11.473244] module_name   = 12
[   11.473244] module_size   = 208
[   11.473244] module_init   = 200
[   11.473244] module_list   = 4
[   11.474421] ts_real_cred    = 624
[   11.474421] ts_cred         = 628
[   11.474421] ts_comm         = 632
[   11.474421] cred_uid        = 4
[   11.474421] cred_gid        = 8
[   11.474421] cred_euid       = 20
[   11.474421] cred_egid       = 24
[   11.475981] mm_mmap         = 0
[   11.475981] mm_pgd          = 32
[   11.475981] mm_arg_start    = 136
[   11.475981] mm_start_brk    = 124
[   11.475981] mm_brk          = 128
[   11.475981] mm_start_stack  = 132
[   11.477378] vma_vm_start    = 0
[   11.477378] vma_vm_end      = 4
[   11.477378] vma_vm_next     = 8
[   11.477378] vma_vm_file     = 80
[   11.477378] vma_vm_flags    = 40
[   11.477378] vma_vm_pgoff    = 76
[   11.479079] file_dentry     = 12
[   11.479079] file_inode      = 40
[   11.479079] dentry_d_name   = 24
[   11.479079] dentry_d_iname  = 44
[   11.479079] dentry_d_parent = 16
[   11.479079] ti_task         = 0
[   11.479079] inode_ino   = 28
[   12.612729] proc_fork_connector  = 2151078840
[   12.613072] proc_exit_connector  = 2151080432
[   12.613396] proc_exec_connector  = 2151079052
[   12.613880] vma_link  = 2149124372
[   12.614158] vma_adjust  = 2149124540
[   12.614445] remove_vma  = 2149122188
[   12.614724] modules  = 2155833724
[   12.614998] trim_init_extable  = 2150545316
[   12.616217] cfg80211: Calling CRDA to update world regulatory domain
[   12.619778] PCI: Enabling device 0000:00:12.0 (0000 -> 0002)
[   12.621030] cirrusfb 0000:00:12.0: Cirrus Logic chipset on PCI bus, RAM (4096 kB) at 0x10000000
[   12.871235] Console: switching to colour frame buffer device 80x30
[   12.945551] Serial: 8250/16550 driver, 4 ports, IRQ sharing enabled
[   12.960976] console [ttyS0] disabled
[   12.988931] serial8250.0: ttyS0 at I/O 0x3f8 (irq = 4, base_baud = 115200) is a 16550A
[   12.990266] console [ttyS0] enabled
[   12.990266] console [ttyS0] enabled
[   12.990848] bootconsole [uart0] disabled
[   12.990848] bootconsole [uart0] disabled
[   13.022434] serial8250.0: ttyS1 at I/O 0x2f8 (irq = 3, base_baud = 115200) is a 16550A
[   13.154217] brd: module loaded
[   13.223176] loop: module loaded
[   13.230627] ata_piix 0000:00:0a.1: version 2.13
[   13.231205] PCI: Enabling device 0000:00:0a.1 (0000 -> 0001)
[   13.259409] scsi host0: ata_piix
[   13.265497] scsi host1: ata_piix
[   13.269885] ata1: PATA max UDMA/33 cmd 0x1f0 ctl 0x3f6 bmdma 0x1460 irq 14
[   13.270428] ata2: PATA max UDMA/33 cmd 0x170 ctl 0x376 bmdma 0x1468 irq 15
[   13.277628] [nandsim] warning: read_byte: unexpected data output cycle, state is STATE_READY return 0x0
[   13.278390] [nandsim] warning: read_byte: unexpected data output cycle, state is STATE_READY return 0x0
[   13.278972] [nandsim] warning: read_byte: unexpected data output cycle, state is STATE_READY return 0x0
[   13.279554] [nandsim] warning: read_byte: unexpected data output cycle, state is STATE_READY return 0x0
[   13.280134] [nandsim] warning: read_byte: unexpected data output cycle, state is STATE_READY return 0x0
[   13.280743] [nandsim] warning: read_byte: unexpected data output cycle, state is STATE_READY return 0x0
[   13.281497] nand: device found, Manufacturer ID: 0x98, Chip ID: 0x39
[   13.282139] nand: Toshiba NAND 128MiB 1,8V 8-bit
[   13.282569] nand: 128 MiB, SLC, erase size: 16 KiB, page size: 512, OOB size: 16
[   13.284316] flash size: 128 MiB
[   13.284592] page size: 512 bytes
[   13.284863] OOB area size: 16 bytes
[   13.285142] sector size: 16 KiB
[   13.285408] pages number: 262144
[   13.285852] pages per sector: 32
[   13.286119] bus width: 8
[   13.286362] bits in sector size: 14
[   13.286641] bits in page size: 9
[   13.286913] bits in OOB size: 4
[   13.287185] flash size with OOB: 135168 KiB
[   13.287497] page address bytes: 4
[   13.287768] sector address bytes: 3
[   13.288044] options: 0x42
[   13.384113] Scanning device for bad blocks
[   14.725847] ata2.01: NODEV after polling detection
[   14.727742] ata2.00: ATAPI: QEMU DVD-ROM, 2.5+, max UDMA/100
[   14.729268] ata1.01: NODEV after polling detection
[   14.735408] ata1.00: ATA-7: QEMU HARDDISK, 2.5+, max UDMA/100
[   14.735932] ata1.00: 2097152 sectors, multi 16: LBA48 
[   14.738298] ata2.00: configured for UDMA/33
[   14.741814] ata1.00: configured for UDMA/33
[   14.750797] scsi 0:0:0:0: Direct-Access     ATA      QEMU HARDDISK    2.5+ PQ: 0 ANSI: 5
[   14.768328] sd 0:0:0:0: [sda] 2097152 512-byte logical blocks: (1.07 GB/1.00 GiB)
[   14.770259] scsi 1:0:0:0: CD-ROM            QEMU     QEMU DVD-ROM     2.5+ PQ: 0 ANSI: 5
[   14.784489] sd 0:0:0:0: [sda] Write Protect is off
[   14.785067] sd 0:0:0:0: [sda] Mode Sense: 00 3a 00 00
[   14.786964] sd 0:0:0:0: [sda] Write cache: enabled, read cache: enabled, doesn't support DPO or FUA
[   14.799531]  sda: sda1
[   14.813111] sd 0:0:0:0: [sda] Attached SCSI disk
[   14.813895] Creating 11 MTD partitions on "NAND 128MiB 1,8V 8-bit":
[   14.814623] 0x000000000000-0x000000100000 : "NAND simulator partition 0"
[   14.826990] 0x000000100000-0x000000200000 : "NAND simulator partition 1"
[   14.838757] 0x000000200000-0x000000300000 : "NAND simulator partition 2"
[   14.850727] 0x000000300000-0x000000400000 : "NAND simulator partition 3"
[   14.862754] 0x000000400000-0x000000500000 : "NAND simulator partition 4"
[   14.874802] 0x000000500000-0x000000600000 : "NAND simulator partition 5"
[   14.887145] 0x000000600000-0x000000700000 : "NAND simulator partition 6"
[   14.899553] 0x000000700000-0x000000800000 : "NAND simulator partition 7"
[   14.912341] 0x000000800000-0x000000900000 : "NAND simulator partition 8"
[   14.923983] 0x000000900000-0x000000a00000 : "NAND simulator partition 9"
[   14.935716] 0x000000a00000-0x000008000000 : "NAND simulator partition 10"
[   14.986761] tun: Universal TUN/TAP device driver, 1.6
[   14.987147] tun: (C) 1999-2004 Max Krasnyansky <maxk@qualcomm.com>
[   14.991108] pcnet32: pcnet32.c:v1.35 21.Apr.2008 tsbogend@alpha.franken.de
[   14.992509] e1000: Intel(R) PRO/1000 Network Driver - version 7.3.21-k8-NAPI
[   14.992967] e1000: Copyright (c) 1999-2006 Intel Corporation.
[   14.994149] PCI: Enabling device 0000:00:13.0 (0000 -> 0003)
[   15.341673] e1000 0000:00:13.0 eth0: (PCI:33MHz:32-bit) 52:54:00:12:34:56
[   15.342694] e1000 0000:00:13.0 eth0: Intel(R) PRO/1000 Network Connection
[   15.343580] PCI: Enabling device 0000:00:14.0 (0000 -> 0003)
[   15.693174] e1000 0000:00:14.0 eth1: (PCI:33MHz:32-bit) 52:54:00:12:34:57
[   15.694016] e1000 0000:00:14.0 eth1: Intel(R) PRO/1000 Network Connection
[   15.694868] PCI: Enabling device 0000:00:15.0 (0000 -> 0003)
[   15.976770] cfg80211: Calling CRDA to update world regulatory domain
[   16.039156] e1000 0000:00:15.0 eth2: (PCI:33MHz:32-bit) 52:54:00:12:34:58
[   16.039833] e1000 0000:00:15.0 eth2: Intel(R) PRO/1000 Network Connection
[   16.040710] PCI: Enabling device 0000:00:16.0 (0000 -> 0003)
[   16.391334] e1000 0000:00:16.0 eth3: (PCI:33MHz:32-bit) 52:54:00:12:34:59
[   16.391976] e1000 0000:00:16.0 eth3: Intel(R) PRO/1000 Network Connection
[   16.393950] e1000e: Intel(R) PRO/1000 Network Driver - 2.3.2-k
[   16.394401] e1000e: Copyright(c) 1999 - 2014 Intel Corporation.
[   16.400094] PPP generic driver version 2.4.2
[   16.402795] PPP Deflate Compression module registered
[   16.403543] PPP MPPE Compression module registered
[   16.404008] NET: Registered protocol family 24
[   16.404840] ehci_hcd: USB 2.0 'Enhanced' Host Controller (EHCI) Driver
[   16.405410] ehci-pci: EHCI PCI platform driver
[   16.406957] ohci_hcd: USB 1.1 'Open' Host Controller (OHCI) Driver
[   16.407510] ohci-pci: OHCI PCI platform driver
[   16.408881] uhci_hcd: USB Universal Host Controller Interface driver
[   16.410951] uhci_hcd 0000:00:0a.2: UHCI Host Controller
[   16.411858] uhci_hcd 0000:00:0a.2: new USB bus registered, assigned bus number 1
[   16.413038] uhci_hcd 0000:00:0a.2: irq 11, io base 0x00001440
[   16.426753] hub 1-0:1.0: USB hub found
[   16.428622] hub 1-0:1.0: 2 ports detected
[   16.440745] usbcore: registered new interface driver usb-storage
[   16.446009] mousedev: PS/2 mouse device common for all mice
[   16.453472] rtc_cmos rtc_cmos: rtc core: registered rtc_cmos as rtc0
[   16.454545] rtc_cmos rtc_cmos: alarms up to one day, 242 bytes nvram
[   16.456354] i2c /dev entries driver
[   16.458096] piix4_smbus 0000:00:0a.3: SMBus Host Controller at 0x1100, revision 0
[   16.463657] sdhci: Secure Digital Host Controller Interface driver
[   16.464062] sdhci: Copyright(c) Pierre Ossman
[   16.467007] hidraw: raw HID events driver (C) Jiri Kosina
[   16.489900] usbcore: registered new interface driver usbhid
[   16.490283] usbhid: USB HID core driver
[   16.491565] Netfilter messages via NETLINK v0.30.
[   16.493112] nf_conntrack version 0.5.0 (3923 buckets, 15692 max)
[   16.497069] ctnetlink v0.93: registering with nfnetlink.
[   16.504035] ipip: IPv4 over IPv4 tunneling driver
[   16.518890] ip_tables: (C) 2000-2006 Netfilter Core Team
[   16.522363] arp_tables: (C) 2002 David S. Miller
[   16.524525] Initializing XFRM netlink socket
[   16.526090] NET: Registered protocol family 10
[   16.552464] ip6_tables: (C) 2000-2006 Netfilter Core Team
[   16.557026] sit: IPv6 over IPv4 tunneling driver
[   16.578082] NET: Registered protocol family 17
[   16.579161] bridge: automatic filtering via arp/ip/ip6tables has been deprecated. Update your scripts to load br_netfilter if you need this.
[   16.580394] Bridge firewalling registered
[   16.580860] Ebtables v2.0 registered
[   16.583641] 8021q: 802.1Q VLAN Support v1.8
[   16.609458] rtc_cmos rtc_cmos: setting system clock to 2025-07-23 07:03:40 UTC (1753254220)
[   16.636501] EXT2-fs (sda1): warning: mounting unchecked fs, running e2fsck is recommended
[   16.639076] VFS: Mounted root (ext2 filesystem) on device 8:1.
[   16.650552] Freeing YAMON memory: 956k freed
[   16.663466] Freeing unused kernel memory: 260K (8081f000 - 80860000)
[   16.699325] firmadyne: sys_reboot[PID: 1 (init)]: magic1:fee1dead, magic2:28121969, cmd:0
init started: BusyBox v1.14.1 (2024-07-07 02:43:58 CEST)
starting pid 48, tty '': '/etc/init.d/rcS'
[   16.802826] firmadyne: do_execve: /firmadyne/console
[   16.803492] OFFSETS: offset of pid: 0x198 offset of comm: 0x278
[/etc/init.d/S03config.sh]
Mounting proc and var ...
[   19.118065] cfg80211: Calling CRDA to update world regulatory domain
SymbLink /dev/mtdblock/0
SymbLink /dev/mtdblock/1
SymbLink /dev/mtdblock/10
SymbLink /dev/mtdblock/2
SymbLink /dev/mtdblock/3
SymbLink /dev/mtdblock/4
SymbLink /dev/mtdblock/5
[   22.262048] cfg80211: Calling CRDA to update world regulatory domain
SymbLink /dev/mtdblock/6
SymbLink /dev/mtdblock/7
SymbLink /dev/mtdblock/8
SymbLink /dev/mtdblock/9
Inserting kernel modules ...
Inserting Rebootm ...
Inserting atheros ethernet ...
Inserting gpio ...
done.
Start xmldb ...
[   23.488722] firmadyne: sys_socket[PID: 147 (xmldb)]: family:1, type:2, protocol:0
[   24.482708] random: nonblocking pool is initialized
[/etc/scripts/misc/profile.sh] get ...
DEVCONF: unable to read config data (ret=-3) !
CAN NOT get devive config, generate default!
[/etc/scripts/misc/profile.sh] reset ...
[   25.018553] firmadyne: sys_socket[PID: 159 (rgdb)]: family:1, type:2, protocol:0
[/etc/scripts/misc/defnodes.sh] ...
[/etc/defnodes/S10setext.sh] ...
[   25.406092] cfg80211: Calling CRDA to update world regulatory domain
[   25.448673] firmadyne: sys_socket[PID: 165 (xmldbc)]: family:1, type:2, protocol:0
[   25.507891] firmadyne: sys_socket[PID: 167 (xmldbc)]: family:1, type:2, protocol:0
[   25.566822] firmadyne: sys_socket[PID: 168 (xmldbc)]: family:1, type:2, protocol:0
[   25.625194] firmadyne: sys_socket[PID: 169 (xmldbc)]: family:1, type:2, protocol:0
[   25.684288] firmadyne: sys_socket[PID: 170 (xmldbc)]: family:1, type:2, protocol:0
[   25.742319] firmadyne: sys_socket[PID: 171 (xmldbc)]: family:1, type:2, protocol:0
[   25.801383] firmadyne: sys_socket[PID: 172 (xmldbc)]: family:1, type:2, protocol:0
[   25.860149] firmadyne: sys_socket[PID: 173 (xmldbc)]: family:1, type:2, protocol:0
[   25.918185] firmadyne: sys_socket[PID: 174 (xmldbc)]: family:1, type:2, protocol:0
[   25.976281] firmadyne: sys_socket[PID: 175 (xmldbc)]: family:1, type:2, protocol:0
[   26.036185] firmadyne: sys_socket[PID: 176 (xmldbc)]: family:1, type:2, protocol:0
[   26.095570] firmadyne: sys_socket[PID: 177 (xmldbc)]: family:1, type:2, protocol:0
[   26.154339] firmadyne: sys_socket[PID: 178 (xmldbc)]: family:1, type:2, protocol:0
[   26.212472] firmadyne: sys_socket[PID: 179 (xmldbc)]: family:1, type:2, protocol:0
[   26.273369] firmadyne: sys_socket[PID: 180 (xmldbc)]: family:1, type:2, protocol:0
[   26.332658] firmadyne: sys_socket[PID: 181 (xmldbc)]: family:1, type:2, protocol:0
[   26.391065] firmadyne: sys_socket[PID: 182 (xmldbc)]: family:1, type:2, protocol:0
[   26.453087] firmadyne: sys_socket[PID: 183 (xmldbc)]: family:1, type:2, protocol:0
[   26.514277] firmadyne: sys_socket[PID: 184 (xmldbc)]: family:1, type:2, protocol:0
[   26.574459] firmadyne: sys_socket[PID: 185 (xmldbc)]: family:1, type:2, protocol:0
[   26.634888] firmadyne: sys_socket[PID: 186 (xmldbc)]: family:1, type:2, protocol:0
[   26.694307] firmadyne: sys_socket[PID: 187 (rgdb)]: family:1, type:2, protocol:0
[   26.753532] firmadyne: sys_socket[PID: 188 (rgdb)]: family:1, type:2, protocol:0
[   26.812345] firmadyne: sys_socket[PID: 189 (rgdb)]: family:1, type:2, protocol:0
[   26.868186] firmadyne: sys_socket[PID: 190 (rgdb)]: family:1, type:2, protocol:0
[   26.927278] firmadyne: sys_socket[PID: 191 (rgdb)]: family:1, type:2, protocol:0
[   26.986020] firmadyne: sys_socket[PID: 192 (rgdb)]: family:1, type:2, protocol:0
[   27.046771] firmadyne: sys_socket[PID: 193 (rgdb)]: family:1, type:2, protocol:0
[   27.105726] firmadyne: sys_socket[PID: 194 (rgdb)]: family:1, type:2, protocol:0
[   27.165159] firmadyne: sys_socket[PID: 195 (rgdb)]: family:1, type:2, protocol:0
[   27.223883] firmadyne: sys_socket[PID: 196 (rgdb)]: family:1, type:2, protocol:0
[   27.284782] firmadyne: sys_socket[PID: 197 (rgdb)]: family:1, type:2, protocol:0
[   27.343182] firmadyne: sys_socket[PID: 198 (rgdb)]: family:1, type:2, protocol:0
[   27.402820] firmadyne: sys_socket[PID: 199 (rgdb)]: family:1, type:2, protocol:0
[   27.468520] firmadyne: sys_socket[PID: 200 (rgdb)]: family:1, type:2, protocol:0
[   27.598596] firmadyne: sys_socket[PID: 202 (xmldbc)]: family:1, type:2, protocol:0
[   27.658711] firmadyne: sys_socket[PID: 203 (xmldbc)]: family:1, type:2, protocol:0
[   27.717405] firmadyne: sys_socket[PID: 204 (xmldbc)]: family:1, type:2, protocol:0
[   27.775920] firmadyne: sys_socket[PID: 205 (xmldbc)]: family:1, type:2, protocol:0
[   27.836186] firmadyne: sys_socket[PID: 206 (xmldbc)]: family:1, type:2, protocol:0
[   27.895884] firmadyne: sys_socket[PID: 207 (xmldbc)]: family:1, type:2, protocol:0
[   27.955863] firmadyne: sys_socket[PID: 208 (xmldbc)]: family:1, type:2, protocol:0
[   28.014573] firmadyne: sys_socket[PID: 209 (xmldbc)]: family:1, type:2, protocol:0
[   28.074959] firmadyne: sys_socket[PID: 210 (xmldbc)]: family:1, type:2, protocol:0
[   28.133977] firmadyne: sys_socket[PID: 211 (xmldbc)]: family:1, type:2, protocol:0
[   28.192215] firmadyne: sys_socket[PID: 212 (xmldbc)]: family:1, type:2, protocol:0
[   28.253103] firmadyne: sys_socket[PID: 213 (xmldbc)]: family:1, type:2, protocol:0
[   28.314399] firmadyne: sys_socket[PID: 214 (xmldbc)]: family:1, type:2, protocol:0
[   28.374034] firmadyne: sys_socket[PID: 215 (xmldbc)]: family:1, type:2, protocol:0
[   28.435626] firmadyne: sys_socket[PID: 216 (xmldbc)]: family:1, type:2, protocol:0
[   28.497387] firmadyne: sys_socket[PID: 217 (xmldbc)]: family:1, type:2, protocol:0
[   28.550321] cfg80211: Calling CRDA to update world regulatory domain
[   28.567538] firmadyne: sys_socket[PID: 218 (xmldbc)]: family:1, type:2, protocol:0
[   28.630475] firmadyne: sys_socket[PID: 220 (xmldbc)]: family:1, type:2, protocol:0
[   28.843003] firmadyne: sys_socket[PID: 225 (xmldbc)]: family:1, type:2, protocol:0
[   28.902514] firmadyne: sys_socket[PID: 226 (xmldbc)]: family:1, type:2, protocol:0
[   28.960493] firmadyne: sys_socket[PID: 227 (xmldbc)]: family:1, type:2, protocol:0
[   29.018178] firmadyne: sys_socket[PID: 228 (xmldbc)]: family:1, type:2, protocol:0
[   29.077250] firmadyne: sys_socket[PID: 229 (xmldbc)]: family:1, type:2, protocol:0
[   29.136091] firmadyne: sys_socket[PID: 230 (xmldbc)]: family:1, type:2, protocol:0
[   29.194148] firmadyne: sys_socket[PID: 231 (xmldbc)]: family:1, type:2, protocol:0
[   29.253351] firmadyne: sys_socket[PID: 232 (xmldbc)]: family:1, type:2, protocol:0
[   29.311141] firmadyne: sys_socket[PID: 233 (xmldbc)]: family:1, type:2, protocol:0
[   29.370038] firmadyne: sys_socket[PID: 234 (xmldbc)]: family:1, type:2, protocol:0
[   29.428743] firmadyne: sys_socket[PID: 235 (xmldbc)]: family:1, type:2, protocol:0
[   29.490476] firmadyne: sys_socket[PID: 236 (xmldbc)]: family:1, type:2, protocol:0
[   29.548882] firmadyne: sys_socket[PID: 237 (xmldbc)]: family:1, type:2, protocol:0
[   29.607909] firmadyne: sys_socket[PID: 238 (xmldbc)]: family:1, type:2, protocol:0
[   29.667672] firmadyne: sys_socket[PID: 239 (xmldbc)]: family:1, type:2, protocol:0
[   29.725662] firmadyne: sys_socket[PID: 240 (xmldbc)]: family:1, type:2, protocol:0
[   29.783619] firmadyne: sys_socket[PID: 241 (xmldbc)]: family:1, type:2, protocol:0
[   29.843749] firmadyne: sys_socket[PID: 242 (xmldbc)]: family:1, type:2, protocol:0
[   29.901702] firmadyne: sys_socket[PID: 243 (xmldbc)]: family:1, type:2, protocol:0
[   30.039304] firmadyne: sys_socket[PID: 247 (xmldbc)]: family:1, type:2, protocol:0
[   30.096753] firmadyne: sys_socket[PID: 248 (xmldbc)]: family:1, type:2, protocol:0
[   30.155490] firmadyne: sys_socket[PID: 249 (xmldbc)]: family:1, type:2, protocol:0
[   30.213565] firmadyne: sys_socket[PID: 250 (xmldbc)]: family:1, type:2, protocol:0
[   30.273402] firmadyne: sys_socket[PID: 251 (xmldbc)]: family:1, type:2, protocol:0
[   30.331353] firmadyne: sys_socket[PID: 252 (xmldbc)]: family:1, type:2, protocol:0
[   30.389961] firmadyne: sys_socket[PID: 253 (xmldbc)]: family:1, type:2, protocol:0
[   30.450404] firmadyne: sys_socket[PID: 254 (xmldbc)]: family:1, type:2, protocol:0
[   30.509413] firmadyne: sys_socket[PID: 255 (xmldbc)]: family:1, type:2, protocol:0
[   30.567963] firmadyne: sys_socket[PID: 256 (xmldbc)]: family:1, type:2, protocol:0
[   30.627530] firmadyne: sys_socket[PID: 257 (xmldbc)]: family:1, type:2, protocol:0
[   30.686536] firmadyne: sys_socket[PID: 258 (xmldbc)]: family:1, type:2, protocol:0
[   30.744905] firmadyne: sys_socket[PID: 259 (xmldbc)]: family:1, type:2, protocol:0
[   30.803162] firmadyne: sys_socket[PID: 260 (xmldbc)]: family:1, type:2, protocol:0
[   30.864891] firmadyne: sys_socket[PID: 261 (xmldbc)]: family:1, type:2, protocol:0
[   30.923291] firmadyne: sys_socket[PID: 262 (xmldbc)]: family:1, type:2, protocol:0
[   30.981027] firmadyne: sys_socket[PID: 263 (xmldbc)]: family:1, type:2, protocol:0
[   31.039993] firmadyne: sys_socket[PID: 264 (xmldbc)]: family:1, type:2, protocol:0
[   31.098410] firmadyne: sys_socket[PID: 265 (xmldbc)]: family:1, type:2, protocol:0
[   31.235741] firmadyne: sys_socket[PID: 269 (xmldbc)]: family:1, type:2, protocol:0
[   31.293735] firmadyne: sys_socket[PID: 270 (xmldbc)]: family:1, type:2, protocol:0
[   31.351979] firmadyne: sys_socket[PID: 271 (xmldbc)]: family:1, type:2, protocol:0
[   31.410534] firmadyne: sys_socket[PID: 272 (xmldbc)]: family:1, type:2, protocol:0
[   31.466829] firmadyne: sys_socket[PID: 273 (xmldbc)]: family:1, type:2, protocol:0
[   31.525622] firmadyne: sys_socket[PID: 274 (xmldbc)]: family:1, type:2, protocol:0
[   31.584010] firmadyne: sys_socket[PID: 275 (xmldbc)]: family:1, type:2, protocol:0
[   31.644639] firmadyne: sys_socket[PID: 276 (xmldbc)]: family:1, type:2, protocol:0
[   31.694135] cfg80211: Calling CRDA to update world regulatory domain
[   31.714141] firmadyne: sys_socket[PID: 277 (xmldbc)]: family:1, type:2, protocol:0
[   31.775603] firmadyne: sys_socket[PID: 279 (xmldbc)]: family:1, type:2, protocol:0
[   31.835752] firmadyne: sys_socket[PID: 280 (xmldbc)]: family:1, type:2, protocol:0
[   31.895553] firmadyne: sys_socket[PID: 281 (xmldbc)]: family:1, type:2, protocol:0
[   31.955120] firmadyne: sys_socket[PID: 282 (xmldbc)]: family:1, type:2, protocol:0
[   32.013684] firmadyne: sys_socket[PID: 283 (xmldbc)]: family:1, type:2, protocol:0
[   32.074119] firmadyne: sys_socket[PID: 284 (xmldbc)]: family:1, type:2, protocol:0
[   32.133574] firmadyne: sys_socket[PID: 285 (xmldbc)]: family:1, type:2, protocol:0
[   32.192464] firmadyne: sys_socket[PID: 286 (xmldbc)]: family:1, type:2, protocol:0
[   32.252565] firmadyne: sys_socket[PID: 287 (xmldbc)]: family:1, type:2, protocol:0
[   32.311142] firmadyne: sys_socket[PID: 288 (xmldbc)]: family:1, type:2, protocol:0
[   32.451911] firmadyne: sys_socket[PID: 292 (xmldbc)]: family:1, type:2, protocol:0
[   32.517745] firmadyne: sys_socket[PID: 293 (xmldbc)]: family:1, type:2, protocol:0
[   32.577505] firmadyne: sys_socket[PID: 294 (xmldbc)]: family:1, type:2, protocol:0
[   32.632217] firmadyne: sys_socket[PID: 295 (xmldbc)]: family:1, type:2, protocol:0
[   32.691002] firmadyne: sys_socket[PID: 296 (xmldbc)]: family:1, type:2, protocol:0
[   32.750617] firmadyne: sys_socket[PID: 297 (xmldbc)]: family:1, type:2, protocol:0
[   32.810449] firmadyne: sys_socket[PID: 298 (xmldbc)]: family:1, type:2, protocol:0
[   32.878259] firmadyne: sys_socket[PID: 299 (xmldbc)]: family:1, type:2, protocol:0
[   32.938457] firmadyne: sys_socket[PID: 300 (xmldbc)]: family:1, type:2, protocol:0
[   32.997721] firmadyne: sys_socket[PID: 301 (xmldbc)]: family:1, type:2, protocol:0
[   33.057287] firmadyne: sys_socket[PID: 302 (xmldbc)]: family:1, type:2, protocol:0
[   33.115887] firmadyne: sys_socket[PID: 303 (xmldbc)]: family:1, type:2, protocol:0
[   33.174441] firmadyne: sys_socket[PID: 304 (xmldbc)]: family:1, type:2, protocol:0
[   33.234285] firmadyne: sys_socket[PID: 305 (xmldbc)]: family:1, type:2, protocol:0
[   33.292421] firmadyne: sys_socket[PID: 306 (xmldbc)]: family:1, type:2, protocol:0
[   33.350532] firmadyne: sys_socket[PID: 307 (xmldbc)]: family:1, type:2, protocol:0
[   33.403291] firmadyne: sys_socket[PID: 308 (xmldbc)]: family:1, type:2, protocol:0
[   33.462320] firmadyne: sys_socket[PID: 309 (xmldbc)]: family:1, type:2, protocol:0
[   33.522928] firmadyne: sys_socket[PID: 310 (xmldbc)]: family:1, type:2, protocol:0
[   33.661386] firmadyne: sys_socket[PID: 314 (xmldbc)]: family:1, type:2, protocol:0
[   33.719368] firmadyne: sys_socket[PID: 315 (xmldbc)]: family:1, type:2, protocol:0
[   33.777420] firmadyne: sys_socket[PID: 316 (xmldbc)]: family:1, type:2, protocol:0
[   33.837741] firmadyne: sys_socket[PID: 317 (xmldbc)]: family:1, type:2, protocol:0
[   33.895701] firmadyne: sys_socket[PID: 318 (xmldbc)]: family:1, type:2, protocol:0
[   33.953621] firmadyne: sys_socket[PID: 319 (xmldbc)]: family:1, type:2, protocol:0
[   34.012209] firmadyne: sys_socket[PID: 320 (xmldbc)]: family:1, type:2, protocol:0
[   34.066806] firmadyne: sys_socket[PID: 321 (xmldbc)]: family:1, type:2, protocol:0
[   34.126080] firmadyne: sys_socket[PID: 322 (xmldbc)]: family:1, type:2, protocol:0
[   34.184187] firmadyne: sys_socket[PID: 323 (xmldbc)]: family:1, type:2, protocol:0
[   34.243184] firmadyne: sys_socket[PID: 324 (xmldbc)]: family:1, type:2, protocol:0
[   34.301737] firmadyne: sys_socket[PID: 325 (xmldbc)]: family:1, type:2, protocol:0
[   34.362581] firmadyne: sys_socket[PID: 326 (xmldbc)]: family:1, type:2, protocol:0
[   34.421032] firmadyne: sys_socket[PID: 327 (xmldbc)]: family:1, type:2, protocol:0
[   34.482101] firmadyne: sys_socket[PID: 328 (xmldbc)]: family:1, type:2, protocol:0
[   34.538171] firmadyne: sys_socket[PID: 329 (xmldbc)]: family:1, type:2, protocol:0
[   34.596922] firmadyne: sys_socket[PID: 330 (xmldbc)]: family:1, type:2, protocol:0
[   34.657212] firmadyne: sys_socket[PID: 331 (xmldbc)]: family:1, type:2, protocol:0
[   34.715437] firmadyne: sys_socket[PID: 332 (xmldbc)]: family:1, type:2, protocol:0
[   34.838204] cfg80211: Calling CRDA to update world regulatory domain
[   34.868806] firmadyne: sys_socket[PID: 336 (xmldbc)]: family:1, type:2, protocol:0
[   34.928283] firmadyne: sys_socket[PID: 338 (xmldbc)]: family:1, type:2, protocol:0
[   34.986929] firmadyne: sys_socket[PID: 339 (xmldbc)]: family:1, type:2, protocol:0
[   35.046563] firmadyne: sys_socket[PID: 340 (xmldbc)]: family:1, type:2, protocol:0
[   35.104926] firmadyne: sys_socket[PID: 341 (xmldbc)]: family:1, type:2, protocol:0
[   35.164070] firmadyne: sys_socket[PID: 342 (xmldbc)]: family:1, type:2, protocol:0
[   35.222893] firmadyne: sys_socket[PID: 343 (xmldbc)]: family:1, type:2, protocol:0
[   35.283298] firmadyne: sys_socket[PID: 344 (xmldbc)]: family:1, type:2, protocol:0
[   35.341942] firmadyne: sys_socket[PID: 345 (xmldbc)]: family:1, type:2, protocol:0
[   35.402531] firmadyne: sys_socket[PID: 346 (xmldbc)]: family:1, type:2, protocol:0
[   35.462973] firmadyne: sys_socket[PID: 347 (xmldbc)]: family:1, type:2, protocol:0
[   35.524370] firmadyne: sys_socket[PID: 348 (xmldbc)]: family:1, type:2, protocol:0
[   35.584272] firmadyne: sys_socket[PID: 349 (xmldbc)]: family:1, type:2, protocol:0
[   35.645500] firmadyne: sys_socket[PID: 350 (xmldbc)]: family:1, type:2, protocol:0
[   35.703621] firmadyne: sys_socket[PID: 351 (xmldbc)]: family:1, type:2, protocol:0
[   35.761135] firmadyne: sys_socket[PID: 352 (xmldbc)]: family:1, type:2, protocol:0
[   35.819884] firmadyne: sys_socket[PID: 353 (xmldbc)]: family:1, type:2, protocol:0
[   35.881168] firmadyne: sys_socket[PID: 354 (xmldbc)]: family:1, type:2, protocol:0
[   35.939935] firmadyne: sys_socket[PID: 355 (xmldbc)]: family:1, type:2, protocol:0
[   36.079771] firmadyne: sys_socket[PID: 359 (xmldbc)]: family:1, type:2, protocol:0
[   36.138572] firmadyne: sys_socket[PID: 360 (xmldbc)]: family:1, type:2, protocol:0
[   36.198218] firmadyne: sys_socket[PID: 361 (xmldbc)]: family:1, type:2, protocol:0
[   36.258500] firmadyne: sys_socket[PID: 362 (xmldbc)]: family:1, type:2, protocol:0
[   36.317612] firmadyne: sys_socket[PID: 363 (xmldbc)]: family:1, type:2, protocol:0
[   36.376225] firmadyne: sys_socket[PID: 364 (xmldbc)]: family:1, type:2, protocol:0
[   36.436639] firmadyne: sys_socket[PID: 365 (xmldbc)]: family:1, type:2, protocol:0
[   36.495852] firmadyne: sys_socket[PID: 366 (xmldbc)]: family:1, type:2, protocol:0
[   36.556128] firmadyne: sys_socket[PID: 367 (xmldbc)]: family:1, type:2, protocol:0
[   36.614308] firmadyne: sys_socket[PID: 368 (xmldbc)]: family:1, type:2, protocol:0
[   36.674790] firmadyne: sys_socket[PID: 369 (xmldbc)]: family:1, type:2, protocol:0
[   36.733725] firmadyne: sys_socket[PID: 370 (xmldbc)]: family:1, type:2, protocol:0
[   36.794258] firmadyne: sys_socket[PID: 371 (xmldbc)]: family:1, type:2, protocol:0
[   36.854734] firmadyne: sys_socket[PID: 372 (xmldbc)]: family:1, type:2, protocol:0
[   36.915280] firmadyne: sys_socket[PID: 373 (xmldbc)]: family:1, type:2, protocol:0
[   36.973717] firmadyne: sys_socket[PID: 374 (xmldbc)]: family:1, type:2, protocol:0
[   37.033254] firmadyne: sys_socket[PID: 375 (xmldbc)]: family:1, type:2, protocol:0
[   37.092136] firmadyne: sys_socket[PID: 376 (xmldbc)]: family:1, type:2, protocol:0
[   50.559521] cfg80211: Calling CRDA to update world regulatory domain
[   50.608307] firmadyne: sys_socket[PID: 377 (xmldbc)]: family:1, type:2, protocol:0
[   50.748203] firmadyne: sys_socket[PID: 382 (xmldbc)]: family:1, type:2, protocol:0
[   50.807842] firmadyne: sys_socket[PID: 383 (xmldbc)]: family:1, type:2, protocol:0
[   50.867263] firmadyne: sys_socket[PID: 384 (xmldbc)]: family:1, type:2, protocol:0
[   71.611986] cfg80211: Calling CRDA to update world regulatory domain
[   71.660658] firmadyne: sys_socket[PID: 385 (xmldbc)]: family:1, type:2, protocol:0
[   71.714682] firmadyne: sys_socket[PID: 387 (xmldbc)]: family:1, type:2, protocol:0
[   71.771741] firmadyne: sys_socket[PID: 388 (xmldbc)]: family:1, type:2, protocol:0
[   71.833946] firmadyne: sys_socket[PID: 389 (xmldbc)]: family:1, type:2, protocol:0
[   71.892457] firmadyne: sys_socket[PID: 390 (xmldbc)]: family:1, type:2, protocol:0
[   71.952070] firmadyne: sys_socket[PID: 391 (xmldbc)]: family:1, type:2, protocol:0
[   72.012375] firmadyne: sys_socket[PID: 392 (xmldbc)]: family:1, type:2, protocol:0
[   72.071197] firmadyne: sys_socket[PID: 393 (xmldbc)]: family:1, type:2, protocol:0
[   72.129622] firmadyne: sys_socket[PID: 394 (xmldbc)]: family:1, type:2, protocol:0
[   72.190207] firmadyne: sys_socket[PID: 395 (xmldbc)]: family:1, type:2, protocol:0
[   72.249274] firmadyne: sys_socket[PID: 396 (xmldbc)]: family:1, type:2, protocol:0
[   72.307636] firmadyne: sys_socket[PID: 397 (xmldbc)]: family:1, type:2, protocol:0
[   72.366512] firmadyne: sys_socket[PID: 398 (xmldbc)]: family:1, type:2, protocol:0
[   72.425636] firmadyne: sys_socket[PID: 399 (xmldbc)]: family:1, type:2, protocol:0
[   72.484058] firmadyne: sys_socket[PID: 400 (xmldbc)]: family:1, type:2, protocol:0
[   72.537288] firmadyne: sys_socket[PID: 401 (xmldbc)]: family:1, type:2, protocol:0
[   72.675936] firmadyne: sys_socket[PID: 405 (xmldbc)]: family:1, type:2, protocol:0
[   72.735127] firmadyne: sys_socket[PID: 406 (xmldbc)]: family:1, type:2, protocol:0
[   72.797263] firmadyne: sys_socket[PID: 407 (xmldbc)]: family:1, type:2, protocol:0
[   72.858203] firmadyne: sys_socket[PID: 408 (xmldbc)]: family:1, type:2, protocol:0
[   72.918489] firmadyne: sys_socket[PID: 409 (xmldbc)]: family:1, type:2, protocol:0
[   72.972276] firmadyne: sys_socket[PID: 410 (xmldbc)]: family:1, type:2, protocol:0
[   73.032777] firmadyne: sys_socket[PID: 411 (xmldbc)]: family:1, type:2, protocol:0
[   73.091407] firmadyne: sys_socket[PID: 412 (xmldbc)]: family:1, type:2, protocol:0
[   73.150250] firmadyne: sys_socket[PID: 413 (xmldbc)]: family:1, type:2, protocol:0
[   73.210687] firmadyne: sys_socket[PID: 414 (xmldbc)]: family:1, type:2, protocol:0
[   73.271137] firmadyne: sys_socket[PID: 415 (xmldbc)]: family:1, type:2, protocol:0
[   73.330817] firmadyne: sys_socket[PID: 416 (xmldbc)]: family:1, type:2, protocol:0
[   73.390888] firmadyne: sys_socket[PID: 417 (xmldbc)]: family:1, type:2, protocol:0
[   73.445426] firmadyne: sys_socket[PID: 418 (xmldbc)]: family:1, type:2, protocol:0
[   73.503120] firmadyne: sys_socket[PID: 419 (xmldbc)]: family:1, type:2, protocol:0
[   73.562516] firmadyne: sys_socket[PID: 420 (xmldbc)]: family:1, type:2, protocol:0
[   73.622276] firmadyne: sys_socket[PID: 421 (xmldbc)]: family:1, type:2, protocol:0
[   73.681507] firmadyne: sys_socket[PID: 422 (xmldbc)]: family:1, type:2, protocol:0
[   73.740086] firmadyne: sys_socket[PID: 423 (xmldbc)]: family:1, type:2, protocol:0
[   73.882154] firmadyne: sys_socket[PID: 427 (xmldbc)]: family:1, type:2, protocol:0
[   73.940273] firmadyne: sys_socket[PID: 428 (xmldbc)]: family:1, type:2, protocol:0
[   73.994257] firmadyne: sys_socket[PID: 429 (xmldbc)]: family:1, type:2, protocol:0
[   74.054031] firmadyne: sys_socket[PID: 430 (xmldbc)]: family:1, type:2, protocol:0
[   74.111730] firmadyne: sys_socket[PID: 431 (xmldbc)]: family:1, type:2, protocol:0
[   74.170513] firmadyne: sys_socket[PID: 432 (xmldbc)]: family:1, type:2, protocol:0
[   74.230156] firmadyne: sys_socket[PID: 433 (xmldbc)]: family:1, type:2, protocol:0
[   74.287993] firmadyne: sys_socket[PID: 434 (xmldbc)]: family:1, type:2, protocol:0
[   74.345946] firmadyne: sys_socket[PID: 435 (xmldbc)]: family:1, type:2, protocol:0
[   74.406039] firmadyne: sys_socket[PID: 436 (xmldbc)]: family:1, type:2, protocol:0
[   74.464336] firmadyne: sys_socket[PID: 437 (xmldbc)]: family:1, type:2, protocol:0
[   74.523149] firmadyne: sys_socket[PID: 438 (xmldbc)]: family:1, type:2, protocol:0
[   74.581516] firmadyne: sys_socket[PID: 439 (xmldbc)]: family:1, type:2, protocol:0
[   74.642091] firmadyne: sys_socket[PID: 440 (xmldbc)]: family:1, type:2, protocol:0
[   74.700048] firmadyne: sys_socket[PID: 441 (xmldbc)]: family:1, type:2, protocol:0
[   74.754078] cfg80211: Exceeded CRDA call max attempts. Not calling CRDA
[   74.759838] firmadyne: sys_socket[PID: 442 (xmldbc)]: family:1, type:2, protocol:0
[   74.821083] firmadyne: sys_socket[PID: 443 (xmldbc)]: family:1, type:2, protocol:0
[   74.881039] firmadyne: sys_socket[PID: 444 (xmldbc)]: family:1, type:2, protocol:0
[   74.939168] firmadyne: sys_socket[PID: 445 (xmldbc)]: family:1, type:2, protocol:0
[   75.077483] firmadyne: sys_socket[PID: 449 (xmldbc)]: family:1, type:2, protocol:0
[   75.136133] firmadyne: sys_socket[PID: 450 (xmldbc)]: family:1, type:2, protocol:0
[   75.195625] firmadyne: sys_socket[PID: 451 (xmldbc)]: family:1, type:2, protocol:0
[   75.255526] firmadyne: sys_socket[PID: 452 (xmldbc)]: family:1, type:2, protocol:0
[   75.313422] firmadyne: sys_socket[PID: 453 (xmldbc)]: family:1, type:2, protocol:0
[   75.371567] firmadyne: sys_socket[PID: 454 (xmldbc)]: family:1, type:2, protocol:0
[   75.431832] firmadyne: sys_socket[PID: 455 (xmldbc)]: family:1, type:2, protocol:0
[   75.490730] firmadyne: sys_socket[PID: 456 (xmldbc)]: family:1, type:2, protocol:0
[   75.549523] firmadyne: sys_socket[PID: 457 (xmldbc)]: family:1, type:2, protocol:0
[   75.609298] firmadyne: sys_socket[PID: 458 (xmldbc)]: family:1, type:2, protocol:0
[   75.669439] firmadyne: sys_socket[PID: 459 (xmldbc)]: family:1, type:2, protocol:0
[   75.728230] firmadyne: sys_socket[PID: 460 (xmldbc)]: family:1, type:2, protocol:0
[   75.787455] firmadyne: sys_socket[PID: 461 (xmldbc)]: family:1, type:2, protocol:0
[   75.850550] firmadyne: sys_socket[PID: 462 (xmldbc)]: family:1, type:2, protocol:0
[   75.909049] firmadyne: sys_socket[PID: 463 (xmldbc)]: family:1, type:2, protocol:0
[   75.967540] firmadyne: sys_socket[PID: 464 (xmldbc)]: family:1, type:2, protocol:0
[   76.026895] firmadyne: sys_socket[PID: 465 (xmldbc)]: family:1, type:2, protocol:0
[   76.086118] firmadyne: sys_socket[PID: 466 (xmldbc)]: family:1, type:2, protocol:0
[   76.144278] firmadyne: sys_socket[PID: 467 (xmldbc)]: family:1, type:2, protocol:0
[   76.283020] firmadyne: sys_socket[PID: 471 (xmldbc)]: family:1, type:2, protocol:0
[   76.341974] firmadyne: sys_socket[PID: 472 (xmldbc)]: family:1, type:2, protocol:0
[   76.401096] firmadyne: sys_socket[PID: 473 (xmldbc)]: family:1, type:2, protocol:0
[   76.462052] firmadyne: sys_socket[PID: 474 (xmldbc)]: family:1, type:2, protocol:0
[   76.520397] firmadyne: sys_socket[PID: 475 (xmldbc)]: family:1, type:2, protocol:0
[   76.579415] firmadyne: sys_socket[PID: 476 (xmldbc)]: family:1, type:2, protocol:0
[   76.640445] firmadyne: sys_socket[PID: 477 (xmldbc)]: family:1, type:2, protocol:0
[   76.699015] firmadyne: sys_socket[PID: 478 (xmldbc)]: family:1, type:2, protocol:0
[   76.757689] firmadyne: sys_socket[PID: 479 (xmldbc)]: family:1, type:2, protocol:0
[   76.820329] firmadyne: sys_socket[PID: 480 (xmldbc)]: family:1, type:2, protocol:0
[   76.881274] firmadyne: sys_socket[PID: 481 (xmldbc)]: family:1, type:2, protocol:0
[   76.941072] firmadyne: sys_socket[PID: 482 (xmldbc)]: family:1, type:2, protocol:0
[   77.000394] firmadyne: sys_socket[PID: 483 (xmldbc)]: family:1, type:2, protocol:0
[   77.059681] firmadyne: sys_socket[PID: 484 (xmldbc)]: family:1, type:2, protocol:0
[   77.118926] firmadyne: sys_socket[PID: 485 (xmldbc)]: family:1, type:2, protocol:0
[   77.176849] firmadyne: sys_socket[PID: 486 (xmldbc)]: family:1, type:2, protocol:0
[   77.237278] firmadyne: sys_socket[PID: 487 (xmldbc)]: family:1, type:2, protocol:0
[   77.296373] firmadyne: sys_socket[PID: 488 (xmldbc)]: family:1, type:2, protocol:0
[   77.356303] firmadyne: sys_socket[PID: 489 (xmldbc)]: family:1, type:2, protocol:0
[   77.496870] firmadyne: sys_socket[PID: 493 (xmldbc)]: family:1, type:2, protocol:0
[   77.555960] firmadyne: sys_socket[PID: 494 (xmldbc)]: family:1, type:2, protocol:0
[   77.615823] firmadyne: sys_socket[PID: 495 (xmldbc)]: family:1, type:2, protocol:0
[   77.675128] firmadyne: sys_socket[PID: 496 (xmldbc)]: family:1, type:2, protocol:0
[   77.734184] firmadyne: sys_socket[PID: 497 (xmldbc)]: family:1, type:2, protocol:0
[   77.787444] firmadyne: sys_socket[PID: 498 (xmldbc)]: family:1, type:2, protocol:0
[   77.848054] firmadyne: sys_socket[PID: 499 (xmldbc)]: family:1, type:2, protocol:0
[   77.906219] firmadyne: sys_socket[PID: 500 (xmldbc)]: family:1, type:2, protocol:0
[   77.965311] firmadyne: sys_socket[PID: 501 (xmldbc)]: family:1, type:2, protocol:0
[   78.039967] firmadyne: sys_socket[PID: 502 (xmldbc)]: family:1, type:2, protocol:0
[   78.101548] firmadyne: sys_socket[PID: 503 (xmldbc)]: family:1, type:2, protocol:0
[   78.155175] firmadyne: sys_socket[PID: 504 (xmldbc)]: family:1, type:2, protocol:0
[   78.214969] firmadyne: sys_socket[PID: 505 (xmldbc)]: family:1, type:2, protocol:0
[   78.273638] firmadyne: sys_socket[PID: 506 (xmldbc)]: family:1, type:2, protocol:0
[   78.331698] firmadyne: sys_socket[PID: 507 (xmldbc)]: family:1, type:2, protocol:0
[   78.384507] firmadyne: sys_socket[PID: 508 (xmldbc)]: family:1, type:2, protocol:0
[   78.438485] firmadyne: sys_socket[PID: 509 (xmldbc)]: family:1, type:2, protocol:0
[   78.495984] firmadyne: sys_socket[PID: 510 (xmldbc)]: family:1, type:2, protocol:0
[   78.553727] firmadyne: sys_socket[PID: 511 (xmldbc)]: family:1, type:2, protocol:0
[   78.692729] firmadyne: sys_socket[PID: 515 (xmldbc)]: family:1, type:2, protocol:0
[   78.751328] firmadyne: sys_socket[PID: 516 (xmldbc)]: family:1, type:2, protocol:0
[   78.810655] firmadyne: sys_socket[PID: 517 (xmldbc)]: family:1, type:2, protocol:0
[   78.872409] firmadyne: sys_socket[PID: 518 (xmldbc)]: family:1, type:2, protocol:0
[   78.932697] firmadyne: sys_socket[PID: 519 (xmldbc)]: family:1, type:2, protocol:0
[   78.991262] firmadyne: sys_socket[PID: 520 (xmldbc)]: family:1, type:2, protocol:0
[   79.050553] firmadyne: sys_socket[PID: 521 (xmldbc)]: family:1, type:2, protocol:0
[   79.108696] firmadyne: sys_socket[PID: 522 (xmldbc)]: family:1, type:2, protocol:0
[   79.167402] firmadyne: sys_socket[PID: 523 (xmldbc)]: family:1, type:2, protocol:0
[   79.226800] firmadyne: sys_socket[PID: 524 (xmldbc)]: family:1, type:2, protocol:0
[   79.285161] firmadyne: sys_socket[PID: 525 (xmldbc)]: family:1, type:2, protocol:0
[   79.343606] firmadyne: sys_socket[PID: 526 (xmldbc)]: family:1, type:2, protocol:0
[   79.404374] firmadyne: sys_socket[PID: 527 (xmldbc)]: family:1, type:2, protocol:0
[   79.462843] firmadyne: sys_socket[PID: 528 (xmldbc)]: family:1, type:2, protocol:0
[   79.521038] firmadyne: sys_socket[PID: 529 (xmldbc)]: family:1, type:2, protocol:0
[   79.580007] firmadyne: sys_socket[PID: 530 (xmldbc)]: family:1, type:2, protocol:0
[   79.640167] firmadyne: sys_socket[PID: 531 (xmldbc)]: family:1, type:2, protocol:0
[   79.698438] firmadyne: sys_socket[PID: 532 (xmldbc)]: family:1, type:2, protocol:0
[   79.752041] firmadyne: sys_socket[PID: 533 (xmldbc)]: family:1, type:2, protocol:0
[   79.892171] firmadyne: sys_socket[PID: 537 (xmldbc)]: family:1, type:2, protocol:0
[   79.946026] firmadyne: sys_socket[PID: 538 (xmldbc)]: family:1, type:2, protocol:0
[   80.006734] firmadyne: sys_socket[PID: 539 (xmldbc)]: family:1, type:2, protocol:0
[   80.065752] firmadyne: sys_socket[PID: 540 (xmldbc)]: family:1, type:2, protocol:0
[   80.124641] firmadyne: sys_socket[PID: 541 (xmldbc)]: family:1, type:2, protocol:0
[   80.183463] firmadyne: sys_socket[PID: 542 (xmldbc)]: family:1, type:2, protocol:0
[   80.244382] firmadyne: sys_socket[PID: 543 (xmldbc)]: family:1, type:2, protocol:0
[   80.303303] firmadyne: sys_socket[PID: 544 (xmldbc)]: family:1, type:2, protocol:0
[   80.361971] firmadyne: sys_socket[PID: 545 (xmldbc)]: family:1, type:2, protocol:0
[   80.422742] firmadyne: sys_socket[PID: 546 (xmldbc)]: family:1, type:2, protocol:0
[   80.482756] firmadyne: sys_socket[PID: 547 (xmldbc)]: family:1, type:2, protocol:0
[   80.536762] firmadyne: sys_socket[PID: 548 (xmldbc)]: family:1, type:2, protocol:0
[   80.590916] firmadyne: sys_socket[PID: 549 (xmldbc)]: family:1, type:2, protocol:0
[   80.650402] firmadyne: sys_socket[PID: 550 (xmldbc)]: family:1, type:2, protocol:0
[   80.708740] firmadyne: sys_socket[PID: 551 (xmldbc)]: family:1, type:2, protocol:0
[   80.768374] firmadyne: sys_socket[PID: 552 (xmldbc)]: family:1, type:2, protocol:0
[   80.828822] firmadyne: sys_socket[PID: 553 (xmldbc)]: family:1, type:2, protocol:0
[   80.899576] firmadyne: sys_socket[PID: 554 (xmldbc)]: family:1, type:2, protocol:0
[   80.958854] firmadyne: sys_socket[PID: 555 (xmldbc)]: family:1, type:2, protocol:0
[   81.098742] firmadyne: sys_socket[PID: 559 (xmldbc)]: family:1, type:2, protocol:0
[   81.156917] firmadyne: sys_socket[PID: 560 (xmldbc)]: family:1, type:2, protocol:0
[   81.211622] firmadyne: sys_socket[PID: 561 (xmldbc)]: family:1, type:2, protocol:0
[   81.269713] firmadyne: sys_socket[PID: 562 (xmldbc)]: family:1, type:2, protocol:0
[   81.327638] firmadyne: sys_socket[PID: 563 (xmldbc)]: family:1, type:2, protocol:0
[   81.385203] firmadyne: sys_socket[PID: 564 (xmldbc)]: family:1, type:2, protocol:0
[   81.444296] firmadyne: sys_socket[PID: 565 (xmldbc)]: family:1, type:2, protocol:0
[   81.504079] firmadyne: sys_socket[PID: 566 (xmldbc)]: family:1, type:2, protocol:0
[   81.563886] firmadyne: sys_socket[PID: 567 (xmldbc)]: family:1, type:2, protocol:0
[   81.623539] firmadyne: sys_socket[PID: 568 (xmldbc)]: family:1, type:2, protocol:0
[   81.681521] firmadyne: sys_socket[PID: 569 (xmldbc)]: family:1, type:2, protocol:0
[   81.740604] firmadyne: sys_socket[PID: 570 (xmldbc)]: family:1, type:2, protocol:0
[   81.799967] firmadyne: sys_socket[PID: 571 (xmldbc)]: family:1, type:2, protocol:0
[   81.854864] firmadyne: sys_socket[PID: 572 (xmldbc)]: family:1, type:2, protocol:0
[   81.914122] firmadyne: sys_socket[PID: 573 (xmldbc)]: family:1, type:2, protocol:0
[   81.967721] firmadyne: sys_socket[PID: 574 (xmldbc)]: family:1, type:2, protocol:0
[   82.027275] firmadyne: sys_socket[PID: 575 (xmldbc)]: family:1, type:2, protocol:0
[   82.086741] firmadyne: sys_socket[PID: 576 (xmldbc)]: family:1, type:2, protocol:0
[   82.145085] firmadyne: sys_socket[PID: 577 (xmldbc)]: family:1, type:2, protocol:0
[   82.283634] firmadyne: sys_socket[PID: 581 (xmldbc)]: family:1, type:2, protocol:0
[   82.342736] firmadyne: sys_socket[PID: 582 (xmldbc)]: family:1, type:2, protocol:0
[   82.403956] firmadyne: sys_socket[PID: 583 (xmldbc)]: family:1, type:2, protocol:0
[   82.462471] firmadyne: sys_socket[PID: 584 (xmldbc)]: family:1, type:2, protocol:0
[   82.520353] firmadyne: sys_socket[PID: 585 (xmldbc)]: family:1, type:2, protocol:0
[   82.578364] firmadyne: sys_socket[PID: 586 (xmldbc)]: family:1, type:2, protocol:0
[   82.639223] firmadyne: sys_socket[PID: 587 (xmldbc)]: family:1, type:2, protocol:0
[   82.697442] firmadyne: sys_socket[PID: 588 (xmldbc)]: family:1, type:2, protocol:0
[   82.756730] firmadyne: sys_socket[PID: 589 (xmldbc)]: family:1, type:2, protocol:0
[   82.817240] firmadyne: sys_socket[PID: 590 (xmldbc)]: family:1, type:2, protocol:0
[   82.879117] firmadyne: sys_socket[PID: 591 (xmldbc)]: family:1, type:2, protocol:0
[   82.938211] firmadyne: sys_socket[PID: 592 (xmldbc)]: family:1, type:2, protocol:0
[   82.997317] firmadyne: sys_socket[PID: 593 (xmldbc)]: family:1, type:2, protocol:0
[   83.058294] firmadyne: sys_socket[PID: 594 (xmldbc)]: family:1, type:2, protocol:0
[   83.117448] firmadyne: sys_socket[PID: 595 (xmldbc)]: family:1, type:2, protocol:0
[   83.175776] firmadyne: sys_socket[PID: 596 (xmldbc)]: family:1, type:2, protocol:0
[   83.235889] firmadyne: sys_socket[PID: 597 (xmldbc)]: family:1, type:2, protocol:0
[   83.295057] firmadyne: sys_socket[PID: 598 (xmldbc)]: family:1, type:2, protocol:0
[   83.355289] firmadyne: sys_socket[PID: 599 (xmldbc)]: family:1, type:2, protocol:0
[   83.495210] firmadyne: sys_socket[PID: 603 (xmldbc)]: family:1, type:2, protocol:0
[   83.554145] firmadyne: sys_socket[PID: 604 (xmldbc)]: family:1, type:2, protocol:0
[   83.613808] firmadyne: sys_socket[PID: 605 (xmldbc)]: family:1, type:2, protocol:0
[   83.674167] firmadyne: sys_socket[PID: 606 (xmldbc)]: family:1, type:2, protocol:0
[   83.732491] firmadyne: sys_socket[PID: 607 (xmldbc)]: family:1, type:2, protocol:0
[   83.791447] firmadyne: sys_socket[PID: 608 (xmldbc)]: family:1, type:2, protocol:0
[   83.853138] firmadyne: sys_socket[PID: 609 (xmldbc)]: family:1, type:2, protocol:0
[   83.914343] firmadyne: sys_socket[PID: 610 (xmldbc)]: family:1, type:2, protocol:0
[   83.974306] firmadyne: sys_socket[PID: 611 (xmldbc)]: family:1, type:2, protocol:0
[   84.035103] firmadyne: sys_socket[PID: 612 (xmldbc)]: family:1, type:2, protocol:0
[   84.089222] firmadyne: sys_socket[PID: 613 (xmldbc)]: family:1, type:2, protocol:0
[   84.148430] firmadyne: sys_socket[PID: 614 (xmldbc)]: family:1, type:2, protocol:0
[   84.208850] firmadyne: sys_socket[PID: 615 (xmldbc)]: family:1, type:2, protocol:0
[   84.262931] firmadyne: sys_socket[PID: 616 (xmldbc)]: family:1, type:2, protocol:0
[   84.322617] firmadyne: sys_socket[PID: 617 (xmldbc)]: family:1, type:2, protocol:0
[   84.381572] firmadyne: sys_socket[PID: 618 (xmldbc)]: family:1, type:2, protocol:0
[   84.442998] firmadyne: sys_socket[PID: 619 (xmldbc)]: family:1, type:2, protocol:0
[   84.497568] firmadyne: sys_socket[PID: 620 (xmldbc)]: family:1, type:2, protocol:0
[   84.556469] firmadyne: sys_socket[PID: 621 (xmldbc)]: family:1, type:2, protocol:0
[   84.695669] firmadyne: sys_socket[PID: 625 (xmldbc)]: family:1, type:2, protocol:0
[   84.754691] firmadyne: sys_socket[PID: 626 (xmldbc)]: family:1, type:2, protocol:0
[   84.811044] firmadyne: sys_socket[PID: 627 (xmldbc)]: family:1, type:2, protocol:0
[   84.870819] firmadyne: sys_socket[PID: 628 (xmldbc)]: family:1, type:2, protocol:0
[   84.928788] firmadyne: sys_socket[PID: 629 (xmldbc)]: family:1, type:2, protocol:0
[   84.987715] firmadyne: sys_socket[PID: 630 (xmldbc)]: family:1, type:2, protocol:0
[   85.047845] firmadyne: sys_socket[PID: 631 (xmldbc)]: family:1, type:2, protocol:0
[   85.106735] firmadyne: sys_socket[PID: 632 (xmldbc)]: family:1, type:2, protocol:0
[   85.166625] firmadyne: sys_socket[PID: 633 (xmldbc)]: family:1, type:2, protocol:0
[   85.227352] firmadyne: sys_socket[PID: 634 (xmldbc)]: family:1, type:2, protocol:0
[   85.286162] firmadyne: sys_socket[PID: 635 (xmldbc)]: family:1, type:2, protocol:0
[   85.345068] firmadyne: sys_socket[PID: 636 (xmldbc)]: family:1, type:2, protocol:0
[   85.406606] firmadyne: sys_socket[PID: 637 (xmldbc)]: family:1, type:2, protocol:0
[   85.460527] firmadyne: sys_socket[PID: 638 (xmldbc)]: family:1, type:2, protocol:0
[   85.519431] firmadyne: sys_socket[PID: 639 (xmldbc)]: family:1, type:2, protocol:0
[   85.579142] firmadyne: sys_socket[PID: 640 (xmldbc)]: family:1, type:2, protocol:0
[   85.639356] firmadyne: sys_socket[PID: 641 (xmldbc)]: family:1, type:2, protocol:0
[   85.698430] firmadyne: sys_socket[PID: 642 (xmldbc)]: family:1, type:2, protocol:0
[   85.756558] firmadyne: sys_socket[PID: 643 (xmldbc)]: family:1, type:2, protocol:0
[   85.897095] firmadyne: sys_socket[PID: 647 (xmldbc)]: family:1, type:2, protocol:0
[   85.955948] firmadyne: sys_socket[PID: 648 (xmldbc)]: family:1, type:2, protocol:0
[   86.016957] firmadyne: sys_socket[PID: 649 (xmldbc)]: family:1, type:2, protocol:0
[   86.070722] firmadyne: sys_socket[PID: 650 (xmldbc)]: family:1, type:2, protocol:0
[   86.128075] firmadyne: sys_socket[PID: 651 (xmldbc)]: family:1, type:2, protocol:0
[   86.186204] firmadyne: sys_socket[PID: 652 (xmldbc)]: family:1, type:2, protocol:0
[   86.245554] firmadyne: sys_socket[PID: 653 (xmldbc)]: family:1, type:2, protocol:0
[   86.305083] firmadyne: sys_socket[PID: 654 (xmldbc)]: family:1, type:2, protocol:0
[   86.359123] firmadyne: sys_socket[PID: 655 (xmldbc)]: family:1, type:2, protocol:0
[   86.418354] firmadyne: sys_socket[PID: 656 (xmldbc)]: family:1, type:2, protocol:0
[   86.476628] firmadyne: sys_socket[PID: 657 (xmldbc)]: family:1, type:2, protocol:0
[   86.535273] firmadyne: sys_socket[PID: 658 (xmldbc)]: family:1, type:2, protocol:0
[   86.594881] firmadyne: sys_socket[PID: 659 (xmldbc)]: family:1, type:2, protocol:0
[   86.649640] firmadyne: sys_socket[PID: 660 (xmldbc)]: family:1, type:2, protocol:0
[   86.708284] firmadyne: sys_socket[PID: 661 (xmldbc)]: family:1, type:2, protocol:0
[   86.767380] firmadyne: sys_socket[PID: 662 (xmldbc)]: family:1, type:2, protocol:0
[   86.827870] firmadyne: sys_socket[PID: 663 (xmldbc)]: family:1, type:2, protocol:0
[   86.887846] firmadyne: sys_socket[PID: 664 (xmldbc)]: family:1, type:2, protocol:0
[   86.951701] firmadyne: sys_socket[PID: 665 (xmldbc)]: family:1, type:2, protocol:0
[   87.090916] firmadyne: sys_socket[PID: 669 (xmldbc)]: family:1, type:2, protocol:0
[   87.149599] firmadyne: sys_socket[PID: 670 (xmldbc)]: family:1, type:2, protocol:0
[   87.209199] firmadyne: sys_socket[PID: 671 (xmldbc)]: family:1, type:2, protocol:0
[   87.269502] firmadyne: sys_socket[PID: 672 (xmldbc)]: family:1, type:2, protocol:0
[   87.323216] firmadyne: sys_socket[PID: 673 (xmldbc)]: family:1, type:2, protocol:0
[   87.381616] firmadyne: sys_socket[PID: 674 (xmldbc)]: family:1, type:2, protocol:0
[   87.442298] firmadyne: sys_socket[PID: 675 (xmldbc)]: family:1, type:2, protocol:0
[   87.496562] firmadyne: sys_socket[PID: 676 (xmldbc)]: family:1, type:2, protocol:0
[   87.555480] firmadyne: sys_socket[PID: 677 (xmldbc)]: family:1, type:2, protocol:0
[   87.616266] firmadyne: sys_socket[PID: 678 (xmldbc)]: family:1, type:2, protocol:0
[   87.675293] firmadyne: sys_socket[PID: 679 (xmldbc)]: family:1, type:2, protocol:0
[   87.733668] firmadyne: sys_socket[PID: 680 (xmldbc)]: family:1, type:2, protocol:0
[   87.793516] firmadyne: sys_socket[PID: 681 (xmldbc)]: family:1, type:2, protocol:0
[   87.853955] firmadyne: sys_socket[PID: 682 (xmldbc)]: family:1, type:2, protocol:0
[   87.914717] firmadyne: sys_socket[PID: 683 (xmldbc)]: family:1, type:2, protocol:0
[   87.974578] firmadyne: sys_socket[PID: 684 (xmldbc)]: family:1, type:2, protocol:0
[   88.035751] firmadyne: sys_socket[PID: 685 (xmldbc)]: family:1, type:2, protocol:0
[   88.095675] firmadyne: sys_socket[PID: 686 (xmldbc)]: family:1, type:2, protocol:0
[   88.154706] firmadyne: sys_socket[PID: 687 (xmldbc)]: family:1, type:2, protocol:0
[   88.294491] firmadyne: sys_socket[PID: 691 (xmldbc)]: family:1, type:2, protocol:0
[   88.353629] firmadyne: sys_socket[PID: 692 (xmldbc)]: family:1, type:2, protocol:0
[   88.413456] firmadyne: sys_socket[PID: 693 (xmldbc)]: family:1, type:2, protocol:0
[   88.471452] firmadyne: sys_socket[PID: 694 (xmldbc)]: family:1, type:2, protocol:0
[   88.529514] firmadyne: sys_socket[PID: 695 (xmldbc)]: family:1, type:2, protocol:0
[   88.589195] firmadyne: sys_socket[PID: 696 (xmldbc)]: family:1, type:2, protocol:0
[   88.648847] firmadyne: sys_socket[PID: 697 (xmldbc)]: family:1, type:2, protocol:0
[   88.707508] firmadyne: sys_socket[PID: 698 (xmldbc)]: family:1, type:2, protocol:0
[   88.761717] firmadyne: sys_socket[PID: 699 (xmldbc)]: family:1, type:2, protocol:0
[   88.821379] firmadyne: sys_socket[PID: 700 (xmldbc)]: family:1, type:2, protocol:0
[   88.880505] firmadyne: sys_socket[PID: 701 (xmldbc)]: family:1, type:2, protocol:0
[   88.940501] firmadyne: sys_socket[PID: 702 (xmldbc)]: family:1, type:2, protocol:0
[   88.999753] firmadyne: sys_socket[PID: 703 (xmldbc)]: family:1, type:2, protocol:0
[   89.060058] firmadyne: sys_socket[PID: 704 (xmldbc)]: family:1, type:2, protocol:0
[   89.119670] firmadyne: sys_socket[PID: 705 (xmldbc)]: family:1, type:2, protocol:0
[   89.178052] firmadyne: sys_socket[PID: 706 (xmldbc)]: family:1, type:2, protocol:0
[   89.237972] firmadyne: sys_socket[PID: 707 (xmldbc)]: family:1, type:2, protocol:0
[   89.296052] firmadyne: sys_socket[PID: 708 (xmldbc)]: family:1, type:2, protocol:0
[   96.573171] firmadyne: sys_socket[PID: 709 (xmldbc)]: family:1, type:2, protocol:0
[   96.712899] firmadyne: sys_socket[PID: 713 (xmldbc)]: family:1, type:2, protocol:0
[   96.774573] firmadyne: sys_socket[PID: 714 (xmldbc)]: family:1, type:2, protocol:0
[   96.834266] firmadyne: sys_socket[PID: 715 (xmldbc)]: family:1, type:2, protocol:0
[  111.261716] firmadyne: sys_socket[PID: 716 (xmldbc)]: family:1, type:2, protocol:0
[  111.321014] firmadyne: sys_socket[PID: 717 (xmldbc)]: family:1, type:2, protocol:0
[  111.374479] firmadyne: sys_socket[PID: 718 (xmldbc)]: family:1, type:2, protocol:0
[  111.431760] firmadyne: sys_socket[PID: 719 (xmldbc)]: family:1, type:2, protocol:0
[  111.491471] firmadyne: sys_socket[PID: 720 (xmldbc)]: family:1, type:2, protocol:0
[  122.287821] firmadyne: sys_socket[PID: 721 (xmldbc)]: family:1, type:2, protocol:0
[  122.347610] firmadyne: sys_socket[PID: 722 (xmldbc)]: family:1, type:2, protocol:0
[  122.406508] firmadyne: sys_socket[PID: 723 (xmldbc)]: family:1, type:2, protocol:0
[  122.467613] firmadyne: sys_socket[PID: 724 (xmldbc)]: family:1, type:2, protocol:0
[  136.896875] firmadyne: sys_socket[PID: 725 (xmldbc)]: family:1, type:2, protocol:0
[  136.958615] firmadyne: sys_socket[PID: 726 (xmldbc)]: family:1, type:2, protocol:0
[  137.020708] firmadyne: sys_socket[PID: 727 (xmldbc)]: family:1, type:2, protocol:0
[  137.080994] firmadyne: sys_socket[PID: 728 (xmldbc)]: family:1, type:2, protocol:0
[  137.134416] firmadyne: sys_socket[PID: 729 (xmldbc)]: family:1, type:2, protocol:0
[  147.367168] firmadyne: sys_socket[PID: 730 (xmldbc)]: family:1, type:2, protocol:0
[  147.428394] firmadyne: sys_socket[PID: 731 (xmldbc)]: family:1, type:2, protocol:0
[  147.568947] firmadyne: sys_socket[PID: 735 (xmldbc)]: family:1, type:2, protocol:0
[  147.622216] firmadyne: sys_socket[PID: 736 (xmldbc)]: family:1, type:2, protocol:0
[  147.680186] firmadyne: sys_socket[PID: 737 (xmldbc)]: family:1, type:2, protocol:0
[  147.766756] firmadyne: sys_socket[PID: 738 (xmldbc)]: family:1, type:2, protocol:0
[  147.846712] firmadyne: sys_socket[PID: 739 (xmldbc)]: family:1, type:2, protocol:0
[  147.904906] firmadyne: sys_socket[PID: 740 (xmldbc)]: family:1, type:2, protocol:0
[  147.965734] firmadyne: sys_socket[PID: 741 (xmldbc)]: family:1, type:2, protocol:0
[  148.024559] firmadyne: sys_socket[PID: 742 (xmldbc)]: family:1, type:2, protocol:0
[  148.083260] firmadyne: sys_socket[PID: 743 (xmldbc)]: family:1, type:2, protocol:0
[  148.144388] firmadyne: sys_socket[PID: 744 (xmldbc)]: family:1, type:2, protocol:0
[  148.203286] firmadyne: sys_socket[PID: 745 (xmldbc)]: family:1, type:2, protocol:0
[  148.263091] firmadyne: sys_socket[PID: 746 (xmldbc)]: family:1, type:2, protocol:0
[  148.323045] firmadyne: sys_socket[PID: 747 (xmldbc)]: family:1, type:2, protocol:0
[  148.383373] firmadyne: sys_socket[PID: 748 (xmldbc)]: family:1, type:2, protocol:0
[  148.442326] firmadyne: sys_socket[PID: 749 (xmldbc)]: family:1, type:2, protocol:0
[  148.501640] firmadyne: sys_socket[PID: 750 (xmldbc)]: family:1, type:2, protocol:0
[  148.561996] firmadyne: sys_socket[PID: 751 (xmldbc)]: family:1, type:2, protocol:0
[  148.620471] firmadyne: sys_socket[PID: 752 (xmldbc)]: family:1, type:2, protocol:0
[  148.678940] firmadyne: sys_socket[PID: 753 (xmldbc)]: family:1, type:2, protocol:0
[  148.828081] firmadyne: sys_socket[PID: 757 (xmldbc)]: family:1, type:2, protocol:0
[  148.886172] firmadyne: sys_socket[PID: 758 (xmldbc)]: family:1, type:2, protocol:0
[  148.946942] firmadyne: sys_socket[PID: 759 (xmldbc)]: family:1, type:2, protocol:0
[  149.005604] firmadyne: sys_socket[PID: 760 (xmldbc)]: family:1, type:2, protocol:0
[  149.062930] firmadyne: sys_socket[PID: 761 (xmldbc)]: family:1, type:2, protocol:0
[  149.120310] firmadyne: sys_socket[PID: 762 (xmldbc)]: family:1, type:2, protocol:0
[  149.179296] firmadyne: sys_socket[PID: 763 (xmldbc)]: family:1, type:2, protocol:0
[  149.236810] firmadyne: sys_socket[PID: 764 (xmldbc)]: family:1, type:2, protocol:0
[  149.294604] firmadyne: sys_socket[PID: 765 (xmldbc)]: family:1, type:2, protocol:0
[  149.354127] firmadyne: sys_socket[PID: 766 (xmldbc)]: family:1, type:2, protocol:0
[  149.414131] firmadyne: sys_socket[PID: 767 (xmldbc)]: family:1, type:2, protocol:0
[  149.472974] firmadyne: sys_socket[PID: 768 (xmldbc)]: family:1, type:2, protocol:0
[  149.533606] firmadyne: sys_socket[PID: 769 (xmldbc)]: family:1, type:2, protocol:0
[  149.592071] firmadyne: sys_socket[PID: 770 (xmldbc)]: family:1, type:2, protocol:0
[  149.650555] firmadyne: sys_socket[PID: 771 (xmldbc)]: family:1, type:2, protocol:0
[  149.710116] firmadyne: sys_socket[PID: 772 (xmldbc)]: family:1, type:2, protocol:0
[  149.769571] firmadyne: sys_socket[PID: 773 (xmldbc)]: family:1, type:2, protocol:0
[  149.827561] firmadyne: sys_socket[PID: 774 (xmldbc)]: family:1, type:2, protocol:0
[  149.884636] firmadyne: sys_socket[PID: 775 (xmldbc)]: family:1, type:2, protocol:0
[  150.022503] firmadyne: sys_socket[PID: 779 (xmldbc)]: family:1, type:2, protocol:0
[  150.080077] firmadyne: sys_socket[PID: 780 (xmldbc)]: family:1, type:2, protocol:0
[  150.139333] firmadyne: sys_socket[PID: 781 (xmldbc)]: family:1, type:2, protocol:0
[  150.196917] firmadyne: sys_socket[PID: 782 (xmldbc)]: family:1, type:2, protocol:0
[  150.254609] firmadyne: sys_socket[PID: 783 (xmldbc)]: family:1, type:2, protocol:0
[  150.312891] firmadyne: sys_socket[PID: 784 (xmldbc)]: family:1, type:2, protocol:0
[  150.372306] firmadyne: sys_socket[PID: 785 (xmldbc)]: family:1, type:2, protocol:0
[  150.432747] firmadyne: sys_socket[PID: 786 (xmldbc)]: family:1, type:2, protocol:0
[  150.491190] firmadyne: sys_socket[PID: 787 (xmldbc)]: family:1, type:2, protocol:0
[  150.550815] firmadyne: sys_socket[PID: 788 (xmldbc)]: family:1, type:2, protocol:0
[  150.608804] firmadyne: sys_socket[PID: 789 (xmldbc)]: family:1, type:2, protocol:0
[  150.667024] firmadyne: sys_socket[PID: 790 (xmldbc)]: family:1, type:2, protocol:0
[  150.727428] firmadyne: sys_socket[PID: 791 (xmldbc)]: family:1, type:2, protocol:0
[  150.786395] firmadyne: sys_socket[PID: 792 (xmldbc)]: family:1, type:2, protocol:0
[  150.844708] firmadyne: sys_socket[PID: 793 (xmldbc)]: family:1, type:2, protocol:0
[  150.903754] firmadyne: sys_socket[PID: 794 (xmldbc)]: family:1, type:2, protocol:0
[  150.964066] firmadyne: sys_socket[PID: 795 (xmldbc)]: family:1, type:2, protocol:0
[  151.023083] firmadyne: sys_socket[PID: 796 (xmldbc)]: family:1, type:2, protocol:0
[  151.080697] firmadyne: sys_socket[PID: 797 (xmldbc)]: family:1, type:2, protocol:0
[  151.218699] firmadyne: sys_socket[PID: 801 (xmldbc)]: family:1, type:2, protocol:0
[  151.276715] firmadyne: sys_socket[PID: 802 (xmldbc)]: family:1, type:2, protocol:0
[  151.335800] firmadyne: sys_socket[PID: 803 (xmldbc)]: family:1, type:2, protocol:0
[  151.394402] firmadyne: sys_socket[PID: 804 (xmldbc)]: family:1, type:2, protocol:0
[  151.455267] firmadyne: sys_socket[PID: 805 (xmldbc)]: family:1, type:2, protocol:0
[  151.514686] firmadyne: sys_socket[PID: 806 (xmldbc)]: family:1, type:2, protocol:0
[  151.574947] firmadyne: sys_socket[PID: 807 (xmldbc)]: family:1, type:2, protocol:0
[  151.633666] firmadyne: sys_socket[PID: 808 (xmldbc)]: family:1, type:2, protocol:0
[  151.692471] firmadyne: sys_socket[PID: 809 (xmldbc)]: family:1, type:2, protocol:0
[  151.751957] firmadyne: sys_socket[PID: 810 (xmldbc)]: family:1, type:2, protocol:0
[  151.810643] firmadyne: sys_socket[PID: 811 (xmldbc)]: family:1, type:2, protocol:0
[  151.869620] firmadyne: sys_socket[PID: 812 (xmldbc)]: family:1, type:2, protocol:0
[  151.930361] firmadyne: sys_socket[PID: 813 (xmldbc)]: family:1, type:2, protocol:0
[  151.989431] firmadyne: sys_socket[PID: 814 (xmldbc)]: family:1, type:2, protocol:0
[  152.047507] firmadyne: sys_socket[PID: 815 (xmldbc)]: family:1, type:2, protocol:0
[  152.105338] firmadyne: sys_socket[PID: 816 (xmldbc)]: family:1, type:2, protocol:0
[  152.166703] firmadyne: sys_socket[PID: 817 (xmldbc)]: family:1, type:2, protocol:0
[  152.226067] firmadyne: sys_socket[PID: 818 (xmldbc)]: family:1, type:2, protocol:0
[  152.286662] firmadyne: sys_socket[PID: 819 (xmldbc)]: family:1, type:2, protocol:0
[  152.432927] firmadyne: sys_socket[PID: 823 (xmldbc)]: family:1, type:2, protocol:0
[  152.487300] firmadyne: sys_socket[PID: 824 (xmldbc)]: family:1, type:2, protocol:0
[  152.547089] firmadyne: sys_socket[PID: 825 (xmldbc)]: family:1, type:2, protocol:0
[  152.605245] firmadyne: sys_socket[PID: 826 (xmldbc)]: family:1, type:2, protocol:0
[  152.663848] firmadyne: sys_socket[PID: 827 (xmldbc)]: family:1, type:2, protocol:0
[  152.721251] firmadyne: sys_socket[PID: 828 (xmldbc)]: family:1, type:2, protocol:0
[  152.782302] firmadyne: sys_socket[PID: 829 (xmldbc)]: family:1, type:2, protocol:0
[  152.842546] firmadyne: sys_socket[PID: 830 (xmldbc)]: family:1, type:2, protocol:0
[  152.901361] firmadyne: sys_socket[PID: 831 (xmldbc)]: family:1, type:2, protocol:0
[  152.963018] firmadyne: sys_socket[PID: 832 (xmldbc)]: family:1, type:2, protocol:0
[  153.021075] firmadyne: sys_socket[PID: 833 (xmldbc)]: family:1, type:2, protocol:0
[  153.079125] firmadyne: sys_socket[PID: 834 (xmldbc)]: family:1, type:2, protocol:0
[  153.138769] firmadyne: sys_socket[PID: 835 (xmldbc)]: family:1, type:2, protocol:0
[  153.196776] firmadyne: sys_socket[PID: 836 (xmldbc)]: family:1, type:2, protocol:0
[  153.254822] firmadyne: sys_socket[PID: 837 (xmldbc)]: family:1, type:2, protocol:0
[  153.313375] firmadyne: sys_socket[PID: 838 (xmldbc)]: family:1, type:2, protocol:0
[  153.374389] firmadyne: sys_socket[PID: 839 (xmldbc)]: family:1, type:2, protocol:0
[  153.435293] firmadyne: sys_socket[PID: 840 (xmldbc)]: family:1, type:2, protocol:0
[  153.495192] firmadyne: sys_socket[PID: 841 (xmldbc)]: family:1, type:2, protocol:0
[  153.633579] firmadyne: sys_socket[PID: 845 (xmldbc)]: family:1, type:2, protocol:0
[  153.691508] firmadyne: sys_socket[PID: 846 (xmldbc)]: family:1, type:2, protocol:0
[  153.750797] firmadyne: sys_socket[PID: 847 (xmldbc)]: family:1, type:2, protocol:0
[  153.809256] firmadyne: sys_socket[PID: 848 (xmldbc)]: family:1, type:2, protocol:0
[  153.868170] firmadyne: sys_socket[PID: 849 (xmldbc)]: family:1, type:2, protocol:0
[  153.927711] firmadyne: sys_socket[PID: 850 (xmldbc)]: family:1, type:2, protocol:0
[  153.985597] firmadyne: sys_socket[PID: 851 (xmldbc)]: family:1, type:2, protocol:0
[  154.043649] firmadyne: sys_socket[PID: 852 (xmldbc)]: family:1, type:2, protocol:0
[  154.101220] firmadyne: sys_socket[PID: 853 (xmldbc)]: family:1, type:2, protocol:0
[  154.160613] firmadyne: sys_socket[PID: 854 (xmldbc)]: family:1, type:2, protocol:0
[  154.218735] firmadyne: sys_socket[PID: 855 (xmldbc)]: family:1, type:2, protocol:0
[  154.277312] firmadyne: sys_socket[PID: 856 (xmldbc)]: family:1, type:2, protocol:0
[  154.338777] firmadyne: sys_socket[PID: 857 (xmldbc)]: family:1, type:2, protocol:0
[  154.397683] firmadyne: sys_socket[PID: 858 (xmldbc)]: family:1, type:2, protocol:0
[  154.463064] firmadyne: sys_socket[PID: 859 (xmldbc)]: family:1, type:2, protocol:0
[  154.522255] firmadyne: sys_socket[PID: 860 (xmldbc)]: family:1, type:2, protocol:0
[  154.581942] firmadyne: sys_socket[PID: 861 (xmldbc)]: family:1, type:2, protocol:0
[  154.640944] firmadyne: sys_socket[PID: 862 (xmldbc)]: family:1, type:2, protocol:0
[  154.699343] firmadyne: sys_socket[PID: 863 (xmldbc)]: family:1, type:2, protocol:0
[  154.837089] firmadyne: sys_socket[PID: 867 (xmldbc)]: family:1, type:2, protocol:0
[  154.895655] firmadyne: sys_socket[PID: 868 (xmldbc)]: family:1, type:2, protocol:0
[  154.956850] firmadyne: sys_socket[PID: 869 (xmldbc)]: family:1, type:2, protocol:0
[  155.015482] firmadyne: sys_socket[PID: 870 (xmldbc)]: family:1, type:2, protocol:0
[  155.073419] firmadyne: sys_socket[PID: 871 (xmldbc)]: family:1, type:2, protocol:0
[  155.133095] firmadyne: sys_socket[PID: 872 (xmldbc)]: family:1, type:2, protocol:0
[  155.191579] firmadyne: sys_socket[PID: 873 (xmldbc)]: family:1, type:2, protocol:0
[  155.249975] firmadyne: sys_socket[PID: 874 (xmldbc)]: family:1, type:2, protocol:0
[  155.308844] firmadyne: sys_socket[PID: 875 (xmldbc)]: family:1, type:2, protocol:0
[  155.368858] firmadyne: sys_socket[PID: 876 (xmldbc)]: family:1, type:2, protocol:0
[  155.427556] firmadyne: sys_socket[PID: 877 (xmldbc)]: family:1, type:2, protocol:0
[  155.489007] firmadyne: sys_socket[PID: 878 (xmldbc)]: family:1, type:2, protocol:0
[  155.551325] firmadyne: sys_socket[PID: 879 (xmldbc)]: family:1, type:2, protocol:0
[  155.610231] firmadyne: sys_socket[PID: 880 (xmldbc)]: family:1, type:2, protocol:0
[  155.669177] firmadyne: sys_socket[PID: 881 (xmldbc)]: family:1, type:2, protocol:0
[  155.729340] firmadyne: sys_socket[PID: 882 (xmldbc)]: family:1, type:2, protocol:0
[  155.783408] firmadyne: sys_socket[PID: 883 (xmldbc)]: family:1, type:2, protocol:0
[  155.841357] firmadyne: sys_socket[PID: 884 (xmldbc)]: family:1, type:2, protocol:0
[  155.900073] firmadyne: sys_socket[PID: 885 (xmldbc)]: family:1, type:2, protocol:0
[  156.039277] firmadyne: sys_socket[PID: 889 (xmldbc)]: family:1, type:2, protocol:0
[  156.098126] firmadyne: sys_socket[PID: 890 (xmldbc)]: family:1, type:2, protocol:0
[  156.158039] firmadyne: sys_socket[PID: 891 (xmldbc)]: family:1, type:2, protocol:0
[  156.216114] firmadyne: sys_socket[PID: 892 (xmldbc)]: family:1, type:2, protocol:0
[  156.273249] firmadyne: sys_socket[PID: 893 (xmldbc)]: family:1, type:2, protocol:0
[  156.332335] firmadyne: sys_socket[PID: 894 (xmldbc)]: family:1, type:2, protocol:0
[  156.390911] firmadyne: sys_socket[PID: 895 (xmldbc)]: family:1, type:2, protocol:0
[  156.448811] firmadyne: sys_socket[PID: 896 (xmldbc)]: family:1, type:2, protocol:0
[  156.509062] firmadyne: sys_socket[PID: 897 (xmldbc)]: family:1, type:2, protocol:0
[  156.568959] firmadyne: sys_socket[PID: 898 (xmldbc)]: family:1, type:2, protocol:0
[  156.627445] firmadyne: sys_socket[PID: 899 (xmldbc)]: family:1, type:2, protocol:0
[  156.685597] firmadyne: sys_socket[PID: 900 (xmldbc)]: family:1, type:2, protocol:0
[  156.746826] firmadyne: sys_socket[PID: 901 (xmldbc)]: family:1, type:2, protocol:0
[  156.806541] firmadyne: sys_socket[PID: 902 (xmldbc)]: family:1, type:2, protocol:0
[  156.865035] firmadyne: sys_socket[PID: 903 (xmldbc)]: family:1, type:2, protocol:0
[  156.924078] firmadyne: sys_socket[PID: 904 (xmldbc)]: family:1, type:2, protocol:0
[  156.984098] firmadyne: sys_socket[PID: 905 (xmldbc)]: family:1, type:2, protocol:0
[  157.042584] firmadyne: sys_socket[PID: 906 (xmldbc)]: family:1, type:2, protocol:0
[  157.100528] firmadyne: sys_socket[PID: 907 (xmldbc)]: family:1, type:2, protocol:0
[  157.238460] firmadyne: sys_socket[PID: 911 (xmldbc)]: family:1, type:2, protocol:0
[  157.296892] firmadyne: sys_socket[PID: 912 (xmldbc)]: family:1, type:2, protocol:0
[  157.356257] firmadyne: sys_socket[PID: 913 (xmldbc)]: family:1, type:2, protocol:0
[  157.414311] firmadyne: sys_socket[PID: 914 (xmldbc)]: family:1, type:2, protocol:0
[  157.474268] firmadyne: sys_socket[PID: 915 (xmldbc)]: family:1, type:2, protocol:0
[  157.534715] firmadyne: sys_socket[PID: 916 (xmldbc)]: family:1, type:2, protocol:0
[  157.593740] firmadyne: sys_socket[PID: 917 (xmldbc)]: family:1, type:2, protocol:0
[  157.657139] firmadyne: sys_socket[PID: 918 (xmldbc)]: family:1, type:2, protocol:0
[  157.717076] firmadyne: sys_socket[PID: 919 (xmldbc)]: family:1, type:2, protocol:0
[  157.777301] firmadyne: sys_socket[PID: 920 (xmldbc)]: family:1, type:2, protocol:0
[  157.836064] firmadyne: sys_socket[PID: 921 (xmldbc)]: family:1, type:2, protocol:0
[  157.894390] firmadyne: sys_socket[PID: 922 (xmldbc)]: family:1, type:2, protocol:0
[  157.954540] firmadyne: sys_socket[PID: 923 (xmldbc)]: family:1, type:2, protocol:0
[  158.007707] firmadyne: sys_socket[PID: 924 (xmldbc)]: family:1, type:2, protocol:0
[  158.065696] firmadyne: sys_socket[PID: 925 (xmldbc)]: family:1, type:2, protocol:0
[  158.124567] firmadyne: sys_socket[PID: 926 (xmldbc)]: family:1, type:2, protocol:0
[  158.184513] firmadyne: sys_socket[PID: 927 (xmldbc)]: family:1, type:2, protocol:0
[  158.242874] firmadyne: sys_socket[PID: 928 (xmldbc)]: family:1, type:2, protocol:0
[  158.300890] firmadyne: sys_socket[PID: 929 (xmldbc)]: family:1, type:2, protocol:0
[  158.490066] firmadyne: sys_socket[PID: 934 (xmldbc)]: family:1, type:2, protocol:0
[  158.550024] firmadyne: sys_socket[PID: 935 (xmldbc)]: family:1, type:2, protocol:0
[  158.607752] firmadyne: sys_socket[PID: 936 (xmldbc)]: family:1, type:2, protocol:0
[  158.665445] firmadyne: sys_socket[PID: 937 (xmldbc)]: family:1, type:2, protocol:0
[  158.723067] firmadyne: sys_socket[PID: 938 (xmldbc)]: family:1, type:2, protocol:0
[  158.783552] firmadyne: sys_socket[PID: 939 (xmldbc)]: family:1, type:2, protocol:0
[  158.923191] firmadyne: sys_socket[PID: 943 (xmldbc)]: family:1, type:2, protocol:0
[  158.983555] firmadyne: sys_socket[PID: 944 (xmldbc)]: family:1, type:2, protocol:0
[  159.041970] firmadyne: sys_socket[PID: 945 (xmldbc)]: family:1, type:2, protocol:0
[  159.099908] firmadyne: sys_socket[PID: 946 (xmldbc)]: family:1, type:2, protocol:0
[  159.159925] firmadyne: sys_socket[PID: 947 (xmldbc)]: family:1, type:2, protocol:0
[  159.218860] firmadyne: sys_socket[PID: 948 (xmldbc)]: family:1, type:2, protocol:0
[  159.395579] firmadyne: sys_socket[PID: 953 (xmldbc)]: family:1, type:2, protocol:0
[  159.536093] firmadyne: sys_socket[PID: 957 (xmldbc)]: family:1, type:2, protocol:0
[  159.672032] firmadyne: sys_socket[PID: 961 (xmldbc)]: family:1, type:2, protocol:0
[  159.808806] firmadyne: sys_socket[PID: 965 (xmldbc)]: family:1, type:2, protocol:0
[  159.946263] firmadyne: sys_socket[PID: 969 (xmldbc)]: family:1, type:2, protocol:0
[  160.082234] firmadyne: sys_socket[PID: 973 (xmldbc)]: family:1, type:2, protocol:0
[  160.219204] firmadyne: sys_socket[PID: 977 (xmldbc)]: family:1, type:2, protocol:0
[  160.356517] firmadyne: sys_socket[PID: 981 (xmldbc)]: family:1, type:2, protocol:0
[  160.495253] firmadyne: sys_socket[PID: 985 (xmldbc)]: family:1, type:2, protocol:0
[  160.633107] firmadyne: sys_socket[PID: 989 (xmldbc)]: family:1, type:2, protocol:0
[  160.771207] firmadyne: sys_socket[PID: 993 (xmldbc)]: family:1, type:2, protocol:0
[  160.908608] firmadyne: sys_socket[PID: 997 (xmldbc)]: family:1, type:2, protocol:0
[  161.046931] firmadyne: sys_socket[PID: 1001 (xmldbc)]: family:1, type:2, protocol:0
[  161.184333] firmadyne: sys_socket[PID: 1005 (xmldbc)]: family:1, type:2, protocol:0
[  161.321691] firmadyne: sys_socket[PID: 1009 (xmldbc)]: family:1, type:2, protocol:0
[  161.458922] firmadyne: sys_socket[PID: 1013 (xmldbc)]: family:1, type:2, protocol:0
[  161.599823] firmadyne: sys_socket[PID: 1017 (xmldbc)]: family:1, type:2, protocol:0
[  161.731600] firmadyne: sys_socket[PID: 1021 (xmldbc)]: family:1, type:2, protocol:0
[  161.866830] firmadyne: sys_socket[PID: 1025 (xmldbc)]: family:1, type:2, protocol:0
[  162.003627] firmadyne: sys_socket[PID: 1029 (xmldbc)]: family:1, type:2, protocol:0
[  162.141146] firmadyne: sys_socket[PID: 1033 (xmldbc)]: family:1, type:2, protocol:0
[  162.277188] firmadyne: sys_socket[PID: 1037 (xmldbc)]: family:1, type:2, protocol:0
[  162.415560] firmadyne: sys_socket[PID: 1041 (xmldbc)]: family:1, type:2, protocol:0
[  162.556539] firmadyne: sys_socket[PID: 1045 (xmldbc)]: family:1, type:2, protocol:0
[  162.694102] firmadyne: sys_socket[PID: 1049 (xmldbc)]: family:1, type:2, protocol:0
[  162.832435] firmadyne: sys_socket[PID: 1053 (xmldbc)]: family:1, type:2, protocol:0
[  162.978136] firmadyne: sys_socket[PID: 1057 (xmldbc)]: family:1, type:2, protocol:0
[  163.114843] firmadyne: sys_socket[PID: 1061 (xmldbc)]: family:1, type:2, protocol:0
[  163.251707] firmadyne: sys_socket[PID: 1065 (xmldbc)]: family:1, type:2, protocol:0
[  163.390108] firmadyne: sys_socket[PID: 1069 (xmldbc)]: family:1, type:2, protocol:0
[  163.531786] firmadyne: sys_socket[PID: 1073 (xmldbc)]: family:1, type:2, protocol:0
[  163.668666] firmadyne: sys_socket[PID: 1077 (xmldbc)]: family:1, type:2, protocol:0
[  163.807688] firmadyne: sys_socket[PID: 1081 (xmldbc)]: family:1, type:2, protocol:0
[  163.865612] firmadyne: sys_socket[PID: 1082 (xmldbc)]: family:1, type:2, protocol:0
[  163.918993] firmadyne: sys_socket[PID: 1083 (xmldbc)]: family:1, type:2, protocol:0
[  163.977233] firmadyne: sys_socket[PID: 1084 (xmldbc)]: family:1, type:2, protocol:0
[  164.035268] firmadyne: sys_socket[PID: 1085 (xmldbc)]: family:1, type:2, protocol:0
[  164.094034] firmadyne: sys_socket[PID: 1086 (xmldbc)]: family:1, type:2, protocol:0
[  164.154811] firmadyne: sys_socket[PID: 1087 (xmldbc)]: family:1, type:2, protocol:0
[  164.214477] firmadyne: sys_socket[PID: 1088 (xmldbc)]: family:1, type:2, protocol:0
[  164.274148] firmadyne: sys_socket[PID: 1089 (xmldbc)]: family:1, type:2, protocol:0
PHP [/etc/defnodes/S11setnodes.php] ...
[  164.395126] firmadyne: sys_socket[PID: 1092 (rgdb)]: family:1, type:2, protocol:0
PHP [/etc/defnodes/S12features.php] ...
[  165.253993] firmadyne: sys_socket[PID: 1105 (rgdb)]: family:1, type:2, protocol:0
PHP [/etc/defnodes/S13flashspeed.php] ...
[  165.384793] firmadyne: sys_socket[PID: 1108 (rgdb)]: family:1, type:2, protocol:0
PHP [/etc/defnodes/S20setnodes.php] ...
[  165.643058] firmadyne: sys_socket[PID: 1113 (rgdb)]: family:1, type:2, protocol:0
[  166.106619] UDF-fs: warning (device mtdblock4): udf_fill_super: No partition found (2)
mount: mounting /dev/mtdblock/4 on /www/locale/alt failed: Invalid argument
PHP [/etc/defnodes/S40brand.php] ...
[  166.219027] firmadyne: sys_socket[PID: 1125 (rgdb)]: family:1, type:2, protocol:0
[/etc/scripts/misc/defnodes.sh] Done !!
[/etc/scripts/misc/profile.sh] put ...
[  166.899852] firmadyne: sys_socket[PID: 1133 (rgdb)]: family:1, type:2, protocol:0
ok
[  167.915214] firmadyne: sys_socket[PID: 1139 (rgdb)]: family:1, type:2, protocol:0
[  167.992921] firmadyne: sys_socket[PID: 1141 (rgdb)]: family:1, type:2, protocol:0
[/etc/templates/timezone.sh] ...
[  168.168551] firmadyne: sys_socket[PID: 1146 (rgdb)]: family:1, type:2, protocol:0
[  168.361746] firmadyne: sys_socket[PID: 1151 (rgdb)]: family:1, type:2, protocol:0
[  172.437139] firmadyne: sys_socket[PID: 1155 (rgdb)]: family:1, type:2, protocol:0
[  172.517275] firmadyne: sys_socket[PID: 1157 (rgdb)]: family:1, type:2, protocol:0
[  172.607246] firmadyne: sys_socket[PID: 1159 (rgdb)]: family:1, type:2, protocol:0
[  172.692462] firmadyne: sys_socket[PID: 1161 (rgdb)]: family:1, type:2, protocol:0
[  172.779053] firmadyne: sys_socket[PID: 1163 (rgdb)]: family:1, type:2, protocol:0
[  172.864053] firmadyne: sys_socket[PID: 1165 (rgdb)]: family:1, type:2, protocol:0
[  172.950709] firmadyne: sys_socket[PID: 1167 (rgdb)]: family:1, type:2, protocol:0
[  173.035351] firmadyne: sys_socket[PID: 1169 (rgdb)]: family:1, type:2, protocol:0
[  173.119598] firmadyne: sys_socket[PID: 1171 (rgdb)]: family:1, type:2, protocol:0
[  173.205960] firmadyne: sys_socket[PID: 1173 (rgdb)]: family:1, type:2, protocol:0
[  173.291654] firmadyne: sys_socket[PID: 1175 (rgdb)]: family:1, type:2, protocol:0
[/etc/templates/logs.sh] ...
[  174.291420] firmadyne: sys_socket[PID: 1203 (rgdb)]: family:1, type:2, protocol:0
[  174.391342] firmadyne: sys_socket[PID: 1205 (rgdb)]: family:1, type:2, protocol:0
[/var/run/logs_run.sh] ...
[  175.013393] firmadyne: sys_socket[PID: 1210 (syslogd)]: family:1, type:1, protocol:0
[  175.182825] firmadyne: sys_socket[PID: 1215 (rgdb)]: family:1, type:2, protocol:0
[  175.382355] firmadyne: sys_socket[PID: 1219 (ifconfig)]: family:2, type:1, protocol:0
[  175.428982] 8021q: adding VLAN 0 to HW filter on device eth0
[  175.437271] e1000: eth0 NIC Link is Up 1000 Mbps Full Duplex, Flow Control: RX
[  178.545721] firmadyne: sys_socket[PID: 1221 (rgdb)]: family:1, type:2, protocol:0
[  178.885169] firmadyne: sys_socket[PID: 1233 (rgdb)]: family:1, type:2, protocol:0
[  179.077258] firmadyne: sys_socket[PID: 1239 (rgdb)]: family:1, type:2, protocol:0
[  179.102428] firmadyne: sys_socket[PID: 1240 (ifconfig)]: family:2, type:1, protocol:0
[  179.104659] firmadyne: __inet_insert_ifa[PID: 1240 (ifconfig)]: device:lo ifa:0x7f000001
[  179.163263] firmadyne: sys_socket[PID: 1241 (brctl)]: family:2, type:2, protocol:0
[  179.268772] firmadyne: sys_socket[PID: 1244 (brctl)]: family:2, type:2, protocol:0
[  179.273056] firmadyne: sys_socket[PID: 1244 (brctl)]: family:10, type:1, protocol:0
[  179.328356] firmadyne: sys_socket[PID: 1245 (brctl)]: family:2, type:2, protocol:0
[  179.332489] firmadyne: sys_socket[PID: 1245 (brctl)]: family:10, type:1, protocol:0
[/etc/init.d/S03config.sh] done!
[/etc/init.d/S10system.sh]
start Layout ...
[/etc/scripts/layout.sh] start ...
[  179.718929] firmadyne: sys_socket[PID: 1255 (rgdb)]: family:1, type:2, protocol:0
[  179.859026] firmadyne: sys_socket[PID: 1256 (rgdb)]: family:1, type:2, protocol:0
[/var/run/layout_start.sh] ...
Start bridge layout ...
[  180.020105] firmadyne: sys_socket[PID: 1260 (ifconfig)]: family:2, type:1, protocol:0
[  180.068461] firmadyne: sys_socket[PID: 1261 (brctl)]: family:2, type:2, protocol:0
[  180.072436] firmadyne: sys_socket[PID: 1261 (brctl)]: family:10, type:1, protocol:0
[  180.076485] firmadyne: sys_socket[PID: 1261 (brctl)]: family:10, type:1, protocol:0
[  180.079162] firmadyne: br_add_if[PID: 1261 (brctl)]: br:br0 dev:eth0
[  180.085585] device eth0 entered promiscuous mode
[  180.182428] firmadyne: sys_socket[PID: 1264 (xmldbc)]: family:1, type:2, protocol:0
[  180.271370] firmadyne: sys_socket[PID: 1267 (ifconfig)]: family:2, type:1, protocol:0
[  180.273174] br0: port 1(eth0) entered forwarding state
[  180.274358] br0: port 1(eth0) entered forwarding state
[  180.328113] firmadyne: sys_socket[PID: 1268 (rgdb)]: family:1, type:2, protocol:0
start LAN ...
[/etc/templates/lan.sh] ...
[  180.494589] firmadyne: sys_socket[PID: 1273 (rgdb)]: family:1, type:2, protocol:0
[  180.650703] firmadyne: sys_socket[PID: 1276 (rgdb)]: family:1, type:2, protocol:0
[  180.770260] firmadyne: sys_socket[PID: 1277 (rgdb)]: family:1, type:2, protocol:0
[/var/run/lan_start.sh] ...
Bridge mode selected, LAN is disabled !
start web server ...
[/etc/templates/webs.sh] start ...
[  181.077110] firmadyne: sys_socket[PID: 1285 (rgdb)]: family:1, type:2, protocol:0
[  181.168359] firmadyne: sys_socket[PID: 1287 (rgdb)]: family:1, type:2, protocol:0
[  181.318993] firmadyne: sys_socket[PID: 1290 (rgdb)]: family:1, type:2, protocol:0
[  181.479844] firmadyne: sys_socket[PID: 1291 (rgdb)]: family:1, type:2, protocol:0
[/var/run/webs_start.sh] ...
Starting HTTPD ...
start eth0 vlan setup ...
/etc/scripts/eth_vlan.sh: not found
[  181.897056] firmadyne: sys_socket[PID: 1301 (rgdb)]: family:1, type:2, protocol:0
[  181.927430] firmadyne: sys_socket[PID: 1302 (rgdb)]: family:1, type:2, protocol:0
[  182.148150] firmadyne: sys_socket[PID: 1303 (rgdb)]: family:1, type:2, protocol:0
#!/bin/sh
echo [$0] ... > /dev/console

# limitedadmin.php <<<

limitedadmin.sh...
[  182.463270] firmadyne: sys_socket[PID: 1307 (brctl)]: family:2, type:2, protocol:0
[  182.470569] firmadyne: sys_socket[PID: 1307 (brctl)]: family:10, type:1, protocol:0
[  182.576717] firmadyne: sys_socket[PID: 1308 (brctl)]: family:2, type:2, protocol:0
[  182.584084] firmadyne: sys_socket[PID: 1308 (brctl)]: family:10, type:1, protocol:0
[  182.693312] firmadyne: sys_socket[PID: 1309 (brctl)]: family:2, type:2, protocol:0
[  182.704074] firmadyne: sys_socket[PID: 1309 (brctl)]: family:10, type:1, protocol:0
[  182.815089] firmadyne: sys_socket[PID: 1310 (brctl)]: family:2, type:2, protocol:0
[  182.822389] firmadyne: sys_socket[PID: 1310 (brctl)]: family:10, type:1, protocol:0
[  182.927714] firmadyne: sys_socket[PID: 1311 (brctl)]: family:2, type:2, protocol:0
[  182.935058] firmadyne: sys_socket[PID: 1311 (brctl)]: family:10, type:1, protocol:0
[  183.041634] firmadyne: sys_socket[PID: 1312 (brctl)]: family:2, type:2, protocol:0
[  183.052124] firmadyne: sys_socket[PID: 1312 (brctl)]: family:10, type:1, protocol:0
start fresetd ...
enable LAN ports ...
[  183.312677] firmadyne: sys_socket[PID: 1314 (servd)]: family:1, type:2, protocol:0
Factory reset time : 5 secs
System reset time  : 1 secs
WPS command : [/etc/templates/wps.sh pbc &]
[  183.383630] firmadyne: sys_socket[PID: 1305 (httpd)]: family:10, type:2, protocol:6
[  183.384886] firmadyne: sys_setsockopt[PID: 1305 (httpd)]: fd:4, level:65535, optname:4
[/etc/scripts/enlan.sh] ...
/dev/gpio: No such device or address
[  183.523613] firmadyne: sys_socket[PID: 1317 (fresetd)]: family:1, type:1, protocol:0
 Generate channel table according to the country code...
[  183.598435] firmadyne: sys_socket[PID: 1324 (httpd)]: family:1, type:1, protocol:0
[  183.676923] firmadyne: sys_socket[PID: 1330 (genchanneltable)]: family:1, type:2, protocol:0
[  183.694515] firmadyne: sys_socket[PID: 1330 (genchanneltable)]: family:1, type:2, protocol:0
[  183.701050] firmadyne: sys_socket[PID: 1330 (genchanneltable)]: family:1, type:2, protocol:0
[  183.718751] firmadyne: sys_socket[PID: 1331 (getsys)]: family:1, type:2, protocol:0
UNKNOW country code!! Use USA for default!!
[  183.827749] firmadyne: sys_socket[PID: 1330 (genchanneltable)]: family:1, type:2, protocol:0
[  183.834669] firmadyne: sys_socket[PID: 1331 (getsys)]: family:1, type:2, protocol:0
[  183.839643] firmadyne: sys_socket[PID: 1330 (genchanneltable)]: family:1, type:2, protocol:0
[  183.846320] firmadyne: sys_socket[PID: 1331 (getsys)]: family:1, type:2, protocol:0
[  183.850530] firmadyne: sys_socket[PID: 1330 (genchanneltable)]: family:1, type:2, protocol:0
[  183.857065] firmadyne: sys_socket[PID: 1331 (getsys)]: family:1, type:2, protocol:0
[  183.861258] firmadyne: sys_socket[PID: 1330 (genchanneltable)]: family:1, type:2, protocol:0
[  183.868075] firmadyne: sys_socket[PID: 1331 (getsys)]: family:1, type:2, protocol:0
[  183.872711] firmadyne: sys_socket[PID: 1330 (genchanneltable)]: family:1, type:2, protocol:0
[  183.879165] firmadyne: sys_socket[PID: 1331 (getsys)]: family:1, type:2, protocol:0
[  183.883969] firmadyne: sys_socket[PID: 1330 (genchanneltable)]: family:1, type:2, protocol:0
[  183.890584] firmadyne: sys_socket[PID: 1331 (getsys)]: family:1, type:2, protocol:0
[  183.894674] firmadyne: sys_socket[PID: 1330 (genchanneltable)]: family:1, type:2, protocol:0
[  183.901067] firmadyne: sys_socket[PID: 1331 (getsys)]: family:1, type:2, protocol:0
[  183.905119] firmadyne: sys_socket[PID: 1330 (genchanneltable)]: family:1, type:2, protocol:0
[  183.912213] firmadyne: sys_socket[PID: 1331 (getsys)]: family:1, type:2, protocol:0
[  183.917103] firmadyne: sys_socket[PID: 1330 (genchanneltable)]: family:1, type:2, protocol:0
[  183.923797] firmadyne: sys_socket[PID: 1331 (getsys)]: family:1, type:2, protocol:0
[  183.930123] firmadyne: sys_socket[PID: 1330 (genchanneltable)]: family:1, type:2, protocol:0
[  183.936510] firmadyne: sys_socket[PID: 1331 (getsys)]: family:1, type:2, protocol:0
[  183.941634] firmadyne: sys_socket[PID: 1330 (genchanneltable)]: family:1, type:2, protocol:0
[  183.948171] firmadyne: sys_socket[PID: 1331 (getsys)]: family:1, type:2, protocol:0
[  183.953108] firmadyne: sys_socket[PID: 1330 (genchanneltable)]: family:1, type:2, protocol:0
[  183.959738] firmadyne: sys_socket[PID: 1331 (getsys)]: family:1, type:2, protocol:0
[  183.964636] firmadyne: sys_socket[PID: 1330 (genchanneltable)]: family:1, type:2, protocol:0
[  183.971213] firmadyne: sys_socket[PID: 1331 (getsys)]: family:1, type:2, protocol:0
[  183.976228] firmadyne: sys_socket[PID: 1330 (genchanneltable)]: family:1, type:2, protocol:0
[  183.982793] firmadyne: sys_socket[PID: 1331 (getsys)]: family:1, type:2, protocol:0
[  183.987808] firmadyne: sys_socket[PID: 1330 (genchanneltable)]: family:1, type:2, protocol:0
[  183.994360] firmadyne: sys_socket[PID: 1331 (getsys)]: family:1, type:2, protocol:0
[  183.998621] firmadyne: sys_socket[PID: 1330 (genchanneltable)]: family:1, type:2, protocol:0
[  184.005195] firmadyne: sys_socket[PID: 1331 (getsys)]: family:1, type:2, protocol:0
[  184.009577] firmadyne: sys_socket[PID: 1330 (genchanneltable)]: family:1, type:2, protocol:0
[  184.019931] firmadyne: sys_socket[PID: 1331 (getsys)]: family:1, type:2, protocol:0
[  184.024738] firmadyne: sys_socket[PID: 1330 (genchanneltable)]: family:1, type:2, protocol:0
[  184.035793] firmadyne: sys_socket[PID: 1330 (genchanneltable)]: family:1, type:2, protocol:0
[  184.046947] firmadyne: sys_socket[PID: 1330 (genchanneltable)]: family:1, type:2, protocol:0
[  184.053964] firmadyne: sys_socket[PID: 1330 (genchanneltable)]: family:1, type:2, protocol:0
[  184.067438] firmadyne: sys_socket[PID: 1330 (genchanneltable)]: family:1, type:2, protocol:0
[  184.073566] firmadyne: sys_socket[PID: 1330 (genchanneltable)]: family:1, type:2, protocol:0
[  184.079770] firmadyne: sys_socket[PID: 1330 (genchanneltable)]: family:1, type:2, protocol:0
[  184.090866] firmadyne: sys_socket[PID: 1330 (genchanneltable)]: family:1, type:2, protocol:0
[  184.097628] firmadyne: sys_socket[PID: 1330 (genchanneltable)]: family:1, type:2, protocol:0
[  184.111480] firmadyne: sys_socket[PID: 1330 (genchanneltable)]: family:1, type:2, protocol:0
[  184.117690] firmadyne: sys_socket[PID: 1330 (genchanneltable)]: family:1, type:2, protocol:0
[  184.123779] firmadyne: sys_socket[PID: 1330 (genchanneltable)]: family:1, type:2, protocol:0
/dev/gpio: No such device or address
 Generate VLAN table according to the port...
[  184.209229] firmadyne: sys_socket[PID: 1339 (genVLANTableByP)]: family:1, type:2, protocol:0
[  184.216594] firmadyne: sys_socket[PID: 1339 (genVLANTableByP)]: family:1, type:2, protocol:0
[  184.223009] firmadyne: sys_socket[PID: 1339 (genVLANTableByP)]: family:1, type:2, protocol:0
[  184.229129] firmadyne: sys_socket[PID: 1339 (genVLANTableByP)]: family:1, type:2, protocol:0
[  184.235595] firmadyne: sys_socket[PID: 1339 (genVLANTableByP)]: family:1, type:2, protocol:0
[  184.240940] firmadyne: sys_socket[PID: 1339 (genVLANTableByP)]: family:1, type:2, protocol:0
[  184.247906] firmadyne: sys_socket[PID: 1339 (genVLANTableByP)]: family:1, type:2, protocol:0
[  184.253460] firmadyne: sys_socket[PID: 1339 (genVLANTableByP)]: family:1, type:2, protocol:0
[  184.259969] firmadyne: sys_socket[PID: 1339 (genVLANTableByP)]: family:1, type:2, protocol:0
[  184.266508] firmadyne: sys_socket[PID: 1339 (genVLANTableByP)]: family:1, type:2, protocol:0
[  184.271982] firmadyne: sys_socket[PID: 1339 (genVLANTableByP)]: family:1, type:2, protocol:0
[  184.277338] firmadyne: sys_socket[PID: 1339 (genVLANTableByP)]: family:1, type:2, protocol:0
[  184.283705] firmadyne: sys_socket[PID: 1339 (genVLANTableByP)]: family:1, type:2, protocol:0
[  184.289219] firmadyne: sys_socket[PID: 1339 (genVLANTableByP)]: family:1, type:2, protocol:0
[  184.295579] firmadyne: sys_socket[PID: 1339 (genVLANTableByP)]: family:1, type:2, protocol:0
[  184.301111] firmadyne: sys_socket[PID: 1339 (genVLANTableByP)]: family:1, type:2, protocol:0
[  184.307526] firmadyne: sys_socket[PID: 1339 (genVLANTableByP)]: family:1, type:2, protocol:0
[  184.312888] firmadyne: sys_socket[PID: 1339 (genVLANTableByP)]: family:1, type:2, protocol:0
[  184.317591] firmadyne: sys_socket[PID: 1339 (genVLANTableByP)]: family:1, type:2, protocol:0
[  184.324336] firmadyne: sys_socket[PID: 1339 (genVLANTableByP)]: family:1, type:2, protocol:0
[  184.331357] firmadyne: sys_socket[PID: 1339 (genVLANTableByP)]: family:1, type:2, protocol:0
