[    0.000000] Linux version 4.1.17+ (alessio@pc) (gcc version 5.5.0 20171010 (Ubuntu 5.5.0-12ubuntu1) ) #1 Mon May 15 23:04:08 CEST 2023
[    0.000000] earlycon: Early serial console at I/O port 0x3f8 (options '38400n8')
[    0.000000] bootconsole [uart0] enabled
[    0.000000] CPU0 revision is: 00019300 (MIPS 24Kc)
[    0.000000] FPU revision is: 00739300
[    0.000000] Software DMA cache coherency enabled
[    0.000000] Determined physical RAM map:
[    0.000000]  memory: 00001000 @ 00000000 (reserved)
[    0.000000]  memory: 000ef000 @ 00001000 (ROM data)
[    0.000000]  memory: 00798000 @ 000f0000 (reserved)
[    0.000000]  memory: 0f777000 @ 00888000 (usable)
[    0.000000] debug: ignoring loglevel setting.
[    0.000000] Wasting 69888 bytes for tracking 2184 unused pages
[    0.000000] Initrd not found or empty - disabling initrd
[    0.000000] Zone ranges:
[    0.000000]   DMA      [mem 0x0000000000000000-0x0000000000ffffff]
[    0.000000]   Normal   [mem 0x0000000001000000-0x000000000fffefff]
[    0.000000] Movable zone start for each node
[    0.000000] Early memory node ranges
[    0.000000]   node   0: [mem 0x0000000000000000-0x000000000fffefff]
[    0.000000] Initmem setup node 0 [mem 0x0000000000000000-0x000000000fffefff]
[    0.000000] On node 0 totalpages: 65535
[    0.000000] free_area_init_node: node 0, pgdat 8081d5b0, node_mem_map 81000000
[    0.000000]   DMA zone: 32 pages used for memmap
[    0.000000]   DMA zone: 0 pages reserved
[    0.000000]   DMA zone: 4096 pages, LIFO batch:0
[    0.000000]   Normal zone: 480 pages used for memmap
[    0.000000]   Normal zone: 61439 pages, LIFO batch:15
[    0.000000] Primary instruction cache 2kB, VIPT, 2-way, linesize 16 bytes.
[    0.000000] Primary data cache 2kB, 2-way, VIPT, no aliases, linesize 16 bytes
[    0.000000] pcpu-alloc: s0 r0 d32768 u32768 alloc=1*32768
[    0.000000] pcpu-alloc: [0] 0 
[    0.000000] Built 1 zonelists in Zone order, mobility grouping on.  Total pages: 65023
[    0.000000] Kernel command line: root=/dev/sda1 console=ttyS0 nandsim.parts=64,64,64,64,64,64,64,64,64,64 rdinit=/firmadyne/preInit.sh rw debug ignore_loglevel print-fatal-signals=1 FIRMAE_NET=true FIRMAE_NVRAM=true FIRMAE_KERNEL=true FIRMAE_ETC=true user_debug=0 firmadyne.syscall=1 noka
[    0.000000] found FIRMAE_KERNEL=t
[    0.000000] set the LD_PRELOAD=/firmadyne/libnvram_ioctl.so
[    0.000000] PID hash table entries: 1024 (order: 0, 4096 bytes)
[    0.000000] Dentry cache hash table entries: 32768 (order: 5, 131072 bytes)
[    0.000000] Inode-cache hash table entries: 16384 (order: 4, 65536 bytes)
[    0.000000] Writing ErrCtl register=00000000
[    0.000000] Readback ErrCtl register=00000000
[    0.000000] Memory: 251112K/262140K available (5360K kernel code, 244K rwdata, 1676K rodata, 260K init, 158K bss, 11028K reserved, 0K cma-reserved)
[    0.000000] NR_IRQS:256
[    0.000000] CPU frequency 200.00 MHz
[    0.000000] clocksource MIPS: mask: 0xffffffff max_cycles: 0xffffffff, max_idle_ns: 19112515211 ns
[    0.000202] sched_clock: 32 bits at 100MHz, resolution 9ns, wraps every 21474736123ns
[    0.081386] spurious 8259A interrupt: IRQ7.
[    0.083716] Console: colour dummy device 80x25
[    0.085062] Calibrating delay loop... 25.47 BogoMIPS (lpj=50944)
[    0.139121] pid_max: default: 32768 minimum: 301
[    0.143523] Mount-cache hash table entries: 1024 (order: 0, 4096 bytes)
[    0.144038] Mountpoint-cache hash table entries: 1024 (order: 0, 4096 bytes)
[    0.277783] clocksource jiffies: mask: 0xffffffff max_cycles: 0xffffffff, max_idle_ns: 7645041785100000 ns
[    0.289351] NET: Registered protocol family 16
[    0.584679] clocksource pit: mask: 0xffffffff max_cycles: 0xffffffff, max_idle_ns: 1601818034827 ns
[    0.816118] vgaarb: loaded
[    0.822097] SCSI subsystem initialized
[    0.824737] libata version 3.00 loaded.
[    0.829295] usbcore: registered new interface driver usbfs
[    0.830721] usbcore: registered new interface driver hub
[    0.831971] usbcore: registered new device driver usb
[    0.834672] pps_core: LinuxPPS API ver. 1 registered
[    0.835063] pps_core: Software ver. 5.3.6 - Copyright 2005-2007 Rodolfo Giometti <giometti@linux.it>
[    0.836160] PTP clock support registered
[    0.841034] PCI host bridge to bus 0000:00
[    0.841788] pci_bus 0000:00: root bus resource [mem 0x10000000-0x17ffffff]
[    0.842404] pci_bus 0000:00: root bus resource [io  0x1000-0x1fffff]
[    0.843000] pci_bus 0000:00: root bus resource [??? 0x00000000 flags 0x0]
[    0.843580] pci_bus 0000:00: No busn resource found for root bus, will use [bus 00-ff]
[    0.845028] pci 0000:00:00.0: [11ab:4620] type 00 class 0x060000
[    0.846015] pci 0000:00:00.0: [Firmware Bug]: reg 0x14: invalid BAR (can't size)
[    0.846634] pci 0000:00:00.0: [Firmware Bug]: reg 0x18: invalid BAR (can't size)
[    0.847247] pci 0000:00:00.0: [Firmware Bug]: reg 0x1c: invalid BAR (can't size)
[    0.847862] pci 0000:00:00.0: [Firmware Bug]: reg 0x20: invalid BAR (can't size)
[    0.848621] pci 0000:00:00.0: [Firmware Bug]: reg 0x24: invalid BAR (can't size)
[    0.852773] pci 0000:00:0a.0: [8086:7110] type 00 class 0x060100
[    0.856250] pci 0000:00:0a.1: [8086:7111] type 00 class 0x010180
[    0.857203] pci 0000:00:0a.1: reg 0x20: [io  0x0000-0x000f]
[    0.857809] pci 0000:00:0a.1: legacy IDE quirk: reg 0x10: [io  0x01f0-0x01f7]
[    0.858385] pci 0000:00:0a.1: legacy IDE quirk: reg 0x14: [io  0x03f6]
[    0.858949] pci 0000:00:0a.1: legacy IDE quirk: reg 0x18: [io  0x0170-0x0177]
[    0.859524] pci 0000:00:0a.1: legacy IDE quirk: reg 0x1c: [io  0x0376]
[    0.863094] pci 0000:00:0a.2: [8086:7112] type 00 class 0x0c0300
[    0.863782] pci 0000:00:0a.2: reg 0x20: [io  0x0000-0x001f]
[    0.867134] pci 0000:00:0a.3: [8086:7113] type 00 class 0x068000
[    0.868455] pci 0000:00:0a.3: quirk: [io  0x1000-0x103f] claimed by PIIX4 ACPI
[    0.869125] pci 0000:00:0a.3: quirk: [io  0x1100-0x110f] claimed by PIIX4 SMB
[    0.872531] pci 0000:00:12.0: [1013:00b8] type 00 class 0x030000
[    0.873161] pci 0000:00:12.0: reg 0x10: [mem 0x00000000-0x01ffffff pref]
[    0.873957] pci 0000:00:12.0: reg 0x14: [mem 0x00000000-0x00000fff]
[    0.874622] pci 0000:00:12.0: reg 0x30: [mem 0x00000000-0x0000ffff pref]
[    0.877347] vgaarb: device added: PCI:0000:00:12.0,decodes=io+mem,owns=none,locks=none
[    0.878804] pci 0000:00:13.0: [8086:100e] type 00 class 0x020000
[    0.879435] pci 0000:00:13.0: reg 0x10: [mem 0x00000000-0x0001ffff]
[    0.880001] pci 0000:00:13.0: reg 0x14: [io  0x0000-0x003f]
[    0.880633] pci 0000:00:13.0: reg 0x30: [mem 0x00000000-0x0003ffff pref]
[    0.883903] pci 0000:00:14.0: [8086:100e] type 00 class 0x020000
[    0.884519] pci 0000:00:14.0: reg 0x10: [mem 0x00000000-0x0001ffff]
[    0.885082] pci 0000:00:14.0: reg 0x14: [io  0x0000-0x003f]
[    0.885715] pci 0000:00:14.0: reg 0x30: [mem 0x00000000-0x0003ffff pref]
[    0.889114] pci 0000:00:15.0: [8086:100e] type 00 class 0x020000
[    0.889767] pci 0000:00:15.0: reg 0x10: [mem 0x00000000-0x0001ffff]
[    0.890518] pci 0000:00:15.0: reg 0x14: [io  0x0000-0x003f]
[    0.891171] pci 0000:00:15.0: reg 0x30: [mem 0x00000000-0x0003ffff pref]
[    0.894399] pci 0000:00:16.0: [8086:100e] type 00 class 0x020000
[    0.895186] pci 0000:00:16.0: reg 0x10: [mem 0x00000000-0x0001ffff]
[    0.895774] pci 0000:00:16.0: reg 0x14: [io  0x0000-0x003f]
[    0.896405] pci 0000:00:16.0: reg 0x30: [mem 0x00000000-0x0003ffff pref]
[    0.899897] pci_bus 0000:00: busn_res: [bus 00-ff] end is updated to 00
[    0.901457] pci 0000:00:12.0: BAR 0: assigned [mem 0x10000000-0x11ffffff pref]
[    0.902226] pci 0000:00:13.0: BAR 6: assigned [mem 0x12000000-0x1203ffff pref]
[    0.903078] pci 0000:00:14.0: BAR 6: assigned [mem 0x12040000-0x1207ffff pref]
[    0.903744] pci 0000:00:15.0: BAR 6: assigned [mem 0x12080000-0x120bffff pref]
[    0.904399] pci 0000:00:16.0: BAR 6: assigned [mem 0x120c0000-0x120fffff pref]
[    0.905037] pci 0000:00:13.0: BAR 0: assigned [mem 0x12100000-0x1211ffff]
[    0.905667] pci 0000:00:14.0: BAR 0: assigned [mem 0x12120000-0x1213ffff]
[    0.906302] pci 0000:00:15.0: BAR 0: assigned [mem 0x12140000-0x1215ffff]
[    0.907083] pci 0000:00:16.0: BAR 0: assigned [mem 0x12160000-0x1217ffff]
[    0.907749] pci 0000:00:12.0: BAR 6: assigned [mem 0x12180000-0x1218ffff pref]
[    0.908402] pci 0000:00:12.0: BAR 1: assigned [mem 0x12190000-0x12190fff]
[    0.909037] pci 0000:00:13.0: BAR 1: assigned [io  0x1040-0x107f]
[    0.909623] pci 0000:00:14.0: BAR 1: assigned [io  0x1080-0x10bf]
[    0.910199] pci 0000:00:15.0: BAR 1: assigned [io  0x10c0-0x10ff]
[    0.910790] pci 0000:00:16.0: BAR 1: assigned [io  0x1400-0x143f]
[    0.911568] pci 0000:00:0a.2: BAR 4: assigned [io  0x1440-0x145f]
[    0.912162] pci 0000:00:0a.1: BAR 4: assigned [io  0x1460-0x146f]
[    0.930484] cfg80211: Calling CRDA to update world regulatory domain
[    0.944881] Switched to clocksource MIPS
[    1.066528] NET: Registered protocol family 2
[    1.079363] TCP established hash table entries: 2048 (order: 1, 8192 bytes)
[    1.080547] TCP bind hash table entries: 2048 (order: 1, 8192 bytes)
[    1.081961] TCP: Hash tables configured (established 2048 bind 2048)
[    1.083154] UDP hash table entries: 256 (order: 0, 4096 bytes)
[    1.083877] UDP-Lite hash table entries: 256 (order: 0, 4096 bytes)
[    1.088180] NET: Registered protocol family 1
[    1.090211] PCI: Enabling device 0000:00:0a.2 (0000 -> 0001)
[    1.091781] PCI: CLS 0 bytes, default 16
[    1.194312] futex hash table entries: 256 (order: -1, 3072 bytes)
[    1.213365] squashfs: version 4.0 (2009/01/31) Phillip Lougher
[    1.216132] jffs2: version 2.2. (NAND) Â© 2001-2006 Red Hat, Inc.
[    1.219850] romfs: ROMFS MTD (C) 2007 Red Hat, Inc.
[    1.314767] Block layer SCSI generic (bsg) driver version 0.4 loaded (major 251)
[    1.315477] io scheduler noop registered
[    1.316223] io scheduler cfq registered (default)
[    1.317500] firmadyne: devfs: 1, execute: 1, procfs: 1, syscall: 1
[    1.323555] firmadyne: Cannot register character device: gpio, 0xfc, 0x0!
[    1.334365] firmadyne: Cannot register character device: watchdog, 0xa, 0x82!
[    1.334929] firmadyne: Cannot register character device: wdt, 0xfd, 0x0!
[    3.250600] strName = 4.1.17+
[    3.250600] init_task_addr  = 2155778944
[    3.250600] init_task_size  = 1296
[    3.250600] ts_tasks        = 292
[    3.250600] ts_pid          = 408
[    3.250600] ts_tgid         = 412
[    3.250600] ts_group_leader = 440
[    3.250600] ts_thread_group = 496
[    3.250600] ts_real_parent  = 416
[    3.250600] ts_mm           = 300
[    3.250600] ts_stack        = 4
[    3.253409] module_name   = 12
[    3.253409] module_size   = 208
[    3.253409] module_init   = 200
[    3.253409] module_list   = 4
[    3.254446] ts_real_cred    = 624
[    3.254446] ts_cred         = 628
[    3.254446] ts_comm         = 632
[    3.254446] cred_uid        = 4
[    3.254446] cred_gid        = 8
[    3.254446] cred_euid       = 20
[    3.254446] cred_egid       = 24
[    3.256126] mm_mmap         = 0
[    3.256126] mm_pgd          = 32
[    3.256126] mm_arg_start    = 136
[    3.256126] mm_start_brk    = 124
[    3.256126] mm_brk          = 128
[    3.256126] mm_start_stack  = 132
[    3.257899] vma_vm_start    = 0
[    3.257899] vma_vm_end      = 4
[    3.257899] vma_vm_next     = 8
[    3.257899] vma_vm_file     = 80
[    3.257899] vma_vm_flags    = 40
[    3.257899] vma_vm_pgoff    = 76
[    3.259409] file_dentry     = 12
[    3.259409] file_inode      = 40
[    3.259409] dentry_d_name   = 24
[    3.259409] dentry_d_iname  = 44
[    3.259409] dentry_d_parent = 16
[    3.259409] ti_task         = 0
[    3.259409] inode_ino   = 28
[    4.445807] proc_fork_connector  = 2151078840
[    4.446220] proc_exit_connector  = 2151080432
[    4.446593] proc_exec_connector  = 2151079052
[    4.446946] vma_link  = 2149124372
[    4.447256] vma_adjust  = 2149124540
[    4.447576] remove_vma  = 2149122188
[    4.447890] modules  = 2155833724
[    4.448196] trim_init_extable  = 2150545316
[    4.449649] cfg80211: Calling CRDA to update world regulatory domain
[    4.453531] PCI: Enabling device 0000:00:12.0 (0000 -> 0002)
[    4.454865] cirrusfb 0000:00:12.0: Cirrus Logic chipset on PCI bus, RAM (4096 kB) at 0x10000000
[    4.766647] Console: switching to colour frame buffer device 80x30
[    4.841765] Serial: 8250/16550 driver, 4 ports, IRQ sharing enabled
[    4.857466] console [ttyS0] disabled
[    4.885482] serial8250.0: ttyS0 at I/O 0x3f8 (irq = 4, base_baud = 115200) is a 16550A
[    4.886702] console [ttyS0] enabled
[    4.886702] console [ttyS0] enabled
[    4.887310] bootconsole [uart0] disabled
[    4.887310] bootconsole [uart0] disabled
[    4.918556] serial8250.0: ttyS1 at I/O 0x2f8 (irq = 3, base_baud = 115200) is a 16550A
[    5.109621] brd: module loaded
[    5.236103] loop: module loaded
[    5.243612] ata_piix 0000:00:0a.1: version 2.13
[    5.244225] PCI: Enabling device 0000:00:0a.1 (0000 -> 0001)
[    5.273017] scsi host0: ata_piix
[    5.279217] scsi host1: ata_piix
[    5.283473] ata1: PATA max UDMA/33 cmd 0x1f0 ctl 0x3f6 bmdma 0x1460 irq 14
[    5.284041] ata2: PATA max UDMA/33 cmd 0x170 ctl 0x376 bmdma 0x1468 irq 15
[    5.291590] [nandsim] warning: read_byte: unexpected data output cycle, state is STATE_READY return 0x0
[    5.292231] [nandsim] warning: read_byte: unexpected data output cycle, state is STATE_READY return 0x0
[    5.293034] [nandsim] warning: read_byte: unexpected data output cycle, state is STATE_READY return 0x0
[    5.293663] [nandsim] warning: read_byte: unexpected data output cycle, state is STATE_READY return 0x0
[    5.294293] [nandsim] warning: read_byte: unexpected data output cycle, state is STATE_READY return 0x0
[    5.294975] [nandsim] warning: read_byte: unexpected data output cycle, state is STATE_READY return 0x0
[    5.295818] nand: device found, Manufacturer ID: 0x98, Chip ID: 0x39
[    5.296279] nand: Toshiba NAND 128MiB 1,8V 8-bit
[    5.296737] nand: 128 MiB, SLC, erase size: 16 KiB, page size: 512, OOB size: 16
[    5.298686] flash size: 128 MiB
[    5.298974] page size: 512 bytes
[    5.299255] OOB area size: 16 bytes
[    5.299552] sector size: 16 KiB
[    5.299824] pages number: 262144
[    5.300100] pages per sector: 32
[    5.300382] bus width: 8
[    5.300627] bits in sector size: 14
[    5.301099] bits in page size: 9
[    5.301398] bits in OOB size: 4
[    5.301682] flash size with OOB: 135168 KiB
[    5.302002] page address bytes: 4
[    5.302286] sector address bytes: 3
[    5.302580] options: 0x42
[    5.401777] Scanning device for bad blocks
[    6.790211] ata2.01: NODEV after polling detection
[    6.792114] ata2.00: ATAPI: QEMU DVD-ROM, 2.5+, max UDMA/100
[    6.794575] ata1.01: NODEV after polling detection
[    6.800046] ata1.00: ATA-7: QEMU HARDDISK, 2.5+, max UDMA/100
[    6.800564] ata1.00: 2097152 sectors, multi 16: LBA48 
[    6.802938] ata2.00: configured for UDMA/33
[    6.806677] ata1.00: configured for UDMA/33
[    8.759121] cfg80211: Calling CRDA to update world regulatory domain
[    8.760291] Creating 11 MTD partitions on "NAND 128MiB 1,8V 8-bit":
[    8.761338] 0x000000000000-0x000000100000 : "NAND simulator partition 0"
[    8.776237] 0x000000100000-0x000000200000 : "NAND simulator partition 1"
[    8.789355] 0x000000200000-0x000000300000 : "NAND simulator partition 2"
[    8.801713] 0x000000300000-0x000000400000 : "NAND simulator partition 3"
[    8.814376] 0x000000400000-0x000000500000 : "NAND simulator partition 4"
[    8.826993] 0x000000500000-0x000000600000 : "NAND simulator partition 5"
[    8.839741] 0x000000600000-0x000000700000 : "NAND simulator partition 6"
[    8.852999] 0x000000700000-0x000000800000 : "NAND simulator partition 7"
[    8.866426] 0x000000800000-0x000000900000 : "NAND simulator partition 8"
[    8.879841] 0x000000900000-0x000000a00000 : "NAND simulator partition 9"
[    8.893321] 0x000000a00000-0x000008000000 : "NAND simulator partition 10"
[    8.947372] tun: Universal TUN/TAP device driver, 1.6
[    8.947839] tun: (C) 1999-2004 Max Krasnyansky <maxk@qualcomm.com>
[    8.952216] pcnet32: pcnet32.c:v1.35 21.Apr.2008 tsbogend@alpha.franken.de
[    8.953970] e1000: Intel(R) PRO/1000 Network Driver - version 7.3.21-k8-NAPI
[    8.954497] e1000: Copyright (c) 1999-2006 Intel Corporation.
[    8.955626] PCI: Enabling device 0000:00:13.0 (0000 -> 0003)
[    8.961398] scsi 0:0:0:0: Direct-Access     ATA      QEMU HARDDISK    2.5+ PQ: 0 ANSI: 5
[   18.015153] cfg80211: Calling CRDA to update world regulatory domain
[   18.278273] sd 0:0:0:0: [sda] 2097152 512-byte logical blocks: (1.07 GB/1.00 GiB)
[   18.280849] scsi 1:0:0:0: CD-ROM            QEMU     QEMU DVD-ROM     2.5+ PQ: 0 ANSI: 5
[   18.286401] sd 0:0:0:0: [sda] Write Protect is off
[   18.287028] sd 0:0:0:0: [sda] Mode Sense: 00 3a 00 00
[   18.297999] sd 0:0:0:0: [sda] Write cache: enabled, read cache: enabled, doesn't support DPO or FUA
[   18.311739]  sda: sda1
[   18.326095] sd 0:0:0:0: [sda] Attached SCSI disk
[   18.359328] e1000 0000:00:13.0 eth0: (PCI:33MHz:32-bit) 52:54:00:12:34:56
[   18.360160] e1000 0000:00:13.0 eth0: Intel(R) PRO/1000 Network Connection
[   18.361184] PCI: Enabling device 0000:00:14.0 (0000 -> 0003)
[   18.689319] e1000 0000:00:14.0 eth1: (PCI:33MHz:32-bit) 52:54:00:12:34:57
[   18.690048] e1000 0000:00:14.0 eth1: Intel(R) PRO/1000 Network Connection
[   18.690983] PCI: Enabling device 0000:00:15.0 (0000 -> 0003)
[   19.022110] e1000 0000:00:15.0 eth2: (PCI:33MHz:32-bit) 52:54:00:12:34:58
[   19.022839] e1000 0000:00:15.0 eth2: Intel(R) PRO/1000 Network Connection
[   19.023747] PCI: Enabling device 0000:00:16.0 (0000 -> 0003)
[   19.360629] e1000 0000:00:16.0 eth3: (PCI:33MHz:32-bit) 52:54:00:12:34:59
[   19.361638] e1000 0000:00:16.0 eth3: Intel(R) PRO/1000 Network Connection
[   19.363270] e1000e: Intel(R) PRO/1000 Network Driver - 2.3.2-k
[   19.363729] e1000e: Copyright(c) 1999 - 2014 Intel Corporation.
[   19.369393] PPP generic driver version 2.4.2
[   19.371982] PPP Deflate Compression module registered
[   19.372980] PPP MPPE Compression module registered
[   19.373514] NET: Registered protocol family 24
[   19.374474] ehci_hcd: USB 2.0 'Enhanced' Host Controller (EHCI) Driver
[   19.375110] ehci-pci: EHCI PCI platform driver
[   19.376538] ohci_hcd: USB 1.1 'Open' Host Controller (OHCI) Driver
[   19.377349] ohci-pci: OHCI PCI platform driver
[   19.378749] uhci_hcd: USB Universal Host Controller Interface driver
[   19.380675] uhci_hcd 0000:00:0a.2: UHCI Host Controller
[   19.381961] uhci_hcd 0000:00:0a.2: new USB bus registered, assigned bus number 1
[   19.383246] uhci_hcd 0000:00:0a.2: irq 11, io base 0x00001440
[   19.396777] hub 1-0:1.0: USB hub found
[   19.397863] hub 1-0:1.0: 2 ports detected
[   28.742685] cfg80211: Calling CRDA to update world regulatory domain
[   28.751810] usbcore: registered new interface driver usb-storage
[   28.757542] mousedev: PS/2 mouse device common for all mice
[   28.765883] rtc_cmos rtc_cmos: rtc core: registered rtc_cmos as rtc0
[   28.766898] rtc_cmos rtc_cmos: alarms up to one day, 242 bytes nvram
[   28.768993] i2c /dev entries driver
[   28.770647] piix4_smbus 0000:00:0a.3: SMBus Host Controller at 0x1100, revision 0
[   28.776638] sdhci: Secure Digital Host Controller Interface driver
[   28.777337] sdhci: Copyright(c) Pierre Ossman
[   28.780353] hidraw: raw HID events driver (C) Jiri Kosina
[   28.804594] usbcore: registered new interface driver usbhid
[   28.805243] usbhid: USB HID core driver
[   28.806655] Netfilter messages via NETLINK v0.30.
[   28.808355] nf_conntrack version 0.5.0 (3923 buckets, 15692 max)
[   28.812673] ctnetlink v0.93: registering with nfnetlink.
[   28.820204] ipip: IPv4 over IPv4 tunneling driver
[   28.836215] ip_tables: (C) 2000-2006 Netfilter Core Team
[   28.839875] arp_tables: (C) 2002 David S. Miller
[   28.842403] Initializing XFRM netlink socket
[   28.843974] NET: Registered protocol family 10
[   28.871902] ip6_tables: (C) 2000-2006 Netfilter Core Team
[   28.876741] sit: IPv6 over IPv4 tunneling driver
[   28.899199] NET: Registered protocol family 17
[   28.900375] bridge: automatic filtering via arp/ip/ip6tables has been deprecated. Update your scripts to load br_netfilter if you need this.
[   28.901955] Bridge firewalling registered
[   28.902479] Ebtables v2.0 registered
[   28.905424] 8021q: 802.1Q VLAN Support v1.8
[   28.932883] rtc_cmos rtc_cmos: setting system clock to 2025-07-23 03:18:04 UTC (1753240684)
[   32.656753] cfg80211: Calling CRDA to update world regulatory domain
[   32.731888] EXT2-fs (sda1): warning: mounting unchecked fs, running e2fsck is recommended
[   32.734619] VFS: Mounted root (ext2 filesystem) on device 8:1.
[   32.746716] Freeing YAMON memory: 956k freed
[   32.760816] Freeing unused kernel memory: 260K (8081f000 - 80860000)
[   32.800164] firmadyne: sys_reboot[PID: 1 (init)]: magic1:fee1dead, magic2:28121969, cmd:0
init started: BusyBox v1.14.1 (2024-07-07 02:43:58 CEST)
starting pid 48, tty '': '/etc/init.d/rcS'
[   32.967683] firmadyne: do_execve: /firmadyne/console
[   32.968413] OFFSETS: offset of pid: 0x198 offset of comm: 0x278
[   41.539861] cfg80211: Calling CRDA to update world regulatory domain
[/etc/init.d/S03config.sh]
Mounting proc and var ...
[   44.685350] cfg80211: Calling CRDA to update world regulatory domain
SymbLink /dev/mtdblock/0
SymbLink /dev/mtdblock/1
SymbLink /dev/mtdblock/10
SymbLink /dev/mtdblock/2
SymbLink /dev/mtdblock/3
SymbLink /dev/mtdblock/4
SymbLink /dev/mtdblock/5
SymbLink /dev/mtdblock/6
SymbLink /dev/mtdblock/7
SymbLink /dev/mtdblock/8
SymbLink /dev/mtdblock/9
Inserting kernel modules ...
Inserting Rebootm ...
Inserting atheros ethernet ...
[   47.829557] cfg80211: Calling CRDA to update world regulatory domain
Inserting gpio ...
done.
[   48.000574] random: nonblocking pool is initialized
[   50.973899] cfg80211: Calling CRDA to update world regulatory domain
[   57.022966] cfg80211: Calling CRDA to update world regulatory domain
Start xmldb ...
[   57.235716] firmadyne: sys_socket[PID: 149 (xmldb)]: family:1, type:2, protocol:0
[/etc/scripts/misc/profile.sh] get ...
DEVCONF: unable to read config data (ret=-3) !
CAN NOT get devive config, generate default!
[/etc/scripts/misc/profile.sh] reset ...
[   74.516819] cfg80211: Exceeded CRDA call max attempts. Not calling CRDA
[   74.536797] firmadyne: sys_socket[PID: 161 (rgdb)]: family:1, type:2, protocol:0
[/etc/scripts/misc/defnodes.sh] ...
[/etc/defnodes/S10setext.sh] ...
[   74.969927] firmadyne: sys_socket[PID: 167 (xmldbc)]: family:1, type:2, protocol:0
[   75.031297] firmadyne: sys_socket[PID: 168 (xmldbc)]: family:1, type:2, protocol:0
[   82.551885] firmadyne: sys_socket[PID: 169 (xmldbc)]: family:1, type:2, protocol:0
[   82.613564] firmadyne: sys_socket[PID: 170 (xmldbc)]: family:1, type:2, protocol:0
[   82.675212] firmadyne: sys_socket[PID: 171 (xmldbc)]: family:1, type:2, protocol:0
[   82.737813] firmadyne: sys_socket[PID: 172 (xmldbc)]: family:1, type:2, protocol:0
[   87.020147] firmadyne: sys_socket[PID: 173 (xmldbc)]: family:1, type:2, protocol:0
[   87.082894] firmadyne: sys_socket[PID: 174 (xmldbc)]: family:1, type:2, protocol:0
[   87.144615] firmadyne: sys_socket[PID: 175 (xmldbc)]: family:1, type:2, protocol:0
[   87.207779] firmadyne: sys_socket[PID: 176 (xmldbc)]: family:1, type:2, protocol:0
[   97.720116] firmadyne: sys_socket[PID: 177 (xmldbc)]: family:1, type:2, protocol:0
[   97.783783] firmadyne: sys_socket[PID: 178 (xmldbc)]: family:1, type:2, protocol:0
[   97.845589] firmadyne: sys_socket[PID: 179 (xmldbc)]: family:1, type:2, protocol:0
[   97.908094] firmadyne: sys_socket[PID: 180 (xmldbc)]: family:1, type:2, protocol:0
[  102.802652] firmadyne: sys_socket[PID: 181 (xmldbc)]: family:1, type:2, protocol:0
[  102.866404] firmadyne: sys_socket[PID: 182 (xmldbc)]: family:1, type:2, protocol:0
[  102.930059] firmadyne: sys_socket[PID: 183 (xmldbc)]: family:1, type:2, protocol:0
[  102.994620] firmadyne: sys_socket[PID: 184 (xmldbc)]: family:1, type:2, protocol:0
[  105.154741] firmadyne: sys_socket[PID: 185 (xmldbc)]: family:1, type:2, protocol:0
[  105.217540] firmadyne: sys_socket[PID: 186 (xmldbc)]: family:1, type:2, protocol:0
[  105.279408] firmadyne: sys_socket[PID: 187 (xmldbc)]: family:1, type:2, protocol:0
[  105.343430] firmadyne: sys_socket[PID: 188 (rgdb)]: family:1, type:2, protocol:0
[  114.842689] firmadyne: sys_socket[PID: 189 (rgdb)]: family:1, type:2, protocol:0
[  114.906954] firmadyne: sys_socket[PID: 190 (rgdb)]: family:1, type:2, protocol:0
[  114.969892] firmadyne: sys_socket[PID: 191 (rgdb)]: family:1, type:2, protocol:0
[  136.423108] firmadyne: sys_socket[PID: 192 (rgdb)]: family:1, type:2, protocol:0
[  136.487022] firmadyne: sys_socket[PID: 193 (rgdb)]: family:1, type:2, protocol:0
[  136.550219] firmadyne: sys_socket[PID: 194 (rgdb)]: family:1, type:2, protocol:0
[  136.611855] firmadyne: sys_socket[PID: 195 (rgdb)]: family:1, type:2, protocol:0
[  156.200173] firmadyne: sys_socket[PID: 196 (rgdb)]: family:1, type:2, protocol:0
[  156.263680] firmadyne: sys_socket[PID: 197 (rgdb)]: family:1, type:2, protocol:0
[  156.325522] firmadyne: sys_socket[PID: 198 (rgdb)]: family:1, type:2, protocol:0
[  156.386913] firmadyne: sys_socket[PID: 199 (rgdb)]: family:1, type:2, protocol:0
[  174.048681] firmadyne: sys_socket[PID: 200 (rgdb)]: family:1, type:2, protocol:0
[  174.111835] firmadyne: sys_socket[PID: 201 (rgdb)]: family:1, type:2, protocol:0
[  174.249751] firmadyne: sys_socket[PID: 203 (xmldbc)]: family:1, type:2, protocol:0
[  174.311449] firmadyne: sys_socket[PID: 204 (xmldbc)]: family:1, type:2, protocol:0
[  178.619722] firmadyne: sys_socket[PID: 205 (xmldbc)]: family:1, type:2, protocol:0
[  178.682987] firmadyne: sys_socket[PID: 206 (xmldbc)]: family:1, type:2, protocol:0
[  178.745430] firmadyne: sys_socket[PID: 207 (xmldbc)]: family:1, type:2, protocol:0
[  178.808309] firmadyne: sys_socket[PID: 208 (xmldbc)]: family:1, type:2, protocol:0
[  179.309646] firmadyne: sys_socket[PID: 209 (xmldbc)]: family:1, type:2, protocol:0
[  179.372641] firmadyne: sys_socket[PID: 210 (xmldbc)]: family:1, type:2, protocol:0
[  179.434900] firmadyne: sys_socket[PID: 211 (xmldbc)]: family:1, type:2, protocol:0
[  179.498731] firmadyne: sys_socket[PID: 212 (xmldbc)]: family:1, type:2, protocol:0
[  190.680187] firmadyne: sys_socket[PID: 213 (xmldbc)]: family:1, type:2, protocol:0
[  190.744706] firmadyne: sys_socket[PID: 214 (xmldbc)]: family:1, type:2, protocol:0
[  190.807543] firmadyne: sys_socket[PID: 215 (xmldbc)]: family:1, type:2, protocol:0
[  190.872023] firmadyne: sys_socket[PID: 216 (xmldbc)]: family:1, type:2, protocol:0
[  211.571139] firmadyne: sys_socket[PID: 217 (xmldbc)]: family:1, type:2, protocol:0
[  211.635402] firmadyne: sys_socket[PID: 218 (xmldbc)]: family:1, type:2, protocol:0
[  211.698314] firmadyne: sys_socket[PID: 219 (xmldbc)]: family:1, type:2, protocol:0
[  211.762063] firmadyne: sys_socket[PID: 220 (xmldbc)]: family:1, type:2, protocol:0
[  243.848080] firmadyne: sys_socket[PID: 225 (xmldbc)]: family:1, type:2, protocol:0
[  243.911334] firmadyne: sys_socket[PID: 226 (xmldbc)]: family:1, type:2, protocol:0
[  243.972699] firmadyne: sys_socket[PID: 227 (xmldbc)]: family:1, type:2, protocol:0
[  244.036157] firmadyne: sys_socket[PID: 228 (xmldbc)]: family:1, type:2, protocol:0
[  262.955165] firmadyne: sys_socket[PID: 229 (xmldbc)]: family:1, type:2, protocol:0
[  263.018096] firmadyne: sys_socket[PID: 230 (xmldbc)]: family:1, type:2, protocol:0
[  263.079560] firmadyne: sys_socket[PID: 231 (xmldbc)]: family:1, type:2, protocol:0
[  263.142538] firmadyne: sys_socket[PID: 232 (xmldbc)]: family:1, type:2, protocol:0
[  269.611785] firmadyne: sys_socket[PID: 233 (xmldbc)]: family:1, type:2, protocol:0
[  269.674456] firmadyne: sys_socket[PID: 234 (xmldbc)]: family:1, type:2, protocol:0
[  269.736161] firmadyne: sys_socket[PID: 235 (xmldbc)]: family:1, type:2, protocol:0
[  269.800305] firmadyne: sys_socket[PID: 236 (xmldbc)]: family:1, type:2, protocol:0
[  269.940845] firmadyne: sys_socket[PID: 237 (xmldbc)]: family:1, type:2, protocol:0
[  270.005402] firmadyne: sys_socket[PID: 238 (xmldbc)]: family:1, type:2, protocol:0
[  270.067840] firmadyne: sys_socket[PID: 239 (xmldbc)]: family:1, type:2, protocol:0
[  270.129504] firmadyne: sys_socket[PID: 240 (xmldbc)]: family:1, type:2, protocol:0
[  270.267609] firmadyne: sys_socket[PID: 241 (xmldbc)]: family:1, type:2, protocol:0
[  270.328930] firmadyne: sys_socket[PID: 242 (xmldbc)]: family:1, type:2, protocol:0
[  270.390892] firmadyne: sys_socket[PID: 243 (xmldbc)]: family:1, type:2, protocol:0
[  270.621925] firmadyne: sys_socket[PID: 247 (xmldbc)]: family:1, type:2, protocol:0
[  270.683074] firmadyne: sys_socket[PID: 248 (xmldbc)]: family:1, type:2, protocol:0
[  270.744840] firmadyne: sys_socket[PID: 249 (xmldbc)]: family:1, type:2, protocol:0
[  270.806312] firmadyne: sys_socket[PID: 250 (xmldbc)]: family:1, type:2, protocol:0
[  270.948805] firmadyne: sys_socket[PID: 251 (xmldbc)]: family:1, type:2, protocol:0
[  271.010585] firmadyne: sys_socket[PID: 252 (xmldbc)]: family:1, type:2, protocol:0
[  271.075238] firmadyne: sys_socket[PID: 253 (xmldbc)]: family:1, type:2, protocol:0
[  271.136337] firmadyne: sys_socket[PID: 254 (xmldbc)]: family:1, type:2, protocol:0
[  271.277891] firmadyne: sys_socket[PID: 255 (xmldbc)]: family:1, type:2, protocol:0
[  271.339129] firmadyne: sys_socket[PID: 256 (xmldbc)]: family:1, type:2, protocol:0
[  271.400203] firmadyne: sys_socket[PID: 257 (xmldbc)]: family:1, type:2, protocol:0
[  271.461898] firmadyne: sys_socket[PID: 258 (xmldbc)]: family:1, type:2, protocol:0
[  271.617378] firmadyne: sys_socket[PID: 259 (xmldbc)]: family:1, type:2, protocol:0
[  271.680264] firmadyne: sys_socket[PID: 260 (xmldbc)]: family:1, type:2, protocol:0
[  271.742858] firmadyne: sys_socket[PID: 261 (xmldbc)]: family:1, type:2, protocol:0
[  271.806413] firmadyne: sys_socket[PID: 262 (xmldbc)]: family:1, type:2, protocol:0
[  271.951541] firmadyne: sys_socket[PID: 263 (xmldbc)]: family:1, type:2, protocol:0
[  272.012723] firmadyne: sys_socket[PID: 264 (xmldbc)]: family:1, type:2, protocol:0
[  272.075573] firmadyne: sys_socket[PID: 265 (xmldbc)]: family:1, type:2, protocol:0
[  272.220574] firmadyne: sys_socket[PID: 269 (xmldbc)]: family:1, type:2, protocol:0
[  272.315205] firmadyne: sys_socket[PID: 270 (xmldbc)]: family:1, type:2, protocol:0
[  272.378488] firmadyne: sys_socket[PID: 271 (xmldbc)]: family:1, type:2, protocol:0
[  272.439993] firmadyne: sys_socket[PID: 272 (xmldbc)]: family:1, type:2, protocol:0
[  272.501858] firmadyne: sys_socket[PID: 273 (xmldbc)]: family:1, type:2, protocol:0
[  272.663218] firmadyne: sys_socket[PID: 274 (xmldbc)]: family:1, type:2, protocol:0
[  272.725785] firmadyne: sys_socket[PID: 275 (xmldbc)]: family:1, type:2, protocol:0
[  272.789794] firmadyne: sys_socket[PID: 276 (xmldbc)]: family:1, type:2, protocol:0
[  272.851649] firmadyne: sys_socket[PID: 277 (xmldbc)]: family:1, type:2, protocol:0
[  272.966156] firmadyne: sys_socket[PID: 278 (xmldbc)]: family:1, type:2, protocol:0
[  273.028137] firmadyne: sys_socket[PID: 279 (xmldbc)]: family:1, type:2, protocol:0
[  273.091866] firmadyne: sys_socket[PID: 280 (xmldbc)]: family:1, type:2, protocol:0
[  273.154412] firmadyne: sys_socket[PID: 281 (xmldbc)]: family:1, type:2, protocol:0
[  273.298283] firmadyne: sys_socket[PID: 282 (xmldbc)]: family:1, type:2, protocol:0
[  273.361816] firmadyne: sys_socket[PID: 283 (xmldbc)]: family:1, type:2, protocol:0
[  273.424337] firmadyne: sys_socket[PID: 284 (xmldbc)]: family:1, type:2, protocol:0
[  273.487134] firmadyne: sys_socket[PID: 285 (xmldbc)]: family:1, type:2, protocol:0
[  273.632889] firmadyne: sys_socket[PID: 286 (xmldbc)]: family:1, type:2, protocol:0
[  273.694757] firmadyne: sys_socket[PID: 287 (xmldbc)]: family:1, type:2, protocol:0
[  273.841931] firmadyne: sys_socket[PID: 291 (xmldbc)]: family:1, type:2, protocol:0
[  273.902645] firmadyne: sys_socket[PID: 292 (xmldbc)]: family:1, type:2, protocol:0
[  274.049203] firmadyne: sys_socket[PID: 293 (xmldbc)]: family:1, type:2, protocol:0
[  274.113434] firmadyne: sys_socket[PID: 294 (xmldbc)]: family:1, type:2, protocol:0
[  274.182376] firmadyne: sys_socket[PID: 295 (xmldbc)]: family:1, type:2, protocol:0
[  274.246832] firmadyne: sys_socket[PID: 296 (xmldbc)]: family:1, type:2, protocol:0
[  274.386428] firmadyne: sys_socket[PID: 297 (xmldbc)]: family:1, type:2, protocol:0
[  274.449467] firmadyne: sys_socket[PID: 298 (xmldbc)]: family:1, type:2, protocol:0
[  274.511669] firmadyne: sys_socket[PID: 299 (xmldbc)]: family:1, type:2, protocol:0
[  274.567979] firmadyne: sys_socket[PID: 300 (xmldbc)]: family:1, type:2, protocol:0
[  274.630645] firmadyne: sys_socket[PID: 301 (xmldbc)]: family:1, type:2, protocol:0
[  274.767234] firmadyne: sys_socket[PID: 302 (xmldbc)]: family:1, type:2, protocol:0
[  274.830305] firmadyne: sys_socket[PID: 303 (xmldbc)]: family:1, type:2, protocol:0
[  274.892174] firmadyne: sys_socket[PID: 304 (xmldbc)]: family:1, type:2, protocol:0
[  274.954337] firmadyne: sys_socket[PID: 305 (xmldbc)]: family:1, type:2, protocol:0
[  275.094792] firmadyne: sys_socket[PID: 306 (xmldbc)]: family:1, type:2, protocol:0
[  275.155928] firmadyne: sys_socket[PID: 307 (xmldbc)]: family:1, type:2, protocol:0
[  275.217336] firmadyne: sys_socket[PID: 308 (xmldbc)]: family:1, type:2, protocol:0
[  275.346376] firmadyne: sys_socket[PID: 309 (xmldbc)]: family:1, type:2, protocol:0
[  275.492215] firmadyne: sys_socket[PID: 313 (xmldbc)]: family:1, type:2, protocol:0
[  275.552854] firmadyne: sys_socket[PID: 314 (xmldbc)]: family:1, type:2, protocol:0
[  275.614689] firmadyne: sys_socket[PID: 315 (xmldbc)]: family:1, type:2, protocol:0
[  275.752901] firmadyne: sys_socket[PID: 316 (xmldbc)]: family:1, type:2, protocol:0
[  275.809345] firmadyne: sys_socket[PID: 317 (xmldbc)]: family:1, type:2, protocol:0
[  275.871364] firmadyne: sys_socket[PID: 318 (xmldbc)]: family:1, type:2, protocol:0
[  275.932548] firmadyne: sys_socket[PID: 319 (xmldbc)]: family:1, type:2, protocol:0
[  275.994436] firmadyne: sys_socket[PID: 320 (xmldbc)]: family:1, type:2, protocol:0
[  276.113781] firmadyne: sys_socket[PID: 321 (xmldbc)]: family:1, type:2, protocol:0
[  276.175639] firmadyne: sys_socket[PID: 322 (xmldbc)]: family:1, type:2, protocol:0
[  276.238459] firmadyne: sys_socket[PID: 323 (xmldbc)]: family:1, type:2, protocol:0
[  276.299676] firmadyne: sys_socket[PID: 324 (xmldbc)]: family:1, type:2, protocol:0
[  281.172475] firmadyne: sys_socket[PID: 325 (xmldbc)]: family:1, type:2, protocol:0
[  281.235808] firmadyne: sys_socket[PID: 326 (xmldbc)]: family:1, type:2, protocol:0
[  281.297732] firmadyne: sys_socket[PID: 327 (xmldbc)]: family:1, type:2, protocol:0
[  281.359512] firmadyne: sys_socket[PID: 328 (xmldbc)]: family:1, type:2, protocol:0
[  297.219981] firmadyne: sys_socket[PID: 329 (xmldbc)]: family:1, type:2, protocol:0
[  297.283978] firmadyne: sys_socket[PID: 330 (xmldbc)]: family:1, type:2, protocol:0
[  297.346155] firmadyne: sys_socket[PID: 331 (xmldbc)]: family:1, type:2, protocol:0
[  297.488832] firmadyne: sys_socket[PID: 335 (xmldbc)]: family:1, type:2, protocol:0
[  297.550035] firmadyne: sys_socket[PID: 336 (xmldbc)]: family:1, type:2, protocol:0
[  308.205597] firmadyne: sys_socket[PID: 337 (xmldbc)]: family:1, type:2, protocol:0
[  308.270356] firmadyne: sys_socket[PID: 338 (xmldbc)]: family:1, type:2, protocol:0
[  308.327078] firmadyne: sys_socket[PID: 339 (xmldbc)]: family:1, type:2, protocol:0
[  308.390807] firmadyne: sys_socket[PID: 340 (xmldbc)]: family:1, type:2, protocol:0
[  308.453337] firmadyne: sys_socket[PID: 341 (xmldbc)]: family:1, type:2, protocol:0
[  313.785949] firmadyne: sys_socket[PID: 342 (xmldbc)]: family:1, type:2, protocol:0
[  313.849318] firmadyne: sys_socket[PID: 343 (xmldbc)]: family:1, type:2, protocol:0
[  313.911927] firmadyne: sys_socket[PID: 344 (xmldbc)]: family:1, type:2, protocol:0
[  313.975627] firmadyne: sys_socket[PID: 345 (xmldbc)]: family:1, type:2, protocol:0
[  325.589334] firmadyne: sys_socket[PID: 346 (xmldbc)]: family:1, type:2, protocol:0
[  325.651554] firmadyne: sys_socket[PID: 347 (xmldbc)]: family:1, type:2, protocol:0
[  325.713536] firmadyne: sys_socket[PID: 348 (xmldbc)]: family:1, type:2, protocol:0
[  325.778781] firmadyne: sys_socket[PID: 349 (xmldbc)]: family:1, type:2, protocol:0
[  337.244031] firmadyne: sys_socket[PID: 350 (xmldbc)]: family:1, type:2, protocol:0
[  337.307456] firmadyne: sys_socket[PID: 351 (xmldbc)]: family:1, type:2, protocol:0
[  337.369785] firmadyne: sys_socket[PID: 352 (xmldbc)]: family:1, type:2, protocol:0
[  337.433424] firmadyne: sys_socket[PID: 353 (xmldbc)]: family:1, type:2, protocol:0
[  340.666921] firmadyne: sys_socket[PID: 357 (xmldbc)]: family:1, type:2, protocol:0
[  340.729200] firmadyne: sys_socket[PID: 358 (xmldbc)]: family:1, type:2, protocol:0
[  340.790873] firmadyne: sys_socket[PID: 359 (xmldbc)]: family:1, type:2, protocol:0
[  340.854292] firmadyne: sys_socket[PID: 360 (xmldbc)]: family:1, type:2, protocol:0
[  352.343090] firmadyne: sys_socket[PID: 361 (xmldbc)]: family:1, type:2, protocol:0
[  352.400697] firmadyne: sys_socket[PID: 362 (xmldbc)]: family:1, type:2, protocol:0
[  352.463588] firmadyne: sys_socket[PID: 363 (xmldbc)]: family:1, type:2, protocol:0
[  352.527157] firmadyne: sys_socket[PID: 364 (xmldbc)]: family:1, type:2, protocol:0
[  352.589217] firmadyne: sys_socket[PID: 365 (xmldbc)]: family:1, type:2, protocol:0
[  372.907962] firmadyne: sys_socket[PID: 366 (xmldbc)]: family:1, type:2, protocol:0
[  372.970610] firmadyne: sys_socket[PID: 367 (xmldbc)]: family:1, type:2, protocol:0
[  373.032638] firmadyne: sys_socket[PID: 368 (xmldbc)]: family:1, type:2, protocol:0
[  388.801381] firmadyne: sys_socket[PID: 369 (xmldbc)]: family:1, type:2, protocol:0
[  388.864701] firmadyne: sys_socket[PID: 370 (xmldbc)]: family:1, type:2, protocol:0
[  388.926885] firmadyne: sys_socket[PID: 371 (xmldbc)]: family:1, type:2, protocol:0
[  388.989161] firmadyne: sys_socket[PID: 372 (xmldbc)]: family:1, type:2, protocol:0
[  400.803009] firmadyne: sys_socket[PID: 373 (xmldbc)]: family:1, type:2, protocol:0
[  400.868184] firmadyne: sys_socket[PID: 374 (xmldbc)]: family:1, type:2, protocol:0
[  400.930824] firmadyne: sys_socket[PID: 375 (xmldbc)]: family:1, type:2, protocol:0
[  401.076873] firmadyne: sys_socket[PID: 379 (xmldbc)]: family:1, type:2, protocol:0
[  416.936125] firmadyne: sys_socket[PID: 380 (xmldbc)]: family:1, type:2, protocol:0
[  417.000832] firmadyne: sys_socket[PID: 381 (xmldbc)]: family:1, type:2, protocol:0
[  417.063556] firmadyne: sys_socket[PID: 382 (xmldbc)]: family:1, type:2, protocol:0
[  417.124682] firmadyne: sys_socket[PID: 383 (xmldbc)]: family:1, type:2, protocol:0
[  428.804260] firmadyne: sys_socket[PID: 384 (xmldbc)]: family:1, type:2, protocol:0
[  428.867973] firmadyne: sys_socket[PID: 385 (xmldbc)]: family:1, type:2, protocol:0
[  428.929830] firmadyne: sys_socket[PID: 386 (xmldbc)]: family:1, type:2, protocol:0
[  428.991958] firmadyne: sys_socket[PID: 387 (xmldbc)]: family:1, type:2, protocol:0
[  437.359192] firmadyne: sys_socket[PID: 388 (xmldbc)]: family:1, type:2, protocol:0
[  437.422637] firmadyne: sys_socket[PID: 389 (xmldbc)]: family:1, type:2, protocol:0
[  437.484259] firmadyne: sys_socket[PID: 390 (xmldbc)]: family:1, type:2, protocol:0
[  437.547436] firmadyne: sys_socket[PID: 391 (xmldbc)]: family:1, type:2, protocol:0
[  444.091403] firmadyne: sys_socket[PID: 392 (xmldbc)]: family:1, type:2, protocol:0
[  444.155479] firmadyne: sys_socket[PID: 393 (xmldbc)]: family:1, type:2, protocol:0
[  444.218131] firmadyne: sys_socket[PID: 394 (xmldbc)]: family:1, type:2, protocol:0
[  444.282253] firmadyne: sys_socket[PID: 395 (xmldbc)]: family:1, type:2, protocol:0
[  459.367035] firmadyne: sys_socket[PID: 396 (xmldbc)]: family:1, type:2, protocol:0
[  459.429628] firmadyne: sys_socket[PID: 397 (xmldbc)]: family:1, type:2, protocol:0
[  459.575542] firmadyne: sys_socket[PID: 401 (xmldbc)]: family:1, type:2, protocol:0
[  459.637635] firmadyne: sys_socket[PID: 402 (xmldbc)]: family:1, type:2, protocol:0
[  459.693413] firmadyne: sys_socket[PID: 403 (xmldbc)]: family:1, type:2, protocol:0
[  466.736291] firmadyne: sys_socket[PID: 404 (xmldbc)]: family:1, type:2, protocol:0
[  466.798922] firmadyne: sys_socket[PID: 405 (xmldbc)]: family:1, type:2, protocol:0
[  466.860477] firmadyne: sys_socket[PID: 406 (xmldbc)]: family:1, type:2, protocol:0
[  466.924198] firmadyne: sys_socket[PID: 407 (xmldbc)]: family:1, type:2, protocol:0
[  474.588345] firmadyne: sys_socket[PID: 408 (xmldbc)]: family:1, type:2, protocol:0
[  474.646554] firmadyne: sys_socket[PID: 409 (xmldbc)]: family:1, type:2, protocol:0
[  474.702946] firmadyne: sys_socket[PID: 410 (xmldbc)]: family:1, type:2, protocol:0
[  474.766285] firmadyne: sys_socket[PID: 411 (xmldbc)]: family:1, type:2, protocol:0
[  474.830324] firmadyne: sys_socket[PID: 412 (xmldbc)]: family:1, type:2, protocol:0
[  474.892301] firmadyne: sys_socket[PID: 413 (xmldbc)]: family:1, type:2, protocol:0
[  486.516156] firmadyne: sys_socket[PID: 414 (xmldbc)]: family:1, type:2, protocol:0
[  486.578819] firmadyne: sys_socket[PID: 415 (xmldbc)]: family:1, type:2, protocol:0
[  486.638979] firmadyne: sys_socket[PID: 416 (xmldbc)]: family:1, type:2, protocol:0
[  486.700402] firmadyne: sys_socket[PID: 417 (xmldbc)]: family:1, type:2, protocol:0
[  491.083406] firmadyne: sys_socket[PID: 418 (xmldbc)]: family:1, type:2, protocol:0
[  491.147075] firmadyne: sys_socket[PID: 419 (xmldbc)]: family:1, type:2, protocol:0
[  491.294840] firmadyne: sys_socket[PID: 423 (xmldbc)]: family:1, type:2, protocol:0
[  491.356080] firmadyne: sys_socket[PID: 424 (xmldbc)]: family:1, type:2, protocol:0
[  498.717350] firmadyne: sys_socket[PID: 425 (xmldbc)]: family:1, type:2, protocol:0
[  498.781192] firmadyne: sys_socket[PID: 426 (xmldbc)]: family:1, type:2, protocol:0
[  498.843031] firmadyne: sys_socket[PID: 427 (xmldbc)]: family:1, type:2, protocol:0
[  498.906736] firmadyne: sys_socket[PID: 428 (xmldbc)]: family:1, type:2, protocol:0
[  506.426031] firmadyne: sys_socket[PID: 429 (xmldbc)]: family:1, type:2, protocol:0
[  506.488302] firmadyne: sys_socket[PID: 430 (xmldbc)]: family:1, type:2, protocol:0
[  506.550400] firmadyne: sys_socket[PID: 431 (xmldbc)]: family:1, type:2, protocol:0
[  506.670771] firmadyne: sys_socket[PID: 432 (xmldbc)]: family:1, type:2, protocol:0
[  506.727397] firmadyne: sys_socket[PID: 433 (xmldbc)]: family:1, type:2, protocol:0
[  506.790228] firmadyne: sys_socket[PID: 434 (xmldbc)]: family:1, type:2, protocol:0
[  506.851800] firmadyne: sys_socket[PID: 435 (xmldbc)]: family:1, type:2, protocol:0
[  506.914467] firmadyne: sys_socket[PID: 436 (xmldbc)]: family:1, type:2, protocol:0
[  507.035677] firmadyne: sys_socket[PID: 437 (xmldbc)]: family:1, type:2, protocol:0
[  507.098618] firmadyne: sys_socket[PID: 438 (xmldbc)]: family:1, type:2, protocol:0
[  507.160202] firmadyne: sys_socket[PID: 439 (xmldbc)]: family:1, type:2, protocol:0
[  507.223792] firmadyne: sys_socket[PID: 440 (xmldbc)]: family:1, type:2, protocol:0
[  507.351784] firmadyne: sys_socket[PID: 441 (xmldbc)]: family:1, type:2, protocol:0
[  507.498758] firmadyne: sys_socket[PID: 445 (xmldbc)]: family:1, type:2, protocol:0
[  507.560632] firmadyne: sys_socket[PID: 446 (xmldbc)]: family:1, type:2, protocol:0
[  507.623718] firmadyne: sys_socket[PID: 447 (xmldbc)]: family:1, type:2, protocol:0
[  507.743279] firmadyne: sys_socket[PID: 448 (xmldbc)]: family:1, type:2, protocol:0
[  507.806388] firmadyne: sys_socket[PID: 449 (xmldbc)]: family:1, type:2, protocol:0
[  507.867808] firmadyne: sys_socket[PID: 450 (xmldbc)]: family:1, type:2, protocol:0
[  507.929584] firmadyne: sys_socket[PID: 451 (xmldbc)]: family:1, type:2, protocol:0
[  508.061183] firmadyne: sys_socket[PID: 452 (xmldbc)]: family:1, type:2, protocol:0
[  508.122952] firmadyne: sys_socket[PID: 453 (xmldbc)]: family:1, type:2, protocol:0
[  508.186378] firmadyne: sys_socket[PID: 454 (xmldbc)]: family:1, type:2, protocol:0
[  508.249762] firmadyne: sys_socket[PID: 455 (xmldbc)]: family:1, type:2, protocol:0
[  508.381889] firmadyne: sys_socket[PID: 456 (xmldbc)]: family:1, type:2, protocol:0
[  508.444055] firmadyne: sys_socket[PID: 457 (xmldbc)]: family:1, type:2, protocol:0
[  508.507039] firmadyne: sys_socket[PID: 458 (xmldbc)]: family:1, type:2, protocol:0
[  508.569547] firmadyne: sys_socket[PID: 459 (xmldbc)]: family:1, type:2, protocol:0
[  508.702530] firmadyne: sys_socket[PID: 460 (xmldbc)]: family:1, type:2, protocol:0
[  508.765432] firmadyne: sys_socket[PID: 461 (xmldbc)]: family:1, type:2, protocol:0
[  508.823487] firmadyne: sys_socket[PID: 462 (xmldbc)]: family:1, type:2, protocol:0
[  508.883900] firmadyne: sys_socket[PID: 463 (xmldbc)]: family:1, type:2, protocol:0
[  509.029984] firmadyne: sys_socket[PID: 467 (xmldbc)]: family:1, type:2, protocol:0
[  509.159143] firmadyne: sys_socket[PID: 468 (xmldbc)]: family:1, type:2, protocol:0
[  509.222371] firmadyne: sys_socket[PID: 469 (xmldbc)]: family:1, type:2, protocol:0
[  509.285773] firmadyne: sys_socket[PID: 470 (xmldbc)]: family:1, type:2, protocol:0
[  509.347173] firmadyne: sys_socket[PID: 471 (xmldbc)]: family:1, type:2, protocol:0
[  509.479157] firmadyne: sys_socket[PID: 472 (xmldbc)]: family:1, type:2, protocol:0
[  509.540486] firmadyne: sys_socket[PID: 473 (xmldbc)]: family:1, type:2, protocol:0
[  509.604139] firmadyne: sys_socket[PID: 474 (xmldbc)]: family:1, type:2, protocol:0
[  509.665981] firmadyne: sys_socket[PID: 475 (xmldbc)]: family:1, type:2, protocol:0
[  509.798123] firmadyne: sys_socket[PID: 476 (xmldbc)]: family:1, type:2, protocol:0
[  509.860031] firmadyne: sys_socket[PID: 477 (xmldbc)]: family:1, type:2, protocol:0
[  509.922764] firmadyne: sys_socket[PID: 478 (xmldbc)]: family:1, type:2, protocol:0
[  509.985570] firmadyne: sys_socket[PID: 479 (xmldbc)]: family:1, type:2, protocol:0
[  510.115563] firmadyne: sys_socket[PID: 480 (xmldbc)]: family:1, type:2, protocol:0
[  510.178699] firmadyne: sys_socket[PID: 481 (xmldbc)]: family:1, type:2, protocol:0
[  510.241369] firmadyne: sys_socket[PID: 482 (xmldbc)]: family:1, type:2, protocol:0
[  510.304601] firmadyne: sys_socket[PID: 483 (xmldbc)]: family:1, type:2, protocol:0
[  510.437476] firmadyne: sys_socket[PID: 484 (xmldbc)]: family:1, type:2, protocol:0
[  510.499474] firmadyne: sys_socket[PID: 485 (xmldbc)]: family:1, type:2, protocol:0
[  510.646449] firmadyne: sys_socket[PID: 489 (xmldbc)]: family:1, type:2, protocol:0
[  510.708063] firmadyne: sys_socket[PID: 490 (xmldbc)]: family:1, type:2, protocol:0
[  510.839781] firmadyne: sys_socket[PID: 491 (xmldbc)]: family:1, type:2, protocol:0
[  510.901789] firmadyne: sys_socket[PID: 492 (xmldbc)]: family:1, type:2, protocol:0
[  510.963380] firmadyne: sys_socket[PID: 493 (xmldbc)]: family:1, type:2, protocol:0
[  511.026501] firmadyne: sys_socket[PID: 494 (xmldbc)]: family:1, type:2, protocol:0
[  511.167473] firmadyne: sys_socket[PID: 495 (xmldbc)]: family:1, type:2, protocol:0
[  511.232046] firmadyne: sys_socket[PID: 496 (xmldbc)]: family:1, type:2, protocol:0
[  511.294299] firmadyne: sys_socket[PID: 497 (xmldbc)]: family:1, type:2, protocol:0
[  511.354790] firmadyne: sys_socket[PID: 498 (xmldbc)]: family:1, type:2, protocol:0
[  511.484899] firmadyne: sys_socket[PID: 499 (xmldbc)]: family:1, type:2, protocol:0
[  511.544239] firmadyne: sys_socket[PID: 500 (xmldbc)]: family:1, type:2, protocol:0
[  511.603660] firmadyne: sys_socket[PID: 501 (xmldbc)]: family:1, type:2, protocol:0
[  511.666388] firmadyne: sys_socket[PID: 502 (xmldbc)]: family:1, type:2, protocol:0
[  511.794371] firmadyne: sys_socket[PID: 503 (xmldbc)]: family:1, type:2, protocol:0
[  511.857318] firmadyne: sys_socket[PID: 504 (xmldbc)]: family:1, type:2, protocol:0
[  511.918323] firmadyne: sys_socket[PID: 505 (xmldbc)]: family:1, type:2, protocol:0
[  512.048261] firmadyne: sys_socket[PID: 506 (xmldbc)]: family:1, type:2, protocol:0
[  512.108315] firmadyne: sys_socket[PID: 507 (xmldbc)]: family:1, type:2, protocol:0
[  512.247985] firmadyne: sys_socket[PID: 511 (xmldbc)]: family:1, type:2, protocol:0
[  512.309319] firmadyne: sys_socket[PID: 512 (xmldbc)]: family:1, type:2, protocol:0
[  512.439083] firmadyne: sys_socket[PID: 513 (xmldbc)]: family:1, type:2, protocol:0
[  512.500770] firmadyne: sys_socket[PID: 514 (xmldbc)]: family:1, type:2, protocol:0
[  512.561518] firmadyne: sys_socket[PID: 515 (xmldbc)]: family:1, type:2, protocol:0
[  512.620676] firmadyne: sys_socket[PID: 516 (xmldbc)]: family:1, type:2, protocol:0
[  512.751050] firmadyne: sys_socket[PID: 517 (xmldbc)]: family:1, type:2, protocol:0
[  512.810080] firmadyne: sys_socket[PID: 518 (xmldbc)]: family:1, type:2, protocol:0
[  512.872152] firmadyne: sys_socket[PID: 519 (xmldbc)]: family:1, type:2, protocol:0
[  512.930981] firmadyne: sys_socket[PID: 520 (xmldbc)]: family:1, type:2, protocol:0
[  513.059772] firmadyne: sys_socket[PID: 521 (xmldbc)]: family:1, type:2, protocol:0
[  513.121982] firmadyne: sys_socket[PID: 522 (xmldbc)]: family:1, type:2, protocol:0
[  513.180624] firmadyne: sys_socket[PID: 523 (xmldbc)]: family:1, type:2, protocol:0
[  513.239232] firmadyne: sys_socket[PID: 524 (xmldbc)]: family:1, type:2, protocol:0
[  513.368598] firmadyne: sys_socket[PID: 525 (xmldbc)]: family:1, type:2, protocol:0
[  513.428338] firmadyne: sys_socket[PID: 526 (xmldbc)]: family:1, type:2, protocol:0
[  513.488050] firmadyne: sys_socket[PID: 527 (xmldbc)]: family:1, type:2, protocol:0
[  513.546406] firmadyne: sys_socket[PID: 528 (xmldbc)]: family:1, type:2, protocol:0
[  513.676629] firmadyne: sys_socket[PID: 529 (xmldbc)]: family:1, type:2, protocol:0
[  513.822822] firmadyne: sys_socket[PID: 533 (xmldbc)]: family:1, type:2, protocol:0
[  513.886531] firmadyne: sys_socket[PID: 534 (xmldbc)]: family:1, type:2, protocol:0
[  513.948561] firmadyne: sys_socket[PID: 535 (xmldbc)]: family:1, type:2, protocol:0
[  514.080337] firmadyne: sys_socket[PID: 536 (xmldbc)]: family:1, type:2, protocol:0
[  514.139385] firmadyne: sys_socket[PID: 537 (xmldbc)]: family:1, type:2, protocol:0
[  514.198725] firmadyne: sys_socket[PID: 538 (xmldbc)]: family:1, type:2, protocol:0
[  514.258276] firmadyne: sys_socket[PID: 539 (xmldbc)]: family:1, type:2, protocol:0
[  514.388496] firmadyne: sys_socket[PID: 540 (xmldbc)]: family:1, type:2, protocol:0
[  514.447910] firmadyne: sys_socket[PID: 541 (xmldbc)]: family:1, type:2, protocol:0
[  514.507977] firmadyne: sys_socket[PID: 542 (xmldbc)]: family:1, type:2, protocol:0
[  514.566831] firmadyne: sys_socket[PID: 543 (xmldbc)]: family:1, type:2, protocol:0
[  514.696755] firmadyne: sys_socket[PID: 544 (xmldbc)]: family:1, type:2, protocol:0
[  514.756109] firmadyne: sys_socket[PID: 545 (xmldbc)]: family:1, type:2, protocol:0
[  514.815040] firmadyne: sys_socket[PID: 546 (xmldbc)]: family:1, type:2, protocol:0
[  514.878086] firmadyne: sys_socket[PID: 547 (xmldbc)]: family:1, type:2, protocol:0
[  515.006485] firmadyne: sys_socket[PID: 548 (xmldbc)]: family:1, type:2, protocol:0
[  515.066003] firmadyne: sys_socket[PID: 549 (xmldbc)]: family:1, type:2, protocol:0
[  515.126949] firmadyne: sys_socket[PID: 550 (xmldbc)]: family:1, type:2, protocol:0
[  515.186881] firmadyne: sys_socket[PID: 551 (xmldbc)]: family:1, type:2, protocol:0
[  515.398003] firmadyne: sys_socket[PID: 555 (xmldbc)]: family:1, type:2, protocol:0
[  515.457233] firmadyne: sys_socket[PID: 556 (xmldbc)]: family:1, type:2, protocol:0
[  515.516537] firmadyne: sys_socket[PID: 557 (xmldbc)]: family:1, type:2, protocol:0
[  515.575388] firmadyne: sys_socket[PID: 558 (xmldbc)]: family:1, type:2, protocol:0
[  515.707130] firmadyne: sys_socket[PID: 559 (xmldbc)]: family:1, type:2, protocol:0
[  515.763138] firmadyne: sys_socket[PID: 560 (xmldbc)]: family:1, type:2, protocol:0
[  515.823460] firmadyne: sys_socket[PID: 561 (xmldbc)]: family:1, type:2, protocol:0
[  515.886657] firmadyne: sys_socket[PID: 562 (xmldbc)]: family:1, type:2, protocol:0
[  515.942942] firmadyne: sys_socket[PID: 563 (xmldbc)]: family:1, type:2, protocol:0
[  516.003948] firmadyne: sys_socket[PID: 564 (xmldbc)]: family:1, type:2, protocol:0
[  516.135005] firmadyne: sys_socket[PID: 565 (xmldbc)]: family:1, type:2, protocol:0
[  516.194282] firmadyne: sys_socket[PID: 566 (xmldbc)]: family:1, type:2, protocol:0
[  516.254051] firmadyne: sys_socket[PID: 567 (xmldbc)]: family:1, type:2, protocol:0
[  516.314548] firmadyne: sys_socket[PID: 568 (xmldbc)]: family:1, type:2, protocol:0
[  516.450984] firmadyne: sys_socket[PID: 569 (xmldbc)]: family:1, type:2, protocol:0
[  516.512861] firmadyne: sys_socket[PID: 570 (xmldbc)]: family:1, type:2, protocol:0
[  516.573161] firmadyne: sys_socket[PID: 571 (xmldbc)]: family:1, type:2, protocol:0
[  516.633227] firmadyne: sys_socket[PID: 572 (xmldbc)]: family:1, type:2, protocol:0
[  516.762159] firmadyne: sys_socket[PID: 573 (xmldbc)]: family:1, type:2, protocol:0
[  516.902242] firmadyne: sys_socket[PID: 577 (xmldbc)]: family:1, type:2, protocol:0
[  516.961803] firmadyne: sys_socket[PID: 578 (xmldbc)]: family:1, type:2, protocol:0
[  517.020234] firmadyne: sys_socket[PID: 579 (xmldbc)]: family:1, type:2, protocol:0
[  517.149434] firmadyne: sys_socket[PID: 580 (xmldbc)]: family:1, type:2, protocol:0
[  517.209676] firmadyne: sys_socket[PID: 581 (xmldbc)]: family:1, type:2, protocol:0
[  517.268369] firmadyne: sys_socket[PID: 582 (xmldbc)]: family:1, type:2, protocol:0
[  517.398106] firmadyne: sys_socket[PID: 583 (xmldbc)]: family:1, type:2, protocol:0
[  517.457686] firmadyne: sys_socket[PID: 584 (xmldbc)]: family:1, type:2, protocol:0
[  517.513807] firmadyne: sys_socket[PID: 585 (xmldbc)]: family:1, type:2, protocol:0
[  517.574935] firmadyne: sys_socket[PID: 586 (xmldbc)]: family:1, type:2, protocol:0
[  517.636487] firmadyne: sys_socket[PID: 587 (xmldbc)]: family:1, type:2, protocol:0
[  517.767657] firmadyne: sys_socket[PID: 588 (xmldbc)]: family:1, type:2, protocol:0
[  517.830342] firmadyne: sys_socket[PID: 589 (xmldbc)]: family:1, type:2, protocol:0
[  517.892534] firmadyne: sys_socket[PID: 590 (xmldbc)]: family:1, type:2, protocol:0
[  517.955151] firmadyne: sys_socket[PID: 591 (xmldbc)]: family:1, type:2, protocol:0
[  518.014318] firmadyne: sys_socket[PID: 592 (xmldbc)]: family:1, type:2, protocol:0
[  518.142220] firmadyne: sys_socket[PID: 593 (xmldbc)]: family:1, type:2, protocol:0
[  518.205579] firmadyne: sys_socket[PID: 594 (xmldbc)]: family:1, type:2, protocol:0
[  518.267283] firmadyne: sys_socket[PID: 595 (xmldbc)]: family:1, type:2, protocol:0
[  518.409444] firmadyne: sys_socket[PID: 599 (xmldbc)]: family:1, type:2, protocol:0
[  518.537509] firmadyne: sys_socket[PID: 600 (xmldbc)]: family:1, type:2, protocol:0
[  518.598255] firmadyne: sys_socket[PID: 601 (xmldbc)]: family:1, type:2, protocol:0
[  518.659568] firmadyne: sys_socket[PID: 602 (xmldbc)]: family:1, type:2, protocol:0
[  518.719902] firmadyne: sys_socket[PID: 603 (xmldbc)]: family:1, type:2, protocol:0
[  518.848879] firmadyne: sys_socket[PID: 604 (xmldbc)]: family:1, type:2, protocol:0
[  518.910090] firmadyne: sys_socket[PID: 605 (xmldbc)]: family:1, type:2, protocol:0
[  518.963968] firmadyne: sys_socket[PID: 606 (xmldbc)]: family:1, type:2, protocol:0
[  519.018866] firmadyne: sys_socket[PID: 607 (xmldbc)]: family:1, type:2, protocol:0
[  519.077760] firmadyne: sys_socket[PID: 608 (xmldbc)]: family:1, type:2, protocol:0
[  519.136464] firmadyne: sys_socket[PID: 609 (xmldbc)]: family:1, type:2, protocol:0
[  519.192038] firmadyne: sys_socket[PID: 610 (xmldbc)]: family:1, type:2, protocol:0
[  519.319446] firmadyne: sys_socket[PID: 611 (xmldbc)]: family:1, type:2, protocol:0
[  519.380851] firmadyne: sys_socket[PID: 612 (xmldbc)]: family:1, type:2, protocol:0
[  519.443474] firmadyne: sys_socket[PID: 613 (xmldbc)]: family:1, type:2, protocol:0
[  519.502131] firmadyne: sys_socket[PID: 614 (xmldbc)]: family:1, type:2, protocol:0
[  519.558365] firmadyne: sys_socket[PID: 615 (xmldbc)]: family:1, type:2, protocol:0
[  519.689993] firmadyne: sys_socket[PID: 616 (xmldbc)]: family:1, type:2, protocol:0
[  519.751962] firmadyne: sys_socket[PID: 617 (xmldbc)]: family:1, type:2, protocol:0
[  519.893239] firmadyne: sys_socket[PID: 621 (xmldbc)]: family:1, type:2, protocol:0
[  519.948504] firmadyne: sys_socket[PID: 622 (xmldbc)]: family:1, type:2, protocol:0
[  520.007843] firmadyne: sys_socket[PID: 623 (xmldbc)]: family:1, type:2, protocol:0
[  520.066603] firmadyne: sys_socket[PID: 624 (xmldbc)]: family:1, type:2, protocol:0
[  520.195257] firmadyne: sys_socket[PID: 625 (xmldbc)]: family:1, type:2, protocol:0
[  520.254647] firmadyne: sys_socket[PID: 626 (xmldbc)]: family:1, type:2, protocol:0
[  520.312710] firmadyne: sys_socket[PID: 627 (xmldbc)]: family:1, type:2, protocol:0
[  520.373506] firmadyne: sys_socket[PID: 628 (xmldbc)]: family:1, type:2, protocol:0
[  520.503559] firmadyne: sys_socket[PID: 629 (xmldbc)]: family:1, type:2, protocol:0
[  520.564065] firmadyne: sys_socket[PID: 630 (xmldbc)]: family:1, type:2, protocol:0
[  520.621198] firmadyne: sys_socket[PID: 631 (xmldbc)]: family:1, type:2, protocol:0
[  520.682536] firmadyne: sys_socket[PID: 632 (xmldbc)]: family:1, type:2, protocol:0
[  520.742335] firmadyne: sys_socket[PID: 633 (xmldbc)]: family:1, type:2, protocol:0
[  520.872902] firmadyne: sys_socket[PID: 634 (xmldbc)]: family:1, type:2, protocol:0
[  520.932510] firmadyne: sys_socket[PID: 635 (xmldbc)]: family:1, type:2, protocol:0
[  520.993751] firmadyne: sys_socket[PID: 636 (xmldbc)]: family:1, type:2, protocol:0
[  521.052372] firmadyne: sys_socket[PID: 637 (xmldbc)]: family:1, type:2, protocol:0
[  521.180634] firmadyne: sys_socket[PID: 638 (xmldbc)]: family:1, type:2, protocol:0
[  521.239310] firmadyne: sys_socket[PID: 639 (xmldbc)]: family:1, type:2, protocol:0
[  521.378623] firmadyne: sys_socket[PID: 643 (xmldbc)]: family:1, type:2, protocol:0
[  521.440406] firmadyne: sys_socket[PID: 644 (xmldbc)]: family:1, type:2, protocol:0
[  521.572409] firmadyne: sys_socket[PID: 645 (xmldbc)]: family:1, type:2, protocol:0
[  521.634974] firmadyne: sys_socket[PID: 646 (xmldbc)]: family:1, type:2, protocol:0
[  521.696815] firmadyne: sys_socket[PID: 647 (xmldbc)]: family:1, type:2, protocol:0
[  521.758959] firmadyne: sys_socket[PID: 648 (xmldbc)]: family:1, type:2, protocol:0
[  521.891285] firmadyne: sys_socket[PID: 649 (xmldbc)]: family:1, type:2, protocol:0
[  521.952773] firmadyne: sys_socket[PID: 650 (xmldbc)]: family:1, type:2, protocol:0
[  522.011347] firmadyne: sys_socket[PID: 651 (xmldbc)]: family:1, type:2, protocol:0
[  522.071390] firmadyne: sys_socket[PID: 652 (xmldbc)]: family:1, type:2, protocol:0
[  522.198868] firmadyne: sys_socket[PID: 653 (xmldbc)]: family:1, type:2, protocol:0
[  522.261678] firmadyne: sys_socket[PID: 654 (xmldbc)]: family:1, type:2, protocol:0
[  522.320589] firmadyne: sys_socket[PID: 655 (xmldbc)]: family:1, type:2, protocol:0
[  522.450946] firmadyne: sys_socket[PID: 656 (xmldbc)]: family:1, type:2, protocol:0
[  522.510568] firmadyne: sys_socket[PID: 657 (xmldbc)]: family:1, type:2, protocol:0
[  522.570951] firmadyne: sys_socket[PID: 658 (xmldbc)]: family:1, type:2, protocol:0
[  522.630541] firmadyne: sys_socket[PID: 659 (xmldbc)]: family:1, type:2, protocol:0
[  522.761792] firmadyne: sys_socket[PID: 660 (xmldbc)]: family:1, type:2, protocol:0
[  522.820426] firmadyne: sys_socket[PID: 661 (xmldbc)]: family:1, type:2, protocol:0
[  522.959392] firmadyne: sys_socket[PID: 665 (xmldbc)]: family:1, type:2, protocol:0
[  523.018537] firmadyne: sys_socket[PID: 666 (xmldbc)]: family:1, type:2, protocol:0
[  523.079612] firmadyne: sys_socket[PID: 667 (xmldbc)]: family:1, type:2, protocol:0
[  523.207407] firmadyne: sys_socket[PID: 668 (xmldbc)]: family:1, type:2, protocol:0
[  523.268253] firmadyne: sys_socket[PID: 669 (xmldbc)]: family:1, type:2, protocol:0
[  523.330782] firmadyne: sys_socket[PID: 670 (xmldbc)]: family:1, type:2, protocol:0
[  523.388062] firmadyne: sys_socket[PID: 671 (xmldbc)]: family:1, type:2, protocol:0
[  523.443034] firmadyne: sys_socket[PID: 672 (xmldbc)]: family:1, type:2, protocol:0
[  523.507603] firmadyne: sys_socket[PID: 673 (xmldbc)]: family:1, type:2, protocol:0
[  523.638790] firmadyne: sys_socket[PID: 674 (xmldbc)]: family:1, type:2, protocol:0
[  523.703284] firmadyne: sys_socket[PID: 675 (xmldbc)]: family:1, type:2, protocol:0
[  523.766171] firmadyne: sys_socket[PID: 676 (xmldbc)]: family:1, type:2, protocol:0
[  523.828589] firmadyne: sys_socket[PID: 677 (xmldbc)]: family:1, type:2, protocol:0
[  523.960932] firmadyne: sys_socket[PID: 678 (xmldbc)]: family:1, type:2, protocol:0
[  524.015375] firmadyne: sys_socket[PID: 679 (xmldbc)]: family:1, type:2, protocol:0
[  524.075903] firmadyne: sys_socket[PID: 680 (xmldbc)]: family:1, type:2, protocol:0
[  524.135304] firmadyne: sys_socket[PID: 681 (xmldbc)]: family:1, type:2, protocol:0
[  524.195142] firmadyne: sys_socket[PID: 682 (xmldbc)]: family:1, type:2, protocol:0
[  524.326018] firmadyne: sys_socket[PID: 683 (xmldbc)]: family:1, type:2, protocol:0
[  524.466473] firmadyne: sys_socket[PID: 687 (xmldbc)]: family:1, type:2, protocol:0
[  524.523907] firmadyne: sys_socket[PID: 688 (xmldbc)]: family:1, type:2, protocol:0
[  524.584383] firmadyne: sys_socket[PID: 689 (xmldbc)]: family:1, type:2, protocol:0
[  524.643836] firmadyne: sys_socket[PID: 690 (xmldbc)]: family:1, type:2, protocol:0
[  524.774508] firmadyne: sys_socket[PID: 691 (xmldbc)]: family:1, type:2, protocol:0
[  524.834079] firmadyne: sys_socket[PID: 692 (xmldbc)]: family:1, type:2, protocol:0
[  524.889703] firmadyne: sys_socket[PID: 693 (xmldbc)]: family:1, type:2, protocol:0
[  524.947867] firmadyne: sys_socket[PID: 694 (xmldbc)]: family:1, type:2, protocol:0
[  525.008387] firmadyne: sys_socket[PID: 695 (xmldbc)]: family:1, type:2, protocol:0
[  525.136825] firmadyne: sys_socket[PID: 696 (xmldbc)]: family:1, type:2, protocol:0
[  525.197725] firmadyne: sys_socket[PID: 697 (xmldbc)]: family:1, type:2, protocol:0
[  525.257550] firmadyne: sys_socket[PID: 698 (xmldbc)]: family:1, type:2, protocol:0
[  525.316860] firmadyne: sys_socket[PID: 699 (xmldbc)]: family:1, type:2, protocol:0
[  525.372409] firmadyne: sys_socket[PID: 700 (xmldbc)]: family:1, type:2, protocol:0
[  525.508055] firmadyne: sys_socket[PID: 701 (xmldbc)]: family:1, type:2, protocol:0
[  525.572862] firmadyne: sys_socket[PID: 702 (xmldbc)]: family:1, type:2, protocol:0
[  525.635087] firmadyne: sys_socket[PID: 703 (xmldbc)]: family:1, type:2, protocol:0
[  525.696232] firmadyne: sys_socket[PID: 704 (xmldbc)]: family:1, type:2, protocol:0
[  525.828850] firmadyne: sys_socket[PID: 705 (xmldbc)]: family:1, type:2, protocol:0
[  525.973212] firmadyne: sys_socket[PID: 709 (xmldbc)]: family:1, type:2, protocol:0
[  526.033841] firmadyne: sys_socket[PID: 710 (xmldbc)]: family:1, type:2, protocol:0
[  526.092708] firmadyne: sys_socket[PID: 711 (xmldbc)]: family:1, type:2, protocol:0
[  526.222788] firmadyne: sys_socket[PID: 712 (xmldbc)]: family:1, type:2, protocol:0
[  526.277245] firmadyne: sys_socket[PID: 713 (xmldbc)]: family:1, type:2, protocol:0
[  526.336481] firmadyne: sys_socket[PID: 714 (xmldbc)]: family:1, type:2, protocol:0
[  526.396223] firmadyne: sys_socket[PID: 715 (xmldbc)]: family:1, type:2, protocol:0
[  526.455439] firmadyne: sys_socket[PID: 716 (xmldbc)]: family:1, type:2, protocol:0
[  526.584782] firmadyne: sys_socket[PID: 717 (xmldbc)]: family:1, type:2, protocol:0
[  526.646008] firmadyne: sys_socket[PID: 718 (xmldbc)]: family:1, type:2, protocol:0
[  526.706678] firmadyne: sys_socket[PID: 719 (xmldbc)]: family:1, type:2, protocol:0
[  526.766128] firmadyne: sys_socket[PID: 720 (xmldbc)]: family:1, type:2, protocol:0
[  526.855064] firmadyne: sys_socket[PID: 721 (xmldbc)]: family:1, type:2, protocol:0
[  526.937416] firmadyne: sys_socket[PID: 722 (xmldbc)]: family:1, type:2, protocol:0
[  526.996378] firmadyne: sys_socket[PID: 723 (xmldbc)]: family:1, type:2, protocol:0
[  527.057338] firmadyne: sys_socket[PID: 724 (xmldbc)]: family:1, type:2, protocol:0
[  527.114988] firmadyne: sys_socket[PID: 725 (xmldbc)]: family:1, type:2, protocol:0
[  527.173348] firmadyne: sys_socket[PID: 726 (xmldbc)]: family:1, type:2, protocol:0
[  527.233529] firmadyne: sys_socket[PID: 727 (xmldbc)]: family:1, type:2, protocol:0
[  527.381889] firmadyne: sys_socket[PID: 731 (xmldbc)]: family:1, type:2, protocol:0
[  527.444273] firmadyne: sys_socket[PID: 732 (xmldbc)]: family:1, type:2, protocol:0
[  527.506527] firmadyne: sys_socket[PID: 733 (xmldbc)]: family:1, type:2, protocol:0
[  527.569179] firmadyne: sys_socket[PID: 734 (xmldbc)]: family:1, type:2, protocol:0
[  527.633553] firmadyne: sys_socket[PID: 735 (xmldbc)]: family:1, type:2, protocol:0
[  527.695476] firmadyne: sys_socket[PID: 736 (xmldbc)]: family:1, type:2, protocol:0
[  527.757463] firmadyne: sys_socket[PID: 737 (xmldbc)]: family:1, type:2, protocol:0
[  527.821372] firmadyne: sys_socket[PID: 738 (xmldbc)]: family:1, type:2, protocol:0
[  527.883689] firmadyne: sys_socket[PID: 739 (xmldbc)]: family:1, type:2, protocol:0
[  527.943241] firmadyne: sys_socket[PID: 740 (xmldbc)]: family:1, type:2, protocol:0
[  528.003076] firmadyne: sys_socket[PID: 741 (xmldbc)]: family:1, type:2, protocol:0
[  528.062247] firmadyne: sys_socket[PID: 742 (xmldbc)]: family:1, type:2, protocol:0
[  528.121582] firmadyne: sys_socket[PID: 743 (xmldbc)]: family:1, type:2, protocol:0
[  528.179998] firmadyne: sys_socket[PID: 744 (xmldbc)]: family:1, type:2, protocol:0
[  528.240882] firmadyne: sys_socket[PID: 745 (xmldbc)]: family:1, type:2, protocol:0
[  528.300186] firmadyne: sys_socket[PID: 746 (xmldbc)]: family:1, type:2, protocol:0
[  528.360823] firmadyne: sys_socket[PID: 747 (xmldbc)]: family:1, type:2, protocol:0
[  528.422735] firmadyne: sys_socket[PID: 748 (xmldbc)]: family:1, type:2, protocol:0
[  528.484394] firmadyne: sys_socket[PID: 749 (xmldbc)]: family:1, type:2, protocol:0
[  528.629678] firmadyne: sys_socket[PID: 753 (xmldbc)]: family:1, type:2, protocol:0
[  528.690129] firmadyne: sys_socket[PID: 754 (xmldbc)]: family:1, type:2, protocol:0
[  528.749754] firmadyne: sys_socket[PID: 755 (xmldbc)]: family:1, type:2, protocol:0
[  528.810193] firmadyne: sys_socket[PID: 756 (xmldbc)]: family:1, type:2, protocol:0
[  528.871612] firmadyne: sys_socket[PID: 757 (xmldbc)]: family:1, type:2, protocol:0
[  528.932066] firmadyne: sys_socket[PID: 758 (xmldbc)]: family:1, type:2, protocol:0
[  528.989943] firmadyne: sys_socket[PID: 759 (xmldbc)]: family:1, type:2, protocol:0
[  529.049343] firmadyne: sys_socket[PID: 760 (xmldbc)]: family:1, type:2, protocol:0
[  529.107200] firmadyne: sys_socket[PID: 761 (xmldbc)]: family:1, type:2, protocol:0
[  529.165152] firmadyne: sys_socket[PID: 762 (xmldbc)]: family:1, type:2, protocol:0
[  529.225678] firmadyne: sys_socket[PID: 763 (xmldbc)]: family:1, type:2, protocol:0
[  529.285286] firmadyne: sys_socket[PID: 764 (xmldbc)]: family:1, type:2, protocol:0
[  529.345284] firmadyne: sys_socket[PID: 765 (xmldbc)]: family:1, type:2, protocol:0
[  529.407794] firmadyne: sys_socket[PID: 766 (xmldbc)]: family:1, type:2, protocol:0
[  529.468416] firmadyne: sys_socket[PID: 767 (xmldbc)]: family:1, type:2, protocol:0
[  529.530861] firmadyne: sys_socket[PID: 768 (xmldbc)]: family:1, type:2, protocol:0
[  529.592622] firmadyne: sys_socket[PID: 769 (xmldbc)]: family:1, type:2, protocol:0
[  529.654831] firmadyne: sys_socket[PID: 770 (xmldbc)]: family:1, type:2, protocol:0
[  529.715091] firmadyne: sys_socket[PID: 771 (xmldbc)]: family:1, type:2, protocol:0
[  529.857933] firmadyne: sys_socket[PID: 775 (xmldbc)]: family:1, type:2, protocol:0
[  529.918284] firmadyne: sys_socket[PID: 776 (xmldbc)]: family:1, type:2, protocol:0
[  529.977650] firmadyne: sys_socket[PID: 777 (xmldbc)]: family:1, type:2, protocol:0
[  530.037845] firmadyne: sys_socket[PID: 778 (xmldbc)]: family:1, type:2, protocol:0
[  530.095817] firmadyne: sys_socket[PID: 779 (xmldbc)]: family:1, type:2, protocol:0
[  530.153932] firmadyne: sys_socket[PID: 780 (xmldbc)]: family:1, type:2, protocol:0
[  530.214116] firmadyne: sys_socket[PID: 781 (xmldbc)]: family:1, type:2, protocol:0
[  530.272722] firmadyne: sys_socket[PID: 782 (xmldbc)]: family:1, type:2, protocol:0
[  530.331769] firmadyne: sys_socket[PID: 783 (xmldbc)]: family:1, type:2, protocol:0
[  530.391762] firmadyne: sys_socket[PID: 784 (xmldbc)]: family:1, type:2, protocol:0
[  530.451397] firmadyne: sys_socket[PID: 785 (xmldbc)]: family:1, type:2, protocol:0
[  530.509516] firmadyne: sys_socket[PID: 786 (xmldbc)]: family:1, type:2, protocol:0
[  530.571247] firmadyne: sys_socket[PID: 787 (xmldbc)]: family:1, type:2, protocol:0
[  530.631914] firmadyne: sys_socket[PID: 788 (xmldbc)]: family:1, type:2, protocol:0
[  530.692550] firmadyne: sys_socket[PID: 789 (xmldbc)]: family:1, type:2, protocol:0
[  530.752196] firmadyne: sys_socket[PID: 790 (xmldbc)]: family:1, type:2, protocol:0
[  530.811123] firmadyne: sys_socket[PID: 791 (xmldbc)]: family:1, type:2, protocol:0
[  530.872050] firmadyne: sys_socket[PID: 792 (xmldbc)]: family:1, type:2, protocol:0
[  530.931680] firmadyne: sys_socket[PID: 793 (xmldbc)]: family:1, type:2, protocol:0
[  531.071010] firmadyne: sys_socket[PID: 797 (xmldbc)]: family:1, type:2, protocol:0
[  531.129815] firmadyne: sys_socket[PID: 798 (xmldbc)]: family:1, type:2, protocol:0
[  531.188616] firmadyne: sys_socket[PID: 799 (xmldbc)]: family:1, type:2, protocol:0
[  531.249836] firmadyne: sys_socket[PID: 800 (xmldbc)]: family:1, type:2, protocol:0
[  531.311171] firmadyne: sys_socket[PID: 801 (xmldbc)]: family:1, type:2, protocol:0
[  531.372785] firmadyne: sys_socket[PID: 802 (xmldbc)]: family:1, type:2, protocol:0
[  531.436507] firmadyne: sys_socket[PID: 803 (xmldbc)]: family:1, type:2, protocol:0
[  531.498913] firmadyne: sys_socket[PID: 804 (xmldbc)]: family:1, type:2, protocol:0
[  531.563182] firmadyne: sys_socket[PID: 805 (xmldbc)]: family:1, type:2, protocol:0
[  531.630090] firmadyne: sys_socket[PID: 806 (xmldbc)]: family:1, type:2, protocol:0
[  531.692118] firmadyne: sys_socket[PID: 807 (xmldbc)]: family:1, type:2, protocol:0
[  531.753404] firmadyne: sys_socket[PID: 808 (xmldbc)]: family:1, type:2, protocol:0
[  531.814156] firmadyne: sys_socket[PID: 809 (xmldbc)]: family:1, type:2, protocol:0
[  531.875814] firmadyne: sys_socket[PID: 810 (xmldbc)]: family:1, type:2, protocol:0
[  531.935652] firmadyne: sys_socket[PID: 811 (xmldbc)]: family:1, type:2, protocol:0
[  531.994511] firmadyne: sys_socket[PID: 812 (xmldbc)]: family:1, type:2, protocol:0
[  532.054389] firmadyne: sys_socket[PID: 813 (xmldbc)]: family:1, type:2, protocol:0
[  532.112696] firmadyne: sys_socket[PID: 814 (xmldbc)]: family:1, type:2, protocol:0
[  532.171350] firmadyne: sys_socket[PID: 815 (xmldbc)]: family:1, type:2, protocol:0
[  532.314212] firmadyne: sys_socket[PID: 819 (xmldbc)]: family:1, type:2, protocol:0
[  532.374057] firmadyne: sys_socket[PID: 820 (xmldbc)]: family:1, type:2, protocol:0
[  532.434292] firmadyne: sys_socket[PID: 821 (xmldbc)]: family:1, type:2, protocol:0
[  532.492428] firmadyne: sys_socket[PID: 822 (xmldbc)]: family:1, type:2, protocol:0
[  532.553796] firmadyne: sys_socket[PID: 823 (xmldbc)]: family:1, type:2, protocol:0
[  532.616237] firmadyne: sys_socket[PID: 824 (xmldbc)]: family:1, type:2, protocol:0
[  532.676698] firmadyne: sys_socket[PID: 825 (xmldbc)]: family:1, type:2, protocol:0
[  532.735857] firmadyne: sys_socket[PID: 826 (xmldbc)]: family:1, type:2, protocol:0
[  532.794800] firmadyne: sys_socket[PID: 827 (xmldbc)]: family:1, type:2, protocol:0
[  532.857413] firmadyne: sys_socket[PID: 828 (xmldbc)]: family:1, type:2, protocol:0
[  532.917200] firmadyne: sys_socket[PID: 829 (xmldbc)]: family:1, type:2, protocol:0
[  532.969952] firmadyne: sys_socket[PID: 830 (xmldbc)]: family:1, type:2, protocol:0
[  533.029204] firmadyne: sys_socket[PID: 831 (xmldbc)]: family:1, type:2, protocol:0
[  533.087832] firmadyne: sys_socket[PID: 832 (xmldbc)]: family:1, type:2, protocol:0
[  533.146125] firmadyne: sys_socket[PID: 833 (xmldbc)]: family:1, type:2, protocol:0
[  533.207427] firmadyne: sys_socket[PID: 834 (xmldbc)]: family:1, type:2, protocol:0
[  533.268765] firmadyne: sys_socket[PID: 835 (xmldbc)]: family:1, type:2, protocol:0
[  533.330481] firmadyne: sys_socket[PID: 836 (xmldbc)]: family:1, type:2, protocol:0
[  533.390482] firmadyne: sys_socket[PID: 837 (xmldbc)]: family:1, type:2, protocol:0
[  533.534482] firmadyne: sys_socket[PID: 841 (xmldbc)]: family:1, type:2, protocol:0
[  533.596379] firmadyne: sys_socket[PID: 842 (xmldbc)]: family:1, type:2, protocol:0
[  533.659161] firmadyne: sys_socket[PID: 843 (xmldbc)]: family:1, type:2, protocol:0
[  533.720514] firmadyne: sys_socket[PID: 844 (xmldbc)]: family:1, type:2, protocol:0
[  533.782084] firmadyne: sys_socket[PID: 845 (xmldbc)]: family:1, type:2, protocol:0
[  533.844566] firmadyne: sys_socket[PID: 846 (xmldbc)]: family:1, type:2, protocol:0
[  533.908688] firmadyne: sys_socket[PID: 847 (xmldbc)]: family:1, type:2, protocol:0
[  533.970517] firmadyne: sys_socket[PID: 848 (xmldbc)]: family:1, type:2, protocol:0
[  534.033544] firmadyne: sys_socket[PID: 849 (xmldbc)]: family:1, type:2, protocol:0
[  534.095168] firmadyne: sys_socket[PID: 850 (xmldbc)]: family:1, type:2, protocol:0
[  534.156511] firmadyne: sys_socket[PID: 851 (xmldbc)]: family:1, type:2, protocol:0
[  534.218545] firmadyne: sys_socket[PID: 852 (xmldbc)]: family:1, type:2, protocol:0
[  534.277539] firmadyne: sys_socket[PID: 853 (xmldbc)]: family:1, type:2, protocol:0
[  534.331276] firmadyne: sys_socket[PID: 854 (xmldbc)]: family:1, type:2, protocol:0
[  534.390442] firmadyne: sys_socket[PID: 855 (xmldbc)]: family:1, type:2, protocol:0
[  534.451067] firmadyne: sys_socket[PID: 856 (xmldbc)]: family:1, type:2, protocol:0
[  534.509282] firmadyne: sys_socket[PID: 857 (xmldbc)]: family:1, type:2, protocol:0
[  534.567623] firmadyne: sys_socket[PID: 858 (xmldbc)]: family:1, type:2, protocol:0
[  534.631163] firmadyne: sys_socket[PID: 859 (xmldbc)]: family:1, type:2, protocol:0
[  534.773608] firmadyne: sys_socket[PID: 863 (xmldbc)]: family:1, type:2, protocol:0
[  534.834346] firmadyne: sys_socket[PID: 864 (xmldbc)]: family:1, type:2, protocol:0
[  534.894104] firmadyne: sys_socket[PID: 865 (xmldbc)]: family:1, type:2, protocol:0
[  534.953762] firmadyne: sys_socket[PID: 866 (xmldbc)]: family:1, type:2, protocol:0
[  535.012701] firmadyne: sys_socket[PID: 867 (xmldbc)]: family:1, type:2, protocol:0
[  535.073984] firmadyne: sys_socket[PID: 868 (xmldbc)]: family:1, type:2, protocol:0
[  535.133459] firmadyne: sys_socket[PID: 869 (xmldbc)]: family:1, type:2, protocol:0
[  535.192915] firmadyne: sys_socket[PID: 870 (xmldbc)]: family:1, type:2, protocol:0
[  535.254034] firmadyne: sys_socket[PID: 871 (xmldbc)]: family:1, type:2, protocol:0
[  535.312484] firmadyne: sys_socket[PID: 872 (xmldbc)]: family:1, type:2, protocol:0
[  535.370852] firmadyne: sys_socket[PID: 873 (xmldbc)]: family:1, type:2, protocol:0
[  535.431452] firmadyne: sys_socket[PID: 874 (xmldbc)]: family:1, type:2, protocol:0
[  535.490824] firmadyne: sys_socket[PID: 875 (xmldbc)]: family:1, type:2, protocol:0
[  535.551096] firmadyne: sys_socket[PID: 876 (xmldbc)]: family:1, type:2, protocol:0
[  535.613599] firmadyne: sys_socket[PID: 877 (xmldbc)]: family:1, type:2, protocol:0
[  535.676802] firmadyne: sys_socket[PID: 878 (xmldbc)]: family:1, type:2, protocol:0
[  535.739493] firmadyne: sys_socket[PID: 879 (xmldbc)]: family:1, type:2, protocol:0
[  535.800843] firmadyne: sys_socket[PID: 880 (xmldbc)]: family:1, type:2, protocol:0
[  535.863779] firmadyne: sys_socket[PID: 881 (xmldbc)]: family:1, type:2, protocol:0
[  536.006504] firmadyne: sys_socket[PID: 885 (xmldbc)]: family:1, type:2, protocol:0
[  536.061780] firmadyne: sys_socket[PID: 886 (xmldbc)]: family:1, type:2, protocol:0
[  536.122463] firmadyne: sys_socket[PID: 887 (xmldbc)]: family:1, type:2, protocol:0
[  536.178496] firmadyne: sys_socket[PID: 888 (xmldbc)]: family:1, type:2, protocol:0
[  536.241746] firmadyne: sys_socket[PID: 889 (xmldbc)]: family:1, type:2, protocol:0
[  536.303321] firmadyne: sys_socket[PID: 890 (xmldbc)]: family:1, type:2, protocol:0
[  536.364296] firmadyne: sys_socket[PID: 891 (xmldbc)]: family:1, type:2, protocol:0
[  536.427250] firmadyne: sys_socket[PID: 892 (xmldbc)]: family:1, type:2, protocol:0
[  536.489269] firmadyne: sys_socket[PID: 893 (xmldbc)]: family:1, type:2, protocol:0
[  536.552319] firmadyne: sys_socket[PID: 894 (xmldbc)]: family:1, type:2, protocol:0
[  536.616051] firmadyne: sys_socket[PID: 895 (xmldbc)]: family:1, type:2, protocol:0
[  536.678780] firmadyne: sys_socket[PID: 896 (xmldbc)]: family:1, type:2, protocol:0
[  536.740622] firmadyne: sys_socket[PID: 897 (xmldbc)]: family:1, type:2, protocol:0
[  536.803445] firmadyne: sys_socket[PID: 898 (xmldbc)]: family:1, type:2, protocol:0
[  536.864573] firmadyne: sys_socket[PID: 899 (xmldbc)]: family:1, type:2, protocol:0
[  536.926459] firmadyne: sys_socket[PID: 900 (xmldbc)]: family:1, type:2, protocol:0
[  536.981932] firmadyne: sys_socket[PID: 901 (xmldbc)]: family:1, type:2, protocol:0
[  537.038524] firmadyne: sys_socket[PID: 902 (xmldbc)]: family:1, type:2, protocol:0
[  537.098970] firmadyne: sys_socket[PID: 903 (xmldbc)]: family:1, type:2, protocol:0
[  537.245234] firmadyne: sys_socket[PID: 907 (xmldbc)]: family:1, type:2, protocol:0
[  537.310935] firmadyne: sys_socket[PID: 908 (xmldbc)]: family:1, type:2, protocol:0
[  537.373743] firmadyne: sys_socket[PID: 909 (xmldbc)]: family:1, type:2, protocol:0
[  537.437390] firmadyne: sys_socket[PID: 910 (xmldbc)]: family:1, type:2, protocol:0
[  537.498469] firmadyne: sys_socket[PID: 911 (xmldbc)]: family:1, type:2, protocol:0
[  537.559442] firmadyne: sys_socket[PID: 912 (xmldbc)]: family:1, type:2, protocol:0
[  537.621610] firmadyne: sys_socket[PID: 913 (xmldbc)]: family:1, type:2, protocol:0
[  537.683562] firmadyne: sys_socket[PID: 914 (xmldbc)]: family:1, type:2, protocol:0
[  537.744531] firmadyne: sys_socket[PID: 915 (xmldbc)]: family:1, type:2, protocol:0
[  537.807198] firmadyne: sys_socket[PID: 916 (xmldbc)]: family:1, type:2, protocol:0
[  537.868309] firmadyne: sys_socket[PID: 917 (xmldbc)]: family:1, type:2, protocol:0
[  537.930844] firmadyne: sys_socket[PID: 918 (xmldbc)]: family:1, type:2, protocol:0
[  537.991822] firmadyne: sys_socket[PID: 919 (xmldbc)]: family:1, type:2, protocol:0
[  538.054521] firmadyne: sys_socket[PID: 920 (xmldbc)]: family:1, type:2, protocol:0
[  538.115797] firmadyne: sys_socket[PID: 921 (xmldbc)]: family:1, type:2, protocol:0
[  538.177535] firmadyne: sys_socket[PID: 922 (xmldbc)]: family:1, type:2, protocol:0
[  538.241231] firmadyne: sys_socket[PID: 923 (xmldbc)]: family:1, type:2, protocol:0
[  538.303205] firmadyne: sys_socket[PID: 924 (xmldbc)]: family:1, type:2, protocol:0
[  538.364884] firmadyne: sys_socket[PID: 925 (xmldbc)]: family:1, type:2, protocol:0
[  538.560677] firmadyne: sys_socket[PID: 930 (xmldbc)]: family:1, type:2, protocol:0
[  538.623179] firmadyne: sys_socket[PID: 931 (xmldbc)]: family:1, type:2, protocol:0
[  538.685582] firmadyne: sys_socket[PID: 932 (xmldbc)]: family:1, type:2, protocol:0
[  538.746894] firmadyne: sys_socket[PID: 933 (xmldbc)]: family:1, type:2, protocol:0
[  538.809425] firmadyne: sys_socket[PID: 934 (xmldbc)]: family:1, type:2, protocol:0
[  538.870618] firmadyne: sys_socket[PID: 935 (xmldbc)]: family:1, type:2, protocol:0
[  539.015857] firmadyne: sys_socket[PID: 939 (xmldbc)]: family:1, type:2, protocol:0
[  539.072198] firmadyne: sys_socket[PID: 940 (xmldbc)]: family:1, type:2, protocol:0
[  539.132351] firmadyne: sys_socket[PID: 941 (xmldbc)]: family:1, type:2, protocol:0
[  539.192878] firmadyne: sys_socket[PID: 942 (xmldbc)]: family:1, type:2, protocol:0
[  539.254912] firmadyne: sys_socket[PID: 943 (xmldbc)]: family:1, type:2, protocol:0
[  539.315925] firmadyne: sys_socket[PID: 944 (xmldbc)]: family:1, type:2, protocol:0
[  539.500593] firmadyne: sys_socket[PID: 949 (xmldbc)]: family:1, type:2, protocol:0
[  539.645179] firmadyne: sys_socket[PID: 953 (xmldbc)]: family:1, type:2, protocol:0
[  539.790225] firmadyne: sys_socket[PID: 957 (xmldbc)]: family:1, type:2, protocol:0
[  539.935053] firmadyne: sys_socket[PID: 961 (xmldbc)]: family:1, type:2, protocol:0
[  540.073474] firmadyne: sys_socket[PID: 965 (xmldbc)]: family:1, type:2, protocol:0
[  540.211312] firmadyne: sys_socket[PID: 969 (xmldbc)]: family:1, type:2, protocol:0
[  540.349484] firmadyne: sys_socket[PID: 973 (xmldbc)]: family:1, type:2, protocol:0
[  540.486607] firmadyne: sys_socket[PID: 977 (xmldbc)]: family:1, type:2, protocol:0
[  540.626570] firmadyne: sys_socket[PID: 981 (xmldbc)]: family:1, type:2, protocol:0
[  540.763481] firmadyne: sys_socket[PID: 985 (xmldbc)]: family:1, type:2, protocol:0
[  540.903762] firmadyne: sys_socket[PID: 989 (xmldbc)]: family:1, type:2, protocol:0
[  541.042197] firmadyne: sys_socket[PID: 993 (xmldbc)]: family:1, type:2, protocol:0
[  541.178091] firmadyne: sys_socket[PID: 997 (xmldbc)]: family:1, type:2, protocol:0
[  541.321329] firmadyne: sys_socket[PID: 1001 (xmldbc)]: family:1, type:2, protocol:0
[  541.464677] firmadyne: sys_socket[PID: 1005 (xmldbc)]: family:1, type:2, protocol:0
[  541.609200] firmadyne: sys_socket[PID: 1009 (xmldbc)]: family:1, type:2, protocol:0
[  541.754296] firmadyne: sys_socket[PID: 1013 (xmldbc)]: family:1, type:2, protocol:0
[  541.900043] firmadyne: sys_socket[PID: 1017 (xmldbc)]: family:1, type:2, protocol:0
[  542.045441] firmadyne: sys_socket[PID: 1021 (xmldbc)]: family:1, type:2, protocol:0
[  542.187674] firmadyne: sys_socket[PID: 1025 (xmldbc)]: family:1, type:2, protocol:0
[  542.332398] firmadyne: sys_socket[PID: 1029 (xmldbc)]: family:1, type:2, protocol:0
[  542.471845] firmadyne: sys_socket[PID: 1033 (xmldbc)]: family:1, type:2, protocol:0
[  542.615678] firmadyne: sys_socket[PID: 1037 (xmldbc)]: family:1, type:2, protocol:0
[  542.767583] firmadyne: sys_socket[PID: 1041 (xmldbc)]: family:1, type:2, protocol:0
[  542.912960] firmadyne: sys_socket[PID: 1045 (xmldbc)]: family:1, type:2, protocol:0
[  543.058132] firmadyne: sys_socket[PID: 1049 (xmldbc)]: family:1, type:2, protocol:0
[  543.200443] firmadyne: sys_socket[PID: 1053 (xmldbc)]: family:1, type:2, protocol:0
[  543.348287] firmadyne: sys_socket[PID: 1057 (xmldbc)]: family:1, type:2, protocol:0
[  543.494453] firmadyne: sys_socket[PID: 1061 (xmldbc)]: family:1, type:2, protocol:0
[  543.638545] firmadyne: sys_socket[PID: 1065 (xmldbc)]: family:1, type:2, protocol:0
[  543.776959] firmadyne: sys_socket[PID: 1069 (xmldbc)]: family:1, type:2, protocol:0
[  543.920730] firmadyne: sys_socket[PID: 1073 (xmldbc)]: family:1, type:2, protocol:0
[  544.066701] firmadyne: sys_socket[PID: 1077 (xmldbc)]: family:1, type:2, protocol:0
[  544.127678] firmadyne: sys_socket[PID: 1078 (xmldbc)]: family:1, type:2, protocol:0
[  544.188651] firmadyne: sys_socket[PID: 1079 (xmldbc)]: family:1, type:2, protocol:0
[  544.251844] firmadyne: sys_socket[PID: 1080 (xmldbc)]: family:1, type:2, protocol:0
[  544.312521] firmadyne: sys_socket[PID: 1081 (xmldbc)]: family:1, type:2, protocol:0
[  544.373854] firmadyne: sys_socket[PID: 1082 (xmldbc)]: family:1, type:2, protocol:0
[  544.431412] firmadyne: sys_socket[PID: 1083 (xmldbc)]: family:1, type:2, protocol:0
[  544.492157] firmadyne: sys_socket[PID: 1084 (xmldbc)]: family:1, type:2, protocol:0
[  544.555451] firmadyne: sys_socket[PID: 1085 (xmldbc)]: family:1, type:2, protocol:0
PHP [/etc/defnodes/S11setnodes.php] ...
[  544.681750] firmadyne: sys_socket[PID: 1088 (rgdb)]: family:1, type:2, protocol:0
PHP [/etc/defnodes/S12features.php] ...
[  545.582188] firmadyne: sys_socket[PID: 1101 (rgdb)]: family:1, type:2, protocol:0
PHP [/etc/defnodes/S13flashspeed.php] ...
[  545.718904] firmadyne: sys_socket[PID: 1104 (rgdb)]: family:1, type:2, protocol:0
PHP [/etc/defnodes/S20setnodes.php] ...
[  545.982968] firmadyne: sys_socket[PID: 1109 (rgdb)]: family:1, type:2, protocol:0
[  546.447219] UDF-fs: warning (device mtdblock4): udf_fill_super: No partition found (2)
mount: mounting /dev/mtdblock/4 on /www/locale/alt failed: Invalid argument
PHP [/etc/defnodes/S40brand.php] ...
[  546.554883] firmadyne: sys_socket[PID: 1121 (rgdb)]: family:1, type:2, protocol:0
[/etc/scripts/misc/defnodes.sh] Done !!
[/etc/scripts/misc/profile.sh] put ...
[  547.240083] firmadyne: sys_socket[PID: 1129 (rgdb)]: family:1, type:2, protocol:0
ok
[  548.296406] firmadyne: sys_socket[PID: 1135 (rgdb)]: family:1, type:2, protocol:0
[  548.373358] firmadyne: sys_socket[PID: 1137 (rgdb)]: family:1, type:2, protocol:0
[/etc/templates/timezone.sh] ...
[  548.551886] firmadyne: sys_socket[PID: 1142 (rgdb)]: family:1, type:2, protocol:0
[  548.749253] firmadyne: sys_socket[PID: 1147 (rgdb)]: family:1, type:2, protocol:0
[  552.926171] firmadyne: sys_socket[PID: 1151 (rgdb)]: family:1, type:2, protocol:0
[  553.012158] firmadyne: sys_socket[PID: 1153 (rgdb)]: family:1, type:2, protocol:0
[  553.100558] firmadyne: sys_socket[PID: 1155 (rgdb)]: family:1, type:2, protocol:0
[  553.186282] firmadyne: sys_socket[PID: 1157 (rgdb)]: family:1, type:2, protocol:0
[  553.274515] firmadyne: sys_socket[PID: 1159 (rgdb)]: family:1, type:2, protocol:0
[  553.360867] firmadyne: sys_socket[PID: 1161 (rgdb)]: family:1, type:2, protocol:0
[  553.448337] firmadyne: sys_socket[PID: 1163 (rgdb)]: family:1, type:2, protocol:0
[  553.537709] firmadyne: sys_socket[PID: 1165 (rgdb)]: family:1, type:2, protocol:0
[  553.625818] firmadyne: sys_socket[PID: 1167 (rgdb)]: family:1, type:2, protocol:0
[  553.712610] firmadyne: sys_socket[PID: 1169 (rgdb)]: family:1, type:2, protocol:0
[  553.803066] firmadyne: sys_socket[PID: 1171 (rgdb)]: family:1, type:2, protocol:0
[/etc/templates/logs.sh] ...
[  554.847285] firmadyne: sys_socket[PID: 1199 (rgdb)]: family:1, type:2, protocol:0
[  554.952959] firmadyne: sys_socket[PID: 1201 (rgdb)]: family:1, type:2, protocol:0
[/var/run/logs_run.sh] ...
[  555.591908] firmadyne: sys_socket[PID: 1206 (syslogd)]: family:1, type:1, protocol:0
[  555.763931] firmadyne: sys_socket[PID: 1211 (rgdb)]: family:1, type:2, protocol:0
[  555.990463] firmadyne: sys_socket[PID: 1215 (ifconfig)]: family:2, type:1, protocol:0
[  556.065145] 8021q: adding VLAN 0 to HW filter on device eth0
[  556.072168] e1000: eth0 NIC Link is Up 1000 Mbps Full Duplex, Flow Control: RX
[  559.183634] firmadyne: sys_socket[PID: 1217 (rgdb)]: family:1, type:2, protocol:0
[  559.538923] firmadyne: sys_socket[PID: 1229 (rgdb)]: family:1, type:2, protocol:0
[  559.739554] firmadyne: sys_socket[PID: 1235 (rgdb)]: family:1, type:2, protocol:0
[  559.765983] firmadyne: sys_socket[PID: 1236 (ifconfig)]: family:2, type:1, protocol:0
[  559.768358] firmadyne: __inet_insert_ifa[PID: 1236 (ifconfig)]: device:lo ifa:0x7f000001
[  559.830071] firmadyne: sys_socket[PID: 1237 (brctl)]: family:2, type:2, protocol:0
[  559.942319] firmadyne: sys_socket[PID: 1240 (brctl)]: family:2, type:2, protocol:0
[  559.946790] firmadyne: sys_socket[PID: 1240 (brctl)]: family:10, type:1, protocol:0
[  560.015280] firmadyne: sys_socket[PID: 1241 (brctl)]: family:2, type:2, protocol:0
[  560.019600] firmadyne: sys_socket[PID: 1241 (brctl)]: family:10, type:1, protocol:0
[/etc/init.d/S03config.sh] done!
[/etc/init.d/S10system.sh]
start Layout ...
[/etc/scripts/layout.sh] start ...
[  560.423459] firmadyne: sys_socket[PID: 1251 (rgdb)]: family:1, type:2, protocol:0
[  560.570142] firmadyne: sys_socket[PID: 1252 (rgdb)]: family:1, type:2, protocol:0
[/var/run/layout_start.sh] ...
Start bridge layout ...
[  560.740832] firmadyne: sys_socket[PID: 1256 (ifconfig)]: family:2, type:1, protocol:0
[  560.792140] firmadyne: sys_socket[PID: 1257 (brctl)]: family:2, type:2, protocol:0
[  560.795779] firmadyne: sys_socket[PID: 1257 (brctl)]: family:10, type:1, protocol:0
[  560.799812] firmadyne: sys_socket[PID: 1257 (brctl)]: family:10, type:1, protocol:0
[  560.803751] firmadyne: br_add_if[PID: 1257 (brctl)]: br:br0 dev:eth0
[  560.810733] device eth0 entered promiscuous mode
[  560.910914] firmadyne: sys_socket[PID: 1260 (xmldbc)]: family:1, type:2, protocol:0
[  561.007443] firmadyne: sys_socket[PID: 1263 (ifconfig)]: family:2, type:1, protocol:0
[  561.009710] br0: port 1(eth0) entered forwarding state
[  561.010690] br0: port 1(eth0) entered forwarding state
[  561.067892] firmadyne: sys_socket[PID: 1264 (rgdb)]: family:1, type:2, protocol:0
start LAN ...
[/etc/templates/lan.sh] ...
[  561.246247] firmadyne: sys_socket[PID: 1269 (rgdb)]: family:1, type:2, protocol:0
[  561.408433] firmadyne: sys_socket[PID: 1272 (rgdb)]: family:1, type:2, protocol:0
[  561.529301] firmadyne: sys_socket[PID: 1273 (rgdb)]: family:1, type:2, protocol:0
[/var/run/lan_start.sh] ...
Bridge mode selected, LAN is disabled !
start web server ...
[/etc/templates/webs.sh] start ...
[  561.852615] firmadyne: sys_socket[PID: 1281 (rgdb)]: family:1, type:2, protocol:0
[  561.941604] firmadyne: sys_socket[PID: 1283 (rgdb)]: family:1, type:2, protocol:0
[  562.103240] firmadyne: sys_socket[PID: 1286 (rgdb)]: family:1, type:2, protocol:0
[  562.275275] firmadyne: sys_socket[PID: 1287 (rgdb)]: family:1, type:2, protocol:0
[/var/run/webs_start.sh] ...
Starting HTTPD ...
start eth0 vlan setup ...
/etc/scripts/eth_vlan.sh: not found
[  562.714185] firmadyne: sys_socket[PID: 1297 (rgdb)]: family:1, type:2, protocol:0
[  562.736078] firmadyne: sys_socket[PID: 1298 (rgdb)]: family:1, type:2, protocol:0
[  562.971655] firmadyne: sys_socket[PID: 1299 (rgdb)]: family:1, type:2, protocol:0
#!/bin/sh
echo [$0] ... > /dev/console

# limitedadmin.php <<<

limitedadmin.sh...
[  563.309349] firmadyne: sys_socket[PID: 1303 (brctl)]: family:2, type:2, protocol:0
[  563.312700] firmadyne: sys_socket[PID: 1303 (brctl)]: family:10, type:1, protocol:0
[  563.421186] firmadyne: sys_socket[PID: 1304 (brctl)]: family:2, type:2, protocol:0
[  563.431509] firmadyne: sys_socket[PID: 1304 (brctl)]: family:10, type:1, protocol:0
[  563.539719] firmadyne: sys_socket[PID: 1305 (brctl)]: family:2, type:2, protocol:0
[  563.547247] firmadyne: sys_socket[PID: 1305 (brctl)]: family:10, type:1, protocol:0
[  563.662195] firmadyne: sys_socket[PID: 1306 (brctl)]: family:2, type:2, protocol:0
[  563.673739] firmadyne: sys_socket[PID: 1306 (brctl)]: family:10, type:1, protocol:0
[  563.783502] firmadyne: sys_socket[PID: 1307 (brctl)]: family:2, type:2, protocol:0
[  563.791217] firmadyne: sys_socket[PID: 1307 (brctl)]: family:10, type:1, protocol:0
[  563.905764] firmadyne: sys_socket[PID: 1308 (brctl)]: family:2, type:2, protocol:0
[  563.913391] firmadyne: sys_socket[PID: 1308 (brctl)]: family:10, type:1, protocol:0
start fresetd ...
enable LAN ports ...
[  564.197412] firmadyne: sys_socket[PID: 1310 (servd)]: family:1, type:2, protocol:0
Factory reset time : 5 secs
System reset time  : 1 secs
WPS command : [/etc/templates/wps.sh pbc &]
[  564.330150] firmadyne: sys_socket[PID: 1301 (httpd)]: family:10, type:2, protocol:6
[  564.331566] firmadyne: sys_setsockopt[PID: 1301 (httpd)]: fd:4, level:65535, optname:4
[/etc/scripts/enlan.sh] ...
/dev/gpio: No such device or address
[  564.398405] firmadyne: sys_socket[PID: 1313 (fresetd)]: family:1, type:1, protocol:0
 Generate channel table according to the country code...
[  564.561433] firmadyne: sys_socket[PID: 1324 (httpd)]: family:1, type:1, protocol:0
[  564.585940] firmadyne: sys_socket[PID: 1326 (genchanneltable)]: family:1, type:2, protocol:0
[  564.601246] firmadyne: sys_socket[PID: 1326 (genchanneltable)]: family:1, type:2, protocol:0
[  564.608056] firmadyne: sys_socket[PID: 1326 (genchanneltable)]: family:1, type:2, protocol:0
[  564.649941] firmadyne: sys_socket[PID: 1327 (getsys)]: family:1, type:2, protocol:0
UNKNOW country code!! Use USA for default!!
[  564.752497] firmadyne: sys_socket[PID: 1326 (genchanneltable)]: family:1, type:2, protocol:0
[  564.756362] firmadyne: sys_socket[PID: 1327 (getsys)]: family:1, type:2, protocol:0
[  564.764551] firmadyne: sys_socket[PID: 1327 (getsys)]: family:1, type:2, protocol:0
[  564.771745] firmadyne: sys_socket[PID: 1326 (genchanneltable)]: family:1, type:2, protocol:0
[  564.776795] firmadyne: sys_socket[PID: 1327 (getsys)]: family:1, type:2, protocol:0
[  564.783584] firmadyne: sys_socket[PID: 1326 (genchanneltable)]: family:1, type:2, protocol:0
[  564.788678] firmadyne: sys_socket[PID: 1327 (getsys)]: family:1, type:2, protocol:0
[  564.796680] firmadyne: sys_socket[PID: 1326 (genchanneltable)]: family:1, type:2, protocol:0
[  564.801480] firmadyne: sys_socket[PID: 1327 (getsys)]: family:1, type:2, protocol:0
[  564.809418] firmadyne: sys_socket[PID: 1326 (genchanneltable)]: family:1, type:2, protocol:0
[  564.813642] firmadyne: sys_socket[PID: 1327 (getsys)]: family:1, type:2, protocol:0
[  564.820436] firmadyne: sys_socket[PID: 1326 (genchanneltable)]: family:1, type:2, protocol:0
[  564.824880] firmadyne: sys_socket[PID: 1327 (getsys)]: family:1, type:2, protocol:0
[  564.832090] firmadyne: sys_socket[PID: 1326 (genchanneltable)]: family:1, type:2, protocol:0
[  564.838193] firmadyne: sys_socket[PID: 1327 (getsys)]: family:1, type:2, protocol:0
[  564.845408] firmadyne: sys_socket[PID: 1326 (genchanneltable)]: family:1, type:2, protocol:0
[  564.849724] firmadyne: sys_socket[PID: 1327 (getsys)]: family:1, type:2, protocol:0
[  564.856786] firmadyne: sys_socket[PID: 1326 (genchanneltable)]: family:1, type:2, protocol:0
[  564.861438] firmadyne: sys_socket[PID: 1327 (getsys)]: family:1, type:2, protocol:0
[  564.868498] firmadyne: sys_socket[PID: 1326 (genchanneltable)]: family:1, type:2, protocol:0
[  564.873216] firmadyne: sys_socket[PID: 1327 (getsys)]: family:1, type:2, protocol:0
[  564.880264] firmadyne: sys_socket[PID: 1326 (genchanneltable)]: family:1, type:2, protocol:0
[  564.884650] firmadyne: sys_socket[PID: 1327 (getsys)]: family:1, type:2, protocol:0
[  564.892220] firmadyne: sys_socket[PID: 1326 (genchanneltable)]: family:1, type:2, protocol:0
[  564.896602] firmadyne: sys_socket[PID: 1327 (getsys)]: family:1, type:2, protocol:0
[  564.904050] firmadyne: sys_socket[PID: 1326 (genchanneltable)]: family:1, type:2, protocol:0
[  564.908452] firmadyne: sys_socket[PID: 1327 (getsys)]: family:1, type:2, protocol:0
[  564.915903] firmadyne: sys_socket[PID: 1326 (genchanneltable)]: family:1, type:2, protocol:0
[  564.921263] firmadyne: sys_socket[PID: 1327 (getsys)]: family:1, type:2, protocol:0
[  564.928059] firmadyne: sys_socket[PID: 1326 (genchanneltable)]: family:1, type:2, protocol:0
[  564.932422] firmadyne: sys_socket[PID: 1327 (getsys)]: family:1, type:2, protocol:0
[  564.939844] firmadyne: sys_socket[PID: 1326 (genchanneltable)]: family:1, type:2, protocol:0
[  564.948639] firmadyne: sys_socket[PID: 1327 (getsys)]: family:1, type:2, protocol:0
[  564.952478] firmadyne: sys_socket[PID: 1326 (genchanneltable)]: family:1, type:2, protocol:0
[  564.961431] firmadyne: sys_socket[PID: 1326 (genchanneltable)]: family:1, type:2, protocol:0
[  564.978538] firmadyne: sys_socket[PID: 1326 (genchanneltable)]: family:1, type:2, protocol:0
[  564.985820] firmadyne: sys_socket[PID: 1326 (genchanneltable)]: family:1, type:2, protocol:0
[  564.998837] firmadyne: sys_socket[PID: 1326 (genchanneltable)]: family:1, type:2, protocol:0
[  565.006443] firmadyne: sys_socket[PID: 1326 (genchanneltable)]: family:1, type:2, protocol:0
[  565.019950] firmadyne: sys_socket[PID: 1326 (genchanneltable)]: family:1, type:2, protocol:0
[  565.027352] firmadyne: sys_socket[PID: 1326 (genchanneltable)]: family:1, type:2, protocol:0
[  565.039814] firmadyne: sys_socket[PID: 1326 (genchanneltable)]: family:1, type:2, protocol:0
[  565.046677] firmadyne: sys_socket[PID: 1326 (genchanneltable)]: family:1, type:2, protocol:0
[  565.057933] firmadyne: sys_socket[PID: 1326 (genchanneltable)]: family:1, type:2, protocol:0
[  565.064371] firmadyne: sys_socket[PID: 1326 (genchanneltable)]: family:1, type:2, protocol:0
/dev/gpio: No such device or address
[  565.076431] firmadyne: sys_socket[PID: 1326 (genchanneltable)]: family:1, type:2, protocol:0
 Generate VLAN table according to the port...
[  565.156484] firmadyne: sys_socket[PID: 1335 (genVLANTableByP)]: family:1, type:2, protocol:0
[  565.164291] firmadyne: sys_socket[PID: 1335 (genVLANTableByP)]: family:1, type:2, protocol:0
[  565.171098] firmadyne: sys_socket[PID: 1335 (genVLANTableByP)]: family:1, type:2, protocol:0
[  565.176726] firmadyne: sys_socket[PID: 1335 (genVLANTableByP)]: family:1, type:2, protocol:0
[  565.183207] firmadyne: sys_socket[PID: 1335 (genVLANTableByP)]: family:1, type:2, protocol:0
[  565.189182] firmadyne: sys_socket[PID: 1335 (genVLANTableByP)]: family:1, type:2, protocol:0
[  565.195481] firmadyne: sys_socket[PID: 1335 (genVLANTableByP)]: family:1, type:2, protocol:0
[  565.203784] firmadyne: sys_socket[PID: 1335 (genVLANTableByP)]: family:1, type:2, protocol:0
[  565.210851] firmadyne: sys_socket[PID: 1335 (genVLANTableByP)]: family:1, type:2, protocol:0
[  565.217285] firmadyne: sys_socket[PID: 1335 (genVLANTableByP)]: family:1, type:2, protocol:0
[  565.222814] firmadyne: sys_socket[PID: 1335 (genVLANTableByP)]: family:1, type:2, protocol:0
[  565.228684] firmadyne: sys_socket[PID: 1335 (genVLANTableByP)]: family:1, type:2, protocol:0
[  565.235592] firmadyne: sys_socket[PID: 1335 (genVLANTableByP)]: family:1, type:2, protocol:0
[  565.242500] firmadyne: sys_socket[PID: 1335 (genVLANTableByP)]: family:1, type:2, protocol:0
[  565.248394] firmadyne: sys_socket[PID: 1335 (genVLANTableByP)]: family:1, type:2, protocol:0
[  565.255212] firmadyne: sys_socket[PID: 1335 (genVLANTableByP)]: family:1, type:2, protocol:0
[  565.261326] firmadyne: sys_socket[PID: 1335 (genVLANTableByP)]: family:1, type:2, protocol:0
[  565.266948] firmadyne: sys_socket[PID: 1335 (genVLANTableByP)]: family:1, type:2, protocol:0
[  565.272644] firmadyne: sys_socket[PID: 1335 (genVLANTableByP)]: family:1, type:2, protocol:0
[  565.279531] firmadyne: sys_socket[PID: 1335 (genVLANTableByP)]: family:1, type:2, protocol:0
[  565.286479] firmadyne: sys_socket[PID: 1335 (genVLANTableByP)]: family:1, type:2, protocol:0
