[    0.000000] Linux version 4.1.17+ (alessio@pc) (gcc version 5.5.0 20171010 (Ubuntu 5.5.0-12ubuntu1) ) #1 Mon May 15 23:04:08 CEST 2023
[    0.000000] earlycon: Early serial console at I/O port 0x3f8 (options '38400n8')
[    0.000000] bootconsole [uart0] enabled
[    0.000000] CPU0 revision is: 00019300 (MIPS 24Kc)
[    0.000000] FPU revision is: 00739300
[    0.000000] Software DMA cache coherency enabled
[    0.000000] Determined physical RAM map:
[    0.000000]  memory: 00001000 @ 00000000 (reserved)
[    0.000000]  memory: 000ef000 @ 00001000 (ROM data)
[    0.000000]  memory: 00798000 @ 000f0000 (reserved)
[    0.000000]  memory: 0f777000 @ 00888000 (usable)
[    0.000000] debug: ignoring loglevel setting.
[    0.000000] Wasting 69888 bytes for tracking 2184 unused pages
[    0.000000] Initrd not found or empty - disabling initrd
[    0.000000] Zone ranges:
[    0.000000]   DMA      [mem 0x0000000000000000-0x0000000000ffffff]
[    0.000000]   Normal   [mem 0x0000000001000000-0x000000000fffefff]
[    0.000000] Movable zone start for each node
[    0.000000] Early memory node ranges
[    0.000000]   node   0: [mem 0x0000000000000000-0x000000000fffefff]
[    0.000000] Initmem setup node 0 [mem 0x0000000000000000-0x000000000fffefff]
[    0.000000] On node 0 totalpages: 65535
[    0.000000] free_area_init_node: node 0, pgdat 8081d5b0, node_mem_map 81000000
[    0.000000]   DMA zone: 32 pages used for memmap
[    0.000000]   DMA zone: 0 pages reserved
[    0.000000]   DMA zone: 4096 pages, LIFO batch:0
[    0.000000]   Normal zone: 480 pages used for memmap
[    0.000000]   Normal zone: 61439 pages, LIFO batch:15
[    0.000000] Primary instruction cache 2kB, VIPT, 2-way, linesize 16 bytes.
[    0.000000] Primary data cache 2kB, 2-way, VIPT, no aliases, linesize 16 bytes
[    0.000000] pcpu-alloc: s0 r0 d32768 u32768 alloc=1*32768
[    0.000000] pcpu-alloc: [0] 0 
[    0.000000] Built 1 zonelists in Zone order, mobility grouping on.  Total pages: 65023
[    0.000000] Kernel command line: root=/dev/sda1 console=ttyS0 nandsim.parts=64,64,64,64,64,64,64,64,64,64 rdinit=/firmadyne/preInit.sh rw debug ignore_loglevel print-fatal-signals=1 FIRMAE_NET=true FIRMAE_NVRAM=true FIRMAE_KERNEL=true FIRMAE_ETC=true user_debug=0 firmadyne.syscall=1 noka
[    0.000000] found FIRMAE_KERNEL=t
[    0.000000] set the LD_PRELOAD=/firmadyne/libnvram_ioctl.so
[    0.000000] PID hash table entries: 1024 (order: 0, 4096 bytes)
[    0.000000] Dentry cache hash table entries: 32768 (order: 5, 131072 bytes)
[    0.000000] Inode-cache hash table entries: 16384 (order: 4, 65536 bytes)
[    0.000000] Writing ErrCtl register=00000000
[    0.000000] Readback ErrCtl register=00000000
[    0.000000] Memory: 251112K/262140K available (5360K kernel code, 244K rwdata, 1676K rodata, 260K init, 158K bss, 11028K reserved, 0K cma-reserved)
[    0.000000] NR_IRQS:256
[    0.000000] CPU frequency 200.01 MHz
[    0.000000] clocksource MIPS: mask: 0xffffffff max_cycles: 0xffffffff, max_idle_ns: 19112111187 ns
[    0.000211] sched_clock: 32 bits at 100MHz, resolution 9ns, wraps every 21474282491ns
[    0.015943] Console: colour dummy device 80x25
[    0.017118] Calibrating delay loop... 23.64 BogoMIPS (lpj=47296)
[    0.077394] pid_max: default: 32768 minimum: 301
[    0.082036] Mount-cache hash table entries: 1024 (order: 0, 4096 bytes)
[    0.082618] Mountpoint-cache hash table entries: 1024 (order: 0, 4096 bytes)
[    0.152138] clocksource jiffies: mask: 0xffffffff max_cycles: 0xffffffff, max_idle_ns: 7645041785100000 ns
[    0.163552] NET: Registered protocol family 16
[    0.449979] clocksource pit: mask: 0xffffffff max_cycles: 0xffffffff, max_idle_ns: 1601818034827 ns
[    0.611987] vgaarb: loaded
[    0.617858] SCSI subsystem initialized
[    0.620530] libata version 3.00 loaded.
[    0.625219] usbcore: registered new interface driver usbfs
[    0.626785] usbcore: registered new interface driver hub
[    0.628025] usbcore: registered new device driver usb
[    0.631040] pps_core: LinuxPPS API ver. 1 registered
[    0.631464] pps_core: Software ver. 5.3.6 - Copyright 2005-2007 Rodolfo Giometti <giometti@linux.it>
[    0.632402] PTP clock support registered
[    0.637614] PCI host bridge to bus 0000:00
[    0.638410] pci_bus 0000:00: root bus resource [mem 0x10000000-0x17ffffff]
[    0.639057] pci_bus 0000:00: root bus resource [io  0x1000-0x1fffff]
[    0.639684] pci_bus 0000:00: root bus resource [??? 0x00000000 flags 0x0]
[    0.640295] pci_bus 0000:00: No busn resource found for root bus, will use [bus 00-ff]
[    0.641811] pci 0000:00:00.0: [11ab:4620] type 00 class 0x060000
[    0.642785] pci 0000:00:00.0: [Firmware Bug]: reg 0x14: invalid BAR (can't size)
[    0.643407] pci 0000:00:00.0: [Firmware Bug]: reg 0x18: invalid BAR (can't size)
[    0.644034] pci 0000:00:00.0: [Firmware Bug]: reg 0x1c: invalid BAR (can't size)
[    0.644643] pci 0000:00:00.0: [Firmware Bug]: reg 0x20: invalid BAR (can't size)
[    0.645419] pci 0000:00:00.0: [Firmware Bug]: reg 0x24: invalid BAR (can't size)
[    0.649761] pci 0000:00:0a.0: [8086:7110] type 00 class 0x060100
[    0.653430] pci 0000:00:0a.1: [8086:7111] type 00 class 0x010180
[    0.654413] pci 0000:00:0a.1: reg 0x20: [io  0x0000-0x000f]
[    0.655061] pci 0000:00:0a.1: legacy IDE quirk: reg 0x10: [io  0x01f0-0x01f7]
[    0.655675] pci 0000:00:0a.1: legacy IDE quirk: reg 0x14: [io  0x03f6]
[    0.656273] pci 0000:00:0a.1: legacy IDE quirk: reg 0x18: [io  0x0170-0x0177]
[    0.656868] pci 0000:00:0a.1: legacy IDE quirk: reg 0x1c: [io  0x0376]
[    0.660431] pci 0000:00:0a.2: [8086:7112] type 00 class 0x0c0300
[    0.661142] pci 0000:00:0a.2: reg 0x20: [io  0x0000-0x001f]
[    0.664581] pci 0000:00:0a.3: [8086:7113] type 00 class 0x068000
[    0.666244] pci 0000:00:0a.3: quirk: [io  0x1000-0x103f] claimed by PIIX4 ACPI
[    0.666902] pci 0000:00:0a.3: quirk: [io  0x1100-0x110f] claimed by PIIX4 SMB
[    0.670368] pci 0000:00:12.0: [1013:00b8] type 00 class 0x030000
[    0.671001] pci 0000:00:12.0: reg 0x10: [mem 0x00000000-0x01ffffff pref]
[    0.671590] pci 0000:00:12.0: reg 0x14: [mem 0x00000000-0x00000fff]
[    0.672300] pci 0000:00:12.0: reg 0x30: [mem 0x00000000-0x0000ffff pref]
[    0.675294] vgaarb: device added: PCI:0000:00:12.0,decodes=io+mem,owns=none,locks=none
[    0.676660] pci 0000:00:13.0: [8086:100e] type 00 class 0x020000
[    0.677359] pci 0000:00:13.0: reg 0x10: [mem 0x00000000-0x0001ffff]
[    0.677994] pci 0000:00:13.0: reg 0x14: [io  0x0000-0x003f]
[    0.678848] pci 0000:00:13.0: reg 0x30: [mem 0x00000000-0x0003ffff pref]
[    0.682223] pci 0000:00:14.0: [8086:100e] type 00 class 0x020000
[    0.683068] pci 0000:00:14.0: reg 0x10: [mem 0x00000000-0x0001ffff]
[    0.683678] pci 0000:00:14.0: reg 0x14: [io  0x0000-0x003f]
[    0.684711] pci 0000:00:14.0: reg 0x30: [mem 0x00000000-0x0003ffff pref]
[    0.688939] pci 0000:00:15.0: [8086:100e] type 00 class 0x020000
[    0.689612] pci 0000:00:15.0: reg 0x10: [mem 0x00000000-0x0001ffff]
[    0.690251] pci 0000:00:15.0: reg 0x14: [io  0x0000-0x003f]
[    0.691023] pci 0000:00:15.0: reg 0x30: [mem 0x00000000-0x0003ffff pref]
[    0.694812] pci 0000:00:16.0: [8086:100e] type 00 class 0x020000
[    0.695646] pci 0000:00:16.0: reg 0x10: [mem 0x00000000-0x0001ffff]
[    0.696265] pci 0000:00:16.0: reg 0x14: [io  0x0000-0x003f]
[    0.696942] pci 0000:00:16.0: reg 0x30: [mem 0x00000000-0x0003ffff pref]
[    0.700699] pci_bus 0000:00: busn_res: [bus 00-ff] end is updated to 00
[    0.702364] pci 0000:00:12.0: BAR 0: assigned [mem 0x10000000-0x11ffffff pref]
[    0.703197] pci 0000:00:13.0: BAR 6: assigned [mem 0x12000000-0x1203ffff pref]
[    0.704139] pci 0000:00:14.0: BAR 6: assigned [mem 0x12040000-0x1207ffff pref]
[    0.704842] pci 0000:00:15.0: BAR 6: assigned [mem 0x12080000-0x120bffff pref]
[    0.705554] pci 0000:00:16.0: BAR 6: assigned [mem 0x120c0000-0x120fffff pref]
[    0.706240] pci 0000:00:13.0: BAR 0: assigned [mem 0x12100000-0x1211ffff]
[    0.706915] pci 0000:00:14.0: BAR 0: assigned [mem 0x12120000-0x1213ffff]
[    0.707593] pci 0000:00:15.0: BAR 0: assigned [mem 0x12140000-0x1215ffff]
[    0.708481] pci 0000:00:16.0: BAR 0: assigned [mem 0x12160000-0x1217ffff]
[    0.709185] pci 0000:00:12.0: BAR 6: assigned [mem 0x12180000-0x1218ffff pref]
[    0.709875] pci 0000:00:12.0: BAR 1: assigned [mem 0x12190000-0x12190fff]
[    0.710561] pci 0000:00:13.0: BAR 1: assigned [io  0x1040-0x107f]
[    0.711188] pci 0000:00:14.0: BAR 1: assigned [io  0x1080-0x10bf]
[    0.711811] pci 0000:00:15.0: BAR 1: assigned [io  0x10c0-0x10ff]
[    0.712617] pci 0000:00:16.0: BAR 1: assigned [io  0x1400-0x143f]
[    0.713265] pci 0000:00:0a.2: BAR 4: assigned [io  0x1440-0x145f]
[    0.713878] pci 0000:00:0a.1: BAR 4: assigned [io  0x1460-0x146f]
[    0.732825] cfg80211: Calling CRDA to update world regulatory domain
[    0.747409] Switched to clocksource MIPS
[    0.871486] NET: Registered protocol family 2
[    0.884714] TCP established hash table entries: 2048 (order: 1, 8192 bytes)
[    0.885934] TCP bind hash table entries: 2048 (order: 1, 8192 bytes)
[    0.887144] TCP: Hash tables configured (established 2048 bind 2048)
[    0.888526] UDP hash table entries: 256 (order: 0, 4096 bytes)
[    0.889295] UDP-Lite hash table entries: 256 (order: 0, 4096 bytes)
[    0.893653] NET: Registered protocol family 1
[    0.895606] PCI: Enabling device 0000:00:0a.2 (0000 -> 0001)
[    0.897265] PCI: CLS 0 bytes, default 16
[    0.932263] futex hash table entries: 256 (order: -1, 3072 bytes)
[    0.951211] squashfs: version 4.0 (2009/01/31) Phillip Lougher
[    0.954246] jffs2: version 2.2. (NAND) Â© 2001-2006 Red Hat, Inc.
[    0.958218] romfs: ROMFS MTD (C) 2007 Red Hat, Inc.
[    0.985661] Block layer SCSI generic (bsg) driver version 0.4 loaded (major 251)
[    0.986391] io scheduler noop registered
[    0.987188] io scheduler cfq registered (default)
[    0.988601] firmadyne: devfs: 1, execute: 1, procfs: 1, syscall: 1
[    0.995030] firmadyne: Cannot register character device: gpio, 0xfc, 0x0!
[    1.004987] firmadyne: Cannot register character device: watchdog, 0xa, 0x82!
[    1.005540] firmadyne: Cannot register character device: wdt, 0xfd, 0x0!
[    2.933337] strName = 4.1.17+
[    2.933337] init_task_addr  = 2155778944
[    2.933337] init_task_size  = 1296
[    2.933337] ts_tasks        = 292
[    2.933337] ts_pid          = 408
[    2.933337] ts_tgid         = 412
[    2.933337] ts_group_leader = 440
[    2.933337] ts_thread_group = 496
[    2.933337] ts_real_parent  = 416
[    2.933337] ts_mm           = 300
[    2.933337] ts_stack        = 4
[    2.936383] module_name   = 12
[    2.936383] module_size   = 208
[    2.936383] module_init   = 200
[    2.936383] module_list   = 4
[    2.937501] ts_real_cred    = 624
[    2.937501] ts_cred         = 628
[    2.937501] ts_comm         = 632
[    2.937501] cred_uid        = 4
[    2.937501] cred_gid        = 8
[    2.937501] cred_euid       = 20
[    2.937501] cred_egid       = 24
[    2.939348] mm_mmap         = 0
[    2.939348] mm_pgd          = 32
[    2.939348] mm_arg_start    = 136
[    2.939348] mm_start_brk    = 124
[    2.939348] mm_brk          = 128
[    2.939348] mm_start_stack  = 132
[    2.941116] vma_vm_start    = 0
[    2.941116] vma_vm_end      = 4
[    2.941116] vma_vm_next     = 8
[    2.941116] vma_vm_file     = 80
[    2.941116] vma_vm_flags    = 40
[    2.941116] vma_vm_pgoff    = 76
[    2.942673] file_dentry     = 12
[    2.942673] file_inode      = 40
[    2.942673] dentry_d_name   = 24
[    2.942673] dentry_d_iname  = 44
[    2.942673] dentry_d_parent = 16
[    2.942673] ti_task         = 0
[    2.942673] inode_ino   = 28
[    4.169536] proc_fork_connector  = 2151078840
[    4.169995] proc_exit_connector  = 2151080432
[    4.170387] proc_exec_connector  = 2151079052
[    4.170768] vma_link  = 2149124372
[    4.171102] vma_adjust  = 2149124540
[    4.171627] remove_vma  = 2149122188
[    4.171974] modules  = 2155833724
[    4.172303] trim_init_extable  = 2150545316
[    4.173782] cfg80211: Calling CRDA to update world regulatory domain
[    4.177847] PCI: Enabling device 0000:00:12.0 (0000 -> 0002)
[    4.179404] cirrusfb 0000:00:12.0: Cirrus Logic chipset on PCI bus, RAM (4096 kB) at 0x10000000
[    4.432551] Console: switching to colour frame buffer device 80x30
[    4.511866] Serial: 8250/16550 driver, 4 ports, IRQ sharing enabled
[    4.528551] console [ttyS0] disabled
[    4.557025] serial8250.0: ttyS0 at I/O 0x3f8 (irq = 4, base_baud = 115200) is a 16550A
[    4.558290] console [ttyS0] enabled
[    4.558290] console [ttyS0] enabled
[    4.558933] bootconsole [uart0] disabled
[    4.558933] bootconsole [uart0] disabled
[    4.590950] serial8250.0: ttyS1 at I/O 0x2f8 (irq = 3, base_baud = 115200) is a 16550A
[    4.729560] brd: module loaded
[    4.803759] loop: module loaded
[    4.811535] ata_piix 0000:00:0a.1: version 2.13
[    4.812173] PCI: Enabling device 0000:00:0a.1 (0000 -> 0001)
[    4.842456] scsi host0: ata_piix
[    4.849079] scsi host1: ata_piix
[    4.853534] ata1: PATA max UDMA/33 cmd 0x1f0 ctl 0x3f6 bmdma 0x1460 irq 14
[    4.854132] ata2: PATA max UDMA/33 cmd 0x170 ctl 0x376 bmdma 0x1468 irq 15
[    4.861978] [nandsim] warning: read_byte: unexpected data output cycle, state is STATE_READY return 0x0
[    4.862654] [nandsim] warning: read_byte: unexpected data output cycle, state is STATE_READY return 0x0
[    4.863327] [nandsim] warning: read_byte: unexpected data output cycle, state is STATE_READY return 0x0
[    4.864138] [nandsim] warning: read_byte: unexpected data output cycle, state is STATE_READY return 0x0
[    4.864779] [nandsim] warning: read_byte: unexpected data output cycle, state is STATE_READY return 0x0
[    4.865431] [nandsim] warning: read_byte: unexpected data output cycle, state is STATE_READY return 0x0
[    4.866297] nand: device found, Manufacturer ID: 0x98, Chip ID: 0x39
[    4.866803] nand: Toshiba NAND 128MiB 1,8V 8-bit
[    4.867302] nand: 128 MiB, SLC, erase size: 16 KiB, page size: 512, OOB size: 16
[    4.869359] flash size: 128 MiB
[    4.869654] page size: 512 bytes
[    4.869955] OOB area size: 16 bytes
[    4.870264] sector size: 16 KiB
[    4.870550] pages number: 262144
[    4.870847] pages per sector: 32
[    4.871137] bus width: 8
[    4.871578] bits in sector size: 14
[    4.871898] bits in page size: 9
[    4.872199] bits in OOB size: 4
[    4.872496] flash size with OOB: 135168 KiB
[    4.872833] page address bytes: 4
[    4.873130] sector address bytes: 3
[    4.873433] options: 0x42
[    4.970413] Scanning device for bad blocks
[    6.379917] ata1.01: NODEV after polling detection
[    6.380992] ata2.01: NODEV after polling detection
[    6.383174] ata2.00: ATAPI: QEMU DVD-ROM, 2.5+, max UDMA/100
[    6.386176] ata1.00: ATA-7: QEMU HARDDISK, 2.5+, max UDMA/100
[    6.386707] ata1.00: 2097152 sectors, multi 16: LBA48 
[    6.393893] ata2.00: configured for UDMA/33
[    6.397557] ata1.00: configured for UDMA/33
[    6.406674] scsi 0:0:0:0: Direct-Access     ATA      QEMU HARDDISK    2.5+ PQ: 0 ANSI: 5
[    6.425222] sd 0:0:0:0: [sda] 2097152 512-byte logical blocks: (1.07 GB/1.00 GiB)
[    6.427035] scsi 1:0:0:0: CD-ROM            QEMU     QEMU DVD-ROM     2.5+ PQ: 0 ANSI: 5
[    6.442086] sd 0:0:0:0: [sda] Write Protect is off
[    6.442694] sd 0:0:0:0: [sda] Mode Sense: 00 3a 00 00
[    6.444504] sd 0:0:0:0: [sda] Write cache: enabled, read cache: enabled, doesn't support DPO or FUA
[    6.457643]  sda: sda1
[    6.472077] sd 0:0:0:0: [sda] Attached SCSI disk
[    6.472711] Creating 11 MTD partitions on "NAND 128MiB 1,8V 8-bit":
[    6.473449] 0x000000000000-0x000000100000 : "NAND simulator partition 0"
[    6.486397] 0x000000100000-0x000000200000 : "NAND simulator partition 1"
[    6.498623] 0x000000200000-0x000000300000 : "NAND simulator partition 2"
[    6.511094] 0x000000300000-0x000000400000 : "NAND simulator partition 3"
[    6.523915] 0x000000400000-0x000000500000 : "NAND simulator partition 4"
[    6.538264] 0x000000500000-0x000000600000 : "NAND simulator partition 5"
[    6.552734] 0x000000600000-0x000000700000 : "NAND simulator partition 6"
[    6.565787] 0x000000700000-0x000000800000 : "NAND simulator partition 7"
[    6.578941] 0x000000800000-0x000000900000 : "NAND simulator partition 8"
[    6.591148] 0x000000900000-0x000000a00000 : "NAND simulator partition 9"
[    6.603711] 0x000000a00000-0x000008000000 : "NAND simulator partition 10"
[    6.657125] tun: Universal TUN/TAP device driver, 1.6
[    6.657551] tun: (C) 1999-2004 Max Krasnyansky <maxk@qualcomm.com>
[    6.661735] pcnet32: pcnet32.c:v1.35 21.Apr.2008 tsbogend@alpha.franken.de
[    6.663229] e1000: Intel(R) PRO/1000 Network Driver - version 7.3.21-k8-NAPI
[    6.663973] e1000: Copyright (c) 1999-2006 Intel Corporation.
[    6.665079] PCI: Enabling device 0000:00:13.0 (0000 -> 0003)
[    6.988765] e1000 0000:00:13.0 eth0: (PCI:33MHz:32-bit) 52:54:00:12:34:56
[    6.989521] e1000 0000:00:13.0 eth0: Intel(R) PRO/1000 Network Connection
[    6.990351] PCI: Enabling device 0000:00:14.0 (0000 -> 0003)
[    7.317010] e1000 0000:00:14.0 eth1: (PCI:33MHz:32-bit) 52:54:00:12:34:57
[    7.317657] e1000 0000:00:14.0 eth1: Intel(R) PRO/1000 Network Connection
[    7.318482] PCI: Enabling device 0000:00:15.0 (0000 -> 0003)
[    7.320633] cfg80211: Calling CRDA to update world regulatory domain
[    7.632953] e1000 0000:00:15.0 eth2: (PCI:33MHz:32-bit) 52:54:00:12:34:58
[    7.633613] e1000 0000:00:15.0 eth2: Intel(R) PRO/1000 Network Connection
[    7.634458] PCI: Enabling device 0000:00:16.0 (0000 -> 0003)
[    7.954897] e1000 0000:00:16.0 eth3: (PCI:33MHz:32-bit) 52:54:00:12:34:59
[    7.955688] e1000 0000:00:16.0 eth3: Intel(R) PRO/1000 Network Connection
[    7.957313] e1000e: Intel(R) PRO/1000 Network Driver - 2.3.2-k
[    7.957758] e1000e: Copyright(c) 1999 - 2014 Intel Corporation.
[    7.963584] PPP generic driver version 2.4.2
[    7.966291] PPP Deflate Compression module registered
[    7.967118] PPP MPPE Compression module registered
[    7.967814] NET: Registered protocol family 24
[    7.968705] ehci_hcd: USB 2.0 'Enhanced' Host Controller (EHCI) Driver
[    7.969329] ehci-pci: EHCI PCI platform driver
[    7.970771] ohci_hcd: USB 1.1 'Open' Host Controller (OHCI) Driver
[    7.971532] ohci-pci: OHCI PCI platform driver
[    7.972968] uhci_hcd: USB Universal Host Controller Interface driver
[    7.974903] uhci_hcd 0000:00:0a.2: UHCI Host Controller
[    7.976098] uhci_hcd 0000:00:0a.2: new USB bus registered, assigned bus number 1
[    7.977388] uhci_hcd 0000:00:0a.2: irq 11, io base 0x00001440
[    7.992870] hub 1-0:1.0: USB hub found
[    7.993975] hub 1-0:1.0: 2 ports detected
[    8.006327] usbcore: registered new interface driver usb-storage
[    8.011978] mousedev: PS/2 mouse device common for all mice
[    8.020061] rtc_cmos rtc_cmos: rtc core: registered rtc_cmos as rtc0
[    8.020997] rtc_cmos rtc_cmos: alarms up to one day, 242 bytes nvram
[    8.022802] i2c /dev entries driver
[    8.024522] piix4_smbus 0000:00:0a.3: SMBus Host Controller at 0x1100, revision 0
[    8.030576] sdhci: Secure Digital Host Controller Interface driver
[    8.031050] sdhci: Copyright(c) Pierre Ossman
[    8.034191] hidraw: raw HID events driver (C) Jiri Kosina
[    8.058742] usbcore: registered new interface driver usbhid
[    8.059192] usbhid: USB HID core driver
[    8.060716] Netfilter messages via NETLINK v0.30.
[    8.062393] nf_conntrack version 0.5.0 (3923 buckets, 15692 max)
[    8.066622] ctnetlink v0.93: registering with nfnetlink.
[    8.074132] ipip: IPv4 over IPv4 tunneling driver
[    8.089875] ip_tables: (C) 2000-2006 Netfilter Core Team
[    8.093559] arp_tables: (C) 2002 David S. Miller
[    8.096108] Initializing XFRM netlink socket
[    8.097611] NET: Registered protocol family 10
[    8.125472] ip6_tables: (C) 2000-2006 Netfilter Core Team
[    8.130282] sit: IPv6 over IPv4 tunneling driver
[    8.153153] NET: Registered protocol family 17
[    8.154331] bridge: automatic filtering via arp/ip/ip6tables has been deprecated. Update your scripts to load br_netfilter if you need this.
[    8.155920] Bridge firewalling registered
[    8.156486] Ebtables v2.0 registered
[    8.159240] 8021q: 802.1Q VLAN Support v1.8
[    8.186952] rtc_cmos rtc_cmos: setting system clock to 2025-07-23 02:13:48 UTC (1753236828)
[    8.215156] EXT2-fs (sda1): warning: mounting unchecked fs, running e2fsck is recommended
[    8.217880] VFS: Mounted root (ext2 filesystem) on device 8:1.
[    8.229621] Freeing YAMON memory: 956k freed
[    8.243024] Freeing unused kernel memory: 260K (8081f000 - 80860000)
[    8.287512] firmadyne: sys_reboot[PID: 48 (init)]: magic1:fee1dead, magic2:28121969, cmd:0
init started:  BusyBox v1.00 (2007.12.04-12:53+0000) multi-call binary
Starting pid 50, console /dev/tts/0: '/etc/init.d/rcS'
[    8.455108] firmadyne: do_execve: /firmadyne/console
[    8.456098] OFFSETS: offset of pid: 0x198 offset of comm: 0x278
[/etc/init.d/S03config.sh][    8.475898] spurious 8259A interrupt: IRQ7.

Mounting proc and var ...
[    9.179369] firmadyne: sys_socket[PID: 71 (wps)]: family:1, type:1, protocol:0
[    9.194468] firmadyne: sys_socket[PID: 71 (wps)]: family:1, type:1, protocol:0
[    9.210040] random: wps urandom read with 91 bits of entropy available
[    9.234813] firmadyne: sys_socket[PID: 71 (wps)]: family:1, type:1, protocol:0
[   10.246359] firmadyne: sys_socket[PID: 71 (wps)]: family:1, type:1, protocol:0
[   10.465603] cfg80211: Calling CRDA to update world regulatory domain
[   11.261914] firmadyne: sys_socket[PID: 71 (wps)]: family:1, type:1, protocol:0
[   12.282714] firmadyne: sys_socket[PID: 71 (wps)]: family:1, type:1, protocol:0
[   12.296628] firmadyne: sys_socket[PID: 71 (wps)]: family:1, type:1, protocol:0
Start xmldb ...
[   12.527154] firmadyne: sys_socket[PID: 74 (xmldb)]: family:1, type:2, protocol:0
[/etc/scripts/misc/profile.sh] get ...
[   13.611705] cfg80211: Calling CRDA to update world regulatory domain
Can't get config from nvram, generate default!
[/etc/scripts/misc/profile.sh] reset ...
[   14.169121] firmadyne: sys_socket[PID: 92 (rgdb)]: family:1, type:2, protocol:0
[   14.235610] random: nonblocking pool is initialized
[/etc/scripts/misc/defnodes.sh] ...
[/etc/defnodes/S10setext.sh] ...
[   14.535295] firmadyne: sys_socket[PID: 100 (xmldbc)]: family:1, type:2, protocol:0
[   14.602458] firmadyne: sys_socket[PID: 101 (xmldbc)]: family:1, type:2, protocol:0
[   14.667329] firmadyne: sys_socket[PID: 102 (xmldbc)]: family:1, type:2, protocol:0
[   14.732486] firmadyne: sys_socket[PID: 103 (xmldbc)]: family:1, type:2, protocol:0
[   14.799071] firmadyne: sys_socket[PID: 104 (xmldbc)]: family:1, type:2, protocol:0
[   14.864796] firmadyne: sys_socket[PID: 105 (xmldbc)]: family:1, type:2, protocol:0
[   14.929461] firmadyne: sys_socket[PID: 106 (xmldbc)]: family:1, type:2, protocol:0
[   15.001966] firmadyne: sys_socket[PID: 107 (xmldbc)]: family:1, type:2, protocol:0
[   15.067252] firmadyne: sys_socket[PID: 108 (xmldbc)]: family:1, type:2, protocol:0
[   15.130809] firmadyne: sys_socket[PID: 109 (xmldbc)]: family:1, type:2, protocol:0
[   15.197257] firmadyne: sys_socket[PID: 110 (xmldbc)]: family:1, type:2, protocol:0
[   15.262550] firmadyne: sys_socket[PID: 111 (xmldbc)]: family:1, type:2, protocol:0
[   15.327065] firmadyne: sys_socket[PID: 112 (xmldbc)]: family:1, type:2, protocol:0
[   15.393992] firmadyne: sys_socket[PID: 113 (xmldbc)]: family:1, type:2, protocol:0
[   15.458767] firmadyne: sys_socket[PID: 114 (xmldbc)]: family:1, type:2, protocol:0
[   15.523304] firmadyne: sys_socket[PID: 115 (xmldbc)]: family:1, type:2, protocol:0
[   15.589542] firmadyne: sys_socket[PID: 116 (xmldbc)]: family:1, type:2, protocol:0
[   15.655192] firmadyne: sys_socket[PID: 117 (xmldbc)]: family:1, type:2, protocol:0
[   15.716087] firmadyne: sys_socket[PID: 118 (xmldbc)]: family:1, type:2, protocol:0
[   15.780611] firmadyne: sys_socket[PID: 119 (xmldbc)]: family:1, type:2, protocol:0
[   15.845594] firmadyne: sys_socket[PID: 120 (xmldbc)]: family:1, type:2, protocol:0
[   15.911193] firmadyne: sys_socket[PID: 121 (xmldbc)]: family:1, type:2, protocol:0
[   15.974902] firmadyne: sys_socket[PID: 122 (xmldbc)]: family:1, type:2, protocol:0
[   16.043928] firmadyne: sys_socket[PID: 123 (xmldbc)]: family:1, type:2, protocol:0
PHP [/etc/defnodes/S11setnodes.php] ...
[   16.167985] firmadyne: sys_socket[PID: 126 (rgdb)]: family:1, type:2, protocol:0
PHP [/etc/defnodes/S12features.php] ...
[   16.755791] cfg80211: Calling CRDA to update world regulatory domain
[   16.774612] firmadyne: sys_socket[PID: 137 (rgdb)]: family:1, type:2, protocol:0
PHP [/etc/defnodes/S13flashspeed.php] ...
[   16.909252] firmadyne: sys_socket[PID: 140 (rgdb)]: family:1, type:2, protocol:0
PHP [/etc/defnodes/S20setnodes.php] ...
[   17.155300] firmadyne: sys_socket[PID: 145 (rgdb)]: family:1, type:2, protocol:0
[   17.314336] firmadyne: sys_socket[PID: 149 (xmldbc)]: family:1, type:2, protocol:0
[   17.492320] firmadyne: sys_socket[PID: 152 (xmldbc)]: family:1, type:2, protocol:0
[   17.643687] firmadyne: sys_socket[PID: 156 (xmldbc)]: family:1, type:2, protocol:0
[   17.804399] firmadyne: sys_socket[PID: 159 (xmldbc)]: family:1, type:2, protocol:0
[   17.935094] firmadyne: sys_socket[PID: 162 (xmldbc)]: family:1, type:2, protocol:0
[   18.000638] firmadyne: sys_socket[PID: 163 (xmldbc)]: family:1, type:2, protocol:0
[   18.067924] firmadyne: sys_socket[PID: 164 (xmldbc)]: family:1, type:2, protocol:0
[   18.132607] firmadyne: sys_socket[PID: 165 (xmldbc)]: family:1, type:2, protocol:0
[   18.200745] firmadyne: sys_socket[PID: 166 (xmldbc)]: family:1, type:2, protocol:0
[   18.267846] firmadyne: sys_socket[PID: 167 (xmldbc)]: family:1, type:2, protocol:0
[   18.328274] firmadyne: sys_socket[PID: 168 (xmldbc)]: family:1, type:2, protocol:0
[   18.492691] EXT3-fs (mtdblock6): error: can't find ext3 filesystem on dev mtdblock6.
[   18.500048] EXT2-fs (mtdblock6): error: can't find an ext2 filesystem on dev mtdblock6.
[   18.507059] EXT4-fs (mtdblock6): VFS: Can't find ext4 filesystem
[   18.522301] cramfs: wrong magic
[   18.529638] squashfs: SQUASHFS error: Can't find a SQUASHFS superblock on mtdblock6
[   18.536983] FAT-fs (mtdblock6): bogus logical sector size 65535
[   18.537710] FAT-fs (mtdblock6): Can't find a valid FAT filesystem
[   18.549599] romfs: VFS: Can't find a romfs filesystem on dev mtdblock6.
[   18.556783] UDF-fs: warning (device mtdblock6): udf_load_vrs: No VRS found
[   18.557588] UDF-fs: warning (device mtdblock6): udf_fill_super: No partition found (2)
mount: Mounting /dev/mtdblock/6 on /www/locale/alt failed: Invalid argument
[   18.708532] firmadyne: sys_socket[PID: 177 (xmldbc)]: family:1, type:2, protocol:0
[   18.928113] firmadyne: sys_socket[PID: 184 (xmldbc)]: family:1, type:2, protocol:0
[   19.061258] firmadyne: sys_socket[PID: 187 (xmldbc)]: family:1, type:2, protocol:0
[   19.125806] firmadyne: sys_socket[PID: 188 (xmldbc)]: family:1, type:2, protocol:0
PHP [/etc/defnodes/S40brand.php] ...
[   19.251830] firmadyne: sys_socket[PID: 191 (rgdb)]: family:1, type:2, protocol:0
[/etc/scripts/misc/defnodes.sh] Done !!
[/etc/scripts/misc/profile.sh] put ...
[   19.686565] firmadyne: sys_socket[PID: 200 (rgdb)]: family:1, type:2, protocol:0
[   19.899782] cfg80211: Calling CRDA to update world regulatory domain
ok
[/etc/templates/timezone.sh] ...
[   20.270533] firmadyne: sys_socket[PID: 209 (rgdb)]: family:1, type:2, protocol:0
[   20.476351] firmadyne: sys_socket[PID: 214 (rgdb)]: family:1, type:2, protocol:0
[   21.192184] firmadyne: sys_socket[PID: 218 (rgdb)]: family:1, type:2, protocol:0
[   21.286777] firmadyne: sys_socket[PID: 220 (rgdb)]: family:1, type:2, protocol:0
[   21.377951] firmadyne: sys_socket[PID: 222 (rgdb)]: family:1, type:2, protocol:0
[/etc/templates/logs.sh] ...
[   21.608036] firmadyne: sys_socket[PID: 228 (rgdb)]: family:1, type:2, protocol:0
[   21.714809] firmadyne: sys_socket[PID: 230 (rgdb)]: family:1, type:2, protocol:0
[/var/run/logs_run.sh] ...
[   22.067896] firmadyne: sys_socket[PID: 234 (syslogd)]: family:1, type:1, protocol:0
Inserting modules ...
Using /lib/modules/wlan.o
insmod: Not configured to support old kernels
Using /lib/modules/wlan_xauth.o
insmod: Not configured to support old kernels
Using /lib/modules/wlan_wep.o
insmod: Not configured to support old kernels
Using /lib/modules/wlan_tkip.o
insmod: Not configured to support old kernels
Using /lib/modules/wlan_scan_sta.o
insmod: Not configured to support old kernels
Using /lib/modules/wlan_scan_ap.o
insmod: Not configured to support old kernels
Using /lib/modules/wlan_ccmp.o
insmod: Not configured to support old kernels
Using /lib/modules/wlan_acl.o
insmod: Not configured to support old kernels
Using /lib/modules/ath_hal.o
insmod: Not configured to support old kernels
Using /lib/modules/ath_rate_atheros.o
insmod: Not configured to support old kernels
Using /lib/modules/ath_dfs.o
insmod: Not configured to support old kernels
[   22.884786] firmadyne: sys_socket[PID: 253 (rgdb)]: family:1, type:2, protocol:0
[   23.048045] cfg80211: Calling CRDA to update world regulatory domain
The countrycode is 840.
Using /lib/modules/ath_ahb.o
insmod: Not configured to support old kernels
[   23.251336] firmadyne: sys_socket[PID: 260 (wlanconfig)]: family:2, type:1, protocol:0
wlanconfig: ioctl: No such device
[   23.460280] firmadyne: sys_socket[PID: 268 (ifconfig)]: family:2, type:1, protocol:0
SIOCSIFHWADDR: No such device
Using /lib/modules/ar231x_access.o
insmod: Not configured to support old kernels
[   23.703296] firmadyne: sys_socket[PID: 277 (ifconfig)]: family:2, type:1, protocol:0
[   23.722318] IPv6: ADDRCONF(NETDEV_UP): eth0: link is not ready
[   23.723035] 8021q: adding VLAN 0 to HW filter on device eth0
[   23.731414] e1000: eth0 NIC Link is Up 1000 Mbps Full Duplex, Flow Control: RX
[   23.733900] IPv6: ADDRCONF(NETDEV_CHANGE): eth0: link becomes ready
[   23.809868] firmadyne: sys_socket[PID: 278 (rgdb)]: family:1, type:2, protocol:0
[   23.898792] firmadyne: sys_socket[PID: 280 (rgdb)]: family:1, type:2, protocol:0
[   24.010290] firmadyne: sys_socket[PID: 282 (rgdb)]: family:1, type:2, protocol:0
[   24.103352] firmadyne: sys_socket[PID: 284 (vconfig)]: family:2, type:2, protocol:0
Set name-type for VLAN subsystem. Should be visible in /proc/net/vlan/config
[   24.170106] firmadyne: sys_socket[PID: 285 (vconfig)]: family:2, type:2, protocol:0
[   24.172117] firmadyne: register_vlan_dev[PID: 285 (vconfig)]: dev:eth0.0 vlan_id:0
[   24.255033] firmadyne: sys_socket[PID: 286 (vconfig)]: family:2, type:2, protocol:0
[   24.256875] firmadyne: register_vlan_dev[PID: 286 (vconfig)]: dev:eth0.2 vlan_id:2
[   24.335866] firmadyne: sys_socket[PID: 287 (brctl)]: family:2, type:2, protocol:0
[   24.420540] firmadyne: sys_socket[PID: 288 (brctl)]: family:2, type:2, protocol:0
[   24.426503] firmadyne: sys_socket[PID: 288 (brctl)]: family:10, type:1, protocol:0
[   24.486951] firmadyne: sys_socket[PID: 289 (brctl)]: family:2, type:2, protocol:0
[   24.491071] firmadyne: sys_socket[PID: 289 (brctl)]: family:10, type:1, protocol:0
[   24.523300] firmadyne: sys_socket[PID: 290 (ifconfig)]: family:2, type:1, protocol:0
[   24.525840] firmadyne: __inet_insert_ifa[PID: 290 (ifconfig)]: device:br0 ifa:0x00000000
[/etc/templates/webs.sh] start ...
[   24.721144] firmadyne: sys_socket[PID: 294 (rgdb)]: family:1, type:2, protocol:0
[   24.872854] firmadyne: sys_socket[PID: 295 (rgdb)]: family:1, type:2, protocol:0
[/var/run/webs_start.sh] ...
Starting HTTPD ...
[/etc/init.d/S03config.sh] done!
[/etc/init.d/S10system.sh]
[   25.315874] firmadyne: sys_socket[PID: 304 (rgdb)]: family:1, type:2, protocol:0
start scheduled ...
[/etc/templates/scheduled.sh] start ...
[   25.712252] firmadyne: sys_socket[PID: 309 (rgdb)]: family:1, type:2, protocol:0
[   25.798338] firmadyne: sys_socket[PID: 312 (route)]: family:2, type:1, protocol:0
[   25.981177] firmadyne: sys_socket[PID: 315 (xmldbc)]: family:1, type:2, protocol:0
[   25.987258] firmadyne: sys_socket[PID: 313 (httpd)]: family:2, type:2, protocol:0
[   26.003940] firmadyne: sys_setsockopt[PID: 313 (httpd)]: fd:4, level:65535, optname:4
[   26.005425] firmadyne: sys_setsockopt[PID: 313 (httpd)]: fd:4, level:65535, optname:25
[   26.006570] firmadyne: inet_bind[PID: 313 (httpd)]: proto:SOCK_STREAM, port:49152
[   26.010845] firmadyne: sys_socket[PID: 313 (httpd)]: family:2, type:1, protocol:0
[   26.012211] firmadyne: sys_setsockopt[PID: 313 (httpd)]: fd:5, level:65535, optname:4
[   26.013285] firmadyne: sys_setsockopt[PID: 313 (httpd)]: fd:5, level:65535, optname:25
[   26.014290] firmadyne: inet_bind[PID: 313 (httpd)]: proto:SOCK_DGRAM, port:1900
[   26.015490] firmadyne: sys_setsockopt[PID: 313 (httpd)]: fd:5, level:0, optname:35
[   26.027835] firmadyne: sys_socket[PID: 313 (httpd)]: family:2, type:2, protocol:0
[   26.028952] firmadyne: sys_setsockopt[PID: 313 (httpd)]: fd:6, level:65535, optname:4
[   26.029998] firmadyne: sys_setsockopt[PID: 313 (httpd)]: fd:6, level:65535, optname:25
[   26.031037] firmadyne: inet_bind[PID: 313 (httpd)]: proto:SOCK_STREAM, port:80
[   26.121955] firmadyne: sys_socket[PID: 313 (httpd)]: family:1, type:1, protocol:0
[   26.146167] firmadyne: sys_socket[PID: 316 (xmldbc)]: family:1, type:2, protocol:0
[   26.192145] cfg80211: Calling CRDA to update world regulatory domain
[/var/run/scheduled_start.sh] ...
Start scheduled ...
setup layout ...
[   26.415473] firmadyne: sys_socket[PID: 320 (scheduled)]: family:1, type:1, protocol:0
[/etc/scripts/layout.sh] start ...
[   26.555117] firmadyne: sys_socket[PID: 325 (rgdb)]: family:1, type:2, protocol:0
[   26.720144] firmadyne: sys_socket[PID: 326 (rgdb)]: family:1, type:2, protocol:0
[/var/run/layout_start.sh] ...
Start router layout ...
/proc/driver/ae531x: cannot create
/proc/driver/ae531x: cannot create
/proc/driver/ae531x: cannot create
/proc/driver/ae531x: cannot create
/proc/driver/ae531x: cannot create
/proc/driver/ae531x: cannot create
/proc/driver/ae531x: cannot create
/proc/driver/ae531x: cannot create
/proc/driver/ae531x: cannot create
/proc/driver/ae531x: cannot create
[   27.064681] firmadyne: sys_socket[PID: 340 (ifconfig)]: family:2, type:1, protocol:0
[   27.093954] firmadyne: sys_socket[PID: 341 (ifconfig)]: family:2, type:1, protocol:0
[   27.154698] firmadyne: sys_socket[PID: 342 (brctl)]: family:2, type:2, protocol:0
[   27.159000] firmadyne: sys_socket[PID: 342 (brctl)]: family:10, type:1, protocol:0
[   27.164237] firmadyne: sys_socket[PID: 342 (brctl)]: family:10, type:1, protocol:0
interface ath0 does not exist!
[   27.253783] firmadyne: sys_socket[PID: 347 (brctl)]: family:2, type:2, protocol:0
[   27.259922] firmadyne: sys_socket[PID: 347 (brctl)]: family:10, type:1, protocol:0
[   27.262619] firmadyne: sys_socket[PID: 347 (brctl)]: family:10, type:1, protocol:0
[   27.266565] firmadyne: br_add_if[PID: 347 (brctl)]: br:br0 dev:eth0.0
[   27.273728] device eth0.0 entered promiscuous mode
[   27.274321] device eth0 entered promiscuous mode
[   27.278556] br0: port 1(eth0.0) entered forwarding state
[   27.279877] br0: port 1(eth0.0) entered forwarding state
[   27.340160] firmadyne: sys_socket[PID: 348 (brctl)]: family:2, type:2, protocol:0
[   27.346203] firmadyne: sys_socket[PID: 348 (brctl)]: family:10, type:1, protocol:0
[   27.351376] firmadyne: sys_socket[PID: 348 (brctl)]: family:10, type:1, protocol:0
can't find port ath0 in bridge br0
[   27.410342] firmadyne: sys_socket[PID: 353 (ifconfig)]: family:2, type:1, protocol:0
[   27.470485] firmadyne: sys_socket[PID: 354 (rgdb)]: family:1, type:2, protocol:0
start LAN ...
[/etc/templates/lan.sh] ...
[   27.696811] firmadyne: sys_socket[PID: 359 (rgdb)]: family:1, type:2, protocol:0
[   28.042879] firmadyne: sys_socket[PID: 360 (rgdb)]: family:1, type:2, protocol:0
[/var/run/lan_start.sh] ...
Start LAN (br0/192.168.0.1/255.255.255.0)...
[   28.369925] firmadyne: sys_socket[PID: 364 (ifconfig)]: family:2, type:1, protocol:0
[   28.373991] firmadyne: __inet_insert_ifa[PID: 364 (ifconfig)]: device:br0 ifa:0xc0a80001
[   28.414819] firmadyne: inet_accept[PID: 313 (httpd)]:
[   28.416866] firmadyne: inet_accept[PID: 313 (httpd)]:
Start DHCP server (br0) ...
[   28.638734] firmadyne: sys_socket[PID: 368 (dhcpxmlpatch)]: family:1, type:2, protocol:0
start fresetd ...
[   28.725277] firmadyne: sys_socket[PID: 367 (udhcpd)]: family:2, type:3, protocol:255
[   28.740319] firmadyne: sys_socket[PID: 367 (udhcpd)]: family:2, type:1, protocol:17
[   28.741473] firmadyne: sys_setsockopt[PID: 367 (udhcpd)]: fd:5, level:65535, optname:4
[   28.742475] firmadyne: sys_setsockopt[PID: 367 (udhcpd)]: fd:5, level:65535, optname:32
[   28.743774] firmadyne: sys_setsockopt[PID: 367 (udhcpd)]: fd:5, level:65535, optname:25
enable LAN ports ...
[   28.755998] firmadyne: inet_bind[PID: 367 (udhcpd)]: proto:SOCK_DGRAM, port:67
Factory reset time : 5 secs
WPS command : [/etc/templates/wps.sh pbc &]
gpio_outen/proc/driver/ae531x: cannot create
: can not open [/proc/ar231x/gpio_cr7] to write.
/proc/driver/ae531x: cannot create
/proc/driver/ae531x: cannot create
/proc/driver/ae531x: cannot create
start WLAN ...
[/etc/templates/wlan.sh] start ...
[   29.127020] firmadyne: sys_socket[PID: 383 (rgdb)]: family:1, type:2, protocol:0
[   29.335781] cfg80211: Calling CRDA to update world regulatory domain
[   29.626772] firmadyne: sys_socket[PID: 386 (atp)]: family:1, type:2, protocol:0
[   29.961741] firmadyne: sys_socket[PID: 387 (rgdb)]: family:1, type:2, protocol:0
[/var/run/wlan_start.sh] ...
Start WLAN interface ath0 ...
[   30.844775] firmadyne: sys_socket[PID: 391 (iwpriv)]: family:2, type:1, protocol:0
ath0      no private ioctls.

[   30.904495] firmadyne: sys_socket[PID: 392 (iwpriv)]: family:2, type:1, protocol:0
ath0      no private ioctls.

[   30.963812] firmadyne: sys_socket[PID: 393 (iwpriv)]: family:2, type:1, protocol:0
ath0      no private ioctls.

[   31.088457] firmadyne: sys_socket[PID: 394 (brctl)]: family:2, type:2, protocol:0
[   31.094349] firmadyne: sys_socket[PID: 394 (brctl)]: family:10, type:1, protocol:0
[   31.105580] firmadyne: sys_socket[PID: 394 (brctl)]: family:10, type:1, protocol:0
[   31.125183] firmadyne: sys_socket[PID: 395 (atp)]: family:1, type:2, protocol:0
can't find port ath0 in bridge br0
[   31.278009] firmadyne: sys_socket[PID: 400 (iwpriv)]: family:2, type:1, protocol:0
ath0      no private ioctls.

[   31.400075] firmadyne: sys_socket[PID: 401 (iwpriv)]: family:2, type:1, protocol:0
ath0      no private ioctls.

[   31.504847] firmadyne: sys_socket[PID: 402 (iwpriv)]: family:2, type:1, protocol:0
ath0      no private ioctls.

[   31.565236] firmadyne: sys_socket[PID: 403 (iwpriv)]: family:2, type:1, protocol:0
ath0      no private ioctls.

[   31.626040] firmadyne: sys_socket[PID: 404 (iwpriv)]: family:2, type:1, protocol:0
ath0      no private ioctls.

[   31.685257] firmadyne: sys_socket[PID: 405 (iwconfig)]: family:2, type:1, protocol:0
Error for wireless request "Set Frequency" (8B04) :
    SET failed on device ath0 ; Invalid argument.
[   31.749734] firmadyne: sys_socket[PID: 406 (iwconfig)]: family:2, type:1, protocol:0
Error for wireless request "Set RTS Threshold" (8B22) :
    SET failed on device ath0 ; Invalid argument.
[   31.815085] firmadyne: sys_socket[PID: 407 (iwconfig)]: family:2, type:1, protocol:0
Error for wireless request "Set Fragmentation Threshold" (8B24) :
    SET failed on device ath0 ; Invalid argument.
[   31.878761] firmadyne: sys_socket[PID: 408 (iwconfig)]: family:2, type:1, protocol:0
Error for wireless request "Set Bit Rate" (8B20) :
    SET failed on device ath0 ; Invalid argument.
[   31.941437] firmadyne: sys_socket[PID: 409 (iwpriv)]: family:2, type:1, protocol:0
ath0      no private ioctls.

[   32.050289] firmadyne: sys_socket[PID: 410 (iwpriv)]: family:2, type:1, protocol:0
ath0      no private ioctls.

/proc/net/br_forward_br0: cannot create
[   32.119293] firmadyne: sys_socket[PID: 411 (atp)]: family:1, type:2, protocol:0
[   32.198184] firmadyne: sys_socket[PID: 413 (iwpriv)]: family:2, type:1, protocol:0
ath0      no private ioctls.

[   32.307207] firmadyne: sys_socket[PID: 414 (iwpriv)]: family:2, type:1, protocol:0
ath0      no private ioctls.

[   32.431806] firmadyne: sys_socket[PID: 415 (iwpriv)]: family:2, type:1, protocol:0
ath0      no private ioctls.

[   32.479765] cfg80211: Calling CRDA to update world regulatory domain
[   32.549547] firmadyne: sys_socket[PID: 416 (iwpriv)]: family:2, type:1, protocol:0
ath0      no private ioctls.

[   32.665362] firmadyne: sys_socket[PID: 417 (iwconfig)]: family:2, type:1, protocol:0
Error for wireless request "Set ESSID" (8B1A) :
    SET failed on device ath0 ; Invalid argument.
[   32.794662] firmadyne: sys_socket[PID: 420 (ifconfig)]: family:2, type:1, protocol:0
SIOCGIFFLAGS: No such device
[   32.945448] firmadyne: sys_socket[PID: 419 (wlxmlpatch)]: family:1, type:2, protocol:0
Configuration file: /var/run/hostapd.ath0.conf
[   33.032160] firmadyne: sys_socket[PID: 419 (wlxmlpatch)]: family:1, type:2, protocol:0
[   33.034681] firmadyne: sys_socket[PID: 418 (hostapd)]: family:2, type:1, protocol:0
[   33.047070] firmadyne: sys_socket[PID: 419 (wlxmlpatch)]: family:2, type:1, protocol:0
madwifi_poll: ioctl_get_ssid() fail, return -1 !
[   33.065382] firmadyne: sys_socket[PID: 419 (wlxmlpatch)]: family:1, type:2, protocol:0
[   33.106664] firmadyne: sys_socket[PID: 425 (usockc)]: family:1, type:1, protocol:0
Unable to open socket file : /var/run/fresetd_unixsock
ioctl(SIOCGIFINDEX): No such device
madwifi driver initialization failed.
[/etc/templates/wps.sh] setie ...
[   33.290888] firmadyne: sys_socket[PID: 432 (xmldbc)]: family:1, type:2, protocol:0
[   33.446821] firmadyne: sys_socket[PID: 433 (wps)]: family:1, type:1, protocol:0
[/usr/sbin/submit] COMMIT ...
[   34.021062] firmadyne: sys_socket[PID: 439 (xmldbc)]: family:1, type:2, protocol:0
[/etc/scripts/misc/profile.sh] put ...
[   34.667862] firmadyne: sys_socket[PID: 445 (rgdb)]: family:1, type:2, protocol:0
ok
[   35.623822] cfg80211: Exceeded CRDA call max attempts. Not calling CRDA
[/usr/sbin/submit] ROUTE ...
[   35.880457] firmadyne: sys_socket[PID: 455 (xmldbc)]: family:1, type:2, protocol:0
[/etc/templates/route.sh] restart ...
[   36.428648] firmadyne: sys_socket[PID: 459 (xmldbc)]: family:1, type:2, protocol:0
[   36.582415] firmadyne: sys_socket[PID: 460 (xmldbc)]: family:1, type:2, protocol:0
[   36.830441] firmadyne: sys_socket[PID: 462 (atp)]: family:1, type:2, protocol:0
[/var/run/route_start.sh] ...
[   40.087963] firmadyne: sys_socket[PID: 433 (wps)]: family:1, type:1, protocol:0
[   41.097912] firmadyne: sys_socket[PID: 433 (wps)]: family:1, type:1, protocol:0
[/usr/sbin/submit] COMMIT ...
[   41.579959] firmadyne: sys_socket[PID: 469 (xmldbc)]: family:1, type:2, protocol:0
[/etc/scripts/misc/profile.sh] put ...
[   41.908587] firmadyne: sys_socket[PID: 475 (rgdb)]: family:1, type:2, protocol:0
[   42.123943] firmadyne: sys_socket[PID: 433 (wps)]: family:1, type:1, protocol:0
ok
[/usr/sbin/submit] ROUTE ...
[   42.582748] firmadyne: sys_socket[PID: 485 (xmldbc)]: family:1, type:2, protocol:0
[/etc/templates/route.sh] restart ...
[/var/run/route_stop.sh] ...
[   42.951894] firmadyne: sys_socket[PID: 491 (xmldbc)]: family:1, type:2, protocol:0
[   43.132301] firmadyne: sys_socket[PID: 433 (wps)]: family:1, type:1, protocol:0
[   43.134306] firmadyne: sys_socket[PID: 433 (wps)]: family:1, type:1, protocol:0
[   43.145168] firmadyne: sys_socket[PID: 433 (wps)]: family:1, type:1, protocol:0
[   43.152233] firmadyne: sys_socket[PID: 492 (xmldbc)]: family:1, type:2, protocol:0
[   43.391935] firmadyne: sys_socket[PID: 493 (xgi)]: family:1, type:2, protocol:0
[   43.413222] 
do_page_fault(): sending SIGSEGV to xgi for invalid read access from 777a7976
[   43.414028] epc = 777a7977 inra  = 777a7977 in
[   43.414757] 
[   43.415346] potentially unexpected fatal signal 11.
[   43.416451] CPU: 0 PID: 493 Comm: xgi Not tainted 4.1.17+ #1
[   43.417221] task: 8f1d6518 ti: 8f20a000 task.ti: 8f20a000
[   43.417813] $ 0   : 00000000 774c737e ffffffff ffffffff
[   43.418723] $ 4   : 775091f0 7fb7f25f 00000000 775091a4
[   43.419839] $ 8   : 00400eed 00000000 77552138 7746bb34
[   43.420701] $12   : 00000337 006d7cb3 7746ded4 00400ee8
[   43.421542] $16   : 79777a79 777a7977 7a79777a 79777a79
[   43.422389] $20   : 777a7977 8679777a 00000000 ffffffff
[   43.423229] $24   : 774687c4 774b7c10                  
[   43.424306] $28   : 10008890 7fb7fd90 00000000 777a7977
[   43.425167] Hi    : 00000000
[   43.425564] Lo    : 000000d7
[   43.426099] epc   : 777a7977 0x777a7977
[   43.426646] ra    : 777a7977 0x777a7977
[   43.427105] Status: 0000a413	USER EXL IE 
[   43.428021] Cause : 10800008
[   43.428430] BadVA : 777a7976
[   43.428869] PrId  : 00019300 (MIPS 24Kc)
[/var/run/route_start.sh] ...
[/usr/sbin/submit] COMMIT ...
[   44.155983] firmadyne: sys_socket[PID: 433 (wps)]: family:1, type:1, protocol:0
[   44.228217] firmadyne: sys_socket[PID: 501 (xmldbc)]: family:1, type:2, protocol:0
[/etc/scripts/misc/profile.sh] put ...
[   44.551385] firmadyne: sys_socket[PID: 507 (rgdb)]: family:1, type:2, protocol:0
ok
[/usr/sbin/submit] RG_DMZ ...
[   45.163939] firmadyne: sys_socket[PID: 433 (wps)]: family:1, type:1, protocol:0
[   45.228239] firmadyne: sys_socket[PID: 517 (xmldbc)]: family:1, type:2, protocol:0
[/etc/templates/rg.sh] dmz ...
[/usr/sbin/submit] RG_MISC ...
[   45.630848] firmadyne: sys_socket[PID: 523 (rgdb)]: family:1, type:2, protocol:0
[   45.687224] firmadyne: sys_socket[PID: 525 (xmldbc)]: family:1, type:2, protocol:0
[/var/run/rg_dmz.sh] ...
[   46.172740] firmadyne: sys_socket[PID: 433 (wps)]: family:1, type:1, protocol:0
[   46.180514] firmadyne: sys_socket[PID: 433 (wps)]: family:1, type:1, protocol:0
Start WLAN interface ath0 Done !!!
[   46.301793] firmadyne: sys_socket[PID: 528 (iptables)]: family:2, type:3, protocol:255
start Guest Zone
[   46.417677] firmadyne: sys_socket[PID: 528 (iptables)]: family:2, type:3, protocol:255
[   46.490939] firmadyne: sys_socket[PID: 535 (rgdb)]: family:1, type:2, protocol:0
[   46.558348] firmadyne: sys_socket[PID: 540 (logger)]: family:1, type:1, protocol:0
[/etc/templates/gzone.sh] ...
Set WAN port media type 0
[   46.758431] firmadyne: sys_socket[PID: 542 (iptables)]: family:2, type:3, protocol:255
[   46.776863] firmadyne: sys_setsockopt[PID: 542 (iptables)]: fd:4, level:0, optname:64
[   46.779407] firmadyne: sys_setsockopt[PID: 542 (iptables)]: fd:4, level:0, optname:65
open failed (/proc/driver/ae531x)...
[   46.937723] firmadyne: sys_socket[PID: 547 (iptables)]: family:2, type:3, protocol:255
[   47.006950] firmadyne: sys_socket[PID: 549 (xmldbc)]: family:1, type:2, protocol:0
[   47.011924] firmadyne: sys_socket[PID: 547 (iptables)]: family:2, type:3, protocol:255
[   47.148685] firmadyne: sys_socket[PID: 555 (xmldbc)]: family:1, type:2, protocol:0
[   47.172560] firmadyne: sys_socket[PID: 556 (iptables)]: family:2, type:3, protocol:255
[   47.257802] firmadyne: sys_socket[PID: 556 (iptables)]: family:2, type:3, protocol:255
[/etc/templates/enable_gzone.sh] ...
[   47.397364] firmadyne: sys_socket[PID: 564 (iptables)]: family:2, type:3, protocol:255
[   47.410114] firmadyne: sys_setsockopt[PID: 564 (iptables)]: fd:4, level:0, optname:64
[   47.414015] firmadyne: sys_setsockopt[PID: 564 (iptables)]: fd:4, level:0, optname:65
start RG ...
[   47.536060] firmadyne: sys_socket[PID: 566 (iptables)]: family:2, type:3, protocol:255
[   47.549588] firmadyne: sys_setsockopt[PID: 566 (iptables)]: fd:4, level:0, optname:64
[   47.551424] firmadyne: sys_setsockopt[PID: 566 (iptables)]: fd:4, level:0, optname:65
[/etc/templates/rg.sh] start ...
[   47.685625] firmadyne: sys_socket[PID: 570 (iptables)]: family:2, type:3, protocol:255
[   47.757105] firmadyne: sys_socket[PID: 570 (iptables)]: family:2, type:3, protocol:255
open failed (/proc/driver/ae531x)...
[   47.917095] firmadyne: sys_socket[PID: 578 (rgdb)]: family:1, type:2, protocol:0
[   47.944134] firmadyne: sys_socket[PID: 579 (iptables)]: family:2, type:3, protocol:255
[   48.029019] firmadyne: sys_socket[PID: 579 (iptables)]: family:2, type:3, protocol:255
[   48.077683] firmadyne: sys_socket[PID: 583 (rgdb)]: family:1, type:2, protocol:0
[   48.186477] firmadyne: sys_socket[PID: 587 (iptables)]: family:2, type:3, protocol:255
[   48.260843] firmadyne: sys_socket[PID: 587 (iptables)]: family:2, type:3, protocol:255
[/var/run/rg_start.sh] ...
[   48.893881] firmadyne: sys_socket[PID: 596 (iptables)]: family:2, type:3, protocol:255
[   48.901291] firmadyne: sys_setsockopt[PID: 596 (iptables)]: fd:3, level:0, optname:64
[   48.903124] firmadyne: sys_setsockopt[PID: 596 (iptables)]: fd:3, level:0, optname:65
[   48.965284] firmadyne: sys_socket[PID: 597 (iptables)]: family:2, type:3, protocol:255
modprobe: could not parse modules.dep

[   49.006913] firmadyne: sys_socket[PID: 597 (iptables)]: family:2, type:3, protocol:255
iptables v1.2.9: can't initialize iptables table `nat': Table does not exist (do you need to insmod?)
Perhaps iptables or your kernel needs to be upgraded.
[   49.089963] firmadyne: sys_socket[PID: 603 (iptables)]: family:2, type:3, protocol:255
[   49.097935] firmadyne: sys_setsockopt[PID: 603 (iptables)]: fd:3, level:0, optname:64
[   49.101970] firmadyne: sys_setsockopt[PID: 603 (iptables)]: fd:3, level:0, optname:65
[   49.163996] firmadyne: sys_socket[PID: 604 (iptables)]: family:2, type:3, protocol:255
[   49.227148] firmadyne: sys_socket[PID: 605 (iptables)]: family:2, type:3, protocol:255
modprobe: could not parse modules.dep

[   49.268769] firmadyne: sys_socket[PID: 605 (iptables)]: family:2, type:3, protocol:255
iptables v1.2.9: can't initialize iptables table `nat': Table does not exist (do you need to insmod?)
Perhaps iptables or your kernel needs to be upgraded.
[   49.351441] firmadyne: sys_socket[PID: 611 (iptables)]: family:2, type:3, protocol:255
[   49.417962] firmadyne: sys_socket[PID: 612 (iptables)]: family:2, type:3, protocol:255
[   49.423979] firmadyne: sys_setsockopt[PID: 612 (iptables)]: fd:3, level:0, optname:64
[   49.425815] firmadyne: sys_setsockopt[PID: 612 (iptables)]: fd:3, level:0, optname:65
[   49.488503] firmadyne: sys_socket[PID: 613 (iptables)]: family:2, type:3, protocol:255
[   49.494183] firmadyne: sys_setsockopt[PID: 613 (iptables)]: fd:3, level:0, optname:64
[   49.497978] firmadyne: sys_setsockopt[PID: 613 (iptables)]: fd:3, level:0, optname:65
[   49.559105] firmadyne: sys_socket[PID: 614 (iptables)]: family:2, type:3, protocol:255
[   49.563115] firmadyne: sys_setsockopt[PID: 614 (iptables)]: fd:3, level:0, optname:64
[   49.567167] firmadyne: sys_setsockopt[PID: 614 (iptables)]: fd:3, level:0, optname:65
[   49.633491] firmadyne: sys_socket[PID: 615 (iptables)]: family:2, type:3, protocol:255
modprobe: could not parse modules.dep

[   49.676222] firmadyne: sys_socket[PID: 615 (iptables)]: family:2, type:3, protocol:255
iptables v1.2.9: can't initialize iptables table `nat': Table does not exist (do you need to insmod?)
Perhaps iptables or your kernel needs to be upgraded.
[   49.760700] firmadyne: sys_socket[PID: 621 (iptables)]: family:2, type:3, protocol:255
modprobe: could not parse modules.dep

[   49.802533] firmadyne: sys_socket[PID: 621 (iptables)]: family:2, type:3, protocol:255
iptables v1.2.9: can't initialize iptables table `nat': Table does not exist (do you need to insmod?)
Perhaps iptables or your kernel needs to be upgraded.
[   49.892557] firmadyne: sys_socket[PID: 627 (iptables)]: family:2, type:3, protocol:255
[   49.900063] firmadyne: sys_setsockopt[PID: 627 (iptables)]: fd:3, level:0, optname:64
[   49.902227] firmadyne: sys_setsockopt[PID: 627 (iptables)]: fd:3, level:0, optname:65
[   49.973418] firmadyne: sys_socket[PID: 628 (iptables)]: family:2, type:3, protocol:255
modprobe: could not parse modules.dep

[   50.058291] firmadyne: sys_socket[PID: 628 (iptables)]: family:2, type:3, protocol:255
iptables v1.2.9: can't initialize iptables table `nat': Table does not exist (do you need to insmod?)
Perhaps iptables or your kernel needs to be upgraded.
[/etc/templates/rg.sh] misc ...
[   50.233479] firmadyne: sys_socket[PID: 635 (iptables)]: family:2, type:3, protocol:255
modprobe: could not parse modules.dep

[   50.300936] firmadyne: sys_socket[PID: 637 (rgdb)]: family:1, type:2, protocol:0
[   50.308452] firmadyne: sys_socket[PID: 635 (iptables)]: family:2, type:3, protocol:255
iptables v1.2.9: can't initialize iptables table `nat': Table does not exist (do you need to insmod?)
Perhaps iptables or your kernel needs to be upgraded.
[   50.485776] firmadyne: sys_socket[PID: 643 (iptables)]: family:2, type:3, protocol:255
modprobe: could not parse modules.dep

[   50.558501] firmadyne: sys_socket[PID: 643 (iptables)]: family:2, type:3, protocol:255
iptables v1.2.9: can't initialize iptables table `nat': Table does not exist (do you need to insmod?)
Perhaps iptables or your kernel needs to be upgraded.
[   50.722188] firmadyne: sys_socket[PID: 649 (iptables)]: family:2, type:3, protocol:255
modprobe: could not parse modules.dep

[   50.798462] firmadyne: sys_socket[PID: 649 (iptables)]: family:2, type:3, protocol:255
iptables v1.2.9: can't initialize iptables table `nat': Table does not exist (do you need to insmod?)
Perhaps iptables or your kernel needs to be upgraded.
[   50.963183] firmadyne: sys_socket[PID: 655 (iptables)]: family:2, type:3, protocol:255
modprobe: could not parse modules.dep

[   51.042922] firmadyne: sys_socket[PID: 655 (iptables)]: family:2, type:3, protocol:255
iptables v1.2.9: can't initialize iptables table `nat': Table does not exist (do you need to insmod?)
Perhaps iptables or your kernel needs to be upgraded.
[/var/run/rg_misc.sh] ...
[   51.230913] firmadyne: sys_socket[PID: 662 (iptables)]: family:2, type:3, protocol:255
modprobe: could not parse modules.dep

[   51.305564] firmadyne: sys_socket[PID: 662 (iptables)]: family:2, type:3, protocol:255
[   51.321039] firmadyne: sys_socket[PID: 664 (iptables)]: family:2, type:3, protocol:255
iptables v1.2.9: can't initialize iptables table `nat': Table does not exist (do you need to insmod?)
Perhaps iptables or your kernel needs to be upgraded.
[   51.402132] firmadyne: sys_socket[PID: 664 (iptables)]: family:2, type:3, protocol:255
[   51.495888] firmadyne: sys_socket[PID: 672 (iptables)]: family:2, type:3, protocol:255
[   51.545984] firmadyne: sys_socket[PID: 676 (iptables)]: family:2, type:3, protocol:255
[   51.559240] firmadyne: sys_setsockopt[PID: 676 (iptables)]: fd:4, level:0, optname:64
modprobe: could not parse modules.dep

[   51.565836] firmadyne: sys_setsockopt[PID: 676 (iptables)]: fd:4, level:0, optname:65
[   51.572519] firmadyne: sys_socket[PID: 672 (iptables)]: family:2, type:3, protocol:255
iptables v1.2.9: can't initialize iptables table `nat': Table does not exist (do you need to insmod?)
Perhaps iptables or your kernel needs to be upgraded.
[   51.686677] firmadyne: sys_socket[PID: 682 (iptables)]: family:2, type:3, protocol:255
[   51.757950] firmadyne: sys_socket[PID: 683 (iptables)]: family:2, type:3, protocol:255
[   51.764107] firmadyne: sys_socket[PID: 682 (iptables)]: family:2, type:3, protocol:255
modprobe: could not parse modules.dep

[   51.846995] firmadyne: sys_socket[PID: 683 (iptables)]: family:2, type:3, protocol:255
iptables v1.2.9: can't initialize iptables table `nat': Table does not exist (do you need to insmod?)
Perhaps iptables or your kernel needs to be upgraded.
[   51.913081] firmadyne: sys_socket[PID: 691 (iptables)]: family:2, type:3, protocol:255
[   51.989908] firmadyne: sys_socket[PID: 691 (iptables)]: family:2, type:3, protocol:255
[   52.034833] firmadyne: sys_socket[PID: 695 (iptables)]: family:2, type:3, protocol:255
modprobe: could not parse modules.dep

[   52.116973] firmadyne: sys_socket[PID: 695 (iptables)]: family:2, type:3, protocol:255
[   52.124236] firmadyne: sys_socket[PID: 701 (iptables)]: family:2, type:3, protocol:255
[   52.137044] firmadyne: sys_setsockopt[PID: 701 (iptables)]: fd:4, level:0, optname:64
[   52.138935] firmadyne: sys_setsockopt[PID: 701 (iptables)]: fd:4, level:0, optname:65
iptables v1.2.9: can't initialize iptables table `nat': Table does not exist (do you need to insmod?)
Perhaps iptables or your kernel needs to be upgraded.
[   52.262119] firmadyne: sys_socket[PID: 707 (iptables)]: family:2, type:3, protocol:255
[   52.275185] firmadyne: sys_setsockopt[PID: 707 (iptables)]: fd:4, level:0, optname:64
[   52.281805] firmadyne: sys_setsockopt[PID: 707 (iptables)]: fd:4, level:0, optname:65
[   52.291023] firmadyne: sys_socket[PID: 708 (iptables)]: family:2, type:3, protocol:255
modprobe: could not parse modules.dep

[   52.374506] firmadyne: sys_socket[PID: 708 (iptables)]: family:2, type:3, protocol:255
iptables v1.2.9: can't initialize iptables table `[   52.414794] firmadyne: sys_socket[PID: 709 (iptables)]: family:2, type:3, protocol:255
nat': Table does not exist (do you need to insmod?)
Perhaps iptables or your kernel needs to be upgraded.
[   52.496851] firmadyne: sys_socket[PID: 709 (iptables)]: family:2, type:3, protocol:255
[   52.561355] firmadyne: sys_socket[PID: 715 (iptables)]: family:2, type:3, protocol:255
modprobe: could not parse modules.dep

[   52.634477] firmadyne: sys_socket[PID: 715 (iptables)]: family:2, type:3, protocol:255
[   52.658067] firmadyne: sys_socket[PID: 721 (iptables)]: family:2, type:3, protocol:255
iptables v1.2.9: can't initialize iptables table `nat': Table does not exist (do you need to insmod?)
Perhaps iptables or your kernel needs to be upgraded.
[   52.740865] firmadyne: sys_socket[PID: 721 (iptables)]: family:2, type:3, protocol:255
[   52.823904] firmadyne: sys_socket[PID: 729 (iptables)]: family:2, type:3, protocol:255
modprobe: could not parse modules.dep

[   52.900405] firmadyne: sys_socket[PID: 729 (iptables)]: family:2, type:3, protocol:255
[   52.902683] firmadyne: sys_socket[PID: 733 (iptables)]: family:2, type:3, protocol:255
iptables v1.2.9: can't initialize iptables table `nat': Table does not exist (do you need to insmod?)
Perhaps iptables or your kernel needs to be upgraded.
[   52.980881] firmadyne: sys_socket[PID: 733 (iptables)]: family:2, type:3, protocol:255
[   53.101953] firmadyne: sys_socket[PID: 742 (iptables)]: family:2, type:3, protocol:255
[   53.114141] firmadyne: sys_setsockopt[PID: 742 (iptables)]: fd:3, level:0, optname:64
[   53.124107] firmadyne: sys_setsockopt[PID: 742 (iptables)]: fd:3, level:0, optname:65
[/etc/templates/rg.sh] passthrough ...
[   53.261381] firmadyne: sys_socket[PID: 747 (iptables)]: family:2, type:3, protocol:255
[   53.270300] firmadyne: sys_setsockopt[PID: 747 (iptables)]: fd:3, level:0, optname:64
[   53.280320] firmadyne: sys_setsockopt[PID: 747 (iptables)]: fd:3, level:0, optname:65
[   53.362445] firmadyne: sys_socket[PID: 749 (rgdb)]: family:1, type:2, protocol:0
[   53.414588] firmadyne: sys_socket[PID: 750 (iptables)]: family:2, type:3, protocol:255
[   53.425334] firmadyne: sys_setsockopt[PID: 750 (iptables)]: fd:3, level:0, optname:64
[   53.427376] firmadyne: sys_setsockopt[PID: 750 (iptables)]: fd:3, level:0, optname:65
[   53.564388] firmadyne: sys_socket[PID: 751 (iptables)]: family:2, type:3, protocol:255
[   53.577675] firmadyne: sys_setsockopt[PID: 751 (iptables)]: fd:3, level:0, optname:64
[   53.588971] firmadyne: sys_setsockopt[PID: 751 (iptables)]: fd:3, level:0, optname:65
[   53.725479] firmadyne: sys_socket[PID: 752 (iptables)]: family:2, type:3, protocol:255
[   53.740208] firmadyne: sys_setsockopt[PID: 752 (iptables)]: fd:3, level:0, optname:64
[   53.742341] firmadyne: sys_setsockopt[PID: 752 (iptables)]: fd:3, level:0, optname:65
[   53.876653] firmadyne: sys_socket[PID: 753 (iptables)]: family:2, type:3, protocol:255
[   53.892267] firmadyne: sys_setsockopt[PID: 753 (iptables)]: fd:3, level:0, optname:64
[   53.894438] firmadyne: sys_setsockopt[PID: 753 (iptables)]: fd:3, level:0, optname:65
[   54.041057] firmadyne: sys_socket[PID: 754 (iptables)]: family:2, type:3, protocol:255
[   54.056036] firmadyne: sys_setsockopt[PID: 754 (iptables)]: fd:3, level:0, optname:64
[   54.058272] firmadyne: sys_setsockopt[PID: 754 (iptables)]: fd:3, level:0, optname:65
[/var/run/rg_passthrough.sh] ...
[   54.218103] firmadyne: sys_socket[PID: 756 (iptables)]: family:2, type:3, protocol:255
[   54.237408] firmadyne: sys_setsockopt[PID: 756 (iptables)]: fd:3, level:0, optname:64
[   54.253103] firmadyne: sys_socket[PID: 758 (iptables)]: family:2, type:3, protocol:255
[   54.268795] firmadyne: sys_setsockopt[PID: 758 (iptables)]: fd:4, level:0, optname:64
[   54.271022] firmadyne: sys_setsockopt[PID: 758 (iptables)]: fd:4, level:0, optname:65
iptables: Protocol wrong type for socket
[   54.372659] firmadyne: sys_socket[PID: 762 (logger)]: family:1, type:1, protocol:0
[   54.445106] firmadyne: sys_socket[PID: 761 (iptables)]: family:2, type:3, protocol:255
[   54.462088] firmadyne: sys_socket[PID: 763 (logger)]: family:1, type:1, protocol:0
modprobe: could not parse modules.dep

[   54.529667] firmadyne: sys_socket[PID: 761 (iptables)]: family:2, type:3, protocol:255
iptables v1.2.9: can't initialize iptables table `[   54.567106] firmadyne: sys_socket[PID: 767 (logger)]: family:1, type:1, protocol:0
nat': Table does not exist (do you need to insmod?)
Perhaps iptables or your kernel needs to be upgraded.
[   54.695422] firmadyne: sys_socket[PID: 771 (iptables)]: family:2, type:3, protocol:255
[   54.712021] firmadyne: sys_setsockopt[PID: 771 (iptables)]: fd:4, level:0, optname:64
[   54.714232] firmadyne: sys_setsockopt[PID: 771 (iptables)]: fd:4, level:0, optname:65
[   54.756686] firmadyne: sys_socket[PID: 770 (iptables)]: family:2, type:3, protocol:255
modprobe: could not parse modules.dep

[   54.832340] firmadyne: sys_socket[PID: 770 (iptables)]: family:2, type:3, protocol:255
[   54.839409] firmadyne: sys_socket[PID: 772 (iptables)]: family:2, type:3, protocol:255
iptables v1.2.9: can't initialize iptables table `nat': Table does not exist (do you need to insmod?)
Perhaps iptables or your kernel needs to be upgraded.
[   54.922738] firmadyne: sys_socket[PID: 772 (iptables)]: family:2, type:3, protocol:255
[   55.058862] firmadyne: sys_socket[PID: 784 (iptables)]: family:2, type:3, protocol:255
[   55.067880] firmadyne: sys_socket[PID: 781 (iptables)]: family:2, type:3, protocol:255
modprobe: could not parse modules.dep

[   55.144193] firmadyne: sys_socket[PID: 781 (iptables)]: family:2, type:3, protocol:255
[   55.152420] firmadyne: sys_socket[PID: 784 (iptables)]: family:2, type:3, protocol:255
iptables v1.2.9: can't initialize iptables table `nat': Table does not exist (do you need to insmod?)
Perhaps iptables or your kernel needs to be upgraded.
[   55.293207] firmadyne: sys_socket[PID: 795 (iptables)]: family:2, type:3, protocol:255
[   55.312343] firmadyne: sys_setsockopt[PID: 795 (iptables)]: fd:4, level:0, optname:64
[   55.314590] firmadyne: sys_setsockopt[PID: 795 (iptables)]: fd:4, level:0, optname:65
[   55.354769] firmadyne: sys_socket[PID: 796 (iptables)]: family:2, type:3, protocol:255
modprobe: could not parse modules.dep

[   55.426348] firmadyne: sys_socket[PID: 797 (iptables)]: family:2, type:3, protocol:255
[   55.432348] firmadyne: sys_socket[PID: 796 (iptables)]: family:2, type:3, protocol:255
[   55.442168] firmadyne: sys_setsockopt[PID: 797 (iptables)]: fd:4, level:0, optname:64
[   55.452339] firmadyne: sys_setsockopt[PID: 797 (iptables)]: fd:4, level:0, optname:65
iptables v1.2.9: can't initialize iptables table `nat': Table does not exist (do you need to insmod?)
Perhaps iptables or your kernel needs to be upgraded.
[   55.578961] firmadyne: sys_socket[PID: 803 (iptables)]: family:2, type:3, protocol:255
[   55.645602] firmadyne: sys_socket[PID: 804 (iptables)]: family:2, type:3, protocol:255
[   55.654353] firmadyne: sys_socket[PID: 803 (iptables)]: family:2, type:3, protocol:255
modprobe: could not parse modules.dep

[   55.731094] firmadyne: sys_socket[PID: 804 (iptables)]: family:2, type:3, protocol:255
iptables v1.2.9: can't initialize iptables table `nat': Table does not exist (do you need to insmod?)
Perhaps iptables or your kernel needs to be upgraded.
[   55.826088] firmadyne: sys_socket[PID: 813 (iptables)]: family:2, type:3, protocol:255
[   55.900998] firmadyne: sys_socket[PID: 813 (iptables)]: family:2, type:3, protocol:255
[   55.948151] firmadyne: sys_socket[PID: 816 (iptables)]: family:2, type:3, protocol:255
modprobe: could not parse modules.dep

[   56.031219] firmadyne: sys_socket[PID: 816 (iptables)]: family:2, type:3, protocol:255
iptables v1.2.9: can't initialize iptables table `nat': Table does not exist (do you need to insmod?)
Perhaps iptables or your kernel needs to be upgraded.
[   56.073877] firmadyne: sys_socket[PID: 822 (iptables)]: family:2, type:3, protocol:255
[   56.157765] firmadyne: sys_socket[PID: 822 (iptables)]: family:2, type:3, protocol:255
[   56.297160] firmadyne: sys_socket[PID: 830 (iptables)]: family:2, type:3, protocol:255
modprobe: could not parse modules.dep

[   56.372131] firmadyne: sys_socket[PID: 830 (iptables)]: family:2, type:3, protocol:255
[/etc/templates/igmpproxy.sh] restart ...
iptables v1.2.9: can't initialize iptables table `nat': Table does not exist (do you need to insmod?)
Perhaps iptables or your kernel needs to be upgraded.
[   56.607163] firmadyne: sys_socket[PID: 842 (iptables)]: family:2, type:3, protocol:255
modprobe: could not parse modules.dep

[   56.682944] firmadyne: sys_socket[PID: 842 (iptables)]: family:2, type:3, protocol:255
[   56.690277] firmadyne: sys_socket[PID: 845 (xmldbc)]: family:1, type:2, protocol:0
iptables v1.2.9: can't initialize iptables table `nat': Table does not exist (do you need to insmod?)
Perhaps iptables or your kernel needs to be upgraded.
[   56.902698] firmadyne: sys_socket[PID: 851 (iptables)]: family:2, type:3, protocol:255
modprobe: could not parse modules.dep

[   56.988115] firmadyne: sys_socket[PID: 851 (iptables)]: family:2, type:3, protocol:255
iptables v1.2.9: can't initialize iptables table `nat': Table does not exist (do you need to insmod?)
Perhaps iptables or your kernel needs to be upgraded.
[   57.069848] firmadyne: sys_socket[PID: 855 (xmldbc)]: family:1, type:2, protocol:0
[   57.184849] firmadyne: sys_socket[PID: 858 (iptables)]: family:2, type:3, protocol:255
modprobe: could not parse modules.dep

[   57.258432] firmadyne: sys_socket[PID: 858 (iptables)]: family:2, type:3, protocol:255
iptables v1.2.9: can't initialize iptables table `nat': Table does not exist (do you need to insmod?)
Perhaps iptables or your kernel needs to be upgraded.
[/var/run/igmpproxy_start.sh] ...
Start IGMP proxy ...
[   57.505369] firmadyne: sys_socket[PID: 865 (iptables)]: family:2, type:3, protocol:255
modprobe: could not parse modules.dep

[   57.640318] firmadyne: sys_socket[PID: 865 (iptables)]: family:2, type:3, protocol:255
iptables v1.2.9: can't initialize iptables table `nat': Table does not exist (do you need to insmod?)
Perhaps iptables or your kernel needs to be upgraded.
