[    0.000000] Linux version 4.1.17+ (alessio@pc) (gcc version 5.5.0 20171010 (Ubuntu 5.5.0-12ubuntu1) ) #1 Mon May 15 23:04:08 CEST 2023
[    0.000000] earlycon: Early serial console at I/O port 0x3f8 (options '38400n8')
[    0.000000] bootconsole [uart0] enabled
[    0.000000] CPU0 revision is: 00019300 (MIPS 24Kc)
[    0.000000] FPU revision is: 00739300
[    0.000000] Software DMA cache coherency enabled
[    0.000000] Determined physical RAM map:
[    0.000000]  memory: 00001000 @ 00000000 (reserved)
[    0.000000]  memory: 000ef000 @ 00001000 (ROM data)
[    0.000000]  memory: 00798000 @ 000f0000 (reserved)
[    0.000000]  memory: 0f777000 @ 00888000 (usable)
[    0.000000] debug: ignoring loglevel setting.
[    0.000000] Wasting 69888 bytes for tracking 2184 unused pages
[    0.000000] Initrd not found or empty - disabling initrd
[    0.000000] Zone ranges:
[    0.000000]   DMA      [mem 0x0000000000000000-0x0000000000ffffff]
[    0.000000]   Normal   [mem 0x0000000001000000-0x000000000fffefff]
[    0.000000] Movable zone start for each node
[    0.000000] Early memory node ranges
[    0.000000]   node   0: [mem 0x0000000000000000-0x000000000fffefff]
[    0.000000] Initmem setup node 0 [mem 0x0000000000000000-0x000000000fffefff]
[    0.000000] On node 0 totalpages: 65535
[    0.000000] free_area_init_node: node 0, pgdat 8081d5b0, node_mem_map 81000000
[    0.000000]   DMA zone: 32 pages used for memmap
[    0.000000]   DMA zone: 0 pages reserved
[    0.000000]   DMA zone: 4096 pages, LIFO batch:0
[    0.000000]   Normal zone: 480 pages used for memmap
[    0.000000]   Normal zone: 61439 pages, LIFO batch:15
[    0.000000] Primary instruction cache 2kB, VIPT, 2-way, linesize 16 bytes.
[    0.000000] Primary data cache 2kB, 2-way, VIPT, no aliases, linesize 16 bytes
[    0.000000] pcpu-alloc: s0 r0 d32768 u32768 alloc=1*32768
[    0.000000] pcpu-alloc: [0] 0 
[    0.000000] Built 1 zonelists in Zone order, mobility grouping on.  Total pages: 65023
[    0.000000] Kernel command line: root=/dev/sda1 console=ttyS0 nandsim.parts=64,64,64,64,64,64,64,64,64,64 rdinit=/firmadyne/preInit.sh rw debug ignore_loglevel print-fatal-signals=1 FIRMAE_NET=true FIRMAE_NVRAM=true FIRMAE_KERNEL=true FIRMAE_ETC=true user_debug=0 firmadyne.syscall=1 noka
[    0.000000] found FIRMAE_KERNEL=t
[    0.000000] set the LD_PRELOAD=/firmadyne/libnvram_ioctl.so
[    0.000000] PID hash table entries: 1024 (order: 0, 4096 bytes)
[    0.000000] Dentry cache hash table entries: 32768 (order: 5, 131072 bytes)
[    0.000000] Inode-cache hash table entries: 16384 (order: 4, 65536 bytes)
[    0.000000] Writing ErrCtl register=00000000
[    0.000000] Readback ErrCtl register=00000000
[    0.000000] Memory: 251112K/262140K available (5360K kernel code, 244K rwdata, 1676K rodata, 260K init, 158K bss, 11028K reserved, 0K cma-reserved)
[    0.000000] NR_IRQS:256
[    0.000000] CPU frequency 200.00 MHz
[    0.000000] clocksource MIPS: mask: 0xffffffff max_cycles: 0xffffffff, max_idle_ns: 19112128955 ns
[    0.000205] sched_clock: 32 bits at 100MHz, resolution 9ns, wraps every 21474301947ns
[    0.015444] Console: colour dummy device 80x25
[    0.016716] Calibrating delay loop... 23.55 BogoMIPS (lpj=47104)
[    0.077837] pid_max: default: 32768 minimum: 301
[    0.082389] Mount-cache hash table entries: 1024 (order: 0, 4096 bytes)
[    0.082925] Mountpoint-cache hash table entries: 1024 (order: 0, 4096 bytes)
[    0.150483] clocksource jiffies: mask: 0xffffffff max_cycles: 0xffffffff, max_idle_ns: 7645041785100000 ns
[    0.161925] NET: Registered protocol family 16
[    0.455003] clocksource pit: mask: 0xffffffff max_cycles: 0xffffffff, max_idle_ns: 1601818034827 ns
[    0.617136] vgaarb: loaded
[    0.623097] SCSI subsystem initialized
[    0.625775] libata version 3.00 loaded.
[    0.630466] usbcore: registered new interface driver usbfs
[    0.631969] usbcore: registered new interface driver hub
[    0.633291] usbcore: registered new device driver usb
[    0.636065] pps_core: LinuxPPS API ver. 1 registered
[    0.636494] pps_core: Software ver. 5.3.6 - Copyright 2005-2007 Rodolfo Giometti <giometti@linux.it>
[    0.637666] PTP clock support registered
[    0.642663] PCI host bridge to bus 0000:00
[    0.643436] pci_bus 0000:00: root bus resource [mem 0x10000000-0x17ffffff]
[    0.644070] pci_bus 0000:00: root bus resource [io  0x1000-0x1fffff]
[    0.644695] pci_bus 0000:00: root bus resource [??? 0x00000000 flags 0x0]
[    0.645306] pci_bus 0000:00: No busn resource found for root bus, will use [bus 00-ff]
[    0.646796] pci 0000:00:00.0: [11ab:4620] type 00 class 0x060000
[    0.647746] pci 0000:00:00.0: [Firmware Bug]: reg 0x14: invalid BAR (can't size)
[    0.648362] pci 0000:00:00.0: [Firmware Bug]: reg 0x18: invalid BAR (can't size)
[    0.648967] pci 0000:00:00.0: [Firmware Bug]: reg 0x1c: invalid BAR (can't size)
[    0.649728] pci 0000:00:00.0: [Firmware Bug]: reg 0x20: invalid BAR (can't size)
[    0.650351] pci 0000:00:00.0: [Firmware Bug]: reg 0x24: invalid BAR (can't size)
[    0.654627] pci 0000:00:0a.0: [8086:7110] type 00 class 0x060100
[    0.658379] pci 0000:00:0a.1: [8086:7111] type 00 class 0x010180
[    0.659181] pci 0000:00:0a.1: reg 0x20: [io  0x0000-0x000f]
[    0.659807] pci 0000:00:0a.1: legacy IDE quirk: reg 0x10: [io  0x01f0-0x01f7]
[    0.660407] pci 0000:00:0a.1: legacy IDE quirk: reg 0x14: [io  0x03f6]
[    0.660995] pci 0000:00:0a.1: legacy IDE quirk: reg 0x18: [io  0x0170-0x0177]
[    0.661599] pci 0000:00:0a.1: legacy IDE quirk: reg 0x1c: [io  0x0376]
[    0.665125] pci 0000:00:0a.2: [8086:7112] type 00 class 0x0c0300
[    0.665838] pci 0000:00:0a.2: reg 0x20: [io  0x0000-0x001f]
[    0.669311] pci 0000:00:0a.3: [8086:7113] type 00 class 0x068000
[    0.670996] pci 0000:00:0a.3: quirk: [io  0x1000-0x103f] claimed by PIIX4 ACPI
[    0.671665] pci 0000:00:0a.3: quirk: [io  0x1100-0x110f] claimed by PIIX4 SMB
[    0.675165] pci 0000:00:12.0: [1013:00b8] type 00 class 0x030000
[    0.675821] pci 0000:00:12.0: reg 0x10: [mem 0x00000000-0x01ffffff pref]
[    0.676442] pci 0000:00:12.0: reg 0x14: [mem 0x00000000-0x00000fff]
[    0.677125] pci 0000:00:12.0: reg 0x30: [mem 0x00000000-0x0000ffff pref]
[    0.680097] vgaarb: device added: PCI:0000:00:12.0,decodes=io+mem,owns=none,locks=none
[    0.681422] pci 0000:00:13.0: [8086:100e] type 00 class 0x020000
[    0.682066] pci 0000:00:13.0: reg 0x10: [mem 0x00000000-0x0001ffff]
[    0.682655] pci 0000:00:13.0: reg 0x14: [io  0x0000-0x003f]
[    0.683505] pci 0000:00:13.0: reg 0x30: [mem 0x00000000-0x0003ffff pref]
[    0.686790] pci 0000:00:14.0: [8086:100e] type 00 class 0x020000
[    0.687581] pci 0000:00:14.0: reg 0x10: [mem 0x00000000-0x0001ffff]
[    0.688173] pci 0000:00:14.0: reg 0x14: [io  0x0000-0x003f]
[    0.688828] pci 0000:00:14.0: reg 0x30: [mem 0x00000000-0x0003ffff pref]
[    0.692355] pci 0000:00:15.0: [8086:100e] type 00 class 0x020000
[    0.692989] pci 0000:00:15.0: reg 0x10: [mem 0x00000000-0x0001ffff]
[    0.693573] pci 0000:00:15.0: reg 0x14: [io  0x0000-0x003f]
[    0.694222] pci 0000:00:15.0: reg 0x30: [mem 0x00000000-0x0003ffff pref]
[    0.697774] pci 0000:00:16.0: [8086:100e] type 00 class 0x020000
[    0.698414] pci 0000:00:16.0: reg 0x10: [mem 0x00000000-0x0001ffff]
[    0.698998] pci 0000:00:16.0: reg 0x14: [io  0x0000-0x003f]
[    0.699685] pci 0000:00:16.0: reg 0x30: [mem 0x00000000-0x0003ffff pref]
[    0.703258] pci_bus 0000:00: busn_res: [bus 00-ff] end is updated to 00
[    0.705002] pci 0000:00:12.0: BAR 0: assigned [mem 0x10000000-0x11ffffff pref]
[    0.705807] pci 0000:00:13.0: BAR 6: assigned [mem 0x12000000-0x1203ffff pref]
[    0.706524] pci 0000:00:14.0: BAR 6: assigned [mem 0x12040000-0x1207ffff pref]
[    0.707196] pci 0000:00:15.0: BAR 6: assigned [mem 0x12080000-0x120bffff pref]
[    0.707875] pci 0000:00:16.0: BAR 6: assigned [mem 0x120c0000-0x120fffff pref]
[    0.708739] pci 0000:00:13.0: BAR 0: assigned [mem 0x12100000-0x1211ffff]
[    0.709401] pci 0000:00:14.0: BAR 0: assigned [mem 0x12120000-0x1213ffff]
[    0.710052] pci 0000:00:15.0: BAR 0: assigned [mem 0x12140000-0x1215ffff]
[    0.710723] pci 0000:00:16.0: BAR 0: assigned [mem 0x12160000-0x1217ffff]
[    0.711396] pci 0000:00:12.0: BAR 6: assigned [mem 0x12180000-0x1218ffff pref]
[    0.712063] pci 0000:00:12.0: BAR 1: assigned [mem 0x12190000-0x12190fff]
[    0.712883] pci 0000:00:13.0: BAR 1: assigned [io  0x1040-0x107f]
[    0.713492] pci 0000:00:14.0: BAR 1: assigned [io  0x1080-0x10bf]
[    0.714092] pci 0000:00:15.0: BAR 1: assigned [io  0x10c0-0x10ff]
[    0.714730] pci 0000:00:16.0: BAR 1: assigned [io  0x1400-0x143f]
[    0.715348] pci 0000:00:0a.2: BAR 4: assigned [io  0x1440-0x145f]
[    0.715981] pci 0000:00:0a.1: BAR 4: assigned [io  0x1460-0x146f]
[    0.735016] cfg80211: Calling CRDA to update world regulatory domain
[    0.749933] Switched to clocksource MIPS
[    0.874123] NET: Registered protocol family 2
[    0.887316] TCP established hash table entries: 2048 (order: 1, 8192 bytes)
[    0.888537] TCP bind hash table entries: 2048 (order: 1, 8192 bytes)
[    0.889704] TCP: Hash tables configured (established 2048 bind 2048)
[    0.891004] UDP hash table entries: 256 (order: 0, 4096 bytes)
[    0.891746] UDP-Lite hash table entries: 256 (order: 0, 4096 bytes)
[    0.896123] NET: Registered protocol family 1
[    0.898073] PCI: Enabling device 0000:00:0a.2 (0000 -> 0001)
[    0.899682] PCI: CLS 0 bytes, default 16
[    0.935142] futex hash table entries: 256 (order: -1, 3072 bytes)
[    0.953413] squashfs: version 4.0 (2009/01/31) Phillip Lougher
[    0.956304] jffs2: version 2.2. (NAND) Â© 2001-2006 Red Hat, Inc.
[    0.960084] romfs: ROMFS MTD (C) 2007 Red Hat, Inc.
[    0.986582] Block layer SCSI generic (bsg) driver version 0.4 loaded (major 251)
[    0.987294] io scheduler noop registered
[    0.988068] io scheduler cfq registered (default)
[    0.989159] firmadyne: devfs: 1, execute: 1, procfs: 1, syscall: 1
[    0.995499] firmadyne: Cannot register character device: gpio, 0xfc, 0x0!
[    1.004899] firmadyne: Cannot register character device: watchdog, 0xa, 0x82!
[    1.005446] firmadyne: Cannot register character device: wdt, 0xfd, 0x0!
[    2.880856] strName = 4.1.17+
[    2.880856] init_task_addr  = 2155778944
[    2.880856] init_task_size  = 1296
[    2.880856] ts_tasks        = 292
[    2.880856] ts_pid          = 408
[    2.880856] ts_tgid         = 412
[    2.880856] ts_group_leader = 440
[    2.880856] ts_thread_group = 496
[    2.880856] ts_real_parent  = 416
[    2.880856] ts_mm           = 300
[    2.880856] ts_stack        = 4
[    2.883709] module_name   = 12
[    2.883709] module_size   = 208
[    2.883709] module_init   = 200
[    2.883709] module_list   = 4
[    2.884715] ts_real_cred    = 624
[    2.884715] ts_cred         = 628
[    2.884715] ts_comm         = 632
[    2.884715] cred_uid        = 4
[    2.884715] cred_gid        = 8
[    2.884715] cred_euid       = 20
[    2.884715] cred_egid       = 24
[    2.886563] mm_mmap         = 0
[    2.886563] mm_pgd          = 32
[    2.886563] mm_arg_start    = 136
[    2.886563] mm_start_brk    = 124
[    2.886563] mm_brk          = 128
[    2.886563] mm_start_stack  = 132
[    2.887989] vma_vm_start    = 0
[    2.887989] vma_vm_end      = 4
[    2.887989] vma_vm_next     = 8
[    2.887989] vma_vm_file     = 80
[    2.887989] vma_vm_flags    = 40
[    2.887989] vma_vm_pgoff    = 76
[    2.889413] file_dentry     = 12
[    2.889413] file_inode      = 40
[    2.889413] dentry_d_name   = 24
[    2.889413] dentry_d_iname  = 44
[    2.889413] dentry_d_parent = 16
[    2.889413] ti_task         = 0
[    2.889413] inode_ino   = 28
[    4.058837] proc_fork_connector  = 2151078840
[    4.059225] proc_exit_connector  = 2151080432
[    4.059575] proc_exec_connector  = 2151079052
[    4.059910] vma_link  = 2149124372
[    4.060203] vma_adjust  = 2149124540
[    4.060506] remove_vma  = 2149122188
[    4.060805] modules  = 2155833724
[    4.061096] trim_init_extable  = 2150545316
[    4.062609] cfg80211: Calling CRDA to update world regulatory domain
[    4.066352] PCI: Enabling device 0000:00:12.0 (0000 -> 0002)
[    4.067802] cirrusfb 0000:00:12.0: Cirrus Logic chipset on PCI bus, RAM (4096 kB) at 0x10000000
[    4.314933] Console: switching to colour frame buffer device 80x30
[    4.391713] Serial: 8250/16550 driver, 4 ports, IRQ sharing enabled
[    4.407551] console [ttyS0] disabled
[    4.435092] serial8250.0: ttyS0 at I/O 0x3f8 (irq = 4, base_baud = 115200) is a 16550A
[    4.436324] console [ttyS0] enabled
[    4.436324] console [ttyS0] enabled
[    4.436947] bootconsole [uart0] disabled
[    4.436947] bootconsole [uart0] disabled
[    4.468440] serial8250.0: ttyS1 at I/O 0x2f8 (irq = 3, base_baud = 115200) is a 16550A
[    4.606305] brd: module loaded
[    4.679238] loop: module loaded
[    4.687035] ata_piix 0000:00:0a.1: version 2.13
[    4.687664] PCI: Enabling device 0000:00:0a.1 (0000 -> 0001)
[    4.716699] scsi host0: ata_piix
[    4.723270] scsi host1: ata_piix
[    4.727723] ata1: PATA max UDMA/33 cmd 0x1f0 ctl 0x3f6 bmdma 0x1460 irq 14
[    4.728316] ata2: PATA max UDMA/33 cmd 0x170 ctl 0x376 bmdma 0x1468 irq 15
[    4.736071] [nandsim] warning: read_byte: unexpected data output cycle, state is STATE_READY return 0x0
[    4.736758] [nandsim] warning: read_byte: unexpected data output cycle, state is STATE_READY return 0x0
[    4.737402] [nandsim] warning: read_byte: unexpected data output cycle, state is STATE_READY return 0x0
[    4.738245] [nandsim] warning: read_byte: unexpected data output cycle, state is STATE_READY return 0x0
[    4.738898] [nandsim] warning: read_byte: unexpected data output cycle, state is STATE_READY return 0x0
[    4.739543] [nandsim] warning: read_byte: unexpected data output cycle, state is STATE_READY return 0x0
[    4.740385] nand: device found, Manufacturer ID: 0x98, Chip ID: 0x39
[    4.740871] nand: Toshiba NAND 128MiB 1,8V 8-bit
[    4.741326] nand: 128 MiB, SLC, erase size: 16 KiB, page size: 512, OOB size: 16
[    4.743339] flash size: 128 MiB
[    4.743641] page size: 512 bytes
[    4.743934] OOB area size: 16 bytes
[    4.744238] sector size: 16 KiB
[    4.744526] pages number: 262144
[    4.744815] pages per sector: 32
[    4.745100] bus width: 8
[    4.745359] bits in sector size: 14
[    4.745854] bits in page size: 9
[    4.746159] bits in OOB size: 4
[    4.746462] flash size with OOB: 135168 KiB
[    4.746795] page address bytes: 4
[    4.747089] sector address bytes: 3
[    4.747395] options: 0x42
[    4.843084] Scanning device for bad blocks
[    6.232877] ata2.01: NODEV after polling detection
[    6.233732] ata1.01: NODEV after polling detection
[    6.235792] ata2.00: ATAPI: QEMU DVD-ROM, 2.5+, max UDMA/100
[    6.238634] ata1.00: ATA-7: QEMU HARDDISK, 2.5+, max UDMA/100
[    6.239161] ata1.00: 2097152 sectors, multi 16: LBA48 
[    6.245759] ata2.00: configured for UDMA/33
[    6.248425] ata1.00: configured for UDMA/33
[    6.258162] scsi 0:0:0:0: Direct-Access     ATA      QEMU HARDDISK    2.5+ PQ: 0 ANSI: 5
[    6.276922] sd 0:0:0:0: [sda] 2097152 512-byte logical blocks: (1.07 GB/1.00 GiB)
[    6.279259] scsi 1:0:0:0: CD-ROM            QEMU     QEMU DVD-ROM     2.5+ PQ: 0 ANSI: 5
[    6.293457] sd 0:0:0:0: [sda] Write Protect is off
[    6.294241] sd 0:0:0:0: [sda] Mode Sense: 00 3a 00 00
[    6.295945] sd 0:0:0:0: [sda] Write cache: enabled, read cache: enabled, doesn't support DPO or FUA
[    6.308847]  sda: sda1
[    6.323160] sd 0:0:0:0: [sda] Attached SCSI disk
[    6.323791] Creating 11 MTD partitions on "NAND 128MiB 1,8V 8-bit":
[    6.324511] 0x000000000000-0x000000100000 : "NAND simulator partition 0"
[    6.337140] 0x000000100000-0x000000200000 : "NAND simulator partition 1"
[    6.349089] 0x000000200000-0x000000300000 : "NAND simulator partition 2"
[    6.361528] 0x000000300000-0x000000400000 : "NAND simulator partition 3"
[    6.374122] 0x000000400000-0x000000500000 : "NAND simulator partition 4"
[    6.386521] 0x000000500000-0x000000600000 : "NAND simulator partition 5"
[    6.399199] 0x000000600000-0x000000700000 : "NAND simulator partition 6"
[    6.412085] 0x000000700000-0x000000800000 : "NAND simulator partition 7"
[    6.424940] 0x000000800000-0x000000900000 : "NAND simulator partition 8"
[    6.436881] 0x000000900000-0x000000a00000 : "NAND simulator partition 9"
[    6.448951] 0x000000a00000-0x000008000000 : "NAND simulator partition 10"
[    6.501041] tun: Universal TUN/TAP device driver, 1.6
[    6.501465] tun: (C) 1999-2004 Max Krasnyansky <maxk@qualcomm.com>
[    6.505581] pcnet32: pcnet32.c:v1.35 21.Apr.2008 tsbogend@alpha.franken.de
[    6.507277] e1000: Intel(R) PRO/1000 Network Driver - version 7.3.21-k8-NAPI
[    6.507783] e1000: Copyright (c) 1999-2006 Intel Corporation.
[    6.508853] PCI: Enabling device 0000:00:13.0 (0000 -> 0003)
[    6.830792] e1000 0000:00:13.0 eth0: (PCI:33MHz:32-bit) 52:54:00:12:34:56
[    6.831668] e1000 0000:00:13.0 eth0: Intel(R) PRO/1000 Network Connection
[    6.832549] PCI: Enabling device 0000:00:14.0 (0000 -> 0003)
[    7.153465] e1000 0000:00:14.0 eth1: (PCI:33MHz:32-bit) 52:54:00:12:34:57
[    7.154355] e1000 0000:00:14.0 eth1: Intel(R) PRO/1000 Network Connection
[    7.155238] PCI: Enabling device 0000:00:15.0 (0000 -> 0003)
[    7.422618] cfg80211: Calling CRDA to update world regulatory domain
[    7.476138] e1000 0000:00:15.0 eth2: (PCI:33MHz:32-bit) 52:54:00:12:34:58
[    7.476826] e1000 0000:00:15.0 eth2: Intel(R) PRO/1000 Network Connection
[    7.477721] PCI: Enabling device 0000:00:16.0 (0000 -> 0003)
[    7.800348] e1000 0000:00:16.0 eth3: (PCI:33MHz:32-bit) 52:54:00:12:34:59
[    7.801014] e1000 0000:00:16.0 eth3: Intel(R) PRO/1000 Network Connection
[    7.802915] e1000e: Intel(R) PRO/1000 Network Driver - 2.3.2-k
[    7.803394] e1000e: Copyright(c) 1999 - 2014 Intel Corporation.
[    7.809116] PPP generic driver version 2.4.2
[    7.811861] PPP Deflate Compression module registered
[    7.812655] PPP MPPE Compression module registered
[    7.813152] NET: Registered protocol family 24
[    7.814211] ehci_hcd: USB 2.0 'Enhanced' Host Controller (EHCI) Driver
[    7.814843] ehci-pci: EHCI PCI platform driver
[    7.816255] ohci_hcd: USB 1.1 'Open' Host Controller (OHCI) Driver
[    7.816838] ohci-pci: OHCI PCI platform driver
[    7.818390] uhci_hcd: USB Universal Host Controller Interface driver
[    7.820315] uhci_hcd 0000:00:0a.2: UHCI Host Controller
[    7.821281] uhci_hcd 0000:00:0a.2: new USB bus registered, assigned bus number 1
[    7.822752] uhci_hcd 0000:00:0a.2: irq 11, io base 0x00001440
[    7.836962] hub 1-0:1.0: USB hub found
[    7.838084] hub 1-0:1.0: 2 ports detected
[    7.850356] usbcore: registered new interface driver usb-storage
[    7.855938] mousedev: PS/2 mouse device common for all mice
[    7.864203] rtc_cmos rtc_cmos: rtc core: registered rtc_cmos as rtc0
[    7.865142] rtc_cmos rtc_cmos: alarms up to one day, 242 bytes nvram
[    7.867179] i2c /dev entries driver
[    7.868756] piix4_smbus 0000:00:0a.3: SMBus Host Controller at 0x1100, revision 0
[    7.874983] sdhci: Secure Digital Host Controller Interface driver
[    7.875449] sdhci: Copyright(c) Pierre Ossman
[    7.878631] hidraw: raw HID events driver (C) Jiri Kosina
[    7.903325] usbcore: registered new interface driver usbhid
[    7.903759] usbhid: USB HID core driver
[    7.905145] Netfilter messages via NETLINK v0.30.
[    7.906993] nf_conntrack version 0.5.0 (3923 buckets, 15692 max)
[    7.911277] ctnetlink v0.93: registering with nfnetlink.
[    7.918905] ipip: IPv4 over IPv4 tunneling driver
[    7.934955] ip_tables: (C) 2000-2006 Netfilter Core Team
[    7.938664] arp_tables: (C) 2002 David S. Miller
[    7.940986] Initializing XFRM netlink socket
[    7.942674] NET: Registered protocol family 10
[    7.970980] ip6_tables: (C) 2000-2006 Netfilter Core Team
[    7.975776] sit: IPv6 over IPv4 tunneling driver
[    7.998049] NET: Registered protocol family 17
[    7.999174] bridge: automatic filtering via arp/ip/ip6tables has been deprecated. Update your scripts to load br_netfilter if you need this.
[    8.000494] Bridge firewalling registered
[    8.001004] Ebtables v2.0 registered
[    8.003856] 8021q: 802.1Q VLAN Support v1.8
[    8.030744] rtc_cmos rtc_cmos: setting system clock to 2025-07-28 01:10:01 UTC (1753665001)
[    8.056456] EXT2-fs (sda1): warning: mounting unchecked fs, running e2fsck is recommended
[    8.059019] VFS: Mounted root (ext2 filesystem) on device 8:1.
[    8.070453] Freeing YAMON memory: 956k freed
[    8.083551] Freeing unused kernel memory: 260K (8081f000 - 80860000)
[    8.118443] spurious 8259A interrupt: IRQ7.
[    8.206617] firmadyne: sys_reboot[PID: 48 (init)]: magic1:fee1dead, magic2:28121969, cmd:0
init started:  BusyBox v1.00 (2009.03.06-06:20+0000) multi-call binary
init started:  BusyBox v1.00 (2009.03.06-06:20+0000) multi-call binary
Starting pid 50, console /dev/ttyS0: '/usr/etc/rcS'
[    8.504218] firmadyne: do_execve: /firmadyne/console
[    8.504936] OFFSETS: offset of pid: 0x198 offset of comm: 0x278
[   10.566222] cfg80211: Calling CRDA to update world regulatory domain
insmod: cannot open module `/lib/modules/vnet.ko': No such file or directory
[   12.960478] firmadyne: ioctl: 0x1
insmod finish
[   13.023434] random: nonblocking pool is initialized
BcmAtm_Initialize: open error 6
/usr/sbin/atmctl: ATM driver return code, state error
BcmAdsl : open error 6
/usr/sbin/adslctl: BcmAdsl_Initialize error
BcmAdsl : open error 6
/usr/sbin/adslctl->ConnectionHandler: BcmAdsl_ConnectionStart error
BcmAtm_Initialize: open error 6
ATM Operation Failed , 2 
/usr/sbin/atmctl: ATM driver return code, state error
[   13.403737] firmadyne: sys_socket[PID: 103 (brctl)]: family:2, type:2, protocol:0
[   13.476246] firmadyne: sys_socket[PID: 104 (brctl)]: family:2, type:2, protocol:0
[   13.535187] firmadyne: sys_socket[PID: 105 (ifconfig)]: family:2, type:1, protocol:0
[   13.550068] IPv6: ADDRCONF(NETDEV_UP): eth0: link is not ready
[   13.550728] 8021q: adding VLAN 0 to HW filter on device eth0
[   13.556565] e1000: eth0 NIC Link is Up 1000 Mbps Full Duplex, Flow Control: RX
[   13.558989] IPv6: ADDRCONF(NETDEV_CHANGE): eth0: link becomes ready
[   13.618725] firmadyne: sys_socket[PID: 106 (brctl)]: family:2, type:2, protocol:0
[   13.620272] firmadyne: sys_socket[PID: 106 (brctl)]: family:10, type:1, protocol:0
[   13.622706] firmadyne: br_add_if[PID: 106 (brctl)]: br:br0 dev:eth0
[   13.629556] device eth0 entered promiscuous mode
[   13.691842] firmadyne: sys_socket[PID: 107 (ifconfig)]: family:2, type:1, protocol:0
[   13.704058] IPv6: ADDRCONF(NETDEV_UP): eth1: link is not ready
[   13.704701] 8021q: adding VLAN 0 to HW filter on device eth1
[   13.710085] e1000: eth1 NIC Link is Up 1000 Mbps Full Duplex, Flow Control: RX
[   13.711387] IPv6: ADDRCONF(NETDEV_CHANGE): eth1: link becomes ready
[   13.725140] cfg80211: Calling CRDA to update world regulatory domain
[   13.766361] firmadyne: sys_socket[PID: 108 (brctl)]: family:2, type:2, protocol:0
[   13.767871] firmadyne: sys_socket[PID: 108 (brctl)]: family:10, type:1, protocol:0
[   13.769717] firmadyne: br_add_if[PID: 108 (brctl)]: br:br0 dev:eth1
[   13.775534] device eth1 entered promiscuous mode
[   13.898164] firmadyne: sys_socket[PID: 110 (ifconfig)]: family:2, type:1, protocol:0
[   13.901151] firmadyne: __inet_insert_ifa[PID: 110 (ifconfig)]: device:lo ifa:0x7f000001
[   13.904955] firmadyne: __inet_insert_ifa[PID: 110 (ifconfig)]: device:lo ifa:0x7f000001
[   13.971713] firmadyne: sys_socket[PID: 111 (route)]: family:2, type:1, protocol:0
[   14.282955] firmadyne: sys_socket[PID: 114 (klogd)]: family:1, type:1, protocol:0
[   14.284995] firmadyne: sys_socket[PID: 114 (klogd)]: family:1, type:2, protocol:0
[   14.299336] firmadyne: sys_socket[PID: 114 (klogd)]: family:1, type:1, protocol:0
[   14.300814] firmadyne: sys_socket[PID: 114 (klogd)]: family:1, type:2, protocol:0
[   14.307894] firmadyne: sys_socket[PID: 114 (klogd)]: family:1, type:1, protocol:0
[   14.309333] firmadyne: sys_socket[PID: 114 (klogd)]: family:1, type:2, protocol:0
[   14.320267] firmadyne: sys_socket[PID: 114 (klogd)]: family:1, type:1, protocol:0
[   14.321730] firmadyne: sys_socket[PID: 114 (klogd)]: family:1, type:2, protocol:0
[   14.332244] firmadyne: sys_socket[PID: 114 (klogd)]: family:1, type:1, protocol:0
[   14.333688] firmadyne: sys_socket[PID: 114 (klogd)]: family:1, type:2, protocol:0
[   14.342559] firmadyne: sys_socket[PID: 114 (klogd)]: family:1, type:1, protocol:0
[   14.343993] firmadyne: sys_socket[PID: 114 (klogd)]: family:1, type:2, protocol:0
[   14.351186] firmadyne: sys_socket[PID: 114 (klogd)]: family:1, type:1, protocol:0
[   14.352660] firmadyne: sys_socket[PID: 114 (klogd)]: family:1, type:2, protocol:0
[   14.359804] firmadyne: sys_socket[PID: 114 (klogd)]: family:1, type:1, protocol:0
[   14.361242] firmadyne: sys_socket[PID: 114 (klogd)]: family:1, type:2, protocol:0
[   14.368080] firmadyne: sys_socket[PID: 114 (klogd)]: family:1, type:1, protocol:0
[   14.369504] firmadyne: sys_socket[PID: 114 (klogd)]: family:1, type:2, protocol:0
[   14.380101] firmadyne: sys_socket[PID: 114 (klogd)]: family:1, type:1, protocol:0
[   14.381535] firmadyne: sys_socket[PID: 114 (klogd)]: family:1, type:2, protocol:0
[   14.388089] firmadyne: sys_socket[PID: 114 (klogd)]: family:1, type:1, protocol:0
[   14.389516] firmadyne: sys_socket[PID: 114 (klogd)]: family:1, type:2, protocol:0
nvram_init: [   14.396212] firmadyne: sys_socket[PID: 114 (klogd)]: family:1, type:1, protocol:0
[   14.397640] firmadyne: sys_socket[PID: 114 (klogd)]: family:1, type:2, protocol:0
Initializing NVRAM...
sem_get: Key: 41012003
[   14.411786] firmadyne: sys_socket[PID: 114 (klogd)]: family:1, type:1, protocol:0
[   14.413220] firmadyne: sys_socket[PID: 114 (klogd)]: family:1, type:2, protocol:0
[   14.416599] firmadyne: sys_socket[PID: 114 (klogd)]: family:1, type:1, protocol:0
sem_get: Key: 410f00a8
[   14.422538] firmadyne: sys_socket[PID: 114 (klogd)]: family:1, type:2, protocol:0
nvram_set_default_builtin: Setting built-in default values!
[   14.430217] firmadyne: sys_socket[PID: 114 (klogd)]: family:1, type:1, protocol:0
[   14.431690] firmadyne: sys_socket[PID: 114 (klogd)]: family:1, type:2, protocol:0
nvram_set: console_loglevel = "7"
sem_get[   14.438898] firmadyne: sys_socket[PID: 114 (klogd)]: family:1, type:1, protocol:0
[   14.440377] firmadyne: sys_socket[PID: 114 (klogd)]: family:1, type:2, protocol:0
: Key: 410f00a8
[   14.447595] firmadyne: sys_socket[PID: 114 (klogd)]: family:1, type:1, protocol:0
[   14.449094] firmadyne: sys_socket[PID: 114 (klogd)]: family:1, type:2, protocol:0
sem_get: Key: 410f00a8
nvram_set[   14.456138] firmadyne: sys_socket[PID: 114 (klogd)]: family:1, type:1, protocol:0
[   14.457561] firmadyne: sys_socket[PID: 114 (klogd)]: family:1, type:2, protocol:0
: restore_defaults = "1"
sem_get: Key: 410f00a8
sem_get: Key: 410f00a8
[   14.468371] firmadyne: sys_socket[PID: 114 (klogd)]: family:1, type:1, protocol:0
[   14.469826] firmadyne: sys_socket[PID: 114 (klogd)]: family:1, type:2, protocol:0
nvram_set: sku_name = ""
sem_get: Key: 410f00a8
[   14.480051] firmadyne: sys_socket[PID: 114 (klogd)]: family:1, type:1, protocol:0
[   14.481474] firmadyne: sys_socket[PID: 114 (klogd)]: family:1, type:2, protocol:0
[   14.484925] firmadyne: sys_socket[PID: 114 (klogd)]: family:1, type:1, protocol:0
[   14.486518] firmadyne: sys_socket[PID: 114 (klogd)]: family:1, type:2, protocol:0
[   14.489327] firmadyne: sys_socket[PID: 114 (klogd)]: family:1, type:1, protocol:0
sem_get: Key: 410f00a8
nvram_set: wla_wlanstate = ""
sem_get: Key: [   14.498863] firmadyne: sys_socket[PID: 114 (klogd)]: family:1, type:2, protocol:0
[   14.501747] firmadyne: sys_socket[PID: 114 (klogd)]: family:1, type:1, protocol:0
410f00a8
sem_get: Key: 410f00a8
nvram_set: lan_if = "br0[   14.510943] firmadyne: sys_socket[PID: 114 (klogd)]: family:1, type:2, protocol:0
[   14.513841] firmadyne: sys_socket[PID: 114 (klogd)]: family:1, type:1, protocol:0
"
sem_get: Key: 410f00a8
sem_get: Key: 410f00a8
[   14.522617] firmadyne: sys_socket[PID: 114 (klogd)]: family:1, type:2, protocol:0
[   14.525488] firmadyne: sys_socket[PID: 114 (klogd)]: family:1, type:1, protocol:0
[   14.527404] firmadyne: sys_socket[PID: 114 (klogd)]: family:1, type:2, protocol:0
nvram_set: lan_ipaddr = "192.168.0.50"
sem_get: Key: 410f00a8[   14.534796] firmadyne: sys_socket[PID: 114 (klogd)]: family:1, type:1, protocol:0
[   14.536264] firmadyne: sys_socket[PID: 114 (klogd)]: family:1, type:2, protocol:0

sem_get: Key: 410f00a8
[   14.543495] firmadyne: sys_socket[PID: 114 (klogd)]: family:1, type:1, protocol:0
[   14.544939] firmadyne: sys_socket[PID: 114 (klogd)]: family:1, type:2, protocol:0
nvram_set: lan_bipaddr = "192.168.0.255"
[   14.552184] firmadyne: sys_socket[PID: 114 (klogd)]: family:1, type:1, protocol:0
[   14.553600] firmadyne: sys_socket[PID: 114 (klogd)]: family:1, type:2, protocol:0
sem_get: Key: 410f00a8
sem_get: Key: 410f00a8
nvram_set[   14.564305] firmadyne: sys_socket[PID: 114 (klogd)]: family:1, type:1, protocol:0
[   14.565741] firmadyne: sys_socket[PID: 114 (klogd)]: family:1, type:2, protocol:0
: lan_netmask = "255.255.255.0"
sem_get: Key: 410f00a8
sem_get: Key: 410f00a8
[   14.576469] firmadyne: sys_socket[PID: 114 (klogd)]: family:1, type:1, protocol:0
[   14.578085] firmadyne: sys_socket[PID: 114 (klogd)]: family:1, type:2, protocol:0
[   14.581087] firmadyne: sys_socket[PID: 114 (klogd)]: family:1, type:1, protocol:0
[   14.582731] firmadyne: sys_socket[PID: 114 (klogd)]: family:1, type:2, protocol:0
[   14.585470] firmadyne: sys_socket[PID: 114 (klogd)]: family:1, type:1, protocol:0
nvram_set: time_zone = "PST8PDT"
sem_get: Key: 410f00a8
[   14.594790] firmadyne: sys_socket[PID: 114 (klogd)]: family:1, type:2, protocol:0
[   14.597604] firmadyne: sys_socket[PID: 114 (klogd)]: family:1, type:1, protocol:0
sem_get: Key: 410f00a8
nvram_set: wan_hwaddr_def = "01:23:45:67:89:ab"
sem_get: Key: 410f00a8[   14.606910] firmadyne: sys_socket[PID: 114 (klogd)]: family:1, type:2, protocol:0
[   14.609741] firmadyne: sys_socket[PID: 114 (klogd)]: family:1, type:1, protocol:0

sem_get: Key: 410f00a8
nvram_set: wan_ifname = "eth0[   14.618829] firmadyne: sys_socket[PID: 114 (klogd)]: family:1, type:2, protocol:0
[   14.621579] firmadyne: sys_socket[PID: 114 (klogd)]: family:1, type:1, protocol:0
[   14.623487] firmadyne: sys_socket[PID: 114 (klogd)]: family:1, type:2, protocol:0
[   14.626468] firmadyne: sys_socket[PID: 114 (klogd)]: family:1, type:1, protocol:0
[   14.627882] firmadyne: sys_socket[PID: 114 (klogd)]: family:1, type:2, protocol:0
"
sem_get: Key: 410f00a8
sem_get: Key: 410f00a8
nvram_set: [   14.638927] firmadyne: sys_socket[PID: 114 (klogd)]: family:1, type:1, protocol:0
[   14.640423] firmadyne: sys_socket[PID: 114 (klogd)]: family:1, type:2, protocol:0
lan_ifnames = "eth1 eth2 eth3 eth4"
sem_get: Key: 410f00a8
[   14.647514] firmadyne: sys_socket[PID: 114 (klogd)]: family:1, type:1, protocol:0
[   14.648953] firmadyne: sys_socket[PID: 114 (klogd)]: family:1, type:2, protocol:0
sem_get: Key: 410f00a8
[   14.656018] firmadyne: sys_socket[PID: 114 (klogd)]: family:1, type:1, protocol:0
[   14.657434] firmadyne: sys_socket[PID: 114 (klogd)]: family:1, type:2, protocol:0
nvram_set: ethConver = "1"
[   14.664328] firmadyne: sys_socket[PID: 114 (klogd)]: family:1, type:1, protocol:0
[   14.665772] firmadyne: sys_socket[PID: 114 (klogd)]: family:1, type:2, protocol:0
sem_get: Key: 410f00a8
sem_get: Key: 410f00a8
nvram_set: lan_proto = "dhcp"
sem_get[   14.680126] firmadyne: sys_socket[PID: 114 (klogd)]: family:1, type:1, protocol:0
[   14.681562] firmadyne: sys_socket[PID: 114 (klogd)]: family:1, type:2, protocol:0
[   14.684958] firmadyne: sys_socket[PID: 114 (klogd)]: family:1, type:1, protocol:0
[   14.686554] firmadyne: sys_socket[PID: 114 (klogd)]: family:1, type:2, protocol:0
[   14.689301] firmadyne: sys_socket[PID: 114 (klogd)]: family:1, type:1, protocol:0
: Key: 410f00a8
sem_get: Key: 410f00a8
nvram_set: wan_ipaddr = "[   14.698897] firmadyne: sys_socket[PID: 114 (klogd)]: family:1, type:2, protocol:0
[   14.701725] firmadyne: sys_socket[PID: 114 (klogd)]: family:1, type:1, protocol:0
0.0.0.0"
sem_get: Key: 410f00a8
sem_get: Key: 410f00a8
[   14.710619] firmadyne: sys_socket[PID: 114 (klogd)]: family:1, type:2, protocol:0
[   14.713425] firmadyne: sys_socket[PID: 114 (klogd)]: family:1, type:1, protocol:0
nvram_set: wan_netmask = "255.255.255.0"
[   14.718660] firmadyne: sys_socket[PID: 114 (klogd)]: family:1, type:2, protocol:0
[   14.721467] firmadyne: sys_socket[PID: 114 (klogd)]: family:1, type:1, protocol:0
sem_get: Key: 410f00a8
[   14.726634] firmadyne: sys_socket[PID: 114 (klogd)]: family:1, type:2, protocol:0
[   14.729442] firmadyne: sys_socket[PID: 114 (klogd)]: family:1, type:1, protocol:0
sem_get: Key: 410f00a8
nvram_set: wanif = "eth0"
sem_get: Key: 410f00a8[   14.738959] firmadyne: sys_socket[PID: 114 (klogd)]: family:1, type:2, protocol:0
[   14.741827] firmadyne: sys_socket[PID: 114 (klogd)]: family:1, type:1, protocol:0

sem_get: Key: 410f00a8
nvram_set: time_zone_x = "0[   14.750953] firmadyne: sys_socket[PID: 114 (klogd)]: family:1, type:2, protocol:0
[   14.753869] firmadyne: sys_socket[PID: 114 (klogd)]: family:1, type:1, protocol:0
[   14.755724] firmadyne: sys_socket[PID: 114 (klogd)]: family:1, type:2, protocol:0
[   14.758772] firmadyne: sys_socket[PID: 114 (klogd)]: family:1, type:1, protocol:0
[   14.760191] firmadyne: sys_socket[PID: 114 (klogd)]: family:1, type:2, protocol:0
"
sem_get: Key: 410f00a8
sem_get: Key: 410f00a8
nvram_set: [   14.771218] firmadyne: sys_socket[PID: 114 (klogd)]: family:1, type:1, protocol:0
[   14.772682] firmadyne: sys_socket[PID: 114 (klogd)]: family:1, type:2, protocol:0
rip_multicast = "0"
sem_get: Key: 410f00a8
[   14.779717] firmadyne: sys_socket[PID: 114 (klogd)]: family:1, type:1, protocol:0
[   14.781149] firmadyne: sys_socket[PID: 114 (klogd)]: family:1, type:2, protocol:0
sem_get: Key: 410f00a8
[   14.788051] firmadyne: sys_socket[PID: 114 (klogd)]: family:1, type:1, protocol:0
[   14.789463] firmadyne: sys_socket[PID: 114 (klogd)]: family:1, type:2, protocol:0
nvram_set: bs_trustedip_enable = "0[   14.796075] firmadyne: sys_socket[PID: 114 (klogd)]: family:1, type:1, protocol:0
[   14.797495] firmadyne: sys_socket[PID: 114 (klogd)]: family:1, type:2, protocol:0
"
sem_get: Key: 410f00a8
sem_get: Key: 410f00a8
[   14.808004] firmadyne: sys_socket[PID: 114 (klogd)]: family:1, type:1, protocol:0
[   14.809428] firmadyne: sys_socket[PID: 114 (klogd)]: family:1, type:2, protocol:0
nvram_set: et0macaddr = "01:23:45:67:89:ab"
sem_get[   14.816306] firmadyne: sys_socket[PID: 114 (klogd)]: family:1, type:1, protocol:0
[   14.817755] firmadyne: sys_socket[PID: 114 (klogd)]: family:1, type:2, protocol:0
: Key: 410f00a8
sem_get: Key: 410f00a8
nvram_set: filter_rule_tbl[   14.828405] firmadyne: sys_socket[PID: 114 (klogd)]: family:1, type:1, protocol:0
[   14.829795] firmadyne: sys_socket[PID: 114 (klogd)]: family:1, type:2, protocol:0
 = ""
sem_get: Key: 410f00a8
sem_get: Key: 410f00a8
[   14.840010] firmadyne: sys_socket[PID: 114 (klogd)]: family:1, type:1, protocol:0
[   14.841531] firmadyne: sys_socket[PID: 114 (klogd)]: family:1, type:2, protocol:0
[   14.845450] firmadyne: sys_socket[PID: 114 (klogd)]: family:1, type:1, protocol:0
[   14.847096] firmadyne: sys_socket[PID: 114 (klogd)]: family:1, type:2, protocol:0
[   14.849873] firmadyne: sys_socket[PID: 114 (klogd)]: family:1, type:1, protocol:0
nvram_set: pppoe2_schedule_config = "127:0:0:23:59"
sem_get: Key: 410f00a8
sem_get[   14.858868] firmadyne: sys_socket[PID: 114 (klogd)]: family:1, type:2, protocol:0
[   14.861690] firmadyne: sys_socket[PID: 114 (klogd)]: family:1, type:1, protocol:0
: Key: 410f00a8
nvram_set[   14.866942] firmadyne: sys_socket[PID: 114 (klogd)]: family:1, type:2, protocol:0
[   14.869773] firmadyne: sys_socket[PID: 114 (klogd)]: family:1, type:1, protocol:0
: schedule_config = "127:0:0:23:59"
sem_get: Key: 410f00a8
sem_get[   14.878972] firmadyne: sys_socket[PID: 114 (klogd)]: family:1, type:2, protocol:0
[   14.881926] firmadyne: sys_socket[PID: 114 (klogd)]: family:1, type:1, protocol:0
: Key: 410f00a8
nvram_set: access_control_mode = "0"
sem_get: Key: 410f00a8[   14.890673] firmadyne: sys_socket[PID: 114 (klogd)]: family:1, type:2, protocol:0
[   14.893488] firmadyne: sys_socket[PID: 114 (klogd)]: family:1, type:1, protocol:0

sem_get: Key: 410f00a8[   14.898993] firmadyne: sys_socket[PID: 114 (klogd)]: family:1, type:2, protocol:0
[   14.901826] firmadyne: sys_socket[PID: 114 (klogd)]: family:1, type:1, protocol:0

nvram_set: fwpt_df_count = "0"
sem_get: Key: 410f00a8
[   14.910803] firmadyne: sys_socket[PID: 114 (klogd)]: family:1, type:2, protocol:0
[   14.913636] firmadyne: sys_socket[PID: 114 (klogd)]: family:1, type:1, protocol:0
[   14.915587] firmadyne: sys_socket[PID: 114 (klogd)]: family:1, type:2, protocol:0
[   14.918562] firmadyne: sys_socket[PID: 114 (klogd)]: family:1, type:1, protocol:0
[   14.919968] firmadyne: sys_socket[PID: 114 (klogd)]: family:1, type:2, protocol:0
sem_get: Key: 410f00a8
nvram_set: static_if_status = "1"
sem_get: Key: 410f00a8[   14.931078] firmadyne: sys_socket[PID: 114 (klogd)]: family:1, type:1, protocol:0
[   14.932538] firmadyne: sys_socket[PID: 114 (klogd)]: family:1, type:2, protocol:0

sem_get: Key: 410f00a8
[   14.939636] firmadyne: sys_socket[PID: 114 (klogd)]: family:1, type:1, protocol:0
[   14.941066] firmadyne: sys_socket[PID: 114 (klogd)]: family:1, type:2, protocol:0
nvram_set: www_relocation = ""
[   14.948007] firmadyne: sys_socket[PID: 114 (klogd)]: family:1, type:1, protocol:0
[   14.949435] firmadyne: sys_socket[PID: 114 (klogd)]: family:1, type:2, protocol:0
sem_get: Key: 410f00a8
sem_get: Key: 410f00a8
nvram_set: [   14.960404] firmadyne: sys_socket[PID: 114 (klogd)]: family:1, type:1, protocol:0
usb_info_dev0 = "A200396E0402FF83@1@14.4G@U@1@USB_Storage;U:;0;0@"
sem_get: Key: 410f00a8
[   14.966598] firmadyne: sys_socket[PID: 114 (klogd)]: family:1, type:2, protocol:0
[   14.969433] firmadyne: sys_socket[PID: 114 (klogd)]: family:1, type:1, protocol:0
sem_get: Key: 410f00a8
[   14.974789] firmadyne: sys_socket[PID: 114 (klogd)]: family:1, type:2, protocol:0
[   14.977620] firmadyne: sys_socket[PID: 114 (klogd)]: family:1, type:1, protocol:0
nvram_set: usb_info_dev1 = "A200396E0402FF83@1@14.4G@U@1@USB_Storage;U:;0;0@"
[   14.986597] firmadyne: sys_socket[PID: 114 (klogd)]: family:1, type:2, protocol:0
[   14.989427] firmadyne: sys_socket[PID: 114 (klogd)]: family:1, type:1, protocol:0
sem_get: Key: 410f00a8
[   14.994636] firmadyne: sys_socket[PID: 114 (klogd)]: family:1, type:2, protocol:0
[   14.997459] firmadyne: sys_socket[PID: 114 (klogd)]: family:1, type:1, protocol:0
sem_get: Key: 410f00a8
nvram_set: usb_info_dev2 = "A200396E0402FF83@1@14.4G@U@1@USB_Storage;U:;0;0@"
sem_get: Key: [   15.006639] firmadyne: sys_socket[PID: 114 (klogd)]: family:1, type:2, protocol:0
[   15.009443] firmadyne: sys_socket[PID: 114 (klogd)]: family:1, type:1, protocol:0
410f00a8
sem_get: Key: [   15.014763] firmadyne: sys_socket[PID: 114 (klogd)]: family:1, type:2, protocol:0
[   15.017569] firmadyne: sys_socket[PID: 114 (klogd)]: family:1, type:1, protocol:0
410f00a8
nvram_set: usb_info_dev3 = "A200396E0402FF83@1@14.4G@U@1@USB_Storage;U:;0;0@"
sem_get: Key: 410f00a8
[   15.026934] firmadyne: sys_socket[PID: 114 (klogd)]: family:1, type:2, protocol:0
[   15.029808] firmadyne: sys_socket[PID: 114 (klogd)]: family:1, type:1, protocol:0
[   15.031802] firmadyne: sys_socket[PID: 114 (klogd)]: family:1, type:2, protocol:0
[   15.034902] firmadyne: sys_socket[PID: 114 (klogd)]: family:1, type:1, protocol:0
[   15.036317] firmadyne: sys_socket[PID: 114 (klogd)]: family:1, type:2, protocol:0
sem_get: Key: 410f00a8
nvram_set: usb_info_dev4 = "A200396E0402FF83@1@14.4G@U@1@USB_Storage;U:;0;0@"
sem_get: Key: 410f00a8
sem_get: Key: 410f00a8
nvram_set: usb_info_dev5 = "A200396E0402FF83@1@14.4G@U@1@USB_Storage;U:;0;0@"
sem_get: Key: 410f00a8
[   15.071543] firmadyne: sys_socket[PID: 114 (klogd)]: family:1, type:1, protocol:0
[   15.073022] firmadyne: sys_socket[PID: 114 (klogd)]: family:1, type:2, protocol:0
[   15.076162] firmadyne: sys_socket[PID: 114 (klogd)]: family:1, type:1, protocol:0
[   15.077574] firmadyne: sys_socket[PID: 114 (klogd)]: family:1, type:2, protocol:0
sem_get: Key: 410f00a8
nvram_set: usb_info_dev6 = "A200396E0402FF83@1@14.4G@U@1@USB_Storage;U:;0;0@"
sem_get: Key: 410f00a8
[   15.092184] firmadyne: sys_socket[PID: 114 (klogd)]: family:1, type:1, protocol:0
[   15.093607] firmadyne: sys_socket[PID: 114 (klogd)]: family:1, type:2, protocol:0
sem_get: Key: 410f00a8
nvram_set: usb_info_dev7 = "A200396E0402FF83@1@14.4G@U@1@USB_Storage;U:;0;0@"
sem_get[   15.104064] firmadyne: sys_socket[PID: 114 (klogd)]: family:1, type:1, protocol:0
[   15.105486] firmadyne: sys_socket[PID: 114 (klogd)]: family:1, type:2, protocol:0
[   15.108798] firmadyne: sys_socket[PID: 114 (klogd)]: family:1, type:1, protocol:0
: Key: 410f00a8
sem_get: Key: 410f00a8[   15.114818] firmadyne: sys_socket[PID: 114 (klogd)]: family:1, type:2, protocol:0
[   15.117686] firmadyne: sys_socket[PID: 114 (klogd)]: family:1, type:1, protocol:0

nvram_set: usb_info_dev8 = "A200396E0402FF83@1@14.4G@U@1@USB_Storage;U:;0;0@"
sem_get: Key: 410f00a8
[   15.126883] firmadyne: sys_socket[PID: 114 (klogd)]: family:1, type:2, protocol:0
[   15.129790] firmadyne: sys_socket[PID: 114 (klogd)]: family:1, type:1, protocol:0
[   15.131655] firmadyne: sys_socket[PID: 114 (klogd)]: family:1, type:2, protocol:0
[   15.134802] firmadyne: sys_socket[PID: 114 (klogd)]: family:1, type:1, protocol:0
[   15.136220] firmadyne: sys_socket[PID: 114 (klogd)]: family:1, type:2, protocol:0
sem_get: Key: 410f00a8
nvram_set: usb_info_dev9 = "A200396E0402FF83@1@14.4G@U@1@USB_Storage;U:;0;0@"
sem_get: Key: [   15.147687] firmadyne: sys_socket[PID: 114 (klogd)]: family:1, type:1, protocol:0
[   15.149142] firmadyne: sys_socket[PID: 114 (klogd)]: family:1, type:2, protocol:0
410f00a8
sem_get: Key: 410f00a8[   15.156512] firmadyne: sys_socket[PID: 114 (klogd)]: family:1, type:1, protocol:0

nvram_set: usb_info_dev10 = "A200396E0402FF83@1@14.4G@U@1@USB_Storage;U:;0;0@[   15.162718] firmadyne: sys_socket[PID: 114 (klogd)]: family:1, type:2, protocol:0
[   15.165633] firmadyne: sys_socket[PID: 114 (klogd)]: family:1, type:1, protocol:0
"
sem_get: Key: 410f00a8
sem_get: Key: 410f00a8
[   15.176289] firmadyne: sys_socket[PID: 114 (klogd)]: family:1, type:2, protocol:0
[   15.179436] firmadyne: sys_socket[PID: 114 (klogd)]: family:1, type:1, protocol:0
[   15.180837] firmadyne: sys_socket[PID: 114 (klogd)]: family:1, type:2, protocol:0
nvram_set: usb_info_dev11 = "A200396E0402FF83@1@14.4G@U@1@USB_Storage;U:;0;0@"
sem_get[   15.188130] firmadyne: sys_socket[PID: 114 (klogd)]: family:1, type:1, protocol:0
[   15.189555] firmadyne: sys_socket[PID: 114 (klogd)]: family:1, type:2, protocol:0
: Key: 410f00a8
sem_get: Key: 410f00a8
nvram_set: usb_info_dev12[   15.200360] firmadyne: sys_socket[PID: 114 (klogd)]: family:1, type:1, protocol:0
[   15.201732] firmadyne: sys_socket[PID: 114 (klogd)]: family:1, type:2, protocol:0
[   15.205063] firmadyne: sys_socket[PID: 114 (klogd)]: family:1, type:1, protocol:0
[   15.206764] firmadyne: sys_socket[PID: 114 (klogd)]: family:1, type:2, protocol:0
[   15.209616] firmadyne: sys_socket[PID: 114 (klogd)]: family:1, type:1, protocol:0
 = "A200396E0402FF83@1@14.4G@U@1@USB_Storage;U:;0;0@"
sem_get: Key: 410f00a8
sem_get: Key: 410f00a8
nvram_set: usb_info_dev13 = "A200396E0402FF83@1@14.4G@U@1@USB_Storage;U:;0;0@[   15.222778] firmadyne: sys_socket[PID: 114 (klogd)]: family:1, type:2, protocol:0
"
sem_get: Key: 410f00a8
[   15.230254] firmadyne: sys_socket[PID: 114 (klogd)]: family:1, type:1, protocol:0
[   15.231762] firmadyne: sys_socket[PID: 114 (klogd)]: family:1, type:2, protocol:0
sem_get: Key: 410f00a8
[   15.239018] firmadyne: sys_socket[PID: 114 (klogd)]: family:1, type:1, protocol:0
[   15.240484] firmadyne: sys_socket[PID: 114 (klogd)]: family:1, type:2, protocol:0
nvram_set: usb_info_dev14 = "A200396E0402FF83@1@14.4G@U@1@USB_Storage;U:;0;0@"
sem_get[   15.247903] firmadyne: sys_socket[PID: 114 (klogd)]: family:1, type:1, protocol:0
[   15.249366] firmadyne: sys_socket[PID: 114 (klogd)]: family:1, type:2, protocol:0
: Key: 410f00a8
sem_get[   15.256393] firmadyne: sys_socket[PID: 114 (klogd)]: family:1, type:1, protocol:0
[   15.258100] firmadyne: sys_socket[PID: 114 (klogd)]: family:1, type:2, protocol:0
: Key: 410f00a8
nvram_set: usb_info_dev15 = "A200396E0402FF83@1@14.4G@U@1@USB_Storage;U:;0;0@"
sem_get: Key: [   15.268116] firmadyne: sys_socket[PID: 114 (klogd)]: family:1, type:1, protocol:0
[   15.269537] firmadyne: sys_socket[PID: 114 (klogd)]: family:1, type:2, protocol:0
410f00a8
sem_get: Key: 410f00a8
nvram_set[   15.280443] firmadyne: sys_socket[PID: 114 (klogd)]: family:1, type:1, protocol:0
[   15.282470] firmadyne: sys_socket[PID: 114 (klogd)]: family:1, type:2, protocol:0
[   15.285316] firmadyne: sys_socket[PID: 114 (klogd)]: family:1, type:1, protocol:0
: usb_info_dev16 = "A200396E0402FF83@1@14.4G@U@1@USB_Storage;U:;0;0@"
sem_get: Key: [   15.290835] firmadyne: sys_socket[PID: 114 (klogd)]: family:1, type:2, protocol:0
[   15.293753] firmadyne: sys_socket[PID: 114 (klogd)]: family:1, type:1, protocol:0
410f00a8
sem_get: Key: 410f00a8
nvram_set: usb_info_dev17[   15.302713] firmadyne: sys_socket[PID: 114 (klogd)]: family:1, type:2, protocol:0
[   15.305624] firmadyne: sys_socket[PID: 114 (klogd)]: family:1, type:1, protocol:0
 = "A200396E0402FF83@1@14.4G@U@1@USB_Storage;U:;0;0@"
sem_get: Key: 410f00a8
sem_get: Key: 410f00a8
[   15.314625] firmadyne: sys_socket[PID: 114 (klogd)]: family:1, type:2, protocol:0
[   15.317519] firmadyne: sys_socket[PID: 114 (klogd)]: family:1, type:1, protocol:0
[   15.319445] firmadyne: sys_socket[PID: 114 (klogd)]: family:1, type:2, protocol:0
nvram_set: usb_info_dev18 = "A200396E0402FF83@1@14.4G@U@1@USB_Storage;U:;0;0@"
[   15.326892] firmadyne: sys_socket[PID: 114 (klogd)]: family:1, type:1, protocol:0
[   15.328364] firmadyne: sys_socket[PID: 114 (klogd)]: family:1, type:2, protocol:0
sem_get: Key: 410f00a8
sem_get: Key: [   15.335974] firmadyne: sys_socket[PID: 114 (klogd)]: family:1, type:1, protocol:0
[   15.337460] firmadyne: sys_socket[PID: 114 (klogd)]: family:1, type:2, protocol:0
410f00a8
nvram_set: [   15.344335] firmadyne: sys_socket[PID: 114 (klogd)]: family:1, type:1, protocol:0
[   15.345776] firmadyne: sys_socket[PID: 114 (klogd)]: family:1, type:2, protocol:0
usb_info_dev19 = "A200396E0402FF83@1@14.4G@U@1@USB_Storage;U:;0;0@"
sem_get: Key: 410f00a8
sem_get: Key: 410f00a8
[   15.356532] firmadyne: sys_socket[PID: 114 (klogd)]: family:1, type:1, protocol:0
[   15.358395] firmadyne: sys_socket[PID: 114 (klogd)]: family:1, type:2, protocol:0
[   15.361331] firmadyne: sys_socket[PID: 114 (klogd)]: family:1, type:1, protocol:0
nvram_set: usb_info_dev20 = "A200396E0402FF83@1@14.4G@U@1@USB_Storage;U:;0;0@"
sem_get: Key: 410f00a8
[   15.370693] firmadyne: sys_socket[PID: 114 (klogd)]: family:1, type:2, protocol:0
[   15.373596] firmadyne: sys_socket[PID: 114 (klogd)]: family:1, type:1, protocol:0
sem_get: Key: 410f00a8
nvram_set: usb_info_dev21 = "A200396E0402FF83@1@14.4G@U@1@USB_Storage;U:;0;0@"
sem_get[   15.382862] firmadyne: sys_socket[PID: 114 (klogd)]: family:1, type:2, protocol:0
[   15.385798] firmadyne: sys_socket[PID: 114 (klogd)]: family:1, type:1, protocol:0
[   15.387647] firmadyne: sys_socket[PID: 114 (klogd)]: family:1, type:2, protocol:0
[   15.390783] firmadyne: sys_socket[PID: 114 (klogd)]: family:1, type:1, protocol:0
[   15.392196] firmadyne: sys_socket[PID: 114 (klogd)]: family:1, type:2, protocol:0
: Key: 410f00a8
sem_get: Key: 410f00a8
nvram_set: usb_info_dev22 = "[   15.403229] firmadyne: sys_socket[PID: 114 (klogd)]: family:1, type:1, protocol:0
[   15.404686] firmadyne: sys_socket[PID: 114 (klogd)]: family:1, type:2, protocol:0
A200396E0402FF83@1@14.4G@U@1@USB_Storage;U:;0;0@"
sem_get: Key: 410f00a8
[   15.412060] firmadyne: sys_socket[PID: 114 (klogd)]: family:1, type:1, protocol:0
[   15.413480] firmadyne: sys_socket[PID: 114 (klogd)]: family:1, type:2, protocol:0
sem_get: Key: 410f00a8
[   15.420126] firmadyne: sys_socket[PID: 114 (klogd)]: family:1, type:1, protocol:0
[   15.421542] firmadyne: sys_socket[PID: 114 (klogd)]: family:1, type:2, protocol:0
nvram_set: usb_info_dev23 = "A200396E0402FF83@1@14.4G@U@1@USB_Storage;U:;0;0@"
sem_get: Key: 410f00a8
[   15.432228] firmadyne: sys_socket[PID: 114 (klogd)]: family:1, type:1, protocol:0
[   15.433643] firmadyne: sys_socket[PID: 114 (klogd)]: family:1, type:2, protocol:0
sem_get: Key: 410f00a8
nvram_set: usb_info_dev24 = "A200396E0402FF83@1@14.4G@U@1@USB_Storage;U:;0;0@"
sem_get[   15.444266] firmadyne: sys_socket[PID: 114 (klogd)]: family:1, type:1, protocol:0
[   15.445701] firmadyne: sys_socket[PID: 114 (klogd)]: family:1, type:2, protocol:0
[   15.448993] firmadyne: sys_socket[PID: 114 (klogd)]: family:1, type:1, protocol:0
[   15.450630] firmadyne: sys_socket[PID: 114 (klogd)]: family:1, type:2, protocol:0
[   15.453472] firmadyne: sys_socket[PID: 114 (klogd)]: family:1, type:1, protocol:0
: Key: 410f00a8
sem_get: Key: 410f00a8
nvram_set: usb_info_dev25[   15.462934] firmadyne: sys_socket[PID: 114 (klogd)]: family:1, type:2, protocol:0
 = "A200396E0402FF83@1@14.4G@U@1@USB_Storage;U:;0;0@"
sem_get: Key: 410f00a8
[   15.471636] firmadyne: sys_socket[PID: 114 (klogd)]: family:1, type:1, protocol:0
[   15.473111] firmadyne: sys_socket[PID: 114 (klogd)]: family:1, type:2, protocol:0
[   15.476264] firmadyne: sys_socket[PID: 114 (klogd)]: family:1, type:1, protocol:0
[   15.477802] firmadyne: sys_socket[PID: 114 (klogd)]: family:1, type:2, protocol:0
sem_get: Key: 410f00a8
nvram_set: usb_info_dev26 = "A200396E0402FF83@1@14.4G@U@1@USB_Storage;U:;0;0@"
[   15.488526] firmadyne: sys_socket[PID: 114 (klogd)]: family:1, type:1, protocol:0
sem_get: Key: 410f00a8
sem_get[   15.494446] firmadyne: sys_socket[PID: 114 (klogd)]: family:1, type:2, protocol:0
[   15.497404] firmadyne: sys_socket[PID: 114 (klogd)]: family:1, type:1, protocol:0
: Key: 410f00a8
nvram_set: usb_info_dev27 = "A200396E0402FF83@1@14.4G@U@1@USB_Storage;U:;0;0@"
sem_get: Key: 410f00a8[   15.506644] firmadyne: sys_socket[PID: 114 (klogd)]: family:1, type:2, protocol:0
[   15.509561] firmadyne: sys_socket[PID: 114 (klogd)]: family:1, type:1, protocol:0

sem_get: Key: 410f00a8
nvram_set: usb_info_dev28 = "A200396E0402FF83@1@14.4G@U@1@USB_Storage;U:;0;0@[   15.519246] firmadyne: sys_socket[PID: 114 (klogd)]: family:1, type:2, protocol:0
[   15.522496] firmadyne: sys_socket[PID: 114 (klogd)]: family:1, type:1, protocol:0
[   15.523896] firmadyne: sys_socket[PID: 114 (klogd)]: family:1, type:2, protocol:0
"
sem_get: Key: 410f00a8
[   15.531252] firmadyne: sys_socket[PID: 114 (klogd)]: family:1, type:1, protocol:0
[   15.532642] firmadyne: sys_socket[PID: 114 (klogd)]: family:1, type:2, protocol:0
sem_get: Key: 410f00a8
nvram_set[   15.540007] firmadyne: sys_socket[PID: 114 (klogd)]: family:1, type:1, protocol:0
[   15.541453] firmadyne: sys_socket[PID: 114 (klogd)]: family:1, type:2, protocol:0
: usb_info_dev29 = "A200396E0402FF83@1@14.4G@U@1@USB_Storage;U:;0;0@"
sem_get[   15.548122] firmadyne: sys_socket[PID: 114 (klogd)]: family:1, type:1, protocol:0
[   15.549539] firmadyne: sys_socket[PID: 114 (klogd)]: family:1, type:2, protocol:0
: Key: 410f00a8
sem_get: Key: 410f00a8
nvram_set: usb_info_dev30 = "A200396E0402FF83@1@14.4G@U@1@USB_Storage;U:;0;0@"
sem_get: Key: 410f00a8
sem_get: Key: 410f00a8
nvram_set: usb_info_dev31[   15.582650] firmadyne: sys_socket[PID: 114 (klogd)]: family:1, type:1, protocol:0
[   15.584121] firmadyne: sys_socket[PID: 114 (klogd)]: family:1, type:2, protocol:0
 = "A200396E0402FF83@1@14.4G@U@1@USB_Storage;U:;0;0@"
sem_get: Key: 410f00a8
[   15.591190] firmadyne: sys_socket[PID: 114 (klogd)]: family:1, type:1, protocol:0
[   15.592652] firmadyne: sys_socket[PID: 114 (klogd)]: family:1, type:2, protocol:0
sem_get: Key: 410f00a8
[   15.599844] firmadyne: sys_socket[PID: 114 (klogd)]: family:1, type:1, protocol:0
[   15.601286] firmadyne: sys_socket[PID: 114 (klogd)]: family:1, type:2, protocol:0
nvram_set: usb_info_dev32 = "A200396E0402FF83@1@14.4G@U@1@USB_Storage;U:;0;0@"
[   15.608564] firmadyne: sys_socket[PID: 114 (klogd)]: family:1, type:1, protocol:0
sem_get: Key: 410f00a8
sem_get[   15.614459] firmadyne: sys_socket[PID: 114 (klogd)]: family:1, type:2, protocol:0
[   15.617354] firmadyne: sys_socket[PID: 114 (klogd)]: family:1, type:1, protocol:0
: Key: 410f00a8
nvram_set[   15.622741] firmadyne: sys_socket[PID: 114 (klogd)]: family:1, type:2, protocol:0
[   15.625657] firmadyne: sys_socket[PID: 114 (klogd)]: family:1, type:1, protocol:0
: usb_info_dev33 = "A200396E0402FF83@1@14.4G@U@1@USB_Storage;U:;0;0@"
sem_get: Key: 410f00a8
sem_get: Key: 410f00a8[   15.634806] firmadyne: sys_socket[PID: 114 (klogd)]: family:1, type:2, protocol:0
[   15.637741] firmadyne: sys_socket[PID: 114 (klogd)]: family:1, type:1, protocol:0

nvram_set: usb_info_dev34 = "A200396E0402FF83@1@14.4G@U@1@USB_Storage;U:;0;0@"
sem_get: Key: 410f00a8
[   15.646618] firmadyne: sys_socket[PID: 114 (klogd)]: family:1, type:2, protocol:0
[   15.649532] firmadyne: sys_socket[PID: 114 (klogd)]: family:1, type:1, protocol:0
[   15.651517] firmadyne: sys_socket[PID: 114 (klogd)]: family:1, type:2, protocol:0
[   15.654740] firmadyne: sys_socket[PID: 114 (klogd)]: family:1, type:1, protocol:0
[   15.656191] firmadyne: sys_socket[PID: 114 (klogd)]: family:1, type:2, protocol:0
sem_get: Key: 410f00a8
nvram_set: usb_info_dev35 = "A200396E0402FF83@1@14.4G@U@1@USB_Storage;U:;0;0@"
[   15.667526] firmadyne: sys_socket[PID: 114 (klogd)]: family:1, type:1, protocol:0
[   15.668975] firmadyne: sys_socket[PID: 114 (klogd)]: family:1, type:2, protocol:0
sem_get: Key: 410f00a8
sem_get: Key: 410f00a8
[   15.680113] firmadyne: sys_socket[PID: 114 (klogd)]: family:1, type:1, protocol:0
[   15.681542] firmadyne: sys_socket[PID: 114 (klogd)]: family:1, type:2, protocol:0
nvram_set: usb_info_dev36 = "A200396E0402FF83@1@14.4G@U@1@USB_Storage;U:;0;0@"
sem_get: Key: 410f00a8
sem_get[   15.692351] firmadyne: sys_socket[PID: 114 (klogd)]: family:1, type:1, protocol:0
[   15.693856] firmadyne: sys_socket[PID: 114 (klogd)]: family:1, type:2, protocol:0
[   15.698181] firmadyne: sys_socket[PID: 114 (klogd)]: family:1, type:1, protocol:0
[   15.699655] firmadyne: sys_socket[PID: 114 (klogd)]: family:1, type:2, protocol:0
: Key: 410f00a8
nvram_set: usb_info_dev37 = "A200396E0402FF83@1@14.4G@U@1@USB_Storage;U:;0;0@"
sem_get: Key: 410f00a8
[   15.711956] firmadyne: sys_socket[PID: 114 (klogd)]: family:1, type:1, protocol:0
[   15.713422] firmadyne: sys_socket[PID: 114 (klogd)]: family:1, type:2, protocol:0
sem_get: Key: 410f00a8
[   15.720226] firmadyne: sys_socket[PID: 114 (klogd)]: family:1, type:1, protocol:0
[   15.721641] firmadyne: sys_socket[PID: 114 (klogd)]: family:1, type:2, protocol:0
nvram_set: usb_info_dev38 = "A200396E0402FF83@1@14.4G@U@1@USB_Storage;U:;0;0@"
sem_get: Key: 410f00a8
[   15.732097] firmadyne: sys_socket[PID: 114 (klogd)]: family:1, type:1, protocol:0
[   15.733513] firmadyne: sys_socket[PID: 114 (klogd)]: family:1, type:2, protocol:0
[   15.736874] firmadyne: sys_socket[PID: 114 (klogd)]: family:1, type:1, protocol:0
sem_get: Key: 410f00a8
[   15.742629] firmadyne: sys_socket[PID: 114 (klogd)]: family:1, type:2, protocol:0
[   15.745536] firmadyne: sys_socket[PID: 114 (klogd)]: family:1, type:1, protocol:0
nvram_set: usb_info_dev39 = "A200396E0402FF83@1@14.4G@U@1@USB_Storage;U:;0;0@"
sem_get: Key: 410f00a8
sem_get[   15.754843] firmadyne: sys_socket[PID: 114 (klogd)]: family:1, type:2, protocol:0
[   15.757775] firmadyne: sys_socket[PID: 114 (klogd)]: family:1, type:1, protocol:0
: Key: 410f00a8
nvram_set: usb_info_dev40 = "A200396E0402FF83@1@14.4G@U@1@USB_Storage;U:;0;0@"
sem_get: Key: 410f00a8[   15.766927] firmadyne: sys_socket[PID: 114 (klogd)]: family:1, type:2, protocol:0
[   15.769867] firmadyne: sys_socket[PID: 114 (klogd)]: family:1, type:1, protocol:0
[   15.771719] firmadyne: sys_socket[PID: 114 (klogd)]: family:1, type:2, protocol:0
[   15.774868] firmadyne: sys_socket[PID: 114 (klogd)]: family:1, type:1, protocol:0
[   15.776287] firmadyne: sys_socket[PID: 114 (klogd)]: family:1, type:2, protocol:0

sem_get: Key: 410f00a8
nvram_set: usb_info_dev41 = "A200396E0402FF83@1@14.4G@U@1@USB_Storage;U:;0;0@"
[   15.787708] firmadyne: sys_socket[PID: 114 (klogd)]: family:1, type:1, protocol:0
[   15.789199] firmadyne: sys_socket[PID: 114 (klogd)]: family:1, type:2, protocol:0
sem_get: Key: 410f00a8
[   15.796128] firmadyne: sys_socket[PID: 114 (klogd)]: family:1, type:1, protocol:0
[   15.797546] firmadyne: sys_socket[PID: 114 (klogd)]: family:1, type:2, protocol:0
sem_get: Key: 410f00a8
nvram_set: usb_info_dev42 = "A200396E0402FF83@1@14.4G@U@1@USB_Storage;U:;0;0@"
[   15.808115] firmadyne: sys_socket[PID: 114 (klogd)]: family:1, type:1, protocol:0
[   15.809567] firmadyne: sys_socket[PID: 114 (klogd)]: family:1, type:2, protocol:0
sem_get: Key: 410f00a8
sem_get: Key: 410f00a8
nvram_set: [   15.820385] firmadyne: sys_socket[PID: 114 (klogd)]: family:1, type:1, protocol:0
[   15.821838] firmadyne: sys_socket[PID: 114 (klogd)]: family:1, type:2, protocol:0
[   15.825140] firmadyne: sys_socket[PID: 114 (klogd)]: family:1, type:1, protocol:0
[   15.826794] firmadyne: sys_socket[PID: 114 (klogd)]: family:1, type:2, protocol:0
[   15.829723] firmadyne: sys_socket[PID: 114 (klogd)]: family:1, type:1, protocol:0
usb_info_dev43 = "A200396E0402FF83@1@14.4G@U@1@USB_Storage;U:;0;0@"
sem_get: Key: 410f00a8
sem_get: Key: 410f00a8
[   15.838965] firmadyne: sys_socket[PID: 114 (klogd)]: family:1, type:2, protocol:0
[   15.842117] firmadyne: sys_socket[PID: 114 (klogd)]: family:1, type:1, protocol:0
nvram_set: usb_info_dev44 = "A200396E0402FF83@1@14.4G@U@1@USB_Storage;U:;0;0@"
sem_get: Key: 410f00a8
[   15.850883] firmadyne: sys_socket[PID: 114 (klogd)]: family:1, type:2, protocol:0
[   15.853819] firmadyne: sys_socket[PID: 114 (klogd)]: family:1, type:1, protocol:0
sem_get: Key: 410f00a8
nvram_set: usb_info_dev45 = "A200396E0402FF83@1@14.4G@U@1@USB_Storage;U:;0;0@"
[   15.862889] firmadyne: sys_socket[PID: 114 (klogd)]: family:1, type:2, protocol:0
[   15.865830] firmadyne: sys_socket[PID: 114 (klogd)]: family:1, type:1, protocol:0
[   15.867711] firmadyne: sys_socket[PID: 114 (klogd)]: family:1, type:2, protocol:0
sem_get: Key: 410f00a8
sem_get: Key: 410f00a8
nvram_set[   15.879407] firmadyne: sys_socket[PID: 114 (klogd)]: family:1, type:1, protocol:0
[   15.880887] firmadyne: sys_socket[PID: 114 (klogd)]: family:1, type:2, protocol:0
[   15.884339] firmadyne: sys_socket[PID: 114 (klogd)]: family:1, type:1, protocol:0
[   15.885777] firmadyne: sys_socket[PID: 114 (klogd)]: family:1, type:2, protocol:0
: usb_info_dev46 = "A200396E0402FF83@1@14.4G@U@1@USB_Storage;U:;0;0@"
sem_get: Key: 410f00a8
sem_get: Key: 410f00a8[   15.896503] firmadyne: sys_socket[PID: 114 (klogd)]: family:1, type:1, protocol:0
[   15.898375] firmadyne: sys_socket[PID: 114 (klogd)]: family:1, type:2, protocol:0
[   15.901256] firmadyne: sys_socket[PID: 114 (klogd)]: family:1, type:1, protocol:0

nvram_set: usb_info_dev47 = "[   15.906917] firmadyne: sys_socket[PID: 114 (klogd)]: family:1, type:2, protocol:0
[   15.909871] firmadyne: sys_socket[PID: 114 (klogd)]: family:1, type:1, protocol:0
A200396E0402FF83@1@14.4G@U@1@USB_Storage;U:;0;0@"
sem_get: Key: 410f00a8
sem_get: Key: 410f00a8
[   15.918620] firmadyne: sys_socket[PID: 114 (klogd)]: family:1, type:2, protocol:0
[   15.921545] firmadyne: sys_socket[PID: 114 (klogd)]: family:1, type:1, protocol:0
nvram_set: usb_info_dev48 = "A200396E0402FF83@1@14.4G@U@1@USB_Storage;U:;0;0@"
sem_get: Key: 410f00a8
[   15.930733] firmadyne: sys_socket[PID: 114 (klogd)]: family:1, type:2, protocol:0
[   15.933654] firmadyne: sys_socket[PID: 114 (klogd)]: family:1, type:1, protocol:0
[   15.935522] firmadyne: sys_socket[PID: 114 (klogd)]: family:1, type:2, protocol:0
[   15.938672] firmadyne: sys_socket[PID: 114 (klogd)]: family:1, type:1, protocol:0
[   15.940094] firmadyne: sys_socket[PID: 114 (klogd)]: family:1, type:2, protocol:0
sem_get: Key: 410f00a8
nvram_set: usb_info_dev49 = "A200396E0402FF83@1@14.4G@U@1@USB_Storage;U:;0;0@"
sem_get: Key: [   15.951171] firmadyne: sys_socket[PID: 114 (klogd)]: family:1, type:1, protocol:0
[   15.952635] firmadyne: sys_socket[PID: 114 (klogd)]: family:1, type:2, protocol:0
410f00a8
sem_get: Key: 410f00a8
[   15.960310] firmadyne: sys_socket[PID: 114 (klogd)]: family:1, type:1, protocol:0
[   15.961794] firmadyne: sys_socket[PID: 114 (klogd)]: family:1, type:2, protocol:0
nvram_set: usb_info_dev50 = "A200396E0402FF83@1@14.4G@U@1@USB_Storage;U:;0;0@"
sem_get: Key: 410f00a8
[   15.972323] firmadyne: sys_socket[PID: 114 (klogd)]: family:1, type:1, protocol:0
[   15.973826] firmadyne: sys_socket[PID: 114 (klogd)]: family:1, type:2, protocol:0
sem_get: Key: 410f00a8
nvram_set: usb_info_dev51 = "A200396E0402FF83@1@14.4G@U@1@USB_Storage;U:;0;0@[   15.984180] firmadyne: sys_socket[PID: 114 (klogd)]: family:1, type:1, protocol:0
[   15.985619] firmadyne: sys_socket[PID: 114 (klogd)]: family:1, type:2, protocol:0
[   15.989010] firmadyne: sys_socket[PID: 114 (klogd)]: family:1, type:1, protocol:0
[   15.990601] firmadyne: sys_socket[PID: 114 (klogd)]: family:1, type:2, protocol:0
[   15.993523] firmadyne: sys_socket[PID: 114 (klogd)]: family:1, type:1, protocol:0
"
sem_get: Key: 410f00a8
sem_get: Key: 410f00a8
[   16.002616] firmadyne: sys_socket[PID: 114 (klogd)]: family:1, type:2, protocol:0
[   16.005546] firmadyne: sys_socket[PID: 114 (klogd)]: family:1, type:1, protocol:0
nvram_set: usb_info_dev52 = "A200396E0402FF83@1@14.4G@U@1@USB_Storage;U:;0;0@"
sem_get: Key: 410f00a8
sem_get: Key: [   16.014933] firmadyne: sys_socket[PID: 114 (klogd)]: family:1, type:2, protocol:0
[   16.018107] firmadyne: sys_socket[PID: 114 (klogd)]: family:1, type:1, protocol:0
410f00a8
nvram_set: usb_info_dev53 = "A200396E0402FF83@1@14.4G@U@1@USB_Storage;U:;0;0@"
sem_get: Key: 410f00a8[   16.026918] firmadyne: sys_socket[PID: 114 (klogd)]: family:1, type:2, protocol:0

sem_get: Key: 410f00a8
nvram_set: usb_info_dev54 = "A200396E0402FF83@1@14.4G@U@1@USB_Storage;U:;0;0@"
sem_get: Key: 410f00a8[   16.050749] firmadyne: sys_socket[PID: 114 (klogd)]: family:1, type:1, protocol:0
[   16.052219] firmadyne: sys_socket[PID: 114 (klogd)]: family:1, type:2, protocol:0

sem_get: Key: 410f00a8
[   16.059539] firmadyne: sys_socket[PID: 114 (klogd)]: family:1, type:1, protocol:0
[   16.061000] firmadyne: sys_socket[PID: 114 (klogd)]: family:1, type:2, protocol:0
nvram_set: usb_info_dev55 = "A200396E0402FF83@1@14.4G@U@1@USB_Storage;U:;0;0@[   16.068228] firmadyne: sys_socket[PID: 114 (klogd)]: family:1, type:1, protocol:0
[   16.069601] firmadyne: sys_socket[PID: 114 (klogd)]: family:1, type:2, protocol:0
"
sem_get: Key: 410f00a8
sem_get: Key: 410f00a8
[   16.080113] firmadyne: sys_socket[PID: 114 (klogd)]: family:1, type:1, protocol:0
[   16.081538] firmadyne: sys_socket[PID: 114 (klogd)]: family:1, type:2, protocol:0
nvram_set: usb_info_dev56 = "A200396E0402FF83@1@14.4G@U@1@USB_Storage;U:;0;0@"
sem_get: Key: 410f00a8
[   16.092313] firmadyne: sys_socket[PID: 114 (klogd)]: family:1, type:1, protocol:0
[   16.093874] firmadyne: sys_socket[PID: 114 (klogd)]: family:1, type:2, protocol:0
sem_get: Key: 410f00a8
nvram_set: usb_info_dev57 = "A200396E0402FF83@1@14.4G@U@1@USB_Storage;U:;0;0@"
[   16.104112] firmadyne: sys_socket[PID: 114 (klogd)]: family:1, type:1, protocol:0
[   16.105525] firmadyne: sys_socket[PID: 114 (klogd)]: family:1, type:2, protocol:0
[   16.108888] firmadyne: sys_socket[PID: 114 (klogd)]: family:1, type:1, protocol:0
sem_get: Key: 410f00a8
sem_get: Key: [   16.115070] firmadyne: sys_socket[PID: 114 (klogd)]: family:1, type:2, protocol:0
410f00a8
nvram_set: usb_info_dev58 = "[   16.122512] firmadyne: sys_socket[PID: 114 (klogd)]: family:1, type:1, protocol:0
[   16.123980] firmadyne: sys_socket[PID: 114 (klogd)]: family:1, type:2, protocol:0
A200396E0402FF83@1@14.4G@U@1@USB_Storage;U:;0;0@"
sem_get: Key: 410f00a8
[   16.131165] firmadyne: sys_socket[PID: 114 (klogd)]: family:1, type:1, protocol:0
[   16.132636] firmadyne: sys_socket[PID: 114 (klogd)]: family:1, type:2, protocol:0
sem_get: Key: 410f00a8
[   16.139832] firmadyne: sys_socket[PID: 114 (klogd)]: family:1, type:1, protocol:0
[   16.141260] firmadyne: sys_socket[PID: 114 (klogd)]: family:1, type:2, protocol:0
nvram_set: usb_info_dev59 = "A200396E0402FF83@1@14.4G@U@1@USB_Storage;U:;0;0@"
[   16.148184] firmadyne: sys_socket[PID: 114 (klogd)]: family:1, type:1, protocol:0
[   16.149599] firmadyne: sys_socket[PID: 114 (klogd)]: family:1, type:2, protocol:0
sem_get: Key: 410f00a8
sem_get: Key: 410f00a8
nvram_set: [   16.160499] firmadyne: sys_socket[PID: 114 (klogd)]: family:1, type:1, protocol:0
[   16.162364] firmadyne: sys_socket[PID: 114 (klogd)]: family:1, type:2, protocol:0
[   16.165226] firmadyne: sys_socket[PID: 114 (klogd)]: family:1, type:1, protocol:0
usb_info_dev60 = "A200396E0402FF83@1@14.4G@U@1@USB_Storage;U:;0;0@"
sem_get: Key: 410f00a8[   16.170841] firmadyne: sys_socket[PID: 114 (klogd)]: family:1, type:2, protocol:0
[   16.173771] firmadyne: sys_socket[PID: 114 (klogd)]: family:1, type:1, protocol:0

sem_get: Key: 410f00a8
nvram_set: usb_info_dev61 = "[   16.182608] firmadyne: sys_socket[PID: 114 (klogd)]: family:1, type:2, protocol:0
[   16.185513] firmadyne: sys_socket[PID: 114 (klogd)]: family:1, type:1, protocol:0
A200396E0402FF83@1@14.4G@U@1@USB_Storage;U:;0;0@"
sem_get: Key: 410f00a8
[   16.190714] firmadyne: sys_socket[PID: 114 (klogd)]: family:1, type:2, protocol:0
[   16.193677] firmadyne: sys_socket[PID: 114 (klogd)]: family:1, type:1, protocol:0
sem_get: Key: 410f00a8
nvram_set: usb_info_dev62 = "A200396E0402FF83@1@14.4G@U@1@USB_Storage;U:;0;0@[   16.203137] firmadyne: sys_socket[PID: 114 (klogd)]: family:1, type:2, protocol:0
[   16.206473] firmadyne: sys_socket[PID: 114 (klogd)]: family:1, type:1, protocol:0
[   16.207922] firmadyne: sys_socket[PID: 114 (klogd)]: family:1, type:2, protocol:0
"
sem_get: Key: 410f00a8
[   16.215147] firmadyne: sys_socket[PID: 114 (klogd)]: family:1, type:1, protocol:0
[   16.216646] firmadyne: sys_socket[PID: 114 (klogd)]: family:1, type:2, protocol:0
sem_get: Key: 410f00a8
nvram_set[   16.223934] firmadyne: sys_socket[PID: 114 (klogd)]: family:1, type:1, protocol:0
[   16.225360] firmadyne: sys_socket[PID: 114 (klogd)]: family:1, type:2, protocol:0
: usb_info_dev63 = "A200396E0402FF83@1@14.4G@U@1@USB_Storage;U:;0;0@"
sem_get: Key: 410f00a8
sem_get: Key: 410f00a8[   16.236862] firmadyne: sys_socket[PID: 114 (klogd)]: family:1, type:1, protocol:0

nvram_set: usb_info_dev64[   16.242682] firmadyne: sys_socket[PID: 114 (klogd)]: family:1, type:2, protocol:0
[   16.245685] firmadyne: sys_socket[PID: 114 (klogd)]: family:1, type:1, protocol:0
 = "A200396E0402FF83@1@14.4G@U@1@USB_Storage;U:;0;0@"
sem_get: Key: 410f00a8
sem_get: Key: 410f00a8
[   16.254636] firmadyne: sys_socket[PID: 114 (klogd)]: family:1, type:2, protocol:0
[   16.257630] firmadyne: sys_socket[PID: 114 (klogd)]: family:1, type:1, protocol:0
nvram_set: usb_info_dev65 = "A200396E0402FF83@1@14.4G@U@1@USB_Storage;U:;0;0@"
sem_get: Key: 410f00a8
[   16.266601] firmadyne: sys_socket[PID: 114 (klogd)]: family:1, type:2, protocol:0
[   16.269569] firmadyne: sys_socket[PID: 114 (klogd)]: family:1, type:1, protocol:0
[   16.272615] firmadyne: sys_socket[PID: 114 (klogd)]: family:1, type:2, protocol:0
[   16.275731] firmadyne: sys_socket[PID: 114 (klogd)]: family:1, type:1, protocol:0
[   16.277147] firmadyne: sys_socket[PID: 114 (klogd)]: family:1, type:2, protocol:0
sem_get: Key: 410f00a8
nvram_set: usb_info_dev66 = "A200396E0402FF83@1@14.4G@U@1@USB_Storage;U:;0;0@"
sem_get[   16.288428] firmadyne: sys_socket[PID: 114 (klogd)]: family:1, type:1, protocol:0
[   16.290096] firmadyne: sys_socket[PID: 114 (klogd)]: family:1, type:2, protocol:0
: Key: 410f00a8
sem_get: Key: 410f00a8
nvram_set: [   16.300250] firmadyne: sys_socket[PID: 114 (klogd)]: family:1, type:1, protocol:0
[   16.301686] firmadyne: sys_socket[PID: 114 (klogd)]: family:1, type:2, protocol:0
[   16.304997] firmadyne: sys_socket[PID: 114 (klogd)]: family:1, type:1, protocol:0
[   16.306637] firmadyne: sys_socket[PID: 114 (klogd)]: family:1, type:2, protocol:0
[   16.309487] firmadyne: sys_socket[PID: 114 (klogd)]: family:1, type:1, protocol:0
usb_info_dev67 = "A200396E0402FF83@1@14.4G@U@1@USB_Storage;U:;0;0@"
sem_get: Key: 410f00a8
sem_get: Key: 410f00a8
[   16.318765] firmadyne: sys_socket[PID: 114 (klogd)]: family:1, type:2, protocol:0
[   16.321757] firmadyne: sys_socket[PID: 114 (klogd)]: family:1, type:1, protocol:0
nvram_set: usb_info_dev68 = "A200396E0402FF83@1@14.4G@U@1@USB_Storage;U:;0;0@"
sem_get: Key: 410f00a8
[   16.330706] firmadyne: sys_socket[PID: 114 (klogd)]: family:1, type:2, protocol:0
[   16.333619] firmadyne: sys_socket[PID: 114 (klogd)]: family:1, type:1, protocol:0
sem_get: Key: 410f00a8
nvram_set: usb_info_dev69 = "A200396E0402FF83@1@14.4G@U@1@USB_Storage;U:;0;0@"
[   16.342742] firmadyne: sys_socket[PID: 114 (klogd)]: family:1, type:2, protocol:0
[   16.345649] firmadyne: sys_socket[PID: 114 (klogd)]: family:1, type:1, protocol:0
[   16.347518] firmadyne: sys_socket[PID: 114 (klogd)]: family:1, type:2, protocol:0
[   16.350651] firmadyne: sys_socket[PID: 114 (klogd)]: family:1, type:1, protocol:0
[   16.352068] firmadyne: sys_socket[PID: 114 (klogd)]: family:1, type:2, protocol:0
sem_get: Key: 410f00a8
sem_get: Key: 410f00a8
nvram_set: usb_info_dev70[   16.363522] firmadyne: sys_socket[PID: 114 (klogd)]: family:1, type:1, protocol:0
[   16.364987] firmadyne: sys_socket[PID: 114 (klogd)]: family:1, type:2, protocol:0
 = "A200396E0402FF83@1@14.4G@U@1@USB_Storage;U:;0;0@"
sem_get: Key: 410f00a8
[   16.372140] firmadyne: sys_socket[PID: 114 (klogd)]: family:1, type:1, protocol:0
[   16.373557] firmadyne: sys_socket[PID: 114 (klogd)]: family:1, type:2, protocol:0
sem_get: Key: 410f00a8
nvram_set: usb_info_dev71 = "A200396E0402FF83@1@14.4G@U@1@USB_Storage;U:;0;0@"
[   16.384649] firmadyne: sys_socket[PID: 114 (klogd)]: family:1, type:1, protocol:0
[   16.386509] firmadyne: sys_socket[PID: 114 (klogd)]: family:1, type:2, protocol:0
[   16.389372] firmadyne: sys_socket[PID: 114 (klogd)]: family:1, type:1, protocol:0
sem_get: Key: 410f00a8
sem_get: Key: 410f00a8
nvram_set[   16.398661] firmadyne: sys_socket[PID: 114 (klogd)]: family:1, type:2, protocol:0
[   16.401570] firmadyne: sys_socket[PID: 114 (klogd)]: family:1, type:1, protocol:0
: usb_info_dev72 = "A200396E0402FF83@1@14.4G@U@1@USB_Storage;U:;0;0@"
sem_get: Key: 410f00a8
sem_get: Key: 410f00a8[   16.410739] firmadyne: sys_socket[PID: 114 (klogd)]: family:1, type:2, protocol:0
[   16.413660] firmadyne: sys_socket[PID: 114 (klogd)]: family:1, type:1, protocol:0
[   16.415525] firmadyne: sys_socket[PID: 114 (klogd)]: family:1, type:2, protocol:0
[   16.418665] firmadyne: sys_socket[PID: 114 (klogd)]: family:1, type:1, protocol:0
[   16.420083] firmadyne: sys_socket[PID: 114 (klogd)]: family:1, type:2, protocol:0

nvram_set: usb_info_dev73 = "A200396E0402FF83@1@14.4G@U@1@USB_Storage;U:;0;0@"
sem_get: Key: 410f00a8
[   16.431204] firmadyne: sys_socket[PID: 114 (klogd)]: family:1, type:1, protocol:0
[   16.432667] firmadyne: sys_socket[PID: 114 (klogd)]: family:1, type:2, protocol:0
sem_get: Key: 410f00a8
[   16.439832] firmadyne: sys_socket[PID: 114 (klogd)]: family:1, type:1, protocol:0
[   16.441319] firmadyne: sys_socket[PID: 114 (klogd)]: family:1, type:2, protocol:0
nvram_set: usb_info_dev74 = "A200396E0402FF83@1@14.4G@U@1@USB_Storage;U:;0;0@"
[   16.448103] firmadyne: sys_socket[PID: 114 (klogd)]: family:1, type:1, protocol:0
[   16.449521] firmadyne: sys_socket[PID: 114 (klogd)]: family:1, type:2, protocol:0
sem_get: Key: 410f00a8
sem_get: Key: 410f00a8
nvram_set[   16.460272] firmadyne: sys_socket[PID: 114 (klogd)]: family:1, type:1, protocol:0
[   16.461686] firmadyne: sys_socket[PID: 114 (klogd)]: family:1, type:2, protocol:0
: usb_info_dev75 = "A200396E0402FF83@1@14.4G@U@1@USB_Storage;U:;0;0@"
sem_get[   16.468406] firmadyne: sys_socket[PID: 114 (klogd)]: family:1, type:1, protocol:0
[   16.469874] firmadyne: sys_socket[PID: 114 (klogd)]: family:1, type:2, protocol:0
: Key: 410f00a8
sem_get: Key: 410f00a8
[   16.480124] firmadyne: sys_socket[PID: 114 (klogd)]: family:1, type:1, protocol:0
[   16.481552] firmadyne: sys_socket[PID: 114 (klogd)]: family:1, type:2, protocol:0
nvram_set: usb_info_dev76 = "A200396E0402FF83@1@14.4G@U@1@USB_Storage;U:;0;0@"
sem_get: Key: 410f00a8
sem_get[   16.492392] firmadyne: sys_socket[PID: 114 (klogd)]: family:1, type:1, protocol:0
[   16.493855] firmadyne: sys_socket[PID: 114 (klogd)]: family:1, type:2, protocol:0
: Key: 410f00a8
nvram_set: usb_info_dev77 = "A200396E0402FF83@1@14.4G@U@1@USB_Storage;U:;0;0@"
sem_get: Key: 410f00a8
sem_get: Key: 410f00a8
nvram_set: usb_info_dev78 = "A200396E0402FF83@1@14.4G@U@1@USB_Storage;U:;0;0@[   16.522826] firmadyne: sys_socket[PID: 114 (klogd)]: family:1, type:1, protocol:0
[   16.524310] firmadyne: sys_socket[PID: 114 (klogd)]: family:1, type:2, protocol:0
"
sem_get: Key: 410f00a8
[   16.531613] firmadyne: sys_socket[PID: 114 (klogd)]: family:1, type:1, protocol:0
[   16.533072] firmadyne: sys_socket[PID: 114 (klogd)]: family:1, type:2, protocol:0
sem_get: Key: 410f00a8
nvram_set[   16.540437] firmadyne: sys_socket[PID: 114 (klogd)]: family:1, type:1, protocol:0
[   16.542106] firmadyne: sys_socket[PID: 114 (klogd)]: family:1, type:2, protocol:0
: usb_info_dev79 = "A200396E0402FF83@1@14.4G@U@1@USB_Storage;U:;0;0@"
sem_get: Key: 410f00a8
sem_get: Key: 410f00a8[   16.552532] firmadyne: sys_socket[PID: 114 (klogd)]: family:1, type:1, protocol:0
[   16.554457] firmadyne: sys_socket[PID: 114 (klogd)]: family:1, type:2, protocol:0
[   16.557365] firmadyne: sys_socket[PID: 114 (klogd)]: family:1, type:1, protocol:0

nvram_set: usb_info_dev80[   16.562827] firmadyne: sys_socket[PID: 114 (klogd)]: family:1, type:2, protocol:0
[   16.565777] firmadyne: sys_socket[PID: 114 (klogd)]: family:1, type:1, protocol:0
 = "A200396E0402FF83@1@14.4G@U@1@USB_Storage;U:;0;0@"
sem_get: Key: 410f00a8
sem_get: Key: 410f00a8
[   16.574622] firmadyne: sys_socket[PID: 114 (klogd)]: family:1, type:2, protocol:0
[   16.577542] firmadyne: sys_socket[PID: 114 (klogd)]: family:1, type:1, protocol:0
nvram_set: usb_info_dev81 = "[   16.582661] firmadyne: sys_socket[PID: 114 (klogd)]: family:1, type:2, protocol:0
[   16.585587] firmadyne: sys_socket[PID: 114 (klogd)]: family:1, type:1, protocol:0
A200396E0402FF83@1@14.4G@U@1@USB_Storage;U:;0;0@"
sem_get: Key: 410f00a8
sem_get: Key: 410f00a8
[   16.594634] firmadyne: sys_socket[PID: 114 (klogd)]: family:1, type:2, protocol:0
[   16.597555] firmadyne: sys_socket[PID: 114 (klogd)]: family:1, type:1, protocol:0
nvram_set: usb_info_dev82 = "A200396E0402FF83@1@14.4G@U@1@USB_Storage;U:;0;0@[   16.602968] firmadyne: sys_socket[PID: 114 (klogd)]: family:1, type:2, protocol:0
"
sem_get: Key: 410f00a8
[   16.610215] firmadyne: sys_socket[PID: 114 (klogd)]: family:1, type:1, protocol:0
[   16.611683] firmadyne: sys_socket[PID: 114 (klogd)]: family:1, type:2, protocol:0
sem_get: Key: 410f00a8
nvram_set: [   16.619159] firmadyne: sys_socket[PID: 114 (klogd)]: family:1, type:1, protocol:0
[   16.620625] firmadyne: sys_socket[PID: 114 (klogd)]: family:1, type:2, protocol:0
usb_info_dev83 = "A200396E0402FF83@1@14.4G@U@1@USB_Storage;U:;0;0@"
sem_get: Key: 410f00a8
[   16.628130] firmadyne: sys_socket[PID: 114 (klogd)]: family:1, type:1, protocol:0
[   16.629558] firmadyne: sys_socket[PID: 114 (klogd)]: family:1, type:2, protocol:0
sem_get: Key: 410f00a8
nvram_set: usb_info_dev84 = "A200396E0402FF83@1@14.4G@U@1@USB_Storage;U:;0;0@[   16.640285] firmadyne: sys_socket[PID: 114 (klogd)]: family:1, type:1, protocol:0
[   16.641729] firmadyne: sys_socket[PID: 114 (klogd)]: family:1, type:2, protocol:0
[   16.645045] firmadyne: sys_socket[PID: 114 (klogd)]: family:1, type:1, protocol:0
[   16.646692] firmadyne: sys_socket[PID: 114 (klogd)]: family:1, type:2, protocol:0
[   16.649552] firmadyne: sys_socket[PID: 114 (klogd)]: family:1, type:1, protocol:0
"
sem_get: Key: 410f00a8
sem_get: Key: 410f00a8
[   16.658620] firmadyne: sys_socket[PID: 114 (klogd)]: family:1, type:2, protocol:0
[   16.661543] firmadyne: sys_socket[PID: 114 (klogd)]: family:1, type:1, protocol:0
nvram_set: usb_info_dev85 = "A200396E0402FF83@1@14.4G@U@1@USB_Storage;U:;0;0@"
sem_get: Key: 410f00a8
sem_get: Key: [   16.671889] firmadyne: sys_socket[PID: 114 (klogd)]: family:1, type:2, protocol:0
[   16.674980] firmadyne: sys_socket[PID: 114 (klogd)]: family:1, type:1, protocol:0
[   16.676415] firmadyne: sys_socket[PID: 114 (klogd)]: family:1, type:2, protocol:0
410f00a8
nvram_set: usb_info_dev86 = "[   16.684059] firmadyne: sys_socket[PID: 114 (klogd)]: family:1, type:1, protocol:0
[   16.685499] firmadyne: sys_socket[PID: 114 (klogd)]: family:1, type:2, protocol:0
A200396E0402FF83@1@14.4G@U@1@USB_Storage;U:;0;0@"
sem_get: Key: 410f00a8
sem_get: Key: 410f00a8
[   16.696119] firmadyne: sys_socket[PID: 114 (klogd)]: family:1, type:1, protocol:0
[   16.697643] firmadyne: sys_socket[PID: 114 (klogd)]: family:1, type:2, protocol:0
nvram_set: usb_info_dev87 = "A200396E0402FF83@1@14.4G@U@1@USB_Storage;U:;0;0@[   16.704530] firmadyne: sys_socket[PID: 114 (klogd)]: family:1, type:1, protocol:0
"
sem_get: Key: 410f00a8
[   16.710213] firmadyne: sys_socket[PID: 114 (klogd)]: family:1, type:2, protocol:0
[   16.713161] firmadyne: sys_socket[PID: 114 (klogd)]: family:1, type:1, protocol:0
sem_get: Key: 410f00a8
[   16.718631] firmadyne: sys_socket[PID: 114 (klogd)]: family:1, type:2, protocol:0
[   16.721538] firmadyne: sys_socket[PID: 114 (klogd)]: family:1, type:1, protocol:0
nvram_set: usb_info_dev88 = "A200396E0402FF83@1@14.4G@U@1@USB_Storage;U:;0;0@"
sem_get: Key: 410f00a8
sem_get[   16.730707] firmadyne: sys_socket[PID: 114 (klogd)]: family:1, type:2, protocol:0
[   16.733613] firmadyne: sys_socket[PID: 114 (klogd)]: family:1, type:1, protocol:0
: Key: 410f00a8
nvram_set: usb_info_dev89 = "A200396E0402FF83@1@14.4G@U@1@USB_Storage;U:;0;0@"
sem_get: Key: 410f00a8[   16.742922] firmadyne: sys_socket[PID: 114 (klogd)]: family:1, type:2, protocol:0
[   16.745867] firmadyne: sys_socket[PID: 114 (klogd)]: family:1, type:1, protocol:0
[   16.747719] firmadyne: sys_socket[PID: 114 (klogd)]: family:1, type:2, protocol:0
[   16.750939] firmadyne: sys_socket[PID: 114 (klogd)]: family:1, type:1, protocol:0
[   16.752354] firmadyne: sys_socket[PID: 114 (klogd)]: family:1, type:2, protocol:0

sem_get: Key: 410f00a8
nvram_set: usb_info_dev90 = "A200396E0402FF83@1@14.4G@U@1@USB_Storage;U:;0;0@"
[   16.763787] firmadyne: sys_socket[PID: 114 (klogd)]: family:1, type:1, protocol:0
[   16.765230] firmadyne: sys_socket[PID: 114 (klogd)]: family:1, type:2, protocol:0
sem_get: Key: 410f00a8
[   16.772122] firmadyne: sys_socket[PID: 114 (klogd)]: family:1, type:1, protocol:0
[   16.773539] firmadyne: sys_socket[PID: 114 (klogd)]: family:1, type:2, protocol:0
sem_get: Key: 410f00a8
[   16.780105] firmadyne: sys_socket[PID: 114 (klogd)]: family:1, type:1, protocol:0
[   16.781522] firmadyne: sys_socket[PID: 114 (klogd)]: family:1, type:2, protocol:0
nvram_set: usb_info_dev91 = "A200396E0402FF83@1@14.4G@U@1@USB_Storage;U:;0;0@"
sem_get: Key: 410f00a8
sem_get[   16.792214] firmadyne: sys_socket[PID: 114 (klogd)]: family:1, type:1, protocol:0
[   16.793637] firmadyne: sys_socket[PID: 114 (klogd)]: family:1, type:2, protocol:0
: Key: 410f00a8
nvram_set: usb_info_dev92 = "A200396E0402FF83@1@14.4G@U@1@USB_Storage;U:;0;0@"
sem_get: Key: 410f00a8[   16.804400] firmadyne: sys_socket[PID: 114 (klogd)]: family:1, type:1, protocol:0
[   16.805858] firmadyne: sys_socket[PID: 114 (klogd)]: family:1, type:2, protocol:0
[   16.809157] firmadyne: sys_socket[PID: 114 (klogd)]: family:1, type:1, protocol:0
[   16.810812] firmadyne: sys_socket[PID: 114 (klogd)]: family:1, type:2, protocol:0
[   16.813680] firmadyne: sys_socket[PID: 114 (klogd)]: family:1, type:1, protocol:0

sem_get: Key: 410f00a8
nvram_set: usb_info_dev93 = "A200396E0402FF83@1@14.4G@U@1@USB_Storage;U:;0;0@[   16.823291] firmadyne: sys_socket[PID: 114 (klogd)]: family:1, type:2, protocol:0
"
sem_get: Key: 410f00a8
[   16.830538] firmadyne: sys_socket[PID: 114 (klogd)]: family:1, type:1, protocol:0
[   16.832017] firmadyne: sys_socket[PID: 114 (klogd)]: family:1, type:2, protocol:0
sem_get: Key: 410f00a8
nvram_set[   16.839236] firmadyne: sys_socket[PID: 114 (klogd)]: family:1, type:1, protocol:0
[   16.840696] firmadyne: sys_socket[PID: 114 (klogd)]: family:1, type:2, protocol:0
: usb_info_dev94 = "A200396E0402FF83@1@14.4G@U@1@USB_Storage;U:;0;0@"
sem_get: Key: 410f00a8
sem_get: Key: [   16.851818] firmadyne: sys_socket[PID: 114 (klogd)]: family:1, type:1, protocol:0
[   16.853248] firmadyne: sys_socket[PID: 114 (klogd)]: family:1, type:2, protocol:0
410f00a8
nvram_set: usb_info_dev95[   16.860549] firmadyne: sys_socket[PID: 114 (klogd)]: family:1, type:1, protocol:0
 = "A200396E0402FF83@1@14.4G@U@1@USB_Storage;U:;0;0@"
sem_get: Key: 410f00a8
[   16.866222] firmadyne: sys_socket[PID: 114 (klogd)]: family:1, type:2, protocol:0
[   16.869172] firmadyne: sys_socket[PID: 114 (klogd)]: family:1, type:1, protocol:0
[   16.871565] cfg80211: Calling CRDA to update world regulatory domain
sem_get: Key: 410f00a8
nvram_set[   16.878779] firmadyne: sys_socket[PID: 114 (klogd)]: family:1, type:2, protocol:0
[   16.881824] firmadyne: sys_socket[PID: 114 (klogd)]: family:1, type:1, protocol:0
: usb_info_dev96 = "A200396E0402FF83@1@14.4G@U@1@USB_Storage;U:;0;0@"
sem_get: Key: 410f00a8
sem_get: Key: [   16.890618] firmadyne: sys_socket[PID: 114 (klogd)]: family:1, type:2, protocol:0
[   16.893543] firmadyne: sys_socket[PID: 114 (klogd)]: family:1, type:1, protocol:0
[   16.895495] firmadyne: sys_socket[PID: 114 (klogd)]: family:1, type:2, protocol:0
[   16.898625] firmadyne: sys_socket[PID: 114 (klogd)]: family:1, type:1, protocol:0
[   16.900046] firmadyne: sys_socket[PID: 114 (klogd)]: family:1, type:2, protocol:0
410f00a8
nvram_set: usb_info_dev97 = "A200396E0402FF83@1@14.4G@U@1@USB_Storage;U:;0;0@"
sem_get: Key: 410f00a8
[   16.911258] firmadyne: sys_socket[PID: 114 (klogd)]: family:1, type:1, protocol:0
[   16.912718] firmadyne: sys_socket[PID: 114 (klogd)]: family:1, type:2, protocol:0
sem_get: Key: 410f00a8
[   16.919834] firmadyne: sys_socket[PID: 114 (klogd)]: family:1, type:1, protocol:0
[   16.921273] firmadyne: sys_socket[PID: 114 (klogd)]: family:1, type:2, protocol:0
nvram_set: usb_info_dev98 = "A200396E0402FF83@1@14.4G@U@1@USB_Storage;U:;0;0@"
[   16.928226] firmadyne: sys_socket[PID: 114 (klogd)]: family:1, type:1, protocol:0
[   16.929647] firmadyne: sys_socket[PID: 114 (klogd)]: family:1, type:2, protocol:0
sem_get: Key: 410f00a8
sem_get: Key: 410f00a8
nvram_set[   16.940233] firmadyne: sys_socket[PID: 114 (klogd)]: family:1, type:1, protocol:0
[   16.941654] firmadyne: sys_socket[PID: 114 (klogd)]: family:1, type:2, protocol:0
: usb_info_dev99 = "A200396E0402FF83@1@14.4G@U@1@USB_Storage;U:;0;0@"
sem_get[   16.948420] firmadyne: sys_socket[PID: 114 (klogd)]: family:1, type:1, protocol:0
[   16.949879] firmadyne: sys_socket[PID: 114 (klogd)]: family:1, type:2, protocol:0
: Key: 410f00a8
sem_get: Key: 410f00a8
nvram_set: [   16.960232] firmadyne: sys_socket[PID: 114 (klogd)]: family:1, type:1, protocol:0
[   16.961654] firmadyne: sys_socket[PID: 114 (klogd)]: family:1, type:2, protocol:0
usb_info_dev100 = "A200396E0402FF83@1@14.4G@U@1@USB_Storage;U:;0;0@"
sem_get: Key: 410f00a8
sem_get: Key: 410f00a8
nvram_set: wla_ap_isolate_1 = ""
sem_get: Key: 410f00a8
[   16.990558] firmadyne: sys_socket[PID: 114 (klogd)]: family:1, type:1, protocol:0
[   16.992028] firmadyne: sys_socket[PID: 114 (klogd)]: family:1, type:2, protocol:0
sem_get: Key: 410f00a8
nvram_set[   16.999422] firmadyne: sys_socket[PID: 114 (klogd)]: family:1, type:1, protocol:0
[   17.000887] firmadyne: sys_socket[PID: 114 (klogd)]: family:1, type:2, protocol:0
: wla_ap_isolate_2 = ""
sem_get: Key: 410f00a8
[   17.008115] firmadyne: sys_socket[PID: 114 (klogd)]: family:1, type:1, protocol:0
[   17.009547] firmadyne: sys_socket[PID: 114 (klogd)]: family:1, type:2, protocol:0
sem_get: Key: 410f00a8
nvram_set: wla_ap_isolate_3 = ""
sem_get[   17.020421] firmadyne: sys_socket[PID: 114 (klogd)]: family:1, type:1, protocol:0
[   17.022134] firmadyne: sys_socket[PID: 114 (klogd)]: family:1, type:2, protocol:0
: Key: 410f00a8
sem_get: Key: 410f00a8
nvram_set: [   17.032454] firmadyne: sys_socket[PID: 114 (klogd)]: family:1, type:1, protocol:0
[   17.034359] firmadyne: sys_socket[PID: 114 (klogd)]: family:1, type:2, protocol:0
[   17.037257] firmadyne: sys_socket[PID: 114 (klogd)]: family:1, type:1, protocol:0
wla_ap_isolate_4 = ""
sem_get: Key: 410f00a8
[   17.042601] firmadyne: sys_socket[PID: 114 (klogd)]: family:1, type:2, protocol:0
[   17.045455] firmadyne: sys_socket[PID: 114 (klogd)]: family:1, type:1, protocol:0
sem_get: Key: 410f00a8
nvram_set: wlg_ap_isolate_1 = ""
[   17.054592] firmadyne: sys_socket[PID: 114 (klogd)]: family:1, type:2, protocol:0
[   17.057499] firmadyne: sys_socket[PID: 114 (klogd)]: family:1, type:1, protocol:0
sem_get: Key: 410f00a8
sem_get[   17.062939] firmadyne: sys_socket[PID: 114 (klogd)]: family:1, type:2, protocol:0
[   17.066094] firmadyne: sys_socket[PID: 114 (klogd)]: family:1, type:1, protocol:0
: Key: 410f00a8
[   17.071641] firmadyne: sys_socket[PID: 114 (klogd)]: family:1, type:2, protocol:0
[   17.074882] firmadyne: sys_socket[PID: 114 (klogd)]: family:1, type:1, protocol:0
[   17.076307] firmadyne: sys_socket[PID: 114 (klogd)]: family:1, type:2, protocol:0
nvram_set: wlg_ap_isolate_2 = ""
sem_get: Key: 410f00a8
sem_get: Key: 410f00a8
[   17.087408] firmadyne: sys_socket[PID: 114 (klogd)]: family:1, type:1, protocol:0
[   17.088862] firmadyne: sys_socket[PID: 114 (klogd)]: family:1, type:2, protocol:0
nvram_set: wlg_ap_isolate_3 = ""
sem_get[   17.096477] firmadyne: sys_socket[PID: 114 (klogd)]: family:1, type:1, protocol:0
[   17.097869] firmadyne: sys_socket[PID: 114 (klogd)]: family:1, type:2, protocol:0
: Key: 410f00a8
sem_get: Key: 410f00a8
nvram_set: wlg_ap_isolate_4[   17.108483] firmadyne: sys_socket[PID: 114 (klogd)]: family:1, type:1, protocol:0
[   17.110356] firmadyne: sys_socket[PID: 114 (klogd)]: family:1, type:2, protocol:0
[   17.113232] firmadyne: sys_socket[PID: 114 (klogd)]: family:1, type:1, protocol:0
 = ""
sem_get: Key: 410f00a8
sem_get: Key: 410f00a8
[   17.122620] firmadyne: sys_socket[PID: 114 (klogd)]: family:1, type:2, protocol:0
[   17.125533] firmadyne: sys_socket[PID: 114 (klogd)]: family:1, type:1, protocol:0
nvram_set: wlg_allow_access_1 = ""
sem_get: Key: 410f00a8
sem_get: Key: 410f00a8
[   17.134620] firmadyne: sys_socket[PID: 114 (klogd)]: family:1, type:2, protocol:0
[   17.137535] firmadyne: sys_socket[PID: 114 (klogd)]: family:1, type:1, protocol:0
[   17.139464] firmadyne: sys_socket[PID: 114 (klogd)]: family:1, type:2, protocol:0
[   17.142607] firmadyne: sys_socket[PID: 114 (klogd)]: family:1, type:1, protocol:0
[   17.144030] firmadyne: sys_socket[PID: 114 (klogd)]: family:1, type:2, protocol:0
nvram_set: wlg_allow_access_2 = ""
sem_get: Key: 410f00a8
sem_get: Key: [   17.155186] firmadyne: sys_socket[PID: 114 (klogd)]: family:1, type:1, protocol:0
[   17.156651] firmadyne: sys_socket[PID: 114 (klogd)]: family:1, type:2, protocol:0
410f00a8
nvram_set: wlg_allow_access_3[   17.163887] firmadyne: sys_socket[PID: 114 (klogd)]: family:1, type:1, protocol:0
[   17.165317] firmadyne: sys_socket[PID: 114 (klogd)]: family:1, type:2, protocol:0
 = ""
sem_get: Key: 410f00a8
[   17.172364] firmadyne: sys_socket[PID: 114 (klogd)]: family:1, type:1, protocol:0
[   17.173819] firmadyne: sys_socket[PID: 114 (klogd)]: family:1, type:2, protocol:0
sem_get: Key: 410f00a8
nvram_set: wlg_allow_access_4 = ""
sem_get[   17.184197] firmadyne: sys_socket[PID: 114 (klogd)]: family:1, type:1, protocol:0
[   17.185618] firmadyne: sys_socket[PID: 114 (klogd)]: family:1, type:2, protocol:0
: Key: 410f00a8
sem_get: Key: 410f00a8
nvram_set: 0:macaddr = "[   17.196502] firmadyne: sys_socket[PID: 114 (klogd)]: family:1, type:1, protocol:0
[   17.198381] firmadyne: sys_socket[PID: 114 (klogd)]: family:1, type:2, protocol:0
[   17.201254] firmadyne: sys_socket[PID: 114 (klogd)]: family:1, type:1, protocol:0
01:23:45:67:89:ab"
sem_get: Key: 410f00a8
[   17.206976] firmadyne: sys_socket[PID: 114 (klogd)]: family:1, type:2, protocol:0
sem_get: Key: 410f00a8
[   17.214298] firmadyne: sys_socket[PID: 114 (klogd)]: family:1, type:1, protocol:0
[   17.215761] firmadyne: sys_socket[PID: 114 (klogd)]: family:1, type:2, protocol:0
nvram_set: 1:macaddr = "01:23:45:67:89:ab"
sem_get: Key: [   17.223095] firmadyne: sys_socket[PID: 114 (klogd)]: family:1, type:1, protocol:0
[   17.224557] firmadyne: sys_socket[PID: 114 (klogd)]: family:1, type:2, protocol:0
410f00a8
sem_get: Key: 410f00a8
[   17.232085] firmadyne: sys_socket[PID: 114 (klogd)]: family:1, type:1, protocol:0
[   17.233515] firmadyne: sys_socket[PID: 114 (klogd)]: family:1, type:2, protocol:0
nvram_set: 2:macaddr = "[   17.240489] firmadyne: sys_socket[PID: 114 (klogd)]: family:1, type:1, protocol:0
01:23:45:67:89:ab"
sem_get: Key: 410f00a8
[   17.246274] firmadyne: sys_socket[PID: 114 (klogd)]: family:1, type:2, protocol:0
sem_get: Key: 410f00a8
[   17.254436] firmadyne: sys_socket[PID: 114 (klogd)]: family:1, type:1, protocol:0
[   17.256262] firmadyne: sys_socket[PID: 114 (klogd)]: family:1, type:2, protocol:0
nvram_set: lan1_ifnames = "[   17.268153] firmadyne: sys_socket[PID: 114 (klogd)]: family:1, type:1, protocol:0
[   17.269621] firmadyne: sys_socket[PID: 114 (klogd)]: family:1, type:2, protocol:0
"
sem_get: Key: 410f00a8
sem_get: Key: 410f00a8
[   17.280117] firmadyne: sys_socket[PID: 114 (klogd)]: family:1, type:1, protocol:0
[   17.281905] firmadyne: sys_socket[PID: 114 (klogd)]: family:1, type:2, protocol:0
nvram_set: lan2_ifnames = ""
sem_get: Key: 410f00a8
sem_get[   17.292546] firmadyne: sys_socket[PID: 114 (klogd)]: family:1, type:1, protocol:0
: Key: 410f00a8
nvram_set: [   17.298195] firmadyne: sys_socket[PID: 114 (klogd)]: family:1, type:2, protocol:0
[   17.301145] firmadyne: sys_socket[PID: 114 (klogd)]: family:1, type:1, protocol:0
lan3_ifnames = ""
sem_get: Key: 410f00a8
[   17.306978] firmadyne: sys_socket[PID: 114 (klogd)]: family:1, type:2, protocol:0
sem_get: Key: 410f00a8
[   17.314207] firmadyne: sys_socket[PID: 114 (klogd)]: family:1, type:1, protocol:0
[   17.315627] firmadyne: sys_socket[PID: 114 (klogd)]: family:1, type:2, protocol:0
nvram_set: lan4_ifnames = ""
sem_get: Key: 410f00a8
[   17.323129] firmadyne: sys_socket[PID: 114 (klogd)]: family:1, type:1, protocol:0
[   17.324588] firmadyne: sys_socket[PID: 114 (klogd)]: family:1, type:2, protocol:0
sem_get: Key: 410f00a8
[   17.331832] firmadyne: sys_socket[PID: 114 (klogd)]: family:1, type:1, protocol:0
[   17.333259] firmadyne: sys_socket[PID: 114 (klogd)]: family:1, type:2, protocol:0
nvram_set: lan5_ifnames = ""
[   17.340106] firmadyne: sys_socket[PID: 114 (klogd)]: family:1, type:1, protocol:0
[   17.341523] firmadyne: sys_socket[PID: 114 (klogd)]: family:1, type:2, protocol:0
sem_get: Key: 410f00a8
[   17.348122] firmadyne: sys_socket[PID: 114 (klogd)]: family:1, type:1, protocol:0
[   17.349538] firmadyne: sys_socket[PID: 114 (klogd)]: family:1, type:2, protocol:0
sem_get: Key: 410f00a8
nvram_set: lan6_ifnames = ""
sem_get: Key: 410f00a8
[   17.360391] firmadyne: sys_socket[PID: 114 (klogd)]: family:1, type:1, protocol:0
[   17.361842] firmadyne: sys_socket[PID: 114 (klogd)]: family:1, type:2, protocol:0
sem_get: Key: 410f00a8
nvram_set: lan7_ifnames = ""
[   17.372206] firmadyne: sys_socket[PID: 114 (klogd)]: family:1, type:1, protocol:0
[   17.373623] firmadyne: sys_socket[PID: 114 (klogd)]: family:1, type:2, protocol:0
[   17.376993] firmadyne: sys_socket[PID: 114 (klogd)]: family:1, type:1, protocol:0
[   17.378576] firmadyne: sys_socket[PID: 114 (klogd)]: family:1, type:2, protocol:0
[   17.381415] firmadyne: sys_socket[PID: 114 (klogd)]: family:1, type:1, protocol:0
sem_get: Key: 410f00a8
sem_get: Key: 410f00a8
nvram_set: [   17.390682] firmadyne: sys_socket[PID: 114 (klogd)]: family:1, type:2, protocol:0
[   17.393585] firmadyne: sys_socket[PID: 114 (klogd)]: family:1, type:1, protocol:0
lan8_ifnames = ""
sem_get: Key: 410f00a8
sem_get: Key: 410f00a8
[   17.402629] firmadyne: sys_socket[PID: 114 (klogd)]: family:1, type:2, protocol:0
[   17.405537] firmadyne: sys_socket[PID: 114 (klogd)]: family:1, type:1, protocol:0
nvram_set: lan9_ifnames = ""
sem_get: Key: 410f00a8
sem_get: Key: [   17.414613] firmadyne: sys_socket[PID: 114 (klogd)]: family:1, type:2, protocol:0
[   17.417519] firmadyne: sys_socket[PID: 114 (klogd)]: family:1, type:1, protocol:0
[   17.419438] firmadyne: sys_socket[PID: 114 (klogd)]: family:1, type:2, protocol:0
410f00a8
nvram_set_default: Loading built-in default values = 1!
[   17.426658] firmadyne: sys_socket[PID: 114 (klogd)]: family:1, type:1, protocol:0
[   17.428129] firmadyne: sys_socket[PID: 114 (klogd)]: family:1, type:2, protocol:0
nvram_set_default: Checking for symbol "router_defaults"...
nvram_set_default[   17.435377] firmadyne: sys_socket[PID: 114 (klogd)]: family:1, type:1, protocol:0
[   17.436839] firmadyne: sys_socket[PID: 114 (klogd)]: family:1, type:2, protocol:0
: Checking for symbol "Nvrams"...
nvram_set: time_zone = "GMT+8"
sem_get: Key: 410f00a8
sem_get: Key: 410f00a8[   17.471893] firmadyne: sys_socket[PID: 114 (klogd)]: family:1, type:1, protocol:0
[   17.473380] firmadyne: sys_socket[PID: 114 (klogd)]: family:1, type:2, protocol:0
[   17.476609] firmadyne: sys_socket[PID: 114 (klogd)]: family:1, type:1, protocol:0

[   17.482455] firmadyne: sys_socket[PID: 114 (klogd)]: family:1, type:2, protocol:0
[   17.485430] firmadyne: sys_socket[PID: 114 (klogd)]: family:1, type:1, protocol:0
nvram_set: time_daylight = ""
[   17.491078] firmadyne: sys_socket[PID: 114 (klogd)]: family:1, type:2, protocol:0
sem_get: Key: 410f00a8
sem_get: Key: [   17.498604] firmadyne: sys_socket[PID: 114 (klogd)]: family:1, type:1, protocol:0
[   17.500082] firmadyne: sys_socket[PID: 114 (klogd)]: family:1, type:2, protocol:0
410f00a8
[   17.507200] firmadyne: sys_socket[PID: 114 (klogd)]: family:1, type:1, protocol:0
[   17.508675] firmadyne: sys_socket[PID: 114 (klogd)]: family:1, type:2, protocol:0
nvram_set: restore_default = "[   17.516091] firmadyne: sys_socket[PID: 114 (klogd)]: family:1, type:1, protocol:0
[   17.517527] firmadyne: sys_socket[PID: 114 (klogd)]: family:1, type:2, protocol:0
0"
sem_get: Key: 410f00a8
sem_get: Key: 410f00a8
[   17.528163] firmadyne: sys_socket[PID: 114 (klogd)]: family:1, type:1, protocol:0
[   17.529630] firmadyne: sys_socket[PID: 114 (klogd)]: family:1, type:2, protocol:0
nvram_set: wiz_language = "English"
[   17.540403] firmadyne: sys_socket[PID: 114 (klogd)]: family:1, type:1, protocol:0
[   17.541870] firmadyne: sys_socket[PID: 114 (klogd)]: family:1, type:2, protocol:0
[   17.545201] firmadyne: sys_socket[PID: 114 (klogd)]: family:1, type:1, protocol:0
[   17.546875] firmadyne: sys_socket[PID: 114 (klogd)]: family:1, type:2, protocol:0
[   17.549776] firmadyne: sys_socket[PID: 114 (klogd)]: family:1, type:1, protocol:0
sem_get: Key: 410f00a8
sem_get: Key: 410f00a8
[   17.559151] firmadyne: sys_socket[PID: 114 (klogd)]: family:1, type:2, protocol:0
nvram_set: wiz_country[   17.566678] firmadyne: sys_socket[PID: 114 (klogd)]: family:1, type:1, protocol:0
[   17.568156] firmadyne: sys_socket[PID: 114 (klogd)]: family:1, type:2, protocol:0
 = "US"
sem_get: Key: 410f00a8
[   17.575424] firmadyne: sys_socket[PID: 114 (klogd)]: family:1, type:1, protocol:0
[   17.576896] firmadyne: sys_socket[PID: 114 (klogd)]: family:1, type:2, protocol:0
sem_get: Key: 410f00a8
[   17.584145] firmadyne: sys_socket[PID: 114 (klogd)]: family:1, type:1, protocol:0
[   17.585576] firmadyne: sys_socket[PID: 114 (klogd)]: family:1, type:2, protocol:0
nvram_set: fix_ipaddr = ""
sem_get: Key: 410f00a8
[   17.596129] firmadyne: sys_socket[PID: 114 (klogd)]: family:1, type:1, protocol:0
[   17.597562] firmadyne: sys_socket[PID: 114 (klogd)]: family:1, type:2, protocol:0
sem_get: Key: 410f00a8
nvram_set[   17.608586] firmadyne: sys_socket[PID: 114 (klogd)]: family:1, type:1, protocol:0
[   17.610462] firmadyne: sys_socket[PID: 114 (klogd)]: family:1, type:2, protocol:0
[   17.613353] firmadyne: sys_socket[PID: 114 (klogd)]: family:1, type:1, protocol:0
: fix_netmask = ""
sem_get: Key: 410f00a8[   17.618644] firmadyne: sys_socket[PID: 114 (klogd)]: family:1, type:2, protocol:0
[   17.621580] firmadyne: sys_socket[PID: 114 (klogd)]: family:1, type:1, protocol:0

sem_get: Key: 410f00a8
[   17.630619] firmadyne: sys_socket[PID: 114 (klogd)]: family:1, type:2, protocol:0
[   17.633561] firmadyne: sys_socket[PID: 114 (klogd)]: family:1, type:1, protocol:0
nvram_set: fix_gateway = ""
sem_get: Key: 410f00a8
sem_get: Key: 410f00a8
[   17.643069] firmadyne: sys_socket[PID: 114 (klogd)]: family:1, type:2, protocol:0
[   17.646343] firmadyne: sys_socket[PID: 114 (klogd)]: family:1, type:1, protocol:0
[   17.647769] firmadyne: sys_socket[PID: 114 (klogd)]: family:1, type:2, protocol:0
[   17.654971] firmadyne: sys_socket[PID: 114 (klogd)]: family:1, type:1, protocol:0
[   17.656447] firmadyne: sys_socket[PID: 114 (klogd)]: family:1, type:2, protocol:0
nvram_set: wan_ifname = "ppp0"
sem_get[   17.663942] firmadyne: sys_socket[PID: 114 (klogd)]: family:1, type:1, protocol:0
[   17.665395] firmadyne: sys_socket[PID: 114 (klogd)]: family:1, type:2, protocol:0
: Key: 410f00a8
sem_get[   17.673462] firmadyne: sys_socket[PID: 114 (klogd)]: family:1, type:1, protocol:0
: Key: 410f00a8
