[    0.000000] Linux version 4.1.17+ (alessio@pc) (gcc version 5.5.0 20171010 (Ubuntu 5.5.0-12ubuntu1) ) #1 Mon May 15 23:04:08 CEST 2023
[    0.000000] earlycon: Early serial console at I/O port 0x3f8 (options '38400n8')
[    0.000000] bootconsole [uart0] enabled
[    0.000000] CPU0 revision is: 00019300 (MIPS 24Kc)
[    0.000000] FPU revision is: 00739300
[    0.000000] Software DMA cache coherency enabled
[    0.000000] Determined physical RAM map:
[    0.000000]  memory: 00001000 @ 00000000 (reserved)
[    0.000000]  memory: 000ef000 @ 00001000 (ROM data)
[    0.000000]  memory: 00798000 @ 000f0000 (reserved)
[    0.000000]  memory: 0f777000 @ 00888000 (usable)
[    0.000000] debug: ignoring loglevel setting.
[    0.000000] Wasting 69888 bytes for tracking 2184 unused pages
[    0.000000] Initrd not found or empty - disabling initrd
[    0.000000] Zone ranges:
[    0.000000]   DMA      [mem 0x0000000000000000-0x0000000000ffffff]
[    0.000000]   Normal   [mem 0x0000000001000000-0x000000000fffefff]
[    0.000000] Movable zone start for each node
[    0.000000] Early memory node ranges
[    0.000000]   node   0: [mem 0x0000000000000000-0x000000000fffefff]
[    0.000000] Initmem setup node 0 [mem 0x0000000000000000-0x000000000fffefff]
[    0.000000] On node 0 totalpages: 65535
[    0.000000] free_area_init_node: node 0, pgdat 8081d5b0, node_mem_map 81000000
[    0.000000]   DMA zone: 32 pages used for memmap
[    0.000000]   DMA zone: 0 pages reserved
[    0.000000]   DMA zone: 4096 pages, LIFO batch:0
[    0.000000]   Normal zone: 480 pages used for memmap
[    0.000000]   Normal zone: 61439 pages, LIFO batch:15
[    0.000000] Primary instruction cache 2kB, VIPT, 2-way, linesize 16 bytes.
[    0.000000] Primary data cache 2kB, 2-way, VIPT, no aliases, linesize 16 bytes
[    0.000000] pcpu-alloc: s0 r0 d32768 u32768 alloc=1*32768
[    0.000000] pcpu-alloc: [0] 0 
[    0.000000] Built 1 zonelists in Zone order, mobility grouping on.  Total pages: 65023
[    0.000000] Kernel command line: root=/dev/sda1 console=ttyS0 nandsim.parts=64,64,64,64,64,64,64,64,64,64 rdinit=/firmadyne/preInit.sh rw debug ignore_loglevel print-fatal-signals=1 FIRMAE_NET=true FIRMAE_NVRAM=true FIRMAE_KERNEL=true FIRMAE_ETC=true user_debug=0 firmadyne.syscall=1 noka
[    0.000000] found FIRMAE_KERNEL=t
[    0.000000] set the LD_PRELOAD=/firmadyne/libnvram_ioctl.so
[    0.000000] PID hash table entries: 1024 (order: 0, 4096 bytes)
[    0.000000] Dentry cache hash table entries: 32768 (order: 5, 131072 bytes)
[    0.000000] Inode-cache hash table entries: 16384 (order: 4, 65536 bytes)
[    0.000000] Writing ErrCtl register=00000000
[    0.000000] Readback ErrCtl register=00000000
[    0.000000] Memory: 251112K/262140K available (5360K kernel code, 244K rwdata, 1676K rodata, 260K init, 158K bss, 11028K reserved, 0K cma-reserved)
[    0.000000] NR_IRQS:256
[    0.000000] CPU frequency 200.00 MHz
[    0.000000] clocksource MIPS: mask: 0xffffffff max_cycles: 0xffffffff, max_idle_ns: 19112448507 ns
[    0.000168] sched_clock: 32 bits at 100MHz, resolution 9ns, wraps every 21474661371ns
[    0.011697] Console: colour dummy device 80x25
[    0.012656] Calibrating delay loop... 33.72 BogoMIPS (lpj=67456)
[    0.065099] pid_max: default: 32768 minimum: 301
[    0.068451] Mount-cache hash table entries: 1024 (order: 0, 4096 bytes)
[    0.068893] Mountpoint-cache hash table entries: 1024 (order: 0, 4096 bytes)
[    0.121916] clocksource jiffies: mask: 0xffffffff max_cycles: 0xffffffff, max_idle_ns: 7645041785100000 ns
[    0.131053] NET: Registered protocol family 16
[    0.357860] clocksource pit: mask: 0xffffffff max_cycles: 0xffffffff, max_idle_ns: 1601818034827 ns
[    0.481929] vgaarb: loaded
[    0.486810] SCSI subsystem initialized
[    0.488778] libata version 3.00 loaded.
[    0.492314] usbcore: registered new interface driver usbfs
[    0.493478] usbcore: registered new interface driver hub
[    0.494394] usbcore: registered new device driver usb
[    0.496706] pps_core: LinuxPPS API ver. 1 registered
[    0.497027] pps_core: Software ver. 5.3.6 - Copyright 2005-2007 Rodolfo Giometti <giometti@linux.it>
[    0.497776] PTP clock support registered
[    0.501640] PCI host bridge to bus 0000:00
[    0.502296] pci_bus 0000:00: root bus resource [mem 0x10000000-0x17ffffff]
[    0.502790] pci_bus 0000:00: root bus resource [io  0x1000-0x1fffff]
[    0.503401] pci_bus 0000:00: root bus resource [??? 0x00000000 flags 0x0]
[    0.503874] pci_bus 0000:00: No busn resource found for root bus, will use [bus 00-ff]
[    0.504973] pci 0000:00:00.0: [11ab:4620] type 00 class 0x060000
[    0.505798] pci 0000:00:00.0: [Firmware Bug]: reg 0x14: invalid BAR (can't size)
[    0.506279] pci 0000:00:00.0: [Firmware Bug]: reg 0x18: invalid BAR (can't size)
[    0.506758] pci 0000:00:00.0: [Firmware Bug]: reg 0x1c: invalid BAR (can't size)
[    0.507280] pci 0000:00:00.0: [Firmware Bug]: reg 0x20: invalid BAR (can't size)
[    0.507883] pci 0000:00:00.0: [Firmware Bug]: reg 0x24: invalid BAR (can't size)
[    0.511075] pci 0000:00:0a.0: [8086:7110] type 00 class 0x060100
[    0.513949] pci 0000:00:0a.1: [8086:7111] type 00 class 0x010180
[    0.514593] pci 0000:00:0a.1: reg 0x20: [io  0x0000-0x000f]
[    0.515088] pci 0000:00:0a.1: legacy IDE quirk: reg 0x10: [io  0x01f0-0x01f7]
[    0.515594] pci 0000:00:0a.1: legacy IDE quirk: reg 0x14: [io  0x03f6]
[    0.516206] pci 0000:00:0a.1: legacy IDE quirk: reg 0x18: [io  0x0170-0x0177]
[    0.516684] pci 0000:00:0a.1: legacy IDE quirk: reg 0x1c: [io  0x0376]
[    0.519386] pci 0000:00:0a.2: [8086:7112] type 00 class 0x0c0300
[    0.520064] pci 0000:00:0a.2: reg 0x20: [io  0x0000-0x001f]
[    0.522659] pci 0000:00:0a.3: [8086:7113] type 00 class 0x068000
[    0.523661] pci 0000:00:0a.3: quirk: [io  0x1000-0x103f] claimed by PIIX4 ACPI
[    0.524327] pci 0000:00:0a.3: quirk: [io  0x1100-0x110f] claimed by PIIX4 SMB
[    0.526861] pci 0000:00:12.0: [1013:00b8] type 00 class 0x030000
[    0.527363] pci 0000:00:12.0: reg 0x10: [mem 0x00000000-0x01ffffff pref]
[    0.527840] pci 0000:00:12.0: reg 0x14: [mem 0x00000000-0x00000fff]
[    0.528497] pci 0000:00:12.0: reg 0x30: [mem 0x00000000-0x0000ffff pref]
[    0.530734] vgaarb: device added: PCI:0000:00:12.0,decodes=io+mem,owns=none,locks=none
[    0.531813] pci 0000:00:13.0: [8086:100e] type 00 class 0x020000
[    0.532343] pci 0000:00:13.0: reg 0x10: [mem 0x00000000-0x0001ffff]
[    0.532963] pci 0000:00:13.0: reg 0x14: [io  0x0000-0x003f]
[    0.533494] pci 0000:00:13.0: reg 0x30: [mem 0x00000000-0x0003ffff pref]
[    0.536053] pci 0000:00:14.0: [8086:100e] type 00 class 0x020000
[    0.536601] pci 0000:00:14.0: reg 0x10: [mem 0x00000000-0x0001ffff]
[    0.537215] pci 0000:00:14.0: reg 0x14: [io  0x0000-0x003f]
[    0.537747] pci 0000:00:14.0: reg 0x30: [mem 0x00000000-0x0003ffff pref]
[    0.540402] pci 0000:00:15.0: [8086:100e] type 00 class 0x020000
[    0.541076] pci 0000:00:15.0: reg 0x10: [mem 0x00000000-0x0001ffff]
[    0.541552] pci 0000:00:15.0: reg 0x14: [io  0x0000-0x003f]
[    0.542072] pci 0000:00:15.0: reg 0x30: [mem 0x00000000-0x0003ffff pref]
[    0.544623] pci 0000:00:16.0: [8086:100e] type 00 class 0x020000
[    0.545249] pci 0000:00:16.0: reg 0x10: [mem 0x00000000-0x0001ffff]
[    0.545729] pci 0000:00:16.0: reg 0x14: [io  0x0000-0x003f]
[    0.546253] pci 0000:00:16.0: reg 0x30: [mem 0x00000000-0x0003ffff pref]
[    0.548901] pci_bus 0000:00: busn_res: [bus 00-ff] end is updated to 00
[    0.550325] pci 0000:00:12.0: BAR 0: assigned [mem 0x10000000-0x11ffffff pref]
[    0.550959] pci 0000:00:13.0: BAR 6: assigned [mem 0x12000000-0x1203ffff pref]
[    0.551512] pci 0000:00:14.0: BAR 6: assigned [mem 0x12040000-0x1207ffff pref]
[    0.552037] pci 0000:00:15.0: BAR 6: assigned [mem 0x12080000-0x120bffff pref]
[    0.552572] pci 0000:00:16.0: BAR 6: assigned [mem 0x120c0000-0x120fffff pref]
[    0.553095] pci 0000:00:13.0: BAR 0: assigned [mem 0x12100000-0x1211ffff]
[    0.553738] pci 0000:00:14.0: BAR 0: assigned [mem 0x12120000-0x1213ffff]
[    0.554253] pci 0000:00:15.0: BAR 0: assigned [mem 0x12140000-0x1215ffff]
[    0.554775] pci 0000:00:16.0: BAR 0: assigned [mem 0x12160000-0x1217ffff]
[    0.555301] pci 0000:00:12.0: BAR 6: assigned [mem 0x12180000-0x1218ffff pref]
[    0.555826] pci 0000:00:12.0: BAR 1: assigned [mem 0x12190000-0x12190fff]
[    0.556338] pci 0000:00:13.0: BAR 1: assigned [io  0x1040-0x107f]
[    0.556797] pci 0000:00:14.0: BAR 1: assigned [io  0x1080-0x10bf]
[    0.557276] pci 0000:00:15.0: BAR 1: assigned [io  0x10c0-0x10ff]
[    0.557889] pci 0000:00:16.0: BAR 1: assigned [io  0x1400-0x143f]
[    0.558368] pci 0000:00:0a.2: BAR 4: assigned [io  0x1440-0x145f]
[    0.558858] pci 0000:00:0a.1: BAR 4: assigned [io  0x1460-0x146f]
[    0.573638] cfg80211: Calling CRDA to update world regulatory domain
[    0.584900] Switched to clocksource MIPS
[    0.683532] NET: Registered protocol family 2
[    0.693375] TCP established hash table entries: 2048 (order: 1, 8192 bytes)
[    0.694298] TCP bind hash table entries: 2048 (order: 1, 8192 bytes)
[    0.695176] TCP: Hash tables configured (established 2048 bind 2048)
[    0.696125] UDP hash table entries: 256 (order: 0, 4096 bytes)
[    0.696718] UDP-Lite hash table entries: 256 (order: 0, 4096 bytes)
[    0.700129] NET: Registered protocol family 1
[    0.701622] PCI: Enabling device 0000:00:0a.2 (0000 -> 0001)
[    0.702860] PCI: CLS 0 bytes, default 16
[    0.729913] futex hash table entries: 256 (order: -1, 3072 bytes)
[    0.743839] squashfs: version 4.0 (2009/01/31) Phillip Lougher
[    0.746032] jffs2: version 2.2. (NAND) Â© 2001-2006 Red Hat, Inc.
[    0.748760] romfs: ROMFS MTD (C) 2007 Red Hat, Inc.
[    0.769187] Block layer SCSI generic (bsg) driver version 0.4 loaded (major 251)
[    0.769767] io scheduler noop registered
[    0.770360] io scheduler cfq registered (default)
[    0.771199] firmadyne: devfs: 1, execute: 1, procfs: 1, syscall: 1
[    0.776048] firmadyne: Cannot register character device: gpio, 0xfc, 0x0!
[    0.783367] firmadyne: Cannot register character device: watchdog, 0xa, 0x82!
[    0.783785] firmadyne: Cannot register character device: wdt, 0xfd, 0x0!
[    2.236941] strName = 4.1.17+
[    2.236941] init_task_addr  = 2155778944
[    2.236941] init_task_size  = 1296
[    2.236941] ts_tasks        = 292
[    2.236941] ts_pid          = 408
[    2.236941] ts_tgid         = 412
[    2.236941] ts_group_leader = 440
[    2.236941] ts_thread_group = 496
[    2.236941] ts_real_parent  = 416
[    2.236941] ts_mm           = 300
[    2.236941] ts_stack        = 4
[    2.239066] module_name   = 12
[    2.239066] module_size   = 208
[    2.239066] module_init   = 200
[    2.239066] module_list   = 4
[    2.239851] ts_real_cred    = 624
[    2.239851] ts_cred         = 628
[    2.239851] ts_comm         = 632
[    2.239851] cred_uid        = 4
[    2.239851] cred_gid        = 8
[    2.239851] cred_euid       = 20
[    2.239851] cred_egid       = 24
[    2.241311] mm_mmap         = 0
[    2.241311] mm_pgd          = 32
[    2.241311] mm_arg_start    = 136
[    2.241311] mm_start_brk    = 124
[    2.241311] mm_brk          = 128
[    2.241311] mm_start_stack  = 132
[    2.242449] vma_vm_start    = 0
[    2.242449] vma_vm_end      = 4
[    2.242449] vma_vm_next     = 8
[    2.242449] vma_vm_file     = 80
[    2.242449] vma_vm_flags    = 40
[    2.242449] vma_vm_pgoff    = 76
[    2.243570] file_dentry     = 12
[    2.243570] file_inode      = 40
[    2.243570] dentry_d_name   = 24
[    2.243570] dentry_d_iname  = 44
[    2.243570] dentry_d_parent = 16
[    2.243570] ti_task         = 0
[    2.243570] inode_ino   = 28
[    3.156771] proc_fork_connector  = 2151078840
[    3.157210] proc_exit_connector  = 2151080432
[    3.161411] proc_exec_connector  = 2151079052
[    3.161685] vma_link  = 2149124372
[    3.161916] vma_adjust  = 2149124540
[    3.162150] remove_vma  = 2149122188
[    3.162385] modules  = 2155833724
[    3.162608] trim_init_extable  = 2150545316
[    3.165855] PCI: Enabling device 0000:00:12.0 (0000 -> 0002)
[    3.166910] cirrusfb 0000:00:12.0: Cirrus Logic chipset on PCI bus, RAM (4096 kB) at 0x10000000
[    3.402586] Console: switching to colour frame buffer device 80x30
[    3.460539] Serial: 8250/16550 driver, 4 ports, IRQ sharing enabled
[    3.472821] console [ttyS0] disabled
[    3.498654] serial8250.0: ttyS0 at I/O 0x3f8 (irq = 4, base_baud = 115200) is a 16550A
[    3.499826] console [ttyS0] enabled
[    3.499826] console [ttyS0] enabled
[    3.500384] bootconsole [uart0] disabled
[    3.500384] bootconsole [uart0] disabled
[    3.529374] serial8250.0: ttyS1 at I/O 0x2f8 (irq = 3, base_baud = 115200) is a 16550A
[    3.634416] brd: module loaded
[    3.688616] loop: module loaded
[    3.694333] ata_piix 0000:00:0a.1: version 2.13
[    3.694908] PCI: Enabling device 0000:00:0a.1 (0000 -> 0001)
[    3.718706] scsi host0: ata_piix
[    3.722096] cfg80211: Calling CRDA to update world regulatory domain
[    3.723718] scsi host1: ata_piix
[    3.726572] ata1: PATA max UDMA/33 cmd 0x1f0 ctl 0x3f6 bmdma 0x1460 irq 14
[    3.726995] ata2: PATA max UDMA/33 cmd 0x170 ctl 0x376 bmdma 0x1468 irq 15
[    3.731968] [nandsim] warning: read_byte: unexpected data output cycle, state is STATE_READY return 0x0
[    3.732472] [nandsim] warning: read_byte: unexpected data output cycle, state is STATE_READY return 0x0
[    3.733072] [nandsim] warning: read_byte: unexpected data output cycle, state is STATE_READY return 0x0
[    3.733564] [nandsim] warning: read_byte: unexpected data output cycle, state is STATE_READY return 0x0
[    3.734051] [nandsim] warning: read_byte: unexpected data output cycle, state is STATE_READY return 0x0
[    3.734538] [nandsim] warning: read_byte: unexpected data output cycle, state is STATE_READY return 0x0
[    3.735172] nand: device found, Manufacturer ID: 0x98, Chip ID: 0x39
[    3.735532] nand: Toshiba NAND 128MiB 1,8V 8-bit
[    3.735856] nand: 128 MiB, SLC, erase size: 16 KiB, page size: 512, OOB size: 16
[    3.737276] flash size: 128 MiB
[    3.737503] page size: 512 bytes
[    3.737724] OOB area size: 16 bytes
[    3.737951] sector size: 16 KiB
[    3.738162] pages number: 262144
[    3.738378] pages per sector: 32
[    3.738588] bus width: 8
[    3.738773] bits in sector size: 14
[    3.738996] bits in page size: 9
[    3.739213] bits in OOB size: 4
[    3.739432] flash size with OOB: 135168 KiB
[    3.739682] page address bytes: 4
[    3.739900] sector address bytes: 3
[    3.740124] options: 0x42
[    3.804795] Scanning device for bad blocks
[    4.780563] ata2.01: NODEV after polling detection
[    4.781385] ata1.01: NODEV after polling detection
[    4.782943] ata2.00: ATAPI: QEMU DVD-ROM, 2.5+, max UDMA/100
[    4.784483] ata1.00: ATA-7: QEMU HARDDISK, 2.5+, max UDMA/100
[    4.785132] ata1.00: 2097152 sectors, multi 16: LBA48 
[    4.790885] ata2.00: configured for UDMA/33
[    4.792334] ata1.00: configured for UDMA/33
[    4.799837] scsi 0:0:0:0: Direct-Access     ATA      QEMU HARDDISK    2.5+ PQ: 0 ANSI: 5
[    4.813606] sd 0:0:0:0: [sda] 2097152 512-byte logical blocks: (1.07 GB/1.00 GiB)
[    4.815001] scsi 1:0:0:0: CD-ROM            QEMU     QEMU DVD-ROM     2.5+ PQ: 0 ANSI: 5
[    4.826207] sd 0:0:0:0: [sda] Write Protect is off
[    4.826689] sd 0:0:0:0: [sda] Mode Sense: 00 3a 00 00
[    4.828036] sd 0:0:0:0: [sda] Write cache: enabled, read cache: enabled, doesn't support DPO or FUA
[    4.838342]  sda: sda1
[    4.845225] Creating 11 MTD partitions on "NAND 128MiB 1,8V 8-bit":
[    4.845850] 0x000000000000-0x000000100000 : "NAND simulator partition 0"
[    4.855435] 0x000000100000-0x000000200000 : "NAND simulator partition 1"
[    4.864493] 0x000000200000-0x000000300000 : "NAND simulator partition 2"
[    4.873893] 0x000000300000-0x000000400000 : "NAND simulator partition 3"
[    4.883420] 0x000000400000-0x000000500000 : "NAND simulator partition 4"
[    4.893185] 0x000000500000-0x000000600000 : "NAND simulator partition 5"
[    4.902983] 0x000000600000-0x000000700000 : "NAND simulator partition 6"
[    4.912648] 0x000000700000-0x000000800000 : "NAND simulator partition 7"
[    4.922689] 0x000000800000-0x000000900000 : "NAND simulator partition 8"
[    4.931655] 0x000000900000-0x000000a00000 : "NAND simulator partition 9"
[    4.940840] 0x000000a00000-0x000008000000 : "NAND simulator partition 10"
[    4.980219] tun: Universal TUN/TAP device driver, 1.6
[    4.980561] tun: (C) 1999-2004 Max Krasnyansky <maxk@qualcomm.com>
[    4.983793] pcnet32: pcnet32.c:v1.35 21.Apr.2008 tsbogend@alpha.franken.de
[    4.985052] e1000: Intel(R) PRO/1000 Network Driver - version 7.3.21-k8-NAPI
[    4.985469] e1000: Copyright (c) 1999-2006 Intel Corporation.
[    4.986306] PCI: Enabling device 0000:00:13.0 (0000 -> 0003)
[    4.993063] sd 0:0:0:0: [sda] Attached SCSI disk
[    5.274298] e1000 0000:00:13.0 eth0: (PCI:33MHz:32-bit) 52:54:00:12:34:56
[    5.274910] e1000 0000:00:13.0 eth0: Intel(R) PRO/1000 Network Connection
[    5.275517] PCI: Enabling device 0000:00:14.0 (0000 -> 0003)
[    5.562304] e1000 0000:00:14.0 eth1: (PCI:33MHz:32-bit) 52:54:00:12:34:57
[    5.562777] e1000 0000:00:14.0 eth1: Intel(R) PRO/1000 Network Connection
[    5.563357] PCI: Enabling device 0000:00:15.0 (0000 -> 0003)
[    5.861233] e1000 0000:00:15.0 eth2: (PCI:33MHz:32-bit) 52:54:00:12:34:58
[    5.861704] e1000 0000:00:15.0 eth2: Intel(R) PRO/1000 Network Connection
[    5.862271] PCI: Enabling device 0000:00:16.0 (0000 -> 0003)
[    6.154008] e1000 0000:00:16.0 eth3: (PCI:33MHz:32-bit) 52:54:00:12:34:59
[    6.154498] e1000 0000:00:16.0 eth3: Intel(R) PRO/1000 Network Connection
[    6.155654] e1000e: Intel(R) PRO/1000 Network Driver - 2.3.2-k
[    6.155950] e1000e: Copyright(c) 1999 - 2014 Intel Corporation.
[    6.159913] PPP generic driver version 2.4.2
[    6.161889] PPP Deflate Compression module registered
[    6.162475] PPP MPPE Compression module registered
[    6.162835] NET: Registered protocol family 24
[    6.163520] ehci_hcd: USB 2.0 'Enhanced' Host Controller (EHCI) Driver
[    6.163979] ehci-pci: EHCI PCI platform driver
[    6.165177] ohci_hcd: USB 1.1 'Open' Host Controller (OHCI) Driver
[    6.165627] ohci-pci: OHCI PCI platform driver
[    6.166649] uhci_hcd: USB Universal Host Controller Interface driver
[    6.168196] uhci_hcd 0000:00:0a.2: UHCI Host Controller
[    6.169109] uhci_hcd 0000:00:0a.2: new USB bus registered, assigned bus number 1
[    6.170075] uhci_hcd 0000:00:0a.2: irq 11, io base 0x00001440
[    6.181220] hub 1-0:1.0: USB hub found
[    6.181949] hub 1-0:1.0: 2 ports detected
[    6.190366] usbcore: registered new interface driver usb-storage
[    6.194323] mousedev: PS/2 mouse device common for all mice
[    6.200166] rtc_cmos rtc_cmos: rtc core: registered rtc_cmos as rtc0
[    6.200991] rtc_cmos rtc_cmos: alarms up to one day, 242 bytes nvram
[    6.202362] i2c /dev entries driver
[    6.203498] piix4_smbus 0000:00:0a.3: SMBus Host Controller at 0x1100, revision 0
[    6.207787] sdhci: Secure Digital Host Controller Interface driver
[    6.208144] sdhci: Copyright(c) Pierre Ossman
[    6.210649] hidraw: raw HID events driver (C) Jiri Kosina
[    6.228783] usbcore: registered new interface driver usbhid
[    6.229239] usbhid: USB HID core driver
[    6.230279] Netfilter messages via NETLINK v0.30.
[    6.231587] nf_conntrack version 0.5.0 (3923 buckets, 15692 max)
[    6.234839] ctnetlink v0.93: registering with nfnetlink.
[    6.240190] ipip: IPv4 over IPv4 tunneling driver
[    6.252206] ip_tables: (C) 2000-2006 Netfilter Core Team
[    6.255107] arp_tables: (C) 2002 David S. Miller
[    6.256958] Initializing XFRM netlink socket
[    6.258030] NET: Registered protocol family 10
[    6.277019] ip6_tables: (C) 2000-2006 Netfilter Core Team
[    6.280546] sit: IPv6 over IPv4 tunneling driver
[    6.297468] NET: Registered protocol family 17
[    6.298377] bridge: automatic filtering via arp/ip/ip6tables has been deprecated. Update your scripts to load br_netfilter if you need this.
[    6.299477] Bridge firewalling registered
[    6.299895] Ebtables v2.0 registered
[    6.303967] 8021q: 802.1Q VLAN Support v1.8
[    6.325090] rtc_cmos rtc_cmos: setting system clock to 2025-07-23 19:28:59 UTC (1753298939)
[    6.346349] EXT2-fs (sda1): warning: mounting unchecked fs, running e2fsck is recommended
[    6.348522] VFS: Mounted root (ext2 filesystem) on device 8:1.
[    6.357364] Freeing YAMON memory: 956k freed
[    6.367862] Freeing unused kernel memory: 260K (8081f000 - 80860000)
[    6.487676] firmadyne: sys_reboot[PID: 48 (init)]: magic1:fee1dead, magic2:28121969, cmd:0
init started:  BusyBox v1.00 (2011.02.24-08:49+0000) multi-call binary
init started:  BusyBox v1.00 (2011.02.24-08:49+0000) multi-call binary
Starting pid 50, console /dev/ttyS0: '/usr/etc/rcS'
[    6.788206] firmadyne: do_execve: /firmadyne/console
[    6.788831] OFFSETS: offset of pid: 0x198 offset of comm: 0x278
[    6.865440] cfg80211: Calling CRDA to update world regulatory domain
mount: Mounting devpts on /dev/pts failed: No such file or directory
[    7.921405] spurious 8259A interrupt: IRQ7.
mknod: /dev/sc_led: File exists
insmod: cannot open module `/lib/modules/ipt_string.ko': No such file or directory
[    9.673155] random: nonblocking pool is initialized
[   10.009249] cfg80211: Calling CRDA to update world regulatory domain
[   10.029175] firmadyne: ioctl: 0x1
[   11.204247] firmadyne: sys_socket[PID: 92 (brctl)]: family:2, type:2, protocol:0
[   11.267545] firmadyne: sys_socket[PID: 93 (brctl)]: family:2, type:2, protocol:0
[   11.326471] firmadyne: sys_socket[PID: 94 (ifconfig)]: family:2, type:1, protocol:0
[   11.329093] firmadyne: __inet_insert_ifa[PID: 94 (ifconfig)]: device:eth0 ifa:0x00000000
[   11.342290] IPv6: ADDRCONF(NETDEV_UP): eth0: link is not ready
[   11.342790] 8021q: adding VLAN 0 to HW filter on device eth0
[   11.347307] e1000: eth0 NIC Link is Up 1000 Mbps Full Duplex, Flow Control: RX
[   11.349131] IPv6: ADDRCONF(NETDEV_CHANGE): eth0: link becomes ready
[   11.410815] firmadyne: sys_socket[PID: 95 (brctl)]: family:2, type:2, protocol:0
[   11.412120] firmadyne: sys_socket[PID: 95 (brctl)]: family:10, type:1, protocol:0
[   11.414003] firmadyne: br_add_if[PID: 95 (brctl)]: br:br0 dev:eth0
[   11.418691] device eth0 entered promiscuous mode
[   13.154879] cfg80211: Calling CRDA to update world regulatory domain
killall: dsl_cpe_control: no process killed
[   14.171842] firmadyne: ioctl: 0xc0a47204
[   14.207677] firmadyne: sys_socket[PID: 104 (ifconfig)]: family:2, type:1, protocol:0
[   14.213935] firmadyne: __inet_insert_ifa[PID: 104 (ifconfig)]: device:lo ifa:0x7f000001
[   14.216700] firmadyne: __inet_insert_ifa[PID: 104 (ifconfig)]: device:lo ifa:0x7f000001
[   14.343041] firmadyne: sys_socket[PID: 105 (route)]: family:2, type:1, protocol:0
[   14.521795] firmadyne: sys_socket[PID: 106 (klogd)]: family:1, type:1, protocol:0
[   14.523958] firmadyne: sys_socket[PID: 106 (klogd)]: family:1, type:2, protocol:0
[   14.532720] firmadyne: sys_socket[PID: 106 (klogd)]: family:1, type:1, protocol:0
[   14.541643] firmadyne: sys_socket[PID: 106 (klogd)]: family:1, type:2, protocol:0
[   14.544240] firmadyne: sys_socket[PID: 106 (klogd)]: family:1, type:1, protocol:0
[   14.549673] firmadyne: sys_socket[PID: 106 (klogd)]: family:1, type:2, protocol:0
[   14.552221] firmadyne: sys_socket[PID: 106 (klogd)]: family:1, type:1, protocol:0
[   14.557678] firmadyne: sys_socket[PID: 106 (klogd)]: family:1, type:2, protocol:0
[   14.560271] firmadyne: sys_socket[PID: 106 (klogd)]: family:1, type:1, protocol:0
[   14.565639] firmadyne: sys_socket[PID: 106 (klogd)]: family:1, type:2, protocol:0
[   14.568442] firmadyne: sys_socket[PID: 106 (klogd)]: family:1, type:1, protocol:0
[   14.577642] firmadyne: sys_socket[PID: 106 (klogd)]: family:1, type:2, protocol:0
[   14.580235] firmadyne: sys_socket[PID: 106 (klogd)]: family:1, type:1, protocol:0
[   14.581881] firmadyne: sys_socket[PID: 106 (klogd)]: family:1, type:2, protocol:0
[   14.584414] firmadyne: sys_socket[PID: 106 (klogd)]: family:1, type:1, protocol:0
[   14.593644] firmadyne: sys_socket[PID: 106 (klogd)]: family:1, type:2, protocol:0
[   14.596175] firmadyne: sys_socket[PID: 106 (klogd)]: family:1, type:1, protocol:0
[   14.601616] firmadyne: sys_socket[PID: 106 (klogd)]: family:1, type:2, protocol:0
[   14.603933] firmadyne: sys_socket[PID: 106 (klogd)]: family:1, type:1, protocol:0
[   14.609229] firmadyne: sys_socket[PID: 106 (klogd)]: family:1, type:2, protocol:0
[   14.611583] firmadyne: sys_socket[PID: 106 (klogd)]: family:1, type:1, protocol:0
[   14.612691] firmadyne: sys_socket[PID: 106 (klogd)]: family:1, type:2, protocol:0
[   14.618851] firmadyne: sys_socket[PID: 106 (klogd)]: family:1, type:1, protocol:0
[   14.619999] firmadyne: sys_socket[PID: 106 (klogd)]: family:1, type:2, protocol:0
[   14.622727] firmadyne: sys_socket[PID: 102 (dsl_cpe_control)]: family:2, type:2, protocol:0
[   14.623692] firmadyne: sys_setsockopt[PID: 102 (dsl_cpe_control)]: fd:4, level:65535, optname:8
[   14.624582] firmadyne: sys_setsockopt[PID: 102 (dsl_cpe_control)]: fd:4, level:65535, optname:4097
[   14.627057] firmadyne: sys_socket[PID: 106 (klogd)]: family:1, type:1, protocol:0
[   14.628263] firmadyne: sys_socket[PID: 106 (klogd)]: family:1, type:2, protocol:0
[   14.629380] firmadyne: sys_setsockopt[PID: 102 (dsl_cpe_control)]: fd:4, level:65535, optname:4098
[   14.630194] firmadyne: sys_setsockopt[PID: 102 (dsl_cpe_control)]: fd:4, level:6, optname:1
[   14.631174] firmadyne: inet_bind[PID: 102 (dsl_cpe_control)]: proto:SOCK_STREAM, port:8080
[   14.635019] firmadyne: sys_socket[PID: 106 (klogd)]: family:1, type:1, protocol:0
[   14.636236] firmadyne: sys_socket[PID: 106 (klogd)]: family:1, type:2, protocol:0
[   14.641244] firmadyne: sys_socket[PID: 106 (klogd)]: family:1, type:1, protocol:0
[   14.642450] firmadyne: sys_socket[PID: 106 (klogd)]: family:1, type:2, protocol:0
[   14.645126] firmadyne: sys_socket[PID: 106 (klogd)]: family:1, type:1, protocol:0
[   14.649958] firmadyne: ioctl: 0xc00c7224
[   14.650462] firmadyne: ioctl: 0xc00c721d
[   14.650897] firmadyne: ioctl: 0xc00c721d
[   14.651322] firmadyne: ioctl: 0xc00c721d
[   14.651744] firmadyne: ioctl: 0xc00c721d
[   14.652164] firmadyne: ioctl: 0xc00c721d
[   14.652586] firmadyne: ioctl: 0xc00c721d
[   14.653449] firmadyne: ioctl: 0xc00c721d
[   14.653876] firmadyne: ioctl: 0xc00c721d
[   14.654306] firmadyne: ioctl: 0xc00c721d
[   14.654726] firmadyne: ioctl: 0xc00c721d
[   14.655145] firmadyne: ioctl: 0xc00c721d
[   14.655575] firmadyne: ioctl: 0xc00c721d
[   14.655993] firmadyne: ioctl: 0xc00c721d
[   14.656418] firmadyne: ioctl: 0xc00c721d
[   14.656850] firmadyne: ioctl: 0xc00c721d
[   14.659058] firmadyne: sys_socket[PID: 106 (klogd)]: family:1, type:2, protocol:0
[   14.661796] firmadyne: sys_socket[PID: 106 (klogd)]: family:1, type:1, protocol:0
[   14.663041] firmadyne: sys_socket[PID: 106 (klogd)]: family:1, type:2, protocol:0
[   14.665192] firmadyne: ioctl: 0xc00c721d
[   14.665638] firmadyne: ioctl: 0xc00c721d
[   14.670770] firmadyne: ioctl: 0xc0207223
[   14.678599] firmadyne: sys_socket[PID: 106 (klogd)]: family:1, type:1, protocol:0
[   14.679852] firmadyne: sys_socket[PID: 106 (klogd)]: family:1, type:2, protocol:0
[   14.681332] firmadyne: ioctl: 0xc0207223
[   14.682430] firmadyne: ioctl: 0xc0207223
[   14.683472] firmadyne: ioctl: 0xc0207223
[   14.684512] firmadyne: ioctl: 0xc0207223
[   14.686763] firmadyne: sys_socket[PID: 106 (klogd)]: family:1, type:1, protocol:0
[   14.688088] firmadyne: sys_socket[PID: 106 (klogd)]: family:1, type:2, protocol:0
[   14.697857] firmadyne: ioctl: 0xc0207223
[   14.698956] firmadyne: ioctl: 0xc0207223
[   14.700027] firmadyne: ioctl: 0xc0207223
[   14.702923] firmadyne: sys_socket[PID: 106 (klogd)]: family:1, type:1, protocol:0
[   14.704186] firmadyne: sys_socket[PID: 106 (klogd)]: family:1, type:2, protocol:0
[   14.705390] firmadyne: ioctl: 0xc0207223
[   14.706460] firmadyne: ioctl: 0xc0207223
[   14.707500] firmadyne: ioctl: 0xc0207223
[   14.708567] firmadyne: ioctl: 0xc0207223
[   14.715020] firmadyne: sys_socket[PID: 106 (klogd)]: family:1, type:1, protocol:0
[   14.716338] firmadyne: sys_socket[PID: 106 (klogd)]: family:1, type:2, protocol:0
[   14.718182] firmadyne: ioctl: 0xc0207223
[   14.719268] firmadyne: ioctl: 0xc0207223
[   14.720329] firmadyne: ioctl: 0xc0207223
[   14.727069] firmadyne: sys_socket[PID: 106 (klogd)]: family:1, type:1, protocol:0
[   14.728335] firmadyne: sys_socket[PID: 106 (klogd)]: family:1, type:2, protocol:0
[   14.729965] firmadyne: ioctl: 0xc0207223
[   14.731073] firmadyne: ioctl: 0xc0207223
[   14.732139] firmadyne: ioctl: 0xc0207223
[   14.738990] firmadyne: sys_socket[PID: 106 (klogd)]: family:1, type:1, protocol:0
[   14.740304] firmadyne: sys_socket[PID: 106 (klogd)]: family:1, type:2, protocol:0
[   14.741812] firmadyne: ioctl: 0xc0207223
[   14.742911] firmadyne: ioctl: 0xc0207223
[   14.743988] firmadyne: ioctl: 0xc0207223
[   14.750964] firmadyne: sys_socket[PID: 106 (klogd)]: family:1, type:1, protocol:0
[   14.752168] firmadyne: sys_socket[PID: 106 (klogd)]: family:1, type:2, protocol:0
[   14.753505] firmadyne: ioctl: 0xc0207223
[   14.754573] firmadyne: ioctl: 0xc0207223
[   14.755613] firmadyne: ioctl: 0xc0207223
[   14.756666] firmadyne: ioctl: 0xc0207223
[   14.762868] firmadyne: sys_socket[PID: 106 (klogd)]: family:1, type:1, protocol:0
[   14.764184] firmadyne: sys_socket[PID: 106 (klogd)]: family:1, type:2, protocol:0
[   14.765970] firmadyne: ioctl: 0xc0207223
[   14.767049] firmadyne: ioctl: 0xc0207223
[   14.768119] firmadyne: ioctl: 0xc0207223
[   14.774957] firmadyne: sys_socket[PID: 106 (klogd)]: family:1, type:1, protocol:0
[   14.776193] firmadyne: sys_socket[PID: 106 (klogd)]: family:1, type:2, protocol:0
[   14.777647] firmadyne: ioctl: 0xc0207223
[   14.778758] firmadyne: ioctl: 0xc0207223
[   14.779825] firmadyne: ioctl: 0xc0207223
[   14.781183] firmadyne: ioctl: 0xc0207223
[   14.787018] firmadyne: sys_socket[PID: 106 (klogd)]: family:1, type:1, protocol:0
[   14.788324] firmadyne: sys_socket[PID: 106 (klogd)]: family:1, type:2, protocol:0
[   14.793832] firmadyne: ioctl: 0xc0207223
[   14.794917] firmadyne: ioctl: 0xc0207223
[   14.795981] firmadyne: ioctl: 0xc0207223
[   14.799037] firmadyne: sys_socket[PID: 106 (klogd)]: family:1, type:1, protocol:0
[   14.800377] firmadyne: sys_socket[PID: 106 (klogd)]: family:1, type:2, protocol:0
[   14.805333] firmadyne: ioctl: 0xc0207223
[   14.806445] firmadyne: ioctl: 0xc0207223
[   14.807516] firmadyne: ioctl: 0xc0207223
[   14.808582] firmadyne: ioctl: 0xc0207223
[   14.815093] firmadyne: sys_socket[PID: 106 (klogd)]: family:1, type:1, protocol:0
[   14.816393] firmadyne: sys_socket[PID: 106 (klogd)]: family:1, type:2, protocol:0
[   14.818253] firmadyne: ioctl: 0xc0207223
[   14.819338] firmadyne: ioctl: 0xc0207223
[   14.820406] firmadyne: ioctl: 0xc0207223
[   14.830100] firmadyne: sys_socket[PID: 106 (klogd)]: family:1, type:1, protocol:0
[   14.831362] firmadyne: sys_socket[PID: 106 (klogd)]: family:1, type:2, protocol:0
[   14.833866] firmadyne: ioctl: 0xc0207223
[   14.834963] firmadyne: ioctl: 0xc0207223
[   14.836040] firmadyne: ioctl: 0xc0207223
[   14.837357] firmadyne: ioctl: 0xc0207223
[   14.838429] firmadyne: ioctl: 0xc0207223
[   14.839485] firmadyne: ioctl: 0xc0207223
[   14.840539] firmadyne: ioctl: 0xc0207223
[   14.843064] firmadyne: sys_socket[PID: 106 (klogd)]: family:1, type:1, protocol:0
[   14.850550] firmadyne: ioctl: 0xc0207223
[   14.852480] firmadyne: ioctl: 0xc0207223
[   14.857308] firmadyne: sys_socket[PID: 106 (klogd)]: family:1, type:2, protocol:0
[   14.859767] firmadyne: sys_socket[PID: 106 (klogd)]: family:1, type:1, protocol:0
[   14.861124] firmadyne: sys_socket[PID: 106 (klogd)]: family:1, type:2, protocol:0
[   14.862647] firmadyne: ioctl: 0xc0207223
[   14.863668] firmadyne: ioctl: 0xc0207223
[   14.864671] firmadyne: ioctl: 0xc0207223
[   14.870952] firmadyne: sys_socket[PID: 106 (klogd)]: family:1, type:1, protocol:0
[   14.872156] firmadyne: sys_socket[PID: 106 (klogd)]: family:1, type:2, protocol:0
[   14.874013] firmadyne: ioctl: 0xc0207223
[   14.875070] firmadyne: ioctl: 0xc0207223
[   14.876093] firmadyne: ioctl: 0xc0207223
[   14.882948] firmadyne: sys_socket[PID: 106 (klogd)]: family:1, type:1, protocol:0
[   14.884210] firmadyne: sys_socket[PID: 106 (klogd)]: family:1, type:2, protocol:0
[   14.885801] firmadyne: ioctl: 0xc0207223
[   14.886972] firmadyne: ioctl: 0xc0207223
[   14.888047] firmadyne: ioctl: 0xc0207223
[   14.895085] firmadyne: sys_socket[PID: 106 (klogd)]: family:1, type:1, protocol:0
[   14.896423] firmadyne: sys_socket[PID: 106 (klogd)]: family:1, type:2, protocol:0
[   14.897853] firmadyne: ioctl: 0xc0207223
[   14.898955] firmadyne: ioctl: 0xc0207223
[   14.900035] firmadyne: ioctl: 0xc0207223
[   14.905299] firmadyne: ioctl: 0xc0207223
[   14.906380] firmadyne: ioctl: 0xc0207223
[   14.907441] firmadyne: ioctl: 0xc0207223
[   14.908498] firmadyne: ioctl: 0xc0207223
[   14.911018] firmadyne: sys_socket[PID: 106 (klogd)]: family:1, type:1, protocol:0
[   14.912326] firmadyne: sys_socket[PID: 106 (klogd)]: family:1, type:2, protocol:0
[   14.917782] firmadyne: ioctl: 0xc0207223
[   14.918864] firmadyne: ioctl: 0xc0207223
[   14.919924] firmadyne: ioctl: 0xc0207223
[   14.923023] firmadyne: sys_socket[PID: 106 (klogd)]: family:1, type:1, protocol:0
[   14.924237] firmadyne: sys_socket[PID: 106 (klogd)]: family:1, type:2, protocol:0
[   14.929270] firmadyne: ioctl: 0xc0207223
[   14.930397] firmadyne: ioctl: 0xc0207223
[   14.931466] firmadyne: ioctl: 0xc0207223
[   14.932520] firmadyne: ioctl: 0xc0207223
[   14.939060] firmadyne: sys_socket[PID: 106 (klogd)]: family:1, type:1, protocol:0
[   14.940322] firmadyne: sys_socket[PID: 106 (klogd)]: family:1, type:2, protocol:0
[   14.942087] firmadyne: ioctl: 0xc0207223
[   14.943184] firmadyne: ioctl: 0xc0207223
[   14.944254] firmadyne: ioctl: 0xc0207223
[   14.950956] firmadyne: sys_socket[PID: 106 (klogd)]: family:1, type:1, protocol:0
[   14.952278] firmadyne: sys_socket[PID: 106 (klogd)]: family:1, type:2, protocol:0
[   14.953806] firmadyne: ioctl: 0xc0207223
[   14.954904] firmadyne: ioctl: 0xc0207223
[   14.955957] firmadyne: ioctl: 0xc0207223
[   14.963024] firmadyne: sys_socket[PID: 106 (klogd)]: family:1, type:1, protocol:0
[   14.964343] firmadyne: sys_socket[PID: 106 (klogd)]: family:1, type:2, protocol:0
[   14.965593] firmadyne: ioctl: 0xc0207223
[   14.966696] firmadyne: ioctl: 0xc0207223
[   14.967757] firmadyne: ioctl: 0xc0207223
[   14.968839] firmadyne: ioctl: 0xc0207223
[   14.974894] firmadyne: sys_socket[PID: 106 (klogd)]: family:1, type:1, protocol:0
[   14.976131] firmadyne: sys_socket[PID: 106 (klogd)]: family:1, type:2, protocol:0
[   14.978032] firmadyne: ioctl: 0xc0207223
[   14.979138] firmadyne: ioctl: 0xc0207223
[   14.980192] firmadyne: ioctl: 0xc0207223
[   14.986390] firmadyne: sys_socket[PID: 106 (klogd)]: family:1, type:1, protocol:0
[   14.987618] firmadyne: sys_socket[PID: 106 (klogd)]: family:1, type:2, protocol:0
[   14.993538] firmadyne: ioctl: 0xc0207223
[   14.994684] firmadyne: ioctl: 0xc0207223
[   14.995746] firmadyne: ioctl: 0xc0207223
[   14.996834] firmadyne: ioctl: 0xc0207223
[   14.998682] firmadyne: sys_socket[PID: 106 (klogd)]: family:1, type:1, protocol:0
[   15.000017] firmadyne: sys_socket[PID: 106 (klogd)]: family:1, type:2, protocol:0
[   15.005825] firmadyne: ioctl: 0xc0207223
[   15.006923] firmadyne: ioctl: 0xc0207223
[   15.007994] firmadyne: ioctl: 0xc0207223
[   15.010830] firmadyne: sys_socket[PID: 106 (klogd)]: family:1, type:1, protocol:0
[   15.012174] firmadyne: sys_socket[PID: 106 (klogd)]: family:1, type:2, protocol:0
[   15.017335] firmadyne: ioctl: 0xc0207223
[   15.018440] firmadyne: ioctl: 0xc0207223
[   15.019518] firmadyne: ioctl: 0xc0207223
[   15.020578] firmadyne: ioctl: 0xc0207223
[   15.027081] firmadyne: sys_socket[PID: 106 (klogd)]: family:1, type:1, protocol:0
[   15.028369] firmadyne: sys_socket[PID: 106 (klogd)]: family:1, type:2, protocol:0
[   15.030149] firmadyne: ioctl: 0xc0207223
[   15.031230] firmadyne: ioctl: 0xc0207223
[   15.032311] firmadyne: ioctl: 0xc0207223
[   15.039018] firmadyne: sys_socket[PID: 106 (klogd)]: family:1, type:1, protocol:0
[   15.040251] firmadyne: sys_socket[PID: 106 (klogd)]: family:1, type:2, protocol:0
[   15.041831] firmadyne: ioctl: 0xc0207223
[   15.042894] firmadyne: ioctl: 0xc0207223
[   15.043921] firmadyne: ioctl: 0xc0207223
[   15.051008] firmadyne: sys_socket[PID: 106 (klogd)]: family:1, type:1, protocol:0
[   15.052277] firmadyne: sys_socket[PID: 106 (klogd)]: family:1, type:2, protocol:0
[   15.053529] firmadyne: ioctl: 0xc0207223
[   15.054669] firmadyne: ioctl: 0xc0207223
[   15.055740] firmadyne: ioctl: 0xc0207223
[   15.056813] firmadyne: ioctl: 0xc0207223
[   15.063019] firmadyne: sys_socket[PID: 106 (klogd)]: family:1, type:1, protocol:0
[   15.064336] firmadyne: sys_socket[PID: 106 (klogd)]: family:1, type:2, protocol:0
[   15.066111] firmadyne: ioctl: 0xc0207223
[   15.067191] firmadyne: ioctl: 0xc0207223
[   15.068254] firmadyne: ioctl: 0xc0207223
[   15.075035] firmadyne: sys_socket[PID: 106 (klogd)]: family:1, type:1, protocol:0
[   15.076290] firmadyne: sys_socket[PID: 106 (klogd)]: family:1, type:2, protocol:0
[   15.077872] firmadyne: ioctl: 0xc0207223
[   15.078964] firmadyne: ioctl: 0xc0207223
[   15.080064] firmadyne: ioctl: 0xc0207223
[   15.085335] firmadyne: ioctl: 0xc0207223
[   15.086430] firmadyne: ioctl: 0xc0207223
[   15.087496] firmadyne: ioctl: 0xc0207223
[   15.088564] firmadyne: ioctl: 0xc0207223
[   15.091104] firmadyne: sys_socket[PID: 106 (klogd)]: family:1, type:1, protocol:0
[   15.092429] firmadyne: sys_socket[PID: 106 (klogd)]: family:1, type:2, protocol:0
[   15.097829] firmadyne: ioctl: 0xc0207223
[   15.098906] firmadyne: ioctl: 0xc0207223
[   15.099961] firmadyne: ioctl: 0xc0207223
[   15.102989] firmadyne: sys_socket[PID: 106 (klogd)]: family:1, type:1, protocol:0
[   15.104239] firmadyne: sys_socket[PID: 106 (klogd)]: family:1, type:2, protocol:0
[   15.109288] firmadyne: ioctl: 0xc0207223
[   15.110403] firmadyne: ioctl: 0xc0207223
[   15.111484] firmadyne: ioctl: 0xc0207223
[   15.112549] firmadyne: ioctl: 0xc0207223
[   15.115075] firmadyne: sys_socket[PID: 106 (klogd)]: family:1, type:1, protocol:0
[   15.116386] firmadyne: sys_socket[PID: 106 (klogd)]: family:1, type:2, protocol:0
[   15.121824] firmadyne: ioctl: 0xc0207223
[   15.122936] firmadyne: ioctl: 0xc0207223
[   15.124008] firmadyne: ioctl: 0xc0207223
[   15.126966] firmadyne: sys_socket[PID: 106 (klogd)]: family:1, type:1, protocol:0
[   15.128224] firmadyne: sys_socket[PID: 106 (klogd)]: family:1, type:2, protocol:0
[   15.133341] firmadyne: ioctl: 0xc0207223
[   15.134475] firmadyne: ioctl: 0xc0207223
[   15.135541] firmadyne: ioctl: 0xc0207223
[   15.136605] firmadyne: ioctl: 0xc0207223
[   15.139103] firmadyne: sys_socket[PID: 106 (klogd)]: family:1, type:1, protocol:0
[   15.140308] firmadyne: sys_socket[PID: 106 (klogd)]: family:1, type:2, protocol:0
[   15.145819] firmadyne: ioctl: 0xc0207223
[   15.146920] firmadyne: ioctl: 0xc0207223
[   15.147978] firmadyne: ioctl: 0xc0207223
[   15.150930] firmadyne: sys_socket[PID: 106 (klogd)]: family:1, type:1, protocol:0
[   15.152238] firmadyne: sys_socket[PID: 106 (klogd)]: family:1, type:2, protocol:0
[   15.157356] firmadyne: ioctl: 0xc0207223
[   15.158475] firmadyne: ioctl: 0xc0207223
[   15.159545] firmadyne: ioctl: 0xc0207223
[   15.160592] firmadyne: ioctl: 0xc0207223
[   15.163125] firmadyne: sys_socket[PID: 106 (klogd)]: family:1, type:1, protocol:0
[   15.164418] firmadyne: sys_socket[PID: 106 (klogd)]: family:1, type:2, protocol:0
[   15.170789] firmadyne: ioctl: 0xc0207223
[   15.171879] firmadyne: ioctl: 0xc0207223
[   15.178947] firmadyne: sys_socket[PID: 106 (klogd)]: family:1, type:1, protocol:0
[   15.180211] firmadyne: sys_socket[PID: 106 (klogd)]: family:1, type:2, protocol:0
[   15.181437] firmadyne: ioctl: 0xc0207223
[   15.182561] firmadyne: ioctl: 0xc0207223
[   15.183627] firmadyne: ioctl: 0xc0207223
[   15.184687] firmadyne: ioctl: 0xc0207223
[   15.190960] firmadyne: sys_socket[PID: 106 (klogd)]: family:1, type:1, protocol:0
[   15.192197] firmadyne: sys_socket[PID: 106 (klogd)]: family:1, type:2, protocol:0
[   15.193927] firmadyne: ioctl: 0xc0207223
[   15.194979] firmadyne: ioctl: 0xc0207223
[   15.196032] firmadyne: ioctl: 0xc0207223
[   15.202927] firmadyne: sys_socket[PID: 106 (klogd)]: family:1, type:1, protocol:0
[   15.204210] firmadyne: sys_socket[PID: 106 (klogd)]: family:1, type:2, protocol:0
[   15.205608] firmadyne: ioctl: 0xc0207223
[   15.206703] firmadyne: ioctl: 0xc0207223
[   15.207770] firmadyne: ioctl: 0xc0207223
[   15.209023] firmadyne: ioctl: 0xc0207223
[   15.214940] firmadyne: sys_socket[PID: 106 (klogd)]: family:1, type:1, protocol:0
[   15.216259] firmadyne: sys_socket[PID: 106 (klogd)]: family:1, type:2, protocol:0
[   15.218109] firmadyne: ioctl: 0xc0207223
[   15.219193] firmadyne: ioctl: 0xc0207223
[   15.220268] firmadyne: ioctl: 0xc0207223
[   15.226967] firmadyne: sys_socket[PID: 106 (klogd)]: family:1, type:1, protocol:0
[   15.228219] firmadyne: sys_socket[PID: 106 (klogd)]: family:1, type:2, protocol:0
[   15.229788] firmadyne: ioctl: 0xc0207223
[   15.230880] firmadyne: ioctl: 0xc0207223
[   15.231932] firmadyne: ioctl: 0xc0207223
[   15.238934] firmadyne: sys_socket[PID: 106 (klogd)]: family:1, type:1, protocol:0
[   15.240245] firmadyne: sys_socket[PID: 106 (klogd)]: family:1, type:2, protocol:0
[   15.241483] firmadyne: ioctl: 0xc0207223
[   15.242575] firmadyne: ioctl: 0xc0207223
[   15.243640] firmadyne: ioctl: 0xc0207223
[   15.244699] firmadyne: ioctl: 0xc0207223
[   15.250972] firmadyne: sys_socket[PID: 106 (klogd)]: family:1, type:1, protocol:0
[   15.252275] firmadyne: sys_socket[PID: 106 (klogd)]: family:1, type:2, protocol:0
[   15.254114] firmadyne: ioctl: 0xc0207223
[   15.255197] firmadyne: ioctl: 0xc0207223
[   15.256279] firmadyne: ioctl: 0xc0207223
[   15.262926] firmadyne: sys_socket[PID: 106 (klogd)]: family:1, type:1, protocol:0
[   15.264255] firmadyne: sys_socket[PID: 106 (klogd)]: family:1, type:2, protocol:0
[   15.265928] firmadyne: ioctl: 0xc0207223
[   15.267010] firmadyne: ioctl: 0xc0207223
[   15.268087] firmadyne: ioctl: 0xc0207223
[   15.274906] firmadyne: sys_socket[PID: 106 (klogd)]: family:1, type:1, protocol:0
[   15.276111] firmadyne: sys_socket[PID: 106 (klogd)]: family:1, type:2, protocol:0
[   15.277617] firmadyne: ioctl: 0xc0207223
[   15.278713] firmadyne: ioctl: 0xc0207223
[   15.279769] firmadyne: ioctl: 0xc0207223
[   15.280855] firmadyne: ioctl: 0xc0207223
[   15.286820] firmadyne: sys_socket[PID: 106 (klogd)]: family:1, type:1, protocol:0
[   15.288133] firmadyne: sys_socket[PID: 106 (klogd)]: family:1, type:2, protocol:0
[   15.289980] firmadyne: ioctl: 0xc0207223
[   15.291073] firmadyne: ioctl: 0xc0207223
[   15.292133] firmadyne: ioctl: 0xc0207223
[   15.298934] firmadyne: sys_socket[PID: 106 (klogd)]: family:1, type:1, protocol:0
[   15.300152] firmadyne: sys_socket[PID: 106 (klogd)]: family:1, type:2, protocol:0
[   15.301709] firmadyne: ioctl: 0xc0207223
[   15.302789] firmadyne: ioctl: 0xc0207223
[   15.303848] firmadyne: ioctl: 0xc0207223
[   15.309111] firmadyne: ioctl: 0xc0207223
[   15.310203] firmadyne: ioctl: 0xc0207223
[   15.311270] firmadyne: ioctl: 0xc0207223
[   15.312337] firmadyne: ioctl: 0xc0207223
[   15.314803] firmadyne: sys_socket[PID: 106 (klogd)]: family:1, type:1, protocol:0
[   15.316065] firmadyne: sys_socket[PID: 106 (klogd)]: family:1, type:2, protocol:0
[   15.321677] firmadyne: ioctl: 0xc0207223
[   15.322778] firmadyne: ioctl: 0xc0207223
[   15.323850] firmadyne: ioctl: 0xc0207223
[   15.326893] firmadyne: sys_socket[PID: 106 (klogd)]: family:1, type:1, protocol:0
[   15.328191] firmadyne: sys_socket[PID: 106 (klogd)]: family:1, type:2, protocol:0
[   15.333172] firmadyne: ioctl: 0xc0207223
[   15.334330] firmadyne: ioctl: 0xc0207223
[   15.335414] firmadyne: ioctl: 0xc0207223
[   15.336476] firmadyne: ioctl: 0xc0207223
[   15.338954] firmadyne: sys_socket[PID: 106 (klogd)]: family:1, type:1, protocol:0
[   15.340210] firmadyne: sys_socket[PID: 106 (klogd)]: family:1, type:2, protocol:0
[   15.345805] firmadyne: ioctl: 0xc0207223
[   15.346902] firmadyne: ioctl: 0xc0207223
[   15.347960] firmadyne: ioctl: 0xc0207223
[   15.351342] firmadyne: sys_socket[PID: 106 (klogd)]: family:1, type:1, protocol:0
[   15.352676] firmadyne: sys_socket[PID: 106 (klogd)]: family:1, type:2, protocol:0
[   15.360567] firmadyne: ioctl: 0xc0587200
[   15.361572] firmadyne: ioctl: 0xc0207223
[   15.362651] firmadyne: ioctl: 0xc0207223
[   15.363701] firmadyne: ioctl: 0xc0207223
[   15.364730] firmadyne: ioctl: 0xc0207223
[   15.367283] firmadyne: sys_socket[PID: 106 (klogd)]: family:1, type:1, protocol:0
[   15.368511] firmadyne: sys_socket[PID: 106 (klogd)]: family:1, type:2, protocol:0
[   15.373768] firmadyne: ioctl: 0xc0207223
[   15.374862] firmadyne: ioctl: 0xc0207223
[   15.375932] firmadyne: ioctl: 0xc0207223
[   15.379030] firmadyne: sys_socket[PID: 106 (klogd)]: family:1, type:1, protocol:0
[   15.380282] firmadyne: sys_socket[PID: 106 (klogd)]: family:1, type:2, protocol:0
[   15.385425] firmadyne: ioctl: 0xc0207223
[   15.387250] firmadyne: ioctl: 0xc0207223
[   15.388723] firmadyne: ioctl: 0xc0207223
[   15.391385] firmadyne: sys_socket[PID: 106 (klogd)]: family:1, type:1, protocol:0
[   15.392708] firmadyne: sys_socket[PID: 106 (klogd)]: family:1, type:2, protocol:0
[   15.395084] firmadyne: ioctl: 0xc0207223
[   15.396583] firmadyne: ioctl: 0xc0207223
[   15.399113] firmadyne: sys_socket[PID: 106 (klogd)]: family:1, type:1, protocol:0
[   15.400317] firmadyne: sys_socket[PID: 106 (klogd)]: family:1, type:2, protocol:0
[   15.402517] firmadyne: ioctl: 0xc0207223
[   15.404047] firmadyne: ioctl: 0xc0207223
[   15.407004] firmadyne: sys_socket[PID: 106 (klogd)]: family:1, type:1, protocol:0
[   15.408318] firmadyne: sys_socket[PID: 106 (klogd)]: family:1, type:2, protocol:0
[   15.410206] firmadyne: ioctl: 0xc0207223
[   15.411731] firmadyne: ioctl: 0xc0207223
[   15.426046] firmadyne: ioctl: 0xc0207223
[   15.427621] firmadyne: ioctl: 0xc0207223
[   15.429449] firmadyne: ioctl: 0xc0207223
[   15.431000] firmadyne: ioctl: 0xc0207223
[   15.432539] firmadyne: ioctl: 0xc0207223
[   15.434410] firmadyne: ioctl: 0xc0207223
[   15.435899] firmadyne: ioctl: 0xc0207223
[   15.437451] firmadyne: sys_socket[PID: 106 (klogd)]: family:1, type:1, protocol:0
[   15.438778] firmadyne: sys_socket[PID: 106 (klogd)]: family:1, type:2, protocol:0
[   15.441729] firmadyne: ioctl: 0xc0207223
[   15.443246] firmadyne: ioctl: 0xc0207223
[   15.444740] firmadyne: ioctl: 0xc0207223
[   15.446074] firmadyne: sys_socket[PID: 106 (klogd)]: family:1, type:1, protocol:0
[   15.447377] firmadyne: sys_socket[PID: 106 (klogd)]: family:1, type:2, protocol:0
[   15.450420] firmadyne: ioctl: 0xc0207223
[   15.451956] firmadyne: ioctl: 0xc0207223
[   15.454167] firmadyne: sys_socket[PID: 106 (klogd)]: family:1, type:1, protocol:0
[   15.455520] firmadyne: sys_socket[PID: 106 (klogd)]: family:1, type:2, protocol:0
[   15.457927] firmadyne: ioctl: 0xc0207223
[   15.459454] firmadyne: ioctl: 0xc0207223
[   15.462359] firmadyne: sys_socket[PID: 106 (klogd)]: family:1, type:1, protocol:0
[   15.463600] firmadyne: sys_socket[PID: 106 (klogd)]: family:1, type:2, protocol:0
[   15.465363] firmadyne: ioctl: 0xc0207223
[   15.466904] firmadyne: ioctl: 0xc0207223
[   15.468413] firmadyne: ioctl: 0xc0207223
[   15.470363] firmadyne: sys_socket[PID: 106 (klogd)]: family:1, type:1, protocol:0
[   15.471706] firmadyne: sys_socket[PID: 106 (klogd)]: family:1, type:2, protocol:0
[   15.474471] firmadyne: ioctl: 0xc0207223
[   15.475990] firmadyne: ioctl: 0xc0207223
[   15.478552] firmadyne: sys_socket[PID: 106 (klogd)]: family:1, type:1, protocol:0
[   15.479810] firmadyne: sys_socket[PID: 106 (klogd)]: family:1, type:2, protocol:0
[   15.481932] firmadyne: ioctl: 0xc0207223
[   15.483406] firmadyne: ioctl: 0xc0207223
[   15.485036] firmadyne: ioctl: 0xc0207223
[   15.487097] firmadyne: sys_socket[PID: 106 (klogd)]: family:1, type:1, protocol:0
[   15.488348] firmadyne: sys_socket[PID: 106 (klogd)]: family:1, type:2, protocol:0
[   15.490615] firmadyne: ioctl: 0xc0207223
[   15.492084] firmadyne: ioctl: 0xc0207223
[   15.494916] firmadyne: sys_socket[PID: 106 (klogd)]: family:1, type:1, protocol:0
[   15.496180] firmadyne: sys_socket[PID: 106 (klogd)]: family:1, type:2, protocol:0
[   15.498048] firmadyne: ioctl: 0xc0207223
[   15.499562] firmadyne: ioctl: 0xc0207223
[   15.503098] firmadyne: sys_socket[PID: 106 (klogd)]: family:1, type:1, protocol:0
[   15.504403] firmadyne: sys_socket[PID: 106 (klogd)]: family:1, type:2, protocol:0
[   15.505660] firmadyne: ioctl: 0xc0207223
[   15.507209] firmadyne: ioctl: 0xc0207223
[   15.508710] firmadyne: ioctl: 0xc0207223
[   15.511444] firmadyne: sys_socket[PID: 106 (klogd)]: family:1, type:1, protocol:0
[   15.512697] firmadyne: sys_socket[PID: 106 (klogd)]: family:1, type:2, protocol:0
[   15.514988] firmadyne: ioctl: 0xc0207223
[   15.516527] firmadyne: ioctl: 0xc0207223
[   15.518346] firmadyne: ioctl: 0xc0207223
[   15.519829] firmadyne: ioctl: 0xc0207223
[   15.531748] firmadyne: sys_socket[PID: 106 (klogd)]: family:1, type:1, protocol:0
[   15.535469] firmadyne: ioctl: 0xc0207223
[   15.537279] firmadyne: sys_socket[PID: 106 (klogd)]: family:1, type:2, protocol:0
[   15.539795] firmadyne: sys_socket[PID: 106 (klogd)]: family:1, type:1, protocol:0
[   15.545256] firmadyne: ioctl: 0xc0207223
[   15.546856] firmadyne: ioctl: 0xc0207223
[   15.548385] firmadyne: ioctl: 0xc0207223
[   15.549300] firmadyne: sys_socket[PID: 106 (klogd)]: family:1, type:2, protocol:0
[   15.551987] firmadyne: sys_socket[PID: 106 (klogd)]: family:1, type:1, protocol:0
[   15.559329] firmadyne: ioctl: 0xc0207223
[   15.560885] firmadyne: ioctl: 0xc0207223
[   15.561857] firmadyne: sys_socket[PID: 106 (klogd)]: family:1, type:2, protocol:0
[   15.564553] firmadyne: sys_socket[PID: 106 (klogd)]: family:1, type:1, protocol:0
[   15.572008] firmadyne: ioctl: 0xc0207223
[   15.573669] firmadyne: sys_socket[PID: 106 (klogd)]: family:1, type:2, protocol:0
[   15.576229] firmadyne: sys_socket[PID: 106 (klogd)]: family:1, type:1, protocol:0
[   15.577948] firmadyne: ioctl: 0xc0207223
[   15.579474] firmadyne: ioctl: 0xc0207223
[   15.585536] firmadyne: ioctl: 0xc0207223
[   15.587058] firmadyne: ioctl: 0xc0207223
[   15.588510] firmadyne: ioctl: 0xc0207223
[   15.589769] firmadyne: sys_socket[PID: 106 (klogd)]: family:1, type:2, protocol:0
[   15.592358] firmadyne: sys_socket[PID: 106 (klogd)]: family:1, type:1, protocol:0
[   15.598320] firmadyne: ioctl: 0xc0207223
[   15.599830] firmadyne: ioctl: 0xc0207223
[   15.601723] firmadyne: sys_socket[PID: 106 (klogd)]: family:1, type:2, protocol:0
[   15.604316] firmadyne: sys_socket[PID: 106 (klogd)]: family:1, type:1, protocol:0
[   15.609836] firmadyne: ioctl: 0xc0207223
[   15.611358] firmadyne: ioctl: 0xc0207223
[   15.612861] firmadyne: ioctl: 0xc0207223
[   15.617949] firmadyne: sys_socket[PID: 106 (klogd)]: family:1, type:2, protocol:0
[   15.620567] firmadyne: sys_socket[PID: 106 (klogd)]: family:1, type:1, protocol:0
[   15.622876] firmadyne: ioctl: 0xc0207223
[   15.624487] firmadyne: ioctl: 0xc0207223
[   15.629668] firmadyne: sys_socket[PID: 106 (klogd)]: family:1, type:2, protocol:0
[   15.632265] firmadyne: sys_socket[PID: 106 (klogd)]: family:1, type:1, protocol:0
[   15.634616] firmadyne: ioctl: 0xc0207223
[   15.636135] firmadyne: ioctl: 0xc0207223
[   15.641712] firmadyne: sys_socket[PID: 106 (klogd)]: family:1, type:2, protocol:0
[   15.644374] firmadyne: sys_socket[PID: 106 (klogd)]: family:1, type:1, protocol:0
[   15.646341] firmadyne: ioctl: 0xc0207223
[   15.647866] firmadyne: ioctl: 0xc0207223
[   15.653703] firmadyne: sys_socket[PID: 106 (klogd)]: family:1, type:2, protocol:0
[   15.656382] firmadyne: sys_socket[PID: 106 (klogd)]: family:1, type:1, protocol:0
[   15.658114] firmadyne: ioctl: 0xc0207223
[   15.659618] firmadyne: ioctl: 0xc0207223
[   15.665680] firmadyne: sys_socket[PID: 106 (klogd)]: family:1, type:2, protocol:0
[   15.668337] firmadyne: sys_socket[PID: 106 (klogd)]: family:1, type:1, protocol:0
[   15.669661] firmadyne: ioctl: 0xc0207223
[   15.671329] firmadyne: ioctl: 0xc0207223
[   15.672856] firmadyne: ioctl: 0xc0207223
[   15.677707] firmadyne: sys_socket[PID: 106 (klogd)]: family:1, type:2, protocol:0
[   15.680407] firmadyne: sys_socket[PID: 106 (klogd)]: family:1, type:1, protocol:0
[   15.682801] firmadyne: ioctl: 0xc0207223
[   15.684341] firmadyne: ioctl: 0xc0207223
[   15.690132] firmadyne: ioctl: 0xc0207223
[   15.691501] firmadyne: ioctl: 0xc0207223
[   15.692856] firmadyne: ioctl: 0xc0207223
[   15.694035] firmadyne: sys_socket[PID: 106 (klogd)]: family:1, type:2, protocol:0
[   15.696363] firmadyne: sys_socket[PID: 106 (klogd)]: family:1, type:1, protocol:0
Warning: Bad CRC, using default environment
[   15.709626] firmadyne: sys_socket[PID: 106 (klogd)]: family:1, type:2, protocol:0
[   15.712062] firmadyne: sys_socket[PID: 106 (klogd)]: family:1, type:1, protocol:0
[   15.714440] firmadyne: ioctl: 0xc0207223
[   15.715846] firmadyne: ioctl: 0xc0207223
[   15.717427] firmadyne: sys_socket[PID: 106 (klogd)]: family:1, type:2, protocol:0
[   15.719962] firmadyne: sys_socket[PID: 106 (klogd)]: family:1, type:1, protocol:0
[   15.721678] firmadyne: ioctl: 0xc0207223
[   15.723098] firmadyne: ioctl: 0xc0207223
[   15.724539] firmadyne: ioctl: 0xc0207223
[   15.733352] firmadyne: sys_socket[PID: 106 (klogd)]: family:1, type:2, protocol:0
[   15.735859] firmadyne: sys_socket[PID: 106 (klogd)]: family:1, type:1, protocol:0
[   15.742319] firmadyne: ioctl: 0xc0207223
[   15.743767] firmadyne: ioctl: 0xc0207223
[   15.757814] firmadyne: ioctl: 0xc0207223
[   15.759314] firmadyne: ioctl: 0xc0207223
[   15.760753] firmadyne: ioctl: 0xc0207223
[   15.761577] firmadyne: sys_socket[PID: 106 (klogd)]: family:1, type:2, protocol:0
[   15.764086] firmadyne: sys_socket[PID: 106 (klogd)]: family:1, type:1, protocol:0
[   15.771825] firmadyne: ioctl: 0xc0207223
[   15.773637] firmadyne: sys_socket[PID: 106 (klogd)]: family:1, type:2, protocol:0
[   15.776189] firmadyne: sys_socket[PID: 106 (klogd)]: family:1, type:1, protocol:0
[   15.786641] firmadyne: ioctl: 0xc0207223
[   15.788149] firmadyne: ioctl: 0xc0207223
[   15.794000] firmadyne: sys_socket[PID: 106 (klogd)]: family:1, type:2, protocol:0
[   15.796599] firmadyne: sys_socket[PID: 106 (klogd)]: family:1, type:1, protocol:0
[   15.798510] firmadyne: ioctl: 0xc0207223
[   15.800007] firmadyne: ioctl: 0xc0207223
[   15.809815] firmadyne: sys_socket[PID: 106 (klogd)]: family:1, type:2, protocol:0
[   15.812403] firmadyne: sys_socket[PID: 106 (klogd)]: family:1, type:1, protocol:0
[   15.814151] firmadyne: ioctl: 0xc0207223
[   15.815641] firmadyne: ioctl: 0xc0207223
[   15.825661] firmadyne: sys_socket[PID: 106 (klogd)]: family:1, type:2, protocol:0
[   15.828211] firmadyne: sys_socket[PID: 106 (klogd)]: family:1, type:1, protocol:0
[   15.829452] firmadyne: ioctl: 0xc0207223
[   15.830979] firmadyne: ioctl: 0xc0207223
[   15.832460] firmadyne: ioctl: 0xc0207223
[   15.840284] firmadyne: sys_socket[PID: 106 (klogd)]: family:1, type:2, protocol:0
[   15.842982] firmadyne: sys_socket[PID: 106 (klogd)]: family:1, type:1, protocol:0
[   15.844197] firmadyne: sys_socket[PID: 106 (klogd)]: family:1, type:2, protocol:0
[   15.846440] firmadyne: ioctl: 0xc0207223
[   15.847922] firmadyne: ioctl: 0xc0207223
[   15.861761] firmadyne: ioctl: 0xc0207223
[   15.863259] firmadyne: ioctl: 0xc0207223
[   15.864723] firmadyne: ioctl: 0xc0207223
[   15.868703] firmadyne: sys_socket[PID: 106 (klogd)]: family:1, type:1, protocol:0
[   15.874280] firmadyne: ioctl: 0xc0207223
[   15.875767] firmadyne: ioctl: 0xc0207223
[   15.877770] firmadyne: sys_socket[PID: 106 (klogd)]: family:1, type:2, protocol:0
[   15.880341] firmadyne: sys_socket[PID: 106 (klogd)]: family:1, type:1, protocol:0
[   15.893582] firmadyne: ioctl: 0xc0207223
[   15.895090] firmadyne: ioctl: 0xc0207223
[   15.896570] firmadyne: ioctl: 0xc0207223
[   15.897866] firmadyne: sys_socket[PID: 106 (klogd)]: family:1, type:2, protocol:0
[   15.900427] firmadyne: sys_socket[PID: 106 (klogd)]: family:1, type:1, protocol:0
[   15.910253] firmadyne: ioctl: 0xc0207223
[   15.911748] firmadyne: ioctl: 0xc0207223
[   15.917707] firmadyne: sys_socket[PID: 106 (klogd)]: family:1, type:2, protocol:0
[   15.920316] firmadyne: sys_socket[PID: 106 (klogd)]: family:1, type:1, protocol:0
[   15.931373] firmadyne: sys_socket[PID: 106 (klogd)]: family:1, type:2, protocol:0
[   15.933475] firmadyne: ioctl: 0xc0207223
[   15.935016] firmadyne: ioctl: 0xc0207223
[   15.936532] firmadyne: ioctl: 0xc0207223
[   15.938424] firmadyne: sys_socket[PID: 106 (klogd)]: family:1, type:1, protocol:0
[   15.939695] firmadyne: sys_socket[PID: 106 (klogd)]: family:1, type:2, protocol:0
[   15.946239] firmadyne: ioctl: 0xc0207223
[   15.947723] firmadyne: ioctl: 0xc0207223
[   15.954563] firmadyne: sys_socket[PID: 106 (klogd)]: family:1, type:1, protocol:0
[   15.955871] firmadyne: sys_socket[PID: 106 (klogd)]: family:1, type:2, protocol:0
[   15.961294] firmadyne: ioctl: 0xc0207223
[   15.962835] firmadyne: ioctl: 0xc0207223
[   15.964318] firmadyne: ioctl: 0xc0207223
[   15.971503] firmadyne: sys_socket[PID: 106 (klogd)]: family:1, type:1, protocol:0
[   15.972729] firmadyne: sys_socket[PID: 106 (klogd)]: family:1, type:2, protocol:0
[   15.976747] firmadyne: sys_socket[PID: 113 (oamd)]: family:16, type:3, protocol:2
[   15.978841] firmadyne: ioctl: 0xc0207223
[   15.980301] firmadyne: ioctl: 0xc0207223
[   15.986957] firmadyne: sys_socket[PID: 106 (klogd)]: family:1, type:1, protocol:0
[   15.988193] firmadyne: sys_socket[PID: 106 (klogd)]: family:1, type:2, protocol:0
[   15.994088] firmadyne: ioctl: 0xc0207223
[   15.995557] firmadyne: ioctl: 0xc0207223
[   16.002919] firmadyne: sys_socket[PID: 106 (klogd)]: family:1, type:1, protocol:0
[   16.004142] firmadyne: sys_socket[PID: 106 (klogd)]: family:1, type:2, protocol:0
[   16.009302] firmadyne: ioctl: 0xc0207223
[   16.010830] firmadyne: ioctl: 0xc0207223
[   16.012286] firmadyne: ioctl: 0xc0207223
[   16.018784] firmadyne: sys_socket[PID: 106 (klogd)]: family:1, type:1, protocol:0
[   16.019994] firmadyne: sys_socket[PID: 106 (klogd)]: family:1, type:2, protocol:0
[   16.022805] firmadyne: ioctl: 0xc0207223
[   16.024265] firmadyne: ioctl: 0xc0207223
[   16.030666] firmadyne: sys_socket[PID: 106 (klogd)]: family:1, type:1, protocol:0
[   16.031899] firmadyne: sys_socket[PID: 106 (klogd)]: family:1, type:2, protocol:0
[   16.034323] firmadyne: ioctl: 0xc0207223
[   16.035795] firmadyne: ioctl: 0xc0207223
[   16.042621] firmadyne: sys_socket[PID: 106 (klogd)]: family:1, type:1, protocol:0
[   16.043841] firmadyne: sys_socket[PID: 106 (klogd)]: family:1, type:2, protocol:0
[   16.045678] firmadyne: ioctl: 0xc0207223
[   16.047143] firmadyne: ioctl: 0xc0207223
[   16.048585] firmadyne: ioctl: 0xc0207223
[   16.054646] firmadyne: sys_socket[PID: 106 (klogd)]: family:1, type:1, protocol:0
[   16.055870] firmadyne: sys_socket[PID: 106 (klogd)]: family:1, type:2, protocol:0
[   16.058409] firmadyne: ioctl: 0xc0207223
[   16.059871] firmadyne: ioctl: 0xc0207223
nvram_init: Initializing NVRAM...
sem_get: Key: 4101e004
[   16.066880] firmadyne: sys_socket[PID: 106 (klogd)]: family:1, type:1, protocol:0
[   16.068115] firmadyne: sys_socket[PID: 106 (klogd)]: family:1, type:2, protocol:0
[   16.069799] firmadyne: ioctl: 0xc0207223
[   16.071269] firmadyne: ioctl: 0xc0207223
[   16.078831] firmadyne: sys_socket[PID: 106 (klogd)]: family:1, type:1, protocol:0
[   16.080044] firmadyne: sys_socket[PID: 106 (klogd)]: family:1, type:2, protocol:0
[   16.081294] firmadyne: ioctl: 0xc0207223
[   16.082845] firmadyne: ioctl: 0xc0207223
[   16.084344] firmadyne: ioctl: 0xc0207223
sem_get: Key: 4111026e
[   16.090909] firmadyne: sys_socket[PID: 106 (klogd)]: family:1, type:1, protocol:0
[   16.092139] firmadyne: sys_socket[PID: 106 (klogd)]: family:1, type:2, protocol:0
[   16.094264] firmadyne: ioctl: 0xc0207223
[   16.095719] firmadyne: ioctl: 0xc0207223
nvram_set_default_builtin: Setting built-in default values!
[   16.103030] firmadyne: sys_socket[PID: 106 (klogd)]: family:1, type:1, protocol:0
[   16.104242] firmadyne: sys_socket[PID: 106 (klogd)]: family:1, type:2, protocol:0
[   16.105457] firmadyne: ioctl: 0xc0207223
[   16.106969] firmadyne: ioctl: 0xc0207223
[   16.108462] firmadyne: ioctl: 0xc0207223
nvram_set: console_loglevel = "7"
sem_get: Key: 4111026e
[   16.114964] firmadyne: sys_socket[PID: 106 (klogd)]: family:1, type:1, protocol:0
[   16.116171] firmadyne: sys_socket[PID: 106 (klogd)]: family:1, type:2, protocol:0
[   16.118334] firmadyne: ioctl: 0xc0207223
[   16.119786] firmadyne: ioctl: 0xc0207223
sem_get: Key: 4111026e
[   16.127000] firmadyne: sys_socket[PID: 106 (klogd)]: family:1, type:1, protocol:0
[   16.128217] firmadyne: sys_socket[PID: 106 (klogd)]: family:1, type:2, protocol:0
[   16.129713] firmadyne: ioctl: 0xc0207223
[   16.131198] firmadyne: ioctl: 0xc0207223
[   16.132641] firmadyne: ioctl: 0xc0207223
nvram_set: restore_defaults = "1"
sem_get[   16.139089] firmadyne: sys_socket[PID: 106 (klogd)]: family:1, type:1, protocol:0
[   16.140344] firmadyne: sys_socket[PID: 106 (klogd)]: family:1, type:2, protocol:0
[   16.142614] firmadyne: ioctl: 0xc0207223
[   16.144088] firmadyne: ioctl: 0xc0207223
: Key: 4111026e
sem_get: Key: 4111026e
[   16.149908] firmadyne: ioctl: 0xc0207223
[   16.151387] firmadyne: ioctl: 0xc0207223
[   16.152865] firmadyne: ioctl: 0xc0207223
[   16.155525] firmadyne: sys_socket[PID: 106 (klogd)]: family:1, type:1, protocol:0
[   16.156761] firmadyne: sys_socket[PID: 106 (klogd)]: family:1, type:2, protocol:0
nvram_set: sku_name = ""
sem_get[   16.162429] firmadyne: ioctl: 0xc0207223
[   16.163878] firmadyne: ioctl: 0xc0207223
[   16.167001] firmadyne: sys_socket[PID: 106 (klogd)]: family:1, type:1, protocol:0
[   16.168220] firmadyne: sys_socket[PID: 106 (klogd)]: family:1, type:2, protocol:0
: Key: 4111026e
sem_get: Key: 4111026e
nvram_set: wla_wlanstate = ""
[   16.177584] firmadyne: ioctl: 0xc0207223
[   16.179074] firmadyne: ioctl: 0xc0207223
[   16.180513] firmadyne: ioctl: 0xc0207223
[   16.183252] firmadyne: sys_socket[PID: 106 (klogd)]: family:1, type:1, protocol:0
[   16.184458] firmadyne: sys_socket[PID: 106 (klogd)]: family:1, type:2, protocol:0
sem_get: Key: 4111026e
sem_get: Key: 4111026e
[   16.190225] firmadyne: ioctl: 0xc0207223
[   16.191698] firmadyne: ioctl: 0xc0207223
[   16.195142] firmadyne: sys_socket[PID: 106 (klogd)]: family:1, type:1, protocol:0
[   16.196537] firmadyne: sys_socket[PID: 106 (klogd)]: family:1, type:2, protocol:0
nvram_set: lan_if = "br0"
[   16.201584] firmadyne: ioctl: 0xc0207223
[   16.203014] firmadyne: ioctl: 0xc0207223
[   16.204357] firmadyne: ioctl: 0xc0207223
[   16.206826] firmadyne: sys_socket[PID: 106 (klogd)]: family:1, type:1, protocol:0
[   16.207931] firmadyne: sys_socket[PID: 106 (klogd)]: family:1, type:2, protocol:0
sem_get: Key: 4111026e
sem_get: Key: 4111026e
[   16.214021] firmadyne: ioctl: 0xc0207223
[   16.215383] firmadyne: ioctl: 0xc0207223
[   16.216736] firmadyne: ioctl: 0xc0207223
[   16.218875] firmadyne: sys_socket[PID: 106 (klogd)]: family:1, type:1, protocol:0
[   16.220038] firmadyne: sys_socket[PID: 106 (klogd)]: family:1, type:2, protocol:0
nvram_set: lan_ipaddr = "192.168.0.50"
sem_get[   16.226429] firmadyne: ioctl: 0xc0207223
[   16.227855] firmadyne: ioctl: 0xc0207223
[   16.230624] firmadyne: sys_socket[PID: 106 (klogd)]: family:1, type:1, protocol:0
[   16.231842] firmadyne: sys_socket[PID: 106 (klogd)]: family:1, type:2, protocol:0
: Key: 4111026e
sem_get: Key: 4111026e
[   16.237596] firmadyne: ioctl: 0xc0207223
[   16.239060] firmadyne: ioctl: 0xc0207223
[   16.240505] firmadyne: ioctl: 0xc0207223
[   16.242711] firmadyne: sys_socket[PID: 106 (klogd)]: family:1, type:1, protocol:0
[   16.243925] firmadyne: sys_socket[PID: 106 (klogd)]: family:1, type:2, protocol:0
nvram_set: lan_bipaddr = "192.168.0.255"
sem_get: Key: [   16.250513] firmadyne: ioctl: 0xc0207223
[   16.252035] firmadyne: ioctl: 0xc0207223
[   16.254662] firmadyne: sys_socket[PID: 106 (klogd)]: family:1, type:1, protocol:0
[   16.255937] firmadyne: sys_socket[PID: 106 (klogd)]: family:1, type:2, protocol:0
4111026e
sem_get: Key: 4111026e
[   16.261864] firmadyne: ioctl: 0xc0207223
[   16.263381] firmadyne: ioctl: 0xc0207223
[   16.265041] firmadyne: ioctl: 0xc0207223
[   16.267106] firmadyne: sys_socket[PID: 106 (klogd)]: family:1, type:1, protocol:0
[   16.268370] firmadyne: sys_socket[PID: 106 (klogd)]: family:1, type:2, protocol:0
nvram_set: lan_netmask = "255.255.255.0"
[   16.274199] firmadyne: ioctl: 0xc0207223
[   16.275654] firmadyne: ioctl: 0xc0207223
[   16.279085] firmadyne: sys_socket[PID: 106 (klogd)]: family:1, type:1, protocol:0
[   16.280360] firmadyne: sys_socket[PID: 106 (klogd)]: family:1, type:2, protocol:0
sem_get: Key: 4111026e
sem_get: Key: 4111026e
[   16.285487] firmadyne: ioctl: 0xc0207223
[   16.287047] firmadyne: ioctl: 0xc0207223
[   16.288553] firmadyne: ioctl: 0xc0207223
[   16.291254] firmadyne: sys_socket[PID: 106 (klogd)]: family:1, type:1, protocol:0
[   16.292609] firmadyne: sys_socket[PID: 106 (klogd)]: family:1, type:2, protocol:0
nvram_set: time_zone = "PST8PDT[   16.298192] firmadyne: ioctl: 0xc0207223
[   16.299650] firmadyne: ioctl: 0xc0207223
[   16.301375] cfg80211: Calling CRDA to update world regulatory domain
"
sem_get: Key: 4111026e
[   16.307156] firmadyne: sys_socket[PID: 106 (klogd)]: family:1, type:1, protocol:0
[   16.308431] firmadyne: sys_socket[PID: 106 (klogd)]: family:1, type:2, protocol:0
sem_get: Key: 4111026e
[   16.313322] firmadyne: ioctl: 0xc0207223
[   16.314862] firmadyne: ioctl: 0xc0207223
[   16.316374] firmadyne: ioctl: 0xc0207223
nvram_set: wan_hwaddr_def = "01:23:45:67:89:ab"
sem_get: Key: 4111026e
[   16.334336] firmadyne: ioctl: 0xc0207223
[   16.335873] firmadyne: ioctl: 0xc0207223
sem_get: Key: 4111026e
[   16.341675] firmadyne: ioctl: 0xc0207223
[   16.343180] firmadyne: ioctl: 0xc0207223
[   16.344681] firmadyne: ioctl: 0xc0207223
nvram_set: wan_ifname = "eth0"
sem_get: Key: 4111026e
[   16.350658] firmadyne: ioctl: 0xc0207223
[   16.352160] firmadyne: ioctl: 0xc0207223
[   16.353505] firmadyne: sys_socket[PID: 106 (klogd)]: family:1, type:1, protocol:0
[   16.354814] firmadyne: sys_socket[PID: 106 (klogd)]: family:1, type:2, protocol:0
sem_get: Key: 4111026e
nvram_set[   16.362205] firmadyne: ioctl: 0xc0207223
[   16.363740] firmadyne: ioctl: 0xc0207223
[   16.365940] firmadyne: sys_socket[PID: 106 (klogd)]: family:1, type:1, protocol:0
[   16.367285] firmadyne: sys_socket[PID: 106 (klogd)]: family:1, type:2, protocol:0
: lan_ifnames = "eth1 eth2 eth3 eth4"
sem_get: Key: 4111026e
[   16.373508] firmadyne: ioctl: 0xc0207223
[   16.375079] firmadyne: ioctl: 0xc0207223
[   16.376589] firmadyne: ioctl: 0xc0207223
[   16.378337] firmadyne: sys_socket[PID: 106 (klogd)]: family:1, type:1, protocol:0
[   16.379693] firmadyne: sys_socket[PID: 106 (klogd)]: family:1, type:2, protocol:0
sem_get: Key: 4111026e
[   16.386598] firmadyne: ioctl: 0xc0207223
[   16.388117] firmadyne: ioctl: 0xc0207223
[   16.390528] firmadyne: sys_socket[PID: 106 (klogd)]: family:1, type:1, protocol:0
[   16.391826] firmadyne: sys_socket[PID: 106 (klogd)]: family:1, type:2, protocol:0
nvram_set: ethConver = "1"
sem_get: Key: 4111026e
[   16.398068] firmadyne: ioctl: 0xc0207223
[   16.399543] firmadyne: ioctl: 0xc0207223
[   16.402679] firmadyne: sys_socket[PID: 106 (klogd)]: family:1, type:1, protocol:0
[   16.403981] firmadyne: sys_socket[PID: 106 (klogd)]: family:1, type:2, protocol:0
sem_get: Key: 4111026e
[   16.409279] firmadyne: ioctl: 0xc0207223
[   16.410859] firmadyne: ioctl: 0xc0207223
[   16.412371] firmadyne: ioctl: 0xc0207223
[   16.414888] firmadyne: sys_socket[PID: 106 (klogd)]: family:1, type:1, protocol:0
[   16.416187] firmadyne: sys_socket[PID: 106 (klogd)]: family:1, type:2, protocol:0
nvram_set: lan_proto = "dhcp"
sem_get: Key: 4111026e
[   16.422267] firmadyne: ioctl: 0xc0207223
[   16.423784] firmadyne: ioctl: 0xc0207223
[   16.427074] firmadyne: sys_socket[PID: 106 (klogd)]: family:1, type:1, protocol:0
[   16.428365] firmadyne: sys_socket[PID: 106 (klogd)]: family:1, type:2, protocol:0
sem_get: Key: 4111026e
[   16.433585] firmadyne: ioctl: 0xc0207223
[   16.435109] firmadyne: ioctl: 0xc0207223
[   16.436618] firmadyne: ioctl: 0xc0207223
[   16.439375] firmadyne: sys_socket[PID: 106 (klogd)]: family:1, type:1, protocol:0
[   16.440676] firmadyne: sys_socket[PID: 106 (klogd)]: family:1, type:2, protocol:0
nvram_set: wan_ipaddr = "0.0.0.0"
sem_get[   16.446363] firmadyne: ioctl: 0xc0207223
[   16.447871] firmadyne: ioctl: 0xc0207223
: Key: 4111026e
sem_get: Key: 4111026e
[   16.455080] firmadyne: sys_socket[PID: 106 (klogd)]: family:1, type:1, protocol:0
[   16.456374] firmadyne: sys_socket[PID: 106 (klogd)]: family:1, type:2, protocol:0
[   16.458053] firmadyne: ioctl: 0xc0207223
[   16.459609] firmadyne: ioctl: 0xc0207223
nvram_set: wan_netmask = "255.255.255.0"
sem_get: Key: [   16.467279] firmadyne: sys_socket[PID: 106 (klogd)]: family:1, type:1, protocol:0
[   16.468566] firmadyne: sys_socket[PID: 106 (klogd)]: family:1, type:2, protocol:0
[   16.469897] firmadyne: ioctl: 0xc0207223
[   16.471493] firmadyne: ioctl: 0xc0207223
4111026e
sem_get: Key: 4111026e
[   16.479044] firmadyne: sys_socket[PID: 106 (klogd)]: family:1, type:1, protocol:0
[   16.480340] firmadyne: sys_socket[PID: 106 (klogd)]: family:1, type:2, protocol:0
[   16.481650] firmadyne: ioctl: 0xc0207223
[   16.483232] firmadyne: ioctl: 0xc0207223
[   16.484687] firmadyne: ioctl: 0xc0207223
nvram_set: wanif = "eth0"
sem_get[   16.490976] firmadyne: sys_socket[PID: 106 (klogd)]: family:1, type:1, protocol:0
[   16.492189] firmadyne: sys_socket[PID: 106 (klogd)]: family:1, type:2, protocol:0
[   16.494418] firmadyne: ioctl: 0xc0207223
[   16.495927] firmadyne: ioctl: 0xc0207223
: Key: 4111026e
sem_get: Key: 4111026e
[   16.503039] firmadyne: sys_socket[PID: 106 (klogd)]: family:1, type:1, protocol:0
[   16.504321] firmadyne: sys_socket[PID: 106 (klogd)]: family:1, type:2, protocol:0
[   16.506057] firmadyne: ioctl: 0xc0207223
[   16.507541] firmadyne: ioctl: 0xc0207223
nvram_set: time_zone_x = "0"
sem_get[   16.515041] firmadyne: sys_socket[PID: 106 (klogd)]: family:1, type:1, protocol:0
[   16.516339] firmadyne: sys_socket[PID: 106 (klogd)]: family:1, type:2, protocol:0
[   16.517570] firmadyne: ioctl: 0xc0207223
[   16.519151] firmadyne: ioctl: 0xc0207223
[   16.520663] firmadyne: ioctl: 0xc0207223
: Key: 4111026e
sem_get: Key: 4111026e
[   16.526282] firmadyne: ioctl: 0xc0207223
[   16.527808] firmadyne: ioctl: 0xc0207223
[   16.531083] firmadyne: sys_socket[PID: 106 (klogd)]: family:1, type:1, protocol:0
[   16.532334] firmadyne: sys_socket[PID: 106 (klogd)]: family:1, type:2, protocol:0
nvram_set: rip_multicast = "0"
[   16.537608] firmadyne: ioctl: 0xc0207223
[   16.539084] firmadyne: ioctl: 0xc0207223
[   16.540560] firmadyne: ioctl: 0xc0207223
[   16.543320] firmadyne: sys_socket[PID: 106 (klogd)]: family:1, type:1, protocol:0
[   16.544608] firmadyne: sys_socket[PID: 106 (klogd)]: family:1, type:2, protocol:0
sem_get: Key: 4111026e
sem_get: Key: [   16.550433] firmadyne: ioctl: 0xc0207223
[   16.551968] firmadyne: ioctl: 0xc0207223
4111026e
nvram_set: bs_trustedip_enable = "0[   16.559207] firmadyne: sys_socket[PID: 106 (klogd)]: family:1, type:1, protocol:0
[   16.560517] firmadyne: sys_socket[PID: 106 (klogd)]: family:1, type:2, protocol:0
[   16.562320] firmadyne: ioctl: 0xc0207223
[   16.563849] firmadyne: ioctl: 0xc0207223
"
sem_get: Key: 4111026e
sem_get: Key: 4111026e[   16.572019] firmadyne: sys_socket[PID: 106 (klogd)]: family:1, type:1, protocol:0
[   16.573725] firmadyne: ioctl: 0xc0207223
[   16.575237] firmadyne: ioctl: 0xc0207223
[   16.576742] firmadyne: ioctl: 0xc0207223
[   16.578002] firmadyne: sys_socket[PID: 106 (klogd)]: family:1, type:2, protocol:0
[   16.580725] firmadyne: sys_socket[PID: 106 (klogd)]: family:1, type:1, protocol:0

nvram_set: et0macaddr[   16.586300] firmadyne: ioctl: 0xc0207223
[   16.587802] firmadyne: ioctl: 0xc0207223
 = "01:23:45:67:89:ab"
sem_get: Key: 4111026e
sem_get[   16.594012] firmadyne: sys_socket[PID: 106 (klogd)]: family:1, type:2, protocol:0
[   16.596645] firmadyne: sys_socket[PID: 106 (klogd)]: family:1, type:1, protocol:0
[   16.598251] firmadyne: ioctl: 0xc0207223
[   16.599783] firmadyne: ioctl: 0xc0207223
: Key: 4111026e
nvram_set: filter_rule_tbl = "[   16.605787] firmadyne: sys_socket[PID: 106 (klogd)]: family:1, type:2, protocol:0
[   16.608395] firmadyne: sys_socket[PID: 106 (klogd)]: family:1, type:1, protocol:0
[   16.609985] firmadyne: ioctl: 0xc0207223
[   16.611526] firmadyne: ioctl: 0xc0207223
"
sem_get: Key: 4111026e
sem_get: Key: 4111026e
[   16.618031] firmadyne: sys_socket[PID: 106 (klogd)]: family:1, type:2, protocol:0
[   16.620617] firmadyne: sys_socket[PID: 106 (klogd)]: family:1, type:1, protocol:0
[   16.621896] firmadyne: ioctl: 0xc0207223
[   16.623445] firmadyne: ioctl: 0xc0207223
nvram_set: pppoe2_schedule_config = "127:0:0:23:59"
[   16.629635] firmadyne: sys_socket[PID: 106 (klogd)]: family:1, type:2, protocol:0
[   16.632117] firmadyne: sys_socket[PID: 106 (klogd)]: family:1, type:1, protocol:0
[   16.633344] firmadyne: ioctl: 0xc0207223
[   16.634906] firmadyne: ioctl: 0xc0207223
[   16.636415] firmadyne: ioctl: 0xc0207223
sem_get: Key: 4111026e
sem_get: Key: 4111026e
[   16.641696] firmadyne: sys_socket[PID: 106 (klogd)]: family:1, type:2, protocol:0
[   16.644382] firmadyne: sys_socket[PID: 106 (klogd)]: family:1, type:1, protocol:0
[   16.646576] firmadyne: ioctl: 0xc0207223
[   16.648072] firmadyne: ioctl: 0xc0207223
nvram_set: schedule_config = "127:0:0:23:59"
[   16.653701] firmadyne: sys_socket[PID: 106 (klogd)]: family:1, type:2, protocol:0
[   16.656348] firmadyne: sys_socket[PID: 106 (klogd)]: family:1, type:1, protocol:0
[   16.658232] firmadyne: ioctl: 0xc0207223
[   16.659727] firmadyne: ioctl: 0xc0207223
sem_get: Key: 4111026e
sem_get: Key: 4111026e
[   16.666044] firmadyne: sys_socket[PID: 106 (klogd)]: family:1, type:2, protocol:0
[   16.668606] firmadyne: sys_socket[PID: 106 (klogd)]: family:1, type:1, protocol:0
[   16.669876] firmadyne: ioctl: 0xc0207223
[   16.671423] firmadyne: ioctl: 0xc0207223
nvram_set: access_control_mode = "0"
[   16.677227] firmadyne: ioctl: 0xc0207223
[   16.678812] firmadyne: ioctl: 0xc0207223
[   16.680313] firmadyne: ioctl: 0xc0207223
[   16.681717] firmadyne: sys_socket[PID: 106 (klogd)]: family:1, type:2, protocol:0
[   16.684302] firmadyne: sys_socket[PID: 106 (klogd)]: family:1, type:1, protocol:0
sem_get: Key: 4111026e
sem_get: Key: 4111026e
[   16.690519] firmadyne: ioctl: 0xc0207223
[   16.692011] firmadyne: ioctl: 0xc0207223
[   16.693728] firmadyne: sys_socket[PID: 106 (klogd)]: family:1, type:2, protocol:0
[   16.696345] firmadyne: sys_socket[PID: 106 (klogd)]: family:1, type:1, protocol:0
nvram_set: fwpt_df_count = "0"
[   16.701906] firmadyne: ioctl: 0xc0207223
[   16.703410] firmadyne: ioctl: 0xc0207223
[   16.705067] firmadyne: ioctl: 0xc0207223
[   16.706226] firmadyne: sys_socket[PID: 106 (klogd)]: family:1, type:2, protocol:0
[   16.708901] firmadyne: sys_socket[PID: 106 (klogd)]: family:1, type:1, protocol:0
sem_get: Key: 4111026e
sem_get: Key: [   16.714486] firmadyne: ioctl: 0xc0207223
[   16.715962] firmadyne: ioctl: 0xc0207223
[   16.717729] firmadyne: sys_socket[PID: 106 (klogd)]: family:1, type:2, protocol:0
[   16.720342] firmadyne: sys_socket[PID: 106 (klogd)]: family:1, type:1, protocol:0
4111026e
nvram_set: static_if_status = "[   16.725987] firmadyne: ioctl: 0xc0207223
[   16.727511] firmadyne: ioctl: 0xc0207223
[   16.729702] firmadyne: sys_socket[PID: 106 (klogd)]: family:1, type:2, protocol:0
[   16.732327] firmadyne: sys_socket[PID: 106 (klogd)]: family:1, type:1, protocol:0
1"
sem_get: Key: 4111026e
sem_get[   16.737404] firmadyne: ioctl: 0xc0207223
[   16.738970] firmadyne: ioctl: 0xc0207223
[   16.740453] firmadyne: ioctl: 0xc0207223
[   16.741689] firmadyne: sys_socket[PID: 106 (klogd)]: family:1, type:2, protocol:0
[   16.744343] firmadyne: sys_socket[PID: 106 (klogd)]: family:1, type:1, protocol:0
: Key: 4111026e
nvram_set: www_relocation[   16.750436] firmadyne: ioctl: 0xc0207223
[   16.751947] firmadyne: ioctl: 0xc0207223
[   16.753681] firmadyne: sys_socket[PID: 106 (klogd)]: family:1, type:2, protocol:0
[   16.756301] firmadyne: sys_socket[PID: 106 (klogd)]: family:1, type:1, protocol:0
 = ""
sem_get: Key: 4111026e
sem_get: Key: [   16.762023] firmadyne: ioctl: 0xc0207223
[   16.763542] firmadyne: ioctl: 0xc0207223
4111026e
nvram_set: usb_info_dev0 = "[   16.770861] firmadyne: sys_socket[PID: 106 (klogd)]: family:1, type:2, protocol:0
[   16.773348] firmadyne: ioctl: 0xc0207223
[   16.774893] firmadyne: ioctl: 0xc0207223
[   16.776424] firmadyne: ioctl: 0xc0207223
[   16.777780] firmadyne: sys_socket[PID: 106 (klogd)]: family:1, type:1, protocol:0
[   16.779109] firmadyne: sys_socket[PID: 106 (klogd)]: family:1, type:2, protocol:0
A200396E0402FF83@1@14.4G@U@1@USB_Storage;U:;0;0@"
sem_get: Key: 4111026e
sem_get: Key: [   16.786520] firmadyne: ioctl: 0xc0207223
[   16.788025] firmadyne: ioctl: 0xc0207223
[   16.789963] firmadyne: sys_socket[PID: 106 (klogd)]: family:1, type:1, protocol:0
[   16.791300] firmadyne: sys_socket[PID: 106 (klogd)]: family:1, type:2, protocol:0
4111026e
nvram_set: usb_info_dev1 = "[   16.797858] firmadyne: ioctl: 0xc0207223
[   16.799394] firmadyne: ioctl: 0xc0207223
[   16.802184] firmadyne: sys_socket[PID: 106 (klogd)]: family:1, type:1, protocol:0
[   16.803515] firmadyne: sys_socket[PID: 106 (klogd)]: family:1, type:2, protocol:0
A200396E0402FF83@1@14.4G@U@1@USB_Storage;U:;0;0@"
sem_get: Key: 4111026e
sem_get[   16.809463] firmadyne: ioctl: 0xc0207223
[   16.811043] firmadyne: ioctl: 0xc0207223
[   16.812535] firmadyne: ioctl: 0xc0207223
[   16.814531] firmadyne: sys_socket[PID: 106 (klogd)]: family:1, type:1, protocol:0
[   16.815816] firmadyne: sys_socket[PID: 106 (klogd)]: family:1, type:2, protocol:0
: Key: 4111026e
nvram_set: usb_info_dev2[   16.822262] firmadyne: ioctl: 0xc0207223
[   16.823752] firmadyne: ioctl: 0xc0207223
[   16.826665] firmadyne: sys_socket[PID: 106 (klogd)]: family:1, type:1, protocol:0
[   16.827947] firmadyne: sys_socket[PID: 106 (klogd)]: family:1, type:2, protocol:0
 = "A200396E0402FF83@1@14.4G@U@1@USB_Storage;U:;0;0@"
sem_get: Key: 4111026e
[   16.833583] firmadyne: ioctl: 0xc0207223
[   16.835120] firmadyne: ioctl: 0xc0207223
[   16.836635] firmadyne: ioctl: 0xc0207223
[   16.838966] firmadyne: sys_socket[PID: 106 (klogd)]: family:1, type:1, protocol:0
[   16.840264] firmadyne: sys_socket[PID: 106 (klogd)]: family:1, type:2, protocol:0
sem_get: Key: 4111026e
nvram_set[   16.846620] firmadyne: ioctl: 0xc0207223
[   16.848135] firmadyne: ioctl: 0xc0207223
[   16.851092] firmadyne: sys_socket[PID: 106 (klogd)]: family:1, type:1, protocol:0
[   16.852359] firmadyne: sys_socket[PID: 106 (klogd)]: family:1, type:2, protocol:0
: usb_info_dev3 = "A200396E0402FF83@1@14.4G@U@1@USB_Storage;U:;0;0@"
sem_get: Key: 4111026e
[   16.857968] firmadyne: ioctl: 0xc0207223
[   16.859469] firmadyne: ioctl: 0xc0207223
sem_get: Key: 4111026e
[   16.867057] firmadyne: sys_socket[PID: 106 (klogd)]: family:1, type:1, protocol:0
[   16.869847] firmadyne: ioctl: 0xc0207223
[   16.872976] firmadyne: ioctl: 0xc0207223
nvram_set: usb_info_dev4 = "A200396E0402FF83@1@14.4G@U@1@USB_Storage;U:;0;0@"
sem_get[   16.877529] firmadyne: sys_socket[PID: 106 (klogd)]: family:1, type:2, protocol:0
[   16.879998] firmadyne: sys_socket[PID: 106 (klogd)]: family:1, type:1, protocol:0
[   16.882430] firmadyne: ioctl: 0xc0207223
[   16.883885] firmadyne: ioctl: 0xc0207223
: Key: 4111026e
sem_get: Key: 4111026e
[   16.889349] firmadyne: sys_socket[PID: 106 (klogd)]: family:1, type:2, protocol:0
[   16.891911] firmadyne: sys_socket[PID: 106 (klogd)]: family:1, type:1, protocol:0
[   16.893859] firmadyne: ioctl: 0xc0207223
[   16.895384] firmadyne: ioctl: 0xc0207223
[   16.897079] firmadyne: ioctl: 0xc0207223
nvram_set: usb_info_dev5 = "A200396E0402FF83@1@14.4G@U@1@USB_Storage;U:;0;0@"
[   16.901720] firmadyne: sys_socket[PID: 106 (klogd)]: family:1, type:2, protocol:0
[   16.904395] firmadyne: sys_socket[PID: 106 (klogd)]: family:1, type:1, protocol:0
[   16.906687] firmadyne: ioctl: 0xc0207223
[   16.908202] firmadyne: ioctl: 0xc0207223
sem_get: Key: 4111026e
sem_get: Key: 4111026e
[   16.913767] firmadyne: sys_socket[PID: 106 (klogd)]: family:1, type:2, protocol:0
[   16.916485] firmadyne: sys_socket[PID: 106 (klogd)]: family:1, type:1, protocol:0
[   16.918653] firmadyne: ioctl: 0xc0207223
[   16.920171] firmadyne: ioctl: 0xc0207223
nvram_set: usb_info_dev6 = "A200396E0402FF83@1@14.4G@U@1@USB_Storage;U:;0;0@"
[   16.925909] firmadyne: sys_socket[PID: 106 (klogd)]: family:1, type:2, protocol:0
[   16.928565] firmadyne: sys_socket[PID: 106 (klogd)]: family:1, type:1, protocol:0
[   16.930593] firmadyne: ioctl: 0xc0207223
[   16.932110] firmadyne: ioctl: 0xc0207223
sem_get: Key: 4111026e
sem_get: Key: 4111026e
[   16.938082] firmadyne: ioctl: 0xc0207223
[   16.939605] firmadyne: ioctl: 0xc0207223
[   16.941855] firmadyne: sys_socket[PID: 106 (klogd)]: family:1, type:2, protocol:0
[   16.944464] firmadyne: sys_socket[PID: 106 (klogd)]: family:1, type:1, protocol:0
nvram_set: usb_info_dev7 = "A200396E0402FF83@1@14.4G@U@1@USB_Storage;U:;0;0@[   16.949628] firmadyne: ioctl: 0xc0207223
[   16.951195] firmadyne: ioctl: 0xc0207223
[   16.952687] firmadyne: ioctl: 0xc0207223
[   16.954018] firmadyne: sys_socket[PID: 106 (klogd)]: family:1, type:2, protocol:0
[   16.956577] firmadyne: sys_socket[PID: 106 (klogd)]: family:1, type:1, protocol:0
"
sem_get: Key: 4111026e
sem_get[   16.962399] firmadyne: ioctl: 0xc0207223
[   16.963926] firmadyne: ioctl: 0xc0207223
[   16.965668] firmadyne: sys_socket[PID: 106 (klogd)]: family:1, type:2, protocol:0
[   16.968146] firmadyne: sys_socket[PID: 106 (klogd)]: family:1, type:1, protocol:0
: Key: 4111026e
[   16.973688] firmadyne: ioctl: 0xc0207223
[   16.975195] firmadyne: ioctl: 0xc0207223
[   16.976714] firmadyne: ioctl: 0xc0207223
[   16.978024] firmadyne: sys_socket[PID: 106 (klogd)]: family:1, type:2, protocol:0
[   16.980632] firmadyne: sys_socket[PID: 106 (klogd)]: family:1, type:1, protocol:0
nvram_set: usb_info_dev8 = "A200396E0402FF83@1@14.4G@U@1@USB_Storage;U:;0;0@"
sem_get: Key: [   16.986307] firmadyne: ioctl: 0xc0207223
[   16.987824] firmadyne: ioctl: 0xc0207223
4111026e
sem_get: Key: 4111026e
[   16.993690] firmadyne: sys_socket[PID: 106 (klogd)]: family:1, type:2, protocol:0
[   16.996277] firmadyne: sys_socket[PID: 106 (klogd)]: family:1, type:1, protocol:0
[   16.998635] firmadyne: ioctl: 0xc0207223
[   17.000174] firmadyne: ioctl: 0xc0207223
nvram_set: usb_info_dev9 = "A200396E0402FF83@1@14.4G@U@1@USB_Storage;U:;0;0@"
sem_get[   17.005949] firmadyne: sys_socket[PID: 106 (klogd)]: family:1, type:2, protocol:0
[   17.008586] firmadyne: sys_socket[PID: 106 (klogd)]: family:1, type:1, protocol:0
[   17.010527] firmadyne: ioctl: 0xc0207223
[   17.012037] firmadyne: ioctl: 0xc0207223
: Key: 4111026e
sem_get: Key: 4111026e
[   17.017701] firmadyne: sys_socket[PID: 106 (klogd)]: family:1, type:2, protocol:0
[   17.020387] firmadyne: sys_socket[PID: 106 (klogd)]: family:1, type:1, protocol:0
[   17.022265] firmadyne: ioctl: 0xc0207223
[   17.023783] firmadyne: ioctl: 0xc0207223
nvram_set: usb_info_dev10 = "A200396E0402FF83@1@14.4G@U@1@USB_Storage;U:;0;0@"
[   17.029693] firmadyne: sys_socket[PID: 106 (klogd)]: family:1, type:2, protocol:0
[   17.032256] firmadyne: sys_socket[PID: 106 (klogd)]: family:1, type:1, protocol:0
[   17.033838] firmadyne: ioctl: 0xc0207223
[   17.035359] firmadyne: ioctl: 0xc0207223
[   17.037033] firmadyne: ioctl: 0xc0207223
sem_get: Key: 4111026e
sem_get: Key: 4111026e[   17.041922] firmadyne: sys_socket[PID: 106 (klogd)]: family:1, type:2, protocol:0
[   17.044578] firmadyne: sys_socket[PID: 106 (klogd)]: family:1, type:1, protocol:0
[   17.046848] firmadyne: ioctl: 0xc0207223
[   17.048376] firmadyne: ioctl: 0xc0207223

nvram_set: usb_info_dev11 = "A200396E0402FF83@1@14.4G@U@1@USB_Storage;U:;0;0@[   17.054476] firmadyne: ioctl: 0xc0207223
[   17.055998] firmadyne: ioctl: 0xc0207223
[   17.057699] firmadyne: sys_socket[PID: 106 (klogd)]: family:1, type:2, protocol:0
[   17.060278] firmadyne: sys_socket[PID: 106 (klogd)]: family:1, type:1, protocol:0
"
sem_get: Key: 4111026e
sem_get: Key: [   17.066018] firmadyne: ioctl: 0xc0207223
[   17.067590] firmadyne: ioctl: 0xc0207223
[   17.069859] firmadyne: sys_socket[PID: 106 (klogd)]: family:1, type:2, protocol:0
[   17.072433] firmadyne: sys_socket[PID: 106 (klogd)]: family:1, type:1, protocol:0
4111026e
nvram_set: usb_info_dev12[   17.077371] firmadyne: ioctl: 0xc0207223
[   17.078995] firmadyne: ioctl: 0xc0207223
[   17.080521] firmadyne: ioctl: 0xc0207223
[   17.081865] firmadyne: sys_socket[PID: 106 (klogd)]: family:1, type:2, protocol:0
[   17.084523] firmadyne: sys_socket[PID: 106 (klogd)]: family:1, type:1, protocol:0
 = "A200396E0402FF83@1@14.4G@U@1@USB_Storage;U:;0;0@"
sem_get: Key: 4111026e
[   17.090296] firmadyne: ioctl: 0xc0207223
[   17.091824] firmadyne: ioctl: 0xc0207223
sem_get: Key: 4111026e
[   17.097690] firmadyne: sys_socket[PID: 106 (klogd)]: family:1, type:2, protocol:0
[   17.100319] firmadyne: sys_socket[PID: 106 (klogd)]: family:1, type:1, protocol:0
[   17.101869] firmadyne: ioctl: 0xc0207223
[   17.103333] firmadyne: ioctl: 0xc0207223
[   17.104824] firmadyne: ioctl: 0xc0207223
nvram_set: usb_info_dev13 = "A200396E0402FF83@1@14.4G@U@1@USB_Storage;U:;0;0@"
sem_get: Key: 4111026e
[   17.109883] firmadyne: sys_socket[PID: 106 (klogd)]: family:1, type:2, protocol:0
[   17.112456] firmadyne: sys_socket[PID: 106 (klogd)]: family:1, type:1, protocol:0
[   17.114728] firmadyne: ioctl: 0xc0207223
[   17.116259] firmadyne: ioctl: 0xc0207223
sem_get: Key: 4111026e
[   17.121709] firmadyne: sys_socket[PID: 106 (klogd)]: family:1, type:2, protocol:0
[   17.124295] firmadyne: sys_socket[PID: 106 (klogd)]: family:1, type:1, protocol:0
[   17.126381] firmadyne: ioctl: 0xc0207223
[   17.127908] firmadyne: ioctl: 0xc0207223
nvram_set: usb_info_dev14 = "A200396E0402FF83@1@14.4G@U@1@USB_Storage;U:;0;0@"
sem_get: Key: 4111026e
[   17.133989] firmadyne: sys_socket[PID: 106 (klogd)]: family:1, type:2, protocol:0
[   17.136588] firmadyne: sys_socket[PID: 106 (klogd)]: family:1, type:1, protocol:0
[   17.138548] firmadyne: ioctl: 0xc0207223
[   17.140098] firmadyne: ioctl: 0xc0207223
sem_get: Key: 4111026e
[   17.145714] firmadyne: sys_socket[PID: 106 (klogd)]: family:1, type:2, protocol:0
[   17.149952] firmadyne: ioctl: 0xc0207223
[   17.151496] firmadyne: ioctl: 0xc0207223
nvram_set: usb_info_dev15 = "A200396E0402FF83@1@14.4G@U@1@USB_Storage;U:;0;0@"
sem_get: Key: 4111026e[   17.166678] firmadyne: ioctl: 0xc0207223
[   17.168234] firmadyne: ioctl: 0xc0207223
[   17.171075] firmadyne: ioctl: 0xc0207223
[   17.172608] firmadyne: ioctl: 0xc0207223

sem_get: Key: 4111026e
[   17.178312] firmadyne: ioctl: 0xc0207223
[   17.179852] firmadyne: ioctl: 0xc0207223
nvram_set: usb_info_dev16 = "A200396E0402FF83@1@14.4G@U@1@USB_Storage;U:;0;0@"
sem_get[   17.185734] firmadyne: sys_socket[PID: 106 (klogd)]: family:1, type:1, protocol:0
[   17.187039] firmadyne: sys_socket[PID: 106 (klogd)]: family:1, type:2, protocol:0
[   17.189714] firmadyne: ioctl: 0xc0207223
[   17.191229] firmadyne: ioctl: 0xc0207223
[   17.192732] firmadyne: ioctl: 0xc0207223
: Key: 4111026e
sem_get: Key: 4111026e
[   17.197894] firmadyne: sys_socket[PID: 106 (klogd)]: family:1, type:1, protocol:0
[   17.199209] firmadyne: sys_socket[PID: 106 (klogd)]: family:1, type:2, protocol:0
[   17.202294] firmadyne: ioctl: 0xc0207223
[   17.203811] firmadyne: ioctl: 0xc0207223
nvram_set: usb_info_dev17 = "A200396E0402FF83@1@14.4G@U@1@USB_Storage;U:;0;0@"
[   17.210024] firmadyne: sys_socket[PID: 106 (klogd)]: family:1, type:1, protocol:0
[   17.211380] firmadyne: sys_socket[PID: 106 (klogd)]: family:1, type:2, protocol:0
[   17.213785] firmadyne: ioctl: 0xc0207223
[   17.215322] firmadyne: ioctl: 0xc0207223
[   17.216831] firmadyne: ioctl: 0xc0207223
sem_get: Key: 4111026e
sem_get: Key: [   17.222282] firmadyne: sys_socket[PID: 106 (klogd)]: family:1, type:1, protocol:0
[   17.223619] firmadyne: sys_socket[PID: 106 (klogd)]: family:1, type:2, protocol:0
4111026e
nvram_set: usb_info_dev18 = "A200396E0402FF83@1@14.4G@U@1@USB_Storage;U:;0;0@[   17.230746] firmadyne: ioctl: 0xc0207223
[   17.232255] firmadyne: ioctl: 0xc0207223
[   17.234525] firmadyne: sys_socket[PID: 106 (klogd)]: family:1, type:1, protocol:0
[   17.235767] firmadyne: sys_socket[PID: 106 (klogd)]: family:1, type:2, protocol:0
[   17.238106] firmadyne: ioctl: 0xc0207223
[   17.239593] firmadyne: ioctl: 0xc0207223
"
sem_get: Key: 4111026e
sem_get: Key: [   17.246660] firmadyne: sys_socket[PID: 106 (klogd)]: family:1, type:1, protocol:0
[   17.247959] firmadyne: sys_socket[PID: 106 (klogd)]: family:1, type:2, protocol:0
[   17.249622] firmadyne: ioctl: 0xc0207223
[   17.251165] firmadyne: ioctl: 0xc0207223
[   17.252662] firmadyne: ioctl: 0xc0207223
4111026e
nvram_set: usb_info_dev19[   17.258658] firmadyne: sys_socket[PID: 106 (klogd)]: family:1, type:1, protocol:0
[   17.259954] firmadyne: sys_socket[PID: 106 (klogd)]: family:1, type:2, protocol:0
[   17.262603] firmadyne: ioctl: 0xc0207223
[   17.264085] firmadyne: ioctl: 0xc0207223
 = "A200396E0402FF83@1@14.4G@U@1@USB_Storage;U:;0;0@"
sem_get: Key: 4111026e
[   17.269937] firmadyne: ioctl: 0xc0207223
[   17.271434] firmadyne: ioctl: 0xc0207223
[   17.274764] firmadyne: sys_socket[PID: 106 (klogd)]: family:1, type:1, protocol:0
[   17.276031] firmadyne: sys_socket[PID: 106 (klogd)]: family:1, type:2, protocol:0
sem_get: Key: 4111026e
nvram_set: [   17.282964] firmadyne: sys_socket[PID: 106 (klogd)]: family:1, type:1, protocol:0
[   17.284222] firmadyne: sys_socket[PID: 106 (klogd)]: family:1, type:2, protocol:0
[   17.285382] firmadyne: ioctl: 0xc0207223
[   17.286941] firmadyne: ioctl: 0xc0207223
[   17.288442] firmadyne: ioctl: 0xc0207223
usb_info_dev20 = "A200396E0402FF83@1@14.4G@U@1@USB_Storage;U:;0;0@"
sem_get: Key: 4111026e
[   17.294310] firmadyne: ioctl: 0xc0207223
[   17.295834] firmadyne: ioctl: 0xc0207223
[   17.299073] firmadyne: sys_socket[PID: 106 (klogd)]: family:1, type:1, protocol:0
[   17.300359] firmadyne: sys_socket[PID: 106 (klogd)]: family:1, type:2, protocol:0
sem_get: Key: 4111026e
[   17.305648] firmadyne: ioctl: 0xc0207223
[   17.307185] firmadyne: ioctl: 0xc0207223
[   17.308668] firmadyne: ioctl: 0xc0207223
nvram_set: usb_info_dev21 = "A200396E0402FF83@1@14.4G@U@1@USB_Storage;U:;0;0@"
sem_get: Key: 4111026e
[   17.315035] firmadyne: sys_socket[PID: 106 (klogd)]: family:1, type:1, protocol:0
[   17.316309] firmadyne: sys_socket[PID: 106 (klogd)]: family:1, type:2, protocol:0
sem_get: Key: 4111026e
[   17.322304] firmadyne: ioctl: 0xc0207223
[   17.323835] firmadyne: ioctl: 0xc0207223
[   17.327036] firmadyne: sys_socket[PID: 106 (klogd)]: family:1, type:1, protocol:0
[   17.328291] firmadyne: sys_socket[PID: 106 (klogd)]: family:1, type:2, protocol:0
nvram_set: usb_info_dev22 = "A200396E0402FF83@1@14.4G@U@1@USB_Storage;U:;0;0@"
sem_get[   17.333839] firmadyne: ioctl: 0xc0207223
[   17.335368] firmadyne: ioctl: 0xc0207223
[   17.337052] firmadyne: ioctl: 0xc0207223
[   17.339624] firmadyne: sys_socket[PID: 106 (klogd)]: family:1, type:1, protocol:0
[   17.340927] firmadyne: sys_socket[PID: 106 (klogd)]: family:1, type:2, protocol:0
: Key: 4111026e
sem_get: Key: 4111026e[   17.346518] firmadyne: ioctl: 0xc0207223
[   17.348033] firmadyne: ioctl: 0xc0207223
[   17.351538] firmadyne: sys_socket[PID: 106 (klogd)]: family:1, type:1, protocol:0
[   17.352727] firmadyne: sys_socket[PID: 106 (klogd)]: family:1, type:2, protocol:0

nvram_set: usb_info_dev23 = "[   17.357709] firmadyne: ioctl: 0xc0207223
[   17.359031] firmadyne: ioctl: 0xc0207223
[   17.360350] firmadyne: ioctl: 0xc0207223
[   17.362773] firmadyne: sys_socket[PID: 106 (klogd)]: family:1, type:1, protocol:0
[   17.363900] firmadyne: sys_socket[PID: 106 (klogd)]: family:1, type:2, protocol:0
A200396E0402FF83@1@14.4G@U@1@USB_Storage;U:;0;0@"
sem_get: Key: 4111026e
sem_get: Key: [   17.370804] firmadyne: ioctl: 0xc0207223
[   17.372197] firmadyne: ioctl: 0xc0207223
[   17.374489] firmadyne: sys_socket[PID: 106 (klogd)]: family:1, type:1, protocol:0
[   17.375651] firmadyne: sys_socket[PID: 106 (klogd)]: family:1, type:2, protocol:0
4111026e
nvram_set: usb_info_dev24 = "A200396E0402FF83@1@14.4G@U@1@USB_Storage;U:;0;0@[   17.382349] firmadyne: ioctl: 0xc0207223
[   17.383786] firmadyne: ioctl: 0xc0207223
[   17.386227] firmadyne: sys_socket[PID: 106 (klogd)]: family:1, type:1, protocol:0
[   17.387433] firmadyne: sys_socket[PID: 106 (klogd)]: family:1, type:2, protocol:0
"
sem_get: Key: 4111026e
sem_get[   17.393679] firmadyne: ioctl: 0xc0207223
[   17.395141] firmadyne: ioctl: 0xc0207223
[   17.396579] firmadyne: ioctl: 0xc0207223
[   17.398364] firmadyne: sys_socket[PID: 106 (klogd)]: family:1, type:1, protocol:0
[   17.399622] firmadyne: sys_socket[PID: 106 (klogd)]: family:1, type:2, protocol:0
: Key: 4111026e
nvram_set: usb_info_dev25 = "[   17.406423] firmadyne: ioctl: 0xc0207223
[   17.407888] firmadyne: ioctl: 0xc0207223
[   17.410304] firmadyne: sys_socket[PID: 106 (klogd)]: family:1, type:1, protocol:0
[   17.411539] firmadyne: sys_socket[PID: 106 (klogd)]: family:1, type:2, protocol:0
A200396E0402FF83@1@14.4G@U@1@USB_Storage;U:;0;0@"
sem_get: Key: 4111026e
sem_get[   17.417721] firmadyne: ioctl: 0xc0207223
[   17.419184] firmadyne: ioctl: 0xc0207223
[   17.420627] firmadyne: ioctl: 0xc0207223
[   17.422491] firmadyne: sys_socket[PID: 106 (klogd)]: family:1, type:1, protocol:0
[   17.423734] firmadyne: sys_socket[PID: 106 (klogd)]: family:1, type:2, protocol:0
: Key: 4111026e
nvram_set: usb_info_dev26 = "[   17.430381] firmadyne: ioctl: 0xc0207223
[   17.431831] firmadyne: ioctl: 0xc0207223
[   17.434413] firmadyne: sys_socket[PID: 106 (klogd)]: family:1, type:1, protocol:0
[   17.435641] firmadyne: sys_socket[PID: 106 (klogd)]: family:1, type:2, protocol:0
A200396E0402FF83@1@14.4G@U@1@USB_Storage;U:;0;0@"
sem_get: Key: 4111026e
sem_get: Key: [   17.441827] firmadyne: ioctl: 0xc0207223
[   17.443290] firmadyne: ioctl: 0xc0207223
[   17.444727] firmadyne: ioctl: 0xc0207223
[   17.446819] firmadyne: sys_socket[PID: 106 (klogd)]: family:1, type:1, protocol:0
[   17.448056] firmadyne: sys_socket[PID: 106 (klogd)]: family:1, type:2, protocol:0
4111026e
nvram_set: usb_info_dev27 = "[   17.454272] firmadyne: ioctl: 0xc0207223
[   17.455792] firmadyne: ioctl: 0xc0207223
[   17.458865] firmadyne: sys_socket[PID: 106 (klogd)]: family:1, type:1, protocol:0
[   17.460091] firmadyne: sys_socket[PID: 106 (klogd)]: family:1, type:2, protocol:0
A200396E0402FF83@1@14.4G@U@1@USB_Storage;U:;0;0@"
sem_get: Key: 4111026e
sem_get[   17.465640] firmadyne: ioctl: 0xc0207223
[   17.467106] firmadyne: ioctl: 0xc0207223
[   17.468540] firmadyne: ioctl: 0xc0207223
[   17.470986] firmadyne: sys_socket[PID: 106 (klogd)]: family:1, type:1, protocol:0
[   17.472267] firmadyne: sys_socket[PID: 106 (klogd)]: family:1, type:2, protocol:0
: Key: 4111026e
nvram_set: usb_info_dev28[   17.478463] firmadyne: ioctl: 0xc0207223
[   17.479916] firmadyne: ioctl: 0xc0207223
[   17.482937] firmadyne: sys_socket[PID: 106 (klogd)]: family:1, type:1, protocol:0
[   17.484146] firmadyne: sys_socket[PID: 106 (klogd)]: family:1, type:2, protocol:0
 = "A200396E0402FF83@1@14.4G@U@1@USB_Storage;U:;0;0@"
sem_get: Key: 4111026e
[   17.489799] firmadyne: ioctl: 0xc0207223
[   17.491282] firmadyne: ioctl: 0xc0207223
[   17.492714] firmadyne: ioctl: 0xc0207223
[   17.495231] firmadyne: sys_socket[PID: 106 (klogd)]: family:1, type:1, protocol:0
[   17.496511] firmadyne: sys_socket[PID: 106 (klogd)]: family:1, type:2, protocol:0
sem_get: Key: 4111026e
[   17.502260] firmadyne: ioctl: 0xc0207223
[   17.503781] firmadyne: ioctl: 0xc0207223
nvram_set: usb_info_dev29 = "A200396E0402FF83@1@14.4G@U@1@USB_Storage;U:;0;0@"
sem_get: Key: 4111026e
[   17.511132] firmadyne: sys_socket[PID: 106 (klogd)]: family:1, type:1, protocol:0
[   17.512358] firmadyne: sys_socket[PID: 106 (klogd)]: family:1, type:2, protocol:0
[   17.513857] firmadyne: ioctl: 0xc0207223
[   17.515334] firmadyne: ioctl: 0xc0207223
[   17.516821] firmadyne: ioctl: 0xc0207223
sem_get: Key: 4111026e
[   17.522982] firmadyne: sys_socket[PID: 106 (klogd)]: family:1, type:1, protocol:0
[   17.524191] firmadyne: sys_socket[PID: 106 (klogd)]: family:1, type:2, protocol:0
[   17.526335] firmadyne: ioctl: 0xc0207223
[   17.527843] firmadyne: ioctl: 0xc0207223
nvram_set: usb_info_dev30 = "A200396E0402FF83@1@14.4G@U@1@USB_Storage;U:;0;0@"
sem_get: Key: 4111026e
[   17.535150] firmadyne: sys_socket[PID: 106 (klogd)]: family:1, type:1, protocol:0
[   17.536428] firmadyne: sys_socket[PID: 106 (klogd)]: family:1, type:2, protocol:0
[   17.538135] firmadyne: ioctl: 0xc0207223
[   17.539663] firmadyne: ioctl: 0xc0207223
sem_get: Key: 4111026e
[   17.546819] firmadyne: sys_socket[PID: 106 (klogd)]: family:1, type:1, protocol:0
[   17.547930] firmadyne: sys_socket[PID: 106 (klogd)]: family:1, type:2, protocol:0
[   17.549634] firmadyne: ioctl: 0xc0207223
[   17.550971] firmadyne: ioctl: 0xc0207223
[   17.552296] firmadyne: ioctl: 0xc0207223
nvram_set: usb_info_dev31 = "A200396E0402FF83@1@14.4G@U@1@USB_Storage;U:;0;0@"
sem_get: Key: 4111026e
