[    0.000000] Linux version 4.1.17+ (alessio@pc) (gcc version 5.5.0 20171010 (Ubuntu 5.5.0-12ubuntu1) ) #1 Mon May 15 23:04:08 CEST 2023
[    0.000000] earlycon: Early serial console at I/O port 0x3f8 (options '38400n8')
[    0.000000] bootconsole [uart0] enabled
[    0.000000] CPU0 revision is: 00019300 (MIPS 24Kc)
[    0.000000] FPU revision is: 00739300
[    0.000000] Software DMA cache coherency enabled
[    0.000000] Determined physical RAM map:
[    0.000000]  memory: 00001000 @ 00000000 (reserved)
[    0.000000]  memory: 000ef000 @ 00001000 (ROM data)
[    0.000000]  memory: 00798000 @ 000f0000 (reserved)
[    0.000000]  memory: 0f777000 @ 00888000 (usable)
[    0.000000] debug: ignoring loglevel setting.
[    0.000000] Wasting 69888 bytes for tracking 2184 unused pages
[    0.000000] Initrd not found or empty - disabling initrd
[    0.000000] Zone ranges:
[    0.000000]   DMA      [mem 0x0000000000000000-0x0000000000ffffff]
[    0.000000]   Normal   [mem 0x0000000001000000-0x000000000fffefff]
[    0.000000] Movable zone start for each node
[    0.000000] Early memory node ranges
[    0.000000]   node   0: [mem 0x0000000000000000-0x000000000fffefff]
[    0.000000] Initmem setup node 0 [mem 0x0000000000000000-0x000000000fffefff]
[    0.000000] On node 0 totalpages: 65535
[    0.000000] free_area_init_node: node 0, pgdat 8081d5b0, node_mem_map 81000000
[    0.000000]   DMA zone: 32 pages used for memmap
[    0.000000]   DMA zone: 0 pages reserved
[    0.000000]   DMA zone: 4096 pages, LIFO batch:0
[    0.000000]   Normal zone: 480 pages used for memmap
[    0.000000]   Normal zone: 61439 pages, LIFO batch:15
[    0.000000] Primary instruction cache 2kB, VIPT, 2-way, linesize 16 bytes.
[    0.000000] Primary data cache 2kB, 2-way, VIPT, no aliases, linesize 16 bytes
[    0.000000] pcpu-alloc: s0 r0 d32768 u32768 alloc=1*32768
[    0.000000] pcpu-alloc: [0] 0 
[    0.000000] Built 1 zonelists in Zone order, mobility grouping on.  Total pages: 65023
[    0.000000] Kernel command line: root=/dev/sda1 console=ttyS0 nandsim.parts=64,64,64,64,64,64,64,64,64,64 rdinit=/firmadyne/preInit.sh rw debug ignore_loglevel print-fatal-signals=1 FIRMAE_NET=true FIRMAE_NVRAM=true FIRMAE_KERNEL=true FIRMAE_ETC=true user_debug=0 firmadyne.syscall=1 noka
[    0.000000] found FIRMAE_KERNEL=t
[    0.000000] set the LD_PRELOAD=/firmadyne/libnvram_ioctl.so
[    0.000000] PID hash table entries: 1024 (order: 0, 4096 bytes)
[    0.000000] Dentry cache hash table entries: 32768 (order: 5, 131072 bytes)
[    0.000000] Inode-cache hash table entries: 16384 (order: 4, 65536 bytes)
[    0.000000] Writing ErrCtl register=00000000
[    0.000000] Readback ErrCtl register=00000000
[    0.000000] Memory: 251112K/262140K available (5360K kernel code, 244K rwdata, 1676K rodata, 260K init, 158K bss, 11028K reserved, 0K cma-reserved)
[    0.000000] NR_IRQS:256
[    0.000000] CPU frequency 200.00 MHz
[    0.000000] clocksource MIPS: mask: 0xffffffff max_cycles: 0xffffffff, max_idle_ns: 19112571595 ns
[    0.000163] sched_clock: 32 bits at 100MHz, resolution 9ns, wraps every 21474799611ns
[    0.011490] Console: colour dummy device 80x25
[    0.012503] Calibrating delay loop... 36.60 BogoMIPS (lpj=73216)
[    0.061584] pid_max: default: 32768 minimum: 301
[    0.064990] Mount-cache hash table entries: 1024 (order: 0, 4096 bytes)
[    0.065616] Mountpoint-cache hash table entries: 1024 (order: 0, 4096 bytes)
[    0.116246] clocksource jiffies: mask: 0xffffffff max_cycles: 0xffffffff, max_idle_ns: 7645041785100000 ns
[    0.124991] NET: Registered protocol family 16
[    0.343084] clocksource pit: mask: 0xffffffff max_cycles: 0xffffffff, max_idle_ns: 1601818034827 ns
[    0.463904] vgaarb: loaded
[    0.468489] SCSI subsystem initialized
[    0.470519] libata version 3.00 loaded.
[    0.474058] usbcore: registered new interface driver usbfs
[    0.475178] usbcore: registered new interface driver hub
[    0.476046] usbcore: registered new device driver usb
[    0.478270] pps_core: LinuxPPS API ver. 1 registered
[    0.478593] pps_core: Software ver. 5.3.6 - Copyright 2005-2007 Rodolfo Giometti <giometti@linux.it>
[    0.479350] PTP clock support registered
[    0.483089] PCI host bridge to bus 0000:00
[    0.483699] pci_bus 0000:00: root bus resource [mem 0x10000000-0x17ffffff]
[    0.484190] pci_bus 0000:00: root bus resource [io  0x1000-0x1fffff]
[    0.484673] pci_bus 0000:00: root bus resource [??? 0x00000000 flags 0x0]
[    0.485135] pci_bus 0000:00: No busn resource found for root bus, will use [bus 00-ff]
[    0.486362] pci 0000:00:00.0: [11ab:4620] type 00 class 0x060000
[    0.487162] pci 0000:00:00.0: [Firmware Bug]: reg 0x14: invalid BAR (can't size)
[    0.487640] pci 0000:00:00.0: [Firmware Bug]: reg 0x18: invalid BAR (can't size)
[    0.488101] pci 0000:00:00.0: [Firmware Bug]: reg 0x1c: invalid BAR (can't size)
[    0.488553] pci 0000:00:00.0: [Firmware Bug]: reg 0x20: invalid BAR (can't size)
[    0.489015] pci 0000:00:00.0: [Firmware Bug]: reg 0x24: invalid BAR (can't size)
[    0.492245] pci 0000:00:0a.0: [8086:7110] type 00 class 0x060100
[    0.495229] pci 0000:00:0a.1: [8086:7111] type 00 class 0x010180
[    0.496489] pci 0000:00:0a.1: reg 0x20: [io  0x0000-0x000f]
[    0.496970] pci 0000:00:0a.1: legacy IDE quirk: reg 0x10: [io  0x01f0-0x01f7]
[    0.497430] pci 0000:00:0a.1: legacy IDE quirk: reg 0x14: [io  0x03f6]
[    0.498042] pci 0000:00:0a.1: legacy IDE quirk: reg 0x18: [io  0x0170-0x0177]
[    0.498510] pci 0000:00:0a.1: legacy IDE quirk: reg 0x1c: [io  0x0376]
[    0.501045] pci 0000:00:0a.2: [8086:7112] type 00 class 0x0c0300
[    0.501577] pci 0000:00:0a.2: reg 0x20: [io  0x0000-0x001f]
[    0.504227] pci 0000:00:0a.3: [8086:7113] type 00 class 0x068000
[    0.505270] pci 0000:00:0a.3: quirk: [io  0x1000-0x103f] claimed by PIIX4 ACPI
[    0.505785] pci 0000:00:0a.3: quirk: [io  0x1100-0x110f] claimed by PIIX4 SMB
[    0.509083] pci 0000:00:12.0: [1013:00b8] type 00 class 0x030000
[    0.510037] pci 0000:00:12.0: reg 0x10: [mem 0x00000000-0x01ffffff pref]
[    0.511225] pci 0000:00:12.0: reg 0x14: [mem 0x00000000-0x00000fff]
[    0.512149] pci 0000:00:12.0: reg 0x30: [mem 0x00000000-0x0000ffff pref]
[    0.514479] vgaarb: device added: PCI:0000:00:12.0,decodes=io+mem,owns=none,locks=none
[    0.515619] pci 0000:00:13.0: [8086:100e] type 00 class 0x020000
[    0.516139] pci 0000:00:13.0: reg 0x10: [mem 0x00000000-0x0001ffff]
[    0.516592] pci 0000:00:13.0: reg 0x14: [io  0x0000-0x003f]
[    0.517105] pci 0000:00:13.0: reg 0x30: [mem 0x00000000-0x0003ffff pref]
[    0.519702] pci 0000:00:14.0: [8086:100e] type 00 class 0x020000
[    0.520201] pci 0000:00:14.0: reg 0x10: [mem 0x00000000-0x0001ffff]
[    0.520671] pci 0000:00:14.0: reg 0x14: [io  0x0000-0x003f]
[    0.521186] pci 0000:00:14.0: reg 0x30: [mem 0x00000000-0x0003ffff pref]
[    0.523898] pci 0000:00:15.0: [8086:100e] type 00 class 0x020000
[    0.524403] pci 0000:00:15.0: reg 0x10: [mem 0x00000000-0x0001ffff]
[    0.524869] pci 0000:00:15.0: reg 0x14: [io  0x0000-0x003f]
[    0.525384] pci 0000:00:15.0: reg 0x30: [mem 0x00000000-0x0003ffff pref]
[    0.527961] pci 0000:00:16.0: [8086:100e] type 00 class 0x020000
[    0.528467] pci 0000:00:16.0: reg 0x10: [mem 0x00000000-0x0001ffff]
[    0.528929] pci 0000:00:16.0: reg 0x14: [io  0x0000-0x003f]
[    0.529442] pci 0000:00:16.0: reg 0x30: [mem 0x00000000-0x0003ffff pref]
[    0.532260] pci_bus 0000:00: busn_res: [bus 00-ff] end is updated to 00
[    0.533538] pci 0000:00:12.0: BAR 0: assigned [mem 0x10000000-0x11ffffff pref]
[    0.534169] pci 0000:00:13.0: BAR 6: assigned [mem 0x12000000-0x1203ffff pref]
[    0.534740] pci 0000:00:14.0: BAR 6: assigned [mem 0x12040000-0x1207ffff pref]
[    0.535264] pci 0000:00:15.0: BAR 6: assigned [mem 0x12080000-0x120bffff pref]
[    0.535958] pci 0000:00:16.0: BAR 6: assigned [mem 0x120c0000-0x120fffff pref]
[    0.536490] pci 0000:00:13.0: BAR 0: assigned [mem 0x12100000-0x1211ffff]
[    0.537006] pci 0000:00:14.0: BAR 0: assigned [mem 0x12120000-0x1213ffff]
[    0.537524] pci 0000:00:15.0: BAR 0: assigned [mem 0x12140000-0x1215ffff]
[    0.538048] pci 0000:00:16.0: BAR 0: assigned [mem 0x12160000-0x1217ffff]
[    0.538565] pci 0000:00:12.0: BAR 6: assigned [mem 0x12180000-0x1218ffff pref]
[    0.539077] pci 0000:00:12.0: BAR 1: assigned [mem 0x12190000-0x12190fff]
[    0.539580] pci 0000:00:13.0: BAR 1: assigned [io  0x1040-0x107f]
[    0.540144] pci 0000:00:14.0: BAR 1: assigned [io  0x1080-0x10bf]
[    0.540616] pci 0000:00:15.0: BAR 1: assigned [io  0x10c0-0x10ff]
[    0.541120] pci 0000:00:16.0: BAR 1: assigned [io  0x1400-0x143f]
[    0.541581] pci 0000:00:0a.2: BAR 4: assigned [io  0x1440-0x145f]
[    0.542048] pci 0000:00:0a.1: BAR 4: assigned [io  0x1460-0x146f]
[    0.556911] cfg80211: Calling CRDA to update world regulatory domain
[    0.567777] Switched to clocksource MIPS
[    0.661326] NET: Registered protocol family 2
[    0.671016] TCP established hash table entries: 2048 (order: 1, 8192 bytes)
[    0.672067] TCP bind hash table entries: 2048 (order: 1, 8192 bytes)
[    0.672944] TCP: Hash tables configured (established 2048 bind 2048)
[    0.673840] UDP hash table entries: 256 (order: 0, 4096 bytes)
[    0.674403] UDP-Lite hash table entries: 256 (order: 0, 4096 bytes)
[    0.677640] NET: Registered protocol family 1
[    0.678972] PCI: Enabling device 0000:00:0a.2 (0000 -> 0001)
[    0.680304] PCI: CLS 0 bytes, default 16
[    0.708981] futex hash table entries: 256 (order: -1, 3072 bytes)
[    0.722268] squashfs: version 4.0 (2009/01/31) Phillip Lougher
[    0.724354] jffs2: version 2.2. (NAND) Â© 2001-2006 Red Hat, Inc.
[    0.726985] romfs: ROMFS MTD (C) 2007 Red Hat, Inc.
[    0.746784] Block layer SCSI generic (bsg) driver version 0.4 loaded (major 251)
[    0.747329] io scheduler noop registered
[    0.748049] io scheduler cfq registered (default)
[    0.748861] firmadyne: devfs: 1, execute: 1, procfs: 1, syscall: 1
[    0.753532] firmadyne: Cannot register character device: gpio, 0xfc, 0x0!
[    0.760532] firmadyne: Cannot register character device: watchdog, 0xa, 0x82!
[    0.760950] firmadyne: Cannot register character device: wdt, 0xfd, 0x0!
[    2.158834] strName = 4.1.17+
[    2.158834] init_task_addr  = 2155778944
[    2.158834] init_task_size  = 1296
[    2.158834] ts_tasks        = 292
[    2.158834] ts_pid          = 408
[    2.158834] ts_tgid         = 412
[    2.158834] ts_group_leader = 440
[    2.158834] ts_thread_group = 496
[    2.158834] ts_real_parent  = 416
[    2.158834] ts_mm           = 300
[    2.158834] ts_stack        = 4
[    2.161190] module_name   = 12
[    2.161190] module_size   = 208
[    2.161190] module_init   = 200
[    2.161190] module_list   = 4
[    2.162067] ts_real_cred    = 624
[    2.162067] ts_cred         = 628
[    2.162067] ts_comm         = 632
[    2.162067] cred_uid        = 4
[    2.162067] cred_gid        = 8
[    2.162067] cred_euid       = 20
[    2.162067] cred_egid       = 24
[    2.163405] mm_mmap         = 0
[    2.163405] mm_pgd          = 32
[    2.163405] mm_arg_start    = 136
[    2.163405] mm_start_brk    = 124
[    2.163405] mm_brk          = 128
[    2.163405] mm_start_stack  = 132
[    2.164779] vma_vm_start    = 0
[    2.164779] vma_vm_end      = 4
[    2.164779] vma_vm_next     = 8
[    2.164779] vma_vm_file     = 80
[    2.164779] vma_vm_flags    = 40
[    2.164779] vma_vm_pgoff    = 76
[    2.165951] file_dentry     = 12
[    2.165951] file_inode      = 40
[    2.165951] dentry_d_name   = 24
[    2.165951] dentry_d_iname  = 44
[    2.165951] dentry_d_parent = 16
[    2.165951] ti_task         = 0
[    2.165951] inode_ino   = 28
[    3.029150] proc_fork_connector  = 2151078840
[    3.029488] proc_exit_connector  = 2151080432
[    3.029769] proc_exec_connector  = 2151079052
[    3.030042] vma_link  = 2149124372
[    3.030286] vma_adjust  = 2149124540
[    3.030545] remove_vma  = 2149122188
[    3.030798] modules  = 2155833724
[    3.031044] trim_init_extable  = 2150545316
[    3.034168] PCI: Enabling device 0000:00:12.0 (0000 -> 0002)
[    3.035280] cirrusfb 0000:00:12.0: Cirrus Logic chipset on PCI bus, RAM (4096 kB) at 0x10000000
[    3.276661] Console: switching to colour frame buffer device 80x30
[    3.332960] Serial: 8250/16550 driver, 4 ports, IRQ sharing enabled
[    3.344798] console [ttyS0] disabled
[    3.371707] serial8250.0: ttyS0 at I/O 0x3f8 (irq = 4, base_baud = 115200) is a 16550A
[    3.372847] console [ttyS0] enabled
[    3.372847] console [ttyS0] enabled
[    3.373352] bootconsole [uart0] disabled
[    3.373352] bootconsole [uart0] disabled
[    3.403120] serial8250.0: ttyS1 at I/O 0x2f8 (irq = 3, base_baud = 115200) is a 16550A
[    3.504330] brd: module loaded
[    3.557086] loop: module loaded
[    3.562557] ata_piix 0000:00:0a.1: version 2.13
[    3.563043] PCI: Enabling device 0000:00:0a.1 (0000 -> 0001)
[    3.584991] scsi host0: ata_piix
[    3.589664] scsi host1: ata_piix
[    3.592985] ata1: PATA max UDMA/33 cmd 0x1f0 ctl 0x3f6 bmdma 0x1460 irq 14
[    3.593435] ata2: PATA max UDMA/33 cmd 0x170 ctl 0x376 bmdma 0x1468 irq 15
[    3.599119] [nandsim] warning: read_byte: unexpected data output cycle, state is STATE_READY return 0x0
[    3.599627] [nandsim] warning: read_byte: unexpected data output cycle, state is STATE_READY return 0x0
[    3.600278] [nandsim] warning: read_byte: unexpected data output cycle, state is STATE_READY return 0x0
[    3.600780] [nandsim] warning: read_byte: unexpected data output cycle, state is STATE_READY return 0x0
[    3.601280] [nandsim] warning: read_byte: unexpected data output cycle, state is STATE_READY return 0x0
[    3.601776] [nandsim] warning: read_byte: unexpected data output cycle, state is STATE_READY return 0x0
[    3.602405] nand: device found, Manufacturer ID: 0x98, Chip ID: 0x39
[    3.602787] nand: Toshiba NAND 128MiB 1,8V 8-bit
[    3.603135] nand: 128 MiB, SLC, erase size: 16 KiB, page size: 512, OOB size: 16
[    3.604695] flash size: 128 MiB
[    3.604922] page size: 512 bytes
[    3.605145] OOB area size: 16 bytes
[    3.605378] sector size: 16 KiB
[    3.605596] pages number: 262144
[    3.605819] pages per sector: 32
[    3.606030] bus width: 8
[    3.606220] bits in sector size: 14
[    3.606452] bits in page size: 9
[    3.606710] bits in OOB size: 4
[    3.606935] flash size with OOB: 135168 KiB
[    3.607192] page address bytes: 4
[    3.607417] sector address bytes: 3
[    3.607671] options: 0x42
[    3.677934] Scanning device for bad blocks
[    4.680826] cfg80211: Calling CRDA to update world regulatory domain
[    4.685310] ata2.01: NODEV after polling detection
[    4.685957] ata1.01: NODEV after polling detection
[    4.687479] ata2.00: ATAPI: QEMU DVD-ROM, 2.5+, max UDMA/100
[    4.690132] ata1.00: ATA-7: QEMU HARDDISK, 2.5+, max UDMA/100
[    4.690543] ata1.00: 2097152 sectors, multi 16: LBA48 
[    4.695247] ata2.00: configured for UDMA/33
[    4.697355] ata1.00: configured for UDMA/33
[    4.704608] scsi 0:0:0:0: Direct-Access     ATA      QEMU HARDDISK    2.5+ PQ: 0 ANSI: 5
[    4.718809] scsi 1:0:0:0: CD-ROM            QEMU     QEMU DVD-ROM     2.5+ PQ: 0 ANSI: 5
[    4.721039] sd 0:0:0:0: [sda] 2097152 512-byte logical blocks: (1.07 GB/1.00 GiB)
[    4.734577] sd 0:0:0:0: [sda] Write Protect is off
[    4.735024] sd 0:0:0:0: [sda] Mode Sense: 00 3a 00 00
[    4.736424] sd 0:0:0:0: [sda] Write cache: enabled, read cache: enabled, doesn't support DPO or FUA
[    4.746277]  sda: sda1
[    4.757099] sd 0:0:0:0: [sda] Attached SCSI disk
[    4.757605] Creating 11 MTD partitions on "NAND 128MiB 1,8V 8-bit":
[    4.758189] 0x000000000000-0x000000100000 : "NAND simulator partition 0"
[    4.767979] 0x000000100000-0x000000200000 : "NAND simulator partition 1"
[    4.777100] 0x000000200000-0x000000300000 : "NAND simulator partition 2"
[    4.786517] 0x000000300000-0x000000400000 : "NAND simulator partition 3"
[    4.795967] 0x000000400000-0x000000500000 : "NAND simulator partition 4"
[    4.805346] 0x000000500000-0x000000600000 : "NAND simulator partition 5"
[    4.815044] 0x000000600000-0x000000700000 : "NAND simulator partition 6"
[    4.825082] 0x000000700000-0x000000800000 : "NAND simulator partition 7"
[    4.834974] 0x000000800000-0x000000900000 : "NAND simulator partition 8"
[    4.844194] 0x000000900000-0x000000a00000 : "NAND simulator partition 9"
[    4.853402] 0x000000a00000-0x000008000000 : "NAND simulator partition 10"
[    4.893223] tun: Universal TUN/TAP device driver, 1.6
[    4.893595] tun: (C) 1999-2004 Max Krasnyansky <maxk@qualcomm.com>
[    4.896845] pcnet32: pcnet32.c:v1.35 21.Apr.2008 tsbogend@alpha.franken.de
[    4.897974] e1000: Intel(R) PRO/1000 Network Driver - version 7.3.21-k8-NAPI
[    4.898372] e1000: Copyright (c) 1999-2006 Intel Corporation.
[    4.899247] PCI: Enabling device 0000:00:13.0 (0000 -> 0003)
[    5.207825] e1000 0000:00:13.0 eth0: (PCI:33MHz:32-bit) 52:54:00:12:34:56
[    5.208519] e1000 0000:00:13.0 eth0: Intel(R) PRO/1000 Network Connection
[    5.209131] PCI: Enabling device 0000:00:14.0 (0000 -> 0003)
[    5.514396] e1000 0000:00:14.0 eth1: (PCI:33MHz:32-bit) 52:54:00:12:34:57
[    5.514875] e1000 0000:00:14.0 eth1: Intel(R) PRO/1000 Network Connection
[    5.515476] PCI: Enabling device 0000:00:15.0 (0000 -> 0003)
[    5.823207] e1000 0000:00:15.0 eth2: (PCI:33MHz:32-bit) 52:54:00:12:34:58
[    5.823701] e1000 0000:00:15.0 eth2: Intel(R) PRO/1000 Network Connection
[    5.824372] PCI: Enabling device 0000:00:16.0 (0000 -> 0003)
[    6.124275] e1000 0000:00:16.0 eth3: (PCI:33MHz:32-bit) 52:54:00:12:34:59
[    6.124752] e1000 0000:00:16.0 eth3: Intel(R) PRO/1000 Network Connection
[    6.125871] e1000e: Intel(R) PRO/1000 Network Driver - 2.3.2-k
[    6.126167] e1000e: Copyright(c) 1999 - 2014 Intel Corporation.
[    6.129951] PPP generic driver version 2.4.2
[    6.132013] PPP Deflate Compression module registered
[    6.132598] PPP MPPE Compression module registered
[    6.132965] NET: Registered protocol family 24
[    6.133590] ehci_hcd: USB 2.0 'Enhanced' Host Controller (EHCI) Driver
[    6.134031] ehci-pci: EHCI PCI platform driver
[    6.135022] ohci_hcd: USB 1.1 'Open' Host Controller (OHCI) Driver
[    6.135446] ohci-pci: OHCI PCI platform driver
[    6.136553] uhci_hcd: USB Universal Host Controller Interface driver
[    6.138008] uhci_hcd 0000:00:0a.2: UHCI Host Controller
[    6.138698] uhci_hcd 0000:00:0a.2: new USB bus registered, assigned bus number 1
[    6.139713] uhci_hcd 0000:00:0a.2: irq 11, io base 0x00001440
[    6.150021] hub 1-0:1.0: USB hub found
[    6.150751] hub 1-0:1.0: 2 ports detected
[    6.159091] usbcore: registered new interface driver usb-storage
[    6.163118] mousedev: PS/2 mouse device common for all mice
[    6.169186] rtc_cmos rtc_cmos: rtc core: registered rtc_cmos as rtc0
[    6.169891] rtc_cmos rtc_cmos: alarms up to one day, 242 bytes nvram
[    6.171175] i2c /dev entries driver
[    6.172425] piix4_smbus 0000:00:0a.3: SMBus Host Controller at 0x1100, revision 0
[    6.176623] sdhci: Secure Digital Host Controller Interface driver
[    6.176962] sdhci: Copyright(c) Pierre Ossman
[    6.179144] hidraw: raw HID events driver (C) Jiri Kosina
[    6.196281] usbcore: registered new interface driver usbhid
[    6.196631] usbhid: USB HID core driver
[    6.197622] Netfilter messages via NETLINK v0.30.
[    6.198890] nf_conntrack version 0.5.0 (3923 buckets, 15692 max)
[    6.202082] ctnetlink v0.93: registering with nfnetlink.
[    6.207450] ipip: IPv4 over IPv4 tunneling driver
[    6.218949] ip_tables: (C) 2000-2006 Netfilter Core Team
[    6.221707] arp_tables: (C) 2002 David S. Miller
[    6.223397] Initializing XFRM netlink socket
[    6.224593] NET: Registered protocol family 10
[    6.242852] ip6_tables: (C) 2000-2006 Netfilter Core Team
[    6.246383] sit: IPv6 over IPv4 tunneling driver
[    6.262790] NET: Registered protocol family 17
[    6.263693] bridge: automatic filtering via arp/ip/ip6tables has been deprecated. Update your scripts to load br_netfilter if you need this.
[    6.264826] Bridge firewalling registered
[    6.265214] Ebtables v2.0 registered
[    6.270181] 8021q: 802.1Q VLAN Support v1.8
[    6.290486] rtc_cmos rtc_cmos: setting system clock to 2025-07-23 14:46:07 UTC (1753281967)
[    6.311058] EXT2-fs (sda1): warning: mounting unchecked fs, running e2fsck is recommended
[    6.313414] VFS: Mounted root (ext2 filesystem) on device 8:1.
[    6.322171] Freeing YAMON memory: 956k freed
[    6.332743] Freeing unused kernel memory: 260K (8081f000 - 80860000)
[    6.369921] firmadyne: sys_reboot[PID: 48 (init)]: magic1:fee1dead, magic2:28121969, cmd:0
[    6.381814] firmadyne: sys_socket[PID: 1 (init)]: family:1, type:1, protocol:0
[    6.389228] firmadyne: sys_socket[PID: 1 (init)]: family:1, type:2, protocol:0
init started: BusyBox v1.13.4 (2013-01-08 14:28:07 CST)
[    6.404269] spurious 8259A interrupt: IRQ7.
[    6.412655] firmadyne: sys_socket[PID: 49 (init)]: family:1, type:1, protocol:0
[    6.413938] firmadyne: sys_socket[PID: 49 (init)]: family:1, type:2, protocol:0
[    6.489352] firmadyne: do_execve: /firmadyne/console
[    6.489910] OFFSETS: offset of pid: 0x198 offset of comm: 0x278
$Starting bkcfg:---->
illegal cfg sign
RestoreConfig(): illegal filesize=-1
[    7.149863] random: cfg urandom read with 78 bits of entropy available
$Starting save config by bkcfg:---->
remember to reboot your camera...
[    7.824077] cfg80211: Calling CRDA to update world regulatory domain
set time zone from city:[(GMT-08:00) Pacific Time(US & Canada); Tijuana]

$Insert kernel module: ---->
$Insert driver module: ---->
[    8.437589] firmadyne: sys_socket[PID: 92 (ifconfig)]: family:2, type:1, protocol:0
[    8.440710] firmadyne: __inet_insert_ifa[PID: 92 (ifconfig)]: device:lo ifa:0x7f000001
[    8.444185] firmadyne: __inet_insert_ifa[PID: 92 (ifconfig)]: device:lo ifa:0x7f000001
[    8.490635] firmadyne: sys_socket[PID: 93 (brctl)]: family:2, type:2, protocol:0
MAC=00:12:34:56:78:90
racfg: Wireless Exist: 0
[    8.601241] firmadyne: sys_socket[PID: 95 (ifconfig)]: family:2, type:1, protocol:0
[    8.603335] firmadyne: __inet_insert_ifa[PID: 95 (ifconfig)]: device:eth0 ifa:0x00000000
[    8.613080] IPv6: ADDRCONF(NETDEV_UP): eth0: link is not ready
[    8.613638] 8021q: adding VLAN 0 to HW filter on device eth0
[    8.618101] e1000: eth0 NIC Link is Up 1000 Mbps Full Duplex, Flow Control: RX
[    8.620132] IPv6: ADDRCONF(NETDEV_CHANGE): eth0: link becomes ready
[    8.642534] firmadyne: sys_socket[PID: 96 (ifconfig)]: family:2, type:1, protocol:0
[    8.680843] firmadyne: sys_socket[PID: 97 (brctl)]: family:2, type:2, protocol:0
[    8.683570] firmadyne: sys_socket[PID: 97 (brctl)]: family:2, type:1, protocol:0
[    8.686460] firmadyne: sys_socket[PID: 97 (brctl)]: family:2, type:1, protocol:0
[    8.687948] firmadyne: br_add_if[PID: 97 (brctl)]: br:br0 dev:eth0
[    8.692811] device eth0 entered promiscuous mode
[    8.730190] firmadyne: sys_socket[PID: 98 (brctl)]: family:2, type:2, protocol:0
[    8.732954] firmadyne: sys_socket[PID: 98 (brctl)]: family:2, type:1, protocol:0
[    8.774225] firmadyne: sys_socket[PID: 99 (brctl)]: family:2, type:2, protocol:0
[    8.776980] firmadyne: sys_socket[PID: 99 (brctl)]: family:2, type:1, protocol:0
Launch hw monitor...
[    8.840380] random: nonblocking pool is initialized
hwmon.c: IRLED, LSENS, Enable
hwmon.c: open hwmon node fail!
Set Date&Time to 2011/01/01 00:00:00
Sat Jan  1 00:00:00 PST 2011

$Starting audio adjusting ---->

Starting DHCP Client ....
[   10.492743] firmadyne: sys_socket[PID: 118 (ifconfig)]: family:2, type:1, protocol:0
[   10.516814] firmadyne: sys_socket[PID: 119 (udhcpc)]: family:2, type:3, protocol:255
udhcpc (v1.13.4) started
[   10.606664] firmadyne: sys_socket[PID: 122 (ifconfig)]: family:2, type:1, protocol:0
[   10.608877] firmadyne: __inet_insert_ifa[PID: 122 (ifconfig)]: device:br0 ifa:0x00000000
[   10.610129] br0: port 1(eth0) entered forwarding state
[   10.610861] br0: port 1(eth0) entered forwarding state
[   10.621746] firmadyne: sys_socket[PID: 119 (udhcpc)]: family:17, type:1, protocol:2048
[   10.622836] firmadyne: sys_setsockopt[PID: 119 (udhcpc)]: fd:5, level:65535, optname:26
Sending discover...
[   10.628243] firmadyne: sys_socket[PID: 119 (udhcpc)]: family:17, type:1, protocol:2048
Sending select for 10.0.2.15...
[   10.638784] firmadyne: sys_socket[PID: 119 (udhcpc)]: family:17, type:1, protocol:2048
Lease of 10.0.2.15 obtained, lease time 86400
[   10.731135] firmadyne: sys_socket[PID: 125 (ifconfig)]: family:2, type:1, protocol:0
[   10.733237] firmadyne: __inet_insert_ifa[PID: 125 (ifconfig)]: device:br0 ifa:0x0a00020f
[   10.737225] firmadyne: __inet_insert_ifa[PID: 125 (ifconfig)]: device:br0 ifa:0x0a00020f
deleting routers
[   10.756060] firmadyne: sys_socket[PID: 126 (route)]: family:2, type:1, protocol:0
route: SIOCDELRT: No such process
[   10.802705] firmadyne: sys_socket[PID: 127 (iff_get)]: family:2, type:1, protocol:0
[   10.840292] firmadyne: sys_socket[PID: 128 (logger)]: family:1, type:1, protocol:0
[   10.841751] firmadyne: sys_socket[PID: 128 (logger)]: family:1, type:2, protocol:0
[   10.859229] firmadyne: sys_socket[PID: 129 (route)]: family:2, type:1, protocol:0
adding dns 10.0.2.3
[   10.969690] cfg80211: Calling CRDA to update world regulatory domain
[   11.609399] br0: port 1(eth0) entered forwarding state
[   12.046661] firmadyne: sys_socket[PID: 134 (udhcpc)]: family:2, type:3, protocol:255
udhcpc (v1.13.4) started
[   12.129751] firmadyne: sys_socket[PID: 137 (ifconfig)]: family:2, type:1, protocol:0
[   12.132712] firmadyne: __inet_insert_ifa[PID: 137 (ifconfig)]: device:br0 ifa:0x00000000
[   12.138325] firmadyne: sys_socket[PID: 134 (udhcpc)]: family:17, type:1, protocol:2048
[   12.139194] firmadyne: sys_setsockopt[PID: 134 (udhcpc)]: fd:5, level:65535, optname:26
Sending discover...
[   12.142254] firmadyne: sys_socket[PID: 134 (udhcpc)]: family:17, type:1, protocol:2048
Sending select for 10.0.2.15...
[   12.146732] firmadyne: sys_socket[PID: 134 (udhcpc)]: family:17, type:1, protocol:2048
Lease of 10.0.2.15 obtained, lease time 86400
[   12.239294] firmadyne: sys_socket[PID: 140 (ifconfig)]: family:2, type:1, protocol:0
[   12.241394] firmadyne: __inet_insert_ifa[PID: 140 (ifconfig)]: device:br0 ifa:0x0a00020f
[   12.244739] firmadyne: __inet_insert_ifa[PID: 140 (ifconfig)]: device:br0 ifa:0x0a00020f
deleting routers
[   12.263148] firmadyne: sys_socket[PID: 141 (route)]: family:2, type:1, protocol:0
route: SIOCDELRT: No such process
[   12.304984] firmadyne: sys_socket[PID: 142 (iff_get)]: family:2, type:1, protocol:0
[   12.333460] firmadyne: sys_socket[PID: 143 (logger)]: family:1, type:1, protocol:0
[   12.334838] firmadyne: sys_socket[PID: 143 (logger)]: family:1, type:2, protocol:0
[   12.351654] firmadyne: sys_socket[PID: 144 (route)]: family:2, type:1, protocol:0
adding dns 10.0.2.3
[   12.383085] firmadyne: sys_socket[PID: 146 (logger)]: family:1, type:1, protocol:0
[   12.384606] firmadyne: sys_socket[PID: 146 (logger)]: family:1, type:2, protocol:0
[   12.402991] firmadyne: sys_socket[PID: 147 (route)]: family:2, type:1, protocol:0
racfg: Wireless Exist: 0
Setting Hostname: TV-IP121-001234567890
[   12.860954] firmadyne: sys_socket[PID: 173 (ifconfig)]: family:2, type:1, protocol:0
[   12.862452] firmadyne: sys_socket[PID: 173 (ifconfig)]: family:2, type:1, protocol:0
br0       Link encap:Ethernet  HWaddr 00:12:34:56:78:90  
          inet addr:10.0.2.15  Bcast:10.0.2.255  Mask:255.255.255.0
          inet6 addr: fec0::212:34ff:fe56:7890/64 Scope:Site
          inet6 addr: fe80::212:34ff:fe56:7890/64 Scope:Link
          UP BROADCAST RUNNING MULTICAST  MTU:1500  Metric:1
          RX packets:5 errors:0 dropped:0 overruns:0 frame:0
          TX packets:11 errors:0 dropped:0 overruns:0 carrier:0
          collisions:0 txqueuelen:0 
          RX bytes:2400 (2.3 KiB)  TX bytes:2946 (2.8 KiB)

[   12.884168] firmadyne: sys_socket[PID: 173 (ifconfig)]: family:2, type:1, protocol:0
eth0      Link encap:Ethernet  HWaddr 00:12:34:56:78:90  
          inet6 addr: fe80::5054:ff:fe12:3456/64 Scope:Link
          UP BROADCAST RUNNING MULTICAST  MTU:1500  Metric:1
          RX packets:6 errors:0 dropped:0 overruns:0 frame:0
          TX packets:17 errors:0 dropped:0 overruns:0 carrier:0
          collisions:0 txqueuelen:1000 
          RX bytes:2580 (2.5 KiB)  TX bytes:3454 (3.3 KiB)

[   12.900048] firmadyne: sys_socket[PID: 173 (ifconfig)]: family:2, type:1, protocol:0
eth1      Link encap:Ethernet  HWaddr 52:54:00:12:34:57  
          BROADCAST MULTICAST  MTU:1500  Metric:1
          RX packets:0 errors:0 dropped:0 overruns:0 frame:0
          TX packets:0 errors:0 dropped:0 overruns:0 carrier:0
          collisions:0 txqueuelen:1000 
          RX bytes:0 (0.0 B)  TX bytes:0 (0.0 B)

[   12.913073] firmadyne: sys_socket[PID: 173 (ifconfig)]: family:2, type:1, protocol:0
eth2      Link encap:Ethernet  HWaddr 52:54:00:12:34:58  
          BROADCAST MULTICAST  MTU:1500  Metric:1
          RX packets:0 errors:0 dropped:0 overruns:0 frame:0
          TX packets:0 errors:0 dropped:0 overruns:0 carrier:0
          collisions:0 txqueuelen:1000 
          RX bytes:0 (0.0 B)  TX bytes:0 (0.0 B)

[   12.926311] firmadyne: sys_socket[PID: 173 (ifconfig)]: family:2, type:1, protocol:0
eth3      Link encap:Ethernet  HWaddr 52:54:00:12:34:59  
          BROADCAST MULTICAST  MTU:1500  Metric:1
          RX packets:0 errors:0 dropped:0 overruns:0 frame:0
          TX packets:0 errors:0 dropped:0 overruns:0 carrier:0
          collisions:0 txqueuelen:1000 
          RX bytes:0 (0.0 B)  TX bytes:0 (0.0 B)

[   12.939399] firmadyne: sys_socket[PID: 173 (ifconfig)]: family:2, type:1, protocol:0
ip6tnl0   Link encap:UNSPEC  HWaddr 00-00-00-00-00-00-00-00-00-00-00-00-00-00-00-00  
          NOARP  MTU:1452  Metric:1
          RX packets:0 errors:0 dropped:0 overruns:0 frame:0
          TX packets:0 errors:0 dropped:0 overruns:0 carrier:0
          collisions:0 txqueuelen:0 
          RX bytes:0 (0.0 B)  TX bytes:0 (0.0 B)

[   12.953217] firmadyne: sys_socket[PID: 173 (ifconfig)]: family:2, type:1, protocol:0
lo        Link encap:Local Loopback  
          inet addr:127.0.0.1  Mask:255.0.0.0
          inet6 addr: ::1/128 Scope:Host
          UP LOOPBACK RUNNING  MTU:65536  Metric:1
          RX packets:0 errors:0 dropped:0 overruns:0 frame:0
          TX packets:0 errors:0 dropped:0 overruns:0 carrier:0
          collisions:0 txqueuelen:0 
          RX bytes:0 (0.0 B)  TX bytes:0 (0.0 B)

[   12.968658] firmadyne: sys_socket[PID: 173 (ifconfig)]: family:2, type:1, protocol:0
sit0      Link encap:IPv6-in-IPv4  
          NOARP  MTU:1480  Metric:1
          RX packets:0 errors:0 dropped:0 overruns:0 frame:0
          TX packets:0 errors:0 dropped:0 overruns:0 carrier:0
          collisions:0 txqueuelen:0 
          RX bytes:0 (0.0 B)  TX bytes:0 (0.0 B)

[   12.980544] firmadyne: sys_socket[PID: 173 (ifconfig)]: family:2, type:1, protocol:0
tunl0     Link encap:UNSPEC  HWaddr 00-00-00-00-2A-2C-00-4A-00-00-00-00-00-00-00-00  
          NOARP  MTU:1480  Metric:1
          RX packets:0 errors:0 dropped:0 overruns:0 frame:0
          TX packets:0 errors:0 dropped:0 overruns:0 carrier:0
          collisions:0 txqueuelen:0 
          RX bytes:0 (0.0 B)  TX bytes:0 (0.0 B)


[   13.047576] firmadyne: sys_socket[PID: 176 (syslogd)]: family:1, type:1, protocol:0
Sensor: Initial UVC device!
Sensor: Caon't open device!
Sensor: Init v4L2 failed!
camsvr: Initial sensor fail!
Sound: Unable to open device file /dev/dsp0
camsvr: not support audio!
rinbuf: ftp - rbInitial: semaphore create fail!
camsvr: ftp attach ring buffer fail
rinbuf: motion - rbInitial: semaphore create fail!
camsvr: motion attach ring buffer fail
[   14.116015] cfg80211: Calling CRDA to update world regulatory domain
Psensor: Caon't open device!
Psensor: Caon't open device!
Psensor: Caon't open device!
Psensor: Caon't open device!
Psensor: Caon't open device!
HWmon update
cammsger: Send Inform...
tls=0
ttls=
[   16.057820] firmadyne: sys_socket[PID: 258 (logger)]: family:1, type:1, protocol:0
Setting Iptables Ruleset
[   16.156049] firmadyne: sys_socket[PID: 260 (iptables)]: family:2, type:3, protocol:255
[   16.160939] firmadyne: sys_setsockopt[PID: 260 (iptables)]: fd:3, level:0, optname:64
[   16.162627] firmadyne: sys_setsockopt[PID: 260 (iptables)]: fd:3, level:0, optname:65
[   16.218230] firmadyne: sys_socket[PID: 261 (iptables)]: family:2, type:3, protocol:255
[   16.222463] firmadyne: sys_setsockopt[PID: 261 (iptables)]: fd:3, level:0, optname:64
[   16.223874] firmadyne: sys_setsockopt[PID: 261 (iptables)]: fd:3, level:0, optname:65
[   16.283600] firmadyne: sys_socket[PID: 262 (iptables)]: family:2, type:3, protocol:255
[   16.288098] firmadyne: sys_setsockopt[PID: 262 (iptables)]: fd:3, level:0, optname:64
[   16.289497] firmadyne: sys_setsockopt[PID: 262 (iptables)]: fd:3, level:0, optname:65
[   16.359795] firmadyne: sys_socket[PID: 263 (iptables)]: family:2, type:3, protocol:255
[   16.364875] firmadyne: sys_setsockopt[PID: 263 (iptables)]: fd:3, level:0, optname:64
[   16.366231] firmadyne: sys_setsockopt[PID: 263 (iptables)]: fd:3, level:0, optname:65
[   16.427026] firmadyne: sys_socket[PID: 264 (iptables)]: family:2, type:3, protocol:255
[   16.488348] firmadyne: sys_socket[PID: 265 (iptables)]: family:2, type:3, protocol:255
[   16.493120] firmadyne: sys_setsockopt[PID: 265 (iptables)]: fd:3, level:0, optname:64
[   16.494552] firmadyne: sys_setsockopt[PID: 265 (iptables)]: fd:3, level:0, optname:65
Setting Ip6tables Ruleset
[   16.644840] firmadyne: sys_socket[PID: 268 (ip6tables)]: family:10, type:3, protocol:255
[   16.649930] firmadyne: sys_setsockopt[PID: 268 (ip6tables)]: fd:3, level:41, optname:64
[   16.651732] firmadyne: sys_setsockopt[PID: 268 (ip6tables)]: fd:3, level:41, optname:65
[   16.707349] firmadyne: sys_socket[PID: 269 (ip6tables)]: family:10, type:3, protocol:255
[   16.711623] firmadyne: sys_setsockopt[PID: 269 (ip6tables)]: fd:3, level:41, optname:64
[   16.713361] firmadyne: sys_setsockopt[PID: 269 (ip6tables)]: fd:3, level:41, optname:65
[   16.768921] firmadyne: sys_socket[PID: 270 (ip6tables)]: family:10, type:3, protocol:255
[   16.773162] firmadyne: sys_setsockopt[PID: 270 (ip6tables)]: fd:3, level:41, optname:64
[   16.774668] firmadyne: sys_setsockopt[PID: 270 (ip6tables)]: fd:3, level:41, optname:65
[   16.829178] firmadyne: sys_socket[PID: 271 (ip6tables)]: family:10, type:3, protocol:255
[   16.833999] firmadyne: sys_setsockopt[PID: 271 (ip6tables)]: fd:3, level:41, optname:64
[   16.835466] firmadyne: sys_setsockopt[PID: 271 (ip6tables)]: fd:3, level:41, optname:65
[   16.893427] firmadyne: sys_socket[PID: 272 (ip6tables)]: family:10, type:3, protocol:255
[   16.952948] firmadyne: sys_socket[PID: 273 (ip6tables)]: family:10, type:3, protocol:255
[   16.957795] firmadyne: sys_setsockopt[PID: 273 (ip6tables)]: fd:3, level:41, optname:64
[   16.959351] firmadyne: sys_setsockopt[PID: 273 (ip6tables)]: fd:3, level:41, optname:65
[   17.261643] cfg80211: Calling CRDA to update world regulatory domain
Starting UPNP ....
Starting wanipd.sh ....
racfg: Wireless Exist: 0
Starting IPFind...
Starting boa web server...
[   18.633429] firmadyne: sys_socket[PID: 282 (ipfind)]: family:2, type:1, protocol:0
[   18.634575] firmadyne: sys_setsockopt[PID: 282 (ipfind)]: fd:3, level:65535, optname:25
[   18.635404] firmadyne: sys_setsockopt[PID: 282 (ipfind)]: fd:3, level:65535, optname:4
[   18.660472] firmadyne: inet_bind[PID: 282 (ipfind)]: proto:SOCK_DGRAM, port:62720
[   19.246986] firmadyne: sys_socket[PID: 296 (ddns)]: family:2, type:2, protocol:0
[   19.278833] firmadyne: sys_socket[PID: 296 (ddns)]: family:2, type:1, protocol:17
[   19.415136] firmadyne: sys_socket[PID: 286 (boa)]: family:10, type:2, protocol:6
[   19.416577] firmadyne: sys_setsockopt[PID: 286 (boa)]: fd:4, level:65535, optname:4
[   20.338748] firmadyne: inet_accept[PID: 300 (boa)]:
[   20.345192] firmadyne: inet_accept[PID: 300 (boa)]:
[   20.408938] cfg80211: Calling CRDA to update world regulatory domain
[   21.505987] 
do_page_fault(): sending SIGSEGV to network.cgi for invalid read access from 79777a78
[   21.506622] epc = 79777a79 inra  = 79777a79 in
[   21.507096] 
[   21.507488] potentially unexpected fatal signal 11.
[   21.508225] CPU: 0 PID: 308 Comm: network.cgi Not tainted 4.1.17+ #1
[   21.508760] task: 8f0b2598 ti: 8f19a000 task.ti: 8f19a000
[   21.509130] $ 0   : 00000000 80860000 7fb398d8 00000031
[   21.509716] $ 4   : 7fb398d8 00000000 0000001e 00000000
[   21.510279] $ 8   : 00000004 00000000 9fffedf7 026dcde8
[   21.510836] $12   : 00000000 776226c0 00000000 777d1aec
[   21.511390] $16   : 7a79777a 79777a93 777a7977 7a79777a
[   21.512114] $20   : 7fb398f8 00443008 00000000 00400000
[   21.512677] $24   : 0000006f 775aa560                  
[   21.513227] $28   : 7782ce60 7fb398b8 00000000 79777a79
[   21.513831] Hi    : 00000165
[   21.514107] Lo    : 0001e78d
[   21.514472] epc   : 79777a79 0x79777a79
[   21.514846] ra    : 79777a79 0x79777a79
[   21.515158] Status: 0000a413	USER EXL IE 
[   21.515624] Cause : 10800008
[   21.516050] BadVA : 79777a78
[   21.516352] PrId  : 00019300 (MIPS 24Kc)
[   21.530433] firmadyne: inet_accept[PID: 300 (boa)]:
[   21.531986] firmadyne: inet_accept[PID: 300 (boa)]:
