[    0.000000] Linux version 4.1.17+ (alessio@pc) (gcc version 5.5.0 20171010 (Ubuntu 5.5.0-12ubuntu1) ) #1 Mon May 15 23:04:08 CEST 2023
[    0.000000] earlycon: Early serial console at I/O port 0x3f8 (options '38400n8')
[    0.000000] bootconsole [uart0] enabled
[    0.000000] CPU0 revision is: 00019300 (MIPS 24Kc)
[    0.000000] FPU revision is: 00739300
[    0.000000] Software DMA cache coherency enabled
[    0.000000] Determined physical RAM map:
[    0.000000]  memory: 00001000 @ 00000000 (reserved)
[    0.000000]  memory: 000ef000 @ 00001000 (ROM data)
[    0.000000]  memory: 00798000 @ 000f0000 (reserved)
[    0.000000]  memory: 0f777000 @ 00888000 (usable)
[    0.000000] debug: ignoring loglevel setting.
[    0.000000] Wasting 69888 bytes for tracking 2184 unused pages
[    0.000000] Initrd not found or empty - disabling initrd
[    0.000000] Zone ranges:
[    0.000000]   DMA      [mem 0x0000000000000000-0x0000000000ffffff]
[    0.000000]   Normal   [mem 0x0000000001000000-0x000000000fffefff]
[    0.000000] Movable zone start for each node
[    0.000000] Early memory node ranges
[    0.000000]   node   0: [mem 0x0000000000000000-0x000000000fffefff]
[    0.000000] Initmem setup node 0 [mem 0x0000000000000000-0x000000000fffefff]
[    0.000000] On node 0 totalpages: 65535
[    0.000000] free_area_init_node: node 0, pgdat 8081d5b0, node_mem_map 81000000
[    0.000000]   DMA zone: 32 pages used for memmap
[    0.000000]   DMA zone: 0 pages reserved
[    0.000000]   DMA zone: 4096 pages, LIFO batch:0
[    0.000000]   Normal zone: 480 pages used for memmap
[    0.000000]   Normal zone: 61439 pages, LIFO batch:15
[    0.000000] Primary instruction cache 2kB, VIPT, 2-way, linesize 16 bytes.
[    0.000000] Primary data cache 2kB, 2-way, VIPT, no aliases, linesize 16 bytes
[    0.000000] pcpu-alloc: s0 r0 d32768 u32768 alloc=1*32768
[    0.000000] pcpu-alloc: [0] 0 
[    0.000000] Built 1 zonelists in Zone order, mobility grouping on.  Total pages: 65023
[    0.000000] Kernel command line: root=/dev/sda1 console=ttyS0 nandsim.parts=64,64,64,64,64,64,64,64,64,64 rdinit=/firmadyne/preInit.sh rw debug ignore_loglevel print-fatal-signals=1 FIRMAE_NET=true FIRMAE_NVRAM=true FIRMAE_KERNEL=true FIRMAE_ETC=true user_debug=0 firmadyne.syscall=1 noka
[    0.000000] found FIRMAE_KERNEL=t
[    0.000000] set the LD_PRELOAD=/firmadyne/libnvram_ioctl.so
[    0.000000] PID hash table entries: 1024 (order: 0, 4096 bytes)
[    0.000000] Dentry cache hash table entries: 32768 (order: 5, 131072 bytes)
[    0.000000] Inode-cache hash table entries: 16384 (order: 4, 65536 bytes)
[    0.000000] Writing ErrCtl register=00000000
[    0.000000] Readback ErrCtl register=00000000
[    0.000000] Memory: 251112K/262140K available (5360K kernel code, 244K rwdata, 1676K rodata, 260K init, 158K bss, 11028K reserved, 0K cma-reserved)
[    0.000000] NR_IRQS:256
[    0.000000] CPU frequency 200.00 MHz
[    0.000000] clocksource MIPS: mask: 0xffffffff max_cycles: 0xffffffff, max_idle_ns: 19112461507 ns
[    0.000176] sched_clock: 32 bits at 100MHz, resolution 9ns, wraps every 21474675707ns
[    0.010419] Console: colour dummy device 80x25
[    0.011222] Calibrating delay loop... 39.29 BogoMIPS (lpj=78592)
[    0.061202] pid_max: default: 32768 minimum: 301
[    0.064156] Mount-cache hash table entries: 1024 (order: 0, 4096 bytes)
[    0.064543] Mountpoint-cache hash table entries: 1024 (order: 0, 4096 bytes)
[    0.112836] clocksource jiffies: mask: 0xffffffff max_cycles: 0xffffffff, max_idle_ns: 7645041785100000 ns
[    0.121090] NET: Registered protocol family 16
[    0.325193] clocksource pit: mask: 0xffffffff max_cycles: 0xffffffff, max_idle_ns: 1601818034827 ns
[    0.437500] vgaarb: loaded
[    0.441703] SCSI subsystem initialized
[    0.443590] libata version 3.00 loaded.
[    0.446867] usbcore: registered new interface driver usbfs
[    0.447912] usbcore: registered new interface driver hub
[    0.448709] usbcore: registered new device driver usb
[    0.450784] pps_core: LinuxPPS API ver. 1 registered
[    0.451090] pps_core: Software ver. 5.3.6 - Copyright 2005-2007 Rodolfo Giometti <giometti@linux.it>
[    0.451788] PTP clock support registered
[    0.455339] PCI host bridge to bus 0000:00
[    0.455921] pci_bus 0000:00: root bus resource [mem 0x10000000-0x17ffffff]
[    0.456380] pci_bus 0000:00: root bus resource [io  0x1000-0x1fffff]
[    0.456821] pci_bus 0000:00: root bus resource [??? 0x00000000 flags 0x0]
[    0.457258] pci_bus 0000:00: No busn resource found for root bus, will use [bus 00-ff]
[    0.458268] pci 0000:00:00.0: [11ab:4620] type 00 class 0x060000
[    0.459094] pci 0000:00:00.0: [Firmware Bug]: reg 0x14: invalid BAR (can't size)
[    0.459534] pci 0000:00:00.0: [Firmware Bug]: reg 0x18: invalid BAR (can't size)
[    0.459956] pci 0000:00:00.0: [Firmware Bug]: reg 0x1c: invalid BAR (can't size)
[    0.460388] pci 0000:00:00.0: [Firmware Bug]: reg 0x20: invalid BAR (can't size)
[    0.460841] pci 0000:00:00.0: [Firmware Bug]: reg 0x24: invalid BAR (can't size)
[    0.463913] pci 0000:00:0a.0: [8086:7110] type 00 class 0x060100
[    0.466456] pci 0000:00:0a.1: [8086:7111] type 00 class 0x010180
[    0.467131] pci 0000:00:0a.1: reg 0x20: [io  0x0000-0x000f]
[    0.467584] pci 0000:00:0a.1: legacy IDE quirk: reg 0x10: [io  0x01f0-0x01f7]
[    0.468018] pci 0000:00:0a.1: legacy IDE quirk: reg 0x14: [io  0x03f6]
[    0.468441] pci 0000:00:0a.1: legacy IDE quirk: reg 0x18: [io  0x0170-0x0177]
[    0.468864] pci 0000:00:0a.1: legacy IDE quirk: reg 0x1c: [io  0x0376]
[    0.471300] pci 0000:00:0a.2: [8086:7112] type 00 class 0x0c0300
[    0.471800] pci 0000:00:0a.2: reg 0x20: [io  0x0000-0x001f]
[    0.474122] pci 0000:00:0a.3: [8086:7113] type 00 class 0x068000
[    0.475058] pci 0000:00:0a.3: quirk: [io  0x1000-0x103f] claimed by PIIX4 ACPI
[    0.475680] pci 0000:00:0a.3: quirk: [io  0x1100-0x110f] claimed by PIIX4 SMB
[    0.478049] pci 0000:00:12.0: [1013:00b8] type 00 class 0x030000
[    0.478509] pci 0000:00:12.0: reg 0x10: [mem 0x00000000-0x01ffffff pref]
[    0.478941] pci 0000:00:12.0: reg 0x14: [mem 0x00000000-0x00000fff]
[    0.479432] pci 0000:00:12.0: reg 0x30: [mem 0x00000000-0x0000ffff pref]
[    0.481530] vgaarb: device added: PCI:0000:00:12.0,decodes=io+mem,owns=none,locks=none
[    0.482473] pci 0000:00:13.0: [8086:100e] type 00 class 0x020000
[    0.482932] pci 0000:00:13.0: reg 0x10: [mem 0x00000000-0x0001ffff]
[    0.483348] pci 0000:00:13.0: reg 0x14: [io  0x0000-0x003f]
[    0.483823] pci 0000:00:13.0: reg 0x30: [mem 0x00000000-0x0003ffff pref]
[    0.486161] pci 0000:00:14.0: [8086:100e] type 00 class 0x020000
[    0.486603] pci 0000:00:14.0: reg 0x10: [mem 0x00000000-0x0001ffff]
[    0.487022] pci 0000:00:14.0: reg 0x14: [io  0x0000-0x003f]
[    0.487490] pci 0000:00:14.0: reg 0x30: [mem 0x00000000-0x0003ffff pref]
[    0.489982] pci 0000:00:15.0: [8086:100e] type 00 class 0x020000
[    0.490439] pci 0000:00:15.0: reg 0x10: [mem 0x00000000-0x0001ffff]
[    0.490860] pci 0000:00:15.0: reg 0x14: [io  0x0000-0x003f]
[    0.491330] pci 0000:00:15.0: reg 0x30: [mem 0x00000000-0x0003ffff pref]
[    0.493698] pci 0000:00:16.0: [8086:100e] type 00 class 0x020000
[    0.494149] pci 0000:00:16.0: reg 0x10: [mem 0x00000000-0x0001ffff]
[    0.494563] pci 0000:00:16.0: reg 0x14: [io  0x0000-0x003f]
[    0.495014] pci 0000:00:16.0: reg 0x30: [mem 0x00000000-0x0003ffff pref]
[    0.497466] pci_bus 0000:00: busn_res: [bus 00-ff] end is updated to 00
[    0.499715] pci 0000:00:12.0: BAR 0: assigned [mem 0x10000000-0x11ffffff pref]
[    0.500331] pci 0000:00:13.0: BAR 6: assigned [mem 0x12000000-0x1203ffff pref]
[    0.500935] pci 0000:00:14.0: BAR 6: assigned [mem 0x12040000-0x1207ffff pref]
[    0.501413] pci 0000:00:15.0: BAR 6: assigned [mem 0x12080000-0x120bffff pref]
[    0.501896] pci 0000:00:16.0: BAR 6: assigned [mem 0x120c0000-0x120fffff pref]
[    0.502376] pci 0000:00:13.0: BAR 0: assigned [mem 0x12100000-0x1211ffff]
[    0.502847] pci 0000:00:14.0: BAR 0: assigned [mem 0x12120000-0x1213ffff]
[    0.503321] pci 0000:00:15.0: BAR 0: assigned [mem 0x12140000-0x1215ffff]
[    0.503796] pci 0000:00:16.0: BAR 0: assigned [mem 0x12160000-0x1217ffff]
[    0.504285] pci 0000:00:12.0: BAR 6: assigned [mem 0x12180000-0x1218ffff pref]
[    0.504893] pci 0000:00:12.0: BAR 1: assigned [mem 0x12190000-0x12190fff]
[    0.505371] pci 0000:00:13.0: BAR 1: assigned [io  0x1040-0x107f]
[    0.505794] pci 0000:00:14.0: BAR 1: assigned [io  0x1080-0x10bf]
[    0.506228] pci 0000:00:15.0: BAR 1: assigned [io  0x10c0-0x10ff]
[    0.506664] pci 0000:00:16.0: BAR 1: assigned [io  0x1400-0x143f]
[    0.507094] pci 0000:00:0a.2: BAR 4: assigned [io  0x1440-0x145f]
[    0.507532] pci 0000:00:0a.1: BAR 4: assigned [io  0x1460-0x146f]
[    0.521038] cfg80211: Calling CRDA to update world regulatory domain
[    0.531410] Switched to clocksource MIPS
[    0.617737] NET: Registered protocol family 2
[    0.627004] TCP established hash table entries: 2048 (order: 1, 8192 bytes)
[    0.627977] TCP bind hash table entries: 2048 (order: 1, 8192 bytes)
[    0.628801] TCP: Hash tables configured (established 2048 bind 2048)
[    0.629663] UDP hash table entries: 256 (order: 0, 4096 bytes)
[    0.630197] UDP-Lite hash table entries: 256 (order: 0, 4096 bytes)
[    0.633296] NET: Registered protocol family 1
[    0.634570] PCI: Enabling device 0000:00:0a.2 (0000 -> 0001)
[    0.635852] PCI: CLS 0 bytes, default 16
[    0.660185] futex hash table entries: 256 (order: -1, 3072 bytes)
[    0.672717] squashfs: version 4.0 (2009/01/31) Phillip Lougher
[    0.674552] jffs2: version 2.2. (NAND) Â© 2001-2006 Red Hat, Inc.
[    0.677120] romfs: ROMFS MTD (C) 2007 Red Hat, Inc.
[    0.695782] Block layer SCSI generic (bsg) driver version 0.4 loaded (major 251)
[    0.696288] io scheduler noop registered
[    0.696814] io scheduler cfq registered (default)
[    0.697566] firmadyne: devfs: 1, execute: 1, procfs: 1, syscall: 1
[    0.701890] firmadyne: Cannot register character device: gpio, 0xfc, 0x0!
[    0.708408] firmadyne: Cannot register character device: watchdog, 0xa, 0x82!
[    0.708794] firmadyne: Cannot register character device: wdt, 0xfd, 0x0!
[    2.006291] strName = 4.1.17+
[    2.006291] init_task_addr  = 2155778944
[    2.006291] init_task_size  = 1296
[    2.006291] ts_tasks        = 292
[    2.006291] ts_pid          = 408
[    2.006291] ts_tgid         = 412
[    2.006291] ts_group_leader = 440
[    2.006291] ts_thread_group = 496
[    2.006291] ts_real_parent  = 416
[    2.006291] ts_mm           = 300
[    2.006291] ts_stack        = 4
[    2.008309] module_name   = 12
[    2.008309] module_size   = 208
[    2.008309] module_init   = 200
[    2.008309] module_list   = 4
[    2.009022] ts_real_cred    = 624
[    2.009022] ts_cred         = 628
[    2.009022] ts_comm         = 632
[    2.009022] cred_uid        = 4
[    2.009022] cred_gid        = 8
[    2.009022] cred_euid       = 20
[    2.009022] cred_egid       = 24
[    2.010200] mm_mmap         = 0
[    2.010200] mm_pgd          = 32
[    2.010200] mm_arg_start    = 136
[    2.010200] mm_start_brk    = 124
[    2.010200] mm_brk          = 128
[    2.010200] mm_start_stack  = 132
[    2.011208] vma_vm_start    = 0
[    2.011208] vma_vm_end      = 4
[    2.011208] vma_vm_next     = 8
[    2.011208] vma_vm_file     = 80
[    2.011208] vma_vm_flags    = 40
[    2.011208] vma_vm_pgoff    = 76
[    2.012433] file_dentry     = 12
[    2.012433] file_inode      = 40
[    2.012433] dentry_d_name   = 24
[    2.012433] dentry_d_iname  = 44
[    2.012433] dentry_d_parent = 16
[    2.012433] ti_task         = 0
[    2.012433] inode_ino   = 28
[    2.818332] proc_fork_connector  = 2151078840
[    2.818625] proc_exit_connector  = 2151080432
[    2.818876] proc_exec_connector  = 2151079052
[    2.819120] vma_link  = 2149124372
[    2.819341] vma_adjust  = 2149124540
[    2.819663] remove_vma  = 2149122188
[    2.819881] modules  = 2155833724
[    2.820100] trim_init_extable  = 2150545316
[    2.822960] PCI: Enabling device 0000:00:12.0 (0000 -> 0002)
[    2.824152] cirrusfb 0000:00:12.0: Cirrus Logic chipset on PCI bus, RAM (4096 kB) at 0x10000000
[    3.062378] Console: switching to colour frame buffer device 80x30
[    3.116400] Serial: 8250/16550 driver, 4 ports, IRQ sharing enabled
[    3.128024] console [ttyS0] disabled
[    3.156349] serial8250.0: ttyS0 at I/O 0x3f8 (irq = 4, base_baud = 115200) is a 16550A
[    3.157358] console [ttyS0] enabled
[    3.157358] console [ttyS0] enabled
[    3.157825] bootconsole [uart0] disabled
[    3.157825] bootconsole [uart0] disabled
[    3.192014] serial8250.0: ttyS1 at I/O 0x2f8 (irq = 3, base_baud = 115200) is a 16550A
[    3.286424] brd: module loaded
[    3.335944] loop: module loaded
[    3.341097] ata_piix 0000:00:0a.1: version 2.13
[    3.341566] PCI: Enabling device 0000:00:0a.1 (0000 -> 0001)
[    3.361893] scsi host0: ata_piix
[    3.366287] scsi host1: ata_piix
[    3.369290] ata1: PATA max UDMA/33 cmd 0x1f0 ctl 0x3f6 bmdma 0x1460 irq 14
[    3.369699] ata2: PATA max UDMA/33 cmd 0x170 ctl 0x376 bmdma 0x1468 irq 15
[    3.374917] [nandsim] warning: read_byte: unexpected data output cycle, state is STATE_READY return 0x0
[    3.375401] [nandsim] warning: read_byte: unexpected data output cycle, state is STATE_READY return 0x0
[    3.375979] [nandsim] warning: read_byte: unexpected data output cycle, state is STATE_READY return 0x0
[    3.376444] [nandsim] warning: read_byte: unexpected data output cycle, state is STATE_READY return 0x0
[    3.376896] [nandsim] warning: read_byte: unexpected data output cycle, state is STATE_READY return 0x0
[    3.377357] [nandsim] warning: read_byte: unexpected data output cycle, state is STATE_READY return 0x0
[    3.377955] nand: device found, Manufacturer ID: 0x98, Chip ID: 0x39
[    3.378305] nand: Toshiba NAND 128MiB 1,8V 8-bit
[    3.378620] nand: 128 MiB, SLC, erase size: 16 KiB, page size: 512, OOB size: 16
[    3.380055] flash size: 128 MiB
[    3.380262] page size: 512 bytes
[    3.380466] OOB area size: 16 bytes
[    3.380678] sector size: 16 KiB
[    3.380878] pages number: 262144
[    3.381083] pages per sector: 32
[    3.381280] bus width: 8
[    3.381458] bits in sector size: 14
[    3.381668] bits in page size: 9
[    3.381872] bits in OOB size: 4
[    3.382080] flash size with OOB: 135168 KiB
[    3.382315] page address bytes: 4
[    3.382526] sector address bytes: 3
[    3.382735] options: 0x42
[    3.445840] Scanning device for bad blocks
[    4.357927] cfg80211: Calling CRDA to update world regulatory domain
[    4.362080] ata2.01: NODEV after polling detection
[    4.362664] ata1.01: NODEV after polling detection
[    4.364168] ata2.00: ATAPI: QEMU DVD-ROM, 2.5+, max UDMA/100
[    4.365819] ata1.00: ATA-7: QEMU HARDDISK, 2.5+, max UDMA/100
[    4.366197] ata1.00: 2097152 sectors, multi 16: LBA48 
[    4.367924] ata2.00: configured for UDMA/33
[    4.373113] ata1.00: configured for UDMA/33
[    4.380111] scsi 0:0:0:0: Direct-Access     ATA      QEMU HARDDISK    2.5+ PQ: 0 ANSI: 5
[    4.391810] spurious 8259A interrupt: IRQ7.
[    4.393673] sd 0:0:0:0: [sda] 2097152 512-byte logical blocks: (1.07 GB/1.00 GiB)
[    4.394917] scsi 1:0:0:0: CD-ROM            QEMU     QEMU DVD-ROM     2.5+ PQ: 0 ANSI: 5
[    4.405344] sd 0:0:0:0: [sda] Write Protect is off
[    4.405762] sd 0:0:0:0: [sda] Mode Sense: 00 3a 00 00
[    4.406965] sd 0:0:0:0: [sda] Write cache: enabled, read cache: enabled, doesn't support DPO or FUA
[    4.416263]  sda: sda1
[    4.426044] sd 0:0:0:0: [sda] Attached SCSI disk
[    4.426517] Creating 11 MTD partitions on "NAND 128MiB 1,8V 8-bit":
[    4.427048] 0x000000000000-0x000000100000 : "NAND simulator partition 0"
[    4.435916] 0x000000100000-0x000000200000 : "NAND simulator partition 1"
[    4.444169] 0x000000200000-0x000000300000 : "NAND simulator partition 2"
[    4.452627] 0x000000300000-0x000000400000 : "NAND simulator partition 3"
[    4.461087] 0x000000400000-0x000000500000 : "NAND simulator partition 4"
[    4.469635] 0x000000500000-0x000000600000 : "NAND simulator partition 5"
[    4.478495] 0x000000600000-0x000000700000 : "NAND simulator partition 6"
[    4.487371] 0x000000700000-0x000000800000 : "NAND simulator partition 7"
[    4.496225] 0x000000800000-0x000000900000 : "NAND simulator partition 8"
[    4.504546] 0x000000900000-0x000000a00000 : "NAND simulator partition 9"
[    4.512879] 0x000000a00000-0x000008000000 : "NAND simulator partition 10"
[    4.548383] tun: Universal TUN/TAP device driver, 1.6
[    4.548682] tun: (C) 1999-2004 Max Krasnyansky <maxk@qualcomm.com>
[    4.551551] pcnet32: pcnet32.c:v1.35 21.Apr.2008 tsbogend@alpha.franken.de
[    4.552603] e1000: Intel(R) PRO/1000 Network Driver - version 7.3.21-k8-NAPI
[    4.552977] e1000: Copyright (c) 1999-2006 Intel Corporation.
[    4.553738] PCI: Enabling device 0000:00:13.0 (0000 -> 0003)
[    4.844979] e1000 0000:00:13.0 eth0: (PCI:33MHz:32-bit) 52:54:00:12:34:56
[    4.845541] e1000 0000:00:13.0 eth0: Intel(R) PRO/1000 Network Connection
[    4.846139] PCI: Enabling device 0000:00:14.0 (0000 -> 0003)
[    5.139728] e1000 0000:00:14.0 eth1: (PCI:33MHz:32-bit) 52:54:00:12:34:57
[    5.140217] e1000 0000:00:14.0 eth1: Intel(R) PRO/1000 Network Connection
[    5.140847] PCI: Enabling device 0000:00:15.0 (0000 -> 0003)
[    5.441541] e1000 0000:00:15.0 eth2: (PCI:33MHz:32-bit) 52:54:00:12:34:58
[    5.442030] e1000 0000:00:15.0 eth2: Intel(R) PRO/1000 Network Connection
[    5.442605] PCI: Enabling device 0000:00:16.0 (0000 -> 0003)
[    5.756688] e1000 0000:00:16.0 eth3: (PCI:33MHz:32-bit) 52:54:00:12:34:59
[    5.757168] e1000 0000:00:16.0 eth3: Intel(R) PRO/1000 Network Connection
[    5.758308] e1000e: Intel(R) PRO/1000 Network Driver - 2.3.2-k
[    5.758614] e1000e: Copyright(c) 1999 - 2014 Intel Corporation.
[    5.762360] PPP generic driver version 2.4.2
[    5.764299] PPP Deflate Compression module registered
[    5.764890] PPP MPPE Compression module registered
[    5.765246] NET: Registered protocol family 24
[    5.765853] ehci_hcd: USB 2.0 'Enhanced' Host Controller (EHCI) Driver
[    5.766277] ehci-pci: EHCI PCI platform driver
[    5.767233] ohci_hcd: USB 1.1 'Open' Host Controller (OHCI) Driver
[    5.767771] ohci-pci: OHCI PCI platform driver
[    5.768714] uhci_hcd: USB Universal Host Controller Interface driver
[    5.770135] uhci_hcd 0000:00:0a.2: UHCI Host Controller
[    5.770790] uhci_hcd 0000:00:0a.2: new USB bus registered, assigned bus number 1
[    5.771828] uhci_hcd 0000:00:0a.2: irq 11, io base 0x00001440
[    5.781192] hub 1-0:1.0: USB hub found
[    5.781853] hub 1-0:1.0: 2 ports detected
[    5.789589] usbcore: registered new interface driver usb-storage
[    5.793204] mousedev: PS/2 mouse device common for all mice
[    5.798639] rtc_cmos rtc_cmos: rtc core: registered rtc_cmos as rtc0
[    5.799278] rtc_cmos rtc_cmos: alarms up to one day, 242 bytes nvram
[    5.800600] i2c /dev entries driver
[    5.801648] piix4_smbus 0000:00:0a.3: SMBus Host Controller at 0x1100, revision 0
[    5.805639] sdhci: Secure Digital Host Controller Interface driver
[    5.805963] sdhci: Copyright(c) Pierre Ossman
[    5.808042] hidraw: raw HID events driver (C) Jiri Kosina
[    5.823750] usbcore: registered new interface driver usbhid
[    5.824074] usbhid: USB HID core driver
[    5.824989] Netfilter messages via NETLINK v0.30.
[    5.826128] nf_conntrack version 0.5.0 (3923 buckets, 15692 max)
[    5.829060] ctnetlink v0.93: registering with nfnetlink.
[    5.833817] ipip: IPv4 over IPv4 tunneling driver
[    5.844693] ip_tables: (C) 2000-2006 Netfilter Core Team
[    5.847142] arp_tables: (C) 2002 David S. Miller
[    5.848865] Initializing XFRM netlink socket
[    5.849848] NET: Registered protocol family 10
[    5.867281] ip6_tables: (C) 2000-2006 Netfilter Core Team
[    5.870544] sit: IPv6 over IPv4 tunneling driver
[    5.885507] NET: Registered protocol family 17
[    5.886306] bridge: automatic filtering via arp/ip/ip6tables has been deprecated. Update your scripts to load br_netfilter if you need this.
[    5.887237] Bridge firewalling registered
[    5.887728] Ebtables v2.0 registered
[    5.891526] 8021q: 802.1Q VLAN Support v1.8
[    5.909873] rtc_cmos rtc_cmos: setting system clock to 2025-07-23 11:27:05 UTC (1753270025)
[    5.929430] EXT2-fs (sda1): warning: mounting unchecked fs, running e2fsck is recommended
[    5.931528] VFS: Mounted root (ext2 filesystem) on device 8:1.
[    5.939704] Freeing YAMON memory: 956k freed
[    5.949549] Freeing unused kernel memory: 260K (8081f000 - 80860000)
[    6.060824] firmadyne: sys_reboot[PID: 48 (init)]: magic1:fee1dead, magic2:28121969, cmd:0

init started: BusyBox v1.13.4 (2012-03-09 11:38:45 CST)

starting pid 49, tty '/dev/console': '/usr/etc/rcS'
[    6.290344] firmadyne: do_execve: /firmadyne/console
[    6.290872] OFFSETS: offset of pid: 0x198 offset of comm: 0x278
[    7.499690] cfg80211: Calling CRDA to update world regulatory domain
insmod finish
[    9.692801] firmadyne: sys_socket[PID: 101 (brctl)]: family:2, type:2, protocol:0
[    9.747152] firmadyne: sys_socket[PID: 102 (brctl)]: family:2, type:2, protocol:0
[    9.760454] random: nonblocking pool is initialized
[    9.800067] firmadyne: sys_socket[PID: 103 (ifconfig)]: family:2, type:1, protocol:0
[    9.809820] IPv6: ADDRCONF(NETDEV_UP): eth0: link is not ready
[    9.810294] 8021q: adding VLAN 0 to HW filter on device eth0
[    9.814372] e1000: eth0 NIC Link is Up 1000 Mbps Full Duplex, Flow Control: RX
[    9.823208] IPv6: ADDRCONF(NETDEV_CHANGE): eth0: link becomes ready
[    9.876747] firmadyne: sys_socket[PID: 104 (ifconfig)]: family:2, type:1, protocol:0
[    9.884565] IPv6: ADDRCONF(NETDEV_UP): eth1: link is not ready
[    9.885037] 8021q: adding VLAN 0 to HW filter on device eth1
[    9.888711] e1000: eth1 NIC Link is Up 1000 Mbps Full Duplex, Flow Control: RX
[    9.889647] IPv6: ADDRCONF(NETDEV_CHANGE): eth1: link becomes ready
[    9.996733] firmadyne: sys_socket[PID: 106 (ifconfig)]: family:2, type:1, protocol:0
[   10.000533] firmadyne: __inet_insert_ifa[PID: 106 (ifconfig)]: device:lo ifa:0x7f000001
[   10.003130] firmadyne: __inet_insert_ifa[PID: 106 (ifconfig)]: device:lo ifa:0x7f000001
[   10.057655] firmadyne: sys_socket[PID: 107 (route)]: family:2, type:1, protocol:0
[   10.312112] firmadyne: sys_socket[PID: 109 (klogd)]: family:1, type:1, protocol:0
[   10.313919] firmadyne: sys_socket[PID: 109 (klogd)]: family:1, type:2, protocol:0
[   10.336028] firmadyne: sys_socket[PID: 109 (klogd)]: family:1, type:1, protocol:0
[   10.337125] firmadyne: sys_socket[PID: 109 (klogd)]: family:1, type:2, protocol:0
[   10.352023] firmadyne: sys_socket[PID: 109 (klogd)]: family:1, type:1, protocol:0
[   10.353115] firmadyne: sys_socket[PID: 109 (klogd)]: family:1, type:2, protocol:0
[   10.367773] firmadyne: sys_socket[PID: 109 (klogd)]: family:1, type:1, protocol:0
[   10.368862] firmadyne: sys_socket[PID: 109 (klogd)]: family:1, type:2, protocol:0
[   10.383848] firmadyne: sys_socket[PID: 109 (klogd)]: family:1, type:1, protocol:0
[   10.384915] firmadyne: sys_socket[PID: 109 (klogd)]: family:1, type:2, protocol:0
/usr/etc/rcS: line 144: can't create /proc/wan_unknowmac2cpu: nonexistent directory
[   10.399771] firmadyne: sys_socket[PID: 109 (klogd)]: family:1, type:1, protocol:0
[   10.400829] firmadyne: sys_socket[PID: 109 (klogd)]: family:1, type:2, protocol:0
[   10.415767] firmadyne: sys_socket[PID: 109 (klogd)]: family:1, type:1, protocol:0
[   10.416827] firmadyne: sys_socket[PID: 109 (klogd)]: family:1, type:2, protocol:0
[   10.431797] firmadyne: sys_socket[PID: 109 (klogd)]: family:1, type:1, protocol:0
[   10.432871] firmadyne: sys_socket[PID: 109 (klogd)]: family:1, type:2, protocol:0
[   10.447760] firmadyne: sys_socket[PID: 109 (klogd)]: family:1, type:1, protocol:0
[   10.448824] firmadyne: sys_socket[PID: 109 (klogd)]: family:1, type:2, protocol:0
[   10.463907] firmadyne: sys_socket[PID: 109 (klogd)]: family:1, type:1, protocol:0
[   10.464996] firmadyne: sys_socket[PID: 109 (klogd)]: family:1, type:2, protocol:0
[   10.480140] firmadyne: sys_socket[PID: 109 (klogd)]: family:1, type:1, protocol:0
[   10.482191] firmadyne: sys_socket[PID: 109 (klogd)]: family:1, type:2, protocol:0
[   10.499739] firmadyne: sys_socket[PID: 109 (klogd)]: family:1, type:1, protocol:0
[   10.500821] firmadyne: sys_socket[PID: 109 (klogd)]: family:1, type:2, protocol:0
[36m[rc debug][   10.515799] firmadyne: sys_socket[PID: 109 (klogd)]: family:1, type:1, protocol:0
[   10.516860] firmadyne: sys_socket[PID: 109 (klogd)]: family:1, type:2, protocol:0
/usr/sbin/rc init [0m
[32m[SYSTEM]/sbin/ifconfig eth0 down[0m
[   10.531947] firmadyne: sys_socket[PID: 109 (klogd)]: family:1, type:1, protocol:0
[   10.533040] firmadyne: sys_socket[PID: 109 (klogd)]: family:1, type:2, protocol:0
[   10.547853] firmadyne: sys_socket[PID: 109 (klogd)]: family:1, type:1, protocol:0
[   10.548935] firmadyne: sys_socket[PID: 109 (klogd)]: family:1, type:2, protocol:0
[   10.563882] firmadyne: sys_socket[PID: 109 (klogd)]: family:1, type:1, protocol:0
[   10.564952] firmadyne: sys_socket[PID: 109 (klogd)]: family:1, type:2, protocol:0
[   10.579743] firmadyne: sys_socket[PID: 109 (klogd)]: family:1, type:1, protocol:0
[   10.580831] firmadyne: sys_socket[PID: 109 (klogd)]: family:1, type:2, protocol:0
[   10.595791] firmadyne: sys_socket[PID: 109 (klogd)]: family:1, type:1, protocol:0
[   10.596853] firmadyne: sys_socket[PID: 109 (klogd)]: family:1, type:2, protocol:0
[   10.612120] firmadyne: sys_socket[PID: 109 (klogd)]: family:1, type:1, protocol:0
[   10.613181] firmadyne: sys_socket[PID: 109 (klogd)]: family:1, type:2, protocol:0
[   10.627808] firmadyne: sys_socket[PID: 109 (klogd)]: family:1, type:1, protocol:0
[   10.628879] firmadyne: sys_socket[PID: 109 (klogd)]: family:1, type:2, protocol:0
[   10.643903] firmadyne: sys_socket[PID: 109 (klogd)]: family:1, type:1, protocol:0
[   10.644992] firmadyne: sys_socket[PID: 109 (klogd)]: family:1, type:2, protocol:0
[   10.647002] cfg80211: Calling CRDA to update world regulatory domain
[   10.656649] firmadyne: sys_socket[PID: 116 (ifconfig)]: family:2, type:1, protocol:0
[   10.659771] firmadyne: sys_socket[PID: 109 (klogd)]: family:1, type:1, protocol:0
[   10.660836] firmadyne: sys_socket[PID: 109 (klogd)]: family:1, type:2, protocol:0
[   10.675801] firmadyne: sys_socket[PID: 109 (klogd)]: family:1, type:1, protocol:0
[   10.676808] firmadyne: sys_socket[PID: 109 (klogd)]: family:1, type:2, protocol:0
[   10.692342] firmadyne: sys_socket[PID: 109 (klogd)]: family:1, type:1, protocol:0
[   10.694345] firmadyne: sys_socket[PID: 109 (klogd)]: family:1, type:2, protocol:0
[   10.717866] firmadyne: sys_socket[PID: 109 (klogd)]: family:1, type:1, protocol:0
[   10.718957] firmadyne: sys_socket[PID: 109 (klogd)]: family:1, type:2, protocol:0
[32m[SYSTEM]/sbin/ifconfig eth0 hw ether 00:c0:02:12:35:88 [0m
[   10.736401] firmadyne: sys_socket[PID: 109 (klogd)]: family:1, type:1, protocol:0
[   10.737556] firmadyne: sys_socket[PID: 109 (klogd)]: family:1, type:2, protocol:0
[   10.751776] firmadyne: sys_socket[PID: 109 (klogd)]: family:1, type:1, protocol:0
[   10.752822] firmadyne: sys_socket[PID: 109 (klogd)]: family:1, type:2, protocol:0
[   10.767809] firmadyne: sys_socket[PID: 109 (klogd)]: family:1, type:1, protocol:0
[   10.768875] firmadyne: sys_socket[PID: 109 (klogd)]: family:1, type:2, protocol:0
[   10.783788] firmadyne: sys_socket[PID: 109 (klogd)]: family:1, type:1, protocol:0
[   10.784847] firmadyne: sys_socket[PID: 109 (klogd)]: family:1, type:2, protocol:0
[   10.799768] firmadyne: sys_socket[PID: 109 (klogd)]: family:1, type:1, protocol:0
[   10.800830] firmadyne: sys_socket[PID: 109 (klogd)]: family:1, type:2, protocol:0
[   10.816423] firmadyne: sys_socket[PID: 109 (klogd)]: family:1, type:1, protocol:0
[   10.817479] firmadyne: sys_socket[PID: 109 (klogd)]: family:1, type:2, protocol:0
[   10.831898] firmadyne: sys_socket[PID: 109 (klogd)]: family:1, type:1, protocol:0
[   10.832965] firmadyne: sys_socket[PID: 109 (klogd)]: family:1, type:2, protocol:0
[   10.847830] firmadyne: sys_socket[PID: 109 (klogd)]: family:1, type:1, protocol:0
[   10.848908] firmadyne: sys_socket[PID: 109 (klogd)]: family:1, type:2, protocol:0
[   10.862301] firmadyne: sys_socket[PID: 118 (ifconfig)]: family:2, type:1, protocol:0
[   10.863925] firmadyne: sys_socket[PID: 109 (klogd)]: family:1, type:1, protocol:0
[   10.864990] firmadyne: sys_socket[PID: 109 (klogd)]: family:1, type:2, protocol:0
[   10.880171] firmadyne: sys_socket[PID: 109 (klogd)]: family:1, type:1, protocol:0
[   10.881432] firmadyne: sys_socket[PID: 109 (klogd)]: family:1, type:2, protocol:0
[32m[SYSTEM]/sbin/ifconfig eth0 up[0m
[   10.895738] firmadyne: sys_socket[PID: 109 (klogd)]: family:1, type:1, protocol:0
[   10.896782] firmadyne: sys_socket[PID: 109 (klogd)]: family:1, type:2, protocol:0
[   10.911807] firmadyne: sys_socket[PID: 109 (klogd)]: family:1, type:1, protocol:0
[   10.912875] firmadyne: sys_socket[PID: 109 (klogd)]: family:1, type:2, protocol:0
[   10.927818] firmadyne: sys_socket[PID: 109 (klogd)]: family:1, type:1, protocol:0
[   10.928884] firmadyne: sys_socket[PID: 109 (klogd)]: family:1, type:2, protocol:0
[   10.943791] firmadyne: sys_socket[PID: 109 (klogd)]: family:1, type:1, protocol:0
[   10.944859] firmadyne: sys_socket[PID: 109 (klogd)]: family:1, type:2, protocol:0
[   10.959740] firmadyne: sys_socket[PID: 109 (klogd)]: family:1, type:1, protocol:0
[   10.960807] firmadyne: sys_socket[PID: 109 (klogd)]: family:1, type:2, protocol:0
[   10.975785] firmadyne: sys_socket[PID: 109 (klogd)]: family:1, type:1, protocol:0
[   10.976861] firmadyne: sys_socket[PID: 109 (klogd)]: family:1, type:2, protocol:0
[   10.991797] firmadyne: sys_socket[PID: 109 (klogd)]: family:1, type:1, protocol:0
[   10.992882] firmadyne: sys_socket[PID: 109 (klogd)]: family:1, type:2, protocol:0
[   11.007777] firmadyne: sys_socket[PID: 109 (klogd)]: family:1, type:1, protocol:0
[   11.008870] firmadyne: sys_socket[PID: 109 (klogd)]: family:1, type:2, protocol:0
[   11.011981] firmadyne: sys_socket[PID: 120 (ifconfig)]: family:2, type:1, protocol:0
[   11.019971] IPv6: ADDRCONF(NETDEV_UP): eth0: link is not ready
[   11.020433] 8021q: adding VLAN 0 to HW filter on device eth0
[   11.023865] firmadyne: sys_socket[PID: 109 (klogd)]: family:1, type:1, protocol:0
[   11.024951] firmadyne: sys_socket[PID: 109 (klogd)]: family:1, type:2, protocol:0
[32m[SYSTEM]/bin/renice -20 2[0m
[   11.043897] firmadyne: sys_socket[PID: 109 (klogd)]: family:1, type:1, protocol:0
[   11.045034] firmadyne: sys_socket[PID: 109 (klogd)]: family:1, type:2, protocol:0
[   11.059778] firmadyne: sys_socket[PID: 109 (klogd)]: family:1, type:1, protocol:0
[   11.060825] firmadyne: sys_socket[PID: 109 (klogd)]: family:1, type:2, protocol:0
[   11.075872] firmadyne: sys_socket[PID: 109 (klogd)]: family:1, type:1, protocol:0
[   11.076957] firmadyne: sys_socket[PID: 109 (klogd)]: family:1, type:2, protocol:0
[   11.091746] firmadyne: sys_socket[PID: 109 (klogd)]: family:1, type:1, protocol:0
[   11.092832] firmadyne: sys_socket[PID: 109 (klogd)]: family:1, type:2, protocol:0
[   11.107776] firmadyne: sys_socket[PID: 109 (klogd)]: family:1, type:1, protocol:0
[   11.108846] firmadyne: sys_socket[PID: 109 (klogd)]: family:1, type:2, protocol:0
[   11.123744] firmadyne: sys_socket[PID: 109 (klogd)]: family:1, type:1, protocol:0
[   11.124822] firmadyne: sys_socket[PID: 109 (klogd)]: family:1, type:2, protocol:0
[   11.139809] firmadyne: sys_socket[PID: 109 (klogd)]: family:1, type:1, protocol:0
[   11.140871] firmadyne: sys_socket[PID: 109 (klogd)]: family:1, type:2, protocol:0
[   11.155777] firmadyne: sys_socket[PID: 109 (klogd)]: family:1, type:1, protocol:0
[   11.156854] firmadyne: sys_socket[PID: 109 (klogd)]: family:1, type:2, protocol:0
[   11.171843] firmadyne: sys_socket[PID: 109 (klogd)]: family:1, type:1, protocol:0
[   11.172912] firmadyne: sys_socket[PID: 109 (klogd)]: family:1, type:2, protocol:0
[32m[SYSTEM]/bin/renice -20 3[0m
[   11.187979] firmadyne: sys_socket[PID: 109 (klogd)]: family:1, type:1, protocol:0
[   11.189110] firmadyne: sys_socket[PID: 109 (klogd)]: family:1, type:2, protocol:0
[   11.203857] firmadyne: sys_socket[PID: 109 (klogd)]: family:1, type:1, protocol:0
[   11.204941] firmadyne: sys_socket[PID: 109 (klogd)]: family:1, type:2, protocol:0
[   11.219881] firmadyne: sys_socket[PID: 109 (klogd)]: family:1, type:1, protocol:0
[   11.220963] firmadyne: sys_socket[PID: 109 (klogd)]: family:1, type:2, protocol:0
[   11.235747] firmadyne: sys_socket[PID: 109 (klogd)]: family:1, type:1, protocol:0
[   11.236820] firmadyne: sys_socket[PID: 109 (klogd)]: family:1, type:2, protocol:0
[   11.251818] firmadyne: sys_socket[PID: 109 (klogd)]: family:1, type:1, protocol:0
[   11.252897] firmadyne: sys_socket[PID: 109 (klogd)]: family:1, type:2, protocol:0
[   11.267822] firmadyne: sys_socket[PID: 109 (klogd)]: family:1, type:1, protocol:0
[   11.268900] firmadyne: sys_socket[PID: 109 (klogd)]: family:1, type:2, protocol:0
[   11.283774] firmadyne: sys_socket[PID: 109 (klogd)]: family:1, type:1, protocol:0
[   11.284860] firmadyne: sys_socket[PID: 109 (klogd)]: family:1, type:2, protocol:0
[   11.299847] firmadyne: sys_socket[PID: 109 (klogd)]: family:1, type:1, protocol:0
[   11.300954] firmadyne: sys_socket[PID: 109 (klogd)]: family:1, type:2, protocol:0
[   11.315922] firmadyne: sys_socket[PID: 109 (klogd)]: family:1, type:1, protocol:0
[   11.316996] firmadyne: sys_socket[PID: 109 (klogd)]: family:1, type:2, protocol:0
nvram_init: Initializing NVRAM...
sem_get: Key: 4101c003
[   11.331971] firmadyne: sys_socket[PID: 109 (klogd)]: family:1, type:1, protocol:0
[   11.332995] firmadyne: sys_socket[PID: 109 (klogd)]: family:1, type:2, protocol:0
sem_get: Key: 410f01c8
nvram_set_default_builtin: Setting built-in default values!
nvram_set: console_loglevel = "7"
sem_get: Key: 410f01c8
[   11.347770] firmadyne: sys_socket[PID: 109 (klogd)]: family:1, type:1, protocol:0
[   11.348847] firmadyne: sys_socket[PID: 109 (klogd)]: family:1, type:2, protocol:0
sem_get: Key: 410f01c8
nvram_set: restore_defaults = "1"
sem_get: Key: 410f01c8
sem_get: Key: 410f01c8
nvram_set: sku_name = ""
sem_get: Key: 410f01c8
sem_get: Key: 410f01c8
[   11.363778] firmadyne: sys_socket[PID: 109 (klogd)]: family:1, type:1, protocol:0
[   11.364881] firmadyne: sys_socket[PID: 109 (klogd)]: family:1, type:2, protocol:0
nvram_set: wla_wlanstate = ""
sem_get: Key: 410f01c8
sem_get: Key: 410f01c8
nvram_set: lan_if = "br0"
sem_get: Key: 410f01c8
sem_get: Key: 410f01c8
nvram_set: lan_ipaddr = "192.168.0.50"
sem_get: Key: [   11.380001] firmadyne: sys_socket[PID: 109 (klogd)]: family:1, type:1, protocol:0
[   11.381091] firmadyne: sys_socket[PID: 109 (klogd)]: family:1, type:2, protocol:0
410f01c8
sem_get: Key: 410f01c8
nvram_set: lan_bipaddr = "192.168.0.255"
sem_get: Key: 410f01c8
sem_get: Key: 410f01c8
nvram_set: lan_netmask = "255.255.255.0"
sem_get: Key: 410f01c8
sem_get[   11.395950] firmadyne: sys_socket[PID: 109 (klogd)]: family:1, type:1, protocol:0
[   11.397041] firmadyne: sys_socket[PID: 109 (klogd)]: family:1, type:2, protocol:0
: Key: 410f01c8
nvram_set: time_zone = "PST8PDT"
sem_get: Key: 410f01c8
sem_get: Key: 410f01c8
nvram_set: wan_hwaddr_def = "01:23:45:67:89:ab"
sem_get: Key: 410f01c8
sem_get: Key: 410f01c8
nvram_set: wan_ifname[   11.412016] firmadyne: sys_socket[PID: 109 (klogd)]: family:1, type:1, protocol:0
[   11.413104] firmadyne: sys_socket[PID: 109 (klogd)]: family:1, type:2, protocol:0
 = "eth0"
sem_get: Key: 410f01c8
sem_get: Key: 410f01c8
nvram_set: lan_ifnames = "eth1 eth2 eth3 eth4"
sem_get: Key: 410f01c8
sem_get: Key: 410f01c8
nvram_set: ethConver = "1"
sem_get: Key: [   11.427873] firmadyne: sys_socket[PID: 109 (klogd)]: family:1, type:1, protocol:0
[   11.428986] firmadyne: sys_socket[PID: 109 (klogd)]: family:1, type:2, protocol:0
410f01c8
sem_get: Key: 410f01c8
nvram_set: lan_proto = "dhcp"
sem_get: Key: 410f01c8
sem_get: Key: 410f01c8
nvram_set: wan_ipaddr = "0.0.0.0"
sem_get: Key: 410f01c8
[   11.443840] firmadyne: sys_socket[PID: 109 (klogd)]: family:1, type:1, protocol:0
[   11.444979] firmadyne: sys_socket[PID: 109 (klogd)]: family:1, type:2, protocol:0
sem_get: Key: 410f01c8
nvram_set: wan_netmask = "255.255.255.0"
sem_get: Key: 410f01c8
sem_get: Key: 410f01c8
nvram_set: wanif = "eth0"
sem_get: Key: 410f01c8
sem_get: Key: 410f01c8
nvram_set[   11.459861] firmadyne: sys_socket[PID: 109 (klogd)]: family:1, type:1, protocol:0
[   11.460961] firmadyne: sys_socket[PID: 109 (klogd)]: family:1, type:2, protocol:0
: time_zone_x = "0"
sem_get: Key: 410f01c8
sem_get: Key: 410f01c8
nvram_set: rip_multicast = "0"
sem_get: Key: 410f01c8
sem_get: Key: 410f01c8
nvram_set: bs_trustedip_enable = "0"
sem_get: Key: 410f01c8[   11.475938] firmadyne: sys_socket[PID: 109 (klogd)]: family:1, type:1, protocol:0
[   11.477018] firmadyne: sys_socket[PID: 109 (klogd)]: family:1, type:2, protocol:0

sem_get: Key: 410f01c8
nvram_set: et0macaddr = "01:23:45:67:89:ab"
sem_get: Key: 410f01c8
sem_get: Key: 410f01c8
nvram_set: filter_rule_tbl = ""
sem_get: Key: 410f01c8
sem_get: Key: 410f01c8
[   11.491819] firmadyne: sys_socket[PID: 109 (klogd)]: family:1, type:1, protocol:0
[   11.492901] firmadyne: sys_socket[PID: 109 (klogd)]: family:1, type:2, protocol:0
nvram_set: pppoe2_schedule_config = "127:0:0:23:59"
sem_get: Key: 410f01c8
sem_get: Key: 410f01c8
nvram_set: schedule_config = "127:0:0:23:59"
sem_get: Key: 410f01c8
sem_get: Key: 410f01c8
nvram_set: access_control_mode = "0"
[   11.507862] firmadyne: sys_socket[PID: 109 (klogd)]: family:1, type:1, protocol:0
[   11.508964] firmadyne: sys_socket[PID: 109 (klogd)]: family:1, type:2, protocol:0
sem_get: Key: 410f01c8
sem_get: Key: 410f01c8
nvram_set: fwpt_df_count = "0"
sem_get: Key: 410f01c8
sem_get: Key: 410f01c8
nvram_set: static_if_status = "1"
sem_get: Key: 410f01c8
[   11.523855] firmadyne: sys_socket[PID: 109 (klogd)]: family:1, type:1, protocol:0
[   11.524954] firmadyne: sys_socket[PID: 109 (klogd)]: family:1, type:2, protocol:0
sem_get: Key: 410f01c8
nvram_set: www_relocation = ""
sem_get: Key: 410f01c8
sem_get: Key: 410f01c8
nvram_set: usb_info_dev0 = "A200396E0402FF83@1@14.4G@U@1@USB_Storage;U:;0;0@"
sem_get: Key: 410f01c8
sem_get: Key: 410f01c8
nvram_set[   11.540029] firmadyne: sys_socket[PID: 109 (klogd)]: family:1, type:1, protocol:0
[   11.541140] firmadyne: sys_socket[PID: 109 (klogd)]: family:1, type:2, protocol:0
: usb_info_dev1 = "A200396E0402FF83@1@14.4G@U@1@USB_Storage;U:;0;0@"
sem_get: Key: 410f01c8
sem_get: Key: 410f01c8
nvram_set: usb_info_dev2 = "A200396E0402FF83@1@14.4G@U@1@USB_Storage;U:;0;0@"
sem_get: Key: 410f01c8
sem_get: Key: 410f01c8
nvram_set: usb_info_dev3 = "A200396E0402FF83@1@14.4G@U@1@USB_Storage;U:;0;0@[   11.555820] firmadyne: sys_socket[PID: 109 (klogd)]: family:1, type:1, protocol:0
[   11.556896] firmadyne: sys_socket[PID: 109 (klogd)]: family:1, type:2, protocol:0
"
sem_get: Key: 410f01c8
sem_get: Key: 410f01c8
nvram_set: usb_info_dev4 = "A200396E0402FF83@1@14.4G@U@1@USB_Storage;U:;0;0@"
sem_get: Key: 410f01c8
sem_get: Key: 410f01c8
nvram_set: usb_info_dev5 = "A200396E0402FF83@1@14.4G@U@1@USB_Storage;U:;0;0@"
sem_get: Key: 410f01c8
[   11.571957] firmadyne: sys_socket[PID: 109 (klogd)]: family:1, type:1, protocol:0
[   11.573035] firmadyne: sys_socket[PID: 109 (klogd)]: family:1, type:2, protocol:0
sem_get: Key: 410f01c8
nvram_set: usb_info_dev6 = "A200396E0402FF83@1@14.4G@U@1@USB_Storage;U:;0;0@"
sem_get: Key: 410f01c8
sem_get: Key: 410f01c8
nvram_set: usb_info_dev7 = "A200396E0402FF83@1@14.4G@U@1@USB_Storage;U:;0;0@"
sem_get: Key: 410f01c8
sem_get: Key: [   11.587828] firmadyne: sys_socket[PID: 109 (klogd)]: family:1, type:1, protocol:0
[   11.588907] firmadyne: sys_socket[PID: 109 (klogd)]: family:1, type:2, protocol:0
410f01c8
nvram_set: usb_info_dev8 = "A200396E0402FF83@1@14.4G@U@1@USB_Storage;U:;0;0@"
sem_get: Key: 410f01c8
sem_get: Key: 410f01c8
nvram_set: usb_info_dev9 = "A200396E0402FF83@1@14.4G@U@1@USB_Storage;U:;0;0@"
sem_get: Key: 410f01c8
sem_get: Key: 410f01c8
nvram_set: [   11.603940] firmadyne: sys_socket[PID: 109 (klogd)]: family:1, type:1, protocol:0
[   11.605049] firmadyne: sys_socket[PID: 109 (klogd)]: family:1, type:2, protocol:0
usb_info_dev10 = "A200396E0402FF83@1@14.4G@U@1@USB_Storage;U:;0;0@"
sem_get: Key: 410f01c8
sem_get: Key: 410f01c8
nvram_set: usb_info_dev11 = "A200396E0402FF83@1@14.4G@U@1@USB_Storage;U:;0;0@"
sem_get: Key: 410f01c8
sem_get: Key: 410f01c8
nvram_set: usb_info_dev12 = "A200396E0402FF83@1@14.4G@U@1@USB_Storage;U:;0;0@"
[   11.619865] firmadyne: sys_socket[PID: 109 (klogd)]: family:1, type:1, protocol:0
[   11.620949] firmadyne: sys_socket[PID: 109 (klogd)]: family:1, type:2, protocol:0
sem_get: Key: 410f01c8
sem_get: Key: 410f01c8
nvram_set: usb_info_dev13 = "A200396E0402FF83@1@14.4G@U@1@USB_Storage;U:;0;0@"
sem_get: Key: 410f01c8
sem_get: Key: 410f01c8
nvram_set: usb_info_dev14 = "A200396E0402FF83@1@14.4G@U@1@USB_Storage;U:;0;0@"
[   11.635777] firmadyne: sys_socket[PID: 109 (klogd)]: family:1, type:1, protocol:0
[   11.636887] firmadyne: sys_socket[PID: 109 (klogd)]: family:1, type:2, protocol:0
sem_get: Key: 410f01c8
sem_get: Key: 410f01c8
nvram_set: usb_info_dev15 = "A200396E0402FF83@1@14.4G@U@1@USB_Storage;U:;0;0@"
sem_get: Key: 410f01c8
sem_get: Key: 410f01c8
nvram_set: usb_info_dev16 = "A200396E0402FF83@1@14.4G@U@1@USB_Storage;U:;0;0@"
sem_get: Key: 410f01c8
[   11.651989] firmadyne: sys_socket[PID: 109 (klogd)]: family:1, type:1, protocol:0
[   11.653175] firmadyne: sys_socket[PID: 109 (klogd)]: family:1, type:2, protocol:0
sem_get: Key: 410f01c8
nvram_set: usb_info_dev17 = "A200396E0402FF83@1@14.4G@U@1@USB_Storage;U:;0;0@"
sem_get: Key: 410f01c8
sem_get: Key: 410f01c8
nvram_set: usb_info_dev18 = "A200396E0402FF83@1@14.4G@U@1@USB_Storage;U:;0;0@"
sem_get: Key: 410f01c8
sem_get: Key: [   11.668000] firmadyne: sys_socket[PID: 109 (klogd)]: family:1, type:1, protocol:0
[   11.669113] firmadyne: sys_socket[PID: 109 (klogd)]: family:1, type:2, protocol:0
410f01c8
nvram_set: usb_info_dev19 = "A200396E0402FF83@1@14.4G@U@1@USB_Storage;U:;0;0@"
sem_get: Key: 410f01c8
sem_get: Key: 410f01c8
nvram_set: usb_info_dev20 = "A200396E0402FF83@1@14.4G@U@1@USB_Storage;U:;0;0@"
sem_get: Key: 410f01c8
sem_get: Key: 410f01c8
nvram_set[   11.683971] firmadyne: sys_socket[PID: 109 (klogd)]: family:1, type:1, protocol:0
[   11.685059] firmadyne: sys_socket[PID: 109 (klogd)]: family:1, type:2, protocol:0
: usb_info_dev21 = "A200396E0402FF83@1@14.4G@U@1@USB_Storage;U:;0;0@"
sem_get: Key: 410f01c8
sem_get: Key: 410f01c8
nvram_set: usb_info_dev22 = "A200396E0402FF83@1@14.4G@U@1@USB_Storage;U:;0;0@"
sem_get: Key: 410f01c8
sem_get: Key: 410f01c8
nvram_set: usb_info_dev23 = "A200396E0402FF83@1@14.4G@U@1@USB_Storage;U:;0;0@[   11.700086] firmadyne: sys_socket[PID: 109 (klogd)]: family:1, type:1, protocol:0
[   11.701201] firmadyne: sys_socket[PID: 109 (klogd)]: family:1, type:2, protocol:0
"
sem_get: Key: 410f01c8
sem_get: Key: 410f01c8
nvram_set: usb_info_dev24 = "A200396E0402FF83@1@14.4G@U@1@USB_Storage;U:;0;0@"
sem_get: Key: 410f01c8
sem_get: Key: 410f01c8
nvram_set: usb_info_dev25 = "A200396E0402FF83@1@14.4G@U@1@USB_Storage;U:;0;0@"
sem_get: Key: [   11.715836] firmadyne: sys_socket[PID: 109 (klogd)]: family:1, type:1, protocol:0
[   11.716926] firmadyne: sys_socket[PID: 109 (klogd)]: family:1, type:2, protocol:0
410f01c8
sem_get: Key: 410f01c8
nvram_set: usb_info_dev26 = "A200396E0402FF83@1@14.4G@U@1@USB_Storage;U:;0;0@"
sem_get: Key: 410f01c8
sem_get: Key: 410f01c8
nvram_set: usb_info_dev27 = "A200396E0402FF83@1@14.4G@U@1@USB_Storage;U:;0;0@"
sem_get: Key: 410f01c8
[   11.731908] firmadyne: sys_socket[PID: 109 (klogd)]: family:1, type:1, protocol:0
[   11.733009] firmadyne: sys_socket[PID: 109 (klogd)]: family:1, type:2, protocol:0
sem_get: Key: 410f01c8
nvram_set: usb_info_dev28 = "A200396E0402FF83@1@14.4G@U@1@USB_Storage;U:;0;0@"
sem_get: Key: 410f01c8
sem_get: Key: 410f01c8
nvram_set: usb_info_dev29 = "A200396E0402FF83@1@14.4G@U@1@USB_Storage;U:;0;0@"
sem_get: Key: 410f01c8
[   11.748010] firmadyne: sys_socket[PID: 109 (klogd)]: family:1, type:1, protocol:0
[   11.749130] firmadyne: sys_socket[PID: 109 (klogd)]: family:1, type:2, protocol:0
sem_get: Key: 410f01c8
nvram_set: usb_info_dev30 = "A200396E0402FF83@1@14.4G@U@1@USB_Storage;U:;0;0@"
sem_get: Key: 410f01c8
sem_get: Key: 410f01c8
nvram_set: usb_info_dev31 = "A200396E0402FF83@1@14.4G@U@1@USB_Storage;U:;0;0@"
sem_get: Key: 410f01c8
sem_get: Key: [   11.763982] firmadyne: sys_socket[PID: 109 (klogd)]: family:1, type:1, protocol:0
[   11.765074] firmadyne: sys_socket[PID: 109 (klogd)]: family:1, type:2, protocol:0
410f01c8
nvram_set: usb_info_dev32 = "A200396E0402FF83@1@14.4G@U@1@USB_Storage;U:;0;0@"
sem_get: Key: 410f01c8
sem_get: Key: 410f01c8
nvram_set: usb_info_dev33 = "A200396E0402FF83@1@14.4G@U@1@USB_Storage;U:;0;0@"
sem_get: Key: 410f01c8
sem_get: Key: 410f01c8
nvram_set[   11.779939] firmadyne: sys_socket[PID: 109 (klogd)]: family:1, type:1, protocol:0
[   11.781051] firmadyne: sys_socket[PID: 109 (klogd)]: family:1, type:2, protocol:0
: usb_info_dev34 = "A200396E0402FF83@1@14.4G@U@1@USB_Storage;U:;0;0@"
sem_get: Key: 410f01c8
sem_get: Key: 410f01c8
nvram_set: usb_info_dev35 = "A200396E0402FF83@1@14.4G@U@1@USB_Storage;U:;0;0@"
sem_get: Key: 410f01c8
sem_get: Key: 410f01c8
nvram_set: usb_info_dev36 = "A200396E0402FF83@1@14.4G@U@1@USB_Storage;U:;0;0@[   11.796117] firmadyne: sys_socket[PID: 109 (klogd)]: family:1, type:1, protocol:0
[   11.797232] firmadyne: sys_socket[PID: 109 (klogd)]: family:1, type:2, protocol:0
"
sem_get: Key: 410f01c8
sem_get: Key: 410f01c8
nvram_set: usb_info_dev37 = "A200396E0402FF83@1@14.4G@U@1@USB_Storage;U:;0;0@"
sem_get: Key: 410f01c8
sem_get: Key: 410f01c8
nvram_set: usb_info_dev38 = "A200396E0402FF83@1@14.4G@U@1@USB_Storage;U:;0;0@"
sem_get: Key: [   11.811871] firmadyne: sys_socket[PID: 109 (klogd)]: family:1, type:1, protocol:0
[   11.812941] firmadyne: sys_socket[PID: 109 (klogd)]: family:1, type:2, protocol:0
410f01c8
sem_get: Key: 410f01c8
nvram_set: usb_info_dev39 = "A200396E0402FF83@1@14.4G@U@1@USB_Storage;U:;0;0@"
sem_get: Key: 410f01c8
sem_get: Key: 410f01c8
nvram_set: usb_info_dev40 = "A200396E0402FF83@1@14.4G@U@1@USB_Storage;U:;0;0@"
sem_get: Key: 410f01c8
[   11.827907] firmadyne: sys_socket[PID: 109 (klogd)]: family:1, type:1, protocol:0
[   11.828993] firmadyne: sys_socket[PID: 109 (klogd)]: family:1, type:2, protocol:0
sem_get: Key: 410f01c8
nvram_set: usb_info_dev41 = "A200396E0402FF83@1@14.4G@U@1@USB_Storage;U:;0;0@"
sem_get: Key: 410f01c8
sem_get: Key: 410f01c8
nvram_set: usb_info_dev42 = "A200396E0402FF83@1@14.4G@U@1@USB_Storage;U:;0;0@"
sem_get: Key: 410f01c8
sem_get[   11.843944] firmadyne: sys_socket[PID: 109 (klogd)]: family:1, type:1, protocol:0
[   11.845047] firmadyne: sys_socket[PID: 109 (klogd)]: family:1, type:2, protocol:0
: Key: 410f01c8
nvram_set: usb_info_dev43 = "A200396E0402FF83@1@14.4G@U@1@USB_Storage;U:;0;0@"
sem_get: Key: 410f01c8
sem_get: Key: 410f01c8
nvram_set: usb_info_dev44 = "A200396E0402FF83@1@14.4G@U@1@USB_Storage;U:;0;0@"
sem_get: Key: 410f01c8
sem_get: Key: 410f01c8
[   11.860053] firmadyne: sys_socket[PID: 109 (klogd)]: family:1, type:1, protocol:0
[   11.861151] firmadyne: sys_socket[PID: 109 (klogd)]: family:1, type:2, protocol:0
nvram_set: usb_info_dev45 = "A200396E0402FF83@1@14.4G@U@1@USB_Storage;U:;0;0@"
sem_get: Key: 410f01c8
sem_get: Key: 410f01c8
nvram_set: usb_info_dev46 = "A200396E0402FF83@1@14.4G@U@1@USB_Storage;U:;0;0@"
sem_get: Key: 410f01c8
sem_get: Key: 410f01c8
nvram_set: usb_info_dev47[   11.875869] firmadyne: sys_socket[PID: 109 (klogd)]: family:1, type:1, protocol:0
[   11.876979] firmadyne: sys_socket[PID: 109 (klogd)]: family:1, type:2, protocol:0
 = "A200396E0402FF83@1@14.4G@U@1@USB_Storage;U:;0;0@"
sem_get: Key: 410f01c8
sem_get: Key: 410f01c8
nvram_set: usb_info_dev48 = "A200396E0402FF83@1@14.4G@U@1@USB_Storage;U:;0;0@"
sem_get: Key: 410f01c8
sem_get: Key: 410f01c8
nvram_set: usb_info_dev49[   11.891926] firmadyne: sys_socket[PID: 109 (klogd)]: family:1, type:1, protocol:0
[   11.893014] firmadyne: sys_socket[PID: 109 (klogd)]: family:1, type:2, protocol:0
 = "A200396E0402FF83@1@14.4G@U@1@USB_Storage;U:;0;0@"
sem_get: Key: 410f01c8
sem_get: Key: 410f01c8
nvram_set: usb_info_dev50 = "A200396E0402FF83@1@14.4G@U@1@USB_Storage;U:;0;0@"
sem_get: Key: 410f01c8
sem_get: Key: 410f01c8
nvram_set: usb_info_dev51 = "A200396E0402FF83@1@14.4G@U@1@USB_Storage;U:;0;0@"
[   11.907763] firmadyne: sys_socket[PID: 109 (klogd)]: family:1, type:1, protocol:0
[   11.908840] firmadyne: sys_socket[PID: 109 (klogd)]: family:1, type:2, protocol:0
sem_get: Key: 410f01c8
sem_get: Key: 410f01c8
nvram_set: usb_info_dev52 = "A200396E0402FF83@1@14.4G@U@1@USB_Storage;U:;0;0@"
sem_get: Key: 410f01c8
sem_get: Key: 410f01c8
nvram_set: usb_info_dev53 = "A200396E0402FF83@1@14.4G@U@1@USB_Storage;U:;0;0@"
sem_get: Key: 410f01c8
[   11.923833] firmadyne: sys_socket[PID: 109 (klogd)]: family:1, type:1, protocol:0
[   11.924911] firmadyne: sys_socket[PID: 109 (klogd)]: family:1, type:2, protocol:0
sem_get: Key: 410f01c8
nvram_set: usb_info_dev54 = "A200396E0402FF83@1@14.4G@U@1@USB_Storage;U:;0;0@"
sem_get: Key: 410f01c8
sem_get: Key: 410f01c8
nvram_set: usb_info_dev55 = "A200396E0402FF83@1@14.4G@U@1@USB_Storage;U:;0;0@"
sem_get: Key: 410f01c8
sem_get: Key: 410f01c8
[   11.939913] firmadyne: sys_socket[PID: 109 (klogd)]: family:1, type:1, protocol:0
[   11.941015] firmadyne: sys_socket[PID: 109 (klogd)]: family:1, type:2, protocol:0
nvram_set: usb_info_dev56 = "A200396E0402FF83@1@14.4G@U@1@USB_Storage;U:;0;0@"
sem_get: Key: 410f01c8
sem_get: Key: 410f01c8
nvram_set: usb_info_dev57 = "A200396E0402FF83@1@14.4G@U@1@USB_Storage;U:;0;0@"
sem_get: Key: 410f01c8
sem_get: Key: 410f01c8
nvram_set: usb_info_dev58[   11.955836] firmadyne: sys_socket[PID: 109 (klogd)]: family:1, type:1, protocol:0
[   11.956912] firmadyne: sys_socket[PID: 109 (klogd)]: family:1, type:2, protocol:0
 = "A200396E0402FF83@1@14.4G@U@1@USB_Storage;U:;0;0@"
sem_get: Key: 410f01c8
sem_get: Key: 410f01c8
nvram_set: usb_info_dev59 = "A200396E0402FF83@1@14.4G@U@1@USB_Storage;U:;0;0@"
sem_get: Key: 410f01c8
sem_get: Key: 410f01c8
nvram_set: usb_info_dev60 = "A200396E0402FF83@1@14.4G@U@1@USB_Storage;U:;0;0@"
sem_get[   11.971998] firmadyne: sys_socket[PID: 109 (klogd)]: family:1, type:1, protocol:0
[   11.973098] firmadyne: sys_socket[PID: 109 (klogd)]: family:1, type:2, protocol:0
: Key: 410f01c8
sem_get: Key: 410f01c8
nvram_set: usb_info_dev61 = "A200396E0402FF83@1@14.4G@U@1@USB_Storage;U:;0;0@"
sem_get: Key: 410f01c8
sem_get: Key: 410f01c8
nvram_set: usb_info_dev62 = "A200396E0402FF83@1@14.4G@U@1@USB_Storage;U:;0;0@"
sem_get: Key: 410f01c8
[   11.987934] firmadyne: sys_socket[PID: 109 (klogd)]: family:1, type:1, protocol:0
[   11.989010] firmadyne: sys_socket[PID: 109 (klogd)]: family:1, type:2, protocol:0
sem_get: Key: 410f01c8
nvram_set: usb_info_dev63 = "A200396E0402FF83@1@14.4G@U@1@USB_Storage;U:;0;0@"
sem_get: Key: 410f01c8
sem_get: Key: 410f01c8
nvram_set: usb_info_dev64 = "A200396E0402FF83@1@14.4G@U@1@USB_Storage;U:;0;0@"
sem_get: Key: 410f01c8
sem_get: Key: 410f01c8[   12.004000] firmadyne: sys_socket[PID: 109 (klogd)]: family:1, type:1, protocol:0
[   12.005077] firmadyne: sys_socket[PID: 109 (klogd)]: family:1, type:2, protocol:0

nvram_set: usb_info_dev65 = "A200396E0402FF83@1@14.4G@U@1@USB_Storage;U:;0;0@"
sem_get: Key: 410f01c8
sem_get: Key: 410f01c8
nvram_set: usb_info_dev66 = "A200396E0402FF83@1@14.4G@U@1@USB_Storage;U:;0;0@"
sem_get: Key: 410f01c8
sem_get: Key: 410f01c8
nvram_set: [   12.019871] firmadyne: sys_socket[PID: 109 (klogd)]: family:1, type:1, protocol:0
[   12.020959] firmadyne: sys_socket[PID: 109 (klogd)]: family:1, type:2, protocol:0
usb_info_dev67 = "A200396E0402FF83@1@14.4G@U@1@USB_Storage;U:;0;0@"
sem_get: Key: 410f01c8
sem_get: Key: 410f01c8
nvram_set: usb_info_dev68 = "A200396E0402FF83@1@14.4G@U@1@USB_Storage;U:;0;0@"
sem_get: Key: 410f01c8
sem_get: Key: 410f01c8
nvram_set: usb_info_dev69[   12.035997] firmadyne: sys_socket[PID: 109 (klogd)]: family:1, type:1, protocol:0
[   12.037079] firmadyne: sys_socket[PID: 109 (klogd)]: family:1, type:2, protocol:0
 = "A200396E0402FF83@1@14.4G@U@1@USB_Storage;U:;0;0@"
sem_get: Key: 410f01c8
sem_get: Key: 410f01c8
nvram_set: usb_info_dev70 = "A200396E0402FF83@1@14.4G@U@1@USB_Storage;U:;0;0@"
sem_get: Key: 410f01c8
sem_get: Key: 410f01c8
nvram_set: usb_info_dev71 = "A200396E0402FF83@1@14.4G@U@1@USB_Storage;U:;0;0@"
[   12.051803] firmadyne: sys_socket[PID: 109 (klogd)]: family:1, type:1, protocol:0
[   12.052877] firmadyne: sys_socket[PID: 109 (klogd)]: family:1, type:2, protocol:0
sem_get: Key: 410f01c8
sem_get: Key: 410f01c8
nvram_set: usb_info_dev72 = "A200396E0402FF83@1@14.4G@U@1@USB_Storage;U:;0;0@"
sem_get: Key: 410f01c8
sem_get: Key: 410f01c8
nvram_set: usb_info_dev73 = "A200396E0402FF83@1@14.4G@U@1@USB_Storage;U:;0;0@"
sem_get: Key: 410f01c8
[   12.067787] firmadyne: sys_socket[PID: 109 (klogd)]: family:1, type:1, protocol:0
[   12.068859] firmadyne: sys_socket[PID: 109 (klogd)]: family:1, type:2, protocol:0
sem_get: Key: 410f01c8
nvram_set: usb_info_dev74 = "A200396E0402FF83@1@14.4G@U@1@USB_Storage;U:;0;0@"
sem_get: Key: 410f01c8
sem_get: Key: 410f01c8
nvram_set: usb_info_dev75 = "A200396E0402FF83@1@14.4G@U@1@USB_Storage;U:;0;0@"
sem_get: Key: 410f01c8
sem_get: Key: [   12.083972] firmadyne: sys_socket[PID: 109 (klogd)]: family:1, type:1, protocol:0
[   12.085136] firmadyne: sys_socket[PID: 109 (klogd)]: family:1, type:2, protocol:0
410f01c8
nvram_set: usb_info_dev76 = "A200396E0402FF83@1@14.4G@U@1@USB_Storage;U:;0;0@"
sem_get: Key: 410f01c8
sem_get: Key: 410f01c8
nvram_set: usb_info_dev77 = "A200396E0402FF83@1@14.4G@U@1@USB_Storage;U:;0;0@"
sem_get: Key: 410f01c8
sem_get: Key: 410f01c8
nvram_set[   12.099994] firmadyne: sys_socket[PID: 109 (klogd)]: family:1, type:1, protocol:0
[   12.101093] firmadyne: sys_socket[PID: 109 (klogd)]: family:1, type:2, protocol:0
: usb_info_dev78 = "A200396E0402FF83@1@14.4G@U@1@USB_Storage;U:;0;0@"
sem_get: Key: 410f01c8
sem_get: Key: 410f01c8
nvram_set: usb_info_dev79 = "A200396E0402FF83@1@14.4G@U@1@USB_Storage;U:;0;0@"
sem_get: Key: 410f01c8
sem_get: Key: 410f01c8
nvram_set: usb_info_dev80 = "A200396E0402FF83@1@14.4G@U@1@USB_Storage;U:;0;0@"
[   12.116108] firmadyne: sys_socket[PID: 109 (klogd)]: family:1, type:1, protocol:0
[   12.117208] firmadyne: sys_socket[PID: 109 (klogd)]: family:1, type:2, protocol:0
sem_get: Key: 410f01c8
sem_get: Key: 410f01c8
nvram_set: usb_info_dev81 = "A200396E0402FF83@1@14.4G@U@1@USB_Storage;U:;0;0@"
sem_get: Key: 410f01c8
sem_get: Key: 410f01c8
nvram_set: usb_info_dev82 = "A200396E0402FF83@1@14.4G@U@1@USB_Storage;U:;0;0@"
sem_get: Key: 410f01c8
[   12.131994] firmadyne: sys_socket[PID: 109 (klogd)]: family:1, type:1, protocol:0
[   12.133093] firmadyne: sys_socket[PID: 109 (klogd)]: family:1, type:2, protocol:0
sem_get: Key: 410f01c8
nvram_set: usb_info_dev83 = "A200396E0402FF83@1@14.4G@U@1@USB_Storage;U:;0;0@"
sem_get: Key: 410f01c8
sem_get: Key: 410f01c8
nvram_set: usb_info_dev84 = "A200396E0402FF83@1@14.4G@U@1@USB_Storage;U:;0;0@"
sem_get: Key: 410f01c8
sem_get[   12.147783] firmadyne: sys_socket[PID: 109 (klogd)]: family:1, type:1, protocol:0
[   12.148862] firmadyne: sys_socket[PID: 109 (klogd)]: family:1, type:2, protocol:0
: Key: 410f01c8
nvram_set: usb_info_dev85 = "A200396E0402FF83@1@14.4G@U@1@USB_Storage;U:;0;0@"
sem_get: Key: 410f01c8
sem_get: Key: 410f01c8
nvram_set: usb_info_dev86 = "A200396E0402FF83@1@14.4G@U@1@USB_Storage;U:;0;0@"
sem_get: Key: 410f01c8
sem_get: Key: 410f01c8
nvram_set[   12.163961] firmadyne: sys_socket[PID: 109 (klogd)]: family:1, type:1, protocol:0
[   12.165086] firmadyne: sys_socket[PID: 109 (klogd)]: family:1, type:2, protocol:0
: usb_info_dev87 = "A200396E0402FF83@1@14.4G@U@1@USB_Storage;U:;0;0@"
sem_get: Key: 410f01c8
sem_get: Key: 410f01c8
nvram_set: usb_info_dev88 = "A200396E0402FF83@1@14.4G@U@1@USB_Storage;U:;0;0@"
sem_get: Key: 410f01c8
sem_get: Key: 410f01c8
nvram_set: usb_info_dev89 = "A200396E0402FF83@1@14.4G@U@1@USB_Storage;U:;0;0@[   12.180127] firmadyne: sys_socket[PID: 109 (klogd)]: family:1, type:1, protocol:0
[   12.181251] firmadyne: sys_socket[PID: 109 (klogd)]: family:1, type:2, protocol:0
"
sem_get: Key: 410f01c8
sem_get: Key: 410f01c8
nvram_set: usb_info_dev90 = "A200396E0402FF83@1@14.4G@U@1@USB_Storage;U:;0;0@"
sem_get: Key: 410f01c8
sem_get: Key: 410f01c8
nvram_set: usb_info_dev91 = "A200396E0402FF83@1@14.4G@U@1@USB_Storage;U:;0;0@"
sem_get: Key: [   12.195775] firmadyne: sys_socket[PID: 109 (klogd)]: family:1, type:1, protocol:0
[   12.196889] firmadyne: sys_socket[PID: 109 (klogd)]: family:1, type:2, protocol:0
410f01c8
sem_get: Key: 410f01c8
nvram_set: usb_info_dev92 = "A200396E0402FF83@1@14.4G@U@1@USB_Storage;U:;0;0@"
sem_get: Key: 410f01c8
sem_get: Key: 410f01c8
nvram_set: usb_info_dev93 = "A200396E0402FF83@1@14.4G@U@1@USB_Storage;U:;0;0@"
sem_get: Key: 410f01c8
[   12.211813] firmadyne: sys_socket[PID: 109 (klogd)]: family:1, type:1, protocol:0
[   12.212897] firmadyne: sys_socket[PID: 109 (klogd)]: family:1, type:2, protocol:0
sem_get: Key: 410f01c8
nvram_set: usb_info_dev94 = "A200396E0402FF83@1@14.4G@U@1@USB_Storage;U:;0;0@"
sem_get: Key: 410f01c8
[   12.240591] firmadyne: sys_socket[PID: 109 (klogd)]: family:1, type:1, protocol:0
[   12.241781] firmadyne: sys_socket[PID: 109 (klogd)]: family:1, type:2, protocol:0
sem_get: Key: 410f01c8
nvram_set: usb_info_dev95 = "A200396E0402FF83@1@14.4G@U@1@USB_Storage;U:;0;0@"
sem_get: Key: 410f01c8
sem_get: Key: 410f01c8
nvram_set: usb_info_dev96 = "A200396E0402FF83@1@14.4G@U@1@USB_Storage;U:;0;0@"
sem_get: Key: 410f01c8
sem_get: Key: 410f01c8
nvram_set: usb_info_dev97 = "A200396E0402FF83@1@14.4G@U@1@USB_Storage;U:;0;0@"
sem_get: Key: 410f01c8
sem_get: Key: 410f01c8
nvram_set: usb_info_dev98 = "A200396E0402FF83@1@14.4G@U@1@USB_Storage;U:;0;0@"
sem_get: Key: 410f01c8
[   12.267801] firmadyne: sys_socket[PID: 109 (klogd)]: family:1, type:1, protocol:0
[   12.268936] firmadyne: sys_socket[PID: 109 (klogd)]: family:1, type:2, protocol:0
sem_get: Key: 410f01c8
nvram_set: usb_info_dev99 = "A200396E0402FF83@1@14.4G@U@1@USB_Storage;U:;0;0@"
sem_get: Key: 410f01c8
sem_get: Key: 410f01c8
nvram_set: usb_info_dev100 = "A200396E0402FF83@1@14.4G@U@1@USB_Storage;U:;0;0@"
sem_get: Key: 410f01c8
sem_get: Key: 410f01c8[   12.284004] firmadyne: sys_socket[PID: 109 (klogd)]: family:1, type:1, protocol:0
[   12.285110] firmadyne: sys_socket[PID: 109 (klogd)]: family:1, type:2, protocol:0

nvram_set: wla_ap_isolate_1 = ""
sem_get: Key: 410f01c8
sem_get: Key: 410f01c8
nvram_set: wla_ap_isolate_2 = ""
sem_get: Key: 410f01c8
sem_get: Key: 410f01c8
nvram_set: wla_ap_isolate_3 = ""
sem_get[   12.300035] firmadyne: sys_socket[PID: 109 (klogd)]: family:1, type:1, protocol:0
[   12.301127] firmadyne: sys_socket[PID: 109 (klogd)]: family:1, type:2, protocol:0
: Key: 410f01c8
sem_get: Key: 410f01c8
nvram_set: wla_ap_isolate_4 = ""
sem_get: Key: 410f01c8
sem_get: Key: 410f01c8
nvram_set: wlg_ap_isolate_1 = ""
sem_get: Key: 410f01c8
sem_get: Key: 410f01c8[   12.315900] firmadyne: sys_socket[PID: 109 (klogd)]: family:1, type:1, protocol:0
[   12.317058] firmadyne: sys_socket[PID: 109 (klogd)]: family:1, type:2, protocol:0

nvram_set: wlg_ap_isolate_2 = ""
sem_get: Key: 410f01c8
sem_get: Key: 410f01c8
nvram_set: wlg_ap_isolate_3 = ""
sem_get: Key: 410f01c8
sem_get: Key: 410f01c8
nvram_set: wlg_ap_isolate_4 = ""
sem_get[   12.332021] firmadyne: sys_socket[PID: 109 (klogd)]: family:1, type:1, protocol:0
[   12.333116] firmadyne: sys_socket[PID: 109 (klogd)]: family:1, type:2, protocol:0
: Key: 410f01c8
sem_get: Key: 410f01c8
nvram_set: wlg_allow_access_1 = ""
sem_get: Key: 410f01c8
sem_get: Key: 410f01c8
nvram_set: wlg_allow_access_2 = ""
sem_get: Key: 410f01c8
sem_get: Key: 410f01c8[   12.347847] firmadyne: sys_socket[PID: 109 (klogd)]: family:1, type:1, protocol:0
[   12.348962] firmadyne: sys_socket[PID: 109 (klogd)]: family:1, type:2, protocol:0

nvram_set: wlg_allow_access_3 = ""
sem_get: Key: 410f01c8
sem_get: Key: 410f01c8
nvram_set: wlg_allow_access_4 = ""
sem_get: Key: 410f01c8
sem_get: Key: 410f01c8
nvram_set: 0:macaddr = "01:23:45:67:89:ab"
[   12.363803] firmadyne: sys_socket[PID: 109 (klogd)]: family:1, type:1, protocol:0
[   12.364903] firmadyne: sys_socket[PID: 109 (klogd)]: family:1, type:2, protocol:0
sem_get: Key: 410f01c8
sem_get: Key: 410f01c8
nvram_set: 1:macaddr = "01:23:45:67:89:ab"
sem_get: Key: 410f01c8
sem_get: Key: 410f01c8
nvram_set: 2:macaddr = "01:23:45:67:89:ab"
sem_get: Key: 410f01c8
[   12.379790] firmadyne: sys_socket[PID: 109 (klogd)]: family:1, type:1, protocol:0
[   12.380894] firmadyne: sys_socket[PID: 109 (klogd)]: family:1, type:2, protocol:0
sem_get: Key: 410f01c8
nvram_set: lan1_ifnames = ""
sem_get: Key: 410f01c8
sem_get: Key: 410f01c8
nvram_set: lan2_ifnames = ""
sem_get: Key: 410f01c8
sem_get: Key: 410f01c8
nvram_set: [   12.395780] firmadyne: sys_socket[PID: 109 (klogd)]: family:1, type:1, protocol:0
[   12.396862] firmadyne: sys_socket[PID: 109 (klogd)]: family:1, type:2, protocol:0
lan3_ifnames = ""
sem_get: Key: 410f01c8
sem_get: Key: 410f01c8
nvram_set: lan4_ifnames = ""
sem_get: Key: 410f01c8
sem_get: Key: 410f01c8
nvram_set: lan5_ifnames = ""
sem_get: Key: 410f01c8
[   12.411821] firmadyne: sys_socket[PID: 109 (klogd)]: family:1, type:1, protocol:0
[   12.412910] firmadyne: sys_socket[PID: 109 (klogd)]: family:1, type:2, protocol:0
sem_get: Key: 410f01c8
nvram_set: lan6_ifnames = ""
sem_get: Key: 410f01c8
sem_get: Key: 410f01c8
nvram_set: lan7_ifnames = ""
sem_get: Key: 410f01c8
sem_get: Key: 410f01c8
nvram_set: lan8_ifnames = "[   12.427851] firmadyne: sys_socket[PID: 109 (klogd)]: family:1, type:1, protocol:0
[   12.428950] firmadyne: sys_socket[PID: 109 (klogd)]: family:1, type:2, protocol:0
"
sem_get: Key: 410f01c8
sem_get: Key: 410f01c8
nvram_set: lan9_ifnames = ""
sem_get: Key: 410f01c8
sem_get: Key: 410f01c8
nvram_set_default: Loading built-in default values = 1!
nvram_set_default: Checking for symbol "router_defaults[   12.444000] firmadyne: sys_socket[PID: 109 (klogd)]: family:1, type:1, protocol:0
[   12.445094] firmadyne: sys_socket[PID: 109 (klogd)]: family:1, type:2, protocol:0
"...
nvram_set_default: Checking for symbol "Nvrams"...
nvram_set: time_zone = "GMT+0"
sem_get: Key: 410f01c8
[   12.459855] firmadyne: sys_socket[PID: 109 (klogd)]: family:1, type:1, protocol:0
[   12.460918] firmadyne: sys_socket[PID: 109 (klogd)]: family:1, type:2, protocol:0
sem_get: Key: 410f01c8
nvram_set: time_daylight = ""
sem_get: Key: 410f01c8
sem_get: Key: 410f01c8
nvram_set: restore_default = "0"
sem_get: Key: 410f01c8
[   12.475762] firmadyne: sys_socket[PID: 109 (klogd)]: family:1, type:1, protocol:0
[   12.476843] firmadyne: sys_socket[PID: 109 (klogd)]: family:1, type:2, protocol:0
sem_get: Key: 410f01c8
nvram_set: wiz_language = "English"
sem_get: Key: 410f01c8
sem_get: Key: 410f01c8
nvram_set: wiz_country = ""
sem_get: Key: [   12.492018] firmadyne: sys_socket[PID: 109 (klogd)]: family:1, type:1, protocol:0
[   12.493115] firmadyne: sys_socket[PID: 109 (klogd)]: family:1, type:2, protocol:0
410f01c8
sem_get: Key: 410f01c8
nvram_set: fix_ipaddr = ""
sem_get: Key: 410f01c8
sem_get: Key: 410f01c8
nvram_set: fix_netmask = ""
sem_get: Key: 410f01c8
[   12.507831] firmadyne: sys_socket[PID: 109 (klogd)]: family:1, type:1, protocol:0
[   12.508929] firmadyne: sys_socket[PID: 109 (klogd)]: family:1, type:2, protocol:0
sem_get: Key: 410f01c8
nvram_set: fix_gateway = ""
sem_get: Key: 410f01c8
sem_get: Key: 410f01c8
nvram_set: wan_ifname = "eth1"
sem_get: Key: 410f01c8
[   12.523772] firmadyne: sys_socket[PID: 109 (klogd)]: family:1, type:1, protocol:0
[   12.524848] firmadyne: sys_socket[PID: 109 (klogd)]: family:1, type:2, protocol:0
sem_get: Key: 410f01c8
nvram_set: wan_mode = "dhcpc"
sem_get: Key: 410f01c8
sem_get: Key: 410f01c8
nvram_set: wan_iptype = "Dynamic"
sem_get[   12.539926] firmadyne: sys_socket[PID: 109 (klogd)]: family:1, type:1, protocol:0
[   12.541018] firmadyne: sys_socket[PID: 109 (klogd)]: family:1, type:2, protocol:0
: Key: 410f01c8
sem_get: Key: 410f01c8
nvram_set: wan_ipaddr = ""
sem_get: Key: 410f01c8
sem_get: Key: 410f01c8
nvram_set: wan_netmask = ""
sem_get: Key: [   12.555782] firmadyne: sys_socket[PID: 109 (klogd)]: family:1, type:1, protocol:0
[   12.556885] firmadyne: sys_socket[PID: 109 (klogd)]: family:1, type:2, protocol:0
410f01c8
sem_get: Key: 410f01c8
nvram_set: wan_gateway = ""
sem_get: Key: 410f01c8
sem_get: Key: 410f01c8
nvram_set: wan_mtu = "1500"
sem_get: Key: 410f01c8[   12.571828] firmadyne: sys_socket[PID: 109 (klogd)]: family:1, type:1, protocol:0
[   12.572934] firmadyne: sys_socket[PID: 109 (klogd)]: family:1, type:2, protocol:0

sem_get: Key: 410f01c8
nvram_set: wan_fix_dns = "0"
sem_get: Key: 410f01c8
sem_get: Key: 410f01c8
nvram_set: wan_dns1 = ""
sem_get: Key: 410f01c8
[   12.587836] firmadyne: sys_socket[PID: 109 (klogd)]: family:1, type:1, protocol:0
[   12.588910] firmadyne: sys_socket[PID: 109 (klogd)]: family:1, type:2, protocol:0
sem_get: Key: 410f01c8
nvram_set: wan_dns2 = ""
sem_get: Key: 410f01c8
sem_get: Key: 410f01c8
nvram_set: wan_macaddr = ""
sem_get: Key: 410f01c8
sem_get[   12.604062] firmadyne: sys_socket[PID: 109 (klogd)]: family:1, type:1, protocol:0
[   12.605155] firmadyne: sys_socket[PID: 109 (klogd)]: family:1, type:2, protocol:0
: Key: 410f01c8
nvram_set: wan_encap = "1"
sem_get: Key: 410f01c8
sem_get: Key: 410f01c8
nvram_set: wan_vpi = "0"
sem_get: Key: 410f01c8
sem_get[   12.619952] firmadyne: sys_socket[PID: 109 (klogd)]: family:1, type:1, protocol:0
[   12.621029] firmadyne: sys_socket[PID: 109 (klogd)]: family:1, type:2, protocol:0
: Key: 410f01c8
nvram_set: wan_vci = "38"
sem_get: Key: 410f01c8
sem_get: Key: 410f01c8
nvram_set: wan_dslmode = "MMODE"
sem_get: Key: 410f01c8
[   12.635828] firmadyne: sys_socket[PID: 109 (klogd)]: family:1, type:1, protocol:0
[   12.636924] firmadyne: sys_socket[PID: 109 (klogd)]: family:1, type:2, protocol:0
sem_get: Key: 410f01c8
nvram_set: wan_account = "JNR3210"
sem_get: Key: 410f01c8
sem_get: Key: 410f01c8
nvram_set: wan_domain = ""
sem_get: Key: [   12.651950] firmadyne: sys_socket[PID: 109 (klogd)]: family:1, type:1, protocol:0
[   12.653049] firmadyne: sys_socket[PID: 109 (klogd)]: family:1, type:2, protocol:0
410f01c8
sem_get: Key: 410f01c8
nvram_set: wan_dod = "1"
sem_get: Key: 410f01c8
sem_get: Key: 410f01c8
nvram_set: wan_pppoe_relay = "0"
sem_get[   12.668009] firmadyne: sys_socket[PID: 109 (klogd)]: family:1, type:1, protocol:0
[   12.669107] firmadyne: sys_socket[PID: 109 (klogd)]: family:1, type:2, protocol:0
: Key: 410f01c8
sem_get: Key: 410f01c8
nvram_set: device_name = "JNR3210"
sem_get: Key: 410f01c8
sem_get: Key: 410f01c8
nvram_set: lan_if = "br0[   12.683853] firmadyne: sys_socket[PID: 109 (klogd)]: family:1, type:1, protocol:0
[   12.684923] firmadyne: sys_socket[PID: 109 (klogd)]: family:1, type:2, protocol:0
"
sem_get: Key: 410f01c8
sem_get: Key: 410f01c8
nvram_set: lan_ipaddr = "192.168.1.1"
sem_get: Key: 410f01c8
sem_get: Key: 410f01c8
[   12.699759] firmadyne: sys_socket[PID: 109 (klogd)]: family:1, type:1, protocol:0
[   12.700836] firmadyne: sys_socket[PID: 109 (klogd)]: family:1, type:2, protocol:0
nvram_set: lan_netmask = "255.255.255.0"
sem_get: Key: 410f01c8
sem_get: Key: 410f01c8
nvram_set: lan_bipaddr = "192.168.1.255"
sem_get: Key: 410f01c8
[   12.715759] firmadyne: sys_socket[PID: 109 (klogd)]: family:1, type:1, protocol:0
[   12.716811] firmadyne: sys_socket[PID: 109 (klogd)]: family:1, type:2, protocol:0
sem_get: Key: 410f01c8
nvram_set: dhcp_server_enable = "1"
sem_get: Key: 410f01c8
sem_get: Key: 410f01c8
nvram_set: dhcp_start_ip = "192.168.1.2"
sem_get[   12.731994] firmadyne: sys_socket[PID: 109 (klogd)]: family:1, type:1, protocol:0
[   12.733079] firmadyne: sys_socket[PID: 109 (klogd)]: family:1, type:2, protocol:0
: Key: 410f01c8
sem_get: Key: 410f01c8
nvram_set: dhcp_end_ip = "192.168.1.254"
sem_get: Key: 410f01c8
sem_get: Key: 410f01c8
nvram_set: [   12.747960] firmadyne: sys_socket[PID: 109 (klogd)]: family:1, type:1, protocol:0
[   12.749054] firmadyne: sys_socket[PID: 109 (klogd)]: family:1, type:2, protocol:0
dhcp_reserved = ""
sem_get: Key: 410f01c8
sem_get: Key: 410f01c8
nvram_set: http_username = "admin"
sem_get: Key: 410f01c8
sem_get: Key: 410f01c8
[   12.763755] firmadyne: sys_socket[PID: 109 (klogd)]: family:1, type:1, protocol:0
[   12.764808] firmadyne: sys_socket[PID: 109 (klogd)]: family:1, type:2, protocol:0
nvram_set: http_password = "password"
sem_get: Key: 410f01c8
sem_get: Key: 410f01c8
nvram_set: http_timeout = "5"
sem_get: Key: 410f01c8
sem_get: Key: 410f01c8
[   12.779846] firmadyne: sys_socket[PID: 109 (klogd)]: family:1, type:1, protocol:0
[   12.780945] firmadyne: sys_socket[PID: 109 (klogd)]: family:1, type:2, protocol:0
nvram_set: rt_static_route = ""
sem_get: Key: 410f01c8
sem_get: Key: 410f01c8
nvram_set: rt_rip_version = "0"
sem_get: Key: 410f01c8
sem_get: Key: 410f01c8[   12.795962] firmadyne: sys_socket[PID: 109 (klogd)]: family:1, type:1, protocol:0
[   12.797061] firmadyne: sys_socket[PID: 109 (klogd)]: family:1, type:2, protocol:0

nvram_set: rt_rip_direction = "both"
sem_get: Key: 410f01c8
sem_get: Key: 410f01c8
nvram_set: ddns_enable = "0"
sem_get: Key: 410f01c8
[   12.811781] firmadyne: sys_socket[PID: 109 (klogd)]: family:1, type:1, protocol:0
[   12.812859] firmadyne: sys_socket[PID: 109 (klogd)]: family:1, type:2, protocol:0
sem_get: Key: 410f01c8
nvram_set: ddns_service_provider = "dyndns"
sem_get: Key: 410f01c8
sem_get: Key: 410f01c8
nvram_set: ddns_user_name = ""
[   12.827761] firmadyne: sys_socket[PID: 109 (klogd)]: family:1, type:1, protocol:0
[   12.828814] firmadyne: sys_socket[PID: 109 (klogd)]: family:1, type:2, protocol:0
sem_get: Key: 410f01c8
sem_get: Key: 410f01c8
nvram_set: ddns_password = ""
sem_get: Key: 410f01c8
sem_get: Key: 410f01c8
[   12.843747] firmadyne: sys_socket[PID: 109 (klogd)]: family:1, type:1, protocol:0
[   12.844885] firmadyne: sys_socket[PID: 109 (klogd)]: family:1, type:2, protocol:0
nvram_set: ddns_host_name = ""
sem_get: Key: 410f01c8
sem_get: Key: 410f01c8
nvram_set: ddns_use_wildcards = "0"
sem_get: Key: 410f01c8
sem_get: Key: 410f01c8
[   12.859753] firmadyne: sys_socket[PID: 109 (klogd)]: family:1, type:1, protocol:0
[   12.860871] firmadyne: sys_socket[PID: 109 (klogd)]: family:1, type:2, protocol:0
nvram_set: pppoe_username = ""
sem_get: Key: 410f01c8
sem_get: Key: 410f01c8
nvram_set: pppoe_password = ""
sem_get: Key: 410f01c8
sem_get: Key: 410f01c8
[   12.875766] firmadyne: sys_socket[PID: 109 (klogd)]: family:1, type:1, protocol:0
[   12.876846] firmadyne: sys_socket[PID: 109 (klogd)]: family:1, type:2, protocol:0
nvram_set: pppoe_idle = "5"
sem_get: Key: 410f01c8
sem_get: Key: 410f01c8
nvram_set: pppoe_service = ""
sem_get: Key: 410f01c8
sem_get: Key: 410f01c8
[   12.891759] firmadyne: sys_socket[PID: 109 (klogd)]: family:1, type:1, protocol:0
[   12.892839] firmadyne: sys_socket[PID: 109 (klogd)]: family:1, type:2, protocol:0
nvram_set: pptpc_server = "10.0.0.138"
sem_get: Key: 410f01c8
sem_get: Key: 410f01c8
nvram_set: pppoa_username = "Guest"
sem_get: Key: 410f01c8
[   12.907787] firmadyne: sys_socket[PID: 109 (klogd)]: family:1, type:1, protocol:0
[   12.908871] firmadyne: sys_socket[PID: 109 (klogd)]: family:1, type:2, protocol:0
sem_get: Key: 410f01c8
nvram_set: pppoa_password = ""
sem_get: Key: 410f01c8
sem_get: Key: 410f01c8
nvram_set: pppoa_idle = "0"
sem_get: Key: 410f01c8
[   12.923932] firmadyne: sys_socket[PID: 109 (klogd)]: family:1, type:1, protocol:0
[   12.924989] firmadyne: sys_socket[PID: 109 (klogd)]: family:1, type:2, protocol:0
sem_get: Key: 410f01c8
nvram_set: pppoa_ipaddr = ""
sem_get: Key: 410f01c8
sem_get: Key: 410f01c8
nvram_set: wifi_ssid = "NETGEAR"
sem_get: Key: 410f01c8
[   12.939915] firmadyne: sys_socket[PID: 109 (klogd)]: family:1, type:1, protocol:0
[   12.940994] firmadyne: sys_socket[PID: 109 (klogd)]: family:1, type:2, protocol:0
sem_get: Key: 410f01c8
nvram_set: wifi_ssid2 = "NETGEAR_Guest"
sem_get: Key: 410f01c8
sem_get: Key: 410f01c8
nvram_set: [   12.955893] firmadyne: sys_socket[PID: 109 (klogd)]: family:1, type:1, protocol:0
[   12.956980] firmadyne: sys_socket[PID: 109 (klogd)]: family:1, type:2, protocol:0
wifi_ssid3 = "NETGEAR_Guest2"
sem_get: Key: 410f01c8
sem_get: Key: 410f01c8
nvram_set: wifi_ssid4 = "NETGEAR_Guest3"
sem_get: Key: 410f01c8
sem_get: Key: 410f01c8
[   12.971759] firmadyne: sys_socket[PID: 109 (klogd)]: family:1, type:1, protocol:0
[   12.972839] firmadyne: sys_socket[PID: 109 (klogd)]: family:1, type:2, protocol:0
nvram_set: wifi_region = "Europe"
sem_get: Key: 410f01c8
sem_get: Key: 410f01c8
nvram_set: wifi_channel = "0"
sem_get: Key: 410f01c8
sem_get[   12.987862] firmadyne: sys_socket[PID: 109 (klogd)]: family:1, type:1, protocol:0
[   12.988945] firmadyne: sys_socket[PID: 109 (klogd)]: family:1, type:2, protocol:0
: Key: 410f01c8
nvram_set: wifi_auth_type = "3"
sem_get: Key: 410f01c8
sem_get: Key: 410f01c8
nvram_set: wifi_auth_type2 = "3"
sem_get: Key: 410f01c8
[   13.003744] firmadyne: sys_socket[PID: 109 (klogd)]: family:1, type:1, protocol:0
[   13.004824] firmadyne: sys_socket[PID: 109 (klogd)]: family:1, type:2, protocol:0
sem_get: Key: 410f01c8
nvram_set: wifi_auth_type3 = "3"
sem_get: Key: 410f01c8
sem_get: Key: 410f01c8
nvram_set: wifi_auth_type4 = "3"
sem_get[   13.020010] firmadyne: sys_socket[PID: 109 (klogd)]: family:1, type:1, protocol:0
[   13.021103] firmadyne: sys_socket[PID: 109 (klogd)]: family:1, type:2, protocol:0
: Key: [   13.024352] e1000: eth0 NIC Link is Up 1000 Mbps Full Duplex, Flow Control: RX
[   13.025452] IPv6: ADDRCONF(NETDEV_CHANGE): eth0: link becomes ready
410f01c8
sem_get: Key: 410f01c8
nvram_set: wifi_key_len = "0"
sem_get[   13.035969] firmadyne: sys_socket[PID: 109 (klogd)]: family:1, type:1, protocol:0
[   13.037055] firmadyne: sys_socket[PID: 109 (klogd)]: family:1, type:2, protocol:0
: Key: 410f01c8
sem_get: Key: 410f01c8
nvram_set: wifi_key_len2 = "0"
sem_get: Key: 410f01c8
sem_get: Key: 410f01c8
[   13.051860] firmadyne: sys_socket[PID: 109 (klogd)]: family:1, type:1, protocol:0
[   13.052961] firmadyne: sys_socket[PID: 109 (klogd)]: family:1, type:2, protocol:0
nvram_set: wifi_key_len3 = "0"
sem_get: Key: 410f01c8
sem_get: Key: 410f01c8
nvram_set: wifi_key_len4 = "0"
sem_get: Key: 410f01c8
sem_get: Key: 410f01c8
[   13.067975] firmadyne: sys_socket[PID: 109 (klogd)]: family:1, type:1, protocol:0
[   13.069051] firmadyne: sys_socket[PID: 109 (klogd)]: family:1, type:2, protocol:0
nvram_set: wifi_def_key = "1"
sem_get: Key: 410f01c8
sem_get: Key: 410f01c8
nvram_set: wifi_def_key2 = "1"
sem_get: Key: 410f01c8
sem_get[   13.083762] firmadyne: sys_socket[PID: 109 (klogd)]: family:1, type:1, protocol:0
[   13.084863] firmadyne: sys_socket[PID: 109 (klogd)]: family:1, type:2, protocol:0
: Key: 410f01c8
nvram_set: wifi_def_key3 = "1"
sem_get: Key: 410f01c8
sem_get: Key: 410f01c8
nvram_set: wifi_def_key4 = "1"
sem_get: Key: 410f01c8
[   13.099751] firmadyne: sys_socket[PID: 109 (klogd)]: family:1, type:1, protocol:0
[   13.100833] firmadyne: sys_socket[PID: 109 (klogd)]: family:1, type:2, protocol:0
sem_get: Key: 410f01c8
nvram_set: wifi_key1 = ""
sem_get: Key: 410f01c8
sem_get: Key: 410f01c8
nvram_set: wifi_key2 = ""
sem_get: Key: 410f01c8
sem_get[   13.115835] firmadyne: sys_socket[PID: 109 (klogd)]: family:1, type:1, protocol:0
[   13.116940] firmadyne: sys_socket[PID: 109 (klogd)]: family:1, type:2, protocol:0
: Key: 410f01c8
nvram_set: wifi_key3 = ""
sem_get: Key: 410f01c8
sem_get: Key: 410f01c8
nvram_set: wifi_key4 = ""
sem_get: Key: 410f01c8
sem_get: Key: 410f01c8
[   13.131775] firmadyne: sys_socket[PID: 109 (klogd)]: family:1, type:1, protocol:0
[   13.132881] firmadyne: sys_socket[PID: 109 (klogd)]: family:1, type:2, protocol:0
nvram_set: wifi_key12 = ""
sem_get: Key: 410f01c8
sem_get: Key: 410f01c8
nvram_set: wifi_key22 = ""
sem_get: Key: 410f01c8
sem_get: Key: 410f01c8
[   13.147759] firmadyne: sys_socket[PID: 109 (klogd)]: family:1, type:1, protocol:0
[   13.148836] firmadyne: sys_socket[PID: 109 (klogd)]: family:1, type:2, protocol:0
nvram_set: wifi_key32 = ""
sem_get: Key: 410f01c8
sem_get: Key: 410f01c8
nvram_set: wifi_key42 = ""
sem_get: Key: 410f01c8
sem_get: Key: 410f01c8
nvram_set[   13.163978] firmadyne: sys_socket[PID: 109 (klogd)]: family:1, type:1, protocol:0
[   13.165086] firmadyne: sys_socket[PID: 109 (klogd)]: family:1, type:2, protocol:0
: wifi_key13 = ""
sem_get: Key: 410f01c8
sem_get: Key: 410f01c8
nvram_set: wifi_key23 = ""
sem_get: Key: 410f01c8
sem_get: Key: 410f01c8
nvram_set: wifi_key33[   13.179945] firmadyne: sys_socket[PID: 109 (klogd)]: family:1, type:1, protocol:0
[   13.181021] firmadyne: sys_socket[PID: 109 (klogd)]: family:1, type:2, protocol:0
 = ""
sem_get: Key: 410f01c8
sem_get: Key: 410f01c8
nvram_set: wifi_key43 = ""
sem_get: Key: 410f01c8
sem_get: Key: 410f01c8
nvram_set: wifi_key14 = ""
[   13.195847] firmadyne: sys_socket[PID: 109 (klogd)]: family:1, type:1, protocol:0
[   13.196950] firmadyne: sys_socket[PID: 109 (klogd)]: family:1, type:2, protocol:0
sem_get: Key: 410f01c8
sem_get: Key: 410f01c8
nvram_set: wifi_key24 = ""
sem_get: Key: 410f01c8
sem_get: Key: 410f01c8
nvram_set: wifi_key34 = ""
sem_get: Key: [   13.211846] firmadyne: sys_socket[PID: 109 (klogd)]: family:1, type:1, protocol:0
[   13.212945] firmadyne: sys_socket[PID: 109 (klogd)]: family:1, type:2, protocol:0
410f01c8
sem_get: Key: 410f01c8
nvram_set: wifi_key44 = ""
sem_get: Key: 410f01c8
sem_get: Key: 410f01c8
nvram_set: wifi_psk_pwd = ""
sem_get: Key: 410f01c8
[   13.227908] firmadyne: sys_socket[PID: 109 (klogd)]: family:1, type:1, protocol:0
[   13.228960] firmadyne: sys_socket[PID: 109 (klogd)]: family:1, type:2, protocol:0
sem_get: Key: 410f01c8
nvram_set: wifi_psk_pwd2 = ""
sem_get: Key: 410f01c8
sem_get: Key: 410f01c8
nvram_set: wifi_psk_pwd3 = ""
sem_get: Key: [   13.243966] firmadyne: sys_socket[PID: 109 (klogd)]: family:1, type:1, protocol:0
[   13.245052] firmadyne: sys_socket[PID: 109 (klogd)]: family:1, type:2, protocol:0
410f01c8
sem_get: Key: 410f01c8
nvram_set: wifi_psk_pwd4 = ""
sem_get: Key: 410f01c8
sem_get: Key: 410f01c8
nvram_set: wifi_access_control = "0"
[   13.259936] firmadyne: sys_socket[PID: 109 (klogd)]: family:1, type:1, protocol:0
[   13.261041] firmadyne: sys_socket[PID: 109 (klogd)]: family:1, type:2, protocol:0
sem_get: Key: 410f01c8
sem_get: Key: 410f01c8
nvram_set: wifi_access_list = ""
sem_get: Key: 410f01c8
sem_get: Key: 410f01c8
nvram_set: wifi_if_on = "[   13.275749] firmadyne: sys_socket[PID: 109 (klogd)]: family:1, type:1, protocol:0
[   13.276806] firmadyne: sys_socket[PID: 109 (klogd)]: family:1, type:2, protocol:0
1"
sem_get: Key: 410f01c8
sem_get: Key: 410f01c8
nvram_set: wifi_if_on2 = "0"
sem_get: Key: 410f01c8
sem_get: Key: 410f01c8
nvram_set: wifi_if_on3[   13.291999] firmadyne: sys_socket[PID: 109 (klogd)]: family:1, type:1, protocol:0
[   13.293103] firmadyne: sys_socket[PID: 109 (klogd)]: family:1, type:2, protocol:0
 = "0"
sem_get: Key: 410f01c8
sem_get: Key: 410f01c8
nvram_set: wifi_if_on4 = "0"
sem_get: Key: 410f01c8
sem_get: Key: 410f01c8
[   13.307763] firmadyne: sys_socket[PID: 109 (klogd)]: family:1, type:1, protocol:0
[   13.308850] firmadyne: sys_socket[PID: 109 (klogd)]: family:1, type:2, protocol:0
nvram_set: wifi_broadcast_ssid = "1"
sem_get: Key: 410f01c8
sem_get: Key: 410f01c8
nvram_set: wifi_broadcast_ssid2 = "1"
sem_get: Key: 410f01c8
sem_get: Key: 410f01c8[   13.323956] firmadyne: sys_socket[PID: 109 (klogd)]: family:1, type:1, protocol:0
[   13.325056] firmadyne: sys_socket[PID: 109 (klogd)]: family:1, type:2, protocol:0

nvram_set: wifi_broadcast_ssid3 = "1"
sem_get: Key: 410f01c8
sem_get: Key: 410f01c8
nvram_set: wifi_broadcast_ssid4 = "1"
sem_get: Key: 410f01c8[   13.339796] firmadyne: sys_socket[PID: 109 (klogd)]: family:1, type:1, protocol:0
[   13.340883] firmadyne: sys_socket[PID: 109 (klogd)]: family:1, type:2, protocol:0

sem_get: Key: 410f01c8
nvram_set: wifi_allow_guest2 = "0"
sem_get: Key: 410f01c8
sem_get: Key: 410f01c8
nvram_set: wifi_allow_guest3 = "[   13.355776] firmadyne: sys_socket[PID: 109 (klogd)]: family:1, type:1, protocol:0
[   13.356960] firmadyne: sys_socket[PID: 109 (klogd)]: family:1, type:2, protocol:0
0"
sem_get: Key: 410f01c8
sem_get: Key: 410f01c8
nvram_set: wifi_allow_guest4 = "0"
sem_get: Key: 410f01c8
sem_get: Key: 410f01c8
[   13.371755] firmadyne: sys_socket[PID: 109 (klogd)]: family:1, type:1, protocol:0
[   13.372836] firmadyne: sys_socket[PID: 109 (klogd)]: family:1, type:2, protocol:0
nvram_set: wifi_wep_on = "0"
sem_get: Key: 410f01c8
sem_get: Key: 410f01c8
nvram_set: wifi_wep_on2 = "0"
sem_get: Key: 410f01c8
sem_get: Key: 410f01c8
[   13.387750] firmadyne: sys_socket[PID: 109 (klogd)]: family:1, type:1, protocol:0
[   13.388811] firmadyne: sys_socket[PID: 109 (klogd)]: family:1, type:2, protocol:0
nvram_set: wifi_wep_on3 = "0"
sem_get: Key: 410f01c8
sem_get: Key: 410f01c8
nvram_set: wifi_wep_on4 = "0"
sem_get: Key: 410f01c8
sem_get: Key: 410f01c8
[   13.403755] firmadyne: sys_socket[PID: 109 (klogd)]: family:1, type:1, protocol:0
[   13.404836] firmadyne: sys_socket[PID: 109 (klogd)]: family:1, type:2, protocol:0
nvram_set: wifi_dot11_mode = "8"
sem_get: Key: 410f01c8
sem_get: Key: 410f01c8
nvram_set: wifi_dot11_iso = "0"
sem_get: Key: 410f01c8
sem_get[   13.419762] firmadyne: sys_socket[PID: 109 (klogd)]: family:1, type:1, protocol:0
[   13.420865] firmadyne: sys_socket[PID: 109 (klogd)]: family:1, type:2, protocol:0
: Key: 410f01c8
nvram_set: wifi_radius_port = "1812"
sem_get: Key: 410f01c8
sem_get: Key: 410f01c8
nvram_set: wifi_wds = "0"
sem_get: Key: 410f01c8
[   13.435916] firmadyne: sys_socket[PID: 109 (klogd)]: family:1, type:1, protocol:0
[   13.436986] firmadyne: sys_socket[PID: 109 (klogd)]: family:1, type:2, protocol:0
sem_get: Key: 410f01c8
nvram_set: wifi_wds_apmode = "repeater"
sem_get: Key: 410f01c8
sem_get: Key: 410f01c8
nvram_set[   13.451870] firmadyne: sys_socket[PID: 109 (klogd)]: family:1, type:1, protocol:0
[   13.452975] firmadyne: sys_socket[PID: 109 (klogd)]: family:1, type:2, protocol:0
: wifi_wds_bridge0mac = ""
sem_get: Key: 410f01c8
sem_get: Key: 410f01c8
nvram_set: wifi_wds_bridge1mac = ""
sem_get: Key: 410f01c8
sem_get: Key: 410f01c8
[   13.467761] firmadyne: sys_socket[PID: 109 (klogd)]: family:1, type:1, protocol:0
[   13.468856] firmadyne: sys_socket[PID: 109 (klogd)]: family:1, type:2, protocol:0
nvram_set: wifi_wds_bridge2mac = ""
sem_get: Key: 410f01c8
sem_get: Key: 410f01c8
nvram_set: wifi_wds_bridge3mac = ""
sem_get: Key: 410f01c8
sem_get: Key: 410f01c8
[   13.483759] firmadyne: sys_socket[PID: 109 (klogd)]: family:1, type:1, protocol:0
[   13.484849] firmadyne: sys_socket[PID: 109 (klogd)]: family:1, type:2, protocol:0
nvram_set: wifi_wds_bridge4mac = ""
sem_get: Key: 410f01c8
sem_get: Key: 410f01c8
nvram_set: wifi_wds_repeater1mac = ""
sem_get: Key: 410f01c8
sem_get: Key: [   13.499933] firmadyne: sys_socket[PID: 109 (klogd)]: family:1, type:1, protocol:0
[   13.501036] firmadyne: sys_socket[PID: 109 (klogd)]: family:1, type:2, protocol:0
410f01c8
nvram_set: wifi_wds_repeater2mac = ""
sem_get: Key: 410f01c8
sem_get: Key: 410f01c8
nvram_set: wifi_wds_repeater3mac = ""
sem_get: Key: 410f01c8
[   13.515774] firmadyne: sys_socket[PID: 109 (klogd)]: family:1, type:1, protocol:0
[   13.516832] firmadyne: sys_socket[PID: 109 (klogd)]: family:1, type:2, protocol:0
sem_get: Key: 410f01c8
nvram_set: wifi_wds_repeater4mac = ""
sem_get: Key: 410f01c8
sem_get: Key: 410f01c8
nvram_set: wifi_frag_thre = "2346"
[   13.531781] firmadyne: sys_socket[PID: 109 (klogd)]: family:1, type:1, protocol:0
[   13.532892] firmadyne: sys_socket[PID: 109 (klogd)]: family:1, type:2, protocol:0
sem_get: Key: 410f01c8
sem_get: Key: 410f01c8
nvram_set: wifi_rts_thre = "2347"
sem_get: Key: 410f01c8
sem_get: Key: 410f01c8
[   13.547743] firmadyne: sys_socket[PID: 109 (klogd)]: family:1, type:1, protocol:0
[   13.548801] firmadyne: sys_socket[PID: 109 (klogd)]: family:1, type:2, protocol:0
nvram_set: wifi_enable_shortpreamble = "1"
sem_get: Key: 410f01c8
sem_get: Key: 410f01c8
nvram_set: wifi_ssid1 = "NETGEAR-DualBand-N"
sem_get: Key: 410f01c8
[   13.563817] firmadyne: sys_socket[PID: 109 (klogd)]: family:1, type:1, protocol:0
[   13.564907] firmadyne: sys_socket[PID: 109 (klogd)]: family:1, type:2, protocol:0
sem_get: Key: 410f01c8
nvram_set: wifi_ssid12 = "NETGEAR-5G_Guest1"
sem_get: Key: 410f01c8
sem_get: Key: 410f01c8
nvram_set[   13.579965] firmadyne: sys_socket[PID: 109 (klogd)]: family:1, type:1, protocol:0
[   13.581070] firmadyne: sys_socket[PID: 109 (klogd)]: family:1, type:2, protocol:0
: wifi_ssid13 = "NETGEAR-5G_Guest2"
sem_get: Key: 410f01c8
sem_get: Key: 410f01c8
nvram_set: wifi_ssid14 = "NETGEAR-5G_Guest3"
sem_get: Key: 410f01c8
sem_get: Key: 410f01c8[   13.595988] firmadyne: sys_socket[PID: 109 (klogd)]: family:1, type:1, protocol:0
[   13.597075] firmadyne: sys_socket[PID: 109 (klogd)]: family:1, type:2, protocol:0

nvram_set: wifi_ssid12_bgn = "0"
sem_get: Key: 410f01c8
sem_get: Key: 410f01c8
nvram_set: wifi_ssid12_abgn = "0"
sem_get: Key: 410f01c8
[   13.611780] firmadyne: sys_socket[PID: 109 (klogd)]: family:1, type:1, protocol:0
[   13.612872] firmadyne: sys_socket[PID: 109 (klogd)]: family:1, type:2, protocol:0
sem_get: Key: 410f01c8
nvram_set: wifi_region1 = "Asia"
sem_get: Key: 410f01c8
sem_get: Key: 410f01c8
nvram_set: wifi_channel1 = "36"
sem_get: Key: [   13.627982] firmadyne: sys_socket[PID: 109 (klogd)]: family:1, type:1, protocol:0
[   13.629090] firmadyne: sys_socket[PID: 109 (klogd)]: family:1, type:2, protocol:0
410f01c8
sem_get: Key: 410f01c8
nvram_set: wifi_auth_type1 = "3"
sem_get: Key: 410f01c8
sem_get: Key: 410f01c8
nvram_set[   13.643971] firmadyne: sys_socket[PID: 109 (klogd)]: family:1, type:1, protocol:0
[   13.645029] firmadyne: sys_socket[PID: 109 (klogd)]: family:1, type:2, protocol:0
: wifi_auth_type12 = "3"
sem_get: Key: 410f01c8
sem_get: Key: 410f01c8
nvram_set: wifi_auth_type13 = "3"
sem_get: Key: 410f01c8
sem_get: Key: 410f01c8
[   13.659769] firmadyne: sys_socket[PID: 109 (klogd)]: family:1, type:1, protocol:0
[   13.660854] firmadyne: sys_socket[PID: 109 (klogd)]: family:1, type:2, protocol:0
nvram_set: wifi_auth_type14 = "3"
sem_get: Key: 410f01c8
sem_get: Key: 410f01c8
nvram_set: wifi_key_len1 = "0"
sem_get: Key: 410f01c8
sem_get: Key: [   13.675846] firmadyne: sys_socket[PID: 109 (klogd)]: family:1, type:1, protocol:0
[   13.676958] firmadyne: sys_socket[PID: 109 (klogd)]: family:1, type:2, protocol:0
410f01c8
nvram_set: wifi_key_len12 = "0"
sem_get: Key: 410f01c8
sem_get: Key: 410f01c8
nvram_set: wifi_key_len13 = "0"
sem_get: Key: 410f01c8
[   13.691885] firmadyne: sys_socket[PID: 109 (klogd)]: family:1, type:1, protocol:0
[   13.692971] firmadyne: sys_socket[PID: 109 (klogd)]: family:1, type:2, protocol:0
sem_get: Key: 410f01c8
nvram_set: wifi_key_len14 = "0"
sem_get: Key: 410f01c8
sem_get: Key: 410f01c8
nvram_set: wifi_def_key1 = "1"
sem_get: Key: 410f01c8[   13.708007] firmadyne: sys_socket[PID: 109 (klogd)]: family:1, type:1, protocol:0
[   13.709089] firmadyne: sys_socket[PID: 109 (klogd)]: family:1, type:2, protocol:0

sem_get: Key: 410f01c8
nvram_set: wifi_def_key12 = "1"
sem_get: Key: 410f01c8
sem_get: Key: 410f01c8
nvram_set: wifi_def_key13 = "1"
[   13.724022] firmadyne: sys_socket[PID: 109 (klogd)]: family:1, type:1, protocol:0
[   13.725129] firmadyne: sys_socket[PID: 109 (klogd)]: family:1, type:2, protocol:0
sem_get: Key: 410f01c8
sem_get: Key: 410f01c8
nvram_set: wifi_def_key14 = "1"
sem_get: Key: 410f01c8
sem_get: Key: 410f01c8
nvram_set: wifi_key11[   13.739834] firmadyne: sys_socket[PID: 109 (klogd)]: family:1, type:1, protocol:0
[   13.740938] firmadyne: sys_socket[PID: 109 (klogd)]: family:1, type:2, protocol:0
 = ""
sem_get: Key: 410f01c8
sem_get: Key: 410f01c8
nvram_set: wifi_key21 = ""
sem_get: Key: 410f01c8
sem_get: Key: 410f01c8
nvram_set: wifi_key31 = ""
[   13.755820] firmadyne: sys_socket[PID: 109 (klogd)]: family:1, type:1, protocol:0
[   13.756921] firmadyne: sys_socket[PID: 109 (klogd)]: family:1, type:2, protocol:0
sem_get: Key: 410f01c8
sem_get: Key: 410f01c8
nvram_set: wifi_key41 = ""
sem_get: Key: 410f01c8
sem_get: Key: 410f01c8
nvram_set: wifi_key112 = ""
sem_get[   13.772234] firmadyne: sys_socket[PID: 109 (klogd)]: family:1, type:1, protocol:0
[   13.773408] firmadyne: sys_socket[PID: 109 (klogd)]: family:1, type:2, protocol:0
: Key: 410f01c8
sem_get: Key: 410f01c8
nvram_set: wifi_key212 = ""
sem_get: Key: 410f01c8
sem_get: Key: 410f01c8
nvram_set: wifi_key312 = ""
sem_get[   13.787885] firmadyne: sys_socket[PID: 109 (klogd)]: family:1, type:1, protocol:0
[   13.788982] firmadyne: sys_socket[PID: 109 (klogd)]: family:1, type:2, protocol:0
: Key: 410f01c8[   13.791847] cfg80211: Calling CRDA to update world regulatory domain

sem_get: Key: 410f01c8
nvram_set: wifi_key412 = ""
sem_get: Key: 410f01c8
sem_get: Key: 410f01c8
nvram_set: wifi_key113 = ""
[   13.804063] firmadyne: sys_socket[PID: 109 (klogd)]: family:1, type:1, protocol:0
[   13.805161] firmadyne: sys_socket[PID: 109 (klogd)]: family:1, type:2, protocol:0
sem_get: Key: 410f01c8
sem_get: Key: 410f01c8
nvram_set: wifi_key213 = ""
sem_get: Key: 410f01c8
sem_get: Key: 410f01c8
nvram_set: wifi_key313 = ""
[   13.819810] firmadyne: sys_socket[PID: 109 (klogd)]: family:1, type:1, protocol:0
[   13.820882] firmadyne: sys_socket[PID: 109 (klogd)]: family:1, type:2, protocol:0
sem_get: Key: 410f01c8
sem_get: Key: 410f01c8
nvram_set: wifi_key413 = ""
sem_get: Key: 410f01c8
sem_get: Key: 410f01c8
nvram_set: wifi_key114 = ""
sem_get: Key: [   13.835963] firmadyne: sys_socket[PID: 109 (klogd)]: family:1, type:1, protocol:0
[   13.837035] firmadyne: sys_socket[PID: 109 (klogd)]: family:1, type:2, protocol:0
410f01c8
sem_get: Key: 410f01c8
nvram_set: wifi_key214 = ""
sem_get: Key: 410f01c8
sem_get: Key: 410f01c8
nvram_set: wifi_key314 = ""
[   13.851854] firmadyne: sys_socket[PID: 109 (klogd)]: family:1, type:1, protocol:0
[   13.852946] firmadyne: sys_socket[PID: 109 (klogd)]: family:1, type:2, protocol:0
sem_get: Key: 410f01c8
sem_get: Key: 410f01c8
nvram_set: wifi_key414 = ""
sem_get: Key: 410f01c8
sem_get: Key: 410f01c8
nvram_set: wifi_psk_pwd1 = ""
sem_get[   13.867776] firmadyne: sys_socket[PID: 109 (klogd)]: family:1, type:1, protocol:0
[   13.868859] firmadyne: sys_socket[PID: 109 (klogd)]: family:1, type:2, protocol:0
: Key: 410f01c8
sem_get: Key: 410f01c8
nvram_set: wifi_psk_pwd12 = ""
sem_get: Key: 410f01c8
sem_get: Key: 410f01c8
nvram_set: wifi_psk_pwd13 = ""
[   13.883758] firmadyne: sys_socket[PID: 109 (klogd)]: family:1, type:1, protocol:0
[   13.884840] firmadyne: sys_socket[PID: 109 (klogd)]: family:1, type:2, protocol:0
sem_get: Key: 410f01c8
sem_get: Key: 410f01c8
nvram_set: wifi_psk_pwd14 = ""
sem_get: Key: 410f01c8
sem_get: Key: 410f01c8
nvram_set: [   13.899846] firmadyne: sys_socket[PID: 109 (klogd)]: family:1, type:1, protocol:0
[   13.900956] firmadyne: sys_socket[PID: 109 (klogd)]: family:1, type:2, protocol:0
wifi_access_control1 = "0"
sem_get: Key: 410f01c8
sem_get: Key: 410f01c8
nvram_set: wifi_access_list1 = ""
sem_get: Key: 410f01c8
sem_get: Key: 410f01c8
[   13.915753] firmadyne: sys_socket[PID: 109 (klogd)]: family:1, type:1, protocol:0
[   13.916808] firmadyne: sys_socket[PID: 109 (klogd)]: family:1, type:2, protocol:0
nvram_set: wifi_if_on1 = "1"
sem_get: Key: 410f01c8
sem_get: Key: 410f01c8
nvram_set: wifi_if_on12 = "0"
sem_get: Key: 410f01c8
sem_get: Key: 410f01c8
[   13.931763] firmadyne: sys_socket[PID: 109 (klogd)]: family:1, type:1, protocol:0
[   13.932844] firmadyne: sys_socket[PID: 109 (klogd)]: family:1, type:2, protocol:0
nvram_set: wifi_if_on13 = "0"
sem_get: Key: 410f01c8
sem_get: Key: 410f01c8
nvram_set: wifi_if_on14 = "0"
sem_get: Key: 410f01c8
sem_get: Key: 410f01c8
[   13.947773] firmadyne: sys_socket[PID: 109 (klogd)]: family:1, type:1, protocol:0
[   13.948858] firmadyne: sys_socket[PID: 109 (klogd)]: family:1, type:2, protocol:0
nvram_set: wifi_broadcast_ssid1 = "1"
sem_get: Key: 410f01c8
sem_get: Key: 410f01c8
nvram_set: wifi_broadcast_ssid12 = "1"
sem_get: Key: 410f01c8
[   13.963786] firmadyne: sys_socket[PID: 109 (klogd)]: family:1, type:1, protocol:0
[   13.964866] firmadyne: sys_socket[PID: 109 (klogd)]: family:1, type:2, protocol:0
sem_get: Key: 410f01c8
nvram_set: wifi_broadcast_ssid13 = "1"
sem_get: Key: 410f01c8
sem_get: Key: 410f01c8
nvram_set: wifi_broadcast_ssid14[   13.979949] firmadyne: sys_socket[PID: 109 (klogd)]: family:1, type:1, protocol:0
[   13.981051] firmadyne: sys_socket[PID: 109 (klogd)]: family:1, type:2, protocol:0
 = "1"
sem_get: Key: 410f01c8
sem_get: Key: 410f01c8
nvram_set: wifi_allow_guest12 = "0"
sem_get: Key: 410f01c8
sem_get: Key: 410f01c8
[   13.995761] firmadyne: sys_socket[PID: 109 (klogd)]: family:1, type:1, protocol:0
[   13.996846] firmadyne: sys_socket[PID: 109 (klogd)]: family:1, type:2, protocol:0
nvram_set: wifi_allow_guest13 = "0"
sem_get: Key: 410f01c8
sem_get: Key: 410f01c8
nvram_set: wifi_allow_guest14 = "0"
sem_get: Key: 410f01c8
sem_get: Key: [   14.012033] firmadyne: sys_socket[PID: 109 (klogd)]: family:1, type:1, protocol:0
[   14.013134] firmadyne: sys_socket[PID: 109 (klogd)]: family:1, type:2, protocol:0
410f01c8
nvram_set: wifi_wep_on1 = "0"
sem_get: Key: 410f01c8
sem_get: Key: 410f01c8
nvram_set: wifi_wep_on12 = "0"
sem_get: Key: 410f01c8
[   14.027873] firmadyne: sys_socket[PID: 109 (klogd)]: family:1, type:1, protocol:0
[   14.028953] firmadyne: sys_socket[PID: 109 (klogd)]: family:1, type:2, protocol:0
sem_get: Key: 410f01c8
nvram_set: wifi_wep_on13 = "0"
sem_get: Key: 410f01c8
sem_get: Key: 410f01c8
nvram_set: wifi_wep_on14 = "0"
[   14.043746] firmadyne: sys_socket[PID: 109 (klogd)]: family:1, type:1, protocol:0
[   14.044831] firmadyne: sys_socket[PID: 109 (klogd)]: family:1, type:2, protocol:0
sem_get: Key: 410f01c8
sem_get: Key: 410f01c8
nvram_set: wifi_dot11_mode1 = "8"
sem_get: Key: 410f01c8
sem_get: Key: 410f01c8
nvram_set: [   14.059785] firmadyne: sys_socket[PID: 109 (klogd)]: family:1, type:1, protocol:0
[   14.060891] firmadyne: sys_socket[PID: 109 (klogd)]: family:1, type:2, protocol:0
wifi_dot11_iso2 = "0"
sem_get: Key: 410f01c8
sem_get: Key: 410f01c8
nvram_set: wifi_radius_port1 = "1812"
sem_get: Key: 410f01c8
sem_get: Key: 410f01c8
[   14.075755] firmadyne: sys_socket[PID: 109 (klogd)]: family:1, type:1, protocol:0
[   14.076834] firmadyne: sys_socket[PID: 109 (klogd)]: family:1, type:2, protocol:0
nvram_set: wifi_radius_rekey_secs = "3600"
sem_get: Key: 410f01c8
sem_get: Key: 410f01c8
nvram_set: wifi_radius_rekey_secs1 = "3600"
sem_get: Key: 410f01c8
[   14.091900] firmadyne: sys_socket[PID: 109 (klogd)]: family:1, type:1, protocol:0
[   14.092977] firmadyne: sys_socket[PID: 109 (klogd)]: family:1, type:2, protocol:0
sem_get: Key: 410f01c8
nvram_set: wifi_wds1 = "0"
sem_get: Key: 410f01c8
sem_get: Key: 410f01c8
nvram_set: wifi_wds_apmode1 = "point"
[   14.107797] firmadyne: sys_socket[PID: 109 (klogd)]: family:1, type:1, protocol:0
[   14.108900] firmadyne: sys_socket[PID: 109 (klogd)]: family:1, type:2, protocol:0
sem_get: Key: 410f01c8
sem_get: Key: 410f01c8
nvram_set: wifi_wds_bridge0mac1 = ""
sem_get: Key: 410f01c8
sem_get: Key: 410f01c8
nvram_set: [   14.123960] firmadyne: sys_socket[PID: 109 (klogd)]: family:1, type:1, protocol:0
[   14.125056] firmadyne: sys_socket[PID: 109 (klogd)]: family:1, type:2, protocol:0
wifi_wds_bridge1mac1 = ""
sem_get: Key: 410f01c8
sem_get: Key: 410f01c8
nvram_set: wifi_wds_bridge2mac1 = ""
sem_get: Key: 410f01c8
sem_get: Key: 410f01c8
[   14.139753] firmadyne: sys_socket[PID: 109 (klogd)]: family:1, type:1, protocol:0
[   14.140908] firmadyne: sys_socket[PID: 109 (klogd)]: family:1, type:2, protocol:0
nvram_set: wifi_wds_bridge3mac1 = ""
sem_get: Key: 410f01c8
sem_get: Key: 410f01c8
nvram_set: wifi_wds_bridge4mac1 = ""
sem_get: Key: 410f01c8
sem_get: Key: 410f01c8
[   14.155753] firmadyne: sys_socket[PID: 109 (klogd)]: family:1, type:1, protocol:0
[   14.156837] firmadyne: sys_socket[PID: 109 (klogd)]: family:1, type:2, protocol:0
nvram_set: wifi_wds_repeater1mac1 = ""
sem_get: Key: 410f01c8
sem_get: Key: 410f01c8
nvram_set: wifi_wds_repeater2mac1 = ""
sem_get: Key: 410f01c8
[   14.171757] firmadyne: sys_socket[PID: 109 (klogd)]: family:1, type:1, protocol:0
[   14.172842] firmadyne: sys_socket[PID: 109 (klogd)]: family:1, type:2, protocol:0
sem_get: Key: 410f01c8
nvram_set: wifi_wds_repeater3mac1 = ""
sem_get: Key: 410f01c8
sem_get: Key: 410f01c8
nvram_set: wifi_wds_repeater4mac1 = ""
sem_get: Key: [   14.188007] firmadyne: sys_socket[PID: 109 (klogd)]: family:1, type:1, protocol:0
[   14.189099] firmadyne: sys_socket[PID: 109 (klogd)]: family:1, type:2, protocol:0
410f01c8
sem_get: Key: 410f01c8
nvram_set: wifi_band = "2"
sem_get: Key: 410f01c8
sem_get: Key: 410f01c8
nvram_set: wifi_band1 = "2"
[   14.203764] firmadyne: sys_socket[PID: 109 (klogd)]: family:1, type:1, protocol:0
[   14.204852] firmadyne: sys_socket[PID: 109 (klogd)]: family:1, type:2, protocol:0
sem_get: Key: 410f01c8
sem_get: Key: 410f01c8
nvram_set: wifi_keep_wep_page = "0"
sem_get: Key: 410f01c8
sem_get: Key: 410f01c8
nvram_set: wifi_dome_off = "0"
sem_get: Key: 410f01c8
sem_get: Key: 410f01c8
nvram_set: wifi_badge_led_enable = "1"
sem_get: Key: 410f01c8
sem_get: Key: 410f01c8
nvram_set: wifi_coexist_enabled = "1"
sem_get: Key: 410f01c8
sem_get: Key: 410f01c8
nvram_set: mail_enable = "0"
sem_get: Key: 410f01c8
sem_get: Key: 410f01c8
nvram_set: mail_logfull = "0"
sem_get: Key: 410f01c8
sem_get: Key: 410f01c8
[   14.279761] firmadyne: sys_socket[PID: 109 (klogd)]: family:1, type:1, protocol:0
[   14.280848] firmadyne: sys_socket[PID: 109 (klogd)]: family:1, type:2, protocol:0
nvram_set: mail_sendlog = "2"
sem_get: Key: 410f01c8
sem_get: Key: 410f01c8
nvram_set: mail_server = ""
sem_get: Key: 410f01c8
sem_get: Key: 410f01c8
[   14.295764] firmadyne: sys_socket[PID: 109 (klogd)]: family:1, type:1, protocol:0
[   14.296844] firmadyne: sys_socket[PID: 109 (klogd)]: family:1, type:2, protocol:0
nvram_set: mail_recipient = ""
sem_get: Key: 410f01c8
sem_get: Key: 410f01c8
nvram_set: mail_dos = "1"
sem_get: Key: 410f01c8
sem_get: Key: 410f01c8
[   14.311761] firmadyne: sys_socket[PID: 109 (klogd)]: family:1, type:1, protocol:0
[   14.312844] firmadyne: sys_socket[PID: 109 (klogd)]: family:1, type:2, protocol:0
nvram_set: mail_portscan = "1"
sem_get: Key: 410f01c8
sem_get: Key: 410f01c8
nvram_set: mail_block = "1"
sem_get: Key: 410f01c8
sem_get: Key: 410f01c8[   14.327999] firmadyne: sys_socket[PID: 109 (klogd)]: family:1, type:1, protocol:0
[   14.329102] firmadyne: sys_socket[PID: 109 (klogd)]: family:1, type:2, protocol:0

nvram_set: mail_sh_day = "0"
sem_get: Key: 410f01c8
sem_get: Key: 410f01c8
nvram_set: mail_sh_hour = "1"
sem_get: Key: 410f01c8
[   14.343775] firmadyne: sys_socket[PID: 109 (klogd)]: family:1, type:1, protocol:0
[   14.344875] firmadyne: sys_socket[PID: 109 (klogd)]: family:1, type:2, protocol:0
sem_get: Key: 410f01c8
nvram_set: log_asites = "1"
sem_get: Key: 410f01c8
sem_get: Key: 410f01c8
nvram_set: log_block = "1"
sem_get: Key: 410f01c8
[   14.359871] firmadyne: sys_socket[PID: 109 (klogd)]: family:1, type:1, protocol:0
[   14.360973] firmadyne: sys_socket[PID: 109 (klogd)]: family:1, type:2, protocol:0
sem_get: Key: 410f01c8
nvram_set: log_dos = "1"
sem_get: Key: 410f01c8
sem_get: Key: 410f01c8
nvram_set: log_login = "1"
sem_get: Key: 410f01c8
[   14.375761] firmadyne: sys_socket[PID: 109 (klogd)]: family:1, type:1, protocol:0
[   14.376838] firmadyne: sys_socket[PID: 109 (klogd)]: family:1, type:2, protocol:0
