[    0.000000] Linux version 4.1.17+ (alessio@pc) (gcc version 5.5.0 20171010 (Ubuntu 5.5.0-12ubuntu1) ) #1 Mon May 15 23:04:08 CEST 2023
[    0.000000] earlycon: Early serial console at I/O port 0x3f8 (options '38400n8')
[    0.000000] bootconsole [uart0] enabled
[    0.000000] CPU0 revision is: 00019300 (MIPS 24Kc)
[    0.000000] FPU revision is: 00739300
[    0.000000] Software DMA cache coherency enabled
[    0.000000] Determined physical RAM map:
[    0.000000]  memory: 00001000 @ 00000000 (reserved)
[    0.000000]  memory: 000ef000 @ 00001000 (ROM data)
[    0.000000]  memory: 00798000 @ 000f0000 (reserved)
[    0.000000]  memory: 0f777000 @ 00888000 (usable)
[    0.000000] debug: ignoring loglevel setting.
[    0.000000] Wasting 69888 bytes for tracking 2184 unused pages
[    0.000000] Initrd not found or empty - disabling initrd
[    0.000000] Zone ranges:
[    0.000000]   DMA      [mem 0x0000000000000000-0x0000000000ffffff]
[    0.000000]   Normal   [mem 0x0000000001000000-0x000000000fffefff]
[    0.000000] Movable zone start for each node
[    0.000000] Early memory node ranges
[    0.000000]   node   0: [mem 0x0000000000000000-0x000000000fffefff]
[    0.000000] Initmem setup node 0 [mem 0x0000000000000000-0x000000000fffefff]
[    0.000000] On node 0 totalpages: 65535
[    0.000000] free_area_init_node: node 0, pgdat 8081d5b0, node_mem_map 81000000
[    0.000000]   DMA zone: 32 pages used for memmap
[    0.000000]   DMA zone: 0 pages reserved
[    0.000000]   DMA zone: 4096 pages, LIFO batch:0
[    0.000000]   Normal zone: 480 pages used for memmap
[    0.000000]   Normal zone: 61439 pages, LIFO batch:15
[    0.000000] Primary instruction cache 2kB, VIPT, 2-way, linesize 16 bytes.
[    0.000000] Primary data cache 2kB, 2-way, VIPT, no aliases, linesize 16 bytes
[    0.000000] pcpu-alloc: s0 r0 d32768 u32768 alloc=1*32768
[    0.000000] pcpu-alloc: [0] 0 
[    0.000000] Built 1 zonelists in Zone order, mobility grouping on.  Total pages: 65023
[    0.000000] Kernel command line: root=/dev/sda1 console=ttyS0 nandsim.parts=64,64,64,64,64,64,64,64,64,64 rdinit=/firmadyne/preInit.sh rw debug ignore_loglevel print-fatal-signals=1 FIRMAE_NET=true FIRMAE_NVRAM=true FIRMAE_KERNEL=true FIRMAE_ETC=true user_debug=0 firmadyne.syscall=1 noka
[    0.000000] found FIRMAE_KERNEL=t
[    0.000000] set the LD_PRELOAD=/firmadyne/libnvram_ioctl.so
[    0.000000] PID hash table entries: 1024 (order: 0, 4096 bytes)
[    0.000000] Dentry cache hash table entries: 32768 (order: 5, 131072 bytes)
[    0.000000] Inode-cache hash table entries: 16384 (order: 4, 65536 bytes)
[    0.000000] Writing ErrCtl register=00000000
[    0.000000] Readback ErrCtl register=00000000
[    0.000000] Memory: 251112K/262140K available (5360K kernel code, 244K rwdata, 1676K rodata, 260K init, 158K bss, 11028K reserved, 0K cma-reserved)
[    0.000000] NR_IRQS:256
[    0.000000] CPU frequency 200.01 MHz
[    0.000000] clocksource MIPS: mask: 0xffffffff max_cycles: 0xffffffff, max_idle_ns: 19112024219 ns
[    0.000212] sched_clock: 32 bits at 100MHz, resolution 9ns, wraps every 21474184187ns
[    0.016353] Console: colour dummy device 80x25
[    0.017499] Calibrating delay loop... 23.45 BogoMIPS (lpj=46912)
[    0.065084] pid_max: default: 32768 minimum: 301
[    0.069741] Mount-cache hash table entries: 1024 (order: 0, 4096 bytes)
[    0.070295] Mountpoint-cache hash table entries: 1024 (order: 0, 4096 bytes)
[    0.139953] clocksource jiffies: mask: 0xffffffff max_cycles: 0xffffffff, max_idle_ns: 7645041785100000 ns
[    0.151486] NET: Registered protocol family 16
[    0.449740] clocksource pit: mask: 0xffffffff max_cycles: 0xffffffff, max_idle_ns: 1601818034827 ns
[    0.615596] vgaarb: loaded
[    0.621872] SCSI subsystem initialized
[    0.624387] libata version 3.00 loaded.
[    0.629128] usbcore: registered new interface driver usbfs
[    0.630806] usbcore: registered new interface driver hub
[    0.631964] usbcore: registered new device driver usb
[    0.634948] pps_core: LinuxPPS API ver. 1 registered
[    0.635375] pps_core: Software ver. 5.3.6 - Copyright 2005-2007 Rodolfo Giometti <giometti@linux.it>
[    0.636360] PTP clock support registered
[    0.641458] PCI host bridge to bus 0000:00
[    0.642411] pci_bus 0000:00: root bus resource [mem 0x10000000-0x17ffffff]
[    0.643063] pci_bus 0000:00: root bus resource [io  0x1000-0x1fffff]
[    0.643690] pci_bus 0000:00: root bus resource [??? 0x00000000 flags 0x0]
[    0.644298] pci_bus 0000:00: No busn resource found for root bus, will use [bus 00-ff]
[    0.645655] pci 0000:00:00.0: [11ab:4620] type 00 class 0x060000
[    0.646800] pci 0000:00:00.0: [Firmware Bug]: reg 0x14: invalid BAR (can't size)
[    0.647428] pci 0000:00:00.0: [Firmware Bug]: reg 0x18: invalid BAR (can't size)
[    0.648046] pci 0000:00:00.0: [Firmware Bug]: reg 0x1c: invalid BAR (can't size)
[    0.648659] pci 0000:00:00.0: [Firmware Bug]: reg 0x20: invalid BAR (can't size)
[    0.649283] pci 0000:00:00.0: [Firmware Bug]: reg 0x24: invalid BAR (can't size)
[    0.653627] pci 0000:00:0a.0: [8086:7110] type 00 class 0x060100
[    0.657449] pci 0000:00:0a.1: [8086:7111] type 00 class 0x010180
[    0.658269] pci 0000:00:0a.1: reg 0x20: [io  0x0000-0x000f]
[    0.659100] pci 0000:00:0a.1: legacy IDE quirk: reg 0x10: [io  0x01f0-0x01f7]
[    0.659709] pci 0000:00:0a.1: legacy IDE quirk: reg 0x14: [io  0x03f6]
[    0.660314] pci 0000:00:0a.1: legacy IDE quirk: reg 0x18: [io  0x0170-0x0177]
[    0.660913] pci 0000:00:0a.1: legacy IDE quirk: reg 0x1c: [io  0x0376]
[    0.664493] pci 0000:00:0a.2: [8086:7112] type 00 class 0x0c0300
[    0.665214] pci 0000:00:0a.2: reg 0x20: [io  0x0000-0x001f]
[    0.668751] pci 0000:00:0a.3: [8086:7113] type 00 class 0x068000
[    0.670249] pci 0000:00:0a.3: quirk: [io  0x1000-0x103f] claimed by PIIX4 ACPI
[    0.670922] pci 0000:00:0a.3: quirk: [io  0x1100-0x110f] claimed by PIIX4 SMB
[    0.674575] pci 0000:00:12.0: [1013:00b8] type 00 class 0x030000
[    0.675242] pci 0000:00:12.0: reg 0x10: [mem 0x00000000-0x01ffffff pref]
[    0.676057] pci 0000:00:12.0: reg 0x14: [mem 0x00000000-0x00000fff]
[    0.676761] pci 0000:00:12.0: reg 0x30: [mem 0x00000000-0x0000ffff pref]
[    0.679661] vgaarb: device added: PCI:0000:00:12.0,decodes=io+mem,owns=none,locks=none
[    0.681217] pci 0000:00:13.0: [8086:100e] type 00 class 0x020000
[    0.681873] pci 0000:00:13.0: reg 0x10: [mem 0x00000000-0x0001ffff]
[    0.682473] pci 0000:00:13.0: reg 0x14: [io  0x0000-0x003f]
[    0.683135] pci 0000:00:13.0: reg 0x30: [mem 0x00000000-0x0003ffff pref]
[    0.686588] pci 0000:00:14.0: [8086:100e] type 00 class 0x020000
[    0.687239] pci 0000:00:14.0: reg 0x10: [mem 0x00000000-0x0001ffff]
[    0.687831] pci 0000:00:14.0: reg 0x14: [io  0x0000-0x003f]
[    0.688517] pci 0000:00:14.0: reg 0x30: [mem 0x00000000-0x0003ffff pref]
[    0.692099] pci 0000:00:15.0: [8086:100e] type 00 class 0x020000
[    0.692786] pci 0000:00:15.0: reg 0x10: [mem 0x00000000-0x0001ffff]
[    0.693539] pci 0000:00:15.0: reg 0x14: [io  0x0000-0x003f]
[    0.694206] pci 0000:00:15.0: reg 0x30: [mem 0x00000000-0x0003ffff pref]
[    0.697669] pci 0000:00:16.0: [8086:100e] type 00 class 0x020000
[    0.698327] pci 0000:00:16.0: reg 0x10: [mem 0x00000000-0x0001ffff]
[    0.698918] pci 0000:00:16.0: reg 0x14: [io  0x0000-0x003f]
[    0.699596] pci 0000:00:16.0: reg 0x30: [mem 0x00000000-0x0003ffff pref]
[    0.703285] pci_bus 0000:00: busn_res: [bus 00-ff] end is updated to 00
[    0.704933] pci 0000:00:12.0: BAR 0: assigned [mem 0x10000000-0x11ffffff pref]
[    0.705945] pci 0000:00:13.0: BAR 6: assigned [mem 0x12000000-0x1203ffff pref]
[    0.706679] pci 0000:00:14.0: BAR 6: assigned [mem 0x12040000-0x1207ffff pref]
[    0.707368] pci 0000:00:15.0: BAR 6: assigned [mem 0x12080000-0x120bffff pref]
[    0.708054] pci 0000:00:16.0: BAR 6: assigned [mem 0x120c0000-0x120fffff pref]
[    0.708721] pci 0000:00:13.0: BAR 0: assigned [mem 0x12100000-0x1211ffff]
[    0.709384] pci 0000:00:14.0: BAR 0: assigned [mem 0x12120000-0x1213ffff]
[    0.710265] pci 0000:00:15.0: BAR 0: assigned [mem 0x12140000-0x1215ffff]
[    0.710942] pci 0000:00:16.0: BAR 0: assigned [mem 0x12160000-0x1217ffff]
[    0.711629] pci 0000:00:12.0: BAR 6: assigned [mem 0x12180000-0x1218ffff pref]
[    0.712310] pci 0000:00:12.0: BAR 1: assigned [mem 0x12190000-0x12190fff]
[    0.712982] pci 0000:00:13.0: BAR 1: assigned [io  0x1040-0x107f]
[    0.713590] pci 0000:00:14.0: BAR 1: assigned [io  0x1080-0x10bf]
[    0.714359] pci 0000:00:15.0: BAR 1: assigned [io  0x10c0-0x10ff]
[    0.714989] pci 0000:00:16.0: BAR 1: assigned [io  0x1400-0x143f]
[    0.715609] pci 0000:00:0a.2: BAR 4: assigned [io  0x1440-0x145f]
[    0.716229] pci 0000:00:0a.1: BAR 4: assigned [io  0x1460-0x146f]
[    0.735675] cfg80211: Calling CRDA to update world regulatory domain
[    0.750695] Switched to clocksource MIPS
[    0.878107] NET: Registered protocol family 2
[    0.891773] TCP established hash table entries: 2048 (order: 1, 8192 bytes)
[    0.893029] TCP bind hash table entries: 2048 (order: 1, 8192 bytes)
[    0.894230] TCP: Hash tables configured (established 2048 bind 2048)
[    0.895595] UDP hash table entries: 256 (order: 0, 4096 bytes)
[    0.896372] UDP-Lite hash table entries: 256 (order: 0, 4096 bytes)
[    0.900885] NET: Registered protocol family 1
[    0.902887] PCI: Enabling device 0000:00:0a.2 (0000 -> 0001)
[    0.904542] PCI: CLS 0 bytes, default 16
[    0.940862] futex hash table entries: 256 (order: -1, 3072 bytes)
[    0.959810] squashfs: version 4.0 (2009/01/31) Phillip Lougher
[    0.962584] jffs2: version 2.2. (NAND) Â© 2001-2006 Red Hat, Inc.
[    0.966437] romfs: ROMFS MTD (C) 2007 Red Hat, Inc.
[    0.995561] Block layer SCSI generic (bsg) driver version 0.4 loaded (major 251)
[    0.996289] io scheduler noop registered
[    0.997072] io scheduler cfq registered (default)
[    0.998196] firmadyne: devfs: 1, execute: 1, procfs: 1, syscall: 1
[    1.004769] firmadyne: Cannot register character device: gpio, 0xfc, 0x0!
[    1.014309] firmadyne: Cannot register character device: watchdog, 0xa, 0x82!
[    1.015076] firmadyne: Cannot register character device: wdt, 0xfd, 0x0!
[    2.917071] strName = 4.1.17+
[    2.917071] init_task_addr  = 2155778944
[    2.917071] init_task_size  = 1296
[    2.917071] ts_tasks        = 292
[    2.917071] ts_pid          = 408
[    2.917071] ts_tgid         = 412
[    2.917071] ts_group_leader = 440
[    2.917071] ts_thread_group = 496
[    2.917071] ts_real_parent  = 416
[    2.917071] ts_mm           = 300
[    2.917071] ts_stack        = 4
[    2.919875] module_name   = 12
[    2.919875] module_size   = 208
[    2.919875] module_init   = 200
[    2.919875] module_list   = 4
[    2.920897] ts_real_cred    = 624
[    2.920897] ts_cred         = 628
[    2.920897] ts_comm         = 632
[    2.920897] cred_uid        = 4
[    2.920897] cred_gid        = 8
[    2.920897] cred_euid       = 20
[    2.920897] cred_egid       = 24
[    2.922523] mm_mmap         = 0
[    2.922523] mm_pgd          = 32
[    2.922523] mm_arg_start    = 136
[    2.922523] mm_start_brk    = 124
[    2.922523] mm_brk          = 128
[    2.922523] mm_start_stack  = 132
[    2.924115] vma_vm_start    = 0
[    2.924115] vma_vm_end      = 4
[    2.924115] vma_vm_next     = 8
[    2.924115] vma_vm_file     = 80
[    2.924115] vma_vm_flags    = 40
[    2.924115] vma_vm_pgoff    = 76
[    2.925555] file_dentry     = 12
[    2.925555] file_inode      = 40
[    2.925555] dentry_d_name   = 24
[    2.925555] dentry_d_iname  = 44
[    2.925555] dentry_d_parent = 16
[    2.925555] ti_task         = 0
[    2.925555] inode_ino   = 28
[    4.115646] proc_fork_connector  = 2151078840
[    4.116088] proc_exit_connector  = 2151080432
[    4.116466] proc_exec_connector  = 2151079052
[    4.116836] vma_link  = 2149124372
[    4.117159] vma_adjust  = 2149124540
[    4.117487] remove_vma  = 2149122188
[    4.117815] modules  = 2155833724
[    4.118137] trim_init_extable  = 2150545316
[    4.119744] cfg80211: Calling CRDA to update world regulatory domain
[    4.123650] PCI: Enabling device 0000:00:12.0 (0000 -> 0002)
[    4.125036] cirrusfb 0000:00:12.0: Cirrus Logic chipset on PCI bus, RAM (4096 kB) at 0x10000000
[    4.371426] Console: switching to colour frame buffer device 80x30
[    4.449053] Serial: 8250/16550 driver, 4 ports, IRQ sharing enabled
[    4.465286] console [ttyS0] disabled
[    4.492644] serial8250.0: ttyS0 at I/O 0x3f8 (irq = 4, base_baud = 115200) is a 16550A
[    4.493918] console [ttyS0] enabled
[    4.493918] console [ttyS0] enabled
[    4.494581] bootconsole [uart0] disabled
[    4.494581] bootconsole [uart0] disabled
[    4.525716] serial8250.0: ttyS1 at I/O 0x2f8 (irq = 3, base_baud = 115200) is a 16550A
[    4.664225] brd: module loaded
[    4.736976] loop: module loaded
[    4.744656] ata_piix 0000:00:0a.1: version 2.13
[    4.745308] PCI: Enabling device 0000:00:0a.1 (0000 -> 0001)
[    4.775281] scsi host0: ata_piix
[    4.781727] scsi host1: ata_piix
[    4.786201] ata1: PATA max UDMA/33 cmd 0x1f0 ctl 0x3f6 bmdma 0x1460 irq 14
[    4.787004] ata2: PATA max UDMA/33 cmd 0x170 ctl 0x376 bmdma 0x1468 irq 15
[    4.794663] [nandsim] warning: read_byte: unexpected data output cycle, state is STATE_READY return 0x0
[    4.795509] [nandsim] warning: read_byte: unexpected data output cycle, state is STATE_READY return 0x0
[    4.796169] [nandsim] warning: read_byte: unexpected data output cycle, state is STATE_READY return 0x0
[    4.796827] [nandsim] warning: read_byte: unexpected data output cycle, state is STATE_READY return 0x0
[    4.797479] [nandsim] warning: read_byte: unexpected data output cycle, state is STATE_READY return 0x0
[    4.798132] [nandsim] warning: read_byte: unexpected data output cycle, state is STATE_READY return 0x0
[    4.799174] nand: device found, Manufacturer ID: 0x98, Chip ID: 0x39
[    4.799673] nand: Toshiba NAND 128MiB 1,8V 8-bit
[    4.800142] nand: 128 MiB, SLC, erase size: 16 KiB, page size: 512, OOB size: 16
[    4.802027] flash size: 128 MiB
[    4.802328] page size: 512 bytes
[    4.802807] OOB area size: 16 bytes
[    4.803130] sector size: 16 KiB
[    4.803421] pages number: 262144
[    4.803716] pages per sector: 32
[    4.804011] bus width: 8
[    4.804273] bits in sector size: 14
[    4.804579] bits in page size: 9
[    4.804883] bits in OOB size: 4
[    4.805183] flash size with OOB: 135168 KiB
[    4.805522] page address bytes: 4
[    4.805820] sector address bytes: 3
[    4.806131] options: 0x42
[    4.903571] Scanning device for bad blocks
[    6.330661] ata2.01: NODEV after polling detection
[    6.331697] ata1.01: NODEV after polling detection
[    6.333650] ata2.00: ATAPI: QEMU DVD-ROM, 2.5+, max UDMA/100
[    6.336947] ata1.00: ATA-7: QEMU HARDDISK, 2.5+, max UDMA/100
[    6.337503] ata1.00: 2097152 sectors, multi 16: LBA48 
[    6.344238] ata2.00: configured for UDMA/33
[    6.346611] ata1.00: configured for UDMA/33
[    6.357440] scsi 0:0:0:0: Direct-Access     ATA      QEMU HARDDISK    2.5+ PQ: 0 ANSI: 5
[    6.376001] sd 0:0:0:0: [sda] 2097152 512-byte logical blocks: (1.07 GB/1.00 GiB)
[    6.377824] scsi 1:0:0:0: CD-ROM            QEMU     QEMU DVD-ROM     2.5+ PQ: 0 ANSI: 5
[    6.392855] sd 0:0:0:0: [sda] Write Protect is off
[    6.393451] sd 0:0:0:0: [sda] Mode Sense: 00 3a 00 00
[    6.395237] sd 0:0:0:0: [sda] Write cache: enabled, read cache: enabled, doesn't support DPO or FUA
[    6.408453]  sda: sda1
[    6.422977] sd 0:0:0:0: [sda] Attached SCSI disk
[    6.423624] Creating 11 MTD partitions on "NAND 128MiB 1,8V 8-bit":
[    6.424373] 0x000000000000-0x000000100000 : "NAND simulator partition 0"
[    6.437318] 0x000000100000-0x000000200000 : "NAND simulator partition 1"
[    6.449600] 0x000000200000-0x000000300000 : "NAND simulator partition 2"
[    6.462232] 0x000000300000-0x000000400000 : "NAND simulator partition 3"
[    6.475067] 0x000000400000-0x000000500000 : "NAND simulator partition 4"
[    6.487726] 0x000000500000-0x000000600000 : "NAND simulator partition 5"
[    6.500686] 0x000000600000-0x000000700000 : "NAND simulator partition 6"
[    6.513781] 0x000000700000-0x000000800000 : "NAND simulator partition 7"
[    6.527478] 0x000000800000-0x000000900000 : "NAND simulator partition 8"
[    6.539679] 0x000000900000-0x000000a00000 : "NAND simulator partition 9"
[    6.552020] 0x000000a00000-0x000008000000 : "NAND simulator partition 10"
[    6.605395] tun: Universal TUN/TAP device driver, 1.6
[    6.605835] tun: (C) 1999-2004 Max Krasnyansky <maxk@qualcomm.com>
[    6.610055] pcnet32: pcnet32.c:v1.35 21.Apr.2008 tsbogend@alpha.franken.de
[    6.611751] e1000: Intel(R) PRO/1000 Network Driver - version 7.3.21-k8-NAPI
[    6.612279] e1000: Copyright (c) 1999-2006 Intel Corporation.
[    6.613377] PCI: Enabling device 0000:00:13.0 (0000 -> 0003)
[    6.936045] e1000 0000:00:13.0 eth0: (PCI:33MHz:32-bit) 52:54:00:12:34:56
[    6.936853] e1000 0000:00:13.0 eth0: Intel(R) PRO/1000 Network Connection
[    6.937709] PCI: Enabling device 0000:00:14.0 (0000 -> 0003)
[    7.261854] e1000 0000:00:14.0 eth1: (PCI:33MHz:32-bit) 52:54:00:12:34:57
[    7.262490] e1000 0000:00:14.0 eth1: Intel(R) PRO/1000 Network Connection
[    7.263566] PCI: Enabling device 0000:00:15.0 (0000 -> 0003)
[    7.265500] cfg80211: Calling CRDA to update world regulatory domain
[    7.572615] e1000 0000:00:15.0 eth2: (PCI:33MHz:32-bit) 52:54:00:12:34:58
[    7.573305] e1000 0000:00:15.0 eth2: Intel(R) PRO/1000 Network Connection
[    7.574178] PCI: Enabling device 0000:00:16.0 (0000 -> 0003)
[    7.896535] e1000 0000:00:16.0 eth3: (PCI:33MHz:32-bit) 52:54:00:12:34:59
[    7.897226] e1000 0000:00:16.0 eth3: Intel(R) PRO/1000 Network Connection
[    7.899183] e1000e: Intel(R) PRO/1000 Network Driver - 2.3.2-k
[    7.899667] e1000e: Copyright(c) 1999 - 2014 Intel Corporation.
[    7.905422] PPP generic driver version 2.4.2
[    7.908292] PPP Deflate Compression module registered
[    7.909107] PPP MPPE Compression module registered
[    7.909619] NET: Registered protocol family 24
[    7.910522] ehci_hcd: USB 2.0 'Enhanced' Host Controller (EHCI) Driver
[    7.911331] ehci-pci: EHCI PCI platform driver
[    7.912791] ohci_hcd: USB 1.1 'Open' Host Controller (OHCI) Driver
[    7.913391] ohci-pci: OHCI PCI platform driver
[    7.914977] uhci_hcd: USB Universal Host Controller Interface driver
[    7.917025] uhci_hcd 0000:00:0a.2: UHCI Host Controller
[    7.918003] uhci_hcd 0000:00:0a.2: new USB bus registered, assigned bus number 1
[    7.919489] uhci_hcd 0000:00:0a.2: irq 11, io base 0x00001440
[    7.935174] hub 1-0:1.0: USB hub found
[    7.936137] hub 1-0:1.0: 2 ports detected
[    7.949008] usbcore: registered new interface driver usb-storage
[    7.954439] mousedev: PS/2 mouse device common for all mice
[    7.962793] rtc_cmos rtc_cmos: rtc core: registered rtc_cmos as rtc0
[    7.963746] rtc_cmos rtc_cmos: alarms up to one day, 242 bytes nvram
[    7.965544] i2c /dev entries driver
[    7.967267] piix4_smbus 0000:00:0a.3: SMBus Host Controller at 0x1100, revision 0
[    7.973223] sdhci: Secure Digital Host Controller Interface driver
[    7.973698] sdhci: Copyright(c) Pierre Ossman
[    7.976819] hidraw: raw HID events driver (C) Jiri Kosina
[    8.000905] usbcore: registered new interface driver usbhid
[    8.001336] usbhid: USB HID core driver
[    8.002841] Netfilter messages via NETLINK v0.30.
[    8.004517] nf_conntrack version 0.5.0 (3923 buckets, 15692 max)
[    8.008769] ctnetlink v0.93: registering with nfnetlink.
[    8.016173] ipip: IPv4 over IPv4 tunneling driver
[    8.031991] ip_tables: (C) 2000-2006 Netfilter Core Team
[    8.035692] arp_tables: (C) 2002 David S. Miller
[    8.038006] Initializing XFRM netlink socket
[    8.039704] NET: Registered protocol family 10
[    8.068057] ip6_tables: (C) 2000-2006 Netfilter Core Team
[    8.073759] sit: IPv6 over IPv4 tunneling driver
[    8.096603] NET: Registered protocol family 17
[    8.097775] bridge: automatic filtering via arp/ip/ip6tables has been deprecated. Update your scripts to load br_netfilter if you need this.
[    8.099320] Bridge firewalling registered
[    8.099850] Ebtables v2.0 registered
[    8.102807] 8021q: 802.1Q VLAN Support v1.8
[    8.131479] rtc_cmos rtc_cmos: setting system clock to 2025-07-23 03:45:32 UTC (1753242332)
[    8.147810] spurious 8259A interrupt: IRQ7.
[    8.159648] EXT2-fs (sda1): warning: mounting unchecked fs, running e2fsck is recommended
[    8.162088] VFS: Mounted root (ext2 filesystem) on device 8:1.
[    8.173672] Freeing YAMON memory: 956k freed
[    8.187486] Freeing unused kernel memory: 260K (8081f000 - 80860000)
[    8.224312] firmadyne: sys_reboot[PID: 1 (init)]: magic1:fee1dead, magic2:28121969, cmd:0
init started: BusyBox v1.14.1 (2024-07-07 02:43:58 CEST)
starting pid 48, tty '': '/etc/init.d/rcS'
[    8.333231] firmadyne: do_execve: /firmadyne/console
[    8.333955] OFFSETS: offset of pid: 0x198 offset of comm: 0x278
[/etc/init.d/S03config.sh]
Mounting proc and var ...
[   10.407483] cfg80211: Calling CRDA to update world regulatory domain
SymbLink /dev/mtdblock/0
SymbLink /dev/mtdblock/1
SymbLink /dev/mtdblock/10
[   13.551296] cfg80211: Calling CRDA to update world regulatory domain
SymbLink /dev/mtdblock/2
SymbLink /dev/mtdblock/3
SymbLink /dev/mtdblock/4
SymbLink /dev/mtdblock/5
SymbLink /dev/mtdblock/6
SymbLink /dev/mtdblock/7
SymbLink /dev/mtdblock/8
SymbLink /dev/mtdblock/9
Inserting kernel modules ...
Inserting Rebootm ...
Inserting atheros ethernet ...
Inserting gpio ...
done.
Start xmldb ...
[   15.328610] firmadyne: sys_socket[PID: 147 (xmldb)]: family:1, type:2, protocol:0
[   15.332391] random: nonblocking pool is initialized
[/etc/scripts/misc/profile.sh] get ...
DEVCONF: unable to read config data (ret=-3) !
CAN NOT get devive config, generate default!
[/etc/scripts/misc/profile.sh] reset ...
[   16.695049] cfg80211: Calling CRDA to update world regulatory domain
[   16.901301] firmadyne: sys_socket[PID: 160 (rgdb)]: family:1, type:2, protocol:0
[/etc/scripts/misc/defnodes.sh] ...
[/etc/defnodes/S10setext.sh] ...
[   17.336498] firmadyne: sys_socket[PID: 166 (xmldbc)]: family:1, type:2, protocol:0
[   17.398050] firmadyne: sys_socket[PID: 167 (xmldbc)]: family:1, type:2, protocol:0
[   17.459730] firmadyne: sys_socket[PID: 168 (xmldbc)]: family:1, type:2, protocol:0
[   17.520376] firmadyne: sys_socket[PID: 169 (xmldbc)]: family:1, type:2, protocol:0
[   17.582510] firmadyne: sys_socket[PID: 170 (xmldbc)]: family:1, type:2, protocol:0
[   17.643827] firmadyne: sys_socket[PID: 171 (xmldbc)]: family:1, type:2, protocol:0
[   23.349850] cfg80211: Calling CRDA to update world regulatory domain
[   23.371200] firmadyne: sys_socket[PID: 172 (xmldbc)]: family:1, type:2, protocol:0
[   23.436404] firmadyne: sys_socket[PID: 174 (xmldbc)]: family:1, type:2, protocol:0
[   23.498107] firmadyne: sys_socket[PID: 175 (xmldbc)]: family:1, type:2, protocol:0
[   23.561094] firmadyne: sys_socket[PID: 176 (xmldbc)]: family:1, type:2, protocol:0
[   32.575951] cfg80211: Calling CRDA to update world regulatory domain
[   32.602074] firmadyne: sys_socket[PID: 177 (xmldbc)]: family:1, type:2, protocol:0
[   32.665492] firmadyne: sys_socket[PID: 179 (xmldbc)]: family:1, type:2, protocol:0
[   32.726667] firmadyne: sys_socket[PID: 180 (xmldbc)]: family:1, type:2, protocol:0
[   32.789899] firmadyne: sys_socket[PID: 181 (xmldbc)]: family:1, type:2, protocol:0
[   38.291253] cfg80211: Calling CRDA to update world regulatory domain
[   38.327484] firmadyne: sys_socket[PID: 182 (xmldbc)]: family:1, type:2, protocol:0
[   38.390410] firmadyne: sys_socket[PID: 184 (xmldbc)]: family:1, type:2, protocol:0
[   38.452966] firmadyne: sys_socket[PID: 185 (xmldbc)]: family:1, type:2, protocol:0
[   38.518381] firmadyne: sys_socket[PID: 186 (xmldbc)]: family:1, type:2, protocol:0
[   38.581122] firmadyne: sys_socket[PID: 187 (xmldbc)]: family:1, type:2, protocol:0
[   38.643296] firmadyne: sys_socket[PID: 188 (xmldbc)]: family:1, type:2, protocol:0
[   38.706676] firmadyne: sys_socket[PID: 189 (xmldbc)]: family:1, type:2, protocol:0
[   38.768926] firmadyne: sys_socket[PID: 190 (rgdb)]: family:1, type:2, protocol:0
[   38.831850] firmadyne: sys_socket[PID: 191 (rgdb)]: family:1, type:2, protocol:0
[   38.895084] firmadyne: sys_socket[PID: 192 (rgdb)]: family:1, type:2, protocol:0
[   38.957234] firmadyne: sys_socket[PID: 193 (rgdb)]: family:1, type:2, protocol:0
[   39.019089] firmadyne: sys_socket[PID: 194 (rgdb)]: family:1, type:2, protocol:0
[   39.081772] firmadyne: sys_socket[PID: 195 (rgdb)]: family:1, type:2, protocol:0
[   39.145250] firmadyne: sys_socket[PID: 196 (rgdb)]: family:1, type:2, protocol:0
[   39.206668] firmadyne: sys_socket[PID: 197 (rgdb)]: family:1, type:2, protocol:0
[   39.268566] firmadyne: sys_socket[PID: 198 (rgdb)]: family:1, type:2, protocol:0
[   39.332624] firmadyne: sys_socket[PID: 199 (rgdb)]: family:1, type:2, protocol:0
[   39.394106] firmadyne: sys_socket[PID: 200 (rgdb)]: family:1, type:2, protocol:0
[   39.458554] firmadyne: sys_socket[PID: 201 (rgdb)]: family:1, type:2, protocol:0
[   39.524416] firmadyne: sys_socket[PID: 202 (rgdb)]: family:1, type:2, protocol:0
[   39.585920] firmadyne: sys_socket[PID: 203 (rgdb)]: family:1, type:2, protocol:0
[   39.723284] firmadyne: sys_socket[PID: 205 (xmldbc)]: family:1, type:2, protocol:0
[   39.785576] firmadyne: sys_socket[PID: 206 (xmldbc)]: family:1, type:2, protocol:0
[   39.849997] firmadyne: sys_socket[PID: 207 (xmldbc)]: family:1, type:2, protocol:0
[   39.913985] firmadyne: sys_socket[PID: 208 (xmldbc)]: family:1, type:2, protocol:0
[   39.976416] firmadyne: sys_socket[PID: 209 (xmldbc)]: family:1, type:2, protocol:0
[   40.038407] firmadyne: sys_socket[PID: 210 (xmldbc)]: family:1, type:2, protocol:0
[   40.104039] firmadyne: sys_socket[PID: 211 (xmldbc)]: family:1, type:2, protocol:0
[   40.165630] firmadyne: sys_socket[PID: 212 (xmldbc)]: family:1, type:2, protocol:0
[   40.227791] firmadyne: sys_socket[PID: 213 (xmldbc)]: family:1, type:2, protocol:0
[   40.291730] firmadyne: sys_socket[PID: 214 (xmldbc)]: family:1, type:2, protocol:0
[   40.355474] firmadyne: sys_socket[PID: 215 (xmldbc)]: family:1, type:2, protocol:0
[   40.418615] firmadyne: sys_socket[PID: 216 (xmldbc)]: family:1, type:2, protocol:0
[   40.481830] firmadyne: sys_socket[PID: 217 (xmldbc)]: family:1, type:2, protocol:0
[   40.548135] firmadyne: sys_socket[PID: 218 (xmldbc)]: family:1, type:2, protocol:0
[   40.611756] firmadyne: sys_socket[PID: 219 (xmldbc)]: family:1, type:2, protocol:0
[   40.674444] firmadyne: sys_socket[PID: 220 (xmldbc)]: family:1, type:2, protocol:0
[   40.739202] firmadyne: sys_socket[PID: 221 (xmldbc)]: family:1, type:2, protocol:0
[   40.801961] firmadyne: sys_socket[PID: 222 (xmldbc)]: family:1, type:2, protocol:0
[   41.028349] firmadyne: sys_socket[PID: 227 (xmldbc)]: family:1, type:2, protocol:0
[   41.092025] firmadyne: sys_socket[PID: 228 (xmldbc)]: family:1, type:2, protocol:0
[   41.153540] firmadyne: sys_socket[PID: 229 (xmldbc)]: family:1, type:2, protocol:0
[   41.215327] firmadyne: sys_socket[PID: 230 (xmldbc)]: family:1, type:2, protocol:0
[   41.277186] firmadyne: sys_socket[PID: 231 (xmldbc)]: family:1, type:2, protocol:0
[   41.340044] firmadyne: sys_socket[PID: 232 (xmldbc)]: family:1, type:2, protocol:0
[   41.401088] firmadyne: sys_socket[PID: 233 (xmldbc)]: family:1, type:2, protocol:0
[   41.435195] cfg80211: Calling CRDA to update world regulatory domain
[   41.478392] firmadyne: sys_socket[PID: 234 (xmldbc)]: family:1, type:2, protocol:0
[   41.543994] firmadyne: sys_socket[PID: 236 (xmldbc)]: family:1, type:2, protocol:0
[   41.605752] firmadyne: sys_socket[PID: 237 (xmldbc)]: family:1, type:2, protocol:0
[   41.667620] firmadyne: sys_socket[PID: 238 (xmldbc)]: family:1, type:2, protocol:0
[   41.731043] firmadyne: sys_socket[PID: 239 (xmldbc)]: family:1, type:2, protocol:0
[   41.793107] firmadyne: sys_socket[PID: 240 (xmldbc)]: family:1, type:2, protocol:0
[   41.855031] firmadyne: sys_socket[PID: 241 (xmldbc)]: family:1, type:2, protocol:0
[   41.918330] firmadyne: sys_socket[PID: 242 (xmldbc)]: family:1, type:2, protocol:0
[   41.980094] firmadyne: sys_socket[PID: 243 (xmldbc)]: family:1, type:2, protocol:0
[   42.042109] firmadyne: sys_socket[PID: 244 (xmldbc)]: family:1, type:2, protocol:0
[   42.110597] firmadyne: sys_socket[PID: 245 (xmldbc)]: family:1, type:2, protocol:0
[   42.172562] firmadyne: sys_socket[PID: 246 (xmldbc)]: family:1, type:2, protocol:0
[   42.319148] firmadyne: sys_socket[PID: 250 (xmldbc)]: family:1, type:2, protocol:0
[   42.381596] firmadyne: sys_socket[PID: 251 (xmldbc)]: family:1, type:2, protocol:0
[   42.443746] firmadyne: sys_socket[PID: 252 (xmldbc)]: family:1, type:2, protocol:0
[   42.507734] firmadyne: sys_socket[PID: 253 (xmldbc)]: family:1, type:2, protocol:0
[   42.572179] firmadyne: sys_socket[PID: 254 (xmldbc)]: family:1, type:2, protocol:0
[   42.634406] firmadyne: sys_socket[PID: 255 (xmldbc)]: family:1, type:2, protocol:0
[   42.697683] firmadyne: sys_socket[PID: 256 (xmldbc)]: family:1, type:2, protocol:0
[   42.759380] firmadyne: sys_socket[PID: 257 (xmldbc)]: family:1, type:2, protocol:0
[   42.821127] firmadyne: sys_socket[PID: 258 (xmldbc)]: family:1, type:2, protocol:0
[   42.884403] firmadyne: sys_socket[PID: 259 (xmldbc)]: family:1, type:2, protocol:0
[   42.948361] firmadyne: sys_socket[PID: 260 (xmldbc)]: family:1, type:2, protocol:0
[   43.010597] firmadyne: sys_socket[PID: 261 (xmldbc)]: family:1, type:2, protocol:0
[   43.072493] firmadyne: sys_socket[PID: 262 (xmldbc)]: family:1, type:2, protocol:0
[   43.136848] firmadyne: sys_socket[PID: 263 (xmldbc)]: family:1, type:2, protocol:0
[   43.199444] firmadyne: sys_socket[PID: 264 (xmldbc)]: family:1, type:2, protocol:0
[   43.262005] firmadyne: sys_socket[PID: 265 (xmldbc)]: family:1, type:2, protocol:0
[   43.326509] firmadyne: sys_socket[PID: 266 (xmldbc)]: family:1, type:2, protocol:0
[   43.388101] firmadyne: sys_socket[PID: 267 (xmldbc)]: family:1, type:2, protocol:0
[   43.449527] firmadyne: sys_socket[PID: 268 (xmldbc)]: family:1, type:2, protocol:0
[   43.599915] firmadyne: sys_socket[PID: 272 (xmldbc)]: family:1, type:2, protocol:0
[   43.663314] firmadyne: sys_socket[PID: 273 (xmldbc)]: family:1, type:2, protocol:0
[   43.726513] firmadyne: sys_socket[PID: 274 (xmldbc)]: family:1, type:2, protocol:0
[   43.788662] firmadyne: sys_socket[PID: 275 (xmldbc)]: family:1, type:2, protocol:0
[   43.850277] firmadyne: sys_socket[PID: 276 (xmldbc)]: family:1, type:2, protocol:0
[   43.915199] firmadyne: sys_socket[PID: 277 (xmldbc)]: family:1, type:2, protocol:0
[   43.976936] firmadyne: sys_socket[PID: 278 (xmldbc)]: family:1, type:2, protocol:0
[   44.038642] firmadyne: sys_socket[PID: 279 (xmldbc)]: family:1, type:2, protocol:0
[   44.103346] firmadyne: sys_socket[PID: 280 (xmldbc)]: family:1, type:2, protocol:0
[   44.166075] firmadyne: sys_socket[PID: 281 (xmldbc)]: family:1, type:2, protocol:0
[   44.227804] firmadyne: sys_socket[PID: 282 (xmldbc)]: family:1, type:2, protocol:0
[   44.291294] firmadyne: sys_socket[PID: 283 (xmldbc)]: family:1, type:2, protocol:0
[   44.353927] firmadyne: sys_socket[PID: 284 (xmldbc)]: family:1, type:2, protocol:0
[   44.417581] firmadyne: sys_socket[PID: 285 (xmldbc)]: family:1, type:2, protocol:0
[   44.479504] firmadyne: sys_socket[PID: 286 (xmldbc)]: family:1, type:2, protocol:0
[   44.542349] firmadyne: sys_socket[PID: 287 (xmldbc)]: family:1, type:2, protocol:0
[   44.579273] cfg80211: Calling CRDA to update world regulatory domain
[   44.622423] firmadyne: sys_socket[PID: 288 (xmldbc)]: family:1, type:2, protocol:0
[   44.685419] firmadyne: sys_socket[PID: 290 (xmldbc)]: family:1, type:2, protocol:0
[   44.748849] firmadyne: sys_socket[PID: 291 (xmldbc)]: family:1, type:2, protocol:0
[   44.895406] firmadyne: sys_socket[PID: 295 (xmldbc)]: family:1, type:2, protocol:0
[   44.957297] firmadyne: sys_socket[PID: 296 (xmldbc)]: family:1, type:2, protocol:0
[   45.019818] firmadyne: sys_socket[PID: 297 (xmldbc)]: family:1, type:2, protocol:0
[   45.081555] firmadyne: sys_socket[PID: 298 (xmldbc)]: family:1, type:2, protocol:0
[   45.144638] firmadyne: sys_socket[PID: 299 (xmldbc)]: family:1, type:2, protocol:0
[   45.213640] firmadyne: sys_socket[PID: 300 (xmldbc)]: family:1, type:2, protocol:0
[   45.277192] firmadyne: sys_socket[PID: 301 (xmldbc)]: family:1, type:2, protocol:0
[   45.340260] firmadyne: sys_socket[PID: 302 (xmldbc)]: family:1, type:2, protocol:0
[   45.402212] firmadyne: sys_socket[PID: 303 (xmldbc)]: family:1, type:2, protocol:0
[   45.464068] firmadyne: sys_socket[PID: 304 (xmldbc)]: family:1, type:2, protocol:0
[   45.527811] firmadyne: sys_socket[PID: 305 (xmldbc)]: family:1, type:2, protocol:0
[   45.589818] firmadyne: sys_socket[PID: 306 (xmldbc)]: family:1, type:2, protocol:0
[   45.653764] firmadyne: sys_socket[PID: 307 (xmldbc)]: family:1, type:2, protocol:0
[   45.717255] firmadyne: sys_socket[PID: 308 (xmldbc)]: family:1, type:2, protocol:0
[   45.779622] firmadyne: sys_socket[PID: 309 (xmldbc)]: family:1, type:2, protocol:0
[   45.841754] firmadyne: sys_socket[PID: 310 (xmldbc)]: family:1, type:2, protocol:0
[   45.902593] firmadyne: sys_socket[PID: 311 (xmldbc)]: family:1, type:2, protocol:0
[   45.963148] firmadyne: sys_socket[PID: 312 (xmldbc)]: family:1, type:2, protocol:0
[   46.024971] firmadyne: sys_socket[PID: 313 (xmldbc)]: family:1, type:2, protocol:0
[   46.171708] firmadyne: sys_socket[PID: 317 (xmldbc)]: family:1, type:2, protocol:0
[   46.233433] firmadyne: sys_socket[PID: 318 (xmldbc)]: family:1, type:2, protocol:0
[   46.296647] firmadyne: sys_socket[PID: 319 (xmldbc)]: family:1, type:2, protocol:0
[   46.359731] firmadyne: sys_socket[PID: 320 (xmldbc)]: family:1, type:2, protocol:0
[   46.420871] firmadyne: sys_socket[PID: 321 (xmldbc)]: family:1, type:2, protocol:0
[   46.482208] firmadyne: sys_socket[PID: 322 (xmldbc)]: family:1, type:2, protocol:0
[   46.545027] firmadyne: sys_socket[PID: 323 (xmldbc)]: family:1, type:2, protocol:0
[   46.602223] firmadyne: sys_socket[PID: 324 (xmldbc)]: family:1, type:2, protocol:0
[   46.664484] firmadyne: sys_socket[PID: 325 (xmldbc)]: family:1, type:2, protocol:0
[   46.727580] firmadyne: sys_socket[PID: 326 (xmldbc)]: family:1, type:2, protocol:0
[   46.789099] firmadyne: sys_socket[PID: 327 (xmldbc)]: family:1, type:2, protocol:0
[   46.851738] firmadyne: sys_socket[PID: 328 (xmldbc)]: family:1, type:2, protocol:0
[   46.915034] firmadyne: sys_socket[PID: 329 (xmldbc)]: family:1, type:2, protocol:0
[   46.976589] firmadyne: sys_socket[PID: 330 (xmldbc)]: family:1, type:2, protocol:0
[   47.038134] firmadyne: sys_socket[PID: 331 (xmldbc)]: family:1, type:2, protocol:0
[   47.102295] firmadyne: sys_socket[PID: 332 (xmldbc)]: family:1, type:2, protocol:0
[   47.164428] firmadyne: sys_socket[PID: 333 (xmldbc)]: family:1, type:2, protocol:0
[   47.225985] firmadyne: sys_socket[PID: 334 (xmldbc)]: family:1, type:2, protocol:0
[   47.289316] firmadyne: sys_socket[PID: 335 (xmldbc)]: family:1, type:2, protocol:0
[   47.433476] firmadyne: sys_socket[PID: 339 (xmldbc)]: family:1, type:2, protocol:0
[   47.495508] firmadyne: sys_socket[PID: 340 (xmldbc)]: family:1, type:2, protocol:0
[   47.556971] firmadyne: sys_socket[PID: 341 (xmldbc)]: family:1, type:2, protocol:0
[   47.620126] firmadyne: sys_socket[PID: 342 (xmldbc)]: family:1, type:2, protocol:0
[   47.683143] firmadyne: sys_socket[PID: 343 (xmldbc)]: family:1, type:2, protocol:0
[   47.723311] cfg80211: Exceeded CRDA call max attempts. Not calling CRDA
[   47.747999] firmadyne: sys_socket[PID: 344 (xmldbc)]: family:1, type:2, protocol:0
[   47.808954] firmadyne: sys_socket[PID: 345 (xmldbc)]: family:1, type:2, protocol:0
[   47.869470] firmadyne: sys_socket[PID: 346 (xmldbc)]: family:1, type:2, protocol:0
[   47.933617] firmadyne: sys_socket[PID: 347 (xmldbc)]: family:1, type:2, protocol:0
[   47.995702] firmadyne: sys_socket[PID: 348 (xmldbc)]: family:1, type:2, protocol:0
[   48.057479] firmadyne: sys_socket[PID: 349 (xmldbc)]: family:1, type:2, protocol:0
[   48.122054] firmadyne: sys_socket[PID: 350 (xmldbc)]: family:1, type:2, protocol:0
[   48.185357] firmadyne: sys_socket[PID: 351 (xmldbc)]: family:1, type:2, protocol:0
[   48.247281] firmadyne: sys_socket[PID: 352 (xmldbc)]: family:1, type:2, protocol:0
[   48.312249] firmadyne: sys_socket[PID: 353 (xmldbc)]: family:1, type:2, protocol:0
[   48.373929] firmadyne: sys_socket[PID: 354 (xmldbc)]: family:1, type:2, protocol:0
[   48.436481] firmadyne: sys_socket[PID: 355 (xmldbc)]: family:1, type:2, protocol:0
[   48.494406] firmadyne: sys_socket[PID: 356 (xmldbc)]: family:1, type:2, protocol:0
[   48.556632] firmadyne: sys_socket[PID: 357 (xmldbc)]: family:1, type:2, protocol:0
[   48.706630] firmadyne: sys_socket[PID: 361 (xmldbc)]: family:1, type:2, protocol:0
[   48.763749] firmadyne: sys_socket[PID: 362 (xmldbc)]: family:1, type:2, protocol:0
[   48.824452] firmadyne: sys_socket[PID: 363 (xmldbc)]: family:1, type:2, protocol:0
[   48.888838] firmadyne: sys_socket[PID: 364 (xmldbc)]: family:1, type:2, protocol:0
[   48.945245] firmadyne: sys_socket[PID: 365 (xmldbc)]: family:1, type:2, protocol:0
[   49.006533] firmadyne: sys_socket[PID: 366 (xmldbc)]: family:1, type:2, protocol:0
[   49.068504] firmadyne: sys_socket[PID: 367 (xmldbc)]: family:1, type:2, protocol:0
[   49.131562] firmadyne: sys_socket[PID: 368 (xmldbc)]: family:1, type:2, protocol:0
[   49.193748] firmadyne: sys_socket[PID: 369 (xmldbc)]: family:1, type:2, protocol:0
[   49.256319] firmadyne: sys_socket[PID: 370 (xmldbc)]: family:1, type:2, protocol:0
[   49.318480] firmadyne: sys_socket[PID: 371 (xmldbc)]: family:1, type:2, protocol:0
[   49.379745] firmadyne: sys_socket[PID: 372 (xmldbc)]: family:1, type:2, protocol:0
[   49.441792] firmadyne: sys_socket[PID: 373 (xmldbc)]: family:1, type:2, protocol:0
[   49.505344] firmadyne: sys_socket[PID: 374 (xmldbc)]: family:1, type:2, protocol:0
[   49.567843] firmadyne: sys_socket[PID: 375 (xmldbc)]: family:1, type:2, protocol:0
[   49.630136] firmadyne: sys_socket[PID: 376 (xmldbc)]: family:1, type:2, protocol:0
[   49.696256] firmadyne: sys_socket[PID: 377 (xmldbc)]: family:1, type:2, protocol:0
[   49.757543] firmadyne: sys_socket[PID: 378 (xmldbc)]: family:1, type:2, protocol:0
[   49.818317] firmadyne: sys_socket[PID: 379 (xmldbc)]: family:1, type:2, protocol:0
[   49.964467] firmadyne: sys_socket[PID: 383 (xmldbc)]: family:1, type:2, protocol:0
[   50.026516] firmadyne: sys_socket[PID: 384 (xmldbc)]: family:1, type:2, protocol:0
[   50.090069] firmadyne: sys_socket[PID: 385 (xmldbc)]: family:1, type:2, protocol:0
[   50.151637] firmadyne: sys_socket[PID: 386 (xmldbc)]: family:1, type:2, protocol:0
[   50.213046] firmadyne: sys_socket[PID: 387 (xmldbc)]: family:1, type:2, protocol:0
[   50.274759] firmadyne: sys_socket[PID: 388 (xmldbc)]: family:1, type:2, protocol:0
[   50.337694] firmadyne: sys_socket[PID: 389 (xmldbc)]: family:1, type:2, protocol:0
[   50.399383] firmadyne: sys_socket[PID: 390 (xmldbc)]: family:1, type:2, protocol:0
[   50.460269] firmadyne: sys_socket[PID: 391 (xmldbc)]: family:1, type:2, protocol:0
[   50.523621] firmadyne: sys_socket[PID: 392 (xmldbc)]: family:1, type:2, protocol:0
[   50.584963] firmadyne: sys_socket[PID: 393 (xmldbc)]: family:1, type:2, protocol:0
[   50.646735] firmadyne: sys_socket[PID: 394 (xmldbc)]: family:1, type:2, protocol:0
[   50.719514] firmadyne: sys_socket[PID: 395 (xmldbc)]: family:1, type:2, protocol:0
[   50.782454] firmadyne: sys_socket[PID: 396 (xmldbc)]: family:1, type:2, protocol:0
[   50.844892] firmadyne: sys_socket[PID: 397 (xmldbc)]: family:1, type:2, protocol:0
[   50.908509] firmadyne: sys_socket[PID: 398 (xmldbc)]: family:1, type:2, protocol:0
[   50.970720] firmadyne: sys_socket[PID: 399 (xmldbc)]: family:1, type:2, protocol:0
[   51.032572] firmadyne: sys_socket[PID: 400 (xmldbc)]: family:1, type:2, protocol:0
[   51.095489] firmadyne: sys_socket[PID: 401 (xmldbc)]: family:1, type:2, protocol:0
[   51.237416] firmadyne: sys_socket[PID: 405 (xmldbc)]: family:1, type:2, protocol:0
[   51.300701] firmadyne: sys_socket[PID: 406 (xmldbc)]: family:1, type:2, protocol:0
[   51.362310] firmadyne: sys_socket[PID: 407 (xmldbc)]: family:1, type:2, protocol:0
[   51.423957] firmadyne: sys_socket[PID: 408 (xmldbc)]: family:1, type:2, protocol:0
[   51.485264] firmadyne: sys_socket[PID: 409 (xmldbc)]: family:1, type:2, protocol:0
[   51.551146] firmadyne: sys_socket[PID: 410 (xmldbc)]: family:1, type:2, protocol:0
[   51.613152] firmadyne: sys_socket[PID: 411 (xmldbc)]: family:1, type:2, protocol:0
[   51.676211] firmadyne: sys_socket[PID: 412 (xmldbc)]: family:1, type:2, protocol:0
[   51.740425] firmadyne: sys_socket[PID: 413 (xmldbc)]: family:1, type:2, protocol:0
[   51.803160] firmadyne: sys_socket[PID: 414 (xmldbc)]: family:1, type:2, protocol:0
[   51.864530] firmadyne: sys_socket[PID: 415 (xmldbc)]: family:1, type:2, protocol:0
[   51.927349] firmadyne: sys_socket[PID: 416 (xmldbc)]: family:1, type:2, protocol:0
[   51.984357] firmadyne: sys_socket[PID: 417 (xmldbc)]: family:1, type:2, protocol:0
[   52.045305] firmadyne: sys_socket[PID: 418 (xmldbc)]: family:1, type:2, protocol:0
[   52.110061] firmadyne: sys_socket[PID: 419 (xmldbc)]: family:1, type:2, protocol:0
[   52.171519] firmadyne: sys_socket[PID: 420 (xmldbc)]: family:1, type:2, protocol:0
[   52.233120] firmadyne: sys_socket[PID: 421 (xmldbc)]: family:1, type:2, protocol:0
[   52.296757] firmadyne: sys_socket[PID: 422 (xmldbc)]: family:1, type:2, protocol:0
[   52.359757] firmadyne: sys_socket[PID: 423 (xmldbc)]: family:1, type:2, protocol:0
[   52.506605] firmadyne: sys_socket[PID: 427 (xmldbc)]: family:1, type:2, protocol:0
[   52.568153] firmadyne: sys_socket[PID: 428 (xmldbc)]: family:1, type:2, protocol:0
[   52.629115] firmadyne: sys_socket[PID: 429 (xmldbc)]: family:1, type:2, protocol:0
[   52.695162] firmadyne: sys_socket[PID: 430 (xmldbc)]: family:1, type:2, protocol:0
[   52.757168] firmadyne: sys_socket[PID: 431 (xmldbc)]: family:1, type:2, protocol:0
[   52.819297] firmadyne: sys_socket[PID: 432 (xmldbc)]: family:1, type:2, protocol:0
[   52.881305] firmadyne: sys_socket[PID: 433 (xmldbc)]: family:1, type:2, protocol:0
[   52.945180] firmadyne: sys_socket[PID: 434 (xmldbc)]: family:1, type:2, protocol:0
[   53.006514] firmadyne: sys_socket[PID: 435 (xmldbc)]: family:1, type:2, protocol:0
[   53.067664] firmadyne: sys_socket[PID: 436 (xmldbc)]: family:1, type:2, protocol:0
[   53.130281] firmadyne: sys_socket[PID: 437 (xmldbc)]: family:1, type:2, protocol:0
[   58.995398] firmadyne: sys_socket[PID: 438 (xmldbc)]: family:1, type:2, protocol:0
[   59.057744] firmadyne: sys_socket[PID: 439 (xmldbc)]: family:1, type:2, protocol:0
[   59.119971] firmadyne: sys_socket[PID: 440 (xmldbc)]: family:1, type:2, protocol:0
[   59.184209] firmadyne: sys_socket[PID: 441 (xmldbc)]: family:1, type:2, protocol:0
[   59.306604] firmadyne: sys_socket[PID: 442 (xmldbc)]: family:1, type:2, protocol:0
[   59.369289] firmadyne: sys_socket[PID: 443 (xmldbc)]: family:1, type:2, protocol:0
[   59.431466] firmadyne: sys_socket[PID: 444 (xmldbc)]: family:1, type:2, protocol:0
[   59.487587] firmadyne: sys_socket[PID: 445 (xmldbc)]: family:1, type:2, protocol:0
[   59.634064] firmadyne: sys_socket[PID: 449 (xmldbc)]: family:1, type:2, protocol:0
[   65.079252] firmadyne: sys_socket[PID: 450 (xmldbc)]: family:1, type:2, protocol:0
[   65.136947] firmadyne: sys_socket[PID: 451 (xmldbc)]: family:1, type:2, protocol:0
[   65.198738] firmadyne: sys_socket[PID: 452 (xmldbc)]: family:1, type:2, protocol:0
[   65.262294] firmadyne: sys_socket[PID: 453 (xmldbc)]: family:1, type:2, protocol:0
[   65.324500] firmadyne: sys_socket[PID: 454 (xmldbc)]: family:1, type:2, protocol:0
[   68.185418] firmadyne: sys_socket[PID: 455 (xmldbc)]: family:1, type:2, protocol:0
[   68.248420] firmadyne: sys_socket[PID: 456 (xmldbc)]: family:1, type:2, protocol:0
[   68.311526] firmadyne: sys_socket[PID: 457 (xmldbc)]: family:1, type:2, protocol:0
[   68.375735] firmadyne: sys_socket[PID: 458 (xmldbc)]: family:1, type:2, protocol:0
[   92.187241] firmadyne: sys_socket[PID: 459 (xmldbc)]: family:1, type:2, protocol:0
[   92.251351] firmadyne: sys_socket[PID: 460 (xmldbc)]: family:1, type:2, protocol:0
[   92.314471] firmadyne: sys_socket[PID: 461 (xmldbc)]: family:1, type:2, protocol:0
[   92.378397] firmadyne: sys_socket[PID: 462 (xmldbc)]: family:1, type:2, protocol:0
[   92.498235] firmadyne: sys_socket[PID: 463 (xmldbc)]: family:1, type:2, protocol:0
[   92.562291] firmadyne: sys_socket[PID: 464 (xmldbc)]: family:1, type:2, protocol:0
[   92.624740] firmadyne: sys_socket[PID: 465 (xmldbc)]: family:1, type:2, protocol:0
[  107.656257] firmadyne: sys_socket[PID: 466 (xmldbc)]: family:1, type:2, protocol:0
[  107.720441] firmadyne: sys_socket[PID: 467 (xmldbc)]: family:1, type:2, protocol:0
[  107.866403] firmadyne: sys_socket[PID: 471 (xmldbc)]: family:1, type:2, protocol:0
[  107.928422] firmadyne: sys_socket[PID: 472 (xmldbc)]: family:1, type:2, protocol:0
[  112.588433] firmadyne: sys_socket[PID: 473 (xmldbc)]: family:1, type:2, protocol:0
[  112.652517] firmadyne: sys_socket[PID: 474 (xmldbc)]: family:1, type:2, protocol:0
[  112.714563] firmadyne: sys_socket[PID: 475 (xmldbc)]: family:1, type:2, protocol:0
[  112.776693] firmadyne: sys_socket[PID: 476 (xmldbc)]: family:1, type:2, protocol:0
[  121.988574] firmadyne: sys_socket[PID: 477 (xmldbc)]: family:1, type:2, protocol:0
[  122.052571] firmadyne: sys_socket[PID: 478 (xmldbc)]: family:1, type:2, protocol:0
[  122.115759] firmadyne: sys_socket[PID: 479 (xmldbc)]: family:1, type:2, protocol:0
[  122.177703] firmadyne: sys_socket[PID: 480 (xmldbc)]: family:1, type:2, protocol:0
[  124.375827] firmadyne: sys_socket[PID: 481 (xmldbc)]: family:1, type:2, protocol:0
[  124.439915] firmadyne: sys_socket[PID: 482 (xmldbc)]: family:1, type:2, protocol:0
[  124.502367] firmadyne: sys_socket[PID: 483 (xmldbc)]: family:1, type:2, protocol:0
[  124.564696] firmadyne: sys_socket[PID: 484 (xmldbc)]: family:1, type:2, protocol:0
[  129.449982] firmadyne: sys_socket[PID: 485 (xmldbc)]: family:1, type:2, protocol:0
[  129.514020] firmadyne: sys_socket[PID: 486 (xmldbc)]: family:1, type:2, protocol:0
[  129.576303] firmadyne: sys_socket[PID: 487 (xmldbc)]: family:1, type:2, protocol:0
[  129.638096] firmadyne: sys_socket[PID: 488 (xmldbc)]: family:1, type:2, protocol:0
[  134.243394] firmadyne: sys_socket[PID: 489 (xmldbc)]: family:1, type:2, protocol:0
[  134.393025] firmadyne: sys_socket[PID: 493 (xmldbc)]: family:1, type:2, protocol:0
[  134.456859] firmadyne: sys_socket[PID: 494 (xmldbc)]: family:1, type:2, protocol:0
[  134.521400] firmadyne: sys_socket[PID: 495 (xmldbc)]: family:1, type:2, protocol:0
[  134.642522] firmadyne: sys_socket[PID: 496 (xmldbc)]: family:1, type:2, protocol:0
[  134.719851] firmadyne: sys_socket[PID: 497 (xmldbc)]: family:1, type:2, protocol:0
[  134.785152] firmadyne: sys_socket[PID: 498 (xmldbc)]: family:1, type:2, protocol:0
[  134.849823] firmadyne: sys_socket[PID: 499 (xmldbc)]: family:1, type:2, protocol:0
[  134.970427] firmadyne: sys_socket[PID: 500 (xmldbc)]: family:1, type:2, protocol:0
[  135.029718] firmadyne: sys_socket[PID: 501 (xmldbc)]: family:1, type:2, protocol:0
[  135.090984] firmadyne: sys_socket[PID: 502 (xmldbc)]: family:1, type:2, protocol:0
[  135.152623] firmadyne: sys_socket[PID: 503 (xmldbc)]: family:1, type:2, protocol:0
[  135.213927] firmadyne: sys_socket[PID: 504 (xmldbc)]: family:1, type:2, protocol:0
[  135.335417] firmadyne: sys_socket[PID: 505 (xmldbc)]: family:1, type:2, protocol:0
[  135.397058] firmadyne: sys_socket[PID: 506 (xmldbc)]: family:1, type:2, protocol:0
[  135.460421] firmadyne: sys_socket[PID: 507 (xmldbc)]: family:1, type:2, protocol:0
[  135.521737] firmadyne: sys_socket[PID: 508 (xmldbc)]: family:1, type:2, protocol:0
[  135.642529] firmadyne: sys_socket[PID: 509 (xmldbc)]: family:1, type:2, protocol:0
[  135.704759] firmadyne: sys_socket[PID: 510 (xmldbc)]: family:1, type:2, protocol:0
[  135.766082] firmadyne: sys_socket[PID: 511 (xmldbc)]: family:1, type:2, protocol:0
[  135.914683] firmadyne: sys_socket[PID: 515 (xmldbc)]: family:1, type:2, protocol:0
[  136.035905] firmadyne: sys_socket[PID: 516 (xmldbc)]: family:1, type:2, protocol:0
[  136.097780] firmadyne: sys_socket[PID: 517 (xmldbc)]: family:1, type:2, protocol:0
[  136.160150] firmadyne: sys_socket[PID: 518 (xmldbc)]: family:1, type:2, protocol:0
[  136.221747] firmadyne: sys_socket[PID: 519 (xmldbc)]: family:1, type:2, protocol:0
[  136.344025] firmadyne: sys_socket[PID: 520 (xmldbc)]: family:1, type:2, protocol:0
[  136.405168] firmadyne: sys_socket[PID: 521 (xmldbc)]: family:1, type:2, protocol:0
[  136.468086] firmadyne: sys_socket[PID: 522 (xmldbc)]: family:1, type:2, protocol:0
[  136.530250] firmadyne: sys_socket[PID: 523 (xmldbc)]: family:1, type:2, protocol:0
[  136.652082] firmadyne: sys_socket[PID: 524 (xmldbc)]: family:1, type:2, protocol:0
[  136.713923] firmadyne: sys_socket[PID: 525 (xmldbc)]: family:1, type:2, protocol:0
[  136.769675] firmadyne: sys_socket[PID: 526 (xmldbc)]: family:1, type:2, protocol:0
[  136.831994] firmadyne: sys_socket[PID: 527 (xmldbc)]: family:1, type:2, protocol:0
[  136.897412] firmadyne: sys_socket[PID: 528 (xmldbc)]: family:1, type:2, protocol:0
[  137.017187] firmadyne: sys_socket[PID: 529 (xmldbc)]: family:1, type:2, protocol:0
[  137.076874] firmadyne: sys_socket[PID: 530 (xmldbc)]: family:1, type:2, protocol:0
[  137.139494] firmadyne: sys_socket[PID: 531 (xmldbc)]: family:1, type:2, protocol:0
[  137.201764] firmadyne: sys_socket[PID: 532 (xmldbc)]: family:1, type:2, protocol:0
[  137.323162] firmadyne: sys_socket[PID: 533 (xmldbc)]: family:1, type:2, protocol:0
[  137.471327] firmadyne: sys_socket[PID: 537 (xmldbc)]: family:1, type:2, protocol:0
[  137.532494] firmadyne: sys_socket[PID: 538 (xmldbc)]: family:1, type:2, protocol:0
[  137.593449] firmadyne: sys_socket[PID: 539 (xmldbc)]: family:1, type:2, protocol:0
[  137.715224] firmadyne: sys_socket[PID: 540 (xmldbc)]: family:1, type:2, protocol:0
[  137.777460] firmadyne: sys_socket[PID: 541 (xmldbc)]: family:1, type:2, protocol:0
[  137.841752] firmadyne: sys_socket[PID: 542 (xmldbc)]: family:1, type:2, protocol:0
[  137.905981] firmadyne: sys_socket[PID: 543 (xmldbc)]: family:1, type:2, protocol:0
[  138.031010] firmadyne: sys_socket[PID: 544 (xmldbc)]: family:1, type:2, protocol:0
[  138.094314] firmadyne: sys_socket[PID: 545 (xmldbc)]: family:1, type:2, protocol:0
[  138.157085] firmadyne: sys_socket[PID: 546 (xmldbc)]: family:1, type:2, protocol:0
[  138.218561] firmadyne: sys_socket[PID: 547 (xmldbc)]: family:1, type:2, protocol:0
[  138.352318] firmadyne: sys_socket[PID: 548 (xmldbc)]: family:1, type:2, protocol:0
[  138.414317] firmadyne: sys_socket[PID: 549 (xmldbc)]: family:1, type:2, protocol:0
[  138.477511] firmadyne: sys_socket[PID: 550 (xmldbc)]: family:1, type:2, protocol:0
[  138.538276] firmadyne: sys_socket[PID: 551 (xmldbc)]: family:1, type:2, protocol:0
[  138.670616] firmadyne: sys_socket[PID: 552 (xmldbc)]: family:1, type:2, protocol:0
[  138.734160] firmadyne: sys_socket[PID: 553 (xmldbc)]: family:1, type:2, protocol:0
[  138.796756] firmadyne: sys_socket[PID: 554 (xmldbc)]: family:1, type:2, protocol:0
[  138.860234] firmadyne: sys_socket[PID: 555 (xmldbc)]: family:1, type:2, protocol:0
[  139.079648] firmadyne: sys_socket[PID: 559 (xmldbc)]: family:1, type:2, protocol:0
[  139.142381] firmadyne: sys_socket[PID: 560 (xmldbc)]: family:1, type:2, protocol:0
[  139.205001] firmadyne: sys_socket[PID: 561 (xmldbc)]: family:1, type:2, protocol:0
[  139.267880] firmadyne: sys_socket[PID: 562 (xmldbc)]: family:1, type:2, protocol:0
[  139.400134] firmadyne: sys_socket[PID: 563 (xmldbc)]: family:1, type:2, protocol:0
[  139.461547] firmadyne: sys_socket[PID: 564 (xmldbc)]: family:1, type:2, protocol:0
[  139.525556] firmadyne: sys_socket[PID: 565 (xmldbc)]: family:1, type:2, protocol:0
[  139.592578] firmadyne: sys_socket[PID: 566 (xmldbc)]: family:1, type:2, protocol:0
[  139.725686] firmadyne: sys_socket[PID: 567 (xmldbc)]: family:1, type:2, protocol:0
[  139.788227] firmadyne: sys_socket[PID: 568 (xmldbc)]: family:1, type:2, protocol:0
[  139.850100] firmadyne: sys_socket[PID: 569 (xmldbc)]: family:1, type:2, protocol:0
[  139.914674] firmadyne: sys_socket[PID: 570 (xmldbc)]: family:1, type:2, protocol:0
[  140.047413] firmadyne: sys_socket[PID: 571 (xmldbc)]: family:1, type:2, protocol:0
[  140.109429] firmadyne: sys_socket[PID: 572 (xmldbc)]: family:1, type:2, protocol:0
[  140.173256] firmadyne: sys_socket[PID: 573 (xmldbc)]: family:1, type:2, protocol:0
[  140.235025] firmadyne: sys_socket[PID: 574 (xmldbc)]: family:1, type:2, protocol:0
[  140.368893] firmadyne: sys_socket[PID: 575 (xmldbc)]: family:1, type:2, protocol:0
[  140.431360] firmadyne: sys_socket[PID: 576 (xmldbc)]: family:1, type:2, protocol:0
[  140.493111] firmadyne: sys_socket[PID: 577 (xmldbc)]: family:1, type:2, protocol:0
[  140.640380] firmadyne: sys_socket[PID: 581 (xmldbc)]: family:1, type:2, protocol:0
[  140.772860] firmadyne: sys_socket[PID: 582 (xmldbc)]: family:1, type:2, protocol:0
[  140.834486] firmadyne: sys_socket[PID: 583 (xmldbc)]: family:1, type:2, protocol:0
[  140.897960] firmadyne: sys_socket[PID: 584 (xmldbc)]: family:1, type:2, protocol:0
[  140.963131] firmadyne: sys_socket[PID: 585 (xmldbc)]: family:1, type:2, protocol:0
[  141.092257] firmadyne: sys_socket[PID: 586 (xmldbc)]: family:1, type:2, protocol:0
[  141.155945] firmadyne: sys_socket[PID: 587 (xmldbc)]: family:1, type:2, protocol:0
[  141.217461] firmadyne: sys_socket[PID: 588 (xmldbc)]: family:1, type:2, protocol:0
[  141.279236] firmadyne: sys_socket[PID: 589 (xmldbc)]: family:1, type:2, protocol:0
[  141.411943] firmadyne: sys_socket[PID: 590 (xmldbc)]: family:1, type:2, protocol:0
[  141.474280] firmadyne: sys_socket[PID: 591 (xmldbc)]: family:1, type:2, protocol:0
[  141.536855] firmadyne: sys_socket[PID: 592 (xmldbc)]: family:1, type:2, protocol:0
[  141.600060] firmadyne: sys_socket[PID: 593 (xmldbc)]: family:1, type:2, protocol:0
[  141.730404] firmadyne: sys_socket[PID: 594 (xmldbc)]: family:1, type:2, protocol:0
[  141.794573] firmadyne: sys_socket[PID: 595 (xmldbc)]: family:1, type:2, protocol:0
[  141.856619] firmadyne: sys_socket[PID: 596 (xmldbc)]: family:1, type:2, protocol:0
[  141.918371] firmadyne: sys_socket[PID: 597 (xmldbc)]: family:1, type:2, protocol:0
[  142.051862] firmadyne: sys_socket[PID: 598 (xmldbc)]: family:1, type:2, protocol:0
[  142.114046] firmadyne: sys_socket[PID: 599 (xmldbc)]: family:1, type:2, protocol:0
[  142.260870] firmadyne: sys_socket[PID: 603 (xmldbc)]: family:1, type:2, protocol:0
[  142.322754] firmadyne: sys_socket[PID: 604 (xmldbc)]: family:1, type:2, protocol:0
[  142.455660] firmadyne: sys_socket[PID: 605 (xmldbc)]: family:1, type:2, protocol:0
[  142.517730] firmadyne: sys_socket[PID: 606 (xmldbc)]: family:1, type:2, protocol:0
[  142.579610] firmadyne: sys_socket[PID: 607 (xmldbc)]: family:1, type:2, protocol:0
[  142.642984] firmadyne: sys_socket[PID: 608 (xmldbc)]: family:1, type:2, protocol:0
[  142.774032] firmadyne: sys_socket[PID: 609 (xmldbc)]: family:1, type:2, protocol:0
[  142.838115] firmadyne: sys_socket[PID: 610 (xmldbc)]: family:1, type:2, protocol:0
[  142.901486] firmadyne: sys_socket[PID: 611 (xmldbc)]: family:1, type:2, protocol:0
[  143.035599] firmadyne: sys_socket[PID: 612 (xmldbc)]: family:1, type:2, protocol:0
[  143.098757] firmadyne: sys_socket[PID: 613 (xmldbc)]: family:1, type:2, protocol:0
[  143.161343] firmadyne: sys_socket[PID: 614 (xmldbc)]: family:1, type:2, protocol:0
[  143.223765] firmadyne: sys_socket[PID: 615 (xmldbc)]: family:1, type:2, protocol:0
[  143.355819] firmadyne: sys_socket[PID: 616 (xmldbc)]: family:1, type:2, protocol:0
[  143.417738] firmadyne: sys_socket[PID: 617 (xmldbc)]: family:1, type:2, protocol:0
[  143.482077] firmadyne: sys_socket[PID: 618 (xmldbc)]: family:1, type:2, protocol:0
[  143.545453] firmadyne: sys_socket[PID: 619 (xmldbc)]: family:1, type:2, protocol:0
[  143.678152] firmadyne: sys_socket[PID: 620 (xmldbc)]: family:1, type:2, protocol:0
[  143.740450] firmadyne: sys_socket[PID: 621 (xmldbc)]: family:1, type:2, protocol:0
[  143.881568] firmadyne: sys_socket[PID: 625 (xmldbc)]: family:1, type:2, protocol:0
[  143.942423] firmadyne: sys_socket[PID: 626 (xmldbc)]: family:1, type:2, protocol:0
[  144.010226] firmadyne: sys_socket[PID: 627 (xmldbc)]: family:1, type:2, protocol:0
[  144.144042] firmadyne: sys_socket[PID: 628 (xmldbc)]: family:1, type:2, protocol:0
[  144.205880] firmadyne: sys_socket[PID: 629 (xmldbc)]: family:1, type:2, protocol:0
[  144.268134] firmadyne: sys_socket[PID: 630 (xmldbc)]: family:1, type:2, protocol:0
[  144.329906] firmadyne: sys_socket[PID: 631 (xmldbc)]: family:1, type:2, protocol:0
[  144.462214] firmadyne: sys_socket[PID: 632 (xmldbc)]: family:1, type:2, protocol:0
[  144.525091] firmadyne: sys_socket[PID: 633 (xmldbc)]: family:1, type:2, protocol:0
[  144.588715] firmadyne: sys_socket[PID: 634 (xmldbc)]: family:1, type:2, protocol:0
[  144.650442] firmadyne: sys_socket[PID: 635 (xmldbc)]: family:1, type:2, protocol:0
[  144.782367] firmadyne: sys_socket[PID: 636 (xmldbc)]: family:1, type:2, protocol:0
[  144.845226] firmadyne: sys_socket[PID: 637 (xmldbc)]: family:1, type:2, protocol:0
[  144.907155] firmadyne: sys_socket[PID: 638 (xmldbc)]: family:1, type:2, protocol:0
[  144.970265] firmadyne: sys_socket[PID: 639 (xmldbc)]: family:1, type:2, protocol:0
[  145.103050] firmadyne: sys_socket[PID: 640 (xmldbc)]: family:1, type:2, protocol:0
[  145.159930] firmadyne: sys_socket[PID: 641 (xmldbc)]: family:1, type:2, protocol:0
[  145.223219] firmadyne: sys_socket[PID: 642 (xmldbc)]: family:1, type:2, protocol:0
[  145.280064] firmadyne: sys_socket[PID: 643 (xmldbc)]: family:1, type:2, protocol:0
[  145.425315] firmadyne: sys_socket[PID: 647 (xmldbc)]: family:1, type:2, protocol:0
[  145.487138] firmadyne: sys_socket[PID: 648 (xmldbc)]: family:1, type:2, protocol:0
[  145.619698] firmadyne: sys_socket[PID: 649 (xmldbc)]: family:1, type:2, protocol:0
[  145.682624] firmadyne: sys_socket[PID: 650 (xmldbc)]: family:1, type:2, protocol:0
[  145.745064] firmadyne: sys_socket[PID: 651 (xmldbc)]: family:1, type:2, protocol:0
[  145.808773] firmadyne: sys_socket[PID: 652 (xmldbc)]: family:1, type:2, protocol:0
[  145.939677] firmadyne: sys_socket[PID: 653 (xmldbc)]: family:1, type:2, protocol:0
[  146.004518] firmadyne: sys_socket[PID: 654 (xmldbc)]: family:1, type:2, protocol:0
[  146.066325] firmadyne: sys_socket[PID: 655 (xmldbc)]: family:1, type:2, protocol:0
[  146.129338] firmadyne: sys_socket[PID: 656 (xmldbc)]: family:1, type:2, protocol:0
[  146.261991] firmadyne: sys_socket[PID: 657 (xmldbc)]: family:1, type:2, protocol:0
[  146.323981] firmadyne: sys_socket[PID: 658 (xmldbc)]: family:1, type:2, protocol:0
[  146.385784] firmadyne: sys_socket[PID: 659 (xmldbc)]: family:1, type:2, protocol:0
[  146.448946] firmadyne: sys_socket[PID: 660 (xmldbc)]: family:1, type:2, protocol:0
[  146.579757] firmadyne: sys_socket[PID: 661 (xmldbc)]: family:1, type:2, protocol:0
[  146.643892] firmadyne: sys_socket[PID: 662 (xmldbc)]: family:1, type:2, protocol:0
[  146.705464] firmadyne: sys_socket[PID: 663 (xmldbc)]: family:1, type:2, protocol:0
[  146.761585] firmadyne: sys_socket[PID: 664 (xmldbc)]: family:1, type:2, protocol:0
[  146.822300] firmadyne: sys_socket[PID: 665 (xmldbc)]: family:1, type:2, protocol:0
[  147.042576] firmadyne: sys_socket[PID: 669 (xmldbc)]: family:1, type:2, protocol:0
[  147.105563] firmadyne: sys_socket[PID: 670 (xmldbc)]: family:1, type:2, protocol:0
[  147.168008] firmadyne: sys_socket[PID: 671 (xmldbc)]: family:1, type:2, protocol:0
[  147.231714] firmadyne: sys_socket[PID: 672 (xmldbc)]: family:1, type:2, protocol:0
[  147.363008] firmadyne: sys_socket[PID: 673 (xmldbc)]: family:1, type:2, protocol:0
[  147.419724] firmadyne: sys_socket[PID: 674 (xmldbc)]: family:1, type:2, protocol:0
[  147.482071] firmadyne: sys_socket[PID: 675 (xmldbc)]: family:1, type:2, protocol:0
[  147.544214] firmadyne: sys_socket[PID: 676 (xmldbc)]: family:1, type:2, protocol:0
[  147.605997] firmadyne: sys_socket[PID: 677 (xmldbc)]: family:1, type:2, protocol:0
[  147.737547] firmadyne: sys_socket[PID: 678 (xmldbc)]: family:1, type:2, protocol:0
[  147.799359] firmadyne: sys_socket[PID: 679 (xmldbc)]: family:1, type:2, protocol:0
[  147.861479] firmadyne: sys_socket[PID: 680 (xmldbc)]: family:1, type:2, protocol:0
[  147.993176] firmadyne: sys_socket[PID: 681 (xmldbc)]: family:1, type:2, protocol:0
[  148.056950] firmadyne: sys_socket[PID: 682 (xmldbc)]: family:1, type:2, protocol:0
[  148.121486] firmadyne: sys_socket[PID: 683 (xmldbc)]: family:1, type:2, protocol:0
[  148.183663] firmadyne: sys_socket[PID: 684 (xmldbc)]: family:1, type:2, protocol:0
[  148.317322] firmadyne: sys_socket[PID: 685 (xmldbc)]: family:1, type:2, protocol:0
[  148.379953] firmadyne: sys_socket[PID: 686 (xmldbc)]: family:1, type:2, protocol:0
[  148.441817] firmadyne: sys_socket[PID: 687 (xmldbc)]: family:1, type:2, protocol:0
[  148.589000] firmadyne: sys_socket[PID: 691 (xmldbc)]: family:1, type:2, protocol:0
[  148.720685] firmadyne: sys_socket[PID: 692 (xmldbc)]: family:1, type:2, protocol:0
[  148.783020] firmadyne: sys_socket[PID: 693 (xmldbc)]: family:1, type:2, protocol:0
[  148.845243] firmadyne: sys_socket[PID: 694 (xmldbc)]: family:1, type:2, protocol:0
[  148.906752] firmadyne: sys_socket[PID: 695 (xmldbc)]: family:1, type:2, protocol:0
[  149.039807] firmadyne: sys_socket[PID: 696 (xmldbc)]: family:1, type:2, protocol:0
[  149.101911] firmadyne: sys_socket[PID: 697 (xmldbc)]: family:1, type:2, protocol:0
[  149.165135] firmadyne: sys_socket[PID: 698 (xmldbc)]: family:1, type:2, protocol:0
[  149.226235] firmadyne: sys_socket[PID: 699 (xmldbc)]: family:1, type:2, protocol:0
[  149.358759] firmadyne: sys_socket[PID: 700 (xmldbc)]: family:1, type:2, protocol:0
[  149.421430] firmadyne: sys_socket[PID: 701 (xmldbc)]: family:1, type:2, protocol:0
[  149.478330] firmadyne: sys_socket[PID: 702 (xmldbc)]: family:1, type:2, protocol:0
[  149.539392] firmadyne: sys_socket[PID: 703 (xmldbc)]: family:1, type:2, protocol:0
[  149.602183] firmadyne: sys_socket[PID: 704 (xmldbc)]: family:1, type:2, protocol:0
[  149.732691] firmadyne: sys_socket[PID: 705 (xmldbc)]: family:1, type:2, protocol:0
[  149.791474] firmadyne: sys_socket[PID: 706 (xmldbc)]: family:1, type:2, protocol:0
[  149.848874] firmadyne: sys_socket[PID: 707 (xmldbc)]: family:1, type:2, protocol:0
[  149.910446] firmadyne: sys_socket[PID: 708 (xmldbc)]: family:1, type:2, protocol:0
[  149.974135] firmadyne: sys_socket[PID: 709 (xmldbc)]: family:1, type:2, protocol:0
[  150.120492] firmadyne: sys_socket[PID: 713 (xmldbc)]: family:1, type:2, protocol:0
[  150.201189] firmadyne: sys_socket[PID: 714 (xmldbc)]: family:1, type:2, protocol:0
[  150.295845] firmadyne: sys_socket[PID: 715 (xmldbc)]: family:1, type:2, protocol:0
[  150.361261] firmadyne: sys_socket[PID: 716 (xmldbc)]: family:1, type:2, protocol:0
[  150.422378] firmadyne: sys_socket[PID: 717 (xmldbc)]: family:1, type:2, protocol:0
[  150.484447] firmadyne: sys_socket[PID: 718 (xmldbc)]: family:1, type:2, protocol:0
[  150.545236] firmadyne: sys_socket[PID: 719 (xmldbc)]: family:1, type:2, protocol:0
[  150.608154] firmadyne: sys_socket[PID: 720 (xmldbc)]: family:1, type:2, protocol:0
[  150.669485] firmadyne: sys_socket[PID: 721 (xmldbc)]: family:1, type:2, protocol:0
[  150.730435] firmadyne: sys_socket[PID: 722 (xmldbc)]: family:1, type:2, protocol:0
[  150.793979] firmadyne: sys_socket[PID: 723 (xmldbc)]: family:1, type:2, protocol:0
[  150.857161] firmadyne: sys_socket[PID: 724 (xmldbc)]: family:1, type:2, protocol:0
[  150.919077] firmadyne: sys_socket[PID: 725 (xmldbc)]: family:1, type:2, protocol:0
[  150.982565] firmadyne: sys_socket[PID: 726 (xmldbc)]: family:1, type:2, protocol:0
[  151.045606] firmadyne: sys_socket[PID: 727 (xmldbc)]: family:1, type:2, protocol:0
[  151.107795] firmadyne: sys_socket[PID: 728 (xmldbc)]: family:1, type:2, protocol:0
[  151.170473] firmadyne: sys_socket[PID: 729 (xmldbc)]: family:1, type:2, protocol:0
[  151.232851] firmadyne: sys_socket[PID: 730 (xmldbc)]: family:1, type:2, protocol:0
[  151.293800] firmadyne: sys_socket[PID: 731 (xmldbc)]: family:1, type:2, protocol:0
[  151.449617] firmadyne: sys_socket[PID: 735 (xmldbc)]: family:1, type:2, protocol:0
[  151.510033] firmadyne: sys_socket[PID: 736 (xmldbc)]: family:1, type:2, protocol:0
[  151.571751] firmadyne: sys_socket[PID: 737 (xmldbc)]: family:1, type:2, protocol:0
[  151.633350] firmadyne: sys_socket[PID: 738 (xmldbc)]: family:1, type:2, protocol:0
[  151.694145] firmadyne: sys_socket[PID: 739 (xmldbc)]: family:1, type:2, protocol:0
[  151.756436] firmadyne: sys_socket[PID: 740 (xmldbc)]: family:1, type:2, protocol:0
[  151.818550] firmadyne: sys_socket[PID: 741 (xmldbc)]: family:1, type:2, protocol:0
[  151.880325] firmadyne: sys_socket[PID: 742 (xmldbc)]: family:1, type:2, protocol:0
[  151.942039] firmadyne: sys_socket[PID: 743 (xmldbc)]: family:1, type:2, protocol:0
[  152.006174] firmadyne: sys_socket[PID: 744 (xmldbc)]: family:1, type:2, protocol:0
[  152.069395] firmadyne: sys_socket[PID: 745 (xmldbc)]: family:1, type:2, protocol:0
[  152.131628] firmadyne: sys_socket[PID: 746 (xmldbc)]: family:1, type:2, protocol:0
[  152.194264] firmadyne: sys_socket[PID: 747 (xmldbc)]: family:1, type:2, protocol:0
[  152.257115] firmadyne: sys_socket[PID: 748 (xmldbc)]: family:1, type:2, protocol:0
[  152.319715] firmadyne: sys_socket[PID: 749 (xmldbc)]: family:1, type:2, protocol:0
[  152.382654] firmadyne: sys_socket[PID: 750 (xmldbc)]: family:1, type:2, protocol:0
[  152.444293] firmadyne: sys_socket[PID: 751 (xmldbc)]: family:1, type:2, protocol:0
[  152.505395] firmadyne: sys_socket[PID: 752 (xmldbc)]: family:1, type:2, protocol:0
[  152.567733] firmadyne: sys_socket[PID: 753 (xmldbc)]: family:1, type:2, protocol:0
[  152.712025] firmadyne: sys_socket[PID: 757 (xmldbc)]: family:1, type:2, protocol:0
[  152.774450] firmadyne: sys_socket[PID: 758 (xmldbc)]: family:1, type:2, protocol:0
[  152.836215] firmadyne: sys_socket[PID: 759 (xmldbc)]: family:1, type:2, protocol:0
[  152.898284] firmadyne: sys_socket[PID: 760 (xmldbc)]: family:1, type:2, protocol:0
[  152.961079] firmadyne: sys_socket[PID: 761 (xmldbc)]: family:1, type:2, protocol:0
[  153.023125] firmadyne: sys_socket[PID: 762 (xmldbc)]: family:1, type:2, protocol:0
[  153.086246] firmadyne: sys_socket[PID: 763 (xmldbc)]: family:1, type:2, protocol:0
[  153.148272] firmadyne: sys_socket[PID: 764 (xmldbc)]: family:1, type:2, protocol:0
[  153.211237] firmadyne: sys_socket[PID: 765 (xmldbc)]: family:1, type:2, protocol:0
[  153.272335] firmadyne: sys_socket[PID: 766 (xmldbc)]: family:1, type:2, protocol:0
[  153.333849] firmadyne: sys_socket[PID: 767 (xmldbc)]: family:1, type:2, protocol:0
[  153.396544] firmadyne: sys_socket[PID: 768 (xmldbc)]: family:1, type:2, protocol:0
[  153.457293] firmadyne: sys_socket[PID: 769 (xmldbc)]: family:1, type:2, protocol:0
[  153.516870] firmadyne: sys_socket[PID: 770 (xmldbc)]: family:1, type:2, protocol:0
[  153.576551] firmadyne: sys_socket[PID: 771 (xmldbc)]: family:1, type:2, protocol:0
[  153.634236] firmadyne: sys_socket[PID: 772 (xmldbc)]: family:1, type:2, protocol:0
[  153.692802] firmadyne: sys_socket[PID: 773 (xmldbc)]: family:1, type:2, protocol:0
[  153.753788] firmadyne: sys_socket[PID: 774 (xmldbc)]: family:1, type:2, protocol:0
[  153.811824] firmadyne: sys_socket[PID: 775 (xmldbc)]: family:1, type:2, protocol:0
[  153.949371] firmadyne: sys_socket[PID: 779 (xmldbc)]: family:1, type:2, protocol:0
[  154.008878] firmadyne: sys_socket[PID: 780 (xmldbc)]: family:1, type:2, protocol:0
[  154.068013] firmadyne: sys_socket[PID: 781 (xmldbc)]: family:1, type:2, protocol:0
[  154.139043] firmadyne: sys_socket[PID: 782 (xmldbc)]: family:1, type:2, protocol:0
[  154.199216] firmadyne: sys_socket[PID: 783 (xmldbc)]: family:1, type:2, protocol:0
[  154.260518] firmadyne: sys_socket[PID: 784 (xmldbc)]: family:1, type:2, protocol:0
[  154.318520] firmadyne: sys_socket[PID: 785 (xmldbc)]: family:1, type:2, protocol:0
[  154.377870] firmadyne: sys_socket[PID: 786 (xmldbc)]: family:1, type:2, protocol:0
[  154.436690] firmadyne: sys_socket[PID: 787 (xmldbc)]: family:1, type:2, protocol:0
[  154.495759] firmadyne: sys_socket[PID: 788 (xmldbc)]: family:1, type:2, protocol:0
[  154.554620] firmadyne: sys_socket[PID: 789 (xmldbc)]: family:1, type:2, protocol:0
[  154.613021] firmadyne: sys_socket[PID: 790 (xmldbc)]: family:1, type:2, protocol:0
[  154.671372] firmadyne: sys_socket[PID: 791 (xmldbc)]: family:1, type:2, protocol:0
[  154.727101] firmadyne: sys_socket[PID: 792 (xmldbc)]: family:1, type:2, protocol:0
[  154.786676] firmadyne: sys_socket[PID: 793 (xmldbc)]: family:1, type:2, protocol:0
[  154.845595] firmadyne: sys_socket[PID: 794 (xmldbc)]: family:1, type:2, protocol:0
[  154.905132] firmadyne: sys_socket[PID: 795 (xmldbc)]: family:1, type:2, protocol:0
[  154.967622] firmadyne: sys_socket[PID: 796 (xmldbc)]: family:1, type:2, protocol:0
[  155.025312] firmadyne: sys_socket[PID: 797 (xmldbc)]: family:1, type:2, protocol:0
[  155.168062] firmadyne: sys_socket[PID: 801 (xmldbc)]: family:1, type:2, protocol:0
[  155.228293] firmadyne: sys_socket[PID: 802 (xmldbc)]: family:1, type:2, protocol:0
[  155.287559] firmadyne: sys_socket[PID: 803 (xmldbc)]: family:1, type:2, protocol:0
[  155.346664] firmadyne: sys_socket[PID: 804 (xmldbc)]: family:1, type:2, protocol:0
[  155.407420] firmadyne: sys_socket[PID: 805 (xmldbc)]: family:1, type:2, protocol:0
[  155.462267] firmadyne: sys_socket[PID: 806 (xmldbc)]: family:1, type:2, protocol:0
[  155.522081] firmadyne: sys_socket[PID: 807 (xmldbc)]: family:1, type:2, protocol:0
[  155.582936] firmadyne: sys_socket[PID: 808 (xmldbc)]: family:1, type:2, protocol:0
[  155.641473] firmadyne: sys_socket[PID: 809 (xmldbc)]: family:1, type:2, protocol:0
[  155.700577] firmadyne: sys_socket[PID: 810 (xmldbc)]: family:1, type:2, protocol:0
[  155.763663] firmadyne: sys_socket[PID: 811 (xmldbc)]: family:1, type:2, protocol:0
[  155.823274] firmadyne: sys_socket[PID: 812 (xmldbc)]: family:1, type:2, protocol:0
[  155.883087] firmadyne: sys_socket[PID: 813 (xmldbc)]: family:1, type:2, protocol:0
[  155.943198] firmadyne: sys_socket[PID: 814 (xmldbc)]: family:1, type:2, protocol:0
[  156.004212] firmadyne: sys_socket[PID: 815 (xmldbc)]: family:1, type:2, protocol:0
[  156.063277] firmadyne: sys_socket[PID: 816 (xmldbc)]: family:1, type:2, protocol:0
[  156.126164] firmadyne: sys_socket[PID: 817 (xmldbc)]: family:1, type:2, protocol:0
[  156.188474] firmadyne: sys_socket[PID: 818 (xmldbc)]: family:1, type:2, protocol:0
[  156.249540] firmadyne: sys_socket[PID: 819 (xmldbc)]: family:1, type:2, protocol:0
[  156.391666] firmadyne: sys_socket[PID: 823 (xmldbc)]: family:1, type:2, protocol:0
[  156.449582] firmadyne: sys_socket[PID: 824 (xmldbc)]: family:1, type:2, protocol:0
[  156.508891] firmadyne: sys_socket[PID: 825 (xmldbc)]: family:1, type:2, protocol:0
[  156.568920] firmadyne: sys_socket[PID: 826 (xmldbc)]: family:1, type:2, protocol:0
[  156.629980] firmadyne: sys_socket[PID: 827 (xmldbc)]: family:1, type:2, protocol:0
[  156.691276] firmadyne: sys_socket[PID: 828 (xmldbc)]: family:1, type:2, protocol:0
[  156.753845] firmadyne: sys_socket[PID: 829 (xmldbc)]: family:1, type:2, protocol:0
[  156.815636] firmadyne: sys_socket[PID: 830 (xmldbc)]: family:1, type:2, protocol:0
[  156.877112] firmadyne: sys_socket[PID: 831 (xmldbc)]: family:1, type:2, protocol:0
[  156.939108] firmadyne: sys_socket[PID: 832 (xmldbc)]: family:1, type:2, protocol:0
[  157.001843] firmadyne: sys_socket[PID: 833 (xmldbc)]: family:1, type:2, protocol:0
[  157.062610] firmadyne: sys_socket[PID: 834 (xmldbc)]: family:1, type:2, protocol:0
[  157.121306] firmadyne: sys_socket[PID: 835 (xmldbc)]: family:1, type:2, protocol:0
[  157.184422] firmadyne: sys_socket[PID: 836 (xmldbc)]: family:1, type:2, protocol:0
[  157.245077] firmadyne: sys_socket[PID: 837 (xmldbc)]: family:1, type:2, protocol:0
[  157.304106] firmadyne: sys_socket[PID: 838 (xmldbc)]: family:1, type:2, protocol:0
[  157.364680] firmadyne: sys_socket[PID: 839 (xmldbc)]: family:1, type:2, protocol:0
[  157.423475] firmadyne: sys_socket[PID: 840 (xmldbc)]: family:1, type:2, protocol:0
[  157.482253] firmadyne: sys_socket[PID: 841 (xmldbc)]: family:1, type:2, protocol:0
[  157.621103] firmadyne: sys_socket[PID: 845 (xmldbc)]: family:1, type:2, protocol:0
[  157.679992] firmadyne: sys_socket[PID: 846 (xmldbc)]: family:1, type:2, protocol:0
[  157.740458] firmadyne: sys_socket[PID: 847 (xmldbc)]: family:1, type:2, protocol:0
[  157.800692] firmadyne: sys_socket[PID: 848 (xmldbc)]: family:1, type:2, protocol:0
[  157.858661] firmadyne: sys_socket[PID: 849 (xmldbc)]: family:1, type:2, protocol:0
[  157.917379] firmadyne: sys_socket[PID: 850 (xmldbc)]: family:1, type:2, protocol:0
[  157.977141] firmadyne: sys_socket[PID: 851 (xmldbc)]: family:1, type:2, protocol:0
[  158.035642] firmadyne: sys_socket[PID: 852 (xmldbc)]: family:1, type:2, protocol:0
[  158.094942] firmadyne: sys_socket[PID: 853 (xmldbc)]: family:1, type:2, protocol:0
[  158.158992] firmadyne: sys_socket[PID: 854 (xmldbc)]: family:1, type:2, protocol:0
[  158.220919] firmadyne: sys_socket[PID: 855 (xmldbc)]: family:1, type:2, protocol:0
[  158.282967] firmadyne: sys_socket[PID: 856 (xmldbc)]: family:1, type:2, protocol:0
[  158.343534] firmadyne: sys_socket[PID: 857 (xmldbc)]: family:1, type:2, protocol:0
[  158.403733] firmadyne: sys_socket[PID: 858 (xmldbc)]: family:1, type:2, protocol:0
[  158.463184] firmadyne: sys_socket[PID: 859 (xmldbc)]: family:1, type:2, protocol:0
[  158.522096] firmadyne: sys_socket[PID: 860 (xmldbc)]: family:1, type:2, protocol:0
[  158.583264] firmadyne: sys_socket[PID: 861 (xmldbc)]: family:1, type:2, protocol:0
[  158.643203] firmadyne: sys_socket[PID: 862 (xmldbc)]: family:1, type:2, protocol:0
[  158.704037] firmadyne: sys_socket[PID: 863 (xmldbc)]: family:1, type:2, protocol:0
[  158.845239] firmadyne: sys_socket[PID: 867 (xmldbc)]: family:1, type:2, protocol:0
[  158.904380] firmadyne: sys_socket[PID: 868 (xmldbc)]: family:1, type:2, protocol:0
[  158.965377] firmadyne: sys_socket[PID: 869 (xmldbc)]: family:1, type:2, protocol:0
[  159.023675] firmadyne: sys_socket[PID: 870 (xmldbc)]: family:1, type:2, protocol:0
[  159.082355] firmadyne: sys_socket[PID: 871 (xmldbc)]: family:1, type:2, protocol:0
[  159.141726] firmadyne: sys_socket[PID: 872 (xmldbc)]: family:1, type:2, protocol:0
[  159.206316] firmadyne: sys_socket[PID: 873 (xmldbc)]: family:1, type:2, protocol:0
[  159.268039] firmadyne: sys_socket[PID: 874 (xmldbc)]: family:1, type:2, protocol:0
[  159.327191] firmadyne: sys_socket[PID: 875 (xmldbc)]: family:1, type:2, protocol:0
[  159.387518] firmadyne: sys_socket[PID: 876 (xmldbc)]: family:1, type:2, protocol:0
[  159.446276] firmadyne: sys_socket[PID: 877 (xmldbc)]: family:1, type:2, protocol:0
[  159.506672] firmadyne: sys_socket[PID: 878 (xmldbc)]: family:1, type:2, protocol:0
[  159.567687] firmadyne: sys_socket[PID: 879 (xmldbc)]: family:1, type:2, protocol:0
[  159.626246] firmadyne: sys_socket[PID: 880 (xmldbc)]: family:1, type:2, protocol:0
[  159.684867] firmadyne: sys_socket[PID: 881 (xmldbc)]: family:1, type:2, protocol:0
[  159.745435] firmadyne: sys_socket[PID: 882 (xmldbc)]: family:1, type:2, protocol:0
[  159.805618] firmadyne: sys_socket[PID: 883 (xmldbc)]: family:1, type:2, protocol:0
[  159.864576] firmadyne: sys_socket[PID: 884 (xmldbc)]: family:1, type:2, protocol:0
[  159.924216] firmadyne: sys_socket[PID: 885 (xmldbc)]: family:1, type:2, protocol:0
[  160.058130] firmadyne: sys_socket[PID: 889 (xmldbc)]: family:1, type:2, protocol:0
[  160.122213] firmadyne: sys_socket[PID: 890 (xmldbc)]: family:1, type:2, protocol:0
[  160.189393] firmadyne: sys_socket[PID: 891 (xmldbc)]: family:1, type:2, protocol:0
[  160.252766] firmadyne: sys_socket[PID: 892 (xmldbc)]: family:1, type:2, protocol:0
[  160.313551] firmadyne: sys_socket[PID: 893 (xmldbc)]: family:1, type:2, protocol:0
[  160.373807] firmadyne: sys_socket[PID: 894 (xmldbc)]: family:1, type:2, protocol:0
[  160.426551] firmadyne: sys_socket[PID: 895 (xmldbc)]: family:1, type:2, protocol:0
[  160.489433] firmadyne: sys_socket[PID: 896 (xmldbc)]: family:1, type:2, protocol:0
[  160.549603] firmadyne: sys_socket[PID: 897 (xmldbc)]: family:1, type:2, protocol:0
[  160.610042] firmadyne: sys_socket[PID: 898 (xmldbc)]: family:1, type:2, protocol:0
[  160.668855] firmadyne: sys_socket[PID: 899 (xmldbc)]: family:1, type:2, protocol:0
[  160.729407] firmadyne: sys_socket[PID: 900 (xmldbc)]: family:1, type:2, protocol:0
[  160.790494] firmadyne: sys_socket[PID: 901 (xmldbc)]: family:1, type:2, protocol:0
[  160.849429] firmadyne: sys_socket[PID: 902 (xmldbc)]: family:1, type:2, protocol:0
[  160.908190] firmadyne: sys_socket[PID: 903 (xmldbc)]: family:1, type:2, protocol:0
[  160.969262] firmadyne: sys_socket[PID: 904 (xmldbc)]: family:1, type:2, protocol:0
[  161.028029] firmadyne: sys_socket[PID: 905 (xmldbc)]: family:1, type:2, protocol:0
[  161.087358] firmadyne: sys_socket[PID: 906 (xmldbc)]: family:1, type:2, protocol:0
[  161.146249] firmadyne: sys_socket[PID: 907 (xmldbc)]: family:1, type:2, protocol:0
[  161.290435] firmadyne: sys_socket[PID: 911 (xmldbc)]: family:1, type:2, protocol:0
[  161.348994] firmadyne: sys_socket[PID: 912 (xmldbc)]: family:1, type:2, protocol:0
[  161.409066] firmadyne: sys_socket[PID: 913 (xmldbc)]: family:1, type:2, protocol:0
[  161.468460] firmadyne: sys_socket[PID: 914 (xmldbc)]: family:1, type:2, protocol:0
[  161.527499] firmadyne: sys_socket[PID: 915 (xmldbc)]: family:1, type:2, protocol:0
[  161.587281] firmadyne: sys_socket[PID: 916 (xmldbc)]: family:1, type:2, protocol:0
[  161.645859] firmadyne: sys_socket[PID: 917 (xmldbc)]: family:1, type:2, protocol:0
[  161.705633] firmadyne: sys_socket[PID: 918 (xmldbc)]: family:1, type:2, protocol:0
[  161.767775] firmadyne: sys_socket[PID: 919 (xmldbc)]: family:1, type:2, protocol:0
[  161.826280] firmadyne: sys_socket[PID: 920 (xmldbc)]: family:1, type:2, protocol:0
[  161.884567] firmadyne: sys_socket[PID: 921 (xmldbc)]: family:1, type:2, protocol:0
[  161.943874] firmadyne: sys_socket[PID: 922 (xmldbc)]: family:1, type:2, protocol:0
[  162.004167] firmadyne: sys_socket[PID: 923 (xmldbc)]: family:1, type:2, protocol:0
[  162.062138] firmadyne: sys_socket[PID: 924 (xmldbc)]: family:1, type:2, protocol:0
[  162.123024] firmadyne: sys_socket[PID: 925 (xmldbc)]: family:1, type:2, protocol:0
[  162.183259] firmadyne: sys_socket[PID: 926 (xmldbc)]: family:1, type:2, protocol:0
[  162.246501] firmadyne: sys_socket[PID: 927 (xmldbc)]: family:1, type:2, protocol:0
[  162.308608] firmadyne: sys_socket[PID: 928 (xmldbc)]: family:1, type:2, protocol:0
[  162.371455] firmadyne: sys_socket[PID: 929 (xmldbc)]: family:1, type:2, protocol:0
[  162.567053] firmadyne: sys_socket[PID: 934 (xmldbc)]: family:1, type:2, protocol:0
[  162.628845] firmadyne: sys_socket[PID: 935 (xmldbc)]: family:1, type:2, protocol:0
[  162.690234] firmadyne: sys_socket[PID: 936 (xmldbc)]: family:1, type:2, protocol:0
[  162.752832] firmadyne: sys_socket[PID: 937 (xmldbc)]: family:1, type:2, protocol:0
[  162.814450] firmadyne: sys_socket[PID: 938 (xmldbc)]: family:1, type:2, protocol:0
[  162.877099] firmadyne: sys_socket[PID: 939 (xmldbc)]: family:1, type:2, protocol:0
[  163.022030] firmadyne: sys_socket[PID: 943 (xmldbc)]: family:1, type:2, protocol:0
[  163.083167] firmadyne: sys_socket[PID: 944 (xmldbc)]: family:1, type:2, protocol:0
[  163.144561] firmadyne: sys_socket[PID: 945 (xmldbc)]: family:1, type:2, protocol:0
[  163.207234] firmadyne: sys_socket[PID: 946 (xmldbc)]: family:1, type:2, protocol:0
[  163.269828] firmadyne: sys_socket[PID: 947 (xmldbc)]: family:1, type:2, protocol:0
[  163.330624] firmadyne: sys_socket[PID: 948 (xmldbc)]: family:1, type:2, protocol:0
[  163.518095] firmadyne: sys_socket[PID: 953 (xmldbc)]: family:1, type:2, protocol:0
[  163.662533] firmadyne: sys_socket[PID: 957 (xmldbc)]: family:1, type:2, protocol:0
[  163.808571] firmadyne: sys_socket[PID: 961 (xmldbc)]: family:1, type:2, protocol:0
[  163.955022] firmadyne: sys_socket[PID: 965 (xmldbc)]: family:1, type:2, protocol:0
[  164.097553] firmadyne: sys_socket[PID: 969 (xmldbc)]: family:1, type:2, protocol:0
[  164.243544] firmadyne: sys_socket[PID: 973 (xmldbc)]: family:1, type:2, protocol:0
[  164.392200] firmadyne: sys_socket[PID: 977 (xmldbc)]: family:1, type:2, protocol:0
[  164.534359] firmadyne: sys_socket[PID: 981 (xmldbc)]: family:1, type:2, protocol:0
[  164.672516] firmadyne: sys_socket[PID: 985 (xmldbc)]: family:1, type:2, protocol:0
[  164.816870] firmadyne: sys_socket[PID: 989 (xmldbc)]: family:1, type:2, protocol:0
[  164.962290] firmadyne: sys_socket[PID: 993 (xmldbc)]: family:1, type:2, protocol:0
[  165.107114] firmadyne: sys_socket[PID: 997 (xmldbc)]: family:1, type:2, protocol:0
[  165.252617] firmadyne: sys_socket[PID: 1001 (xmldbc)]: family:1, type:2, protocol:0
[  165.398721] firmadyne: sys_socket[PID: 1005 (xmldbc)]: family:1, type:2, protocol:0
[  165.542087] firmadyne: sys_socket[PID: 1009 (xmldbc)]: family:1, type:2, protocol:0
[  165.687401] firmadyne: sys_socket[PID: 1013 (xmldbc)]: family:1, type:2, protocol:0
[  165.831984] firmadyne: sys_socket[PID: 1017 (xmldbc)]: family:1, type:2, protocol:0
[  165.976597] firmadyne: sys_socket[PID: 1021 (xmldbc)]: family:1, type:2, protocol:0
[  166.122983] firmadyne: sys_socket[PID: 1025 (xmldbc)]: family:1, type:2, protocol:0
[  166.265318] firmadyne: sys_socket[PID: 1029 (xmldbc)]: family:1, type:2, protocol:0
[  166.411949] firmadyne: sys_socket[PID: 1033 (xmldbc)]: family:1, type:2, protocol:0
[  166.555020] firmadyne: sys_socket[PID: 1037 (xmldbc)]: family:1, type:2, protocol:0
[  166.698066] firmadyne: sys_socket[PID: 1041 (xmldbc)]: family:1, type:2, protocol:0
[  166.842193] firmadyne: sys_socket[PID: 1045 (xmldbc)]: family:1, type:2, protocol:0
[  166.987055] firmadyne: sys_socket[PID: 1049 (xmldbc)]: family:1, type:2, protocol:0
[  167.129583] firmadyne: sys_socket[PID: 1053 (xmldbc)]: family:1, type:2, protocol:0
[  167.269220] firmadyne: sys_socket[PID: 1057 (xmldbc)]: family:1, type:2, protocol:0
[  167.413880] firmadyne: sys_socket[PID: 1061 (xmldbc)]: family:1, type:2, protocol:0
[  167.558052] firmadyne: sys_socket[PID: 1065 (xmldbc)]: family:1, type:2, protocol:0
[  167.702645] firmadyne: sys_socket[PID: 1069 (xmldbc)]: family:1, type:2, protocol:0
[  167.848164] firmadyne: sys_socket[PID: 1073 (xmldbc)]: family:1, type:2, protocol:0
[  167.991498] firmadyne: sys_socket[PID: 1077 (xmldbc)]: family:1, type:2, protocol:0
[  168.134404] firmadyne: sys_socket[PID: 1081 (xmldbc)]: family:1, type:2, protocol:0
[  168.197444] firmadyne: sys_socket[PID: 1082 (xmldbc)]: family:1, type:2, protocol:0
[  168.259408] firmadyne: sys_socket[PID: 1083 (xmldbc)]: family:1, type:2, protocol:0
[  168.322629] firmadyne: sys_socket[PID: 1084 (xmldbc)]: family:1, type:2, protocol:0
[  168.385803] firmadyne: sys_socket[PID: 1085 (xmldbc)]: family:1, type:2, protocol:0
[  168.447371] firmadyne: sys_socket[PID: 1086 (xmldbc)]: family:1, type:2, protocol:0
[  168.509147] firmadyne: sys_socket[PID: 1087 (xmldbc)]: family:1, type:2, protocol:0
[  168.566718] firmadyne: sys_socket[PID: 1088 (xmldbc)]: family:1, type:2, protocol:0
[  168.628242] firmadyne: sys_socket[PID: 1089 (xmldbc)]: family:1, type:2, protocol:0
PHP [/etc/defnodes/S11setnodes.php] ...
[  168.754570] firmadyne: sys_socket[PID: 1092 (rgdb)]: family:1, type:2, protocol:0
PHP [/etc/defnodes/S12features.php] ...
[  169.653343] firmadyne: sys_socket[PID: 1105 (rgdb)]: family:1, type:2, protocol:0
PHP [/etc/defnodes/S13flashspeed.php] ...
[  169.791255] firmadyne: sys_socket[PID: 1108 (rgdb)]: family:1, type:2, protocol:0
PHP [/etc/defnodes/S20setnodes.php] ...
[  170.057770] firmadyne: sys_socket[PID: 1113 (rgdb)]: family:1, type:2, protocol:0
[  170.543141] UDF-fs: warning (device mtdblock4): udf_fill_super: No partition found (2)
mount: mounting /dev/mtdblock/4 on /www/locale/alt failed: Invalid argument
PHP [/etc/defnodes/S40brand.php] ...
[  170.661100] firmadyne: sys_socket[PID: 1125 (rgdb)]: family:1, type:2, protocol:0
[/etc/scripts/misc/defnodes.sh] Done !!
[/etc/scripts/misc/profile.sh] put ...
[  171.376946] firmadyne: sys_socket[PID: 1133 (rgdb)]: family:1, type:2, protocol:0
ok
[  172.452923] firmadyne: sys_socket[PID: 1139 (rgdb)]: family:1, type:2, protocol:0
[  172.533052] firmadyne: sys_socket[PID: 1141 (rgdb)]: family:1, type:2, protocol:0
[/etc/templates/timezone.sh] ...
[  172.718612] firmadyne: sys_socket[PID: 1146 (rgdb)]: family:1, type:2, protocol:0
[  172.923338] firmadyne: sys_socket[PID: 1151 (rgdb)]: family:1, type:2, protocol:0
[  177.119922] firmadyne: sys_socket[PID: 1155 (rgdb)]: family:1, type:2, protocol:0
[  177.205707] firmadyne: sys_socket[PID: 1157 (rgdb)]: family:1, type:2, protocol:0
[  177.292480] firmadyne: sys_socket[PID: 1159 (rgdb)]: family:1, type:2, protocol:0
[  177.378641] firmadyne: sys_socket[PID: 1161 (rgdb)]: family:1, type:2, protocol:0
[  177.466163] firmadyne: sys_socket[PID: 1163 (rgdb)]: family:1, type:2, protocol:0
[  177.552636] firmadyne: sys_socket[PID: 1165 (rgdb)]: family:1, type:2, protocol:0
[  177.634154] firmadyne: sys_socket[PID: 1167 (rgdb)]: family:1, type:2, protocol:0
[  177.719844] firmadyne: sys_socket[PID: 1169 (rgdb)]: family:1, type:2, protocol:0
[  177.806378] firmadyne: sys_socket[PID: 1171 (rgdb)]: family:1, type:2, protocol:0
[  177.892737] firmadyne: sys_socket[PID: 1173 (rgdb)]: family:1, type:2, protocol:0
[  177.979651] firmadyne: sys_socket[PID: 1175 (rgdb)]: family:1, type:2, protocol:0
[/etc/templates/logs.sh] ...
[  178.986471] firmadyne: sys_socket[PID: 1203 (rgdb)]: family:1, type:2, protocol:0
[  179.088755] firmadyne: sys_socket[PID: 1205 (rgdb)]: family:1, type:2, protocol:0
[/var/run/logs_run.sh] ...
[  179.722058] firmadyne: sys_socket[PID: 1210 (syslogd)]: family:1, type:1, protocol:0
[  179.884333] firmadyne: sys_socket[PID: 1215 (rgdb)]: family:1, type:2, protocol:0
[  180.099685] firmadyne: sys_socket[PID: 1219 (ifconfig)]: family:2, type:1, protocol:0
[  180.137365] 8021q: adding VLAN 0 to HW filter on device eth0
[  180.144553] e1000: eth0 NIC Link is Up 1000 Mbps Full Duplex, Flow Control: RX
[  183.252084] firmadyne: sys_socket[PID: 1221 (rgdb)]: family:1, type:2, protocol:0
[  183.600085] firmadyne: sys_socket[PID: 1233 (rgdb)]: family:1, type:2, protocol:0
[  183.795811] firmadyne: sys_socket[PID: 1239 (rgdb)]: family:1, type:2, protocol:0
[  183.821004] firmadyne: sys_socket[PID: 1240 (ifconfig)]: family:2, type:1, protocol:0
[  183.823578] firmadyne: __inet_insert_ifa[PID: 1240 (ifconfig)]: device:lo ifa:0x7f000001
[  183.881808] firmadyne: sys_socket[PID: 1241 (brctl)]: family:2, type:2, protocol:0
[  183.991219] firmadyne: sys_socket[PID: 1244 (brctl)]: family:2, type:2, protocol:0
[  183.994486] firmadyne: sys_socket[PID: 1244 (brctl)]: family:10, type:1, protocol:0
[  184.049731] firmadyne: sys_socket[PID: 1245 (brctl)]: family:2, type:2, protocol:0
[  184.054004] firmadyne: sys_socket[PID: 1245 (brctl)]: family:10, type:1, protocol:0
[/etc/init.d/S03config.sh] done!
[/etc/init.d/S10system.sh]
start Layout ...
[/etc/scripts/layout.sh] start ...
[  184.452225] firmadyne: sys_socket[PID: 1255 (rgdb)]: family:1, type:2, protocol:0
[  184.595606] firmadyne: sys_socket[PID: 1256 (rgdb)]: family:1, type:2, protocol:0
[/var/run/layout_start.sh] ...
Start bridge layout ...
[  184.758200] firmadyne: sys_socket[PID: 1260 (ifconfig)]: family:2, type:1, protocol:0
[  184.807405] firmadyne: sys_socket[PID: 1261 (brctl)]: family:2, type:2, protocol:0
[  184.811699] firmadyne: sys_socket[PID: 1261 (brctl)]: family:10, type:1, protocol:0
[  184.814368] firmadyne: sys_socket[PID: 1261 (brctl)]: family:10, type:1, protocol:0
[  184.817368] firmadyne: br_add_if[PID: 1261 (brctl)]: br:br0 dev:eth0
[  184.824002] device eth0 entered promiscuous mode
[  184.921927] firmadyne: sys_socket[PID: 1264 (xmldbc)]: family:1, type:2, protocol:0
[  185.013947] firmadyne: sys_socket[PID: 1267 (ifconfig)]: family:2, type:1, protocol:0
[  185.016050] br0: port 1(eth0) entered forwarding state
[  185.016994] br0: port 1(eth0) entered forwarding state
[  185.070681] firmadyne: sys_socket[PID: 1268 (rgdb)]: family:1, type:2, protocol:0
start LAN ...
[/etc/templates/lan.sh] ...
[  185.244259] firmadyne: sys_socket[PID: 1273 (rgdb)]: family:1, type:2, protocol:0
[  185.401340] firmadyne: sys_socket[PID: 1276 (rgdb)]: family:1, type:2, protocol:0
[  185.517949] firmadyne: sys_socket[PID: 1277 (rgdb)]: family:1, type:2, protocol:0
[/var/run/lan_start.sh] ...
Bridge mode selected, LAN is disabled !
start web server ...
[/etc/templates/webs.sh] start ...
[  185.833542] firmadyne: sys_socket[PID: 1285 (rgdb)]: family:1, type:2, protocol:0
[  185.923308] firmadyne: sys_socket[PID: 1287 (rgdb)]: family:1, type:2, protocol:0
[  186.078462] firmadyne: sys_socket[PID: 1290 (rgdb)]: family:1, type:2, protocol:0
[  186.249671] firmadyne: sys_socket[PID: 1291 (rgdb)]: family:1, type:2, protocol:0
[/var/run/webs_start.sh] ...
Starting HTTPD ...
start eth0 vlan setup ...
/etc/scripts/eth_vlan.sh: not found
[  186.696185] firmadyne: sys_socket[PID: 1301 (rgdb)]: family:1, type:2, protocol:0
[  186.700430] firmadyne: sys_socket[PID: 1302 (rgdb)]: family:1, type:2, protocol:0
[  186.940031] firmadyne: sys_socket[PID: 1303 (rgdb)]: family:1, type:2, protocol:0
#!/bin/sh
echo [$0] ... > /dev/console

# limitedadmin.php <<<

limitedadmin.sh...
[  187.256648] firmadyne: sys_socket[PID: 1307 (brctl)]: family:2, type:2, protocol:0
[  187.264232] firmadyne: sys_socket[PID: 1307 (brctl)]: family:10, type:1, protocol:0
[  187.368752] firmadyne: sys_socket[PID: 1308 (brctl)]: family:2, type:2, protocol:0
[  187.376351] firmadyne: sys_socket[PID: 1308 (brctl)]: family:10, type:1, protocol:0
[  187.482600] firmadyne: sys_socket[PID: 1309 (brctl)]: family:2, type:2, protocol:0
[  187.490006] firmadyne: sys_socket[PID: 1309 (brctl)]: family:10, type:1, protocol:0
[  187.604044] firmadyne: sys_socket[PID: 1310 (brctl)]: family:2, type:2, protocol:0
[  187.611547] firmadyne: sys_socket[PID: 1310 (brctl)]: family:10, type:1, protocol:0
[  187.716307] firmadyne: sys_socket[PID: 1311 (brctl)]: family:2, type:2, protocol:0
[  187.723577] firmadyne: sys_socket[PID: 1311 (brctl)]: family:10, type:1, protocol:0
[  187.827672] firmadyne: sys_socket[PID: 1312 (brctl)]: family:2, type:2, protocol:0
[  187.830443] firmadyne: sys_socket[PID: 1312 (brctl)]: family:10, type:1, protocol:0
start fresetd ...
enable LAN ports ...
[  188.104396] firmadyne: sys_socket[PID: 1314 (servd)]: family:1, type:2, protocol:0
Factory reset time : 5 secs
System reset time  : 1 secs
WPS command : [/etc/templates/wps.sh pbc &]
[  188.258071] firmadyne: sys_socket[PID: 1305 (httpd)]: family:10, type:2, protocol:6
[  188.263901] firmadyne: sys_setsockopt[PID: 1305 (httpd)]: fd:4, level:65535, optname:4
[/etc/scripts/enlan.sh] ...
/dev/gpio: No such device or address
[  188.293568] firmadyne: sys_socket[PID: 1317 (fresetd)]: family:1, type:1, protocol:0
 Generate channel table according to the country code...
[  188.475980] firmadyne: sys_socket[PID: 1326 (httpd)]: family:1, type:1, protocol:0
[  188.510766] firmadyne: sys_socket[PID: 1330 (genchanneltable)]: family:1, type:2, protocol:0
[  188.530153] firmadyne: sys_socket[PID: 1330 (genchanneltable)]: family:1, type:2, protocol:0
[  188.536303] firmadyne: sys_socket[PID: 1330 (genchanneltable)]: family:1, type:2, protocol:0
[  188.560607] firmadyne: sys_socket[PID: 1331 (getsys)]: family:1, type:2, protocol:0
UNKNOW country code!! Use USA for default!!
[  188.676456] firmadyne: sys_socket[PID: 1330 (genchanneltable)]: family:1, type:2, protocol:0
[  188.681583] firmadyne: sys_socket[PID: 1331 (getsys)]: family:1, type:2, protocol:0
[  188.688381] firmadyne: sys_socket[PID: 1330 (genchanneltable)]: family:1, type:2, protocol:0
[  188.693393] firmadyne: sys_socket[PID: 1331 (getsys)]: family:1, type:2, protocol:0
[  188.700325] firmadyne: sys_socket[PID: 1330 (genchanneltable)]: family:1, type:2, protocol:0
[  188.705442] firmadyne: sys_socket[PID: 1331 (getsys)]: family:1, type:2, protocol:0
[  188.712245] firmadyne: sys_socket[PID: 1330 (genchanneltable)]: family:1, type:2, protocol:0
[  188.717457] firmadyne: sys_socket[PID: 1331 (getsys)]: family:1, type:2, protocol:0
[  188.724218] firmadyne: sys_socket[PID: 1330 (genchanneltable)]: family:1, type:2, protocol:0
[  188.729371] firmadyne: sys_socket[PID: 1331 (getsys)]: family:1, type:2, protocol:0
[  188.736103] firmadyne: sys_socket[PID: 1330 (genchanneltable)]: family:1, type:2, protocol:0
[  188.741118] firmadyne: sys_socket[PID: 1331 (getsys)]: family:1, type:2, protocol:0
[  188.747707] firmadyne: sys_socket[PID: 1330 (genchanneltable)]: family:1, type:2, protocol:0
[  188.753849] firmadyne: sys_socket[PID: 1331 (getsys)]: family:1, type:2, protocol:0
[  188.760420] firmadyne: sys_socket[PID: 1330 (genchanneltable)]: family:1, type:2, protocol:0
[  188.766248] firmadyne: sys_socket[PID: 1331 (getsys)]: family:1, type:2, protocol:0
[  188.773292] firmadyne: sys_socket[PID: 1330 (genchanneltable)]: family:1, type:2, protocol:0
[  188.778063] firmadyne: sys_socket[PID: 1331 (getsys)]: family:1, type:2, protocol:0
[  188.784797] firmadyne: sys_socket[PID: 1330 (genchanneltable)]: family:1, type:2, protocol:0
[  188.789559] firmadyne: sys_socket[PID: 1331 (getsys)]: family:1, type:2, protocol:0
[  188.796390] firmadyne: sys_socket[PID: 1330 (genchanneltable)]: family:1, type:2, protocol:0
[  188.801332] firmadyne: sys_socket[PID: 1331 (getsys)]: family:1, type:2, protocol:0
[  188.808168] firmadyne: sys_socket[PID: 1330 (genchanneltable)]: family:1, type:2, protocol:0
[  188.813121] firmadyne: sys_socket[PID: 1331 (getsys)]: family:1, type:2, protocol:0
[  188.819914] firmadyne: sys_socket[PID: 1330 (genchanneltable)]: family:1, type:2, protocol:0
[  188.824864] firmadyne: sys_socket[PID: 1331 (getsys)]: family:1, type:2, protocol:0
[  188.831646] firmadyne: sys_socket[PID: 1330 (genchanneltable)]: family:1, type:2, protocol:0
[  188.836946] firmadyne: sys_socket[PID: 1331 (getsys)]: family:1, type:2, protocol:0
[  188.844867] firmadyne: sys_socket[PID: 1330 (genchanneltable)]: family:1, type:2, protocol:0
[  188.850003] firmadyne: sys_socket[PID: 1331 (getsys)]: family:1, type:2, protocol:0
[  188.857085] firmadyne: sys_socket[PID: 1330 (genchanneltable)]: family:1, type:2, protocol:0
[  188.862076] firmadyne: sys_socket[PID: 1331 (getsys)]: family:1, type:2, protocol:0
[  188.868789] firmadyne: sys_socket[PID: 1330 (genchanneltable)]: family:1, type:2, protocol:0
[  188.877127] firmadyne: sys_socket[PID: 1331 (getsys)]: family:1, type:2, protocol:0
[  188.883249] firmadyne: sys_socket[PID: 1330 (genchanneltable)]: family:1, type:2, protocol:0
[  188.890207] firmadyne: sys_socket[PID: 1330 (genchanneltable)]: family:1, type:2, protocol:0
[  188.905984] firmadyne: sys_socket[PID: 1330 (genchanneltable)]: family:1, type:2, protocol:0
[  188.913116] firmadyne: sys_socket[PID: 1330 (genchanneltable)]: family:1, type:2, protocol:0
[  188.922692] firmadyne: sys_socket[PID: 1330 (genchanneltable)]: family:1, type:2, protocol:0
[  188.932240] firmadyne: sys_socket[PID: 1330 (genchanneltable)]: family:1, type:2, protocol:0
[  188.938302] firmadyne: sys_socket[PID: 1330 (genchanneltable)]: family:1, type:2, protocol:0
[  188.950443] firmadyne: sys_socket[PID: 1330 (genchanneltable)]: family:1, type:2, protocol:0
[  188.959709] firmadyne: sys_socket[PID: 1330 (genchanneltable)]: family:1, type:2, protocol:0
[  188.971808] firmadyne: sys_socket[PID: 1330 (genchanneltable)]: family:1, type:2, protocol:0
[  188.977997] firmadyne: sys_socket[PID: 1330 (genchanneltable)]: family:1, type:2, protocol:0
[  188.987757] firmadyne: sys_socket[PID: 1330 (genchanneltable)]: family:1, type:2, protocol:0
/dev/gpio: No such device or address
 Generate VLAN table according to the port...
[  189.072583] firmadyne: sys_socket[PID: 1339 (genVLANTableByP)]: family:1, type:2, protocol:0
[  189.079847] firmadyne: sys_socket[PID: 1339 (genVLANTableByP)]: family:1, type:2, protocol:0
[  189.085382] firmadyne: sys_socket[PID: 1339 (genVLANTableByP)]: family:1, type:2, protocol:0
[  189.091459] firmadyne: sys_socket[PID: 1339 (genVLANTableByP)]: family:1, type:2, protocol:0
[  189.096645] firmadyne: sys_socket[PID: 1339 (genVLANTableByP)]: family:1, type:2, protocol:0
[  189.102034] firmadyne: sys_socket[PID: 1339 (genVLANTableByP)]: family:1, type:2, protocol:0
[  189.109084] firmadyne: sys_socket[PID: 1339 (genVLANTableByP)]: family:1, type:2, protocol:0
[  189.114677] firmadyne: sys_socket[PID: 1339 (genVLANTableByP)]: family:1, type:2, protocol:0
[  189.121068] firmadyne: sys_socket[PID: 1339 (genVLANTableByP)]: family:1, type:2, protocol:0
[  189.126596] firmadyne: sys_socket[PID: 1339 (genVLANTableByP)]: family:1, type:2, protocol:0
[  189.132986] firmadyne: sys_socket[PID: 1339 (genVLANTableByP)]: family:1, type:2, protocol:0
[  189.138497] firmadyne: sys_socket[PID: 1339 (genVLANTableByP)]: family:1, type:2, protocol:0
[  189.144893] firmadyne: sys_socket[PID: 1339 (genVLANTableByP)]: family:1, type:2, protocol:0
[  189.152557] firmadyne: sys_socket[PID: 1339 (genVLANTableByP)]: family:1, type:2, protocol:0
[  189.158432] firmadyne: sys_socket[PID: 1339 (genVLANTableByP)]: family:1, type:2, protocol:0
[  189.165158] firmadyne: sys_socket[PID: 1339 (genVLANTableByP)]: family:1, type:2, protocol:0
[  189.171134] firmadyne: sys_socket[PID: 1339 (genVLANTableByP)]: family:1, type:2, protocol:0
[  189.176689] firmadyne: sys_socket[PID: 1339 (genVLANTableByP)]: family:1, type:2, protocol:0
[  189.182186] firmadyne: sys_socket[PID: 1339 (genVLANTableByP)]: family:1, type:2, protocol:0
[  189.188580] firmadyne: sys_socket[PID: 1339 (genVLANTableByP)]: family:1, type:2, protocol:0
[  189.194234] firmadyne: sys_socket[PID: 1339 (genVLANTableByP)]: family:1, type:2, protocol:0
