[    0.000000] Linux version 4.1.17+ (alessio@pc) (gcc version 5.5.0 20171010 (Ubuntu 5.5.0-12ubuntu1) ) #1 Mon May 15 23:04:08 CEST 2023
[    0.000000] earlycon: Early serial console at I/O port 0x3f8 (options '38400n8')
[    0.000000] bootconsole [uart0] enabled
[    0.000000] CPU0 revision is: 00019300 (MIPS 24Kc)
[    0.000000] FPU revision is: 00739300
[    0.000000] Software DMA cache coherency enabled
[    0.000000] Determined physical RAM map:
[    0.000000]  memory: 00001000 @ 00000000 (reserved)
[    0.000000]  memory: 000ef000 @ 00001000 (ROM data)
[    0.000000]  memory: 00798000 @ 000f0000 (reserved)
[    0.000000]  memory: 0f777000 @ 00888000 (usable)
[    0.000000] debug: ignoring loglevel setting.
[    0.000000] Wasting 69888 bytes for tracking 2184 unused pages
[    0.000000] Initrd not found or empty - disabling initrd
[    0.000000] Zone ranges:
[    0.000000]   DMA      [mem 0x0000000000000000-0x0000000000ffffff]
[    0.000000]   Normal   [mem 0x0000000001000000-0x000000000fffefff]
[    0.000000] Movable zone start for each node
[    0.000000] Early memory node ranges
[    0.000000]   node   0: [mem 0x0000000000000000-0x000000000fffefff]
[    0.000000] Initmem setup node 0 [mem 0x0000000000000000-0x000000000fffefff]
[    0.000000] On node 0 totalpages: 65535
[    0.000000] free_area_init_node: node 0, pgdat 8081d5b0, node_mem_map 81000000
[    0.000000]   DMA zone: 32 pages used for memmap
[    0.000000]   DMA zone: 0 pages reserved
[    0.000000]   DMA zone: 4096 pages, LIFO batch:0
[    0.000000]   Normal zone: 480 pages used for memmap
[    0.000000]   Normal zone: 61439 pages, LIFO batch:15
[    0.000000] Primary instruction cache 2kB, VIPT, 2-way, linesize 16 bytes.
[    0.000000] Primary data cache 2kB, 2-way, VIPT, no aliases, linesize 16 bytes
[    0.000000] pcpu-alloc: s0 r0 d32768 u32768 alloc=1*32768
[    0.000000] pcpu-alloc: [0] 0 
[    0.000000] Built 1 zonelists in Zone order, mobility grouping on.  Total pages: 65023
[    0.000000] Kernel command line: root=/dev/sda1 console=ttyS0 nandsim.parts=64,64,64,64,64,64,64,64,64,64 rdinit=/firmadyne/preInit.sh rw debug ignore_loglevel print-fatal-signals=1 FIRMAE_NET=true FIRMAE_NVRAM=true FIRMAE_KERNEL=true FIRMAE_ETC=true user_debug=0 firmadyne.syscall=1 noka
[    0.000000] found FIRMAE_KERNEL=t
[    0.000000] set the LD_PRELOAD=/firmadyne/libnvram_ioctl.so
[    0.000000] PID hash table entries: 1024 (order: 0, 4096 bytes)
[    0.000000] Dentry cache hash table entries: 32768 (order: 5, 131072 bytes)
[    0.000000] Inode-cache hash table entries: 16384 (order: 4, 65536 bytes)
[    0.000000] Writing ErrCtl register=00000000
[    0.000000] Readback ErrCtl register=00000000
[    0.000000] Memory: 251112K/262140K available (5360K kernel code, 244K rwdata, 1676K rodata, 260K init, 158K bss, 11028K reserved, 0K cma-reserved)
[    0.000000] NR_IRQS:256
[    0.000000] CPU frequency 200.00 MHz
[    0.000000] clocksource MIPS: mask: 0xffffffff max_cycles: 0xffffffff, max_idle_ns: 19112568723 ns
[    0.000158] sched_clock: 32 bits at 100MHz, resolution 9ns, wraps every 21474796539ns
[    0.011076] Console: colour dummy device 80x25
[    0.012077] Calibrating delay loop... 36.03 BogoMIPS (lpj=72064)
[    0.065206] pid_max: default: 32768 minimum: 301
[    0.068370] Mount-cache hash table entries: 1024 (order: 0, 4096 bytes)
[    0.068788] Mountpoint-cache hash table entries: 1024 (order: 0, 4096 bytes)
[    0.119395] clocksource jiffies: mask: 0xffffffff max_cycles: 0xffffffff, max_idle_ns: 7645041785100000 ns
[    0.128050] NET: Registered protocol family 16
[    0.345737] clocksource pit: mask: 0xffffffff max_cycles: 0xffffffff, max_idle_ns: 1601818034827 ns
[    0.465777] vgaarb: loaded
[    0.470208] SCSI subsystem initialized
[    0.472077] libata version 3.00 loaded.
[    0.475548] usbcore: registered new interface driver usbfs
[    0.476691] usbcore: registered new interface driver hub
[    0.477531] usbcore: registered new device driver usb
[    0.479717] pps_core: LinuxPPS API ver. 1 registered
[    0.480035] pps_core: Software ver. 5.3.6 - Copyright 2005-2007 Rodolfo Giometti <giometti@linux.it>
[    0.480799] PTP clock support registered
[    0.484568] PCI host bridge to bus 0000:00
[    0.485163] pci_bus 0000:00: root bus resource [mem 0x10000000-0x17ffffff]
[    0.485648] pci_bus 0000:00: root bus resource [io  0x1000-0x1fffff]
[    0.486142] pci_bus 0000:00: root bus resource [??? 0x00000000 flags 0x0]
[    0.486702] pci_bus 0000:00: No busn resource found for root bus, will use [bus 00-ff]
[    0.487745] pci 0000:00:00.0: [11ab:4620] type 00 class 0x060000
[    0.488518] pci 0000:00:00.0: [Firmware Bug]: reg 0x14: invalid BAR (can't size)
[    0.488992] pci 0000:00:00.0: [Firmware Bug]: reg 0x18: invalid BAR (can't size)
[    0.489449] pci 0000:00:00.0: [Firmware Bug]: reg 0x1c: invalid BAR (can't size)
[    0.489911] pci 0000:00:00.0: [Firmware Bug]: reg 0x20: invalid BAR (can't size)
[    0.490493] pci 0000:00:00.0: [Firmware Bug]: reg 0x24: invalid BAR (can't size)
[    0.493571] pci 0000:00:0a.0: [8086:7110] type 00 class 0x060100
[    0.496364] pci 0000:00:0a.1: [8086:7111] type 00 class 0x010180
[    0.496968] pci 0000:00:0a.1: reg 0x20: [io  0x0000-0x000f]
[    0.497434] pci 0000:00:0a.1: legacy IDE quirk: reg 0x10: [io  0x01f0-0x01f7]
[    0.497886] pci 0000:00:0a.1: legacy IDE quirk: reg 0x14: [io  0x03f6]
[    0.498327] pci 0000:00:0a.1: legacy IDE quirk: reg 0x18: [io  0x0170-0x0177]
[    0.498902] pci 0000:00:0a.1: legacy IDE quirk: reg 0x1c: [io  0x0376]
[    0.501380] pci 0000:00:0a.2: [8086:7112] type 00 class 0x0c0300
[    0.501913] pci 0000:00:0a.2: reg 0x20: [io  0x0000-0x001f]
[    0.504544] pci 0000:00:0a.3: [8086:7113] type 00 class 0x068000
[    0.505704] pci 0000:00:0a.3: quirk: [io  0x1000-0x103f] claimed by PIIX4 ACPI
[    0.506212] pci 0000:00:0a.3: quirk: [io  0x1100-0x110f] claimed by PIIX4 SMB
[    0.508833] pci 0000:00:12.0: [1013:00b8] type 00 class 0x030000
[    0.509339] pci 0000:00:12.0: reg 0x10: [mem 0x00000000-0x01ffffff pref]
[    0.509806] pci 0000:00:12.0: reg 0x14: [mem 0x00000000-0x00000fff]
[    0.510336] pci 0000:00:12.0: reg 0x30: [mem 0x00000000-0x0000ffff pref]
[    0.512542] vgaarb: device added: PCI:0000:00:12.0,decodes=io+mem,owns=none,locks=none
[    0.513539] pci 0000:00:13.0: [8086:100e] type 00 class 0x020000
[    0.514027] pci 0000:00:13.0: reg 0x10: [mem 0x00000000-0x0001ffff]
[    0.514470] pci 0000:00:13.0: reg 0x14: [io  0x0000-0x003f]
[    0.514982] pci 0000:00:13.0: reg 0x30: [mem 0x00000000-0x0003ffff pref]
[    0.517518] pci 0000:00:14.0: [8086:100e] type 00 class 0x020000
[    0.518017] pci 0000:00:14.0: reg 0x10: [mem 0x00000000-0x0001ffff]
[    0.518456] pci 0000:00:14.0: reg 0x14: [io  0x0000-0x003f]
[    0.518948] pci 0000:00:14.0: reg 0x30: [mem 0x00000000-0x0003ffff pref]
[    0.521521] pci 0000:00:15.0: [8086:100e] type 00 class 0x020000
[    0.522002] pci 0000:00:15.0: reg 0x10: [mem 0x00000000-0x0001ffff]
[    0.522454] pci 0000:00:15.0: reg 0x14: [io  0x0000-0x003f]
[    0.522950] pci 0000:00:15.0: reg 0x30: [mem 0x00000000-0x0003ffff pref]
[    0.525429] pci 0000:00:16.0: [8086:100e] type 00 class 0x020000
[    0.525897] pci 0000:00:16.0: reg 0x10: [mem 0x00000000-0x0001ffff]
[    0.526342] pci 0000:00:16.0: reg 0x14: [io  0x0000-0x003f]
[    0.526824] pci 0000:00:16.0: reg 0x30: [mem 0x00000000-0x0003ffff pref]
[    0.529480] pci_bus 0000:00: busn_res: [bus 00-ff] end is updated to 00
[    0.530694] pci 0000:00:12.0: BAR 0: assigned [mem 0x10000000-0x11ffffff pref]
[    0.531315] pci 0000:00:13.0: BAR 6: assigned [mem 0x12000000-0x1203ffff pref]
[    0.531857] pci 0000:00:14.0: BAR 6: assigned [mem 0x12040000-0x1207ffff pref]
[    0.532468] pci 0000:00:15.0: BAR 6: assigned [mem 0x12080000-0x120bffff pref]
[    0.532986] pci 0000:00:16.0: BAR 6: assigned [mem 0x120c0000-0x120fffff pref]
[    0.533507] pci 0000:00:13.0: BAR 0: assigned [mem 0x12100000-0x1211ffff]
[    0.534008] pci 0000:00:14.0: BAR 0: assigned [mem 0x12120000-0x1213ffff]
[    0.534510] pci 0000:00:15.0: BAR 0: assigned [mem 0x12140000-0x1215ffff]
[    0.535019] pci 0000:00:16.0: BAR 0: assigned [mem 0x12160000-0x1217ffff]
[    0.535536] pci 0000:00:12.0: BAR 6: assigned [mem 0x12180000-0x1218ffff pref]
[    0.536071] pci 0000:00:12.0: BAR 1: assigned [mem 0x12190000-0x12190fff]
[    0.536665] pci 0000:00:13.0: BAR 1: assigned [io  0x1040-0x107f]
[    0.537116] pci 0000:00:14.0: BAR 1: assigned [io  0x1080-0x10bf]
[    0.537574] pci 0000:00:15.0: BAR 1: assigned [io  0x10c0-0x10ff]
[    0.538031] pci 0000:00:16.0: BAR 1: assigned [io  0x1400-0x143f]
[    0.538493] pci 0000:00:0a.2: BAR 4: assigned [io  0x1440-0x145f]
[    0.538946] pci 0000:00:0a.1: BAR 4: assigned [io  0x1460-0x146f]
[    0.552900] cfg80211: Calling CRDA to update world regulatory domain
[    0.563635] Switched to clocksource MIPS
[    0.653789] NET: Registered protocol family 2
[    0.663337] TCP established hash table entries: 2048 (order: 1, 8192 bytes)
[    0.664399] TCP bind hash table entries: 2048 (order: 1, 8192 bytes)
[    0.665260] TCP: Hash tables configured (established 2048 bind 2048)
[    0.666149] UDP hash table entries: 256 (order: 0, 4096 bytes)
[    0.666712] UDP-Lite hash table entries: 256 (order: 0, 4096 bytes)
[    0.669909] NET: Registered protocol family 1
[    0.671241] PCI: Enabling device 0000:00:0a.2 (0000 -> 0001)
[    0.672537] PCI: CLS 0 bytes, default 16
[    0.697972] futex hash table entries: 256 (order: -1, 3072 bytes)
[    0.711013] squashfs: version 4.0 (2009/01/31) Phillip Lougher
[    0.713108] jffs2: version 2.2. (NAND) Â© 2001-2006 Red Hat, Inc.
[    0.715881] romfs: ROMFS MTD (C) 2007 Red Hat, Inc.
[    0.734955] Block layer SCSI generic (bsg) driver version 0.4 loaded (major 251)
[    0.735494] io scheduler noop registered
[    0.736245] io scheduler cfq registered (default)
[    0.737086] firmadyne: devfs: 1, execute: 1, procfs: 1, syscall: 1
[    0.741683] firmadyne: Cannot register character device: gpio, 0xfc, 0x0!
[    0.748666] firmadyne: Cannot register character device: watchdog, 0xa, 0x82!
[    0.749076] firmadyne: Cannot register character device: wdt, 0xfd, 0x0!
[    2.135586] strName = 4.1.17+
[    2.135586] init_task_addr  = 2155778944
[    2.135586] init_task_size  = 1296
[    2.135586] ts_tasks        = 292
[    2.135586] ts_pid          = 408
[    2.135586] ts_tgid         = 412
[    2.135586] ts_group_leader = 440
[    2.135586] ts_thread_group = 496
[    2.135586] ts_real_parent  = 416
[    2.135586] ts_mm           = 300
[    2.135586] ts_stack        = 4
[    2.137823] module_name   = 12
[    2.137823] module_size   = 208
[    2.137823] module_init   = 200
[    2.137823] module_list   = 4
[    2.138689] ts_real_cred    = 624
[    2.138689] ts_cred         = 628
[    2.138689] ts_comm         = 632
[    2.138689] cred_uid        = 4
[    2.138689] cred_gid        = 8
[    2.138689] cred_euid       = 20
[    2.138689] cred_egid       = 24
[    2.140221] mm_mmap         = 0
[    2.140221] mm_pgd          = 32
[    2.140221] mm_arg_start    = 136
[    2.140221] mm_start_brk    = 124
[    2.140221] mm_brk          = 128
[    2.140221] mm_start_stack  = 132
[    2.141413] vma_vm_start    = 0
[    2.141413] vma_vm_end      = 4
[    2.141413] vma_vm_next     = 8
[    2.141413] vma_vm_file     = 80
[    2.141413] vma_vm_flags    = 40
[    2.141413] vma_vm_pgoff    = 76
[    2.142596] file_dentry     = 12
[    2.142596] file_inode      = 40
[    2.142596] dentry_d_name   = 24
[    2.142596] dentry_d_iname  = 44
[    2.142596] dentry_d_parent = 16
[    2.142596] ti_task         = 0
[    2.142596] inode_ino   = 28
[    2.999896] proc_fork_connector  = 2151078840
[    3.000226] proc_exit_connector  = 2151080432
[    3.000555] proc_exec_connector  = 2151079052
[    3.000837] vma_link  = 2149124372
[    3.001088] vma_adjust  = 2149124540
[    3.001344] remove_vma  = 2149122188
[    3.001607] modules  = 2155833724
[    3.001854] trim_init_extable  = 2150545316
[    3.005154] PCI: Enabling device 0000:00:12.0 (0000 -> 0002)
[    3.006296] cirrusfb 0000:00:12.0: Cirrus Logic chipset on PCI bus, RAM (4096 kB) at 0x10000000
[    3.245497] Console: switching to colour frame buffer device 80x30
[    3.301072] Serial: 8250/16550 driver, 4 ports, IRQ sharing enabled
[    3.312844] console [ttyS0] disabled
[    3.341450] serial8250.0: ttyS0 at I/O 0x3f8 (irq = 4, base_baud = 115200) is a 16550A
[    3.342466] console [ttyS0] enabled
[    3.342466] console [ttyS0] enabled
[    3.342959] bootconsole [uart0] disabled
[    3.342959] bootconsole [uart0] disabled
[    3.374710] serial8250.0: ttyS1 at I/O 0x2f8 (irq = 3, base_baud = 115200) is a 16550A
[    3.480801] brd: module loaded
[    3.554305] loop: module loaded
[    3.560820] ata_piix 0000:00:0a.1: version 2.13
[    3.561411] PCI: Enabling device 0000:00:0a.1 (0000 -> 0001)
[    3.585159] scsi host0: ata_piix
[    3.590176] scsi host1: ata_piix
[    3.593500] ata1: PATA max UDMA/33 cmd 0x1f0 ctl 0x3f6 bmdma 0x1460 irq 14
[    3.593946] ata2: PATA max UDMA/33 cmd 0x170 ctl 0x376 bmdma 0x1468 irq 15
[    3.599746] [nandsim] warning: read_byte: unexpected data output cycle, state is STATE_READY return 0x0
[    3.600270] [nandsim] warning: read_byte: unexpected data output cycle, state is STATE_READY return 0x0
[    3.600770] [nandsim] warning: read_byte: unexpected data output cycle, state is STATE_READY return 0x0
[    3.601268] [nandsim] warning: read_byte: unexpected data output cycle, state is STATE_READY return 0x0
[    3.601787] [nandsim] warning: read_byte: unexpected data output cycle, state is STATE_READY return 0x0
[    3.602289] [nandsim] warning: read_byte: unexpected data output cycle, state is STATE_READY return 0x0
[    3.602948] nand: device found, Manufacturer ID: 0x98, Chip ID: 0x39
[    3.603332] nand: Toshiba NAND 128MiB 1,8V 8-bit
[    3.603809] nand: 128 MiB, SLC, erase size: 16 KiB, page size: 512, OOB size: 16
[    3.605221] flash size: 128 MiB
[    3.605457] page size: 512 bytes
[    3.605679] OOB area size: 16 bytes
[    3.605911] sector size: 16 KiB
[    3.606126] pages number: 262144
[    3.606344] pages per sector: 32
[    3.606584] bus width: 8
[    3.606784] bits in sector size: 14
[    3.607012] bits in page size: 9
[    3.607234] bits in OOB size: 4
[    3.607461] flash size with OOB: 135168 KiB
[    3.607891] page address bytes: 4
[    3.608117] sector address bytes: 3
[    3.608344] options: 0x42
[    3.677855] Scanning device for bad blocks
[    4.652610] cfg80211: Calling CRDA to update world regulatory domain
[    4.657041] ata1.01: NODEV after polling detection
[    4.657720] ata2.01: NODEV after polling detection
[    4.659331] ata2.00: ATAPI: QEMU DVD-ROM, 2.5+, max UDMA/100
[    4.661570] ata1.00: ATA-7: QEMU HARDDISK, 2.5+, max UDMA/100
[    4.661983] ata1.00: 2097152 sectors, multi 16: LBA48 
[    4.666746] ata2.00: configured for UDMA/33
[    4.668607] ata1.00: configured for UDMA/33
[    4.676002] scsi 0:0:0:0: Direct-Access     ATA      QEMU HARDDISK    2.5+ PQ: 0 ANSI: 5
[    4.689569] sd 0:0:0:0: [sda] 2097152 512-byte logical blocks: (1.07 GB/1.00 GiB)
[    4.690884] scsi 1:0:0:0: CD-ROM            QEMU     QEMU DVD-ROM     2.5+ PQ: 0 ANSI: 5
[    4.701827] sd 0:0:0:0: [sda] Write Protect is off
[    4.702266] sd 0:0:0:0: [sda] Mode Sense: 00 3a 00 00
[    4.703541] sd 0:0:0:0: [sda] Write cache: enabled, read cache: enabled, doesn't support DPO or FUA
[    4.713533] Creating 11 MTD partitions on "NAND 128MiB 1,8V 8-bit":
[    4.714106] 0x000000000000-0x000000100000 : "NAND simulator partition 0"
[    4.723385] 0x000000100000-0x000000200000 : "NAND simulator partition 1"
[    4.732284] 0x000000200000-0x000000300000 : "NAND simulator partition 2"
[    4.741285] 0x000000300000-0x000000400000 : "NAND simulator partition 3"
[    4.750490] 0x000000400000-0x000000500000 : "NAND simulator partition 4"
[    4.759744] 0x000000500000-0x000000600000 : "NAND simulator partition 5"
[    4.769128] 0x000000600000-0x000000700000 : "NAND simulator partition 6"
[    4.778544] 0x000000700000-0x000000800000 : "NAND simulator partition 7"
[    4.788053] 0x000000800000-0x000000900000 : "NAND simulator partition 8"
[    4.796753] 0x000000900000-0x000000a00000 : "NAND simulator partition 9"
[    4.805576] 0x000000a00000-0x000008000000 : "NAND simulator partition 10"
[    4.843351] tun: Universal TUN/TAP device driver, 1.6
[    4.843873] tun: (C) 1999-2004 Max Krasnyansky <maxk@qualcomm.com>
[    4.847042] pcnet32: pcnet32.c:v1.35 21.Apr.2008 tsbogend@alpha.franken.de
[    4.848701] e1000: Intel(R) PRO/1000 Network Driver - version 7.3.21-k8-NAPI
[    4.849295] e1000: Copyright (c) 1999-2006 Intel Corporation.
[    4.850553] PCI: Enabling device 0000:00:13.0 (0000 -> 0003)
[    4.853491]  sda: sda1
[    4.866605] sd 0:0:0:0: [sda] Attached SCSI disk
[    5.174719] e1000 0000:00:13.0 eth0: (PCI:33MHz:32-bit) 52:54:00:12:34:56
[    5.175299] e1000 0000:00:13.0 eth0: Intel(R) PRO/1000 Network Connection
[    5.176004] PCI: Enabling device 0000:00:14.0 (0000 -> 0003)
[    5.481570] e1000 0000:00:14.0 eth1: (PCI:33MHz:32-bit) 52:54:00:12:34:57
[    5.482071] e1000 0000:00:14.0 eth1: Intel(R) PRO/1000 Network Connection
[    5.482718] PCI: Enabling device 0000:00:15.0 (0000 -> 0003)
[    5.791003] e1000 0000:00:15.0 eth2: (PCI:33MHz:32-bit) 52:54:00:12:34:58
[    5.791537] e1000 0000:00:15.0 eth2: Intel(R) PRO/1000 Network Connection
[    5.792313] PCI: Enabling device 0000:00:16.0 (0000 -> 0003)
[    6.094440] e1000 0000:00:16.0 eth3: (PCI:33MHz:32-bit) 52:54:00:12:34:59
[    6.094906] e1000 0000:00:16.0 eth3: Intel(R) PRO/1000 Network Connection
[    6.096129] e1000e: Intel(R) PRO/1000 Network Driver - 2.3.2-k
[    6.096438] e1000e: Copyright(c) 1999 - 2014 Intel Corporation.
[    6.100169] PPP generic driver version 2.4.2
[    6.102105] PPP Deflate Compression module registered
[    6.102689] PPP MPPE Compression module registered
[    6.103050] NET: Registered protocol family 24
[    6.103830] ehci_hcd: USB 2.0 'Enhanced' Host Controller (EHCI) Driver
[    6.104272] ehci-pci: EHCI PCI platform driver
[    6.105264] ohci_hcd: USB 1.1 'Open' Host Controller (OHCI) Driver
[    6.105688] ohci-pci: OHCI PCI platform driver
[    6.106662] uhci_hcd: USB Universal Host Controller Interface driver
[    6.108259] uhci_hcd 0000:00:0a.2: UHCI Host Controller
[    6.108954] uhci_hcd 0000:00:0a.2: new USB bus registered, assigned bus number 1
[    6.109910] uhci_hcd 0000:00:0a.2: irq 11, io base 0x00001440
[    6.119737] hub 1-0:1.0: USB hub found
[    6.120441] hub 1-0:1.0: 2 ports detected
[    6.128674] usbcore: registered new interface driver usb-storage
[    6.132513] mousedev: PS/2 mouse device common for all mice
[    6.138249] rtc_cmos rtc_cmos: rtc core: registered rtc_cmos as rtc0
[    6.138951] rtc_cmos rtc_cmos: alarms up to one day, 242 bytes nvram
[    6.140355] i2c /dev entries driver
[    6.141475] piix4_smbus 0000:00:0a.3: SMBus Host Controller at 0x1100, revision 0
[    6.145730] sdhci: Secure Digital Host Controller Interface driver
[    6.146069] sdhci: Copyright(c) Pierre Ossman
[    6.148261] hidraw: raw HID events driver (C) Jiri Kosina
[    6.164922] usbcore: registered new interface driver usbhid
[    6.165246] usbhid: USB HID core driver
[    6.166197] Netfilter messages via NETLINK v0.30.
[    6.167393] nf_conntrack version 0.5.0 (3923 buckets, 15692 max)
[    6.170477] ctnetlink v0.93: registering with nfnetlink.
[    6.175882] ipip: IPv4 over IPv4 tunneling driver
[    6.187112] ip_tables: (C) 2000-2006 Netfilter Core Team
[    6.189825] arp_tables: (C) 2002 David S. Miller
[    6.191503] Initializing XFRM netlink socket
[    6.192726] NET: Registered protocol family 10
[    6.210704] ip6_tables: (C) 2000-2006 Netfilter Core Team
[    6.214284] sit: IPv6 over IPv4 tunneling driver
[    6.230443] NET: Registered protocol family 17
[    6.231346] bridge: automatic filtering via arp/ip/ip6tables has been deprecated. Update your scripts to load br_netfilter if you need this.
[    6.232546] Bridge firewalling registered
[    6.232933] Ebtables v2.0 registered
[    6.237999] 8021q: 802.1Q VLAN Support v1.8
[    6.258193] rtc_cmos rtc_cmos: setting system clock to 2025-07-23 19:51:12 UTC (1753300272)
[    6.278184] EXT2-fs (sda1): warning: mounting unchecked fs, running e2fsck is recommended
[    6.280444] VFS: Mounted root (ext2 filesystem) on device 8:1.
[    6.288947] Freeing YAMON memory: 956k freed
[    6.299188] Freeing unused kernel memory: 260K (8081f000 - 80860000)
[    6.405508] firmadyne: sys_reboot[PID: 48 (init)]: magic1:fee1dead, magic2:28121969, cmd:0
init started:  BusyBox v1.00 (2011.02.24-08:49+0000) multi-call binary
init started:  BusyBox v1.00 (2011.02.24-08:49+0000) multi-call binary[    6.427954] spurious 8259A interrupt: IRQ7.

Starting pid 50, console /dev/ttyS0: '/usr/etc/rcS'
[    6.675914] firmadyne: do_execve: /firmadyne/console
[    6.676467] OFFSETS: offset of pid: 0x198 offset of comm: 0x278
mount: Mounting devpts on /dev/pts failed: No such file or directory
[    7.795975] cfg80211: Calling CRDA to update world regulatory domain
mknod: /dev/sc_led: File exists
insmod: cannot open module `/lib/modules/ipt_string.ko': No such file or directory
[    9.684061] random: nonblocking pool is initialized
[    9.722890] firmadyne: ioctl: 0x1
[   10.894351] firmadyne: sys_socket[PID: 92 (brctl)]: family:2, type:2, protocol:0
[   10.939985] cfg80211: Calling CRDA to update world regulatory domain
[   10.957933] firmadyne: sys_socket[PID: 93 (brctl)]: family:2, type:2, protocol:0
[   11.017775] firmadyne: sys_socket[PID: 94 (ifconfig)]: family:2, type:1, protocol:0
[   11.020396] firmadyne: __inet_insert_ifa[PID: 94 (ifconfig)]: device:eth0 ifa:0x00000000
[   11.033534] IPv6: ADDRCONF(NETDEV_UP): eth0: link is not ready
[   11.034049] 8021q: adding VLAN 0 to HW filter on device eth0
[   11.038433] e1000: eth0 NIC Link is Up 1000 Mbps Full Duplex, Flow Control: RX
[   11.040247] IPv6: ADDRCONF(NETDEV_CHANGE): eth0: link becomes ready
[   11.098474] firmadyne: sys_socket[PID: 95 (brctl)]: family:2, type:2, protocol:0
[   11.099985] firmadyne: sys_socket[PID: 95 (brctl)]: family:10, type:1, protocol:0
[   11.101710] firmadyne: br_add_if[PID: 95 (brctl)]: br:br0 dev:eth0
[   11.106635] device eth0 entered promiscuous mode
killall: dsl_cpe_control: no process killed
[   13.833955] firmadyne: ioctl: 0xc0a47204
[   13.870651] firmadyne: sys_socket[PID: 104 (ifconfig)]: family:2, type:1, protocol:0
[   13.876974] firmadyne: __inet_insert_ifa[PID: 104 (ifconfig)]: device:lo ifa:0x7f000001
[   13.880030] firmadyne: __inet_insert_ifa[PID: 104 (ifconfig)]: device:lo ifa:0x7f000001
[   14.005956] firmadyne: sys_socket[PID: 105 (route)]: family:2, type:1, protocol:0
[   14.084109] cfg80211: Calling CRDA to update world regulatory domain
[   14.192618] firmadyne: sys_socket[PID: 106 (klogd)]: family:1, type:1, protocol:0
[   14.194792] firmadyne: sys_socket[PID: 106 (klogd)]: family:1, type:2, protocol:0
[   14.204049] firmadyne: sys_socket[PID: 106 (klogd)]: family:1, type:1, protocol:0
[   14.205410] firmadyne: sys_socket[PID: 106 (klogd)]: family:1, type:2, protocol:0
[   14.216191] firmadyne: sys_socket[PID: 106 (klogd)]: family:1, type:1, protocol:0
[   14.217563] firmadyne: sys_socket[PID: 106 (klogd)]: family:1, type:2, protocol:0
[   14.224303] firmadyne: sys_socket[PID: 106 (klogd)]: family:1, type:1, protocol:0
[   14.225586] firmadyne: sys_socket[PID: 106 (klogd)]: family:1, type:2, protocol:0
[   14.232418] firmadyne: sys_socket[PID: 106 (klogd)]: family:1, type:1, protocol:0
[   14.233714] firmadyne: sys_socket[PID: 106 (klogd)]: family:1, type:2, protocol:0
[   14.240518] firmadyne: sys_socket[PID: 106 (klogd)]: family:1, type:1, protocol:0
[   14.241824] firmadyne: sys_socket[PID: 106 (klogd)]: family:1, type:2, protocol:0
[   14.248660] firmadyne: sys_socket[PID: 106 (klogd)]: family:1, type:1, protocol:0
[   14.249945] firmadyne: sys_socket[PID: 106 (klogd)]: family:1, type:2, protocol:0
[   14.256712] firmadyne: sys_socket[PID: 106 (klogd)]: family:1, type:1, protocol:0
[   14.258010] firmadyne: sys_socket[PID: 106 (klogd)]: family:1, type:2, protocol:0
[   14.264767] firmadyne: sys_socket[PID: 106 (klogd)]: family:1, type:1, protocol:0
[   14.266035] firmadyne: sys_socket[PID: 106 (klogd)]: family:1, type:2, protocol:0
[   14.272712] firmadyne: sys_socket[PID: 106 (klogd)]: family:1, type:1, protocol:0
[   14.274011] firmadyne: sys_socket[PID: 106 (klogd)]: family:1, type:2, protocol:0
[   14.280696] firmadyne: sys_socket[PID: 106 (klogd)]: family:1, type:1, protocol:0
[   14.281948] firmadyne: sys_socket[PID: 106 (klogd)]: family:1, type:2, protocol:0
[   14.288664] firmadyne: sys_socket[PID: 106 (klogd)]: family:1, type:1, protocol:0
[   14.289919] firmadyne: sys_socket[PID: 106 (klogd)]: family:1, type:2, protocol:0
[   14.293550] firmadyne: sys_socket[PID: 102 (dsl_cpe_control)]: family:2, type:2, protocol:0
[   14.294566] firmadyne: sys_setsockopt[PID: 102 (dsl_cpe_control)]: fd:4, level:65535, optname:8
[   14.295471] firmadyne: sys_setsockopt[PID: 102 (dsl_cpe_control)]: fd:4, level:65535, optname:4097
[   14.297295] firmadyne: sys_socket[PID: 106 (klogd)]: family:1, type:1, protocol:0
[   14.298555] firmadyne: sys_socket[PID: 106 (klogd)]: family:1, type:2, protocol:0
[   14.300048] firmadyne: sys_setsockopt[PID: 102 (dsl_cpe_control)]: fd:4, level:65535, optname:4098
[   14.300872] firmadyne: sys_setsockopt[PID: 102 (dsl_cpe_control)]: fd:4, level:6, optname:1
[   14.301868] firmadyne: inet_bind[PID: 102 (dsl_cpe_control)]: proto:SOCK_STREAM, port:8080
[   14.305281] firmadyne: sys_socket[PID: 106 (klogd)]: family:1, type:1, protocol:0
[   14.306509] firmadyne: sys_socket[PID: 106 (klogd)]: family:1, type:2, protocol:0
[   14.311531] firmadyne: sys_socket[PID: 106 (klogd)]: family:1, type:1, protocol:0
[   14.312944] firmadyne: sys_socket[PID: 106 (klogd)]: family:1, type:2, protocol:0
[   14.315304] firmadyne: sys_socket[PID: 106 (klogd)]: family:1, type:1, protocol:0
[   14.320416] firmadyne: ioctl: 0xc00c7224
[   14.320941] firmadyne: ioctl: 0xc00c721d
[   14.321365] firmadyne: ioctl: 0xc00c721d
[   14.321784] firmadyne: ioctl: 0xc00c721d
[   14.322207] firmadyne: ioctl: 0xc00c721d
[   14.322624] firmadyne: ioctl: 0xc00c721d
[   14.323041] firmadyne: ioctl: 0xc00c721d
[   14.323464] firmadyne: ioctl: 0xc00c721d
[   14.324934] firmadyne: sys_socket[PID: 106 (klogd)]: family:1, type:2, protocol:0
[   14.329074] firmadyne: ioctl: 0xc00c721d
[   14.329554] firmadyne: ioctl: 0xc00c721d
[   14.329974] firmadyne: ioctl: 0xc00c721d
[   14.330401] firmadyne: ioctl: 0xc00c721d
[   14.330834] firmadyne: ioctl: 0xc00c721d
[   14.331261] firmadyne: ioctl: 0xc00c721d
[   14.331860] firmadyne: ioctl: 0xc00c721d
[   14.332287] firmadyne: ioctl: 0xc00c721d
[   14.332717] firmadyne: ioctl: 0xc00c721d
[   14.333151] firmadyne: ioctl: 0xc00c721d
[   14.335465] firmadyne: sys_socket[PID: 106 (klogd)]: family:1, type:1, protocol:0
[   14.337101] firmadyne: sys_socket[PID: 106 (klogd)]: family:1, type:2, protocol:0
[   14.340542] firmadyne: ioctl: 0xc0207223
[   14.342916] firmadyne: ioctl: 0xc0207223
[   14.350700] firmadyne: sys_socket[PID: 106 (klogd)]: family:1, type:1, protocol:0
[   14.352218] firmadyne: sys_socket[PID: 106 (klogd)]: family:1, type:2, protocol:0
[   14.354849] firmadyne: sys_socket[PID: 106 (klogd)]: family:1, type:1, protocol:0
[   14.356526] firmadyne: ioctl: 0xc0207223
[   14.357595] firmadyne: ioctl: 0xc0207223
[   14.358650] firmadyne: ioctl: 0xc0207223
[   14.367938] firmadyne: ioctl: 0xc0207223
[   14.369077] firmadyne: ioctl: 0xc0207223
[   14.370116] firmadyne: ioctl: 0xc0207223
[   14.371169] firmadyne: ioctl: 0xc0207223
[   14.372364] firmadyne: sys_socket[PID: 106 (klogd)]: family:1, type:2, protocol:0
[   14.374942] firmadyne: sys_socket[PID: 106 (klogd)]: family:1, type:1, protocol:0
[   14.376685] firmadyne: ioctl: 0xc0207223
[   14.377754] firmadyne: ioctl: 0xc0207223
[   14.378798] firmadyne: ioctl: 0xc0207223
[   14.380401] firmadyne: sys_socket[PID: 106 (klogd)]: family:1, type:2, protocol:0
[   14.382943] firmadyne: sys_socket[PID: 106 (klogd)]: family:1, type:1, protocol:0
[   14.388128] firmadyne: ioctl: 0xc0207223
[   14.389207] firmadyne: ioctl: 0xc0207223
[   14.390247] firmadyne: ioctl: 0xc0207223
[   14.391293] firmadyne: ioctl: 0xc0207223
[   14.396341] firmadyne: sys_socket[PID: 106 (klogd)]: family:1, type:2, protocol:0
[   14.398871] firmadyne: sys_socket[PID: 106 (klogd)]: family:1, type:1, protocol:0
[   14.400685] firmadyne: ioctl: 0xc0207223
[   14.401765] firmadyne: ioctl: 0xc0207223
[   14.402800] firmadyne: ioctl: 0xc0207223
[   14.409298] firmadyne: sys_socket[PID: 106 (klogd)]: family:1, type:2, protocol:0
[   14.412144] firmadyne: ioctl: 0xc0207223
[   14.413226] firmadyne: ioctl: 0xc0207223
[   14.414274] firmadyne: ioctl: 0xc0207223
[   14.415333] firmadyne: ioctl: 0xc0207223
[   14.416242] firmadyne: sys_socket[PID: 106 (klogd)]: family:1, type:1, protocol:0
[   14.417534] firmadyne: sys_socket[PID: 106 (klogd)]: family:1, type:2, protocol:0
[   14.424520] firmadyne: ioctl: 0xc0207223
[   14.425603] firmadyne: ioctl: 0xc0207223
[   14.426651] firmadyne: ioctl: 0xc0207223
[   14.428264] firmadyne: sys_socket[PID: 106 (klogd)]: family:1, type:1, protocol:0
[   14.429550] firmadyne: sys_socket[PID: 106 (klogd)]: family:1, type:2, protocol:0
[   14.435897] firmadyne: ioctl: 0xc0207223
[   14.436984] firmadyne: ioctl: 0xc0207223
[   14.438027] firmadyne: ioctl: 0xc0207223
[   14.439064] firmadyne: ioctl: 0xc0207223
[   14.440219] firmadyne: sys_socket[PID: 106 (klogd)]: family:1, type:1, protocol:0
[   14.441509] firmadyne: sys_socket[PID: 106 (klogd)]: family:1, type:2, protocol:0
[   14.448345] firmadyne: ioctl: 0xc0207223
[   14.449413] firmadyne: ioctl: 0xc0207223
[   14.450459] firmadyne: ioctl: 0xc0207223
[   14.451496] firmadyne: ioctl: 0xc0207223
[   14.452525] firmadyne: sys_socket[PID: 106 (klogd)]: family:1, type:1, protocol:0
[   14.453805] firmadyne: sys_socket[PID: 106 (klogd)]: family:1, type:2, protocol:0
[   14.460538] firmadyne: sys_socket[PID: 106 (klogd)]: family:1, type:1, protocol:0
[   14.461782] firmadyne: sys_socket[PID: 106 (klogd)]: family:1, type:2, protocol:0
[   14.464573] firmadyne: ioctl: 0xc0207223
[   14.465637] firmadyne: ioctl: 0xc0207223
[   14.466682] firmadyne: ioctl: 0xc0207223
[   14.472483] firmadyne: sys_socket[PID: 106 (klogd)]: family:1, type:1, protocol:0
[   14.473782] firmadyne: sys_socket[PID: 106 (klogd)]: family:1, type:2, protocol:0
[   14.476041] firmadyne: ioctl: 0xc0207223
[   14.477102] firmadyne: ioctl: 0xc0207223
[   14.478146] firmadyne: ioctl: 0xc0207223
[   14.479185] firmadyne: ioctl: 0xc0207223
[   14.484433] firmadyne: ioctl: 0xc0207223
[   14.485487] firmadyne: ioctl: 0xc0207223
[   14.486537] firmadyne: ioctl: 0xc0207223
[   14.487586] firmadyne: ioctl: 0xc0207223
[   14.488869] firmadyne: sys_socket[PID: 106 (klogd)]: family:1, type:1, protocol:0
[   14.490135] firmadyne: sys_socket[PID: 106 (klogd)]: family:1, type:2, protocol:0
[   14.498474] firmadyne: sys_socket[PID: 106 (klogd)]: family:1, type:1, protocol:0
[   14.500657] firmadyne: ioctl: 0xc0207223
[   14.501739] firmadyne: ioctl: 0xc0207223
[   14.502799] firmadyne: ioctl: 0xc0207223
[   14.508005] firmadyne: sys_socket[PID: 106 (klogd)]: family:1, type:2, protocol:0
[   14.510616] firmadyne: sys_socket[PID: 106 (klogd)]: family:1, type:1, protocol:0
[   14.512277] firmadyne: ioctl: 0xc0207223
[   14.513349] firmadyne: ioctl: 0xc0207223
[   14.514389] firmadyne: ioctl: 0xc0207223
[   14.515425] firmadyne: ioctl: 0xc0207223
[   14.519965] firmadyne: sys_socket[PID: 106 (klogd)]: family:1, type:2, protocol:0
[   14.522466] firmadyne: sys_socket[PID: 106 (klogd)]: family:1, type:1, protocol:0
[   14.523826] firmadyne: sys_socket[PID: 106 (klogd)]: family:1, type:2, protocol:0
[   14.525403] firmadyne: ioctl: 0xc0207223
[   14.526465] firmadyne: ioctl: 0xc0207223
[   14.527532] firmadyne: ioctl: 0xc0207223
[   14.533676] firmadyne: sys_socket[PID: 106 (klogd)]: family:1, type:1, protocol:0
[   14.534872] firmadyne: sys_socket[PID: 106 (klogd)]: family:1, type:2, protocol:0
[   14.536743] firmadyne: ioctl: 0xc0207223
[   14.537807] firmadyne: ioctl: 0xc0207223
[   14.538850] firmadyne: ioctl: 0xc0207223
[   14.545488] firmadyne: sys_socket[PID: 106 (klogd)]: family:1, type:1, protocol:0
[   14.546693] firmadyne: sys_socket[PID: 106 (klogd)]: family:1, type:2, protocol:0
[   14.548419] firmadyne: ioctl: 0xc0207223
[   14.549487] firmadyne: ioctl: 0xc0207223
[   14.550528] firmadyne: ioctl: 0xc0207223
[   14.551574] firmadyne: ioctl: 0xc0207223
[   14.557300] firmadyne: sys_socket[PID: 106 (klogd)]: family:1, type:1, protocol:0
[   14.558522] firmadyne: sys_socket[PID: 106 (klogd)]: family:1, type:2, protocol:0
[   14.560636] firmadyne: ioctl: 0xc0207223
[   14.561707] firmadyne: ioctl: 0xc0207223
[   14.562744] firmadyne: ioctl: 0xc0207223
[   14.569156] firmadyne: sys_socket[PID: 106 (klogd)]: family:1, type:1, protocol:0
[   14.570380] firmadyne: sys_socket[PID: 106 (klogd)]: family:1, type:2, protocol:0
[   14.572087] firmadyne: ioctl: 0xc0207223
[   14.573156] firmadyne: ioctl: 0xc0207223
[   14.574196] firmadyne: ioctl: 0xc0207223
[   14.575236] firmadyne: ioctl: 0xc0207223
[   14.580447] firmadyne: ioctl: 0xc0207223
[   14.581511] firmadyne: ioctl: 0xc0207223
[   14.582579] firmadyne: ioctl: 0xc0207223
[   14.583770] firmadyne: ioctl: 0xc0207223
[   14.585419] firmadyne: sys_socket[PID: 106 (klogd)]: family:1, type:1, protocol:0
[   14.586643] firmadyne: sys_socket[PID: 106 (klogd)]: family:1, type:2, protocol:0
[   14.593239] firmadyne: sys_socket[PID: 106 (klogd)]: family:1, type:1, protocol:0
[   14.594481] firmadyne: sys_socket[PID: 106 (klogd)]: family:1, type:2, protocol:0
[   14.596627] firmadyne: ioctl: 0xc0207223
[   14.597682] firmadyne: ioctl: 0xc0207223
[   14.598719] firmadyne: ioctl: 0xc0207223
[   14.605140] firmadyne: sys_socket[PID: 106 (klogd)]: family:1, type:1, protocol:0
[   14.606343] firmadyne: sys_socket[PID: 106 (klogd)]: family:1, type:2, protocol:0
[   14.609168] firmadyne: ioctl: 0xc0207223
[   14.610242] firmadyne: ioctl: 0xc0207223
[   14.611285] firmadyne: ioctl: 0xc0207223
[   14.616420] firmadyne: ioctl: 0xc0207223
[   14.617470] firmadyne: ioctl: 0xc0207223
[   14.618511] firmadyne: ioctl: 0xc0207223
[   14.619572] firmadyne: ioctl: 0xc0207223
[   14.621359] firmadyne: sys_socket[PID: 106 (klogd)]: family:1, type:1, protocol:0
[   14.622561] firmadyne: sys_socket[PID: 106 (klogd)]: family:1, type:2, protocol:0
[   14.630382] firmadyne: sys_socket[PID: 106 (klogd)]: family:1, type:1, protocol:0
[   14.631642] firmadyne: sys_socket[PID: 106 (klogd)]: family:1, type:2, protocol:0
[   14.633392] firmadyne: ioctl: 0xc0207223
[   14.634481] firmadyne: ioctl: 0xc0207223
[   14.635539] firmadyne: ioctl: 0xc0207223
[   14.641529] firmadyne: sys_socket[PID: 106 (klogd)]: family:1, type:1, protocol:0
[   14.642754] firmadyne: sys_socket[PID: 106 (klogd)]: family:1, type:2, protocol:0
[   14.644602] firmadyne: ioctl: 0xc0207223
[   14.645659] firmadyne: ioctl: 0xc0207223
[   14.646696] firmadyne: ioctl: 0xc0207223
[   14.651895] firmadyne: ioctl: 0xc0207223
[   14.652941] firmadyne: ioctl: 0xc0207223
[   14.653975] firmadyne: ioctl: 0xc0207223
[   14.655017] firmadyne: ioctl: 0xc0207223
[   14.657419] firmadyne: sys_socket[PID: 106 (klogd)]: family:1, type:1, protocol:0
[   14.658625] firmadyne: sys_socket[PID: 106 (klogd)]: family:1, type:2, protocol:0
[   14.664286] firmadyne: ioctl: 0xc0207223
[   14.665368] firmadyne: ioctl: 0xc0207223
[   14.666409] firmadyne: ioctl: 0xc0207223
[   14.667445] firmadyne: ioctl: 0xc0207223
[   14.669457] firmadyne: sys_socket[PID: 106 (klogd)]: family:1, type:1, protocol:0
[   14.670669] firmadyne: sys_socket[PID: 106 (klogd)]: family:1, type:2, protocol:0
[   14.677207] firmadyne: sys_socket[PID: 106 (klogd)]: family:1, type:1, protocol:0
[   14.678422] firmadyne: sys_socket[PID: 106 (klogd)]: family:1, type:2, protocol:0
[   14.680642] firmadyne: ioctl: 0xc0207223
[   14.681704] firmadyne: ioctl: 0xc0207223
[   14.682735] firmadyne: ioctl: 0xc0207223
[   14.688998] firmadyne: sys_socket[PID: 106 (klogd)]: family:1, type:1, protocol:0
[   14.690231] firmadyne: sys_socket[PID: 106 (klogd)]: family:1, type:2, protocol:0
[   14.692243] firmadyne: ioctl: 0xc0207223
[   14.693316] firmadyne: ioctl: 0xc0207223
[   14.694361] firmadyne: ioctl: 0xc0207223
[   14.695408] firmadyne: ioctl: 0xc0207223
[   14.700710] firmadyne: sys_socket[PID: 106 (klogd)]: family:1, type:1, protocol:0
[   14.701989] firmadyne: sys_socket[PID: 106 (klogd)]: family:1, type:2, protocol:0
[   14.704548] firmadyne: ioctl: 0xc0207223
[   14.705608] firmadyne: ioctl: 0xc0207223
[   14.706632] firmadyne: ioctl: 0xc0207223
[   14.711843] firmadyne: ioctl: 0xc0207223
[   14.712892] firmadyne: ioctl: 0xc0207223
[   14.713930] firmadyne: ioctl: 0xc0207223
[   14.714962] firmadyne: ioctl: 0xc0207223
[   14.716580] firmadyne: sys_socket[PID: 106 (klogd)]: family:1, type:1, protocol:0
[   14.717824] firmadyne: sys_socket[PID: 106 (klogd)]: family:1, type:2, protocol:0
[   14.724276] firmadyne: ioctl: 0xc0207223
[   14.725357] firmadyne: ioctl: 0xc0207223
[   14.726413] firmadyne: ioctl: 0xc0207223
[   14.727452] firmadyne: ioctl: 0xc0207223
[   14.728712] firmadyne: sys_socket[PID: 106 (klogd)]: family:1, type:1, protocol:0
[   14.729991] firmadyne: sys_socket[PID: 106 (klogd)]: family:1, type:2, protocol:0
[   14.736598] firmadyne: sys_socket[PID: 106 (klogd)]: family:1, type:1, protocol:0
[   14.737851] firmadyne: sys_socket[PID: 106 (klogd)]: family:1, type:2, protocol:0
[   14.740544] firmadyne: ioctl: 0xc0207223
[   14.741615] firmadyne: ioctl: 0xc0207223
[   14.742649] firmadyne: ioctl: 0xc0207223
[   14.748466] firmadyne: sys_socket[PID: 106 (klogd)]: family:1, type:1, protocol:0
[   14.749718] firmadyne: sys_socket[PID: 106 (klogd)]: family:1, type:2, protocol:0
[   14.751937] firmadyne: ioctl: 0xc0207223
[   14.753005] firmadyne: ioctl: 0xc0207223
[   14.754061] firmadyne: ioctl: 0xc0207223
[   14.755090] firmadyne: ioctl: 0xc0207223
[   14.760325] firmadyne: sys_socket[PID: 106 (klogd)]: family:1, type:1, protocol:0
[   14.761584] firmadyne: sys_socket[PID: 106 (klogd)]: family:1, type:2, protocol:0
[   14.764433] firmadyne: ioctl: 0xc0207223
[   14.765464] firmadyne: ioctl: 0xc0207223
[   14.766491] firmadyne: ioctl: 0xc0207223
[   14.767504] firmadyne: ioctl: 0xc0207223
[   14.772202] firmadyne: sys_socket[PID: 106 (klogd)]: family:1, type:1, protocol:0
[   14.773448] firmadyne: sys_socket[PID: 106 (klogd)]: family:1, type:2, protocol:0
[   14.776547] firmadyne: ioctl: 0xc0207223
[   14.777602] firmadyne: ioctl: 0xc0207223
[   14.778640] firmadyne: ioctl: 0xc0207223
[   14.784114] firmadyne: sys_socket[PID: 106 (klogd)]: family:1, type:1, protocol:0
[   14.785379] firmadyne: sys_socket[PID: 106 (klogd)]: family:1, type:2, protocol:0
[   14.787954] firmadyne: ioctl: 0xc0207223
[   14.789035] firmadyne: ioctl: 0xc0207223
[   14.790050] firmadyne: ioctl: 0xc0207223
[   14.791078] firmadyne: ioctl: 0xc0207223
[   14.795998] firmadyne: sys_socket[PID: 106 (klogd)]: family:1, type:1, protocol:0
[   14.797244] firmadyne: sys_socket[PID: 106 (klogd)]: family:1, type:2, protocol:0
[   14.799602] firmadyne: sys_socket[PID: 106 (klogd)]: family:1, type:1, protocol:0
[   14.801178] firmadyne: ioctl: 0xc0207223
[   14.802232] firmadyne: ioctl: 0xc0207223
[   14.803279] firmadyne: ioctl: 0xc0207223
[   14.809401] firmadyne: ioctl: 0xc0207223
[   14.810464] firmadyne: ioctl: 0xc0207223
[   14.811490] firmadyne: ioctl: 0xc0207223
[   14.816328] firmadyne: sys_socket[PID: 106 (klogd)]: family:1, type:2, protocol:0
[   14.818749] firmadyne: sys_socket[PID: 106 (klogd)]: family:1, type:1, protocol:0
[   14.820803] firmadyne: ioctl: 0xc0207223
[   14.821847] firmadyne: ioctl: 0xc0207223
[   14.822867] firmadyne: ioctl: 0xc0207223
[   14.828031] firmadyne: sys_socket[PID: 106 (klogd)]: family:1, type:2, protocol:0
[   14.830500] firmadyne: sys_socket[PID: 106 (klogd)]: family:1, type:1, protocol:0
[   14.832310] firmadyne: ioctl: 0xc0207223
[   14.833393] firmadyne: ioctl: 0xc0207223
[   14.834438] firmadyne: ioctl: 0xc0207223
[   14.835473] firmadyne: ioctl: 0xc0207223
[   14.839856] firmadyne: sys_socket[PID: 106 (klogd)]: family:1, type:2, protocol:0
[   14.842292] firmadyne: sys_socket[PID: 106 (klogd)]: family:1, type:1, protocol:0
[   14.843485] firmadyne: sys_socket[PID: 106 (klogd)]: family:1, type:2, protocol:0
[   14.845257] firmadyne: ioctl: 0xc0207223
[   14.846311] firmadyne: ioctl: 0xc0207223
[   14.847348] firmadyne: ioctl: 0xc0207223
[   14.853582] firmadyne: sys_socket[PID: 106 (klogd)]: family:1, type:1, protocol:0
[   14.854782] firmadyne: sys_socket[PID: 106 (klogd)]: family:1, type:2, protocol:0
[   14.856644] firmadyne: ioctl: 0xc0207223
[   14.857698] firmadyne: ioctl: 0xc0207223
[   14.858738] firmadyne: ioctl: 0xc0207223
[   14.865400] firmadyne: sys_socket[PID: 106 (klogd)]: family:1, type:1, protocol:0
[   14.866610] firmadyne: sys_socket[PID: 106 (klogd)]: family:1, type:2, protocol:0
[   14.868182] firmadyne: ioctl: 0xc0207223
[   14.869255] firmadyne: ioctl: 0xc0207223
[   14.870302] firmadyne: ioctl: 0xc0207223
[   14.871339] firmadyne: ioctl: 0xc0207223
[   14.877310] firmadyne: sys_socket[PID: 106 (klogd)]: family:1, type:1, protocol:0
[   14.878545] firmadyne: sys_socket[PID: 106 (klogd)]: family:1, type:2, protocol:0
[   14.880682] firmadyne: ioctl: 0xc0207223
[   14.881743] firmadyne: ioctl: 0xc0207223
[   14.882794] firmadyne: ioctl: 0xc0207223
[   14.889113] firmadyne: sys_socket[PID: 106 (klogd)]: family:1, type:1, protocol:0
[   14.890345] firmadyne: sys_socket[PID: 106 (klogd)]: family:1, type:2, protocol:0
[   14.892331] firmadyne: ioctl: 0xc0207223
[   14.893407] firmadyne: ioctl: 0xc0207223
[   14.894446] firmadyne: ioctl: 0xc0207223
[   14.895501] firmadyne: ioctl: 0xc0207223
[   14.900873] firmadyne: sys_socket[PID: 106 (klogd)]: family:1, type:1, protocol:0
[   14.902117] firmadyne: sys_socket[PID: 106 (klogd)]: family:1, type:2, protocol:0
[   14.904576] firmadyne: ioctl: 0xc0207223
[   14.905637] firmadyne: ioctl: 0xc0207223
[   14.906677] firmadyne: ioctl: 0xc0207223
[   14.911909] firmadyne: ioctl: 0xc0207223
[   14.912948] firmadyne: ioctl: 0xc0207223
[   14.913979] firmadyne: ioctl: 0xc0207223
[   14.915013] firmadyne: ioctl: 0xc0207223
[   14.916705] firmadyne: sys_socket[PID: 106 (klogd)]: family:1, type:1, protocol:0
[   14.917982] firmadyne: sys_socket[PID: 106 (klogd)]: family:1, type:2, protocol:0
[   14.924305] firmadyne: ioctl: 0xc0207223
[   14.925376] firmadyne: ioctl: 0xc0207223
[   14.926426] firmadyne: ioctl: 0xc0207223
[   14.927463] firmadyne: ioctl: 0xc0207223
[   14.928884] firmadyne: sys_socket[PID: 106 (klogd)]: family:1, type:1, protocol:0
[   14.930112] firmadyne: sys_socket[PID: 106 (klogd)]: family:1, type:2, protocol:0
[   14.936715] firmadyne: sys_socket[PID: 106 (klogd)]: family:1, type:1, protocol:0
[   14.937986] firmadyne: sys_socket[PID: 106 (klogd)]: family:1, type:2, protocol:0
[   14.944496] firmadyne: ioctl: 0xc0207223
[   14.945547] firmadyne: ioctl: 0xc0207223
[   14.946597] firmadyne: ioctl: 0xc0207223
[   14.948581] firmadyne: sys_socket[PID: 106 (klogd)]: family:1, type:1, protocol:0
[   14.949851] firmadyne: sys_socket[PID: 106 (klogd)]: family:1, type:2, protocol:0
[   14.955854] firmadyne: ioctl: 0xc0207223
[   14.956945] firmadyne: ioctl: 0xc0207223
[   14.957995] firmadyne: ioctl: 0xc0207223
[   14.959026] firmadyne: ioctl: 0xc0207223
[   14.960519] firmadyne: sys_socket[PID: 106 (klogd)]: family:1, type:1, protocol:0
[   14.961766] firmadyne: sys_socket[PID: 106 (klogd)]: family:1, type:2, protocol:0
[   14.968305] firmadyne: ioctl: 0xc0207223
[   14.969379] firmadyne: ioctl: 0xc0207223
[   14.970403] firmadyne: ioctl: 0xc0207223
[   14.971426] firmadyne: ioctl: 0xc0207223
[   14.976403] firmadyne: sys_socket[PID: 106 (klogd)]: family:1, type:1, protocol:0
[   14.977646] firmadyne: sys_socket[PID: 106 (klogd)]: family:1, type:2, protocol:0
[   14.980562] firmadyne: ioctl: 0xc0207223
[   14.981623] firmadyne: ioctl: 0xc0207223
[   14.982661] firmadyne: ioctl: 0xc0207223
[   14.987102] firmadyne: ioctl: 0xc0587200
[   14.988303] firmadyne: sys_socket[PID: 106 (klogd)]: family:1, type:1, protocol:0
[   14.989541] firmadyne: sys_socket[PID: 106 (klogd)]: family:1, type:2, protocol:0
[   14.991987] firmadyne: ioctl: 0xc0207223
[   14.993055] firmadyne: ioctl: 0xc0207223
[   14.994105] firmadyne: ioctl: 0xc0207223
[   14.995148] firmadyne: ioctl: 0xc0207223
[   15.000390] firmadyne: sys_socket[PID: 106 (klogd)]: family:1, type:1, protocol:0
[   15.001618] firmadyne: sys_socket[PID: 106 (klogd)]: family:1, type:2, protocol:0
[   15.004508] firmadyne: ioctl: 0xc0207223
[   15.005579] firmadyne: ioctl: 0xc0207223
[   15.006615] firmadyne: ioctl: 0xc0207223
[   15.007856] firmadyne: ioctl: 0xc0207223
[   15.011333] firmadyne: sys_socket[PID: 106 (klogd)]: family:1, type:1, protocol:0
[   15.012804] firmadyne: sys_socket[PID: 106 (klogd)]: family:1, type:2, protocol:0
[   15.015205] firmadyne: sys_socket[PID: 106 (klogd)]: family:1, type:1, protocol:0
[   15.017667] firmadyne: ioctl: 0xc0207223
[   15.019113] firmadyne: ioctl: 0xc0207223
[   15.020865] firmadyne: ioctl: 0xc0207223
[   15.022315] firmadyne: ioctl: 0xc0207223
[   15.024543] firmadyne: sys_socket[PID: 106 (klogd)]: family:1, type:2, protocol:0
[   15.026958] firmadyne: sys_socket[PID: 106 (klogd)]: family:1, type:1, protocol:0
[   15.028170] firmadyne: ioctl: 0xc0207223
[   15.029692] firmadyne: ioctl: 0xc0207223
[   15.031107] firmadyne: ioctl: 0xc0207223
[   15.032789] firmadyne: sys_socket[PID: 106 (klogd)]: family:1, type:2, protocol:0
[   15.035199] firmadyne: sys_socket[PID: 106 (klogd)]: family:1, type:1, protocol:0
[   15.037371] firmadyne: ioctl: 0xc0207223
[   15.038834] firmadyne: ioctl: 0xc0207223
[   15.040843] firmadyne: sys_socket[PID: 106 (klogd)]: family:1, type:2, protocol:0
[   15.044604] firmadyne: ioctl: 0xc0207223
[   15.046068] firmadyne: ioctl: 0xc0207223
[   15.047511] firmadyne: ioctl: 0xc0207223
[   15.058675] firmadyne: ioctl: 0xc0207223
[   15.060316] firmadyne: ioctl: 0xc0207223
[   15.061780] firmadyne: ioctl: 0xc0207223
[   15.063231] firmadyne: ioctl: 0xc0207223
[   15.064215] firmadyne: sys_socket[PID: 106 (klogd)]: family:1, type:1, protocol:0
[   15.065482] firmadyne: sys_socket[PID: 106 (klogd)]: family:1, type:2, protocol:0
[   15.068931] firmadyne: ioctl: 0xc0207223
[   15.070397] firmadyne: ioctl: 0xc0207223
[   15.072435] firmadyne: sys_socket[PID: 106 (klogd)]: family:1, type:1, protocol:0
[   15.073702] firmadyne: sys_socket[PID: 106 (klogd)]: family:1, type:2, protocol:0
[   15.076029] firmadyne: ioctl: 0xc0207223
[   15.077540] firmadyne: ioctl: 0xc0207223
[   15.079001] firmadyne: ioctl: 0xc0207223
[   15.080512] firmadyne: sys_socket[PID: 106 (klogd)]: family:1, type:1, protocol:0
[   15.081757] firmadyne: sys_socket[PID: 106 (klogd)]: family:1, type:2, protocol:0
[   15.084787] firmadyne: ioctl: 0xc0207223
[   15.086244] firmadyne: ioctl: 0xc0207223
[   15.088548] firmadyne: sys_socket[PID: 106 (klogd)]: family:1, type:1, protocol:0
[   15.089797] firmadyne: sys_socket[PID: 106 (klogd)]: family:1, type:2, protocol:0
[   15.091937] firmadyne: ioctl: 0xc0207223
[   15.093426] firmadyne: ioctl: 0xc0207223
[   15.094894] firmadyne: ioctl: 0xc0207223
[   15.096428] firmadyne: sys_socket[PID: 106 (klogd)]: family:1, type:1, protocol:0
[   15.097666] firmadyne: sys_socket[PID: 106 (klogd)]: family:1, type:2, protocol:0
[   15.100652] firmadyne: ioctl: 0xc0207223
[   15.102103] firmadyne: ioctl: 0xc0207223
[   15.103561] firmadyne: ioctl: 0xc0207223
[   15.104748] firmadyne: sys_socket[PID: 106 (klogd)]: family:1, type:1, protocol:0
[   15.106016] firmadyne: sys_socket[PID: 106 (klogd)]: family:1, type:2, protocol:0
[   15.108958] firmadyne: ioctl: 0xc0207223
[   15.110411] firmadyne: ioctl: 0xc0207223
[   15.112879] firmadyne: sys_socket[PID: 106 (klogd)]: family:1, type:1, protocol:0
[   15.114131] firmadyne: sys_socket[PID: 106 (klogd)]: family:1, type:2, protocol:0
[   15.116110] firmadyne: ioctl: 0xc0207223
[   15.117640] firmadyne: ioctl: 0xc0207223
[   15.119082] firmadyne: ioctl: 0xc0207223
[   15.120864] firmadyne: sys_socket[PID: 106 (klogd)]: family:1, type:1, protocol:0
[   15.122092] firmadyne: sys_socket[PID: 106 (klogd)]: family:1, type:2, protocol:0
[   15.124842] firmadyne: ioctl: 0xc0207223
[   15.126300] firmadyne: ioctl: 0xc0207223
[   15.128851] firmadyne: sys_socket[PID: 106 (klogd)]: family:1, type:1, protocol:0
[   15.130087] firmadyne: sys_socket[PID: 106 (klogd)]: family:1, type:2, protocol:0
[   15.132022] firmadyne: ioctl: 0xc0207223
[   15.133513] firmadyne: ioctl: 0xc0207223
[   15.134957] firmadyne: ioctl: 0xc0207223
[   15.136731] firmadyne: sys_socket[PID: 106 (klogd)]: family:1, type:1, protocol:0
[   15.137976] firmadyne: sys_socket[PID: 106 (klogd)]: family:1, type:2, protocol:0
[   15.141115] firmadyne: ioctl: 0xc0207223
[   15.142588] firmadyne: ioctl: 0xc0207223
[   15.144804] firmadyne: sys_socket[PID: 106 (klogd)]: family:1, type:1, protocol:0
[   15.146050] firmadyne: sys_socket[PID: 106 (klogd)]: family:1, type:2, protocol:0
[   15.148357] firmadyne: ioctl: 0xc0207223
[   15.149830] firmadyne: ioctl: 0xc0207223
[   15.151288] firmadyne: ioctl: 0xc0207223
[   15.152873] firmadyne: sys_socket[PID: 106 (klogd)]: family:1, type:1, protocol:0
[   15.154120] firmadyne: sys_socket[PID: 106 (klogd)]: family:1, type:2, protocol:0
[   15.156968] firmadyne: ioctl: 0xc0207223
[   15.158449] firmadyne: ioctl: 0xc0207223
[   15.161026] firmadyne: sys_socket[PID: 106 (klogd)]: family:1, type:1, protocol:0
[   15.162282] firmadyne: sys_socket[PID: 106 (klogd)]: family:1, type:2, protocol:0
[   15.164116] firmadyne: ioctl: 0xc0207223
[   15.165635] firmadyne: ioctl: 0xc0207223
[   15.167087] firmadyne: ioctl: 0xc0207223
[   15.169029] firmadyne: sys_socket[PID: 106 (klogd)]: family:1, type:1, protocol:0
[   15.170258] firmadyne: sys_socket[PID: 106 (klogd)]: family:1, type:2, protocol:0
[   15.172928] firmadyne: ioctl: 0xc0207223
[   15.174375] firmadyne: ioctl: 0xc0207223
[   15.177166] firmadyne: sys_socket[PID: 106 (klogd)]: family:1, type:1, protocol:0
[   15.178425] firmadyne: sys_socket[PID: 106 (klogd)]: family:1, type:2, protocol:0
[   15.180022] firmadyne: ioctl: 0xc0207223
[   15.181516] firmadyne: ioctl: 0xc0207223
[   15.182960] firmadyne: ioctl: 0xc0207223
[   15.185124] firmadyne: sys_socket[PID: 106 (klogd)]: family:1, type:1, protocol:0
[   15.186374] firmadyne: sys_socket[PID: 106 (klogd)]: family:1, type:2, protocol:0
[   15.197137] firmadyne: ioctl: 0xc0207223
[   15.198580] firmadyne: ioctl: 0xc0207223
[   15.202689] firmadyne: sys_socket[PID: 106 (klogd)]: family:1, type:1, protocol:0
[   15.204534] firmadyne: ioctl: 0xc0207223
[   15.206026] firmadyne: ioctl: 0xc0207223
[   15.207460] firmadyne: ioctl: 0xc0207223
[   15.212103] firmadyne: sys_socket[PID: 106 (klogd)]: family:1, type:2, protocol:0
[   15.214596] firmadyne: sys_socket[PID: 106 (klogd)]: family:1, type:1, protocol:0
[   15.221121] firmadyne: ioctl: 0xc0207223
[   15.222601] firmadyne: ioctl: 0xc0207223
[   15.224002] firmadyne: sys_socket[PID: 106 (klogd)]: family:1, type:2, protocol:0
[   15.226539] firmadyne: sys_socket[PID: 106 (klogd)]: family:1, type:1, protocol:0
[   15.230354] firmadyne: ioctl: 0xc0207223
[   15.232029] firmadyne: ioctl: 0xc0207223
[   15.233493] firmadyne: ioctl: 0xc0207223
[   15.234926] firmadyne: ioctl: 0xc0207223
[   15.239824] firmadyne: sys_socket[PID: 106 (klogd)]: family:1, type:2, protocol:0
[   15.242352] firmadyne: sys_socket[PID: 106 (klogd)]: family:1, type:1, protocol:0
[   15.243563] firmadyne: sys_socket[PID: 106 (klogd)]: family:1, type:2, protocol:0
[   15.248754] firmadyne: ioctl: 0xc0207223
[   15.250229] firmadyne: ioctl: 0xc0207223
[   15.257677] firmadyne: sys_socket[PID: 106 (klogd)]: family:1, type:1, protocol:0
[   15.258870] firmadyne: sys_socket[PID: 106 (klogd)]: family:1, type:2, protocol:0
[   15.260163] firmadyne: ioctl: 0xc0207223
[   15.261723] firmadyne: ioctl: 0xc0207223
[   15.263182] firmadyne: ioctl: 0xc0207223
[   15.269590] firmadyne: sys_socket[PID: 106 (klogd)]: family:1, type:1, protocol:0
[   15.270788] firmadyne: sys_socket[PID: 106 (klogd)]: family:1, type:2, protocol:0
[   15.273059] firmadyne: ioctl: 0xc0207223
[   15.274516] firmadyne: ioctl: 0xc0207223
[   15.281505] firmadyne: sys_socket[PID: 106 (klogd)]: family:1, type:1, protocol:0
[   15.282745] firmadyne: sys_socket[PID: 106 (klogd)]: family:1, type:2, protocol:0
[   15.284150] firmadyne: ioctl: 0xc0207223
[   15.285662] firmadyne: ioctl: 0xc0207223
[   15.287111] firmadyne: ioctl: 0xc0207223
[   15.293443] firmadyne: sys_socket[PID: 106 (klogd)]: family:1, type:1, protocol:0
[   15.294657] firmadyne: sys_socket[PID: 106 (klogd)]: family:1, type:2, protocol:0
[   15.297083] firmadyne: ioctl: 0xc0207223
[   15.298535] firmadyne: ioctl: 0xc0207223
[   15.305361] firmadyne: sys_socket[PID: 106 (klogd)]: family:1, type:1, protocol:0
[   15.306579] firmadyne: sys_socket[PID: 106 (klogd)]: family:1, type:2, protocol:0
[   15.308417] firmadyne: ioctl: 0xc0207223
[   15.309892] firmadyne: ioctl: 0xc0207223
[   15.311325] firmadyne: ioctl: 0xc0207223
[   15.317275] firmadyne: sys_socket[PID: 106 (klogd)]: family:1, type:1, protocol:0
[   15.318490] firmadyne: sys_socket[PID: 106 (klogd)]: family:1, type:2, protocol:0
[   15.321049] firmadyne: ioctl: 0xc0207223
[   15.322509] firmadyne: ioctl: 0xc0207223
[   15.329147] firmadyne: sys_socket[PID: 106 (klogd)]: family:1, type:1, protocol:0
[   15.330369] firmadyne: sys_socket[PID: 106 (klogd)]: family:1, type:2, protocol:0
[   15.332216] firmadyne: ioctl: 0xc0207223
[   15.333734] firmadyne: ioctl: 0xc0207223
[   15.335168] firmadyne: ioctl: 0xc0207223
[   15.340939] firmadyne: sys_socket[PID: 106 (klogd)]: family:1, type:1, protocol:0
[   15.342183] firmadyne: sys_socket[PID: 106 (klogd)]: family:1, type:2, protocol:0
[   15.345088] firmadyne: ioctl: 0xc0207223
[   15.346553] firmadyne: ioctl: 0xc0207223
[   15.358359] firmadyne: sys_socket[PID: 106 (klogd)]: family:1, type:1, protocol:0
[   15.359622] firmadyne: sys_socket[PID: 106 (klogd)]: family:1, type:2, protocol:0
[   15.361197] firmadyne: ioctl: 0xc0207223
[   15.362693] firmadyne: ioctl: 0xc0207223
Warning: Bad CRC, using default environment
[   15.369668] firmadyne: sys_socket[PID: 106 (klogd)]: family:1, type:1, protocol:0
[   15.370875] firmadyne: sys_socket[PID: 106 (klogd)]: family:1, type:2, protocol:0
[   15.372646] firmadyne: ioctl: 0xc0207223
[   15.374089] firmadyne: ioctl: 0xc0207223
[   15.375506] firmadyne: ioctl: 0xc0207223
[   15.381955] firmadyne: sys_socket[PID: 106 (klogd)]: family:1, type:1, protocol:0
[   15.383182] firmadyne: sys_socket[PID: 106 (klogd)]: family:1, type:2, protocol:0
[   15.385356] firmadyne: ioctl: 0xc0207223
[   15.386832] firmadyne: ioctl: 0xc0207223
[   15.394000] firmadyne: sys_socket[PID: 106 (klogd)]: family:1, type:1, protocol:0
[   15.395244] firmadyne: sys_socket[PID: 106 (klogd)]: family:1, type:2, protocol:0
[   15.404652] firmadyne: ioctl: 0xc0207223
[   15.406103] firmadyne: ioctl: 0xc0207223
[   15.407559] firmadyne: ioctl: 0xc0207223
[   15.410964] firmadyne: sys_socket[PID: 106 (klogd)]: family:1, type:1, protocol:0
[   15.421116] firmadyne: ioctl: 0xc0207223
[   15.422607] firmadyne: ioctl: 0xc0207223
[   15.424380] firmadyne: sys_socket[PID: 106 (klogd)]: family:1, type:2, protocol:0
[   15.426854] firmadyne: sys_socket[PID: 106 (klogd)]: family:1, type:1, protocol:0
[   15.432886] firmadyne: ioctl: 0xc0207223
[   15.434402] firmadyne: ioctl: 0xc0207223
[   15.438982] firmadyne: sys_socket[PID: 106 (klogd)]: family:1, type:2, protocol:0
[   15.441644] firmadyne: sys_socket[PID: 106 (klogd)]: family:1, type:1, protocol:0
[   15.442845] firmadyne: sys_socket[PID: 106 (klogd)]: family:1, type:2, protocol:0
[   15.453177] firmadyne: ioctl: 0xc0207223
[   15.454766] firmadyne: ioctl: 0xc0207223
[   15.461572] firmadyne: sys_socket[PID: 106 (klogd)]: family:1, type:1, protocol:0
[   15.462793] firmadyne: sys_socket[PID: 106 (klogd)]: family:1, type:2, protocol:0
[   15.464698] firmadyne: ioctl: 0xc0207223
[   15.466198] firmadyne: ioctl: 0xc0207223
[   15.477585] firmadyne: sys_socket[PID: 106 (klogd)]: family:1, type:1, protocol:0
[   15.478801] firmadyne: sys_socket[PID: 106 (klogd)]: family:1, type:2, protocol:0
[   15.483963] firmadyne: ioctl: 0xc0207223
[   15.485484] firmadyne: ioctl: 0xc0207223
[   15.487351] firmadyne: ioctl: 0xc0207223
[   15.493772] firmadyne: sys_socket[PID: 106 (klogd)]: family:1, type:1, protocol:0
[   15.495053] firmadyne: sys_socket[PID: 106 (klogd)]: family:1, type:2, protocol:0
[   15.501286] firmadyne: ioctl: 0xc0207223
[   15.502745] firmadyne: ioctl: 0xc0207223
[   15.514740] firmadyne: sys_socket[PID: 106 (klogd)]: family:1, type:1, protocol:0
[   15.516780] firmadyne: ioctl: 0xc0207223
[   15.518250] firmadyne: ioctl: 0xc0207223
[   15.524120] firmadyne: sys_socket[PID: 106 (klogd)]: family:1, type:2, protocol:0
[   15.526614] firmadyne: sys_socket[PID: 106 (klogd)]: family:1, type:1, protocol:0
[   15.528093] firmadyne: ioctl: 0xc0207223
[   15.529645] firmadyne: ioctl: 0xc0207223
[   15.531079] firmadyne: ioctl: 0xc0207223
[   15.540169] firmadyne: sys_socket[PID: 106 (klogd)]: family:1, type:2, protocol:0
[   15.542672] firmadyne: sys_socket[PID: 106 (klogd)]: family:1, type:1, protocol:0
[   15.545009] firmadyne: ioctl: 0xc0207223
[   15.546479] firmadyne: ioctl: 0xc0207223
[   15.556105] firmadyne: sys_socket[PID: 106 (klogd)]: family:1, type:2, protocol:0
[   15.558686] firmadyne: sys_socket[PID: 106 (klogd)]: family:1, type:1, protocol:0
[   15.560485] firmadyne: ioctl: 0xc0207223
[   15.562036] firmadyne: ioctl: 0xc0207223
[   15.563496] firmadyne: ioctl: 0xc0207223
[   15.572096] firmadyne: sys_socket[PID: 106 (klogd)]: family:1, type:2, protocol:0
[   15.574664] firmadyne: sys_socket[PID: 106 (klogd)]: family:1, type:1, protocol:0
[   15.581171] firmadyne: ioctl: 0xc0207223
[   15.582748] firmadyne: ioctl: 0xc0207223
[   15.588142] firmadyne: sys_socket[PID: 106 (klogd)]: family:1, type:2, protocol:0
[   15.590876] firmadyne: sys_socket[PID: 106 (klogd)]: family:1, type:1, protocol:0
[   15.596721] firmadyne: ioctl: 0xc0207223
[   15.598313] firmadyne: ioctl: 0xc0207223
[   15.605855] firmadyne: sys_socket[PID: 106 (klogd)]: family:1, type:2, protocol:0
[   15.611098] firmadyne: sys_socket[PID: 113 (oamd)]: family:16, type:3, protocol:2
[   15.612448] firmadyne: ioctl: 0xc0207223
[   15.614015] firmadyne: ioctl: 0xc0207223
[   15.615477] firmadyne: ioctl: 0xc0207223
[   15.620916] firmadyne: sys_socket[PID: 106 (klogd)]: family:1, type:1, protocol:0
[   15.622294] firmadyne: sys_socket[PID: 106 (klogd)]: family:1, type:2, protocol:0
[   15.629204] firmadyne: ioctl: 0xc0207223
[   15.630758] firmadyne: ioctl: 0xc0207223
[   15.637201] firmadyne: sys_socket[PID: 106 (klogd)]: family:1, type:1, protocol:0
[   15.638514] firmadyne: sys_socket[PID: 106 (klogd)]: family:1, type:2, protocol:0
[   15.644749] firmadyne: ioctl: 0xc0207223
[   15.646293] firmadyne: ioctl: 0xc0207223
[   15.653498] firmadyne: sys_socket[PID: 106 (klogd)]: family:1, type:1, protocol:0
[   15.654810] firmadyne: sys_socket[PID: 106 (klogd)]: family:1, type:2, protocol:0
[   15.656197] firmadyne: ioctl: 0xc0207223
[   15.657755] firmadyne: ioctl: 0xc0207223
[   15.659207] firmadyne: ioctl: 0xc0207223
[   15.665840] firmadyne: sys_socket[PID: 106 (klogd)]: family:1, type:1, protocol:0
[   15.667134] firmadyne: sys_socket[PID: 106 (klogd)]: family:1, type:2, protocol:0
[   15.669474] firmadyne: ioctl: 0xc0207223
[   15.670994] firmadyne: ioctl: 0xc0207223
[   15.677878] firmadyne: sys_socket[PID: 106 (klogd)]: family:1, type:1, protocol:0
[   15.679150] firmadyne: sys_socket[PID: 106 (klogd)]: family:1, type:2, protocol:0
[   15.681184] firmadyne: ioctl: 0xc0207223
[   15.682663] firmadyne: ioctl: 0xc0207223
[   15.689735] firmadyne: sys_socket[PID: 106 (klogd)]: family:1, type:1, protocol:0
[   15.691011] firmadyne: sys_socket[PID: 106 (klogd)]: family:1, type:2, protocol:0
[   15.692886] firmadyne: ioctl: 0xc0207223
[   15.694441] firmadyne: ioctl: 0xc0207223
[   15.701873] firmadyne: sys_socket[PID: 106 (klogd)]: family:1, type:1, protocol:0
[   15.703111] firmadyne: sys_socket[PID: 106 (klogd)]: family:1, type:2, protocol:0
[   15.704425] firmadyne: ioctl: 0xc0207223
[   15.705963] firmadyne: ioctl: 0xc0207223
[   15.707429] firmadyne: ioctl: 0xc0207223
[   15.713757] firmadyne: sys_socket[PID: 106 (klogd)]: family:1, type:1, protocol:0
[   15.714999] firmadyne: sys_socket[PID: 106 (klogd)]: family:1, type:2, protocol:0
[   15.717213] firmadyne: ioctl: 0xc0207223
[   15.718700] firmadyne: ioctl: 0xc0207223
nvram_init: Initializing NVRAM...
sem_get: Key: 4101e004[   15.725856] firmadyne: sys_socket[PID: 106 (klogd)]: family:1, type:1, protocol:0
[   15.727106] firmadyne: sys_socket[PID: 106 (klogd)]: family:1, type:2, protocol:0
[   15.728877] firmadyne: ioctl: 0xc0207223
[   15.730388] firmadyne: ioctl: 0xc0207223

[   15.738921] firmadyne: sys_socket[PID: 106 (klogd)]: family:1, type:1, protocol:0
[   15.740384] firmadyne: ioctl: 0xc0207223
[   15.741937] firmadyne: ioctl: 0xc0207223
[   15.743401] firmadyne: ioctl: 0xc0207223
sem_get: Key: 4111027a
[   15.748489] firmadyne: sys_socket[PID: 106 (klogd)]: family:1, type:2, protocol:0
[   15.751017] firmadyne: sys_socket[PID: 106 (klogd)]: family:1, type:1, protocol:0
[   15.753237] firmadyne: ioctl: 0xc0207223
[   15.754762] firmadyne: ioctl: 0xc0207223
nvram_set_default_builtin: Setting built-in default values!
nvram_set[   15.760841] firmadyne: sys_socket[PID: 106 (klogd)]: family:1, type:2, protocol:0
[   15.763490] firmadyne: sys_socket[PID: 106 (klogd)]: family:1, type:1, protocol:0
[   15.765375] firmadyne: ioctl: 0xc0207223
[   15.766855] firmadyne: ioctl: 0xc0207223
: console_loglevel = "7"
sem_get: Key: 4111027a
[   15.772871] firmadyne: ioctl: 0xc0207223
[   15.774432] firmadyne: ioctl: 0xc0207223
[   15.776778] firmadyne: sys_socket[PID: 106 (klogd)]: family:1, type:2, protocol:0
[   15.779354] firmadyne: sys_socket[PID: 106 (klogd)]: family:1, type:1, protocol:0
sem_get: Key: 4111027a
[   15.784096] firmadyne: ioctl: 0xc0207223
[   15.785676] firmadyne: ioctl: 0xc0207223
[   15.787124] firmadyne: ioctl: 0xc0207223
[   15.788482] firmadyne: sys_socket[PID: 106 (klogd)]: family:1, type:2, protocol:0
[   15.790978] firmadyne: sys_socket[PID: 106 (klogd)]: family:1, type:1, protocol:0
nvram_set: restore_defaults = "1"
[   15.797022] firmadyne: ioctl: 0xc0207223
[   15.798561] firmadyne: ioctl: 0xc0207223
[   15.800436] firmadyne: sys_socket[PID: 106 (klogd)]: family:1, type:2, protocol:0
[   15.802942] firmadyne: sys_socket[PID: 106 (klogd)]: family:1, type:1, protocol:0
sem_get: Key: 4111027a
sem_get: Key: 4111027a
[   15.809671] firmadyne: ioctl: 0xc0207223
[   15.811215] firmadyne: ioctl: 0xc0207223
[   15.812610] firmadyne: sys_socket[PID: 106 (klogd)]: family:1, type:2, protocol:0
[   15.815146] firmadyne: sys_socket[PID: 106 (klogd)]: family:1, type:1, protocol:0
nvram_set: sku_name = ""
[   15.821273] firmadyne: ioctl: 0xc0207223
[   15.822787] firmadyne: ioctl: 0xc0207223
[   15.824462] firmadyne: sys_socket[PID: 106 (klogd)]: family:1, type:2, protocol:0
[   15.826989] firmadyne: sys_socket[PID: 106 (klogd)]: family:1, type:1, protocol:0
sem_get: Key: 4111027a
sem_get: Key: 4111027a
[   15.832710] firmadyne: ioctl: 0xc0207223
[   15.834185] firmadyne: ioctl: 0xc0207223
[   15.836475] firmadyne: sys_socket[PID: 106 (klogd)]: family:1, type:2, protocol:0
[   15.839120] firmadyne: sys_socket[PID: 106 (klogd)]: family:1, type:1, protocol:0
nvram_set: wla_wlanstate = ""
[   15.844157] firmadyne: ioctl: 0xc0207223
[   15.845682] firmadyne: ioctl: 0xc0207223
[   15.847146] firmadyne: ioctl: 0xc0207223
[   15.848408] firmadyne: sys_socket[PID: 106 (klogd)]: family:1, type:2, protocol:0
[   15.850942] firmadyne: sys_socket[PID: 106 (klogd)]: family:1, type:1, protocol:0
sem_get: Key: 4111027a
sem_get: Key: 4111027a
[   15.856931] firmadyne: ioctl: 0xc0207223
[   15.858399] firmadyne: ioctl: 0xc0207223
[   15.860585] firmadyne: sys_socket[PID: 106 (klogd)]: family:1, type:2, protocol:0
[   15.863137] firmadyne: sys_socket[PID: 106 (klogd)]: family:1, type:1, protocol:0
nvram_set: lan_if = "br0"
[   15.868082] firmadyne: ioctl: 0xc0207223
[   15.869590] firmadyne: ioctl: 0xc0207223
[   15.871075] firmadyne: ioctl: 0xc0207223
[   15.872424] firmadyne: sys_socket[PID: 106 (klogd)]: family:1, type:2, protocol:0
sem_get: Key: 4111027a
sem_get: Key: 4111027a
[   15.880963] firmadyne: ioctl: 0xc0207223
[   15.882446] firmadyne: ioctl: 0xc0207223
nvram_set: [   15.896248] firmadyne: ioctl: 0xc0207223
[   15.897832] firmadyne: ioctl: 0xc0207223
[   15.899295] firmadyne: ioctl: 0xc0207223
lan_ipaddr = "192.168.0.50"
sem_get: Key: 4111027a
[   15.905275] firmadyne: ioctl: 0xc0207223
[   15.906810] firmadyne: ioctl: 0xc0207223
sem_get: Key: 4111027a
nvram_set: lan_bipaddr[   15.912804] firmadyne: ioctl: 0xc0207223
[   15.914292] firmadyne: ioctl: 0xc0207223
[   15.916278] firmadyne: sys_socket[PID: 106 (klogd)]: family:1, type:1, protocol:0
[   15.917617] firmadyne: sys_socket[PID: 106 (klogd)]: family:1, type:2, protocol:0
 = "192.168.0.255"
sem_get: Key: 4111027a
sem_get[   15.924282] firmadyne: ioctl: 0xc0207223
[   15.925825] firmadyne: ioctl: 0xc0207223
[   15.927265] firmadyne: ioctl: 0xc0207223
[   15.928649] firmadyne: sys_socket[PID: 106 (klogd)]: family:1, type:1, protocol:0
[   15.929991] firmadyne: sys_socket[PID: 106 (klogd)]: family:1, type:2, protocol:0
: Key: 4111027a
nvram_set: lan_netmask = "255.255.255.0[   15.937247] firmadyne: ioctl: 0xc0207223
[   15.938752] firmadyne: ioctl: 0xc0207223
[   15.940740] firmadyne: sys_socket[PID: 106 (klogd)]: family:1, type:1, protocol:0
[   15.942078] firmadyne: sys_socket[PID: 106 (klogd)]: family:1, type:2, protocol:0
"
sem_get: Key: 4111027a
sem_get: Key: 4111027a[   15.948676] firmadyne: ioctl: 0xc0207223
[   15.950156] firmadyne: ioctl: 0xc0207223
[   15.951787] firmadyne: ioctl: 0xc0207223
[   15.953315] firmadyne: sys_socket[PID: 106 (klogd)]: family:1, type:1, protocol:0
[   15.954636] firmadyne: sys_socket[PID: 106 (klogd)]: family:1, type:2, protocol:0

nvram_set: time_zone = "PST8PDT"
[   15.961298] firmadyne: ioctl: 0xc0207223
[   15.962817] firmadyne: ioctl: 0xc0207223
[   15.965405] firmadyne: sys_socket[PID: 106 (klogd)]: family:1, type:1, protocol:0
[   15.966636] firmadyne: sys_socket[PID: 106 (klogd)]: family:1, type:2, protocol:0
sem_get: Key: 4111027a
sem_get: Key: 4111027a
[   15.972931] firmadyne: ioctl: 0xc0207223
[   15.974406] firmadyne: ioctl: 0xc0207223
[   15.977571] firmadyne: sys_socket[PID: 106 (klogd)]: family:1, type:1, protocol:0
[   15.978865] firmadyne: sys_socket[PID: 106 (klogd)]: family:1, type:2, protocol:0
nvram_set: wan_hwaddr_def = "01:23:45:67:89:ab"
[   15.984054] firmadyne: ioctl: 0xc0207223
[   15.985613] firmadyne: ioctl: 0xc0207223
[   15.987113] firmadyne: ioctl: 0xc0207223
[   15.989669] firmadyne: sys_socket[PID: 106 (klogd)]: family:1, type:1, protocol:0
[   15.991675] firmadyne: sys_socket[PID: 106 (klogd)]: family:1, type:2, protocol:0
sem_get: Key: 4111027a
[   15.997680] firmadyne: ioctl: 0xc0207223
[   15.999212] firmadyne: ioctl: 0xc0207223
[   16.001938] firmadyne: sys_socket[PID: 106 (klogd)]: family:1, type:1, protocol:0
[   16.003221] firmadyne: sys_socket[PID: 106 (klogd)]: family:1, type:2, protocol:0
sem_get: Key: 4111027a
[   16.010213] firmadyne: ioctl: 0xc0207223
nvram_set: wan_ifname = "eth0"
sem_get: Key: 4111027a
[   16.018288] firmadyne: sys_socket[PID: 106 (klogd)]: family:1, type:1, protocol:0
[   16.019704] firmadyne: sys_socket[PID: 106 (klogd)]: family:1, type:2, protocol:0
[   16.020899] firmadyne: ioctl: 0xc0207223
[   16.022479] firmadyne: ioctl: 0xc0207223
sem_get: Key: 4111027a
[   16.028008] firmadyne: ioctl: 0xc0207223
[   16.029509] firmadyne: ioctl: 0xc0207223
[   16.030953] firmadyne: ioctl: 0xc0207223
[   16.033815] firmadyne: sys_socket[PID: 106 (klogd)]: family:1, type:1, protocol:0
[   16.035111] firmadyne: sys_socket[PID: 106 (klogd)]: family:1, type:2, protocol:0
nvram_set: lan_ifnames = "eth1 eth2 eth3 eth4"
sem_get[   16.040795] firmadyne: ioctl: 0xc0207223
[   16.042274] firmadyne: ioctl: 0xc0207223
[   16.045820] firmadyne: sys_socket[PID: 106 (klogd)]: family:1, type:1, protocol:0
[   16.047028] firmadyne: sys_socket[PID: 106 (klogd)]: family:1, type:2, protocol:0
: Key: 4111027a
sem_get: Key: 4111027a
[   16.052041] firmadyne: ioctl: 0xc0207223
[   16.053653] firmadyne: ioctl: 0xc0207223
[   16.055112] firmadyne: ioctl: 0xc0207223
[   16.057703] firmadyne: sys_socket[PID: 106 (klogd)]: family:1, type:1, protocol:0
[   16.058927] firmadyne: sys_socket[PID: 106 (klogd)]: family:1, type:2, protocol:0
nvram_set: ethConver = "1"
[   16.064947] firmadyne: ioctl: 0xc0207223
[   16.066450] firmadyne: ioctl: 0xc0207223
[   16.070037] firmadyne: sys_socket[PID: 106 (klogd)]: family:1, type:1, protocol:0
[   16.071299] firmadyne: sys_socket[PID: 106 (klogd)]: family:1, type:2, protocol:0
sem_get: Key: 4111027a
sem_get: Key: 4111027a[   16.076365] firmadyne: ioctl: 0xc0207223
[   16.077946] firmadyne: ioctl: 0xc0207223
[   16.079417] firmadyne: ioctl: 0xc0207223
[   16.082070] firmadyne: sys_socket[PID: 106 (klogd)]: family:1, type:1, protocol:0
[   16.083297] firmadyne: sys_socket[PID: 106 (klogd)]: family:1, type:2, protocol:0

nvram_set: lan_proto = "dhcp[   16.089218] firmadyne: ioctl: 0xc0207223
[   16.090721] firmadyne: ioctl: 0xc0207223
[   16.093768] firmadyne: sys_socket[PID: 106 (klogd)]: family:1, type:1, protocol:0
[   16.095027] firmadyne: sys_socket[PID: 106 (klogd)]: family:1, type:2, protocol:0
"
sem_get: Key: 4111027a
sem_get: Key: [   16.100647] firmadyne: ioctl: 0xc0207223
[   16.102169] firmadyne: ioctl: 0xc0207223
[   16.105799] firmadyne: sys_socket[PID: 106 (klogd)]: family:1, type:1, protocol:0
[   16.107056] firmadyne: sys_socket[PID: 106 (klogd)]: family:1, type:2, protocol:0
4111027a
nvram_set: wan_ipaddr = "[   16.112122] firmadyne: ioctl: 0xc0207223
[   16.113745] firmadyne: ioctl: 0xc0207223
[   16.115232] firmadyne: ioctl: 0xc0207223
[   16.117782] firmadyne: sys_socket[PID: 106 (klogd)]: family:1, type:1, protocol:0
[   16.118996] firmadyne: sys_socket[PID: 106 (klogd)]: family:1, type:2, protocol:0
0.0.0.0"
sem_get: Key: 4111027a
sem_get: Key: [   16.125368] firmadyne: ioctl: 0xc0207223
[   16.126885] firmadyne: ioctl: 0xc0207223
[   16.129760] firmadyne: sys_socket[PID: 106 (klogd)]: family:1, type:1, protocol:0
[   16.131045] firmadyne: sys_socket[PID: 106 (klogd)]: family:1, type:2, protocol:0
4111027a
nvram_set: wan_netmask = "[   16.136688] firmadyne: ioctl: 0xc0207223
[   16.138169] firmadyne: ioctl: 0xc0207223
255.255.255.0"
sem_get: Key: 4111027a
sem_get: Key: [   16.146056] firmadyne: sys_socket[PID: 106 (klogd)]: family:1, type:1, protocol:0
[   16.147268] firmadyne: sys_socket[PID: 106 (klogd)]: family:1, type:2, protocol:0
[   16.148395] firmadyne: ioctl: 0xc0207223
[   16.149917] firmadyne: ioctl: 0xc0207223
[   16.151358] firmadyne: ioctl: 0xc0207223
4111027a
nvram_set: wanif = "eth0[   16.157931] firmadyne: sys_socket[PID: 106 (klogd)]: family:1, type:1, protocol:0
[   16.159204] firmadyne: sys_socket[PID: 106 (klogd)]: family:1, type:2, protocol:0
[   16.161515] firmadyne: ioctl: 0xc0207223
[   16.163028] firmadyne: ioctl: 0xc0207223
"
sem_get: Key: 4111027a
sem_get: Key: 4111027a[   16.169898] firmadyne: sys_socket[PID: 106 (klogd)]: family:1, type:1, protocol:0
[   16.171126] firmadyne: sys_socket[PID: 106 (klogd)]: family:1, type:2, protocol:0
[   16.173168] firmadyne: ioctl: 0xc0207223
[   16.174658] firmadyne: ioctl: 0xc0207223

nvram_set: time_zone_x = "0"
[   16.182428] firmadyne: sys_socket[PID: 106 (klogd)]: family:1, type:1, protocol:0
[   16.184499] firmadyne: ioctl: 0xc0207223
[   16.185987] firmadyne: ioctl: 0xc0207223
[   16.187442] firmadyne: ioctl: 0xc0207223
[   16.188635] firmadyne: sys_socket[PID: 106 (klogd)]: family:1, type:2, protocol:0
[   16.191208] firmadyne: sys_socket[PID: 106 (klogd)]: family:1, type:1, protocol:0
sem_get: Key: 4111027a
sem_get: Key: 4111027a[   16.197272] firmadyne: ioctl: 0xc0207223
[   16.198753] firmadyne: ioctl: 0xc0207223
[   16.200398] firmadyne: sys_socket[PID: 106 (klogd)]: family:1, type:2, protocol:0
[   16.202918] firmadyne: sys_socket[PID: 106 (klogd)]: family:1, type:1, protocol:0

nvram_set: rip_multicast = "0"
[   16.209968] firmadyne: ioctl: 0xc0207223
[   16.211500] firmadyne: ioctl: 0xc0207223
[   16.212815] firmadyne: sys_socket[PID: 106 (klogd)]: family:1, type:2, protocol:0
[   16.215277] firmadyne: sys_socket[PID: 106 (klogd)]: family:1, type:1, protocol:0
[   16.217536] firmadyne: ioctl: 0xc0207223
[   16.219061] firmadyne: ioctl: 0xc0207223
sem_get: Key: 4111027a
sem_get: Key: 4111027a
[   16.225123] firmadyne: ioctl: 0xc0207223
[   16.226619] firmadyne: ioctl: 0xc0207223
[   16.228400] firmadyne: sys_socket[PID: 106 (klogd)]: family:1, type:2, protocol:0
[   16.230869] firmadyne: sys_socket[PID: 106 (klogd)]: family:1, type:1, protocol:0
nvram_set: bs_trustedip_enable = "0"
[   16.236463] firmadyne: ioctl: 0xc0207223
[   16.237984] firmadyne: ioctl: 0xc0207223
[   16.239491] firmadyne: ioctl: 0xc0207223
[   16.240780] firmadyne: sys_socket[PID: 106 (klogd)]: family:1, type:2, protocol:0
[   16.243314] firmadyne: sys_socket[PID: 106 (klogd)]: family:1, type:1, protocol:0
sem_get: Key: 4111027a
sem_get: Key: 4111027a[   16.249127] firmadyne: ioctl: 0xc0207223
[   16.250615] firmadyne: ioctl: 0xc0207223

nvram_set: et0macaddr = "01:23:45:67:89:ab"
[   16.256733] firmadyne: sys_socket[PID: 106 (klogd)]: family:1, type:2, protocol:0
[   16.259324] firmadyne: sys_socket[PID: 106 (klogd)]: family:1, type:1, protocol:0
[   16.260991] firmadyne: ioctl: 0xc0207223
[   16.262540] firmadyne: ioctl: 0xc0207223
[   16.264370] firmadyne: sys_socket[PID: 106 (klogd)]: family:1, type:2, protocol:0
[   16.266860] firmadyne: sys_socket[PID: 106 (klogd)]: family:1, type:1, protocol:0
sem_get: Key: 4111027a
sem_get: Key: 4111027a[   16.272460] firmadyne: ioctl: 0xc0207223
[   16.273992] firmadyne: ioctl: 0xc0207223
[   16.275481] firmadyne: ioctl: 0xc0207223

nvram_set: filter_rule_tbl = ""
[   16.280610] firmadyne: sys_socket[PID: 106 (klogd)]: family:1, type:2, protocol:0
[   16.283051] firmadyne: sys_socket[PID: 106 (klogd)]: family:1, type:1, protocol:0
[   16.285220] firmadyne: ioctl: 0xc0207223
[   16.286682] firmadyne: ioctl: 0xc0207223
sem_get: Key: 4111027a
sem_get: Key: 4111027a
[   16.292424] firmadyne: sys_socket[PID: 106 (klogd)]: family:1, type:2, protocol:0
[   16.294931] firmadyne: sys_socket[PID: 106 (klogd)]: family:1, type:1, protocol:0
[   16.296627] firmadyne: ioctl: 0xc0207223
[   16.298111] firmadyne: ioctl: 0xc0207223
[   16.299555] firmadyne: ioctl: 0xc0207223
nvram_set: pppoe2_schedule_config = "127:0:0:23:59"
[   16.304449] firmadyne: sys_socket[PID: 106 (klogd)]: family:1, type:2, protocol:0
[   16.306979] firmadyne: sys_socket[PID: 106 (klogd)]: family:1, type:1, protocol:0
[   16.309173] firmadyne: ioctl: 0xc0207223
[   16.310664] firmadyne: ioctl: 0xc0207223
sem_get: Key: 4111027a
sem_get: Key: 4111027a
[   16.316377] firmadyne: sys_socket[PID: 106 (klogd)]: family:1, type:2, protocol:0
[   16.318833] firmadyne: sys_socket[PID: 106 (klogd)]: family:1, type:1, protocol:0
[   16.320543] firmadyne: ioctl: 0xc0207223
[   16.322019] firmadyne: ioctl: 0xc0207223
[   16.323494] firmadyne: ioctl: 0xc0207223
nvram_set: schedule_config = "127:0:0:23:59"
[   16.328320] firmadyne: sys_socket[PID: 106 (klogd)]: family:1, type:2, protocol:0
[   16.330814] firmadyne: sys_socket[PID: 106 (klogd)]: family:1, type:1, protocol:0
[   16.333076] firmadyne: ioctl: 0xc0207223
[   16.334540] firmadyne: ioctl: 0xc0207223
sem_get: Key: 4111027a
sem_get: Key: 4111027a
[   16.340452] firmadyne: sys_socket[PID: 106 (klogd)]: family:1, type:2, protocol:0
[   16.342974] firmadyne: sys_socket[PID: 106 (klogd)]: family:1, type:1, protocol:0
[   16.344497] firmadyne: ioctl: 0xc0207223
[   16.345973] firmadyne: ioctl: 0xc0207223
[   16.347425] firmadyne: ioctl: 0xc0207223
nvram_set: access_control_mode = "0"
[   16.352835] firmadyne: sys_socket[PID: 106 (klogd)]: family:1, type:2, protocol:0
[   16.355418] firmadyne: sys_socket[PID: 106 (klogd)]: family:1, type:1, protocol:0
[   16.357702] firmadyne: ioctl: 0xc0207223
[   16.359188] firmadyne: ioctl: 0xc0207223
sem_get: Key: 4111027a
sem_get: Key: 4111027a
[   16.364682] firmadyne: sys_socket[PID: 106 (klogd)]: family:1, type:2, protocol:0
[   16.367332] firmadyne: sys_socket[PID: 106 (klogd)]: family:1, type:1, protocol:0
[   16.369661] firmadyne: ioctl: 0xc0207223
[   16.371190] firmadyne: ioctl: 0xc0207223
nvram_set: fwpt_df_count = "0"
[   16.376541] firmadyne: sys_socket[PID: 106 (klogd)]: family:1, type:2, protocol:0
[   16.379111] firmadyne: sys_socket[PID: 106 (klogd)]: family:1, type:1, protocol:0
[   16.381341] firmadyne: ioctl: 0xc0207223
[   16.382812] firmadyne: ioctl: 0xc0207223
sem_get: Key: 4111027a
sem_get: Key: 4111027a
[   16.388502] firmadyne: sys_socket[PID: 106 (klogd)]: family:1, type:2, protocol:0
[   16.391045] firmadyne: sys_socket[PID: 106 (klogd)]: family:1, type:1, protocol:0
[   16.392859] firmadyne: ioctl: 0xc0207223
[   16.394334] firmadyne: ioctl: 0xc0207223
nvram_set: static_if_status = "1"
[   16.400401] firmadyne: sys_socket[PID: 106 (klogd)]: family:1, type:2, protocol:0
[   16.402998] firmadyne: sys_socket[PID: 106 (klogd)]: family:1, type:1, protocol:0
[   16.404313] firmadyne: ioctl: 0xc0207223
[   16.405850] firmadyne: ioctl: 0xc0207223
[   16.407327] firmadyne: ioctl: 0xc0207223
sem_get: Key: 4111027a
sem_get[   16.412526] firmadyne: sys_socket[PID: 106 (klogd)]: family:1, type:2, protocol:0
[   16.415033] firmadyne: sys_socket[PID: 106 (klogd)]: family:1, type:1, protocol:0
[   16.417187] firmadyne: ioctl: 0xc0207223
[   16.418667] firmadyne: ioctl: 0xc0207223
: Key: 4111027a
nvram_set: www_relocation = "[   16.424479] firmadyne: ioctl: 0xc0207223
[   16.425961] firmadyne: ioctl: 0xc0207223
[   16.427413] firmadyne: ioctl: 0xc0207223
[   16.428704] firmadyne: sys_socket[PID: 106 (klogd)]: family:1, type:2, protocol:0
[   16.431151] firmadyne: sys_socket[PID: 106 (klogd)]: family:1, type:1, protocol:0
"
sem_get: Key: 4111027a
sem_get: Key: 4111027a[   16.436601] firmadyne: sys_socket[PID: 106 (klogd)]: family:1, type:2, protocol:0
[   16.439083] firmadyne: sys_socket[PID: 106 (klogd)]: family:1, type:1, protocol:0
[   16.441265] firmadyne: ioctl: 0xc0207223
[   16.442730] firmadyne: ioctl: 0xc0207223

nvram_set: usb_info_dev0 = "A200396E0402FF83@1@14.4G@U@1@USB_Storage;U:;0;0@[   16.448750] firmadyne: ioctl: 0xc0207223
[   16.450225] firmadyne: ioctl: 0xc0207223
[   16.452497] firmadyne: sys_socket[PID: 106 (klogd)]: family:1, type:2, protocol:0
[   16.454935] firmadyne: sys_socket[PID: 106 (klogd)]: family:1, type:1, protocol:0
"
sem_get: Key: 4111027a
sem_get: Key: [   16.459934] firmadyne: ioctl: 0xc0207223
[   16.461499] firmadyne: ioctl: 0xc0207223
[   16.462991] firmadyne: ioctl: 0xc0207223
[   16.464428] firmadyne: sys_socket[PID: 106 (klogd)]: family:1, type:2, protocol:0
[   16.467097] firmadyne: sys_socket[PID: 106 (klogd)]: family:1, type:1, protocol:0
4111027a
nvram_set: usb_info_dev1[   16.473037] firmadyne: ioctl: 0xc0207223
[   16.474541] firmadyne: ioctl: 0xc0207223
[   16.476472] firmadyne: sys_socket[PID: 106 (klogd)]: family:1, type:2, protocol:0
[   16.479161] firmadyne: sys_socket[PID: 106 (klogd)]: family:1, type:1, protocol:0
 = "A200396E0402FF83@1@14.4G@U@1@USB_Storage;U:;0;0@"
sem_get: Key: 4111027a
[   16.484320] firmadyne: ioctl: 0xc0207223
[   16.485889] firmadyne: ioctl: 0xc0207223
[   16.487377] firmadyne: ioctl: 0xc0207223
sem_get: Key: 4111027a
[   16.492458] firmadyne: sys_socket[PID: 106 (klogd)]: family:1, type:2, protocol:0
[   16.495095] firmadyne: sys_socket[PID: 106 (klogd)]: family:1, type:1, protocol:0
nvram_set: usb_info_dev2 = "A200396E0402FF83@1@14.4G@U@1@USB_Storage;U:;0;0@"
sem_get: Key: 4111027a[   16.501145] firmadyne: ioctl: 0xc0207223
[   16.502619] firmadyne: ioctl: 0xc0207223
[   16.504473] firmadyne: sys_socket[PID: 106 (klogd)]: family:1, type:2, protocol:0
[   16.507100] firmadyne: sys_socket[PID: 106 (klogd)]: family:1, type:1, protocol:0

sem_get: Key: 4111027a
[   16.512473] firmadyne: ioctl: 0xc0207223
[   16.514007] firmadyne: ioctl: 0xc0207223
[   16.515535] firmadyne: ioctl: 0xc0207223
[   16.516871] firmadyne: sys_socket[PID: 106 (klogd)]: family:1, type:2, protocol:0
[   16.519469] firmadyne: sys_socket[PID: 106 (klogd)]: family:1, type:1, protocol:0
nvram_set: usb_info_dev3 = "A200396E0402FF83@1@14.4G@U@1@USB_Storage;U:;0;0@[   16.524983] firmadyne: ioctl: 0xc0207223
[   16.526460] firmadyne: ioctl: 0xc0207223
[   16.528740] firmadyne: sys_socket[PID: 106 (klogd)]: family:1, type:2, protocol:0
[   16.531353] firmadyne: sys_socket[PID: 106 (klogd)]: family:1, type:1, protocol:0
"
sem_get: Key: 4111027a
sem_get[   16.536365] firmadyne: ioctl: 0xc0207223
[   16.537965] firmadyne: ioctl: 0xc0207223
[   16.539476] firmadyne: ioctl: 0xc0207223
[   16.540859] firmadyne: sys_socket[PID: 106 (klogd)]: family:1, type:2, protocol:0
[   16.543539] firmadyne: sys_socket[PID: 106 (klogd)]: family:1, type:1, protocol:0
: Key: 4111027a
nvram_set[   16.549225] firmadyne: ioctl: 0xc0207223
[   16.550743] firmadyne: ioctl: 0xc0207223
: usb_info_dev4 = "A200396E0402FF83@1@14.4G@U@1@USB_Storage;U:;0;0@"
sem_get: Key: 4111027a
[   16.556585] firmadyne: sys_socket[PID: 106 (klogd)]: family:1, type:2, protocol:0
[   16.559133] firmadyne: sys_socket[PID: 106 (klogd)]: family:1, type:1, protocol:0
[   16.560967] firmadyne: ioctl: 0xc0207223
[   16.562473] firmadyne: ioctl: 0xc0207223
sem_get: Key: 4111027a
[   16.568470] firmadyne: sys_socket[PID: 106 (klogd)]: family:1, type:2, protocol:0
[   16.571031] firmadyne: sys_socket[PID: 106 (klogd)]: family:1, type:1, protocol:0
[   16.572310] firmadyne: ioctl: 0xc0207223
[   16.573902] firmadyne: ioctl: 0xc0207223
[   16.575405] firmadyne: ioctl: 0xc0207223
nvram_set: usb_info_dev5 = "A200396E0402FF83@1@14.4G@U@1@USB_Storage;U:;0;0@"
sem_get: Key: 4111027a
[   16.580682] firmadyne: sys_socket[PID: 106 (klogd)]: family:1, type:2, protocol:0
[   16.583274] firmadyne: sys_socket[PID: 106 (klogd)]: family:1, type:1, protocol:0
[   16.585546] firmadyne: ioctl: 0xc0207223
[   16.587075] firmadyne: ioctl: 0xc0207223
sem_get: Key: 4111027a
[   16.592420] firmadyne: sys_socket[PID: 106 (klogd)]: family:1, type:2, protocol:0
[   16.594936] firmadyne: sys_socket[PID: 106 (klogd)]: family:1, type:1, protocol:0
[   16.597066] firmadyne: ioctl: 0xc0207223
[   16.598543] firmadyne: ioctl: 0xc0207223
nvram_set: usb_info_dev6 = "A200396E0402FF83@1@14.4G@U@1@USB_Storage;U:;0;0@"
sem_get: Key: 4111027a[   16.604530] firmadyne: sys_socket[PID: 106 (klogd)]: family:1, type:2, protocol:0
[   16.607205] firmadyne: sys_socket[PID: 106 (klogd)]: family:1, type:1, protocol:0
[   16.609787] firmadyne: ioctl: 0xc0207223
[   16.611275] firmadyne: ioctl: 0xc0207223

sem_get: Key: 4111027a
[   16.617001] firmadyne: ioctl: 0xc0207223
[   16.618553] firmadyne: ioctl: 0xc0207223
[   16.620669] firmadyne: sys_socket[PID: 106 (klogd)]: family:1, type:2, protocol:0
[   16.623267] firmadyne: sys_socket[PID: 106 (klogd)]: family:1, type:1, protocol:0
nvram_set: usb_info_dev7 = "A200396E0402FF83@1@14.4G@U@1@USB_Storage;U:;0;0@"
sem_get[   16.628691] firmadyne: ioctl: 0xc0207223
[   16.630199] firmadyne: ioctl: 0xc0207223
[   16.632571] firmadyne: sys_socket[PID: 106 (klogd)]: family:1, type:2, protocol:0
[   16.635127] firmadyne: sys_socket[PID: 106 (klogd)]: family:1, type:1, protocol:0
: Key: 4111027a
sem_get: Key: 4111027a
[   16.639902] firmadyne: ioctl: 0xc0207223
[   16.641455] firmadyne: ioctl: 0xc0207223
[   16.642956] firmadyne: ioctl: 0xc0207223
[   16.644423] firmadyne: sys_socket[PID: 106 (klogd)]: family:1, type:2, protocol:0
[   16.646966] firmadyne: sys_socket[PID: 106 (klogd)]: family:1, type:1, protocol:0
nvram_set: usb_info_dev8 = "A200396E0402FF83@1@14.4G@U@1@USB_Storage;U:;0;0@"
[   16.653039] firmadyne: ioctl: 0xc0207223
[   16.654506] firmadyne: ioctl: 0xc0207223
[   16.656421] firmadyne: sys_socket[PID: 106 (klogd)]: family:1, type:2, protocol:0
[   16.659014] firmadyne: sys_socket[PID: 106 (klogd)]: family:1, type:1, protocol:0
sem_get: Key: 4111027a
sem_get: Key: 4111027a[   16.664479] firmadyne: ioctl: 0xc0207223
[   16.665980] firmadyne: ioctl: 0xc0207223
[   16.667432] firmadyne: ioctl: 0xc0207223
[   16.668744] firmadyne: sys_socket[PID: 106 (klogd)]: family:1, type:2, protocol:0
[   16.671268] firmadyne: sys_socket[PID: 106 (klogd)]: family:1, type:1, protocol:0

nvram_set: usb_info_dev9 = "[   16.676976] firmadyne: ioctl: 0xc0207223
[   16.678451] firmadyne: ioctl: 0xc0207223
[   16.680636] firmadyne: sys_socket[PID: 106 (klogd)]: family:1, type:2, protocol:0
[   16.683113] firmadyne: sys_socket[PID: 106 (klogd)]: family:1, type:1, protocol:0
A200396E0402FF83@1@14.4G@U@1@USB_Storage;U:;0;0@"
sem_get: Key: 4111027a
[   16.688015] firmadyne: ioctl: 0xc0207223
[   16.689526] firmadyne: ioctl: 0xc0207223
[   16.690975] firmadyne: ioctl: 0xc0207223
[   16.692374] firmadyne: sys_socket[PID: 106 (klogd)]: family:1, type:2, protocol:0
[   16.694842] firmadyne: sys_socket[PID: 106 (klogd)]: family:1, type:1, protocol:0
sem_get: Key: 4111027a
nvram_set: [   16.700818] firmadyne: ioctl: 0xc0207223
[   16.702328] firmadyne: ioctl: 0xc0207223
[   16.704475] firmadyne: sys_socket[PID: 106 (klogd)]: family:1, type:2, protocol:0
usb_info_dev10 = "A200396E0402FF83@1@14.4G@U@1@USB_Storage;U:;0;0@"
sem_get: Key: 4111027a
[   16.712119] firmadyne: ioctl: 0xc0207223
[   16.713632] firmadyne: ioctl: 0xc0207223
[   16.715082] firmadyne: ioctl: 0xc0207223
sem_get: Key: 4111027a
[   16.728836] firmadyne: ioctl: 0xc0207223
[   16.730334] firmadyne: ioctl: 0xc0207223
nvram_set: usb_info_dev11 = "A200396E0402FF83@1@14.4G@U@1@USB_Storage;U:;0;0@"
sem_get: Key: [   16.736169] firmadyne: ioctl: 0xc0207223
[   16.737736] firmadyne: ioctl: 0xc0207223
[   16.739207] firmadyne: ioctl: 0xc0207223
4111027a
sem_get: Key: 4111027a
[   16.744127] firmadyne: sys_socket[PID: 106 (klogd)]: family:1, type:1, protocol:0
[   16.745381] firmadyne: sys_socket[PID: 106 (klogd)]: family:1, type:2, protocol:0
[   16.748986] firmadyne: ioctl: 0xc0207223
[   16.750482] firmadyne: ioctl: 0xc0207223
nvram_set: usb_info_dev12 = "A200396E0402FF83@1@14.4G@U@1@USB_Storage;U:;0;0@"
[   16.756112] firmadyne: sys_socket[PID: 106 (klogd)]: family:1, type:1, protocol:0
[   16.757404] firmadyne: sys_socket[PID: 106 (klogd)]: family:1, type:2, protocol:0
sem_get: Key: 4111027a
sem_get: Key: 4111027a
[   16.764013] firmadyne: ioctl: 0xc0207223
[   16.765529] firmadyne: ioctl: 0xc0207223
[   16.766976] firmadyne: ioctl: 0xc0207223
[   16.768111] firmadyne: sys_socket[PID: 106 (klogd)]: family:1, type:1, protocol:0
[   16.769438] firmadyne: sys_socket[PID: 106 (klogd)]: family:1, type:2, protocol:0
nvram_set: usb_info_dev13 = "A200396E0402FF83@1@14.4G@U@1@USB_Storage;U:;0;0@"
[   16.776724] firmadyne: ioctl: 0xc0207223
[   16.778190] firmadyne: ioctl: 0xc0207223
[   16.780152] firmadyne: sys_socket[PID: 106 (klogd)]: family:1, type:1, protocol:0
[   16.781407] firmadyne: sys_socket[PID: 106 (klogd)]: family:1, type:2, protocol:0
sem_get: Key: 4111027a
sem_get: Key: 4111027a
[   16.787886] firmadyne: ioctl: 0xc0207223
[   16.789402] firmadyne: ioctl: 0xc0207223
[   16.790853] firmadyne: ioctl: 0xc0207223
[   16.792082] firmadyne: sys_socket[PID: 106 (klogd)]: family:1, type:1, protocol:0
[   16.793354] firmadyne: sys_socket[PID: 106 (klogd)]: family:1, type:2, protocol:0
nvram_set: usb_info_dev14 = "A200396E0402FF83@1@14.4G@U@1@USB_Storage;U:;0;0@"
[   16.800562] firmadyne: ioctl: 0xc0207223
[   16.802020] firmadyne: ioctl: 0xc0207223
[   16.803467] firmadyne: ioctl: 0xc0207223
[   16.804474] firmadyne: sys_socket[PID: 106 (klogd)]: family:1, type:1, protocol:0
[   16.805752] firmadyne: sys_socket[PID: 106 (klogd)]: family:1, type:2, protocol:0
sem_get: Key: 4111027a
sem_get: Key: [   16.813263] firmadyne: ioctl: 0xc0207223
[   16.814726] firmadyne: ioctl: 0xc0207223
[   16.816549] firmadyne: sys_socket[PID: 106 (klogd)]: family:1, type:1, protocol:0
[   16.817824] firmadyne: sys_socket[PID: 106 (klogd)]: family:1, type:2, protocol:0
4111027a
nvram_set: usb_info_dev15 = "[   16.824474] firmadyne: ioctl: 0xc0207223
[   16.825945] firmadyne: ioctl: 0xc0207223
[   16.827384] firmadyne: ioctl: 0xc0207223
[   16.828904] firmadyne: sys_socket[PID: 106 (klogd)]: family:1, type:1, protocol:0
[   16.830169] firmadyne: sys_socket[PID: 106 (klogd)]: family:1, type:2, protocol:0
A200396E0402FF83@1@14.4G@U@1@USB_Storage;U:;0;0@"
sem_get: Key: 4111027a
sem_get[   16.837534] firmadyne: ioctl: 0xc0207223
[   16.839009] firmadyne: ioctl: 0xc0207223
[   16.840771] firmadyne: sys_socket[PID: 106 (klogd)]: family:1, type:1, protocol:0
[   16.842062] firmadyne: sys_socket[PID: 106 (klogd)]: family:1, type:2, protocol:0
: Key: 4111027a
nvram_set: usb_info_dev16 = "[   16.848955] firmadyne: ioctl: 0xc0207223
[   16.850427] firmadyne: ioctl: 0xc0207223
[   16.852964] firmadyne: sys_socket[PID: 106 (klogd)]: family:1, type:1, protocol:0
[   16.854221] firmadyne: sys_socket[PID: 106 (klogd)]: family:1, type:2, protocol:0
A200396E0402FF83@1@14.4G@U@1@USB_Storage;U:;0;0@"
sem_get: Key: 4111027a
sem_get[   16.860162] firmadyne: ioctl: 0xc0207223
[   16.861673] firmadyne: ioctl: 0xc0207223
[   16.863124] firmadyne: ioctl: 0xc0207223
[   16.864863] firmadyne: sys_socket[PID: 106 (klogd)]: family:1, type:1, protocol:0
[   16.866118] firmadyne: sys_socket[PID: 106 (klogd)]: family:1, type:2, protocol:0
: Key: 4111027a
nvram_set: usb_info_dev17 = "[   16.872944] firmadyne: ioctl: 0xc0207223
[   16.874406] firmadyne: ioctl: 0xc0207223
[   16.877085] firmadyne: sys_socket[PID: 106 (klogd)]: family:1, type:1, protocol:0
[   16.878362] firmadyne: sys_socket[PID: 106 (klogd)]: family:1, type:2, protocol:0
A200396E0402FF83@1@14.4G@U@1@USB_Storage;U:;0;0@"
sem_get: Key: 4111027a
sem_get[   16.884192] firmadyne: ioctl: 0xc0207223
[   16.885709] firmadyne: ioctl: 0xc0207223
[   16.887183] firmadyne: ioctl: 0xc0207223
[   16.888974] firmadyne: sys_socket[PID: 106 (klogd)]: family:1, type:1, protocol:0
[   16.890214] firmadyne: sys_socket[PID: 106 (klogd)]: family:1, type:2, protocol:0
: Key: 4111027a
nvram_set: usb_info_dev18[   16.896958] firmadyne: ioctl: 0xc0207223
[   16.898417] firmadyne: ioctl: 0xc0207223
[   16.900971] firmadyne: sys_socket[PID: 106 (klogd)]: family:1, type:1, protocol:0
[   16.902230] firmadyne: sys_socket[PID: 106 (klogd)]: family:1, type:2, protocol:0
 = "A200396E0402FF83@1@14.4G@U@1@USB_Storage;U:;0;0@"
sem_get: Key: 4111027a
[   16.908020] firmadyne: ioctl: 0xc0207223
[   16.909536] firmadyne: ioctl: 0xc0207223
[   16.910994] firmadyne: ioctl: 0xc0207223
[   16.912823] firmadyne: sys_socket[PID: 106 (klogd)]: family:1, type:1, protocol:0
[   16.914071] firmadyne: sys_socket[PID: 106 (klogd)]: family:1, type:2, protocol:0
sem_get: Key: 4111027a
nvram_set: usb_info_dev19[   16.920983] firmadyne: ioctl: 0xc0207223
[   16.922450] firmadyne: ioctl: 0xc0207223
[   16.925061] firmadyne: sys_socket[PID: 106 (klogd)]: family:1, type:1, protocol:0
[   16.926318] firmadyne: sys_socket[PID: 106 (klogd)]: family:1, type:2, protocol:0
 = "A200396E0402FF83@1@14.4G@U@1@USB_Storage;U:;0;0@"
sem_get: Key: 4111027a
sem_get[   16.932367] firmadyne: ioctl: 0xc0207223
[   16.933869] firmadyne: ioctl: 0xc0207223
[   16.935299] firmadyne: ioctl: 0xc0207223
[   16.937181] firmadyne: sys_socket[PID: 106 (klogd)]: family:1, type:1, protocol:0
[   16.938425] firmadyne: sys_socket[PID: 106 (klogd)]: family:1, type:2, protocol:0
: Key: 4111027a
nvram_set: usb_info_dev20 = "[   16.945134] firmadyne: ioctl: 0xc0207223
[   16.946603] firmadyne: ioctl: 0xc0207223
[   16.949083] firmadyne: sys_socket[PID: 106 (klogd)]: family:1, type:1, protocol:0
[   16.950318] firmadyne: sys_socket[PID: 106 (klogd)]: family:1, type:2, protocol:0
A200396E0402FF83@1@14.4G@U@1@USB_Storage;U:;0;0@"
sem_get: Key: 4111027a
sem_get[   16.956461] firmadyne: ioctl: 0xc0207223
[   16.957923] firmadyne: ioctl: 0xc0207223
[   16.959371] firmadyne: ioctl: 0xc0207223
[   16.961261] firmadyne: sys_socket[PID: 106 (klogd)]: family:1, type:1, protocol:0
[   16.962494] firmadyne: sys_socket[PID: 106 (klogd)]: family:1, type:2, protocol:0
: Key: 4111027a
nvram_set: usb_info_dev21[   16.968939] firmadyne: ioctl: 0xc0207223
[   16.970403] firmadyne: ioctl: 0xc0207223
[   16.973338] firmadyne: sys_socket[PID: 106 (klogd)]: family:1, type:1, protocol:0
[   16.974568] firmadyne: sys_socket[PID: 106 (klogd)]: family:1, type:2, protocol:0
 = "A200396E0402FF83@1@14.4G@U@1@USB_Storage;U:;0;0@"
sem_get: Key: 4111027a
[   16.979995] firmadyne: ioctl: 0xc0207223
[   16.981498] firmadyne: ioctl: 0xc0207223
[   16.982962] firmadyne: ioctl: 0xc0207223
[   16.985299] firmadyne: sys_socket[PID: 106 (klogd)]: family:1, type:1, protocol:0
[   16.986538] firmadyne: sys_socket[PID: 106 (klogd)]: family:1, type:2, protocol:0
sem_get: Key: 4111027a
nvram_set: [   16.992716] firmadyne: ioctl: 0xc0207223
[   16.994194] firmadyne: ioctl: 0xc0207223
[   16.997203] firmadyne: sys_socket[PID: 106 (klogd)]: family:1, type:1, protocol:0
[   16.998426] firmadyne: sys_socket[PID: 106 (klogd)]: family:1, type:2, protocol:0
usb_info_dev22 = "A200396E0402FF83@1@14.4G@U@1@USB_Storage;U:;0;0@"
sem_get: Key: [   17.004298] firmadyne: ioctl: 0xc0207223
[   17.006397] firmadyne: ioctl: 0xc0207223
4111027a
sem_get: Key: 4111027a
[   17.013232] firmadyne: sys_socket[PID: 106 (klogd)]: family:1, type:1, protocol:0
[   17.014458] firmadyne: sys_socket[PID: 106 (klogd)]: family:1, type:2, protocol:0
[   17.016605] firmadyne: ioctl: 0xc0207223
[   17.018082] firmadyne: ioctl: 0xc0207223
[   17.019645] firmadyne: ioctl: 0xc0207223
nvram_set: usb_info_dev23 = "[   17.025418] firmadyne: sys_socket[PID: 106 (klogd)]: family:1, type:1, protocol:0
[   17.026722] firmadyne: sys_socket[PID: 106 (klogd)]: family:1, type:2, protocol:0
[   17.029050] firmadyne: ioctl: 0xc0207223
[   17.030514] firmadyne: ioctl: 0xc0207223
A200396E0402FF83@1@14.4G@U@1@USB_Storage;U:;0;0@"
sem_get: Key: 4111027a
sem_get: Key: [   17.037795] firmadyne: sys_socket[PID: 106 (klogd)]: family:1, type:1, protocol:0
[   17.039011] firmadyne: sys_socket[PID: 106 (klogd)]: family:1, type:2, protocol:0
[   17.040958] firmadyne: ioctl: 0xc0207223
[   17.042406] firmadyne: ioctl: 0xc0207223
4111027a
nvram_set: usb_info_dev24 = "[   17.049632] firmadyne: sys_socket[PID: 106 (klogd)]: family:1, type:1, protocol:0
[   17.050845] firmadyne: sys_socket[PID: 106 (klogd)]: family:1, type:2, protocol:0
[   17.052169] firmadyne: ioctl: 0xc0207223
[   17.053678] firmadyne: ioctl: 0xc0207223
[   17.055122] firmadyne: ioctl: 0xc0207223
A200396E0402FF83@1@14.4G@U@1@USB_Storage;U:;0;0@"
sem_get: Key: 4111027a
sem_get: Key: [   17.061647] firmadyne: sys_socket[PID: 106 (klogd)]: family:1, type:1, protocol:0
[   17.062861] firmadyne: sys_socket[PID: 106 (klogd)]: family:1, type:2, protocol:0
[   17.065075] firmadyne: ioctl: 0xc0207223
[   17.066578] firmadyne: ioctl: 0xc0207223
4111027a
nvram_set: usb_info_dev25 = "A200396E0402FF83@1@14.4G@U@1@USB_Storage;U:;0;0@[   17.073918] firmadyne: sys_socket[PID: 106 (klogd)]: family:1, type:1, protocol:0
[   17.075149] firmadyne: sys_socket[PID: 106 (klogd)]: family:1, type:2, protocol:0
[   17.076715] firmadyne: ioctl: 0xc0207223
[   17.078233] firmadyne: ioctl: 0xc0207223
"
sem_get: Key: 4111027a
sem_get: Key: 4111027a[   17.085799] firmadyne: sys_socket[PID: 106 (klogd)]: family:1, type:1, protocol:0
[   17.087029] firmadyne: sys_socket[PID: 106 (klogd)]: family:1, type:2, protocol:0
[   17.088237] firmadyne: ioctl: 0xc0207223
[   17.089754] firmadyne: ioctl: 0xc0207223
[   17.091199] firmadyne: ioctl: 0xc0207223

nvram_set: usb_info_dev26 = "A200396E0402FF83@1@14.4G@U@1@USB_Storage;U:;0;0@[   17.097990] firmadyne: sys_socket[PID: 106 (klogd)]: family:1, type:1, protocol:0
[   17.099258] firmadyne: sys_socket[PID: 106 (klogd)]: family:1, type:2, protocol:0
[   17.101531] firmadyne: ioctl: 0xc0207223
[   17.103038] firmadyne: ioctl: 0xc0207223
"
sem_get: Key: 4111027a
sem_get: Key: 4111027a[   17.108942] firmadyne: ioctl: 0xc0207223
[   17.110421] firmadyne: ioctl: 0xc0207223
[   17.113871] firmadyne: sys_socket[PID: 106 (klogd)]: family:1, type:1, protocol:0
[   17.115083] firmadyne: sys_socket[PID: 106 (klogd)]: family:1, type:2, protocol:0

nvram_set: usb_info_dev27 = "A200396E0402FF83@1@14.4G@U@1@USB_Storage;U:;0;0@[   17.120396] firmadyne: ioctl: 0xc0207223
[   17.121917] firmadyne: ioctl: 0xc0207223
[   17.123370] firmadyne: ioctl: 0xc0207223
[   17.125911] firmadyne: sys_socket[PID: 106 (klogd)]: family:1, type:1, protocol:0
[   17.127122] firmadyne: sys_socket[PID: 106 (klogd)]: family:1, type:2, protocol:0
"
sem_get: Key: 4111027a
sem_get: Key: [   17.133080] firmadyne: ioctl: 0xc0207223
[   17.134550] firmadyne: ioctl: 0xc0207223
[   17.137698] firmadyne: sys_socket[PID: 106 (klogd)]: family:1, type:1, protocol:0
[   17.138907] firmadyne: sys_socket[PID: 106 (klogd)]: family:1, type:2, protocol:0
4111027a
nvram_set: usb_info_dev28 = "A200396E0402FF83@1@14.4G@U@1@USB_Storage;U:;0;0@[   17.144716] firmadyne: ioctl: 0xc0207223
[   17.146200] firmadyne: ioctl: 0xc0207223
[   17.149654] firmadyne: sys_socket[PID: 106 (klogd)]: family:1, type:1, protocol:0
[   17.150876] firmadyne: sys_socket[PID: 106 (klogd)]: family:1, type:2, protocol:0
