[    0.000000] Linux version 4.1.17+ (alessio@pc) (gcc version 5.5.0 20171010 (Ubuntu 5.5.0-12ubuntu1) ) #1 Mon May 15 23:04:08 CEST 2023
[    0.000000] earlycon: Early serial console at I/O port 0x3f8 (options '38400n8')
[    0.000000] bootconsole [uart0] enabled
[    0.000000] CPU0 revision is: 00019300 (MIPS 24Kc)
[    0.000000] FPU revision is: 00739300
[    0.000000] Software DMA cache coherency enabled
[    0.000000] Determined physical RAM map:
[    0.000000]  memory: 00001000 @ 00000000 (reserved)
[    0.000000]  memory: 000ef000 @ 00001000 (ROM data)
[    0.000000]  memory: 00798000 @ 000f0000 (reserved)
[    0.000000]  memory: 0f777000 @ 00888000 (usable)
[    0.000000] debug: ignoring loglevel setting.
[    0.000000] Wasting 69888 bytes for tracking 2184 unused pages
[    0.000000] Initrd not found or empty - disabling initrd
[    0.000000] Zone ranges:
[    0.000000]   DMA      [mem 0x0000000000000000-0x0000000000ffffff]
[    0.000000]   Normal   [mem 0x0000000001000000-0x000000000fffefff]
[    0.000000] Movable zone start for each node
[    0.000000] Early memory node ranges
[    0.000000]   node   0: [mem 0x0000000000000000-0x000000000fffefff]
[    0.000000] Initmem setup node 0 [mem 0x0000000000000000-0x000000000fffefff]
[    0.000000] On node 0 totalpages: 65535
[    0.000000] free_area_init_node: node 0, pgdat 8081d5b0, node_mem_map 81000000
[    0.000000]   DMA zone: 32 pages used for memmap
[    0.000000]   DMA zone: 0 pages reserved
[    0.000000]   DMA zone: 4096 pages, LIFO batch:0
[    0.000000]   Normal zone: 480 pages used for memmap
[    0.000000]   Normal zone: 61439 pages, LIFO batch:15
[    0.000000] Primary instruction cache 2kB, VIPT, 2-way, linesize 16 bytes.
[    0.000000] Primary data cache 2kB, 2-way, VIPT, no aliases, linesize 16 bytes
[    0.000000] pcpu-alloc: s0 r0 d32768 u32768 alloc=1*32768
[    0.000000] pcpu-alloc: [0] 0 
[    0.000000] Built 1 zonelists in Zone order, mobility grouping on.  Total pages: 65023
[    0.000000] Kernel command line: root=/dev/sda1 console=ttyS0 nandsim.parts=64,64,64,64,64,64,64,64,64,64 rdinit=/firmadyne/preInit.sh rw debug ignore_loglevel print-fatal-signals=1 FIRMAE_NET=true FIRMAE_NVRAM=true FIRMAE_KERNEL=true FIRMAE_ETC=true user_debug=0 firmadyne.syscall=1 noka
[    0.000000] found FIRMAE_KERNEL=t
[    0.000000] set the LD_PRELOAD=/firmadyne/libnvram_ioctl.so
[    0.000000] PID hash table entries: 1024 (order: 0, 4096 bytes)
[    0.000000] Dentry cache hash table entries: 32768 (order: 5, 131072 bytes)
[    0.000000] Inode-cache hash table entries: 16384 (order: 4, 65536 bytes)
[    0.000000] Writing ErrCtl register=00000000
[    0.000000] Readback ErrCtl register=00000000
[    0.000000] Memory: 251112K/262140K available (5360K kernel code, 244K rwdata, 1676K rodata, 260K init, 158K bss, 11028K reserved, 0K cma-reserved)
[    0.000000] NR_IRQS:256
[    0.000000] CPU frequency 200.00 MHz
[    0.000000] clocksource MIPS: mask: 0xffffffff max_cycles: 0xffffffff, max_idle_ns: 19112457683 ns
[    0.000163] sched_clock: 32 bits at 100MHz, resolution 9ns, wraps every 21474671611ns
[    0.011067] Console: colour dummy device 80x25
[    0.012042] Calibrating delay loop... 36.99 BogoMIPS (lpj=73984)
[    0.057160] pid_max: default: 32768 minimum: 301
[    0.060328] Mount-cache hash table entries: 1024 (order: 0, 4096 bytes)
[    0.060742] Mountpoint-cache hash table entries: 1024 (order: 0, 4096 bytes)
[    0.110928] clocksource jiffies: mask: 0xffffffff max_cycles: 0xffffffff, max_idle_ns: 7645041785100000 ns
[    0.119608] NET: Registered protocol family 16
[    0.333632] clocksource pit: mask: 0xffffffff max_cycles: 0xffffffff, max_idle_ns: 1601818034827 ns
[    0.452949] vgaarb: loaded
[    0.457625] SCSI subsystem initialized
[    0.459440] libata version 3.00 loaded.
[    0.462940] usbcore: registered new interface driver usbfs
[    0.464044] usbcore: registered new interface driver hub
[    0.465149] usbcore: registered new device driver usb
[    0.467266] pps_core: LinuxPPS API ver. 1 registered
[    0.467605] pps_core: Software ver. 5.3.6 - Copyright 2005-2007 Rodolfo Giometti <giometti@linux.it>
[    0.468356] PTP clock support registered
[    0.472128] PCI host bridge to bus 0000:00
[    0.472735] pci_bus 0000:00: root bus resource [mem 0x10000000-0x17ffffff]
[    0.473354] pci_bus 0000:00: root bus resource [io  0x1000-0x1fffff]
[    0.473836] pci_bus 0000:00: root bus resource [??? 0x00000000 flags 0x0]
[    0.474335] pci_bus 0000:00: No busn resource found for root bus, will use [bus 00-ff]
[    0.475438] pci 0000:00:00.0: [11ab:4620] type 00 class 0x060000
[    0.476184] pci 0000:00:00.0: [Firmware Bug]: reg 0x14: invalid BAR (can't size)
[    0.476685] pci 0000:00:00.0: [Firmware Bug]: reg 0x18: invalid BAR (can't size)
[    0.477406] pci 0000:00:00.0: [Firmware Bug]: reg 0x1c: invalid BAR (can't size)
[    0.477868] pci 0000:00:00.0: [Firmware Bug]: reg 0x20: invalid BAR (can't size)
[    0.478336] pci 0000:00:00.0: [Firmware Bug]: reg 0x24: invalid BAR (can't size)
[    0.481690] pci 0000:00:0a.0: [8086:7110] type 00 class 0x060100
[    0.484355] pci 0000:00:0a.1: [8086:7111] type 00 class 0x010180
[    0.484966] pci 0000:00:0a.1: reg 0x20: [io  0x0000-0x000f]
[    0.485456] pci 0000:00:0a.1: legacy IDE quirk: reg 0x10: [io  0x01f0-0x01f7]
[    0.486018] pci 0000:00:0a.1: legacy IDE quirk: reg 0x14: [io  0x03f6]
[    0.486472] pci 0000:00:0a.1: legacy IDE quirk: reg 0x18: [io  0x0170-0x0177]
[    0.486927] pci 0000:00:0a.1: legacy IDE quirk: reg 0x1c: [io  0x0376]
[    0.489456] pci 0000:00:0a.2: [8086:7112] type 00 class 0x0c0300
[    0.490128] pci 0000:00:0a.2: reg 0x20: [io  0x0000-0x001f]
[    0.492664] pci 0000:00:0a.3: [8086:7113] type 00 class 0x068000
[    0.493718] pci 0000:00:0a.3: quirk: [io  0x1000-0x103f] claimed by PIIX4 ACPI
[    0.494388] pci 0000:00:0a.3: quirk: [io  0x1100-0x110f] claimed by PIIX4 SMB
[    0.497032] pci 0000:00:12.0: [1013:00b8] type 00 class 0x030000
[    0.497523] pci 0000:00:12.0: reg 0x10: [mem 0x00000000-0x01ffffff pref]
[    0.497987] pci 0000:00:12.0: reg 0x14: [mem 0x00000000-0x00000fff]
[    0.498627] pci 0000:00:12.0: reg 0x30: [mem 0x00000000-0x0000ffff pref]
[    0.500760] vgaarb: device added: PCI:0000:00:12.0,decodes=io+mem,owns=none,locks=none
[    0.501763] pci 0000:00:13.0: [8086:100e] type 00 class 0x020000
[    0.502237] pci 0000:00:13.0: reg 0x10: [mem 0x00000000-0x0001ffff]
[    0.502836] pci 0000:00:13.0: reg 0x14: [io  0x0000-0x003f]
[    0.503348] pci 0000:00:13.0: reg 0x30: [mem 0x00000000-0x0003ffff pref]
[    0.505754] pci 0000:00:14.0: [8086:100e] type 00 class 0x020000
[    0.506238] pci 0000:00:14.0: reg 0x10: [mem 0x00000000-0x0001ffff]
[    0.506706] pci 0000:00:14.0: reg 0x14: [io  0x0000-0x003f]
[    0.507320] pci 0000:00:14.0: reg 0x30: [mem 0x00000000-0x0003ffff pref]
[    0.509826] pci 0000:00:15.0: [8086:100e] type 00 class 0x020000
[    0.510308] pci 0000:00:15.0: reg 0x10: [mem 0x00000000-0x0001ffff]
[    0.510758] pci 0000:00:15.0: reg 0x14: [io  0x0000-0x003f]
[    0.511412] pci 0000:00:15.0: reg 0x30: [mem 0x00000000-0x0003ffff pref]
[    0.513838] pci 0000:00:16.0: [8086:100e] type 00 class 0x020000
[    0.514320] pci 0000:00:16.0: reg 0x10: [mem 0x00000000-0x0001ffff]
[    0.514775] pci 0000:00:16.0: reg 0x14: [io  0x0000-0x003f]
[    0.515377] pci 0000:00:16.0: reg 0x30: [mem 0x00000000-0x0003ffff pref]
[    0.517942] pci_bus 0000:00: busn_res: [bus 00-ff] end is updated to 00
[    0.519160] pci 0000:00:12.0: BAR 0: assigned [mem 0x10000000-0x11ffffff pref]
[    0.519918] pci 0000:00:13.0: BAR 6: assigned [mem 0x12000000-0x1203ffff pref]
[    0.520467] pci 0000:00:14.0: BAR 6: assigned [mem 0x12040000-0x1207ffff pref]
[    0.520988] pci 0000:00:15.0: BAR 6: assigned [mem 0x12080000-0x120bffff pref]
[    0.521499] pci 0000:00:16.0: BAR 6: assigned [mem 0x120c0000-0x120fffff pref]
[    0.522017] pci 0000:00:13.0: BAR 0: assigned [mem 0x12100000-0x1211ffff]
[    0.522533] pci 0000:00:14.0: BAR 0: assigned [mem 0x12120000-0x1213ffff]
[    0.523047] pci 0000:00:15.0: BAR 0: assigned [mem 0x12140000-0x1215ffff]
[    0.523558] pci 0000:00:16.0: BAR 0: assigned [mem 0x12160000-0x1217ffff]
[    0.524209] pci 0000:00:12.0: BAR 6: assigned [mem 0x12180000-0x1218ffff pref]
[    0.524724] pci 0000:00:12.0: BAR 1: assigned [mem 0x12190000-0x12190fff]
[    0.525232] pci 0000:00:13.0: BAR 1: assigned [io  0x1040-0x107f]
[    0.525682] pci 0000:00:14.0: BAR 1: assigned [io  0x1080-0x10bf]
[    0.526138] pci 0000:00:15.0: BAR 1: assigned [io  0x10c0-0x10ff]
[    0.526603] pci 0000:00:16.0: BAR 1: assigned [io  0x1400-0x143f]
[    0.527061] pci 0000:00:0a.2: BAR 4: assigned [io  0x1440-0x145f]
[    0.527526] pci 0000:00:0a.1: BAR 4: assigned [io  0x1460-0x146f]
[    0.541708] cfg80211: Calling CRDA to update world regulatory domain
[    0.552611] Switched to clocksource MIPS
[    0.644084] NET: Registered protocol family 2
[    0.653868] TCP established hash table entries: 2048 (order: 1, 8192 bytes)
[    0.654778] TCP bind hash table entries: 2048 (order: 1, 8192 bytes)
[    0.655632] TCP: Hash tables configured (established 2048 bind 2048)
[    0.656532] UDP hash table entries: 256 (order: 0, 4096 bytes)
[    0.657212] UDP-Lite hash table entries: 256 (order: 0, 4096 bytes)
[    0.660293] NET: Registered protocol family 1
[    0.661759] PCI: Enabling device 0000:00:0a.2 (0000 -> 0001)
[    0.662946] PCI: CLS 0 bytes, default 16
[    0.689002] futex hash table entries: 256 (order: -1, 3072 bytes)
[    0.702278] squashfs: version 4.0 (2009/01/31) Phillip Lougher
[    0.704252] jffs2: version 2.2. (NAND) Â© 2001-2006 Red Hat, Inc.
[    0.707016] romfs: ROMFS MTD (C) 2007 Red Hat, Inc.
[    0.726490] Block layer SCSI generic (bsg) driver version 0.4 loaded (major 251)
[    0.727027] io scheduler noop registered
[    0.727599] io scheduler cfq registered (default)
[    0.728409] firmadyne: devfs: 1, execute: 1, procfs: 1, syscall: 1
[    0.733254] firmadyne: Cannot register character device: gpio, 0xfc, 0x0!
[    0.740135] firmadyne: Cannot register character device: watchdog, 0xa, 0x82!
[    0.740666] firmadyne: Cannot register character device: wdt, 0xfd, 0x0!
[    2.129958] strName = 4.1.17+
[    2.129958] init_task_addr  = 2155778944
[    2.129958] init_task_size  = 1296
[    2.129958] ts_tasks        = 292
[    2.129958] ts_pid          = 408
[    2.129958] ts_tgid         = 412
[    2.129958] ts_group_leader = 440
[    2.129958] ts_thread_group = 496
[    2.129958] ts_real_parent  = 416
[    2.129958] ts_mm           = 300
[    2.129958] ts_stack        = 4
[    2.132076] module_name   = 12
[    2.132076] module_size   = 208
[    2.132076] module_init   = 200
[    2.132076] module_list   = 4
[    2.133043] ts_real_cred    = 624
[    2.133043] ts_cred         = 628
[    2.133043] ts_comm         = 632
[    2.133043] cred_uid        = 4
[    2.133043] cred_gid        = 8
[    2.133043] cred_euid       = 20
[    2.133043] cred_egid       = 24
[    2.134417] mm_mmap         = 0
[    2.134417] mm_pgd          = 32
[    2.134417] mm_arg_start    = 136
[    2.134417] mm_start_brk    = 124
[    2.134417] mm_brk          = 128
[    2.134417] mm_start_stack  = 132
[    2.135606] vma_vm_start    = 0
[    2.135606] vma_vm_end      = 4
[    2.135606] vma_vm_next     = 8
[    2.135606] vma_vm_file     = 80
[    2.135606] vma_vm_flags    = 40
[    2.135606] vma_vm_pgoff    = 76
[    2.136895] file_dentry     = 12
[    2.136895] file_inode      = 40
[    2.136895] dentry_d_name   = 24
[    2.136895] dentry_d_iname  = 44
[    2.136895] dentry_d_parent = 16
[    2.136895] ti_task         = 0
[    2.136895] inode_ino   = 28
[    3.006200] proc_fork_connector  = 2151078840
[    3.006532] proc_exit_connector  = 2151080432
[    3.006824] proc_exec_connector  = 2151079052
[    3.007105] vma_link  = 2149124372
[    3.007356] vma_adjust  = 2149124540
[    3.007620] remove_vma  = 2149122188
[    3.007878] modules  = 2155833724
[    3.008132] trim_init_extable  = 2150545316
[    3.011356] PCI: Enabling device 0000:00:12.0 (0000 -> 0002)
[    3.012473] cirrusfb 0000:00:12.0: Cirrus Logic chipset on PCI bus, RAM (4096 kB) at 0x10000000
[    3.254203] Console: switching to colour frame buffer device 80x30
[    3.310370] Serial: 8250/16550 driver, 4 ports, IRQ sharing enabled
[    3.322119] console [ttyS0] disabled
[    3.349087] serial8250.0: ttyS0 at I/O 0x3f8 (irq = 4, base_baud = 115200) is a 16550A
[    3.350108] console [ttyS0] enabled
[    3.350108] console [ttyS0] enabled
[    3.350593] bootconsole [uart0] disabled
[    3.350593] bootconsole [uart0] disabled
[    3.380207] serial8250.0: ttyS1 at I/O 0x2f8 (irq = 3, base_baud = 115200) is a 16550A
[    3.480628] brd: module loaded
[    3.532422] loop: module loaded
[    3.537851] ata_piix 0000:00:0a.1: version 2.13
[    3.538333] PCI: Enabling device 0000:00:0a.1 (0000 -> 0001)
[    3.559734] scsi host0: ata_piix
[    3.564430] scsi host1: ata_piix
[    3.567691] ata1: PATA max UDMA/33 cmd 0x1f0 ctl 0x3f6 bmdma 0x1460 irq 14
[    3.568119] ata2: PATA max UDMA/33 cmd 0x170 ctl 0x376 bmdma 0x1468 irq 15
[    3.573802] [nandsim] warning: read_byte: unexpected data output cycle, state is STATE_READY return 0x0
[    3.574313] [nandsim] warning: read_byte: unexpected data output cycle, state is STATE_READY return 0x0
[    3.574814] [nandsim] warning: read_byte: unexpected data output cycle, state is STATE_READY return 0x0
[    3.575313] [nandsim] warning: read_byte: unexpected data output cycle, state is STATE_READY return 0x0
[    3.575812] [nandsim] warning: read_byte: unexpected data output cycle, state is STATE_READY return 0x0
[    3.576298] [nandsim] warning: read_byte: unexpected data output cycle, state is STATE_READY return 0x0
[    3.577088] nand: device found, Manufacturer ID: 0x98, Chip ID: 0x39
[    3.577467] nand: Toshiba NAND 128MiB 1,8V 8-bit
[    3.577849] nand: 128 MiB, SLC, erase size: 16 KiB, page size: 512, OOB size: 16
[    3.579298] flash size: 128 MiB
[    3.579521] page size: 512 bytes
[    3.579745] OOB area size: 16 bytes
[    3.579972] sector size: 16 KiB
[    3.580182] pages number: 262144
[    3.580394] pages per sector: 32
[    3.580728] bus width: 8
[    3.580920] bits in sector size: 14
[    3.581150] bits in page size: 9
[    3.581367] bits in OOB size: 4
[    3.581587] flash size with OOB: 135168 KiB
[    3.581837] page address bytes: 4
[    3.582056] sector address bytes: 3
[    3.582285] options: 0x42
[    3.651400] Scanning device for bad blocks
[    4.640966] cfg80211: Calling CRDA to update world regulatory domain
[    4.645305] ata1.01: NODEV after polling detection
[    4.646069] ata2.01: NODEV after polling detection
[    4.647616] ata1.00: ATA-7: QEMU HARDDISK, 2.5+, max UDMA/100
[    4.648005] ata1.00: 2097152 sectors, multi 16: LBA48 
[    4.653345] ata2.00: ATAPI: QEMU DVD-ROM, 2.5+, max UDMA/100
[    4.655183] ata2.00: configured for UDMA/33
[    4.657742] ata1.00: configured for UDMA/33
[    4.664311] scsi 0:0:0:0: Direct-Access     ATA      QEMU HARDDISK    2.5+ PQ: 0 ANSI: 5
[    4.678054] sd 0:0:0:0: [sda] 2097152 512-byte logical blocks: (1.07 GB/1.00 GiB)
[    4.679354] scsi 1:0:0:0: CD-ROM            QEMU     QEMU DVD-ROM     2.5+ PQ: 0 ANSI: 5
[    4.690478] sd 0:0:0:0: [sda] Write Protect is off
[    4.690918] sd 0:0:0:0: [sda] Mode Sense: 00 3a 00 00
[    4.692202] sd 0:0:0:0: [sda] Write cache: enabled, read cache: enabled, doesn't support DPO or FUA
[    4.702228]  sda: sda1
[    4.708910] Creating 11 MTD partitions on "NAND 128MiB 1,8V 8-bit":
[    4.709493] 0x000000000000-0x000000100000 : "NAND simulator partition 0"
[    4.718842] 0x000000100000-0x000000200000 : "NAND simulator partition 1"
[    4.727678] 0x000000200000-0x000000300000 : "NAND simulator partition 2"
[    4.736722] 0x000000300000-0x000000400000 : "NAND simulator partition 3"
[    4.745796] 0x000000400000-0x000000500000 : "NAND simulator partition 4"
[    4.754898] 0x000000500000-0x000000600000 : "NAND simulator partition 5"
[    4.764225] 0x000000600000-0x000000700000 : "NAND simulator partition 6"
[    4.773848] 0x000000700000-0x000000800000 : "NAND simulator partition 7"
[    4.783207] 0x000000800000-0x000000900000 : "NAND simulator partition 8"
[    4.792044] 0x000000900000-0x000000a00000 : "NAND simulator partition 9"
[    4.800984] 0x000000a00000-0x000008000000 : "NAND simulator partition 10"
[    4.839256] tun: Universal TUN/TAP device driver, 1.6
[    4.839577] tun: (C) 1999-2004 Max Krasnyansky <maxk@qualcomm.com>
[    4.842603] pcnet32: pcnet32.c:v1.35 21.Apr.2008 tsbogend@alpha.franken.de
[    4.843680] e1000: Intel(R) PRO/1000 Network Driver - version 7.3.21-k8-NAPI
[    4.844061] e1000: Copyright (c) 1999-2006 Intel Corporation.
[    4.844977] PCI: Enabling device 0000:00:13.0 (0000 -> 0003)
[    4.851565] sd 0:0:0:0: [sda] Attached SCSI disk
[    5.142671] e1000 0000:00:13.0 eth0: (PCI:33MHz:32-bit) 52:54:00:12:34:56
[    5.143256] e1000 0000:00:13.0 eth0: Intel(R) PRO/1000 Network Connection
[    5.143839] PCI: Enabling device 0000:00:14.0 (0000 -> 0003)
[    5.444506] e1000 0000:00:14.0 eth1: (PCI:33MHz:32-bit) 52:54:00:12:34:57
[    5.445097] e1000 0000:00:14.0 eth1: Intel(R) PRO/1000 Network Connection
[    5.445737] PCI: Enabling device 0000:00:15.0 (0000 -> 0003)
[    5.753001] e1000 0000:00:15.0 eth2: (PCI:33MHz:32-bit) 52:54:00:12:34:58
[    5.753479] e1000 0000:00:15.0 eth2: Intel(R) PRO/1000 Network Connection
[    5.754064] PCI: Enabling device 0000:00:16.0 (0000 -> 0003)
[    6.054637] e1000 0000:00:16.0 eth3: (PCI:33MHz:32-bit) 52:54:00:12:34:59
[    6.055109] e1000 0000:00:16.0 eth3: Intel(R) PRO/1000 Network Connection
[    6.056282] e1000e: Intel(R) PRO/1000 Network Driver - 2.3.2-k
[    6.056725] e1000e: Copyright(c) 1999 - 2014 Intel Corporation.
[    6.060690] PPP generic driver version 2.4.2
[    6.062636] PPP Deflate Compression module registered
[    6.063219] PPP MPPE Compression module registered
[    6.063582] NET: Registered protocol family 24
[    6.064254] ehci_hcd: USB 2.0 'Enhanced' Host Controller (EHCI) Driver
[    6.064816] ehci-pci: EHCI PCI platform driver
[    6.065879] ohci_hcd: USB 1.1 'Open' Host Controller (OHCI) Driver
[    6.066323] ohci-pci: OHCI PCI platform driver
[    6.067326] uhci_hcd: USB Universal Host Controller Interface driver
[    6.068957] uhci_hcd 0000:00:0a.2: UHCI Host Controller
[    6.069658] uhci_hcd 0000:00:0a.2: new USB bus registered, assigned bus number 1
[    6.070634] uhci_hcd 0000:00:0a.2: irq 11, io base 0x00001440
[    6.080736] hub 1-0:1.0: USB hub found
[    6.081434] hub 1-0:1.0: 2 ports detected
[    6.089659] usbcore: registered new interface driver usb-storage
[    6.093546] mousedev: PS/2 mouse device common for all mice
[    6.099349] rtc_cmos rtc_cmos: rtc core: registered rtc_cmos as rtc0
[    6.100027] rtc_cmos rtc_cmos: alarms up to one day, 242 bytes nvram
[    6.101460] i2c /dev entries driver
[    6.102576] piix4_smbus 0000:00:0a.3: SMBus Host Controller at 0x1100, revision 0
[    6.106786] sdhci: Secure Digital Host Controller Interface driver
[    6.107137] sdhci: Copyright(c) Pierre Ossman
[    6.109340] hidraw: raw HID events driver (C) Jiri Kosina
[    6.126314] usbcore: registered new interface driver usbhid
[    6.126647] usbhid: USB HID core driver
[    6.127664] Netfilter messages via NETLINK v0.30.
[    6.129017] nf_conntrack version 0.5.0 (3923 buckets, 15692 max)
[    6.131927] ctnetlink v0.93: registering with nfnetlink.
[    6.137167] ipip: IPv4 over IPv4 tunneling driver
[    6.148517] ip_tables: (C) 2000-2006 Netfilter Core Team
[    6.151185] arp_tables: (C) 2002 David S. Miller
[    6.152998] Initializing XFRM netlink socket
[    6.154045] NET: Registered protocol family 10
[    6.172030] ip6_tables: (C) 2000-2006 Netfilter Core Team
[    6.175505] sit: IPv6 over IPv4 tunneling driver
[    6.191634] NET: Registered protocol family 17
[    6.192502] bridge: automatic filtering via arp/ip/ip6tables has been deprecated. Update your scripts to load br_netfilter if you need this.
[    6.193645] Bridge firewalling registered
[    6.194032] Ebtables v2.0 registered
[    6.198048] 8021q: 802.1Q VLAN Support v1.8
[    6.218983] rtc_cmos rtc_cmos: setting system clock to 2025-07-23 16:07:29 UTC (1753286849)
[    6.238996] EXT2-fs (sda1): warning: mounting unchecked fs, running e2fsck is recommended
[    6.241168] VFS: Mounted root (ext2 filesystem) on device 8:1.
[    6.249757] Freeing YAMON memory: 956k freed
[    6.259981] Freeing unused kernel memory: 260K (8081f000 - 80860000)
[    6.293214] firmadyne: sys_reboot[PID: 48 (init)]: magic1:fee1dead, magic2:28121969, cmd:0
init started:  BusyBox v1.00 (2007.12.04-12:53+0000) multi-call binary[    6.312813] spurious 8259A interrupt: IRQ7.

Starting pid 50, console /dev/tts/0: '/etc/init.d/rcS'
[    6.416927] firmadyne: do_execve: /firmadyne/console
[    6.417474] OFFSETS: offset of pid: 0x198 offset of comm: 0x278
[/etc/init.d/S03config.sh]
Mounting proc and var ...
[    6.939520] firmadyne: sys_socket[PID: 71 (wps)]: family:1, type:1, protocol:0
[    6.951409] firmadyne: sys_socket[PID: 71 (wps)]: family:1, type:1, protocol:0
[    6.965107] random: wps urandom read with 74 bits of entropy available
[    6.984436] firmadyne: sys_socket[PID: 71 (wps)]: family:1, type:1, protocol:0
[    7.786783] cfg80211: Calling CRDA to update world regulatory domain
[    7.995154] firmadyne: sys_socket[PID: 71 (wps)]: family:1, type:1, protocol:0
[    9.010353] firmadyne: sys_socket[PID: 71 (wps)]: family:1, type:1, protocol:0
[   10.030215] firmadyne: sys_socket[PID: 71 (wps)]: family:1, type:1, protocol:0
[   10.040159] firmadyne: sys_socket[PID: 71 (wps)]: family:1, type:1, protocol:0
Start xmldb ...
[   10.199130] firmadyne: sys_socket[PID: 74 (xmldb)]: family:1, type:2, protocol:0
[   10.936206] cfg80211: Calling CRDA to update world regulatory domain
[/etc/scripts/misc/profile.sh] get ...
Can't get config from nvram, generate default!
[/etc/scripts/misc/profile.sh] reset ...
[   11.627064] firmadyne: sys_socket[PID: 92 (rgdb)]: family:1, type:2, protocol:0
[/etc/scripts/misc/defnodes.sh] ...
[/etc/defnodes/S10setext.sh] ...
[   11.879210] firmadyne: sys_socket[PID: 100 (xmldbc)]: family:1, type:2, protocol:0
[   11.929802] firmadyne: sys_socket[PID: 101 (xmldbc)]: family:1, type:2, protocol:0
[   11.979115] firmadyne: sys_socket[PID: 102 (xmldbc)]: family:1, type:2, protocol:0
[   12.033154] firmadyne: sys_socket[PID: 103 (xmldbc)]: family:1, type:2, protocol:0
[   12.083229] firmadyne: sys_socket[PID: 104 (xmldbc)]: family:1, type:2, protocol:0
[   12.133476] firmadyne: sys_socket[PID: 105 (xmldbc)]: family:1, type:2, protocol:0
[   12.183624] firmadyne: sys_socket[PID: 106 (xmldbc)]: family:1, type:2, protocol:0
[   12.231833] firmadyne: sys_socket[PID: 107 (xmldbc)]: family:1, type:2, protocol:0
[   12.275768] firmadyne: sys_socket[PID: 108 (xmldbc)]: family:1, type:2, protocol:0
[   12.320685] firmadyne: sys_socket[PID: 109 (xmldbc)]: family:1, type:2, protocol:0
[   12.370613] firmadyne: sys_socket[PID: 110 (xmldbc)]: family:1, type:2, protocol:0
[   12.422863] firmadyne: sys_socket[PID: 111 (xmldbc)]: family:1, type:2, protocol:0
[   12.473555] firmadyne: sys_socket[PID: 112 (xmldbc)]: family:1, type:2, protocol:0
[   12.523543] firmadyne: sys_socket[PID: 113 (xmldbc)]: family:1, type:2, protocol:0
[   12.569659] firmadyne: sys_socket[PID: 114 (xmldbc)]: family:1, type:2, protocol:0
[   12.616474] firmadyne: sys_socket[PID: 115 (xmldbc)]: family:1, type:2, protocol:0
[   12.663088] firmadyne: sys_socket[PID: 116 (xmldbc)]: family:1, type:2, protocol:0
[   12.709565] firmadyne: sys_socket[PID: 117 (xmldbc)]: family:1, type:2, protocol:0
[   12.754272] firmadyne: sys_socket[PID: 118 (xmldbc)]: family:1, type:2, protocol:0
[   12.799685] firmadyne: sys_socket[PID: 119 (xmldbc)]: family:1, type:2, protocol:0
[   12.847406] firmadyne: sys_socket[PID: 120 (xmldbc)]: family:1, type:2, protocol:0
[   12.893150] firmadyne: sys_socket[PID: 121 (xmldbc)]: family:1, type:2, protocol:0
[   12.938769] firmadyne: sys_socket[PID: 122 (xmldbc)]: family:1, type:2, protocol:0
[   12.984853] firmadyne: sys_socket[PID: 123 (xmldbc)]: family:1, type:2, protocol:0
PHP [/etc/defnodes/S11setnodes.php] ...
[   13.075174] firmadyne: sys_socket[PID: 126 (rgdb)]: family:1, type:2, protocol:0
[   13.081686] random: nonblocking pool is initialized
PHP [/etc/defnodes/S12features.php] ...
[   13.509197] firmadyne: sys_socket[PID: 137 (rgdb)]: family:1, type:2, protocol:0
PHP [/etc/defnodes/S13flashspeed.php] ...
[   13.604426] firmadyne: sys_socket[PID: 140 (rgdb)]: family:1, type:2, protocol:0
PHP [/etc/defnodes/S20setnodes.php] ...
[   13.782039] firmadyne: sys_socket[PID: 145 (rgdb)]: family:1, type:2, protocol:0
[   13.895808] firmadyne: sys_socket[PID: 149 (xmldbc)]: family:1, type:2, protocol:0
[   14.028339] firmadyne: sys_socket[PID: 152 (xmldbc)]: family:1, type:2, protocol:0
[   14.081077] cfg80211: Calling CRDA to update world regulatory domain
[   14.143984] firmadyne: sys_socket[PID: 156 (xmldbc)]: family:1, type:2, protocol:0
[   14.263546] firmadyne: sys_socket[PID: 159 (xmldbc)]: family:1, type:2, protocol:0
[   14.361869] firmadyne: sys_socket[PID: 162 (xmldbc)]: family:1, type:2, protocol:0
[   14.407740] firmadyne: sys_socket[PID: 163 (xmldbc)]: family:1, type:2, protocol:0
[   14.457303] firmadyne: sys_socket[PID: 164 (xmldbc)]: family:1, type:2, protocol:0
[   14.506593] firmadyne: sys_socket[PID: 165 (xmldbc)]: family:1, type:2, protocol:0
[   14.555925] firmadyne: sys_socket[PID: 166 (xmldbc)]: family:1, type:2, protocol:0
[   14.607913] firmadyne: sys_socket[PID: 167 (xmldbc)]: family:1, type:2, protocol:0
[   14.670220] firmadyne: sys_socket[PID: 168 (xmldbc)]: family:1, type:2, protocol:0
[   14.797908] EXT3-fs (mtdblock6): error: can't find ext3 filesystem on dev mtdblock6.
[   14.803195] EXT2-fs (mtdblock6): error: can't find an ext2 filesystem on dev mtdblock6.
[   14.808340] EXT4-fs (mtdblock6): VFS: Can't find ext4 filesystem
[   14.821058] cramfs: wrong magic
[   14.826385] squashfs: SQUASHFS error: Can't find a SQUASHFS superblock on mtdblock6
[   14.831619] FAT-fs (mtdblock6): bogus logical sector size 65535
[   14.832152] FAT-fs (mtdblock6): Can't find a valid FAT filesystem
[   14.841053] romfs: VFS: Can't find a romfs filesystem on dev mtdblock6.
[   14.846217] UDF-fs: warning (device mtdblock6): udf_load_vrs: No VRS found
[   14.846854] UDF-fs: warning (device mtdblock6): udf_fill_super: No partition found (2)
mount: Mounting /dev/mtdblock/6 on /www/locale/alt failed: Invalid argument
[   14.957505] firmadyne: sys_socket[PID: 177 (xmldbc)]: family:1, type:2, protocol:0
[   15.125715] firmadyne: sys_socket[PID: 184 (xmldbc)]: family:1, type:2, protocol:0
[   15.237125] firmadyne: sys_socket[PID: 187 (xmldbc)]: family:1, type:2, protocol:0
[   15.287264] firmadyne: sys_socket[PID: 188 (xmldbc)]: family:1, type:2, protocol:0
PHP [/etc/defnodes/S40brand.php] ...
[   15.380257] firmadyne: sys_socket[PID: 191 (rgdb)]: family:1, type:2, protocol:0
[/etc/scripts/misc/defnodes.sh] Done !!
[/etc/scripts/misc/profile.sh] put ...
[   15.693128] firmadyne: sys_socket[PID: 200 (rgdb)]: family:1, type:2, protocol:0
ok
[/etc/templates/timezone.sh] ...
[   16.114799] firmadyne: sys_socket[PID: 209 (rgdb)]: family:1, type:2, protocol:0
[   16.265832] firmadyne: sys_socket[PID: 214 (rgdb)]: family:1, type:2, protocol:0
[   16.762807] firmadyne: sys_socket[PID: 218 (rgdb)]: family:1, type:2, protocol:0
[   16.836445] firmadyne: sys_socket[PID: 220 (rgdb)]: family:1, type:2, protocol:0
[   16.906783] firmadyne: sys_socket[PID: 222 (rgdb)]: family:1, type:2, protocol:0
[/etc/templates/logs.sh] ...
[   17.073887] firmadyne: sys_socket[PID: 228 (rgdb)]: family:1, type:2, protocol:0
[   17.151586] firmadyne: sys_socket[PID: 230 (rgdb)]: family:1, type:2, protocol:0
[   17.225021] cfg80211: Calling CRDA to update world regulatory domain
[/var/run/logs_run.sh] ...
[   17.425743] firmadyne: sys_socket[PID: 234 (syslogd)]: family:1, type:1, protocol:0
Inserting modules ...
Using /lib/modules/wlan.o
insmod: Not configured to support old kernels
Using /lib/modules/wlan_xauth.o
insmod: Not configured to support old kernels
Using /lib/modules/wlan_wep.o
insmod: Not configured to support old kernels
Using /lib/modules/wlan_tkip.o
insmod: Not configured to support old kernels
Using /lib/modules/wlan_scan_sta.o
insmod: Not configured to support old kernels
Using /lib/modules/wlan_scan_ap.o
insmod: Not configured to support old kernels
Using /lib/modules/wlan_ccmp.o
insmod: Not configured to support old kernels
Using /lib/modules/wlan_acl.o
insmod: Not configured to support old kernels
Using /lib/modules/ath_hal.o
insmod: Not configured to support old kernels
Using /lib/modules/ath_rate_atheros.o
insmod: Not configured to support old kernels
Using /lib/modules/ath_dfs.o
insmod: Not configured to support old kernels
[   18.053732] firmadyne: sys_socket[PID: 253 (rgdb)]: family:1, type:2, protocol:0
The countrycode is 840.
Using /lib/modules/ath_ahb.o
insmod: Not configured to support old kernels
[   18.314989] firmadyne: sys_socket[PID: 260 (wlanconfig)]: family:2, type:1, protocol:0
wlanconfig: ioctl: No such device
[   18.462177] firmadyne: sys_socket[PID: 268 (ifconfig)]: family:2, type:1, protocol:0
SIOCSIFHWADDR: No such device
Using /lib/modules/ar231x_access.o
insmod: Not configured to support old kernels
[   18.634551] firmadyne: sys_socket[PID: 277 (ifconfig)]: family:2, type:1, protocol:0
[   18.652203] IPv6: ADDRCONF(NETDEV_UP): eth0: link is not ready
[   18.652958] 8021q: adding VLAN 0 to HW filter on device eth0
[   18.657695] e1000: eth0 NIC Link is Up 1000 Mbps Full Duplex, Flow Control: RX
[   18.659407] IPv6: ADDRCONF(NETDEV_CHANGE): eth0: link becomes ready
[   18.713614] firmadyne: sys_socket[PID: 278 (rgdb)]: family:1, type:2, protocol:0
[   18.778450] firmadyne: sys_socket[PID: 280 (rgdb)]: family:1, type:2, protocol:0
[   18.865731] firmadyne: sys_socket[PID: 282 (rgdb)]: family:1, type:2, protocol:0
[   18.933941] firmadyne: sys_socket[PID: 284 (vconfig)]: family:2, type:2, protocol:0
Set name-type for VLAN subsystem. Should be visible in /proc/net/vlan/config
[   18.981239] firmadyne: sys_socket[PID: 285 (vconfig)]: family:2, type:2, protocol:0
[   18.982710] firmadyne: register_vlan_dev[PID: 285 (vconfig)]: dev:eth0.0 vlan_id:0
[   19.043921] firmadyne: sys_socket[PID: 286 (vconfig)]: family:2, type:2, protocol:0
[   19.045403] firmadyne: register_vlan_dev[PID: 286 (vconfig)]: dev:eth0.2 vlan_id:2
[   19.104958] firmadyne: sys_socket[PID: 287 (brctl)]: family:2, type:2, protocol:0
[   19.165599] firmadyne: sys_socket[PID: 288 (brctl)]: family:2, type:2, protocol:0
[   19.170110] firmadyne: sys_socket[PID: 288 (brctl)]: family:10, type:1, protocol:0
[   19.216004] firmadyne: sys_socket[PID: 289 (brctl)]: family:2, type:2, protocol:0
[   19.219210] firmadyne: sys_socket[PID: 289 (brctl)]: family:10, type:1, protocol:0
[   19.243653] firmadyne: sys_socket[PID: 290 (ifconfig)]: family:2, type:1, protocol:0
[   19.247829] firmadyne: __inet_insert_ifa[PID: 290 (ifconfig)]: device:br0 ifa:0x00000000
[/etc/templates/webs.sh] start ...
[   19.391404] firmadyne: sys_socket[PID: 294 (rgdb)]: family:1, type:2, protocol:0
[   19.502090] firmadyne: sys_socket[PID: 295 (rgdb)]: family:1, type:2, protocol:0
[/var/run/webs_start.sh] ...
Starting HTTPD ...
[/etc/init.d/S03config.sh] done!
[/etc/init.d/S10system.sh]
[   19.873949] firmadyne: sys_socket[PID: 304 (rgdb)]: family:1, type:2, protocol:0
start scheduled ...
[/etc/templates/scheduled.sh] start ...
[   20.176907] firmadyne: sys_socket[PID: 309 (rgdb)]: family:1, type:2, protocol:0
[   20.240410] firmadyne: sys_socket[PID: 312 (route)]: family:2, type:1, protocol:0
[   20.363174] firmadyne: sys_socket[PID: 315 (xmldbc)]: family:1, type:2, protocol:0
[   20.368938] cfg80211: Calling CRDA to update world regulatory domain
[   20.394028] firmadyne: sys_socket[PID: 313 (httpd)]: family:2, type:2, protocol:0
[   20.395119] firmadyne: sys_setsockopt[PID: 313 (httpd)]: fd:4, level:65535, optname:4
[   20.396334] firmadyne: sys_setsockopt[PID: 313 (httpd)]: fd:4, level:65535, optname:25
[   20.411231] firmadyne: inet_bind[PID: 313 (httpd)]: proto:SOCK_STREAM, port:49152
[   20.421240] firmadyne: sys_socket[PID: 313 (httpd)]: family:2, type:1, protocol:0
[   20.422069] firmadyne: sys_setsockopt[PID: 313 (httpd)]: fd:5, level:65535, optname:4
[   20.422870] firmadyne: sys_setsockopt[PID: 313 (httpd)]: fd:5, level:65535, optname:25
[   20.423628] firmadyne: inet_bind[PID: 313 (httpd)]: proto:SOCK_DGRAM, port:1900
[   20.424530] firmadyne: sys_setsockopt[PID: 313 (httpd)]: fd:5, level:0, optname:35
[   20.428114] firmadyne: sys_socket[PID: 313 (httpd)]: family:2, type:2, protocol:0
[   20.429133] firmadyne: sys_setsockopt[PID: 313 (httpd)]: fd:6, level:65535, optname:4
[   20.429929] firmadyne: sys_setsockopt[PID: 313 (httpd)]: fd:6, level:65535, optname:25
[   20.430665] firmadyne: inet_bind[PID: 313 (httpd)]: proto:SOCK_STREAM, port:80
[   20.495481] firmadyne: sys_socket[PID: 313 (httpd)]: family:1, type:1, protocol:0
[   20.498537] firmadyne: sys_socket[PID: 316 (xmldbc)]: family:1, type:2, protocol:0
[/var/run/scheduled_start.sh] ...
Start scheduled ...
setup layout ...
[   20.679889] firmadyne: sys_socket[PID: 320 (scheduled)]: family:1, type:1, protocol:0
[/etc/scripts/layout.sh] start ...
[   20.784608] firmadyne: sys_socket[PID: 325 (rgdb)]: family:1, type:2, protocol:0
[   20.904437] firmadyne: sys_socket[PID: 326 (rgdb)]: family:1, type:2, protocol:0
[/var/run/layout_start.sh] ...
Start router layout ...
/proc/driver/ae531x: cannot create
/proc/driver/ae531x: cannot create
/proc/driver/ae531x: cannot create
/proc/driver/ae531x: cannot create
/proc/driver/ae531x: cannot create
/proc/driver/ae531x: cannot create
/proc/driver/ae531x: cannot create
/proc/driver/ae531x: cannot create
/proc/driver/ae531x: cannot create
/proc/driver/ae531x: cannot create
[   21.157354] firmadyne: sys_socket[PID: 340 (ifconfig)]: family:2, type:1, protocol:0
[   21.179988] firmadyne: sys_socket[PID: 341 (ifconfig)]: family:2, type:1, protocol:0
[   21.226585] firmadyne: sys_socket[PID: 342 (brctl)]: family:2, type:2, protocol:0
[   21.231085] firmadyne: sys_socket[PID: 342 (brctl)]: family:10, type:1, protocol:0
[   21.234526] firmadyne: sys_socket[PID: 342 (brctl)]: family:10, type:1, protocol:0
interface ath0 does not exist!
[   21.300505] firmadyne: sys_socket[PID: 347 (brctl)]: family:2, type:2, protocol:0
[   21.303942] firmadyne: sys_socket[PID: 347 (brctl)]: family:10, type:1, protocol:0
[   21.307712] firmadyne: sys_socket[PID: 347 (brctl)]: family:10, type:1, protocol:0
[   21.310762] firmadyne: br_add_if[PID: 347 (brctl)]: br:br0 dev:eth0.0
[   21.316055] device eth0.0 entered promiscuous mode
[   21.316520] device eth0 entered promiscuous mode
[   21.319415] br0: port 1(eth0.0) entered forwarding state
[   21.320291] br0: port 1(eth0.0) entered forwarding state
[   21.367711] firmadyne: sys_socket[PID: 348 (brctl)]: family:2, type:2, protocol:0
[   21.372589] firmadyne: sys_socket[PID: 348 (brctl)]: family:10, type:1, protocol:0
[   21.375313] firmadyne: sys_socket[PID: 348 (brctl)]: family:10, type:1, protocol:0
can't find port ath0 in bridge br0
[   21.418769] firmadyne: sys_socket[PID: 353 (ifconfig)]: family:2, type:1, protocol:0
[   21.467959] firmadyne: sys_socket[PID: 354 (rgdb)]: family:1, type:2, protocol:0
start LAN ...
[/etc/templates/lan.sh] ...
[   21.641303] firmadyne: sys_socket[PID: 359 (rgdb)]: family:1, type:2, protocol:0
[   21.889794] firmadyne: sys_socket[PID: 360 (rgdb)]: family:1, type:2, protocol:0
[/var/run/lan_start.sh] ...
Start LAN (br0/192.168.0.1/255.255.255.0)...
[   22.128641] firmadyne: sys_socket[PID: 364 (ifconfig)]: family:2, type:1, protocol:0
[   22.130690] firmadyne: __inet_insert_ifa[PID: 364 (ifconfig)]: device:br0 ifa:0xc0a80001
Start DHCP server (br0) ...
[   22.320987] firmadyne: sys_socket[PID: 368 (dhcpxmlpatch)]: family:1, type:2, protocol:0
start fresetd ...
[   22.388863] firmadyne: sys_socket[PID: 367 (udhcpd)]: family:2, type:3, protocol:255
[   22.398793] firmadyne: sys_socket[PID: 367 (udhcpd)]: family:2, type:1, protocol:17
[   22.399770] firmadyne: sys_setsockopt[PID: 367 (udhcpd)]: fd:5, level:65535, optname:4
[   22.400577] firmadyne: sys_setsockopt[PID: 367 (udhcpd)]: fd:5, level:65535, optname:32
enable LAN ports ...
[   22.417140] firmadyne: sys_setsockopt[PID: 367 (udhcpd)]: fd:5, level:65535, optname:25
[   22.418073] firmadyne: inet_bind[PID: 367 (udhcpd)]: proto:SOCK_DGRAM, port:67
Factory reset time : 5 secs
WPS command : [/etc/templates/wps.sh pbc &]
/proc/driver/ae531xgpio_outen: can not open [/proc/ar231x/gpio_cr7] to write.
: cannot create
/proc/driver/ae531x: cannot create
/proc/driver/ae531x: cannot create
/proc/driver/ae531x: cannot create
start WLAN ...
[/etc/templates/wlan.sh] start ...
[   22.708934] firmadyne: sys_socket[PID: 383 (rgdb)]: family:1, type:2, protocol:0
[   23.226985] firmadyne: sys_socket[PID: 386 (rgdb)]: family:1, type:2, protocol:0
[/var/run/wlan_start.sh] ...
Start WLAN interface ath0 ...
[   23.512933] cfg80211: Calling CRDA to update world regulatory domain
[   23.530263] firmadyne: sys_socket[PID: 390 (iwpriv)]: family:2, type:1, protocol:0
ath0      no private ioctls.

[   23.575721] firmadyne: sys_socket[PID: 391 (iwpriv)]: family:2, type:1, protocol:0
ath0      no private ioctls.

[   23.622201] firmadyne: sys_socket[PID: 392 (iwpriv)]: family:2, type:1, protocol:0
ath0      no private ioctls.

[   23.677495] firmadyne: sys_socket[PID: 393 (brctl)]: family:2, type:2, protocol:0
[   23.682353] firmadyne: sys_socket[PID: 393 (brctl)]: family:10, type:1, protocol:0
[   23.686274] firmadyne: sys_socket[PID: 393 (brctl)]: family:10, type:1, protocol:0
can't find port ath0 in bridge br0
[   23.750039] firmadyne: sys_socket[PID: 398 (iwpriv)]: family:2, type:1, protocol:0
ath0      no private ioctls.

[   23.794787] firmadyne: sys_socket[PID: 399 (iwpriv)]: family:2, type:1, protocol:0
ath0      no private ioctls.

[   23.840492] firmadyne: sys_socket[PID: 400 (iwpriv)]: family:2, type:1, protocol:0
ath0      no private ioctls.

[   23.885497] firmadyne: sys_socket[PID: 401 (iwpriv)]: family:2, type:1, protocol:0
ath0      no private ioctls.

[   23.929739] firmadyne: sys_socket[PID: 402 (iwpriv)]: family:2, type:1, protocol:0
ath0      no private ioctls.

[   23.974352] firmadyne: sys_socket[PID: 403 (iwconfig)]: family:2, type:1, protocol:0
Error for wireless request "Set Frequency" (8B04) :
    SET failed on device ath0 ; Invalid argument.
[   24.023772] firmadyne: sys_socket[PID: 404 (iwconfig)]: family:2, type:1, protocol:0
Error for wireless request "Set RTS Threshold" (8B22) :
    SET failed on device ath0 ; Invalid argument.
[   24.072567] firmadyne: sys_socket[PID: 405 (iwconfig)]: family:2, type:1, protocol:0
Error for wireless request "Set Fragmentation Threshold" (8B24) :
    SET failed on device ath0 ; Invalid argument.
[   24.121923] firmadyne: sys_socket[PID: 406 (iwconfig)]: family:2, type:1, protocol:0
Error for wireless request "Set Bit Rate" (8B20) :
    SET failed on device ath0 ; Invalid argument.
[   24.175509] firmadyne: sys_socket[PID: 407 (iwpriv)]: family:2, type:1, protocol:0
ath0      no private ioctls.

[   24.220389] firmadyne: sys_socket[PID: 408 (iwpriv)]: family:2, type:1, protocol:0
ath0      no private ioctls.

/proc/net/br_forward_br0: cannot create
[   24.275748] firmadyne: sys_socket[PID: 410 (iwpriv)]: family:2, type:1, protocol:0
ath0      no private ioctls.

[   24.321819] firmadyne: sys_socket[PID: 411 (iwpriv)]: family:2, type:1, protocol:0
ath0      no private ioctls.

[   24.369648] firmadyne: sys_socket[PID: 412 (iwpriv)]: family:2, type:1, protocol:0
ath0      no private ioctls.

[   24.424152] firmadyne: sys_socket[PID: 413 (iwpriv)]: family:2, type:1, protocol:0
ath0      no private ioctls.

[   24.478428] firmadyne: sys_socket[PID: 414 (iwconfig)]: family:2, type:1, protocol:0
Error for wireless request "Set ESSID" (8B1A) :
    SET failed on device ath0 ; Invalid argument.
[   24.558965] firmadyne: sys_socket[PID: 417 (ifconfig)]: family:2, type:1, protocol:0
SIOCGIFFLAGS: No such device
[   24.654859] firmadyne: sys_socket[PID: 416 (wlxmlpatch)]: family:1, type:2, protocol:0
Configuration file: /var/run/hostapd.ath0.conf
[   24.676338] firmadyne: sys_socket[PID: 416 (wlxmlpatch)]: family:1, type:2, protocol:0
[   24.686145] firmadyne: sys_socket[PID: 416 (wlxmlpatch)]: family:2, type:1, protocol:0
madwifi_poll: ioctl_get_ssid() fail, return -1 !
[   24.702134] firmadyne: sys_socket[PID: 416 (wlxmlpatch)]: family:1, type:2, protocol:0
[   24.714518] firmadyne: sys_socket[PID: 415 (hostapd)]: family:2, type:1, protocol:0
[   24.759222] firmadyne: sys_socket[PID: 422 (usockc)]: family:1, type:1, protocol:0
ioctl(SIOCGIFINDEX): No such device
madwifi driver initialization failed.
Unable to open socket file : /var/run/fresetd_unixsock
[   24.849554] firmadyne: inet_accept[PID: 313 (httpd)]:
[   24.851054] firmadyne: inet_accept[PID: 313 (httpd)]:
[/etc/templates/wps.sh] setie ...
[   24.925180] firmadyne: sys_socket[PID: 429 (xmldbc)]: family:1, type:2, protocol:0
[   25.038660] firmadyne: sys_socket[PID: 430 (wps)]: family:1, type:1, protocol:0
[   26.015351] firmadyne: sys_socket[PID: 431 (atp)]: family:1, type:2, protocol:0
[   26.657349] cfg80211: Calling CRDA to update world regulatory domain
[   27.459576] firmadyne: sys_socket[PID: 432 (atp)]: family:1, type:2, protocol:0
[   28.144923] firmadyne: sys_socket[PID: 430 (wps)]: family:1, type:1, protocol:0
[   29.154800] firmadyne: sys_socket[PID: 430 (wps)]: family:1, type:1, protocol:0
[   29.293932] firmadyne: sys_socket[PID: 433 (atp)]: family:1, type:2, protocol:0
[   29.802987] cfg80211: Calling CRDA to update world regulatory domain
[/usr/sbin/submit] COMMIT ...
[   30.014028] firmadyne: sys_socket[PID: 439 (xmldbc)]: family:1, type:2, protocol:0
[/etc/scripts/misc/profile.sh] put ...
[   30.173251] firmadyne: sys_socket[PID: 430 (wps)]: family:1, type:1, protocol:0
[   30.272238] firmadyne: sys_socket[PID: 445 (rgdb)]: family:1, type:2, protocol:0
ok
[   30.620407] firmadyne: sys_socket[PID: 434 (xgi)]: family:1, type:2, protocol:0
[   30.630916] 
do_page_fault(): sending SIGSEGV to xgi for invalid read access from 79777a79
[   30.631564] epc = 77036bf4 in libc.so.0[76fe5000+63000]
[   30.632450] ra  = 77032178 in libc.so.0[76fe5000+63000]
[   30.633297] 
[   30.635451] potentially unexpected fatal signal 11.
[   30.636094] CPU: 0 PID: 434 Comm: xgi Not tainted 4.1.17+ #1
[   30.636897] task: 8f1dba28 ti: 8f1fe000 task.ti: 8f1fe000
[   30.637353] $ 0   : 00000000 77046374 ffffffff 00000054
[   30.638048] $ 4   : 77045ee0 79777a79 00000001 7708d56c
[   30.638731] $ 8   : 00400f11 00000000 770d1138 76fe9f14
[   30.639405] $12   : 00000275 0b8da995 76feced4 00400f09
[   30.640081] $16   : 7f9e7d70 00000002 77045ee0 00000005
[   30.640914] $20   : 004085f4 00000000 00000000 7f9e7338
[   30.641594] $24   : 76fe77c4 77036bd0                  
[   30.642279] $28   : 77090460 7f9e6ea8 00000000 77032178
[   30.642976] Hi    : 000000d2
[   30.643307] Lo    : 0002de65
[   30.643748] epc   : 77036bf4 0x77036bf4
[   30.644194] ra    : 77032178 0x77032178
[   30.644729] Status: 0000a413	USER EXL IE 
[   30.645300] Cause : 10800008
[   30.645632] BadVA : 79777a79
[   30.645985] PrId  : 00019300 (MIPS 24Kc)
[   31.181151] firmadyne: sys_socket[PID: 430 (wps)]: family:1, type:1, protocol:0
[   31.182539] firmadyne: sys_socket[PID: 430 (wps)]: family:1, type:1, protocol:0
[   31.184100] firmadyne: sys_socket[PID: 430 (wps)]: family:1, type:1, protocol:0
[   31.221276] firmadyne: sys_socket[PID: 451 (atp)]: family:1, type:2, protocol:0
[   32.205035] firmadyne: sys_socket[PID: 430 (wps)]: family:1, type:1, protocol:0
[   32.253698] firmadyne: sys_socket[PID: 452 (atp)]: family:1, type:2, protocol:0
[   32.949012] cfg80211: Calling CRDA to update world regulatory domain
[   33.213275] firmadyne: sys_socket[PID: 430 (wps)]: family:1, type:1, protocol:0
[   34.225922] firmadyne: sys_socket[PID: 430 (wps)]: family:1, type:1, protocol:0
[   34.236226] firmadyne: sys_socket[PID: 430 (wps)]: family:1, type:1, protocol:0
Start WLAN interface ath0 Done !!!
start Guest Zone
[/etc/templates/gzone.sh] ...
[   34.444248] firmadyne: sys_socket[PID: 459 (xmldbc)]: family:1, type:2, protocol:0
[   34.499654] firmadyne: sys_socket[PID: 460 (xmldbc)]: family:1, type:2, protocol:0
[/etc/templates/enable_gzone.sh] ...
start RG ...
[/etc/templates/rg.sh] start ...
[   34.780140] firmadyne: sys_socket[PID: 468 (atp)]: family:1, type:2, protocol:0
[   34.841090] firmadyne: sys_socket[PID: 470 (rgdb)]: family:1, type:2, protocol:0
[   34.899172] firmadyne: sys_socket[PID: 471 (rgdb)]: family:1, type:2, protocol:0
[   35.407936] firmadyne: sys_socket[PID: 473 (atp)]: family:1, type:2, protocol:0
[/var/run/rg_start.sh] ...
[   35.487886] firmadyne: sys_socket[PID: 475 (iptables)]: family:2, type:3, protocol:255
[   35.494857] firmadyne: sys_setsockopt[PID: 475 (iptables)]: fd:3, level:0, optname:64
[   35.496835] firmadyne: sys_setsockopt[PID: 475 (iptables)]: fd:3, level:0, optname:65
[   35.545354] firmadyne: sys_socket[PID: 476 (iptables)]: family:2, type:3, protocol:255
modprobe: could not parse modules.dep

[   35.578372] firmadyne: sys_socket[PID: 476 (iptables)]: family:2, type:3, protocol:255
iptables v1.2.9: can't initialize iptables table `nat': Table does not exist (do you need to insmod?)
Perhaps iptables or your kernel needs to be upgraded.
[   35.643801] firmadyne: sys_socket[PID: 482 (iptables)]: family:2, type:3, protocol:255
[   35.650044] firmadyne: sys_setsockopt[PID: 482 (iptables)]: fd:3, level:0, optname:64
[   35.651765] firmadyne: sys_setsockopt[PID: 482 (iptables)]: fd:3, level:0, optname:65
[   35.699638] firmadyne: sys_socket[PID: 483 (iptables)]: family:2, type:3, protocol:255
[   35.750496] firmadyne: sys_socket[PID: 484 (iptables)]: family:2, type:3, protocol:255
modprobe: could not parse modules.dep

[   35.782965] firmadyne: sys_socket[PID: 484 (iptables)]: family:2, type:3, protocol:255
iptables v1.2.9: can't initialize iptables table `nat': Table does not exist (do you need to insmod?)
Perhaps iptables or your kernel needs to be upgraded.
[   35.849236] firmadyne: sys_socket[PID: 490 (iptables)]: family:2, type:3, protocol:255
[   35.899559] firmadyne: sys_socket[PID: 491 (iptables)]: family:2, type:3, protocol:255
[   35.904859] firmadyne: sys_setsockopt[PID: 491 (iptables)]: fd:3, level:0, optname:64
[   35.906362] firmadyne: sys_setsockopt[PID: 491 (iptables)]: fd:3, level:0, optname:65
[   35.971327] firmadyne: sys_socket[PID: 492 (iptables)]: family:2, type:3, protocol:255
[   35.980235] firmadyne: sys_setsockopt[PID: 492 (iptables)]: fd:3, level:0, optname:64
[   35.982494] firmadyne: sys_setsockopt[PID: 492 (iptables)]: fd:3, level:0, optname:65
[   36.064636] firmadyne: sys_socket[PID: 493 (atp)]: family:1, type:2, protocol:0
[   36.098370] cfg80211: Exceeded CRDA call max attempts. Not calling CRDA
[   36.102959] firmadyne: sys_socket[PID: 494 (iptables)]: family:2, type:3, protocol:255
[   36.111151] firmadyne: sys_setsockopt[PID: 494 (iptables)]: fd:3, level:0, optname:64
[   36.115211] firmadyne: sys_setsockopt[PID: 494 (iptables)]: fd:3, level:0, optname:65
[   36.166287] firmadyne: sys_socket[PID: 495 (iptables)]: family:2, type:3, protocol:255
modprobe: could not parse modules.dep

[   36.199366] firmadyne: sys_socket[PID: 495 (iptables)]: family:2, type:3, protocol:255
iptables v1.2.9: can't initialize iptables table `nat': Table does not exist (do you need to insmod?)
Perhaps iptables or your kernel needs to be upgraded.
[   36.269954] firmadyne: sys_socket[PID: 501 (iptables)]: family:2, type:3, protocol:255
modprobe: could not parse modules.dep

[   36.301968] firmadyne: sys_socket[PID: 501 (iptables)]: family:2, type:3, protocol:255
iptables v1.2.9: can't initialize iptables table `nat': Table does not exist (do you need to insmod?)
Perhaps iptables or your kernel needs to be upgraded.
[   36.376219] firmadyne: sys_socket[PID: 507 (iptables)]: family:2, type:3, protocol:255
[   36.380619] firmadyne: sys_setsockopt[PID: 507 (iptables)]: fd:3, level:0, optname:64
[   36.384139] firmadyne: sys_setsockopt[PID: 507 (iptables)]: fd:3, level:0, optname:65
[   36.438264] firmadyne: sys_socket[PID: 508 (iptables)]: family:2, type:3, protocol:255
modprobe: could not parse modules.dep

[   36.471992] firmadyne: sys_socket[PID: 508 (iptables)]: family:2, type:3, protocol:255
iptables v1.2.9: can't initialize iptables table `nat': Table does not exist (do you need to insmod?)
Perhaps iptables or your kernel needs to be upgraded.
[   36.532393] firmadyne: sys_socket[PID: 514 (iptables)]: family:2, type:3, protocol:255
modprobe: could not parse modules.dep

[   36.559547] firmadyne: sys_socket[PID: 514 (iptables)]: family:2, type:3, protocol:255
iptables v1.2.9: can't initialize iptables table `nat': Table does not exist (do you need to insmod?)
Perhaps iptables or your kernel needs to be upgraded.
[   36.657509] firmadyne: sys_socket[PID: 520 (iptables)]: family:2, type:3, protocol:255
modprobe: could not parse modules.dep

[   36.717630] firmadyne: sys_socket[PID: 520 (iptables)]: family:2, type:3, protocol:255
[   36.720059] firmadyne: sys_socket[PID: 521 (atp)]: family:1, type:2, protocol:0
iptables v1.2.9: can't initialize iptables table `nat': Table does not exist (do you need to insmod?)
Perhaps iptables or your kernel needs to be upgraded.
[   36.805860] firmadyne: sys_socket[PID: 527 (iptables)]: family:2, type:3, protocol:255
modprobe: could not parse modules.dep

[   36.835638] firmadyne: sys_socket[PID: 527 (iptables)]: family:2, type:3, protocol:255
iptables v1.2.9: can't initialize iptables table `nat': Table does not exist (do you need to insmod?)
Perhaps iptables or your kernel needs to be upgraded.
[   36.899287] firmadyne: sys_socket[PID: 533 (iptables)]: family:2, type:3, protocol:255
modprobe: could not parse modules.dep

[   36.928646] firmadyne: sys_socket[PID: 533 (iptables)]: family:2, type:3, protocol:255
iptables v1.2.9: can't initialize iptables table `nat': Table does not exist (do you need to insmod?)
Perhaps iptables or your kernel needs to be upgraded.
[   36.997729] firmadyne: sys_socket[PID: 539 (iptables)]: family:2, type:3, protocol:255
modprobe: could not parse modules.dep

[   37.029970] firmadyne: sys_socket[PID: 539 (iptables)]: family:2, type:3, protocol:255
iptables v1.2.9: can't initialize iptables table `nat': Table does not exist (do you need to insmod?)
Perhaps iptables or your kernel needs to be upgraded.
[   37.100183] firmadyne: sys_socket[PID: 545 (iptables)]: family:2, type:3, protocol:255
modprobe: could not parse modules.dep

[   37.132261] firmadyne: sys_socket[PID: 545 (iptables)]: family:2, type:3, protocol:255
iptables v1.2.9: can't initialize iptables table `nat': Table does not exist (do you need to insmod?)
Perhaps iptables or your kernel needs to be upgraded.
[   37.201494] firmadyne: sys_socket[PID: 551 (iptables)]: family:2, type:3, protocol:255
modprobe: could not parse modules.dep

[   37.233734] firmadyne: sys_socket[PID: 551 (iptables)]: family:2, type:3, protocol:255
iptables v1.2.9: can't initialize iptables table `nat': Table does not exist (do you need to insmod?)
Perhaps iptables or your kernel needs to be upgraded.
[   37.356994] firmadyne: sys_socket[PID: 558 (atp)]: family:1, type:2, protocol:0
[   37.366784] firmadyne: sys_socket[PID: 557 (iptables)]: family:2, type:3, protocol:255
modprobe: could not parse modules.dep

[   37.421288] firmadyne: sys_socket[PID: 557 (iptables)]: family:2, type:3, protocol:255
iptables v1.2.9: can't initialize iptables table `nat': Table does not exist (do you need to insmod?)
Perhaps iptables or your kernel needs to be upgraded.
[   37.490737] firmadyne: sys_socket[PID: 564 (iptables)]: family:2, type:3, protocol:255
modprobe: could not parse modules.dep

[   37.521702] firmadyne: sys_socket[PID: 564 (iptables)]: family:2, type:3, protocol:255
iptables v1.2.9: can't initialize iptables table `nat': Table does not exist (do you need to insmod?)
Perhaps iptables or your kernel needs to be upgraded.
[   37.590851] firmadyne: sys_socket[PID: 570 (iptables)]: family:2, type:3, protocol:255
modprobe: could not parse modules.dep

[   37.622283] firmadyne: sys_socket[PID: 570 (iptables)]: family:2, type:3, protocol:255
iptables v1.2.9: can't initialize iptables table `nat': Table does not exist (do you need to insmod?)
Perhaps iptables or your kernel needs to be upgraded.
[   37.690789] firmadyne: sys_socket[PID: 576 (iptables)]: family:2, type:3, protocol:255
modprobe: could not parse modules.dep

[   37.721567] firmadyne: sys_socket[PID: 576 (iptables)]: family:2, type:3, protocol:255
iptables v1.2.9: can't initialize iptables table `nat': Table does not exist (do you need to insmod?)
Perhaps iptables or your kernel needs to be upgraded.
[   37.789471] firmadyne: sys_socket[PID: 582 (iptables)]: family:2, type:3, protocol:255
[   37.792561] firmadyne: sys_setsockopt[PID: 582 (iptables)]: fd:3, level:0, optname:64
[   37.795795] firmadyne: sys_setsockopt[PID: 582 (iptables)]: fd:3, level:0, optname:65
[   37.849921] firmadyne: sys_socket[PID: 583 (iptables)]: family:2, type:3, protocol:255
[   37.854977] firmadyne: sys_setsockopt[PID: 583 (iptables)]: fd:3, level:0, optname:64
[   37.856578] firmadyne: sys_setsockopt[PID: 583 (iptables)]: fd:3, level:0, optname:65
[   37.939512] firmadyne: sys_socket[PID: 584 (iptables)]: family:2, type:3, protocol:255
[   37.951754] firmadyne: sys_setsockopt[PID: 584 (iptables)]: fd:3, level:0, optname:64
[   37.955186] firmadyne: sys_setsockopt[PID: 584 (iptables)]: fd:3, level:0, optname:65
[   38.003613] firmadyne: sys_socket[PID: 585 (atp)]: family:1, type:2, protocol:0
[   38.064946] firmadyne: sys_socket[PID: 586 (iptables)]: family:2, type:3, protocol:255
[   38.071829] firmadyne: sys_setsockopt[PID: 586 (iptables)]: fd:3, level:0, optname:64
[   38.075297] firmadyne: sys_setsockopt[PID: 586 (iptables)]: fd:3, level:0, optname:65
[   38.130546] firmadyne: sys_socket[PID: 587 (iptables)]: family:2, type:3, protocol:255
[   38.136858] firmadyne: sys_setsockopt[PID: 587 (iptables)]: fd:3, level:0, optname:64
[   38.138587] firmadyne: sys_setsockopt[PID: 587 (iptables)]: fd:3, level:0, optname:65
[   38.192197] firmadyne: sys_socket[PID: 588 (iptables)]: family:2, type:3, protocol:255
[   38.198905] firmadyne: sys_setsockopt[PID: 588 (iptables)]: fd:3, level:0, optname:64
[   38.200882] firmadyne: sys_setsockopt[PID: 588 (iptables)]: fd:3, level:0, optname:65
[   38.254868] firmadyne: sys_socket[PID: 589 (iptables)]: family:2, type:3, protocol:255
[   38.261519] firmadyne: sys_setsockopt[PID: 589 (iptables)]: fd:3, level:0, optname:64
[   38.263307] firmadyne: sys_setsockopt[PID: 589 (iptables)]: fd:3, level:0, optname:65
[   38.335051] firmadyne: sys_socket[PID: 590 (iptables)]: family:2, type:3, protocol:255
[   38.342085] firmadyne: sys_setsockopt[PID: 590 (iptables)]: fd:3, level:0, optname:64
iptables: Protocol wrong type for socket
[   38.419852] firmadyne: sys_socket[PID: 593 (iptables)]: family:2, type:3, protocol:255
modprobe: could not parse modules.dep

[   38.451260] firmadyne: sys_socket[PID: 593 (iptables)]: family:2, type:3, protocol:255
iptables v1.2.9: can't initialize iptables table `nat': Table does not exist (do you need to insmod?)
Perhaps iptables or your kernel needs to be upgraded.
[   38.536311] firmadyne: sys_socket[PID: 599 (iptables)]: family:2, type:3, protocol:255
modprobe: could not parse modules.dep

[   38.591978] firmadyne: sys_socket[PID: 599 (iptables)]: family:2, type:3, protocol:255
iptables v1.2.9: can't initialize iptables table `nat': Table does not exist (do you need to insmod?)
Perhaps iptables or your kernel needs to be upgraded.
[   38.685432] firmadyne: sys_socket[PID: 603 (atp)]: family:1, type:2, protocol:0
[   38.777637] firmadyne: sys_socket[PID: 606 (iptables)]: family:2, type:3, protocol:255
modprobe: could not parse modules.dep

[   38.845981] firmadyne: sys_socket[PID: 606 (iptables)]: family:2, type:3, protocol:255
iptables v1.2.9: can't initialize iptables table `nat': Table does not exist (do you need to insmod?)
Perhaps iptables or your kernel needs to be upgraded.
[   38.983212] firmadyne: sys_socket[PID: 612 (iptables)]: family:2, type:3, protocol:255
modprobe: could not parse modules.dep

[   39.048632] firmadyne: sys_socket[PID: 612 (iptables)]: family:2, type:3, protocol:255
iptables v1.2.9: can't initialize iptables table `nat': Table does not exist (do you need to insmod?)
Perhaps iptables or your kernel needs to be upgraded.
[   39.222638] firmadyne: sys_socket[PID: 618 (iptables)]: family:2, type:3, protocol:255
modprobe: could not parse modules.dep

[   39.290361] firmadyne: sys_socket[PID: 618 (iptables)]: family:2, type:3, protocol:255
iptables v1.2.9: can't initialize iptables table `nat': Table does not exist (do you need to insmod?)
Perhaps iptables or your kernel needs to be upgraded.
[   39.446497] firmadyne: sys_socket[PID: 624 (iptables)]: family:2, type:3, protocol:255
modprobe: could not parse modules.dep

[   39.512174] firmadyne: sys_socket[PID: 624 (iptables)]: family:2, type:3, protocol:255
iptables v1.2.9: can't initialize iptables table `nat': Table does not exist (do you need to insmod?)
Perhaps iptables or your kernel needs to be upgraded.
[   39.687200] firmadyne: sys_socket[PID: 630 (iptables)]: family:2, type:3, protocol:255
modprobe: could not parse modules.dep

[   39.748547] firmadyne: sys_socket[PID: 630 (iptables)]: family:2, type:3, protocol:255
iptables v1.2.9: can't initialize iptables table `nat': Table does not exist (do you need to insmod?)
Perhaps iptables or your kernel needs to be upgraded.
[   39.933460] firmadyne: sys_socket[PID: 636 (iptables)]: family:2, type:3, protocol:255
modprobe: could not parse modules.dep

[   39.997444] firmadyne: sys_socket[PID: 636 (iptables)]: family:2, type:3, protocol:255
iptables v1.2.9: can't initialize iptables table `nat': Table does not exist (do you need to insmod?)
Perhaps iptables or your kernel needs to be upgraded.
[   40.165907] firmadyne: sys_socket[PID: 642 (iptables)]: family:2, type:3, protocol:255
modprobe: could not parse modules.dep

[   40.231864] firmadyne: sys_socket[PID: 642 (iptables)]: family:2, type:3, protocol:255
iptables v1.2.9: can't initialize iptables table `nat': Table does not exist (do you need to insmod?)
Perhaps iptables or your kernel needs to be upgraded.
[   40.389418] firmadyne: sys_socket[PID: 648 (iptables)]: family:2, type:3, protocol:255
modprobe: could not parse modules.dep

[   40.449665] firmadyne: sys_socket[PID: 648 (iptables)]: family:2, type:3, protocol:255
iptables v1.2.9: can't initialize iptables table `nat': Table does not exist (do you need to insmod?)
Perhaps iptables or your kernel needs to be upgraded.
[   40.631038] firmadyne: sys_socket[PID: 654 (iptables)]: family:2, type:3, protocol:255
modprobe: could not parse modules.dep

[   40.689543] firmadyne: sys_socket[PID: 654 (iptables)]: family:2, type:3, protocol:255
iptables v1.2.9: can't initialize iptables table `nat': Table does not exist (do you need to insmod?)
Perhaps iptables or your kernel needs to be upgraded.
[   40.781287] firmadyne: sys_socket[PID: 660 (iptables)]: family:2, type:3, protocol:255
modprobe: could not parse modules.dep

[   40.815173] firmadyne: sys_socket[PID: 660 (iptables)]: family:2, type:3, protocol:255
iptables v1.2.9: can't initialize iptables table `nat': Table does not exist (do you need to insmod?)
Perhaps iptables or your kernel needs to be upgraded.
[   40.903717] firmadyne: sys_socket[PID: 666 (iptables)]: family:2, type:3, protocol:255
modprobe: could not parse modules.dep

[   40.936079] firmadyne: sys_socket[PID: 666 (iptables)]: family:2, type:3, protocol:255
iptables v1.2.9: can't initialize iptables table `nat': Table does not exist (do you need to insmod?)
Perhaps iptables or your kernel needs to be upgraded.
[   41.017867] firmadyne: sys_socket[PID: 672 (iptables)]: family:2, type:3, protocol:255
modprobe: could not parse modules.dep

[   41.049912] firmadyne: sys_socket[PID: 672 (iptables)]: family:2, type:3, protocol:255
iptables v1.2.9: can't initialize iptables table `nat': Table does not exist (do you need to insmod?)
Perhaps iptables or your kernel needs to be upgraded.
[   41.181419] firmadyne: sys_socket[PID: 678 (iptables)]: family:2, type:3, protocol:255
[   41.201236] firmadyne: sys_socket[PID: 679 (atp)]: family:1, type:2, protocol:0
modprobe: could not parse modules.dep

[   41.245011] firmadyne: sys_socket[PID: 678 (iptables)]: family:2, type:3, protocol:255
iptables v1.2.9: can't initialize iptables table `nat': Table does not exist (do you need to insmod?)
Perhaps iptables or your kernel needs to be upgraded.
[   41.430764] firmadyne: sys_socket[PID: 685 (iptables)]: family:2, type:3, protocol:255
modprobe: could not parse modules.dep

[   41.489468] firmadyne: sys_socket[PID: 685 (iptables)]: family:2, type:3, protocol:255
iptables v1.2.9: can't initialize iptables table `nat': Table does not exist (do you need to insmod?)
Perhaps iptables or your kernel needs to be upgraded.
[   41.659898] firmadyne: sys_socket[PID: 691 (iptables)]: family:2, type:3, protocol:255
modprobe: could not parse modules.dep

[   41.690582] firmadyne: sys_socket[PID: 691 (iptables)]: family:2, type:3, protocol:255
iptables v1.2.9: can't initialize iptables table `nat': Table does not exist (do you need to insmod?)
Perhaps iptables or your kernel needs to be upgraded.
[   41.767689] firmadyne: sys_socket[PID: 697 (iptables)]: family:2, type:3, protocol:255
modprobe: could not parse modules.dep

[   41.797067] firmadyne: sys_socket[PID: 697 (iptables)]: family:2, type:3, protocol:255
iptables v1.2.9: can't initialize iptables table `nat': Table does not exist (do you need to insmod?)
Perhaps iptables or your kernel needs to be upgraded.
[   41.882934] firmadyne: sys_socket[PID: 703 (iptables)]: family:2, type:3, protocol:255
modprobe: could not parse modules.dep

[   41.912549] firmadyne: sys_socket[PID: 703 (iptables)]: family:2, type:3, protocol:255
iptables v1.2.9: can't initialize iptables table `nat': Table does not exist (do you need to insmod?)
Perhaps iptables or your kernel needs to be upgraded.
[   41.989689] firmadyne: sys_socket[PID: 709 (iptables)]: family:2, type:3, protocol:255
modprobe: could not parse modules.dep

[   42.019464] firmadyne: sys_socket[PID: 709 (iptables)]: family:2, type:3, protocol:255
iptables v1.2.9: can't initialize iptables table `nat': Table does not exist (do you need to insmod?)
Perhaps iptables or your kernel needs to be upgraded.
[   42.102037] firmadyne: sys_socket[PID: 715 (iptables)]: family:2, type:3, protocol:255
modprobe: could not parse modules.dep

[   42.131733] firmadyne: sys_socket[PID: 715 (iptables)]: family:2, type:3, protocol:255
iptables v1.2.9: can't initialize iptables table `nat': Table does not exist (do you need to insmod?)
Perhaps iptables or your kernel needs to be upgraded.
[   42.252415] firmadyne: sys_socket[PID: 722 (atp)]: family:1, type:2, protocol:0
[   42.274605] firmadyne: sys_socket[PID: 721 (iptables)]: family:2, type:3, protocol:255
modprobe: could not parse modules.dep

[   42.331911] firmadyne: sys_socket[PID: 721 (iptables)]: family:2, type:3, protocol:255
iptables v1.2.9: can't initialize iptables table `nat': Table does not exist (do you need to insmod?)
Perhaps iptables or your kernel needs to be upgraded.
[   42.494028] firmadyne: sys_socket[PID: 728 (iptables)]: family:2, type:3, protocol:255
modprobe: could not parse modules.dep

[   42.554887] firmadyne: sys_socket[PID: 728 (iptables)]: family:2, type:3, protocol:255
iptables v1.2.9: can't initialize iptables table `nat': Table does not exist (do you need to insmod?)
Perhaps iptables or your kernel needs to be upgraded.
[   42.698754] firmadyne: sys_socket[PID: 734 (iptables)]: family:2, type:3, protocol:255
modprobe: could not parse modules.dep

[   42.756896] firmadyne: sys_socket[PID: 734 (iptables)]: family:2, type:3, protocol:255
iptables v1.2.9: can't initialize iptables table `nat': Table does not exist (do you need to insmod?)
Perhaps iptables or your kernel needs to be upgraded.
[   42.927987] firmadyne: sys_socket[PID: 740 (iptables)]: family:2, type:3, protocol:255
modprobe: could not parse modules.dep

[   42.986918] firmadyne: sys_socket[PID: 740 (iptables)]: family:2, type:3, protocol:255
iptables v1.2.9: can't initialize iptables table `nat': Table does not exist (do you need to insmod?)
Perhaps iptables or your kernel needs to be upgraded.
[   43.143152] firmadyne: sys_socket[PID: 746 (iptables)]: family:2, type:3, protocol:255
modprobe: could not parse modules.dep

[   43.203927] firmadyne: sys_socket[PID: 746 (iptables)]: family:2, type:3, protocol:255
iptables v1.2.9: can't initialize iptables table `nat': Table does not exist (do you need to insmod?)
Perhaps iptables or your kernel needs to be upgraded.
[   43.377441] firmadyne: sys_socket[PID: 752 (portt)]: family:1, type:1, protocol:0
Using /lib/modules/sw_tcpip.o
insmod: Not configured to support old kernels
Using /lib/modules/ifresetcnt.o
insmod: Not configured to support old kernels
Using /lib/modules/ipt_string.o
insmod: Not configured to support old kernels
[   43.745535] firmadyne: sys_socket[PID: 761 (rgdb)]: family:1, type:2, protocol:0
/proc/sys/net/ipv4/ip_conntrack_max: cannot create
Using /lib/modules/ip_stun_func.o
insmod: Not configured to support old kernels
[   44.633977] firmadyne: sys_socket[PID: 765 (iptables)]: family:2, type:3, protocol:255
[   44.640943] firmadyne: sys_setsockopt[PID: 765 (iptables)]: fd:3, level:0, optname:64
[   44.642730] firmadyne: sys_setsockopt[PID: 765 (iptables)]: fd:3, level:0, optname:65
[   44.687588] firmadyne: sys_socket[PID: 766 (iptables)]: family:2, type:3, protocol:255
modprobe: could not parse modules.dep

[   44.717174] firmadyne: sys_socket[PID: 766 (iptables)]: family:2, type:3, protocol:255
iptables v1.2.9: can't initialize iptables table `nat': Table does not exist (do you need to insmod?)
Perhaps iptables or your kernel needs to be upgraded.
[   44.777556] firmadyne: sys_socket[PID: 772 (iptables)]: family:2, type:3, protocol:255
modprobe: could not parse modules.dep

[   44.807717] firmadyne: sys_socket[PID: 772 (iptables)]: family:2, type:3, protocol:255
iptables v1.2.9: can't initialize iptables table `nat': Table does not exist (do you need to insmod?)
Perhaps iptables or your kernel needs to be upgraded.
[   44.848220] firmadyne: sys_socket[PID: 778 (logger)]: family:1, type:1, protocol:0
[   44.904033] firmadyne: sys_socket[PID: 779 (iptables)]: family:2, type:3, protocol:255
[   44.910540] firmadyne: sys_setsockopt[PID: 779 (iptables)]: fd:3, level:0, optname:64
[   44.912303] firmadyne: sys_setsockopt[PID: 779 (iptables)]: fd:3, level:0, optname:65
[   44.957645] firmadyne: sys_socket[PID: 780 (iptables)]: family:2, type:3, protocol:255
[   44.964001] firmadyne: sys_setsockopt[PID: 780 (iptables)]: fd:3, level:0, optname:64
[   44.965941] firmadyne: sys_setsockopt[PID: 780 (iptables)]: fd:3, level:0, optname:65
[   44.987098] firmadyne: sys_socket[PID: 781 (logger)]: family:1, type:1, protocol:0
[   45.011816] firmadyne: sys_socket[PID: 782 (logger)]: family:1, type:1, protocol:0
[   45.070606] firmadyne: sys_socket[PID: 783 (iptables)]: family:2, type:3, protocol:255
[   45.082321] firmadyne: sys_setsockopt[PID: 783 (iptables)]: fd:3, level:0, optname:64
[   45.084101] firmadyne: sys_setsockopt[PID: 783 (iptables)]: fd:3, level:0, optname:65
[   45.148641] firmadyne: sys_socket[PID: 785 (logger)]: family:1, type:1, protocol:0
[   45.159691] firmadyne: sys_socket[PID: 784 (atp)]: family:1, type:2, protocol:0
[   45.219868] firmadyne: sys_socket[PID: 786 (logger)]: family:1, type:1, protocol:0
[   45.257133] firmadyne: sys_socket[PID: 787 (logger)]: family:1, type:1, protocol:0
[   45.365433] firmadyne: sys_socket[PID: 791 (iptables)]: family:2, type:3, protocol:255
[   45.371641] firmadyne: sys_setsockopt[PID: 791 (iptables)]: fd:3, level:0, optname:64
[   45.374939] firmadyne: sys_setsockopt[PID: 791 (iptables)]: fd:3, level:0, optname:65
[   45.421626] firmadyne: sys_socket[PID: 792 (iptables)]: family:2, type:3, protocol:255
modprobe: could not parse modules.dep

[   45.451416] firmadyne: sys_socket[PID: 792 (iptables)]: family:2, type:3, protocol:255
iptables v1.2.9: can't initialize iptables table `nat': Table does not exist (do you need to insmod?)
Perhaps iptables or your kernel needs to be upgraded.
sendto_unsock(/var/run/portt.unixsocket, flush)
[   45.512134] firmadyne: sys_socket[PID: 798 (trigger)]: family:1, type:1, protocol:0
/proc/sys/net/ipv4/arp_flood_burst: cannot create
/proc/sys/net/ipv4/arp_flood_cost: cannot create
start DNRD ...
[/etc/templates/dnrd.sh] ...
[   45.673070] firmadyne: sys_socket[PID: 805 (rgdb)]: family:1, type:2, protocol:0
[   45.873884] firmadyne: sys_socket[PID: 809 (rgdb)]: family:1, type:2, protocol:0
[/usr/sbin/submit] COMMIT ...
[   46.081735] firmadyne: sys_socket[PID: 814 (xmldbc)]: family:1, type:2, protocol:0
[   46.162126] firmadyne: sys_socket[PID: 815 (rgdb)]: family:1, type:2, protocol:0
[/etc/scripts/misc/profile.sh] put ...
[/var/run/dnrd_start.sh] ...
Start DNRD ...
[   46.604345] firmadyne: sys_socket[PID: 824 (dnrd)]: family:2, type:1, protocol:0
[   46.614062] firmadyne: sys_setsockopt[PID: 824 (dnrd)]: fd:4, level:65535, optname:4
[   46.614892] firmadyne: inet_bind[PID: 824 (dnrd)]: proto:SOCK_DGRAM, port:53
[   46.615618] firmadyne: sys_socket[PID: 824 (dnrd)]: family:2, type:2, protocol:0
[   46.616487] firmadyne: sys_setsockopt[PID: 824 (dnrd)]: fd:5, level:65535, optname:4
[   46.637377] firmadyne: inet_bind[PID: 824 (dnrd)]: proto:SOCK_STREAM, port:53
Notice: caching turned off
[   46.684185] firmadyne: sys_socket[PID: 827 (rgdb)]: family:1, type:2, protocol:0
[   46.771405] firmadyne: sys_socket[PID: 830 (rgdb)]: family:1, type:2, protocol:0
Start telnetd ...
[   47.103517] firmadyne: sys_socket[PID: 836 (rgdb)]: family:1, type:2, protocol:0
[   47.264504] firmadyne: sys_socket[PID: 837 (telnetd)]: family:2, type:2, protocol:0
[   47.283280] firmadyne: sys_setsockopt[PID: 837 (telnetd)]: fd:3, level:65535, optname:4
[   47.284202] firmadyne: sys_setsockopt[PID: 837 (telnetd)]: fd:3, level:65535, optname:25
[   47.292950] firmadyne: inet_bind[PID: 837 (telnetd)]: proto:SOCK_STREAM, port:23
[   47.355424] firmadyne: sys_socket[PID: 840 (rgdb)]: family:1, type:2, protocol:0
start UPNPD ...
ok
[/etc/templates/upnpd.sh] ...
[/usr/sbin/submit] RG_APP ...
[   47.671808] firmadyne: sys_socket[PID: 851 (rgdb)]: family:1, type:2, protocol:0
[   47.751710] firmadyne: sys_socket[PID: 854 (xmldbc)]: family:1, type:2, protocol:0
[   47.930183] firmadyne: sys_socket[PID: 857 (xmldbc)]: family:1, type:2, protocol:0
[/etc/templates/rg.sh] portt ...
[   48.153681] firmadyne: sys_socket[PID: 860 (rgdb)]: family:1, type:2, protocol:0
[   48.510187] firmadyne: sys_socket[PID: 861 (xmldbc)]: family:1, type:2, protocol:0
[   48.575034] firmadyne: sys_socket[PID: 862 (atp)]: family:1, type:2, protocol:0
[/var/run/rg_portt.sh] ...
[   49.100164] firmadyne: sys_socket[PID: 867 (iptables)]: family:2, type:3, protocol:255
[   49.117006] firmadyne: sys_setsockopt[PID: 867 (iptables)]: fd:4, level:0, optname:64
[   49.119166] firmadyne: sys_setsockopt[PID: 867 (iptables)]: fd:4, level:0, optname:65
[   49.205743] firmadyne: sys_socket[PID: 868 (iptables)]: family:2, type:3, protocol:255
[   49.265860] firmadyne: sys_socket[PID: 868 (iptables)]: family:2, type:3, protocol:255
sendto_unsock(/var/run/portt.unixsocket, flush)
[   49.366297] firmadyne: sys_socket[PID: 874 (trigger)]: family:1, type:1, protocol:0
[   49.494748] firmadyne: sys_socket[PID: 875 (iptables)]: family:2, type:3, protocol:255
[   49.508279] firmadyne: sys_setsockopt[PID: 875 (iptables)]: fd:4, level:0, optname:64
[   49.694269] firmadyne: sys_socket[PID: 879 (iptables)]: family:2, type:3, protocol:255
[   49.707984] firmadyne: sys_setsockopt[PID: 879 (iptables)]: fd:4, level:0, optname:64
[   49.852093] firmadyne: sys_socket[PID: 882 (iptables)]: family:2, type:3, protocol:255
[   49.868934] firmadyne: sys_setsockopt[PID: 882 (iptables)]: fd:4, level:0, optname:64
[   50.009915] firmadyne: sys_socket[PID: 886 (iptables)]: family:2, type:3, protocol:255
[   50.022286] firmadyne: sys_setsockopt[PID: 886 (iptables)]: fd:4, level:0, optname:64
[   50.024393] firmadyne: sys_setsockopt[PID: 886 (iptables)]: fd:4, level:0, optname:65
[   50.110488] firmadyne: sys_socket[PID: 887 (iptables)]: family:2, type:3, protocol:255
[   50.167731] firmadyne: sys_socket[PID: 887 (iptables)]: family:2, type:3, protocol:255
[   50.273449] firmadyne: sys_socket[PID: 893 (iptables)]: family:2, type:3, protocol:255
[   50.329860] firmadyne: sys_socket[PID: 893 (iptables)]: family:2, type:3, protocol:255
[   50.438192] firmadyne: sys_socket[PID: 899 (iptables)]: family:2, type:3, protocol:255
[   50.451879] firmadyne: sys_setsockopt[PID: 899 (iptables)]: fd:4, level:0, optname:64
[   50.454315] firmadyne: sys_setsockopt[PID: 899 (iptables)]: fd:4, level:0, optname:65
[   50.536143] firmadyne: sys_socket[PID: 900 (iptables)]: family:2, type:3, protocol:255
[   50.546507] firmadyne: sys_setsockopt[PID: 900 (iptables)]: fd:4, level:0, optname:64
[   50.556923] firmadyne: sys_setsockopt[PID: 900 (iptables)]: fd:4, level:0, optname:65
[   50.650613] firmadyne: sys_socket[PID: 901 (iptables)]: family:2, type:3, protocol:255
[   50.709792] firmadyne: sys_socket[PID: 901 (iptables)]: family:2, type:3, protocol:255
[   50.822554] firmadyne: sys_socket[PID: 907 (iptables)]: family:2, type:3, protocol:255
[   50.878392] firmadyne: sys_socket[PID: 907 (iptables)]: family:2, type:3, protocol:255
[   50.994387] firmadyne: sys_socket[PID: 913 (iptables)]: family:2, type:3, protocol:255
[   51.049793] firmadyne: sys_socket[PID: 913 (iptables)]: family:2, type:3, protocol:255
[/var/run/upnpd_start.sh] ...
Starting UPnP ...
[   52.156819] firmadyne: sys_socket[PID: 924 (xmldbc)]: family:1, type:2, protocol:0
[   52.252373] firmadyne: sys_socket[PID: 925 (xmldbc)]: family:1, type:2, protocol:0
[   52.311262] firmadyne: sys_socket[PID: 926 (xmldbc)]: family:1, type:2, protocol:0
[   52.369194] firmadyne: sys_socket[PID: 927 (xmldbc)]: family:1, type:2, protocol:0
[   52.448987] firmadyne: sys_socket[PID: 928 (xmldbc)]: family:1, type:2, protocol:0
[   52.508079] firmadyne: sys_socket[PID: 929 (xmldbc)]: family:1, type:2, protocol:0
[   52.607483] firmadyne: sys_socket[PID: 930 (xmldbc)]: family:1, type:2, protocol:0
[   52.714014] firmadyne: sys_socket[PID: 931 (xmldbc)]: family:1, type:2, protocol:0
[   52.781382] firmadyne: sys_socket[PID: 932 (atp)]: family:1, type:2, protocol:0
[/var/run/upnp_alive.sh] ...
[   52.921657] firmadyne: sys_socket[PID: 936 (xmldbc)]: family:1, type:2, protocol:0
[   53.011609] firmadyne: sys_socket[PID: 939 (xmldbc)]: family:1, type:2, protocol:0
[   53.151123] firmadyne: sys_socket[PID: 943 (xmldbc)]: family:1, type:2, protocol:0
[   53.428257] firmadyne: sys_socket[PID: 944 (atp)]: family:1, type:2, protocol:0
[   53.755995] firmadyne: sys_socket[PID: 946 (xmldbc)]: family:1, type:2, protocol:0
[   53.786622] firmadyne: sys_socket[PID: 947 (upnpkits)]: family:2, type:1, protocol:0
[   53.787984] firmadyne: sys_setsockopt[PID: 947 (upnpkits)]: fd:3, level:65535, optname:25
[   53.794405] firmadyne: sys_setsockopt[PID: 947 (upnpkits)]: fd:3, level:0, optname:33
[   53.948124] firmadyne: sys_socket[PID: 949 (xmldbc)]: family:1, type:2, protocol:0
[   53.972001] firmadyne: sys_socket[PID: 950 (upnpkits)]: family:2, type:1, protocol:0
[   53.976409] firmadyne: sys_setsockopt[PID: 950 (upnpkits)]: fd:3, level:65535, optname:25
[   53.980056] firmadyne: sys_setsockopt[PID: 950 (upnpkits)]: fd:3, level:0, optname:33
[   54.120080] firmadyne: sys_socket[PID: 952 (xmldbc)]: family:1, type:2, protocol:0
[   54.152131] firmadyne: sys_socket[PID: 953 (upnpkits)]: family:2, type:1, protocol:0
[   54.162372] firmadyne: sys_setsockopt[PID: 953 (upnpkits)]: fd:3, level:65535, optname:25
[   54.163605] firmadyne: sys_setsockopt[PID: 953 (upnpkits)]: fd:3, level:0, optname:33
[   54.357715] firmadyne: sys_socket[PID: 954 (atp)]: family:1, type:2, protocol:0
[   54.375343] firmadyne: sys_socket[PID: 955 (xmldbc)]: family:1, type:2, protocol:0
[   54.425646] firmadyne: sys_socket[PID: 956 (upnpkits)]: family:2, type:1, protocol:0
[   54.427085] firmadyne: sys_setsockopt[PID: 956 (upnpkits)]: fd:3, level:65535, optname:25
[   54.428371] firmadyne: sys_setsockopt[PID: 956 (upnpkits)]: fd:3, level:0, optname:33
[   54.579529] firmadyne: sys_socket[PID: 959 (xmldbc)]: family:1, type:2, protocol:0
[   54.608105] firmadyne: sys_socket[PID: 960 (upnpkits)]: family:2, type:1, protocol:0
[   54.612570] firmadyne: sys_setsockopt[PID: 960 (upnpkits)]: fd:3, level:65535, optname:25
[   54.616567] firmadyne: sys_setsockopt[PID: 960 (upnpkits)]: fd:3, level:0, optname:33
[   54.776591] firmadyne: sys_socket[PID: 962 (xmldbc)]: family:1, type:2, protocol:0
[   54.802105] firmadyne: sys_socket[PID: 963 (upnpkits)]: family:2, type:1, protocol:0
[   54.803503] firmadyne: sys_setsockopt[PID: 963 (upnpkits)]: fd:3, level:65535, optname:25
[   54.810079] firmadyne: sys_setsockopt[PID: 963 (upnpkits)]: fd:3, level:0, optname:33
[   54.987885] firmadyne: sys_socket[PID: 965 (xmldbc)]: family:1, type:2, protocol:0
[   55.039786] firmadyne: sys_socket[PID: 966 (upnpkits)]: family:2, type:1, protocol:0
[   55.044274] firmadyne: sys_setsockopt[PID: 966 (upnpkits)]: fd:3, level:65535, optname:25
[   55.048171] firmadyne: sys_setsockopt[PID: 966 (upnpkits)]: fd:3, level:0, optname:33
[   55.095226] firmadyne: sys_socket[PID: 968 (atp)]: family:1, type:2, protocol:0
[   55.246346] firmadyne: sys_socket[PID: 970 (xmldbc)]: family:1, type:2, protocol:0
[   55.271384] firmadyne: sys_socket[PID: 971 (upnpkits)]: family:2, type:1, protocol:0
[   55.277129] firmadyne: sys_setsockopt[PID: 971 (upnpkits)]: fd:3, level:65535, optname:25
[   55.277936] firmadyne: sys_setsockopt[PID: 971 (upnpkits)]: fd:3, level:0, optname:33
[   55.424537] firmadyne: sys_socket[PID: 973 (xmldbc)]: family:1, type:2, protocol:0
[   55.449222] firmadyne: sys_socket[PID: 974 (upnpkits)]: family:2, type:1, protocol:0
[   55.450225] firmadyne: sys_setsockopt[PID: 974 (upnpkits)]: fd:3, level:65535, optname:25
[   55.451076] firmadyne: sys_setsockopt[PID: 974 (upnpkits)]: fd:3, level:0, optname:33
[   55.598149] firmadyne: sys_socket[PID: 976 (xmldbc)]: family:1, type:2, protocol:0
[   55.626334] firmadyne: sys_socket[PID: 977 (upnpkits)]: family:2, type:1, protocol:0
[   55.627307] firmadyne: sys_setsockopt[PID: 977 (upnpkits)]: fd:3, level:65535, optname:25
[   55.628161] firmadyne: sys_setsockopt[PID: 977 (upnpkits)]: fd:3, level:0, optname:33
[   55.824489] firmadyne: sys_socket[PID: 980 (xmldbc)]: family:1, type:2, protocol:0
[   55.836389] firmadyne: sys_socket[PID: 979 (atp)]: family:1, type:2, protocol:0
[   55.865598] firmadyne: sys_socket[PID: 981 (upnpkits)]: family:2, type:1, protocol:0
[   55.866989] firmadyne: sys_setsockopt[PID: 981 (upnpkits)]: fd:3, level:65535, optname:25
[   55.868260] firmadyne: sys_setsockopt[PID: 981 (upnpkits)]: fd:3, level:0, optname:33
[   56.035868] firmadyne: sys_socket[PID: 983 (xmldbc)]: family:1, type:2, protocol:0
[   56.063147] firmadyne: sys_socket[PID: 984 (upnpkits)]: family:2, type:1, protocol:0
[   56.064185] firmadyne: sys_setsockopt[PID: 984 (upnpkits)]: fd:3, level:65535, optname:25
[   56.068998] firmadyne: sys_setsockopt[PID: 984 (upnpkits)]: fd:3, level:0, optname:33
[   56.219535] firmadyne: sys_socket[PID: 986 (xmldbc)]: family:1, type:2, protocol:0
[   56.250685] firmadyne: sys_socket[PID: 987 (upnpkits)]: family:2, type:1, protocol:0
[   56.251776] firmadyne: sys_setsockopt[PID: 987 (upnpkits)]: fd:3, level:65535, optname:25
[   56.257644] firmadyne: sys_setsockopt[PID: 987 (upnpkits)]: fd:3, level:0, optname:33
[   56.408641] firmadyne: sys_socket[PID: 989 (xmldbc)]: family:1, type:2, protocol:0
[   56.451639] firmadyne: sys_socket[PID: 990 (upnpkits)]: family:2, type:1, protocol:0
[   56.457276] firmadyne: sys_setsockopt[PID: 990 (upnpkits)]: fd:3, level:65535, optname:25
[   56.458169] firmadyne: sys_setsockopt[PID: 990 (upnpkits)]: fd:3, level:0, optname:33
[   56.644515] firmadyne: sys_socket[PID: 991 (atp)]: family:1, type:2, protocol:0
[   56.678205] firmadyne: sys_socket[PID: 992 (xmldbc)]: family:1, type:2, protocol:0
[   57.342285] firmadyne: sys_socket[PID: 994 (upnpkits)]: family:2, type:1, protocol:0
[   57.343306] firmadyne: sys_setsockopt[PID: 994 (upnpkits)]: fd:3, level:65535, optname:25
[   57.344085] firmadyne: sys_setsockopt[PID: 994 (upnpkits)]: fd:3, level:0, optname:33
[   57.492658] firmadyne: sys_socket[PID: 996 (xmldbc)]: family:1, type:2, protocol:0
[   57.516624] firmadyne: sys_socket[PID: 997 (upnpkits)]: family:2, type:1, protocol:0
[   57.517843] firmadyne: sys_setsockopt[PID: 997 (upnpkits)]: fd:3, level:65535, optname:25
[   57.518660] firmadyne: sys_setsockopt[PID: 997 (upnpkits)]: fd:3, level:0, optname:33
[   57.666674] firmadyne: sys_socket[PID: 999 (xmldbc)]: family:1, type:2, protocol:0
[   57.693325] firmadyne: sys_socket[PID: 1000 (upnpkits)]: family:2, type:1, protocol:0
[   57.694344] firmadyne: sys_setsockopt[PID: 1000 (upnpkits)]: fd:3, level:65535, optname:25
[   57.695168] firmadyne: sys_setsockopt[PID: 1000 (upnpkits)]: fd:3, level:0, optname:33
[   57.871822] firmadyne: sys_socket[PID: 1002 (xmldbc)]: family:1, type:2, protocol:0
[   57.921485] firmadyne: sys_socket[PID: 1003 (upnpkits)]: family:2, type:1, protocol:0
[   57.922543] firmadyne: sys_setsockopt[PID: 1003 (upnpkits)]: fd:3, level:65535, optname:25
[   57.923417] firmadyne: sys_setsockopt[PID: 1003 (upnpkits)]: fd:3, level:0, optname:33
[   58.139549] firmadyne: sys_socket[PID: 1006 (xmldbc)]: family:1, type:2, protocol:0
[   58.189537] firmadyne: sys_socket[PID: 1007 (upnpkits)]: family:2, type:1, protocol:0
[   58.190671] firmadyne: sys_setsockopt[PID: 1007 (upnpkits)]: fd:3, level:65535, optname:25
[   58.191615] firmadyne: sys_setsockopt[PID: 1007 (upnpkits)]: fd:3, level:0, optname:33
[/usr/sbin/submit] COMMIT ...
[   58.423688] firmadyne: sys_socket[PID: 1012 (xmldbc)]: family:1, type:2, protocol:0
[   58.449963] firmadyne: sys_socket[PID: 1015 (xmldbc)]: family:1, type:2, protocol:0
[   58.465148] firmadyne: sys_socket[PID: 1014 (upnpkits)]: family:2, type:1, protocol:0
[   58.466159] firmadyne: sys_setsockopt[PID: 1014 (upnpkits)]: fd:3, level:65535, optname:25
[   58.466995] firmadyne: sys_setsockopt[PID: 1014 (upnpkits)]: fd:3, level:0, optname:33
[   58.680539] firmadyne: sys_socket[PID: 1017 (xmldbc)]: family:1, type:2, protocol:0
[   58.729524] firmadyne: sys_socket[PID: 1018 (upnpkits)]: family:2, type:1, protocol:0
[   58.730538] firmadyne: sys_setsockopt[PID: 1018 (upnpkits)]: fd:3, level:65535, optname:25
[   58.731392] firmadyne: sys_setsockopt[PID: 1018 (upnpkits)]: fd:3, level:0, optname:33
[/etc/scripts/misc/profile.sh] put ...
[   58.948242] firmadyne: sys_socket[PID: 1021 (xmldbc)]: family:1, type:2, protocol:0
[   59.001339] firmadyne: sys_socket[PID: 1022 (upnpkits)]: family:2, type:1, protocol:0
[   59.002385] firmadyne: sys_setsockopt[PID: 1022 (upnpkits)]: fd:3, level:65535, optname:25
[   59.003235] firmadyne: sys_setsockopt[PID: 1022 (upnpkits)]: fd:3, level:0, optname:33
[   59.216085] firmadyne: sys_socket[PID: 1028 (xmldbc)]: family:1, type:2, protocol:0
[   59.269111] firmadyne: sys_socket[PID: 1029 (upnpkits)]: family:2, type:1, protocol:0
[   59.270217] firmadyne: sys_setsockopt[PID: 1029 (upnpkits)]: fd:3, level:65535, optname:25
[   59.271083] firmadyne: sys_setsockopt[PID: 1029 (upnpkits)]: fd:3, level:0, optname:33
[   59.329972] firmadyne: sys_socket[PID: 1030 (rgdb)]: family:1, type:2, protocol:0
[   59.485201] firmadyne: sys_socket[PID: 1032 (xmldbc)]: family:1, type:2, protocol:0
[   59.570726] firmadyne: sys_socket[PID: 1033 (upnpkits)]: family:2, type:1, protocol:0
[   59.571721] firmadyne: sys_setsockopt[PID: 1033 (upnpkits)]: fd:3, level:65535, optname:25
[   59.572594] firmadyne: sys_setsockopt[PID: 1033 (upnpkits)]: fd:3, level:0, optname:33
[   59.774954] firmadyne: sys_socket[PID: 1036 (xmldbc)]: family:1, type:2, protocol:0
[   59.826526] firmadyne: sys_socket[PID: 1037 (upnpkits)]: family:2, type:1, protocol:0
[   59.827545] firmadyne: sys_setsockopt[PID: 1037 (upnpkits)]: fd:3, level:65535, optname:25
[   59.828414] firmadyne: sys_setsockopt[PID: 1037 (upnpkits)]: fd:3, level:0, optname:33
[   60.030862] firmadyne: sys_socket[PID: 1039 (xmldbc)]: family:1, type:2, protocol:0
[   60.075416] firmadyne: sys_socket[PID: 1040 (upnpkits)]: family:2, type:1, protocol:0
[   60.076450] firmadyne: sys_setsockopt[PID: 1040 (upnpkits)]: fd:3, level:65535, optname:25
[   60.081016] firmadyne: sys_setsockopt[PID: 1040 (upnpkits)]: fd:3, level:0, optname:33
[   60.298893] firmadyne: sys_socket[PID: 1043 (xmldbc)]: family:1, type:2, protocol:0
[   60.353668] firmadyne: sys_socket[PID: 1044 (upnpkits)]: family:2, type:1, protocol:0
[   60.354897] firmadyne: sys_setsockopt[PID: 1044 (upnpkits)]: fd:3, level:65535, optname:25
[   60.355815] firmadyne: sys_setsockopt[PID: 1044 (upnpkits)]: fd:3, level:0, optname:33
ok
[   60.584683] firmadyne: sys_socket[PID: 1049 (xmldbc)]: family:1, type:2, protocol:0
[   60.630241] firmadyne: sys_socket[PID: 1050 (upnpkits)]: family:2, type:1, protocol:0
[   60.631374] firmadyne: sys_setsockopt[PID: 1050 (upnpkits)]: fd:3, level:65535, optname:25
[   60.632245] firmadyne: sys_setsockopt[PID: 1050 (upnpkits)]: fd:3, level:0, optname:33
[/usr/sbin/submit] REMOTE ...
[   60.842433] firmadyne: sys_socket[PID: 1055 (xmldbc)]: family:1, type:2, protocol:0
[   60.886214] firmadyne: sys_socket[PID: 1056 (upnpkits)]: family:2, type:1, protocol:0
[   60.887305] firmadyne: sys_setsockopt[PID: 1056 (upnpkits)]: fd:3, level:65535, optname:25
[   60.888193] firmadyne: sys_setsockopt[PID: 1056 (upnpkits)]: fd:3, level:0, optname:33
[   60.895268] firmadyne: sys_socket[PID: 1058 (xmldbc)]: family:1, type:2, protocol:0
[   61.118351] firmadyne: sys_socket[PID: 1060 (xmldbc)]: family:1, type:2, protocol:0
[   61.163006] firmadyne: sys_socket[PID: 1061 (upnpkits)]: family:2, type:1, protocol:0
[   61.164097] firmadyne: sys_setsockopt[PID: 1061 (upnpkits)]: fd:3, level:65535, optname:25
[   61.169122] firmadyne: sys_setsockopt[PID: 1061 (upnpkits)]: fd:3, level:0, optname:33
[/etc/templates/rg.sh] misc ...
[   61.393449] firmadyne: sys_socket[PID: 1064 (xmldbc)]: family:1, type:2, protocol:0
[   61.439765] firmadyne: sys_socket[PID: 1065 (upnpkits)]: family:2, type:1, protocol:0
[   61.445256] firmadyne: sys_setsockopt[PID: 1065 (upnpkits)]: fd:3, level:65535, optname:25
[   61.446197] firmadyne: sys_setsockopt[PID: 1065 (upnpkits)]: fd:3, level:0, optname:33
[   61.530643] firmadyne: sys_socket[PID: 1067 (rgdb)]: family:1, type:2, protocol:0
[   61.664956] firmadyne: sys_socket[PID: 1069 (xmldbc)]: family:1, type:2, protocol:0
[   61.932321] firmadyne: sys_socket[PID: 1070 (upnpkits)]: family:2, type:1, protocol:0
[   61.938530] firmadyne: sys_setsockopt[PID: 1070 (upnpkits)]: fd:3, level:65535, optname:25
[   61.939538] firmadyne: sys_setsockopt[PID: 1070 (upnpkits)]: fd:3, level:0, optname:33
[/var/run/rg_misc.sh] ...
[   62.076595] firmadyne: sys_socket[PID: 1072 (xmldbc)]: family:1, type:2, protocol:0
start WAN ...
[   62.195564] firmadyne: sys_socket[PID: 1075 (iptables)]: family:2, type:3, protocol:255
[   62.257659] firmadyne: sys_socket[PID: 1075 (iptables)]: family:2, type:3, protocol:255
[   62.344665] firmadyne: sys_socket[PID: 1082 (rgdb)]: family:1, type:2, protocol:0
[   62.384692] firmadyne: sys_socket[PID: 1085 (iptables)]: family:2, type:3, protocol:255
[   62.393167] firmadyne: sys_setsockopt[PID: 1085 (iptables)]: fd:4, level:0, optname:64
[   62.395090] firmadyne: sys_setsockopt[PID: 1085 (iptables)]: fd:4, level:0, optname:65
Set WAN port media type 0
[   62.495069] firmadyne: sys_socket[PID: 1087 (iptables)]: family:2, type:3, protocol:255
[   62.550481] firmadyne: sys_socket[PID: 1087 (iptables)]: family:2, type:3, protocol:255
open failed (/proc/driver/ae531x)...
[   62.623786] firmadyne: sys_socket[PID: 1095 (iptables)]: family:2, type:3, protocol:255
[   62.656046] firmadyne: sys_socket[PID: 1095 (iptables)]: family:2, type:3, protocol:255
[   62.713729] firmadyne: sys_socket[PID: 1101 (iptables)]: family:2, type:3, protocol:255
[   62.720467] firmadyne: sys_setsockopt[PID: 1101 (iptables)]: fd:4, level:0, optname:64
[   62.722630] firmadyne: sys_setsockopt[PID: 1101 (iptables)]: fd:4, level:0, optname:65
[   62.766367] firmadyne: sys_socket[PID: 1102 (iptables)]: family:2, type:3, protocol:255
[   62.773547] firmadyne: sys_setsockopt[PID: 1102 (iptables)]: fd:4, level:0, optname:64
[   62.775417] firmadyne: sys_setsockopt[PID: 1102 (iptables)]: fd:4, level:0, optname:65
[   62.826635] firmadyne: sys_socket[PID: 1103 (iptables)]: family:2, type:3, protocol:255
[   62.858049] firmadyne: sys_socket[PID: 1103 (iptables)]: family:2, type:3, protocol:255
[   62.919620] firmadyne: sys_socket[PID: 1109 (iptables)]: family:2, type:3, protocol:255
[   62.949196] firmadyne: sys_socket[PID: 1109 (iptables)]: family:2, type:3, protocol:255
[   63.011647] firmadyne: sys_socket[PID: 1115 (iptables)]: family:2, type:3, protocol:255
[   63.044599] firmadyne: sys_socket[PID: 1115 (iptables)]: family:2, type:3, protocol:255
[   63.118023] firmadyne: sys_socket[PID: 1122 (xmldbc)]: family:1, type:2, protocol:0
[/etc/templates/webs.sh] reload ...
open failed (/proc/driver/ae531x)...
[   64.054521] firmadyne: sys_socket[PID: 1127 (atp)]: family:1, type:2, protocol:0
[   65.037316] firmadyne: sys_socket[PID: 1128 (atp)]: family:1, type:2, protocol:0
[/etc/templates/wan.sh] start ...
[   65.777823] firmadyne: sys_socket[PID: 1131 (atp)]: family:1, type:2, protocol:0
[   65.846461] firmadyne: sys_socket[PID: 1133 (rgdb)]: family:1, type:2, protocol:0
[   66.218307] firmadyne: sys_socket[PID: 1134 (rgdb)]: family:1, type:2, protocol:0
[/var/run/wan_start.sh] ...
[   66.388045] firmadyne: sys_socket[PID: 1137 (ifconfig)]: family:2, type:1, protocol:0
[   66.414906] firmadyne: sys_socket[PID: 1138 (ifconfig)]: family:2, type:1, protocol:0
[   66.469476] firmadyne: sys_socket[PID: 1139 (rgdb)]: family:1, type:2, protocol:0
Restore WAN MAC : 00:de:fa:19:c0:02
DHCP client on WAN(eth0.2) CloneMAC() ...
[   66.539351] firmadyne: sys_socket[PID: 1142 (ifconfig)]: family:2, type:1, protocol:0
[   66.640177] firmadyne: sys_socket[PID: 1143 (rgdb)]: family:1, type:2, protocol:0
[   66.672568] firmadyne: sys_socket[PID: 1144 (atp)]: family:1, type:2, protocol:0
start LLD2D ...
[   66.933466] firmadyne: sys_socket[PID: 1146 (udhcpc)]: family:2, type:3, protocol:255
[   66.949271] firmadyne: sys_socket[PID: 1146 (udhcpc)]: family:17, type:1, protocol:2048
[   66.966473] firmadyne: sys_socket[PID: 1146 (udhcpc)]: family:17, type:1, protocol:2048
[   66.978220] firmadyne: sys_socket[PID: 1146 (udhcpc)]: family:1, type:1, protocol:0
[/etc/templates/lld2d.sh] ...
[   67.264345] firmadyne: sys_socket[PID: 1152 (rgdb)]: family:1, type:2, protocol:0
[   67.731625] firmadyne: sys_socket[PID: 1154 (rgdb)]: family:1, type:2, protocol:0
[   67.742531] firmadyne: sys_socket[PID: 1155 (rgdb)]: family:1, type:2, protocol:0
[/var/run/lld2d_start.sh] ...
Start LLD2 daemon ...
[   68.119832] firmadyne: sys_socket[PID: 1159 (lld2d)]: family:17, type:3, protocol:35033
[   68.137533] firmadyne: sys_socket[PID: 1159 (lld2d)]: family:2, type:1, protocol:0
[   68.161019] firmadyne: sys_socket[PID: 1162 (rgdb)]: family:1, type:2, protocol:0
[   68.199003] firmadyne: sys_socket[PID: 1163 (rgdb)]: family:1, type:2, protocol:0
[   68.238056] firmadyne: sys_socket[PID: 1164 (route)]: family:2, type:1, protocol:0
route: SIOC[ADD|DEL]RT: File exists
start Neaps ...
[   68.386962] firmadyne: sys_socket[PID: 1166 (httpd)]: family:2, type:2, protocol:0
[   68.388052] firmadyne: sys_setsockopt[PID: 1166 (httpd)]: fd:4, level:65535, optname:4
[   68.397408] firmadyne: sys_setsockopt[PID: 1166 (httpd)]: fd:4, level:65535, optname:25
[   68.398402] firmadyne: inet_bind[PID: 1166 (httpd)]: proto:SOCK_STREAM, port:49152
[   68.399491] firmadyne: sys_socket[PID: 1166 (httpd)]: family:2, type:1, protocol:0
[   68.400392] firmadyne: sys_setsockopt[PID: 1166 (httpd)]: fd:5, level:65535, optname:4
[   68.403452] firmadyne: sys_setsockopt[PID: 1166 (httpd)]: fd:5, level:65535, optname:25
[   68.404327] firmadyne: inet_bind[PID: 1166 (httpd)]: proto:SOCK_DGRAM, port:1900
[/etc/templates/neaps.sh] start ...
[   68.418267] firmadyne: sys_setsockopt[PID: 1166 (httpd)]: fd:5, level:0, optname:35
[   68.419353] firmadyne: sys_socket[PID: 1166 (httpd)]: family:2, type:2, protocol:0
[   68.420261] firmadyne: sys_setsockopt[PID: 1166 (httpd)]: fd:6, level:65535, optname:4
[   68.429388] firmadyne: sys_setsockopt[PID: 1166 (httpd)]: fd:6, level:65535, optname:25
[   68.430276] firmadyne: inet_bind[PID: 1166 (httpd)]: proto:SOCK_STREAM, port:80
[   68.491612] firmadyne: sys_socket[PID: 1166 (httpd)]: family:1, type:1, protocol:0
[   68.549487] firmadyne: sys_socket[PID: 1171 (xmldbc)]: family:1, type:2, protocol:0
[   68.623667] firmadyne: sys_socket[PID: 1172 (xmldbc)]: family:1, type:2, protocol:0
[   68.691839] firmadyne: sys_socket[PID: 1173 (xmldbc)]: family:1, type:2, protocol:0
[/var/run/neaps_start.sh] ...
Start Neap Server ...
[   68.907819] firmadyne: sys_socket[PID: 1177 (neaps)]: family:2, type:3, protocol:255
[   68.911768] firmadyne: sys_socket[PID: 1177 (neaps)]: family:2, type:1, protocol:17
[   68.921086] firmadyne: sys_setsockopt[PID: 1177 (neaps)]: fd:3, level:65535, optname:32
[   68.922088] firmadyne: sys_setsockopt[PID: 1177 (neaps)]: fd:3, level:65535, optname:4
[   68.922868] firmadyne: sys_setsockopt[PID: 1177 (neaps)]: fd:3, level:65535, optname:32
[   68.923697] firmadyne: sys_setsockopt[PID: 1177 (neaps)]: fd:3, level:65535, optname:25
[   68.924538] firmadyne: inet_bind[PID: 1177 (neaps)]: proto:SOCK_DGRAM, port:64512
[   68.927465] firmadyne: sys_socket[PID: 1177 (neaps)]: family:2, type:3, protocol:255
[   68.957183] firmadyne: sys_socket[PID: 1179 (rgdb)]: family:1, type:2, protocol:0
start igmpproxy ...
[   69.005615] firmadyne: sys_socket[PID: 1146 (udhcpc)]: family:17, type:1, protocol:2048
[/etc/templates/igmpproxy.sh] start ...
[   69.197666] firmadyne: sys_socket[PID: 1186 (xmldbc)]: family:1, type:2, protocol:0
[   69.352429] firmadyne: sys_socket[PID: 1187 (xmldbc)]: family:1, type:2, protocol:0
[/var/run/igmpproxy_start.sh] ...
Start IGMP proxy ...
/proc/net/br_igmpp_br0: cannot create
/proc/net/br_mac_br0: cannot create
[   69.570351] firmadyne: inet_accept[PID: 1166 (httpd)]:
[   69.571547] firmadyne: inet_accept[PID: 1166 (httpd)]:
/proc/net/br_igmpp_br0: cannot create
[   69.652671] firmadyne: sys_socket[PID: 1191 (igmpproxy)]: family:2, type:3, protocol:2
[   69.658412] firmadyne: sys_setsockopt[PID: 1191 (igmpproxy)]: fd:5, level:0, optname:200
[   69.671775] firmadyne: sys_socket[PID: 1191 (igmpproxy)]: family:2, type:1, protocol:0
[   69.682184] firmadyne: sys_socket[PID: 1191 (igmpproxy)]: family:2, type:1, protocol:0
[   69.683480] firmadyne: sys_socket[PID: 1191 (igmpproxy)]: family:2, type:1, protocol:0
[   69.693977] firmadyne: sys_setsockopt[PID: 1191 (igmpproxy)]: fd:5, level:0, optname:202
[   69.695198] firmadyne: sys_setsockopt[PID: 1191 (igmpproxy)]: fd:5, level:0, optname:35
[   69.696146] firmadyne: sys_setsockopt[PID: 1191 (igmpproxy)]: fd:5, level:0, optname:35
[   69.699329] firmadyne: sys_setsockopt[PID: 1191 (igmpproxy)]: fd:5, level:0, optname:3
[   69.700223] firmadyne: sys_setsockopt[PID: 1191 (igmpproxy)]: fd:5, level:0, optname:34
[/etc/init.d/S10system.sh] done!
[   69.710233] firmadyne: sys_setsockopt[PID: 1191 (igmpproxy)]: fd:5, level:0, optname:32
[   69.712638] firmadyne: sys_setsockopt[PID: 1191 (igmpproxy)]: fd:5, level:0, optname:32
rcS done!
[   71.129788] firmadyne: sys_socket[PID: 1209 (atp)]: family:1, type:2, protocol:0
