[    0.000000] Linux version 4.1.17+ (alessio@pc) (gcc version 5.5.0 20171010 (Ubuntu 5.5.0-12ubuntu1) ) #1 Mon May 15 23:04:08 CEST 2023
[    0.000000] earlycon: Early serial console at I/O port 0x3f8 (options '38400n8')
[    0.000000] bootconsole [uart0] enabled
[    0.000000] CPU0 revision is: 00019300 (MIPS 24Kc)
[    0.000000] FPU revision is: 00739300
[    0.000000] Software DMA cache coherency enabled
[    0.000000] Determined physical RAM map:
[    0.000000]  memory: 00001000 @ 00000000 (reserved)
[    0.000000]  memory: 000ef000 @ 00001000 (ROM data)
[    0.000000]  memory: 00798000 @ 000f0000 (reserved)
[    0.000000]  memory: 0f777000 @ 00888000 (usable)
[    0.000000] debug: ignoring loglevel setting.
[    0.000000] Wasting 69888 bytes for tracking 2184 unused pages
[    0.000000] Initrd not found or empty - disabling initrd
[    0.000000] Zone ranges:
[    0.000000]   DMA      [mem 0x0000000000000000-0x0000000000ffffff]
[    0.000000]   Normal   [mem 0x0000000001000000-0x000000000fffefff]
[    0.000000] Movable zone start for each node
[    0.000000] Early memory node ranges
[    0.000000]   node   0: [mem 0x0000000000000000-0x000000000fffefff]
[    0.000000] Initmem setup node 0 [mem 0x0000000000000000-0x000000000fffefff]
[    0.000000] On node 0 totalpages: 65535
[    0.000000] free_area_init_node: node 0, pgdat 8081d5b0, node_mem_map 81000000
[    0.000000]   DMA zone: 32 pages used for memmap
[    0.000000]   DMA zone: 0 pages reserved
[    0.000000]   DMA zone: 4096 pages, LIFO batch:0
[    0.000000]   Normal zone: 480 pages used for memmap
[    0.000000]   Normal zone: 61439 pages, LIFO batch:15
[    0.000000] Primary instruction cache 2kB, VIPT, 2-way, linesize 16 bytes.
[    0.000000] Primary data cache 2kB, 2-way, VIPT, no aliases, linesize 16 bytes
[    0.000000] pcpu-alloc: s0 r0 d32768 u32768 alloc=1*32768
[    0.000000] pcpu-alloc: [0] 0 
[    0.000000] Built 1 zonelists in Zone order, mobility grouping on.  Total pages: 65023
[    0.000000] Kernel command line: root=/dev/sda1 console=ttyS0 nandsim.parts=64,64,64,64,64,64,64,64,64,64 rdinit=/firmadyne/preInit.sh rw debug ignore_loglevel print-fatal-signals=1 FIRMAE_NET=true FIRMAE_NVRAM=true FIRMAE_KERNEL=true FIRMAE_ETC=true user_debug=0 firmadyne.syscall=1 noka
[    0.000000] found FIRMAE_KERNEL=t
[    0.000000] set the LD_PRELOAD=/firmadyne/libnvram_ioctl.so
[    0.000000] PID hash table entries: 1024 (order: 0, 4096 bytes)
[    0.000000] Dentry cache hash table entries: 32768 (order: 5, 131072 bytes)
[    0.000000] Inode-cache hash table entries: 16384 (order: 4, 65536 bytes)
[    0.000000] Writing ErrCtl register=00000000
[    0.000000] Readback ErrCtl register=00000000
[    0.000000] Memory: 251112K/262140K available (5360K kernel code, 244K rwdata, 1676K rodata, 260K init, 158K bss, 11028K reserved, 0K cma-reserved)
[    0.000000] NR_IRQS:256
[    0.000000] CPU frequency 200.01 MHz
[    0.000000] clocksource MIPS: mask: 0xffffffff max_cycles: 0xffffffff, max_idle_ns: 19111845347 ns
[    0.000220] sched_clock: 32 bits at 100MHz, resolution 9ns, wraps every 21473983483ns
[    0.016641] Console: colour dummy device 80x25
[    0.017864] Calibrating delay loop... 21.92 BogoMIPS (lpj=43840)
[    0.069198] pid_max: default: 32768 minimum: 301
[    0.074109] Mount-cache hash table entries: 1024 (order: 0, 4096 bytes)
[    0.074746] Mountpoint-cache hash table entries: 1024 (order: 0, 4096 bytes)
[    0.147117] clocksource jiffies: mask: 0xffffffff max_cycles: 0xffffffff, max_idle_ns: 7645041785100000 ns
[    0.159448] NET: Registered protocol family 16
[    0.472015] clocksource pit: mask: 0xffffffff max_cycles: 0xffffffff, max_idle_ns: 1601818034827 ns
[    0.645047] vgaarb: loaded
[    0.651633] SCSI subsystem initialized
[    0.654446] libata version 3.00 loaded.
[    0.659421] usbcore: registered new interface driver usbfs
[    0.661043] usbcore: registered new interface driver hub
[    0.662288] usbcore: registered new device driver usb
[    0.665469] pps_core: LinuxPPS API ver. 1 registered
[    0.665954] pps_core: Software ver. 5.3.6 - Copyright 2005-2007 Rodolfo Giometti <giometti@linux.it>
[    0.667195] PTP clock support registered
[    0.672529] PCI host bridge to bus 0000:00
[    0.673362] pci_bus 0000:00: root bus resource [mem 0x10000000-0x17ffffff]
[    0.674064] pci_bus 0000:00: root bus resource [io  0x1000-0x1fffff]
[    0.674733] pci_bus 0000:00: root bus resource [??? 0x00000000 flags 0x0]
[    0.675564] pci_bus 0000:00: No busn resource found for root bus, will use [bus 00-ff]
[    0.677021] pci 0000:00:00.0: [11ab:4620] type 00 class 0x060000
[    0.678062] pci 0000:00:00.0: [Firmware Bug]: reg 0x14: invalid BAR (can't size)
[    0.678726] pci 0000:00:00.0: [Firmware Bug]: reg 0x18: invalid BAR (can't size)
[    0.679411] pci 0000:00:00.0: [Firmware Bug]: reg 0x1c: invalid BAR (can't size)
[    0.680232] pci 0000:00:00.0: [Firmware Bug]: reg 0x20: invalid BAR (can't size)
[    0.680900] pci 0000:00:00.0: [Firmware Bug]: reg 0x24: invalid BAR (can't size)
[    0.685721] pci 0000:00:0a.0: [8086:7110] type 00 class 0x060100
[    0.689727] pci 0000:00:0a.1: [8086:7111] type 00 class 0x010180
[    0.690598] pci 0000:00:0a.1: reg 0x20: [io  0x0000-0x000f]
[    0.691267] pci 0000:00:0a.1: legacy IDE quirk: reg 0x10: [io  0x01f0-0x01f7]
[    0.691951] pci 0000:00:0a.1: legacy IDE quirk: reg 0x14: [io  0x03f6]
[    0.692761] pci 0000:00:0a.1: legacy IDE quirk: reg 0x18: [io  0x0170-0x0177]
[    0.693417] pci 0000:00:0a.1: legacy IDE quirk: reg 0x1c: [io  0x0376]
[    0.697164] pci 0000:00:0a.2: [8086:7112] type 00 class 0x0c0300
[    0.697944] pci 0000:00:0a.2: reg 0x20: [io  0x0000-0x001f]
[    0.701644] pci 0000:00:0a.3: [8086:7113] type 00 class 0x068000
[    0.703225] pci 0000:00:0a.3: quirk: [io  0x1000-0x103f] claimed by PIIX4 ACPI
[    0.703947] pci 0000:00:0a.3: quirk: [io  0x1100-0x110f] claimed by PIIX4 SMB
[    0.707962] pci 0000:00:12.0: [1013:00b8] type 00 class 0x030000
[    0.708699] pci 0000:00:12.0: reg 0x10: [mem 0x00000000-0x01ffffff pref]
[    0.709523] pci 0000:00:12.0: reg 0x14: [mem 0x00000000-0x00000fff]
[    0.710259] pci 0000:00:12.0: reg 0x30: [mem 0x00000000-0x0000ffff pref]
[    0.713425] vgaarb: device added: PCI:0000:00:12.0,decodes=io+mem,owns=none,locks=none
[    0.714834] pci 0000:00:13.0: [8086:100e] type 00 class 0x020000
[    0.715530] pci 0000:00:13.0: reg 0x10: [mem 0x00000000-0x0001ffff]
[    0.716161] pci 0000:00:13.0: reg 0x14: [io  0x0000-0x003f]
[    0.716863] pci 0000:00:13.0: reg 0x30: [mem 0x00000000-0x0003ffff pref]
[    0.720487] pci 0000:00:14.0: [8086:100e] type 00 class 0x020000
[    0.721173] pci 0000:00:14.0: reg 0x10: [mem 0x00000000-0x0001ffff]
[    0.722002] pci 0000:00:14.0: reg 0x14: [io  0x0000-0x003f]
[    0.722710] pci 0000:00:14.0: reg 0x30: [mem 0x00000000-0x0003ffff pref]
[    0.726449] pci 0000:00:15.0: [8086:100e] type 00 class 0x020000
[    0.727139] pci 0000:00:15.0: reg 0x10: [mem 0x00000000-0x0001ffff]
[    0.727774] pci 0000:00:15.0: reg 0x14: [io  0x0000-0x003f]
[    0.728476] pci 0000:00:15.0: reg 0x30: [mem 0x00000000-0x0003ffff pref]
[    0.732068] pci 0000:00:16.0: [8086:100e] type 00 class 0x020000
[    0.732766] pci 0000:00:16.0: reg 0x10: [mem 0x00000000-0x0001ffff]
[    0.733409] pci 0000:00:16.0: reg 0x14: [io  0x0000-0x003f]
[    0.734141] pci 0000:00:16.0: reg 0x30: [mem 0x00000000-0x0003ffff pref]
[    0.737921] pci_bus 0000:00: busn_res: [bus 00-ff] end is updated to 00
[    0.739829] pci 0000:00:12.0: BAR 0: assigned [mem 0x10000000-0x11ffffff pref]
[    0.740700] pci 0000:00:13.0: BAR 6: assigned [mem 0x12000000-0x1203ffff pref]
[    0.741472] pci 0000:00:14.0: BAR 6: assigned [mem 0x12040000-0x1207ffff pref]
[    0.742198] pci 0000:00:15.0: BAR 6: assigned [mem 0x12080000-0x120bffff pref]
[    0.743121] pci 0000:00:16.0: BAR 6: assigned [mem 0x120c0000-0x120fffff pref]
[    0.743838] pci 0000:00:13.0: BAR 0: assigned [mem 0x12100000-0x1211ffff]
[    0.744548] pci 0000:00:14.0: BAR 0: assigned [mem 0x12120000-0x1213ffff]
[    0.745264] pci 0000:00:15.0: BAR 0: assigned [mem 0x12140000-0x1215ffff]
[    0.745981] pci 0000:00:16.0: BAR 0: assigned [mem 0x12160000-0x1217ffff]
[    0.746709] pci 0000:00:12.0: BAR 6: assigned [mem 0x12180000-0x1218ffff pref]
[    0.747651] pci 0000:00:12.0: BAR 1: assigned [mem 0x12190000-0x12190fff]
[    0.748372] pci 0000:00:13.0: BAR 1: assigned [io  0x1040-0x107f]
[    0.749019] pci 0000:00:14.0: BAR 1: assigned [io  0x1080-0x10bf]
[    0.749689] pci 0000:00:15.0: BAR 1: assigned [io  0x10c0-0x10ff]
[    0.750353] pci 0000:00:16.0: BAR 1: assigned [io  0x1400-0x143f]
[    0.751007] pci 0000:00:0a.2: BAR 4: assigned [io  0x1440-0x145f]
[    0.751835] pci 0000:00:0a.1: BAR 4: assigned [io  0x1460-0x146f]
[    0.771818] cfg80211: Calling CRDA to update world regulatory domain
[    0.787527] Switched to clocksource MIPS
[    0.921182] NET: Registered protocol family 2
[    0.937295] TCP established hash table entries: 2048 (order: 1, 8192 bytes)
[    0.938750] TCP bind hash table entries: 2048 (order: 1, 8192 bytes)
[    0.940332] TCP: Hash tables configured (established 2048 bind 2048)
[    0.941685] UDP hash table entries: 256 (order: 0, 4096 bytes)
[    0.942581] UDP-Lite hash table entries: 256 (order: 0, 4096 bytes)
[    0.947836] NET: Registered protocol family 1
[    0.949930] PCI: Enabling device 0000:00:0a.2 (0000 -> 0001)
[    0.952046] PCI: CLS 0 bytes, default 16
[    0.989574] futex hash table entries: 256 (order: -1, 3072 bytes)
[    1.009379] squashfs: version 4.0 (2009/01/31) Phillip Lougher
[    1.012444] jffs2: version 2.2. (NAND) Â© 2001-2006 Red Hat, Inc.
[    1.016452] romfs: ROMFS MTD (C) 2007 Red Hat, Inc.
[    1.044985] Block layer SCSI generic (bsg) driver version 0.4 loaded (major 251)
[    1.045960] io scheduler noop registered
[    1.046871] io scheduler cfq registered (default)
[    1.048292] firmadyne: devfs: 1, execute: 1, procfs: 1, syscall: 1
[    1.055259] firmadyne: Cannot register character device: gpio, 0xfc, 0x0!
[    1.065896] firmadyne: Cannot register character device: watchdog, 0xa, 0x82!
[    1.066584] firmadyne: Cannot register character device: wdt, 0xfd, 0x0!
[    3.088766] strName = 4.1.17+
[    3.088766] init_task_addr  = 2155778944
[    3.088766] init_task_size  = 1296
[    3.088766] ts_tasks        = 292
[    3.088766] ts_pid          = 408
[    3.088766] ts_tgid         = 412
[    3.088766] ts_group_leader = 440
[    3.088766] ts_thread_group = 496
[    3.088766] ts_real_parent  = 416
[    3.088766] ts_mm           = 300
[    3.088766] ts_stack        = 4
[    3.091929] module_name   = 12
[    3.091929] module_size   = 208
[    3.091929] module_init   = 200
[    3.091929] module_list   = 4
[    3.093093] ts_real_cred    = 624
[    3.093093] ts_cred         = 628
[    3.093093] ts_comm         = 632
[    3.093093] cred_uid        = 4
[    3.093093] cred_gid        = 8
[    3.093093] cred_euid       = 20
[    3.093093] cred_egid       = 24
[    3.095006] mm_mmap         = 0
[    3.095006] mm_pgd          = 32
[    3.095006] mm_arg_start    = 136
[    3.095006] mm_start_brk    = 124
[    3.095006] mm_brk          = 128
[    3.095006] mm_start_stack  = 132
[    3.097022] vma_vm_start    = 0
[    3.097022] vma_vm_end      = 4
[    3.097022] vma_vm_next     = 8
[    3.097022] vma_vm_file     = 80
[    3.097022] vma_vm_flags    = 40
[    3.097022] vma_vm_pgoff    = 76
[    3.098682] file_dentry     = 12
[    3.098682] file_inode      = 40
[    3.098682] dentry_d_name   = 24
[    3.098682] dentry_d_iname  = 44
[    3.098682] dentry_d_parent = 16
[    3.098682] ti_task         = 0
[    3.098682] inode_ino   = 28
[    4.326294] proc_fork_connector  = 2151078840
[    4.326769] proc_exit_connector  = 2151080432
[    4.327195] proc_exec_connector  = 2151079052
[    4.327791] vma_link  = 2149124372
[    4.328149] vma_adjust  = 2149124540
[    4.328507] remove_vma  = 2149122188
[    4.328877] modules  = 2155833724
[    4.329227] trim_init_extable  = 2150545316
[    4.330740] cfg80211: Calling CRDA to update world regulatory domain
[    4.334919] PCI: Enabling device 0000:00:12.0 (0000 -> 0002)
[    4.336667] cirrusfb 0000:00:12.0: Cirrus Logic chipset on PCI bus, RAM (4096 kB) at 0x10000000
[    4.575049] Console: switching to colour frame buffer device 80x30
[    4.655268] Serial: 8250/16550 driver, 4 ports, IRQ sharing enabled
[    4.672085] console [ttyS0] disabled
[    4.698640] serial8250.0: ttyS0 at I/O 0x3f8 (irq = 4, base_baud = 115200) is a 16550A
[    4.700190] console [ttyS0] enabled
[    4.700190] console [ttyS0] enabled
[    4.700877] bootconsole [uart0] disabled
[    4.700877] bootconsole [uart0] disabled
[    4.731348] serial8250.0: ttyS1 at I/O 0x2f8 (irq = 3, base_baud = 115200) is a 16550A
[    4.876588] brd: module loaded
[    4.953422] loop: module loaded
[    4.961562] ata_piix 0000:00:0a.1: version 2.13
[    4.962250] PCI: Enabling device 0000:00:0a.1 (0000 -> 0001)
[    4.993257] scsi host0: ata_piix
[    5.000042] scsi host1: ata_piix
[    5.004658] ata1: PATA max UDMA/33 cmd 0x1f0 ctl 0x3f6 bmdma 0x1460 irq 14
[    5.005312] ata2: PATA max UDMA/33 cmd 0x170 ctl 0x376 bmdma 0x1468 irq 15
[    5.013319] [nandsim] warning: read_byte: unexpected data output cycle, state is STATE_READY return 0x0
[    5.014058] [nandsim] warning: read_byte: unexpected data output cycle, state is STATE_READY return 0x0
[    5.014742] [nandsim] warning: read_byte: unexpected data output cycle, state is STATE_READY return 0x0
[    5.015465] [nandsim] warning: read_byte: unexpected data output cycle, state is STATE_READY return 0x0
[    5.016323] [nandsim] warning: read_byte: unexpected data output cycle, state is STATE_READY return 0x0
[    5.017026] [nandsim] warning: read_byte: unexpected data output cycle, state is STATE_READY return 0x0
[    5.017937] nand: device found, Manufacturer ID: 0x98, Chip ID: 0x39
[    5.018458] nand: Toshiba NAND 128MiB 1,8V 8-bit
[    5.018944] nand: 128 MiB, SLC, erase size: 16 KiB, page size: 512, OOB size: 16
[    5.021079] flash size: 128 MiB
[    5.021399] page size: 512 bytes
[    5.021713] OOB area size: 16 bytes
[    5.022050] sector size: 16 KiB
[    5.022352] pages number: 262144
[    5.022661] pages per sector: 32
[    5.022968] bus width: 8
[    5.023240] bits in sector size: 14
[    5.023753] bits in page size: 9
[    5.024088] bits in OOB size: 4
[    5.024404] flash size with OOB: 135168 KiB
[    5.024775] page address bytes: 4
[    5.025099] sector address bytes: 3
[    5.025422] options: 0x42
[    5.128952] Scanning device for bad blocks
[    6.594425] ata2.01: NODEV after polling detection
[    6.595304] ata1.01: NODEV after polling detection
[    6.599194] ata2.00: ATAPI: QEMU DVD-ROM, 2.5+, max UDMA/100
[    6.605148] ata1.00: ATA-7: QEMU HARDDISK, 2.5+, max UDMA/100
[    6.605715] ata1.00: 2097152 sectors, multi 16: LBA48 
[    6.608251] ata2.00: configured for UDMA/33
[    6.610657] ata1.00: configured for UDMA/33
[    6.621334] scsi 0:0:0:0: Direct-Access     ATA      QEMU HARDDISK    2.5+ PQ: 0 ANSI: 5
[    6.640498] sd 0:0:0:0: [sda] 2097152 512-byte logical blocks: (1.07 GB/1.00 GiB)
[    6.642398] scsi 1:0:0:0: CD-ROM            QEMU     QEMU DVD-ROM     2.5+ PQ: 0 ANSI: 5
[    6.657957] sd 0:0:0:0: [sda] Write Protect is off
[    6.658587] sd 0:0:0:0: [sda] Mode Sense: 00 3a 00 00
[    6.660635] sd 0:0:0:0: [sda] Write cache: enabled, read cache: enabled, doesn't support DPO or FUA
[    6.674254]  sda: sda1
[    6.689180] sd 0:0:0:0: [sda] Attached SCSI disk
[    6.689866] Creating 11 MTD partitions on "NAND 128MiB 1,8V 8-bit":
[    6.690666] 0x000000000000-0x000000100000 : "NAND simulator partition 0"
[    6.704205] 0x000000100000-0x000000200000 : "NAND simulator partition 1"
[    6.717085] 0x000000200000-0x000000300000 : "NAND simulator partition 2"
[    6.730005] 0x000000300000-0x000000400000 : "NAND simulator partition 3"
[    6.742949] 0x000000400000-0x000000500000 : "NAND simulator partition 4"
[    6.756153] 0x000000500000-0x000000600000 : "NAND simulator partition 5"
[    6.769472] 0x000000600000-0x000000700000 : "NAND simulator partition 6"
[    6.785719] 0x000000700000-0x000000800000 : "NAND simulator partition 7"
[    6.799796] 0x000000800000-0x000000900000 : "NAND simulator partition 8"
[    6.812452] 0x000000900000-0x000000a00000 : "NAND simulator partition 9"
[    6.825130] 0x000000a00000-0x000008000000 : "NAND simulator partition 10"
[    6.880152] tun: Universal TUN/TAP device driver, 1.6
[    6.880638] tun: (C) 1999-2004 Max Krasnyansky <maxk@qualcomm.com>
[    6.885031] pcnet32: pcnet32.c:v1.35 21.Apr.2008 tsbogend@alpha.franken.de
[    6.886655] e1000: Intel(R) PRO/1000 Network Driver - version 7.3.21-k8-NAPI
[    6.887281] e1000: Copyright (c) 1999-2006 Intel Corporation.
[    6.888709] PCI: Enabling device 0000:00:13.0 (0000 -> 0003)
[    7.200647] e1000 0000:00:13.0 eth0: (PCI:33MHz:32-bit) 52:54:00:12:34:56
[    7.201559] e1000 0000:00:13.0 eth0: Intel(R) PRO/1000 Network Connection
[    7.202510] PCI: Enabling device 0000:00:14.0 (0000 -> 0003)
[    7.475915] cfg80211: Calling CRDA to update world regulatory domain
[    7.520116] e1000 0000:00:14.0 eth1: (PCI:33MHz:32-bit) 52:54:00:12:34:57
[    7.520857] e1000 0000:00:14.0 eth1: Intel(R) PRO/1000 Network Connection
[    7.521789] PCI: Enabling device 0000:00:15.0 (0000 -> 0003)
[    7.838090] e1000 0000:00:15.0 eth2: (PCI:33MHz:32-bit) 52:54:00:12:34:58
[    7.838913] e1000 0000:00:15.0 eth2: Intel(R) PRO/1000 Network Connection
[    7.840126] PCI: Enabling device 0000:00:16.0 (0000 -> 0003)
[    8.154881] e1000 0000:00:16.0 eth3: (PCI:33MHz:32-bit) 52:54:00:12:34:59
[    8.155967] e1000 0000:00:16.0 eth3: Intel(R) PRO/1000 Network Connection
[    8.157932] e1000e: Intel(R) PRO/1000 Network Driver - 2.3.2-k
[    8.158506] e1000e: Copyright(c) 1999 - 2014 Intel Corporation.
[    8.165572] PPP generic driver version 2.4.2
[    8.169155] PPP Deflate Compression module registered
[    8.170438] PPP MPPE Compression module registered
[    8.171209] NET: Registered protocol family 24
[    8.172568] ehci_hcd: USB 2.0 'Enhanced' Host Controller (EHCI) Driver
[    8.173295] ehci-pci: EHCI PCI platform driver
[    8.174929] ohci_hcd: USB 1.1 'Open' Host Controller (OHCI) Driver
[    8.175821] ohci-pci: OHCI PCI platform driver
[    8.177381] uhci_hcd: USB Universal Host Controller Interface driver
[    8.179816] uhci_hcd 0000:00:0a.2: UHCI Host Controller
[    8.181043] uhci_hcd 0000:00:0a.2: new USB bus registered, assigned bus number 1
[    8.182430] uhci_hcd 0000:00:0a.2: irq 11, io base 0x00001440
[    8.198497] hub 1-0:1.0: USB hub found
[    8.199684] hub 1-0:1.0: 2 ports detected
[    8.212405] usbcore: registered new interface driver usb-storage
[    8.218073] mousedev: PS/2 mouse device common for all mice
[    8.226727] rtc_cmos rtc_cmos: rtc core: registered rtc_cmos as rtc0
[    8.227932] rtc_cmos rtc_cmos: alarms up to one day, 242 bytes nvram
[    8.229836] i2c /dev entries driver
[    8.231645] piix4_smbus 0000:00:0a.3: SMBus Host Controller at 0x1100, revision 0
[    8.237769] sdhci: Secure Digital Host Controller Interface driver
[    8.238313] sdhci: Copyright(c) Pierre Ossman
[    8.241540] hidraw: raw HID events driver (C) Jiri Kosina
[    8.266264] usbcore: registered new interface driver usbhid
[    8.266779] usbhid: USB HID core driver
[    8.268349] Netfilter messages via NETLINK v0.30.
[    8.270103] nf_conntrack version 0.5.0 (3923 buckets, 15692 max)
[    8.274531] ctnetlink v0.93: registering with nfnetlink.
[    8.282158] ipip: IPv4 over IPv4 tunneling driver
[    8.298334] ip_tables: (C) 2000-2006 Netfilter Core Team
[    8.302180] arp_tables: (C) 2002 David S. Miller
[    8.304800] Initializing XFRM netlink socket
[    8.306370] NET: Registered protocol family 10
[    8.334648] ip6_tables: (C) 2000-2006 Netfilter Core Team
[    8.339794] sit: IPv6 over IPv4 tunneling driver
[    8.362352] NET: Registered protocol family 17
[    8.363790] bridge: automatic filtering via arp/ip/ip6tables has been deprecated. Update your scripts to load br_netfilter if you need this.
[    8.365338] Bridge firewalling registered
[    8.365901] Ebtables v2.0 registered
[    8.369995] 8021q: 802.1Q VLAN Support v1.8
[    8.398225] rtc_cmos rtc_cmos: setting system clock to 2025-07-23 01:48:25 UTC (1753235305)
[    8.426894] EXT2-fs (sda1): warning: mounting unchecked fs, running e2fsck is recommended
[    8.429798] VFS: Mounted root (ext2 filesystem) on device 8:1.
[    8.441630] Freeing YAMON memory: 956k freed
[    8.455438] Freeing unused kernel memory: 260K (8081f000 - 80860000)
[    8.544022] spurious 8259A interrupt: IRQ7.
[    8.608147] firmadyne: sys_reboot[PID: 48 (init)]: magic1:fee1dead, magic2:28121969, cmd:0
init started: BusyBox v1.13.4 (2012-03-09 11:38:45 CST)
starting pid 49, tty '/dev/console': '/usr/etc/rcS'
[    8.930364] firmadyne: do_execve: /firmadyne/console
[    8.931163] OFFSETS: offset of pid: 0x198 offset of comm: 0x278
[   10.619916] cfg80211: Calling CRDA to update world regulatory domain
[   12.339858] random: nonblocking pool is initialized
[   13.764104] cfg80211: Calling CRDA to update world regulatory domain
insmod finish
[   14.186081] firmadyne: sys_socket[PID: 101 (brctl)]: family:2, type:2, protocol:0
[   14.267546] firmadyne: sys_socket[PID: 102 (brctl)]: family:2, type:2, protocol:0
[   14.348807] firmadyne: sys_socket[PID: 103 (ifconfig)]: family:2, type:1, protocol:0
[   14.366537] IPv6: ADDRCONF(NETDEV_UP): eth0: link is not ready
[   14.367332] 8021q: adding VLAN 0 to HW filter on device eth0
[   14.374599] e1000: eth0 NIC Link is Up 1000 Mbps Full Duplex, Flow Control: RX
[   14.377336] IPv6: ADDRCONF(NETDEV_CHANGE): eth0: link becomes ready
[   14.463465] firmadyne: sys_socket[PID: 104 (ifconfig)]: family:2, type:1, protocol:0
[   14.476393] IPv6: ADDRCONF(NETDEV_UP): eth1: link is not ready
[   14.477121] 8021q: adding VLAN 0 to HW filter on device eth1
[   14.482354] e1000: eth1 NIC Link is Up 1000 Mbps Full Duplex, Flow Control: RX
[   14.483989] IPv6: ADDRCONF(NETDEV_CHANGE): eth1: link becomes ready
[   14.654795] firmadyne: sys_socket[PID: 106 (ifconfig)]: family:2, type:1, protocol:0
[   14.660563] firmadyne: __inet_insert_ifa[PID: 106 (ifconfig)]: device:lo ifa:0x7f000001
[   14.665308] firmadyne: __inet_insert_ifa[PID: 106 (ifconfig)]: device:lo ifa:0x7f000001
[   14.748353] firmadyne: sys_socket[PID: 107 (route)]: family:2, type:1, protocol:0
[   15.128425] firmadyne: sys_socket[PID: 109 (klogd)]: family:1, type:1, protocol:0
[   15.136005] firmadyne: sys_socket[PID: 109 (klogd)]: family:1, type:2, protocol:0
[   15.164094] firmadyne: sys_socket[PID: 109 (klogd)]: family:1, type:1, protocol:0
[   15.165771] firmadyne: sys_socket[PID: 109 (klogd)]: family:1, type:2, protocol:0
[   15.184088] firmadyne: sys_socket[PID: 109 (klogd)]: family:1, type:1, protocol:0
[   15.185727] firmadyne: sys_socket[PID: 109 (klogd)]: family:1, type:2, protocol:0
[   15.208110] firmadyne: sys_socket[PID: 109 (klogd)]: family:1, type:1, protocol:0
[   15.209781] firmadyne: sys_socket[PID: 109 (klogd)]: family:1, type:2, protocol:0
[   15.232018] firmadyne: sys_socket[PID: 109 (klogd)]: family:1, type:1, protocol:0
[   15.233657] firmadyne: sys_socket[PID: 109 (klogd)]: family:1, type:2, protocol:0
[   15.256594] firmadyne: sys_socket[PID: 109 (klogd)]: family:1, type:1, protocol:0
[   15.258233] firmadyne: sys_socket[PID: 109 (klogd)]: family:1, type:2, protocol:0
/usr/etc/rcS: line 144: can't create /proc/wan_unknowmac2cpu: nonexistent directory
[   15.285290] firmadyne: sys_socket[PID: 109 (klogd)]: family:1, type:1, protocol:0
[   15.286937] firmadyne: sys_socket[PID: 109 (klogd)]: family:1, type:2, protocol:0
[   15.308210] firmadyne: sys_socket[PID: 109 (klogd)]: family:1, type:1, protocol:0
[   15.309877] firmadyne: sys_socket[PID: 109 (klogd)]: family:1, type:2, protocol:0
[   15.332072] firmadyne: sys_socket[PID: 109 (klogd)]: family:1, type:1, protocol:0
[   15.333725] firmadyne: sys_socket[PID: 109 (klogd)]: family:1, type:2, protocol:0
[   15.356879] firmadyne: sys_socket[PID: 109 (klogd)]: family:1, type:1, protocol:0
[   15.358561] firmadyne: sys_socket[PID: 109 (klogd)]: family:1, type:2, protocol:0
[   15.380320] firmadyne: sys_socket[PID: 109 (klogd)]: family:1, type:1, protocol:0
[   15.382032] firmadyne: sys_socket[PID: 109 (klogd)]: family:1, type:2, protocol:0
[   15.407611] firmadyne: sys_socket[PID: 109 (klogd)]: family:1, type:1, protocol:0
[   15.410141] firmadyne: sys_socket[PID: 109 (klogd)]: family:1, type:2, protocol:0
[   15.428010] firmadyne: sys_socket[PID: 109 (klogd)]: family:1, type:1, protocol:0
[   15.429635] firmadyne: sys_socket[PID: 109 (klogd)]: family:1, type:2, protocol:0
[   15.452100] firmadyne: sys_socket[PID: 109 (klogd)]: family:1, type:1, protocol:0
[   15.453684] firmadyne: sys_socket[PID: 109 (klogd)]: family:1, type:2, protocol:0
[36m[rc debug]/usr/sbin/rc init [0m
[   15.476105] firmadyne: sys_socket[PID: 109 (klogd)]: family:1, type:1, protocol:0
[   15.477709] firmadyne: sys_socket[PID: 109 (klogd)]: family:1, type:2, protocol:0
[32m[SYSTEM]/sbin/ifconfig eth0 down[0m
[   15.500158] firmadyne: sys_socket[PID: 109 (klogd)]: family:1, type:1, protocol:0
[   15.501748] firmadyne: sys_socket[PID: 109 (klogd)]: family:1, type:2, protocol:0
[   15.524352] firmadyne: sys_socket[PID: 109 (klogd)]: family:1, type:1, protocol:0
[   15.525965] firmadyne: sys_socket[PID: 109 (klogd)]: family:1, type:2, protocol:0
[   15.548090] firmadyne: sys_socket[PID: 109 (klogd)]: family:1, type:1, protocol:0
[   15.549705] firmadyne: sys_socket[PID: 109 (klogd)]: family:1, type:2, protocol:0
[   15.572060] firmadyne: sys_socket[PID: 109 (klogd)]: family:1, type:1, protocol:0
[   15.573641] firmadyne: sys_socket[PID: 109 (klogd)]: family:1, type:2, protocol:0
[   15.596117] firmadyne: sys_socket[PID: 109 (klogd)]: family:1, type:1, protocol:0
[   15.597696] firmadyne: sys_socket[PID: 109 (klogd)]: family:1, type:2, protocol:0
[   15.620211] firmadyne: sys_socket[PID: 109 (klogd)]: family:1, type:1, protocol:0
[   15.621814] firmadyne: sys_socket[PID: 109 (klogd)]: family:1, type:2, protocol:0
[   15.644076] firmadyne: sys_socket[PID: 109 (klogd)]: family:1, type:1, protocol:0
[   15.645656] firmadyne: sys_socket[PID: 109 (klogd)]: family:1, type:2, protocol:0
[   15.668090] firmadyne: sys_socket[PID: 109 (klogd)]: family:1, type:1, protocol:0
[   15.669678] firmadyne: sys_socket[PID: 109 (klogd)]: family:1, type:2, protocol:0
[   15.677860] firmadyne: sys_socket[PID: 116 (ifconfig)]: family:2, type:1, protocol:0
[   15.692125] firmadyne: sys_socket[PID: 109 (klogd)]: family:1, type:1, protocol:0
[   15.693725] firmadyne: sys_socket[PID: 109 (klogd)]: family:1, type:2, protocol:0
[   15.712881] firmadyne: sys_socket[PID: 109 (klogd)]: family:1, type:1, protocol:0
[   15.716408] firmadyne: sys_socket[PID: 109 (klogd)]: family:1, type:2, protocol:0
[   15.753152] firmadyne: sys_socket[PID: 109 (klogd)]: family:1, type:1, protocol:0
[   15.754862] firmadyne: sys_socket[PID: 109 (klogd)]: family:1, type:2, protocol:0
[   15.772032] firmadyne: sys_socket[PID: 109 (klogd)]: family:1, type:1, protocol:0
[   15.773667] firmadyne: sys_socket[PID: 109 (klogd)]: family:1, type:2, protocol:0
[32m[SYSTEM]/sbin/ifconfig eth0 hw ether 00:c0:02:12:35:88 [0m
[   15.796023] firmadyne: sys_socket[PID: 109 (klogd)]: family:1, type:1, protocol:0
[   15.797649] firmadyne: sys_socket[PID: 109 (klogd)]: family:1, type:2, protocol:0
[   15.820055] firmadyne: sys_socket[PID: 109 (klogd)]: family:1, type:1, protocol:0
[   15.821644] firmadyne: sys_socket[PID: 109 (klogd)]: family:1, type:2, protocol:0
[   15.844032] firmadyne: sys_socket[PID: 109 (klogd)]: family:1, type:1, protocol:0
[   15.845623] firmadyne: sys_socket[PID: 109 (klogd)]: family:1, type:2, protocol:0
[   15.868053] firmadyne: sys_socket[PID: 109 (klogd)]: family:1, type:1, protocol:0
[   15.869646] firmadyne: sys_socket[PID: 109 (klogd)]: family:1, type:2, protocol:0
[   15.892037] firmadyne: sys_socket[PID: 109 (klogd)]: family:1, type:1, protocol:0
[   15.893643] firmadyne: sys_socket[PID: 109 (klogd)]: family:1, type:2, protocol:0
[   15.916193] firmadyne: sys_socket[PID: 109 (klogd)]: family:1, type:1, protocol:0
[   15.917850] firmadyne: sys_socket[PID: 109 (klogd)]: family:1, type:2, protocol:0
[   15.940179] firmadyne: sys_socket[PID: 109 (klogd)]: family:1, type:1, protocol:0
[   15.941803] firmadyne: sys_socket[PID: 109 (klogd)]: family:1, type:2, protocol:0
[   15.968095] firmadyne: sys_socket[PID: 109 (klogd)]: family:1, type:1, protocol:0
[   15.969695] firmadyne: sys_socket[PID: 109 (klogd)]: family:1, type:2, protocol:0
[   15.974184] firmadyne: sys_socket[PID: 118 (ifconfig)]: family:2, type:1, protocol:0
[   15.992065] firmadyne: sys_socket[PID: 109 (klogd)]: family:1, type:1, protocol:0
[   15.993683] firmadyne: sys_socket[PID: 109 (klogd)]: family:1, type:2, protocol:0
[32m[SYSTEM]/sbin/ifconfig eth0 up[0m
[   16.016176] firmadyne: sys_socket[PID: 109 (klogd)]: family:1, type:1, protocol:0
[   16.017802] firmadyne: sys_socket[PID: 109 (klogd)]: family:1, type:2, protocol:0
[   16.040052] firmadyne: sys_socket[PID: 109 (klogd)]: family:1, type:1, protocol:0
[   16.041671] firmadyne: sys_socket[PID: 109 (klogd)]: family:1, type:2, protocol:0
[   16.064033] firmadyne: sys_socket[PID: 109 (klogd)]: family:1, type:1, protocol:0
[   16.065644] firmadyne: sys_socket[PID: 109 (klogd)]: family:1, type:2, protocol:0
[   16.088076] firmadyne: sys_socket[PID: 109 (klogd)]: family:1, type:1, protocol:0
[   16.089692] firmadyne: sys_socket[PID: 109 (klogd)]: family:1, type:2, protocol:0
[   16.112123] firmadyne: sys_socket[PID: 109 (klogd)]: family:1, type:1, protocol:0
[   16.113746] firmadyne: sys_socket[PID: 109 (klogd)]: family:1, type:2, protocol:0
[   16.136140] firmadyne: sys_socket[PID: 109 (klogd)]: family:1, type:1, protocol:0
[   16.137765] firmadyne: sys_socket[PID: 109 (klogd)]: family:1, type:2, protocol:0
[   16.164073] firmadyne: sys_socket[PID: 109 (klogd)]: family:1, type:1, protocol:0
[   16.165693] firmadyne: sys_socket[PID: 109 (klogd)]: family:1, type:2, protocol:0
[   16.188254] firmadyne: sys_socket[PID: 109 (klogd)]: family:1, type:1, protocol:0
[   16.189848] firmadyne: sys_socket[PID: 109 (klogd)]: family:1, type:2, protocol:0
[   16.198996] firmadyne: sys_socket[PID: 120 (ifconfig)]: family:2, type:1, protocol:0
[   16.211401] IPv6: ADDRCONF(NETDEV_UP): eth0: link is not ready
[   16.212397] 8021q: adding VLAN 0 to HW filter on device eth0
[   16.217099] firmadyne: sys_socket[PID: 109 (klogd)]: family:1, type:1, protocol:0
[   16.218690] firmadyne: sys_socket[PID: 109 (klogd)]: family:1, type:2, protocol:0
[   16.236369] firmadyne: sys_socket[PID: 109 (klogd)]: family:1, type:1, protocol:0
[   16.237968] firmadyne: sys_socket[PID: 109 (klogd)]: family:1, type:2, protocol:0
[32m[SYSTEM]/bin/renice -20 2[0m
[   16.260065] firmadyne: sys_socket[PID: 109 (klogd)]: family:1, type:1, protocol:0
[   16.261670] firmadyne: sys_socket[PID: 109 (klogd)]: family:1, type:2, protocol:0
[   16.284055] firmadyne: sys_socket[PID: 109 (klogd)]: family:1, type:1, protocol:0
[   16.285652] firmadyne: sys_socket[PID: 109 (klogd)]: family:1, type:2, protocol:0
[   16.308037] firmadyne: sys_socket[PID: 109 (klogd)]: family:1, type:1, protocol:0
[   16.309621] firmadyne: sys_socket[PID: 109 (klogd)]: family:1, type:2, protocol:0
[   16.332059] firmadyne: sys_socket[PID: 109 (klogd)]: family:1, type:1, protocol:0
[   16.333658] firmadyne: sys_socket[PID: 109 (klogd)]: family:1, type:2, protocol:0
[   16.356084] firmadyne: sys_socket[PID: 109 (klogd)]: family:1, type:1, protocol:0
[   16.357707] firmadyne: sys_socket[PID: 109 (klogd)]: family:1, type:2, protocol:0
[   16.380090] firmadyne: sys_socket[PID: 109 (klogd)]: family:1, type:1, protocol:0
[   16.381705] firmadyne: sys_socket[PID: 109 (klogd)]: family:1, type:2, protocol:0
[   16.404079] firmadyne: sys_socket[PID: 109 (klogd)]: family:1, type:1, protocol:0
[   16.405667] firmadyne: sys_socket[PID: 109 (klogd)]: family:1, type:2, protocol:0
[   16.428067] firmadyne: sys_socket[PID: 109 (klogd)]: family:1, type:1, protocol:0
[   16.429828] firmadyne: sys_socket[PID: 109 (klogd)]: family:1, type:2, protocol:0
[   16.452177] firmadyne: sys_socket[PID: 109 (klogd)]: family:1, type:1, protocol:0
[   16.453772] firmadyne: sys_socket[PID: 109 (klogd)]: family:1, type:2, protocol:0
[32m[SYSTEM]/bin/renice -20 3[0m
[   16.480040] firmadyne: sys_socket[PID: 109 (klogd)]: family:1, type:1, protocol:0
[   16.481648] firmadyne: sys_socket[PID: 109 (klogd)]: family:1, type:2, protocol:0
[   16.508195] firmadyne: sys_socket[PID: 109 (klogd)]: family:1, type:1, protocol:0
[   16.509804] firmadyne: sys_socket[PID: 109 (klogd)]: family:1, type:2, protocol:0
[   16.532037] firmadyne: sys_socket[PID: 109 (klogd)]: family:1, type:1, protocol:0
[   16.533627] firmadyne: sys_socket[PID: 109 (klogd)]: family:1, type:2, protocol:0
[   16.556189] firmadyne: sys_socket[PID: 109 (klogd)]: family:1, type:1, protocol:0
[   16.557780] firmadyne: sys_socket[PID: 109 (klogd)]: family:1, type:2, protocol:0
[   16.580104] firmadyne: sys_socket[PID: 109 (klogd)]: family:1, type:1, protocol:0
[   16.581730] firmadyne: sys_socket[PID: 109 (klogd)]: family:1, type:2, protocol:0
[   16.604350] firmadyne: sys_socket[PID: 109 (klogd)]: family:1, type:1, protocol:0
[   16.605970] firmadyne: sys_socket[PID: 109 (klogd)]: family:1, type:2, protocol:0
[   16.628236] firmadyne: sys_socket[PID: 109 (klogd)]: family:1, type:1, protocol:0
[   16.629828] firmadyne: sys_socket[PID: 109 (klogd)]: family:1, type:2, protocol:0
[   16.652009] firmadyne: sys_socket[PID: 109 (klogd)]: family:1, type:1, protocol:0
[   16.653602] firmadyne: sys_socket[PID: 109 (klogd)]: family:1, type:2, protocol:0
[   16.676175] firmadyne: sys_socket[PID: 109 (klogd)]: family:1, type:1, protocol:0
[   16.677844] firmadyne: sys_socket[PID: 109 (klogd)]: family:1, type:2, protocol:0
nvram_init: Initializing NVRAM...
sem_get: Key: 4101802d
[   16.701007] firmadyne: sys_socket[PID: 109 (klogd)]: family:1, type:1, protocol:0
[   16.702596] firmadyne: sys_socket[PID: 109 (klogd)]: family:1, type:2, protocol:0
sem_get: Key: 410f01ca
nvram_set_default_builtin: Setting built-in default values!
nvram_set: console_loglevel = "7"
sem_get: Key: 410f01ca
sem_get: Key: 410f01ca
nvram_set[   16.724237] firmadyne: sys_socket[PID: 109 (klogd)]: family:1, type:1, protocol:0
[   16.725861] firmadyne: sys_socket[PID: 109 (klogd)]: family:1, type:2, protocol:0
: restore_defaults = "1"
sem_get: Key: 410f01ca
sem_get: Key: 410f01ca
nvram_set: sku_name = ""
sem_get: Key: 410f01ca
sem_get: Key: 410f01ca
nvram_set: wla_wlanstate = "[   16.748315] firmadyne: sys_socket[PID: 109 (klogd)]: family:1, type:1, protocol:0
[   16.749929] firmadyne: sys_socket[PID: 109 (klogd)]: family:1, type:2, protocol:0
"
sem_get: Key: 410f01ca
sem_get: Key: 410f01ca
nvram_set: lan_if = "br0"
sem_get: Key: 410f01ca
sem_get: Key: 410f01ca
nvram_set: lan_ipaddr = "192.168.0.50"
sem_get: Key: 410f01ca[   16.772299] firmadyne: sys_socket[PID: 109 (klogd)]: family:1, type:1, protocol:0
[   16.773891] firmadyne: sys_socket[PID: 109 (klogd)]: family:1, type:2, protocol:0

sem_get: Key: 410f01ca
nvram_set: lan_bipaddr = "192.168.0.255"
sem_get: Key: 410f01ca
sem_get: Key: 410f01ca
nvram_set: lan_netmask = "255.255.255.0"
sem_get: Key: 410f01ca
[   16.796045] firmadyne: sys_socket[PID: 109 (klogd)]: family:1, type:1, protocol:0
[   16.797623] firmadyne: sys_socket[PID: 109 (klogd)]: family:1, type:2, protocol:0
sem_get: Key: 410f01ca
nvram_set: time_zone = "PST8PDT"
sem_get: Key: 410f01ca
sem_get: Key: 410f01ca
nvram_set: wan_hwaddr_def = "01:23:45:67:89:ab"
sem_get: Key: 410f01ca
sem_get: Key: 410f01ca
nvram_set[   16.820400] firmadyne: sys_socket[PID: 109 (klogd)]: family:1, type:1, protocol:0
[   16.822013] firmadyne: sys_socket[PID: 109 (klogd)]: family:1, type:2, protocol:0
: wan_ifname = "eth0"
sem_get: Key: 410f01ca
sem_get: Key: 410f01ca
nvram_set: lan_ifnames = "eth1 eth2 eth3 eth4"
sem_get: Key: 410f01ca
sem_get: Key: 410f01ca
nvram_set: ethConver = "1"
[   16.844393] firmadyne: sys_socket[PID: 109 (klogd)]: family:1, type:1, protocol:0
[   16.846040] firmadyne: sys_socket[PID: 109 (klogd)]: family:1, type:2, protocol:0
sem_get: Key: 410f01ca
sem_get: Key: 410f01ca
nvram_set: lan_proto = "dhcp"
sem_get: Key: 410f01ca
sem_get: Key: 410f01ca
nvram_set: wan_ipaddr = "0.0.0.0"
sem_get: Key: 410f01ca
sem_get: Key: 410f01ca
[   16.872149] firmadyne: sys_socket[PID: 109 (klogd)]: family:1, type:1, protocol:0
[   16.873868] firmadyne: sys_socket[PID: 109 (klogd)]: family:1, type:2, protocol:0
nvram_set: wan_netmask = "255.255.255.0"
sem_get: Key: 410f01ca
sem_get: Key: 410f01ca
nvram_set: wanif = "eth0"
sem_get: Key: 410f01ca
sem_get: Key: 410f01ca
nvram_set: time_zone_x = "[   16.896186] firmadyne: sys_socket[PID: 109 (klogd)]: family:1, type:1, protocol:0
[   16.897803] firmadyne: sys_socket[PID: 109 (klogd)]: family:1, type:2, protocol:0
0"
sem_get: Key: 410f01ca
sem_get: Key: 410f01ca
[   16.907939] cfg80211: Calling CRDA to update world regulatory domain
nvram_set: rip_multicast = "0"
sem_get: Key: 410f01ca
sem_get: Key: 410f01ca
nvram_set: bs_trustedip_enable = "0[   16.920175] firmadyne: sys_socket[PID: 109 (klogd)]: family:1, type:1, protocol:0
[   16.921791] firmadyne: sys_socket[PID: 109 (klogd)]: family:1, type:2, protocol:0
"
sem_get: Key: 410f01ca
sem_get: Key: 410f01ca
nvram_set: et0macaddr = "01:23:45:67:89:ab"
sem_get: Key: 410f01ca
sem_get: Key: 410f01ca
nvram_set: filter_rule_tbl = ""
[   16.944044] firmadyne: sys_socket[PID: 109 (klogd)]: family:1, type:1, protocol:0
[   16.945669] firmadyne: sys_socket[PID: 109 (klogd)]: family:1, type:2, protocol:0
sem_get: Key: 410f01ca
sem_get: Key: 410f01ca
nvram_set: pppoe2_schedule_config = "127:0:0:23:59"
sem_get: Key: 410f01ca
sem_get: Key: 410f01ca
nvram_set: schedule_config = "127:0:0:23:59"
sem_get: Key: 410f01ca
[   16.968090] firmadyne: sys_socket[PID: 109 (klogd)]: family:1, type:1, protocol:0
[   16.969712] firmadyne: sys_socket[PID: 109 (klogd)]: family:1, type:2, protocol:0
sem_get: Key: 410f01ca
nvram_set: access_control_mode = "0"
sem_get: Key: 410f01ca
sem_get: Key: 410f01ca
nvram_set: fwpt_df_count = "0"
sem_get: Key: 410f01ca
sem_get: Key: [   16.992361] firmadyne: sys_socket[PID: 109 (klogd)]: family:1, type:1, protocol:0
[   16.993981] firmadyne: sys_socket[PID: 109 (klogd)]: family:1, type:2, protocol:0
410f01ca
nvram_set: static_if_status = "1"
sem_get: Key: 410f01ca
sem_get: Key: 410f01ca
nvram_set: www_relocation = ""
sem_get: Key: 410f01ca
sem_get: Key: 410f01ca
nvram_set: [   17.016331] firmadyne: sys_socket[PID: 109 (klogd)]: family:1, type:1, protocol:0
[   17.017949] firmadyne: sys_socket[PID: 109 (klogd)]: family:1, type:2, protocol:0
usb_info_dev0 = "A200396E0402FF83@1@14.4G@U@1@USB_Storage;U:;0;0@"
sem_get: Key: 410f01ca
sem_get: Key: 410f01ca
nvram_set: usb_info_dev1 = "A200396E0402FF83@1@14.4G@U@1@USB_Storage;U:;0;0@"
sem_get: Key: 410f01ca
sem_get: Key: 410f01ca
nvram_set: usb_info_dev2 = "[   17.040329] firmadyne: sys_socket[PID: 109 (klogd)]: family:1, type:1, protocol:0
[   17.041916] firmadyne: sys_socket[PID: 109 (klogd)]: family:1, type:2, protocol:0
A200396E0402FF83@1@14.4G@U@1@USB_Storage;U:;0;0@"
sem_get: Key: 410f01ca
sem_get: Key: 410f01ca
nvram_set: usb_info_dev3 = "A200396E0402FF83@1@14.4G@U@1@USB_Storage;U:;0;0@"
sem_get: Key: 410f01ca
sem_get: Key: 410f01ca
nvram_set: usb_info_dev4 = "A200396E0402FF83@1@14.4G@U@1@USB_Storage;U:;0;0@"
[   17.064504] firmadyne: sys_socket[PID: 109 (klogd)]: family:1, type:1, protocol:0
[   17.066114] firmadyne: sys_socket[PID: 109 (klogd)]: family:1, type:2, protocol:0
sem_get: Key: 410f01ca
sem_get: Key: 410f01ca
nvram_set: usb_info_dev5 = "A200396E0402FF83@1@14.4G@U@1@USB_Storage;U:;0;0@"
sem_get: Key: 410f01ca
sem_get: Key: 410f01ca
[   17.084052] firmadyne: sys_socket[PID: 109 (klogd)]: family:1, type:1, protocol:0
[   17.085653] firmadyne: sys_socket[PID: 109 (klogd)]: family:1, type:2, protocol:0
nvram_set: usb_info_dev6 = "A200396E0402FF83@1@14.4G@U@1@USB_Storage;U:;0;0@"
sem_get: Key: 410f01ca
sem_get: Key: 410f01ca
nvram_set: usb_info_dev7 = "A200396E0402FF83@1@14.4G@U@1@USB_Storage;U:;0;0@"
sem_get: Key: 410f01ca
sem_get: Key: 410f01ca
nvram_set: [   17.108040] firmadyne: sys_socket[PID: 109 (klogd)]: family:1, type:1, protocol:0
[   17.109641] firmadyne: sys_socket[PID: 109 (klogd)]: family:1, type:2, protocol:0
usb_info_dev8 = "A200396E0402FF83@1@14.4G@U@1@USB_Storage;U:;0;0@"
sem_get: Key: 410f01ca
sem_get: Key: 410f01ca
nvram_set: usb_info_dev9 = "A200396E0402FF83@1@14.4G@U@1@USB_Storage;U:;0;0@"
sem_get: Key: 410f01ca
sem_get: Key: 410f01ca
nvram_set: usb_info_dev10 = "A200396E0402FF83@1@14.4G@U@1@USB_Storage;U:;0;0@[   17.132570] firmadyne: sys_socket[PID: 109 (klogd)]: family:1, type:1, protocol:0
[   17.134184] firmadyne: sys_socket[PID: 109 (klogd)]: family:1, type:2, protocol:0
"
sem_get: Key: 410f01ca
sem_get: Key: 410f01ca
nvram_set: usb_info_dev11 = "A200396E0402FF83@1@14.4G@U@1@USB_Storage;U:;0;0@"
sem_get: Key: 410f01ca
sem_get[   17.152615] firmadyne: sys_socket[PID: 109 (klogd)]: family:1, type:1, protocol:0
[   17.154226] firmadyne: sys_socket[PID: 109 (klogd)]: family:1, type:2, protocol:0
: Key: 410f01ca
nvram_set: usb_info_dev12 = "A200396E0402FF83@1@14.4G@U@1@USB_Storage;U:;0;0@"
sem_get: Key: 410f01ca
sem_get: Key: 410f01ca
nvram_set: usb_info_dev13 = "A200396E0402FF83@1@14.4G@U@1@USB_Storage;U:;0;0@"
sem_get: Key: 410f01ca
sem_get: Key: 410f01ca[   17.176200] firmadyne: sys_socket[PID: 109 (klogd)]: family:1, type:1, protocol:0
[   17.177826] firmadyne: sys_socket[PID: 109 (klogd)]: family:1, type:2, protocol:0

nvram_set: usb_info_dev14 = "A200396E0402FF83@1@14.4G@U@1@USB_Storage;U:;0;0@"
sem_get: Key: 410f01ca
sem_get: Key: 410f01ca
nvram_set: usb_info_dev15 = "A200396E0402FF83@1@14.4G@U@1@USB_Storage;U:;0;0@"
sem_get: Key: 410f01ca
sem_get: Key: 410f01ca
[   17.200045] firmadyne: sys_socket[PID: 109 (klogd)]: family:1, type:1, protocol:0
[   17.201743] firmadyne: sys_socket[PID: 109 (klogd)]: family:1, type:2, protocol:0
nvram_set: usb_info_dev16 = "A200396E0402FF83@1@14.4G@U@1@USB_Storage;U:;0;0@"
sem_get: Key: 410f01ca
sem_get: Key: 410f01ca
nvram_set: usb_info_dev17 = "A200396E0402FF83@1@14.4G@U@1@USB_Storage;U:;0;0@"
sem_get: Key: 410f01ca
sem_get: Key: 410f01ca
nvram_set: usb_info_dev18[   17.224220] firmadyne: sys_socket[PID: 109 (klogd)]: family:1, type:1, protocol:0
[   17.225835] firmadyne: sys_socket[PID: 109 (klogd)]: family:1, type:2, protocol:0
 = "A200396E0402FF83@1@14.4G@U@1@USB_Storage;U:;0;0@"
sem_get: Key: 410f01ca
sem_get: Key: 410f01ca
nvram_set: usb_info_dev19 = "A200396E0402FF83@1@14.4G@U@1@USB_Storage;U:;0;0@"
sem_get: Key: 410f01ca
sem_get: Key: 410f01ca
nvram_set: usb_info_dev20 = "A200396E0402FF83@1@14.4G@U@1@USB_Storage;U:;0;0@[   17.248065] firmadyne: sys_socket[PID: 109 (klogd)]: family:1, type:1, protocol:0
[   17.249676] firmadyne: sys_socket[PID: 109 (klogd)]: family:1, type:2, protocol:0
"
sem_get: Key: 410f01ca
sem_get: Key: 410f01ca
nvram_set: usb_info_dev21 = "A200396E0402FF83@1@14.4G@U@1@USB_Storage;U:;0;0@"
sem_get: Key: 410f01ca
sem_get: Key: 410f01ca
nvram_set: usb_info_dev22 = "A200396E0402FF83@1@14.4G@U@1@USB_Storage;U:;0;0@"
sem_get[   17.272053] firmadyne: sys_socket[PID: 109 (klogd)]: family:1, type:1, protocol:0
[   17.273634] firmadyne: sys_socket[PID: 109 (klogd)]: family:1, type:2, protocol:0
: Key: 410f01ca
sem_get: Key: 410f01ca
nvram_set: usb_info_dev23 = "A200396E0402FF83@1@14.4G@U@1@USB_Storage;U:;0;0@"
sem_get: Key: 410f01ca
sem_get: Key: 410f01ca
nvram_set: usb_info_dev24 = "A200396E0402FF83@1@14.4G@U@1@USB_Storage;U:;0;0@"
sem_get: Key: 410f01ca
[   17.296268] firmadyne: sys_socket[PID: 109 (klogd)]: family:1, type:1, protocol:0
[   17.297868] firmadyne: sys_socket[PID: 109 (klogd)]: family:1, type:2, protocol:0
sem_get: Key: 410f01ca
nvram_set: usb_info_dev25 = "A200396E0402FF83@1@14.4G@U@1@USB_Storage;U:;0;0@"
sem_get: Key: 410f01ca
sem_get: Key: 410f01ca
nvram_set: usb_info_dev26 = "A200396E0402FF83@1@14.4G@U@1@USB_Storage;U:;0;0@"
sem_get: Key: 410f01ca
[   17.320097] firmadyne: sys_socket[PID: 109 (klogd)]: family:1, type:1, protocol:0
[   17.321712] firmadyne: sys_socket[PID: 109 (klogd)]: family:1, type:2, protocol:0
sem_get: Key: 410f01ca
nvram_set: usb_info_dev27 = "A200396E0402FF83@1@14.4G@U@1@USB_Storage;U:;0;0@"
sem_get: Key: 410f01ca
sem_get: Key: 410f01ca
nvram_set: usb_info_dev28 = "A200396E0402FF83@1@14.4G@U@1@USB_Storage;U:;0;0@"
sem_get: Key: 410f01ca
[   17.344245] firmadyne: sys_socket[PID: 109 (klogd)]: family:1, type:1, protocol:0
[   17.345836] firmadyne: sys_socket[PID: 109 (klogd)]: family:1, type:2, protocol:0
sem_get: Key: 410f01ca
nvram_set: usb_info_dev29 = "A200396E0402FF83@1@14.4G@U@1@USB_Storage;U:;0;0@"
sem_get: Key: 410f01ca
sem_get: Key: 410f01ca
nvram_set: usb_info_dev30 = "A200396E0402FF83@1@14.4G@U@1@USB_Storage;U:;0;0@"
sem_get: Key: 410f01ca
sem_get[   17.368365] firmadyne: sys_socket[PID: 109 (klogd)]: family:1, type:1, protocol:0
[   17.369990] firmadyne: sys_socket[PID: 109 (klogd)]: family:1, type:2, protocol:0
: Key: 410f01ca
nvram_set: usb_info_dev31 = "A200396E0402FF83@1@14.4G@U@1@USB_Storage;U:;0;0@"
sem_get: Key: 410f01ca
sem_get: Key: 410f01ca
nvram_set: usb_info_dev32 = "A200396E0402FF83@1@14.4G@U@1@USB_Storage;U:;0;0@"
sem_get: Key: 410f01ca
sem_get: Key: 410f01ca
[   17.392357] firmadyne: sys_socket[PID: 109 (klogd)]: family:1, type:1, protocol:0
[   17.393961] firmadyne: sys_socket[PID: 109 (klogd)]: family:1, type:2, protocol:0
nvram_set: usb_info_dev33 = "A200396E0402FF83@1@14.4G@U@1@USB_Storage;U:;0;0@"
sem_get: Key: 410f01ca
sem_get: Key: 410f01ca
nvram_set: usb_info_dev34 = "A200396E0402FF83@1@14.4G@U@1@USB_Storage;U:;0;0@"
sem_get: Key: 410f01ca
sem_get: Key: 410f01ca
nvram_set[   17.416313] firmadyne: sys_socket[PID: 109 (klogd)]: family:1, type:1, protocol:0
[   17.417933] firmadyne: sys_socket[PID: 109 (klogd)]: family:1, type:2, protocol:0
: usb_info_dev35 = "A200396E0402FF83@1@14.4G@U@1@USB_Storage;U:;0;0@"
sem_get: Key: 410f01ca
sem_get: Key: 410f01ca
nvram_set: usb_info_dev36 = "A200396E0402FF83@1@14.4G@U@1@USB_Storage;U:;0;0@"
sem_get: Key: 410f01ca
sem_get: Key: 410f01ca
nvram_set: usb_info_dev37[   17.440099] firmadyne: sys_socket[PID: 109 (klogd)]: family:1, type:1, protocol:0
[   17.441707] firmadyne: sys_socket[PID: 109 (klogd)]: family:1, type:2, protocol:0
 = "A200396E0402FF83@1@14.4G@U@1@USB_Storage;U:;0;0@"
sem_get: Key: 410f01ca
sem_get: Key: 410f01ca
nvram_set: usb_info_dev38 = "A200396E0402FF83@1@14.4G@U@1@USB_Storage;U:;0;0@"
sem_get: Key: 410f01ca
sem_get: Key: 410f01ca
[   17.464270] firmadyne: sys_socket[PID: 109 (klogd)]: family:1, type:1, protocol:0
[   17.466219] firmadyne: sys_socket[PID: 109 (klogd)]: family:1, type:2, protocol:0
nvram_set: usb_info_dev39 = "A200396E0402FF83@1@14.4G@U@1@USB_Storage;U:;0;0@"
sem_get: Key: 410f01ca
sem_get: Key: 410f01ca
nvram_set: usb_info_dev40 = "A200396E0402FF83@1@14.4G@U@1@USB_Storage;U:;0;0@"
sem_get: Key: 410f01ca
sem_get: Key: 410f01ca[   17.488422] firmadyne: sys_socket[PID: 109 (klogd)]: family:1, type:1, protocol:0
[   17.490024] firmadyne: sys_socket[PID: 109 (klogd)]: family:1, type:2, protocol:0

nvram_set: usb_info_dev41 = "A200396E0402FF83@1@14.4G@U@1@USB_Storage;U:;0;0@"
sem_get: Key: 410f01ca
sem_get: Key: 410f01ca
nvram_set: usb_info_dev42 = "A200396E0402FF83@1@14.4G@U@1@USB_Storage;U:;0;0@"
sem_get: Key: 410f01ca
sem_get: Key: 410f01ca
[   17.512043] firmadyne: sys_socket[PID: 109 (klogd)]: family:1, type:1, protocol:0
[   17.513663] firmadyne: sys_socket[PID: 109 (klogd)]: family:1, type:2, protocol:0
nvram_set: usb_info_dev43 = "A200396E0402FF83@1@14.4G@U@1@USB_Storage;U:;0;0@"
sem_get: Key: 410f01ca
sem_get: Key: 410f01ca
nvram_set: usb_info_dev44 = "A200396E0402FF83@1@14.4G@U@1@USB_Storage;U:;0;0@"
sem_get: Key: 410f01ca
sem_get: Key: 410f01ca
nvram_set: usb_info_dev45[   17.536197] firmadyne: sys_socket[PID: 109 (klogd)]: family:1, type:1, protocol:0
[   17.537804] firmadyne: sys_socket[PID: 109 (klogd)]: family:1, type:2, protocol:0
 = "A200396E0402FF83@1@14.4G@U@1@USB_Storage;U:;0;0@"
sem_get: Key: 410f01ca
sem_get: Key: 410f01ca
nvram_set: usb_info_dev46 = "A200396E0402FF83@1@14.4G@U@1@USB_Storage;U:;0;0@"
sem_get: Key: 410f01ca
sem_get: Key: 410f01ca
nvram_set: usb_info_dev47 = "A200396E0402FF83@1@14.4G@U@1@USB_Storage;U:;0;0@"
sem_get: Key: 410f01ca[   17.564387] firmadyne: sys_socket[PID: 109 (klogd)]: family:1, type:1, protocol:0
[   17.565991] firmadyne: sys_socket[PID: 109 (klogd)]: family:1, type:2, protocol:0

sem_get: Key: 410f01ca
nvram_set: usb_info_dev48 = "A200396E0402FF83@1@14.4G@U@1@USB_Storage;U:;0;0@"
sem_get: Key: 410f01ca
sem_get: Key: 410f01ca
nvram_set: usb_info_dev49 = "A200396E0402FF83@1@14.4G@U@1@USB_Storage;U:;0;0@"
sem_get: Key: 410f01ca
[   17.588174] firmadyne: sys_socket[PID: 109 (klogd)]: family:1, type:1, protocol:0
[   17.589787] firmadyne: sys_socket[PID: 109 (klogd)]: family:1, type:2, protocol:0
sem_get: Key: 410f01ca
nvram_set: usb_info_dev50 = "A200396E0402FF83@1@14.4G@U@1@USB_Storage;U:;0;0@"
sem_get: Key: 410f01ca
sem_get: Key: 410f01ca
nvram_set: usb_info_dev51 = "A200396E0402FF83@1@14.4G@U@1@USB_Storage;U:;0;0@"
sem_get: Key: 410f01ca
[   17.612046] firmadyne: sys_socket[PID: 109 (klogd)]: family:1, type:1, protocol:0
[   17.613634] firmadyne: sys_socket[PID: 109 (klogd)]: family:1, type:2, protocol:0
sem_get: Key: 410f01ca
nvram_set: usb_info_dev52 = "A200396E0402FF83@1@14.4G@U@1@USB_Storage;U:;0;0@"
sem_get: Key: 410f01ca
sem_get: Key: 410f01ca
nvram_set: usb_info_dev53 = "A200396E0402FF83@1@14.4G@U@1@USB_Storage;U:;0;0@"
sem_get: Key: 410f01ca
sem_get: Key: [   17.636119] firmadyne: sys_socket[PID: 109 (klogd)]: family:1, type:1, protocol:0
[   17.637745] firmadyne: sys_socket[PID: 109 (klogd)]: family:1, type:2, protocol:0
410f01ca
nvram_set: usb_info_dev54 = "A200396E0402FF83@1@14.4G@U@1@USB_Storage;U:;0;0@"
sem_get: Key: 410f01ca
sem_get: Key: 410f01ca
nvram_set: usb_info_dev55 = "A200396E0402FF83@1@14.4G@U@1@USB_Storage;U:;0;0@"
sem_get: Key: 410f01ca
sem_get: Key: 410f01ca
[   17.660094] firmadyne: sys_socket[PID: 109 (klogd)]: family:1, type:1, protocol:0
[   17.661722] firmadyne: sys_socket[PID: 109 (klogd)]: family:1, type:2, protocol:0
nvram_set: usb_info_dev56 = "A200396E0402FF83@1@14.4G@U@1@USB_Storage;U:;0;0@"
sem_get: Key: 410f01ca
sem_get: Key: 410f01ca
nvram_set: usb_info_dev57 = "A200396E0402FF83@1@14.4G@U@1@USB_Storage;U:;0;0@"
sem_get: Key: 410f01ca
sem_get: Key: 410f01ca
nvram_set: [   17.684215] firmadyne: sys_socket[PID: 109 (klogd)]: family:1, type:1, protocol:0
[   17.685854] firmadyne: sys_socket[PID: 109 (klogd)]: family:1, type:2, protocol:0
usb_info_dev58 = "A200396E0402FF83@1@14.4G@U@1@USB_Storage;U:;0;0@"
sem_get: Key: 410f01ca
sem_get: Key: 410f01ca
nvram_set: usb_info_dev59 = "A200396E0402FF83@1@14.4G@U@1@USB_Storage;U:;0;0@"
sem_get: Key: 410f01ca
sem_get: Key: 410f01ca
nvram_set: usb_info_dev60 = "[   17.708216] firmadyne: sys_socket[PID: 109 (klogd)]: family:1, type:1, protocol:0
[   17.709874] firmadyne: sys_socket[PID: 109 (klogd)]: family:1, type:2, protocol:0
A200396E0402FF83@1@14.4G@U@1@USB_Storage;U:;0;0@"
sem_get: Key: 410f01ca
sem_get: Key: 410f01ca
nvram_set: usb_info_dev61 = "A200396E0402FF83@1@14.4G@U@1@USB_Storage;U:;0;0@"
sem_get: Key: 410f01ca
sem_get: Key: 410f01ca
nvram_set: usb_info_dev62 = "A200396E0402FF83@1@14.4G@U@1@USB_Storage;U:;0;0@[   17.732271] firmadyne: sys_socket[PID: 109 (klogd)]: family:1, type:1, protocol:0
[   17.733912] firmadyne: sys_socket[PID: 109 (klogd)]: family:1, type:2, protocol:0
"
sem_get: Key: 410f01ca
sem_get: Key: 410f01ca
nvram_set: usb_info_dev63 = "A200396E0402FF83@1@14.4G@U@1@USB_Storage;U:;0;0@"
sem_get: Key: 410f01ca
sem_get: Key: 410f01ca
nvram_set: usb_info_dev64[   17.756075] firmadyne: sys_socket[PID: 109 (klogd)]: family:1, type:1, protocol:0
[   17.757703] firmadyne: sys_socket[PID: 109 (klogd)]: family:1, type:2, protocol:0
 = "A200396E0402FF83@1@14.4G@U@1@USB_Storage;U:;0;0@"
sem_get: Key: 410f01ca
sem_get: Key: 410f01ca
nvram_set: usb_info_dev65 = "A200396E0402FF83@1@14.4G@U@1@USB_Storage;U:;0;0@"
sem_get: Key: 410f01ca
sem_get: Key: 410f01ca
nvram_set: usb_info_dev66 = "A200396E0402FF83@1@14.4G@U@1@USB_Storage;U:;0;0@[   17.780197] firmadyne: sys_socket[PID: 109 (klogd)]: family:1, type:1, protocol:0
[   17.781823] firmadyne: sys_socket[PID: 109 (klogd)]: family:1, type:2, protocol:0
"
sem_get: Key: 410f01ca
sem_get: Key: 410f01ca
nvram_set: usb_info_dev67 = "A200396E0402FF83@1@14.4G@U@1@USB_Storage;U:;0;0@"
sem_get: Key: 410f01ca
sem_get: Key: 410f01ca
nvram_set: usb_info_dev68 = "A200396E0402FF83@1@14.4G@U@1@USB_Storage;U:;0;0@"
sem_get[   17.804351] firmadyne: sys_socket[PID: 109 (klogd)]: family:1, type:1, protocol:0
[   17.805953] firmadyne: sys_socket[PID: 109 (klogd)]: family:1, type:2, protocol:0
: Key: 410f01ca
sem_get: Key: 410f01ca
nvram_set: usb_info_dev69 = "A200396E0402FF83@1@14.4G@U@1@USB_Storage;U:;0;0@"
sem_get: Key: 410f01ca
sem_get: Key: 410f01ca
nvram_set: usb_info_dev70 = "A200396E0402FF83@1@14.4G@U@1@USB_Storage;U:;0;0@"
sem_get: Key: 410f01ca[   17.828155] firmadyne: sys_socket[PID: 109 (klogd)]: family:1, type:1, protocol:0
[   17.829768] firmadyne: sys_socket[PID: 109 (klogd)]: family:1, type:2, protocol:0

sem_get: Key: 410f01ca
nvram_set: usb_info_dev71 = "A200396E0402FF83@1@14.4G@U@1@USB_Storage;U:;0;0@"
sem_get: Key: 410f01ca
sem_get: Key: 410f01ca
nvram_set: usb_info_dev72 = "A200396E0402FF83@1@14.4G@U@1@USB_Storage;U:;0;0@"
sem_get: Key: 410f01ca
[   17.852131] firmadyne: sys_socket[PID: 109 (klogd)]: family:1, type:1, protocol:0
[   17.853735] firmadyne: sys_socket[PID: 109 (klogd)]: family:1, type:2, protocol:0
sem_get: Key: 410f01ca
nvram_set: usb_info_dev73 = "A200396E0402FF83@1@14.4G@U@1@USB_Storage;U:;0;0@"
sem_get: Key: 410f01ca
sem_get: Key: 410f01ca
nvram_set: usb_info_dev74 = "A200396E0402FF83@1@14.4G@U@1@USB_Storage;U:;0;0@"
sem_get: Key: 410f01ca
sem_get[   17.876391] firmadyne: sys_socket[PID: 109 (klogd)]: family:1, type:1, protocol:0
[   17.878008] firmadyne: sys_socket[PID: 109 (klogd)]: family:1, type:2, protocol:0
: Key: 410f01ca
nvram_set: usb_info_dev75 = "A200396E0402FF83@1@14.4G@U@1@USB_Storage;U:;0;0@"
sem_get: Key: 410f01ca
sem_get: Key: 410f01ca
nvram_set: usb_info_dev76 = "A200396E0402FF83@1@14.4G@U@1@USB_Storage;U:;0;0@"
sem_get: Key: 410f01ca
sem_get: Key: 410f01ca
[   17.900473] firmadyne: sys_socket[PID: 109 (klogd)]: family:1, type:1, protocol:0
[   17.902071] firmadyne: sys_socket[PID: 109 (klogd)]: family:1, type:2, protocol:0
nvram_set: usb_info_dev77 = "A200396E0402FF83@1@14.4G@U@1@USB_Storage;U:;0;0@"
sem_get: Key: 410f01ca
sem_get: Key: 410f01ca
nvram_set: usb_info_dev78 = "A200396E0402FF83@1@14.4G@U@1@USB_Storage;U:;0;0@"
sem_get: Key: 410f01ca
sem_get: Key: 410f01ca
[   17.924081] firmadyne: sys_socket[PID: 109 (klogd)]: family:1, type:1, protocol:0
[   17.925680] firmadyne: sys_socket[PID: 109 (klogd)]: family:1, type:2, protocol:0
nvram_set: usb_info_dev79 = "A200396E0402FF83@1@14.4G@U@1@USB_Storage;U:;0;0@"
sem_get: Key: 410f01ca
sem_get: Key: 410f01ca
nvram_set: usb_info_dev80 = "A200396E0402FF83@1@14.4G@U@1@USB_Storage;U:;0;0@"
sem_get: Key: 410f01ca
sem_get: Key: 410f01ca
[   17.948184] firmadyne: sys_socket[PID: 109 (klogd)]: family:1, type:1, protocol:0
[   17.949801] firmadyne: sys_socket[PID: 109 (klogd)]: family:1, type:2, protocol:0
nvram_set: usb_info_dev81 = "A200396E0402FF83@1@14.4G@U@1@USB_Storage;U:;0;0@"
sem_get: Key: 410f01ca
sem_get: Key: 410f01ca
nvram_set: usb_info_dev82 = "A200396E0402FF83@1@14.4G@U@1@USB_Storage;U:;0;0@"
sem_get: Key: 410f01ca
sem_get: Key: 410f01ca
nvram_set[   17.972042] firmadyne: sys_socket[PID: 109 (klogd)]: family:1, type:1, protocol:0
[   17.973651] firmadyne: sys_socket[PID: 109 (klogd)]: family:1, type:2, protocol:0
: usb_info_dev83 = "A200396E0402FF83@1@14.4G@U@1@USB_Storage;U:;0;0@"
sem_get: Key: 410f01ca
sem_get: Key: 410f01ca
nvram_set: usb_info_dev84 = "A200396E0402FF83@1@14.4G@U@1@USB_Storage;U:;0;0@"
sem_get: Key: 410f01ca
sem_get: Key: 410f01ca
nvram_set: usb_info_dev85 = "A200396E0402FF83@1@14.4G@U@1@USB_Storage;U:;0;0@[   17.996531] firmadyne: sys_socket[PID: 109 (klogd)]: family:1, type:1, protocol:0
[   17.998149] firmadyne: sys_socket[PID: 109 (klogd)]: family:1, type:2, protocol:0
"
sem_get: Key: 410f01ca
sem_get: Key: 410f01ca
nvram_set: usb_info_dev86 = "A200396E0402FF83@1@14.4G@U@1@USB_Storage;U:;0;0@"
sem_get: Key: 410f01ca
sem_get: Key: 410f01ca
nvram_set: usb_info_dev87 = "A200396E0402FF83@1@14.4G@U@1@USB_Storage;U:;0;0@"
[   18.020033] firmadyne: sys_socket[PID: 109 (klogd)]: family:1, type:1, protocol:0
[   18.021608] firmadyne: sys_socket[PID: 109 (klogd)]: family:1, type:2, protocol:0
sem_get: Key: 410f01ca
sem_get: Key: 410f01ca
nvram_set: usb_info_dev88 = "A200396E0402FF83@1@14.4G@U@1@USB_Storage;U:;0;0@"
sem_get: Key: 410f01ca
sem_get: Key: 410f01ca
nvram_set: usb_info_dev89 = "A200396E0402FF83@1@14.4G@U@1@USB_Storage;U:;0;0@"
sem_get[   18.044533] firmadyne: sys_socket[PID: 109 (klogd)]: family:1, type:1, protocol:0
[   18.046398] firmadyne: sys_socket[PID: 109 (klogd)]: family:1, type:2, protocol:0
: Key: 410f01ca
sem_get: Key: 410f01ca
nvram_set: usb_info_dev90 = "A200396E0402FF83@1@14.4G@U@1@USB_Storage;U:;0;0@"
sem_get: Key: 410f01ca
sem_get: Key: 410f01ca
nvram_set: usb_info_dev91 = "A200396E0402FF83@1@14.4G@U@1@USB_Storage;U:;0;0@"
sem_get: Key: [   18.068018] firmadyne: sys_socket[PID: 109 (klogd)]: family:1, type:1, protocol:0
[   18.069610] firmadyne: sys_socket[PID: 109 (klogd)]: family:1, type:2, protocol:0
410f01ca
sem_get: Key: 410f01ca
nvram_set: usb_info_dev92 = "A200396E0402FF83@1@14.4G@U@1@USB_Storage;U:;0;0@"
sem_get: Key: 410f01ca
sem_get: Key: 410f01ca
nvram_set: usb_info_dev93 = "A200396E0402FF83@1@14.4G@U@1@USB_Storage;U:;0;0@"
sem_get: Key: 410f01ca
[   18.092135] firmadyne: sys_socket[PID: 109 (klogd)]: family:1, type:1, protocol:0
[   18.093746] firmadyne: sys_socket[PID: 109 (klogd)]: family:1, type:2, protocol:0
sem_get: Key: 410f01ca
nvram_set: usb_info_dev94 = "A200396E0402FF83@1@14.4G@U@1@USB_Storage;U:;0;0@"
sem_get: Key: 410f01ca
sem_get: Key: 410f01ca
nvram_set: usb_info_dev95 = "A200396E0402FF83@1@14.4G@U@1@USB_Storage;U:;0;0@"
sem_get: Key: 410f01ca
sem_get[   18.116166] firmadyne: sys_socket[PID: 109 (klogd)]: family:1, type:1, protocol:0
[   18.117768] firmadyne: sys_socket[PID: 109 (klogd)]: family:1, type:2, protocol:0
: Key: 410f01ca
nvram_set: usb_info_dev96 = "A200396E0402FF83@1@14.4G@U@1@USB_Storage;U:;0;0@"
sem_get: Key: 410f01ca
sem_get: Key: 410f01ca
nvram_set: usb_info_dev97 = "A200396E0402FF83@1@14.4G@U@1@USB_Storage;U:;0;0@"
sem_get: Key: 410f01ca
sem_get: Key: 410f01ca
[   18.140127] firmadyne: sys_socket[PID: 109 (klogd)]: family:1, type:1, protocol:0
[   18.141744] firmadyne: sys_socket[PID: 109 (klogd)]: family:1, type:2, protocol:0
nvram_set: usb_info_dev98 = "A200396E0402FF83@1@14.4G@U@1@USB_Storage;U:;0;0@"
sem_get: Key: 410f01ca
sem_get: Key: 410f01ca
nvram_set: usb_info_dev99 = "A200396E0402FF83@1@14.4G@U@1@USB_Storage;U:;0;0@"
sem_get: Key: 410f01ca
sem_get: Key: 410f01ca
nvram_set: usb_info_dev100 = "A200396E0402FF83@1@14.4G@U@1@USB_Storage;U:;0;0@"
sem_get[   18.168385] firmadyne: sys_socket[PID: 109 (klogd)]: family:1, type:1, protocol:0
[   18.169993] firmadyne: sys_socket[PID: 109 (klogd)]: family:1, type:2, protocol:0
: Key: 410f01ca
sem_get: Key: 410f01ca
nvram_set: wla_ap_isolate_1 = ""
sem_get: Key: 410f01ca
sem_get: Key: 410f01ca
nvram_set: wla_ap_isolate_2 = ""
sem_get: Key: 410f01ca
[   18.192060] firmadyne: sys_socket[PID: 109 (klogd)]: family:1, type:1, protocol:0
[   18.193679] firmadyne: sys_socket[PID: 109 (klogd)]: family:1, type:2, protocol:0
sem_get: Key: 410f01ca
nvram_set: wla_ap_isolate_3 = ""
sem_get: Key: 410f01ca
sem_get: Key: 410f01ca
nvram_set: wla_ap_isolate_4 = ""
sem_get: Key: 410f01ca
sem_get: Key: 410f01ca
nvram_set: [   18.216331] firmadyne: sys_socket[PID: 109 (klogd)]: family:1, type:1, protocol:0
[   18.217959] firmadyne: sys_socket[PID: 109 (klogd)]: family:1, type:2, protocol:0
[   18.220883] e1000: eth0 NIC Link is Up 1000 Mbps Full Duplex, Flow Control: RX
[   18.222226] IPv6: ADDRCONF(NETDEV_CHANGE): eth0: link becomes ready
wlg_ap_isolate_1 = ""
sem_get: Key: 410f01ca
sem_get: Key: 410f01ca
nvram_set: wlg_ap_isolate_2 = ""
sem_get: Key: 410f01ca
sem_get: Key: 410f01ca
nvram_set: wlg_ap_isolate_3 = ""
[   18.248764] firmadyne: sys_socket[PID: 109 (klogd)]: family:1, type:1, protocol:0
[   18.250491] firmadyne: sys_socket[PID: 109 (klogd)]: family:1, type:2, protocol:0
sem_get: Key: 410f01ca
sem_get: Key: 410f01ca
nvram_set: wlg_ap_isolate_4 = ""
sem_get: Key: 410f01ca
sem_get: Key: 410f01ca
[   18.268048] firmadyne: sys_socket[PID: 109 (klogd)]: family:1, type:1, protocol:0
[   18.269674] firmadyne: sys_socket[PID: 109 (klogd)]: family:1, type:2, protocol:0
nvram_set: wlg_allow_access_1 = ""
sem_get: Key: 410f01ca
sem_get: Key: 410f01ca
nvram_set: wlg_allow_access_2 = ""
sem_get: Key: 410f01ca
sem_get: Key: 410f01ca
nvram_set: wlg_allow_access_3 = ""
sem_get[   18.292097] firmadyne: sys_socket[PID: 109 (klogd)]: family:1, type:1, protocol:0
[   18.293713] firmadyne: sys_socket[PID: 109 (klogd)]: family:1, type:2, protocol:0
: Key: 410f01ca
sem_get: Key: 410f01ca
nvram_set: wlg_allow_access_4 = ""
sem_get: Key: 410f01ca
sem_get: Key: 410f01ca
nvram_set: 0:macaddr = "01:23:45:67:89:ab"
sem_get: Key: 410f01ca
[   18.316080] firmadyne: sys_socket[PID: 109 (klogd)]: family:1, type:1, protocol:0
[   18.317703] firmadyne: sys_socket[PID: 109 (klogd)]: family:1, type:2, protocol:0
sem_get: Key: 410f01ca
nvram_set: 1:macaddr = "01:23:45:67:89:ab"
sem_get: Key: 410f01ca
sem_get: Key: 410f01ca
nvram_set: 2:macaddr = "01:23:45:67:89:ab"
sem_get: Key: 410f01ca
sem_get: Key: 410f01ca
[   18.340430] firmadyne: sys_socket[PID: 109 (klogd)]: family:1, type:1, protocol:0
[   18.342088] firmadyne: sys_socket[PID: 109 (klogd)]: family:1, type:2, protocol:0
nvram_set: lan1_ifnames = ""
sem_get: Key: 410f01ca
sem_get: Key: 410f01ca
nvram_set: lan2_ifnames = ""
sem_get: Key: 410f01ca
sem_get: Key: 410f01ca
nvram_set: lan3_ifnames = ""
sem_get: Key: 410f01ca
[   18.368057] firmadyne: sys_socket[PID: 109 (klogd)]: family:1, type:1, protocol:0
[   18.369686] firmadyne: sys_socket[PID: 109 (klogd)]: family:1, type:2, protocol:0
sem_get: Key: 410f01ca
nvram_set: lan4_ifnames = ""
sem_get: Key: 410f01ca
sem_get: Key: 410f01ca
nvram_set: lan5_ifnames = ""
sem_get: Key: 410f01ca
sem_get: Key: 410f01ca
[   18.392044] firmadyne: sys_socket[PID: 109 (klogd)]: family:1, type:1, protocol:0
[   18.393661] firmadyne: sys_socket[PID: 109 (klogd)]: family:1, type:2, protocol:0
nvram_set: lan6_ifnames = ""
sem_get: Key: 410f01ca
sem_get: Key: 410f01ca
nvram_set: lan7_ifnames = ""
sem_get: Key: 410f01ca
sem_get: Key: 410f01ca
nvram_set: lan8_ifnames = ""
sem_get: Key: [   18.416421] firmadyne: sys_socket[PID: 109 (klogd)]: family:1, type:1, protocol:0
[   18.418057] firmadyne: sys_socket[PID: 109 (klogd)]: family:1, type:2, protocol:0
410f01ca
sem_get: Key: 410f01ca
nvram_set: lan9_ifnames = ""
sem_get: Key: 410f01ca
sem_get: Key: 410f01ca
nvram_set_default: Loading built-in default values = 1!
nvram_set_default: Checking for symbol "router_defaults"...
[   18.440071] firmadyne: sys_socket[PID: 109 (klogd)]: family:1, type:1, protocol:0
[   18.441748] firmadyne: sys_socket[PID: 109 (klogd)]: family:1, type:2, protocol:0
nvram_set_default: Checking for symbol "Nvrams"...
nvram_set: time_zone = "GMT+0"
sem_get: Key: 410f01ca
sem_get: Key: [   18.464227] firmadyne: sys_socket[PID: 109 (klogd)]: family:1, type:1, protocol:0
[   18.465867] firmadyne: sys_socket[PID: 109 (klogd)]: family:1, type:2, protocol:0
410f01ca
nvram_set: time_daylight = ""
sem_get: Key: 410f01ca
sem_get: Key: 410f01ca
nvram_set: restore_default = "0"
[   18.488365] firmadyne: sys_socket[PID: 109 (klogd)]: family:1, type:1, protocol:0
[   18.490145] firmadyne: sys_socket[PID: 109 (klogd)]: family:1, type:2, protocol:0
sem_get: Key: 410f01ca
sem_get: Key: 410f01ca
nvram_set: wiz_language = "English"
sem_get: Key: 410f01ca
sem_get: Key: [   18.512138] firmadyne: sys_socket[PID: 109 (klogd)]: family:1, type:1, protocol:0
[   18.513756] firmadyne: sys_socket[PID: 109 (klogd)]: family:1, type:2, protocol:0
410f01ca
nvram_set: wiz_country = ""
sem_get: Key: 410f01ca
sem_get: Key: 410f01ca
nvram_set: fix_ipaddr = ""
sem_get: Key: 410f01ca
sem_get: Key: [   18.536320] firmadyne: sys_socket[PID: 109 (klogd)]: family:1, type:1, protocol:0
[   18.537943] firmadyne: sys_socket[PID: 109 (klogd)]: family:1, type:2, protocol:0
410f01ca
nvram_set: fix_netmask = ""
sem_get: Key: 410f01ca
sem_get: Key: 410f01ca
nvram_set: fix_gateway = ""
sem_get: Key: 410f01ca
sem_get: Key: 410f01ca
[   18.564048] firmadyne: sys_socket[PID: 109 (klogd)]: family:1, type:1, protocol:0
[   18.565636] firmadyne: sys_socket[PID: 109 (klogd)]: family:1, type:2, protocol:0
nvram_set: wan_ifname = "eth1"
sem_get: Key: 410f01ca
sem_get: Key: 410f01ca
nvram_set: wan_mode = "dhcpc"
sem_get: Key: 410f01ca
sem_get: Key: [   18.588346] firmadyne: sys_socket[PID: 109 (klogd)]: family:1, type:1, protocol:0
[   18.589949] firmadyne: sys_socket[PID: 109 (klogd)]: family:1, type:2, protocol:0
410f01ca
nvram_set: wan_iptype = "Dynamic"
sem_get: Key: 410f01ca
sem_get: Key: 410f01ca
nvram_set: wan_ipaddr = ""
sem_get: Key: 410f01ca
[   18.612317] firmadyne: sys_socket[PID: 109 (klogd)]: family:1, type:1, protocol:0
[   18.613941] firmadyne: sys_socket[PID: 109 (klogd)]: family:1, type:2, protocol:0
sem_get: Key: 410f01ca
nvram_set: wan_netmask = ""
sem_get: Key: 410f01ca
sem_get: Key: 410f01ca
nvram_set: wan_gateway = ""
sem_get: Key: 410f01ca
[   18.636014] firmadyne: sys_socket[PID: 109 (klogd)]: family:1, type:1, protocol:0
[   18.637609] firmadyne: sys_socket[PID: 109 (klogd)]: family:1, type:2, protocol:0
sem_get: Key: 410f01ca
nvram_set: wan_mtu = "1500"
sem_get: Key: 410f01ca
sem_get: Key: 410f01ca
nvram_set: wan_fix_dns = "0"
sem_get: Key: [   18.660094] firmadyne: sys_socket[PID: 109 (klogd)]: family:1, type:1, protocol:0
[   18.661696] firmadyne: sys_socket[PID: 109 (klogd)]: family:1, type:2, protocol:0
410f01ca
sem_get: Key: 410f01ca
nvram_set: wan_dns1 = ""
sem_get: Key: 410f01ca
sem_get: Key: 410f01ca
nvram_set: wan_dns2 = ""
sem_get: Key: 410f01ca[   18.684159] firmadyne: sys_socket[PID: 109 (klogd)]: family:1, type:1, protocol:0
[   18.685752] firmadyne: sys_socket[PID: 109 (klogd)]: family:1, type:2, protocol:0

sem_get: Key: 410f01ca
nvram_set: wan_macaddr = ""
sem_get: Key: 410f01ca
sem_get: Key: 410f01ca
nvram_set: wan_encap = "1"
[   18.708028] firmadyne: sys_socket[PID: 109 (klogd)]: family:1, type:1, protocol:0
[   18.709633] firmadyne: sys_socket[PID: 109 (klogd)]: family:1, type:2, protocol:0
sem_get: Key: 410f01ca
sem_get: Key: 410f01ca
nvram_set: wan_vpi = "0"
sem_get: Key: 410f01ca
sem_get: Key: 410f01ca
nvram_set: wan_vci = "38[   18.732280] firmadyne: sys_socket[PID: 109 (klogd)]: family:1, type:1, protocol:0
[   18.733917] firmadyne: sys_socket[PID: 109 (klogd)]: family:1, type:2, protocol:0
"
sem_get: Key: 410f01ca
sem_get: Key: 410f01ca
nvram_set: wan_dslmode = "MMODE"
sem_get: Key: 410f01ca
sem_get: Key: 410f01ca
[   18.756087] firmadyne: sys_socket[PID: 109 (klogd)]: family:1, type:1, protocol:0
[   18.757700] firmadyne: sys_socket[PID: 109 (klogd)]: family:1, type:2, protocol:0
nvram_set: wan_account = "JNR3210"
sem_get: Key: 410f01ca
sem_get: Key: 410f01ca
nvram_set: wan_domain = ""
sem_get: Key: 410f01ca
sem_get[   18.780170] firmadyne: sys_socket[PID: 109 (klogd)]: family:1, type:1, protocol:0
[   18.781801] firmadyne: sys_socket[PID: 109 (klogd)]: family:1, type:2, protocol:0
: Key: 410f01ca
nvram_set: wan_dod = "1"
sem_get: Key: 410f01ca
sem_get: Key: 410f01ca
nvram_set: wan_pppoe_relay = "0"
sem_get: Key: 410f01ca
[   18.804079] firmadyne: sys_socket[PID: 109 (klogd)]: family:1, type:1, protocol:0
[   18.805696] firmadyne: sys_socket[PID: 109 (klogd)]: family:1, type:2, protocol:0
sem_get: Key: 410f01ca
nvram_set: device_name = "JNR3210"
sem_get: Key: 410f01ca
sem_get: Key: 410f01ca
nvram_set: lan_if = "br0"
[   18.828073] firmadyne: sys_socket[PID: 109 (klogd)]: family:1, type:1, protocol:0
[   18.829664] firmadyne: sys_socket[PID: 109 (klogd)]: family:1, type:2, protocol:0
sem_get: Key: 410f01ca
sem_get: Key: 410f01ca
nvram_set: lan_ipaddr = "192.168.1.1"
sem_get: Key: 410f01ca
sem_get: Key: 410f01ca
[   18.852034] firmadyne: sys_socket[PID: 109 (klogd)]: family:1, type:1, protocol:0
[   18.853626] firmadyne: sys_socket[PID: 109 (klogd)]: family:1, type:2, protocol:0
nvram_set: lan_netmask = "255.255.255.0"
sem_get: Key: 410f01ca
sem_get: Key: 410f01ca
nvram_set: lan_bipaddr = "192.168.1.255"
sem_get: Key: [   18.876015] firmadyne: sys_socket[PID: 109 (klogd)]: family:1, type:1, protocol:0
[   18.877614] firmadyne: sys_socket[PID: 109 (klogd)]: family:1, type:2, protocol:0
410f01ca
sem_get: Key: 410f01ca
nvram_set: dhcp_server_enable = "1"
sem_get: Key: 410f01ca
sem_get: Key: 410f01ca
[   18.900038] firmadyne: sys_socket[PID: 109 (klogd)]: family:1, type:1, protocol:0
[   18.901622] firmadyne: sys_socket[PID: 109 (klogd)]: family:1, type:2, protocol:0
nvram_set: dhcp_start_ip = "192.168.1.2"
sem_get: Key: 410f01ca
sem_get: Key: 410f01ca
nvram_set: dhcp_end_ip = "192.168.1.254"
sem_get: Key: 410f01ca
sem_get[   18.924139] firmadyne: sys_socket[PID: 109 (klogd)]: family:1, type:1, protocol:0
[   18.925752] firmadyne: sys_socket[PID: 109 (klogd)]: family:1, type:2, protocol:0
: Key: 410f01ca
nvram_set: dhcp_reserved = ""
sem_get: Key: 410f01ca
sem_get: Key: 410f01ca
nvram_set: http_username = "admin"
[   18.948093] firmadyne: sys_socket[PID: 109 (klogd)]: family:1, type:1, protocol:0
[   18.949669] firmadyne: sys_socket[PID: 109 (klogd)]: family:1, type:2, protocol:0
sem_get: Key: 410f01ca
sem_get: Key: 410f01ca
nvram_set: http_password = "password"
sem_get: Key: 410f01ca
sem_get: Key: 410f01ca
[   18.972014] firmadyne: sys_socket[PID: 109 (klogd)]: family:1, type:1, protocol:0
[   18.973609] firmadyne: sys_socket[PID: 109 (klogd)]: family:1, type:2, protocol:0
nvram_set: http_timeout = "5"
sem_get: Key: 410f01ca
sem_get: Key: 410f01ca
nvram_set: rt_static_route = ""
sem_get: Key: 410f01ca
sem_get: Key: 410f01ca
[   18.996033] firmadyne: sys_socket[PID: 109 (klogd)]: family:1, type:1, protocol:0
[   18.997621] firmadyne: sys_socket[PID: 109 (klogd)]: family:1, type:2, protocol:0
nvram_set: rt_rip_version = "0"
sem_get: Key: 410f01ca
sem_get: Key: 410f01ca
nvram_set: rt_rip_direction = "both"
sem_get: Key: 410f01ca
[   19.020137] firmadyne: sys_socket[PID: 109 (klogd)]: family:1, type:1, protocol:0
[   19.021763] firmadyne: sys_socket[PID: 109 (klogd)]: family:1, type:2, protocol:0
sem_get: Key: 410f01ca
nvram_set: ddns_enable = "0"
sem_get: Key: 410f01ca
sem_get: Key: 410f01ca
nvram_set: ddns_service_provider = "dyndns[   19.044016] firmadyne: sys_socket[PID: 109 (klogd)]: family:1, type:1, protocol:0
[   19.045594] firmadyne: sys_socket[PID: 109 (klogd)]: family:1, type:2, protocol:0
"
sem_get: Key: 410f01ca
sem_get: Key: 410f01ca
nvram_set: ddns_user_name = ""
sem_get: Key: 410f01ca
sem_get: Key: 410f01ca
nvram_set: [   19.068026] firmadyne: sys_socket[PID: 109 (klogd)]: family:1, type:1, protocol:0
[   19.069598] firmadyne: sys_socket[PID: 109 (klogd)]: family:1, type:2, protocol:0
ddns_password = ""
sem_get: Key: 410f01ca
sem_get: Key: 410f01ca
nvram_set: ddns_host_name = ""
sem_get: Key: 410f01ca
sem_get: Key: 410f01ca
[   19.092028] firmadyne: sys_socket[PID: 109 (klogd)]: family:1, type:1, protocol:0
[   19.093608] firmadyne: sys_socket[PID: 109 (klogd)]: family:1, type:2, protocol:0
nvram_set: ddns_use_wildcards = "0"
sem_get: Key: 410f01ca
sem_get: Key: 410f01ca
nvram_set: pppoe_username = ""
sem_get: Key: 410f01ca
sem_get: Key: 410f01ca
[   19.116033] firmadyne: sys_socket[PID: 109 (klogd)]: family:1, type:1, protocol:0
[   19.117620] firmadyne: sys_socket[PID: 109 (klogd)]: family:1, type:2, protocol:0
nvram_set: pppoe_password = ""
sem_get: Key: 410f01ca
sem_get: Key: 410f01ca
nvram_set: pppoe_idle = "5"
sem_get: Key: 410f01ca
sem_get: Key: 410f01ca[   19.140185] firmadyne: sys_socket[PID: 109 (klogd)]: family:1, type:1, protocol:0
[   19.141807] firmadyne: sys_socket[PID: 109 (klogd)]: family:1, type:2, protocol:0

nvram_set: pppoe_service = ""
sem_get: Key: 410f01ca
sem_get: Key: 410f01ca
nvram_set: pptpc_server = "10.0.0.138"
sem_get: Key: 410f01ca
sem_get: Key: 410f01ca[   19.168390] firmadyne: sys_socket[PID: 109 (klogd)]: family:1, type:1, protocol:0
[   19.170017] firmadyne: sys_socket[PID: 109 (klogd)]: family:1, type:2, protocol:0

nvram_set: pppoa_username = "Guest"
sem_get: Key: 410f01ca
sem_get: Key: 410f01ca
nvram_set: pppoa_password = ""
sem_get: Key: 410f01ca
[   19.192308] firmadyne: sys_socket[PID: 109 (klogd)]: family:1, type:1, protocol:0
[   19.193890] firmadyne: sys_socket[PID: 109 (klogd)]: family:1, type:2, protocol:0
sem_get: Key: 410f01ca
nvram_set: pppoa_idle = "0"
sem_get: Key: 410f01ca
sem_get: Key: 410f01ca
nvram_set: pppoa_ipaddr = ""
sem_get: Key: [   19.216812] firmadyne: sys_socket[PID: 109 (klogd)]: family:1, type:1, protocol:0
[   19.218954] firmadyne: sys_socket[PID: 109 (klogd)]: family:1, type:2, protocol:0
410f01ca
sem_get: Key: 410f01ca
nvram_set: wifi_ssid = "NETGEAR"
sem_get: Key: 410f01ca
sem_get: Key: 410f01ca
[   19.240020] firmadyne: sys_socket[PID: 109 (klogd)]: family:1, type:1, protocol:0
[   19.241629] firmadyne: sys_socket[PID: 109 (klogd)]: family:1, type:2, protocol:0
nvram_set: wifi_ssid2 = "NETGEAR_Guest"
sem_get: Key: 410f01ca
sem_get: Key: 410f01ca
nvram_set: wifi_ssid3 = "NETGEAR_Guest2"
sem_get: Key: 410f01ca
[   19.264048] firmadyne: sys_socket[PID: 109 (klogd)]: family:1, type:1, protocol:0
[   19.265627] firmadyne: sys_socket[PID: 109 (klogd)]: family:1, type:2, protocol:0
sem_get: Key: 410f01ca
nvram_set: wifi_ssid4 = "NETGEAR_Guest3"
sem_get: Key: 410f01ca
sem_get: Key: 410f01ca
nvram_set: wifi_region = "Europe[   19.288269] firmadyne: sys_socket[PID: 109 (klogd)]: family:1, type:1, protocol:0
[   19.289854] firmadyne: sys_socket[PID: 109 (klogd)]: family:1, type:2, protocol:0
"
sem_get: Key: 410f01ca
sem_get: Key: 410f01ca
nvram_set: wifi_channel = "0"
sem_get: Key: 410f01ca
sem_get: Key: 410f01ca
[   19.312014] firmadyne: sys_socket[PID: 109 (klogd)]: family:1, type:1, protocol:0
[   19.313609] firmadyne: sys_socket[PID: 109 (klogd)]: family:1, type:2, protocol:0
nvram_set: wifi_auth_type = "3"
sem_get: Key: 410f01ca
sem_get: Key: 410f01ca
nvram_set: wifi_auth_type2 = "3"
sem_get: Key: 410f01ca
sem_get: Key: 410f01ca
[   19.336075] firmadyne: sys_socket[PID: 109 (klogd)]: family:1, type:1, protocol:0
[   19.337683] firmadyne: sys_socket[PID: 109 (klogd)]: family:1, type:2, protocol:0
nvram_set: wifi_auth_type3 = "3"
sem_get: Key: 410f01ca
sem_get: Key: 410f01ca
nvram_set: wifi_auth_type4 = "3"
sem_get: Key: 410f01ca
sem_get: Key: 410f01ca[   19.364393] firmadyne: sys_socket[PID: 109 (klogd)]: family:1, type:1, protocol:0
[   19.365990] firmadyne: sys_socket[PID: 109 (klogd)]: family:1, type:2, protocol:0

nvram_set: wifi_key_len = "0"
sem_get: Key: 410f01ca
sem_get: Key: 410f01ca
nvram_set: wifi_key_len2 = "0"
sem_get: Key: 410f01ca
[   19.388133] firmadyne: sys_socket[PID: 109 (klogd)]: family:1, type:1, protocol:0
[   19.389735] firmadyne: sys_socket[PID: 109 (klogd)]: family:1, type:2, protocol:0
sem_get: Key: 410f01ca
nvram_set: wifi_key_len3 = "0"
sem_get: Key: 410f01ca
sem_get: Key: 410f01ca
nvram_set: wifi_key_len4 = "0"
sem_get[   19.412311] firmadyne: sys_socket[PID: 109 (klogd)]: family:1, type:1, protocol:0
[   19.413892] firmadyne: sys_socket[PID: 109 (klogd)]: family:1, type:2, protocol:0
: Key: 410f01ca
sem_get: Key: 410f01ca
nvram_set: wifi_def_key = "1"
sem_get: Key: 410f01ca
sem_get: Key: 410f01ca
nvram_set: wifi_def_key2[   19.436291] firmadyne: sys_socket[PID: 109 (klogd)]: family:1, type:1, protocol:0
[   19.437897] firmadyne: sys_socket[PID: 109 (klogd)]: family:1, type:2, protocol:0
 = "1"
sem_get: Key: 410f01ca
sem_get: Key: 410f01ca
nvram_set: wifi_def_key3 = "1"
sem_get: Key: 410f01ca
sem_get: Key: 410f01ca
[   19.460040] firmadyne: sys_socket[PID: 109 (klogd)]: family:1, type:1, protocol:0
[   19.461635] firmadyne: sys_socket[PID: 109 (klogd)]: family:1, type:2, protocol:0
nvram_set: wifi_def_key4 = "1"
sem_get: Key: 410f01ca
sem_get: Key: 410f01ca
nvram_set: wifi_key1 = ""
sem_get: Key: 410f01ca
sem_get: Key: 410f01ca
[   19.484034] firmadyne: sys_socket[PID: 109 (klogd)]: family:1, type:1, protocol:0
[   19.485752] firmadyne: sys_socket[PID: 109 (klogd)]: family:1, type:2, protocol:0
nvram_set: wifi_key2 = ""
sem_get: Key: 410f01ca
sem_get: Key: 410f01ca
nvram_set: wifi_key3 = ""
sem_get: Key: 410f01ca
sem_get: Key: 410f01ca
[   19.508079] firmadyne: sys_socket[PID: 109 (klogd)]: family:1, type:1, protocol:0
[   19.509788] firmadyne: sys_socket[PID: 109 (klogd)]: family:1, type:2, protocol:0
nvram_set: wifi_key4 = ""
sem_get: Key: 410f01ca
sem_get: Key: 410f01ca
nvram_set: wifi_key12 = ""
sem_get: Key: 410f01ca
[   19.532169] firmadyne: sys_socket[PID: 109 (klogd)]: family:1, type:1, protocol:0
[   19.533940] firmadyne: sys_socket[PID: 109 (klogd)]: family:1, type:2, protocol:0
sem_get: Key: 410f01ca
nvram_set: wifi_key22 = ""
sem_get: Key: 410f01ca
sem_get: Key: 410f01ca
nvram_set: wifi_key32 = ""
[   19.556477] firmadyne: sys_socket[PID: 109 (klogd)]: family:1, type:1, protocol:0
[   19.558099] firmadyne: sys_socket[PID: 109 (klogd)]: family:1, type:2, protocol:0
sem_get: Key: 410f01ca
sem_get: Key: 410f01ca
nvram_set: wifi_key42 = ""
sem_get: Key: 410f01ca
sem_get: Key: 410f01ca
nvram_set: wifi_key13 = "[   19.580063] firmadyne: sys_socket[PID: 109 (klogd)]: family:1, type:1, protocol:0
[   19.581709] firmadyne: sys_socket[PID: 109 (klogd)]: family:1, type:2, protocol:0
"
sem_get: Key: 410f01ca
sem_get: Key: 410f01ca
nvram_set: wifi_key23 = ""
sem_get: Key: 410f01ca
sem_get: Key: 410f01ca
nvram_set: wifi_key33 = ""
[   19.604479] firmadyne: sys_socket[PID: 109 (klogd)]: family:1, type:1, protocol:0
[   19.606072] firmadyne: sys_socket[PID: 109 (klogd)]: family:1, type:2, protocol:0
sem_get: Key: 410f01ca
sem_get: Key: 410f01ca
nvram_set: wifi_key43 = ""
sem_get: Key: 410f01ca
sem_get: Key: 410f01ca
nvram_set: wifi_key14 = ""
[   19.628493] firmadyne: sys_socket[PID: 109 (klogd)]: family:1, type:1, protocol:0
[   19.630087] firmadyne: sys_socket[PID: 109 (klogd)]: family:1, type:2, protocol:0
sem_get: Key: 410f01ca
sem_get: Key: 410f01ca
nvram_set: wifi_key24 = ""
sem_get: Key: 410f01ca
sem_get: Key: 410f01ca
[   19.648068] firmadyne: sys_socket[PID: 109 (klogd)]: family:1, type:1, protocol:0
[   19.649696] firmadyne: sys_socket[PID: 109 (klogd)]: family:1, type:2, protocol:0
nvram_set: wifi_key34 = ""
sem_get: Key: 410f01ca
sem_get: Key: 410f01ca
nvram_set: wifi_key44 = ""
sem_get: Key: 410f01ca
sem_get: Key: 410f01ca
[   19.672033] firmadyne: sys_socket[PID: 109 (klogd)]: family:1, type:1, protocol:0
[   19.673623] firmadyne: sys_socket[PID: 109 (klogd)]: family:1, type:2, protocol:0
nvram_set: wifi_psk_pwd = ""
sem_get: Key: 410f01ca
sem_get: Key: 410f01ca
nvram_set: wifi_psk_pwd2 = ""
sem_get: Key: 410f01ca
sem_get: Key: 410f01ca
[   19.696046] firmadyne: sys_socket[PID: 109 (klogd)]: family:1, type:1, protocol:0
[   19.697631] firmadyne: sys_socket[PID: 109 (klogd)]: family:1, type:2, protocol:0
nvram_set: wifi_psk_pwd3 = ""
sem_get: Key: 410f01ca
sem_get: Key: 410f01ca
nvram_set: wifi_psk_pwd4 = ""
sem_get: Key: 410f01ca
[   19.720274] firmadyne: sys_socket[PID: 109 (klogd)]: family:1, type:1, protocol:0
[   19.721852] firmadyne: sys_socket[PID: 109 (klogd)]: family:1, type:2, protocol:0
sem_get: Key: 410f01ca
nvram_set: wifi_access_control = "0"
sem_get: Key: 410f01ca
sem_get: Key: 410f01ca
nvram_set[   19.744104] firmadyne: sys_socket[PID: 109 (klogd)]: family:1, type:1, protocol:0
[   19.745705] firmadyne: sys_socket[PID: 109 (klogd)]: family:1, type:2, protocol:0
: wifi_access_list = ""
sem_get: Key: 410f01ca
sem_get: Key: 410f01ca
nvram_set: wifi_if_on = "1"
sem_get: Key: 410f01ca
sem_get: Key: 410f01ca
[   19.768049] firmadyne: sys_socket[PID: 109 (klogd)]: family:1, type:1, protocol:0
[   19.769662] firmadyne: sys_socket[PID: 109 (klogd)]: family:1, type:2, protocol:0
nvram_set: wifi_if_on2 = "0"
sem_get: Key: 410f01ca
sem_get: Key: 410f01ca
nvram_set: wifi_if_on3 = "0"
sem_get: Key: 410f01ca
sem_get: Key: 410f01ca
[   19.792308] firmadyne: sys_socket[PID: 109 (klogd)]: family:1, type:1, protocol:0
[   19.793916] firmadyne: sys_socket[PID: 109 (klogd)]: family:1, type:2, protocol:0
nvram_set: wifi_if_on4 = "0"
sem_get: Key: 410f01ca
sem_get: Key: 410f01ca
nvram_set: wifi_broadcast_ssid = "1"
sem_get: Key: 410f01ca
[   19.816167] firmadyne: sys_socket[PID: 109 (klogd)]: family:1, type:1, protocol:0
[   19.817799] firmadyne: sys_socket[PID: 109 (klogd)]: family:1, type:2, protocol:0
sem_get: Key: 410f01ca
nvram_set: wifi_broadcast_ssid2 = "1"
sem_get: Key: 410f01ca
sem_get: Key: 410f01ca
nvram_set[   19.840424] firmadyne: sys_socket[PID: 109 (klogd)]: family:1, type:1, protocol:0
[   19.842029] firmadyne: sys_socket[PID: 109 (klogd)]: family:1, type:2, protocol:0
: wifi_broadcast_ssid3 = "1"
sem_get: Key: 410f01ca
sem_get: Key: 410f01ca
nvram_set: wifi_broadcast_ssid4 = "1"
sem_get: Key: 410f01ca
sem_get: Key: [   19.864382] firmadyne: sys_socket[PID: 109 (klogd)]: family:1, type:1, protocol:0
[   19.865990] firmadyne: sys_socket[PID: 109 (klogd)]: family:1, type:2, protocol:0
410f01ca
nvram_set: wifi_allow_guest2 = "0"
sem_get: Key: 410f01ca
sem_get: Key: 410f01ca
nvram_set: wifi_allow_guest3 = "0"
sem_get[   19.888353] firmadyne: sys_socket[PID: 109 (klogd)]: family:1, type:1, protocol:0
[   19.889958] firmadyne: sys_socket[PID: 109 (klogd)]: family:1, type:2, protocol:0
: Key: 410f01ca
sem_get: Key: 410f01ca
nvram_set: wifi_allow_guest4 = "0"
sem_get: Key: 410f01ca
sem_get: Key: 410f01ca
nvram_set[   19.912372] firmadyne: sys_socket[PID: 109 (klogd)]: family:1, type:1, protocol:0
[   19.913989] firmadyne: sys_socket[PID: 109 (klogd)]: family:1, type:2, protocol:0
: wifi_wep_on = "0"
sem_get: Key: 410f01ca
sem_get: Key: 410f01ca
nvram_set: wifi_wep_on2 = "0"
sem_get: Key: 410f01ca
sem_get: Key: 410f01ca
[   19.936047] firmadyne: sys_socket[PID: 109 (klogd)]: family:1, type:1, protocol:0
[   19.937659] firmadyne: sys_socket[PID: 109 (klogd)]: family:1, type:2, protocol:0
nvram_set: wifi_wep_on3 = "0"
sem_get: Key: 410f01ca
sem_get: Key: 410f01ca
nvram_set: wifi_wep_on4 = "0"
sem_get: Key: 410f01ca
sem_get: Key: 410f01ca
[   19.964043] firmadyne: sys_socket[PID: 109 (klogd)]: family:1, type:1, protocol:0
[   19.965627] firmadyne: sys_socket[PID: 109 (klogd)]: family:1, type:2, protocol:0
nvram_set: wifi_dot11_mode = "8"
sem_get: Key: 410f01ca
sem_get: Key: 410f01ca
nvram_set: wifi_dot11_iso = "0"
sem_get: Key: 410f01ca
sem_get: Key: [   19.988406] firmadyne: sys_socket[PID: 109 (klogd)]: family:1, type:1, protocol:0
[   19.990017] firmadyne: sys_socket[PID: 109 (klogd)]: family:1, type:2, protocol:0
410f01ca
nvram_set: wifi_radius_port = "1812"
sem_get: Key: 410f01ca
sem_get: Key: 410f01ca
nvram_set: wifi_wds = "0"
sem_get: Key: 410f01ca
[   20.012435] firmadyne: sys_socket[PID: 109 (klogd)]: family:1, type:1, protocol:0
[   20.014007] firmadyne: sys_socket[PID: 109 (klogd)]: family:1, type:2, protocol:0
sem_get: Key: 410f01ca
nvram_set: wifi_wds_apmode = "repeater"
sem_get: Key: 410f01ca
sem_get: Key: 410f01ca
[   20.036048] firmadyne: sys_socket[PID: 109 (klogd)]: family:1, type:1, protocol:0
[   20.037677] firmadyne: sys_socket[PID: 109 (klogd)]: family:1, type:2, protocol:0
nvram_set: wifi_wds_bridge0mac = ""
sem_get: Key: 410f01ca
sem_get: Key: 410f01ca
[   20.051918] cfg80211: Calling CRDA to update world regulatory domain
nvram_set: wifi_wds_bridge1mac = ""
sem_get: Key: 410f01ca
sem_get: Key: [   20.060030] firmadyne: sys_socket[PID: 109 (klogd)]: family:1, type:1, protocol:0
[   20.061852] firmadyne: sys_socket[PID: 109 (klogd)]: family:1, type:2, protocol:0
410f01ca
nvram_set: wifi_wds_bridge2mac = ""
sem_get: Key: 410f01ca
sem_get: Key: 410f01ca
nvram_set: wifi_wds_bridge3mac = ""
sem_get: Key: 410f01ca[   20.084182] firmadyne: sys_socket[PID: 109 (klogd)]: family:1, type:1, protocol:0
[   20.085772] firmadyne: sys_socket[PID: 109 (klogd)]: family:1, type:2, protocol:0

sem_get: Key: 410f01ca
nvram_set: wifi_wds_bridge4mac = ""
sem_get: Key: 410f01ca
sem_get: Key: 410f01ca
nvram_set: wifi_wds_repeater1mac[   20.108404] firmadyne: sys_socket[PID: 109 (klogd)]: family:1, type:1, protocol:0
[   20.110005] firmadyne: sys_socket[PID: 109 (klogd)]: family:1, type:2, protocol:0
 = ""
sem_get: Key: 410f01ca
sem_get: Key: 410f01ca
nvram_set: wifi_wds_repeater2mac = ""
sem_get: Key: 410f01ca
sem_get: Key: 410f01ca
[   20.132036] firmadyne: sys_socket[PID: 109 (klogd)]: family:1, type:1, protocol:0
[   20.133852] firmadyne: sys_socket[PID: 109 (klogd)]: family:1, type:2, protocol:0
nvram_set: wifi_wds_repeater3mac = ""
sem_get: Key: 410f01ca
sem_get: Key: 410f01ca
nvram_set: wifi_wds_repeater4mac = ""
sem_get: Key: 410f01ca
[   20.156105] firmadyne: sys_socket[PID: 109 (klogd)]: family:1, type:1, protocol:0
[   20.157724] firmadyne: sys_socket[PID: 109 (klogd)]: family:1, type:2, protocol:0
sem_get: Key: 410f01ca
nvram_set: wifi_frag_thre = "2346"
sem_get: Key: 410f01ca
sem_get: Key: 410f01ca
nvram_set: wifi_rts_thre = "[   20.180006] firmadyne: sys_socket[PID: 109 (klogd)]: family:1, type:1, protocol:0
[   20.181582] firmadyne: sys_socket[PID: 109 (klogd)]: family:1, type:2, protocol:0
2347"
sem_get: Key: 410f01ca
sem_get: Key: 410f01ca
nvram_set: wifi_enable_shortpreamble = "1"
sem_get: Key: 410f01ca
sem_get: Key: 410f01ca
[   20.204035] firmadyne: sys_socket[PID: 109 (klogd)]: family:1, type:1, protocol:0
[   20.205623] firmadyne: sys_socket[PID: 109 (klogd)]: family:1, type:2, protocol:0
nvram_set: wifi_ssid1 = "NETGEAR-DualBand-N"
sem_get: Key: 410f01ca
sem_get: Key: 410f01ca
nvram_set: wifi_ssid12 = "[   20.228112] firmadyne: sys_socket[PID: 109 (klogd)]: family:1, type:1, protocol:0
[   20.229703] firmadyne: sys_socket[PID: 109 (klogd)]: family:1, type:2, protocol:0
NETGEAR-5G_Guest1"
sem_get: Key: 410f01ca
sem_get: Key: 410f01ca
nvram_set: wifi_ssid13 = "NETGEAR-5G_Guest2"
sem_get: Key: 410f01ca
sem_get: Key: 410f01ca
[   20.252032] firmadyne: sys_socket[PID: 109 (klogd)]: family:1, type:1, protocol:0
[   20.253633] firmadyne: sys_socket[PID: 109 (klogd)]: family:1, type:2, protocol:0
nvram_set: wifi_ssid14 = "NETGEAR-5G_Guest3"
sem_get: Key: 410f01ca
sem_get: Key: 410f01ca
nvram_set: wifi_ssid12_bgn = "0"
sem_get: Key: 410f01ca[   20.276259] firmadyne: sys_socket[PID: 109 (klogd)]: family:1, type:1, protocol:0
[   20.277911] firmadyne: sys_socket[PID: 109 (klogd)]: family:1, type:2, protocol:0

sem_get: Key: 410f01ca
nvram_set: wifi_ssid12_abgn = "0"
sem_get: Key: 410f01ca
sem_get: Key: 410f01ca
nvram_set: [   20.300026] firmadyne: sys_socket[PID: 109 (klogd)]: family:1, type:1, protocol:0
[   20.301660] firmadyne: sys_socket[PID: 109 (klogd)]: family:1, type:2, protocol:0
wifi_region1 = "Asia"
sem_get: Key: 410f01ca
sem_get: Key: 410f01ca
nvram_set: wifi_channel1 = "36"
sem_get: Key: 410f01ca
sem_get: Key: 410f01ca
[   20.324041] firmadyne: sys_socket[PID: 109 (klogd)]: family:1, type:1, protocol:0
[   20.325677] firmadyne: sys_socket[PID: 109 (klogd)]: family:1, type:2, protocol:0
nvram_set: wifi_auth_type1 = "3"
sem_get: Key: 410f01ca
sem_get: Key: 410f01ca
nvram_set: wifi_auth_type12 = "3"
sem_get: Key: 410f01ca
[   20.348347] firmadyne: sys_socket[PID: 109 (klogd)]: family:1, type:1, protocol:0
[   20.349972] firmadyne: sys_socket[PID: 109 (klogd)]: family:1, type:2, protocol:0
sem_get: Key: 410f01ca
nvram_set: wifi_auth_type13 = "3"
sem_get: Key: 410f01ca
sem_get: Key: 410f01ca
nvram_set: [   20.372113] firmadyne: sys_socket[PID: 109 (klogd)]: family:1, type:1, protocol:0
[   20.373998] firmadyne: sys_socket[PID: 109 (klogd)]: family:1, type:2, protocol:0
wifi_auth_type14 = "3"
sem_get: Key: 410f01ca
sem_get: Key: 410f01ca
nvram_set: wifi_key_len1 = "0"
sem_get: Key: 410f01ca
sem_get: Key: 410f01ca
[   20.396041] firmadyne: sys_socket[PID: 109 (klogd)]: family:1, type:1, protocol:0
[   20.397626] firmadyne: sys_socket[PID: 109 (klogd)]: family:1, type:2, protocol:0
nvram_set: wifi_key_len12 = "0"
sem_get: Key: 410f01ca
sem_get: Key: 410f01ca
nvram_set: wifi_key_len13 = "0"
sem_get: Key: 410f01ca
sem_get: Key: [   20.420381] firmadyne: sys_socket[PID: 109 (klogd)]: family:1, type:1, protocol:0
[   20.421991] firmadyne: sys_socket[PID: 109 (klogd)]: family:1, type:2, protocol:0
410f01ca
nvram_set: wifi_key_len14 = "0"
sem_get: Key: 410f01ca
sem_get: Key: 410f01ca
nvram_set: wifi_def_key1 = "1"
sem_get: Key: 410f01ca
[   20.444354] firmadyne: sys_socket[PID: 109 (klogd)]: family:1, type:1, protocol:0
[   20.445955] firmadyne: sys_socket[PID: 109 (klogd)]: family:1, type:2, protocol:0
sem_get: Key: 410f01ca
nvram_set: wifi_def_key12 = "1"
sem_get: Key: 410f01ca
sem_get: Key: 410f01ca
nvram_set: wifi_def_key13[   20.468360] firmadyne: sys_socket[PID: 109 (klogd)]: family:1, type:1, protocol:0
[   20.469953] firmadyne: sys_socket[PID: 109 (klogd)]: family:1, type:2, protocol:0
 = "1"
sem_get: Key: 410f01ca
sem_get: Key: 410f01ca
nvram_set: wifi_def_key14 = "1"
sem_get: Key: 410f01ca
sem_get: Key: 410f01ca
[   20.492033] firmadyne: sys_socket[PID: 109 (klogd)]: family:1, type:1, protocol:0
[   20.493600] firmadyne: sys_socket[PID: 109 (klogd)]: family:1, type:2, protocol:0
nvram_set: wifi_key11 = ""
sem_get: Key: 410f01ca
sem_get: Key: 410f01ca
nvram_set: wifi_key21 = ""
sem_get: Key: 410f01ca
sem_get: Key: 410f01ca
[   20.516032] firmadyne: sys_socket[PID: 109 (klogd)]: family:1, type:1, protocol:0
[   20.517608] firmadyne: sys_socket[PID: 109 (klogd)]: family:1, type:2, protocol:0
nvram_set: wifi_key31 = ""
sem_get: Key: 410f01ca
sem_get: Key: 410f01ca
nvram_set: wifi_key41 = ""
sem_get: Key: 410f01ca
sem_get: Key: 410f01ca
[   20.540099] firmadyne: sys_socket[PID: 109 (klogd)]: family:1, type:1, protocol:0
[   20.541774] firmadyne: sys_socket[PID: 109 (klogd)]: family:1, type:2, protocol:0
nvram_set: wifi_key112 = ""
sem_get: Key: 410f01ca
sem_get: Key: 410f01ca
nvram_set: wifi_key212 = ""
sem_get: Key: 410f01ca
sem_get: Key: [   20.568479] firmadyne: sys_socket[PID: 109 (klogd)]: family:1, type:1, protocol:0
[   20.570275] firmadyne: sys_socket[PID: 109 (klogd)]: family:1, type:2, protocol:0
410f01ca
nvram_set: wifi_key312 = ""
sem_get: Key: 410f01ca
sem_get: Key: 410f01ca
nvram_set: wifi_key412 = ""
sem_get: Key: 410f01ca
[   20.592219] firmadyne: sys_socket[PID: 109 (klogd)]: family:1, type:1, protocol:0
[   20.593831] firmadyne: sys_socket[PID: 109 (klogd)]: family:1, type:2, protocol:0
sem_get: Key: 410f01ca
nvram_set: wifi_key113 = ""
sem_get: Key: 410f01ca
sem_get: Key: 410f01ca
nvram_set: wifi_key213 = ""
sem_get: Key: 410f01ca
[   20.616059] firmadyne: sys_socket[PID: 109 (klogd)]: family:1, type:1, protocol:0
[   20.617719] firmadyne: sys_socket[PID: 109 (klogd)]: family:1, type:2, protocol:0
sem_get: Key: 410f01ca
nvram_set: wifi_key313 = ""
sem_get: Key: 410f01ca
sem_get: Key: 410f01ca
nvram_set: wifi_key413 = ""
sem_get: Key: 410f01ca
[   20.640194] firmadyne: sys_socket[PID: 109 (klogd)]: family:1, type:1, protocol:0
[   20.641776] firmadyne: sys_socket[PID: 109 (klogd)]: family:1, type:2, protocol:0
sem_get: Key: 410f01ca
nvram_set: wifi_key114 = ""
sem_get: Key: 410f01ca
sem_get: Key: 410f01ca
nvram_set: wifi_key214 = ""
sem_get: Key: 410f01ca[   20.664172] firmadyne: sys_socket[PID: 109 (klogd)]: family:1, type:1, protocol:0
[   20.665772] firmadyne: sys_socket[PID: 109 (klogd)]: family:1, type:2, protocol:0

sem_get: Key: 410f01ca
nvram_set: wifi_key314 = ""
sem_get: Key: 410f01ca
sem_get: Key: 410f01ca
nvram_set: wifi_key414 = ""
sem_get: Key: [   20.688100] firmadyne: sys_socket[PID: 109 (klogd)]: family:1, type:1, protocol:0
[   20.689982] firmadyne: sys_socket[PID: 109 (klogd)]: family:1, type:2, protocol:0
410f01ca
sem_get: Key: 410f01ca
nvram_set: wifi_psk_pwd1 = ""
sem_get: Key: 410f01ca
sem_get: Key: 410f01ca
nvram_set: wifi_psk_pwd12 = "[   20.712073] firmadyne: sys_socket[PID: 109 (klogd)]: family:1, type:1, protocol:0
[   20.713824] firmadyne: sys_socket[PID: 109 (klogd)]: family:1, type:2, protocol:0
"
sem_get: Key: 410f01ca
sem_get: Key: 410f01ca
nvram_set: wifi_psk_pwd13 = ""
sem_get: Key: 410f01ca
sem_get: Key: 410f01ca
nvram_set[   20.736375] firmadyne: sys_socket[PID: 109 (klogd)]: family:1, type:1, protocol:0
[   20.737991] firmadyne: sys_socket[PID: 109 (klogd)]: family:1, type:2, protocol:0
: wifi_psk_pwd14 = ""
sem_get: Key: 410f01ca
sem_get: Key: 410f01ca
nvram_set: wifi_access_control1 = "0"
sem_get: Key: 410f01ca
sem_get: Key: 410f01ca
[   20.764031] firmadyne: sys_socket[PID: 109 (klogd)]: family:1, type:1, protocol:0
[   20.765626] firmadyne: sys_socket[PID: 109 (klogd)]: family:1, type:2, protocol:0
nvram_set: wifi_access_list1 = ""
sem_get: Key: 410f01ca
sem_get: Key: 410f01ca
nvram_set: wifi_if_on1 = "1"
sem_get: Key: 410f01ca
sem_get: Key: 410f01ca
[   20.788038] firmadyne: sys_socket[PID: 109 (klogd)]: family:1, type:1, protocol:0
[   20.789616] firmadyne: sys_socket[PID: 109 (klogd)]: family:1, type:2, protocol:0
nvram_set: wifi_if_on12 = "0"
sem_get: Key: 410f01ca
sem_get: Key: 410f01ca
nvram_set: wifi_if_on13 = "0"
sem_get: Key: 410f01ca
sem_get: Key: 410f01ca[   20.812351] firmadyne: sys_socket[PID: 109 (klogd)]: family:1, type:1, protocol:0
[   20.813982] firmadyne: sys_socket[PID: 109 (klogd)]: family:1, type:2, protocol:0

nvram_set: wifi_if_on14 = "0"
sem_get: Key: 410f01ca
sem_get: Key: 410f01ca
nvram_set: wifi_broadcast_ssid1 = "1"
sem_get: Key: 410f01ca[   20.836070] firmadyne: sys_socket[PID: 109 (klogd)]: family:1, type:1, protocol:0
[   20.837666] firmadyne: sys_socket[PID: 109 (klogd)]: family:1, type:2, protocol:0

sem_get: Key: 410f01ca
nvram_set: wifi_broadcast_ssid12 = "1"
sem_get: Key: 410f01ca
sem_get: Key: 410f01ca
[   20.860012] firmadyne: sys_socket[PID: 109 (klogd)]: family:1, type:1, protocol:0
[   20.861607] firmadyne: sys_socket[PID: 109 (klogd)]: family:1, type:2, protocol:0
nvram_set: wifi_broadcast_ssid13 = "1"
sem_get: Key: 410f01ca
sem_get: Key: 410f01ca
nvram_set: wifi_broadcast_ssid14 = "1"
sem_get: Key: 410f01ca
[   20.884035] firmadyne: sys_socket[PID: 109 (klogd)]: family:1, type:1, protocol:0
[   20.885614] firmadyne: sys_socket[PID: 109 (klogd)]: family:1, type:2, protocol:0
sem_get: Key: 410f01ca
nvram_set: wifi_allow_guest12 = "0"
sem_get: Key: 410f01ca
sem_get: Key: 410f01ca
nvram_set: wifi_allow_guest13 = "0"
[   20.908145] firmadyne: sys_socket[PID: 109 (klogd)]: family:1, type:1, protocol:0
[   20.909735] firmadyne: sys_socket[PID: 109 (klogd)]: family:1, type:2, protocol:0
sem_get: Key: 410f01ca
sem_get: Key: 410f01ca
nvram_set: wifi_allow_guest14 = "0"
sem_get: Key: 410f01ca
sem_get: Key: 410f01ca
[   20.932031] firmadyne: sys_socket[PID: 109 (klogd)]: family:1, type:1, protocol:0
[   20.933643] firmadyne: sys_socket[PID: 109 (klogd)]: family:1, type:2, protocol:0
nvram_set: wifi_wep_on1 = "0"
sem_get: Key: 410f01ca
sem_get: Key: 410f01ca
nvram_set: wifi_wep_on12 = "0"
sem_get: Key: 410f01ca
sem_get[   20.956118] firmadyne: sys_socket[PID: 109 (klogd)]: family:1, type:1, protocol:0
[   20.957741] firmadyne: sys_socket[PID: 109 (klogd)]: family:1, type:2, protocol:0
: Key: 410f01ca
nvram_set: wifi_wep_on13 = "0"
sem_get: Key: 410f01ca
sem_get: Key: 410f01ca
nvram_set: wifi_wep_on14 = "0"
sem_get: Key: 410f01ca
[   20.980308] firmadyne: sys_socket[PID: 109 (klogd)]: family:1, type:1, protocol:0
[   20.981922] firmadyne: sys_socket[PID: 109 (klogd)]: family:1, type:2, protocol:0
sem_get: Key: 410f01ca
nvram_set: wifi_dot11_mode1 = "8"
sem_get: Key: 410f01ca
sem_get: Key: 410f01ca
nvram_set: wifi_dot11_iso2 = "0"
sem_get: Key: 410f01ca
sem_get: Key: 410f01ca
nvram_set: wifi_radius_port1 = "1812"
sem_get: Key: 410f01ca
sem_get: Key: 410f01ca
nvram_set: wifi_radius_rekey_secs = "3600"
sem_get: Key: 410f01ca
sem_get: Key: 410f01ca
nvram_set: wifi_radius_rekey_secs1 = "3600"
sem_get: Key: 410f01ca
[   21.084204] firmadyne: sys_socket[PID: 109 (klogd)]: family:1, type:1, protocol:0
[   21.085840] firmadyne: sys_socket[PID: 109 (klogd)]: family:1, type:2, protocol:0
sem_get: Key: 410f01ca
nvram_set: wifi_wds1 = "0"
sem_get: Key: 410f01ca
sem_get: Key: 410f01ca
nvram_set: wifi_wds_apmode1 = "point"
[   21.108182] firmadyne: sys_socket[PID: 109 (klogd)]: family:1, type:1, protocol:0
[   21.109758] firmadyne: sys_socket[PID: 109 (klogd)]: family:1, type:2, protocol:0
sem_get: Key: 410f01ca
sem_get: Key: 410f01ca
nvram_set: wifi_wds_bridge0mac1 = ""
sem_get: Key: 410f01ca
sem_get: Key: 410f01ca
[   21.132014] firmadyne: sys_socket[PID: 109 (klogd)]: family:1, type:1, protocol:0
[   21.133602] firmadyne: sys_socket[PID: 109 (klogd)]: family:1, type:2, protocol:0
nvram_set: wifi_wds_bridge1mac1 = ""
sem_get: Key: 410f01ca
sem_get: Key: 410f01ca
nvram_set: wifi_wds_bridge2mac1 = ""
sem_get: Key: 410f01ca
sem_get[   21.156200] firmadyne: sys_socket[PID: 109 (klogd)]: family:1, type:1, protocol:0
[   21.157914] firmadyne: sys_socket[PID: 109 (klogd)]: family:1, type:2, protocol:0
: Key: 410f01ca
nvram_set: wifi_wds_bridge3mac1 = ""
sem_get: Key: 410f01ca
sem_get: Key: 410f01ca
nvram_set: wifi_wds_bridge4mac1 = ""
sem_get[   21.180324] firmadyne: sys_socket[PID: 109 (klogd)]: family:1, type:1, protocol:0
