[    0.000000] Linux version 4.1.17+ (alessio@pc) (gcc version 5.5.0 20171010 (Ubuntu 5.5.0-12ubuntu1) ) #1 Mon May 15 23:04:08 CEST 2023
[    0.000000] earlycon: Early serial console at I/O port 0x3f8 (options '38400n8')
[    0.000000] bootconsole [uart0] enabled
[    0.000000] CPU0 revision is: 00019300 (MIPS 24Kc)
[    0.000000] FPU revision is: 00739300
[    0.000000] Software DMA cache coherency enabled
[    0.000000] Determined physical RAM map:
[    0.000000]  memory: 00001000 @ 00000000 (reserved)
[    0.000000]  memory: 000ef000 @ 00001000 (ROM data)
[    0.000000]  memory: 00798000 @ 000f0000 (reserved)
[    0.000000]  memory: 0f777000 @ 00888000 (usable)
[    0.000000] debug: ignoring loglevel setting.
[    0.000000] Wasting 69888 bytes for tracking 2184 unused pages
[    0.000000] Initrd not found or empty - disabling initrd
[    0.000000] Zone ranges:
[    0.000000]   DMA      [mem 0x0000000000000000-0x0000000000ffffff]
[    0.000000]   Normal   [mem 0x0000000001000000-0x000000000fffefff]
[    0.000000] Movable zone start for each node
[    0.000000] Early memory node ranges
[    0.000000]   node   0: [mem 0x0000000000000000-0x000000000fffefff]
[    0.000000] Initmem setup node 0 [mem 0x0000000000000000-0x000000000fffefff]
[    0.000000] On node 0 totalpages: 65535
[    0.000000] free_area_init_node: node 0, pgdat 8081d5b0, node_mem_map 81000000
[    0.000000]   DMA zone: 32 pages used for memmap
[    0.000000]   DMA zone: 0 pages reserved
[    0.000000]   DMA zone: 4096 pages, LIFO batch:0
[    0.000000]   Normal zone: 480 pages used for memmap
[    0.000000]   Normal zone: 61439 pages, LIFO batch:15
[    0.000000] Primary instruction cache 2kB, VIPT, 2-way, linesize 16 bytes.
[    0.000000] Primary data cache 2kB, 2-way, VIPT, no aliases, linesize 16 bytes
[    0.000000] pcpu-alloc: s0 r0 d32768 u32768 alloc=1*32768
[    0.000000] pcpu-alloc: [0] 0 
[    0.000000] Built 1 zonelists in Zone order, mobility grouping on.  Total pages: 65023
[    0.000000] Kernel command line: root=/dev/sda1 console=ttyS0 nandsim.parts=64,64,64,64,64,64,64,64,64,64 rdinit=/firmadyne/preInit.sh rw debug ignore_loglevel print-fatal-signals=1 FIRMAE_NET=true FIRMAE_NVRAM=true FIRMAE_KERNEL=true FIRMAE_ETC=true user_debug=0 firmadyne.syscall=1 noka
[    0.000000] found FIRMAE_KERNEL=t
[    0.000000] set the LD_PRELOAD=/firmadyne/libnvram_ioctl.so
[    0.000000] PID hash table entries: 1024 (order: 0, 4096 bytes)
[    0.000000] Dentry cache hash table entries: 32768 (order: 5, 131072 bytes)
[    0.000000] Inode-cache hash table entries: 16384 (order: 4, 65536 bytes)
[    0.000000] Writing ErrCtl register=00000000
[    0.000000] Readback ErrCtl register=00000000
[    0.000000] Memory: 251112K/262140K available (5360K kernel code, 244K rwdata, 1676K rodata, 260K init, 158K bss, 11028K reserved, 0K cma-reserved)
[    0.000000] NR_IRQS:256
[    0.000000] CPU frequency 200.00 MHz
[    0.000000] clocksource MIPS: mask: 0xffffffff max_cycles: 0xffffffff, max_idle_ns: 19112474691 ns
[    0.000165] sched_clock: 32 bits at 100MHz, resolution 9ns, wraps every 21474691067ns
[    0.011591] Console: colour dummy device 80x25
[    0.012658] Calibrating delay loop... 36.60 BogoMIPS (lpj=73216)
[    0.061075] pid_max: default: 32768 minimum: 301
[    0.064463] Mount-cache hash table entries: 1024 (order: 0, 4096 bytes)
[    0.065323] Mountpoint-cache hash table entries: 1024 (order: 0, 4096 bytes)
[    0.116058] clocksource jiffies: mask: 0xffffffff max_cycles: 0xffffffff, max_idle_ns: 7645041785100000 ns
[    0.125044] NET: Registered protocol family 16
[    0.342887] clocksource pit: mask: 0xffffffff max_cycles: 0xffffffff, max_idle_ns: 1601818034827 ns
[    0.463623] vgaarb: loaded
[    0.468217] SCSI subsystem initialized
[    0.470288] libata version 3.00 loaded.
[    0.473950] usbcore: registered new interface driver usbfs
[    0.475275] usbcore: registered new interface driver hub
[    0.476466] usbcore: registered new device driver usb
[    0.478726] pps_core: LinuxPPS API ver. 1 registered
[    0.479256] pps_core: Software ver. 5.3.6 - Copyright 2005-2007 Rodolfo Giometti <giometti@linux.it>
[    0.480554] PTP clock support registered
[    0.484598] PCI host bridge to bus 0000:00
[    0.485416] pci_bus 0000:00: root bus resource [mem 0x10000000-0x17ffffff]
[    0.486181] pci_bus 0000:00: root bus resource [io  0x1000-0x1fffff]
[    0.486945] pci_bus 0000:00: root bus resource [??? 0x00000000 flags 0x0]
[    0.487695] pci_bus 0000:00: No busn resource found for root bus, will use [bus 00-ff]
[    0.489198] pci 0000:00:00.0: [11ab:4620] type 00 class 0x060000
[    0.490216] pci 0000:00:00.0: [Firmware Bug]: reg 0x14: invalid BAR (can't size)
[    0.490953] pci 0000:00:00.0: [Firmware Bug]: reg 0x18: invalid BAR (can't size)
[    0.491688] pci 0000:00:00.0: [Firmware Bug]: reg 0x1c: invalid BAR (can't size)
[    0.492505] pci 0000:00:00.0: [Firmware Bug]: reg 0x20: invalid BAR (can't size)
[    0.493404] pci 0000:00:00.0: [Firmware Bug]: reg 0x24: invalid BAR (can't size)
[    0.497092] pci 0000:00:0a.0: [8086:7110] type 00 class 0x060100
[    0.500103] pci 0000:00:0a.1: [8086:7111] type 00 class 0x010180
[    0.501040] pci 0000:00:0a.1: reg 0x20: [io  0x0000-0x000f]
[    0.501734] pci 0000:00:0a.1: legacy IDE quirk: reg 0x10: [io  0x01f0-0x01f7]
[    0.502450] pci 0000:00:0a.1: legacy IDE quirk: reg 0x14: [io  0x03f6]
[    0.503149] pci 0000:00:0a.1: legacy IDE quirk: reg 0x18: [io  0x0170-0x0177]
[    0.503853] pci 0000:00:0a.1: legacy IDE quirk: reg 0x1c: [io  0x0376]
[    0.506892] pci 0000:00:0a.2: [8086:7112] type 00 class 0x0c0300
[    0.507682] pci 0000:00:0a.2: reg 0x20: [io  0x0000-0x001f]
[    0.510645] pci 0000:00:0a.3: [8086:7113] type 00 class 0x068000
[    0.511934] pci 0000:00:0a.3: quirk: [io  0x1000-0x103f] claimed by PIIX4 ACPI
[    0.512712] pci 0000:00:0a.3: quirk: [io  0x1100-0x110f] claimed by PIIX4 SMB
[    0.515682] pci 0000:00:12.0: [1013:00b8] type 00 class 0x030000
[    0.516403] pci 0000:00:12.0: reg 0x10: [mem 0x00000000-0x01ffffff pref]
[    0.517127] pci 0000:00:12.0: reg 0x14: [mem 0x00000000-0x00000fff]
[    0.518037] pci 0000:00:12.0: reg 0x30: [mem 0x00000000-0x0000ffff pref]
[    0.520495] vgaarb: device added: PCI:0000:00:12.0,decodes=io+mem,owns=none,locks=none
[    0.521874] pci 0000:00:13.0: [8086:100e] type 00 class 0x020000
[    0.522763] pci 0000:00:13.0: reg 0x10: [mem 0x00000000-0x0001ffff]
[    0.523484] pci 0000:00:13.0: reg 0x14: [io  0x0000-0x003f]
[    0.524197] pci 0000:00:13.0: reg 0x30: [mem 0x00000000-0x0003ffff pref]
[    0.527029] pci 0000:00:14.0: [8086:100e] type 00 class 0x020000
[    0.527751] pci 0000:00:14.0: reg 0x10: [mem 0x00000000-0x0001ffff]
[    0.528475] pci 0000:00:14.0: reg 0x14: [io  0x0000-0x003f]
[    0.529208] pci 0000:00:14.0: reg 0x30: [mem 0x00000000-0x0003ffff pref]
[    0.532279] pci 0000:00:15.0: [8086:100e] type 00 class 0x020000
[    0.533006] pci 0000:00:15.0: reg 0x10: [mem 0x00000000-0x0001ffff]
[    0.533720] pci 0000:00:15.0: reg 0x14: [io  0x0000-0x003f]
[    0.534542] pci 0000:00:15.0: reg 0x30: [mem 0x00000000-0x0003ffff pref]
[    0.537280] pci 0000:00:16.0: [8086:100e] type 00 class 0x020000
[    0.538026] pci 0000:00:16.0: reg 0x10: [mem 0x00000000-0x0001ffff]
[    0.538891] pci 0000:00:16.0: reg 0x14: [io  0x0000-0x003f]
[    0.539628] pci 0000:00:16.0: reg 0x30: [mem 0x00000000-0x0003ffff pref]
[    0.542644] pci_bus 0000:00: busn_res: [bus 00-ff] end is updated to 00
[    0.544411] pci 0000:00:12.0: BAR 0: assigned [mem 0x10000000-0x11ffffff pref]
[    0.545314] pci 0000:00:13.0: BAR 6: assigned [mem 0x12000000-0x1203ffff pref]
[    0.546140] pci 0000:00:14.0: BAR 6: assigned [mem 0x12040000-0x1207ffff pref]
[    0.546916] pci 0000:00:15.0: BAR 6: assigned [mem 0x12080000-0x120bffff pref]
[    0.547819] pci 0000:00:16.0: BAR 6: assigned [mem 0x120c0000-0x120fffff pref]
[    0.548584] pci 0000:00:13.0: BAR 0: assigned [mem 0x12100000-0x1211ffff]
[    0.549349] pci 0000:00:14.0: BAR 0: assigned [mem 0x12120000-0x1213ffff]
[    0.550118] pci 0000:00:15.0: BAR 0: assigned [mem 0x12140000-0x1215ffff]
[    0.550890] pci 0000:00:16.0: BAR 0: assigned [mem 0x12160000-0x1217ffff]
[    0.551707] pci 0000:00:12.0: BAR 6: assigned [mem 0x12180000-0x1218ffff pref]
[    0.552610] pci 0000:00:12.0: BAR 1: assigned [mem 0x12190000-0x12190fff]
[    0.553381] pci 0000:00:13.0: BAR 1: assigned [io  0x1040-0x107f]
[    0.554085] pci 0000:00:14.0: BAR 1: assigned [io  0x1080-0x10bf]
[    0.554775] pci 0000:00:15.0: BAR 1: assigned [io  0x10c0-0x10ff]
[    0.555485] pci 0000:00:16.0: BAR 1: assigned [io  0x1400-0x143f]
[    0.556345] pci 0000:00:0a.2: BAR 4: assigned [io  0x1440-0x145f]
[    0.557067] pci 0000:00:0a.1: BAR 4: assigned [io  0x1460-0x146f]
[    0.572330] cfg80211: Calling CRDA to update world regulatory domain
[    0.583787] Switched to clocksource MIPS
[    0.675941] NET: Registered protocol family 2
[    0.685850] TCP established hash table entries: 2048 (order: 1, 8192 bytes)
[    0.687038] TCP bind hash table entries: 2048 (order: 1, 8192 bytes)
[    0.688284] TCP: Hash tables configured (established 2048 bind 2048)
[    0.689439] UDP hash table entries: 256 (order: 0, 4096 bytes)
[    0.690218] UDP-Lite hash table entries: 256 (order: 0, 4096 bytes)
[    0.693773] NET: Registered protocol family 1
[    0.695362] PCI: Enabling device 0000:00:0a.2 (0000 -> 0001)
[    0.697002] PCI: CLS 0 bytes, default 16
[    0.723509] futex hash table entries: 256 (order: -1, 3072 bytes)
[    0.737179] squashfs: version 4.0 (2009/01/31) Phillip Lougher
[    0.739357] jffs2: version 2.2. (NAND) Â© 2001-2006 Red Hat, Inc.
[    0.742426] romfs: ROMFS MTD (C) 2007 Red Hat, Inc.
[    0.762395] Block layer SCSI generic (bsg) driver version 0.4 loaded (major 251)
[    0.763172] io scheduler noop registered
[    0.764068] io scheduler cfq registered (default)
[    0.765059] firmadyne: devfs: 1, execute: 1, procfs: 1, syscall: 1
[    0.769965] firmadyne: Cannot register character device: gpio, 0xfc, 0x0!
[    0.777347] firmadyne: Cannot register character device: watchdog, 0xa, 0x82!
[    0.778018] firmadyne: Cannot register character device: wdt, 0xfd, 0x0!
[    2.154529] strName = 4.1.17+
[    2.154529] init_task_addr  = 2155778944
[    2.154529] init_task_size  = 1296
[    2.154529] ts_tasks        = 292
[    2.154529] ts_pid          = 408
[    2.154529] ts_tgid         = 412
[    2.154529] ts_group_leader = 440
[    2.154529] ts_thread_group = 496
[    2.154529] ts_real_parent  = 416
[    2.154529] ts_mm           = 300
[    2.154529] ts_stack        = 4
[    2.156648] module_name   = 12
[    2.156648] module_size   = 208
[    2.156648] module_init   = 200
[    2.156648] module_list   = 4
[    2.157389] ts_real_cred    = 624
[    2.157389] ts_cred         = 628
[    2.157389] ts_comm         = 632
[    2.157389] cred_uid        = 4
[    2.157389] cred_gid        = 8
[    2.157389] cred_euid       = 20
[    2.157389] cred_egid       = 24
[    2.158600] mm_mmap         = 0
[    2.158600] mm_pgd          = 32
[    2.158600] mm_arg_start    = 136
[    2.158600] mm_start_brk    = 124
[    2.158600] mm_brk          = 128
[    2.158600] mm_start_stack  = 132
[    2.159657] vma_vm_start    = 0
[    2.159657] vma_vm_end      = 4
[    2.159657] vma_vm_next     = 8
[    2.159657] vma_vm_file     = 80
[    2.159657] vma_vm_flags    = 40
[    2.159657] vma_vm_pgoff    = 76
[    2.160825] file_dentry     = 12
[    2.160825] file_inode      = 40
[    2.160825] dentry_d_name   = 24
[    2.160825] dentry_d_iname  = 44
[    2.160825] dentry_d_parent = 16
[    2.160825] ti_task         = 0
[    2.160825] inode_ino   = 28
[    3.021358] proc_fork_connector  = 2151078840
[    3.021685] proc_exit_connector  = 2151080432
[    3.021968] proc_exec_connector  = 2151079052
[    3.022241] vma_link  = 2149124372
[    3.022479] vma_adjust  = 2149124540
[    3.022728] remove_vma  = 2149122188
[    3.022981] modules  = 2155833724
[    3.023228] trim_init_extable  = 2150545316
[    3.026642] PCI: Enabling device 0000:00:12.0 (0000 -> 0002)
[    3.027738] cirrusfb 0000:00:12.0: Cirrus Logic chipset on PCI bus, RAM (4096 kB) at 0x10000000
[    3.264339] Console: switching to colour frame buffer device 80x30
[    3.320471] Serial: 8250/16550 driver, 4 ports, IRQ sharing enabled
[    3.332262] console [ttyS0] disabled
[    3.359419] serial8250.0: ttyS0 at I/O 0x3f8 (irq = 4, base_baud = 115200) is a 16550A
[    3.360590] console [ttyS0] enabled
[    3.360590] console [ttyS0] enabled
[    3.361103] bootconsole [uart0] disabled
[    3.361103] bootconsole [uart0] disabled
[    3.391170] serial8250.0: ttyS1 at I/O 0x2f8 (irq = 3, base_baud = 115200) is a 16550A
[    3.492258] brd: module loaded
[    3.544822] loop: module loaded
[    3.550197] ata_piix 0000:00:0a.1: version 2.13
[    3.550681] PCI: Enabling device 0000:00:0a.1 (0000 -> 0001)
[    3.572435] scsi host0: ata_piix
[    3.577158] scsi host1: ata_piix
[    3.580424] ata1: PATA max UDMA/33 cmd 0x1f0 ctl 0x3f6 bmdma 0x1460 irq 14
[    3.580858] ata2: PATA max UDMA/33 cmd 0x170 ctl 0x376 bmdma 0x1468 irq 15
[    3.586670] [nandsim] warning: read_byte: unexpected data output cycle, state is STATE_READY return 0x0
[    3.587176] [nandsim] warning: read_byte: unexpected data output cycle, state is STATE_READY return 0x0
[    3.587655] [nandsim] warning: read_byte: unexpected data output cycle, state is STATE_READY return 0x0
[    3.588257] [nandsim] warning: read_byte: unexpected data output cycle, state is STATE_READY return 0x0
[    3.588749] [nandsim] warning: read_byte: unexpected data output cycle, state is STATE_READY return 0x0
[    3.589240] [nandsim] warning: read_byte: unexpected data output cycle, state is STATE_READY return 0x0
[    3.589871] nand: device found, Manufacturer ID: 0x98, Chip ID: 0x39
[    3.590249] nand: Toshiba NAND 128MiB 1,8V 8-bit
[    3.590592] nand: 128 MiB, SLC, erase size: 16 KiB, page size: 512, OOB size: 16
[    3.592113] flash size: 128 MiB
[    3.592332] page size: 512 bytes
[    3.592548] OOB area size: 16 bytes
[    3.592773] sector size: 16 KiB
[    3.592994] pages number: 262144
[    3.593208] pages per sector: 32
[    3.593416] bus width: 8
[    3.593604] bits in sector size: 14
[    3.593825] bits in page size: 9
[    3.594045] bits in OOB size: 4
[    3.594260] flash size with OOB: 135168 KiB
[    3.594509] page address bytes: 4
[    3.594724] sector address bytes: 3
[    3.594946] options: 0x42
[    3.664905] Scanning device for bad blocks
[    4.659308] cfg80211: Calling CRDA to update world regulatory domain
[    4.663729] ata1.01: NODEV after polling detection
[    4.664517] ata2.01: NODEV after polling detection
[    4.666114] ata2.00: ATAPI: QEMU DVD-ROM, 2.5+, max UDMA/100
[    4.667620] ata1.00: ATA-7: QEMU HARDDISK, 2.5+, max UDMA/100
[    4.668249] ata1.00: 2097152 sectors, multi 16: LBA48 
[    4.673480] ata2.00: configured for UDMA/33
[    4.675145] ata1.00: configured for UDMA/33
[    4.682576] scsi 0:0:0:0: Direct-Access     ATA      QEMU HARDDISK    2.5+ PQ: 0 ANSI: 5
[    4.696087] sd 0:0:0:0: [sda] 2097152 512-byte logical blocks: (1.07 GB/1.00 GiB)
[    4.697392] scsi 1:0:0:0: CD-ROM            QEMU     QEMU DVD-ROM     2.5+ PQ: 0 ANSI: 5
[    4.708422] sd 0:0:0:0: [sda] Write Protect is off
[    4.708856] sd 0:0:0:0: [sda] Mode Sense: 00 3a 00 00
[    4.710123] sd 0:0:0:0: [sda] Write cache: enabled, read cache: enabled, doesn't support DPO or FUA
[    4.720095] Creating 11 MTD partitions on "NAND 128MiB 1,8V 8-bit":
[    4.720672] 0x000000000000-0x000000100000 : "NAND simulator partition 0"
[    4.730059] 0x000000100000-0x000000200000 : "NAND simulator partition 1"
[    4.739134] 0x000000200000-0x000000300000 : "NAND simulator partition 2"
[    4.748197] 0x000000300000-0x000000400000 : "NAND simulator partition 3"
[    4.757226] 0x000000400000-0x000000500000 : "NAND simulator partition 4"
[    4.766303] 0x000000500000-0x000000600000 : "NAND simulator partition 5"
[    4.775722] 0x000000600000-0x000000700000 : "NAND simulator partition 6"
[    4.785275] 0x000000700000-0x000000800000 : "NAND simulator partition 7"
[    4.794708] 0x000000800000-0x000000900000 : "NAND simulator partition 8"
[    4.803512] 0x000000900000-0x000000a00000 : "NAND simulator partition 9"
[    4.812401] 0x000000a00000-0x000008000000 : "NAND simulator partition 10"
[    4.850244] tun: Universal TUN/TAP device driver, 1.6
[    4.850560] tun: (C) 1999-2004 Max Krasnyansky <maxk@qualcomm.com>
[    4.853657] pcnet32: pcnet32.c:v1.35 21.Apr.2008 tsbogend@alpha.franken.de
[    4.854804] e1000: Intel(R) PRO/1000 Network Driver - version 7.3.21-k8-NAPI
[    4.855188] e1000: Copyright (c) 1999-2006 Intel Corporation.
[    4.856121] PCI: Enabling device 0000:00:13.0 (0000 -> 0003)
[    4.858075]  sda: sda1
[    4.869585] sd 0:0:0:0: [sda] Attached SCSI disk
[    5.154752] e1000 0000:00:13.0 eth0: (PCI:33MHz:32-bit) 52:54:00:12:34:56
[    5.155364] e1000 0000:00:13.0 eth0: Intel(R) PRO/1000 Network Connection
[    5.156139] PCI: Enabling device 0000:00:14.0 (0000 -> 0003)
[    5.456550] e1000 0000:00:14.0 eth1: (PCI:33MHz:32-bit) 52:54:00:12:34:57
[    5.457031] e1000 0000:00:14.0 eth1: Intel(R) PRO/1000 Network Connection
[    5.457621] PCI: Enabling device 0000:00:15.0 (0000 -> 0003)
[    5.749371] e1000 0000:00:15.0 eth2: (PCI:33MHz:32-bit) 52:54:00:12:34:58
[    5.749840] e1000 0000:00:15.0 eth2: Intel(R) PRO/1000 Network Connection
[    5.750408] PCI: Enabling device 0000:00:16.0 (0000 -> 0003)
[    6.051154] e1000 0000:00:16.0 eth3: (PCI:33MHz:32-bit) 52:54:00:12:34:59
[    6.051692] e1000 0000:00:16.0 eth3: Intel(R) PRO/1000 Network Connection
[    6.053087] e1000e: Intel(R) PRO/1000 Network Driver - 2.3.2-k
[    6.053418] e1000e: Copyright(c) 1999 - 2014 Intel Corporation.
[    6.057568] PPP generic driver version 2.4.2
[    6.059587] PPP Deflate Compression module registered
[    6.060348] PPP MPPE Compression module registered
[    6.060746] NET: Registered protocol family 24
[    6.061470] ehci_hcd: USB 2.0 'Enhanced' Host Controller (EHCI) Driver
[    6.061935] ehci-pci: EHCI PCI platform driver
[    6.063026] ohci_hcd: USB 1.1 'Open' Host Controller (OHCI) Driver
[    6.063476] ohci-pci: OHCI PCI platform driver
[    6.064676] uhci_hcd: USB Universal Host Controller Interface driver
[    6.066213] uhci_hcd 0000:00:0a.2: UHCI Host Controller
[    6.066969] uhci_hcd 0000:00:0a.2: new USB bus registered, assigned bus number 1
[    6.068074] uhci_hcd 0000:00:0a.2: irq 11, io base 0x00001440
[    6.078384] hub 1-0:1.0: USB hub found
[    6.079095] hub 1-0:1.0: 2 ports detected
[    6.087562] usbcore: registered new interface driver usb-storage
[    6.091571] mousedev: PS/2 mouse device common for all mice
[    6.097594] rtc_cmos rtc_cmos: rtc core: registered rtc_cmos as rtc0
[    6.098301] rtc_cmos rtc_cmos: alarms up to one day, 242 bytes nvram
[    6.099782] i2c /dev entries driver
[    6.100961] piix4_smbus 0000:00:0a.3: SMBus Host Controller at 0x1100, revision 0
[    6.105293] sdhci: Secure Digital Host Controller Interface driver
[    6.105638] sdhci: Copyright(c) Pierre Ossman
[    6.107871] hidraw: raw HID events driver (C) Jiri Kosina
[    6.125206] usbcore: registered new interface driver usbhid
[    6.125557] usbhid: USB HID core driver
[    6.126547] Netfilter messages via NETLINK v0.30.
[    6.127923] nf_conntrack version 0.5.0 (3923 buckets, 15692 max)
[    6.131069] ctnetlink v0.93: registering with nfnetlink.
[    6.136474] ipip: IPv4 over IPv4 tunneling driver
[    6.148254] ip_tables: (C) 2000-2006 Netfilter Core Team
[    6.150820] arp_tables: (C) 2002 David S. Miller
[    6.152766] Initializing XFRM netlink socket
[    6.153839] NET: Registered protocol family 10
[    6.172587] ip6_tables: (C) 2000-2006 Netfilter Core Team
[    6.176069] sit: IPv6 over IPv4 tunneling driver
[    6.192395] NET: Registered protocol family 17
[    6.193251] bridge: automatic filtering via arp/ip/ip6tables has been deprecated. Update your scripts to load br_netfilter if you need this.
[    6.194220] Bridge firewalling registered
[    6.194593] Ebtables v2.0 registered
[    6.198494] 8021q: 802.1Q VLAN Support v1.8
[    6.218037] rtc_cmos rtc_cmos: setting system clock to 2025-07-23 15:58:29 UTC (1753286309)
[    6.238993] EXT2-fs (sda1): warning: mounting unchecked fs, running e2fsck is recommended
[    6.241342] VFS: Mounted root (ext2 filesystem) on device 8:1.
[    6.249815] Freeing YAMON memory: 956k freed
[    6.260122] Freeing unused kernel memory: 260K (8081f000 - 80860000)
[    6.294034] firmadyne: sys_reboot[PID: 48 (init)]: magic1:fee1dead, magic2:28121969, cmd:0
init started:  BusyBox v1.00 (2007.12.04-12:53+0000) multi-call binary
Starting pid 50, console /dev/tts/0: '/etc/init.d/rcS'
[    6.418040] firmadyne: do_execve: /firmadyne/console
[    6.418616] OFFSETS: offset of pid: 0x198 offset of comm: 0x278
[/etc/init.d/S03config.sh]
[    6.483976] spurious 8259A interrupt: IRQ7.
Mounting proc and var ...
[    6.934497] firmadyne: sys_socket[PID: 71 (wps)]: family:1, type:1, protocol:0
[    6.944592] firmadyne: sys_socket[PID: 71 (wps)]: family:1, type:1, protocol:0
[    6.956141] random: wps urandom read with 76 bits of entropy available
[    6.973962] firmadyne: sys_socket[PID: 71 (wps)]: family:1, type:1, protocol:0
[    7.805938] cfg80211: Calling CRDA to update world regulatory domain
[    7.986151] firmadyne: sys_socket[PID: 71 (wps)]: family:1, type:1, protocol:0
[    8.997593] firmadyne: sys_socket[PID: 71 (wps)]: family:1, type:1, protocol:0
[   10.011447] firmadyne: sys_socket[PID: 71 (wps)]: family:1, type:1, protocol:0
[   10.014582] firmadyne: sys_socket[PID: 71 (wps)]: family:1, type:1, protocol:0
Start xmldb ...
[   10.173868] firmadyne: sys_socket[PID: 74 (xmldb)]: family:1, type:2, protocol:0
[   10.955339] cfg80211: Calling CRDA to update world regulatory domain
[/etc/scripts/misc/profile.sh] get ...
Can't get config from nvram, generate default!
[/etc/scripts/misc/profile.sh] reset ...
[   11.607181] firmadyne: sys_socket[PID: 92 (rgdb)]: family:1, type:2, protocol:0
[/etc/scripts/misc/defnodes.sh] ...
[/etc/defnodes/S10setext.sh] ...
[   11.858801] firmadyne: sys_socket[PID: 100 (xmldbc)]: family:1, type:2, protocol:0
[   11.904958] firmadyne: sys_socket[PID: 101 (xmldbc)]: family:1, type:2, protocol:0
[   11.950533] firmadyne: sys_socket[PID: 102 (xmldbc)]: family:1, type:2, protocol:0
[   11.996698] firmadyne: sys_socket[PID: 103 (xmldbc)]: family:1, type:2, protocol:0
[   12.043164] firmadyne: sys_socket[PID: 104 (xmldbc)]: family:1, type:2, protocol:0
[   12.088787] firmadyne: sys_socket[PID: 105 (xmldbc)]: family:1, type:2, protocol:0
[   12.134704] firmadyne: sys_socket[PID: 106 (xmldbc)]: family:1, type:2, protocol:0
[   12.179630] firmadyne: sys_socket[PID: 107 (xmldbc)]: family:1, type:2, protocol:0
[   12.224777] firmadyne: sys_socket[PID: 108 (xmldbc)]: family:1, type:2, protocol:0
[   12.270998] firmadyne: sys_socket[PID: 109 (xmldbc)]: family:1, type:2, protocol:0
[   12.316730] firmadyne: sys_socket[PID: 110 (xmldbc)]: family:1, type:2, protocol:0
[   12.362924] firmadyne: sys_socket[PID: 111 (xmldbc)]: family:1, type:2, protocol:0
[   12.408824] firmadyne: sys_socket[PID: 112 (xmldbc)]: family:1, type:2, protocol:0
[   12.456148] firmadyne: sys_socket[PID: 113 (xmldbc)]: family:1, type:2, protocol:0
[   12.501787] firmadyne: sys_socket[PID: 114 (xmldbc)]: family:1, type:2, protocol:0
[   12.547538] firmadyne: sys_socket[PID: 115 (xmldbc)]: family:1, type:2, protocol:0
[   12.593656] firmadyne: sys_socket[PID: 116 (xmldbc)]: family:1, type:2, protocol:0
[   12.640706] firmadyne: sys_socket[PID: 117 (xmldbc)]: family:1, type:2, protocol:0
[   12.686412] firmadyne: sys_socket[PID: 118 (xmldbc)]: family:1, type:2, protocol:0
[   12.732027] firmadyne: sys_socket[PID: 119 (xmldbc)]: family:1, type:2, protocol:0
[   12.777299] firmadyne: sys_socket[PID: 120 (xmldbc)]: family:1, type:2, protocol:0
[   12.822714] firmadyne: sys_socket[PID: 121 (xmldbc)]: family:1, type:2, protocol:0
[   12.869765] firmadyne: sys_socket[PID: 122 (xmldbc)]: family:1, type:2, protocol:0
[   12.915455] firmadyne: sys_socket[PID: 123 (xmldbc)]: family:1, type:2, protocol:0
PHP [/etc/defnodes/S11setnodes.php] ...
[   13.004960] firmadyne: sys_socket[PID: 126 (rgdb)]: family:1, type:2, protocol:0
[   13.011268] random: nonblocking pool is initialized
PHP [/etc/defnodes/S12features.php] ...
[   13.437587] firmadyne: sys_socket[PID: 137 (rgdb)]: family:1, type:2, protocol:0
PHP [/etc/defnodes/S13flashspeed.php] ...
[   13.531374] firmadyne: sys_socket[PID: 140 (rgdb)]: family:1, type:2, protocol:0
PHP [/etc/defnodes/S20setnodes.php] ...
[   13.701650] firmadyne: sys_socket[PID: 145 (rgdb)]: family:1, type:2, protocol:0
[   13.813525] firmadyne: sys_socket[PID: 149 (xmldbc)]: family:1, type:2, protocol:0
[   13.938936] firmadyne: sys_socket[PID: 152 (xmldbc)]: family:1, type:2, protocol:0
[   14.047120] firmadyne: sys_socket[PID: 156 (xmldbc)]: family:1, type:2, protocol:0
[   14.100095] cfg80211: Calling CRDA to update world regulatory domain
[   14.162671] firmadyne: sys_socket[PID: 159 (xmldbc)]: family:1, type:2, protocol:0
[   14.257771] firmadyne: sys_socket[PID: 162 (xmldbc)]: family:1, type:2, protocol:0
[   14.303191] firmadyne: sys_socket[PID: 163 (xmldbc)]: family:1, type:2, protocol:0
[   14.349833] firmadyne: sys_socket[PID: 164 (xmldbc)]: family:1, type:2, protocol:0
[   14.396423] firmadyne: sys_socket[PID: 165 (xmldbc)]: family:1, type:2, protocol:0
[   14.444252] firmadyne: sys_socket[PID: 166 (xmldbc)]: family:1, type:2, protocol:0
[   14.490583] firmadyne: sys_socket[PID: 167 (xmldbc)]: family:1, type:2, protocol:0
[   14.537262] firmadyne: sys_socket[PID: 168 (xmldbc)]: family:1, type:2, protocol:0
[   14.675091] EXT3-fs (mtdblock6): error: can't find ext3 filesystem on dev mtdblock6.
[   14.680448] EXT2-fs (mtdblock6): error: can't find an ext2 filesystem on dev mtdblock6.
[   14.685544] EXT4-fs (mtdblock6): VFS: Can't find ext4 filesystem
[   14.696521] cramfs: wrong magic
[   14.701641] squashfs: SQUASHFS error: Can't find a SQUASHFS superblock on mtdblock6
[   14.706753] FAT-fs (mtdblock6): bogus logical sector size 65535
[   14.707336] FAT-fs (mtdblock6): Can't find a valid FAT filesystem
[   14.715564] romfs: VFS: Can't find a romfs filesystem on dev mtdblock6.
[   14.720813] UDF-fs: warning (device mtdblock6): udf_load_vrs: No VRS found
[   14.721471] UDF-fs: warning (device mtdblock6): udf_fill_super: No partition found (2)
mount: Mounting /dev/mtdblock/6 on /www/locale/alt failed: Invalid argument
[   14.830671] firmadyne: sys_socket[PID: 177 (xmldbc)]: family:1, type:2, protocol:0
[   14.987984] firmadyne: sys_socket[PID: 184 (xmldbc)]: family:1, type:2, protocol:0
[   15.083007] firmadyne: sys_socket[PID: 187 (xmldbc)]: family:1, type:2, protocol:0
[   15.129270] firmadyne: sys_socket[PID: 188 (xmldbc)]: family:1, type:2, protocol:0
PHP [/etc/defnodes/S40brand.php] ...
[   15.217637] firmadyne: sys_socket[PID: 191 (rgdb)]: family:1, type:2, protocol:0
[/etc/scripts/misc/defnodes.sh] Done !!
[/etc/scripts/misc/profile.sh] put ...
[   15.520878] firmadyne: sys_socket[PID: 200 (rgdb)]: family:1, type:2, protocol:0
ok
[/etc/templates/timezone.sh] ...
[   15.928047] firmadyne: sys_socket[PID: 209 (rgdb)]: family:1, type:2, protocol:0
[   16.074462] firmadyne: sys_socket[PID: 214 (rgdb)]: family:1, type:2, protocol:0
[   16.553209] firmadyne: sys_socket[PID: 218 (rgdb)]: family:1, type:2, protocol:0
[   16.620875] firmadyne: sys_socket[PID: 220 (rgdb)]: family:1, type:2, protocol:0
[   16.686342] firmadyne: sys_socket[PID: 222 (rgdb)]: family:1, type:2, protocol:0
[/etc/templates/logs.sh] ...
[   16.849519] firmadyne: sys_socket[PID: 228 (rgdb)]: family:1, type:2, protocol:0
[   16.926954] firmadyne: sys_socket[PID: 230 (rgdb)]: family:1, type:2, protocol:0
[/var/run/logs_run.sh] ...
[   17.178052] firmadyne: sys_socket[PID: 234 (syslogd)]: family:1, type:1, protocol:0
[   17.244080] cfg80211: Calling CRDA to update world regulatory domain
Inserting modules ...
Using /lib/modules/wlan.o
insmod: Not configured to support old kernels
Using /lib/modules/wlan_xauth.o
insmod: Not configured to support old kernels
Using /lib/modules/wlan_wep.o
insmod: Not configured to support old kernels
Using /lib/modules/wlan_tkip.o
insmod: Not configured to support old kernels
Using /lib/modules/wlan_scan_sta.o
insmod: Not configured to support old kernels
Using /lib/modules/wlan_scan_ap.o
insmod: Not configured to support old kernels
Using /lib/modules/wlan_ccmp.o
insmod: Not configured to support old kernels
Using /lib/modules/wlan_acl.o
insmod: Not configured to support old kernels
Using /lib/modules/ath_hal.o
insmod: Not configured to support old kernels
Using /lib/modules/ath_rate_atheros.o
insmod: Not configured to support old kernels
Using /lib/modules/ath_dfs.o
insmod: Not configured to support old kernels
[   17.764019] firmadyne: sys_socket[PID: 253 (rgdb)]: family:1, type:2, protocol:0
The countrycode is 840.
Using /lib/modules/ath_ahb.o
insmod: Not configured to support old kernels
[   18.010142] firmadyne: sys_socket[PID: 260 (wlanconfig)]: family:2, type:1, protocol:0
wlanconfig: ioctl: No such device
[   18.151500] firmadyne: sys_socket[PID: 268 (ifconfig)]: family:2, type:1, protocol:0
SIOCSIFHWADDR: No such device
Using /lib/modules/ar231x_access.o
insmod: Not configured to support old kernels
[   18.333547] firmadyne: sys_socket[PID: 277 (ifconfig)]: family:2, type:1, protocol:0
[   18.350625] IPv6: ADDRCONF(NETDEV_UP): eth0: link is not ready
[   18.351146] 8021q: adding VLAN 0 to HW filter on device eth0
[   18.355712] e1000: eth0 NIC Link is Up 1000 Mbps Full Duplex, Flow Control: RX
[   18.357540] IPv6: ADDRCONF(NETDEV_CHANGE): eth0: link becomes ready
[   18.409568] firmadyne: sys_socket[PID: 278 (rgdb)]: family:1, type:2, protocol:0
[   18.473315] firmadyne: sys_socket[PID: 280 (rgdb)]: family:1, type:2, protocol:0
[   18.552311] firmadyne: sys_socket[PID: 282 (rgdb)]: family:1, type:2, protocol:0
[   18.617975] firmadyne: sys_socket[PID: 284 (vconfig)]: family:2, type:2, protocol:0
Set name-type for VLAN subsystem. Should be visible in /proc/net/vlan/config
[   18.664949] firmadyne: sys_socket[PID: 285 (vconfig)]: family:2, type:2, protocol:0
[   18.666234] firmadyne: register_vlan_dev[PID: 285 (vconfig)]: dev:eth0.0 vlan_id:0
[   18.724649] firmadyne: sys_socket[PID: 286 (vconfig)]: family:2, type:2, protocol:0
[   18.725814] firmadyne: register_vlan_dev[PID: 286 (vconfig)]: dev:eth0.2 vlan_id:2
[   18.781925] firmadyne: sys_socket[PID: 287 (brctl)]: family:2, type:2, protocol:0
[   18.841336] firmadyne: sys_socket[PID: 288 (brctl)]: family:2, type:2, protocol:0
[   18.845594] firmadyne: sys_socket[PID: 288 (brctl)]: family:10, type:1, protocol:0
[   18.889968] firmadyne: sys_socket[PID: 289 (brctl)]: family:2, type:2, protocol:0
[   18.894331] firmadyne: sys_socket[PID: 289 (brctl)]: family:10, type:1, protocol:0
[   18.918307] firmadyne: sys_socket[PID: 290 (ifconfig)]: family:2, type:1, protocol:0
[   18.921512] firmadyne: __inet_insert_ifa[PID: 290 (ifconfig)]: device:br0 ifa:0x00000000
[/etc/templates/webs.sh] start ...
[   19.057857] firmadyne: sys_socket[PID: 294 (rgdb)]: family:1, type:2, protocol:0
[   19.158845] firmadyne: sys_socket[PID: 295 (rgdb)]: family:1, type:2, protocol:0
[/var/run/webs_start.sh] ...
Starting HTTPD ...
[/etc/init.d/S03config.sh] done!
[/etc/init.d/S10system.sh]
[   19.469473] firmadyne: sys_socket[PID: 304 (rgdb)]: family:1, type:2, protocol:0
start scheduled ...
[/etc/templates/scheduled.sh] start ...
[   19.739358] firmadyne: sys_socket[PID: 309 (rgdb)]: family:1, type:2, protocol:0
[   19.793080] firmadyne: sys_socket[PID: 312 (route)]: family:2, type:1, protocol:0
[   19.932546] firmadyne: sys_socket[PID: 313 (httpd)]: family:2, type:2, protocol:0
[   19.933523] firmadyne: sys_setsockopt[PID: 313 (httpd)]: fd:4, level:65535, optname:4
[   19.934685] firmadyne: sys_setsockopt[PID: 313 (httpd)]: fd:4, level:65535, optname:25
[   19.935613] firmadyne: inet_bind[PID: 313 (httpd)]: proto:SOCK_STREAM, port:49152
[   19.944725] firmadyne: sys_socket[PID: 313 (httpd)]: family:2, type:1, protocol:0
[   19.945592] firmadyne: sys_setsockopt[PID: 313 (httpd)]: fd:5, level:65535, optname:4
[   19.946412] firmadyne: sys_setsockopt[PID: 313 (httpd)]: fd:5, level:65535, optname:25
[   19.947183] firmadyne: inet_bind[PID: 313 (httpd)]: proto:SOCK_DGRAM, port:1900
[   19.953858] firmadyne: sys_socket[PID: 315 (xmldbc)]: family:1, type:2, protocol:0
[   19.957187] firmadyne: sys_setsockopt[PID: 313 (httpd)]: fd:5, level:0, optname:35
[   19.958700] firmadyne: sys_socket[PID: 313 (httpd)]: family:2, type:2, protocol:0
[   19.959513] firmadyne: sys_setsockopt[PID: 313 (httpd)]: fd:6, level:65535, optname:4
[   19.961999] firmadyne: sys_setsockopt[PID: 313 (httpd)]: fd:6, level:65535, optname:25
[   19.962762] firmadyne: inet_bind[PID: 313 (httpd)]: proto:SOCK_STREAM, port:80
[   20.035556] firmadyne: sys_socket[PID: 313 (httpd)]: family:1, type:1, protocol:0
[   20.062020] firmadyne: sys_socket[PID: 316 (xmldbc)]: family:1, type:2, protocol:0
[/var/run/scheduled_start.sh] ...
Start scheduled ...
setup layout ...
[   20.242443] firmadyne: sys_socket[PID: 320 (scheduled)]: family:1, type:1, protocol:0
[/etc/scripts/layout.sh] start ...
[   20.345662] firmadyne: sys_socket[PID: 325 (rgdb)]: family:1, type:2, protocol:0
[   20.388046] cfg80211: Calling CRDA to update world regulatory domain
[   20.465734] firmadyne: sys_socket[PID: 326 (rgdb)]: family:1, type:2, protocol:0
[/var/run/layout_start.sh] ...
Start router layout ...
/proc/driver/ae531x: cannot create
/proc/driver/ae531x: cannot create
/proc/driver/ae531x: cannot create
/proc/driver/ae531x: cannot create
/proc/driver/ae531x: cannot create
/proc/driver/ae531x: cannot create
/proc/driver/ae531x: cannot create
/proc/driver/ae531x: cannot create
/proc/driver/ae531x: cannot create
/proc/driver/ae531x: cannot create
[   20.710008] firmadyne: sys_socket[PID: 340 (ifconfig)]: family:2, type:1, protocol:0
[   20.733724] firmadyne: sys_socket[PID: 341 (ifconfig)]: family:2, type:1, protocol:0
[   20.773695] firmadyne: sys_socket[PID: 342 (brctl)]: family:2, type:2, protocol:0
[   20.777792] firmadyne: sys_socket[PID: 342 (brctl)]: family:10, type:1, protocol:0
[   20.781223] firmadyne: sys_socket[PID: 342 (brctl)]: family:10, type:1, protocol:0
interface ath0 does not exist!
[   20.843267] firmadyne: sys_socket[PID: 347 (brctl)]: family:2, type:2, protocol:0
[   20.846363] firmadyne: sys_socket[PID: 347 (brctl)]: family:10, type:1, protocol:0
[   20.849758] firmadyne: sys_socket[PID: 347 (brctl)]: family:10, type:1, protocol:0
[   20.851001] firmadyne: br_add_if[PID: 347 (brctl)]: br:br0 dev:eth0.0
[   20.856205] device eth0.0 entered promiscuous mode
[   20.856651] device eth0 entered promiscuous mode
[   20.859347] br0: port 1(eth0.0) entered forwarding state
[   20.860322] br0: port 1(eth0.0) entered forwarding state
[   20.902819] firmadyne: sys_socket[PID: 348 (brctl)]: family:2, type:2, protocol:0
[   20.907062] firmadyne: sys_socket[PID: 348 (brctl)]: family:10, type:1, protocol:0
[   20.910760] firmadyne: sys_socket[PID: 348 (brctl)]: family:10, type:1, protocol:0
can't find port ath0 in bridge br0
[   20.951258] firmadyne: sys_socket[PID: 353 (ifconfig)]: family:2, type:1, protocol:0
[   20.994375] firmadyne: sys_socket[PID: 354 (rgdb)]: family:1, type:2, protocol:0
start LAN ...
[/etc/templates/lan.sh] ...
[   21.158274] firmadyne: sys_socket[PID: 359 (rgdb)]: family:1, type:2, protocol:0
[   21.392720] firmadyne: sys_socket[PID: 360 (rgdb)]: family:1, type:2, protocol:0
[/var/run/lan_start.sh] ...
Start LAN (br0/192.168.0.1/255.255.255.0)...
[   21.618454] firmadyne: sys_socket[PID: 364 (ifconfig)]: family:2, type:1, protocol:0
[   21.621606] firmadyne: __inet_insert_ifa[PID: 364 (ifconfig)]: device:br0 ifa:0xc0a80001
Start DHCP server (br0) ...
start fresetd ...
[   21.797686] firmadyne: sys_socket[PID: 368 (dhcpxmlpatch)]: family:1, type:2, protocol:0
[   21.864419] firmadyne: sys_socket[PID: 367 (udhcpd)]: family:2, type:3, protocol:255
[   21.866812] firmadyne: sys_socket[PID: 367 (udhcpd)]: family:2, type:1, protocol:17
[   21.867714] firmadyne: sys_setsockopt[PID: 367 (udhcpd)]: fd:5, level:65535, optname:4
enable LAN ports ...
[   21.884118] firmadyne: sys_setsockopt[PID: 367 (udhcpd)]: fd:5, level:65535, optname:32
[   21.884915] firmadyne: sys_setsockopt[PID: 367 (udhcpd)]: fd:5, level:65535, optname:25
[   21.885703] firmadyne: inet_bind[PID: 367 (udhcpd)]: proto:SOCK_DGRAM, port:67
Factory reset time : 5 secs
WPS command : [/etc/templates/wps.sh pbc &]
/proc/driver/ae531x: cannot create
gpio_outen: can not open [/proc/ar231x/gpio_cr7] to write.
/proc/driver/ae531x: cannot create
/proc/driver/ae531x: cannot create
/proc/driver/ae531x: cannot create
start WLAN ...
[/etc/templates/wlan.sh] start ...
[   22.125465] firmadyne: sys_socket[PID: 383 (rgdb)]: family:1, type:2, protocol:0
[   22.454615] firmadyne: inet_accept[PID: 313 (httpd)]:
[   22.457515] firmadyne: inet_accept[PID: 313 (httpd)]:
[   22.604296] firmadyne: sys_socket[PID: 386 (rgdb)]: family:1, type:2, protocol:0
[/var/run/wlan_start.sh] ...
Start WLAN interface ath0 ...
[   22.881464] firmadyne: sys_socket[PID: 390 (iwpriv)]: family:2, type:1, protocol:0
ath0      no private ioctls.

[   22.925379] firmadyne: sys_socket[PID: 391 (iwpriv)]: family:2, type:1, protocol:0
ath0      no private ioctls.

[   22.986729] firmadyne: sys_socket[PID: 392 (iwpriv)]: family:2, type:1, protocol:0
ath0      no private ioctls.

[   23.032312] firmadyne: sys_socket[PID: 393 (brctl)]: family:2, type:2, protocol:0
[   23.035364] firmadyne: sys_socket[PID: 393 (brctl)]: family:10, type:1, protocol:0
[   23.039031] firmadyne: sys_socket[PID: 393 (brctl)]: family:10, type:1, protocol:0
can't find port ath0 in bridge br0
[   23.100213] firmadyne: sys_socket[PID: 398 (iwpriv)]: family:2, type:1, protocol:0
ath0      no private ioctls.

[   23.142244] firmadyne: sys_socket[PID: 399 (iwpriv)]: family:2, type:1, protocol:0
ath0      no private ioctls.

[   23.184441] firmadyne: sys_socket[PID: 400 (iwpriv)]: family:2, type:1, protocol:0
ath0      no private ioctls.

[   23.226431] firmadyne: sys_socket[PID: 401 (iwpriv)]: family:2, type:1, protocol:0
ath0      no private ioctls.

[   23.269668] firmadyne: sys_socket[PID: 402 (iwpriv)]: family:2, type:1, protocol:0
ath0      no private ioctls.

[   23.311465] firmadyne: sys_socket[PID: 403 (iwconfig)]: family:2, type:1, protocol:0
Error for wireless request "Set Frequency" (8B04) :
    SET failed on device ath0 ; Invalid argument.
[   23.362388] firmadyne: sys_socket[PID: 404 (iwconfig)]: family:2, type:1, protocol:0
Error for wireless request "Set RTS Threshold" (8B22) :
    SET failed on device ath0 ; Invalid argument.
[   23.408705] firmadyne: sys_socket[PID: 405 (iwconfig)]: family:2, type:1, protocol:0
Error for wireless request "Set Fragmentation Threshold" (8B24) :
    SET failed on device ath0 ; Invalid argument.
[   23.456496] firmadyne: sys_socket[PID: 406 (iwconfig)]: family:2, type:1, protocol:0
Error for wireless request "Set Bit Rate" (8B20) :
    SET failed on device ath0 ; Invalid argument.
[   23.532506] cfg80211: Calling CRDA to update world regulatory domain
[   23.545233] firmadyne: sys_socket[PID: 407 (iwpriv)]: family:2, type:1, protocol:0
ath0      no private ioctls.

[   23.605051] firmadyne: sys_socket[PID: 408 (atp)]: family:1, type:2, protocol:0
[   23.629255] firmadyne: sys_socket[PID: 409 (iwpriv)]: family:2, type:1, protocol:0
ath0      no private ioctls.

/proc/net/br_forward_br0: cannot create
[   23.732156] firmadyne: sys_socket[PID: 411 (iwpriv)]: family:2, type:1, protocol:0
ath0      no private ioctls.

[   23.811434] firmadyne: sys_socket[PID: 412 (iwpriv)]: family:2, type:1, protocol:0
ath0      no private ioctls.

[   23.902583] firmadyne: sys_socket[PID: 413 (iwpriv)]: family:2, type:1, protocol:0
ath0      no private ioctls.

[   23.983805] firmadyne: sys_socket[PID: 414 (iwpriv)]: family:2, type:1, protocol:0
ath0      no private ioctls.

[   24.067036] firmadyne: sys_socket[PID: 415 (iwconfig)]: family:2, type:1, protocol:0
Error for wireless request "Set ESSID" (8B1A) :
    SET failed on device ath0 ; Invalid argument.
[   24.165656] firmadyne: sys_socket[PID: 418 (ifconfig)]: family:2, type:1, protocol:0
SIOCGIFFLAGS: No such device
[   24.301773] firmadyne: sys_socket[PID: 417 (wlxmlpatch)]: family:1, type:2, protocol:0
Configuration file: /var/run/hostapd.ath0.conf
[   24.333224] firmadyne: sys_socket[PID: 416 (hostapd)]: family:2, type:1, protocol:0
[   24.378475] firmadyne: sys_socket[PID: 423 (usockc)]: family:1, type:1, protocol:0
Unable to open socket file : /var/run/fresetd_unixsock
ioctl(SIOCGIFINDEX): No such device
madwifi driver initialization failed.
[   24.478721] firmadyne: sys_socket[PID: 417 (wlxmlpatch)]: family:1, type:2, protocol:0
[   24.486294] firmadyne: sys_socket[PID: 417 (wlxmlpatch)]: family:2, type:1, protocol:0
madwifi_poll: ioctl_get_ssid() fail, return -1 !
[   24.498652] firmadyne: sys_socket[PID: 417 (wlxmlpatch)]: family:1, type:2, protocol:0
[/etc/templates/wps.sh] setie ...
[   24.600722] firmadyne: sys_socket[PID: 430 (xmldbc)]: family:1, type:2, protocol:0
[   24.703704] firmadyne: sys_socket[PID: 431 (wps)]: family:1, type:1, protocol:0
[   25.656095] firmadyne: sys_socket[PID: 432 (atp)]: family:1, type:2, protocol:0
[   26.457976] firmadyne: sys_socket[PID: 433 (atp)]: family:1, type:2, protocol:0
[   26.676074] cfg80211: Calling CRDA to update world regulatory domain
[   27.778716] firmadyne: sys_socket[PID: 431 (wps)]: family:1, type:1, protocol:0
[   28.646907] firmadyne: sys_socket[PID: 434 (atp)]: family:1, type:2, protocol:0
[   28.798099] firmadyne: sys_socket[PID: 431 (wps)]: family:1, type:1, protocol:0
[   29.230778] firmadyne: sys_socket[PID: 435 (atp)]: family:1, type:2, protocol:0
[   29.802325] firmadyne: sys_socket[PID: 436 (atp)]: family:1, type:2, protocol:0
[   29.816503] firmadyne: sys_socket[PID: 431 (wps)]: family:1, type:1, protocol:0
[   29.821152] cfg80211: Calling CRDA to update world regulatory domain
[   30.378077] firmadyne: sys_socket[PID: 437 (atp)]: family:1, type:2, protocol:0
[   30.826423] firmadyne: sys_socket[PID: 431 (wps)]: family:1, type:1, protocol:0
[   30.830555] firmadyne: sys_socket[PID: 431 (wps)]: family:1, type:1, protocol:0
[   30.834414] firmadyne: sys_socket[PID: 431 (wps)]: family:1, type:1, protocol:0
[   30.958138] firmadyne: sys_socket[PID: 438 (atp)]: family:1, type:2, protocol:0
[   31.540514] firmadyne: sys_socket[PID: 439 (atp)]: family:1, type:2, protocol:0
[   31.845923] firmadyne: sys_socket[PID: 431 (wps)]: family:1, type:1, protocol:0
[   32.133219] firmadyne: sys_socket[PID: 440 (atp)]: family:1, type:2, protocol:0
[   32.866189] firmadyne: sys_socket[PID: 431 (wps)]: family:1, type:1, protocol:0
[   32.965662] cfg80211: Calling CRDA to update world regulatory domain
[   33.160998] firmadyne: sys_socket[PID: 441 (atp)]: family:1, type:2, protocol:0
[   33.580682] 
do_page_fault(): sending SIGSEGV to xmldb for invalid write access to 7faf3000
[   33.581345] epc = 775d7f80 in libc.so.0[77586000+63000]
[   33.582326] ra  = 0040bb5c in xmldb[400000+14000]
[   33.582925] 
[   33.586590] potentially unexpected fatal signal 11.
[   33.587260] CPU: 0 PID: 74 Comm: xmldb Not tainted 4.1.17+ #1
[   33.588085] task: 8f09a048 ti: 8f0be000 task.ti: 8f0be000
[   33.588543] $ 0   : 00000000 0041361c 00000079 79000000
[   33.589234] $ 4   : 7faf1c20 7faf2dfa 7faf3000 7faf1c1f
[   33.589907] $ 8   : 7faf1a20 7762e680 00000001 7762e6b4
[   33.590547] $12   : 00000000 7762e6a0 00000057 093d2022
[   33.591200] $16   : 00000001 00000001 00000000 1000f9c8
[   33.591992] $20   : 0000002e 1000f974 00000001 7faf2268
[   33.592651] $24   : 00000003 775d7f50                  
[   33.593311] $28   : 77631460 7faf1a08 00000000 0040bb5c
[   33.593980] Hi    : 00000005
[   33.594307] Lo    : 19999999
[   33.594726] epc   : 775d7f80 0x775d7f80
[   33.595151] ra    : 0040bb5c 0x40bb5c
[   33.595502] Status: 0000a413	USER EXL IE 
[   33.596196] Cause : 1080000c
[   33.596512] BadVA : 7faf3000
[   33.596836] PrId  : 00019300 (MIPS 24Kc)
[   33.888098] firmadyne: sys_socket[PID: 431 (wps)]: family:1, type:1, protocol:0
[   33.903488] firmadyne: sys_socket[PID: 431 (wps)]: family:1, type:1, protocol:0
Start WLAN interface ath0 Done !!!
start Guest Zone
[/etc/templates/gzone.sh] ...
[   34.105267] firmadyne: sys_socket[PID: 448 (xmldbc)]: family:1, type:2, protocol:0
[   34.204534] firmadyne: sys_socket[PID: 449 (xmldbc)]: family:1, type:2, protocol:0
[/etc/templates/enable_gzone.sh] ...
[/usr/sbin/submit] COMMIT ...
start RG ...
[   34.494801] firmadyne: sys_socket[PID: 460 (xmldbc)]: family:1, type:2, protocol:0
[/etc/templates/rg.sh] start ...
[   34.706608] firmadyne: sys_socket[PID: 465 (rgdb)]: family:1, type:2, protocol:0
[/etc/scripts/misc/profile.sh] put ...
[   34.799832] firmadyne: sys_socket[PID: 467 (rgdb)]: family:1, type:2, protocol:0
start DNRD ...
[   34.972558] firmadyne: sys_socket[PID: 474 (rgdb)]: family:1, type:2, protocol:0
[/etc/templates/dnrd.sh] ...
[   35.106473] firmadyne: sys_socket[PID: 478 (rgdb)]: family:1, type:2, protocol:0
failed
[   35.359211] firmadyne: sys_socket[PID: 483 (rgdb)]: family:1, type:2, protocol:0
[   35.446223] firmadyne: sys_socket[PID: 487 (rgdb)]: family:1, type:2, protocol:0
[/usr/sbin/submit] DHCPD ...
[   35.601405] firmadyne: sys_socket[PID: 493 (xmldbc)]: family:1, type:2, protocol:0
[   35.731025] firmadyne: sys_socket[PID: 497 (rgdb)]: family:1, type:2, protocol:0
[/etc/templates/dhcpd.sh] ...
[   35.947448] firmadyne: sys_socket[PID: 503 (rgdb)]: family:1, type:2, protocol:0
[   35.950367] firmadyne: sys_socket[PID: 504 (rgdb)]: family:1, type:2, protocol:0
start WAN ...
[   36.100133] firmadyne: sys_socket[PID: 508 (rgdb)]: family:1, type:2, protocol:0
[   36.112578] cfg80211: Exceeded CRDA call max attempts. Not calling CRDA
[   36.200270] firmadyne: sys_socket[PID: 511 (rgdb)]: family:1, type:2, protocol:0
Set WAN port media type 0
open failed (/proc/driver/ae531x)...
[   36.746860] firmadyne: sys_socket[PID: 516 (atp)]: family:1, type:2, protocol:0
open failed (/proc/driver/ae531x)...
[   37.338011] firmadyne: sys_socket[PID: 517 (atp)]: family:1, type:2, protocol:0
[/etc/templates/timezone.sh] ...
[   38.097115] firmadyne: sys_socket[PID: 527 (rgdb)]: family:1, type:2, protocol:0
[   38.285739] firmadyne: sys_socket[PID: 534 (rgdb)]: family:1, type:2, protocol:0
[   38.346149] firmadyne: sys_socket[PID: 536 (rgdb)]: family:1, type:2, protocol:0
[   38.409603] firmadyne: sys_socket[PID: 538 (rgdb)]: family:1, type:2, protocol:0
[/etc/templates/wan.sh] start ...
Wed May 22 23:59:02 UTC 2002
[   39.617547] firmadyne: sys_socket[PID: 556 (rgdb)]: family:1, type:2, protocol:0
[   39.641742] firmadyne: sys_socket[PID: 557 (rgdb)]: family:1, type:2, protocol:0
[   39.723251] firmadyne: sys_socket[PID: 558 (rgdb)]: family:1, type:2, protocol:0
start LLD2D ...
[/etc/templates/lld2d.sh] ...
[/etc/templates/timezone.sh] ...
[   40.083221] firmadyne: sys_socket[PID: 572 (rgdb)]: family:1, type:2, protocol:0
[   40.124154] firmadyne: sys_socket[PID: 573 (rgdb)]: family:1, type:2, protocol:0
[   40.222817] firmadyne: sys_socket[PID: 575 (rgdb)]: family:1, type:2, protocol:0
[   40.433828] firmadyne: sys_socket[PID: 583 (rgdb)]: family:1, type:2, protocol:0
[   40.460950] firmadyne: sys_socket[PID: 584 (rgdb)]: family:1, type:2, protocol:0
[   40.584830] firmadyne: sys_socket[PID: 588 (rgdb)]: family:1, type:2, protocol:0
[   40.619210] firmadyne: sys_socket[PID: 589 (rgdb)]: family:1, type:2, protocol:0
start igmpproxy ...
[   40.719217] firmadyne: sys_socket[PID: 592 (rgdb)]: family:1, type:2, protocol:0
[/etc/templates/igmpproxy.sh] start ...
[   40.922959] firmadyne: sys_socket[PID: 600 (xmldbc)]: family:1, type:2, protocol:0
[   40.971780] firmadyne: sys_socket[PID: 601 (xmldbc)]: family:1, type:2, protocol:0
[/etc/init.d/S10system.sh] done!
rcS done!
Wed May 22 15:39:58 UTC 2002
[   41.456733] firmadyne: sys_socket[PID: 620 (rgdb)]: family:1, type:2, protocol:0
[/usr/sbin/submit] COMMIT ...
[   41.597797] firmadyne: sys_socket[PID: 625 (xmldbc)]: family:1, type:2, protocol:0
[/etc/scripts/misc/profile.sh] put ...
[   41.831634] firmadyne: sys_socket[PID: 631 (rgdb)]: family:1, type:2, protocol:0
failed
[/usr/sbin/submit] TIME ...
[   42.148562] firmadyne: sys_socket[PID: 641 (xmldbc)]: family:1, type:2, protocol:0
[/etc/templates/timezone.sh] ...
[   42.331688] firmadyne: sys_socket[PID: 646 (rgdb)]: family:1, type:2, protocol:0
[/etc/templates/ntp.sh] ...
[   42.598871] firmadyne: sys_socket[PID: 655 (rgdb)]: family:1, type:2, protocol:0
[   42.640132] firmadyne: sys_socket[PID: 656 (rgdb)]: family:1, type:2, protocol:0
[   42.735577] firmadyne: sys_socket[PID: 658 (rgdb)]: family:1, type:2, protocol:0
[   42.837738] firmadyne: sys_socket[PID: 662 (rgdb)]: family:1, type:2, protocol:0
[   42.866924] firmadyne: sys_socket[PID: 663 (rgdb)]: family:1, type:2, protocol:0
[   42.918836] firmadyne: sys_socket[PID: 664 (rgdb)]: family:1, type:2, protocol:0
[   42.996676] firmadyne: sys_socket[PID: 666 (rgdb)]: family:1, type:2, protocol:0
[/usr/sbin/submit] COMMIT ...
[   43.728859] firmadyne: sys_socket[PID: 674 (xmldbc)]: family:1, type:2, protocol:0
[/etc/scripts/misc/profile.sh] put ...
[   43.959225] firmadyne: sys_socket[PID: 680 (rgdb)]: family:1, type:2, protocol:0
failed
[/usr/sbin/submit] COMMIT ...
[   44.849451] firmadyne: sys_socket[PID: 691 (xmldbc)]: family:1, type:2, protocol:0
[/etc/scripts/misc/profile.sh] put ...
[   45.082275] firmadyne: sys_socket[PID: 697 (rgdb)]: family:1, type:2, protocol:0
failed
[/usr/sbin/submit] COMMIT ...
[   45.956816] firmadyne: sys_socket[PID: 708 (xmldbc)]: family:1, type:2, protocol:0
[/etc/scripts/misc/profile.sh] put ...
[   46.190886] firmadyne: sys_socket[PID: 714 (rgdb)]: family:1, type:2, protocol:0
failed
