[    0.000000] Linux version 4.1.17+ (alessio@pc) (gcc version 5.5.0 20171010 (Ubuntu 5.5.0-12ubuntu1) ) #1 Mon May 15 23:04:08 CEST 2023
[    0.000000] earlycon: Early serial console at I/O port 0x3f8 (options '38400n8')
[    0.000000] bootconsole [uart0] enabled
[    0.000000] CPU0 revision is: 00019300 (MIPS 24Kc)
[    0.000000] FPU revision is: 00739300
[    0.000000] Software DMA cache coherency enabled
[    0.000000] Determined physical RAM map:
[    0.000000]  memory: 00001000 @ 00000000 (reserved)
[    0.000000]  memory: 000ef000 @ 00001000 (ROM data)
[    0.000000]  memory: 00798000 @ 000f0000 (reserved)
[    0.000000]  memory: 0f777000 @ 00888000 (usable)
[    0.000000] debug: ignoring loglevel setting.
[    0.000000] Wasting 69888 bytes for tracking 2184 unused pages
[    0.000000] Initrd not found or empty - disabling initrd
[    0.000000] Zone ranges:
[    0.000000]   DMA      [mem 0x0000000000000000-0x0000000000ffffff]
[    0.000000]   Normal   [mem 0x0000000001000000-0x000000000fffefff]
[    0.000000] Movable zone start for each node
[    0.000000] Early memory node ranges
[    0.000000]   node   0: [mem 0x0000000000000000-0x000000000fffefff]
[    0.000000] Initmem setup node 0 [mem 0x0000000000000000-0x000000000fffefff]
[    0.000000] On node 0 totalpages: 65535
[    0.000000] free_area_init_node: node 0, pgdat 8081d5b0, node_mem_map 81000000
[    0.000000]   DMA zone: 32 pages used for memmap
[    0.000000]   DMA zone: 0 pages reserved
[    0.000000]   DMA zone: 4096 pages, LIFO batch:0
[    0.000000]   Normal zone: 480 pages used for memmap
[    0.000000]   Normal zone: 61439 pages, LIFO batch:15
[    0.000000] Primary instruction cache 2kB, VIPT, 2-way, linesize 16 bytes.
[    0.000000] Primary data cache 2kB, 2-way, VIPT, no aliases, linesize 16 bytes
[    0.000000] pcpu-alloc: s0 r0 d32768 u32768 alloc=1*32768
[    0.000000] pcpu-alloc: [0] 0 
[    0.000000] Built 1 zonelists in Zone order, mobility grouping on.  Total pages: 65023
[    0.000000] Kernel command line: root=/dev/sda1 console=ttyS0 nandsim.parts=64,64,64,64,64,64,64,64,64,64 rdinit=/firmadyne/preInit.sh rw debug ignore_loglevel print-fatal-signals=1 FIRMAE_NET=true FIRMAE_NVRAM=true FIRMAE_KERNEL=true FIRMAE_ETC=true user_debug=0 firmadyne.syscall=1 noka
[    0.000000] found FIRMAE_KERNEL=t
[    0.000000] set the LD_PRELOAD=/firmadyne/libnvram_ioctl.so
[    0.000000] PID hash table entries: 1024 (order: 0, 4096 bytes)
[    0.000000] Dentry cache hash table entries: 32768 (order: 5, 131072 bytes)
[    0.000000] Inode-cache hash table entries: 16384 (order: 4, 65536 bytes)
[    0.000000] Writing ErrCtl register=00000000
[    0.000000] Readback ErrCtl register=00000000
[    0.000000] Memory: 251112K/262140K available (5360K kernel code, 244K rwdata, 1676K rodata, 260K init, 158K bss, 11028K reserved, 0K cma-reserved)
[    0.000000] NR_IRQS:256
[    0.000000] CPU frequency 200.00 MHz
[    0.000000] clocksource MIPS: mask: 0xffffffff max_cycles: 0xffffffff, max_idle_ns: 19112563755 ns
[    0.000176] sched_clock: 32 bits at 100MHz, resolution 9ns, wraps every 21474790395ns
[    0.011598] Console: colour dummy device 80x25
[    0.012610] Calibrating delay loop... 34.49 BogoMIPS (lpj=68992)
[    0.065734] pid_max: default: 32768 minimum: 301
[    0.069002] Mount-cache hash table entries: 1024 (order: 0, 4096 bytes)
[    0.069434] Mountpoint-cache hash table entries: 1024 (order: 0, 4096 bytes)
[    0.122289] clocksource jiffies: mask: 0xffffffff max_cycles: 0xffffffff, max_idle_ns: 7645041785100000 ns
[    0.131326] NET: Registered protocol family 16
[    0.360042] clocksource pit: mask: 0xffffffff max_cycles: 0xffffffff, max_idle_ns: 1601818034827 ns
[    0.484042] vgaarb: loaded
[    0.488868] SCSI subsystem initialized
[    0.490890] libata version 3.00 loaded.
[    0.494567] usbcore: registered new interface driver usbfs
[    0.495913] usbcore: registered new interface driver hub
[    0.496844] usbcore: registered new device driver usb
[    0.499037] pps_core: LinuxPPS API ver. 1 registered
[    0.499372] pps_core: Software ver. 5.3.6 - Copyright 2005-2007 Rodolfo Giometti <giometti@linux.it>
[    0.500298] PTP clock support registered
[    0.504151] PCI host bridge to bus 0000:00
[    0.504771] pci_bus 0000:00: root bus resource [mem 0x10000000-0x17ffffff]
[    0.505268] pci_bus 0000:00: root bus resource [io  0x1000-0x1fffff]
[    0.505767] pci_bus 0000:00: root bus resource [??? 0x00000000 flags 0x0]
[    0.506236] pci_bus 0000:00: No busn resource found for root bus, will use [bus 00-ff]
[    0.507335] pci 0000:00:00.0: [11ab:4620] type 00 class 0x060000
[    0.508136] pci 0000:00:00.0: [Firmware Bug]: reg 0x14: invalid BAR (can't size)
[    0.508717] pci 0000:00:00.0: [Firmware Bug]: reg 0x18: invalid BAR (can't size)
[    0.509186] pci 0000:00:00.0: [Firmware Bug]: reg 0x1c: invalid BAR (can't size)
[    0.509669] pci 0000:00:00.0: [Firmware Bug]: reg 0x20: invalid BAR (can't size)
[    0.510156] pci 0000:00:00.0: [Firmware Bug]: reg 0x24: invalid BAR (can't size)
[    0.513566] pci 0000:00:0a.0: [8086:7110] type 00 class 0x060100
[    0.516427] pci 0000:00:0a.1: [8086:7111] type 00 class 0x010180
[    0.517171] pci 0000:00:0a.1: reg 0x20: [io  0x0000-0x000f]
[    0.517654] pci 0000:00:0a.1: legacy IDE quirk: reg 0x10: [io  0x01f0-0x01f7]
[    0.518121] pci 0000:00:0a.1: legacy IDE quirk: reg 0x14: [io  0x03f6]
[    0.518575] pci 0000:00:0a.1: legacy IDE quirk: reg 0x18: [io  0x0170-0x0177]
[    0.519045] pci 0000:00:0a.1: legacy IDE quirk: reg 0x1c: [io  0x0376]
[    0.521825] pci 0000:00:0a.2: [8086:7112] type 00 class 0x0c0300
[    0.522408] pci 0000:00:0a.2: reg 0x20: [io  0x0000-0x001f]
[    0.525202] pci 0000:00:0a.3: [8086:7113] type 00 class 0x068000
[    0.526308] pci 0000:00:0a.3: quirk: [io  0x1000-0x103f] claimed by PIIX4 ACPI
[    0.526858] pci 0000:00:0a.3: quirk: [io  0x1100-0x110f] claimed by PIIX4 SMB
[    0.529556] pci 0000:00:12.0: [1013:00b8] type 00 class 0x030000
[    0.530059] pci 0000:00:12.0: reg 0x10: [mem 0x00000000-0x01ffffff pref]
[    0.530534] pci 0000:00:12.0: reg 0x14: [mem 0x00000000-0x00000fff]
[    0.531064] pci 0000:00:12.0: reg 0x30: [mem 0x00000000-0x0000ffff pref]
[    0.533306] vgaarb: device added: PCI:0000:00:12.0,decodes=io+mem,owns=none,locks=none
[    0.534328] pci 0000:00:13.0: [8086:100e] type 00 class 0x020000
[    0.534843] pci 0000:00:13.0: reg 0x10: [mem 0x00000000-0x0001ffff]
[    0.535304] pci 0000:00:13.0: reg 0x14: [io  0x0000-0x003f]
[    0.535837] pci 0000:00:13.0: reg 0x30: [mem 0x00000000-0x0003ffff pref]
[    0.538515] pci 0000:00:14.0: [8086:100e] type 00 class 0x020000
[    0.539017] pci 0000:00:14.0: reg 0x10: [mem 0x00000000-0x0001ffff]
[    0.539478] pci 0000:00:14.0: reg 0x14: [io  0x0000-0x003f]
[    0.539988] pci 0000:00:14.0: reg 0x30: [mem 0x00000000-0x0003ffff pref]
[    0.542677] pci 0000:00:15.0: [8086:100e] type 00 class 0x020000
[    0.543173] pci 0000:00:15.0: reg 0x10: [mem 0x00000000-0x0001ffff]
[    0.543639] pci 0000:00:15.0: reg 0x14: [io  0x0000-0x003f]
[    0.544148] pci 0000:00:15.0: reg 0x30: [mem 0x00000000-0x0003ffff pref]
[    0.546793] pci 0000:00:16.0: [8086:100e] type 00 class 0x020000
[    0.547305] pci 0000:00:16.0: reg 0x10: [mem 0x00000000-0x0001ffff]
[    0.547780] pci 0000:00:16.0: reg 0x14: [io  0x0000-0x003f]
[    0.548301] pci 0000:00:16.0: reg 0x30: [mem 0x00000000-0x0003ffff pref]
[    0.551192] pci_bus 0000:00: busn_res: [bus 00-ff] end is updated to 00
[    0.552554] pci 0000:00:12.0: BAR 0: assigned [mem 0x10000000-0x11ffffff pref]
[    0.553193] pci 0000:00:13.0: BAR 6: assigned [mem 0x12000000-0x1203ffff pref]
[    0.553900] pci 0000:00:14.0: BAR 6: assigned [mem 0x12040000-0x1207ffff pref]
[    0.554438] pci 0000:00:15.0: BAR 6: assigned [mem 0x12080000-0x120bffff pref]
[    0.555003] pci 0000:00:16.0: BAR 6: assigned [mem 0x120c0000-0x120fffff pref]
[    0.555548] pci 0000:00:13.0: BAR 0: assigned [mem 0x12100000-0x1211ffff]
[    0.556086] pci 0000:00:14.0: BAR 0: assigned [mem 0x12120000-0x1213ffff]
[    0.556600] pci 0000:00:15.0: BAR 0: assigned [mem 0x12140000-0x1215ffff]
[    0.557121] pci 0000:00:16.0: BAR 0: assigned [mem 0x12160000-0x1217ffff]
[    0.557663] pci 0000:00:12.0: BAR 6: assigned [mem 0x12180000-0x1218ffff pref]
[    0.558305] pci 0000:00:12.0: BAR 1: assigned [mem 0x12190000-0x12190fff]
[    0.558825] pci 0000:00:13.0: BAR 1: assigned [io  0x1040-0x107f]
[    0.559285] pci 0000:00:14.0: BAR 1: assigned [io  0x1080-0x10bf]
[    0.559754] pci 0000:00:15.0: BAR 1: assigned [io  0x10c0-0x10ff]
[    0.560229] pci 0000:00:16.0: BAR 1: assigned [io  0x1400-0x143f]
[    0.560701] pci 0000:00:0a.2: BAR 4: assigned [io  0x1440-0x145f]
[    0.561184] pci 0000:00:0a.1: BAR 4: assigned [io  0x1460-0x146f]
[    0.576080] cfg80211: Calling CRDA to update world regulatory domain
[    0.587490] Switched to clocksource MIPS
[    0.683274] NET: Registered protocol family 2
[    0.693595] TCP established hash table entries: 2048 (order: 1, 8192 bytes)
[    0.694554] TCP bind hash table entries: 2048 (order: 1, 8192 bytes)
[    0.695597] TCP: Hash tables configured (established 2048 bind 2048)
[    0.696554] UDP hash table entries: 256 (order: 0, 4096 bytes)
[    0.697143] UDP-Lite hash table entries: 256 (order: 0, 4096 bytes)
[    0.700516] NET: Registered protocol family 1
[    0.701947] PCI: Enabling device 0000:00:0a.2 (0000 -> 0001)
[    0.703152] PCI: CLS 0 bytes, default 16
[    0.729952] futex hash table entries: 256 (order: -1, 3072 bytes)
[    0.743715] squashfs: version 4.0 (2009/01/31) Phillip Lougher
[    0.745772] jffs2: version 2.2. (NAND) Â© 2001-2006 Red Hat, Inc.
[    0.748893] romfs: ROMFS MTD (C) 2007 Red Hat, Inc.
[    0.769190] Block layer SCSI generic (bsg) driver version 0.4 loaded (major 251)
[    0.769736] io scheduler noop registered
[    0.770309] io scheduler cfq registered (default)
[    0.771146] firmadyne: devfs: 1, execute: 1, procfs: 1, syscall: 1
[    0.776194] firmadyne: Cannot register character device: gpio, 0xfc, 0x0!
[    0.783174] firmadyne: Cannot register character device: watchdog, 0xa, 0x82!
[    0.783771] firmadyne: Cannot register character device: wdt, 0xfd, 0x0!
[    2.233295] strName = 4.1.17+
[    2.233295] init_task_addr  = 2155778944
[    2.233295] init_task_size  = 1296
[    2.233295] ts_tasks        = 292
[    2.233295] ts_pid          = 408
[    2.233295] ts_tgid         = 412
[    2.233295] ts_group_leader = 440
[    2.233295] ts_thread_group = 496
[    2.233295] ts_real_parent  = 416
[    2.233295] ts_mm           = 300
[    2.233295] ts_stack        = 4
[    2.235724] module_name   = 12
[    2.235724] module_size   = 208
[    2.235724] module_init   = 200
[    2.235724] module_list   = 4
[    2.236695] ts_real_cred    = 624
[    2.236695] ts_cred         = 628
[    2.236695] ts_comm         = 632
[    2.236695] cred_uid        = 4
[    2.236695] cred_gid        = 8
[    2.236695] cred_euid       = 20
[    2.236695] cred_egid       = 24
[    2.238157] mm_mmap         = 0
[    2.238157] mm_pgd          = 32
[    2.238157] mm_arg_start    = 136
[    2.238157] mm_start_brk    = 124
[    2.238157] mm_brk          = 128
[    2.238157] mm_start_stack  = 132
[    2.239425] vma_vm_start    = 0
[    2.239425] vma_vm_end      = 4
[    2.239425] vma_vm_next     = 8
[    2.239425] vma_vm_file     = 80
[    2.239425] vma_vm_flags    = 40
[    2.239425] vma_vm_pgoff    = 76
[    2.242043] file_dentry     = 12
[    2.242043] file_inode      = 40
[    2.242043] dentry_d_name   = 24
[    2.242043] dentry_d_iname  = 44
[    2.242043] dentry_d_parent = 16
[    2.242043] ti_task         = 0
[    2.242043] inode_ino   = 28
[    3.148989] proc_fork_connector  = 2151078840
[    3.149342] proc_exit_connector  = 2151080432
[    3.149679] proc_exec_connector  = 2151079052
[    3.149983] vma_link  = 2149124372
[    3.150231] vma_adjust  = 2149124540
[    3.150493] remove_vma  = 2149122188
[    3.150752] modules  = 2155833724
[    3.151008] trim_init_extable  = 2150545316
[    3.154321] PCI: Enabling device 0000:00:12.0 (0000 -> 0002)
[    3.155794] cirrusfb 0000:00:12.0: Cirrus Logic chipset on PCI bus, RAM (4096 kB) at 0x10000000
[    3.395951] Console: switching to colour frame buffer device 80x30
[    3.454064] Serial: 8250/16550 driver, 4 ports, IRQ sharing enabled
[    3.466250] console [ttyS0] disabled
[    3.492525] serial8250.0: ttyS0 at I/O 0x3f8 (irq = 4, base_baud = 115200) is a 16550A
[    3.493637] console [ttyS0] enabled
[    3.493637] console [ttyS0] enabled
[    3.494153] bootconsole [uart0] disabled
[    3.494153] bootconsole [uart0] disabled
[    3.523664] serial8250.0: ttyS1 at I/O 0x2f8 (irq = 3, base_baud = 115200) is a 16550A
[    3.628803] brd: module loaded
[    3.683160] loop: module loaded
[    3.688934] ata_piix 0000:00:0a.1: version 2.13
[    3.689479] PCI: Enabling device 0000:00:0a.1 (0000 -> 0001)
[    3.712059] scsi host0: ata_piix
[    3.716850] scsi host1: ata_piix
[    3.720303] ata1: PATA max UDMA/33 cmd 0x1f0 ctl 0x3f6 bmdma 0x1460 irq 14
[    3.720770] ata2: PATA max UDMA/33 cmd 0x170 ctl 0x376 bmdma 0x1468 irq 15
[    3.726638] [nandsim] warning: read_byte: unexpected data output cycle, state is STATE_READY return 0x0
[    3.727165] [nandsim] warning: read_byte: unexpected data output cycle, state is STATE_READY return 0x0
[    3.727833] [nandsim] warning: read_byte: unexpected data output cycle, state is STATE_READY return 0x0
[    3.728335] [nandsim] warning: read_byte: unexpected data output cycle, state is STATE_READY return 0x0
[    3.728839] [nandsim] warning: read_byte: unexpected data output cycle, state is STATE_READY return 0x0
[    3.729338] [nandsim] warning: read_byte: unexpected data output cycle, state is STATE_READY return 0x0
[    3.729994] nand: device found, Manufacturer ID: 0x98, Chip ID: 0x39
[    3.730381] nand: Toshiba NAND 128MiB 1,8V 8-bit
[    3.730736] nand: 128 MiB, SLC, erase size: 16 KiB, page size: 512, OOB size: 16
[    3.732288] flash size: 128 MiB
[    3.732516] page size: 512 bytes
[    3.732738] OOB area size: 16 bytes
[    3.732969] sector size: 16 KiB
[    3.733184] pages number: 262144
[    3.733403] pages per sector: 32
[    3.733625] bus width: 8
[    3.733827] bits in sector size: 14
[    3.734060] bits in page size: 9
[    3.734288] bits in OOB size: 4
[    3.734517] flash size with OOB: 135168 KiB
[    3.734780] page address bytes: 4
[    3.735009] sector address bytes: 3
[    3.735243] options: 0x42
[    3.735961] cfg80211: Calling CRDA to update world regulatory domain
[    3.807325] Scanning device for bad blocks
[    4.823250] ata2.01: NODEV after polling detection
[    4.824031] ata1.01: NODEV after polling detection
[    4.825599] ata2.00: ATAPI: QEMU DVD-ROM, 2.5+, max UDMA/100
[    4.827164] ata1.00: ATA-7: QEMU HARDDISK, 2.5+, max UDMA/100
[    4.827786] ata1.00: 2097152 sectors, multi 16: LBA48 
[    4.833490] ata2.00: configured for UDMA/33
[    4.834950] ata1.00: configured for UDMA/33
[    4.842567] scsi 0:0:0:0: Direct-Access     ATA      QEMU HARDDISK    2.5+ PQ: 0 ANSI: 5
[    4.856453] sd 0:0:0:0: [sda] 2097152 512-byte logical blocks: (1.07 GB/1.00 GiB)
[    4.857804] scsi 1:0:0:0: CD-ROM            QEMU     QEMU DVD-ROM     2.5+ PQ: 0 ANSI: 5
[    4.869311] sd 0:0:0:0: [sda] Write Protect is off
[    4.869800] sd 0:0:0:0: [sda] Mode Sense: 00 3a 00 00
[    4.871151] sd 0:0:0:0: [sda] Write cache: enabled, read cache: enabled, doesn't support DPO or FUA
[    4.881658]  sda: sda1
[    4.888507] Creating 11 MTD partitions on "NAND 128MiB 1,8V 8-bit":
[    4.889166] 0x000000000000-0x000000100000 : "NAND simulator partition 0"
[    4.898806] 0x000000100000-0x000000200000 : "NAND simulator partition 1"
[    4.908556] 0x000000200000-0x000000300000 : "NAND simulator partition 2"
[    4.918055] 0x000000300000-0x000000400000 : "NAND simulator partition 3"
[    4.927720] 0x000000400000-0x000000500000 : "NAND simulator partition 4"
[    4.937517] 0x000000500000-0x000000600000 : "NAND simulator partition 5"
[    4.947343] 0x000000600000-0x000000700000 : "NAND simulator partition 6"
[    4.957432] 0x000000700000-0x000000800000 : "NAND simulator partition 7"
[    4.967133] 0x000000800000-0x000000900000 : "NAND simulator partition 8"
[    4.976429] 0x000000900000-0x000000a00000 : "NAND simulator partition 9"
[    4.985662] 0x000000a00000-0x000008000000 : "NAND simulator partition 10"
[    5.025787] tun: Universal TUN/TAP device driver, 1.6
[    5.026127] tun: (C) 1999-2004 Max Krasnyansky <maxk@qualcomm.com>
[    5.029445] pcnet32: pcnet32.c:v1.35 21.Apr.2008 tsbogend@alpha.franken.de
[    5.030605] e1000: Intel(R) PRO/1000 Network Driver - version 7.3.21-k8-NAPI
[    5.031013] e1000: Copyright (c) 1999-2006 Intel Corporation.
[    5.031987] PCI: Enabling device 0000:00:13.0 (0000 -> 0003)
[    5.038760] sd 0:0:0:0: [sda] Attached SCSI disk
[    5.333599] e1000 0000:00:13.0 eth0: (PCI:33MHz:32-bit) 52:54:00:12:34:56
[    5.334207] e1000 0000:00:13.0 eth0: Intel(R) PRO/1000 Network Connection
[    5.334830] PCI: Enabling device 0000:00:14.0 (0000 -> 0003)
[    5.625196] e1000 0000:00:14.0 eth1: (PCI:33MHz:32-bit) 52:54:00:12:34:57
[    5.625693] e1000 0000:00:14.0 eth1: Intel(R) PRO/1000 Network Connection
[    5.626291] PCI: Enabling device 0000:00:15.0 (0000 -> 0003)
[    5.923171] e1000 0000:00:15.0 eth2: (PCI:33MHz:32-bit) 52:54:00:12:34:58
[    5.923789] e1000 0000:00:15.0 eth2: Intel(R) PRO/1000 Network Connection
[    5.924369] PCI: Enabling device 0000:00:16.0 (0000 -> 0003)
[    6.216098] e1000 0000:00:16.0 eth3: (PCI:33MHz:32-bit) 52:54:00:12:34:59
[    6.216577] e1000 0000:00:16.0 eth3: Intel(R) PRO/1000 Network Connection
[    6.217702] e1000e: Intel(R) PRO/1000 Network Driver - 2.3.2-k
[    6.218031] e1000e: Copyright(c) 1999 - 2014 Intel Corporation.
[    6.221902] PPP generic driver version 2.4.2
[    6.223901] PPP Deflate Compression module registered
[    6.224494] PPP MPPE Compression module registered
[    6.224856] NET: Registered protocol family 24
[    6.225524] ehci_hcd: USB 2.0 'Enhanced' Host Controller (EHCI) Driver
[    6.225967] ehci-pci: EHCI PCI platform driver
[    6.226971] ohci_hcd: USB 1.1 'Open' Host Controller (OHCI) Driver
[    6.227510] ohci-pci: OHCI PCI platform driver
[    6.228513] uhci_hcd: USB Universal Host Controller Interface driver
[    6.230031] uhci_hcd 0000:00:0a.2: UHCI Host Controller
[    6.230754] uhci_hcd 0000:00:0a.2: new USB bus registered, assigned bus number 1
[    6.231853] uhci_hcd 0000:00:0a.2: irq 11, io base 0x00001440
[    6.241875] hub 1-0:1.0: USB hub found
[    6.242610] hub 1-0:1.0: 2 ports detected
[    6.250971] usbcore: registered new interface driver usb-storage
[    6.254961] mousedev: PS/2 mouse device common for all mice
[    6.260901] rtc_cmos rtc_cmos: rtc core: registered rtc_cmos as rtc0
[    6.261595] rtc_cmos rtc_cmos: alarms up to one day, 242 bytes nvram
[    6.262952] i2c /dev entries driver
[    6.264200] piix4_smbus 0000:00:0a.3: SMBus Host Controller at 0x1100, revision 0
[    6.268526] sdhci: Secure Digital Host Controller Interface driver
[    6.268875] sdhci: Copyright(c) Pierre Ossman
[    6.270982] hidraw: raw HID events driver (C) Jiri Kosina
[    6.294588] usbcore: registered new interface driver usbhid
[    6.295064] usbhid: USB HID core driver
[    6.297025] Netfilter messages via NETLINK v0.30.
[    6.298206] nf_conntrack version 0.5.0 (3923 buckets, 15692 max)
[    6.301258] ctnetlink v0.93: registering with nfnetlink.
[    6.306287] ipip: IPv4 over IPv4 tunneling driver
[    6.317732] ip_tables: (C) 2000-2006 Netfilter Core Team
[    6.320523] arp_tables: (C) 2002 David S. Miller
[    6.322327] Initializing XFRM netlink socket
[    6.323613] NET: Registered protocol family 10
[    6.341952] ip6_tables: (C) 2000-2006 Netfilter Core Team
[    6.345576] sit: IPv6 over IPv4 tunneling driver
[    6.362266] NET: Registered protocol family 17
[    6.363161] bridge: automatic filtering via arp/ip/ip6tables has been deprecated. Update your scripts to load br_netfilter if you need this.
[    6.364335] Bridge firewalling registered
[    6.364733] Ebtables v2.0 registered
[    6.370361] 8021q: 802.1Q VLAN Support v1.8
[    6.391119] rtc_cmos rtc_cmos: setting system clock to 2025-07-23 20:08:23 UTC (1753301303)
[    6.412411] EXT2-fs (sda1): warning: mounting unchecked fs, running e2fsck is recommended
[    6.414586] VFS: Mounted root (ext2 filesystem) on device 8:1.
[    6.423291] Freeing YAMON memory: 956k freed
[    6.434012] Freeing unused kernel memory: 260K (8081f000 - 80860000)
[    6.491944] spurious 8259A interrupt: IRQ7.
[    6.551269] firmadyne: sys_reboot[PID: 49 (init)]: magic1:fee1dead, magic2:28121969, cmd:0
init started:  BusyBox v1.00 (2011.02.24-08:49+0000) multi-call binary
init started:  BusyBox v1.00 (2011.02.24-08:49+0000) multi-call binary
Starting pid 51, console /dev/ttyS0: '/usr/etc/rcS'
[    6.843981] firmadyne: do_execve: /firmadyne/console
[    6.844567] OFFSETS: offset of pid: 0x198 offset of comm: 0x278
[    6.879868] cfg80211: Calling CRDA to update world regulatory domain
mount: Mounting devpts on /dev/pts failed: No such file or directory
mknod: /dev/sc_led: File exists
[    9.245536] random: nonblocking pool is initialized
insmod: cannot open module `/lib/modules/ipt_string.ko': No such file or directory
[   10.023868] cfg80211: Calling CRDA to update world regulatory domain
[   10.102870] firmadyne: ioctl: 0x1
[   11.282702] firmadyne: sys_socket[PID: 93 (brctl)]: family:2, type:2, protocol:0
[   11.351852] firmadyne: sys_socket[PID: 94 (brctl)]: family:2, type:2, protocol:0
[   11.409016] firmadyne: sys_socket[PID: 95 (ifconfig)]: family:2, type:1, protocol:0
[   11.411961] firmadyne: __inet_insert_ifa[PID: 95 (ifconfig)]: device:eth0 ifa:0x00000000
[   11.427673] IPv6: ADDRCONF(NETDEV_UP): eth0: link is not ready
[   11.428201] 8021q: adding VLAN 0 to HW filter on device eth0
[   11.432652] e1000: eth0 NIC Link is Up 1000 Mbps Full Duplex, Flow Control: RX
[   11.434418] IPv6: ADDRCONF(NETDEV_CHANGE): eth0: link becomes ready
[   11.489473] firmadyne: sys_socket[PID: 96 (brctl)]: family:2, type:2, protocol:0
[   11.490445] firmadyne: sys_socket[PID: 96 (brctl)]: family:10, type:1, protocol:0
[   11.492129] firmadyne: br_add_if[PID: 96 (brctl)]: br:br0 dev:eth0
[   11.496444] device eth0 entered promiscuous mode
[   13.169243] cfg80211: Calling CRDA to update world regulatory domain
killall: dsl_cpe_control: no process killed
[   14.233634] firmadyne: ioctl: 0xc0a47204
[   14.267818] firmadyne: sys_socket[PID: 105 (ifconfig)]: family:2, type:1, protocol:0
[   14.270116] firmadyne: __inet_insert_ifa[PID: 105 (ifconfig)]: device:lo ifa:0x7f000001
[   14.276411] firmadyne: __inet_insert_ifa[PID: 105 (ifconfig)]: device:lo ifa:0x7f000001
[   14.394965] firmadyne: sys_socket[PID: 106 (route)]: family:2, type:1, protocol:0
[   14.584434] firmadyne: sys_socket[PID: 107 (klogd)]: family:1, type:1, protocol:0
[   14.586558] firmadyne: sys_socket[PID: 107 (klogd)]: family:1, type:2, protocol:0
[   14.595280] firmadyne: sys_socket[PID: 107 (klogd)]: family:1, type:1, protocol:0
[   14.604219] firmadyne: sys_socket[PID: 107 (klogd)]: family:1, type:2, protocol:0
[   14.606866] firmadyne: sys_socket[PID: 107 (klogd)]: family:1, type:1, protocol:0
[   14.612193] firmadyne: sys_socket[PID: 107 (klogd)]: family:1, type:2, protocol:0
[   14.614771] firmadyne: sys_socket[PID: 107 (klogd)]: family:1, type:1, protocol:0
[   14.620209] firmadyne: sys_socket[PID: 107 (klogd)]: family:1, type:2, protocol:0
[   14.622745] firmadyne: sys_socket[PID: 107 (klogd)]: family:1, type:1, protocol:0
[   14.628202] firmadyne: sys_socket[PID: 107 (klogd)]: family:1, type:2, protocol:0
[   14.630797] firmadyne: sys_socket[PID: 107 (klogd)]: family:1, type:1, protocol:0
[   14.636181] firmadyne: sys_socket[PID: 107 (klogd)]: family:1, type:2, protocol:0
[   14.638725] firmadyne: sys_socket[PID: 107 (klogd)]: family:1, type:1, protocol:0
[   14.644228] firmadyne: sys_socket[PID: 107 (klogd)]: family:1, type:2, protocol:0
[   14.646767] firmadyne: sys_socket[PID: 107 (klogd)]: family:1, type:1, protocol:0
[   14.652174] firmadyne: sys_socket[PID: 107 (klogd)]: family:1, type:2, protocol:0
[   14.654729] firmadyne: sys_socket[PID: 107 (klogd)]: family:1, type:1, protocol:0
[   14.660151] firmadyne: sys_socket[PID: 107 (klogd)]: family:1, type:2, protocol:0
[   14.662679] firmadyne: sys_socket[PID: 107 (klogd)]: family:1, type:1, protocol:0
[   14.668118] firmadyne: sys_socket[PID: 107 (klogd)]: family:1, type:2, protocol:0
[   14.670650] firmadyne: sys_socket[PID: 107 (klogd)]: family:1, type:1, protocol:0
[   14.676064] firmadyne: sys_socket[PID: 107 (klogd)]: family:1, type:2, protocol:0
[   14.678584] firmadyne: sys_socket[PID: 107 (klogd)]: family:1, type:1, protocol:0
[   14.683910] firmadyne: sys_socket[PID: 107 (klogd)]: family:1, type:2, protocol:0
[   14.686455] firmadyne: sys_socket[PID: 107 (klogd)]: family:1, type:1, protocol:0
[   14.691859] firmadyne: sys_socket[PID: 107 (klogd)]: family:1, type:2, protocol:0
[   14.694395] firmadyne: sys_socket[PID: 107 (klogd)]: family:1, type:1, protocol:0
[   14.699769] firmadyne: sys_socket[PID: 107 (klogd)]: family:1, type:2, protocol:0
[   14.702333] firmadyne: sys_socket[PID: 107 (klogd)]: family:1, type:1, protocol:0
[   14.705461] firmadyne: sys_socket[PID: 103 (dsl_cpe_control)]: family:2, type:2, protocol:0
[   14.706452] firmadyne: sys_setsockopt[PID: 103 (dsl_cpe_control)]: fd:4, level:65535, optname:8
[   14.707336] firmadyne: sys_setsockopt[PID: 103 (dsl_cpe_control)]: fd:4, level:65535, optname:4097
[   14.708393] firmadyne: sys_socket[PID: 107 (klogd)]: family:1, type:2, protocol:0
[   14.710948] firmadyne: sys_socket[PID: 107 (klogd)]: family:1, type:1, protocol:0
[   14.712062] firmadyne: sys_setsockopt[PID: 103 (dsl_cpe_control)]: fd:4, level:65535, optname:4098
[   14.712867] firmadyne: sys_setsockopt[PID: 103 (dsl_cpe_control)]: fd:4, level:6, optname:1
[   14.713839] firmadyne: inet_bind[PID: 103 (dsl_cpe_control)]: proto:SOCK_STREAM, port:8080
[   14.716199] firmadyne: sys_socket[PID: 107 (klogd)]: family:1, type:2, protocol:0
[   14.718688] firmadyne: sys_socket[PID: 107 (klogd)]: family:1, type:1, protocol:0
[   14.722403] firmadyne: sys_socket[PID: 107 (klogd)]: family:1, type:2, protocol:0
[   14.725102] firmadyne: sys_socket[PID: 107 (klogd)]: family:1, type:1, protocol:0
[   14.726288] firmadyne: sys_socket[PID: 107 (klogd)]: family:1, type:2, protocol:0
[   14.731408] firmadyne: ioctl: 0xc00c7224
[   14.732033] firmadyne: ioctl: 0xc00c721d
[   14.732460] firmadyne: ioctl: 0xc00c721d
[   14.732872] firmadyne: ioctl: 0xc00c721d
[   14.733284] firmadyne: ioctl: 0xc00c721d
[   14.733698] firmadyne: ioctl: 0xc00c721d
[   14.734109] firmadyne: ioctl: 0xc00c721d
[   14.734524] firmadyne: ioctl: 0xc00c721d
[   14.734935] firmadyne: ioctl: 0xc00c721d
[   14.735360] firmadyne: ioctl: 0xc00c721d
[   14.737196] firmadyne: ioctl: 0xc00c721d
[   14.737644] firmadyne: ioctl: 0xc00c721d
[   14.738068] firmadyne: ioctl: 0xc00c721d
[   14.738507] firmadyne: ioctl: 0xc00c721d
[   14.738932] firmadyne: ioctl: 0xc00c721d
[   14.739367] firmadyne: ioctl: 0xc00c721d
[   14.739958] firmadyne: ioctl: 0xc00c721d
[   14.740380] firmadyne: ioctl: 0xc00c721d
[   14.743852] firmadyne: sys_socket[PID: 107 (klogd)]: family:1, type:1, protocol:0
[   14.745058] firmadyne: sys_socket[PID: 107 (klogd)]: family:1, type:2, protocol:0
[   14.748335] firmadyne: ioctl: 0xc0207223
[   14.750673] firmadyne: ioctl: 0xc0207223
[   14.758316] firmadyne: sys_socket[PID: 107 (klogd)]: family:1, type:1, protocol:0
[   14.761101] firmadyne: ioctl: 0xc0207223
[   14.762158] firmadyne: ioctl: 0xc0207223
[   14.763182] firmadyne: ioctl: 0xc0207223
[   14.763920] firmadyne: sys_socket[PID: 107 (klogd)]: family:1, type:2, protocol:0
[   14.766431] firmadyne: sys_socket[PID: 107 (klogd)]: family:1, type:1, protocol:0
[   14.770895] firmadyne: ioctl: 0xc0207223
[   14.772182] firmadyne: ioctl: 0xc0207223
[   14.773212] firmadyne: ioctl: 0xc0207223
[   14.774246] firmadyne: ioctl: 0xc0207223
[   14.775288] firmadyne: ioctl: 0xc0207223
[   14.779813] firmadyne: sys_socket[PID: 107 (klogd)]: family:1, type:2, protocol:0
[   14.782375] firmadyne: sys_socket[PID: 107 (klogd)]: family:1, type:1, protocol:0
[   14.788374] firmadyne: ioctl: 0xc0207223
[   14.789407] firmadyne: ioctl: 0xc0207223
[   14.790430] firmadyne: ioctl: 0xc0207223
[   14.791613] firmadyne: ioctl: 0xc0207223
[   14.792141] firmadyne: sys_socket[PID: 107 (klogd)]: family:1, type:2, protocol:0
[   14.794696] firmadyne: sys_socket[PID: 107 (klogd)]: family:1, type:1, protocol:0
[   14.800101] firmadyne: sys_socket[PID: 107 (klogd)]: family:1, type:2, protocol:0
[   14.802581] firmadyne: sys_socket[PID: 107 (klogd)]: family:1, type:1, protocol:0
[   14.804575] firmadyne: ioctl: 0xc0207223
[   14.805649] firmadyne: ioctl: 0xc0207223
[   14.806685] firmadyne: ioctl: 0xc0207223
[   14.811888] firmadyne: ioctl: 0xc0207223
[   14.812916] firmadyne: ioctl: 0xc0207223
[   14.813935] firmadyne: ioctl: 0xc0207223
[   14.814953] firmadyne: ioctl: 0xc0207223
[   14.815890] firmadyne: sys_socket[PID: 107 (klogd)]: family:1, type:2, protocol:0
[   14.818384] firmadyne: sys_socket[PID: 107 (klogd)]: family:1, type:1, protocol:0
[   14.824240] firmadyne: ioctl: 0xc0207223
[   14.825303] firmadyne: ioctl: 0xc0207223
[   14.826356] firmadyne: ioctl: 0xc0207223
[   14.827416] firmadyne: ioctl: 0xc0207223
[   14.828085] firmadyne: sys_socket[PID: 107 (klogd)]: family:1, type:2, protocol:0
[   14.830582] firmadyne: sys_socket[PID: 107 (klogd)]: family:1, type:1, protocol:0
[   14.835906] firmadyne: sys_socket[PID: 107 (klogd)]: family:1, type:2, protocol:0
[   14.838408] firmadyne: sys_socket[PID: 107 (klogd)]: family:1, type:1, protocol:0
[   14.840534] firmadyne: ioctl: 0xc0207223
[   14.841593] firmadyne: ioctl: 0xc0207223
[   14.842634] firmadyne: ioctl: 0xc0207223
[   14.847718] firmadyne: sys_socket[PID: 107 (klogd)]: family:1, type:2, protocol:0
[   14.850278] firmadyne: sys_socket[PID: 107 (klogd)]: family:1, type:1, protocol:0
[   14.851479] firmadyne: sys_socket[PID: 107 (klogd)]: family:1, type:2, protocol:0
[   14.852733] firmadyne: ioctl: 0xc0207223
[   14.853788] firmadyne: ioctl: 0xc0207223
[   14.854827] firmadyne: ioctl: 0xc0207223
[   14.860045] firmadyne: ioctl: 0xc0207223
[   14.861094] firmadyne: ioctl: 0xc0207223
[   14.862134] firmadyne: ioctl: 0xc0207223
[   14.863178] firmadyne: ioctl: 0xc0207223
[   14.865614] firmadyne: sys_socket[PID: 107 (klogd)]: family:1, type:1, protocol:0
[   14.866827] firmadyne: sys_socket[PID: 107 (klogd)]: family:1, type:2, protocol:0
[   14.872352] firmadyne: ioctl: 0xc0207223
[   14.873424] firmadyne: ioctl: 0xc0207223
[   14.874443] firmadyne: ioctl: 0xc0207223
[   14.875641] firmadyne: ioctl: 0xc0207223
[   14.877903] firmadyne: sys_socket[PID: 107 (klogd)]: family:1, type:1, protocol:0
[   14.879104] firmadyne: sys_socket[PID: 107 (klogd)]: family:1, type:2, protocol:0
[   14.884344] firmadyne: ioctl: 0xc0207223
[   14.885386] firmadyne: ioctl: 0xc0207223
[   14.886435] firmadyne: ioctl: 0xc0207223
[   14.889408] firmadyne: sys_socket[PID: 107 (klogd)]: family:1, type:1, protocol:0
[   14.890614] firmadyne: sys_socket[PID: 107 (klogd)]: family:1, type:2, protocol:0
[   14.895728] firmadyne: ioctl: 0xc0207223
[   14.896830] firmadyne: ioctl: 0xc0207223
[   14.897871] firmadyne: ioctl: 0xc0207223
[   14.898886] firmadyne: ioctl: 0xc0207223
[   14.901264] firmadyne: sys_socket[PID: 107 (klogd)]: family:1, type:1, protocol:0
[   14.902453] firmadyne: sys_socket[PID: 107 (klogd)]: family:1, type:2, protocol:0
[   14.910342] firmadyne: ioctl: 0xc0207223
[   14.911417] firmadyne: ioctl: 0xc0207223
[   14.912582] firmadyne: ioctl: 0xc0207223
[   14.913611] firmadyne: ioctl: 0xc0207223
[   14.914644] firmadyne: ioctl: 0xc0207223
[   14.917141] firmadyne: sys_socket[PID: 107 (klogd)]: family:1, type:1, protocol:0
[   14.918345] firmadyne: sys_socket[PID: 107 (klogd)]: family:1, type:2, protocol:0
[   14.925002] firmadyne: sys_socket[PID: 107 (klogd)]: family:1, type:1, protocol:0
[   14.926232] firmadyne: sys_socket[PID: 107 (klogd)]: family:1, type:2, protocol:0
[   14.928082] firmadyne: ioctl: 0xc0207223
[   14.929120] firmadyne: ioctl: 0xc0207223
[   14.930135] firmadyne: ioctl: 0xc0207223
[   14.931161] firmadyne: ioctl: 0xc0207223
[   14.936998] firmadyne: sys_socket[PID: 107 (klogd)]: family:1, type:1, protocol:0
[   14.938220] firmadyne: sys_socket[PID: 107 (klogd)]: family:1, type:2, protocol:0
[   14.940588] firmadyne: ioctl: 0xc0207223
[   14.941626] firmadyne: ioctl: 0xc0207223
[   14.942647] firmadyne: ioctl: 0xc0207223
[   14.948817] firmadyne: sys_socket[PID: 107 (klogd)]: family:1, type:1, protocol:0
[   14.950045] firmadyne: sys_socket[PID: 107 (klogd)]: family:1, type:2, protocol:0
[   14.952145] firmadyne: ioctl: 0xc0207223
[   14.953217] firmadyne: ioctl: 0xc0207223
[   14.954260] firmadyne: ioctl: 0xc0207223
[   14.955303] firmadyne: ioctl: 0xc0207223
[   14.961396] firmadyne: sys_socket[PID: 107 (klogd)]: family:1, type:1, protocol:0
[   14.962652] firmadyne: sys_socket[PID: 107 (klogd)]: family:1, type:2, protocol:0
[   14.964469] firmadyne: ioctl: 0xc0207223
[   14.965522] firmadyne: ioctl: 0xc0207223
[   14.966573] firmadyne: ioctl: 0xc0207223
[   14.973316] firmadyne: sys_socket[PID: 107 (klogd)]: family:1, type:1, protocol:0
[   14.974533] firmadyne: sys_socket[PID: 107 (klogd)]: family:1, type:2, protocol:0
[   14.976146] firmadyne: ioctl: 0xc0207223
[   14.977240] firmadyne: ioctl: 0xc0207223
[   14.978286] firmadyne: ioctl: 0xc0207223
[   14.979311] firmadyne: ioctl: 0xc0207223
[   14.985066] firmadyne: sys_socket[PID: 107 (klogd)]: family:1, type:1, protocol:0
[   14.986297] firmadyne: sys_socket[PID: 107 (klogd)]: family:1, type:2, protocol:0
[   14.988517] firmadyne: ioctl: 0xc0207223
[   14.989573] firmadyne: ioctl: 0xc0207223
[   14.990616] firmadyne: ioctl: 0xc0207223
[   14.996898] firmadyne: sys_socket[PID: 107 (klogd)]: family:1, type:1, protocol:0
[   14.998131] firmadyne: sys_socket[PID: 107 (klogd)]: family:1, type:2, protocol:0
[   15.000188] firmadyne: ioctl: 0xc0207223
[   15.001261] firmadyne: ioctl: 0xc0207223
[   15.002295] firmadyne: ioctl: 0xc0207223
[   15.003323] firmadyne: ioctl: 0xc0207223
[   15.008583] firmadyne: sys_socket[PID: 107 (klogd)]: family:1, type:1, protocol:0
[   15.009845] firmadyne: sys_socket[PID: 107 (klogd)]: family:1, type:2, protocol:0
[   15.016362] firmadyne: ioctl: 0xc0207223
[   15.017409] firmadyne: ioctl: 0xc0207223
[   15.018451] firmadyne: ioctl: 0xc0207223
[   15.020455] firmadyne: sys_socket[PID: 107 (klogd)]: family:1, type:1, protocol:0
[   15.021723] firmadyne: sys_socket[PID: 107 (klogd)]: family:1, type:2, protocol:0
[   15.027713] firmadyne: ioctl: 0xc0207223
[   15.028776] firmadyne: ioctl: 0xc0207223
[   15.029797] firmadyne: ioctl: 0xc0207223
[   15.030821] firmadyne: ioctl: 0xc0207223
[   15.032344] firmadyne: sys_socket[PID: 107 (klogd)]: family:1, type:1, protocol:0
[   15.033600] firmadyne: sys_socket[PID: 107 (klogd)]: family:1, type:2, protocol:0
[   15.042274] firmadyne: ioctl: 0xc0207223
[   15.043368] firmadyne: ioctl: 0xc0207223
[   15.044539] firmadyne: ioctl: 0xc0207223
[   15.045555] firmadyne: ioctl: 0xc0207223
[   15.046583] firmadyne: ioctl: 0xc0207223
[   15.048258] firmadyne: sys_socket[PID: 107 (klogd)]: family:1, type:1, protocol:0
[   15.049513] firmadyne: sys_socket[PID: 107 (klogd)]: family:1, type:2, protocol:0
[   15.055835] firmadyne: ioctl: 0xc0207223
[   15.056911] firmadyne: ioctl: 0xc0207223
[   15.057942] firmadyne: ioctl: 0xc0207223
[   15.058991] firmadyne: ioctl: 0xc0207223
[   15.060148] firmadyne: sys_socket[PID: 107 (klogd)]: family:1, type:1, protocol:0
[   15.061426] firmadyne: sys_socket[PID: 107 (klogd)]: family:1, type:2, protocol:0
[   15.068273] firmadyne: ioctl: 0xc0207223
[   15.069322] firmadyne: ioctl: 0xc0207223
[   15.070370] firmadyne: ioctl: 0xc0207223
[   15.071548] firmadyne: ioctl: 0xc0207223
[   15.072413] firmadyne: sys_socket[PID: 107 (klogd)]: family:1, type:1, protocol:0
[   15.073678] firmadyne: sys_socket[PID: 107 (klogd)]: family:1, type:2, protocol:0
[   15.080354] firmadyne: ioctl: 0xc0207223
[   15.081408] firmadyne: ioctl: 0xc0207223
[   15.082465] firmadyne: ioctl: 0xc0207223
[   15.084323] firmadyne: sys_socket[PID: 107 (klogd)]: family:1, type:1, protocol:0
[   15.085571] firmadyne: sys_socket[PID: 107 (klogd)]: family:1, type:2, protocol:0
[   15.091762] firmadyne: ioctl: 0xc0207223
[   15.092860] firmadyne: ioctl: 0xc0207223
[   15.093921] firmadyne: ioctl: 0xc0207223
[   15.094968] firmadyne: ioctl: 0xc0207223
[   15.096180] firmadyne: sys_socket[PID: 107 (klogd)]: family:1, type:1, protocol:0
[   15.097438] firmadyne: sys_socket[PID: 107 (klogd)]: family:1, type:2, protocol:0
[   15.104257] firmadyne: ioctl: 0xc0207223
[   15.105332] firmadyne: ioctl: 0xc0207223
[   15.106369] firmadyne: ioctl: 0xc0207223
[   15.107400] firmadyne: ioctl: 0xc0207223
[   15.108373] firmadyne: sys_socket[PID: 107 (klogd)]: family:1, type:1, protocol:0
[   15.109605] firmadyne: sys_socket[PID: 107 (klogd)]: family:1, type:2, protocol:0
[   15.116324] firmadyne: ioctl: 0xc0207223
[   15.117361] firmadyne: ioctl: 0xc0207223
[   15.118386] firmadyne: ioctl: 0xc0207223
[   15.119577] firmadyne: ioctl: 0xc0207223
[   15.120625] firmadyne: sys_socket[PID: 107 (klogd)]: family:1, type:1, protocol:0
[   15.121878] firmadyne: sys_socket[PID: 107 (klogd)]: family:1, type:2, protocol:0
[   15.128478] firmadyne: sys_socket[PID: 107 (klogd)]: family:1, type:1, protocol:0
[   15.129717] firmadyne: sys_socket[PID: 107 (klogd)]: family:1, type:2, protocol:0
[   15.132403] firmadyne: ioctl: 0xc0207223
[   15.133457] firmadyne: ioctl: 0xc0207223
[   15.134488] firmadyne: ioctl: 0xc0207223
[   15.139697] firmadyne: ioctl: 0xc0207223
[   15.140750] firmadyne: ioctl: 0xc0207223
[   15.141809] firmadyne: ioctl: 0xc0207223
[   15.142843] firmadyne: ioctl: 0xc0207223
[   15.144296] firmadyne: sys_socket[PID: 107 (klogd)]: family:1, type:1, protocol:0
[   15.145558] firmadyne: sys_socket[PID: 107 (klogd)]: family:1, type:2, protocol:0
[   15.152112] firmadyne: ioctl: 0xc0207223
[   15.153176] firmadyne: ioctl: 0xc0207223
[   15.154221] firmadyne: ioctl: 0xc0207223
[   15.155267] firmadyne: ioctl: 0xc0207223
[   15.156372] firmadyne: sys_socket[PID: 107 (klogd)]: family:1, type:1, protocol:0
[   15.157638] firmadyne: sys_socket[PID: 107 (klogd)]: family:1, type:2, protocol:0
[   15.164258] firmadyne: sys_socket[PID: 107 (klogd)]: family:1, type:1, protocol:0
[   15.165488] firmadyne: sys_socket[PID: 107 (klogd)]: family:1, type:2, protocol:0
[   15.168418] firmadyne: ioctl: 0xc0207223
[   15.169493] firmadyne: ioctl: 0xc0207223
[   15.170546] firmadyne: ioctl: 0xc0207223
[   15.176105] firmadyne: sys_socket[PID: 107 (klogd)]: family:1, type:1, protocol:0
[   15.177368] firmadyne: sys_socket[PID: 107 (klogd)]: family:1, type:2, protocol:0
[   15.179894] firmadyne: ioctl: 0xc0207223
[   15.180956] firmadyne: ioctl: 0xc0207223
[   15.181981] firmadyne: ioctl: 0xc0207223
[   15.183011] firmadyne: ioctl: 0xc0207223
[   15.188009] firmadyne: sys_socket[PID: 107 (klogd)]: family:1, type:1, protocol:0
[   15.189268] firmadyne: sys_socket[PID: 107 (klogd)]: family:1, type:2, protocol:0
[   15.192362] firmadyne: ioctl: 0xc0207223
[   15.193435] firmadyne: ioctl: 0xc0207223
[   15.194481] firmadyne: ioctl: 0xc0207223
[   15.199920] firmadyne: sys_socket[PID: 107 (klogd)]: family:1, type:1, protocol:0
[   15.201174] firmadyne: sys_socket[PID: 107 (klogd)]: family:1, type:2, protocol:0
[   15.203778] firmadyne: ioctl: 0xc0207223
[   15.204850] firmadyne: ioctl: 0xc0207223
[   15.205883] firmadyne: ioctl: 0xc0207223
[   15.206935] firmadyne: ioctl: 0xc0207223
[   15.212158] firmadyne: ioctl: 0xc0207223
[   15.213210] firmadyne: ioctl: 0xc0207223
[   15.214258] firmadyne: ioctl: 0xc0207223
[   15.215304] firmadyne: ioctl: 0xc0207223
[   15.216122] firmadyne: sys_socket[PID: 107 (klogd)]: family:1, type:1, protocol:0
[   15.217391] firmadyne: sys_socket[PID: 107 (klogd)]: family:1, type:2, protocol:0
[   15.224413] firmadyne: sys_socket[PID: 107 (klogd)]: family:1, type:1, protocol:0
[   15.225676] firmadyne: sys_socket[PID: 107 (klogd)]: family:1, type:2, protocol:0
[   15.228395] firmadyne: ioctl: 0xc0207223
[   15.229457] firmadyne: ioctl: 0xc0207223
[   15.230497] firmadyne: ioctl: 0xc0207223
[   15.236319] firmadyne: sys_socket[PID: 107 (klogd)]: family:1, type:1, protocol:0
[   15.237577] firmadyne: sys_socket[PID: 107 (klogd)]: family:1, type:2, protocol:0
[   15.239824] firmadyne: ioctl: 0xc0207223
[   15.240912] firmadyne: ioctl: 0xc0207223
[   15.241963] firmadyne: ioctl: 0xc0207223
[   15.243018] firmadyne: ioctl: 0xc0207223
[   15.248197] firmadyne: sys_socket[PID: 107 (klogd)]: family:1, type:1, protocol:0
[   15.249454] firmadyne: sys_socket[PID: 107 (klogd)]: family:1, type:2, protocol:0
[   15.252379] firmadyne: ioctl: 0xc0207223
[   15.253425] firmadyne: ioctl: 0xc0207223
[   15.254452] firmadyne: ioctl: 0xc0207223
[   15.260096] firmadyne: sys_socket[PID: 107 (klogd)]: family:1, type:1, protocol:0
[   15.261359] firmadyne: sys_socket[PID: 107 (klogd)]: family:1, type:2, protocol:0
[   15.263767] firmadyne: ioctl: 0xc0207223
[   15.264843] firmadyne: ioctl: 0xc0207223
[   15.265885] firmadyne: ioctl: 0xc0207223
[   15.266935] firmadyne: ioctl: 0xc0207223
[   15.271981] firmadyne: sys_socket[PID: 107 (klogd)]: family:1, type:1, protocol:0
[   15.273248] firmadyne: sys_socket[PID: 107 (klogd)]: family:1, type:2, protocol:0
[   15.276270] firmadyne: ioctl: 0xc0207223
[   15.277315] firmadyne: ioctl: 0xc0207223
[   15.278338] firmadyne: ioctl: 0xc0207223
[   15.279387] firmadyne: ioctl: 0xc0207223
[   15.287894] firmadyne: sys_socket[PID: 107 (klogd)]: family:1, type:1, protocol:0
[   15.289146] firmadyne: sys_socket[PID: 107 (klogd)]: family:1, type:2, protocol:0
[   15.292425] firmadyne: ioctl: 0xc0207223
[   15.293490] firmadyne: ioctl: 0xc0207223
[   15.294535] firmadyne: ioctl: 0xc0207223
[   15.299857] firmadyne: sys_socket[PID: 107 (klogd)]: family:1, type:1, protocol:0
[   15.301135] firmadyne: sys_socket[PID: 107 (klogd)]: family:1, type:2, protocol:0
[   15.303868] firmadyne: ioctl: 0xc0207223
[   15.304931] firmadyne: ioctl: 0xc0207223
[   15.305973] firmadyne: ioctl: 0xc0207223
[   15.307016] firmadyne: ioctl: 0xc0207223
[   15.311774] firmadyne: sys_socket[PID: 107 (klogd)]: family:1, type:1, protocol:0
[   15.313053] firmadyne: sys_socket[PID: 107 (klogd)]: family:1, type:2, protocol:0
[   15.315509] firmadyne: sys_socket[PID: 107 (klogd)]: family:1, type:1, protocol:0
[   15.317154] firmadyne: ioctl: 0xc0207223
[   15.318202] firmadyne: ioctl: 0xc0207223
[   15.319241] firmadyne: ioctl: 0xc0207223
[   15.320506] firmadyne: ioctl: 0xc0207223
[   15.321550] firmadyne: ioctl: 0xc0207223
[   15.322600] firmadyne: ioctl: 0xc0207223
[   15.328263] firmadyne: sys_socket[PID: 107 (klogd)]: family:1, type:2, protocol:0
[   15.330735] firmadyne: sys_socket[PID: 107 (klogd)]: family:1, type:1, protocol:0
[   15.332020] firmadyne: ioctl: 0xc0207223
[   15.333106] firmadyne: ioctl: 0xc0207223
[   15.334146] firmadyne: ioctl: 0xc0207223
[   15.335170] firmadyne: ioctl: 0xc0207223
[   15.340118] firmadyne: sys_socket[PID: 107 (klogd)]: family:1, type:2, protocol:0
[   15.342587] firmadyne: sys_socket[PID: 107 (klogd)]: family:1, type:1, protocol:0
[   15.344599] firmadyne: ioctl: 0xc0207223
[   15.345655] firmadyne: ioctl: 0xc0207223
[   15.346690] firmadyne: ioctl: 0xc0207223
[   15.351882] firmadyne: sys_socket[PID: 107 (klogd)]: family:1, type:2, protocol:0
[   15.354340] firmadyne: sys_socket[PID: 107 (klogd)]: family:1, type:1, protocol:0
[   15.356129] firmadyne: ioctl: 0xc0207223
[   15.357203] firmadyne: ioctl: 0xc0207223
[   15.358257] firmadyne: ioctl: 0xc0207223
[   15.359298] firmadyne: ioctl: 0xc0207223
[   15.363765] firmadyne: sys_socket[PID: 107 (klogd)]: family:1, type:2, protocol:0
[   15.366219] firmadyne: sys_socket[PID: 107 (klogd)]: family:1, type:1, protocol:0
[   15.367393] firmadyne: sys_socket[PID: 107 (klogd)]: family:1, type:2, protocol:0
[   15.372469] firmadyne: ioctl: 0xc0207223
[   15.373546] firmadyne: ioctl: 0xc0207223
[   15.374577] firmadyne: ioctl: 0xc0207223
[   15.377482] firmadyne: sys_socket[PID: 107 (klogd)]: family:1, type:1, protocol:0
[   15.378710] firmadyne: sys_socket[PID: 107 (klogd)]: family:1, type:2, protocol:0
[   15.383860] firmadyne: ioctl: 0xc0207223
[   15.384936] firmadyne: ioctl: 0xc0207223
[   15.385981] firmadyne: ioctl: 0xc0207223
[   15.387029] firmadyne: ioctl: 0xc0207223
[   15.389324] firmadyne: sys_socket[PID: 107 (klogd)]: family:1, type:1, protocol:0
[   15.390541] firmadyne: sys_socket[PID: 107 (klogd)]: family:1, type:2, protocol:0
[   15.396331] firmadyne: ioctl: 0xc0207223
[   15.397401] firmadyne: ioctl: 0xc0207223
[   15.398443] firmadyne: ioctl: 0xc0207223
[   15.405108] firmadyne: sys_socket[PID: 107 (klogd)]: family:1, type:1, protocol:0
[   15.406310] firmadyne: sys_socket[PID: 107 (klogd)]: family:1, type:2, protocol:0
[   15.407890] firmadyne: ioctl: 0xc0207223
[   15.408959] firmadyne: ioctl: 0xc0207223
[   15.410006] firmadyne: ioctl: 0xc0207223
[   15.411052] firmadyne: ioctl: 0xc0207223
[   15.416959] firmadyne: sys_socket[PID: 107 (klogd)]: family:1, type:1, protocol:0
[   15.418198] firmadyne: sys_socket[PID: 107 (klogd)]: family:1, type:2, protocol:0
[   15.420542] firmadyne: ioctl: 0xc0207223
[   15.421594] firmadyne: ioctl: 0xc0207223
[   15.422628] firmadyne: ioctl: 0xc0207223
[   15.425297] firmadyne: ioctl: 0xc0587200
[   15.428955] firmadyne: sys_socket[PID: 107 (klogd)]: family:1, type:1, protocol:0
[   15.430175] firmadyne: sys_socket[PID: 107 (klogd)]: family:1, type:2, protocol:0
[   15.432551] firmadyne: ioctl: 0xc0207223
[   15.433639] firmadyne: ioctl: 0xc0207223
[   15.434675] firmadyne: ioctl: 0xc0207223
[   15.440041] firmadyne: ioctl: 0xc0207223
[   15.441110] firmadyne: ioctl: 0xc0207223
[   15.442135] firmadyne: ioctl: 0xc0207223
[   15.443177] firmadyne: ioctl: 0xc0207223
[   15.456884] firmadyne: ioctl: 0xc0207223
[   15.458461] firmadyne: ioctl: 0xc0207223
[   15.460194] firmadyne: ioctl: 0xc0207223
[   15.461683] firmadyne: ioctl: 0xc0207223
[   15.463143] firmadyne: ioctl: 0xc0207223
[   15.464190] firmadyne: sys_socket[PID: 107 (klogd)]: family:1, type:1, protocol:0
[   15.465453] firmadyne: sys_socket[PID: 107 (klogd)]: family:1, type:2, protocol:0
[   15.468860] firmadyne: ioctl: 0xc0207223
[   15.470335] firmadyne: ioctl: 0xc0207223
[   15.472231] firmadyne: sys_socket[PID: 107 (klogd)]: family:1, type:1, protocol:0
[   15.473487] firmadyne: sys_socket[PID: 107 (klogd)]: family:1, type:2, protocol:0
[   15.476096] firmadyne: ioctl: 0xc0207223
[   15.477561] firmadyne: ioctl: 0xc0207223
[   15.479002] firmadyne: ioctl: 0xc0207223
[   15.480178] firmadyne: sys_socket[PID: 107 (klogd)]: family:1, type:1, protocol:0
[   15.481438] firmadyne: sys_socket[PID: 107 (klogd)]: family:1, type:2, protocol:0
[   15.484794] firmadyne: ioctl: 0xc0207223
[   15.486246] firmadyne: ioctl: 0xc0207223
[   15.488333] firmadyne: sys_socket[PID: 107 (klogd)]: family:1, type:1, protocol:0
[   15.489558] firmadyne: sys_socket[PID: 107 (klogd)]: family:1, type:2, protocol:0
[   15.491880] firmadyne: ioctl: 0xc0207223
[   15.493416] firmadyne: ioctl: 0xc0207223
[   15.494876] firmadyne: ioctl: 0xc0207223
[   15.496285] firmadyne: sys_socket[PID: 107 (klogd)]: family:1, type:1, protocol:0
[   15.497526] firmadyne: sys_socket[PID: 107 (klogd)]: family:1, type:2, protocol:0
[   15.500662] firmadyne: ioctl: 0xc0207223
[   15.502140] firmadyne: ioctl: 0xc0207223
[   15.504337] firmadyne: sys_socket[PID: 107 (klogd)]: family:1, type:1, protocol:0
[   15.505615] firmadyne: sys_socket[PID: 107 (klogd)]: family:1, type:2, protocol:0
[   15.507881] firmadyne: ioctl: 0xc0207223
[   15.509389] firmadyne: ioctl: 0xc0207223
[   15.510844] firmadyne: ioctl: 0xc0207223
[   15.512397] firmadyne: sys_socket[PID: 107 (klogd)]: family:1, type:1, protocol:0
[   15.513677] firmadyne: sys_socket[PID: 107 (klogd)]: family:1, type:2, protocol:0
[   15.516629] firmadyne: ioctl: 0xc0207223
[   15.518073] firmadyne: ioctl: 0xc0207223
[   15.520468] firmadyne: sys_socket[PID: 107 (klogd)]: family:1, type:1, protocol:0
[   15.521728] firmadyne: sys_socket[PID: 107 (klogd)]: family:1, type:2, protocol:0
[   15.523795] firmadyne: ioctl: 0xc0207223
[   15.525328] firmadyne: ioctl: 0xc0207223
[   15.526797] firmadyne: ioctl: 0xc0207223
[   15.528413] firmadyne: sys_socket[PID: 107 (klogd)]: family:1, type:1, protocol:0
[   15.529664] firmadyne: sys_socket[PID: 107 (klogd)]: family:1, type:2, protocol:0
[   15.532599] firmadyne: ioctl: 0xc0207223
[   15.534072] firmadyne: ioctl: 0xc0207223
[   15.536430] firmadyne: sys_socket[PID: 107 (klogd)]: family:1, type:1, protocol:0
[   15.537691] firmadyne: sys_socket[PID: 107 (klogd)]: family:1, type:2, protocol:0
[   15.539797] firmadyne: ioctl: 0xc0207223
[   15.541308] firmadyne: ioctl: 0xc0207223
[   15.542770] firmadyne: ioctl: 0xc0207223
[   15.544418] firmadyne: sys_socket[PID: 107 (klogd)]: family:1, type:1, protocol:0
[   15.545676] firmadyne: sys_socket[PID: 107 (klogd)]: family:1, type:2, protocol:0
[   15.548579] firmadyne: ioctl: 0xc0207223
[   15.550047] firmadyne: ioctl: 0xc0207223
[   15.552571] firmadyne: sys_socket[PID: 107 (klogd)]: family:1, type:1, protocol:0
[   15.553846] firmadyne: sys_socket[PID: 107 (klogd)]: family:1, type:2, protocol:0
[   15.555779] firmadyne: ioctl: 0xc0207223
[   15.557294] firmadyne: ioctl: 0xc0207223
[   15.558768] firmadyne: ioctl: 0xc0207223
[   15.561430] firmadyne: sys_socket[PID: 107 (klogd)]: family:1, type:1, protocol:0
[   15.562692] firmadyne: sys_socket[PID: 107 (klogd)]: family:1, type:2, protocol:0
[   15.572805] firmadyne: ioctl: 0xc0207223
[   15.574261] firmadyne: ioctl: 0xc0207223
[   15.577566] firmadyne: sys_socket[PID: 107 (klogd)]: family:1, type:1, protocol:0
[   15.578763] firmadyne: sys_socket[PID: 107 (klogd)]: family:1, type:2, protocol:0
[   15.583876] firmadyne: ioctl: 0xc0207223
[   15.585394] firmadyne: ioctl: 0xc0207223
[   15.586888] firmadyne: ioctl: 0xc0207223
[   15.589485] firmadyne: sys_socket[PID: 107 (klogd)]: family:1, type:1, protocol:0
[   15.590723] firmadyne: sys_socket[PID: 107 (klogd)]: family:1, type:2, protocol:0
[   15.596911] firmadyne: ioctl: 0xc0207223
[   15.598387] firmadyne: ioctl: 0xc0207223
[   15.601371] firmadyne: sys_socket[PID: 107 (klogd)]: family:1, type:1, protocol:0
[   15.602616] firmadyne: sys_socket[PID: 107 (klogd)]: family:1, type:2, protocol:0
[   15.610658] firmadyne: ioctl: 0xc0207223
[   15.612355] firmadyne: ioctl: 0xc0207223
[   15.613827] firmadyne: ioctl: 0xc0207223
[   15.615272] firmadyne: ioctl: 0xc0207223
[   15.617660] firmadyne: sys_socket[PID: 107 (klogd)]: family:1, type:1, protocol:0
[   15.618866] firmadyne: sys_socket[PID: 107 (klogd)]: family:1, type:2, protocol:0
[   15.625771] firmadyne: sys_socket[PID: 107 (klogd)]: family:1, type:1, protocol:0
[   15.626975] firmadyne: sys_socket[PID: 107 (klogd)]: family:1, type:2, protocol:0
[   15.629169] firmadyne: ioctl: 0xc0207223
[   15.630644] firmadyne: ioctl: 0xc0207223
[   15.637650] firmadyne: sys_socket[PID: 107 (klogd)]: family:1, type:1, protocol:0
[   15.638871] firmadyne: sys_socket[PID: 107 (klogd)]: family:1, type:2, protocol:0
[   15.640654] firmadyne: ioctl: 0xc0207223
[   15.642136] firmadyne: ioctl: 0xc0207223
[   15.649606] firmadyne: sys_socket[PID: 107 (klogd)]: family:1, type:1, protocol:0
[   15.650839] firmadyne: sys_socket[PID: 107 (klogd)]: family:1, type:2, protocol:0
[   15.652061] firmadyne: ioctl: 0xc0207223
[   15.653604] firmadyne: ioctl: 0xc0207223
[   15.655042] firmadyne: ioctl: 0xc0207223
[   15.660817] firmadyne: ioctl: 0xc0207223
[   15.662259] firmadyne: ioctl: 0xc0207223
[   15.665787] firmadyne: sys_socket[PID: 107 (klogd)]: family:1, type:1, protocol:0
[   15.667014] firmadyne: sys_socket[PID: 107 (klogd)]: family:1, type:2, protocol:0
[   15.671855] firmadyne: ioctl: 0xc0207223
[   15.673373] firmadyne: ioctl: 0xc0207223
[   15.674830] firmadyne: ioctl: 0xc0207223
[   15.677563] firmadyne: sys_socket[PID: 107 (klogd)]: family:1, type:1, protocol:0
[   15.678795] firmadyne: sys_socket[PID: 107 (klogd)]: family:1, type:2, protocol:0
[   15.684596] firmadyne: ioctl: 0xc0207223
[   15.686058] firmadyne: ioctl: 0xc0207223
[   15.689477] firmadyne: sys_socket[PID: 107 (klogd)]: family:1, type:1, protocol:0
[   15.690708] firmadyne: sys_socket[PID: 107 (klogd)]: family:1, type:2, protocol:0
[   15.695718] firmadyne: ioctl: 0xc0207223
[   15.697259] firmadyne: ioctl: 0xc0207223
[   15.698714] firmadyne: ioctl: 0xc0207223
[   15.701389] firmadyne: sys_socket[PID: 107 (klogd)]: family:1, type:1, protocol:0
[   15.702574] firmadyne: sys_socket[PID: 107 (klogd)]: family:1, type:2, protocol:0
[   15.708519] firmadyne: ioctl: 0xc0207223
[   15.709981] firmadyne: ioctl: 0xc0207223
[   15.711617] firmadyne: ioctl: 0xc0207223
[   15.713625] firmadyne: sys_socket[PID: 107 (klogd)]: family:1, type:1, protocol:0
[   15.714825] firmadyne: sys_socket[PID: 107 (klogd)]: family:1, type:2, protocol:0
[   15.727018] firmadyne: sys_socket[PID: 107 (klogd)]: family:1, type:1, protocol:0
[   15.729225] firmadyne: ioctl: 0xc0207223
[   15.730694] firmadyne: ioctl: 0xc0207223
Warning: Bad CRC, using default environment
[   15.736301] firmadyne: sys_socket[PID: 107 (klogd)]: family:1, type:2, protocol:0
[   15.738851] firmadyne: sys_socket[PID: 107 (klogd)]: family:1, type:1, protocol:0
[   15.740705] firmadyne: ioctl: 0xc0207223
[   15.742185] firmadyne: ioctl: 0xc0207223
[   15.752658] firmadyne: sys_socket[PID: 107 (klogd)]: family:1, type:2, protocol:0
[   15.755204] firmadyne: sys_socket[PID: 107 (klogd)]: family:1, type:1, protocol:0
[   15.756494] firmadyne: ioctl: 0xc0207223
[   15.757995] firmadyne: ioctl: 0xc0207223
[   15.759671] firmadyne: ioctl: 0xc0207223
[   15.776368] firmadyne: sys_socket[PID: 107 (klogd)]: family:1, type:2, protocol:0
[   15.778861] firmadyne: sys_socket[PID: 107 (klogd)]: family:1, type:1, protocol:0
[   15.781066] firmadyne: ioctl: 0xc0207223
[   15.782556] firmadyne: ioctl: 0xc0207223
[   15.786386] firmadyne: sys_socket[PID: 107 (klogd)]: family:1, type:2, protocol:0
[   15.790507] firmadyne: ioctl: 0xc0207223
[   15.797465] firmadyne: sys_socket[PID: 107 (klogd)]: family:1, type:1, protocol:0
[   15.798691] firmadyne: sys_socket[PID: 107 (klogd)]: family:1, type:2, protocol:0
[   15.803062] firmadyne: ioctl: 0xc0207223
[   15.804719] firmadyne: ioctl: 0xc0207223
[   15.806174] firmadyne: ioctl: 0xc0207223
[   15.817492] firmadyne: sys_socket[PID: 107 (klogd)]: family:1, type:1, protocol:0
[   15.818700] firmadyne: sys_socket[PID: 107 (klogd)]: family:1, type:2, protocol:0
[   15.823863] firmadyne: ioctl: 0xc0207223
[   15.825407] firmadyne: ioctl: 0xc0207223
[   15.826855] firmadyne: ioctl: 0xc0207223
[   15.833461] firmadyne: sys_socket[PID: 107 (klogd)]: family:1, type:1, protocol:0
[   15.834651] firmadyne: sys_socket[PID: 107 (klogd)]: family:1, type:2, protocol:0
[   15.840744] firmadyne: ioctl: 0xc0207223
[   15.842201] firmadyne: ioctl: 0xc0207223
[   15.853695] firmadyne: sys_socket[PID: 107 (klogd)]: family:1, type:1, protocol:0
[   15.854910] firmadyne: sys_socket[PID: 107 (klogd)]: family:1, type:2, protocol:0
[   15.856121] firmadyne: ioctl: 0xc0207223
[   15.857658] firmadyne: ioctl: 0xc0207223
[   15.859089] firmadyne: ioctl: 0xc0207223
[   15.870378] firmadyne: sys_socket[PID: 107 (klogd)]: family:1, type:1, protocol:0
[   15.873007] firmadyne: ioctl: 0xc0207223
[   15.874466] firmadyne: ioctl: 0xc0207223
[   15.878013] firmadyne: sys_socket[PID: 107 (klogd)]: family:1, type:2, protocol:0
[   15.888668] firmadyne: sys_socket[PID: 107 (klogd)]: family:1, type:1, protocol:0
[   15.889926] firmadyne: sys_socket[PID: 107 (klogd)]: family:1, type:2, protocol:0
[   15.892266] firmadyne: ioctl: 0xc0207223
[   15.893740] firmadyne: ioctl: 0xc0207223
[   15.895191] firmadyne: ioctl: 0xc0207223
[   15.904636] firmadyne: sys_socket[PID: 107 (klogd)]: family:1, type:1, protocol:0
[   15.905918] firmadyne: sys_socket[PID: 107 (klogd)]: family:1, type:2, protocol:0
[   15.908863] firmadyne: ioctl: 0xc0207223
[   15.910308] firmadyne: ioctl: 0xc0207223
[   15.920627] firmadyne: sys_socket[PID: 107 (klogd)]: family:1, type:1, protocol:0
[   15.921881] firmadyne: sys_socket[PID: 107 (klogd)]: family:1, type:2, protocol:0
[   15.923902] firmadyne: ioctl: 0xc0207223
[   15.925413] firmadyne: ioctl: 0xc0207223
[   15.926886] firmadyne: ioctl: 0xc0207223
[   15.940662] firmadyne: sys_socket[PID: 107 (klogd)]: family:1, type:1, protocol:0
[   15.941930] firmadyne: sys_socket[PID: 107 (klogd)]: family:1, type:2, protocol:0
[   15.944671] firmadyne: ioctl: 0xc0207223
[   15.946123] firmadyne: ioctl: 0xc0207223
[   15.952688] firmadyne: sys_socket[PID: 107 (klogd)]: family:1, type:1, protocol:0
[   15.953955] firmadyne: sys_socket[PID: 107 (klogd)]: family:1, type:2, protocol:0
[   15.960702] firmadyne: ioctl: 0xc0207223
[   15.962239] firmadyne: ioctl: 0xc0207223
[   15.967840] firmadyne: ioctl: 0xc0207223
[   15.969359] firmadyne: ioctl: 0xc0207223
[   15.970791] firmadyne: ioctl: 0xc0207223
[   15.972728] firmadyne: sys_socket[PID: 107 (klogd)]: family:1, type:1, protocol:0
[   15.973964] firmadyne: sys_socket[PID: 107 (klogd)]: family:1, type:2, protocol:0
[   15.984555] firmadyne: ioctl: 0xc0207223
[   15.986050] firmadyne: ioctl: 0xc0207223
[   15.988618] firmadyne: sys_socket[PID: 107 (klogd)]: family:1, type:1, protocol:0
[   15.989899] firmadyne: sys_socket[PID: 107 (klogd)]: family:1, type:2, protocol:0
[   15.995459] firmadyne: sys_socket[PID: 114 (oamd)]: family:16, type:3, protocol:2
[   15.999730] firmadyne: ioctl: 0xc0207223
[   16.001273] firmadyne: ioctl: 0xc0207223
[   16.002735] firmadyne: ioctl: 0xc0207223
[   16.004635] firmadyne: sys_socket[PID: 107 (klogd)]: family:1, type:1, protocol:0
[   16.005898] firmadyne: sys_socket[PID: 107 (klogd)]: family:1, type:2, protocol:0
[   16.016541] firmadyne: ioctl: 0xc0207223
[   16.018016] firmadyne: ioctl: 0xc0207223
[   16.019623] firmadyne: ioctl: 0xc0207223
[   16.021182] firmadyne: sys_socket[PID: 107 (klogd)]: family:1, type:1, protocol:0
[   16.022453] firmadyne: sys_socket[PID: 107 (klogd)]: family:1, type:2, protocol:0
[   16.033144] firmadyne: sys_socket[PID: 107 (klogd)]: family:1, type:1, protocol:0
[   16.034361] firmadyne: sys_socket[PID: 107 (klogd)]: family:1, type:2, protocol:0
[   16.036985] firmadyne: ioctl: 0xc0207223
[   16.038439] firmadyne: ioctl: 0xc0207223
nvram_init: Initializing NVRAM...
sem_get: Key: [   16.045093] firmadyne: sys_socket[PID: 107 (klogd)]: family:1, type:1, protocol:0
[   16.046299] firmadyne: sys_socket[PID: 107 (klogd)]: family:1, type:2, protocol:0
[   16.048365] firmadyne: ioctl: 0xc0207223
[   16.049858] firmadyne: ioctl: 0xc0207223
[   16.051319] firmadyne: ioctl: 0xc0207223
4101e004
[   16.058478] firmadyne: sys_socket[PID: 107 (klogd)]: family:1, type:1, protocol:0
[   16.060946] firmadyne: ioctl: 0xc0207223
[   16.062397] firmadyne: ioctl: 0xc0207223
[   16.063929] firmadyne: sys_socket[PID: 107 (klogd)]: family:1, type:2, protocol:0
[   16.066426] firmadyne: sys_socket[PID: 107 (klogd)]: family:1, type:1, protocol:0
sem_get: Key: 4111026c
nvram_set_default_builtin[   16.072470] firmadyne: ioctl: 0xc0207223
[   16.073962] firmadyne: ioctl: 0xc0207223
[   16.075417] firmadyne: ioctl: 0xc0207223
[   16.076281] firmadyne: sys_socket[PID: 107 (klogd)]: family:1, type:2, protocol:0
[   16.078818] firmadyne: sys_socket[PID: 107 (klogd)]: family:1, type:1, protocol:0
: Setting built-in default values!
nvram_set: console_loglevel[   16.084979] firmadyne: ioctl: 0xc0207223
[   16.086417] firmadyne: ioctl: 0xc0207223
[   16.088222] firmadyne: sys_socket[PID: 107 (klogd)]: family:1, type:2, protocol:0
[   16.090779] firmadyne: sys_socket[PID: 107 (klogd)]: family:1, type:1, protocol:0
 = "7"
sem_get: Key: 4111026c
[   16.096500] firmadyne: ioctl: 0xc0207223
[   16.097949] firmadyne: ioctl: 0xc0207223
[   16.099408] firmadyne: ioctl: 0xc0207223
[   16.100668] firmadyne: sys_socket[PID: 107 (klogd)]: family:1, type:2, protocol:0
[   16.103177] firmadyne: sys_socket[PID: 107 (klogd)]: family:1, type:1, protocol:0
sem_get: Key: 4111026c
[   16.108778] firmadyne: ioctl: 0xc0207223
[   16.110231] firmadyne: ioctl: 0xc0207223
[   16.112403] firmadyne: sys_socket[PID: 107 (klogd)]: family:1, type:2, protocol:0
[   16.114864] firmadyne: sys_socket[PID: 107 (klogd)]: family:1, type:1, protocol:0
nvram_set: restore_defaults = "1"
sem_get: Key: 4111026c
[   16.120043] firmadyne: ioctl: 0xc0207223
[   16.121583] firmadyne: ioctl: 0xc0207223
[   16.123005] firmadyne: ioctl: 0xc0207223
[   16.124317] firmadyne: sys_socket[PID: 107 (klogd)]: family:1, type:2, protocol:0
[   16.126758] firmadyne: sys_socket[PID: 107 (klogd)]: family:1, type:1, protocol:0
sem_get: Key: 4111026c
[   16.132708] firmadyne: ioctl: 0xc0207223
[   16.134179] firmadyne: ioctl: 0xc0207223
[   16.136342] firmadyne: sys_socket[PID: 107 (klogd)]: family:1, type:2, protocol:0
[   16.138845] firmadyne: sys_socket[PID: 107 (klogd)]: family:1, type:1, protocol:0
nvram_set: sku_name = ""
sem_get: Key: 4111026c
[   16.143821] firmadyne: ioctl: 0xc0207223
[   16.145338] firmadyne: ioctl: 0xc0207223
[   16.146807] firmadyne: ioctl: 0xc0207223
[   16.148229] firmadyne: sys_socket[PID: 107 (klogd)]: family:1, type:2, protocol:0
[   16.150775] firmadyne: sys_socket[PID: 107 (klogd)]: family:1, type:1, protocol:0
sem_get: Key: 4111026c
nvram_set: [   16.156618] firmadyne: ioctl: 0xc0207223
[   16.158090] firmadyne: ioctl: 0xc0207223
[   16.161214] firmadyne: sys_socket[PID: 107 (klogd)]: family:1, type:2, protocol:0
wla_wlanstate = ""
sem_get: Key: 4111026c
sem_get: Key: [   16.167780] firmadyne: ioctl: 0xc0207223
[   16.169316] firmadyne: ioctl: 0xc0207223
[   16.170781] firmadyne: ioctl: 0xc0207223
[   16.172107] firmadyne: sys_socket[PID: 107 (klogd)]: family:1, type:1, protocol:0
[   16.173365] firmadyne: sys_socket[PID: 107 (klogd)]: family:1, type:2, protocol:0
4111026c
nvram_set: lan_if = "br0[   16.180549] firmadyne: ioctl: 0xc0207223
[   16.182004] firmadyne: ioctl: 0xc0207223
[   16.183632] firmadyne: ioctl: 0xc0207223
[   16.184524] firmadyne: sys_socket[PID: 107 (klogd)]: family:1, type:1, protocol:0
[   16.185799] firmadyne: sys_socket[PID: 107 (klogd)]: family:1, type:2, protocol:0
"
sem_get: Key: 4111026c
sem_get: Key: 4111026c
[   16.192724] firmadyne: sys_socket[PID: 107 (klogd)]: family:1, type:1, protocol:0
[   16.193991] firmadyne: sys_socket[PID: 107 (klogd)]: family:1, type:2, protocol:0
[   16.196934] firmadyne: ioctl: 0xc0207223
[   16.198402] firmadyne: ioctl: 0xc0207223
nvram_set: lan_ipaddr = "192.168.0.50"
[   16.204602] firmadyne: sys_socket[PID: 107 (klogd)]: family:1, type:1, protocol:0
[   16.205845] firmadyne: sys_socket[PID: 107 (klogd)]: family:1, type:2, protocol:0
[   16.208181] firmadyne: ioctl: 0xc0207223
[   16.209653] firmadyne: ioctl: 0xc0207223
[   16.211096] firmadyne: ioctl: 0xc0207223
sem_get: Key: 4111026c
sem_get: Key: 4111026c
[   16.216553] firmadyne: sys_socket[PID: 107 (klogd)]: family:1, type:1, protocol:0
[   16.217805] firmadyne: sys_socket[PID: 107 (klogd)]: family:1, type:2, protocol:0
[   16.220811] firmadyne: ioctl: 0xc0207223
[   16.222288] firmadyne: ioctl: 0xc0207223
nvram_set: lan_bipaddr = "192.168.0.255"
[   16.228552] firmadyne: sys_socket[PID: 107 (klogd)]: family:1, type:1, protocol:0
[   16.229804] firmadyne: sys_socket[PID: 107 (klogd)]: family:1, type:2, protocol:0
[   16.231878] firmadyne: ioctl: 0xc0207223
[   16.233382] firmadyne: ioctl: 0xc0207223
[   16.234815] firmadyne: ioctl: 0xc0207223
sem_get: Key: 4111026c
sem_get: Key: 4111026c
[   16.240525] firmadyne: sys_socket[PID: 107 (klogd)]: family:1, type:1, protocol:0
[   16.241802] firmadyne: sys_socket[PID: 107 (klogd)]: family:1, type:2, protocol:0
[   16.244620] firmadyne: ioctl: 0xc0207223
[   16.246098] firmadyne: ioctl: 0xc0207223
nvram_set: lan_netmask = "255.255.255.0"
sem_get: Key: [   16.252689] firmadyne: sys_socket[PID: 107 (klogd)]: family:1, type:1, protocol:0
[   16.253952] firmadyne: sys_socket[PID: 107 (klogd)]: family:1, type:2, protocol:0
[   16.255868] firmadyne: ioctl: 0xc0207223
[   16.257368] firmadyne: ioctl: 0xc0207223
[   16.258826] firmadyne: ioctl: 0xc0207223
4111026c
sem_get: Key: 4111026c
[   16.264639] firmadyne: sys_socket[PID: 107 (klogd)]: family:1, type:1, protocol:0
[   16.265896] firmadyne: sys_socket[PID: 107 (klogd)]: family:1, type:2, protocol:0
[   16.268621] firmadyne: ioctl: 0xc0207223
[   16.270101] firmadyne: ioctl: 0xc0207223
nvram_set: time_zone = "PST8PDT"
sem_get: Key: 4111026c[   16.276732] firmadyne: sys_socket[PID: 107 (klogd)]: family:1, type:1, protocol:0
[   16.277969] firmadyne: sys_socket[PID: 107 (klogd)]: family:1, type:2, protocol:0
[   16.279882] firmadyne: ioctl: 0xc0207223
[   16.281380] firmadyne: ioctl: 0xc0207223
[   16.282834] firmadyne: ioctl: 0xc0207223

sem_get: Key: 4111026c
[   16.288730] firmadyne: sys_socket[PID: 107 (klogd)]: family:1, type:1, protocol:0
[   16.289991] firmadyne: sys_socket[PID: 107 (klogd)]: family:1, type:2, protocol:0
[   16.292801] firmadyne: ioctl: 0xc0207223
[   16.294289] firmadyne: ioctl: 0xc0207223
nvram_set: wan_hwaddr_def = "01:23:45:67:89:ab"
sem_get: Key: 4111026c
[   16.310795] firmadyne: ioctl: 0xc0207223
[   16.312477] firmadyne: ioctl: 0xc0207223
[   16.313940] firmadyne: ioctl: 0xc0207223
[   16.315422] firmadyne: ioctl: 0xc0207223
[   16.316153] cfg80211: Calling CRDA to update world regulatory domain
sem_get: Key: 4111026c
nvram_set: wan_ifname = "eth0"
[   16.324792] firmadyne: ioctl: 0xc0207223
[   16.326276] firmadyne: ioctl: 0xc0207223
sem_get: Key: 4111026c
sem_get: Key: 4111026c
[   16.331927] firmadyne: ioctl: 0xc0207223
[   16.333458] firmadyne: ioctl: 0xc0207223
[   16.334919] firmadyne: ioctl: 0xc0207223
[   16.336017] firmadyne: sys_socket[PID: 107 (klogd)]: family:1, type:1, protocol:0
[   16.337310] firmadyne: sys_socket[PID: 107 (klogd)]: family:1, type:2, protocol:0
nvram_set: lan_ifnames = "eth1 eth2 eth3 eth4"
[   16.344672] firmadyne: ioctl: 0xc0207223
[   16.346168] firmadyne: ioctl: 0xc0207223
[   16.348120] firmadyne: sys_socket[PID: 107 (klogd)]: family:1, type:1, protocol:0
[   16.349379] firmadyne: sys_socket[PID: 107 (klogd)]: family:1, type:2, protocol:0
sem_get: Key: 4111026c
sem_get: Key: 4111026c
[   16.355848] firmadyne: ioctl: 0xc0207223
[   16.357375] firmadyne: ioctl: 0xc0207223
[   16.358842] firmadyne: ioctl: 0xc0207223
[   16.360932] firmadyne: sys_socket[PID: 107 (klogd)]: family:1, type:1, protocol:0
[   16.362212] firmadyne: sys_socket[PID: 107 (klogd)]: family:1, type:2, protocol:0
nvram_set: ethConver = "1"
sem_get[   16.368882] firmadyne: sys_socket[PID: 107 (klogd)]: family:1, type:1, protocol:0
[   16.370132] firmadyne: sys_socket[PID: 107 (klogd)]: family:1, type:2, protocol:0
[   16.372841] firmadyne: ioctl: 0xc0207223
[   16.374323] firmadyne: ioctl: 0xc0207223
: Key: 4111026c
sem_get: Key: 4111026c
[   16.380078] firmadyne: ioctl: 0xc0207223
[   16.381545] firmadyne: ioctl: 0xc0207223
[   16.383007] firmadyne: ioctl: 0xc0207223
[   16.384887] firmadyne: sys_socket[PID: 107 (klogd)]: family:1, type:1, protocol:0
[   16.386134] firmadyne: sys_socket[PID: 107 (klogd)]: family:1, type:2, protocol:0
nvram_set: lan_proto = "dhcp"
sem_get: Key: [   16.392849] firmadyne: ioctl: 0xc0207223
[   16.394327] firmadyne: ioctl: 0xc0207223
[   16.397136] firmadyne: sys_socket[PID: 107 (klogd)]: family:1, type:1, protocol:0
[   16.398379] firmadyne: sys_socket[PID: 107 (klogd)]: family:1, type:2, protocol:0
4111026c
sem_get: Key: 4111026c
[   16.405123] firmadyne: sys_socket[PID: 107 (klogd)]: family:1, type:1, protocol:0
[   16.406346] firmadyne: sys_socket[PID: 107 (klogd)]: family:1, type:2, protocol:0
[   16.407964] firmadyne: ioctl: 0xc0207223
[   16.409462] firmadyne: ioctl: 0xc0207223
[   16.410904] firmadyne: ioctl: 0xc0207223
nvram_set: wan_ipaddr = "0.0.0.0"
sem_get: Key: 4111026c
[   16.417340] firmadyne: sys_socket[PID: 107 (klogd)]: family:1, type:1, protocol:0
[   16.418570] firmadyne: sys_socket[PID: 107 (klogd)]: family:1, type:2, protocol:0
[   16.420970] firmadyne: ioctl: 0xc0207223
[   16.422450] firmadyne: ioctl: 0xc0207223
sem_get: Key: 4111026c
[   16.428205] firmadyne: ioctl: 0xc0207223
[   16.429703] firmadyne: ioctl: 0xc0207223
[   16.431159] firmadyne: ioctl: 0xc0207223
[   16.433368] firmadyne: sys_socket[PID: 107 (klogd)]: family:1, type:1, protocol:0
[   16.434580] firmadyne: sys_socket[PID: 107 (klogd)]: family:1, type:2, protocol:0
nvram_set: wan_netmask = "255.255.255.0"
sem_get: Key: 4111026c
[   16.441409] firmadyne: sys_socket[PID: 107 (klogd)]: family:1, type:1, protocol:0
[   16.442636] firmadyne: sys_socket[PID: 107 (klogd)]: family:1, type:2, protocol:0
[   16.444912] firmadyne: ioctl: 0xc0207223
[   16.446371] firmadyne: ioctl: 0xc0207223
sem_get: Key: 4111026c
[   16.453388] firmadyne: sys_socket[PID: 107 (klogd)]: family:1, type:1, protocol:0
[   16.454612] firmadyne: sys_socket[PID: 107 (klogd)]: family:1, type:2, protocol:0
[   16.456266] firmadyne: ioctl: 0xc0207223
[   16.457755] firmadyne: ioctl: 0xc0207223
[   16.459224] firmadyne: ioctl: 0xc0207223
nvram_set: wanif = "eth0"
sem_get: Key: 4111026c
[   16.465430] firmadyne: sys_socket[PID: 107 (klogd)]: family:1, type:1, protocol:0
[   16.466668] firmadyne: sys_socket[PID: 107 (klogd)]: family:1, type:2, protocol:0
[   16.468951] firmadyne: ioctl: 0xc0207223
[   16.470441] firmadyne: ioctl: 0xc0207223
sem_get: Key: 4111026c
nvram_set[   16.477689] firmadyne: sys_socket[PID: 107 (klogd)]: family:1, type:1, protocol:0
[   16.478910] firmadyne: sys_socket[PID: 107 (klogd)]: family:1, type:2, protocol:0
[   16.480503] firmadyne: ioctl: 0xc0207223
[   16.482008] firmadyne: ioctl: 0xc0207223
: time_zone_x = "0"
sem_get: Key: 4111026c
[   16.487761] firmadyne: ioctl: 0xc0207223
[   16.489268] firmadyne: ioctl: 0xc0207223
[   16.490711] firmadyne: ioctl: 0xc0207223
[   16.493576] firmadyne: sys_socket[PID: 107 (klogd)]: family:1, type:1, protocol:0
[   16.494810] firmadyne: sys_socket[PID: 107 (klogd)]: family:1, type:2, protocol:0
sem_get: Key: 4111026c
nvram_set: [   16.500456] firmadyne: ioctl: 0xc0207223
[   16.501950] firmadyne: ioctl: 0xc0207223
[   16.503414] firmadyne: ioctl: 0xc0207223
[   16.505983] firmadyne: sys_socket[PID: 107 (klogd)]: family:1, type:1, protocol:0
[   16.507225] firmadyne: sys_socket[PID: 107 (klogd)]: family:1, type:2, protocol:0
rip_multicast = "0"
sem_get: Key: 4111026c
[   16.513552] firmadyne: sys_socket[PID: 107 (klogd)]: family:1, type:1, protocol:0
[   16.514762] firmadyne: sys_socket[PID: 107 (klogd)]: family:1, type:2, protocol:0
[   16.516937] firmadyne: ioctl: 0xc0207223
[   16.518410] firmadyne: ioctl: 0xc0207223
sem_get: Key: 4111026c
nvram_set: [   16.525766] firmadyne: sys_socket[PID: 107 (klogd)]: family:1, type:1, protocol:0
[   16.526994] firmadyne: sys_socket[PID: 107 (klogd)]: family:1, type:2, protocol:0
[   16.528552] firmadyne: ioctl: 0xc0207223
[   16.530042] firmadyne: ioctl: 0xc0207223
bs_trustedip_enable = "0"
sem_get: Key: 4111026c
[   16.535759] firmadyne: ioctl: 0xc0207223
[   16.537287] firmadyne: ioctl: 0xc0207223
[   16.538735] firmadyne: ioctl: 0xc0207223
[   16.541497] firmadyne: sys_socket[PID: 107 (klogd)]: family:1, type:1, protocol:0
[   16.542698] firmadyne: sys_socket[PID: 107 (klogd)]: family:1, type:2, protocol:0
sem_get: Key: 4111026c
nvram_set: et0macaddr[   16.548693] firmadyne: ioctl: 0xc0207223
[   16.550167] firmadyne: ioctl: 0xc0207223
[   16.553516] firmadyne: sys_socket[PID: 107 (klogd)]: family:1, type:1, protocol:0
[   16.554735] firmadyne: sys_socket[PID: 107 (klogd)]: family:1, type:2, protocol:0
 = "01:23:45:67:89:ab"
sem_get: Key: 4111026c
sem_get[   16.560775] firmadyne: ioctl: 0xc0207223
[   16.562293] firmadyne: ioctl: 0xc0207223
[   16.565790] firmadyne: sys_socket[PID: 107 (klogd)]: family:1, type:1, protocol:0
[   16.567026] firmadyne: sys_socket[PID: 107 (klogd)]: family:1, type:2, protocol:0
: Key: 4111026c
nvram_set: filter_rule_tbl[   16.571910] firmadyne: ioctl: 0xc0207223
[   16.573406] firmadyne: ioctl: 0xc0207223
[   16.574861] firmadyne: ioctl: 0xc0207223
[   16.577477] firmadyne: sys_socket[PID: 107 (klogd)]: family:1, type:1, protocol:0
[   16.578710] firmadyne: sys_socket[PID: 107 (klogd)]: family:1, type:2, protocol:0
 = ""
sem_get: Key: 4111026c
sem_get: Key: 4111026c[   16.584907] firmadyne: ioctl: 0xc0207223
[   16.586382] firmadyne: ioctl: 0xc0207223
[   16.589385] firmadyne: sys_socket[PID: 107 (klogd)]: family:1, type:1, protocol:0
[   16.590591] firmadyne: sys_socket[PID: 107 (klogd)]: family:1, type:2, protocol:0

nvram_set: pppoe2_schedule_config = "127:0:0:23:59"
[   16.596390] firmadyne: ioctl: 0xc0207223
[   16.597876] firmadyne: ioctl: 0xc0207223
[   16.599328] firmadyne: ioctl: 0xc0207223
[   16.601773] firmadyne: sys_socket[PID: 107 (klogd)]: family:1, type:1, protocol:0
[   16.603012] firmadyne: sys_socket[PID: 107 (klogd)]: family:1, type:2, protocol:0
sem_get: Key: 4111026c
sem_get: Key: 4111026c
[   16.609072] firmadyne: ioctl: 0xc0207223
[   16.610567] firmadyne: ioctl: 0xc0207223
[   16.614212] firmadyne: sys_socket[PID: 107 (klogd)]: family:1, type:1, protocol:0
[   16.615434] firmadyne: sys_socket[PID: 107 (klogd)]: family:1, type:2, protocol:0
nvram_set: schedule_config = "127:0:0:23:59[   16.620529] firmadyne: ioctl: 0xc0207223
[   16.621983] firmadyne: ioctl: 0xc0207223
[   16.623600] firmadyne: ioctl: 0xc0207223
[   16.625946] firmadyne: sys_socket[PID: 107 (klogd)]: family:1, type:1, protocol:0
[   16.627159] firmadyne: sys_socket[PID: 107 (klogd)]: family:1, type:2, protocol:0
"
sem_get: Key: 4111026c
sem_get[   16.632875] firmadyne: ioctl: 0xc0207223
[   16.634358] firmadyne: ioctl: 0xc0207223
[   16.637490] firmadyne: sys_socket[PID: 107 (klogd)]: family:1, type:1, protocol:0
[   16.638691] firmadyne: sys_socket[PID: 107 (klogd)]: family:1, type:2, protocol:0
: Key: 4111026c
nvram_set: access_control_mode[   16.644036] firmadyne: ioctl: 0xc0207223
[   16.645523] firmadyne: ioctl: 0xc0207223
[   16.646974] firmadyne: ioctl: 0xc0207223
[   16.649333] firmadyne: sys_socket[PID: 107 (klogd)]: family:1, type:1, protocol:0
[   16.650552] firmadyne: sys_socket[PID: 107 (klogd)]: family:1, type:2, protocol:0
 = "0"
sem_get: Key: 4111026c
sem_get[   16.656881] firmadyne: ioctl: 0xc0207223
[   16.658360] firmadyne: ioctl: 0xc0207223
[   16.661101] firmadyne: sys_socket[PID: 107 (klogd)]: family:1, type:1, protocol:0
[   16.662317] firmadyne: sys_socket[PID: 107 (klogd)]: family:1, type:2, protocol:0
: Key: 4111026c
nvram_set: fwpt_df_count = "[   16.668137] firmadyne: ioctl: 0xc0207223
[   16.669641] firmadyne: ioctl: 0xc0207223
[   16.671074] firmadyne: ioctl: 0xc0207223
[   16.673260] firmadyne: sys_socket[PID: 107 (klogd)]: family:1, type:1, protocol:0
[   16.674473] firmadyne: sys_socket[PID: 107 (klogd)]: family:1, type:2, protocol:0
0"
sem_get: Key: 4111026c
sem_get: Key: [   16.680907] firmadyne: ioctl: 0xc0207223
[   16.682380] firmadyne: ioctl: 0xc0207223
[   16.685179] firmadyne: sys_socket[PID: 107 (klogd)]: family:1, type:1, protocol:0
[   16.686411] firmadyne: sys_socket[PID: 107 (klogd)]: family:1, type:2, protocol:0
4111026c
nvram_set: static_if_status = "1[   16.692315] firmadyne: ioctl: 0xc0207223
[   16.693787] firmadyne: ioctl: 0xc0207223
[   16.695226] firmadyne: ioctl: 0xc0207223
[   16.697488] firmadyne: sys_socket[PID: 107 (klogd)]: family:1, type:1, protocol:0
[   16.698689] firmadyne: sys_socket[PID: 107 (klogd)]: family:1, type:2, protocol:0
"
sem_get: Key: 4111026c
sem_get: Key: 4111026c
[   16.705139] firmadyne: ioctl: 0xc0207223
[   16.706632] firmadyne: ioctl: 0xc0207223
[   16.709387] firmadyne: sys_socket[PID: 107 (klogd)]: family:1, type:1, protocol:0
[   16.710604] firmadyne: sys_socket[PID: 107 (klogd)]: family:1, type:2, protocol:0
nvram_set: www_relocation = ""
sem_get[   16.716562] firmadyne: ioctl: 0xc0207223
[   16.718041] firmadyne: ioctl: 0xc0207223
[   16.721477] firmadyne: sys_socket[PID: 107 (klogd)]: family:1, type:1, protocol:0
[   16.722684] firmadyne: sys_socket[PID: 107 (klogd)]: family:1, type:2, protocol:0
: Key: 4111026c
sem_get: Key: 4111026c
[   16.727804] firmadyne: ioctl: 0xc0207223
[   16.729320] firmadyne: ioctl: 0xc0207223
[   16.730780] firmadyne: ioctl: 0xc0207223
[   16.733380] firmadyne: sys_socket[PID: 107 (klogd)]: family:1, type:1, protocol:0
[   16.734608] firmadyne: sys_socket[PID: 107 (klogd)]: family:1, type:2, protocol:0
nvram_set: usb_info_dev0 = "A200396E0402FF83@1@14.4G@U@1@USB_Storage;U:;0;0@"
sem_get[   16.740757] firmadyne: ioctl: 0xc0207223
[   16.742236] firmadyne: ioctl: 0xc0207223
[   16.745554] firmadyne: sys_socket[PID: 107 (klogd)]: family:1, type:1, protocol:0
[   16.746789] firmadyne: sys_socket[PID: 107 (klogd)]: family:1, type:2, protocol:0
: Key: 4111026c
sem_get: Key: 4111026c
[   16.751841] firmadyne: ioctl: 0xc0207223
[   16.753343] firmadyne: ioctl: 0xc0207223
[   16.754818] firmadyne: ioctl: 0xc0207223
[   16.757478] firmadyne: sys_socket[PID: 107 (klogd)]: family:1, type:1, protocol:0
[   16.758723] firmadyne: sys_socket[PID: 107 (klogd)]: family:1, type:2, protocol:0
nvram_set: usb_info_dev1 = "A200396E0402FF83@1@14.4G@U@1@USB_Storage;U:;0;0@[   16.764897] firmadyne: ioctl: 0xc0207223
[   16.766391] firmadyne: ioctl: 0xc0207223
"
sem_get: Key: 4111026c
sem_get: Key: 4111026c
[   16.773648] firmadyne: sys_socket[PID: 107 (klogd)]: family:1, type:1, protocol:0
[   16.774856] firmadyne: sys_socket[PID: 107 (klogd)]: family:1, type:2, protocol:0
[   16.776381] firmadyne: ioctl: 0xc0207223
[   16.777858] firmadyne: ioctl: 0xc0207223
[   16.779273] firmadyne: ioctl: 0xc0207223
[   16.781839] firmadyne: sys_socket[PID: 107 (klogd)]: family:1, type:1, protocol:0
[   16.783061] firmadyne: sys_socket[PID: 107 (klogd)]: family:1, type:2, protocol:0
nvram_set: usb_info_dev2 = "A200396E0402FF83@1@14.4G@U@1@USB_Storage;U:;0;0@[   16.789044] firmadyne: ioctl: 0xc0207223
[   16.790534] firmadyne: ioctl: 0xc0207223
"
sem_get: Key: 4111026c
sem_get: Key: 4111026c
[   16.797800] firmadyne: sys_socket[PID: 107 (klogd)]: family:1, type:1, protocol:0
[   16.799020] firmadyne: sys_socket[PID: 107 (klogd)]: family:1, type:2, protocol:0
[   16.800686] firmadyne: ioctl: 0xc0207223
[   16.802166] firmadyne: ioctl: 0xc0207223
[   16.805592] firmadyne: sys_socket[PID: 107 (klogd)]: family:1, type:1, protocol:0
[   16.806801] firmadyne: sys_socket[PID: 107 (klogd)]: family:1, type:2, protocol:0
nvram_set: usb_info_dev3 = "A200396E0402FF83@1@14.4G@U@1@USB_Storage;U:;0;0@[   16.811818] firmadyne: ioctl: 0xc0207223
[   16.813345] firmadyne: ioctl: 0xc0207223
[   16.814778] firmadyne: ioctl: 0xc0207223
"
sem_get: Key: 4111026c
sem_get: Key: 4111026c
[   16.821721] firmadyne: sys_socket[PID: 107 (klogd)]: family:1, type:1, protocol:0
[   16.823015] firmadyne: sys_socket[PID: 107 (klogd)]: family:1, type:2, protocol:0
[   16.824919] firmadyne: ioctl: 0xc0207223
[   16.826382] firmadyne: ioctl: 0xc0207223
nvram_set: usb_info_dev4 = "A200396E0402FF83@1@14.4G@U@1@USB_Storage;U:;0;0@"
[   16.833543] firmadyne: sys_socket[PID: 107 (klogd)]: family:1, type:1, protocol:0
[   16.834741] firmadyne: sys_socket[PID: 107 (klogd)]: family:1, type:2, protocol:0
[   16.836118] firmadyne: ioctl: 0xc0207223
[   16.837623] firmadyne: ioctl: 0xc0207223
[   16.839057] firmadyne: ioctl: 0xc0207223
[   16.841581] firmadyne: sys_socket[PID: 107 (klogd)]: family:1, type:1, protocol:0
[   16.842812] firmadyne: sys_socket[PID: 107 (klogd)]: family:1, type:2, protocol:0
sem_get: Key: 4111026c
sem_get: Key: 4111026c
[   16.848928] firmadyne: ioctl: 0xc0207223
[   16.850382] firmadyne: ioctl: 0xc0207223
nvram_set: usb_info_dev5 = "A200396E0402FF83@1@14.4G@U@1@USB_Storage;U:;0;0@[   16.857505] firmadyne: sys_socket[PID: 107 (klogd)]: family:1, type:1, protocol:0
[   16.858739] firmadyne: sys_socket[PID: 107 (klogd)]: family:1, type:2, protocol:0
[   16.860200] firmadyne: ioctl: 0xc0207223
[   16.861720] firmadyne: ioctl: 0xc0207223
[   16.863165] firmadyne: ioctl: 0xc0207223
"
sem_get: Key: 4111026c
sem_get: Key: 4111026c[   16.869734] firmadyne: sys_socket[PID: 107 (klogd)]: family:1, type:1, protocol:0
[   16.870972] firmadyne: sys_socket[PID: 107 (klogd)]: family:1, type:2, protocol:0
[   16.873110] firmadyne: ioctl: 0xc0207223
[   16.874589] firmadyne: ioctl: 0xc0207223

nvram_set: usb_info_dev6 = "A200396E0402FF83@1@14.4G@U@1@USB_Storage;U:;0;0@[   16.881588] firmadyne: sys_socket[PID: 107 (klogd)]: family:1, type:1, protocol:0
[   16.882784] firmadyne: sys_socket[PID: 107 (klogd)]: family:1, type:2, protocol:0
[   16.884475] firmadyne: ioctl: 0xc0207223
[   16.885947] firmadyne: ioctl: 0xc0207223
[   16.887420] firmadyne: ioctl: 0xc0207223
"
sem_get: Key: 4111026c
sem_get: Key: [   16.893637] firmadyne: sys_socket[PID: 107 (klogd)]: family:1, type:1, protocol:0
[   16.894862] firmadyne: sys_socket[PID: 107 (klogd)]: family:1, type:2, protocol:0
[   16.896966] firmadyne: ioctl: 0xc0207223
[   16.898404] firmadyne: ioctl: 0xc0207223
4111026c
nvram_set: usb_info_dev7 = "A200396E0402FF83@1@14.4G@U@1@USB_Storage;U:;0;0@[   16.905808] firmadyne: sys_socket[PID: 107 (klogd)]: family:1, type:1, protocol:0
[   16.907022] firmadyne: sys_socket[PID: 107 (klogd)]: family:1, type:2, protocol:0
[   16.908573] firmadyne: ioctl: 0xc0207223
[   16.910035] firmadyne: ioctl: 0xc0207223
"
sem_get: Key: 4111026c
sem_get: Key: 4111026c[   16.917446] firmadyne: sys_socket[PID: 107 (klogd)]: family:1, type:1, protocol:0
[   16.918664] firmadyne: sys_socket[PID: 107 (klogd)]: family:1, type:2, protocol:0
[   16.919868] firmadyne: ioctl: 0xc0207223
[   16.921407] firmadyne: ioctl: 0xc0207223
[   16.922875] firmadyne: ioctl: 0xc0207223

nvram_set: usb_info_dev8 = "A200396E0402FF83@1@14.4G@U@1@USB_Storage;U:;0;0@[   16.929354] firmadyne: sys_socket[PID: 107 (klogd)]: family:1, type:1, protocol:0
[   16.930589] firmadyne: sys_socket[PID: 107 (klogd)]: family:1, type:2, protocol:0
[   16.932770] firmadyne: ioctl: 0xc0207223
[   16.934247] firmadyne: ioctl: 0xc0207223
"
sem_get: Key: 4111026c
sem_get: Key: [   16.941434] firmadyne: sys_socket[PID: 107 (klogd)]: family:1, type:1, protocol:0
[   16.942653] firmadyne: sys_socket[PID: 107 (klogd)]: family:1, type:2, protocol:0
[   16.943975] firmadyne: ioctl: 0xc0207223
[   16.945494] firmadyne: ioctl: 0xc0207223
[   16.946943] firmadyne: ioctl: 0xc0207223
4111026c
nvram_set: usb_info_dev9 = "[   16.953369] firmadyne: sys_socket[PID: 107 (klogd)]: family:1, type:1, protocol:0
[   16.954576] firmadyne: sys_socket[PID: 107 (klogd)]: family:1, type:2, protocol:0
[   16.957023] firmadyne: ioctl: 0xc0207223
[   16.958505] firmadyne: ioctl: 0xc0207223
A200396E0402FF83@1@14.4G@U@1@USB_Storage;U:;0;0@"
sem_get: Key: 4111026c
[   16.964288] firmadyne: ioctl: 0xc0207223
[   16.965775] firmadyne: ioctl: 0xc0207223
[   16.967209] firmadyne: ioctl: 0xc0207223
[   16.969373] firmadyne: sys_socket[PID: 107 (klogd)]: family:1, type:1, protocol:0
[   16.970606] firmadyne: sys_socket[PID: 107 (klogd)]: family:1, type:2, protocol:0
sem_get: Key: 4111026c
nvram_set[   16.977422] firmadyne: sys_socket[PID: 107 (klogd)]: family:1, type:1, protocol:0
[   16.978637] firmadyne: sys_socket[PID: 107 (klogd)]: family:1, type:2, protocol:0
[   16.980911] firmadyne: ioctl: 0xc0207223
[   16.982386] firmadyne: ioctl: 0xc0207223
: usb_info_dev10 = "A200396E0402FF83@1@14.4G@U@1@USB_Storage;U:;0;0@"
sem_get: Key: 4111026c
[   16.989438] firmadyne: sys_socket[PID: 107 (klogd)]: family:1, type:1, protocol:0
[   16.990651] firmadyne: sys_socket[PID: 107 (klogd)]: family:1, type:2, protocol:0
[   16.992227] firmadyne: ioctl: 0xc0207223
[   16.993691] firmadyne: ioctl: 0xc0207223
[   16.995143] firmadyne: ioctl: 0xc0207223
sem_get: Key: 4111026c
nvram_set[   17.001692] firmadyne: sys_socket[PID: 107 (klogd)]: family:1, type:1, protocol:0
[   17.002900] firmadyne: sys_socket[PID: 107 (klogd)]: family:1, type:2, protocol:0
[   17.005053] firmadyne: ioctl: 0xc0207223
[   17.006512] firmadyne: ioctl: 0xc0207223
: usb_info_dev11 = "A200396E0402FF83@1@14.4G@U@1@USB_Storage;U:;0;0@"
sem_get: Key: 4111026c
[   17.012285] firmadyne: ioctl: 0xc0207223
[   17.013744] firmadyne: ioctl: 0xc0207223
[   17.015194] firmadyne: ioctl: 0xc0207223
[   17.017733] firmadyne: sys_socket[PID: 107 (klogd)]: family:1, type:1, protocol:0
[   17.018927] firmadyne: sys_socket[PID: 107 (klogd)]: family:1, type:2, protocol:0
sem_get: Key: 4111026c
nvram_set[   17.025870] firmadyne: sys_socket[PID: 107 (klogd)]: family:1, type:1, protocol:0
[   17.027111] firmadyne: sys_socket[PID: 107 (klogd)]: family:1, type:2, protocol:0
[   17.029295] firmadyne: ioctl: 0xc0207223
[   17.030743] firmadyne: ioctl: 0xc0207223
: usb_info_dev12 = "A200396E0402FF83@1@14.4G@U@1@USB_Storage;U:;0;0@"
sem_get: Key: 4111026c
[   17.036520] firmadyne: ioctl: 0xc0207223
[   17.037991] firmadyne: ioctl: 0xc0207223
[   17.039616] firmadyne: ioctl: 0xc0207223
[   17.041989] firmadyne: sys_socket[PID: 107 (klogd)]: family:1, type:1, protocol:0
[   17.043214] firmadyne: sys_socket[PID: 107 (klogd)]: family:1, type:2, protocol:0
sem_get: Key: 4111026c
[   17.048782] firmadyne: ioctl: 0xc0207223
[   17.050239] firmadyne: ioctl: 0xc0207223
[   17.053740] firmadyne: sys_socket[PID: 107 (klogd)]: family:1, type:1, protocol:0
[   17.054980] firmadyne: sys_socket[PID: 107 (klogd)]: family:1, type:2, protocol:0
nvram_set: usb_info_dev13 = "A200396E0402FF83@1@14.4G@U@1@USB_Storage;U:;0;0@"
sem_get: Key: 4111026c
[   17.061694] firmadyne: sys_socket[PID: 107 (klogd)]: family:1, type:1, protocol:0
[   17.062910] firmadyne: sys_socket[PID: 107 (klogd)]: family:1, type:2, protocol:0
[   17.064120] firmadyne: ioctl: 0xc0207223
[   17.065618] firmadyne: ioctl: 0xc0207223
[   17.067060] firmadyne: ioctl: 0xc0207223
sem_get: Key: 4111026c
[   17.072816] firmadyne: ioctl: 0xc0207223
[   17.074279] firmadyne: ioctl: 0xc0207223
[   17.077731] firmadyne: sys_socket[PID: 107 (klogd)]: family:1, type:1, protocol:0
[   17.078943] firmadyne: sys_socket[PID: 107 (klogd)]: family:1, type:2, protocol:0
nvram_set: usb_info_dev14 = "A200396E0402FF83@1@14.4G@U@1@USB_Storage;U:;0;0@"
sem_get: Key: 4111026c[   17.085632] firmadyne: sys_socket[PID: 107 (klogd)]: family:1, type:1, protocol:0
[   17.086843] firmadyne: sys_socket[PID: 107 (klogd)]: family:1, type:2, protocol:0
[   17.088048] firmadyne: ioctl: 0xc0207223
[   17.089587] firmadyne: ioctl: 0xc0207223
[   17.091022] firmadyne: ioctl: 0xc0207223

sem_get: Key: 4111026c
[   17.096784] firmadyne: ioctl: 0xc0207223
[   17.098227] firmadyne: ioctl: 0xc0207223
nvram_set: usb_info_dev15 = "A200396E0402FF83@1@14.4G@U@1@USB_Storage;U:;0;0@"
sem_get: Key: 4111026c[   17.115845] firmadyne: ioctl: 0xc0207223
[   17.117353] firmadyne: ioctl: 0xc0207223
[   17.118800] firmadyne: ioctl: 0xc0207223

sem_get: Key: 4111026c
[   17.124585] firmadyne: ioctl: 0xc0207223
[   17.126069] firmadyne: ioctl: 0xc0207223
nvram_set: usb_info_dev16 = "A200396E0402FF83@1@14.4G@U@1@USB_Storage;U:;0;0@"
sem_get: Key: 4111026c[   17.132025] firmadyne: sys_socket[PID: 107 (klogd)]: family:1, type:1, protocol:0
[   17.133296] firmadyne: sys_socket[PID: 107 (klogd)]: family:1, type:2, protocol:0
[   17.135828] firmadyne: ioctl: 0xc0207223
[   17.137329] firmadyne: ioctl: 0xc0207223
[   17.138775] firmadyne: ioctl: 0xc0207223

sem_get: Key: 4111026c
[   17.143983] firmadyne: sys_socket[PID: 107 (klogd)]: family:1, type:1, protocol:0
[   17.145253] firmadyne: sys_socket[PID: 107 (klogd)]: family:1, type:2, protocol:0
[   17.148575] firmadyne: ioctl: 0xc0207223
[   17.150049] firmadyne: ioctl: 0xc0207223
nvram_set: usb_info_dev17 = "A200396E0402FF83@1@14.4G@U@1@USB_Storage;U:;0;0@"
sem_get: Key: 4111026c[   17.156027] firmadyne: sys_socket[PID: 107 (klogd)]: family:1, type:1, protocol:0
[   17.157285] firmadyne: sys_socket[PID: 107 (klogd)]: family:1, type:2, protocol:0
[   17.160636] firmadyne: ioctl: 0xc0207223
[   17.162163] firmadyne: ioctl: 0xc0207223

sem_get: Key: 4111026c
[   17.167838] firmadyne: ioctl: 0xc0207223
[   17.169356] firmadyne: ioctl: 0xc0207223
[   17.170824] firmadyne: ioctl: 0xc0207223
[   17.172107] firmadyne: sys_socket[PID: 107 (klogd)]: family:1, type:1, protocol:0
[   17.173346] firmadyne: sys_socket[PID: 107 (klogd)]: family:1, type:2, protocol:0
nvram_set: usb_info_dev18 = "A200396E0402FF83@1@14.4G@U@1@USB_Storage;U:;0;0@"
sem_get: Key: 4111026c[   17.180796] firmadyne: ioctl: 0xc0207223
[   17.182248] firmadyne: ioctl: 0xc0207223
[   17.184310] firmadyne: sys_socket[PID: 107 (klogd)]: family:1, type:1, protocol:0
[   17.185572] firmadyne: sys_socket[PID: 107 (klogd)]: family:1, type:2, protocol:0

sem_get: Key: 4111026c
[   17.191852] firmadyne: ioctl: 0xc0207223
[   17.193356] firmadyne: ioctl: 0xc0207223
[   17.194779] firmadyne: ioctl: 0xc0207223
[   17.196309] firmadyne: sys_socket[PID: 107 (klogd)]: family:1, type:1, protocol:0
[   17.197574] firmadyne: sys_socket[PID: 107 (klogd)]: family:1, type:2, protocol:0
nvram_set: usb_info_dev19 = "A200396E0402FF83@1@14.4G@U@1@USB_Storage;U:;0;0@"
sem_get: Key: 4111026c[   17.204603] firmadyne: ioctl: 0xc0207223
[   17.206052] firmadyne: ioctl: 0xc0207223
[   17.208382] firmadyne: sys_socket[PID: 107 (klogd)]: family:1, type:1, protocol:0
[   17.209665] firmadyne: sys_socket[PID: 107 (klogd)]: family:1, type:2, protocol:0

sem_get: Key: 4111026c
[   17.215752] firmadyne: ioctl: 0xc0207223
[   17.217271] firmadyne: ioctl: 0xc0207223
[   17.218710] firmadyne: ioctl: 0xc0207223
[   17.220362] firmadyne: sys_socket[PID: 107 (klogd)]: family:1, type:1, protocol:0
[   17.221607] firmadyne: sys_socket[PID: 107 (klogd)]: family:1, type:2, protocol:0
nvram_set: usb_info_dev20 = "A200396E0402FF83@1@14.4G@U@1@USB_Storage;U:;0;0@"
sem_get: Key: 4111026c[   17.228545] firmadyne: ioctl: 0xc0207223
[   17.230037] firmadyne: ioctl: 0xc0207223
[   17.232395] firmadyne: sys_socket[PID: 107 (klogd)]: family:1, type:1, protocol:0
[   17.233654] firmadyne: sys_socket[PID: 107 (klogd)]: family:1, type:2, protocol:0

sem_get: Key: 4111026c
[   17.239719] firmadyne: ioctl: 0xc0207223
[   17.241215] firmadyne: ioctl: 0xc0207223
[   17.242679] firmadyne: ioctl: 0xc0207223
[   17.244404] firmadyne: sys_socket[PID: 107 (klogd)]: family:1, type:1, protocol:0
[   17.245652] firmadyne: sys_socket[PID: 107 (klogd)]: family:1, type:2, protocol:0
nvram_set: usb_info_dev21 = "A200396E0402FF83@1@14.4G@U@1@USB_Storage;U:;0;0@"
sem_get: Key: 4111026c[   17.252602] firmadyne: ioctl: 0xc0207223
[   17.254049] firmadyne: ioctl: 0xc0207223
[   17.255666] firmadyne: ioctl: 0xc0207223
[   17.256872] firmadyne: sys_socket[PID: 107 (klogd)]: family:1, type:1, protocol:0
[   17.258131] firmadyne: sys_socket[PID: 107 (klogd)]: family:1, type:2, protocol:0

sem_get: Key: 4111026c
[   17.264822] firmadyne: sys_socket[PID: 107 (klogd)]: family:1, type:1, protocol:0
[   17.266046] firmadyne: sys_socket[PID: 107 (klogd)]: family:1, type:2, protocol:0
[   17.268994] firmadyne: ioctl: 0xc0207223
[   17.270461] firmadyne: ioctl: 0xc0207223
nvram_set: usb_info_dev22 = "A200396E0402FF83@1@14.4G@U@1@USB_Storage;U:;0;0@"
sem_get: Key: [   17.276193] firmadyne: ioctl: 0xc0207223
[   17.277674] firmadyne: ioctl: 0xc0207223
[   17.279118] firmadyne: ioctl: 0xc0207223
[   17.280842] firmadyne: sys_socket[PID: 107 (klogd)]: family:1, type:1, protocol:0
[   17.282104] firmadyne: sys_socket[PID: 107 (klogd)]: family:1, type:2, protocol:0
4111026c
sem_get: Key: 4111026c
[   17.288735] firmadyne: sys_socket[PID: 107 (klogd)]: family:1, type:1, protocol:0
[   17.289985] firmadyne: sys_socket[PID: 107 (klogd)]: family:1, type:2, protocol:0
[   17.292942] firmadyne: ioctl: 0xc0207223
[   17.294447] firmadyne: ioctl: 0xc0207223
nvram_set: usb_info_dev23 = "A200396E0402FF83@1@14.4G@U@1@USB_Storage;U:;0;0@"
[   17.300356] firmadyne: ioctl: 0xc0207223
[   17.301869] firmadyne: ioctl: 0xc0207223
[   17.303323] firmadyne: ioctl: 0xc0207223
[   17.305067] firmadyne: sys_socket[PID: 107 (klogd)]: family:1, type:1, protocol:0
[   17.306325] firmadyne: sys_socket[PID: 107 (klogd)]: family:1, type:2, protocol:0
sem_get: Key: 4111026c
sem_get: Key: 4111026c
[   17.313019] firmadyne: sys_socket[PID: 107 (klogd)]: family:1, type:1, protocol:0
[   17.314247] firmadyne: sys_socket[PID: 107 (klogd)]: family:1, type:2, protocol:0
[   17.316924] firmadyne: ioctl: 0xc0207223
[   17.318421] firmadyne: ioctl: 0xc0207223
nvram_set: usb_info_dev24 = "A200396E0402FF83@1@14.4G@U@1@USB_Storage;U:;0;0@"
[   17.324944] firmadyne: sys_socket[PID: 107 (klogd)]: family:1, type:1, protocol:0
[   17.326184] firmadyne: sys_socket[PID: 107 (klogd)]: family:1, type:2, protocol:0
[   17.328357] firmadyne: ioctl: 0xc0207223
[   17.329799] firmadyne: ioctl: 0xc0207223
[   17.331226] firmadyne: ioctl: 0xc0207223
sem_get: Key: 4111026c
sem_get: Key: 4111026c
[   17.336988] firmadyne: sys_socket[PID: 107 (klogd)]: family:1, type:1, protocol:0
[   17.338233] firmadyne: sys_socket[PID: 107 (klogd)]: family:1, type:2, protocol:0
[   17.340837] firmadyne: ioctl: 0xc0207223
[   17.342276] firmadyne: ioctl: 0xc0207223
nvram_set: usb_info_dev25 = "A200396E0402FF83@1@14.4G@U@1@USB_Storage;U:;0;0@[   17.348984] firmadyne: sys_socket[PID: 107 (klogd)]: family:1, type:1, protocol:0
[   17.350209] firmadyne: sys_socket[PID: 107 (klogd)]: family:1, type:2, protocol:0
[   17.352038] firmadyne: ioctl: 0xc0207223
[   17.353571] firmadyne: ioctl: 0xc0207223
[   17.355025] firmadyne: ioctl: 0xc0207223
"
sem_get: Key: 4111026c
sem_get: Key: 4111026c
[   17.361955] firmadyne: sys_socket[PID: 107 (klogd)]: family:1, type:1, protocol:0
[   17.363192] firmadyne: sys_socket[PID: 107 (klogd)]: family:1, type:2, protocol:0
[   17.365377] firmadyne: ioctl: 0xc0207223
[   17.366860] firmadyne: ioctl: 0xc0207223
nvram_set: usb_info_dev26 = "A200396E0402FF83@1@14.4G@U@1@USB_Storage;U:;0;0@"
[   17.373611] firmadyne: sys_socket[PID: 107 (klogd)]: family:1, type:1, protocol:0
[   17.374821] firmadyne: sys_socket[PID: 107 (klogd)]: family:1, type:2, protocol:0
[   17.376890] firmadyne: ioctl: 0xc0207223
[   17.378355] firmadyne: ioctl: 0xc0207223
sem_get: Key: 4111026c
sem_get: Key: 4111026c
[   17.384158] firmadyne: ioctl: 0xc0207223
[   17.385647] firmadyne: ioctl: 0xc0207223
[   17.387082] firmadyne: ioctl: 0xc0207223
[   17.389600] firmadyne: sys_socket[PID: 107 (klogd)]: family:1, type:1, protocol:0
[   17.390813] firmadyne: sys_socket[PID: 107 (klogd)]: family:1, type:2, protocol:0
nvram_set: usb_info_dev27 = "A200396E0402FF83@1@14.4G@U@1@USB_Storage;U:;0;0@"
[   17.397033] firmadyne: ioctl: 0xc0207223
[   17.398512] firmadyne: ioctl: 0xc0207223
[   17.401504] firmadyne: sys_socket[PID: 107 (klogd)]: family:1, type:1, protocol:0
[   17.402733] firmadyne: sys_socket[PID: 107 (klogd)]: family:1, type:2, protocol:0
sem_get: Key: 4111026c
sem_get: Key: 4111026c
[   17.408247] firmadyne: ioctl: 0xc0207223
[   17.409723] firmadyne: ioctl: 0xc0207223
[   17.411196] firmadyne: ioctl: 0xc0207223
[   17.413761] firmadyne: sys_socket[PID: 107 (klogd)]: family:1, type:1, protocol:0
[   17.414981] firmadyne: sys_socket[PID: 107 (klogd)]: family:1, type:2, protocol:0
nvram_set: usb_info_dev28 = "A200396E0402FF83@1@14.4G@U@1@USB_Storage;U:;0;0@"
[   17.421167] firmadyne: ioctl: 0xc0207223
[   17.422643] firmadyne: ioctl: 0xc0207223
[   17.425576] firmadyne: sys_socket[PID: 107 (klogd)]: family:1, type:1, protocol:0
[   17.426783] firmadyne: sys_socket[PID: 107 (klogd)]: family:1, type:2, protocol:0
sem_get: Key: 4111026c
sem_get: Key: 4111026c
[   17.432891] firmadyne: ioctl: 0xc0207223
[   17.434357] firmadyne: ioctl: 0xc0207223
[   17.437497] firmadyne: sys_socket[PID: 107 (klogd)]: family:1, type:1, protocol:0
[   17.438721] firmadyne: sys_socket[PID: 107 (klogd)]: family:1, type:2, protocol:0
nvram_set: usb_info_dev29 = "A200396E0402FF83@1@14.4G@U@1@USB_Storage;U:;0;0@"
[   17.444662] firmadyne: ioctl: 0xc0207223
[   17.446156] firmadyne: ioctl: 0xc0207223
[   17.449423] firmadyne: sys_socket[PID: 107 (klogd)]: family:1, type:1, protocol:0
[   17.450645] firmadyne: sys_socket[PID: 107 (klogd)]: family:1, type:2, protocol:0
[   17.452270] firmadyne: ioctl: 0xc0207223
[   17.453776] firmadyne: ioctl: 0xc0207223
[   17.455226] firmadyne: ioctl: 0xc0207223
sem_get: Key: 4111026c
sem_get: Key: 4111026c
[   17.461588] firmadyne: sys_socket[PID: 107 (klogd)]: family:1, type:1, protocol:0
[   17.462802] firmadyne: sys_socket[PID: 107 (klogd)]: family:1, type:2, protocol:0
[   17.464990] firmadyne: ioctl: 0xc0207223
[   17.466447] firmadyne: ioctl: 0xc0207223
nvram_set: usb_info_dev30 = "A200396E0402FF83@1@14.4G@U@1@USB_Storage;U:;0;0@"
[   17.473669] firmadyne: sys_socket[PID: 107 (klogd)]: family:1, type:1, protocol:0
[   17.474887] firmadyne: sys_socket[PID: 107 (klogd)]: family:1, type:2, protocol:0
[   17.476455] firmadyne: ioctl: 0xc0207223
[   17.477979] firmadyne: ioctl: 0xc0207223
sem_get: Key: 4111026c
sem_get: Key: 4111026c
[   17.485696] firmadyne: sys_socket[PID: 107 (klogd)]: family:1, type:1, protocol:0
[   17.486918] firmadyne: sys_socket[PID: 107 (klogd)]: family:1, type:2, protocol:0
[   17.488087] firmadyne: ioctl: 0xc0207223
[   17.489606] firmadyne: ioctl: 0xc0207223
[   17.491085] firmadyne: ioctl: 0xc0207223
nvram_set: usb_info_dev31 = "A200396E0402FF83@1@14.4G@U@1@USB_Storage;U:;0;0@[   17.497584] firmadyne: sys_socket[PID: 107 (klogd)]: family:1, type:1, protocol:0
[   17.498819] firmadyne: sys_socket[PID: 107 (klogd)]: family:1, type:2, protocol:0
[   17.501008] firmadyne: ioctl: 0xc0207223
[   17.502480] firmadyne: ioctl: 0xc0207223
"
sem_get: Key: 4111026c
sem_get: Key: 4111026c[   17.509939] firmadyne: sys_socket[PID: 107 (klogd)]: family:1, type:1, protocol:0
