[    0.000000] Linux version 4.1.17+ (alessio@pc) (gcc version 5.5.0 20171010 (Ubuntu 5.5.0-12ubuntu1) ) #1 Mon May 15 23:04:08 CEST 2023
[    0.000000] earlycon: Early serial console at I/O port 0x3f8 (options '38400n8')
[    0.000000] bootconsole [uart0] enabled
[    0.000000] CPU0 revision is: 00019300 (MIPS 24Kc)
[    0.000000] FPU revision is: 00739300
[    0.000000] Software DMA cache coherency enabled
[    0.000000] Determined physical RAM map:
[    0.000000]  memory: 00001000 @ 00000000 (reserved)
[    0.000000]  memory: 000ef000 @ 00001000 (ROM data)
[    0.000000]  memory: 00798000 @ 000f0000 (reserved)
[    0.000000]  memory: 0f777000 @ 00888000 (usable)
[    0.000000] debug: ignoring loglevel setting.
[    0.000000] Wasting 69888 bytes for tracking 2184 unused pages
[    0.000000] Initrd not found or empty - disabling initrd
[    0.000000] Zone ranges:
[    0.000000]   DMA      [mem 0x0000000000000000-0x0000000000ffffff]
[    0.000000]   Normal   [mem 0x0000000001000000-0x000000000fffefff]
[    0.000000] Movable zone start for each node
[    0.000000] Early memory node ranges
[    0.000000]   node   0: [mem 0x0000000000000000-0x000000000fffefff]
[    0.000000] Initmem setup node 0 [mem 0x0000000000000000-0x000000000fffefff]
[    0.000000] On node 0 totalpages: 65535
[    0.000000] free_area_init_node: node 0, pgdat 8081d5b0, node_mem_map 81000000
[    0.000000]   DMA zone: 32 pages used for memmap
[    0.000000]   DMA zone: 0 pages reserved
[    0.000000]   DMA zone: 4096 pages, LIFO batch:0
[    0.000000]   Normal zone: 480 pages used for memmap
[    0.000000]   Normal zone: 61439 pages, LIFO batch:15
[    0.000000] Primary instruction cache 2kB, VIPT, 2-way, linesize 16 bytes.
[    0.000000] Primary data cache 2kB, 2-way, VIPT, no aliases, linesize 16 bytes
[    0.000000] pcpu-alloc: s0 r0 d32768 u32768 alloc=1*32768
[    0.000000] pcpu-alloc: [0] 0 
[    0.000000] Built 1 zonelists in Zone order, mobility grouping on.  Total pages: 65023
[    0.000000] Kernel command line: root=/dev/sda1 console=ttyS0 nandsim.parts=64,64,64,64,64,64,64,64,64,64 rdinit=/firmadyne/preInit.sh rw debug ignore_loglevel print-fatal-signals=1 FIRMAE_NET=true FIRMAE_NVRAM=true FIRMAE_KERNEL=true FIRMAE_ETC=true user_debug=0 firmadyne.syscall=1 noka
[    0.000000] found FIRMAE_KERNEL=t
[    0.000000] set the LD_PRELOAD=/firmadyne/libnvram_ioctl.so
[    0.000000] PID hash table entries: 1024 (order: 0, 4096 bytes)
[    0.000000] Dentry cache hash table entries: 32768 (order: 5, 131072 bytes)
[    0.000000] Inode-cache hash table entries: 16384 (order: 4, 65536 bytes)
[    0.000000] Writing ErrCtl register=00000000
[    0.000000] Readback ErrCtl register=00000000
[    0.000000] Memory: 251112K/262140K available (5360K kernel code, 244K rwdata, 1676K rodata, 260K init, 158K bss, 11028K reserved, 0K cma-reserved)
[    0.000000] NR_IRQS:256
[    0.000000] CPU frequency 200.01 MHz
[    0.000000] clocksource MIPS: mask: 0xffffffff max_cycles: 0xffffffff, max_idle_ns: 19111905355 ns
[    0.000218] sched_clock: 32 bits at 100MHz, resolution 9ns, wraps every 21474051067ns
[    0.016642] Console: colour dummy device 80x25
[    0.017876] Calibrating delay loop... 23.07 BogoMIPS (lpj=46144)
[    0.069201] pid_max: default: 32768 minimum: 301
[    0.074019] Mount-cache hash table entries: 1024 (order: 0, 4096 bytes)
[    0.074645] Mountpoint-cache hash table entries: 1024 (order: 0, 4096 bytes)
[    0.145854] clocksource jiffies: mask: 0xffffffff max_cycles: 0xffffffff, max_idle_ns: 7645041785100000 ns
[    0.157985] NET: Registered protocol family 16
[    0.463509] clocksource pit: mask: 0xffffffff max_cycles: 0xffffffff, max_idle_ns: 1601818034827 ns
[    0.636187] vgaarb: loaded
[    0.642677] SCSI subsystem initialized
[    0.645297] libata version 3.00 loaded.
[    0.650401] usbcore: registered new interface driver usbfs
[    0.651998] usbcore: registered new interface driver hub
[    0.653246] usbcore: registered new device driver usb
[    0.656355] pps_core: LinuxPPS API ver. 1 registered
[    0.656833] pps_core: Software ver. 5.3.6 - Copyright 2005-2007 Rodolfo Giometti <giometti@linux.it>
[    0.657872] PTP clock support registered
[    0.663296] PCI host bridge to bus 0000:00
[    0.664118] pci_bus 0000:00: root bus resource [mem 0x10000000-0x17ffffff]
[    0.664799] pci_bus 0000:00: root bus resource [io  0x1000-0x1fffff]
[    0.665461] pci_bus 0000:00: root bus resource [??? 0x00000000 flags 0x0]
[    0.666105] pci_bus 0000:00: No busn resource found for root bus, will use [bus 00-ff]
[    0.667721] pci 0000:00:00.0: [11ab:4620] type 00 class 0x060000
[    0.668747] pci 0000:00:00.0: [Firmware Bug]: reg 0x14: invalid BAR (can't size)
[    0.669401] pci 0000:00:00.0: [Firmware Bug]: reg 0x18: invalid BAR (can't size)
[    0.670052] pci 0000:00:00.0: [Firmware Bug]: reg 0x1c: invalid BAR (can't size)
[    0.670694] pci 0000:00:00.0: [Firmware Bug]: reg 0x20: invalid BAR (can't size)
[    0.671583] pci 0000:00:00.0: [Firmware Bug]: reg 0x24: invalid BAR (can't size)
[    0.676103] pci 0000:00:0a.0: [8086:7110] type 00 class 0x060100
[    0.680055] pci 0000:00:0a.1: [8086:7111] type 00 class 0x010180
[    0.680922] pci 0000:00:0a.1: reg 0x20: [io  0x0000-0x000f]
[    0.681589] pci 0000:00:0a.1: legacy IDE quirk: reg 0x10: [io  0x01f0-0x01f7]
[    0.682244] pci 0000:00:0a.1: legacy IDE quirk: reg 0x14: [io  0x03f6]
[    0.682883] pci 0000:00:0a.1: legacy IDE quirk: reg 0x18: [io  0x0170-0x0177]
[    0.683532] pci 0000:00:0a.1: legacy IDE quirk: reg 0x1c: [io  0x0376]
[    0.687284] pci 0000:00:0a.2: [8086:7112] type 00 class 0x0c0300
[    0.688048] pci 0000:00:0a.2: reg 0x20: [io  0x0000-0x001f]
[    0.691742] pci 0000:00:0a.3: [8086:7113] type 00 class 0x068000
[    0.693498] pci 0000:00:0a.3: quirk: [io  0x1000-0x103f] claimed by PIIX4 ACPI
[    0.694228] pci 0000:00:0a.3: quirk: [io  0x1100-0x110f] claimed by PIIX4 SMB
[    0.697920] pci 0000:00:12.0: [1013:00b8] type 00 class 0x030000
[    0.698622] pci 0000:00:12.0: reg 0x10: [mem 0x00000000-0x01ffffff pref]
[    0.699295] pci 0000:00:12.0: reg 0x14: [mem 0x00000000-0x00000fff]
[    0.700031] pci 0000:00:12.0: reg 0x30: [mem 0x00000000-0x0000ffff pref]
[    0.703171] vgaarb: device added: PCI:0000:00:12.0,decodes=io+mem,owns=none,locks=none
[    0.704573] pci 0000:00:13.0: [8086:100e] type 00 class 0x020000
[    0.705439] pci 0000:00:13.0: reg 0x10: [mem 0x00000000-0x0001ffff]
[    0.706089] pci 0000:00:13.0: reg 0x14: [io  0x0000-0x003f]
[    0.706788] pci 0000:00:13.0: reg 0x30: [mem 0x00000000-0x0003ffff pref]
[    0.710355] pci 0000:00:14.0: [8086:100e] type 00 class 0x020000
[    0.711035] pci 0000:00:14.0: reg 0x10: [mem 0x00000000-0x0001ffff]
[    0.711657] pci 0000:00:14.0: reg 0x14: [io  0x0000-0x003f]
[    0.712357] pci 0000:00:14.0: reg 0x30: [mem 0x00000000-0x0003ffff pref]
[    0.716048] pci 0000:00:15.0: [8086:100e] type 00 class 0x020000
[    0.716725] pci 0000:00:15.0: reg 0x10: [mem 0x00000000-0x0001ffff]
[    0.717353] pci 0000:00:15.0: reg 0x14: [io  0x0000-0x003f]
[    0.718249] pci 0000:00:15.0: reg 0x30: [mem 0x00000000-0x0003ffff pref]
[    0.721641] pci 0000:00:16.0: [8086:100e] type 00 class 0x020000
[    0.722509] pci 0000:00:16.0: reg 0x10: [mem 0x00000000-0x0001ffff]
[    0.723157] pci 0000:00:16.0: reg 0x14: [io  0x0000-0x003f]
[    0.723855] pci 0000:00:16.0: reg 0x30: [mem 0x00000000-0x0003ffff pref]
[    0.727641] pci_bus 0000:00: busn_res: [bus 00-ff] end is updated to 00
[    0.729347] pci 0000:00:12.0: BAR 0: assigned [mem 0x10000000-0x11ffffff pref]
[    0.730211] pci 0000:00:13.0: BAR 6: assigned [mem 0x12000000-0x1203ffff pref]
[    0.731206] pci 0000:00:14.0: BAR 6: assigned [mem 0x12040000-0x1207ffff pref]
[    0.731949] pci 0000:00:15.0: BAR 6: assigned [mem 0x12080000-0x120bffff pref]
[    0.732671] pci 0000:00:16.0: BAR 6: assigned [mem 0x120c0000-0x120fffff pref]
[    0.733387] pci 0000:00:13.0: BAR 0: assigned [mem 0x12100000-0x1211ffff]
[    0.734085] pci 0000:00:14.0: BAR 0: assigned [mem 0x12120000-0x1213ffff]
[    0.734779] pci 0000:00:15.0: BAR 0: assigned [mem 0x12140000-0x1215ffff]
[    0.735704] pci 0000:00:16.0: BAR 0: assigned [mem 0x12160000-0x1217ffff]
[    0.736444] pci 0000:00:12.0: BAR 6: assigned [mem 0x12180000-0x1218ffff pref]
[    0.737160] pci 0000:00:12.0: BAR 1: assigned [mem 0x12190000-0x12190fff]
[    0.737870] pci 0000:00:13.0: BAR 1: assigned [io  0x1040-0x107f]
[    0.738508] pci 0000:00:14.0: BAR 1: assigned [io  0x1080-0x10bf]
[    0.739151] pci 0000:00:15.0: BAR 1: assigned [io  0x10c0-0x10ff]
[    0.739986] pci 0000:00:16.0: BAR 1: assigned [io  0x1400-0x143f]
[    0.740639] pci 0000:00:0a.2: BAR 4: assigned [io  0x1440-0x145f]
[    0.741291] pci 0000:00:0a.1: BAR 4: assigned [io  0x1460-0x146f]
[    0.761339] cfg80211: Calling CRDA to update world regulatory domain
[    0.776797] Switched to clocksource MIPS
[    0.908482] NET: Registered protocol family 2
[    0.922729] TCP established hash table entries: 2048 (order: 1, 8192 bytes)
[    0.924084] TCP bind hash table entries: 2048 (order: 1, 8192 bytes)
[    0.925541] TCP: Hash tables configured (established 2048 bind 2048)
[    0.926835] UDP hash table entries: 256 (order: 0, 4096 bytes)
[    0.927682] UDP-Lite hash table entries: 256 (order: 0, 4096 bytes)
[    0.932345] NET: Registered protocol family 1
[    0.934500] PCI: Enabling device 0000:00:0a.2 (0000 -> 0001)
[    0.936278] PCI: CLS 0 bytes, default 16
[    0.973813] futex hash table entries: 256 (order: -1, 3072 bytes)
[    0.993395] squashfs: version 4.0 (2009/01/31) Phillip Lougher
[    0.996300] jffs2: version 2.2. (NAND) Â© 2001-2006 Red Hat, Inc.
[    1.000355] romfs: ROMFS MTD (C) 2007 Red Hat, Inc.
[    1.028565] Block layer SCSI generic (bsg) driver version 0.4 loaded (major 251)
[    1.029809] io scheduler noop registered
[    1.030662] io scheduler cfq registered (default)
[    1.031849] firmadyne: devfs: 1, execute: 1, procfs: 1, syscall: 1
[    1.038772] firmadyne: Cannot register character device: gpio, 0xfc, 0x0!
[    1.048660] firmadyne: Cannot register character device: watchdog, 0xa, 0x82!
[    1.049470] firmadyne: Cannot register character device: wdt, 0xfd, 0x0!
[    3.040913] strName = 4.1.17+
[    3.040913] init_task_addr  = 2155778944
[    3.040913] init_task_size  = 1296
[    3.040913] ts_tasks        = 292
[    3.040913] ts_pid          = 408
[    3.040913] ts_tgid         = 412
[    3.040913] ts_group_leader = 440
[    3.040913] ts_thread_group = 496
[    3.040913] ts_real_parent  = 416
[    3.040913] ts_mm           = 300
[    3.040913] ts_stack        = 4
[    3.044035] module_name   = 12
[    3.044035] module_size   = 208
[    3.044035] module_init   = 200
[    3.044035] module_list   = 4
[    3.045396] ts_real_cred    = 624
[    3.045396] ts_cred         = 628
[    3.045396] ts_comm         = 632
[    3.045396] cred_uid        = 4
[    3.045396] cred_gid        = 8
[    3.045396] cred_euid       = 20
[    3.045396] cred_egid       = 24
[    3.047337] mm_mmap         = 0
[    3.047337] mm_pgd          = 32
[    3.047337] mm_arg_start    = 136
[    3.047337] mm_start_brk    = 124
[    3.047337] mm_brk          = 128
[    3.047337] mm_start_stack  = 132
[    3.049321] vma_vm_start    = 0
[    3.049321] vma_vm_end      = 4
[    3.049321] vma_vm_next     = 8
[    3.049321] vma_vm_file     = 80
[    3.049321] vma_vm_flags    = 40
[    3.049321] vma_vm_pgoff    = 76
[    3.050989] file_dentry     = 12
[    3.050989] file_inode      = 40
[    3.050989] dentry_d_name   = 24
[    3.050989] dentry_d_iname  = 44
[    3.050989] dentry_d_parent = 16
[    3.050989] ti_task         = 0
[    3.050989] inode_ino   = 28
[    4.288855] proc_fork_connector  = 2151078840
[    4.289315] proc_exit_connector  = 2151080432
[    4.289730] proc_exec_connector  = 2151079052
[    4.290117] vma_link  = 2149124372
[    4.290454] vma_adjust  = 2149124540
[    4.290802] remove_vma  = 2149122188
[    4.291141] modules  = 2155833724
[    4.291473] trim_init_extable  = 2150545316
[    4.293154] cfg80211: Calling CRDA to update world regulatory domain
[    4.297284] PCI: Enabling device 0000:00:12.0 (0000 -> 0002)
[    4.298849] cirrusfb 0000:00:12.0: Cirrus Logic chipset on PCI bus, RAM (4096 kB) at 0x10000000
[    4.547655] Console: switching to colour frame buffer device 80x30
[    4.631703] Serial: 8250/16550 driver, 4 ports, IRQ sharing enabled
[    4.648512] console [ttyS0] disabled
[    4.677080] serial8250.0: ttyS0 at I/O 0x3f8 (irq = 4, base_baud = 115200) is a 16550A
[    4.678431] console [ttyS0] enabled
[    4.678431] console [ttyS0] enabled
[    4.679120] bootconsole [uart0] disabled
[    4.679120] bootconsole [uart0] disabled
[    4.711991] serial8250.0: ttyS1 at I/O 0x2f8 (irq = 3, base_baud = 115200) is a 16550A
[    4.855644] brd: module loaded
[    4.930073] loop: module loaded
[    4.937994] ata_piix 0000:00:0a.1: version 2.13
[    4.938678] PCI: Enabling device 0000:00:0a.1 (0000 -> 0001)
[    4.969569] scsi host0: ata_piix
[    4.976169] scsi host1: ata_piix
[    4.981006] ata1: PATA max UDMA/33 cmd 0x1f0 ctl 0x3f6 bmdma 0x1460 irq 14
[    4.981650] ata2: PATA max UDMA/33 cmd 0x170 ctl 0x376 bmdma 0x1468 irq 15
[    4.989620] [nandsim] warning: read_byte: unexpected data output cycle, state is STATE_READY return 0x0
[    4.990342] [nandsim] warning: read_byte: unexpected data output cycle, state is STATE_READY return 0x0
[    4.991042] [nandsim] warning: read_byte: unexpected data output cycle, state is STATE_READY return 0x0
[    4.991736] [nandsim] warning: read_byte: unexpected data output cycle, state is STATE_READY return 0x0
[    4.992425] [nandsim] warning: read_byte: unexpected data output cycle, state is STATE_READY return 0x0
[    4.993335] [nandsim] warning: read_byte: unexpected data output cycle, state is STATE_READY return 0x0
[    4.994252] nand: device found, Manufacturer ID: 0x98, Chip ID: 0x39
[    4.994780] nand: Toshiba NAND 128MiB 1,8V 8-bit
[    4.995261] nand: 128 MiB, SLC, erase size: 16 KiB, page size: 512, OOB size: 16
[    4.997391] flash size: 128 MiB
[    4.997730] page size: 512 bytes
[    4.998046] OOB area size: 16 bytes
[    4.998370] sector size: 16 KiB
[    4.998677] pages number: 262144
[    4.998988] pages per sector: 32
[    4.999291] bus width: 8
[    4.999565] bits in sector size: 14
[    4.999890] bits in page size: 9
[    5.000206] bits in OOB size: 4
[    5.000523] flash size with OOB: 135168 KiB
[    5.001080] page address bytes: 4
[    5.001402] sector address bytes: 3
[    5.001733] options: 0x42
[    5.102083] Scanning device for bad blocks
[    6.574531] ata2.01: NODEV after polling detection
[    6.576770] ata2.00: ATAPI: QEMU DVD-ROM, 2.5+, max UDMA/100
[    6.579411] ata1.01: NODEV after polling detection
[    6.585380] ata1.00: ATA-7: QEMU HARDDISK, 2.5+, max UDMA/100
[    6.586001] ata1.00: 2097152 sectors, multi 16: LBA48 
[    6.588485] ata2.00: configured for UDMA/33
[    6.591472] ata1.00: configured for UDMA/33
[    6.602013] scsi 0:0:0:0: Direct-Access     ATA      QEMU HARDDISK    2.5+ PQ: 0 ANSI: 5
[    6.621868] sd 0:0:0:0: [sda] 2097152 512-byte logical blocks: (1.07 GB/1.00 GiB)
[    6.624213] scsi 1:0:0:0: CD-ROM            QEMU     QEMU DVD-ROM     2.5+ PQ: 0 ANSI: 5
[    6.641353] sd 0:0:0:0: [sda] Write Protect is off
[    6.642042] sd 0:0:0:0: [sda] Mode Sense: 00 3a 00 00
[    6.644146] sd 0:0:0:0: [sda] Write cache: enabled, read cache: enabled, doesn't support DPO or FUA
[    6.660242]  sda: sda1
[    6.676658] sd 0:0:0:0: [sda] Attached SCSI disk
[    6.677572] Creating 11 MTD partitions on "NAND 128MiB 1,8V 8-bit":
[    6.678515] 0x000000000000-0x000000100000 : "NAND simulator partition 0"
[    6.692153] 0x000000100000-0x000000200000 : "NAND simulator partition 1"
[    6.705049] 0x000000200000-0x000000300000 : "NAND simulator partition 2"
[    6.718104] 0x000000300000-0x000000400000 : "NAND simulator partition 3"
[    6.731142] 0x000000400000-0x000000500000 : "NAND simulator partition 4"
[    6.744264] 0x000000500000-0x000000600000 : "NAND simulator partition 5"
[    6.757987] 0x000000600000-0x000000700000 : "NAND simulator partition 6"
[    6.771578] 0x000000700000-0x000000800000 : "NAND simulator partition 7"
[    6.785856] 0x000000800000-0x000000900000 : "NAND simulator partition 8"
[    6.798530] 0x000000900000-0x000000a00000 : "NAND simulator partition 9"
[    6.811239] 0x000000a00000-0x000008000000 : "NAND simulator partition 10"
[    6.867066] tun: Universal TUN/TAP device driver, 1.6
[    6.867567] tun: (C) 1999-2004 Max Krasnyansky <maxk@qualcomm.com>
[    6.871937] pcnet32: pcnet32.c:v1.35 21.Apr.2008 tsbogend@alpha.franken.de
[    6.873702] e1000: Intel(R) PRO/1000 Network Driver - version 7.3.21-k8-NAPI
[    6.874275] e1000: Copyright (c) 1999-2006 Intel Corporation.
[    6.875462] PCI: Enabling device 0000:00:13.0 (0000 -> 0003)
[    7.201561] e1000 0000:00:13.0 eth0: (PCI:33MHz:32-bit) 52:54:00:12:34:56
[    7.202425] e1000 0000:00:13.0 eth0: Intel(R) PRO/1000 Network Connection
[    7.203336] PCI: Enabling device 0000:00:14.0 (0000 -> 0003)
[    7.470429] cfg80211: Calling CRDA to update world regulatory domain
[    7.523618] e1000 0000:00:14.0 eth1: (PCI:33MHz:32-bit) 52:54:00:12:34:57
[    7.524373] e1000 0000:00:14.0 eth1: Intel(R) PRO/1000 Network Connection
[    7.525517] PCI: Enabling device 0000:00:15.0 (0000 -> 0003)
[    7.847234] e1000 0000:00:15.0 eth2: (PCI:33MHz:32-bit) 52:54:00:12:34:58
[    7.847982] e1000 0000:00:15.0 eth2: Intel(R) PRO/1000 Network Connection
[    7.849067] PCI: Enabling device 0000:00:16.0 (0000 -> 0003)
[    8.171852] e1000 0000:00:16.0 eth3: (PCI:33MHz:32-bit) 52:54:00:12:34:59
[    8.172636] e1000 0000:00:16.0 eth3: Intel(R) PRO/1000 Network Connection
[    8.174669] e1000e: Intel(R) PRO/1000 Network Driver - 2.3.2-k
[    8.175179] e1000e: Copyright(c) 1999 - 2014 Intel Corporation.
[    8.181289] PPP generic driver version 2.4.2
[    8.184044] PPP Deflate Compression module registered
[    8.185059] PPP MPPE Compression module registered
[    8.185621] NET: Registered protocol family 24
[    8.186553] ehci_hcd: USB 2.0 'Enhanced' Host Controller (EHCI) Driver
[    8.187204] ehci-pci: EHCI PCI platform driver
[    8.188880] ohci_hcd: USB 1.1 'Open' Host Controller (OHCI) Driver
[    8.189533] ohci-pci: OHCI PCI platform driver
[    8.191035] uhci_hcd: USB Universal Host Controller Interface driver
[    8.193327] uhci_hcd 0000:00:0a.2: UHCI Host Controller
[    8.194328] uhci_hcd 0000:00:0a.2: new USB bus registered, assigned bus number 1
[    8.195696] uhci_hcd 0000:00:0a.2: irq 11, io base 0x00001440
[    8.210284] hub 1-0:1.0: USB hub found
[    8.211281] hub 1-0:1.0: 2 ports detected
[    8.223952] usbcore: registered new interface driver usb-storage
[    8.229683] mousedev: PS/2 mouse device common for all mice
[    8.237978] rtc_cmos rtc_cmos: rtc core: registered rtc_cmos as rtc0
[    8.238974] rtc_cmos rtc_cmos: alarms up to one day, 242 bytes nvram
[    8.240992] i2c /dev entries driver
[    8.242624] piix4_smbus 0000:00:0a.3: SMBus Host Controller at 0x1100, revision 0
[    8.248956] sdhci: Secure Digital Host Controller Interface driver
[    8.249459] sdhci: Copyright(c) Pierre Ossman
[    8.252512] hidraw: raw HID events driver (C) Jiri Kosina
[    8.277353] usbcore: registered new interface driver usbhid
[    8.277830] usbhid: USB HID core driver
[    8.279226] Netfilter messages via NETLINK v0.30.
[    8.281104] nf_conntrack version 0.5.0 (3923 buckets, 15692 max)
[    8.285476] ctnetlink v0.93: registering with nfnetlink.
[    8.293044] ipip: IPv4 over IPv4 tunneling driver
[    8.309279] ip_tables: (C) 2000-2006 Netfilter Core Team
[    8.313119] arp_tables: (C) 2002 David S. Miller
[    8.315544] Initializing XFRM netlink socket
[    8.317247] NET: Registered protocol family 10
[    8.347046] ip6_tables: (C) 2000-2006 Netfilter Core Team
[    8.351985] sit: IPv6 over IPv4 tunneling driver
[    8.374881] NET: Registered protocol family 17
[    8.376086] bridge: automatic filtering via arp/ip/ip6tables has been deprecated. Update your scripts to load br_netfilter if you need this.
[    8.377724] Bridge firewalling registered
[    8.378287] Ebtables v2.0 registered
[    8.381303] 8021q: 802.1Q VLAN Support v1.8
[    8.409451] rtc_cmos rtc_cmos: setting system clock to 2025-07-23 01:48:16 UTC (1753235296)
[    8.437018] EXT2-fs (sda1): warning: mounting unchecked fs, running e2fsck is recommended
[    8.439623] VFS: Mounted root (ext2 filesystem) on device 8:1.
[    8.451486] Freeing YAMON memory: 956k freed
[    8.465561] Freeing unused kernel memory: 260K (8081f000 - 80860000)
[    8.477225] spurious 8259A interrupt: IRQ7.
[    8.583003] firmadyne: sys_reboot[PID: 48 (init)]: magic1:fee1dead, magic2:28121969, cmd:0
init started:  BusyBox v1.00 (2009.03.06-06:20+0000) multi-call binary
init started:  BusyBox v1.00 (2009.03.06-06:20+0000) multi-call binary
Starting pid 50, console /dev/ttyS0: '/usr/etc/rcS'
[    8.900395] firmadyne: do_execve: /firmadyne/console
[    8.901475] OFFSETS: offset of pid: 0x198 offset of comm: 0x278
[   10.613220] cfg80211: Calling CRDA to update world regulatory domain
insmod: cannot open module `/lib/modules/vnet.ko': No such file or directory
[   13.558436] random: nonblocking pool is initialized
[   13.593769] firmadyne: ioctl: 0x1
insmod finish
[   13.757138] cfg80211: Calling CRDA to update world regulatory domain
BcmAtm_Initialize: open error 6
/usr/sbin/atmctl: ATM driver return code, state error
BcmAdsl : open error 6
/usr/sbin/adslctl: BcmAdsl_Initialize error
BcmAdsl : open error 6
/usr/sbin/adslctl->ConnectionHandler: BcmAdsl_ConnectionStart error
BcmAtm_Initialize: open error 6
ATM Operation Failed , 2 
/usr/sbin/atmctl: ATM driver return code, state error
[   14.052175] firmadyne: sys_socket[PID: 103 (brctl)]: family:2, type:2, protocol:0
[   14.127848] firmadyne: sys_socket[PID: 104 (brctl)]: family:2, type:2, protocol:0
[   14.192085] firmadyne: sys_socket[PID: 105 (ifconfig)]: family:2, type:1, protocol:0
[   14.207661] IPv6: ADDRCONF(NETDEV_UP): eth0: link is not ready
[   14.208408] 8021q: adding VLAN 0 to HW filter on device eth0
[   14.214530] e1000: eth0 NIC Link is Up 1000 Mbps Full Duplex, Flow Control: RX
[   14.217003] IPv6: ADDRCONF(NETDEV_CHANGE): eth0: link becomes ready
[   14.279338] firmadyne: sys_socket[PID: 106 (brctl)]: family:2, type:2, protocol:0
[   14.281405] firmadyne: sys_socket[PID: 106 (brctl)]: family:10, type:1, protocol:0
[   14.283797] firmadyne: br_add_if[PID: 106 (brctl)]: br:br0 dev:eth0
[   14.290772] device eth0 entered promiscuous mode
[   14.356148] firmadyne: sys_socket[PID: 107 (ifconfig)]: family:2, type:1, protocol:0
[   14.369168] IPv6: ADDRCONF(NETDEV_UP): eth1: link is not ready
[   14.369901] 8021q: adding VLAN 0 to HW filter on device eth1
[   14.375192] e1000: eth1 NIC Link is Up 1000 Mbps Full Duplex, Flow Control: RX
[   14.376591] IPv6: ADDRCONF(NETDEV_CHANGE): eth1: link becomes ready
[   14.437069] firmadyne: sys_socket[PID: 108 (brctl)]: family:2, type:2, protocol:0
[   14.438729] firmadyne: sys_socket[PID: 108 (brctl)]: family:10, type:1, protocol:0
[   14.440661] firmadyne: br_add_if[PID: 108 (brctl)]: br:br0 dev:eth1
[   14.446761] device eth1 entered promiscuous mode
[   14.572723] firmadyne: sys_socket[PID: 110 (ifconfig)]: family:2, type:1, protocol:0
[   14.576128] firmadyne: __inet_insert_ifa[PID: 110 (ifconfig)]: device:lo ifa:0x7f000001
[   14.580279] firmadyne: __inet_insert_ifa[PID: 110 (ifconfig)]: device:lo ifa:0x7f000001
[   14.648357] firmadyne: sys_socket[PID: 111 (route)]: family:2, type:1, protocol:0
[   14.977562] firmadyne: sys_socket[PID: 114 (klogd)]: family:1, type:1, protocol:0
[   14.979829] firmadyne: sys_socket[PID: 114 (klogd)]: family:1, type:2, protocol:0
[   14.994020] firmadyne: sys_socket[PID: 114 (klogd)]: family:1, type:1, protocol:0
[   14.995614] firmadyne: sys_socket[PID: 114 (klogd)]: family:1, type:2, protocol:0
[   15.002882] firmadyne: sys_socket[PID: 114 (klogd)]: family:1, type:1, protocol:0
[   15.004440] firmadyne: sys_socket[PID: 114 (klogd)]: family:1, type:2, protocol:0
[   15.016253] firmadyne: sys_socket[PID: 114 (klogd)]: family:1, type:1, protocol:0
[   15.021617] firmadyne: sys_socket[PID: 114 (klogd)]: family:1, type:2, protocol:0
[   15.024617] firmadyne: sys_socket[PID: 114 (klogd)]: family:1, type:1, protocol:0
[   15.034843] firmadyne: sys_socket[PID: 114 (klogd)]: family:1, type:2, protocol:0
[   15.038165] firmadyne: sys_socket[PID: 114 (klogd)]: family:1, type:1, protocol:0
[   15.039653] firmadyne: sys_socket[PID: 114 (klogd)]: family:1, type:2, protocol:0
[   15.046844] firmadyne: sys_socket[PID: 114 (klogd)]: family:1, type:1, protocol:0
[   15.048338] firmadyne: sys_socket[PID: 114 (klogd)]: family:1, type:2, protocol:0
[   15.059094] firmadyne: sys_socket[PID: 114 (klogd)]: family:1, type:1, protocol:0
[   15.060598] firmadyne: sys_socket[PID: 114 (klogd)]: family:1, type:2, protocol:0
[   15.071284] firmadyne: sys_socket[PID: 114 (klogd)]: family:1, type:1, protocol:0
[   15.072814] firmadyne: sys_socket[PID: 114 (klogd)]: family:1, type:2, protocol:0
[   15.076175] firmadyne: sys_socket[PID: 114 (klogd)]: family:1, type:1, protocol:0
[   15.077926] firmadyne: sys_socket[PID: 114 (klogd)]: family:1, type:2, protocol:0
nvram_init: Initializing NVRAM...[   15.089301] firmadyne: sys_socket[PID: 114 (klogd)]: family:1, type:1, protocol:0
[   15.090850] firmadyne: sys_socket[PID: 114 (klogd)]: family:1, type:2, protocol:0

sem_get: Key: 41012003
[   15.098554] firmadyne: sys_socket[PID: 114 (klogd)]: family:1, type:1, protocol:0
[   15.100090] firmadyne: sys_socket[PID: 114 (klogd)]: family:1, type:2, protocol:0
[   15.110684] firmadyne: sys_socket[PID: 114 (klogd)]: family:1, type:1, protocol:0
[   15.112222] firmadyne: sys_socket[PID: 114 (klogd)]: family:1, type:2, protocol:0
[   15.115475] firmadyne: sys_socket[PID: 114 (klogd)]: family:1, type:1, protocol:0
sem_get: Key: 410f00a8
nvram_set_default_builtin: Setting built-in default values!
[   15.125198] firmadyne: sys_socket[PID: 114 (klogd)]: family:1, type:2, protocol:0
[   15.128276] firmadyne: sys_socket[PID: 114 (klogd)]: family:1, type:1, protocol:0
nvram_set: console_loglevel = "7[   15.133684] firmadyne: sys_socket[PID: 114 (klogd)]: family:1, type:2, protocol:0
[   15.136723] firmadyne: sys_socket[PID: 114 (klogd)]: family:1, type:1, protocol:0
"
sem_get: Key: 410f00a8
sem_get: Key: 410f00a8[   15.145763] firmadyne: sys_socket[PID: 114 (klogd)]: family:1, type:2, protocol:0
[   15.148812] firmadyne: sys_socket[PID: 114 (klogd)]: family:1, type:1, protocol:0

nvram_set: restore_defaults = "1"
sem_get[   15.159197] firmadyne: sys_socket[PID: 114 (klogd)]: family:1, type:2, protocol:0
[   15.164452] firmadyne: sys_socket[PID: 114 (klogd)]: family:1, type:1, protocol:0
: Key: 410f00a8
sem_get: Key: 410f00a8
[   15.173864] firmadyne: sys_socket[PID: 114 (klogd)]: family:1, type:2, protocol:0
[   15.177987] firmadyne: sys_socket[PID: 114 (klogd)]: family:1, type:1, protocol:0
[   15.179811] firmadyne: sys_socket[PID: 114 (klogd)]: family:1, type:2, protocol:0
nvram_set: sku_name = ""
[   15.187267] firmadyne: sys_socket[PID: 114 (klogd)]: family:1, type:1, protocol:0
[   15.188799] firmadyne: sys_socket[PID: 114 (klogd)]: family:1, type:2, protocol:0
sem_get: Key: 410f00a8
sem_get: Key: 410f00a8
nvram_set: wla_wlanstate = ""
sem_get: Key: [   15.203179] firmadyne: sys_socket[PID: 114 (klogd)]: family:1, type:1, protocol:0
[   15.204702] firmadyne: sys_socket[PID: 114 (klogd)]: family:1, type:2, protocol:0
[   15.208078] firmadyne: sys_socket[PID: 114 (klogd)]: family:1, type:1, protocol:0
[   15.209807] firmadyne: sys_socket[PID: 114 (klogd)]: family:1, type:2, protocol:0
[   15.212759] firmadyne: sys_socket[PID: 114 (klogd)]: family:1, type:1, protocol:0
410f00a8
sem_get: Key: 410f00a8
nvram_set: lan_if = "br0"
sem_get: Key: 410f00a8
[   15.225646] firmadyne: sys_socket[PID: 114 (klogd)]: family:1, type:2, protocol:0
[   15.228662] firmadyne: sys_socket[PID: 114 (klogd)]: family:1, type:1, protocol:0
sem_get: Key: 410f00a8
nvram_set: lan_ipaddr = "192.168.0.50"
[   15.237684] firmadyne: sys_socket[PID: 114 (klogd)]: family:1, type:2, protocol:0
[   15.240706] firmadyne: sys_socket[PID: 114 (klogd)]: family:1, type:1, protocol:0
[   15.242666] firmadyne: sys_socket[PID: 114 (klogd)]: family:1, type:2, protocol:0
[   15.245863] firmadyne: sys_socket[PID: 114 (klogd)]: family:1, type:1, protocol:0
[   15.247353] firmadyne: sys_socket[PID: 114 (klogd)]: family:1, type:2, protocol:0
sem_get: Key: 410f00a8
sem_get: Key: 410f00a8
nvram_set: lan_bipaddr[   15.258859] firmadyne: sys_socket[PID: 114 (klogd)]: family:1, type:1, protocol:0
[   15.260379] firmadyne: sys_socket[PID: 114 (klogd)]: family:1, type:2, protocol:0
 = "192.168.0.255"
sem_get: Key: 410f00a8
[   15.267366] firmadyne: sys_socket[PID: 114 (klogd)]: family:1, type:1, protocol:0
sem_get: Key: 410f00a8
[   15.273188] firmadyne: sys_socket[PID: 114 (klogd)]: family:1, type:2, protocol:0
[   15.276242] firmadyne: sys_socket[PID: 114 (klogd)]: family:1, type:1, protocol:0
nvram_set: lan_netmask = "255.255.255.0"
sem_get: Key: 410f00a8
sem_get[   15.286063] firmadyne: sys_socket[PID: 114 (klogd)]: family:1, type:2, protocol:0
[   15.289431] firmadyne: sys_socket[PID: 114 (klogd)]: family:1, type:1, protocol:0
[   15.290913] firmadyne: sys_socket[PID: 114 (klogd)]: family:1, type:2, protocol:0
: Key: 410f00a8
nvram_set: time_zone[   15.298482] firmadyne: sys_socket[PID: 114 (klogd)]: family:1, type:1, protocol:0
[   15.300014] firmadyne: sys_socket[PID: 114 (klogd)]: family:1, type:2, protocol:0
 = "PST8PDT"
sem_get: Key: 410f00a8
[   15.307039] firmadyne: sys_socket[PID: 114 (klogd)]: family:1, type:1, protocol:0
[   15.308532] firmadyne: sys_socket[PID: 114 (klogd)]: family:1, type:2, protocol:0
sem_get: Key: 410f00a8
nvram_set: wan_hwaddr_def[   15.319505] firmadyne: sys_socket[PID: 114 (klogd)]: family:1, type:1, protocol:0
 = "01:23:45:67:89:ab"
sem_get: Key: 410f00a8
[   15.325305] firmadyne: sys_socket[PID: 114 (klogd)]: family:1, type:2, protocol:0
[   15.328256] firmadyne: sys_socket[PID: 114 (klogd)]: family:1, type:1, protocol:0
sem_get: Key: 410f00a8
[   15.333712] firmadyne: sys_socket[PID: 114 (klogd)]: family:1, type:2, protocol:0
[   15.336628] firmadyne: sys_socket[PID: 114 (klogd)]: family:1, type:1, protocol:0
nvram_set: wan_ifname = "eth0"
sem_get: Key: 410f00a8
[   15.345597] firmadyne: sys_socket[PID: 114 (klogd)]: family:1, type:2, protocol:0
[   15.348508] firmadyne: sys_socket[PID: 114 (klogd)]: family:1, type:1, protocol:0
sem_get: Key: 410f00a8
nvram_set: lan_ifnames = "eth1 eth2 eth3 eth4"
[   15.357614] firmadyne: sys_socket[PID: 114 (klogd)]: family:1, type:2, protocol:0
[   15.360531] firmadyne: sys_socket[PID: 114 (klogd)]: family:1, type:1, protocol:0
sem_get: Key: 410f00a8
sem_get: Key: 410f00a8
nvram_set[   15.369940] firmadyne: sys_socket[PID: 114 (klogd)]: family:1, type:2, protocol:0
[   15.373222] firmadyne: sys_socket[PID: 114 (klogd)]: family:1, type:1, protocol:0
[   15.374821] firmadyne: sys_socket[PID: 114 (klogd)]: family:1, type:2, protocol:0
: ethConver = "1"
sem_get: Key: 410f00a8
[   15.382307] firmadyne: sys_socket[PID: 114 (klogd)]: family:1, type:1, protocol:0
[   15.383834] firmadyne: sys_socket[PID: 114 (klogd)]: family:1, type:2, protocol:0
sem_get: Key: 410f00a8
[   15.391058] firmadyne: sys_socket[PID: 114 (klogd)]: family:1, type:1, protocol:0
[   15.392550] firmadyne: sys_socket[PID: 114 (klogd)]: family:1, type:2, protocol:0
nvram_set: lan_proto = "dhcp"
sem_get: Key: 410f00a8
[   15.403185] firmadyne: sys_socket[PID: 114 (klogd)]: family:1, type:1, protocol:0
[   15.404697] firmadyne: sys_socket[PID: 114 (klogd)]: family:1, type:2, protocol:0
[   15.408029] firmadyne: sys_socket[PID: 114 (klogd)]: family:1, type:1, protocol:0
[   15.409748] firmadyne: sys_socket[PID: 114 (klogd)]: family:1, type:2, protocol:0
[   15.412595] firmadyne: sys_socket[PID: 114 (klogd)]: family:1, type:1, protocol:0
sem_get: Key: 410f00a8
nvram_set: wan_ipaddr = "0.0.0.0"
sem_get: Key: [   15.421829] firmadyne: sys_socket[PID: 114 (klogd)]: family:1, type:2, protocol:0
[   15.424776] firmadyne: sys_socket[PID: 114 (klogd)]: family:1, type:1, protocol:0
410f00a8
sem_get: Key: 410f00a8
nvram_set: wan_netmask[   15.433853] firmadyne: sys_socket[PID: 114 (klogd)]: family:1, type:2, protocol:0
[   15.436827] firmadyne: sys_socket[PID: 114 (klogd)]: family:1, type:1, protocol:0
 = "255.255.255.0"
sem_get: Key: 410f00a8
sem_get: Key: 410f00a8
[   15.445731] firmadyne: sys_socket[PID: 114 (klogd)]: family:1, type:2, protocol:0
[   15.448672] firmadyne: sys_socket[PID: 114 (klogd)]: family:1, type:1, protocol:0
nvram_set: wanif = "eth0"
sem_get: Key: 410f00a8
[   15.457595] firmadyne: sys_socket[PID: 114 (klogd)]: family:1, type:2, protocol:0
[   15.460522] firmadyne: sys_socket[PID: 114 (klogd)]: family:1, type:1, protocol:0
[   15.462523] firmadyne: sys_socket[PID: 114 (klogd)]: family:1, type:2, protocol:0
[   15.465614] firmadyne: sys_socket[PID: 114 (klogd)]: family:1, type:1, protocol:0
[   15.467099] firmadyne: sys_socket[PID: 114 (klogd)]: family:1, type:2, protocol:0
sem_get: Key: 410f00a8
nvram_set: time_zone_x = "0"
sem_get: Key: 410f00a8[   15.478629] firmadyne: sys_socket[PID: 114 (klogd)]: family:1, type:1, protocol:0
[   15.480159] firmadyne: sys_socket[PID: 114 (klogd)]: family:1, type:2, protocol:0

sem_get: Key: 410f00a8
[   15.487444] firmadyne: sys_socket[PID: 114 (klogd)]: family:1, type:1, protocol:0
nvram_set: rip_multicast = "0"
[   15.493604] firmadyne: sys_socket[PID: 114 (klogd)]: family:1, type:2, protocol:0
[   15.496552] firmadyne: sys_socket[PID: 114 (klogd)]: family:1, type:1, protocol:0
sem_get: Key: 410f00a8
sem_get: Key: 410f00a8
nvram_set[   15.505873] firmadyne: sys_socket[PID: 114 (klogd)]: family:1, type:2, protocol:0
[   15.508836] firmadyne: sys_socket[PID: 114 (klogd)]: family:1, type:1, protocol:0
[   15.512105] firmadyne: sys_socket[PID: 114 (klogd)]: family:1, type:2, protocol:0
[   15.515322] firmadyne: sys_socket[PID: 114 (klogd)]: family:1, type:1, protocol:0
[   15.516826] firmadyne: sys_socket[PID: 114 (klogd)]: family:1, type:2, protocol:0
: bs_trustedip_enable = "0"
sem_get: Key: 410f00a8
sem_get: Key: [   15.527307] firmadyne: sys_socket[PID: 114 (klogd)]: family:1, type:1, protocol:0
[   15.528828] firmadyne: sys_socket[PID: 114 (klogd)]: family:1, type:2, protocol:0
410f00a8
nvram_set: et0macaddr = "01:23:45:67:89:ab"
sem_get: Key: 410f00a8[   15.539092] firmadyne: sys_socket[PID: 114 (klogd)]: family:1, type:1, protocol:0
[   15.541093] firmadyne: sys_socket[PID: 114 (klogd)]: family:1, type:2, protocol:0

sem_get: Key: 410f00a8
nvram_set: filter_rule_tbl = "[   15.551461] firmadyne: sys_socket[PID: 114 (klogd)]: family:1, type:1, protocol:0
[   15.553426] firmadyne: sys_socket[PID: 114 (klogd)]: family:1, type:2, protocol:0
[   15.556295] firmadyne: sys_socket[PID: 114 (klogd)]: family:1, type:1, protocol:0
"
sem_get: Key: 410f00a8
[   15.561553] firmadyne: sys_socket[PID: 114 (klogd)]: family:1, type:2, protocol:0
[   15.564504] firmadyne: sys_socket[PID: 114 (klogd)]: family:1, type:1, protocol:0
sem_get: Key: 410f00a8
nvram_set: pppoe2_schedule_config = "127:0:0:23:59"
sem_get[   15.573904] firmadyne: sys_socket[PID: 114 (klogd)]: family:1, type:2, protocol:0
[   15.576852] firmadyne: sys_socket[PID: 114 (klogd)]: family:1, type:1, protocol:0
: Key: 410f00a8
sem_get: Key: 410f00a8
nvram_set: [   15.585969] firmadyne: sys_socket[PID: 114 (klogd)]: family:1, type:2, protocol:0
[   15.589233] firmadyne: sys_socket[PID: 114 (klogd)]: family:1, type:1, protocol:0
[   15.590714] firmadyne: sys_socket[PID: 114 (klogd)]: family:1, type:2, protocol:0
schedule_config = "127:0:0:23:59"
sem_get: Key: 410f00a8
[   15.597916] firmadyne: sys_socket[PID: 114 (klogd)]: family:1, type:1, protocol:0
[   15.599445] firmadyne: sys_socket[PID: 114 (klogd)]: family:1, type:2, protocol:0
sem_get: Key: 410f00a8
[   15.606666] firmadyne: sys_socket[PID: 114 (klogd)]: family:1, type:1, protocol:0
[   15.608195] firmadyne: sys_socket[PID: 114 (klogd)]: family:1, type:2, protocol:0
nvram_set: access_control_mode = "0"
sem_get: Key: 410f00a8
[   15.619261] firmadyne: sys_socket[PID: 114 (klogd)]: family:1, type:1, protocol:0
[   15.621374] firmadyne: sys_socket[PID: 114 (klogd)]: family:1, type:2, protocol:0
[   15.624726] firmadyne: sys_socket[PID: 114 (klogd)]: family:1, type:1, protocol:0
sem_get: Key: 410f00a8
nvram_set: fwpt_df_count = "0"
sem_get: Key: [   15.633893] firmadyne: sys_socket[PID: 114 (klogd)]: family:1, type:2, protocol:0
410f00a8
sem_get: Key: 410f00a8
[   15.641664] firmadyne: sys_socket[PID: 114 (klogd)]: family:1, type:1, protocol:0
[   15.643255] firmadyne: sys_socket[PID: 114 (klogd)]: family:1, type:2, protocol:0
nvram_set: static_if_status = "1"
[   15.650960] firmadyne: sys_socket[PID: 114 (klogd)]: family:1, type:1, protocol:0
[   15.652517] firmadyne: sys_socket[PID: 114 (klogd)]: family:1, type:2, protocol:0
sem_get: Key: 410f00a8
sem_get: Key: 410f00a8
nvram_set[   15.663401] firmadyne: sys_socket[PID: 114 (klogd)]: family:1, type:1, protocol:0
[   15.665389] firmadyne: sys_socket[PID: 114 (klogd)]: family:1, type:2, protocol:0
[   15.668321] firmadyne: sys_socket[PID: 114 (klogd)]: family:1, type:1, protocol:0
: www_relocation = ""
sem_get: Key: 410f00a8[   15.673843] firmadyne: sys_socket[PID: 114 (klogd)]: family:1, type:2, protocol:0
[   15.676846] firmadyne: sys_socket[PID: 114 (klogd)]: family:1, type:1, protocol:0

sem_get: Key: 410f00a8
nvram_set: usb_info_dev0[   15.685592] firmadyne: sys_socket[PID: 114 (klogd)]: family:1, type:2, protocol:0
[   15.688543] firmadyne: sys_socket[PID: 114 (klogd)]: family:1, type:1, protocol:0
 = "A200396E0402FF83@1@14.4G@U@1@USB_Storage;U:;0;0@"
sem_get: Key: 410f00a8
sem_get: Key: 410f00a8
[   15.697805] firmadyne: sys_socket[PID: 114 (klogd)]: family:1, type:2, protocol:0
[   15.700796] firmadyne: sys_socket[PID: 114 (klogd)]: family:1, type:1, protocol:0
[   15.702776] firmadyne: sys_socket[PID: 114 (klogd)]: family:1, type:2, protocol:0
[   15.705975] firmadyne: sys_socket[PID: 114 (klogd)]: family:1, type:1, protocol:0
[   15.707502] firmadyne: sys_socket[PID: 114 (klogd)]: family:1, type:2, protocol:0
nvram_set: usb_info_dev1 = "A200396E0402FF83@1@14.4G@U@1@USB_Storage;U:;0;0@"
sem_get: Key: 410f00a8
[   15.719033] firmadyne: sys_socket[PID: 114 (klogd)]: family:1, type:1, protocol:0
[   15.720592] firmadyne: sys_socket[PID: 114 (klogd)]: family:1, type:2, protocol:0
sem_get: Key: 410f00a8
nvram_set: usb_info_dev2 = "[   15.731300] firmadyne: sys_socket[PID: 114 (klogd)]: family:1, type:1, protocol:0
[   15.733081] firmadyne: sys_socket[PID: 114 (klogd)]: family:1, type:2, protocol:0
A200396E0402FF83@1@14.4G@U@1@USB_Storage;U:;0;0@"
sem_get: Key: 410f00a8
sem_get: Key: 410f00a8
[   15.743074] firmadyne: sys_socket[PID: 114 (klogd)]: family:1, type:1, protocol:0
[   15.744608] firmadyne: sys_socket[PID: 114 (klogd)]: family:1, type:2, protocol:0
nvram_set: usb_info_dev3 = "A200396E0402FF83@1@14.4G@U@1@USB_Storage;U:;0;0@"
sem_get: Key: 410f00a8
[   15.755039] firmadyne: sys_socket[PID: 114 (klogd)]: family:1, type:1, protocol:0
[   15.756580] firmadyne: sys_socket[PID: 114 (klogd)]: family:1, type:2, protocol:0
[   15.760048] firmadyne: sys_socket[PID: 114 (klogd)]: family:1, type:1, protocol:0
[   15.761780] firmadyne: sys_socket[PID: 114 (klogd)]: family:1, type:2, protocol:0
[   15.764721] firmadyne: sys_socket[PID: 114 (klogd)]: family:1, type:1, protocol:0
sem_get: Key: 410f00a8
nvram_set: usb_info_dev4 = "A200396E0402FF83@1@14.4G@U@1@USB_Storage;U:;0;0@[   15.774212] firmadyne: sys_socket[PID: 114 (klogd)]: family:1, type:2, protocol:0
"
sem_get: Key: 410f00a8
[   15.781651] firmadyne: sys_socket[PID: 114 (klogd)]: family:1, type:1, protocol:0
[   15.783233] firmadyne: sys_socket[PID: 114 (klogd)]: family:1, type:2, protocol:0
sem_get: Key: 410f00a8
nvram_set: usb_info_dev5 = "A200396E0402FF83@1@14.4G@U@1@USB_Storage;U:;0;0@"
sem_get: Key: 410f00a8
sem_get: Key: 410f00a8
nvram_set: usb_info_dev6 = "A200396E0402FF83@1@14.4G@U@1@USB_Storage;U:;0;0@"
sem_get: Key: 410f00a8
[   15.817598] firmadyne: sys_socket[PID: 114 (klogd)]: family:1, type:1, protocol:0
[   15.819117] firmadyne: sys_socket[PID: 114 (klogd)]: family:1, type:2, protocol:0
sem_get: Key: 410f00a8
[   15.826420] firmadyne: sys_socket[PID: 114 (klogd)]: family:1, type:1, protocol:0
[   15.827933] firmadyne: sys_socket[PID: 114 (klogd)]: family:1, type:2, protocol:0
nvram_set: usb_info_dev7 = "A200396E0402FF83@1@14.4G@U@1@USB_Storage;U:;0;0@"
[   15.835542] firmadyne: sys_socket[PID: 114 (klogd)]: family:1, type:1, protocol:0
[   15.837472] firmadyne: sys_socket[PID: 114 (klogd)]: family:1, type:2, protocol:0
[   15.840409] firmadyne: sys_socket[PID: 114 (klogd)]: family:1, type:1, protocol:0
sem_get: Key: 410f00a8
sem_get: Key: 410f00a8
nvram_set[   15.849975] firmadyne: sys_socket[PID: 114 (klogd)]: family:1, type:2, protocol:0
: usb_info_dev8 = "A200396E0402FF83@1@14.4G@U@1@USB_Storage;U:;0;0@"
sem_get: Key: 410f00a8
[   15.861329] firmadyne: sys_socket[PID: 114 (klogd)]: family:1, type:1, protocol:0
[   15.862853] firmadyne: sys_socket[PID: 114 (klogd)]: family:1, type:2, protocol:0
[   15.866100] firmadyne: sys_socket[PID: 114 (klogd)]: family:1, type:1, protocol:0
[   15.867581] firmadyne: sys_socket[PID: 114 (klogd)]: family:1, type:2, protocol:0
sem_get: Key: 410f00a8
[   15.874793] firmadyne: sys_socket[PID: 114 (klogd)]: family:1, type:1, protocol:0
[   15.876296] firmadyne: sys_socket[PID: 114 (klogd)]: family:1, type:2, protocol:0
nvram_set: usb_info_dev9 = "A200396E0402FF83@1@14.4G@U@1@USB_Storage;U:;0;0@"
sem_get: Key: 410f00a8
sem_get[   15.887275] firmadyne: sys_socket[PID: 114 (klogd)]: family:1, type:1, protocol:0
[   15.888809] firmadyne: sys_socket[PID: 114 (klogd)]: family:1, type:2, protocol:0
: Key: 410f00a8
nvram_set: usb_info_dev10 = "A200396E0402FF83@1@14.4G@U@1@USB_Storage;U:;0;0@"
sem_get: Key: [   15.899436] firmadyne: sys_socket[PID: 114 (klogd)]: family:1, type:1, protocol:0
[   15.901386] firmadyne: sys_socket[PID: 114 (klogd)]: family:1, type:2, protocol:0
[   15.904381] firmadyne: sys_socket[PID: 114 (klogd)]: family:1, type:1, protocol:0
410f00a8
sem_get: Key: [   15.911181] firmadyne: sys_socket[PID: 114 (klogd)]: family:1, type:2, protocol:0
[   15.914465] firmadyne: sys_socket[PID: 114 (klogd)]: family:1, type:1, protocol:0
[   15.915956] firmadyne: sys_socket[PID: 114 (klogd)]: family:1, type:2, protocol:0
410f00a8
nvram_set: usb_info_dev11 = "A200396E0402FF83@1@14.4G@U@1@USB_Storage;U:;0;0@"
sem_get: Key: 410f00a8
[   15.927414] firmadyne: sys_socket[PID: 114 (klogd)]: family:1, type:1, protocol:0
sem_get: Key: 410f00a8
[   15.933195] firmadyne: sys_socket[PID: 114 (klogd)]: family:1, type:2, protocol:0
[   15.936236] firmadyne: sys_socket[PID: 114 (klogd)]: family:1, type:1, protocol:0
nvram_set: usb_info_dev12 = "A200396E0402FF83@1@14.4G@U@1@USB_Storage;U:;0;0@[   15.942000] firmadyne: sys_socket[PID: 114 (klogd)]: family:1, type:2, protocol:0
"
sem_get: Key: 410f00a8
[   15.949508] firmadyne: sys_socket[PID: 114 (klogd)]: family:1, type:1, protocol:0
[   15.951066] firmadyne: sys_socket[PID: 114 (klogd)]: family:1, type:2, protocol:0
sem_get: Key: 410f00a8
[   15.958478] firmadyne: sys_socket[PID: 114 (klogd)]: family:1, type:1, protocol:0
[   15.960137] firmadyne: sys_socket[PID: 114 (klogd)]: family:1, type:2, protocol:0
nvram_set: usb_info_dev13 = "A200396E0402FF83@1@14.4G@U@1@USB_Storage;U:;0;0@"
[   15.967890] firmadyne: sys_socket[PID: 114 (klogd)]: family:1, type:1, protocol:0
sem_get: Key: 410f00a8
[   15.974291] firmadyne: sys_socket[PID: 114 (klogd)]: family:1, type:2, protocol:0
sem_get: Key: 410f00a8
[   15.982157] firmadyne: sys_socket[PID: 114 (klogd)]: family:1, type:1, protocol:0
[   15.983690] firmadyne: sys_socket[PID: 114 (klogd)]: family:1, type:2, protocol:0
nvram_set: usb_info_dev14 = "A200396E0402FF83@1@14.4G@U@1@USB_Storage;U:;0;0@"
[   15.990830] firmadyne: sys_socket[PID: 114 (klogd)]: family:1, type:1, protocol:0
[   15.992326] firmadyne: sys_socket[PID: 114 (klogd)]: family:1, type:2, protocol:0
sem_get: Key: 410f00a8
sem_get: Key: 410f00a8
nvram_set[   16.003362] firmadyne: sys_socket[PID: 114 (klogd)]: family:1, type:1, protocol:0
: usb_info_dev15 = "A200396E0402FF83@1@14.4G@U@1@USB_Storage;U:;0;0@"
sem_get: Key: 410f00a8[   16.009495] firmadyne: sys_socket[PID: 114 (klogd)]: family:1, type:2, protocol:0
[   16.012576] firmadyne: sys_socket[PID: 114 (klogd)]: family:1, type:1, protocol:0

sem_get: Key: 410f00a8
nvram_set: usb_info_dev16 = "[   16.021727] firmadyne: sys_socket[PID: 114 (klogd)]: family:1, type:2, protocol:0
[   16.024804] firmadyne: sys_socket[PID: 114 (klogd)]: family:1, type:1, protocol:0
[   16.026746] firmadyne: sys_socket[PID: 114 (klogd)]: family:1, type:2, protocol:0
[   16.029985] firmadyne: sys_socket[PID: 114 (klogd)]: family:1, type:1, protocol:0
[   16.031472] firmadyne: sys_socket[PID: 114 (klogd)]: family:1, type:2, protocol:0
A200396E0402FF83@1@14.4G@U@1@USB_Storage;U:;0;0@"
sem_get: Key: 410f00a8
sem_get: Key: 410f00a8
[   16.042759] firmadyne: sys_socket[PID: 114 (klogd)]: family:1, type:1, protocol:0
[   16.044272] firmadyne: sys_socket[PID: 114 (klogd)]: family:1, type:2, protocol:0
nvram_set: usb_info_dev17 = "A200396E0402FF83@1@14.4G@U@1@USB_Storage;U:;0;0@"
[   16.051454] firmadyne: sys_socket[PID: 114 (klogd)]: family:1, type:1, protocol:0
sem_get: Key: 410f00a8
sem_get[   16.057639] firmadyne: sys_socket[PID: 114 (klogd)]: family:1, type:2, protocol:0
[   16.060750] firmadyne: sys_socket[PID: 114 (klogd)]: family:1, type:1, protocol:0
: Key: 410f00a8
nvram_set: usb_info_dev18 = "A200396E0402FF83@1@14.4G@U@1@USB_Storage;U:;0;0@"
sem_get: Key: [   16.069928] firmadyne: sys_socket[PID: 114 (klogd)]: family:1, type:2, protocol:0
[   16.073303] firmadyne: sys_socket[PID: 114 (klogd)]: family:1, type:1, protocol:0
[   16.074803] firmadyne: sys_socket[PID: 114 (klogd)]: family:1, type:2, protocol:0
410f00a8
sem_get: Key: 410f00a8
[   16.082437] firmadyne: sys_socket[PID: 114 (klogd)]: family:1, type:1, protocol:0
[   16.083980] firmadyne: sys_socket[PID: 114 (klogd)]: family:1, type:2, protocol:0
nvram_set: usb_info_dev19 = "A200396E0402FF83@1@14.4G@U@1@USB_Storage;U:;0;0@[   16.091658] firmadyne: sys_socket[PID: 114 (klogd)]: family:1, type:1, protocol:0
"
sem_get: Key: 410f00a8
[   16.097426] firmadyne: sys_socket[PID: 114 (klogd)]: family:1, type:2, protocol:0
[   16.100672] firmadyne: sys_socket[PID: 114 (klogd)]: family:1, type:1, protocol:0
sem_get: Key: 410f00a8
nvram_set: usb_info_dev20 = "A200396E0402FF83@1@14.4G@U@1@USB_Storage;U:;0;0@"
[   16.111316] firmadyne: sys_socket[PID: 114 (klogd)]: family:1, type:2, protocol:0
[   16.114627] firmadyne: sys_socket[PID: 114 (klogd)]: family:1, type:1, protocol:0
[   16.116110] firmadyne: sys_socket[PID: 114 (klogd)]: family:1, type:2, protocol:0
sem_get: Key: 410f00a8
[   16.123560] firmadyne: sys_socket[PID: 114 (klogd)]: family:1, type:1, protocol:0
sem_get: Key: 410f00a8
nvram_set[   16.129652] firmadyne: sys_socket[PID: 114 (klogd)]: family:1, type:2, protocol:0
[   16.132764] firmadyne: sys_socket[PID: 114 (klogd)]: family:1, type:1, protocol:0
: usb_info_dev21 = "A200396E0402FF83@1@14.4G@U@1@USB_Storage;U:;0;0@"
sem_get: Key: 410f00a8
sem_get: Key: [   16.141846] firmadyne: sys_socket[PID: 114 (klogd)]: family:1, type:2, protocol:0
410f00a8
nvram_set: usb_info_dev22[   16.149334] firmadyne: sys_socket[PID: 114 (klogd)]: family:1, type:1, protocol:0
[   16.150876] firmadyne: sys_socket[PID: 114 (klogd)]: family:1, type:2, protocol:0
 = "A200396E0402FF83@1@14.4G@U@1@USB_Storage;U:;0;0@"
sem_get: Key: 410f00a8
[   16.158749] firmadyne: sys_socket[PID: 114 (klogd)]: family:1, type:1, protocol:0
[   16.160292] firmadyne: sys_socket[PID: 114 (klogd)]: family:1, type:2, protocol:0
sem_get: Key: 410f00a8
[   16.167108] firmadyne: sys_socket[PID: 114 (klogd)]: family:1, type:1, protocol:0
[   16.168602] firmadyne: sys_socket[PID: 114 (klogd)]: family:1, type:2, protocol:0
nvram_set: usb_info_dev23 = "A200396E0402FF83@1@14.4G@U@1@USB_Storage;U:;0;0@"
sem_get: Key: 410f00a8
[   16.179200] firmadyne: sys_socket[PID: 114 (klogd)]: family:1, type:1, protocol:0
[   16.180730] firmadyne: sys_socket[PID: 114 (klogd)]: family:1, type:2, protocol:0
[   16.184149] firmadyne: sys_socket[PID: 114 (klogd)]: family:1, type:1, protocol:0
sem_get: Key: 410f00a8
[   16.189628] firmadyne: sys_socket[PID: 114 (klogd)]: family:1, type:2, protocol:0
[   16.192681] firmadyne: sys_socket[PID: 114 (klogd)]: family:1, type:1, protocol:0
nvram_set: usb_info_dev24 = "A200396E0402FF83@1@14.4G@U@1@USB_Storage;U:;0;0@"
sem_get[   16.201640] firmadyne: sys_socket[PID: 114 (klogd)]: family:1, type:2, protocol:0
[   16.204688] firmadyne: sys_socket[PID: 114 (klogd)]: family:1, type:1, protocol:0
: Key: 410f00a8
sem_get: Key: 410f00a8
nvram_set: [   16.215110] firmadyne: sys_socket[PID: 114 (klogd)]: family:1, type:2, protocol:0
[   16.218397] firmadyne: sys_socket[PID: 114 (klogd)]: family:1, type:1, protocol:0
[   16.220111] firmadyne: sys_socket[PID: 114 (klogd)]: family:1, type:2, protocol:0
usb_info_dev25 = "A200396E0402FF83@1@14.4G@U@1@USB_Storage;U:;0;0@"
sem_get: Key: 410f00a8
sem_get: Key: 410f00a8
[   16.231603] firmadyne: sys_socket[PID: 114 (klogd)]: family:1, type:1, protocol:0
nvram_set: usb_info_dev26 = "A200396E0402FF83@1@14.4G@U@1@USB_Storage;U:;0;0@[   16.237939] firmadyne: sys_socket[PID: 114 (klogd)]: family:1, type:2, protocol:0
"
sem_get: Key: 410f00a8
[   16.245494] firmadyne: sys_socket[PID: 114 (klogd)]: family:1, type:1, protocol:0
[   16.247075] firmadyne: sys_socket[PID: 114 (klogd)]: family:1, type:2, protocol:0
sem_get: Key: 410f00a8
nvram_set[   16.254767] firmadyne: sys_socket[PID: 114 (klogd)]: family:1, type:1, protocol:0
[   16.256329] firmadyne: sys_socket[PID: 114 (klogd)]: family:1, type:2, protocol:0
: usb_info_dev27 = "A200396E0402FF83@1@14.4G@U@1@USB_Storage;U:;0;0@"
sem_get[   16.263326] firmadyne: sys_socket[PID: 114 (klogd)]: family:1, type:1, protocol:0
: Key: 410f00a8
sem_get: Key: 410f00a8[   16.269719] firmadyne: sys_socket[PID: 114 (klogd)]: family:1, type:2, protocol:0
[   16.272851] firmadyne: sys_socket[PID: 114 (klogd)]: family:1, type:1, protocol:0

nvram_set: usb_info_dev28 = "A200396E0402FF83@1@14.4G@U@1@USB_Storage;U:;0;0@"
sem_get: Key: 410f00a8[   16.281748] firmadyne: sys_socket[PID: 114 (klogd)]: family:1, type:2, protocol:0
[   16.284853] firmadyne: sys_socket[PID: 114 (klogd)]: family:1, type:1, protocol:0
[   16.286823] firmadyne: sys_socket[PID: 114 (klogd)]: family:1, type:2, protocol:0
[   16.290234] firmadyne: sys_socket[PID: 114 (klogd)]: family:1, type:1, protocol:0
[   16.291768] firmadyne: sys_socket[PID: 114 (klogd)]: family:1, type:2, protocol:0

sem_get: Key: 410f00a8
nvram_set: usb_info_dev29 = "A200396E0402FF83@1@14.4G@U@1@USB_Storage;U:;0;0@[   16.303482] firmadyne: sys_socket[PID: 114 (klogd)]: family:1, type:1, protocol:0
"
sem_get: Key: 410f00a8
[   16.310611] firmadyne: sys_socket[PID: 114 (klogd)]: family:1, type:2, protocol:0
[   16.314051] firmadyne: sys_socket[PID: 114 (klogd)]: family:1, type:1, protocol:0
[   16.315592] firmadyne: sys_socket[PID: 114 (klogd)]: family:1, type:2, protocol:0
sem_get: Key: 410f00a8
nvram_set: usb_info_dev30 = "A200396E0402FF83@1@14.4G@U@1@USB_Storage;U:;0;0@"
sem_get[   16.326964] firmadyne: sys_socket[PID: 114 (klogd)]: family:1, type:1, protocol:0
[   16.328532] firmadyne: sys_socket[PID: 114 (klogd)]: family:1, type:2, protocol:0
: Key: 410f00a8
sem_get: Key: 410f00a8
nvram_set: usb_info_dev31 = "A200396E0402FF83@1@14.4G@U@1@USB_Storage;U:;0;0@"
sem_get: Key: 410f00a8
sem_get: Key: 410f00a8
nvram_set: usb_info_dev32[   16.361827] firmadyne: sys_socket[PID: 114 (klogd)]: family:1, type:1, protocol:0
[   16.363440] firmadyne: sys_socket[PID: 114 (klogd)]: family:1, type:2, protocol:0
 = "A200396E0402FF83@1@14.4G@U@1@USB_Storage;U:;0;0@"
sem_get: Key: 410f00a8
[   16.370888] firmadyne: sys_socket[PID: 114 (klogd)]: family:1, type:1, protocol:0
[   16.372452] firmadyne: sys_socket[PID: 114 (klogd)]: family:1, type:2, protocol:0
sem_get: Key: 410f00a8
nvram_set[   16.383502] firmadyne: sys_socket[PID: 114 (klogd)]: family:1, type:1, protocol:0
[   16.385452] firmadyne: sys_socket[PID: 114 (klogd)]: family:1, type:2, protocol:0
[   16.388438] firmadyne: sys_socket[PID: 114 (klogd)]: family:1, type:1, protocol:0
: usb_info_dev33 = "A200396E0402FF83@1@14.4G@U@1@USB_Storage;U:;0;0@"
sem_get: Key: 410f00a8
sem_get: Key: 410f00a8[   16.398036] firmadyne: sys_socket[PID: 114 (klogd)]: family:1, type:2, protocol:0

nvram_set: usb_info_dev34 = "[   16.405398] firmadyne: sys_socket[PID: 114 (klogd)]: family:1, type:1, protocol:0
[   16.406937] firmadyne: sys_socket[PID: 114 (klogd)]: family:1, type:2, protocol:0
A200396E0402FF83@1@14.4G@U@1@USB_Storage;U:;0;0@"
sem_get: Key: 410f00a8
[   16.414374] firmadyne: sys_socket[PID: 114 (klogd)]: family:1, type:1, protocol:0
[   16.415904] firmadyne: sys_socket[PID: 114 (klogd)]: family:1, type:2, protocol:0
sem_get: Key: 410f00a8
[   16.423170] firmadyne: sys_socket[PID: 114 (klogd)]: family:1, type:1, protocol:0
[   16.424684] firmadyne: sys_socket[PID: 114 (klogd)]: family:1, type:2, protocol:0
nvram_set: usb_info_dev35 = "A200396E0402FF83@1@14.4G@U@1@USB_Storage;U:;0;0@[   16.431567] firmadyne: sys_socket[PID: 114 (klogd)]: family:1, type:1, protocol:0
"
sem_get: Key: 410f00a8
[   16.437453] firmadyne: sys_socket[PID: 114 (klogd)]: family:1, type:2, protocol:0
[   16.440609] firmadyne: sys_socket[PID: 114 (klogd)]: family:1, type:1, protocol:0
sem_get: Key: 410f00a8
nvram_set: usb_info_dev36 = "A200396E0402FF83@1@14.4G@U@1@USB_Storage;U:;0;0@"
[   16.449633] firmadyne: sys_socket[PID: 114 (klogd)]: family:1, type:2, protocol:0
[   16.452714] firmadyne: sys_socket[PID: 114 (klogd)]: family:1, type:1, protocol:0
sem_get: Key: 410f00a8
sem_get: Key: 410f00a8
[   16.461615] firmadyne: sys_socket[PID: 114 (klogd)]: family:1, type:2, protocol:0
[   16.464676] firmadyne: sys_socket[PID: 114 (klogd)]: family:1, type:1, protocol:0
[   16.466607] firmadyne: sys_socket[PID: 114 (klogd)]: family:1, type:2, protocol:0
[   16.469866] firmadyne: sys_socket[PID: 114 (klogd)]: family:1, type:1, protocol:0
[   16.471358] firmadyne: sys_socket[PID: 114 (klogd)]: family:1, type:2, protocol:0
nvram_set: usb_info_dev37 = "A200396E0402FF83@1@14.4G@U@1@USB_Storage;U:;0;0@"
sem_get: Key: 410f00a8
sem_get: Key: 410f00a8[   16.483042] firmadyne: sys_socket[PID: 114 (klogd)]: family:1, type:1, protocol:0
[   16.484565] firmadyne: sys_socket[PID: 114 (klogd)]: family:1, type:2, protocol:0

nvram_set: usb_info_dev38 = "A200396E0402FF83@1@14.4G@U@1@USB_Storage;U:;0;0@"
sem_get: Key: 410f00a8
[   16.495352] firmadyne: sys_socket[PID: 114 (klogd)]: family:1, type:1, protocol:0
[   16.497089] firmadyne: sys_socket[PID: 114 (klogd)]: family:1, type:2, protocol:0
sem_get: Key: 410f00a8
nvram_set: usb_info_dev39 = "[   16.507141] firmadyne: sys_socket[PID: 114 (klogd)]: family:1, type:1, protocol:0
[   16.508661] firmadyne: sys_socket[PID: 114 (klogd)]: family:1, type:2, protocol:0
[   16.513841] firmadyne: sys_socket[PID: 114 (klogd)]: family:1, type:1, protocol:0
[   16.515347] firmadyne: sys_socket[PID: 114 (klogd)]: family:1, type:2, protocol:0
A200396E0402FF83@1@14.4G@U@1@USB_Storage;U:;0;0@"
sem_get: Key: 410f00a8
[   16.522992] firmadyne: sys_socket[PID: 114 (klogd)]: family:1, type:1, protocol:0
[   16.524512] firmadyne: sys_socket[PID: 114 (klogd)]: family:1, type:2, protocol:0
sem_get: Key: 410f00a8
nvram_set: usb_info_dev40 = "A200396E0402FF83@1@14.4G@U@1@USB_Storage;U:;0;0@"
[   16.535420] firmadyne: sys_socket[PID: 114 (klogd)]: family:1, type:1, protocol:0
sem_get: Key: 410f00a8
sem_get[   16.541628] firmadyne: sys_socket[PID: 114 (klogd)]: family:1, type:2, protocol:0
[   16.544743] firmadyne: sys_socket[PID: 114 (klogd)]: family:1, type:1, protocol:0
: Key: 410f00a8
nvram_set: usb_info_dev41 = "A200396E0402FF83@1@14.4G@U@1@USB_Storage;U:;0;0@"
sem_get[   16.553929] firmadyne: sys_socket[PID: 114 (klogd)]: family:1, type:2, protocol:0
[   16.557334] firmadyne: sys_socket[PID: 114 (klogd)]: family:1, type:1, protocol:0
[   16.558842] firmadyne: sys_socket[PID: 114 (klogd)]: family:1, type:2, protocol:0
: Key: 410f00a8
sem_get: Key: 410f00a8[   16.566409] firmadyne: sys_socket[PID: 114 (klogd)]: family:1, type:1, protocol:0
[   16.567945] firmadyne: sys_socket[PID: 114 (klogd)]: family:1, type:2, protocol:0

nvram_set: usb_info_dev42 = "[   16.575418] firmadyne: sys_socket[PID: 114 (klogd)]: family:1, type:1, protocol:0
A200396E0402FF83@1@14.4G@U@1@USB_Storage;U:;0;0@"
sem_get: Key: 410f00a8
[   16.581377] firmadyne: sys_socket[PID: 114 (klogd)]: family:1, type:2, protocol:0
[   16.584456] firmadyne: sys_socket[PID: 114 (klogd)]: family:1, type:1, protocol:0
sem_get: Key: 410f00a8
nvram_set: usb_info_dev43 = "A200396E0402FF83@1@14.4G@U@1@USB_Storage;U:;0;0@"
[   16.593860] firmadyne: sys_socket[PID: 114 (klogd)]: family:1, type:2, protocol:0
[   16.597310] firmadyne: sys_socket[PID: 114 (klogd)]: family:1, type:1, protocol:0
[   16.598881] firmadyne: sys_socket[PID: 114 (klogd)]: family:1, type:2, protocol:0
sem_get: Key: 410f00a8
sem_get[   16.606539] firmadyne: sys_socket[PID: 114 (klogd)]: family:1, type:1, protocol:0
[   16.608074] firmadyne: sys_socket[PID: 114 (klogd)]: family:1, type:2, protocol:0
: Key: 410f00a8
nvram_set[   16.615159] firmadyne: sys_socket[PID: 114 (klogd)]: family:1, type:1, protocol:0
[   16.616682] firmadyne: sys_socket[PID: 114 (klogd)]: family:1, type:2, protocol:0
: usb_info_dev44 = "A200396E0402FF83@1@14.4G@U@1@USB_Storage;U:;0;0@"
sem_get: Key: 410f00a8
sem_get: Key: [   16.627256] firmadyne: sys_socket[PID: 114 (klogd)]: family:1, type:1, protocol:0
[   16.628791] firmadyne: sys_socket[PID: 114 (klogd)]: family:1, type:2, protocol:0
410f00a8
nvram_set: usb_info_dev45 = "A200396E0402FF83@1@14.4G@U@1@USB_Storage;U:;0;0@"
sem_get: Key: 410f00a8[   16.639452] firmadyne: sys_socket[PID: 114 (klogd)]: family:1, type:1, protocol:0
[   16.641416] firmadyne: sys_socket[PID: 114 (klogd)]: family:1, type:2, protocol:0
[   16.644403] firmadyne: sys_socket[PID: 114 (klogd)]: family:1, type:1, protocol:0

sem_get: Key: 410f00a8[   16.649831] firmadyne: sys_socket[PID: 114 (klogd)]: family:1, type:2, protocol:0

nvram_set: usb_info_dev46 = "[   16.657177] firmadyne: sys_socket[PID: 114 (klogd)]: family:1, type:1, protocol:0
[   16.658741] firmadyne: sys_socket[PID: 114 (klogd)]: family:1, type:2, protocol:0
A200396E0402FF83@1@14.4G@U@1@USB_Storage;U:;0;0@"
sem_get: Key: 410f00a8
[   16.666150] firmadyne: sys_socket[PID: 114 (klogd)]: family:1, type:1, protocol:0
[   16.667677] firmadyne: sys_socket[PID: 114 (klogd)]: family:1, type:2, protocol:0
sem_get: Key: 410f00a8
[   16.674872] firmadyne: sys_socket[PID: 114 (klogd)]: family:1, type:1, protocol:0
[   16.676371] firmadyne: sys_socket[PID: 114 (klogd)]: family:1, type:2, protocol:0
nvram_set: usb_info_dev47 = "A200396E0402FF83@1@14.4G@U@1@USB_Storage;U:;0;0@"
sem_get: Key: 410f00a8
[   16.687154] firmadyne: sys_socket[PID: 114 (klogd)]: family:1, type:1, protocol:0
[   16.688656] firmadyne: sys_socket[PID: 114 (klogd)]: family:1, type:2, protocol:0
sem_get: Key: 410f00a8
nvram_set: usb_info_dev48 = "A200396E0402FF83@1@14.4G@U@1@USB_Storage;U:;0;0@"
sem_get[   16.699439] firmadyne: sys_socket[PID: 114 (klogd)]: family:1, type:1, protocol:0
[   16.701389] firmadyne: sys_socket[PID: 114 (klogd)]: family:1, type:2, protocol:0
[   16.704380] firmadyne: sys_socket[PID: 114 (klogd)]: family:1, type:1, protocol:0
: Key: 410f00a8
sem_get[   16.711325] firmadyne: sys_socket[PID: 114 (klogd)]: family:1, type:2, protocol:0
[   16.714621] firmadyne: sys_socket[PID: 114 (klogd)]: family:1, type:1, protocol:0
[   16.716105] firmadyne: sys_socket[PID: 114 (klogd)]: family:1, type:2, protocol:0
: Key: 410f00a8
nvram_set: usb_info_dev49 = "A200396E0402FF83@1@14.4G@U@1@USB_Storage;U:;0;0@"
sem_get: Key: 410f00a8[   16.727477] firmadyne: sys_socket[PID: 114 (klogd)]: family:1, type:1, protocol:0

sem_get: Key: 410f00a8
[   16.733425] firmadyne: sys_socket[PID: 114 (klogd)]: family:1, type:2, protocol:0
[   16.736816] firmadyne: sys_socket[PID: 114 (klogd)]: family:1, type:1, protocol:0
nvram_set: usb_info_dev50 = "A200396E0402FF83@1@14.4G@U@1@USB_Storage;U:;0;0@"
sem_get: Key: [   16.745591] firmadyne: sys_socket[PID: 114 (klogd)]: family:1, type:2, protocol:0
[   16.748615] firmadyne: sys_socket[PID: 114 (klogd)]: family:1, type:1, protocol:0
410f00a8
sem_get: Key: 410f00a8
nvram_set: usb_info_dev51[   16.757846] firmadyne: sys_socket[PID: 114 (klogd)]: family:1, type:2, protocol:0
[   16.761219] firmadyne: sys_socket[PID: 114 (klogd)]: family:1, type:1, protocol:0
[   16.762719] firmadyne: sys_socket[PID: 114 (klogd)]: family:1, type:2, protocol:0
 = "A200396E0402FF83@1@14.4G@U@1@USB_Storage;U:;0;0@"
sem_get: Key: 410f00a8
[   16.770330] firmadyne: sys_socket[PID: 114 (klogd)]: family:1, type:1, protocol:0
[   16.771858] firmadyne: sys_socket[PID: 114 (klogd)]: family:1, type:2, protocol:0
sem_get: Key: 410f00a8
[   16.779164] firmadyne: sys_socket[PID: 114 (klogd)]: family:1, type:1, protocol:0
[   16.780676] firmadyne: sys_socket[PID: 114 (klogd)]: family:1, type:2, protocol:0
nvram_set: usb_info_dev52 = "A200396E0402FF83@1@14.4G@U@1@USB_Storage;U:;0;0@"
sem_get: Key: 410f00a8
[   16.791148] firmadyne: sys_socket[PID: 114 (klogd)]: family:1, type:1, protocol:0
[   16.792657] firmadyne: sys_socket[PID: 114 (klogd)]: family:1, type:2, protocol:0
sem_get: Key: 410f00a8
nvram_set: usb_info_dev53 = "A200396E0402FF83@1@14.4G@U@1@USB_Storage;U:;0;0@"
[   16.803123] firmadyne: sys_socket[PID: 114 (klogd)]: family:1, type:1, protocol:0
[   16.804615] firmadyne: sys_socket[PID: 114 (klogd)]: family:1, type:2, protocol:0
[   16.808049] firmadyne: sys_socket[PID: 114 (klogd)]: family:1, type:1, protocol:0
sem_get: Key: 410f00a8
sem_get[   16.814085] firmadyne: sys_socket[PID: 114 (klogd)]: family:1, type:2, protocol:0
: Key: 410f00a8
nvram_set: usb_info_dev54[   16.821796] firmadyne: sys_socket[PID: 114 (klogd)]: family:1, type:1, protocol:0
[   16.823341] firmadyne: sys_socket[PID: 114 (klogd)]: family:1, type:2, protocol:0
 = "A200396E0402FF83@1@14.4G@U@1@USB_Storage;U:;0;0@"
sem_get: Key: 410f00a8
sem_get: Key: 410f00a8
nvram_set: usb_info_dev55 = "A200396E0402FF83@1@14.4G@U@1@USB_Storage;U:;0;0@"
sem_get: Key: 410f00a8
[   16.853412] firmadyne: sys_socket[PID: 114 (klogd)]: family:1, type:1, protocol:0
[   16.854946] firmadyne: sys_socket[PID: 114 (klogd)]: family:1, type:2, protocol:0
sem_get: Key: 410f00a8
[   16.862223] firmadyne: sys_socket[PID: 114 (klogd)]: family:1, type:1, protocol:0
[   16.863769] firmadyne: sys_socket[PID: 114 (klogd)]: family:1, type:2, protocol:0
nvram_set: usb_info_dev56 = "A200396E0402FF83@1@14.4G@U@1@USB_Storage;U:;0;0@"
[   16.871232] firmadyne: sys_socket[PID: 114 (klogd)]: family:1, type:1, protocol:0
[   16.872753] firmadyne: sys_socket[PID: 114 (klogd)]: family:1, type:2, protocol:0
sem_get: Key: 410f00a8
sem_get: Key: 410f00a8
[   16.883150] firmadyne: sys_socket[PID: 114 (klogd)]: family:1, type:1, protocol:0
[   16.884783] firmadyne: sys_socket[PID: 114 (klogd)]: family:1, type:2, protocol:0
nvram_set: usb_info_dev57 = "A200396E0402FF83@1@14.4G@U@1@USB_Storage;U:;0;0@"
sem_get: Key: 410f00a8
sem_get[   16.895542] firmadyne: sys_socket[PID: 114 (klogd)]: family:1, type:1, protocol:0
[   16.897491] firmadyne: sys_socket[PID: 114 (klogd)]: family:1, type:2, protocol:0
[   16.900473] firmadyne: sys_socket[PID: 114 (klogd)]: family:1, type:1, protocol:0
[   16.902017] cfg80211: Calling CRDA to update world regulatory domain
: Key: 410f00a8
nvram_set: usb_info_dev58 = "A200396E0402FF83@1@14.4G@U@1@USB_Storage;U:;0;0@"
[   16.911281] firmadyne: sys_socket[PID: 114 (klogd)]: family:1, type:2, protocol:0
[   16.914606] firmadyne: sys_socket[PID: 114 (klogd)]: family:1, type:1, protocol:0
[   16.916076] firmadyne: sys_socket[PID: 114 (klogd)]: family:1, type:2, protocol:0
sem_get: Key: 410f00a8
sem_get: Key: 410f00a8
[   16.927154] firmadyne: sys_socket[PID: 114 (klogd)]: family:1, type:1, protocol:0
[   16.928689] firmadyne: sys_socket[PID: 114 (klogd)]: family:1, type:2, protocol:0
nvram_set: usb_info_dev59 = "A200396E0402FF83@1@14.4G@U@1@USB_Storage;U:;0;0@"
sem_get: Key: 410f00a8
[   16.939154] firmadyne: sys_socket[PID: 114 (klogd)]: family:1, type:1, protocol:0
[   16.940664] firmadyne: sys_socket[PID: 114 (klogd)]: family:1, type:2, protocol:0
sem_get: Key: 410f00a8
nvram_set: usb_info_dev60 = "A200396E0402FF83@1@14.4G@U@1@USB_Storage;U:;0;0@"
sem_get[   16.951471] firmadyne: sys_socket[PID: 114 (klogd)]: family:1, type:1, protocol:0
[   16.953424] firmadyne: sys_socket[PID: 114 (klogd)]: family:1, type:2, protocol:0
[   16.956406] firmadyne: sys_socket[PID: 114 (klogd)]: family:1, type:1, protocol:0
: Key: 410f00a8
sem_get[   16.961825] firmadyne: sys_socket[PID: 114 (klogd)]: family:1, type:2, protocol:0
[   16.965090] firmadyne: sys_socket[PID: 114 (klogd)]: family:1, type:1, protocol:0
: Key: 410f00a8
nvram_set: usb_info_dev61 = "A200396E0402FF83@1@14.4G@U@1@USB_Storage;U:;0;0@"
sem_get: Key: [   16.973925] firmadyne: sys_socket[PID: 114 (klogd)]: family:1, type:2, protocol:0
410f00a8
sem_get: Key: 410f00a8[   16.981611] firmadyne: sys_socket[PID: 114 (klogd)]: family:1, type:1, protocol:0
[   16.983331] firmadyne: sys_socket[PID: 114 (klogd)]: family:1, type:2, protocol:0
[   16.987283] firmadyne: sys_socket[PID: 114 (klogd)]: family:1, type:1, protocol:0

nvram_set: usb_info_dev62[   16.993514] firmadyne: sys_socket[PID: 114 (klogd)]: family:1, type:2, protocol:0
 = "A200396E0402FF83@1@14.4G@U@1@USB_Storage;U:;0;0@"
sem_get: Key: 410f00a8
[   17.001873] firmadyne: sys_socket[PID: 114 (klogd)]: family:1, type:1, protocol:0
[   17.003770] firmadyne: sys_socket[PID: 114 (klogd)]: family:1, type:2, protocol:0
sem_get: Key: 410f00a8
[   17.011569] firmadyne: sys_socket[PID: 114 (klogd)]: family:1, type:1, protocol:0
nvram_set: usb_info_dev63 = "A200396E0402FF83@1@14.4G@U@1@USB_Storage;U:;0;0@[   17.017785] firmadyne: sys_socket[PID: 114 (klogd)]: family:1, type:2, protocol:0
[   17.021067] firmadyne: sys_socket[PID: 114 (klogd)]: family:1, type:1, protocol:0
"
sem_get: Key: 410f00a8
sem_get: Key: 410f00a8
[   17.029612] firmadyne: sys_socket[PID: 114 (klogd)]: family:1, type:2, protocol:0
[   17.032661] firmadyne: sys_socket[PID: 114 (klogd)]: family:1, type:1, protocol:0
nvram_set: usb_info_dev64 = "A200396E0402FF83@1@14.4G@U@1@USB_Storage;U:;0;0@"
sem_get: Key: 410f00a8
[   17.041636] firmadyne: sys_socket[PID: 114 (klogd)]: family:1, type:2, protocol:0
[   17.044696] firmadyne: sys_socket[PID: 114 (klogd)]: family:1, type:1, protocol:0
[   17.046629] firmadyne: sys_socket[PID: 114 (klogd)]: family:1, type:2, protocol:0
[   17.049898] firmadyne: sys_socket[PID: 114 (klogd)]: family:1, type:1, protocol:0
[   17.051376] firmadyne: sys_socket[PID: 114 (klogd)]: family:1, type:2, protocol:0
sem_get: Key: 410f00a8
nvram_set: usb_info_dev65 = "A200396E0402FF83@1@14.4G@U@1@USB_Storage;U:;0;0@"
sem_get: Key: [   17.062909] firmadyne: sys_socket[PID: 114 (klogd)]: family:1, type:1, protocol:0
[   17.064412] firmadyne: sys_socket[PID: 114 (klogd)]: family:1, type:2, protocol:0
410f00a8
sem_get: Key: [   17.071419] firmadyne: sys_socket[PID: 114 (klogd)]: family:1, type:1, protocol:0
410f00a8
nvram_set: usb_info_dev66[   17.077356] firmadyne: sys_socket[PID: 114 (klogd)]: family:1, type:2, protocol:0
[   17.080415] firmadyne: sys_socket[PID: 114 (klogd)]: family:1, type:1, protocol:0
 = "A200396E0402FF83@1@14.4G@U@1@USB_Storage;U:;0;0@"
sem_get: Key: 410f00a8
sem_get: Key: 410f00a8
[   17.089716] firmadyne: sys_socket[PID: 114 (klogd)]: family:1, type:2, protocol:0
[   17.092780] firmadyne: sys_socket[PID: 114 (klogd)]: family:1, type:1, protocol:0
nvram_set: usb_info_dev67 = "A200396E0402FF83@1@14.4G@U@1@USB_Storage;U:;0;0@"
sem_get: Key: 410f00a8
[   17.101917] firmadyne: sys_socket[PID: 114 (klogd)]: family:1, type:2, protocol:0
[   17.105290] firmadyne: sys_socket[PID: 114 (klogd)]: family:1, type:1, protocol:0
[   17.106763] firmadyne: sys_socket[PID: 114 (klogd)]: family:1, type:2, protocol:0
sem_get: Key: 410f00a8
nvram_set: usb_info_dev68 = "A200396E0402FF83@1@14.4G@U@1@USB_Storage;U:;0;0@[   17.118829] firmadyne: sys_socket[PID: 114 (klogd)]: family:1, type:1, protocol:0
[   17.120379] firmadyne: sys_socket[PID: 114 (klogd)]: family:1, type:2, protocol:0
[   17.124051] firmadyne: sys_socket[PID: 114 (klogd)]: family:1, type:1, protocol:0
[   17.125747] firmadyne: sys_socket[PID: 114 (klogd)]: family:1, type:2, protocol:0
[   17.128747] firmadyne: sys_socket[PID: 114 (klogd)]: family:1, type:1, protocol:0
"
sem_get: Key: 410f00a8
sem_get: Key: 410f00a8
nvram_set: usb_info_dev69 = "A200396E0402FF83@1@14.4G@U@1@USB_Storage;U:;0;0@"
sem_get[   17.141942] firmadyne: sys_socket[PID: 114 (klogd)]: family:1, type:2, protocol:0
: Key: 410f00a8
sem_get: Key: 410f00a8[   17.149568] firmadyne: sys_socket[PID: 114 (klogd)]: family:1, type:1, protocol:0
[   17.151106] firmadyne: sys_socket[PID: 114 (klogd)]: family:1, type:2, protocol:0
[   17.154570] firmadyne: sys_socket[PID: 114 (klogd)]: family:1, type:1, protocol:0
[   17.156052] firmadyne: sys_socket[PID: 114 (klogd)]: family:1, type:2, protocol:0

nvram_set: usb_info_dev70 = "[   17.163481] firmadyne: sys_socket[PID: 114 (klogd)]: family:1, type:1, protocol:0
A200396E0402FF83@1@14.4G@U@1@USB_Storage;U:;0;0@"
sem_get: Key: 410f00a8
[   17.169400] firmadyne: sys_socket[PID: 114 (klogd)]: family:1, type:2, protocol:0
[   17.172460] firmadyne: sys_socket[PID: 114 (klogd)]: family:1, type:1, protocol:0
sem_get: Key: 410f00a8
nvram_set: usb_info_dev71 = "A200396E0402FF83@1@14.4G@U@1@USB_Storage;U:;0;0@"
[   17.181889] firmadyne: sys_socket[PID: 114 (klogd)]: family:1, type:2, protocol:0
sem_get: Key: 410f00a8
sem_get[   17.189588] firmadyne: sys_socket[PID: 114 (klogd)]: family:1, type:1, protocol:0
[   17.191120] firmadyne: sys_socket[PID: 114 (klogd)]: family:1, type:2, protocol:0
: Key: 410f00a8
nvram_set: [   17.198476] firmadyne: sys_socket[PID: 114 (klogd)]: family:1, type:1, protocol:0
[   17.200017] firmadyne: sys_socket[PID: 114 (klogd)]: family:1, type:2, protocol:0
usb_info_dev72 = "A200396E0402FF83@1@14.4G@U@1@USB_Storage;U:;0;0@"
sem_get: Key: 410f00a8[   17.207389] firmadyne: sys_socket[PID: 114 (klogd)]: family:1, type:1, protocol:0

sem_get: Key: 410f00a8
[   17.213333] firmadyne: sys_socket[PID: 114 (klogd)]: family:1, type:2, protocol:0
[   17.216403] firmadyne: sys_socket[PID: 114 (klogd)]: family:1, type:1, protocol:0
nvram_set: usb_info_dev73 = "[   17.221779] firmadyne: sys_socket[PID: 114 (klogd)]: family:1, type:2, protocol:0
[   17.224900] firmadyne: sys_socket[PID: 114 (klogd)]: family:1, type:1, protocol:0
A200396E0402FF83@1@14.4G@U@1@USB_Storage;U:;0;0@"
sem_get: Key: 410f00a8
sem_get: Key: 410f00a8
[   17.233729] firmadyne: sys_socket[PID: 114 (klogd)]: family:1, type:2, protocol:0
[   17.236799] firmadyne: sys_socket[PID: 114 (klogd)]: family:1, type:1, protocol:0
nvram_set: usb_info_dev74 = "A200396E0402FF83@1@14.4G@U@1@USB_Storage;U:;0;0@"
sem_get: Key: 410f00a8
[   17.245592] firmadyne: sys_socket[PID: 114 (klogd)]: family:1, type:2, protocol:0
[   17.248629] firmadyne: sys_socket[PID: 114 (klogd)]: family:1, type:1, protocol:0
[   17.250613] firmadyne: sys_socket[PID: 114 (klogd)]: family:1, type:2, protocol:0
[   17.253878] firmadyne: sys_socket[PID: 114 (klogd)]: family:1, type:1, protocol:0
[   17.255377] firmadyne: sys_socket[PID: 114 (klogd)]: family:1, type:2, protocol:0
sem_get: Key: 410f00a8
nvram_set: usb_info_dev75 = "A200396E0402FF83@1@14.4G@U@1@USB_Storage;U:;0;0@"
[   17.266902] firmadyne: sys_socket[PID: 114 (klogd)]: family:1, type:1, protocol:0
[   17.268408] firmadyne: sys_socket[PID: 114 (klogd)]: family:1, type:2, protocol:0
sem_get: Key: 410f00a8
[   17.275180] firmadyne: sys_socket[PID: 114 (klogd)]: family:1, type:1, protocol:0
[   17.276706] firmadyne: sys_socket[PID: 114 (klogd)]: family:1, type:2, protocol:0
sem_get: Key: 410f00a8
nvram_set: usb_info_dev76 = "A200396E0402FF83@1@14.4G@U@1@USB_Storage;U:;0;0@"
[   17.287420] firmadyne: sys_socket[PID: 114 (klogd)]: family:1, type:1, protocol:0
sem_get: Key: 410f00a8
sem_get[   17.293618] firmadyne: sys_socket[PID: 114 (klogd)]: family:1, type:2, protocol:0
[   17.296717] firmadyne: sys_socket[PID: 114 (klogd)]: family:1, type:1, protocol:0
: Key: 410f00a8
nvram_set: usb_info_dev77 = "A200396E0402FF83@1@14.4G@U@1@USB_Storage;U:;0;0@"
sem_get: Key: [   17.305863] firmadyne: sys_socket[PID: 114 (klogd)]: family:1, type:2, protocol:0
[   17.310503] firmadyne: sys_socket[PID: 114 (klogd)]: family:1, type:1, protocol:0
[   17.312042] firmadyne: sys_socket[PID: 114 (klogd)]: family:1, type:2, protocol:0
[   17.315319] firmadyne: sys_socket[PID: 114 (klogd)]: family:1, type:1, protocol:0
[   17.316849] firmadyne: sys_socket[PID: 114 (klogd)]: family:1, type:2, protocol:0
410f00a8
sem_get: Key: 410f00a8
nvram_set: usb_info_dev78 = "A200396E0402FF83@1@14.4G@U@1@USB_Storage;U:;0;0@"
sem_get: Key: 410f00a8
sem_get: Key: 410f00a8
nvram_set: usb_info_dev79 = "A200396E0402FF83@1@14.4G@U@1@USB_Storage;U:;0;0@"
sem_get: Key: 410f00a8
[   17.353683] firmadyne: sys_socket[PID: 114 (klogd)]: family:1, type:1, protocol:0
[   17.355212] firmadyne: sys_socket[PID: 114 (klogd)]: family:1, type:2, protocol:0
sem_get: Key: 410f00a8
[   17.362435] firmadyne: sys_socket[PID: 114 (klogd)]: family:1, type:1, protocol:0
[   17.363957] firmadyne: sys_socket[PID: 114 (klogd)]: family:1, type:2, protocol:0
nvram_set: usb_info_dev80 = "A200396E0402FF83@1@14.4G@U@1@USB_Storage;U:;0;0@"
[   17.371209] firmadyne: sys_socket[PID: 114 (klogd)]: family:1, type:1, protocol:0
[   17.372717] firmadyne: sys_socket[PID: 114 (klogd)]: family:1, type:2, protocol:0
sem_get: Key: 410f00a8
sem_get: Key: 410f00a8
[   17.383150] firmadyne: sys_socket[PID: 114 (klogd)]: family:1, type:1, protocol:0
[   17.384656] firmadyne: sys_socket[PID: 114 (klogd)]: family:1, type:2, protocol:0
nvram_set: usb_info_dev81 = "A200396E0402FF83@1@14.4G@U@1@USB_Storage;U:;0;0@"
sem_get: Key: 410f00a8
sem_get[   17.395540] firmadyne: sys_socket[PID: 114 (klogd)]: family:1, type:1, protocol:0
[   17.397492] firmadyne: sys_socket[PID: 114 (klogd)]: family:1, type:2, protocol:0
[   17.400477] firmadyne: sys_socket[PID: 114 (klogd)]: family:1, type:1, protocol:0
: Key: 410f00a8
nvram_set: usb_info_dev82 = "A200396E0402FF83@1@14.4G@U@1@USB_Storage;U:;0;0@"
sem_get: Key: [   17.409610] firmadyne: sys_socket[PID: 114 (klogd)]: family:1, type:2, protocol:0
[   17.412620] firmadyne: sys_socket[PID: 114 (klogd)]: family:1, type:1, protocol:0
[   17.414587] firmadyne: sys_socket[PID: 114 (klogd)]: family:1, type:2, protocol:0
[   17.417839] firmadyne: sys_socket[PID: 114 (klogd)]: family:1, type:1, protocol:0
[   17.419338] firmadyne: sys_socket[PID: 114 (klogd)]: family:1, type:2, protocol:0
410f00a8
sem_get: Key: 410f00a8
nvram_set: usb_info_dev83 = "A200396E0402FF83@1@14.4G@U@1@USB_Storage;U:;0;0@[   17.431190] firmadyne: sys_socket[PID: 114 (klogd)]: family:1, type:1, protocol:0
[   17.432742] firmadyne: sys_socket[PID: 114 (klogd)]: family:1, type:2, protocol:0
"
sem_get: Key: 410f00a8
sem_get: Key: 410f00a8
[   17.443160] firmadyne: sys_socket[PID: 114 (klogd)]: family:1, type:1, protocol:0
[   17.444682] firmadyne: sys_socket[PID: 114 (klogd)]: family:1, type:2, protocol:0
nvram_set: usb_info_dev84 = "A200396E0402FF83@1@14.4G@U@1@USB_Storage;U:;0;0@"
sem_get: Key: 410f00a8
[   17.455225] firmadyne: sys_socket[PID: 114 (klogd)]: family:1, type:1, protocol:0
[   17.456757] firmadyne: sys_socket[PID: 114 (klogd)]: family:1, type:2, protocol:0
[   17.460179] firmadyne: sys_socket[PID: 114 (klogd)]: family:1, type:1, protocol:0
sem_get: Key: 410f00a8
[   17.465627] firmadyne: sys_socket[PID: 114 (klogd)]: family:1, type:2, protocol:0
[   17.468668] firmadyne: sys_socket[PID: 114 (klogd)]: family:1, type:1, protocol:0
nvram_set: usb_info_dev85 = "A200396E0402FF83@1@14.4G@U@1@USB_Storage;U:;0;0@"
sem_get: Key: 410f00a8
[   17.477613] firmadyne: sys_socket[PID: 114 (klogd)]: family:1, type:2, protocol:0
sem_get: Key: 410f00a8
nvram_set[   17.485242] firmadyne: sys_socket[PID: 114 (klogd)]: family:1, type:1, protocol:0
[   17.486768] firmadyne: sys_socket[PID: 114 (klogd)]: family:1, type:2, protocol:0
: usb_info_dev86 = "A200396E0402FF83@1@14.4G@U@1@USB_Storage;U:;0;0@"
sem_get: Key: 410f00a8[   17.494339] firmadyne: sys_socket[PID: 114 (klogd)]: family:1, type:1, protocol:0
[   17.495871] firmadyne: sys_socket[PID: 114 (klogd)]: family:1, type:2, protocol:0
[   17.499299] firmadyne: sys_socket[PID: 114 (klogd)]: family:1, type:1, protocol:0
[   17.500820] firmadyne: sys_socket[PID: 114 (klogd)]: family:1, type:2, protocol:0

sem_get: Key: 410f00a8
nvram_set: usb_info_dev87[   17.512408] firmadyne: sys_socket[PID: 114 (klogd)]: family:1, type:1, protocol:0
 = "A200396E0402FF83@1@14.4G@U@1@USB_Storage;U:;0;0@"
sem_get: Key: 410f00a8
sem_get: Key: 410f00a8
[   17.521897] firmadyne: sys_socket[PID: 114 (klogd)]: family:1, type:2, protocol:0
[   17.525375] firmadyne: sys_socket[PID: 114 (klogd)]: family:1, type:1, protocol:0
[   17.526863] firmadyne: sys_socket[PID: 114 (klogd)]: family:1, type:2, protocol:0
nvram_set: usb_info_dev88 = "A200396E0402FF83@1@14.4G@U@1@USB_Storage;U:;0;0@[   17.534389] firmadyne: sys_socket[PID: 114 (klogd)]: family:1, type:1, protocol:0
[   17.535919] firmadyne: sys_socket[PID: 114 (klogd)]: family:1, type:2, protocol:0
"
sem_get: Key: 410f00a8
[   17.543227] firmadyne: sys_socket[PID: 114 (klogd)]: family:1, type:1, protocol:0
[   17.544742] firmadyne: sys_socket[PID: 114 (klogd)]: family:1, type:2, protocol:0
sem_get: Key: 410f00a8
nvram_set: usb_info_dev89 = "A200396E0402FF83@1@14.4G@U@1@USB_Storage;U:;0;0@"
[   17.555205] firmadyne: sys_socket[PID: 114 (klogd)]: family:1, type:1, protocol:0
[   17.556719] firmadyne: sys_socket[PID: 114 (klogd)]: family:1, type:2, protocol:0
sem_get: Key: 410f00a8
sem_get: Key: 410f00a8
[   17.567144] firmadyne: sys_socket[PID: 114 (klogd)]: family:1, type:1, protocol:0
[   17.568657] firmadyne: sys_socket[PID: 114 (klogd)]: family:1, type:2, protocol:0
[   17.572068] firmadyne: sys_socket[PID: 114 (klogd)]: family:1, type:1, protocol:0
nvram_set: usb_info_dev90 = "A200396E0402FF83@1@14.4G@U@1@USB_Storage;U:;0;0@"
sem_get[   17.577753] firmadyne: sys_socket[PID: 114 (klogd)]: family:1, type:2, protocol:0
[   17.580801] firmadyne: sys_socket[PID: 114 (klogd)]: family:1, type:1, protocol:0
: Key: 410f00a8
sem_get: Key: 410f00a8
nvram_set: [   17.589855] firmadyne: sys_socket[PID: 114 (klogd)]: family:1, type:2, protocol:0
[   17.593231] firmadyne: sys_socket[PID: 114 (klogd)]: family:1, type:1, protocol:0
[   17.594717] firmadyne: sys_socket[PID: 114 (klogd)]: family:1, type:2, protocol:0
usb_info_dev91 = "A200396E0402FF83@1@14.4G@U@1@USB_Storage;U:;0;0@"
sem_get: Key: 410f00a8
[   17.602301] firmadyne: sys_socket[PID: 114 (klogd)]: family:1, type:1, protocol:0
[   17.603832] firmadyne: sys_socket[PID: 114 (klogd)]: family:1, type:2, protocol:0
sem_get: Key: 410f00a8
[   17.611159] firmadyne: sys_socket[PID: 114 (klogd)]: family:1, type:1, protocol:0
[   17.612715] firmadyne: sys_socket[PID: 114 (klogd)]: family:1, type:2, protocol:0
nvram_set: usb_info_dev92 = "A200396E0402FF83@1@14.4G@U@1@USB_Storage;U:;0;0@"
sem_get: Key: 410f00a8
[   17.623127] firmadyne: sys_socket[PID: 114 (klogd)]: family:1, type:1, protocol:0
[   17.624660] firmadyne: sys_socket[PID: 114 (klogd)]: family:1, type:2, protocol:0
sem_get: Key: 410f00a8
nvram_set: usb_info_dev93 = "A200396E0402FF83@1@14.4G@U@1@USB_Storage;U:;0;0@"
[   17.635583] firmadyne: sys_socket[PID: 114 (klogd)]: family:1, type:1, protocol:0
[   17.637527] firmadyne: sys_socket[PID: 114 (klogd)]: family:1, type:2, protocol:0
[   17.640530] firmadyne: sys_socket[PID: 114 (klogd)]: family:1, type:1, protocol:0
sem_get: Key: 410f00a8
sem_get: Key: 410f00a8
nvram_set[   17.650025] firmadyne: sys_socket[PID: 114 (klogd)]: family:1, type:2, protocol:0
[   17.653396] firmadyne: sys_socket[PID: 114 (klogd)]: family:1, type:1, protocol:0
[   17.654885] firmadyne: sys_socket[PID: 114 (klogd)]: family:1, type:2, protocol:0
: usb_info_dev94 = "A200396E0402FF83@1@14.4G@U@1@USB_Storage;U:;0;0@"
sem_get: Key: 410f00a8[   17.662746] firmadyne: sys_socket[PID: 114 (klogd)]: family:1, type:1, protocol:0
[   17.664268] firmadyne: sys_socket[PID: 114 (klogd)]: family:1, type:2, protocol:0

sem_get: Key: 410f00a8
nvram_set: usb_info_dev95 = "A200396E0402FF83@1@14.4G@U@1@USB_Storage;U:;0;0@[   17.675753] firmadyne: sys_socket[PID: 114 (klogd)]: family:1, type:1, protocol:0
[   17.677683] firmadyne: sys_socket[PID: 114 (klogd)]: family:1, type:2, protocol:0
[   17.680675] firmadyne: sys_socket[PID: 114 (klogd)]: family:1, type:1, protocol:0
"
sem_get: Key: 410f00a8
sem_get: Key: 410f00a8
[   17.689607] firmadyne: sys_socket[PID: 114 (klogd)]: family:1, type:2, protocol:0
[   17.692625] firmadyne: sys_socket[PID: 114 (klogd)]: family:1, type:1, protocol:0
nvram_set: usb_info_dev96 = "A200396E0402FF83@1@14.4G@U@1@USB_Storage;U:;0;0@"
sem_get: Key: 410f00a8
[   17.701751] firmadyne: sys_socket[PID: 114 (klogd)]: family:1, type:2, protocol:0
[   17.704814] firmadyne: sys_socket[PID: 114 (klogd)]: family:1, type:1, protocol:0
[   17.706735] firmadyne: sys_socket[PID: 114 (klogd)]: family:1, type:2, protocol:0
sem_get: Key: 410f00a8
nvram_set: usb_info_dev97 = "A200396E0402FF83@1@14.4G@U@1@USB_Storage;U:;0;0@"
[   17.718157] firmadyne: sys_socket[PID: 114 (klogd)]: family:1, type:1, protocol:0
[   17.719696] firmadyne: sys_socket[PID: 114 (klogd)]: family:1, type:2, protocol:0
[   17.723327] firmadyne: sys_socket[PID: 114 (klogd)]: family:1, type:1, protocol:0
[   17.724833] firmadyne: sys_socket[PID: 114 (klogd)]: family:1, type:2, protocol:0
sem_get: Key: 410f00a8
sem_get: Key: 410f00a8
[   17.735143] firmadyne: sys_socket[PID: 114 (klogd)]: family:1, type:1, protocol:0
[   17.736644] firmadyne: sys_socket[PID: 114 (klogd)]: family:1, type:2, protocol:0
nvram_set: usb_info_dev98 = "A200396E0402FF83@1@14.4G@U@1@USB_Storage;U:;0;0@"
sem_get: Key: 410f00a8
sem_get[   17.747505] firmadyne: sys_socket[PID: 114 (klogd)]: family:1, type:1, protocol:0
[   17.749451] firmadyne: sys_socket[PID: 114 (klogd)]: family:1, type:2, protocol:0
[   17.752427] firmadyne: sys_socket[PID: 114 (klogd)]: family:1, type:1, protocol:0
: Key: 410f00a8
nvram_set: usb_info_dev99 = "A200396E0402FF83@1@14.4G@U@1@USB_Storage;U:;0;0@"
sem_get: Key: [   17.761586] firmadyne: sys_socket[PID: 114 (klogd)]: family:1, type:2, protocol:0
[   17.764605] firmadyne: sys_socket[PID: 114 (klogd)]: family:1, type:1, protocol:0
410f00a8
sem_get: Key: 410f00a8
nvram_set: usb_info_dev100[   17.773734] firmadyne: sys_socket[PID: 114 (klogd)]: family:1, type:2, protocol:0
[   17.776796] firmadyne: sys_socket[PID: 114 (klogd)]: family:1, type:1, protocol:0
[   17.778733] firmadyne: sys_socket[PID: 114 (klogd)]: family:1, type:2, protocol:0
[   17.781994] firmadyne: sys_socket[PID: 114 (klogd)]: family:1, type:1, protocol:0
[   17.783485] firmadyne: sys_socket[PID: 114 (klogd)]: family:1, type:2, protocol:0
 = "A200396E0402FF83@1@14.4G@U@1@USB_Storage;U:;0;0@"
sem_get: Key: 410f00a8
sem_get: Key: 410f00a8
[   17.794750] firmadyne: sys_socket[PID: 114 (klogd)]: family:1, type:1, protocol:0
[   17.796252] firmadyne: sys_socket[PID: 114 (klogd)]: family:1, type:2, protocol:0
nvram_set: wla_ap_isolate_1 = ""
[   17.803176] firmadyne: sys_socket[PID: 114 (klogd)]: family:1, type:1, protocol:0
[   17.804701] firmadyne: sys_socket[PID: 114 (klogd)]: family:1, type:2, protocol:0
sem_get: Key: 410f00a8
sem_get: Key: 410f00a8
nvram_set: wla_ap_isolate_2 = ""
sem_get: Key: 410f00a8
sem_get: Key: 410f00a8
nvram_set: wla_ap_isolate_3 = ""
[   17.837836] firmadyne: sys_socket[PID: 114 (klogd)]: family:1, type:1, protocol:0
[   17.839377] firmadyne: sys_socket[PID: 114 (klogd)]: family:1, type:2, protocol:0
sem_get: Key: 410f00a8
sem_get[   17.846897] firmadyne: sys_socket[PID: 114 (klogd)]: family:1, type:1, protocol:0
[   17.848416] firmadyne: sys_socket[PID: 114 (klogd)]: family:1, type:2, protocol:0
: Key: 410f00a8
nvram_set: wla_ap_isolate_4 = ""
sem_get: Key: 410f00a8
[   17.859431] firmadyne: sys_socket[PID: 114 (klogd)]: family:1, type:1, protocol:0
sem_get: Key: 410f00a8
[   17.865199] firmadyne: sys_socket[PID: 114 (klogd)]: family:1, type:2, protocol:0
[   17.868261] firmadyne: sys_socket[PID: 114 (klogd)]: family:1, type:1, protocol:0
nvram_set: wlg_ap_isolate_1 = ""
[   17.873547] firmadyne: sys_socket[PID: 114 (klogd)]: family:1, type:2, protocol:0
[   17.876564] firmadyne: sys_socket[PID: 114 (klogd)]: family:1, type:1, protocol:0
sem_get: Key: 410f00a8
sem_get: Key: 410f00a8
nvram_set[   17.885870] firmadyne: sys_socket[PID: 114 (klogd)]: family:1, type:2, protocol:0
[   17.889233] firmadyne: sys_socket[PID: 114 (klogd)]: family:1, type:1, protocol:0
[   17.890753] firmadyne: sys_socket[PID: 114 (klogd)]: family:1, type:2, protocol:0
: wlg_ap_isolate_2 = ""
sem_get: Key: 410f00a8
[   17.898040] firmadyne: sys_socket[PID: 114 (klogd)]: family:1, type:1, protocol:0
[   17.899572] firmadyne: sys_socket[PID: 114 (klogd)]: family:1, type:2, protocol:0
sem_get: Key: 410f00a8
[   17.906865] firmadyne: sys_socket[PID: 114 (klogd)]: family:1, type:1, protocol:0
[   17.908359] firmadyne: sys_socket[PID: 114 (klogd)]: family:1, type:2, protocol:0
nvram_set: wlg_ap_isolate_3 = ""
sem_get: Key: 410f00a8
[   17.919191] firmadyne: sys_socket[PID: 114 (klogd)]: family:1, type:1, protocol:0
[   17.920905] firmadyne: sys_socket[PID: 114 (klogd)]: family:1, type:2, protocol:0
sem_get: Key: 410f00a8
nvram_set: wlg_ap_isolate_4 = ""
sem_get[   17.931477] firmadyne: sys_socket[PID: 114 (klogd)]: family:1, type:1, protocol:0
: Key: 410f00a8
sem_get: Key: 410f00a8[   17.937418] firmadyne: sys_socket[PID: 114 (klogd)]: family:1, type:2, protocol:0
[   17.940461] firmadyne: sys_socket[PID: 114 (klogd)]: family:1, type:1, protocol:0

nvram_set: wlg_allow_access_1 = ""
sem_get: Key: 410f00a8
[   17.949684] firmadyne: sys_socket[PID: 114 (klogd)]: family:1, type:2, protocol:0
[   17.952719] firmadyne: sys_socket[PID: 114 (klogd)]: family:1, type:1, protocol:0
[   17.954653] firmadyne: sys_socket[PID: 114 (klogd)]: family:1, type:2, protocol:0
[   17.957886] firmadyne: sys_socket[PID: 114 (klogd)]: family:1, type:1, protocol:0
[   17.959374] firmadyne: sys_socket[PID: 114 (klogd)]: family:1, type:2, protocol:0
sem_get: Key: 410f00a8
nvram_set: wlg_allow_access_2 = ""
sem_get: Key: 410f00a8[   17.970746] firmadyne: sys_socket[PID: 114 (klogd)]: family:1, type:1, protocol:0
[   17.972260] firmadyne: sys_socket[PID: 114 (klogd)]: family:1, type:2, protocol:0

sem_get: Key: 410f00a8
[   17.979358] firmadyne: sys_socket[PID: 114 (klogd)]: family:1, type:1, protocol:0
nvram_set: wlg_allow_access_3 = ""
[   17.985317] firmadyne: sys_socket[PID: 114 (klogd)]: family:1, type:2, protocol:0
[   17.988381] firmadyne: sys_socket[PID: 114 (klogd)]: family:1, type:1, protocol:0
sem_get: Key: 410f00a8
[   17.993668] firmadyne: sys_socket[PID: 114 (klogd)]: family:1, type:2, protocol:0
[   17.996714] firmadyne: sys_socket[PID: 114 (klogd)]: family:1, type:1, protocol:0
sem_get: Key: 410f00a8
nvram_set: wlg_allow_access_4 = ""
sem_get: Key: [   18.005755] firmadyne: sys_socket[PID: 114 (klogd)]: family:1, type:2, protocol:0
[   18.008815] firmadyne: sys_socket[PID: 114 (klogd)]: family:1, type:1, protocol:0
410f00a8
sem_get: Key: 410f00a8
nvram_set: 0:macaddr[   18.017972] firmadyne: sys_socket[PID: 114 (klogd)]: family:1, type:2, protocol:0
[   18.021674] firmadyne: sys_socket[PID: 114 (klogd)]: family:1, type:1, protocol:0
[   18.023305] firmadyne: sys_socket[PID: 114 (klogd)]: family:1, type:2, protocol:0
 = "01:23:45:67:89:ab"
sem_get: Key: 410f00a8
[   18.030944] firmadyne: sys_socket[PID: 114 (klogd)]: family:1, type:1, protocol:0
[   18.032527] firmadyne: sys_socket[PID: 114 (klogd)]: family:1, type:2, protocol:0
sem_get: Key: 410f00a8
nvram_set[   18.043611] firmadyne: sys_socket[PID: 114 (klogd)]: family:1, type:1, protocol:0
: 1:macaddr = "01:23:45:67:89:ab"
sem_get: Key: 410f00a8[   18.049935] firmadyne: sys_socket[PID: 114 (klogd)]: family:1, type:2, protocol:0

sem_get: Key: 410f00a8
[   18.057299] firmadyne: sys_socket[PID: 114 (klogd)]: family:1, type:1, protocol:0
[   18.058838] firmadyne: sys_socket[PID: 114 (klogd)]: family:1, type:2, protocol:0
nvram_set: 2:macaddr = "01:23:45:67:89:ab"
[   18.066438] firmadyne: sys_socket[PID: 114 (klogd)]: family:1, type:1, protocol:0
[   18.067964] firmadyne: sys_socket[PID: 114 (klogd)]: family:1, type:2, protocol:0
sem_get: Key: 410f00a8
sem_get[   18.075567] firmadyne: sys_socket[PID: 114 (klogd)]: family:1, type:1, protocol:0
: Key: 410f00a8
nvram_set: [   18.081402] firmadyne: sys_socket[PID: 114 (klogd)]: family:1, type:2, protocol:0
[   18.084432] firmadyne: sys_socket[PID: 114 (klogd)]: family:1, type:1, protocol:0
lan1_ifnames = ""
sem_get: Key: 410f00a8
[   18.089883] firmadyne: sys_socket[PID: 114 (klogd)]: family:1, type:2, protocol:0
sem_get: Key: 410f00a8
[   18.097239] firmadyne: sys_socket[PID: 114 (klogd)]: family:1, type:1, protocol:0
[   18.098772] firmadyne: sys_socket[PID: 114 (klogd)]: family:1, type:2, protocol:0
nvram_set: lan2_ifnames = ""
sem_get: Key: [   18.106403] firmadyne: sys_socket[PID: 114 (klogd)]: family:1, type:1, protocol:0
[   18.107943] firmadyne: sys_socket[PID: 114 (klogd)]: family:1, type:2, protocol:0
410f00a8
sem_get: Key: 410f00a8
nvram_set: [   18.119270] firmadyne: sys_socket[PID: 114 (klogd)]: family:1, type:1, protocol:0
[   18.121539] firmadyne: sys_socket[PID: 114 (klogd)]: family:1, type:2, protocol:0
[   18.124518] firmadyne: sys_socket[PID: 114 (klogd)]: family:1, type:1, protocol:0
lan3_ifnames = ""
sem_get: Key: 410f00a8
sem_get: Key: 410f00a8
[   18.133614] firmadyne: sys_socket[PID: 114 (klogd)]: family:1, type:2, protocol:0
[   18.136658] firmadyne: sys_socket[PID: 114 (klogd)]: family:1, type:1, protocol:0
nvram_set: lan4_ifnames = ""
sem_get: Key: 410f00a8
sem_get[   18.145845] firmadyne: sys_socket[PID: 114 (klogd)]: family:1, type:2, protocol:0
[   18.149213] firmadyne: sys_socket[PID: 114 (klogd)]: family:1, type:1, protocol:0
[   18.150709] firmadyne: sys_socket[PID: 114 (klogd)]: family:1, type:2, protocol:0
: Key: 410f00a8
nvram_set: lan5_ifnames[   18.158316] firmadyne: sys_socket[PID: 114 (klogd)]: family:1, type:1, protocol:0
[   18.159844] firmadyne: sys_socket[PID: 114 (klogd)]: family:1, type:2, protocol:0
 = ""
sem_get: Key: 410f00a8
[   18.167141] firmadyne: sys_socket[PID: 114 (klogd)]: family:1, type:1, protocol:0
[   18.168650] firmadyne: sys_socket[PID: 114 (klogd)]: family:1, type:2, protocol:0
sem_get: Key: 410f00a8
nvram_set: lan6_ifnames = ""
sem_get: Key: [   18.179466] firmadyne: sys_socket[PID: 114 (klogd)]: family:1, type:1, protocol:0
[   18.181412] firmadyne: sys_socket[PID: 114 (klogd)]: family:1, type:2, protocol:0
[   18.184392] firmadyne: sys_socket[PID: 114 (klogd)]: family:1, type:1, protocol:0
410f00a8
sem_get: Key: 410f00a8
nvram_set: lan7_ifnames = "[   18.193751] firmadyne: sys_socket[PID: 114 (klogd)]: family:1, type:2, protocol:0
[   18.196813] firmadyne: sys_socket[PID: 114 (klogd)]: family:1, type:1, protocol:0
"
sem_get: Key: 410f00a8
sem_get: Key: 410f00a8
[   18.205608] firmadyne: sys_socket[PID: 114 (klogd)]: family:1, type:2, protocol:0
[   18.208654] firmadyne: sys_socket[PID: 114 (klogd)]: family:1, type:1, protocol:0
[   18.210582] firmadyne: sys_socket[PID: 114 (klogd)]: family:1, type:2, protocol:0
nvram_set: lan8_ifnames = ""
sem_get[   18.218159] firmadyne: sys_socket[PID: 114 (klogd)]: family:1, type:1, protocol:0
[   18.219692] firmadyne: sys_socket[PID: 114 (klogd)]: family:1, type:2, protocol:0
: Key: 410f00a8
sem_get: Key: 410f00a8[   18.227214] firmadyne: sys_socket[PID: 114 (klogd)]: family:1, type:1, protocol:0
[   18.228738] firmadyne: sys_socket[PID: 114 (klogd)]: family:1, type:2, protocol:0

nvram_set: lan9_ifnames = ""
sem_get: Key: 410f00a8
[   18.239322] firmadyne: sys_socket[PID: 114 (klogd)]: family:1, type:1, protocol:0
[   18.240848] firmadyne: sys_socket[PID: 114 (klogd)]: family:1, type:2, protocol:0
sem_get: Key: 410f00a8
nvram_set_default: Loading built-in default values = 1!
nvram_set_default: Checking for symbol "[   18.251555] firmadyne: sys_socket[PID: 114 (klogd)]: family:1, type:1, protocol:0
[   18.253496] firmadyne: sys_socket[PID: 114 (klogd)]: family:1, type:2, protocol:0
[   18.256469] firmadyne: sys_socket[PID: 114 (klogd)]: family:1, type:1, protocol:0
router_defaults"...
nvram_set_default: Checking for symbol "Nvrams"...
[   18.265720] firmadyne: sys_socket[PID: 114 (klogd)]: family:1, type:2, protocol:0
[   18.268777] firmadyne: sys_socket[PID: 114 (klogd)]: family:1, type:1, protocol:0
[   18.277624] firmadyne: sys_socket[PID: 114 (klogd)]: family:1, type:2, protocol:0
[   18.280679] firmadyne: sys_socket[PID: 114 (klogd)]: family:1, type:1, protocol:0
[   18.282616] firmadyne: sys_socket[PID: 114 (klogd)]: family:1, type:2, protocol:0
[   18.285859] firmadyne: sys_socket[PID: 114 (klogd)]: family:1, type:1, protocol:0
[   18.287340] firmadyne: sys_socket[PID: 114 (klogd)]: family:1, type:2, protocol:0
nvram_set: time_zone = "GMT+8"
sem_get: Key: 410f00a8
sem_get[   18.299080] firmadyne: sys_socket[PID: 114 (klogd)]: family:1, type:1, protocol:0
[   18.300583] firmadyne: sys_socket[PID: 114 (klogd)]: family:1, type:2, protocol:0
: Key: 410f00a8
nvram_set: time_daylight = ""
sem_get: Key: 410f00a8
sem_get: Key: 410f00a8
[   18.333408] firmadyne: sys_socket[PID: 114 (klogd)]: family:1, type:1, protocol:0
[   18.334958] firmadyne: sys_socket[PID: 114 (klogd)]: family:1, type:2, protocol:0
nvram_set: restore_default = "[   18.342235] firmadyne: sys_socket[PID: 114 (klogd)]: family:1, type:1, protocol:0
[   18.343800] firmadyne: sys_socket[PID: 114 (klogd)]: family:1, type:2, protocol:0
0"
sem_get: Key: 410f00a8
[   18.351210] firmadyne: sys_socket[PID: 114 (klogd)]: family:1, type:1, protocol:0
[   18.352741] firmadyne: sys_socket[PID: 114 (klogd)]: family:1, type:2, protocol:0
sem_get: Key: 410f00a8
[   18.363143] firmadyne: sys_socket[PID: 114 (klogd)]: family:1, type:1, protocol:0
[   18.364661] firmadyne: sys_socket[PID: 114 (klogd)]: family:1, type:2, protocol:0
nvram_set: wiz_language = "English"
sem_get: Key: 410f00a8
[   18.375685] firmadyne: sys_socket[PID: 114 (klogd)]: family:1, type:1, protocol:0
[   18.377647] firmadyne: sys_socket[PID: 114 (klogd)]: family:1, type:2, protocol:0
[   18.380629] firmadyne: sys_socket[PID: 114 (klogd)]: family:1, type:1, protocol:0
sem_get: Key: 410f00a8
[   18.389577] firmadyne: sys_socket[PID: 114 (klogd)]: family:1, type:2, protocol:0
[   18.392620] firmadyne: sys_socket[PID: 114 (klogd)]: family:1, type:1, protocol:0
nvram_set: wiz_country = "US"
sem_get: Key: 410f00a8
sem_get: Key: [   18.402028] firmadyne: sys_socket[PID: 114 (klogd)]: family:1, type:2, protocol:0
[   18.405420] firmadyne: sys_socket[PID: 114 (klogd)]: family:1, type:1, protocol:0
[   18.406924] firmadyne: sys_socket[PID: 114 (klogd)]: family:1, type:2, protocol:0
410f00a8
[   18.414199] firmadyne: sys_socket[PID: 114 (klogd)]: family:1, type:1, protocol:0
[   18.415748] firmadyne: sys_socket[PID: 114 (klogd)]: family:1, type:2, protocol:0
nvram_set: fix_ipaddr = ""
[   18.422982] firmadyne: sys_socket[PID: 114 (klogd)]: family:1, type:1, protocol:0
[   18.424493] firmadyne: sys_socket[PID: 114 (klogd)]: family:1, type:2, protocol:0
sem_get: Key: 410f00a8
sem_get: Key: 410f00a8
[   18.435147] firmadyne: sys_socket[PID: 114 (klogd)]: family:1, type:1, protocol:0
[   18.436668] firmadyne: sys_socket[PID: 114 (klogd)]: family:1, type:2, protocol:0
nvram_set: fix_netmask = ""
sem_get: Key: 410f00a8
[   18.447141] firmadyne: sys_socket[PID: 114 (klogd)]: family:1, type:1, protocol:0
[   18.448660] firmadyne: sys_socket[PID: 114 (klogd)]: family:1, type:2, protocol:0
[   18.452100] firmadyne: sys_socket[PID: 114 (klogd)]: family:1, type:1, protocol:0
sem_get: Key: 410f00a8
[   18.457625] firmadyne: sys_socket[PID: 114 (klogd)]: family:1, type:2, protocol:0
[   18.460676] firmadyne: sys_socket[PID: 114 (klogd)]: family:1, type:1, protocol:0
nvram_set: fix_gateway = ""
sem_get: Key: [   18.469592] firmadyne: sys_socket[PID: 114 (klogd)]: family:1, type:2, protocol:0
[   18.472626] firmadyne: sys_socket[PID: 114 (klogd)]: family:1, type:1, protocol:0
410f00a8
sem_get: Key: 410f00a8
[   18.481604] firmadyne: sys_socket[PID: 114 (klogd)]: family:1, type:2, protocol:0
[   18.484675] firmadyne: sys_socket[PID: 114 (klogd)]: family:1, type:1, protocol:0
nvram_set: wan_ifname = "ppp0"
sem_get: Key: 410f00a8
[   18.493648] firmadyne: sys_socket[PID: 114 (klogd)]: family:1, type:2, protocol:0
[   18.496707] firmadyne: sys_socket[PID: 114 (klogd)]: family:1, type:1, protocol:0
[   18.498649] firmadyne: sys_socket[PID: 114 (klogd)]: family:1, type:2, protocol:0
[   18.501929] firmadyne: sys_socket[PID: 114 (klogd)]: family:1, type:1, protocol:0
[   18.503479] firmadyne: sys_socket[PID: 114 (klogd)]: family:1, type:2, protocol:0
sem_get: Key: 410f00a8
nvram_set: wan_mode = "pppoe"
sem_get[   18.518892] firmadyne: sys_socket[PID: 114 (klogd)]: family:1, type:1, protocol:0
[   18.520399] firmadyne: sys_socket[PID: 114 (klogd)]: family:1, type:2, protocol:0
[   18.524045] firmadyne: sys_socket[PID: 114 (klogd)]: family:1, type:1, protocol:0
[   18.525733] firmadyne: sys_socket[PID: 114 (klogd)]: family:1, type:2, protocol:0
[   18.528737] firmadyne: sys_socket[PID: 114 (klogd)]: family:1, type:1, protocol:0
: Key: 410f00a8
sem_get: Key: 410f00a8
nvram_set: wan_iptype[   18.541843] firmadyne: sys_socket[PID: 114 (klogd)]: family:1, type:2, protocol:0
