[    0.000000] Linux version 4.1.17+ (alessio@pc) (gcc version 5.5.0 20171010 (Ubuntu 5.5.0-12ubuntu1) ) #1 Mon May 15 23:04:08 CEST 2023
[    0.000000] earlycon: Early serial console at I/O port 0x3f8 (options '38400n8')
[    0.000000] bootconsole [uart0] enabled
[    0.000000] CPU0 revision is: 00019300 (MIPS 24Kc)
[    0.000000] FPU revision is: 00739300
[    0.000000] Software DMA cache coherency enabled
[    0.000000] Determined physical RAM map:
[    0.000000]  memory: 00001000 @ 00000000 (reserved)
[    0.000000]  memory: 000ef000 @ 00001000 (ROM data)
[    0.000000]  memory: 00798000 @ 000f0000 (reserved)
[    0.000000]  memory: 0f777000 @ 00888000 (usable)
[    0.000000] debug: ignoring loglevel setting.
[    0.000000] Wasting 69888 bytes for tracking 2184 unused pages
[    0.000000] Initrd not found or empty - disabling initrd
[    0.000000] Zone ranges:
[    0.000000]   DMA      [mem 0x0000000000000000-0x0000000000ffffff]
[    0.000000]   Normal   [mem 0x0000000001000000-0x000000000fffefff]
[    0.000000] Movable zone start for each node
[    0.000000] Early memory node ranges
[    0.000000]   node   0: [mem 0x0000000000000000-0x000000000fffefff]
[    0.000000] Initmem setup node 0 [mem 0x0000000000000000-0x000000000fffefff]
[    0.000000] On node 0 totalpages: 65535
[    0.000000] free_area_init_node: node 0, pgdat 8081d5b0, node_mem_map 81000000
[    0.000000]   DMA zone: 32 pages used for memmap
[    0.000000]   DMA zone: 0 pages reserved
[    0.000000]   DMA zone: 4096 pages, LIFO batch:0
[    0.000000]   Normal zone: 480 pages used for memmap
[    0.000000]   Normal zone: 61439 pages, LIFO batch:15
[    0.000000] Primary instruction cache 2kB, VIPT, 2-way, linesize 16 bytes.
[    0.000000] Primary data cache 2kB, 2-way, VIPT, no aliases, linesize 16 bytes
[    0.000000] pcpu-alloc: s0 r0 d32768 u32768 alloc=1*32768
[    0.000000] pcpu-alloc: [0] 0 
[    0.000000] Built 1 zonelists in Zone order, mobility grouping on.  Total pages: 65023
[    0.000000] Kernel command line: root=/dev/sda1 console=ttyS0 nandsim.parts=64,64,64,64,64,64,64,64,64,64 rdinit=/firmadyne/preInit.sh rw debug ignore_loglevel print-fatal-signals=1 FIRMAE_NET=true FIRMAE_NVRAM=true FIRMAE_KERNEL=true FIRMAE_ETC=true user_debug=0 firmadyne.syscall=1 noka
[    0.000000] found FIRMAE_KERNEL=t
[    0.000000] set the LD_PRELOAD=/firmadyne/libnvram_ioctl.so
[    0.000000] PID hash table entries: 1024 (order: 0, 4096 bytes)
[    0.000000] Dentry cache hash table entries: 32768 (order: 5, 131072 bytes)
[    0.000000] Inode-cache hash table entries: 16384 (order: 4, 65536 bytes)
[    0.000000] Writing ErrCtl register=00000000
[    0.000000] Readback ErrCtl register=00000000
[    0.000000] Memory: 251112K/262140K available (5360K kernel code, 244K rwdata, 1676K rodata, 260K init, 158K bss, 11028K reserved, 0K cma-reserved)
[    0.000000] NR_IRQS:256
[    0.000000] CPU frequency 200.00 MHz
[    0.000000] clocksource MIPS: mask: 0xffffffff max_cycles: 0xffffffff, max_idle_ns: 19112739403 ns
[    0.000172] sched_clock: 32 bits at 99MHz, resolution 10ns, wraps every 21474988026ns
[    0.012277] Console: colour dummy device 80x25
[    0.013293] Calibrating delay loop... 32.76 BogoMIPS (lpj=65536)
[    0.069650] pid_max: default: 32768 minimum: 301
[    0.073125] Mount-cache hash table entries: 1024 (order: 0, 4096 bytes)
[    0.073728] Mountpoint-cache hash table entries: 1024 (order: 0, 4096 bytes)
[    0.131965] clocksource jiffies: mask: 0xffffffff max_cycles: 0xffffffff, max_idle_ns: 7645041785100000 ns
[    0.141730] NET: Registered protocol family 16
[    0.382813] clocksource pit: mask: 0xffffffff max_cycles: 0xffffffff, max_idle_ns: 1601818034827 ns
[    0.514696] vgaarb: loaded
[    0.519723] SCSI subsystem initialized
[    0.521756] libata version 3.00 loaded.
[    0.525524] usbcore: registered new interface driver usbfs
[    0.527010] usbcore: registered new interface driver hub
[    0.527964] usbcore: registered new device driver usb
[    0.530281] pps_core: LinuxPPS API ver. 1 registered
[    0.530779] pps_core: Software ver. 5.3.6 - Copyright 2005-2007 Rodolfo Giometti <giometti@linux.it>
[    0.531604] PTP clock support registered
[    0.535757] PCI host bridge to bus 0000:00
[    0.536432] pci_bus 0000:00: root bus resource [mem 0x10000000-0x17ffffff]
[    0.536961] pci_bus 0000:00: root bus resource [io  0x1000-0x1fffff]
[    0.537473] pci_bus 0000:00: root bus resource [??? 0x00000000 flags 0x0]
[    0.537964] pci_bus 0000:00: No busn resource found for root bus, will use [bus 00-ff]
[    0.539216] pci 0000:00:00.0: [11ab:4620] type 00 class 0x060000
[    0.540026] pci 0000:00:00.0: [Firmware Bug]: reg 0x14: invalid BAR (can't size)
[    0.540520] pci 0000:00:00.0: [Firmware Bug]: reg 0x18: invalid BAR (can't size)
[    0.541014] pci 0000:00:00.0: [Firmware Bug]: reg 0x1c: invalid BAR (can't size)
[    0.541510] pci 0000:00:00.0: [Firmware Bug]: reg 0x20: invalid BAR (can't size)
[    0.542024] pci 0000:00:00.0: [Firmware Bug]: reg 0x24: invalid BAR (can't size)
[    0.545528] pci 0000:00:0a.0: [8086:7110] type 00 class 0x060100
[    0.548582] pci 0000:00:0a.1: [8086:7111] type 00 class 0x010180
[    0.549244] pci 0000:00:0a.1: reg 0x20: [io  0x0000-0x000f]
[    0.549753] pci 0000:00:0a.1: legacy IDE quirk: reg 0x10: [io  0x01f0-0x01f7]
[    0.550247] pci 0000:00:0a.1: legacy IDE quirk: reg 0x14: [io  0x03f6]
[    0.550723] pci 0000:00:0a.1: legacy IDE quirk: reg 0x18: [io  0x0170-0x0177]
[    0.551331] pci 0000:00:0a.1: legacy IDE quirk: reg 0x1c: [io  0x0376]
[    0.554151] pci 0000:00:0a.2: [8086:7112] type 00 class 0x0c0300
[    0.554741] pci 0000:00:0a.2: reg 0x20: [io  0x0000-0x001f]
[    0.557627] pci 0000:00:0a.3: [8086:7113] type 00 class 0x068000
[    0.558717] pci 0000:00:0a.3: quirk: [io  0x1000-0x103f] claimed by PIIX4 ACPI
[    0.559253] pci 0000:00:0a.3: quirk: [io  0x1100-0x110f] claimed by PIIX4 SMB
[    0.562190] pci 0000:00:12.0: [1013:00b8] type 00 class 0x030000
[    0.562751] pci 0000:00:12.0: reg 0x10: [mem 0x00000000-0x01ffffff pref]
[    0.563252] pci 0000:00:12.0: reg 0x14: [mem 0x00000000-0x00000fff]
[    0.563828] pci 0000:00:12.0: reg 0x30: [mem 0x00000000-0x0000ffff pref]
[    0.566225] vgaarb: device added: PCI:0000:00:12.0,decodes=io+mem,owns=none,locks=none
[    0.567326] pci 0000:00:13.0: [8086:100e] type 00 class 0x020000
[    0.567873] pci 0000:00:13.0: reg 0x10: [mem 0x00000000-0x0001ffff]
[    0.568547] pci 0000:00:13.0: reg 0x14: [io  0x0000-0x003f]
[    0.569115] pci 0000:00:13.0: reg 0x30: [mem 0x00000000-0x0003ffff pref]
[    0.571841] pci 0000:00:14.0: [8086:100e] type 00 class 0x020000
[    0.572372] pci 0000:00:14.0: reg 0x10: [mem 0x00000000-0x0001ffff]
[    0.572989] pci 0000:00:14.0: reg 0x14: [io  0x0000-0x003f]
[    0.573533] pci 0000:00:14.0: reg 0x30: [mem 0x00000000-0x0003ffff pref]
[    0.576342] pci 0000:00:15.0: [8086:100e] type 00 class 0x020000
[    0.577072] pci 0000:00:15.0: reg 0x10: [mem 0x00000000-0x0001ffff]
[    0.577566] pci 0000:00:15.0: reg 0x14: [io  0x0000-0x003f]
[    0.578122] pci 0000:00:15.0: reg 0x30: [mem 0x00000000-0x0003ffff pref]
[    0.580975] pci 0000:00:16.0: [8086:100e] type 00 class 0x020000
[    0.581634] pci 0000:00:16.0: reg 0x10: [mem 0x00000000-0x0001ffff]
[    0.582139] pci 0000:00:16.0: reg 0x14: [io  0x0000-0x003f]
[    0.582690] pci 0000:00:16.0: reg 0x30: [mem 0x00000000-0x0003ffff pref]
[    0.585676] pci_bus 0000:00: busn_res: [bus 00-ff] end is updated to 00
[    0.587018] pci 0000:00:12.0: BAR 0: assigned [mem 0x10000000-0x11ffffff pref]
[    0.587676] pci 0000:00:13.0: BAR 6: assigned [mem 0x12000000-0x1203ffff pref]
[    0.588257] pci 0000:00:14.0: BAR 6: assigned [mem 0x12040000-0x1207ffff pref]
[    0.588810] pci 0000:00:15.0: BAR 6: assigned [mem 0x12080000-0x120bffff pref]
[    0.589476] pci 0000:00:16.0: BAR 6: assigned [mem 0x120c0000-0x120fffff pref]
[    0.590031] pci 0000:00:13.0: BAR 0: assigned [mem 0x12100000-0x1211ffff]
[    0.590635] pci 0000:00:14.0: BAR 0: assigned [mem 0x12120000-0x1213ffff]
[    0.591186] pci 0000:00:15.0: BAR 0: assigned [mem 0x12140000-0x1215ffff]
[    0.591743] pci 0000:00:16.0: BAR 0: assigned [mem 0x12160000-0x1217ffff]
[    0.592299] pci 0000:00:12.0: BAR 6: assigned [mem 0x12180000-0x1218ffff pref]
[    0.592867] pci 0000:00:12.0: BAR 1: assigned [mem 0x12190000-0x12190fff]
[    0.593549] pci 0000:00:13.0: BAR 1: assigned [io  0x1040-0x107f]
[    0.594049] pci 0000:00:14.0: BAR 1: assigned [io  0x1080-0x10bf]
[    0.594551] pci 0000:00:15.0: BAR 1: assigned [io  0x10c0-0x10ff]
[    0.595070] pci 0000:00:16.0: BAR 1: assigned [io  0x1400-0x143f]
[    0.595604] pci 0000:00:0a.2: BAR 4: assigned [io  0x1440-0x145f]
[    0.596111] pci 0000:00:0a.1: BAR 4: assigned [io  0x1460-0x146f]
[    0.612018] cfg80211: Calling CRDA to update world regulatory domain
[    0.623872] Switched to clocksource MIPS
[    0.728346] NET: Registered protocol family 2
[    0.739418] TCP established hash table entries: 2048 (order: 1, 8192 bytes)
[    0.740707] TCP bind hash table entries: 2048 (order: 1, 8192 bytes)
[    0.741625] TCP: Hash tables configured (established 2048 bind 2048)
[    0.742599] UDP hash table entries: 256 (order: 0, 4096 bytes)
[    0.743195] UDP-Lite hash table entries: 256 (order: 0, 4096 bytes)
[    0.746843] NET: Registered protocol family 1
[    0.748507] PCI: Enabling device 0000:00:0a.2 (0000 -> 0001)
[    0.749901] PCI: CLS 0 bytes, default 16
[    0.778272] futex hash table entries: 256 (order: -1, 3072 bytes)
[    0.793238] squashfs: version 4.0 (2009/01/31) Phillip Lougher
[    0.795407] jffs2: version 2.2. (NAND) Â© 2001-2006 Red Hat, Inc.
[    0.798548] romfs: ROMFS MTD (C) 2007 Red Hat, Inc.
[    0.820408] Block layer SCSI generic (bsg) driver version 0.4 loaded (major 251)
[    0.821039] io scheduler noop registered
[    0.821671] io scheduler cfq registered (default)
[    0.822572] firmadyne: devfs: 1, execute: 1, procfs: 1, syscall: 1
[    0.828061] firmadyne: Cannot register character device: gpio, 0xfc, 0x0!
[    0.835670] firmadyne: Cannot register character device: watchdog, 0xa, 0x82!
[    0.836314] firmadyne: Cannot register character device: wdt, 0xfd, 0x0!
[    2.364352] strName = 4.1.17+
[    2.364352] init_task_addr  = 2155778944
[    2.364352] init_task_size  = 1296
[    2.364352] ts_tasks        = 292
[    2.364352] ts_pid          = 408
[    2.364352] ts_tgid         = 412
[    2.364352] ts_group_leader = 440
[    2.364352] ts_thread_group = 496
[    2.364352] ts_real_parent  = 416
[    2.364352] ts_mm           = 300
[    2.364352] ts_stack        = 4
[    2.366671] module_name   = 12
[    2.366671] module_size   = 208
[    2.366671] module_init   = 200
[    2.366671] module_list   = 4
[    2.367557] ts_real_cred    = 624
[    2.367557] ts_cred         = 628
[    2.367557] ts_comm         = 632
[    2.367557] cred_uid        = 4
[    2.367557] cred_gid        = 8
[    2.367557] cred_euid       = 20
[    2.367557] cred_egid       = 24
[    2.369257] mm_mmap         = 0
[    2.369257] mm_pgd          = 32
[    2.369257] mm_arg_start    = 136
[    2.369257] mm_start_brk    = 124
[    2.369257] mm_brk          = 128
[    2.369257] mm_start_stack  = 132
[    2.370528] vma_vm_start    = 0
[    2.370528] vma_vm_end      = 4
[    2.370528] vma_vm_next     = 8
[    2.370528] vma_vm_file     = 80
[    2.370528] vma_vm_flags    = 40
[    2.370528] vma_vm_pgoff    = 76
[    2.371804] file_dentry     = 12
[    2.371804] file_inode      = 40
[    2.371804] dentry_d_name   = 24
[    2.371804] dentry_d_iname  = 44
[    2.371804] dentry_d_parent = 16
[    2.371804] ti_task         = 0
[    2.371804] inode_ino   = 28
[    3.341847] proc_fork_connector  = 2151078840
[    3.342247] proc_exit_connector  = 2151080432
[    3.342556] proc_exec_connector  = 2151079052
[    3.342870] vma_link  = 2149124372
[    3.343137] vma_adjust  = 2149124540
[    3.343433] remove_vma  = 2149122188
[    3.343711] modules  = 2155833724
[    3.344135] trim_init_extable  = 2150545316
[    3.347414] PCI: Enabling device 0000:00:12.0 (0000 -> 0002)
[    3.348754] cirrusfb 0000:00:12.0: Cirrus Logic chipset on PCI bus, RAM (4096 kB) at 0x10000000
[    3.581086] Console: switching to colour frame buffer device 80x30
[    3.642688] Serial: 8250/16550 driver, 4 ports, IRQ sharing enabled
[    3.655516] console [ttyS0] disabled
[    3.681137] serial8250.0: ttyS0 at I/O 0x3f8 (irq = 4, base_baud = 115200) is a 16550A
[    3.682282] console [ttyS0] enabled
[    3.682282] console [ttyS0] enabled
[    3.682885] bootconsole [uart0] disabled
[    3.682885] bootconsole [uart0] disabled
[    3.712375] serial8250.0: ttyS1 at I/O 0x2f8 (irq = 3, base_baud = 115200) is a 16550A
[    3.758435] cfg80211: Calling CRDA to update world regulatory domain
[    3.826080] brd: module loaded
[    3.885092] loop: module loaded
[    3.891383] ata_piix 0000:00:0a.1: version 2.13
[    3.892112] PCI: Enabling device 0000:00:0a.1 (0000 -> 0001)
[    3.915957] scsi host0: ata_piix
[    3.921064] scsi host1: ata_piix
[    3.924823] ata1: PATA max UDMA/33 cmd 0x1f0 ctl 0x3f6 bmdma 0x1460 irq 14
[    3.925301] ata2: PATA max UDMA/33 cmd 0x170 ctl 0x376 bmdma 0x1468 irq 15
[    3.931450] [nandsim] warning: read_byte: unexpected data output cycle, state is STATE_READY return 0x0
[    3.932157] [nandsim] warning: read_byte: unexpected data output cycle, state is STATE_READY return 0x0
[    3.932728] [nandsim] warning: read_byte: unexpected data output cycle, state is STATE_READY return 0x0
[    3.933255] [nandsim] warning: read_byte: unexpected data output cycle, state is STATE_READY return 0x0
[    3.933788] [nandsim] warning: read_byte: unexpected data output cycle, state is STATE_READY return 0x0
[    3.934317] [nandsim] warning: read_byte: unexpected data output cycle, state is STATE_READY return 0x0
[    3.935048] nand: device found, Manufacturer ID: 0x98, Chip ID: 0x39
[    3.935440] nand: Toshiba NAND 128MiB 1,8V 8-bit
[    3.935829] nand: 128 MiB, SLC, erase size: 16 KiB, page size: 512, OOB size: 16
[    3.937482] flash size: 128 MiB
[    3.937722] page size: 512 bytes
[    3.937973] OOB area size: 16 bytes
[    3.938241] sector size: 16 KiB
[    3.938472] pages number: 262144
[    3.938750] pages per sector: 32
[    3.939098] bus width: 8
[    3.939419] bits in sector size: 14
[    3.939725] bits in page size: 9
[    3.940114] bits in OOB size: 4
[    3.940379] flash size with OOB: 135168 KiB
[    3.940663] page address bytes: 4
[    3.940906] sector address bytes: 3
[    3.941147] options: 0x42
[    4.017112] Scanning device for bad blocks
[    5.074601] ata2.01: NODEV after polling detection
[    5.075411] ata1.01: NODEV after polling detection
[    5.077215] ata2.00: ATAPI: QEMU DVD-ROM, 2.5+, max UDMA/100
[    5.078857] ata1.00: ATA-7: QEMU HARDDISK, 2.5+, max UDMA/100
[    5.079289] ata1.00: 2097152 sectors, multi 16: LBA48 
[    5.085534] ata2.00: configured for UDMA/33
[    5.087399] ata1.00: configured for UDMA/33
[    5.095747] scsi 0:0:0:0: Direct-Access     ATA      QEMU HARDDISK    2.5+ PQ: 0 ANSI: 5
[    5.110517] sd 0:0:0:0: [sda] 2097152 512-byte logical blocks: (1.07 GB/1.00 GiB)
[    5.112099] scsi 1:0:0:0: CD-ROM            QEMU     QEMU DVD-ROM     2.5+ PQ: 0 ANSI: 5
[    5.123794] sd 0:0:0:0: [sda] Write Protect is off
[    5.124435] sd 0:0:0:0: [sda] Mode Sense: 00 3a 00 00
[    5.125936] sd 0:0:0:0: [sda] Write cache: enabled, read cache: enabled, doesn't support DPO or FUA
[    5.136704]  sda: sda1
[    5.148205] sd 0:0:0:0: [sda] Attached SCSI disk
[    5.148762] Creating 11 MTD partitions on "NAND 128MiB 1,8V 8-bit":
[    5.149389] 0x000000000000-0x000000100000 : "NAND simulator partition 0"
[    5.159747] 0x000000100000-0x000000200000 : "NAND simulator partition 1"
[    5.169849] 0x000000200000-0x000000300000 : "NAND simulator partition 2"
[    5.180500] 0x000000300000-0x000000400000 : "NAND simulator partition 3"
[    5.190936] 0x000000400000-0x000000500000 : "NAND simulator partition 4"
[    5.201511] 0x000000500000-0x000000600000 : "NAND simulator partition 5"
[    5.212205] 0x000000600000-0x000000700000 : "NAND simulator partition 6"
[    5.222622] 0x000000700000-0x000000800000 : "NAND simulator partition 7"
[    5.233100] 0x000000800000-0x000000900000 : "NAND simulator partition 8"
[    5.242781] 0x000000900000-0x000000a00000 : "NAND simulator partition 9"
[    5.252821] 0x000000a00000-0x000008000000 : "NAND simulator partition 10"
[    5.295087] tun: Universal TUN/TAP device driver, 1.6
[    5.295461] tun: (C) 1999-2004 Max Krasnyansky <maxk@qualcomm.com>
[    5.298908] pcnet32: pcnet32.c:v1.35 21.Apr.2008 tsbogend@alpha.franken.de
[    5.300259] e1000: Intel(R) PRO/1000 Network Driver - version 7.3.21-k8-NAPI
[    5.300685] e1000: Copyright (c) 1999-2006 Intel Corporation.
[    5.301606] PCI: Enabling device 0000:00:13.0 (0000 -> 0003)
[    5.586919] e1000 0000:00:13.0 eth0: (PCI:33MHz:32-bit) 52:54:00:12:34:56
[    5.587539] e1000 0000:00:13.0 eth0: Intel(R) PRO/1000 Network Connection
[    5.588332] PCI: Enabling device 0000:00:14.0 (0000 -> 0003)
[    5.873508] e1000 0000:00:14.0 eth1: (PCI:33MHz:32-bit) 52:54:00:12:34:57
[    5.874008] e1000 0000:00:14.0 eth1: Intel(R) PRO/1000 Network Connection
[    5.874644] PCI: Enabling device 0000:00:15.0 (0000 -> 0003)
[    6.157207] e1000 0000:00:15.0 eth2: (PCI:33MHz:32-bit) 52:54:00:12:34:58
[    6.157697] e1000 0000:00:15.0 eth2: Intel(R) PRO/1000 Network Connection
[    6.158362] PCI: Enabling device 0000:00:16.0 (0000 -> 0003)
[    6.442362] e1000 0000:00:16.0 eth3: (PCI:33MHz:32-bit) 52:54:00:12:34:59
[    6.442862] e1000 0000:00:16.0 eth3: Intel(R) PRO/1000 Network Connection
[    6.444179] e1000e: Intel(R) PRO/1000 Network Driver - 2.3.2-k
[    6.444494] e1000e: Copyright(c) 1999 - 2014 Intel Corporation.
[    6.448593] PPP generic driver version 2.4.2
[    6.450600] PPP Deflate Compression module registered
[    6.451217] PPP MPPE Compression module registered
[    6.451591] NET: Registered protocol family 24
[    6.452401] ehci_hcd: USB 2.0 'Enhanced' Host Controller (EHCI) Driver
[    6.452876] ehci-pci: EHCI PCI platform driver
[    6.453949] ohci_hcd: USB 1.1 'Open' Host Controller (OHCI) Driver
[    6.454394] ohci-pci: OHCI PCI platform driver
[    6.455435] uhci_hcd: USB Universal Host Controller Interface driver
[    6.457103] uhci_hcd 0000:00:0a.2: UHCI Host Controller
[    6.457835] uhci_hcd 0000:00:0a.2: new USB bus registered, assigned bus number 1
[    6.458800] uhci_hcd 0000:00:0a.2: irq 11, io base 0x00001440
[    6.469838] hub 1-0:1.0: USB hub found
[    6.470556] hub 1-0:1.0: 2 ports detected
[    6.479124] usbcore: registered new interface driver usb-storage
[    6.483240] mousedev: PS/2 mouse device common for all mice
[    6.489430] rtc_cmos rtc_cmos: rtc core: registered rtc_cmos as rtc0
[    6.490149] rtc_cmos rtc_cmos: alarms up to one day, 242 bytes nvram
[    6.491476] i2c /dev entries driver
[    6.492741] piix4_smbus 0000:00:0a.3: SMBus Host Controller at 0x1100, revision 0
[    6.497043] sdhci: Secure Digital Host Controller Interface driver
[    6.497401] sdhci: Copyright(c) Pierre Ossman
[    6.499755] hidraw: raw HID events driver (C) Jiri Kosina
[    6.517502] usbcore: registered new interface driver usbhid
[    6.517850] usbhid: USB HID core driver
[    6.518892] Netfilter messages via NETLINK v0.30.
[    6.520314] nf_conntrack version 0.5.0 (3923 buckets, 15692 max)
[    6.523372] ctnetlink v0.93: registering with nfnetlink.
[    6.528650] ipip: IPv4 over IPv4 tunneling driver
[    6.540462] ip_tables: (C) 2000-2006 Netfilter Core Team
[    6.543218] arp_tables: (C) 2002 David S. Miller
[    6.545159] Initializing XFRM netlink socket
[    6.546340] NET: Registered protocol family 10
[    6.566318] ip6_tables: (C) 2000-2006 Netfilter Core Team
[    6.569873] sit: IPv6 over IPv4 tunneling driver
[    6.587337] NET: Registered protocol family 17
[    6.588365] bridge: automatic filtering via arp/ip/ip6tables has been deprecated. Update your scripts to load br_netfilter if you need this.
[    6.589402] Bridge firewalling registered
[    6.589799] Ebtables v2.0 registered
[    6.595135] 8021q: 802.1Q VLAN Support v1.8
[    6.615718] rtc_cmos rtc_cmos: setting system clock to 2025-07-23 20:30:40 UTC (1753302640)
[    6.637096] EXT2-fs (sda1): warning: mounting unchecked fs, running e2fsck is recommended
[    6.639243] VFS: Mounted root (ext2 filesystem) on device 8:1.
[    6.648302] Freeing YAMON memory: 956k freed
[    6.659534] Freeing unused kernel memory: 260K (8081f000 - 80860000)
[    6.688351] spurious 8259A interrupt: IRQ7.
[    6.782556] firmadyne: sys_reboot[PID: 49 (init)]: magic1:fee1dead, magic2:28121969, cmd:0
init started:  BusyBox v1.00 (2011.02.24-08:49+0000) multi-call binary
init started:  BusyBox v1.00 (2011.02.24-08:49+0000) multi-call binary
Starting pid 51, console /dev/ttyS0: '/usr/etc/rcS'
[    6.901257] cfg80211: Calling CRDA to update world regulatory domain
[    7.094428] firmadyne: do_execve: /firmadyne/console
[    7.095036] OFFSETS: offset of pid: 0x198 offset of comm: 0x278
mount: Mounting devpts on /dev/pts failed: No such file or directory
mknod: /dev/sc_led: File exists
[    9.567381] random: nonblocking pool is initialized
insmod: cannot open module `/lib/modules/ipt_string.ko': No such file or directory
[   10.044256] cfg80211: Calling CRDA to update world regulatory domain
[   10.472326] firmadyne: ioctl: 0x1
[   11.675064] firmadyne: sys_socket[PID: 93 (brctl)]: family:2, type:2, protocol:0
[   11.739172] firmadyne: sys_socket[PID: 94 (brctl)]: family:2, type:2, protocol:0
[   11.803353] firmadyne: sys_socket[PID: 95 (ifconfig)]: family:2, type:1, protocol:0
[   11.806307] firmadyne: __inet_insert_ifa[PID: 95 (ifconfig)]: device:eth0 ifa:0x00000000
[   11.820747] IPv6: ADDRCONF(NETDEV_UP): eth0: link is not ready
[   11.821298] 8021q: adding VLAN 0 to HW filter on device eth0
[   11.825789] e1000: eth0 NIC Link is Up 1000 Mbps Full Duplex, Flow Control: RX
[   11.827574] IPv6: ADDRCONF(NETDEV_CHANGE): eth0: link becomes ready
[   11.892343] firmadyne: sys_socket[PID: 96 (brctl)]: family:2, type:2, protocol:0
[   11.893617] firmadyne: sys_socket[PID: 96 (brctl)]: family:10, type:1, protocol:0
[   11.895500] firmadyne: br_add_if[PID: 96 (brctl)]: br:br0 dev:eth0
[   11.900852] device eth0 entered promiscuous mode
[   13.189815] cfg80211: Calling CRDA to update world regulatory domain
killall: dsl_cpe_control: no process killed
[   14.686228] firmadyne: ioctl: 0xc0a47204
[   14.721203] firmadyne: sys_socket[PID: 105 (ifconfig)]: family:2, type:1, protocol:0
[   14.723379] firmadyne: __inet_insert_ifa[PID: 105 (ifconfig)]: device:lo ifa:0x7f000001
[   14.732812] firmadyne: __inet_insert_ifa[PID: 105 (ifconfig)]: device:lo ifa:0x7f000001
[   14.866762] firmadyne: sys_socket[PID: 106 (route)]: family:2, type:1, protocol:0
[   15.064855] firmadyne: sys_socket[PID: 107 (klogd)]: family:1, type:1, protocol:0
[   15.067044] firmadyne: sys_socket[PID: 107 (klogd)]: family:1, type:2, protocol:0
[   15.080334] firmadyne: sys_socket[PID: 107 (klogd)]: family:1, type:1, protocol:0
[   15.081686] firmadyne: sys_socket[PID: 107 (klogd)]: family:1, type:2, protocol:0
[   15.088619] firmadyne: sys_socket[PID: 107 (klogd)]: family:1, type:1, protocol:0
[   15.090032] firmadyne: sys_socket[PID: 107 (klogd)]: family:1, type:2, protocol:0
[   15.097027] firmadyne: sys_socket[PID: 107 (klogd)]: family:1, type:1, protocol:0
[   15.098376] firmadyne: sys_socket[PID: 107 (klogd)]: family:1, type:2, protocol:0
[   15.105440] firmadyne: sys_socket[PID: 107 (klogd)]: family:1, type:1, protocol:0
[   15.106813] firmadyne: sys_socket[PID: 107 (klogd)]: family:1, type:2, protocol:0
[   15.113798] firmadyne: sys_socket[PID: 107 (klogd)]: family:1, type:1, protocol:0
[   15.115162] firmadyne: sys_socket[PID: 107 (klogd)]: family:1, type:2, protocol:0
[   15.126104] firmadyne: sys_socket[PID: 107 (klogd)]: family:1, type:1, protocol:0
[   15.127442] firmadyne: sys_socket[PID: 107 (klogd)]: family:1, type:2, protocol:0
[   15.134106] firmadyne: sys_socket[PID: 107 (klogd)]: family:1, type:1, protocol:0
[   15.135464] firmadyne: sys_socket[PID: 107 (klogd)]: family:1, type:2, protocol:0
[   15.142112] firmadyne: sys_socket[PID: 107 (klogd)]: family:1, type:1, protocol:0
[   15.143471] firmadyne: sys_socket[PID: 107 (klogd)]: family:1, type:2, protocol:0
[   15.150028] firmadyne: sys_socket[PID: 107 (klogd)]: family:1, type:1, protocol:0
[   15.151284] firmadyne: sys_socket[PID: 107 (klogd)]: family:1, type:2, protocol:0
[   15.162084] firmadyne: sys_socket[PID: 107 (klogd)]: family:1, type:1, protocol:0
[   15.163367] firmadyne: sys_socket[PID: 107 (klogd)]: family:1, type:2, protocol:0
[   15.167326] firmadyne: sys_socket[PID: 103 (dsl_cpe_control)]: family:2, type:2, protocol:0
[   15.170435] firmadyne: sys_socket[PID: 107 (klogd)]: family:1, type:1, protocol:0
[   15.171756] firmadyne: sys_socket[PID: 107 (klogd)]: family:1, type:2, protocol:0
[   15.173120] firmadyne: sys_setsockopt[PID: 103 (dsl_cpe_control)]: fd:4, level:65535, optname:8
[   15.174113] firmadyne: sys_setsockopt[PID: 103 (dsl_cpe_control)]: fd:4, level:65535, optname:4097
[   15.175044] firmadyne: sys_setsockopt[PID: 103 (dsl_cpe_control)]: fd:4, level:65535, optname:4098
[   15.175937] firmadyne: sys_setsockopt[PID: 103 (dsl_cpe_control)]: fd:4, level:6, optname:1
[   15.178945] firmadyne: sys_socket[PID: 107 (klogd)]: family:1, type:1, protocol:0
[   15.180674] firmadyne: inet_bind[PID: 103 (dsl_cpe_control)]: proto:SOCK_STREAM, port:8080
[   15.184598] firmadyne: sys_socket[PID: 107 (klogd)]: family:1, type:2, protocol:0
[   15.187279] firmadyne: sys_socket[PID: 107 (klogd)]: family:1, type:1, protocol:0
[   15.193525] firmadyne: ioctl: 0xc00c7224
[   15.194030] firmadyne: ioctl: 0xc00c721d
[   15.194473] firmadyne: ioctl: 0xc00c721d
[   15.194908] firmadyne: ioctl: 0xc00c721d
[   15.195341] firmadyne: ioctl: 0xc00c721d
[   15.195800] firmadyne: ioctl: 0xc00c721d
[   15.197050] firmadyne: sys_socket[PID: 107 (klogd)]: family:1, type:2, protocol:0
[   15.199760] firmadyne: sys_socket[PID: 107 (klogd)]: family:1, type:1, protocol:0
[   15.202313] firmadyne: ioctl: 0xc00c721d
[   15.202788] firmadyne: ioctl: 0xc00c721d
[   15.203248] firmadyne: ioctl: 0xc00c721d
[   15.203698] firmadyne: ioctl: 0xc00c721d
[   15.204396] firmadyne: ioctl: 0xc00c721d
[   15.204852] firmadyne: ioctl: 0xc00c721d
[   15.205292] firmadyne: ioctl: 0xc00c721d
[   15.205737] firmadyne: ioctl: 0xc00c721d
[   15.206184] firmadyne: ioctl: 0xc00c721d
[   15.206622] firmadyne: ioctl: 0xc00c721d
[   15.207067] firmadyne: ioctl: 0xc00c721d
[   15.207505] firmadyne: ioctl: 0xc00c721d
[   15.208803] firmadyne: sys_socket[PID: 107 (klogd)]: family:1, type:2, protocol:0
[   15.211525] firmadyne: sys_socket[PID: 107 (klogd)]: family:1, type:1, protocol:0
[   15.213257] firmadyne: sys_socket[PID: 107 (klogd)]: family:1, type:2, protocol:0
[   15.216073] firmadyne: sys_socket[PID: 107 (klogd)]: family:1, type:1, protocol:0
[   15.222042] firmadyne: ioctl: 0xc0207223
[   15.229753] firmadyne: sys_socket[PID: 107 (klogd)]: family:1, type:2, protocol:0
[   15.232754] firmadyne: ioctl: 0xc0207223
[   15.233919] firmadyne: ioctl: 0xc0207223
[   15.235041] firmadyne: ioctl: 0xc0207223
[   15.239469] firmadyne: sys_socket[PID: 107 (klogd)]: family:1, type:1, protocol:0
[   15.241115] firmadyne: sys_socket[PID: 107 (klogd)]: family:1, type:2, protocol:0
[   15.243893] firmadyne: sys_socket[PID: 107 (klogd)]: family:1, type:1, protocol:0
[   15.248731] firmadyne: ioctl: 0xc0207223
[   15.249884] firmadyne: ioctl: 0xc0207223
[   15.250989] firmadyne: ioctl: 0xc0207223
[   15.256461] firmadyne: ioctl: 0xc0207223
[   15.257608] firmadyne: ioctl: 0xc0207223
[   15.258733] firmadyne: ioctl: 0xc0207223
[   15.260033] firmadyne: ioctl: 0xc0207223
[   15.261168] firmadyne: sys_socket[PID: 107 (klogd)]: family:1, type:2, protocol:0
[   15.264122] firmadyne: sys_socket[PID: 107 (klogd)]: family:1, type:1, protocol:0
[   15.268840] firmadyne: ioctl: 0xc0207223
[   15.270000] firmadyne: ioctl: 0xc0207223
[   15.271117] firmadyne: ioctl: 0xc0207223
[   15.272613] firmadyne: sys_socket[PID: 107 (klogd)]: family:1, type:2, protocol:0
[   15.281291] firmadyne: ioctl: 0xc0207223
[   15.282398] firmadyne: ioctl: 0xc0207223
[   15.283481] firmadyne: ioctl: 0xc0207223
[   15.284462] firmadyne: sys_socket[PID: 107 (klogd)]: family:1, type:1, protocol:0
[   15.285779] firmadyne: sys_socket[PID: 107 (klogd)]: family:1, type:2, protocol:0
[   15.292800] firmadyne: ioctl: 0xc0207223
[   15.293952] firmadyne: ioctl: 0xc0207223
[   15.295072] firmadyne: ioctl: 0xc0207223
[   15.296641] firmadyne: sys_socket[PID: 107 (klogd)]: family:1, type:1, protocol:0
[   15.298044] firmadyne: sys_socket[PID: 107 (klogd)]: family:1, type:2, protocol:0
[   15.304456] firmadyne: ioctl: 0xc0207223
[   15.305596] firmadyne: ioctl: 0xc0207223
[   15.306707] firmadyne: ioctl: 0xc0207223
[   15.308014] firmadyne: ioctl: 0xc0207223
[   15.309423] firmadyne: sys_socket[PID: 107 (klogd)]: family:1, type:1, protocol:0
[   15.310872] firmadyne: sys_socket[PID: 107 (klogd)]: family:1, type:2, protocol:0
[   15.316814] firmadyne: ioctl: 0xc0207223
[   15.317948] firmadyne: ioctl: 0xc0207223
[   15.319056] firmadyne: ioctl: 0xc0207223
[   15.321736] firmadyne: sys_socket[PID: 107 (klogd)]: family:1, type:1, protocol:0
[   15.323043] firmadyne: sys_socket[PID: 107 (klogd)]: family:1, type:2, protocol:0
[   15.328455] firmadyne: ioctl: 0xc0207223
[   15.329642] firmadyne: ioctl: 0xc0207223
[   15.330752] firmadyne: ioctl: 0xc0207223
[   15.333975] firmadyne: sys_socket[PID: 107 (klogd)]: family:1, type:1, protocol:0
[   15.335275] firmadyne: sys_socket[PID: 107 (klogd)]: family:1, type:2, protocol:0
[   15.340128] firmadyne: ioctl: 0xc0207223
[   15.341348] firmadyne: ioctl: 0xc0207223
[   15.342469] firmadyne: ioctl: 0xc0207223
[   15.343572] firmadyne: ioctl: 0xc0207223
[   15.350107] firmadyne: sys_socket[PID: 107 (klogd)]: family:1, type:1, protocol:0
[   15.351427] firmadyne: sys_socket[PID: 107 (klogd)]: family:1, type:2, protocol:0
[   15.356843] firmadyne: ioctl: 0xc0207223
[   15.357993] firmadyne: ioctl: 0xc0207223
[   15.359096] firmadyne: ioctl: 0xc0207223
[   15.362159] firmadyne: sys_socket[PID: 107 (klogd)]: family:1, type:1, protocol:0
[   15.363571] firmadyne: sys_socket[PID: 107 (klogd)]: family:1, type:2, protocol:0
[   15.368467] firmadyne: ioctl: 0xc0207223
[   15.369606] firmadyne: ioctl: 0xc0207223
[   15.370740] firmadyne: ioctl: 0xc0207223
[   15.377992] firmadyne: sys_socket[PID: 107 (klogd)]: family:1, type:1, protocol:0
[   15.379320] firmadyne: sys_socket[PID: 107 (klogd)]: family:1, type:2, protocol:0
[   15.380505] firmadyne: ioctl: 0xc0207223
[   15.381666] firmadyne: ioctl: 0xc0207223
[   15.382779] firmadyne: ioctl: 0xc0207223
[   15.392791] firmadyne: sys_socket[PID: 107 (klogd)]: family:1, type:1, protocol:0
[   15.394156] firmadyne: sys_socket[PID: 107 (klogd)]: family:1, type:2, protocol:0
[   15.396285] firmadyne: ioctl: 0xc0207223
[   15.397487] firmadyne: ioctl: 0xc0207223
[   15.398600] firmadyne: ioctl: 0xc0207223
[   15.399713] firmadyne: ioctl: 0xc0207223
[   15.404727] firmadyne: ioctl: 0xc0207223
[   15.405861] firmadyne: ioctl: 0xc0207223
[   15.406984] firmadyne: ioctl: 0xc0207223
[   15.409219] firmadyne: sys_socket[PID: 107 (klogd)]: family:1, type:1, protocol:0
[   15.410631] firmadyne: sys_socket[PID: 107 (klogd)]: family:1, type:2, protocol:0
[   15.416406] firmadyne: ioctl: 0xc0207223
[   15.417611] firmadyne: ioctl: 0xc0207223
[   15.418743] firmadyne: ioctl: 0xc0207223
[   15.420022] firmadyne: ioctl: 0xc0207223
[   15.421980] firmadyne: sys_socket[PID: 107 (klogd)]: family:1, type:1, protocol:0
[   15.423323] firmadyne: sys_socket[PID: 107 (klogd)]: family:1, type:2, protocol:0
[   15.430095] firmadyne: sys_socket[PID: 107 (klogd)]: family:1, type:1, protocol:0
[   15.431377] firmadyne: sys_socket[PID: 107 (klogd)]: family:1, type:2, protocol:0
[   15.433284] firmadyne: ioctl: 0xc0207223
[   15.434423] firmadyne: ioctl: 0xc0207223
[   15.435528] firmadyne: ioctl: 0xc0207223
[   15.440759] firmadyne: ioctl: 0xc0207223
[   15.441906] firmadyne: ioctl: 0xc0207223
[   15.443024] firmadyne: ioctl: 0xc0207223
[   15.446074] firmadyne: sys_socket[PID: 107 (klogd)]: family:1, type:1, protocol:0
[   15.447425] firmadyne: sys_socket[PID: 107 (klogd)]: family:1, type:2, protocol:0
[   15.452419] firmadyne: ioctl: 0xc0207223
[   15.453570] firmadyne: ioctl: 0xc0207223
[   15.454685] firmadyne: ioctl: 0xc0207223
[   15.455807] firmadyne: ioctl: 0xc0207223
[   15.458599] firmadyne: sys_socket[PID: 107 (klogd)]: family:1, type:1, protocol:0
[   15.464171] firmadyne: sys_socket[PID: 107 (klogd)]: family:1, type:2, protocol:0
[   15.467003] firmadyne: sys_socket[PID: 107 (klogd)]: family:1, type:1, protocol:0
[   15.468966] firmadyne: ioctl: 0xc0207223
[   15.470088] firmadyne: ioctl: 0xc0207223
[   15.471203] firmadyne: ioctl: 0xc0207223
[   15.476533] firmadyne: ioctl: 0xc0207223
[   15.477682] firmadyne: ioctl: 0xc0207223
[   15.478817] firmadyne: ioctl: 0xc0207223
[   15.480652] firmadyne: sys_socket[PID: 107 (klogd)]: family:1, type:2, protocol:0
[   15.483379] firmadyne: sys_socket[PID: 107 (klogd)]: family:1, type:1, protocol:0
[   15.488157] firmadyne: ioctl: 0xc0207223
[   15.489356] firmadyne: ioctl: 0xc0207223
[   15.490497] firmadyne: ioctl: 0xc0207223
[   15.491626] firmadyne: ioctl: 0xc0207223
[   15.493017] firmadyne: sys_socket[PID: 107 (klogd)]: family:1, type:2, protocol:0
[   15.495662] firmadyne: sys_socket[PID: 107 (klogd)]: family:1, type:1, protocol:0
[   15.504810] firmadyne: ioctl: 0xc0207223
[   15.505979] firmadyne: ioctl: 0xc0207223
[   15.507109] firmadyne: ioctl: 0xc0207223
[   15.508641] firmadyne: sys_socket[PID: 107 (klogd)]: family:1, type:2, protocol:0
[   15.511310] firmadyne: sys_socket[PID: 107 (klogd)]: family:1, type:1, protocol:0
[   15.516502] firmadyne: ioctl: 0xc0207223
[   15.517641] firmadyne: ioctl: 0xc0207223
[   15.518756] firmadyne: ioctl: 0xc0207223
[   15.520057] firmadyne: ioctl: 0xc0207223
[   15.521220] firmadyne: sys_socket[PID: 107 (klogd)]: family:1, type:2, protocol:0
[   15.528203] firmadyne: sys_socket[PID: 107 (klogd)]: family:1, type:1, protocol:0
[   15.529575] firmadyne: sys_socket[PID: 107 (klogd)]: family:1, type:2, protocol:0
[   15.532875] firmadyne: ioctl: 0xc0207223
[   15.534010] firmadyne: ioctl: 0xc0207223
[   15.535133] firmadyne: ioctl: 0xc0207223
[   15.539766] firmadyne: sys_socket[PID: 107 (klogd)]: family:1, type:1, protocol:0
[   15.541270] firmadyne: sys_socket[PID: 107 (klogd)]: family:1, type:2, protocol:0
[   15.543909] firmadyne: sys_socket[PID: 107 (klogd)]: family:1, type:1, protocol:0
[   15.545476] firmadyne: ioctl: 0xc0207223
[   15.546607] firmadyne: ioctl: 0xc0207223
[   15.547710] firmadyne: ioctl: 0xc0207223
[   15.553767] firmadyne: ioctl: 0xc0207223
[   15.554939] firmadyne: ioctl: 0xc0207223
[   15.560690] firmadyne: sys_socket[PID: 107 (klogd)]: family:1, type:2, protocol:0
[   15.563385] firmadyne: sys_socket[PID: 107 (klogd)]: family:1, type:1, protocol:0
[   15.564879] firmadyne: ioctl: 0xc0207223
[   15.566019] firmadyne: ioctl: 0xc0207223
[   15.567123] firmadyne: ioctl: 0xc0207223
[   15.572676] firmadyne: sys_socket[PID: 107 (klogd)]: family:1, type:2, protocol:0
[   15.575431] firmadyne: sys_socket[PID: 107 (klogd)]: family:1, type:1, protocol:0
[   15.577149] firmadyne: ioctl: 0xc0207223
[   15.578332] firmadyne: ioctl: 0xc0207223
[   15.579437] firmadyne: ioctl: 0xc0207223
[   15.584765] firmadyne: ioctl: 0xc0207223
[   15.585905] firmadyne: ioctl: 0xc0207223
[   15.587016] firmadyne: ioctl: 0xc0207223
[   15.588736] firmadyne: sys_socket[PID: 107 (klogd)]: family:1, type:2, protocol:0
[   15.591474] firmadyne: sys_socket[PID: 107 (klogd)]: family:1, type:1, protocol:0
[   15.596535] firmadyne: ioctl: 0xc0207223
[   15.597721] firmadyne: ioctl: 0xc0207223
[   15.598838] firmadyne: ioctl: 0xc0207223
[   15.600670] firmadyne: sys_socket[PID: 107 (klogd)]: family:1, type:2, protocol:0
[   15.603319] firmadyne: sys_socket[PID: 107 (klogd)]: family:1, type:1, protocol:0
[   15.608177] firmadyne: ioctl: 0xc0207223
[   15.609406] firmadyne: ioctl: 0xc0207223
[   15.610528] firmadyne: ioctl: 0xc0207223
[   15.611672] firmadyne: ioctl: 0xc0207223
[   15.612946] firmadyne: sys_socket[PID: 107 (klogd)]: family:1, type:2, protocol:0
[   15.615568] firmadyne: sys_socket[PID: 107 (klogd)]: family:1, type:1, protocol:0
[   15.620835] firmadyne: ioctl: 0xc0207223
[   15.621978] firmadyne: ioctl: 0xc0207223
[   15.623074] firmadyne: ioctl: 0xc0207223
[   15.624648] firmadyne: sys_socket[PID: 107 (klogd)]: family:1, type:2, protocol:0
[   15.627383] firmadyne: sys_socket[PID: 107 (klogd)]: family:1, type:1, protocol:0
[   15.632478] firmadyne: ioctl: 0xc0207223
[   15.633658] firmadyne: ioctl: 0xc0207223
[   15.634789] firmadyne: ioctl: 0xc0207223
[   15.640629] firmadyne: sys_socket[PID: 107 (klogd)]: family:1, type:2, protocol:0
[   15.643331] firmadyne: sys_socket[PID: 107 (klogd)]: family:1, type:1, protocol:0
[   15.644625] firmadyne: ioctl: 0xc0207223
[   15.645816] firmadyne: ioctl: 0xc0207223
[   15.646934] firmadyne: ioctl: 0xc0207223
[   15.652748] firmadyne: sys_socket[PID: 107 (klogd)]: family:1, type:2, protocol:0
[   15.655455] firmadyne: sys_socket[PID: 107 (klogd)]: family:1, type:1, protocol:0
[   15.657030] firmadyne: ioctl: 0xc0207223
[   15.658180] firmadyne: ioctl: 0xc0207223
[   15.659272] firmadyne: ioctl: 0xc0207223
[   15.664583] firmadyne: sys_socket[PID: 107 (klogd)]: family:1, type:2, protocol:0
[   15.666881] firmadyne: sys_socket[PID: 107 (klogd)]: family:1, type:1, protocol:0
[   15.669644] firmadyne: ioctl: 0xc0207223
[   15.671449] firmadyne: ioctl: 0xc0207223
[   15.676639] firmadyne: ioctl: 0xc0207223
[   15.677599] firmadyne: ioctl: 0xc0207223
[   15.678549] firmadyne: ioctl: 0xc0207223
[   15.679502] firmadyne: ioctl: 0xc0207223
[   15.680546] firmadyne: sys_socket[PID: 107 (klogd)]: family:1, type:2, protocol:0
[   15.682846] firmadyne: sys_socket[PID: 107 (klogd)]: family:1, type:1, protocol:0
[   15.688675] firmadyne: ioctl: 0xc0207223
[   15.689694] firmadyne: ioctl: 0xc0207223
[   15.690685] firmadyne: ioctl: 0xc0207223
[   15.691686] firmadyne: ioctl: 0xc0207223
[   15.692360] firmadyne: sys_socket[PID: 107 (klogd)]: family:1, type:2, protocol:0
[   15.694780] firmadyne: sys_socket[PID: 107 (klogd)]: family:1, type:1, protocol:0
[   15.700694] firmadyne: ioctl: 0xc0207223
[   15.701706] firmadyne: ioctl: 0xc0207223
[   15.702699] firmadyne: ioctl: 0xc0207223
[   15.703713] firmadyne: ioctl: 0xc0207223
[   15.704405] firmadyne: sys_socket[PID: 107 (klogd)]: family:1, type:2, protocol:0
[   15.706870] firmadyne: sys_socket[PID: 107 (klogd)]: family:1, type:1, protocol:0
[   15.712189] firmadyne: sys_socket[PID: 107 (klogd)]: family:1, type:2, protocol:0
[   15.714600] firmadyne: sys_socket[PID: 107 (klogd)]: family:1, type:1, protocol:0
[   15.715808] firmadyne: sys_socket[PID: 107 (klogd)]: family:1, type:2, protocol:0
[   15.717510] firmadyne: ioctl: 0xc0207223
[   15.718547] firmadyne: ioctl: 0xc0207223
[   15.719574] firmadyne: ioctl: 0xc0207223
[   15.724637] firmadyne: ioctl: 0xc0207223
[   15.725674] firmadyne: ioctl: 0xc0207223
[   15.726691] firmadyne: ioctl: 0xc0207223
[   15.727711] firmadyne: ioctl: 0xc0207223
[   15.730135] firmadyne: sys_socket[PID: 107 (klogd)]: family:1, type:1, protocol:0
[   15.731321] firmadyne: sys_socket[PID: 107 (klogd)]: family:1, type:2, protocol:0
[   15.736726] firmadyne: ioctl: 0xc0207223
[   15.737771] firmadyne: ioctl: 0xc0207223
[   15.738803] firmadyne: ioctl: 0xc0207223
[   15.739971] firmadyne: ioctl: 0xc0207223
[   15.742191] firmadyne: sys_socket[PID: 107 (klogd)]: family:1, type:1, protocol:0
[   15.743367] firmadyne: sys_socket[PID: 107 (klogd)]: family:1, type:2, protocol:0
[   15.748710] firmadyne: ioctl: 0xc0207223
[   15.749770] firmadyne: ioctl: 0xc0207223
[   15.750815] firmadyne: ioctl: 0xc0207223
[   15.752053] firmadyne: ioctl: 0xc0207223
[   15.755153] firmadyne: sys_socket[PID: 107 (klogd)]: family:1, type:1, protocol:0
[   15.760573] firmadyne: sys_socket[PID: 107 (klogd)]: family:1, type:2, protocol:0
[   15.763024] firmadyne: sys_socket[PID: 107 (klogd)]: family:1, type:1, protocol:0
[   15.764964] firmadyne: ioctl: 0xc0207223
[   15.766027] firmadyne: ioctl: 0xc0207223
[   15.767048] firmadyne: ioctl: 0xc0207223
[   15.772434] firmadyne: sys_socket[PID: 107 (klogd)]: family:1, type:2, protocol:0
[   15.774919] firmadyne: sys_socket[PID: 107 (klogd)]: family:1, type:1, protocol:0
[   15.776503] firmadyne: ioctl: 0xc0207223
[   15.777553] firmadyne: ioctl: 0xc0207223
[   15.778593] firmadyne: ioctl: 0xc0207223
[   15.779635] firmadyne: ioctl: 0xc0207223
[   15.784260] firmadyne: sys_socket[PID: 107 (klogd)]: family:1, type:2, protocol:0
[   15.786730] firmadyne: sys_socket[PID: 107 (klogd)]: family:1, type:1, protocol:0
[   15.788891] firmadyne: ioctl: 0xc0207223
[   15.789951] firmadyne: ioctl: 0xc0207223
[   15.790995] firmadyne: ioctl: 0xc0207223
[   15.796088] firmadyne: sys_socket[PID: 107 (klogd)]: family:1, type:2, protocol:0
[   15.798594] firmadyne: sys_socket[PID: 107 (klogd)]: family:1, type:1, protocol:0
[   15.799811] firmadyne: sys_socket[PID: 107 (klogd)]: family:1, type:2, protocol:0
[   15.801088] firmadyne: ioctl: 0xc0207223
[   15.802158] firmadyne: ioctl: 0xc0207223
[   15.803205] firmadyne: ioctl: 0xc0207223
[   15.808459] firmadyne: ioctl: 0xc0207223
[   15.809512] firmadyne: ioctl: 0xc0207223
[   15.810560] firmadyne: ioctl: 0xc0207223
[   15.811603] firmadyne: ioctl: 0xc0207223
[   15.814014] firmadyne: sys_socket[PID: 107 (klogd)]: family:1, type:1, protocol:0
[   15.815231] firmadyne: sys_socket[PID: 107 (klogd)]: family:1, type:2, protocol:0
[   15.820705] firmadyne: ioctl: 0xc0207223
[   15.821770] firmadyne: ioctl: 0xc0207223
[   15.822816] firmadyne: ioctl: 0xc0207223
[   15.824009] firmadyne: ioctl: 0xc0207223
[   15.826293] firmadyne: sys_socket[PID: 107 (klogd)]: family:1, type:1, protocol:0
[   15.827496] firmadyne: sys_socket[PID: 107 (klogd)]: family:1, type:2, protocol:0
[   15.837149] firmadyne: ioctl: 0xc0207223
[   15.838215] firmadyne: ioctl: 0xc0207223
[   15.839259] firmadyne: ioctl: 0xc0207223
[   15.841847] firmadyne: sys_socket[PID: 107 (klogd)]: family:1, type:1, protocol:0
[   15.843070] firmadyne: sys_socket[PID: 107 (klogd)]: family:1, type:2, protocol:0
[   15.844775] firmadyne: ioctl: 0xc0207223
[   15.845851] firmadyne: ioctl: 0xc0207223
[   15.846894] firmadyne: ioctl: 0xc0207223
[   15.853676] firmadyne: sys_socket[PID: 107 (klogd)]: family:1, type:1, protocol:0
[   15.854888] firmadyne: sys_socket[PID: 107 (klogd)]: family:1, type:2, protocol:0
[   15.856366] firmadyne: ioctl: 0xc0207223
[   15.857457] firmadyne: ioctl: 0xc0207223
[   15.858561] firmadyne: ioctl: 0xc0207223
[   15.859811] firmadyne: ioctl: 0xc0207223
[   15.865468] firmadyne: sys_socket[PID: 107 (klogd)]: family:1, type:1, protocol:0
[   15.866695] firmadyne: sys_socket[PID: 107 (klogd)]: family:1, type:2, protocol:0
[   15.872749] firmadyne: ioctl: 0xc0207223
[   15.873862] firmadyne: ioctl: 0xc0207223
[   15.874937] firmadyne: ioctl: 0xc0207223
[   15.877547] firmadyne: sys_socket[PID: 107 (klogd)]: family:1, type:1, protocol:0
[   15.878781] firmadyne: sys_socket[PID: 107 (klogd)]: family:1, type:2, protocol:0
[   15.884251] firmadyne: ioctl: 0xc0207223
[   15.885367] firmadyne: ioctl: 0xc0207223
[   15.886495] firmadyne: ioctl: 0xc0207223
[   15.887583] firmadyne: ioctl: 0xc0207223
[   15.889792] firmadyne: sys_socket[PID: 107 (klogd)]: family:1, type:1, protocol:0
[   15.891078] firmadyne: sys_socket[PID: 107 (klogd)]: family:1, type:2, protocol:0
[   15.896756] firmadyne: ioctl: 0xc0207223
[   15.897861] firmadyne: ioctl: 0xc0207223
[   15.898909] firmadyne: ioctl: 0xc0207223
[   15.901730] firmadyne: sys_socket[PID: 107 (klogd)]: family:1, type:1, protocol:0
[   15.903022] firmadyne: sys_socket[PID: 107 (klogd)]: family:1, type:2, protocol:0
[   15.908220] firmadyne: ioctl: 0xc0207223
[   15.909321] firmadyne: ioctl: 0xc0207223
[   15.910413] firmadyne: ioctl: 0xc0207223
[   15.911515] firmadyne: ioctl: 0xc0207223
[   15.913905] firmadyne: sys_socket[PID: 107 (klogd)]: family:1, type:1, protocol:0
[   15.915177] firmadyne: sys_socket[PID: 107 (klogd)]: family:1, type:2, protocol:0
[   15.920756] firmadyne: ioctl: 0xc0207223
[   15.921828] firmadyne: ioctl: 0xc0207223
[   15.922888] firmadyne: ioctl: 0xc0207223
[   15.925935] firmadyne: sys_socket[PID: 107 (klogd)]: family:1, type:1, protocol:0
[   15.927240] firmadyne: sys_socket[PID: 107 (klogd)]: family:1, type:2, protocol:0
[   15.930299] firmadyne: ioctl: 0xc0587200
[   15.932188] firmadyne: ioctl: 0xc0207223
[   15.933306] firmadyne: ioctl: 0xc0207223
[   15.934360] firmadyne: ioctl: 0xc0207223
[   15.935409] firmadyne: ioctl: 0xc0207223
[   15.937889] firmadyne: sys_socket[PID: 107 (klogd)]: family:1, type:1, protocol:0
[   15.939114] firmadyne: sys_socket[PID: 107 (klogd)]: family:1, type:2, protocol:0
[   15.945885] firmadyne: ioctl: 0xc0207223
[   15.947385] firmadyne: ioctl: 0xc0207223
[   15.950664] firmadyne: sys_socket[PID: 107 (klogd)]: family:1, type:1, protocol:0
[   15.952111] firmadyne: sys_socket[PID: 107 (klogd)]: family:1, type:2, protocol:0
[   15.955061] firmadyne: ioctl: 0xc0207223
[   15.956742] firmadyne: ioctl: 0xc0207223
[   15.958214] firmadyne: ioctl: 0xc0207223
[   15.959673] firmadyne: ioctl: 0xc0207223
[   15.962206] firmadyne: sys_socket[PID: 107 (klogd)]: family:1, type:1, protocol:0
[   15.963457] firmadyne: sys_socket[PID: 107 (klogd)]: family:1, type:2, protocol:0
[   15.966480] firmadyne: sys_socket[PID: 107 (klogd)]: family:1, type:1, protocol:0
[   15.967710] firmadyne: sys_socket[PID: 107 (klogd)]: family:1, type:2, protocol:0
[   15.969929] firmadyne: ioctl: 0xc0207223
[   15.971412] firmadyne: ioctl: 0xc0207223
[   15.973970] firmadyne: sys_socket[PID: 107 (klogd)]: family:1, type:1, protocol:0
[   15.975269] firmadyne: sys_socket[PID: 107 (klogd)]: family:1, type:2, protocol:0
[   15.977525] firmadyne: ioctl: 0xc0207223
[   15.979101] firmadyne: ioctl: 0xc0207223
[   15.980853] firmadyne: ioctl: 0xc0207223
[   15.982343] firmadyne: ioctl: 0xc0207223
[   15.983991] firmadyne: ioctl: 0xc0207223
[   15.998486] firmadyne: ioctl: 0xc0207223
[   16.000211] firmadyne: ioctl: 0xc0207223
[   16.001744] firmadyne: ioctl: 0xc0207223
[   16.003261] firmadyne: ioctl: 0xc0207223
[   16.005043] firmadyne: ioctl: 0xc0207223
[   16.006577] firmadyne: ioctl: 0xc0207223
[   16.008586] firmadyne: sys_socket[PID: 107 (klogd)]: family:1, type:1, protocol:0
[   16.009908] firmadyne: sys_socket[PID: 107 (klogd)]: family:1, type:2, protocol:0
[   16.012309] firmadyne: ioctl: 0xc0207223
[   16.013909] firmadyne: ioctl: 0xc0207223
[   16.015434] firmadyne: ioctl: 0xc0207223
[   16.016842] firmadyne: sys_socket[PID: 107 (klogd)]: family:1, type:1, protocol:0
[   16.018113] firmadyne: sys_socket[PID: 107 (klogd)]: family:1, type:2, protocol:0
[   16.021234] firmadyne: ioctl: 0xc0207223
[   16.022727] firmadyne: ioctl: 0xc0207223
[   16.025006] firmadyne: sys_socket[PID: 107 (klogd)]: family:1, type:1, protocol:0
[   16.026347] firmadyne: sys_socket[PID: 107 (klogd)]: family:1, type:2, protocol:0
[   16.028727] firmadyne: ioctl: 0xc0207223
[   16.030283] firmadyne: ioctl: 0xc0207223
[   16.031785] firmadyne: ioctl: 0xc0207223
[   16.033481] firmadyne: sys_socket[PID: 107 (klogd)]: family:1, type:1, protocol:0
[   16.034751] firmadyne: sys_socket[PID: 107 (klogd)]: family:1, type:2, protocol:0
[   16.037345] firmadyne: ioctl: 0xc0207223
[   16.038880] firmadyne: ioctl: 0xc0207223
[   16.041484] firmadyne: sys_socket[PID: 107 (klogd)]: family:1, type:1, protocol:0
[   16.042719] firmadyne: sys_socket[PID: 107 (klogd)]: family:1, type:2, protocol:0
[   16.044874] firmadyne: ioctl: 0xc0207223
[   16.046426] firmadyne: ioctl: 0xc0207223
[   16.049592] firmadyne: sys_socket[PID: 107 (klogd)]: family:1, type:1, protocol:0
[   16.050924] firmadyne: sys_socket[PID: 107 (klogd)]: family:1, type:2, protocol:0
[   16.052537] firmadyne: ioctl: 0xc0207223
[   16.054189] firmadyne: ioctl: 0xc0207223
[   16.055680] firmadyne: ioctl: 0xc0207223
[   16.057988] firmadyne: sys_socket[PID: 107 (klogd)]: family:1, type:1, protocol:0
[   16.059222] firmadyne: sys_socket[PID: 107 (klogd)]: family:1, type:2, protocol:0
[   16.069473] firmadyne: ioctl: 0xc0207223
[   16.070967] firmadyne: ioctl: 0xc0207223
[   16.073974] firmadyne: sys_socket[PID: 107 (klogd)]: family:1, type:1, protocol:0
[   16.075196] firmadyne: sys_socket[PID: 107 (klogd)]: family:1, type:2, protocol:0
[   16.079535] firmadyne: ioctl: 0xc0207223
[   16.081345] firmadyne: ioctl: 0xc0207223
[   16.082958] firmadyne: ioctl: 0xc0207223
[   16.090093] firmadyne: sys_socket[PID: 107 (klogd)]: family:1, type:1, protocol:0
[   16.091319] firmadyne: sys_socket[PID: 107 (klogd)]: family:1, type:2, protocol:0
[   16.097862] firmadyne: ioctl: 0xc0207223
[   16.099391] firmadyne: ioctl: 0xc0207223
[   16.101958] firmadyne: sys_socket[PID: 107 (klogd)]: family:1, type:1, protocol:0
[   16.103199] firmadyne: sys_socket[PID: 107 (klogd)]: family:1, type:2, protocol:0
[   16.109758] firmadyne: ioctl: 0xc0207223
[   16.111247] firmadyne: ioctl: 0xc0207223
[   16.113908] firmadyne: sys_socket[PID: 107 (klogd)]: family:1, type:1, protocol:0
[   16.115133] firmadyne: sys_socket[PID: 107 (klogd)]: family:1, type:2, protocol:0
[   16.121302] firmadyne: ioctl: 0xc0207223
[   16.122804] firmadyne: ioctl: 0xc0207223
[   16.125944] firmadyne: sys_socket[PID: 107 (klogd)]: family:1, type:1, protocol:0
[   16.127227] firmadyne: sys_socket[PID: 107 (klogd)]: family:1, type:2, protocol:0
[   16.132618] firmadyne: ioctl: 0xc0207223
[   16.134123] firmadyne: ioctl: 0xc0207223
[   16.135593] firmadyne: ioctl: 0xc0207223
[   16.138262] firmadyne: sys_socket[PID: 107 (klogd)]: family:1, type:1, protocol:0
[   16.139484] firmadyne: sys_socket[PID: 107 (klogd)]: family:1, type:2, protocol:0
[   16.145340] firmadyne: ioctl: 0xc0207223
[   16.146882] firmadyne: ioctl: 0xc0207223
[   16.150103] firmadyne: sys_socket[PID: 107 (klogd)]: family:1, type:1, protocol:0
[   16.151328] firmadyne: sys_socket[PID: 107 (klogd)]: family:1, type:2, protocol:0
[   16.156793] firmadyne: ioctl: 0xc0207223
[   16.158314] firmadyne: ioctl: 0xc0207223
[   16.159979] firmadyne: ioctl: 0xc0207223
[   16.166129] firmadyne: sys_socket[PID: 107 (klogd)]: family:1, type:1, protocol:0
[   16.167354] firmadyne: sys_socket[PID: 107 (klogd)]: family:1, type:2, protocol:0
[   16.169585] firmadyne: ioctl: 0xc0207223
[   16.171085] firmadyne: ioctl: 0xc0207223
[   16.178066] firmadyne: sys_socket[PID: 107 (klogd)]: family:1, type:1, protocol:0
[   16.179351] firmadyne: sys_socket[PID: 107 (klogd)]: family:1, type:2, protocol:0
[   16.181377] firmadyne: ioctl: 0xc0207223
[   16.182917] firmadyne: ioctl: 0xc0207223
[   16.189929] firmadyne: sys_socket[PID: 107 (klogd)]: family:1, type:1, protocol:0
[   16.191200] firmadyne: sys_socket[PID: 107 (klogd)]: family:1, type:2, protocol:0
[   16.193032] firmadyne: ioctl: 0xc0207223
[   16.194578] firmadyne: ioctl: 0xc0207223
[   16.202039] firmadyne: sys_socket[PID: 107 (klogd)]: family:1, type:1, protocol:0
[   16.203297] firmadyne: sys_socket[PID: 107 (klogd)]: family:1, type:2, protocol:0
[   16.204572] firmadyne: ioctl: 0xc0207223
[   16.206161] firmadyne: ioctl: 0xc0207223
[   16.207677] firmadyne: ioctl: 0xc0207223
[   16.214101] firmadyne: sys_socket[PID: 107 (klogd)]: family:1, type:1, protocol:0
[   16.215373] firmadyne: sys_socket[PID: 107 (klogd)]: family:1, type:2, protocol:0
[   16.217730] firmadyne: ioctl: 0xc0207223
[   16.219262] firmadyne: ioctl: 0xc0207223
[   16.225236] firmadyne: ioctl: 0xc0207223
[   16.226754] firmadyne: ioctl: 0xc0207223
[   16.230031] firmadyne: sys_socket[PID: 107 (klogd)]: family:1, type:1, protocol:0
[   16.231353] firmadyne: sys_socket[PID: 107 (klogd)]: family:1, type:2, protocol:0
[   16.241729] firmadyne: ioctl: 0xc0207223
[   16.243301] firmadyne: ioctl: 0xc0207223
[   16.245937] firmadyne: sys_socket[PID: 107 (klogd)]: family:1, type:1, protocol:0
[   16.247231] firmadyne: sys_socket[PID: 107 (klogd)]: family:1, type:2, protocol:0
Warning: Bad CRC, using default environment
[   16.253185] firmadyne: ioctl: 0xc0207223
[   16.254696] firmadyne: ioctl: 0xc0207223
[   16.258057] firmadyne: sys_socket[PID: 107 (klogd)]: family:1, type:1, protocol:0
[   16.259319] firmadyne: sys_socket[PID: 107 (klogd)]: family:1, type:2, protocol:0
[   16.264999] firmadyne: ioctl: 0xc0207223
[   16.266587] firmadyne: ioctl: 0xc0207223
[   16.270271] firmadyne: sys_socket[PID: 107 (klogd)]: family:1, type:1, protocol:0
[   16.271523] firmadyne: sys_socket[PID: 107 (klogd)]: family:1, type:2, protocol:0
[   16.284283] firmadyne: ioctl: 0xc0207223
[   16.285859] firmadyne: ioctl: 0xc0207223
[   16.287409] firmadyne: ioctl: 0xc0207223
[   16.298541] firmadyne: ioctl: 0xc0207223
[   16.304922] firmadyne: sys_socket[PID: 107 (klogd)]: family:1, type:1, protocol:0
[   16.306320] firmadyne: sys_socket[PID: 107 (klogd)]: family:1, type:2, protocol:0
[   16.308445] firmadyne: ioctl: 0xc0207223
[   16.310070] firmadyne: ioctl: 0xc0207223
[   16.311599] firmadyne: ioctl: 0xc0207223
[   16.320495] firmadyne: sys_socket[PID: 107 (klogd)]: family:1, type:1, protocol:0
[   16.321774] firmadyne: sys_socket[PID: 107 (klogd)]: family:1, type:2, protocol:0
[   16.327767] firmadyne: ioctl: 0xc0207223
[   16.329487] firmadyne: ioctl: 0xc0207223
[   16.331060] firmadyne: ioctl: 0xc0207223
[   16.336587] cfg80211: Calling CRDA to update world regulatory domain
[   16.340513] firmadyne: sys_socket[PID: 107 (klogd)]: family:1, type:1, protocol:0
[   16.341781] firmadyne: sys_socket[PID: 107 (klogd)]: family:1, type:2, protocol:0
[   16.353730] firmadyne: ioctl: 0xc0207223
[   16.355234] firmadyne: ioctl: 0xc0207223
[   16.356589] firmadyne: sys_socket[PID: 107 (klogd)]: family:1, type:1, protocol:0
[   16.357861] firmadyne: sys_socket[PID: 107 (klogd)]: family:1, type:2, protocol:0
[   16.369101] firmadyne: ioctl: 0xc0207223
[   16.370649] firmadyne: ioctl: 0xc0207223
[   16.373022] firmadyne: sys_socket[PID: 107 (klogd)]: family:1, type:1, protocol:0
[   16.374327] firmadyne: sys_socket[PID: 107 (klogd)]: family:1, type:2, protocol:0
[   16.384399] firmadyne: ioctl: 0xc0207223
[   16.385985] firmadyne: ioctl: 0xc0207223
[   16.387509] firmadyne: ioctl: 0xc0207223
[   16.389426] firmadyne: sys_socket[PID: 107 (klogd)]: family:1, type:1, protocol:0
[   16.390744] firmadyne: sys_socket[PID: 107 (klogd)]: family:1, type:2, protocol:0
[   16.401322] firmadyne: ioctl: 0xc0207223
[   16.402856] firmadyne: ioctl: 0xc0207223
[   16.409725] firmadyne: sys_socket[PID: 107 (klogd)]: family:1, type:1, protocol:0
[   16.411091] firmadyne: sys_socket[PID: 107 (klogd)]: family:1, type:2, protocol:0
[   16.422072] firmadyne: sys_socket[PID: 107 (klogd)]: family:1, type:1, protocol:0
[   16.423350] firmadyne: sys_socket[PID: 107 (klogd)]: family:1, type:2, protocol:0
[   16.425205] firmadyne: ioctl: 0xc0207223
[   16.426727] firmadyne: ioctl: 0xc0207223
[   16.432481] firmadyne: ioctl: 0xc0207223
[   16.434022] firmadyne: ioctl: 0xc0207223
[   16.435543] firmadyne: ioctl: 0xc0207223
[   16.442070] firmadyne: sys_socket[PID: 107 (klogd)]: family:1, type:1, protocol:0
[   16.443386] firmadyne: sys_socket[PID: 107 (klogd)]: family:1, type:2, protocol:0
[   16.453290] firmadyne: ioctl: 0xc0207223
[   16.454824] firmadyne: ioctl: 0xc0207223
[   16.458019] firmadyne: sys_socket[PID: 107 (klogd)]: family:1, type:1, protocol:0
[   16.459291] firmadyne: sys_socket[PID: 107 (klogd)]: family:1, type:2, protocol:0
[   16.468694] firmadyne: ioctl: 0xc0207223
[   16.470251] firmadyne: ioctl: 0xc0207223
[   16.471791] firmadyne: ioctl: 0xc0207223
[   16.474442] firmadyne: sys_socket[PID: 107 (klogd)]: family:1, type:1, protocol:0
[   16.475715] firmadyne: sys_socket[PID: 107 (klogd)]: family:1, type:2, protocol:0
[   16.485408] firmadyne: ioctl: 0xc0207223
[   16.486899] firmadyne: ioctl: 0xc0207223
[   16.493506] firmadyne: sys_socket[PID: 107 (klogd)]: family:1, type:1, protocol:0
[   16.494731] firmadyne: sys_socket[PID: 107 (klogd)]: family:1, type:2, protocol:0
[   16.501548] firmadyne: sys_socket[PID: 114 (oamd)]: family:16, type:3, protocol:2
[   16.504765] firmadyne: ioctl: 0xc0207223
[   16.506267] firmadyne: ioctl: 0xc0207223
[   16.507719] firmadyne: ioctl: 0xc0207223
[   16.509892] firmadyne: sys_socket[PID: 107 (klogd)]: family:1, type:1, protocol:0
[   16.511177] firmadyne: sys_socket[PID: 107 (klogd)]: family:1, type:2, protocol:0
[   16.521257] firmadyne: ioctl: 0xc0207223
[   16.522747] firmadyne: ioctl: 0xc0207223
[   16.525928] firmadyne: sys_socket[PID: 107 (klogd)]: family:1, type:1, protocol:0
[   16.527198] firmadyne: sys_socket[PID: 107 (klogd)]: family:1, type:2, protocol:0
[   16.535123] firmadyne: ioctl: 0xc0207223
[   16.536845] firmadyne: ioctl: 0xc0207223
[   16.538311] firmadyne: ioctl: 0xc0207223
[   16.539779] firmadyne: ioctl: 0xc0207223
[   16.542387] firmadyne: sys_socket[PID: 107 (klogd)]: family:1, type:1, protocol:0
[   16.543601] firmadyne: sys_socket[PID: 107 (klogd)]: family:1, type:2, protocol:0
[   16.550006] firmadyne: sys_socket[PID: 107 (klogd)]: family:1, type:1, protocol:0
[   16.551300] firmadyne: sys_socket[PID: 107 (klogd)]: family:1, type:2, protocol:0
[   16.554590] firmadyne: ioctl: 0xc0207223
[   16.560222] firmadyne: ioctl: 0xc0207223
[   16.561784] firmadyne: ioctl: 0xc0207223
[   16.563338] firmadyne: ioctl: 0xc0207223
[   16.566186] firmadyne: sys_socket[PID: 107 (klogd)]: family:1, type:1, protocol:0
[   16.567462] firmadyne: sys_socket[PID: 107 (klogd)]: family:1, type:2, protocol:0
[   16.573152] firmadyne: ioctl: 0xc0207223
[   16.574709] firmadyne: ioctl: 0xc0207223
[   16.581895] firmadyne: sys_socket[PID: 107 (klogd)]: family:1, type:1, protocol:0
[   16.583165] firmadyne: sys_socket[PID: 107 (klogd)]: family:1, type:2, protocol:0
[   16.584787] firmadyne: ioctl: 0xc0207223
[   16.586381] firmadyne: ioctl: 0xc0207223
[   16.593965] firmadyne: sys_socket[PID: 107 (klogd)]: family:1, type:1, protocol:0
[   16.595197] firmadyne: sys_socket[PID: 107 (klogd)]: family:1, type:2, protocol:0
[   16.596354] firmadyne: ioctl: 0xc0207223
[   16.597971] firmadyne: ioctl: 0xc0207223
[   16.599589] firmadyne: ioctl: 0xc0207223
nvram_init: Initializing NVRAM...
[   16.606113] firmadyne: sys_socket[PID: 107 (klogd)]: family:1, type:1, protocol:0
[   16.607339] firmadyne: sys_socket[PID: 107 (klogd)]: family:1, type:2, protocol:0
[   16.609558] firmadyne: ioctl: 0xc0207223
[   16.611053] firmadyne: ioctl: 0xc0207223
sem_get: Key: 4101e004
[   16.620513] firmadyne: sys_socket[PID: 107 (klogd)]: family:1, type:1, protocol:0
[   16.621792] firmadyne: sys_socket[PID: 107 (klogd)]: family:1, type:2, protocol:0
[   16.624926] firmadyne: ioctl: 0xc0207223
[   16.626437] firmadyne: ioctl: 0xc0207223
sem_get: Key: 41110268
[   16.632686] firmadyne: sys_socket[PID: 107 (klogd)]: family:1, type:1, protocol:0
[   16.633973] firmadyne: sys_socket[PID: 107 (klogd)]: family:1, type:2, protocol:0
[   16.636203] firmadyne: ioctl: 0xc0207223
[   16.637754] firmadyne: ioctl: 0xc0207223
[   16.639232] firmadyne: ioctl: 0xc0207223
nvram_set_default_builtin: Setting built-in default values!
nvram_set[   16.644927] firmadyne: sys_socket[PID: 107 (klogd)]: family:1, type:1, protocol:0
[   16.646210] firmadyne: sys_socket[PID: 107 (klogd)]: family:1, type:2, protocol:0
[   16.649077] firmadyne: ioctl: 0xc0207223
[   16.650568] firmadyne: ioctl: 0xc0207223
: console_loglevel = "7"
sem_get: Key: 41110268
[   16.657362] firmadyne: sys_socket[PID: 107 (klogd)]: family:1, type:1, protocol:0
[   16.658691] firmadyne: sys_socket[PID: 107 (klogd)]: family:1, type:2, protocol:0
[   16.660388] firmadyne: ioctl: 0xc0207223
[   16.661977] firmadyne: ioctl: 0xc0207223
[   16.663483] firmadyne: ioctl: 0xc0207223
[   16.665746] firmadyne: sys_socket[PID: 107 (klogd)]: family:1, type:1, protocol:0
[   16.666991] firmadyne: sys_socket[PID: 107 (klogd)]: family:1, type:2, protocol:0
sem_get: Key: 41110268
[   16.673342] firmadyne: ioctl: 0xc0207223
[   16.674860] firmadyne: ioctl: 0xc0207223
[   16.677831] firmadyne: sys_socket[PID: 107 (klogd)]: family:1, type:1, protocol:0
[   16.679060] firmadyne: sys_socket[PID: 107 (klogd)]: family:1, type:2, protocol:0
nvram_set: restore_defaults = "1"
sem_get: Key: [   16.684753] firmadyne: ioctl: 0xc0207223
[   16.686308] firmadyne: ioctl: 0xc0207223
[   16.688012] firmadyne: ioctl: 0xc0207223
41110268
sem_get: Key: 41110268
[   16.693816] firmadyne: sys_socket[PID: 107 (klogd)]: family:1, type:1, protocol:0
[   16.695127] firmadyne: sys_socket[PID: 107 (klogd)]: family:1, type:2, protocol:0
[   16.697338] firmadyne: ioctl: 0xc0207223
[   16.698888] firmadyne: ioctl: 0xc0207223
nvram_set: sku_name = ""
sem_get[   16.706013] firmadyne: sys_socket[PID: 107 (klogd)]: family:1, type:1, protocol:0
[   16.707276] firmadyne: sys_socket[PID: 107 (klogd)]: family:1, type:2, protocol:0
[   16.708971] firmadyne: ioctl: 0xc0207223
[   16.710463] firmadyne: ioctl: 0xc0207223
: Key: 41110268
sem_get: Key: 41110268
[   16.717994] firmadyne: sys_socket[PID: 107 (klogd)]: family:1, type:1, protocol:0
[   16.719319] firmadyne: sys_socket[PID: 107 (klogd)]: family:1, type:2, protocol:0
[   16.720564] firmadyne: ioctl: 0xc0207223
[   16.722220] firmadyne: ioctl: 0xc0207223
[   16.723760] firmadyne: ioctl: 0xc0207223
nvram_set: wla_wlanstate = ""
sem_get[   16.730075] firmadyne: sys_socket[PID: 107 (klogd)]: family:1, type:1, protocol:0
[   16.731373] firmadyne: sys_socket[PID: 107 (klogd)]: family:1, type:2, protocol:0
[   16.733571] firmadyne: ioctl: 0xc0207223
[   16.735074] firmadyne: ioctl: 0xc0207223
: Key: 41110268
sem_get: Key: 41110268
[   16.742015] firmadyne: sys_socket[PID: 107 (klogd)]: family:1, type:1, protocol:0
[   16.743319] firmadyne: sys_socket[PID: 107 (klogd)]: family:1, type:2, protocol:0
[   16.745247] firmadyne: ioctl: 0xc0207223
[   16.746788] firmadyne: ioctl: 0xc0207223
nvram_set: lan_if = "br0"
sem_get: Key: 41110268[   16.753659] firmadyne: ioctl: 0xc0207223
[   16.755165] firmadyne: ioctl: 0xc0207223
[   16.757973] firmadyne: sys_socket[PID: 107 (klogd)]: family:1, type:1, protocol:0
[   16.759246] firmadyne: sys_socket[PID: 107 (klogd)]: family:1, type:2, protocol:0

sem_get: Key: 41110268
[   16.765061] firmadyne: ioctl: 0xc0207223
[   16.766561] firmadyne: ioctl: 0xc0207223
[   16.770117] firmadyne: sys_socket[PID: 107 (klogd)]: family:1, type:1, protocol:0
[   16.771387] firmadyne: sys_socket[PID: 107 (klogd)]: family:1, type:2, protocol:0
nvram_set: lan_ipaddr = "192.168.0.50"
sem_get[   16.776417] firmadyne: ioctl: 0xc0207223
[   16.778003] firmadyne: ioctl: 0xc0207223
[   16.779548] firmadyne: ioctl: 0xc0207223
[   16.782342] firmadyne: sys_socket[PID: 107 (klogd)]: family:1, type:1, protocol:0
[   16.783590] firmadyne: sys_socket[PID: 107 (klogd)]: family:1, type:2, protocol:0
: Key: 41110268
sem_get: Key: 41110268
[   16.789578] firmadyne: ioctl: 0xc0207223
[   16.791068] firmadyne: ioctl: 0xc0207223
[   16.793881] firmadyne: sys_socket[PID: 107 (klogd)]: family:1, type:1, protocol:0
[   16.795100] firmadyne: sys_socket[PID: 107 (klogd)]: family:1, type:2, protocol:0
nvram_set: lan_bipaddr = "192.168.0.255"
[   16.801108] firmadyne: ioctl: 0xc0207223
[   16.802675] firmadyne: ioctl: 0xc0207223
[   16.805817] firmadyne: sys_socket[PID: 107 (klogd)]: family:1, type:1, protocol:0
[   16.807096] firmadyne: sys_socket[PID: 107 (klogd)]: family:1, type:2, protocol:0
sem_get: Key: 41110268
sem_get: Key: 41110268
[   16.812909] firmadyne: ioctl: 0xc0207223
[   16.814445] firmadyne: ioctl: 0xc0207223
[   16.817868] firmadyne: sys_socket[PID: 107 (klogd)]: family:1, type:1, protocol:0
[   16.819095] firmadyne: sys_socket[PID: 107 (klogd)]: family:1, type:2, protocol:0
nvram_set: lan_netmask = "255.255.255.0"
[   16.824383] firmadyne: ioctl: 0xc0207223
[   16.825920] firmadyne: ioctl: 0xc0207223
[   16.827405] firmadyne: ioctl: 0xc0207223
[   16.829937] firmadyne: sys_socket[PID: 107 (klogd)]: family:1, type:1, protocol:0
[   16.831233] firmadyne: sys_socket[PID: 107 (klogd)]: family:1, type:2, protocol:0
sem_get: Key: 41110268
sem_get: Key: 41110268[   16.837259] firmadyne: ioctl: 0xc0207223
[   16.838810] firmadyne: ioctl: 0xc0207223

nvram_set: time_zone = "PST8PDT"
[   16.846281] firmadyne: sys_socket[PID: 107 (klogd)]: family:1, type:1, protocol:0
[   16.847515] firmadyne: sys_socket[PID: 107 (klogd)]: family:1, type:2, protocol:0
[   16.849168] firmadyne: ioctl: 0xc0207223
[   16.850659] firmadyne: ioctl: 0xc0207223
sem_get: Key: 41110268
sem_get: Key: 41110268[   16.856575] firmadyne: ioctl: 0xc0207223
[   16.858155] firmadyne: ioctl: 0xc0207223
[   16.859695] firmadyne: ioctl: 0xc0207223
[   16.862411] firmadyne: sys_socket[PID: 107 (klogd)]: family:1, type:1, protocol:0
[   16.863645] firmadyne: sys_socket[PID: 107 (klogd)]: family:1, type:2, protocol:0

nvram_set: wan_hwaddr_def = "[   16.869618] firmadyne: ioctl: 0xc0207223
[   16.871113] firmadyne: ioctl: 0xc0207223
[   16.873787] firmadyne: sys_socket[PID: 107 (klogd)]: family:1, type:1, protocol:0
[   16.874900] firmadyne: sys_socket[PID: 107 (klogd)]: family:1, type:2, protocol:0
01:23:45:67:89:ab"
sem_get: Key: 41110268
sem_get: Key: 41110268
[   16.881006] firmadyne: ioctl: 0xc0207223
[   16.882322] firmadyne: ioctl: 0xc0207223
[   16.883628] firmadyne: ioctl: 0xc0207223
[   16.885568] firmadyne: sys_socket[PID: 107 (klogd)]: family:1, type:1, protocol:0
[   16.886798] firmadyne: sys_socket[PID: 107 (klogd)]: family:1, type:2, protocol:0
nvram_set: wan_ifname = "eth0"
sem_get: Key: [   16.893339] firmadyne: ioctl: 0xc0207223
[   16.894724] firmadyne: ioctl: 0xc0207223
[   16.897558] firmadyne: sys_socket[PID: 107 (klogd)]: family:1, type:1, protocol:0
[   16.898735] firmadyne: sys_socket[PID: 107 (klogd)]: family:1, type:2, protocol:0
[   16.900392] firmadyne: ioctl: 0xc0207223
[   16.901882] firmadyne: ioctl: 0xc0207223
[   16.903315] firmadyne: ioctl: 0xc0207223
41110268
sem_get: Key: 41110268
[   16.909360] firmadyne: sys_socket[PID: 107 (klogd)]: family:1, type:1, protocol:0
[   16.910625] firmadyne: sys_socket[PID: 107 (klogd)]: family:1, type:2, protocol:0
[   16.913208] firmadyne: ioctl: 0xc0207223
[   16.914697] firmadyne: ioctl: 0xc0207223
nvram_set: lan_ifnames = "eth1 eth2 eth3 eth4"
sem_get: Key: [   16.932040] firmadyne: ioctl: 0xc0207223
[   16.933667] firmadyne: ioctl: 0xc0207223
[   16.935229] firmadyne: ioctl: 0xc0207223
41110268
sem_get: Key: 41110268
nvram_set: ethConver = "1"
sem_get: Key: [   16.945224] firmadyne: ioctl: 0xc0207223
[   16.946794] firmadyne: ioctl: 0xc0207223
[   16.948761] firmadyne: sys_socket[PID: 107 (klogd)]: family:1, type:1, protocol:0
[   16.950130] firmadyne: sys_socket[PID: 107 (klogd)]: family:1, type:2, protocol:0
41110268
sem_get: Key: 41110268[   16.956702] firmadyne: ioctl: 0xc0207223
[   16.958249] firmadyne: ioctl: 0xc0207223
[   16.959767] firmadyne: ioctl: 0xc0207223

nvram_set: lan_proto = "[   16.965140] firmadyne: sys_socket[PID: 107 (klogd)]: family:1, type:1, protocol:0
[   16.966467] firmadyne: sys_socket[PID: 107 (klogd)]: family:1, type:2, protocol:0
[   16.969375] firmadyne: ioctl: 0xc0207223
[   16.970925] firmadyne: ioctl: 0xc0207223
dhcp"
sem_get: Key: 41110268
sem_get: Key: [   16.977581] firmadyne: sys_socket[PID: 107 (klogd)]: family:1, type:1, protocol:0
[   16.978908] firmadyne: sys_socket[PID: 107 (klogd)]: family:1, type:2, protocol:0
[   16.981137] firmadyne: ioctl: 0xc0207223
[   16.982676] firmadyne: ioctl: 0xc0207223
41110268
nvram_set: wan_ipaddr = "[   16.989938] firmadyne: sys_socket[PID: 107 (klogd)]: family:1, type:1, protocol:0
[   16.991241] firmadyne: sys_socket[PID: 107 (klogd)]: family:1, type:2, protocol:0
[   16.992570] firmadyne: ioctl: 0xc0207223
[   16.994182] firmadyne: ioctl: 0xc0207223
[   16.995771] firmadyne: ioctl: 0xc0207223
0.0.0.0"
sem_get: Key: 41110268
[   17.002102] firmadyne: sys_socket[PID: 107 (klogd)]: family:1, type:1, protocol:0
[   17.003378] firmadyne: sys_socket[PID: 107 (klogd)]: family:1, type:2, protocol:0
[   17.005689] firmadyne: ioctl: 0xc0207223
[   17.007249] firmadyne: ioctl: 0xc0207223
sem_get: Key: 41110268
nvram_set: [   17.015481] firmadyne: sys_socket[PID: 107 (klogd)]: family:1, type:1, protocol:0
[   17.017640] firmadyne: ioctl: 0xc0207223
[   17.019176] firmadyne: ioctl: 0xc0207223
[   17.020722] firmadyne: sys_socket[PID: 107 (klogd)]: family:1, type:2, protocol:0
[   17.023384] firmadyne: sys_socket[PID: 107 (klogd)]: family:1, type:1, protocol:0
wan_netmask = "255.255.255.0"
sem_get: Key: 41110268
[   17.029324] firmadyne: ioctl: 0xc0207223
[   17.030918] firmadyne: ioctl: 0xc0207223
sem_get: Key: 41110268
[   17.036803] firmadyne: ioctl: 0xc0207223
[   17.038418] firmadyne: ioctl: 0xc0207223
[   17.040758] firmadyne: sys_socket[PID: 107 (klogd)]: family:1, type:2, protocol:0
[   17.043413] firmadyne: sys_socket[PID: 107 (klogd)]: family:1, type:1, protocol:0
nvram_set: wanif = "eth0"
sem_get: Key: 41110268
[   17.048521] firmadyne: ioctl: 0xc0207223
[   17.050229] firmadyne: ioctl: 0xc0207223
[   17.051802] firmadyne: ioctl: 0xc0207223
[   17.053149] firmadyne: sys_socket[PID: 107 (klogd)]: family:1, type:2, protocol:0
sem_get: Key: 41110268
[   17.060226] firmadyne: sys_socket[PID: 107 (klogd)]: family:1, type:1, protocol:0
[   17.061637] firmadyne: sys_socket[PID: 107 (klogd)]: family:1, type:2, protocol:0
[   17.065328] firmadyne: ioctl: 0xc0207223
[   17.066895] firmadyne: ioctl: 0xc0207223
nvram_set: time_zone_x = "0"
sem_get: Key: 41110268
[   17.072883] firmadyne: sys_socket[PID: 107 (klogd)]: family:1, type:1, protocol:0
[   17.074283] firmadyne: sys_socket[PID: 107 (klogd)]: family:1, type:2, protocol:0
[   17.077002] firmadyne: ioctl: 0xc0207223
[   17.078595] firmadyne: ioctl: 0xc0207223
sem_get: Key: 41110268
[   17.085145] firmadyne: sys_socket[PID: 107 (klogd)]: family:1, type:1, protocol:0
[   17.086507] firmadyne: sys_socket[PID: 107 (klogd)]: family:1, type:2, protocol:0
[   17.088351] firmadyne: ioctl: 0xc0207223
[   17.089982] firmadyne: ioctl: 0xc0207223
[   17.091551] firmadyne: ioctl: 0xc0207223
nvram_set: rip_multicast = "0"
sem_get: Key: [   17.097549] firmadyne: sys_socket[PID: 107 (klogd)]: family:1, type:1, protocol:0
[   17.098961] firmadyne: sys_socket[PID: 107 (klogd)]: family:1, type:2, protocol:0
[   17.101551] firmadyne: ioctl: 0xc0207223
[   17.103200] firmadyne: ioctl: 0xc0207223
41110268
sem_get: Key: 41110268
[   17.109976] firmadyne: sys_socket[PID: 107 (klogd)]: family:1, type:1, protocol:0
[   17.111291] firmadyne: sys_socket[PID: 107 (klogd)]: family:1, type:2, protocol:0
[   17.113484] firmadyne: ioctl: 0xc0207223
[   17.115092] firmadyne: ioctl: 0xc0207223
nvram_set: bs_trustedip_enable = "0"
sem_get[   17.121081] firmadyne: ioctl: 0xc0207223
[   17.122662] firmadyne: ioctl: 0xc0207223
[   17.126210] firmadyne: sys_socket[PID: 107 (klogd)]: family:1, type:1, protocol:0
[   17.127586] firmadyne: sys_socket[PID: 107 (klogd)]: family:1, type:2, protocol:0
: Key: 41110268
sem_get: Key: 41110268
[   17.133071] firmadyne: ioctl: 0xc0207223
[   17.134642] firmadyne: ioctl: 0xc0207223
[   17.138397] firmadyne: sys_socket[PID: 107 (klogd)]: family:1, type:1, protocol:0
[   17.139729] firmadyne: sys_socket[PID: 107 (klogd)]: family:1, type:2, protocol:0
nvram_set: et0macaddr = "[   17.144517] firmadyne: ioctl: 0xc0207223
[   17.146253] firmadyne: ioctl: 0xc0207223
[   17.150063] firmadyne: sys_socket[PID: 107 (klogd)]: family:1, type:1, protocol:0
[   17.151366] firmadyne: sys_socket[PID: 107 (klogd)]: family:1, type:2, protocol:0
01:23:45:67:89:ab"
sem_get: Key: 41110268
[   17.156157] firmadyne: ioctl: 0xc0207223
[   17.157786] firmadyne: ioctl: 0xc0207223
[   17.159367] firmadyne: ioctl: 0xc0207223
sem_get: Key: 41110268
[   17.166314] firmadyne: sys_socket[PID: 107 (klogd)]: family:1, type:1, protocol:0
[   17.167687] firmadyne: sys_socket[PID: 107 (klogd)]: family:1, type:2, protocol:0
[   17.170067] firmadyne: ioctl: 0xc0207223
[   17.171660] firmadyne: ioctl: 0xc0207223
nvram_set: filter_rule_tbl = ""
sem_get: Key: 41110268[   17.178119] firmadyne: sys_socket[PID: 107 (klogd)]: family:1, type:1, protocol:0
[   17.179421] firmadyne: sys_socket[PID: 107 (klogd)]: family:1, type:2, protocol:0
[   17.181836] firmadyne: ioctl: 0xc0207223
[   17.183429] firmadyne: ioctl: 0xc0207223

sem_get: Key: 41110268
[   17.190016] firmadyne: sys_socket[PID: 107 (klogd)]: family:1, type:1, protocol:0
[   17.191319] firmadyne: sys_socket[PID: 107 (klogd)]: family:1, type:2, protocol:0
[   17.193769] firmadyne: ioctl: 0xc0207223
[   17.195404] firmadyne: ioctl: 0xc0207223
nvram_set: pppoe2_schedule_config = "127:0:0:23:59"
sem_get: Key: 41110268[   17.202361] firmadyne: ioctl: 0xc0207223
[   17.206210] firmadyne: sys_socket[PID: 107 (klogd)]: family:1, type:1, protocol:0
[   17.207589] firmadyne: sys_socket[PID: 107 (klogd)]: family:1, type:2, protocol:0

sem_get: Key: 41110268
[   17.212765] firmadyne: ioctl: 0xc0207223
[   17.214385] firmadyne: ioctl: 0xc0207223
[   17.218162] firmadyne: sys_socket[PID: 107 (klogd)]: family:1, type:1, protocol:0
[   17.219488] firmadyne: sys_socket[PID: 107 (klogd)]: family:1, type:2, protocol:0
nvram_set: schedule_config = "127:0:0:23:59"
[   17.224603] firmadyne: ioctl: 0xc0207223
[   17.226307] firmadyne: ioctl: 0xc0207223
[   17.230232] firmadyne: sys_socket[PID: 107 (klogd)]: family:1, type:1, protocol:0
[   17.231556] firmadyne: sys_socket[PID: 107 (klogd)]: family:1, type:2, protocol:0
sem_get: Key: 41110268
sem_get[   17.236421] firmadyne: ioctl: 0xc0207223
[   17.238057] firmadyne: ioctl: 0xc0207223
[   17.239620] firmadyne: ioctl: 0xc0207223
: Key: 41110268
nvram_set: access_control_mode[   17.246392] firmadyne: sys_socket[PID: 107 (klogd)]: family:1, type:1, protocol:0
[   17.247775] firmadyne: sys_socket[PID: 107 (klogd)]: family:1, type:2, protocol:0
[   17.250180] firmadyne: ioctl: 0xc0207223
[   17.251744] firmadyne: ioctl: 0xc0207223
 = "0"
sem_get: Key: 41110268
[   17.258291] firmadyne: sys_socket[PID: 107 (klogd)]: family:1, type:1, protocol:0
[   17.259641] firmadyne: sys_socket[PID: 107 (klogd)]: family:1, type:2, protocol:0
[   17.262047] firmadyne: ioctl: 0xc0207223
[   17.263605] firmadyne: ioctl: 0xc0207223
sem_get: Key: 41110268
nvram_set[   17.269340] firmadyne: ioctl: 0xc0207223
[   17.270908] firmadyne: ioctl: 0xc0207223
[   17.274169] firmadyne: sys_socket[PID: 107 (klogd)]: family:1, type:1, protocol:0
[   17.275486] firmadyne: sys_socket[PID: 107 (klogd)]: family:1, type:2, protocol:0
: fwpt_df_count = "0"
sem_get: Key: 41110268
[   17.281080] firmadyne: ioctl: 0xc0207223
[   17.282687] firmadyne: ioctl: 0xc0207223
[   17.286199] firmadyne: sys_socket[PID: 107 (klogd)]: family:1, type:1, protocol:0
[   17.287525] firmadyne: sys_socket[PID: 107 (klogd)]: family:1, type:2, protocol:0
sem_get: Key: 41110268
[   17.292629] firmadyne: ioctl: 0xc0207223
[   17.294207] firmadyne: ioctl: 0xc0207223
[   17.295796] firmadyne: ioctl: 0xc0207223
nvram_set: static_if_status = "1"
sem_get[   17.303516] firmadyne: sys_socket[PID: 107 (klogd)]: family:1, type:1, protocol:0
[   17.308169] firmadyne: ioctl: 0xc0207223
: Key: 41110268
sem_get: Key: 41110268
[   17.312877] firmadyne: sys_socket[PID: 107 (klogd)]: family:1, type:2, protocol:0
[   17.315451] firmadyne: sys_socket[PID: 107 (klogd)]: family:1, type:1, protocol:0
[   17.317762] firmadyne: ioctl: 0xc0207223
[   17.319346] firmadyne: ioctl: 0xc0207223
nvram_set: www_relocation = ""
[   17.324687] firmadyne: sys_socket[PID: 107 (klogd)]: family:1, type:2, protocol:0
[   17.327349] firmadyne: sys_socket[PID: 107 (klogd)]: family:1, type:1, protocol:0
[   17.329665] firmadyne: ioctl: 0xc0207223
[   17.331398] firmadyne: ioctl: 0xc0207223
sem_get: Key: 41110268
sem_get: Key: 41110268
[   17.337389] firmadyne: ioctl: 0xc0207223
[   17.338963] firmadyne: ioctl: 0xc0207223
[   17.340704] firmadyne: sys_socket[PID: 107 (klogd)]: family:1, type:2, protocol:0
[   17.343372] firmadyne: sys_socket[PID: 107 (klogd)]: family:1, type:1, protocol:0
nvram_set: usb_info_dev0 = "A200396E0402FF83@1@14.4G@U@1@USB_Storage;U:;0;0@[   17.349182] firmadyne: ioctl: 0xc0207223
[   17.350827] firmadyne: ioctl: 0xc0207223
[   17.353680] firmadyne: sys_socket[PID: 107 (klogd)]: family:1, type:2, protocol:0
"
sem_get: Key: 41110268
sem_get: Key: 41110268[   17.361095] firmadyne: ioctl: 0xc0207223
[   17.362730] firmadyne: ioctl: 0xc0207223
[   17.364700] firmadyne: sys_socket[PID: 107 (klogd)]: family:1, type:1, protocol:0
[   17.366119] firmadyne: sys_socket[PID: 107 (klogd)]: family:1, type:2, protocol:0

nvram_set: usb_info_dev1 = "A200396E0402FF83@1@14.4G@U@1@USB_Storage;U:;0;0@[   17.373000] firmadyne: ioctl: 0xc0207223
[   17.374590] firmadyne: ioctl: 0xc0207223
[   17.377449] firmadyne: sys_socket[PID: 107 (klogd)]: family:1, type:1, protocol:0
[   17.378828] firmadyne: sys_socket[PID: 107 (klogd)]: family:1, type:2, protocol:0
"
sem_get: Key: 41110268
sem_get[   17.384302] firmadyne: ioctl: 0xc0207223
[   17.385914] firmadyne: ioctl: 0xc0207223
[   17.387460] firmadyne: ioctl: 0xc0207223
[   17.389842] firmadyne: sys_socket[PID: 107 (klogd)]: family:1, type:1, protocol:0
[   17.391167] firmadyne: sys_socket[PID: 107 (klogd)]: family:1, type:2, protocol:0
: Key: 41110268
nvram_set: [   17.397469] firmadyne: ioctl: 0xc0207223
[   17.399080] firmadyne: ioctl: 0xc0207223
[   17.402158] firmadyne: sys_socket[PID: 107 (klogd)]: family:1, type:1, protocol:0
[   17.403473] firmadyne: sys_socket[PID: 107 (klogd)]: family:1, type:2, protocol:0
usb_info_dev2 = "A200396E0402FF83@1@14.4G@U@1@USB_Storage;U:;0;0@"
sem_get: Key: 41110268
[   17.409170] firmadyne: ioctl: 0xc0207223
[   17.410716] firmadyne: ioctl: 0xc0207223
[   17.414144] firmadyne: sys_socket[PID: 107 (klogd)]: family:1, type:1, protocol:0
[   17.415498] firmadyne: sys_socket[PID: 107 (klogd)]: family:1, type:2, protocol:0
sem_get: Key: 41110268
[   17.420660] firmadyne: ioctl: 0xc0207223
[   17.422261] firmadyne: ioctl: 0xc0207223
[   17.424013] firmadyne: ioctl: 0xc0207223
[   17.426606] firmadyne: sys_socket[PID: 107 (klogd)]: family:1, type:1, protocol:0
[   17.428084] firmadyne: sys_socket[PID: 107 (klogd)]: family:1, type:2, protocol:0
nvram_set: usb_info_dev3 = "A200396E0402FF83@1@14.4G@U@1@USB_Storage;U:;0;0@[   17.433365] firmadyne: ioctl: 0xc0207223
[   17.434975] firmadyne: ioctl: 0xc0207223
"
sem_get: Key: 41110268
sem_get: Key: [   17.442066] firmadyne: sys_socket[PID: 107 (klogd)]: family:1, type:1, protocol:0
[   17.443464] firmadyne: sys_socket[PID: 107 (klogd)]: family:1, type:2, protocol:0
[   17.445403] firmadyne: ioctl: 0xc0207223
[   17.447049] firmadyne: ioctl: 0xc0207223
41110268
nvram_set: usb_info_dev4 = "[   17.454363] firmadyne: sys_socket[PID: 107 (klogd)]: family:1, type:1, protocol:0
[   17.455681] firmadyne: sys_socket[PID: 107 (klogd)]: family:1, type:2, protocol:0
[   17.457749] firmadyne: ioctl: 0xc0207223
[   17.459375] firmadyne: ioctl: 0xc0207223
A200396E0402FF83@1@14.4G@U@1@USB_Storage;U:;0;0@"
sem_get: Key: 41110268
sem_get[   17.466414] firmadyne: sys_socket[PID: 107 (klogd)]: family:1, type:1, protocol:0
[   17.467698] firmadyne: sys_socket[PID: 107 (klogd)]: family:1, type:2, protocol:0
[   17.470135] firmadyne: ioctl: 0xc0207223
[   17.471731] firmadyne: ioctl: 0xc0207223
: Key: 41110268
nvram_set: [   17.477574] firmadyne: ioctl: 0xc0207223
[   17.479190] firmadyne: ioctl: 0xc0207223
[   17.482274] firmadyne: sys_socket[PID: 107 (klogd)]: family:1, type:1, protocol:0
[   17.483597] firmadyne: sys_socket[PID: 107 (klogd)]: family:1, type:2, protocol:0
usb_info_dev5 = "A200396E0402FF83@1@14.4G@U@1@USB_Storage;U:;0;0@"
sem_get: Key: 41110268
[   17.489135] firmadyne: ioctl: 0xc0207223
[   17.490743] firmadyne: ioctl: 0xc0207223
[   17.494176] firmadyne: sys_socket[PID: 107 (klogd)]: family:1, type:1, protocol:0
[   17.495532] firmadyne: sys_socket[PID: 107 (klogd)]: family:1, type:2, protocol:0
sem_get: Key: 41110268
[   17.500678] firmadyne: ioctl: 0xc0207223
[   17.502297] firmadyne: ioctl: 0xc0207223
nvram_set: usb_info_dev6 = "A200396E0402FF83@1@14.4G@U@1@USB_Storage;U:;0;0@"
[   17.510087] firmadyne: sys_socket[PID: 107 (klogd)]: family:1, type:1, protocol:0
[   17.511385] firmadyne: sys_socket[PID: 107 (klogd)]: family:1, type:2, protocol:0
[   17.512623] firmadyne: ioctl: 0xc0207223
[   17.514258] firmadyne: ioctl: 0xc0207223
[   17.515984] firmadyne: ioctl: 0xc0207223
sem_get: Key: 41110268
sem_get: Key: 41110268[   17.522435] firmadyne: sys_socket[PID: 107 (klogd)]: family:1, type:1, protocol:0
[   17.523714] firmadyne: sys_socket[PID: 107 (klogd)]: family:1, type:2, protocol:0
[   17.526189] firmadyne: ioctl: 0xc0207223
[   17.527778] firmadyne: ioctl: 0xc0207223

nvram_set: usb_info_dev7 = "[   17.534407] firmadyne: sys_socket[PID: 107 (klogd)]: family:1, type:1, protocol:0
[   17.535739] firmadyne: sys_socket[PID: 107 (klogd)]: family:1, type:2, protocol:0
[   17.538108] firmadyne: ioctl: 0xc0207223
[   17.540008] firmadyne: ioctl: 0xc0207223
A200396E0402FF83@1@14.4G@U@1@USB_Storage;U:;0;0@"
sem_get: Key: 41110268
[   17.546190] firmadyne: sys_socket[PID: 107 (klogd)]: family:1, type:1, protocol:0
[   17.547582] firmadyne: sys_socket[PID: 107 (klogd)]: family:1, type:2, protocol:0
[   17.550031] firmadyne: ioctl: 0xc0207223
[   17.551598] firmadyne: ioctl: 0xc0207223
sem_get: Key: 41110268
[   17.557298] firmadyne: ioctl: 0xc0207223
[   17.558905] firmadyne: ioctl: 0xc0207223
nvram_set: usb_info_dev8 = "A200396E0402FF83@1@14.4G@U@1@USB_Storage;U:;0;0@"
sem_get[   17.566237] firmadyne: sys_socket[PID: 107 (klogd)]: family:1, type:1, protocol:0
[   17.567562] firmadyne: sys_socket[PID: 107 (klogd)]: family:1, type:2, protocol:0
[   17.569482] firmadyne: ioctl: 0xc0207223
[   17.571079] firmadyne: ioctl: 0xc0207223
: Key: 41110268
sem_get: Key: 41110268
[   17.578036] firmadyne: sys_socket[PID: 107 (klogd)]: family:1, type:1, protocol:0
[   17.579395] firmadyne: sys_socket[PID: 107 (klogd)]: family:1, type:2, protocol:0
[   17.581490] firmadyne: ioctl: 0xc0207223
[   17.583109] firmadyne: ioctl: 0xc0207223
nvram_set: usb_info_dev9 = "A200396E0402FF83@1@14.4G@U@1@USB_Storage;U:;0;0@"
[   17.590316] firmadyne: sys_socket[PID: 107 (klogd)]: family:1, type:1, protocol:0
[   17.591654] firmadyne: sys_socket[PID: 107 (klogd)]: family:1, type:2, protocol:0
[   17.593846] firmadyne: ioctl: 0xc0207223
[   17.595415] firmadyne: ioctl: 0xc0207223
sem_get: Key: 41110268
sem_get: Key: 41110268[   17.601460] firmadyne: ioctl: 0xc0207223
[   17.603076] firmadyne: ioctl: 0xc0207223
[   17.606190] firmadyne: sys_socket[PID: 107 (klogd)]: family:1, type:1, protocol:0
[   17.607480] firmadyne: sys_socket[PID: 107 (klogd)]: family:1, type:2, protocol:0

nvram_set: usb_info_dev10[   17.613091] firmadyne: ioctl: 0xc0207223
[   17.614759] firmadyne: ioctl: 0xc0207223
[   17.618188] firmadyne: sys_socket[PID: 107 (klogd)]: family:1, type:1, protocol:0
[   17.619500] firmadyne: sys_socket[PID: 107 (klogd)]: family:1, type:2, protocol:0
 = "A200396E0402FF83@1@14.4G@U@1@USB_Storage;U:;0;0@"
sem_get: Key: 41110268
[   17.624746] firmadyne: ioctl: 0xc0207223
[   17.626386] firmadyne: ioctl: 0xc0207223
[   17.630173] firmadyne: sys_socket[PID: 107 (klogd)]: family:1, type:1, protocol:0
[   17.631460] firmadyne: sys_socket[PID: 107 (klogd)]: family:1, type:2, protocol:0
sem_get: Key: 41110268
[   17.636275] firmadyne: ioctl: 0xc0207223
[   17.637901] firmadyne: ioctl: 0xc0207223
[   17.639443] firmadyne: ioctl: 0xc0207223
nvram_set: usb_info_dev11 = "A200396E0402FF83@1@14.4G@U@1@USB_Storage;U:;0;0@"
sem_get: Key: [   17.646338] firmadyne: sys_socket[PID: 107 (klogd)]: family:1, type:1, protocol:0
[   17.647622] firmadyne: sys_socket[PID: 107 (klogd)]: family:1, type:2, protocol:0
[   17.650025] firmadyne: ioctl: 0xc0207223
[   17.651599] firmadyne: ioctl: 0xc0207223
41110268
sem_get: Key: 41110268
[   17.658198] firmadyne: sys_socket[PID: 107 (klogd)]: family:1, type:1, protocol:0
[   17.659504] firmadyne: sys_socket[PID: 107 (klogd)]: family:1, type:2, protocol:0
[   17.661876] firmadyne: ioctl: 0xc0207223
[   17.663440] firmadyne: ioctl: 0xc0207223
nvram_set: usb_info_dev12 = "A200396E0402FF83@1@14.4G@U@1@USB_Storage;U:;0;0@"
[   17.670544] firmadyne: sys_socket[PID: 107 (klogd)]: family:1, type:1, protocol:0
[   17.672146] firmadyne: sys_socket[PID: 107 (klogd)]: family:1, type:2, protocol:0
[   17.674359] firmadyne: ioctl: 0xc0207223
sem_get: Key: 41110268
sem_get: Key: 41110268[   17.680448] firmadyne: ioctl: 0xc0207223
[   17.682151] firmadyne: ioctl: 0xc0207223
[   17.683736] firmadyne: ioctl: 0xc0207223
[   17.686637] firmadyne: sys_socket[PID: 107 (klogd)]: family:1, type:1, protocol:0

nvram_set: usb_info_dev13 = "[   17.693362] firmadyne: ioctl: 0xc0207223
[   17.694975] firmadyne: ioctl: 0xc0207223
[   17.696188] firmadyne: sys_socket[PID: 107 (klogd)]: family:1, type:2, protocol:0
[   17.698977] firmadyne: sys_socket[PID: 107 (klogd)]: family:1, type:1, protocol:0
A200396E0402FF83@1@14.4G@U@1@USB_Storage;U:;0;0@"
sem_get: Key: 41110268
[   17.704864] firmadyne: ioctl: 0xc0207223
[   17.706316] firmadyne: ioctl: 0xc0207223
[   17.707723] firmadyne: ioctl: 0xc0207223
[   17.708631] firmadyne: sys_socket[PID: 107 (klogd)]: family:1, type:2, protocol:0
[   17.710889] firmadyne: sys_socket[PID: 107 (klogd)]: family:1, type:1, protocol:0
sem_get: Key: 41110268
nvram_set: usb_info_dev14 = "[   17.716297] firmadyne: sys_socket[PID: 107 (klogd)]: family:1, type:2, protocol:0
[   17.718537] firmadyne: sys_socket[PID: 107 (klogd)]: family:1, type:1, protocol:0
[   17.719600] firmadyne: sys_socket[PID: 107 (klogd)]: family:1, type:2, protocol:0
[   17.721606] firmadyne: ioctl: 0xc0207223
[   17.722958] firmadyne: ioctl: 0xc0207223
A200396E0402FF83@1@14.4G@U@1@USB_Storage;U:;0;0@"
sem_get: Key: 41110268
sem_get: Key: 41110268[   17.728691] firmadyne: ioctl: 0xc0207223
[   17.730091] firmadyne: ioctl: 0xc0207223
[   17.731462] firmadyne: ioctl: 0xc0207223
[   17.733812] firmadyne: sys_socket[PID: 107 (klogd)]: family:1, type:1, protocol:0
[   17.734968] firmadyne: sys_socket[PID: 107 (klogd)]: family:1, type:2, protocol:0

nvram_set: usb_info_dev15 = "A200396E0402FF83@1@14.4G@U@1@USB_Storage;U:;0;0@[   17.741206] firmadyne: ioctl: 0xc0207223
[   17.742656] firmadyne: ioctl: 0xc0207223
[   17.745752] firmadyne: sys_socket[PID: 107 (klogd)]: family:1, type:1, protocol:0
[   17.747174] firmadyne: sys_socket[PID: 107 (klogd)]: family:1, type:2, protocol:0
"
sem_get: Key: 41110268
sem_get: Key: 41110268
[   17.753365] firmadyne: ioctl: 0xc0207223
[   17.754828] firmadyne: ioctl: 0xc0207223
[   17.757961] firmadyne: sys_socket[PID: 107 (klogd)]: family:1, type:1, protocol:0
[   17.759148] firmadyne: sys_socket[PID: 107 (klogd)]: family:1, type:2, protocol:0
[   17.760665] firmadyne: ioctl: 0xc0207223
[   17.762125] firmadyne: ioctl: 0xc0207223
[   17.763579] firmadyne: ioctl: 0xc0207223
nvram_set: usb_info_dev16 = "A200396E0402FF83@1@14.4G@U@1@USB_Storage;U:;0;0@[   17.769894] firmadyne: sys_socket[PID: 107 (klogd)]: family:1, type:1, protocol:0
[   17.771077] firmadyne: sys_socket[PID: 107 (klogd)]: family:1, type:2, protocol:0
"
sem_get: Key: 41110268
sem_get: Key: 41110268
[   17.777564] firmadyne: ioctl: 0xc0207223
[   17.779051] firmadyne: ioctl: 0xc0207223
[   17.781742] firmadyne: sys_socket[PID: 107 (klogd)]: family:1, type:1, protocol:0
[   17.782974] firmadyne: sys_socket[PID: 107 (klogd)]: family:1, type:2, protocol:0
[   17.784920] firmadyne: ioctl: 0xc0207223
[   17.786422] firmadyne: ioctl: 0xc0207223
[   17.788018] firmadyne: ioctl: 0xc0207223
nvram_set: usb_info_dev17 = "A200396E0402FF83@1@14.4G@U@1@USB_Storage;U:;0;0@"
sem_get: Key: 41110268
sem_get: Key: 41110268
[   17.809174] firmadyne: ioctl: 0xc0207223
[   17.810641] firmadyne: ioctl: 0xc0207223
[   17.812418] firmadyne: ioctl: 0xc0207223
[   17.813898] firmadyne: ioctl: 0xc0207223
[   17.815359] firmadyne: ioctl: 0xc0207223
nvram_set: usb_info_dev18 = "A200396E0402FF83@1@14.4G@U@1@USB_Storage;U:;0;0@"
[   17.821135] firmadyne: ioctl: 0xc0207223
[   17.822618] firmadyne: ioctl: 0xc0207223
sem_get: Key: 41110268
sem_get: Key: 41110268
[   17.828982] firmadyne: sys_socket[PID: 107 (klogd)]: family:1, type:1, protocol:0
[   17.830244] firmadyne: sys_socket[PID: 107 (klogd)]: family:1, type:2, protocol:0
[   17.832286] firmadyne: ioctl: 0xc0207223
[   17.833795] firmadyne: ioctl: 0xc0207223
[   17.835254] firmadyne: ioctl: 0xc0207223
nvram_set: usb_info_dev19 = "A200396E0402FF83@1@14.4G@U@1@USB_Storage;U:;0;0@[   17.841329] firmadyne: sys_socket[PID: 107 (klogd)]: family:1, type:1, protocol:0
[   17.842581] firmadyne: sys_socket[PID: 107 (klogd)]: family:1, type:2, protocol:0
"
sem_get: Key: 41110268
sem_get: Key: 41110268[   17.849205] firmadyne: ioctl: 0xc0207223
[   17.850680] firmadyne: ioctl: 0xc0207223
[   17.853545] firmadyne: sys_socket[PID: 107 (klogd)]: family:1, type:1, protocol:0
[   17.854806] firmadyne: sys_socket[PID: 107 (klogd)]: family:1, type:2, protocol:0

nvram_set: usb_info_dev20 = "A200396E0402FF83@1@14.4G@U@1@USB_Storage;U:;0;0@[   17.861748] firmadyne: sys_socket[PID: 107 (klogd)]: family:1, type:1, protocol:0
[   17.863029] firmadyne: sys_socket[PID: 107 (klogd)]: family:1, type:2, protocol:0
[   17.864384] firmadyne: ioctl: 0xc0207223
[   17.865904] firmadyne: ioctl: 0xc0207223
[   17.867378] firmadyne: ioctl: 0xc0207223
[   17.869891] firmadyne: sys_socket[PID: 107 (klogd)]: family:1, type:1, protocol:0
[   17.871110] firmadyne: sys_socket[PID: 107 (klogd)]: family:1, type:2, protocol:0
[   17.873386] firmadyne: ioctl: 0xc0207223
[   17.874857] firmadyne: ioctl: 0xc0207223
"
sem_get: Key: 41110268
sem_get: Key: 41110268
[   17.880912] firmadyne: ioctl: 0xc0207223
[   17.882386] firmadyne: ioctl: 0xc0207223
[   17.884014] firmadyne: ioctl: 0xc0207223
[   17.886327] firmadyne: sys_socket[PID: 107 (klogd)]: family:1, type:1, protocol:0
[   17.887549] firmadyne: sys_socket[PID: 107 (klogd)]: family:1, type:2, protocol:0
nvram_set: usb_info_dev21 = "A200396E0402FF83@1@14.4G@U@1@USB_Storage;U:;0;0@"
sem_get: Key: 41110268
sem_get[   17.897371] firmadyne: ioctl: 0xc0207223
[   17.898862] firmadyne: ioctl: 0xc0207223
[   17.902040] firmadyne: sys_socket[PID: 107 (klogd)]: family:1, type:1, protocol:0
[   17.903278] firmadyne: sys_socket[PID: 107 (klogd)]: family:1, type:2, protocol:0
: Key: 41110268
nvram_set: usb_info_dev22[   17.908695] firmadyne: ioctl: 0xc0207223
[   17.910177] firmadyne: ioctl: 0xc0207223
[   17.911670] firmadyne: ioctl: 0xc0207223
[   17.914338] firmadyne: sys_socket[PID: 107 (klogd)]: family:1, type:1, protocol:0
[   17.915593] firmadyne: sys_socket[PID: 107 (klogd)]: family:1, type:2, protocol:0
 = "A200396E0402FF83@1@14.4G@U@1@USB_Storage;U:;0;0@"
sem_get: Key: 41110268
[   17.921258] firmadyne: ioctl: 0xc0207223
[   17.922726] firmadyne: ioctl: 0xc0207223
[   17.925911] firmadyne: sys_socket[PID: 107 (klogd)]: family:1, type:1, protocol:0
[   17.927148] firmadyne: sys_socket[PID: 107 (klogd)]: family:1, type:2, protocol:0
sem_get: Key: 41110268
nvram_set[   17.932779] firmadyne: ioctl: 0xc0207223
[   17.934273] firmadyne: ioctl: 0xc0207223
[   17.935765] firmadyne: ioctl: 0xc0207223
[   17.938395] firmadyne: sys_socket[PID: 107 (klogd)]: family:1, type:1, protocol:0
[   17.939630] firmadyne: sys_socket[PID: 107 (klogd)]: family:1, type:2, protocol:0
: usb_info_dev23 = "A200396E0402FF83@1@14.4G@U@1@USB_Storage;U:;0;0@"
sem_get: Key: 41110268
[   17.945233] firmadyne: ioctl: 0xc0207223
[   17.946703] firmadyne: ioctl: 0xc0207223
[   17.950400] firmadyne: sys_socket[PID: 107 (klogd)]: family:1, type:1, protocol:0
[   17.951614] firmadyne: sys_socket[PID: 107 (klogd)]: family:1, type:2, protocol:0
sem_get: Key: [   17.956263] firmadyne: ioctl: 0xc0207223
[   17.957775] firmadyne: ioctl: 0xc0207223
[   17.959248] firmadyne: ioctl: 0xc0207223
41110268
nvram_set: usb_info_dev24 = "A200396E0402FF83@1@14.4G@U@1@USB_Storage;U:;0;0@[   17.966540] firmadyne: sys_socket[PID: 107 (klogd)]: family:1, type:1, protocol:0
[   17.967768] firmadyne: sys_socket[PID: 107 (klogd)]: family:1, type:2, protocol:0
[   17.969768] firmadyne: ioctl: 0xc0207223
[   17.971242] firmadyne: ioctl: 0xc0207223
[   17.973875] firmadyne: sys_socket[PID: 107 (klogd)]: family:1, type:1, protocol:0
[   17.975084] firmadyne: sys_socket[PID: 107 (klogd)]: family:1, type:2, protocol:0
"
sem_get: Key: 41110268
sem_get: Key: [   17.981084] firmadyne: ioctl: 0xc0207223
[   17.982597] firmadyne: ioctl: 0xc0207223
[   17.986076] firmadyne: sys_socket[PID: 107 (klogd)]: family:1, type:1, protocol:0
[   17.987363] firmadyne: sys_socket[PID: 107 (klogd)]: family:1, type:2, protocol:0
41110268
nvram_set: usb_info_dev25[   17.992342] firmadyne: ioctl: 0xc0207223
[   17.993951] firmadyne: ioctl: 0xc0207223
[   17.995454] firmadyne: ioctl: 0xc0207223
 = "A200396E0402FF83@1@14.4G@U@1@USB_Storage;U:;0;0@"
sem_get: Key: 41110268
[   18.002048] firmadyne: sys_socket[PID: 107 (klogd)]: family:1, type:1, protocol:0
[   18.003349] firmadyne: sys_socket[PID: 107 (klogd)]: family:1, type:2, protocol:0
[   18.005683] firmadyne: ioctl: 0xc0207223
[   18.007230] firmadyne: ioctl: 0xc0207223
sem_get: Key: 41110268
nvram_set: [   18.013972] firmadyne: sys_socket[PID: 107 (klogd)]: family:1, type:1, protocol:0
[   18.015228] firmadyne: sys_socket[PID: 107 (klogd)]: family:1, type:2, protocol:0
[   18.017287] firmadyne: ioctl: 0xc0207223
[   18.018804] firmadyne: ioctl: 0xc0207223
usb_info_dev26 = "A200396E0402FF83@1@14.4G@U@1@USB_Storage;U:;0;0@"
sem_get: Key: 41110268
[   18.026155] firmadyne: sys_socket[PID: 107 (klogd)]: family:1, type:1, protocol:0
[   18.027365] firmadyne: sys_socket[PID: 107 (klogd)]: family:1, type:2, protocol:0
[   18.029281] firmadyne: ioctl: 0xc0207223
[   18.030819] firmadyne: ioctl: 0xc0207223
sem_get: Key: 41110268
nvram_set: [   18.037965] firmadyne: sys_socket[PID: 107 (klogd)]: family:1, type:1, protocol:0
[   18.039196] firmadyne: sys_socket[PID: 107 (klogd)]: family:1, type:2, protocol:0
[   18.040812] firmadyne: ioctl: 0xc0207223
[   18.042305] firmadyne: ioctl: 0xc0207223
[   18.043776] firmadyne: ioctl: 0xc0207223
usb_info_dev27 = "A200396E0402FF83@1@14.4G@U@1@USB_Storage;U:;0;0@"
sem_get: Key: 41110268
[   18.049977] firmadyne: sys_socket[PID: 107 (klogd)]: family:1, type:1, protocol:0
[   18.051218] firmadyne: sys_socket[PID: 107 (klogd)]: family:1, type:2, protocol:0
[   18.053493] firmadyne: ioctl: 0xc0207223
[   18.055046] firmadyne: ioctl: 0xc0207223
sem_get: Key: 41110268
[   18.061989] firmadyne: sys_socket[PID: 107 (klogd)]: family:1, type:1, protocol:0
[   18.063245] firmadyne: sys_socket[PID: 107 (klogd)]: family:1, type:2, protocol:0
[   18.065152] firmadyne: ioctl: 0xc0207223
[   18.066670] firmadyne: ioctl: 0xc0207223
nvram_set: usb_info_dev28 = "A200396E0402FF83@1@14.4G@U@1@USB_Storage;U:;0;0@"
sem_get: Key: 41110268
[   18.073888] firmadyne: sys_socket[PID: 107 (klogd)]: family:1, type:1, protocol:0
[   18.075094] firmadyne: sys_socket[PID: 107 (klogd)]: family:1, type:2, protocol:0
[   18.076424] firmadyne: ioctl: 0xc0207223
[   18.077942] firmadyne: ioctl: 0xc0207223
[   18.079393] firmadyne: ioctl: 0xc0207223
sem_get: Key: 41110268
[   18.085954] firmadyne: sys_socket[PID: 107 (klogd)]: family:1, type:1, protocol:0
[   18.087215] firmadyne: sys_socket[PID: 107 (klogd)]: family:1, type:2, protocol:0
[   18.089434] firmadyne: ioctl: 0xc0207223
[   18.090956] firmadyne: ioctl: 0xc0207223
nvram_set: usb_info_dev29 = "A200396E0402FF83@1@14.4G@U@1@USB_Storage;U:;0;0@"
sem_get: Key: 41110268
[   18.098182] firmadyne: sys_socket[PID: 107 (klogd)]: family:1, type:1, protocol:0
[   18.099452] firmadyne: sys_socket[PID: 107 (klogd)]: family:1, type:2, protocol:0
[   18.101212] firmadyne: ioctl: 0xc0207223
[   18.102740] firmadyne: ioctl: 0xc0207223
sem_get: Key: 41110268
[   18.108590] firmadyne: ioctl: 0xc0207223
[   18.110148] firmadyne: ioctl: 0xc0207223
[   18.111652] firmadyne: ioctl: 0xc0207223
[   18.114381] firmadyne: sys_socket[PID: 107 (klogd)]: family:1, type:1, protocol:0
[   18.115654] firmadyne: sys_socket[PID: 107 (klogd)]: family:1, type:2, protocol:0
nvram_set: usb_info_dev30 = "A200396E0402FF83@1@14.4G@U@1@USB_Storage;U:;0;0@"
sem_get: Key: [   18.121427] firmadyne: ioctl: 0xc0207223
[   18.122947] firmadyne: ioctl: 0xc0207223
[   18.126123] firmadyne: sys_socket[PID: 107 (klogd)]: family:1, type:1, protocol:0
[   18.127400] firmadyne: sys_socket[PID: 107 (klogd)]: family:1, type:2, protocol:0
41110268
sem_get: Key: 41110268
[   18.132779] firmadyne: ioctl: 0xc0207223
[   18.134307] firmadyne: ioctl: 0xc0207223
[   18.135776] firmadyne: ioctl: 0xc0207223
[   18.138370] firmadyne: sys_socket[PID: 107 (klogd)]: family:1, type:1, protocol:0
[   18.139599] firmadyne: sys_socket[PID: 107 (klogd)]: family:1, type:2, protocol:0
nvram_set: usb_info_dev31 = "A200396E0402FF83@1@14.4G@U@1@USB_Storage;U:;0;0@[   18.145448] firmadyne: ioctl: 0xc0207223
[   18.146998] firmadyne: ioctl: 0xc0207223
[   18.149948] firmadyne: sys_socket[PID: 107 (klogd)]: family:1, type:1, protocol:0
[   18.151163] firmadyne: sys_socket[PID: 107 (klogd)]: family:1, type:2, protocol:0
"
sem_get: Key: 41110268
sem_get: Key: 41110268
nvram_set: [   18.161053] firmadyne: ioctl: 0xc0207223
[   18.162581] firmadyne: ioctl: 0xc0207223
[   18.166230] firmadyne: sys_socket[PID: 107 (klogd)]: family:1, type:1, protocol:0
[   18.167517] firmadyne: sys_socket[PID: 107 (klogd)]: family:1, type:2, protocol:0
[   18.169227] firmadyne: ioctl: 0xc0207223
[   18.170727] firmadyne: ioctl: 0xc0207223
usb_info_dev32 = "A200396E0402FF83@1@14.4G@U@1@USB_Storage;U:;0;0@"
sem_get: Key: 41110268
