[    0.000000] Linux version 4.1.17+ (alessio@pc) (gcc version 5.5.0 20171010 (Ubuntu 5.5.0-12ubuntu1) ) #1 Mon May 15 23:04:08 CEST 2023
[    0.000000] earlycon: Early serial console at I/O port 0x3f8 (options '38400n8')
[    0.000000] bootconsole [uart0] enabled
[    0.000000] CPU0 revision is: 00019300 (MIPS 24Kc)
[    0.000000] FPU revision is: 00739300
[    0.000000] Software DMA cache coherency enabled
[    0.000000] Determined physical RAM map:
[    0.000000]  memory: 00001000 @ 00000000 (reserved)
[    0.000000]  memory: 000ef000 @ 00001000 (ROM data)
[    0.000000]  memory: 00798000 @ 000f0000 (reserved)
[    0.000000]  memory: 0f777000 @ 00888000 (usable)
[    0.000000] debug: ignoring loglevel setting.
[    0.000000] Wasting 69888 bytes for tracking 2184 unused pages
[    0.000000] Initrd not found or empty - disabling initrd
[    0.000000] Zone ranges:
[    0.000000]   DMA      [mem 0x0000000000000000-0x0000000000ffffff]
[    0.000000]   Normal   [mem 0x0000000001000000-0x000000000fffefff]
[    0.000000] Movable zone start for each node
[    0.000000] Early memory node ranges
[    0.000000]   node   0: [mem 0x0000000000000000-0x000000000fffefff]
[    0.000000] Initmem setup node 0 [mem 0x0000000000000000-0x000000000fffefff]
[    0.000000] On node 0 totalpages: 65535
[    0.000000] free_area_init_node: node 0, pgdat 8081d5b0, node_mem_map 81000000
[    0.000000]   DMA zone: 32 pages used for memmap
[    0.000000]   DMA zone: 0 pages reserved
[    0.000000]   DMA zone: 4096 pages, LIFO batch:0
[    0.000000]   Normal zone: 480 pages used for memmap
[    0.000000]   Normal zone: 61439 pages, LIFO batch:15
[    0.000000] Primary instruction cache 2kB, VIPT, 2-way, linesize 16 bytes.
[    0.000000] Primary data cache 2kB, 2-way, VIPT, no aliases, linesize 16 bytes
[    0.000000] pcpu-alloc: s0 r0 d32768 u32768 alloc=1*32768
[    0.000000] pcpu-alloc: [0] 0 
[    0.000000] Built 1 zonelists in Zone order, mobility grouping on.  Total pages: 65023
[    0.000000] Kernel command line: root=/dev/sda1 console=ttyS0 nandsim.parts=64,64,64,64,64,64,64,64,64,64 rdinit=/firmadyne/preInit.sh rw debug ignore_loglevel print-fatal-signals=1 FIRMAE_NET=true FIRMAE_NVRAM=true FIRMAE_KERNEL=true FIRMAE_ETC=true user_debug=0 firmadyne.syscall=1 noka
[    0.000000] found FIRMAE_KERNEL=t
[    0.000000] set the LD_PRELOAD=/firmadyne/libnvram_ioctl.so
[    0.000000] PID hash table entries: 1024 (order: 0, 4096 bytes)
[    0.000000] Dentry cache hash table entries: 32768 (order: 5, 131072 bytes)
[    0.000000] Inode-cache hash table entries: 16384 (order: 4, 65536 bytes)
[    0.000000] Writing ErrCtl register=00000000
[    0.000000] Readback ErrCtl register=00000000
[    0.000000] Memory: 251112K/262140K available (5360K kernel code, 244K rwdata, 1676K rodata, 260K init, 158K bss, 11028K reserved, 0K cma-reserved)
[    0.000000] NR_IRQS:256
[    0.000000] CPU frequency 200.00 MHz
[    0.000000] clocksource MIPS: mask: 0xffffffff max_cycles: 0xffffffff, max_idle_ns: 19112473547 ns
[    0.000165] sched_clock: 32 bits at 100MHz, resolution 9ns, wraps every 21474689019ns
[    0.011270] Console: colour dummy device 80x25
[    0.012285] Calibrating delay loop... 34.49 BogoMIPS (lpj=68992)
[    0.065617] pid_max: default: 32768 minimum: 301
[    0.068935] Mount-cache hash table entries: 1024 (order: 0, 4096 bytes)
[    0.069360] Mountpoint-cache hash table entries: 1024 (order: 0, 4096 bytes)
[    0.121753] clocksource jiffies: mask: 0xffffffff max_cycles: 0xffffffff, max_idle_ns: 7645041785100000 ns
[    0.130759] NET: Registered protocol family 16
[    0.356968] clocksource pit: mask: 0xffffffff max_cycles: 0xffffffff, max_idle_ns: 1601818034827 ns
[    0.480078] vgaarb: loaded
[    0.484625] SCSI subsystem initialized
[    0.486600] libata version 3.00 loaded.
[    0.490262] usbcore: registered new interface driver usbfs
[    0.491443] usbcore: registered new interface driver hub
[    0.492486] usbcore: registered new device driver usb
[    0.494664] pps_core: LinuxPPS API ver. 1 registered
[    0.495000] pps_core: Software ver. 5.3.6 - Copyright 2005-2007 Rodolfo Giometti <giometti@linux.it>
[    0.495774] PTP clock support registered
[    0.499586] PCI host bridge to bus 0000:00
[    0.500194] pci_bus 0000:00: root bus resource [mem 0x10000000-0x17ffffff]
[    0.500811] pci_bus 0000:00: root bus resource [io  0x1000-0x1fffff]
[    0.501297] pci_bus 0000:00: root bus resource [??? 0x00000000 flags 0x0]
[    0.501758] pci_bus 0000:00: No busn resource found for root bus, will use [bus 00-ff]
[    0.502814] pci 0000:00:00.0: [11ab:4620] type 00 class 0x060000
[    0.503576] pci 0000:00:00.0: [Firmware Bug]: reg 0x14: invalid BAR (can't size)
[    0.504053] pci 0000:00:00.0: [Firmware Bug]: reg 0x18: invalid BAR (can't size)
[    0.504531] pci 0000:00:00.0: [Firmware Bug]: reg 0x1c: invalid BAR (can't size)
[    0.505173] pci 0000:00:00.0: [Firmware Bug]: reg 0x20: invalid BAR (can't size)
[    0.505680] pci 0000:00:00.0: [Firmware Bug]: reg 0x24: invalid BAR (can't size)
[    0.508913] pci 0000:00:0a.0: [8086:7110] type 00 class 0x060100
[    0.511755] pci 0000:00:0a.1: [8086:7111] type 00 class 0x010180
[    0.512373] pci 0000:00:0a.1: reg 0x20: [io  0x0000-0x000f]
[    0.512848] pci 0000:00:0a.1: legacy IDE quirk: reg 0x10: [io  0x01f0-0x01f7]
[    0.513311] pci 0000:00:0a.1: legacy IDE quirk: reg 0x14: [io  0x03f6]
[    0.513890] pci 0000:00:0a.1: legacy IDE quirk: reg 0x18: [io  0x0170-0x0177]
[    0.514357] pci 0000:00:0a.1: legacy IDE quirk: reg 0x1c: [io  0x0376]
[    0.516973] pci 0000:00:0a.2: [8086:7112] type 00 class 0x0c0300
[    0.517735] pci 0000:00:0a.2: reg 0x20: [io  0x0000-0x001f]
[    0.520379] pci 0000:00:0a.3: [8086:7113] type 00 class 0x068000
[    0.521378] pci 0000:00:0a.3: quirk: [io  0x1000-0x103f] claimed by PIIX4 ACPI
[    0.522041] pci 0000:00:0a.3: quirk: [io  0x1100-0x110f] claimed by PIIX4 SMB
[    0.524568] pci 0000:00:12.0: [1013:00b8] type 00 class 0x030000
[    0.525075] pci 0000:00:12.0: reg 0x10: [mem 0x00000000-0x01ffffff pref]
[    0.525550] pci 0000:00:12.0: reg 0x14: [mem 0x00000000-0x00000fff]
[    0.526197] pci 0000:00:12.0: reg 0x30: [mem 0x00000000-0x0000ffff pref]
[    0.528320] vgaarb: device added: PCI:0000:00:12.0,decodes=io+mem,owns=none,locks=none
[    0.529333] pci 0000:00:13.0: [8086:100e] type 00 class 0x020000
[    0.529845] pci 0000:00:13.0: reg 0x10: [mem 0x00000000-0x0001ffff]
[    0.530462] pci 0000:00:13.0: reg 0x14: [io  0x0000-0x003f]
[    0.530975] pci 0000:00:13.0: reg 0x30: [mem 0x00000000-0x0003ffff pref]
[    0.533516] pci 0000:00:14.0: [8086:100e] type 00 class 0x020000
[    0.534033] pci 0000:00:14.0: reg 0x10: [mem 0x00000000-0x0001ffff]
[    0.534619] pci 0000:00:14.0: reg 0x14: [io  0x0000-0x003f]
[    0.535143] pci 0000:00:14.0: reg 0x30: [mem 0x00000000-0x0003ffff pref]
[    0.537709] pci 0000:00:15.0: [8086:100e] type 00 class 0x020000
[    0.538211] pci 0000:00:15.0: reg 0x10: [mem 0x00000000-0x0001ffff]
[    0.538796] pci 0000:00:15.0: reg 0x14: [io  0x0000-0x003f]
[    0.539309] pci 0000:00:15.0: reg 0x30: [mem 0x00000000-0x0003ffff pref]
[    0.541777] pci 0000:00:16.0: [8086:100e] type 00 class 0x020000
[    0.542272] pci 0000:00:16.0: reg 0x10: [mem 0x00000000-0x0001ffff]
[    0.542848] pci 0000:00:16.0: reg 0x14: [io  0x0000-0x003f]
[    0.543364] pci 0000:00:16.0: reg 0x30: [mem 0x00000000-0x0003ffff pref]
[    0.545990] pci_bus 0000:00: busn_res: [bus 00-ff] end is updated to 00
[    0.547372] pci 0000:00:12.0: BAR 0: assigned [mem 0x10000000-0x11ffffff pref]
[    0.548017] pci 0000:00:13.0: BAR 6: assigned [mem 0x12000000-0x1203ffff pref]
[    0.548582] pci 0000:00:14.0: BAR 6: assigned [mem 0x12040000-0x1207ffff pref]
[    0.549121] pci 0000:00:15.0: BAR 6: assigned [mem 0x12080000-0x120bffff pref]
[    0.549677] pci 0000:00:16.0: BAR 6: assigned [mem 0x120c0000-0x120fffff pref]
[    0.550215] pci 0000:00:13.0: BAR 0: assigned [mem 0x12100000-0x1211ffff]
[    0.550731] pci 0000:00:14.0: BAR 0: assigned [mem 0x12120000-0x1213ffff]
[    0.551378] pci 0000:00:15.0: BAR 0: assigned [mem 0x12140000-0x1215ffff]
[    0.551912] pci 0000:00:16.0: BAR 0: assigned [mem 0x12160000-0x1217ffff]
[    0.552443] pci 0000:00:12.0: BAR 6: assigned [mem 0x12180000-0x1218ffff pref]
[    0.552975] pci 0000:00:12.0: BAR 1: assigned [mem 0x12190000-0x12190fff]
[    0.553486] pci 0000:00:13.0: BAR 1: assigned [io  0x1040-0x107f]
[    0.553958] pci 0000:00:14.0: BAR 1: assigned [io  0x1080-0x10bf]
[    0.554429] pci 0000:00:15.0: BAR 1: assigned [io  0x10c0-0x10ff]
[    0.554901] pci 0000:00:16.0: BAR 1: assigned [io  0x1400-0x143f]
[    0.555475] pci 0000:00:0a.2: BAR 4: assigned [io  0x1440-0x145f]
[    0.555960] pci 0000:00:0a.1: BAR 4: assigned [io  0x1460-0x146f]
[    0.570594] cfg80211: Calling CRDA to update world regulatory domain
[    0.581859] Switched to clocksource MIPS
[    0.689234] NET: Registered protocol family 2
[    0.699648] TCP established hash table entries: 2048 (order: 1, 8192 bytes)
[    0.700592] TCP bind hash table entries: 2048 (order: 1, 8192 bytes)
[    0.701473] TCP: Hash tables configured (established 2048 bind 2048)
[    0.702566] UDP hash table entries: 256 (order: 0, 4096 bytes)
[    0.703151] UDP-Lite hash table entries: 256 (order: 0, 4096 bytes)
[    0.706520] NET: Registered protocol family 1
[    0.707933] PCI: Enabling device 0000:00:0a.2 (0000 -> 0001)
[    0.709216] PCI: CLS 0 bytes, default 16
[    0.736357] futex hash table entries: 256 (order: -1, 3072 bytes)
[    0.749730] squashfs: version 4.0 (2009/01/31) Phillip Lougher
[    0.751912] jffs2: version 2.2. (NAND) Â© 2001-2006 Red Hat, Inc.
[    0.754799] romfs: ROMFS MTD (C) 2007 Red Hat, Inc.
[    0.775122] Block layer SCSI generic (bsg) driver version 0.4 loaded (major 251)
[    0.775824] io scheduler noop registered
[    0.776407] io scheduler cfq registered (default)
[    0.777207] firmadyne: devfs: 1, execute: 1, procfs: 1, syscall: 1
[    0.782161] firmadyne: Cannot register character device: gpio, 0xfc, 0x0!
[    0.789245] firmadyne: Cannot register character device: watchdog, 0xa, 0x82!
[    0.789676] firmadyne: Cannot register character device: wdt, 0xfd, 0x0!
[    2.241349] strName = 4.1.17+
[    2.241349] init_task_addr  = 2155778944
[    2.241349] init_task_size  = 1296
[    2.241349] ts_tasks        = 292
[    2.241349] ts_pid          = 408
[    2.241349] ts_tgid         = 412
[    2.241349] ts_group_leader = 440
[    2.241349] ts_thread_group = 496
[    2.241349] ts_real_parent  = 416
[    2.241349] ts_mm           = 300
[    2.241349] ts_stack        = 4
[    2.243695] module_name   = 12
[    2.243695] module_size   = 208
[    2.243695] module_init   = 200
[    2.243695] module_list   = 4
[    2.244490] ts_real_cred    = 624
[    2.244490] ts_cred         = 628
[    2.244490] ts_comm         = 632
[    2.244490] cred_uid        = 4
[    2.244490] cred_gid        = 8
[    2.244490] cred_euid       = 20
[    2.244490] cred_egid       = 24
[    2.245792] mm_mmap         = 0
[    2.245792] mm_pgd          = 32
[    2.245792] mm_arg_start    = 136
[    2.245792] mm_start_brk    = 124
[    2.245792] mm_brk          = 128
[    2.245792] mm_start_stack  = 132
[    2.247054] vma_vm_start    = 0
[    2.247054] vma_vm_end      = 4
[    2.247054] vma_vm_next     = 8
[    2.247054] vma_vm_file     = 80
[    2.247054] vma_vm_flags    = 40
[    2.247054] vma_vm_pgoff    = 76
[    2.248186] file_dentry     = 12
[    2.248186] file_inode      = 40
[    2.248186] dentry_d_name   = 24
[    2.248186] dentry_d_iname  = 44
[    2.248186] dentry_d_parent = 16
[    2.248186] ti_task         = 0
[    2.248186] inode_ino   = 28
[    3.149084] proc_fork_connector  = 2151078840
[    3.149458] proc_exit_connector  = 2151080432
[    3.149776] proc_exec_connector  = 2151079052
[    3.150178] vma_link  = 2149124372
[    3.150430] vma_adjust  = 2149124540
[    3.150691] remove_vma  = 2149122188
[    3.150960] modules  = 2155833724
[    3.151211] trim_init_extable  = 2150545316
[    3.154589] PCI: Enabling device 0000:00:12.0 (0000 -> 0002)
[    3.155846] cirrusfb 0000:00:12.0: Cirrus Logic chipset on PCI bus, RAM (4096 kB) at 0x10000000
[    3.392108] Console: switching to colour frame buffer device 80x30
[    3.449451] Serial: 8250/16550 driver, 4 ports, IRQ sharing enabled
[    3.461566] console [ttyS0] disabled
[    3.487251] serial8250.0: ttyS0 at I/O 0x3f8 (irq = 4, base_baud = 115200) is a 16550A
[    3.488320] console [ttyS0] enabled
[    3.488320] console [ttyS0] enabled
[    3.488834] bootconsole [uart0] disabled
[    3.488834] bootconsole [uart0] disabled
[    3.518027] serial8250.0: ttyS1 at I/O 0x2f8 (irq = 3, base_baud = 115200) is a 16550A
[    3.622246] brd: module loaded
[    3.686953] loop: module loaded
[    3.692673] ata_piix 0000:00:0a.1: version 2.13
[    3.693183] PCI: Enabling device 0000:00:0a.1 (0000 -> 0001)
[    3.714924] cfg80211: Calling CRDA to update world regulatory domain
[    3.716499] scsi host0: ata_piix
[    3.721285] scsi host1: ata_piix
[    3.724562] ata1: PATA max UDMA/33 cmd 0x1f0 ctl 0x3f6 bmdma 0x1460 irq 14
[    3.725003] ata2: PATA max UDMA/33 cmd 0x170 ctl 0x376 bmdma 0x1468 irq 15
[    3.730863] [nandsim] warning: read_byte: unexpected data output cycle, state is STATE_READY return 0x0
[    3.731390] [nandsim] warning: read_byte: unexpected data output cycle, state is STATE_READY return 0x0
[    3.731907] [nandsim] warning: read_byte: unexpected data output cycle, state is STATE_READY return 0x0
[    3.732422] [nandsim] warning: read_byte: unexpected data output cycle, state is STATE_READY return 0x0
[    3.732933] [nandsim] warning: read_byte: unexpected data output cycle, state is STATE_READY return 0x0
[    3.733444] [nandsim] warning: read_byte: unexpected data output cycle, state is STATE_READY return 0x0
[    3.734274] nand: device found, Manufacturer ID: 0x98, Chip ID: 0x39
[    3.734675] nand: Toshiba NAND 128MiB 1,8V 8-bit
[    3.735030] nand: 128 MiB, SLC, erase size: 16 KiB, page size: 512, OOB size: 16
[    3.736492] flash size: 128 MiB
[    3.736728] page size: 512 bytes
[    3.736963] OOB area size: 16 bytes
[    3.737207] sector size: 16 KiB
[    3.737425] pages number: 262144
[    3.737647] pages per sector: 32
[    3.738035] bus width: 8
[    3.738241] bits in sector size: 14
[    3.738476] bits in page size: 9
[    3.738703] bits in OOB size: 4
[    3.738932] flash size with OOB: 135168 KiB
[    3.739207] page address bytes: 4
[    3.739434] sector address bytes: 3
[    3.739667] options: 0x42
[    3.810604] Scanning device for bad blocks
[    4.825778] ata2.01: NODEV after polling detection
[    4.826537] ata1.01: NODEV after polling detection
[    4.828113] ata2.00: ATAPI: QEMU DVD-ROM, 2.5+, max UDMA/100
[    4.829662] ata1.00: ATA-7: QEMU HARDDISK, 2.5+, max UDMA/100
[    4.830315] ata1.00: 2097152 sectors, multi 16: LBA48 
[    4.836180] ata1.00: configured for UDMA/33
[    4.842234] ata2.00: configured for UDMA/33
[    4.845191] scsi 0:0:0:0: Direct-Access     ATA      QEMU HARDDISK    2.5+ PQ: 0 ANSI: 5
[    4.859167] sd 0:0:0:0: [sda] 2097152 512-byte logical blocks: (1.07 GB/1.00 GiB)
[    4.860534] scsi 1:0:0:0: CD-ROM            QEMU     QEMU DVD-ROM     2.5+ PQ: 0 ANSI: 5
[    4.872486] sd 0:0:0:0: [sda] Write Protect is off
[    4.872959] sd 0:0:0:0: [sda] Mode Sense: 00 3a 00 00
[    4.874438] sd 0:0:0:0: [sda] Write cache: enabled, read cache: enabled, doesn't support DPO or FUA
[    4.884703]  sda: sda1
[    4.891412] Creating 11 MTD partitions on "NAND 128MiB 1,8V 8-bit":
[    4.891996] 0x000000000000-0x000000100000 : "NAND simulator partition 0"
[    4.901716] 0x000000100000-0x000000200000 : "NAND simulator partition 1"
[    4.911146] 0x000000200000-0x000000300000 : "NAND simulator partition 2"
[    4.920646] 0x000000300000-0x000000400000 : "NAND simulator partition 3"
[    4.930128] 0x000000400000-0x000000500000 : "NAND simulator partition 4"
[    4.939704] 0x000000500000-0x000000600000 : "NAND simulator partition 5"
[    4.949378] 0x000000600000-0x000000700000 : "NAND simulator partition 6"
[    4.959344] 0x000000700000-0x000000800000 : "NAND simulator partition 7"
[    4.968984] 0x000000800000-0x000000900000 : "NAND simulator partition 8"
[    4.978237] 0x000000900000-0x000000a00000 : "NAND simulator partition 9"
[    4.987505] 0x000000a00000-0x000008000000 : "NAND simulator partition 10"
[    5.027256] tun: Universal TUN/TAP device driver, 1.6
[    5.027590] tun: (C) 1999-2004 Max Krasnyansky <maxk@qualcomm.com>
[    5.030857] pcnet32: pcnet32.c:v1.35 21.Apr.2008 tsbogend@alpha.franken.de
[    5.032003] e1000: Intel(R) PRO/1000 Network Driver - version 7.3.21-k8-NAPI
[    5.032408] e1000: Copyright (c) 1999-2006 Intel Corporation.
[    5.033249] PCI: Enabling device 0000:00:13.0 (0000 -> 0003)
[    5.040145] sd 0:0:0:0: [sda] Attached SCSI disk
[    5.327058] e1000 0000:00:13.0 eth0: (PCI:33MHz:32-bit) 52:54:00:12:34:56
[    5.327635] e1000 0000:00:13.0 eth0: Intel(R) PRO/1000 Network Connection
[    5.328226] PCI: Enabling device 0000:00:14.0 (0000 -> 0003)
[    5.617581] e1000 0000:00:14.0 eth1: (PCI:33MHz:32-bit) 52:54:00:12:34:57
[    5.618196] e1000 0000:00:14.0 eth1: Intel(R) PRO/1000 Network Connection
[    5.618819] PCI: Enabling device 0000:00:15.0 (0000 -> 0003)
[    5.930316] e1000 0000:00:15.0 eth2: (PCI:33MHz:32-bit) 52:54:00:12:34:58
[    5.930801] e1000 0000:00:15.0 eth2: Intel(R) PRO/1000 Network Connection
[    5.931371] PCI: Enabling device 0000:00:16.0 (0000 -> 0003)
[    6.218451] e1000 0000:00:16.0 eth3: (PCI:33MHz:32-bit) 52:54:00:12:34:59
[    6.218927] e1000 0000:00:16.0 eth3: Intel(R) PRO/1000 Network Connection
[    6.220053] e1000e: Intel(R) PRO/1000 Network Driver - 2.3.2-k
[    6.220345] e1000e: Copyright(c) 1999 - 2014 Intel Corporation.
[    6.224126] PPP generic driver version 2.4.2
[    6.226192] PPP Deflate Compression module registered
[    6.226770] PPP MPPE Compression module registered
[    6.227130] NET: Registered protocol family 24
[    6.227793] ehci_hcd: USB 2.0 'Enhanced' Host Controller (EHCI) Driver
[    6.228245] ehci-pci: EHCI PCI platform driver
[    6.229252] ohci_hcd: USB 1.1 'Open' Host Controller (OHCI) Driver
[    6.229678] ohci-pci: OHCI PCI platform driver
[    6.230816] uhci_hcd: USB Universal Host Controller Interface driver
[    6.232314] uhci_hcd 0000:00:0a.2: UHCI Host Controller
[    6.233015] uhci_hcd 0000:00:0a.2: new USB bus registered, assigned bus number 1
[    6.234096] uhci_hcd 0000:00:0a.2: irq 11, io base 0x00001440
[    6.244245] hub 1-0:1.0: USB hub found
[    6.244951] hub 1-0:1.0: 2 ports detected
[    6.253436] usbcore: registered new interface driver usb-storage
[    6.257441] mousedev: PS/2 mouse device common for all mice
[    6.263467] rtc_cmos rtc_cmos: rtc core: registered rtc_cmos as rtc0
[    6.264201] rtc_cmos rtc_cmos: alarms up to one day, 242 bytes nvram
[    6.265587] i2c /dev entries driver
[    6.266857] piix4_smbus 0000:00:0a.3: SMBus Host Controller at 0x1100, revision 0
[    6.271232] sdhci: Secure Digital Host Controller Interface driver
[    6.271583] sdhci: Copyright(c) Pierre Ossman
[    6.273779] hidraw: raw HID events driver (C) Jiri Kosina
[    6.291328] usbcore: registered new interface driver usbhid
[    6.291681] usbhid: USB HID core driver
[    6.292721] Netfilter messages via NETLINK v0.30.
[    6.294178] nf_conntrack version 0.5.0 (3923 buckets, 15692 max)
[    6.297254] ctnetlink v0.93: registering with nfnetlink.
[    6.302775] ipip: IPv4 over IPv4 tunneling driver
[    6.314867] ip_tables: (C) 2000-2006 Netfilter Core Team
[    6.317666] arp_tables: (C) 2002 David S. Miller
[    6.319537] Initializing XFRM netlink socket
[    6.320651] NET: Registered protocol family 10
[    6.339473] ip6_tables: (C) 2000-2006 Netfilter Core Team
[    6.343202] sit: IPv6 over IPv4 tunneling driver
[    6.360089] NET: Registered protocol family 17
[    6.360995] bridge: automatic filtering via arp/ip/ip6tables has been deprecated. Update your scripts to load br_netfilter if you need this.
[    6.362171] Bridge firewalling registered
[    6.362574] Ebtables v2.0 registered
[    6.368223] 8021q: 802.1Q VLAN Support v1.8
[    6.388836] rtc_cmos rtc_cmos: setting system clock to 2025-07-23 14:48:15 UTC (1753282095)
[    6.409606] EXT2-fs (sda1): warning: mounting unchecked fs, running e2fsck is recommended
[    6.411769] VFS: Mounted root (ext2 filesystem) on device 8:1.
[    6.420550] Freeing YAMON memory: 956k freed
[    6.431151] Freeing unused kernel memory: 260K (8081f000 - 80860000)
[    6.446161] spurious 8259A interrupt: IRQ7.
[    6.468958] firmadyne: sys_reboot[PID: 49 (init)]: magic1:fee1dead, magic2:28121969, cmd:0
[    6.480587] firmadyne: sys_socket[PID: 1 (init)]: family:1, type:1, protocol:0
[    6.487904] firmadyne: sys_socket[PID: 1 (init)]: family:1, type:2, protocol:0
init started: BusyBox v1.13.4 (2013-01-08 14:28:07 CST)
[    6.511735] firmadyne: sys_socket[PID: 50 (init)]: family:1, type:1, protocol:0
[    6.513147] firmadyne: sys_socket[PID: 50 (init)]: family:1, type:2, protocol:0
[    6.591300] firmadyne: do_execve: /firmadyne/console
[    6.591853] OFFSETS: offset of pid: 0x198 offset of comm: 0x278
[    6.858195] cfg80211: Calling CRDA to update world regulatory domain
$Starting bkcfg:---->
illegal cfg sign
RestoreConfig(): illegal filesize=-1
[    7.264325] random: cfg urandom read with 84 bits of entropy available
$Starting save config by bkcfg:---->
remember to reboot your camera...
set time zone from city:[(GMT-08:00) Pacific Time(US & Canada); Tijuana]

$Insert kernel module: ---->
$Insert driver module: ---->
[    8.508028] firmadyne: sys_socket[PID: 93 (ifconfig)]: family:2, type:1, protocol:0
[    8.511137] firmadyne: __inet_insert_ifa[PID: 93 (ifconfig)]: device:lo ifa:0x7f000001
[    8.514587] firmadyne: __inet_insert_ifa[PID: 93 (ifconfig)]: device:lo ifa:0x7f000001
[    8.553801] firmadyne: sys_socket[PID: 94 (brctl)]: family:2, type:2, protocol:0
MAC=00:12:34:56:78:90
racfg: Wireless Exist: 0
[    8.656992] firmadyne: sys_socket[PID: 96 (ifconfig)]: family:2, type:1, protocol:0
[    8.659134] firmadyne: __inet_insert_ifa[PID: 96 (ifconfig)]: device:eth0 ifa:0x00000000
[    8.668411] IPv6: ADDRCONF(NETDEV_UP): eth0: link is not ready
[    8.668946] 8021q: adding VLAN 0 to HW filter on device eth0
[    8.673204] e1000: eth0 NIC Link is Up 1000 Mbps Full Duplex, Flow Control: RX
[    8.675188] IPv6: ADDRCONF(NETDEV_CHANGE): eth0: link becomes ready
[    8.695592] firmadyne: sys_socket[PID: 97 (ifconfig)]: family:2, type:1, protocol:0
[    8.732588] firmadyne: sys_socket[PID: 98 (brctl)]: family:2, type:2, protocol:0
[    8.735408] firmadyne: sys_socket[PID: 98 (brctl)]: family:2, type:1, protocol:0
[    8.738192] firmadyne: sys_socket[PID: 98 (brctl)]: family:2, type:1, protocol:0
[    8.739449] firmadyne: br_add_if[PID: 98 (brctl)]: br:br0 dev:eth0
[    8.744222] device eth0 entered promiscuous mode
[    8.782727] firmadyne: sys_socket[PID: 99 (brctl)]: family:2, type:2, protocol:0
[    8.785269] firmadyne: sys_socket[PID: 99 (brctl)]: family:2, type:1, protocol:0
[    8.822877] firmadyne: sys_socket[PID: 100 (brctl)]: family:2, type:2, protocol:0
[    8.825339] firmadyne: sys_socket[PID: 100 (brctl)]: family:2, type:1, protocol:0
Launch hw monitor...
[    8.851359] random: nonblocking pool is initialized
hwmon.c: IRLED, LSENS, Enable
hwmon.c: open hwmon node fail!
Set Date&Time to 2011/01/01 00:00:00
Sat Jan  1 00:00:00 PST 2011

$Starting audio adjusting ---->

[   10.002177] cfg80211: Calling CRDA to update world regulatory domain
Starting DHCP Client ....
[   10.530534] firmadyne: sys_socket[PID: 119 (ifconfig)]: family:2, type:1, protocol:0
[   10.554428] firmadyne: sys_socket[PID: 120 (udhcpc)]: family:2, type:3, protocol:255
udhcpc (v1.13.4) started
[   10.644210] firmadyne: sys_socket[PID: 123 (ifconfig)]: family:2, type:1, protocol:0
[   10.646389] firmadyne: __inet_insert_ifa[PID: 123 (ifconfig)]: device:br0 ifa:0x00000000
[   10.647668] br0: port 1(eth0) entered forwarding state
[   10.648399] br0: port 1(eth0) entered forwarding state
[   10.655596] firmadyne: sys_socket[PID: 120 (udhcpc)]: family:17, type:1, protocol:2048
[   10.656616] firmadyne: sys_setsockopt[PID: 120 (udhcpc)]: fd:5, level:65535, optname:26
Sending discover...
[   10.662999] firmadyne: sys_socket[PID: 120 (udhcpc)]: family:17, type:1, protocol:2048
Sending select for 10.0.2.15...
[   10.672368] firmadyne: sys_socket[PID: 120 (udhcpc)]: family:17, type:1, protocol:2048
Lease of 10.0.2.15 obtained, lease time 86400
[   10.766139] firmadyne: sys_socket[PID: 126 (ifconfig)]: family:2, type:1, protocol:0
[   10.768262] firmadyne: __inet_insert_ifa[PID: 126 (ifconfig)]: device:br0 ifa:0x0a00020f
[   10.772372] firmadyne: __inet_insert_ifa[PID: 126 (ifconfig)]: device:br0 ifa:0x0a00020f
deleting routers
[   10.791249] firmadyne: sys_socket[PID: 127 (route)]: family:2, type:1, protocol:0
route: SIOCDELRT: No such process
[   10.835913] firmadyne: sys_socket[PID: 128 (iff_get)]: family:2, type:1, protocol:0
[   10.868328] firmadyne: sys_socket[PID: 129 (logger)]: family:1, type:1, protocol:0
[   10.869762] firmadyne: sys_socket[PID: 129 (logger)]: family:1, type:2, protocol:0
[   10.886986] firmadyne: sys_socket[PID: 130 (route)]: family:2, type:1, protocol:0
adding dns 10.0.2.3
[   11.646891] br0: port 1(eth0) entered forwarding state
[   12.077063] firmadyne: sys_socket[PID: 135 (udhcpc)]: family:2, type:3, protocol:255
udhcpc (v1.13.4) started
[   12.164445] firmadyne: sys_socket[PID: 138 (ifconfig)]: family:2, type:1, protocol:0
[   12.167886] firmadyne: __inet_insert_ifa[PID: 138 (ifconfig)]: device:br0 ifa:0x00000000
[   12.174426] firmadyne: sys_socket[PID: 135 (udhcpc)]: family:17, type:1, protocol:2048
[   12.175705] firmadyne: sys_setsockopt[PID: 135 (udhcpc)]: fd:5, level:65535, optname:26
Sending discover...
[   12.179661] firmadyne: sys_socket[PID: 135 (udhcpc)]: family:17, type:1, protocol:2048
Sending select for 10.0.2.15...
[   12.184970] firmadyne: sys_socket[PID: 135 (udhcpc)]: family:17, type:1, protocol:2048
Lease of 10.0.2.15 obtained, lease time 86400
[   12.276784] firmadyne: sys_socket[PID: 141 (ifconfig)]: family:2, type:1, protocol:0
[   12.279261] firmadyne: __inet_insert_ifa[PID: 141 (ifconfig)]: device:br0 ifa:0x0a00020f
[   12.282952] firmadyne: __inet_insert_ifa[PID: 141 (ifconfig)]: device:br0 ifa:0x0a00020f
deleting routers
[   12.308318] firmadyne: sys_socket[PID: 142 (route)]: family:2, type:1, protocol:0
route: SIOCDELRT: No such process
[   12.351611] firmadyne: sys_socket[PID: 143 (iff_get)]: family:2, type:1, protocol:0
[   12.381571] firmadyne: sys_socket[PID: 144 (logger)]: family:1, type:1, protocol:0
[   12.383556] firmadyne: sys_socket[PID: 144 (logger)]: family:1, type:2, protocol:0
[   12.400601] firmadyne: sys_socket[PID: 145 (route)]: family:2, type:1, protocol:0
adding dns 10.0.2.3
[   12.432524] firmadyne: sys_socket[PID: 147 (logger)]: family:1, type:1, protocol:0
[   12.434471] firmadyne: sys_socket[PID: 147 (logger)]: family:1, type:2, protocol:0
[   12.453519] firmadyne: sys_socket[PID: 148 (route)]: family:2, type:1, protocol:0
racfg: Wireless Exist: 0
Setting Hostname: TV-IP121-001234567890
[   12.900235] firmadyne: sys_socket[PID: 174 (ifconfig)]: family:2, type:1, protocol:0
[   12.902156] firmadyne: sys_socket[PID: 174 (ifconfig)]: family:2, type:1, protocol:0
br0       Link encap:Ethernet  HWaddr 00:12:34:56:78:90  
          inet addr:10.0.2.15  Bcast:10.0.2.255  Mask:255.255.255.0
          inet6 addr: fec0::212:34ff:fe56:7890/64 Scope:Site
          inet6 addr: fe80::212:34ff:fe56:7890/64 Scope:Link
          UP BROADCAST RUNNING MULTICAST  MTU:1500  Metric:1
          RX packets:5 errors:0 dropped:0 overruns:0 frame:0
          TX packets:11 errors:0 dropped:0 overruns:0 carrier:0
          collisions:0 txqueuelen:0 
          RX bytes:2400 (2.3 KiB)  TX bytes:2946 (2.8 KiB)

[   12.926107] firmadyne: sys_socket[PID: 174 (ifconfig)]: family:2, type:1, protocol:0
eth0      Link encap:Ethernet  HWaddr 00:12:34:56:78:90  
          inet6 addr: fe80::5054:ff:fe12:3456/64 Scope:Link
          UP BROADCAST RUNNING MULTICAST  MTU:1500  Metric:1
          RX packets:6 errors:0 dropped:0 overruns:0 frame:0
          TX packets:17 errors:0 dropped:0 overruns:0 carrier:0
          collisions:0 txqueuelen:1000 
          RX bytes:2580 (2.5 KiB)  TX bytes:3454 (3.3 KiB)

[   12.944066] firmadyne: sys_socket[PID: 174 (ifconfig)]: family:2, type:1, protocol:0
eth1      Link encap:Ethernet  HWaddr 52:54:00:12:34:57  
          BROADCAST MULTICAST  MTU:1500  Metric:1
          RX packets:0 errors:0 dropped:0 overruns:0 frame:0
          TX packets:0 errors:0 dropped:0 overruns:0 carrier:0
          collisions:0 txqueuelen:1000 
          RX bytes:0 (0.0 B)  TX bytes:0 (0.0 B)

[   12.960583] firmadyne: sys_socket[PID: 174 (ifconfig)]: family:2, type:1, protocol:0
eth2      Link encap:Ethernet  HWaddr 52:54:00:12:34:58  
          BROADCAST MULTICAST  MTU:1500  Metric:1
          RX packets:0 errors:0 dropped:0 overruns:0 frame:0
          TX packets:0 errors:0 dropped:0 overruns:0 carrier:0
          collisions:0 txqueuelen:1000 
          RX bytes:0 (0.0 B)  TX bytes:0 (0.0 B)

[   12.975145] firmadyne: sys_socket[PID: 174 (ifconfig)]: family:2, type:1, protocol:0
eth3      Link encap:Ethernet  HWaddr 52:54:00:12:34:59  
          BROADCAST MULTICAST  MTU:1500  Metric:1
          RX packets:0 errors:0 dropped:0 overruns:0 frame:0
          TX packets:0 errors:0 dropped:0 overruns:0 carrier:0
          collisions:0 txqueuelen:1000 
          RX bytes:0 (0.0 B)  TX bytes:0 (0.0 B)

[   12.986660] firmadyne: sys_socket[PID: 174 (ifconfig)]: family:2, type:1, protocol:0
ip6tnl0   Link encap:UNSPEC  HWaddr 00-00-00-00-00-00-00-00-00-00-00-00-00-00-00-00  
          NOARP  MTU:1452  Metric:1
          RX packets:0 errors:0 dropped:0 overruns:0 frame:0
          TX packets:0 errors:0 dropped:0 overruns:0 carrier:0
          collisions:0 txqueuelen:0 
          RX bytes:0 (0.0 B)  TX bytes:0 (0.0 B)

[   12.998572] firmadyne: sys_socket[PID: 174 (ifconfig)]: family:2, type:1, protocol:0
lo        Link encap:Local Loopback  
          inet addr:127.0.0.1  Mask:255.0.0.0
          inet6 addr: ::1/128 Scope:Host
          UP LOOPBACK RUNNING  MTU:65536  Metric:1
          RX packets:0 errors:0 dropped:0 overruns:0 frame:0
          TX packets:0 errors:0 dropped:0 overruns:0 carrier:0
          collisions:0 txqueuelen:0 
          RX bytes:0 (0.0 B)  TX bytes:0 (0.0 B)

[   13.011981] firmadyne: sys_socket[PID: 174 (ifconfig)]: family:2, type:1, protocol:0
sit0      Link encap:IPv6-in-IPv4  
          NOARP  MTU:1480  Metric:1
          RX packets:0 errors:0 dropped:0 overruns:0 frame:0
          TX packets:0 errors:0 dropped:0 overruns:0 carrier:0
          collisions:0 txqueuelen:0 
          RX bytes:0 (0.0 B)  TX bytes:0 (0.0 B)

[   13.023310] firmadyne: sys_socket[PID: 174 (ifconfig)]: family:2, type:1, protocol:0
tunl0     Link encap:UNSPEC  HWaddr 00-00-00-00-57-1C-00-4A-00-00-00-00-00-00-00-00  
          NOARP  MTU:1480  Metric:1
          RX packets:0 errors:0 dropped:0 overruns:0 frame:0
          TX packets:0 errors:0 dropped:0 overruns:0 carrier:0
          collisions:0 txqueuelen:0 
          RX bytes:0 (0.0 B)  TX bytes:0 (0.0 B)


[   13.089285] firmadyne: sys_socket[PID: 177 (syslogd)]: family:1, type:1, protocol:0
[   13.146240] cfg80211: Calling CRDA to update world regulatory domain
Sensor: Initial UVC device!
Sensor: Caon't open device!
Sensor: Init v4L2 failed!
camsvr: Initial sensor fail!
Sound: Unable to open device file /dev/dsp0
camsvr: not support audio!
rinbuf: ftp - rbInitial: semaphore create fail!
camsvr: ftp attach ring buffer fail
rinbuf: motion - rbInitial: semaphore create fail!
camsvr: motion attach ring buffer fail
Psensor: Caon't open device!
Psensor: Caon't open device!
Psensor: Caon't open device!
Psensor: Caon't open device!
Psensor: Caon't open device!
HWmon update
cammsger: Send Inform...
tls=0
ttls=
[   16.198738] firmadyne: sys_socket[PID: 259 (logger)]: family:1, type:1, protocol:0
Setting Iptables Ruleset
[   16.290229] cfg80211: Calling CRDA to update world regulatory domain
[   16.304772] firmadyne: sys_socket[PID: 261 (iptables)]: family:2, type:3, protocol:255
[   16.309883] firmadyne: sys_setsockopt[PID: 261 (iptables)]: fd:3, level:0, optname:64
[   16.311827] firmadyne: sys_setsockopt[PID: 261 (iptables)]: fd:3, level:0, optname:65
[   16.371804] firmadyne: sys_socket[PID: 262 (iptables)]: family:2, type:3, protocol:255
[   16.376346] firmadyne: sys_setsockopt[PID: 262 (iptables)]: fd:3, level:0, optname:64
[   16.377885] firmadyne: sys_setsockopt[PID: 262 (iptables)]: fd:3, level:0, optname:65
[   16.442237] firmadyne: sys_socket[PID: 263 (iptables)]: family:2, type:3, protocol:255
[   16.446787] firmadyne: sys_setsockopt[PID: 263 (iptables)]: fd:3, level:0, optname:64
[   16.448335] firmadyne: sys_setsockopt[PID: 263 (iptables)]: fd:3, level:0, optname:65
[   16.506492] firmadyne: sys_socket[PID: 264 (iptables)]: family:2, type:3, protocol:255
[   16.511946] firmadyne: sys_setsockopt[PID: 264 (iptables)]: fd:3, level:0, optname:64
[   16.513377] firmadyne: sys_setsockopt[PID: 264 (iptables)]: fd:3, level:0, optname:65
[   16.572275] firmadyne: sys_socket[PID: 265 (iptables)]: family:2, type:3, protocol:255
[   16.633878] firmadyne: sys_socket[PID: 266 (iptables)]: family:2, type:3, protocol:255
[   16.639209] firmadyne: sys_setsockopt[PID: 266 (iptables)]: fd:3, level:0, optname:64
[   16.640704] firmadyne: sys_setsockopt[PID: 266 (iptables)]: fd:3, level:0, optname:65
Setting Ip6tables Ruleset
[   16.790326] firmadyne: sys_socket[PID: 269 (ip6tables)]: family:10, type:3, protocol:255
[   16.795511] firmadyne: sys_setsockopt[PID: 269 (ip6tables)]: fd:3, level:41, optname:64
[   16.797415] firmadyne: sys_setsockopt[PID: 269 (ip6tables)]: fd:3, level:41, optname:65
[   16.858986] firmadyne: sys_socket[PID: 270 (ip6tables)]: family:10, type:3, protocol:255
[   16.863651] firmadyne: sys_setsockopt[PID: 270 (ip6tables)]: fd:3, level:41, optname:64
[   16.865303] firmadyne: sys_setsockopt[PID: 270 (ip6tables)]: fd:3, level:41, optname:65
[   16.923790] firmadyne: sys_socket[PID: 271 (ip6tables)]: family:10, type:3, protocol:255
[   16.928613] firmadyne: sys_setsockopt[PID: 271 (ip6tables)]: fd:3, level:41, optname:64
[   16.930386] firmadyne: sys_setsockopt[PID: 271 (ip6tables)]: fd:3, level:41, optname:65
[   16.990253] firmadyne: sys_socket[PID: 272 (ip6tables)]: family:10, type:3, protocol:255
[   16.995647] firmadyne: sys_setsockopt[PID: 272 (ip6tables)]: fd:3, level:41, optname:64
[   16.997290] firmadyne: sys_setsockopt[PID: 272 (ip6tables)]: fd:3, level:41, optname:65
[   17.055672] firmadyne: sys_socket[PID: 273 (ip6tables)]: family:10, type:3, protocol:255
[   17.118196] firmadyne: sys_socket[PID: 274 (ip6tables)]: family:10, type:3, protocol:255
[   17.123243] firmadyne: sys_setsockopt[PID: 274 (ip6tables)]: fd:3, level:41, optname:64
[   17.124757] firmadyne: sys_setsockopt[PID: 274 (ip6tables)]: fd:3, level:41, optname:65
Starting UPNP ....
Starting wanipd.sh ....
racfg: Wireless Exist: 0
Starting IPFind...
Starting boa web server...
[   18.806392] firmadyne: sys_socket[PID: 283 (ipfind)]: family:2, type:1, protocol:0
[   18.807494] firmadyne: sys_setsockopt[PID: 283 (ipfind)]: fd:3, level:65535, optname:25
[   18.808330] firmadyne: sys_setsockopt[PID: 283 (ipfind)]: fd:3, level:65535, optname:4
[   18.809470] firmadyne: inet_bind[PID: 283 (ipfind)]: proto:SOCK_DGRAM, port:62720
[   19.434259] cfg80211: Calling CRDA to update world regulatory domain
[   19.437307] firmadyne: sys_socket[PID: 297 (ddns)]: family:2, type:2, protocol:0
[   19.469401] firmadyne: sys_socket[PID: 297 (ddns)]: family:2, type:1, protocol:17
[   19.510497] firmadyne: sys_socket[PID: 287 (boa)]: family:10, type:2, protocol:6
[   19.511708] firmadyne: sys_setsockopt[PID: 287 (boa)]: fd:4, level:65535, optname:4
[   20.348539] firmadyne: inet_accept[PID: 300 (boa)]:
[   20.352552] firmadyne: inet_accept[PID: 300 (boa)]:
check:0 ddns_check:0
[   21.175034] firmadyne: sys_socket[PID: 312 (ddns)]: family:2, type:2, protocol:0
[   21.182589] firmadyne: sys_socket[PID: 312 (ddns)]: family:2, type:1, protocol:17
[   21.638770] 
do_page_fault(): sending SIGSEGV to view.cgi for invalid read access from 00000000
[   21.639809] epc = 77247550 in libuClibc-0.9.30.so[771f5000+60000]
[   21.641092] ra  = 00400e90 in view.cgi[400000+2000]
[   21.642209] 
[   21.642835] potentially unexpected fatal signal 11.
[   21.643700] CPU: 0 PID: 313 Comm: view.cgi Not tainted 4.1.17+ #1
[   21.644630] task: 8f0ff518 ti: 8f1c4000 task.ti: 8f1c4000
[   21.645349] $ 0   : 00000000 00000001 772474b0 77295010
[   21.646737] $ 4   : 00000000 00000000 0000000a 00000001
[   21.647914] $ 8   : 00000000 00000000 801a88fc 77255000
[   21.649104] $12   : 7fb28590 7729d6c0 77251183 00400e90
[   21.650447] $16   : 004414b6 fffffffc 7fb288c0 00442008
[   21.651648] $20   : 00400000 004424c8 00400d40 0045655c
[   21.652858] $24   : 0000000f 77247510                  
[   21.654242] $28   : 7729d6c0 7fb28758 00000004 00400e90
[   21.655516] Hi    : 00000400
[   21.656038] Lo    : 0000019f
[   21.656691] epc   : 77247550 0x77247550
[   21.657363] ra    : 00400e90 0x400e90
[   21.658115] Status: 0000a413	USER EXL IE 
[   21.659085] Cause : 10800008
[   21.659590] BadVA : 00000000
[   21.660129] PrId  : 00019300 (MIPS 24Kc)
[   21.675444] firmadyne: inet_accept[PID: 300 (boa)]:
[   21.677300] firmadyne: inet_accept[PID: 300 (boa)]:
check:0 ddns_check:0
[   22.579706] cfg80211: Calling CRDA to update world regulatory domain
