[    0.000000] Linux version 4.1.17+ (alessio@pc) (gcc version 5.5.0 20171010 (Ubuntu 5.5.0-12ubuntu1) ) #1 Mon May 15 23:04:08 CEST 2023
[    0.000000] earlycon: Early serial console at I/O port 0x3f8 (options '38400n8')
[    0.000000] bootconsole [uart0] enabled
[    0.000000] CPU0 revision is: 00019300 (MIPS 24Kc)
[    0.000000] FPU revision is: 00739300
[    0.000000] Software DMA cache coherency enabled
[    0.000000] Determined physical RAM map:
[    0.000000]  memory: 00001000 @ 00000000 (reserved)
[    0.000000]  memory: 000ef000 @ 00001000 (ROM data)
[    0.000000]  memory: 00798000 @ 000f0000 (reserved)
[    0.000000]  memory: 0f777000 @ 00888000 (usable)
[    0.000000] debug: ignoring loglevel setting.
[    0.000000] Wasting 69888 bytes for tracking 2184 unused pages
[    0.000000] Initrd not found or empty - disabling initrd
[    0.000000] Zone ranges:
[    0.000000]   DMA      [mem 0x0000000000000000-0x0000000000ffffff]
[    0.000000]   Normal   [mem 0x0000000001000000-0x000000000fffefff]
[    0.000000] Movable zone start for each node
[    0.000000] Early memory node ranges
[    0.000000]   node   0: [mem 0x0000000000000000-0x000000000fffefff]
[    0.000000] Initmem setup node 0 [mem 0x0000000000000000-0x000000000fffefff]
[    0.000000] On node 0 totalpages: 65535
[    0.000000] free_area_init_node: node 0, pgdat 8081d5b0, node_mem_map 81000000
[    0.000000]   DMA zone: 32 pages used for memmap
[    0.000000]   DMA zone: 0 pages reserved
[    0.000000]   DMA zone: 4096 pages, LIFO batch:0
[    0.000000]   Normal zone: 480 pages used for memmap
[    0.000000]   Normal zone: 61439 pages, LIFO batch:15
[    0.000000] Primary instruction cache 2kB, VIPT, 2-way, linesize 16 bytes.
[    0.000000] Primary data cache 2kB, 2-way, VIPT, no aliases, linesize 16 bytes
[    0.000000] pcpu-alloc: s0 r0 d32768 u32768 alloc=1*32768
[    0.000000] pcpu-alloc: [0] 0 
[    0.000000] Built 1 zonelists in Zone order, mobility grouping on.  Total pages: 65023
[    0.000000] Kernel command line: root=/dev/sda1 console=ttyS0 nandsim.parts=64,64,64,64,64,64,64,64,64,64 rdinit=/firmadyne/preInit.sh rw debug ignore_loglevel print-fatal-signals=1 FIRMAE_NET=true FIRMAE_NVRAM=true FIRMAE_KERNEL=true FIRMAE_ETC=true user_debug=0 firmadyne.syscall=1 noka
[    0.000000] found FIRMAE_KERNEL=t
[    0.000000] set the LD_PRELOAD=/firmadyne/libnvram_ioctl.so
[    0.000000] PID hash table entries: 1024 (order: 0, 4096 bytes)
[    0.000000] Dentry cache hash table entries: 32768 (order: 5, 131072 bytes)
[    0.000000] Inode-cache hash table entries: 16384 (order: 4, 65536 bytes)
[    0.000000] Writing ErrCtl register=00000000
[    0.000000] Readback ErrCtl register=00000000
[    0.000000] Memory: 251112K/262140K available (5360K kernel code, 244K rwdata, 1676K rodata, 260K init, 158K bss, 11028K reserved, 0K cma-reserved)
[    0.000000] NR_IRQS:256
[    0.000000] CPU frequency 200.01 MHz
[    0.000000] clocksource MIPS: mask: 0xffffffff max_cycles: 0xffffffff, max_idle_ns: 19112089587 ns
[    0.000201] sched_clock: 32 bits at 100MHz, resolution 9ns, wraps every 21474257915ns
[    0.015714] Console: colour dummy device 80x25
[    0.016789] Calibrating delay loop... 24.60 BogoMIPS (lpj=49216)
[    0.069126] pid_max: default: 32768 minimum: 301
[    0.073542] Mount-cache hash table entries: 1024 (order: 0, 4096 bytes)
[    0.074084] Mountpoint-cache hash table entries: 1024 (order: 0, 4096 bytes)
[    0.141236] clocksource jiffies: mask: 0xffffffff max_cycles: 0xffffffff, max_idle_ns: 7645041785100000 ns
[    0.152364] NET: Registered protocol family 16
[    0.437661] clocksource pit: mask: 0xffffffff max_cycles: 0xffffffff, max_idle_ns: 1601818034827 ns
[    0.597171] vgaarb: loaded
[    0.603130] SCSI subsystem initialized
[    0.605712] libata version 3.00 loaded.
[    0.610219] usbcore: registered new interface driver usbfs
[    0.611694] usbcore: registered new interface driver hub
[    0.612983] usbcore: registered new device driver usb
[    0.615687] pps_core: LinuxPPS API ver. 1 registered
[    0.616239] pps_core: Software ver. 5.3.6 - Copyright 2005-2007 Rodolfo Giometti <giometti@linux.it>
[    0.617160] PTP clock support registered
[    0.622031] PCI host bridge to bus 0000:00
[    0.622764] pci_bus 0000:00: root bus resource [mem 0x10000000-0x17ffffff]
[    0.623347] pci_bus 0000:00: root bus resource [io  0x1000-0x1fffff]
[    0.623922] pci_bus 0000:00: root bus resource [??? 0x00000000 flags 0x0]
[    0.624639] pci_bus 0000:00: No busn resource found for root bus, will use [bus 00-ff]
[    0.625911] pci 0000:00:00.0: [11ab:4620] type 00 class 0x060000
[    0.626811] pci 0000:00:00.0: [Firmware Bug]: reg 0x14: invalid BAR (can't size)
[    0.627367] pci 0000:00:00.0: [Firmware Bug]: reg 0x18: invalid BAR (can't size)
[    0.627919] pci 0000:00:00.0: [Firmware Bug]: reg 0x1c: invalid BAR (can't size)
[    0.628491] pci 0000:00:00.0: [Firmware Bug]: reg 0x20: invalid BAR (can't size)
[    0.629201] pci 0000:00:00.0: [Firmware Bug]: reg 0x24: invalid BAR (can't size)
[    0.633341] pci 0000:00:0a.0: [8086:7110] type 00 class 0x060100
[    0.636847] pci 0000:00:0a.1: [8086:7111] type 00 class 0x010180
[    0.637745] pci 0000:00:0a.1: reg 0x20: [io  0x0000-0x000f]
[    0.638321] pci 0000:00:0a.1: legacy IDE quirk: reg 0x10: [io  0x01f0-0x01f7]
[    0.638871] pci 0000:00:0a.1: legacy IDE quirk: reg 0x14: [io  0x03f6]
[    0.639407] pci 0000:00:0a.1: legacy IDE quirk: reg 0x18: [io  0x0170-0x0177]
[    0.639954] pci 0000:00:0a.1: legacy IDE quirk: reg 0x1c: [io  0x0376]
[    0.643360] pci 0000:00:0a.2: [8086:7112] type 00 class 0x0c0300
[    0.644024] pci 0000:00:0a.2: reg 0x20: [io  0x0000-0x001f]
[    0.647391] pci 0000:00:0a.3: [8086:7113] type 00 class 0x068000
[    0.648794] pci 0000:00:0a.3: quirk: [io  0x1000-0x103f] claimed by PIIX4 ACPI
[    0.649578] pci 0000:00:0a.3: quirk: [io  0x1100-0x110f] claimed by PIIX4 SMB
[    0.652832] pci 0000:00:12.0: [1013:00b8] type 00 class 0x030000
[    0.653456] pci 0000:00:12.0: reg 0x10: [mem 0x00000000-0x01ffffff pref]
[    0.654177] pci 0000:00:12.0: reg 0x14: [mem 0x00000000-0x00000fff]
[    0.654816] pci 0000:00:12.0: reg 0x30: [mem 0x00000000-0x0000ffff pref]
[    0.657539] vgaarb: device added: PCI:0000:00:12.0,decodes=io+mem,owns=none,locks=none
[    0.659017] pci 0000:00:13.0: [8086:100e] type 00 class 0x020000
[    0.659625] pci 0000:00:13.0: reg 0x10: [mem 0x00000000-0x0001ffff]
[    0.660168] pci 0000:00:13.0: reg 0x14: [io  0x0000-0x003f]
[    0.660781] pci 0000:00:13.0: reg 0x30: [mem 0x00000000-0x0003ffff pref]
[    0.664067] pci 0000:00:14.0: [8086:100e] type 00 class 0x020000
[    0.664661] pci 0000:00:14.0: reg 0x10: [mem 0x00000000-0x0001ffff]
[    0.665204] pci 0000:00:14.0: reg 0x14: [io  0x0000-0x003f]
[    0.665815] pci 0000:00:14.0: reg 0x30: [mem 0x00000000-0x0003ffff pref]
[    0.669228] pci 0000:00:15.0: [8086:100e] type 00 class 0x020000
[    0.669823] pci 0000:00:15.0: reg 0x10: [mem 0x00000000-0x0001ffff]
[    0.670364] pci 0000:00:15.0: reg 0x14: [io  0x0000-0x003f]
[    0.671175] pci 0000:00:15.0: reg 0x30: [mem 0x00000000-0x0003ffff pref]
[    0.674309] pci 0000:00:16.0: [8086:100e] type 00 class 0x020000
[    0.674939] pci 0000:00:16.0: reg 0x10: [mem 0x00000000-0x0001ffff]
[    0.675626] pci 0000:00:16.0: reg 0x14: [io  0x0000-0x003f]
[    0.676237] pci 0000:00:16.0: reg 0x30: [mem 0x00000000-0x0003ffff pref]
[    0.679737] pci_bus 0000:00: busn_res: [bus 00-ff] end is updated to 00
[    0.681269] pci 0000:00:12.0: BAR 0: assigned [mem 0x10000000-0x11ffffff pref]
[    0.682017] pci 0000:00:13.0: BAR 6: assigned [mem 0x12000000-0x1203ffff pref]
[    0.682683] pci 0000:00:14.0: BAR 6: assigned [mem 0x12040000-0x1207ffff pref]
[    0.683348] pci 0000:00:15.0: BAR 6: assigned [mem 0x12080000-0x120bffff pref]
[    0.684120] pci 0000:00:16.0: BAR 6: assigned [mem 0x120c0000-0x120fffff pref]
[    0.684731] pci 0000:00:13.0: BAR 0: assigned [mem 0x12100000-0x1211ffff]
[    0.685335] pci 0000:00:14.0: BAR 0: assigned [mem 0x12120000-0x1213ffff]
[    0.685943] pci 0000:00:15.0: BAR 0: assigned [mem 0x12140000-0x1215ffff]
[    0.686552] pci 0000:00:16.0: BAR 0: assigned [mem 0x12160000-0x1217ffff]
[    0.687179] pci 0000:00:12.0: BAR 6: assigned [mem 0x12180000-0x1218ffff pref]
[    0.688015] pci 0000:00:12.0: BAR 1: assigned [mem 0x12190000-0x12190fff]
[    0.688669] pci 0000:00:13.0: BAR 1: assigned [io  0x1040-0x107f]
[    0.689258] pci 0000:00:14.0: BAR 1: assigned [io  0x1080-0x10bf]
[    0.689852] pci 0000:00:15.0: BAR 1: assigned [io  0x10c0-0x10ff]
[    0.690418] pci 0000:00:16.0: BAR 1: assigned [io  0x1400-0x143f]
[    0.690987] pci 0000:00:0a.2: BAR 4: assigned [io  0x1440-0x145f]
[    0.691552] pci 0000:00:0a.1: BAR 4: assigned [io  0x1460-0x146f]
[    0.710307] cfg80211: Calling CRDA to update world regulatory domain
[    0.725311] Switched to clocksource MIPS
[    0.850841] NET: Registered protocol family 2
[    0.863814] TCP established hash table entries: 2048 (order: 1, 8192 bytes)
[    0.864977] TCP bind hash table entries: 2048 (order: 1, 8192 bytes)
[    0.866312] TCP: Hash tables configured (established 2048 bind 2048)
[    0.867419] UDP hash table entries: 256 (order: 0, 4096 bytes)
[    0.868119] UDP-Lite hash table entries: 256 (order: 0, 4096 bytes)
[    0.872391] NET: Registered protocol family 1
[    0.874404] PCI: Enabling device 0000:00:0a.2 (0000 -> 0001)
[    0.876033] PCI: CLS 0 bytes, default 16
[    0.912316] futex hash table entries: 256 (order: -1, 3072 bytes)
[    0.930458] squashfs: version 4.0 (2009/01/31) Phillip Lougher
[    0.933089] jffs2: version 2.2. (NAND) Â© 2001-2006 Red Hat, Inc.
[    0.936732] romfs: ROMFS MTD (C) 2007 Red Hat, Inc.
[    0.962918] Block layer SCSI generic (bsg) driver version 0.4 loaded (major 251)
[    0.963567] io scheduler noop registered
[    0.964300] io scheduler cfq registered (default)
[    0.965546] firmadyne: devfs: 1, execute: 1, procfs: 1, syscall: 1
[    0.971551] firmadyne: Cannot register character device: gpio, 0xfc, 0x0!
[    0.980639] firmadyne: Cannot register character device: watchdog, 0xa, 0x82!
[    0.981155] firmadyne: Cannot register character device: wdt, 0xfd, 0x0!
[    2.816356] strName = 4.1.17+
[    2.816356] init_task_addr  = 2155778944
[    2.816356] init_task_size  = 1296
[    2.816356] ts_tasks        = 292
[    2.816356] ts_pid          = 408
[    2.816356] ts_tgid         = 412
[    2.816356] ts_group_leader = 440
[    2.816356] ts_thread_group = 496
[    2.816356] ts_real_parent  = 416
[    2.816356] ts_mm           = 300
[    2.816356] ts_stack        = 4
[    2.819468] module_name   = 12
[    2.819468] module_size   = 208
[    2.819468] module_init   = 200
[    2.819468] module_list   = 4
[    2.820455] ts_real_cred    = 624
[    2.820455] ts_cred         = 628
[    2.820455] ts_comm         = 632
[    2.820455] cred_uid        = 4
[    2.820455] cred_gid        = 8
[    2.820455] cred_euid       = 20
[    2.820455] cred_egid       = 24
[    2.822314] mm_mmap         = 0
[    2.822314] mm_pgd          = 32
[    2.822314] mm_arg_start    = 136
[    2.822314] mm_start_brk    = 124
[    2.822314] mm_brk          = 128
[    2.822314] mm_start_stack  = 132
[    2.823667] vma_vm_start    = 0
[    2.823667] vma_vm_end      = 4
[    2.823667] vma_vm_next     = 8
[    2.823667] vma_vm_file     = 80
[    2.823667] vma_vm_flags    = 40
[    2.823667] vma_vm_pgoff    = 76
[    2.825079] file_dentry     = 12
[    2.825079] file_inode      = 40
[    2.825079] dentry_d_name   = 24
[    2.825079] dentry_d_iname  = 44
[    2.825079] dentry_d_parent = 16
[    2.825079] ti_task         = 0
[    2.825079] inode_ino   = 28
[    3.975141] proc_fork_connector  = 2151078840
[    3.975530] proc_exit_connector  = 2151080432
[    3.975871] proc_exec_connector  = 2151079052
[    3.976200] vma_link  = 2149124372
[    3.976486] vma_adjust  = 2149124540
[    3.976784] remove_vma  = 2149122188
[    3.977098] modules  = 2155833724
[    3.977534] trim_init_extable  = 2150545316
[    3.978881] cfg80211: Calling CRDA to update world regulatory domain
[    3.982643] PCI: Enabling device 0000:00:12.0 (0000 -> 0002)
[    3.983963] cirrusfb 0000:00:12.0: Cirrus Logic chipset on PCI bus, RAM (4096 kB) at 0x10000000
[    4.230283] Console: switching to colour frame buffer device 80x30
[    4.306118] Serial: 8250/16550 driver, 4 ports, IRQ sharing enabled
[    4.321981] console [ttyS0] disabled
[    4.349521] serial8250.0: ttyS0 at I/O 0x3f8 (irq = 4, base_baud = 115200) is a 16550A
[    4.350703] console [ttyS0] enabled
[    4.350703] console [ttyS0] enabled
[    4.351276] bootconsole [uart0] disabled
[    4.351276] bootconsole [uart0] disabled
[    4.382099] serial8250.0: ttyS1 at I/O 0x2f8 (irq = 3, base_baud = 115200) is a 16550A
[    4.516479] brd: module loaded
[    4.586926] loop: module loaded
[    4.594296] ata_piix 0000:00:0a.1: version 2.13
[    4.594895] PCI: Enabling device 0000:00:0a.1 (0000 -> 0001)
[    4.623494] scsi host0: ata_piix
[    4.629773] scsi host1: ata_piix
[    4.634008] ata1: PATA max UDMA/33 cmd 0x1f0 ctl 0x3f6 bmdma 0x1460 irq 14
[    4.634541] ata2: PATA max UDMA/33 cmd 0x170 ctl 0x376 bmdma 0x1468 irq 15
[    4.641914] [nandsim] warning: read_byte: unexpected data output cycle, state is STATE_READY return 0x0
[    4.642519] [nandsim] warning: read_byte: unexpected data output cycle, state is STATE_READY return 0x0
[    4.643097] [nandsim] warning: read_byte: unexpected data output cycle, state is STATE_READY return 0x0
[    4.643682] [nandsim] warning: read_byte: unexpected data output cycle, state is STATE_READY return 0x0
[    4.644254] [nandsim] warning: read_byte: unexpected data output cycle, state is STATE_READY return 0x0
[    4.644831] [nandsim] warning: read_byte: unexpected data output cycle, state is STATE_READY return 0x0
[    4.645817] nand: device found, Manufacturer ID: 0x98, Chip ID: 0x39
[    4.646262] nand: Toshiba NAND 128MiB 1,8V 8-bit
[    4.646683] nand: 128 MiB, SLC, erase size: 16 KiB, page size: 512, OOB size: 16
[    4.648440] flash size: 128 MiB
[    4.648713] page size: 512 bytes
[    4.648981] OOB area size: 16 bytes
[    4.649444] sector size: 16 KiB
[    4.649716] pages number: 262144
[    4.649980] pages per sector: 32
[    4.650266] bus width: 8
[    4.650516] bits in sector size: 14
[    4.650805] bits in page size: 9
[    4.651088] bits in OOB size: 4
[    4.651372] flash size with OOB: 135168 KiB
[    4.651696] page address bytes: 4
[    4.651977] sector address bytes: 3
[    4.652264] options: 0x42
[    4.746114] Scanning device for bad blocks
[    6.107136] ata2.01: NODEV after polling detection
[    6.109178] ata2.00: ATAPI: QEMU DVD-ROM, 2.5+, max UDMA/100
[    6.110818] ata1.01: NODEV after polling detection
[    6.112340] ata1.00: ATA-7: QEMU HARDDISK, 2.5+, max UDMA/100
[    6.112856] ata1.00: 2097152 sectors, multi 16: LBA48 
[    6.120240] ata2.00: configured for UDMA/33
[    6.123947] ata1.00: configured for UDMA/33
[    6.132975] scsi 0:0:0:0: Direct-Access     ATA      QEMU HARDDISK    2.5+ PQ: 0 ANSI: 5
[    6.151210] sd 0:0:0:0: [sda] 2097152 512-byte logical blocks: (1.07 GB/1.00 GiB)
[    6.152969] scsi 1:0:0:0: CD-ROM            QEMU     QEMU DVD-ROM     2.5+ PQ: 0 ANSI: 5
[    6.167726] sd 0:0:0:0: [sda] Write Protect is off
[    6.168280] sd 0:0:0:0: [sda] Mode Sense: 00 3a 00 00
[    6.170125] sd 0:0:0:0: [sda] Write cache: enabled, read cache: enabled, doesn't support DPO or FUA
[    6.183157]  sda: sda1
[    6.197952] sd 0:0:0:0: [sda] Attached SCSI disk
[    6.198548] Creating 11 MTD partitions on "NAND 128MiB 1,8V 8-bit":
[    6.199230] 0x000000000000-0x000000100000 : "NAND simulator partition 0"
[    6.211673] 0x000000100000-0x000000200000 : "NAND simulator partition 1"
[    6.223330] 0x000000200000-0x000000300000 : "NAND simulator partition 2"
[    6.235309] 0x000000300000-0x000000400000 : "NAND simulator partition 3"
[    6.247300] 0x000000400000-0x000000500000 : "NAND simulator partition 4"
[    6.259589] 0x000000500000-0x000000600000 : "NAND simulator partition 5"
[    6.271930] 0x000000600000-0x000000700000 : "NAND simulator partition 6"
[    6.284670] 0x000000700000-0x000000800000 : "NAND simulator partition 7"
[    6.297700] 0x000000800000-0x000000900000 : "NAND simulator partition 8"
[    6.309308] 0x000000900000-0x000000a00000 : "NAND simulator partition 9"
[    6.320992] 0x000000a00000-0x000008000000 : "NAND simulator partition 10"
[    6.372288] tun: Universal TUN/TAP device driver, 1.6
[    6.372676] tun: (C) 1999-2004 Max Krasnyansky <maxk@qualcomm.com>
[    6.376671] pcnet32: pcnet32.c:v1.35 21.Apr.2008 tsbogend@alpha.franken.de
[    6.378268] e1000: Intel(R) PRO/1000 Network Driver - version 7.3.21-k8-NAPI
[    6.378733] e1000: Copyright (c) 1999-2006 Intel Corporation.
[    6.379754] PCI: Enabling device 0000:00:13.0 (0000 -> 0003)
[    6.712330] e1000 0000:00:13.0 eth0: (PCI:33MHz:32-bit) 52:54:00:12:34:56
[    6.713121] e1000 0000:00:13.0 eth0: Intel(R) PRO/1000 Network Connection
[    6.714088] PCI: Enabling device 0000:00:14.0 (0000 -> 0003)
[    7.042167] e1000 0000:00:14.0 eth1: (PCI:33MHz:32-bit) 52:54:00:12:34:57
[    7.042758] e1000 0000:00:14.0 eth1: Intel(R) PRO/1000 Network Connection
[    7.043520] PCI: Enabling device 0000:00:15.0 (0000 -> 0003)
[    7.327517] cfg80211: Calling CRDA to update world regulatory domain
[    7.380033] e1000 0000:00:15.0 eth2: (PCI:33MHz:32-bit) 52:54:00:12:34:58
[    7.380617] e1000 0000:00:15.0 eth2: Intel(R) PRO/1000 Network Connection
[    7.381537] PCI: Enabling device 0000:00:16.0 (0000 -> 0003)
[    7.714859] e1000 0000:00:16.0 eth3: (PCI:33MHz:32-bit) 52:54:00:12:34:59
[    7.715502] e1000 0000:00:16.0 eth3: Intel(R) PRO/1000 Network Connection
[    7.717405] e1000e: Intel(R) PRO/1000 Network Driver - 2.3.2-k
[    7.717856] e1000e: Copyright(c) 1999 - 2014 Intel Corporation.
[    7.723512] PPP generic driver version 2.4.2
[    7.726265] PPP Deflate Compression module registered
[    7.727028] PPP MPPE Compression module registered
[    7.727501] NET: Registered protocol family 24
[    7.728354] ehci_hcd: USB 2.0 'Enhanced' Host Controller (EHCI) Driver
[    7.728937] ehci-pci: EHCI PCI platform driver
[    7.730530] ohci_hcd: USB 1.1 'Open' Host Controller (OHCI) Driver
[    7.731087] ohci-pci: OHCI PCI platform driver
[    7.732452] uhci_hcd: USB Universal Host Controller Interface driver
[    7.734497] uhci_hcd 0000:00:0a.2: UHCI Host Controller
[    7.735384] uhci_hcd 0000:00:0a.2: new USB bus registered, assigned bus number 1
[    7.736583] uhci_hcd 0000:00:0a.2: irq 11, io base 0x00001440
[    7.750360] hub 1-0:1.0: USB hub found
[    7.751297] hub 1-0:1.0: 2 ports detected
[    7.763524] usbcore: registered new interface driver usb-storage
[    7.768704] mousedev: PS/2 mouse device common for all mice
[    7.776584] rtc_cmos rtc_cmos: rtc core: registered rtc_cmos as rtc0
[    7.777590] rtc_cmos rtc_cmos: alarms up to one day, 242 bytes nvram
[    7.779271] i2c /dev entries driver
[    7.780756] piix4_smbus 0000:00:0a.3: SMBus Host Controller at 0x1100, revision 0
[    7.786706] sdhci: Secure Digital Host Controller Interface driver
[    7.787113] sdhci: Copyright(c) Pierre Ossman
[    7.790087] hidraw: raw HID events driver (C) Jiri Kosina
[    7.812944] usbcore: registered new interface driver usbhid
[    7.813499] usbhid: USB HID core driver
[    7.814781] Netfilter messages via NETLINK v0.30.
[    7.816359] nf_conntrack version 0.5.0 (3923 buckets, 15692 max)
[    7.820572] ctnetlink v0.93: registering with nfnetlink.
[    7.827736] ipip: IPv4 over IPv4 tunneling driver
[    7.843428] ip_tables: (C) 2000-2006 Netfilter Core Team
[    7.846916] arp_tables: (C) 2002 David S. Miller
[    7.849373] Initializing XFRM netlink socket
[    7.850926] NET: Registered protocol family 10
[    7.881009] ip6_tables: (C) 2000-2006 Netfilter Core Team
[    7.885780] sit: IPv6 over IPv4 tunneling driver
[    7.907119] NET: Registered protocol family 17
[    7.908197] bridge: automatic filtering via arp/ip/ip6tables has been deprecated. Update your scripts to load br_netfilter if you need this.
[    7.909592] Bridge firewalling registered
[    7.910073] Ebtables v2.0 registered
[    7.912696] 8021q: 802.1Q VLAN Support v1.8
[    7.939827] rtc_cmos rtc_cmos: setting system clock to 2025-07-23 05:30:04 UTC (1753248604)
[    7.966133] EXT2-fs (sda1): warning: mounting unchecked fs, running e2fsck is recommended
[    7.968433] VFS: Mounted root (ext2 filesystem) on device 8:1.
[    7.980068] Freeing YAMON memory: 956k freed
[    7.993325] Freeing unused kernel memory: 260K (8081f000 - 80860000)
[    8.030349] firmadyne: sys_reboot[PID: 1 (init)]: magic1:fee1dead, magic2:28121969, cmd:0
init started: BusyBox v1.14.1 (2024-07-07 02:43:58 CEST)
starting pid 48, tty '': '/etc/init.d/rcS'
[    8.131994] firmadyne: do_execve: /firmadyne/console
[    8.132650] OFFSETS: offset of pid: 0x198 offset of comm: 0x278
[/etc/init.d/S03config.sh]
Mounting proc and var ...
[   10.469797] cfg80211: Calling CRDA to update world regulatory domain
SymbLink /dev/mtdblock/0
SymbLink /dev/mtdblock/1
SymbLink /dev/mtdblock/10
SymbLink /dev/mtdblock/2
SymbLink /dev/mtdblock/3[   13.313509] spurious 8259A interrupt: IRQ7.

SymbLink /dev/mtdblock/4
SymbLink /dev/mtdblock/5
[   13.613733] cfg80211: Calling CRDA to update world regulatory domain
SymbLink /dev/mtdblock/6
SymbLink /dev/mtdblock/7
SymbLink /dev/mtdblock/8
SymbLink /dev/mtdblock/9
Inserting kernel modules ...
Inserting Rebootm ...
Inserting atheros ethernet ...
Inserting gpio ...
done.
Start xmldb ...
[   14.847640] firmadyne: sys_socket[PID: 147 (xmldb)]: family:1, type:2, protocol:0
[   15.840867] random: nonblocking pool is initialized
[/etc/scripts/misc/profile.sh] get ...
DEVCONF: unable to read config data (ret=-3) !
CAN NOT get devive config, generate default!
[/etc/scripts/misc/profile.sh] reset ...
[   16.377862] firmadyne: sys_socket[PID: 159 (rgdb)]: family:1, type:2, protocol:0
[/etc/scripts/misc/defnodes.sh] ...
[/etc/defnodes/S10setext.sh] ...
[   16.757800] cfg80211: Calling CRDA to update world regulatory domain
[   16.806310] firmadyne: sys_socket[PID: 165 (xmldbc)]: family:1, type:2, protocol:0
[   16.867119] firmadyne: sys_socket[PID: 167 (xmldbc)]: family:1, type:2, protocol:0
[   16.926013] firmadyne: sys_socket[PID: 168 (xmldbc)]: family:1, type:2, protocol:0
[   16.988844] firmadyne: sys_socket[PID: 169 (xmldbc)]: family:1, type:2, protocol:0
[   17.047631] firmadyne: sys_socket[PID: 170 (xmldbc)]: family:1, type:2, protocol:0
[   17.106626] firmadyne: sys_socket[PID: 171 (xmldbc)]: family:1, type:2, protocol:0
[   17.164818] firmadyne: sys_socket[PID: 172 (xmldbc)]: family:1, type:2, protocol:0
[   17.225086] firmadyne: sys_socket[PID: 173 (xmldbc)]: family:1, type:2, protocol:0
[   17.283468] firmadyne: sys_socket[PID: 174 (xmldbc)]: family:1, type:2, protocol:0
[   17.342523] firmadyne: sys_socket[PID: 175 (xmldbc)]: family:1, type:2, protocol:0
[   17.401786] firmadyne: sys_socket[PID: 176 (xmldbc)]: family:1, type:2, protocol:0
[   17.462367] firmadyne: sys_socket[PID: 177 (xmldbc)]: family:1, type:2, protocol:0
[   17.521257] firmadyne: sys_socket[PID: 178 (xmldbc)]: family:1, type:2, protocol:0
[   17.579111] firmadyne: sys_socket[PID: 179 (xmldbc)]: family:1, type:2, protocol:0
[   17.640090] firmadyne: sys_socket[PID: 180 (xmldbc)]: family:1, type:2, protocol:0
[   17.698978] firmadyne: sys_socket[PID: 181 (xmldbc)]: family:1, type:2, protocol:0
[   17.759103] firmadyne: sys_socket[PID: 182 (xmldbc)]: family:1, type:2, protocol:0
[   17.819344] firmadyne: sys_socket[PID: 183 (xmldbc)]: family:1, type:2, protocol:0
[   17.878105] firmadyne: sys_socket[PID: 184 (xmldbc)]: family:1, type:2, protocol:0
[   17.937679] firmadyne: sys_socket[PID: 185 (xmldbc)]: family:1, type:2, protocol:0
[   18.002074] firmadyne: sys_socket[PID: 186 (xmldbc)]: family:1, type:2, protocol:0
[   18.061811] firmadyne: sys_socket[PID: 187 (rgdb)]: family:1, type:2, protocol:0
[   18.121793] firmadyne: sys_socket[PID: 188 (rgdb)]: family:1, type:2, protocol:0
[   18.180900] firmadyne: sys_socket[PID: 189 (rgdb)]: family:1, type:2, protocol:0
[   18.242654] firmadyne: sys_socket[PID: 190 (rgdb)]: family:1, type:2, protocol:0
[   18.301182] firmadyne: sys_socket[PID: 191 (rgdb)]: family:1, type:2, protocol:0
[   18.359875] firmadyne: sys_socket[PID: 192 (rgdb)]: family:1, type:2, protocol:0
[   18.420390] firmadyne: sys_socket[PID: 193 (rgdb)]: family:1, type:2, protocol:0
[   18.479561] firmadyne: sys_socket[PID: 194 (rgdb)]: family:1, type:2, protocol:0
[   18.537942] firmadyne: sys_socket[PID: 195 (rgdb)]: family:1, type:2, protocol:0
[   18.598220] firmadyne: sys_socket[PID: 196 (rgdb)]: family:1, type:2, protocol:0
[   18.657013] firmadyne: sys_socket[PID: 197 (rgdb)]: family:1, type:2, protocol:0
[   18.716341] firmadyne: sys_socket[PID: 198 (rgdb)]: family:1, type:2, protocol:0
[   18.769538] firmadyne: sys_socket[PID: 199 (rgdb)]: family:1, type:2, protocol:0
[   18.828134] firmadyne: sys_socket[PID: 200 (rgdb)]: family:1, type:2, protocol:0
[   18.959178] firmadyne: sys_socket[PID: 202 (xmldbc)]: family:1, type:2, protocol:0
[   19.025794] firmadyne: sys_socket[PID: 203 (xmldbc)]: family:1, type:2, protocol:0
[   19.086152] firmadyne: sys_socket[PID: 204 (xmldbc)]: family:1, type:2, protocol:0
[   19.144862] firmadyne: sys_socket[PID: 205 (xmldbc)]: family:1, type:2, protocol:0
[   19.205571] firmadyne: sys_socket[PID: 206 (xmldbc)]: family:1, type:2, protocol:0
[   19.266018] firmadyne: sys_socket[PID: 207 (xmldbc)]: family:1, type:2, protocol:0
[   19.326337] firmadyne: sys_socket[PID: 208 (xmldbc)]: family:1, type:2, protocol:0
[   19.384567] firmadyne: sys_socket[PID: 209 (xmldbc)]: family:1, type:2, protocol:0
[   19.445778] firmadyne: sys_socket[PID: 210 (xmldbc)]: family:1, type:2, protocol:0
[   19.505700] firmadyne: sys_socket[PID: 211 (xmldbc)]: family:1, type:2, protocol:0
[   19.566248] firmadyne: sys_socket[PID: 212 (xmldbc)]: family:1, type:2, protocol:0
[   19.628789] firmadyne: sys_socket[PID: 213 (xmldbc)]: family:1, type:2, protocol:0
[   19.690429] firmadyne: sys_socket[PID: 214 (xmldbc)]: family:1, type:2, protocol:0
[   19.751518] firmadyne: sys_socket[PID: 215 (xmldbc)]: family:1, type:2, protocol:0
[   19.813780] firmadyne: sys_socket[PID: 216 (xmldbc)]: family:1, type:2, protocol:0
[   19.872582] firmadyne: sys_socket[PID: 217 (xmldbc)]: family:1, type:2, protocol:0
[   19.901760] cfg80211: Calling CRDA to update world regulatory domain
[   19.945847] firmadyne: sys_socket[PID: 218 (xmldbc)]: family:1, type:2, protocol:0
[   20.008490] firmadyne: sys_socket[PID: 220 (xmldbc)]: family:1, type:2, protocol:0
[   20.222059] firmadyne: sys_socket[PID: 225 (xmldbc)]: family:1, type:2, protocol:0
[   20.280678] firmadyne: sys_socket[PID: 226 (xmldbc)]: family:1, type:2, protocol:0
[   20.339877] firmadyne: sys_socket[PID: 227 (xmldbc)]: family:1, type:2, protocol:0
[   20.400071] firmadyne: sys_socket[PID: 228 (xmldbc)]: family:1, type:2, protocol:0
[   20.458997] firmadyne: sys_socket[PID: 229 (xmldbc)]: family:1, type:2, protocol:0
[   20.515971] firmadyne: sys_socket[PID: 230 (xmldbc)]: family:1, type:2, protocol:0
[   20.574153] firmadyne: sys_socket[PID: 231 (xmldbc)]: family:1, type:2, protocol:0
[   20.634499] firmadyne: sys_socket[PID: 232 (xmldbc)]: family:1, type:2, protocol:0
[   20.692700] firmadyne: sys_socket[PID: 233 (xmldbc)]: family:1, type:2, protocol:0
[   20.751466] firmadyne: sys_socket[PID: 234 (xmldbc)]: family:1, type:2, protocol:0
[   20.810871] firmadyne: sys_socket[PID: 235 (xmldbc)]: family:1, type:2, protocol:0
[   37.271880] cfg80211: Calling CRDA to update world regulatory domain
[   37.283674] firmadyne: sys_socket[PID: 236 (xmldbc)]: family:1, type:2, protocol:0
[   37.349801] firmadyne: sys_socket[PID: 238 (xmldbc)]: family:1, type:2, protocol:0
[   37.408022] firmadyne: sys_socket[PID: 239 (xmldbc)]: family:1, type:2, protocol:0
[   37.468551] firmadyne: sys_socket[PID: 240 (xmldbc)]: family:1, type:2, protocol:0
[   37.521901] firmadyne: sys_socket[PID: 241 (xmldbc)]: family:1, type:2, protocol:0
[   52.847403] cfg80211: Calling CRDA to update world regulatory domain
[   52.866284] firmadyne: sys_socket[PID: 242 (xmldbc)]: family:1, type:2, protocol:0
[   52.926328] firmadyne: sys_socket[PID: 244 (xmldbc)]: family:1, type:2, protocol:0
[   52.984451] firmadyne: sys_socket[PID: 245 (xmldbc)]: family:1, type:2, protocol:0
[   53.124058] firmadyne: sys_socket[PID: 249 (xmldbc)]: family:1, type:2, protocol:0
[   66.967675] cfg80211: Calling CRDA to update world regulatory domain
[   66.983348] firmadyne: sys_socket[PID: 250 (xmldbc)]: family:1, type:2, protocol:0
[   67.047039] firmadyne: sys_socket[PID: 252 (xmldbc)]: family:1, type:2, protocol:0
[   67.105587] firmadyne: sys_socket[PID: 253 (xmldbc)]: family:1, type:2, protocol:0
[   67.164476] firmadyne: sys_socket[PID: 254 (xmldbc)]: family:1, type:2, protocol:0
[   67.224464] firmadyne: sys_socket[PID: 255 (xmldbc)]: family:1, type:2, protocol:0
[   67.283852] firmadyne: sys_socket[PID: 256 (xmldbc)]: family:1, type:2, protocol:0
[   67.343501] firmadyne: sys_socket[PID: 257 (xmldbc)]: family:1, type:2, protocol:0
[   67.403580] firmadyne: sys_socket[PID: 258 (xmldbc)]: family:1, type:2, protocol:0
[   67.462968] firmadyne: sys_socket[PID: 259 (xmldbc)]: family:1, type:2, protocol:0
[   67.524385] firmadyne: sys_socket[PID: 260 (xmldbc)]: family:1, type:2, protocol:0
[   67.584272] firmadyne: sys_socket[PID: 261 (xmldbc)]: family:1, type:2, protocol:0
[   67.644026] firmadyne: sys_socket[PID: 262 (xmldbc)]: family:1, type:2, protocol:0
[   67.704595] firmadyne: sys_socket[PID: 263 (xmldbc)]: family:1, type:2, protocol:0
[   67.764815] firmadyne: sys_socket[PID: 264 (xmldbc)]: family:1, type:2, protocol:0
[   67.823597] firmadyne: sys_socket[PID: 265 (xmldbc)]: family:1, type:2, protocol:0
[   67.882285] firmadyne: sys_socket[PID: 266 (xmldbc)]: family:1, type:2, protocol:0
[   67.940988] firmadyne: sys_socket[PID: 267 (xmldbc)]: family:1, type:2, protocol:0
[   68.000742] firmadyne: sys_socket[PID: 268 (xmldbc)]: family:1, type:2, protocol:0
[   68.138646] firmadyne: sys_socket[PID: 272 (xmldbc)]: family:1, type:2, protocol:0
[   68.198471] firmadyne: sys_socket[PID: 273 (xmldbc)]: family:1, type:2, protocol:0
[   68.257818] firmadyne: sys_socket[PID: 274 (xmldbc)]: family:1, type:2, protocol:0
[   68.316543] firmadyne: sys_socket[PID: 275 (xmldbc)]: family:1, type:2, protocol:0
[   68.376144] firmadyne: sys_socket[PID: 276 (xmldbc)]: family:1, type:2, protocol:0
[   68.434742] firmadyne: sys_socket[PID: 277 (xmldbc)]: family:1, type:2, protocol:0
[   68.494206] firmadyne: sys_socket[PID: 278 (xmldbc)]: family:1, type:2, protocol:0
[   68.555303] firmadyne: sys_socket[PID: 279 (xmldbc)]: family:1, type:2, protocol:0
[   68.615608] firmadyne: sys_socket[PID: 280 (xmldbc)]: family:1, type:2, protocol:0
[   68.674563] firmadyne: sys_socket[PID: 281 (xmldbc)]: family:1, type:2, protocol:0
[   68.733996] firmadyne: sys_socket[PID: 282 (xmldbc)]: family:1, type:2, protocol:0
[   68.794338] firmadyne: sys_socket[PID: 283 (xmldbc)]: family:1, type:2, protocol:0
[   68.853980] firmadyne: sys_socket[PID: 284 (xmldbc)]: family:1, type:2, protocol:0
[   68.912785] firmadyne: sys_socket[PID: 285 (xmldbc)]: family:1, type:2, protocol:0
[   68.974025] firmadyne: sys_socket[PID: 286 (xmldbc)]: family:1, type:2, protocol:0
[   69.032543] firmadyne: sys_socket[PID: 287 (xmldbc)]: family:1, type:2, protocol:0
[   69.091011] firmadyne: sys_socket[PID: 288 (xmldbc)]: family:1, type:2, protocol:0
[   69.150598] firmadyne: sys_socket[PID: 289 (xmldbc)]: family:1, type:2, protocol:0
[   69.211041] firmadyne: sys_socket[PID: 290 (xmldbc)]: family:1, type:2, protocol:0
[   69.350271] firmadyne: sys_socket[PID: 294 (xmldbc)]: family:1, type:2, protocol:0
[   69.409539] firmadyne: sys_socket[PID: 295 (xmldbc)]: family:1, type:2, protocol:0
[   69.468569] firmadyne: sys_socket[PID: 296 (xmldbc)]: family:1, type:2, protocol:0
[   69.529200] firmadyne: sys_socket[PID: 297 (xmldbc)]: family:1, type:2, protocol:0
[   69.588923] firmadyne: sys_socket[PID: 298 (xmldbc)]: family:1, type:2, protocol:0
[   69.647140] firmadyne: sys_socket[PID: 299 (xmldbc)]: family:1, type:2, protocol:0
[   69.706175] firmadyne: sys_socket[PID: 300 (xmldbc)]: family:1, type:2, protocol:0
[   69.766530] firmadyne: sys_socket[PID: 301 (xmldbc)]: family:1, type:2, protocol:0
[   69.832116] firmadyne: sys_socket[PID: 302 (xmldbc)]: family:1, type:2, protocol:0
[   69.891489] firmadyne: sys_socket[PID: 303 (xmldbc)]: family:1, type:2, protocol:0
[   69.951138] firmadyne: sys_socket[PID: 304 (xmldbc)]: family:1, type:2, protocol:0
[   70.011051] firmadyne: sys_socket[PID: 305 (xmldbc)]: family:1, type:2, protocol:0
[   70.068999] firmadyne: sys_socket[PID: 306 (xmldbc)]: family:1, type:2, protocol:0
[   70.109598] cfg80211: Calling CRDA to update world regulatory domain
[   70.142144] firmadyne: sys_socket[PID: 307 (xmldbc)]: family:1, type:2, protocol:0
[   70.203199] firmadyne: sys_socket[PID: 309 (xmldbc)]: family:1, type:2, protocol:0
[   70.261249] firmadyne: sys_socket[PID: 310 (xmldbc)]: family:1, type:2, protocol:0
[   70.320313] firmadyne: sys_socket[PID: 311 (xmldbc)]: family:1, type:2, protocol:0
[   70.380006] firmadyne: sys_socket[PID: 312 (xmldbc)]: family:1, type:2, protocol:0
[   70.438962] firmadyne: sys_socket[PID: 313 (xmldbc)]: family:1, type:2, protocol:0
[   70.581600] firmadyne: sys_socket[PID: 317 (xmldbc)]: family:1, type:2, protocol:0
[   70.640845] firmadyne: sys_socket[PID: 318 (xmldbc)]: family:1, type:2, protocol:0
[   70.698950] firmadyne: sys_socket[PID: 319 (xmldbc)]: family:1, type:2, protocol:0
[   70.757829] firmadyne: sys_socket[PID: 320 (xmldbc)]: family:1, type:2, protocol:0
[   70.812742] firmadyne: sys_socket[PID: 321 (xmldbc)]: family:1, type:2, protocol:0
[   70.871497] firmadyne: sys_socket[PID: 322 (xmldbc)]: family:1, type:2, protocol:0
[   70.929989] firmadyne: sys_socket[PID: 323 (xmldbc)]: family:1, type:2, protocol:0
[   70.990142] firmadyne: sys_socket[PID: 324 (xmldbc)]: family:1, type:2, protocol:0
[   71.049687] firmadyne: sys_socket[PID: 325 (xmldbc)]: family:1, type:2, protocol:0
[   71.107999] firmadyne: sys_socket[PID: 326 (xmldbc)]: family:1, type:2, protocol:0
[   71.167406] firmadyne: sys_socket[PID: 327 (xmldbc)]: family:1, type:2, protocol:0
[   71.226471] firmadyne: sys_socket[PID: 328 (xmldbc)]: family:1, type:2, protocol:0
[   71.286299] firmadyne: sys_socket[PID: 329 (xmldbc)]: family:1, type:2, protocol:0
[   71.348405] firmadyne: sys_socket[PID: 330 (xmldbc)]: family:1, type:2, protocol:0
[   71.407899] firmadyne: sys_socket[PID: 331 (xmldbc)]: family:1, type:2, protocol:0
[   71.466425] firmadyne: sys_socket[PID: 332 (xmldbc)]: family:1, type:2, protocol:0
[   71.526351] firmadyne: sys_socket[PID: 333 (xmldbc)]: family:1, type:2, protocol:0
[   71.588053] firmadyne: sys_socket[PID: 334 (xmldbc)]: family:1, type:2, protocol:0
[   71.642439] firmadyne: sys_socket[PID: 335 (xmldbc)]: family:1, type:2, protocol:0
[   71.782927] firmadyne: sys_socket[PID: 339 (xmldbc)]: family:1, type:2, protocol:0
[   71.841677] firmadyne: sys_socket[PID: 340 (xmldbc)]: family:1, type:2, protocol:0
[   71.900394] firmadyne: sys_socket[PID: 341 (xmldbc)]: family:1, type:2, protocol:0
[   71.958309] firmadyne: sys_socket[PID: 342 (xmldbc)]: family:1, type:2, protocol:0
[   72.018259] firmadyne: sys_socket[PID: 343 (xmldbc)]: family:1, type:2, protocol:0
[   72.076747] firmadyne: sys_socket[PID: 344 (xmldbc)]: family:1, type:2, protocol:0
[   72.136610] firmadyne: sys_socket[PID: 345 (xmldbc)]: family:1, type:2, protocol:0
[   72.197215] firmadyne: sys_socket[PID: 346 (xmldbc)]: family:1, type:2, protocol:0
[   72.255915] firmadyne: sys_socket[PID: 347 (xmldbc)]: family:1, type:2, protocol:0
[   72.314514] firmadyne: sys_socket[PID: 348 (xmldbc)]: family:1, type:2, protocol:0
[   72.375598] firmadyne: sys_socket[PID: 349 (xmldbc)]: family:1, type:2, protocol:0
[   72.434696] firmadyne: sys_socket[PID: 350 (xmldbc)]: family:1, type:2, protocol:0
[   72.493594] firmadyne: sys_socket[PID: 351 (xmldbc)]: family:1, type:2, protocol:0
[   72.554985] firmadyne: sys_socket[PID: 352 (xmldbc)]: family:1, type:2, protocol:0
[   72.617094] firmadyne: sys_socket[PID: 353 (xmldbc)]: family:1, type:2, protocol:0
[   72.678362] firmadyne: sys_socket[PID: 354 (xmldbc)]: family:1, type:2, protocol:0
[   72.738736] firmadyne: sys_socket[PID: 355 (xmldbc)]: family:1, type:2, protocol:0
[   72.798886] firmadyne: sys_socket[PID: 356 (xmldbc)]: family:1, type:2, protocol:0
[   72.859946] firmadyne: sys_socket[PID: 357 (xmldbc)]: family:1, type:2, protocol:0
[   72.999281] firmadyne: sys_socket[PID: 361 (xmldbc)]: family:1, type:2, protocol:0
[   73.058185] firmadyne: sys_socket[PID: 362 (xmldbc)]: family:1, type:2, protocol:0
[   73.117727] firmadyne: sys_socket[PID: 363 (xmldbc)]: family:1, type:2, protocol:0
[   73.176823] firmadyne: sys_socket[PID: 364 (xmldbc)]: family:1, type:2, protocol:0
[   73.235729] firmadyne: sys_socket[PID: 365 (xmldbc)]: family:1, type:2, protocol:0
[   73.253662] cfg80211: Exceeded CRDA call max attempts. Not calling CRDA
[   73.294867] firmadyne: sys_socket[PID: 366 (xmldbc)]: family:1, type:2, protocol:0
[   73.354140] firmadyne: sys_socket[PID: 367 (xmldbc)]: family:1, type:2, protocol:0
[   73.413922] firmadyne: sys_socket[PID: 368 (xmldbc)]: family:1, type:2, protocol:0
[   73.473198] firmadyne: sys_socket[PID: 369 (xmldbc)]: family:1, type:2, protocol:0
[   73.532661] firmadyne: sys_socket[PID: 370 (xmldbc)]: family:1, type:2, protocol:0
[   73.595527] firmadyne: sys_socket[PID: 371 (xmldbc)]: family:1, type:2, protocol:0
[   73.653678] firmadyne: sys_socket[PID: 372 (xmldbc)]: family:1, type:2, protocol:0
[   73.712200] firmadyne: sys_socket[PID: 373 (xmldbc)]: family:1, type:2, protocol:0
[   73.772432] firmadyne: sys_socket[PID: 374 (xmldbc)]: family:1, type:2, protocol:0
[   73.832030] firmadyne: sys_socket[PID: 375 (xmldbc)]: family:1, type:2, protocol:0
[   73.889939] firmadyne: sys_socket[PID: 376 (xmldbc)]: family:1, type:2, protocol:0
[   73.948003] firmadyne: sys_socket[PID: 377 (xmldbc)]: family:1, type:2, protocol:0
[   74.008184] firmadyne: sys_socket[PID: 378 (xmldbc)]: family:1, type:2, protocol:0
[   74.067572] firmadyne: sys_socket[PID: 379 (xmldbc)]: family:1, type:2, protocol:0
[   74.207175] firmadyne: sys_socket[PID: 383 (xmldbc)]: family:1, type:2, protocol:0
[   74.264881] firmadyne: sys_socket[PID: 384 (xmldbc)]: family:1, type:2, protocol:0
[   74.323647] firmadyne: sys_socket[PID: 385 (xmldbc)]: family:1, type:2, protocol:0
[   74.384200] firmadyne: sys_socket[PID: 386 (xmldbc)]: family:1, type:2, protocol:0
[   74.442282] firmadyne: sys_socket[PID: 387 (xmldbc)]: family:1, type:2, protocol:0
[   74.500180] firmadyne: sys_socket[PID: 388 (xmldbc)]: family:1, type:2, protocol:0
[   74.560148] firmadyne: sys_socket[PID: 389 (xmldbc)]: family:1, type:2, protocol:0
[   74.623485] firmadyne: sys_socket[PID: 390 (xmldbc)]: family:1, type:2, protocol:0
[   74.682446] firmadyne: sys_socket[PID: 391 (xmldbc)]: family:1, type:2, protocol:0
[   74.741137] firmadyne: sys_socket[PID: 392 (xmldbc)]: family:1, type:2, protocol:0
[   74.800882] firmadyne: sys_socket[PID: 393 (xmldbc)]: family:1, type:2, protocol:0
[   74.861213] firmadyne: sys_socket[PID: 394 (xmldbc)]: family:1, type:2, protocol:0
[   74.919878] firmadyne: sys_socket[PID: 395 (xmldbc)]: family:1, type:2, protocol:0
[   74.979785] firmadyne: sys_socket[PID: 396 (xmldbc)]: family:1, type:2, protocol:0
[   75.038591] firmadyne: sys_socket[PID: 397 (xmldbc)]: family:1, type:2, protocol:0
[   75.098088] firmadyne: sys_socket[PID: 398 (xmldbc)]: family:1, type:2, protocol:0
[   75.156313] firmadyne: sys_socket[PID: 399 (xmldbc)]: family:1, type:2, protocol:0
[   75.211337] firmadyne: sys_socket[PID: 400 (xmldbc)]: family:1, type:2, protocol:0
[   75.270057] firmadyne: sys_socket[PID: 401 (xmldbc)]: family:1, type:2, protocol:0
[   75.409099] firmadyne: sys_socket[PID: 405 (xmldbc)]: family:1, type:2, protocol:0
[   75.467708] firmadyne: sys_socket[PID: 406 (xmldbc)]: family:1, type:2, protocol:0
[   75.526234] firmadyne: sys_socket[PID: 407 (xmldbc)]: family:1, type:2, protocol:0
[   75.583649] firmadyne: sys_socket[PID: 408 (xmldbc)]: family:1, type:2, protocol:0
[   75.643140] firmadyne: sys_socket[PID: 409 (xmldbc)]: family:1, type:2, protocol:0
[   75.704095] firmadyne: sys_socket[PID: 410 (xmldbc)]: family:1, type:2, protocol:0
[   75.766717] firmadyne: sys_socket[PID: 411 (xmldbc)]: family:1, type:2, protocol:0
[   75.825796] firmadyne: sys_socket[PID: 412 (xmldbc)]: family:1, type:2, protocol:0
[   75.884085] firmadyne: sys_socket[PID: 413 (xmldbc)]: family:1, type:2, protocol:0
[   75.937991] firmadyne: sys_socket[PID: 414 (xmldbc)]: family:1, type:2, protocol:0
[   75.998587] firmadyne: sys_socket[PID: 415 (xmldbc)]: family:1, type:2, protocol:0
[   76.058248] firmadyne: sys_socket[PID: 416 (xmldbc)]: family:1, type:2, protocol:0
[   76.116491] firmadyne: sys_socket[PID: 417 (xmldbc)]: family:1, type:2, protocol:0
[   76.176060] firmadyne: sys_socket[PID: 418 (xmldbc)]: family:1, type:2, protocol:0
[   76.234864] firmadyne: sys_socket[PID: 419 (xmldbc)]: family:1, type:2, protocol:0
[   76.294240] firmadyne: sys_socket[PID: 420 (xmldbc)]: family:1, type:2, protocol:0
[   76.352904] firmadyne: sys_socket[PID: 421 (xmldbc)]: family:1, type:2, protocol:0
[   76.413227] firmadyne: sys_socket[PID: 422 (xmldbc)]: family:1, type:2, protocol:0
[   76.471666] firmadyne: sys_socket[PID: 423 (xmldbc)]: family:1, type:2, protocol:0
[   76.614107] firmadyne: sys_socket[PID: 427 (xmldbc)]: family:1, type:2, protocol:0
[   76.672194] firmadyne: sys_socket[PID: 428 (xmldbc)]: family:1, type:2, protocol:0
[   76.731243] firmadyne: sys_socket[PID: 429 (xmldbc)]: family:1, type:2, protocol:0
[   76.792224] firmadyne: sys_socket[PID: 430 (xmldbc)]: family:1, type:2, protocol:0
[   76.851879] firmadyne: sys_socket[PID: 431 (xmldbc)]: family:1, type:2, protocol:0
[   76.909128] firmadyne: sys_socket[PID: 432 (xmldbc)]: family:1, type:2, protocol:0
[   76.968342] firmadyne: sys_socket[PID: 433 (xmldbc)]: family:1, type:2, protocol:0
[   77.027748] firmadyne: sys_socket[PID: 434 (xmldbc)]: family:1, type:2, protocol:0
[   77.086137] firmadyne: sys_socket[PID: 435 (xmldbc)]: family:1, type:2, protocol:0
[   77.147268] firmadyne: sys_socket[PID: 436 (xmldbc)]: family:1, type:2, protocol:0
[   77.207670] firmadyne: sys_socket[PID: 437 (xmldbc)]: family:1, type:2, protocol:0
[   77.267496] firmadyne: sys_socket[PID: 438 (xmldbc)]: family:1, type:2, protocol:0
[   77.326037] firmadyne: sys_socket[PID: 439 (xmldbc)]: family:1, type:2, protocol:0
[   77.380950] firmadyne: sys_socket[PID: 440 (xmldbc)]: family:1, type:2, protocol:0
[   77.438952] firmadyne: sys_socket[PID: 441 (xmldbc)]: family:1, type:2, protocol:0
[   77.497678] firmadyne: sys_socket[PID: 442 (xmldbc)]: family:1, type:2, protocol:0
[   77.556867] firmadyne: sys_socket[PID: 443 (xmldbc)]: family:1, type:2, protocol:0
[   77.620456] firmadyne: sys_socket[PID: 444 (xmldbc)]: family:1, type:2, protocol:0
[   77.678354] firmadyne: sys_socket[PID: 445 (xmldbc)]: family:1, type:2, protocol:0
[   77.818807] firmadyne: sys_socket[PID: 449 (xmldbc)]: family:1, type:2, protocol:0
[   77.877807] firmadyne: sys_socket[PID: 450 (xmldbc)]: family:1, type:2, protocol:0
[   77.935919] firmadyne: sys_socket[PID: 451 (xmldbc)]: family:1, type:2, protocol:0
[   77.995555] firmadyne: sys_socket[PID: 452 (xmldbc)]: family:1, type:2, protocol:0
[   78.054156] firmadyne: sys_socket[PID: 453 (xmldbc)]: family:1, type:2, protocol:0
[   78.113790] firmadyne: sys_socket[PID: 454 (xmldbc)]: family:1, type:2, protocol:0
[   78.173832] firmadyne: sys_socket[PID: 455 (xmldbc)]: family:1, type:2, protocol:0
[   78.232418] firmadyne: sys_socket[PID: 456 (xmldbc)]: family:1, type:2, protocol:0
[   78.290774] firmadyne: sys_socket[PID: 457 (xmldbc)]: family:1, type:2, protocol:0
[   78.350251] firmadyne: sys_socket[PID: 458 (xmldbc)]: family:1, type:2, protocol:0
[   78.409742] firmadyne: sys_socket[PID: 459 (xmldbc)]: family:1, type:2, protocol:0
[   78.467708] firmadyne: sys_socket[PID: 460 (xmldbc)]: family:1, type:2, protocol:0
[   78.526301] firmadyne: sys_socket[PID: 461 (xmldbc)]: family:1, type:2, protocol:0
[   78.587881] firmadyne: sys_socket[PID: 462 (xmldbc)]: family:1, type:2, protocol:0
[   78.649026] firmadyne: sys_socket[PID: 463 (xmldbc)]: family:1, type:2, protocol:0
[   78.707643] firmadyne: sys_socket[PID: 464 (xmldbc)]: family:1, type:2, protocol:0
[   78.767939] firmadyne: sys_socket[PID: 465 (xmldbc)]: family:1, type:2, protocol:0
[   78.828095] firmadyne: sys_socket[PID: 466 (xmldbc)]: family:1, type:2, protocol:0
[   78.887486] firmadyne: sys_socket[PID: 467 (xmldbc)]: family:1, type:2, protocol:0
[   79.027644] firmadyne: sys_socket[PID: 471 (xmldbc)]: family:1, type:2, protocol:0
[   79.086640] firmadyne: sys_socket[PID: 472 (xmldbc)]: family:1, type:2, protocol:0
[   79.145900] firmadyne: sys_socket[PID: 473 (xmldbc)]: family:1, type:2, protocol:0
[   79.205868] firmadyne: sys_socket[PID: 474 (xmldbc)]: family:1, type:2, protocol:0
[   79.264058] firmadyne: sys_socket[PID: 475 (xmldbc)]: family:1, type:2, protocol:0
[   79.323445] firmadyne: sys_socket[PID: 476 (xmldbc)]: family:1, type:2, protocol:0
[   79.384560] firmadyne: sys_socket[PID: 477 (xmldbc)]: family:1, type:2, protocol:0
[   79.438189] firmadyne: sys_socket[PID: 478 (xmldbc)]: family:1, type:2, protocol:0
[   79.496202] firmadyne: sys_socket[PID: 479 (xmldbc)]: family:1, type:2, protocol:0
[   79.555390] firmadyne: sys_socket[PID: 480 (xmldbc)]: family:1, type:2, protocol:0
[   79.616425] firmadyne: sys_socket[PID: 481 (xmldbc)]: family:1, type:2, protocol:0
[   79.679502] firmadyne: sys_socket[PID: 482 (xmldbc)]: family:1, type:2, protocol:0
[   79.744345] firmadyne: sys_socket[PID: 483 (xmldbc)]: family:1, type:2, protocol:0
[   79.804982] firmadyne: sys_socket[PID: 484 (xmldbc)]: family:1, type:2, protocol:0
[   79.864082] firmadyne: sys_socket[PID: 485 (xmldbc)]: family:1, type:2, protocol:0
[   79.923002] firmadyne: sys_socket[PID: 486 (xmldbc)]: family:1, type:2, protocol:0
[   79.983227] firmadyne: sys_socket[PID: 487 (xmldbc)]: family:1, type:2, protocol:0
[   80.042676] firmadyne: sys_socket[PID: 488 (xmldbc)]: family:1, type:2, protocol:0
[   80.101538] firmadyne: sys_socket[PID: 489 (xmldbc)]: family:1, type:2, protocol:0
[   80.243002] firmadyne: sys_socket[PID: 493 (xmldbc)]: family:1, type:2, protocol:0
[   80.301802] firmadyne: sys_socket[PID: 494 (xmldbc)]: family:1, type:2, protocol:0
[   80.360519] firmadyne: sys_socket[PID: 495 (xmldbc)]: family:1, type:2, protocol:0
[   80.422019] firmadyne: sys_socket[PID: 496 (xmldbc)]: family:1, type:2, protocol:0
[   80.480997] firmadyne: sys_socket[PID: 497 (xmldbc)]: family:1, type:2, protocol:0
[   80.539732] firmadyne: sys_socket[PID: 498 (xmldbc)]: family:1, type:2, protocol:0
[   80.600631] firmadyne: sys_socket[PID: 499 (xmldbc)]: family:1, type:2, protocol:0
[   80.677794] firmadyne: sys_socket[PID: 500 (xmldbc)]: family:1, type:2, protocol:0
[   80.734755] firmadyne: sys_socket[PID: 501 (xmldbc)]: family:1, type:2, protocol:0
[   80.794493] firmadyne: sys_socket[PID: 502 (xmldbc)]: family:1, type:2, protocol:0
[   80.853843] firmadyne: sys_socket[PID: 503 (xmldbc)]: family:1, type:2, protocol:0
[   80.911735] firmadyne: sys_socket[PID: 504 (xmldbc)]: family:1, type:2, protocol:0
[   80.972808] firmadyne: sys_socket[PID: 505 (xmldbc)]: family:1, type:2, protocol:0
[   81.031265] firmadyne: sys_socket[PID: 506 (xmldbc)]: family:1, type:2, protocol:0
[   81.089699] firmadyne: sys_socket[PID: 507 (xmldbc)]: family:1, type:2, protocol:0
[   81.147602] firmadyne: sys_socket[PID: 508 (xmldbc)]: family:1, type:2, protocol:0
[   81.208668] firmadyne: sys_socket[PID: 509 (xmldbc)]: family:1, type:2, protocol:0
[   81.267814] firmadyne: sys_socket[PID: 510 (xmldbc)]: family:1, type:2, protocol:0
[   81.327133] firmadyne: sys_socket[PID: 511 (xmldbc)]: family:1, type:2, protocol:0
[   81.475171] firmadyne: sys_socket[PID: 515 (xmldbc)]: family:1, type:2, protocol:0
[   81.538659] firmadyne: sys_socket[PID: 516 (xmldbc)]: family:1, type:2, protocol:0
[   81.599792] firmadyne: sys_socket[PID: 517 (xmldbc)]: family:1, type:2, protocol:0
[   81.661895] firmadyne: sys_socket[PID: 518 (xmldbc)]: family:1, type:2, protocol:0
[   81.721696] firmadyne: sys_socket[PID: 519 (xmldbc)]: family:1, type:2, protocol:0
[   81.784176] firmadyne: sys_socket[PID: 520 (xmldbc)]: family:1, type:2, protocol:0
[   81.842807] firmadyne: sys_socket[PID: 521 (xmldbc)]: family:1, type:2, protocol:0
[   81.900959] firmadyne: sys_socket[PID: 522 (xmldbc)]: family:1, type:2, protocol:0
[   81.959266] firmadyne: sys_socket[PID: 523 (xmldbc)]: family:1, type:2, protocol:0
[   82.020760] firmadyne: sys_socket[PID: 524 (xmldbc)]: family:1, type:2, protocol:0
[   82.079744] firmadyne: sys_socket[PID: 525 (xmldbc)]: family:1, type:2, protocol:0
[   82.138441] firmadyne: sys_socket[PID: 526 (xmldbc)]: family:1, type:2, protocol:0
[   82.198718] firmadyne: sys_socket[PID: 527 (xmldbc)]: family:1, type:2, protocol:0
[   82.258752] firmadyne: sys_socket[PID: 528 (xmldbc)]: family:1, type:2, protocol:0
[   82.317213] firmadyne: sys_socket[PID: 529 (xmldbc)]: family:1, type:2, protocol:0
[   82.377053] firmadyne: sys_socket[PID: 530 (xmldbc)]: family:1, type:2, protocol:0
[   82.435573] firmadyne: sys_socket[PID: 531 (xmldbc)]: family:1, type:2, protocol:0
[   82.495360] firmadyne: sys_socket[PID: 532 (xmldbc)]: family:1, type:2, protocol:0
[   82.553698] firmadyne: sys_socket[PID: 533 (xmldbc)]: family:1, type:2, protocol:0
[   82.695861] firmadyne: sys_socket[PID: 537 (xmldbc)]: family:1, type:2, protocol:0
[   82.754878] firmadyne: sys_socket[PID: 538 (xmldbc)]: family:1, type:2, protocol:0
[   82.815574] firmadyne: sys_socket[PID: 539 (xmldbc)]: family:1, type:2, protocol:0
[   82.875088] firmadyne: sys_socket[PID: 540 (xmldbc)]: family:1, type:2, protocol:0
[   82.933230] firmadyne: sys_socket[PID: 541 (xmldbc)]: family:1, type:2, protocol:0
[   82.992993] firmadyne: sys_socket[PID: 542 (xmldbc)]: family:1, type:2, protocol:0
[   83.052342] firmadyne: sys_socket[PID: 543 (xmldbc)]: family:1, type:2, protocol:0
[   83.110785] firmadyne: sys_socket[PID: 544 (xmldbc)]: family:1, type:2, protocol:0
[   83.166233] firmadyne: sys_socket[PID: 545 (xmldbc)]: family:1, type:2, protocol:0
[   83.225215] firmadyne: sys_socket[PID: 546 (xmldbc)]: family:1, type:2, protocol:0
[   83.279396] firmadyne: sys_socket[PID: 547 (xmldbc)]: family:1, type:2, protocol:0
[   83.337862] firmadyne: sys_socket[PID: 548 (xmldbc)]: family:1, type:2, protocol:0
[   90.418658] firmadyne: sys_socket[PID: 549 (xmldbc)]: family:1, type:2, protocol:0
[   90.478216] firmadyne: sys_socket[PID: 550 (xmldbc)]: family:1, type:2, protocol:0
[   90.537583] firmadyne: sys_socket[PID: 551 (xmldbc)]: family:1, type:2, protocol:0
[   90.597952] firmadyne: sys_socket[PID: 552 (xmldbc)]: family:1, type:2, protocol:0
[   90.715465] firmadyne: sys_socket[PID: 553 (xmldbc)]: family:1, type:2, protocol:0
[   90.779470] firmadyne: sys_socket[PID: 554 (xmldbc)]: family:1, type:2, protocol:0
[   90.839327] firmadyne: sys_socket[PID: 555 (xmldbc)]: family:1, type:2, protocol:0
[   90.979093] firmadyne: sys_socket[PID: 559 (xmldbc)]: family:1, type:2, protocol:0
[   91.094646] firmadyne: sys_socket[PID: 560 (xmldbc)]: family:1, type:2, protocol:0
[   91.152629] firmadyne: sys_socket[PID: 561 (xmldbc)]: family:1, type:2, protocol:0
[   91.212494] firmadyne: sys_socket[PID: 562 (xmldbc)]: family:1, type:2, protocol:0
[   91.328748] firmadyne: sys_socket[PID: 563 (xmldbc)]: family:1, type:2, protocol:0
[   91.388674] firmadyne: sys_socket[PID: 564 (xmldbc)]: family:1, type:2, protocol:0
[   91.447041] firmadyne: sys_socket[PID: 565 (xmldbc)]: family:1, type:2, protocol:0
[   91.505706] firmadyne: sys_socket[PID: 566 (xmldbc)]: family:1, type:2, protocol:0
[   91.623832] firmadyne: sys_socket[PID: 567 (xmldbc)]: family:1, type:2, protocol:0
[   91.684379] firmadyne: sys_socket[PID: 568 (xmldbc)]: family:1, type:2, protocol:0
[   91.744011] firmadyne: sys_socket[PID: 569 (xmldbc)]: family:1, type:2, protocol:0
[   91.806081] firmadyne: sys_socket[PID: 570 (xmldbc)]: family:1, type:2, protocol:0
[   91.923293] firmadyne: sys_socket[PID: 571 (xmldbc)]: family:1, type:2, protocol:0
[   91.982409] firmadyne: sys_socket[PID: 572 (xmldbc)]: family:1, type:2, protocol:0
[   92.042685] firmadyne: sys_socket[PID: 573 (xmldbc)]: family:1, type:2, protocol:0
[   92.100881] firmadyne: sys_socket[PID: 574 (xmldbc)]: family:1, type:2, protocol:0
[   92.216472] firmadyne: sys_socket[PID: 575 (xmldbc)]: family:1, type:2, protocol:0
[   92.276500] firmadyne: sys_socket[PID: 576 (xmldbc)]: family:1, type:2, protocol:0
[   92.334933] firmadyne: sys_socket[PID: 577 (xmldbc)]: family:1, type:2, protocol:0
[   92.474433] firmadyne: sys_socket[PID: 581 (xmldbc)]: family:1, type:2, protocol:0
[   92.590374] firmadyne: sys_socket[PID: 582 (xmldbc)]: family:1, type:2, protocol:0
[   92.651136] firmadyne: sys_socket[PID: 583 (xmldbc)]: family:1, type:2, protocol:0
[   92.710071] firmadyne: sys_socket[PID: 584 (xmldbc)]: family:1, type:2, protocol:0
[   92.767510] firmadyne: sys_socket[PID: 585 (xmldbc)]: family:1, type:2, protocol:0
[   92.888025] firmadyne: sys_socket[PID: 586 (xmldbc)]: family:1, type:2, protocol:0
[   92.946919] firmadyne: sys_socket[PID: 587 (xmldbc)]: family:1, type:2, protocol:0
[   93.005017] firmadyne: sys_socket[PID: 588 (xmldbc)]: family:1, type:2, protocol:0
[   93.064910] firmadyne: sys_socket[PID: 589 (xmldbc)]: family:1, type:2, protocol:0
[   93.180020] firmadyne: sys_socket[PID: 590 (xmldbc)]: family:1, type:2, protocol:0
[   93.235665] firmadyne: sys_socket[PID: 591 (xmldbc)]: family:1, type:2, protocol:0
[   93.294134] firmadyne: sys_socket[PID: 592 (xmldbc)]: family:1, type:2, protocol:0
[   93.353157] firmadyne: sys_socket[PID: 593 (xmldbc)]: family:1, type:2, protocol:0
[   93.411444] firmadyne: sys_socket[PID: 594 (xmldbc)]: family:1, type:2, protocol:0
[   93.527536] firmadyne: sys_socket[PID: 595 (xmldbc)]: family:1, type:2, protocol:0
[   93.587554] firmadyne: sys_socket[PID: 596 (xmldbc)]: family:1, type:2, protocol:0
[   93.647443] firmadyne: sys_socket[PID: 597 (xmldbc)]: family:1, type:2, protocol:0
[   93.705736] firmadyne: sys_socket[PID: 598 (xmldbc)]: family:1, type:2, protocol:0
[   93.825513] firmadyne: sys_socket[PID: 599 (xmldbc)]: family:1, type:2, protocol:0
[   93.964511] firmadyne: sys_socket[PID: 603 (xmldbc)]: family:1, type:2, protocol:0
[   94.024272] firmadyne: sys_socket[PID: 604 (xmldbc)]: family:1, type:2, protocol:0
[   94.083543] firmadyne: sys_socket[PID: 605 (xmldbc)]: family:1, type:2, protocol:0
[   94.199040] firmadyne: sys_socket[PID: 606 (xmldbc)]: family:1, type:2, protocol:0
[   94.259070] firmadyne: sys_socket[PID: 607 (xmldbc)]: family:1, type:2, protocol:0
[   94.318567] firmadyne: sys_socket[PID: 608 (xmldbc)]: family:1, type:2, protocol:0
[   94.377121] firmadyne: sys_socket[PID: 609 (xmldbc)]: family:1, type:2, protocol:0
[   94.432167] firmadyne: sys_socket[PID: 610 (xmldbc)]: family:1, type:2, protocol:0
[   94.548861] firmadyne: sys_socket[PID: 611 (xmldbc)]: family:1, type:2, protocol:0
[   94.608529] firmadyne: sys_socket[PID: 612 (xmldbc)]: family:1, type:2, protocol:0
[   94.669155] firmadyne: sys_socket[PID: 613 (xmldbc)]: family:1, type:2, protocol:0
[   94.723444] firmadyne: sys_socket[PID: 614 (xmldbc)]: family:1, type:2, protocol:0
[   94.782598] firmadyne: sys_socket[PID: 615 (xmldbc)]: family:1, type:2, protocol:0
[   94.903374] firmadyne: sys_socket[PID: 616 (xmldbc)]: family:1, type:2, protocol:0
[   94.962886] firmadyne: sys_socket[PID: 617 (xmldbc)]: family:1, type:2, protocol:0
[   95.016842] firmadyne: sys_socket[PID: 618 (xmldbc)]: family:1, type:2, protocol:0
[   95.076756] firmadyne: sys_socket[PID: 619 (xmldbc)]: family:1, type:2, protocol:0
[   95.135630] firmadyne: sys_socket[PID: 620 (xmldbc)]: family:1, type:2, protocol:0
[   95.251578] firmadyne: sys_socket[PID: 621 (xmldbc)]: family:1, type:2, protocol:0
[   95.392736] firmadyne: sys_socket[PID: 625 (xmldbc)]: family:1, type:2, protocol:0
[   95.452068] firmadyne: sys_socket[PID: 626 (xmldbc)]: family:1, type:2, protocol:0
[   95.511782] firmadyne: sys_socket[PID: 627 (xmldbc)]: family:1, type:2, protocol:0
[   95.628588] firmadyne: sys_socket[PID: 628 (xmldbc)]: family:1, type:2, protocol:0
[   95.690392] firmadyne: sys_socket[PID: 629 (xmldbc)]: family:1, type:2, protocol:0
[   95.751230] firmadyne: sys_socket[PID: 630 (xmldbc)]: family:1, type:2, protocol:0
[   95.812243] firmadyne: sys_socket[PID: 631 (xmldbc)]: family:1, type:2, protocol:0
[   95.930135] firmadyne: sys_socket[PID: 632 (xmldbc)]: family:1, type:2, protocol:0
[   95.989779] firmadyne: sys_socket[PID: 633 (xmldbc)]: family:1, type:2, protocol:0
[   96.049107] firmadyne: sys_socket[PID: 634 (xmldbc)]: family:1, type:2, protocol:0
[   96.103745] firmadyne: sys_socket[PID: 635 (xmldbc)]: family:1, type:2, protocol:0
[   96.156830] firmadyne: sys_socket[PID: 636 (xmldbc)]: family:1, type:2, protocol:0
[   96.271957] firmadyne: sys_socket[PID: 637 (xmldbc)]: family:1, type:2, protocol:0
[   96.327708] firmadyne: sys_socket[PID: 638 (xmldbc)]: family:1, type:2, protocol:0
[   96.386236] firmadyne: sys_socket[PID: 639 (xmldbc)]: family:1, type:2, protocol:0
[   96.444802] firmadyne: sys_socket[PID: 640 (xmldbc)]: family:1, type:2, protocol:0
[   96.504502] firmadyne: sys_socket[PID: 641 (xmldbc)]: family:1, type:2, protocol:0
[   96.619642] firmadyne: sys_socket[PID: 642 (xmldbc)]: family:1, type:2, protocol:0
[   96.679966] firmadyne: sys_socket[PID: 643 (xmldbc)]: family:1, type:2, protocol:0
[   96.819498] firmadyne: sys_socket[PID: 647 (xmldbc)]: family:1, type:2, protocol:0
[   96.882691] firmadyne: sys_socket[PID: 648 (xmldbc)]: family:1, type:2, protocol:0
[   96.998980] firmadyne: sys_socket[PID: 649 (xmldbc)]: family:1, type:2, protocol:0
[   97.058845] firmadyne: sys_socket[PID: 650 (xmldbc)]: family:1, type:2, protocol:0
[   97.119183] firmadyne: sys_socket[PID: 651 (xmldbc)]: family:1, type:2, protocol:0
[   97.176940] firmadyne: sys_socket[PID: 652 (xmldbc)]: family:1, type:2, protocol:0
[   97.294201] firmadyne: sys_socket[PID: 653 (xmldbc)]: family:1, type:2, protocol:0
[   97.354229] firmadyne: sys_socket[PID: 654 (xmldbc)]: family:1, type:2, protocol:0
[   97.412803] firmadyne: sys_socket[PID: 655 (xmldbc)]: family:1, type:2, protocol:0
[   97.471567] firmadyne: sys_socket[PID: 656 (xmldbc)]: family:1, type:2, protocol:0
[   97.588769] firmadyne: sys_socket[PID: 657 (xmldbc)]: family:1, type:2, protocol:0
[   97.647192] firmadyne: sys_socket[PID: 658 (xmldbc)]: family:1, type:2, protocol:0
[   97.707175] firmadyne: sys_socket[PID: 659 (xmldbc)]: family:1, type:2, protocol:0
[   97.767484] firmadyne: sys_socket[PID: 660 (xmldbc)]: family:1, type:2, protocol:0
[   97.826370] firmadyne: sys_socket[PID: 661 (xmldbc)]: family:1, type:2, protocol:0
[   97.945836] firmadyne: sys_socket[PID: 662 (xmldbc)]: family:1, type:2, protocol:0
[   98.004475] firmadyne: sys_socket[PID: 663 (xmldbc)]: family:1, type:2, protocol:0
[   98.063767] firmadyne: sys_socket[PID: 664 (xmldbc)]: family:1, type:2, protocol:0
[   98.122819] firmadyne: sys_socket[PID: 665 (xmldbc)]: family:1, type:2, protocol:0
[   98.319555] firmadyne: sys_socket[PID: 669 (xmldbc)]: family:1, type:2, protocol:0
[   98.379478] firmadyne: sys_socket[PID: 670 (xmldbc)]: family:1, type:2, protocol:0
[   98.437786] firmadyne: sys_socket[PID: 671 (xmldbc)]: family:1, type:2, protocol:0
[   98.496682] firmadyne: sys_socket[PID: 672 (xmldbc)]: family:1, type:2, protocol:0
[   98.551127] firmadyne: sys_socket[PID: 673 (xmldbc)]: family:1, type:2, protocol:0
[   98.604564] firmadyne: sys_socket[PID: 674 (xmldbc)]: family:1, type:2, protocol:0
[   98.720037] firmadyne: sys_socket[PID: 675 (xmldbc)]: family:1, type:2, protocol:0
[   98.780769] firmadyne: sys_socket[PID: 676 (xmldbc)]: family:1, type:2, protocol:0
[   98.842485] firmadyne: sys_socket[PID: 677 (xmldbc)]: family:1, type:2, protocol:0
[   98.902069] firmadyne: sys_socket[PID: 678 (xmldbc)]: family:1, type:2, protocol:0
[   99.020355] firmadyne: sys_socket[PID: 679 (xmldbc)]: family:1, type:2, protocol:0
[   99.080437] firmadyne: sys_socket[PID: 680 (xmldbc)]: family:1, type:2, protocol:0
[   99.138985] firmadyne: sys_socket[PID: 681 (xmldbc)]: family:1, type:2, protocol:0
[   99.199045] firmadyne: sys_socket[PID: 682 (xmldbc)]: family:1, type:2, protocol:0
[   99.315646] firmadyne: sys_socket[PID: 683 (xmldbc)]: family:1, type:2, protocol:0
[   99.374819] firmadyne: sys_socket[PID: 684 (xmldbc)]: family:1, type:2, protocol:0
[   99.435457] firmadyne: sys_socket[PID: 685 (xmldbc)]: family:1, type:2, protocol:0
[   99.494167] firmadyne: sys_socket[PID: 686 (xmldbc)]: family:1, type:2, protocol:0
[   99.612291] firmadyne: sys_socket[PID: 687 (xmldbc)]: family:1, type:2, protocol:0
[   99.755606] firmadyne: sys_socket[PID: 691 (xmldbc)]: family:1, type:2, protocol:0
[   99.816402] firmadyne: sys_socket[PID: 692 (xmldbc)]: family:1, type:2, protocol:0
[   99.874177] firmadyne: sys_socket[PID: 693 (xmldbc)]: family:1, type:2, protocol:0
[   99.932246] firmadyne: sys_socket[PID: 694 (xmldbc)]: family:1, type:2, protocol:0
[  100.050319] firmadyne: sys_socket[PID: 695 (xmldbc)]: family:1, type:2, protocol:0
[  100.108850] firmadyne: sys_socket[PID: 696 (xmldbc)]: family:1, type:2, protocol:0
[  100.167113] firmadyne: sys_socket[PID: 697 (xmldbc)]: family:1, type:2, protocol:0
[  100.227532] firmadyne: sys_socket[PID: 698 (xmldbc)]: family:1, type:2, protocol:0
[  100.343664] firmadyne: sys_socket[PID: 699 (xmldbc)]: family:1, type:2, protocol:0
[  100.401975] firmadyne: sys_socket[PID: 700 (xmldbc)]: family:1, type:2, protocol:0
[  100.462150] firmadyne: sys_socket[PID: 701 (xmldbc)]: family:1, type:2, protocol:0
[  100.520339] firmadyne: sys_socket[PID: 702 (xmldbc)]: family:1, type:2, protocol:0
[  100.638482] firmadyne: sys_socket[PID: 703 (xmldbc)]: family:1, type:2, protocol:0
[  100.697628] firmadyne: sys_socket[PID: 704 (xmldbc)]: family:1, type:2, protocol:0
[  100.757199] firmadyne: sys_socket[PID: 705 (xmldbc)]: family:1, type:2, protocol:0
[  100.876470] firmadyne: sys_socket[PID: 706 (xmldbc)]: family:1, type:2, protocol:0
[  100.931908] firmadyne: sys_socket[PID: 707 (xmldbc)]: family:1, type:2, protocol:0
[  100.990167] firmadyne: sys_socket[PID: 708 (xmldbc)]: family:1, type:2, protocol:0
[  101.050751] firmadyne: sys_socket[PID: 709 (xmldbc)]: family:1, type:2, protocol:0
[  101.189238] firmadyne: sys_socket[PID: 713 (xmldbc)]: family:1, type:2, protocol:0
[  101.307115] firmadyne: sys_socket[PID: 714 (xmldbc)]: family:1, type:2, protocol:0
[  101.365993] firmadyne: sys_socket[PID: 715 (xmldbc)]: family:1, type:2, protocol:0
[  101.420445] firmadyne: sys_socket[PID: 716 (xmldbc)]: family:1, type:2, protocol:0
[  101.478948] firmadyne: sys_socket[PID: 717 (xmldbc)]: family:1, type:2, protocol:0
[  101.537196] firmadyne: sys_socket[PID: 718 (xmldbc)]: family:1, type:2, protocol:0
[  101.654479] firmadyne: sys_socket[PID: 719 (xmldbc)]: family:1, type:2, protocol:0
[  101.714045] firmadyne: sys_socket[PID: 720 (xmldbc)]: family:1, type:2, protocol:0
[  101.774625] firmadyne: sys_socket[PID: 721 (xmldbc)]: family:1, type:2, protocol:0
[  101.834054] firmadyne: sys_socket[PID: 722 (xmldbc)]: family:1, type:2, protocol:0
[  101.912391] firmadyne: sys_socket[PID: 723 (xmldbc)]: family:1, type:2, protocol:0
[  102.006261] firmadyne: sys_socket[PID: 724 (xmldbc)]: family:1, type:2, protocol:0
[  102.070055] firmadyne: sys_socket[PID: 725 (xmldbc)]: family:1, type:2, protocol:0
[  102.128509] firmadyne: sys_socket[PID: 726 (xmldbc)]: family:1, type:2, protocol:0
[  102.187517] firmadyne: sys_socket[PID: 727 (xmldbc)]: family:1, type:2, protocol:0
[  102.246299] firmadyne: sys_socket[PID: 728 (xmldbc)]: family:1, type:2, protocol:0
[  102.306615] firmadyne: sys_socket[PID: 729 (xmldbc)]: family:1, type:2, protocol:0
[  102.365865] firmadyne: sys_socket[PID: 730 (xmldbc)]: family:1, type:2, protocol:0
[  102.424637] firmadyne: sys_socket[PID: 731 (xmldbc)]: family:1, type:2, protocol:0
[  102.573867] firmadyne: sys_socket[PID: 735 (xmldbc)]: family:1, type:2, protocol:0
[  102.631957] firmadyne: sys_socket[PID: 736 (xmldbc)]: family:1, type:2, protocol:0
[  102.692694] firmadyne: sys_socket[PID: 737 (xmldbc)]: family:1, type:2, protocol:0
[  102.751434] firmadyne: sys_socket[PID: 738 (xmldbc)]: family:1, type:2, protocol:0
[  102.808811] firmadyne: sys_socket[PID: 739 (xmldbc)]: family:1, type:2, protocol:0
[  102.870862] firmadyne: sys_socket[PID: 740 (xmldbc)]: family:1, type:2, protocol:0
[  102.933185] firmadyne: sys_socket[PID: 741 (xmldbc)]: family:1, type:2, protocol:0
[  102.991972] firmadyne: sys_socket[PID: 742 (xmldbc)]: family:1, type:2, protocol:0
[  103.051911] firmadyne: sys_socket[PID: 743 (xmldbc)]: family:1, type:2, protocol:0
[  103.112049] firmadyne: sys_socket[PID: 744 (xmldbc)]: family:1, type:2, protocol:0
[  103.170643] firmadyne: sys_socket[PID: 745 (xmldbc)]: family:1, type:2, protocol:0
[  103.229642] firmadyne: sys_socket[PID: 746 (xmldbc)]: family:1, type:2, protocol:0
[  103.289978] firmadyne: sys_socket[PID: 747 (xmldbc)]: family:1, type:2, protocol:0
[  103.347949] firmadyne: sys_socket[PID: 748 (xmldbc)]: family:1, type:2, protocol:0
[  103.406404] firmadyne: sys_socket[PID: 749 (xmldbc)]: family:1, type:2, protocol:0
[  103.466092] firmadyne: sys_socket[PID: 750 (xmldbc)]: family:1, type:2, protocol:0
[  103.524517] firmadyne: sys_socket[PID: 751 (xmldbc)]: family:1, type:2, protocol:0
[  103.584146] firmadyne: sys_socket[PID: 752 (xmldbc)]: family:1, type:2, protocol:0
[  103.643680] firmadyne: sys_socket[PID: 753 (xmldbc)]: family:1, type:2, protocol:0
[  103.785149] firmadyne: sys_socket[PID: 757 (xmldbc)]: family:1, type:2, protocol:0
[  103.843554] firmadyne: sys_socket[PID: 758 (xmldbc)]: family:1, type:2, protocol:0
[  103.905776] firmadyne: sys_socket[PID: 759 (xmldbc)]: family:1, type:2, protocol:0
[  103.966808] firmadyne: sys_socket[PID: 760 (xmldbc)]: family:1, type:2, protocol:0
[  104.024492] firmadyne: sys_socket[PID: 761 (xmldbc)]: family:1, type:2, protocol:0
[  104.084127] firmadyne: sys_socket[PID: 762 (xmldbc)]: family:1, type:2, protocol:0
[  104.142374] firmadyne: sys_socket[PID: 763 (xmldbc)]: family:1, type:2, protocol:0
[  104.200290] firmadyne: sys_socket[PID: 764 (xmldbc)]: family:1, type:2, protocol:0
[  104.259266] firmadyne: sys_socket[PID: 765 (xmldbc)]: family:1, type:2, protocol:0
[  104.317576] firmadyne: sys_socket[PID: 766 (xmldbc)]: family:1, type:2, protocol:0
[  104.375433] firmadyne: sys_socket[PID: 767 (xmldbc)]: family:1, type:2, protocol:0
[  104.433560] firmadyne: sys_socket[PID: 768 (xmldbc)]: family:1, type:2, protocol:0
[  104.492422] firmadyne: sys_socket[PID: 769 (xmldbc)]: family:1, type:2, protocol:0
[  104.550642] firmadyne: sys_socket[PID: 770 (xmldbc)]: family:1, type:2, protocol:0
[  104.608743] firmadyne: sys_socket[PID: 771 (xmldbc)]: family:1, type:2, protocol:0
[  104.668894] firmadyne: sys_socket[PID: 772 (xmldbc)]: family:1, type:2, protocol:0
[  104.726983] firmadyne: sys_socket[PID: 773 (xmldbc)]: family:1, type:2, protocol:0
[  104.784680] firmadyne: sys_socket[PID: 774 (xmldbc)]: family:1, type:2, protocol:0
[  104.843058] firmadyne: sys_socket[PID: 775 (xmldbc)]: family:1, type:2, protocol:0
[  104.985859] firmadyne: sys_socket[PID: 779 (xmldbc)]: family:1, type:2, protocol:0
[  105.043866] firmadyne: sys_socket[PID: 780 (xmldbc)]: family:1, type:2, protocol:0
[  105.104238] firmadyne: sys_socket[PID: 781 (xmldbc)]: family:1, type:2, protocol:0
[  105.162188] firmadyne: sys_socket[PID: 782 (xmldbc)]: family:1, type:2, protocol:0
[  105.220951] firmadyne: sys_socket[PID: 783 (xmldbc)]: family:1, type:2, protocol:0
[  105.280372] firmadyne: sys_socket[PID: 784 (xmldbc)]: family:1, type:2, protocol:0
[  105.338868] firmadyne: sys_socket[PID: 785 (xmldbc)]: family:1, type:2, protocol:0
[  105.396891] firmadyne: sys_socket[PID: 786 (xmldbc)]: family:1, type:2, protocol:0
[  105.456195] firmadyne: sys_socket[PID: 787 (xmldbc)]: family:1, type:2, protocol:0
[  105.515260] firmadyne: sys_socket[PID: 788 (xmldbc)]: family:1, type:2, protocol:0
[  105.574994] firmadyne: sys_socket[PID: 789 (xmldbc)]: family:1, type:2, protocol:0
[  105.633710] firmadyne: sys_socket[PID: 790 (xmldbc)]: family:1, type:2, protocol:0
[  105.693208] firmadyne: sys_socket[PID: 791 (xmldbc)]: family:1, type:2, protocol:0
[  105.752439] firmadyne: sys_socket[PID: 792 (xmldbc)]: family:1, type:2, protocol:0
[  105.811505] firmadyne: sys_socket[PID: 793 (xmldbc)]: family:1, type:2, protocol:0
[  105.872102] firmadyne: sys_socket[PID: 794 (xmldbc)]: family:1, type:2, protocol:0
[  105.931769] firmadyne: sys_socket[PID: 795 (xmldbc)]: family:1, type:2, protocol:0
[  105.991247] firmadyne: sys_socket[PID: 796 (xmldbc)]: family:1, type:2, protocol:0
[  106.050702] firmadyne: sys_socket[PID: 797 (xmldbc)]: family:1, type:2, protocol:0
[  106.190122] firmadyne: sys_socket[PID: 801 (xmldbc)]: family:1, type:2, protocol:0
[  106.248266] firmadyne: sys_socket[PID: 802 (xmldbc)]: family:1, type:2, protocol:0
[  106.308070] firmadyne: sys_socket[PID: 803 (xmldbc)]: family:1, type:2, protocol:0
[  106.361968] firmadyne: sys_socket[PID: 804 (xmldbc)]: family:1, type:2, protocol:0
[  106.419277] firmadyne: sys_socket[PID: 805 (xmldbc)]: family:1, type:2, protocol:0
[  106.479953] firmadyne: sys_socket[PID: 806 (xmldbc)]: family:1, type:2, protocol:0
[  106.538584] firmadyne: sys_socket[PID: 807 (xmldbc)]: family:1, type:2, protocol:0
[  106.600916] firmadyne: sys_socket[PID: 808 (xmldbc)]: family:1, type:2, protocol:0
[  106.663402] firmadyne: sys_socket[PID: 809 (xmldbc)]: family:1, type:2, protocol:0
[  106.723707] firmadyne: sys_socket[PID: 810 (xmldbc)]: family:1, type:2, protocol:0
[  106.782983] firmadyne: sys_socket[PID: 811 (xmldbc)]: family:1, type:2, protocol:0
[  106.848102] firmadyne: sys_socket[PID: 812 (xmldbc)]: family:1, type:2, protocol:0
[  106.908520] firmadyne: sys_socket[PID: 813 (xmldbc)]: family:1, type:2, protocol:0
[  106.968481] firmadyne: sys_socket[PID: 814 (xmldbc)]: family:1, type:2, protocol:0
[  107.026704] firmadyne: sys_socket[PID: 815 (xmldbc)]: family:1, type:2, protocol:0
[  107.081907] firmadyne: sys_socket[PID: 816 (xmldbc)]: family:1, type:2, protocol:0
[  107.140136] firmadyne: sys_socket[PID: 817 (xmldbc)]: family:1, type:2, protocol:0
[  107.199282] firmadyne: sys_socket[PID: 818 (xmldbc)]: family:1, type:2, protocol:0
[  107.260368] firmadyne: sys_socket[PID: 819 (xmldbc)]: family:1, type:2, protocol:0
[  107.399774] firmadyne: sys_socket[PID: 823 (xmldbc)]: family:1, type:2, protocol:0
[  107.459156] firmadyne: sys_socket[PID: 824 (xmldbc)]: family:1, type:2, protocol:0
[  107.516909] firmadyne: sys_socket[PID: 825 (xmldbc)]: family:1, type:2, protocol:0
[  107.575576] firmadyne: sys_socket[PID: 826 (xmldbc)]: family:1, type:2, protocol:0
[  107.635158] firmadyne: sys_socket[PID: 827 (xmldbc)]: family:1, type:2, protocol:0
[  107.696184] firmadyne: sys_socket[PID: 828 (xmldbc)]: family:1, type:2, protocol:0
[  107.755293] firmadyne: sys_socket[PID: 829 (xmldbc)]: family:1, type:2, protocol:0
[  107.813091] firmadyne: sys_socket[PID: 830 (xmldbc)]: family:1, type:2, protocol:0
[  107.873501] firmadyne: sys_socket[PID: 831 (xmldbc)]: family:1, type:2, protocol:0
[  107.933598] firmadyne: sys_socket[PID: 832 (xmldbc)]: family:1, type:2, protocol:0
[  107.993681] firmadyne: sys_socket[PID: 833 (xmldbc)]: family:1, type:2, protocol:0
[  108.053024] firmadyne: sys_socket[PID: 834 (xmldbc)]: family:1, type:2, protocol:0
[  108.112179] firmadyne: sys_socket[PID: 835 (xmldbc)]: family:1, type:2, protocol:0
[  108.171218] firmadyne: sys_socket[PID: 836 (xmldbc)]: family:1, type:2, protocol:0
[  108.229776] firmadyne: sys_socket[PID: 837 (xmldbc)]: family:1, type:2, protocol:0
[  108.289262] firmadyne: sys_socket[PID: 838 (xmldbc)]: family:1, type:2, protocol:0
[  108.347925] firmadyne: sys_socket[PID: 839 (xmldbc)]: family:1, type:2, protocol:0
[  108.406391] firmadyne: sys_socket[PID: 840 (xmldbc)]: family:1, type:2, protocol:0
[  108.466552] firmadyne: sys_socket[PID: 841 (xmldbc)]: family:1, type:2, protocol:0
[  108.604769] firmadyne: sys_socket[PID: 845 (xmldbc)]: family:1, type:2, protocol:0
[  108.664588] firmadyne: sys_socket[PID: 846 (xmldbc)]: family:1, type:2, protocol:0
[  108.722782] firmadyne: sys_socket[PID: 847 (xmldbc)]: family:1, type:2, protocol:0
[  108.780809] firmadyne: sys_socket[PID: 848 (xmldbc)]: family:1, type:2, protocol:0
[  108.838972] firmadyne: sys_socket[PID: 849 (xmldbc)]: family:1, type:2, protocol:0
[  108.899579] firmadyne: sys_socket[PID: 850 (xmldbc)]: family:1, type:2, protocol:0
[  108.960139] firmadyne: sys_socket[PID: 851 (xmldbc)]: family:1, type:2, protocol:0
[  109.019194] firmadyne: sys_socket[PID: 852 (xmldbc)]: family:1, type:2, protocol:0
[  109.079765] firmadyne: sys_socket[PID: 853 (xmldbc)]: family:1, type:2, protocol:0
[  109.137702] firmadyne: sys_socket[PID: 854 (xmldbc)]: family:1, type:2, protocol:0
[  109.195344] firmadyne: sys_socket[PID: 855 (xmldbc)]: family:1, type:2, protocol:0
[  109.255114] firmadyne: sys_socket[PID: 856 (xmldbc)]: family:1, type:2, protocol:0
[  109.313191] firmadyne: sys_socket[PID: 857 (xmldbc)]: family:1, type:2, protocol:0
[  109.372207] firmadyne: sys_socket[PID: 858 (xmldbc)]: family:1, type:2, protocol:0
[  109.431152] firmadyne: sys_socket[PID: 859 (xmldbc)]: family:1, type:2, protocol:0
[  109.491609] firmadyne: sys_socket[PID: 860 (xmldbc)]: family:1, type:2, protocol:0
[  109.550849] firmadyne: sys_socket[PID: 861 (xmldbc)]: family:1, type:2, protocol:0
[  109.610624] firmadyne: sys_socket[PID: 862 (xmldbc)]: family:1, type:2, protocol:0
[  109.671153] firmadyne: sys_socket[PID: 863 (xmldbc)]: family:1, type:2, protocol:0
[  109.809928] firmadyne: sys_socket[PID: 867 (xmldbc)]: family:1, type:2, protocol:0
[  109.869924] firmadyne: sys_socket[PID: 868 (xmldbc)]: family:1, type:2, protocol:0
[  109.928228] firmadyne: sys_socket[PID: 869 (xmldbc)]: family:1, type:2, protocol:0
[  109.990377] firmadyne: sys_socket[PID: 870 (xmldbc)]: family:1, type:2, protocol:0
[  110.049105] firmadyne: sys_socket[PID: 871 (xmldbc)]: family:1, type:2, protocol:0
[  110.108727] firmadyne: sys_socket[PID: 872 (xmldbc)]: family:1, type:2, protocol:0
[  110.167634] firmadyne: sys_socket[PID: 873 (xmldbc)]: family:1, type:2, protocol:0
[  110.226747] firmadyne: sys_socket[PID: 874 (xmldbc)]: family:1, type:2, protocol:0
[  110.286474] firmadyne: sys_socket[PID: 875 (xmldbc)]: family:1, type:2, protocol:0
[  110.345183] firmadyne: sys_socket[PID: 876 (xmldbc)]: family:1, type:2, protocol:0
[  110.403105] firmadyne: sys_socket[PID: 877 (xmldbc)]: family:1, type:2, protocol:0
[  110.462447] firmadyne: sys_socket[PID: 878 (xmldbc)]: family:1, type:2, protocol:0
[  110.520356] firmadyne: sys_socket[PID: 879 (xmldbc)]: family:1, type:2, protocol:0
[  110.578619] firmadyne: sys_socket[PID: 880 (xmldbc)]: family:1, type:2, protocol:0
[  110.637213] firmadyne: sys_socket[PID: 881 (xmldbc)]: family:1, type:2, protocol:0
[  110.696305] firmadyne: sys_socket[PID: 882 (xmldbc)]: family:1, type:2, protocol:0
[  110.754861] firmadyne: sys_socket[PID: 883 (xmldbc)]: family:1, type:2, protocol:0
[  110.813715] firmadyne: sys_socket[PID: 884 (xmldbc)]: family:1, type:2, protocol:0
[  110.874421] firmadyne: sys_socket[PID: 885 (xmldbc)]: family:1, type:2, protocol:0
[  111.014837] firmadyne: sys_socket[PID: 889 (xmldbc)]: family:1, type:2, protocol:0
[  111.074621] firmadyne: sys_socket[PID: 890 (xmldbc)]: family:1, type:2, protocol:0
[  111.132605] firmadyne: sys_socket[PID: 891 (xmldbc)]: family:1, type:2, protocol:0
[  111.190795] firmadyne: sys_socket[PID: 892 (xmldbc)]: family:1, type:2, protocol:0
[  111.250728] firmadyne: sys_socket[PID: 893 (xmldbc)]: family:1, type:2, protocol:0
[  111.309662] firmadyne: sys_socket[PID: 894 (xmldbc)]: family:1, type:2, protocol:0
[  111.368709] firmadyne: sys_socket[PID: 895 (xmldbc)]: family:1, type:2, protocol:0
[  111.427475] firmadyne: sys_socket[PID: 896 (xmldbc)]: family:1, type:2, protocol:0
[  111.487163] firmadyne: sys_socket[PID: 897 (xmldbc)]: family:1, type:2, protocol:0
[  111.545225] firmadyne: sys_socket[PID: 898 (xmldbc)]: family:1, type:2, protocol:0
[  111.603780] firmadyne: sys_socket[PID: 899 (xmldbc)]: family:1, type:2, protocol:0
[  111.665904] firmadyne: sys_socket[PID: 900 (xmldbc)]: family:1, type:2, protocol:0
[  111.723466] firmadyne: sys_socket[PID: 901 (xmldbc)]: family:1, type:2, protocol:0
[  111.782791] firmadyne: sys_socket[PID: 902 (xmldbc)]: family:1, type:2, protocol:0
[  111.845949] firmadyne: sys_socket[PID: 903 (xmldbc)]: family:1, type:2, protocol:0
[  111.906672] firmadyne: sys_socket[PID: 904 (xmldbc)]: family:1, type:2, protocol:0
[  111.965015] firmadyne: sys_socket[PID: 905 (xmldbc)]: family:1, type:2, protocol:0
[  112.026530] firmadyne: sys_socket[PID: 906 (xmldbc)]: family:1, type:2, protocol:0
[  112.086714] firmadyne: sys_socket[PID: 907 (xmldbc)]: family:1, type:2, protocol:0
[  112.224156] firmadyne: sys_socket[PID: 911 (xmldbc)]: family:1, type:2, protocol:0
[  112.283298] firmadyne: sys_socket[PID: 912 (xmldbc)]: family:1, type:2, protocol:0
[  112.341614] firmadyne: sys_socket[PID: 913 (xmldbc)]: family:1, type:2, protocol:0
[  112.400413] firmadyne: sys_socket[PID: 914 (xmldbc)]: family:1, type:2, protocol:0
[  112.459759] firmadyne: sys_socket[PID: 915 (xmldbc)]: family:1, type:2, protocol:0
[  112.517819] firmadyne: sys_socket[PID: 916 (xmldbc)]: family:1, type:2, protocol:0
[  112.575919] firmadyne: sys_socket[PID: 917 (xmldbc)]: family:1, type:2, protocol:0
[  112.635213] firmadyne: sys_socket[PID: 918 (xmldbc)]: family:1, type:2, protocol:0
[  112.694942] firmadyne: sys_socket[PID: 919 (xmldbc)]: family:1, type:2, protocol:0
[  112.753619] firmadyne: sys_socket[PID: 920 (xmldbc)]: family:1, type:2, protocol:0
[  112.812230] firmadyne: sys_socket[PID: 921 (xmldbc)]: family:1, type:2, protocol:0
[  112.872994] firmadyne: sys_socket[PID: 922 (xmldbc)]: family:1, type:2, protocol:0
[  112.932038] firmadyne: sys_socket[PID: 923 (xmldbc)]: family:1, type:2, protocol:0
[  112.990863] firmadyne: sys_socket[PID: 924 (xmldbc)]: family:1, type:2, protocol:0
[  113.054234] firmadyne: sys_socket[PID: 925 (xmldbc)]: family:1, type:2, protocol:0
[  113.113941] firmadyne: sys_socket[PID: 926 (xmldbc)]: family:1, type:2, protocol:0
[  113.172226] firmadyne: sys_socket[PID: 927 (xmldbc)]: family:1, type:2, protocol:0
[  113.230868] firmadyne: sys_socket[PID: 928 (xmldbc)]: family:1, type:2, protocol:0
[  113.290429] firmadyne: sys_socket[PID: 929 (xmldbc)]: family:1, type:2, protocol:0
[  113.476855] firmadyne: sys_socket[PID: 934 (xmldbc)]: family:1, type:2, protocol:0
[  113.535569] firmadyne: sys_socket[PID: 935 (xmldbc)]: family:1, type:2, protocol:0
[  113.594344] firmadyne: sys_socket[PID: 936 (xmldbc)]: family:1, type:2, protocol:0
[  113.653956] firmadyne: sys_socket[PID: 937 (xmldbc)]: family:1, type:2, protocol:0
[  113.712309] firmadyne: sys_socket[PID: 938 (xmldbc)]: family:1, type:2, protocol:0
[  113.772213] firmadyne: sys_socket[PID: 939 (xmldbc)]: family:1, type:2, protocol:0
[  113.911131] firmadyne: sys_socket[PID: 943 (xmldbc)]: family:1, type:2, protocol:0
[  113.970575] firmadyne: sys_socket[PID: 944 (xmldbc)]: family:1, type:2, protocol:0
[  114.032192] firmadyne: sys_socket[PID: 945 (xmldbc)]: family:1, type:2, protocol:0
[  114.092376] firmadyne: sys_socket[PID: 946 (xmldbc)]: family:1, type:2, protocol:0
[  114.150840] firmadyne: sys_socket[PID: 947 (xmldbc)]: family:1, type:2, protocol:0
[  114.209118] firmadyne: sys_socket[PID: 948 (xmldbc)]: family:1, type:2, protocol:0
[  114.386800] firmadyne: sys_socket[PID: 953 (xmldbc)]: family:1, type:2, protocol:0
[  114.524328] firmadyne: sys_socket[PID: 957 (xmldbc)]: family:1, type:2, protocol:0
[  114.663070] firmadyne: sys_socket[PID: 961 (xmldbc)]: family:1, type:2, protocol:0
[  114.799411] firmadyne: sys_socket[PID: 965 (xmldbc)]: family:1, type:2, protocol:0
[  114.938687] firmadyne: sys_socket[PID: 969 (xmldbc)]: family:1, type:2, protocol:0
[  115.084870] firmadyne: sys_socket[PID: 973 (xmldbc)]: family:1, type:2, protocol:0
[  115.222453] firmadyne: sys_socket[PID: 977 (xmldbc)]: family:1, type:2, protocol:0
[  115.361019] firmadyne: sys_socket[PID: 981 (xmldbc)]: family:1, type:2, protocol:0
[  115.499021] firmadyne: sys_socket[PID: 985 (xmldbc)]: family:1, type:2, protocol:0
[  115.637095] firmadyne: sys_socket[PID: 989 (xmldbc)]: family:1, type:2, protocol:0
[  115.780973] firmadyne: sys_socket[PID: 993 (xmldbc)]: family:1, type:2, protocol:0
[  115.922033] firmadyne: sys_socket[PID: 997 (xmldbc)]: family:1, type:2, protocol:0
[  116.063682] firmadyne: sys_socket[PID: 1001 (xmldbc)]: family:1, type:2, protocol:0
[  116.200999] firmadyne: sys_socket[PID: 1005 (xmldbc)]: family:1, type:2, protocol:0
[  116.339461] firmadyne: sys_socket[PID: 1009 (xmldbc)]: family:1, type:2, protocol:0
[  116.477109] firmadyne: sys_socket[PID: 1013 (xmldbc)]: family:1, type:2, protocol:0
[  116.615644] firmadyne: sys_socket[PID: 1017 (xmldbc)]: family:1, type:2, protocol:0
[  116.753455] firmadyne: sys_socket[PID: 1021 (xmldbc)]: family:1, type:2, protocol:0
[  116.892799] firmadyne: sys_socket[PID: 1025 (xmldbc)]: family:1, type:2, protocol:0
[  117.031009] firmadyne: sys_socket[PID: 1029 (xmldbc)]: family:1, type:2, protocol:0
[  117.170923] firmadyne: sys_socket[PID: 1033 (xmldbc)]: family:1, type:2, protocol:0
[  117.309512] firmadyne: sys_socket[PID: 1037 (xmldbc)]: family:1, type:2, protocol:0
[  117.446765] firmadyne: sys_socket[PID: 1041 (xmldbc)]: family:1, type:2, protocol:0
[  117.586018] firmadyne: sys_socket[PID: 1045 (xmldbc)]: family:1, type:2, protocol:0
[  117.724521] firmadyne: sys_socket[PID: 1049 (xmldbc)]: family:1, type:2, protocol:0
[  117.863822] firmadyne: sys_socket[PID: 1053 (xmldbc)]: family:1, type:2, protocol:0
[  117.999931] firmadyne: sys_socket[PID: 1057 (xmldbc)]: family:1, type:2, protocol:0
[  118.142670] firmadyne: sys_socket[PID: 1061 (xmldbc)]: family:1, type:2, protocol:0
[  118.282454] firmadyne: sys_socket[PID: 1065 (xmldbc)]: family:1, type:2, protocol:0
[  118.419135] firmadyne: sys_socket[PID: 1069 (xmldbc)]: family:1, type:2, protocol:0
[  118.556848] firmadyne: sys_socket[PID: 1073 (xmldbc)]: family:1, type:2, protocol:0
[  118.695723] firmadyne: sys_socket[PID: 1077 (xmldbc)]: family:1, type:2, protocol:0
[  118.831904] firmadyne: sys_socket[PID: 1081 (xmldbc)]: family:1, type:2, protocol:0
[  118.892307] firmadyne: sys_socket[PID: 1082 (xmldbc)]: family:1, type:2, protocol:0
[  118.951587] firmadyne: sys_socket[PID: 1083 (xmldbc)]: family:1, type:2, protocol:0
[  119.009654] firmadyne: sys_socket[PID: 1084 (xmldbc)]: family:1, type:2, protocol:0
[  119.072160] firmadyne: sys_socket[PID: 1085 (xmldbc)]: family:1, type:2, protocol:0
[  119.131344] firmadyne: sys_socket[PID: 1086 (xmldbc)]: family:1, type:2, protocol:0
[  119.185554] firmadyne: sys_socket[PID: 1087 (xmldbc)]: family:1, type:2, protocol:0
[  119.244642] firmadyne: sys_socket[PID: 1088 (xmldbc)]: family:1, type:2, protocol:0
[  119.306277] firmadyne: sys_socket[PID: 1089 (xmldbc)]: family:1, type:2, protocol:0
PHP [/etc/defnodes/S11setnodes.php] ...
[  119.422481] firmadyne: sys_socket[PID: 1092 (rgdb)]: family:1, type:2, protocol:0
PHP [/etc/defnodes/S12features.php] ...
[  120.287537] firmadyne: sys_socket[PID: 1105 (rgdb)]: family:1, type:2, protocol:0
PHP [/etc/defnodes/S13flashspeed.php] ...
[  120.416328] firmadyne: sys_socket[PID: 1108 (rgdb)]: family:1, type:2, protocol:0
PHP [/etc/defnodes/S20setnodes.php] ...
[  120.669623] firmadyne: sys_socket[PID: 1113 (rgdb)]: family:1, type:2, protocol:0
[  121.132126] UDF-fs: warning (device mtdblock4): udf_fill_super: No partition found (2)
mount: mounting /dev/mtdblock/4 on /www/locale/alt failed: Invalid argument
PHP [/etc/defnodes/S40brand.php] ...
[  121.244155] firmadyne: sys_socket[PID: 1125 (rgdb)]: family:1, type:2, protocol:0
[/etc/scripts/misc/defnodes.sh] Done !!
[/etc/scripts/misc/profile.sh] put ...
[  121.924009] firmadyne: sys_socket[PID: 1133 (rgdb)]: family:1, type:2, protocol:0
ok
[  122.937696] firmadyne: sys_socket[PID: 1139 (rgdb)]: family:1, type:2, protocol:0
[  123.013154] firmadyne: sys_socket[PID: 1141 (rgdb)]: family:1, type:2, protocol:0
[/etc/templates/timezone.sh] ...
[  123.191701] firmadyne: sys_socket[PID: 1146 (rgdb)]: family:1, type:2, protocol:0
[  123.386848] firmadyne: sys_socket[PID: 1151 (rgdb)]: family:1, type:2, protocol:0
[  127.445917] firmadyne: sys_socket[PID: 1155 (rgdb)]: family:1, type:2, protocol:0
[  127.531267] firmadyne: sys_socket[PID: 1157 (rgdb)]: family:1, type:2, protocol:0
[  127.615780] firmadyne: sys_socket[PID: 1159 (rgdb)]: family:1, type:2, protocol:0
[  127.702325] firmadyne: sys_socket[PID: 1161 (rgdb)]: family:1, type:2, protocol:0
[  127.788315] firmadyne: sys_socket[PID: 1163 (rgdb)]: family:1, type:2, protocol:0
[  127.875342] firmadyne: sys_socket[PID: 1165 (rgdb)]: family:1, type:2, protocol:0
[  127.959358] firmadyne: sys_socket[PID: 1167 (rgdb)]: family:1, type:2, protocol:0
[  128.044295] firmadyne: sys_socket[PID: 1169 (rgdb)]: family:1, type:2, protocol:0
[  128.130501] firmadyne: sys_socket[PID: 1171 (rgdb)]: family:1, type:2, protocol:0
[  128.217478] firmadyne: sys_socket[PID: 1173 (rgdb)]: family:1, type:2, protocol:0
[  128.303958] firmadyne: sys_socket[PID: 1175 (rgdb)]: family:1, type:2, protocol:0
[/etc/templates/logs.sh] ...
[  129.304213] firmadyne: sys_socket[PID: 1203 (rgdb)]: family:1, type:2, protocol:0
[  129.404884] firmadyne: sys_socket[PID: 1205 (rgdb)]: family:1, type:2, protocol:0
[/var/run/logs_run.sh] ...
[  130.026896] firmadyne: sys_socket[PID: 1210 (syslogd)]: family:1, type:1, protocol:0
[  130.193750] firmadyne: sys_socket[PID: 1215 (rgdb)]: family:1, type:2, protocol:0
[  130.392679] firmadyne: sys_socket[PID: 1219 (ifconfig)]: family:2, type:1, protocol:0
[  130.418542] 8021q: adding VLAN 0 to HW filter on device eth0
[  130.424593] e1000: eth0 NIC Link is Up 1000 Mbps Full Duplex, Flow Control: RX
[  133.522960] firmadyne: sys_socket[PID: 1221 (rgdb)]: family:1, type:2, protocol:0
[  133.869931] firmadyne: sys_socket[PID: 1233 (rgdb)]: family:1, type:2, protocol:0
[  134.060530] firmadyne: sys_socket[PID: 1239 (rgdb)]: family:1, type:2, protocol:0
[  134.085779] firmadyne: sys_socket[PID: 1240 (ifconfig)]: family:2, type:1, protocol:0
[  134.088044] firmadyne: __inet_insert_ifa[PID: 1240 (ifconfig)]: device:lo ifa:0x7f000001
[  134.142337] firmadyne: sys_socket[PID: 1241 (brctl)]: family:2, type:2, protocol:0
[  134.251662] firmadyne: sys_socket[PID: 1244 (brctl)]: family:2, type:2, protocol:0
[  134.255842] firmadyne: sys_socket[PID: 1244 (brctl)]: family:10, type:1, protocol:0
[  134.311143] firmadyne: sys_socket[PID: 1245 (brctl)]: family:2, type:2, protocol:0
[  134.315177] firmadyne: sys_socket[PID: 1245 (brctl)]: family:10, type:1, protocol:0
[/etc/init.d/S03config.sh] done!
[/etc/init.d/S10system.sh]
start Layout ...
[/etc/scripts/layout.sh] start ...
[  134.700247] firmadyne: sys_socket[PID: 1255 (rgdb)]: family:1, type:2, protocol:0
[  134.838887] firmadyne: sys_socket[PID: 1256 (rgdb)]: family:1, type:2, protocol:0
[/var/run/layout_start.sh] ...
Start bridge layout ...
[  135.000595] firmadyne: sys_socket[PID: 1260 (ifconfig)]: family:2, type:1, protocol:0
[  135.049034] firmadyne: sys_socket[PID: 1261 (brctl)]: family:2, type:2, protocol:0
[  135.054514] firmadyne: sys_socket[PID: 1261 (brctl)]: family:10, type:1, protocol:0
[  135.057168] firmadyne: sys_socket[PID: 1261 (brctl)]: family:10, type:1, protocol:0
[  135.060071] firmadyne: br_add_if[PID: 1261 (brctl)]: br:br0 dev:eth0
[  135.066990] device eth0 entered promiscuous mode
[  135.163412] firmadyne: sys_socket[PID: 1264 (xmldbc)]: family:1, type:2, protocol:0
[  135.256541] firmadyne: sys_socket[PID: 1267 (ifconfig)]: family:2, type:1, protocol:0
[  135.258610] br0: port 1(eth0) entered forwarding state
[  135.259516] br0: port 1(eth0) entered forwarding state
[  135.312643] firmadyne: sys_socket[PID: 1268 (rgdb)]: family:1, type:2, protocol:0
start LAN ...
[/etc/templates/lan.sh] ...
[  135.482549] firmadyne: sys_socket[PID: 1273 (rgdb)]: family:1, type:2, protocol:0
[  135.632652] firmadyne: sys_socket[PID: 1276 (rgdb)]: family:1, type:2, protocol:0
[  135.750507] firmadyne: sys_socket[PID: 1277 (rgdb)]: family:1, type:2, protocol:0
[/var/run/lan_start.sh] ...
Bridge mode selected, LAN is disabled !
start web server ...
[/etc/templates/webs.sh] start ...
[  136.057990] firmadyne: sys_socket[PID: 1285 (rgdb)]: family:1, type:2, protocol:0
[  136.147383] firmadyne: sys_socket[PID: 1287 (rgdb)]: family:1, type:2, protocol:0
[  136.303494] firmadyne: sys_socket[PID: 1290 (rgdb)]: family:1, type:2, protocol:0
[  136.468036] firmadyne: sys_socket[PID: 1291 (rgdb)]: family:1, type:2, protocol:0
[/var/run/webs_start.sh] ...
Starting HTTPD ...
start eth0 vlan setup ...
/etc/scripts/eth_vlan.sh: not found
[  136.886310] firmadyne: sys_socket[PID: 1301 (rgdb)]: family:1, type:2, protocol:0
[  136.913084] firmadyne: sys_socket[PID: 1302 (rgdb)]: family:1, type:2, protocol:0
[  137.135961] firmadyne: sys_socket[PID: 1303 (rgdb)]: family:1, type:2, protocol:0
#!/bin/sh
echo [$0] ... > /dev/console

# limitedadmin.php <<<

limitedadmin.sh...
[  137.452453] firmadyne: sys_socket[PID: 1307 (brctl)]: family:2, type:2, protocol:0
[  137.455764] firmadyne: sys_socket[PID: 1307 (brctl)]: family:10, type:1, protocol:0
[  137.566193] firmadyne: sys_socket[PID: 1308 (brctl)]: family:2, type:2, protocol:0
[  137.573618] firmadyne: sys_socket[PID: 1308 (brctl)]: family:10, type:1, protocol:0
[  137.676608] firmadyne: sys_socket[PID: 1309 (brctl)]: family:2, type:2, protocol:0
[  137.684212] firmadyne: sys_socket[PID: 1309 (brctl)]: family:10, type:1, protocol:0
[  137.794453] firmadyne: sys_socket[PID: 1310 (brctl)]: family:2, type:2, protocol:0
[  137.802017] firmadyne: sys_socket[PID: 1310 (brctl)]: family:10, type:1, protocol:0
[  137.907514] firmadyne: sys_socket[PID: 1311 (brctl)]: family:2, type:2, protocol:0
[  137.914853] firmadyne: sys_socket[PID: 1311 (brctl)]: family:10, type:1, protocol:0
[  138.025146] firmadyne: sys_socket[PID: 1312 (brctl)]: family:2, type:2, protocol:0
[  138.028538] firmadyne: sys_socket[PID: 1312 (brctl)]: family:10, type:1, protocol:0
start fresetd ...
enable LAN ports ...
[  138.299268] firmadyne: sys_socket[PID: 1314 (servd)]: family:1, type:2, protocol:0
Factory reset time : 5 secs
System reset time  : 1 secs
WPS command : [/etc/templates/wps.sh pbc &]
[  138.392127] firmadyne: sys_socket[PID: 1305 (httpd)]: family:10, type:2, protocol:6
[  138.401752] firmadyne: sys_setsockopt[PID: 1305 (httpd)]: fd:4, level:65535, optname:4
/dev/gpio: No such device or address
[  138.488040] firmadyne: sys_socket[PID: 1317 (fresetd)]: family:1, type:1, protocol:0
[/etc/scripts/enlan.sh] ...
 Generate channel table according to the country code...
[  138.597247] firmadyne: sys_socket[PID: 1327 (httpd)]: family:1, type:1, protocol:0
[  138.675061] firmadyne: sys_socket[PID: 1330 (genchanneltable)]: family:1, type:2, protocol:0
[  138.689573] firmadyne: sys_socket[PID: 1330 (genchanneltable)]: family:1, type:2, protocol:0
[  138.695087] firmadyne: sys_socket[PID: 1330 (genchanneltable)]: family:1, type:2, protocol:0
[  138.714104] firmadyne: sys_socket[PID: 1331 (getsys)]: family:1, type:2, protocol:0
UNKNOW country code!! Use USA for default!!
[  138.820655] firmadyne: sys_socket[PID: 1330 (genchanneltable)]: family:1, type:2, protocol:0
[  138.824265] firmadyne: sys_socket[PID: 1331 (getsys)]: family:1, type:2, protocol:0
[  138.831988] firmadyne: sys_socket[PID: 1331 (getsys)]: family:1, type:2, protocol:0
[  138.838851] firmadyne: sys_socket[PID: 1330 (genchanneltable)]: family:1, type:2, protocol:0
[  138.844312] firmadyne: sys_socket[PID: 1331 (getsys)]: family:1, type:2, protocol:0
[  138.852076] firmadyne: sys_socket[PID: 1330 (genchanneltable)]: family:1, type:2, protocol:0
[  138.857035] firmadyne: sys_socket[PID: 1331 (getsys)]: family:1, type:2, protocol:0
[  138.863943] firmadyne: sys_socket[PID: 1330 (genchanneltable)]: family:1, type:2, protocol:0
[  138.868710] firmadyne: sys_socket[PID: 1331 (getsys)]: family:1, type:2, protocol:0
[  138.875086] firmadyne: sys_socket[PID: 1330 (genchanneltable)]: family:1, type:2, protocol:0
[  138.879806] firmadyne: sys_socket[PID: 1331 (getsys)]: family:1, type:2, protocol:0
[  138.886174] firmadyne: sys_socket[PID: 1330 (genchanneltable)]: family:1, type:2, protocol:0
[  138.890942] firmadyne: sys_socket[PID: 1331 (getsys)]: family:1, type:2, protocol:0
[  138.897536] firmadyne: sys_socket[PID: 1330 (genchanneltable)]: family:1, type:2, protocol:0
[  138.902241] firmadyne: sys_socket[PID: 1331 (getsys)]: family:1, type:2, protocol:0
[  138.909061] firmadyne: sys_socket[PID: 1330 (genchanneltable)]: family:1, type:2, protocol:0
[  138.913226] firmadyne: sys_socket[PID: 1331 (getsys)]: family:1, type:2, protocol:0
[  138.920238] firmadyne: sys_socket[PID: 1330 (genchanneltable)]: family:1, type:2, protocol:0
[  138.924928] firmadyne: sys_socket[PID: 1331 (getsys)]: family:1, type:2, protocol:0
[  138.931732] firmadyne: sys_socket[PID: 1330 (genchanneltable)]: family:1, type:2, protocol:0
[  138.936463] firmadyne: sys_socket[PID: 1331 (getsys)]: family:1, type:2, protocol:0
[  138.943492] firmadyne: sys_socket[PID: 1330 (genchanneltable)]: family:1, type:2, protocol:0
[  138.948330] firmadyne: sys_socket[PID: 1331 (getsys)]: family:1, type:2, protocol:0
[  138.955211] firmadyne: sys_socket[PID: 1330 (genchanneltable)]: family:1, type:2, protocol:0
[  138.959958] firmadyne: sys_socket[PID: 1331 (getsys)]: family:1, type:2, protocol:0
[  138.966634] firmadyne: sys_socket[PID: 1330 (genchanneltable)]: family:1, type:2, protocol:0
[  138.971525] firmadyne: sys_socket[PID: 1331 (getsys)]: family:1, type:2, protocol:0
[  138.978126] firmadyne: sys_socket[PID: 1330 (genchanneltable)]: family:1, type:2, protocol:0
[  138.982946] firmadyne: sys_socket[PID: 1331 (getsys)]: family:1, type:2, protocol:0
[  138.989658] firmadyne: sys_socket[PID: 1330 (genchanneltable)]: family:1, type:2, protocol:0
[  138.993706] firmadyne: sys_socket[PID: 1331 (getsys)]: family:1, type:2, protocol:0
[  139.000268] firmadyne: sys_socket[PID: 1330 (genchanneltable)]: family:1, type:2, protocol:0
[  139.008567] firmadyne: sys_socket[PID: 1331 (getsys)]: family:1, type:2, protocol:0
[  139.012126] firmadyne: sys_socket[PID: 1330 (genchanneltable)]: family:1, type:2, protocol:0
[  139.020281] firmadyne: sys_socket[PID: 1330 (genchanneltable)]: family:1, type:2, protocol:0
[  139.036931] firmadyne: sys_socket[PID: 1330 (genchanneltable)]: family:1, type:2, protocol:0
[  139.043727] firmadyne: sys_socket[PID: 1330 (genchanneltable)]: family:1, type:2, protocol:0
[  139.052663] firmadyne: sys_socket[PID: 1330 (genchanneltable)]: family:1, type:2, protocol:0
[  139.061846] firmadyne: sys_socket[PID: 1330 (genchanneltable)]: family:1, type:2, protocol:0
[  139.074244] firmadyne: sys_socket[PID: 1330 (genchanneltable)]: family:1, type:2, protocol:0
[  139.080420] firmadyne: sys_socket[PID: 1330 (genchanneltable)]: family:1, type:2, protocol:0
[  139.090206] firmadyne: sys_socket[PID: 1330 (genchanneltable)]: family:1, type:2, protocol:0
[  139.096703] firmadyne: sys_socket[PID: 1330 (genchanneltable)]: family:1, type:2, protocol:0
[  139.106568] firmadyne: sys_socket[PID: 1330 (genchanneltable)]: family:1, type:2, protocol:0
[  139.118336] firmadyne: sys_socket[PID: 1330 (genchanneltable)]: family:1, type:2, protocol:0
[  139.124564] firmadyne: sys_socket[PID: 1330 (genchanneltable)]: family:1, type:2, protocol:0
/dev/gpio: No such device or address
 Generate VLAN table according to the port...
[  139.208913] firmadyne: sys_socket[PID: 1339 (genVLANTableByP)]: family:1, type:2, protocol:0
[  139.216514] firmadyne: sys_socket[PID: 1339 (genVLANTableByP)]: family:1, type:2, protocol:0
[  139.223168] firmadyne: sys_socket[PID: 1339 (genVLANTableByP)]: family:1, type:2, protocol:0
[  139.228662] firmadyne: sys_socket[PID: 1339 (genVLANTableByP)]: family:1, type:2, protocol:0
[  139.234991] firmadyne: sys_socket[PID: 1339 (genVLANTableByP)]: family:1, type:2, protocol:0
[  139.240513] firmadyne: sys_socket[PID: 1339 (genVLANTableByP)]: family:1, type:2, protocol:0
[  139.247533] firmadyne: sys_socket[PID: 1339 (genVLANTableByP)]: family:1, type:2, protocol:0
[  139.254446] firmadyne: sys_socket[PID: 1339 (genVLANTableByP)]: family:1, type:2, protocol:0
[  139.260270] firmadyne: sys_socket[PID: 1339 (genVLANTableByP)]: family:1, type:2, protocol:0
[  139.267321] firmadyne: sys_socket[PID: 1339 (genVLANTableByP)]: family:1, type:2, protocol:0
[  139.272706] firmadyne: sys_socket[PID: 1339 (genVLANTableByP)]: family:1, type:2, protocol:0
[  139.279219] firmadyne: sys_socket[PID: 1339 (genVLANTableByP)]: family:1, type:2, protocol:0
[  139.286152] firmadyne: sys_socket[PID: 1339 (genVLANTableByP)]: family:1, type:2, protocol:0
[  139.291935] firmadyne: sys_socket[PID: 1339 (genVLANTableByP)]: family:1, type:2, protocol:0
[  139.298017] firmadyne: sys_socket[PID: 1339 (genVLANTableByP)]: family:1, type:2, protocol:0
[  139.303254] firmadyne: sys_socket[PID: 1339 (genVLANTableByP)]: family:1, type:2, protocol:0
[  139.308718] firmadyne: sys_socket[PID: 1339 (genVLANTableByP)]: family:1, type:2, protocol:0
[  139.315209] firmadyne: sys_socket[PID: 1339 (genVLANTableByP)]: family:1, type:2, protocol:0
[  139.321032] firmadyne: sys_socket[PID: 1339 (genVLANTableByP)]: family:1, type:2, protocol:0
[  139.327457] firmadyne: sys_socket[PID: 1339 (genVLANTableByP)]: family:1, type:2, protocol:0
[  139.332983] firmadyne: sys_socket[PID: 1339 (genVLANTableByP)]: family:1, type:2, protocol:0
