[    0.000000] Linux version 4.1.17+ (alessio@pc) (gcc version 5.5.0 20171010 (Ubuntu 5.5.0-12ubuntu1) ) #1 Mon May 15 23:04:08 CEST 2023
[    0.000000] earlycon: Early serial console at I/O port 0x3f8 (options '38400n8')
[    0.000000] bootconsole [uart0] enabled
[    0.000000] CPU0 revision is: 00019300 (MIPS 24Kc)
[    0.000000] FPU revision is: 00739300
[    0.000000] Software DMA cache coherency enabled
[    0.000000] Determined physical RAM map:
[    0.000000]  memory: 00001000 @ 00000000 (reserved)
[    0.000000]  memory: 000ef000 @ 00001000 (ROM data)
[    0.000000]  memory: 00798000 @ 000f0000 (reserved)
[    0.000000]  memory: 0f777000 @ 00888000 (usable)
[    0.000000] debug: ignoring loglevel setting.
[    0.000000] Wasting 69888 bytes for tracking 2184 unused pages
[    0.000000] Initrd not found or empty - disabling initrd
[    0.000000] Zone ranges:
[    0.000000]   DMA      [mem 0x0000000000000000-0x0000000000ffffff]
[    0.000000]   Normal   [mem 0x0000000001000000-0x000000000fffefff]
[    0.000000] Movable zone start for each node
[    0.000000] Early memory node ranges
[    0.000000]   node   0: [mem 0x0000000000000000-0x000000000fffefff]
[    0.000000] Initmem setup node 0 [mem 0x0000000000000000-0x000000000fffefff]
[    0.000000] On node 0 totalpages: 65535
[    0.000000] free_area_init_node: node 0, pgdat 8081d5b0, node_mem_map 81000000
[    0.000000]   DMA zone: 32 pages used for memmap
[    0.000000]   DMA zone: 0 pages reserved
[    0.000000]   DMA zone: 4096 pages, LIFO batch:0
[    0.000000]   Normal zone: 480 pages used for memmap
[    0.000000]   Normal zone: 61439 pages, LIFO batch:15
[    0.000000] Primary instruction cache 2kB, VIPT, 2-way, linesize 16 bytes.
[    0.000000] Primary data cache 2kB, 2-way, VIPT, no aliases, linesize 16 bytes
[    0.000000] pcpu-alloc: s0 r0 d32768 u32768 alloc=1*32768
[    0.000000] pcpu-alloc: [0] 0 
[    0.000000] Built 1 zonelists in Zone order, mobility grouping on.  Total pages: 65023
[    0.000000] Kernel command line: root=/dev/sda1 console=ttyS0 nandsim.parts=64,64,64,64,64,64,64,64,64,64 rdinit=/firmadyne/preInit.sh rw debug ignore_loglevel print-fatal-signals=1 FIRMAE_NET=true FIRMAE_NVRAM=true FIRMAE_KERNEL=true FIRMAE_ETC=true user_debug=0 firmadyne.syscall=1 noka
[    0.000000] found FIRMAE_KERNEL=t
[    0.000000] set the LD_PRELOAD=/firmadyne/libnvram_ioctl.so
[    0.000000] PID hash table entries: 1024 (order: 0, 4096 bytes)
[    0.000000] Dentry cache hash table entries: 32768 (order: 5, 131072 bytes)
[    0.000000] Inode-cache hash table entries: 16384 (order: 4, 65536 bytes)
[    0.000000] Writing ErrCtl register=00000000
[    0.000000] Readback ErrCtl register=00000000
[    0.000000] Memory: 251112K/262140K available (5360K kernel code, 244K rwdata, 1676K rodata, 260K init, 158K bss, 11028K reserved, 0K cma-reserved)
[    0.000000] NR_IRQS:256
[    0.000000] CPU frequency 200.01 MHz
[    0.000000] clocksource MIPS: mask: 0xffffffff max_cycles: 0xffffffff, max_idle_ns: 19112123411 ns
[    0.000211] sched_clock: 32 bits at 100MHz, resolution 9ns, wraps every 21474295803ns
[    0.032793] Console: colour dummy device 80x25
[    0.033923] Calibrating delay loop... 23.64 BogoMIPS (lpj=47296)
[    0.092414] pid_max: default: 32768 minimum: 301
[    0.096834] Mount-cache hash table entries: 1024 (order: 0, 4096 bytes)
[    0.097375] Mountpoint-cache hash table entries: 1024 (order: 0, 4096 bytes)
[    0.180269] clocksource jiffies: mask: 0xffffffff max_cycles: 0xffffffff, max_idle_ns: 7645041785100000 ns
[    0.191839] NET: Registered protocol family 16
[    0.484205] clocksource pit: mask: 0xffffffff max_cycles: 0xffffffff, max_idle_ns: 1601818034827 ns
[    0.663575] vgaarb: loaded
[    0.669616] SCSI subsystem initialized
[    0.672259] libata version 3.00 loaded.
[    0.676927] usbcore: registered new interface driver usbfs
[    0.678449] usbcore: registered new interface driver hub
[    0.679598] usbcore: registered new device driver usb
[    0.682521] pps_core: LinuxPPS API ver. 1 registered
[    0.682933] pps_core: Software ver. 5.3.6 - Copyright 2005-2007 Rodolfo Giometti <giometti@linux.it>
[    0.684066] PTP clock support registered
[    0.689032] PCI host bridge to bus 0000:00
[    0.689808] pci_bus 0000:00: root bus resource [mem 0x10000000-0x17ffffff]
[    0.690444] pci_bus 0000:00: root bus resource [io  0x1000-0x1fffff]
[    0.691061] pci_bus 0000:00: root bus resource [??? 0x00000000 flags 0x0]
[    0.691659] pci_bus 0000:00: No busn resource found for root bus, will use [bus 00-ff]
[    0.693187] pci 0000:00:00.0: [11ab:4620] type 00 class 0x060000
[    0.694144] pci 0000:00:00.0: [Firmware Bug]: reg 0x14: invalid BAR (can't size)
[    0.694749] pci 0000:00:00.0: [Firmware Bug]: reg 0x18: invalid BAR (can't size)
[    0.695351] pci 0000:00:00.0: [Firmware Bug]: reg 0x1c: invalid BAR (can't size)
[    0.695947] pci 0000:00:00.0: [Firmware Bug]: reg 0x20: invalid BAR (can't size)
[    0.696741] pci 0000:00:00.0: [Firmware Bug]: reg 0x24: invalid BAR (can't size)
[    0.701027] pci 0000:00:0a.0: [8086:7110] type 00 class 0x060100
[    0.704618] pci 0000:00:0a.1: [8086:7111] type 00 class 0x010180
[    0.705629] pci 0000:00:0a.1: reg 0x20: [io  0x0000-0x000f]
[    0.706254] pci 0000:00:0a.1: legacy IDE quirk: reg 0x10: [io  0x01f0-0x01f7]
[    0.706847] pci 0000:00:0a.1: legacy IDE quirk: reg 0x14: [io  0x03f6]
[    0.707432] pci 0000:00:0a.1: legacy IDE quirk: reg 0x18: [io  0x0170-0x0177]
[    0.708018] pci 0000:00:0a.1: legacy IDE quirk: reg 0x1c: [io  0x0376]
[    0.711537] pci 0000:00:0a.2: [8086:7112] type 00 class 0x0c0300
[    0.712245] pci 0000:00:0a.2: reg 0x20: [io  0x0000-0x001f]
[    0.715720] pci 0000:00:0a.3: [8086:7113] type 00 class 0x068000
[    0.717277] pci 0000:00:0a.3: quirk: [io  0x1000-0x103f] claimed by PIIX4 ACPI
[    0.718209] pci 0000:00:0a.3: quirk: [io  0x1100-0x110f] claimed by PIIX4 SMB
[    0.721670] pci 0000:00:12.0: [1013:00b8] type 00 class 0x030000
[    0.722536] pci 0000:00:12.0: reg 0x10: [mem 0x00000000-0x01ffffff pref]
[    0.723177] pci 0000:00:12.0: reg 0x14: [mem 0x00000000-0x00000fff]
[    0.723878] pci 0000:00:12.0: reg 0x30: [mem 0x00000000-0x0000ffff pref]
[    0.726975] vgaarb: device added: PCI:0000:00:12.0,decodes=io+mem,owns=none,locks=none
[    0.728343] pci 0000:00:13.0: [8086:100e] type 00 class 0x020000
[    0.729001] pci 0000:00:13.0: reg 0x10: [mem 0x00000000-0x0001ffff]
[    0.729605] pci 0000:00:13.0: reg 0x14: [io  0x0000-0x003f]
[    0.730275] pci 0000:00:13.0: reg 0x30: [mem 0x00000000-0x0003ffff pref]
[    0.733746] pci 0000:00:14.0: [8086:100e] type 00 class 0x020000
[    0.734385] pci 0000:00:14.0: reg 0x10: [mem 0x00000000-0x0001ffff]
[    0.735007] pci 0000:00:14.0: reg 0x14: [io  0x0000-0x003f]
[    0.735812] pci 0000:00:14.0: reg 0x30: [mem 0x00000000-0x0003ffff pref]
[    0.739210] pci 0000:00:15.0: [8086:100e] type 00 class 0x020000
[    0.739996] pci 0000:00:15.0: reg 0x10: [mem 0x00000000-0x0001ffff]
[    0.740586] pci 0000:00:15.0: reg 0x14: [io  0x0000-0x003f]
[    0.741239] pci 0000:00:15.0: reg 0x30: [mem 0x00000000-0x0003ffff pref]
[    0.744595] pci 0000:00:16.0: [8086:100e] type 00 class 0x020000
[    0.745246] pci 0000:00:16.0: reg 0x10: [mem 0x00000000-0x0001ffff]
[    0.745831] pci 0000:00:16.0: reg 0x14: [io  0x0000-0x003f]
[    0.746483] pci 0000:00:16.0: reg 0x30: [mem 0x00000000-0x0003ffff pref]
[    0.750044] pci_bus 0000:00: busn_res: [bus 00-ff] end is updated to 00
[    0.751711] pci 0000:00:12.0: BAR 0: assigned [mem 0x10000000-0x11ffffff pref]
[    0.752692] pci 0000:00:13.0: BAR 6: assigned [mem 0x12000000-0x1203ffff pref]
[    0.753427] pci 0000:00:14.0: BAR 6: assigned [mem 0x12040000-0x1207ffff pref]
[    0.754111] pci 0000:00:15.0: BAR 6: assigned [mem 0x12080000-0x120bffff pref]
[    0.754787] pci 0000:00:16.0: BAR 6: assigned [mem 0x120c0000-0x120fffff pref]
[    0.755447] pci 0000:00:13.0: BAR 0: assigned [mem 0x12100000-0x1211ffff]
[    0.756262] pci 0000:00:14.0: BAR 0: assigned [mem 0x12120000-0x1213ffff]
[    0.756922] pci 0000:00:15.0: BAR 0: assigned [mem 0x12140000-0x1215ffff]
[    0.757587] pci 0000:00:16.0: BAR 0: assigned [mem 0x12160000-0x1217ffff]
[    0.758261] pci 0000:00:12.0: BAR 6: assigned [mem 0x12180000-0x1218ffff pref]
[    0.758925] pci 0000:00:12.0: BAR 1: assigned [mem 0x12190000-0x12190fff]
[    0.759583] pci 0000:00:13.0: BAR 1: assigned [io  0x1040-0x107f]
[    0.760338] pci 0000:00:14.0: BAR 1: assigned [io  0x1080-0x10bf]
[    0.760944] pci 0000:00:15.0: BAR 1: assigned [io  0x10c0-0x10ff]
[    0.761562] pci 0000:00:16.0: BAR 1: assigned [io  0x1400-0x143f]
[    0.762170] pci 0000:00:0a.2: BAR 4: assigned [io  0x1440-0x145f]
[    0.762783] pci 0000:00:0a.1: BAR 4: assigned [io  0x1460-0x146f]
[    0.781988] cfg80211: Calling CRDA to update world regulatory domain
[    0.796601] Switched to clocksource MIPS
[    0.920072] NET: Registered protocol family 2
[    0.933293] TCP established hash table entries: 2048 (order: 1, 8192 bytes)
[    0.934465] TCP bind hash table entries: 2048 (order: 1, 8192 bytes)
[    0.935573] TCP: Hash tables configured (established 2048 bind 2048)
[    0.936836] UDP hash table entries: 256 (order: 0, 4096 bytes)
[    0.937553] UDP-Lite hash table entries: 256 (order: 0, 4096 bytes)
[    0.941836] NET: Registered protocol family 1
[    0.943647] PCI: Enabling device 0000:00:0a.2 (0000 -> 0001)
[    0.945426] PCI: CLS 0 bytes, default 16
[    0.998558] futex hash table entries: 256 (order: -1, 3072 bytes)
[    1.017971] squashfs: version 4.0 (2009/01/31) Phillip Lougher
[    1.021011] jffs2: version 2.2. (NAND) Â© 2001-2006 Red Hat, Inc.
[    1.024965] romfs: ROMFS MTD (C) 2007 Red Hat, Inc.
[    1.069277] Block layer SCSI generic (bsg) driver version 0.4 loaded (major 251)
[    1.070023] io scheduler noop registered
[    1.070830] io scheduler cfq registered (default)
[    1.071974] firmadyne: devfs: 1, execute: 1, procfs: 1, syscall: 1
[    1.078657] firmadyne: Cannot register character device: gpio, 0xfc, 0x0!
[    1.088259] firmadyne: Cannot register character device: watchdog, 0xa, 0x82!
[    1.089032] firmadyne: Cannot register character device: wdt, 0xfd, 0x0!
[    3.070697] strName = 4.1.17+
[    3.070697] init_task_addr  = 2155778944
[    3.070697] init_task_size  = 1296
[    3.070697] ts_tasks        = 292
[    3.070697] ts_pid          = 408
[    3.070697] ts_tgid         = 412
[    3.070697] ts_group_leader = 440
[    3.070697] ts_thread_group = 496
[    3.070697] ts_real_parent  = 416
[    3.070697] ts_mm           = 300
[    3.070697] ts_stack        = 4
[    3.073667] module_name   = 12
[    3.073667] module_size   = 208
[    3.073667] module_init   = 200
[    3.073667] module_list   = 4
[    3.074711] ts_real_cred    = 624
[    3.074711] ts_cred         = 628
[    3.074711] ts_comm         = 632
[    3.074711] cred_uid        = 4
[    3.074711] cred_gid        = 8
[    3.074711] cred_euid       = 20
[    3.074711] cred_egid       = 24
[    3.076373] mm_mmap         = 0
[    3.076373] mm_pgd          = 32
[    3.076373] mm_arg_start    = 136
[    3.076373] mm_start_brk    = 124
[    3.076373] mm_brk          = 128
[    3.076373] mm_start_stack  = 132
[    3.078169] vma_vm_start    = 0
[    3.078169] vma_vm_end      = 4
[    3.078169] vma_vm_next     = 8
[    3.078169] vma_vm_file     = 80
[    3.078169] vma_vm_flags    = 40
[    3.078169] vma_vm_pgoff    = 76
[    3.079630] file_dentry     = 12
[    3.079630] file_inode      = 40
[    3.079630] dentry_d_name   = 24
[    3.079630] dentry_d_iname  = 44
[    3.079630] dentry_d_parent = 16
[    3.079630] ti_task         = 0
[    3.079630] inode_ino   = 28
[    4.318512] proc_fork_connector  = 2151078840
[    4.318953] proc_exit_connector  = 2151080432
[    4.319331] proc_exec_connector  = 2151079052
[    4.319694] vma_link  = 2149124372
[    4.320011] vma_adjust  = 2149124540
[    4.320342] remove_vma  = 2149122188
[    4.320875] modules  = 2155833724
[    4.321235] trim_init_extable  = 2150545316
[    4.323020] cfg80211: Calling CRDA to update world regulatory domain
[    4.327278] PCI: Enabling device 0000:00:12.0 (0000 -> 0002)
[    4.328932] cirrusfb 0000:00:12.0: Cirrus Logic chipset on PCI bus, RAM (4096 kB) at 0x10000000
[    4.592264] Console: switching to colour frame buffer device 80x30
[    4.675407] Serial: 8250/16550 driver, 4 ports, IRQ sharing enabled
[    4.691132] console [ttyS0] disabled
[    4.717434] serial8250.0: ttyS0 at I/O 0x3f8 (irq = 4, base_baud = 115200) is a 16550A
[    4.718709] console [ttyS0] enabled
[    4.718709] console [ttyS0] enabled
[    4.719349] bootconsole [uart0] disabled
[    4.719349] bootconsole [uart0] disabled
[    4.749433] serial8250.0: ttyS1 at I/O 0x2f8 (irq = 3, base_baud = 115200) is a 16550A
[    4.899736] brd: module loaded
[    4.988317] loop: module loaded
[    4.996102] ata_piix 0000:00:0a.1: version 2.13
[    4.996916] PCI: Enabling device 0000:00:0a.1 (0000 -> 0001)
[    5.026952] scsi host0: ata_piix
[    5.033461] scsi host1: ata_piix
[    5.037863] ata1: PATA max UDMA/33 cmd 0x1f0 ctl 0x3f6 bmdma 0x1460 irq 14
[    5.038466] ata2: PATA max UDMA/33 cmd 0x170 ctl 0x376 bmdma 0x1468 irq 15
[    5.045937] [nandsim] warning: read_byte: unexpected data output cycle, state is STATE_READY return 0x0
[    5.046619] [nandsim] warning: read_byte: unexpected data output cycle, state is STATE_READY return 0x0
[    5.047261] [nandsim] warning: read_byte: unexpected data output cycle, state is STATE_READY return 0x0
[    5.047892] [nandsim] warning: read_byte: unexpected data output cycle, state is STATE_READY return 0x0
[    5.048696] [nandsim] warning: read_byte: unexpected data output cycle, state is STATE_READY return 0x0
[    5.049342] [nandsim] warning: read_byte: unexpected data output cycle, state is STATE_READY return 0x0
[    5.050178] nand: device found, Manufacturer ID: 0x98, Chip ID: 0x39
[    5.050660] nand: Toshiba NAND 128MiB 1,8V 8-bit
[    5.051112] nand: 128 MiB, SLC, erase size: 16 KiB, page size: 512, OOB size: 16
[    5.053148] flash size: 128 MiB
[    5.053459] page size: 512 bytes
[    5.053749] OOB area size: 16 bytes
[    5.054055] sector size: 16 KiB
[    5.054337] pages number: 262144
[    5.054624] pages per sector: 32
[    5.054906] bus width: 8
[    5.055165] bits in sector size: 14
[    5.055463] bits in page size: 9
[    5.055755] bits in OOB size: 4
[    5.056051] flash size with OOB: 135168 KiB
[    5.056395] page address bytes: 4
[    5.056878] sector address bytes: 3
[    5.057194] options: 0x42
[    5.150215] Scanning device for bad blocks
[    6.515811] ata2.01: NODEV after polling detection
[    6.517996] ata2.00: ATAPI: QEMU DVD-ROM, 2.5+, max UDMA/100
[    6.519630] ata1.01: NODEV after polling detection
[    6.521589] ata1.00: ATA-7: QEMU HARDDISK, 2.5+, max UDMA/100
[    6.522134] ata1.00: 2097152 sectors, multi 16: LBA48 
[    6.529182] ata2.00: configured for UDMA/33
[    6.532902] ata1.00: configured for UDMA/33
[    6.558909] scsi 0:0:0:0: Direct-Access     ATA      QEMU HARDDISK    2.5+ PQ: 0 ANSI: 5
[    6.578009] sd 0:0:0:0: [sda] 2097152 512-byte logical blocks: (1.07 GB/1.00 GiB)
[    6.579861] scsi 1:0:0:0: CD-ROM            QEMU     QEMU DVD-ROM     2.5+ PQ: 0 ANSI: 5
[    6.594982] sd 0:0:0:0: [sda] Write Protect is off
[    6.595582] sd 0:0:0:0: [sda] Mode Sense: 00 3a 00 00
[    6.597513] sd 0:0:0:0: [sda] Write cache: enabled, read cache: enabled, doesn't support DPO or FUA
[    6.610878]  sda: sda1
[    6.625443] sd 0:0:0:0: [sda] Attached SCSI disk
[    6.626089] Creating 11 MTD partitions on "NAND 128MiB 1,8V 8-bit":
[    6.626817] 0x000000000000-0x000000100000 : "NAND simulator partition 0"
[    6.639551] 0x000000100000-0x000000200000 : "NAND simulator partition 1"
[    6.651400] 0x000000200000-0x000000300000 : "NAND simulator partition 2"
[    6.663536] 0x000000300000-0x000000400000 : "NAND simulator partition 3"
[    6.675781] 0x000000400000-0x000000500000 : "NAND simulator partition 4"
[    6.688024] 0x000000500000-0x000000600000 : "NAND simulator partition 5"
[    6.700931] 0x000000600000-0x000000700000 : "NAND simulator partition 6"
[    6.713782] 0x000000700000-0x000000800000 : "NAND simulator partition 7"
[    6.741660] 0x000000800000-0x000000900000 : "NAND simulator partition 8"
[    6.753183] 0x000000900000-0x000000a00000 : "NAND simulator partition 9"
[    6.765206] 0x000000a00000-0x000008000000 : "NAND simulator partition 10"
[    6.816665] tun: Universal TUN/TAP device driver, 1.6
[    6.817102] tun: (C) 1999-2004 Max Krasnyansky <maxk@qualcomm.com>
[    6.821336] pcnet32: pcnet32.c:v1.35 21.Apr.2008 tsbogend@alpha.franken.de
[    6.822830] e1000: Intel(R) PRO/1000 Network Driver - version 7.3.21-k8-NAPI
[    6.823338] e1000: Copyright (c) 1999-2006 Intel Corporation.
[    6.824420] PCI: Enabling device 0000:00:13.0 (0000 -> 0003)
[    7.154408] e1000 0000:00:13.0 eth0: (PCI:33MHz:32-bit) 52:54:00:12:34:56
[    7.155140] e1000 0000:00:13.0 eth0: Intel(R) PRO/1000 Network Connection
[    7.155960] PCI: Enabling device 0000:00:14.0 (0000 -> 0003)
[    7.481401] e1000 0000:00:14.0 eth1: (PCI:33MHz:32-bit) 52:54:00:12:34:57
[    7.482037] e1000 0000:00:14.0 eth1: Intel(R) PRO/1000 Network Connection
[    7.482899] PCI: Enabling device 0000:00:15.0 (0000 -> 0003)
[    7.485077] cfg80211: Calling CRDA to update world regulatory domain
[    7.812854] e1000 0000:00:15.0 eth2: (PCI:33MHz:32-bit) 52:54:00:12:34:58
[    7.813499] e1000 0000:00:15.0 eth2: Intel(R) PRO/1000 Network Connection
[    7.814316] PCI: Enabling device 0000:00:16.0 (0000 -> 0003)
[    8.131370] e1000 0000:00:16.0 eth3: (PCI:33MHz:32-bit) 52:54:00:12:34:59
[    8.132049] e1000 0000:00:16.0 eth3: Intel(R) PRO/1000 Network Connection
[    8.133981] e1000e: Intel(R) PRO/1000 Network Driver - 2.3.2-k
[    8.134457] e1000e: Copyright(c) 1999 - 2014 Intel Corporation.
[    8.140323] PPP generic driver version 2.4.2
[    8.143236] PPP Deflate Compression module registered
[    8.144062] PPP MPPE Compression module registered
[    8.144748] NET: Registered protocol family 24
[    8.145673] ehci_hcd: USB 2.0 'Enhanced' Host Controller (EHCI) Driver
[    8.146312] ehci-pci: EHCI PCI platform driver
[    8.147779] ohci_hcd: USB 1.1 'Open' Host Controller (OHCI) Driver
[    8.148391] ohci-pci: OHCI PCI platform driver
[    8.150045] uhci_hcd: USB Universal Host Controller Interface driver
[    8.152104] uhci_hcd 0000:00:0a.2: UHCI Host Controller
[    8.153360] uhci_hcd 0000:00:0a.2: new USB bus registered, assigned bus number 1
[    8.154677] uhci_hcd 0000:00:0a.2: irq 11, io base 0x00001440
[    8.170431] hub 1-0:1.0: USB hub found
[    8.171376] hub 1-0:1.0: 2 ports detected
[    8.201626] usbcore: registered new interface driver usb-storage
[    8.207014] mousedev: PS/2 mouse device common for all mice
[    8.215073] rtc_cmos rtc_cmos: rtc core: registered rtc_cmos as rtc0
[    8.216016] rtc_cmos rtc_cmos: alarms up to one day, 242 bytes nvram
[    8.217965] i2c /dev entries driver
[    8.219541] piix4_smbus 0000:00:0a.3: SMBus Host Controller at 0x1100, revision 0
[    8.225427] sdhci: Secure Digital Host Controller Interface driver
[    8.225874] sdhci: Copyright(c) Pierre Ossman
[    8.228962] hidraw: raw HID events driver (C) Jiri Kosina
[    8.251495] usbcore: registered new interface driver usbhid
[    8.251939] usbhid: USB HID core driver
[    8.253418] Netfilter messages via NETLINK v0.30.
[    8.255068] nf_conntrack version 0.5.0 (3923 buckets, 15692 max)
[    8.259205] ctnetlink v0.93: registering with nfnetlink.
[    8.266427] ipip: IPv4 over IPv4 tunneling driver
[    8.281816] ip_tables: (C) 2000-2006 Netfilter Core Team
[    8.285484] arp_tables: (C) 2002 David S. Miller
[    8.287767] Initializing XFRM netlink socket
[    8.289402] NET: Registered protocol family 10
[    8.316229] ip6_tables: (C) 2000-2006 Netfilter Core Team
[    8.321078] sit: IPv6 over IPv4 tunneling driver
[    8.342532] NET: Registered protocol family 17
[    8.343674] bridge: automatic filtering via arp/ip/ip6tables has been deprecated. Update your scripts to load br_netfilter if you need this.
[    8.345166] Bridge firewalling registered
[    8.345681] Ebtables v2.0 registered
[    8.348363] 8021q: 802.1Q VLAN Support v1.8
[    8.376474] rtc_cmos rtc_cmos: setting system clock to 2025-07-27 23:27:24 UTC (1753658844)
[    8.440121] EXT2-fs (sda1): warning: mounting unchecked fs, running e2fsck is recommended
[    8.442846] VFS: Mounted root (ext2 filesystem) on device 8:1.
[    8.454442] Freeing YAMON memory: 956k freed
[    8.468241] Freeing unused kernel memory: 260K (8081f000 - 80860000)
[    8.640471] firmadyne: sys_reboot[PID: 48 (init)]: magic1:fee1dead, magic2:28121969, cmd:0
init started: BusyBox v1.13.4 (2012-03-09 11:38:45 CST)
starting pid 49, tty '/dev/console': '/usr/etc/rcS'[    8.677152] spurious 8259A interrupt: IRQ7.

[    8.963174] firmadyne: do_execve: /firmadyne/console
[    8.963903] OFFSETS: offset of pid: 0x198 offset of comm: 0x278
[   10.629001] cfg80211: Calling CRDA to update world regulatory domain
[   12.151588] random: nonblocking pool is initialized
[   13.773078] cfg80211: Calling CRDA to update world regulatory domain
insmod finish
[   14.153781] firmadyne: sys_socket[PID: 101 (brctl)]: family:2, type:2, protocol:0
[   14.235333] firmadyne: sys_socket[PID: 102 (brctl)]: family:2, type:2, protocol:0
[   14.312103] firmadyne: sys_socket[PID: 103 (ifconfig)]: family:2, type:1, protocol:0
[   14.326677] IPv6: ADDRCONF(NETDEV_UP): eth0: link is not ready
[   14.327350] 8021q: adding VLAN 0 to HW filter on device eth0
[   14.333270] e1000: eth0 NIC Link is Up 1000 Mbps Full Duplex, Flow Control: RX
[   14.335403] IPv6: ADDRCONF(NETDEV_CHANGE): eth0: link becomes ready
[   14.435928] firmadyne: sys_socket[PID: 104 (ifconfig)]: family:2, type:1, protocol:0
[   14.448070] IPv6: ADDRCONF(NETDEV_UP): eth1: link is not ready
[   14.449010] 8021q: adding VLAN 0 to HW filter on device eth1
[   14.454125] e1000: eth1 NIC Link is Up 1000 Mbps Full Duplex, Flow Control: RX
[   14.455363] IPv6: ADDRCONF(NETDEV_CHANGE): eth1: link becomes ready
[   14.622712] firmadyne: sys_socket[PID: 106 (ifconfig)]: family:2, type:1, protocol:0
[   14.628102] firmadyne: __inet_insert_ifa[PID: 106 (ifconfig)]: device:lo ifa:0x7f000001
[   14.631989] firmadyne: __inet_insert_ifa[PID: 106 (ifconfig)]: device:lo ifa:0x7f000001
[   14.731021] firmadyne: sys_socket[PID: 107 (route)]: family:2, type:1, protocol:0
[   15.109395] firmadyne: sys_socket[PID: 109 (klogd)]: family:1, type:1, protocol:0
[   15.111784] firmadyne: sys_socket[PID: 109 (klogd)]: family:1, type:2, protocol:0
[   15.177142] firmadyne: sys_socket[PID: 109 (klogd)]: family:1, type:1, protocol:0
[   15.178656] firmadyne: sys_socket[PID: 109 (klogd)]: family:1, type:2, protocol:0
[   15.201122] firmadyne: sys_socket[PID: 109 (klogd)]: family:1, type:1, protocol:0
[   15.202639] firmadyne: sys_socket[PID: 109 (klogd)]: family:1, type:2, protocol:0
[   15.221667] firmadyne: sys_socket[PID: 109 (klogd)]: family:1, type:1, protocol:0
[   15.223272] firmadyne: sys_socket[PID: 109 (klogd)]: family:1, type:2, protocol:0
[   15.241261] firmadyne: sys_socket[PID: 109 (klogd)]: family:1, type:1, protocol:0
[   15.242777] firmadyne: sys_socket[PID: 109 (klogd)]: family:1, type:2, protocol:0
/usr/etc/rcS: line 144: can't create /proc/wan_unknowmac2cpu: nonexistent directory
[   15.261113] firmadyne: sys_socket[PID: 109 (klogd)]: family:1, type:1, protocol:0
[   15.262657] firmadyne: sys_socket[PID: 109 (klogd)]: family:1, type:2, protocol:0
[   15.281322] firmadyne: sys_socket[PID: 109 (klogd)]: family:1, type:1, protocol:0
[   15.282888] firmadyne: sys_socket[PID: 109 (klogd)]: family:1, type:2, protocol:0
[   15.305114] firmadyne: sys_socket[PID: 109 (klogd)]: family:1, type:1, protocol:0
[   15.306618] firmadyne: sys_socket[PID: 109 (klogd)]: family:1, type:2, protocol:0
[   15.325189] firmadyne: sys_socket[PID: 109 (klogd)]: family:1, type:1, protocol:0
[   15.326702] firmadyne: sys_socket[PID: 109 (klogd)]: family:1, type:2, protocol:0
[   15.349271] firmadyne: sys_socket[PID: 109 (klogd)]: family:1, type:1, protocol:0
[   15.350806] firmadyne: sys_socket[PID: 109 (klogd)]: family:1, type:2, protocol:0
[   15.369336] firmadyne: sys_socket[PID: 109 (klogd)]: family:1, type:1, protocol:0
[   15.370883] firmadyne: sys_socket[PID: 109 (klogd)]: family:1, type:2, protocol:0
[   15.389778] firmadyne: sys_socket[PID: 109 (klogd)]: family:1, type:1, protocol:0
[   15.391868] firmadyne: sys_socket[PID: 109 (klogd)]: family:1, type:2, protocol:0
[   15.409093] firmadyne: sys_socket[PID: 109 (klogd)]: family:1, type:1, protocol:0
[   15.410628] firmadyne: sys_socket[PID: 109 (klogd)]: family:1, type:2, protocol:0
[   15.429173] firmadyne: sys_socket[PID: 109 (klogd)]: family:1, type:1, protocol:0
[   15.430686] firmadyne: sys_socket[PID: 109 (klogd)]: family:1, type:2, protocol:0
[36m[rc debug][   15.449107] firmadyne: sys_socket[PID: 109 (klogd)]: family:1, type:1, protocol:0
[   15.450587] firmadyne: sys_socket[PID: 109 (klogd)]: family:1, type:2, protocol:0
/usr/sbin/rc init [0m
[32m[SYSTEM]/sbin/ifconfig eth0 down[0m
[   15.469413] firmadyne: sys_socket[PID: 109 (klogd)]: family:1, type:1, protocol:0
[   15.470970] firmadyne: sys_socket[PID: 109 (klogd)]: family:1, type:2, protocol:0
[   15.490000] firmadyne: sys_socket[PID: 109 (klogd)]: family:1, type:1, protocol:0
[   15.491511] firmadyne: sys_socket[PID: 109 (klogd)]: family:1, type:2, protocol:0
[   15.513140] firmadyne: sys_socket[PID: 109 (klogd)]: family:1, type:1, protocol:0
[   15.514695] firmadyne: sys_socket[PID: 109 (klogd)]: family:1, type:2, protocol:0
[   15.533136] firmadyne: sys_socket[PID: 109 (klogd)]: family:1, type:1, protocol:0
[   15.534646] firmadyne: sys_socket[PID: 109 (klogd)]: family:1, type:2, protocol:0
[   15.553093] firmadyne: sys_socket[PID: 109 (klogd)]: family:1, type:1, protocol:0
[   15.554644] firmadyne: sys_socket[PID: 109 (klogd)]: family:1, type:2, protocol:0
[   15.590021] firmadyne: sys_socket[PID: 109 (klogd)]: family:1, type:1, protocol:0
[   15.591537] firmadyne: sys_socket[PID: 109 (klogd)]: family:1, type:2, protocol:0
[   15.617888] firmadyne: sys_socket[PID: 109 (klogd)]: family:1, type:1, protocol:0
[   15.619428] firmadyne: sys_socket[PID: 109 (klogd)]: family:1, type:2, protocol:0
[   15.641224] firmadyne: sys_socket[PID: 109 (klogd)]: family:1, type:1, protocol:0
[   15.642764] firmadyne: sys_socket[PID: 109 (klogd)]: family:1, type:2, protocol:0
[   15.661116] firmadyne: sys_socket[PID: 109 (klogd)]: family:1, type:1, protocol:0
[   15.662653] firmadyne: sys_socket[PID: 109 (klogd)]: family:1, type:2, protocol:0
[   15.681147] firmadyne: sys_socket[PID: 109 (klogd)]: family:1, type:1, protocol:0
[   15.682716] firmadyne: sys_socket[PID: 109 (klogd)]: family:1, type:2, protocol:0
[   15.692570] firmadyne: sys_socket[PID: 116 (ifconfig)]: family:2, type:1, protocol:0
[   15.701242] firmadyne: sys_socket[PID: 109 (klogd)]: family:1, type:1, protocol:0
[   15.702806] firmadyne: sys_socket[PID: 109 (klogd)]: family:1, type:2, protocol:0
[   15.717618] firmadyne: sys_socket[PID: 109 (klogd)]: family:1, type:1, protocol:0
[   15.720027] firmadyne: sys_socket[PID: 109 (klogd)]: family:1, type:2, protocol:0
[   15.768582] firmadyne: sys_socket[PID: 109 (klogd)]: family:1, type:1, protocol:0
[   15.772546] firmadyne: sys_socket[PID: 109 (klogd)]: family:1, type:2, protocol:0
[   15.789289] firmadyne: sys_socket[PID: 109 (klogd)]: family:1, type:1, protocol:0
[   15.790837] firmadyne: sys_socket[PID: 109 (klogd)]: family:1, type:2, protocol:0
[32m[SYSTEM]/sbin/ifconfig eth0 hw ether 00:c0:02:12:35:88 [0m
[   15.813086] firmadyne: sys_socket[PID: 109 (klogd)]: family:1, type:1, protocol:0
[   15.814600] firmadyne: sys_socket[PID: 109 (klogd)]: family:1, type:2, protocol:0
[   15.833161] firmadyne: sys_socket[PID: 109 (klogd)]: family:1, type:1, protocol:0
[   15.834677] firmadyne: sys_socket[PID: 109 (klogd)]: family:1, type:2, protocol:0
[   15.853067] firmadyne: sys_socket[PID: 109 (klogd)]: family:1, type:1, protocol:0
[   15.854586] firmadyne: sys_socket[PID: 109 (klogd)]: family:1, type:2, protocol:0
[   15.873114] firmadyne: sys_socket[PID: 109 (klogd)]: family:1, type:1, protocol:0
[   15.874620] firmadyne: sys_socket[PID: 109 (klogd)]: family:1, type:2, protocol:0
[   15.893074] firmadyne: sys_socket[PID: 109 (klogd)]: family:1, type:1, protocol:0
[   15.894588] firmadyne: sys_socket[PID: 109 (klogd)]: family:1, type:2, protocol:0
[   15.913116] firmadyne: sys_socket[PID: 109 (klogd)]: family:1, type:1, protocol:0
[   15.914629] firmadyne: sys_socket[PID: 109 (klogd)]: family:1, type:2, protocol:0
[   15.933119] firmadyne: sys_socket[PID: 109 (klogd)]: family:1, type:1, protocol:0
[   15.934668] firmadyne: sys_socket[PID: 109 (klogd)]: family:1, type:2, protocol:0
[   15.953094] firmadyne: sys_socket[PID: 109 (klogd)]: family:1, type:1, protocol:0
[   15.954611] firmadyne: sys_socket[PID: 109 (klogd)]: family:1, type:2, protocol:0
[   15.973210] firmadyne: sys_socket[PID: 109 (klogd)]: family:1, type:1, protocol:0
[   15.974721] firmadyne: sys_socket[PID: 109 (klogd)]: family:1, type:2, protocol:0
[   15.980323] firmadyne: sys_socket[PID: 118 (ifconfig)]: family:2, type:1, protocol:0
[   15.997123] firmadyne: sys_socket[PID: 109 (klogd)]: family:1, type:1, protocol:0
[   15.998672] firmadyne: sys_socket[PID: 109 (klogd)]: family:1, type:2, protocol:0
[32m[SYSTEM]/sbin/ifconfig eth0 up[0m
[   16.017525] firmadyne: sys_socket[PID: 109 (klogd)]: family:1, type:1, protocol:0
[   16.019113] firmadyne: sys_socket[PID: 109 (klogd)]: family:1, type:2, protocol:0
[   16.037252] firmadyne: sys_socket[PID: 109 (klogd)]: family:1, type:1, protocol:0
[   16.038838] firmadyne: sys_socket[PID: 109 (klogd)]: family:1, type:2, protocol:0
[   16.073341] firmadyne: sys_socket[PID: 109 (klogd)]: family:1, type:1, protocol:0
[   16.074971] firmadyne: sys_socket[PID: 109 (klogd)]: family:1, type:2, protocol:0
[   16.093092] firmadyne: sys_socket[PID: 109 (klogd)]: family:1, type:1, protocol:0
[   16.094668] firmadyne: sys_socket[PID: 109 (klogd)]: family:1, type:2, protocol:0
[   16.113139] firmadyne: sys_socket[PID: 109 (klogd)]: family:1, type:1, protocol:0
[   16.114734] firmadyne: sys_socket[PID: 109 (klogd)]: family:1, type:2, protocol:0
[   16.133203] firmadyne: sys_socket[PID: 109 (klogd)]: family:1, type:1, protocol:0
[   16.134804] firmadyne: sys_socket[PID: 109 (klogd)]: family:1, type:2, protocol:0
[   16.153140] firmadyne: sys_socket[PID: 109 (klogd)]: family:1, type:1, protocol:0
[   16.154722] firmadyne: sys_socket[PID: 109 (klogd)]: family:1, type:2, protocol:0
[   16.173186] firmadyne: sys_socket[PID: 109 (klogd)]: family:1, type:1, protocol:0
[   16.174777] firmadyne: sys_socket[PID: 109 (klogd)]: family:1, type:2, protocol:0
[   16.193118] firmadyne: sys_socket[PID: 109 (klogd)]: family:1, type:1, protocol:0
[   16.194684] firmadyne: sys_socket[PID: 109 (klogd)]: family:1, type:2, protocol:0
[   16.213058] firmadyne: sys_socket[PID: 109 (klogd)]: family:1, type:1, protocol:0
[   16.214571] firmadyne: sys_socket[PID: 109 (klogd)]: family:1, type:2, protocol:0
[   16.225417] firmadyne: sys_socket[PID: 120 (ifconfig)]: family:2, type:1, protocol:0
[   16.237352] IPv6: ADDRCONF(NETDEV_UP): eth0: link is not ready
[   16.238005] 8021q: adding VLAN 0 to HW filter on device eth0
[   16.242524] firmadyne: sys_socket[PID: 109 (klogd)]: family:1, type:1, protocol:0
[   16.244036] firmadyne: sys_socket[PID: 109 (klogd)]: family:1, type:2, protocol:0
[   16.261231] firmadyne: sys_socket[PID: 109 (klogd)]: family:1, type:1, protocol:0
[   16.262747] firmadyne: sys_socket[PID: 109 (klogd)]: family:1, type:2, protocol:0
[32m[SYSTEM]/bin/renice -20 2[0m
[   16.281365] firmadyne: sys_socket[PID: 109 (klogd)]: family:1, type:1, protocol:0
[   16.282873] firmadyne: sys_socket[PID: 109 (klogd)]: family:1, type:2, protocol:0
[   16.301114] firmadyne: sys_socket[PID: 109 (klogd)]: family:1, type:1, protocol:0
[   16.302625] firmadyne: sys_socket[PID: 109 (klogd)]: family:1, type:2, protocol:0
[   16.321121] firmadyne: sys_socket[PID: 109 (klogd)]: family:1, type:1, protocol:0
[   16.322645] firmadyne: sys_socket[PID: 109 (klogd)]: family:1, type:2, protocol:0
[   16.341059] firmadyne: sys_socket[PID: 109 (klogd)]: family:1, type:1, protocol:0
[   16.342568] firmadyne: sys_socket[PID: 109 (klogd)]: family:1, type:2, protocol:0
[   16.361833] firmadyne: sys_socket[PID: 109 (klogd)]: family:1, type:1, protocol:0
[   16.363435] firmadyne: sys_socket[PID: 109 (klogd)]: family:1, type:2, protocol:0
[   16.381099] firmadyne: sys_socket[PID: 109 (klogd)]: family:1, type:1, protocol:0
[   16.382628] firmadyne: sys_socket[PID: 109 (klogd)]: family:1, type:2, protocol:0
[   16.405145] firmadyne: sys_socket[PID: 109 (klogd)]: family:1, type:1, protocol:0
[   16.406654] firmadyne: sys_socket[PID: 109 (klogd)]: family:1, type:2, protocol:0
[   16.425107] firmadyne: sys_socket[PID: 109 (klogd)]: family:1, type:1, protocol:0
[   16.426621] firmadyne: sys_socket[PID: 109 (klogd)]: family:1, type:2, protocol:0
[   16.445149] firmadyne: sys_socket[PID: 109 (klogd)]: family:1, type:1, protocol:0
[   16.446625] firmadyne: sys_socket[PID: 109 (klogd)]: family:1, type:2, protocol:0
[   16.469228] firmadyne: sys_socket[PID: 109 (klogd)]: family:1, type:1, protocol:0
[   16.470781] firmadyne: sys_socket[PID: 109 (klogd)]: family:1, type:2, protocol:0
[32m[SYSTEM]/bin/renice -20 3[0m
[   16.493364] firmadyne: sys_socket[PID: 109 (klogd)]: family:1, type:1, protocol:0
[   16.494924] firmadyne: sys_socket[PID: 109 (klogd)]: family:1, type:2, protocol:0
[   16.513268] firmadyne: sys_socket[PID: 109 (klogd)]: family:1, type:1, protocol:0
[   16.514821] firmadyne: sys_socket[PID: 109 (klogd)]: family:1, type:2, protocol:0
[   16.533227] firmadyne: sys_socket[PID: 109 (klogd)]: family:1, type:1, protocol:0
[   16.534740] firmadyne: sys_socket[PID: 109 (klogd)]: family:1, type:2, protocol:0
[   16.553094] firmadyne: sys_socket[PID: 109 (klogd)]: family:1, type:1, protocol:0
[   16.554655] firmadyne: sys_socket[PID: 109 (klogd)]: family:1, type:2, protocol:0
[   16.573212] firmadyne: sys_socket[PID: 109 (klogd)]: family:1, type:1, protocol:0
[   16.574771] firmadyne: sys_socket[PID: 109 (klogd)]: family:1, type:2, protocol:0
[   16.599462] firmadyne: sys_socket[PID: 109 (klogd)]: family:1, type:1, protocol:0
[   16.601272] firmadyne: sys_socket[PID: 109 (klogd)]: family:1, type:2, protocol:0
[   16.617456] firmadyne: sys_socket[PID: 109 (klogd)]: family:1, type:1, protocol:0
[   16.619017] firmadyne: sys_socket[PID: 109 (klogd)]: family:1, type:2, protocol:0
[   16.641233] firmadyne: sys_socket[PID: 109 (klogd)]: family:1, type:1, protocol:0
[   16.643934] firmadyne: sys_socket[PID: 109 (klogd)]: family:1, type:2, protocol:0
[   16.665184] firmadyne: sys_socket[PID: 109 (klogd)]: family:1, type:1, protocol:0
[   16.666727] firmadyne: sys_socket[PID: 109 (klogd)]: family:1, type:2, protocol:0
[   16.685044] firmadyne: sys_socket[PID: 109 (klogd)]: family:1, type:1, protocol:0
[   16.686554] firmadyne: sys_socket[PID: 109 (klogd)]: family:1, type:2, protocol:0
[   16.705650] firmadyne: sys_socket[PID: 109 (klogd)]: family:1, type:1, protocol:0
[   16.707164] firmadyne: sys_socket[PID: 109 (klogd)]: family:1, type:2, protocol:0
nvram_init: Initializing NVRAM...
sem_get: Key: 4101802d
[   16.733160] firmadyne: sys_socket[PID: 109 (klogd)]: family:1, type:1, protocol:0
[   16.734695] firmadyne: sys_socket[PID: 109 (klogd)]: family:1, type:2, protocol:0
sem_get: Key: 410f01da
nvram_set_default_builtin: Setting built-in default values!
nvram_set: console_loglevel = "7"
sem_get: Key: 410f01da
sem_get: Key: [   16.753434] firmadyne: sys_socket[PID: 109 (klogd)]: family:1, type:1, protocol:0
[   16.754967] firmadyne: sys_socket[PID: 109 (klogd)]: family:1, type:2, protocol:0
410f01da
nvram_set: restore_defaults = "1"
sem_get: Key: 410f01da
sem_get: Key: 410f01da
nvram_set: sku_name = ""
sem_get: Key: 410f01da
[   16.773115] firmadyne: sys_socket[PID: 109 (klogd)]: family:1, type:1, protocol:0
[   16.774617] firmadyne: sys_socket[PID: 109 (klogd)]: family:1, type:2, protocol:0
sem_get: Key: 410f01da
nvram_set: wla_wlanstate = ""
sem_get: Key: 410f01da
sem_get: Key: 410f01da
nvram_set: lan_if = "br0"
sem_get: Key: 410f01da
[   16.793127] firmadyne: sys_socket[PID: 109 (klogd)]: family:1, type:1, protocol:0
[   16.794673] firmadyne: sys_socket[PID: 109 (klogd)]: family:1, type:2, protocol:0
sem_get: Key: 410f01da
nvram_set: lan_ipaddr = "192.168.0.50"
sem_get: Key: 410f01da
sem_get: Key: 410f01da
nvram_set: lan_bipaddr = "192.168.0.255"
sem_get: Key: 410f01da
sem_get: Key: 410f01da[   16.817310] firmadyne: sys_socket[PID: 109 (klogd)]: family:1, type:1, protocol:0
[   16.818923] firmadyne: sys_socket[PID: 109 (klogd)]: family:1, type:2, protocol:0

nvram_set: lan_netmask = "255.255.255.0"
sem_get: Key: 410f01da
sem_get: Key: 410f01da
nvram_set: time_zone = "PST8PDT"
sem_get: Key: 410f01da
[   16.837194] firmadyne: sys_socket[PID: 109 (klogd)]: family:1, type:1, protocol:0
[   16.838756] firmadyne: sys_socket[PID: 109 (klogd)]: family:1, type:2, protocol:0
sem_get: Key: 410f01da
nvram_set: wan_hwaddr_def = "01:23:45:67:89:ab"
sem_get: Key: 410f01da
sem_get: Key: 410f01da
nvram_set: wan_ifname = "eth0"
sem_get: Key: 410f01da
[   16.857403] firmadyne: sys_socket[PID: 109 (klogd)]: family:1, type:1, protocol:0
[   16.858974] firmadyne: sys_socket[PID: 109 (klogd)]: family:1, type:2, protocol:0
sem_get: Key: 410f01da
nvram_set: lan_ifnames = "eth1 eth2 eth3 eth4"
sem_get: Key: 410f01da
sem_get: Key: 410f01da
nvram_set: ethConver = "1"
sem_get: Key: 410f01da
sem_get: Key: [   16.881252] firmadyne: sys_socket[PID: 109 (klogd)]: family:1, type:1, protocol:0
[   16.882811] firmadyne: sys_socket[PID: 109 (klogd)]: family:1, type:2, protocol:0
410f01da
nvram_set: lan_proto = "dhcp"
sem_get: Key: 410f01da
sem_get: Key: 410f01da
nvram_set: wan_ipaddr = "0.0.0.0"
sem_get: Key: 410f01da
[   16.901288] firmadyne: sys_socket[PID: 109 (klogd)]: family:1, type:1, protocol:0
[   16.902845] firmadyne: sys_socket[PID: 109 (klogd)]: family:1, type:2, protocol:0
sem_get: Key: 410f01da
nvram_set: wan_netmask = "255.255.255.0"
sem_get: Key: 410f01da
sem_get: Key: 410f01da[   16.917227] cfg80211: Calling CRDA to update world regulatory domain

nvram_set: wanif = "[   16.921372] firmadyne: sys_socket[PID: 109 (klogd)]: family:1, type:1, protocol:0
[   16.922900] firmadyne: sys_socket[PID: 109 (klogd)]: family:1, type:2, protocol:0
eth0"
sem_get: Key: 410f01da
sem_get: Key: 410f01da
nvram_set: time_zone_x = "0"
sem_get: Key: 410f01da
sem_get: Key: 410f01da
[   16.941136] firmadyne: sys_socket[PID: 109 (klogd)]: family:1, type:1, protocol:0
[   16.942698] firmadyne: sys_socket[PID: 109 (klogd)]: family:1, type:2, protocol:0
nvram_set: rip_multicast = "0"
sem_get: Key: 410f01da
sem_get: Key: 410f01da
nvram_set: bs_trustedip_enable = "0"
sem_get: Key: 410f01da
sem_get: Key: [   16.961110] firmadyne: sys_socket[PID: 109 (klogd)]: family:1, type:1, protocol:0
[   16.962641] firmadyne: sys_socket[PID: 109 (klogd)]: family:1, type:2, protocol:0
410f01da
nvram_set: et0macaddr = "01:23:45:67:89:ab"
sem_get: Key: 410f01da
sem_get: Key: 410f01da
nvram_set: filter_rule_tbl = ""
sem_get: Key: 410f01da
sem_get[   16.981346] firmadyne: sys_socket[PID: 109 (klogd)]: family:1, type:1, protocol:0
[   16.982906] firmadyne: sys_socket[PID: 109 (klogd)]: family:1, type:2, protocol:0
: Key: 410f01da
nvram_set: pppoe2_schedule_config = "127:0:0:23:59"
sem_get: Key: 410f01da
sem_get: Key: 410f01da
nvram_set: schedule_config = "127:0:0:23:59"
sem_get[   17.001386] firmadyne: sys_socket[PID: 109 (klogd)]: family:1, type:1, protocol:0
[   17.002911] firmadyne: sys_socket[PID: 109 (klogd)]: family:1, type:2, protocol:0
: Key: 410f01da
sem_get: Key: 410f01da
nvram_set: access_control_mode = "0"
sem_get: Key: 410f01da
sem_get: Key: 410f01da
nvram_set: fwpt_df_count = "[   17.021225] firmadyne: sys_socket[PID: 109 (klogd)]: family:1, type:1, protocol:0
[   17.022757] firmadyne: sys_socket[PID: 109 (klogd)]: family:1, type:2, protocol:0
0"
sem_get: Key: 410f01da
sem_get: Key: 410f01da
nvram_set: static_if_status = "1"
sem_get: Key: 410f01da
sem_get: Key: 410f01da
nvram_set[   17.041340] firmadyne: sys_socket[PID: 109 (klogd)]: family:1, type:1, protocol:0
[   17.042878] firmadyne: sys_socket[PID: 109 (klogd)]: family:1, type:2, protocol:0
: www_relocation = ""
sem_get: Key: 410f01da
sem_get: Key: 410f01da
nvram_set: usb_info_dev0 = "A200396E0402FF83@1@14.4G@U@1@USB_Storage;U:;0;0@"
sem_get: Key: 410f01da
sem_get: Key: 410f01da[   17.061106] firmadyne: sys_socket[PID: 109 (klogd)]: family:1, type:1, protocol:0
[   17.062606] firmadyne: sys_socket[PID: 109 (klogd)]: family:1, type:2, protocol:0

nvram_set: usb_info_dev1 = "A200396E0402FF83@1@14.4G@U@1@USB_Storage;U:;0;0@"
sem_get: Key: 410f01da
sem_get: Key: 410f01da
nvram_set: usb_info_dev2 = "A200396E0402FF83@1@14.4G@U@1@USB_Storage;U:;0;0@"
sem_get: Key: 410f01da
[   17.081160] firmadyne: sys_socket[PID: 109 (klogd)]: family:1, type:1, protocol:0
[   17.082688] firmadyne: sys_socket[PID: 109 (klogd)]: family:1, type:2, protocol:0
sem_get: Key: 410f01da
nvram_set: usb_info_dev3 = "A200396E0402FF83@1@14.4G@U@1@USB_Storage;U:;0;0@"
sem_get: Key: 410f01da
sem_get: Key: 410f01da
nvram_set: usb_info_dev4 = "A200396E0402FF83@1@14.4G@U@1@USB_Storage;U:;0;0@"
sem_get: Key: [   17.101367] firmadyne: sys_socket[PID: 109 (klogd)]: family:1, type:1, protocol:0
[   17.102937] firmadyne: sys_socket[PID: 109 (klogd)]: family:1, type:2, protocol:0
410f01da
sem_get: Key: 410f01da
nvram_set: usb_info_dev5 = "A200396E0402FF83@1@14.4G@U@1@USB_Storage;U:;0;0@"
sem_get: Key: 410f01da
sem_get: Key: 410f01da
nvram_set: usb_info_dev6 = "A200396E0402FF83@1@14.4G@U@1@USB_Storage;U:;0;0@"
sem_get: Key: 410f01da
[   17.125165] firmadyne: sys_socket[PID: 109 (klogd)]: family:1, type:1, protocol:0
[   17.126687] firmadyne: sys_socket[PID: 109 (klogd)]: family:1, type:2, protocol:0
sem_get: Key: 410f01da
nvram_set: usb_info_dev7 = "A200396E0402FF83@1@14.4G@U@1@USB_Storage;U:;0;0@"
sem_get: Key: 410f01da
sem_get: Key: 410f01da
nvram_set: usb_info_dev8 = "A200396E0402FF83@1@14.4G@U@1@USB_Storage;U:;0;0@"
sem_get[   17.145246] firmadyne: sys_socket[PID: 109 (klogd)]: family:1, type:1, protocol:0
[   17.146775] firmadyne: sys_socket[PID: 109 (klogd)]: family:1, type:2, protocol:0
: Key: 410f01da
sem_get: Key: 410f01da
nvram_set: usb_info_dev9 = "A200396E0402FF83@1@14.4G@U@1@USB_Storage;U:;0;0@"
sem_get: Key: 410f01da
sem_get: Key: 410f01da
nvram_set: usb_info_dev10 = "[   17.165451] firmadyne: sys_socket[PID: 109 (klogd)]: family:1, type:1, protocol:0
[   17.166982] firmadyne: sys_socket[PID: 109 (klogd)]: family:1, type:2, protocol:0
A200396E0402FF83@1@14.4G@U@1@USB_Storage;U:;0;0@"
sem_get: Key: 410f01da
sem_get: Key: 410f01da
nvram_set: usb_info_dev11 = "A200396E0402FF83@1@14.4G@U@1@USB_Storage;U:;0;0@"
sem_get: Key: 410f01da
sem_get: Key: 410f01da
[   17.185097] firmadyne: sys_socket[PID: 109 (klogd)]: family:1, type:1, protocol:0
[   17.186595] firmadyne: sys_socket[PID: 109 (klogd)]: family:1, type:2, protocol:0
nvram_set: usb_info_dev12 = "A200396E0402FF83@1@14.4G@U@1@USB_Storage;U:;0;0@"
sem_get: Key: 410f01da
sem_get: Key: 410f01da
nvram_set: usb_info_dev13 = "A200396E0402FF83@1@14.4G@U@1@USB_Storage;U:;0;0@"
sem_get: Key: 410f01da
[   17.205297] firmadyne: sys_socket[PID: 109 (klogd)]: family:1, type:1, protocol:0
[   17.206802] firmadyne: sys_socket[PID: 109 (klogd)]: family:1, type:2, protocol:0
sem_get: Key: 410f01da
nvram_set: usb_info_dev14 = "A200396E0402FF83@1@14.4G@U@1@USB_Storage;U:;0;0@"
sem_get: Key: 410f01da
sem_get: Key: 410f01da
nvram_set: usb_info_dev15 = "A200396E0402FF83@1@14.4G@U@1@USB_Storage;U:;0;0@"
[   17.225611] firmadyne: sys_socket[PID: 109 (klogd)]: family:1, type:1, protocol:0
[   17.227177] firmadyne: sys_socket[PID: 109 (klogd)]: family:1, type:2, protocol:0
sem_get: Key: 410f01da
sem_get: Key: 410f01da
nvram_set: usb_info_dev16 = "A200396E0402FF83@1@14.4G@U@1@USB_Storage;U:;0;0@"
sem_get: Key: 410f01da
sem_get: Key: 410f01da
nvram_set[   17.245144] firmadyne: sys_socket[PID: 109 (klogd)]: family:1, type:1, protocol:0
[   17.246677] firmadyne: sys_socket[PID: 109 (klogd)]: family:1, type:2, protocol:0
: usb_info_dev17 = "A200396E0402FF83@1@14.4G@U@1@USB_Storage;U:;0;0@"
sem_get: Key: 410f01da
sem_get: Key: 410f01da
nvram_set: usb_info_dev18 = "A200396E0402FF83@1@14.4G@U@1@USB_Storage;U:;0;0@"
sem_get: Key: 410f01da
sem_get: Key: [   17.265247] firmadyne: sys_socket[PID: 109 (klogd)]: family:1, type:1, protocol:0
[   17.266782] firmadyne: sys_socket[PID: 109 (klogd)]: family:1, type:2, protocol:0
410f01da
nvram_set: usb_info_dev19 = "A200396E0402FF83@1@14.4G@U@1@USB_Storage;U:;0;0@"
sem_get: Key: 410f01da
sem_get: Key: 410f01da
nvram_set: usb_info_dev20 = "A200396E0402FF83@1@14.4G@U@1@USB_Storage;U:;0;0@"
sem_get: Key: 410f01da
[   17.285467] firmadyne: sys_socket[PID: 109 (klogd)]: family:1, type:1, protocol:0
[   17.286996] firmadyne: sys_socket[PID: 109 (klogd)]: family:1, type:2, protocol:0
sem_get: Key: 410f01da
nvram_set: usb_info_dev21 = "A200396E0402FF83@1@14.4G@U@1@USB_Storage;U:;0;0@"
sem_get: Key: 410f01da
sem_get: Key: 410f01da
nvram_set: usb_info_dev22 = "A200396E0402FF83@1@14.4G@U@1@USB_Storage;U:;0;0@"
sem_get: Key: 410f01da
sem_get[   17.309145] firmadyne: sys_socket[PID: 109 (klogd)]: family:1, type:1, protocol:0
[   17.310677] firmadyne: sys_socket[PID: 109 (klogd)]: family:1, type:2, protocol:0
: Key: 410f01da
nvram_set: usb_info_dev23 = "A200396E0402FF83@1@14.4G@U@1@USB_Storage;U:;0;0@"
sem_get: Key: 410f01da
sem_get: Key: 410f01da
nvram_set: usb_info_dev24 = "A200396E0402FF83@1@14.4G@U@1@USB_Storage;U:;0;0@"
sem_get: Key: 410f01da
[   17.329124] firmadyne: sys_socket[PID: 109 (klogd)]: family:1, type:1, protocol:0
[   17.330649] firmadyne: sys_socket[PID: 109 (klogd)]: family:1, type:2, protocol:0
sem_get: Key: 410f01da
nvram_set: usb_info_dev25 = "A200396E0402FF83@1@14.4G@U@1@USB_Storage;U:;0;0@"
sem_get: Key: 410f01da
sem_get: Key: 410f01da
nvram_set: usb_info_dev26 = "A200396E0402FF83@1@14.4G@U@1@USB_Storage;U:;0;0@"
[   17.349345] firmadyne: sys_socket[PID: 109 (klogd)]: family:1, type:1, protocol:0
[   17.350851] firmadyne: sys_socket[PID: 109 (klogd)]: family:1, type:2, protocol:0
sem_get: Key: 410f01da
sem_get: Key: 410f01da
nvram_set: usb_info_dev27 = "A200396E0402FF83@1@14.4G@U@1@USB_Storage;U:;0;0@"
sem_get: Key: 410f01da
sem_get: Key: 410f01da
nvram_set: [   17.369382] firmadyne: sys_socket[PID: 109 (klogd)]: family:1, type:1, protocol:0
[   17.370910] firmadyne: sys_socket[PID: 109 (klogd)]: family:1, type:2, protocol:0
usb_info_dev28 = "A200396E0402FF83@1@14.4G@U@1@USB_Storage;U:;0;0@"
sem_get: Key: 410f01da
sem_get: Key: 410f01da
nvram_set: usb_info_dev29 = "A200396E0402FF83@1@14.4G@U@1@USB_Storage;U:;0;0@"
sem_get: Key: 410f01da
sem_get: Key: 410f01da
nvram_set: usb_info_dev30 = "A200396E0402FF83@1@14.4G@U@1@USB_Storage;U:;0;0@"
[   17.393386] firmadyne: sys_socket[PID: 109 (klogd)]: family:1, type:1, protocol:0
[   17.394935] firmadyne: sys_socket[PID: 109 (klogd)]: family:1, type:2, protocol:0
sem_get: Key: 410f01da
sem_get: Key: 410f01da
nvram_set: usb_info_dev31 = "A200396E0402FF83@1@14.4G@U@1@USB_Storage;U:;0;0@"
sem_get: Key: 410f01da
sem_get: Key: 410f01da
nvram_set: usb_info_dev32 = "A200396E0402FF83@1@14.4G@U@1@USB_Storage;U:;0;0@"
sem_get: Key: 410f01da
sem_get: Key: [   17.421188] firmadyne: sys_socket[PID: 109 (klogd)]: family:1, type:1, protocol:0
[   17.422726] firmadyne: sys_socket[PID: 109 (klogd)]: family:1, type:2, protocol:0
410f01da
nvram_set: usb_info_dev33 = "A200396E0402FF83@1@14.4G@U@1@USB_Storage;U:;0;0@"
sem_get: Key: 410f01da
sem_get: Key: 410f01da
nvram_set: usb_info_dev34 = "A200396E0402FF83@1@14.4G@U@1@USB_Storage;U:;0;0@"
sem_get: Key: 410f01da
[   17.441085] firmadyne: sys_socket[PID: 109 (klogd)]: family:1, type:1, protocol:0
[   17.442584] firmadyne: sys_socket[PID: 109 (klogd)]: family:1, type:2, protocol:0
sem_get: Key: 410f01da
nvram_set: usb_info_dev35 = "A200396E0402FF83@1@14.4G@U@1@USB_Storage;U:;0;0@"
sem_get: Key: 410f01da
sem_get: Key: 410f01da
nvram_set: usb_info_dev36 = "A200396E0402FF83@1@14.4G@U@1@USB_Storage;U:;0;0@"
[   17.461363] firmadyne: sys_socket[PID: 109 (klogd)]: family:1, type:1, protocol:0
[   17.462889] firmadyne: sys_socket[PID: 109 (klogd)]: family:1, type:2, protocol:0
sem_get: Key: 410f01da
sem_get: Key: 410f01da
nvram_set: usb_info_dev37 = "A200396E0402FF83@1@14.4G@U@1@USB_Storage;U:;0;0@"
sem_get: Key: 410f01da
sem_get: Key: 410f01da
nvram_set: usb_info_dev38 = "A200396E0402FF83@1@14.4G@U@1@USB_Storage;U:;0;0@"
sem_get: Key: 410f01da[   17.485220] firmadyne: sys_socket[PID: 109 (klogd)]: family:1, type:1, protocol:0
[   17.486723] firmadyne: sys_socket[PID: 109 (klogd)]: family:1, type:2, protocol:0

sem_get: Key: 410f01da
nvram_set: usb_info_dev39 = "A200396E0402FF83@1@14.4G@U@1@USB_Storage;U:;0;0@"
sem_get: Key: 410f01da
sem_get: Key: 410f01da
nvram_set: usb_info_dev40 = "A200396E0402FF83@1@14.4G@U@1@USB_Storage;U:;0;0@[   17.505187] firmadyne: sys_socket[PID: 109 (klogd)]: family:1, type:1, protocol:0
[   17.506716] firmadyne: sys_socket[PID: 109 (klogd)]: family:1, type:2, protocol:0
"
sem_get: Key: 410f01da
sem_get: Key: 410f01da
nvram_set: usb_info_dev41 = "A200396E0402FF83@1@14.4G@U@1@USB_Storage;U:;0;0@"
sem_get: Key: 410f01da
sem_get: Key: 410f01da
nvram_set[   17.525128] firmadyne: sys_socket[PID: 109 (klogd)]: family:1, type:1, protocol:0
[   17.526653] firmadyne: sys_socket[PID: 109 (klogd)]: family:1, type:2, protocol:0
: usb_info_dev42 = "A200396E0402FF83@1@14.4G@U@1@USB_Storage;U:;0;0@"
sem_get: Key: 410f01da
sem_get: Key: 410f01da
nvram_set: usb_info_dev43 = "A200396E0402FF83@1@14.4G@U@1@USB_Storage;U:;0;0@"
sem_get: Key: 410f01da
sem_get: Key: 410f01da[   17.545447] firmadyne: sys_socket[PID: 109 (klogd)]: family:1, type:1, protocol:0
[   17.547026] firmadyne: sys_socket[PID: 109 (klogd)]: family:1, type:2, protocol:0

nvram_set: usb_info_dev44 = "A200396E0402FF83@1@14.4G@U@1@USB_Storage;U:;0;0@"
sem_get: Key: 410f01da
sem_get: Key: 410f01da
nvram_set: usb_info_dev45 = "A200396E0402FF83@1@14.4G@U@1@USB_Storage;U:;0;0@"
sem_get: Key: 410f01da
[   17.565110] firmadyne: sys_socket[PID: 109 (klogd)]: family:1, type:1, protocol:0
[   17.566630] firmadyne: sys_socket[PID: 109 (klogd)]: family:1, type:2, protocol:0
sem_get: Key: 410f01da
nvram_set: usb_info_dev46 = "A200396E0402FF83@1@14.4G@U@1@USB_Storage;U:;0;0@"
sem_get: Key: 410f01da
sem_get: Key: 410f01da
nvram_set: usb_info_dev47 = "A200396E0402FF83@1@14.4G@U@1@USB_Storage;U:;0;0@"
[   17.585520] firmadyne: sys_socket[PID: 109 (klogd)]: family:1, type:1, protocol:0
[   17.587098] firmadyne: sys_socket[PID: 109 (klogd)]: family:1, type:2, protocol:0
sem_get: Key: 410f01da
sem_get: Key: 410f01da
nvram_set: usb_info_dev48 = "A200396E0402FF83@1@14.4G@U@1@USB_Storage;U:;0;0@"
sem_get: Key: 410f01da
sem_get: Key: 410f01da
nvram_set: usb_info_dev49 = "[   17.609393] firmadyne: sys_socket[PID: 109 (klogd)]: family:1, type:1, protocol:0
[   17.610979] firmadyne: sys_socket[PID: 109 (klogd)]: family:1, type:2, protocol:0
A200396E0402FF83@1@14.4G@U@1@USB_Storage;U:;0;0@"
sem_get: Key: 410f01da
sem_get: Key: 410f01da
nvram_set: usb_info_dev50 = "A200396E0402FF83@1@14.4G@U@1@USB_Storage;U:;0;0@"
sem_get: Key: 410f01da
sem_get: Key: 410f01da
[   17.629404] firmadyne: sys_socket[PID: 109 (klogd)]: family:1, type:1, protocol:0
[   17.630943] firmadyne: sys_socket[PID: 109 (klogd)]: family:1, type:2, protocol:0
nvram_set: usb_info_dev51 = "A200396E0402FF83@1@14.4G@U@1@USB_Storage;U:;0;0@"
sem_get: Key: 410f01da
sem_get: Key: 410f01da
nvram_set: usb_info_dev52 = "A200396E0402FF83@1@14.4G@U@1@USB_Storage;U:;0;0@"
sem_get: Key: 410f01da
[   17.649127] firmadyne: sys_socket[PID: 109 (klogd)]: family:1, type:1, protocol:0
[   17.650657] firmadyne: sys_socket[PID: 109 (klogd)]: family:1, type:2, protocol:0
sem_get: Key: 410f01da
nvram_set: usb_info_dev53 = "A200396E0402FF83@1@14.4G@U@1@USB_Storage;U:;0;0@"
sem_get: Key: 410f01da
sem_get: Key: 410f01da
nvram_set: usb_info_dev54 = "A200396E0402FF83@1@14.4G@U@1@USB_Storage;U:;0;0@"
sem_get[   17.669451] firmadyne: sys_socket[PID: 109 (klogd)]: family:1, type:1, protocol:0
[   17.670977] firmadyne: sys_socket[PID: 109 (klogd)]: family:1, type:2, protocol:0
: Key: 410f01da
sem_get: Key: 410f01da
nvram_set: usb_info_dev55 = "A200396E0402FF83@1@14.4G@U@1@USB_Storage;U:;0;0@"
sem_get: Key: 410f01da
sem_get: Key: 410f01da
nvram_set: usb_info_dev56 = "A200396E0402FF83@1@14.4G@U@1@USB_Storage;U:;0;0@"
sem_get: Key: 410f01da
[   17.693187] firmadyne: sys_socket[PID: 109 (klogd)]: family:1, type:1, protocol:0
[   17.694753] firmadyne: sys_socket[PID: 109 (klogd)]: family:1, type:2, protocol:0
sem_get: Key: 410f01da
nvram_set: usb_info_dev57 = "A200396E0402FF83@1@14.4G@U@1@USB_Storage;U:;0;0@"
sem_get: Key: 410f01da
sem_get: Key: 410f01da
nvram_set: usb_info_dev58 = "A200396E0402FF83@1@14.4G@U@1@USB_Storage;U:;0;0@"
[   17.713585] firmadyne: sys_socket[PID: 109 (klogd)]: family:1, type:1, protocol:0
[   17.715161] firmadyne: sys_socket[PID: 109 (klogd)]: family:1, type:2, protocol:0
sem_get: Key: 410f01da
sem_get: Key: 410f01da
nvram_set: usb_info_dev59 = "A200396E0402FF83@1@14.4G@U@1@USB_Storage;U:;0;0@"
sem_get: Key: 410f01da
sem_get: Key: 410f01da
[   17.733127] firmadyne: sys_socket[PID: 109 (klogd)]: family:1, type:1, protocol:0
[   17.734664] firmadyne: sys_socket[PID: 109 (klogd)]: family:1, type:2, protocol:0
nvram_set: usb_info_dev60 = "A200396E0402FF83@1@14.4G@U@1@USB_Storage;U:;0;0@"
sem_get: Key: 410f01da
sem_get: Key: 410f01da
nvram_set: usb_info_dev61 = "A200396E0402FF83@1@14.4G@U@1@USB_Storage;U:;0;0@"
sem_get: Key: 410f01da
[   17.753110] firmadyne: sys_socket[PID: 109 (klogd)]: family:1, type:1, protocol:0
[   17.754660] firmadyne: sys_socket[PID: 109 (klogd)]: family:1, type:2, protocol:0
sem_get: Key: 410f01da
nvram_set: usb_info_dev62 = "A200396E0402FF83@1@14.4G@U@1@USB_Storage;U:;0;0@"
sem_get: Key: 410f01da
sem_get: Key: 410f01da
nvram_set: usb_info_dev63 = "A200396E0402FF83@1@14.4G@U@1@USB_Storage;U:;0;0@"
sem_get: Key: 410f01da[   17.773268] firmadyne: sys_socket[PID: 109 (klogd)]: family:1, type:1, protocol:0
[   17.774797] firmadyne: sys_socket[PID: 109 (klogd)]: family:1, type:2, protocol:0

sem_get: Key: 410f01da
nvram_set: usb_info_dev64 = "A200396E0402FF83@1@14.4G@U@1@USB_Storage;U:;0;0@"
sem_get: Key: 410f01da
sem_get: Key: 410f01da
nvram_set: usb_info_dev65 = "A200396E0402FF83@1@14.4G@U@1@USB_Storage;U:;0;0@[   17.793171] firmadyne: sys_socket[PID: 109 (klogd)]: family:1, type:1, protocol:0
[   17.794694] firmadyne: sys_socket[PID: 109 (klogd)]: family:1, type:2, protocol:0
"
sem_get: Key: 410f01da
sem_get: Key: 410f01da
nvram_set: usb_info_dev66 = "A200396E0402FF83@1@14.4G@U@1@USB_Storage;U:;0;0@"
sem_get: Key: 410f01da
sem_get: Key: 410f01da
nvram_set: usb_info_dev67 = "A200396E0402FF83@1@14.4G@U@1@USB_Storage;U:;0;0@"
[   17.817385] firmadyne: sys_socket[PID: 109 (klogd)]: family:1, type:1, protocol:0
[   17.818929] firmadyne: sys_socket[PID: 109 (klogd)]: family:1, type:2, protocol:0
sem_get: Key: 410f01da
sem_get: Key: 410f01da
nvram_set: usb_info_dev68 = "A200396E0402FF83@1@14.4G@U@1@USB_Storage;U:;0;0@"
sem_get: Key: 410f01da
sem_get: Key: 410f01da
nvram_set[   17.837263] firmadyne: sys_socket[PID: 109 (klogd)]: family:1, type:1, protocol:0
[   17.838855] firmadyne: sys_socket[PID: 109 (klogd)]: family:1, type:2, protocol:0
: usb_info_dev69 = "A200396E0402FF83@1@14.4G@U@1@USB_Storage;U:;0;0@"
sem_get: Key: 410f01da
sem_get: Key: 410f01da
nvram_set: usb_info_dev70 = "A200396E0402FF83@1@14.4G@U@1@USB_Storage;U:;0;0@"
sem_get: Key: 410f01da
sem_get[   17.857266] firmadyne: sys_socket[PID: 109 (klogd)]: family:1, type:1, protocol:0
[   17.858800] firmadyne: sys_socket[PID: 109 (klogd)]: family:1, type:2, protocol:0
: Key: 410f01da
nvram_set: usb_info_dev71 = "A200396E0402FF83@1@14.4G@U@1@USB_Storage;U:;0;0@"
sem_get: Key: 410f01da
sem_get: Key: 410f01da
nvram_set: usb_info_dev72 = "A200396E0402FF83@1@14.4G@U@1@USB_Storage;U:;0;0@"
sem_get: Key: 410f01da
sem_get: Key: 410f01da
[   17.881123] firmadyne: sys_socket[PID: 109 (klogd)]: family:1, type:1, protocol:0
[   17.882622] firmadyne: sys_socket[PID: 109 (klogd)]: family:1, type:2, protocol:0
nvram_set: usb_info_dev73 = "A200396E0402FF83@1@14.4G@U@1@USB_Storage;U:;0;0@"
sem_get: Key: 410f01da
sem_get: Key: 410f01da
nvram_set: usb_info_dev74 = "A200396E0402FF83@1@14.4G@U@1@USB_Storage;U:;0;0@"
sem_get: Key: 410f01da
[   17.901164] firmadyne: sys_socket[PID: 109 (klogd)]: family:1, type:1, protocol:0
[   17.902748] firmadyne: sys_socket[PID: 109 (klogd)]: family:1, type:2, protocol:0
sem_get: Key: 410f01da
nvram_set: usb_info_dev75 = "A200396E0402FF83@1@14.4G@U@1@USB_Storage;U:;0;0@"
sem_get: Key: 410f01da
sem_get: Key: 410f01da
nvram_set: usb_info_dev76 = "A200396E0402FF83@1@14.4G@U@1@USB_Storage;U:;0;0@"
sem_get: Key: 410f01da[   17.921338] firmadyne: sys_socket[PID: 109 (klogd)]: family:1, type:1, protocol:0
[   17.922908] firmadyne: sys_socket[PID: 109 (klogd)]: family:1, type:2, protocol:0

sem_get: Key: 410f01da
nvram_set: usb_info_dev77 = "A200396E0402FF83@1@14.4G@U@1@USB_Storage;U:;0;0@"
sem_get: Key: 410f01da
sem_get: Key: 410f01da
nvram_set: usb_info_dev78 = "[   17.941115] firmadyne: sys_socket[PID: 109 (klogd)]: family:1, type:1, protocol:0
[   17.942671] firmadyne: sys_socket[PID: 109 (klogd)]: family:1, type:2, protocol:0
A200396E0402FF83@1@14.4G@U@1@USB_Storage;U:;0;0@"
sem_get: Key: 410f01da
sem_get: Key: 410f01da
nvram_set: usb_info_dev79 = "A200396E0402FF83@1@14.4G@U@1@USB_Storage;U:;0;0@"
sem_get: Key: 410f01da
sem_get: Key: 410f01da
[   17.961147] firmadyne: sys_socket[PID: 109 (klogd)]: family:1, type:1, protocol:0
[   17.962669] firmadyne: sys_socket[PID: 109 (klogd)]: family:1, type:2, protocol:0
nvram_set: usb_info_dev80 = "A200396E0402FF83@1@14.4G@U@1@USB_Storage;U:;0;0@"
sem_get: Key: 410f01da
sem_get: Key: 410f01da
nvram_set: usb_info_dev81 = "A200396E0402FF83@1@14.4G@U@1@USB_Storage;U:;0;0@"
sem_get: Key: 410f01da
[   17.981110] firmadyne: sys_socket[PID: 109 (klogd)]: family:1, type:1, protocol:0
[   17.982610] firmadyne: sys_socket[PID: 109 (klogd)]: family:1, type:2, protocol:0
sem_get: Key: 410f01da
nvram_set: usb_info_dev82 = "A200396E0402FF83@1@14.4G@U@1@USB_Storage;U:;0;0@"
sem_get: Key: 410f01da
sem_get: Key: 410f01da
nvram_set: usb_info_dev83 = "A200396E0402FF83@1@14.4G@U@1@USB_Storage;U:;0;0@"
[   18.001160] firmadyne: sys_socket[PID: 109 (klogd)]: family:1, type:1, protocol:0
[   18.002664] firmadyne: sys_socket[PID: 109 (klogd)]: family:1, type:2, protocol:0
sem_get: Key: 410f01da
sem_get: Key: 410f01da
nvram_set: usb_info_dev84 = "A200396E0402FF83@1@14.4G@U@1@USB_Storage;U:;0;0@"
sem_get: Key: 410f01da
sem_get: Key: 410f01da
nvram_set: usb_info_dev85 = "A200396E0402FF83@1@14.4G@U@1@USB_Storage;U:;0;0@[   18.041641] firmadyne: sys_socket[PID: 109 (klogd)]: family:1, type:1, protocol:0
[   18.043097] firmadyne: sys_socket[PID: 109 (klogd)]: family:1, type:2, protocol:0
"
sem_get: Key: 410f01da
sem_get: Key: 410f01da
nvram_set: usb_info_dev86 = "A200396E0402FF83@1@14.4G@U@1@USB_Storage;U:;0;0@"
sem_get: Key: 410f01da
sem_get: Key: 410f01da
[   18.061100] firmadyne: sys_socket[PID: 109 (klogd)]: family:1, type:1, protocol:0
[   18.062597] firmadyne: sys_socket[PID: 109 (klogd)]: family:1, type:2, protocol:0
nvram_set: usb_info_dev87 = "A200396E0402FF83@1@14.4G@U@1@USB_Storage;U:;0;0@"
sem_get: Key: 410f01da
sem_get: Key: 410f01da
nvram_set: usb_info_dev88 = "A200396E0402FF83@1@14.4G@U@1@USB_Storage;U:;0;0@"
sem_get: Key: 410f01da
[   18.081142] firmadyne: sys_socket[PID: 109 (klogd)]: family:1, type:1, protocol:0
[   18.082725] firmadyne: sys_socket[PID: 109 (klogd)]: family:1, type:2, protocol:0
sem_get: Key: 410f01da
nvram_set: usb_info_dev89 = "A200396E0402FF83@1@14.4G@U@1@USB_Storage;U:;0;0@"
sem_get: Key: 410f01da
sem_get: Key: 410f01da
nvram_set: usb_info_dev90 = "A200396E0402FF83@1@14.4G@U@1@USB_Storage;U:;0;0@"
sem_get: Key: [   18.101395] firmadyne: sys_socket[PID: 109 (klogd)]: family:1, type:1, protocol:0
[   18.102977] firmadyne: sys_socket[PID: 109 (klogd)]: family:1, type:2, protocol:0
410f01da
sem_get: Key: 410f01da
nvram_set: usb_info_dev91 = "A200396E0402FF83@1@14.4G@U@1@USB_Storage;U:;0;0@"
sem_get: Key: 410f01da
sem_get: Key: 410f01da
nvram_set: usb_info_dev92 = "A200396E0402FF83@1@14.4G@U@1@USB_Storage;U:;0;0@"
sem_get: Key: 410f01da
[   18.125117] firmadyne: sys_socket[PID: 109 (klogd)]: family:1, type:1, protocol:0
[   18.126652] firmadyne: sys_socket[PID: 109 (klogd)]: family:1, type:2, protocol:0
sem_get: Key: 410f01da
nvram_set: usb_info_dev93 = "A200396E0402FF83@1@14.4G@U@1@USB_Storage;U:;0;0@"
sem_get: Key: 410f01da
sem_get: Key: 410f01da
nvram_set: usb_info_dev94 = "A200396E0402FF83@1@14.4G@U@1@USB_Storage;U:;0;0@"
sem_get: Key: [   18.145430] firmadyne: sys_socket[PID: 109 (klogd)]: family:1, type:1, protocol:0
[   18.146929] firmadyne: sys_socket[PID: 109 (klogd)]: family:1, type:2, protocol:0
410f01da
sem_get: Key: 410f01da
nvram_set: usb_info_dev95 = "A200396E0402FF83@1@14.4G@U@1@USB_Storage;U:;0;0@"
sem_get: Key: 410f01da
sem_get: Key: 410f01da
nvram_set: usb_info_dev96 = "A200396E0402FF83@1@14.4G@U@1@USB_Storage;U:;0;0@"
sem_get: Key: 410f01da
[   18.169096] firmadyne: sys_socket[PID: 109 (klogd)]: family:1, type:1, protocol:0
[   18.170617] firmadyne: sys_socket[PID: 109 (klogd)]: family:1, type:2, protocol:0
sem_get: Key: 410f01da
nvram_set: usb_info_dev97 = "A200396E0402FF83@1@14.4G@U@1@USB_Storage;U:;0;0@"
sem_get: Key: 410f01da
sem_get: Key: 410f01da
nvram_set: usb_info_dev98 = "A200396E0402FF83@1@14.4G@U@1@USB_Storage;U:;0;0@"
sem_get: Key: [   18.189418] firmadyne: sys_socket[PID: 109 (klogd)]: family:1, type:1, protocol:0
[   18.190963] firmadyne: sys_socket[PID: 109 (klogd)]: family:1, type:2, protocol:0
410f01da
sem_get: Key: 410f01da
nvram_set: usb_info_dev99 = "A200396E0402FF83@1@14.4G@U@1@USB_Storage;U:;0;0@"
sem_get: Key: 410f01da
sem_get: Key: 410f01da
nvram_set: usb_info_dev100 = "A200396E0402FF83@1@14.4G@U@1@USB_Storage;U:;0;0@"
sem_get: Key: [   18.213077] firmadyne: sys_socket[PID: 109 (klogd)]: family:1, type:1, protocol:0
[   18.214621] firmadyne: sys_socket[PID: 109 (klogd)]: family:1, type:2, protocol:0
410f01da
sem_get: Key: 410f01da
nvram_set: wla_ap_isolate_1 = ""
sem_get: Key: 410f01da
sem_get: Key: 410f01da
nvram_set: wla_ap_isolate_2 = ""
[   18.233203] firmadyne: sys_socket[PID: 109 (klogd)]: family:1, type:1, protocol:0
[   18.234734] firmadyne: sys_socket[PID: 109 (klogd)]: family:1, type:2, protocol:0
sem_get: Key: 410f01da
sem_get: Key: 410f01da
nvram_set: wla_ap_isolate_3 = "[   18.245902] e1000: eth0 NIC Link is Up 1000 Mbps Full Duplex, Flow Control: RX
[   18.247245] IPv6: ADDRCONF(NETDEV_CHANGE): eth0: link becomes ready
[   18.253128] firmadyne: sys_socket[PID: 109 (klogd)]: family:1, type:1, protocol:0
[   18.254635] firmadyne: sys_socket[PID: 109 (klogd)]: family:1, type:2, protocol:0
"
sem_get: Key: 410f01da
sem_get: Key: 410f01da
nvram_set: wla_ap_isolate_4 = ""
sem_get: Key: 410f01da
sem_get: Key: 410f01da
nvram_set: wlg_ap_isolate_1[   18.273493] firmadyne: sys_socket[PID: 109 (klogd)]: family:1, type:1, protocol:0
[   18.275020] firmadyne: sys_socket[PID: 109 (klogd)]: family:1, type:2, protocol:0
 = ""
sem_get: Key: 410f01da
sem_get: Key: 410f01da
nvram_set: wlg_ap_isolate_2 = ""
sem_get: Key: 410f01da
sem_get: Key: 410f01da
nvram_set: wlg_ap_isolate_3 = ""
sem_get: Key: 410f01da
sem_get: Key: 410f01da
[   18.301109] firmadyne: sys_socket[PID: 109 (klogd)]: family:1, type:1, protocol:0
[   18.302617] firmadyne: sys_socket[PID: 109 (klogd)]: family:1, type:2, protocol:0
nvram_set: wlg_ap_isolate_4 = ""
sem_get: Key: 410f01da
sem_get: Key: 410f01da
nvram_set: wlg_allow_access_1 = ""
sem_get: Key: 410f01da
sem_get: Key: 410f01da
[   18.321110] firmadyne: sys_socket[PID: 109 (klogd)]: family:1, type:1, protocol:0
[   18.322613] firmadyne: sys_socket[PID: 109 (klogd)]: family:1, type:2, protocol:0
nvram_set: wlg_allow_access_2 = ""
sem_get: Key: 410f01da
sem_get: Key: 410f01da
nvram_set: wlg_allow_access_3 = ""
sem_get: Key: 410f01da
sem_get: Key: 410f01da
[   18.341134] firmadyne: sys_socket[PID: 109 (klogd)]: family:1, type:1, protocol:0
[   18.342672] firmadyne: sys_socket[PID: 109 (klogd)]: family:1, type:2, protocol:0
nvram_set: wlg_allow_access_4 = ""
sem_get: Key: 410f01da
sem_get: Key: 410f01da
nvram_set: 0:macaddr = "01:23:45:67:89:ab"
sem_get: Key: 410f01da
sem_get: Key: 410f01da
[   18.361496] firmadyne: sys_socket[PID: 109 (klogd)]: family:1, type:1, protocol:0
[   18.363027] firmadyne: sys_socket[PID: 109 (klogd)]: family:1, type:2, protocol:0
nvram_set: 1:macaddr = "01:23:45:67:89:ab"
sem_get: Key: 410f01da
sem_get: Key: 410f01da
nvram_set: 2:macaddr = "01:23:45:67:89:ab"
sem_get: Key: 410f01da
sem_get: Key: 410f01da
nvram_set: lan1_ifnames = "[   18.385344] firmadyne: sys_socket[PID: 109 (klogd)]: family:1, type:1, protocol:0
[   18.386889] firmadyne: sys_socket[PID: 109 (klogd)]: family:1, type:2, protocol:0
"
sem_get: Key: 410f01da
sem_get: Key: 410f01da
nvram_set: lan2_ifnames = ""
sem_get: Key: 410f01da
sem_get: Key: 410f01da
nvram_set[   18.405456] firmadyne: sys_socket[PID: 109 (klogd)]: family:1, type:1, protocol:0
[   18.407021] firmadyne: sys_socket[PID: 109 (klogd)]: family:1, type:2, protocol:0
: lan3_ifnames = ""
sem_get: Key: 410f01da
sem_get: Key: 410f01da
nvram_set: lan4_ifnames = ""
sem_get: Key: 410f01da
sem_get: Key: 410f01da
[   18.425111] firmadyne: sys_socket[PID: 109 (klogd)]: family:1, type:1, protocol:0
[   18.426611] firmadyne: sys_socket[PID: 109 (klogd)]: family:1, type:2, protocol:0
nvram_set: lan5_ifnames = ""
sem_get: Key: 410f01da
sem_get: Key: 410f01da
nvram_set: lan6_ifnames = ""
sem_get: Key: 410f01da
sem_get: Key: 410f01da
[   18.445111] firmadyne: sys_socket[PID: 109 (klogd)]: family:1, type:1, protocol:0
[   18.446618] firmadyne: sys_socket[PID: 109 (klogd)]: family:1, type:2, protocol:0
nvram_set: lan7_ifnames = ""
sem_get: Key: 410f01da
sem_get: Key: 410f01da
nvram_set: lan8_ifnames = ""
sem_get: Key: 410f01da
sem_get: Key: 410f01da
nvram_set: lan9_ifnames = ""
sem_get: Key: 410f01da[   18.469442] firmadyne: sys_socket[PID: 109 (klogd)]: family:1, type:1, protocol:0
[   18.471013] firmadyne: sys_socket[PID: 109 (klogd)]: family:1, type:2, protocol:0

sem_get: Key: 410f01da
nvram_set_default: Loading built-in default values = 1!
nvram_set_default: Checking for symbol "router_defaults"...
nvram_set_default: Checking for symbol "Nvrams"...
[   18.493168] firmadyne: sys_socket[PID: 109 (klogd)]: family:1, type:1, protocol:0
[   18.494726] firmadyne: sys_socket[PID: 109 (klogd)]: family:1, type:2, protocol:0
nvram_set: time_zone = "GMT+0"
sem_get: Key: 410f01da
sem_get: Key: 410f01da
nvram_set: time_daylight = ""
[   18.513127] firmadyne: sys_socket[PID: 109 (klogd)]: family:1, type:1, protocol:0
[   18.514639] firmadyne: sys_socket[PID: 109 (klogd)]: family:1, type:2, protocol:0
sem_get: Key: 410f01da
sem_get: Key: 410f01da
nvram_set: restore_default = "0"
sem_get: Key: 410f01da
sem_get: Key: 410f01da[   18.533143] firmadyne: sys_socket[PID: 109 (klogd)]: family:1, type:1, protocol:0
[   18.534672] firmadyne: sys_socket[PID: 109 (klogd)]: family:1, type:2, protocol:0

nvram_set: wiz_language = "English"
sem_get: Key: 410f01da
sem_get: Key: 410f01da
nvram_set: wiz_country = "[   18.553220] firmadyne: sys_socket[PID: 109 (klogd)]: family:1, type:1, protocol:0
[   18.554801] firmadyne: sys_socket[PID: 109 (klogd)]: family:1, type:2, protocol:0
"
sem_get: Key: 410f01da
sem_get: Key: 410f01da
nvram_set: fix_ipaddr = ""
sem_get: Key: 410f01da
sem_get: Key: 410f01da
[   18.573102] firmadyne: sys_socket[PID: 109 (klogd)]: family:1, type:1, protocol:0
[   18.574670] firmadyne: sys_socket[PID: 109 (klogd)]: family:1, type:2, protocol:0
nvram_set: fix_netmask = ""
sem_get: Key: 410f01da
sem_get: Key: 410f01da
nvram_set: fix_gateway = ""
sem_get: Key: 410f01da
[   18.593160] firmadyne: sys_socket[PID: 109 (klogd)]: family:1, type:1, protocol:0
[   18.594708] firmadyne: sys_socket[PID: 109 (klogd)]: family:1, type:2, protocol:0
sem_get: Key: 410f01da
nvram_set: wan_ifname = "eth1"
sem_get: Key: 410f01da
sem_get: Key: 410f01da
nvram_set: [   18.617291] firmadyne: sys_socket[PID: 109 (klogd)]: family:1, type:1, protocol:0
[   18.618912] firmadyne: sys_socket[PID: 109 (klogd)]: family:1, type:2, protocol:0
wan_mode = "dhcpc"
sem_get: Key: 410f01da
sem_get: Key: 410f01da
nvram_set: wan_iptype = "Dynamic"
sem_get: Key: 410f01da
[   18.637412] firmadyne: sys_socket[PID: 109 (klogd)]: family:1, type:1, protocol:0
[   18.638968] firmadyne: sys_socket[PID: 109 (klogd)]: family:1, type:2, protocol:0
sem_get: Key: 410f01da
nvram_set: wan_ipaddr = ""
sem_get: Key: 410f01da
sem_get: Key: 410f01da
[   18.657111] firmadyne: sys_socket[PID: 109 (klogd)]: family:1, type:1, protocol:0
[   18.658642] firmadyne: sys_socket[PID: 109 (klogd)]: family:1, type:2, protocol:0
nvram_set: wan_netmask = ""
sem_get: Key: 410f01da
sem_get: Key: 410f01da
nvram_set: wan_gateway = ""
sem_get: Key: 410f01da
[   18.677141] firmadyne: sys_socket[PID: 109 (klogd)]: family:1, type:1, protocol:0
[   18.678717] firmadyne: sys_socket[PID: 109 (klogd)]: family:1, type:2, protocol:0
sem_get: Key: 410f01da
nvram_set: wan_mtu = "1500"
sem_get: Key: 410f01da
sem_get: Key: 410f01da
nvram_set: [   18.697105] firmadyne: sys_socket[PID: 109 (klogd)]: family:1, type:1, protocol:0
[   18.698631] firmadyne: sys_socket[PID: 109 (klogd)]: family:1, type:2, protocol:0
wan_fix_dns = "0"
sem_get: Key: 410f01da
sem_get: Key: 410f01da
nvram_set: wan_dns1 = ""
sem_get: Key: 410f01da
sem_get: Key: 410f01da[   18.717510] firmadyne: sys_socket[PID: 109 (klogd)]: family:1, type:1, protocol:0
[   18.719137] firmadyne: sys_socket[PID: 109 (klogd)]: family:1, type:2, protocol:0

nvram_set: wan_dns2 = ""
sem_get: Key: 410f01da
sem_get: Key: 410f01da
nvram_set: wan_macaddr = ""
sem_get: Key: 410f01da
sem_get: Key: 410f01da[   18.741426] firmadyne: sys_socket[PID: 109 (klogd)]: family:1, type:1, protocol:0
[   18.742984] firmadyne: sys_socket[PID: 109 (klogd)]: family:1, type:2, protocol:0

nvram_set: wan_encap = "1"
sem_get: Key: 410f01da
sem_get: Key: 410f01da
nvram_set: wan_vpi = "0"
[   18.761277] firmadyne: sys_socket[PID: 109 (klogd)]: family:1, type:1, protocol:0
[   18.762840] firmadyne: sys_socket[PID: 109 (klogd)]: family:1, type:2, protocol:0
sem_get: Key: 410f01da
sem_get: Key: 410f01da
nvram_set: wan_vci = "38"
sem_get: Key: 410f01da
sem_get: Key: 410f01da
[   18.781360] firmadyne: sys_socket[PID: 109 (klogd)]: family:1, type:1, protocol:0
[   18.782926] firmadyne: sys_socket[PID: 109 (klogd)]: family:1, type:2, protocol:0
nvram_set: wan_dslmode = "MMODE"
sem_get: Key: 410f01da
sem_get: Key: 410f01da
nvram_set: wan_account = "JNR3210"
sem_get: Key: [   18.805143] firmadyne: sys_socket[PID: 109 (klogd)]: family:1, type:1, protocol:0
[   18.806643] firmadyne: sys_socket[PID: 109 (klogd)]: family:1, type:2, protocol:0
410f01da
sem_get: Key: 410f01da
nvram_set: wan_domain = ""
sem_get: Key: 410f01da
sem_get: Key: 410f01da
[   18.825105] firmadyne: sys_socket[PID: 109 (klogd)]: family:1, type:1, protocol:0
[   18.826642] firmadyne: sys_socket[PID: 109 (klogd)]: family:1, type:2, protocol:0
nvram_set: wan_dod = "1"
sem_get: Key: 410f01da
sem_get: Key: 410f01da
nvram_set: wan_pppoe_relay = "0"
sem_get: Key: 410f01da
[   18.845080] firmadyne: sys_socket[PID: 109 (klogd)]: family:1, type:1, protocol:0
[   18.846553] firmadyne: sys_socket[PID: 109 (klogd)]: family:1, type:2, protocol:0
sem_get: Key: 410f01da
nvram_set: device_name = "JNR3210"
sem_get: Key: 410f01da
sem_get: Key: 410f01da
[   18.865100] firmadyne: sys_socket[PID: 109 (klogd)]: family:1, type:1, protocol:0
[   18.866603] firmadyne: sys_socket[PID: 109 (klogd)]: family:1, type:2, protocol:0
nvram_set: lan_if = "br0"
sem_get: Key: 410f01da
sem_get: Key: 410f01da
nvram_set: lan_ipaddr = "192.168.1.1"
sem_get: Key: 410f01da[   18.885382] firmadyne: sys_socket[PID: 109 (klogd)]: family:1, type:1, protocol:0
[   18.886897] firmadyne: sys_socket[PID: 109 (klogd)]: family:1, type:2, protocol:0

sem_get: Key: 410f01da
nvram_set: lan_netmask = "255.255.255.0"
sem_get: Key: 410f01da
sem_get: Key: 410f01da
[   18.909096] firmadyne: sys_socket[PID: 109 (klogd)]: family:1, type:1, protocol:0
[   18.910600] firmadyne: sys_socket[PID: 109 (klogd)]: family:1, type:2, protocol:0
nvram_set: lan_bipaddr = "192.168.1.255"
sem_get: Key: 410f01da
sem_get: Key: 410f01da
nvram_set: dhcp_server_enable = "1"
[   18.929075] firmadyne: sys_socket[PID: 109 (klogd)]: family:1, type:1, protocol:0
[   18.930579] firmadyne: sys_socket[PID: 109 (klogd)]: family:1, type:2, protocol:0
sem_get: Key: 410f01da
sem_get: Key: 410f01da
nvram_set: dhcp_start_ip = "192.168.1.2"
sem_get: Key: 410f01da
sem_get: Key: 410f01da
[   18.953068] firmadyne: sys_socket[PID: 109 (klogd)]: family:1, type:1, protocol:0
[   18.954575] firmadyne: sys_socket[PID: 109 (klogd)]: family:1, type:2, protocol:0
nvram_set: dhcp_end_ip = "192.168.1.254"
sem_get: Key: 410f01da
sem_get: Key: 410f01da
nvram_set: dhcp_reserved = ""
sem_get: Key: [   18.973095] firmadyne: sys_socket[PID: 109 (klogd)]: family:1, type:1, protocol:0
[   18.974596] firmadyne: sys_socket[PID: 109 (klogd)]: family:1, type:2, protocol:0
410f01da
sem_get: Key: 410f01da
nvram_set: http_username = "admin"
sem_get: Key: 410f01da
sem_get: Key: 410f01da
[   18.993106] firmadyne: sys_socket[PID: 109 (klogd)]: family:1, type:1, protocol:0
[   18.994609] firmadyne: sys_socket[PID: 109 (klogd)]: family:1, type:2, protocol:0
nvram_set: http_password = "password"
sem_get: Key: 410f01da
sem_get: Key: 410f01da
nvram_set: http_timeout = "5"
sem_get: Key: 410f01da
[   19.017205] firmadyne: sys_socket[PID: 109 (klogd)]: family:1, type:1, protocol:0
[   19.018755] firmadyne: sys_socket[PID: 109 (klogd)]: family:1, type:2, protocol:0
sem_get: Key: 410f01da
nvram_set: rt_static_route = ""
sem_get: Key: 410f01da
sem_get: Key: 410f01da
nvram_set: [   19.037349] firmadyne: sys_socket[PID: 109 (klogd)]: family:1, type:1, protocol:0
[   19.038881] firmadyne: sys_socket[PID: 109 (klogd)]: family:1, type:2, protocol:0
rt_rip_version = "0"
sem_get: Key: 410f01da
sem_get: Key: 410f01da
nvram_set: rt_rip_direction = "both"
sem_get: Key: 410f01da
[   19.057474] firmadyne: sys_socket[PID: 109 (klogd)]: family:1, type:1, protocol:0
[   19.059004] firmadyne: sys_socket[PID: 109 (klogd)]: family:1, type:2, protocol:0
sem_get: Key: 410f01da
nvram_set: ddns_enable = "0"
sem_get: Key: 410f01da
sem_get: Key: 410f01da
[   19.077105] firmadyne: sys_socket[PID: 109 (klogd)]: family:1, type:1, protocol:0
[   19.078610] firmadyne: sys_socket[PID: 109 (klogd)]: family:1, type:2, protocol:0
nvram_set: ddns_service_provider = "dyndns"
sem_get: Key: 410f01da
sem_get: Key: 410f01da
nvram_set: ddns_user_name = ""
sem_get[   19.097130] firmadyne: sys_socket[PID: 109 (klogd)]: family:1, type:1, protocol:0
[   19.098631] firmadyne: sys_socket[PID: 109 (klogd)]: family:1, type:2, protocol:0
: Key: 410f01da
sem_get: Key: 410f01da
nvram_set: ddns_password = ""
sem_get: Key: 410f01da
sem_get: Key: 410f01da
[   19.117105] firmadyne: sys_socket[PID: 109 (klogd)]: family:1, type:1, protocol:0
[   19.118802] firmadyne: sys_socket[PID: 109 (klogd)]: family:1, type:2, protocol:0
nvram_set: ddns_host_name = ""
sem_get: Key: 410f01da
sem_get: Key: 410f01da
nvram_set: ddns_use_wildcards = "0"
[   19.137088] firmadyne: sys_socket[PID: 109 (klogd)]: family:1, type:1, protocol:0
[   19.138656] firmadyne: sys_socket[PID: 109 (klogd)]: family:1, type:2, protocol:0
sem_get: Key: 410f01da
sem_get: Key: 410f01da
nvram_set: pppoe_username = ""
sem_get: Key: 410f01da
sem_get: Key: 410f01da
[   19.157102] firmadyne: sys_socket[PID: 109 (klogd)]: family:1, type:1, protocol:0
[   19.158606] firmadyne: sys_socket[PID: 109 (klogd)]: family:1, type:2, protocol:0
nvram_set: pppoe_password = ""
sem_get: Key: 410f01da
sem_get: Key: 410f01da
nvram_set: pppoe_idle = "5"
sem_get: Key: 410f01da[   19.177095] firmadyne: sys_socket[PID: 109 (klogd)]: family:1, type:1, protocol:0
[   19.178604] firmadyne: sys_socket[PID: 109 (klogd)]: family:1, type:2, protocol:0

sem_get: Key: 410f01da
nvram_set: pppoe_service = ""
sem_get: Key: 410f01da
sem_get: Key: 410f01da
[   19.197150] firmadyne: sys_socket[PID: 109 (klogd)]: family:1, type:1, protocol:0
[   19.198655] firmadyne: sys_socket[PID: 109 (klogd)]: family:1, type:2, protocol:0
nvram_set: pptpc_server = "10.0.0.138"
sem_get: Key: 410f01da
sem_get: Key: 410f01da
nvram_set: pppoa_username = "Guest"
sem_get: Key: 410f01da
[   19.221159] firmadyne: sys_socket[PID: 109 (klogd)]: family:1, type:1, protocol:0
[   19.222684] firmadyne: sys_socket[PID: 109 (klogd)]: family:1, type:2, protocol:0
sem_get: Key: 410f01da
nvram_set: pppoa_password = ""
sem_get: Key: 410f01da
sem_get: Key: 410f01da
nvram_set: pppoa_idle[   19.241348] firmadyne: sys_socket[PID: 109 (klogd)]: family:1, type:1, protocol:0
[   19.242889] firmadyne: sys_socket[PID: 109 (klogd)]: family:1, type:2, protocol:0
 = "0"
sem_get: Key: 410f01da
sem_get: Key: 410f01da
nvram_set: pppoa_ipaddr = ""
sem_get: Key: 410f01da
sem_get: Key: [   19.261375] firmadyne: sys_socket[PID: 109 (klogd)]: family:1, type:1, protocol:0
[   19.262949] firmadyne: sys_socket[PID: 109 (klogd)]: family:1, type:2, protocol:0
410f01da
nvram_set: wifi_ssid = "NETGEAR"
sem_get: Key: 410f01da
sem_get: Key: 410f01da
[   19.281121] firmadyne: sys_socket[PID: 109 (klogd)]: family:1, type:1, protocol:0
[   19.282663] firmadyne: sys_socket[PID: 109 (klogd)]: family:1, type:2, protocol:0
nvram_set: wifi_ssid2 = "NETGEAR_Guest"
sem_get: Key: 410f01da
sem_get: Key: 410f01da
nvram_set: wifi_ssid3 = "NETGEAR_Guest2"
[   19.301359] firmadyne: sys_socket[PID: 109 (klogd)]: family:1, type:1, protocol:0
[   19.302908] firmadyne: sys_socket[PID: 109 (klogd)]: family:1, type:2, protocol:0
sem_get: Key: 410f01da
sem_get: Key: 410f01da
nvram_set: wifi_ssid4 = "NETGEAR_Guest3"
sem_get: Key: 410f01da
sem_get: Key: 410f01da
[   19.325106] firmadyne: sys_socket[PID: 109 (klogd)]: family:1, type:1, protocol:0
[   19.326691] firmadyne: sys_socket[PID: 109 (klogd)]: family:1, type:2, protocol:0
nvram_set: wifi_region = "Europe"
sem_get: Key: 410f01da
sem_get: Key: 410f01da
nvram_set: wifi_channel = "0"
[   19.345101] firmadyne: sys_socket[PID: 109 (klogd)]: family:1, type:1, protocol:0
[   19.346676] firmadyne: sys_socket[PID: 109 (klogd)]: family:1, type:2, protocol:0
sem_get: Key: 410f01da
sem_get: Key: 410f01da
nvram_set: wifi_auth_type = "3"
sem_get: Key: 410f01da
sem_get: Key: 410f01da[   19.365390] firmadyne: sys_socket[PID: 109 (klogd)]: family:1, type:1, protocol:0
[   19.366927] firmadyne: sys_socket[PID: 109 (klogd)]: family:1, type:2, protocol:0

nvram_set: wifi_auth_type2 = "3"
sem_get: Key: 410f01da
sem_get: Key: 410f01da
nvram_set: wifi_auth_type3[   19.385457] firmadyne: sys_socket[PID: 109 (klogd)]: family:1, type:1, protocol:0
[   19.386992] firmadyne: sys_socket[PID: 109 (klogd)]: family:1, type:2, protocol:0
 = "3"
sem_get: Key: 410f01da
sem_get: Key: 410f01da
nvram_set: wifi_auth_type4 = "3"
sem_get: Key: 410f01da[   19.405129] firmadyne: sys_socket[PID: 109 (klogd)]: family:1, type:1, protocol:0
[   19.406630] firmadyne: sys_socket[PID: 109 (klogd)]: family:1, type:2, protocol:0

sem_get: Key: 410f01da
nvram_set: wifi_key_len = "0"
sem_get: Key: 410f01da
sem_get: Key: 410f01da
[   19.425108] firmadyne: sys_socket[PID: 109 (klogd)]: family:1, type:1, protocol:0
[   19.426609] firmadyne: sys_socket[PID: 109 (klogd)]: family:1, type:2, protocol:0
nvram_set: wifi_key_len2 = "0"
sem_get: Key: 410f01da
sem_get: Key: 410f01da
nvram_set: wifi_key_len3 = "0"
sem_get: Key: 410f01da[   19.445231] firmadyne: sys_socket[PID: 109 (klogd)]: family:1, type:1, protocol:0
[   19.446741] firmadyne: sys_socket[PID: 109 (klogd)]: family:1, type:2, protocol:0

sem_get: Key: 410f01da
nvram_set: wifi_key_len4 = "0"
sem_get: Key: 410f01da
sem_get: Key: 410f01da
[   19.465100] firmadyne: sys_socket[PID: 109 (klogd)]: family:1, type:1, protocol:0
[   19.466615] firmadyne: sys_socket[PID: 109 (klogd)]: family:1, type:2, protocol:0
nvram_set: wifi_def_key = "1"
sem_get: Key: 410f01da
sem_get: Key: 410f01da
nvram_set: wifi_def_key2 = "1"
sem_get: Key: 410f01da[   19.485226] firmadyne: sys_socket[PID: 109 (klogd)]: family:1, type:1, protocol:0
[   19.486731] firmadyne: sys_socket[PID: 109 (klogd)]: family:1, type:2, protocol:0

sem_get: Key: 410f01da
nvram_set: wifi_def_key3 = "1"
sem_get: Key: 410f01da
sem_get: Key: 410f01da
[   19.505114] firmadyne: sys_socket[PID: 109 (klogd)]: family:1, type:1, protocol:0
[   19.506619] firmadyne: sys_socket[PID: 109 (klogd)]: family:1, type:2, protocol:0
nvram_set: wifi_def_key4 = "1"
sem_get: Key: 410f01da
sem_get: Key: 410f01da
nvram_set: wifi_key1 = ""
sem_get: Key: 410f01da
[   19.525464] firmadyne: sys_socket[PID: 109 (klogd)]: family:1, type:1, protocol:0
[   19.527093] firmadyne: sys_socket[PID: 109 (klogd)]: family:1, type:2, protocol:0
sem_get: Key: 410f01da
nvram_set: wifi_key2 = ""
sem_get: Key: 410f01da
sem_get: Key: 410f01da
nvram_set: wifi_key3 = "[   19.545248] firmadyne: sys_socket[PID: 109 (klogd)]: family:1, type:1, protocol:0
[   19.546775] firmadyne: sys_socket[PID: 109 (klogd)]: family:1, type:2, protocol:0
"
sem_get: Key: 410f01da
sem_get: Key: 410f01da
nvram_set: wifi_key4 = ""
sem_get: Key: 410f01da
sem_get: Key: 410f01da
[   19.565103] firmadyne: sys_socket[PID: 109 (klogd)]: family:1, type:1, protocol:0
[   19.566605] firmadyne: sys_socket[PID: 109 (klogd)]: family:1, type:2, protocol:0
nvram_set: wifi_key12 = ""
sem_get: Key: 410f01da
sem_get: Key: 410f01da
nvram_set: wifi_key22 = ""
sem_get: Key: 410f01da
[   19.585120] firmadyne: sys_socket[PID: 109 (klogd)]: family:1, type:1, protocol:0
[   19.586647] firmadyne: sys_socket[PID: 109 (klogd)]: family:1, type:2, protocol:0
sem_get: Key: 410f01da
nvram_set: wifi_key32 = ""
sem_get: Key: 410f01da
sem_get: Key: 410f01da
nvram_set[   19.605308] firmadyne: sys_socket[PID: 109 (klogd)]: family:1, type:1, protocol:0
[   19.606879] firmadyne: sys_socket[PID: 109 (klogd)]: family:1, type:2, protocol:0
: wifi_key42 = ""
sem_get: Key: 410f01da
sem_get: Key: 410f01da
nvram_set: wifi_key13 = ""
sem_get: Key: 410f01da
sem_get: Key: [   19.625448] firmadyne: sys_socket[PID: 109 (klogd)]: family:1, type:1, protocol:0
[   19.627028] firmadyne: sys_socket[PID: 109 (klogd)]: family:1, type:2, protocol:0
410f01da
nvram_set: wifi_key23 = ""
sem_get: Key: 410f01da
sem_get: Key: 410f01da
nvram_set: wifi_key33 = ""
sem_get: Key: 410f01da
[   19.649269] firmadyne: sys_socket[PID: 109 (klogd)]: family:1, type:1, protocol:0
[   19.650837] firmadyne: sys_socket[PID: 109 (klogd)]: family:1, type:2, protocol:0
sem_get: Key: 410f01da
nvram_set: wifi_key43 = ""
sem_get: Key: 410f01da
sem_get: Key: 410f01da
nvram_set: wifi_key14 = "[   19.669403] firmadyne: sys_socket[PID: 109 (klogd)]: family:1, type:1, protocol:0
[   19.670936] firmadyne: sys_socket[PID: 109 (klogd)]: family:1, type:2, protocol:0
"
sem_get: Key: 410f01da
sem_get: Key: 410f01da
nvram_set: wifi_key24 = ""
sem_get: Key: 410f01da
sem_get: Key: 410f01da
[   19.689127] firmadyne: sys_socket[PID: 109 (klogd)]: family:1, type:1, protocol:0
[   19.690659] firmadyne: sys_socket[PID: 109 (klogd)]: family:1, type:2, protocol:0
nvram_set: wifi_key34 = ""
sem_get: Key: 410f01da
sem_get: Key: 410f01da
nvram_set: wifi_key44 = ""
sem_get: Key: 410f01da
[   19.709087] firmadyne: sys_socket[PID: 109 (klogd)]: family:1, type:1, protocol:0
[   19.710591] firmadyne: sys_socket[PID: 109 (klogd)]: family:1, type:2, protocol:0
sem_get: Key: 410f01da
nvram_set: wifi_psk_pwd = ""
sem_get: Key: 410f01da
sem_get: Key: 410f01da
[   19.729109] firmadyne: sys_socket[PID: 109 (klogd)]: family:1, type:1, protocol:0
[   19.730650] firmadyne: sys_socket[PID: 109 (klogd)]: family:1, type:2, protocol:0
nvram_set: wifi_psk_pwd2 = ""
sem_get: Key: 410f01da
sem_get: Key: 410f01da
nvram_set: wifi_psk_pwd3 = ""
sem_get: Key: 410f01da
sem_get[   19.749252] firmadyne: sys_socket[PID: 109 (klogd)]: family:1, type:1, protocol:0
[   19.750796] firmadyne: sys_socket[PID: 109 (klogd)]: family:1, type:2, protocol:0
: Key: 410f01da
nvram_set: wifi_psk_pwd4 = ""
sem_get: Key: 410f01da
sem_get: Key: 410f01da
nvram_set: wifi_access_control[   19.769399] firmadyne: sys_socket[PID: 109 (klogd)]: family:1, type:1, protocol:0
[   19.770907] firmadyne: sys_socket[PID: 109 (klogd)]: family:1, type:2, protocol:0
 = "0"
sem_get: Key: 410f01da
sem_get: Key: 410f01da
nvram_set: wifi_access_list = ""
sem_get: Key: 410f01da
[   19.789162] firmadyne: sys_socket[PID: 109 (klogd)]: family:1, type:1, protocol:0
[   19.790670] firmadyne: sys_socket[PID: 109 (klogd)]: family:1, type:2, protocol:0
sem_get: Key: 410f01da
nvram_set: wifi_if_on = "1"
sem_get: Key: 410f01da
sem_get: Key: 410f01da
nvram_set: wifi_if_on2 = "0"
sem_get: Key: [   19.813085] firmadyne: sys_socket[PID: 109 (klogd)]: family:1, type:1, protocol:0
[   19.814586] firmadyne: sys_socket[PID: 109 (klogd)]: family:1, type:2, protocol:0
410f01da
sem_get: Key: 410f01da
nvram_set: wifi_if_on3 = "0"
sem_get: Key: 410f01da
sem_get: Key: 410f01da
[   19.833106] firmadyne: sys_socket[PID: 109 (klogd)]: family:1, type:1, protocol:0
[   19.834614] firmadyne: sys_socket[PID: 109 (klogd)]: family:1, type:2, protocol:0
nvram_set: wifi_if_on4 = "0"
sem_get: Key: 410f01da
sem_get: Key: 410f01da
nvram_set: wifi_broadcast_ssid = "1"
sem_get[   19.853404] firmadyne: sys_socket[PID: 109 (klogd)]: family:1, type:1, protocol:0
[   19.854909] firmadyne: sys_socket[PID: 109 (klogd)]: family:1, type:2, protocol:0
: Key: 410f01da
sem_get: Key: 410f01da
nvram_set: wifi_broadcast_ssid2 = "1"
sem_get: Key: 410f01da
sem_get: Key: 410f01da[   19.873339] firmadyne: sys_socket[PID: 109 (klogd)]: family:1, type:1, protocol:0
[   19.874867] firmadyne: sys_socket[PID: 109 (klogd)]: family:1, type:2, protocol:0

nvram_set: wifi_broadcast_ssid3 = "1"
sem_get: Key: 410f01da
sem_get: Key: 410f01da
[   19.893369] firmadyne: sys_socket[PID: 109 (klogd)]: family:1, type:1, protocol:0
[   19.894970] firmadyne: sys_socket[PID: 109 (klogd)]: family:1, type:2, protocol:0
nvram_set: wifi_broadcast_ssid4 = "1"
sem_get: Key: 410f01da
sem_get: Key: 410f01da
nvram_set: wifi_allow_guest2 = "0"
sem_get: Key: [   19.913408] firmadyne: sys_socket[PID: 109 (klogd)]: family:1, type:1, protocol:0
[   19.914909] firmadyne: sys_socket[PID: 109 (klogd)]: family:1, type:2, protocol:0
410f01da
sem_get: Key: 410f01da
nvram_set: wifi_allow_guest3 = "0"
sem_get: Key: 410f01da
sem_get: Key: 410f01da
[   19.937096] firmadyne: sys_socket[PID: 109 (klogd)]: family:1, type:1, protocol:0
[   19.938599] firmadyne: sys_socket[PID: 109 (klogd)]: family:1, type:2, protocol:0
nvram_set: wifi_allow_guest4 = "0"
sem_get: Key: 410f01da
sem_get: Key: 410f01da
nvram_set: wifi_wep_on = "0"
sem_get: Key: [   19.957127] firmadyne: sys_socket[PID: 109 (klogd)]: family:1, type:1, protocol:0
[   19.958626] firmadyne: sys_socket[PID: 109 (klogd)]: family:1, type:2, protocol:0
410f01da
sem_get: Key: 410f01da
nvram_set: wifi_wep_on2 = "0"
sem_get: Key: 410f01da
sem_get: Key: 410f01da
[   19.977092] firmadyne: sys_socket[PID: 109 (klogd)]: family:1, type:1, protocol:0
[   19.978598] firmadyne: sys_socket[PID: 109 (klogd)]: family:1, type:2, protocol:0
nvram_set: wifi_wep_on3 = "0"
sem_get: Key: 410f01da
sem_get: Key: 410f01da
nvram_set: wifi_wep_on4 = "0"
sem_get: Key: 410f01da[   19.997412] firmadyne: sys_socket[PID: 109 (klogd)]: family:1, type:1, protocol:0
[   19.998971] firmadyne: sys_socket[PID: 109 (klogd)]: family:1, type:2, protocol:0

sem_get: Key: 410f01da
nvram_set: wifi_dot11_mode = "8"
sem_get: Key: 410f01da
sem_get: Key: 410f01da
nvram_set: wifi_dot11_iso = "0"
sem_get: Key: 410f01da
[   20.025141] firmadyne: sys_socket[PID: 109 (klogd)]: family:1, type:1, protocol:0
[   20.026674] firmadyne: sys_socket[PID: 109 (klogd)]: family:1, type:2, protocol:0
sem_get: Key: 410f01da
nvram_set: wifi_radius_port = "1812"
sem_get: Key: 410f01da
sem_get: Key: 410f01da
[   20.045119] firmadyne: sys_socket[PID: 109 (klogd)]: family:1, type:1, protocol:0
[   20.046653] firmadyne: sys_socket[PID: 109 (klogd)]: family:1, type:2, protocol:0
nvram_set: wifi_wds = "0"
sem_get: Key: 410f01da
sem_get: Key: 410f01da
[   20.060983] cfg80211: Calling CRDA to update world regulatory domain
nvram_set: wifi_wds_apmode = "[   20.065317] firmadyne: sys_socket[PID: 109 (klogd)]: family:1, type:1, protocol:0
[   20.066826] firmadyne: sys_socket[PID: 109 (klogd)]: family:1, type:2, protocol:0
repeater"
sem_get: Key: 410f01da
sem_get: Key: 410f01da
nvram_set: wifi_wds_bridge0mac = ""
sem_get: Key: 410f01da
sem_get[   20.085428] firmadyne: sys_socket[PID: 109 (klogd)]: family:1, type:1, protocol:0
[   20.086958] firmadyne: sys_socket[PID: 109 (klogd)]: family:1, type:2, protocol:0
: Key: 410f01da
nvram_set: wifi_wds_bridge1mac = ""
sem_get: Key: 410f01da
sem_get: Key: 410f01da
[   20.105102] firmadyne: sys_socket[PID: 109 (klogd)]: family:1, type:1, protocol:0
[   20.106606] firmadyne: sys_socket[PID: 109 (klogd)]: family:1, type:2, protocol:0
nvram_set: wifi_wds_bridge2mac = ""
sem_get: Key: 410f01da
sem_get: Key: 410f01da
nvram_set: wifi_wds_bridge3mac = ""
sem_get: Key: 410f01da
[   20.125133] firmadyne: sys_socket[PID: 109 (klogd)]: family:1, type:1, protocol:0
[   20.126663] firmadyne: sys_socket[PID: 109 (klogd)]: family:1, type:2, protocol:0
sem_get: Key: 410f01da
nvram_set: wifi_wds_bridge4mac = ""
sem_get: Key: 410f01da
sem_get: Key: 410f01da
[   20.145113] firmadyne: sys_socket[PID: 109 (klogd)]: family:1, type:1, protocol:0
[   20.146614] firmadyne: sys_socket[PID: 109 (klogd)]: family:1, type:2, protocol:0
nvram_set: wifi_wds_repeater1mac = ""
sem_get: Key: 410f01da
sem_get: Key: 410f01da
nvram_set: wifi_wds_repeater2mac = ""
sem_get: Key: 410f01da
[   20.165469] firmadyne: sys_socket[PID: 109 (klogd)]: family:1, type:1, protocol:0
[   20.166973] firmadyne: sys_socket[PID: 109 (klogd)]: family:1, type:2, protocol:0
sem_get: Key: 410f01da
nvram_set: wifi_wds_repeater3mac = ""
sem_get: Key: 410f01da
sem_get: Key: 410f01da
[   20.185103] firmadyne: sys_socket[PID: 109 (klogd)]: family:1, type:1, protocol:0
[   20.186605] firmadyne: sys_socket[PID: 109 (klogd)]: family:1, type:2, protocol:0
nvram_set: wifi_wds_repeater4mac = ""
sem_get: Key: 410f01da
sem_get: Key: 410f01da
nvram_set: wifi_frag_thre = "[   20.205372] firmadyne: sys_socket[PID: 109 (klogd)]: family:1, type:1, protocol:0
[   20.206872] firmadyne: sys_socket[PID: 109 (klogd)]: family:1, type:2, protocol:0
2346"
sem_get: Key: 410f01da
sem_get: Key: 410f01da
nvram_set: wifi_rts_thre = "2347"
sem_get: Key: 410f01da
[   20.225092] firmadyne: sys_socket[PID: 109 (klogd)]: family:1, type:1, protocol:0
[   20.226598] firmadyne: sys_socket[PID: 109 (klogd)]: family:1, type:2, protocol:0
sem_get: Key: 410f01da
nvram_set: wifi_enable_shortpreamble = "1"
sem_get: Key: 410f01da
sem_get: Key: 410f01da
[   20.245164] firmadyne: sys_socket[PID: 109 (klogd)]: family:1, type:1, protocol:0
[   20.246680] firmadyne: sys_socket[PID: 109 (klogd)]: family:1, type:2, protocol:0
nvram_set: wifi_ssid1 = "NETGEAR-DualBand-N"
sem_get: Key: 410f01da
sem_get: Key: 410f01da
nvram_set: wifi_ssid12 = "NETGEAR-5G_Guest1"
sem_get[   20.269333] firmadyne: sys_socket[PID: 109 (klogd)]: family:1, type:1, protocol:0
[   20.270844] firmadyne: sys_socket[PID: 109 (klogd)]: family:1, type:2, protocol:0
: Key: 410f01da
sem_get: Key: 410f01da
nvram_set: wifi_ssid13 = "NETGEAR-5G_Guest2"
sem_get: Key: 410f01da
sem_get: Key: 410f01da
nvram_set: wifi_ssid14 = "NETGEAR-5G_Guest3"
sem_get: Key: 410f01da
sem_get: Key: 410f01da
nvram_set: wifi_ssid12_bgn = "0"
sem_get: Key: 410f01da
sem_get: Key: 410f01da
nvram_set: wifi_ssid12_abgn = "0"
sem_get: Key: 410f01da
sem_get: Key: 410f01da
nvram_set: wifi_region1[   20.365342] firmadyne: sys_socket[PID: 109 (klogd)]: family:1, type:1, protocol:0
[   20.366905] firmadyne: sys_socket[PID: 109 (klogd)]: family:1, type:2, protocol:0
 = "Asia"
sem_get: Key: 410f01da
sem_get: Key: 410f01da
nvram_set: wifi_channel1 = "36"
sem_get: Key: 410f01da
[   20.385172] firmadyne: sys_socket[PID: 109 (klogd)]: family:1, type:1, protocol:0
[   20.386705] firmadyne: sys_socket[PID: 109 (klogd)]: family:1, type:2, protocol:0
sem_get: Key: 410f01da
nvram_set: wifi_auth_type1 = "3"
sem_get: Key: 410f01da
sem_get: Key: 410f01da
[   20.405105] firmadyne: sys_socket[PID: 109 (klogd)]: family:1, type:1, protocol:0
[   20.406612] firmadyne: sys_socket[PID: 109 (klogd)]: family:1, type:2, protocol:0
nvram_set: wifi_auth_type12 = "3"
sem_get: Key: 410f01da
sem_get: Key: 410f01da
nvram_set: wifi_auth_type13 = "3"
[   20.425080] firmadyne: sys_socket[PID: 109 (klogd)]: family:1, type:1, protocol:0
[   20.426586] firmadyne: sys_socket[PID: 109 (klogd)]: family:1, type:2, protocol:0
sem_get: Key: 410f01da
sem_get: Key: 410f01da
nvram_set: wifi_auth_type14 = "3"
sem_get: Key: 410f01da
sem_get: Key: 410f01da[   20.445339] firmadyne: sys_socket[PID: 109 (klogd)]: family:1, type:1, protocol:0
[   20.446869] firmadyne: sys_socket[PID: 109 (klogd)]: family:1, type:2, protocol:0

nvram_set: wifi_key_len1 = "0"
sem_get: Key: 410f01da
sem_get: Key: 410f01da
nvram_set: wifi_key_len12 = "0"
sem_get: Key: 410f01da
[   20.469157] firmadyne: sys_socket[PID: 109 (klogd)]: family:1, type:1, protocol:0
[   20.470693] firmadyne: sys_socket[PID: 109 (klogd)]: family:1, type:2, protocol:0
sem_get: Key: 410f01da
nvram_set: wifi_key_len13 = "0"
sem_get: Key: 410f01da
sem_get: Key: 410f01da
[   20.489098] firmadyne: sys_socket[PID: 109 (klogd)]: family:1, type:1, protocol:0
[   20.490599] firmadyne: sys_socket[PID: 109 (klogd)]: family:1, type:2, protocol:0
nvram_set: wifi_key_len14 = "0"
sem_get: Key: 410f01da
sem_get: Key: 410f01da
nvram_set: wifi_def_key1 = "1"
sem_get: Key: 410f01da
[   20.509214] firmadyne: sys_socket[PID: 109 (klogd)]: family:1, type:1, protocol:0
[   20.510786] firmadyne: sys_socket[PID: 109 (klogd)]: family:1, type:2, protocol:0
sem_get: Key: 410f01da
nvram_set: wifi_def_key12 = "1"
sem_get: Key: 410f01da
sem_get: Key: 410f01da
[   20.529091] firmadyne: sys_socket[PID: 109 (klogd)]: family:1, type:1, protocol:0
[   20.530599] firmadyne: sys_socket[PID: 109 (klogd)]: family:1, type:2, protocol:0
nvram_set: wifi_def_key13 = "1"
sem_get: Key: 410f01da
sem_get: Key: 410f01da
nvram_set: wifi_def_key14 = "1"
sem_get[   20.549178] firmadyne: sys_socket[PID: 109 (klogd)]: family:1, type:1, protocol:0
[   20.550724] firmadyne: sys_socket[PID: 109 (klogd)]: family:1, type:2, protocol:0
: Key: 410f01da
sem_get: Key: 410f01da
nvram_set: wifi_key11 = ""
sem_get: Key: 410f01da
sem_get: Key: 410f01da
[   20.569102] firmadyne: sys_socket[PID: 109 (klogd)]: family:1, type:1, protocol:0
[   20.570602] firmadyne: sys_socket[PID: 109 (klogd)]: family:1, type:2, protocol:0
nvram_set: wifi_key21 = ""
sem_get: Key: 410f01da
sem_get: Key: 410f01da
nvram_set: wifi_key31 = ""
sem_get: Key: 410f01da
[   20.589168] firmadyne: sys_socket[PID: 109 (klogd)]: family:1, type:1, protocol:0
[   20.590701] firmadyne: sys_socket[PID: 109 (klogd)]: family:1, type:2, protocol:0
sem_get: Key: 410f01da
nvram_set: wifi_key41 = ""
sem_get: Key: 410f01da
sem_get: Key: 410f01da
nvram_set: wifi_key112 = ""
sem_get: Key: 410f01da
[   20.613152] firmadyne: sys_socket[PID: 109 (klogd)]: family:1, type:1, protocol:0
[   20.614730] firmadyne: sys_socket[PID: 109 (klogd)]: family:1, type:2, protocol:0
sem_get: Key: 410f01da
nvram_set: wifi_key212 = ""
sem_get: Key: 410f01da
sem_get: Key: 410f01da
nvram_set: [   20.633267] firmadyne: sys_socket[PID: 109 (klogd)]: family:1, type:1, protocol:0
[   20.634800] firmadyne: sys_socket[PID: 109 (klogd)]: family:1, type:2, protocol:0
wifi_key312 = ""
sem_get: Key: 410f01da
sem_get: Key: 410f01da
nvram_set: wifi_key412 = ""
sem_get: Key: 410f01da
[   20.653126] firmadyne: sys_socket[PID: 109 (klogd)]: family:1, type:1, protocol:0
[   20.654677] firmadyne: sys_socket[PID: 109 (klogd)]: family:1, type:2, protocol:0
sem_get: Key: 410f01da
nvram_set: wifi_key113 = ""
sem_get: Key: 410f01da
sem_get: Key: 410f01da
nvram_set: wifi_key213 = "[   20.673354] firmadyne: sys_socket[PID: 109 (klogd)]: family:1, type:1, protocol:0
[   20.674884] firmadyne: sys_socket[PID: 109 (klogd)]: family:1, type:2, protocol:0
"
sem_get: Key: 410f01da
sem_get: Key: 410f01da
nvram_set: wifi_key313 = ""
sem_get: Key: 410f01da
sem_get: Key: 410f01da
[   20.693123] firmadyne: sys_socket[PID: 109 (klogd)]: family:1, type:1, protocol:0
[   20.694653] firmadyne: sys_socket[PID: 109 (klogd)]: family:1, type:2, protocol:0
nvram_set: wifi_key413 = ""
sem_get: Key: 410f01da
sem_get: Key: 410f01da
nvram_set: wifi_key114 = ""
sem_get: Key: 410f01da[   20.713076] firmadyne: sys_socket[PID: 109 (klogd)]: family:1, type:1, protocol:0
[   20.714581] firmadyne: sys_socket[PID: 109 (klogd)]: family:1, type:2, protocol:0

sem_get: Key: 410f01da
nvram_set: wifi_key214 = ""
sem_get: Key: 410f01da
sem_get: Key: 410f01da
nvram_set[   20.733276] firmadyne: sys_socket[PID: 109 (klogd)]: family:1, type:1, protocol:0
[   20.734875] firmadyne: sys_socket[PID: 109 (klogd)]: family:1, type:2, protocol:0
: wifi_key314 = ""
sem_get: Key: 410f01da
sem_get: Key: 410f01da
nvram_set: wifi_key414 = ""
sem_get: Key: 410f01da
sem_get: Key: [   20.753108] firmadyne: sys_socket[PID: 109 (klogd)]: family:1, type:1, protocol:0
[   20.754611] firmadyne: sys_socket[PID: 109 (klogd)]: family:1, type:2, protocol:0
410f01da
nvram_set: wifi_psk_pwd1 = ""
sem_get: Key: 410f01da
sem_get: Key: 410f01da
nvram_set: wifi_psk_pwd12 = ""
