[    0.000000] Linux version 4.1.17+ (alessio@pc) (gcc version 5.5.0 20171010 (Ubuntu 5.5.0-12ubuntu1) ) #1 Mon May 15 23:04:08 CEST 2023
[    0.000000] earlycon: Early serial console at I/O port 0x3f8 (options '38400n8')
[    0.000000] bootconsole [uart0] enabled
[    0.000000] CPU0 revision is: 00019300 (MIPS 24Kc)
[    0.000000] FPU revision is: 00739300
[    0.000000] Software DMA cache coherency enabled
[    0.000000] Determined physical RAM map:
[    0.000000]  memory: 00001000 @ 00000000 (reserved)
[    0.000000]  memory: 000ef000 @ 00001000 (ROM data)
[    0.000000]  memory: 00798000 @ 000f0000 (reserved)
[    0.000000]  memory: 0f777000 @ 00888000 (usable)
[    0.000000] debug: ignoring loglevel setting.
[    0.000000] Wasting 69888 bytes for tracking 2184 unused pages
[    0.000000] Initrd not found or empty - disabling initrd
[    0.000000] Zone ranges:
[    0.000000]   DMA      [mem 0x0000000000000000-0x0000000000ffffff]
[    0.000000]   Normal   [mem 0x0000000001000000-0x000000000fffefff]
[    0.000000] Movable zone start for each node
[    0.000000] Early memory node ranges
[    0.000000]   node   0: [mem 0x0000000000000000-0x000000000fffefff]
[    0.000000] Initmem setup node 0 [mem 0x0000000000000000-0x000000000fffefff]
[    0.000000] On node 0 totalpages: 65535
[    0.000000] free_area_init_node: node 0, pgdat 8081d5b0, node_mem_map 81000000
[    0.000000]   DMA zone: 32 pages used for memmap
[    0.000000]   DMA zone: 0 pages reserved
[    0.000000]   DMA zone: 4096 pages, LIFO batch:0
[    0.000000]   Normal zone: 480 pages used for memmap
[    0.000000]   Normal zone: 61439 pages, LIFO batch:15
[    0.000000] Primary instruction cache 2kB, VIPT, 2-way, linesize 16 bytes.
[    0.000000] Primary data cache 2kB, 2-way, VIPT, no aliases, linesize 16 bytes
[    0.000000] pcpu-alloc: s0 r0 d32768 u32768 alloc=1*32768
[    0.000000] pcpu-alloc: [0] 0 
[    0.000000] Built 1 zonelists in Zone order, mobility grouping on.  Total pages: 65023
[    0.000000] Kernel command line: root=/dev/sda1 console=ttyS0 nandsim.parts=64,64,64,64,64,64,64,64,64,64 rdinit=/firmadyne/preInit.sh rw debug ignore_loglevel print-fatal-signals=1 FIRMAE_NET=true FIRMAE_NVRAM=true FIRMAE_KERNEL=true FIRMAE_ETC=true user_debug=0 firmadyne.syscall=1 noka
[    0.000000] found FIRMAE_KERNEL=t
[    0.000000] set the LD_PRELOAD=/firmadyne/libnvram_ioctl.so
[    0.000000] PID hash table entries: 1024 (order: 0, 4096 bytes)
[    0.000000] Dentry cache hash table entries: 32768 (order: 5, 131072 bytes)
[    0.000000] Inode-cache hash table entries: 16384 (order: 4, 65536 bytes)
[    0.000000] Writing ErrCtl register=00000000
[    0.000000] Readback ErrCtl register=00000000
[    0.000000] Memory: 251112K/262140K available (5360K kernel code, 244K rwdata, 1676K rodata, 260K init, 158K bss, 11028K reserved, 0K cma-reserved)
[    0.000000] NR_IRQS:256
[    0.000000] CPU frequency 200.00 MHz
[    0.000000] clocksource MIPS: mask: 0xffffffff max_cycles: 0xffffffff, max_idle_ns: 19112451187 ns
[    0.000169] sched_clock: 32 bits at 100MHz, resolution 9ns, wraps every 21474664443ns
[    0.011140] Console: colour dummy device 80x25
[    0.012136] Calibrating delay loop... 35.84 BogoMIPS (lpj=71680)
[    0.065646] pid_max: default: 32768 minimum: 301
[    0.068823] Mount-cache hash table entries: 1024 (order: 0, 4096 bytes)
[    0.069242] Mountpoint-cache hash table entries: 1024 (order: 0, 4096 bytes)
[    0.119757] clocksource jiffies: mask: 0xffffffff max_cycles: 0xffffffff, max_idle_ns: 7645041785100000 ns
[    0.128184] NET: Registered protocol family 16
[    0.345168] clocksource pit: mask: 0xffffffff max_cycles: 0xffffffff, max_idle_ns: 1601818034827 ns
[    0.465767] vgaarb: loaded
[    0.470271] SCSI subsystem initialized
[    0.472219] libata version 3.00 loaded.
[    0.475766] usbcore: registered new interface driver usbfs
[    0.476884] usbcore: registered new interface driver hub
[    0.477860] usbcore: registered new device driver usb
[    0.479979] pps_core: LinuxPPS API ver. 1 registered
[    0.480320] pps_core: Software ver. 5.3.6 - Copyright 2005-2007 Rodolfo Giometti <giometti@linux.it>
[    0.481075] PTP clock support registered
[    0.484856] PCI host bridge to bus 0000:00
[    0.485486] pci_bus 0000:00: root bus resource [mem 0x10000000-0x17ffffff]
[    0.486107] pci_bus 0000:00: root bus resource [io  0x1000-0x1fffff]
[    0.486584] pci_bus 0000:00: root bus resource [??? 0x00000000 flags 0x0]
[    0.487040] pci_bus 0000:00: No busn resource found for root bus, will use [bus 00-ff]
[    0.488123] pci 0000:00:00.0: [11ab:4620] type 00 class 0x060000
[    0.488870] pci 0000:00:00.0: [Firmware Bug]: reg 0x14: invalid BAR (can't size)
[    0.489341] pci 0000:00:00.0: [Firmware Bug]: reg 0x18: invalid BAR (can't size)
[    0.489795] pci 0000:00:00.0: [Firmware Bug]: reg 0x1c: invalid BAR (can't size)
[    0.490398] pci 0000:00:00.0: [Firmware Bug]: reg 0x20: invalid BAR (can't size)
[    0.490862] pci 0000:00:00.0: [Firmware Bug]: reg 0x24: invalid BAR (can't size)
[    0.493976] pci 0000:00:0a.0: [8086:7110] type 00 class 0x060100
[    0.496777] pci 0000:00:0a.1: [8086:7111] type 00 class 0x010180
[    0.497390] pci 0000:00:0a.1: reg 0x20: [io  0x0000-0x000f]
[    0.497860] pci 0000:00:0a.1: legacy IDE quirk: reg 0x10: [io  0x01f0-0x01f7]
[    0.498322] pci 0000:00:0a.1: legacy IDE quirk: reg 0x14: [io  0x03f6]
[    0.498903] pci 0000:00:0a.1: legacy IDE quirk: reg 0x18: [io  0x0170-0x0177]
[    0.499361] pci 0000:00:0a.1: legacy IDE quirk: reg 0x1c: [io  0x0376]
[    0.501852] pci 0000:00:0a.2: [8086:7112] type 00 class 0x0c0300
[    0.502381] pci 0000:00:0a.2: reg 0x20: [io  0x0000-0x001f]
[    0.504989] pci 0000:00:0a.3: [8086:7113] type 00 class 0x068000
[    0.506007] pci 0000:00:0a.3: quirk: [io  0x1000-0x103f] claimed by PIIX4 ACPI
[    0.506531] pci 0000:00:0a.3: quirk: [io  0x1100-0x110f] claimed by PIIX4 SMB
[    0.509145] pci 0000:00:12.0: [1013:00b8] type 00 class 0x030000
[    0.509647] pci 0000:00:12.0: reg 0x10: [mem 0x00000000-0x01ffffff pref]
[    0.510114] pci 0000:00:12.0: reg 0x14: [mem 0x00000000-0x00000fff]
[    0.510629] pci 0000:00:12.0: reg 0x30: [mem 0x00000000-0x0000ffff pref]
[    0.512830] vgaarb: device added: PCI:0000:00:12.0,decodes=io+mem,owns=none,locks=none
[    0.513818] pci 0000:00:13.0: [8086:100e] type 00 class 0x020000
[    0.514317] pci 0000:00:13.0: reg 0x10: [mem 0x00000000-0x0001ffff]
[    0.514760] pci 0000:00:13.0: reg 0x14: [io  0x0000-0x003f]
[    0.515286] pci 0000:00:13.0: reg 0x30: [mem 0x00000000-0x0003ffff pref]
[    0.517805] pci 0000:00:14.0: [8086:100e] type 00 class 0x020000
[    0.518298] pci 0000:00:14.0: reg 0x10: [mem 0x00000000-0x0001ffff]
[    0.518754] pci 0000:00:14.0: reg 0x14: [io  0x0000-0x003f]
[    0.519252] pci 0000:00:14.0: reg 0x30: [mem 0x00000000-0x0003ffff pref]
[    0.521907] pci 0000:00:15.0: [8086:100e] type 00 class 0x020000
[    0.522398] pci 0000:00:15.0: reg 0x10: [mem 0x00000000-0x0001ffff]
[    0.522848] pci 0000:00:15.0: reg 0x14: [io  0x0000-0x003f]
[    0.523354] pci 0000:00:15.0: reg 0x30: [mem 0x00000000-0x0003ffff pref]
[    0.525900] pci 0000:00:16.0: [8086:100e] type 00 class 0x020000
[    0.526388] pci 0000:00:16.0: reg 0x10: [mem 0x00000000-0x0001ffff]
[    0.526837] pci 0000:00:16.0: reg 0x14: [io  0x0000-0x003f]
[    0.527337] pci 0000:00:16.0: reg 0x30: [mem 0x00000000-0x0003ffff pref]
[    0.530030] pci_bus 0000:00: busn_res: [bus 00-ff] end is updated to 00
[    0.531259] pci 0000:00:12.0: BAR 0: assigned [mem 0x10000000-0x11ffffff pref]
[    0.531872] pci 0000:00:13.0: BAR 6: assigned [mem 0x12000000-0x1203ffff pref]
[    0.532563] pci 0000:00:14.0: BAR 6: assigned [mem 0x12040000-0x1207ffff pref]
[    0.533068] pci 0000:00:15.0: BAR 6: assigned [mem 0x12080000-0x120bffff pref]
[    0.533595] pci 0000:00:16.0: BAR 6: assigned [mem 0x120c0000-0x120fffff pref]
[    0.534173] pci 0000:00:13.0: BAR 0: assigned [mem 0x12100000-0x1211ffff]
[    0.534714] pci 0000:00:14.0: BAR 0: assigned [mem 0x12120000-0x1213ffff]
[    0.535233] pci 0000:00:15.0: BAR 0: assigned [mem 0x12140000-0x1215ffff]
[    0.535758] pci 0000:00:16.0: BAR 0: assigned [mem 0x12160000-0x1217ffff]
[    0.536265] pci 0000:00:12.0: BAR 6: assigned [mem 0x12180000-0x1218ffff pref]
[    0.536929] pci 0000:00:12.0: BAR 1: assigned [mem 0x12190000-0x12190fff]
[    0.537467] pci 0000:00:13.0: BAR 1: assigned [io  0x1040-0x107f]
[    0.537921] pci 0000:00:14.0: BAR 1: assigned [io  0x1080-0x10bf]
[    0.538388] pci 0000:00:15.0: BAR 1: assigned [io  0x10c0-0x10ff]
[    0.538866] pci 0000:00:16.0: BAR 1: assigned [io  0x1400-0x143f]
[    0.539327] pci 0000:00:0a.2: BAR 4: assigned [io  0x1440-0x145f]
[    0.539796] pci 0000:00:0a.1: BAR 4: assigned [io  0x1460-0x146f]
[    0.554022] cfg80211: Calling CRDA to update world regulatory domain
[    0.565040] Switched to clocksource MIPS
[    0.656744] NET: Registered protocol family 2
[    0.666439] TCP established hash table entries: 2048 (order: 1, 8192 bytes)
[    0.667363] TCP bind hash table entries: 2048 (order: 1, 8192 bytes)
[    0.668216] TCP: Hash tables configured (established 2048 bind 2048)
[    0.669207] UDP hash table entries: 256 (order: 0, 4096 bytes)
[    0.669762] UDP-Lite hash table entries: 256 (order: 0, 4096 bytes)
[    0.672796] NET: Registered protocol family 1
[    0.674286] PCI: Enabling device 0000:00:0a.2 (0000 -> 0001)
[    0.675460] PCI: CLS 0 bytes, default 16
[    0.702023] futex hash table entries: 256 (order: -1, 3072 bytes)
[    0.715595] squashfs: version 4.0 (2009/01/31) Phillip Lougher
[    0.717741] jffs2: version 2.2. (NAND) Â© 2001-2006 Red Hat, Inc.
[    0.720396] romfs: ROMFS MTD (C) 2007 Red Hat, Inc.
[    0.739990] Block layer SCSI generic (bsg) driver version 0.4 loaded (major 251)
[    0.740533] io scheduler noop registered
[    0.741286] io scheduler cfq registered (default)
[    0.742111] firmadyne: devfs: 1, execute: 1, procfs: 1, syscall: 1
[    0.746818] firmadyne: Cannot register character device: gpio, 0xfc, 0x0!
[    0.753901] firmadyne: Cannot register character device: watchdog, 0xa, 0x82!
[    0.754317] firmadyne: Cannot register character device: wdt, 0xfd, 0x0!
[    2.179413] strName = 4.1.17+
[    2.179413] init_task_addr  = 2155778944
[    2.179413] init_task_size  = 1296
[    2.179413] ts_tasks        = 292
[    2.179413] ts_pid          = 408
[    2.179413] ts_tgid         = 412
[    2.179413] ts_group_leader = 440
[    2.179413] ts_thread_group = 496
[    2.179413] ts_real_parent  = 416
[    2.179413] ts_mm           = 300
[    2.179413] ts_stack        = 4
[    2.181515] module_name   = 12
[    2.181515] module_size   = 208
[    2.181515] module_init   = 200
[    2.181515] module_list   = 4
[    2.182292] ts_real_cred    = 624
[    2.182292] ts_cred         = 628
[    2.182292] ts_comm         = 632
[    2.182292] cred_uid        = 4
[    2.182292] cred_gid        = 8
[    2.182292] cred_euid       = 20
[    2.182292] cred_egid       = 24
[    2.183548] mm_mmap         = 0
[    2.183548] mm_pgd          = 32
[    2.183548] mm_arg_start    = 136
[    2.183548] mm_start_brk    = 124
[    2.183548] mm_brk          = 128
[    2.183548] mm_start_stack  = 132
[    2.184654] vma_vm_start    = 0
[    2.184654] vma_vm_end      = 4
[    2.184654] vma_vm_next     = 8
[    2.184654] vma_vm_file     = 80
[    2.184654] vma_vm_flags    = 40
[    2.184654] vma_vm_pgoff    = 76
[    2.185991] file_dentry     = 12
[    2.185991] file_inode      = 40
[    2.185991] dentry_d_name   = 24
[    2.185991] dentry_d_iname  = 44
[    2.185991] dentry_d_parent = 16
[    2.185991] ti_task         = 0
[    2.185991] inode_ino   = 28
[    3.090228] proc_fork_connector  = 2151078840
[    3.090552] proc_exit_connector  = 2151080432
[    3.090836] proc_exec_connector  = 2151079052
[    3.091119] vma_link  = 2149124372
[    3.091365] vma_adjust  = 2149124540
[    3.091618] remove_vma  = 2149122188
[    3.091879] modules  = 2155833724
[    3.092140] trim_init_extable  = 2150545316
[    3.095311] PCI: Enabling device 0000:00:12.0 (0000 -> 0002)
[    3.096453] cirrusfb 0000:00:12.0: Cirrus Logic chipset on PCI bus, RAM (4096 kB) at 0x10000000
[    3.331178] Console: switching to colour frame buffer device 80x30
[    3.387904] Serial: 8250/16550 driver, 4 ports, IRQ sharing enabled
[    3.399786] console [ttyS0] disabled
[    3.426860] serial8250.0: ttyS0 at I/O 0x3f8 (irq = 4, base_baud = 115200) is a 16550A
[    3.427854] console [ttyS0] enabled
[    3.427854] console [ttyS0] enabled
[    3.428358] bootconsole [uart0] disabled
[    3.428358] bootconsole [uart0] disabled
[    3.458666] serial8250.0: ttyS1 at I/O 0x2f8 (irq = 3, base_baud = 115200) is a 16550A
[    3.558363] brd: module loaded
[    3.610053] loop: module loaded
[    3.615383] ata_piix 0000:00:0a.1: version 2.13
[    3.615858] PCI: Enabling device 0000:00:0a.1 (0000 -> 0001)
[    3.637478] scsi host0: ata_piix
[    3.642169] scsi host1: ata_piix
[    3.645455] ata1: PATA max UDMA/33 cmd 0x1f0 ctl 0x3f6 bmdma 0x1460 irq 14
[    3.645891] ata2: PATA max UDMA/33 cmd 0x170 ctl 0x376 bmdma 0x1468 irq 15
[    3.651460] [nandsim] warning: read_byte: unexpected data output cycle, state is STATE_READY return 0x0
[    3.651965] [nandsim] warning: read_byte: unexpected data output cycle, state is STATE_READY return 0x0
[    3.652458] [nandsim] warning: read_byte: unexpected data output cycle, state is STATE_READY return 0x0
[    3.652952] [nandsim] warning: read_byte: unexpected data output cycle, state is STATE_READY return 0x0
[    3.653554] [nandsim] warning: read_byte: unexpected data output cycle, state is STATE_READY return 0x0
[    3.654050] [nandsim] warning: read_byte: unexpected data output cycle, state is STATE_READY return 0x0
[    3.654698] nand: device found, Manufacturer ID: 0x98, Chip ID: 0x39
[    3.655079] nand: Toshiba NAND 128MiB 1,8V 8-bit
[    3.655425] nand: 128 MiB, SLC, erase size: 16 KiB, page size: 512, OOB size: 16
[    3.656822] flash size: 128 MiB
[    3.657163] page size: 512 bytes
[    3.657385] OOB area size: 16 bytes
[    3.657612] sector size: 16 KiB
[    3.657824] pages number: 262144
[    3.658039] pages per sector: 32
[    3.658253] bus width: 8
[    3.658443] bits in sector size: 14
[    3.658667] bits in page size: 9
[    3.658884] bits in OOB size: 4
[    3.659104] flash size with OOB: 135168 KiB
[    3.659355] page address bytes: 4
[    3.659573] sector address bytes: 3
[    3.659798] options: 0x42
[    3.727797] Scanning device for bad blocks
[    4.707756] cfg80211: Calling CRDA to update world regulatory domain
[    4.712271] ata2.01: NODEV after polling detection
[    4.712888] ata1.01: NODEV after polling detection
[    4.714500] ata2.00: ATAPI: QEMU DVD-ROM, 2.5+, max UDMA/100
[    4.716228] ata1.00: ATA-7: QEMU HARDDISK, 2.5+, max UDMA/100
[    4.716624] ata1.00: 2097152 sectors, multi 16: LBA48 
[    4.718922] ata2.00: configured for UDMA/33
[    4.724391] ata1.00: configured for UDMA/33
[    4.731154] scsi 0:0:0:0: Direct-Access     ATA      QEMU HARDDISK    2.5+ PQ: 0 ANSI: 5
[    4.744359] sd 0:0:0:0: [sda] 2097152 512-byte logical blocks: (1.07 GB/1.00 GiB)
[    4.746055] scsi 1:0:0:0: CD-ROM            QEMU     QEMU DVD-ROM     2.5+ PQ: 0 ANSI: 5
[    4.756493] sd 0:0:0:0: [sda] Write Protect is off
[    4.756942] sd 0:0:0:0: [sda] Mode Sense: 00 3a 00 00
[    4.758357] sd 0:0:0:0: [sda] Write cache: enabled, read cache: enabled, doesn't support DPO or FUA
[    4.768225]  sda: sda1
[    4.774796] Creating 11 MTD partitions on "NAND 128MiB 1,8V 8-bit":
[    4.775378] 0x000000000000-0x000000100000 : "NAND simulator partition 0"
[    4.784761] 0x000000100000-0x000000200000 : "NAND simulator partition 1"
[    4.793723] 0x000000200000-0x000000300000 : "NAND simulator partition 2"
[    4.802653] 0x000000300000-0x000000400000 : "NAND simulator partition 3"
[    4.811726] 0x000000400000-0x000000500000 : "NAND simulator partition 4"
[    4.820795] 0x000000500000-0x000000600000 : "NAND simulator partition 5"
[    4.830292] 0x000000600000-0x000000700000 : "NAND simulator partition 6"
[    4.839604] 0x000000700000-0x000000800000 : "NAND simulator partition 7"
[    4.849216] 0x000000800000-0x000000900000 : "NAND simulator partition 8"
[    4.858010] 0x000000900000-0x000000a00000 : "NAND simulator partition 9"
[    4.866911] 0x000000a00000-0x000008000000 : "NAND simulator partition 10"
[    4.904737] tun: Universal TUN/TAP device driver, 1.6
[    4.905184] tun: (C) 1999-2004 Max Krasnyansky <maxk@qualcomm.com>
[    4.908115] pcnet32: pcnet32.c:v1.35 21.Apr.2008 tsbogend@alpha.franken.de
[    4.909324] e1000: Intel(R) PRO/1000 Network Driver - version 7.3.21-k8-NAPI
[    4.909714] e1000: Copyright (c) 1999-2006 Intel Corporation.
[    4.910539] PCI: Enabling device 0000:00:13.0 (0000 -> 0003)
[    4.916621] sd 0:0:0:0: [sda] Attached SCSI disk
[    5.208714] e1000 0000:00:13.0 eth0: (PCI:33MHz:32-bit) 52:54:00:12:34:56
[    5.209429] e1000 0000:00:13.0 eth0: Intel(R) PRO/1000 Network Connection
[    5.210009] PCI: Enabling device 0000:00:14.0 (0000 -> 0003)
[    5.510632] e1000 0000:00:14.0 eth1: (PCI:33MHz:32-bit) 52:54:00:12:34:57
[    5.511106] e1000 0000:00:14.0 eth1: Intel(R) PRO/1000 Network Connection
[    5.511690] PCI: Enabling device 0000:00:15.0 (0000 -> 0003)
[    5.815660] e1000 0000:00:15.0 eth2: (PCI:33MHz:32-bit) 52:54:00:12:34:58
[    5.816145] e1000 0000:00:15.0 eth2: Intel(R) PRO/1000 Network Connection
[    5.816728] PCI: Enabling device 0000:00:16.0 (0000 -> 0003)
[    6.116746] e1000 0000:00:16.0 eth3: (PCI:33MHz:32-bit) 52:54:00:12:34:59
[    6.117348] e1000 0000:00:16.0 eth3: Intel(R) PRO/1000 Network Connection
[    6.118533] e1000e: Intel(R) PRO/1000 Network Driver - 2.3.2-k
[    6.118849] e1000e: Copyright(c) 1999 - 2014 Intel Corporation.
[    6.122730] PPP generic driver version 2.4.2
[    6.124611] PPP Deflate Compression module registered
[    6.125296] PPP MPPE Compression module registered
[    6.125664] NET: Registered protocol family 24
[    6.126353] ehci_hcd: USB 2.0 'Enhanced' Host Controller (EHCI) Driver
[    6.126823] ehci-pci: EHCI PCI platform driver
[    6.127822] ohci_hcd: USB 1.1 'Open' Host Controller (OHCI) Driver
[    6.128257] ohci-pci: OHCI PCI platform driver
[    6.129354] uhci_hcd: USB Universal Host Controller Interface driver
[    6.130836] uhci_hcd 0000:00:0a.2: UHCI Host Controller
[    6.131548] uhci_hcd 0000:00:0a.2: new USB bus registered, assigned bus number 1
[    6.132505] uhci_hcd 0000:00:0a.2: irq 11, io base 0x00001440
[    6.142595] hub 1-0:1.0: USB hub found
[    6.143297] hub 1-0:1.0: 2 ports detected
[    6.151567] usbcore: registered new interface driver usb-storage
[    6.155462] mousedev: PS/2 mouse device common for all mice
[    6.161347] rtc_cmos rtc_cmos: rtc core: registered rtc_cmos as rtc0
[    6.162036] rtc_cmos rtc_cmos: alarms up to one day, 242 bytes nvram
[    6.163374] i2c /dev entries driver
[    6.164491] piix4_smbus 0000:00:0a.3: SMBus Host Controller at 0x1100, revision 0
[    6.168757] sdhci: Secure Digital Host Controller Interface driver
[    6.169261] sdhci: Copyright(c) Pierre Ossman
[    6.171376] hidraw: raw HID events driver (C) Jiri Kosina
[    6.188390] usbcore: registered new interface driver usbhid
[    6.188717] usbhid: USB HID core driver
[    6.189797] Netfilter messages via NETLINK v0.30.
[    6.191018] nf_conntrack version 0.5.0 (3923 buckets, 15692 max)
[    6.194071] ctnetlink v0.93: registering with nfnetlink.
[    6.199320] ipip: IPv4 over IPv4 tunneling driver
[    6.210844] ip_tables: (C) 2000-2006 Netfilter Core Team
[    6.213486] arp_tables: (C) 2002 David S. Miller
[    6.215228] Initializing XFRM netlink socket
[    6.216310] NET: Registered protocol family 10
[    6.234678] ip6_tables: (C) 2000-2006 Netfilter Core Team
[    6.238182] sit: IPv6 over IPv4 tunneling driver
[    6.254358] NET: Registered protocol family 17
[    6.255222] bridge: automatic filtering via arp/ip/ip6tables has been deprecated. Update your scripts to load br_netfilter if you need this.
[    6.256234] Bridge firewalling registered
[    6.256626] Ebtables v2.0 registered
[    6.260738] 8021q: 802.1Q VLAN Support v1.8
[    6.281039] rtc_cmos rtc_cmos: setting system clock to 2025-07-23 16:18:59 UTC (1753287539)
[    6.302048] EXT2-fs (sda1): warning: mounting unchecked fs, running e2fsck is recommended
[    6.304112] VFS: Mounted root (ext2 filesystem) on device 8:1.
[    6.312847] Freeing YAMON memory: 956k freed
[    6.323244] Freeing unused kernel memory: 260K (8081f000 - 80860000)
[    6.406234] firmadyne: sys_reboot[PID: 48 (init)]: magic1:fee1dead, magic2:28121969, cmd:0
init started:  BusyBox v1.00 (2009.03.06-06:20+0000) multi-call binary
init started:  BusyBox v1.00 (2009.03.06-06:20+0000) multi-call binary
Starting pid 50, console /dev/ttyS0: '/usr/etc/rcS'
[    6.626640] firmadyne: do_execve: /firmadyne/console
[    6.627233] OFFSETS: offset of pid: 0x198 offset of comm: 0x278
[    7.565413] spurious 8259A interrupt: IRQ7.
[    7.849516] cfg80211: Calling CRDA to update world regulatory domain
insmod: cannot open module `/lib/modules/vnet.ko': No such file or directory
[    9.800716] firmadyne: ioctl: 0x1
insmod finish
BcmAtm_Initialize: open error 6
/usr/sbin/atmctl: ATM driver return code, state error
BcmAdsl : open error 6
/usr/sbin/adslctl: BcmAdsl_Initialize error
BcmAdsl : open error 6
/usr/sbin/adslctl->ConnectionHandler: BcmAdsl_ConnectionStart error
BcmAtm_Initialize: open error 6
ATM Operation Failed , 2 
/usr/sbin/atmctl: ATM driver return code, state error
[   10.119052] firmadyne: sys_socket[PID: 103 (brctl)]: family:2, type:2, protocol:0
[   10.170731] firmadyne: sys_socket[PID: 104 (brctl)]: family:2, type:2, protocol:0
[   10.213082] firmadyne: sys_socket[PID: 105 (ifconfig)]: family:2, type:1, protocol:0
[   10.226748] IPv6: ADDRCONF(NETDEV_UP): eth0: link is not ready
[   10.227287] 8021q: adding VLAN 0 to HW filter on device eth0
[   10.231741] e1000: eth0 NIC Link is Up 1000 Mbps Full Duplex, Flow Control: RX
[   10.233594] IPv6: ADDRCONF(NETDEV_CHANGE): eth0: link becomes ready
[   10.276594] firmadyne: sys_socket[PID: 106 (brctl)]: family:2, type:2, protocol:0
[   10.278027] firmadyne: sys_socket[PID: 106 (brctl)]: family:10, type:1, protocol:0
[   10.279791] firmadyne: br_add_if[PID: 106 (brctl)]: br:br0 dev:eth0
[   10.284635] device eth0 entered promiscuous mode
[   10.328886] firmadyne: sys_socket[PID: 107 (ifconfig)]: family:2, type:1, protocol:0
[   10.337782] IPv6: ADDRCONF(NETDEV_UP): eth1: link is not ready
[   10.338305] 8021q: adding VLAN 0 to HW filter on device eth1
[   10.341274] random: nonblocking pool is initialized
[   10.342746] e1000: eth1 NIC Link is Up 1000 Mbps Full Duplex, Flow Control: RX
[   10.343783] IPv6: ADDRCONF(NETDEV_CHANGE): eth1: link becomes ready
[   10.386087] firmadyne: sys_socket[PID: 108 (brctl)]: family:2, type:2, protocol:0
[   10.387258] firmadyne: sys_socket[PID: 108 (brctl)]: family:10, type:1, protocol:0
[   10.388640] firmadyne: br_add_if[PID: 108 (brctl)]: br:br0 dev:eth1
[   10.392790] device eth1 entered promiscuous mode
[   10.479345] firmadyne: sys_socket[PID: 110 (ifconfig)]: family:2, type:1, protocol:0
[   10.481928] firmadyne: __inet_insert_ifa[PID: 110 (ifconfig)]: device:lo ifa:0x7f000001
[   10.484687] firmadyne: __inet_insert_ifa[PID: 110 (ifconfig)]: device:lo ifa:0x7f000001
[   10.533574] firmadyne: sys_socket[PID: 111 (route)]: family:2, type:1, protocol:0
[   10.754431] firmadyne: sys_socket[PID: 114 (klogd)]: family:1, type:1, protocol:0
[   10.756128] firmadyne: sys_socket[PID: 114 (klogd)]: family:1, type:2, protocol:0
[   10.768149] firmadyne: sys_socket[PID: 114 (klogd)]: family:1, type:1, protocol:0
[   10.772048] firmadyne: sys_socket[PID: 114 (klogd)]: family:1, type:2, protocol:0
[   10.774455] firmadyne: sys_socket[PID: 114 (klogd)]: family:1, type:1, protocol:0
[   10.775620] firmadyne: sys_socket[PID: 114 (klogd)]: family:1, type:2, protocol:0
[   10.786144] firmadyne: sys_socket[PID: 114 (klogd)]: family:1, type:1, protocol:0
[   10.787285] firmadyne: sys_socket[PID: 114 (klogd)]: family:1, type:2, protocol:0
[   10.794039] firmadyne: sys_socket[PID: 114 (klogd)]: family:1, type:1, protocol:0
[   10.795209] firmadyne: sys_socket[PID: 114 (klogd)]: family:1, type:2, protocol:0
[   10.801599] firmadyne: sys_socket[PID: 114 (klogd)]: family:1, type:1, protocol:0
[   10.802810] firmadyne: sys_socket[PID: 114 (klogd)]: family:1, type:2, protocol:0
[   10.805097] firmadyne: sys_socket[PID: 114 (klogd)]: family:1, type:1, protocol:0
[   10.813837] firmadyne: sys_socket[PID: 114 (klogd)]: family:1, type:2, protocol:0
[   10.816106] firmadyne: sys_socket[PID: 114 (klogd)]: family:1, type:1, protocol:0
[   10.817599] firmadyne: sys_socket[PID: 114 (klogd)]: family:1, type:2, protocol:0
[   10.819822] firmadyne: sys_socket[PID: 114 (klogd)]: family:1, type:1, protocol:0
[   10.820983] firmadyne: sys_socket[PID: 114 (klogd)]: family:1, type:2, protocol:0
[   10.826917] firmadyne: sys_socket[PID: 114 (klogd)]: family:1, type:1, protocol:0
[   10.828032] firmadyne: sys_socket[PID: 114 (klogd)]: family:1, type:2, protocol:0
nvram_init: [   10.834481] firmadyne: sys_socket[PID: 114 (klogd)]: family:1, type:1, protocol:0
[   10.835562] firmadyne: sys_socket[PID: 114 (klogd)]: family:1, type:2, protocol:0
Initializing NVRAM...
sem_get: Key: 4101c003
[   10.842120] firmadyne: sys_socket[PID: 114 (klogd)]: family:1, type:1, protocol:0
[   10.843224] firmadyne: sys_socket[PID: 114 (klogd)]: family:1, type:2, protocol:0
[   10.849804] firmadyne: sys_socket[PID: 114 (klogd)]: family:1, type:1, protocol:0
[   10.850973] firmadyne: sys_socket[PID: 114 (klogd)]: family:1, type:2, protocol:0
sem_get: Key: 410f00a8
nvram_set_default_builtin: Setting built-in default values![   10.857848] firmadyne: sys_socket[PID: 114 (klogd)]: family:1, type:1, protocol:0
[   10.859054] firmadyne: sys_socket[PID: 114 (klogd)]: family:1, type:2, protocol:0

nvram_set: console_loglevel = "7"
sem_get[   10.865776] firmadyne: sys_socket[PID: 114 (klogd)]: family:1, type:1, protocol:0
[   10.866876] firmadyne: sys_socket[PID: 114 (klogd)]: family:1, type:2, protocol:0
[   10.869022] firmadyne: sys_socket[PID: 114 (klogd)]: family:1, type:1, protocol:0
: Key: 410f00a8
[   10.873697] firmadyne: sys_socket[PID: 114 (klogd)]: family:1, type:2, protocol:0
[   10.875894] firmadyne: sys_socket[PID: 114 (klogd)]: family:1, type:1, protocol:0
[   10.877027] firmadyne: sys_socket[PID: 114 (klogd)]: family:1, type:2, protocol:0
sem_get: Key: 410f00a8
nvram_set: restore_defaults = "1"
sem_get: Key: 410f00a8
sem_get: Key: [   10.887048] firmadyne: sys_socket[PID: 114 (klogd)]: family:1, type:1, protocol:0
[   10.888162] firmadyne: sys_socket[PID: 114 (klogd)]: family:1, type:2, protocol:0
410f00a8
nvram_set: sku_name = ""
[   10.894555] firmadyne: sys_socket[PID: 114 (klogd)]: family:1, type:1, protocol:0
[   10.895768] firmadyne: sys_socket[PID: 114 (klogd)]: family:1, type:2, protocol:0
sem_get: Key: 410f00a8
sem_get: Key: 410f00a8
nvram_set: wla_wlanstate = ""
sem_get: Key: [   10.906314] firmadyne: sys_socket[PID: 114 (klogd)]: family:1, type:1, protocol:0
[   10.907490] firmadyne: sys_socket[PID: 114 (klogd)]: family:1, type:2, protocol:0
[   10.909987] firmadyne: sys_socket[PID: 114 (klogd)]: family:1, type:1, protocol:0
[   10.911084] firmadyne: sys_socket[PID: 114 (klogd)]: family:1, type:2, protocol:0
410f00a8
sem_get: Key: 410f00a8
nvram_set[   10.917840] firmadyne: sys_socket[PID: 114 (klogd)]: family:1, type:1, protocol:0
[   10.919018] firmadyne: sys_socket[PID: 114 (klogd)]: family:1, type:2, protocol:0
: lan_if = "br0"
sem_get: Key: 410f00a8
[   10.925573] firmadyne: sys_socket[PID: 114 (klogd)]: family:1, type:1, protocol:0
[   10.926757] firmadyne: sys_socket[PID: 114 (klogd)]: family:1, type:2, protocol:0
[   10.929043] firmadyne: sys_socket[PID: 114 (klogd)]: family:1, type:1, protocol:0
sem_get: Key: 410f00a8
nvram_set: lan_ipaddr[   10.933916] firmadyne: sys_socket[PID: 114 (klogd)]: family:1, type:2, protocol:0
[   10.936138] firmadyne: sys_socket[PID: 114 (klogd)]: family:1, type:1, protocol:0
 = "192.168.0.50"
sem_get: Key: 410f00a8
sem_get[   10.941715] firmadyne: sys_socket[PID: 114 (klogd)]: family:1, type:2, protocol:0
[   10.944019] firmadyne: sys_socket[PID: 114 (klogd)]: family:1, type:1, protocol:0
: Key: 410f00a8
nvram_set: lan_bipaddr = "192.168.0.255"
[   10.949396] firmadyne: sys_socket[PID: 114 (klogd)]: family:1, type:2, protocol:0
[   10.951684] firmadyne: sys_socket[PID: 114 (klogd)]: family:1, type:1, protocol:0
[   10.952787] firmadyne: sys_socket[PID: 114 (klogd)]: family:1, type:2, protocol:0
sem_get: Key: 410f00a8
sem_get: Key: [   10.958994] firmadyne: sys_socket[PID: 114 (klogd)]: family:1, type:1, protocol:0
[   10.960107] firmadyne: sys_socket[PID: 114 (klogd)]: family:1, type:2, protocol:0
410f00a8
nvram_set: lan_netmask = "255.255.255.0"
sem_get[   10.966783] firmadyne: sys_socket[PID: 114 (klogd)]: family:1, type:1, protocol:0
[   10.967939] firmadyne: sys_socket[PID: 114 (klogd)]: family:1, type:2, protocol:0
: Key: 410f00a8
sem_get: Key: 410f00a8
[   10.974449] firmadyne: sys_socket[PID: 114 (klogd)]: family:1, type:1, protocol:0
[   10.975607] firmadyne: sys_socket[PID: 114 (klogd)]: family:1, type:2, protocol:0
nvram_set: time_zone = "PST8PDT"
sem_get: Key: 410f00a8
[   10.982070] firmadyne: sys_socket[PID: 114 (klogd)]: family:1, type:1, protocol:0
[   10.983210] firmadyne: sys_socket[PID: 114 (klogd)]: family:1, type:2, protocol:0
sem_get: Key: 410f00a8
nvram_set: wan_hwaddr_def[   10.990014] firmadyne: sys_socket[PID: 114 (klogd)]: family:1, type:1, protocol:0
[   10.991207] firmadyne: sys_socket[PID: 114 (klogd)]: family:1, type:2, protocol:0
[   10.993409] cfg80211: Calling CRDA to update world regulatory domain
 = "01:23:45:67:89:ab"
sem_get: Key: 410f00a8
sem_get: Key: 410f00a8
nvram_set: wan_ifname[   11.001928] firmadyne: sys_socket[PID: 114 (klogd)]: family:1, type:1, protocol:0
[   11.003069] firmadyne: sys_socket[PID: 114 (klogd)]: family:1, type:2, protocol:0
[   11.005461] firmadyne: sys_socket[PID: 114 (klogd)]: family:1, type:1, protocol:0
[   11.006604] firmadyne: sys_socket[PID: 114 (klogd)]: family:1, type:2, protocol:0
[   11.008731] firmadyne: sys_socket[PID: 114 (klogd)]: family:1, type:1, protocol:0
 = "eth0"
sem_get: Key: 410f00a8
sem_get: Key: 410f00a8
nvram_set: lan_ifnames = "eth1 eth2 eth3 eth4[   11.017749] firmadyne: sys_socket[PID: 114 (klogd)]: family:1, type:2, protocol:0
[   11.019965] firmadyne: sys_socket[PID: 114 (klogd)]: family:1, type:1, protocol:0
"
sem_get: Key: 410f00a8
sem_get: Key: 410f00a8[   11.025781] firmadyne: sys_socket[PID: 114 (klogd)]: family:1, type:2, protocol:0
[   11.028313] firmadyne: sys_socket[PID: 114 (klogd)]: family:1, type:1, protocol:0
[   11.029764] firmadyne: sys_socket[PID: 114 (klogd)]: family:1, type:2, protocol:0
[   11.031876] firmadyne: sys_socket[PID: 114 (klogd)]: family:1, type:1, protocol:0
[   11.032984] firmadyne: sys_socket[PID: 114 (klogd)]: family:1, type:2, protocol:0

nvram_set: ethConver = "1"
sem_get: Key: 410f00a8
sem_get: Key: 410f00a8
[   11.042788] firmadyne: sys_socket[PID: 114 (klogd)]: family:1, type:1, protocol:0
[   11.043939] firmadyne: sys_socket[PID: 114 (klogd)]: family:1, type:2, protocol:0
nvram_set: lan_proto = "dhcp"
sem_get: Key: 410f00a8[   11.051201] firmadyne: sys_socket[PID: 114 (klogd)]: family:1, type:1, protocol:0
[   11.052340] firmadyne: sys_socket[PID: 114 (klogd)]: family:1, type:2, protocol:0

sem_get: Key: 410f00a8
nvram_set[   11.059113] firmadyne: sys_socket[PID: 114 (klogd)]: family:1, type:1, protocol:0
[   11.060248] firmadyne: sys_socket[PID: 114 (klogd)]: family:1, type:2, protocol:0
: wan_ipaddr = "0.0.0.0"
sem_get: Key: 410f00a8
[   11.066576] firmadyne: sys_socket[PID: 114 (klogd)]: family:1, type:1, protocol:0
[   11.067741] firmadyne: sys_socket[PID: 114 (klogd)]: family:1, type:2, protocol:0
sem_get: Key: 410f00a8
nvram_set: wan_netmask = "[   11.074280] firmadyne: sys_socket[PID: 114 (klogd)]: family:1, type:1, protocol:0
[   11.075463] firmadyne: sys_socket[PID: 114 (klogd)]: family:1, type:2, protocol:0
255.255.255.0"
sem_get: Key: 410f00a8
sem_get: Key: [   11.081892] firmadyne: sys_socket[PID: 114 (klogd)]: family:1, type:1, protocol:0
[   11.083053] firmadyne: sys_socket[PID: 114 (klogd)]: family:1, type:2, protocol:0
410f00a8
nvram_set: wanif = "eth0"
sem_get[   11.089619] firmadyne: sys_socket[PID: 114 (klogd)]: family:1, type:1, protocol:0
[   11.090792] firmadyne: sys_socket[PID: 114 (klogd)]: family:1, type:2, protocol:0
[   11.092983] firmadyne: sys_socket[PID: 114 (klogd)]: family:1, type:1, protocol:0
: Key: 410f00a8
sem_get: Key: 410f00a8
[   11.099106] firmadyne: sys_socket[PID: 114 (klogd)]: family:1, type:2, protocol:0
[   11.101557] firmadyne: sys_socket[PID: 114 (klogd)]: family:1, type:1, protocol:0
[   11.102660] firmadyne: sys_socket[PID: 114 (klogd)]: family:1, type:2, protocol:0
[   11.104727] firmadyne: sys_socket[PID: 114 (klogd)]: family:1, type:1, protocol:0
nvram_set: time_zone_x = "0"
sem_get: Key: 410f00a8
sem_get: Key: 410f00a8
[   11.113770] firmadyne: sys_socket[PID: 114 (klogd)]: family:1, type:2, protocol:0
[   11.115917] firmadyne: sys_socket[PID: 114 (klogd)]: family:1, type:1, protocol:0
[   11.117042] firmadyne: sys_socket[PID: 114 (klogd)]: family:1, type:2, protocol:0
nvram_set: rip_multicast = "0"
sem_get: Key: [   11.122826] firmadyne: sys_socket[PID: 114 (klogd)]: family:1, type:1, protocol:0
[   11.123923] firmadyne: sys_socket[PID: 114 (klogd)]: family:1, type:2, protocol:0
410f00a8
sem_get: Key: 410f00a8
[   11.130382] firmadyne: sys_socket[PID: 114 (klogd)]: family:1, type:1, protocol:0
[   11.131524] firmadyne: sys_socket[PID: 114 (klogd)]: family:1, type:2, protocol:0
nvram_set: bs_trustedip_enable = "0"
sem_get: Key: 410f00a8
[   11.138128] firmadyne: sys_socket[PID: 114 (klogd)]: family:1, type:1, protocol:0
[   11.139298] firmadyne: sys_socket[PID: 114 (klogd)]: family:1, type:2, protocol:0
sem_get: Key: 410f00a8
nvram_set: et0macaddr = "[   11.146049] firmadyne: sys_socket[PID: 114 (klogd)]: family:1, type:1, protocol:0
[   11.147191] firmadyne: sys_socket[PID: 114 (klogd)]: family:1, type:2, protocol:0
01:23:45:67:89:ab"
sem_get: Key: 410f00a8
sem_get: Key: [   11.153863] firmadyne: sys_socket[PID: 114 (klogd)]: family:1, type:1, protocol:0
[   11.155029] firmadyne: sys_socket[PID: 114 (klogd)]: family:1, type:2, protocol:0
410f00a8
nvram_set: filter_rule_tbl = ""
sem_get: Key: [   11.161622] firmadyne: sys_socket[PID: 114 (klogd)]: family:1, type:1, protocol:0
[   11.162792] firmadyne: sys_socket[PID: 114 (klogd)]: family:1, type:2, protocol:0
[   11.165068] firmadyne: sys_socket[PID: 114 (klogd)]: family:1, type:1, protocol:0
410f00a8
sem_get: Key: 410f00a8
nvram_set: pppoe2_schedule_config = "127:0:0:23:59"
sem_get: Key: 410f00a8
[   11.173902] firmadyne: sys_socket[PID: 114 (klogd)]: family:1, type:2, protocol:0
[   11.176123] firmadyne: sys_socket[PID: 114 (klogd)]: family:1, type:1, protocol:0
[   11.177611] firmadyne: sys_socket[PID: 114 (klogd)]: family:1, type:2, protocol:0
[   11.179726] firmadyne: sys_socket[PID: 114 (klogd)]: family:1, type:1, protocol:0
[   11.180823] firmadyne: sys_socket[PID: 114 (klogd)]: family:1, type:2, protocol:0
sem_get: Key: 410f00a8
[   11.186707] firmadyne: sys_socket[PID: 114 (klogd)]: family:1, type:1, protocol:0
[   11.187815] firmadyne: sys_socket[PID: 114 (klogd)]: family:1, type:2, protocol:0
nvram_set: schedule_config = "127:0:0:23:59"
sem_get: Key: 410f00a8
[   11.194167] firmadyne: sys_socket[PID: 114 (klogd)]: family:1, type:1, protocol:0
[   11.195297] firmadyne: sys_socket[PID: 114 (klogd)]: family:1, type:2, protocol:0
sem_get: Key: 410f00a8
nvram_set: [   11.201961] firmadyne: sys_socket[PID: 114 (klogd)]: family:1, type:1, protocol:0
[   11.203108] firmadyne: sys_socket[PID: 114 (klogd)]: family:1, type:2, protocol:0
access_control_mode = "0"
sem_get: Key: 410f00a8
[   11.209670] firmadyne: sys_socket[PID: 114 (klogd)]: family:1, type:1, protocol:0
[   11.210852] firmadyne: sys_socket[PID: 114 (klogd)]: family:1, type:2, protocol:0
sem_get: Key: 410f00a8
nvram_set: fwpt_df_count = "0"
[   11.217734] firmadyne: sys_socket[PID: 114 (klogd)]: family:1, type:1, protocol:0
[   11.218919] firmadyne: sys_socket[PID: 114 (klogd)]: family:1, type:2, protocol:0
[   11.221254] firmadyne: sys_socket[PID: 114 (klogd)]: family:1, type:1, protocol:0
sem_get: Key: 410f00a8
sem_get: Key: 410f00a8
nvram_set: static_if_status = "1"
[   11.229706] firmadyne: sys_socket[PID: 114 (klogd)]: family:1, type:2, protocol:0
[   11.231874] firmadyne: sys_socket[PID: 114 (klogd)]: family:1, type:1, protocol:0
[   11.233050] firmadyne: sys_socket[PID: 114 (klogd)]: family:1, type:2, protocol:0
sem_get: Key: 410f00a8
sem_get: Key: 410f00a8
nvram_set: www_relocation = ""
sem_get: Key: [   11.243076] firmadyne: sys_socket[PID: 114 (klogd)]: family:1, type:1, protocol:0
[   11.244220] firmadyne: sys_socket[PID: 114 (klogd)]: family:1, type:2, protocol:0
[   11.246909] firmadyne: sys_socket[PID: 114 (klogd)]: family:1, type:1, protocol:0
[   11.248077] firmadyne: sys_socket[PID: 114 (klogd)]: family:1, type:2, protocol:0
410f00a8
sem_get: Key: 410f00a8
[   11.254514] firmadyne: sys_socket[PID: 114 (klogd)]: family:1, type:1, protocol:0
[   11.255621] firmadyne: sys_socket[PID: 114 (klogd)]: family:1, type:2, protocol:0
nvram_set: usb_info_dev0 = "A200396E0402FF83@1@14.4G@U@1@USB_Storage;U:;0;0@"
sem_get: Key: 410f00a8
[   11.262125] firmadyne: sys_socket[PID: 114 (klogd)]: family:1, type:1, protocol:0
[   11.263324] firmadyne: sys_socket[PID: 114 (klogd)]: family:1, type:2, protocol:0
sem_get: Key: 410f00a8
nvram_set[   11.269815] firmadyne: sys_socket[PID: 114 (klogd)]: family:1, type:1, protocol:0
[   11.271445] firmadyne: sys_socket[PID: 114 (klogd)]: family:1, type:2, protocol:0
: usb_info_dev1 = "A200396E0402FF83@1@14.4G@U@1@USB_Storage;U:;0;0@"
[   11.279902] firmadyne: sys_socket[PID: 114 (klogd)]: family:1, type:1, protocol:0
sem_get: Key: 410f00a8
[   11.285922] firmadyne: sys_socket[PID: 114 (klogd)]: family:1, type:2, protocol:0
[   11.287956] firmadyne: sys_socket[PID: 114 (klogd)]: family:1, type:1, protocol:0
[   11.289014] firmadyne: sys_socket[PID: 114 (klogd)]: family:1, type:2, protocol:0
sem_get: Key: 410f00a8
nvram_set: usb_info_dev2 = "A200396E0402FF83@1@14.4G@U@1@USB_Storage;U:;0;0@"
sem_get: Key: 410f00a8
[   11.299544] firmadyne: sys_socket[PID: 114 (klogd)]: family:1, type:1, protocol:0
[   11.300618] firmadyne: sys_socket[PID: 114 (klogd)]: family:1, type:2, protocol:0
[   11.304741] firmadyne: sys_socket[PID: 114 (klogd)]: family:1, type:1, protocol:0
[   11.306056] firmadyne: sys_socket[PID: 114 (klogd)]: family:1, type:2, protocol:0
[   11.308224] firmadyne: sys_socket[PID: 114 (klogd)]: family:1, type:1, protocol:0
sem_get: Key: 410f00a8
nvram_set: usb_info_dev3 = "A200396E0402FF83@1@14.4G@U@1@USB_Storage;U:;0;0@"
sem_get: Key: 410f00a8
sem_get[   11.317794] firmadyne: sys_socket[PID: 114 (klogd)]: family:1, type:2, protocol:0
[   11.320088] firmadyne: sys_socket[PID: 114 (klogd)]: family:1, type:1, protocol:0
: Key: 410f00a8
nvram_set: usb_info_dev4 = "A200396E0402FF83@1@14.4G@U@1@USB_Storage;U:;0;0@[   11.325647] firmadyne: sys_socket[PID: 114 (klogd)]: family:1, type:2, protocol:0
[   11.327913] firmadyne: sys_socket[PID: 114 (klogd)]: family:1, type:1, protocol:0
[   11.329089] firmadyne: sys_socket[PID: 114 (klogd)]: family:1, type:2, protocol:0
"
sem_get: Key: 410f00a8
sem_get: Key: 410f00a8
nvram_set: usb_info_dev5 = "A200396E0402FF83@1@14.4G@U@1@USB_Storage;U:;0;0@[   11.339127] firmadyne: sys_socket[PID: 114 (klogd)]: family:1, type:1, protocol:0
[   11.340269] firmadyne: sys_socket[PID: 114 (klogd)]: family:1, type:2, protocol:0
"
sem_get: Key: 410f00a8
sem_get: Key: 410f00a8
nvram_set: usb_info_dev6 = "A200396E0402FF83@1@14.4G@U@1@USB_Storage;U:;0;0@"
sem_get: Key: 410f00a8
[   11.361470] firmadyne: sys_socket[PID: 114 (klogd)]: family:1, type:1, protocol:0
[   11.362626] firmadyne: sys_socket[PID: 114 (klogd)]: family:1, type:2, protocol:0
[   11.364800] firmadyne: sys_socket[PID: 114 (klogd)]: family:1, type:1, protocol:0
sem_get: Key: 410f00a8
nvram_set: [   11.369652] firmadyne: sys_socket[PID: 114 (klogd)]: family:1, type:2, protocol:0
[   11.371866] firmadyne: sys_socket[PID: 114 (klogd)]: family:1, type:1, protocol:0
[   11.373006] firmadyne: sys_socket[PID: 114 (klogd)]: family:1, type:2, protocol:0
usb_info_dev7 = "A200396E0402FF83@1@14.4G@U@1@USB_Storage;U:;0;0@"
sem_get: Key: 410f00a8
sem_get: Key: 410f00a8
nvram_set: [   11.382896] firmadyne: sys_socket[PID: 114 (klogd)]: family:1, type:1, protocol:0
[   11.384016] firmadyne: sys_socket[PID: 114 (klogd)]: family:1, type:2, protocol:0
usb_info_dev8 = "A200396E0402FF83@1@14.4G@U@1@USB_Storage;U:;0;0@"
sem_get: Key: 410f00a8
[   11.390488] firmadyne: sys_socket[PID: 114 (klogd)]: family:1, type:1, protocol:0
[   11.391603] firmadyne: sys_socket[PID: 114 (klogd)]: family:1, type:2, protocol:0
sem_get: Key: 410f00a8
nvram_set: usb_info_dev9 = "[   11.398359] firmadyne: sys_socket[PID: 114 (klogd)]: family:1, type:1, protocol:0
[   11.399540] firmadyne: sys_socket[PID: 114 (klogd)]: family:1, type:2, protocol:0
A200396E0402FF83@1@14.4G@U@1@USB_Storage;U:;0;0@"
sem_get: Key: 410f00a8
sem_get[   11.406304] firmadyne: sys_socket[PID: 114 (klogd)]: family:1, type:1, protocol:0
[   11.407537] firmadyne: sys_socket[PID: 114 (klogd)]: family:1, type:2, protocol:0
: Key: 410f00a8
nvram_set: usb_info_dev10 = "A200396E0402FF83@1@14.4G@U@1@USB_Storage;U:;0;0@"
[   11.414290] firmadyne: sys_socket[PID: 114 (klogd)]: family:1, type:1, protocol:0
[   11.415438] firmadyne: sys_socket[PID: 114 (klogd)]: family:1, type:2, protocol:0
[   11.417915] firmadyne: sys_socket[PID: 114 (klogd)]: family:1, type:1, protocol:0
[   11.419039] firmadyne: sys_socket[PID: 114 (klogd)]: family:1, type:2, protocol:0
sem_get: Key: 410f00a8
sem_get: Key: 410f00a8
[   11.425679] firmadyne: sys_socket[PID: 114 (klogd)]: family:1, type:1, protocol:0
[   11.426828] firmadyne: sys_socket[PID: 114 (klogd)]: family:1, type:2, protocol:0
[   11.429089] firmadyne: sys_socket[PID: 114 (klogd)]: family:1, type:1, protocol:0
nvram_set: usb_info_dev11 = "A200396E0402FF83@1@14.4G@U@1@USB_Storage;U:;0;0@"
sem_get: Key: 410f00a8
sem_get: Key: 410f00a8[   11.437740] firmadyne: sys_socket[PID: 114 (klogd)]: family:1, type:2, protocol:0
[   11.439937] firmadyne: sys_socket[PID: 114 (klogd)]: family:1, type:1, protocol:0
[   11.441064] firmadyne: sys_socket[PID: 114 (klogd)]: family:1, type:2, protocol:0

nvram_set: usb_info_dev12 = "A200396E0402FF83@1@14.4G@U@1@USB_Storage;U:;0;0@[   11.447180] firmadyne: sys_socket[PID: 114 (klogd)]: family:1, type:1, protocol:0
[   11.448286] firmadyne: sys_socket[PID: 114 (klogd)]: family:1, type:2, protocol:0
"
sem_get: Key: 410f00a8
sem_get: Key: 410f00a8[   11.454847] firmadyne: sys_socket[PID: 114 (klogd)]: family:1, type:1, protocol:0
[   11.455977] firmadyne: sys_socket[PID: 114 (klogd)]: family:1, type:2, protocol:0

nvram_set: usb_info_dev13 = "A200396E0402FF83@1@14.4G@U@1@USB_Storage;U:;0;0@"
[   11.462440] firmadyne: sys_socket[PID: 114 (klogd)]: family:1, type:1, protocol:0
[   11.463576] firmadyne: sys_socket[PID: 114 (klogd)]: family:1, type:2, protocol:0
sem_get: Key: 410f00a8
sem_get: Key: 410f00a8
[   11.470066] firmadyne: sys_socket[PID: 114 (klogd)]: family:1, type:1, protocol:0
[   11.471207] firmadyne: sys_socket[PID: 114 (klogd)]: family:1, type:2, protocol:0
nvram_set: usb_info_dev14 = "A200396E0402FF83@1@14.4G@U@1@USB_Storage;U:;0;0@"
sem_get: Key: [   11.477687] firmadyne: sys_socket[PID: 114 (klogd)]: family:1, type:1, protocol:0
[   11.478827] firmadyne: sys_socket[PID: 114 (klogd)]: family:1, type:2, protocol:0
[   11.481059] firmadyne: sys_socket[PID: 114 (klogd)]: family:1, type:1, protocol:0
410f00a8
sem_get: Key: 410f00a8
nvram_set: usb_info_dev15 = "A200396E0402FF83@1@14.4G@U@1@USB_Storage;U:;0;0@"
sem_get[   11.489724] firmadyne: sys_socket[PID: 114 (klogd)]: family:1, type:2, protocol:0
[   11.492027] firmadyne: sys_socket[PID: 114 (klogd)]: family:1, type:1, protocol:0
: Key: 410f00a8
sem_get: Key: 410f00a8
[   11.498318] firmadyne: sys_socket[PID: 114 (klogd)]: family:1, type:2, protocol:0
[   11.500569] firmadyne: sys_socket[PID: 114 (klogd)]: family:1, type:1, protocol:0
[   11.502018] firmadyne: sys_socket[PID: 114 (klogd)]: family:1, type:2, protocol:0
[   11.504169] firmadyne: sys_socket[PID: 114 (klogd)]: family:1, type:1, protocol:0
nvram_set: usb_info_dev16 = "A200396E0402FF83@1@14.4G@U@1@USB_Storage;U:;0;0@"
sem_get: Key: [   11.509692] firmadyne: sys_socket[PID: 114 (klogd)]: family:1, type:2, protocol:0
[   11.511923] firmadyne: sys_socket[PID: 114 (klogd)]: family:1, type:1, protocol:0
410f00a8
sem_get: Key: 410f00a8
[   11.517350] firmadyne: sys_socket[PID: 114 (klogd)]: family:1, type:2, protocol:0
[   11.519679] firmadyne: sys_socket[PID: 114 (klogd)]: family:1, type:1, protocol:0
[   11.520792] firmadyne: sys_socket[PID: 114 (klogd)]: family:1, type:2, protocol:0
nvram_set: usb_info_dev17 = "A200396E0402FF83@1@14.4G@U@1@USB_Storage;U:;0;0@"
sem_get: Key: 410f00a8
sem_get: Key: 410f00a8
[   11.530764] firmadyne: sys_socket[PID: 114 (klogd)]: family:1, type:1, protocol:0
[   11.531873] firmadyne: sys_socket[PID: 114 (klogd)]: family:1, type:2, protocol:0
nvram_set: usb_info_dev18 = "A200396E0402FF83@1@14.4G@U@1@USB_Storage;U:;0;0@"
sem_get: Key: 410f00a8
[   11.538649] firmadyne: sys_socket[PID: 114 (klogd)]: family:1, type:1, protocol:0
[   11.539774] firmadyne: sys_socket[PID: 114 (klogd)]: family:1, type:2, protocol:0
sem_get: Key: 410f00a8
nvram_set[   11.546292] firmadyne: sys_socket[PID: 114 (klogd)]: family:1, type:1, protocol:0
[   11.547425] firmadyne: sys_socket[PID: 114 (klogd)]: family:1, type:2, protocol:0
: usb_info_dev19 = "A200396E0402FF83@1@14.4G@U@1@USB_Storage;U:;0;0@"
sem_get: Key: 410f00a8
[   11.553878] firmadyne: sys_socket[PID: 114 (klogd)]: family:1, type:1, protocol:0
[   11.555024] firmadyne: sys_socket[PID: 114 (klogd)]: family:1, type:2, protocol:0
sem_get: Key: 410f00a8
nvram_set: usb_info_dev20[   11.561615] firmadyne: sys_socket[PID: 114 (klogd)]: family:1, type:1, protocol:0
[   11.562822] firmadyne: sys_socket[PID: 114 (klogd)]: family:1, type:2, protocol:0
 = "A200396E0402FF83@1@14.4G@U@1@USB_Storage;U:;0;0@"
sem_get: Key: 410f00a8
sem_get[   11.569694] firmadyne: sys_socket[PID: 114 (klogd)]: family:1, type:1, protocol:0
[   11.570851] firmadyne: sys_socket[PID: 114 (klogd)]: family:1, type:2, protocol:0
[   11.573073] firmadyne: sys_socket[PID: 114 (klogd)]: family:1, type:1, protocol:0
: Key: 410f00a8
nvram_set: usb_info_dev21 = "[   11.577935] firmadyne: sys_socket[PID: 114 (klogd)]: family:1, type:2, protocol:0
[   11.580216] firmadyne: sys_socket[PID: 114 (klogd)]: family:1, type:1, protocol:0
A200396E0402FF83@1@14.4G@U@1@USB_Storage;U:;0;0@"
sem_get: Key: 410f00a8
sem_get[   11.585747] firmadyne: sys_socket[PID: 114 (klogd)]: family:1, type:2, protocol:0
[   11.588003] firmadyne: sys_socket[PID: 114 (klogd)]: family:1, type:1, protocol:0
: Key: 410f00a8
nvram_set: usb_info_dev22 = "A200396E0402FF83@1@14.4G@U@1@USB_Storage;U:;0;0@[   11.593415] firmadyne: sys_socket[PID: 114 (klogd)]: family:1, type:2, protocol:0
[   11.595783] firmadyne: sys_socket[PID: 114 (klogd)]: family:1, type:1, protocol:0
[   11.597001] firmadyne: sys_socket[PID: 114 (klogd)]: family:1, type:2, protocol:0
"
sem_get: Key: 410f00a8
[   11.602783] firmadyne: sys_socket[PID: 114 (klogd)]: family:1, type:1, protocol:0
[   11.603927] firmadyne: sys_socket[PID: 114 (klogd)]: family:1, type:2, protocol:0
sem_get: Key: 410f00a8
nvram_set: usb_info_dev23 = "A200396E0402FF83@1@14.4G@U@1@USB_Storage;U:;0;0@[   11.610699] firmadyne: sys_socket[PID: 114 (klogd)]: family:1, type:1, protocol:0
[   11.611861] firmadyne: sys_socket[PID: 114 (klogd)]: family:1, type:2, protocol:0
"
sem_get: Key: 410f00a8
sem_get: Key: [   11.618375] firmadyne: sys_socket[PID: 114 (klogd)]: family:1, type:1, protocol:0
[   11.619526] firmadyne: sys_socket[PID: 114 (klogd)]: family:1, type:2, protocol:0
410f00a8
nvram_set: usb_info_dev24 = "A200396E0402FF83@1@14.4G@U@1@USB_Storage;U:;0;0@"
[   11.626129] firmadyne: sys_socket[PID: 114 (klogd)]: family:1, type:1, protocol:0
[   11.627257] firmadyne: sys_socket[PID: 114 (klogd)]: family:1, type:2, protocol:0
sem_get: Key: 410f00a8
sem_get: Key: 410f00a8
[   11.633904] firmadyne: sys_socket[PID: 114 (klogd)]: family:1, type:1, protocol:0
[   11.635064] firmadyne: sys_socket[PID: 114 (klogd)]: family:1, type:2, protocol:0
nvram_set: usb_info_dev25 = "A200396E0402FF83@1@14.4G@U@1@USB_Storage;U:;0;0@"
sem_get[   11.641611] firmadyne: sys_socket[PID: 114 (klogd)]: family:1, type:1, protocol:0
[   11.642758] firmadyne: sys_socket[PID: 114 (klogd)]: family:1, type:2, protocol:0
[   11.644975] firmadyne: sys_socket[PID: 114 (klogd)]: family:1, type:1, protocol:0
: Key: 410f00a8
sem_get: Key: 410f00a8
[   11.649907] firmadyne: sys_socket[PID: 114 (klogd)]: family:1, type:2, protocol:0
[   11.652138] firmadyne: sys_socket[PID: 114 (klogd)]: family:1, type:1, protocol:0
nvram_set: usb_info_dev26 = "A200396E0402FF83@1@14.4G@U@1@USB_Storage;U:;0;0@"
sem_get[   11.657773] firmadyne: sys_socket[PID: 114 (klogd)]: family:1, type:2, protocol:0
[   11.660128] firmadyne: sys_socket[PID: 114 (klogd)]: family:1, type:1, protocol:0
: Key: 410f00a8
sem_get: Key: 410f00a8
[   11.665532] firmadyne: sys_socket[PID: 114 (klogd)]: family:1, type:2, protocol:0
[   11.667845] firmadyne: sys_socket[PID: 114 (klogd)]: family:1, type:1, protocol:0
[   11.668954] firmadyne: sys_socket[PID: 114 (klogd)]: family:1, type:2, protocol:0
nvram_set: usb_info_dev27 = "A200396E0402FF83@1@14.4G@U@1@USB_Storage;U:;0;0@"
sem_get: Key: 410f00a8
[   11.678926] firmadyne: sys_socket[PID: 114 (klogd)]: family:1, type:1, protocol:0
[   11.680047] firmadyne: sys_socket[PID: 114 (klogd)]: family:1, type:2, protocol:0
sem_get: Key: 410f00a8
nvram_set: usb_info_dev28 = "[   11.686576] firmadyne: sys_socket[PID: 114 (klogd)]: family:1, type:1, protocol:0
[   11.687728] firmadyne: sys_socket[PID: 114 (klogd)]: family:1, type:2, protocol:0
A200396E0402FF83@1@14.4G@U@1@USB_Storage;U:;0;0@"
sem_get: Key: 410f00a8
sem_get[   11.694399] firmadyne: sys_socket[PID: 114 (klogd)]: family:1, type:1, protocol:0
[   11.695539] firmadyne: sys_socket[PID: 114 (klogd)]: family:1, type:2, protocol:0
: Key: 410f00a8
nvram_set: usb_info_dev29[   11.702079] firmadyne: sys_socket[PID: 114 (klogd)]: family:1, type:1, protocol:0
[   11.703245] firmadyne: sys_socket[PID: 114 (klogd)]: family:1, type:2, protocol:0
 = "A200396E0402FF83@1@14.4G@U@1@USB_Storage;U:;0;0@"
sem_get: Key: 410f00a8
sem_get[   11.710182] firmadyne: sys_socket[PID: 114 (klogd)]: family:1, type:1, protocol:0
[   11.711325] firmadyne: sys_socket[PID: 114 (klogd)]: family:1, type:2, protocol:0
: Key: 410f00a8
nvram_set: usb_info_dev30 = "A200396E0402FF83@1@14.4G@U@1@USB_Storage;U:;0;0@"
[   11.718015] firmadyne: sys_socket[PID: 114 (klogd)]: family:1, type:1, protocol:0
[   11.719186] firmadyne: sys_socket[PID: 114 (klogd)]: family:1, type:2, protocol:0
sem_get: Key: 410f00a8
sem_get: Key: 410f00a8
[   11.725973] firmadyne: sys_socket[PID: 114 (klogd)]: family:1, type:1, protocol:0
[   11.727114] firmadyne: sys_socket[PID: 114 (klogd)]: family:1, type:2, protocol:0
nvram_set: usb_info_dev31 = "A200396E0402FF83@1@14.4G@U@1@USB_Storage;U:;0;0@"
sem_get: Key: [   11.733830] firmadyne: sys_socket[PID: 114 (klogd)]: family:1, type:1, protocol:0
[   11.735007] firmadyne: sys_socket[PID: 114 (klogd)]: family:1, type:2, protocol:0
410f00a8
sem_get: Key: 410f00a8
nvram_set: usb_info_dev32 = "A200396E0402FF83@1@14.4G@U@1@USB_Storage;U:;0;0@"
sem_get: Key: 410f00a8
sem_get: Key: 410f00a8
nvram_set: usb_info_dev33[   11.757914] firmadyne: sys_socket[PID: 114 (klogd)]: family:1, type:1, protocol:0
[   11.759087] firmadyne: sys_socket[PID: 114 (klogd)]: family:1, type:2, protocol:0
 = "A200396E0402FF83@1@14.4G@U@1@USB_Storage;U:;0;0@"
sem_get: Key: 410f00a8
sem_get[   11.765916] firmadyne: sys_socket[PID: 114 (klogd)]: family:1, type:1, protocol:0
[   11.767091] firmadyne: sys_socket[PID: 114 (klogd)]: family:1, type:2, protocol:0
[   11.769539] firmadyne: sys_socket[PID: 114 (klogd)]: family:1, type:1, protocol:0
[   11.770665] firmadyne: sys_socket[PID: 114 (klogd)]: family:1, type:2, protocol:0
[   11.772862] firmadyne: sys_socket[PID: 114 (klogd)]: family:1, type:1, protocol:0
: Key: 410f00a8
nvram_set: usb_info_dev34 = "A200396E0402FF83@1@14.4G@U@1@USB_Storage;U:;0;0@"
sem_get: Key: 410f00a8
sem_get[   11.781843] firmadyne: sys_socket[PID: 114 (klogd)]: family:1, type:2, protocol:0
[   11.784074] firmadyne: sys_socket[PID: 114 (klogd)]: family:1, type:1, protocol:0
: Key: 410f00a8
nvram_set: usb_info_dev35 = "A200396E0402FF83@1@14.4G@U@1@USB_Storage;U:;0;0@"
[   11.789781] firmadyne: sys_socket[PID: 114 (klogd)]: family:1, type:2, protocol:0
[   11.792067] firmadyne: sys_socket[PID: 114 (klogd)]: family:1, type:1, protocol:0
sem_get: Key: 410f00a8
sem_get: Key: 410f00a8[   11.797500] firmadyne: sys_socket[PID: 114 (klogd)]: family:1, type:2, protocol:0
[   11.799745] firmadyne: sys_socket[PID: 114 (klogd)]: family:1, type:1, protocol:0
[   11.800866] firmadyne: sys_socket[PID: 114 (klogd)]: family:1, type:2, protocol:0

nvram_set: usb_info_dev36 = "A200396E0402FF83@1@14.4G@U@1@USB_Storage;U:;0;0@[   11.806920] firmadyne: sys_socket[PID: 114 (klogd)]: family:1, type:1, protocol:0
[   11.808059] firmadyne: sys_socket[PID: 114 (klogd)]: family:1, type:2, protocol:0
"
sem_get: Key: 410f00a8
sem_get: Key: 410f00a8[   11.814840] firmadyne: sys_socket[PID: 114 (klogd)]: family:1, type:1, protocol:0
[   11.815959] firmadyne: sys_socket[PID: 114 (klogd)]: family:1, type:2, protocol:0

nvram_set: usb_info_dev37 = "A200396E0402FF83@1@14.4G@U@1@USB_Storage;U:;0;0@"
[   11.822422] firmadyne: sys_socket[PID: 114 (klogd)]: family:1, type:1, protocol:0
[   11.823570] firmadyne: sys_socket[PID: 114 (klogd)]: family:1, type:2, protocol:0
sem_get: Key: 410f00a8
sem_get: Key: 410f00a8
[   11.830091] firmadyne: sys_socket[PID: 114 (klogd)]: family:1, type:1, protocol:0
[   11.831261] firmadyne: sys_socket[PID: 114 (klogd)]: family:1, type:2, protocol:0
nvram_set: usb_info_dev38 = "A200396E0402FF83@1@14.4G@U@1@USB_Storage;U:;0;0@"
sem_get: Key: [   11.838435] firmadyne: sys_socket[PID: 114 (klogd)]: family:1, type:1, protocol:0
[   11.839639] firmadyne: sys_socket[PID: 114 (klogd)]: family:1, type:2, protocol:0
410f00a8
sem_get: Key: 410f00a8
[   11.846065] firmadyne: sys_socket[PID: 114 (klogd)]: family:1, type:1, protocol:0
[   11.847213] firmadyne: sys_socket[PID: 114 (klogd)]: family:1, type:2, protocol:0
nvram_set: usb_info_dev39 = "A200396E0402FF83@1@14.4G@U@1@USB_Storage;U:;0;0@"
sem_get: Key: 410f00a8
[   11.853780] firmadyne: sys_socket[PID: 114 (klogd)]: family:1, type:1, protocol:0
[   11.854953] firmadyne: sys_socket[PID: 114 (klogd)]: family:1, type:2, protocol:0
sem_get: Key: 410f00a8
nvram_set: [   11.861750] firmadyne: sys_socket[PID: 114 (klogd)]: family:1, type:1, protocol:0
[   11.862935] firmadyne: sys_socket[PID: 114 (klogd)]: family:1, type:2, protocol:0
usb_info_dev40 = "A200396E0402FF83@1@14.4G@U@1@USB_Storage;U:;0;0@"
sem_get: Key: 410f00a8
[   11.869416] firmadyne: sys_socket[PID: 114 (klogd)]: family:1, type:1, protocol:0
[   11.870587] firmadyne: sys_socket[PID: 114 (klogd)]: family:1, type:2, protocol:0
[   11.872797] firmadyne: sys_socket[PID: 114 (klogd)]: family:1, type:1, protocol:0
sem_get: Key: 410f00a8
nvram_set: [   11.877688] firmadyne: sys_socket[PID: 114 (klogd)]: family:1, type:2, protocol:0
[   11.880006] firmadyne: sys_socket[PID: 114 (klogd)]: family:1, type:1, protocol:0
usb_info_dev41 = "A200396E0402FF83@1@14.4G@U@1@USB_Storage;U:;0;0@"
sem_get: Key: 410f00a8
[   11.885374] firmadyne: sys_socket[PID: 114 (klogd)]: family:1, type:2, protocol:0
[   11.887681] firmadyne: sys_socket[PID: 114 (klogd)]: family:1, type:1, protocol:0
[   11.888776] firmadyne: sys_socket[PID: 114 (klogd)]: family:1, type:2, protocol:0
sem_get: Key: 410f00a8
nvram_set: [   11.894912] firmadyne: sys_socket[PID: 114 (klogd)]: family:1, type:1, protocol:0
[   11.896062] firmadyne: sys_socket[PID: 114 (klogd)]: family:1, type:2, protocol:0
usb_info_dev42 = "A200396E0402FF83@1@14.4G@U@1@USB_Storage;U:;0;0@"
sem_get: Key: 410f00a8
sem_get: Key: 410f00a8
nvram_set[   11.906879] firmadyne: sys_socket[PID: 114 (klogd)]: family:1, type:1, protocol:0
[   11.908040] firmadyne: sys_socket[PID: 114 (klogd)]: family:1, type:2, protocol:0
: usb_info_dev43 = "A200396E0402FF83@1@14.4G@U@1@USB_Storage;U:;0;0@"
sem_get: Key: 410f00a8
[   11.914595] firmadyne: sys_socket[PID: 114 (klogd)]: family:1, type:1, protocol:0
[   11.915698] firmadyne: sys_socket[PID: 114 (klogd)]: family:1, type:2, protocol:0
sem_get: Key: 410f00a8
nvram_set: usb_info_dev44[   11.922463] firmadyne: sys_socket[PID: 114 (klogd)]: family:1, type:1, protocol:0
[   11.923666] firmadyne: sys_socket[PID: 114 (klogd)]: family:1, type:2, protocol:0
[   11.926207] firmadyne: sys_socket[PID: 114 (klogd)]: family:1, type:1, protocol:0
[   11.927341] firmadyne: sys_socket[PID: 114 (klogd)]: family:1, type:2, protocol:0
 = "A200396E0402FF83@1@14.4G@U@1@USB_Storage;U:;0;0@"
sem_get: Key: 410f00a8
sem_get[   11.934133] firmadyne: sys_socket[PID: 114 (klogd)]: family:1, type:1, protocol:0
[   11.935289] firmadyne: sys_socket[PID: 114 (klogd)]: family:1, type:2, protocol:0
: Key: 410f00a8
nvram_set: usb_info_dev45 = "A200396E0402FF83@1@14.4G@U@1@USB_Storage;U:;0;0@"
[   11.942104] firmadyne: sys_socket[PID: 114 (klogd)]: family:1, type:1, protocol:0
[   11.943319] firmadyne: sys_socket[PID: 114 (klogd)]: family:1, type:2, protocol:0
sem_get: Key: 410f00a8
sem_get: Key: 410f00a8
[   11.950073] firmadyne: sys_socket[PID: 114 (klogd)]: family:1, type:1, protocol:0
[   11.951263] firmadyne: sys_socket[PID: 114 (klogd)]: family:1, type:2, protocol:0
nvram_set: usb_info_dev46 = "A200396E0402FF83@1@14.4G@U@1@USB_Storage;U:;0;0@"
sem_get: Key: [   11.958028] firmadyne: sys_socket[PID: 114 (klogd)]: family:1, type:1, protocol:0
[   11.959256] firmadyne: sys_socket[PID: 114 (klogd)]: family:1, type:2, protocol:0
410f00a8
sem_get: Key: 410f00a8
[   11.965788] firmadyne: sys_socket[PID: 114 (klogd)]: family:1, type:1, protocol:0
[   11.966971] firmadyne: sys_socket[PID: 114 (klogd)]: family:1, type:2, protocol:0
nvram_set: usb_info_dev47 = "A200396E0402FF83@1@14.4G@U@1@USB_Storage;U:;0;0@"
sem_get: Key: 410f00a8
[   11.973550] firmadyne: sys_socket[PID: 114 (klogd)]: family:1, type:1, protocol:0
[   11.974760] firmadyne: sys_socket[PID: 114 (klogd)]: family:1, type:2, protocol:0
[   11.977245] firmadyne: sys_socket[PID: 114 (klogd)]: family:1, type:1, protocol:0
sem_get: Key: 410f00a8
[   11.981672] firmadyne: sys_socket[PID: 114 (klogd)]: family:1, type:2, protocol:0
[   11.984009] firmadyne: sys_socket[PID: 114 (klogd)]: family:1, type:1, protocol:0
nvram_set: usb_info_dev48 = "A200396E0402FF83@1@14.4G@U@1@USB_Storage;U:;0;0@"
sem_get: Key: 410f00a8
[   11.989417] firmadyne: sys_socket[PID: 114 (klogd)]: family:1, type:2, protocol:0
[   11.991690] firmadyne: sys_socket[PID: 114 (klogd)]: family:1, type:1, protocol:0
[   11.992797] firmadyne: sys_socket[PID: 114 (klogd)]: family:1, type:2, protocol:0
sem_get: Key: 410f00a8
nvram_set: usb_info_dev49 = "A200396E0402FF83@1@14.4G@U@1@USB_Storage;U:;0;0@"
sem_get: Key: 410f00a8
[   12.003014] firmadyne: sys_socket[PID: 114 (klogd)]: family:1, type:1, protocol:0
[   12.004116] firmadyne: sys_socket[PID: 114 (klogd)]: family:1, type:2, protocol:0
sem_get: Key: 410f00a8
nvram_set[   12.010888] firmadyne: sys_socket[PID: 114 (klogd)]: family:1, type:1, protocol:0
[   12.012025] firmadyne: sys_socket[PID: 114 (klogd)]: family:1, type:2, protocol:0
: usb_info_dev50 = "A200396E0402FF83@1@14.4G@U@1@USB_Storage;U:;0;0@"
sem_get: Key: 410f00a8
[   12.018566] firmadyne: sys_socket[PID: 114 (klogd)]: family:1, type:1, protocol:0
[   12.019698] firmadyne: sys_socket[PID: 114 (klogd)]: family:1, type:2, protocol:0
sem_get: Key: 410f00a8
nvram_set: usb_info_dev51[   12.026524] firmadyne: sys_socket[PID: 114 (klogd)]: family:1, type:1, protocol:0
[   12.027704] firmadyne: sys_socket[PID: 114 (klogd)]: family:1, type:2, protocol:0
 = "A200396E0402FF83@1@14.4G@U@1@USB_Storage;U:;0;0@"
sem_get: Key: 410f00a8
sem_get[   12.034461] firmadyne: sys_socket[PID: 114 (klogd)]: family:1, type:1, protocol:0
[   12.035606] firmadyne: sys_socket[PID: 114 (klogd)]: family:1, type:2, protocol:0
[   12.038195] firmadyne: sys_socket[PID: 114 (klogd)]: family:1, type:1, protocol:0
[   12.039315] firmadyne: sys_socket[PID: 114 (klogd)]: family:1, type:2, protocol:0
: Key: 410f00a8
nvram_set: usb_info_dev52 = "A200396E0402FF83@1@14.4G@U@1@USB_Storage;U:;0;0@[   12.046202] firmadyne: sys_socket[PID: 114 (klogd)]: family:1, type:1, protocol:0
[   12.047358] firmadyne: sys_socket[PID: 114 (klogd)]: family:1, type:2, protocol:0
"
sem_get: Key: 410f00a8
sem_get: Key: 410f00a8
nvram_set: usb_info_dev53 = "[   12.058184] firmadyne: sys_socket[PID: 114 (klogd)]: family:1, type:1, protocol:0
[   12.059334] firmadyne: sys_socket[PID: 114 (klogd)]: family:1, type:2, protocol:0
A200396E0402FF83@1@14.4G@U@1@USB_Storage;U:;0;0@"
sem_get: Key: 410f00a8
sem_get[   12.065931] firmadyne: sys_socket[PID: 114 (klogd)]: family:1, type:1, protocol:0
[   12.067132] firmadyne: sys_socket[PID: 114 (klogd)]: family:1, type:2, protocol:0
[   12.069621] firmadyne: sys_socket[PID: 114 (klogd)]: family:1, type:1, protocol:0
[   12.070711] firmadyne: sys_socket[PID: 114 (klogd)]: family:1, type:2, protocol:0
[   12.072892] firmadyne: sys_socket[PID: 114 (klogd)]: family:1, type:1, protocol:0
: Key: 410f00a8
nvram_set: usb_info_dev54 = "A200396E0402FF83@1@14.4G@U@1@USB_Storage;U:;0;0@"
sem_get: Key: 410f00a8
sem_get[   12.081869] firmadyne: sys_socket[PID: 114 (klogd)]: family:1, type:2, protocol:0
[   12.084099] firmadyne: sys_socket[PID: 114 (klogd)]: family:1, type:1, protocol:0
: Key: 410f00a8
nvram_set: usb_info_dev55 = "A200396E0402FF83@1@14.4G@U@1@USB_Storage;U:;0;0@[   12.089442] firmadyne: sys_socket[PID: 114 (klogd)]: family:1, type:2, protocol:0
[   12.091755] firmadyne: sys_socket[PID: 114 (klogd)]: family:1, type:1, protocol:0
[   12.092860] firmadyne: sys_socket[PID: 114 (klogd)]: family:1, type:2, protocol:0
"
sem_get: Key: 410f00a8
sem_get: Key: 410f00a8
nvram_set: usb_info_dev56 = "A200396E0402FF83@1@14.4G@U@1@USB_Storage;U:;0;0@"
sem_get: Key: 410f00a8
sem_get: Key: 410f00a8
[   12.117556] firmadyne: sys_socket[PID: 114 (klogd)]: family:1, type:1, protocol:0
[   12.118730] firmadyne: sys_socket[PID: 114 (klogd)]: family:1, type:2, protocol:0
[   12.120949] firmadyne: sys_socket[PID: 114 (klogd)]: family:1, type:1, protocol:0
nvram_set: usb_info_dev57 = "A200396E0402FF83@1@14.4G@U@1@USB_Storage;U:;0;0@"
sem_get: Key: [   12.126301] firmadyne: sys_socket[PID: 114 (klogd)]: family:1, type:2, protocol:0
[   12.128552] firmadyne: sys_socket[PID: 114 (klogd)]: family:1, type:1, protocol:0
410f00a8
sem_get: Key: 410f00a8
[   12.133671] firmadyne: sys_socket[PID: 114 (klogd)]: family:1, type:2, protocol:0
[   12.135910] firmadyne: sys_socket[PID: 114 (klogd)]: family:1, type:1, protocol:0
[   12.137294] firmadyne: sys_socket[PID: 114 (klogd)]: family:1, type:2, protocol:0
nvram_set: usb_info_dev58 = "A200396E0402FF83@1@14.4G@U@1@USB_Storage;U:;0;0@"
sem_get: Key: 410f00a8
sem_get: Key: 410f00a8
[   12.146781] firmadyne: sys_socket[PID: 114 (klogd)]: family:1, type:1, protocol:0
[   12.147908] firmadyne: sys_socket[PID: 114 (klogd)]: family:1, type:2, protocol:0
nvram_set: usb_info_dev59 = "A200396E0402FF83@1@14.4G@U@1@USB_Storage;U:;0;0@"
sem_get: Key: 410f00a8[   12.154584] firmadyne: sys_socket[PID: 114 (klogd)]: family:1, type:1, protocol:0
[   12.155753] firmadyne: sys_socket[PID: 114 (klogd)]: family:1, type:2, protocol:0

sem_get: Key: 410f00a8
[   12.162083] firmadyne: sys_socket[PID: 114 (klogd)]: family:1, type:1, protocol:0
[   12.163230] firmadyne: sys_socket[PID: 114 (klogd)]: family:1, type:2, protocol:0
nvram_set: usb_info_dev60 = "A200396E0402FF83@1@14.4G@U@1@USB_Storage;U:;0;0@"
sem_get: Key: 410f00a8
[   12.169785] firmadyne: sys_socket[PID: 114 (klogd)]: family:1, type:1, protocol:0
[   12.170971] firmadyne: sys_socket[PID: 114 (klogd)]: family:1, type:2, protocol:0
sem_get: Key: 410f00a8
nvram_set: [   12.177736] firmadyne: sys_socket[PID: 114 (klogd)]: family:1, type:1, protocol:0
[   12.178871] firmadyne: sys_socket[PID: 114 (klogd)]: family:1, type:2, protocol:0
usb_info_dev61 = "A200396E0402FF83@1@14.4G@U@1@USB_Storage;U:;0;0@"
sem_get: Key: 410f00a8
[   12.185418] firmadyne: sys_socket[PID: 114 (klogd)]: family:1, type:1, protocol:0
[   12.186576] firmadyne: sys_socket[PID: 114 (klogd)]: family:1, type:2, protocol:0
[   12.188760] firmadyne: sys_socket[PID: 114 (klogd)]: family:1, type:1, protocol:0
sem_get: Key: 410f00a8
nvram_set: [   12.193714] firmadyne: sys_socket[PID: 114 (klogd)]: family:1, type:2, protocol:0
[   12.195983] firmadyne: sys_socket[PID: 114 (klogd)]: family:1, type:1, protocol:0
usb_info_dev62 = "A200396E0402FF83@1@14.4G@U@1@USB_Storage;U:;0;0@"
sem_get: Key: 410f00a8
[   12.201366] firmadyne: sys_socket[PID: 114 (klogd)]: family:1, type:2, protocol:0
[   12.203704] firmadyne: sys_socket[PID: 114 (klogd)]: family:1, type:1, protocol:0
[   12.204789] firmadyne: sys_socket[PID: 114 (klogd)]: family:1, type:2, protocol:0
sem_get: Key: 410f00a8
nvram_set: [   12.210924] firmadyne: sys_socket[PID: 114 (klogd)]: family:1, type:1, protocol:0
[   12.212056] firmadyne: sys_socket[PID: 114 (klogd)]: family:1, type:2, protocol:0
usb_info_dev63 = "A200396E0402FF83@1@14.4G@U@1@USB_Storage;U:;0;0@"
sem_get: Key: 410f00a8
[   12.218546] firmadyne: sys_socket[PID: 114 (klogd)]: family:1, type:1, protocol:0
[   12.219686] firmadyne: sys_socket[PID: 114 (klogd)]: family:1, type:2, protocol:0
sem_get: Key: 410f00a8
nvram_set: usb_info_dev64[   12.226292] firmadyne: sys_socket[PID: 114 (klogd)]: family:1, type:1, protocol:0
[   12.227477] firmadyne: sys_socket[PID: 114 (klogd)]: family:1, type:2, protocol:0
 = "A200396E0402FF83@1@14.4G@U@1@USB_Storage;U:;0;0@"
sem_get: Key: 410f00a8
[   12.234519] firmadyne: sys_socket[PID: 114 (klogd)]: family:1, type:1, protocol:0
[   12.235696] firmadyne: sys_socket[PID: 114 (klogd)]: family:1, type:2, protocol:0
sem_get: Key: 410f00a8
nvram_set: [   12.242115] firmadyne: sys_socket[PID: 114 (klogd)]: family:1, type:1, protocol:0
[   12.243297] firmadyne: sys_socket[PID: 114 (klogd)]: family:1, type:2, protocol:0
usb_info_dev65 = "A200396E0402FF83@1@14.4G@U@1@USB_Storage;U:;0;0@"
sem_get: Key: 410f00a8
[   12.249919] firmadyne: sys_socket[PID: 114 (klogd)]: family:1, type:1, protocol:0
[   12.251062] firmadyne: sys_socket[PID: 114 (klogd)]: family:1, type:2, protocol:0
sem_get: Key: 410f00a8
nvram_set: usb_info_dev66 = "A200396E0402FF83@1@14.4G@U@1@USB_Storage;U:;0;0@[   12.257897] firmadyne: sys_socket[PID: 114 (klogd)]: family:1, type:1, protocol:0
[   12.259065] firmadyne: sys_socket[PID: 114 (klogd)]: family:1, type:2, protocol:0
"
sem_get: Key: 410f00a8
sem_get: Key: 410f00a8[   12.265851] firmadyne: sys_socket[PID: 114 (klogd)]: family:1, type:1, protocol:0
[   12.267044] firmadyne: sys_socket[PID: 114 (klogd)]: family:1, type:2, protocol:0

nvram_set: usb_info_dev67 = "A200396E0402FF83@1@14.4G@U@1@USB_Storage;U:;0;0@"
sem_get[   12.273753] firmadyne: sys_socket[PID: 114 (klogd)]: family:1, type:1, protocol:0
[   12.274947] firmadyne: sys_socket[PID: 114 (klogd)]: family:1, type:2, protocol:0
: Key: 410f00a8
sem_get: Key: 410f00a8
[   12.281537] firmadyne: sys_socket[PID: 114 (klogd)]: family:1, type:1, protocol:0
[   12.282768] firmadyne: sys_socket[PID: 114 (klogd)]: family:1, type:2, protocol:0
[   12.285086] firmadyne: sys_socket[PID: 114 (klogd)]: family:1, type:1, protocol:0
nvram_set: usb_info_dev68 = "A200396E0402FF83@1@14.4G@U@1@USB_Storage;U:;0;0@[   12.290757] firmadyne: sys_socket[PID: 114 (klogd)]: family:1, type:2, protocol:0
"
sem_get: Key: 410f00a8
sem_get: Key: 410f00a8[   12.299420] firmadyne: sys_socket[PID: 114 (klogd)]: family:1, type:1, protocol:0
[   12.300524] firmadyne: sys_socket[PID: 114 (klogd)]: family:1, type:2, protocol:0
[   12.302843] firmadyne: sys_socket[PID: 114 (klogd)]: family:1, type:1, protocol:0
[   12.303891] firmadyne: sys_socket[PID: 114 (klogd)]: family:1, type:2, protocol:0

nvram_set: usb_info_dev69 = "A200396E0402FF83@1@14.4G@U@1@USB_Storage;U:;0;0@"
sem_get: Key: 410f00a8
sem_get: Key: 410f00a8
[   12.314322] firmadyne: sys_socket[PID: 114 (klogd)]: family:1, type:1, protocol:0
[   12.315474] firmadyne: sys_socket[PID: 114 (klogd)]: family:1, type:2, protocol:0
nvram_set: usb_info_dev70 = "A200396E0402FF83@1@14.4G@U@1@USB_Storage;U:;0;0@"
sem_get: Key: 410f00a8[   12.322036] firmadyne: sys_socket[PID: 114 (klogd)]: family:1, type:1, protocol:0
[   12.323224] firmadyne: sys_socket[PID: 114 (klogd)]: family:1, type:2, protocol:0

sem_get: Key: 410f00a8
[   12.329757] firmadyne: sys_socket[PID: 114 (klogd)]: family:1, type:1, protocol:0
[   12.330945] firmadyne: sys_socket[PID: 114 (klogd)]: family:1, type:2, protocol:0
nvram_set: usb_info_dev71 = "A200396E0402FF83@1@14.4G@U@1@USB_Storage;U:;0;0@"
sem_get: Key: 410f00a8
[   12.337640] firmadyne: sys_socket[PID: 114 (klogd)]: family:1, type:1, protocol:0
[   12.338780] firmadyne: sys_socket[PID: 114 (klogd)]: family:1, type:2, protocol:0
[   12.341002] firmadyne: sys_socket[PID: 114 (klogd)]: family:1, type:1, protocol:0
sem_get: Key: 410f00a8
nvram_set: usb_info_dev72 = "A200396E0402FF83@1@14.4G@U@1@USB_Storage;U:;0;0@"
sem_get: Key: [   12.349843] firmadyne: sys_socket[PID: 114 (klogd)]: family:1, type:2, protocol:0
[   12.352172] firmadyne: sys_socket[PID: 114 (klogd)]: family:1, type:1, protocol:0
[   12.353640] firmadyne: sys_socket[PID: 114 (klogd)]: family:1, type:2, protocol:0
[   12.355901] firmadyne: sys_socket[PID: 114 (klogd)]: family:1, type:1, protocol:0
[   12.357008] firmadyne: sys_socket[PID: 114 (klogd)]: family:1, type:2, protocol:0
410f00a8
sem_get: Key: 410f00a8
nvram_set: usb_info_dev73 = "A200396E0402FF83@1@14.4G@U@1@USB_Storage;U:;0;0@"
sem_get: Key: 410f00a8[   12.367048] firmadyne: sys_socket[PID: 114 (klogd)]: family:1, type:1, protocol:0
[   12.368146] firmadyne: sys_socket[PID: 114 (klogd)]: family:1, type:2, protocol:0

sem_get: Key: 410f00a8
[   12.374629] firmadyne: sys_socket[PID: 114 (klogd)]: family:1, type:1, protocol:0
[   12.375785] firmadyne: sys_socket[PID: 114 (klogd)]: family:1, type:2, protocol:0
nvram_set: usb_info_dev74 = "A200396E0402FF83@1@14.4G@U@1@USB_Storage;U:;0;0@"
sem_get: Key: 410f00a8
[   12.382321] firmadyne: sys_socket[PID: 114 (klogd)]: family:1, type:1, protocol:0
[   12.383457] firmadyne: sys_socket[PID: 114 (klogd)]: family:1, type:2, protocol:0
sem_get: Key: 410f00a8
nvram_set[   12.390223] firmadyne: sys_socket[PID: 114 (klogd)]: family:1, type:1, protocol:0
[   12.391414] firmadyne: sys_socket[PID: 114 (klogd)]: family:1, type:2, protocol:0
: usb_info_dev75 = "A200396E0402FF83@1@14.4G@U@1@USB_Storage;U:;0;0@"
sem_get: Key: 410f00a8
[   12.397943] firmadyne: sys_socket[PID: 114 (klogd)]: family:1, type:1, protocol:0
[   12.399128] firmadyne: sys_socket[PID: 114 (klogd)]: family:1, type:2, protocol:0
sem_get: Key: 410f00a8
nvram_set: usb_info_dev76[   12.405797] firmadyne: sys_socket[PID: 114 (klogd)]: family:1, type:1, protocol:0
[   12.406940] firmadyne: sys_socket[PID: 114 (klogd)]: family:1, type:2, protocol:0
 = "A200396E0402FF83@1@14.4G@U@1@USB_Storage;U:;0;0@"
sem_get: Key: 410f00a8
sem_get[   12.413769] firmadyne: sys_socket[PID: 114 (klogd)]: family:1, type:1, protocol:0
[   12.414957] firmadyne: sys_socket[PID: 114 (klogd)]: family:1, type:2, protocol:0
[   12.417425] firmadyne: sys_socket[PID: 114 (klogd)]: family:1, type:1, protocol:0
[   12.418573] firmadyne: sys_socket[PID: 114 (klogd)]: family:1, type:2, protocol:0
[   12.420771] firmadyne: sys_socket[PID: 114 (klogd)]: family:1, type:1, protocol:0
: Key: 410f00a8
nvram_set: usb_info_dev77 = "A200396E0402FF83@1@14.4G@U@1@USB_Storage;U:;0;0@"
sem_get: Key: 410f00a8
sem_get: Key: [   12.429923] firmadyne: sys_socket[PID: 114 (klogd)]: family:1, type:2, protocol:0
[   12.432193] firmadyne: sys_socket[PID: 114 (klogd)]: family:1, type:1, protocol:0
410f00a8
nvram_set: usb_info_dev78 = "A200396E0402FF83@1@14.4G@U@1@USB_Storage;U:;0;0@"
[   12.437813] firmadyne: sys_socket[PID: 114 (klogd)]: family:1, type:2, protocol:0
[   12.440147] firmadyne: sys_socket[PID: 114 (klogd)]: family:1, type:1, protocol:0
sem_get: Key: 410f00a8
sem_get: Key: 410f00a8
[   12.445536] firmadyne: sys_socket[PID: 114 (klogd)]: family:1, type:2, protocol:0
[   12.447839] firmadyne: sys_socket[PID: 114 (klogd)]: family:1, type:1, protocol:0
[   12.448960] firmadyne: sys_socket[PID: 114 (klogd)]: family:1, type:2, protocol:0
nvram_set: usb_info_dev79 = "A200396E0402FF83@1@14.4G@U@1@USB_Storage;U:;0;0@"
[   12.454768] firmadyne: sys_socket[PID: 114 (klogd)]: family:1, type:1, protocol:0
[   12.455906] firmadyne: sys_socket[PID: 114 (klogd)]: family:1, type:2, protocol:0
sem_get: Key: 410f00a8
sem_get: Key: 410f00a8
nvram_set: usb_info_dev80 = "A200396E0402FF83@1@14.4G@U@1@USB_Storage;U:;0;0@"
sem_get: Key: 410f00a8
sem_get: Key: 410f00a8
[   12.477907] firmadyne: sys_socket[PID: 114 (klogd)]: family:1, type:1, protocol:0
[   12.479101] firmadyne: sys_socket[PID: 114 (klogd)]: family:1, type:2, protocol:0
nvram_set: usb_info_dev81 = "A200396E0402FF83@1@14.4G@U@1@USB_Storage;U:;0;0@"
sem_get[   12.485580] firmadyne: sys_socket[PID: 114 (klogd)]: family:1, type:1, protocol:0
[   12.486745] firmadyne: sys_socket[PID: 114 (klogd)]: family:1, type:2, protocol:0
[   12.488974] firmadyne: sys_socket[PID: 114 (klogd)]: family:1, type:1, protocol:0
: Key: 410f00a8
sem_get: Key: 410f00a8
nvram_set: usb_info_dev82 = "A200396E0402FF83@1@14.4G@U@1@USB_Storage;U:;0;0@"
sem_get[   12.498938] firmadyne: sys_socket[PID: 114 (klogd)]: family:1, type:2, protocol:0
[   12.501384] firmadyne: sys_socket[PID: 114 (klogd)]: family:1, type:1, protocol:0
[   12.502487] firmadyne: sys_socket[PID: 114 (klogd)]: family:1, type:2, protocol:0
[   12.504698] firmadyne: sys_socket[PID: 114 (klogd)]: family:1, type:1, protocol:0
: Key: 410f00a8
sem_get: Key: 410f00a8
nvram_set: usb_info_dev83 = "A200396E0402FF83@1@14.4G@U@1@USB_Storage;U:;0;0@"
sem_get: Key: [   12.513888] firmadyne: sys_socket[PID: 114 (klogd)]: family:1, type:2, protocol:0
[   12.516148] firmadyne: sys_socket[PID: 114 (klogd)]: family:1, type:1, protocol:0
[   12.517653] firmadyne: sys_socket[PID: 114 (klogd)]: family:1, type:2, protocol:0
[   12.519952] firmadyne: sys_socket[PID: 114 (klogd)]: family:1, type:1, protocol:0
[   12.521079] firmadyne: sys_socket[PID: 114 (klogd)]: family:1, type:2, protocol:0
410f00a8
sem_get: Key: 410f00a8
nvram_set: usb_info_dev84 = "A200396E0402FF83@1@14.4G@U@1@USB_Storage;U:;0;0@"
sem_get[   12.530758] firmadyne: sys_socket[PID: 114 (klogd)]: family:1, type:1, protocol:0
[   12.531862] firmadyne: sys_socket[PID: 114 (klogd)]: family:1, type:2, protocol:0
: Key: 410f00a8
sem_get: Key: 410f00a8
[   12.539024] firmadyne: sys_socket[PID: 114 (klogd)]: family:1, type:1, protocol:0
[   12.540156] firmadyne: sys_socket[PID: 114 (klogd)]: family:1, type:2, protocol:0
nvram_set: usb_info_dev85 = "A200396E0402FF83@1@14.4G@U@1@USB_Storage;U:;0;0@"
sem_get: Key: [   12.546634] firmadyne: sys_socket[PID: 114 (klogd)]: family:1, type:1, protocol:0
[   12.547738] firmadyne: sys_socket[PID: 114 (klogd)]: family:1, type:2, protocol:0
410f00a8
sem_get: Key: 410f00a8
[   12.554115] firmadyne: sys_socket[PID: 114 (klogd)]: family:1, type:1, protocol:0
[   12.555312] firmadyne: sys_socket[PID: 114 (klogd)]: family:1, type:2, protocol:0
nvram_set: usb_info_dev86 = "A200396E0402FF83@1@14.4G@U@1@USB_Storage;U:;0;0@"
sem_get: Key: [   12.561791] firmadyne: sys_socket[PID: 114 (klogd)]: family:1, type:1, protocol:0
[   12.562936] firmadyne: sys_socket[PID: 114 (klogd)]: family:1, type:2, protocol:0
410f00a8
sem_get: Key: 410f00a8
[   12.569535] firmadyne: sys_socket[PID: 114 (klogd)]: family:1, type:1, protocol:0
[   12.570702] firmadyne: sys_socket[PID: 114 (klogd)]: family:1, type:2, protocol:0
[   12.572984] firmadyne: sys_socket[PID: 114 (klogd)]: family:1, type:1, protocol:0
nvram_set: usb_info_dev87 = "A200396E0402FF83@1@14.4G@U@1@USB_Storage;U:;0;0@"
[   12.577667] firmadyne: sys_socket[PID: 114 (klogd)]: family:1, type:2, protocol:0
[   12.580069] firmadyne: sys_socket[PID: 114 (klogd)]: family:1, type:1, protocol:0
sem_get: Key: 410f00a8
sem_get: Key: 410f00a8
[   12.585628] firmadyne: sys_socket[PID: 114 (klogd)]: family:1, type:2, protocol:0
[   12.587927] firmadyne: sys_socket[PID: 114 (klogd)]: family:1, type:1, protocol:0
[   12.589267] firmadyne: sys_socket[PID: 114 (klogd)]: family:1, type:2, protocol:0
nvram_set: usb_info_dev88 = "A200396E0402FF83@1@14.4G@U@1@USB_Storage;U:;0;0@"
sem_get: Key: 410f00a8
sem_get: Key: 410f00a8[   12.599182] firmadyne: sys_socket[PID: 114 (klogd)]: family:1, type:1, protocol:0
[   12.600299] firmadyne: sys_socket[PID: 114 (klogd)]: family:1, type:2, protocol:0

nvram_set: usb_info_dev89 = "A200396E0402FF83@1@14.4G@U@1@USB_Storage;U:;0;0@"
[   12.606870] firmadyne: sys_socket[PID: 114 (klogd)]: family:1, type:1, protocol:0
[   12.608032] firmadyne: sys_socket[PID: 114 (klogd)]: family:1, type:2, protocol:0
sem_get: Key: 410f00a8
sem_get: Key: 410f00a8
[   12.614606] firmadyne: sys_socket[PID: 114 (klogd)]: family:1, type:1, protocol:0
[   12.615740] firmadyne: sys_socket[PID: 114 (klogd)]: family:1, type:2, protocol:0
nvram_set: usb_info_dev90 = "A200396E0402FF83@1@14.4G@U@1@USB_Storage;U:;0;0@"
sem_get[   12.622299] firmadyne: sys_socket[PID: 114 (klogd)]: family:1, type:1, protocol:0
[   12.623464] firmadyne: sys_socket[PID: 114 (klogd)]: family:1, type:2, protocol:0
: Key: 410f00a8
sem_get: Key: 410f00a8
[   12.630078] firmadyne: sys_socket[PID: 114 (klogd)]: family:1, type:1, protocol:0
[   12.631249] firmadyne: sys_socket[PID: 114 (klogd)]: family:1, type:2, protocol:0
nvram_set: usb_info_dev91 = "A200396E0402FF83@1@14.4G@U@1@USB_Storage;U:;0;0@"
sem_get: Key: 410f00a8[   12.637931] firmadyne: sys_socket[PID: 114 (klogd)]: family:1, type:1, protocol:0
[   12.639100] firmadyne: sys_socket[PID: 114 (klogd)]: family:1, type:2, protocol:0

sem_get: Key: 410f00a8
[   12.645533] firmadyne: sys_socket[PID: 114 (klogd)]: family:1, type:1, protocol:0
[   12.646750] firmadyne: sys_socket[PID: 114 (klogd)]: family:1, type:2, protocol:0
[   12.648980] firmadyne: sys_socket[PID: 114 (klogd)]: family:1, type:1, protocol:0
nvram_set: usb_info_dev92 = "A200396E0402FF83@1@14.4G@U@1@USB_Storage;U:;0;0@"
sem_get: Key: 410f00a8[   12.653911] firmadyne: sys_socket[PID: 114 (klogd)]: family:1, type:2, protocol:0
[   12.656193] firmadyne: sys_socket[PID: 114 (klogd)]: family:1, type:1, protocol:0

sem_get: Key: 410f00a8
[   12.661547] firmadyne: sys_socket[PID: 114 (klogd)]: family:1, type:2, protocol:0
[   12.663809] firmadyne: sys_socket[PID: 114 (klogd)]: family:1, type:1, protocol:0
[   12.664903] firmadyne: sys_socket[PID: 114 (klogd)]: family:1, type:2, protocol:0
nvram_set: usb_info_dev93 = "A200396E0402FF83@1@14.4G@U@1@USB_Storage;U:;0;0@"
sem_get: Key: 410f00a8[   12.671103] firmadyne: sys_socket[PID: 114 (klogd)]: family:1, type:1, protocol:0
[   12.672225] firmadyne: sys_socket[PID: 114 (klogd)]: family:1, type:2, protocol:0

sem_get: Key: 410f00a8
[   12.678597] firmadyne: sys_socket[PID: 114 (klogd)]: family:1, type:1, protocol:0
[   12.679738] firmadyne: sys_socket[PID: 114 (klogd)]: family:1, type:2, protocol:0
nvram_set: usb_info_dev94 = "A200396E0402FF83@1@14.4G@U@1@USB_Storage;U:;0;0@"
sem_get: Key: 410f00a8
[   12.686214] firmadyne: sys_socket[PID: 114 (klogd)]: family:1, type:1, protocol:0
[   12.687391] firmadyne: sys_socket[PID: 114 (klogd)]: family:1, type:2, protocol:0
sem_get: Key: 410f00a8
nvram_set: [   12.694189] firmadyne: sys_socket[PID: 114 (klogd)]: family:1, type:1, protocol:0
[   12.695392] firmadyne: sys_socket[PID: 114 (klogd)]: family:1, type:2, protocol:0
usb_info_dev95 = "A200396E0402FF83@1@14.4G@U@1@USB_Storage;U:;0;0@"
sem_get: Key: 410f00a8
sem_get: Key: 410f00a8
nvram_set[   12.705957] firmadyne: sys_socket[PID: 114 (klogd)]: family:1, type:1, protocol:0
[   12.707101] firmadyne: sys_socket[PID: 114 (klogd)]: family:1, type:2, protocol:0
[   12.709677] firmadyne: sys_socket[PID: 114 (klogd)]: family:1, type:1, protocol:0
[   12.710768] firmadyne: sys_socket[PID: 114 (klogd)]: family:1, type:2, protocol:0
[   12.713002] firmadyne: sys_socket[PID: 114 (klogd)]: family:1, type:1, protocol:0
: usb_info_dev96 = "A200396E0402FF83@1@14.4G@U@1@USB_Storage;U:;0;0@"
sem_get: Key: 410f00a8
sem_get: Key: 410f00a8
nvram_set[   12.721773] firmadyne: sys_socket[PID: 114 (klogd)]: family:1, type:2, protocol:0
[   12.724078] firmadyne: sys_socket[PID: 114 (klogd)]: family:1, type:1, protocol:0
: usb_info_dev97 = "A200396E0402FF83@1@14.4G@U@1@USB_Storage;U:;0;0@"
sem_get: Key: 410f00a8
[   12.729454] firmadyne: sys_socket[PID: 114 (klogd)]: family:1, type:2, protocol:0
[   12.731814] firmadyne: sys_socket[PID: 114 (klogd)]: family:1, type:1, protocol:0
[   12.732960] firmadyne: sys_socket[PID: 114 (klogd)]: family:1, type:2, protocol:0
sem_get: Key: 410f00a8
[   12.738782] firmadyne: sys_socket[PID: 114 (klogd)]: family:1, type:1, protocol:0
[   12.739905] firmadyne: sys_socket[PID: 114 (klogd)]: family:1, type:2, protocol:0
nvram_set: usb_info_dev98 = "A200396E0402FF83@1@14.4G@U@1@USB_Storage;U:;0;0@"
sem_get: Key: 410f00a8
[   12.746569] firmadyne: sys_socket[PID: 114 (klogd)]: family:1, type:1, protocol:0
[   12.747795] firmadyne: sys_socket[PID: 114 (klogd)]: family:1, type:2, protocol:0
sem_get: Key: 410f00a8
nvram_set: [   12.754263] firmadyne: sys_socket[PID: 114 (klogd)]: family:1, type:1, protocol:0
[   12.755442] firmadyne: sys_socket[PID: 114 (klogd)]: family:1, type:2, protocol:0
usb_info_dev99 = "A200396E0402FF83@1@14.4G@U@1@USB_Storage;U:;0;0@"
sem_get: Key: 410f00a8
[   12.762116] firmadyne: sys_socket[PID: 114 (klogd)]: family:1, type:1, protocol:0
[   12.763262] firmadyne: sys_socket[PID: 114 (klogd)]: family:1, type:2, protocol:0
sem_get: Key: 410f00a8
nvram_set: usb_info_dev100 = "A200396E0402FF83@1@14.4G@U@1@USB_Storage;U:;0;0@[   12.770163] firmadyne: sys_socket[PID: 114 (klogd)]: family:1, type:1, protocol:0
[   12.771362] firmadyne: sys_socket[PID: 114 (klogd)]: family:1, type:2, protocol:0
"
sem_get: Key: 410f00a8
sem_get: Key: 410f00a8[   12.778242] firmadyne: sys_socket[PID: 114 (klogd)]: family:1, type:1, protocol:0
[   12.779434] firmadyne: sys_socket[PID: 114 (klogd)]: family:1, type:2, protocol:0

nvram_set: wla_ap_isolate_1 = ""
sem_get: Key: [   12.786094] firmadyne: sys_socket[PID: 114 (klogd)]: family:1, type:1, protocol:0
[   12.787234] firmadyne: sys_socket[PID: 114 (klogd)]: family:1, type:2, protocol:0
410f00a8
sem_get: Key: 410f00a8
[   12.793690] firmadyne: sys_socket[PID: 114 (klogd)]: family:1, type:1, protocol:0
[   12.794822] firmadyne: sys_socket[PID: 114 (klogd)]: family:1, type:2, protocol:0
[   12.797071] firmadyne: sys_socket[PID: 114 (klogd)]: family:1, type:1, protocol:0
nvram_set: wla_ap_isolate_2 = ""
sem_get: Key: 410f00a8[   12.801747] firmadyne: sys_socket[PID: 114 (klogd)]: family:1, type:2, protocol:0
[   12.803982] firmadyne: sys_socket[PID: 114 (klogd)]: family:1, type:1, protocol:0
[   12.805246] firmadyne: sys_socket[PID: 114 (klogd)]: family:1, type:2, protocol:0

sem_get: Key: 410f00a8
nvram_set: wla_ap_isolate_3 = ""
sem_get: Key: 410f00a8
[   12.814991] firmadyne: sys_socket[PID: 114 (klogd)]: family:1, type:1, protocol:0
[   12.816136] firmadyne: sys_socket[PID: 114 (klogd)]: family:1, type:2, protocol:0
sem_get: Key: 410f00a8
nvram_set: wla_ap_isolate_4 = ""
sem_get: Key: 410f00a8
sem_get: Key: 410f00a8
nvram_set: wlg_ap_isolate_1 = "[   12.837547] firmadyne: sys_socket[PID: 114 (klogd)]: family:1, type:1, protocol:0
[   12.838751] firmadyne: sys_socket[PID: 114 (klogd)]: family:1, type:2, protocol:0
[   12.841029] firmadyne: sys_socket[PID: 114 (klogd)]: family:1, type:1, protocol:0
"
sem_get: Key: 410f00a8
sem_get: Key: 410f00a8
nvram_set: wlg_ap_isolate_2 = ""
[   12.849672] firmadyne: sys_socket[PID: 114 (klogd)]: family:1, type:2, protocol:0
[   12.851955] firmadyne: sys_socket[PID: 114 (klogd)]: family:1, type:1, protocol:0
sem_get: Key: 410f00a8
sem_get: Key: 410f00a8
[   12.857308] firmadyne: sys_socket[PID: 114 (klogd)]: family:1, type:2, protocol:0
[   12.859570] firmadyne: sys_socket[PID: 114 (klogd)]: family:1, type:1, protocol:0
[   12.860711] firmadyne: sys_socket[PID: 114 (klogd)]: family:1, type:2, protocol:0
nvram_set: wlg_ap_isolate_3 = ""
sem_get: Key: 410f00a8[   12.867070] firmadyne: sys_socket[PID: 114 (klogd)]: family:1, type:1, protocol:0
[   12.868223] firmadyne: sys_socket[PID: 114 (klogd)]: family:1, type:2, protocol:0

sem_get: Key: 410f00a8
[   12.874559] firmadyne: sys_socket[PID: 114 (klogd)]: family:1, type:1, protocol:0
[   12.875715] firmadyne: sys_socket[PID: 114 (klogd)]: family:1, type:2, protocol:0
nvram_set: wlg_ap_isolate_4 = ""
sem_get: Key: 410f00a8
[   12.882157] firmadyne: sys_socket[PID: 114 (klogd)]: family:1, type:1, protocol:0
[   12.883350] firmadyne: sys_socket[PID: 114 (klogd)]: family:1, type:2, protocol:0
sem_get: Key: 410f00a8
nvram_set: wlg_allow_access_1 = "[   12.890011] firmadyne: sys_socket[PID: 114 (klogd)]: family:1, type:1, protocol:0
[   12.891163] firmadyne: sys_socket[PID: 114 (klogd)]: family:1, type:2, protocol:0
"
sem_get: Key: 410f00a8
sem_get: Key: 410f00a8
[   12.898984] firmadyne: sys_socket[PID: 114 (klogd)]: family:1, type:1, protocol:0
[   12.900117] firmadyne: sys_socket[PID: 114 (klogd)]: family:1, type:2, protocol:0
[   12.902550] firmadyne: sys_socket[PID: 114 (klogd)]: family:1, type:1, protocol:0
[   12.903645] firmadyne: sys_socket[PID: 114 (klogd)]: family:1, type:2, protocol:0
nvram_set: wlg_allow_access_2 = ""
sem_get: Key: 410f00a8
sem_get: Key: 410f00a8
[   12.914075] firmadyne: sys_socket[PID: 114 (klogd)]: family:1, type:1, protocol:0
[   12.915212] firmadyne: sys_socket[PID: 114 (klogd)]: family:1, type:2, protocol:0
nvram_set: wlg_allow_access_3 = ""
sem_get: Key: 410f00a8
[   12.921671] firmadyne: sys_socket[PID: 114 (klogd)]: family:1, type:1, protocol:0
[   12.922832] firmadyne: sys_socket[PID: 114 (klogd)]: family:1, type:2, protocol:0
sem_get: Key: 410f00a8
nvram_set: wlg_allow_access_4 = ""
[   12.929707] firmadyne: sys_socket[PID: 114 (klogd)]: family:1, type:1, protocol:0
[   12.930915] firmadyne: sys_socket[PID: 114 (klogd)]: family:1, type:2, protocol:0
sem_get: Key: 410f00a8
sem_get: Key: 410f00a8
[   12.937403] firmadyne: sys_socket[PID: 114 (klogd)]: family:1, type:1, protocol:0
[   12.938620] firmadyne: sys_socket[PID: 114 (klogd)]: family:1, type:2, protocol:0
[   12.940845] firmadyne: sys_socket[PID: 114 (klogd)]: family:1, type:1, protocol:0
nvram_set: 0:macaddr = "01:23:45:67:89:ab"
[   12.945654] firmadyne: sys_socket[PID: 114 (klogd)]: family:1, type:2, protocol:0
[   12.947921] firmadyne: sys_socket[PID: 114 (klogd)]: family:1, type:1, protocol:0
[   12.949046] firmadyne: sys_socket[PID: 114 (klogd)]: family:1, type:2, protocol:0
sem_get: Key: 410f00a8
sem_get: Key: [   12.955170] firmadyne: sys_socket[PID: 114 (klogd)]: family:1, type:1, protocol:0
[   12.956304] firmadyne: sys_socket[PID: 114 (klogd)]: family:1, type:2, protocol:0
410f00a8
[   12.962948] firmadyne: sys_socket[PID: 114 (klogd)]: family:1, type:1, protocol:0
[   12.964027] firmadyne: sys_socket[PID: 114 (klogd)]: family:1, type:2, protocol:0
nvram_set: 1:macaddr = "01:23:45:67:89:ab"
sem_get: Key: [   12.970359] firmadyne: sys_socket[PID: 114 (klogd)]: family:1, type:1, protocol:0
[   12.971443] firmadyne: sys_socket[PID: 114 (klogd)]: family:1, type:2, protocol:0
410f00a8
sem_get: Key: 410f00a8
[   12.977790] firmadyne: sys_socket[PID: 114 (klogd)]: family:1, type:1, protocol:0
[   12.978901] firmadyne: sys_socket[PID: 114 (klogd)]: family:1, type:2, protocol:0
[   12.981248] firmadyne: sys_socket[PID: 114 (klogd)]: family:1, type:1, protocol:0
nvram_set: 2:macaddr = "01:23:45:67:89:ab"
sem_get: Key: 410f00a8
sem_get: Key: 410f00a8
nvram_set[   12.990038] firmadyne: sys_socket[PID: 114 (klogd)]: family:1, type:2, protocol:0
[   12.992318] firmadyne: sys_socket[PID: 114 (klogd)]: family:1, type:1, protocol:0
[   12.993783] firmadyne: sys_socket[PID: 114 (klogd)]: family:1, type:2, protocol:0
[   12.996022] firmadyne: sys_socket[PID: 114 (klogd)]: family:1, type:1, protocol:0
: lan1_ifnames = ""
sem_get: Key: 410f00a8
sem_get[   13.001802] firmadyne: sys_socket[PID: 114 (klogd)]: family:1, type:2, protocol:0
[   13.004169] firmadyne: sys_socket[PID: 114 (klogd)]: family:1, type:1, protocol:0
: Key: 410f00a8
nvram_set: lan2_ifnames = ""
[   13.009650] firmadyne: sys_socket[PID: 114 (klogd)]: family:1, type:2, protocol:0
[   13.012029] firmadyne: sys_socket[PID: 114 (klogd)]: family:1, type:1, protocol:0
sem_get: Key: 410f00a8
sem_get: Key: 410f00a8
[   13.017310] firmadyne: sys_socket[PID: 114 (klogd)]: family:1, type:2, protocol:0
[   13.019564] firmadyne: sys_socket[PID: 114 (klogd)]: family:1, type:1, protocol:0
[   13.020690] firmadyne: sys_socket[PID: 114 (klogd)]: family:1, type:2, protocol:0
nvram_set: lan3_ifnames = ""
sem_get: Key: 410f00a8
sem_get: Key: 410f00a8
[   13.031360] firmadyne: sys_socket[PID: 114 (klogd)]: family:1, type:1, protocol:0
[   13.032498] firmadyne: sys_socket[PID: 114 (klogd)]: family:1, type:2, protocol:0
[   13.035008] firmadyne: sys_socket[PID: 114 (klogd)]: family:1, type:1, protocol:0
[   13.036092] firmadyne: sys_socket[PID: 114 (klogd)]: family:1, type:2, protocol:0
nvram_set: lan4_ifnames = ""
sem_get: Key: 410f00a8
[   13.042559] firmadyne: sys_socket[PID: 114 (klogd)]: family:1, type:1, protocol:0
[   13.043716] firmadyne: sys_socket[PID: 114 (klogd)]: family:1, type:2, protocol:0
sem_get: Key: 410f00a8
nvram_set: lan5_ifnames[   13.050692] firmadyne: sys_socket[PID: 114 (klogd)]: family:1, type:1, protocol:0
[   13.051860] firmadyne: sys_socket[PID: 114 (klogd)]: family:1, type:2, protocol:0
 = ""
sem_get: Key: 410f00a8
sem_get: Key: 410f00a8[   13.058538] firmadyne: sys_socket[PID: 114 (klogd)]: family:1, type:1, protocol:0
[   13.059693] firmadyne: sys_socket[PID: 114 (klogd)]: family:1, type:2, protocol:0

nvram_set: lan6_ifnames = ""
sem_get[   13.066113] firmadyne: sys_socket[PID: 114 (klogd)]: family:1, type:1, protocol:0
[   13.067261] firmadyne: sys_socket[PID: 114 (klogd)]: family:1, type:2, protocol:0
: Key: 410f00a8
sem_get: Key: 410f00a8
nvram_set: lan7_ifnames = ""
sem_get: Key: 410f00a8
[   13.077733] firmadyne: sys_socket[PID: 114 (klogd)]: family:1, type:1, protocol:0
[   13.078908] firmadyne: sys_socket[PID: 114 (klogd)]: family:1, type:2, protocol:0
sem_get: Key: 410f00a8
nvram_set: [   13.085409] firmadyne: sys_socket[PID: 114 (klogd)]: family:1, type:1, protocol:0
[   13.086605] firmadyne: sys_socket[PID: 114 (klogd)]: family:1, type:2, protocol:0
[   13.088805] firmadyne: sys_socket[PID: 114 (klogd)]: family:1, type:1, protocol:0
lan8_ifnames = ""
sem_get: Key: 410f00a8
[   13.093757] firmadyne: sys_socket[PID: 114 (klogd)]: family:1, type:2, protocol:0
[   13.095971] firmadyne: sys_socket[PID: 114 (klogd)]: family:1, type:1, protocol:0
[   13.097300] firmadyne: sys_socket[PID: 114 (klogd)]: family:1, type:2, protocol:0
sem_get: Key: 410f00a8
nvram_set: lan9_ifnames = ""
sem_get: Key: 410f00a8
[   13.106823] firmadyne: sys_socket[PID: 114 (klogd)]: family:1, type:1, protocol:0
[   13.107963] firmadyne: sys_socket[PID: 114 (klogd)]: family:1, type:2, protocol:0
sem_get: Key: 410f00a8
nvram_set_default: Loading built-in default values = 1!
[   13.114586] firmadyne: sys_socket[PID: 114 (klogd)]: family:1, type:1, protocol:0
[   13.115700] firmadyne: sys_socket[PID: 114 (klogd)]: family:1, type:2, protocol:0
nvram_set_default: Checking for symbol "router_defaults"...
nvram_set_default: Checking for symbol "Nvrams"...
[   13.122578] firmadyne: sys_socket[PID: 114 (klogd)]: family:1, type:1, protocol:0
[   13.123713] firmadyne: sys_socket[PID: 114 (klogd)]: family:1, type:2, protocol:0
[   13.126328] firmadyne: sys_socket[PID: 114 (klogd)]: family:1, type:1, protocol:0
[   13.127445] firmadyne: sys_socket[PID: 114 (klogd)]: family:1, type:2, protocol:0
[   13.137957] firmadyne: sys_socket[PID: 114 (klogd)]: family:1, type:1, protocol:0
[   13.139167] firmadyne: sys_socket[PID: 114 (klogd)]: family:1, type:2, protocol:0
nvram_set: time_zone = "GMT+8"
sem_get: Key: 410f00a8
[   13.146393] firmadyne: sys_socket[PID: 114 (klogd)]: family:1, type:1, protocol:0
[   13.147562] firmadyne: sys_socket[PID: 114 (klogd)]: family:1, type:2, protocol:0
[   13.150024] firmadyne: sys_socket[PID: 114 (klogd)]: family:1, type:1, protocol:0
[   13.151118] firmadyne: sys_socket[PID: 114 (klogd)]: family:1, type:2, protocol:0
sem_get: Key: 410f00a8
[   13.157584] firmadyne: sys_socket[PID: 114 (klogd)]: family:1, type:1, protocol:0
[   13.158762] firmadyne: sys_socket[PID: 114 (klogd)]: family:1, type:2, protocol:0
[   13.161095] firmadyne: sys_socket[PID: 114 (klogd)]: family:1, type:1, protocol:0
nvram_set: time_daylight = ""
sem_get: Key: 410f00a8
sem_get: Key: 410f00a8
[   13.169730] firmadyne: sys_socket[PID: 114 (klogd)]: family:1, type:2, protocol:0
[   13.171979] firmadyne: sys_socket[PID: 114 (klogd)]: family:1, type:1, protocol:0
[   13.173268] firmadyne: sys_socket[PID: 114 (klogd)]: family:1, type:2, protocol:0
nvram_set: restore_default = "0"
sem_get: Key: 410f00a8
sem_get: Key: 410f00a8
nvram_set[   13.197768] firmadyne: sys_socket[PID: 114 (klogd)]: family:1, type:1, protocol:0
[   13.198960] firmadyne: sys_socket[PID: 114 (klogd)]: family:1, type:2, protocol:0
: wiz_language = "English"
sem_get: Key: 410f00a8
[   13.205422] firmadyne: sys_socket[PID: 114 (klogd)]: family:1, type:1, protocol:0
[   13.206569] firmadyne: sys_socket[PID: 114 (klogd)]: family:1, type:2, protocol:0
[   13.208804] firmadyne: sys_socket[PID: 114 (klogd)]: family:1, type:1, protocol:0
sem_get: Key: 410f00a8
[   13.213711] firmadyne: sys_socket[PID: 114 (klogd)]: family:1, type:2, protocol:0
[   13.215956] firmadyne: sys_socket[PID: 114 (klogd)]: family:1, type:1, protocol:0
[   13.217078] firmadyne: sys_socket[PID: 114 (klogd)]: family:1, type:2, protocol:0
nvram_set: wiz_country = "US[   13.222910] firmadyne: sys_socket[PID: 114 (klogd)]: family:1, type:1, protocol:0
[   13.224018] firmadyne: sys_socket[PID: 114 (klogd)]: family:1, type:2, protocol:0
"
sem_get: Key: 410f00a8
sem_get: Key: 410f00a8[   13.230743] firmadyne: sys_socket[PID: 114 (klogd)]: family:1, type:1, protocol:0
[   13.231860] firmadyne: sys_socket[PID: 114 (klogd)]: family:1, type:2, protocol:0

nvram_set: [   13.238222] firmadyne: sys_socket[PID: 114 (klogd)]: family:1, type:1, protocol:0
[   13.239384] firmadyne: sys_socket[PID: 114 (klogd)]: family:1, type:2, protocol:0
fix_ipaddr = ""
sem_get: Key: 410f00a8
sem_get: Key: [   13.246042] firmadyne: sys_socket[PID: 114 (klogd)]: family:1, type:1, protocol:0
[   13.247180] firmadyne: sys_socket[PID: 114 (klogd)]: family:1, type:2, protocol:0
410f00a8
nvram_set[   13.253713] firmadyne: sys_socket[PID: 114 (klogd)]: family:1, type:1, protocol:0
[   13.254880] firmadyne: sys_socket[PID: 114 (klogd)]: family:1, type:2, protocol:0
[   13.257253] firmadyne: sys_socket[PID: 114 (klogd)]: family:1, type:1, protocol:0
: fix_netmask = ""
sem_get: Key: 410f00a8
sem_get: Key: 410f00a8
[   13.265635] firmadyne: sys_socket[PID: 114 (klogd)]: family:1, type:2, protocol:0
[   13.267917] firmadyne: sys_socket[PID: 114 (klogd)]: family:1, type:1, protocol:0
[   13.269260] firmadyne: sys_socket[PID: 114 (klogd)]: family:1, type:2, protocol:0
nvram_set: fix_gateway = ""
sem_get: Key: 410f00a8
sem_get: Key: 410f00a8
[   13.278776] firmadyne: sys_socket[PID: 114 (klogd)]: family:1, type:1, protocol:0
[   13.279901] firmadyne: sys_socket[PID: 114 (klogd)]: family:1, type:2, protocol:0
[   13.282611] firmadyne: sys_socket[PID: 114 (klogd)]: family:1, type:1, protocol:0
[   13.283718] firmadyne: sys_socket[PID: 114 (klogd)]: family:1, type:2, protocol:0
nvram_set: wan_ifname = "ppp0[   13.290288] firmadyne: sys_socket[PID: 114 (klogd)]: family:1, type:1, protocol:0
[   13.291448] firmadyne: sys_socket[PID: 114 (klogd)]: family:1, type:2, protocol:0
"
sem_get: Key: 410f00a8
[   13.300424] firmadyne: sys_socket[PID: 114 (klogd)]: family:1, type:1, protocol:0
sem_get: Key: 410f00a8
nvram_set: wan_mode = "pppoe"
sem_get: Key: [   13.309629] firmadyne: sys_socket[PID: 114 (klogd)]: family:1, type:2, protocol:0
[   13.311767] firmadyne: sys_socket[PID: 114 (klogd)]: family:1, type:1, protocol:0
[   13.312843] firmadyne: sys_socket[PID: 114 (klogd)]: family:1, type:2, protocol:0
[   13.315536] firmadyne: sys_socket[PID: 114 (klogd)]: family:1, type:1, protocol:0
[   13.316660] firmadyne: sys_socket[PID: 114 (klogd)]: family:1, type:2, protocol:0
410f00a8
sem_get: Key: 410f00a8
[   13.322830] firmadyne: sys_socket[PID: 114 (klogd)]: family:1, type:1, protocol:0
[   13.323912] firmadyne: sys_socket[PID: 114 (klogd)]: family:1, type:2, protocol:0
nvram_set: [   13.330391] firmadyne: sys_socket[PID: 114 (klogd)]: family:1, type:1, protocol:0
[   13.331537] firmadyne: sys_socket[PID: 114 (klogd)]: family:1, type:2, protocol:0
wan_iptype = "Dynamic"
sem_get: Key: 410f00a8
sem_get[   13.338311] firmadyne: sys_socket[PID: 114 (klogd)]: family:1, type:1, protocol:0
[   13.339474] firmadyne: sys_socket[PID: 114 (klogd)]: family:1, type:2, protocol:0
: Key: 410f00a8
nvram_set[   13.346214] firmadyne: sys_socket[PID: 114 (klogd)]: family:1, type:1, protocol:0
[   13.347399] firmadyne: sys_socket[PID: 114 (klogd)]: family:1, type:2, protocol:0
: wan_ipaddr = ""
sem_get: Key: 410f00a8
sem_get[   13.354237] firmadyne: sys_socket[PID: 114 (klogd)]: family:1, type:1, protocol:0
