[    0.000000] Linux version 4.1.17+ (alessio@pc) (gcc version 5.5.0 20171010 (Ubuntu 5.5.0-12ubuntu1) ) #1 Mon May 15 23:04:08 CEST 2023
[    0.000000] earlycon: Early serial console at I/O port 0x3f8 (options '38400n8')
[    0.000000] bootconsole [uart0] enabled
[    0.000000] CPU0 revision is: 00019300 (MIPS 24Kc)
[    0.000000] FPU revision is: 00739300
[    0.000000] Software DMA cache coherency enabled
[    0.000000] Determined physical RAM map:
[    0.000000]  memory: 00001000 @ 00000000 (reserved)
[    0.000000]  memory: 000ef000 @ 00001000 (ROM data)
[    0.000000]  memory: 00798000 @ 000f0000 (reserved)
[    0.000000]  memory: 0f777000 @ 00888000 (usable)
[    0.000000] debug: ignoring loglevel setting.
[    0.000000] Wasting 69888 bytes for tracking 2184 unused pages
[    0.000000] Initrd not found or empty - disabling initrd
[    0.000000] Zone ranges:
[    0.000000]   DMA      [mem 0x0000000000000000-0x0000000000ffffff]
[    0.000000]   Normal   [mem 0x0000000001000000-0x000000000fffefff]
[    0.000000] Movable zone start for each node
[    0.000000] Early memory node ranges
[    0.000000]   node   0: [mem 0x0000000000000000-0x000000000fffefff]
[    0.000000] Initmem setup node 0 [mem 0x0000000000000000-0x000000000fffefff]
[    0.000000] On node 0 totalpages: 65535
[    0.000000] free_area_init_node: node 0, pgdat 8081d5b0, node_mem_map 81000000
[    0.000000]   DMA zone: 32 pages used for memmap
[    0.000000]   DMA zone: 0 pages reserved
[    0.000000]   DMA zone: 4096 pages, LIFO batch:0
[    0.000000]   Normal zone: 480 pages used for memmap
[    0.000000]   Normal zone: 61439 pages, LIFO batch:15
[    0.000000] Primary instruction cache 2kB, VIPT, 2-way, linesize 16 bytes.
[    0.000000] Primary data cache 2kB, 2-way, VIPT, no aliases, linesize 16 bytes
[    0.000000] pcpu-alloc: s0 r0 d32768 u32768 alloc=1*32768
[    0.000000] pcpu-alloc: [0] 0 
[    0.000000] Built 1 zonelists in Zone order, mobility grouping on.  Total pages: 65023
[    0.000000] Kernel command line: root=/dev/sda1 console=ttyS0 nandsim.parts=64,64,64,64,64,64,64,64,64,64 rdinit=/firmadyne/preInit.sh rw debug ignore_loglevel print-fatal-signals=1 FIRMAE_NET=true FIRMAE_NVRAM=true FIRMAE_KERNEL=true FIRMAE_ETC=true user_debug=0 firmadyne.syscall=1 noka
[    0.000000] found FIRMAE_KERNEL=t
[    0.000000] set the LD_PRELOAD=/firmadyne/libnvram_ioctl.so
[    0.000000] PID hash table entries: 1024 (order: 0, 4096 bytes)
[    0.000000] Dentry cache hash table entries: 32768 (order: 5, 131072 bytes)
[    0.000000] Inode-cache hash table entries: 16384 (order: 4, 65536 bytes)
[    0.000000] Writing ErrCtl register=00000000
[    0.000000] Readback ErrCtl register=00000000
[    0.000000] Memory: 251112K/262140K available (5360K kernel code, 244K rwdata, 1676K rodata, 260K init, 158K bss, 11028K reserved, 0K cma-reserved)
[    0.000000] NR_IRQS:256
[    0.000000] CPU frequency 200.00 MHz
[    0.000000] clocksource MIPS: mask: 0xffffffff max_cycles: 0xffffffff, max_idle_ns: 19112157811 ns
[    0.000202] sched_clock: 32 bits at 100MHz, resolution 9ns, wraps every 21474334715ns
[    0.015287] Console: colour dummy device 80x25
[    0.016494] Calibrating delay loop... 25.28 BogoMIPS (lpj=50560)
[    0.069241] pid_max: default: 32768 minimum: 301
[    0.073592] Mount-cache hash table entries: 1024 (order: 0, 4096 bytes)
[    0.074075] Mountpoint-cache hash table entries: 1024 (order: 0, 4096 bytes)
[    0.140315] clocksource jiffies: mask: 0xffffffff max_cycles: 0xffffffff, max_idle_ns: 7645041785100000 ns
[    0.151204] NET: Registered protocol family 16
[    0.436006] clocksource pit: mask: 0xffffffff max_cycles: 0xffffffff, max_idle_ns: 1601818034827 ns
[    0.593404] vgaarb: loaded
[    0.599299] SCSI subsystem initialized
[    0.601871] libata version 3.00 loaded.
[    0.606352] usbcore: registered new interface driver usbfs
[    0.607752] usbcore: registered new interface driver hub
[    0.609016] usbcore: registered new device driver usb
[    0.611776] pps_core: LinuxPPS API ver. 1 registered
[    0.612151] pps_core: Software ver. 5.3.6 - Copyright 2005-2007 Rodolfo Giometti <giometti@linux.it>
[    0.613276] PTP clock support registered
[    0.618108] PCI host bridge to bus 0000:00
[    0.618839] pci_bus 0000:00: root bus resource [mem 0x10000000-0x17ffffff]
[    0.619418] pci_bus 0000:00: root bus resource [io  0x1000-0x1fffff]
[    0.619990] pci_bus 0000:00: root bus resource [??? 0x00000000 flags 0x0]
[    0.620537] pci_bus 0000:00: No busn resource found for root bus, will use [bus 00-ff]
[    0.621958] pci 0000:00:00.0: [11ab:4620] type 00 class 0x060000
[    0.622858] pci 0000:00:00.0: [Firmware Bug]: reg 0x14: invalid BAR (can't size)
[    0.623413] pci 0000:00:00.0: [Firmware Bug]: reg 0x18: invalid BAR (can't size)
[    0.623962] pci 0000:00:00.0: [Firmware Bug]: reg 0x1c: invalid BAR (can't size)
[    0.624510] pci 0000:00:00.0: [Firmware Bug]: reg 0x20: invalid BAR (can't size)
[    0.625084] pci 0000:00:00.0: [Firmware Bug]: reg 0x24: invalid BAR (can't size)
[    0.629186] pci 0000:00:0a.0: [8086:7110] type 00 class 0x060100
[    0.632803] pci 0000:00:0a.1: [8086:7111] type 00 class 0x010180
[    0.633706] pci 0000:00:0a.1: reg 0x20: [io  0x0000-0x000f]
[    0.634285] pci 0000:00:0a.1: legacy IDE quirk: reg 0x10: [io  0x01f0-0x01f7]
[    0.634832] pci 0000:00:0a.1: legacy IDE quirk: reg 0x14: [io  0x03f6]
[    0.635364] pci 0000:00:0a.1: legacy IDE quirk: reg 0x18: [io  0x0170-0x0177]
[    0.635908] pci 0000:00:0a.1: legacy IDE quirk: reg 0x1c: [io  0x0376]
[    0.639283] pci 0000:00:0a.2: [8086:7112] type 00 class 0x0c0300
[    0.639943] pci 0000:00:0a.2: reg 0x20: [io  0x0000-0x001f]
[    0.643284] pci 0000:00:0a.3: [8086:7113] type 00 class 0x068000
[    0.644639] pci 0000:00:0a.3: quirk: [io  0x1000-0x103f] claimed by PIIX4 ACPI
[    0.645245] pci 0000:00:0a.3: quirk: [io  0x1100-0x110f] claimed by PIIX4 SMB
[    0.648634] pci 0000:00:12.0: [1013:00b8] type 00 class 0x030000
[    0.649239] pci 0000:00:12.0: reg 0x10: [mem 0x00000000-0x01ffffff pref]
[    0.649808] pci 0000:00:12.0: reg 0x14: [mem 0x00000000-0x00000fff]
[    0.650639] pci 0000:00:12.0: reg 0x30: [mem 0x00000000-0x0000ffff pref]
[    0.653340] vgaarb: device added: PCI:0000:00:12.0,decodes=io+mem,owns=none,locks=none
[    0.654744] pci 0000:00:13.0: [8086:100e] type 00 class 0x020000
[    0.655345] pci 0000:00:13.0: reg 0x10: [mem 0x00000000-0x0001ffff]
[    0.655888] pci 0000:00:13.0: reg 0x14: [io  0x0000-0x003f]
[    0.656490] pci 0000:00:13.0: reg 0x30: [mem 0x00000000-0x0003ffff pref]
[    0.659804] pci 0000:00:14.0: [8086:100e] type 00 class 0x020000
[    0.660390] pci 0000:00:14.0: reg 0x10: [mem 0x00000000-0x0001ffff]
[    0.660931] pci 0000:00:14.0: reg 0x14: [io  0x0000-0x003f]
[    0.661536] pci 0000:00:14.0: reg 0x30: [mem 0x00000000-0x0003ffff pref]
[    0.664948] pci 0000:00:15.0: [8086:100e] type 00 class 0x020000
[    0.665538] pci 0000:00:15.0: reg 0x10: [mem 0x00000000-0x0001ffff]
[    0.666074] pci 0000:00:15.0: reg 0x14: [io  0x0000-0x003f]
[    0.666681] pci 0000:00:15.0: reg 0x30: [mem 0x00000000-0x0003ffff pref]
[    0.669983] pci 0000:00:16.0: [8086:100e] type 00 class 0x020000
[    0.670573] pci 0000:00:16.0: reg 0x10: [mem 0x00000000-0x0001ffff]
[    0.671110] pci 0000:00:16.0: reg 0x14: [io  0x0000-0x003f]
[    0.671899] pci 0000:00:16.0: reg 0x30: [mem 0x00000000-0x0003ffff pref]
[    0.675217] pci_bus 0000:00: busn_res: [bus 00-ff] end is updated to 00
[    0.676904] pci 0000:00:12.0: BAR 0: assigned [mem 0x10000000-0x11ffffff pref]
[    0.677646] pci 0000:00:13.0: BAR 6: assigned [mem 0x12000000-0x1203ffff pref]
[    0.678300] pci 0000:00:14.0: BAR 6: assigned [mem 0x12040000-0x1207ffff pref]
[    0.678921] pci 0000:00:15.0: BAR 6: assigned [mem 0x12080000-0x120bffff pref]
[    0.679540] pci 0000:00:16.0: BAR 6: assigned [mem 0x120c0000-0x120fffff pref]
[    0.680328] pci 0000:00:13.0: BAR 0: assigned [mem 0x12100000-0x1211ffff]
[    0.680934] pci 0000:00:14.0: BAR 0: assigned [mem 0x12120000-0x1213ffff]
[    0.681534] pci 0000:00:15.0: BAR 0: assigned [mem 0x12140000-0x1215ffff]
[    0.682138] pci 0000:00:16.0: BAR 0: assigned [mem 0x12160000-0x1217ffff]
[    0.682756] pci 0000:00:12.0: BAR 6: assigned [mem 0x12180000-0x1218ffff pref]
[    0.683368] pci 0000:00:12.0: BAR 1: assigned [mem 0x12190000-0x12190fff]
[    0.683974] pci 0000:00:13.0: BAR 1: assigned [io  0x1040-0x107f]
[    0.684720] pci 0000:00:14.0: BAR 1: assigned [io  0x1080-0x10bf]
[    0.685276] pci 0000:00:15.0: BAR 1: assigned [io  0x10c0-0x10ff]
[    0.685842] pci 0000:00:16.0: BAR 1: assigned [io  0x1400-0x143f]
[    0.686400] pci 0000:00:0a.2: BAR 4: assigned [io  0x1440-0x145f]
[    0.686964] pci 0000:00:0a.1: BAR 4: assigned [io  0x1460-0x146f]
[    0.705377] cfg80211: Calling CRDA to update world regulatory domain
[    0.719625] Switched to clocksource MIPS
[    0.840919] NET: Registered protocol family 2
[    0.853736] TCP established hash table entries: 2048 (order: 1, 8192 bytes)
[    0.854894] TCP bind hash table entries: 2048 (order: 1, 8192 bytes)
[    0.856174] TCP: Hash tables configured (established 2048 bind 2048)
[    0.857265] UDP hash table entries: 256 (order: 0, 4096 bytes)
[    0.857960] UDP-Lite hash table entries: 256 (order: 0, 4096 bytes)
[    0.862239] NET: Registered protocol family 1
[    0.864139] PCI: Enabling device 0000:00:0a.2 (0000 -> 0001)
[    0.865665] PCI: CLS 0 bytes, default 16
[    0.900135] futex hash table entries: 256 (order: -1, 3072 bytes)
[    0.918599] squashfs: version 4.0 (2009/01/31) Phillip Lougher
[    0.921355] jffs2: version 2.2. (NAND) Â© 2001-2006 Red Hat, Inc.
[    0.924992] romfs: ROMFS MTD (C) 2007 Red Hat, Inc.
[    0.951426] Block layer SCSI generic (bsg) driver version 0.4 loaded (major 251)
[    0.952370] io scheduler noop registered
[    0.953141] io scheduler cfq registered (default)
[    0.954208] firmadyne: devfs: 1, execute: 1, procfs: 1, syscall: 1
[    0.960634] firmadyne: Cannot register character device: gpio, 0xfc, 0x0!
[    0.969669] firmadyne: Cannot register character device: watchdog, 0xa, 0x82!
[    0.970152] firmadyne: Cannot register character device: wdt, 0xfd, 0x0!
[    2.782419] strName = 4.1.17+
[    2.782419] init_task_addr  = 2155778944
[    2.782419] init_task_size  = 1296
[    2.782419] ts_tasks        = 292
[    2.782419] ts_pid          = 408
[    2.782419] ts_tgid         = 412
[    2.782419] ts_group_leader = 440
[    2.782419] ts_thread_group = 496
[    2.782419] ts_real_parent  = 416
[    2.782419] ts_mm           = 300
[    2.782419] ts_stack        = 4
[    2.784948] module_name   = 12
[    2.784948] module_size   = 208
[    2.784948] module_init   = 200
[    2.784948] module_list   = 4
[    2.785856] ts_real_cred    = 624
[    2.785856] ts_cred         = 628
[    2.785856] ts_comm         = 632
[    2.785856] cred_uid        = 4
[    2.785856] cred_gid        = 8
[    2.785856] cred_euid       = 20
[    2.785856] cred_egid       = 24
[    2.787300] mm_mmap         = 0
[    2.787300] mm_pgd          = 32
[    2.787300] mm_arg_start    = 136
[    2.787300] mm_start_brk    = 124
[    2.787300] mm_brk          = 128
[    2.787300] mm_start_stack  = 132
[    2.788872] vma_vm_start    = 0
[    2.788872] vma_vm_end      = 4
[    2.788872] vma_vm_next     = 8
[    2.788872] vma_vm_file     = 80
[    2.788872] vma_vm_flags    = 40
[    2.788872] vma_vm_pgoff    = 76
[    2.790145] file_dentry     = 12
[    2.790145] file_inode      = 40
[    2.790145] dentry_d_name   = 24
[    2.790145] dentry_d_iname  = 44
[    2.790145] dentry_d_parent = 16
[    2.790145] ti_task         = 0
[    2.790145] inode_ino   = 28
[    3.920486] proc_fork_connector  = 2151078840
[    3.920853] proc_exit_connector  = 2151080432
[    3.921190] proc_exec_connector  = 2151079052
[    3.921523] vma_link  = 2149124372
[    3.921808] vma_adjust  = 2149124540
[    3.922101] remove_vma  = 2149122188
[    3.922391] modules  = 2155833724
[    3.922683] trim_init_extable  = 2150545316
[    3.924053] cfg80211: Calling CRDA to update world regulatory domain
[    3.927415] PCI: Enabling device 0000:00:12.0 (0000 -> 0002)
[    3.928906] cirrusfb 0000:00:12.0: Cirrus Logic chipset on PCI bus, RAM (4096 kB) at 0x10000000
[    4.176145] Console: switching to colour frame buffer device 80x30
[    4.250195] Serial: 8250/16550 driver, 4 ports, IRQ sharing enabled
[    4.266994] console [ttyS0] disabled
[    4.295301] serial8250.0: ttyS0 at I/O 0x3f8 (irq = 4, base_baud = 115200) is a 16550A
[    4.296690] console [ttyS0] enabled
[    4.296690] console [ttyS0] enabled
[    4.297268] bootconsole [uart0] disabled
[    4.297268] bootconsole [uart0] disabled
[    4.328870] serial8250.0: ttyS1 at I/O 0x2f8 (irq = 3, base_baud = 115200) is a 16550A
[    4.461379] brd: module loaded
[    4.530698] loop: module loaded
[    4.538036] ata_piix 0000:00:0a.1: version 2.13
[    4.538624] PCI: Enabling device 0000:00:0a.1 (0000 -> 0001)
[    4.566990] scsi host0: ata_piix
[    4.573243] scsi host1: ata_piix
[    4.577482] ata1: PATA max UDMA/33 cmd 0x1f0 ctl 0x3f6 bmdma 0x1460 irq 14
[    4.578025] ata2: PATA max UDMA/33 cmd 0x170 ctl 0x376 bmdma 0x1468 irq 15
[    4.585359] [nandsim] warning: read_byte: unexpected data output cycle, state is STATE_READY return 0x0
[    4.585977] [nandsim] warning: read_byte: unexpected data output cycle, state is STATE_READY return 0x0
[    4.586568] [nandsim] warning: read_byte: unexpected data output cycle, state is STATE_READY return 0x0
[    4.587149] [nandsim] warning: read_byte: unexpected data output cycle, state is STATE_READY return 0x0
[    4.587917] [nandsim] warning: read_byte: unexpected data output cycle, state is STATE_READY return 0x0
[    4.588508] [nandsim] warning: read_byte: unexpected data output cycle, state is STATE_READY return 0x0
[    4.589285] nand: device found, Manufacturer ID: 0x98, Chip ID: 0x39
[    4.589733] nand: Toshiba NAND 128MiB 1,8V 8-bit
[    4.590151] nand: 128 MiB, SLC, erase size: 16 KiB, page size: 512, OOB size: 16
[    4.592075] flash size: 128 MiB
[    4.592352] page size: 512 bytes
[    4.592630] OOB area size: 16 bytes
[    4.592911] sector size: 16 KiB
[    4.593172] pages number: 262144
[    4.593442] pages per sector: 32
[    4.593706] bus width: 8
[    4.593942] bits in sector size: 14
[    4.594219] bits in page size: 9
[    4.594494] bits in OOB size: 4
[    4.594766] flash size with OOB: 135168 KiB
[    4.595071] page address bytes: 4
[    4.595342] sector address bytes: 3
[    4.595793] options: 0x42
[    4.688421] Scanning device for bad blocks
[    6.036271] ata2.01: NODEV after polling detection
[    6.037035] ata1.01: NODEV after polling detection
[    6.038863] ata2.00: ATAPI: QEMU DVD-ROM, 2.5+, max UDMA/100
[    6.041936] ata1.00: ATA-7: QEMU HARDDISK, 2.5+, max UDMA/100
[    6.042424] ata1.00: 2097152 sectors, multi 16: LBA48 
[    6.048601] ata2.00: configured for UDMA/33
[    6.050830] ata1.00: configured for UDMA/33
[    6.061186] scsi 0:0:0:0: Direct-Access     ATA      QEMU HARDDISK    2.5+ PQ: 0 ANSI: 5
[    6.078704] sd 0:0:0:0: [sda] 2097152 512-byte logical blocks: (1.07 GB/1.00 GiB)
[    6.080581] scsi 1:0:0:0: CD-ROM            QEMU     QEMU DVD-ROM     2.5+ PQ: 0 ANSI: 5
[    6.094629] sd 0:0:0:0: [sda] Write Protect is off
[    6.095173] sd 0:0:0:0: [sda] Mode Sense: 00 3a 00 00
[    6.096981] sd 0:0:0:0: [sda] Write cache: enabled, read cache: enabled, doesn't support DPO or FUA
[    6.109786]  sda: sda1
[    6.123574] sd 0:0:0:0: [sda] Attached SCSI disk
[    6.124319] Creating 11 MTD partitions on "NAND 128MiB 1,8V 8-bit":
[    6.125008] 0x000000000000-0x000000100000 : "NAND simulator partition 0"
[    6.137348] 0x000000100000-0x000000200000 : "NAND simulator partition 1"
[    6.148988] 0x000000200000-0x000000300000 : "NAND simulator partition 2"
[    6.160933] 0x000000300000-0x000000400000 : "NAND simulator partition 3"
[    6.172899] 0x000000400000-0x000000500000 : "NAND simulator partition 4"
[    6.184935] 0x000000500000-0x000000600000 : "NAND simulator partition 5"
[    6.197291] 0x000000600000-0x000000700000 : "NAND simulator partition 6"
[    6.209731] 0x000000700000-0x000000800000 : "NAND simulator partition 7"
[    6.222686] 0x000000800000-0x000000900000 : "NAND simulator partition 8"
[    6.234283] 0x000000900000-0x000000a00000 : "NAND simulator partition 9"
[    6.245963] 0x000000a00000-0x000008000000 : "NAND simulator partition 10"
[    6.299413] tun: Universal TUN/TAP device driver, 1.6
[    6.300001] tun: (C) 1999-2004 Max Krasnyansky <maxk@qualcomm.com>
[    6.303976] pcnet32: pcnet32.c:v1.35 21.Apr.2008 tsbogend@alpha.franken.de
[    6.305391] e1000: Intel(R) PRO/1000 Network Driver - version 7.3.21-k8-NAPI
[    6.305857] e1000: Copyright (c) 1999-2006 Intel Corporation.
[    6.306875] PCI: Enabling device 0000:00:13.0 (0000 -> 0003)
[    6.651578] e1000 0000:00:13.0 eth0: (PCI:33MHz:32-bit) 52:54:00:12:34:56
[    6.652521] e1000 0000:00:13.0 eth0: Intel(R) PRO/1000 Network Connection
[    6.653350] PCI: Enabling device 0000:00:14.0 (0000 -> 0003)
[    7.005338] e1000 0000:00:14.0 eth1: (PCI:33MHz:32-bit) 52:54:00:12:34:57
[    7.005982] e1000 0000:00:14.0 eth1: Intel(R) PRO/1000 Network Connection
[    7.006817] PCI: Enabling device 0000:00:15.0 (0000 -> 0003)
[    7.296120] cfg80211: Calling CRDA to update world regulatory domain
[    7.358716] e1000 0000:00:15.0 eth2: (PCI:33MHz:32-bit) 52:54:00:12:34:58
[    7.359339] e1000 0000:00:15.0 eth2: Intel(R) PRO/1000 Network Connection
[    7.360368] PCI: Enabling device 0000:00:16.0 (0000 -> 0003)
[    7.706024] e1000 0000:00:16.0 eth3: (PCI:33MHz:32-bit) 52:54:00:12:34:59
[    7.706748] e1000 0000:00:16.0 eth3: Intel(R) PRO/1000 Network Connection
[    7.708717] e1000e: Intel(R) PRO/1000 Network Driver - 2.3.2-k
[    7.709120] e1000e: Copyright(c) 1999 - 2014 Intel Corporation.
[    7.714545] PPP generic driver version 2.4.2
[    7.717235] PPP Deflate Compression module registered
[    7.717987] PPP MPPE Compression module registered
[    7.718456] NET: Registered protocol family 24
[    7.719286] ehci_hcd: USB 2.0 'Enhanced' Host Controller (EHCI) Driver
[    7.720047] ehci-pci: EHCI PCI platform driver
[    7.721418] ohci_hcd: USB 1.1 'Open' Host Controller (OHCI) Driver
[    7.721981] ohci-pci: OHCI PCI platform driver
[    7.723313] uhci_hcd: USB Universal Host Controller Interface driver
[    7.725330] uhci_hcd 0000:00:0a.2: UHCI Host Controller
[    7.726224] uhci_hcd 0000:00:0a.2: new USB bus registered, assigned bus number 1
[    7.727414] uhci_hcd 0000:00:0a.2: irq 11, io base 0x00001440
[    7.742183] hub 1-0:1.0: USB hub found
[    7.743058] hub 1-0:1.0: 2 ports detected
[    7.755000] usbcore: registered new interface driver usb-storage
[    7.760296] mousedev: PS/2 mouse device common for all mice
[    7.767956] rtc_cmos rtc_cmos: rtc core: registered rtc_cmos as rtc0
[    7.768826] rtc_cmos rtc_cmos: alarms up to one day, 242 bytes nvram
[    7.770512] i2c /dev entries driver
[    7.772141] piix4_smbus 0000:00:0a.3: SMBus Host Controller at 0x1100, revision 0
[    7.777748] sdhci: Secure Digital Host Controller Interface driver
[    7.778161] sdhci: Copyright(c) Pierre Ossman
[    7.781134] hidraw: raw HID events driver (C) Jiri Kosina
[    7.804124] usbcore: registered new interface driver usbhid
[    7.804518] usbhid: USB HID core driver
[    7.805792] Netfilter messages via NETLINK v0.30.
[    7.807375] nf_conntrack version 0.5.0 (3923 buckets, 15692 max)
[    7.811401] ctnetlink v0.93: registering with nfnetlink.
[    7.818523] ipip: IPv4 over IPv4 tunneling driver
[    7.833503] ip_tables: (C) 2000-2006 Netfilter Core Team
[    7.836986] arp_tables: (C) 2002 David S. Miller
[    7.839177] Initializing XFRM netlink socket
[    7.840768] NET: Registered protocol family 10
[    7.867382] ip6_tables: (C) 2000-2006 Netfilter Core Team
[    7.872102] sit: IPv6 over IPv4 tunneling driver
[    7.893182] NET: Registered protocol family 17
[    7.894265] bridge: automatic filtering via arp/ip/ip6tables has been deprecated. Update your scripts to load br_netfilter if you need this.
[    7.895676] Bridge firewalling registered
[    7.896162] Ebtables v2.0 registered
[    7.898776] 8021q: 802.1Q VLAN Support v1.8
[    7.925024] rtc_cmos rtc_cmos: setting system clock to 2025-07-23 07:09:27 UTC (1753254567)
[    7.940802] spurious 8259A interrupt: IRQ7.
[    7.952497] EXT2-fs (sda1): warning: mounting unchecked fs, running e2fsck is recommended
[    7.954776] VFS: Mounted root (ext2 filesystem) on device 8:1.
[    7.965772] Freeing YAMON memory: 956k freed
[    7.978594] Freeing unused kernel memory: 260K (8081f000 - 80860000)
[    8.013355] firmadyne: sys_reboot[PID: 1 (init)]: magic1:fee1dead, magic2:28121969, cmd:0
init started: BusyBox v1.14.1 (2024-07-07 02:43:58 CEST)
starting pid 48, tty '': '/etc/init.d/rcS'
[    8.114582] firmadyne: do_execve: /firmadyne/console
[    8.115239] OFFSETS: offset of pid: 0x198 offset of comm: 0x278
[/etc/init.d/S03config.sh]
Mounting proc and var ...
[   10.440380] cfg80211: Calling CRDA to update world regulatory domain
SymbLink /dev/mtdblock/0
SymbLink /dev/mtdblock/1
SymbLink /dev/mtdblock/10
SymbLink /dev/mtdblock/2
SymbLink /dev/mtdblock/3
SymbLink /dev/mtdblock/4
SymbLink /dev/mtdblock/5
SymbLink /dev/mtdblock/6
[   13.584327] cfg80211: Calling CRDA to update world regulatory domain
SymbLink /dev/mtdblock/7
SymbLink /dev/mtdblock/8
SymbLink /dev/mtdblock/9
Inserting kernel modules ...
Inserting Rebootm ...
Inserting atheros ethernet ...
Inserting gpio ...
done.
Start xmldb ...
[   14.764977] firmadyne: sys_socket[PID: 147 (xmldb)]: family:1, type:2, protocol:0
[   15.752918] random: nonblocking pool is initialized
[/etc/scripts/misc/profile.sh] get ...
DEVCONF: unable to read config data (ret=-3) !
CAN NOT get devive config, generate default!
[/etc/scripts/misc/profile.sh] reset ...
[   16.294024] firmadyne: sys_socket[PID: 159 (rgdb)]: family:1, type:2, protocol:0
[/etc/scripts/misc/defnodes.sh] ...
[/etc/defnodes/S10setext.sh] ...
[   16.704747] firmadyne: sys_socket[PID: 165 (xmldbc)]: family:1, type:2, protocol:0
[   16.728540] cfg80211: Calling CRDA to update world regulatory domain
[   16.778165] firmadyne: sys_socket[PID: 166 (xmldbc)]: family:1, type:2, protocol:0
[   16.836726] firmadyne: sys_socket[PID: 168 (xmldbc)]: family:1, type:2, protocol:0
[   16.894788] firmadyne: sys_socket[PID: 169 (xmldbc)]: family:1, type:2, protocol:0
[   16.955972] firmadyne: sys_socket[PID: 170 (xmldbc)]: family:1, type:2, protocol:0
[   17.013207] firmadyne: sys_socket[PID: 171 (xmldbc)]: family:1, type:2, protocol:0
[   17.072181] firmadyne: sys_socket[PID: 172 (xmldbc)]: family:1, type:2, protocol:0
[   17.130388] firmadyne: sys_socket[PID: 173 (xmldbc)]: family:1, type:2, protocol:0
[   17.190919] firmadyne: sys_socket[PID: 174 (xmldbc)]: family:1, type:2, protocol:0
[   17.248862] firmadyne: sys_socket[PID: 175 (xmldbc)]: family:1, type:2, protocol:0
[   17.308904] firmadyne: sys_socket[PID: 176 (xmldbc)]: family:1, type:2, protocol:0
[   17.370814] firmadyne: sys_socket[PID: 177 (xmldbc)]: family:1, type:2, protocol:0
[   17.430001] firmadyne: sys_socket[PID: 178 (xmldbc)]: family:1, type:2, protocol:0
[   17.487665] firmadyne: sys_socket[PID: 179 (xmldbc)]: family:1, type:2, protocol:0
[   17.549860] firmadyne: sys_socket[PID: 180 (xmldbc)]: family:1, type:2, protocol:0
[   17.608625] firmadyne: sys_socket[PID: 181 (xmldbc)]: family:1, type:2, protocol:0
[   17.666888] firmadyne: sys_socket[PID: 182 (xmldbc)]: family:1, type:2, protocol:0
[   17.724871] firmadyne: sys_socket[PID: 183 (xmldbc)]: family:1, type:2, protocol:0
[   17.786219] firmadyne: sys_socket[PID: 184 (xmldbc)]: family:1, type:2, protocol:0
[   17.845414] firmadyne: sys_socket[PID: 185 (xmldbc)]: family:1, type:2, protocol:0
[   17.904189] firmadyne: sys_socket[PID: 186 (xmldbc)]: family:1, type:2, protocol:0
[   17.964457] firmadyne: sys_socket[PID: 187 (rgdb)]: family:1, type:2, protocol:0
[   18.023912] firmadyne: sys_socket[PID: 188 (rgdb)]: family:1, type:2, protocol:0
[   18.082754] firmadyne: sys_socket[PID: 189 (rgdb)]: family:1, type:2, protocol:0
[   18.142642] firmadyne: sys_socket[PID: 190 (rgdb)]: family:1, type:2, protocol:0
[   18.201511] firmadyne: sys_socket[PID: 191 (rgdb)]: family:1, type:2, protocol:0
[   18.260787] firmadyne: sys_socket[PID: 192 (rgdb)]: family:1, type:2, protocol:0
[   18.318876] firmadyne: sys_socket[PID: 193 (rgdb)]: family:1, type:2, protocol:0
[   18.380508] firmadyne: sys_socket[PID: 194 (rgdb)]: family:1, type:2, protocol:0
[   18.439243] firmadyne: sys_socket[PID: 195 (rgdb)]: family:1, type:2, protocol:0
[   18.497953] firmadyne: sys_socket[PID: 196 (rgdb)]: family:1, type:2, protocol:0
[   18.557373] firmadyne: sys_socket[PID: 197 (rgdb)]: family:1, type:2, protocol:0
[   18.615547] firmadyne: sys_socket[PID: 198 (rgdb)]: family:1, type:2, protocol:0
[   18.677470] firmadyne: sys_socket[PID: 199 (rgdb)]: family:1, type:2, protocol:0
[   18.737770] firmadyne: sys_socket[PID: 200 (rgdb)]: family:1, type:2, protocol:0
[   18.866115] firmadyne: sys_socket[PID: 202 (xmldbc)]: family:1, type:2, protocol:0
[   18.924775] firmadyne: sys_socket[PID: 203 (xmldbc)]: family:1, type:2, protocol:0
[   18.984963] firmadyne: sys_socket[PID: 204 (xmldbc)]: family:1, type:2, protocol:0
[   19.045310] firmadyne: sys_socket[PID: 205 (xmldbc)]: family:1, type:2, protocol:0
[   19.104359] firmadyne: sys_socket[PID: 206 (xmldbc)]: family:1, type:2, protocol:0
[   19.166741] firmadyne: sys_socket[PID: 207 (xmldbc)]: family:1, type:2, protocol:0
[   19.226872] firmadyne: sys_socket[PID: 208 (xmldbc)]: family:1, type:2, protocol:0
[   19.285243] firmadyne: sys_socket[PID: 209 (xmldbc)]: family:1, type:2, protocol:0
[   19.345019] firmadyne: sys_socket[PID: 210 (xmldbc)]: family:1, type:2, protocol:0
[   19.407148] firmadyne: sys_socket[PID: 211 (xmldbc)]: family:1, type:2, protocol:0
[   19.466783] firmadyne: sys_socket[PID: 212 (xmldbc)]: family:1, type:2, protocol:0
[   19.525681] firmadyne: sys_socket[PID: 213 (xmldbc)]: family:1, type:2, protocol:0
[   19.586303] firmadyne: sys_socket[PID: 214 (xmldbc)]: family:1, type:2, protocol:0
[   19.646060] firmadyne: sys_socket[PID: 215 (xmldbc)]: family:1, type:2, protocol:0
[   19.705979] firmadyne: sys_socket[PID: 216 (xmldbc)]: family:1, type:2, protocol:0
[   19.765889] firmadyne: sys_socket[PID: 217 (xmldbc)]: family:1, type:2, protocol:0
[   19.824684] firmadyne: sys_socket[PID: 218 (xmldbc)]: family:1, type:2, protocol:0
[   19.871987] cfg80211: Calling CRDA to update world regulatory domain
[   19.897898] firmadyne: sys_socket[PID: 219 (xmldbc)]: family:1, type:2, protocol:0
[   20.108938] firmadyne: sys_socket[PID: 225 (xmldbc)]: family:1, type:2, protocol:0
[   20.168386] firmadyne: sys_socket[PID: 226 (xmldbc)]: family:1, type:2, protocol:0
[   20.226788] firmadyne: sys_socket[PID: 227 (xmldbc)]: family:1, type:2, protocol:0
[   20.285152] firmadyne: sys_socket[PID: 228 (xmldbc)]: family:1, type:2, protocol:0
[   20.345589] firmadyne: sys_socket[PID: 229 (xmldbc)]: family:1, type:2, protocol:0
[   20.405820] firmadyne: sys_socket[PID: 230 (xmldbc)]: family:1, type:2, protocol:0
[   20.464267] firmadyne: sys_socket[PID: 231 (xmldbc)]: family:1, type:2, protocol:0
[   20.521888] firmadyne: sys_socket[PID: 232 (xmldbc)]: family:1, type:2, protocol:0
[   20.581891] firmadyne: sys_socket[PID: 233 (xmldbc)]: family:1, type:2, protocol:0
[   20.640393] firmadyne: sys_socket[PID: 234 (xmldbc)]: family:1, type:2, protocol:0
[   20.698115] firmadyne: sys_socket[PID: 235 (xmldbc)]: family:1, type:2, protocol:0
[   20.757059] firmadyne: sys_socket[PID: 236 (xmldbc)]: family:1, type:2, protocol:0
[   20.815414] firmadyne: sys_socket[PID: 237 (xmldbc)]: family:1, type:2, protocol:0
[   20.873689] firmadyne: sys_socket[PID: 238 (xmldbc)]: family:1, type:2, protocol:0
[   20.933795] firmadyne: sys_socket[PID: 239 (xmldbc)]: family:1, type:2, protocol:0
[   20.992862] firmadyne: sys_socket[PID: 240 (xmldbc)]: family:1, type:2, protocol:0
[   21.052400] firmadyne: sys_socket[PID: 241 (xmldbc)]: family:1, type:2, protocol:0
[   21.110234] firmadyne: sys_socket[PID: 242 (xmldbc)]: family:1, type:2, protocol:0
[   21.174763] firmadyne: sys_socket[PID: 243 (xmldbc)]: family:1, type:2, protocol:0
[   21.311938] firmadyne: sys_socket[PID: 247 (xmldbc)]: family:1, type:2, protocol:0
[   21.371646] firmadyne: sys_socket[PID: 248 (xmldbc)]: family:1, type:2, protocol:0
[   21.430982] firmadyne: sys_socket[PID: 249 (xmldbc)]: family:1, type:2, protocol:0
[   21.488376] firmadyne: sys_socket[PID: 250 (xmldbc)]: family:1, type:2, protocol:0
[   21.548003] firmadyne: sys_socket[PID: 251 (xmldbc)]: family:1, type:2, protocol:0
[   21.606695] firmadyne: sys_socket[PID: 252 (xmldbc)]: family:1, type:2, protocol:0
[   21.664547] firmadyne: sys_socket[PID: 253 (xmldbc)]: family:1, type:2, protocol:0
[   21.722175] firmadyne: sys_socket[PID: 254 (xmldbc)]: family:1, type:2, protocol:0
[   21.781182] firmadyne: sys_socket[PID: 255 (xmldbc)]: family:1, type:2, protocol:0
[   21.840877] firmadyne: sys_socket[PID: 256 (xmldbc)]: family:1, type:2, protocol:0
[   21.899076] firmadyne: sys_socket[PID: 257 (xmldbc)]: family:1, type:2, protocol:0
[   21.958291] firmadyne: sys_socket[PID: 258 (xmldbc)]: family:1, type:2, protocol:0
[   22.016608] firmadyne: sys_socket[PID: 259 (xmldbc)]: family:1, type:2, protocol:0
[   22.075888] firmadyne: sys_socket[PID: 260 (xmldbc)]: family:1, type:2, protocol:0
[   22.134592] firmadyne: sys_socket[PID: 261 (xmldbc)]: family:1, type:2, protocol:0
[   22.192381] firmadyne: sys_socket[PID: 262 (xmldbc)]: family:1, type:2, protocol:0
[   22.250558] firmadyne: sys_socket[PID: 263 (xmldbc)]: family:1, type:2, protocol:0
[   22.309218] firmadyne: sys_socket[PID: 264 (xmldbc)]: family:1, type:2, protocol:0
[   22.368653] firmadyne: sys_socket[PID: 265 (xmldbc)]: family:1, type:2, protocol:0
[   22.506261] firmadyne: sys_socket[PID: 269 (xmldbc)]: family:1, type:2, protocol:0
[   22.567008] firmadyne: sys_socket[PID: 270 (xmldbc)]: family:1, type:2, protocol:0
[   22.624717] firmadyne: sys_socket[PID: 271 (xmldbc)]: family:1, type:2, protocol:0
[   22.682790] firmadyne: sys_socket[PID: 272 (xmldbc)]: family:1, type:2, protocol:0
[   22.742200] firmadyne: sys_socket[PID: 273 (xmldbc)]: family:1, type:2, protocol:0
[   22.802053] firmadyne: sys_socket[PID: 274 (xmldbc)]: family:1, type:2, protocol:0
[   22.860846] firmadyne: sys_socket[PID: 275 (xmldbc)]: family:1, type:2, protocol:0
[   22.919246] firmadyne: sys_socket[PID: 276 (xmldbc)]: family:1, type:2, protocol:0
[   22.978952] firmadyne: sys_socket[PID: 277 (xmldbc)]: family:1, type:2, protocol:0
[   23.016005] cfg80211: Calling CRDA to update world regulatory domain
[   23.051938] firmadyne: sys_socket[PID: 278 (xmldbc)]: family:1, type:2, protocol:0
[   23.109471] firmadyne: sys_socket[PID: 280 (xmldbc)]: family:1, type:2, protocol:0
[   23.171953] firmadyne: sys_socket[PID: 281 (xmldbc)]: family:1, type:2, protocol:0
[   23.230506] firmadyne: sys_socket[PID: 282 (xmldbc)]: family:1, type:2, protocol:0
[   41.484494] cfg80211: Calling CRDA to update world regulatory domain
[   41.500541] firmadyne: sys_socket[PID: 283 (xmldbc)]: family:1, type:2, protocol:0
[   41.566109] firmadyne: sys_socket[PID: 285 (xmldbc)]: family:1, type:2, protocol:0
[   41.624826] firmadyne: sys_socket[PID: 286 (xmldbc)]: family:1, type:2, protocol:0
[   41.685271] firmadyne: sys_socket[PID: 287 (xmldbc)]: family:1, type:2, protocol:0
[   56.311365] cfg80211: Calling CRDA to update world regulatory domain
[   56.329724] firmadyne: sys_socket[PID: 288 (xmldbc)]: family:1, type:2, protocol:0
[   56.392251] firmadyne: sys_socket[PID: 290 (xmldbc)]: family:1, type:2, protocol:0
[   56.530844] firmadyne: sys_socket[PID: 294 (xmldbc)]: family:1, type:2, protocol:0
[   56.589630] firmadyne: sys_socket[PID: 295 (xmldbc)]: family:1, type:2, protocol:0
[   71.548215] cfg80211: Calling CRDA to update world regulatory domain
[   71.571357] firmadyne: sys_socket[PID: 296 (xmldbc)]: family:1, type:2, protocol:0
[   71.630369] firmadyne: sys_socket[PID: 298 (xmldbc)]: family:1, type:2, protocol:0
[   71.695563] firmadyne: sys_socket[PID: 299 (xmldbc)]: family:1, type:2, protocol:0
[   71.757503] firmadyne: sys_socket[PID: 300 (xmldbc)]: family:1, type:2, protocol:0
[   81.792735] cfg80211: Exceeded CRDA call max attempts. Not calling CRDA
[   81.810043] firmadyne: sys_socket[PID: 301 (xmldbc)]: family:1, type:2, protocol:0
[   81.871007] firmadyne: sys_socket[PID: 302 (xmldbc)]: family:1, type:2, protocol:0
[   81.930025] firmadyne: sys_socket[PID: 303 (xmldbc)]: family:1, type:2, protocol:0
[   81.990153] firmadyne: sys_socket[PID: 304 (xmldbc)]: family:1, type:2, protocol:0
[   96.973475] firmadyne: sys_socket[PID: 305 (xmldbc)]: family:1, type:2, protocol:0
[   97.035000] firmadyne: sys_socket[PID: 306 (xmldbc)]: family:1, type:2, protocol:0
[   97.093202] firmadyne: sys_socket[PID: 307 (xmldbc)]: family:1, type:2, protocol:0
[   97.153488] firmadyne: sys_socket[PID: 308 (xmldbc)]: family:1, type:2, protocol:0
[  114.072816] firmadyne: sys_socket[PID: 309 (xmldbc)]: family:1, type:2, protocol:0
[  114.134129] firmadyne: sys_socket[PID: 310 (xmldbc)]: family:1, type:2, protocol:0
[  114.192660] firmadyne: sys_socket[PID: 311 (xmldbc)]: family:1, type:2, protocol:0
[  114.253752] firmadyne: sys_socket[PID: 312 (xmldbc)]: family:1, type:2, protocol:0
[  135.558033] firmadyne: sys_socket[PID: 313 (xmldbc)]: family:1, type:2, protocol:0
[  135.696894] firmadyne: sys_socket[PID: 317 (xmldbc)]: family:1, type:2, protocol:0
[  135.757538] firmadyne: sys_socket[PID: 318 (xmldbc)]: family:1, type:2, protocol:0
[  135.816486] firmadyne: sys_socket[PID: 319 (xmldbc)]: family:1, type:2, protocol:0
[  156.247129] firmadyne: sys_socket[PID: 320 (xmldbc)]: family:1, type:2, protocol:0
[  156.306666] firmadyne: sys_socket[PID: 321 (xmldbc)]: family:1, type:2, protocol:0
[  156.365085] firmadyne: sys_socket[PID: 322 (xmldbc)]: family:1, type:2, protocol:0
[  156.425022] firmadyne: sys_socket[PID: 323 (xmldbc)]: family:1, type:2, protocol:0
[  177.725483] firmadyne: sys_socket[PID: 324 (xmldbc)]: family:1, type:2, protocol:0
[  177.785226] firmadyne: sys_socket[PID: 325 (xmldbc)]: family:1, type:2, protocol:0
[  177.843575] firmadyne: sys_socket[PID: 326 (xmldbc)]: family:1, type:2, protocol:0
[  177.903604] firmadyne: sys_socket[PID: 327 (xmldbc)]: family:1, type:2, protocol:0
[  188.813988] firmadyne: sys_socket[PID: 328 (xmldbc)]: family:1, type:2, protocol:0
[  188.872700] firmadyne: sys_socket[PID: 329 (xmldbc)]: family:1, type:2, protocol:0
[  188.932365] firmadyne: sys_socket[PID: 330 (xmldbc)]: family:1, type:2, protocol:0
[  210.220068] firmadyne: sys_socket[PID: 331 (xmldbc)]: family:1, type:2, protocol:0
[  210.281138] firmadyne: sys_socket[PID: 332 (xmldbc)]: family:1, type:2, protocol:0
[  210.339925] firmadyne: sys_socket[PID: 333 (xmldbc)]: family:1, type:2, protocol:0
[  210.398471] firmadyne: sys_socket[PID: 334 (xmldbc)]: family:1, type:2, protocol:0
[  221.056524] firmadyne: sys_socket[PID: 335 (xmldbc)]: family:1, type:2, protocol:0
[  221.196182] firmadyne: sys_socket[PID: 339 (xmldbc)]: family:1, type:2, protocol:0
[  221.256718] firmadyne: sys_socket[PID: 340 (xmldbc)]: family:1, type:2, protocol:0
[  221.314742] firmadyne: sys_socket[PID: 341 (xmldbc)]: family:1, type:2, protocol:0
[  242.629375] firmadyne: sys_socket[PID: 342 (xmldbc)]: family:1, type:2, protocol:0
[  242.689679] firmadyne: sys_socket[PID: 343 (xmldbc)]: family:1, type:2, protocol:0
[  242.749403] firmadyne: sys_socket[PID: 344 (xmldbc)]: family:1, type:2, protocol:0
[  242.808992] firmadyne: sys_socket[PID: 345 (xmldbc)]: family:1, type:2, protocol:0
[  252.995598] firmadyne: sys_socket[PID: 346 (xmldbc)]: family:1, type:2, protocol:0
[  253.056682] firmadyne: sys_socket[PID: 347 (xmldbc)]: family:1, type:2, protocol:0
[  253.116567] firmadyne: sys_socket[PID: 348 (xmldbc)]: family:1, type:2, protocol:0
[  253.175148] firmadyne: sys_socket[PID: 349 (xmldbc)]: family:1, type:2, protocol:0
[  274.499158] firmadyne: sys_socket[PID: 350 (xmldbc)]: family:1, type:2, protocol:0
[  274.560229] firmadyne: sys_socket[PID: 351 (xmldbc)]: family:1, type:2, protocol:0
[  274.619299] firmadyne: sys_socket[PID: 352 (xmldbc)]: family:1, type:2, protocol:0
[  274.677474] firmadyne: sys_socket[PID: 353 (xmldbc)]: family:1, type:2, protocol:0
[  285.244060] firmadyne: sys_socket[PID: 354 (xmldbc)]: family:1, type:2, protocol:0
[  285.304661] firmadyne: sys_socket[PID: 355 (xmldbc)]: family:1, type:2, protocol:0
[  285.363367] firmadyne: sys_socket[PID: 356 (xmldbc)]: family:1, type:2, protocol:0
[  285.421799] firmadyne: sys_socket[PID: 357 (xmldbc)]: family:1, type:2, protocol:0
[  307.357565] firmadyne: sys_socket[PID: 361 (xmldbc)]: family:1, type:2, protocol:0
[  307.417366] firmadyne: sys_socket[PID: 362 (xmldbc)]: family:1, type:2, protocol:0
[  307.476742] firmadyne: sys_socket[PID: 363 (xmldbc)]: family:1, type:2, protocol:0
[  307.535290] firmadyne: sys_socket[PID: 364 (xmldbc)]: family:1, type:2, protocol:0
[  328.252591] firmadyne: sys_socket[PID: 365 (xmldbc)]: family:1, type:2, protocol:0
[  328.312632] firmadyne: sys_socket[PID: 366 (xmldbc)]: family:1, type:2, protocol:0
[  328.370929] firmadyne: sys_socket[PID: 367 (xmldbc)]: family:1, type:2, protocol:0
[  328.430376] firmadyne: sys_socket[PID: 368 (xmldbc)]: family:1, type:2, protocol:0
[  339.858845] firmadyne: sys_socket[PID: 369 (xmldbc)]: family:1, type:2, protocol:0
[  339.915330] firmadyne: sys_socket[PID: 370 (xmldbc)]: family:1, type:2, protocol:0
[  339.973742] firmadyne: sys_socket[PID: 371 (xmldbc)]: family:1, type:2, protocol:0
[  340.033834] firmadyne: sys_socket[PID: 372 (xmldbc)]: family:1, type:2, protocol:0
[  340.092213] firmadyne: sys_socket[PID: 373 (xmldbc)]: family:1, type:2, protocol:0
[  362.237323] firmadyne: sys_socket[PID: 374 (xmldbc)]: family:1, type:2, protocol:0
[  362.296652] firmadyne: sys_socket[PID: 375 (xmldbc)]: family:1, type:2, protocol:0
[  362.354631] firmadyne: sys_socket[PID: 376 (xmldbc)]: family:1, type:2, protocol:0
[  362.414842] firmadyne: sys_socket[PID: 377 (xmldbc)]: family:1, type:2, protocol:0
[  382.226335] firmadyne: sys_socket[PID: 378 (xmldbc)]: family:1, type:2, protocol:0
[  382.281273] firmadyne: sys_socket[PID: 379 (xmldbc)]: family:1, type:2, protocol:0
[  382.420834] firmadyne: sys_socket[PID: 383 (xmldbc)]: family:1, type:2, protocol:0
[  382.479341] firmadyne: sys_socket[PID: 384 (xmldbc)]: family:1, type:2, protocol:0
[  382.537734] firmadyne: sys_socket[PID: 385 (xmldbc)]: family:1, type:2, protocol:0
[  404.379709] firmadyne: sys_socket[PID: 386 (xmldbc)]: family:1, type:2, protocol:0
[  404.440038] firmadyne: sys_socket[PID: 387 (xmldbc)]: family:1, type:2, protocol:0
[  404.498363] firmadyne: sys_socket[PID: 388 (xmldbc)]: family:1, type:2, protocol:0
[  404.558654] firmadyne: sys_socket[PID: 389 (xmldbc)]: family:1, type:2, protocol:0
[  415.988136] firmadyne: sys_socket[PID: 390 (xmldbc)]: family:1, type:2, protocol:0
[  416.046675] firmadyne: sys_socket[PID: 391 (xmldbc)]: family:1, type:2, protocol:0
[  416.099642] firmadyne: sys_socket[PID: 392 (xmldbc)]: family:1, type:2, protocol:0
[  416.158989] firmadyne: sys_socket[PID: 393 (xmldbc)]: family:1, type:2, protocol:0
[  430.642023] firmadyne: sys_socket[PID: 394 (xmldbc)]: family:1, type:2, protocol:0
[  430.703148] firmadyne: sys_socket[PID: 395 (xmldbc)]: family:1, type:2, protocol:0
[  430.762008] firmadyne: sys_socket[PID: 396 (xmldbc)]: family:1, type:2, protocol:0
[  430.815528] firmadyne: sys_socket[PID: 397 (xmldbc)]: family:1, type:2, protocol:0
[  430.875331] firmadyne: sys_socket[PID: 398 (xmldbc)]: family:1, type:2, protocol:0
[  447.057379] firmadyne: sys_socket[PID: 399 (xmldbc)]: family:1, type:2, protocol:0
[  447.118048] firmadyne: sys_socket[PID: 400 (xmldbc)]: family:1, type:2, protocol:0
[  447.176616] firmadyne: sys_socket[PID: 401 (xmldbc)]: family:1, type:2, protocol:0
[  447.316359] firmadyne: sys_socket[PID: 405 (xmldbc)]: family:1, type:2, protocol:0
[  468.287463] firmadyne: sys_socket[PID: 406 (xmldbc)]: family:1, type:2, protocol:0
[  468.348123] firmadyne: sys_socket[PID: 407 (xmldbc)]: family:1, type:2, protocol:0
[  468.407219] firmadyne: sys_socket[PID: 408 (xmldbc)]: family:1, type:2, protocol:0
[  468.461422] firmadyne: sys_socket[PID: 409 (xmldbc)]: family:1, type:2, protocol:0
[  468.520990] firmadyne: sys_socket[PID: 410 (xmldbc)]: family:1, type:2, protocol:0
[  478.973598] firmadyne: sys_socket[PID: 411 (xmldbc)]: family:1, type:2, protocol:0
[  479.034311] firmadyne: sys_socket[PID: 412 (xmldbc)]: family:1, type:2, protocol:0
[  479.093627] firmadyne: sys_socket[PID: 413 (xmldbc)]: family:1, type:2, protocol:0
[  479.152768] firmadyne: sys_socket[PID: 414 (xmldbc)]: family:1, type:2, protocol:0
[  489.705433] firmadyne: sys_socket[PID: 415 (xmldbc)]: family:1, type:2, protocol:0
[  489.765308] firmadyne: sys_socket[PID: 416 (xmldbc)]: family:1, type:2, protocol:0
[  489.825087] firmadyne: sys_socket[PID: 417 (xmldbc)]: family:1, type:2, protocol:0
[  489.883363] firmadyne: sys_socket[PID: 418 (xmldbc)]: family:1, type:2, protocol:0
[  501.115357] firmadyne: sys_socket[PID: 419 (xmldbc)]: family:1, type:2, protocol:0
[  501.178222] firmadyne: sys_socket[PID: 420 (xmldbc)]: family:1, type:2, protocol:0
[  501.237680] firmadyne: sys_socket[PID: 421 (xmldbc)]: family:1, type:2, protocol:0
[  501.296724] firmadyne: sys_socket[PID: 422 (xmldbc)]: family:1, type:2, protocol:0
[  515.951727] firmadyne: sys_socket[PID: 423 (xmldbc)]: family:1, type:2, protocol:0
[  516.092028] firmadyne: sys_socket[PID: 427 (xmldbc)]: family:1, type:2, protocol:0
[  516.151558] firmadyne: sys_socket[PID: 428 (xmldbc)]: family:1, type:2, protocol:0
[  516.209624] firmadyne: sys_socket[PID: 429 (xmldbc)]: family:1, type:2, protocol:0
[  531.795184] firmadyne: sys_socket[PID: 430 (xmldbc)]: family:1, type:2, protocol:0
[  531.855112] firmadyne: sys_socket[PID: 431 (xmldbc)]: family:1, type:2, protocol:0
[  531.914125] firmadyne: sys_socket[PID: 432 (xmldbc)]: family:1, type:2, protocol:0
[  531.973777] firmadyne: sys_socket[PID: 433 (xmldbc)]: family:1, type:2, protocol:0
[  543.844462] firmadyne: sys_socket[PID: 434 (xmldbc)]: family:1, type:2, protocol:0
[  543.904040] firmadyne: sys_socket[PID: 435 (xmldbc)]: family:1, type:2, protocol:0
[  543.962635] firmadyne: sys_socket[PID: 436 (xmldbc)]: family:1, type:2, protocol:0
[  544.022256] firmadyne: sys_socket[PID: 437 (xmldbc)]: family:1, type:2, protocol:0
[  564.994210] firmadyne: sys_socket[PID: 438 (xmldbc)]: family:1, type:2, protocol:0
[  565.054403] firmadyne: sys_socket[PID: 439 (xmldbc)]: family:1, type:2, protocol:0
[  565.113727] firmadyne: sys_socket[PID: 440 (xmldbc)]: family:1, type:2, protocol:0
[  565.173769] firmadyne: sys_socket[PID: 441 (xmldbc)]: family:1, type:2, protocol:0
[  576.110698] firmadyne: sys_socket[PID: 442 (xmldbc)]: family:1, type:2, protocol:0
[  576.169507] firmadyne: sys_socket[PID: 443 (xmldbc)]: family:1, type:2, protocol:0
[  576.228370] firmadyne: sys_socket[PID: 444 (xmldbc)]: family:1, type:2, protocol:0
[  576.288132] firmadyne: sys_socket[PID: 445 (xmldbc)]: family:1, type:2, protocol:0
[  576.420490] firmadyne: sys_socket[PID: 449 (xmldbc)]: family:1, type:2, protocol:0
[  593.765372] firmadyne: sys_socket[PID: 450 (xmldbc)]: family:1, type:2, protocol:0
[  593.824666] firmadyne: sys_socket[PID: 451 (xmldbc)]: family:1, type:2, protocol:0
[  593.886137] firmadyne: sys_socket[PID: 452 (xmldbc)]: family:1, type:2, protocol:0
[  593.945890] firmadyne: sys_socket[PID: 453 (xmldbc)]: family:1, type:2, protocol:0
[  607.962446] firmadyne: sys_socket[PID: 454 (xmldbc)]: family:1, type:2, protocol:0
[  608.023179] firmadyne: sys_socket[PID: 455 (xmldbc)]: family:1, type:2, protocol:0
[  608.081463] firmadyne: sys_socket[PID: 456 (xmldbc)]: family:1, type:2, protocol:0
[  615.348770] firmadyne: sys_socket[PID: 457 (xmldbc)]: family:1, type:2, protocol:0
[  615.408715] firmadyne: sys_socket[PID: 458 (xmldbc)]: family:1, type:2, protocol:0
[  615.467325] firmadyne: sys_socket[PID: 459 (xmldbc)]: family:1, type:2, protocol:0
[  615.526238] firmadyne: sys_socket[PID: 460 (xmldbc)]: family:1, type:2, protocol:0
[  629.604824] firmadyne: sys_socket[PID: 461 (xmldbc)]: family:1, type:2, protocol:0
[  629.663990] firmadyne: sys_socket[PID: 462 (xmldbc)]: family:1, type:2, protocol:0
[  629.721886] firmadyne: sys_socket[PID: 463 (xmldbc)]: family:1, type:2, protocol:0
[  629.779936] firmadyne: sys_socket[PID: 464 (xmldbc)]: family:1, type:2, protocol:0
[  637.319130] firmadyne: sys_socket[PID: 465 (xmldbc)]: family:1, type:2, protocol:0
[  637.378663] firmadyne: sys_socket[PID: 466 (xmldbc)]: family:1, type:2, protocol:0
[  637.437380] firmadyne: sys_socket[PID: 467 (xmldbc)]: family:1, type:2, protocol:0
[  637.575209] firmadyne: sys_socket[PID: 471 (xmldbc)]: family:1, type:2, protocol:0
[  652.021526] firmadyne: sys_socket[PID: 472 (xmldbc)]: family:1, type:2, protocol:0
[  652.081281] firmadyne: sys_socket[PID: 473 (xmldbc)]: family:1, type:2, protocol:0
[  652.139578] firmadyne: sys_socket[PID: 474 (xmldbc)]: family:1, type:2, protocol:0
[  652.197996] firmadyne: sys_socket[PID: 475 (xmldbc)]: family:1, type:2, protocol:0
[  662.389435] firmadyne: sys_socket[PID: 476 (xmldbc)]: family:1, type:2, protocol:0
[  662.450589] firmadyne: sys_socket[PID: 477 (xmldbc)]: family:1, type:2, protocol:0
[  662.510205] firmadyne: sys_socket[PID: 478 (xmldbc)]: family:1, type:2, protocol:0
[  662.569267] firmadyne: sys_socket[PID: 479 (xmldbc)]: family:1, type:2, protocol:0
[  683.528824] firmadyne: sys_socket[PID: 480 (xmldbc)]: family:1, type:2, protocol:0
[  683.594411] firmadyne: sys_socket[PID: 481 (xmldbc)]: family:1, type:2, protocol:0
[  683.653955] firmadyne: sys_socket[PID: 482 (xmldbc)]: family:1, type:2, protocol:0
[  683.712962] firmadyne: sys_socket[PID: 483 (xmldbc)]: family:1, type:2, protocol:0
[  694.658052] firmadyne: sys_socket[PID: 484 (xmldbc)]: family:1, type:2, protocol:0
[  694.719090] firmadyne: sys_socket[PID: 485 (xmldbc)]: family:1, type:2, protocol:0
[  694.778015] firmadyne: sys_socket[PID: 486 (xmldbc)]: family:1, type:2, protocol:0
[  694.837242] firmadyne: sys_socket[PID: 487 (xmldbc)]: family:1, type:2, protocol:0
[  694.890844] firmadyne: sys_socket[PID: 488 (xmldbc)]: family:1, type:2, protocol:0
[  715.848306] firmadyne: sys_socket[PID: 489 (xmldbc)]: family:1, type:2, protocol:0
[  715.987432] firmadyne: sys_socket[PID: 493 (xmldbc)]: family:1, type:2, protocol:0
[  716.045839] firmadyne: sys_socket[PID: 494 (xmldbc)]: family:1, type:2, protocol:0
[  716.104678] firmadyne: sys_socket[PID: 495 (xmldbc)]: family:1, type:2, protocol:0
[  726.926411] firmadyne: sys_socket[PID: 496 (xmldbc)]: family:1, type:2, protocol:0
[  726.985849] firmadyne: sys_socket[PID: 497 (xmldbc)]: family:1, type:2, protocol:0
[  727.044702] firmadyne: sys_socket[PID: 498 (xmldbc)]: family:1, type:2, protocol:0
[  727.103335] firmadyne: sys_socket[PID: 499 (xmldbc)]: family:1, type:2, protocol:0
[  748.319503] firmadyne: sys_socket[PID: 500 (xmldbc)]: family:1, type:2, protocol:0
[  748.378697] firmadyne: sys_socket[PID: 501 (xmldbc)]: family:1, type:2, protocol:0
[  748.437243] firmadyne: sys_socket[PID: 502 (xmldbc)]: family:1, type:2, protocol:0
[  748.496320] firmadyne: sys_socket[PID: 503 (xmldbc)]: family:1, type:2, protocol:0
[  759.186023] firmadyne: sys_socket[PID: 504 (xmldbc)]: family:1, type:2, protocol:0
[  759.245295] firmadyne: sys_socket[PID: 505 (xmldbc)]: family:1, type:2, protocol:0
[  759.303573] firmadyne: sys_socket[PID: 506 (xmldbc)]: family:1, type:2, protocol:0
[  759.361540] firmadyne: sys_socket[PID: 507 (xmldbc)]: family:1, type:2, protocol:0
[  784.518226] firmadyne: sys_socket[PID: 508 (xmldbc)]: family:1, type:2, protocol:0
[  784.572401] firmadyne: sys_socket[PID: 509 (xmldbc)]: family:1, type:2, protocol:0
[  784.630147] firmadyne: sys_socket[PID: 510 (xmldbc)]: family:1, type:2, protocol:0
[  784.688175] firmadyne: sys_socket[PID: 511 (xmldbc)]: family:1, type:2, protocol:0
[  803.852208] firmadyne: sys_socket[PID: 515 (xmldbc)]: family:1, type:2, protocol:0
[  803.912039] firmadyne: sys_socket[PID: 516 (xmldbc)]: family:1, type:2, protocol:0
[  803.969883] firmadyne: sys_socket[PID: 517 (xmldbc)]: family:1, type:2, protocol:0
[  804.027603] firmadyne: sys_socket[PID: 518 (xmldbc)]: family:1, type:2, protocol:0
[  823.662648] firmadyne: sys_socket[PID: 519 (xmldbc)]: family:1, type:2, protocol:0
[  823.723086] firmadyne: sys_socket[PID: 520 (xmldbc)]: family:1, type:2, protocol:0
[  823.781211] firmadyne: sys_socket[PID: 521 (xmldbc)]: family:1, type:2, protocol:0
[  823.839947] firmadyne: sys_socket[PID: 522 (xmldbc)]: family:1, type:2, protocol:0
[  844.991100] firmadyne: sys_socket[PID: 523 (xmldbc)]: family:1, type:2, protocol:0
[  845.051925] firmadyne: sys_socket[PID: 524 (xmldbc)]: family:1, type:2, protocol:0
[  845.106085] firmadyne: sys_socket[PID: 525 (xmldbc)]: family:1, type:2, protocol:0
[  845.163966] firmadyne: sys_socket[PID: 526 (xmldbc)]: family:1, type:2, protocol:0
[  845.222241] firmadyne: sys_socket[PID: 527 (xmldbc)]: family:1, type:2, protocol:0
[  855.917460] firmadyne: sys_socket[PID: 528 (xmldbc)]: family:1, type:2, protocol:0
[  855.977299] firmadyne: sys_socket[PID: 529 (xmldbc)]: family:1, type:2, protocol:0
[  856.035886] firmadyne: sys_socket[PID: 530 (xmldbc)]: family:1, type:2, protocol:0
[  856.094226] firmadyne: sys_socket[PID: 531 (xmldbc)]: family:1, type:2, protocol:0
[  881.427935] firmadyne: sys_socket[PID: 532 (xmldbc)]: family:1, type:2, protocol:0
[  881.488016] firmadyne: sys_socket[PID: 533 (xmldbc)]: family:1, type:2, protocol:0
[  881.620008] firmadyne: sys_socket[PID: 537 (xmldbc)]: family:1, type:2, protocol:0
[  881.677096] firmadyne: sys_socket[PID: 538 (xmldbc)]: family:1, type:2, protocol:0
[  881.735015] firmadyne: sys_socket[PID: 539 (xmldbc)]: family:1, type:2, protocol:0
[  888.172924] firmadyne: sys_socket[PID: 540 (xmldbc)]: family:1, type:2, protocol:0
[  888.232732] firmadyne: sys_socket[PID: 541 (xmldbc)]: family:1, type:2, protocol:0
[  888.291603] firmadyne: sys_socket[PID: 542 (xmldbc)]: family:1, type:2, protocol:0
[  888.350360] firmadyne: sys_socket[PID: 543 (xmldbc)]: family:1, type:2, protocol:0
[  912.711411] firmadyne: sys_socket[PID: 544 (xmldbc)]: family:1, type:2, protocol:0
[  912.771995] firmadyne: sys_socket[PID: 545 (xmldbc)]: family:1, type:2, protocol:0
[  912.830598] firmadyne: sys_socket[PID: 546 (xmldbc)]: family:1, type:2, protocol:0
[  912.890020] firmadyne: sys_socket[PID: 547 (xmldbc)]: family:1, type:2, protocol:0
[  931.760057] firmadyne: sys_socket[PID: 548 (xmldbc)]: family:1, type:2, protocol:0
[  931.819977] firmadyne: sys_socket[PID: 549 (xmldbc)]: family:1, type:2, protocol:0
[  931.877996] firmadyne: sys_socket[PID: 550 (xmldbc)]: family:1, type:2, protocol:0
[  931.936309] firmadyne: sys_socket[PID: 551 (xmldbc)]: family:1, type:2, protocol:0
[  950.809784] firmadyne: sys_socket[PID: 552 (xmldbc)]: family:1, type:2, protocol:0
[  950.870078] firmadyne: sys_socket[PID: 553 (xmldbc)]: family:1, type:2, protocol:0
[  950.929360] firmadyne: sys_socket[PID: 554 (xmldbc)]: family:1, type:2, protocol:0
[  950.988285] firmadyne: sys_socket[PID: 555 (xmldbc)]: family:1, type:2, protocol:0
[  963.729617] firmadyne: sys_socket[PID: 559 (xmldbc)]: family:1, type:2, protocol:0
[  963.790914] firmadyne: sys_socket[PID: 560 (xmldbc)]: family:1, type:2, protocol:0
[  963.849175] firmadyne: sys_socket[PID: 561 (xmldbc)]: family:1, type:2, protocol:0
[  963.907047] firmadyne: sys_socket[PID: 562 (xmldbc)]: family:1, type:2, protocol:0
[  984.967250] firmadyne: sys_socket[PID: 563 (xmldbc)]: family:1, type:2, protocol:0
[  985.027400] firmadyne: sys_socket[PID: 564 (xmldbc)]: family:1, type:2, protocol:0
[  985.085843] firmadyne: sys_socket[PID: 565 (xmldbc)]: family:1, type:2, protocol:0
[  985.144593] firmadyne: sys_socket[PID: 566 (xmldbc)]: family:1, type:2, protocol:0
[ 1007.898211] firmadyne: sys_socket[PID: 567 (xmldbc)]: family:1, type:2, protocol:0
[ 1007.957625] firmadyne: sys_socket[PID: 568 (xmldbc)]: family:1, type:2, protocol:0
[ 1008.016676] firmadyne: sys_socket[PID: 569 (xmldbc)]: family:1, type:2, protocol:0
[ 1008.076002] firmadyne: sys_socket[PID: 570 (xmldbc)]: family:1, type:2, protocol:0
[ 1017.225280] firmadyne: sys_socket[PID: 571 (xmldbc)]: family:1, type:2, protocol:0
[ 1017.284847] firmadyne: sys_socket[PID: 572 (xmldbc)]: family:1, type:2, protocol:0
[ 1017.342988] firmadyne: sys_socket[PID: 573 (xmldbc)]: family:1, type:2, protocol:0
[ 1017.401289] firmadyne: sys_socket[PID: 574 (xmldbc)]: family:1, type:2, protocol:0
[ 1040.147945] firmadyne: sys_socket[PID: 575 (xmldbc)]: family:1, type:2, protocol:0
[ 1040.206820] firmadyne: sys_socket[PID: 576 (xmldbc)]: family:1, type:2, protocol:0
[ 1040.264985] firmadyne: sys_socket[PID: 577 (xmldbc)]: family:1, type:2, protocol:0
[ 1040.405564] firmadyne: sys_socket[PID: 581 (xmldbc)]: family:1, type:2, protocol:0
[ 1049.501043] firmadyne: sys_socket[PID: 582 (xmldbc)]: family:1, type:2, protocol:0
[ 1049.559420] firmadyne: sys_socket[PID: 583 (xmldbc)]: family:1, type:2, protocol:0
[ 1049.618407] firmadyne: sys_socket[PID: 584 (xmldbc)]: family:1, type:2, protocol:0
[ 1072.365391] firmadyne: sys_socket[PID: 585 (xmldbc)]: family:1, type:2, protocol:0
[ 1072.425781] firmadyne: sys_socket[PID: 586 (xmldbc)]: family:1, type:2, protocol:0
[ 1072.484552] firmadyne: sys_socket[PID: 587 (xmldbc)]: family:1, type:2, protocol:0
[ 1072.542962] firmadyne: sys_socket[PID: 588 (xmldbc)]: family:1, type:2, protocol:0
[ 1092.467268] firmadyne: sys_socket[PID: 589 (xmldbc)]: family:1, type:2, protocol:0
[ 1092.522913] firmadyne: sys_socket[PID: 590 (xmldbc)]: family:1, type:2, protocol:0
[ 1092.581028] firmadyne: sys_socket[PID: 591 (xmldbc)]: family:1, type:2, protocol:0
[ 1092.634346] firmadyne: sys_socket[PID: 592 (xmldbc)]: family:1, type:2, protocol:0
[ 1092.691916] firmadyne: sys_socket[PID: 593 (xmldbc)]: family:1, type:2, protocol:0
[ 1092.750644] firmadyne: sys_socket[PID: 594 (xmldbc)]: family:1, type:2, protocol:0
[ 1113.961045] firmadyne: sys_socket[PID: 595 (xmldbc)]: family:1, type:2, protocol:0
[ 1114.016893] firmadyne: sys_socket[PID: 596 (xmldbc)]: family:1, type:2, protocol:0
[ 1114.075535] firmadyne: sys_socket[PID: 597 (xmldbc)]: family:1, type:2, protocol:0
[ 1114.134428] firmadyne: sys_socket[PID: 598 (xmldbc)]: family:1, type:2, protocol:0
[ 1114.193007] firmadyne: sys_socket[PID: 599 (xmldbc)]: family:1, type:2, protocol:0
[ 1137.037478] firmadyne: sys_socket[PID: 603 (xmldbc)]: family:1, type:2, protocol:0
[ 1137.098786] firmadyne: sys_socket[PID: 604 (xmldbc)]: family:1, type:2, protocol:0
[ 1137.157991] firmadyne: sys_socket[PID: 605 (xmldbc)]: family:1, type:2, protocol:0
[ 1137.217038] firmadyne: sys_socket[PID: 606 (xmldbc)]: family:1, type:2, protocol:0
[ 1146.217396] firmadyne: sys_socket[PID: 607 (xmldbc)]: family:1, type:2, protocol:0
[ 1146.278388] firmadyne: sys_socket[PID: 608 (xmldbc)]: family:1, type:2, protocol:0
[ 1146.332183] firmadyne: sys_socket[PID: 609 (xmldbc)]: family:1, type:2, protocol:0
[ 1146.390269] firmadyne: sys_socket[PID: 610 (xmldbc)]: family:1, type:2, protocol:0
[ 1146.449881] firmadyne: sys_socket[PID: 611 (xmldbc)]: family:1, type:2, protocol:0
[ 1162.260887] firmadyne: sys_socket[PID: 612 (xmldbc)]: family:1, type:2, protocol:0
[ 1162.322445] firmadyne: sys_socket[PID: 613 (xmldbc)]: family:1, type:2, protocol:0
[ 1162.381559] firmadyne: sys_socket[PID: 614 (xmldbc)]: family:1, type:2, protocol:0
[ 1162.440790] firmadyne: sys_socket[PID: 615 (xmldbc)]: family:1, type:2, protocol:0
[ 1178.258321] firmadyne: sys_socket[PID: 616 (xmldbc)]: family:1, type:2, protocol:0
[ 1178.318170] firmadyne: sys_socket[PID: 617 (xmldbc)]: family:1, type:2, protocol:0
[ 1178.377450] firmadyne: sys_socket[PID: 618 (xmldbc)]: family:1, type:2, protocol:0
[ 1178.438920] firmadyne: sys_socket[PID: 619 (xmldbc)]: family:1, type:2, protocol:0
[ 1178.492863] firmadyne: sys_socket[PID: 620 (xmldbc)]: family:1, type:2, protocol:0
[ 1194.308726] firmadyne: sys_socket[PID: 621 (xmldbc)]: family:1, type:2, protocol:0
[ 1194.448401] firmadyne: sys_socket[PID: 625 (xmldbc)]: family:1, type:2, protocol:0
[ 1194.506934] firmadyne: sys_socket[PID: 626 (xmldbc)]: family:1, type:2, protocol:0
[ 1194.567078] firmadyne: sys_socket[PID: 627 (xmldbc)]: family:1, type:2, protocol:0
[ 1210.387305] firmadyne: sys_socket[PID: 628 (xmldbc)]: family:1, type:2, protocol:0
[ 1210.447095] firmadyne: sys_socket[PID: 629 (xmldbc)]: family:1, type:2, protocol:0
[ 1210.505368] firmadyne: sys_socket[PID: 630 (xmldbc)]: family:1, type:2, protocol:0
[ 1210.564121] firmadyne: sys_socket[PID: 631 (xmldbc)]: family:1, type:2, protocol:0
[ 1218.459168] firmadyne: sys_socket[PID: 632 (xmldbc)]: family:1, type:2, protocol:0
[ 1218.518023] firmadyne: sys_socket[PID: 633 (xmldbc)]: family:1, type:2, protocol:0
[ 1218.576627] firmadyne: sys_socket[PID: 634 (xmldbc)]: family:1, type:2, protocol:0
[ 1218.637933] firmadyne: sys_socket[PID: 635 (xmldbc)]: family:1, type:2, protocol:0
[ 1234.066685] firmadyne: sys_socket[PID: 636 (xmldbc)]: family:1, type:2, protocol:0
[ 1234.126283] firmadyne: sys_socket[PID: 637 (xmldbc)]: family:1, type:2, protocol:0
[ 1234.185146] firmadyne: sys_socket[PID: 638 (xmldbc)]: family:1, type:2, protocol:0
[ 1234.239656] firmadyne: sys_socket[PID: 639 (xmldbc)]: family:1, type:2, protocol:0
[ 1234.297587] firmadyne: sys_socket[PID: 640 (xmldbc)]: family:1, type:2, protocol:0
[ 1243.010375] firmadyne: sys_socket[PID: 641 (xmldbc)]: family:1, type:2, protocol:0
[ 1243.070541] firmadyne: sys_socket[PID: 642 (xmldbc)]: family:1, type:2, protocol:0
[ 1243.129086] firmadyne: sys_socket[PID: 643 (xmldbc)]: family:1, type:2, protocol:0
[ 1243.265838] firmadyne: sys_socket[PID: 647 (xmldbc)]: family:1, type:2, protocol:0
[ 1243.318631] firmadyne: sys_socket[PID: 648 (xmldbc)]: family:1, type:2, protocol:0
[ 1259.107037] firmadyne: sys_socket[PID: 649 (xmldbc)]: family:1, type:2, protocol:0
[ 1259.166791] firmadyne: sys_socket[PID: 650 (xmldbc)]: family:1, type:2, protocol:0
[ 1259.225058] firmadyne: sys_socket[PID: 651 (xmldbc)]: family:1, type:2, protocol:0
[ 1259.283595] firmadyne: sys_socket[PID: 652 (xmldbc)]: family:1, type:2, protocol:0
[ 1275.282410] firmadyne: sys_socket[PID: 653 (xmldbc)]: family:1, type:2, protocol:0
[ 1275.341549] firmadyne: sys_socket[PID: 654 (xmldbc)]: family:1, type:2, protocol:0
[ 1275.399152] firmadyne: sys_socket[PID: 655 (xmldbc)]: family:1, type:2, protocol:0
[ 1294.314747] firmadyne: sys_socket[PID: 656 (xmldbc)]: family:1, type:2, protocol:0
[ 1294.376614] firmadyne: sys_socket[PID: 657 (xmldbc)]: family:1, type:2, protocol:0
[ 1294.434976] firmadyne: sys_socket[PID: 658 (xmldbc)]: family:1, type:2, protocol:0
[ 1294.493187] firmadyne: sys_socket[PID: 659 (xmldbc)]: family:1, type:2, protocol:0
[ 1307.489268] firmadyne: sys_socket[PID: 660 (xmldbc)]: family:1, type:2, protocol:0
[ 1307.550095] firmadyne: sys_socket[PID: 661 (xmldbc)]: family:1, type:2, protocol:0
[ 1307.609687] firmadyne: sys_socket[PID: 662 (xmldbc)]: family:1, type:2, protocol:0
[ 1307.667653] firmadyne: sys_socket[PID: 663 (xmldbc)]: family:1, type:2, protocol:0
[ 1307.721160] firmadyne: sys_socket[PID: 664 (xmldbc)]: family:1, type:2, protocol:0
[ 1327.537372] firmadyne: sys_socket[PID: 665 (xmldbc)]: family:1, type:2, protocol:0
[ 1327.679156] firmadyne: sys_socket[PID: 669 (xmldbc)]: family:1, type:2, protocol:0
[ 1327.737330] firmadyne: sys_socket[PID: 670 (xmldbc)]: family:1, type:2, protocol:0
[ 1327.795520] firmadyne: sys_socket[PID: 671 (xmldbc)]: family:1, type:2, protocol:0
[ 1327.848743] firmadyne: sys_socket[PID: 672 (xmldbc)]: family:1, type:2, protocol:0
[ 1336.155206] firmadyne: sys_socket[PID: 673 (xmldbc)]: family:1, type:2, protocol:0
[ 1336.214582] firmadyne: sys_socket[PID: 674 (xmldbc)]: family:1, type:2, protocol:0
[ 1336.272953] firmadyne: sys_socket[PID: 675 (xmldbc)]: family:1, type:2, protocol:0
[ 1336.331414] firmadyne: sys_socket[PID: 676 (xmldbc)]: family:1, type:2, protocol:0
[ 1350.439263] firmadyne: sys_socket[PID: 677 (xmldbc)]: family:1, type:2, protocol:0
[ 1350.500293] firmadyne: sys_socket[PID: 678 (xmldbc)]: family:1, type:2, protocol:0
[ 1350.559239] firmadyne: sys_socket[PID: 679 (xmldbc)]: family:1, type:2, protocol:0
[ 1350.617774] firmadyne: sys_socket[PID: 680 (xmldbc)]: family:1, type:2, protocol:0
[ 1368.996059] firmadyne: sys_socket[PID: 681 (xmldbc)]: family:1, type:2, protocol:0
[ 1369.056015] firmadyne: sys_socket[PID: 682 (xmldbc)]: family:1, type:2, protocol:0
[ 1369.110102] firmadyne: sys_socket[PID: 683 (xmldbc)]: family:1, type:2, protocol:0
[ 1369.168018] firmadyne: sys_socket[PID: 684 (xmldbc)]: family:1, type:2, protocol:0
[ 1369.227035] firmadyne: sys_socket[PID: 685 (xmldbc)]: family:1, type:2, protocol:0
[ 1382.693596] firmadyne: sys_socket[PID: 686 (xmldbc)]: family:1, type:2, protocol:0
[ 1382.754192] firmadyne: sys_socket[PID: 687 (xmldbc)]: family:1, type:2, protocol:0
[ 1382.891668] firmadyne: sys_socket[PID: 691 (xmldbc)]: family:1, type:2, protocol:0
[ 1382.950388] firmadyne: sys_socket[PID: 692 (xmldbc)]: family:1, type:2, protocol:0
[ 1401.327976] firmadyne: sys_socket[PID: 693 (xmldbc)]: family:1, type:2, protocol:0
[ 1401.387047] firmadyne: sys_socket[PID: 694 (xmldbc)]: family:1, type:2, protocol:0
[ 1401.445287] firmadyne: sys_socket[PID: 695 (xmldbc)]: family:1, type:2, protocol:0
[ 1401.503374] firmadyne: sys_socket[PID: 696 (xmldbc)]: family:1, type:2, protocol:0
[ 1414.793880] firmadyne: sys_socket[PID: 697 (xmldbc)]: family:1, type:2, protocol:0
[ 1414.853111] firmadyne: sys_socket[PID: 698 (xmldbc)]: family:1, type:2, protocol:0
[ 1414.906686] firmadyne: sys_socket[PID: 699 (xmldbc)]: family:1, type:2, protocol:0
[ 1414.964745] firmadyne: sys_socket[PID: 700 (xmldbc)]: family:1, type:2, protocol:0
[ 1415.023445] firmadyne: sys_socket[PID: 701 (xmldbc)]: family:1, type:2, protocol:0
[ 1433.484801] firmadyne: sys_socket[PID: 702 (xmldbc)]: family:1, type:2, protocol:0
[ 1433.544261] firmadyne: sys_socket[PID: 703 (xmldbc)]: family:1, type:2, protocol:0
[ 1433.604753] firmadyne: sys_socket[PID: 704 (xmldbc)]: family:1, type:2, protocol:0
[ 1433.658770] firmadyne: sys_socket[PID: 705 (xmldbc)]: family:1, type:2, protocol:0
[ 1433.717410] firmadyne: sys_socket[PID: 706 (xmldbc)]: family:1, type:2, protocol:0
[ 1447.230742] firmadyne: sys_socket[PID: 707 (xmldbc)]: family:1, type:2, protocol:0
[ 1447.290194] firmadyne: sys_socket[PID: 708 (xmldbc)]: family:1, type:2, protocol:0
[ 1447.349142] firmadyne: sys_socket[PID: 709 (xmldbc)]: family:1, type:2, protocol:0
[ 1447.486874] firmadyne: sys_socket[PID: 713 (xmldbc)]: family:1, type:2, protocol:0
[ 1465.966661] firmadyne: sys_socket[PID: 714 (xmldbc)]: family:1, type:2, protocol:0
[ 1466.025884] firmadyne: sys_socket[PID: 715 (xmldbc)]: family:1, type:2, protocol:0
[ 1466.084453] firmadyne: sys_socket[PID: 716 (xmldbc)]: family:1, type:2, protocol:0
[ 1466.138392] firmadyne: sys_socket[PID: 717 (xmldbc)]: family:1, type:2, protocol:0
[ 1466.196184] firmadyne: sys_socket[PID: 718 (xmldbc)]: family:1, type:2, protocol:0
[ 1466.276272] firmadyne: sys_socket[PID: 719 (xmldbc)]: family:1, type:2, protocol:0
[ 1466.360606] firmadyne: sys_socket[PID: 720 (xmldbc)]: family:1, type:2, protocol:0
[ 1466.418919] firmadyne: sys_socket[PID: 721 (xmldbc)]: family:1, type:2, protocol:0
[ 1466.477747] firmadyne: sys_socket[PID: 722 (xmldbc)]: family:1, type:2, protocol:0
[ 1466.535576] firmadyne: sys_socket[PID: 723 (xmldbc)]: family:1, type:2, protocol:0
[ 1466.593766] firmadyne: sys_socket[PID: 724 (xmldbc)]: family:1, type:2, protocol:0
[ 1466.652055] firmadyne: sys_socket[PID: 725 (xmldbc)]: family:1, type:2, protocol:0
[ 1466.710891] firmadyne: sys_socket[PID: 726 (xmldbc)]: family:1, type:2, protocol:0
[ 1466.768578] firmadyne: sys_socket[PID: 727 (xmldbc)]: family:1, type:2, protocol:0
[ 1466.826296] firmadyne: sys_socket[PID: 728 (xmldbc)]: family:1, type:2, protocol:0
[ 1466.883611] firmadyne: sys_socket[PID: 729 (xmldbc)]: family:1, type:2, protocol:0
[ 1466.942145] firmadyne: sys_socket[PID: 730 (xmldbc)]: family:1, type:2, protocol:0
[ 1466.999884] firmadyne: sys_socket[PID: 731 (xmldbc)]: family:1, type:2, protocol:0
[ 1467.146369] firmadyne: sys_socket[PID: 735 (xmldbc)]: family:1, type:2, protocol:0
[ 1467.203469] firmadyne: sys_socket[PID: 736 (xmldbc)]: family:1, type:2, protocol:0
[ 1467.260782] firmadyne: sys_socket[PID: 737 (xmldbc)]: family:1, type:2, protocol:0
[ 1467.319006] firmadyne: sys_socket[PID: 738 (xmldbc)]: family:1, type:2, protocol:0
[ 1467.376232] firmadyne: sys_socket[PID: 739 (xmldbc)]: family:1, type:2, protocol:0
[ 1467.433672] firmadyne: sys_socket[PID: 740 (xmldbc)]: family:1, type:2, protocol:0
[ 1467.491580] firmadyne: sys_socket[PID: 741 (xmldbc)]: family:1, type:2, protocol:0
[ 1467.549729] firmadyne: sys_socket[PID: 742 (xmldbc)]: family:1, type:2, protocol:0
[ 1467.608852] firmadyne: sys_socket[PID: 743 (xmldbc)]: family:1, type:2, protocol:0
[ 1467.670327] firmadyne: sys_socket[PID: 744 (xmldbc)]: family:1, type:2, protocol:0
[ 1467.728869] firmadyne: sys_socket[PID: 745 (xmldbc)]: family:1, type:2, protocol:0
[ 1467.786929] firmadyne: sys_socket[PID: 746 (xmldbc)]: family:1, type:2, protocol:0
[ 1467.844727] firmadyne: sys_socket[PID: 747 (xmldbc)]: family:1, type:2, protocol:0
[ 1467.902571] firmadyne: sys_socket[PID: 748 (xmldbc)]: family:1, type:2, protocol:0
[ 1467.960676] firmadyne: sys_socket[PID: 749 (xmldbc)]: family:1, type:2, protocol:0
[ 1468.018412] firmadyne: sys_socket[PID: 750 (xmldbc)]: family:1, type:2, protocol:0
[ 1468.077941] firmadyne: sys_socket[PID: 751 (xmldbc)]: family:1, type:2, protocol:0
[ 1468.136379] firmadyne: sys_socket[PID: 752 (xmldbc)]: family:1, type:2, protocol:0
[ 1468.196253] firmadyne: sys_socket[PID: 753 (xmldbc)]: family:1, type:2, protocol:0
[ 1468.333019] firmadyne: sys_socket[PID: 757 (xmldbc)]: family:1, type:2, protocol:0
[ 1468.390626] firmadyne: sys_socket[PID: 758 (xmldbc)]: family:1, type:2, protocol:0
[ 1468.447415] firmadyne: sys_socket[PID: 759 (xmldbc)]: family:1, type:2, protocol:0
[ 1468.504855] firmadyne: sys_socket[PID: 760 (xmldbc)]: family:1, type:2, protocol:0
[ 1468.562550] firmadyne: sys_socket[PID: 761 (xmldbc)]: family:1, type:2, protocol:0
[ 1468.620702] firmadyne: sys_socket[PID: 762 (xmldbc)]: family:1, type:2, protocol:0
[ 1468.687423] firmadyne: sys_socket[PID: 763 (xmldbc)]: family:1, type:2, protocol:0
[ 1468.746304] firmadyne: sys_socket[PID: 764 (xmldbc)]: family:1, type:2, protocol:0
[ 1468.804658] firmadyne: sys_socket[PID: 765 (xmldbc)]: family:1, type:2, protocol:0
[ 1468.863190] firmadyne: sys_socket[PID: 766 (xmldbc)]: family:1, type:2, protocol:0
[ 1468.922842] firmadyne: sys_socket[PID: 767 (xmldbc)]: family:1, type:2, protocol:0
[ 1468.980553] firmadyne: sys_socket[PID: 768 (xmldbc)]: family:1, type:2, protocol:0
[ 1469.038554] firmadyne: sys_socket[PID: 769 (xmldbc)]: family:1, type:2, protocol:0
[ 1469.097008] firmadyne: sys_socket[PID: 770 (xmldbc)]: family:1, type:2, protocol:0
[ 1469.154575] firmadyne: sys_socket[PID: 771 (xmldbc)]: family:1, type:2, protocol:0
[ 1469.212686] firmadyne: sys_socket[PID: 772 (xmldbc)]: family:1, type:2, protocol:0
[ 1469.270526] firmadyne: sys_socket[PID: 773 (xmldbc)]: family:1, type:2, protocol:0
[ 1469.328635] firmadyne: sys_socket[PID: 774 (xmldbc)]: family:1, type:2, protocol:0
[ 1469.386216] firmadyne: sys_socket[PID: 775 (xmldbc)]: family:1, type:2, protocol:0
[ 1469.522107] firmadyne: sys_socket[PID: 779 (xmldbc)]: family:1, type:2, protocol:0
[ 1469.580225] firmadyne: sys_socket[PID: 780 (xmldbc)]: family:1, type:2, protocol:0
[ 1469.639675] firmadyne: sys_socket[PID: 781 (xmldbc)]: family:1, type:2, protocol:0
[ 1469.699200] firmadyne: sys_socket[PID: 782 (xmldbc)]: family:1, type:2, protocol:0
[ 1469.757203] firmadyne: sys_socket[PID: 783 (xmldbc)]: family:1, type:2, protocol:0
[ 1469.815316] firmadyne: sys_socket[PID: 784 (xmldbc)]: family:1, type:2, protocol:0
[ 1469.872873] firmadyne: sys_socket[PID: 785 (xmldbc)]: family:1, type:2, protocol:0
[ 1469.930859] firmadyne: sys_socket[PID: 786 (xmldbc)]: family:1, type:2, protocol:0
[ 1469.989012] firmadyne: sys_socket[PID: 787 (xmldbc)]: family:1, type:2, protocol:0
[ 1470.047629] firmadyne: sys_socket[PID: 788 (xmldbc)]: family:1, type:2, protocol:0
[ 1470.106181] firmadyne: sys_socket[PID: 789 (xmldbc)]: family:1, type:2, protocol:0
[ 1470.164322] firmadyne: sys_socket[PID: 790 (xmldbc)]: family:1, type:2, protocol:0
[ 1470.221869] firmadyne: sys_socket[PID: 791 (xmldbc)]: family:1, type:2, protocol:0
[ 1470.280610] firmadyne: sys_socket[PID: 792 (xmldbc)]: family:1, type:2, protocol:0
[ 1470.338742] firmadyne: sys_socket[PID: 793 (xmldbc)]: family:1, type:2, protocol:0
[ 1470.396721] firmadyne: sys_socket[PID: 794 (xmldbc)]: family:1, type:2, protocol:0
[ 1470.454418] firmadyne: sys_socket[PID: 795 (xmldbc)]: family:1, type:2, protocol:0
[ 1470.511906] firmadyne: sys_socket[PID: 796 (xmldbc)]: family:1, type:2, protocol:0
[ 1470.569087] firmadyne: sys_socket[PID: 797 (xmldbc)]: family:1, type:2, protocol:0
[ 1470.707357] firmadyne: sys_socket[PID: 801 (xmldbc)]: family:1, type:2, protocol:0
[ 1470.760020] firmadyne: sys_socket[PID: 802 (xmldbc)]: family:1, type:2, protocol:0
[ 1470.816485] firmadyne: sys_socket[PID: 803 (xmldbc)]: family:1, type:2, protocol:0
[ 1470.876359] firmadyne: sys_socket[PID: 804 (xmldbc)]: family:1, type:2, protocol:0
[ 1470.934881] firmadyne: sys_socket[PID: 805 (xmldbc)]: family:1, type:2, protocol:0
[ 1470.993213] firmadyne: sys_socket[PID: 806 (xmldbc)]: family:1, type:2, protocol:0
[ 1471.051075] firmadyne: sys_socket[PID: 807 (xmldbc)]: family:1, type:2, protocol:0
[ 1471.109434] firmadyne: sys_socket[PID: 808 (xmldbc)]: family:1, type:2, protocol:0
[ 1471.168011] firmadyne: sys_socket[PID: 809 (xmldbc)]: family:1, type:2, protocol:0
[ 1471.225791] firmadyne: sys_socket[PID: 810 (xmldbc)]: family:1, type:2, protocol:0
[ 1471.284391] firmadyne: sys_socket[PID: 811 (xmldbc)]: family:1, type:2, protocol:0
[ 1471.342853] firmadyne: sys_socket[PID: 812 (xmldbc)]: family:1, type:2, protocol:0
[ 1471.401350] firmadyne: sys_socket[PID: 813 (xmldbc)]: family:1, type:2, protocol:0
[ 1471.459366] firmadyne: sys_socket[PID: 814 (xmldbc)]: family:1, type:2, protocol:0
[ 1471.517612] firmadyne: sys_socket[PID: 815 (xmldbc)]: family:1, type:2, protocol:0
[ 1471.576109] firmadyne: sys_socket[PID: 816 (xmldbc)]: family:1, type:2, protocol:0
[ 1471.635647] firmadyne: sys_socket[PID: 817 (xmldbc)]: family:1, type:2, protocol:0
[ 1471.694956] firmadyne: sys_socket[PID: 818 (xmldbc)]: family:1, type:2, protocol:0
[ 1471.754063] firmadyne: sys_socket[PID: 819 (xmldbc)]: family:1, type:2, protocol:0
[ 1471.890516] firmadyne: sys_socket[PID: 823 (xmldbc)]: family:1, type:2, protocol:0
[ 1471.948751] firmadyne: sys_socket[PID: 824 (xmldbc)]: family:1, type:2, protocol:0
[ 1472.006810] firmadyne: sys_socket[PID: 825 (xmldbc)]: family:1, type:2, protocol:0
[ 1472.065471] firmadyne: sys_socket[PID: 826 (xmldbc)]: family:1, type:2, protocol:0
[ 1472.122943] firmadyne: sys_socket[PID: 827 (xmldbc)]: family:1, type:2, protocol:0
[ 1472.181066] firmadyne: sys_socket[PID: 828 (xmldbc)]: family:1, type:2, protocol:0
[ 1472.238795] firmadyne: sys_socket[PID: 829 (xmldbc)]: family:1, type:2, protocol:0
[ 1472.296667] firmadyne: sys_socket[PID: 830 (xmldbc)]: family:1, type:2, protocol:0
[ 1472.354349] firmadyne: sys_socket[PID: 831 (xmldbc)]: family:1, type:2, protocol:0
[ 1472.412301] firmadyne: sys_socket[PID: 832 (xmldbc)]: family:1, type:2, protocol:0
[ 1472.469937] firmadyne: sys_socket[PID: 833 (xmldbc)]: family:1, type:2, protocol:0
[ 1472.527421] firmadyne: sys_socket[PID: 834 (xmldbc)]: family:1, type:2, protocol:0
[ 1472.584959] firmadyne: sys_socket[PID: 835 (xmldbc)]: family:1, type:2, protocol:0
[ 1472.643191] firmadyne: sys_socket[PID: 836 (xmldbc)]: family:1, type:2, protocol:0
[ 1472.703293] firmadyne: sys_socket[PID: 837 (xmldbc)]: family:1, type:2, protocol:0
[ 1472.761765] firmadyne: sys_socket[PID: 838 (xmldbc)]: family:1, type:2, protocol:0
[ 1472.819956] firmadyne: sys_socket[PID: 839 (xmldbc)]: family:1, type:2, protocol:0
[ 1472.880158] firmadyne: sys_socket[PID: 840 (xmldbc)]: family:1, type:2, protocol:0
[ 1472.939203] firmadyne: sys_socket[PID: 841 (xmldbc)]: family:1, type:2, protocol:0
[ 1473.075600] firmadyne: sys_socket[PID: 845 (xmldbc)]: family:1, type:2, protocol:0
[ 1473.133608] firmadyne: sys_socket[PID: 846 (xmldbc)]: family:1, type:2, protocol:0
[ 1473.190933] firmadyne: sys_socket[PID: 847 (xmldbc)]: family:1, type:2, protocol:0
[ 1473.249059] firmadyne: sys_socket[PID: 848 (xmldbc)]: family:1, type:2, protocol:0
[ 1473.306797] firmadyne: sys_socket[PID: 849 (xmldbc)]: family:1, type:2, protocol:0
[ 1473.364865] firmadyne: sys_socket[PID: 850 (xmldbc)]: family:1, type:2, protocol:0
[ 1473.422522] firmadyne: sys_socket[PID: 851 (xmldbc)]: family:1, type:2, protocol:0
[ 1473.480365] firmadyne: sys_socket[PID: 852 (xmldbc)]: family:1, type:2, protocol:0
[ 1473.538046] firmadyne: sys_socket[PID: 853 (xmldbc)]: family:1, type:2, protocol:0
[ 1473.596390] firmadyne: sys_socket[PID: 854 (xmldbc)]: family:1, type:2, protocol:0
[ 1473.655679] firmadyne: sys_socket[PID: 855 (xmldbc)]: family:1, type:2, protocol:0
[ 1473.715582] firmadyne: sys_socket[PID: 856 (xmldbc)]: family:1, type:2, protocol:0
[ 1473.769025] firmadyne: sys_socket[PID: 857 (xmldbc)]: family:1, type:2, protocol:0
[ 1473.826677] firmadyne: sys_socket[PID: 858 (xmldbc)]: family:1, type:2, protocol:0
[ 1473.884457] firmadyne: sys_socket[PID: 859 (xmldbc)]: family:1, type:2, protocol:0
[ 1473.943224] firmadyne: sys_socket[PID: 860 (xmldbc)]: family:1, type:2, protocol:0
[ 1474.001343] firmadyne: sys_socket[PID: 861 (xmldbc)]: family:1, type:2, protocol:0
[ 1474.060275] firmadyne: sys_socket[PID: 862 (xmldbc)]: family:1, type:2, protocol:0
[ 1474.118606] firmadyne: sys_socket[PID: 863 (xmldbc)]: family:1, type:2, protocol:0
[ 1474.254808] firmadyne: sys_socket[PID: 867 (xmldbc)]: family:1, type:2, protocol:0
[ 1474.312944] firmadyne: sys_socket[PID: 868 (xmldbc)]: family:1, type:2, protocol:0
[ 1474.371118] firmadyne: sys_socket[PID: 869 (xmldbc)]: family:1, type:2, protocol:0
[ 1474.429360] firmadyne: sys_socket[PID: 870 (xmldbc)]: family:1, type:2, protocol:0
[ 1474.487102] firmadyne: sys_socket[PID: 871 (xmldbc)]: family:1, type:2, protocol:0
[ 1474.545214] firmadyne: sys_socket[PID: 872 (xmldbc)]: family:1, type:2, protocol:0
[ 1474.603330] firmadyne: sys_socket[PID: 873 (xmldbc)]: family:1, type:2, protocol:0
[ 1474.661370] firmadyne: sys_socket[PID: 874 (xmldbc)]: family:1, type:2, protocol:0
[ 1474.721603] firmadyne: sys_socket[PID: 875 (xmldbc)]: family:1, type:2, protocol:0
[ 1474.774706] firmadyne: sys_socket[PID: 876 (xmldbc)]: family:1, type:2, protocol:0
[ 1474.832976] firmadyne: sys_socket[PID: 877 (xmldbc)]: family:1, type:2, protocol:0
[ 1474.891276] firmadyne: sys_socket[PID: 878 (xmldbc)]: family:1, type:2, protocol:0
[ 1474.949903] firmadyne: sys_socket[PID: 879 (xmldbc)]: family:1, type:2, protocol:0
[ 1475.007930] firmadyne: sys_socket[PID: 880 (xmldbc)]: family:1, type:2, protocol:0
[ 1475.066611] firmadyne: sys_socket[PID: 881 (xmldbc)]: family:1, type:2, protocol:0
[ 1475.124895] firmadyne: sys_socket[PID: 882 (xmldbc)]: family:1, type:2, protocol:0
[ 1475.183385] firmadyne: sys_socket[PID: 883 (xmldbc)]: family:1, type:2, protocol:0
[ 1475.242076] firmadyne: sys_socket[PID: 884 (xmldbc)]: family:1, type:2, protocol:0
[ 1475.300337] firmadyne: sys_socket[PID: 885 (xmldbc)]: family:1, type:2, protocol:0
[ 1475.436381] firmadyne: sys_socket[PID: 889 (xmldbc)]: family:1, type:2, protocol:0
[ 1475.493828] firmadyne: sys_socket[PID: 890 (xmldbc)]: family:1, type:2, protocol:0
[ 1475.551310] firmadyne: sys_socket[PID: 891 (xmldbc)]: family:1, type:2, protocol:0
[ 1475.611432] firmadyne: sys_socket[PID: 892 (xmldbc)]: family:1, type:2, protocol:0
[ 1475.670927] firmadyne: sys_socket[PID: 893 (xmldbc)]: family:1, type:2, protocol:0
[ 1475.730304] firmadyne: sys_socket[PID: 894 (xmldbc)]: family:1, type:2, protocol:0
[ 1475.788413] firmadyne: sys_socket[PID: 895 (xmldbc)]: family:1, type:2, protocol:0
[ 1475.846097] firmadyne: sys_socket[PID: 896 (xmldbc)]: family:1, type:2, protocol:0
[ 1475.904418] firmadyne: sys_socket[PID: 897 (xmldbc)]: family:1, type:2, protocol:0
[ 1475.962374] firmadyne: sys_socket[PID: 898 (xmldbc)]: family:1, type:2, protocol:0
[ 1476.025109] firmadyne: sys_socket[PID: 899 (xmldbc)]: family:1, type:2, protocol:0
[ 1476.084791] firmadyne: sys_socket[PID: 900 (xmldbc)]: family:1, type:2, protocol:0
[ 1476.143089] firmadyne: sys_socket[PID: 901 (xmldbc)]: family:1, type:2, protocol:0
[ 1476.201250] firmadyne: sys_socket[PID: 902 (xmldbc)]: family:1, type:2, protocol:0
[ 1476.259084] firmadyne: sys_socket[PID: 903 (xmldbc)]: family:1, type:2, protocol:0
[ 1476.312004] firmadyne: sys_socket[PID: 904 (xmldbc)]: family:1, type:2, protocol:0
[ 1476.369631] firmadyne: sys_socket[PID: 905 (xmldbc)]: family:1, type:2, protocol:0
[ 1476.427523] firmadyne: sys_socket[PID: 906 (xmldbc)]: family:1, type:2, protocol:0
[ 1476.485220] firmadyne: sys_socket[PID: 907 (xmldbc)]: family:1, type:2, protocol:0
[ 1476.620984] firmadyne: sys_socket[PID: 911 (xmldbc)]: family:1, type:2, protocol:0
[ 1476.679253] firmadyne: sys_socket[PID: 912 (xmldbc)]: family:1, type:2, protocol:0
[ 1476.739322] firmadyne: sys_socket[PID: 913 (xmldbc)]: family:1, type:2, protocol:0
[ 1476.797811] firmadyne: sys_socket[PID: 914 (xmldbc)]: family:1, type:2, protocol:0
[ 1476.855480] firmadyne: sys_socket[PID: 915 (xmldbc)]: family:1, type:2, protocol:0
[ 1476.915342] firmadyne: sys_socket[PID: 916 (xmldbc)]: family:1, type:2, protocol:0
[ 1476.974703] firmadyne: sys_socket[PID: 917 (xmldbc)]: family:1, type:2, protocol:0
[ 1477.033207] firmadyne: sys_socket[PID: 918 (xmldbc)]: family:1, type:2, protocol:0
[ 1477.086039] firmadyne: sys_socket[PID: 919 (xmldbc)]: family:1, type:2, protocol:0
[ 1477.143254] firmadyne: sys_socket[PID: 920 (xmldbc)]: family:1, type:2, protocol:0
[ 1477.201438] firmadyne: sys_socket[PID: 921 (xmldbc)]: family:1, type:2, protocol:0
[ 1477.259189] firmadyne: sys_socket[PID: 922 (xmldbc)]: family:1, type:2, protocol:0
[ 1477.317392] firmadyne: sys_socket[PID: 923 (xmldbc)]: family:1, type:2, protocol:0
[ 1477.374780] firmadyne: sys_socket[PID: 924 (xmldbc)]: family:1, type:2, protocol:0
[ 1477.433216] firmadyne: sys_socket[PID: 925 (xmldbc)]: family:1, type:2, protocol:0
[ 1477.491637] firmadyne: sys_socket[PID: 926 (xmldbc)]: family:1, type:2, protocol:0
[ 1477.549504] firmadyne: sys_socket[PID: 927 (xmldbc)]: family:1, type:2, protocol:0
[ 1477.608401] firmadyne: sys_socket[PID: 928 (xmldbc)]: family:1, type:2, protocol:0
[ 1477.667994] firmadyne: sys_socket[PID: 929 (xmldbc)]: family:1, type:2, protocol:0
[ 1477.853318] firmadyne: sys_socket[PID: 934 (xmldbc)]: family:1, type:2, protocol:0
[ 1477.910775] firmadyne: sys_socket[PID: 935 (xmldbc)]: family:1, type:2, protocol:0
[ 1477.964210] firmadyne: sys_socket[PID: 936 (xmldbc)]: family:1, type:2, protocol:0
[ 1478.021824] firmadyne: sys_socket[PID: 937 (xmldbc)]: family:1, type:2, protocol:0
[ 1478.080120] firmadyne: sys_socket[PID: 938 (xmldbc)]: family:1, type:2, protocol:0
[ 1478.137530] firmadyne: sys_socket[PID: 939 (xmldbc)]: family:1, type:2, protocol:0
[ 1478.273683] firmadyne: sys_socket[PID: 943 (xmldbc)]: family:1, type:2, protocol:0
[ 1478.332140] firmadyne: sys_socket[PID: 944 (xmldbc)]: family:1, type:2, protocol:0
[ 1478.389753] firmadyne: sys_socket[PID: 945 (xmldbc)]: family:1, type:2, protocol:0
[ 1478.447594] firmadyne: sys_socket[PID: 946 (xmldbc)]: family:1, type:2, protocol:0
[ 1478.505768] firmadyne: sys_socket[PID: 947 (xmldbc)]: family:1, type:2, protocol:0
[ 1478.564232] firmadyne: sys_socket[PID: 948 (xmldbc)]: family:1, type:2, protocol:0
[ 1478.736904] firmadyne: sys_socket[PID: 953 (xmldbc)]: family:1, type:2, protocol:0
[ 1478.874471] firmadyne: sys_socket[PID: 957 (xmldbc)]: family:1, type:2, protocol:0
[ 1479.009404] firmadyne: sys_socket[PID: 961 (xmldbc)]: family:1, type:2, protocol:0
[ 1479.148155] firmadyne: sys_socket[PID: 965 (xmldbc)]: family:1, type:2, protocol:0
[ 1479.282362] firmadyne: sys_socket[PID: 969 (xmldbc)]: family:1, type:2, protocol:0
[ 1479.416483] firmadyne: sys_socket[PID: 973 (xmldbc)]: family:1, type:2, protocol:0
[ 1479.551471] firmadyne: sys_socket[PID: 977 (xmldbc)]: family:1, type:2, protocol:0
[ 1479.686968] firmadyne: sys_socket[PID: 981 (xmldbc)]: family:1, type:2, protocol:0
[ 1479.824360] firmadyne: sys_socket[PID: 985 (xmldbc)]: family:1, type:2, protocol:0
[ 1479.954696] firmadyne: sys_socket[PID: 989 (xmldbc)]: family:1, type:2, protocol:0
[ 1480.090098] firmadyne: sys_socket[PID: 993 (xmldbc)]: family:1, type:2, protocol:0
[ 1480.220389] firmadyne: sys_socket[PID: 997 (xmldbc)]: family:1, type:2, protocol:0
[ 1480.354861] firmadyne: sys_socket[PID: 1001 (xmldbc)]: family:1, type:2, protocol:0
[ 1480.490365] firmadyne: sys_socket[PID: 1005 (xmldbc)]: family:1, type:2, protocol:0
[ 1480.625834] firmadyne: sys_socket[PID: 1009 (xmldbc)]: family:1, type:2, protocol:0
[ 1480.761580] firmadyne: sys_socket[PID: 1013 (xmldbc)]: family:1, type:2, protocol:0
[ 1480.899892] firmadyne: sys_socket[PID: 1017 (xmldbc)]: family:1, type:2, protocol:0
[ 1481.036764] firmadyne: sys_socket[PID: 1021 (xmldbc)]: family:1, type:2, protocol:0
[ 1481.171889] firmadyne: sys_socket[PID: 1025 (xmldbc)]: family:1, type:2, protocol:0
[ 1481.307087] firmadyne: sys_socket[PID: 1029 (xmldbc)]: family:1, type:2, protocol:0
[ 1481.442727] firmadyne: sys_socket[PID: 1033 (xmldbc)]: family:1, type:2, protocol:0
[ 1481.578361] firmadyne: sys_socket[PID: 1037 (xmldbc)]: family:1, type:2, protocol:0
[ 1481.716192] firmadyne: sys_socket[PID: 1041 (xmldbc)]: family:1, type:2, protocol:0
[ 1481.853852] firmadyne: sys_socket[PID: 1045 (xmldbc)]: family:1, type:2, protocol:0
[ 1481.988704] firmadyne: sys_socket[PID: 1049 (xmldbc)]: family:1, type:2, protocol:0
[ 1482.124532] firmadyne: sys_socket[PID: 1053 (xmldbc)]: family:1, type:2, protocol:0
[ 1482.260167] firmadyne: sys_socket[PID: 1057 (xmldbc)]: family:1, type:2, protocol:0
[ 1482.395263] firmadyne: sys_socket[PID: 1061 (xmldbc)]: family:1, type:2, protocol:0
[ 1482.530799] firmadyne: sys_socket[PID: 1065 (xmldbc)]: family:1, type:2, protocol:0
[ 1482.665672] firmadyne: sys_socket[PID: 1069 (xmldbc)]: family:1, type:2, protocol:0
[ 1482.802376] firmadyne: sys_socket[PID: 1073 (xmldbc)]: family:1, type:2, protocol:0
[ 1482.938022] firmadyne: sys_socket[PID: 1077 (xmldbc)]: family:1, type:2, protocol:0
[ 1483.074782] firmadyne: sys_socket[PID: 1081 (xmldbc)]: family:1, type:2, protocol:0
[ 1483.128194] firmadyne: sys_socket[PID: 1082 (xmldbc)]: family:1, type:2, protocol:0
[ 1483.185696] firmadyne: sys_socket[PID: 1083 (xmldbc)]: family:1, type:2, protocol:0
[ 1483.243494] firmadyne: sys_socket[PID: 1084 (xmldbc)]: family:1, type:2, protocol:0
[ 1483.301549] firmadyne: sys_socket[PID: 1085 (xmldbc)]: family:1, type:2, protocol:0
[ 1483.360137] firmadyne: sys_socket[PID: 1086 (xmldbc)]: family:1, type:2, protocol:0
[ 1483.419085] firmadyne: sys_socket[PID: 1087 (xmldbc)]: family:1, type:2, protocol:0
[ 1483.477358] firmadyne: sys_socket[PID: 1088 (xmldbc)]: family:1, type:2, protocol:0
[ 1483.535980] firmadyne: sys_socket[PID: 1089 (xmldbc)]: family:1, type:2, protocol:0
PHP [/etc/defnodes/S11setnodes.php] ...
[ 1483.655218] firmadyne: sys_socket[PID: 1092 (rgdb)]: family:1, type:2, protocol:0
PHP [/etc/defnodes/S12features.php] ...
[ 1484.502151] firmadyne: sys_socket[PID: 1105 (rgdb)]: family:1, type:2, protocol:0
PHP [/etc/defnodes/S13flashspeed.php] ...
[ 1484.630350] firmadyne: sys_socket[PID: 1108 (rgdb)]: family:1, type:2, protocol:0
PHP [/etc/defnodes/S20setnodes.php] ...
[ 1484.885437] firmadyne: sys_socket[PID: 1113 (rgdb)]: family:1, type:2, protocol:0
[ 1485.342707] UDF-fs: warning (device mtdblock4): udf_fill_super: No partition found (2)
mount: mounting /dev/mtdblock/4 on /www/locale/alt failed: Invalid argument
PHP [/etc/defnodes/S40brand.php] ...
[ 1485.453042] firmadyne: sys_socket[PID: 1125 (rgdb)]: family:1, type:2, protocol:0
[/etc/scripts/misc/defnodes.sh] Done !!
[/etc/scripts/misc/profile.sh] put ...
[ 1486.121967] firmadyne: sys_socket[PID: 1133 (rgdb)]: family:1, type:2, protocol:0
ok
[ 1487.124206] firmadyne: sys_socket[PID: 1139 (rgdb)]: family:1, type:2, protocol:0
[ 1487.200087] firmadyne: sys_socket[PID: 1141 (rgdb)]: family:1, type:2, protocol:0
[/etc/templates/timezone.sh] ...
[ 1487.373367] firmadyne: sys_socket[PID: 1146 (rgdb)]: family:1, type:2, protocol:0
[ 1487.564035] firmadyne: sys_socket[PID: 1151 (rgdb)]: family:1, type:2, protocol:0
[ 1491.554210] firmadyne: sys_socket[PID: 1155 (rgdb)]: family:1, type:2, protocol:0
[ 1491.639434] firmadyne: sys_socket[PID: 1157 (rgdb)]: family:1, type:2, protocol:0
[ 1491.722625] firmadyne: sys_socket[PID: 1159 (rgdb)]: family:1, type:2, protocol:0
[ 1491.806205] firmadyne: sys_socket[PID: 1161 (rgdb)]: family:1, type:2, protocol:0
[ 1491.892499] firmadyne: sys_socket[PID: 1163 (rgdb)]: family:1, type:2, protocol:0
[ 1491.977032] firmadyne: sys_socket[PID: 1165 (rgdb)]: family:1, type:2, protocol:0
[ 1492.061485] firmadyne: sys_socket[PID: 1167 (rgdb)]: family:1, type:2, protocol:0
[ 1492.146263] firmadyne: sys_socket[PID: 1169 (rgdb)]: family:1, type:2, protocol:0
[ 1492.230469] firmadyne: sys_socket[PID: 1171 (rgdb)]: family:1, type:2, protocol:0
[ 1492.314836] firmadyne: sys_socket[PID: 1173 (rgdb)]: family:1, type:2, protocol:0
[ 1492.398710] firmadyne: sys_socket[PID: 1175 (rgdb)]: family:1, type:2, protocol:0
[/etc/templates/logs.sh] ...
[ 1493.383917] firmadyne: sys_socket[PID: 1203 (rgdb)]: family:1, type:2, protocol:0
[ 1493.482674] firmadyne: sys_socket[PID: 1205 (rgdb)]: family:1, type:2, protocol:0
[/var/run/logs_run.sh] ...
[ 1494.091337] firmadyne: sys_socket[PID: 1210 (syslogd)]: family:1, type:1, protocol:0
[ 1494.260454] firmadyne: sys_socket[PID: 1215 (rgdb)]: family:1, type:2, protocol:0
[ 1494.456560] firmadyne: sys_socket[PID: 1219 (ifconfig)]: family:2, type:1, protocol:0
[ 1494.526726] 8021q: adding VLAN 0 to HW filter on device eth0
[ 1494.578729] e1000: eth0 NIC Link is Up 1000 Mbps Full Duplex, Flow Control: RX
[ 1497.724071] firmadyne: sys_socket[PID: 1221 (rgdb)]: family:1, type:2, protocol:0
[ 1498.062893] firmadyne: sys_socket[PID: 1233 (rgdb)]: family:1, type:2, protocol:0
[ 1498.252786] firmadyne: sys_socket[PID: 1239 (rgdb)]: family:1, type:2, protocol:0
[ 1498.277375] firmadyne: sys_socket[PID: 1240 (ifconfig)]: family:2, type:1, protocol:0
[ 1498.279625] firmadyne: __inet_insert_ifa[PID: 1240 (ifconfig)]: device:lo ifa:0x7f000001
[ 1498.337057] firmadyne: sys_socket[PID: 1241 (brctl)]: family:2, type:2, protocol:0
[ 1498.442399] firmadyne: sys_socket[PID: 1244 (brctl)]: family:2, type:2, protocol:0
[ 1498.446626] firmadyne: sys_socket[PID: 1244 (brctl)]: family:10, type:1, protocol:0
[ 1498.501240] firmadyne: sys_socket[PID: 1245 (brctl)]: family:2, type:2, protocol:0
[ 1498.505297] firmadyne: sys_socket[PID: 1245 (brctl)]: family:10, type:1, protocol:0
[/etc/init.d/S03config.sh] done!
[/etc/init.d/S10system.sh]
start Layout ...
[/etc/scripts/layout.sh] start ...
[ 1498.883160] firmadyne: sys_socket[PID: 1255 (rgdb)]: family:1, type:2, protocol:0
[ 1499.024921] firmadyne: sys_socket[PID: 1256 (rgdb)]: family:1, type:2, protocol:0
[/var/run/layout_start.sh] ...
Start bridge layout ...
[ 1499.183995] firmadyne: sys_socket[PID: 1260 (ifconfig)]: family:2, type:1, protocol:0
[ 1499.232126] firmadyne: sys_socket[PID: 1261 (brctl)]: family:2, type:2, protocol:0
[ 1499.235359] firmadyne: sys_socket[PID: 1261 (brctl)]: family:10, type:1, protocol:0
[ 1499.239178] firmadyne: sys_socket[PID: 1261 (brctl)]: family:10, type:1, protocol:0
[ 1499.241058] firmadyne: br_add_if[PID: 1261 (brctl)]: br:br0 dev:eth0
[ 1499.247559] device eth0 entered promiscuous mode
[ 1499.342646] firmadyne: sys_socket[PID: 1264 (xmldbc)]: family:1, type:2, protocol:0
[ 1499.429754] firmadyne: sys_socket[PID: 1267 (ifconfig)]: family:2, type:1, protocol:0
[ 1499.431588] br0: port 1(eth0) entered forwarding state
[ 1499.432733] br0: port 1(eth0) entered forwarding state
[ 1499.484631] firmadyne: sys_socket[PID: 1268 (rgdb)]: family:1, type:2, protocol:0
start LAN ...
[/etc/templates/lan.sh] ...
[ 1499.651640] firmadyne: sys_socket[PID: 1273 (rgdb)]: family:1, type:2, protocol:0
[ 1499.804936] firmadyne: sys_socket[PID: 1276 (rgdb)]: family:1, type:2, protocol:0
[ 1499.921194] firmadyne: sys_socket[PID: 1277 (rgdb)]: family:1, type:2, protocol:0
[/var/run/lan_start.sh] ...
Bridge mode selected, LAN is disabled !
start web server ...
[/etc/templates/webs.sh] start ...
[ 1500.223084] firmadyne: sys_socket[PID: 1285 (rgdb)]: family:1, type:2, protocol:0
[ 1500.311971] firmadyne: sys_socket[PID: 1287 (rgdb)]: family:1, type:2, protocol:0
[ 1500.462189] firmadyne: sys_socket[PID: 1290 (rgdb)]: family:1, type:2, protocol:0
[ 1500.624626] firmadyne: sys_socket[PID: 1291 (rgdb)]: family:1, type:2, protocol:0
[/var/run/webs_start.sh] ...
Starting HTTPD ...
start eth0 vlan setup ...
/etc/scripts/eth_vlan.sh: not found
[ 1501.037178] firmadyne: sys_socket[PID: 1301 (rgdb)]: family:1, type:2, protocol:0
[ 1501.078258] firmadyne: sys_socket[PID: 1302 (rgdb)]: family:1, type:2, protocol:0
[ 1501.289807] firmadyne: sys_socket[PID: 1303 (rgdb)]: family:1, type:2, protocol:0
#!/bin/sh
echo [$0] ... > /dev/console

# limitedadmin.php <<<

limitedadmin.sh...
[ 1501.601084] firmadyne: sys_socket[PID: 1307 (brctl)]: family:2, type:2, protocol:0
[ 1501.608485] firmadyne: sys_socket[PID: 1307 (brctl)]: family:10, type:1, protocol:0
[ 1501.709842] firmadyne: sys_socket[PID: 1308 (brctl)]: family:2, type:2, protocol:0
[ 1501.717253] firmadyne: sys_socket[PID: 1308 (brctl)]: family:10, type:1, protocol:0
[ 1501.823633] firmadyne: sys_socket[PID: 1309 (brctl)]: family:2, type:2, protocol:0
[ 1501.830648] firmadyne: sys_socket[PID: 1309 (brctl)]: family:10, type:1, protocol:0
[ 1501.941545] firmadyne: sys_socket[PID: 1310 (brctl)]: family:2, type:2, protocol:0
[ 1501.948954] firmadyne: sys_socket[PID: 1310 (brctl)]: family:10, type:1, protocol:0
[ 1502.055182] firmadyne: sys_socket[PID: 1311 (brctl)]: family:2, type:2, protocol:0
[ 1502.062779] firmadyne: sys_socket[PID: 1311 (brctl)]: family:10, type:1, protocol:0
[ 1502.172720] firmadyne: sys_socket[PID: 1312 (brctl)]: family:2, type:2, protocol:0
[ 1502.180068] firmadyne: sys_socket[PID: 1312 (brctl)]: family:10, type:1, protocol:0
start fresetd ...
enable LAN ports ...
[ 1502.434237] firmadyne: sys_socket[PID: 1314 (servd)]: family:1, type:2, protocol:0
Factory reset time : 5 secs
System reset time  : 1 secs
WPS command : [/etc/templates/wps.sh pbc &]
[ 1502.517848] firmadyne: sys_socket[PID: 1305 (httpd)]: family:10, type:2, protocol:6
[ 1502.519164] firmadyne: sys_setsockopt[PID: 1305 (httpd)]: fd:4, level:65535, optname:4
/dev/gpio: No such device or address
[ 1502.622497] firmadyne: sys_socket[PID: 1317 (fresetd)]: family:1, type:1, protocol:0
[/etc/scripts/enlan.sh] ...
 Generate channel table according to the country code...
[ 1502.725790] firmadyne: sys_socket[PID: 1327 (httpd)]: family:1, type:1, protocol:0
[ 1502.801896] firmadyne: sys_socket[PID: 1331 (genchanneltable)]: family:1, type:2, protocol:0
[ 1502.815557] firmadyne: sys_socket[PID: 1331 (genchanneltable)]: family:1, type:2, protocol:0
[ 1502.821969] firmadyne: sys_socket[PID: 1331 (genchanneltable)]: family:1, type:2, protocol:0
[ 1502.834731] firmadyne: sys_socket[PID: 1330 (getsys)]: family:1, type:2, protocol:0
UNKNOW country code!! Use USA for default!!
[ 1502.949408] firmadyne: sys_socket[PID: 1331 (genchanneltable)]: family:1, type:2, protocol:0
[ 1502.956359] firmadyne: sys_socket[PID: 1330 (getsys)]: family:1, type:2, protocol:0
[ 1502.961311] firmadyne: sys_socket[PID: 1331 (genchanneltable)]: family:1, type:2, protocol:0
[ 1502.967687] firmadyne: sys_socket[PID: 1330 (getsys)]: family:1, type:2, protocol:0
[ 1502.971957] firmadyne: sys_socket[PID: 1331 (genchanneltable)]: family:1, type:2, protocol:0
[ 1502.978405] firmadyne: sys_socket[PID: 1330 (getsys)]: family:1, type:2, protocol:0
[ 1502.983054] firmadyne: sys_socket[PID: 1331 (genchanneltable)]: family:1, type:2, protocol:0
[ 1502.989476] firmadyne: sys_socket[PID: 1330 (getsys)]: family:1, type:2, protocol:0
[ 1502.994219] firmadyne: sys_socket[PID: 1331 (genchanneltable)]: family:1, type:2, protocol:0
[ 1503.000637] firmadyne: sys_socket[PID: 1330 (getsys)]: family:1, type:2, protocol:0
[ 1503.004678] firmadyne: sys_socket[PID: 1331 (genchanneltable)]: family:1, type:2, protocol:0
[ 1503.011239] firmadyne: sys_socket[PID: 1330 (getsys)]: family:1, type:2, protocol:0
[ 1503.015314] firmadyne: sys_socket[PID: 1331 (genchanneltable)]: family:1, type:2, protocol:0
[ 1503.022197] firmadyne: sys_socket[PID: 1330 (getsys)]: family:1, type:2, protocol:0
[ 1503.028337] firmadyne: sys_socket[PID: 1331 (genchanneltable)]: family:1, type:2, protocol:0
[ 1503.035309] firmadyne: sys_socket[PID: 1330 (getsys)]: family:1, type:2, protocol:0
[ 1503.040045] firmadyne: sys_socket[PID: 1331 (genchanneltable)]: family:1, type:2, protocol:0
[ 1503.046682] firmadyne: sys_socket[PID: 1330 (getsys)]: family:1, type:2, protocol:0
[ 1503.051685] firmadyne: sys_socket[PID: 1331 (genchanneltable)]: family:1, type:2, protocol:0
[ 1503.058543] firmadyne: sys_socket[PID: 1330 (getsys)]: family:1, type:2, protocol:0
[ 1503.063506] firmadyne: sys_socket[PID: 1331 (genchanneltable)]: family:1, type:2, protocol:0
[ 1503.070156] firmadyne: sys_socket[PID: 1330 (getsys)]: family:1, type:2, protocol:0
[ 1503.075076] firmadyne: sys_socket[PID: 1331 (genchanneltable)]: family:1, type:2, protocol:0
[ 1503.081726] firmadyne: sys_socket[PID: 1330 (getsys)]: family:1, type:2, protocol:0
[ 1503.086637] firmadyne: sys_socket[PID: 1331 (genchanneltable)]: family:1, type:2, protocol:0
[ 1503.093258] firmadyne: sys_socket[PID: 1330 (getsys)]: family:1, type:2, protocol:0
[ 1503.098191] firmadyne: sys_socket[PID: 1331 (genchanneltable)]: family:1, type:2, protocol:0
[ 1503.104794] firmadyne: sys_socket[PID: 1330 (getsys)]: family:1, type:2, protocol:0
[ 1503.109825] firmadyne: sys_socket[PID: 1331 (genchanneltable)]: family:1, type:2, protocol:0
[ 1503.116336] firmadyne: sys_socket[PID: 1330 (getsys)]: family:1, type:2, protocol:0
[ 1503.120667] firmadyne: sys_socket[PID: 1331 (genchanneltable)]: family:1, type:2, protocol:0
[ 1503.127183] firmadyne: sys_socket[PID: 1330 (getsys)]: family:1, type:2, protocol:0
[ 1503.131671] firmadyne: sys_socket[PID: 1331 (genchanneltable)]: family:1, type:2, protocol:0
[ 1503.142042] firmadyne: sys_socket[PID: 1330 (getsys)]: family:1, type:2, protocol:0
[ 1503.146776] firmadyne: sys_socket[PID: 1331 (genchanneltable)]: family:1, type:2, protocol:0
[ 1503.154585] firmadyne: sys_socket[PID: 1331 (genchanneltable)]: family:1, type:2, protocol:0
[ 1503.170229] firmadyne: sys_socket[PID: 1331 (genchanneltable)]: family:1, type:2, protocol:0
[ 1503.177022] firmadyne: sys_socket[PID: 1331 (genchanneltable)]: family:1, type:2, protocol:0
[ 1503.189379] firmadyne: sys_socket[PID: 1331 (genchanneltable)]: family:1, type:2, protocol:0
[ 1503.195560] firmadyne: sys_socket[PID: 1331 (genchanneltable)]: family:1, type:2, protocol:0
[ 1503.206030] firmadyne: sys_socket[PID: 1331 (genchanneltable)]: family:1, type:2, protocol:0
[ 1503.212360] firmadyne: sys_socket[PID: 1331 (genchanneltable)]: family:1, type:2, protocol:0
[ 1503.220834] firmadyne: sys_socket[PID: 1331 (genchanneltable)]: family:1, type:2, protocol:0
[ 1503.227506] firmadyne: sys_socket[PID: 1331 (genchanneltable)]: family:1, type:2, protocol:0
[ 1503.236766] firmadyne: sys_socket[PID: 1331 (genchanneltable)]: family:1, type:2, protocol:0
[ 1503.248704] firmadyne: sys_socket[PID: 1331 (genchanneltable)]: family:1, type:2, protocol:0
/dev/gpio: No such device or address
 Generate VLAN table according to the port...
[ 1503.331693] firmadyne: sys_socket[PID: 1339 (genVLANTableByP)]: family:1, type:2, protocol:0
[ 1503.338920] firmadyne: sys_socket[PID: 1339 (genVLANTableByP)]: family:1, type:2, protocol:0
[ 1503.345374] firmadyne: sys_socket[PID: 1339 (genVLANTableByP)]: family:1, type:2, protocol:0
[ 1503.350793] firmadyne: sys_socket[PID: 1339 (genVLANTableByP)]: family:1, type:2, protocol:0
[ 1503.355382] firmadyne: sys_socket[PID: 1339 (genVLANTableByP)]: family:1, type:2, protocol:0
[ 1503.362113] firmadyne: sys_socket[PID: 1339 (genVLANTableByP)]: family:1, type:2, protocol:0
[ 1503.368362] firmadyne: sys_socket[PID: 1339 (genVLANTableByP)]: family:1, type:2, protocol:0
[ 1503.374398] firmadyne: sys_socket[PID: 1339 (genVLANTableByP)]: family:1, type:2, protocol:0
[ 1503.380944] firmadyne: sys_socket[PID: 1339 (genVLANTableByP)]: family:1, type:2, protocol:0
[ 1503.386452] firmadyne: sys_socket[PID: 1339 (genVLANTableByP)]: family:1, type:2, protocol:0
[ 1503.393310] firmadyne: sys_socket[PID: 1339 (genVLANTableByP)]: family:1, type:2, protocol:0
[ 1503.398727] firmadyne: sys_socket[PID: 1339 (genVLANTableByP)]: family:1, type:2, protocol:0
[ 1503.405176] firmadyne: sys_socket[PID: 1339 (genVLANTableByP)]: family:1, type:2, protocol:0
[ 1503.410639] firmadyne: sys_socket[PID: 1339 (genVLANTableByP)]: family:1, type:2, protocol:0
[ 1503.416670] firmadyne: sys_socket[PID: 1339 (genVLANTableByP)]: family:1, type:2, protocol:0
[ 1503.421993] firmadyne: sys_socket[PID: 1339 (genVLANTableByP)]: family:1, type:2, protocol:0
[ 1503.427306] firmadyne: sys_socket[PID: 1339 (genVLANTableByP)]: family:1, type:2, protocol:0
[ 1503.433663] firmadyne: sys_socket[PID: 1339 (genVLANTableByP)]: family:1, type:2, protocol:0
[ 1503.438903] firmadyne: sys_socket[PID: 1339 (genVLANTableByP)]: family:1, type:2, protocol:0
[ 1503.445407] firmadyne: sys_socket[PID: 1339 (genVLANTableByP)]: family:1, type:2, protocol:0
[ 1503.450458] firmadyne: sys_socket[PID: 1339 (genVLANTableByP)]: family:1, type:2, protocol:0
