[    0.000000] Linux version 4.1.17+ (alessio@pc) (gcc version 5.5.0 20171010 (Ubuntu 5.5.0-12ubuntu1) ) #1 Mon May 15 23:04:08 CEST 2023
[    0.000000] earlycon: Early serial console at I/O port 0x3f8 (options '38400n8')
[    0.000000] bootconsole [uart0] enabled
[    0.000000] CPU0 revision is: 00019300 (MIPS 24Kc)
[    0.000000] FPU revision is: 00739300
[    0.000000] Software DMA cache coherency enabled
[    0.000000] Determined physical RAM map:
[    0.000000]  memory: 00001000 @ 00000000 (reserved)
[    0.000000]  memory: 000ef000 @ 00001000 (ROM data)
[    0.000000]  memory: 00798000 @ 000f0000 (reserved)
[    0.000000]  memory: 0f777000 @ 00888000 (usable)
[    0.000000] debug: ignoring loglevel setting.
[    0.000000] Wasting 69888 bytes for tracking 2184 unused pages
[    0.000000] Initrd not found or empty - disabling initrd
[    0.000000] Zone ranges:
[    0.000000]   DMA      [mem 0x0000000000000000-0x0000000000ffffff]
[    0.000000]   Normal   [mem 0x0000000001000000-0x000000000fffefff]
[    0.000000] Movable zone start for each node
[    0.000000] Early memory node ranges
[    0.000000]   node   0: [mem 0x0000000000000000-0x000000000fffefff]
[    0.000000] Initmem setup node 0 [mem 0x0000000000000000-0x000000000fffefff]
[    0.000000] On node 0 totalpages: 65535
[    0.000000] free_area_init_node: node 0, pgdat 8081d5b0, node_mem_map 81000000
[    0.000000]   DMA zone: 32 pages used for memmap
[    0.000000]   DMA zone: 0 pages reserved
[    0.000000]   DMA zone: 4096 pages, LIFO batch:0
[    0.000000]   Normal zone: 480 pages used for memmap
[    0.000000]   Normal zone: 61439 pages, LIFO batch:15
[    0.000000] Primary instruction cache 2kB, VIPT, 2-way, linesize 16 bytes.
[    0.000000] Primary data cache 2kB, 2-way, VIPT, no aliases, linesize 16 bytes
[    0.000000] pcpu-alloc: s0 r0 d32768 u32768 alloc=1*32768
[    0.000000] pcpu-alloc: [0] 0 
[    0.000000] Built 1 zonelists in Zone order, mobility grouping on.  Total pages: 65023
[    0.000000] Kernel command line: root=/dev/sda1 console=ttyS0 nandsim.parts=64,64,64,64,64,64,64,64,64,64 rdinit=/firmadyne/preInit.sh rw debug ignore_loglevel print-fatal-signals=1 FIRMAE_NET=true FIRMAE_NVRAM=true FIRMAE_KERNEL=true FIRMAE_ETC=true user_debug=0 firmadyne.syscall=1 noka
[    0.000000] found FIRMAE_KERNEL=t
[    0.000000] set the LD_PRELOAD=/firmadyne/libnvram_ioctl.so
[    0.000000] PID hash table entries: 1024 (order: 0, 4096 bytes)
[    0.000000] Dentry cache hash table entries: 32768 (order: 5, 131072 bytes)
[    0.000000] Inode-cache hash table entries: 16384 (order: 4, 65536 bytes)
[    0.000000] Writing ErrCtl register=00000000
[    0.000000] Readback ErrCtl register=00000000
[    0.000000] Memory: 251112K/262140K available (5360K kernel code, 244K rwdata, 1676K rodata, 260K init, 158K bss, 11028K reserved, 0K cma-reserved)
[    0.000000] NR_IRQS:256
[    0.000000] CPU frequency 200.00 MHz
[    0.000000] clocksource MIPS: mask: 0xffffffff max_cycles: 0xffffffff, max_idle_ns: 19112389267 ns
[    0.000171] sched_clock: 32 bits at 100MHz, resolution 9ns, wraps every 21474594811ns
[    0.011874] Console: colour dummy device 80x25
[    0.012814] Calibrating delay loop... 32.96 BogoMIPS (lpj=65920)
[    0.070019] pid_max: default: 32768 minimum: 301
[    0.073402] Mount-cache hash table entries: 1024 (order: 0, 4096 bytes)
[    0.073846] Mountpoint-cache hash table entries: 1024 (order: 0, 4096 bytes)
[    0.127130] clocksource jiffies: mask: 0xffffffff max_cycles: 0xffffffff, max_idle_ns: 7645041785100000 ns
[    0.136315] NET: Registered protocol family 16
[    0.364257] clocksource pit: mask: 0xffffffff max_cycles: 0xffffffff, max_idle_ns: 1601818034827 ns
[    0.488356] vgaarb: loaded
[    0.493149] SCSI subsystem initialized
[    0.495172] libata version 3.00 loaded.
[    0.498805] usbcore: registered new interface driver usbfs
[    0.500040] usbcore: registered new interface driver hub
[    0.500989] usbcore: registered new device driver usb
[    0.503317] pps_core: LinuxPPS API ver. 1 registered
[    0.503642] pps_core: Software ver. 5.3.6 - Copyright 2005-2007 Rodolfo Giometti <giometti@linux.it>
[    0.504405] PTP clock support registered
[    0.508368] PCI host bridge to bus 0000:00
[    0.509010] pci_bus 0000:00: root bus resource [mem 0x10000000-0x17ffffff]
[    0.509528] pci_bus 0000:00: root bus resource [io  0x1000-0x1fffff]
[    0.510029] pci_bus 0000:00: root bus resource [??? 0x00000000 flags 0x0]
[    0.510505] pci_bus 0000:00: No busn resource found for root bus, will use [bus 00-ff]
[    0.511706] pci 0000:00:00.0: [11ab:4620] type 00 class 0x060000
[    0.512480] pci 0000:00:00.0: [Firmware Bug]: reg 0x14: invalid BAR (can't size)
[    0.512963] pci 0000:00:00.0: [Firmware Bug]: reg 0x18: invalid BAR (can't size)
[    0.513429] pci 0000:00:00.0: [Firmware Bug]: reg 0x1c: invalid BAR (can't size)
[    0.513910] pci 0000:00:00.0: [Firmware Bug]: reg 0x20: invalid BAR (can't size)
[    0.514396] pci 0000:00:00.0: [Firmware Bug]: reg 0x24: invalid BAR (can't size)
[    0.517680] pci 0000:00:0a.0: [8086:7110] type 00 class 0x060100
[    0.520627] pci 0000:00:0a.1: [8086:7111] type 00 class 0x010180
[    0.521325] pci 0000:00:0a.1: reg 0x20: [io  0x0000-0x000f]
[    0.521834] pci 0000:00:0a.1: legacy IDE quirk: reg 0x10: [io  0x01f0-0x01f7]
[    0.522313] pci 0000:00:0a.1: legacy IDE quirk: reg 0x14: [io  0x03f6]
[    0.522782] pci 0000:00:0a.1: legacy IDE quirk: reg 0x18: [io  0x0170-0x0177]
[    0.523248] pci 0000:00:0a.1: legacy IDE quirk: reg 0x1c: [io  0x0376]
[    0.525941] pci 0000:00:0a.2: [8086:7112] type 00 class 0x0c0300
[    0.526493] pci 0000:00:0a.2: reg 0x20: [io  0x0000-0x001f]
[    0.529185] pci 0000:00:0a.3: [8086:7113] type 00 class 0x068000
[    0.530241] pci 0000:00:0a.3: quirk: [io  0x1000-0x103f] claimed by PIIX4 ACPI
[    0.530759] pci 0000:00:0a.3: quirk: [io  0x1100-0x110f] claimed by PIIX4 SMB
[    0.533437] pci 0000:00:12.0: [1013:00b8] type 00 class 0x030000
[    0.533940] pci 0000:00:12.0: reg 0x10: [mem 0x00000000-0x01ffffff pref]
[    0.534419] pci 0000:00:12.0: reg 0x14: [mem 0x00000000-0x00000fff]
[    0.534961] pci 0000:00:12.0: reg 0x30: [mem 0x00000000-0x0000ffff pref]
[    0.537305] vgaarb: device added: PCI:0000:00:12.0,decodes=io+mem,owns=none,locks=none
[    0.538331] pci 0000:00:13.0: [8086:100e] type 00 class 0x020000
[    0.538832] pci 0000:00:13.0: reg 0x10: [mem 0x00000000-0x0001ffff]
[    0.539278] pci 0000:00:13.0: reg 0x14: [io  0x0000-0x003f]
[    0.539794] pci 0000:00:13.0: reg 0x30: [mem 0x00000000-0x0003ffff pref]
[    0.542432] pci 0000:00:14.0: [8086:100e] type 00 class 0x020000
[    0.542937] pci 0000:00:14.0: reg 0x10: [mem 0x00000000-0x0001ffff]
[    0.543395] pci 0000:00:14.0: reg 0x14: [io  0x0000-0x003f]
[    0.543915] pci 0000:00:14.0: reg 0x30: [mem 0x00000000-0x0003ffff pref]
[    0.546568] pci 0000:00:15.0: [8086:100e] type 00 class 0x020000
[    0.547062] pci 0000:00:15.0: reg 0x10: [mem 0x00000000-0x0001ffff]
[    0.547530] pci 0000:00:15.0: reg 0x14: [io  0x0000-0x003f]
[    0.548035] pci 0000:00:15.0: reg 0x30: [mem 0x00000000-0x0003ffff pref]
[    0.550617] pci 0000:00:16.0: [8086:100e] type 00 class 0x020000
[    0.551112] pci 0000:00:16.0: reg 0x10: [mem 0x00000000-0x0001ffff]
[    0.551574] pci 0000:00:16.0: reg 0x14: [io  0x0000-0x003f]
[    0.552080] pci 0000:00:16.0: reg 0x30: [mem 0x00000000-0x0003ffff pref]
[    0.554813] pci_bus 0000:00: busn_res: [bus 00-ff] end is updated to 00
[    0.556067] pci 0000:00:12.0: BAR 0: assigned [mem 0x10000000-0x11ffffff pref]
[    0.556699] pci 0000:00:13.0: BAR 6: assigned [mem 0x12000000-0x1203ffff pref]
[    0.557361] pci 0000:00:14.0: BAR 6: assigned [mem 0x12040000-0x1207ffff pref]
[    0.557874] pci 0000:00:15.0: BAR 6: assigned [mem 0x12080000-0x120bffff pref]
[    0.558409] pci 0000:00:16.0: BAR 6: assigned [mem 0x120c0000-0x120fffff pref]
[    0.558924] pci 0000:00:13.0: BAR 0: assigned [mem 0x12100000-0x1211ffff]
[    0.559436] pci 0000:00:14.0: BAR 0: assigned [mem 0x12120000-0x1213ffff]
[    0.559951] pci 0000:00:15.0: BAR 0: assigned [mem 0x12140000-0x1215ffff]
[    0.560466] pci 0000:00:16.0: BAR 0: assigned [mem 0x12160000-0x1217ffff]
[    0.561099] pci 0000:00:12.0: BAR 6: assigned [mem 0x12180000-0x1218ffff pref]
[    0.561626] pci 0000:00:12.0: BAR 1: assigned [mem 0x12190000-0x12190fff]
[    0.562139] pci 0000:00:13.0: BAR 1: assigned [io  0x1040-0x107f]
[    0.562592] pci 0000:00:14.0: BAR 1: assigned [io  0x1080-0x10bf]
[    0.563061] pci 0000:00:15.0: BAR 1: assigned [io  0x10c0-0x10ff]
[    0.563546] pci 0000:00:16.0: BAR 1: assigned [io  0x1400-0x143f]
[    0.564013] pci 0000:00:0a.2: BAR 4: assigned [io  0x1440-0x145f]
[    0.564486] pci 0000:00:0a.1: BAR 4: assigned [io  0x1460-0x146f]
[    0.578851] cfg80211: Calling CRDA to update world regulatory domain
[    0.590188] Switched to clocksource MIPS
[    0.683916] NET: Registered protocol family 2
[    0.693903] TCP established hash table entries: 2048 (order: 1, 8192 bytes)
[    0.695028] TCP bind hash table entries: 2048 (order: 1, 8192 bytes)
[    0.695903] TCP: Hash tables configured (established 2048 bind 2048)
[    0.696832] UDP hash table entries: 256 (order: 0, 4096 bytes)
[    0.697408] UDP-Lite hash table entries: 256 (order: 0, 4096 bytes)
[    0.700740] NET: Registered protocol family 1
[    0.702284] PCI: Enabling device 0000:00:0a.2 (0000 -> 0001)
[    0.703543] PCI: CLS 0 bytes, default 16
[    0.730301] futex hash table entries: 256 (order: -1, 3072 bytes)
[    0.743813] squashfs: version 4.0 (2009/01/31) Phillip Lougher
[    0.745839] jffs2: version 2.2. (NAND) Â© 2001-2006 Red Hat, Inc.
[    0.748645] romfs: ROMFS MTD (C) 2007 Red Hat, Inc.
[    0.768418] Block layer SCSI generic (bsg) driver version 0.4 loaded (major 251)
[    0.768979] io scheduler noop registered
[    0.769551] io scheduler cfq registered (default)
[    0.770511] firmadyne: devfs: 1, execute: 1, procfs: 1, syscall: 1
[    0.775189] firmadyne: Cannot register character device: gpio, 0xfc, 0x0!
[    0.782382] firmadyne: Cannot register character device: watchdog, 0xa, 0x82!
[    0.782821] firmadyne: Cannot register character device: wdt, 0xfd, 0x0!
[    2.229014] strName = 4.1.17+
[    2.229014] init_task_addr  = 2155778944
[    2.229014] init_task_size  = 1296
[    2.229014] ts_tasks        = 292
[    2.229014] ts_pid          = 408
[    2.229014] ts_tgid         = 412
[    2.229014] ts_group_leader = 440
[    2.229014] ts_thread_group = 496
[    2.229014] ts_real_parent  = 416
[    2.229014] ts_mm           = 300
[    2.229014] ts_stack        = 4
[    2.231248] module_name   = 12
[    2.231248] module_size   = 208
[    2.231248] module_init   = 200
[    2.231248] module_list   = 4
[    2.232031] ts_real_cred    = 624
[    2.232031] ts_cred         = 628
[    2.232031] ts_comm         = 632
[    2.232031] cred_uid        = 4
[    2.232031] cred_gid        = 8
[    2.232031] cred_euid       = 20
[    2.232031] cred_egid       = 24
[    2.233314] mm_mmap         = 0
[    2.233314] mm_pgd          = 32
[    2.233314] mm_arg_start    = 136
[    2.233314] mm_start_brk    = 124
[    2.233314] mm_brk          = 128
[    2.233314] mm_start_stack  = 132
[    2.234576] vma_vm_start    = 0
[    2.234576] vma_vm_end      = 4
[    2.234576] vma_vm_next     = 8
[    2.234576] vma_vm_file     = 80
[    2.234576] vma_vm_flags    = 40
[    2.234576] vma_vm_pgoff    = 76
[    2.235703] file_dentry     = 12
[    2.235703] file_inode      = 40
[    2.235703] dentry_d_name   = 24
[    2.235703] dentry_d_iname  = 44
[    2.235703] dentry_d_parent = 16
[    2.235703] ti_task         = 0
[    2.235703] inode_ino   = 28
[    3.132609] proc_fork_connector  = 2151078840
[    3.132921] proc_exit_connector  = 2151080432
[    3.133191] proc_exec_connector  = 2151079052
[    3.133458] vma_link  = 2149124372
[    3.133693] vma_adjust  = 2149124540
[    3.133942] remove_vma  = 2149122188
[    3.134308] modules  = 2155833724
[    3.134545] trim_init_extable  = 2150545316
[    3.137707] PCI: Enabling device 0000:00:12.0 (0000 -> 0002)
[    3.138980] cirrusfb 0000:00:12.0: Cirrus Logic chipset on PCI bus, RAM (4096 kB) at 0x10000000
[    3.360449] Console: switching to colour frame buffer device 80x30
[    3.417527] Serial: 8250/16550 driver, 4 ports, IRQ sharing enabled
[    3.429288] console [ttyS0] disabled
[    3.454785] serial8250.0: ttyS0 at I/O 0x3f8 (irq = 4, base_baud = 115200) is a 16550A
[    3.455894] console [ttyS0] enabled
[    3.455894] console [ttyS0] enabled
[    3.456407] bootconsole [uart0] disabled
[    3.456407] bootconsole [uart0] disabled
[    3.484538] serial8250.0: ttyS1 at I/O 0x2f8 (irq = 3, base_baud = 115200) is a 16550A
[    3.589321] brd: module loaded
[    3.643110] loop: module loaded
[    3.648613] ata_piix 0000:00:0a.1: version 2.13
[    3.649097] PCI: Enabling device 0000:00:0a.1 (0000 -> 0001)
[    3.671019] scsi host0: ata_piix
[    3.675797] scsi host1: ata_piix
[    3.679192] ata1: PATA max UDMA/33 cmd 0x1f0 ctl 0x3f6 bmdma 0x1460 irq 14
[    3.679647] ata2: PATA max UDMA/33 cmd 0x170 ctl 0x376 bmdma 0x1468 irq 15
[    3.685417] [nandsim] warning: read_byte: unexpected data output cycle, state is STATE_READY return 0x0
[    3.685940] [nandsim] warning: read_byte: unexpected data output cycle, state is STATE_READY return 0x0
[    3.686586] [nandsim] warning: read_byte: unexpected data output cycle, state is STATE_READY return 0x0
[    3.687083] [nandsim] warning: read_byte: unexpected data output cycle, state is STATE_READY return 0x0
[    3.687587] [nandsim] warning: read_byte: unexpected data output cycle, state is STATE_READY return 0x0
[    3.688086] [nandsim] warning: read_byte: unexpected data output cycle, state is STATE_READY return 0x0
[    3.688740] nand: device found, Manufacturer ID: 0x98, Chip ID: 0x39
[    3.689127] nand: Toshiba NAND 128MiB 1,8V 8-bit
[    3.689472] nand: 128 MiB, SLC, erase size: 16 KiB, page size: 512, OOB size: 16
[    3.691036] flash size: 128 MiB
[    3.691259] page size: 512 bytes
[    3.691477] OOB area size: 16 bytes
[    3.691711] sector size: 16 KiB
[    3.691928] pages number: 262144
[    3.692144] pages per sector: 32
[    3.692355] bus width: 8
[    3.692545] bits in sector size: 14
[    3.692769] bits in page size: 9
[    3.692995] bits in OOB size: 4
[    3.693214] flash size with OOB: 135168 KiB
[    3.693465] page address bytes: 4
[    3.693684] sector address bytes: 3
[    3.693913] options: 0x42
[    3.765215] Scanning device for bad blocks
[    4.768483] cfg80211: Calling CRDA to update world regulatory domain
[    4.772968] ata2.01: NODEV after polling detection
[    4.773615] ata1.01: NODEV after polling detection
[    4.775264] ata2.00: ATAPI: QEMU DVD-ROM, 2.5+, max UDMA/100
[    4.777021] ata1.00: ATA-7: QEMU HARDDISK, 2.5+, max UDMA/100
[    4.777420] ata1.00: 2097152 sectors, multi 16: LBA48 
[    4.780422] ata2.00: configured for UDMA/33
[    4.784730] ata1.00: configured for UDMA/33
[    4.792665] scsi 0:0:0:0: Direct-Access     ATA      QEMU HARDDISK    2.5+ PQ: 0 ANSI: 5
[    4.806365] sd 0:0:0:0: [sda] 2097152 512-byte logical blocks: (1.07 GB/1.00 GiB)
[    4.807707] scsi 1:0:0:0: CD-ROM            QEMU     QEMU DVD-ROM     2.5+ PQ: 0 ANSI: 5
[    4.818668] sd 0:0:0:0: [sda] Write Protect is off
[    4.819117] sd 0:0:0:0: [sda] Mode Sense: 00 3a 00 00
[    4.820392] sd 0:0:0:0: [sda] Write cache: enabled, read cache: enabled, doesn't support DPO or FUA
[    4.830628]  sda: sda1
[    4.837255] Creating 11 MTD partitions on "NAND 128MiB 1,8V 8-bit":
[    4.837837] 0x000000000000-0x000000100000 : "NAND simulator partition 0"
[    4.847613] 0x000000100000-0x000000200000 : "NAND simulator partition 1"
[    4.856867] 0x000000200000-0x000000300000 : "NAND simulator partition 2"
[    4.866338] 0x000000300000-0x000000400000 : "NAND simulator partition 3"
[    4.875764] 0x000000400000-0x000000500000 : "NAND simulator partition 4"
[    4.885268] 0x000000500000-0x000000600000 : "NAND simulator partition 5"
[    4.895027] 0x000000600000-0x000000700000 : "NAND simulator partition 6"
[    4.904822] 0x000000700000-0x000000800000 : "NAND simulator partition 7"
[    4.914552] 0x000000800000-0x000000900000 : "NAND simulator partition 8"
[    4.923481] 0x000000900000-0x000000a00000 : "NAND simulator partition 9"
[    4.932661] 0x000000a00000-0x000008000000 : "NAND simulator partition 10"
[    4.972218] tun: Universal TUN/TAP device driver, 1.6
[    4.972559] tun: (C) 1999-2004 Max Krasnyansky <maxk@qualcomm.com>
[    4.975818] pcnet32: pcnet32.c:v1.35 21.Apr.2008 tsbogend@alpha.franken.de
[    4.977006] e1000: Intel(R) PRO/1000 Network Driver - version 7.3.21-k8-NAPI
[    4.977412] e1000: Copyright (c) 1999-2006 Intel Corporation.
[    4.978426] PCI: Enabling device 0000:00:13.0 (0000 -> 0003)
[    4.984903] sd 0:0:0:0: [sda] Attached SCSI disk
[    5.260471] e1000 0000:00:13.0 eth0: (PCI:33MHz:32-bit) 52:54:00:12:34:56
[    5.261060] e1000 0000:00:13.0 eth0: Intel(R) PRO/1000 Network Connection
[    5.261639] PCI: Enabling device 0000:00:14.0 (0000 -> 0003)
[    5.552151] e1000 0000:00:14.0 eth1: (PCI:33MHz:32-bit) 52:54:00:12:34:57
[    5.552626] e1000 0000:00:14.0 eth1: Intel(R) PRO/1000 Network Connection
[    5.553220] PCI: Enabling device 0000:00:15.0 (0000 -> 0003)
[    5.850301] e1000 0000:00:15.0 eth2: (PCI:33MHz:32-bit) 52:54:00:12:34:58
[    5.850777] e1000 0000:00:15.0 eth2: Intel(R) PRO/1000 Network Connection
[    5.851349] PCI: Enabling device 0000:00:16.0 (0000 -> 0003)
[    6.134842] e1000 0000:00:16.0 eth3: (PCI:33MHz:32-bit) 52:54:00:12:34:59
[    6.135309] e1000 0000:00:16.0 eth3: Intel(R) PRO/1000 Network Connection
[    6.136449] e1000e: Intel(R) PRO/1000 Network Driver - 2.3.2-k
[    6.136762] e1000e: Copyright(c) 1999 - 2014 Intel Corporation.
[    6.140607] PPP generic driver version 2.4.2
[    6.142628] PPP Deflate Compression module registered
[    6.143206] PPP MPPE Compression module registered
[    6.143558] NET: Registered protocol family 24
[    6.144176] ehci_hcd: USB 2.0 'Enhanced' Host Controller (EHCI) Driver
[    6.144609] ehci-pci: EHCI PCI platform driver
[    6.145598] ohci_hcd: USB 1.1 'Open' Host Controller (OHCI) Driver
[    6.146031] ohci-pci: OHCI PCI platform driver
[    6.147140] uhci_hcd: USB Universal Host Controller Interface driver
[    6.148612] uhci_hcd 0000:00:0a.2: UHCI Host Controller
[    6.149306] uhci_hcd 0000:00:0a.2: new USB bus registered, assigned bus number 1
[    6.150394] uhci_hcd 0000:00:0a.2: irq 11, io base 0x00001440
[    6.161209] hub 1-0:1.0: USB hub found
[    6.161908] hub 1-0:1.0: 2 ports detected
[    6.170598] usbcore: registered new interface driver usb-storage
[    6.174510] mousedev: PS/2 mouse device common for all mice
[    6.180367] rtc_cmos rtc_cmos: rtc core: registered rtc_cmos as rtc0
[    6.181067] rtc_cmos rtc_cmos: alarms up to one day, 242 bytes nvram
[    6.182502] i2c /dev entries driver
[    6.183630] piix4_smbus 0000:00:0a.3: SMBus Host Controller at 0x1100, revision 0
[    6.187902] sdhci: Secure Digital Host Controller Interface driver
[    6.188256] sdhci: Copyright(c) Pierre Ossman
[    6.190500] hidraw: raw HID events driver (C) Jiri Kosina
[    6.207613] usbcore: registered new interface driver usbhid
[    6.207973] usbhid: USB HID core driver
[    6.209001] Netfilter messages via NETLINK v0.30.
[    6.210433] nf_conntrack version 0.5.0 (3923 buckets, 15692 max)
[    6.213458] ctnetlink v0.93: registering with nfnetlink.
[    6.218735] ipip: IPv4 over IPv4 tunneling driver
[    6.230376] ip_tables: (C) 2000-2006 Netfilter Core Team
[    6.233028] arp_tables: (C) 2002 David S. Miller
[    6.234856] Initializing XFRM netlink socket
[    6.235915] NET: Registered protocol family 10
[    6.254268] ip6_tables: (C) 2000-2006 Netfilter Core Team
[    6.257655] sit: IPv6 over IPv4 tunneling driver
[    6.273926] NET: Registered protocol family 17
[    6.274941] bridge: automatic filtering via arp/ip/ip6tables has been deprecated. Update your scripts to load br_netfilter if you need this.
[    6.275988] Bridge firewalling registered
[    6.276382] Ebtables v2.0 registered
[    6.280551] 8021q: 802.1Q VLAN Support v1.8
[    6.300900] rtc_cmos rtc_cmos: setting system clock to 2025-07-23 22:10:05 UTC (1753308605)
[    6.321388] EXT2-fs (sda1): warning: mounting unchecked fs, running e2fsck is recommended
[    6.323910] VFS: Mounted root (ext2 filesystem) on device 8:1.
[    6.332040] Freeing YAMON memory: 956k freed
[    6.341372] Freeing unused kernel memory: 260K (8081f000 - 80860000)
[    6.368760] firmadyne: sys_reboot[PID: 1 (init)]: magic1:fee1dead, magic2:28121969, cmd:0
init started: BusyBox v1.14.1 (2024-07-07 02:43:58 CEST)
starting pid 48, tty '': '/etc/init.d/rcS'
[    6.443432] firmadyne: do_execve: /firmadyne/console
[    6.443962] OFFSETS: offset of pid: 0x198 offset of comm: 0x278
[    6.446626] spurious 8259A interrupt: IRQ7.
[/etc/init.d/S03config.sh]
Mounting proc and var ...
[    7.910487] cfg80211: Calling CRDA to update world regulatory domain
SymbLink /dev/mtdblock/0
SymbLink /dev/mtdblock/1
SymbLink /dev/mtdblock/10
SymbLink /dev/mtdblock/2
SymbLink /dev/mtdblock/3
SymbLink /dev/mtdblock/4
SymbLink /dev/mtdblock/5
SymbLink /dev/mtdblock/6
SymbLink /dev/mtdblock/7
SymbLink /dev/mtdblock/8
SymbLink /dev/mtdblock/9
Inserting kernel modules ...
Inserting Rebootm ...
Inserting atheros ethernet ...
[   11.054528] cfg80211: Calling CRDA to update world regulatory domain
Inserting gpio ...
done.
Start xmldb ...
[   11.535620] firmadyne: sys_socket[PID: 147 (xmldb)]: family:1, type:2, protocol:0
[/etc/scripts/misc/profile.sh] get ...
DEVCONF: unable to read config data (ret=-3) !
CAN NOT get devive config, generate default!
[/etc/scripts/misc/profile.sh] reset ...
[   12.910439] firmadyne: sys_socket[PID: 159 (rgdb)]: family:1, type:2, protocol:0
[   12.998483] random: nonblocking pool is initialized
[/etc/scripts/misc/defnodes.sh] ...
[/etc/defnodes/S10setext.sh] ...
[   13.234329] firmadyne: sys_socket[PID: 165 (xmldbc)]: family:1, type:2, protocol:0
[   13.281632] firmadyne: sys_socket[PID: 166 (xmldbc)]: family:1, type:2, protocol:0
[   13.328742] firmadyne: sys_socket[PID: 167 (xmldbc)]: family:1, type:2, protocol:0
[   13.376267] firmadyne: sys_socket[PID: 168 (xmldbc)]: family:1, type:2, protocol:0
[   13.423095] firmadyne: sys_socket[PID: 169 (xmldbc)]: family:1, type:2, protocol:0
[   13.469867] firmadyne: sys_socket[PID: 170 (xmldbc)]: family:1, type:2, protocol:0
[   13.516932] firmadyne: sys_socket[PID: 171 (xmldbc)]: family:1, type:2, protocol:0
[   13.563827] firmadyne: sys_socket[PID: 172 (xmldbc)]: family:1, type:2, protocol:0
[   13.604321] firmadyne: sys_socket[PID: 173 (xmldbc)]: family:1, type:2, protocol:0
[   13.645845] firmadyne: sys_socket[PID: 174 (xmldbc)]: family:1, type:2, protocol:0
[   13.690646] firmadyne: sys_socket[PID: 175 (xmldbc)]: family:1, type:2, protocol:0
[   13.736844] firmadyne: sys_socket[PID: 176 (xmldbc)]: family:1, type:2, protocol:0
[   13.784664] firmadyne: sys_socket[PID: 177 (xmldbc)]: family:1, type:2, protocol:0
[   13.829138] firmadyne: sys_socket[PID: 178 (xmldbc)]: family:1, type:2, protocol:0
[   13.872019] firmadyne: sys_socket[PID: 179 (xmldbc)]: family:1, type:2, protocol:0
[   13.916312] firmadyne: sys_socket[PID: 180 (xmldbc)]: family:1, type:2, protocol:0
[   13.962032] firmadyne: sys_socket[PID: 181 (xmldbc)]: family:1, type:2, protocol:0
[   14.007068] firmadyne: sys_socket[PID: 182 (xmldbc)]: family:1, type:2, protocol:0
[   14.052953] firmadyne: sys_socket[PID: 183 (xmldbc)]: family:1, type:2, protocol:0
[   14.097727] firmadyne: sys_socket[PID: 184 (xmldbc)]: family:1, type:2, protocol:0
[   14.144518] firmadyne: sys_socket[PID: 185 (xmldbc)]: family:1, type:2, protocol:0
[   14.190666] firmadyne: sys_socket[PID: 186 (rgdb)]: family:1, type:2, protocol:0
[   14.198573] cfg80211: Calling CRDA to update world regulatory domain
[   14.246790] firmadyne: sys_socket[PID: 188 (rgdb)]: family:1, type:2, protocol:0
[   14.292210] firmadyne: sys_socket[PID: 189 (rgdb)]: family:1, type:2, protocol:0
[   14.337529] firmadyne: sys_socket[PID: 190 (rgdb)]: family:1, type:2, protocol:0
[   14.384522] firmadyne: sys_socket[PID: 191 (rgdb)]: family:1, type:2, protocol:0
[   14.429461] firmadyne: sys_socket[PID: 192 (rgdb)]: family:1, type:2, protocol:0
[   14.474162] firmadyne: sys_socket[PID: 193 (rgdb)]: family:1, type:2, protocol:0
[   14.519324] firmadyne: sys_socket[PID: 194 (rgdb)]: family:1, type:2, protocol:0
[   14.565244] firmadyne: sys_socket[PID: 195 (rgdb)]: family:1, type:2, protocol:0
[   14.612790] firmadyne: sys_socket[PID: 196 (rgdb)]: family:1, type:2, protocol:0
[   14.656321] firmadyne: sys_socket[PID: 197 (rgdb)]: family:1, type:2, protocol:0
[   14.703266] firmadyne: sys_socket[PID: 198 (rgdb)]: family:1, type:2, protocol:0
[   14.750566] firmadyne: sys_socket[PID: 199 (rgdb)]: family:1, type:2, protocol:0
[   14.796286] firmadyne: sys_socket[PID: 200 (rgdb)]: family:1, type:2, protocol:0
[   14.898974] firmadyne: sys_socket[PID: 202 (xmldbc)]: family:1, type:2, protocol:0
[   14.947406] firmadyne: sys_socket[PID: 203 (xmldbc)]: family:1, type:2, protocol:0
[   15.021557] firmadyne: sys_socket[PID: 204 (xmldbc)]: family:1, type:2, protocol:0
[   15.071650] firmadyne: sys_socket[PID: 205 (xmldbc)]: family:1, type:2, protocol:0
[   15.120681] firmadyne: sys_socket[PID: 206 (xmldbc)]: family:1, type:2, protocol:0
[   15.170948] firmadyne: sys_socket[PID: 207 (xmldbc)]: family:1, type:2, protocol:0
[   15.219145] firmadyne: sys_socket[PID: 208 (xmldbc)]: family:1, type:2, protocol:0
[   15.265854] firmadyne: sys_socket[PID: 209 (xmldbc)]: family:1, type:2, protocol:0
[   15.313287] firmadyne: sys_socket[PID: 210 (xmldbc)]: family:1, type:2, protocol:0
[   15.361724] firmadyne: sys_socket[PID: 211 (xmldbc)]: family:1, type:2, protocol:0
[   15.408954] firmadyne: sys_socket[PID: 212 (xmldbc)]: family:1, type:2, protocol:0
[   15.455217] firmadyne: sys_socket[PID: 213 (xmldbc)]: family:1, type:2, protocol:0
[   15.501729] firmadyne: sys_socket[PID: 214 (xmldbc)]: family:1, type:2, protocol:0
[   15.551211] firmadyne: sys_socket[PID: 215 (xmldbc)]: family:1, type:2, protocol:0
[   15.597837] firmadyne: sys_socket[PID: 216 (xmldbc)]: family:1, type:2, protocol:0
[   15.644425] firmadyne: sys_socket[PID: 217 (xmldbc)]: family:1, type:2, protocol:0
[   15.691131] firmadyne: sys_socket[PID: 218 (xmldbc)]: family:1, type:2, protocol:0
[   15.737618] firmadyne: sys_socket[PID: 219 (xmldbc)]: family:1, type:2, protocol:0
[   15.903929] firmadyne: sys_socket[PID: 224 (xmldbc)]: family:1, type:2, protocol:0
[   15.952800] firmadyne: sys_socket[PID: 225 (xmldbc)]: family:1, type:2, protocol:0
[   15.999220] firmadyne: sys_socket[PID: 226 (xmldbc)]: family:1, type:2, protocol:0
[   16.045449] firmadyne: sys_socket[PID: 227 (xmldbc)]: family:1, type:2, protocol:0
[   16.090791] firmadyne: sys_socket[PID: 228 (xmldbc)]: family:1, type:2, protocol:0
[   16.136480] firmadyne: sys_socket[PID: 229 (xmldbc)]: family:1, type:2, protocol:0
[   16.182970] firmadyne: sys_socket[PID: 230 (xmldbc)]: family:1, type:2, protocol:0
[   16.229309] firmadyne: sys_socket[PID: 231 (xmldbc)]: family:1, type:2, protocol:0
[   16.275399] firmadyne: sys_socket[PID: 232 (xmldbc)]: family:1, type:2, protocol:0
[   16.321330] firmadyne: sys_socket[PID: 233 (xmldbc)]: family:1, type:2, protocol:0
[   16.367860] firmadyne: sys_socket[PID: 234 (xmldbc)]: family:1, type:2, protocol:0
[   16.413559] firmadyne: sys_socket[PID: 235 (xmldbc)]: family:1, type:2, protocol:0
[   16.459200] firmadyne: sys_socket[PID: 236 (xmldbc)]: family:1, type:2, protocol:0
[   16.504952] firmadyne: sys_socket[PID: 237 (xmldbc)]: family:1, type:2, protocol:0
[   16.551533] firmadyne: sys_socket[PID: 238 (xmldbc)]: family:1, type:2, protocol:0
[   16.597333] firmadyne: sys_socket[PID: 239 (xmldbc)]: family:1, type:2, protocol:0
[   16.643352] firmadyne: sys_socket[PID: 240 (xmldbc)]: family:1, type:2, protocol:0
[   16.689098] firmadyne: sys_socket[PID: 241 (xmldbc)]: family:1, type:2, protocol:0
[   16.735094] firmadyne: sys_socket[PID: 242 (xmldbc)]: family:1, type:2, protocol:0
[   16.843337] firmadyne: sys_socket[PID: 246 (xmldbc)]: family:1, type:2, protocol:0
[   16.888690] firmadyne: sys_socket[PID: 247 (xmldbc)]: family:1, type:2, protocol:0
[   16.933707] firmadyne: sys_socket[PID: 248 (xmldbc)]: family:1, type:2, protocol:0
[   16.980271] firmadyne: sys_socket[PID: 249 (xmldbc)]: family:1, type:2, protocol:0
[   17.025819] firmadyne: sys_socket[PID: 250 (xmldbc)]: family:1, type:2, protocol:0
[   17.071609] firmadyne: sys_socket[PID: 251 (xmldbc)]: family:1, type:2, protocol:0
[   17.117184] firmadyne: sys_socket[PID: 252 (xmldbc)]: family:1, type:2, protocol:0
[   17.164133] firmadyne: sys_socket[PID: 253 (xmldbc)]: family:1, type:2, protocol:0
[   17.210044] firmadyne: sys_socket[PID: 254 (xmldbc)]: family:1, type:2, protocol:0
[   17.257793] firmadyne: sys_socket[PID: 255 (xmldbc)]: family:1, type:2, protocol:0
[   17.308662] firmadyne: sys_socket[PID: 256 (xmldbc)]: family:1, type:2, protocol:0
[   17.343447] cfg80211: Calling CRDA to update world regulatory domain
[   17.368188] firmadyne: sys_socket[PID: 257 (xmldbc)]: family:1, type:2, protocol:0
[   17.414204] firmadyne: sys_socket[PID: 259 (xmldbc)]: family:1, type:2, protocol:0
[   17.460726] firmadyne: sys_socket[PID: 260 (xmldbc)]: family:1, type:2, protocol:0
[   17.501765] firmadyne: sys_socket[PID: 261 (xmldbc)]: family:1, type:2, protocol:0
[   17.548637] firmadyne: sys_socket[PID: 262 (xmldbc)]: family:1, type:2, protocol:0
[   17.594603] firmadyne: sys_socket[PID: 263 (xmldbc)]: family:1, type:2, protocol:0
[   17.640675] firmadyne: sys_socket[PID: 264 (xmldbc)]: family:1, type:2, protocol:0
[   17.685399] firmadyne: sys_socket[PID: 265 (xmldbc)]: family:1, type:2, protocol:0
[   17.793641] firmadyne: sys_socket[PID: 269 (xmldbc)]: family:1, type:2, protocol:0
[   17.840370] firmadyne: sys_socket[PID: 270 (xmldbc)]: family:1, type:2, protocol:0
[   17.885700] firmadyne: sys_socket[PID: 271 (xmldbc)]: family:1, type:2, protocol:0
[   17.931765] firmadyne: sys_socket[PID: 272 (xmldbc)]: family:1, type:2, protocol:0
[   17.979419] firmadyne: sys_socket[PID: 273 (xmldbc)]: family:1, type:2, protocol:0
[   18.026293] firmadyne: sys_socket[PID: 274 (xmldbc)]: family:1, type:2, protocol:0
[   18.072856] firmadyne: sys_socket[PID: 275 (xmldbc)]: family:1, type:2, protocol:0
[   18.119496] firmadyne: sys_socket[PID: 276 (xmldbc)]: family:1, type:2, protocol:0
[   18.167252] firmadyne: sys_socket[PID: 277 (xmldbc)]: family:1, type:2, protocol:0
[   18.213121] firmadyne: sys_socket[PID: 278 (xmldbc)]: family:1, type:2, protocol:0
[   18.259812] firmadyne: sys_socket[PID: 279 (xmldbc)]: family:1, type:2, protocol:0
[   18.306527] firmadyne: sys_socket[PID: 280 (xmldbc)]: family:1, type:2, protocol:0
[   18.353636] firmadyne: sys_socket[PID: 281 (xmldbc)]: family:1, type:2, protocol:0
[   18.399546] firmadyne: sys_socket[PID: 282 (xmldbc)]: family:1, type:2, protocol:0
[   18.445645] firmadyne: sys_socket[PID: 283 (xmldbc)]: family:1, type:2, protocol:0
[   18.491400] firmadyne: sys_socket[PID: 284 (xmldbc)]: family:1, type:2, protocol:0
[   18.537833] firmadyne: sys_socket[PID: 285 (xmldbc)]: family:1, type:2, protocol:0
[   18.585211] firmadyne: sys_socket[PID: 286 (xmldbc)]: family:1, type:2, protocol:0
[   18.631277] firmadyne: sys_socket[PID: 287 (xmldbc)]: family:1, type:2, protocol:0
[   18.740157] firmadyne: sys_socket[PID: 291 (xmldbc)]: family:1, type:2, protocol:0
[   18.786700] firmadyne: sys_socket[PID: 292 (xmldbc)]: family:1, type:2, protocol:0
[   18.832254] firmadyne: sys_socket[PID: 293 (xmldbc)]: family:1, type:2, protocol:0
[   18.877793] firmadyne: sys_socket[PID: 294 (xmldbc)]: family:1, type:2, protocol:0
[   18.923629] firmadyne: sys_socket[PID: 295 (xmldbc)]: family:1, type:2, protocol:0
[   18.975447] firmadyne: sys_socket[PID: 296 (xmldbc)]: family:1, type:2, protocol:0
[   19.021323] firmadyne: sys_socket[PID: 297 (xmldbc)]: family:1, type:2, protocol:0
[   19.066697] firmadyne: sys_socket[PID: 298 (xmldbc)]: family:1, type:2, protocol:0
[   19.111521] firmadyne: sys_socket[PID: 299 (xmldbc)]: family:1, type:2, protocol:0
[   19.165243] firmadyne: sys_socket[PID: 300 (xmldbc)]: family:1, type:2, protocol:0
[   19.212363] firmadyne: sys_socket[PID: 301 (xmldbc)]: family:1, type:2, protocol:0
[   19.259810] firmadyne: sys_socket[PID: 302 (xmldbc)]: family:1, type:2, protocol:0
[   19.305550] firmadyne: sys_socket[PID: 303 (xmldbc)]: family:1, type:2, protocol:0
[   19.351753] firmadyne: sys_socket[PID: 304 (xmldbc)]: family:1, type:2, protocol:0
[   19.397335] firmadyne: sys_socket[PID: 305 (xmldbc)]: family:1, type:2, protocol:0
[   19.443623] firmadyne: sys_socket[PID: 306 (xmldbc)]: family:1, type:2, protocol:0
[   19.489301] firmadyne: sys_socket[PID: 307 (xmldbc)]: family:1, type:2, protocol:0
[   19.534980] firmadyne: sys_socket[PID: 308 (xmldbc)]: family:1, type:2, protocol:0
[   19.581931] firmadyne: sys_socket[PID: 309 (xmldbc)]: family:1, type:2, protocol:0
[   19.690709] firmadyne: sys_socket[PID: 313 (xmldbc)]: family:1, type:2, protocol:0
[   19.736241] firmadyne: sys_socket[PID: 314 (xmldbc)]: family:1, type:2, protocol:0
[   19.783151] firmadyne: sys_socket[PID: 315 (xmldbc)]: family:1, type:2, protocol:0
[   19.828950] firmadyne: sys_socket[PID: 316 (xmldbc)]: family:1, type:2, protocol:0
[   19.875394] firmadyne: sys_socket[PID: 317 (xmldbc)]: family:1, type:2, protocol:0
[   19.921835] firmadyne: sys_socket[PID: 318 (xmldbc)]: family:1, type:2, protocol:0
[   19.969609] firmadyne: sys_socket[PID: 319 (xmldbc)]: family:1, type:2, protocol:0
[   20.015477] firmadyne: sys_socket[PID: 320 (xmldbc)]: family:1, type:2, protocol:0
[   20.062781] firmadyne: sys_socket[PID: 321 (xmldbc)]: family:1, type:2, protocol:0
[   20.108206] firmadyne: sys_socket[PID: 322 (xmldbc)]: family:1, type:2, protocol:0
[   20.159510] firmadyne: sys_socket[PID: 323 (xmldbc)]: family:1, type:2, protocol:0
[   20.205682] firmadyne: sys_socket[PID: 324 (xmldbc)]: family:1, type:2, protocol:0
[   20.251489] firmadyne: sys_socket[PID: 325 (xmldbc)]: family:1, type:2, protocol:0
[   20.297144] firmadyne: sys_socket[PID: 326 (xmldbc)]: family:1, type:2, protocol:0
[   20.344165] firmadyne: sys_socket[PID: 327 (xmldbc)]: family:1, type:2, protocol:0
[   20.390383] firmadyne: sys_socket[PID: 328 (xmldbc)]: family:1, type:2, protocol:0
[   20.436737] firmadyne: sys_socket[PID: 329 (xmldbc)]: family:1, type:2, protocol:0
[   20.482515] firmadyne: sys_socket[PID: 330 (xmldbc)]: family:1, type:2, protocol:0
[   20.486477] cfg80211: Calling CRDA to update world regulatory domain
[   20.539291] firmadyne: sys_socket[PID: 332 (xmldbc)]: family:1, type:2, protocol:0
[   20.647411] firmadyne: sys_socket[PID: 336 (xmldbc)]: family:1, type:2, protocol:0
[   20.693622] firmadyne: sys_socket[PID: 337 (xmldbc)]: family:1, type:2, protocol:0
[   20.739248] firmadyne: sys_socket[PID: 338 (xmldbc)]: family:1, type:2, protocol:0
[   20.785605] firmadyne: sys_socket[PID: 339 (xmldbc)]: family:1, type:2, protocol:0
[   20.831145] firmadyne: sys_socket[PID: 340 (xmldbc)]: family:1, type:2, protocol:0
[   20.877072] firmadyne: sys_socket[PID: 341 (xmldbc)]: family:1, type:2, protocol:0
[   20.923148] firmadyne: sys_socket[PID: 342 (xmldbc)]: family:1, type:2, protocol:0
[   20.970870] firmadyne: sys_socket[PID: 343 (xmldbc)]: family:1, type:2, protocol:0
[   21.016782] firmadyne: sys_socket[PID: 344 (xmldbc)]: family:1, type:2, protocol:0
[   21.062994] firmadyne: sys_socket[PID: 345 (xmldbc)]: family:1, type:2, protocol:0
[   21.108648] firmadyne: sys_socket[PID: 346 (xmldbc)]: family:1, type:2, protocol:0
[   21.155802] firmadyne: sys_socket[PID: 347 (xmldbc)]: family:1, type:2, protocol:0
[   21.201443] firmadyne: sys_socket[PID: 348 (xmldbc)]: family:1, type:2, protocol:0
[   21.247847] firmadyne: sys_socket[PID: 349 (xmldbc)]: family:1, type:2, protocol:0
[   21.293364] firmadyne: sys_socket[PID: 350 (xmldbc)]: family:1, type:2, protocol:0
[   21.338916] firmadyne: sys_socket[PID: 351 (xmldbc)]: family:1, type:2, protocol:0
[   21.385513] firmadyne: sys_socket[PID: 352 (xmldbc)]: family:1, type:2, protocol:0
[   21.431818] firmadyne: sys_socket[PID: 353 (xmldbc)]: family:1, type:2, protocol:0
[   21.477811] firmadyne: sys_socket[PID: 354 (xmldbc)]: family:1, type:2, protocol:0
[   21.586800] firmadyne: sys_socket[PID: 358 (xmldbc)]: family:1, type:2, protocol:0
[   21.632170] firmadyne: sys_socket[PID: 359 (xmldbc)]: family:1, type:2, protocol:0
[   21.677479] firmadyne: sys_socket[PID: 360 (xmldbc)]: family:1, type:2, protocol:0
[   21.723035] firmadyne: sys_socket[PID: 361 (xmldbc)]: family:1, type:2, protocol:0
[   21.769584] firmadyne: sys_socket[PID: 362 (xmldbc)]: family:1, type:2, protocol:0
[   21.815220] firmadyne: sys_socket[PID: 363 (xmldbc)]: family:1, type:2, protocol:0
[   21.861182] firmadyne: sys_socket[PID: 364 (xmldbc)]: family:1, type:2, protocol:0
[   21.906979] firmadyne: sys_socket[PID: 365 (xmldbc)]: family:1, type:2, protocol:0
[   21.956062] firmadyne: sys_socket[PID: 366 (xmldbc)]: family:1, type:2, protocol:0
[   22.002220] firmadyne: sys_socket[PID: 367 (xmldbc)]: family:1, type:2, protocol:0
[   22.048730] firmadyne: sys_socket[PID: 368 (xmldbc)]: family:1, type:2, protocol:0
[   22.094176] firmadyne: sys_socket[PID: 369 (xmldbc)]: family:1, type:2, protocol:0
[   22.140503] firmadyne: sys_socket[PID: 370 (xmldbc)]: family:1, type:2, protocol:0
[   22.187382] firmadyne: sys_socket[PID: 371 (xmldbc)]: family:1, type:2, protocol:0
[   22.229130] firmadyne: sys_socket[PID: 372 (xmldbc)]: family:1, type:2, protocol:0
[   22.274778] firmadyne: sys_socket[PID: 373 (xmldbc)]: family:1, type:2, protocol:0
[   22.321106] firmadyne: sys_socket[PID: 374 (xmldbc)]: family:1, type:2, protocol:0
[   22.368330] firmadyne: sys_socket[PID: 375 (xmldbc)]: family:1, type:2, protocol:0
[   22.414765] firmadyne: sys_socket[PID: 376 (xmldbc)]: family:1, type:2, protocol:0
[   22.522711] firmadyne: sys_socket[PID: 380 (xmldbc)]: family:1, type:2, protocol:0
[   22.569041] firmadyne: sys_socket[PID: 381 (xmldbc)]: family:1, type:2, protocol:0
[   22.614148] firmadyne: sys_socket[PID: 382 (xmldbc)]: family:1, type:2, protocol:0
[   22.660067] firmadyne: sys_socket[PID: 383 (xmldbc)]: family:1, type:2, protocol:0
[   22.706705] firmadyne: sys_socket[PID: 384 (xmldbc)]: family:1, type:2, protocol:0
[   22.753570] firmadyne: sys_socket[PID: 385 (xmldbc)]: family:1, type:2, protocol:0
[   22.799216] firmadyne: sys_socket[PID: 386 (xmldbc)]: family:1, type:2, protocol:0
[   22.846495] firmadyne: sys_socket[PID: 387 (xmldbc)]: family:1, type:2, protocol:0
[   22.892279] firmadyne: sys_socket[PID: 388 (xmldbc)]: family:1, type:2, protocol:0
[   22.937869] firmadyne: sys_socket[PID: 389 (xmldbc)]: family:1, type:2, protocol:0
[   22.984750] firmadyne: sys_socket[PID: 390 (xmldbc)]: family:1, type:2, protocol:0
[   23.030964] firmadyne: sys_socket[PID: 391 (xmldbc)]: family:1, type:2, protocol:0
[   23.076420] firmadyne: sys_socket[PID: 392 (xmldbc)]: family:1, type:2, protocol:0
[   23.122103] firmadyne: sys_socket[PID: 393 (xmldbc)]: family:1, type:2, protocol:0
[   23.168788] firmadyne: sys_socket[PID: 394 (xmldbc)]: family:1, type:2, protocol:0
[   23.214485] firmadyne: sys_socket[PID: 395 (xmldbc)]: family:1, type:2, protocol:0
[   23.260770] firmadyne: sys_socket[PID: 396 (xmldbc)]: family:1, type:2, protocol:0
[   23.306857] firmadyne: sys_socket[PID: 397 (xmldbc)]: family:1, type:2, protocol:0
[   23.352867] firmadyne: sys_socket[PID: 398 (xmldbc)]: family:1, type:2, protocol:0
[   23.459914] firmadyne: sys_socket[PID: 402 (xmldbc)]: family:1, type:2, protocol:0
[   23.505839] firmadyne: sys_socket[PID: 403 (xmldbc)]: family:1, type:2, protocol:0
[   23.552744] firmadyne: sys_socket[PID: 404 (xmldbc)]: family:1, type:2, protocol:0
[   23.598137] firmadyne: sys_socket[PID: 405 (xmldbc)]: family:1, type:2, protocol:0
[   23.630517] cfg80211: Calling CRDA to update world regulatory domain
[   23.654871] firmadyne: sys_socket[PID: 406 (xmldbc)]: family:1, type:2, protocol:0
[   23.696791] firmadyne: sys_socket[PID: 408 (xmldbc)]: family:1, type:2, protocol:0
[   23.744186] firmadyne: sys_socket[PID: 409 (xmldbc)]: family:1, type:2, protocol:0
[   23.789496] firmadyne: sys_socket[PID: 410 (xmldbc)]: family:1, type:2, protocol:0
[   23.837060] firmadyne: sys_socket[PID: 411 (xmldbc)]: family:1, type:2, protocol:0
[   23.883470] firmadyne: sys_socket[PID: 412 (xmldbc)]: family:1, type:2, protocol:0
[   23.930706] firmadyne: sys_socket[PID: 413 (xmldbc)]: family:1, type:2, protocol:0
[   23.978653] firmadyne: sys_socket[PID: 414 (xmldbc)]: family:1, type:2, protocol:0
[   24.024855] firmadyne: sys_socket[PID: 415 (xmldbc)]: family:1, type:2, protocol:0
[   24.070482] firmadyne: sys_socket[PID: 416 (xmldbc)]: family:1, type:2, protocol:0
[   24.116307] firmadyne: sys_socket[PID: 417 (xmldbc)]: family:1, type:2, protocol:0
[   24.163698] firmadyne: sys_socket[PID: 418 (xmldbc)]: family:1, type:2, protocol:0
[   24.210237] firmadyne: sys_socket[PID: 419 (xmldbc)]: family:1, type:2, protocol:0
[   24.256323] firmadyne: sys_socket[PID: 420 (xmldbc)]: family:1, type:2, protocol:0
[   24.301937] firmadyne: sys_socket[PID: 421 (xmldbc)]: family:1, type:2, protocol:0
[   24.410923] firmadyne: sys_socket[PID: 425 (xmldbc)]: family:1, type:2, protocol:0
[   24.456989] firmadyne: sys_socket[PID: 426 (xmldbc)]: family:1, type:2, protocol:0
[   24.498594] firmadyne: sys_socket[PID: 427 (xmldbc)]: family:1, type:2, protocol:0
[   24.545503] firmadyne: sys_socket[PID: 428 (xmldbc)]: family:1, type:2, protocol:0
[   24.591600] firmadyne: sys_socket[PID: 429 (xmldbc)]: family:1, type:2, protocol:0
[   24.637486] firmadyne: sys_socket[PID: 430 (xmldbc)]: family:1, type:2, protocol:0
[   24.683164] firmadyne: sys_socket[PID: 431 (xmldbc)]: family:1, type:2, protocol:0
[   24.729430] firmadyne: sys_socket[PID: 432 (xmldbc)]: family:1, type:2, protocol:0
[   24.776211] firmadyne: sys_socket[PID: 433 (xmldbc)]: family:1, type:2, protocol:0
[   24.817493] firmadyne: sys_socket[PID: 434 (xmldbc)]: family:1, type:2, protocol:0
[   24.858425] firmadyne: sys_socket[PID: 435 (xmldbc)]: family:1, type:2, protocol:0
[   24.899655] firmadyne: sys_socket[PID: 436 (xmldbc)]: family:1, type:2, protocol:0
[   24.945831] firmadyne: sys_socket[PID: 437 (xmldbc)]: family:1, type:2, protocol:0
[   24.991755] firmadyne: sys_socket[PID: 438 (xmldbc)]: family:1, type:2, protocol:0
[   25.038064] firmadyne: sys_socket[PID: 439 (xmldbc)]: family:1, type:2, protocol:0
[   25.085357] firmadyne: sys_socket[PID: 440 (xmldbc)]: family:1, type:2, protocol:0
[   25.131084] firmadyne: sys_socket[PID: 441 (xmldbc)]: family:1, type:2, protocol:0
[   25.177844] firmadyne: sys_socket[PID: 442 (xmldbc)]: family:1, type:2, protocol:0
[   25.219348] firmadyne: sys_socket[PID: 443 (xmldbc)]: family:1, type:2, protocol:0
[   25.326819] firmadyne: sys_socket[PID: 447 (xmldbc)]: family:1, type:2, protocol:0
[   25.373035] firmadyne: sys_socket[PID: 448 (xmldbc)]: family:1, type:2, protocol:0
[   25.418686] firmadyne: sys_socket[PID: 449 (xmldbc)]: family:1, type:2, protocol:0
[   25.464501] firmadyne: sys_socket[PID: 450 (xmldbc)]: family:1, type:2, protocol:0
[   25.509157] firmadyne: sys_socket[PID: 451 (xmldbc)]: family:1, type:2, protocol:0
[   25.555573] firmadyne: sys_socket[PID: 452 (xmldbc)]: family:1, type:2, protocol:0
[   25.601022] firmadyne: sys_socket[PID: 453 (xmldbc)]: family:1, type:2, protocol:0
[   25.647167] firmadyne: sys_socket[PID: 454 (xmldbc)]: family:1, type:2, protocol:0
[   25.692790] firmadyne: sys_socket[PID: 455 (xmldbc)]: family:1, type:2, protocol:0
[   25.738791] firmadyne: sys_socket[PID: 456 (xmldbc)]: family:1, type:2, protocol:0
[   25.785462] firmadyne: sys_socket[PID: 457 (xmldbc)]: family:1, type:2, protocol:0
[   25.831533] firmadyne: sys_socket[PID: 458 (xmldbc)]: family:1, type:2, protocol:0
[   25.877722] firmadyne: sys_socket[PID: 459 (xmldbc)]: family:1, type:2, protocol:0
[   25.923510] firmadyne: sys_socket[PID: 460 (xmldbc)]: family:1, type:2, protocol:0
[   25.970816] firmadyne: sys_socket[PID: 461 (xmldbc)]: family:1, type:2, protocol:0
[   26.016583] firmadyne: sys_socket[PID: 462 (xmldbc)]: family:1, type:2, protocol:0
[   26.062036] firmadyne: sys_socket[PID: 463 (xmldbc)]: family:1, type:2, protocol:0
[   26.108027] firmadyne: sys_socket[PID: 464 (xmldbc)]: family:1, type:2, protocol:0
[   26.154866] firmadyne: sys_socket[PID: 465 (xmldbc)]: family:1, type:2, protocol:0
[   26.261136] firmadyne: sys_socket[PID: 469 (xmldbc)]: family:1, type:2, protocol:0
[   26.306587] firmadyne: sys_socket[PID: 470 (xmldbc)]: family:1, type:2, protocol:0
[   26.353128] firmadyne: sys_socket[PID: 471 (xmldbc)]: family:1, type:2, protocol:0
[   26.398752] firmadyne: sys_socket[PID: 472 (xmldbc)]: family:1, type:2, protocol:0
[   26.444187] firmadyne: sys_socket[PID: 473 (xmldbc)]: family:1, type:2, protocol:0
[   26.490167] firmadyne: sys_socket[PID: 474 (xmldbc)]: family:1, type:2, protocol:0
[   26.535633] firmadyne: sys_socket[PID: 475 (xmldbc)]: family:1, type:2, protocol:0
[   26.581974] firmadyne: sys_socket[PID: 476 (xmldbc)]: family:1, type:2, protocol:0
[   26.628607] firmadyne: sys_socket[PID: 477 (xmldbc)]: family:1, type:2, protocol:0
[   26.673953] firmadyne: sys_socket[PID: 478 (xmldbc)]: family:1, type:2, protocol:0
[   26.720681] firmadyne: sys_socket[PID: 479 (xmldbc)]: family:1, type:2, protocol:0
[   26.769076] firmadyne: sys_socket[PID: 480 (xmldbc)]: family:1, type:2, protocol:0
[   26.774520] cfg80211: Calling CRDA to update world regulatory domain
[   26.826103] firmadyne: sys_socket[PID: 482 (xmldbc)]: family:1, type:2, protocol:0
[   26.873184] firmadyne: sys_socket[PID: 483 (xmldbc)]: family:1, type:2, protocol:0
[   26.919715] firmadyne: sys_socket[PID: 484 (xmldbc)]: family:1, type:2, protocol:0
[   26.966486] firmadyne: sys_socket[PID: 485 (xmldbc)]: family:1, type:2, protocol:0
[   27.013000] firmadyne: sys_socket[PID: 486 (xmldbc)]: family:1, type:2, protocol:0
[   27.059677] firmadyne: sys_socket[PID: 487 (xmldbc)]: family:1, type:2, protocol:0
[   27.105429] firmadyne: sys_socket[PID: 488 (xmldbc)]: family:1, type:2, protocol:0
[   27.213530] firmadyne: sys_socket[PID: 492 (xmldbc)]: family:1, type:2, protocol:0
[   27.259455] firmadyne: sys_socket[PID: 493 (xmldbc)]: family:1, type:2, protocol:0
[   27.304868] firmadyne: sys_socket[PID: 494 (xmldbc)]: family:1, type:2, protocol:0
[   27.351603] firmadyne: sys_socket[PID: 495 (xmldbc)]: family:1, type:2, protocol:0
[   27.397525] firmadyne: sys_socket[PID: 496 (xmldbc)]: family:1, type:2, protocol:0
[   27.453404] firmadyne: sys_socket[PID: 497 (xmldbc)]: family:1, type:2, protocol:0
[   27.498571] firmadyne: sys_socket[PID: 498 (xmldbc)]: family:1, type:2, protocol:0
[   27.546980] firmadyne: sys_socket[PID: 499 (xmldbc)]: family:1, type:2, protocol:0
[   27.592796] firmadyne: sys_socket[PID: 500 (xmldbc)]: family:1, type:2, protocol:0
[   27.637875] firmadyne: sys_socket[PID: 501 (xmldbc)]: family:1, type:2, protocol:0
[   27.679880] firmadyne: sys_socket[PID: 502 (xmldbc)]: family:1, type:2, protocol:0
[   27.724817] firmadyne: sys_socket[PID: 503 (xmldbc)]: family:1, type:2, protocol:0
[   27.772532] firmadyne: sys_socket[PID: 504 (xmldbc)]: family:1, type:2, protocol:0
[   27.818747] firmadyne: sys_socket[PID: 505 (xmldbc)]: family:1, type:2, protocol:0
[   27.865506] firmadyne: sys_socket[PID: 506 (xmldbc)]: family:1, type:2, protocol:0
[   27.911253] firmadyne: sys_socket[PID: 507 (xmldbc)]: family:1, type:2, protocol:0
[   27.959520] firmadyne: sys_socket[PID: 508 (xmldbc)]: family:1, type:2, protocol:0
[   28.007735] firmadyne: sys_socket[PID: 509 (xmldbc)]: family:1, type:2, protocol:0
[   28.053752] firmadyne: sys_socket[PID: 510 (xmldbc)]: family:1, type:2, protocol:0
[   28.163648] firmadyne: sys_socket[PID: 514 (xmldbc)]: family:1, type:2, protocol:0
[   28.209514] firmadyne: sys_socket[PID: 515 (xmldbc)]: family:1, type:2, protocol:0
[   28.255847] firmadyne: sys_socket[PID: 516 (xmldbc)]: family:1, type:2, protocol:0
[   28.301221] firmadyne: sys_socket[PID: 517 (xmldbc)]: family:1, type:2, protocol:0
[   28.348600] firmadyne: sys_socket[PID: 518 (xmldbc)]: family:1, type:2, protocol:0
[   28.393870] firmadyne: sys_socket[PID: 519 (xmldbc)]: family:1, type:2, protocol:0
[   28.440276] firmadyne: sys_socket[PID: 520 (xmldbc)]: family:1, type:2, protocol:0
[   28.485658] firmadyne: sys_socket[PID: 521 (xmldbc)]: family:1, type:2, protocol:0
[   28.532023] firmadyne: sys_socket[PID: 522 (xmldbc)]: family:1, type:2, protocol:0
[   28.578974] firmadyne: sys_socket[PID: 523 (xmldbc)]: family:1, type:2, protocol:0
[   28.625269] firmadyne: sys_socket[PID: 524 (xmldbc)]: family:1, type:2, protocol:0
[   28.670633] firmadyne: sys_socket[PID: 525 (xmldbc)]: family:1, type:2, protocol:0
[   28.716095] firmadyne: sys_socket[PID: 526 (xmldbc)]: family:1, type:2, protocol:0
[   28.763170] firmadyne: sys_socket[PID: 527 (xmldbc)]: family:1, type:2, protocol:0
[   28.809292] firmadyne: sys_socket[PID: 528 (xmldbc)]: family:1, type:2, protocol:0
[   28.854886] firmadyne: sys_socket[PID: 529 (xmldbc)]: family:1, type:2, protocol:0
[   28.900357] firmadyne: sys_socket[PID: 530 (xmldbc)]: family:1, type:2, protocol:0
[   28.941542] firmadyne: sys_socket[PID: 531 (xmldbc)]: family:1, type:2, protocol:0
[   28.988095] firmadyne: sys_socket[PID: 532 (xmldbc)]: family:1, type:2, protocol:0
[   29.096514] firmadyne: sys_socket[PID: 536 (xmldbc)]: family:1, type:2, protocol:0
[   29.141979] firmadyne: sys_socket[PID: 537 (xmldbc)]: family:1, type:2, protocol:0
[   29.188411] firmadyne: sys_socket[PID: 538 (xmldbc)]: family:1, type:2, protocol:0
[   29.233513] firmadyne: sys_socket[PID: 539 (xmldbc)]: family:1, type:2, protocol:0
[   29.279187] firmadyne: sys_socket[PID: 540 (xmldbc)]: family:1, type:2, protocol:0
[   29.325144] firmadyne: sys_socket[PID: 541 (xmldbc)]: family:1, type:2, protocol:0
[   29.371946] firmadyne: sys_socket[PID: 542 (xmldbc)]: family:1, type:2, protocol:0
[   29.417216] firmadyne: sys_socket[PID: 543 (xmldbc)]: family:1, type:2, protocol:0
[   29.463081] firmadyne: sys_socket[PID: 544 (xmldbc)]: family:1, type:2, protocol:0
[   29.508818] firmadyne: sys_socket[PID: 545 (xmldbc)]: family:1, type:2, protocol:0
[   29.555547] firmadyne: sys_socket[PID: 546 (xmldbc)]: family:1, type:2, protocol:0
[   29.601238] firmadyne: sys_socket[PID: 547 (xmldbc)]: family:1, type:2, protocol:0
[   29.647079] firmadyne: sys_socket[PID: 548 (xmldbc)]: family:1, type:2, protocol:0
[   29.692126] firmadyne: sys_socket[PID: 549 (xmldbc)]: family:1, type:2, protocol:0
[   29.737461] firmadyne: sys_socket[PID: 550 (xmldbc)]: family:1, type:2, protocol:0
[   29.783771] firmadyne: sys_socket[PID: 551 (xmldbc)]: family:1, type:2, protocol:0
[   29.829469] firmadyne: sys_socket[PID: 552 (xmldbc)]: family:1, type:2, protocol:0
[   29.875796] firmadyne: sys_socket[PID: 553 (xmldbc)]: family:1, type:2, protocol:0
[   29.918519] cfg80211: Calling CRDA to update world regulatory domain
[   29.923562] firmadyne: sys_socket[PID: 554 (xmldbc)]: family:1, type:2, protocol:0
[   30.040079] firmadyne: sys_socket[PID: 559 (xmldbc)]: family:1, type:2, protocol:0
[   30.090169] firmadyne: sys_socket[PID: 560 (xmldbc)]: family:1, type:2, protocol:0
[   30.135922] firmadyne: sys_socket[PID: 561 (xmldbc)]: family:1, type:2, protocol:0
[   30.183293] firmadyne: sys_socket[PID: 562 (xmldbc)]: family:1, type:2, protocol:0
[   30.228828] firmadyne: sys_socket[PID: 563 (xmldbc)]: family:1, type:2, protocol:0
[   30.274560] firmadyne: sys_socket[PID: 564 (xmldbc)]: family:1, type:2, protocol:0
[   30.320047] firmadyne: sys_socket[PID: 565 (xmldbc)]: family:1, type:2, protocol:0
[   30.366856] firmadyne: sys_socket[PID: 566 (xmldbc)]: family:1, type:2, protocol:0
[   30.412413] firmadyne: sys_socket[PID: 567 (xmldbc)]: family:1, type:2, protocol:0
[   30.458107] firmadyne: sys_socket[PID: 568 (xmldbc)]: family:1, type:2, protocol:0
[   30.504364] firmadyne: sys_socket[PID: 569 (xmldbc)]: family:1, type:2, protocol:0
[   30.551075] firmadyne: sys_socket[PID: 570 (xmldbc)]: family:1, type:2, protocol:0
[   30.596754] firmadyne: sys_socket[PID: 571 (xmldbc)]: family:1, type:2, protocol:0
[   30.641998] firmadyne: sys_socket[PID: 572 (xmldbc)]: family:1, type:2, protocol:0
[   30.687660] firmadyne: sys_socket[PID: 573 (xmldbc)]: family:1, type:2, protocol:0
[   30.733055] firmadyne: sys_socket[PID: 574 (xmldbc)]: family:1, type:2, protocol:0
[   30.780048] firmadyne: sys_socket[PID: 575 (xmldbc)]: family:1, type:2, protocol:0
[   30.825989] firmadyne: sys_socket[PID: 576 (xmldbc)]: family:1, type:2, protocol:0
[   30.872088] firmadyne: sys_socket[PID: 577 (xmldbc)]: family:1, type:2, protocol:0
[   30.981281] firmadyne: sys_socket[PID: 581 (xmldbc)]: family:1, type:2, protocol:0
[   31.039226] firmadyne: sys_socket[PID: 582 (xmldbc)]: family:1, type:2, protocol:0
[   31.095352] firmadyne: sys_socket[PID: 583 (xmldbc)]: family:1, type:2, protocol:0
[   31.144449] firmadyne: sys_socket[PID: 584 (xmldbc)]: family:1, type:2, protocol:0
[   31.192185] firmadyne: sys_socket[PID: 585 (xmldbc)]: family:1, type:2, protocol:0
[   31.234768] firmadyne: sys_socket[PID: 586 (xmldbc)]: family:1, type:2, protocol:0
[   31.281577] firmadyne: sys_socket[PID: 587 (xmldbc)]: family:1, type:2, protocol:0
[   31.328342] firmadyne: sys_socket[PID: 588 (xmldbc)]: family:1, type:2, protocol:0
[   31.371191] firmadyne: sys_socket[PID: 589 (xmldbc)]: family:1, type:2, protocol:0
[   31.417246] firmadyne: sys_socket[PID: 590 (xmldbc)]: family:1, type:2, protocol:0
[   31.459127] firmadyne: sys_socket[PID: 591 (xmldbc)]: family:1, type:2, protocol:0
[   31.505019] firmadyne: sys_socket[PID: 592 (xmldbc)]: family:1, type:2, protocol:0
[   31.552000] firmadyne: sys_socket[PID: 593 (xmldbc)]: family:1, type:2, protocol:0
[   31.597853] firmadyne: sys_socket[PID: 594 (xmldbc)]: family:1, type:2, protocol:0
[   31.643281] firmadyne: sys_socket[PID: 595 (xmldbc)]: family:1, type:2, protocol:0
[   31.688619] firmadyne: sys_socket[PID: 596 (xmldbc)]: family:1, type:2, protocol:0
[   31.734619] firmadyne: sys_socket[PID: 597 (xmldbc)]: family:1, type:2, protocol:0
[   31.781824] firmadyne: sys_socket[PID: 598 (xmldbc)]: family:1, type:2, protocol:0
[   31.828261] firmadyne: sys_socket[PID: 599 (xmldbc)]: family:1, type:2, protocol:0
[   31.936837] firmadyne: sys_socket[PID: 603 (xmldbc)]: family:1, type:2, protocol:0
[   31.985000] firmadyne: sys_socket[PID: 604 (xmldbc)]: family:1, type:2, protocol:0
[   32.030689] firmadyne: sys_socket[PID: 605 (xmldbc)]: family:1, type:2, protocol:0
[   32.076291] firmadyne: sys_socket[PID: 606 (xmldbc)]: family:1, type:2, protocol:0
[   32.117736] firmadyne: sys_socket[PID: 607 (xmldbc)]: family:1, type:2, protocol:0
[   32.164302] firmadyne: sys_socket[PID: 608 (xmldbc)]: family:1, type:2, protocol:0
[   32.210001] firmadyne: sys_socket[PID: 609 (xmldbc)]: family:1, type:2, protocol:0
[   32.256056] firmadyne: sys_socket[PID: 610 (xmldbc)]: family:1, type:2, protocol:0
[   32.301909] firmadyne: sys_socket[PID: 611 (xmldbc)]: family:1, type:2, protocol:0
[   32.348570] firmadyne: sys_socket[PID: 612 (xmldbc)]: family:1, type:2, protocol:0
[   32.393942] firmadyne: sys_socket[PID: 613 (xmldbc)]: family:1, type:2, protocol:0
[   32.440428] firmadyne: sys_socket[PID: 614 (xmldbc)]: family:1, type:2, protocol:0
[   32.485955] firmadyne: sys_socket[PID: 615 (xmldbc)]: family:1, type:2, protocol:0
[   32.532118] firmadyne: sys_socket[PID: 616 (xmldbc)]: family:1, type:2, protocol:0
[   32.579159] firmadyne: sys_socket[PID: 617 (xmldbc)]: family:1, type:2, protocol:0
[   32.624334] firmadyne: sys_socket[PID: 618 (xmldbc)]: family:1, type:2, protocol:0
[   32.669827] firmadyne: sys_socket[PID: 619 (xmldbc)]: family:1, type:2, protocol:0
[   32.715603] firmadyne: sys_socket[PID: 620 (xmldbc)]: family:1, type:2, protocol:0
[   32.758724] firmadyne: sys_socket[PID: 621 (xmldbc)]: family:1, type:2, protocol:0
[   32.865945] firmadyne: sys_socket[PID: 625 (xmldbc)]: family:1, type:2, protocol:0
[   32.912109] firmadyne: sys_socket[PID: 626 (xmldbc)]: family:1, type:2, protocol:0
[   32.958853] firmadyne: sys_socket[PID: 627 (xmldbc)]: family:1, type:2, protocol:0
[   33.004364] firmadyne: sys_socket[PID: 628 (xmldbc)]: family:1, type:2, protocol:0
[   33.049895] firmadyne: sys_socket[PID: 629 (xmldbc)]: family:1, type:2, protocol:0
[   33.062464] cfg80211: Calling CRDA to update world regulatory domain
[   33.106666] firmadyne: sys_socket[PID: 630 (xmldbc)]: family:1, type:2, protocol:0
[   33.153410] firmadyne: sys_socket[PID: 632 (xmldbc)]: family:1, type:2, protocol:0
[   33.199304] firmadyne: sys_socket[PID: 633 (xmldbc)]: family:1, type:2, protocol:0
[   33.244953] firmadyne: sys_socket[PID: 634 (xmldbc)]: family:1, type:2, protocol:0
[   33.291027] firmadyne: sys_socket[PID: 635 (xmldbc)]: family:1, type:2, protocol:0
[   33.336772] firmadyne: sys_socket[PID: 636 (xmldbc)]: family:1, type:2, protocol:0
[   33.383625] firmadyne: sys_socket[PID: 637 (xmldbc)]: family:1, type:2, protocol:0
[   33.429423] firmadyne: sys_socket[PID: 638 (xmldbc)]: family:1, type:2, protocol:0
[   33.475721] firmadyne: sys_socket[PID: 639 (xmldbc)]: family:1, type:2, protocol:0
[   33.521138] firmadyne: sys_socket[PID: 640 (xmldbc)]: family:1, type:2, protocol:0
[   33.567762] firmadyne: sys_socket[PID: 641 (xmldbc)]: family:1, type:2, protocol:0
[   33.613322] firmadyne: sys_socket[PID: 642 (xmldbc)]: family:1, type:2, protocol:0
[   33.658818] firmadyne: sys_socket[PID: 643 (xmldbc)]: family:1, type:2, protocol:0
[   33.703779] firmadyne: sys_socket[PID: 644 (xmldbc)]: family:1, type:2, protocol:0
[   33.811636] firmadyne: sys_socket[PID: 648 (xmldbc)]: family:1, type:2, protocol:0
[   33.857768] firmadyne: sys_socket[PID: 649 (xmldbc)]: family:1, type:2, protocol:0
[   33.903259] firmadyne: sys_socket[PID: 650 (xmldbc)]: family:1, type:2, protocol:0
[   33.950876] firmadyne: sys_socket[PID: 651 (xmldbc)]: family:1, type:2, protocol:0
[   33.997113] firmadyne: sys_socket[PID: 652 (xmldbc)]: family:1, type:2, protocol:0
[   34.042699] firmadyne: sys_socket[PID: 653 (xmldbc)]: family:1, type:2, protocol:0
[   34.088648] firmadyne: sys_socket[PID: 654 (xmldbc)]: family:1, type:2, protocol:0
[   34.134048] firmadyne: sys_socket[PID: 655 (xmldbc)]: family:1, type:2, protocol:0
[   34.180414] firmadyne: sys_socket[PID: 656 (xmldbc)]: family:1, type:2, protocol:0
[   34.225808] firmadyne: sys_socket[PID: 657 (xmldbc)]: family:1, type:2, protocol:0
[   34.271831] firmadyne: sys_socket[PID: 658 (xmldbc)]: family:1, type:2, protocol:0
[   34.317371] firmadyne: sys_socket[PID: 659 (xmldbc)]: family:1, type:2, protocol:0
[   34.364456] firmadyne: sys_socket[PID: 660 (xmldbc)]: family:1, type:2, protocol:0
[   34.409739] firmadyne: sys_socket[PID: 661 (xmldbc)]: family:1, type:2, protocol:0
[   34.455803] firmadyne: sys_socket[PID: 662 (xmldbc)]: family:1, type:2, protocol:0
[   34.501048] firmadyne: sys_socket[PID: 663 (xmldbc)]: family:1, type:2, protocol:0
[   34.547653] firmadyne: sys_socket[PID: 664 (xmldbc)]: family:1, type:2, protocol:0
[   34.593214] firmadyne: sys_socket[PID: 665 (xmldbc)]: family:1, type:2, protocol:0
[   34.639329] firmadyne: sys_socket[PID: 666 (xmldbc)]: family:1, type:2, protocol:0
[   34.746639] firmadyne: sys_socket[PID: 670 (xmldbc)]: family:1, type:2, protocol:0
[   34.787958] firmadyne: sys_socket[PID: 671 (xmldbc)]: family:1, type:2, protocol:0
[   34.833750] firmadyne: sys_socket[PID: 672 (xmldbc)]: family:1, type:2, protocol:0
[   34.879860] firmadyne: sys_socket[PID: 673 (xmldbc)]: family:1, type:2, protocol:0
[   34.925769] firmadyne: sys_socket[PID: 674 (xmldbc)]: family:1, type:2, protocol:0
[   34.973212] firmadyne: sys_socket[PID: 675 (xmldbc)]: family:1, type:2, protocol:0
[   35.019916] firmadyne: sys_socket[PID: 676 (xmldbc)]: family:1, type:2, protocol:0
[   35.064174] firmadyne: sys_socket[PID: 677 (xmldbc)]: family:1, type:2, protocol:0
[   35.111125] firmadyne: sys_socket[PID: 678 (xmldbc)]: family:1, type:2, protocol:0
[   35.154874] firmadyne: sys_socket[PID: 679 (xmldbc)]: family:1, type:2, protocol:0
[   35.200318] firmadyne: sys_socket[PID: 680 (xmldbc)]: family:1, type:2, protocol:0
[   35.246496] firmadyne: sys_socket[PID: 681 (xmldbc)]: family:1, type:2, protocol:0
[   35.292336] firmadyne: sys_socket[PID: 682 (xmldbc)]: family:1, type:2, protocol:0
[   35.337785] firmadyne: sys_socket[PID: 683 (xmldbc)]: family:1, type:2, protocol:0
[   35.384498] firmadyne: sys_socket[PID: 684 (xmldbc)]: family:1, type:2, protocol:0
[   35.425819] firmadyne: sys_socket[PID: 685 (xmldbc)]: family:1, type:2, protocol:0
[   35.470930] firmadyne: sys_socket[PID: 686 (xmldbc)]: family:1, type:2, protocol:0
[   35.516744] firmadyne: sys_socket[PID: 687 (xmldbc)]: family:1, type:2, protocol:0
[   35.564426] firmadyne: sys_socket[PID: 688 (xmldbc)]: family:1, type:2, protocol:0
[   35.674388] firmadyne: sys_socket[PID: 692 (xmldbc)]: family:1, type:2, protocol:0
[   35.720728] firmadyne: sys_socket[PID: 693 (xmldbc)]: family:1, type:2, protocol:0
[   35.767738] firmadyne: sys_socket[PID: 694 (xmldbc)]: family:1, type:2, protocol:0
[   35.809359] firmadyne: sys_socket[PID: 695 (xmldbc)]: family:1, type:2, protocol:0
[   35.855705] firmadyne: sys_socket[PID: 696 (xmldbc)]: family:1, type:2, protocol:0
[   35.901324] firmadyne: sys_socket[PID: 697 (xmldbc)]: family:1, type:2, protocol:0
[   35.948537] firmadyne: sys_socket[PID: 698 (xmldbc)]: family:1, type:2, protocol:0
[   35.990304] firmadyne: sys_socket[PID: 699 (xmldbc)]: family:1, type:2, protocol:0
[   36.036352] firmadyne: sys_socket[PID: 700 (xmldbc)]: family:1, type:2, protocol:0
[   36.082188] firmadyne: sys_socket[PID: 701 (xmldbc)]: family:1, type:2, protocol:0
[   36.129153] firmadyne: sys_socket[PID: 702 (xmldbc)]: family:1, type:2, protocol:0
[   36.179434] firmadyne: sys_socket[PID: 703 (xmldbc)]: family:1, type:2, protocol:0
[   36.206498] cfg80211: Exceeded CRDA call max attempts. Not calling CRDA
[   36.226043] firmadyne: sys_socket[PID: 704 (xmldbc)]: family:1, type:2, protocol:0
[   36.271798] firmadyne: sys_socket[PID: 705 (xmldbc)]: family:1, type:2, protocol:0
[   36.317867] firmadyne: sys_socket[PID: 706 (xmldbc)]: family:1, type:2, protocol:0
[   36.364837] firmadyne: sys_socket[PID: 707 (xmldbc)]: family:1, type:2, protocol:0
[   36.410674] firmadyne: sys_socket[PID: 708 (xmldbc)]: family:1, type:2, protocol:0
[   36.456667] firmadyne: sys_socket[PID: 709 (xmldbc)]: family:1, type:2, protocol:0
[   36.501828] firmadyne: sys_socket[PID: 710 (xmldbc)]: family:1, type:2, protocol:0
[   36.609982] firmadyne: sys_socket[PID: 714 (xmldbc)]: family:1, type:2, protocol:0
[   36.655662] firmadyne: sys_socket[PID: 715 (xmldbc)]: family:1, type:2, protocol:0
[   36.701637] firmadyne: sys_socket[PID: 716 (xmldbc)]: family:1, type:2, protocol:0
[   36.744617] firmadyne: sys_socket[PID: 717 (xmldbc)]: family:1, type:2, protocol:0
[   36.785813] firmadyne: sys_socket[PID: 718 (xmldbc)]: family:1, type:2, protocol:0
[   36.831455] firmadyne: sys_socket[PID: 719 (xmldbc)]: family:1, type:2, protocol:0
[   36.889108] firmadyne: sys_socket[PID: 720 (xmldbc)]: family:1, type:2, protocol:0
[   36.961942] firmadyne: sys_socket[PID: 721 (xmldbc)]: family:1, type:2, protocol:0
[   37.008143] firmadyne: sys_socket[PID: 722 (xmldbc)]: family:1, type:2, protocol:0
[   37.053888] firmadyne: sys_socket[PID: 723 (xmldbc)]: family:1, type:2, protocol:0
[   37.100394] firmadyne: sys_socket[PID: 724 (xmldbc)]: family:1, type:2, protocol:0
[   37.148382] firmadyne: sys_socket[PID: 725 (xmldbc)]: family:1, type:2, protocol:0
[   37.193551] firmadyne: sys_socket[PID: 726 (xmldbc)]: family:1, type:2, protocol:0
[   37.239053] firmadyne: sys_socket[PID: 727 (xmldbc)]: family:1, type:2, protocol:0
[   37.284863] firmadyne: sys_socket[PID: 728 (xmldbc)]: family:1, type:2, protocol:0
[   37.330465] firmadyne: sys_socket[PID: 729 (xmldbc)]: family:1, type:2, protocol:0
[   37.377019] firmadyne: sys_socket[PID: 730 (xmldbc)]: family:1, type:2, protocol:0
[   37.421790] firmadyne: sys_socket[PID: 731 (xmldbc)]: family:1, type:2, protocol:0
[   37.467490] firmadyne: sys_socket[PID: 732 (xmldbc)]: family:1, type:2, protocol:0
[   37.583206] firmadyne: sys_socket[PID: 736 (xmldbc)]: family:1, type:2, protocol:0
[   37.628528] firmadyne: sys_socket[PID: 737 (xmldbc)]: family:1, type:2, protocol:0
[   37.674154] firmadyne: sys_socket[PID: 738 (xmldbc)]: family:1, type:2, protocol:0
[   37.719679] firmadyne: sys_socket[PID: 739 (xmldbc)]: family:1, type:2, protocol:0
[   37.765853] firmadyne: sys_socket[PID: 740 (xmldbc)]: family:1, type:2, protocol:0
[   37.811256] firmadyne: sys_socket[PID: 741 (xmldbc)]: family:1, type:2, protocol:0
[   37.857739] firmadyne: sys_socket[PID: 742 (xmldbc)]: family:1, type:2, protocol:0
[   37.903662] firmadyne: sys_socket[PID: 743 (xmldbc)]: family:1, type:2, protocol:0
[   37.951486] firmadyne: sys_socket[PID: 744 (xmldbc)]: family:1, type:2, protocol:0
[   37.997982] firmadyne: sys_socket[PID: 745 (xmldbc)]: family:1, type:2, protocol:0
[   38.044339] firmadyne: sys_socket[PID: 746 (xmldbc)]: family:1, type:2, protocol:0
[   38.090466] firmadyne: sys_socket[PID: 747 (xmldbc)]: family:1, type:2, protocol:0
[   38.136101] firmadyne: sys_socket[PID: 748 (xmldbc)]: family:1, type:2, protocol:0
[   38.181976] firmadyne: sys_socket[PID: 749 (xmldbc)]: family:1, type:2, protocol:0
[   38.227602] firmadyne: sys_socket[PID: 750 (xmldbc)]: family:1, type:2, protocol:0
[   38.272768] firmadyne: sys_socket[PID: 751 (xmldbc)]: family:1, type:2, protocol:0
[   38.317973] firmadyne: sys_socket[PID: 752 (xmldbc)]: family:1, type:2, protocol:0
[   38.364377] firmadyne: sys_socket[PID: 753 (xmldbc)]: family:1, type:2, protocol:0
[   38.410226] firmadyne: sys_socket[PID: 754 (xmldbc)]: family:1, type:2, protocol:0
[   38.518589] firmadyne: sys_socket[PID: 758 (xmldbc)]: family:1, type:2, protocol:0
[   38.564942] firmadyne: sys_socket[PID: 759 (xmldbc)]: family:1, type:2, protocol:0
[   38.609735] firmadyne: sys_socket[PID: 760 (xmldbc)]: family:1, type:2, protocol:0
[   38.654897] firmadyne: sys_socket[PID: 761 (xmldbc)]: family:1, type:2, protocol:0
[   38.700149] firmadyne: sys_socket[PID: 762 (xmldbc)]: family:1, type:2, protocol:0
[   38.746158] firmadyne: sys_socket[PID: 763 (xmldbc)]: family:1, type:2, protocol:0
[   38.791678] firmadyne: sys_socket[PID: 764 (xmldbc)]: family:1, type:2, protocol:0
[   38.836893] firmadyne: sys_socket[PID: 765 (xmldbc)]: family:1, type:2, protocol:0
[   38.883360] firmadyne: sys_socket[PID: 766 (xmldbc)]: family:1, type:2, protocol:0
[   38.929275] firmadyne: sys_socket[PID: 767 (xmldbc)]: family:1, type:2, protocol:0
[   38.975434] firmadyne: sys_socket[PID: 768 (xmldbc)]: family:1, type:2, protocol:0
[   39.020456] firmadyne: sys_socket[PID: 769 (xmldbc)]: family:1, type:2, protocol:0
[   39.066886] firmadyne: sys_socket[PID: 770 (xmldbc)]: family:1, type:2, protocol:0
[   39.112501] firmadyne: sys_socket[PID: 771 (xmldbc)]: family:1, type:2, protocol:0
[   39.159241] firmadyne: sys_socket[PID: 772 (xmldbc)]: family:1, type:2, protocol:0
[   39.204459] firmadyne: sys_socket[PID: 773 (xmldbc)]: family:1, type:2, protocol:0
[   39.250259] firmadyne: sys_socket[PID: 774 (xmldbc)]: family:1, type:2, protocol:0
[   39.295694] firmadyne: sys_socket[PID: 775 (xmldbc)]: family:1, type:2, protocol:0
[   39.341069] firmadyne: sys_socket[PID: 776 (xmldbc)]: family:1, type:2, protocol:0
[   39.447943] firmadyne: sys_socket[PID: 780 (xmldbc)]: family:1, type:2, protocol:0
[   39.492929] firmadyne: sys_socket[PID: 781 (xmldbc)]: family:1, type:2, protocol:0
[   39.538230] firmadyne: sys_socket[PID: 782 (xmldbc)]: family:1, type:2, protocol:0
[   39.584540] firmadyne: sys_socket[PID: 783 (xmldbc)]: family:1, type:2, protocol:0
[   39.625939] firmadyne: sys_socket[PID: 784 (xmldbc)]: family:1, type:2, protocol:0
[   39.670916] firmadyne: sys_socket[PID: 785 (xmldbc)]: family:1, type:2, protocol:0
[   39.715924] firmadyne: sys_socket[PID: 786 (xmldbc)]: family:1, type:2, protocol:0
[   39.761951] firmadyne: sys_socket[PID: 787 (xmldbc)]: family:1, type:2, protocol:0
[   39.807347] firmadyne: sys_socket[PID: 788 (xmldbc)]: family:1, type:2, protocol:0
[   39.853155] firmadyne: sys_socket[PID: 789 (xmldbc)]: family:1, type:2, protocol:0
[   39.899312] firmadyne: sys_socket[PID: 790 (xmldbc)]: family:1, type:2, protocol:0
[   39.946982] firmadyne: sys_socket[PID: 791 (xmldbc)]: family:1, type:2, protocol:0
[   39.992216] firmadyne: sys_socket[PID: 792 (xmldbc)]: family:1, type:2, protocol:0
[   40.037236] firmadyne: sys_socket[PID: 793 (xmldbc)]: family:1, type:2, protocol:0
[   40.082434] firmadyne: sys_socket[PID: 794 (xmldbc)]: family:1, type:2, protocol:0
[   40.127412] firmadyne: sys_socket[PID: 795 (xmldbc)]: family:1, type:2, protocol:0
[   40.173555] firmadyne: sys_socket[PID: 796 (xmldbc)]: family:1, type:2, protocol:0
[   40.219129] firmadyne: sys_socket[PID: 797 (xmldbc)]: family:1, type:2, protocol:0
[   40.263844] firmadyne: sys_socket[PID: 798 (xmldbc)]: family:1, type:2, protocol:0
[   40.376449] firmadyne: sys_socket[PID: 802 (xmldbc)]: family:1, type:2, protocol:0
[   40.422017] firmadyne: sys_socket[PID: 803 (xmldbc)]: family:1, type:2, protocol:0
[   40.467822] firmadyne: sys_socket[PID: 804 (xmldbc)]: family:1, type:2, protocol:0
[   40.513158] firmadyne: sys_socket[PID: 805 (xmldbc)]: family:1, type:2, protocol:0
[   40.560831] firmadyne: sys_socket[PID: 806 (xmldbc)]: family:1, type:2, protocol:0
[   40.606759] firmadyne: sys_socket[PID: 807 (xmldbc)]: family:1, type:2, protocol:0
[   40.652739] firmadyne: sys_socket[PID: 808 (xmldbc)]: family:1, type:2, protocol:0
[   40.698516] firmadyne: sys_socket[PID: 809 (xmldbc)]: family:1, type:2, protocol:0
[   40.745064] firmadyne: sys_socket[PID: 810 (xmldbc)]: family:1, type:2, protocol:0
[   40.790206] firmadyne: sys_socket[PID: 811 (xmldbc)]: family:1, type:2, protocol:0
[   40.835719] firmadyne: sys_socket[PID: 812 (xmldbc)]: family:1, type:2, protocol:0
[   40.881086] firmadyne: sys_socket[PID: 813 (xmldbc)]: family:1, type:2, protocol:0
[   40.927688] firmadyne: sys_socket[PID: 814 (xmldbc)]: family:1, type:2, protocol:0
[   40.974178] firmadyne: sys_socket[PID: 815 (xmldbc)]: family:1, type:2, protocol:0
[   41.020063] firmadyne: sys_socket[PID: 816 (xmldbc)]: family:1, type:2, protocol:0
[   41.065124] firmadyne: sys_socket[PID: 817 (xmldbc)]: family:1, type:2, protocol:0
[   41.110931] firmadyne: sys_socket[PID: 818 (xmldbc)]: family:1, type:2, protocol:0
[   41.157956] firmadyne: sys_socket[PID: 819 (xmldbc)]: family:1, type:2, protocol:0
[   41.203382] firmadyne: sys_socket[PID: 820 (xmldbc)]: family:1, type:2, protocol:0
[   41.309917] firmadyne: sys_socket[PID: 824 (xmldbc)]: family:1, type:2, protocol:0
[   41.356098] firmadyne: sys_socket[PID: 825 (xmldbc)]: family:1, type:2, protocol:0
[   41.401273] firmadyne: sys_socket[PID: 826 (xmldbc)]: family:1, type:2, protocol:0
[   41.446713] firmadyne: sys_socket[PID: 827 (xmldbc)]: family:1, type:2, protocol:0
[   41.491487] firmadyne: sys_socket[PID: 828 (xmldbc)]: family:1, type:2, protocol:0
[   41.536661] firmadyne: sys_socket[PID: 829 (xmldbc)]: family:1, type:2, protocol:0
[   41.582678] firmadyne: sys_socket[PID: 830 (xmldbc)]: family:1, type:2, protocol:0
[   41.627937] firmadyne: sys_socket[PID: 831 (xmldbc)]: family:1, type:2, protocol:0
[   41.672880] firmadyne: sys_socket[PID: 832 (xmldbc)]: family:1, type:2, protocol:0
[   41.717802] firmadyne: sys_socket[PID: 833 (xmldbc)]: family:1, type:2, protocol:0
[   41.759377] firmadyne: sys_socket[PID: 834 (xmldbc)]: family:1, type:2, protocol:0
[   41.804645] firmadyne: sys_socket[PID: 835 (xmldbc)]: family:1, type:2, protocol:0
[   41.850180] firmadyne: sys_socket[PID: 836 (xmldbc)]: family:1, type:2, protocol:0
[   41.895867] firmadyne: sys_socket[PID: 837 (xmldbc)]: family:1, type:2, protocol:0
[   41.941690] firmadyne: sys_socket[PID: 838 (xmldbc)]: family:1, type:2, protocol:0
[   41.988981] firmadyne: sys_socket[PID: 839 (xmldbc)]: family:1, type:2, protocol:0
[   42.034626] firmadyne: sys_socket[PID: 840 (xmldbc)]: family:1, type:2, protocol:0
[   42.079766] firmadyne: sys_socket[PID: 841 (xmldbc)]: family:1, type:2, protocol:0
[   42.125192] firmadyne: sys_socket[PID: 842 (xmldbc)]: family:1, type:2, protocol:0
[   42.233172] firmadyne: sys_socket[PID: 846 (xmldbc)]: family:1, type:2, protocol:0
[   42.278954] firmadyne: sys_socket[PID: 847 (xmldbc)]: family:1, type:2, protocol:0
[   42.324158] firmadyne: sys_socket[PID: 848 (xmldbc)]: family:1, type:2, protocol:0
[   42.375071] firmadyne: sys_socket[PID: 849 (xmldbc)]: family:1, type:2, protocol:0
[   42.425061] firmadyne: sys_socket[PID: 850 (xmldbc)]: family:1, type:2, protocol:0
[   42.472763] firmadyne: sys_socket[PID: 851 (xmldbc)]: family:1, type:2, protocol:0
[   42.520303] firmadyne: sys_socket[PID: 852 (xmldbc)]: family:1, type:2, protocol:0
[   42.568101] firmadyne: sys_socket[PID: 853 (xmldbc)]: family:1, type:2, protocol:0
[   42.613916] firmadyne: sys_socket[PID: 854 (xmldbc)]: family:1, type:2, protocol:0
[   42.660569] firmadyne: sys_socket[PID: 855 (xmldbc)]: family:1, type:2, protocol:0
[   42.706677] firmadyne: sys_socket[PID: 856 (xmldbc)]: family:1, type:2, protocol:0
[   42.760493] firmadyne: sys_socket[PID: 857 (xmldbc)]: family:1, type:2, protocol:0
[   42.813081] firmadyne: sys_socket[PID: 858 (xmldbc)]: family:1, type:2, protocol:0
[   42.862546] firmadyne: sys_socket[PID: 859 (xmldbc)]: family:1, type:2, protocol:0
[   42.910683] firmadyne: sys_socket[PID: 860 (xmldbc)]: family:1, type:2, protocol:0
[   42.959583] firmadyne: sys_socket[PID: 861 (xmldbc)]: family:1, type:2, protocol:0
[   43.005273] firmadyne: sys_socket[PID: 862 (xmldbc)]: family:1, type:2, protocol:0
[   43.051338] firmadyne: sys_socket[PID: 863 (xmldbc)]: family:1, type:2, protocol:0
[   43.097274] firmadyne: sys_socket[PID: 864 (xmldbc)]: family:1, type:2, protocol:0
[   43.200783] firmadyne: sys_socket[PID: 868 (xmldbc)]: family:1, type:2, protocol:0
[   43.246661] firmadyne: sys_socket[PID: 869 (xmldbc)]: family:1, type:2, protocol:0
[   43.293066] firmadyne: sys_socket[PID: 870 (xmldbc)]: family:1, type:2, protocol:0
[   43.341399] firmadyne: sys_socket[PID: 871 (xmldbc)]: family:1, type:2, protocol:0
[   43.390086] firmadyne: sys_socket[PID: 872 (xmldbc)]: family:1, type:2, protocol:0
[   43.436921] firmadyne: sys_socket[PID: 873 (xmldbc)]: family:1, type:2, protocol:0
[   43.483682] firmadyne: sys_socket[PID: 874 (xmldbc)]: family:1, type:2, protocol:0
[   43.530038] firmadyne: sys_socket[PID: 875 (xmldbc)]: family:1, type:2, protocol:0
[   43.577667] firmadyne: sys_socket[PID: 876 (xmldbc)]: family:1, type:2, protocol:0
[   43.624237] firmadyne: sys_socket[PID: 877 (xmldbc)]: family:1, type:2, protocol:0
[   43.670111] firmadyne: sys_socket[PID: 878 (xmldbc)]: family:1, type:2, protocol:0
[   43.716099] firmadyne: sys_socket[PID: 879 (xmldbc)]: family:1, type:2, protocol:0
[   43.764270] firmadyne: sys_socket[PID: 880 (xmldbc)]: family:1, type:2, protocol:0
[   43.810752] firmadyne: sys_socket[PID: 881 (xmldbc)]: family:1, type:2, protocol:0
[   43.856901] firmadyne: sys_socket[PID: 882 (xmldbc)]: family:1, type:2, protocol:0
[   43.902843] firmadyne: sys_socket[PID: 883 (xmldbc)]: family:1, type:2, protocol:0
[   43.951258] firmadyne: sys_socket[PID: 884 (xmldbc)]: family:1, type:2, protocol:0
[   43.998238] firmadyne: sys_socket[PID: 885 (xmldbc)]: family:1, type:2, protocol:0
[   44.044902] firmadyne: sys_socket[PID: 886 (xmldbc)]: family:1, type:2, protocol:0
[   44.154648] firmadyne: sys_socket[PID: 890 (xmldbc)]: family:1, type:2, protocol:0
[   44.200253] firmadyne: sys_socket[PID: 891 (xmldbc)]: family:1, type:2, protocol:0
[   44.245633] firmadyne: sys_socket[PID: 892 (xmldbc)]: family:1, type:2, protocol:0
[   44.290968] firmadyne: sys_socket[PID: 893 (xmldbc)]: family:1, type:2, protocol:0
[   44.336443] firmadyne: sys_socket[PID: 894 (xmldbc)]: family:1, type:2, protocol:0
[   44.383470] firmadyne: sys_socket[PID: 895 (xmldbc)]: family:1, type:2, protocol:0
[   44.428830] firmadyne: sys_socket[PID: 896 (xmldbc)]: family:1, type:2, protocol:0
[   44.474911] firmadyne: sys_socket[PID: 897 (xmldbc)]: family:1, type:2, protocol:0
[   44.520001] firmadyne: sys_socket[PID: 898 (xmldbc)]: family:1, type:2, protocol:0
[   44.566932] firmadyne: sys_socket[PID: 899 (xmldbc)]: family:1, type:2, protocol:0
[   44.612467] firmadyne: sys_socket[PID: 900 (xmldbc)]: family:1, type:2, protocol:0
[   44.661563] firmadyne: sys_socket[PID: 901 (xmldbc)]: family:1, type:2, protocol:0
[   44.711558] firmadyne: sys_socket[PID: 902 (xmldbc)]: family:1, type:2, protocol:0
[   44.759699] firmadyne: sys_socket[PID: 903 (xmldbc)]: family:1, type:2, protocol:0
[   44.801378] firmadyne: sys_socket[PID: 904 (xmldbc)]: family:1, type:2, protocol:0
[   44.846597] firmadyne: sys_socket[PID: 905 (xmldbc)]: family:1, type:2, protocol:0
[   44.892011] firmadyne: sys_socket[PID: 906 (xmldbc)]: family:1, type:2, protocol:0
[   44.937689] firmadyne: sys_socket[PID: 907 (xmldbc)]: family:1, type:2, protocol:0
[   44.985139] firmadyne: sys_socket[PID: 908 (xmldbc)]: family:1, type:2, protocol:0
[   45.092202] firmadyne: sys_socket[PID: 912 (xmldbc)]: family:1, type:2, protocol:0
[   45.137068] firmadyne: sys_socket[PID: 913 (xmldbc)]: family:1, type:2, protocol:0
[   45.183590] firmadyne: sys_socket[PID: 914 (xmldbc)]: family:1, type:2, protocol:0
[   45.228640] firmadyne: sys_socket[PID: 915 (xmldbc)]: family:1, type:2, protocol:0
[   45.274115] firmadyne: sys_socket[PID: 916 (xmldbc)]: family:1, type:2, protocol:0
[   45.319601] firmadyne: sys_socket[PID: 917 (xmldbc)]: family:1, type:2, protocol:0
[   45.365637] firmadyne: sys_socket[PID: 918 (xmldbc)]: family:1, type:2, protocol:0
[   45.411138] firmadyne: sys_socket[PID: 919 (xmldbc)]: family:1, type:2, protocol:0
[   45.456282] firmadyne: sys_socket[PID: 920 (xmldbc)]: family:1, type:2, protocol:0
[   45.501567] firmadyne: sys_socket[PID: 921 (xmldbc)]: family:1, type:2, protocol:0
[   45.547863] firmadyne: sys_socket[PID: 922 (xmldbc)]: family:1, type:2, protocol:0
[   45.593531] firmadyne: sys_socket[PID: 923 (xmldbc)]: family:1, type:2, protocol:0
[   45.639127] firmadyne: sys_socket[PID: 924 (xmldbc)]: family:1, type:2, protocol:0
[   45.684494] firmadyne: sys_socket[PID: 925 (xmldbc)]: family:1, type:2, protocol:0
[   45.729864] firmadyne: sys_socket[PID: 926 (xmldbc)]: family:1, type:2, protocol:0
[   45.776638] firmadyne: sys_socket[PID: 927 (xmldbc)]: family:1, type:2, protocol:0
[   45.821512] firmadyne: sys_socket[PID: 928 (xmldbc)]: family:1, type:2, protocol:0
[   45.868985] firmadyne: sys_socket[PID: 929 (xmldbc)]: family:1, type:2, protocol:0
[   45.915652] firmadyne: sys_socket[PID: 930 (xmldbc)]: family:1, type:2, protocol:0
[   46.065701] firmadyne: sys_socket[PID: 935 (xmldbc)]: family:1, type:2, protocol:0
[   46.111584] firmadyne: sys_socket[PID: 936 (xmldbc)]: family:1, type:2, protocol:0
[   46.158821] firmadyne: sys_socket[PID: 937 (xmldbc)]: family:1, type:2, protocol:0
[   46.204382] firmadyne: sys_socket[PID: 938 (xmldbc)]: family:1, type:2, protocol:0
[   46.250164] firmadyne: sys_socket[PID: 939 (xmldbc)]: family:1, type:2, protocol:0
[   46.295800] firmadyne: sys_socket[PID: 940 (xmldbc)]: family:1, type:2, protocol:0
[   46.403364] firmadyne: sys_socket[PID: 944 (xmldbc)]: family:1, type:2, protocol:0
[   46.448928] firmadyne: sys_socket[PID: 945 (xmldbc)]: family:1, type:2, protocol:0
[   46.494806] firmadyne: sys_socket[PID: 946 (xmldbc)]: family:1, type:2, protocol:0
[   46.540603] firmadyne: sys_socket[PID: 947 (xmldbc)]: family:1, type:2, protocol:0
[   46.587146] firmadyne: sys_socket[PID: 948 (xmldbc)]: family:1, type:2, protocol:0
[   46.632256] firmadyne: sys_socket[PID: 949 (xmldbc)]: family:1, type:2, protocol:0
[   46.769981] firmadyne: sys_socket[PID: 954 (xmldbc)]: family:1, type:2, protocol:0
[   46.876521] firmadyne: sys_socket[PID: 958 (xmldbc)]: family:1, type:2, protocol:0
[   46.984574] firmadyne: sys_socket[PID: 962 (xmldbc)]: family:1, type:2, protocol:0
[   47.092460] firmadyne: sys_socket[PID: 966 (xmldbc)]: family:1, type:2, protocol:0
[   47.200226] firmadyne: sys_socket[PID: 970 (xmldbc)]: family:1, type:2, protocol:0
[   47.306393] firmadyne: sys_socket[PID: 974 (xmldbc)]: family:1, type:2, protocol:0
[   47.413209] firmadyne: sys_socket[PID: 978 (xmldbc)]: family:1, type:2, protocol:0
[   47.518707] firmadyne: sys_socket[PID: 982 (xmldbc)]: family:1, type:2, protocol:0
[   47.625699] firmadyne: sys_socket[PID: 986 (xmldbc)]: family:1, type:2, protocol:0
[   47.731637] firmadyne: sys_socket[PID: 990 (xmldbc)]: family:1, type:2, protocol:0
[   47.838863] firmadyne: sys_socket[PID: 994 (xmldbc)]: family:1, type:2, protocol:0
[   47.945691] firmadyne: sys_socket[PID: 998 (xmldbc)]: family:1, type:2, protocol:0
[   48.054102] firmadyne: sys_socket[PID: 1002 (xmldbc)]: family:1, type:2, protocol:0
[   48.161763] firmadyne: sys_socket[PID: 1006 (xmldbc)]: family:1, type:2, protocol:0
[   48.268112] firmadyne: sys_socket[PID: 1010 (xmldbc)]: family:1, type:2, protocol:0
[   48.375119] firmadyne: sys_socket[PID: 1014 (xmldbc)]: family:1, type:2, protocol:0
[   48.481273] firmadyne: sys_socket[PID: 1018 (xmldbc)]: family:1, type:2, protocol:0
[   48.589155] firmadyne: sys_socket[PID: 1022 (xmldbc)]: family:1, type:2, protocol:0
[   48.694714] firmadyne: sys_socket[PID: 1026 (xmldbc)]: family:1, type:2, protocol:0
[   48.801099] firmadyne: sys_socket[PID: 1030 (xmldbc)]: family:1, type:2, protocol:0
[   48.906702] firmadyne: sys_socket[PID: 1034 (xmldbc)]: family:1, type:2, protocol:0
[   49.014089] firmadyne: sys_socket[PID: 1038 (xmldbc)]: family:1, type:2, protocol:0
[   49.120944] firmadyne: sys_socket[PID: 1042 (xmldbc)]: family:1, type:2, protocol:0
[   49.228320] firmadyne: sys_socket[PID: 1046 (xmldbc)]: family:1, type:2, protocol:0
[   49.334470] firmadyne: sys_socket[PID: 1050 (xmldbc)]: family:1, type:2, protocol:0
[   49.441351] firmadyne: sys_socket[PID: 1054 (xmldbc)]: family:1, type:2, protocol:0
[   49.548483] firmadyne: sys_socket[PID: 1058 (xmldbc)]: family:1, type:2, protocol:0
[   49.653765] firmadyne: sys_socket[PID: 1062 (xmldbc)]: family:1, type:2, protocol:0
[   49.765639] firmadyne: sys_socket[PID: 1066 (xmldbc)]: family:1, type:2, protocol:0
[   49.872889] firmadyne: sys_socket[PID: 1070 (xmldbc)]: family:1, type:2, protocol:0
[   49.982105] firmadyne: sys_socket[PID: 1074 (xmldbc)]: family:1, type:2, protocol:0
[   50.089851] firmadyne: sys_socket[PID: 1078 (xmldbc)]: family:1, type:2, protocol:0
[   50.193332] firmadyne: sys_socket[PID: 1082 (xmldbc)]: family:1, type:2, protocol:0
[   50.238737] firmadyne: sys_socket[PID: 1083 (xmldbc)]: family:1, type:2, protocol:0
[   50.284507] firmadyne: sys_socket[PID: 1084 (xmldbc)]: family:1, type:2, protocol:0
[   50.329762] firmadyne: sys_socket[PID: 1085 (xmldbc)]: family:1, type:2, protocol:0
[   50.376422] firmadyne: sys_socket[PID: 1086 (xmldbc)]: family:1, type:2, protocol:0
[   50.422045] firmadyne: sys_socket[PID: 1087 (xmldbc)]: family:1, type:2, protocol:0
[   50.468204] firmadyne: sys_socket[PID: 1088 (xmldbc)]: family:1, type:2, protocol:0
[   50.514568] firmadyne: sys_socket[PID: 1089 (xmldbc)]: family:1, type:2, protocol:0
[   50.561952] firmadyne: sys_socket[PID: 1090 (xmldbc)]: family:1, type:2, protocol:0
PHP [/etc/defnodes/S11setnodes.php] ...
[   50.651273] firmadyne: sys_socket[PID: 1093 (rgdb)]: family:1, type:2, protocol:0
PHP [/etc/defnodes/S12features.php] ...
[   51.311358] firmadyne: sys_socket[PID: 1106 (rgdb)]: family:1, type:2, protocol:0
PHP [/etc/defnodes/S13flashspeed.php] ...
[   51.412693] firmadyne: sys_socket[PID: 1109 (rgdb)]: family:1, type:2, protocol:0
PHP [/etc/defnodes/S20setnodes.php] ...
[   51.608269] firmadyne: sys_socket[PID: 1114 (rgdb)]: family:1, type:2, protocol:0
[   51.966046] UDF-fs: warning (device mtdblock4): udf_fill_super: No partition found (2)
mount: mounting /dev/mtdblock/4 on /www/locale/alt failed: Invalid argument
PHP [/etc/defnodes/S40brand.php] ...
[   52.053719] firmadyne: sys_socket[PID: 1126 (rgdb)]: family:1, type:2, protocol:0
[/etc/scripts/misc/defnodes.sh] Done !!
[/etc/scripts/misc/profile.sh] put ...
[   52.578580] firmadyne: sys_socket[PID: 1134 (rgdb)]: family:1, type:2, protocol:0
ok
[   53.376408] firmadyne: sys_socket[PID: 1140 (rgdb)]: family:1, type:2, protocol:0
[   53.438508] firmadyne: sys_socket[PID: 1142 (rgdb)]: family:1, type:2, protocol:0
[/etc/templates/timezone.sh] ...
[   53.584119] firmadyne: sys_socket[PID: 1147 (rgdb)]: family:1, type:2, protocol:0
[   53.732535] firmadyne: sys_socket[PID: 1152 (rgdb)]: family:1, type:2, protocol:0
[   56.740361] firmadyne: sys_socket[PID: 1156 (rgdb)]: family:1, type:2, protocol:0
[   56.804193] firmadyne: sys_socket[PID: 1158 (rgdb)]: family:1, type:2, protocol:0
[   56.863570] firmadyne: sys_socket[PID: 1160 (rgdb)]: family:1, type:2, protocol:0
[   56.926092] firmadyne: sys_socket[PID: 1162 (rgdb)]: family:1, type:2, protocol:0
[   56.990381] firmadyne: sys_socket[PID: 1164 (rgdb)]: family:1, type:2, protocol:0
[   57.055285] firmadyne: sys_socket[PID: 1166 (rgdb)]: family:1, type:2, protocol:0
[   57.121341] firmadyne: sys_socket[PID: 1168 (rgdb)]: family:1, type:2, protocol:0
[   57.188130] firmadyne: sys_socket[PID: 1170 (rgdb)]: family:1, type:2, protocol:0
[   57.254760] firmadyne: sys_socket[PID: 1172 (rgdb)]: family:1, type:2, protocol:0
[   57.317524] firmadyne: sys_socket[PID: 1174 (rgdb)]: family:1, type:2, protocol:0
[   57.384704] firmadyne: sys_socket[PID: 1176 (rgdb)]: family:1, type:2, protocol:0
[/etc/templates/logs.sh] ...
[   58.161907] firmadyne: sys_socket[PID: 1204 (rgdb)]: family:1, type:2, protocol:0
[   58.240406] firmadyne: sys_socket[PID: 1206 (rgdb)]: family:1, type:2, protocol:0
[/var/run/logs_run.sh] ...
[   58.702074] firmadyne: sys_socket[PID: 1211 (syslogd)]: family:1, type:1, protocol:0
[   58.820631] firmadyne: sys_socket[PID: 1216 (rgdb)]: family:1, type:2, protocol:0
[   58.985426] firmadyne: sys_socket[PID: 1220 (ifconfig)]: family:2, type:1, protocol:0
[   59.018489] 8021q: adding VLAN 0 to HW filter on device eth0
[   59.024604] e1000: eth0 NIC Link is Up 1000 Mbps Full Duplex, Flow Control: RX
[   62.098938] firmadyne: sys_socket[PID: 1222 (rgdb)]: family:1, type:2, protocol:0
[   62.349179] firmadyne: sys_socket[PID: 1234 (rgdb)]: family:1, type:2, protocol:0
[   62.498490] firmadyne: sys_socket[PID: 1240 (rgdb)]: family:1, type:2, protocol:0
[   62.518170] firmadyne: sys_socket[PID: 1241 (ifconfig)]: family:2, type:1, protocol:0
[   62.520269] firmadyne: __inet_insert_ifa[PID: 1241 (ifconfig)]: device:lo ifa:0x7f000001
[   62.566234] firmadyne: sys_socket[PID: 1242 (brctl)]: family:2, type:2, protocol:0
[   62.645552] firmadyne: sys_socket[PID: 1245 (brctl)]: family:2, type:2, protocol:0
[   62.648088] firmadyne: sys_socket[PID: 1245 (brctl)]: family:10, type:1, protocol:0
[   62.690416] firmadyne: sys_socket[PID: 1246 (brctl)]: family:2, type:2, protocol:0
[   62.693000] firmadyne: sys_socket[PID: 1246 (brctl)]: family:10, type:1, protocol:0
[/etc/init.d/S03config.sh] done!
[/etc/init.d/S10system.sh]
start Layout ...
[/etc/scripts/layout.sh] start ...
[   62.988741] firmadyne: sys_socket[PID: 1256 (rgdb)]: family:1, type:2, protocol:0
[   63.094011] firmadyne: sys_socket[PID: 1257 (rgdb)]: family:1, type:2, protocol:0
[/var/run/layout_start.sh] ...
Start bridge layout ...
[   63.217704] firmadyne: sys_socket[PID: 1261 (ifconfig)]: family:2, type:1, protocol:0
[   63.255468] firmadyne: sys_socket[PID: 1262 (brctl)]: family:2, type:2, protocol:0
[   63.258043] firmadyne: sys_socket[PID: 1262 (brctl)]: family:10, type:1, protocol:0
[   63.261168] firmadyne: sys_socket[PID: 1262 (brctl)]: family:10, type:1, protocol:0
[   63.263271] firmadyne: br_add_if[PID: 1262 (brctl)]: br:br0 dev:eth0
[   63.268365] device eth0 entered promiscuous mode
[   63.338687] firmadyne: sys_socket[PID: 1265 (xmldbc)]: family:1, type:2, protocol:0
[   63.409390] firmadyne: sys_socket[PID: 1268 (ifconfig)]: family:2, type:1, protocol:0
[   63.411669] br0: port 1(eth0) entered forwarding state
[   63.412421] br0: port 1(eth0) entered forwarding state
[   63.450148] firmadyne: sys_socket[PID: 1269 (rgdb)]: family:1, type:2, protocol:0
start LAN ...
[/etc/templates/lan.sh] ...
[   63.582179] firmadyne: sys_socket[PID: 1274 (rgdb)]: family:1, type:2, protocol:0
[   63.700131] firmadyne: sys_socket[PID: 1277 (rgdb)]: family:1, type:2, protocol:0
[   63.788358] firmadyne: sys_socket[PID: 1278 (rgdb)]: family:1, type:2, protocol:0
[/var/run/lan_start.sh] ...
Bridge mode selected, LAN is disabled !
start web server ...
[/etc/templates/webs.sh] start ...
[   64.025305] firmadyne: sys_socket[PID: 1286 (rgdb)]: family:1, type:2, protocol:0
[   64.094962] firmadyne: sys_socket[PID: 1288 (rgdb)]: family:1, type:2, protocol:0
[   64.213184] firmadyne: sys_socket[PID: 1291 (rgdb)]: family:1, type:2, protocol:0
[   64.331481] firmadyne: sys_socket[PID: 1292 (rgdb)]: family:1, type:2, protocol:0
[/var/run/webs_start.sh] ...
Starting HTTPD ...
start eth0 vlan setup ...
/etc/scripts/eth_vlan.sh: not found
[   64.648573] firmadyne: sys_socket[PID: 1302 (rgdb)]: family:1, type:2, protocol:0
[   64.672402] firmadyne: sys_socket[PID: 1303 (rgdb)]: family:1, type:2, protocol:0
[   64.835233] firmadyne: sys_socket[PID: 1304 (rgdb)]: family:1, type:2, protocol:0
#!/bin/sh
echo [$0] ... > /dev/console

# limitedadmin.php <<<

limitedadmin.sh...
[   65.069485] firmadyne: sys_socket[PID: 1308 (brctl)]: family:2, type:2, protocol:0
[   65.076364] firmadyne: sys_socket[PID: 1308 (brctl)]: family:10, type:1, protocol:0
[   65.163588] firmadyne: sys_socket[PID: 1309 (brctl)]: family:2, type:2, protocol:0
[   65.165936] firmadyne: sys_socket[PID: 1309 (brctl)]: family:10, type:1, protocol:0
[   65.251850] firmadyne: sys_socket[PID: 1310 (brctl)]: family:2, type:2, protocol:0
[   65.258730] firmadyne: sys_socket[PID: 1310 (brctl)]: family:10, type:1, protocol:0
[   65.344937] firmadyne: sys_socket[PID: 1311 (brctl)]: family:2, type:2, protocol:0
[   65.348274] firmadyne: sys_socket[PID: 1311 (brctl)]: family:10, type:1, protocol:0
[   65.436175] firmadyne: sys_socket[PID: 1312 (brctl)]: family:2, type:2, protocol:0
[   65.442925] firmadyne: sys_socket[PID: 1312 (brctl)]: family:10, type:1, protocol:0
[   65.527706] firmadyne: sys_socket[PID: 1313 (brctl)]: family:2, type:2, protocol:0
[   65.534673] firmadyne: sys_socket[PID: 1313 (brctl)]: family:10, type:1, protocol:0
start fresetd ...
enable LAN ports ...
[   65.741828] firmadyne: sys_socket[PID: 1315 (servd)]: family:1, type:2, protocol:0
Factory reset time : 5 secs
System reset time  : 1 secs
WPS command : [/etc/templates/wps.sh pbc &]
[   65.815758] firmadyne: sys_socket[PID: 1306 (httpd)]: family:10, type:2, protocol:6
[   65.816885] firmadyne: sys_setsockopt[PID: 1306 (httpd)]: fd:4, level:65535, optname:4
[/etc/scripts/enlan.sh] ...
/dev/gpio: No such device or address
[   65.906188] firmadyne: sys_socket[PID: 1318 (fresetd)]: family:1, type:1, protocol:0
 Generate channel table according to the country code...
[   65.982231] firmadyne: sys_socket[PID: 1328 (httpd)]: family:1, type:1, protocol:0
[   66.035669] firmadyne: sys_socket[PID: 1331 (genchanneltable)]: family:1, type:2, protocol:0
[   66.049976] firmadyne: sys_socket[PID: 1331 (genchanneltable)]: family:1, type:2, protocol:0
[   66.055234] firmadyne: sys_socket[PID: 1331 (genchanneltable)]: family:1, type:2, protocol:0
[   66.069857] firmadyne: sys_socket[PID: 1332 (getsys)]: family:1, type:2, protocol:0
UNKNOW country code!! Use USA for default!!
[   66.155673] firmadyne: sys_socket[PID: 1331 (genchanneltable)]: family:1, type:2, protocol:0
[   66.159617] firmadyne: sys_socket[PID: 1332 (getsys)]: family:1, type:2, protocol:0
[   66.164963] firmadyne: sys_socket[PID: 1331 (genchanneltable)]: family:1, type:2, protocol:0
[   66.168801] firmadyne: sys_socket[PID: 1332 (getsys)]: family:1, type:2, protocol:0
[   66.173718] firmadyne: sys_socket[PID: 1331 (genchanneltable)]: family:1, type:2, protocol:0
[   66.177189] firmadyne: sys_socket[PID: 1332 (getsys)]: family:1, type:2, protocol:0
[   66.182624] firmadyne: sys_socket[PID: 1331 (genchanneltable)]: family:1, type:2, protocol:0
[   66.185724] firmadyne: sys_socket[PID: 1332 (getsys)]: family:1, type:2, protocol:0
[   66.191006] firmadyne: sys_socket[PID: 1331 (genchanneltable)]: family:1, type:2, protocol:0
[   66.194507] firmadyne: sys_socket[PID: 1332 (getsys)]: family:1, type:2, protocol:0
[   66.199537] firmadyne: sys_socket[PID: 1331 (genchanneltable)]: family:1, type:2, protocol:0
[   66.203539] firmadyne: sys_socket[PID: 1332 (getsys)]: family:1, type:2, protocol:0
[   66.208852] firmadyne: sys_socket[PID: 1331 (genchanneltable)]: family:1, type:2, protocol:0
[   66.212782] firmadyne: sys_socket[PID: 1332 (getsys)]: family:1, type:2, protocol:0
[   66.217722] firmadyne: sys_socket[PID: 1331 (genchanneltable)]: family:1, type:2, protocol:0
[   66.221573] firmadyne: sys_socket[PID: 1332 (getsys)]: family:1, type:2, protocol:0
[   66.227349] firmadyne: sys_socket[PID: 1331 (genchanneltable)]: family:1, type:2, protocol:0
[   66.230893] firmadyne: sys_socket[PID: 1332 (getsys)]: family:1, type:2, protocol:0
[   66.236337] firmadyne: sys_socket[PID: 1331 (genchanneltable)]: family:1, type:2, protocol:0
[   66.240322] firmadyne: sys_socket[PID: 1332 (getsys)]: family:1, type:2, protocol:0
[   66.245548] firmadyne: sys_socket[PID: 1331 (genchanneltable)]: family:1, type:2, protocol:0
[   66.248802] firmadyne: sys_socket[PID: 1332 (getsys)]: family:1, type:2, protocol:0
[   66.254262] firmadyne: sys_socket[PID: 1331 (genchanneltable)]: family:1, type:2, protocol:0
[   66.257711] firmadyne: sys_socket[PID: 1332 (getsys)]: family:1, type:2, protocol:0
[   66.263311] firmadyne: sys_socket[PID: 1331 (genchanneltable)]: family:1, type:2, protocol:0
[   66.266804] firmadyne: sys_socket[PID: 1332 (getsys)]: family:1, type:2, protocol:0
[   66.272031] firmadyne: sys_socket[PID: 1331 (genchanneltable)]: family:1, type:2, protocol:0
[   66.276134] firmadyne: sys_socket[PID: 1332 (getsys)]: family:1, type:2, protocol:0
[   66.281099] firmadyne: sys_socket[PID: 1331 (genchanneltable)]: family:1, type:2, protocol:0
[   66.284874] firmadyne: sys_socket[PID: 1332 (getsys)]: family:1, type:2, protocol:0
[   66.290168] firmadyne: sys_socket[PID: 1331 (genchanneltable)]: family:1, type:2, protocol:0
[   66.293455] firmadyne: sys_socket[PID: 1332 (getsys)]: family:1, type:2, protocol:0
[   66.299115] firmadyne: sys_socket[PID: 1331 (genchanneltable)]: family:1, type:2, protocol:0
[   66.305014] firmadyne: sys_socket[PID: 1332 (getsys)]: family:1, type:2, protocol:0
[   66.309713] firmadyne: sys_socket[PID: 1331 (genchanneltable)]: family:1, type:2, protocol:0
[   66.323162] firmadyne: sys_socket[PID: 1331 (genchanneltable)]: family:1, type:2, protocol:0
[   66.328275] firmadyne: sys_socket[PID: 1331 (genchanneltable)]: family:1, type:2, protocol:0
[   66.339707] firmadyne: sys_socket[PID: 1331 (genchanneltable)]: family:1, type:2, protocol:0
[   66.345555] firmadyne: sys_socket[PID: 1331 (genchanneltable)]: family:1, type:2, protocol:0
[   66.349670] firmadyne: sys_socket[PID: 1331 (genchanneltable)]: family:1, type:2, protocol:0
[   66.358794] firmadyne: sys_socket[PID: 1331 (genchanneltable)]: family:1, type:2, protocol:0
[   66.363499] firmadyne: sys_socket[PID: 1331 (genchanneltable)]: family:1, type:2, protocol:0
[   66.369004] firmadyne: sys_socket[PID: 1331 (genchanneltable)]: family:1, type:2, protocol:0
[   66.377419] firmadyne: sys_socket[PID: 1331 (genchanneltable)]: family:1, type:2, protocol:0
[   66.387089] firmadyne: sys_socket[PID: 1331 (genchanneltable)]: family:1, type:2, protocol:0
[   66.391998] firmadyne: sys_socket[PID: 1331 (genchanneltable)]: family:1, type:2, protocol:0
/dev/gpio: No such device or address
 Generate VLAN table according to the port...
[   66.455282] firmadyne: sys_socket[PID: 1340 (genVLANTableByP)]: family:1, type:2, protocol:0
[   66.461085] firmadyne: sys_socket[PID: 1340 (genVLANTableByP)]: family:1, type:2, protocol:0
[   66.466146] firmadyne: sys_socket[PID: 1340 (genVLANTableByP)]: family:1, type:2, protocol:0
[   66.471156] firmadyne: sys_socket[PID: 1340 (genVLANTableByP)]: family:1, type:2, protocol:0
[   66.475386] firmadyne: sys_socket[PID: 1340 (genVLANTableByP)]: family:1, type:2, protocol:0
[   66.479676] firmadyne: sys_socket[PID: 1340 (genVLANTableByP)]: family:1, type:2, protocol:0
[   66.484440] firmadyne: sys_socket[PID: 1340 (genVLANTableByP)]: family:1, type:2, protocol:0
[   66.489491] firmadyne: sys_socket[PID: 1340 (genVLANTableByP)]: family:1, type:2, protocol:0
[   66.494730] firmadyne: sys_socket[PID: 1340 (genVLANTableByP)]: family:1, type:2, protocol:0
[   66.499974] firmadyne: sys_socket[PID: 1340 (genVLANTableByP)]: family:1, type:2, protocol:0
[   66.504363] firmadyne: sys_socket[PID: 1340 (genVLANTableByP)]: family:1, type:2, protocol:0
[   66.508776] firmadyne: sys_socket[PID: 1340 (genVLANTableByP)]: family:1, type:2, protocol:0
[   66.513690] firmadyne: sys_socket[PID: 1340 (genVLANTableByP)]: family:1, type:2, protocol:0
[   66.519035] firmadyne: sys_socket[PID: 1340 (genVLANTableByP)]: family:1, type:2, protocol:0
[   66.523975] firmadyne: sys_socket[PID: 1340 (genVLANTableByP)]: family:1, type:2, protocol:0
[   66.528503] firmadyne: sys_socket[PID: 1340 (genVLANTableByP)]: family:1, type:2, protocol:0
[   66.532996] firmadyne: sys_socket[PID: 1340 (genVLANTableByP)]: family:1, type:2, protocol:0
[   66.537920] firmadyne: sys_socket[PID: 1340 (genVLANTableByP)]: family:1, type:2, protocol:0
[   66.543987] firmadyne: sys_socket[PID: 1340 (genVLANTableByP)]: family:1, type:2, protocol:0
[   66.549119] firmadyne: sys_socket[PID: 1340 (genVLANTableByP)]: family:1, type:2, protocol:0
[   66.554604] firmadyne: sys_socket[PID: 1340 (genVLANTableByP)]: family:1, type:2, protocol:0
