[    0.000000] Linux version 4.1.17+ (alessio@pc) (gcc version 5.5.0 20171010 (Ubuntu 5.5.0-12ubuntu1) ) #1 Mon May 15 23:04:08 CEST 2023
[    0.000000] earlycon: Early serial console at I/O port 0x3f8 (options '38400n8')
[    0.000000] bootconsole [uart0] enabled
[    0.000000] CPU0 revision is: 00019300 (MIPS 24Kc)
[    0.000000] FPU revision is: 00739300
[    0.000000] Software DMA cache coherency enabled
[    0.000000] Determined physical RAM map:
[    0.000000]  memory: 00001000 @ 00000000 (reserved)
[    0.000000]  memory: 000ef000 @ 00001000 (ROM data)
[    0.000000]  memory: 00798000 @ 000f0000 (reserved)
[    0.000000]  memory: 0f777000 @ 00888000 (usable)
[    0.000000] debug: ignoring loglevel setting.
[    0.000000] Wasting 69888 bytes for tracking 2184 unused pages
[    0.000000] Initrd not found or empty - disabling initrd
[    0.000000] Zone ranges:
[    0.000000]   DMA      [mem 0x0000000000000000-0x0000000000ffffff]
[    0.000000]   Normal   [mem 0x0000000001000000-0x000000000fffefff]
[    0.000000] Movable zone start for each node
[    0.000000] Early memory node ranges
[    0.000000]   node   0: [mem 0x0000000000000000-0x000000000fffefff]
[    0.000000] Initmem setup node 0 [mem 0x0000000000000000-0x000000000fffefff]
[    0.000000] On node 0 totalpages: 65535
[    0.000000] free_area_init_node: node 0, pgdat 8081d5b0, node_mem_map 81000000
[    0.000000]   DMA zone: 32 pages used for memmap
[    0.000000]   DMA zone: 0 pages reserved
[    0.000000]   DMA zone: 4096 pages, LIFO batch:0
[    0.000000]   Normal zone: 480 pages used for memmap
[    0.000000]   Normal zone: 61439 pages, LIFO batch:15
[    0.000000] Primary instruction cache 2kB, VIPT, 2-way, linesize 16 bytes.
[    0.000000] Primary data cache 2kB, 2-way, VIPT, no aliases, linesize 16 bytes
[    0.000000] pcpu-alloc: s0 r0 d32768 u32768 alloc=1*32768
[    0.000000] pcpu-alloc: [0] 0 
[    0.000000] Built 1 zonelists in Zone order, mobility grouping on.  Total pages: 65023
[    0.000000] Kernel command line: root=/dev/sda1 console=ttyS0 nandsim.parts=64,64,64,64,64,64,64,64,64,64 rdinit=/firmadyne/preInit.sh rw debug ignore_loglevel print-fatal-signals=1 FIRMAE_NET=true FIRMAE_NVRAM=true FIRMAE_KERNEL=true FIRMAE_ETC=true user_debug=0 firmadyne.syscall=1 noka
[    0.000000] found FIRMAE_KERNEL=t
[    0.000000] set the LD_PRELOAD=/firmadyne/libnvram_ioctl.so
[    0.000000] PID hash table entries: 1024 (order: 0, 4096 bytes)
[    0.000000] Dentry cache hash table entries: 32768 (order: 5, 131072 bytes)
[    0.000000] Inode-cache hash table entries: 16384 (order: 4, 65536 bytes)
[    0.000000] Writing ErrCtl register=00000000
[    0.000000] Readback ErrCtl register=00000000
[    0.000000] Memory: 251112K/262140K available (5360K kernel code, 244K rwdata, 1676K rodata, 260K init, 158K bss, 11028K reserved, 0K cma-reserved)
[    0.000000] NR_IRQS:256
[    0.000000] CPU frequency 200.00 MHz
[    0.000000] clocksource MIPS: mask: 0xffffffff max_cycles: 0xffffffff, max_idle_ns: 19112567579 ns
[    0.000172] sched_clock: 32 bits at 100MHz, resolution 9ns, wraps every 21474795515ns
[    0.011771] Console: colour dummy device 80x25
[    0.012759] Calibrating delay loop... 34.11 BogoMIPS (lpj=68224)
[    0.061306] pid_max: default: 32768 minimum: 301
[    0.064657] Mount-cache hash table entries: 1024 (order: 0, 4096 bytes)
[    0.065106] Mountpoint-cache hash table entries: 1024 (order: 0, 4096 bytes)
[    0.118723] clocksource jiffies: mask: 0xffffffff max_cycles: 0xffffffff, max_idle_ns: 7645041785100000 ns
[    0.128038] NET: Registered protocol family 16
[    0.357480] clocksource pit: mask: 0xffffffff max_cycles: 0xffffffff, max_idle_ns: 1601818034827 ns
[    0.483481] vgaarb: loaded
[    0.488362] SCSI subsystem initialized
[    0.490468] libata version 3.00 loaded.
[    0.494010] usbcore: registered new interface driver usbfs
[    0.495288] usbcore: registered new interface driver hub
[    0.496176] usbcore: registered new device driver usb
[    0.498512] pps_core: LinuxPPS API ver. 1 registered
[    0.498851] pps_core: Software ver. 5.3.6 - Copyright 2005-2007 Rodolfo Giometti <giometti@linux.it>
[    0.499637] PTP clock support registered
[    0.503578] PCI host bridge to bus 0000:00
[    0.504247] pci_bus 0000:00: root bus resource [mem 0x10000000-0x17ffffff]
[    0.504766] pci_bus 0000:00: root bus resource [io  0x1000-0x1fffff]
[    0.505284] pci_bus 0000:00: root bus resource [??? 0x00000000 flags 0x0]
[    0.505772] pci_bus 0000:00: No busn resource found for root bus, will use [bus 00-ff]
[    0.506994] pci 0000:00:00.0: [11ab:4620] type 00 class 0x060000
[    0.507818] pci 0000:00:00.0: [Firmware Bug]: reg 0x14: invalid BAR (can't size)
[    0.508294] pci 0000:00:00.0: [Firmware Bug]: reg 0x18: invalid BAR (can't size)
[    0.508757] pci 0000:00:00.0: [Firmware Bug]: reg 0x1c: invalid BAR (can't size)
[    0.509239] pci 0000:00:00.0: [Firmware Bug]: reg 0x20: invalid BAR (can't size)
[    0.509724] pci 0000:00:00.0: [Firmware Bug]: reg 0x24: invalid BAR (can't size)
[    0.513068] pci 0000:00:0a.0: [8086:7110] type 00 class 0x060100
[    0.516057] pci 0000:00:0a.1: [8086:7111] type 00 class 0x010180
[    0.516743] pci 0000:00:0a.1: reg 0x20: [io  0x0000-0x000f]
[    0.517261] pci 0000:00:0a.1: legacy IDE quirk: reg 0x10: [io  0x01f0-0x01f7]
[    0.517737] pci 0000:00:0a.1: legacy IDE quirk: reg 0x14: [io  0x03f6]
[    0.518212] pci 0000:00:0a.1: legacy IDE quirk: reg 0x18: [io  0x0170-0x0177]
[    0.518684] pci 0000:00:0a.1: legacy IDE quirk: reg 0x1c: [io  0x0376]
[    0.521518] pci 0000:00:0a.2: [8086:7112] type 00 class 0x0c0300
[    0.522087] pci 0000:00:0a.2: reg 0x20: [io  0x0000-0x001f]
[    0.524889] pci 0000:00:0a.3: [8086:7113] type 00 class 0x068000
[    0.525985] pci 0000:00:0a.3: quirk: [io  0x1000-0x103f] claimed by PIIX4 ACPI
[    0.526530] pci 0000:00:0a.3: quirk: [io  0x1100-0x110f] claimed by PIIX4 SMB
[    0.529295] pci 0000:00:12.0: [1013:00b8] type 00 class 0x030000
[    0.529819] pci 0000:00:12.0: reg 0x10: [mem 0x00000000-0x01ffffff pref]
[    0.530304] pci 0000:00:12.0: reg 0x14: [mem 0x00000000-0x00000fff]
[    0.530844] pci 0000:00:12.0: reg 0x30: [mem 0x00000000-0x0000ffff pref]
[    0.533193] vgaarb: device added: PCI:0000:00:12.0,decodes=io+mem,owns=none,locks=none
[    0.534221] pci 0000:00:13.0: [8086:100e] type 00 class 0x020000
[    0.534729] pci 0000:00:13.0: reg 0x10: [mem 0x00000000-0x0001ffff]
[    0.535196] pci 0000:00:13.0: reg 0x14: [io  0x0000-0x003f]
[    0.535862] pci 0000:00:13.0: reg 0x30: [mem 0x00000000-0x0003ffff pref]
[    0.538416] pci 0000:00:14.0: [8086:100e] type 00 class 0x020000
[    0.538913] pci 0000:00:14.0: reg 0x10: [mem 0x00000000-0x0001ffff]
[    0.539386] pci 0000:00:14.0: reg 0x14: [io  0x0000-0x003f]
[    0.540062] pci 0000:00:14.0: reg 0x30: [mem 0x00000000-0x0003ffff pref]
[    0.542754] pci 0000:00:15.0: [8086:100e] type 00 class 0x020000
[    0.543262] pci 0000:00:15.0: reg 0x10: [mem 0x00000000-0x0001ffff]
[    0.543741] pci 0000:00:15.0: reg 0x14: [io  0x0000-0x003f]
[    0.544420] pci 0000:00:15.0: reg 0x30: [mem 0x00000000-0x0003ffff pref]
[    0.546969] pci 0000:00:16.0: [8086:100e] type 00 class 0x020000
[    0.547478] pci 0000:00:16.0: reg 0x10: [mem 0x00000000-0x0001ffff]
[    0.547947] pci 0000:00:16.0: reg 0x14: [io  0x0000-0x003f]
[    0.548601] pci 0000:00:16.0: reg 0x30: [mem 0x00000000-0x0003ffff pref]
[    0.551328] pci_bus 0000:00: busn_res: [bus 00-ff] end is updated to 00
[    0.552755] pci 0000:00:12.0: BAR 0: assigned [mem 0x10000000-0x11ffffff pref]
[    0.553406] pci 0000:00:13.0: BAR 6: assigned [mem 0x12000000-0x1203ffff pref]
[    0.553992] pci 0000:00:14.0: BAR 6: assigned [mem 0x12040000-0x1207ffff pref]
[    0.554524] pci 0000:00:15.0: BAR 6: assigned [mem 0x12080000-0x120bffff pref]
[    0.555069] pci 0000:00:16.0: BAR 6: assigned [mem 0x120c0000-0x120fffff pref]
[    0.555599] pci 0000:00:13.0: BAR 0: assigned [mem 0x12100000-0x1211ffff]
[    0.556118] pci 0000:00:14.0: BAR 0: assigned [mem 0x12120000-0x1213ffff]
[    0.556716] pci 0000:00:15.0: BAR 0: assigned [mem 0x12140000-0x1215ffff]
[    0.557243] pci 0000:00:16.0: BAR 0: assigned [mem 0x12160000-0x1217ffff]
[    0.557767] pci 0000:00:12.0: BAR 6: assigned [mem 0x12180000-0x1218ffff pref]
[    0.558295] pci 0000:00:12.0: BAR 1: assigned [mem 0x12190000-0x12190fff]
[    0.558809] pci 0000:00:13.0: BAR 1: assigned [io  0x1040-0x107f]
[    0.559274] pci 0000:00:14.0: BAR 1: assigned [io  0x1080-0x10bf]
[    0.559742] pci 0000:00:15.0: BAR 1: assigned [io  0x10c0-0x10ff]
[    0.560230] pci 0000:00:16.0: BAR 1: assigned [io  0x1400-0x143f]
[    0.560717] pci 0000:00:0a.2: BAR 4: assigned [io  0x1440-0x145f]
[    0.561322] pci 0000:00:0a.1: BAR 4: assigned [io  0x1460-0x146f]
[    0.576232] cfg80211: Calling CRDA to update world regulatory domain
[    0.587715] Switched to clocksource MIPS
[    0.684724] NET: Registered protocol family 2
[    0.695037] TCP established hash table entries: 2048 (order: 1, 8192 bytes)
[    0.696102] TCP bind hash table entries: 2048 (order: 1, 8192 bytes)
[    0.696977] TCP: Hash tables configured (established 2048 bind 2048)
[    0.697958] UDP hash table entries: 256 (order: 0, 4096 bytes)
[    0.698540] UDP-Lite hash table entries: 256 (order: 0, 4096 bytes)
[    0.701917] NET: Registered protocol family 1
[    0.703332] PCI: Enabling device 0000:00:0a.2 (0000 -> 0001)
[    0.704852] PCI: CLS 0 bytes, default 16
[    0.734682] futex hash table entries: 256 (order: -1, 3072 bytes)
[    0.749136] squashfs: version 4.0 (2009/01/31) Phillip Lougher
[    0.751225] jffs2: version 2.2. (NAND) Â© 2001-2006 Red Hat, Inc.
[    0.754160] romfs: ROMFS MTD (C) 2007 Red Hat, Inc.
[    0.774858] Block layer SCSI generic (bsg) driver version 0.4 loaded (major 251)
[    0.775429] io scheduler noop registered
[    0.776209] io scheduler cfq registered (default)
[    0.777050] firmadyne: devfs: 1, execute: 1, procfs: 1, syscall: 1
[    0.781948] firmadyne: Cannot register character device: gpio, 0xfc, 0x0!
[    0.789282] firmadyne: Cannot register character device: watchdog, 0xa, 0x82!
[    0.789714] firmadyne: Cannot register character device: wdt, 0xfd, 0x0!
[    2.264768] strName = 4.1.17+
[    2.264768] init_task_addr  = 2155778944
[    2.264768] init_task_size  = 1296
[    2.264768] ts_tasks        = 292
[    2.264768] ts_pid          = 408
[    2.264768] ts_tgid         = 412
[    2.264768] ts_group_leader = 440
[    2.264768] ts_thread_group = 496
[    2.264768] ts_real_parent  = 416
[    2.264768] ts_mm           = 300
[    2.264768] ts_stack        = 4
[    2.266960] module_name   = 12
[    2.266960] module_size   = 208
[    2.266960] module_init   = 200
[    2.266960] module_list   = 4
[    2.267983] ts_real_cred    = 624
[    2.267983] ts_cred         = 628
[    2.267983] ts_comm         = 632
[    2.267983] cred_uid        = 4
[    2.267983] cred_gid        = 8
[    2.267983] cred_euid       = 20
[    2.267983] cred_egid       = 24
[    2.269409] mm_mmap         = 0
[    2.269409] mm_pgd          = 32
[    2.269409] mm_arg_start    = 136
[    2.269409] mm_start_brk    = 124
[    2.269409] mm_brk          = 128
[    2.269409] mm_start_stack  = 132
[    2.270649] vma_vm_start    = 0
[    2.270649] vma_vm_end      = 4
[    2.270649] vma_vm_next     = 8
[    2.270649] vma_vm_file     = 80
[    2.270649] vma_vm_flags    = 40
[    2.270649] vma_vm_pgoff    = 76
[    2.272027] file_dentry     = 12
[    2.272027] file_inode      = 40
[    2.272027] dentry_d_name   = 24
[    2.272027] dentry_d_iname  = 44
[    2.272027] dentry_d_parent = 16
[    2.272027] ti_task         = 0
[    2.272027] inode_ino   = 28
[    3.186463] proc_fork_connector  = 2151078840
[    3.186814] proc_exit_connector  = 2151080432
[    3.187125] proc_exec_connector  = 2151079052
[    3.187412] vma_link  = 2149124372
[    3.187784] vma_adjust  = 2149124540
[    3.188052] remove_vma  = 2149122188
[    3.188313] modules  = 2155833724
[    3.188564] trim_init_extable  = 2150545316
[    3.192032] PCI: Enabling device 0000:00:12.0 (0000 -> 0002)
[    3.193208] cirrusfb 0000:00:12.0: Cirrus Logic chipset on PCI bus, RAM (4096 kB) at 0x10000000
[    3.425634] Console: switching to colour frame buffer device 80x30
[    3.484019] Serial: 8250/16550 driver, 4 ports, IRQ sharing enabled
[    3.496374] console [ttyS0] disabled
[    3.523605] serial8250.0: ttyS0 at I/O 0x3f8 (irq = 4, base_baud = 115200) is a 16550A
[    3.524808] console [ttyS0] enabled
[    3.524808] console [ttyS0] enabled
[    3.525327] bootconsole [uart0] disabled
[    3.525327] bootconsole [uart0] disabled
[    3.556028] serial8250.0: ttyS1 at I/O 0x2f8 (irq = 3, base_baud = 115200) is a 16550A
[    3.662858] brd: module loaded
[    3.718534] loop: module loaded
[    3.724628] ata_piix 0000:00:0a.1: version 2.13
[    3.725165] PCI: Enabling device 0000:00:0a.1 (0000 -> 0001)
[    3.745934] cfg80211: Calling CRDA to update world regulatory domain
[    3.748838] scsi host0: ata_piix
[    3.753621] scsi host1: ata_piix
[    3.756986] ata1: PATA max UDMA/33 cmd 0x1f0 ctl 0x3f6 bmdma 0x1460 irq 14
[    3.757444] ata2: PATA max UDMA/33 cmd 0x170 ctl 0x376 bmdma 0x1468 irq 15
[    3.763294] [nandsim] warning: read_byte: unexpected data output cycle, state is STATE_READY return 0x0
[    3.763977] [nandsim] warning: read_byte: unexpected data output cycle, state is STATE_READY return 0x0
[    3.764497] [nandsim] warning: read_byte: unexpected data output cycle, state is STATE_READY return 0x0
[    3.765011] [nandsim] warning: read_byte: unexpected data output cycle, state is STATE_READY return 0x0
[    3.765522] [nandsim] warning: read_byte: unexpected data output cycle, state is STATE_READY return 0x0
[    3.766027] [nandsim] warning: read_byte: unexpected data output cycle, state is STATE_READY return 0x0
[    3.766701] nand: device found, Manufacturer ID: 0x98, Chip ID: 0x39
[    3.767081] nand: Toshiba NAND 128MiB 1,8V 8-bit
[    3.767432] nand: 128 MiB, SLC, erase size: 16 KiB, page size: 512, OOB size: 16
[    3.769064] flash size: 128 MiB
[    3.769300] page size: 512 bytes
[    3.769526] OOB area size: 16 bytes
[    3.769759] sector size: 16 KiB
[    3.769976] pages number: 262144
[    3.770203] pages per sector: 32
[    3.770421] bus width: 8
[    3.770616] bits in sector size: 14
[    3.770851] bits in page size: 9
[    3.771084] bits in OOB size: 4
[    3.771309] flash size with OOB: 135168 KiB
[    3.771567] page address bytes: 4
[    3.771900] sector address bytes: 3
[    3.772144] options: 0x42
[    3.845604] Scanning device for bad blocks
[    4.874755] ata2.01: NODEV after polling detection
[    4.875446] ata1.01: NODEV after polling detection
[    4.877294] ata2.00: ATAPI: QEMU DVD-ROM, 2.5+, max UDMA/100
[    4.878937] ata1.00: ATA-7: QEMU HARDDISK, 2.5+, max UDMA/100
[    4.879341] ata1.00: 2097152 sectors, multi 16: LBA48 
[    4.885008] ata2.00: configured for UDMA/33
[    4.886786] ata1.00: configured for UDMA/33
[    4.894397] scsi 0:0:0:0: Direct-Access     ATA      QEMU HARDDISK    2.5+ PQ: 0 ANSI: 5
[    4.908526] sd 0:0:0:0: [sda] 2097152 512-byte logical blocks: (1.07 GB/1.00 GiB)
[    4.909929] scsi 1:0:0:0: CD-ROM            QEMU     QEMU DVD-ROM     2.5+ PQ: 0 ANSI: 5
[    4.924718] sd 0:0:0:0: [sda] Write Protect is off
[    4.925169] sd 0:0:0:0: [sda] Mode Sense: 00 3a 00 00
[    4.926458] sd 0:0:0:0: [sda] Write cache: enabled, read cache: enabled, doesn't support DPO or FUA
[    4.936451]  sda: sda1
[    4.946901] sd 0:0:0:0: [sda] Attached SCSI disk
[    4.947411] Creating 11 MTD partitions on "NAND 128MiB 1,8V 8-bit":
[    4.948172] 0x000000000000-0x000000100000 : "NAND simulator partition 0"
[    4.958138] 0x000000100000-0x000000200000 : "NAND simulator partition 1"
[    4.967389] 0x000000200000-0x000000300000 : "NAND simulator partition 2"
[    4.977230] 0x000000300000-0x000000400000 : "NAND simulator partition 3"
[    4.986815] 0x000000400000-0x000000500000 : "NAND simulator partition 4"
[    4.996595] 0x000000500000-0x000000600000 : "NAND simulator partition 5"
[    5.006473] 0x000000600000-0x000000700000 : "NAND simulator partition 6"
[    5.016449] 0x000000700000-0x000000800000 : "NAND simulator partition 7"
[    5.026394] 0x000000800000-0x000000900000 : "NAND simulator partition 8"
[    5.035699] 0x000000900000-0x000000a00000 : "NAND simulator partition 9"
[    5.045201] 0x000000a00000-0x000008000000 : "NAND simulator partition 10"
[    5.085245] tun: Universal TUN/TAP device driver, 1.6
[    5.085605] tun: (C) 1999-2004 Max Krasnyansky <maxk@qualcomm.com>
[    5.088926] pcnet32: pcnet32.c:v1.35 21.Apr.2008 tsbogend@alpha.franken.de
[    5.090134] e1000: Intel(R) PRO/1000 Network Driver - version 7.3.21-k8-NAPI
[    5.090544] e1000: Copyright (c) 1999-2006 Intel Corporation.
[    5.091438] PCI: Enabling device 0000:00:13.0 (0000 -> 0003)
[    5.388468] e1000 0000:00:13.0 eth0: (PCI:33MHz:32-bit) 52:54:00:12:34:56
[    5.389061] e1000 0000:00:13.0 eth0: Intel(R) PRO/1000 Network Connection
[    5.389656] PCI: Enabling device 0000:00:14.0 (0000 -> 0003)
[    5.681310] e1000 0000:00:14.0 eth1: (PCI:33MHz:32-bit) 52:54:00:12:34:57
[    5.681784] e1000 0000:00:14.0 eth1: Intel(R) PRO/1000 Network Connection
[    5.682368] PCI: Enabling device 0000:00:15.0 (0000 -> 0003)
[    5.985832] e1000 0000:00:15.0 eth2: (PCI:33MHz:32-bit) 52:54:00:12:34:58
[    5.986320] e1000 0000:00:15.0 eth2: Intel(R) PRO/1000 Network Connection
[    5.986903] PCI: Enabling device 0000:00:16.0 (0000 -> 0003)
[    6.288875] e1000 0000:00:16.0 eth3: (PCI:33MHz:32-bit) 52:54:00:12:34:59
[    6.289338] e1000 0000:00:16.0 eth3: Intel(R) PRO/1000 Network Connection
[    6.290478] e1000e: Intel(R) PRO/1000 Network Driver - 2.3.2-k
[    6.290780] e1000e: Copyright(c) 1999 - 2014 Intel Corporation.
[    6.294618] PPP generic driver version 2.4.2
[    6.296629] PPP Deflate Compression module registered
[    6.297210] PPP MPPE Compression module registered
[    6.297567] NET: Registered protocol family 24
[    6.298191] ehci_hcd: USB 2.0 'Enhanced' Host Controller (EHCI) Driver
[    6.298628] ehci-pci: EHCI PCI platform driver
[    6.299631] ohci_hcd: USB 1.1 'Open' Host Controller (OHCI) Driver
[    6.300165] ohci-pci: OHCI PCI platform driver
[    6.301220] uhci_hcd: USB Universal Host Controller Interface driver
[    6.302768] uhci_hcd 0000:00:0a.2: UHCI Host Controller
[    6.303482] uhci_hcd 0000:00:0a.2: new USB bus registered, assigned bus number 1
[    6.304630] uhci_hcd 0000:00:0a.2: irq 11, io base 0x00001440
[    6.314926] hub 1-0:1.0: USB hub found
[    6.315665] hub 1-0:1.0: 2 ports detected
[    6.324227] usbcore: registered new interface driver usb-storage
[    6.328171] mousedev: PS/2 mouse device common for all mice
[    6.334073] rtc_cmos rtc_cmos: rtc core: registered rtc_cmos as rtc0
[    6.334855] rtc_cmos rtc_cmos: alarms up to one day, 242 bytes nvram
[    6.336341] i2c /dev entries driver
[    6.337475] piix4_smbus 0000:00:0a.3: SMBus Host Controller at 0x1100, revision 0
[    6.341810] sdhci: Secure Digital Host Controller Interface driver
[    6.342175] sdhci: Copyright(c) Pierre Ossman
[    6.344520] hidraw: raw HID events driver (C) Jiri Kosina
[    6.362050] usbcore: registered new interface driver usbhid
[    6.362407] usbhid: USB HID core driver
[    6.363421] Netfilter messages via NETLINK v0.30.
[    6.364816] nf_conntrack version 0.5.0 (3923 buckets, 15692 max)
[    6.368014] ctnetlink v0.93: registering with nfnetlink.
[    6.373331] ipip: IPv4 over IPv4 tunneling driver
[    6.385228] ip_tables: (C) 2000-2006 Netfilter Core Team
[    6.388090] arp_tables: (C) 2002 David S. Miller
[    6.389872] Initializing XFRM netlink socket
[    6.391057] NET: Registered protocol family 10
[    6.410893] ip6_tables: (C) 2000-2006 Netfilter Core Team
[    6.414533] sit: IPv6 over IPv4 tunneling driver
[    6.431318] NET: Registered protocol family 17
[    6.432362] bridge: automatic filtering via arp/ip/ip6tables has been deprecated. Update your scripts to load br_netfilter if you need this.
[    6.433445] Bridge firewalling registered
[    6.433838] Ebtables v2.0 registered
[    6.438014] 8021q: 802.1Q VLAN Support v1.8
[    6.458872] rtc_cmos rtc_cmos: setting system clock to 2025-07-23 16:03:05 UTC (1753286585)
[    6.480259] EXT2-fs (sda1): warning: mounting unchecked fs, running e2fsck is recommended
[    6.482445] VFS: Mounted root (ext2 filesystem) on device 8:1.
[    6.491334] Freeing YAMON memory: 956k freed
[    6.502084] Freeing unused kernel memory: 260K (8081f000 - 80860000)
[    6.536918] firmadyne: sys_reboot[PID: 48 (init)]: magic1:fee1dead, magic2:28121969, cmd:0
init started:  BusyBox v1.00 (2007.12.04-12:53+0000) multi-call binary
Starting pid 50, console /dev/tts/0: '/etc/init.d/rcS'
[    6.571971] spurious 8259A interrupt: IRQ7.
[    6.667868] firmadyne: do_execve: /firmadyne/console
[    6.668469] OFFSETS: offset of pid: 0x198 offset of comm: 0x278
[/etc/init.d/S03config.sh]
[    6.888073] cfg80211: Calling CRDA to update world regulatory domain
Mounting proc and var ...
[    7.228548] firmadyne: sys_socket[PID: 71 (wps)]: family:1, type:1, protocol:0
[    7.238944] firmadyne: sys_socket[PID: 71 (wps)]: family:1, type:1, protocol:0
[    7.251345] random: wps urandom read with 76 bits of entropy available
[    7.270434] firmadyne: sys_socket[PID: 71 (wps)]: family:1, type:1, protocol:0
[    8.282077] firmadyne: sys_socket[PID: 71 (wps)]: family:1, type:1, protocol:0
[    9.297740] firmadyne: sys_socket[PID: 71 (wps)]: family:1, type:1, protocol:0
[   10.033539] cfg80211: Calling CRDA to update world regulatory domain
[   10.309339] firmadyne: sys_socket[PID: 71 (wps)]: family:1, type:1, protocol:0
[   10.321001] firmadyne: sys_socket[PID: 71 (wps)]: family:1, type:1, protocol:0
Start xmldb ...
[   10.481651] firmadyne: sys_socket[PID: 74 (xmldb)]: family:1, type:2, protocol:0
[/etc/scripts/misc/profile.sh] get ...
Can't get config from nvram, generate default!
[/etc/scripts/misc/profile.sh] reset ...
[   11.930855] firmadyne: sys_socket[PID: 92 (rgdb)]: family:1, type:2, protocol:0
[/etc/scripts/misc/defnodes.sh] ...
[/etc/defnodes/S10setext.sh] ...
[   12.205371] firmadyne: sys_socket[PID: 100 (xmldbc)]: family:1, type:2, protocol:0
[   12.254570] firmadyne: sys_socket[PID: 101 (xmldbc)]: family:1, type:2, protocol:0
[   12.302301] firmadyne: sys_socket[PID: 102 (xmldbc)]: family:1, type:2, protocol:0
[   12.350559] firmadyne: sys_socket[PID: 103 (xmldbc)]: family:1, type:2, protocol:0
[   12.400332] firmadyne: sys_socket[PID: 104 (xmldbc)]: family:1, type:2, protocol:0
[   12.449006] firmadyne: sys_socket[PID: 105 (xmldbc)]: family:1, type:2, protocol:0
[   12.497426] firmadyne: sys_socket[PID: 106 (xmldbc)]: family:1, type:2, protocol:0
[   12.546214] firmadyne: sys_socket[PID: 107 (xmldbc)]: family:1, type:2, protocol:0
[   12.594143] firmadyne: sys_socket[PID: 108 (xmldbc)]: family:1, type:2, protocol:0
[   12.643099] firmadyne: sys_socket[PID: 109 (xmldbc)]: family:1, type:2, protocol:0
[   12.691255] firmadyne: sys_socket[PID: 110 (xmldbc)]: family:1, type:2, protocol:0
[   12.741032] firmadyne: sys_socket[PID: 111 (xmldbc)]: family:1, type:2, protocol:0
[   12.790139] firmadyne: sys_socket[PID: 112 (xmldbc)]: family:1, type:2, protocol:0
[   12.840103] firmadyne: sys_socket[PID: 113 (xmldbc)]: family:1, type:2, protocol:0
[   12.888794] firmadyne: sys_socket[PID: 114 (xmldbc)]: family:1, type:2, protocol:0
[   12.937985] firmadyne: sys_socket[PID: 115 (xmldbc)]: family:1, type:2, protocol:0
[   12.987015] firmadyne: sys_socket[PID: 116 (xmldbc)]: family:1, type:2, protocol:0
[   13.041063] firmadyne: sys_socket[PID: 117 (xmldbc)]: family:1, type:2, protocol:0
[   13.091104] firmadyne: sys_socket[PID: 118 (xmldbc)]: family:1, type:2, protocol:0
[   13.140986] firmadyne: sys_socket[PID: 119 (xmldbc)]: family:1, type:2, protocol:0
[   13.180050] cfg80211: Calling CRDA to update world regulatory domain
[   13.192132] firmadyne: sys_socket[PID: 120 (xmldbc)]: family:1, type:2, protocol:0
[   13.242056] firmadyne: sys_socket[PID: 121 (xmldbc)]: family:1, type:2, protocol:0
[   13.290647] firmadyne: sys_socket[PID: 122 (xmldbc)]: family:1, type:2, protocol:0
[   13.338390] firmadyne: sys_socket[PID: 123 (xmldbc)]: family:1, type:2, protocol:0
PHP [/etc/defnodes/S11setnodes.php] ...
[   13.433435] firmadyne: sys_socket[PID: 126 (rgdb)]: family:1, type:2, protocol:0
[   13.470763] random: nonblocking pool is initialized
PHP [/etc/defnodes/S12features.php] ...
[   13.883155] firmadyne: sys_socket[PID: 137 (rgdb)]: family:1, type:2, protocol:0
PHP [/etc/defnodes/S13flashspeed.php] ...
[   13.983414] firmadyne: sys_socket[PID: 140 (rgdb)]: family:1, type:2, protocol:0
PHP [/etc/defnodes/S20setnodes.php] ...
[   14.169163] firmadyne: sys_socket[PID: 145 (rgdb)]: family:1, type:2, protocol:0
[   14.289494] firmadyne: sys_socket[PID: 149 (xmldbc)]: family:1, type:2, protocol:0
[   14.424930] firmadyne: sys_socket[PID: 152 (xmldbc)]: family:1, type:2, protocol:0
[   14.539226] firmadyne: sys_socket[PID: 156 (xmldbc)]: family:1, type:2, protocol:0
[   14.661305] firmadyne: sys_socket[PID: 159 (xmldbc)]: family:1, type:2, protocol:0
[   14.759222] firmadyne: sys_socket[PID: 162 (xmldbc)]: family:1, type:2, protocol:0
[   14.808038] firmadyne: sys_socket[PID: 163 (xmldbc)]: family:1, type:2, protocol:0
[   14.856412] firmadyne: sys_socket[PID: 164 (xmldbc)]: family:1, type:2, protocol:0
[   14.904878] firmadyne: sys_socket[PID: 165 (xmldbc)]: family:1, type:2, protocol:0
[   14.952705] firmadyne: sys_socket[PID: 166 (xmldbc)]: family:1, type:2, protocol:0
[   15.002276] firmadyne: sys_socket[PID: 167 (xmldbc)]: family:1, type:2, protocol:0
[   15.051157] firmadyne: sys_socket[PID: 168 (xmldbc)]: family:1, type:2, protocol:0
[   15.188198] EXT3-fs (mtdblock6): error: can't find ext3 filesystem on dev mtdblock6.
[   15.193801] EXT2-fs (mtdblock6): error: can't find an ext2 filesystem on dev mtdblock6.
[   15.200767] EXT4-fs (mtdblock6): VFS: Can't find ext4 filesystem
[   15.212522] cramfs: wrong magic
[   15.218027] squashfs: SQUASHFS error: Can't find a SQUASHFS superblock on mtdblock6
[   15.223352] FAT-fs (mtdblock6): bogus logical sector size 65535
[   15.224194] FAT-fs (mtdblock6): Can't find a valid FAT filesystem
[   15.232890] romfs: VFS: Can't find a romfs filesystem on dev mtdblock6.
[   15.238313] UDF-fs: warning (device mtdblock6): udf_load_vrs: No VRS found
[   15.239011] UDF-fs: warning (device mtdblock6): udf_fill_super: No partition found (2)
mount: Mounting /dev/mtdblock/6 on /www/locale/alt failed: Invalid argument
[   15.352957] firmadyne: sys_socket[PID: 177 (xmldbc)]: family:1, type:2, protocol:0
[   15.522148] firmadyne: sys_socket[PID: 184 (xmldbc)]: family:1, type:2, protocol:0
[   15.628088] firmadyne: sys_socket[PID: 187 (xmldbc)]: family:1, type:2, protocol:0
[   15.678182] firmadyne: sys_socket[PID: 188 (xmldbc)]: family:1, type:2, protocol:0
PHP [/etc/defnodes/S40brand.php] ...
[   15.771037] firmadyne: sys_socket[PID: 191 (rgdb)]: family:1, type:2, protocol:0
[/etc/scripts/misc/defnodes.sh] Done !!
[/etc/scripts/misc/profile.sh] put ...
[   16.097809] firmadyne: sys_socket[PID: 200 (rgdb)]: family:1, type:2, protocol:0
[   16.324082] cfg80211: Calling CRDA to update world regulatory domain
ok
[/etc/templates/timezone.sh] ...
[   16.530515] firmadyne: sys_socket[PID: 209 (rgdb)]: family:1, type:2, protocol:0
[   16.686166] firmadyne: sys_socket[PID: 214 (rgdb)]: family:1, type:2, protocol:0
[   17.190015] firmadyne: sys_socket[PID: 218 (rgdb)]: family:1, type:2, protocol:0
[   17.262201] firmadyne: sys_socket[PID: 220 (rgdb)]: family:1, type:2, protocol:0
[   17.331126] firmadyne: sys_socket[PID: 222 (rgdb)]: family:1, type:2, protocol:0
[/etc/templates/logs.sh] ...
[   17.502602] firmadyne: sys_socket[PID: 228 (rgdb)]: family:1, type:2, protocol:0
[   17.583036] firmadyne: sys_socket[PID: 230 (rgdb)]: family:1, type:2, protocol:0
[/var/run/logs_run.sh] ...
[   17.852612] firmadyne: sys_socket[PID: 234 (syslogd)]: family:1, type:1, protocol:0
Inserting modules ...
Using /lib/modules/wlan.o
insmod: Not configured to support old kernels
Using /lib/modules/wlan_xauth.o
insmod: Not configured to support old kernels
Using /lib/modules/wlan_wep.o
insmod: Not configured to support old kernels
Using /lib/modules/wlan_tkip.o
insmod: Not configured to support old kernels
Using /lib/modules/wlan_scan_sta.o
insmod: Not configured to support old kernels
Using /lib/modules/wlan_scan_ap.o
insmod: Not configured to support old kernels
Using /lib/modules/wlan_ccmp.o
insmod: Not configured to support old kernels
Using /lib/modules/wlan_acl.o
insmod: Not configured to support old kernels
Using /lib/modules/ath_hal.o
insmod: Not configured to support old kernels
Using /lib/modules/ath_rate_atheros.o
insmod: Not configured to support old kernels
Using /lib/modules/ath_dfs.o
insmod: Not configured to support old kernels
[   18.469730] firmadyne: sys_socket[PID: 253 (rgdb)]: family:1, type:2, protocol:0
The countrycode is 840.
Using /lib/modules/ath_ahb.o
insmod: Not configured to support old kernels
[   18.732071] firmadyne: sys_socket[PID: 260 (wlanconfig)]: family:2, type:1, protocol:0
wlanconfig: ioctl: No such device
[   18.882810] firmadyne: sys_socket[PID: 268 (ifconfig)]: family:2, type:1, protocol:0
SIOCSIFHWADDR: No such device
Using /lib/modules/ar231x_access.o
insmod: Not configured to support old kernels
[   19.057135] firmadyne: sys_socket[PID: 277 (ifconfig)]: family:2, type:1, protocol:0
[   19.075112] IPv6: ADDRCONF(NETDEV_UP): eth0: link is not ready
[   19.075829] 8021q: adding VLAN 0 to HW filter on device eth0
[   19.080445] e1000: eth0 NIC Link is Up 1000 Mbps Full Duplex, Flow Control: RX
[   19.082338] IPv6: ADDRCONF(NETDEV_CHANGE): eth0: link becomes ready
[   19.138504] firmadyne: sys_socket[PID: 278 (rgdb)]: family:1, type:2, protocol:0
[   19.206200] firmadyne: sys_socket[PID: 280 (rgdb)]: family:1, type:2, protocol:0
[   19.290129] firmadyne: sys_socket[PID: 282 (rgdb)]: family:1, type:2, protocol:0
[   19.359405] firmadyne: sys_socket[PID: 284 (vconfig)]: family:2, type:2, protocol:0
Set name-type for VLAN subsystem. Should be visible in /proc/net/vlan/config
[   19.409137] firmadyne: sys_socket[PID: 285 (vconfig)]: family:2, type:2, protocol:0
[   19.410579] firmadyne: register_vlan_dev[PID: 285 (vconfig)]: dev:eth0.0 vlan_id:0
[   19.468077] cfg80211: Calling CRDA to update world regulatory domain
[   19.475009] firmadyne: sys_socket[PID: 286 (vconfig)]: family:2, type:2, protocol:0
[   19.477762] firmadyne: register_vlan_dev[PID: 286 (vconfig)]: dev:eth0.2 vlan_id:2
[   19.536847] firmadyne: sys_socket[PID: 287 (brctl)]: family:2, type:2, protocol:0
[   19.598647] firmadyne: sys_socket[PID: 288 (brctl)]: family:2, type:2, protocol:0
[   19.603413] firmadyne: sys_socket[PID: 288 (brctl)]: family:10, type:1, protocol:0
[   19.649545] firmadyne: sys_socket[PID: 289 (brctl)]: family:2, type:2, protocol:0
[   19.654031] firmadyne: sys_socket[PID: 289 (brctl)]: family:10, type:1, protocol:0
[   19.678361] firmadyne: sys_socket[PID: 290 (ifconfig)]: family:2, type:1, protocol:0
[   19.681759] firmadyne: __inet_insert_ifa[PID: 290 (ifconfig)]: device:br0 ifa:0x00000000
[/etc/templates/webs.sh] start ...
[   19.828016] firmadyne: sys_socket[PID: 294 (rgdb)]: family:1, type:2, protocol:0
[   19.933956] firmadyne: sys_socket[PID: 295 (rgdb)]: family:1, type:2, protocol:0
[/var/run/webs_start.sh] ...
Starting HTTPD ...
[/etc/init.d/S03config.sh] done!
[/etc/init.d/S10system.sh]
[   20.266075] firmadyne: sys_socket[PID: 304 (rgdb)]: family:1, type:2, protocol:0
start scheduled ...
[/etc/templates/scheduled.sh] start ...
[   20.555344] firmadyne: sys_socket[PID: 309 (rgdb)]: family:1, type:2, protocol:0
[   20.624149] firmadyne: sys_socket[PID: 312 (route)]: family:2, type:1, protocol:0
[   20.757434] firmadyne: sys_socket[PID: 313 (httpd)]: family:2, type:2, protocol:0
[   20.758549] firmadyne: sys_setsockopt[PID: 313 (httpd)]: fd:4, level:65535, optname:4
[   20.768118] firmadyne: sys_setsockopt[PID: 313 (httpd)]: fd:4, level:65535, optname:25
[   20.769131] firmadyne: inet_bind[PID: 313 (httpd)]: proto:SOCK_STREAM, port:49152
[   20.770658] firmadyne: sys_socket[PID: 313 (httpd)]: family:2, type:1, protocol:0
[   20.771483] firmadyne: sys_setsockopt[PID: 313 (httpd)]: fd:5, level:65535, optname:4
[   20.776265] firmadyne: sys_socket[PID: 315 (xmldbc)]: family:1, type:2, protocol:0
[   20.781352] firmadyne: sys_setsockopt[PID: 313 (httpd)]: fd:5, level:65535, optname:25
[   20.782146] firmadyne: inet_bind[PID: 313 (httpd)]: proto:SOCK_DGRAM, port:1900
[   20.783035] firmadyne: sys_setsockopt[PID: 313 (httpd)]: fd:5, level:0, optname:35
[   20.786323] firmadyne: sys_socket[PID: 313 (httpd)]: family:2, type:2, protocol:0
[   20.787175] firmadyne: sys_setsockopt[PID: 313 (httpd)]: fd:6, level:65535, optname:4
[   20.795228] firmadyne: sys_setsockopt[PID: 313 (httpd)]: fd:6, level:65535, optname:25
[   20.801095] firmadyne: inet_bind[PID: 313 (httpd)]: proto:SOCK_STREAM, port:80
[   20.866520] firmadyne: sys_socket[PID: 313 (httpd)]: family:1, type:1, protocol:0
[   20.890870] firmadyne: sys_socket[PID: 316 (xmldbc)]: family:1, type:2, protocol:0
[/var/run/scheduled_start.sh] ...
Start scheduled ...
setup layout ...
[   21.084492] firmadyne: sys_socket[PID: 320 (scheduled)]: family:1, type:1, protocol:0
[/etc/scripts/layout.sh] start ...
[   21.194882] firmadyne: sys_socket[PID: 325 (rgdb)]: family:1, type:2, protocol:0
[   21.314621] firmadyne: sys_socket[PID: 326 (rgdb)]: family:1, type:2, protocol:0
[/var/run/layout_start.sh] ...
Start router layout ...
/proc/driver/ae531x: cannot create
/proc/driver/ae531x: cannot create
/proc/driver/ae531x: cannot create
/proc/driver/ae531x: cannot create
/proc/driver/ae531x: cannot create
/proc/driver/ae531x: cannot create
/proc/driver/ae531x: cannot create
/proc/driver/ae531x: cannot create
/proc/driver/ae531x: cannot create
/proc/driver/ae531x: cannot create
[   21.584765] firmadyne: sys_socket[PID: 340 (ifconfig)]: family:2, type:1, protocol:0
[   21.607524] firmadyne: sys_socket[PID: 341 (ifconfig)]: family:2, type:1, protocol:0
[   21.653948] firmadyne: sys_socket[PID: 342 (brctl)]: family:2, type:2, protocol:0
[   21.658532] firmadyne: sys_socket[PID: 342 (brctl)]: family:10, type:1, protocol:0
[   21.662771] firmadyne: sys_socket[PID: 342 (brctl)]: family:10, type:1, protocol:0
interface ath0 does not exist!
[   21.728033] firmadyne: sys_socket[PID: 347 (brctl)]: family:2, type:2, protocol:0
[   21.731227] firmadyne: sys_socket[PID: 347 (brctl)]: family:10, type:1, protocol:0
[   21.736192] firmadyne: sys_socket[PID: 347 (brctl)]: family:10, type:1, protocol:0
[   21.737511] firmadyne: br_add_if[PID: 347 (brctl)]: br:br0 dev:eth0.0
[   21.742868] device eth0.0 entered promiscuous mode
[   21.743325] device eth0 entered promiscuous mode
[   21.746321] br0: port 1(eth0.0) entered forwarding state
[   21.747198] br0: port 1(eth0.0) entered forwarding state
[   21.792068] firmadyne: sys_socket[PID: 348 (brctl)]: family:2, type:2, protocol:0
[   21.795112] firmadyne: sys_socket[PID: 348 (brctl)]: family:10, type:1, protocol:0
[   21.800282] firmadyne: sys_socket[PID: 348 (brctl)]: family:10, type:1, protocol:0
can't find port ath0 in bridge br0
[   21.842368] firmadyne: sys_socket[PID: 353 (ifconfig)]: family:2, type:1, protocol:0
[   21.888643] firmadyne: sys_socket[PID: 354 (rgdb)]: family:1, type:2, protocol:0
start LAN ...
[/etc/templates/lan.sh] ...
[   22.058044] firmadyne: sys_socket[PID: 359 (rgdb)]: family:1, type:2, protocol:0
[   22.310350] firmadyne: sys_socket[PID: 360 (rgdb)]: family:1, type:2, protocol:0
[/var/run/lan_start.sh] ...
Start LAN (br0/192.168.0.1/255.255.255.0)...
[   22.542552] firmadyne: sys_socket[PID: 364 (ifconfig)]: family:2, type:1, protocol:0
[   22.545816] firmadyne: __inet_insert_ifa[PID: 364 (ifconfig)]: device:br0 ifa:0xc0a80001
Start DHCP server (br0) ...
[   22.612121] cfg80211: Calling CRDA to update world regulatory domain
start fresetd ...
[   22.736790] firmadyne: sys_socket[PID: 368 (dhcpxmlpatch)]: family:1, type:2, protocol:0
[   22.801702] firmadyne: sys_socket[PID: 367 (udhcpd)]: family:2, type:3, protocol:255
enable LAN ports ...
[   22.816438] firmadyne: sys_socket[PID: 367 (udhcpd)]: family:2, type:1, protocol:17
[   22.817370] firmadyne: sys_setsockopt[PID: 367 (udhcpd)]: fd:5, level:65535, optname:4
[   22.818165] firmadyne: sys_setsockopt[PID: 367 (udhcpd)]: fd:5, level:65535, optname:32
[   22.818947] firmadyne: sys_setsockopt[PID: 367 (udhcpd)]: fd:5, level:65535, optname:25
[   22.836060] firmadyne: inet_bind[PID: 367 (udhcpd)]: proto:SOCK_DGRAM, port:67
Factory reset time : 5 secs
WPS command : [/etc/templates/wps.sh pbc &]
gpio_outen: can not open [/proc/ar231x/gpio_cr7] to write.
/proc/driver/ae531x: cannot create
/proc/driver/ae531x: cannot create
/proc/driver/ae531x: cannot create
/proc/driver/ae531x: cannot create
start WLAN ...
[/etc/templates/wlan.sh] start ...
[   23.076283] firmadyne: sys_socket[PID: 383 (rgdb)]: family:1, type:2, protocol:0
[   23.486132] firmadyne: inet_accept[PID: 313 (httpd)]:
[   23.489752] firmadyne: inet_accept[PID: 313 (httpd)]:
[   23.583368] firmadyne: sys_socket[PID: 386 (rgdb)]: family:1, type:2, protocol:0
[/var/run/wlan_start.sh] ...
Start WLAN interface ath0 ...
[   23.876786] firmadyne: sys_socket[PID: 390 (iwpriv)]: family:2, type:1, protocol:0
ath0      no private ioctls.

[   23.922697] firmadyne: sys_socket[PID: 391 (iwpriv)]: family:2, type:1, protocol:0
ath0      no private ioctls.

[   23.968525] firmadyne: sys_socket[PID: 392 (iwpriv)]: family:2, type:1, protocol:0
ath0      no private ioctls.

[   24.034062] firmadyne: sys_socket[PID: 393 (brctl)]: family:2, type:2, protocol:0
[   24.039187] firmadyne: sys_socket[PID: 393 (brctl)]: family:10, type:1, protocol:0
[   24.041853] firmadyne: sys_socket[PID: 393 (brctl)]: family:10, type:1, protocol:0
can't find port ath0 in bridge br0
[   24.107059] firmadyne: sys_socket[PID: 398 (iwpriv)]: family:2, type:1, protocol:0
ath0      no private ioctls.

[   24.155314] firmadyne: sys_socket[PID: 399 (iwpriv)]: family:2, type:1, protocol:0
ath0      no private ioctls.

[   24.200908] firmadyne: sys_socket[PID: 400 (iwpriv)]: family:2, type:1, protocol:0
ath0      no private ioctls.

[   24.246370] firmadyne: sys_socket[PID: 401 (iwpriv)]: family:2, type:1, protocol:0
ath0      no private ioctls.

[   24.299341] firmadyne: sys_socket[PID: 402 (iwpriv)]: family:2, type:1, protocol:0
ath0      no private ioctls.

[   24.342914] firmadyne: sys_socket[PID: 403 (iwconfig)]: family:2, type:1, protocol:0
Error for wireless request "Set Frequency" (8B04) :
    SET failed on device ath0 ; Invalid argument.
[   24.392747] firmadyne: sys_socket[PID: 404 (iwconfig)]: family:2, type:1, protocol:0
Error for wireless request "Set RTS Threshold" (8B22) :
    SET failed on device ath0 ; Invalid argument.
[   24.443648] firmadyne: sys_socket[PID: 405 (iwconfig)]: family:2, type:1, protocol:0
Error for wireless request "Set Fragmentation Threshold" (8B24) :
    SET failed on device ath0 ; Invalid argument.
[   24.493517] firmadyne: sys_socket[PID: 406 (iwconfig)]: family:2, type:1, protocol:0
Error for wireless request "Set Bit Rate" (8B20) :
    SET failed on device ath0 ; Invalid argument.
[   24.591174] firmadyne: sys_socket[PID: 407 (iwpriv)]: family:2, type:1, protocol:0
ath0      no private ioctls.

[   24.636366] firmadyne: sys_socket[PID: 408 (atp)]: family:1, type:2, protocol:0
[   24.685029] firmadyne: sys_socket[PID: 409 (iwpriv)]: family:2, type:1, protocol:0
ath0      no private ioctls.

/proc/net/br_forward_br0: cannot create
[   24.800571] firmadyne: sys_socket[PID: 411 (iwpriv)]: family:2, type:1, protocol:0
ath0      no private ioctls.

[   24.888829] firmadyne: sys_socket[PID: 412 (iwpriv)]: family:2, type:1, protocol:0
ath0      no private ioctls.

[   24.976535] firmadyne: sys_socket[PID: 413 (iwpriv)]: family:2, type:1, protocol:0
ath0      no private ioctls.

[   25.065801] firmadyne: sys_socket[PID: 414 (iwpriv)]: family:2, type:1, protocol:0
ath0      no private ioctls.

[   25.162081] firmadyne: sys_socket[PID: 415 (iwconfig)]: family:2, type:1, protocol:0
Error for wireless request "Set ESSID" (8B1A) :
    SET failed on device ath0 ; Invalid argument.
[   25.289161] firmadyne: sys_socket[PID: 418 (ifconfig)]: family:2, type:1, protocol:0
SIOCGIFFLAGS: No such device
[   25.428277] firmadyne: sys_socket[PID: 417 (wlxmlpatch)]: family:1, type:2, protocol:0
Configuration file: /var/run/hostapd.ath0.conf
[   25.475150] firmadyne: sys_socket[PID: 416 (hostapd)]: family:2, type:1, protocol:0
[   25.517498] firmadyne: sys_socket[PID: 423 (usockc)]: family:1, type:1, protocol:0
Unable to open socket file : /var/run/fresetd_unixsock
ioctl(SIOCGIFINDEX): No such device
madwifi driver initialization failed.
[   25.610563] firmadyne: sys_socket[PID: 417 (wlxmlpatch)]: family:1, type:2, protocol:0
[   25.621612] firmadyne: sys_socket[PID: 417 (wlxmlpatch)]: family:2, type:1, protocol:0
madwifi_poll: ioctl_get_ssid() fail, return -1 !
[   25.629297] firmadyne: sys_socket[PID: 417 (wlxmlpatch)]: family:1, type:2, protocol:0
[/etc/templates/wps.sh] setie ...
[   25.752755] firmadyne: sys_socket[PID: 430 (xmldbc)]: family:1, type:2, protocol:0
[   25.757752] cfg80211: Calling CRDA to update world regulatory domain
[   25.867597] firmadyne: sys_socket[PID: 431 (wps)]: family:1, type:1, protocol:0
[   26.783545] firmadyne: sys_socket[PID: 432 (atp)]: family:1, type:2, protocol:0
[   27.610913] firmadyne: sys_socket[PID: 433 (atp)]: family:1, type:2, protocol:0
[   28.900000] cfg80211: Calling CRDA to update world regulatory domain
[   29.093478] firmadyne: sys_socket[PID: 431 (wps)]: family:1, type:1, protocol:0
[   29.904430] firmadyne: sys_socket[PID: 434 (atp)]: family:1, type:2, protocol:0
[   30.101923] firmadyne: sys_socket[PID: 431 (wps)]: family:1, type:1, protocol:0
[   30.478669] firmadyne: sys_socket[PID: 435 (atp)]: family:1, type:2, protocol:0
[   31.057881] firmadyne: sys_socket[PID: 436 (atp)]: family:1, type:2, protocol:0
[   31.120964] firmadyne: sys_socket[PID: 431 (wps)]: family:1, type:1, protocol:0
[   31.625497] firmadyne: sys_socket[PID: 437 (atp)]: family:1, type:2, protocol:0
[   32.045766] cfg80211: Calling CRDA to update world regulatory domain
[   32.138442] firmadyne: sys_socket[PID: 431 (wps)]: family:1, type:1, protocol:0
[   32.156121] firmadyne: sys_socket[PID: 431 (wps)]: family:1, type:1, protocol:0
[   32.157715] firmadyne: sys_socket[PID: 431 (wps)]: family:1, type:1, protocol:0
[   32.204601] firmadyne: sys_socket[PID: 438 (atp)]: family:1, type:2, protocol:0
[   32.775556] firmadyne: sys_socket[PID: 439 (atp)]: family:1, type:2, protocol:0
[   33.169989] firmadyne: sys_socket[PID: 431 (wps)]: family:1, type:1, protocol:0
[   33.352213] firmadyne: sys_socket[PID: 440 (atp)]: family:1, type:2, protocol:0
[   34.189835] firmadyne: sys_socket[PID: 431 (wps)]: family:1, type:1, protocol:0
[   34.374952] firmadyne: sys_socket[PID: 441 (atp)]: family:1, type:2, protocol:0
[   35.192021] cfg80211: Exceeded CRDA call max attempts. Not calling CRDA
[   35.208757] firmadyne: sys_socket[PID: 431 (wps)]: family:1, type:1, protocol:0
[   35.211316] firmadyne: sys_socket[PID: 431 (wps)]: family:1, type:1, protocol:0
Start WLAN interface ath0 Done !!!
start Guest Zone
[/etc/templates/gzone.sh] ...
[   35.582114] firmadyne: sys_socket[PID: 448 (xmldbc)]: family:1, type:2, protocol:0
[   35.820406] firmadyne: sys_socket[PID: 449 (xmldbc)]: family:1, type:2, protocol:0
[/etc/templates/enable_gzone.sh] ...
start RG ...
[/etc/templates/rg.sh] start ...
[   36.079026] firmadyne: sys_socket[PID: 458 (rgdb)]: family:1, type:2, protocol:0
[   36.135627] firmadyne: sys_socket[PID: 459 (rgdb)]: family:1, type:2, protocol:0
[/usr/sbin/submit] COMMIT ...
[   36.636984] firmadyne: sys_socket[PID: 465 (xmldbc)]: family:1, type:2, protocol:0
[/var/run/rg_start.sh] ...
[   36.898577] firmadyne: sys_socket[PID: 468 (iptables)]: family:2, type:3, protocol:255
[   36.910918] firmadyne: sys_setsockopt[PID: 468 (iptables)]: fd:3, level:0, optname:64
[   36.920578] firmadyne: sys_setsockopt[PID: 468 (iptables)]: fd:3, level:0, optname:65
[/etc/scripts/misc/profile.sh] put ...
[   37.017655] firmadyne: sys_socket[PID: 471 (iptables)]: family:2, type:3, protocol:255
modprobe: could not parse modules.dep

[   37.083593] firmadyne: sys_socket[PID: 471 (iptables)]: family:2, type:3, protocol:255
iptables v1.2.9: can't initialize iptables table `nat': Table does not exist (do you need to insmod?)
Perhaps iptables or your kernel needs to be upgraded.
[   37.197639] firmadyne: sys_socket[PID: 481 (rgdb)]: family:1, type:2, protocol:0
[   37.205972] firmadyne: sys_socket[PID: 480 (iptables)]: family:2, type:3, protocol:255
[   37.222725] firmadyne: sys_setsockopt[PID: 480 (iptables)]: fd:3, level:0, optname:64
[   37.232246] firmadyne: sys_setsockopt[PID: 480 (iptables)]: fd:3, level:0, optname:65
[   37.321338] firmadyne: sys_socket[PID: 482 (iptables)]: family:2, type:3, protocol:255
[   37.428278] firmadyne: sys_socket[PID: 483 (iptables)]: family:2, type:3, protocol:255
modprobe: could not parse modules.dep

[   37.488318] firmadyne: sys_socket[PID: 483 (iptables)]: family:2, type:3, protocol:255
iptables v1.2.9: can't initialize iptables table `nat': Table does not exist (do you need to insmod?)
Perhaps iptables or your kernel needs to be upgraded.
[   37.602727] firmadyne: sys_socket[PID: 490 (iptables)]: family:2, type:3, protocol:255
[   37.707017] firmadyne: sys_socket[PID: 491 (iptables)]: family:2, type:3, protocol:255
[   37.718367] firmadyne: sys_setsockopt[PID: 491 (iptables)]: fd:3, level:0, optname:64
[   37.721354] firmadyne: sys_setsockopt[PID: 491 (iptables)]: fd:3, level:0, optname:65
[   37.823267] firmadyne: sys_socket[PID: 493 (iptables)]: family:2, type:3, protocol:255
[   37.838892] firmadyne: sys_setsockopt[PID: 493 (iptables)]: fd:3, level:0, optname:64
[   37.842814] firmadyne: sys_setsockopt[PID: 493 (iptables)]: fd:3, level:0, optname:65
ok
[   37.936032] firmadyne: sys_socket[PID: 494 (iptables)]: family:2, type:3, protocol:255
[   37.939350] firmadyne: sys_setsockopt[PID: 494 (iptables)]: fd:3, level:0, optname:64
[   37.948325] firmadyne: sys_setsockopt[PID: 494 (iptables)]: fd:3, level:0, optname:65
[   38.050957] firmadyne: sys_socket[PID: 498 (iptables)]: family:2, type:3, protocol:255
modprobe: could not parse modules.dep

[   38.112348] firmadyne: sys_socket[PID: 498 (iptables)]: family:2, type:3, protocol:255
[/usr/sbin/submit] DHCPD ...
iptables v1.2.9: can't initialize iptables table `nat': Table does not exist (do you need to insmod?)
Perhaps iptables or your kernel needs to be upgraded.
[   38.234472] firmadyne: sys_socket[PID: 508 (iptables)]: family:2, type:3, protocol:255
[   38.241334] firmadyne: sys_socket[PID: 509 (xmldbc)]: family:1, type:2, protocol:0
modprobe: could not parse modules.dep

[   38.302158] firmadyne: sys_socket[PID: 508 (iptables)]: family:2, type:3, protocol:255
iptables v1.2.9: can't initialize iptables table `nat': Table does not exist (do you need to insmod?)
Perhaps iptables or your kernel needs to be upgraded.
[   38.440319] firmadyne: sys_socket[PID: 515 (iptables)]: family:2, type:3, protocol:255
[   38.452354] firmadyne: sys_setsockopt[PID: 515 (iptables)]: fd:3, level:0, optname:64
[   38.454078] firmadyne: sys_setsockopt[PID: 515 (iptables)]: fd:3, level:0, optname:65
[/etc/templates/dhcpd.sh] ...
[   38.555057] firmadyne: sys_socket[PID: 518 (iptables)]: family:2, type:3, protocol:255
[   38.605771] firmadyne: sys_socket[PID: 520 (rgdb)]: family:1, type:2, protocol:0
modprobe: could not parse modules.dep

[   38.617635] firmadyne: sys_socket[PID: 518 (iptables)]: family:2, type:3, protocol:255
iptables v1.2.9: can't initialize iptables table `nat': Table does not exist (do you need to insmod?)
Perhaps iptables or your kernel needs to be upgraded.
[   38.754024] firmadyne: sys_socket[PID: 527 (iptables)]: family:2, type:3, protocol:255
[   38.759584] firmadyne: sys_socket[PID: 528 (rgdb)]: family:1, type:2, protocol:0
modprobe: could not parse modules.dep

[   38.819743] firmadyne: sys_socket[PID: 527 (iptables)]: family:2, type:3, protocol:255
iptables v1.2.9: can't initialize iptables table `nat': Table does not exist (do you need to insmod?)
Perhaps iptables or your kernel needs to be upgraded.
[   38.941056] firmadyne: sys_socket[PID: 534 (iptables)]: family:2, type:3, protocol:255
modprobe: could not parse modules.dep

[   38.997833] firmadyne: sys_socket[PID: 534 (iptables)]: family:2, type:3, protocol:255
iptables v1.2.9: can't initialize iptables table `nat': Table does not exist (do you need to insmod?)
Perhaps iptables or your kernel needs to be upgraded.
[   39.120039] firmadyne: sys_socket[PID: 540 (iptables)]: family:2, type:3, protocol:255
modprobe: could not parse modules.dep

[   39.176719] firmadyne: sys_socket[PID: 540 (iptables)]: family:2, type:3, protocol:255
iptables v1.2.9: can't initialize iptables table `nat': Table does not exist (do you need to insmod?)
Perhaps iptables or your kernel needs to be upgraded.
[   39.297028] firmadyne: sys_socket[PID: 546 (iptables)]: family:2, type:3, protocol:255
modprobe: could not parse modules.dep

[   39.352784] firmadyne: sys_socket[PID: 546 (iptables)]: family:2, type:3, protocol:255
iptables v1.2.9: can't initialize iptables table `nat': Table does not exist (do you need to insmod?)
Perhaps iptables or your kernel needs to be upgraded.
[   39.471422] firmadyne: sys_socket[PID: 552 (iptables)]: family:2, type:3, protocol:255
[/var/run/dhcpd_restart.sh] ...
modprobe: could not parse modules.dep

[   39.539565] firmadyne: sys_socket[PID: 552 (iptables)]: family:2, type:3, protocol:255
Stop DHCP server (br0) ...
iptables v1.2.9: can't initialize iptables table `nat': Table does not exist (do you need to insmod?)
Perhaps iptables or your kernel needs to be upgraded.
[   39.669078] firmadyne: sys_socket[PID: 561 (iptables)]: family:2, type:3, protocol:255
modprobe: could not parse modules.dep

[   39.736752] firmadyne: sys_socket[PID: 561 (iptables)]: family:2, type:3, protocol:255
iptables v1.2.9: can't initialize iptables table `nat': Table does not exist (do you need to insmod?)
Perhaps iptables or your kernel needs to be upgraded.
[   39.866447] firmadyne: sys_socket[PID: 572 (iptables)]: family:2, type:3, protocol:255
modprobe: could not parse modules.dep

[   39.921317] firmadyne: sys_socket[PID: 572 (iptables)]: family:2, type:3, protocol:255
iptables v1.2.9: can't initialize iptables table `nat': Table does not exist (do you need to insmod?)
Perhaps iptables or your kernel needs to be upgraded.
[   40.064908] firmadyne: sys_socket[PID: 582 (iptables)]: family:2, type:3, protocol:255
Start DHCP server (br0) ...
modprobe: could not parse modules.dep

[   40.134337] firmadyne: sys_socket[PID: 582 (iptables)]: family:2, type:3, protocol:255
iptables v1.2.9: can't initialize iptables table `nat': Table does not exist (do you need to insmod?)
Perhaps iptables or your kernel needs to be upgraded.
[   40.269195] firmadyne: sys_socket[PID: 592 (dhcpxmlpatch)]: family:1, type:2, protocol:0
[   40.307729] firmadyne: sys_socket[PID: 591 (udhcpd)]: family:2, type:3, protocol:255
[   40.314185] firmadyne: sys_socket[PID: 591 (udhcpd)]: family:2, type:1, protocol:17
[   40.315078] firmadyne: sys_setsockopt[PID: 591 (udhcpd)]: fd:6, level:65535, optname:4
[   40.324009] firmadyne: sys_setsockopt[PID: 591 (udhcpd)]: fd:6, level:65535, optname:32
[   40.324817] firmadyne: sys_setsockopt[PID: 591 (udhcpd)]: fd:6, level:65535, optname:25
[   40.325650] firmadyne: inet_bind[PID: 591 (udhcpd)]: proto:SOCK_DGRAM, port:67
[   40.332384] firmadyne: sys_socket[PID: 596 (iptables)]: family:2, type:3, protocol:255
modprobe: could not parse modules.dep

[   40.361042] firmadyne: sys_socket[PID: 596 (iptables)]: family:2, type:3, protocol:255
iptables v1.2.9: can't initialize iptables table `nat': Table does not exist (do you need to insmod?)
Perhaps iptables or your kernel needs to be upgraded.
[   40.424594] firmadyne: sys_socket[PID: 602 (iptables)]: family:2, type:3, protocol:255
modprobe: could not parse modules.dep

[   40.452748] firmadyne: sys_socket[PID: 602 (iptables)]: family:2, type:3, protocol:255
iptables v1.2.9: can't initialize iptables table `nat': Table does not exist (do you need to insmod?)
Perhaps iptables or your kernel needs to be upgraded.
[   40.514724] firmadyne: sys_socket[PID: 608 (iptables)]: family:2, type:3, protocol:255
modprobe: could not parse modules.dep

[   40.542889] firmadyne: sys_socket[PID: 608 (iptables)]: family:2, type:3, protocol:255
iptables v1.2.9: can't initialize iptables table `nat': Table does not exist (do you need to insmod?)
Perhaps iptables or your kernel needs to be upgraded.
[   40.605803] firmadyne: sys_socket[PID: 614 (iptables)]: family:2, type:3, protocol:255
[   40.610211] firmadyne: sys_setsockopt[PID: 614 (iptables)]: fd:3, level:0, optname:64
[   40.611683] firmadyne: sys_setsockopt[PID: 614 (iptables)]: fd:3, level:0, optname:65
[   40.660788] firmadyne: sys_socket[PID: 615 (iptables)]: family:2, type:3, protocol:255
[   40.665407] firmadyne: sys_setsockopt[PID: 615 (iptables)]: fd:3, level:0, optname:64
[   40.666937] firmadyne: sys_setsockopt[PID: 615 (iptables)]: fd:3, level:0, optname:65
[   40.714840] firmadyne: sys_socket[PID: 616 (iptables)]: family:2, type:3, protocol:255
[   40.720017] firmadyne: sys_setsockopt[PID: 616 (iptables)]: fd:3, level:0, optname:64
[   40.721526] firmadyne: sys_setsockopt[PID: 616 (iptables)]: fd:3, level:0, optname:65
[   40.803203] firmadyne: sys_socket[PID: 617 (iptables)]: family:2, type:3, protocol:255
[   40.818843] firmadyne: sys_setsockopt[PID: 617 (iptables)]: fd:3, level:0, optname:64
[   40.828331] firmadyne: sys_setsockopt[PID: 617 (iptables)]: fd:3, level:0, optname:65
[   40.846809] firmadyne: sys_socket[PID: 618 (atp)]: family:1, type:2, protocol:0
[   40.922346] firmadyne: sys_socket[PID: 619 (iptables)]: family:2, type:3, protocol:255
[   40.934474] firmadyne: sys_setsockopt[PID: 619 (iptables)]: fd:3, level:0, optname:64
[   40.944183] firmadyne: sys_setsockopt[PID: 619 (iptables)]: fd:3, level:0, optname:65
[   41.032371] firmadyne: sys_socket[PID: 620 (iptables)]: family:2, type:3, protocol:255
[   41.045156] firmadyne: sys_setsockopt[PID: 620 (iptables)]: fd:3, level:0, optname:64
[   41.046747] firmadyne: sys_setsockopt[PID: 620 (iptables)]: fd:3, level:0, optname:65
[   41.137766] firmadyne: sys_socket[PID: 621 (iptables)]: family:2, type:3, protocol:255
[   41.150539] firmadyne: sys_setsockopt[PID: 621 (iptables)]: fd:3, level:0, optname:64
[   41.160216] firmadyne: sys_setsockopt[PID: 621 (iptables)]: fd:3, level:0, optname:65
[   41.273459] firmadyne: sys_socket[PID: 622 (iptables)]: family:2, type:3, protocol:255
[   41.286664] firmadyne: sys_setsockopt[PID: 622 (iptables)]: fd:3, level:0, optname:64
iptables: Protocol wrong type for socket
[   41.425648] firmadyne: sys_socket[PID: 625 (iptables)]: family:2, type:3, protocol:255
modprobe: could not parse modules.dep

[   41.482376] firmadyne: sys_socket[PID: 625 (iptables)]: family:2, type:3, protocol:255
iptables v1.2.9: can't initialize iptables table `nat': Table does not exist (do you need to insmod?)
Perhaps iptables or your kernel needs to be upgraded.
[   41.632209] firmadyne: sys_socket[PID: 631 (iptables)]: family:2, type:3, protocol:255
modprobe: could not parse modules.dep

[   41.685302] firmadyne: sys_socket[PID: 631 (iptables)]: family:2, type:3, protocol:255
iptables v1.2.9: can't initialize iptables table `nat': Table does not exist (do you need to insmod?)
Perhaps iptables or your kernel needs to be upgraded.
[   41.834221] firmadyne: sys_socket[PID: 637 (iptables)]: family:2, type:3, protocol:255
modprobe: could not parse modules.dep

[   41.892804] firmadyne: sys_socket[PID: 637 (iptables)]: family:2, type:3, protocol:255
iptables v1.2.9: can't initialize iptables table `nat': Table does not exist (do you need to insmod?)
Perhaps iptables or your kernel needs to be upgraded.
[   42.020463] firmadyne: sys_socket[PID: 643 (iptables)]: family:2, type:3, protocol:255
modprobe: could not parse modules.dep

[   42.072806] firmadyne: sys_socket[PID: 643 (iptables)]: family:2, type:3, protocol:255
iptables v1.2.9: can't initialize iptables table `nat': Table does not exist (do you need to insmod?)
Perhaps iptables or your kernel needs to be upgraded.
[   42.269928] firmadyne: sys_socket[PID: 649 (iptables)]: family:2, type:3, protocol:255
modprobe: could not parse modules.dep

[   42.329517] firmadyne: sys_socket[PID: 649 (iptables)]: family:2, type:3, protocol:255
iptables v1.2.9: can't initialize iptables table `nat': Table does not exist (do you need to insmod?)
Perhaps iptables or your kernel needs to be upgraded.
[   42.480414] firmadyne: sys_socket[PID: 655 (iptables)]: family:2, type:3, protocol:255
modprobe: could not parse modules.dep

[   42.538031] firmadyne: sys_socket[PID: 655 (iptables)]: family:2, type:3, protocol:255
iptables v1.2.9: can't initialize iptables table `nat': Table does not exist (do you need to insmod?)
Perhaps iptables or your kernel needs to be upgraded.
[   42.692450] firmadyne: sys_socket[PID: 661 (iptables)]: family:2, type:3, protocol:255
modprobe: could not parse modules.dep

[   42.748795] firmadyne: sys_socket[PID: 661 (iptables)]: family:2, type:3, protocol:255
iptables v1.2.9: can't initialize iptables table `nat': Table does not exist (do you need to insmod?)
Perhaps iptables or your kernel needs to be upgraded.
[   42.905356] firmadyne: sys_socket[PID: 667 (iptables)]: family:2, type:3, protocol:255
modprobe: could not parse modules.dep

[   42.961254] firmadyne: sys_socket[PID: 667 (iptables)]: family:2, type:3, protocol:255
iptables v1.2.9: can't initialize iptables table `nat': Table does not exist (do you need to insmod?)
Perhaps iptables or your kernel needs to be upgraded.
[   43.115382] firmadyne: sys_socket[PID: 673 (iptables)]: family:2, type:3, protocol:255
modprobe: could not parse modules.dep

[   43.210585] firmadyne: sys_socket[PID: 673 (iptables)]: family:2, type:3, protocol:255
iptables v1.2.9: can't initialize iptables table `nat': Table does not exist (do you need to insmod?)
Perhaps iptables or your kernel needs to be upgraded.
[   43.306256] firmadyne: sys_socket[PID: 679 (iptables)]: family:2, type:3, protocol:255
modprobe: could not parse modules.dep

[   43.334634] firmadyne: sys_socket[PID: 679 (iptables)]: family:2, type:3, protocol:255
iptables v1.2.9: can't initialize iptables table `nat': Table does not exist (do you need to insmod?)
Perhaps iptables or your kernel needs to be upgraded.
[   43.419533] firmadyne: sys_socket[PID: 685 (iptables)]: family:2, type:3, protocol:255
modprobe: could not parse modules.dep

[   43.448878] firmadyne: sys_socket[PID: 685 (iptables)]: family:2, type:3, protocol:255
iptables v1.2.9: can't initialize iptables table `nat': Table does not exist (do you need to insmod?)
Perhaps iptables or your kernel needs to be upgraded.
[   43.528630] firmadyne: sys_socket[PID: 691 (iptables)]: family:2, type:3, protocol:255
modprobe: could not parse modules.dep

[   43.557336] firmadyne: sys_socket[PID: 691 (iptables)]: family:2, type:3, protocol:255
iptables v1.2.9: can't initialize iptables table `nat': Table does not exist (do you need to insmod?)
Perhaps iptables or your kernel needs to be upgraded.
[   43.639289] firmadyne: sys_socket[PID: 697 (iptables)]: family:2, type:3, protocol:255
modprobe: could not parse modules.dep

[   43.668842] firmadyne: sys_socket[PID: 697 (iptables)]: family:2, type:3, protocol:255
iptables v1.2.9: can't initialize iptables table `nat': Table does not exist (do you need to insmod?)
Perhaps iptables or your kernel needs to be upgraded.
[   43.742550] firmadyne: sys_socket[PID: 703 (iptables)]: family:2, type:3, protocol:255
modprobe: could not parse modules.dep

[   43.783689] firmadyne: sys_socket[PID: 703 (iptables)]: family:2, type:3, protocol:255
iptables v1.2.9: can't initialize iptables table `nat': Table does not exist (do you need to insmod?)
Perhaps iptables or your kernel needs to be upgraded.
[   43.866254] firmadyne: sys_socket[PID: 708 (atp)]: family:1, type:2, protocol:0
[   43.952735] firmadyne: sys_socket[PID: 710 (iptables)]: family:2, type:3, protocol:255
modprobe: could not parse modules.dep

[   44.009329] firmadyne: sys_socket[PID: 710 (iptables)]: family:2, type:3, protocol:255
iptables v1.2.9: can't initialize iptables table `nat': Table does not exist (do you need to insmod?)
Perhaps iptables or your kernel needs to be upgraded.
[   44.153610] firmadyne: sys_socket[PID: 716 (iptables)]: family:2, type:3, protocol:255
modprobe: could not parse modules.dep

[   44.212802] firmadyne: sys_socket[PID: 716 (iptables)]: family:2, type:3, protocol:255
iptables v1.2.9: can't initialize iptables table `nat': Table does not exist (do you need to insmod?)
Perhaps iptables or your kernel needs to be upgraded.
[   44.367181] firmadyne: sys_socket[PID: 722 (iptables)]: family:2, type:3, protocol:255
modprobe: could not parse modules.dep

[   44.422845] firmadyne: sys_socket[PID: 722 (iptables)]: family:2, type:3, protocol:255
iptables v1.2.9: can't initialize iptables table `nat': Table does not exist (do you need to insmod?)
Perhaps iptables or your kernel needs to be upgraded.
[   44.570093] firmadyne: sys_socket[PID: 728 (iptables)]: family:2, type:3, protocol:255
modprobe: could not parse modules.dep

[   44.630490] firmadyne: sys_socket[PID: 728 (iptables)]: family:2, type:3, protocol:255
iptables v1.2.9: can't initialize iptables table `nat': Table does not exist (do you need to insmod?)
Perhaps iptables or your kernel needs to be upgraded.
[   44.803484] firmadyne: sys_socket[PID: 738 (iptables)]: family:2, type:3, protocol:255
modprobe: could not parse modules.dep

[   44.875517] firmadyne: sys_socket[PID: 738 (iptables)]: family:2, type:3, protocol:255
iptables v1.2.9: can't initialize iptables table `nat': Table does not exist (do you need to insmod?)
Perhaps iptables or your kernel needs to be upgraded.
[   45.022699] firmadyne: sys_socket[PID: 744 (iptables)]: family:2, type:3, protocol:255
modprobe: could not parse modules.dep

[   45.078025] firmadyne: sys_socket[PID: 744 (iptables)]: family:2, type:3, protocol:255
iptables v1.2.9: can't initialize iptables table `nat': Table does not exist (do you need to insmod?)
Perhaps iptables or your kernel needs to be upgraded.
[   45.239711] firmadyne: sys_socket[PID: 750 (iptables)]: family:2, type:3, protocol:255
modprobe: could not parse modules.dep

[   45.307677] firmadyne: sys_socket[PID: 750 (iptables)]: family:2, type:3, protocol:255
iptables v1.2.9: can't initialize iptables table `nat': Table does not exist (do you need to insmod?)
Perhaps iptables or your kernel needs to be upgraded.
[   45.464301] firmadyne: sys_socket[PID: 760 (iptables)]: family:2, type:3, protocol:255
modprobe: could not parse modules.dep

[   45.522081] firmadyne: sys_socket[PID: 760 (iptables)]: family:2, type:3, protocol:255
iptables v1.2.9: can't initialize iptables table `nat': Table does not exist (do you need to insmod?)
Perhaps iptables or your kernel needs to be upgraded.
[   45.679434] firmadyne: sys_socket[PID: 766 (iptables)]: family:2, type:3, protocol:255
modprobe: could not parse modules.dep

[   45.738322] firmadyne: sys_socket[PID: 766 (iptables)]: family:2, type:3, protocol:255
iptables v1.2.9: can't initialize iptables table `nat': Table does not exist (do you need to insmod?)
Perhaps iptables or your kernel needs to be upgraded.
[   45.887019] firmadyne: sys_socket[PID: 772 (iptables)]: family:2, type:3, protocol:255
modprobe: could not parse modules.dep

[   45.945378] firmadyne: sys_socket[PID: 772 (iptables)]: family:2, type:3, protocol:255
iptables v1.2.9: can't initialize iptables table `nat': Table does not exist (do you need to insmod?)
Perhaps iptables or your kernel needs to be upgraded.
[   46.106933] firmadyne: sys_socket[PID: 778 (iptables)]: family:2, type:3, protocol:255
modprobe: could not parse modules.dep

[   46.170025] firmadyne: sys_socket[PID: 778 (iptables)]: family:2, type:3, protocol:255
iptables v1.2.9: can't initialize iptables table `nat': Table does not exist (do you need to insmod?)
Perhaps iptables or your kernel needs to be upgraded.
[   46.321441] firmadyne: sys_socket[PID: 784 (iptables)]: family:2, type:3, protocol:255
modprobe: could not parse modules.dep

[   46.377956] firmadyne: sys_socket[PID: 784 (iptables)]: family:2, type:3, protocol:255
iptables v1.2.9: can't initialize iptables table `nat': Table does not exist (do you need to insmod?)
Perhaps iptables or your kernel needs to be upgraded.
[   46.539701] firmadyne: sys_socket[PID: 790 (portt)]: family:1, type:1, protocol:0
Using /lib/modules/sw_tcpip.o
insmod: Not configured to support old kernels
Using /lib/modules/ifresetcnt.o
insmod: Not configured to support old kernels
Using /lib/modules/ipt_string.o
insmod: Not configured to support old kernels
[   46.905654] firmadyne: sys_socket[PID: 799 (rgdb)]: family:1, type:2, protocol:0
/proc/sys/net/ipv4/ip_conntrack_max: cannot create
Using /lib/modules/ip_stun_func.o
insmod: Not configured to support old kernels
[   47.154948] firmadyne: sys_socket[PID: 803 (iptables)]: family:2, type:3, protocol:255
[   47.161483] firmadyne: sys_setsockopt[PID: 803 (iptables)]: fd:3, level:0, optname:64
[   47.163197] firmadyne: sys_setsockopt[PID: 803 (iptables)]: fd:3, level:0, optname:65
[   47.209886] firmadyne: sys_socket[PID: 804 (iptables)]: family:2, type:3, protocol:255
modprobe: could not parse modules.dep

[   47.239371] firmadyne: sys_socket[PID: 804 (iptables)]: family:2, type:3, protocol:255
iptables v1.2.9: can't initialize iptables table `nat': Table does not exist (do you need to insmod?)
Perhaps iptables or your kernel needs to be upgraded.
[   47.297878] firmadyne: sys_socket[PID: 810 (iptables)]: family:2, type:3, protocol:255
modprobe: could not parse modules.dep

[   47.328555] firmadyne: sys_socket[PID: 810 (iptables)]: family:2, type:3, protocol:255
iptables v1.2.9: can't initialize iptables table `nat': Table does not exist (do you need to insmod?)
Perhaps iptables or your kernel needs to be upgraded.
[   47.365353] firmadyne: sys_socket[PID: 816 (logger)]: family:1, type:1, protocol:0
[   47.419423] firmadyne: sys_socket[PID: 817 (iptables)]: family:2, type:3, protocol:255
[   47.425676] firmadyne: sys_setsockopt[PID: 817 (iptables)]: fd:3, level:0, optname:64
[   47.427380] firmadyne: sys_setsockopt[PID: 817 (iptables)]: fd:3, level:0, optname:65
[   47.472459] firmadyne: sys_socket[PID: 818 (iptables)]: family:2, type:3, protocol:255
[   47.478463] firmadyne: sys_setsockopt[PID: 818 (iptables)]: fd:3, level:0, optname:64
[   47.481485] firmadyne: sys_setsockopt[PID: 818 (iptables)]: fd:3, level:0, optname:65
[   47.501994] firmadyne: sys_socket[PID: 819 (logger)]: family:1, type:1, protocol:0
[   47.525528] firmadyne: sys_socket[PID: 820 (logger)]: family:1, type:1, protocol:0
[   47.573586] firmadyne: sys_socket[PID: 821 (iptables)]: family:2, type:3, protocol:255
[   47.579932] firmadyne: sys_setsockopt[PID: 821 (iptables)]: fd:3, level:0, optname:64
[   47.581581] firmadyne: sys_setsockopt[PID: 821 (iptables)]: fd:3, level:0, optname:65
[   47.627490] firmadyne: sys_socket[PID: 822 (logger)]: family:1, type:1, protocol:0
[   47.695075] firmadyne: sys_socket[PID: 824 (logger)]: family:1, type:1, protocol:0
[   47.714195] firmadyne: sys_socket[PID: 823 (atp)]: family:1, type:2, protocol:0
[   47.759288] firmadyne: sys_socket[PID: 825 (logger)]: family:1, type:1, protocol:0
[   47.868321] firmadyne: sys_socket[PID: 829 (iptables)]: family:2, type:3, protocol:255
[   47.874438] firmadyne: sys_setsockopt[PID: 829 (iptables)]: fd:3, level:0, optname:64
[   47.877540] firmadyne: sys_setsockopt[PID: 829 (iptables)]: fd:3, level:0, optname:65
[   47.923193] firmadyne: sys_socket[PID: 830 (iptables)]: family:2, type:3, protocol:255
modprobe: could not parse modules.dep

[   47.952902] firmadyne: sys_socket[PID: 830 (iptables)]: family:2, type:3, protocol:255
iptables v1.2.9: can't initialize iptables table `nat': Table does not exist (do you need to insmod?)
Perhaps iptables or your kernel needs to be upgraded.
sendto_unsock(/var/run/portt.unixsocket, flush)
[   48.013936] firmadyne: sys_socket[PID: 836 (trigger)]: family:1, type:1, protocol:0
/proc/sys/net/ipv4/arp_flood_burst: cannot create
/proc/sys/net/ipv4/arp_flood_cost: cannot create
start DNRD ...
[/etc/templates/dnrd.sh] ...
[   48.168123] firmadyne: sys_socket[PID: 843 (rgdb)]: family:1, type:2, protocol:0
[   48.337216] firmadyne: sys_socket[PID: 846 (rgdb)]: family:1, type:2, protocol:0
[   48.346541] firmadyne: sys_socket[PID: 847 (atp)]: family:1, type:2, protocol:0
[   49.097519] firmadyne: sys_socket[PID: 848 (rgdb)]: family:1, type:2, protocol:0
[/var/run/dnrd_start.sh] ...
Start DNRD ...
[   49.327636] firmadyne: sys_socket[PID: 852 (dnrd)]: family:2, type:1, protocol:0
[   49.340100] firmadyne: sys_setsockopt[PID: 852 (dnrd)]: fd:4, level:65535, optname:4
[   49.340897] firmadyne: inet_bind[PID: 852 (dnrd)]: proto:SOCK_DGRAM, port:53
[   49.341610] firmadyne: sys_socket[PID: 852 (dnrd)]: family:2, type:2, protocol:0
[   49.342448] firmadyne: sys_setsockopt[PID: 852 (dnrd)]: fd:5, level:65535, optname:4
[   49.343152] firmadyne: inet_bind[PID: 852 (dnrd)]: proto:SOCK_STREAM, port:53
Notice: caching turned off
[   49.422311] firmadyne: sys_socket[PID: 857 (rgdb)]: family:1, type:2, protocol:0
Start telnetd ...
[   49.559387] firmadyne: sys_socket[PID: 862 (rgdb)]: family:1, type:2, protocol:0
[   49.710198] firmadyne: sys_socket[PID: 863 (telnetd)]: family:2, type:2, protocol:0
[   49.711138] firmadyne: sys_setsockopt[PID: 863 (telnetd)]: fd:3, level:65535, optname:4
[   49.724114] firmadyne: sys_setsockopt[PID: 863 (telnetd)]: fd:3, level:65535, optname:25
[   49.724989] firmadyne: inet_bind[PID: 863 (telnetd)]: proto:SOCK_STREAM, port:23
[   49.746485] firmadyne: sys_socket[PID: 865 (xgi)]: family:1, type:2, protocol:0
[   49.761456] firmadyne: sys_socket[PID: 865 (xgi)]: family:1, type:2, protocol:0
[   49.770037] firmadyne: sys_socket[PID: 866 (rgdb)]: family:1, type:2, protocol:0
[   49.798557] 
do_page_fault(): sending SIGSEGV to xgi for invalid read access from 7a79777a
[   49.799150] epc = 77d15bf4 in libc.so.0[77cc4000+63000]
[   49.800194] ra  = 77d11178 in libc.so.0[77cc4000+63000]
[   49.800751] 
[   49.812197] potentially unexpected fatal signal 11.
[   49.812830] CPU: 0 PID: 865 Comm: xgi Not tainted 4.1.17+ #1
[   49.813402] task: 8f1dc598 ti: 8f1ca000 task.ti: 8f1ca000
[   49.813822] $ 0   : 00000000 77d25374 ffffffff 00000054
[   49.814496] $ 4   : 77d24ee0 7a79777a 00000001 77d6c56c
[   49.815115] $ 8   : 00400f11 00000000 77db0138 77cc8f14
[   49.815957] $12   : 00000275 0b8da995 77ccbed4 00400f09
[   49.816587] $16   : 7fe11480 00000002 77d24ee0 00000009
[   49.817202] $20   : 004085f4 00000000 00000000 7fe10a48
[   49.817802] $24   : 77cc67c4 77d15bd0                  
[   49.818425] $28   : 77d6f460 7fe105b8 00000000 77d11178
[   49.819056] Hi    : 000000d2
[   49.819350] Lo    : 0002de65
[   49.819911] epc   : 77d15bf4 0x77d15bf4
[   49.820324] ra    : 77d11178 0x77d11178
[   49.820665] Status: 0000a413	USER EXL IE 
[   49.821183] Cause : 10800008
[   49.821487] BadVA : 7a79777a
[   49.821828] PrId  : 00019300 (MIPS 24Kc)
start UPNPD ...
[/etc/templates/upnpd.sh] ...
[   49.966949] firmadyne: sys_socket[PID: 874 (rgdb)]: family:1, type:2, protocol:0
[   50.081345] firmadyne: sys_socket[PID: 877 (xmldbc)]: family:1, type:2, protocol:0
[   50.437717] firmadyne: sys_socket[PID: 878 (xmldbc)]: family:1, type:2, protocol:0
[   50.447042] firmadyne: sys_socket[PID: 879 (atp)]: family:1, type:2, protocol:0
[/var/run/upnpd_start.sh] ...
Starting UPnP ...
[   50.751065] firmadyne: sys_socket[PID: 884 (xmldbc)]: family:1, type:2, protocol:0
[   51.444011] firmadyne: sys_socket[PID: 885 (xmldbc)]: family:1, type:2, protocol:0
[   51.498501] firmadyne: sys_socket[PID: 886 (xmldbc)]: family:1, type:2, protocol:0
[   51.552864] firmadyne: sys_socket[PID: 887 (xmldbc)]: family:1, type:2, protocol:0
[   51.645949] firmadyne: sys_socket[PID: 888 (xmldbc)]: family:1, type:2, protocol:0
[   51.711985] firmadyne: sys_socket[PID: 889 (xmldbc)]: family:1, type:2, protocol:0
[   51.810562] firmadyne: sys_socket[PID: 890 (xmldbc)]: family:1, type:2, protocol:0
[   51.886436] firmadyne: sys_socket[PID: 891 (xmldbc)]: family:1, type:2, protocol:0
[   52.009540] firmadyne: sys_socket[PID: 892 (atp)]: family:1, type:2, protocol:0
[/var/run/upnp_alive.sh] ...
[   52.170393] firmadyne: sys_socket[PID: 896 (xmldbc)]: family:1, type:2, protocol:0
[   52.944534] firmadyne: sys_socket[PID: 899 (xmldbc)]: family:1, type:2, protocol:0
[   53.077606] firmadyne: sys_socket[PID: 903 (xmldbc)]: family:1, type:2, protocol:0
[   53.492462] firmadyne: sys_socket[PID: 904 (atp)]: family:1, type:2, protocol:0
[   53.670670] firmadyne: sys_socket[PID: 906 (xmldbc)]: family:1, type:2, protocol:0
[   53.697689] firmadyne: sys_socket[PID: 907 (upnpkits)]: family:2, type:1, protocol:0
[   53.698668] firmadyne: sys_setsockopt[PID: 907 (upnpkits)]: fd:3, level:65535, optname:25
[   53.699511] firmadyne: sys_setsockopt[PID: 907 (upnpkits)]: fd:3, level:0, optname:33
[   53.835080] firmadyne: sys_socket[PID: 909 (xmldbc)]: family:1, type:2, protocol:0
[   53.865528] firmadyne: sys_socket[PID: 910 (upnpkits)]: family:2, type:1, protocol:0
[   53.866515] firmadyne: sys_setsockopt[PID: 910 (upnpkits)]: fd:3, level:65535, optname:25
[   53.867365] firmadyne: sys_setsockopt[PID: 910 (upnpkits)]: fd:3, level:0, optname:33
[   54.001118] firmadyne: sys_socket[PID: 912 (xmldbc)]: family:1, type:2, protocol:0
[   54.036134] firmadyne: sys_socket[PID: 913 (upnpkits)]: family:2, type:1, protocol:0
[   54.037096] firmadyne: sys_setsockopt[PID: 913 (upnpkits)]: fd:3, level:65535, optname:25
[   54.037921] firmadyne: sys_setsockopt[PID: 913 (upnpkits)]: fd:3, level:0, optname:33
[   54.225059] firmadyne: sys_socket[PID: 915 (xmldbc)]: family:1, type:2, protocol:0
[   54.247685] firmadyne: sys_socket[PID: 917 (atp)]: family:1, type:2, protocol:0
[   54.260614] firmadyne: sys_socket[PID: 916 (upnpkits)]: family:2, type:1, protocol:0
[   54.261552] firmadyne: sys_setsockopt[PID: 916 (upnpkits)]: fd:3, level:65535, optname:25
[   54.262377] firmadyne: sys_setsockopt[PID: 916 (upnpkits)]: fd:3, level:0, optname:33
[   54.439130] firmadyne: sys_socket[PID: 919 (xmldbc)]: family:1, type:2, protocol:0
[   55.208342] firmadyne: sys_socket[PID: 920 (upnpkits)]: family:2, type:1, protocol:0
[   55.209388] firmadyne: sys_setsockopt[PID: 920 (upnpkits)]: fd:3, level:65535, optname:25
[   55.210206] firmadyne: sys_setsockopt[PID: 920 (upnpkits)]: fd:3, level:0, optname:33
[   55.354874] firmadyne: sys_socket[PID: 922 (xmldbc)]: family:1, type:2, protocol:0
[   55.378160] firmadyne: sys_socket[PID: 923 (upnpkits)]: family:2, type:1, protocol:0
[   55.379136] firmadyne: sys_setsockopt[PID: 923 (upnpkits)]: fd:3, level:65535, optname:25
[   55.384149] firmadyne: sys_setsockopt[PID: 923 (upnpkits)]: fd:3, level:0, optname:33
[   55.526994] firmadyne: sys_socket[PID: 925 (xmldbc)]: family:1, type:2, protocol:0
[   55.549803] firmadyne: sys_socket[PID: 926 (upnpkits)]: family:2, type:1, protocol:0
[   55.550767] firmadyne: sys_setsockopt[PID: 926 (upnpkits)]: fd:3, level:65535, optname:25
[   55.551616] firmadyne: sys_setsockopt[PID: 926 (upnpkits)]: fd:3, level:0, optname:33
[   55.691222] firmadyne: sys_socket[PID: 928 (xmldbc)]: family:1, type:2, protocol:0
[   55.741443] firmadyne: sys_socket[PID: 929 (upnpkits)]: family:2, type:1, protocol:0
[   55.742421] firmadyne: sys_setsockopt[PID: 929 (upnpkits)]: fd:3, level:65535, optname:25
[   55.743266] firmadyne: sys_setsockopt[PID: 929 (upnpkits)]: fd:3, level:0, optname:33
[   55.952764] firmadyne: sys_socket[PID: 932 (xmldbc)]: family:1, type:2, protocol:0
[   55.990432] firmadyne: sys_socket[PID: 933 (upnpkits)]: family:2, type:1, protocol:0
[   55.991447] firmadyne: sys_setsockopt[PID: 933 (upnpkits)]: fd:3, level:65535, optname:25
[   55.997291] firmadyne: sys_setsockopt[PID: 933 (upnpkits)]: fd:3, level:0, optname:33
[/usr/sbin/submit] COMMIT ...
[   56.197608] firmadyne: sys_socket[PID: 938 (xmldbc)]: family:1, type:2, protocol:0
[   56.252666] firmadyne: sys_socket[PID: 939 (upnpkits)]: family:2, type:1, protocol:0
[   56.253670] firmadyne: sys_setsockopt[PID: 939 (upnpkits)]: fd:3, level:65535, optname:25
[   56.254452] firmadyne: sys_setsockopt[PID: 939 (upnpkits)]: fd:3, level:0, optname:33
[   56.290445] firmadyne: sys_socket[PID: 941 (xmldbc)]: family:1, type:2, protocol:0
[   56.468370] firmadyne: sys_socket[PID: 943 (xmldbc)]: family:1, type:2, protocol:0
[   56.508308] firmadyne: sys_socket[PID: 944 (upnpkits)]: family:2, type:1, protocol:0
[   56.509313] firmadyne: sys_setsockopt[PID: 944 (upnpkits)]: fd:3, level:65535, optname:25
[   56.510099] firmadyne: sys_setsockopt[PID: 944 (upnpkits)]: fd:3, level:0, optname:33
[/etc/scripts/misc/profile.sh] put ...
[   56.691403] firmadyne: sys_socket[PID: 947 (xmldbc)]: family:1, type:2, protocol:0
[   56.743171] firmadyne: sys_socket[PID: 948 (upnpkits)]: family:2, type:1, protocol:0
[   56.746842] firmadyne: sys_setsockopt[PID: 948 (upnpkits)]: fd:3, level:65535, optname:25
[   56.747672] firmadyne: sys_setsockopt[PID: 948 (upnpkits)]: fd:3, level:0, optname:33
[   56.941456] firmadyne: sys_socket[PID: 953 (xmldbc)]: family:1, type:2, protocol:0
[   56.983284] firmadyne: sys_socket[PID: 954 (upnpkits)]: family:2, type:1, protocol:0
[   56.986937] firmadyne: sys_setsockopt[PID: 954 (upnpkits)]: fd:3, level:65535, optname:25
[   56.989301] firmadyne: sys_setsockopt[PID: 954 (upnpkits)]: fd:3, level:0, optname:33
[   57.094518] firmadyne: sys_socket[PID: 956 (rgdb)]: family:1, type:2, protocol:0
[   57.185034] firmadyne: sys_socket[PID: 958 (xmldbc)]: family:1, type:2, protocol:0
[   57.292677] firmadyne: sys_socket[PID: 959 (upnpkits)]: family:2, type:1, protocol:0
[   57.293622] firmadyne: sys_setsockopt[PID: 959 (upnpkits)]: fd:3, level:65535, optname:25
[   57.294400] firmadyne: sys_setsockopt[PID: 959 (upnpkits)]: fd:3, level:0, optname:33
[   57.497933] firmadyne: sys_socket[PID: 962 (xmldbc)]: family:1, type:2, protocol:0
[   57.537882] firmadyne: sys_socket[PID: 963 (upnpkits)]: family:2, type:1, protocol:0
[   57.538912] firmadyne: sys_setsockopt[PID: 963 (upnpkits)]: fd:3, level:65535, optname:25
[   57.540013] firmadyne: sys_setsockopt[PID: 963 (upnpkits)]: fd:3, level:0, optname:33
[   57.738333] firmadyne: sys_socket[PID: 965 (xmldbc)]: family:1, type:2, protocol:0
[   57.785312] firmadyne: sys_socket[PID: 966 (upnpkits)]: family:2, type:1, protocol:0
[   57.786254] firmadyne: sys_setsockopt[PID: 966 (upnpkits)]: fd:3, level:65535, optname:25
[   57.787050] firmadyne: sys_setsockopt[PID: 966 (upnpkits)]: fd:3, level:0, optname:33
[   57.995619] firmadyne: sys_socket[PID: 969 (xmldbc)]: family:1, type:2, protocol:0
[   58.036413] firmadyne: sys_socket[PID: 970 (upnpkits)]: family:2, type:1, protocol:0
[   58.037350] firmadyne: sys_setsockopt[PID: 970 (upnpkits)]: fd:3, level:65535, optname:25
[   58.038127] firmadyne: sys_setsockopt[PID: 970 (upnpkits)]: fd:3, level:0, optname:33
ok
[   58.247383] firmadyne: sys_socket[PID: 973 (xmldbc)]: family:1, type:2, protocol:0
[   58.274130] firmadyne: sys_socket[PID: 975 (upnpkits)]: family:2, type:1, protocol:0
[   58.275055] firmadyne: sys_setsockopt[PID: 975 (upnpkits)]: fd:3, level:65535, optname:25
[   58.280120] firmadyne: sys_setsockopt[PID: 975 (upnpkits)]: fd:3, level:0, optname:33
[   58.424820] firmadyne: sys_socket[PID: 978 (xmldbc)]: family:1, type:2, protocol:0
[   58.447715] firmadyne: sys_socket[PID: 979 (upnpkits)]: family:2, type:1, protocol:0
[   58.448867] firmadyne: sys_setsockopt[PID: 979 (upnpkits)]: fd:3, level:65535, optname:25
[   58.449686] firmadyne: sys_setsockopt[PID: 979 (upnpkits)]: fd:3, level:0, optname:33
[   58.592887] firmadyne: sys_socket[PID: 981 (xmldbc)]: family:1, type:2, protocol:0
[   58.618210] firmadyne: sys_socket[PID: 982 (upnpkits)]: family:2, type:1, protocol:0
[   58.619217] firmadyne: sys_setsockopt[PID: 982 (upnpkits)]: fd:3, level:65535, optname:25
[   58.624358] firmadyne: sys_setsockopt[PID: 982 (upnpkits)]: fd:3, level:0, optname:33
[   58.774138] firmadyne: sys_socket[PID: 984 (xmldbc)]: family:1, type:2, protocol:0
[   58.821808] firmadyne: sys_socket[PID: 985 (upnpkits)]: family:2, type:1, protocol:0
[   58.822746] firmadyne: sys_setsockopt[PID: 985 (upnpkits)]: fd:3, level:65535, optname:25
[   58.823551] firmadyne: sys_setsockopt[PID: 985 (upnpkits)]: fd:3, level:0, optname:33
[   58.910178] firmadyne: sys_socket[PID: 986 (atp)]: family:1, type:2, protocol:0
[   59.019016] firmadyne: sys_socket[PID: 988 (xmldbc)]: family:1, type:2, protocol:0
[   59.776411] firmadyne: sys_socket[PID: 989 (upnpkits)]: family:2, type:1, protocol:0
[   59.777437] firmadyne: sys_setsockopt[PID: 989 (upnpkits)]: fd:3, level:65535, optname:25
[   59.778225] firmadyne: sys_setsockopt[PID: 989 (upnpkits)]: fd:3, level:0, optname:33
[   59.936387] firmadyne: sys_socket[PID: 991 (xmldbc)]: family:1, type:2, protocol:0
[   59.959344] firmadyne: sys_socket[PID: 992 (upnpkits)]: family:2, type:1, protocol:0
[   59.960557] firmadyne: sys_setsockopt[PID: 992 (upnpkits)]: fd:3, level:65535, optname:25
[   59.961339] firmadyne: sys_setsockopt[PID: 992 (upnpkits)]: fd:3, level:0, optname:33
[   60.111281] firmadyne: sys_socket[PID: 994 (xmldbc)]: family:1, type:2, protocol:0
[   60.134823] firmadyne: sys_socket[PID: 995 (upnpkits)]: family:2, type:1, protocol:0
[   60.140027] firmadyne: sys_setsockopt[PID: 995 (upnpkits)]: fd:3, level:65535, optname:25
[   60.140839] firmadyne: sys_setsockopt[PID: 995 (upnpkits)]: fd:3, level:0, optname:33
[   60.284882] firmadyne: sys_socket[PID: 997 (xmldbc)]: family:1, type:2, protocol:0
[   60.306720] firmadyne: sys_socket[PID: 998 (upnpkits)]: family:2, type:1, protocol:0
[   60.307720] firmadyne: sys_setsockopt[PID: 998 (upnpkits)]: fd:3, level:65535, optname:25
[   60.312822] firmadyne: sys_setsockopt[PID: 998 (upnpkits)]: fd:3, level:0, optname:33
[   60.498100] firmadyne: sys_socket[PID: 1000 (xmldbc)]: family:1, type:2, protocol:0
[   60.518009] firmadyne: sys_socket[PID: 1002 (atp)]: family:1, type:2, protocol:0
[   60.532628] firmadyne: sys_socket[PID: 1001 (upnpkits)]: family:2, type:1, protocol:0
[   60.533569] firmadyne: sys_setsockopt[PID: 1001 (upnpkits)]: fd:3, level:65535, optname:25
[   60.534348] firmadyne: sys_setsockopt[PID: 1001 (upnpkits)]: fd:3, level:0, optname:33
[   60.723644] firmadyne: sys_socket[PID: 1004 (xmldbc)]: family:1, type:2, protocol:0
[   61.449204] firmadyne: sys_socket[PID: 1005 (upnpkits)]: family:2, type:1, protocol:0
[   61.450202] firmadyne: sys_setsockopt[PID: 1005 (upnpkits)]: fd:3, level:65535, optname:25
[   61.451025] firmadyne: sys_setsockopt[PID: 1005 (upnpkits)]: fd:3, level:0, optname:33
[   61.610903] firmadyne: sys_socket[PID: 1006 (xmldbc)]: family:1, type:2, protocol:0
[   61.633727] firmadyne: sys_socket[PID: 1008 (upnpkits)]: family:2, type:1, protocol:0
[   61.634689] firmadyne: sys_setsockopt[PID: 1008 (upnpkits)]: fd:3, level:65535, optname:25
[   61.635502] firmadyne: sys_setsockopt[PID: 1008 (upnpkits)]: fd:3, level:0, optname:33
[   61.775588] firmadyne: sys_socket[PID: 1010 (xmldbc)]: family:1, type:2, protocol:0
[   61.802641] firmadyne: sys_socket[PID: 1011 (upnpkits)]: family:2, type:1, protocol:0
[   61.803568] firmadyne: sys_setsockopt[PID: 1011 (upnpkits)]: fd:3, level:65535, optname:25
[   61.808356] firmadyne: sys_setsockopt[PID: 1011 (upnpkits)]: fd:3, level:0, optname:33
[   61.952117] firmadyne: sys_socket[PID: 1013 (xmldbc)]: family:1, type:2, protocol:0
[   61.974389] firmadyne: sys_socket[PID: 1014 (upnpkits)]: family:2, type:1, protocol:0
[   61.975330] firmadyne: sys_setsockopt[PID: 1014 (upnpkits)]: fd:3, level:65535, optname:25
[   61.980572] firmadyne: sys_setsockopt[PID: 1014 (upnpkits)]: fd:3, level:0, optname:33
[   62.168839] firmadyne: sys_socket[PID: 1016 (xmldbc)]: family:1, type:2, protocol:0
[   62.191367] firmadyne: sys_socket[PID: 1018 (atp)]: family:1, type:2, protocol:0
[   62.203771] firmadyne: sys_socket[PID: 1017 (upnpkits)]: family:2, type:1, protocol:0
[   62.204858] firmadyne: sys_setsockopt[PID: 1017 (upnpkits)]: fd:3, level:65535, optname:25
[   62.205632] firmadyne: sys_setsockopt[PID: 1017 (upnpkits)]: fd:3, level:0, optname:33
[   62.388347] firmadyne: sys_socket[PID: 1020 (xmldbc)]: family:1, type:2, protocol:0
[   62.415781] firmadyne: sys_socket[PID: 1021 (upnpkits)]: family:2, type:1, protocol:0
[   62.416981] firmadyne: sys_setsockopt[PID: 1021 (upnpkits)]: fd:3, level:65535, optname:25
[   62.417777] firmadyne: sys_setsockopt[PID: 1021 (upnpkits)]: fd:3, level:0, optname:33
[   62.519452] firmadyne: sys_socket[PID: 1022 (xmldbc)]: family:1, type:2, protocol:0
start WAN ...
[   62.638359] firmadyne: sys_socket[PID: 1027 (rgdb)]: family:1, type:2, protocol:0
Set WAN port media type 0
open failed (/proc/driver/ae531x)...
[   62.824676] firmadyne: sys_socket[PID: 1031 (atp)]: family:1, type:2, protocol:0
[   63.400009] firmadyne: sys_socket[PID: 1032 (atp)]: family:1, type:2, protocol:0
