[    0.000000] Linux version 4.1.17+ (alessio@pc) (gcc version 5.5.0 20171010 (Ubuntu 5.5.0-12ubuntu1) ) #1 Mon May 15 23:04:08 CEST 2023
[    0.000000] earlycon: Early serial console at I/O port 0x3f8 (options '38400n8')
[    0.000000] bootconsole [uart0] enabled
[    0.000000] CPU0 revision is: 00019300 (MIPS 24Kc)
[    0.000000] FPU revision is: 00739300
[    0.000000] Software DMA cache coherency enabled
[    0.000000] Determined physical RAM map:
[    0.000000]  memory: 00001000 @ 00000000 (reserved)
[    0.000000]  memory: 000ef000 @ 00001000 (ROM data)
[    0.000000]  memory: 00798000 @ 000f0000 (reserved)
[    0.000000]  memory: 0f777000 @ 00888000 (usable)
[    0.000000] debug: ignoring loglevel setting.
[    0.000000] Wasting 69888 bytes for tracking 2184 unused pages
[    0.000000] Initrd not found or empty - disabling initrd
[    0.000000] Zone ranges:
[    0.000000]   DMA      [mem 0x0000000000000000-0x0000000000ffffff]
[    0.000000]   Normal   [mem 0x0000000001000000-0x000000000fffefff]
[    0.000000] Movable zone start for each node
[    0.000000] Early memory node ranges
[    0.000000]   node   0: [mem 0x0000000000000000-0x000000000fffefff]
[    0.000000] Initmem setup node 0 [mem 0x0000000000000000-0x000000000fffefff]
[    0.000000] On node 0 totalpages: 65535
[    0.000000] free_area_init_node: node 0, pgdat 8081d5b0, node_mem_map 81000000
[    0.000000]   DMA zone: 32 pages used for memmap
[    0.000000]   DMA zone: 0 pages reserved
[    0.000000]   DMA zone: 4096 pages, LIFO batch:0
[    0.000000]   Normal zone: 480 pages used for memmap
[    0.000000]   Normal zone: 61439 pages, LIFO batch:15
[    0.000000] Primary instruction cache 2kB, VIPT, 2-way, linesize 16 bytes.
[    0.000000] Primary data cache 2kB, 2-way, VIPT, no aliases, linesize 16 bytes
[    0.000000] pcpu-alloc: s0 r0 d32768 u32768 alloc=1*32768
[    0.000000] pcpu-alloc: [0] 0 
[    0.000000] Built 1 zonelists in Zone order, mobility grouping on.  Total pages: 65023
[    0.000000] Kernel command line: root=/dev/sda1 console=ttyS0 nandsim.parts=64,64,64,64,64,64,64,64,64,64 rdinit=/firmadyne/preInit.sh rw debug ignore_loglevel print-fatal-signals=1 FIRMAE_NET=true FIRMAE_NVRAM=true FIRMAE_KERNEL=true FIRMAE_ETC=true user_debug=0 firmadyne.syscall=1 noka
[    0.000000] found FIRMAE_KERNEL=t
[    0.000000] set the LD_PRELOAD=/firmadyne/libnvram_ioctl.so
[    0.000000] PID hash table entries: 1024 (order: 0, 4096 bytes)
[    0.000000] Dentry cache hash table entries: 32768 (order: 5, 131072 bytes)
[    0.000000] Inode-cache hash table entries: 16384 (order: 4, 65536 bytes)
[    0.000000] Writing ErrCtl register=00000000
[    0.000000] Readback ErrCtl register=00000000
[    0.000000] Memory: 251112K/262140K available (5360K kernel code, 244K rwdata, 1676K rodata, 260K init, 158K bss, 11028K reserved, 0K cma-reserved)
[    0.000000] NR_IRQS:256
[    0.000000] CPU frequency 200.00 MHz
[    0.000000] clocksource MIPS: mask: 0xffffffff max_cycles: 0xffffffff, max_idle_ns: 19112767499 ns
[    0.000176] sched_clock: 32 bits at 99MHz, resolution 10ns, wraps every 21475019770ns
[    0.011837] Console: colour dummy device 80x25
[    0.012761] Calibrating delay loop... 34.11 BogoMIPS (lpj=68224)
[    0.061109] pid_max: default: 32768 minimum: 301
[    0.064412] Mount-cache hash table entries: 1024 (order: 0, 4096 bytes)
[    0.064847] Mountpoint-cache hash table entries: 1024 (order: 0, 4096 bytes)
[    0.117995] clocksource jiffies: mask: 0xffffffff max_cycles: 0xffffffff, max_idle_ns: 7645041785100000 ns
[    0.128111] NET: Registered protocol family 16
[    0.355231] clocksource pit: mask: 0xffffffff max_cycles: 0xffffffff, max_idle_ns: 1601818034827 ns
[    0.478127] vgaarb: loaded
[    0.482949] SCSI subsystem initialized
[    0.484883] libata version 3.00 loaded.
[    0.488447] usbcore: registered new interface driver usbfs
[    0.489576] usbcore: registered new interface driver hub
[    0.490598] usbcore: registered new device driver usb
[    0.492813] pps_core: LinuxPPS API ver. 1 registered
[    0.493139] pps_core: Software ver. 5.3.6 - Copyright 2005-2007 Rodolfo Giometti <giometti@linux.it>
[    0.493897] PTP clock support registered
[    0.497790] PCI host bridge to bus 0000:00
[    0.498494] pci_bus 0000:00: root bus resource [mem 0x10000000-0x17ffffff]
[    0.499133] pci_bus 0000:00: root bus resource [io  0x1000-0x1fffff]
[    0.499635] pci_bus 0000:00: root bus resource [??? 0x00000000 flags 0x0]
[    0.500112] pci_bus 0000:00: No busn resource found for root bus, will use [bus 00-ff]
[    0.501185] pci 0000:00:00.0: [11ab:4620] type 00 class 0x060000
[    0.501955] pci 0000:00:00.0: [Firmware Bug]: reg 0x14: invalid BAR (can't size)
[    0.502431] pci 0000:00:00.0: [Firmware Bug]: reg 0x18: invalid BAR (can't size)
[    0.503038] pci 0000:00:00.0: [Firmware Bug]: reg 0x1c: invalid BAR (can't size)
[    0.503525] pci 0000:00:00.0: [Firmware Bug]: reg 0x20: invalid BAR (can't size)
[    0.504011] pci 0000:00:00.0: [Firmware Bug]: reg 0x24: invalid BAR (can't size)
[    0.507371] pci 0000:00:0a.0: [8086:7110] type 00 class 0x060100
[    0.510179] pci 0000:00:0a.1: [8086:7111] type 00 class 0x010180
[    0.510805] pci 0000:00:0a.1: reg 0x20: [io  0x0000-0x000f]
[    0.511428] pci 0000:00:0a.1: legacy IDE quirk: reg 0x10: [io  0x01f0-0x01f7]
[    0.511894] pci 0000:00:0a.1: legacy IDE quirk: reg 0x14: [io  0x03f6]
[    0.512350] pci 0000:00:0a.1: legacy IDE quirk: reg 0x18: [io  0x0170-0x0177]
[    0.512817] pci 0000:00:0a.1: legacy IDE quirk: reg 0x1c: [io  0x0376]
[    0.515483] pci 0000:00:0a.2: [8086:7112] type 00 class 0x0c0300
[    0.516032] pci 0000:00:0a.2: reg 0x20: [io  0x0000-0x001f]
[    0.518605] pci 0000:00:0a.3: [8086:7113] type 00 class 0x068000
[    0.519742] pci 0000:00:0a.3: quirk: [io  0x1000-0x103f] claimed by PIIX4 ACPI
[    0.520253] pci 0000:00:0a.3: quirk: [io  0x1100-0x110f] claimed by PIIX4 SMB
[    0.522834] pci 0000:00:12.0: [1013:00b8] type 00 class 0x030000
[    0.523329] pci 0000:00:12.0: reg 0x10: [mem 0x00000000-0x01ffffff pref]
[    0.523940] pci 0000:00:12.0: reg 0x14: [mem 0x00000000-0x00000fff]
[    0.524504] pci 0000:00:12.0: reg 0x30: [mem 0x00000000-0x0000ffff pref]
[    0.526649] vgaarb: device added: PCI:0000:00:12.0,decodes=io+mem,owns=none,locks=none
[    0.527667] pci 0000:00:13.0: [8086:100e] type 00 class 0x020000
[    0.528323] pci 0000:00:13.0: reg 0x10: [mem 0x00000000-0x0001ffff]
[    0.528779] pci 0000:00:13.0: reg 0x14: [io  0x0000-0x003f]
[    0.529294] pci 0000:00:13.0: reg 0x30: [mem 0x00000000-0x0003ffff pref]
[    0.531773] pci 0000:00:14.0: [8086:100e] type 00 class 0x020000
[    0.532373] pci 0000:00:14.0: reg 0x10: [mem 0x00000000-0x0001ffff]
[    0.532835] pci 0000:00:14.0: reg 0x14: [io  0x0000-0x003f]
[    0.533338] pci 0000:00:14.0: reg 0x30: [mem 0x00000000-0x0003ffff pref]
[    0.535878] pci 0000:00:15.0: [8086:100e] type 00 class 0x020000
[    0.536485] pci 0000:00:15.0: reg 0x10: [mem 0x00000000-0x0001ffff]
[    0.536957] pci 0000:00:15.0: reg 0x14: [io  0x0000-0x003f]
[    0.537472] pci 0000:00:15.0: reg 0x30: [mem 0x00000000-0x0003ffff pref]
[    0.540003] pci 0000:00:16.0: [8086:100e] type 00 class 0x020000
[    0.540539] pci 0000:00:16.0: reg 0x10: [mem 0x00000000-0x0001ffff]
[    0.541108] pci 0000:00:16.0: reg 0x14: [io  0x0000-0x003f]
[    0.541646] pci 0000:00:16.0: reg 0x30: [mem 0x00000000-0x0003ffff pref]
[    0.544322] pci_bus 0000:00: busn_res: [bus 00-ff] end is updated to 00
[    0.545691] pci 0000:00:12.0: BAR 0: assigned [mem 0x10000000-0x11ffffff pref]
[    0.546332] pci 0000:00:13.0: BAR 6: assigned [mem 0x12000000-0x1203ffff pref]
[    0.546876] pci 0000:00:14.0: BAR 6: assigned [mem 0x12040000-0x1207ffff pref]
[    0.547402] pci 0000:00:15.0: BAR 6: assigned [mem 0x12080000-0x120bffff pref]
[    0.547939] pci 0000:00:16.0: BAR 6: assigned [mem 0x120c0000-0x120fffff pref]
[    0.548465] pci 0000:00:13.0: BAR 0: assigned [mem 0x12100000-0x1211ffff]
[    0.549108] pci 0000:00:14.0: BAR 0: assigned [mem 0x12120000-0x1213ffff]
[    0.549634] pci 0000:00:15.0: BAR 0: assigned [mem 0x12140000-0x1215ffff]
[    0.550168] pci 0000:00:16.0: BAR 0: assigned [mem 0x12160000-0x1217ffff]
[    0.550705] pci 0000:00:12.0: BAR 6: assigned [mem 0x12180000-0x1218ffff pref]
[    0.551242] pci 0000:00:12.0: BAR 1: assigned [mem 0x12190000-0x12190fff]
[    0.551762] pci 0000:00:13.0: BAR 1: assigned [io  0x1040-0x107f]
[    0.552221] pci 0000:00:14.0: BAR 1: assigned [io  0x1080-0x10bf]
[    0.552689] pci 0000:00:15.0: BAR 1: assigned [io  0x10c0-0x10ff]
[    0.553283] pci 0000:00:16.0: BAR 1: assigned [io  0x1400-0x143f]
[    0.553746] pci 0000:00:0a.2: BAR 4: assigned [io  0x1440-0x145f]
[    0.554215] pci 0000:00:0a.1: BAR 4: assigned [io  0x1460-0x146f]
[    0.568602] cfg80211: Calling CRDA to update world regulatory domain
[    0.579897] Switched to clocksource MIPS
[    0.674465] NET: Registered protocol family 2
[    0.684502] TCP established hash table entries: 2048 (order: 1, 8192 bytes)
[    0.685475] TCP bind hash table entries: 2048 (order: 1, 8192 bytes)
[    0.686389] TCP: Hash tables configured (established 2048 bind 2048)
[    0.687369] UDP hash table entries: 256 (order: 0, 4096 bytes)
[    0.688090] UDP-Lite hash table entries: 256 (order: 0, 4096 bytes)
[    0.691250] NET: Registered protocol family 1
[    0.692788] PCI: Enabling device 0000:00:0a.2 (0000 -> 0001)
[    0.694030] PCI: CLS 0 bytes, default 16
[    0.721234] futex hash table entries: 256 (order: -1, 3072 bytes)
[    0.735230] squashfs: version 4.0 (2009/01/31) Phillip Lougher
[    0.737535] jffs2: version 2.2. (NAND) Â© 2001-2006 Red Hat, Inc.
[    0.740368] romfs: ROMFS MTD (C) 2007 Red Hat, Inc.
[    0.760468] Block layer SCSI generic (bsg) driver version 0.4 loaded (major 251)
[    0.761024] io scheduler noop registered
[    0.761632] io scheduler cfq registered (default)
[    0.762469] firmadyne: devfs: 1, execute: 1, procfs: 1, syscall: 1
[    0.767249] firmadyne: Cannot register character device: gpio, 0xfc, 0x0!
[    0.774525] firmadyne: Cannot register character device: watchdog, 0xa, 0x82!
[    0.774973] firmadyne: Cannot register character device: wdt, 0xfd, 0x0!
[    2.251733] strName = 4.1.17+
[    2.251733] init_task_addr  = 2155778944
[    2.251733] init_task_size  = 1296
[    2.251733] ts_tasks        = 292
[    2.251733] ts_pid          = 408
[    2.251733] ts_tgid         = 412
[    2.251733] ts_group_leader = 440
[    2.251733] ts_thread_group = 496
[    2.251733] ts_real_parent  = 416
[    2.251733] ts_mm           = 300
[    2.251733] ts_stack        = 4
[    2.254331] module_name   = 12
[    2.254331] module_size   = 208
[    2.254331] module_init   = 200
[    2.254331] module_list   = 4
[    2.255179] ts_real_cred    = 624
[    2.255179] ts_cred         = 628
[    2.255179] ts_comm         = 632
[    2.255179] cred_uid        = 4
[    2.255179] cred_gid        = 8
[    2.255179] cred_euid       = 20
[    2.255179] cred_egid       = 24
[    2.256774] mm_mmap         = 0
[    2.256774] mm_pgd          = 32
[    2.256774] mm_arg_start    = 136
[    2.256774] mm_start_brk    = 124
[    2.256774] mm_brk          = 128
[    2.256774] mm_start_stack  = 132
[    2.257987] vma_vm_start    = 0
[    2.257987] vma_vm_end      = 4
[    2.257987] vma_vm_next     = 8
[    2.257987] vma_vm_file     = 80
[    2.257987] vma_vm_flags    = 40
[    2.257987] vma_vm_pgoff    = 76
[    2.259216] file_dentry     = 12
[    2.259216] file_inode      = 40
[    2.259216] dentry_d_name   = 24
[    2.259216] dentry_d_iname  = 44
[    2.259216] dentry_d_parent = 16
[    2.259216] ti_task         = 0
[    2.259216] inode_ino   = 28
[    3.183507] proc_fork_connector  = 2151078840
[    3.183951] proc_exit_connector  = 2151080432
[    3.184246] proc_exec_connector  = 2151079052
[    3.184535] vma_link  = 2149124372
[    3.184790] vma_adjust  = 2149124540
[    3.185050] remove_vma  = 2149122188
[    3.185312] modules  = 2155833724
[    3.185571] trim_init_extable  = 2150545316
[    3.188847] PCI: Enabling device 0000:00:12.0 (0000 -> 0002)
[    3.189953] cirrusfb 0000:00:12.0: Cirrus Logic chipset on PCI bus, RAM (4096 kB) at 0x10000000
[    3.420852] Console: switching to colour frame buffer device 80x30
[    3.478734] Serial: 8250/16550 driver, 4 ports, IRQ sharing enabled
[    3.490814] console [ttyS0] disabled
[    3.518278] serial8250.0: ttyS0 at I/O 0x3f8 (irq = 4, base_baud = 115200) is a 16550A
[    3.519323] console [ttyS0] enabled
[    3.519323] console [ttyS0] enabled
[    3.519827] bootconsole [uart0] disabled
[    3.519827] bootconsole [uart0] disabled
[    3.550262] serial8250.0: ttyS1 at I/O 0x2f8 (irq = 3, base_baud = 115200) is a 16550A
[    3.652837] brd: module loaded
[    3.705743] loop: module loaded
[    3.711259] ata_piix 0000:00:0a.1: version 2.13
[    3.711751] PCI: Enabling device 0000:00:0a.1 (0000 -> 0001)
[    3.732036] cfg80211: Calling CRDA to update world regulatory domain
[    3.734422] scsi host0: ata_piix
[    3.739187] scsi host1: ata_piix
[    3.742507] ata1: PATA max UDMA/33 cmd 0x1f0 ctl 0x3f6 bmdma 0x1460 irq 14
[    3.742951] ata2: PATA max UDMA/33 cmd 0x170 ctl 0x376 bmdma 0x1468 irq 15
[    3.748655] [nandsim] warning: read_byte: unexpected data output cycle, state is STATE_READY return 0x0
[    3.749169] [nandsim] warning: read_byte: unexpected data output cycle, state is STATE_READY return 0x0
[    3.749668] [nandsim] warning: read_byte: unexpected data output cycle, state is STATE_READY return 0x0
[    3.750161] [nandsim] warning: read_byte: unexpected data output cycle, state is STATE_READY return 0x0
[    3.750664] [nandsim] warning: read_byte: unexpected data output cycle, state is STATE_READY return 0x0
[    3.751157] [nandsim] warning: read_byte: unexpected data output cycle, state is STATE_READY return 0x0
[    3.751969] nand: device found, Manufacturer ID: 0x98, Chip ID: 0x39
[    3.752346] nand: Toshiba NAND 128MiB 1,8V 8-bit
[    3.752694] nand: 128 MiB, SLC, erase size: 16 KiB, page size: 512, OOB size: 16
[    3.754143] flash size: 128 MiB
[    3.754368] page size: 512 bytes
[    3.754592] OOB area size: 16 bytes
[    3.754823] sector size: 16 KiB
[    3.755045] pages number: 262144
[    3.755267] pages per sector: 32
[    3.755488] bus width: 8
[    3.755680] bits in sector size: 14
[    3.756053] bits in page size: 9
[    3.756275] bits in OOB size: 4
[    3.756503] flash size with OOB: 135168 KiB
[    3.756752] page address bytes: 4
[    3.756972] sector address bytes: 3
[    3.757203] options: 0x42
[    3.827292] Scanning device for bad blocks
[    4.824354] ata2.01: NODEV after polling detection
[    4.825008] ata1.01: NODEV after polling detection
[    4.826573] ata2.00: ATAPI: QEMU DVD-ROM, 2.5+, max UDMA/100
[    4.828342] ata1.00: ATA-7: QEMU HARDDISK, 2.5+, max UDMA/100
[    4.828756] ata1.00: 2097152 sectors, multi 16: LBA48 
[    4.831036] ata1.00: configured for UDMA/33
[    4.840529] ata2.00: configured for UDMA/33
[    4.843426] scsi 0:0:0:0: Direct-Access     ATA      QEMU HARDDISK    2.5+ PQ: 0 ANSI: 5
[    4.857408] sd 0:0:0:0: [sda] 2097152 512-byte logical blocks: (1.07 GB/1.00 GiB)
[    4.858715] scsi 1:0:0:0: CD-ROM            QEMU     QEMU DVD-ROM     2.5+ PQ: 0 ANSI: 5
[    4.869898] sd 0:0:0:0: [sda] Write Protect is off
[    4.870347] sd 0:0:0:0: [sda] Mode Sense: 00 3a 00 00
[    4.871641] sd 0:0:0:0: [sda] Write cache: enabled, read cache: enabled, doesn't support DPO or FUA
[    4.881728] Creating 11 MTD partitions on "NAND 128MiB 1,8V 8-bit":
[    4.882309] 0x000000000000-0x000000100000 : "NAND simulator partition 0"
[    4.891749] 0x000000100000-0x000000200000 : "NAND simulator partition 1"
[    4.900903] 0x000000200000-0x000000300000 : "NAND simulator partition 2"
[    4.910136] 0x000000300000-0x000000400000 : "NAND simulator partition 3"
[    4.919370] 0x000000400000-0x000000500000 : "NAND simulator partition 4"
[    4.928664] 0x000000500000-0x000000600000 : "NAND simulator partition 5"
[    4.938171] 0x000000600000-0x000000700000 : "NAND simulator partition 6"
[    4.947757] 0x000000700000-0x000000800000 : "NAND simulator partition 7"
[    4.957490] 0x000000800000-0x000000900000 : "NAND simulator partition 8"
[    4.966497] 0x000000900000-0x000000a00000 : "NAND simulator partition 9"
[    4.975391] 0x000000a00000-0x000008000000 : "NAND simulator partition 10"
[    5.014060] tun: Universal TUN/TAP device driver, 1.6
[    5.014391] tun: (C) 1999-2004 Max Krasnyansky <maxk@qualcomm.com>
[    5.017569] pcnet32: pcnet32.c:v1.35 21.Apr.2008 tsbogend@alpha.franken.de
[    5.018734] e1000: Intel(R) PRO/1000 Network Driver - version 7.3.21-k8-NAPI
[    5.019129] e1000: Copyright (c) 1999-2006 Intel Corporation.
[    5.020101] PCI: Enabling device 0000:00:13.0 (0000 -> 0003)
[    5.022080]  sda: sda1
[    5.033691] sd 0:0:0:0: [sda] Attached SCSI disk
[    5.316389] e1000 0000:00:13.0 eth0: (PCI:33MHz:32-bit) 52:54:00:12:34:56
[    5.316979] e1000 0000:00:13.0 eth0: Intel(R) PRO/1000 Network Connection
[    5.317576] PCI: Enabling device 0000:00:14.0 (0000 -> 0003)
[    5.604229] e1000 0000:00:14.0 eth1: (PCI:33MHz:32-bit) 52:54:00:12:34:57
[    5.604716] e1000 0000:00:14.0 eth1: Intel(R) PRO/1000 Network Connection
[    5.605314] PCI: Enabling device 0000:00:15.0 (0000 -> 0003)
[    5.892634] e1000 0000:00:15.0 eth2: (PCI:33MHz:32-bit) 52:54:00:12:34:58
[    5.893140] e1000 0000:00:15.0 eth2: Intel(R) PRO/1000 Network Connection
[    5.893723] PCI: Enabling device 0000:00:16.0 (0000 -> 0003)
[    6.181203] e1000 0000:00:16.0 eth3: (PCI:33MHz:32-bit) 52:54:00:12:34:59
[    6.181682] e1000 0000:00:16.0 eth3: Intel(R) PRO/1000 Network Connection
[    6.182839] e1000e: Intel(R) PRO/1000 Network Driver - 2.3.2-k
[    6.185832] e1000e: Copyright(c) 1999 - 2014 Intel Corporation.
[    6.189707] PPP generic driver version 2.4.2
[    6.191527] PPP Deflate Compression module registered
[    6.192244] PPP MPPE Compression module registered
[    6.192601] NET: Registered protocol family 24
[    6.193246] ehci_hcd: USB 2.0 'Enhanced' Host Controller (EHCI) Driver
[    6.193682] ehci-pci: EHCI PCI platform driver
[    6.194669] ohci_hcd: USB 1.1 'Open' Host Controller (OHCI) Driver
[    6.195091] ohci-pci: OHCI PCI platform driver
[    6.196195] uhci_hcd: USB Universal Host Controller Interface driver
[    6.197662] uhci_hcd 0000:00:0a.2: UHCI Host Controller
[    6.198369] uhci_hcd 0000:00:0a.2: new USB bus registered, assigned bus number 1
[    6.199314] uhci_hcd 0000:00:0a.2: irq 11, io base 0x00001440
[    6.210207] hub 1-0:1.0: USB hub found
[    6.210897] hub 1-0:1.0: 2 ports detected
[    6.219302] usbcore: registered new interface driver usb-storage
[    6.223209] mousedev: PS/2 mouse device common for all mice
[    6.229201] rtc_cmos rtc_cmos: rtc core: registered rtc_cmos as rtc0
[    6.229900] rtc_cmos rtc_cmos: alarms up to one day, 242 bytes nvram
[    6.231222] i2c /dev entries driver
[    6.232503] piix4_smbus 0000:00:0a.3: SMBus Host Controller at 0x1100, revision 0
[    6.236948] sdhci: Secure Digital Host Controller Interface driver
[    6.237289] sdhci: Copyright(c) Pierre Ossman
[    6.239449] hidraw: raw HID events driver (C) Jiri Kosina
[    6.256714] usbcore: registered new interface driver usbhid
[    6.257049] usbhid: USB HID core driver
[    6.258044] Netfilter messages via NETLINK v0.30.
[    6.259272] nf_conntrack version 0.5.0 (3923 buckets, 15692 max)
[    6.262471] ctnetlink v0.93: registering with nfnetlink.
[    6.267745] ipip: IPv4 over IPv4 tunneling driver
[    6.279421] ip_tables: (C) 2000-2006 Netfilter Core Team
[    6.282257] arp_tables: (C) 2002 David S. Miller
[    6.284093] Initializing XFRM netlink socket
[    6.285202] NET: Registered protocol family 10
[    6.303668] ip6_tables: (C) 2000-2006 Netfilter Core Team
[    6.307309] sit: IPv6 over IPv4 tunneling driver
[    6.323723] NET: Registered protocol family 17
[    6.324740] bridge: automatic filtering via arp/ip/ip6tables has been deprecated. Update your scripts to load br_netfilter if you need this.
[    6.325761] Bridge firewalling registered
[    6.326147] Ebtables v2.0 registered
[    6.330982] 8021q: 802.1Q VLAN Support v1.8
[    6.351358] rtc_cmos rtc_cmos: setting system clock to 2025-07-23 16:20:15 UTC (1753287615)
[    6.372064] EXT2-fs (sda1): warning: mounting unchecked fs, running e2fsck is recommended
[    6.374223] VFS: Mounted root (ext2 filesystem) on device 8:1.
[    6.383123] Freeing YAMON memory: 956k freed
[    6.393754] Freeing unused kernel memory: 260K (8081f000 - 80860000)
[    6.428351] spurious 8259A interrupt: IRQ7.
[    6.480203] firmadyne: sys_reboot[PID: 49 (init)]: magic1:fee1dead, magic2:28121969, cmd:0
init started:  BusyBox v1.00 (2009.03.06-06:20+0000) multi-call binary
init started:  BusyBox v1.00 (2009.03.06-06:20+0000) multi-call binary
Starting pid 51, console /dev/ttyS0: '/usr/etc/rcS'
[    6.706803] firmadyne: do_execve: /firmadyne/console
[    6.707379] OFFSETS: offset of pid: 0x198 offset of comm: 0x278
[    6.876265] cfg80211: Calling CRDA to update world regulatory domain
insmod: cannot open module `/lib/modules/vnet.ko': No such file or directory
[    9.952848] firmadyne: ioctl: 0x1
insmod finish
[   10.020551] cfg80211: Calling CRDA to update world regulatory domain
BcmAtm_Initialize: open error 6
/usr/sbin/atmctl: ATM driver return code, state error
BcmAdsl : open error 6
/usr/sbin/adslctl: BcmAdsl_Initialize error
BcmAdsl : open error 6
/usr/sbin/adslctl->ConnectionHandler: BcmAdsl_ConnectionStart error
BcmAtm_Initialize: open error 6
ATM Operation Failed , 2 
/usr/sbin/atmctl: ATM driver return code, state error
[   10.254951] random: nonblocking pool is initialized
[   10.281072] firmadyne: sys_socket[PID: 104 (brctl)]: family:2, type:2, protocol:0
[   10.334712] firmadyne: sys_socket[PID: 105 (brctl)]: family:2, type:2, protocol:0
[   10.375760] firmadyne: sys_socket[PID: 106 (ifconfig)]: family:2, type:1, protocol:0
[   10.390439] IPv6: ADDRCONF(NETDEV_UP): eth0: link is not ready
[   10.390968] 8021q: adding VLAN 0 to HW filter on device eth0
[   10.395414] e1000: eth0 NIC Link is Up 1000 Mbps Full Duplex, Flow Control: RX
[   10.398324] IPv6: ADDRCONF(NETDEV_CHANGE): eth0: link becomes ready
[   10.442304] firmadyne: sys_socket[PID: 107 (brctl)]: family:2, type:2, protocol:0
[   10.443719] firmadyne: sys_socket[PID: 107 (brctl)]: family:10, type:1, protocol:0
[   10.445891] firmadyne: br_add_if[PID: 107 (brctl)]: br:br0 dev:eth0
[   10.450842] device eth0 entered promiscuous mode
[   10.497415] firmadyne: sys_socket[PID: 108 (ifconfig)]: family:2, type:1, protocol:0
[   10.506364] IPv6: ADDRCONF(NETDEV_UP): eth1: link is not ready
[   10.506900] 8021q: adding VLAN 0 to HW filter on device eth1
[   10.510785] e1000: eth1 NIC Link is Up 1000 Mbps Full Duplex, Flow Control: RX
[   10.512007] IPv6: ADDRCONF(NETDEV_CHANGE): eth1: link becomes ready
[   10.551660] firmadyne: sys_socket[PID: 109 (brctl)]: family:2, type:2, protocol:0
[   10.553102] firmadyne: sys_socket[PID: 109 (brctl)]: family:10, type:1, protocol:0
[   10.554515] firmadyne: br_add_if[PID: 109 (brctl)]: br:br0 dev:eth1
[   10.558621] device eth1 entered promiscuous mode
[   10.649589] firmadyne: sys_socket[PID: 111 (ifconfig)]: family:2, type:1, protocol:0
[   10.651871] firmadyne: __inet_insert_ifa[PID: 111 (ifconfig)]: device:lo ifa:0x7f000001
[   10.654903] firmadyne: __inet_insert_ifa[PID: 111 (ifconfig)]: device:lo ifa:0x7f000001
[   10.706591] firmadyne: sys_socket[PID: 112 (route)]: family:2, type:1, protocol:0
[   10.928703] firmadyne: sys_socket[PID: 115 (klogd)]: family:1, type:1, protocol:0
[   10.930442] firmadyne: sys_socket[PID: 115 (klogd)]: family:1, type:2, protocol:0
[   10.940964] firmadyne: sys_socket[PID: 115 (klogd)]: family:1, type:1, protocol:0
[   10.942139] firmadyne: sys_socket[PID: 115 (klogd)]: family:1, type:2, protocol:0
[   10.952538] firmadyne: sys_socket[PID: 115 (klogd)]: family:1, type:1, protocol:0
[   10.953695] firmadyne: sys_socket[PID: 115 (klogd)]: family:1, type:2, protocol:0
[   10.955872] firmadyne: sys_socket[PID: 115 (klogd)]: family:1, type:1, protocol:0
[   10.963719] firmadyne: sys_socket[PID: 115 (klogd)]: family:1, type:2, protocol:0
[   10.966121] firmadyne: sys_socket[PID: 115 (klogd)]: family:1, type:1, protocol:0
[   10.967220] firmadyne: sys_socket[PID: 115 (klogd)]: family:1, type:2, protocol:0
[   10.973668] firmadyne: sys_socket[PID: 115 (klogd)]: family:1, type:1, protocol:0
[   10.974735] firmadyne: sys_socket[PID: 115 (klogd)]: family:1, type:2, protocol:0
[   10.981141] firmadyne: sys_socket[PID: 115 (klogd)]: family:1, type:1, protocol:0
[   10.982338] firmadyne: sys_socket[PID: 115 (klogd)]: family:1, type:2, protocol:0
[   10.988892] firmadyne: sys_socket[PID: 115 (klogd)]: family:1, type:1, protocol:0
[   10.990086] firmadyne: sys_socket[PID: 115 (klogd)]: family:1, type:2, protocol:0
[   11.000714] firmadyne: sys_socket[PID: 115 (klogd)]: family:1, type:1, protocol:0
[   11.001866] firmadyne: sys_socket[PID: 115 (klogd)]: family:1, type:2, protocol:0
[   11.004264] firmadyne: sys_socket[PID: 115 (klogd)]: family:1, type:1, protocol:0
nvram_init: [   11.012652] firmadyne: sys_socket[PID: 115 (klogd)]: family:1, type:2, protocol:0
[   11.014785] firmadyne: sys_socket[PID: 115 (klogd)]: family:1, type:1, protocol:0
[   11.015871] firmadyne: sys_socket[PID: 115 (klogd)]: family:1, type:2, protocol:0
[   11.018290] firmadyne: sys_socket[PID: 115 (klogd)]: family:1, type:1, protocol:0
[   11.019344] firmadyne: sys_socket[PID: 115 (klogd)]: family:1, type:2, protocol:0
Initializing NVRAM...
sem_get: Key: 4101c003
[   11.025942] firmadyne: sys_socket[PID: 115 (klogd)]: family:1, type:1, protocol:0
[   11.027023] firmadyne: sys_socket[PID: 115 (klogd)]: family:1, type:2, protocol:0
[   11.033688] firmadyne: sys_socket[PID: 115 (klogd)]: family:1, type:1, protocol:0
[   11.034814] firmadyne: sys_socket[PID: 115 (klogd)]: family:1, type:2, protocol:0
sem_get: Key: 410f00aa
nvram_set_default_builtin: [   11.041258] firmadyne: sys_socket[PID: 115 (klogd)]: family:1, type:1, protocol:0
[   11.042354] firmadyne: sys_socket[PID: 115 (klogd)]: family:1, type:2, protocol:0
Setting built-in default values!
nvram_set: console_loglevel = "7"
[   11.048805] firmadyne: sys_socket[PID: 115 (klogd)]: family:1, type:1, protocol:0
[   11.049906] firmadyne: sys_socket[PID: 115 (klogd)]: family:1, type:2, protocol:0
sem_get: Key: 410f00aa
sem_get: Key: [   11.056556] firmadyne: sys_socket[PID: 115 (klogd)]: family:1, type:1, protocol:0
[   11.057666] firmadyne: sys_socket[PID: 115 (klogd)]: family:1, type:2, protocol:0
[   11.059818] firmadyne: sys_socket[PID: 115 (klogd)]: family:1, type:1, protocol:0
410f00aa
nvram_set: restore_defaults = "1[   11.064542] firmadyne: sys_socket[PID: 115 (klogd)]: family:1, type:2, protocol:0
[   11.066696] firmadyne: sys_socket[PID: 115 (klogd)]: family:1, type:1, protocol:0
[   11.067771] firmadyne: sys_socket[PID: 115 (klogd)]: family:1, type:2, protocol:0
"
sem_get: Key: 410f00aa
sem_get[   11.073719] firmadyne: sys_socket[PID: 115 (klogd)]: family:1, type:1, protocol:0
[   11.074790] firmadyne: sys_socket[PID: 115 (klogd)]: family:1, type:2, protocol:0
: Key: 410f00aa
nvram_set: sku_name = ""
sem_get[   11.081370] firmadyne: sys_socket[PID: 115 (klogd)]: family:1, type:1, protocol:0
[   11.082456] firmadyne: sys_socket[PID: 115 (klogd)]: family:1, type:2, protocol:0
: Key: 410f00aa
sem_get: Key: 410f00aa
[   11.088884] firmadyne: sys_socket[PID: 115 (klogd)]: family:1, type:1, protocol:0
[   11.090066] firmadyne: sys_socket[PID: 115 (klogd)]: family:1, type:2, protocol:0
nvram_set: wla_wlanstate = ""
sem_get: Key: 410f00aa
[   11.096539] firmadyne: sys_socket[PID: 115 (klogd)]: family:1, type:1, protocol:0
[   11.097698] firmadyne: sys_socket[PID: 115 (klogd)]: family:1, type:2, protocol:0
[   11.099889] firmadyne: sys_socket[PID: 115 (klogd)]: family:1, type:1, protocol:0
sem_get: Key: 410f00aa
nvram_set: lan_if[   11.104684] firmadyne: sys_socket[PID: 115 (klogd)]: family:1, type:2, protocol:0
[   11.106844] firmadyne: sys_socket[PID: 115 (klogd)]: family:1, type:1, protocol:0
 = "br0"
sem_get: Key: 410f00aa
sem_get[   11.112269] firmadyne: sys_socket[PID: 115 (klogd)]: family:1, type:2, protocol:0
[   11.114428] firmadyne: sys_socket[PID: 115 (klogd)]: family:1, type:1, protocol:0
[   11.115492] firmadyne: sys_socket[PID: 115 (klogd)]: family:1, type:2, protocol:0
: Key: 410f00aa
nvram_set: lan_ipaddr = "192.168.0.50"
sem_get: Key: 410f00aa
sem_get: Key: 410f00aa
[   11.125803] firmadyne: sys_socket[PID: 115 (klogd)]: family:1, type:1, protocol:0
[   11.126899] firmadyne: sys_socket[PID: 115 (klogd)]: family:1, type:2, protocol:0
nvram_set: lan_bipaddr = "192.168.0.255"
sem_get: Key: 410f00aa[   11.133486] firmadyne: sys_socket[PID: 115 (klogd)]: family:1, type:1, protocol:0
[   11.134592] firmadyne: sys_socket[PID: 115 (klogd)]: family:1, type:2, protocol:0

sem_get: Key: 410f00aa
nvram_set[   11.141228] firmadyne: sys_socket[PID: 115 (klogd)]: family:1, type:1, protocol:0
[   11.142403] firmadyne: sys_socket[PID: 115 (klogd)]: family:1, type:2, protocol:0
[   11.144782] firmadyne: sys_socket[PID: 115 (klogd)]: family:1, type:1, protocol:0
[   11.145841] firmadyne: sys_socket[PID: 115 (klogd)]: family:1, type:2, protocol:0
: lan_netmask = "255.255.255.0"
sem_get: Key: 410f00aa
[   11.152214] firmadyne: sys_socket[PID: 115 (klogd)]: family:1, type:1, protocol:0
[   11.153367] firmadyne: sys_socket[PID: 115 (klogd)]: family:1, type:2, protocol:0
[   11.155536] firmadyne: sys_socket[PID: 115 (klogd)]: family:1, type:1, protocol:0
sem_get: Key: 410f00aa
nvram_set: time_zone = "PST8PDT"
sem_get: Key: 410f00aa
sem_get: Key: [   11.164585] firmadyne: sys_socket[PID: 115 (klogd)]: family:1, type:2, protocol:0
[   11.166701] firmadyne: sys_socket[PID: 115 (klogd)]: family:1, type:1, protocol:0
[   11.167779] firmadyne: sys_socket[PID: 115 (klogd)]: family:1, type:2, protocol:0
410f00aa
nvram_set: wan_hwaddr_def = "01:23:45:67:89:ab[   11.173692] firmadyne: sys_socket[PID: 115 (klogd)]: family:1, type:1, protocol:0
[   11.174773] firmadyne: sys_socket[PID: 115 (klogd)]: family:1, type:2, protocol:0
"
sem_get: Key: 410f00aa
sem_get: Key: [   11.180944] firmadyne: sys_socket[PID: 115 (klogd)]: family:1, type:1, protocol:0
[   11.182036] firmadyne: sys_socket[PID: 115 (klogd)]: family:1, type:2, protocol:0
410f00aa
[   11.188261] firmadyne: sys_socket[PID: 115 (klogd)]: family:1, type:1, protocol:0
[   11.189371] firmadyne: sys_socket[PID: 115 (klogd)]: family:1, type:2, protocol:0
[   11.191434] firmadyne: sys_socket[PID: 115 (klogd)]: family:1, type:1, protocol:0
nvram_set: wan_ifname = "eth0"
sem_get: Key: 410f00aa
sem_get: Key: 410f00aa
nvram_set[   11.200855] firmadyne: sys_socket[PID: 115 (klogd)]: family:1, type:2, protocol:0
[   11.202955] firmadyne: sys_socket[PID: 115 (klogd)]: family:1, type:1, protocol:0
[   11.204211] firmadyne: sys_socket[PID: 115 (klogd)]: family:1, type:2, protocol:0
[   11.206391] firmadyne: sys_socket[PID: 115 (klogd)]: family:1, type:1, protocol:0
[   11.207446] firmadyne: sys_socket[PID: 115 (klogd)]: family:1, type:2, protocol:0
: lan_ifnames = "eth1 eth2 eth3 eth4"
sem_get: Key: 410f00aa
[   11.213553] firmadyne: sys_socket[PID: 115 (klogd)]: family:1, type:1, protocol:0
[   11.214621] firmadyne: sys_socket[PID: 115 (klogd)]: family:1, type:2, protocol:0
sem_get: Key: 410f00aa
nvram_set: ethConver[   11.220997] firmadyne: sys_socket[PID: 115 (klogd)]: family:1, type:1, protocol:0
[   11.222199] firmadyne: sys_socket[PID: 115 (klogd)]: family:1, type:2, protocol:0
 = "1"
sem_get: Key: 410f00aa
sem_get: Key: [   11.228932] firmadyne: sys_socket[PID: 115 (klogd)]: family:1, type:1, protocol:0
[   11.230049] firmadyne: sys_socket[PID: 115 (klogd)]: family:1, type:2, protocol:0
410f00aa
nvram_set: lan_proto = "dhcp"
sem_get[   11.236550] firmadyne: sys_socket[PID: 115 (klogd)]: family:1, type:1, protocol:0
[   11.237664] firmadyne: sys_socket[PID: 115 (klogd)]: family:1, type:2, protocol:0
[   11.239722] firmadyne: sys_socket[PID: 115 (klogd)]: family:1, type:1, protocol:0
: Key: 410f00aa
sem_get: Key: 410f00aa
[   11.244607] firmadyne: sys_socket[PID: 115 (klogd)]: family:1, type:2, protocol:0
[   11.246803] firmadyne: sys_socket[PID: 115 (klogd)]: family:1, type:1, protocol:0
[   11.247899] firmadyne: sys_socket[PID: 115 (klogd)]: family:1, type:2, protocol:0
nvram_set: wan_ipaddr = "0.0.0.0"
sem_get: Key: 410f00aa
sem_get: Key: 410f00aa
[   11.257625] firmadyne: sys_socket[PID: 115 (klogd)]: family:1, type:1, protocol:0
[   11.258743] firmadyne: sys_socket[PID: 115 (klogd)]: family:1, type:2, protocol:0
nvram_set: wan_netmask = "255.255.255.0"
sem_get: Key: 410f00aa[   11.265095] firmadyne: sys_socket[PID: 115 (klogd)]: family:1, type:1, protocol:0
[   11.266187] firmadyne: sys_socket[PID: 115 (klogd)]: family:1, type:2, protocol:0

sem_get: Key: 410f00aa
nvram_set[   11.272948] firmadyne: sys_socket[PID: 115 (klogd)]: family:1, type:1, protocol:0
[   11.274102] firmadyne: sys_socket[PID: 115 (klogd)]: family:1, type:2, protocol:0
: wanif = "eth0"
sem_get: Key: 410f00aa
[   11.280591] firmadyne: sys_socket[PID: 115 (klogd)]: family:1, type:1, protocol:0
[   11.281741] firmadyne: sys_socket[PID: 115 (klogd)]: family:1, type:2, protocol:0
sem_get: Key: 410f00aa
nvram_set: time_zone_x = "0"
[   11.288463] firmadyne: sys_socket[PID: 115 (klogd)]: family:1, type:1, protocol:0
[   11.289597] firmadyne: sys_socket[PID: 115 (klogd)]: family:1, type:2, protocol:0
[   11.291748] firmadyne: sys_socket[PID: 115 (klogd)]: family:1, type:1, protocol:0
sem_get: Key: 410f00aa
sem_get: Key: [   11.296852] firmadyne: sys_socket[PID: 115 (klogd)]: family:1, type:2, protocol:0
[   11.299052] firmadyne: sys_socket[PID: 115 (klogd)]: family:1, type:1, protocol:0
410f00aa
nvram_set: rip_multicast = "0"
[   11.304339] firmadyne: sys_socket[PID: 115 (klogd)]: family:1, type:2, protocol:0
[   11.306433] firmadyne: sys_socket[PID: 115 (klogd)]: family:1, type:1, protocol:0
[   11.307486] firmadyne: sys_socket[PID: 115 (klogd)]: family:1, type:2, protocol:0
sem_get: Key: 410f00aa
sem_get: Key: 410f00aa
[   11.313678] firmadyne: sys_socket[PID: 115 (klogd)]: family:1, type:1, protocol:0
[   11.314827] firmadyne: sys_socket[PID: 115 (klogd)]: family:1, type:2, protocol:0
nvram_set: bs_trustedip_enable = "0"
sem_get: Key: [   11.321343] firmadyne: sys_socket[PID: 115 (klogd)]: family:1, type:1, protocol:0
[   11.322505] firmadyne: sys_socket[PID: 115 (klogd)]: family:1, type:2, protocol:0
410f00aa
sem_get: Key: 410f00aa
[   11.328843] firmadyne: sys_socket[PID: 115 (klogd)]: family:1, type:1, protocol:0
[   11.329961] firmadyne: sys_socket[PID: 115 (klogd)]: family:1, type:2, protocol:0
nvram_set: et0macaddr = "01:23:45:67:89:ab"
sem_get: Key: 410f00aa
[   11.336442] firmadyne: sys_socket[PID: 115 (klogd)]: family:1, type:1, protocol:0
[   11.337587] firmadyne: sys_socket[PID: 115 (klogd)]: family:1, type:2, protocol:0
[   11.339752] firmadyne: sys_socket[PID: 115 (klogd)]: family:1, type:1, protocol:0
sem_get: Key: 410f00aa
nvram_set[   11.344715] firmadyne: sys_socket[PID: 115 (klogd)]: family:1, type:2, protocol:0
[   11.346804] firmadyne: sys_socket[PID: 115 (klogd)]: family:1, type:1, protocol:0
[   11.347917] firmadyne: sys_socket[PID: 115 (klogd)]: family:1, type:2, protocol:0
: filter_rule_tbl = ""
sem_get: Key: 410f00aa
sem_get: Key: 410f00aa
nvram_set: pppoe2_schedule_config = "[   11.357928] firmadyne: sys_socket[PID: 115 (klogd)]: family:1, type:1, protocol:0
[   11.359040] firmadyne: sys_socket[PID: 115 (klogd)]: family:1, type:2, protocol:0
127:0:0:23:59"
sem_get: Key: 410f00aa
sem_get[   11.365432] firmadyne: sys_socket[PID: 115 (klogd)]: family:1, type:1, protocol:0
[   11.366565] firmadyne: sys_socket[PID: 115 (klogd)]: family:1, type:2, protocol:0
: Key: 410f00aa
nvram_set: schedule_config = "127:0:0:23:59"
[   11.374822] firmadyne: sys_socket[PID: 115 (klogd)]: family:1, type:1, protocol:0
[   11.376113] firmadyne: sys_socket[PID: 115 (klogd)]: family:1, type:2, protocol:0
[   11.378201] firmadyne: sys_socket[PID: 115 (klogd)]: family:1, type:1, protocol:0
[   11.379285] firmadyne: sys_socket[PID: 115 (klogd)]: family:1, type:2, protocol:0
sem_get: Key: 410f00aa
sem_get: Key: 410f00aa
[   11.385654] firmadyne: sys_socket[PID: 115 (klogd)]: family:1, type:1, protocol:0
[   11.386756] firmadyne: sys_socket[PID: 115 (klogd)]: family:1, type:2, protocol:0
nvram_set: access_control_mode = "0"
sem_get: Key: [   11.394162] firmadyne: sys_socket[PID: 115 (klogd)]: family:1, type:1, protocol:0
[   11.395326] firmadyne: sys_socket[PID: 115 (klogd)]: family:1, type:2, protocol:0
410f00aa
sem_get: Key: 410f00aa
[   11.401576] firmadyne: sys_socket[PID: 115 (klogd)]: family:1, type:1, protocol:0
[   11.402674] firmadyne: sys_socket[PID: 115 (klogd)]: family:1, type:2, protocol:0
nvram_set: fwpt_df_count = "0"
sem_get: Key: 410f00aa[   11.408885] firmadyne: sys_socket[PID: 115 (klogd)]: family:1, type:1, protocol:0
[   11.410039] firmadyne: sys_socket[PID: 115 (klogd)]: family:1, type:2, protocol:0

sem_get: Key: 410f00aa
nvram_set[   11.416856] firmadyne: sys_socket[PID: 115 (klogd)]: family:1, type:1, protocol:0
[   11.418024] firmadyne: sys_socket[PID: 115 (klogd)]: family:1, type:2, protocol:0
: static_if_status = "1"
sem_get: Key: 410f00aa
[   11.424361] firmadyne: sys_socket[PID: 115 (klogd)]: family:1, type:1, protocol:0
[   11.425489] firmadyne: sys_socket[PID: 115 (klogd)]: family:1, type:2, protocol:0
[   11.427596] firmadyne: sys_socket[PID: 115 (klogd)]: family:1, type:1, protocol:0
sem_get: Key: 410f00aa
nvram_set: www_relocation = "[   11.432793] firmadyne: sys_socket[PID: 115 (klogd)]: family:1, type:2, protocol:0
[   11.435018] firmadyne: sys_socket[PID: 115 (klogd)]: family:1, type:1, protocol:0
"
sem_get: Key: 410f00aa
sem_get: Key: 410f00aa
nvram_set: usb_info_dev0 = "A200396E0402FF83@1@14.4G@U@1@USB_Storage;U:;0;0@"
[   11.444508] firmadyne: sys_socket[PID: 115 (klogd)]: family:1, type:2, protocol:0
[   11.446685] firmadyne: sys_socket[PID: 115 (klogd)]: family:1, type:1, protocol:0
[   11.447805] firmadyne: sys_socket[PID: 115 (klogd)]: family:1, type:2, protocol:0
sem_get: Key: 410f00aa
sem_get: Key: [   11.453709] firmadyne: sys_socket[PID: 115 (klogd)]: family:1, type:1, protocol:0
[   11.454788] firmadyne: sys_socket[PID: 115 (klogd)]: family:1, type:2, protocol:0
410f00aa
nvram_set: usb_info_dev1 = "A200396E0402FF83@1@14.4G@U@1@USB_Storage;U:;0;0@"
[   11.461291] firmadyne: sys_socket[PID: 115 (klogd)]: family:1, type:1, protocol:0
[   11.462429] firmadyne: sys_socket[PID: 115 (klogd)]: family:1, type:2, protocol:0
sem_get: Key: 410f00aa
sem_get: Key: 410f00aa
[   11.468850] firmadyne: sys_socket[PID: 115 (klogd)]: family:1, type:1, protocol:0
[   11.470001] firmadyne: sys_socket[PID: 115 (klogd)]: family:1, type:2, protocol:0
nvram_set: usb_info_dev2 = "A200396E0402FF83@1@14.4G@U@1@USB_Storage;U:;0;0@"
sem_get: Key: [   11.478273] firmadyne: sys_socket[PID: 115 (klogd)]: family:1, type:1, protocol:0
[   11.479401] firmadyne: sys_socket[PID: 115 (klogd)]: family:1, type:2, protocol:0
[   11.481701] firmadyne: sys_socket[PID: 115 (klogd)]: family:1, type:1, protocol:0
[   11.482767] firmadyne: sys_socket[PID: 115 (klogd)]: family:1, type:2, protocol:0
410f00aa
sem_get: Key: 410f00aa
[   11.489184] firmadyne: sys_socket[PID: 115 (klogd)]: family:1, type:1, protocol:0
[   11.490308] firmadyne: sys_socket[PID: 115 (klogd)]: family:1, type:2, protocol:0
nvram_set: usb_info_dev3 = "A200396E0402FF83@1@14.4G@U@1@USB_Storage;U:;0;0@"
sem_get: Key: 410f00aa
[   11.496705] firmadyne: sys_socket[PID: 115 (klogd)]: family:1, type:1, protocol:0
[   11.497851] firmadyne: sys_socket[PID: 115 (klogd)]: family:1, type:2, protocol:0
sem_get: Key: 410f00aa
nvram_set: usb_info_dev4 = "A200396E0402FF83@1@14.4G@U@1@USB_Storage;U:;0;0@"
sem_get: Key: 410f00aa
sem_get: Key: 410f00aa
nvram_set: usb_info_dev5 = "A200396E0402FF83@1@14.4G@U@1@USB_Storage;U:;0;0@"
sem_get: Key: 410f00aa
sem_get[   11.524507] firmadyne: sys_socket[PID: 115 (klogd)]: family:1, type:1, protocol:0
[   11.525617] firmadyne: sys_socket[PID: 115 (klogd)]: family:1, type:2, protocol:0
[   11.527757] firmadyne: sys_socket[PID: 115 (klogd)]: family:1, type:1, protocol:0
: Key: 410f00aa
nvram_set: usb_info_dev6 = "[   11.532757] firmadyne: sys_socket[PID: 115 (klogd)]: family:1, type:2, protocol:0
[   11.535002] firmadyne: sys_socket[PID: 115 (klogd)]: family:1, type:1, protocol:0
A200396E0402FF83@1@14.4G@U@1@USB_Storage;U:;0;0@"
sem_get: Key: 410f00aa
sem_get: Key: [   11.540606] firmadyne: sys_socket[PID: 115 (klogd)]: family:1, type:2, protocol:0
[   11.542843] firmadyne: sys_socket[PID: 115 (klogd)]: family:1, type:1, protocol:0
410f00aa
nvram_set: usb_info_dev7 = "A200396E0402FF83@1@14.4G@U@1@USB_Storage;U:;0;0@"
[   11.548236] firmadyne: sys_socket[PID: 115 (klogd)]: family:1, type:2, protocol:0
[   11.550502] firmadyne: sys_socket[PID: 115 (klogd)]: family:1, type:1, protocol:0
[   11.551584] firmadyne: sys_socket[PID: 115 (klogd)]: family:1, type:2, protocol:0
sem_get: Key: 410f00aa
sem_get: Key: 410f00aa[   11.557897] firmadyne: sys_socket[PID: 115 (klogd)]: family:1, type:1, protocol:0
[   11.558985] firmadyne: sys_socket[PID: 115 (klogd)]: family:1, type:2, protocol:0

nvram_set: usb_info_dev8 = "A200396E0402FF83@1@14.4G@U@1@USB_Storage;U:;0;0@"
[   11.565381] firmadyne: sys_socket[PID: 115 (klogd)]: family:1, type:1, protocol:0
[   11.566603] firmadyne: sys_socket[PID: 115 (klogd)]: family:1, type:2, protocol:0
sem_get: Key: 410f00aa
sem_get: Key: 410f00aa
[   11.573030] firmadyne: sys_socket[PID: 115 (klogd)]: family:1, type:1, protocol:0
[   11.574141] firmadyne: sys_socket[PID: 115 (klogd)]: family:1, type:2, protocol:0
nvram_set: usb_info_dev9 = "A200396E0402FF83@1@14.4G@U@1@USB_Storage;U:;0;0@"
sem_get: Key: [   11.580632] firmadyne: sys_socket[PID: 115 (klogd)]: family:1, type:1, protocol:0
[   11.581747] firmadyne: sys_socket[PID: 115 (klogd)]: family:1, type:2, protocol:0
410f00aa
sem_get: Key: 410f00aa
[   11.588198] firmadyne: sys_socket[PID: 115 (klogd)]: family:1, type:1, protocol:0
[   11.589357] firmadyne: sys_socket[PID: 115 (klogd)]: family:1, type:2, protocol:0
[   11.591558] firmadyne: sys_socket[PID: 115 (klogd)]: family:1, type:1, protocol:0
nvram_set: usb_info_dev10 = "A200396E0402FF83@1@14.4G@U@1@USB_Storage;U:;0;0@"
sem_get: Key: 410f00aa
sem_get: Key: 410f00aa
[   11.600676] firmadyne: sys_socket[PID: 115 (klogd)]: family:1, type:2, protocol:0
[   11.602864] firmadyne: sys_socket[PID: 115 (klogd)]: family:1, type:1, protocol:0
nvram_set: usb_info_dev11 = "A200396E0402FF83@1@14.4G@U@1@USB_Storage;U:;0;0@"
sem_get[   11.608396] firmadyne: sys_socket[PID: 115 (klogd)]: family:1, type:2, protocol:0
[   11.610592] firmadyne: sys_socket[PID: 115 (klogd)]: family:1, type:1, protocol:0
[   11.611674] firmadyne: sys_socket[PID: 115 (klogd)]: family:1, type:2, protocol:0
: Key: 410f00aa
sem_get: Key: 410f00aa
[   11.617593] firmadyne: sys_socket[PID: 115 (klogd)]: family:1, type:1, protocol:0
[   11.618667] firmadyne: sys_socket[PID: 115 (klogd)]: family:1, type:2, protocol:0
nvram_set: usb_info_dev12 = "A200396E0402FF83@1@14.4G@U@1@USB_Storage;U:;0;0@"
sem_get[   11.625187] firmadyne: sys_socket[PID: 115 (klogd)]: family:1, type:1, protocol:0
[   11.626344] firmadyne: sys_socket[PID: 115 (klogd)]: family:1, type:2, protocol:0
: Key: 410f00aa
sem_get: Key: 410f00aa
[   11.632837] firmadyne: sys_socket[PID: 115 (klogd)]: family:1, type:1, protocol:0
[   11.634005] firmadyne: sys_socket[PID: 115 (klogd)]: family:1, type:2, protocol:0
nvram_set: usb_info_dev13 = "A200396E0402FF83@1@14.4G@U@1@USB_Storage;U:;0;0@"
sem_get: Key: 410f00aa
[   11.640494] firmadyne: sys_socket[PID: 115 (klogd)]: family:1, type:1, protocol:0
[   11.641596] firmadyne: sys_socket[PID: 115 (klogd)]: family:1, type:2, protocol:0
[   11.643764] firmadyne: sys_socket[PID: 115 (klogd)]: family:1, type:1, protocol:0
sem_get: Key: 410f00aa
[   11.648537] firmadyne: sys_socket[PID: 115 (klogd)]: family:1, type:2, protocol:0
[   11.650859] firmadyne: sys_socket[PID: 115 (klogd)]: family:1, type:1, protocol:0
nvram_set: usb_info_dev14 = "A200396E0402FF83@1@14.4G@U@1@USB_Storage;U:;0;0@"
sem_get: Key: 410f00aa
[   11.656256] firmadyne: sys_socket[PID: 115 (klogd)]: family:1, type:2, protocol:0
[   11.658458] firmadyne: sys_socket[PID: 115 (klogd)]: family:1, type:1, protocol:0
[   11.659595] firmadyne: sys_socket[PID: 115 (klogd)]: family:1, type:2, protocol:0
sem_get: Key: 410f00aa
[   11.665544] firmadyne: sys_socket[PID: 115 (klogd)]: family:1, type:1, protocol:0
[   11.666648] firmadyne: sys_socket[PID: 115 (klogd)]: family:1, type:2, protocol:0
nvram_set: usb_info_dev15 = "A200396E0402FF83@1@14.4G@U@1@USB_Storage;U:;0;0@"
sem_get: Key: 410f00aa
sem_get: Key: 410f00aa
nvram_set: [   11.677209] firmadyne: sys_socket[PID: 115 (klogd)]: family:1, type:1, protocol:0
[   11.678357] firmadyne: sys_socket[PID: 115 (klogd)]: family:1, type:2, protocol:0
[   11.680720] firmadyne: sys_socket[PID: 115 (klogd)]: family:1, type:1, protocol:0
[   11.681784] firmadyne: sys_socket[PID: 115 (klogd)]: family:1, type:2, protocol:0
usb_info_dev16 = "A200396E0402FF83@1@14.4G@U@1@USB_Storage;U:;0;0@"
sem_get: Key: 410f00aa
[   11.688322] firmadyne: sys_socket[PID: 115 (klogd)]: family:1, type:1, protocol:0
[   11.689480] firmadyne: sys_socket[PID: 115 (klogd)]: family:1, type:2, protocol:0
[   11.691654] firmadyne: sys_socket[PID: 115 (klogd)]: family:1, type:1, protocol:0
sem_get: Key: 410f00aa
nvram_set: usb_info_dev17 = "A200396E0402FF83@1@14.4G@U@1@USB_Storage;U:;0;0@"
sem_get: Key: 410f00aa
sem_get[   11.700707] firmadyne: sys_socket[PID: 115 (klogd)]: family:1, type:2, protocol:0
[   11.702947] firmadyne: sys_socket[PID: 115 (klogd)]: family:1, type:1, protocol:0
: Key: 410f00aa
nvram_set: usb_info_dev18 = "A200396E0402FF83@1@14.4G@U@1@USB_Storage;U:;0;0@[   11.708497] firmadyne: sys_socket[PID: 115 (klogd)]: family:1, type:2, protocol:0
[   11.710766] firmadyne: sys_socket[PID: 115 (klogd)]: family:1, type:1, protocol:0
[   11.711902] firmadyne: sys_socket[PID: 115 (klogd)]: family:1, type:2, protocol:0
"
sem_get: Key: 410f00aa
[   11.717630] firmadyne: sys_socket[PID: 115 (klogd)]: family:1, type:1, protocol:0
[   11.718713] firmadyne: sys_socket[PID: 115 (klogd)]: family:1, type:2, protocol:0
sem_get: Key: 410f00aa
nvram_set: usb_info_dev19 = "A200396E0402FF83@1@14.4G@U@1@USB_Storage;U:;0;0@[   11.725432] firmadyne: sys_socket[PID: 115 (klogd)]: family:1, type:1, protocol:0
[   11.726535] firmadyne: sys_socket[PID: 115 (klogd)]: family:1, type:2, protocol:0
"
sem_get: Key: 410f00aa
sem_get: Key: 410f00aa[   11.733155] firmadyne: sys_socket[PID: 115 (klogd)]: family:1, type:1, protocol:0
[   11.734352] firmadyne: sys_socket[PID: 115 (klogd)]: family:1, type:2, protocol:0

nvram_set: usb_info_dev20 = "A200396E0402FF83@1@14.4G@U@1@USB_Storage;U:;0;0@"
sem_get[   11.741035] firmadyne: sys_socket[PID: 115 (klogd)]: family:1, type:1, protocol:0
[   11.742156] firmadyne: sys_socket[PID: 115 (klogd)]: family:1, type:2, protocol:0
: Key: 410f00aa
sem_get: Key: 410f00aa
[   11.748640] firmadyne: sys_socket[PID: 115 (klogd)]: family:1, type:1, protocol:0
[   11.749776] firmadyne: sys_socket[PID: 115 (klogd)]: family:1, type:2, protocol:0
nvram_set: usb_info_dev21 = "A200396E0402FF83@1@14.4G@U@1@USB_Storage;U:;0;0@"
sem_get: Key: 410f00aa
sem_get: Key: 410f00aa
[   11.760592] firmadyne: sys_socket[PID: 115 (klogd)]: family:1, type:1, protocol:0
[   11.761752] firmadyne: sys_socket[PID: 115 (klogd)]: family:1, type:2, protocol:0
[   11.763914] firmadyne: sys_socket[PID: 115 (klogd)]: family:1, type:1, protocol:0
[   11.765290] firmadyne: sys_socket[PID: 115 (klogd)]: family:1, type:2, protocol:0
[   11.767446] firmadyne: sys_socket[PID: 115 (klogd)]: family:1, type:1, protocol:0
nvram_set: usb_info_dev22 = "A200396E0402FF83@1@14.4G@U@1@USB_Storage;U:;0;0@"
[   11.772527] firmadyne: sys_socket[PID: 115 (klogd)]: family:1, type:2, protocol:0
[   11.774813] firmadyne: sys_socket[PID: 115 (klogd)]: family:1, type:1, protocol:0
[   11.776105] firmadyne: sys_socket[PID: 115 (klogd)]: family:1, type:2, protocol:0
sem_get: Key: 410f00aa
sem_get: Key: 410f00aa
nvram_set: usb_info_dev23 = "A200396E0402FF83@1@14.4G@U@1@USB_Storage;U:;0;0@"
[   11.785742] firmadyne: sys_socket[PID: 115 (klogd)]: family:1, type:1, protocol:0
[   11.786874] firmadyne: sys_socket[PID: 115 (klogd)]: family:1, type:2, protocol:0
sem_get: Key: 410f00aa
sem_get: Key: 410f00aa
[   11.794349] firmadyne: sys_socket[PID: 115 (klogd)]: family:1, type:1, protocol:0
[   11.795484] firmadyne: sys_socket[PID: 115 (klogd)]: family:1, type:2, protocol:0
[   11.798071] firmadyne: sys_socket[PID: 115 (klogd)]: family:1, type:1, protocol:0
[   11.799201] firmadyne: sys_socket[PID: 115 (klogd)]: family:1, type:2, protocol:0
nvram_set: usb_info_dev24 = "A200396E0402FF83@1@14.4G@U@1@USB_Storage;U:;0;0@"
sem_get[   11.805755] firmadyne: sys_socket[PID: 115 (klogd)]: family:1, type:1, protocol:0
[   11.806820] firmadyne: sys_socket[PID: 115 (klogd)]: family:1, type:2, protocol:0
: Key: 410f00aa
sem_get: Key: 410f00aa
[   11.813197] firmadyne: sys_socket[PID: 115 (klogd)]: family:1, type:1, protocol:0
[   11.814315] firmadyne: sys_socket[PID: 115 (klogd)]: family:1, type:2, protocol:0
nvram_set: usb_info_dev25 = "A200396E0402FF83@1@14.4G@U@1@USB_Storage;U:;0;0@"
sem_get: Key: 410f00aa
[   11.821086] firmadyne: sys_socket[PID: 115 (klogd)]: family:1, type:1, protocol:0
[   11.822223] firmadyne: sys_socket[PID: 115 (klogd)]: family:1, type:2, protocol:0
sem_get: Key: 410f00aa
nvram_set[   11.828823] firmadyne: sys_socket[PID: 115 (klogd)]: family:1, type:1, protocol:0
[   11.829983] firmadyne: sys_socket[PID: 115 (klogd)]: family:1, type:2, protocol:0
: usb_info_dev26 = "A200396E0402FF83@1@14.4G@U@1@USB_Storage;U:;0;0@"
sem_get: Key: 410f00aa
[   11.837041] firmadyne: sys_socket[PID: 115 (klogd)]: family:1, type:1, protocol:0
[   11.838196] firmadyne: sys_socket[PID: 115 (klogd)]: family:1, type:2, protocol:0
sem_get: Key: 410f00aa
nvram_set: usb_info_dev27 = "[   11.844940] firmadyne: sys_socket[PID: 115 (klogd)]: family:1, type:1, protocol:0
[   11.846051] firmadyne: sys_socket[PID: 115 (klogd)]: family:1, type:2, protocol:0
A200396E0402FF83@1@14.4G@U@1@USB_Storage;U:;0;0@"
sem_get: Key: 410f00aa
sem_get: Key: [   11.852649] firmadyne: sys_socket[PID: 115 (klogd)]: family:1, type:1, protocol:0
[   11.853746] firmadyne: sys_socket[PID: 115 (klogd)]: family:1, type:2, protocol:0
410f00aa
nvram_set: usb_info_dev28 = "A200396E0402FF83@1@14.4G@U@1@USB_Storage;U:;0;0@"
[   11.860372] firmadyne: sys_socket[PID: 115 (klogd)]: family:1, type:1, protocol:0
[   11.861521] firmadyne: sys_socket[PID: 115 (klogd)]: family:1, type:2, protocol:0
[   11.863718] firmadyne: sys_socket[PID: 115 (klogd)]: family:1, type:1, protocol:0
sem_get: Key: 410f00aa
sem_get: Key: 410f00aa[   11.868771] firmadyne: sys_socket[PID: 115 (klogd)]: family:1, type:2, protocol:0
[   11.870979] firmadyne: sys_socket[PID: 115 (klogd)]: family:1, type:1, protocol:0

nvram_set: usb_info_dev29 = "A200396E0402FF83@1@14.4G@U@1@USB_Storage;U:;0;0@"
[   11.876382] firmadyne: sys_socket[PID: 115 (klogd)]: family:1, type:2, protocol:0
[   11.878627] firmadyne: sys_socket[PID: 115 (klogd)]: family:1, type:1, protocol:0
[   11.879717] firmadyne: sys_socket[PID: 115 (klogd)]: family:1, type:2, protocol:0
sem_get: Key: 410f00aa
sem_get: Key: 410f00aa
nvram_set: usb_info_dev30 = "A200396E0402FF83@1@14.4G@U@1@USB_Storage;U:;0;0@"
sem_get: Key: 410f00aa
sem_get: Key: 410f00aa
nvram_set: usb_info_dev31 = "A200396E0402FF83@1@14.4G@U@1@USB_Storage;U:;0;0@"
[   11.904685] firmadyne: sys_socket[PID: 115 (klogd)]: family:1, type:1, protocol:0
[   11.905890] firmadyne: sys_socket[PID: 115 (klogd)]: family:1, type:2, protocol:0
sem_get: Key: 410f00aa
sem_get: Key: 410f00aa
[   11.912337] firmadyne: sys_socket[PID: 115 (klogd)]: family:1, type:1, protocol:0
[   11.913457] firmadyne: sys_socket[PID: 115 (klogd)]: family:1, type:2, protocol:0
[   11.915576] firmadyne: sys_socket[PID: 115 (klogd)]: family:1, type:1, protocol:0
nvram_set: usb_info_dev32 = "A200396E0402FF83@1@14.4G@U@1@USB_Storage;U:;0;0@"
[   11.920488] firmadyne: sys_socket[PID: 115 (klogd)]: family:1, type:2, protocol:0
[   11.922649] firmadyne: sys_socket[PID: 115 (klogd)]: family:1, type:1, protocol:0
[   11.923704] firmadyne: sys_socket[PID: 115 (klogd)]: family:1, type:2, protocol:0
sem_get: Key: 410f00aa
sem_get: Key: 410f00aa[   11.929872] firmadyne: sys_socket[PID: 115 (klogd)]: family:1, type:1, protocol:0
[   11.930999] firmadyne: sys_socket[PID: 115 (klogd)]: family:1, type:2, protocol:0

nvram_set: usb_info_dev33 = "A200396E0402FF83@1@14.4G@U@1@USB_Storage;U:;0;0@"
[   11.937398] firmadyne: sys_socket[PID: 115 (klogd)]: family:1, type:1, protocol:0
[   11.938521] firmadyne: sys_socket[PID: 115 (klogd)]: family:1, type:2, protocol:0
sem_get: Key: 410f00aa
sem_get: Key: 410f00aa
nvram_set: usb_info_dev34 = "A200396E0402FF83@1@14.4G@U@1@USB_Storage;U:;0;0@"
sem_get: Key: 410f00aa[   11.949038] firmadyne: sys_socket[PID: 115 (klogd)]: family:1, type:1, protocol:0
[   11.950218] firmadyne: sys_socket[PID: 115 (klogd)]: family:1, type:2, protocol:0
[   11.952669] firmadyne: sys_socket[PID: 115 (klogd)]: family:1, type:1, protocol:0
[   11.953801] firmadyne: sys_socket[PID: 115 (klogd)]: family:1, type:2, protocol:0

sem_get: Key: 410f00aa
nvram_set[   11.960577] firmadyne: sys_socket[PID: 115 (klogd)]: family:1, type:1, protocol:0
[   11.961753] firmadyne: sys_socket[PID: 115 (klogd)]: family:1, type:2, protocol:0
: usb_info_dev35 = "A200396E0402FF83@1@14.4G@U@1@USB_Storage;U:;0;0@"
sem_get: Key: 410f00aa
[   11.968191] firmadyne: sys_socket[PID: 115 (klogd)]: family:1, type:1, protocol:0
[   11.969301] firmadyne: sys_socket[PID: 115 (klogd)]: family:1, type:2, protocol:0
[   11.971438] firmadyne: sys_socket[PID: 115 (klogd)]: family:1, type:1, protocol:0
sem_get: Key: 410f00aa
nvram_set: usb_info_dev36 = "A200396E0402FF83@1@14.4G@U@1@USB_Storage;U:;0;0@"
sem_get: Key: 410f00aa
sem_get[   11.980789] firmadyne: sys_socket[PID: 115 (klogd)]: family:1, type:2, protocol:0
[   11.983032] firmadyne: sys_socket[PID: 115 (klogd)]: family:1, type:1, protocol:0
[   11.984552] firmadyne: sys_socket[PID: 115 (klogd)]: family:1, type:2, protocol:0
[   11.986730] firmadyne: sys_socket[PID: 115 (klogd)]: family:1, type:1, protocol:0
[   11.987804] firmadyne: sys_socket[PID: 115 (klogd)]: family:1, type:2, protocol:0
: Key: 410f00aa
nvram_set: usb_info_dev37 = "A200396E0402FF83@1@14.4G@U@1@USB_Storage;U:;0;0@"
sem_get: Key: 410f00aa
sem_get: Key: 410f00aa
nvram_set: usb_info_dev38 = "A200396E0402FF83@1@14.4G@U@1@USB_Storage;U:;0;0@[   12.002141] firmadyne: sys_socket[PID: 115 (klogd)]: family:1, type:1, protocol:0
[   12.003251] firmadyne: sys_socket[PID: 115 (klogd)]: family:1, type:2, protocol:0
[   12.005868] firmadyne: sys_socket[PID: 115 (klogd)]: family:1, type:1, protocol:0
[   12.006927] firmadyne: sys_socket[PID: 115 (klogd)]: family:1, type:2, protocol:0
"
sem_get: Key: 410f00aa
sem_get: Key: 410f00aa[   12.013678] firmadyne: sys_socket[PID: 115 (klogd)]: family:1, type:1, protocol:0
[   12.014808] firmadyne: sys_socket[PID: 115 (klogd)]: family:1, type:2, protocol:0

nvram_set: usb_info_dev39 = "A200396E0402FF83@1@14.4G@U@1@USB_Storage;U:;0;0@"
[   12.021251] firmadyne: sys_socket[PID: 115 (klogd)]: family:1, type:1, protocol:0
[   12.022345] firmadyne: sys_socket[PID: 115 (klogd)]: family:1, type:2, protocol:0
sem_get: Key: 410f00aa
sem_get: Key: 410f00aa
[   12.028732] firmadyne: sys_socket[PID: 115 (klogd)]: family:1, type:1, protocol:0
[   12.029874] firmadyne: sys_socket[PID: 115 (klogd)]: family:1, type:2, protocol:0
nvram_set: usb_info_dev40 = "A200396E0402FF83@1@14.4G@U@1@USB_Storage;U:;0;0@"
sem_get: Key: [   12.036440] firmadyne: sys_socket[PID: 115 (klogd)]: family:1, type:1, protocol:0
[   12.037563] firmadyne: sys_socket[PID: 115 (klogd)]: family:1, type:2, protocol:0
[   12.039710] firmadyne: sys_socket[PID: 115 (klogd)]: family:1, type:1, protocol:0
410f00aa
sem_get: Key: 410f00aa
[   12.044551] firmadyne: sys_socket[PID: 115 (klogd)]: family:1, type:2, protocol:0
[   12.046833] firmadyne: sys_socket[PID: 115 (klogd)]: family:1, type:1, protocol:0
[   12.047931] firmadyne: sys_socket[PID: 115 (klogd)]: family:1, type:2, protocol:0
nvram_set: usb_info_dev41 = "A200396E0402FF83@1@14.4G@U@1@USB_Storage;U:;0;0@"
[   12.053713] firmadyne: sys_socket[PID: 115 (klogd)]: family:1, type:1, protocol:0
[   12.054829] firmadyne: sys_socket[PID: 115 (klogd)]: family:1, type:2, protocol:0
sem_get: Key: 410f00aa
sem_get: Key: 410f00aa
[   12.061334] firmadyne: sys_socket[PID: 115 (klogd)]: family:1, type:1, protocol:0
[   12.062490] firmadyne: sys_socket[PID: 115 (klogd)]: family:1, type:2, protocol:0
nvram_set: usb_info_dev42 = "A200396E0402FF83@1@14.4G@U@1@USB_Storage;U:;0;0@"
sem_get[   12.069102] firmadyne: sys_socket[PID: 115 (klogd)]: family:1, type:1, protocol:0
[   12.070216] firmadyne: sys_socket[PID: 115 (klogd)]: family:1, type:2, protocol:0
: Key: 410f00aa
sem_get: Key: 410f00aa
[   12.076588] firmadyne: sys_socket[PID: 115 (klogd)]: family:1, type:1, protocol:0
[   12.077745] firmadyne: sys_socket[PID: 115 (klogd)]: family:1, type:2, protocol:0
[   12.080120] firmadyne: sys_socket[PID: 115 (klogd)]: family:1, type:1, protocol:0
nvram_set: usb_info_dev43 = "A200396E0402FF83@1@14.4G@U@1@USB_Storage;U:;0;0@"
sem_get: Key: 410f00aa
sem_get: Key: 410f00aa
[   12.088471] firmadyne: sys_socket[PID: 115 (klogd)]: family:1, type:2, protocol:0
[   12.090628] firmadyne: sys_socket[PID: 115 (klogd)]: family:1, type:1, protocol:0
[   12.091712] firmadyne: sys_socket[PID: 115 (klogd)]: family:1, type:2, protocol:0
nvram_set: usb_info_dev44 = "A200396E0402FF83@1@14.4G@U@1@USB_Storage;U:;0;0@"
sem_get[   12.097839] firmadyne: sys_socket[PID: 115 (klogd)]: family:1, type:1, protocol:0
[   12.098968] firmadyne: sys_socket[PID: 115 (klogd)]: family:1, type:2, protocol:0
: Key: 410f00aa
sem_get: Key: 410f00aa
[   12.105447] firmadyne: sys_socket[PID: 115 (klogd)]: family:1, type:1, protocol:0
[   12.106548] firmadyne: sys_socket[PID: 115 (klogd)]: family:1, type:2, protocol:0
nvram_set: usb_info_dev45 = "A200396E0402FF83@1@14.4G@U@1@USB_Storage;U:;0;0@"
sem_get: Key: 410f00aa[   12.113100] firmadyne: sys_socket[PID: 115 (klogd)]: family:1, type:1, protocol:0
[   12.114202] firmadyne: sys_socket[PID: 115 (klogd)]: family:1, type:2, protocol:0

sem_get: Key: 410f00aa
[   12.120633] firmadyne: sys_socket[PID: 115 (klogd)]: family:1, type:1, protocol:0
[   12.121821] firmadyne: sys_socket[PID: 115 (klogd)]: family:1, type:2, protocol:0
nvram_set: usb_info_dev46 = "A200396E0402FF83@1@14.4G@U@1@USB_Storage;U:;0;0@"
sem_get: Key: 410f00aa[   12.128306] firmadyne: sys_socket[PID: 115 (klogd)]: family:1, type:1, protocol:0
[   12.129481] firmadyne: sys_socket[PID: 115 (klogd)]: family:1, type:2, protocol:0
[   12.131700] firmadyne: sys_socket[PID: 115 (klogd)]: family:1, type:1, protocol:0

sem_get: Key: 410f00aa
nvram_set: usb_info_dev47 = "A200396E0402FF83@1@14.4G@U@1@USB_Storage;U:;0;0@"
sem_get: Key: 410f00aa
[   12.140697] firmadyne: sys_socket[PID: 115 (klogd)]: family:1, type:2, protocol:0
[   12.142870] firmadyne: sys_socket[PID: 115 (klogd)]: family:1, type:1, protocol:0
sem_get: Key: 410f00aa
nvram_set: [   12.148432] firmadyne: sys_socket[PID: 115 (klogd)]: family:1, type:2, protocol:0
[   12.150708] firmadyne: sys_socket[PID: 115 (klogd)]: family:1, type:1, protocol:0
[   12.151917] firmadyne: sys_socket[PID: 115 (klogd)]: family:1, type:2, protocol:0
usb_info_dev48 = "A200396E0402FF83@1@14.4G@U@1@USB_Storage;U:;0;0@"
sem_get: Key: 410f00aa
[   12.157636] firmadyne: sys_socket[PID: 115 (klogd)]: family:1, type:1, protocol:0
[   12.158709] firmadyne: sys_socket[PID: 115 (klogd)]: family:1, type:2, protocol:0
sem_get: Key: 410f00aa
nvram_set[   12.165370] firmadyne: sys_socket[PID: 115 (klogd)]: family:1, type:1, protocol:0
[   12.166507] firmadyne: sys_socket[PID: 115 (klogd)]: family:1, type:2, protocol:0
: usb_info_dev49 = "A200396E0402FF83@1@14.4G@U@1@USB_Storage;U:;0;0@"
sem_get: Key: 410f00aa
[   12.172907] firmadyne: sys_socket[PID: 115 (klogd)]: family:1, type:1, protocol:0
[   12.174029] firmadyne: sys_socket[PID: 115 (klogd)]: family:1, type:2, protocol:0
sem_get: Key: 410f00aa
nvram_set: usb_info_dev50[   12.180560] firmadyne: sys_socket[PID: 115 (klogd)]: family:1, type:1, protocol:0
[   12.181708] firmadyne: sys_socket[PID: 115 (klogd)]: family:1, type:2, protocol:0
[   12.183894] firmadyne: sys_socket[PID: 115 (klogd)]: family:1, type:1, protocol:0
 = "A200396E0402FF83@1@14.4G@U@1@USB_Storage;U:;0;0@"
sem_get: Key: 410f00aa
sem_get: Key: 410f00aa
nvram_set: usb_info_dev51 = "[   12.193839] firmadyne: sys_socket[PID: 115 (klogd)]: family:1, type:2, protocol:0
[   12.196308] firmadyne: sys_socket[PID: 115 (klogd)]: family:1, type:1, protocol:0
[   12.197391] firmadyne: sys_socket[PID: 115 (klogd)]: family:1, type:2, protocol:0
[   12.199546] firmadyne: sys_socket[PID: 115 (klogd)]: family:1, type:1, protocol:0
A200396E0402FF83@1@14.4G@U@1@USB_Storage;U:;0;0@"
sem_get: Key: 410f00aa
[   12.204609] firmadyne: sys_socket[PID: 115 (klogd)]: family:1, type:2, protocol:0
[   12.206873] firmadyne: sys_socket[PID: 115 (klogd)]: family:1, type:1, protocol:0
sem_get: Key: 410f00aa
nvram_set: usb_info_dev52 = "[   12.212465] firmadyne: sys_socket[PID: 115 (klogd)]: family:1, type:2, protocol:0
[   12.214767] firmadyne: sys_socket[PID: 115 (klogd)]: family:1, type:1, protocol:0
[   12.215904] firmadyne: sys_socket[PID: 115 (klogd)]: family:1, type:2, protocol:0
A200396E0402FF83@1@14.4G@U@1@USB_Storage;U:;0;0@"
sem_get: Key: 410f00aa
sem_get: Key: 410f00aa
nvram_set: usb_info_dev53 = "[   12.225742] firmadyne: sys_socket[PID: 115 (klogd)]: family:1, type:1, protocol:0
[   12.226832] firmadyne: sys_socket[PID: 115 (klogd)]: family:1, type:2, protocol:0
A200396E0402FF83@1@14.4G@U@1@USB_Storage;U:;0;0@"
sem_get: Key: 410f00aa
sem_get[   12.233569] firmadyne: sys_socket[PID: 115 (klogd)]: family:1, type:1, protocol:0
[   12.234705] firmadyne: sys_socket[PID: 115 (klogd)]: family:1, type:2, protocol:0
: Key: 410f00aa
nvram_set: usb_info_dev54 = "A200396E0402FF83@1@14.4G@U@1@USB_Storage;U:;0;0@"
sem_get: Key: 410f00aa
sem_get: Key: 410f00aa
nvram_set: usb_info_dev55 = "A200396E0402FF83@1@14.4G@U@1@USB_Storage;U:;0;0@[   12.256546] firmadyne: sys_socket[PID: 115 (klogd)]: family:1, type:1, protocol:0
[   12.257713] firmadyne: sys_socket[PID: 115 (klogd)]: family:1, type:2, protocol:0
"
sem_get: Key: 410f00aa
sem_get: Key: 410f00aa
[   12.264490] firmadyne: sys_socket[PID: 115 (klogd)]: family:1, type:1, protocol:0
[   12.265652] firmadyne: sys_socket[PID: 115 (klogd)]: family:1, type:2, protocol:0
nvram_set: usb_info_dev56 = "A200396E0402FF83@1@14.4G@U@1@USB_Storage;U:;0;0@"
sem_get: Key: [   12.272260] firmadyne: sys_socket[PID: 115 (klogd)]: family:1, type:1, protocol:0
[   12.273427] firmadyne: sys_socket[PID: 115 (klogd)]: family:1, type:2, protocol:0
[   12.275627] firmadyne: sys_socket[PID: 115 (klogd)]: family:1, type:1, protocol:0
410f00aa
sem_get: Key: 410f00aa
[   12.280566] firmadyne: sys_socket[PID: 115 (klogd)]: family:1, type:2, protocol:0
[   12.282892] firmadyne: sys_socket[PID: 115 (klogd)]: family:1, type:1, protocol:0
nvram_set: usb_info_dev57 = "A200396E0402FF83@1@14.4G@U@1@USB_Storage;U:;0;0@"
sem_get: Key: [   12.288448] firmadyne: sys_socket[PID: 115 (klogd)]: family:1, type:2, protocol:0
[   12.290718] firmadyne: sys_socket[PID: 115 (klogd)]: family:1, type:1, protocol:0
[   12.291848] firmadyne: sys_socket[PID: 115 (klogd)]: family:1, type:2, protocol:0
410f00aa
sem_get: Key: 410f00aa
[   12.297672] firmadyne: sys_socket[PID: 115 (klogd)]: family:1, type:1, protocol:0
[   12.298789] firmadyne: sys_socket[PID: 115 (klogd)]: family:1, type:2, protocol:0
nvram_set: usb_info_dev58 = "A200396E0402FF83@1@14.4G@U@1@USB_Storage;U:;0;0@"
sem_get: Key: [   12.305394] firmadyne: sys_socket[PID: 115 (klogd)]: family:1, type:1, protocol:0
[   12.306501] firmadyne: sys_socket[PID: 115 (klogd)]: family:1, type:2, protocol:0
410f00aa
sem_get: Key: 410f00aa
[   12.312934] firmadyne: sys_socket[PID: 115 (klogd)]: family:1, type:1, protocol:0
[   12.314076] firmadyne: sys_socket[PID: 115 (klogd)]: family:1, type:2, protocol:0
nvram_set: usb_info_dev59 = "A200396E0402FF83@1@14.4G@U@1@USB_Storage;U:;0;0@"
sem_get: Key: 410f00aa
[   12.320571] firmadyne: sys_socket[PID: 115 (klogd)]: family:1, type:1, protocol:0
[   12.321704] firmadyne: sys_socket[PID: 115 (klogd)]: family:1, type:2, protocol:0
sem_get: Key: 410f00aa
nvram_set[   12.328308] firmadyne: sys_socket[PID: 115 (klogd)]: family:1, type:1, protocol:0
[   12.329488] firmadyne: sys_socket[PID: 115 (klogd)]: family:1, type:2, protocol:0
[   12.331766] firmadyne: sys_socket[PID: 115 (klogd)]: family:1, type:1, protocol:0
: usb_info_dev60 = "A200396E0402FF83@1@14.4G@U@1@USB_Storage;U:;0;0@"
sem_get: Key: 410f00aa
sem_get: Key: 410f00aa
nvram_set: [   12.340653] firmadyne: sys_socket[PID: 115 (klogd)]: family:1, type:2, protocol:0
[   12.342909] firmadyne: sys_socket[PID: 115 (klogd)]: family:1, type:1, protocol:0
usb_info_dev61 = "A200396E0402FF83@1@14.4G@U@1@USB_Storage;U:;0;0@"
sem_get: Key: 410f00aa
[   12.348196] firmadyne: sys_socket[PID: 115 (klogd)]: family:1, type:2, protocol:0
[   12.350553] firmadyne: sys_socket[PID: 115 (klogd)]: family:1, type:1, protocol:0
[   12.351675] firmadyne: sys_socket[PID: 115 (klogd)]: family:1, type:2, protocol:0
sem_get: Key: 410f00aa
nvram_set: [   12.357992] firmadyne: sys_socket[PID: 115 (klogd)]: family:1, type:1, protocol:0
[   12.359112] firmadyne: sys_socket[PID: 115 (klogd)]: family:1, type:2, protocol:0
usb_info_dev62 = "A200396E0402FF83@1@14.4G@U@1@USB_Storage;U:;0;0@"
sem_get: Key: 410f00aa
[   12.365796] firmadyne: sys_socket[PID: 115 (klogd)]: family:1, type:1, protocol:0
[   12.366952] firmadyne: sys_socket[PID: 115 (klogd)]: family:1, type:2, protocol:0
sem_get: Key: 410f00aa
nvram_set: usb_info_dev63 = "[   12.373692] firmadyne: sys_socket[PID: 115 (klogd)]: family:1, type:1, protocol:0
[   12.374813] firmadyne: sys_socket[PID: 115 (klogd)]: family:1, type:2, protocol:0
A200396E0402FF83@1@14.4G@U@1@USB_Storage;U:;0;0@"
sem_get: Key: 410f00aa
sem_get[   12.381380] firmadyne: sys_socket[PID: 115 (klogd)]: family:1, type:1, protocol:0
[   12.382515] firmadyne: sys_socket[PID: 115 (klogd)]: family:1, type:2, protocol:0
: Key: 410f00aa
nvram_set: usb_info_dev64 = "A200396E0402FF83@1@14.4G@U@1@USB_Storage;U:;0;0@[   12.389097] firmadyne: sys_socket[PID: 115 (klogd)]: family:1, type:1, protocol:0
[   12.390294] firmadyne: sys_socket[PID: 115 (klogd)]: family:1, type:2, protocol:0
"
sem_get: Key: 410f00aa
[   12.397901] firmadyne: sys_socket[PID: 115 (klogd)]: family:1, type:1, protocol:0
[   12.399053] firmadyne: sys_socket[PID: 115 (klogd)]: family:1, type:2, protocol:0
[   12.401492] firmadyne: sys_socket[PID: 115 (klogd)]: family:1, type:1, protocol:0
[   12.402586] firmadyne: sys_socket[PID: 115 (klogd)]: family:1, type:2, protocol:0
sem_get: Key: 410f00aa
nvram_set: usb_info_dev65 = "A200396E0402FF83@1@14.4G@U@1@USB_Storage;U:;0;0@"
sem_get: Key: 410f00aa
sem_get: Key: 410f00aa[   12.413260] firmadyne: sys_socket[PID: 115 (klogd)]: family:1, type:1, protocol:0
[   12.414434] firmadyne: sys_socket[PID: 115 (klogd)]: family:1, type:2, protocol:0

nvram_set: usb_info_dev66 = "A200396E0402FF83@1@14.4G@U@1@USB_Storage;U:;0;0@"
[   12.420920] firmadyne: sys_socket[PID: 115 (klogd)]: family:1, type:1, protocol:0
[   12.422088] firmadyne: sys_socket[PID: 115 (klogd)]: family:1, type:2, protocol:0
sem_get: Key: 410f00aa
sem_get: Key: 410f00aa
[   12.428571] firmadyne: sys_socket[PID: 115 (klogd)]: family:1, type:1, protocol:0
[   12.429714] firmadyne: sys_socket[PID: 115 (klogd)]: family:1, type:2, protocol:0
nvram_set: usb_info_dev67 = "A200396E0402FF83@1@14.4G@U@1@USB_Storage;U:;0;0@"
sem_get: Key: [   12.436272] firmadyne: sys_socket[PID: 115 (klogd)]: family:1, type:1, protocol:0
[   12.437463] firmadyne: sys_socket[PID: 115 (klogd)]: family:1, type:2, protocol:0
[   12.439624] firmadyne: sys_socket[PID: 115 (klogd)]: family:1, type:1, protocol:0
410f00aa
sem_get: Key: 410f00aa
[   12.444539] firmadyne: sys_socket[PID: 115 (klogd)]: family:1, type:2, protocol:0
[   12.446772] firmadyne: sys_socket[PID: 115 (klogd)]: family:1, type:1, protocol:0
[   12.447846] firmadyne: sys_socket[PID: 115 (klogd)]: family:1, type:2, protocol:0
nvram_set: usb_info_dev68 = "A200396E0402FF83@1@14.4G@U@1@USB_Storage;U:;0;0@"
[   12.453619] firmadyne: sys_socket[PID: 115 (klogd)]: family:1, type:1, protocol:0
[   12.454735] firmadyne: sys_socket[PID: 115 (klogd)]: family:1, type:2, protocol:0
sem_get: Key: 410f00aa
sem_get: Key: 410f00aa
[   12.461324] firmadyne: sys_socket[PID: 115 (klogd)]: family:1, type:1, protocol:0
[   12.462455] firmadyne: sys_socket[PID: 115 (klogd)]: family:1, type:2, protocol:0
nvram_set: usb_info_dev69 = "A200396E0402FF83@1@14.4G@U@1@USB_Storage;U:;0;0@"
sem_get: Key: [   12.469102] firmadyne: sys_socket[PID: 115 (klogd)]: family:1, type:1, protocol:0
[   12.470265] firmadyne: sys_socket[PID: 115 (klogd)]: family:1, type:2, protocol:0
410f00aa
sem_get: Key: 410f00aa
[   12.476697] firmadyne: sys_socket[PID: 115 (klogd)]: family:1, type:1, protocol:0
[   12.477880] firmadyne: sys_socket[PID: 115 (klogd)]: family:1, type:2, protocol:0
nvram_set: usb_info_dev70 = "A200396E0402FF83@1@14.4G@U@1@USB_Storage;U:;0;0@"
sem_get: Key: 410f00aa
[   12.484422] firmadyne: sys_socket[PID: 115 (klogd)]: family:1, type:1, protocol:0
[   12.485657] firmadyne: sys_socket[PID: 115 (klogd)]: family:1, type:2, protocol:0
[   12.487867] firmadyne: sys_socket[PID: 115 (klogd)]: family:1, type:1, protocol:0
sem_get: Key: 410f00aa
nvram_set: usb_info_dev71 = "A200396E0402FF83@1@14.4G@U@1@USB_Storage;U:;0;0@"
sem_get: Key: 410f00aa
[   12.496536] firmadyne: sys_socket[PID: 115 (klogd)]: family:1, type:2, protocol:0
[   12.498842] firmadyne: sys_socket[PID: 115 (klogd)]: family:1, type:1, protocol:0
sem_get: Key: 410f00aa
nvram_set[   12.504453] firmadyne: sys_socket[PID: 115 (klogd)]: family:1, type:2, protocol:0
[   12.506676] firmadyne: sys_socket[PID: 115 (klogd)]: family:1, type:1, protocol:0
[   12.507808] firmadyne: sys_socket[PID: 115 (klogd)]: family:1, type:2, protocol:0
: usb_info_dev72 = "A200396E0402FF83@1@14.4G@U@1@USB_Storage;U:;0;0@"
sem_get: Key: 410f00aa
sem_get: Key: 410f00aa
[   12.517535] firmadyne: sys_socket[PID: 115 (klogd)]: family:1, type:1, protocol:0
[   12.518694] firmadyne: sys_socket[PID: 115 (klogd)]: family:1, type:2, protocol:0
[   12.521260] firmadyne: sys_socket[PID: 115 (klogd)]: family:1, type:1, protocol:0
[   12.522394] firmadyne: sys_socket[PID: 115 (klogd)]: family:1, type:2, protocol:0
nvram_set: usb_info_dev73 = "A200396E0402FF83@1@14.4G@U@1@USB_Storage;U:;0;0@"
sem_get: Key: 410f00aa[   12.529046] firmadyne: sys_socket[PID: 115 (klogd)]: family:1, type:1, protocol:0
[   12.530202] firmadyne: sys_socket[PID: 115 (klogd)]: family:1, type:2, protocol:0

sem_get: Key: 410f00aa
[   12.536647] firmadyne: sys_socket[PID: 115 (klogd)]: family:1, type:1, protocol:0
[   12.537868] firmadyne: sys_socket[PID: 115 (klogd)]: family:1, type:2, protocol:0
nvram_set: usb_info_dev74 = "A200396E0402FF83@1@14.4G@U@1@USB_Storage;U:;0;0@"
sem_get: Key: 410f00aa
[   12.544607] firmadyne: sys_socket[PID: 115 (klogd)]: family:1, type:1, protocol:0
[   12.545831] firmadyne: sys_socket[PID: 115 (klogd)]: family:1, type:2, protocol:0
sem_get: Key: 410f00aa
nvram_set: usb_info_dev75[   12.552621] firmadyne: sys_socket[PID: 115 (klogd)]: family:1, type:1, protocol:0
[   12.553818] firmadyne: sys_socket[PID: 115 (klogd)]: family:1, type:2, protocol:0
 = "A200396E0402FF83@1@14.4G@U@1@USB_Storage;U:;0;0@"
sem_get: Key: 410f00aa
sem_get[   12.560592] firmadyne: sys_socket[PID: 115 (klogd)]: family:1, type:1, protocol:0
[   12.561763] firmadyne: sys_socket[PID: 115 (klogd)]: family:1, type:2, protocol:0
: Key: 410f00aa
nvram_set: usb_info_dev76 = "A200396E0402FF83@1@14.4G@U@1@USB_Storage;U:;0;0@"
[   12.568629] firmadyne: sys_socket[PID: 115 (klogd)]: family:1, type:1, protocol:0
[   12.569767] firmadyne: sys_socket[PID: 115 (klogd)]: family:1, type:2, protocol:0
[   12.572109] firmadyne: sys_socket[PID: 115 (klogd)]: family:1, type:1, protocol:0
sem_get: Key: 410f00aa
sem_get: Key: [   12.576624] firmadyne: sys_socket[PID: 115 (klogd)]: family:1, type:2, protocol:0
[   12.578864] firmadyne: sys_socket[PID: 115 (klogd)]: family:1, type:1, protocol:0
410f00aa
nvram_set: usb_info_dev77 = "A200396E0402FF83@1@14.4G@U@1@USB_Storage;U:;0;0@"
[   12.584410] firmadyne: sys_socket[PID: 115 (klogd)]: family:1, type:2, protocol:0
[   12.586605] firmadyne: sys_socket[PID: 115 (klogd)]: family:1, type:1, protocol:0
[   12.587678] firmadyne: sys_socket[PID: 115 (klogd)]: family:1, type:2, protocol:0
sem_get: Key: 410f00aa
sem_get: Key: 410f00aa
nvram_set: usb_info_dev78 = "A200396E0402FF83@1@14.4G@U@1@USB_Storage;U:;0;0@"
sem_get: Key: 410f00aa
sem_get: Key: 410f00aa
nvram_set[   12.612514] firmadyne: sys_socket[PID: 115 (klogd)]: family:1, type:1, protocol:0
[   12.613658] firmadyne: sys_socket[PID: 115 (klogd)]: family:1, type:2, protocol:0
[   12.615870] firmadyne: sys_socket[PID: 115 (klogd)]: family:1, type:1, protocol:0
: usb_info_dev79 = "A200396E0402FF83@1@14.4G@U@1@USB_Storage;U:;0;0@"
sem_get: Key: 410f00aa
[   12.620639] firmadyne: sys_socket[PID: 115 (klogd)]: family:1, type:2, protocol:0
[   12.622814] firmadyne: sys_socket[PID: 115 (klogd)]: family:1, type:1, protocol:0
[   12.623909] firmadyne: sys_socket[PID: 115 (klogd)]: family:1, type:2, protocol:0
sem_get: Key: 410f00aa
nvram_set: usb_info_dev80 = "A200396E0402FF83@1@14.4G@U@1@USB_Storage;U:;0;0@"
sem_get: Key: 410f00aa
[   12.633659] firmadyne: sys_socket[PID: 115 (klogd)]: family:1, type:1, protocol:0
[   12.634771] firmadyne: sys_socket[PID: 115 (klogd)]: family:1, type:2, protocol:0
sem_get: Key: 410f00aa
nvram_set: [   12.641524] firmadyne: sys_socket[PID: 115 (klogd)]: family:1, type:1, protocol:0
[   12.642626] firmadyne: sys_socket[PID: 115 (klogd)]: family:1, type:2, protocol:0
[   12.645061] firmadyne: sys_socket[PID: 115 (klogd)]: family:1, type:1, protocol:0
[   12.646129] firmadyne: sys_socket[PID: 115 (klogd)]: family:1, type:2, protocol:0
usb_info_dev81 = "A200396E0402FF83@1@14.4G@U@1@USB_Storage;U:;0;0@"
sem_get: Key: 410f00aa
[   12.652533] firmadyne: sys_socket[PID: 115 (klogd)]: family:1, type:1, protocol:0
[   12.653639] firmadyne: sys_socket[PID: 115 (klogd)]: family:1, type:2, protocol:0
[   12.655791] firmadyne: sys_socket[PID: 115 (klogd)]: family:1, type:1, protocol:0
sem_get: Key: 410f00aa
nvram_set: usb_info_dev82 = "A200396E0402FF83@1@14.4G@U@1@USB_Storage;U:;0;0@"
sem_get: Key: 410f00aa
[   12.664518] firmadyne: sys_socket[PID: 115 (klogd)]: family:1, type:2, protocol:0
[   12.666735] firmadyne: sys_socket[PID: 115 (klogd)]: family:1, type:1, protocol:0
[   12.667896] firmadyne: sys_socket[PID: 115 (klogd)]: family:1, type:2, protocol:0
sem_get: Key: 410f00aa
nvram_set: [   12.673913] firmadyne: sys_socket[PID: 115 (klogd)]: family:1, type:1, protocol:0
[   12.675035] firmadyne: sys_socket[PID: 115 (klogd)]: family:1, type:2, protocol:0
usb_info_dev83 = "A200396E0402FF83@1@14.4G@U@1@USB_Storage;U:;0;0@"
sem_get: Key: 410f00aa
[   12.681403] firmadyne: sys_socket[PID: 115 (klogd)]: family:1, type:1, protocol:0
[   12.682481] firmadyne: sys_socket[PID: 115 (klogd)]: family:1, type:2, protocol:0
sem_get: Key: 410f00aa
nvram_set: usb_info_dev84 = "[   12.688827] firmadyne: sys_socket[PID: 115 (klogd)]: family:1, type:1, protocol:0
[   12.689926] firmadyne: sys_socket[PID: 115 (klogd)]: family:1, type:2, protocol:0
A200396E0402FF83@1@14.4G@U@1@USB_Storage;U:;0;0@"
sem_get: Key: 410f00aa
sem_get: Key: [   12.696694] firmadyne: sys_socket[PID: 115 (klogd)]: family:1, type:1, protocol:0
[   12.697851] firmadyne: sys_socket[PID: 115 (klogd)]: family:1, type:2, protocol:0
410f00aa
nvram_set: usb_info_dev85 = "A200396E0402FF83@1@14.4G@U@1@USB_Storage;U:;0;0@"
[   12.704370] firmadyne: sys_socket[PID: 115 (klogd)]: family:1, type:1, protocol:0
[   12.705522] firmadyne: sys_socket[PID: 115 (klogd)]: family:1, type:2, protocol:0
[   12.707730] firmadyne: sys_socket[PID: 115 (klogd)]: family:1, type:1, protocol:0
sem_get: Key: 410f00aa
sem_get: Key: [   12.712480] firmadyne: sys_socket[PID: 115 (klogd)]: family:1, type:2, protocol:0
[   12.714642] firmadyne: sys_socket[PID: 115 (klogd)]: family:1, type:1, protocol:0
[   12.715843] firmadyne: sys_socket[PID: 115 (klogd)]: family:1, type:2, protocol:0
410f00aa
nvram_set: usb_info_dev86 = "A200396E0402FF83@1@14.4G@U@1@USB_Storage;U:;0;0@"
sem_get: Key: 410f00aa
sem_get: Key: 410f00aa[   12.725911] firmadyne: sys_socket[PID: 115 (klogd)]: family:1, type:1, protocol:0
[   12.726994] firmadyne: sys_socket[PID: 115 (klogd)]: family:1, type:2, protocol:0

nvram_set: usb_info_dev87 = "A200396E0402FF83@1@14.4G@U@1@USB_Storage;U:;0;0@"
[   12.733417] firmadyne: sys_socket[PID: 115 (klogd)]: family:1, type:1, protocol:0
[   12.734565] firmadyne: sys_socket[PID: 115 (klogd)]: family:1, type:2, protocol:0
sem_get: Key: 410f00aa
sem_get: Key: 410f00aa
[   12.741017] firmadyne: sys_socket[PID: 115 (klogd)]: family:1, type:1, protocol:0
[   12.742172] firmadyne: sys_socket[PID: 115 (klogd)]: family:1, type:2, protocol:0
nvram_set: usb_info_dev88 = "A200396E0402FF83@1@14.4G@U@1@USB_Storage;U:;0;0@"
sem_get: Key: [   12.748877] firmadyne: sys_socket[PID: 115 (klogd)]: family:1, type:1, protocol:0
[   12.750000] firmadyne: sys_socket[PID: 115 (klogd)]: family:1, type:2, protocol:0
410f00aa
sem_get: Key: 410f00aa
[   12.756431] firmadyne: sys_socket[PID: 115 (klogd)]: family:1, type:1, protocol:0
[   12.757561] firmadyne: sys_socket[PID: 115 (klogd)]: family:1, type:2, protocol:0
[   12.759767] firmadyne: sys_socket[PID: 115 (klogd)]: family:1, type:1, protocol:0
nvram_set: usb_info_dev89 = "A200396E0402FF83@1@14.4G@U@1@USB_Storage;U:;0;0@"
sem_get: Key: [   12.764492] firmadyne: sys_socket[PID: 115 (klogd)]: family:1, type:2, protocol:0
[   12.766686] firmadyne: sys_socket[PID: 115 (klogd)]: family:1, type:1, protocol:0
[   12.767864] firmadyne: sys_socket[PID: 115 (klogd)]: family:1, type:2, protocol:0
410f00aa
sem_get: Key: 410f00aa
[   12.773763] firmadyne: sys_socket[PID: 115 (klogd)]: family:1, type:1, protocol:0
[   12.774880] firmadyne: sys_socket[PID: 115 (klogd)]: family:1, type:2, protocol:0
nvram_set: usb_info_dev90 = "A200396E0402FF83@1@14.4G@U@1@USB_Storage;U:;0;0@"
sem_get[   12.781307] firmadyne: sys_socket[PID: 115 (klogd)]: family:1, type:1, protocol:0
[   12.782415] firmadyne: sys_socket[PID: 115 (klogd)]: family:1, type:2, protocol:0
: Key: 410f00aa
sem_get: Key: 410f00aa
nvram_set: usb_info_dev91 = "A200396E0402FF83@1@14.4G@U@1@USB_Storage;U:;0;0@"
sem_get: Key: 410f00aa
[   12.793987] firmadyne: sys_socket[PID: 115 (klogd)]: family:1, type:1, protocol:0
[   12.795146] firmadyne: sys_socket[PID: 115 (klogd)]: family:1, type:2, protocol:0
[   12.797528] firmadyne: sys_socket[PID: 115 (klogd)]: family:1, type:1, protocol:0
[   12.798587] firmadyne: sys_socket[PID: 115 (klogd)]: family:1, type:2, protocol:0
sem_get: Key: 410f00aa
nvram_set[   12.805172] firmadyne: sys_socket[PID: 115 (klogd)]: family:1, type:1, protocol:0
[   12.806312] firmadyne: sys_socket[PID: 115 (klogd)]: family:1, type:2, protocol:0
: usb_info_dev92 = "A200396E0402FF83@1@14.4G@U@1@USB_Storage;U:;0;0@"
sem_get: Key: 410f00aa
[   12.812665] firmadyne: sys_socket[PID: 115 (klogd)]: family:1, type:1, protocol:0
[   12.813809] firmadyne: sys_socket[PID: 115 (klogd)]: family:1, type:2, protocol:0
sem_get: Key: 410f00aa
nvram_set: usb_info_dev93 = "[   12.820426] firmadyne: sys_socket[PID: 115 (klogd)]: family:1, type:1, protocol:0
[   12.821577] firmadyne: sys_socket[PID: 115 (klogd)]: family:1, type:2, protocol:0
[   12.823802] firmadyne: sys_socket[PID: 115 (klogd)]: family:1, type:1, protocol:0
A200396E0402FF83@1@14.4G@U@1@USB_Storage;U:;0;0@"
sem_get: Key: 410f00aa
sem_get: Key: 410f00aa
nvram_set: usb_info_dev94 = "A200396E0402FF83@1@14.4G@U@1@USB_Storage;U:;0;0@[   12.832874] firmadyne: sys_socket[PID: 115 (klogd)]: family:1, type:2, protocol:0
[   12.835170] firmadyne: sys_socket[PID: 115 (klogd)]: family:1, type:1, protocol:0
[   12.836627] firmadyne: sys_socket[PID: 115 (klogd)]: family:1, type:2, protocol:0
[   12.838801] firmadyne: sys_socket[PID: 115 (klogd)]: family:1, type:1, protocol:0
[   12.839891] firmadyne: sys_socket[PID: 115 (klogd)]: family:1, type:2, protocol:0
"
sem_get: Key: 410f00aa
sem_get: Key: 410f00aa
nvram_set: usb_info_dev95 = "A200396E0402FF83@1@14.4G@U@1@USB_Storage;U:;0;0@"
[   12.849955] firmadyne: sys_socket[PID: 115 (klogd)]: family:1, type:1, protocol:0
[   12.851096] firmadyne: sys_socket[PID: 115 (klogd)]: family:1, type:2, protocol:0
sem_get: Key: 410f00aa
sem_get: Key: 410f00aa
[   12.857763] firmadyne: sys_socket[PID: 115 (klogd)]: family:1, type:1, protocol:0
[   12.858876] firmadyne: sys_socket[PID: 115 (klogd)]: family:1, type:2, protocol:0
nvram_set: usb_info_dev96 = "A200396E0402FF83@1@14.4G@U@1@USB_Storage;U:;0;0@"
sem_get[   12.865418] firmadyne: sys_socket[PID: 115 (klogd)]: family:1, type:1, protocol:0
[   12.866499] firmadyne: sys_socket[PID: 115 (klogd)]: family:1, type:2, protocol:0
: Key: 410f00aa
sem_get: Key: 410f00aa
[   12.872932] firmadyne: sys_socket[PID: 115 (klogd)]: family:1, type:1, protocol:0
[   12.874117] firmadyne: sys_socket[PID: 115 (klogd)]: family:1, type:2, protocol:0
nvram_set: usb_info_dev97 = "A200396E0402FF83@1@14.4G@U@1@USB_Storage;U:;0;0@"
sem_get: Key: 410f00aa
[   12.880790] firmadyne: sys_socket[PID: 115 (klogd)]: family:1, type:1, protocol:0
[   12.881887] firmadyne: sys_socket[PID: 115 (klogd)]: family:1, type:2, protocol:0
[   12.884294] firmadyne: sys_socket[PID: 115 (klogd)]: family:1, type:1, protocol:0
[   12.885360] firmadyne: sys_socket[PID: 115 (klogd)]: family:1, type:2, protocol:0
[   12.887460] firmadyne: sys_socket[PID: 115 (klogd)]: family:1, type:1, protocol:0
sem_get: Key: 410f00aa
nvram_set: usb_info_dev98 = "A200396E0402FF83@1@14.4G@U@1@USB_Storage;U:;0;0@"
sem_get: Key: 410f00aa
[   12.896564] firmadyne: sys_socket[PID: 115 (klogd)]: family:1, type:2, protocol:0
[   12.898817] firmadyne: sys_socket[PID: 115 (klogd)]: family:1, type:1, protocol:0
[   12.900076] firmadyne: sys_socket[PID: 115 (klogd)]: family:1, type:2, protocol:0
sem_get: Key: 410f00aa
[   12.905647] firmadyne: sys_socket[PID: 115 (klogd)]: family:1, type:1, protocol:0
[   12.906725] firmadyne: sys_socket[PID: 115 (klogd)]: family:1, type:2, protocol:0
nvram_set: usb_info_dev99 = "A200396E0402FF83@1@14.4G@U@1@USB_Storage;U:;0;0@"
sem_get: Key: 410f00aa
[   12.913059] firmadyne: sys_socket[PID: 115 (klogd)]: family:1, type:1, protocol:0
[   12.914158] firmadyne: sys_socket[PID: 115 (klogd)]: family:1, type:2, protocol:0
sem_get: Key: 410f00aa
nvram_set: [   12.920720] firmadyne: sys_socket[PID: 115 (klogd)]: family:1, type:1, protocol:0
[   12.921840] firmadyne: sys_socket[PID: 115 (klogd)]: family:1, type:2, protocol:0
usb_info_dev100 = "A200396E0402FF83@1@14.4G@U@1@USB_Storage;U:;0;0@"
sem_get: Key: 410f00aa
[   12.928259] firmadyne: sys_socket[PID: 115 (klogd)]: family:1, type:1, protocol:0
[   12.929419] firmadyne: sys_socket[PID: 115 (klogd)]: family:1, type:2, protocol:0
[   12.931636] firmadyne: sys_socket[PID: 115 (klogd)]: family:1, type:1, protocol:0
sem_get: Key: 410f00aa
nvram_set: [   12.936730] firmadyne: sys_socket[PID: 115 (klogd)]: family:1, type:2, protocol:0
wla_ap_isolate_1 = ""
sem_get: Key: 410f00aa
sem_get: Key: 410f00aa
nvram_set: wla_ap_isolate_2 = ""
sem_get: Key: 410f00aa
[   12.956354] firmadyne: sys_socket[PID: 115 (klogd)]: family:1, type:1, protocol:0
[   12.957481] firmadyne: sys_socket[PID: 115 (klogd)]: family:1, type:2, protocol:0
[   12.959608] firmadyne: sys_socket[PID: 115 (klogd)]: family:1, type:1, protocol:0
sem_get: Key: 410f00aa
nvram_set: wla_ap_isolate_3 = ""
sem_get: Key: 410f00aa
sem_get: Key: [   12.968696] firmadyne: sys_socket[PID: 115 (klogd)]: family:1, type:2, protocol:0
[   12.970883] firmadyne: sys_socket[PID: 115 (klogd)]: family:1, type:1, protocol:0
410f00aa
nvram_set: wla_ap_isolate_4 = ""
[   12.976363] firmadyne: sys_socket[PID: 115 (klogd)]: family:1, type:2, protocol:0
[   12.978580] firmadyne: sys_socket[PID: 115 (klogd)]: family:1, type:1, protocol:0
[   12.979651] firmadyne: sys_socket[PID: 115 (klogd)]: family:1, type:2, protocol:0
sem_get: Key: 410f00aa
sem_get: Key: 410f00aa
[   12.985689] firmadyne: sys_socket[PID: 115 (klogd)]: family:1, type:1, protocol:0
[   12.986788] firmadyne: sys_socket[PID: 115 (klogd)]: family:1, type:2, protocol:0
nvram_set: wlg_ap_isolate_1 = ""
sem_get: Key: 410f00aa[   12.994261] firmadyne: sys_socket[PID: 115 (klogd)]: family:1, type:1, protocol:0
[   12.995365] firmadyne: sys_socket[PID: 115 (klogd)]: family:1, type:2, protocol:0
[   12.997781] firmadyne: sys_socket[PID: 115 (klogd)]: family:1, type:1, protocol:0
[   12.998866] firmadyne: sys_socket[PID: 115 (klogd)]: family:1, type:2, protocol:0

sem_get: Key: 410f00aa
nvram_set: wlg_ap_isolate_2 = ""
sem_get: Key: 410f00aa
[   13.009231] firmadyne: sys_socket[PID: 115 (klogd)]: family:1, type:1, protocol:0
[   13.010386] firmadyne: sys_socket[PID: 115 (klogd)]: family:1, type:2, protocol:0
sem_get: Key: 410f00aa
nvram_set: wlg_ap_isolate_3 = ""
[   13.017173] firmadyne: sys_socket[PID: 115 (klogd)]: family:1, type:1, protocol:0
[   13.018343] firmadyne: sys_socket[PID: 115 (klogd)]: family:1, type:2, protocol:0
sem_get: Key: 410f00aa
sem_get: Key: 410f00aa
[   13.024904] firmadyne: sys_socket[PID: 115 (klogd)]: family:1, type:1, protocol:0
[   13.026011] firmadyne: sys_socket[PID: 115 (klogd)]: family:1, type:2, protocol:0
nvram_set: wlg_ap_isolate_4 = ""
sem_get: Key: 410f00aa
[   13.032428] firmadyne: sys_socket[PID: 115 (klogd)]: family:1, type:1, protocol:0
[   13.033528] firmadyne: sys_socket[PID: 115 (klogd)]: family:1, type:2, protocol:0
sem_get: Key: 410f00aa
nvram_set: wlg_allow_access_1[   13.040884] firmadyne: sys_socket[PID: 115 (klogd)]: family:1, type:1, protocol:0
[   13.042052] firmadyne: sys_socket[PID: 115 (klogd)]: family:1, type:2, protocol:0
 = ""
sem_get: Key: 410f00aa
sem_get: Key: 410f00aa
[   13.048870] firmadyne: sys_socket[PID: 115 (klogd)]: family:1, type:1, protocol:0
[   13.050341] firmadyne: sys_socket[PID: 115 (klogd)]: family:1, type:2, protocol:0
[   13.052880] firmadyne: sys_socket[PID: 115 (klogd)]: family:1, type:1, protocol:0
[   13.054005] firmadyne: sys_socket[PID: 115 (klogd)]: family:1, type:2, protocol:0
nvram_set: wlg_allow_access_2 = ""
sem_get: Key: 410f00aa[   13.060391] firmadyne: sys_socket[PID: 115 (klogd)]: family:1, type:1, protocol:0
[   13.061550] firmadyne: sys_socket[PID: 115 (klogd)]: family:1, type:2, protocol:0
[   13.063788] firmadyne: sys_socket[PID: 115 (klogd)]: family:1, type:1, protocol:0

sem_get: Key: 410f00aa
nvram_set: wlg_allow_access_3 = ""
sem_get: Key: 410f00aa
[   13.072469] firmadyne: sys_socket[PID: 115 (klogd)]: family:1, type:2, protocol:0
[   13.074695] firmadyne: sys_socket[PID: 115 (klogd)]: family:1, type:1, protocol:0
[   13.075804] firmadyne: sys_socket[PID: 115 (klogd)]: family:1, type:2, protocol:0
sem_get: Key: 410f00aa
nvram_set: [   13.081842] firmadyne: sys_socket[PID: 115 (klogd)]: family:1, type:1, protocol:0
[   13.082952] firmadyne: sys_socket[PID: 115 (klogd)]: family:1, type:2, protocol:0
wlg_allow_access_4 = ""
sem_get: Key: 410f00aa
sem_get[   13.089533] firmadyne: sys_socket[PID: 115 (klogd)]: family:1, type:1, protocol:0
[   13.090630] firmadyne: sys_socket[PID: 115 (klogd)]: family:1, type:2, protocol:0
: Key: 410f00aa
nvram_set: 0:macaddr = "01:23:45:67:89:ab"
[   13.097370] firmadyne: sys_socket[PID: 115 (klogd)]: family:1, type:1, protocol:0
[   13.098516] firmadyne: sys_socket[PID: 115 (klogd)]: family:1, type:2, protocol:0
sem_get: Key: 410f00aa
sem_get: Key: 410f00aa
[   13.104926] firmadyne: sys_socket[PID: 115 (klogd)]: family:1, type:1, protocol:0
[   13.106092] firmadyne: sys_socket[PID: 115 (klogd)]: family:1, type:2, protocol:0
nvram_set: 1:macaddr = "01:23:45:67:89:ab"
sem_get: Key: [   13.112668] firmadyne: sys_socket[PID: 115 (klogd)]: family:1, type:1, protocol:0
[   13.113851] firmadyne: sys_socket[PID: 115 (klogd)]: family:1, type:2, protocol:0
410f00aa
sem_get: Key: 410f00aa
[   13.120282] firmadyne: sys_socket[PID: 115 (klogd)]: family:1, type:1, protocol:0
[   13.121385] firmadyne: sys_socket[PID: 115 (klogd)]: family:1, type:2, protocol:0
[   13.123513] firmadyne: sys_socket[PID: 115 (klogd)]: family:1, type:1, protocol:0
nvram_set: 2:macaddr = "01:23:45:67:89:ab"
sem_get: Key: 410f00aa
[   13.128791] firmadyne: sys_socket[PID: 115 (klogd)]: family:1, type:2, protocol:0
[   13.131027] firmadyne: sys_socket[PID: 115 (klogd)]: family:1, type:1, protocol:0
sem_get: Key: 410f00aa
nvram_set[   13.136522] firmadyne: sys_socket[PID: 115 (klogd)]: family:1, type:2, protocol:0
[   13.138759] firmadyne: sys_socket[PID: 115 (klogd)]: family:1, type:1, protocol:0
[   13.139922] firmadyne: sys_socket[PID: 115 (klogd)]: family:1, type:2, protocol:0
: lan1_ifnames = ""
sem_get: Key: 410f00aa
sem_get: Key: 410f00aa
nvram_set: lan2_ifnames = "[   13.149620] firmadyne: sys_socket[PID: 115 (klogd)]: family:1, type:1, protocol:0
[   13.150892] firmadyne: sys_socket[PID: 115 (klogd)]: family:1, type:2, protocol:0
[   13.153419] firmadyne: sys_socket[PID: 115 (klogd)]: family:1, type:1, protocol:0
[   13.154530] firmadyne: sys_socket[PID: 115 (klogd)]: family:1, type:2, protocol:0
"
sem_get: Key: 410f00aa
sem_get: Key: 410f00aa[   13.161087] firmadyne: sys_socket[PID: 115 (klogd)]: family:1, type:1, protocol:0
[   13.162245] firmadyne: sys_socket[PID: 115 (klogd)]: family:1, type:2, protocol:0
[   13.164238] cfg80211: Calling CRDA to update world regulatory domain

nvram_set: lan3_ifnames = ""
sem_get: Key: 410f00aa
sem_get: Key: 410f00aa
[   13.172921] firmadyne: sys_socket[PID: 115 (klogd)]: family:1, type:1, protocol:0
[   13.174068] firmadyne: sys_socket[PID: 115 (klogd)]: family:1, type:2, protocol:0
nvram_set: lan4_ifnames = ""
sem_get: Key: 410f00aa[   13.180619] firmadyne: sys_socket[PID: 115 (klogd)]: family:1, type:1, protocol:0
[   13.181723] firmadyne: sys_socket[PID: 115 (klogd)]: family:1, type:2, protocol:0
[   13.183900] firmadyne: sys_socket[PID: 115 (klogd)]: family:1, type:1, protocol:0

sem_get: Key: 410f00aa
nvram_set: lan5_ifnames = ""
sem_get: Key: 410f00aa
[   13.193415] firmadyne: sys_socket[PID: 115 (klogd)]: family:1, type:2, protocol:0
[   13.195599] firmadyne: sys_socket[PID: 115 (klogd)]: family:1, type:1, protocol:0
[   13.197024] firmadyne: sys_socket[PID: 115 (klogd)]: family:1, type:2, protocol:0
[   13.199128] firmadyne: sys_socket[PID: 115 (klogd)]: family:1, type:1, protocol:0
sem_get: Key: 410f00aa
nvram_set: lan6_ifnames[   13.204518] firmadyne: sys_socket[PID: 115 (klogd)]: family:1, type:2, protocol:0
[   13.206693] firmadyne: sys_socket[PID: 115 (klogd)]: family:1, type:1, protocol:0
[   13.207749] firmadyne: sys_socket[PID: 115 (klogd)]: family:1, type:2, protocol:0
 = ""
sem_get: Key: 410f00aa
sem_get[   13.213810] firmadyne: sys_socket[PID: 115 (klogd)]: family:1, type:1, protocol:0
[   13.214938] firmadyne: sys_socket[PID: 115 (klogd)]: family:1, type:2, protocol:0
: Key: 410f00aa
nvram_set: lan7_ifnames = ""
[   13.221420] firmadyne: sys_socket[PID: 115 (klogd)]: family:1, type:1, protocol:0
[   13.222493] firmadyne: sys_socket[PID: 115 (klogd)]: family:1, type:2, protocol:0
sem_get: Key: 410f00aa
sem_get: Key: 410f00aa
[   13.228903] firmadyne: sys_socket[PID: 115 (klogd)]: family:1, type:1, protocol:0
[   13.230016] firmadyne: sys_socket[PID: 115 (klogd)]: family:1, type:2, protocol:0
nvram_set: lan8_ifnames = ""
sem_get: Key: 410f00aa
[   13.236443] firmadyne: sys_socket[PID: 115 (klogd)]: family:1, type:1, protocol:0
[   13.237595] firmadyne: sys_socket[PID: 115 (klogd)]: family:1, type:2, protocol:0
[   13.239748] firmadyne: sys_socket[PID: 115 (klogd)]: family:1, type:1, protocol:0
sem_get: Key: 410f00aa
nvram_set: lan9_ifnames = ""
sem_get: Key: 410f00aa
sem_get[   13.248774] firmadyne: sys_socket[PID: 115 (klogd)]: family:1, type:2, protocol:0
[   13.251032] firmadyne: sys_socket[PID: 115 (klogd)]: family:1, type:1, protocol:0
[   13.252548] firmadyne: sys_socket[PID: 115 (klogd)]: family:1, type:2, protocol:0
[   13.254731] firmadyne: sys_socket[PID: 115 (klogd)]: family:1, type:1, protocol:0
[   13.255930] firmadyne: sys_socket[PID: 115 (klogd)]: family:1, type:2, protocol:0
: Key: 410f00aa
nvram_set_default: Loading built-in default values = 1!
nvram_set_default: Checking for symbol "router_defaults"...
nvram_set_default: Checking for symbol "Nvrams"...
[   13.265979] firmadyne: sys_socket[PID: 115 (klogd)]: family:1, type:1, protocol:0
[   13.267107] firmadyne: sys_socket[PID: 115 (klogd)]: family:1, type:2, protocol:0
[   13.272322] firmadyne: sys_socket[PID: 115 (klogd)]: family:1, type:1, protocol:0
[   13.273418] firmadyne: sys_socket[PID: 115 (klogd)]: family:1, type:2, protocol:0
[   13.275519] firmadyne: sys_socket[PID: 115 (klogd)]: family:1, type:1, protocol:0
nvram_set: time_zone = "GMT+8"
[   13.284621] firmadyne: sys_socket[PID: 115 (klogd)]: family:1, type:2, protocol:0
[   13.286924] firmadyne: sys_socket[PID: 115 (klogd)]: family:1, type:1, protocol:0
sem_get: Key: 410f00aa
sem_get: Key: [   13.292275] firmadyne: sys_socket[PID: 115 (klogd)]: family:1, type:2, protocol:0
410f00aa
nvram_set: time_daylight = ""
sem_get: Key: 410f00aa
sem_get: Key: 410f00aa
[   13.312365] firmadyne: sys_socket[PID: 115 (klogd)]: family:1, type:1, protocol:0
[   13.313554] firmadyne: sys_socket[PID: 115 (klogd)]: family:1, type:2, protocol:0
[   13.315783] firmadyne: sys_socket[PID: 115 (klogd)]: family:1, type:1, protocol:0
nvram_set[   13.320532] firmadyne: sys_socket[PID: 115 (klogd)]: family:1, type:2, protocol:0
[   13.322728] firmadyne: sys_socket[PID: 115 (klogd)]: family:1, type:1, protocol:0
[   13.323805] firmadyne: sys_socket[PID: 115 (klogd)]: family:1, type:2, protocol:0
: restore_default = "0"
sem_get: Key: 410f00aa
[   13.329940] firmadyne: sys_socket[PID: 115 (klogd)]: family:1, type:1, protocol:0
[   13.331059] firmadyne: sys_socket[PID: 115 (klogd)]: family:1, type:2, protocol:0
sem_get: Key: 410f00aa
[   13.337356] firmadyne: sys_socket[PID: 115 (klogd)]: family:1, type:1, protocol:0
[   13.338448] firmadyne: sys_socket[PID: 115 (klogd)]: family:1, type:2, protocol:0
nvram_set: wiz_language = "English"
[   13.345134] firmadyne: sys_socket[PID: 115 (klogd)]: family:1, type:1, protocol:0
[   13.346292] firmadyne: sys_socket[PID: 115 (klogd)]: family:1, type:2, protocol:0
sem_get: Key: 410f00aa
sem_get: Key: 410f00aa
[   13.352696] firmadyne: sys_socket[PID: 115 (klogd)]: family:1, type:1, protocol:0
[   13.353802] firmadyne: sys_socket[PID: 115 (klogd)]: family:1, type:2, protocol:0
nvram_set: wiz_country[   13.360186] firmadyne: sys_socket[PID: 115 (klogd)]: family:1, type:1, protocol:0
[   13.361364] firmadyne: sys_socket[PID: 115 (klogd)]: family:1, type:2, protocol:0
[   13.363597] firmadyne: sys_socket[PID: 115 (klogd)]: family:1, type:1, protocol:0
 = "US"
sem_get: Key: 410f00aa
sem_get: Key: 410f00aa
[   13.372496] firmadyne: sys_socket[PID: 115 (klogd)]: family:1, type:2, protocol:0
[   13.374690] firmadyne: sys_socket[PID: 115 (klogd)]: family:1, type:1, protocol:0
[   13.375752] firmadyne: sys_socket[PID: 115 (klogd)]: family:1, type:2, protocol:0
nvram_set: fix_ipaddr = ""
sem_get: Key: 410f00aa
[   13.381631] firmadyne: sys_socket[PID: 115 (klogd)]: family:1, type:1, protocol:0
[   13.382746] firmadyne: sys_socket[PID: 115 (klogd)]: family:1, type:2, protocol:0
sem_get: Key: 410f00aa
[   13.389203] firmadyne: sys_socket[PID: 115 (klogd)]: family:1, type:1, protocol:0
[   13.390333] firmadyne: sys_socket[PID: 115 (klogd)]: family:1, type:2, protocol:0
nvram_set: fix_netmask = ""
sem_get: Key: 410f00aa
sem_get: Key: 410f00aa
[   13.400714] firmadyne: sys_socket[PID: 115 (klogd)]: family:1, type:1, protocol:0
[   13.401882] firmadyne: sys_socket[PID: 115 (klogd)]: family:1, type:2, protocol:0
[   13.404479] firmadyne: sys_socket[PID: 115 (klogd)]: family:1, type:1, protocol:0
[   13.405646] firmadyne: sys_socket[PID: 115 (klogd)]: family:1, type:2, protocol:0
[   13.407909] firmadyne: sys_socket[PID: 115 (klogd)]: family:1, type:1, protocol:0
nvram_set: fix_gateway = ""
sem_get: Key: 410f00aa
sem_get: Key: 410f00aa[   13.416762] firmadyne: sys_socket[PID: 115 (klogd)]: family:1, type:2, protocol:0
[   13.419070] firmadyne: sys_socket[PID: 115 (klogd)]: family:1, type:1, protocol:0

nvram_set[   13.424596] firmadyne: sys_socket[PID: 115 (klogd)]: family:1, type:2, protocol:0
[   13.426901] firmadyne: sys_socket[PID: 115 (klogd)]: family:1, type:1, protocol:0
: wan_ifname = "ppp0"
sem_get: Key: 410f00aa
[   13.432184] firmadyne: sys_socket[PID: 115 (klogd)]: family:1, type:2, protocol:0
[   13.434502] firmadyne: sys_socket[PID: 115 (klogd)]: family:1, type:1, protocol:0
[   13.435603] firmadyne: sys_socket[PID: 115 (klogd)]: family:1, type:2, protocol:0
sem_get: Key: 410f00aa
[   13.441615] firmadyne: sys_socket[PID: 115 (klogd)]: family:1, type:1, protocol:0
[   13.442691] firmadyne: sys_socket[PID: 115 (klogd)]: family:1, type:2, protocol:0
nvram_set: wan_mode = "pppoe"
[   13.449065] firmadyne: sys_socket[PID: 115 (klogd)]: family:1, type:1, protocol:0
[   13.450176] firmadyne: sys_socket[PID: 115 (klogd)]: family:1, type:2, protocol:0
sem_get: Key: 410f00aa
sem_get: Key: 410f00aa
[   13.456617] firmadyne: sys_socket[PID: 115 (klogd)]: family:1, type:1, protocol:0
[   13.457776] firmadyne: sys_socket[PID: 115 (klogd)]: family:1, type:2, protocol:0
[   13.460104] firmadyne: sys_socket[PID: 115 (klogd)]: family:1, type:1, protocol:0
