[    0.000000] Linux version 4.1.17+ (alessio@pc) (gcc version 5.5.0 20171010 (Ubuntu 5.5.0-12ubuntu1) ) #1 Mon May 15 23:04:08 CEST 2023
[    0.000000] earlycon: Early serial console at I/O port 0x3f8 (options '38400n8')
[    0.000000] bootconsole [uart0] enabled
[    0.000000] CPU0 revision is: 00019300 (MIPS 24Kc)
[    0.000000] FPU revision is: 00739300
[    0.000000] Software DMA cache coherency enabled
[    0.000000] Determined physical RAM map:
[    0.000000]  memory: 00001000 @ 00000000 (reserved)
[    0.000000]  memory: 000ef000 @ 00001000 (ROM data)
[    0.000000]  memory: 00798000 @ 000f0000 (reserved)
[    0.000000]  memory: 0f777000 @ 00888000 (usable)
[    0.000000] debug: ignoring loglevel setting.
[    0.000000] Wasting 69888 bytes for tracking 2184 unused pages
[    0.000000] Initrd not found or empty - disabling initrd
[    0.000000] Zone ranges:
[    0.000000]   DMA      [mem 0x0000000000000000-0x0000000000ffffff]
[    0.000000]   Normal   [mem 0x0000000001000000-0x000000000fffefff]
[    0.000000] Movable zone start for each node
[    0.000000] Early memory node ranges
[    0.000000]   node   0: [mem 0x0000000000000000-0x000000000fffefff]
[    0.000000] Initmem setup node 0 [mem 0x0000000000000000-0x000000000fffefff]
[    0.000000] On node 0 totalpages: 65535
[    0.000000] free_area_init_node: node 0, pgdat 8081d5b0, node_mem_map 81000000
[    0.000000]   DMA zone: 32 pages used for memmap
[    0.000000]   DMA zone: 0 pages reserved
[    0.000000]   DMA zone: 4096 pages, LIFO batch:0
[    0.000000]   Normal zone: 480 pages used for memmap
[    0.000000]   Normal zone: 61439 pages, LIFO batch:15
[    0.000000] Primary instruction cache 2kB, VIPT, 2-way, linesize 16 bytes.
[    0.000000] Primary data cache 2kB, 2-way, VIPT, no aliases, linesize 16 bytes
[    0.000000] pcpu-alloc: s0 r0 d32768 u32768 alloc=1*32768
[    0.000000] pcpu-alloc: [0] 0 
[    0.000000] Built 1 zonelists in Zone order, mobility grouping on.  Total pages: 65023
[    0.000000] Kernel command line: root=/dev/sda1 console=ttyS0 nandsim.parts=64,64,64,64,64,64,64,64,64,64 rdinit=/firmadyne/preInit.sh rw debug ignore_loglevel print-fatal-signals=1 FIRMAE_NET=true FIRMAE_NVRAM=true FIRMAE_KERNEL=true FIRMAE_ETC=true user_debug=0 firmadyne.syscall=1 noka
[    0.000000] found FIRMAE_KERNEL=t
[    0.000000] set the LD_PRELOAD=/firmadyne/libnvram_ioctl.so
[    0.000000] PID hash table entries: 1024 (order: 0, 4096 bytes)
[    0.000000] Dentry cache hash table entries: 32768 (order: 5, 131072 bytes)
[    0.000000] Inode-cache hash table entries: 16384 (order: 4, 65536 bytes)
[    0.000000] Writing ErrCtl register=00000000
[    0.000000] Readback ErrCtl register=00000000
[    0.000000] Memory: 251112K/262140K available (5360K kernel code, 244K rwdata, 1676K rodata, 260K init, 158K bss, 11028K reserved, 0K cma-reserved)
[    0.000000] NR_IRQS:256
[    0.000000] CPU frequency 200.00 MHz
[    0.000000] clocksource MIPS: mask: 0xffffffff max_cycles: 0xffffffff, max_idle_ns: 19112574267 ns
[    0.000164] sched_clock: 32 bits at 100MHz, resolution 9ns, wraps every 21474802683ns
[    0.011094] Console: colour dummy device 80x25
[    0.012076] Calibrating delay loop... 36.80 BogoMIPS (lpj=73600)
[    0.061088] pid_max: default: 32768 minimum: 301
[    0.064188] Mount-cache hash table entries: 1024 (order: 0, 4096 bytes)
[    0.064601] Mountpoint-cache hash table entries: 1024 (order: 0, 4096 bytes)
[    0.115376] clocksource jiffies: mask: 0xffffffff max_cycles: 0xffffffff, max_idle_ns: 7645041785100000 ns
[    0.123991] NET: Registered protocol family 16
[    0.340926] clocksource pit: mask: 0xffffffff max_cycles: 0xffffffff, max_idle_ns: 1601818034827 ns
[    0.461119] vgaarb: loaded
[    0.465657] SCSI subsystem initialized
[    0.467494] libata version 3.00 loaded.
[    0.470975] usbcore: registered new interface driver usbfs
[    0.472090] usbcore: registered new interface driver hub
[    0.472943] usbcore: registered new device driver usb
[    0.475175] pps_core: LinuxPPS API ver. 1 registered
[    0.475499] pps_core: Software ver. 5.3.6 - Copyright 2005-2007 Rodolfo Giometti <giometti@linux.it>
[    0.476250] PTP clock support registered
[    0.480057] PCI host bridge to bus 0000:00
[    0.480657] pci_bus 0000:00: root bus resource [mem 0x10000000-0x17ffffff]
[    0.481151] pci_bus 0000:00: root bus resource [io  0x1000-0x1fffff]
[    0.481658] pci_bus 0000:00: root bus resource [??? 0x00000000 flags 0x0]
[    0.482227] pci_bus 0000:00: No busn resource found for root bus, will use [bus 00-ff]
[    0.483275] pci 0000:00:00.0: [11ab:4620] type 00 class 0x060000
[    0.484026] pci 0000:00:00.0: [Firmware Bug]: reg 0x14: invalid BAR (can't size)
[    0.484494] pci 0000:00:00.0: [Firmware Bug]: reg 0x18: invalid BAR (can't size)
[    0.484962] pci 0000:00:00.0: [Firmware Bug]: reg 0x1c: invalid BAR (can't size)
[    0.485434] pci 0000:00:00.0: [Firmware Bug]: reg 0x20: invalid BAR (can't size)
[    0.486030] pci 0000:00:00.0: [Firmware Bug]: reg 0x24: invalid BAR (can't size)
[    0.489129] pci 0000:00:0a.0: [8086:7110] type 00 class 0x060100
[    0.491974] pci 0000:00:0a.1: [8086:7111] type 00 class 0x010180
[    0.492596] pci 0000:00:0a.1: reg 0x20: [io  0x0000-0x000f]
[    0.493083] pci 0000:00:0a.1: legacy IDE quirk: reg 0x10: [io  0x01f0-0x01f7]
[    0.493549] pci 0000:00:0a.1: legacy IDE quirk: reg 0x14: [io  0x03f6]
[    0.494006] pci 0000:00:0a.1: legacy IDE quirk: reg 0x18: [io  0x0170-0x0177]
[    0.494589] pci 0000:00:0a.1: legacy IDE quirk: reg 0x1c: [io  0x0376]
[    0.497158] pci 0000:00:0a.2: [8086:7112] type 00 class 0x0c0300
[    0.497705] pci 0000:00:0a.2: reg 0x20: [io  0x0000-0x001f]
[    0.500308] pci 0000:00:0a.3: [8086:7113] type 00 class 0x068000
[    0.501294] pci 0000:00:0a.3: quirk: [io  0x1000-0x103f] claimed by PIIX4 ACPI
[    0.501832] pci 0000:00:0a.3: quirk: [io  0x1100-0x110f] claimed by PIIX4 SMB
[    0.504470] pci 0000:00:12.0: [1013:00b8] type 00 class 0x030000
[    0.504965] pci 0000:00:12.0: reg 0x10: [mem 0x00000000-0x01ffffff pref]
[    0.505431] pci 0000:00:12.0: reg 0x14: [mem 0x00000000-0x00000fff]
[    0.505973] pci 0000:00:12.0: reg 0x30: [mem 0x00000000-0x0000ffff pref]
[    0.508211] vgaarb: device added: PCI:0000:00:12.0,decodes=io+mem,owns=none,locks=none
[    0.509224] pci 0000:00:13.0: [8086:100e] type 00 class 0x020000
[    0.509736] pci 0000:00:13.0: reg 0x10: [mem 0x00000000-0x0001ffff]
[    0.510196] pci 0000:00:13.0: reg 0x14: [io  0x0000-0x003f]
[    0.510832] pci 0000:00:13.0: reg 0x30: [mem 0x00000000-0x0003ffff pref]
[    0.513253] pci 0000:00:14.0: [8086:100e] type 00 class 0x020000
[    0.513740] pci 0000:00:14.0: reg 0x10: [mem 0x00000000-0x0001ffff]
[    0.514190] pci 0000:00:14.0: reg 0x14: [io  0x0000-0x003f]
[    0.514709] pci 0000:00:14.0: reg 0x30: [mem 0x00000000-0x0003ffff pref]
[    0.517311] pci 0000:00:15.0: [8086:100e] type 00 class 0x020000
[    0.517818] pci 0000:00:15.0: reg 0x10: [mem 0x00000000-0x0001ffff]
[    0.518282] pci 0000:00:15.0: reg 0x14: [io  0x0000-0x003f]
[    0.518810] pci 0000:00:15.0: reg 0x30: [mem 0x00000000-0x0003ffff pref]
[    0.521401] pci 0000:00:16.0: [8086:100e] type 00 class 0x020000
[    0.521905] pci 0000:00:16.0: reg 0x10: [mem 0x00000000-0x0001ffff]
[    0.522366] pci 0000:00:16.0: reg 0x14: [io  0x0000-0x003f]
[    0.522878] pci 0000:00:16.0: reg 0x30: [mem 0x00000000-0x0003ffff pref]
[    0.525630] pci_bus 0000:00: busn_res: [bus 00-ff] end is updated to 00
[    0.526873] pci 0000:00:12.0: BAR 0: assigned [mem 0x10000000-0x11ffffff pref]
[    0.527518] pci 0000:00:13.0: BAR 6: assigned [mem 0x12000000-0x1203ffff pref]
[    0.528181] pci 0000:00:14.0: BAR 6: assigned [mem 0x12040000-0x1207ffff pref]
[    0.528707] pci 0000:00:15.0: BAR 6: assigned [mem 0x12080000-0x120bffff pref]
[    0.529240] pci 0000:00:16.0: BAR 6: assigned [mem 0x120c0000-0x120fffff pref]
[    0.529772] pci 0000:00:13.0: BAR 0: assigned [mem 0x12100000-0x1211ffff]
[    0.530289] pci 0000:00:14.0: BAR 0: assigned [mem 0x12120000-0x1213ffff]
[    0.530808] pci 0000:00:15.0: BAR 0: assigned [mem 0x12140000-0x1215ffff]
[    0.531339] pci 0000:00:16.0: BAR 0: assigned [mem 0x12160000-0x1217ffff]
[    0.531986] pci 0000:00:12.0: BAR 6: assigned [mem 0x12180000-0x1218ffff pref]
[    0.532533] pci 0000:00:12.0: BAR 1: assigned [mem 0x12190000-0x12190fff]
[    0.533051] pci 0000:00:13.0: BAR 1: assigned [io  0x1040-0x107f]
[    0.533522] pci 0000:00:14.0: BAR 1: assigned [io  0x1080-0x10bf]
[    0.534000] pci 0000:00:15.0: BAR 1: assigned [io  0x10c0-0x10ff]
[    0.534490] pci 0000:00:16.0: BAR 1: assigned [io  0x1400-0x143f]
[    0.534961] pci 0000:00:0a.2: BAR 4: assigned [io  0x1440-0x145f]
[    0.535447] pci 0000:00:0a.1: BAR 4: assigned [io  0x1460-0x146f]
[    0.549742] cfg80211: Calling CRDA to update world regulatory domain
[    0.561408] Switched to clocksource MIPS
[    0.654386] NET: Registered protocol family 2
[    0.664233] TCP established hash table entries: 2048 (order: 1, 8192 bytes)
[    0.665279] TCP bind hash table entries: 2048 (order: 1, 8192 bytes)
[    0.666160] TCP: Hash tables configured (established 2048 bind 2048)
[    0.667071] UDP hash table entries: 256 (order: 0, 4096 bytes)
[    0.667649] UDP-Lite hash table entries: 256 (order: 0, 4096 bytes)
[    0.670917] NET: Registered protocol family 1
[    0.672270] PCI: Enabling device 0000:00:0a.2 (0000 -> 0001)
[    0.673633] PCI: CLS 0 bytes, default 16
[    0.699840] futex hash table entries: 256 (order: -1, 3072 bytes)
[    0.713372] squashfs: version 4.0 (2009/01/31) Phillip Lougher
[    0.715362] jffs2: version 2.2. (NAND) Â© 2001-2006 Red Hat, Inc.
[    0.718359] romfs: ROMFS MTD (C) 2007 Red Hat, Inc.
[    0.738052] Block layer SCSI generic (bsg) driver version 0.4 loaded (major 251)
[    0.738607] io scheduler noop registered
[    0.739181] io scheduler cfq registered (default)
[    0.739997] firmadyne: devfs: 1, execute: 1, procfs: 1, syscall: 1
[    0.744723] firmadyne: Cannot register character device: gpio, 0xfc, 0x0!
[    0.751781] firmadyne: Cannot register character device: watchdog, 0xa, 0x82!
[    0.752201] firmadyne: Cannot register character device: wdt, 0xfd, 0x0!
[    2.162301] strName = 4.1.17+
[    2.162301] init_task_addr  = 2155778944
[    2.162301] init_task_size  = 1296
[    2.162301] ts_tasks        = 292
[    2.162301] ts_pid          = 408
[    2.162301] ts_tgid         = 412
[    2.162301] ts_group_leader = 440
[    2.162301] ts_thread_group = 496
[    2.162301] ts_real_parent  = 416
[    2.162301] ts_mm           = 300
[    2.162301] ts_stack        = 4
[    2.164274] module_name   = 12
[    2.164274] module_size   = 208
[    2.164274] module_init   = 200
[    2.164274] module_list   = 4
[    2.165050] ts_real_cred    = 624
[    2.165050] ts_cred         = 628
[    2.165050] ts_comm         = 632
[    2.165050] cred_uid        = 4
[    2.165050] cred_gid        = 8
[    2.165050] cred_euid       = 20
[    2.165050] cred_egid       = 24
[    2.166609] mm_mmap         = 0
[    2.166609] mm_pgd          = 32
[    2.166609] mm_arg_start    = 136
[    2.166609] mm_start_brk    = 124
[    2.166609] mm_brk          = 128
[    2.166609] mm_start_stack  = 132
[    2.167717] vma_vm_start    = 0
[    2.167717] vma_vm_end      = 4
[    2.167717] vma_vm_next     = 8
[    2.167717] vma_vm_file     = 80
[    2.167717] vma_vm_flags    = 40
[    2.167717] vma_vm_pgoff    = 76
[    2.168818] file_dentry     = 12
[    2.168818] file_inode      = 40
[    2.168818] dentry_d_name   = 24
[    2.168818] dentry_d_iname  = 44
[    2.168818] dentry_d_parent = 16
[    2.168818] ti_task         = 0
[    2.168818] inode_ino   = 28
[    3.055999] proc_fork_connector  = 2151078840
[    3.056349] proc_exit_connector  = 2151080432
[    3.056644] proc_exec_connector  = 2151079052
[    3.056928] vma_link  = 2149124372
[    3.057300] vma_adjust  = 2149124540
[    3.057564] remove_vma  = 2149122188
[    3.057820] modules  = 2155833724
[    3.058069] trim_init_extable  = 2150545316
[    3.061096] PCI: Enabling device 0000:00:12.0 (0000 -> 0002)
[    3.062329] cirrusfb 0000:00:12.0: Cirrus Logic chipset on PCI bus, RAM (4096 kB) at 0x10000000
[    3.306010] Console: switching to colour frame buffer device 80x30
[    3.361987] Serial: 8250/16550 driver, 4 ports, IRQ sharing enabled
[    3.373744] console [ttyS0] disabled
[    3.400370] serial8250.0: ttyS0 at I/O 0x3f8 (irq = 4, base_baud = 115200) is a 16550A
[    3.401531] console [ttyS0] enabled
[    3.401531] console [ttyS0] enabled
[    3.402040] bootconsole [uart0] disabled
[    3.402040] bootconsole [uart0] disabled
[    3.431477] serial8250.0: ttyS1 at I/O 0x2f8 (irq = 3, base_baud = 115200) is a 16550A
[    3.531935] brd: module loaded
[    3.584268] loop: module loaded
[    3.589766] ata_piix 0000:00:0a.1: version 2.13
[    3.590255] PCI: Enabling device 0000:00:0a.1 (0000 -> 0001)
[    3.611846] scsi host0: ata_piix
[    3.616560] scsi host1: ata_piix
[    3.619801] ata1: PATA max UDMA/33 cmd 0x1f0 ctl 0x3f6 bmdma 0x1460 irq 14
[    3.620235] ata2: PATA max UDMA/33 cmd 0x170 ctl 0x376 bmdma 0x1468 irq 15
[    3.626012] [nandsim] warning: read_byte: unexpected data output cycle, state is STATE_READY return 0x0
[    3.626541] [nandsim] warning: read_byte: unexpected data output cycle, state is STATE_READY return 0x0
[    3.627042] [nandsim] warning: read_byte: unexpected data output cycle, state is STATE_READY return 0x0
[    3.627540] [nandsim] warning: read_byte: unexpected data output cycle, state is STATE_READY return 0x0
[    3.628022] [nandsim] warning: read_byte: unexpected data output cycle, state is STATE_READY return 0x0
[    3.628507] [nandsim] warning: read_byte: unexpected data output cycle, state is STATE_READY return 0x0
[    3.629147] nand: device found, Manufacturer ID: 0x98, Chip ID: 0x39
[    3.629671] nand: Toshiba NAND 128MiB 1,8V 8-bit
[    3.630026] nand: 128 MiB, SLC, erase size: 16 KiB, page size: 512, OOB size: 16
[    3.631451] flash size: 128 MiB
[    3.631681] page size: 512 bytes
[    3.631898] OOB area size: 16 bytes
[    3.632125] sector size: 16 KiB
[    3.632337] pages number: 262144
[    3.632554] pages per sector: 32
[    3.632770] bus width: 8
[    3.632970] bits in sector size: 14
[    3.633323] bits in page size: 9
[    3.633554] bits in OOB size: 4
[    3.633778] flash size with OOB: 135168 KiB
[    3.634033] page address bytes: 4
[    3.634250] sector address bytes: 3
[    3.634474] options: 0x42
[    3.703639] Scanning device for bad blocks
[    4.692605] cfg80211: Calling CRDA to update world regulatory domain
[    4.697055] ata1.01: NODEV after polling detection
[    4.697980] ata2.01: NODEV after polling detection
[    4.699637] ata2.00: ATAPI: QEMU DVD-ROM, 2.5+, max UDMA/100
[    4.701223] ata1.00: ATA-7: QEMU HARDDISK, 2.5+, max UDMA/100
[    4.701818] ata1.00: 2097152 sectors, multi 16: LBA48 
[    4.707404] ata2.00: configured for UDMA/33
[    4.708435] ata1.00: configured for UDMA/33
[    4.716574] scsi 0:0:0:0: Direct-Access     ATA      QEMU HARDDISK    2.5+ PQ: 0 ANSI: 5
[    4.730278] sd 0:0:0:0: [sda] 2097152 512-byte logical blocks: (1.07 GB/1.00 GiB)
[    4.731602] scsi 1:0:0:0: CD-ROM            QEMU     QEMU DVD-ROM     2.5+ PQ: 0 ANSI: 5
[    4.742444] sd 0:0:0:0: [sda] Write Protect is off
[    4.742889] sd 0:0:0:0: [sda] Mode Sense: 00 3a 00 00
[    4.744182] sd 0:0:0:0: [sda] Write cache: enabled, read cache: enabled, doesn't support DPO or FUA
[    4.754020]  sda: sda1
[    4.764313] sd 0:0:0:0: [sda] Attached SCSI disk
[    4.764829] Creating 11 MTD partitions on "NAND 128MiB 1,8V 8-bit":
[    4.765528] 0x000000000000-0x000000100000 : "NAND simulator partition 0"
[    4.774935] 0x000000100000-0x000000200000 : "NAND simulator partition 1"
[    4.783740] 0x000000200000-0x000000300000 : "NAND simulator partition 2"
[    4.792878] 0x000000300000-0x000000400000 : "NAND simulator partition 3"
[    4.802243] 0x000000400000-0x000000500000 : "NAND simulator partition 4"
[    4.811394] 0x000000500000-0x000000600000 : "NAND simulator partition 5"
[    4.820747] 0x000000600000-0x000000700000 : "NAND simulator partition 6"
[    4.830447] 0x000000700000-0x000000800000 : "NAND simulator partition 7"
[    4.839851] 0x000000800000-0x000000900000 : "NAND simulator partition 8"
[    4.848683] 0x000000900000-0x000000a00000 : "NAND simulator partition 9"
[    4.857719] 0x000000a00000-0x000008000000 : "NAND simulator partition 10"
[    4.896155] tun: Universal TUN/TAP device driver, 1.6
[    4.896503] tun: (C) 1999-2004 Max Krasnyansky <maxk@qualcomm.com>
[    4.899632] pcnet32: pcnet32.c:v1.35 21.Apr.2008 tsbogend@alpha.franken.de
[    4.900904] e1000: Intel(R) PRO/1000 Network Driver - version 7.3.21-k8-NAPI
[    4.901440] e1000: Copyright (c) 1999-2006 Intel Corporation.
[    4.902297] PCI: Enabling device 0000:00:13.0 (0000 -> 0003)
[    5.202475] e1000 0000:00:13.0 eth0: (PCI:33MHz:32-bit) 52:54:00:12:34:56
[    5.203064] e1000 0000:00:13.0 eth0: Intel(R) PRO/1000 Network Connection
[    5.203652] PCI: Enabling device 0000:00:14.0 (0000 -> 0003)
[    5.503055] e1000 0000:00:14.0 eth1: (PCI:33MHz:32-bit) 52:54:00:12:34:57
[    5.503545] e1000 0000:00:14.0 eth1: Intel(R) PRO/1000 Network Connection
[    5.504160] PCI: Enabling device 0000:00:15.0 (0000 -> 0003)
[    5.818444] e1000 0000:00:15.0 eth2: (PCI:33MHz:32-bit) 52:54:00:12:34:58
[    5.818947] e1000 0000:00:15.0 eth2: Intel(R) PRO/1000 Network Connection
[    5.819554] PCI: Enabling device 0000:00:16.0 (0000 -> 0003)
[    6.122821] e1000 0000:00:16.0 eth3: (PCI:33MHz:32-bit) 52:54:00:12:34:59
[    6.123288] e1000 0000:00:16.0 eth3: Intel(R) PRO/1000 Network Connection
[    6.124427] e1000e: Intel(R) PRO/1000 Network Driver - 2.3.2-k
[    6.124762] e1000e: Copyright(c) 1999 - 2014 Intel Corporation.
[    6.128548] PPP generic driver version 2.4.2
[    6.130590] PPP Deflate Compression module registered
[    6.131184] PPP MPPE Compression module registered
[    6.131544] NET: Registered protocol family 24
[    6.132213] ehci_hcd: USB 2.0 'Enhanced' Host Controller (EHCI) Driver
[    6.132654] ehci-pci: EHCI PCI platform driver
[    6.133769] ohci_hcd: USB 1.1 'Open' Host Controller (OHCI) Driver
[    6.134193] ohci-pci: OHCI PCI platform driver
[    6.135190] uhci_hcd: USB Universal Host Controller Interface driver
[    6.136715] uhci_hcd 0000:00:0a.2: UHCI Host Controller
[    6.137552] uhci_hcd 0000:00:0a.2: new USB bus registered, assigned bus number 1
[    6.138533] uhci_hcd 0000:00:0a.2: irq 11, io base 0x00001440
[    6.148447] hub 1-0:1.0: USB hub found
[    6.149150] hub 1-0:1.0: 2 ports detected
[    6.157548] usbcore: registered new interface driver usb-storage
[    6.161425] mousedev: PS/2 mouse device common for all mice
[    6.167216] rtc_cmos rtc_cmos: rtc core: registered rtc_cmos as rtc0
[    6.167898] rtc_cmos rtc_cmos: alarms up to one day, 242 bytes nvram
[    6.169300] i2c /dev entries driver
[    6.170428] piix4_smbus 0000:00:0a.3: SMBus Host Controller at 0x1100, revision 0
[    6.174660] sdhci: Secure Digital Host Controller Interface driver
[    6.174998] sdhci: Copyright(c) Pierre Ossman
[    6.177097] hidraw: raw HID events driver (C) Jiri Kosina
[    6.194111] usbcore: registered new interface driver usbhid
[    6.194461] usbhid: USB HID core driver
[    6.195448] Netfilter messages via NETLINK v0.30.
[    6.196677] nf_conntrack version 0.5.0 (3923 buckets, 15692 max)
[    6.199744] ctnetlink v0.93: registering with nfnetlink.
[    6.204855] ipip: IPv4 over IPv4 tunneling driver
[    6.216460] ip_tables: (C) 2000-2006 Netfilter Core Team
[    6.219261] arp_tables: (C) 2002 David S. Miller
[    6.220961] Initializing XFRM netlink socket
[    6.222203] NET: Registered protocol family 10
[    6.240458] ip6_tables: (C) 2000-2006 Netfilter Core Team
[    6.244301] sit: IPv6 over IPv4 tunneling driver
[    6.260451] NET: Registered protocol family 17
[    6.261419] bridge: automatic filtering via arp/ip/ip6tables has been deprecated. Update your scripts to load br_netfilter if you need this.
[    6.262420] Bridge firewalling registered
[    6.262800] Ebtables v2.0 registered
[    6.267592] 8021q: 802.1Q VLAN Support v1.8
[    6.287947] rtc_cmos rtc_cmos: setting system clock to 2025-07-23 16:02:27 UTC (1753286547)
[    6.297466] spurious 8259A interrupt: IRQ7.
[    6.306745] EXT2-fs (sda1): warning: mounting unchecked fs, running e2fsck is recommended
[    6.308639] VFS: Mounted root (ext2 filesystem) on device 8:1.
[    6.316607] Freeing YAMON memory: 956k freed
[    6.326571] Freeing unused kernel memory: 260K (8081f000 - 80860000)
[    6.358555] firmadyne: sys_reboot[PID: 48 (init)]: magic1:fee1dead, magic2:28121969, cmd:0
init started:  BusyBox v1.00 (2007.12.04-12:53+0000) multi-call binary
Starting pid 50, console /dev/tts/0: '/etc/init.d/rcS'
[    6.480644] firmadyne: do_execve: /firmadyne/console
[    6.481155] OFFSETS: offset of pid: 0x198 offset of comm: 0x278
[/etc/init.d/S03config.sh]
Mounting proc and var ...
[    6.995335] firmadyne: sys_socket[PID: 71 (wps)]: family:1, type:1, protocol:0
[    7.005532] firmadyne: sys_socket[PID: 71 (wps)]: family:1, type:1, protocol:0
[    7.016920] random: wps urandom read with 80 bits of entropy available
[    7.035212] firmadyne: sys_socket[PID: 71 (wps)]: family:1, type:1, protocol:0
[    7.839488] cfg80211: Calling CRDA to update world regulatory domain
[    8.047213] firmadyne: sys_socket[PID: 71 (wps)]: family:1, type:1, protocol:0
[    9.059563] firmadyne: sys_socket[PID: 71 (wps)]: family:1, type:1, protocol:0
[   10.071585] firmadyne: sys_socket[PID: 71 (wps)]: family:1, type:1, protocol:0
[   10.074461] firmadyne: sys_socket[PID: 71 (wps)]: family:1, type:1, protocol:0
Start xmldb ...
[   10.231198] firmadyne: sys_socket[PID: 74 (xmldb)]: family:1, type:2, protocol:0
[   10.987339] cfg80211: Calling CRDA to update world regulatory domain
[/etc/scripts/misc/profile.sh] get ...
Can't get config from nvram, generate default!
[/etc/scripts/misc/profile.sh] reset ...
[   11.655491] firmadyne: sys_socket[PID: 92 (rgdb)]: family:1, type:2, protocol:0
[/etc/scripts/misc/defnodes.sh] ...
[/etc/defnodes/S10setext.sh] ...
[   11.909995] firmadyne: sys_socket[PID: 100 (xmldbc)]: family:1, type:2, protocol:0
[   11.956313] firmadyne: sys_socket[PID: 101 (xmldbc)]: family:1, type:2, protocol:0
[   12.002426] firmadyne: sys_socket[PID: 102 (xmldbc)]: family:1, type:2, protocol:0
[   12.048222] firmadyne: sys_socket[PID: 103 (xmldbc)]: family:1, type:2, protocol:0
[   12.095658] firmadyne: sys_socket[PID: 104 (xmldbc)]: family:1, type:2, protocol:0
[   12.142159] firmadyne: sys_socket[PID: 105 (xmldbc)]: family:1, type:2, protocol:0
[   12.187313] firmadyne: sys_socket[PID: 106 (xmldbc)]: family:1, type:2, protocol:0
[   12.230145] firmadyne: sys_socket[PID: 107 (xmldbc)]: family:1, type:2, protocol:0
[   12.276192] firmadyne: sys_socket[PID: 108 (xmldbc)]: family:1, type:2, protocol:0
[   12.321213] firmadyne: sys_socket[PID: 109 (xmldbc)]: family:1, type:2, protocol:0
[   12.366989] firmadyne: sys_socket[PID: 110 (xmldbc)]: family:1, type:2, protocol:0
[   12.413751] firmadyne: sys_socket[PID: 111 (xmldbc)]: family:1, type:2, protocol:0
[   12.461014] firmadyne: sys_socket[PID: 112 (xmldbc)]: family:1, type:2, protocol:0
[   12.507043] firmadyne: sys_socket[PID: 113 (xmldbc)]: family:1, type:2, protocol:0
[   12.550753] firmadyne: sys_socket[PID: 114 (xmldbc)]: family:1, type:2, protocol:0
[   12.595284] firmadyne: sys_socket[PID: 115 (xmldbc)]: family:1, type:2, protocol:0
[   12.640295] firmadyne: sys_socket[PID: 116 (xmldbc)]: family:1, type:2, protocol:0
[   12.686894] firmadyne: sys_socket[PID: 117 (xmldbc)]: family:1, type:2, protocol:0
[   12.732852] firmadyne: sys_socket[PID: 118 (xmldbc)]: family:1, type:2, protocol:0
[   12.778943] firmadyne: sys_socket[PID: 119 (xmldbc)]: family:1, type:2, protocol:0
[   12.824170] firmadyne: sys_socket[PID: 120 (xmldbc)]: family:1, type:2, protocol:0
[   12.870792] firmadyne: sys_socket[PID: 121 (xmldbc)]: family:1, type:2, protocol:0
[   12.915696] firmadyne: sys_socket[PID: 122 (xmldbc)]: family:1, type:2, protocol:0
[   12.960711] firmadyne: sys_socket[PID: 123 (xmldbc)]: family:1, type:2, protocol:0
PHP [/etc/defnodes/S11setnodes.php] ...
[   13.050327] firmadyne: sys_socket[PID: 126 (rgdb)]: family:1, type:2, protocol:0
[   13.056747] random: nonblocking pool is initialized
PHP [/etc/defnodes/S12features.php] ...
[   13.484982] firmadyne: sys_socket[PID: 137 (rgdb)]: family:1, type:2, protocol:0
PHP [/etc/defnodes/S13flashspeed.php] ...
[   13.580604] firmadyne: sys_socket[PID: 140 (rgdb)]: family:1, type:2, protocol:0
PHP [/etc/defnodes/S20setnodes.php] ...
[   13.754167] firmadyne: sys_socket[PID: 145 (rgdb)]: family:1, type:2, protocol:0
[   13.876564] firmadyne: sys_socket[PID: 149 (xmldbc)]: family:1, type:2, protocol:0
[   14.008926] firmadyne: sys_socket[PID: 152 (xmldbc)]: family:1, type:2, protocol:0
[   14.123677] firmadyne: sys_socket[PID: 156 (xmldbc)]: family:1, type:2, protocol:0
[   14.141777] cfg80211: Calling CRDA to update world regulatory domain
[   14.246905] firmadyne: sys_socket[PID: 159 (xmldbc)]: family:1, type:2, protocol:0
[   14.348604] firmadyne: sys_socket[PID: 162 (xmldbc)]: family:1, type:2, protocol:0
[   14.396600] firmadyne: sys_socket[PID: 163 (xmldbc)]: family:1, type:2, protocol:0
[   14.446058] firmadyne: sys_socket[PID: 164 (xmldbc)]: family:1, type:2, protocol:0
[   14.495872] firmadyne: sys_socket[PID: 165 (xmldbc)]: family:1, type:2, protocol:0
[   14.544892] firmadyne: sys_socket[PID: 166 (xmldbc)]: family:1, type:2, protocol:0
[   14.596418] firmadyne: sys_socket[PID: 167 (xmldbc)]: family:1, type:2, protocol:0
[   14.651868] firmadyne: sys_socket[PID: 168 (xmldbc)]: family:1, type:2, protocol:0
[   14.783956] EXT3-fs (mtdblock6): error: can't find ext3 filesystem on dev mtdblock6.
[   14.789566] EXT2-fs (mtdblock6): error: can't find an ext2 filesystem on dev mtdblock6.
[   14.795202] EXT4-fs (mtdblock6): VFS: Can't find ext4 filesystem
[   14.806783] cramfs: wrong magic
[   14.812367] squashfs: SQUASHFS error: Can't find a SQUASHFS superblock on mtdblock6
[   14.817867] FAT-fs (mtdblock6): bogus logical sector size 65535
[   14.818442] FAT-fs (mtdblock6): Can't find a valid FAT filesystem
[   14.827067] romfs: VFS: Can't find a romfs filesystem on dev mtdblock6.
[   14.832614] UDF-fs: warning (device mtdblock6): udf_load_vrs: No VRS found
[   14.833514] UDF-fs: warning (device mtdblock6): udf_fill_super: No partition found (2)
mount: Mounting /dev/mtdblock/6 on /www/locale/alt failed: Invalid argument
[   14.948739] firmadyne: sys_socket[PID: 177 (xmldbc)]: family:1, type:2, protocol:0
[   15.114729] firmadyne: sys_socket[PID: 184 (xmldbc)]: family:1, type:2, protocol:0
[   15.215372] firmadyne: sys_socket[PID: 187 (xmldbc)]: family:1, type:2, protocol:0
[   15.264437] firmadyne: sys_socket[PID: 188 (xmldbc)]: family:1, type:2, protocol:0
PHP [/etc/defnodes/S40brand.php] ...
[   15.357127] firmadyne: sys_socket[PID: 191 (rgdb)]: family:1, type:2, protocol:0
[/etc/scripts/misc/defnodes.sh] Done !!
[/etc/scripts/misc/profile.sh] put ...
[   15.684915] firmadyne: sys_socket[PID: 200 (rgdb)]: family:1, type:2, protocol:0
ok
[/etc/templates/timezone.sh] ...
[   16.111464] firmadyne: sys_socket[PID: 209 (rgdb)]: family:1, type:2, protocol:0
[   16.264686] firmadyne: sys_socket[PID: 214 (rgdb)]: family:1, type:2, protocol:0
[   16.762044] firmadyne: sys_socket[PID: 218 (rgdb)]: family:1, type:2, protocol:0
[   16.835473] firmadyne: sys_socket[PID: 220 (rgdb)]: family:1, type:2, protocol:0
[   16.906333] firmadyne: sys_socket[PID: 222 (rgdb)]: family:1, type:2, protocol:0
[/etc/templates/logs.sh] ...
[   17.085943] firmadyne: sys_socket[PID: 228 (rgdb)]: family:1, type:2, protocol:0
[   17.170485] firmadyne: sys_socket[PID: 230 (rgdb)]: family:1, type:2, protocol:0
[   17.285668] cfg80211: Calling CRDA to update world regulatory domain
[/var/run/logs_run.sh] ...
[   17.445677] firmadyne: sys_socket[PID: 234 (syslogd)]: family:1, type:1, protocol:0
Inserting modules ...
Using /lib/modules/wlan.o
insmod: Not configured to support old kernels
Using /lib/modules/wlan_xauth.o
insmod: Not configured to support old kernels
Using /lib/modules/wlan_wep.o
insmod: Not configured to support old kernels
Using /lib/modules/wlan_tkip.o
insmod: Not configured to support old kernels
Using /lib/modules/wlan_scan_sta.o
insmod: Not configured to support old kernels
Using /lib/modules/wlan_scan_ap.o
insmod: Not configured to support old kernels
Using /lib/modules/wlan_ccmp.o
insmod: Not configured to support old kernels
Using /lib/modules/wlan_acl.o
insmod: Not configured to support old kernels
Using /lib/modules/ath_hal.o
insmod: Not configured to support old kernels
Using /lib/modules/ath_rate_atheros.o
insmod: Not configured to support old kernels
Using /lib/modules/ath_dfs.o
insmod: Not configured to support old kernels
[   18.072678] firmadyne: sys_socket[PID: 253 (rgdb)]: family:1, type:2, protocol:0
The countrycode is 840.
Using /lib/modules/ath_ahb.o
insmod: Not configured to support old kernels
[   18.352985] firmadyne: sys_socket[PID: 260 (wlanconfig)]: family:2, type:1, protocol:0
wlanconfig: ioctl: No such device
[   18.511922] firmadyne: sys_socket[PID: 268 (ifconfig)]: family:2, type:1, protocol:0
SIOCSIFHWADDR: No such device
Using /lib/modules/ar231x_access.o
insmod: Not configured to support old kernels
[   18.690016] firmadyne: sys_socket[PID: 277 (ifconfig)]: family:2, type:1, protocol:0
[   18.708570] IPv6: ADDRCONF(NETDEV_UP): eth0: link is not ready
[   18.709158] 8021q: adding VLAN 0 to HW filter on device eth0
[   18.714744] e1000: eth0 NIC Link is Up 1000 Mbps Full Duplex, Flow Control: RX
[   18.716879] IPv6: ADDRCONF(NETDEV_CHANGE): eth0: link becomes ready
[   18.774138] firmadyne: sys_socket[PID: 278 (rgdb)]: family:1, type:2, protocol:0
[   18.843559] firmadyne: sys_socket[PID: 280 (rgdb)]: family:1, type:2, protocol:0
[   18.933088] firmadyne: sys_socket[PID: 282 (rgdb)]: family:1, type:2, protocol:0
[   19.006364] firmadyne: sys_socket[PID: 284 (vconfig)]: family:2, type:2, protocol:0
Set name-type for VLAN subsystem. Should be visible in /proc/net/vlan/config
[   19.058791] firmadyne: sys_socket[PID: 285 (vconfig)]: family:2, type:2, protocol:0
[   19.060341] firmadyne: register_vlan_dev[PID: 285 (vconfig)]: dev:eth0.0 vlan_id:0
[   19.127239] firmadyne: sys_socket[PID: 286 (vconfig)]: family:2, type:2, protocol:0
[   19.128624] firmadyne: register_vlan_dev[PID: 286 (vconfig)]: dev:eth0.2 vlan_id:2
[   19.197200] firmadyne: sys_socket[PID: 287 (brctl)]: family:2, type:2, protocol:0
[   19.262968] firmadyne: sys_socket[PID: 288 (brctl)]: family:2, type:2, protocol:0
[   19.268955] firmadyne: sys_socket[PID: 288 (brctl)]: family:10, type:1, protocol:0
[   19.318907] firmadyne: sys_socket[PID: 289 (brctl)]: family:2, type:2, protocol:0
[   19.323673] firmadyne: sys_socket[PID: 289 (brctl)]: family:10, type:1, protocol:0
[   19.350065] firmadyne: sys_socket[PID: 290 (ifconfig)]: family:2, type:1, protocol:0
[   19.351988] firmadyne: __inet_insert_ifa[PID: 290 (ifconfig)]: device:br0 ifa:0x00000000
[/etc/templates/webs.sh] start ...
[   19.508094] firmadyne: sys_socket[PID: 294 (rgdb)]: family:1, type:2, protocol:0
[   19.608499] firmadyne: sys_socket[PID: 295 (rgdb)]: family:1, type:2, protocol:0
[/var/run/webs_start.sh] ...
Starting HTTPD ...
[/etc/init.d/S03config.sh] done!
[/etc/init.d/S10system.sh]
[   19.942812] firmadyne: sys_socket[PID: 304 (rgdb)]: family:1, type:2, protocol:0
start scheduled ...
[/etc/templates/scheduled.sh] start ...
[   20.223646] firmadyne: sys_socket[PID: 309 (rgdb)]: family:1, type:2, protocol:0
[   20.286263] firmadyne: sys_socket[PID: 311 (route)]: family:2, type:1, protocol:0
[   20.429595] cfg80211: Calling CRDA to update world regulatory domain
[   20.438197] firmadyne: sys_socket[PID: 313 (httpd)]: family:2, type:2, protocol:0
[   20.439210] firmadyne: sys_setsockopt[PID: 313 (httpd)]: fd:4, level:65535, optname:4
[   20.440405] firmadyne: sys_setsockopt[PID: 313 (httpd)]: fd:4, level:65535, optname:25
[   20.449628] firmadyne: inet_bind[PID: 313 (httpd)]: proto:SOCK_STREAM, port:49152
[   20.451120] firmadyne: sys_socket[PID: 313 (httpd)]: family:2, type:1, protocol:0
[   20.451958] firmadyne: sys_setsockopt[PID: 313 (httpd)]: fd:5, level:65535, optname:4
[   20.452768] firmadyne: sys_setsockopt[PID: 313 (httpd)]: fd:5, level:65535, optname:25
[   20.458010] firmadyne: sys_socket[PID: 315 (xmldbc)]: family:1, type:2, protocol:0
[   20.463028] firmadyne: inet_bind[PID: 313 (httpd)]: proto:SOCK_DGRAM, port:1900
[   20.463960] firmadyne: sys_setsockopt[PID: 313 (httpd)]: fd:5, level:0, optname:35
[   20.476195] firmadyne: sys_socket[PID: 313 (httpd)]: family:2, type:2, protocol:0
[   20.477053] firmadyne: sys_setsockopt[PID: 313 (httpd)]: fd:6, level:65535, optname:4
[   20.479564] firmadyne: sys_setsockopt[PID: 313 (httpd)]: fd:6, level:65535, optname:25
[   20.480418] firmadyne: inet_bind[PID: 313 (httpd)]: proto:SOCK_STREAM, port:80
[   20.550201] firmadyne: sys_socket[PID: 313 (httpd)]: family:1, type:1, protocol:0
[   20.571842] firmadyne: sys_socket[PID: 316 (xmldbc)]: family:1, type:2, protocol:0
[/var/run/scheduled_start.sh] ...
Start scheduled ...
setup layout ...
[   20.770539] firmadyne: sys_socket[PID: 320 (scheduled)]: family:1, type:1, protocol:0
[/etc/scripts/layout.sh] start ...
[   20.877039] firmadyne: sys_socket[PID: 325 (rgdb)]: family:1, type:2, protocol:0
[   20.998008] firmadyne: sys_socket[PID: 326 (rgdb)]: family:1, type:2, protocol:0
[/var/run/layout_start.sh] ...
Start router layout ...
/proc/driver/ae531x: cannot create
/proc/driver/ae531x: cannot create
/proc/driver/ae531x: cannot create
/proc/driver/ae531x: cannot create
/proc/driver/ae531x: cannot create
/proc/driver/ae531x: cannot create
/proc/driver/ae531x: cannot create
/proc/driver/ae531x: cannot create
/proc/driver/ae531x: cannot create
/proc/driver/ae531x: cannot create
[   21.253848] firmadyne: sys_socket[PID: 340 (ifconfig)]: family:2, type:1, protocol:0
[   21.276219] firmadyne: sys_socket[PID: 341 (ifconfig)]: family:2, type:1, protocol:0
[   21.321825] firmadyne: sys_socket[PID: 342 (brctl)]: family:2, type:2, protocol:0
[   21.325149] firmadyne: sys_socket[PID: 342 (brctl)]: family:10, type:1, protocol:0
[   21.328905] firmadyne: sys_socket[PID: 342 (brctl)]: family:10, type:1, protocol:0
interface ath0 does not exist!
[   21.411114] firmadyne: sys_socket[PID: 347 (brctl)]: family:2, type:2, protocol:0
[   21.420044] firmadyne: sys_socket[PID: 347 (brctl)]: family:10, type:1, protocol:0
[   21.425146] firmadyne: sys_socket[PID: 347 (brctl)]: family:10, type:1, protocol:0
[   21.428662] firmadyne: br_add_if[PID: 347 (brctl)]: br:br0 dev:eth0.0
[   21.434867] device eth0.0 entered promiscuous mode
[   21.435386] device eth0 entered promiscuous mode
[   21.438565] br0: port 1(eth0.0) entered forwarding state
[   21.439455] br0: port 1(eth0.0) entered forwarding state
[   21.487063] firmadyne: sys_socket[PID: 348 (brctl)]: family:2, type:2, protocol:0
[   21.491895] firmadyne: sys_socket[PID: 348 (brctl)]: family:10, type:1, protocol:0
[   21.496033] firmadyne: sys_socket[PID: 348 (brctl)]: family:10, type:1, protocol:0
can't find port ath0 in bridge br0
[   21.542201] firmadyne: sys_socket[PID: 353 (ifconfig)]: family:2, type:1, protocol:0
[   21.588509] firmadyne: sys_socket[PID: 354 (rgdb)]: family:1, type:2, protocol:0
start LAN ...
[/etc/templates/lan.sh] ...
[   21.758808] firmadyne: sys_socket[PID: 359 (rgdb)]: family:1, type:2, protocol:0
[   21.994441] firmadyne: sys_socket[PID: 360 (rgdb)]: family:1, type:2, protocol:0
[/var/run/lan_start.sh] ...
Start LAN (br0/192.168.0.1/255.255.255.0)...
[   22.216740] firmadyne: sys_socket[PID: 364 (ifconfig)]: family:2, type:1, protocol:0
[   22.218639] firmadyne: __inet_insert_ifa[PID: 364 (ifconfig)]: device:br0 ifa:0xc0a80001
Start DHCP server (br0) ...
[   22.397771] firmadyne: sys_socket[PID: 368 (dhcpxmlpatch)]: family:1, type:2, protocol:0
start fresetd ...
[   22.419910] firmadyne: inet_accept[PID: 313 (httpd)]:
[   22.421153] firmadyne: inet_accept[PID: 313 (httpd)]:
[   22.455938] firmadyne: sys_socket[PID: 367 (udhcpd)]: family:2, type:3, protocol:255
[   22.467632] firmadyne: sys_socket[PID: 367 (udhcpd)]: family:2, type:1, protocol:17
[   22.468515] firmadyne: sys_setsockopt[PID: 367 (udhcpd)]: fd:5, level:65535, optname:4
[   22.477726] firmadyne: sys_setsockopt[PID: 367 (udhcpd)]: fd:5, level:65535, optname:32
[   22.478547] firmadyne: sys_setsockopt[PID: 367 (udhcpd)]: fd:5, level:65535, optname:25
[   22.479355] firmadyne: inet_bind[PID: 367 (udhcpd)]: proto:SOCK_DGRAM, port:67
enable LAN ports ...
Factory reset time : 5 secs
WPS command : [/etc/templates/wps.sh pbc &]
/proc/driver/ae531x: cannot create
gpio_outen: can not open [/proc/ar231x/gpio_cr7] to write.
/proc/driver/ae531x: cannot create
/proc/driver/ae531x: cannot create
/proc/driver/ae531x: cannot create
start WLAN ...
[/etc/templates/wlan.sh] start ...
[   22.767737] firmadyne: sys_socket[PID: 383 (rgdb)]: family:1, type:2, protocol:0
[   23.243985] firmadyne: sys_socket[PID: 386 (rgdb)]: family:1, type:2, protocol:0
[/var/run/wlan_start.sh] ...
Start WLAN interface ath0 ...
[   23.573581] cfg80211: Calling CRDA to update world regulatory domain
[   23.576181] firmadyne: sys_socket[PID: 389 (atp)]: family:1, type:2, protocol:0
[   23.629197] firmadyne: sys_socket[PID: 391 (iwpriv)]: family:2, type:1, protocol:0
ath0      no private ioctls.

[   23.711226] firmadyne: sys_socket[PID: 392 (iwpriv)]: family:2, type:1, protocol:0
ath0      no private ioctls.

[   23.803017] firmadyne: sys_socket[PID: 393 (iwpriv)]: family:2, type:1, protocol:0
ath0      no private ioctls.

[   23.900264] firmadyne: sys_socket[PID: 394 (brctl)]: family:2, type:2, protocol:0
[   23.911609] firmadyne: sys_socket[PID: 394 (brctl)]: family:10, type:1, protocol:0
[   23.922226] firmadyne: sys_socket[PID: 394 (brctl)]: family:10, type:1, protocol:0
can't find port ath0 in bridge br0
[   24.048321] firmadyne: sys_socket[PID: 399 (iwpriv)]: family:2, type:1, protocol:0
ath0      no private ioctls.

[   24.141594] firmadyne: sys_socket[PID: 400 (iwpriv)]: family:2, type:1, protocol:0
ath0      no private ioctls.

[   24.231932] firmadyne: sys_socket[PID: 401 (iwpriv)]: family:2, type:1, protocol:0
ath0      no private ioctls.

[   24.336642] firmadyne: sys_socket[PID: 402 (iwpriv)]: family:2, type:1, protocol:0
ath0      no private ioctls.

[   24.397242] firmadyne: sys_socket[PID: 403 (iwpriv)]: family:2, type:1, protocol:0
ath0      no private ioctls.

[   24.440499] firmadyne: sys_socket[PID: 404 (iwconfig)]: family:2, type:1, protocol:0
Error for wireless request "Set Frequency" (8B04) :
    SET failed on device ath0 ; Invalid argument.
[   24.488163] firmadyne: sys_socket[PID: 405 (iwconfig)]: family:2, type:1, protocol:0
Error for wireless request "Set RTS Threshold" (8B22) :
    SET failed on device ath0 ; Invalid argument.
[   24.534218] firmadyne: sys_socket[PID: 406 (iwconfig)]: family:2, type:1, protocol:0
Error for wireless request "Set Fragmentation Threshold" (8B24) :
    SET failed on device ath0 ; Invalid argument.
[   24.580085] firmadyne: sys_socket[PID: 407 (iwconfig)]: family:2, type:1, protocol:0
Error for wireless request "Set Bit Rate" (8B20) :
    SET failed on device ath0 ; Invalid argument.
[   24.626683] firmadyne: sys_socket[PID: 408 (iwpriv)]: family:2, type:1, protocol:0
ath0      no private ioctls.

[   24.670174] firmadyne: sys_socket[PID: 409 (iwpriv)]: family:2, type:1, protocol:0
ath0      no private ioctls.

/proc/net/br_forward_br0: cannot create
[   24.726268] firmadyne: sys_socket[PID: 411 (iwpriv)]: family:2, type:1, protocol:0
ath0      no private ioctls.

[   24.769112] firmadyne: sys_socket[PID: 412 (iwpriv)]: family:2, type:1, protocol:0
ath0      no private ioctls.

[   24.811442] firmadyne: sys_socket[PID: 413 (iwpriv)]: family:2, type:1, protocol:0
ath0      no private ioctls.

[   24.855749] firmadyne: sys_socket[PID: 414 (iwpriv)]: family:2, type:1, protocol:0
ath0      no private ioctls.

[   24.940736] firmadyne: sys_socket[PID: 415 (iwconfig)]: family:2, type:1, protocol:0
Error for wireless request "Set ESSID" (8B1A) :
    SET failed on device ath0 ; Invalid argument.
[   24.982404] firmadyne: sys_socket[PID: 416 (atp)]: family:1, type:2, protocol:0
[   25.044343] firmadyne: sys_socket[PID: 419 (ifconfig)]: family:2, type:1, protocol:0
SIOCGIFFLAGS: No such device
[   25.150517] firmadyne: sys_socket[PID: 418 (wlxmlpatch)]: family:1, type:2, protocol:0
Configuration file: /var/run/hostapd.ath0.conf
[   25.203253] firmadyne: sys_socket[PID: 417 (hostapd)]: family:2, type:1, protocol:0
[   25.258728] firmadyne: sys_socket[PID: 424 (usockc)]: family:1, type:1, protocol:0
ioctl(SIOCGIFINDEX): No such device
madwifi driver initialization failed.
Unable to open socket file : /var/run/fresetd_unixsock
[   25.338323] firmadyne: sys_socket[PID: 418 (wlxmlpatch)]: family:1, type:2, protocol:0
[   25.346280] firmadyne: sys_socket[PID: 418 (wlxmlpatch)]: family:2, type:1, protocol:0
madwifi_poll: ioctl_get_ssid() fail, return -1 !
[   25.357564] firmadyne: sys_socket[PID: 418 (wlxmlpatch)]: family:1, type:2, protocol:0
[/etc/templates/wps.sh] setie ...
[   25.449870] firmadyne: sys_socket[PID: 431 (xmldbc)]: family:1, type:2, protocol:0
[   25.555265] firmadyne: sys_socket[PID: 432 (wps)]: family:1, type:1, protocol:0
[   26.717533] cfg80211: Calling CRDA to update world regulatory domain
[   26.990702] firmadyne: sys_socket[PID: 433 (atp)]: family:1, type:2, protocol:0
[   27.647089] firmadyne: sys_socket[PID: 434 (xgi)]: family:1, type:2, protocol:0
[   27.662905] firmadyne: sys_socket[PID: 434 (xgi)]: family:1, type:2, protocol:0
[   27.676891] firmadyne: sys_socket[PID: 434 (xgi)]: family:1, type:2, protocol:0
[   27.692999] 
do_page_fault(): sending SIGSEGV to xgi for invalid read access from 79777a79
[   27.693848] epc = 77260bf4 in libc.so.0[7720f000+63000]
[   27.694718] ra  = 7725c178 in libc.so.0[7720f000+63000]
[   27.695293] 
[   27.695775] potentially unexpected fatal signal 11.
[   27.696396] CPU: 0 PID: 434 Comm: xgi Not tainted 4.1.17+ #1
[   27.696980] task: 8f1e6a28 ti: 8f1f4000 task.ti: 8f1f4000
[   27.697646] $ 0   : 00000000 77270374 ffffffff 00000054
[   27.698307] $ 4   : 7726fee0 79777a79 00000001 772b756c
[   27.698977] $ 8   : 00400f11 00000000 772fb138 77213f14
[   27.699611] $12   : 00000275 0b8da995 77216ed4 00400f09
[   27.700251] $16   : 7fe56ad0 00000002 7726fee0 00000005
[   27.700876] $20   : 004085f4 00000000 00000000 7fe56098
[   27.701664] $24   : 772117c4 77260bd0                  
[   27.702298] $28   : 772ba460 7fe55c08 00000000 7725c178
[   27.702949] Hi    : 000000d2
[   27.703250] Lo    : 0002de65
[   27.703654] epc   : 77260bf4 0x77260bf4
[   27.704063] ra    : 7725c178 0x7725c178
[   27.704403] Status: 0000a413	USER EXL IE 
[   27.704919] Cause : 10800008
[   27.705411] BadVA : 79777a79
[   27.705745] PrId  : 00019300 (MIPS 24Kc)
[   28.019651] firmadyne: sys_socket[PID: 432 (wps)]: family:1, type:1, protocol:0
[   28.285243] firmadyne: sys_socket[PID: 435 (atp)]: family:1, type:2, protocol:0
[   29.030201] firmadyne: sys_socket[PID: 432 (wps)]: family:1, type:1, protocol:0
[   29.303054] firmadyne: sys_socket[PID: 436 (atp)]: family:1, type:2, protocol:0
[   29.861547] cfg80211: Calling CRDA to update world regulatory domain
[   30.041741] firmadyne: sys_socket[PID: 432 (wps)]: family:1, type:1, protocol:0
[   31.050641] firmadyne: sys_socket[PID: 432 (wps)]: family:1, type:1, protocol:0
[   31.052360] firmadyne: sys_socket[PID: 432 (wps)]: family:1, type:1, protocol:0
[   31.067710] firmadyne: sys_socket[PID: 432 (wps)]: family:1, type:1, protocol:0
