[    0.000000] Linux version 4.1.17+ (alessio@pc) (gcc version 5.5.0 20171010 (Ubuntu 5.5.0-12ubuntu1) ) #1 Mon May 15 23:04:08 CEST 2023
[    0.000000] earlycon: Early serial console at I/O port 0x3f8 (options '38400n8')
[    0.000000] bootconsole [uart0] enabled
[    0.000000] CPU0 revision is: 00019300 (MIPS 24Kc)
[    0.000000] FPU revision is: 00739300
[    0.000000] Software DMA cache coherency enabled
[    0.000000] Determined physical RAM map:
[    0.000000]  memory: 00001000 @ 00000000 (reserved)
[    0.000000]  memory: 000ef000 @ 00001000 (ROM data)
[    0.000000]  memory: 00798000 @ 000f0000 (reserved)
[    0.000000]  memory: 0f777000 @ 00888000 (usable)
[    0.000000] debug: ignoring loglevel setting.
[    0.000000] Wasting 69888 bytes for tracking 2184 unused pages
[    0.000000] Initrd not found or empty - disabling initrd
[    0.000000] Zone ranges:
[    0.000000]   DMA      [mem 0x0000000000000000-0x0000000000ffffff]
[    0.000000]   Normal   [mem 0x0000000001000000-0x000000000fffefff]
[    0.000000] Movable zone start for each node
[    0.000000] Early memory node ranges
[    0.000000]   node   0: [mem 0x0000000000000000-0x000000000fffefff]
[    0.000000] Initmem setup node 0 [mem 0x0000000000000000-0x000000000fffefff]
[    0.000000] On node 0 totalpages: 65535
[    0.000000] free_area_init_node: node 0, pgdat 8081d5b0, node_mem_map 81000000
[    0.000000]   DMA zone: 32 pages used for memmap
[    0.000000]   DMA zone: 0 pages reserved
[    0.000000]   DMA zone: 4096 pages, LIFO batch:0
[    0.000000]   Normal zone: 480 pages used for memmap
[    0.000000]   Normal zone: 61439 pages, LIFO batch:15
[    0.000000] Primary instruction cache 2kB, VIPT, 2-way, linesize 16 bytes.
[    0.000000] Primary data cache 2kB, 2-way, VIPT, no aliases, linesize 16 bytes
[    0.000000] pcpu-alloc: s0 r0 d32768 u32768 alloc=1*32768
[    0.000000] pcpu-alloc: [0] 0 
[    0.000000] Built 1 zonelists in Zone order, mobility grouping on.  Total pages: 65023
[    0.000000] Kernel command line: root=/dev/sda1 console=ttyS0 nandsim.parts=64,64,64,64,64,64,64,64,64,64 rdinit=/firmadyne/preInit.sh rw debug ignore_loglevel print-fatal-signals=1 FIRMAE_NET=true FIRMAE_NVRAM=true FIRMAE_KERNEL=true FIRMAE_ETC=true user_debug=0 firmadyne.syscall=1 noka
[    0.000000] found FIRMAE_KERNEL=t
[    0.000000] set the LD_PRELOAD=/firmadyne/libnvram_ioctl.so
[    0.000000] PID hash table entries: 1024 (order: 0, 4096 bytes)
[    0.000000] Dentry cache hash table entries: 32768 (order: 5, 131072 bytes)
[    0.000000] Inode-cache hash table entries: 16384 (order: 4, 65536 bytes)
[    0.000000] Writing ErrCtl register=00000000
[    0.000000] Readback ErrCtl register=00000000
[    0.000000] Memory: 251112K/262140K available (5360K kernel code, 244K rwdata, 1676K rodata, 260K init, 158K bss, 11028K reserved, 0K cma-reserved)
[    0.000000] NR_IRQS:256
[    0.000000] CPU frequency 200.00 MHz
[    0.000000] clocksource MIPS: mask: 0xffffffff max_cycles: 0xffffffff, max_idle_ns: 19112550763 ns
[    0.000201] sched_clock: 32 bits at 100MHz, resolution 9ns, wraps every 21474776059ns
[    0.081529] spurious 8259A interrupt: IRQ7.
[    0.083827] Console: colour dummy device 80x25
[    0.085178] Calibrating delay loop... 24.22 BogoMIPS (lpj=48448)
[    0.139033] pid_max: default: 32768 minimum: 301
[    0.143600] Mount-cache hash table entries: 1024 (order: 0, 4096 bytes)
[    0.144161] Mountpoint-cache hash table entries: 1024 (order: 0, 4096 bytes)
[    0.283669] clocksource jiffies: mask: 0xffffffff max_cycles: 0xffffffff, max_idle_ns: 7645041785100000 ns
[    0.294813] NET: Registered protocol family 16
[    0.580479] clocksource pit: mask: 0xffffffff max_cycles: 0xffffffff, max_idle_ns: 1601818034827 ns
[    0.812358] vgaarb: loaded
[    0.818613] SCSI subsystem initialized
[    0.821313] libata version 3.00 loaded.
[    0.825922] usbcore: registered new interface driver usbfs
[    0.827507] usbcore: registered new interface driver hub
[    0.828616] usbcore: registered new device driver usb
[    0.831332] pps_core: LinuxPPS API ver. 1 registered
[    0.831863] pps_core: Software ver. 5.3.6 - Copyright 2005-2007 Rodolfo Giometti <giometti@linux.it>
[    0.832829] PTP clock support registered
[    0.838012] PCI host bridge to bus 0000:00
[    0.838811] pci_bus 0000:00: root bus resource [mem 0x10000000-0x17ffffff]
[    0.839457] pci_bus 0000:00: root bus resource [io  0x1000-0x1fffff]
[    0.840298] pci_bus 0000:00: root bus resource [??? 0x00000000 flags 0x0]
[    0.840915] pci_bus 0000:00: No busn resource found for root bus, will use [bus 00-ff]
[    0.842278] pci 0000:00:00.0: [11ab:4620] type 00 class 0x060000
[    0.843250] pci 0000:00:00.0: [Firmware Bug]: reg 0x14: invalid BAR (can't size)
[    0.843873] pci 0000:00:00.0: [Firmware Bug]: reg 0x18: invalid BAR (can't size)
[    0.844702] pci 0000:00:00.0: [Firmware Bug]: reg 0x1c: invalid BAR (can't size)
[    0.845290] pci 0000:00:00.0: [Firmware Bug]: reg 0x20: invalid BAR (can't size)
[    0.845893] pci 0000:00:00.0: [Firmware Bug]: reg 0x24: invalid BAR (can't size)
[    0.850055] pci 0000:00:0a.0: [8086:7110] type 00 class 0x060100
[    0.853693] pci 0000:00:0a.1: [8086:7111] type 00 class 0x010180
[    0.854475] pci 0000:00:0a.1: reg 0x20: [io  0x0000-0x000f]
[    0.855075] pci 0000:00:0a.1: legacy IDE quirk: reg 0x10: [io  0x01f0-0x01f7]
[    0.855678] pci 0000:00:0a.1: legacy IDE quirk: reg 0x14: [io  0x03f6]
[    0.856241] pci 0000:00:0a.1: legacy IDE quirk: reg 0x18: [io  0x0170-0x0177]
[    0.856855] pci 0000:00:0a.1: legacy IDE quirk: reg 0x1c: [io  0x0376]
[    0.860238] pci 0000:00:0a.2: [8086:7112] type 00 class 0x0c0300
[    0.860926] pci 0000:00:0a.2: reg 0x20: [io  0x0000-0x001f]
[    0.864337] pci 0000:00:0a.3: [8086:7113] type 00 class 0x068000
[    0.865833] pci 0000:00:0a.3: quirk: [io  0x1000-0x103f] claimed by PIIX4 ACPI
[    0.866486] pci 0000:00:0a.3: quirk: [io  0x1100-0x110f] claimed by PIIX4 SMB
[    0.869881] pci 0000:00:12.0: [1013:00b8] type 00 class 0x030000
[    0.870518] pci 0000:00:12.0: reg 0x10: [mem 0x00000000-0x01ffffff pref]
[    0.871118] pci 0000:00:12.0: reg 0x14: [mem 0x00000000-0x00000fff]
[    0.871787] pci 0000:00:12.0: reg 0x30: [mem 0x00000000-0x0000ffff pref]
[    0.874682] vgaarb: device added: PCI:0000:00:12.0,decodes=io+mem,owns=none,locks=none
[    0.875968] pci 0000:00:13.0: [8086:100e] type 00 class 0x020000
[    0.876597] pci 0000:00:13.0: reg 0x10: [mem 0x00000000-0x0001ffff]
[    0.877165] pci 0000:00:13.0: reg 0x14: [io  0x0000-0x003f]
[    0.877803] pci 0000:00:13.0: reg 0x30: [mem 0x00000000-0x0003ffff pref]
[    0.881125] pci 0000:00:14.0: [8086:100e] type 00 class 0x020000
[    0.881745] pci 0000:00:14.0: reg 0x10: [mem 0x00000000-0x0001ffff]
[    0.882311] pci 0000:00:14.0: reg 0x14: [io  0x0000-0x003f]
[    0.883136] pci 0000:00:14.0: reg 0x30: [mem 0x00000000-0x0003ffff pref]
[    0.886407] pci 0000:00:15.0: [8086:100e] type 00 class 0x020000
[    0.887172] pci 0000:00:15.0: reg 0x10: [mem 0x00000000-0x0001ffff]
[    0.887749] pci 0000:00:15.0: reg 0x14: [io  0x0000-0x003f]
[    0.888381] pci 0000:00:15.0: reg 0x30: [mem 0x00000000-0x0003ffff pref]
[    0.891667] pci 0000:00:16.0: [8086:100e] type 00 class 0x020000
[    0.892281] pci 0000:00:16.0: reg 0x10: [mem 0x00000000-0x0001ffff]
[    0.892850] pci 0000:00:16.0: reg 0x14: [io  0x0000-0x003f]
[    0.893480] pci 0000:00:16.0: reg 0x30: [mem 0x00000000-0x0003ffff pref]
[    0.896994] pci_bus 0000:00: busn_res: [bus 00-ff] end is updated to 00
[    0.898556] pci 0000:00:12.0: BAR 0: assigned [mem 0x10000000-0x11ffffff pref]
[    0.899370] pci 0000:00:13.0: BAR 6: assigned [mem 0x12000000-0x1203ffff pref]
[    0.900213] pci 0000:00:14.0: BAR 6: assigned [mem 0x12040000-0x1207ffff pref]
[    0.900873] pci 0000:00:15.0: BAR 6: assigned [mem 0x12080000-0x120bffff pref]
[    0.901530] pci 0000:00:16.0: BAR 6: assigned [mem 0x120c0000-0x120fffff pref]
[    0.902168] pci 0000:00:13.0: BAR 0: assigned [mem 0x12100000-0x1211ffff]
[    0.902805] pci 0000:00:14.0: BAR 0: assigned [mem 0x12120000-0x1213ffff]
[    0.903445] pci 0000:00:15.0: BAR 0: assigned [mem 0x12140000-0x1215ffff]
[    0.904277] pci 0000:00:16.0: BAR 0: assigned [mem 0x12160000-0x1217ffff]
[    0.904940] pci 0000:00:12.0: BAR 6: assigned [mem 0x12180000-0x1218ffff pref]
[    0.905594] pci 0000:00:12.0: BAR 1: assigned [mem 0x12190000-0x12190fff]
[    0.906230] pci 0000:00:13.0: BAR 1: assigned [io  0x1040-0x107f]
[    0.906818] pci 0000:00:14.0: BAR 1: assigned [io  0x1080-0x10bf]
[    0.907402] pci 0000:00:15.0: BAR 1: assigned [io  0x10c0-0x10ff]
[    0.907993] pci 0000:00:16.0: BAR 1: assigned [io  0x1400-0x143f]
[    0.908742] pci 0000:00:0a.2: BAR 4: assigned [io  0x1440-0x145f]
[    0.909334] pci 0000:00:0a.1: BAR 4: assigned [io  0x1460-0x146f]
[    0.927692] cfg80211: Calling CRDA to update world regulatory domain
[    0.942205] Switched to clocksource MIPS
[    1.064363] NET: Registered protocol family 2
[    1.077176] TCP established hash table entries: 2048 (order: 1, 8192 bytes)
[    1.078546] TCP bind hash table entries: 2048 (order: 1, 8192 bytes)
[    1.079697] TCP: Hash tables configured (established 2048 bind 2048)
[    1.080818] UDP hash table entries: 256 (order: 0, 4096 bytes)
[    1.081539] UDP-Lite hash table entries: 256 (order: 0, 4096 bytes)
[    1.085790] NET: Registered protocol family 1
[    1.087703] PCI: Enabling device 0000:00:0a.2 (0000 -> 0001)
[    1.089250] PCI: CLS 0 bytes, default 16
[    1.197234] futex hash table entries: 256 (order: -1, 3072 bytes)
[    1.215147] squashfs: version 4.0 (2009/01/31) Phillip Lougher
[    1.217784] jffs2: version 2.2. (NAND) Â© 2001-2006 Red Hat, Inc.
[    1.221484] romfs: ROMFS MTD (C) 2007 Red Hat, Inc.
[    1.321281] Block layer SCSI generic (bsg) driver version 0.4 loaded (major 251)
[    1.322019] io scheduler noop registered
[    1.323069] io scheduler cfq registered (default)
[    1.324175] firmadyne: devfs: 1, execute: 1, procfs: 1, syscall: 1
[    1.330332] firmadyne: Cannot register character device: gpio, 0xfc, 0x0!
[    1.339409] firmadyne: Cannot register character device: watchdog, 0xa, 0x82!
[    1.339930] firmadyne: Cannot register character device: wdt, 0xfd, 0x0!
[    3.144214] strName = 4.1.17+
[    3.144214] init_task_addr  = 2155778944
[    3.144214] init_task_size  = 1296
[    3.144214] ts_tasks        = 292
[    3.144214] ts_pid          = 408
[    3.144214] ts_tgid         = 412
[    3.144214] ts_group_leader = 440
[    3.144214] ts_thread_group = 496
[    3.144214] ts_real_parent  = 416
[    3.144214] ts_mm           = 300
[    3.144214] ts_stack        = 4
[    3.146809] module_name   = 12
[    3.146809] module_size   = 208
[    3.146809] module_init   = 200
[    3.146809] module_list   = 4
[    3.147775] ts_real_cred    = 624
[    3.147775] ts_cred         = 628
[    3.147775] ts_comm         = 632
[    3.147775] cred_uid        = 4
[    3.147775] cred_gid        = 8
[    3.147775] cred_euid       = 20
[    3.147775] cred_egid       = 24
[    3.149341] mm_mmap         = 0
[    3.149341] mm_pgd          = 32
[    3.149341] mm_arg_start    = 136
[    3.149341] mm_start_brk    = 124
[    3.149341] mm_brk          = 128
[    3.149341] mm_start_stack  = 132
[    3.150928] vma_vm_start    = 0
[    3.150928] vma_vm_end      = 4
[    3.150928] vma_vm_next     = 8
[    3.150928] vma_vm_file     = 80
[    3.150928] vma_vm_flags    = 40
[    3.150928] vma_vm_pgoff    = 76
[    3.152302] file_dentry     = 12
[    3.152302] file_inode      = 40
[    3.152302] dentry_d_name   = 24
[    3.152302] dentry_d_iname  = 44
[    3.152302] dentry_d_parent = 16
[    3.152302] ti_task         = 0
[    3.152302] inode_ino   = 28
[    4.282400] proc_fork_connector  = 2151078840
[    4.282786] proc_exit_connector  = 2151080432
[    4.283148] proc_exec_connector  = 2151079052
[    4.283503] vma_link  = 2149124372
[    4.283804] vma_adjust  = 2149124540
[    4.284115] remove_vma  = 2149122188
[    4.284427] modules  = 2155833724
[    4.284729] trim_init_extable  = 2150545316
[    4.285906] cfg80211: Calling CRDA to update world regulatory domain
[    4.289544] PCI: Enabling device 0000:00:12.0 (0000 -> 0002)
[    4.291008] cirrusfb 0000:00:12.0: Cirrus Logic chipset on PCI bus, RAM (4096 kB) at 0x10000000
[    4.607498] Console: switching to colour frame buffer device 80x30
[    4.681784] Serial: 8250/16550 driver, 4 ports, IRQ sharing enabled
[    4.697202] console [ttyS0] disabled
[    4.724971] serial8250.0: ttyS0 at I/O 0x3f8 (irq = 4, base_baud = 115200) is a 16550A
[    4.726442] console [ttyS0] enabled
[    4.726442] console [ttyS0] enabled
[    4.727081] bootconsole [uart0] disabled
[    4.727081] bootconsole [uart0] disabled
[    4.757840] serial8250.0: ttyS1 at I/O 0x2f8 (irq = 3, base_baud = 115200) is a 16550A
[    5.040141] brd: module loaded
[    5.109065] loop: module loaded
[    5.116573] ata_piix 0000:00:0a.1: version 2.13
[    5.117193] PCI: Enabling device 0000:00:0a.1 (0000 -> 0001)
[    5.146313] scsi host0: ata_piix
[    5.152442] scsi host1: ata_piix
[    5.156718] ata1: PATA max UDMA/33 cmd 0x1f0 ctl 0x3f6 bmdma 0x1460 irq 14
[    5.157306] ata2: PATA max UDMA/33 cmd 0x170 ctl 0x376 bmdma 0x1468 irq 15
[    5.164731] [nandsim] warning: read_byte: unexpected data output cycle, state is STATE_READY return 0x0
[    5.165384] [nandsim] warning: read_byte: unexpected data output cycle, state is STATE_READY return 0x0
[    5.166004] [nandsim] warning: read_byte: unexpected data output cycle, state is STATE_READY return 0x0
[    5.166855] [nandsim] warning: read_byte: unexpected data output cycle, state is STATE_READY return 0x0
[    5.167496] [nandsim] warning: read_byte: unexpected data output cycle, state is STATE_READY return 0x0
[    5.168144] [nandsim] warning: read_byte: unexpected data output cycle, state is STATE_READY return 0x0
[    5.168947] nand: device found, Manufacturer ID: 0x98, Chip ID: 0x39
[    5.169413] nand: Toshiba NAND 128MiB 1,8V 8-bit
[    5.169854] nand: 128 MiB, SLC, erase size: 16 KiB, page size: 512, OOB size: 16
[    5.171848] flash size: 128 MiB
[    5.172144] page size: 512 bytes
[    5.172435] OOB area size: 16 bytes
[    5.172728] sector size: 16 KiB
[    5.173005] pages number: 262144
[    5.173288] pages per sector: 32
[    5.173568] bus width: 8
[    5.173814] bits in sector size: 14
[    5.174276] bits in page size: 9
[    5.174572] bits in OOB size: 4
[    5.174858] flash size with OOB: 135168 KiB
[    5.175181] page address bytes: 4
[    5.175475] sector address bytes: 3
[    5.175765] options: 0x42
[    5.270760] Scanning device for bad blocks
[    6.635103] ata2.01: NODEV after polling detection
[    6.637142] ata2.00: ATAPI: QEMU DVD-ROM, 2.5+, max UDMA/100
[    6.639505] ata1.01: NODEV after polling detection
[    6.644996] ata1.00: ATA-7: QEMU HARDDISK, 2.5+, max UDMA/100
[    6.645515] ata1.00: 2097152 sectors, multi 16: LBA48 
[    6.647953] ata2.00: configured for UDMA/33
[    6.650556] ata1.00: configured for UDMA/33
[   19.680749] cfg80211: Calling CRDA to update world regulatory domain
[   19.682641] Creating 11 MTD partitions on "NAND 128MiB 1,8V 8-bit":
[   19.683398] 0x000000000000-0x000000100000 : "NAND simulator partition 0"
[   19.697317] 0x000000100000-0x000000200000 : "NAND simulator partition 1"
[   19.709397] 0x000000200000-0x000000300000 : "NAND simulator partition 2"
[   19.720949] 0x000000300000-0x000000400000 : "NAND simulator partition 3"
[   19.732752] 0x000000400000-0x000000500000 : "NAND simulator partition 4"
[   19.744629] 0x000000500000-0x000000600000 : "NAND simulator partition 5"
[   19.756511] 0x000000600000-0x000000700000 : "NAND simulator partition 6"
[   19.768706] 0x000000700000-0x000000800000 : "NAND simulator partition 7"
[   19.780900] 0x000000800000-0x000000900000 : "NAND simulator partition 8"
[   19.793403] 0x000000900000-0x000000a00000 : "NAND simulator partition 9"
[   19.805977] 0x000000a00000-0x000008000000 : "NAND simulator partition 10"
[   19.856763] tun: Universal TUN/TAP device driver, 1.6
[   19.857207] tun: (C) 1999-2004 Max Krasnyansky <maxk@qualcomm.com>
[   30.028917] pcnet32: pcnet32.c:v1.35 21.Apr.2008 tsbogend@alpha.franken.de
[   30.030669] e1000: Intel(R) PRO/1000 Network Driver - version 7.3.21-k8-NAPI
[   30.031217] e1000: Copyright (c) 1999-2006 Intel Corporation.
[   30.032341] PCI: Enabling device 0000:00:13.0 (0000 -> 0003)
[   30.036237] cfg80211: Calling CRDA to update world regulatory domain
[   30.039976] scsi 0:0:0:0: Direct-Access     ATA      QEMU HARDDISK    2.5+ PQ: 0 ANSI: 5
[   30.057646] sd 0:0:0:0: [sda] 2097152 512-byte logical blocks: (1.07 GB/1.00 GiB)
[   30.059647] scsi 1:0:0:0: CD-ROM            QEMU     QEMU DVD-ROM     2.5+ PQ: 0 ANSI: 5
[   30.296072] sd 0:0:0:0: [sda] Write Protect is off
[   30.296698] sd 0:0:0:0: [sda] Mode Sense: 00 3a 00 00
[   30.298644] sd 0:0:0:0: [sda] Write cache: enabled, read cache: enabled, doesn't support DPO or FUA
[   30.311840]  sda: sda1
[   30.326102] sd 0:0:0:0: [sda] Attached SCSI disk
[   30.361635] e1000 0000:00:13.0 eth0: (PCI:33MHz:32-bit) 52:54:00:12:34:56
[   30.362634] e1000 0000:00:13.0 eth0: Intel(R) PRO/1000 Network Connection
[   30.363497] PCI: Enabling device 0000:00:14.0 (0000 -> 0003)
[   30.673686] e1000 0000:00:14.0 eth1: (PCI:33MHz:32-bit) 52:54:00:12:34:57
[   30.674519] e1000 0000:00:14.0 eth1: Intel(R) PRO/1000 Network Connection
[   30.675351] PCI: Enabling device 0000:00:15.0 (0000 -> 0003)
[   30.991140] e1000 0000:00:15.0 eth2: (PCI:33MHz:32-bit) 52:54:00:12:34:58
[   30.991867] e1000 0000:00:15.0 eth2: Intel(R) PRO/1000 Network Connection
[   30.992762] PCI: Enabling device 0000:00:16.0 (0000 -> 0003)
[   31.318924] e1000 0000:00:16.0 eth3: (PCI:33MHz:32-bit) 52:54:00:12:34:59
[   31.319703] e1000 0000:00:16.0 eth3: Intel(R) PRO/1000 Network Connection
[   31.321343] e1000e: Intel(R) PRO/1000 Network Driver - 2.3.2-k
[   31.321840] e1000e: Copyright(c) 1999 - 2014 Intel Corporation.
[   31.327684] PPP generic driver version 2.4.2
[   31.330415] PPP Deflate Compression module registered
[   31.331225] PPP MPPE Compression module registered
[   31.331742] NET: Registered protocol family 24
[   31.332674] ehci_hcd: USB 2.0 'Enhanced' Host Controller (EHCI) Driver
[   31.333351] ehci-pci: EHCI PCI platform driver
[   31.334961] ohci_hcd: USB 1.1 'Open' Host Controller (OHCI) Driver
[   31.335583] ohci-pci: OHCI PCI platform driver
[   31.336974] uhci_hcd: USB Universal Host Controller Interface driver
[   31.339051] uhci_hcd 0000:00:0a.2: UHCI Host Controller
[   31.340007] uhci_hcd 0000:00:0a.2: new USB bus registered, assigned bus number 1
[   31.341272] uhci_hcd 0000:00:0a.2: irq 11, io base 0x00001440
[   31.354883] hub 1-0:1.0: USB hub found
[   31.355849] hub 1-0:1.0: 2 ports detected
[   47.960481] cfg80211: Calling CRDA to update world regulatory domain
[   47.969356] usbcore: registered new interface driver usb-storage
[   47.976243] mousedev: PS/2 mouse device common for all mice
[   47.984842] rtc_cmos rtc_cmos: rtc core: registered rtc_cmos as rtc0
[   47.985865] rtc_cmos rtc_cmos: alarms up to one day, 242 bytes nvram
[   47.987967] i2c /dev entries driver
[   47.989616] piix4_smbus 0000:00:0a.3: SMBus Host Controller at 0x1100, revision 0
[   47.995730] sdhci: Secure Digital Host Controller Interface driver
[   47.996228] sdhci: Copyright(c) Pierre Ossman
[   47.999288] hidraw: raw HID events driver (C) Jiri Kosina
[   48.022392] usbcore: registered new interface driver usbhid
[   48.022838] usbhid: USB HID core driver
[   48.024267] Netfilter messages via NETLINK v0.30.
[   48.025975] nf_conntrack version 0.5.0 (3923 buckets, 15692 max)
[   48.030449] ctnetlink v0.93: registering with nfnetlink.
[   48.037477] ipip: IPv4 over IPv4 tunneling driver
[   48.052644] ip_tables: (C) 2000-2006 Netfilter Core Team
[   48.056209] arp_tables: (C) 2002 David S. Miller
[   48.058692] Initializing XFRM netlink socket
[   48.060160] NET: Registered protocol family 10
[   48.086941] ip6_tables: (C) 2000-2006 Netfilter Core Team
[   48.091784] sit: IPv6 over IPv4 tunneling driver
[   48.113822] NET: Registered protocol family 17
[   48.115241] bridge: automatic filtering via arp/ip/ip6tables has been deprecated. Update your scripts to load br_netfilter if you need this.
[   48.116665] Bridge firewalling registered
[   48.117184] Ebtables v2.0 registered
[   48.120230] 8021q: 802.1Q VLAN Support v1.8
[   48.147017] rtc_cmos rtc_cmos: setting system clock to 2025-07-23 04:58:44 UTC (1753246724)
[   54.457324] cfg80211: Calling CRDA to update world regulatory domain
[   57.602837] cfg80211: Calling CRDA to update world regulatory domain
[   58.545601] EXT2-fs (sda1): warning: mounting unchecked fs, running e2fsck is recommended
[   58.548466] VFS: Mounted root (ext2 filesystem) on device 8:1.
[   58.560350] Freeing YAMON memory: 956k freed
[   58.574183] Freeing unused kernel memory: 260K (8081f000 - 80860000)
[   58.612109] firmadyne: sys_reboot[PID: 1 (init)]: magic1:fee1dead, magic2:28121969, cmd:0
init started: BusyBox v1.14.1 (2024-07-07 02:43:58 CEST)
starting pid 48, tty '': '/etc/init.d/rcS'
[   59.487450] firmadyne: do_execve: /firmadyne/console
[   59.488235] OFFSETS: offset of pid: 0x198 offset of comm: 0x278
[   62.275048] cfg80211: Calling CRDA to update world regulatory domain
[/etc/init.d/S03config.sh]
Mounting proc and var ...
[   94.555523] cfg80211: Calling CRDA to update world regulatory domain
SymbLink /dev/mtdblock/0
SymbLink /dev/mtdblock/1
SymbLink /dev/mtdblock/10
SymbLink /dev/mtdblock/2
SymbLink /dev/mtdblock/3
SymbLink /dev/mtdblock/4
SymbLink /dev/mtdblock/5
SymbLink /dev/mtdblock/6
SymbLink /dev/mtdblock/7
SymbLink /dev/mtdblock/8
SymbLink /dev/mtdblock/9
[   97.698820] cfg80211: Calling CRDA to update world regulatory domain
Inserting kernel modules ...
Inserting Rebootm ...
Inserting atheros ethernet ...
[   97.906814] random: nonblocking pool is initialized
Inserting gpio ...
done.
[  116.819042] cfg80211: Calling CRDA to update world regulatory domain
Start xmldb ...
[  117.021073] firmadyne: sys_socket[PID: 148 (xmldb)]: family:1, type:2, protocol:0
[/etc/scripts/misc/profile.sh] get ...
DEVCONF: unable to read config data (ret=-3) !
CAN NOT get devive config, generate default!
[/etc/scripts/misc/profile.sh] reset ...
[  131.545724] cfg80211: Exceeded CRDA call max attempts. Not calling CRDA
[  131.564441] firmadyne: sys_socket[PID: 160 (rgdb)]: family:1, type:2, protocol:0
[/etc/scripts/misc/defnodes.sh] ...
[/etc/defnodes/S10setext.sh] ...
[  131.980936] firmadyne: sys_socket[PID: 166 (xmldbc)]: family:1, type:2, protocol:0
[  132.040393] firmadyne: sys_socket[PID: 167 (xmldbc)]: family:1, type:2, protocol:0
[  151.143222] firmadyne: sys_socket[PID: 168 (xmldbc)]: family:1, type:2, protocol:0
[  151.204650] firmadyne: sys_socket[PID: 169 (xmldbc)]: family:1, type:2, protocol:0
[  151.264945] firmadyne: sys_socket[PID: 170 (xmldbc)]: family:1, type:2, protocol:0
[  151.324888] firmadyne: sys_socket[PID: 171 (xmldbc)]: family:1, type:2, protocol:0
[  151.512332] firmadyne: sys_socket[PID: 172 (xmldbc)]: family:1, type:2, protocol:0
[  151.574636] firmadyne: sys_socket[PID: 173 (xmldbc)]: family:1, type:2, protocol:0
[  151.633400] firmadyne: sys_socket[PID: 174 (xmldbc)]: family:1, type:2, protocol:0
[  151.692401] firmadyne: sys_socket[PID: 175 (xmldbc)]: family:1, type:2, protocol:0
[  151.833130] firmadyne: sys_socket[PID: 176 (xmldbc)]: family:1, type:2, protocol:0
[  151.892049] firmadyne: sys_socket[PID: 177 (xmldbc)]: family:1, type:2, protocol:0
[  151.951411] firmadyne: sys_socket[PID: 178 (xmldbc)]: family:1, type:2, protocol:0
[  152.010131] firmadyne: sys_socket[PID: 179 (xmldbc)]: family:1, type:2, protocol:0
[  152.158817] firmadyne: sys_socket[PID: 180 (xmldbc)]: family:1, type:2, protocol:0
[  152.218758] firmadyne: sys_socket[PID: 181 (xmldbc)]: family:1, type:2, protocol:0
[  152.277317] firmadyne: sys_socket[PID: 182 (xmldbc)]: family:1, type:2, protocol:0
[  152.337614] firmadyne: sys_socket[PID: 183 (xmldbc)]: family:1, type:2, protocol:0
[  152.472591] firmadyne: sys_socket[PID: 184 (xmldbc)]: family:1, type:2, protocol:0
[  152.533002] firmadyne: sys_socket[PID: 185 (xmldbc)]: family:1, type:2, protocol:0
[  152.592022] firmadyne: sys_socket[PID: 186 (xmldbc)]: family:1, type:2, protocol:0
[  152.650946] firmadyne: sys_socket[PID: 187 (rgdb)]: family:1, type:2, protocol:0
[  152.787617] firmadyne: sys_socket[PID: 188 (rgdb)]: family:1, type:2, protocol:0
[  152.847723] firmadyne: sys_socket[PID: 189 (rgdb)]: family:1, type:2, protocol:0
[  152.906942] firmadyne: sys_socket[PID: 190 (rgdb)]: family:1, type:2, protocol:0
[  152.967285] firmadyne: sys_socket[PID: 191 (rgdb)]: family:1, type:2, protocol:0
[  153.103674] firmadyne: sys_socket[PID: 192 (rgdb)]: family:1, type:2, protocol:0
[  153.166133] firmadyne: sys_socket[PID: 193 (rgdb)]: family:1, type:2, protocol:0
[  153.224502] firmadyne: sys_socket[PID: 194 (rgdb)]: family:1, type:2, protocol:0
[  153.283646] firmadyne: sys_socket[PID: 195 (rgdb)]: family:1, type:2, protocol:0
[  153.384831] firmadyne: sys_socket[PID: 196 (rgdb)]: family:1, type:2, protocol:0
[  153.444396] firmadyne: sys_socket[PID: 197 (rgdb)]: family:1, type:2, protocol:0
[  153.505939] firmadyne: sys_socket[PID: 198 (rgdb)]: family:1, type:2, protocol:0
[  153.642977] firmadyne: sys_socket[PID: 199 (rgdb)]: family:1, type:2, protocol:0
[  153.701017] firmadyne: sys_socket[PID: 200 (rgdb)]: family:1, type:2, protocol:0
[  153.831535] firmadyne: sys_socket[PID: 202 (xmldbc)]: family:1, type:2, protocol:0
[  153.890716] firmadyne: sys_socket[PID: 203 (xmldbc)]: family:1, type:2, protocol:0
[  154.003808] firmadyne: sys_socket[PID: 204 (xmldbc)]: family:1, type:2, protocol:0
[  154.063856] firmadyne: sys_socket[PID: 205 (xmldbc)]: family:1, type:2, protocol:0
[  154.124767] firmadyne: sys_socket[PID: 206 (xmldbc)]: family:1, type:2, protocol:0
[  154.191346] firmadyne: sys_socket[PID: 207 (xmldbc)]: family:1, type:2, protocol:0
[  154.343269] firmadyne: sys_socket[PID: 208 (xmldbc)]: family:1, type:2, protocol:0
[  154.405348] firmadyne: sys_socket[PID: 209 (xmldbc)]: family:1, type:2, protocol:0
[  154.465017] firmadyne: sys_socket[PID: 210 (xmldbc)]: family:1, type:2, protocol:0
[  154.524051] firmadyne: sys_socket[PID: 211 (xmldbc)]: family:1, type:2, protocol:0
[  154.578056] firmadyne: sys_socket[PID: 212 (xmldbc)]: family:1, type:2, protocol:0
[  154.721761] firmadyne: sys_socket[PID: 213 (xmldbc)]: family:1, type:2, protocol:0
[  154.781798] firmadyne: sys_socket[PID: 214 (xmldbc)]: family:1, type:2, protocol:0
[  154.843743] firmadyne: sys_socket[PID: 215 (xmldbc)]: family:1, type:2, protocol:0
[  154.903280] firmadyne: sys_socket[PID: 216 (xmldbc)]: family:1, type:2, protocol:0
[  155.047208] firmadyne: sys_socket[PID: 217 (xmldbc)]: family:1, type:2, protocol:0
[  155.106622] firmadyne: sys_socket[PID: 218 (xmldbc)]: family:1, type:2, protocol:0
[  155.168451] firmadyne: sys_socket[PID: 219 (xmldbc)]: family:1, type:2, protocol:0
[  155.381522] firmadyne: sys_socket[PID: 224 (xmldbc)]: family:1, type:2, protocol:0
[  155.524360] firmadyne: sys_socket[PID: 225 (xmldbc)]: family:1, type:2, protocol:0
[  155.585456] firmadyne: sys_socket[PID: 226 (xmldbc)]: family:1, type:2, protocol:0
[  155.639010] firmadyne: sys_socket[PID: 227 (xmldbc)]: family:1, type:2, protocol:0
[  155.696793] firmadyne: sys_socket[PID: 228 (xmldbc)]: family:1, type:2, protocol:0
[  155.758234] firmadyne: sys_socket[PID: 229 (xmldbc)]: family:1, type:2, protocol:0
[  155.894033] firmadyne: sys_socket[PID: 230 (xmldbc)]: family:1, type:2, protocol:0
[  155.955143] firmadyne: sys_socket[PID: 231 (xmldbc)]: family:1, type:2, protocol:0
[  156.013043] firmadyne: sys_socket[PID: 232 (xmldbc)]: family:1, type:2, protocol:0
[  156.071746] firmadyne: sys_socket[PID: 233 (xmldbc)]: family:1, type:2, protocol:0
[  156.216802] firmadyne: sys_socket[PID: 234 (xmldbc)]: family:1, type:2, protocol:0
[  156.274974] firmadyne: sys_socket[PID: 235 (xmldbc)]: family:1, type:2, protocol:0
[  156.334182] firmadyne: sys_socket[PID: 236 (xmldbc)]: family:1, type:2, protocol:0
[  156.393428] firmadyne: sys_socket[PID: 237 (xmldbc)]: family:1, type:2, protocol:0
[  156.535006] firmadyne: sys_socket[PID: 238 (xmldbc)]: family:1, type:2, protocol:0
[  156.594221] firmadyne: sys_socket[PID: 239 (xmldbc)]: family:1, type:2, protocol:0
[  156.652079] firmadyne: sys_socket[PID: 240 (xmldbc)]: family:1, type:2, protocol:0
[  156.710842] firmadyne: sys_socket[PID: 241 (xmldbc)]: family:1, type:2, protocol:0
[  156.852628] firmadyne: sys_socket[PID: 242 (xmldbc)]: family:1, type:2, protocol:0
[  156.989829] firmadyne: sys_socket[PID: 246 (xmldbc)]: family:1, type:2, protocol:0
[  157.051548] firmadyne: sys_socket[PID: 247 (xmldbc)]: family:1, type:2, protocol:0
[  157.109647] firmadyne: sys_socket[PID: 248 (xmldbc)]: family:1, type:2, protocol:0
[  157.253989] firmadyne: sys_socket[PID: 249 (xmldbc)]: family:1, type:2, protocol:0
[  157.312092] firmadyne: sys_socket[PID: 250 (xmldbc)]: family:1, type:2, protocol:0
[  157.370899] firmadyne: sys_socket[PID: 251 (xmldbc)]: family:1, type:2, protocol:0
[  157.430490] firmadyne: sys_socket[PID: 252 (xmldbc)]: family:1, type:2, protocol:0
[  157.557417] firmadyne: sys_socket[PID: 253 (xmldbc)]: family:1, type:2, protocol:0
[  157.617050] firmadyne: sys_socket[PID: 254 (xmldbc)]: family:1, type:2, protocol:0
[  157.676075] firmadyne: sys_socket[PID: 255 (xmldbc)]: family:1, type:2, protocol:0
[  157.784429] firmadyne: sys_socket[PID: 256 (xmldbc)]: family:1, type:2, protocol:0
[  157.845387] firmadyne: sys_socket[PID: 257 (xmldbc)]: family:1, type:2, protocol:0
[  157.903832] firmadyne: sys_socket[PID: 258 (xmldbc)]: family:1, type:2, protocol:0
[  157.962649] firmadyne: sys_socket[PID: 259 (xmldbc)]: family:1, type:2, protocol:0
[  158.104466] firmadyne: sys_socket[PID: 260 (xmldbc)]: family:1, type:2, protocol:0
[  158.163648] firmadyne: sys_socket[PID: 261 (xmldbc)]: family:1, type:2, protocol:0
[  158.226407] firmadyne: sys_socket[PID: 262 (xmldbc)]: family:1, type:2, protocol:0
[  158.284455] firmadyne: sys_socket[PID: 263 (xmldbc)]: family:1, type:2, protocol:0
[  158.426951] firmadyne: sys_socket[PID: 264 (xmldbc)]: family:1, type:2, protocol:0
[  158.565110] firmadyne: sys_socket[PID: 268 (xmldbc)]: family:1, type:2, protocol:0
[  158.624453] firmadyne: sys_socket[PID: 269 (xmldbc)]: family:1, type:2, protocol:0
[  158.683264] firmadyne: sys_socket[PID: 270 (xmldbc)]: family:1, type:2, protocol:0
[  158.825660] firmadyne: sys_socket[PID: 271 (xmldbc)]: family:1, type:2, protocol:0
[  158.884183] firmadyne: sys_socket[PID: 272 (xmldbc)]: family:1, type:2, protocol:0
[  158.943033] firmadyne: sys_socket[PID: 273 (xmldbc)]: family:1, type:2, protocol:0
[  159.001449] firmadyne: sys_socket[PID: 274 (xmldbc)]: family:1, type:2, protocol:0
[  159.154708] firmadyne: sys_socket[PID: 275 (xmldbc)]: family:1, type:2, protocol:0
[  159.217851] firmadyne: sys_socket[PID: 276 (xmldbc)]: family:1, type:2, protocol:0
[  159.279259] firmadyne: sys_socket[PID: 277 (xmldbc)]: family:1, type:2, protocol:0
[  159.339651] firmadyne: sys_socket[PID: 278 (xmldbc)]: family:1, type:2, protocol:0
[  159.501910] firmadyne: sys_socket[PID: 279 (xmldbc)]: family:1, type:2, protocol:0
[  159.563858] firmadyne: sys_socket[PID: 280 (xmldbc)]: family:1, type:2, protocol:0
[  159.623323] firmadyne: sys_socket[PID: 281 (xmldbc)]: family:1, type:2, protocol:0
[  159.682828] firmadyne: sys_socket[PID: 282 (xmldbc)]: family:1, type:2, protocol:0
[  159.845870] firmadyne: sys_socket[PID: 283 (xmldbc)]: family:1, type:2, protocol:0
[  159.907117] firmadyne: sys_socket[PID: 284 (xmldbc)]: family:1, type:2, protocol:0
[  159.966269] firmadyne: sys_socket[PID: 285 (xmldbc)]: family:1, type:2, protocol:0
[  160.025094] firmadyne: sys_socket[PID: 286 (xmldbc)]: family:1, type:2, protocol:0
[  160.242779] firmadyne: sys_socket[PID: 290 (xmldbc)]: family:1, type:2, protocol:0
[  160.303521] firmadyne: sys_socket[PID: 291 (xmldbc)]: family:1, type:2, protocol:0
[  160.362972] firmadyne: sys_socket[PID: 292 (xmldbc)]: family:1, type:2, protocol:0
[  160.421535] firmadyne: sys_socket[PID: 293 (xmldbc)]: family:1, type:2, protocol:0
[  168.658618] firmadyne: sys_socket[PID: 294 (xmldbc)]: family:1, type:2, protocol:0
[  168.726423] firmadyne: sys_socket[PID: 295 (xmldbc)]: family:1, type:2, protocol:0
[  168.786785] firmadyne: sys_socket[PID: 296 (xmldbc)]: family:1, type:2, protocol:0
[  168.847180] firmadyne: sys_socket[PID: 297 (xmldbc)]: family:1, type:2, protocol:0
[  179.147863] firmadyne: sys_socket[PID: 298 (xmldbc)]: family:1, type:2, protocol:0
[  179.207330] firmadyne: sys_socket[PID: 299 (xmldbc)]: family:1, type:2, protocol:0
[  179.266234] firmadyne: sys_socket[PID: 300 (xmldbc)]: family:1, type:2, protocol:0
[  179.325800] firmadyne: sys_socket[PID: 301 (xmldbc)]: family:1, type:2, protocol:0
[  191.337284] firmadyne: sys_socket[PID: 302 (xmldbc)]: family:1, type:2, protocol:0
[  191.396702] firmadyne: sys_socket[PID: 303 (xmldbc)]: family:1, type:2, protocol:0
[  191.455872] firmadyne: sys_socket[PID: 304 (xmldbc)]: family:1, type:2, protocol:0
[  191.515916] firmadyne: sys_socket[PID: 305 (xmldbc)]: family:1, type:2, protocol:0
[  202.727420] firmadyne: sys_socket[PID: 306 (xmldbc)]: family:1, type:2, protocol:0
[  202.788271] firmadyne: sys_socket[PID: 307 (xmldbc)]: family:1, type:2, protocol:0
[  202.847672] firmadyne: sys_socket[PID: 308 (xmldbc)]: family:1, type:2, protocol:0
[  202.987683] firmadyne: sys_socket[PID: 312 (xmldbc)]: family:1, type:2, protocol:0
[  216.073921] firmadyne: sys_socket[PID: 313 (xmldbc)]: family:1, type:2, protocol:0
[  216.135293] firmadyne: sys_socket[PID: 314 (xmldbc)]: family:1, type:2, protocol:0
[  216.195137] firmadyne: sys_socket[PID: 315 (xmldbc)]: family:1, type:2, protocol:0
[  216.255510] firmadyne: sys_socket[PID: 316 (xmldbc)]: family:1, type:2, protocol:0
[  222.195988] firmadyne: sys_socket[PID: 317 (xmldbc)]: family:1, type:2, protocol:0
[  222.255435] firmadyne: sys_socket[PID: 318 (xmldbc)]: family:1, type:2, protocol:0
[  222.315179] firmadyne: sys_socket[PID: 319 (xmldbc)]: family:1, type:2, protocol:0
[  222.376018] firmadyne: sys_socket[PID: 320 (xmldbc)]: family:1, type:2, protocol:0
[  222.430802] firmadyne: sys_socket[PID: 321 (xmldbc)]: family:1, type:2, protocol:0
[  222.488705] firmadyne: sys_socket[PID: 322 (xmldbc)]: family:1, type:2, protocol:0
[  222.548718] firmadyne: sys_socket[PID: 323 (xmldbc)]: family:1, type:2, protocol:0
[  222.607822] firmadyne: sys_socket[PID: 324 (xmldbc)]: family:1, type:2, protocol:0
[  222.667760] firmadyne: sys_socket[PID: 325 (xmldbc)]: family:1, type:2, protocol:0
[  222.726991] firmadyne: sys_socket[PID: 326 (xmldbc)]: family:1, type:2, protocol:0
[  222.787403] firmadyne: sys_socket[PID: 327 (xmldbc)]: family:1, type:2, protocol:0
[  222.846982] firmadyne: sys_socket[PID: 328 (xmldbc)]: family:1, type:2, protocol:0
[  222.908971] firmadyne: sys_socket[PID: 329 (xmldbc)]: family:1, type:2, protocol:0
[  222.969302] firmadyne: sys_socket[PID: 330 (xmldbc)]: family:1, type:2, protocol:0
[  223.106623] firmadyne: sys_socket[PID: 334 (xmldbc)]: family:1, type:2, protocol:0
[  223.166249] firmadyne: sys_socket[PID: 335 (xmldbc)]: family:1, type:2, protocol:0
[  223.225855] firmadyne: sys_socket[PID: 336 (xmldbc)]: family:1, type:2, protocol:0
[  223.284339] firmadyne: sys_socket[PID: 337 (xmldbc)]: family:1, type:2, protocol:0
[  223.343924] firmadyne: sys_socket[PID: 338 (xmldbc)]: family:1, type:2, protocol:0
[  223.403209] firmadyne: sys_socket[PID: 339 (xmldbc)]: family:1, type:2, protocol:0
[  223.463022] firmadyne: sys_socket[PID: 340 (xmldbc)]: family:1, type:2, protocol:0
[  223.522726] firmadyne: sys_socket[PID: 341 (xmldbc)]: family:1, type:2, protocol:0
[  223.585449] firmadyne: sys_socket[PID: 342 (xmldbc)]: family:1, type:2, protocol:0
[  223.644263] firmadyne: sys_socket[PID: 343 (xmldbc)]: family:1, type:2, protocol:0
[  223.703617] firmadyne: sys_socket[PID: 344 (xmldbc)]: family:1, type:2, protocol:0
[  223.764181] firmadyne: sys_socket[PID: 345 (xmldbc)]: family:1, type:2, protocol:0
[  223.823645] firmadyne: sys_socket[PID: 346 (xmldbc)]: family:1, type:2, protocol:0
[  223.883202] firmadyne: sys_socket[PID: 347 (xmldbc)]: family:1, type:2, protocol:0
[  223.946512] firmadyne: sys_socket[PID: 348 (xmldbc)]: family:1, type:2, protocol:0
[  224.005606] firmadyne: sys_socket[PID: 349 (xmldbc)]: family:1, type:2, protocol:0
[  224.065709] firmadyne: sys_socket[PID: 350 (xmldbc)]: family:1, type:2, protocol:0
[  224.126474] firmadyne: sys_socket[PID: 351 (xmldbc)]: family:1, type:2, protocol:0
[  224.191368] firmadyne: sys_socket[PID: 352 (xmldbc)]: family:1, type:2, protocol:0
[  224.339692] firmadyne: sys_socket[PID: 356 (xmldbc)]: family:1, type:2, protocol:0
[  224.398899] firmadyne: sys_socket[PID: 357 (xmldbc)]: family:1, type:2, protocol:0
[  224.457072] firmadyne: sys_socket[PID: 358 (xmldbc)]: family:1, type:2, protocol:0
[  224.516557] firmadyne: sys_socket[PID: 359 (xmldbc)]: family:1, type:2, protocol:0
[  224.576691] firmadyne: sys_socket[PID: 360 (xmldbc)]: family:1, type:2, protocol:0
[  224.634748] firmadyne: sys_socket[PID: 361 (xmldbc)]: family:1, type:2, protocol:0
[  224.693223] firmadyne: sys_socket[PID: 362 (xmldbc)]: family:1, type:2, protocol:0
[  224.748143] firmadyne: sys_socket[PID: 363 (xmldbc)]: family:1, type:2, protocol:0
[  224.807688] firmadyne: sys_socket[PID: 364 (xmldbc)]: family:1, type:2, protocol:0
[  224.866033] firmadyne: sys_socket[PID: 365 (xmldbc)]: family:1, type:2, protocol:0
[  224.927896] firmadyne: sys_socket[PID: 366 (xmldbc)]: family:1, type:2, protocol:0
[  224.987539] firmadyne: sys_socket[PID: 367 (xmldbc)]: family:1, type:2, protocol:0
[  225.040604] firmadyne: sys_socket[PID: 368 (xmldbc)]: family:1, type:2, protocol:0
[  225.099851] firmadyne: sys_socket[PID: 369 (xmldbc)]: family:1, type:2, protocol:0
[  225.159780] firmadyne: sys_socket[PID: 370 (xmldbc)]: family:1, type:2, protocol:0
[  225.217755] firmadyne: sys_socket[PID: 371 (xmldbc)]: family:1, type:2, protocol:0
[  225.276139] firmadyne: sys_socket[PID: 372 (xmldbc)]: family:1, type:2, protocol:0
[  225.335127] firmadyne: sys_socket[PID: 373 (xmldbc)]: family:1, type:2, protocol:0
[  225.394815] firmadyne: sys_socket[PID: 374 (xmldbc)]: family:1, type:2, protocol:0
[  225.527684] firmadyne: sys_socket[PID: 378 (xmldbc)]: family:1, type:2, protocol:0
[  225.587984] firmadyne: sys_socket[PID: 379 (xmldbc)]: family:1, type:2, protocol:0
[  225.646835] firmadyne: sys_socket[PID: 380 (xmldbc)]: family:1, type:2, protocol:0
[  225.706088] firmadyne: sys_socket[PID: 381 (xmldbc)]: family:1, type:2, protocol:0
[  225.766020] firmadyne: sys_socket[PID: 382 (xmldbc)]: family:1, type:2, protocol:0
[  225.824688] firmadyne: sys_socket[PID: 383 (xmldbc)]: family:1, type:2, protocol:0
[  225.883560] firmadyne: sys_socket[PID: 384 (xmldbc)]: family:1, type:2, protocol:0
[  225.948797] firmadyne: sys_socket[PID: 385 (xmldbc)]: family:1, type:2, protocol:0
[  226.007092] firmadyne: sys_socket[PID: 386 (xmldbc)]: family:1, type:2, protocol:0
[  226.067234] firmadyne: sys_socket[PID: 387 (xmldbc)]: family:1, type:2, protocol:0
[  226.126813] firmadyne: sys_socket[PID: 388 (xmldbc)]: family:1, type:2, protocol:0
[  226.186749] firmadyne: sys_socket[PID: 389 (xmldbc)]: family:1, type:2, protocol:0
[  226.246195] firmadyne: sys_socket[PID: 390 (xmldbc)]: family:1, type:2, protocol:0
[  226.305682] firmadyne: sys_socket[PID: 391 (xmldbc)]: family:1, type:2, protocol:0
[  226.361232] firmadyne: sys_socket[PID: 392 (xmldbc)]: family:1, type:2, protocol:0
[  226.420372] firmadyne: sys_socket[PID: 393 (xmldbc)]: family:1, type:2, protocol:0
[  226.479587] firmadyne: sys_socket[PID: 394 (xmldbc)]: family:1, type:2, protocol:0
[  226.539848] firmadyne: sys_socket[PID: 395 (xmldbc)]: family:1, type:2, protocol:0
[  226.593484] firmadyne: sys_socket[PID: 396 (xmldbc)]: family:1, type:2, protocol:0
[  226.730941] firmadyne: sys_socket[PID: 400 (xmldbc)]: family:1, type:2, protocol:0
[  226.790877] firmadyne: sys_socket[PID: 401 (xmldbc)]: family:1, type:2, protocol:0
[  226.849321] firmadyne: sys_socket[PID: 402 (xmldbc)]: family:1, type:2, protocol:0
[  226.907407] firmadyne: sys_socket[PID: 403 (xmldbc)]: family:1, type:2, protocol:0
[  226.968742] firmadyne: sys_socket[PID: 404 (xmldbc)]: family:1, type:2, protocol:0
[  227.023076] firmadyne: sys_socket[PID: 405 (xmldbc)]: family:1, type:2, protocol:0
[  227.082614] firmadyne: sys_socket[PID: 406 (xmldbc)]: family:1, type:2, protocol:0
[  227.142577] firmadyne: sys_socket[PID: 407 (xmldbc)]: family:1, type:2, protocol:0
[  227.201826] firmadyne: sys_socket[PID: 408 (xmldbc)]: family:1, type:2, protocol:0
[  227.260502] firmadyne: sys_socket[PID: 409 (xmldbc)]: family:1, type:2, protocol:0
[  227.319826] firmadyne: sys_socket[PID: 410 (xmldbc)]: family:1, type:2, protocol:0
[  227.380129] firmadyne: sys_socket[PID: 411 (xmldbc)]: family:1, type:2, protocol:0
[  227.438888] firmadyne: sys_socket[PID: 412 (xmldbc)]: family:1, type:2, protocol:0
[  227.497512] firmadyne: sys_socket[PID: 413 (xmldbc)]: family:1, type:2, protocol:0
[  227.557884] firmadyne: sys_socket[PID: 414 (xmldbc)]: family:1, type:2, protocol:0
[  227.617180] firmadyne: sys_socket[PID: 415 (xmldbc)]: family:1, type:2, protocol:0
[  227.675931] firmadyne: sys_socket[PID: 416 (xmldbc)]: family:1, type:2, protocol:0
[  227.735578] firmadyne: sys_socket[PID: 417 (xmldbc)]: family:1, type:2, protocol:0
[  227.796150] firmadyne: sys_socket[PID: 418 (xmldbc)]: family:1, type:2, protocol:0
[  227.934545] firmadyne: sys_socket[PID: 422 (xmldbc)]: family:1, type:2, protocol:0
[  227.995463] firmadyne: sys_socket[PID: 423 (xmldbc)]: family:1, type:2, protocol:0
[  228.055244] firmadyne: sys_socket[PID: 424 (xmldbc)]: family:1, type:2, protocol:0
[  228.115760] firmadyne: sys_socket[PID: 425 (xmldbc)]: family:1, type:2, protocol:0
[  228.177021] firmadyne: sys_socket[PID: 426 (xmldbc)]: family:1, type:2, protocol:0
[  228.235264] firmadyne: sys_socket[PID: 427 (xmldbc)]: family:1, type:2, protocol:0
[  228.289010] firmadyne: sys_socket[PID: 428 (xmldbc)]: family:1, type:2, protocol:0
[  228.348343] firmadyne: sys_socket[PID: 429 (xmldbc)]: family:1, type:2, protocol:0
[  228.408047] firmadyne: sys_socket[PID: 430 (xmldbc)]: family:1, type:2, protocol:0
[  228.467071] firmadyne: sys_socket[PID: 431 (xmldbc)]: family:1, type:2, protocol:0
[  228.525675] firmadyne: sys_socket[PID: 432 (xmldbc)]: family:1, type:2, protocol:0
[  228.585262] firmadyne: sys_socket[PID: 433 (xmldbc)]: family:1, type:2, protocol:0
[  228.644466] firmadyne: sys_socket[PID: 434 (xmldbc)]: family:1, type:2, protocol:0
[  228.703084] firmadyne: sys_socket[PID: 435 (xmldbc)]: family:1, type:2, protocol:0
[  228.763237] firmadyne: sys_socket[PID: 436 (xmldbc)]: family:1, type:2, protocol:0
[  228.822144] firmadyne: sys_socket[PID: 437 (xmldbc)]: family:1, type:2, protocol:0
[  228.880973] firmadyne: sys_socket[PID: 438 (xmldbc)]: family:1, type:2, protocol:0
[  228.941063] firmadyne: sys_socket[PID: 439 (xmldbc)]: family:1, type:2, protocol:0
[  229.001687] firmadyne: sys_socket[PID: 440 (xmldbc)]: family:1, type:2, protocol:0
[  229.140376] firmadyne: sys_socket[PID: 444 (xmldbc)]: family:1, type:2, protocol:0
[  229.200457] firmadyne: sys_socket[PID: 445 (xmldbc)]: family:1, type:2, protocol:0
[  229.259003] firmadyne: sys_socket[PID: 446 (xmldbc)]: family:1, type:2, protocol:0
[  229.318561] firmadyne: sys_socket[PID: 447 (xmldbc)]: family:1, type:2, protocol:0
[  229.378213] firmadyne: sys_socket[PID: 448 (xmldbc)]: family:1, type:2, protocol:0
[  229.437473] firmadyne: sys_socket[PID: 449 (xmldbc)]: family:1, type:2, protocol:0
[  229.495332] firmadyne: sys_socket[PID: 450 (xmldbc)]: family:1, type:2, protocol:0
[  229.555317] firmadyne: sys_socket[PID: 451 (xmldbc)]: family:1, type:2, protocol:0
[  229.614862] firmadyne: sys_socket[PID: 452 (xmldbc)]: family:1, type:2, protocol:0
[  229.673961] firmadyne: sys_socket[PID: 453 (xmldbc)]: family:1, type:2, protocol:0
[  229.732576] firmadyne: sys_socket[PID: 454 (xmldbc)]: family:1, type:2, protocol:0
[  229.792119] firmadyne: sys_socket[PID: 455 (xmldbc)]: family:1, type:2, protocol:0
[  229.846074] firmadyne: sys_socket[PID: 456 (xmldbc)]: family:1, type:2, protocol:0
[  229.899458] firmadyne: sys_socket[PID: 457 (xmldbc)]: family:1, type:2, protocol:0
[  229.961360] firmadyne: sys_socket[PID: 458 (xmldbc)]: family:1, type:2, protocol:0
[  230.024060] firmadyne: sys_socket[PID: 459 (xmldbc)]: family:1, type:2, protocol:0
[  230.082985] firmadyne: sys_socket[PID: 460 (xmldbc)]: family:1, type:2, protocol:0
[  230.143378] firmadyne: sys_socket[PID: 461 (xmldbc)]: family:1, type:2, protocol:0
[  230.197308] firmadyne: sys_socket[PID: 462 (xmldbc)]: family:1, type:2, protocol:0
[  230.335245] firmadyne: sys_socket[PID: 466 (xmldbc)]: family:1, type:2, protocol:0
[  230.395617] firmadyne: sys_socket[PID: 467 (xmldbc)]: family:1, type:2, protocol:0
[  230.453901] firmadyne: sys_socket[PID: 468 (xmldbc)]: family:1, type:2, protocol:0
[  230.513359] firmadyne: sys_socket[PID: 469 (xmldbc)]: family:1, type:2, protocol:0
[  230.574239] firmadyne: sys_socket[PID: 470 (xmldbc)]: family:1, type:2, protocol:0
[  230.632563] firmadyne: sys_socket[PID: 471 (xmldbc)]: family:1, type:2, protocol:0
[  230.691729] firmadyne: sys_socket[PID: 472 (xmldbc)]: family:1, type:2, protocol:0
[  230.751767] firmadyne: sys_socket[PID: 473 (xmldbc)]: family:1, type:2, protocol:0
[  230.811993] firmadyne: sys_socket[PID: 474 (xmldbc)]: family:1, type:2, protocol:0
[  230.870925] firmadyne: sys_socket[PID: 475 (xmldbc)]: family:1, type:2, protocol:0
[  230.929999] firmadyne: sys_socket[PID: 476 (xmldbc)]: family:1, type:2, protocol:0
[  230.992111] firmadyne: sys_socket[PID: 477 (xmldbc)]: family:1, type:2, protocol:0
[  231.051902] firmadyne: sys_socket[PID: 478 (xmldbc)]: family:1, type:2, protocol:0
[  231.110757] firmadyne: sys_socket[PID: 479 (xmldbc)]: family:1, type:2, protocol:0
[  231.170613] firmadyne: sys_socket[PID: 480 (xmldbc)]: family:1, type:2, protocol:0
[  231.230470] firmadyne: sys_socket[PID: 481 (xmldbc)]: family:1, type:2, protocol:0
[  231.290611] firmadyne: sys_socket[PID: 482 (xmldbc)]: family:1, type:2, protocol:0
[  231.351507] firmadyne: sys_socket[PID: 483 (xmldbc)]: family:1, type:2, protocol:0
[  231.411081] firmadyne: sys_socket[PID: 484 (xmldbc)]: family:1, type:2, protocol:0
[  231.549513] firmadyne: sys_socket[PID: 488 (xmldbc)]: family:1, type:2, protocol:0
[  231.610195] firmadyne: sys_socket[PID: 489 (xmldbc)]: family:1, type:2, protocol:0
[  231.668766] firmadyne: sys_socket[PID: 490 (xmldbc)]: family:1, type:2, protocol:0
[  231.727564] firmadyne: sys_socket[PID: 491 (xmldbc)]: family:1, type:2, protocol:0
[  231.786899] firmadyne: sys_socket[PID: 492 (xmldbc)]: family:1, type:2, protocol:0
[  231.846653] firmadyne: sys_socket[PID: 493 (xmldbc)]: family:1, type:2, protocol:0
[  231.904575] firmadyne: sys_socket[PID: 494 (xmldbc)]: family:1, type:2, protocol:0
[  231.964701] firmadyne: sys_socket[PID: 495 (xmldbc)]: family:1, type:2, protocol:0
[  232.026881] firmadyne: sys_socket[PID: 496 (xmldbc)]: family:1, type:2, protocol:0
[  232.088285] firmadyne: sys_socket[PID: 497 (xmldbc)]: family:1, type:2, protocol:0
[  232.164980] firmadyne: sys_socket[PID: 498 (xmldbc)]: family:1, type:2, protocol:0
[  232.227110] firmadyne: sys_socket[PID: 499 (xmldbc)]: family:1, type:2, protocol:0
[  232.285621] firmadyne: sys_socket[PID: 500 (xmldbc)]: family:1, type:2, protocol:0
[  232.347364] firmadyne: sys_socket[PID: 501 (xmldbc)]: family:1, type:2, protocol:0
[  232.406930] firmadyne: sys_socket[PID: 502 (xmldbc)]: family:1, type:2, protocol:0
[  232.466027] firmadyne: sys_socket[PID: 503 (xmldbc)]: family:1, type:2, protocol:0
[  232.525871] firmadyne: sys_socket[PID: 504 (xmldbc)]: family:1, type:2, protocol:0
[  232.586792] firmadyne: sys_socket[PID: 505 (xmldbc)]: family:1, type:2, protocol:0
[  232.645271] firmadyne: sys_socket[PID: 506 (xmldbc)]: family:1, type:2, protocol:0
[  232.779858] firmadyne: sys_socket[PID: 510 (xmldbc)]: family:1, type:2, protocol:0
[  232.838961] firmadyne: sys_socket[PID: 511 (xmldbc)]: family:1, type:2, protocol:0
[  232.892423] firmadyne: sys_socket[PID: 512 (xmldbc)]: family:1, type:2, protocol:0
[  232.952145] firmadyne: sys_socket[PID: 513 (xmldbc)]: family:1, type:2, protocol:0
[  233.014981] firmadyne: sys_socket[PID: 514 (xmldbc)]: family:1, type:2, protocol:0
[  233.069239] firmadyne: sys_socket[PID: 515 (xmldbc)]: family:1, type:2, protocol:0
[  233.128674] firmadyne: sys_socket[PID: 516 (xmldbc)]: family:1, type:2, protocol:0
[  233.188434] firmadyne: sys_socket[PID: 517 (xmldbc)]: family:1, type:2, protocol:0
[  233.247114] firmadyne: sys_socket[PID: 518 (xmldbc)]: family:1, type:2, protocol:0
[  233.306582] firmadyne: sys_socket[PID: 519 (xmldbc)]: family:1, type:2, protocol:0
[  233.367462] firmadyne: sys_socket[PID: 520 (xmldbc)]: family:1, type:2, protocol:0
[  233.426571] firmadyne: sys_socket[PID: 521 (xmldbc)]: family:1, type:2, protocol:0
[  233.485549] firmadyne: sys_socket[PID: 522 (xmldbc)]: family:1, type:2, protocol:0
[  233.546221] firmadyne: sys_socket[PID: 523 (xmldbc)]: family:1, type:2, protocol:0
[  233.606175] firmadyne: sys_socket[PID: 524 (xmldbc)]: family:1, type:2, protocol:0
[  233.665073] firmadyne: sys_socket[PID: 525 (xmldbc)]: family:1, type:2, protocol:0
[  233.724450] firmadyne: sys_socket[PID: 526 (xmldbc)]: family:1, type:2, protocol:0
[  233.784285] firmadyne: sys_socket[PID: 527 (xmldbc)]: family:1, type:2, protocol:0
[  233.843133] firmadyne: sys_socket[PID: 528 (xmldbc)]: family:1, type:2, protocol:0
[  233.984209] firmadyne: sys_socket[PID: 532 (xmldbc)]: family:1, type:2, protocol:0
[  234.046141] firmadyne: sys_socket[PID: 533 (xmldbc)]: family:1, type:2, protocol:0
[  234.105964] firmadyne: sys_socket[PID: 534 (xmldbc)]: family:1, type:2, protocol:0
[  234.166004] firmadyne: sys_socket[PID: 535 (xmldbc)]: family:1, type:2, protocol:0
[  234.219632] firmadyne: sys_socket[PID: 536 (xmldbc)]: family:1, type:2, protocol:0
[  234.272983] firmadyne: sys_socket[PID: 537 (xmldbc)]: family:1, type:2, protocol:0
[  234.332147] firmadyne: sys_socket[PID: 538 (xmldbc)]: family:1, type:2, protocol:0
[  234.393750] firmadyne: sys_socket[PID: 539 (xmldbc)]: family:1, type:2, protocol:0
[  234.452257] firmadyne: sys_socket[PID: 540 (xmldbc)]: family:1, type:2, protocol:0
[  234.511878] firmadyne: sys_socket[PID: 541 (xmldbc)]: family:1, type:2, protocol:0
[  234.572572] firmadyne: sys_socket[PID: 542 (xmldbc)]: family:1, type:2, protocol:0
[  234.688501] firmadyne: sys_socket[PID: 543 (xmldbc)]: family:1, type:2, protocol:0
[  234.749095] firmadyne: sys_socket[PID: 544 (xmldbc)]: family:1, type:2, protocol:0
[  234.809150] firmadyne: sys_socket[PID: 545 (xmldbc)]: family:1, type:2, protocol:0
[  234.867637] firmadyne: sys_socket[PID: 546 (xmldbc)]: family:1, type:2, protocol:0
[  234.921131] firmadyne: sys_socket[PID: 547 (xmldbc)]: family:1, type:2, protocol:0
[  235.045429] firmadyne: sys_socket[PID: 548 (xmldbc)]: family:1, type:2, protocol:0
[  235.105345] firmadyne: sys_socket[PID: 549 (xmldbc)]: family:1, type:2, protocol:0
[  235.166093] firmadyne: sys_socket[PID: 550 (xmldbc)]: family:1, type:2, protocol:0
[  235.304079] firmadyne: sys_socket[PID: 554 (xmldbc)]: family:1, type:2, protocol:0
[  235.432516] firmadyne: sys_socket[PID: 555 (xmldbc)]: family:1, type:2, protocol:0
[  235.491324] firmadyne: sys_socket[PID: 556 (xmldbc)]: family:1, type:2, protocol:0
[  235.551545] firmadyne: sys_socket[PID: 557 (xmldbc)]: family:1, type:2, protocol:0
[  235.611674] firmadyne: sys_socket[PID: 558 (xmldbc)]: family:1, type:2, protocol:0
[  235.737933] firmadyne: sys_socket[PID: 559 (xmldbc)]: family:1, type:2, protocol:0
[  235.797724] firmadyne: sys_socket[PID: 560 (xmldbc)]: family:1, type:2, protocol:0
[  235.856301] firmadyne: sys_socket[PID: 561 (xmldbc)]: family:1, type:2, protocol:0
[  235.914990] firmadyne: sys_socket[PID: 562 (xmldbc)]: family:1, type:2, protocol:0
[  236.045194] firmadyne: sys_socket[PID: 563 (xmldbc)]: family:1, type:2, protocol:0
[  236.106232] firmadyne: sys_socket[PID: 564 (xmldbc)]: family:1, type:2, protocol:0
[  236.169161] firmadyne: sys_socket[PID: 565 (xmldbc)]: family:1, type:2, protocol:0
[  236.227830] firmadyne: sys_socket[PID: 566 (xmldbc)]: family:1, type:2, protocol:0
[  236.356128] firmadyne: sys_socket[PID: 567 (xmldbc)]: family:1, type:2, protocol:0
[  236.415668] firmadyne: sys_socket[PID: 568 (xmldbc)]: family:1, type:2, protocol:0
[  236.474806] firmadyne: sys_socket[PID: 569 (xmldbc)]: family:1, type:2, protocol:0
[  236.533795] firmadyne: sys_socket[PID: 570 (xmldbc)]: family:1, type:2, protocol:0
[  236.662519] firmadyne: sys_socket[PID: 571 (xmldbc)]: family:1, type:2, protocol:0
[  236.721388] firmadyne: sys_socket[PID: 572 (xmldbc)]: family:1, type:2, protocol:0
[  236.861096] firmadyne: sys_socket[PID: 576 (xmldbc)]: family:1, type:2, protocol:0
[  236.914948] firmadyne: sys_socket[PID: 577 (xmldbc)]: family:1, type:2, protocol:0
[  236.974572] firmadyne: sys_socket[PID: 578 (xmldbc)]: family:1, type:2, protocol:0
[  237.102930] firmadyne: sys_socket[PID: 579 (xmldbc)]: family:1, type:2, protocol:0
[  237.158825] firmadyne: sys_socket[PID: 580 (xmldbc)]: family:1, type:2, protocol:0
[  237.217284] firmadyne: sys_socket[PID: 581 (xmldbc)]: family:1, type:2, protocol:0
[  237.271450] firmadyne: sys_socket[PID: 582 (xmldbc)]: family:1, type:2, protocol:0
[  237.330212] firmadyne: sys_socket[PID: 583 (xmldbc)]: family:1, type:2, protocol:0
[  237.390906] firmadyne: sys_socket[PID: 584 (xmldbc)]: family:1, type:2, protocol:0
[  237.518212] firmadyne: sys_socket[PID: 585 (xmldbc)]: family:1, type:2, protocol:0
[  237.579551] firmadyne: sys_socket[PID: 586 (xmldbc)]: family:1, type:2, protocol:0
[  237.638191] firmadyne: sys_socket[PID: 587 (xmldbc)]: family:1, type:2, protocol:0
[  237.696756] firmadyne: sys_socket[PID: 588 (xmldbc)]: family:1, type:2, protocol:0
[  237.825603] firmadyne: sys_socket[PID: 589 (xmldbc)]: family:1, type:2, protocol:0
[  237.884782] firmadyne: sys_socket[PID: 590 (xmldbc)]: family:1, type:2, protocol:0
[  237.944389] firmadyne: sys_socket[PID: 591 (xmldbc)]: family:1, type:2, protocol:0
[  238.004759] firmadyne: sys_socket[PID: 592 (xmldbc)]: family:1, type:2, protocol:0
[  238.132900] firmadyne: sys_socket[PID: 593 (xmldbc)]: family:1, type:2, protocol:0
[  238.192927] firmadyne: sys_socket[PID: 594 (xmldbc)]: family:1, type:2, protocol:0
[  238.331579] firmadyne: sys_socket[PID: 598 (xmldbc)]: family:1, type:2, protocol:0
[  242.894901] firmadyne: sys_socket[PID: 599 (xmldbc)]: family:1, type:2, protocol:0
[  242.955730] firmadyne: sys_socket[PID: 600 (xmldbc)]: family:1, type:2, protocol:0
[  243.009221] firmadyne: sys_socket[PID: 601 (xmldbc)]: family:1, type:2, protocol:0
[  243.067129] firmadyne: sys_socket[PID: 602 (xmldbc)]: family:1, type:2, protocol:0
[  243.130992] firmadyne: sys_socket[PID: 603 (xmldbc)]: family:1, type:2, protocol:0
[  243.249066] firmadyne: sys_socket[PID: 604 (xmldbc)]: family:1, type:2, protocol:0
[  243.310502] firmadyne: sys_socket[PID: 605 (xmldbc)]: family:1, type:2, protocol:0
[  243.370282] firmadyne: sys_socket[PID: 606 (xmldbc)]: family:1, type:2, protocol:0
[  243.430672] firmadyne: sys_socket[PID: 607 (xmldbc)]: family:1, type:2, protocol:0
[  243.549097] firmadyne: sys_socket[PID: 608 (xmldbc)]: family:1, type:2, protocol:0
[  243.609391] firmadyne: sys_socket[PID: 609 (xmldbc)]: family:1, type:2, protocol:0
[  243.668643] firmadyne: sys_socket[PID: 610 (xmldbc)]: family:1, type:2, protocol:0
[  243.727847] firmadyne: sys_socket[PID: 611 (xmldbc)]: family:1, type:2, protocol:0
[  243.846042] firmadyne: sys_socket[PID: 612 (xmldbc)]: family:1, type:2, protocol:0
[  243.905608] firmadyne: sys_socket[PID: 613 (xmldbc)]: family:1, type:2, protocol:0
[  243.961748] firmadyne: sys_socket[PID: 614 (xmldbc)]: family:1, type:2, protocol:0
[  244.021300] firmadyne: sys_socket[PID: 615 (xmldbc)]: family:1, type:2, protocol:0
[  244.080756] firmadyne: sys_socket[PID: 616 (xmldbc)]: family:1, type:2, protocol:0
[  244.281604] firmadyne: sys_socket[PID: 620 (xmldbc)]: family:1, type:2, protocol:0
[  244.340795] firmadyne: sys_socket[PID: 621 (xmldbc)]: family:1, type:2, protocol:0
[  244.401055] firmadyne: sys_socket[PID: 622 (xmldbc)]: family:1, type:2, protocol:0
[  244.459789] firmadyne: sys_socket[PID: 623 (xmldbc)]: family:1, type:2, protocol:0
[  244.577037] firmadyne: sys_socket[PID: 624 (xmldbc)]: family:1, type:2, protocol:0
[  244.636070] firmadyne: sys_socket[PID: 625 (xmldbc)]: family:1, type:2, protocol:0
[  244.693915] firmadyne: sys_socket[PID: 626 (xmldbc)]: family:1, type:2, protocol:0
[  244.747895] firmadyne: sys_socket[PID: 627 (xmldbc)]: family:1, type:2, protocol:0
[  244.807036] firmadyne: sys_socket[PID: 628 (xmldbc)]: family:1, type:2, protocol:0
[  244.923776] firmadyne: sys_socket[PID: 629 (xmldbc)]: family:1, type:2, protocol:0
[  244.983682] firmadyne: sys_socket[PID: 630 (xmldbc)]: family:1, type:2, protocol:0
[  245.041931] firmadyne: sys_socket[PID: 631 (xmldbc)]: family:1, type:2, protocol:0
[  245.102900] firmadyne: sys_socket[PID: 632 (xmldbc)]: family:1, type:2, protocol:0
[  245.222511] firmadyne: sys_socket[PID: 633 (xmldbc)]: family:1, type:2, protocol:0
[  245.281842] firmadyne: sys_socket[PID: 634 (xmldbc)]: family:1, type:2, protocol:0
[  245.340929] firmadyne: sys_socket[PID: 635 (xmldbc)]: family:1, type:2, protocol:0
[  245.401448] firmadyne: sys_socket[PID: 636 (xmldbc)]: family:1, type:2, protocol:0
[  245.517600] firmadyne: sys_socket[PID: 637 (xmldbc)]: family:1, type:2, protocol:0
[  245.576158] firmadyne: sys_socket[PID: 638 (xmldbc)]: family:1, type:2, protocol:0
[  245.717018] firmadyne: sys_socket[PID: 642 (xmldbc)]: family:1, type:2, protocol:0
[  245.776032] firmadyne: sys_socket[PID: 643 (xmldbc)]: family:1, type:2, protocol:0
[  245.894216] firmadyne: sys_socket[PID: 644 (xmldbc)]: family:1, type:2, protocol:0
[  245.953669] firmadyne: sys_socket[PID: 645 (xmldbc)]: family:1, type:2, protocol:0
[  246.013140] firmadyne: sys_socket[PID: 646 (xmldbc)]: family:1, type:2, protocol:0
[  246.072199] firmadyne: sys_socket[PID: 647 (xmldbc)]: family:1, type:2, protocol:0
[  246.126824] firmadyne: sys_socket[PID: 648 (xmldbc)]: family:1, type:2, protocol:0
[  246.246259] firmadyne: sys_socket[PID: 649 (xmldbc)]: family:1, type:2, protocol:0
[  246.299937] firmadyne: sys_socket[PID: 650 (xmldbc)]: family:1, type:2, protocol:0
[  246.358251] firmadyne: sys_socket[PID: 651 (xmldbc)]: family:1, type:2, protocol:0
[  246.417909] firmadyne: sys_socket[PID: 652 (xmldbc)]: family:1, type:2, protocol:0
[  246.476841] firmadyne: sys_socket[PID: 653 (xmldbc)]: family:1, type:2, protocol:0
[  246.592686] firmadyne: sys_socket[PID: 654 (xmldbc)]: family:1, type:2, protocol:0
[  246.652424] firmadyne: sys_socket[PID: 655 (xmldbc)]: family:1, type:2, protocol:0
[  246.710668] firmadyne: sys_socket[PID: 656 (xmldbc)]: family:1, type:2, protocol:0
[  246.768776] firmadyne: sys_socket[PID: 657 (xmldbc)]: family:1, type:2, protocol:0
[  246.886477] firmadyne: sys_socket[PID: 658 (xmldbc)]: family:1, type:2, protocol:0
[  246.940963] firmadyne: sys_socket[PID: 659 (xmldbc)]: family:1, type:2, protocol:0
[  246.999386] firmadyne: sys_socket[PID: 660 (xmldbc)]: family:1, type:2, protocol:0
[  247.140539] firmadyne: sys_socket[PID: 664 (xmldbc)]: family:1, type:2, protocol:0
[  247.259646] firmadyne: sys_socket[PID: 665 (xmldbc)]: family:1, type:2, protocol:0
[  247.319803] firmadyne: sys_socket[PID: 666 (xmldbc)]: family:1, type:2, protocol:0
[  247.379569] firmadyne: sys_socket[PID: 667 (xmldbc)]: family:1, type:2, protocol:0
[  247.439587] firmadyne: sys_socket[PID: 668 (xmldbc)]: family:1, type:2, protocol:0
[  247.556522] firmadyne: sys_socket[PID: 669 (xmldbc)]: family:1, type:2, protocol:0
[  247.611552] firmadyne: sys_socket[PID: 670 (xmldbc)]: family:1, type:2, protocol:0
[  247.671892] firmadyne: sys_socket[PID: 671 (xmldbc)]: family:1, type:2, protocol:0
[  247.730475] firmadyne: sys_socket[PID: 672 (xmldbc)]: family:1, type:2, protocol:0
[  247.789737] firmadyne: sys_socket[PID: 673 (xmldbc)]: family:1, type:2, protocol:0
[  247.908060] firmadyne: sys_socket[PID: 674 (xmldbc)]: family:1, type:2, protocol:0
[  247.967411] firmadyne: sys_socket[PID: 675 (xmldbc)]: family:1, type:2, protocol:0
[  248.026671] firmadyne: sys_socket[PID: 676 (xmldbc)]: family:1, type:2, protocol:0
[  248.085443] firmadyne: sys_socket[PID: 677 (xmldbc)]: family:1, type:2, protocol:0
[  248.214843] firmadyne: sys_socket[PID: 678 (xmldbc)]: family:1, type:2, protocol:0
[  248.274802] firmadyne: sys_socket[PID: 679 (xmldbc)]: family:1, type:2, protocol:0
[  248.336416] firmadyne: sys_socket[PID: 680 (xmldbc)]: family:1, type:2, protocol:0
[  248.395097] firmadyne: sys_socket[PID: 681 (xmldbc)]: family:1, type:2, protocol:0
[  255.861381] firmadyne: sys_socket[PID: 682 (xmldbc)]: family:1, type:2, protocol:0
[  256.003040] firmadyne: sys_socket[PID: 686 (xmldbc)]: family:1, type:2, protocol:0
[  256.064030] firmadyne: sys_socket[PID: 687 (xmldbc)]: family:1, type:2, protocol:0
[  256.124531] firmadyne: sys_socket[PID: 688 (xmldbc)]: family:1, type:2, protocol:0
[  256.243446] firmadyne: sys_socket[PID: 689 (xmldbc)]: family:1, type:2, protocol:0
[  256.306560] firmadyne: sys_socket[PID: 690 (xmldbc)]: family:1, type:2, protocol:0
[  256.366004] firmadyne: sys_socket[PID: 691 (xmldbc)]: family:1, type:2, protocol:0
[  256.424951] firmadyne: sys_socket[PID: 692 (xmldbc)]: family:1, type:2, protocol:0
[  256.543011] firmadyne: sys_socket[PID: 693 (xmldbc)]: family:1, type:2, protocol:0
[  256.602256] firmadyne: sys_socket[PID: 694 (xmldbc)]: family:1, type:2, protocol:0
[  256.662859] firmadyne: sys_socket[PID: 695 (xmldbc)]: family:1, type:2, protocol:0
[  256.721223] firmadyne: sys_socket[PID: 696 (xmldbc)]: family:1, type:2, protocol:0
[  256.849024] firmadyne: sys_socket[PID: 697 (xmldbc)]: family:1, type:2, protocol:0
[  256.909453] firmadyne: sys_socket[PID: 698 (xmldbc)]: family:1, type:2, protocol:0
[  256.968090] firmadyne: sys_socket[PID: 699 (xmldbc)]: family:1, type:2, protocol:0
[  257.026728] firmadyne: sys_socket[PID: 700 (xmldbc)]: family:1, type:2, protocol:0
[  257.155687] firmadyne: sys_socket[PID: 701 (xmldbc)]: family:1, type:2, protocol:0
[  257.214850] firmadyne: sys_socket[PID: 702 (xmldbc)]: family:1, type:2, protocol:0
[  257.277409] firmadyne: sys_socket[PID: 703 (xmldbc)]: family:1, type:2, protocol:0
[  257.336995] firmadyne: sys_socket[PID: 704 (xmldbc)]: family:1, type:2, protocol:0
[  257.545618] firmadyne: sys_socket[PID: 708 (xmldbc)]: family:1, type:2, protocol:0
[  257.609992] firmadyne: sys_socket[PID: 709 (xmldbc)]: family:1, type:2, protocol:0
[  257.668868] firmadyne: sys_socket[PID: 710 (xmldbc)]: family:1, type:2, protocol:0
[  257.729127] firmadyne: sys_socket[PID: 711 (xmldbc)]: family:1, type:2, protocol:0
[  257.856982] firmadyne: sys_socket[PID: 712 (xmldbc)]: family:1, type:2, protocol:0
[  257.917308] firmadyne: sys_socket[PID: 713 (xmldbc)]: family:1, type:2, protocol:0
[  257.976493] firmadyne: sys_socket[PID: 714 (xmldbc)]: family:1, type:2, protocol:0
[  258.035114] firmadyne: sys_socket[PID: 715 (xmldbc)]: family:1, type:2, protocol:0
[  258.164226] firmadyne: sys_socket[PID: 716 (xmldbc)]: family:1, type:2, protocol:0
[  258.222792] firmadyne: sys_socket[PID: 717 (xmldbc)]: family:1, type:2, protocol:0
[  258.284264] firmadyne: sys_socket[PID: 718 (xmldbc)]: family:1, type:2, protocol:0
[  258.340067] firmadyne: sys_socket[PID: 719 (xmldbc)]: family:1, type:2, protocol:0
[  258.398674] firmadyne: sys_socket[PID: 720 (xmldbc)]: family:1, type:2, protocol:0
[  258.452803] firmadyne: sys_socket[PID: 721 (xmldbc)]: family:1, type:2, protocol:0
[  258.536450] firmadyne: sys_socket[PID: 722 (xmldbc)]: family:1, type:2, protocol:0
[  258.619939] firmadyne: sys_socket[PID: 723 (xmldbc)]: family:1, type:2, protocol:0
[  258.679030] firmadyne: sys_socket[PID: 724 (xmldbc)]: family:1, type:2, protocol:0
[  258.739483] firmadyne: sys_socket[PID: 725 (xmldbc)]: family:1, type:2, protocol:0
[  258.797799] firmadyne: sys_socket[PID: 726 (xmldbc)]: family:1, type:2, protocol:0
[  258.947530] firmadyne: sys_socket[PID: 730 (xmldbc)]: family:1, type:2, protocol:0
[  259.005982] firmadyne: sys_socket[PID: 731 (xmldbc)]: family:1, type:2, protocol:0
[  259.064411] firmadyne: sys_socket[PID: 732 (xmldbc)]: family:1, type:2, protocol:0
[  259.123336] firmadyne: sys_socket[PID: 733 (xmldbc)]: family:1, type:2, protocol:0
[  259.182913] firmadyne: sys_socket[PID: 734 (xmldbc)]: family:1, type:2, protocol:0
[  259.242855] firmadyne: sys_socket[PID: 735 (xmldbc)]: family:1, type:2, protocol:0
[  259.303751] firmadyne: sys_socket[PID: 736 (xmldbc)]: family:1, type:2, protocol:0
[  259.364047] firmadyne: sys_socket[PID: 737 (xmldbc)]: family:1, type:2, protocol:0
[  259.423109] firmadyne: sys_socket[PID: 738 (xmldbc)]: family:1, type:2, protocol:0
[  259.482736] firmadyne: sys_socket[PID: 739 (xmldbc)]: family:1, type:2, protocol:0
[  259.542793] firmadyne: sys_socket[PID: 740 (xmldbc)]: family:1, type:2, protocol:0
[  259.603068] firmadyne: sys_socket[PID: 741 (xmldbc)]: family:1, type:2, protocol:0
[  259.661689] firmadyne: sys_socket[PID: 742 (xmldbc)]: family:1, type:2, protocol:0
[  259.719732] firmadyne: sys_socket[PID: 743 (xmldbc)]: family:1, type:2, protocol:0
[  259.779059] firmadyne: sys_socket[PID: 744 (xmldbc)]: family:1, type:2, protocol:0
[  259.837143] firmadyne: sys_socket[PID: 745 (xmldbc)]: family:1, type:2, protocol:0
[  259.895955] firmadyne: sys_socket[PID: 746 (xmldbc)]: family:1, type:2, protocol:0
[  259.955780] firmadyne: sys_socket[PID: 747 (xmldbc)]: family:1, type:2, protocol:0
[  260.013777] firmadyne: sys_socket[PID: 748 (xmldbc)]: family:1, type:2, protocol:0
[  260.156496] firmadyne: sys_socket[PID: 752 (xmldbc)]: family:1, type:2, protocol:0
[  260.214749] firmadyne: sys_socket[PID: 753 (xmldbc)]: family:1, type:2, protocol:0
[  260.272508] firmadyne: sys_socket[PID: 754 (xmldbc)]: family:1, type:2, protocol:0
[  260.334014] firmadyne: sys_socket[PID: 755 (xmldbc)]: family:1, type:2, protocol:0
[  260.392098] firmadyne: sys_socket[PID: 756 (xmldbc)]: family:1, type:2, protocol:0
[  260.449656] firmadyne: sys_socket[PID: 757 (xmldbc)]: family:1, type:2, protocol:0
[  260.508155] firmadyne: sys_socket[PID: 758 (xmldbc)]: family:1, type:2, protocol:0
[  260.569314] firmadyne: sys_socket[PID: 759 (xmldbc)]: family:1, type:2, protocol:0
[  260.627847] firmadyne: sys_socket[PID: 760 (xmldbc)]: family:1, type:2, protocol:0
[  260.685846] firmadyne: sys_socket[PID: 761 (xmldbc)]: family:1, type:2, protocol:0
[  260.745445] firmadyne: sys_socket[PID: 762 (xmldbc)]: family:1, type:2, protocol:0
[  260.803136] firmadyne: sys_socket[PID: 763 (xmldbc)]: family:1, type:2, protocol:0
[  260.861656] firmadyne: sys_socket[PID: 764 (xmldbc)]: family:1, type:2, protocol:0
[  260.920463] firmadyne: sys_socket[PID: 765 (xmldbc)]: family:1, type:2, protocol:0
[  260.980528] firmadyne: sys_socket[PID: 766 (xmldbc)]: family:1, type:2, protocol:0
[  261.039054] firmadyne: sys_socket[PID: 767 (xmldbc)]: family:1, type:2, protocol:0
[  261.097784] firmadyne: sys_socket[PID: 768 (xmldbc)]: family:1, type:2, protocol:0
[  261.156945] firmadyne: sys_socket[PID: 769 (xmldbc)]: family:1, type:2, protocol:0
[  261.216182] firmadyne: sys_socket[PID: 770 (xmldbc)]: family:1, type:2, protocol:0
[  261.358782] firmadyne: sys_socket[PID: 774 (xmldbc)]: family:1, type:2, protocol:0
[  261.417727] firmadyne: sys_socket[PID: 775 (xmldbc)]: family:1, type:2, protocol:0
[  261.477098] firmadyne: sys_socket[PID: 776 (xmldbc)]: family:1, type:2, protocol:0
[  261.536920] firmadyne: sys_socket[PID: 777 (xmldbc)]: family:1, type:2, protocol:0
[  261.596914] firmadyne: sys_socket[PID: 778 (xmldbc)]: family:1, type:2, protocol:0
[  261.655819] firmadyne: sys_socket[PID: 779 (xmldbc)]: family:1, type:2, protocol:0
[  261.714176] firmadyne: sys_socket[PID: 780 (xmldbc)]: family:1, type:2, protocol:0
[  261.774206] firmadyne: sys_socket[PID: 781 (xmldbc)]: family:1, type:2, protocol:0
[  261.832815] firmadyne: sys_socket[PID: 782 (xmldbc)]: family:1, type:2, protocol:0
[  261.891723] firmadyne: sys_socket[PID: 783 (xmldbc)]: family:1, type:2, protocol:0
[  261.951908] firmadyne: sys_socket[PID: 784 (xmldbc)]: family:1, type:2, protocol:0
[  262.009473] firmadyne: sys_socket[PID: 785 (xmldbc)]: family:1, type:2, protocol:0
[  262.068277] firmadyne: sys_socket[PID: 786 (xmldbc)]: family:1, type:2, protocol:0
[  262.127622] firmadyne: sys_socket[PID: 787 (xmldbc)]: family:1, type:2, protocol:0
[  262.187346] firmadyne: sys_socket[PID: 788 (xmldbc)]: family:1, type:2, protocol:0
[  262.246185] firmadyne: sys_socket[PID: 789 (xmldbc)]: family:1, type:2, protocol:0
[  262.305561] firmadyne: sys_socket[PID: 790 (xmldbc)]: family:1, type:2, protocol:0
[  262.368228] firmadyne: sys_socket[PID: 791 (xmldbc)]: family:1, type:2, protocol:0
[  262.425899] firmadyne: sys_socket[PID: 792 (xmldbc)]: family:1, type:2, protocol:0
[  262.564813] firmadyne: sys_socket[PID: 796 (xmldbc)]: family:1, type:2, protocol:0
[  262.623374] firmadyne: sys_socket[PID: 797 (xmldbc)]: family:1, type:2, protocol:0
[  262.681504] firmadyne: sys_socket[PID: 798 (xmldbc)]: family:1, type:2, protocol:0
[  262.741128] firmadyne: sys_socket[PID: 799 (xmldbc)]: family:1, type:2, protocol:0
[  262.799545] firmadyne: sys_socket[PID: 800 (xmldbc)]: family:1, type:2, protocol:0
[  262.859286] firmadyne: sys_socket[PID: 801 (xmldbc)]: family:1, type:2, protocol:0
[  262.918197] firmadyne: sys_socket[PID: 802 (xmldbc)]: family:1, type:2, protocol:0
[  262.978618] firmadyne: sys_socket[PID: 803 (xmldbc)]: family:1, type:2, protocol:0
[  263.036804] firmadyne: sys_socket[PID: 804 (xmldbc)]: family:1, type:2, protocol:0
[  263.095549] firmadyne: sys_socket[PID: 805 (xmldbc)]: family:1, type:2, protocol:0
[  263.158467] firmadyne: sys_socket[PID: 806 (xmldbc)]: family:1, type:2, protocol:0
[  263.217366] firmadyne: sys_socket[PID: 807 (xmldbc)]: family:1, type:2, protocol:0
[  263.276387] firmadyne: sys_socket[PID: 808 (xmldbc)]: family:1, type:2, protocol:0
[  263.339522] firmadyne: sys_socket[PID: 809 (xmldbc)]: family:1, type:2, protocol:0
[  263.399258] firmadyne: sys_socket[PID: 810 (xmldbc)]: family:1, type:2, protocol:0
[  263.458477] firmadyne: sys_socket[PID: 811 (xmldbc)]: family:1, type:2, protocol:0
[  263.517249] firmadyne: sys_socket[PID: 812 (xmldbc)]: family:1, type:2, protocol:0
[  263.576913] firmadyne: sys_socket[PID: 813 (xmldbc)]: family:1, type:2, protocol:0
[  263.636444] firmadyne: sys_socket[PID: 814 (xmldbc)]: family:1, type:2, protocol:0
[  263.775527] firmadyne: sys_socket[PID: 818 (xmldbc)]: family:1, type:2, protocol:0
[  263.833562] firmadyne: sys_socket[PID: 819 (xmldbc)]: family:1, type:2, protocol:0
[  263.891975] firmadyne: sys_socket[PID: 820 (xmldbc)]: family:1, type:2, protocol:0
[  263.951869] firmadyne: sys_socket[PID: 821 (xmldbc)]: family:1, type:2, protocol:0
[  264.010732] firmadyne: sys_socket[PID: 822 (xmldbc)]: family:1, type:2, protocol:0
[  264.069843] firmadyne: sys_socket[PID: 823 (xmldbc)]: family:1, type:2, protocol:0
[  264.129095] firmadyne: sys_socket[PID: 824 (xmldbc)]: family:1, type:2, protocol:0
[  264.190481] firmadyne: sys_socket[PID: 825 (xmldbc)]: family:1, type:2, protocol:0
[  264.249124] firmadyne: sys_socket[PID: 826 (xmldbc)]: family:1, type:2, protocol:0
[  264.308401] firmadyne: sys_socket[PID: 827 (xmldbc)]: family:1, type:2, protocol:0
[  264.369965] firmadyne: sys_socket[PID: 828 (xmldbc)]: family:1, type:2, protocol:0
[  264.428295] firmadyne: sys_socket[PID: 829 (xmldbc)]: family:1, type:2, protocol:0
[  264.486909] firmadyne: sys_socket[PID: 830 (xmldbc)]: family:1, type:2, protocol:0
[  264.546733] firmadyne: sys_socket[PID: 831 (xmldbc)]: family:1, type:2, protocol:0
[  264.604699] firmadyne: sys_socket[PID: 832 (xmldbc)]: family:1, type:2, protocol:0
[  264.663295] firmadyne: sys_socket[PID: 833 (xmldbc)]: family:1, type:2, protocol:0
[  264.721723] firmadyne: sys_socket[PID: 834 (xmldbc)]: family:1, type:2, protocol:0
[  264.781976] firmadyne: sys_socket[PID: 835 (xmldbc)]: family:1, type:2, protocol:0
[  264.840498] firmadyne: sys_socket[PID: 836 (xmldbc)]: family:1, type:2, protocol:0
[  264.978776] firmadyne: sys_socket[PID: 840 (xmldbc)]: family:1, type:2, protocol:0
[  265.036763] firmadyne: sys_socket[PID: 841 (xmldbc)]: family:1, type:2, protocol:0
[  265.095883] firmadyne: sys_socket[PID: 842 (xmldbc)]: family:1, type:2, protocol:0
[  265.155884] firmadyne: sys_socket[PID: 843 (xmldbc)]: family:1, type:2, protocol:0
[  265.215033] firmadyne: sys_socket[PID: 844 (xmldbc)]: family:1, type:2, protocol:0
[  265.273372] firmadyne: sys_socket[PID: 845 (xmldbc)]: family:1, type:2, protocol:0
[  265.333325] firmadyne: sys_socket[PID: 846 (xmldbc)]: family:1, type:2, protocol:0
[  265.394527] firmadyne: sys_socket[PID: 847 (xmldbc)]: family:1, type:2, protocol:0
[  265.453113] firmadyne: sys_socket[PID: 848 (xmldbc)]: family:1, type:2, protocol:0
[  265.511782] firmadyne: sys_socket[PID: 849 (xmldbc)]: family:1, type:2, protocol:0
[  265.571035] firmadyne: sys_socket[PID: 850 (xmldbc)]: family:1, type:2, protocol:0
[  265.630219] firmadyne: sys_socket[PID: 851 (xmldbc)]: family:1, type:2, protocol:0
[  265.688533] firmadyne: sys_socket[PID: 852 (xmldbc)]: family:1, type:2, protocol:0
[  265.748111] firmadyne: sys_socket[PID: 853 (xmldbc)]: family:1, type:2, protocol:0
[  265.806549] firmadyne: sys_socket[PID: 854 (xmldbc)]: family:1, type:2, protocol:0
[  265.865483] firmadyne: sys_socket[PID: 855 (xmldbc)]: family:1, type:2, protocol:0
[  265.923791] firmadyne: sys_socket[PID: 856 (xmldbc)]: family:1, type:2, protocol:0
[  265.983754] firmadyne: sys_socket[PID: 857 (xmldbc)]: family:1, type:2, protocol:0
[  266.041875] firmadyne: sys_socket[PID: 858 (xmldbc)]: family:1, type:2, protocol:0
[  266.181138] firmadyne: sys_socket[PID: 862 (xmldbc)]: family:1, type:2, protocol:0
[  266.240233] firmadyne: sys_socket[PID: 863 (xmldbc)]: family:1, type:2, protocol:0
[  266.298913] firmadyne: sys_socket[PID: 864 (xmldbc)]: family:1, type:2, protocol:0
[  266.367225] firmadyne: sys_socket[PID: 865 (xmldbc)]: family:1, type:2, protocol:0
[  266.425994] firmadyne: sys_socket[PID: 866 (xmldbc)]: family:1, type:2, protocol:0
[  266.485027] firmadyne: sys_socket[PID: 867 (xmldbc)]: family:1, type:2, protocol:0
[  266.545728] firmadyne: sys_socket[PID: 868 (xmldbc)]: family:1, type:2, protocol:0
[  266.605329] firmadyne: sys_socket[PID: 869 (xmldbc)]: family:1, type:2, protocol:0
[  266.664661] firmadyne: sys_socket[PID: 870 (xmldbc)]: family:1, type:2, protocol:0
[  266.723662] firmadyne: sys_socket[PID: 871 (xmldbc)]: family:1, type:2, protocol:0
[  266.784126] firmadyne: sys_socket[PID: 872 (xmldbc)]: family:1, type:2, protocol:0
[  266.843313] firmadyne: sys_socket[PID: 873 (xmldbc)]: family:1, type:2, protocol:0
[  266.902026] firmadyne: sys_socket[PID: 874 (xmldbc)]: family:1, type:2, protocol:0
[  266.962759] firmadyne: sys_socket[PID: 875 (xmldbc)]: family:1, type:2, protocol:0
[  267.021340] firmadyne: sys_socket[PID: 876 (xmldbc)]: family:1, type:2, protocol:0
[  267.080480] firmadyne: sys_socket[PID: 877 (xmldbc)]: family:1, type:2, protocol:0
[  267.141539] firmadyne: sys_socket[PID: 878 (xmldbc)]: family:1, type:2, protocol:0
[  267.201154] firmadyne: sys_socket[PID: 879 (xmldbc)]: family:1, type:2, protocol:0
[  267.260340] firmadyne: sys_socket[PID: 880 (xmldbc)]: family:1, type:2, protocol:0
[  267.402565] firmadyne: sys_socket[PID: 884 (xmldbc)]: family:1, type:2, protocol:0
[  267.460864] firmadyne: sys_socket[PID: 885 (xmldbc)]: family:1, type:2, protocol:0
[  267.519420] firmadyne: sys_socket[PID: 886 (xmldbc)]: family:1, type:2, protocol:0
[  267.579038] firmadyne: sys_socket[PID: 887 (xmldbc)]: family:1, type:2, protocol:0
[  267.638762] firmadyne: sys_socket[PID: 888 (xmldbc)]: family:1, type:2, protocol:0
[  267.696917] firmadyne: sys_socket[PID: 889 (xmldbc)]: family:1, type:2, protocol:0
[  267.756791] firmadyne: sys_socket[PID: 890 (xmldbc)]: family:1, type:2, protocol:0
[  267.816156] firmadyne: sys_socket[PID: 891 (xmldbc)]: family:1, type:2, protocol:0
[  267.875825] firmadyne: sys_socket[PID: 892 (xmldbc)]: family:1, type:2, protocol:0
[  267.936153] firmadyne: sys_socket[PID: 893 (xmldbc)]: family:1, type:2, protocol:0
[  267.995174] firmadyne: sys_socket[PID: 894 (xmldbc)]: family:1, type:2, protocol:0
[  268.054897] firmadyne: sys_socket[PID: 895 (xmldbc)]: family:1, type:2, protocol:0
[  268.115210] firmadyne: sys_socket[PID: 896 (xmldbc)]: family:1, type:2, protocol:0
[  268.177075] firmadyne: sys_socket[PID: 897 (xmldbc)]: family:1, type:2, protocol:0
[  268.236411] firmadyne: sys_socket[PID: 898 (xmldbc)]: family:1, type:2, protocol:0
[  268.295330] firmadyne: sys_socket[PID: 899 (xmldbc)]: family:1, type:2, protocol:0
[  268.360179] firmadyne: sys_socket[PID: 900 (xmldbc)]: family:1, type:2, protocol:0
[  268.421448] firmadyne: sys_socket[PID: 901 (xmldbc)]: family:1, type:2, protocol:0
[  268.479355] firmadyne: sys_socket[PID: 902 (xmldbc)]: family:1, type:2, protocol:0
[  268.617546] firmadyne: sys_socket[PID: 906 (xmldbc)]: family:1, type:2, protocol:0
[  268.671034] firmadyne: sys_socket[PID: 907 (xmldbc)]: family:1, type:2, protocol:0
[  268.724607] firmadyne: sys_socket[PID: 908 (xmldbc)]: family:1, type:2, protocol:0
[  268.784769] firmadyne: sys_socket[PID: 909 (xmldbc)]: family:1, type:2, protocol:0
[  268.843593] firmadyne: sys_socket[PID: 910 (xmldbc)]: family:1, type:2, protocol:0
[  268.897366] firmadyne: sys_socket[PID: 911 (xmldbc)]: family:1, type:2, protocol:0
[  268.956794] firmadyne: sys_socket[PID: 912 (xmldbc)]: family:1, type:2, protocol:0
[  269.015136] firmadyne: sys_socket[PID: 913 (xmldbc)]: family:1, type:2, protocol:0
[  269.073560] firmadyne: sys_socket[PID: 914 (xmldbc)]: family:1, type:2, protocol:0
[  269.133509] firmadyne: sys_socket[PID: 915 (xmldbc)]: family:1, type:2, protocol:0
[  269.192628] firmadyne: sys_socket[PID: 916 (xmldbc)]: family:1, type:2, protocol:0
[  269.251709] firmadyne: sys_socket[PID: 917 (xmldbc)]: family:1, type:2, protocol:0
[  269.310952] firmadyne: sys_socket[PID: 918 (xmldbc)]: family:1, type:2, protocol:0
[  269.371630] firmadyne: sys_socket[PID: 919 (xmldbc)]: family:1, type:2, protocol:0
[  269.432195] firmadyne: sys_socket[PID: 920 (xmldbc)]: family:1, type:2, protocol:0
[  269.491201] firmadyne: sys_socket[PID: 921 (xmldbc)]: family:1, type:2, protocol:0
[  269.551244] firmadyne: sys_socket[PID: 922 (xmldbc)]: family:1, type:2, protocol:0
[  269.611728] firmadyne: sys_socket[PID: 923 (xmldbc)]: family:1, type:2, protocol:0
[  269.670513] firmadyne: sys_socket[PID: 924 (xmldbc)]: family:1, type:2, protocol:0
[  269.856523] firmadyne: sys_socket[PID: 929 (xmldbc)]: family:1, type:2, protocol:0
[  269.915378] firmadyne: sys_socket[PID: 930 (xmldbc)]: family:1, type:2, protocol:0
[  269.975656] firmadyne: sys_socket[PID: 931 (xmldbc)]: family:1, type:2, protocol:0
[  270.034006] firmadyne: sys_socket[PID: 932 (xmldbc)]: family:1, type:2, protocol:0
[  270.092689] firmadyne: sys_socket[PID: 933 (xmldbc)]: family:1, type:2, protocol:0
[  270.153102] firmadyne: sys_socket[PID: 934 (xmldbc)]: family:1, type:2, protocol:0
[  270.290561] firmadyne: sys_socket[PID: 938 (xmldbc)]: family:1, type:2, protocol:0
[  270.345952] firmadyne: sys_socket[PID: 939 (xmldbc)]: family:1, type:2, protocol:0
[  270.408026] firmadyne: sys_socket[PID: 940 (xmldbc)]: family:1, type:2, protocol:0
[  270.467937] firmadyne: sys_socket[PID: 941 (xmldbc)]: family:1, type:2, protocol:0
[  270.527245] firmadyne: sys_socket[PID: 942 (xmldbc)]: family:1, type:2, protocol:0
[  270.587557] firmadyne: sys_socket[PID: 943 (xmldbc)]: family:1, type:2, protocol:0
[  270.764326] firmadyne: sys_socket[PID: 948 (xmldbc)]: family:1, type:2, protocol:0
[  270.902106] firmadyne: sys_socket[PID: 952 (xmldbc)]: family:1, type:2, protocol:0
[  271.041295] firmadyne: sys_socket[PID: 956 (xmldbc)]: family:1, type:2, protocol:0
[  271.180513] firmadyne: sys_socket[PID: 960 (xmldbc)]: family:1, type:2, protocol:0
[  271.316804] firmadyne: sys_socket[PID: 964 (xmldbc)]: family:1, type:2, protocol:0
[  271.460180] firmadyne: sys_socket[PID: 968 (xmldbc)]: family:1, type:2, protocol:0
[  271.600136] firmadyne: sys_socket[PID: 972 (xmldbc)]: family:1, type:2, protocol:0
[  271.739107] firmadyne: sys_socket[PID: 976 (xmldbc)]: family:1, type:2, protocol:0
[  271.870972] firmadyne: sys_socket[PID: 980 (xmldbc)]: family:1, type:2, protocol:0
[  272.003024] firmadyne: sys_socket[PID: 984 (xmldbc)]: family:1, type:2, protocol:0
[  272.144917] firmadyne: sys_socket[PID: 988 (xmldbc)]: family:1, type:2, protocol:0
[  272.283509] firmadyne: sys_socket[PID: 992 (xmldbc)]: family:1, type:2, protocol:0
[  272.425328] firmadyne: sys_socket[PID: 996 (xmldbc)]: family:1, type:2, protocol:0
[  272.565879] firmadyne: sys_socket[PID: 1000 (xmldbc)]: family:1, type:2, protocol:0
[  272.704336] firmadyne: sys_socket[PID: 1004 (xmldbc)]: family:1, type:2, protocol:0
[  272.843142] firmadyne: sys_socket[PID: 1008 (xmldbc)]: family:1, type:2, protocol:0
[  272.980590] firmadyne: sys_socket[PID: 1012 (xmldbc)]: family:1, type:2, protocol:0
[  273.116996] firmadyne: sys_socket[PID: 1016 (xmldbc)]: family:1, type:2, protocol:0
[  273.255791] firmadyne: sys_socket[PID: 1020 (xmldbc)]: family:1, type:2, protocol:0
[  273.395471] firmadyne: sys_socket[PID: 1024 (xmldbc)]: family:1, type:2, protocol:0
[  273.536430] firmadyne: sys_socket[PID: 1028 (xmldbc)]: family:1, type:2, protocol:0
[  273.675719] firmadyne: sys_socket[PID: 1032 (xmldbc)]: family:1, type:2, protocol:0
[  273.814587] firmadyne: sys_socket[PID: 1036 (xmldbc)]: family:1, type:2, protocol:0
[  273.952805] firmadyne: sys_socket[PID: 1040 (xmldbc)]: family:1, type:2, protocol:0
[  274.091287] firmadyne: sys_socket[PID: 1044 (xmldbc)]: family:1, type:2, protocol:0
[  274.230111] firmadyne: sys_socket[PID: 1048 (xmldbc)]: family:1, type:2, protocol:0
[  274.368272] firmadyne: sys_socket[PID: 1052 (xmldbc)]: family:1, type:2, protocol:0
[  274.507712] firmadyne: sys_socket[PID: 1056 (xmldbc)]: family:1, type:2, protocol:0
[  274.645642] firmadyne: sys_socket[PID: 1060 (xmldbc)]: family:1, type:2, protocol:0
[  274.783567] firmadyne: sys_socket[PID: 1064 (xmldbc)]: family:1, type:2, protocol:0
[  274.919887] firmadyne: sys_socket[PID: 1068 (xmldbc)]: family:1, type:2, protocol:0
[  275.059518] firmadyne: sys_socket[PID: 1072 (xmldbc)]: family:1, type:2, protocol:0
[  275.199691] firmadyne: sys_socket[PID: 1076 (xmldbc)]: family:1, type:2, protocol:0
[  275.257648] firmadyne: sys_socket[PID: 1077 (xmldbc)]: family:1, type:2, protocol:0
[  275.316060] firmadyne: sys_socket[PID: 1078 (xmldbc)]: family:1, type:2, protocol:0
[  275.375292] firmadyne: sys_socket[PID: 1079 (xmldbc)]: family:1, type:2, protocol:0
[  275.433166] firmadyne: sys_socket[PID: 1080 (xmldbc)]: family:1, type:2, protocol:0
[  275.499845] firmadyne: sys_socket[PID: 1081 (xmldbc)]: family:1, type:2, protocol:0
[  275.560178] firmadyne: sys_socket[PID: 1082 (xmldbc)]: family:1, type:2, protocol:0
[  275.620496] firmadyne: sys_socket[PID: 1083 (xmldbc)]: family:1, type:2, protocol:0
[  275.679390] firmadyne: sys_socket[PID: 1084 (xmldbc)]: family:1, type:2, protocol:0
PHP [/etc/defnodes/S11setnodes.php] ...
[  275.798772] firmadyne: sys_socket[PID: 1087 (rgdb)]: family:1, type:2, protocol:0
PHP [/etc/defnodes/S12features.php] ...
[  276.667200] firmadyne: sys_socket[PID: 1100 (rgdb)]: family:1, type:2, protocol:0
PHP [/etc/defnodes/S13flashspeed.php] ...
[  276.794028] firmadyne: sys_socket[PID: 1103 (rgdb)]: family:1, type:2, protocol:0
PHP [/etc/defnodes/S20setnodes.php] ...
[  277.051154] firmadyne: sys_socket[PID: 1108 (rgdb)]: family:1, type:2, protocol:0
[  277.518872] UDF-fs: warning (device mtdblock4): udf_fill_super: No partition found (2)
mount: mounting /dev/mtdblock/4 on /www/locale/alt failed: Invalid argument
PHP [/etc/defnodes/S40brand.php] ...
[  277.633397] firmadyne: sys_socket[PID: 1120 (rgdb)]: family:1, type:2, protocol:0
[/etc/scripts/misc/defnodes.sh] Done !!
[/etc/scripts/misc/profile.sh] put ...
[  278.312776] firmadyne: sys_socket[PID: 1128 (rgdb)]: family:1, type:2, protocol:0
ok
[  279.333591] firmadyne: sys_socket[PID: 1134 (rgdb)]: family:1, type:2, protocol:0
[  279.410662] firmadyne: sys_socket[PID: 1136 (rgdb)]: family:1, type:2, protocol:0
[/etc/templates/timezone.sh] ...
[  279.588908] firmadyne: sys_socket[PID: 1141 (rgdb)]: family:1, type:2, protocol:0
[  279.781838] firmadyne: sys_socket[PID: 1146 (rgdb)]: family:1, type:2, protocol:0
[  283.857406] firmadyne: sys_socket[PID: 1150 (rgdb)]: family:1, type:2, protocol:0
[  283.943199] firmadyne: sys_socket[PID: 1152 (rgdb)]: family:1, type:2, protocol:0
[  284.027362] firmadyne: sys_socket[PID: 1154 (rgdb)]: family:1, type:2, protocol:0
[  284.115563] firmadyne: sys_socket[PID: 1156 (rgdb)]: family:1, type:2, protocol:0
[  284.202081] firmadyne: sys_socket[PID: 1158 (rgdb)]: family:1, type:2, protocol:0
[  284.285963] firmadyne: sys_socket[PID: 1160 (rgdb)]: family:1, type:2, protocol:0
[  284.371401] firmadyne: sys_socket[PID: 1162 (rgdb)]: family:1, type:2, protocol:0
[  284.455762] firmadyne: sys_socket[PID: 1164 (rgdb)]: family:1, type:2, protocol:0
[  284.541829] firmadyne: sys_socket[PID: 1166 (rgdb)]: family:1, type:2, protocol:0
[  284.630231] firmadyne: sys_socket[PID: 1168 (rgdb)]: family:1, type:2, protocol:0
[  284.715246] firmadyne: sys_socket[PID: 1170 (rgdb)]: family:1, type:2, protocol:0
[/etc/templates/logs.sh] ...
[  285.709370] firmadyne: sys_socket[PID: 1198 (rgdb)]: family:1, type:2, protocol:0
[  285.811117] firmadyne: sys_socket[PID: 1200 (rgdb)]: family:1, type:2, protocol:0
[/var/run/logs_run.sh] ...
[  286.426225] firmadyne: sys_socket[PID: 1205 (syslogd)]: family:1, type:1, protocol:0
[  286.589065] firmadyne: sys_socket[PID: 1210 (rgdb)]: family:1, type:2, protocol:0
[  286.800498] firmadyne: sys_socket[PID: 1214 (ifconfig)]: family:2, type:1, protocol:0
[  286.854867] 8021q: adding VLAN 0 to HW filter on device eth0
[  286.863116] e1000: eth0 NIC Link is Up 1000 Mbps Full Duplex, Flow Control: RX
[  289.959757] firmadyne: sys_socket[PID: 1216 (rgdb)]: family:1, type:2, protocol:0
[  290.299092] firmadyne: sys_socket[PID: 1228 (rgdb)]: family:1, type:2, protocol:0
[  290.495174] firmadyne: sys_socket[PID: 1234 (rgdb)]: family:1, type:2, protocol:0
[  290.520584] firmadyne: sys_socket[PID: 1235 (ifconfig)]: family:2, type:1, protocol:0
[  290.523153] firmadyne: __inet_insert_ifa[PID: 1235 (ifconfig)]: device:lo ifa:0x7f000001
[  290.582209] firmadyne: sys_socket[PID: 1236 (brctl)]: family:2, type:2, protocol:0
[  290.692245] firmadyne: sys_socket[PID: 1239 (brctl)]: family:2, type:2, protocol:0
[  290.696408] firmadyne: sys_socket[PID: 1239 (brctl)]: family:10, type:1, protocol:0
[  290.753617] firmadyne: sys_socket[PID: 1240 (brctl)]: family:2, type:2, protocol:0
[  290.757176] firmadyne: sys_socket[PID: 1240 (brctl)]: family:10, type:1, protocol:0
[/etc/init.d/S03config.sh] done!
[/etc/init.d/S10system.sh]
start Layout ...
[/etc/scripts/layout.sh] start ...
[  291.142037] firmadyne: sys_socket[PID: 1250 (rgdb)]: family:1, type:2, protocol:0
[  291.281179] firmadyne: sys_socket[PID: 1251 (rgdb)]: family:1, type:2, protocol:0
[/var/run/layout_start.sh] ...
Start bridge layout ...
[  291.442816] firmadyne: sys_socket[PID: 1255 (ifconfig)]: family:2, type:1, protocol:0
[  291.487832] firmadyne: sys_socket[PID: 1256 (brctl)]: family:2, type:2, protocol:0
[  291.491629] firmadyne: sys_socket[PID: 1256 (brctl)]: family:10, type:1, protocol:0
[  291.494529] firmadyne: sys_socket[PID: 1256 (brctl)]: family:10, type:1, protocol:0
[  291.497186] firmadyne: br_add_if[PID: 1256 (brctl)]: br:br0 dev:eth0
[  291.503967] device eth0 entered promiscuous mode
[  291.602543] firmadyne: sys_socket[PID: 1259 (xmldbc)]: family:1, type:2, protocol:0
[  291.698744] firmadyne: sys_socket[PID: 1262 (ifconfig)]: family:2, type:1, protocol:0
[  291.700603] br0: port 1(eth0) entered forwarding state
[  291.701538] br0: port 1(eth0) entered forwarding state
[  291.756570] firmadyne: sys_socket[PID: 1263 (rgdb)]: family:1, type:2, protocol:0
start LAN ...
[/etc/templates/lan.sh] ...
[  291.925537] firmadyne: sys_socket[PID: 1268 (rgdb)]: family:1, type:2, protocol:0
[  292.083330] firmadyne: sys_socket[PID: 1271 (rgdb)]: family:1, type:2, protocol:0
[  292.204109] firmadyne: sys_socket[PID: 1272 (rgdb)]: family:1, type:2, protocol:0
[/var/run/lan_start.sh] ...
Bridge mode selected, LAN is disabled !
start web server ...
[/etc/templates/webs.sh] start ...
[  292.514657] firmadyne: sys_socket[PID: 1280 (rgdb)]: family:1, type:2, protocol:0
[  292.605440] firmadyne: sys_socket[PID: 1282 (rgdb)]: family:1, type:2, protocol:0
[  292.761428] firmadyne: sys_socket[PID: 1285 (rgdb)]: family:1, type:2, protocol:0
[  292.925386] firmadyne: sys_socket[PID: 1286 (rgdb)]: family:1, type:2, protocol:0
[/var/run/webs_start.sh] ...
Starting HTTPD ...
start eth0 vlan setup ...
/etc/scripts/eth_vlan.sh: not found
[  293.345791] firmadyne: sys_socket[PID: 1296 (rgdb)]: family:1, type:2, protocol:0
[  293.368344] firmadyne: sys_socket[PID: 1297 (rgdb)]: family:1, type:2, protocol:0
[  293.592566] firmadyne: sys_socket[PID: 1298 (rgdb)]: family:1, type:2, protocol:0
#!/bin/sh
echo [$0] ... > /dev/console

# limitedadmin.php <<<

limitedadmin.sh...
[  293.914225] firmadyne: sys_socket[PID: 1302 (brctl)]: family:2, type:2, protocol:0
[  293.924741] firmadyne: sys_socket[PID: 1302 (brctl)]: family:10, type:1, protocol:0
[  294.020677] firmadyne: sys_socket[PID: 1303 (brctl)]: family:2, type:2, protocol:0
[  294.027847] firmadyne: sys_socket[PID: 1303 (brctl)]: family:10, type:1, protocol:0
[  294.134991] firmadyne: sys_socket[PID: 1304 (brctl)]: family:2, type:2, protocol:0
[  294.138270] firmadyne: sys_socket[PID: 1304 (brctl)]: family:10, type:1, protocol:0
[  294.248699] firmadyne: sys_socket[PID: 1305 (brctl)]: family:2, type:2, protocol:0
[  294.256216] firmadyne: sys_socket[PID: 1305 (brctl)]: family:10, type:1, protocol:0
[  294.364308] firmadyne: sys_socket[PID: 1306 (brctl)]: family:2, type:2, protocol:0
[  294.371892] firmadyne: sys_socket[PID: 1306 (brctl)]: family:10, type:1, protocol:0
[  294.477941] firmadyne: sys_socket[PID: 1307 (brctl)]: family:2, type:2, protocol:0
[  294.485164] firmadyne: sys_socket[PID: 1307 (brctl)]: family:10, type:1, protocol:0
start fresetd ...
enable LAN ports ...
[  294.762661] firmadyne: sys_socket[PID: 1309 (servd)]: family:1, type:2, protocol:0
Factory reset time : 5 secs
System reset time  : 1 secs
WPS command : [/etc/templates/wps.sh pbc &]
[  294.906512] firmadyne: sys_socket[PID: 1300 (httpd)]: family:10, type:2, protocol:6
[/etc/scripts/enlan.sh] ...
[  294.919064] firmadyne: sys_setsockopt[PID: 1300 (httpd)]: fd:4, level:65535, optname:4
/dev/gpio: No such device or address
[  294.947919] firmadyne: sys_socket[PID: 1312 (fresetd)]: family:1, type:1, protocol:0
 Generate channel table according to the country code...
[  295.111465] firmadyne: sys_socket[PID: 1323 (httpd)]: family:1, type:1, protocol:0
[  295.134002] firmadyne: sys_socket[PID: 1325 (genchanneltable)]: family:1, type:2, protocol:0
[  295.148864] firmadyne: sys_socket[PID: 1325 (genchanneltable)]: family:1, type:2, protocol:0
[  295.161488] firmadyne: sys_socket[PID: 1325 (genchanneltable)]: family:1, type:2, protocol:0
[  295.206883] firmadyne: sys_socket[PID: 1326 (getsys)]: family:1, type:2, protocol:0
UNKNOW country code!! Use USA for default!!
[  295.300223] firmadyne: sys_socket[PID: 1325 (genchanneltable)]: family:1, type:2, protocol:0
[  295.307168] firmadyne: sys_socket[PID: 1326 (getsys)]: family:1, type:2, protocol:0
[  295.312238] firmadyne: sys_socket[PID: 1325 (genchanneltable)]: family:1, type:2, protocol:0
[  295.319000] firmadyne: sys_socket[PID: 1326 (getsys)]: family:1, type:2, protocol:0
[  295.323267] firmadyne: sys_socket[PID: 1325 (genchanneltable)]: family:1, type:2, protocol:0
[  295.329807] firmadyne: sys_socket[PID: 1326 (getsys)]: family:1, type:2, protocol:0
[  295.335887] firmadyne: sys_socket[PID: 1325 (genchanneltable)]: family:1, type:2, protocol:0
[  295.342384] firmadyne: sys_socket[PID: 1326 (getsys)]: family:1, type:2, protocol:0
[  295.346776] firmadyne: sys_socket[PID: 1325 (genchanneltable)]: family:1, type:2, protocol:0
[  295.353195] firmadyne: sys_socket[PID: 1326 (getsys)]: family:1, type:2, protocol:0
[  295.357820] firmadyne: sys_socket[PID: 1325 (genchanneltable)]: family:1, type:2, protocol:0
[  295.364549] firmadyne: sys_socket[PID: 1326 (getsys)]: family:1, type:2, protocol:0
[  295.369246] firmadyne: sys_socket[PID: 1325 (genchanneltable)]: family:1, type:2, protocol:0
[  295.375817] firmadyne: sys_socket[PID: 1326 (getsys)]: family:1, type:2, protocol:0
[  295.380705] firmadyne: sys_socket[PID: 1325 (genchanneltable)]: family:1, type:2, protocol:0
[  295.387934] firmadyne: sys_socket[PID: 1326 (getsys)]: family:1, type:2, protocol:0
[  295.393159] firmadyne: sys_socket[PID: 1325 (genchanneltable)]: family:1, type:2, protocol:0
[  295.400226] firmadyne: sys_socket[PID: 1326 (getsys)]: family:1, type:2, protocol:0
[  295.405409] firmadyne: sys_socket[PID: 1325 (genchanneltable)]: family:1, type:2, protocol:0
[  295.412267] firmadyne: sys_socket[PID: 1326 (getsys)]: family:1, type:2, protocol:0
[  295.417208] firmadyne: sys_socket[PID: 1325 (genchanneltable)]: family:1, type:2, protocol:0
[  295.423924] firmadyne: sys_socket[PID: 1326 (getsys)]: family:1, type:2, protocol:0
[  295.429003] firmadyne: sys_socket[PID: 1325 (genchanneltable)]: family:1, type:2, protocol:0
[  295.435626] firmadyne: sys_socket[PID: 1326 (getsys)]: family:1, type:2, protocol:0
[  295.440705] firmadyne: sys_socket[PID: 1325 (genchanneltable)]: family:1, type:2, protocol:0
[  295.447323] firmadyne: sys_socket[PID: 1326 (getsys)]: family:1, type:2, protocol:0
[  295.452477] firmadyne: sys_socket[PID: 1325 (genchanneltable)]: family:1, type:2, protocol:0
[  295.459041] firmadyne: sys_socket[PID: 1326 (getsys)]: family:1, type:2, protocol:0
[  295.464107] firmadyne: sys_socket[PID: 1325 (genchanneltable)]: family:1, type:2, protocol:0
[  295.470901] firmadyne: sys_socket[PID: 1326 (getsys)]: family:1, type:2, protocol:0
[  295.476053] firmadyne: sys_socket[PID: 1325 (genchanneltable)]: family:1, type:2, protocol:0
[  295.482814] firmadyne: sys_socket[PID: 1326 (getsys)]: family:1, type:2, protocol:0
[  295.487132] firmadyne: sys_socket[PID: 1325 (genchanneltable)]: family:1, type:2, protocol:0
[  295.497188] firmadyne: sys_socket[PID: 1326 (getsys)]: family:1, type:2, protocol:0
[  295.500432] firmadyne: sys_socket[PID: 1325 (genchanneltable)]: family:1, type:2, protocol:0
[  295.506711] firmadyne: sys_socket[PID: 1325 (genchanneltable)]: family:1, type:2, protocol:0
[  295.515393] firmadyne: sys_socket[PID: 1325 (genchanneltable)]: family:1, type:2, protocol:0
[  295.532693] firmadyne: sys_socket[PID: 1325 (genchanneltable)]: family:1, type:2, protocol:0
[  295.539426] firmadyne: sys_socket[PID: 1325 (genchanneltable)]: family:1, type:2, protocol:0
[  295.551982] firmadyne: sys_socket[PID: 1325 (genchanneltable)]: family:1, type:2, protocol:0
[  295.558175] firmadyne: sys_socket[PID: 1325 (genchanneltable)]: family:1, type:2, protocol:0
[  295.568069] firmadyne: sys_socket[PID: 1325 (genchanneltable)]: family:1, type:2, protocol:0
[  295.574200] firmadyne: sys_socket[PID: 1325 (genchanneltable)]: family:1, type:2, protocol:0
[  295.584108] firmadyne: sys_socket[PID: 1325 (genchanneltable)]: family:1, type:2, protocol:0
[  295.596390] firmadyne: sys_socket[PID: 1325 (genchanneltable)]: family:1, type:2, protocol:0
[  295.602887] firmadyne: sys_socket[PID: 1325 (genchanneltable)]: family:1, type:2, protocol:0
/dev/gpio: No such device or address
 Generate VLAN table according to the port...
[  295.691756] firmadyne: sys_socket[PID: 1334 (genVLANTableByP)]: family:1, type:2, protocol:0
[  295.699186] firmadyne: sys_socket[PID: 1334 (genVLANTableByP)]: family:1, type:2, protocol:0
[  295.705062] firmadyne: sys_socket[PID: 1334 (genVLANTableByP)]: family:1, type:2, protocol:0
[  295.711344] firmadyne: sys_socket[PID: 1334 (genVLANTableByP)]: family:1, type:2, protocol:0
[  295.716654] firmadyne: sys_socket[PID: 1334 (genVLANTableByP)]: family:1, type:2, protocol:0
[  295.721877] firmadyne: sys_socket[PID: 1334 (genVLANTableByP)]: family:1, type:2, protocol:0
[  295.729186] firmadyne: sys_socket[PID: 1334 (genVLANTableByP)]: family:1, type:2, protocol:0
[  295.736957] firmadyne: sys_socket[PID: 1334 (genVLANTableByP)]: family:1, type:2, protocol:0
[  295.743771] firmadyne: sys_socket[PID: 1334 (genVLANTableByP)]: family:1, type:2, protocol:0
[  295.750116] firmadyne: sys_socket[PID: 1334 (genVLANTableByP)]: family:1, type:2, protocol:0
[  295.756735] firmadyne: sys_socket[PID: 1334 (genVLANTableByP)]: family:1, type:2, protocol:0
[  295.762857] firmadyne: sys_socket[PID: 1334 (genVLANTableByP)]: family:1, type:2, protocol:0
[  295.768443] firmadyne: sys_socket[PID: 1334 (genVLANTableByP)]: family:1, type:2, protocol:0
[  295.773881] firmadyne: sys_socket[PID: 1334 (genVLANTableByP)]: family:1, type:2, protocol:0
[  295.780709] firmadyne: sys_socket[PID: 1334 (genVLANTableByP)]: family:1, type:2, protocol:0
[  295.786598] firmadyne: sys_socket[PID: 1334 (genVLANTableByP)]: family:1, type:2, protocol:0
[  295.791859] firmadyne: sys_socket[PID: 1334 (genVLANTableByP)]: family:1, type:2, protocol:0
[  295.797405] firmadyne: sys_socket[PID: 1334 (genVLANTableByP)]: family:1, type:2, protocol:0
[  295.803829] firmadyne: sys_socket[PID: 1334 (genVLANTableByP)]: family:1, type:2, protocol:0
[  295.809378] firmadyne: sys_socket[PID: 1334 (genVLANTableByP)]: family:1, type:2, protocol:0
[  295.816184] firmadyne: sys_socket[PID: 1334 (genVLANTableByP)]: family:1, type:2, protocol:0
