[    0.000000] Linux version 4.1.17+ (alessio@pc) (gcc version 5.5.0 20171010 (Ubuntu 5.5.0-12ubuntu1) ) #1 Mon May 15 23:04:08 CEST 2023
[    0.000000] earlycon: Early serial console at I/O port 0x3f8 (options '38400n8')
[    0.000000] bootconsole [uart0] enabled
[    0.000000] CPU0 revision is: 00019300 (MIPS 24Kc)
[    0.000000] FPU revision is: 00739300
[    0.000000] Software DMA cache coherency enabled
[    0.000000] Determined physical RAM map:
[    0.000000]  memory: 00001000 @ 00000000 (reserved)
[    0.000000]  memory: 000ef000 @ 00001000 (ROM data)
[    0.000000]  memory: 00798000 @ 000f0000 (reserved)
[    0.000000]  memory: 0f777000 @ 00888000 (usable)
[    0.000000] debug: ignoring loglevel setting.
[    0.000000] Wasting 69888 bytes for tracking 2184 unused pages
[    0.000000] Initrd not found or empty - disabling initrd
[    0.000000] Zone ranges:
[    0.000000]   DMA      [mem 0x0000000000000000-0x0000000000ffffff]
[    0.000000]   Normal   [mem 0x0000000001000000-0x000000000fffefff]
[    0.000000] Movable zone start for each node
[    0.000000] Early memory node ranges
[    0.000000]   node   0: [mem 0x0000000000000000-0x000000000fffefff]
[    0.000000] Initmem setup node 0 [mem 0x0000000000000000-0x000000000fffefff]
[    0.000000] On node 0 totalpages: 65535
[    0.000000] free_area_init_node: node 0, pgdat 8081d5b0, node_mem_map 81000000
[    0.000000]   DMA zone: 32 pages used for memmap
[    0.000000]   DMA zone: 0 pages reserved
[    0.000000]   DMA zone: 4096 pages, LIFO batch:0
[    0.000000]   Normal zone: 480 pages used for memmap
[    0.000000]   Normal zone: 61439 pages, LIFO batch:15
[    0.000000] Primary instruction cache 2kB, VIPT, 2-way, linesize 16 bytes.
[    0.000000] Primary data cache 2kB, 2-way, VIPT, no aliases, linesize 16 bytes
[    0.000000] pcpu-alloc: s0 r0 d32768 u32768 alloc=1*32768
[    0.000000] pcpu-alloc: [0] 0 
[    0.000000] Built 1 zonelists in Zone order, mobility grouping on.  Total pages: 65023
[    0.000000] Kernel command line: root=/dev/sda1 console=ttyS0 nandsim.parts=64,64,64,64,64,64,64,64,64,64 rdinit=/firmadyne/preInit.sh rw debug ignore_loglevel print-fatal-signals=1 FIRMAE_NET=true FIRMAE_NVRAM=true FIRMAE_KERNEL=true FIRMAE_ETC=true user_debug=0 firmadyne.syscall=1 noka
[    0.000000] found FIRMAE_KERNEL=t
[    0.000000] set the LD_PRELOAD=/firmadyne/libnvram_ioctl.so
[    0.000000] PID hash table entries: 1024 (order: 0, 4096 bytes)
[    0.000000] Dentry cache hash table entries: 32768 (order: 5, 131072 bytes)
[    0.000000] Inode-cache hash table entries: 16384 (order: 4, 65536 bytes)
[    0.000000] Writing ErrCtl register=00000000
[    0.000000] Readback ErrCtl register=00000000
[    0.000000] Memory: 251112K/262140K available (5360K kernel code, 244K rwdata, 1676K rodata, 260K init, 158K bss, 11028K reserved, 0K cma-reserved)
[    0.000000] NR_IRQS:256
[    0.000000] CPU frequency 200.01 MHz
[    0.000000] clocksource MIPS: mask: 0xffffffff max_cycles: 0xffffffff, max_idle_ns: 19112108699 ns
[    0.000211] sched_clock: 32 bits at 100MHz, resolution 9ns, wraps every 21474279419ns
[    0.015926] Console: colour dummy device 80x25
[    0.017063] Calibrating delay loop... 23.16 BogoMIPS (lpj=46336)
[    0.069608] pid_max: default: 32768 minimum: 301
[    0.075470] Mount-cache hash table entries: 1024 (order: 0, 4096 bytes)
[    0.076119] Mountpoint-cache hash table entries: 1024 (order: 0, 4096 bytes)
[    0.146126] clocksource jiffies: mask: 0xffffffff max_cycles: 0xffffffff, max_idle_ns: 7645041785100000 ns
[    0.157807] NET: Registered protocol family 16
[    0.458411] clocksource pit: mask: 0xffffffff max_cycles: 0xffffffff, max_idle_ns: 1601818034827 ns
[    0.625561] vgaarb: loaded
[    0.631894] SCSI subsystem initialized
[    0.634603] libata version 3.00 loaded.
[    0.639475] usbcore: registered new interface driver usbfs
[    0.640977] usbcore: registered new interface driver hub
[    0.642145] usbcore: registered new device driver usb
[    0.645141] pps_core: LinuxPPS API ver. 1 registered
[    0.645562] pps_core: Software ver. 5.3.6 - Copyright 2005-2007 Rodolfo Giometti <giometti@linux.it>
[    0.646728] PTP clock support registered
[    0.651844] PCI host bridge to bus 0000:00
[    0.652625] pci_bus 0000:00: root bus resource [mem 0x10000000-0x17ffffff]
[    0.653274] pci_bus 0000:00: root bus resource [io  0x1000-0x1fffff]
[    0.653916] pci_bus 0000:00: root bus resource [??? 0x00000000 flags 0x0]
[    0.654490] pci_bus 0000:00: No busn resource found for root bus, will use [bus 00-ff]
[    0.656076] pci 0000:00:00.0: [11ab:4620] type 00 class 0x060000
[    0.657046] pci 0000:00:00.0: [Firmware Bug]: reg 0x14: invalid BAR (can't size)
[    0.657663] pci 0000:00:00.0: [Firmware Bug]: reg 0x18: invalid BAR (can't size)
[    0.658274] pci 0000:00:00.0: [Firmware Bug]: reg 0x1c: invalid BAR (can't size)
[    0.658885] pci 0000:00:00.0: [Firmware Bug]: reg 0x20: invalid BAR (can't size)
[    0.659695] pci 0000:00:00.0: [Firmware Bug]: reg 0x24: invalid BAR (can't size)
[    0.664051] pci 0000:00:0a.0: [8086:7110] type 00 class 0x060100
[    0.667723] pci 0000:00:0a.1: [8086:7111] type 00 class 0x010180
[    0.668688] pci 0000:00:0a.1: reg 0x20: [io  0x0000-0x000f]
[    0.669322] pci 0000:00:0a.1: legacy IDE quirk: reg 0x10: [io  0x01f0-0x01f7]
[    0.669929] pci 0000:00:0a.1: legacy IDE quirk: reg 0x14: [io  0x03f6]
[    0.670517] pci 0000:00:0a.1: legacy IDE quirk: reg 0x18: [io  0x0170-0x0177]
[    0.671118] pci 0000:00:0a.1: legacy IDE quirk: reg 0x1c: [io  0x0376]
[    0.674692] pci 0000:00:0a.2: [8086:7112] type 00 class 0x0c0300
[    0.675414] pci 0000:00:0a.2: reg 0x20: [io  0x0000-0x001f]
[    0.678940] pci 0000:00:0a.3: [8086:7113] type 00 class 0x068000
[    0.680640] pci 0000:00:0a.3: quirk: [io  0x1000-0x103f] claimed by PIIX4 ACPI
[    0.681340] pci 0000:00:0a.3: quirk: [io  0x1100-0x110f] claimed by PIIX4 SMB
[    0.684933] pci 0000:00:12.0: [1013:00b8] type 00 class 0x030000
[    0.685596] pci 0000:00:12.0: reg 0x10: [mem 0x00000000-0x01ffffff pref]
[    0.686221] pci 0000:00:12.0: reg 0x14: [mem 0x00000000-0x00000fff]
[    0.686919] pci 0000:00:12.0: reg 0x30: [mem 0x00000000-0x0000ffff pref]
[    0.689957] vgaarb: device added: PCI:0000:00:12.0,decodes=io+mem,owns=none,locks=none
[    0.691294] pci 0000:00:13.0: [8086:100e] type 00 class 0x020000
[    0.691958] pci 0000:00:13.0: reg 0x10: [mem 0x00000000-0x0001ffff]
[    0.692572] pci 0000:00:13.0: reg 0x14: [io  0x0000-0x003f]
[    0.693391] pci 0000:00:13.0: reg 0x30: [mem 0x00000000-0x0003ffff pref]
[    0.696664] pci 0000:00:14.0: [8086:100e] type 00 class 0x020000
[    0.697504] pci 0000:00:14.0: reg 0x10: [mem 0x00000000-0x0001ffff]
[    0.698077] pci 0000:00:14.0: reg 0x14: [io  0x0000-0x003f]
[    0.698702] pci 0000:00:14.0: reg 0x30: [mem 0x00000000-0x0003ffff pref]
[    0.702247] pci 0000:00:15.0: [8086:100e] type 00 class 0x020000
[    0.702904] pci 0000:00:15.0: reg 0x10: [mem 0x00000000-0x0001ffff]
[    0.703499] pci 0000:00:15.0: reg 0x14: [io  0x0000-0x003f]
[    0.704161] pci 0000:00:15.0: reg 0x30: [mem 0x00000000-0x0003ffff pref]
[    0.707616] pci 0000:00:16.0: [8086:100e] type 00 class 0x020000
[    0.708272] pci 0000:00:16.0: reg 0x10: [mem 0x00000000-0x0001ffff]
[    0.708832] pci 0000:00:16.0: reg 0x14: [io  0x0000-0x003f]
[    0.709456] pci 0000:00:16.0: reg 0x30: [mem 0x00000000-0x0003ffff pref]
[    0.713295] pci_bus 0000:00: busn_res: [bus 00-ff] end is updated to 00
[    0.715150] pci 0000:00:12.0: BAR 0: assigned [mem 0x10000000-0x11ffffff pref]
[    0.715970] pci 0000:00:13.0: BAR 6: assigned [mem 0x12000000-0x1203ffff pref]
[    0.716702] pci 0000:00:14.0: BAR 6: assigned [mem 0x12040000-0x1207ffff pref]
[    0.717383] pci 0000:00:15.0: BAR 6: assigned [mem 0x12080000-0x120bffff pref]
[    0.718071] pci 0000:00:16.0: BAR 6: assigned [mem 0x120c0000-0x120fffff pref]
[    0.718943] pci 0000:00:13.0: BAR 0: assigned [mem 0x12100000-0x1211ffff]
[    0.719613] pci 0000:00:14.0: BAR 0: assigned [mem 0x12120000-0x1213ffff]
[    0.720295] pci 0000:00:15.0: BAR 0: assigned [mem 0x12140000-0x1215ffff]
[    0.720970] pci 0000:00:16.0: BAR 0: assigned [mem 0x12160000-0x1217ffff]
[    0.721652] pci 0000:00:12.0: BAR 6: assigned [mem 0x12180000-0x1218ffff pref]
[    0.722336] pci 0000:00:12.0: BAR 1: assigned [mem 0x12190000-0x12190fff]
[    0.723172] pci 0000:00:13.0: BAR 1: assigned [io  0x1040-0x107f]
[    0.723786] pci 0000:00:14.0: BAR 1: assigned [io  0x1080-0x10bf]
[    0.724391] pci 0000:00:15.0: BAR 1: assigned [io  0x10c0-0x10ff]
[    0.725012] pci 0000:00:16.0: BAR 1: assigned [io  0x1400-0x143f]
[    0.725626] pci 0000:00:0a.2: BAR 4: assigned [io  0x1440-0x145f]
[    0.726244] pci 0000:00:0a.1: BAR 4: assigned [io  0x1460-0x146f]
[    0.745549] cfg80211: Calling CRDA to update world regulatory domain
[    0.760741] Switched to clocksource MIPS
[    0.888437] NET: Registered protocol family 2
[    0.902068] TCP established hash table entries: 2048 (order: 1, 8192 bytes)
[    0.903316] TCP bind hash table entries: 2048 (order: 1, 8192 bytes)
[    0.904507] TCP: Hash tables configured (established 2048 bind 2048)
[    0.905896] UDP hash table entries: 256 (order: 0, 4096 bytes)
[    0.906659] UDP-Lite hash table entries: 256 (order: 0, 4096 bytes)
[    0.911131] NET: Registered protocol family 1
[    0.913118] PCI: Enabling device 0000:00:0a.2 (0000 -> 0001)
[    0.914755] PCI: CLS 0 bytes, default 16
[    0.950698] futex hash table entries: 256 (order: -1, 3072 bytes)
[    0.969663] squashfs: version 4.0 (2009/01/31) Phillip Lougher
[    0.972432] jffs2: version 2.2. (NAND) Â© 2001-2006 Red Hat, Inc.
[    0.976319] romfs: ROMFS MTD (C) 2007 Red Hat, Inc.
[    1.003329] Block layer SCSI generic (bsg) driver version 0.4 loaded (major 251)
[    1.004047] io scheduler noop registered
[    1.005054] io scheduler cfq registered (default)
[    1.006193] firmadyne: devfs: 1, execute: 1, procfs: 1, syscall: 1
[    1.012477] firmadyne: Cannot register character device: gpio, 0xfc, 0x0!
[    1.022466] firmadyne: Cannot register character device: watchdog, 0xa, 0x82!
[    1.023015] firmadyne: Cannot register character device: wdt, 0xfd, 0x0!
[    2.943829] strName = 4.1.17+
[    2.943829] init_task_addr  = 2155778944
[    2.943829] init_task_size  = 1296
[    2.943829] ts_tasks        = 292
[    2.943829] ts_pid          = 408
[    2.943829] ts_tgid         = 412
[    2.943829] ts_group_leader = 440
[    2.943829] ts_thread_group = 496
[    2.943829] ts_real_parent  = 416
[    2.943829] ts_mm           = 300
[    2.943829] ts_stack        = 4
[    2.946696] module_name   = 12
[    2.946696] module_size   = 208
[    2.946696] module_init   = 200
[    2.946696] module_list   = 4
[    2.947704] ts_real_cred    = 624
[    2.947704] ts_cred         = 628
[    2.947704] ts_comm         = 632
[    2.947704] cred_uid        = 4
[    2.947704] cred_gid        = 8
[    2.947704] cred_euid       = 20
[    2.947704] cred_egid       = 24
[    2.949559] mm_mmap         = 0
[    2.949559] mm_pgd          = 32
[    2.949559] mm_arg_start    = 136
[    2.949559] mm_start_brk    = 124
[    2.949559] mm_brk          = 128
[    2.949559] mm_start_stack  = 132
[    2.950984] vma_vm_start    = 0
[    2.950984] vma_vm_end      = 4
[    2.950984] vma_vm_next     = 8
[    2.950984] vma_vm_file     = 80
[    2.950984] vma_vm_flags    = 40
[    2.950984] vma_vm_pgoff    = 76
[    2.952400] file_dentry     = 12
[    2.952400] file_inode      = 40
[    2.952400] dentry_d_name   = 24
[    2.952400] dentry_d_iname  = 44
[    2.952400] dentry_d_parent = 16
[    2.952400] ti_task         = 0
[    2.952400] inode_ino   = 28
[    4.153515] proc_fork_connector  = 2151078840
[    4.153925] proc_exit_connector  = 2151080432
[    4.154286] proc_exec_connector  = 2151079052
[    4.154636] vma_link  = 2149124372
[    4.154938] vma_adjust  = 2149124540
[    4.155246] remove_vma  = 2149122188
[    4.155553] modules  = 2155833724
[    4.155858] trim_init_extable  = 2150545316
[    4.157473] cfg80211: Calling CRDA to update world regulatory domain
[    4.161391] PCI: Enabling device 0000:00:12.0 (0000 -> 0002)
[    4.162864] cirrusfb 0000:00:12.0: Cirrus Logic chipset on PCI bus, RAM (4096 kB) at 0x10000000
[    4.407867] Console: switching to colour frame buffer device 80x30
[    4.485854] Serial: 8250/16550 driver, 4 ports, IRQ sharing enabled
[    4.501976] console [ttyS0] disabled
[    4.529454] serial8250.0: ttyS0 at I/O 0x3f8 (irq = 4, base_baud = 115200) is a 16550A
[    4.530712] console [ttyS0] enabled
[    4.530712] console [ttyS0] enabled
[    4.531341] bootconsole [uart0] disabled
[    4.531341] bootconsole [uart0] disabled
[    4.562926] serial8250.0: ttyS1 at I/O 0x2f8 (irq = 3, base_baud = 115200) is a 16550A
[    4.701504] brd: module loaded
[    4.774412] loop: module loaded
[    4.782256] ata_piix 0000:00:0a.1: version 2.13
[    4.782908] PCI: Enabling device 0000:00:0a.1 (0000 -> 0001)
[    4.813666] scsi host0: ata_piix
[    4.820148] scsi host1: ata_piix
[    4.824721] ata1: PATA max UDMA/33 cmd 0x1f0 ctl 0x3f6 bmdma 0x1460 irq 14
[    4.825484] ata2: PATA max UDMA/33 cmd 0x170 ctl 0x376 bmdma 0x1468 irq 15
[    4.833256] [nandsim] warning: read_byte: unexpected data output cycle, state is STATE_READY return 0x0
[    4.833943] [nandsim] warning: read_byte: unexpected data output cycle, state is STATE_READY return 0x0
[    4.834601] [nandsim] warning: read_byte: unexpected data output cycle, state is STATE_READY return 0x0
[    4.835254] [nandsim] warning: read_byte: unexpected data output cycle, state is STATE_READY return 0x0
[    4.835903] [nandsim] warning: read_byte: unexpected data output cycle, state is STATE_READY return 0x0
[    4.836545] [nandsim] warning: read_byte: unexpected data output cycle, state is STATE_READY return 0x0
[    4.837625] nand: device found, Manufacturer ID: 0x98, Chip ID: 0x39
[    4.838118] nand: Toshiba NAND 128MiB 1,8V 8-bit
[    4.838578] nand: 128 MiB, SLC, erase size: 16 KiB, page size: 512, OOB size: 16
[    4.840451] flash size: 128 MiB
[    4.840939] page size: 512 bytes
[    4.841240] OOB area size: 16 bytes
[    4.841546] sector size: 16 KiB
[    4.841839] pages number: 262144
[    4.842130] pages per sector: 32
[    4.842417] bus width: 8
[    4.842681] bits in sector size: 14
[    4.842984] bits in page size: 9
[    4.843280] bits in OOB size: 4
[    4.843580] flash size with OOB: 135168 KiB
[    4.843927] page address bytes: 4
[    4.844208] sector address bytes: 3
[    4.844497] options: 0x42
[    4.942083] Scanning device for bad blocks
[    6.363085] ata2.01: NODEV after polling detection
[    6.363926] ata1.01: NODEV after polling detection
[    6.366893] ata2.00: ATAPI: QEMU DVD-ROM, 2.5+, max UDMA/100
[    6.370140] ata1.00: ATA-7: QEMU HARDDISK, 2.5+, max UDMA/100
[    6.370699] ata1.00: 2097152 sectors, multi 16: LBA48 
[    6.377417] ata2.00: configured for UDMA/33
[    6.380052] ata1.00: configured for UDMA/33
[    6.390443] scsi 0:0:0:0: Direct-Access     ATA      QEMU HARDDISK    2.5+ PQ: 0 ANSI: 5
[    6.409234] sd 0:0:0:0: [sda] 2097152 512-byte logical blocks: (1.07 GB/1.00 GiB)
[    6.411135] scsi 1:0:0:0: CD-ROM            QEMU     QEMU DVD-ROM     2.5+ PQ: 0 ANSI: 5
[    6.426719] sd 0:0:0:0: [sda] Write Protect is off
[    6.427322] sd 0:0:0:0: [sda] Mode Sense: 00 3a 00 00
[    6.429297] sd 0:0:0:0: [sda] Write cache: enabled, read cache: enabled, doesn't support DPO or FUA
[    6.442490]  sda: sda1
[    6.457144] sd 0:0:0:0: [sda] Attached SCSI disk
[    6.457803] Creating 11 MTD partitions on "NAND 128MiB 1,8V 8-bit":
[    6.458574] 0x000000000000-0x000000100000 : "NAND simulator partition 0"
[    6.471998] 0x000000100000-0x000000200000 : "NAND simulator partition 1"
[    6.484387] 0x000000200000-0x000000300000 : "NAND simulator partition 2"
[    6.497349] 0x000000300000-0x000000400000 : "NAND simulator partition 3"
[    6.510181] 0x000000400000-0x000000500000 : "NAND simulator partition 4"
[    6.522965] 0x000000500000-0x000000600000 : "NAND simulator partition 5"
[    6.536108] 0x000000600000-0x000000700000 : "NAND simulator partition 6"
[    6.549475] 0x000000700000-0x000000800000 : "NAND simulator partition 7"
[    6.562714] 0x000000800000-0x000000900000 : "NAND simulator partition 8"
[    6.575137] 0x000000900000-0x000000a00000 : "NAND simulator partition 9"
[    6.587533] 0x000000a00000-0x000008000000 : "NAND simulator partition 10"
[    6.641710] tun: Universal TUN/TAP device driver, 1.6
[    6.642140] tun: (C) 1999-2004 Max Krasnyansky <maxk@qualcomm.com>
[    6.646373] pcnet32: pcnet32.c:v1.35 21.Apr.2008 tsbogend@alpha.franken.de
[    6.647891] e1000: Intel(R) PRO/1000 Network Driver - version 7.3.21-k8-NAPI
[    6.648414] e1000: Copyright (c) 1999-2006 Intel Corporation.
[    6.649800] PCI: Enabling device 0000:00:13.0 (0000 -> 0003)
[    6.973565] e1000 0000:00:13.0 eth0: (PCI:33MHz:32-bit) 52:54:00:12:34:56
[    6.974397] e1000 0000:00:13.0 eth0: Intel(R) PRO/1000 Network Connection
[    6.975281] PCI: Enabling device 0000:00:14.0 (0000 -> 0003)
[    7.307147] e1000 0000:00:14.0 eth1: (PCI:33MHz:32-bit) 52:54:00:12:34:57
[    7.307862] e1000 0000:00:14.0 eth1: Intel(R) PRO/1000 Network Connection
[    7.308958] PCI: Enabling device 0000:00:15.0 (0000 -> 0003)
[    7.310914] cfg80211: Calling CRDA to update world regulatory domain
[    7.630903] e1000 0000:00:15.0 eth2: (PCI:33MHz:32-bit) 52:54:00:12:34:58
[    7.631613] e1000 0000:00:15.0 eth2: Intel(R) PRO/1000 Network Connection
[    7.632521] PCI: Enabling device 0000:00:16.0 (0000 -> 0003)
[    7.954520] e1000 0000:00:16.0 eth3: (PCI:33MHz:32-bit) 52:54:00:12:34:59
[    7.955218] e1000 0000:00:16.0 eth3: Intel(R) PRO/1000 Network Connection
[    7.957226] e1000e: Intel(R) PRO/1000 Network Driver - 2.3.2-k
[    7.957700] e1000e: Copyright(c) 1999 - 2014 Intel Corporation.
[    7.963528] PPP generic driver version 2.4.2
[    7.966493] PPP Deflate Compression module registered
[    7.967313] PPP MPPE Compression module registered
[    7.967832] NET: Registered protocol family 24
[    7.968922] ehci_hcd: USB 2.0 'Enhanced' Host Controller (EHCI) Driver
[    7.969569] ehci-pci: EHCI PCI platform driver
[    7.971045] ohci_hcd: USB 1.1 'Open' Host Controller (OHCI) Driver
[    7.971659] ohci-pci: OHCI PCI platform driver
[    7.973284] uhci_hcd: USB Universal Host Controller Interface driver
[    7.975294] uhci_hcd 0000:00:0a.2: UHCI Host Controller
[    7.976268] uhci_hcd 0000:00:0a.2: new USB bus registered, assigned bus number 1
[    7.977815] uhci_hcd 0000:00:0a.2: irq 11, io base 0x00001440
[    7.993276] hub 1-0:1.0: USB hub found
[    7.994255] hub 1-0:1.0: 2 ports detected
[    8.006345] usbcore: registered new interface driver usb-storage
[    8.011748] mousedev: PS/2 mouse device common for all mice
[    8.019774] rtc_cmos rtc_cmos: rtc core: registered rtc_cmos as rtc0
[    8.020882] rtc_cmos rtc_cmos: alarms up to one day, 242 bytes nvram
[    8.022707] i2c /dev entries driver
[    8.024265] piix4_smbus 0000:00:0a.3: SMBus Host Controller at 0x1100, revision 0
[    8.030432] sdhci: Secure Digital Host Controller Interface driver
[    8.030892] sdhci: Copyright(c) Pierre Ossman
[    8.034001] hidraw: raw HID events driver (C) Jiri Kosina
[    8.057979] usbcore: registered new interface driver usbhid
[    8.058421] usbhid: USB HID core driver
[    8.059764] Netfilter messages via NETLINK v0.30.
[    8.061578] nf_conntrack version 0.5.0 (3923 buckets, 15692 max)
[    8.065851] ctnetlink v0.93: registering with nfnetlink.
[    8.073730] ipip: IPv4 over IPv4 tunneling driver
[    8.089346] ip_tables: (C) 2000-2006 Netfilter Core Team
[    8.093009] arp_tables: (C) 2002 David S. Miller
[    8.095296] Initializing XFRM netlink socket
[    8.097014] NET: Registered protocol family 10
[    8.124496] ip6_tables: (C) 2000-2006 Netfilter Core Team
[    8.129427] sit: IPv6 over IPv4 tunneling driver
[    8.151380] NET: Registered protocol family 17
[    8.152517] bridge: automatic filtering via arp/ip/ip6tables has been deprecated. Update your scripts to load br_netfilter if you need this.
[    8.154114] Bridge firewalling registered
[    8.154635] Ebtables v2.0 registered
[    8.157537] 8021q: 802.1Q VLAN Support v1.8
[    8.186239] rtc_cmos rtc_cmos: setting system clock to 2025-07-23 02:20:30 UTC (1753237230)
[    8.214611] EXT2-fs (sda1): warning: mounting unchecked fs, running e2fsck is recommended
[    8.217354] VFS: Mounted root (ext2 filesystem) on device 8:1.
[    8.229951] Freeing YAMON memory: 956k freed
[    8.243722] Freeing unused kernel memory: 260K (8081f000 - 80860000)
[    8.289293] firmadyne: sys_reboot[PID: 48 (init)]: magic1:fee1dead, magic2:28121969, cmd:0
init started:  BusyBox v1.00 (2007.12.04-12:53+0000) multi-call binary
Starting pid 50, console /dev/tts/0: '/etc/init.d/rcS'
[    8.459911] firmadyne: do_execve: /firmadyne/console
[    8.460662] OFFSETS: offset of pid: 0x198 offset of comm: 0x278
[/etc/init.d/S03config.sh]
[    8.481107] spurious 8259A interrupt: IRQ7.
Mounting proc and var ...
[    9.181307] firmadyne: sys_socket[PID: 71 (wps)]: family:1, type:1, protocol:0
[    9.195064] firmadyne: sys_socket[PID: 71 (wps)]: family:1, type:1, protocol:0
[    9.210906] random: wps urandom read with 90 bits of entropy available
[    9.235971] firmadyne: sys_socket[PID: 71 (wps)]: family:1, type:1, protocol:0
[   10.251658] firmadyne: sys_socket[PID: 71 (wps)]: family:1, type:1, protocol:0
[   10.454966] cfg80211: Calling CRDA to update world regulatory domain
[   11.271598] firmadyne: sys_socket[PID: 71 (wps)]: family:1, type:1, protocol:0
[   12.295976] firmadyne: sys_socket[PID: 71 (wps)]: family:1, type:1, protocol:0
[   12.308284] firmadyne: sys_socket[PID: 71 (wps)]: family:1, type:1, protocol:0
Start xmldb ...
[   12.553804] firmadyne: sys_socket[PID: 74 (xmldb)]: family:1, type:2, protocol:0
[/etc/scripts/misc/profile.sh] get ...
[   13.601746] cfg80211: Calling CRDA to update world regulatory domain
Can't get config from nvram, generate default!
[/etc/scripts/misc/profile.sh] reset ...
[   14.202013] firmadyne: sys_socket[PID: 92 (rgdb)]: family:1, type:2, protocol:0
[   14.267910] random: nonblocking pool is initialized
[/etc/scripts/misc/defnodes.sh] ...
[/etc/defnodes/S10setext.sh] ...
[   14.567334] firmadyne: sys_socket[PID: 100 (xmldbc)]: family:1, type:2, protocol:0
[   14.634820] firmadyne: sys_socket[PID: 101 (xmldbc)]: family:1, type:2, protocol:0
[   14.699135] firmadyne: sys_socket[PID: 102 (xmldbc)]: family:1, type:2, protocol:0
[   14.763981] firmadyne: sys_socket[PID: 103 (xmldbc)]: family:1, type:2, protocol:0
[   14.830625] firmadyne: sys_socket[PID: 104 (xmldbc)]: family:1, type:2, protocol:0
[   14.900024] firmadyne: sys_socket[PID: 105 (xmldbc)]: family:1, type:2, protocol:0
[   14.967073] firmadyne: sys_socket[PID: 106 (xmldbc)]: family:1, type:2, protocol:0
[   15.033124] firmadyne: sys_socket[PID: 107 (xmldbc)]: family:1, type:2, protocol:0
[   15.098605] firmadyne: sys_socket[PID: 108 (xmldbc)]: family:1, type:2, protocol:0
[   15.163778] firmadyne: sys_socket[PID: 109 (xmldbc)]: family:1, type:2, protocol:0
[   15.231698] firmadyne: sys_socket[PID: 110 (xmldbc)]: family:1, type:2, protocol:0
[   15.297822] firmadyne: sys_socket[PID: 111 (xmldbc)]: family:1, type:2, protocol:0
[   15.369488] firmadyne: sys_socket[PID: 112 (xmldbc)]: family:1, type:2, protocol:0
[   15.433629] firmadyne: sys_socket[PID: 113 (xmldbc)]: family:1, type:2, protocol:0
[   15.496091] firmadyne: sys_socket[PID: 114 (xmldbc)]: family:1, type:2, protocol:0
[   15.558711] firmadyne: sys_socket[PID: 115 (xmldbc)]: family:1, type:2, protocol:0
[   15.621917] firmadyne: sys_socket[PID: 116 (xmldbc)]: family:1, type:2, protocol:0
[   15.686347] firmadyne: sys_socket[PID: 117 (xmldbc)]: family:1, type:2, protocol:0
[   15.747799] firmadyne: sys_socket[PID: 118 (xmldbc)]: family:1, type:2, protocol:0
[   15.812566] firmadyne: sys_socket[PID: 119 (xmldbc)]: family:1, type:2, protocol:0
[   15.876686] firmadyne: sys_socket[PID: 120 (xmldbc)]: family:1, type:2, protocol:0
[   15.938995] firmadyne: sys_socket[PID: 121 (xmldbc)]: family:1, type:2, protocol:0
[   16.001970] firmadyne: sys_socket[PID: 122 (xmldbc)]: family:1, type:2, protocol:0
[   16.064393] firmadyne: sys_socket[PID: 123 (xmldbc)]: family:1, type:2, protocol:0
PHP [/etc/defnodes/S11setnodes.php] ...
[   16.185950] firmadyne: sys_socket[PID: 126 (rgdb)]: family:1, type:2, protocol:0
PHP [/etc/defnodes/S12features.php] ...
[   16.745465] cfg80211: Calling CRDA to update world regulatory domain
[   16.795175] firmadyne: sys_socket[PID: 137 (rgdb)]: family:1, type:2, protocol:0
PHP [/etc/defnodes/S13flashspeed.php] ...
[   16.932669] firmadyne: sys_socket[PID: 140 (rgdb)]: family:1, type:2, protocol:0
PHP [/etc/defnodes/S20setnodes.php] ...
[   17.181095] firmadyne: sys_socket[PID: 145 (rgdb)]: family:1, type:2, protocol:0
[   17.341746] firmadyne: sys_socket[PID: 149 (xmldbc)]: family:1, type:2, protocol:0
[   17.528474] firmadyne: sys_socket[PID: 152 (xmldbc)]: family:1, type:2, protocol:0
[   17.681747] firmadyne: sys_socket[PID: 156 (xmldbc)]: family:1, type:2, protocol:0
[   17.844761] firmadyne: sys_socket[PID: 159 (xmldbc)]: family:1, type:2, protocol:0
[   17.977502] firmadyne: sys_socket[PID: 162 (xmldbc)]: family:1, type:2, protocol:0
[   18.040453] firmadyne: sys_socket[PID: 163 (xmldbc)]: family:1, type:2, protocol:0
[   18.101493] firmadyne: sys_socket[PID: 164 (xmldbc)]: family:1, type:2, protocol:0
[   18.166937] firmadyne: sys_socket[PID: 165 (xmldbc)]: family:1, type:2, protocol:0
[   18.233999] firmadyne: sys_socket[PID: 166 (xmldbc)]: family:1, type:2, protocol:0
[   18.299638] firmadyne: sys_socket[PID: 167 (xmldbc)]: family:1, type:2, protocol:0
[   18.364388] firmadyne: sys_socket[PID: 168 (xmldbc)]: family:1, type:2, protocol:0
[   18.535411] EXT3-fs (mtdblock6): error: can't find ext3 filesystem on dev mtdblock6.
[   18.542792] EXT2-fs (mtdblock6): error: can't find an ext2 filesystem on dev mtdblock6.
[   18.550132] EXT4-fs (mtdblock6): VFS: Can't find ext4 filesystem
[   18.565496] cramfs: wrong magic
[   18.574061] squashfs: SQUASHFS error: Can't find a SQUASHFS superblock on mtdblock6
[   18.581550] FAT-fs (mtdblock6): bogus logical sector size 65535
[   18.582263] FAT-fs (mtdblock6): Can't find a valid FAT filesystem
[   18.594079] romfs: VFS: Can't find a romfs filesystem on dev mtdblock6.
[   18.601343] UDF-fs: warning (device mtdblock6): udf_load_vrs: No VRS found
[   18.602165] UDF-fs: warning (device mtdblock6): udf_fill_super: No partition found (2)
mount: Mounting /dev/mtdblock/6 on /www/locale/alt failed: Invalid argument
[   18.751990] firmadyne: sys_socket[PID: 177 (xmldbc)]: family:1, type:2, protocol:0
[   18.974699] firmadyne: sys_socket[PID: 184 (xmldbc)]: family:1, type:2, protocol:0
[   19.106852] firmadyne: sys_socket[PID: 187 (xmldbc)]: family:1, type:2, protocol:0
[   19.172454] firmadyne: sys_socket[PID: 188 (xmldbc)]: family:1, type:2, protocol:0
PHP [/etc/defnodes/S40brand.php] ...
[   19.295034] firmadyne: sys_socket[PID: 191 (rgdb)]: family:1, type:2, protocol:0
[/etc/scripts/misc/defnodes.sh] Done !!
[/etc/scripts/misc/profile.sh] put ...
[   19.730586] firmadyne: sys_socket[PID: 200 (rgdb)]: family:1, type:2, protocol:0
[   19.889129] cfg80211: Calling CRDA to update world regulatory domain
ok
[/etc/templates/timezone.sh] ...
[   20.306261] firmadyne: sys_socket[PID: 209 (rgdb)]: family:1, type:2, protocol:0
[   20.514619] firmadyne: sys_socket[PID: 214 (rgdb)]: family:1, type:2, protocol:0
[   21.233897] firmadyne: sys_socket[PID: 218 (rgdb)]: family:1, type:2, protocol:0
[   21.329025] firmadyne: sys_socket[PID: 220 (rgdb)]: family:1, type:2, protocol:0
[   21.420752] firmadyne: sys_socket[PID: 222 (rgdb)]: family:1, type:2, protocol:0
[/etc/templates/logs.sh] ...
[   21.651677] firmadyne: sys_socket[PID: 228 (rgdb)]: family:1, type:2, protocol:0
[   21.757519] firmadyne: sys_socket[PID: 230 (rgdb)]: family:1, type:2, protocol:0
[/var/run/logs_run.sh] ...
[   22.116505] firmadyne: sys_socket[PID: 234 (syslogd)]: family:1, type:1, protocol:0
Inserting modules ...
Using /lib/modules/wlan.o
insmod: Not configured to support old kernels
Using /lib/modules/wlan_xauth.o
insmod: Not configured to support old kernels
Using /lib/modules/wlan_wep.o
insmod: Not configured to support old kernels
Using /lib/modules/wlan_tkip.o
insmod: Not configured to support old kernels
Using /lib/modules/wlan_scan_sta.o
insmod: Not configured to support old kernels
Using /lib/modules/wlan_scan_ap.o
insmod: Not configured to support old kernels
Using /lib/modules/wlan_ccmp.o
insmod: Not configured to support old kernels
Using /lib/modules/wlan_acl.o
insmod: Not configured to support old kernels
Using /lib/modules/ath_hal.o
insmod: Not configured to support old kernels
Using /lib/modules/ath_rate_atheros.o
insmod: Not configured to support old kernels
Using /lib/modules/ath_dfs.o
insmod: Not configured to support old kernels
[   22.939514] firmadyne: sys_socket[PID: 253 (rgdb)]: family:1, type:2, protocol:0
[   23.033224] cfg80211: Calling CRDA to update world regulatory domain
The countrycode is 840.
Using /lib/modules/ath_ahb.o
insmod: Not configured to support old kernels
[   23.289732] firmadyne: sys_socket[PID: 260 (wlanconfig)]: family:2, type:1, protocol:0
wlanconfig: ioctl: No such device
[   23.486954] firmadyne: sys_socket[PID: 268 (ifconfig)]: family:2, type:1, protocol:0
SIOCSIFHWADDR: No such device
Using /lib/modules/ar231x_access.o
insmod: Not configured to support old kernels
[   23.726977] firmadyne: sys_socket[PID: 277 (ifconfig)]: family:2, type:1, protocol:0
[   23.745354] IPv6: ADDRCONF(NETDEV_UP): eth0: link is not ready
[   23.746018] 8021q: adding VLAN 0 to HW filter on device eth0
[   23.751827] e1000: eth0 NIC Link is Up 1000 Mbps Full Duplex, Flow Control: RX
[   23.756209] IPv6: ADDRCONF(NETDEV_CHANGE): eth0: link becomes ready
[   23.830924] firmadyne: sys_socket[PID: 278 (rgdb)]: family:1, type:2, protocol:0
[   23.919300] firmadyne: sys_socket[PID: 280 (rgdb)]: family:1, type:2, protocol:0
[   24.030748] firmadyne: sys_socket[PID: 282 (rgdb)]: family:1, type:2, protocol:0
[   24.122288] firmadyne: sys_socket[PID: 284 (vconfig)]: family:2, type:2, protocol:0
Set name-type for VLAN subsystem. Should be visible in /proc/net/vlan/config
[   24.187675] firmadyne: sys_socket[PID: 285 (vconfig)]: family:2, type:2, protocol:0
[   24.191344] firmadyne: register_vlan_dev[PID: 285 (vconfig)]: dev:eth0.0 vlan_id:0
[   24.272084] firmadyne: sys_socket[PID: 286 (vconfig)]: family:2, type:2, protocol:0
[   24.273856] firmadyne: register_vlan_dev[PID: 286 (vconfig)]: dev:eth0.2 vlan_id:2
[   24.352725] firmadyne: sys_socket[PID: 287 (brctl)]: family:2, type:2, protocol:0
[   24.435075] firmadyne: sys_socket[PID: 288 (brctl)]: family:2, type:2, protocol:0
[   24.441598] firmadyne: sys_socket[PID: 288 (brctl)]: family:10, type:1, protocol:0
[   24.502048] firmadyne: sys_socket[PID: 289 (brctl)]: family:2, type:2, protocol:0
[   24.507856] firmadyne: sys_socket[PID: 289 (brctl)]: family:10, type:1, protocol:0
[   24.542001] firmadyne: sys_socket[PID: 290 (ifconfig)]: family:2, type:1, protocol:0
[   24.544344] firmadyne: __inet_insert_ifa[PID: 290 (ifconfig)]: device:br0 ifa:0x00000000
[/etc/templates/webs.sh] start ...
[   24.741473] firmadyne: sys_socket[PID: 294 (rgdb)]: family:1, type:2, protocol:0
[   24.890948] firmadyne: sys_socket[PID: 295 (rgdb)]: family:1, type:2, protocol:0
[/var/run/webs_start.sh] ...
Starting HTTPD ...
[/etc/init.d/S03config.sh] done!
[/etc/init.d/S10system.sh]
[   25.327068] firmadyne: sys_socket[PID: 304 (rgdb)]: family:1, type:2, protocol:0
start scheduled ...
[/etc/templates/scheduled.sh] start ...
[   25.727476] firmadyne: sys_socket[PID: 309 (rgdb)]: family:1, type:2, protocol:0
[   25.815789] firmadyne: sys_socket[PID: 312 (route)]: family:2, type:1, protocol:0
[   25.995038] firmadyne: sys_socket[PID: 315 (xmldbc)]: family:1, type:2, protocol:0
[   26.017928] firmadyne: sys_socket[PID: 313 (httpd)]: family:2, type:2, protocol:0
[   26.019129] firmadyne: sys_setsockopt[PID: 313 (httpd)]: fd:4, level:65535, optname:4
[   26.020566] firmadyne: sys_setsockopt[PID: 313 (httpd)]: fd:4, level:65535, optname:25
[   26.024057] firmadyne: inet_bind[PID: 313 (httpd)]: proto:SOCK_STREAM, port:49152
[   26.026125] firmadyne: sys_socket[PID: 313 (httpd)]: family:2, type:1, protocol:0
[   26.027177] firmadyne: sys_setsockopt[PID: 313 (httpd)]: fd:5, level:65535, optname:4
[   26.028222] firmadyne: sys_setsockopt[PID: 313 (httpd)]: fd:5, level:65535, optname:25
[   26.037118] firmadyne: inet_bind[PID: 313 (httpd)]: proto:SOCK_DGRAM, port:1900
[   26.038289] firmadyne: sys_setsockopt[PID: 313 (httpd)]: fd:5, level:0, optname:35
[   26.040180] firmadyne: sys_socket[PID: 313 (httpd)]: family:2, type:2, protocol:0
[   26.049260] firmadyne: sys_setsockopt[PID: 313 (httpd)]: fd:6, level:65535, optname:4
[   26.050318] firmadyne: sys_setsockopt[PID: 313 (httpd)]: fd:6, level:65535, optname:25
[   26.051297] firmadyne: inet_bind[PID: 313 (httpd)]: proto:SOCK_STREAM, port:80
[   26.141686] firmadyne: sys_socket[PID: 313 (httpd)]: family:1, type:1, protocol:0
[   26.160038] firmadyne: sys_socket[PID: 316 (xmldbc)]: family:1, type:2, protocol:0
[   26.177149] cfg80211: Calling CRDA to update world regulatory domain
[/var/run/scheduled_start.sh] ...
Start scheduled ...
setup layout ...
[   26.433998] firmadyne: sys_socket[PID: 320 (scheduled)]: family:1, type:1, protocol:0
[/etc/scripts/layout.sh] start ...
[   26.576013] firmadyne: sys_socket[PID: 325 (rgdb)]: family:1, type:2, protocol:0
[   26.741644] firmadyne: sys_socket[PID: 326 (rgdb)]: family:1, type:2, protocol:0
[/var/run/layout_start.sh] ...
Start router layout ...
/proc/driver/ae531x: cannot create
/proc/driver/ae531x: cannot create
/proc/driver/ae531x: cannot create
/proc/driver/ae531x: cannot create
/proc/driver/ae531x: cannot create
/proc/driver/ae531x: cannot create
/proc/driver/ae531x: cannot create
/proc/driver/ae531x: cannot create
/proc/driver/ae531x: cannot create
/proc/driver/ae531x: cannot create
[   27.089267] firmadyne: sys_socket[PID: 340 (ifconfig)]: family:2, type:1, protocol:0
[   27.117323] firmadyne: sys_socket[PID: 341 (ifconfig)]: family:2, type:1, protocol:0
[   27.181039] firmadyne: sys_socket[PID: 342 (brctl)]: family:2, type:2, protocol:0
[   27.186912] firmadyne: sys_socket[PID: 342 (brctl)]: family:10, type:1, protocol:0
[   27.191578] firmadyne: sys_socket[PID: 342 (brctl)]: family:10, type:1, protocol:0
interface ath0 does not exist!
[   27.277538] firmadyne: sys_socket[PID: 347 (brctl)]: family:2, type:2, protocol:0
[   27.283364] firmadyne: sys_socket[PID: 347 (brctl)]: family:10, type:1, protocol:0
[   27.289147] firmadyne: sys_socket[PID: 347 (brctl)]: family:10, type:1, protocol:0
[   27.290823] firmadyne: br_add_if[PID: 347 (brctl)]: br:br0 dev:eth0.0
[   27.297890] device eth0.0 entered promiscuous mode
[   27.298488] device eth0 entered promiscuous mode
[   27.302208] br0: port 1(eth0.0) entered forwarding state
[   27.303273] br0: port 1(eth0.0) entered forwarding state
[   27.362754] firmadyne: sys_socket[PID: 348 (brctl)]: family:2, type:2, protocol:0
[   27.370431] firmadyne: sys_socket[PID: 348 (brctl)]: family:10, type:1, protocol:0
[   27.375560] firmadyne: sys_socket[PID: 348 (brctl)]: family:10, type:1, protocol:0
can't find port ath0 in bridge br0
[   27.431177] firmadyne: sys_socket[PID: 353 (ifconfig)]: family:2, type:1, protocol:0
[   27.493154] firmadyne: sys_socket[PID: 354 (rgdb)]: family:1, type:2, protocol:0
start LAN ...
[/etc/templates/lan.sh] ...
[   27.724097] firmadyne: sys_socket[PID: 359 (rgdb)]: family:1, type:2, protocol:0
[   28.071275] firmadyne: sys_socket[PID: 360 (rgdb)]: family:1, type:2, protocol:0
[/var/run/lan_start.sh] ...
Start LAN (br0/192.168.0.1/255.255.255.0)...
[   28.401911] firmadyne: sys_socket[PID: 364 (ifconfig)]: family:2, type:1, protocol:0
[   28.404039] firmadyne: __inet_insert_ifa[PID: 364 (ifconfig)]: device:br0 ifa:0xc0a80001
Start DHCP server (br0) ...
[   28.487456] firmadyne: inet_accept[PID: 313 (httpd)]:
[   28.491306] firmadyne: inet_accept[PID: 313 (httpd)]:
start fresetd ...
[   28.691920] firmadyne: sys_socket[PID: 368 (dhcpxmlpatch)]: family:1, type:2, protocol:0
[   28.731410] firmadyne: sys_socket[PID: 367 (udhcpd)]: family:2, type:3, protocol:255
[   28.747538] firmadyne: sys_socket[PID: 367 (udhcpd)]: family:2, type:1, protocol:17
[   28.748770] firmadyne: sys_setsockopt[PID: 367 (udhcpd)]: fd:5, level:65535, optname:4
[   28.757205] firmadyne: sys_setsockopt[PID: 367 (udhcpd)]: fd:5, level:65535, optname:32
[   28.758302] firmadyne: sys_setsockopt[PID: 367 (udhcpd)]: fd:5, level:65535, optname:25
[   28.759392] firmadyne: inet_bind[PID: 367 (udhcpd)]: proto:SOCK_DGRAM, port:67
enable LAN ports ...
Factory reset time : 5 secs
WPS command : [/etc/templates/wps.sh pbc &]
/proc/driver/ae531x: cannot create
gpio_outen: can not open [/proc/ar231x/gpio_cr7] to write.
/proc/driver/ae531x: cannot create
/proc/driver/ae531x: cannot create
/proc/driver/ae531x: cannot create
start WLAN ...
[/etc/templates/wlan.sh] start ...
[   29.160091] firmadyne: sys_socket[PID: 383 (rgdb)]: family:1, type:2, protocol:0
[   29.321071] cfg80211: Calling CRDA to update world regulatory domain
[   29.684551] firmadyne: sys_socket[PID: 386 (atp)]: family:1, type:2, protocol:0
[   29.999040] firmadyne: sys_socket[PID: 387 (rgdb)]: family:1, type:2, protocol:0
[/var/run/wlan_start.sh] ...
Start WLAN interface ath0 ...
[   30.891579] firmadyne: sys_socket[PID: 391 (iwpriv)]: family:2, type:1, protocol:0
ath0      no private ioctls.

[   30.951708] firmadyne: sys_socket[PID: 392 (iwpriv)]: family:2, type:1, protocol:0
ath0      no private ioctls.

[   31.019482] firmadyne: sys_socket[PID: 393 (iwpriv)]: family:2, type:1, protocol:0
ath0      no private ioctls.

[   31.093931] firmadyne: sys_socket[PID: 394 (brctl)]: family:2, type:2, protocol:0
[   31.099906] firmadyne: sys_socket[PID: 394 (brctl)]: family:10, type:1, protocol:0
[   31.103157] firmadyne: sys_socket[PID: 394 (brctl)]: family:10, type:1, protocol:0
can't find port ath0 in bridge br0
[   31.190251] firmadyne: sys_socket[PID: 399 (iwpriv)]: family:2, type:1, protocol:0
ath0      no private ioctls.

[   31.257135] firmadyne: sys_socket[PID: 400 (iwpriv)]: family:2, type:1, protocol:0
ath0      no private ioctls.

[   31.317465] firmadyne: sys_socket[PID: 401 (iwpriv)]: family:2, type:1, protocol:0
ath0      no private ioctls.

[   31.378816] firmadyne: sys_socket[PID: 402 (iwpriv)]: family:2, type:1, protocol:0
ath0      no private ioctls.

[   31.438085] firmadyne: sys_socket[PID: 403 (iwpriv)]: family:2, type:1, protocol:0
ath0      no private ioctls.

[   31.497115] firmadyne: sys_socket[PID: 404 (iwconfig)]: family:2, type:1, protocol:0
Error for wireless request "Set Frequency" (8B04) :
    SET failed on device ath0 ; Invalid argument.
[   31.592746] firmadyne: sys_socket[PID: 405 (iwconfig)]: family:2, type:1, protocol:0
Error for wireless request "Set RTS Threshold" (8B22) :
    SET failed on device ath0 ; Invalid argument.
[   31.689148] firmadyne: sys_socket[PID: 406 (atp)]: family:1, type:2, protocol:0
[   31.733188] firmadyne: sys_socket[PID: 407 (iwconfig)]: family:2, type:1, protocol:0
Error for wireless request "Set Fragmentation Threshold" (8B24) :
    SET failed on device ath0 ; Invalid argument.
[   31.866573] firmadyne: sys_socket[PID: 408 (iwconfig)]: family:2, type:1, protocol:0
Error for wireless request "Set Bit Rate" (8B20) :
    SET failed on device ath0 ; Invalid argument.
[   31.994195] firmadyne: sys_socket[PID: 409 (iwpriv)]: family:2, type:1, protocol:0
ath0      no private ioctls.

[   32.075228] firmadyne: sys_socket[PID: 410 (iwpriv)]: family:2, type:1, protocol:0
ath0      no private ioctls.

/proc/net/br_forward_br0: cannot create
[   32.149096] firmadyne: sys_socket[PID: 412 (iwpriv)]: family:2, type:1, protocol:0
ath0      no private ioctls.

[   32.211811] firmadyne: sys_socket[PID: 413 (iwpriv)]: family:2, type:1, protocol:0
ath0      no private ioctls.

[   32.271081] firmadyne: sys_socket[PID: 414 (iwpriv)]: family:2, type:1, protocol:0
ath0      no private ioctls.

[   32.330319] firmadyne: sys_socket[PID: 415 (iwpriv)]: family:2, type:1, protocol:0
ath0      no private ioctls.

[   32.391464] firmadyne: sys_socket[PID: 416 (iwconfig)]: family:2, type:1, protocol:0
Error for wireless request "Set ESSID" (8B1A) :
    SET failed on device ath0 ; Invalid argument.
[   32.465997] cfg80211: Calling CRDA to update world regulatory domain
[   32.485202] firmadyne: sys_socket[PID: 419 (ifconfig)]: family:2, type:1, protocol:0
[   32.612486] firmadyne: sys_socket[PID: 418 (wlxmlpatch)]: family:1, type:2, protocol:0
SIOCGIFFLAGS: No such device
[   32.656504] firmadyne: sys_socket[PID: 418 (wlxmlpatch)]: family:1, type:2, protocol:0
Configuration file: /var/run/hostapd.ath0.conf
[   32.674194] firmadyne: sys_socket[PID: 418 (wlxmlpatch)]: family:2, type:1, protocol:0
madwifi_poll: ioctl_get_ssid() fail, return -1 !
[   32.690636] firmadyne: sys_socket[PID: 418 (wlxmlpatch)]: family:1, type:2, protocol:0
[   32.727737] firmadyne: sys_socket[PID: 417 (hostapd)]: family:2, type:1, protocol:0
[   32.790669] firmadyne: sys_socket[PID: 424 (atp)]: family:1, type:2, protocol:0
[   32.826054] firmadyne: sys_socket[PID: 425 (usockc)]: family:1, type:1, protocol:0
ioctl(SIOCGIFINDEX): No such device
madwifi driver initialization failed.
Unable to open socket file : /var/run/fresetd_unixsock
[/etc/templates/wps.sh] setie ...
[   33.161632] firmadyne: sys_socket[PID: 432 (xmldbc)]: family:1, type:2, protocol:0
[   34.594958] firmadyne: sys_socket[PID: 433 (wps)]: family:1, type:1, protocol:0
[   35.124705] firmadyne: sys_socket[PID: 434 (atp)]: family:1, type:2, protocol:0
[   35.609109] cfg80211: Exceeded CRDA call max attempts. Not calling CRDA
[   35.815596] firmadyne: sys_socket[PID: 435 (atp)]: family:1, type:2, protocol:0
[   36.498824] firmadyne: sys_socket[PID: 436 (atp)]: family:1, type:2, protocol:0
[   37.181554] firmadyne: sys_socket[PID: 437 (atp)]: family:1, type:2, protocol:0
[   37.869454] firmadyne: sys_socket[PID: 438 (atp)]: family:1, type:2, protocol:0
[   38.245900] firmadyne: sys_socket[PID: 433 (wps)]: family:1, type:1, protocol:0
[   38.508814] firmadyne: sys_socket[PID: 439 (atp)]: family:1, type:2, protocol:0
[   39.140404] firmadyne: sys_socket[PID: 440 (atp)]: family:1, type:2, protocol:0
[   39.253238] firmadyne: sys_socket[PID: 433 (wps)]: family:1, type:1, protocol:0
[   40.259498] firmadyne: sys_socket[PID: 433 (wps)]: family:1, type:1, protocol:0
[   40.457263] firmadyne: sys_socket[PID: 441 (atp)]: family:1, type:2, protocol:0
[   41.281449] firmadyne: sys_socket[PID: 433 (wps)]: family:1, type:1, protocol:0
[   41.283403] firmadyne: sys_socket[PID: 433 (wps)]: family:1, type:1, protocol:0
[   41.293894] firmadyne: sys_socket[PID: 433 (wps)]: family:1, type:1, protocol:0
[   42.301266] firmadyne: sys_socket[PID: 433 (wps)]: family:1, type:1, protocol:0
[/usr/sbin/submit] COMMIT ...
[   43.054067] firmadyne: sys_socket[PID: 447 (xmldbc)]: family:1, type:2, protocol:0
[/etc/scripts/misc/profile.sh] put ...
[   43.309429] firmadyne: sys_socket[PID: 433 (wps)]: family:1, type:1, protocol:0
[   43.387584] firmadyne: sys_socket[PID: 453 (rgdb)]: family:1, type:2, protocol:0
ok
[/usr/sbin/submit] DHCPD ...
[   44.076453] firmadyne: sys_socket[PID: 463 (xmldbc)]: family:1, type:2, protocol:0
[/etc/templates/dhcpd.sh] ...
[   44.310048] firmadyne: sys_socket[PID: 467 (rgdb)]: family:1, type:2, protocol:0
[   44.317981] firmadyne: sys_socket[PID: 433 (wps)]: family:1, type:1, protocol:0
[   44.326813] firmadyne: sys_socket[PID: 433 (wps)]: family:1, type:1, protocol:0
Start WLAN interface ath0 Done !!!
start Guest Zone
[   44.538867] firmadyne: sys_socket[PID: 471 (rgdb)]: family:1, type:2, protocol:0
[/etc/templates/gzone.sh] ...
[   44.886262] firmadyne: sys_socket[PID: 476 (xmldbc)]: family:1, type:2, protocol:0
[   45.301478] firmadyne: sys_socket[PID: 478 (xmldbc)]: family:1, type:2, protocol:0
[/var/run/dhcpd_restart.sh] ...
Stop DHCP server (br0) ...
[/etc/templates/enable_gzone.sh] ...
start RG ...
[/etc/templates/rg.sh] start ...
[   46.080254] firmadyne: sys_socket[PID: 498 (rgdb)]: family:1, type:2, protocol:0
Start DHCP server (br0) ...
[   46.263708] firmadyne: sys_socket[PID: 502 (rgdb)]: family:1, type:2, protocol:0
[   46.423817] firmadyne: sys_socket[PID: 506 (dhcpxmlpatch)]: family:1, type:2, protocol:0
[   46.448257] 
do_page_fault(): sending SIGSEGV to udhcpd for invalid read access from 00000000
[   46.449368] epc = 7723a944 in libc.so.0[7722f000+63000]
[   46.450481] ra  = 00402fac in udhcpd[400000+b000]
[   46.451242] 
[   46.461026] potentially unexpected fatal signal 11.
[   46.461878] CPU: 0 PID: 505 Comm: udhcpd Not tainted 4.1.17+ #1
[   46.462653] task: 8f1ae088 ti: 8f1e6000 task.ti: 8f1e6000
[   46.463250] $ 0   : 00000000 772d7680 00000000 00000000
[   46.464135] $ 4   : 00000000 7ff428a8 0040a137 10000428
[   46.465330] $ 8   : 10002ee8 00000000 00000001 80770000
[   46.466177] $12   : 80770000 00000000 00000000 00001000
[   46.467016] $16   : 00000000 7ff428a8 10000448 7ff428d8
[   46.467892] $20   : 10000428 10001bd8 10007054 ffffffff
[   46.468986] $24   : 772da460 7723a930                  
[   46.469843] $28   : 772da460 7ff42858 7f8ab3a0 00402fac
[   46.470730] Hi    : 00000191
[   46.471158] Lo    : 0001d27c
[   46.471711] epc   : 7723a944 0x7723a944
[   46.472268] ra    : 00402fac 0x402fac
[   46.472956] Status: 0000a413	USER EXL IE 
[   46.473675] Cause : 10800008
[   46.474077] BadVA : 00000000
[   46.474522] PrId  : 00019300 (MIPS 24Kc)
[   47.039469] firmadyne: sys_socket[PID: 508 (atp)]: family:1, type:2, protocol:0
[/var/run/rg_start.sh] ...
[   47.322540] firmadyne: sys_socket[PID: 511 (iptables)]: family:2, type:3, protocol:255
[   47.337507] firmadyne: sys_setsockopt[PID: 511 (iptables)]: fd:3, level:0, optname:64
[   47.340166] firmadyne: sys_setsockopt[PID: 511 (iptables)]: fd:3, level:0, optname:65
[   47.466449] firmadyne: sys_socket[PID: 512 (iptables)]: family:2, type:3, protocol:255
modprobe: could not parse modules.dep

[   47.541748] firmadyne: sys_socket[PID: 512 (iptables)]: family:2, type:3, protocol:255
iptables v1.2.9: can't initialize iptables table `nat': Table does not exist (do you need to insmod?)
Perhaps iptables or your kernel needs to be upgraded.
[   47.699221] firmadyne: sys_socket[PID: 518 (iptables)]: family:2, type:3, protocol:255
[   47.717829] firmadyne: sys_setsockopt[PID: 518 (iptables)]: fd:3, level:0, optname:64
[   47.719986] firmadyne: sys_setsockopt[PID: 518 (iptables)]: fd:3, level:0, optname:65
[   47.843950] firmadyne: sys_socket[PID: 519 (iptables)]: family:2, type:3, protocol:255
[   47.978131] firmadyne: sys_socket[PID: 520 (iptables)]: family:2, type:3, protocol:255
modprobe: could not parse modules.dep

[   48.063064] firmadyne: sys_socket[PID: 520 (iptables)]: family:2, type:3, protocol:255
iptables v1.2.9: can't initialize iptables table `nat': Table does not exist (do you need to insmod?)
Perhaps iptables or your kernel needs to be upgraded.
[   48.224027] firmadyne: sys_socket[PID: 526 (iptables)]: family:2, type:3, protocol:255
[   48.348339] firmadyne: sys_socket[PID: 527 (iptables)]: family:2, type:3, protocol:255
[   48.364181] firmadyne: sys_setsockopt[PID: 527 (iptables)]: fd:3, level:0, optname:64
[   48.367566] firmadyne: sys_setsockopt[PID: 527 (iptables)]: fd:3, level:0, optname:65
[   48.481367] firmadyne: sys_socket[PID: 528 (iptables)]: family:2, type:3, protocol:255
[   48.493383] firmadyne: sys_setsockopt[PID: 528 (iptables)]: fd:3, level:0, optname:64
[   48.495210] firmadyne: sys_setsockopt[PID: 528 (iptables)]: fd:3, level:0, optname:65
[   48.622734] firmadyne: sys_socket[PID: 529 (iptables)]: family:2, type:3, protocol:255
[   48.634915] firmadyne: sys_setsockopt[PID: 529 (iptables)]: fd:3, level:0, optname:64
[   48.636755] firmadyne: sys_setsockopt[PID: 529 (iptables)]: fd:3, level:0, optname:65
[   48.754183] firmadyne: sys_socket[PID: 530 (iptables)]: family:2, type:3, protocol:255
modprobe: could not parse modules.dep

[   48.831734] firmadyne: sys_socket[PID: 530 (iptables)]: family:2, type:3, protocol:255
iptables v1.2.9: can't initialize iptables table `nat': Table does not exist (do you need to insmod?)
Perhaps iptables or your kernel needs to be upgraded.
[   48.992285] firmadyne: sys_socket[PID: 536 (iptables)]: family:2, type:3, protocol:255
modprobe: could not parse modules.dep

[   49.075802] firmadyne: sys_socket[PID: 536 (iptables)]: family:2, type:3, protocol:255
iptables v1.2.9: can't initialize iptables table `nat': Table does not exist (do you need to insmod?)
Perhaps iptables or your kernel needs to be upgraded.
[   49.261899] firmadyne: sys_socket[PID: 542 (iptables)]: family:2, type:3, protocol:255
[   49.275028] firmadyne: sys_setsockopt[PID: 542 (iptables)]: fd:3, level:0, optname:64
[   49.279160] firmadyne: sys_setsockopt[PID: 542 (iptables)]: fd:3, level:0, optname:65
[   49.413219] firmadyne: sys_socket[PID: 543 (iptables)]: family:2, type:3, protocol:255
modprobe: could not parse modules.dep

[   49.482834] firmadyne: sys_socket[PID: 543 (iptables)]: family:2, type:3, protocol:255
iptables v1.2.9: can't initialize iptables table `nat': Table does not exist (do you need to insmod?)
Perhaps iptables or your kernel needs to be upgraded.
[   49.653405] firmadyne: sys_socket[PID: 549 (iptables)]: family:2, type:3, protocol:255
modprobe: could not parse modules.dep

[   49.724202] firmadyne: sys_socket[PID: 549 (iptables)]: family:2, type:3, protocol:255
iptables v1.2.9: can't initialize iptables table `nat': Table does not exist (do you need to insmod?)
Perhaps iptables or your kernel needs to be upgraded.
[   49.890493] firmadyne: sys_socket[PID: 555 (iptables)]: family:2, type:3, protocol:255
modprobe: could not parse modules.dep

[   49.963736] firmadyne: sys_socket[PID: 555 (iptables)]: family:2, type:3, protocol:255
iptables v1.2.9: can't initialize iptables table `nat': Table does not exist (do you need to insmod?)
Perhaps iptables or your kernel needs to be upgraded.
[   50.135239] firmadyne: sys_socket[PID: 561 (iptables)]: family:2, type:3, protocol:255
modprobe: could not parse modules.dep

[   50.207844] firmadyne: sys_socket[PID: 561 (iptables)]: family:2, type:3, protocol:255
iptables v1.2.9: can't initialize iptables table `nat': Table does not exist (do you need to insmod?)
Perhaps iptables or your kernel needs to be upgraded.
[   50.378180] firmadyne: sys_socket[PID: 567 (iptables)]: family:2, type:3, protocol:255
modprobe: could not parse modules.dep

[   50.489209] firmadyne: sys_socket[PID: 567 (iptables)]: family:2, type:3, protocol:255
iptables v1.2.9: can't initialize iptables table `nat': Table does not exist (do you need to insmod?)
Perhaps iptables or your kernel needs to be upgraded.
[   50.645163] firmadyne: sys_socket[PID: 573 (iptables)]: family:2, type:3, protocol:255
modprobe: could not parse modules.dep

[   50.684464] firmadyne: sys_socket[PID: 573 (iptables)]: family:2, type:3, protocol:255
iptables v1.2.9: can't initialize iptables table `nat': Table does not exist (do you need to insmod?)
Perhaps iptables or your kernel needs to be upgraded.
[   50.772197] firmadyne: sys_socket[PID: 579 (iptables)]: family:2, type:3, protocol:255
modprobe: could not parse modules.dep

[   50.812076] firmadyne: sys_socket[PID: 579 (iptables)]: family:2, type:3, protocol:255
iptables v1.2.9: can't initialize iptables table `nat': Table does not exist (do you need to insmod?)
Perhaps iptables or your kernel needs to be upgraded.
[   50.898601] firmadyne: sys_socket[PID: 585 (iptables)]: family:2, type:3, protocol:255
modprobe: could not parse modules.dep

[   50.937090] firmadyne: sys_socket[PID: 585 (iptables)]: family:2, type:3, protocol:255
iptables v1.2.9: can't initialize iptables table `nat': Table does not exist (do you need to insmod?)
Perhaps iptables or your kernel needs to be upgraded.
[   51.024632] firmadyne: sys_socket[PID: 591 (iptables)]: family:2, type:3, protocol:255
modprobe: could not parse modules.dep

[   51.068530] firmadyne: sys_socket[PID: 591 (iptables)]: family:2, type:3, protocol:255
iptables v1.2.9: can't initialize iptables table `nat': Table does not exist (do you need to insmod?)
Perhaps iptables or your kernel needs to be upgraded.
[   51.221692] firmadyne: sys_socket[PID: 597 (iptables)]: family:2, type:3, protocol:255
[   51.239324] firmadyne: sys_socket[PID: 598 (atp)]: family:1, type:2, protocol:0
modprobe: could not parse modules.dep

[   51.303813] firmadyne: sys_socket[PID: 597 (iptables)]: family:2, type:3, protocol:255
iptables v1.2.9: can't initialize iptables table `nat': Table does not exist (do you need to insmod?)
Perhaps iptables or your kernel needs to be upgraded.
[   51.481251] firmadyne: sys_socket[PID: 604 (iptables)]: family:2, type:3, protocol:255
modprobe: could not parse modules.dep

[   51.551831] firmadyne: sys_socket[PID: 604 (iptables)]: family:2, type:3, protocol:255
iptables v1.2.9: can't initialize iptables table `nat': Table does not exist (do you need to insmod?)
Perhaps iptables or your kernel needs to be upgraded.
[   51.720059] firmadyne: sys_socket[PID: 610 (iptables)]: family:2, type:3, protocol:255
modprobe: could not parse modules.dep

[   51.796368] firmadyne: sys_socket[PID: 610 (iptables)]: family:2, type:3, protocol:255
iptables v1.2.9: can't initialize iptables table `nat': Table does not exist (do you need to insmod?)
Perhaps iptables or your kernel needs to be upgraded.
[   51.967026] firmadyne: sys_socket[PID: 616 (iptables)]: family:2, type:3, protocol:255
[   51.979334] firmadyne: sys_setsockopt[PID: 616 (iptables)]: fd:3, level:0, optname:64
[   51.983273] firmadyne: sys_setsockopt[PID: 616 (iptables)]: fd:3, level:0, optname:65
[   52.116063] firmadyne: sys_socket[PID: 617 (iptables)]: family:2, type:3, protocol:255
[   52.126348] firmadyne: sys_setsockopt[PID: 617 (iptables)]: fd:3, level:0, optname:64
[   52.128308] firmadyne: sys_setsockopt[PID: 617 (iptables)]: fd:3, level:0, optname:65
[   52.266643] firmadyne: sys_socket[PID: 618 (iptables)]: family:2, type:3, protocol:255
[   52.279712] firmadyne: sys_setsockopt[PID: 618 (iptables)]: fd:3, level:0, optname:64
[   52.289448] firmadyne: sys_setsockopt[PID: 618 (iptables)]: fd:3, level:0, optname:65
[   52.429964] firmadyne: sys_socket[PID: 619 (iptables)]: family:2, type:3, protocol:255
[   52.443345] firmadyne: sys_setsockopt[PID: 619 (iptables)]: fd:3, level:0, optname:64
[   52.452257] firmadyne: sys_setsockopt[PID: 619 (iptables)]: fd:3, level:0, optname:65
[   52.597420] firmadyne: sys_socket[PID: 624 (iptables)]: family:2, type:3, protocol:255
[   52.611127] firmadyne: sys_setsockopt[PID: 624 (iptables)]: fd:3, level:0, optname:64
[   52.621397] firmadyne: sys_setsockopt[PID: 624 (iptables)]: fd:3, level:0, optname:65
[   52.749194] firmadyne: sys_socket[PID: 625 (iptables)]: family:2, type:3, protocol:255
[   52.763447] firmadyne: sys_setsockopt[PID: 625 (iptables)]: fd:3, level:0, optname:64
[   52.773424] firmadyne: sys_setsockopt[PID: 625 (iptables)]: fd:3, level:0, optname:65
[   52.902172] firmadyne: sys_socket[PID: 626 (iptables)]: family:2, type:3, protocol:255
[   52.916780] firmadyne: sys_setsockopt[PID: 626 (iptables)]: fd:3, level:0, optname:64
[   52.929402] firmadyne: sys_setsockopt[PID: 626 (iptables)]: fd:3, level:0, optname:65
[   53.093106] firmadyne: sys_socket[PID: 627 (iptables)]: family:2, type:3, protocol:255
[   53.108370] firmadyne: sys_setsockopt[PID: 627 (iptables)]: fd:3, level:0, optname:64
iptables: Protocol wrong type for socket
[   53.296260] firmadyne: sys_socket[PID: 630 (iptables)]: family:2, type:3, protocol:255
modprobe: could not parse modules.dep

[   53.384778] firmadyne: sys_socket[PID: 630 (iptables)]: family:2, type:3, protocol:255
iptables v1.2.9: can't initialize iptables table `nat': Table does not exist (do you need to insmod?)
Perhaps iptables or your kernel needs to be upgraded.
[   53.594609] firmadyne: sys_socket[PID: 640 (iptables)]: family:2, type:3, protocol:255
modprobe: could not parse modules.dep

[   53.668193] firmadyne: sys_socket[PID: 640 (iptables)]: family:2, type:3, protocol:255
iptables v1.2.9: can't initialize iptables table `nat': Table does not exist (do you need to insmod?)
Perhaps iptables or your kernel needs to be upgraded.
[   53.878331] firmadyne: sys_socket[PID: 646 (iptables)]: family:2, type:3, protocol:255
modprobe: could not parse modules.dep

[   53.951779] firmadyne: sys_socket[PID: 646 (iptables)]: family:2, type:3, protocol:255
iptables v1.2.9: can't initialize iptables table `nat': Table does not exist (do you need to insmod?)
Perhaps iptables or your kernel needs to be upgraded.
[   54.134477] firmadyne: sys_socket[PID: 652 (iptables)]: family:2, type:3, protocol:255
modprobe: could not parse modules.dep

[   54.207796] firmadyne: sys_socket[PID: 652 (iptables)]: family:2, type:3, protocol:255
iptables v1.2.9: can't initialize iptables table `nat': Table does not exist (do you need to insmod?)
Perhaps iptables or your kernel needs to be upgraded.
[   54.415818] firmadyne: sys_socket[PID: 658 (iptables)]: family:2, type:3, protocol:255
modprobe: could not parse modules.dep

[   54.487740] firmadyne: sys_socket[PID: 658 (iptables)]: family:2, type:3, protocol:255
iptables v1.2.9: can't initialize iptables table `nat': Table does not exist (do you need to insmod?)
Perhaps iptables or your kernel needs to be upgraded.
[   54.671099] firmadyne: sys_socket[PID: 664 (iptables)]: family:2, type:3, protocol:255
modprobe: could not parse modules.dep

[   54.743747] firmadyne: sys_socket[PID: 664 (iptables)]: family:2, type:3, protocol:255
iptables v1.2.9: can't initialize iptables table `nat': Table does not exist (do you need to insmod?)
Perhaps iptables or your kernel needs to be upgraded.
[   54.961698] firmadyne: sys_socket[PID: 670 (iptables)]: family:2, type:3, protocol:255
modprobe: could not parse modules.dep

[   55.036177] firmadyne: sys_socket[PID: 670 (iptables)]: family:2, type:3, protocol:255
iptables v1.2.9: can't initialize iptables table `nat': Table does not exist (do you need to insmod?)
Perhaps iptables or your kernel needs to be upgraded.
[   55.253534] firmadyne: sys_socket[PID: 676 (iptables)]: family:2, type:3, protocol:255
modprobe: could not parse modules.dep

[   55.328315] firmadyne: sys_socket[PID: 676 (iptables)]: family:2, type:3, protocol:255
iptables v1.2.9: can't initialize iptables table `nat': Table does not exist (do you need to insmod?)
Perhaps iptables or your kernel needs to be upgraded.
[   55.545778] firmadyne: sys_socket[PID: 682 (iptables)]: family:2, type:3, protocol:255
modprobe: could not parse modules.dep

[   55.619824] firmadyne: sys_socket[PID: 682 (iptables)]: family:2, type:3, protocol:255
iptables v1.2.9: can't initialize iptables table `nat': Table does not exist (do you need to insmod?)
Perhaps iptables or your kernel needs to be upgraded.
[   55.802883] firmadyne: sys_socket[PID: 688 (iptables)]: family:2, type:3, protocol:255
modprobe: could not parse modules.dep

[   55.875705] firmadyne: sys_socket[PID: 688 (iptables)]: family:2, type:3, protocol:255
iptables v1.2.9: can't initialize iptables table `nat': Table does not exist (do you need to insmod?)
Perhaps iptables or your kernel needs to be upgraded.
[   56.146624] firmadyne: sys_socket[PID: 694 (iptables)]: family:2, type:3, protocol:255
modprobe: could not parse modules.dep

[   56.188647] firmadyne: sys_socket[PID: 694 (iptables)]: family:2, type:3, protocol:255
iptables v1.2.9: can't initialize iptables table `nat': Table does not exist (do you need to insmod?)
Perhaps iptables or your kernel needs to be upgraded.
[   56.298012] firmadyne: sys_socket[PID: 700 (iptables)]: family:2, type:3, protocol:255
modprobe: could not parse modules.dep

[   56.338398] firmadyne: sys_socket[PID: 700 (iptables)]: family:2, type:3, protocol:255
iptables v1.2.9: can't initialize iptables table `nat': Table does not exist (do you need to insmod?)
Perhaps iptables or your kernel needs to be upgraded.
[   56.453837] firmadyne: sys_socket[PID: 706 (iptables)]: family:2, type:3, protocol:255
modprobe: could not parse modules.dep

[   56.493666] firmadyne: sys_socket[PID: 706 (iptables)]: family:2, type:3, protocol:255
iptables v1.2.9: can't initialize iptables table `nat': Table does not exist (do you need to insmod?)
Perhaps iptables or your kernel needs to be upgraded.
[   56.598054] firmadyne: sys_socket[PID: 712 (iptables)]: family:2, type:3, protocol:255
modprobe: could not parse modules.dep

[   56.651762] firmadyne: sys_socket[PID: 712 (iptables)]: family:2, type:3, protocol:255
iptables v1.2.9: can't initialize iptables table `nat': Table does not exist (do you need to insmod?)
Perhaps iptables or your kernel needs to be upgraded.
[   56.878477] firmadyne: sys_socket[PID: 719 (iptables)]: family:2, type:3, protocol:255
modprobe: could not parse modules.dep

[   56.954825] firmadyne: sys_socket[PID: 719 (iptables)]: family:2, type:3, protocol:255
iptables v1.2.9: can't initialize iptables table `nat': Table does not exist (do you need to insmod?)
Perhaps iptables or your kernel needs to be upgraded.
[   57.178691] firmadyne: sys_socket[PID: 729 (iptables)]: family:2, type:3, protocol:255
[/etc/templates/timezone.sh] ...
modprobe: could not parse modules.dep

[   57.255037] firmadyne: sys_socket[PID: 729 (iptables)]: family:2, type:3, protocol:255
iptables v1.2.9: can't initialize iptables table `nat': Table does not exist (do you need to insmod?)
Perhaps iptables or your kernel needs to be upgraded.
[   57.350028] firmadyne: sys_socket[PID: 737 (rgdb)]: family:1, type:2, protocol:0
[   57.495752] firmadyne: sys_socket[PID: 739 (iptables)]: family:2, type:3, protocol:255
modprobe: could not parse modules.dep

[   57.574592] firmadyne: sys_socket[PID: 739 (iptables)]: family:2, type:3, protocol:255
iptables v1.2.9: can't initialize iptables table `nat': Table does not exist (do you need to insmod?)
Perhaps iptables or your kernel needs to be upgraded.
[   57.802010] firmadyne: sys_socket[PID: 748 (iptables)]: family:2, type:3, protocol:255
modprobe: could not parse modules.dep

[   57.869632] firmadyne: sys_socket[PID: 752 (rgdb)]: family:1, type:2, protocol:0
[   57.882539] firmadyne: sys_socket[PID: 748 (iptables)]: family:2, type:3, protocol:255
iptables v1.2.9: can't initialize iptables table `nat': Table does not exist (do you need to insmod?)
Perhaps iptables or your kernel needs to be upgraded.
[   58.050991] firmadyne: sys_socket[PID: 760 (rgdb)]: family:1, type:2, protocol:0
[   58.130924] firmadyne: sys_socket[PID: 759 (iptables)]: family:2, type:3, protocol:255
modprobe: could not parse modules.dep

[   58.205538] firmadyne: sys_socket[PID: 759 (iptables)]: family:2, type:3, protocol:255
[   58.227171] firmadyne: sys_socket[PID: 763 (rgdb)]: family:1, type:2, protocol:0
iptables v1.2.9: can't initialize iptables table `nat': Table does not exist (do you need to insmod?)
Perhaps iptables or your kernel needs to be upgraded.
[   58.406967] firmadyne: sys_socket[PID: 768 (iptables)]: family:2, type:3, protocol:255
modprobe: could not parse modules.dep

[   58.448565] firmadyne: sys_socket[PID: 768 (iptables)]: family:2, type:3, protocol:255
iptables v1.2.9: can't initialize iptables table `nat': Table does not exist (do you need to insmod?)
Perhaps iptables or your kernel needs to be upgraded.
[   58.563109] firmadyne: sys_socket[PID: 776 (iptables)]: family:2, type:3, protocol:255
modprobe: could not parse modules.dep

[   58.606657] firmadyne: sys_socket[PID: 776 (iptables)]: family:2, type:3, protocol:255
iptables v1.2.9: can't initialize iptables table `nat': Table does not exist (do you need to insmod?)
Perhaps iptables or your kernel needs to be upgraded.
[   58.733488] firmadyne: sys_socket[PID: 782 (iptables)]: family:2, type:3, protocol:255
modprobe: could not parse modules.dep

[   58.828240] firmadyne: sys_socket[PID: 782 (iptables)]: family:2, type:3, protocol:255
iptables v1.2.9: can't initialize iptables table `nat': Table does not exist (do you need to insmod?)
Perhaps iptables or your kernel needs to be upgraded.
[   59.101238] firmadyne: sys_socket[PID: 792 (iptables)]: family:2, type:3, protocol:255
modprobe: could not parse modules.dep

[   59.187184] firmadyne: sys_socket[PID: 792 (iptables)]: family:2, type:3, protocol:255
iptables v1.2.9: can't initialize iptables table `nat': Table does not exist (do you need to insmod?)
Perhaps iptables or your kernel needs to be upgraded.
Wed May 22 02:21:21 PST 2002
[   59.383350] firmadyne: sys_socket[PID: 807 (rgdb)]: family:1, type:2, protocol:0
[   59.407994] firmadyne: sys_socket[PID: 806 (iptables)]: family:2, type:3, protocol:255
modprobe: could not parse modules.dep

[   59.499961] firmadyne: sys_socket[PID: 806 (iptables)]: family:2, type:3, protocol:255
iptables v1.2.9: can't initialize iptables table `nat': Table does not exist (do you need to insmod?)
Perhaps iptables or your kernel needs to be upgraded.
[   59.723636] firmadyne: sys_socket[PID: 815 (iptables)]: family:2, type:3, protocol:255
modprobe: could not parse modules.dep

[   59.807982] firmadyne: sys_socket[PID: 815 (iptables)]: family:2, type:3, protocol:255
iptables v1.2.9: can't initialize iptables table `nat': [/etc/templates/timezone.sh] ...
Table does not exist (do you need to insmod?)
Perhaps iptables or your kernel needs to be upgraded.
[   60.003206] firmadyne: sys_socket[PID: 827 (rgdb)]: family:1, type:2, protocol:0
[   60.036313] firmadyne: sys_socket[PID: 826 (iptables)]: family:2, type:3, protocol:255
modprobe: could not parse modules.dep

[   60.113733] firmadyne: sys_socket[PID: 826 (iptables)]: family:2, type:3, protocol:255
iptables v1.2.9: can't initialize iptables table `nat': Table does not exist (do you need to insmod?)
Perhaps iptables or your kernel needs to be upgraded.
[   60.376332] firmadyne: sys_socket[PID: 835 (portt)]: family:1, type:1, protocol:0
Using /lib/modules/sw_tcpip.o
insmod: Not configured to support old kernels
[   60.615239] firmadyne: sys_socket[PID: 845 (rgdb)]: family:1, type:2, protocol:0
Using /lib/modules/ifresetcnt.o
insmod: Not configured to support old kernels
Using /lib/modules/ipt_string.o
insmod: Not configured to support old kernels
[   60.796495] firmadyne: sys_socket[PID: 849 (rgdb)]: family:1, type:2, protocol:0
[   60.921423] firmadyne: sys_socket[PID: 851 (rgdb)]: family:1, type:2, protocol:0
/proc/sys/net/ipv4/ip_conntrack_max: cannot create
[   60.996026] firmadyne: sys_socket[PID: 853 (rgdb)]: family:1, type:2, protocol:0
Using /lib/modules/ip_stun_func.o
insmod: Not configured to support old kernels
[   61.186847] firmadyne: sys_socket[PID: 858 (iptables)]: family:2, type:3, protocol:255
[   61.195936] firmadyne: sys_setsockopt[PID: 858 (iptables)]: fd:3, level:0, optname:64
[   61.198530] firmadyne: sys_setsockopt[PID: 858 (iptables)]: fd:3, level:0, optname:65
[   61.264274] firmadyne: sys_socket[PID: 860 (iptables)]: family:2, type:3, protocol:255
modprobe: could not parse modules.dep

[   61.305816] firmadyne: sys_socket[PID: 860 (iptables)]: family:2, type:3, protocol:255
iptables v1.2.9: can't initialize iptables table `nat': Table does not exist (do you need to insmod?)
Perhaps iptables or your kernel needs to be upgraded.
[   61.390740] firmadyne: sys_socket[PID: 866 (iptables)]: family:2, type:3, protocol:255
modprobe: could not parse modules.dep

[   61.433351] firmadyne: sys_socket[PID: 866 (iptables)]: family:2, type:3, protocol:255
iptables v1.2.9: can't initialize iptables table `nat': Table does not exist (do you need to insmod?)
Perhaps iptables or your kernel needs to be upgraded.
[   61.527438] firmadyne: sys_socket[PID: 873 (logger)]: family:1, type:1, protocol:0
Wed May 22 15:39:58 PST 2002
[   61.669690] firmadyne: sys_socket[PID: 875 (iptables)]: family:2, type:3, protocol:255
[   61.689258] firmadyne: sys_setsockopt[PID: 875 (iptables)]: fd:3, level:0, optname:64
[   61.691668] firmadyne: sys_setsockopt[PID: 875 (iptables)]: fd:3, level:0, optname:65
[   61.746768] firmadyne: sys_socket[PID: 877 (rgdb)]: family:1, type:2, protocol:0
[   61.844788] firmadyne: sys_socket[PID: 878 (iptables)]: family:2, type:3, protocol:255
[   61.856547] firmadyne: sys_setsockopt[PID: 878 (iptables)]: fd:3, level:0, optname:64
[   61.869622] firmadyne: sys_setsockopt[PID: 878 (iptables)]: fd:3, level:0, optname:65
[   61.916360] firmadyne: sys_socket[PID: 881 (logger)]: family:1, type:1, protocol:0
[   61.980493] firmadyne: sys_socket[PID: 882 (logger)]: family:1, type:1, protocol:0
[/usr/sbin/submit] COMMIT ...
[   62.114468] firmadyne: sys_socket[PID: 885 (iptables)]: family:2, type:3, protocol:255
[   62.129552] firmadyne: sys_setsockopt[PID: 885 (iptables)]: fd:3, level:0, optname:64
[   62.131783] firmadyne: sys_setsockopt[PID: 885 (iptables)]: fd:3, level:0, optname:65
[   62.147516] firmadyne: sys_socket[PID: 886 (xmldbc)]: family:1, type:2, protocol:0
[   62.234621] firmadyne: sys_socket[PID: 887 (logger)]: family:1, type:1, protocol:0
[   62.324106] firmadyne: sys_socket[PID: 888 (logger)]: family:1, type:1, protocol:0
[   62.417305] firmadyne: sys_socket[PID: 890 (logger)]: family:1, type:1, protocol:0
[/etc/scripts/misc/profile.sh] put ...
[   62.711878] firmadyne: sys_socket[PID: 896 (iptables)]: family:2, type:3, protocol:255
[   62.730221] firmadyne: sys_setsockopt[PID: 896 (iptables)]: fd:3, level:0, optname:64
[   62.732439] firmadyne: sys_setsockopt[PID: 896 (iptables)]: fd:3, level:0, optname:65
[   62.851241] firmadyne: sys_socket[PID: 900 (rgdb)]: family:1, type:2, protocol:0
[   62.856117] firmadyne: sys_socket[PID: 899 (iptables)]: family:2, type:3, protocol:255
modprobe: could not parse modules.dep

[   62.934806] firmadyne: sys_socket[PID: 899 (iptables)]: family:2, type:3, protocol:255
iptables v1.2.9: can't initialize iptables table `nat': Table does not exist (do you need to insmod?)
Perhaps iptables or your kernel needs to be upgraded.
sendto_unsock(/var/run/portt.unixsocket, flush)
[   63.091904] firmadyne: sys_socket[PID: 906 (trigger)]: family:1, type:1, protocol:0
/proc/sys/net/ipv4/arp_flood_burst: cannot create
/proc/sys/net/ipv4/arp_flood_cost: cannot create
start DNRD ...
[/etc/templates/dnrd.sh] ...
[   63.507089] firmadyne: sys_socket[PID: 914 (rgdb)]: family:1, type:2, protocol:0
[   63.842118] firmadyne: sys_socket[PID: 918 (rgdb)]: family:1, type:2, protocol:0
ok
[/usr/sbin/submit] TIME ...
[   64.233968] firmadyne: sys_socket[PID: 925 (rgdb)]: family:1, type:2, protocol:0
[   64.285118] firmadyne: sys_socket[PID: 927 (xmldbc)]: family:1, type:2, protocol:0
[/var/run/dnrd_start.sh] ...
Start DNRD ...
[   64.758880] firmadyne: sys_socket[PID: 931 (dnrd)]: family:2, type:1, protocol:0
[   64.760040] firmadyne: sys_setsockopt[PID: 931 (dnrd)]: fd:4, level:65535, optname:4
[   64.777378] firmadyne: inet_bind[PID: 931 (dnrd)]: proto:SOCK_DGRAM, port:53
[   64.778422] firmadyne: sys_socket[PID: 931 (dnrd)]: family:2, type:2, protocol:0
[   64.779594] firmadyne: sys_setsockopt[PID: 931 (dnrd)]: fd:5, level:65535, optname:4
[   64.780790] firmadyne: inet_bind[PID: 931 (dnrd)]: proto:SOCK_STREAM, port:53
Notice: caching turned off
[   64.809892] firmadyne: sys_socket[PID: 934 (xmldbc)]: family:1, type:2, protocol:0
[/etc/templates/timezone.sh] ...
[   65.010144] firmadyne: sys_socket[PID: 939 (rgdb)]: family:1, type:2, protocol:0
[   65.100248] firmadyne: sys_socket[PID: 942 (rgdb)]: family:1, type:2, protocol:0
Start telnetd ...
[   65.428443] firmadyne: sys_socket[PID: 949 (rgdb)]: family:1, type:2, protocol:0
[/etc/templates/ntp.sh] ...
[   65.694109] firmadyne: sys_socket[PID: 953 (telnetd)]: family:2, type:2, protocol:0
[   65.695291] firmadyne: sys_setsockopt[PID: 953 (telnetd)]: fd:3, level:65535, optname:4
[   65.696420] firmadyne: sys_setsockopt[PID: 953 (telnetd)]: fd:3, level:65535, optname:25
[   65.713172] firmadyne: inet_bind[PID: 953 (telnetd)]: proto:SOCK_STREAM, port:23
[   65.774827] firmadyne: sys_socket[PID: 957 (rgdb)]: family:1, type:2, protocol:0
[   65.840409] firmadyne: sys_socket[PID: 959 (rgdb)]: family:1, type:2, protocol:0
[   65.880576] firmadyne: sys_socket[PID: 960 (rgdb)]: family:1, type:2, protocol:0
start UPNPD ...
[   66.071822] firmadyne: sys_socket[PID: 963 (rgdb)]: family:1, type:2, protocol:0
[/etc/templates/upnpd.sh] ...
[   66.284369] firmadyne: sys_socket[PID: 969 (rgdb)]: family:1, type:2, protocol:0
[   66.361775] firmadyne: sys_socket[PID: 971 (rgdb)]: family:1, type:2, protocol:0
[   66.467297] firmadyne: sys_socket[PID: 974 (rgdb)]: family:1, type:2, protocol:0
[   66.474829] firmadyne: sys_socket[PID: 973 (rgdb)]: family:1, type:2, protocol:0
[   66.637782] firmadyne: sys_socket[PID: 976 (rgdb)]: family:1, type:2, protocol:0
[   66.832486] firmadyne: sys_socket[PID: 980 (xmldbc)]: family:1, type:2, protocol:0
[   66.918483] firmadyne: sys_socket[PID: 982 (xmldbc)]: family:1, type:2, protocol:0
[   67.390348] firmadyne: sys_socket[PID: 984 (xmldbc)]: family:1, type:2, protocol:0
[/var/run/upnpd_start.sh] ...
Starting UPnP ...
[   67.869224] firmadyne: sys_socket[PID: 989 (xmldbc)]: family:1, type:2, protocol:0
NTP client is disabled ...
[   68.066600] firmadyne: sys_socket[PID: 991 (xmldbc)]: family:1, type:2, protocol:0
[   68.139223] firmadyne: sys_socket[PID: 992 (xmldbc)]: family:1, type:2, protocol:0
[   68.212026] firmadyne: sys_socket[PID: 993 (xmldbc)]: family:1, type:2, protocol:0
[   68.308563] firmadyne: sys_socket[PID: 994 (xmldbc)]: family:1, type:2, protocol:0
[   68.385423] firmadyne: sys_socket[PID: 995 (xmldbc)]: family:1, type:2, protocol:0
[   68.535877] firmadyne: sys_socket[PID: 996 (xmldbc)]: family:1, type:2, protocol:0
[   68.726847] firmadyne: sys_socket[PID: 998 (xmldbc)]: family:1, type:2, protocol:0
[/usr/sbin/submit] COMMIT ...
[/var/run/upnp_alive.sh] ...
[   69.023248] firmadyne: sys_socket[PID: 1005 (xmldbc)]: family:1, type:2, protocol:0
[   69.117392] firmadyne: sys_socket[PID: 1007 (xmldbc)]: family:1, type:2, protocol:0
[   69.332420] firmadyne: sys_socket[PID: 1011 (xmldbc)]: family:1, type:2, protocol:0
[/etc/scripts/misc/profile.sh] put ...
[   69.683139] firmadyne: sys_socket[PID: 1019 (xmldbc)]: family:1, type:2, protocol:0
[   69.705754] firmadyne: sys_socket[PID: 1020 (rgdb)]: family:1, type:2, protocol:0
[   70.483918] firmadyne: sys_socket[PID: 1022 (xmldbc)]: family:1, type:2, protocol:0
[   70.567397] firmadyne: sys_socket[PID: 1023 (upnpkits)]: family:2, type:1, protocol:0
[   70.568673] firmadyne: sys_setsockopt[PID: 1023 (upnpkits)]: fd:3, level:65535, optname:25
[   70.576518] firmadyne: sys_setsockopt[PID: 1023 (upnpkits)]: fd:3, level:0, optname:33
[   70.854177] firmadyne: sys_socket[PID: 1026 (xmldbc)]: family:1, type:2, protocol:0
[   70.938018] firmadyne: sys_socket[PID: 1027 (upnpkits)]: family:2, type:1, protocol:0
[   70.939229] firmadyne: sys_setsockopt[PID: 1027 (upnpkits)]: fd:3, level:65535, optname:25
[   70.940332] firmadyne: sys_setsockopt[PID: 1027 (upnpkits)]: fd:3, level:0, optname:33
[   71.212452] firmadyne: sys_socket[PID: 1029 (xmldbc)]: family:1, type:2, protocol:0
[   71.266781] firmadyne: sys_socket[PID: 1030 (upnpkits)]: family:2, type:1, protocol:0
[   71.267998] firmadyne: sys_setsockopt[PID: 1030 (upnpkits)]: fd:3, level:65535, optname:25
[   71.274025] firmadyne: sys_setsockopt[PID: 1030 (upnpkits)]: fd:3, level:0, optname:33
[   71.566695] firmadyne: sys_socket[PID: 1033 (xmldbc)]: family:1, type:2, protocol:0
ok
[   71.642590] firmadyne: sys_socket[PID: 1034 (upnpkits)]: family:2, type:1, protocol:0
[   71.643819] firmadyne: sys_setsockopt[PID: 1034 (upnpkits)]: fd:3, level:65535, optname:25
[   71.653469] firmadyne: sys_setsockopt[PID: 1034 (upnpkits)]: fd:3, level:0, optname:33
[   71.890181] firmadyne: sys_socket[PID: 1039 (xmldbc)]: family:1, type:2, protocol:0
[   71.925965] firmadyne: sys_socket[PID: 1040 (upnpkits)]: family:2, type:1, protocol:0
[   71.927220] firmadyne: sys_setsockopt[PID: 1040 (upnpkits)]: fd:3, level:65535, optname:25
[   71.928293] firmadyne: sys_setsockopt[PID: 1040 (upnpkits)]: fd:3, level:0, optname:33
[   72.122935] firmadyne: sys_socket[PID: 1042 (xmldbc)]: family:1, type:2, protocol:0
[   72.162307] firmadyne: sys_socket[PID: 1043 (upnpkits)]: family:2, type:1, protocol:0
[   72.163522] firmadyne: sys_setsockopt[PID: 1043 (upnpkits)]: fd:3, level:65535, optname:25
[   72.164548] firmadyne: sys_setsockopt[PID: 1043 (upnpkits)]: fd:3, level:0, optname:33
[   72.408619] firmadyne: sys_socket[PID: 1045 (xmldbc)]: family:1, type:2, protocol:0
[   72.468386] firmadyne: sys_socket[PID: 1046 (upnpkits)]: family:2, type:1, protocol:0
[   72.475076] firmadyne: sys_setsockopt[PID: 1046 (upnpkits)]: fd:3, level:65535, optname:25
[   72.476097] firmadyne: sys_setsockopt[PID: 1046 (upnpkits)]: fd:3, level:0, optname:33
[   72.732523] firmadyne: sys_socket[PID: 1050 (xmldbc)]: family:1, type:2, protocol:0
[/usr/sbin/submit] COMMIT ...
[   72.804431] firmadyne: sys_socket[PID: 1051 (upnpkits)]: family:2, type:1, protocol:0
[   72.811103] firmadyne: sys_setsockopt[PID: 1051 (upnpkits)]: fd:3, level:65535, optname:25
[   72.812149] firmadyne: sys_setsockopt[PID: 1051 (upnpkits)]: fd:3, level:0, optname:33
[   73.050624] firmadyne: sys_socket[PID: 1056 (xmldbc)]: family:1, type:2, protocol:0
[   73.080169] firmadyne: sys_socket[PID: 1057 (xmldbc)]: family:1, type:2, protocol:0
[   73.144513] firmadyne: sys_socket[PID: 1058 (upnpkits)]: family:2, type:1, protocol:0
[   73.151344] firmadyne: sys_setsockopt[PID: 1058 (upnpkits)]: fd:3, level:65535, optname:25
[   73.152393] firmadyne: sys_setsockopt[PID: 1058 (upnpkits)]: fd:3, level:0, optname:33
[   73.412518] firmadyne: sys_socket[PID: 1060 (xmldbc)]: family:1, type:2, protocol:0
[   73.485223] firmadyne: sys_socket[PID: 1061 (upnpkits)]: family:2, type:1, protocol:0
[   73.486487] firmadyne: sys_setsockopt[PID: 1061 (upnpkits)]: fd:3, level:65535, optname:25
[   73.487544] firmadyne: sys_setsockopt[PID: 1061 (upnpkits)]: fd:3, level:0, optname:33
[/etc/scripts/misc/profile.sh] put ...
[   73.761623] firmadyne: sys_socket[PID: 1065 (xmldbc)]: family:1, type:2, protocol:0
[   73.819183] firmadyne: sys_socket[PID: 1066 (upnpkits)]: family:2, type:1, protocol:0
[   73.820349] firmadyne: sys_setsockopt[PID: 1066 (upnpkits)]: fd:3, level:65535, optname:25
[   73.827250] firmadyne: sys_setsockopt[PID: 1066 (upnpkits)]: fd:3, level:0, optname:33
[   74.087616] firmadyne: sys_socket[PID: 1073 (rgdb)]: family:1, type:2, protocol:0
[   74.091590] firmadyne: sys_socket[PID: 1071 (xmldbc)]: family:1, type:2, protocol:0
[   74.269311] firmadyne: sys_socket[PID: 1072 (upnpkits)]: family:2, type:1, protocol:0
[   74.270534] firmadyne: sys_setsockopt[PID: 1072 (upnpkits)]: fd:3, level:65535, optname:25
[   74.271563] firmadyne: sys_setsockopt[PID: 1072 (upnpkits)]: fd:3, level:0, optname:33
[   74.542808] firmadyne: sys_socket[PID: 1076 (xmldbc)]: family:1, type:2, protocol:0
[   74.600048] firmadyne: sys_socket[PID: 1077 (upnpkits)]: family:2, type:1, protocol:0
[   74.606940] firmadyne: sys_setsockopt[PID: 1077 (upnpkits)]: fd:3, level:65535, optname:25
[   74.608000] firmadyne: sys_setsockopt[PID: 1077 (upnpkits)]: fd:3, level:0, optname:33
[   74.868009] firmadyne: sys_socket[PID: 1079 (xmldbc)]: family:1, type:2, protocol:0
[   74.932041] firmadyne: sys_socket[PID: 1080 (upnpkits)]: family:2, type:1, protocol:0
[   74.938848] firmadyne: sys_setsockopt[PID: 1080 (upnpkits)]: fd:3, level:65535, optname:25
[   74.939908] firmadyne: sys_setsockopt[PID: 1080 (upnpkits)]: fd:3, level:0, optname:33
[   75.230605] firmadyne: sys_socket[PID: 1083 (xmldbc)]: family:1, type:2, protocol:0
[   75.293757] firmadyne: sys_socket[PID: 1084 (upnpkits)]: family:2, type:1, protocol:0
[   75.294982] firmadyne: sys_setsockopt[PID: 1084 (upnpkits)]: fd:3, level:65535, optname:25
[   75.296040] firmadyne: sys_setsockopt[PID: 1084 (upnpkits)]: fd:3, level:0, optname:33
ok
[   75.566468] firmadyne: sys_socket[PID: 1089 (xmldbc)]: family:1, type:2, protocol:0
[   75.603649] firmadyne: sys_socket[PID: 1090 (upnpkits)]: family:2, type:1, protocol:0
[   75.609683] firmadyne: sys_setsockopt[PID: 1090 (upnpkits)]: fd:3, level:65535, optname:25
[   75.610724] firmadyne: sys_setsockopt[PID: 1090 (upnpkits)]: fd:3, level:0, optname:33
[   75.800734] firmadyne: sys_socket[PID: 1092 (xmldbc)]: family:1, type:2, protocol:0
[   75.835989] firmadyne: sys_socket[PID: 1093 (upnpkits)]: family:2, type:1, protocol:0
[   75.842960] firmadyne: sys_setsockopt[PID: 1093 (upnpkits)]: fd:3, level:65535, optname:25
[   75.844012] firmadyne: sys_setsockopt[PID: 1093 (upnpkits)]: fd:3, level:0, optname:33
[   76.069769] firmadyne: sys_socket[PID: 1095 (xmldbc)]: family:1, type:2, protocol:0
[   76.122194] firmadyne: sys_socket[PID: 1096 (upnpkits)]: family:2, type:1, protocol:0
[   76.123380] firmadyne: sys_setsockopt[PID: 1096 (upnpkits)]: fd:3, level:65535, optname:25
[   76.124392] firmadyne: sys_setsockopt[PID: 1096 (upnpkits)]: fd:3, level:0, optname:33
[   76.391264] firmadyne: sys_socket[PID: 1100 (xmldbc)]: family:1, type:2, protocol:0
[   76.450899] firmadyne: sys_socket[PID: 1101 (upnpkits)]: family:2, type:1, protocol:0
[   76.452121] firmadyne: sys_setsockopt[PID: 1101 (upnpkits)]: fd:3, level:65535, optname:25
[   76.458034] firmadyne: sys_setsockopt[PID: 1101 (upnpkits)]: fd:3, level:0, optname:33
[/usr/sbin/submit] COMMIT ...
[   76.722324] firmadyne: sys_socket[PID: 1106 (xmldbc)]: family:1, type:2, protocol:0
[   76.733555] firmadyne: sys_socket[PID: 1108 (xmldbc)]: family:1, type:2, protocol:0
[   76.766151] firmadyne: sys_socket[PID: 1107 (upnpkits)]: family:2, type:1, protocol:0
[   76.767374] firmadyne: sys_setsockopt[PID: 1107 (upnpkits)]: fd:3, level:65535, optname:25
[   76.768401] firmadyne: sys_setsockopt[PID: 1107 (upnpkits)]: fd:3, level:0, optname:33
[   77.048745] firmadyne: sys_socket[PID: 1110 (xmldbc)]: family:1, type:2, protocol:0
[   77.112026] firmadyne: sys_socket[PID: 1111 (upnpkits)]: family:2, type:1, protocol:0
[   77.118985] firmadyne: sys_setsockopt[PID: 1111 (upnpkits)]: fd:3, level:65535, optname:25
[   77.120039] firmadyne: sys_setsockopt[PID: 1111 (upnpkits)]: fd:3, level:0, optname:33
[/etc/scripts/misc/profile.sh] put ...
[   77.391951] firmadyne: sys_socket[PID: 1114 (xmldbc)]: family:1, type:2, protocol:0
[   77.454277] firmadyne: sys_socket[PID: 1115 (upnpkits)]: family:2, type:1, protocol:0
[   77.455545] firmadyne: sys_setsockopt[PID: 1115 (upnpkits)]: fd:3, level:65535, optname:25
[   77.456631] firmadyne: sys_setsockopt[PID: 1115 (upnpkits)]: fd:3, level:0, optname:33
[   77.743766] firmadyne: sys_socket[PID: 1121 (xmldbc)]: family:1, type:2, protocol:0
[   77.804578] firmadyne: sys_socket[PID: 1122 (upnpkits)]: family:2, type:1, protocol:0
[   77.806089] firmadyne: sys_setsockopt[PID: 1122 (upnpkits)]: fd:3, level:65535, optname:25
[   77.807134] firmadyne: sys_setsockopt[PID: 1122 (upnpkits)]: fd:3, level:0, optname:33
[   77.841710] firmadyne: sys_socket[PID: 1123 (rgdb)]: family:1, type:2, protocol:0
[   78.086234] firmadyne: sys_socket[PID: 1125 (xmldbc)]: family:1, type:2, protocol:0
[   78.199410] firmadyne: sys_socket[PID: 1126 (upnpkits)]: family:2, type:1, protocol:0
[   78.200654] firmadyne: sys_setsockopt[PID: 1126 (upnpkits)]: fd:3, level:65535, optname:25
[   78.207494] firmadyne: sys_setsockopt[PID: 1126 (upnpkits)]: fd:3, level:0, optname:33
[   78.458523] firmadyne: sys_socket[PID: 1129 (xmldbc)]: family:1, type:2, protocol:0
[   78.507352] firmadyne: sys_socket[PID: 1130 (upnpkits)]: family:2, type:1, protocol:0
[   78.508529] firmadyne: sys_setsockopt[PID: 1130 (upnpkits)]: fd:3, level:65535, optname:25
[   78.521098] firmadyne: sys_setsockopt[PID: 1130 (upnpkits)]: fd:3, level:0, optname:33
[   78.767757] firmadyne: sys_socket[PID: 1132 (xmldbc)]: family:1, type:2, protocol:0
[   78.830063] firmadyne: sys_socket[PID: 1133 (upnpkits)]: family:2, type:1, protocol:0
[   78.831291] firmadyne: sys_setsockopt[PID: 1133 (upnpkits)]: fd:3, level:65535, optname:25
[   78.832324] firmadyne: sys_setsockopt[PID: 1133 (upnpkits)]: fd:3, level:0, optname:33
[   79.117159] firmadyne: sys_socket[PID: 1136 (xmldbc)]: family:1, type:2, protocol:0
[   79.176030] firmadyne: sys_socket[PID: 1137 (upnpkits)]: family:2, type:1, protocol:0
[   79.183341] firmadyne: sys_setsockopt[PID: 1137 (upnpkits)]: fd:3, level:65535, optname:25
[   79.184424] firmadyne: sys_setsockopt[PID: 1137 (upnpkits)]: fd:3, level:0, optname:33
ok
