[    0.000000] Linux version 4.1.17+ (alessio@pc) (gcc version 5.5.0 20171010 (Ubuntu 5.5.0-12ubuntu1) ) #1 Mon May 15 23:04:08 CEST 2023
[    0.000000] earlycon: Early serial console at I/O port 0x3f8 (options '38400n8')
[    0.000000] bootconsole [uart0] enabled
[    0.000000] CPU0 revision is: 00019300 (MIPS 24Kc)
[    0.000000] FPU revision is: 00739300
[    0.000000] Software DMA cache coherency enabled
[    0.000000] Determined physical RAM map:
[    0.000000]  memory: 00001000 @ 00000000 (reserved)
[    0.000000]  memory: 000ef000 @ 00001000 (ROM data)
[    0.000000]  memory: 00798000 @ 000f0000 (reserved)
[    0.000000]  memory: 0f777000 @ 00888000 (usable)
[    0.000000] debug: ignoring loglevel setting.
[    0.000000] Wasting 69888 bytes for tracking 2184 unused pages
[    0.000000] Initrd not found or empty - disabling initrd
[    0.000000] Zone ranges:
[    0.000000]   DMA      [mem 0x0000000000000000-0x0000000000ffffff]
[    0.000000]   Normal   [mem 0x0000000001000000-0x000000000fffefff]
[    0.000000] Movable zone start for each node
[    0.000000] Early memory node ranges
[    0.000000]   node   0: [mem 0x0000000000000000-0x000000000fffefff]
[    0.000000] Initmem setup node 0 [mem 0x0000000000000000-0x000000000fffefff]
[    0.000000] On node 0 totalpages: 65535
[    0.000000] free_area_init_node: node 0, pgdat 8081d5b0, node_mem_map 81000000
[    0.000000]   DMA zone: 32 pages used for memmap
[    0.000000]   DMA zone: 0 pages reserved
[    0.000000]   DMA zone: 4096 pages, LIFO batch:0
[    0.000000]   Normal zone: 480 pages used for memmap
[    0.000000]   Normal zone: 61439 pages, LIFO batch:15
[    0.000000] Primary instruction cache 2kB, VIPT, 2-way, linesize 16 bytes.
[    0.000000] Primary data cache 2kB, 2-way, VIPT, no aliases, linesize 16 bytes
[    0.000000] pcpu-alloc: s0 r0 d32768 u32768 alloc=1*32768
[    0.000000] pcpu-alloc: [0] 0 
[    0.000000] Built 1 zonelists in Zone order, mobility grouping on.  Total pages: 65023
[    0.000000] Kernel command line: root=/dev/sda1 console=ttyS0 nandsim.parts=64,64,64,64,64,64,64,64,64,64 rdinit=/firmadyne/preInit.sh rw debug ignore_loglevel print-fatal-signals=1 FIRMAE_NET=true FIRMAE_NVRAM=true FIRMAE_KERNEL=true FIRMAE_ETC=true user_debug=0 firmadyne.syscall=1 noka
[    0.000000] found FIRMAE_KERNEL=t
[    0.000000] set the LD_PRELOAD=/firmadyne/libnvram_ioctl.so
[    0.000000] PID hash table entries: 1024 (order: 0, 4096 bytes)
[    0.000000] Dentry cache hash table entries: 32768 (order: 5, 131072 bytes)
[    0.000000] Inode-cache hash table entries: 16384 (order: 4, 65536 bytes)
[    0.000000] Writing ErrCtl register=00000000
[    0.000000] Readback ErrCtl register=00000000
[    0.000000] Memory: 251112K/262140K available (5360K kernel code, 244K rwdata, 1676K rodata, 260K init, 158K bss, 11028K reserved, 0K cma-reserved)
[    0.000000] NR_IRQS:256
[    0.000000] CPU frequency 200.00 MHz
[    0.000000] clocksource MIPS: mask: 0xffffffff max_cycles: 0xffffffff, max_idle_ns: 19112129339 ns
[    0.000204] sched_clock: 32 bits at 100MHz, resolution 9ns, wraps every 21474302971ns
[    0.016046] Console: colour dummy device 80x25
[    0.017168] Calibrating delay loop... 24.99 BogoMIPS (lpj=49984)
[    0.065304] pid_max: default: 32768 minimum: 301
[    0.069693] Mount-cache hash table entries: 1024 (order: 0, 4096 bytes)
[    0.070176] Mountpoint-cache hash table entries: 1024 (order: 0, 4096 bytes)
[    0.136406] clocksource jiffies: mask: 0xffffffff max_cycles: 0xffffffff, max_idle_ns: 7645041785100000 ns
[    0.147325] NET: Registered protocol family 16
[    0.441016] clocksource pit: mask: 0xffffffff max_cycles: 0xffffffff, max_idle_ns: 1601818034827 ns
[    0.599087] vgaarb: loaded
[    0.605017] SCSI subsystem initialized
[    0.607387] libata version 3.00 loaded.
[    0.611922] usbcore: registered new interface driver usbfs
[    0.613468] usbcore: registered new interface driver hub
[    0.614544] usbcore: registered new device driver usb
[    0.617368] pps_core: LinuxPPS API ver. 1 registered
[    0.617753] pps_core: Software ver. 5.3.6 - Copyright 2005-2007 Rodolfo Giometti <giometti@linux.it>
[    0.618652] PTP clock support registered
[    0.623486] PCI host bridge to bus 0000:00
[    0.624221] pci_bus 0000:00: root bus resource [mem 0x10000000-0x17ffffff]
[    0.625008] pci_bus 0000:00: root bus resource [io  0x1000-0x1fffff]
[    0.625585] pci_bus 0000:00: root bus resource [??? 0x00000000 flags 0x0]
[    0.626136] pci_bus 0000:00: No busn resource found for root bus, will use [bus 00-ff]
[    0.627397] pci 0000:00:00.0: [11ab:4620] type 00 class 0x060000
[    0.628289] pci 0000:00:00.0: [Firmware Bug]: reg 0x14: invalid BAR (can't size)
[    0.629000] pci 0000:00:00.0: [Firmware Bug]: reg 0x18: invalid BAR (can't size)
[    0.629554] pci 0000:00:00.0: [Firmware Bug]: reg 0x1c: invalid BAR (can't size)
[    0.630101] pci 0000:00:00.0: [Firmware Bug]: reg 0x20: invalid BAR (can't size)
[    0.630662] pci 0000:00:00.0: [Firmware Bug]: reg 0x24: invalid BAR (can't size)
[    0.634800] pci 0000:00:0a.0: [8086:7110] type 00 class 0x060100
[    0.638415] pci 0000:00:0a.1: [8086:7111] type 00 class 0x010180
[    0.639168] pci 0000:00:0a.1: reg 0x20: [io  0x0000-0x000f]
[    0.639741] pci 0000:00:0a.1: legacy IDE quirk: reg 0x10: [io  0x01f0-0x01f7]
[    0.640282] pci 0000:00:0a.1: legacy IDE quirk: reg 0x14: [io  0x03f6]
[    0.640821] pci 0000:00:0a.1: legacy IDE quirk: reg 0x18: [io  0x0170-0x0177]
[    0.641527] pci 0000:00:0a.1: legacy IDE quirk: reg 0x1c: [io  0x0376]
[    0.644749] pci 0000:00:0a.2: [8086:7112] type 00 class 0x0c0300
[    0.645430] pci 0000:00:0a.2: reg 0x20: [io  0x0000-0x001f]
[    0.648772] pci 0000:00:0a.3: [8086:7113] type 00 class 0x068000
[    0.650302] pci 0000:00:0a.3: quirk: [io  0x1000-0x103f] claimed by PIIX4 ACPI
[    0.650916] pci 0000:00:0a.3: quirk: [io  0x1100-0x110f] claimed by PIIX4 SMB
[    0.654289] pci 0000:00:12.0: [1013:00b8] type 00 class 0x030000
[    0.654903] pci 0000:00:12.0: reg 0x10: [mem 0x00000000-0x01ffffff pref]
[    0.655467] pci 0000:00:12.0: reg 0x14: [mem 0x00000000-0x00000fff]
[    0.656106] pci 0000:00:12.0: reg 0x30: [mem 0x00000000-0x0000ffff pref]
[    0.658970] vgaarb: device added: PCI:0000:00:12.0,decodes=io+mem,owns=none,locks=none
[    0.660223] pci 0000:00:13.0: [8086:100e] type 00 class 0x020000
[    0.660826] pci 0000:00:13.0: reg 0x10: [mem 0x00000000-0x0001ffff]
[    0.661365] pci 0000:00:13.0: reg 0x14: [io  0x0000-0x003f]
[    0.661993] pci 0000:00:13.0: reg 0x30: [mem 0x00000000-0x0003ffff pref]
[    0.665235] pci 0000:00:14.0: [8086:100e] type 00 class 0x020000
[    0.665824] pci 0000:00:14.0: reg 0x10: [mem 0x00000000-0x0001ffff]
[    0.666527] pci 0000:00:14.0: reg 0x14: [io  0x0000-0x003f]
[    0.667136] pci 0000:00:14.0: reg 0x30: [mem 0x00000000-0x0003ffff pref]
[    0.670417] pci 0000:00:15.0: [8086:100e] type 00 class 0x020000
[    0.671197] pci 0000:00:15.0: reg 0x10: [mem 0x00000000-0x0001ffff]
[    0.671770] pci 0000:00:15.0: reg 0x14: [io  0x0000-0x003f]
[    0.672405] pci 0000:00:15.0: reg 0x30: [mem 0x00000000-0x0003ffff pref]
[    0.675734] pci 0000:00:16.0: [8086:100e] type 00 class 0x020000
[    0.676320] pci 0000:00:16.0: reg 0x10: [mem 0x00000000-0x0001ffff]
[    0.676859] pci 0000:00:16.0: reg 0x14: [io  0x0000-0x003f]
[    0.677459] pci 0000:00:16.0: reg 0x30: [mem 0x00000000-0x0003ffff pref]
[    0.680968] pci_bus 0000:00: busn_res: [bus 00-ff] end is updated to 00
[    0.682546] pci 0000:00:12.0: BAR 0: assigned [mem 0x10000000-0x11ffffff pref]
[    0.683466] pci 0000:00:13.0: BAR 6: assigned [mem 0x12000000-0x1203ffff pref]
[    0.684134] pci 0000:00:14.0: BAR 6: assigned [mem 0x12040000-0x1207ffff pref]
[    0.684757] pci 0000:00:15.0: BAR 6: assigned [mem 0x12080000-0x120bffff pref]
[    0.685374] pci 0000:00:16.0: BAR 6: assigned [mem 0x120c0000-0x120fffff pref]
[    0.685985] pci 0000:00:13.0: BAR 0: assigned [mem 0x12100000-0x1211ffff]
[    0.686587] pci 0000:00:14.0: BAR 0: assigned [mem 0x12120000-0x1213ffff]
[    0.687223] pci 0000:00:15.0: BAR 0: assigned [mem 0x12140000-0x1215ffff]
[    0.687978] pci 0000:00:16.0: BAR 0: assigned [mem 0x12160000-0x1217ffff]
[    0.688603] pci 0000:00:12.0: BAR 6: assigned [mem 0x12180000-0x1218ffff pref]
[    0.689213] pci 0000:00:12.0: BAR 1: assigned [mem 0x12190000-0x12190fff]
[    0.689829] pci 0000:00:13.0: BAR 1: assigned [io  0x1040-0x107f]
[    0.690382] pci 0000:00:14.0: BAR 1: assigned [io  0x1080-0x10bf]
[    0.690943] pci 0000:00:15.0: BAR 1: assigned [io  0x10c0-0x10ff]
[    0.691651] pci 0000:00:16.0: BAR 1: assigned [io  0x1400-0x143f]
[    0.692220] pci 0000:00:0a.2: BAR 4: assigned [io  0x1440-0x145f]
[    0.692785] pci 0000:00:0a.1: BAR 4: assigned [io  0x1460-0x146f]
[    0.711543] cfg80211: Calling CRDA to update world regulatory domain
[    0.727511] Switched to clocksource MIPS
[    0.850521] NET: Registered protocol family 2
[    0.863425] TCP established hash table entries: 2048 (order: 1, 8192 bytes)
[    0.864756] TCP bind hash table entries: 2048 (order: 1, 8192 bytes)
[    0.865877] TCP: Hash tables configured (established 2048 bind 2048)
[    0.866962] UDP hash table entries: 256 (order: 0, 4096 bytes)
[    0.867827] UDP-Lite hash table entries: 256 (order: 0, 4096 bytes)
[    0.872099] NET: Registered protocol family 1
[    0.873828] PCI: Enabling device 0000:00:0a.2 (0000 -> 0001)
[    0.875371] PCI: CLS 0 bytes, default 16
[    0.910043] futex hash table entries: 256 (order: -1, 3072 bytes)
[    0.927943] squashfs: version 4.0 (2009/01/31) Phillip Lougher
[    0.930553] jffs2: version 2.2. (NAND) Â© 2001-2006 Red Hat, Inc.
[    0.934194] romfs: ROMFS MTD (C) 2007 Red Hat, Inc.
[    0.960442] Block layer SCSI generic (bsg) driver version 0.4 loaded (major 251)
[    0.961103] io scheduler noop registered
[    0.961832] io scheduler cfq registered (default)
[    0.962865] firmadyne: devfs: 1, execute: 1, procfs: 1, syscall: 1
[    0.969011] firmadyne: Cannot register character device: gpio, 0xfc, 0x0!
[    0.978084] firmadyne: Cannot register character device: watchdog, 0xa, 0x82!
[    0.978572] firmadyne: Cannot register character device: wdt, 0xfd, 0x0!
[    2.868572] strName = 4.1.17+
[    2.868572] init_task_addr  = 2155778944
[    2.868572] init_task_size  = 1296
[    2.868572] ts_tasks        = 292
[    2.868572] ts_pid          = 408
[    2.868572] ts_tgid         = 412
[    2.868572] ts_group_leader = 440
[    2.868572] ts_thread_group = 496
[    2.868572] ts_real_parent  = 416
[    2.868572] ts_mm           = 300
[    2.868572] ts_stack        = 4
[    2.870760] module_name   = 12
[    2.870760] module_size   = 208
[    2.870760] module_init   = 200
[    2.870760] module_list   = 4
[    2.871846] ts_real_cred    = 624
[    2.871846] ts_cred         = 628
[    2.871846] ts_comm         = 632
[    2.871846] cred_uid        = 4
[    2.871846] cred_gid        = 8
[    2.871846] cred_euid       = 20
[    2.871846] cred_egid       = 24
[    2.873295] mm_mmap         = 0
[    2.873295] mm_pgd          = 32
[    2.873295] mm_arg_start    = 136
[    2.873295] mm_start_brk    = 124
[    2.873295] mm_brk          = 128
[    2.873295] mm_start_stack  = 132
[    2.874560] vma_vm_start    = 0
[    2.874560] vma_vm_end      = 4
[    2.874560] vma_vm_next     = 8
[    2.874560] vma_vm_file     = 80
[    2.874560] vma_vm_flags    = 40
[    2.874560] vma_vm_pgoff    = 76
[    2.876027] file_dentry     = 12
[    2.876027] file_inode      = 40
[    2.876027] dentry_d_name   = 24
[    2.876027] dentry_d_iname  = 44
[    2.876027] dentry_d_parent = 16
[    2.876027] ti_task         = 0
[    2.876027] inode_ino   = 28
[    4.055733] proc_fork_connector  = 2151078840
[    4.056075] proc_exit_connector  = 2151080432
[    4.056384] proc_exec_connector  = 2151079052
[    4.056692] vma_link  = 2149124372
[    4.056957] vma_adjust  = 2149124540
[    4.057227] remove_vma  = 2149122188
[    4.057501] modules  = 2155833724
[    4.057767] trim_init_extable  = 2150545316
[    4.059002] cfg80211: Calling CRDA to update world regulatory domain
[    4.062524] PCI: Enabling device 0000:00:12.0 (0000 -> 0002)
[    4.063942] cirrusfb 0000:00:12.0: Cirrus Logic chipset on PCI bus, RAM (4096 kB) at 0x10000000
[    4.311422] Console: switching to colour frame buffer device 80x30
[    4.385522] Serial: 8250/16550 driver, 4 ports, IRQ sharing enabled
[    4.400946] console [ttyS0] disabled
[    4.429050] serial8250.0: ttyS0 at I/O 0x3f8 (irq = 4, base_baud = 115200) is a 16550A
[    4.430213] console [ttyS0] enabled
[    4.430213] console [ttyS0] enabled
[    4.430790] bootconsole [uart0] disabled
[    4.430790] bootconsole [uart0] disabled
[    4.461649] serial8250.0: ttyS1 at I/O 0x2f8 (irq = 3, base_baud = 115200) is a 16550A
[    4.593314] brd: module loaded
[    4.662342] loop: module loaded
[    4.669700] ata_piix 0000:00:0a.1: version 2.13
[    4.670287] PCI: Enabling device 0000:00:0a.1 (0000 -> 0001)
[    4.698682] scsi host0: ata_piix
[    4.704995] scsi host1: ata_piix
[    4.709290] ata1: PATA max UDMA/33 cmd 0x1f0 ctl 0x3f6 bmdma 0x1460 irq 14
[    4.709837] ata2: PATA max UDMA/33 cmd 0x170 ctl 0x376 bmdma 0x1468 irq 15
[    4.717265] [nandsim] warning: read_byte: unexpected data output cycle, state is STATE_READY return 0x0
[    4.717883] [nandsim] warning: read_byte: unexpected data output cycle, state is STATE_READY return 0x0
[    4.718468] [nandsim] warning: read_byte: unexpected data output cycle, state is STATE_READY return 0x0
[    4.719047] [nandsim] warning: read_byte: unexpected data output cycle, state is STATE_READY return 0x0
[    4.719817] [nandsim] warning: read_byte: unexpected data output cycle, state is STATE_READY return 0x0
[    4.720406] [nandsim] warning: read_byte: unexpected data output cycle, state is STATE_READY return 0x0
[    4.721181] nand: device found, Manufacturer ID: 0x98, Chip ID: 0x39
[    4.721628] nand: Toshiba NAND 128MiB 1,8V 8-bit
[    4.722046] nand: 128 MiB, SLC, erase size: 16 KiB, page size: 512, OOB size: 16
[    4.723978] flash size: 128 MiB
[    4.724255] page size: 512 bytes
[    4.724533] OOB area size: 16 bytes
[    4.724812] sector size: 16 KiB
[    4.725072] pages number: 262144
[    4.725338] pages per sector: 32
[    4.725605] bus width: 8
[    4.725841] bits in sector size: 14
[    4.726117] bits in page size: 9
[    4.726388] bits in OOB size: 4
[    4.726665] flash size with OOB: 135168 KiB
[    4.726971] page address bytes: 4
[    4.727240] sector address bytes: 3
[    4.727693] options: 0x42
[    4.824400] Scanning device for bad blocks
[    6.175792] ata2.01: NODEV after polling detection
[    6.177683] ata2.00: ATAPI: QEMU DVD-ROM, 2.5+, max UDMA/100
[    6.179190] ata1.01: NODEV after polling detection
[    6.185424] ata1.00: ATA-7: QEMU HARDDISK, 2.5+, max UDMA/100
[    6.185915] ata1.00: 2097152 sectors, multi 16: LBA48 
[    6.188312] ata2.00: configured for UDMA/33
[    6.191856] ata1.00: configured for UDMA/33
[    6.201010] scsi 0:0:0:0: Direct-Access     ATA      QEMU HARDDISK    2.5+ PQ: 0 ANSI: 5
[    6.218841] sd 0:0:0:0: [sda] 2097152 512-byte logical blocks: (1.07 GB/1.00 GiB)
[    6.220766] scsi 1:0:0:0: CD-ROM            QEMU     QEMU DVD-ROM     2.5+ PQ: 0 ANSI: 5
[    6.235432] sd 0:0:0:0: [sda] Write Protect is off
[    6.236140] sd 0:0:0:0: [sda] Mode Sense: 00 3a 00 00
[    6.237796] sd 0:0:0:0: [sda] Write cache: enabled, read cache: enabled, doesn't support DPO or FUA
[    6.250498]  sda: sda1
[    6.264641] sd 0:0:0:0: [sda] Attached SCSI disk
[    6.265234] Creating 11 MTD partitions on "NAND 128MiB 1,8V 8-bit":
[    6.265923] 0x000000000000-0x000000100000 : "NAND simulator partition 0"
[    6.278538] 0x000000100000-0x000000200000 : "NAND simulator partition 1"
[    6.290415] 0x000000200000-0x000000300000 : "NAND simulator partition 2"
[    6.302611] 0x000000300000-0x000000400000 : "NAND simulator partition 3"
[    6.314838] 0x000000400000-0x000000500000 : "NAND simulator partition 4"
[    6.327128] 0x000000500000-0x000000600000 : "NAND simulator partition 5"
[    6.339930] 0x000000600000-0x000000700000 : "NAND simulator partition 6"
[    6.352687] 0x000000700000-0x000000800000 : "NAND simulator partition 7"
[    6.365811] 0x000000800000-0x000000900000 : "NAND simulator partition 8"
[    6.377670] 0x000000900000-0x000000a00000 : "NAND simulator partition 9"
[    6.389621] 0x000000a00000-0x000008000000 : "NAND simulator partition 10"
[    6.442278] tun: Universal TUN/TAP device driver, 1.6
[    6.442671] tun: (C) 1999-2004 Max Krasnyansky <maxk@qualcomm.com>
[    6.446717] pcnet32: pcnet32.c:v1.35 21.Apr.2008 tsbogend@alpha.franken.de
[    6.448318] e1000: Intel(R) PRO/1000 Network Driver - version 7.3.21-k8-NAPI
[    6.448792] e1000: Copyright (c) 1999-2006 Intel Corporation.
[    6.449825] PCI: Enabling device 0000:00:13.0 (0000 -> 0003)
[    6.799261] e1000 0000:00:13.0 eth0: (PCI:33MHz:32-bit) 52:54:00:12:34:56
[    6.800299] e1000 0000:00:13.0 eth0: Intel(R) PRO/1000 Network Connection
[    6.801145] PCI: Enabling device 0000:00:14.0 (0000 -> 0003)
[    7.156132] e1000 0000:00:14.0 eth1: (PCI:33MHz:32-bit) 52:54:00:12:34:57
[    7.156708] e1000 0000:00:14.0 eth1: Intel(R) PRO/1000 Network Connection
[    7.157454] PCI: Enabling device 0000:00:15.0 (0000 -> 0003)
[    7.433573] cfg80211: Calling CRDA to update world regulatory domain
[    7.500561] e1000 0000:00:15.0 eth2: (PCI:33MHz:32-bit) 52:54:00:12:34:58
[    7.501135] e1000 0000:00:15.0 eth2: Intel(R) PRO/1000 Network Connection
[    7.501890] PCI: Enabling device 0000:00:16.0 (0000 -> 0003)
[    7.849295] e1000 0000:00:16.0 eth3: (PCI:33MHz:32-bit) 52:54:00:12:34:59
[    7.849945] e1000 0000:00:16.0 eth3: Intel(R) PRO/1000 Network Connection
[    7.851837] e1000e: Intel(R) PRO/1000 Network Driver - 2.3.2-k
[    7.852288] e1000e: Copyright(c) 1999 - 2014 Intel Corporation.
[    7.857887] PPP generic driver version 2.4.2
[    7.860539] PPP Deflate Compression module registered
[    7.861290] PPP MPPE Compression module registered
[    7.861753] NET: Registered protocol family 24
[    7.862613] ehci_hcd: USB 2.0 'Enhanced' Host Controller (EHCI) Driver
[    7.863202] ehci-pci: EHCI PCI platform driver
[    7.864755] ohci_hcd: USB 1.1 'Open' Host Controller (OHCI) Driver
[    7.865298] ohci-pci: OHCI PCI platform driver
[    7.866628] uhci_hcd: USB Universal Host Controller Interface driver
[    7.868654] uhci_hcd 0000:00:0a.2: UHCI Host Controller
[    7.869537] uhci_hcd 0000:00:0a.2: new USB bus registered, assigned bus number 1
[    7.870714] uhci_hcd 0000:00:0a.2: irq 11, io base 0x00001440
[    7.885333] hub 1-0:1.0: USB hub found
[    7.886227] hub 1-0:1.0: 2 ports detected
[    7.898085] usbcore: registered new interface driver usb-storage
[    7.903198] mousedev: PS/2 mouse device common for all mice
[    7.910880] rtc_cmos rtc_cmos: rtc core: registered rtc_cmos as rtc0
[    7.911885] rtc_cmos rtc_cmos: alarms up to one day, 242 bytes nvram
[    7.913620] i2c /dev entries driver
[    7.915157] piix4_smbus 0000:00:0a.3: SMBus Host Controller at 0x1100, revision 0
[    7.920885] sdhci: Secure Digital Host Controller Interface driver
[    7.921296] sdhci: Copyright(c) Pierre Ossman
[    7.924228] hidraw: raw HID events driver (C) Jiri Kosina
[    7.947028] usbcore: registered new interface driver usbhid
[    7.947569] usbhid: USB HID core driver
[    7.948836] Netfilter messages via NETLINK v0.30.
[    7.950409] nf_conntrack version 0.5.0 (3923 buckets, 15692 max)
[    7.954393] ctnetlink v0.93: registering with nfnetlink.
[    7.961442] ipip: IPv4 over IPv4 tunneling driver
[    7.977133] ip_tables: (C) 2000-2006 Netfilter Core Team
[    7.980699] arp_tables: (C) 2002 David S. Miller
[    7.982875] Initializing XFRM netlink socket
[    7.984416] NET: Registered protocol family 10
[    8.011023] ip6_tables: (C) 2000-2006 Netfilter Core Team
[    8.015982] sit: IPv6 over IPv4 tunneling driver
[    8.037249] NET: Registered protocol family 17
[    8.038327] bridge: automatic filtering via arp/ip/ip6tables has been deprecated. Update your scripts to load br_netfilter if you need this.
[    8.039716] Bridge firewalling registered
[    8.040194] Ebtables v2.0 registered
[    8.042802] 8021q: 802.1Q VLAN Support v1.8
[    8.069866] rtc_cmos rtc_cmos: setting system clock to 2025-07-23 07:40:09 UTC (1753256409)
[    8.096002] EXT2-fs (sda1): warning: mounting unchecked fs, running e2fsck is recommended
[    8.098299] VFS: Mounted root (ext2 filesystem) on device 8:1.
[    8.109324] Freeing YAMON memory: 956k freed
[    8.122189] Freeing unused kernel memory: 260K (8081f000 - 80860000)
[    8.157259] firmadyne: sys_reboot[PID: 1 (init)]: magic1:fee1dead, magic2:28121969, cmd:0
init started: BusyBox v1.14.1 (2024-07-07 02:43:58 CEST)
starting pid 48, tty '': '/etc/init.d/rcS'
[    8.258596] firmadyne: do_execve: /firmadyne/console
[    8.259287] OFFSETS: offset of pid: 0x198 offset of comm: 0x278
[/etc/init.d/S03config.sh]
[    8.367861] spurious 8259A interrupt: IRQ7.
Mounting proc and var ...
[   10.576139] cfg80211: Calling CRDA to update world regulatory domain
SymbLink /dev/mtdblock/0
SymbLink /dev/mtdblock/1
SymbLink /dev/mtdblock/10
SymbLink /dev/mtdblock/2
SymbLink /dev/mtdblock/3
SymbLink /dev/mtdblock/4
SymbLink /dev/mtdblock/5
[   13.719912] cfg80211: Calling CRDA to update world regulatory domain
SymbLink /dev/mtdblock/6
SymbLink /dev/mtdblock/7
SymbLink /dev/mtdblock/8
SymbLink /dev/mtdblock/9
Inserting kernel modules ...
Inserting Rebootm ...
Inserting atheros ethernet ...
Inserting gpio ...
done.
Start xmldb ...
[   14.958240] firmadyne: sys_socket[PID: 147 (xmldb)]: family:1, type:2, protocol:0
[   15.952882] random: nonblocking pool is initialized
[/etc/scripts/misc/profile.sh] get ...
DEVCONF: unable to read config data (ret=-3) !
CAN NOT get devive config, generate default!
[/etc/scripts/misc/profile.sh] reset ...
[   16.488896] firmadyne: sys_socket[PID: 159 (rgdb)]: family:1, type:2, protocol:0
[/etc/scripts/misc/defnodes.sh] ...
[/etc/defnodes/S10setext.sh] ...
[   16.864058] cfg80211: Calling CRDA to update world regulatory domain
[   16.916853] firmadyne: sys_socket[PID: 165 (xmldbc)]: family:1, type:2, protocol:0
[   16.975474] firmadyne: sys_socket[PID: 167 (xmldbc)]: family:1, type:2, protocol:0
[   17.034429] firmadyne: sys_socket[PID: 168 (xmldbc)]: family:1, type:2, protocol:0
[   17.093843] firmadyne: sys_socket[PID: 169 (xmldbc)]: family:1, type:2, protocol:0
[   17.152266] firmadyne: sys_socket[PID: 170 (xmldbc)]: family:1, type:2, protocol:0
[   17.210427] firmadyne: sys_socket[PID: 171 (xmldbc)]: family:1, type:2, protocol:0
[   17.271575] firmadyne: sys_socket[PID: 172 (xmldbc)]: family:1, type:2, protocol:0
[   17.330022] firmadyne: sys_socket[PID: 173 (xmldbc)]: family:1, type:2, protocol:0
[   17.387352] firmadyne: sys_socket[PID: 174 (xmldbc)]: family:1, type:2, protocol:0
[   17.446466] firmadyne: sys_socket[PID: 175 (xmldbc)]: family:1, type:2, protocol:0
[   17.506478] firmadyne: sys_socket[PID: 176 (xmldbc)]: family:1, type:2, protocol:0
[   17.564862] firmadyne: sys_socket[PID: 177 (xmldbc)]: family:1, type:2, protocol:0
[   17.622877] firmadyne: sys_socket[PID: 178 (xmldbc)]: family:1, type:2, protocol:0
[   17.682170] firmadyne: sys_socket[PID: 179 (xmldbc)]: family:1, type:2, protocol:0
[   17.742320] firmadyne: sys_socket[PID: 180 (xmldbc)]: family:1, type:2, protocol:0
[   17.801281] firmadyne: sys_socket[PID: 181 (xmldbc)]: family:1, type:2, protocol:0
[   17.862140] firmadyne: sys_socket[PID: 182 (xmldbc)]: family:1, type:2, protocol:0
[   17.922434] firmadyne: sys_socket[PID: 183 (xmldbc)]: family:1, type:2, protocol:0
[   17.982527] firmadyne: sys_socket[PID: 184 (xmldbc)]: family:1, type:2, protocol:0
[   18.041054] firmadyne: sys_socket[PID: 185 (xmldbc)]: family:1, type:2, protocol:0
[   18.101162] firmadyne: sys_socket[PID: 186 (xmldbc)]: family:1, type:2, protocol:0
[   18.160596] firmadyne: sys_socket[PID: 187 (rgdb)]: family:1, type:2, protocol:0
[   18.220494] firmadyne: sys_socket[PID: 188 (rgdb)]: family:1, type:2, protocol:0
[   18.280664] firmadyne: sys_socket[PID: 189 (rgdb)]: family:1, type:2, protocol:0
[   18.338694] firmadyne: sys_socket[PID: 190 (rgdb)]: family:1, type:2, protocol:0
[   18.397607] firmadyne: sys_socket[PID: 191 (rgdb)]: family:1, type:2, protocol:0
[   18.457422] firmadyne: sys_socket[PID: 192 (rgdb)]: family:1, type:2, protocol:0
[   18.517111] firmadyne: sys_socket[PID: 193 (rgdb)]: family:1, type:2, protocol:0
[   18.575918] firmadyne: sys_socket[PID: 194 (rgdb)]: family:1, type:2, protocol:0
[   18.634222] firmadyne: sys_socket[PID: 195 (rgdb)]: family:1, type:2, protocol:0
[   18.688617] firmadyne: sys_socket[PID: 196 (rgdb)]: family:1, type:2, protocol:0
[   18.746900] firmadyne: sys_socket[PID: 197 (rgdb)]: family:1, type:2, protocol:0
[   18.805602] firmadyne: sys_socket[PID: 198 (rgdb)]: family:1, type:2, protocol:0
[   18.870111] firmadyne: sys_socket[PID: 199 (rgdb)]: family:1, type:2, protocol:0
[   18.932191] firmadyne: sys_socket[PID: 200 (rgdb)]: family:1, type:2, protocol:0
[   19.062509] firmadyne: sys_socket[PID: 202 (xmldbc)]: family:1, type:2, protocol:0
[   19.122477] firmadyne: sys_socket[PID: 203 (xmldbc)]: family:1, type:2, protocol:0
[   19.181556] firmadyne: sys_socket[PID: 204 (xmldbc)]: family:1, type:2, protocol:0
[   19.240986] firmadyne: sys_socket[PID: 205 (xmldbc)]: family:1, type:2, protocol:0
[   19.301190] firmadyne: sys_socket[PID: 206 (xmldbc)]: family:1, type:2, protocol:0
[   19.360647] firmadyne: sys_socket[PID: 207 (xmldbc)]: family:1, type:2, protocol:0
[   19.420631] firmadyne: sys_socket[PID: 208 (xmldbc)]: family:1, type:2, protocol:0
[   19.481761] firmadyne: sys_socket[PID: 209 (xmldbc)]: family:1, type:2, protocol:0
[   19.540827] firmadyne: sys_socket[PID: 210 (xmldbc)]: family:1, type:2, protocol:0
[   19.600091] firmadyne: sys_socket[PID: 211 (xmldbc)]: family:1, type:2, protocol:0
[   19.659057] firmadyne: sys_socket[PID: 212 (xmldbc)]: family:1, type:2, protocol:0
[   19.720677] firmadyne: sys_socket[PID: 213 (xmldbc)]: family:1, type:2, protocol:0
[   19.780124] firmadyne: sys_socket[PID: 214 (xmldbc)]: family:1, type:2, protocol:0
[   19.839521] firmadyne: sys_socket[PID: 215 (xmldbc)]: family:1, type:2, protocol:0
[   19.902697] firmadyne: sys_socket[PID: 216 (xmldbc)]: family:1, type:2, protocol:0
[   19.963242] firmadyne: sys_socket[PID: 217 (xmldbc)]: family:1, type:2, protocol:0
[   20.007930] cfg80211: Calling CRDA to update world regulatory domain
[   20.040001] firmadyne: sys_socket[PID: 218 (xmldbc)]: family:1, type:2, protocol:0
[   20.100140] firmadyne: sys_socket[PID: 220 (xmldbc)]: family:1, type:2, protocol:0
[   20.310458] firmadyne: sys_socket[PID: 225 (xmldbc)]: family:1, type:2, protocol:0
[   20.369235] firmadyne: sys_socket[PID: 226 (xmldbc)]: family:1, type:2, protocol:0
[   20.422122] firmadyne: sys_socket[PID: 227 (xmldbc)]: family:1, type:2, protocol:0
[   20.481436] firmadyne: sys_socket[PID: 228 (xmldbc)]: family:1, type:2, protocol:0
[   20.539351] firmadyne: sys_socket[PID: 229 (xmldbc)]: family:1, type:2, protocol:0
[   20.597095] firmadyne: sys_socket[PID: 230 (xmldbc)]: family:1, type:2, protocol:0
[   20.656175] firmadyne: sys_socket[PID: 231 (xmldbc)]: family:1, type:2, protocol:0
[   20.715418] firmadyne: sys_socket[PID: 232 (xmldbc)]: family:1, type:2, protocol:0
[   20.773477] firmadyne: sys_socket[PID: 233 (xmldbc)]: family:1, type:2, protocol:0
[   20.831797] firmadyne: sys_socket[PID: 234 (xmldbc)]: family:1, type:2, protocol:0
[   20.899874] firmadyne: sys_socket[PID: 235 (xmldbc)]: family:1, type:2, protocol:0
[   20.958988] firmadyne: sys_socket[PID: 236 (xmldbc)]: family:1, type:2, protocol:0
[   21.017346] firmadyne: sys_socket[PID: 237 (xmldbc)]: family:1, type:2, protocol:0
[   21.077367] firmadyne: sys_socket[PID: 238 (xmldbc)]: family:1, type:2, protocol:0
[   21.136826] firmadyne: sys_socket[PID: 239 (xmldbc)]: family:1, type:2, protocol:0
[   21.195178] firmadyne: sys_socket[PID: 240 (xmldbc)]: family:1, type:2, protocol:0
[   21.253037] firmadyne: sys_socket[PID: 241 (xmldbc)]: family:1, type:2, protocol:0
[   21.312225] firmadyne: sys_socket[PID: 242 (xmldbc)]: family:1, type:2, protocol:0
[   21.371181] firmadyne: sys_socket[PID: 243 (xmldbc)]: family:1, type:2, protocol:0
[   21.510048] firmadyne: sys_socket[PID: 247 (xmldbc)]: family:1, type:2, protocol:0
[   21.568634] firmadyne: sys_socket[PID: 248 (xmldbc)]: family:1, type:2, protocol:0
[   21.626911] firmadyne: sys_socket[PID: 249 (xmldbc)]: family:1, type:2, protocol:0
[   21.687845] firmadyne: sys_socket[PID: 250 (xmldbc)]: family:1, type:2, protocol:0
[   21.745714] firmadyne: sys_socket[PID: 251 (xmldbc)]: family:1, type:2, protocol:0
[   21.804366] firmadyne: sys_socket[PID: 252 (xmldbc)]: family:1, type:2, protocol:0
[   21.863017] firmadyne: sys_socket[PID: 253 (xmldbc)]: family:1, type:2, protocol:0
[   21.926022] firmadyne: sys_socket[PID: 254 (xmldbc)]: family:1, type:2, protocol:0
[   21.984218] firmadyne: sys_socket[PID: 255 (xmldbc)]: family:1, type:2, protocol:0
[   22.042300] firmadyne: sys_socket[PID: 256 (xmldbc)]: family:1, type:2, protocol:0
[   22.101711] firmadyne: sys_socket[PID: 257 (xmldbc)]: family:1, type:2, protocol:0
[   22.160544] firmadyne: sys_socket[PID: 258 (xmldbc)]: family:1, type:2, protocol:0
[   22.219311] firmadyne: sys_socket[PID: 259 (xmldbc)]: family:1, type:2, protocol:0
[   22.279058] firmadyne: sys_socket[PID: 260 (xmldbc)]: family:1, type:2, protocol:0
[   22.338464] firmadyne: sys_socket[PID: 261 (xmldbc)]: family:1, type:2, protocol:0
[   22.397262] firmadyne: sys_socket[PID: 262 (xmldbc)]: family:1, type:2, protocol:0
[   22.456174] firmadyne: sys_socket[PID: 263 (xmldbc)]: family:1, type:2, protocol:0
[   22.516473] firmadyne: sys_socket[PID: 264 (xmldbc)]: family:1, type:2, protocol:0
[   22.576806] firmadyne: sys_socket[PID: 265 (xmldbc)]: family:1, type:2, protocol:0
[   22.716053] firmadyne: sys_socket[PID: 269 (xmldbc)]: family:1, type:2, protocol:0
[   22.774380] firmadyne: sys_socket[PID: 270 (xmldbc)]: family:1, type:2, protocol:0
[   22.833175] firmadyne: sys_socket[PID: 271 (xmldbc)]: family:1, type:2, protocol:0
[   22.896886] firmadyne: sys_socket[PID: 272 (xmldbc)]: family:1, type:2, protocol:0
[   22.954713] firmadyne: sys_socket[PID: 273 (xmldbc)]: family:1, type:2, protocol:0
[   23.013304] firmadyne: sys_socket[PID: 274 (xmldbc)]: family:1, type:2, protocol:0
[   23.073025] firmadyne: sys_socket[PID: 275 (xmldbc)]: family:1, type:2, protocol:0
[   23.133284] firmadyne: sys_socket[PID: 276 (xmldbc)]: family:1, type:2, protocol:0
[   23.152050] cfg80211: Calling CRDA to update world regulatory domain
[   23.205458] firmadyne: sys_socket[PID: 277 (xmldbc)]: family:1, type:2, protocol:0
[   23.264046] firmadyne: sys_socket[PID: 279 (xmldbc)]: family:1, type:2, protocol:0
[   23.323851] firmadyne: sys_socket[PID: 280 (xmldbc)]: family:1, type:2, protocol:0
[   23.383069] firmadyne: sys_socket[PID: 281 (xmldbc)]: family:1, type:2, protocol:0
[   23.442042] firmadyne: sys_socket[PID: 282 (xmldbc)]: family:1, type:2, protocol:0
[   23.501970] firmadyne: sys_socket[PID: 283 (xmldbc)]: family:1, type:2, protocol:0
[   23.561149] firmadyne: sys_socket[PID: 284 (xmldbc)]: family:1, type:2, protocol:0
[   23.621547] firmadyne: sys_socket[PID: 285 (xmldbc)]: family:1, type:2, protocol:0
[   23.682418] firmadyne: sys_socket[PID: 286 (xmldbc)]: family:1, type:2, protocol:0
[   23.741367] firmadyne: sys_socket[PID: 287 (xmldbc)]: family:1, type:2, protocol:0
[   23.800193] firmadyne: sys_socket[PID: 288 (xmldbc)]: family:1, type:2, protocol:0
[   23.942891] firmadyne: sys_socket[PID: 292 (xmldbc)]: family:1, type:2, protocol:0
[   24.002658] firmadyne: sys_socket[PID: 293 (xmldbc)]: family:1, type:2, protocol:0
[   24.061870] firmadyne: sys_socket[PID: 294 (xmldbc)]: family:1, type:2, protocol:0
[   24.121628] firmadyne: sys_socket[PID: 295 (xmldbc)]: family:1, type:2, protocol:0
[   24.180574] firmadyne: sys_socket[PID: 296 (xmldbc)]: family:1, type:2, protocol:0
[   24.238763] firmadyne: sys_socket[PID: 297 (xmldbc)]: family:1, type:2, protocol:0
[   24.305323] firmadyne: sys_socket[PID: 298 (xmldbc)]: family:1, type:2, protocol:0
[   24.360100] firmadyne: sys_socket[PID: 299 (xmldbc)]: family:1, type:2, protocol:0
[   24.417415] firmadyne: sys_socket[PID: 300 (xmldbc)]: family:1, type:2, protocol:0
[   24.477513] firmadyne: sys_socket[PID: 301 (xmldbc)]: family:1, type:2, protocol:0
[   24.536142] firmadyne: sys_socket[PID: 302 (xmldbc)]: family:1, type:2, protocol:0
[   24.593943] firmadyne: sys_socket[PID: 303 (xmldbc)]: family:1, type:2, protocol:0
[   24.652149] firmadyne: sys_socket[PID: 304 (xmldbc)]: family:1, type:2, protocol:0
[   24.712208] firmadyne: sys_socket[PID: 305 (xmldbc)]: family:1, type:2, protocol:0
[   24.769925] firmadyne: sys_socket[PID: 306 (xmldbc)]: family:1, type:2, protocol:0
[   24.828649] firmadyne: sys_socket[PID: 307 (xmldbc)]: family:1, type:2, protocol:0
[   24.889034] firmadyne: sys_socket[PID: 308 (xmldbc)]: family:1, type:2, protocol:0
[   24.950470] firmadyne: sys_socket[PID: 309 (xmldbc)]: family:1, type:2, protocol:0
[   25.008340] firmadyne: sys_socket[PID: 310 (xmldbc)]: family:1, type:2, protocol:0
[   25.147010] firmadyne: sys_socket[PID: 314 (xmldbc)]: family:1, type:2, protocol:0
[   25.204538] firmadyne: sys_socket[PID: 315 (xmldbc)]: family:1, type:2, protocol:0
[   25.349038] firmadyne: sys_socket[PID: 316 (xmldbc)]: family:1, type:2, protocol:0
[   25.407567] firmadyne: sys_socket[PID: 317 (xmldbc)]: family:1, type:2, protocol:0
[   25.466604] firmadyne: sys_socket[PID: 318 (xmldbc)]: family:1, type:2, protocol:0
[   25.526323] firmadyne: sys_socket[PID: 319 (xmldbc)]: family:1, type:2, protocol:0
[   25.650858] firmadyne: sys_socket[PID: 320 (xmldbc)]: family:1, type:2, protocol:0
[   25.709650] firmadyne: sys_socket[PID: 321 (xmldbc)]: family:1, type:2, protocol:0
[   25.769388] firmadyne: sys_socket[PID: 322 (xmldbc)]: family:1, type:2, protocol:0
[   25.828070] firmadyne: sys_socket[PID: 323 (xmldbc)]: family:1, type:2, protocol:0
[   25.982837] firmadyne: sys_socket[PID: 324 (xmldbc)]: family:1, type:2, protocol:0
[   26.041860] firmadyne: sys_socket[PID: 325 (xmldbc)]: family:1, type:2, protocol:0
[   26.101315] firmadyne: sys_socket[PID: 326 (xmldbc)]: family:1, type:2, protocol:0
[   26.265766] firmadyne: sys_socket[PID: 327 (xmldbc)]: family:1, type:2, protocol:0
[   26.296203] cfg80211: Calling CRDA to update world regulatory domain
[   26.335248] firmadyne: sys_socket[PID: 328 (xmldbc)]: family:1, type:2, protocol:0
[   26.393429] firmadyne: sys_socket[PID: 330 (xmldbc)]: family:1, type:2, protocol:0
[   26.451538] firmadyne: sys_socket[PID: 331 (xmldbc)]: family:1, type:2, protocol:0
[   26.509850] firmadyne: sys_socket[PID: 332 (xmldbc)]: family:1, type:2, protocol:0
[   26.678720] firmadyne: sys_socket[PID: 333 (xmldbc)]: family:1, type:2, protocol:0
[   26.818431] firmadyne: sys_socket[PID: 337 (xmldbc)]: family:1, type:2, protocol:0
[   26.878949] firmadyne: sys_socket[PID: 338 (xmldbc)]: family:1, type:2, protocol:0
[   26.940762] firmadyne: sys_socket[PID: 339 (xmldbc)]: family:1, type:2, protocol:0
[   27.109394] firmadyne: sys_socket[PID: 340 (xmldbc)]: family:1, type:2, protocol:0
[   27.169126] firmadyne: sys_socket[PID: 341 (xmldbc)]: family:1, type:2, protocol:0
[   27.227536] firmadyne: sys_socket[PID: 342 (xmldbc)]: family:1, type:2, protocol:0
[   27.280886] firmadyne: sys_socket[PID: 343 (xmldbc)]: family:1, type:2, protocol:0
[   27.340362] firmadyne: sys_socket[PID: 344 (xmldbc)]: family:1, type:2, protocol:0
[   27.503850] firmadyne: sys_socket[PID: 345 (xmldbc)]: family:1, type:2, protocol:0
[   27.564595] firmadyne: sys_socket[PID: 346 (xmldbc)]: family:1, type:2, protocol:0
[   27.623883] firmadyne: sys_socket[PID: 347 (xmldbc)]: family:1, type:2, protocol:0
[   27.682861] firmadyne: sys_socket[PID: 348 (xmldbc)]: family:1, type:2, protocol:0
[   27.857148] firmadyne: sys_socket[PID: 349 (xmldbc)]: family:1, type:2, protocol:0
[   27.916221] firmadyne: sys_socket[PID: 350 (xmldbc)]: family:1, type:2, protocol:0
[   27.980096] firmadyne: sys_socket[PID: 351 (xmldbc)]: family:1, type:2, protocol:0
[   28.039306] firmadyne: sys_socket[PID: 352 (xmldbc)]: family:1, type:2, protocol:0
[   28.167512] firmadyne: sys_socket[PID: 353 (xmldbc)]: family:1, type:2, protocol:0
[   28.227786] firmadyne: sys_socket[PID: 354 (xmldbc)]: family:1, type:2, protocol:0
[   28.287114] firmadyne: sys_socket[PID: 355 (xmldbc)]: family:1, type:2, protocol:0
[   28.427837] firmadyne: sys_socket[PID: 359 (xmldbc)]: family:1, type:2, protocol:0
[   28.480768] firmadyne: sys_socket[PID: 360 (xmldbc)]: family:1, type:2, protocol:0
[   28.610754] firmadyne: sys_socket[PID: 361 (xmldbc)]: family:1, type:2, protocol:0
[   28.669459] firmadyne: sys_socket[PID: 362 (xmldbc)]: family:1, type:2, protocol:0
[   28.728268] firmadyne: sys_socket[PID: 363 (xmldbc)]: family:1, type:2, protocol:0
[   28.781449] firmadyne: sys_socket[PID: 364 (xmldbc)]: family:1, type:2, protocol:0
[   28.842464] firmadyne: sys_socket[PID: 365 (xmldbc)]: family:1, type:2, protocol:0
[   28.973702] firmadyne: sys_socket[PID: 366 (xmldbc)]: family:1, type:2, protocol:0
[   29.033699] firmadyne: sys_socket[PID: 367 (xmldbc)]: family:1, type:2, protocol:0
[   29.092404] firmadyne: sys_socket[PID: 368 (xmldbc)]: family:1, type:2, protocol:0
[   29.150503] firmadyne: sys_socket[PID: 369 (xmldbc)]: family:1, type:2, protocol:0
[   29.285943] firmadyne: sys_socket[PID: 370 (xmldbc)]: family:1, type:2, protocol:0
[   29.344923] firmadyne: sys_socket[PID: 371 (xmldbc)]: family:1, type:2, protocol:0
[   29.403195] firmadyne: sys_socket[PID: 372 (xmldbc)]: family:1, type:2, protocol:0
[   29.439904] cfg80211: Calling CRDA to update world regulatory domain
[   29.476435] firmadyne: sys_socket[PID: 373 (xmldbc)]: family:1, type:2, protocol:0
[   29.691919] firmadyne: sys_socket[PID: 375 (xmldbc)]: family:1, type:2, protocol:0
[   29.750450] firmadyne: sys_socket[PID: 376 (xmldbc)]: family:1, type:2, protocol:0
[   29.809107] firmadyne: sys_socket[PID: 377 (xmldbc)]: family:1, type:2, protocol:0
[   29.868303] firmadyne: sys_socket[PID: 378 (xmldbc)]: family:1, type:2, protocol:0
[   30.206209] firmadyne: sys_socket[PID: 382 (xmldbc)]: family:1, type:2, protocol:0
[   30.264508] firmadyne: sys_socket[PID: 383 (xmldbc)]: family:1, type:2, protocol:0
[   30.323913] firmadyne: sys_socket[PID: 384 (xmldbc)]: family:1, type:2, protocol:0
[   30.382599] firmadyne: sys_socket[PID: 385 (xmldbc)]: family:1, type:2, protocol:0
[   30.623166] firmadyne: sys_socket[PID: 386 (xmldbc)]: family:1, type:2, protocol:0
[   30.681116] firmadyne: sys_socket[PID: 387 (xmldbc)]: family:1, type:2, protocol:0
[   30.739065] firmadyne: sys_socket[PID: 388 (xmldbc)]: family:1, type:2, protocol:0
[   30.798641] firmadyne: sys_socket[PID: 389 (xmldbc)]: family:1, type:2, protocol:0
[   31.066230] firmadyne: sys_socket[PID: 390 (xmldbc)]: family:1, type:2, protocol:0
[   31.124805] firmadyne: sys_socket[PID: 391 (xmldbc)]: family:1, type:2, protocol:0
[   31.182639] firmadyne: sys_socket[PID: 392 (xmldbc)]: family:1, type:2, protocol:0
[   31.242135] firmadyne: sys_socket[PID: 393 (xmldbc)]: family:1, type:2, protocol:0
[   31.508991] firmadyne: sys_socket[PID: 394 (xmldbc)]: family:1, type:2, protocol:0
[   31.568016] firmadyne: sys_socket[PID: 395 (xmldbc)]: family:1, type:2, protocol:0
[   31.626380] firmadyne: sys_socket[PID: 396 (xmldbc)]: family:1, type:2, protocol:0
[   31.893971] firmadyne: sys_socket[PID: 397 (xmldbc)]: family:1, type:2, protocol:0
[   31.953680] firmadyne: sys_socket[PID: 398 (xmldbc)]: family:1, type:2, protocol:0
[   32.015498] firmadyne: sys_socket[PID: 399 (xmldbc)]: family:1, type:2, protocol:0
[   32.074223] firmadyne: sys_socket[PID: 400 (xmldbc)]: family:1, type:2, protocol:0
[   32.421190] firmadyne: sys_socket[PID: 404 (xmldbc)]: family:1, type:2, protocol:0
[   32.480187] firmadyne: sys_socket[PID: 405 (xmldbc)]: family:1, type:2, protocol:0
[   32.538163] firmadyne: sys_socket[PID: 406 (xmldbc)]: family:1, type:2, protocol:0
[   32.583882] cfg80211: Calling CRDA to update world regulatory domain
[   32.609997] firmadyne: sys_socket[PID: 407 (xmldbc)]: family:1, type:2, protocol:0
[   32.877596] firmadyne: sys_socket[PID: 409 (xmldbc)]: family:1, type:2, protocol:0
[   32.937073] firmadyne: sys_socket[PID: 410 (xmldbc)]: family:1, type:2, protocol:0
[   32.998136] firmadyne: sys_socket[PID: 411 (xmldbc)]: family:1, type:2, protocol:0
[   33.057656] firmadyne: sys_socket[PID: 412 (xmldbc)]: family:1, type:2, protocol:0
[   33.326133] firmadyne: sys_socket[PID: 413 (xmldbc)]: family:1, type:2, protocol:0
[   33.385849] firmadyne: sys_socket[PID: 414 (xmldbc)]: family:1, type:2, protocol:0
[   33.444420] firmadyne: sys_socket[PID: 415 (xmldbc)]: family:1, type:2, protocol:0
[   33.502838] firmadyne: sys_socket[PID: 416 (xmldbc)]: family:1, type:2, protocol:0
[   33.770708] firmadyne: sys_socket[PID: 417 (xmldbc)]: family:1, type:2, protocol:0
[   33.829219] firmadyne: sys_socket[PID: 418 (xmldbc)]: family:1, type:2, protocol:0
[   33.887397] firmadyne: sys_socket[PID: 419 (xmldbc)]: family:1, type:2, protocol:0
[   33.945148] firmadyne: sys_socket[PID: 420 (xmldbc)]: family:1, type:2, protocol:0
[   34.215474] firmadyne: sys_socket[PID: 421 (xmldbc)]: family:1, type:2, protocol:0
[   34.275149] firmadyne: sys_socket[PID: 422 (xmldbc)]: family:1, type:2, protocol:0
[   34.329421] firmadyne: sys_socket[PID: 423 (xmldbc)]: family:1, type:2, protocol:0
[   34.468777] firmadyne: sys_socket[PID: 427 (xmldbc)]: family:1, type:2, protocol:0
[   34.522174] firmadyne: sys_socket[PID: 428 (xmldbc)]: family:1, type:2, protocol:0
[   34.580607] firmadyne: sys_socket[PID: 429 (xmldbc)]: family:1, type:2, protocol:0
[   34.799422] firmadyne: sys_socket[PID: 430 (xmldbc)]: family:1, type:2, protocol:0
[   34.860913] firmadyne: sys_socket[PID: 431 (xmldbc)]: family:1, type:2, protocol:0
[   34.918900] firmadyne: sys_socket[PID: 432 (xmldbc)]: family:1, type:2, protocol:0
[   34.978092] firmadyne: sys_socket[PID: 433 (xmldbc)]: family:1, type:2, protocol:0
[   35.201672] firmadyne: sys_socket[PID: 434 (xmldbc)]: family:1, type:2, protocol:0
[   35.261641] firmadyne: sys_socket[PID: 435 (xmldbc)]: family:1, type:2, protocol:0
[   35.320827] firmadyne: sys_socket[PID: 436 (xmldbc)]: family:1, type:2, protocol:0
[   35.378903] firmadyne: sys_socket[PID: 437 (xmldbc)]: family:1, type:2, protocol:0
[   35.597176] firmadyne: sys_socket[PID: 438 (xmldbc)]: family:1, type:2, protocol:0
[   35.657753] firmadyne: sys_socket[PID: 439 (xmldbc)]: family:1, type:2, protocol:0
[   35.716420] firmadyne: sys_socket[PID: 440 (xmldbc)]: family:1, type:2, protocol:0
[   35.728044] cfg80211: Exceeded CRDA call max attempts. Not calling CRDA
[   35.776272] firmadyne: sys_socket[PID: 441 (xmldbc)]: family:1, type:2, protocol:0
[   35.997648] firmadyne: sys_socket[PID: 442 (xmldbc)]: family:1, type:2, protocol:0
[   36.057403] firmadyne: sys_socket[PID: 443 (xmldbc)]: family:1, type:2, protocol:0
[   36.115559] firmadyne: sys_socket[PID: 444 (xmldbc)]: family:1, type:2, protocol:0
[   36.175433] firmadyne: sys_socket[PID: 445 (xmldbc)]: family:1, type:2, protocol:0
[   36.473378] firmadyne: sys_socket[PID: 449 (xmldbc)]: family:1, type:2, protocol:0
[   36.532031] firmadyne: sys_socket[PID: 450 (xmldbc)]: family:1, type:2, protocol:0
[   36.589928] firmadyne: sys_socket[PID: 451 (xmldbc)]: family:1, type:2, protocol:0
[   36.649569] firmadyne: sys_socket[PID: 452 (xmldbc)]: family:1, type:2, protocol:0
[   36.817234] firmadyne: sys_socket[PID: 453 (xmldbc)]: family:1, type:2, protocol:0
[   36.878833] firmadyne: sys_socket[PID: 454 (xmldbc)]: family:1, type:2, protocol:0
[   36.937188] firmadyne: sys_socket[PID: 455 (xmldbc)]: family:1, type:2, protocol:0
[   36.995914] firmadyne: sys_socket[PID: 456 (xmldbc)]: family:1, type:2, protocol:0
[   37.216384] firmadyne: sys_socket[PID: 457 (xmldbc)]: family:1, type:2, protocol:0
[   37.275052] firmadyne: sys_socket[PID: 458 (xmldbc)]: family:1, type:2, protocol:0
[   37.333738] firmadyne: sys_socket[PID: 459 (xmldbc)]: family:1, type:2, protocol:0
[   37.551768] firmadyne: sys_socket[PID: 460 (xmldbc)]: family:1, type:2, protocol:0
[   37.607810] firmadyne: sys_socket[PID: 461 (xmldbc)]: family:1, type:2, protocol:0
[   37.665614] firmadyne: sys_socket[PID: 462 (xmldbc)]: family:1, type:2, protocol:0
[   37.724634] firmadyne: sys_socket[PID: 463 (xmldbc)]: family:1, type:2, protocol:0
[   37.784649] firmadyne: sys_socket[PID: 464 (xmldbc)]: family:1, type:2, protocol:0
[   37.952608] firmadyne: sys_socket[PID: 465 (xmldbc)]: family:1, type:2, protocol:0
[   38.020495] firmadyne: sys_socket[PID: 466 (xmldbc)]: family:1, type:2, protocol:0
[   38.081451] firmadyne: sys_socket[PID: 467 (xmldbc)]: family:1, type:2, protocol:0
[   38.221456] firmadyne: sys_socket[PID: 471 (xmldbc)]: family:1, type:2, protocol:0
[   38.488876] firmadyne: sys_socket[PID: 472 (xmldbc)]: family:1, type:2, protocol:0
[   38.547908] firmadyne: sys_socket[PID: 473 (xmldbc)]: family:1, type:2, protocol:0
[   38.605732] firmadyne: sys_socket[PID: 474 (xmldbc)]: family:1, type:2, protocol:0
[   38.663298] firmadyne: sys_socket[PID: 475 (xmldbc)]: family:1, type:2, protocol:0
[   38.933030] firmadyne: sys_socket[PID: 476 (xmldbc)]: family:1, type:2, protocol:0
[   38.992444] firmadyne: sys_socket[PID: 477 (xmldbc)]: family:1, type:2, protocol:0
[   39.054259] firmadyne: sys_socket[PID: 478 (xmldbc)]: family:1, type:2, protocol:0
[   39.113145] firmadyne: sys_socket[PID: 479 (xmldbc)]: family:1, type:2, protocol:0
[   39.381633] firmadyne: sys_socket[PID: 480 (xmldbc)]: family:1, type:2, protocol:0
[   39.441560] firmadyne: sys_socket[PID: 481 (xmldbc)]: family:1, type:2, protocol:0
[   39.500802] firmadyne: sys_socket[PID: 482 (xmldbc)]: family:1, type:2, protocol:0
[   39.559997] firmadyne: sys_socket[PID: 483 (xmldbc)]: family:1, type:2, protocol:0
[   39.827284] firmadyne: sys_socket[PID: 484 (xmldbc)]: family:1, type:2, protocol:0
[   39.921624] firmadyne: sys_socket[PID: 485 (xmldbc)]: family:1, type:2, protocol:0
[   39.981837] firmadyne: sys_socket[PID: 486 (xmldbc)]: family:1, type:2, protocol:0
[   40.045463] firmadyne: sys_socket[PID: 487 (xmldbc)]: family:1, type:2, protocol:0
[   40.313471] firmadyne: sys_socket[PID: 488 (xmldbc)]: family:1, type:2, protocol:0
[   40.374034] firmadyne: sys_socket[PID: 489 (xmldbc)]: family:1, type:2, protocol:0
[   40.514832] firmadyne: sys_socket[PID: 493 (xmldbc)]: family:1, type:2, protocol:0
[   40.573202] firmadyne: sys_socket[PID: 494 (xmldbc)]: family:1, type:2, protocol:0
[   40.839226] firmadyne: sys_socket[PID: 495 (xmldbc)]: family:1, type:2, protocol:0
[   40.898956] firmadyne: sys_socket[PID: 496 (xmldbc)]: family:1, type:2, protocol:0
[   40.957314] firmadyne: sys_socket[PID: 497 (xmldbc)]: family:1, type:2, protocol:0
[   41.016087] firmadyne: sys_socket[PID: 498 (xmldbc)]: family:1, type:2, protocol:0
[   41.285808] firmadyne: sys_socket[PID: 499 (xmldbc)]: family:1, type:2, protocol:0
[   41.359193] firmadyne: sys_socket[PID: 500 (xmldbc)]: family:1, type:2, protocol:0
[   41.421031] firmadyne: sys_socket[PID: 501 (xmldbc)]: family:1, type:2, protocol:0
[   41.481138] firmadyne: sys_socket[PID: 502 (xmldbc)]: family:1, type:2, protocol:0
[   41.725964] firmadyne: sys_socket[PID: 503 (xmldbc)]: family:1, type:2, protocol:0
[   41.784293] firmadyne: sys_socket[PID: 504 (xmldbc)]: family:1, type:2, protocol:0
[   41.842902] firmadyne: sys_socket[PID: 505 (xmldbc)]: family:1, type:2, protocol:0
[   41.902618] firmadyne: sys_socket[PID: 506 (xmldbc)]: family:1, type:2, protocol:0
[   42.170225] firmadyne: sys_socket[PID: 507 (xmldbc)]: family:1, type:2, protocol:0
[   42.228651] firmadyne: sys_socket[PID: 508 (xmldbc)]: family:1, type:2, protocol:0
[   42.287421] firmadyne: sys_socket[PID: 509 (xmldbc)]: family:1, type:2, protocol:0
[   42.342626] firmadyne: sys_socket[PID: 510 (xmldbc)]: family:1, type:2, protocol:0
[   42.401043] firmadyne: sys_socket[PID: 511 (xmldbc)]: family:1, type:2, protocol:0
[   42.746950] firmadyne: sys_socket[PID: 515 (xmldbc)]: family:1, type:2, protocol:0
[   42.804992] firmadyne: sys_socket[PID: 516 (xmldbc)]: family:1, type:2, protocol:0
[   42.865896] firmadyne: sys_socket[PID: 517 (xmldbc)]: family:1, type:2, protocol:0
[   42.923991] firmadyne: sys_socket[PID: 518 (xmldbc)]: family:1, type:2, protocol:0
[   43.190948] firmadyne: sys_socket[PID: 519 (xmldbc)]: family:1, type:2, protocol:0
[   43.249273] firmadyne: sys_socket[PID: 520 (xmldbc)]: family:1, type:2, protocol:0
[   43.306932] firmadyne: sys_socket[PID: 521 (xmldbc)]: family:1, type:2, protocol:0
[   43.575283] firmadyne: sys_socket[PID: 522 (xmldbc)]: family:1, type:2, protocol:0
[   43.634659] firmadyne: sys_socket[PID: 523 (xmldbc)]: family:1, type:2, protocol:0
[   43.693672] firmadyne: sys_socket[PID: 524 (xmldbc)]: family:1, type:2, protocol:0
[   43.747978] firmadyne: sys_socket[PID: 525 (xmldbc)]: family:1, type:2, protocol:0
[   43.806672] firmadyne: sys_socket[PID: 526 (xmldbc)]: family:1, type:2, protocol:0
[   44.074149] firmadyne: sys_socket[PID: 527 (xmldbc)]: family:1, type:2, protocol:0
[   44.133041] firmadyne: sys_socket[PID: 528 (xmldbc)]: family:1, type:2, protocol:0
[   44.191835] firmadyne: sys_socket[PID: 529 (xmldbc)]: family:1, type:2, protocol:0
[   44.250301] firmadyne: sys_socket[PID: 530 (xmldbc)]: family:1, type:2, protocol:0
[   44.518572] firmadyne: sys_socket[PID: 531 (xmldbc)]: family:1, type:2, protocol:0
[   44.577360] firmadyne: sys_socket[PID: 532 (xmldbc)]: family:1, type:2, protocol:0
[   44.635531] firmadyne: sys_socket[PID: 533 (xmldbc)]: family:1, type:2, protocol:0
[   44.774907] firmadyne: sys_socket[PID: 537 (xmldbc)]: family:1, type:2, protocol:0
[   45.042952] firmadyne: sys_socket[PID: 538 (xmldbc)]: family:1, type:2, protocol:0
[   45.103916] firmadyne: sys_socket[PID: 539 (xmldbc)]: family:1, type:2, protocol:0
[   45.162459] firmadyne: sys_socket[PID: 540 (xmldbc)]: family:1, type:2, protocol:0
[   45.221291] firmadyne: sys_socket[PID: 541 (xmldbc)]: family:1, type:2, protocol:0
[   45.488736] firmadyne: sys_socket[PID: 542 (xmldbc)]: family:1, type:2, protocol:0
[   45.546934] firmadyne: sys_socket[PID: 543 (xmldbc)]: family:1, type:2, protocol:0
[   45.606859] firmadyne: sys_socket[PID: 544 (xmldbc)]: family:1, type:2, protocol:0
[   45.665496] firmadyne: sys_socket[PID: 545 (xmldbc)]: family:1, type:2, protocol:0
[   45.726986] firmadyne: sys_socket[PID: 546 (xmldbc)]: family:1, type:2, protocol:0
[   45.993938] firmadyne: sys_socket[PID: 547 (xmldbc)]: family:1, type:2, protocol:0
[   46.054413] firmadyne: sys_socket[PID: 548 (xmldbc)]: family:1, type:2, protocol:0
[   46.117657] firmadyne: sys_socket[PID: 549 (xmldbc)]: family:1, type:2, protocol:0
[   46.176879] firmadyne: sys_socket[PID: 550 (xmldbc)]: family:1, type:2, protocol:0
[   46.445361] firmadyne: sys_socket[PID: 551 (xmldbc)]: family:1, type:2, protocol:0
[   46.504920] firmadyne: sys_socket[PID: 552 (xmldbc)]: family:1, type:2, protocol:0
[   46.563995] firmadyne: sys_socket[PID: 553 (xmldbc)]: family:1, type:2, protocol:0
[   46.622855] firmadyne: sys_socket[PID: 554 (xmldbc)]: family:1, type:2, protocol:0
[   46.892455] firmadyne: sys_socket[PID: 555 (xmldbc)]: family:1, type:2, protocol:0
[   47.031164] firmadyne: sys_socket[PID: 559 (xmldbc)]: family:1, type:2, protocol:0
[   47.097138] firmadyne: sys_socket[PID: 560 (xmldbc)]: family:1, type:2, protocol:0
[   47.156453] firmadyne: sys_socket[PID: 561 (xmldbc)]: family:1, type:2, protocol:0
[   47.293294] firmadyne: sys_socket[PID: 562 (xmldbc)]: family:1, type:2, protocol:0
[   47.351780] firmadyne: sys_socket[PID: 563 (xmldbc)]: family:1, type:2, protocol:0
[   47.410362] firmadyne: sys_socket[PID: 564 (xmldbc)]: family:1, type:2, protocol:0
[   47.470132] firmadyne: sys_socket[PID: 565 (xmldbc)]: family:1, type:2, protocol:0
[   47.602777] firmadyne: sys_socket[PID: 566 (xmldbc)]: family:1, type:2, protocol:0
[   47.662084] firmadyne: sys_socket[PID: 567 (xmldbc)]: family:1, type:2, protocol:0
[   47.721908] firmadyne: sys_socket[PID: 568 (xmldbc)]: family:1, type:2, protocol:0
[   47.780250] firmadyne: sys_socket[PID: 569 (xmldbc)]: family:1, type:2, protocol:0
[   47.913370] firmadyne: sys_socket[PID: 570 (xmldbc)]: family:1, type:2, protocol:0
[   47.967175] firmadyne: sys_socket[PID: 571 (xmldbc)]: family:1, type:2, protocol:0
[   48.026751] firmadyne: sys_socket[PID: 572 (xmldbc)]: family:1, type:2, protocol:0
[   48.086369] firmadyne: sys_socket[PID: 573 (xmldbc)]: family:1, type:2, protocol:0
[   48.148011] firmadyne: sys_socket[PID: 574 (xmldbc)]: family:1, type:2, protocol:0
[   48.281824] firmadyne: sys_socket[PID: 575 (xmldbc)]: family:1, type:2, protocol:0
[   48.341732] firmadyne: sys_socket[PID: 576 (xmldbc)]: family:1, type:2, protocol:0
[   48.400599] firmadyne: sys_socket[PID: 577 (xmldbc)]: family:1, type:2, protocol:0
[   48.540184] firmadyne: sys_socket[PID: 581 (xmldbc)]: family:1, type:2, protocol:0
[   48.593548] firmadyne: sys_socket[PID: 582 (xmldbc)]: family:1, type:2, protocol:0
[   48.726088] firmadyne: sys_socket[PID: 583 (xmldbc)]: family:1, type:2, protocol:0
[   48.784921] firmadyne: sys_socket[PID: 584 (xmldbc)]: family:1, type:2, protocol:0
[   48.843970] firmadyne: sys_socket[PID: 585 (xmldbc)]: family:1, type:2, protocol:0
[   48.904788] firmadyne: sys_socket[PID: 586 (xmldbc)]: family:1, type:2, protocol:0
[   49.036774] firmadyne: sys_socket[PID: 587 (xmldbc)]: family:1, type:2, protocol:0
[   49.096825] firmadyne: sys_socket[PID: 588 (xmldbc)]: family:1, type:2, protocol:0
[   49.156447] firmadyne: sys_socket[PID: 589 (xmldbc)]: family:1, type:2, protocol:0
[   49.290766] firmadyne: sys_socket[PID: 590 (xmldbc)]: family:1, type:2, protocol:0
[   49.350108] firmadyne: sys_socket[PID: 591 (xmldbc)]: family:1, type:2, protocol:0
[   49.408766] firmadyne: sys_socket[PID: 592 (xmldbc)]: family:1, type:2, protocol:0
[   49.467148] firmadyne: sys_socket[PID: 593 (xmldbc)]: family:1, type:2, protocol:0
[   49.600257] firmadyne: sys_socket[PID: 594 (xmldbc)]: family:1, type:2, protocol:0
[   49.658744] firmadyne: sys_socket[PID: 595 (xmldbc)]: family:1, type:2, protocol:0
[   49.718213] firmadyne: sys_socket[PID: 596 (xmldbc)]: family:1, type:2, protocol:0
[   49.776764] firmadyne: sys_socket[PID: 597 (xmldbc)]: family:1, type:2, protocol:0
[   49.909577] firmadyne: sys_socket[PID: 598 (xmldbc)]: family:1, type:2, protocol:0
[   49.969299] firmadyne: sys_socket[PID: 599 (xmldbc)]: family:1, type:2, protocol:0
[   50.103067] firmadyne: sys_socket[PID: 603 (xmldbc)]: family:1, type:2, protocol:0
[   50.164072] firmadyne: sys_socket[PID: 604 (xmldbc)]: family:1, type:2, protocol:0
[   50.222370] firmadyne: sys_socket[PID: 605 (xmldbc)]: family:1, type:2, protocol:0
[   50.356078] firmadyne: sys_socket[PID: 606 (xmldbc)]: family:1, type:2, protocol:0
[   50.415414] firmadyne: sys_socket[PID: 607 (xmldbc)]: family:1, type:2, protocol:0
[   50.474821] firmadyne: sys_socket[PID: 608 (xmldbc)]: family:1, type:2, protocol:0
[   50.534684] firmadyne: sys_socket[PID: 609 (xmldbc)]: family:1, type:2, protocol:0
[   50.668052] firmadyne: sys_socket[PID: 610 (xmldbc)]: family:1, type:2, protocol:0
[   50.722546] firmadyne: sys_socket[PID: 611 (xmldbc)]: family:1, type:2, protocol:0
[   50.777350] firmadyne: sys_socket[PID: 612 (xmldbc)]: family:1, type:2, protocol:0
[   50.830298] firmadyne: sys_socket[PID: 613 (xmldbc)]: family:1, type:2, protocol:0
[   50.890617] firmadyne: sys_socket[PID: 614 (xmldbc)]: family:1, type:2, protocol:0
[   50.950443] firmadyne: sys_socket[PID: 615 (xmldbc)]: family:1, type:2, protocol:0
[   51.009226] firmadyne: sys_socket[PID: 616 (xmldbc)]: family:1, type:2, protocol:0
[   51.142149] firmadyne: sys_socket[PID: 617 (xmldbc)]: family:1, type:2, protocol:0
[   51.202496] firmadyne: sys_socket[PID: 618 (xmldbc)]: family:1, type:2, protocol:0
[   51.261019] firmadyne: sys_socket[PID: 619 (xmldbc)]: family:1, type:2, protocol:0
[   51.319258] firmadyne: sys_socket[PID: 620 (xmldbc)]: family:1, type:2, protocol:0
[   51.452712] firmadyne: sys_socket[PID: 621 (xmldbc)]: family:1, type:2, protocol:0
[   51.591377] firmadyne: sys_socket[PID: 625 (xmldbc)]: family:1, type:2, protocol:0
[   51.649345] firmadyne: sys_socket[PID: 626 (xmldbc)]: family:1, type:2, protocol:0
[   51.707032] firmadyne: sys_socket[PID: 627 (xmldbc)]: family:1, type:2, protocol:0
[   51.839571] firmadyne: sys_socket[PID: 628 (xmldbc)]: family:1, type:2, protocol:0
[   51.892439] firmadyne: sys_socket[PID: 629 (xmldbc)]: family:1, type:2, protocol:0
[   51.949691] firmadyne: sys_socket[PID: 630 (xmldbc)]: family:1, type:2, protocol:0
[   52.011236] firmadyne: sys_socket[PID: 631 (xmldbc)]: family:1, type:2, protocol:0
[   52.071075] firmadyne: sys_socket[PID: 632 (xmldbc)]: family:1, type:2, protocol:0
[   52.204592] firmadyne: sys_socket[PID: 633 (xmldbc)]: family:1, type:2, protocol:0
[   52.264837] firmadyne: sys_socket[PID: 634 (xmldbc)]: family:1, type:2, protocol:0
[   52.323123] firmadyne: sys_socket[PID: 635 (xmldbc)]: family:1, type:2, protocol:0
[   52.381358] firmadyne: sys_socket[PID: 636 (xmldbc)]: family:1, type:2, protocol:0
[   52.514166] firmadyne: sys_socket[PID: 637 (xmldbc)]: family:1, type:2, protocol:0
[   52.572851] firmadyne: sys_socket[PID: 638 (xmldbc)]: family:1, type:2, protocol:0
[   52.626383] firmadyne: sys_socket[PID: 639 (xmldbc)]: family:1, type:2, protocol:0
[   52.685546] firmadyne: sys_socket[PID: 640 (xmldbc)]: family:1, type:2, protocol:0
[   52.743562] firmadyne: sys_socket[PID: 641 (xmldbc)]: family:1, type:2, protocol:0
[   52.875426] firmadyne: sys_socket[PID: 642 (xmldbc)]: family:1, type:2, protocol:0
[   52.935915] firmadyne: sys_socket[PID: 643 (xmldbc)]: family:1, type:2, protocol:0
[   53.072797] firmadyne: sys_socket[PID: 647 (xmldbc)]: family:1, type:2, protocol:0
[   53.127340] firmadyne: sys_socket[PID: 648 (xmldbc)]: family:1, type:2, protocol:0
[   53.186883] firmadyne: sys_socket[PID: 649 (xmldbc)]: family:1, type:2, protocol:0
[   53.320365] firmadyne: sys_socket[PID: 650 (xmldbc)]: family:1, type:2, protocol:0
[   53.378925] firmadyne: sys_socket[PID: 651 (xmldbc)]: family:1, type:2, protocol:0
[   53.437319] firmadyne: sys_socket[PID: 652 (xmldbc)]: family:1, type:2, protocol:0
[   53.496889] firmadyne: sys_socket[PID: 653 (xmldbc)]: family:1, type:2, protocol:0
[   53.629544] firmadyne: sys_socket[PID: 654 (xmldbc)]: family:1, type:2, protocol:0
[   53.689198] firmadyne: sys_socket[PID: 655 (xmldbc)]: family:1, type:2, protocol:0
[   53.747469] firmadyne: sys_socket[PID: 656 (xmldbc)]: family:1, type:2, protocol:0
[   53.878300] firmadyne: sys_socket[PID: 657 (xmldbc)]: family:1, type:2, protocol:0
[   53.938853] firmadyne: sys_socket[PID: 658 (xmldbc)]: family:1, type:2, protocol:0
[   53.992562] firmadyne: sys_socket[PID: 659 (xmldbc)]: family:1, type:2, protocol:0
[   54.050123] firmadyne: sys_socket[PID: 660 (xmldbc)]: family:1, type:2, protocol:0
[   54.110384] firmadyne: sys_socket[PID: 661 (xmldbc)]: family:1, type:2, protocol:0
[   54.244708] firmadyne: sys_socket[PID: 662 (xmldbc)]: family:1, type:2, protocol:0
[   54.305070] firmadyne: sys_socket[PID: 663 (xmldbc)]: family:1, type:2, protocol:0
[   54.363569] firmadyne: sys_socket[PID: 664 (xmldbc)]: family:1, type:2, protocol:0
[   54.421650] firmadyne: sys_socket[PID: 665 (xmldbc)]: family:1, type:2, protocol:0
[   54.633181] firmadyne: sys_socket[PID: 669 (xmldbc)]: family:1, type:2, protocol:0
[   54.692988] firmadyne: sys_socket[PID: 670 (xmldbc)]: family:1, type:2, protocol:0
[   54.750767] firmadyne: sys_socket[PID: 671 (xmldbc)]: family:1, type:2, protocol:0
[   54.803868] firmadyne: sys_socket[PID: 672 (xmldbc)]: family:1, type:2, protocol:0
[   54.862986] firmadyne: sys_socket[PID: 673 (xmldbc)]: family:1, type:2, protocol:0
[   54.996671] firmadyne: sys_socket[PID: 674 (xmldbc)]: family:1, type:2, protocol:0
[   55.055428] firmadyne: sys_socket[PID: 675 (xmldbc)]: family:1, type:2, protocol:0
[   55.116996] firmadyne: sys_socket[PID: 676 (xmldbc)]: family:1, type:2, protocol:0
[   55.174562] firmadyne: sys_socket[PID: 677 (xmldbc)]: family:1, type:2, protocol:0
[   55.234137] firmadyne: sys_socket[PID: 678 (xmldbc)]: family:1, type:2, protocol:0
[   55.368509] firmadyne: sys_socket[PID: 679 (xmldbc)]: family:1, type:2, protocol:0
[   55.427461] firmadyne: sys_socket[PID: 680 (xmldbc)]: family:1, type:2, protocol:0
[   55.488351] firmadyne: sys_socket[PID: 681 (xmldbc)]: family:1, type:2, protocol:0
[   55.547912] firmadyne: sys_socket[PID: 682 (xmldbc)]: family:1, type:2, protocol:0
[   55.681234] firmadyne: sys_socket[PID: 683 (xmldbc)]: family:1, type:2, protocol:0
[   55.741231] firmadyne: sys_socket[PID: 684 (xmldbc)]: family:1, type:2, protocol:0
[   55.800862] firmadyne: sys_socket[PID: 685 (xmldbc)]: family:1, type:2, protocol:0
[   55.860219] firmadyne: sys_socket[PID: 686 (xmldbc)]: family:1, type:2, protocol:0
[   55.994241] firmadyne: sys_socket[PID: 687 (xmldbc)]: family:1, type:2, protocol:0
[   56.134993] firmadyne: sys_socket[PID: 691 (xmldbc)]: family:1, type:2, protocol:0
[   56.197284] firmadyne: sys_socket[PID: 692 (xmldbc)]: family:1, type:2, protocol:0
[   56.254783] firmadyne: sys_socket[PID: 693 (xmldbc)]: family:1, type:2, protocol:0
[   56.314948] firmadyne: sys_socket[PID: 694 (xmldbc)]: family:1, type:2, protocol:0
[   56.447243] firmadyne: sys_socket[PID: 695 (xmldbc)]: family:1, type:2, protocol:0
[   56.508256] firmadyne: sys_socket[PID: 696 (xmldbc)]: family:1, type:2, protocol:0
[   56.567918] firmadyne: sys_socket[PID: 697 (xmldbc)]: family:1, type:2, protocol:0
[   56.627516] firmadyne: sys_socket[PID: 698 (xmldbc)]: family:1, type:2, protocol:0
[   56.760752] firmadyne: sys_socket[PID: 699 (xmldbc)]: family:1, type:2, protocol:0
[   56.819112] firmadyne: sys_socket[PID: 700 (xmldbc)]: family:1, type:2, protocol:0
[   56.878923] firmadyne: sys_socket[PID: 701 (xmldbc)]: family:1, type:2, protocol:0
[   56.938838] firmadyne: sys_socket[PID: 702 (xmldbc)]: family:1, type:2, protocol:0
[   57.071351] firmadyne: sys_socket[PID: 703 (xmldbc)]: family:1, type:2, protocol:0
[   57.130562] firmadyne: sys_socket[PID: 704 (xmldbc)]: family:1, type:2, protocol:0
[   57.193124] firmadyne: sys_socket[PID: 705 (xmldbc)]: family:1, type:2, protocol:0
[   57.251892] firmadyne: sys_socket[PID: 706 (xmldbc)]: family:1, type:2, protocol:0
[   57.384684] firmadyne: sys_socket[PID: 707 (xmldbc)]: family:1, type:2, protocol:0
[   57.442905] firmadyne: sys_socket[PID: 708 (xmldbc)]: family:1, type:2, protocol:0
[   57.496479] firmadyne: sys_socket[PID: 709 (xmldbc)]: family:1, type:2, protocol:0
[   57.635798] firmadyne: sys_socket[PID: 713 (xmldbc)]: family:1, type:2, protocol:0
[   57.694366] firmadyne: sys_socket[PID: 714 (xmldbc)]: family:1, type:2, protocol:0
[   57.827423] firmadyne: sys_socket[PID: 715 (xmldbc)]: family:1, type:2, protocol:0
[   57.885833] firmadyne: sys_socket[PID: 716 (xmldbc)]: family:1, type:2, protocol:0
[   57.944059] firmadyne: sys_socket[PID: 717 (xmldbc)]: family:1, type:2, protocol:0
[   58.003006] firmadyne: sys_socket[PID: 718 (xmldbc)]: family:1, type:2, protocol:0
[   58.135393] firmadyne: sys_socket[PID: 719 (xmldbc)]: family:1, type:2, protocol:0
[   58.198043] firmadyne: sys_socket[PID: 720 (xmldbc)]: family:1, type:2, protocol:0
[   58.257127] firmadyne: sys_socket[PID: 721 (xmldbc)]: family:1, type:2, protocol:0
[   58.315576] firmadyne: sys_socket[PID: 722 (xmldbc)]: family:1, type:2, protocol:0
[   58.416141] firmadyne: sys_socket[PID: 723 (xmldbc)]: family:1, type:2, protocol:0
[   58.481959] firmadyne: sys_socket[PID: 724 (xmldbc)]: family:1, type:2, protocol:0
[   58.540785] firmadyne: sys_socket[PID: 725 (xmldbc)]: family:1, type:2, protocol:0
[   58.600852] firmadyne: sys_socket[PID: 726 (xmldbc)]: family:1, type:2, protocol:0
[   58.659406] firmadyne: sys_socket[PID: 727 (xmldbc)]: family:1, type:2, protocol:0
[   58.717366] firmadyne: sys_socket[PID: 728 (xmldbc)]: family:1, type:2, protocol:0
[   58.775429] firmadyne: sys_socket[PID: 729 (xmldbc)]: family:1, type:2, protocol:0
[   58.834772] firmadyne: sys_socket[PID: 730 (xmldbc)]: family:1, type:2, protocol:0
[   58.895199] firmadyne: sys_socket[PID: 731 (xmldbc)]: family:1, type:2, protocol:0
[   59.042847] firmadyne: sys_socket[PID: 735 (xmldbc)]: family:1, type:2, protocol:0
[   59.101849] firmadyne: sys_socket[PID: 736 (xmldbc)]: family:1, type:2, protocol:0
[   59.159796] firmadyne: sys_socket[PID: 737 (xmldbc)]: family:1, type:2, protocol:0
[   59.221116] firmadyne: sys_socket[PID: 738 (xmldbc)]: family:1, type:2, protocol:0
[   59.279121] firmadyne: sys_socket[PID: 739 (xmldbc)]: family:1, type:2, protocol:0
[   59.337509] firmadyne: sys_socket[PID: 740 (xmldbc)]: family:1, type:2, protocol:0
[   59.396731] firmadyne: sys_socket[PID: 741 (xmldbc)]: family:1, type:2, protocol:0
[   59.456960] firmadyne: sys_socket[PID: 742 (xmldbc)]: family:1, type:2, protocol:0
[   59.515470] firmadyne: sys_socket[PID: 743 (xmldbc)]: family:1, type:2, protocol:0
[   59.574334] firmadyne: sys_socket[PID: 744 (xmldbc)]: family:1, type:2, protocol:0
[   59.633770] firmadyne: sys_socket[PID: 745 (xmldbc)]: family:1, type:2, protocol:0
[   59.692100] firmadyne: sys_socket[PID: 746 (xmldbc)]: family:1, type:2, protocol:0
[   59.750241] firmadyne: sys_socket[PID: 747 (xmldbc)]: family:1, type:2, protocol:0
[   59.809415] firmadyne: sys_socket[PID: 748 (xmldbc)]: family:1, type:2, protocol:0
[   59.867999] firmadyne: sys_socket[PID: 749 (xmldbc)]: family:1, type:2, protocol:0
[   59.926169] firmadyne: sys_socket[PID: 750 (xmldbc)]: family:1, type:2, protocol:0
[   59.985792] firmadyne: sys_socket[PID: 751 (xmldbc)]: family:1, type:2, protocol:0
[   60.046974] firmadyne: sys_socket[PID: 752 (xmldbc)]: family:1, type:2, protocol:0
[   60.105565] firmadyne: sys_socket[PID: 753 (xmldbc)]: family:1, type:2, protocol:0
[   60.246713] firmadyne: sys_socket[PID: 757 (xmldbc)]: family:1, type:2, protocol:0
[   60.305139] firmadyne: sys_socket[PID: 758 (xmldbc)]: family:1, type:2, protocol:0
[   60.363173] firmadyne: sys_socket[PID: 759 (xmldbc)]: family:1, type:2, protocol:0
[   60.424422] firmadyne: sys_socket[PID: 760 (xmldbc)]: family:1, type:2, protocol:0
[   60.482086] firmadyne: sys_socket[PID: 761 (xmldbc)]: family:1, type:2, protocol:0
[   60.540583] firmadyne: sys_socket[PID: 762 (xmldbc)]: family:1, type:2, protocol:0
[   60.599531] firmadyne: sys_socket[PID: 763 (xmldbc)]: family:1, type:2, protocol:0
[   60.658299] firmadyne: sys_socket[PID: 764 (xmldbc)]: family:1, type:2, protocol:0
[   60.717230] firmadyne: sys_socket[PID: 765 (xmldbc)]: family:1, type:2, protocol:0
[   60.776287] firmadyne: sys_socket[PID: 766 (xmldbc)]: family:1, type:2, protocol:0
[   60.836139] firmadyne: sys_socket[PID: 767 (xmldbc)]: family:1, type:2, protocol:0
[   60.895138] firmadyne: sys_socket[PID: 768 (xmldbc)]: family:1, type:2, protocol:0
[   60.953199] firmadyne: sys_socket[PID: 769 (xmldbc)]: family:1, type:2, protocol:0
[   61.012361] firmadyne: sys_socket[PID: 770 (xmldbc)]: family:1, type:2, protocol:0
[   61.070140] firmadyne: sys_socket[PID: 771 (xmldbc)]: family:1, type:2, protocol:0
[   61.128372] firmadyne: sys_socket[PID: 772 (xmldbc)]: family:1, type:2, protocol:0
[   61.186277] firmadyne: sys_socket[PID: 773 (xmldbc)]: family:1, type:2, protocol:0
[   61.247861] firmadyne: sys_socket[PID: 774 (xmldbc)]: family:1, type:2, protocol:0
[   61.305593] firmadyne: sys_socket[PID: 775 (xmldbc)]: family:1, type:2, protocol:0
[   61.444334] firmadyne: sys_socket[PID: 779 (xmldbc)]: family:1, type:2, protocol:0
[   61.502232] firmadyne: sys_socket[PID: 780 (xmldbc)]: family:1, type:2, protocol:0
[   61.560018] firmadyne: sys_socket[PID: 781 (xmldbc)]: family:1, type:2, protocol:0
[   61.618952] firmadyne: sys_socket[PID: 782 (xmldbc)]: family:1, type:2, protocol:0
[   61.676851] firmadyne: sys_socket[PID: 783 (xmldbc)]: family:1, type:2, protocol:0
[   61.734697] firmadyne: sys_socket[PID: 784 (xmldbc)]: family:1, type:2, protocol:0
[   61.793843] firmadyne: sys_socket[PID: 785 (xmldbc)]: family:1, type:2, protocol:0
[   61.852817] firmadyne: sys_socket[PID: 786 (xmldbc)]: family:1, type:2, protocol:0
[   61.910707] firmadyne: sys_socket[PID: 787 (xmldbc)]: family:1, type:2, protocol:0
[   61.968275] firmadyne: sys_socket[PID: 788 (xmldbc)]: family:1, type:2, protocol:0
[   62.027796] firmadyne: sys_socket[PID: 789 (xmldbc)]: family:1, type:2, protocol:0
[   62.086423] firmadyne: sys_socket[PID: 790 (xmldbc)]: family:1, type:2, protocol:0
[   62.144385] firmadyne: sys_socket[PID: 791 (xmldbc)]: family:1, type:2, protocol:0
[   62.204742] firmadyne: sys_socket[PID: 792 (xmldbc)]: family:1, type:2, protocol:0
[   62.264494] firmadyne: sys_socket[PID: 793 (xmldbc)]: family:1, type:2, protocol:0
[   62.322354] firmadyne: sys_socket[PID: 794 (xmldbc)]: family:1, type:2, protocol:0
[   62.380991] firmadyne: sys_socket[PID: 795 (xmldbc)]: family:1, type:2, protocol:0
[   62.441060] firmadyne: sys_socket[PID: 796 (xmldbc)]: family:1, type:2, protocol:0
[   62.499133] firmadyne: sys_socket[PID: 797 (xmldbc)]: family:1, type:2, protocol:0
[   62.637461] firmadyne: sys_socket[PID: 801 (xmldbc)]: family:1, type:2, protocol:0
[   62.695940] firmadyne: sys_socket[PID: 802 (xmldbc)]: family:1, type:2, protocol:0
[   62.753307] firmadyne: sys_socket[PID: 803 (xmldbc)]: family:1, type:2, protocol:0
[   62.812876] firmadyne: sys_socket[PID: 804 (xmldbc)]: family:1, type:2, protocol:0
[   62.872217] firmadyne: sys_socket[PID: 805 (xmldbc)]: family:1, type:2, protocol:0
[   62.929850] firmadyne: sys_socket[PID: 806 (xmldbc)]: family:1, type:2, protocol:0
[   62.990208] firmadyne: sys_socket[PID: 807 (xmldbc)]: family:1, type:2, protocol:0
[   63.051572] firmadyne: sys_socket[PID: 808 (xmldbc)]: family:1, type:2, protocol:0
[   63.110179] firmadyne: sys_socket[PID: 809 (xmldbc)]: family:1, type:2, protocol:0
[   63.168674] firmadyne: sys_socket[PID: 810 (xmldbc)]: family:1, type:2, protocol:0
[   63.231465] firmadyne: sys_socket[PID: 811 (xmldbc)]: family:1, type:2, protocol:0
[   63.289518] firmadyne: sys_socket[PID: 812 (xmldbc)]: family:1, type:2, protocol:0
[   63.347774] firmadyne: sys_socket[PID: 813 (xmldbc)]: family:1, type:2, protocol:0
[   63.407255] firmadyne: sys_socket[PID: 814 (xmldbc)]: family:1, type:2, protocol:0
[   63.465700] firmadyne: sys_socket[PID: 815 (xmldbc)]: family:1, type:2, protocol:0
[   63.523397] firmadyne: sys_socket[PID: 816 (xmldbc)]: family:1, type:2, protocol:0
[   63.581860] firmadyne: sys_socket[PID: 817 (xmldbc)]: family:1, type:2, protocol:0
[   63.641517] firmadyne: sys_socket[PID: 818 (xmldbc)]: family:1, type:2, protocol:0
[   63.700111] firmadyne: sys_socket[PID: 819 (xmldbc)]: family:1, type:2, protocol:0
[   63.837409] firmadyne: sys_socket[PID: 823 (xmldbc)]: family:1, type:2, protocol:0
[   63.895256] firmadyne: sys_socket[PID: 824 (xmldbc)]: family:1, type:2, protocol:0
[   63.953639] firmadyne: sys_socket[PID: 825 (xmldbc)]: family:1, type:2, protocol:0
[   64.014244] firmadyne: sys_socket[PID: 826 (xmldbc)]: family:1, type:2, protocol:0
[   64.072542] firmadyne: sys_socket[PID: 827 (xmldbc)]: family:1, type:2, protocol:0
[   64.130182] firmadyne: sys_socket[PID: 828 (xmldbc)]: family:1, type:2, protocol:0
[   64.187826] firmadyne: sys_socket[PID: 829 (xmldbc)]: family:1, type:2, protocol:0
[   64.249871] firmadyne: sys_socket[PID: 830 (xmldbc)]: family:1, type:2, protocol:0
[   64.308054] firmadyne: sys_socket[PID: 831 (xmldbc)]: family:1, type:2, protocol:0
[   64.366112] firmadyne: sys_socket[PID: 832 (xmldbc)]: family:1, type:2, protocol:0
[   64.425773] firmadyne: sys_socket[PID: 833 (xmldbc)]: family:1, type:2, protocol:0
[   64.484321] firmadyne: sys_socket[PID: 834 (xmldbc)]: family:1, type:2, protocol:0
[   64.542807] firmadyne: sys_socket[PID: 835 (xmldbc)]: family:1, type:2, protocol:0
[   64.602063] firmadyne: sys_socket[PID: 836 (xmldbc)]: family:1, type:2, protocol:0
[   64.660168] firmadyne: sys_socket[PID: 837 (xmldbc)]: family:1, type:2, protocol:0
[   64.718485] firmadyne: sys_socket[PID: 838 (xmldbc)]: family:1, type:2, protocol:0
[   64.776157] firmadyne: sys_socket[PID: 839 (xmldbc)]: family:1, type:2, protocol:0
[   64.835820] firmadyne: sys_socket[PID: 840 (xmldbc)]: family:1, type:2, protocol:0
[   64.895161] firmadyne: sys_socket[PID: 841 (xmldbc)]: family:1, type:2, protocol:0
[   65.033247] firmadyne: sys_socket[PID: 845 (xmldbc)]: family:1, type:2, protocol:0
[   65.091429] firmadyne: sys_socket[PID: 846 (xmldbc)]: family:1, type:2, protocol:0
[   65.149471] firmadyne: sys_socket[PID: 847 (xmldbc)]: family:1, type:2, protocol:0
[   65.209001] firmadyne: sys_socket[PID: 848 (xmldbc)]: family:1, type:2, protocol:0
[   65.268932] firmadyne: sys_socket[PID: 849 (xmldbc)]: family:1, type:2, protocol:0
[   65.326353] firmadyne: sys_socket[PID: 850 (xmldbc)]: family:1, type:2, protocol:0
[   65.384251] firmadyne: sys_socket[PID: 851 (xmldbc)]: family:1, type:2, protocol:0
[   65.443987] firmadyne: sys_socket[PID: 852 (xmldbc)]: family:1, type:2, protocol:0
[   65.501992] firmadyne: sys_socket[PID: 853 (xmldbc)]: family:1, type:2, protocol:0
[   65.555086] firmadyne: sys_socket[PID: 854 (xmldbc)]: family:1, type:2, protocol:0
[   65.613761] firmadyne: sys_socket[PID: 855 (xmldbc)]: family:1, type:2, protocol:0
[   65.672071] firmadyne: sys_socket[PID: 856 (xmldbc)]: family:1, type:2, protocol:0
[   65.730113] firmadyne: sys_socket[PID: 857 (xmldbc)]: family:1, type:2, protocol:0
[   65.788629] firmadyne: sys_socket[PID: 858 (xmldbc)]: family:1, type:2, protocol:0
[   65.843967] firmadyne: sys_socket[PID: 859 (xmldbc)]: family:1, type:2, protocol:0
[   65.902181] firmadyne: sys_socket[PID: 860 (xmldbc)]: family:1, type:2, protocol:0
[   65.961419] firmadyne: sys_socket[PID: 861 (xmldbc)]: family:1, type:2, protocol:0
[   66.021251] firmadyne: sys_socket[PID: 862 (xmldbc)]: family:1, type:2, protocol:0
[   66.079964] firmadyne: sys_socket[PID: 863 (xmldbc)]: family:1, type:2, protocol:0
[   66.217884] firmadyne: sys_socket[PID: 867 (xmldbc)]: family:1, type:2, protocol:0
[   66.283305] firmadyne: sys_socket[PID: 868 (xmldbc)]: family:1, type:2, protocol:0
[   66.340759] firmadyne: sys_socket[PID: 869 (xmldbc)]: family:1, type:2, protocol:0
[   66.399564] firmadyne: sys_socket[PID: 870 (xmldbc)]: family:1, type:2, protocol:0
[   66.458629] firmadyne: sys_socket[PID: 871 (xmldbc)]: family:1, type:2, protocol:0
[   66.517745] firmadyne: sys_socket[PID: 872 (xmldbc)]: family:1, type:2, protocol:0
[   66.577651] firmadyne: sys_socket[PID: 873 (xmldbc)]: family:1, type:2, protocol:0
[   66.638383] firmadyne: sys_socket[PID: 874 (xmldbc)]: family:1, type:2, protocol:0
[   66.696986] firmadyne: sys_socket[PID: 875 (xmldbc)]: family:1, type:2, protocol:0
[   66.755777] firmadyne: sys_socket[PID: 876 (xmldbc)]: family:1, type:2, protocol:0
[   66.814896] firmadyne: sys_socket[PID: 877 (xmldbc)]: family:1, type:2, protocol:0
[   66.875171] firmadyne: sys_socket[PID: 878 (xmldbc)]: family:1, type:2, protocol:0
[   66.933858] firmadyne: sys_socket[PID: 879 (xmldbc)]: family:1, type:2, protocol:0
[   66.992985] firmadyne: sys_socket[PID: 880 (xmldbc)]: family:1, type:2, protocol:0
[   67.052020] firmadyne: sys_socket[PID: 881 (xmldbc)]: family:1, type:2, protocol:0
[   67.110108] firmadyne: sys_socket[PID: 882 (xmldbc)]: family:1, type:2, protocol:0
[   67.168398] firmadyne: sys_socket[PID: 883 (xmldbc)]: family:1, type:2, protocol:0
[   67.228376] firmadyne: sys_socket[PID: 884 (xmldbc)]: family:1, type:2, protocol:0
[   67.288568] firmadyne: sys_socket[PID: 885 (xmldbc)]: family:1, type:2, protocol:0
[   67.427773] firmadyne: sys_socket[PID: 889 (xmldbc)]: family:1, type:2, protocol:0
[   67.484994] firmadyne: sys_socket[PID: 890 (xmldbc)]: family:1, type:2, protocol:0
[   67.543087] firmadyne: sys_socket[PID: 891 (xmldbc)]: family:1, type:2, protocol:0
[   67.602322] firmadyne: sys_socket[PID: 892 (xmldbc)]: family:1, type:2, protocol:0
[   67.660473] firmadyne: sys_socket[PID: 893 (xmldbc)]: family:1, type:2, protocol:0
[   67.719069] firmadyne: sys_socket[PID: 894 (xmldbc)]: family:1, type:2, protocol:0
[   67.777291] firmadyne: sys_socket[PID: 895 (xmldbc)]: family:1, type:2, protocol:0
[   67.836540] firmadyne: sys_socket[PID: 896 (xmldbc)]: family:1, type:2, protocol:0
[   67.894726] firmadyne: sys_socket[PID: 897 (xmldbc)]: family:1, type:2, protocol:0
[   67.953070] firmadyne: sys_socket[PID: 898 (xmldbc)]: family:1, type:2, protocol:0
[   68.013758] firmadyne: sys_socket[PID: 899 (xmldbc)]: family:1, type:2, protocol:0
[   68.072047] firmadyne: sys_socket[PID: 900 (xmldbc)]: family:1, type:2, protocol:0
[   68.130199] firmadyne: sys_socket[PID: 901 (xmldbc)]: family:1, type:2, protocol:0
[   68.188116] firmadyne: sys_socket[PID: 902 (xmldbc)]: family:1, type:2, protocol:0
[   68.251313] firmadyne: sys_socket[PID: 903 (xmldbc)]: family:1, type:2, protocol:0
[   68.312556] firmadyne: sys_socket[PID: 904 (xmldbc)]: family:1, type:2, protocol:0
[   68.370826] firmadyne: sys_socket[PID: 905 (xmldbc)]: family:1, type:2, protocol:0
[   68.430630] firmadyne: sys_socket[PID: 906 (xmldbc)]: family:1, type:2, protocol:0
[   68.488944] firmadyne: sys_socket[PID: 907 (xmldbc)]: family:1, type:2, protocol:0
[   68.626930] firmadyne: sys_socket[PID: 911 (xmldbc)]: family:1, type:2, protocol:0
[   68.684867] firmadyne: sys_socket[PID: 912 (xmldbc)]: family:1, type:2, protocol:0
[   68.742956] firmadyne: sys_socket[PID: 913 (xmldbc)]: family:1, type:2, protocol:0
[   68.802015] firmadyne: sys_socket[PID: 914 (xmldbc)]: family:1, type:2, protocol:0
[   68.861839] firmadyne: sys_socket[PID: 915 (xmldbc)]: family:1, type:2, protocol:0
[   68.920666] firmadyne: sys_socket[PID: 916 (xmldbc)]: family:1, type:2, protocol:0
[   68.978921] firmadyne: sys_socket[PID: 917 (xmldbc)]: family:1, type:2, protocol:0
[   69.038978] firmadyne: sys_socket[PID: 918 (xmldbc)]: family:1, type:2, protocol:0
[   69.097138] firmadyne: sys_socket[PID: 919 (xmldbc)]: family:1, type:2, protocol:0
[   69.154988] firmadyne: sys_socket[PID: 920 (xmldbc)]: family:1, type:2, protocol:0
[   69.213970] firmadyne: sys_socket[PID: 921 (xmldbc)]: family:1, type:2, protocol:0
[   69.274262] firmadyne: sys_socket[PID: 922 (xmldbc)]: family:1, type:2, protocol:0
[   69.332211] firmadyne: sys_socket[PID: 923 (xmldbc)]: family:1, type:2, protocol:0
[   69.390601] firmadyne: sys_socket[PID: 924 (xmldbc)]: family:1, type:2, protocol:0
[   69.450466] firmadyne: sys_socket[PID: 925 (xmldbc)]: family:1, type:2, protocol:0
[   69.508955] firmadyne: sys_socket[PID: 926 (xmldbc)]: family:1, type:2, protocol:0
[   69.567449] firmadyne: sys_socket[PID: 927 (xmldbc)]: family:1, type:2, protocol:0
[   69.627406] firmadyne: sys_socket[PID: 928 (xmldbc)]: family:1, type:2, protocol:0
[   69.686266] firmadyne: sys_socket[PID: 929 (xmldbc)]: family:1, type:2, protocol:0
[   69.871822] firmadyne: sys_socket[PID: 934 (xmldbc)]: family:1, type:2, protocol:0
[   69.930150] firmadyne: sys_socket[PID: 935 (xmldbc)]: family:1, type:2, protocol:0
[   69.988365] firmadyne: sys_socket[PID: 936 (xmldbc)]: family:1, type:2, protocol:0
[   70.048239] firmadyne: sys_socket[PID: 937 (xmldbc)]: family:1, type:2, protocol:0
[   70.105272] firmadyne: sys_socket[PID: 938 (xmldbc)]: family:1, type:2, protocol:0
[   70.163452] firmadyne: sys_socket[PID: 939 (xmldbc)]: family:1, type:2, protocol:0
[   70.304434] firmadyne: sys_socket[PID: 943 (xmldbc)]: family:1, type:2, protocol:0
[   70.357743] firmadyne: sys_socket[PID: 944 (xmldbc)]: family:1, type:2, protocol:0
[   70.417367] firmadyne: sys_socket[PID: 945 (xmldbc)]: family:1, type:2, protocol:0
[   70.475493] firmadyne: sys_socket[PID: 946 (xmldbc)]: family:1, type:2, protocol:0
[   70.533540] firmadyne: sys_socket[PID: 947 (xmldbc)]: family:1, type:2, protocol:0
[   70.591328] firmadyne: sys_socket[PID: 948 (xmldbc)]: family:1, type:2, protocol:0
[   70.768174] firmadyne: sys_socket[PID: 953 (xmldbc)]: family:1, type:2, protocol:0
[   70.901757] firmadyne: sys_socket[PID: 957 (xmldbc)]: family:1, type:2, protocol:0
[   71.038573] firmadyne: sys_socket[PID: 961 (xmldbc)]: family:1, type:2, protocol:0
[   71.176066] firmadyne: sys_socket[PID: 965 (xmldbc)]: family:1, type:2, protocol:0
[   71.315007] firmadyne: sys_socket[PID: 969 (xmldbc)]: family:1, type:2, protocol:0
[   71.453277] firmadyne: sys_socket[PID: 973 (xmldbc)]: family:1, type:2, protocol:0
[   71.589950] firmadyne: sys_socket[PID: 977 (xmldbc)]: family:1, type:2, protocol:0
[   71.726970] firmadyne: sys_socket[PID: 981 (xmldbc)]: family:1, type:2, protocol:0
[   71.864876] firmadyne: sys_socket[PID: 985 (xmldbc)]: family:1, type:2, protocol:0
[   72.005623] firmadyne: sys_socket[PID: 989 (xmldbc)]: family:1, type:2, protocol:0
[   72.142898] firmadyne: sys_socket[PID: 993 (xmldbc)]: family:1, type:2, protocol:0
[   72.281320] firmadyne: sys_socket[PID: 997 (xmldbc)]: family:1, type:2, protocol:0
[   72.418620] firmadyne: sys_socket[PID: 1001 (xmldbc)]: family:1, type:2, protocol:0
[   72.554925] firmadyne: sys_socket[PID: 1005 (xmldbc)]: family:1, type:2, protocol:0
[   72.692650] firmadyne: sys_socket[PID: 1009 (xmldbc)]: family:1, type:2, protocol:0
[   72.829846] firmadyne: sys_socket[PID: 1013 (xmldbc)]: family:1, type:2, protocol:0
[   72.969281] firmadyne: sys_socket[PID: 1017 (xmldbc)]: family:1, type:2, protocol:0
[   73.107060] firmadyne: sys_socket[PID: 1021 (xmldbc)]: family:1, type:2, protocol:0
[   73.245074] firmadyne: sys_socket[PID: 1025 (xmldbc)]: family:1, type:2, protocol:0
[   73.384742] firmadyne: sys_socket[PID: 1029 (xmldbc)]: family:1, type:2, protocol:0
[   73.521986] firmadyne: sys_socket[PID: 1033 (xmldbc)]: family:1, type:2, protocol:0
[   73.659011] firmadyne: sys_socket[PID: 1037 (xmldbc)]: family:1, type:2, protocol:0
[   73.796626] firmadyne: sys_socket[PID: 1041 (xmldbc)]: family:1, type:2, protocol:0
[   73.932912] firmadyne: sys_socket[PID: 1045 (xmldbc)]: family:1, type:2, protocol:0
[   74.064851] firmadyne: sys_socket[PID: 1049 (xmldbc)]: family:1, type:2, protocol:0
[   74.201077] firmadyne: sys_socket[PID: 1053 (xmldbc)]: family:1, type:2, protocol:0
[   74.339890] firmadyne: sys_socket[PID: 1057 (xmldbc)]: family:1, type:2, protocol:0
[   74.478147] firmadyne: sys_socket[PID: 1061 (xmldbc)]: family:1, type:2, protocol:0
[   74.616224] firmadyne: sys_socket[PID: 1065 (xmldbc)]: family:1, type:2, protocol:0
[   74.752269] firmadyne: sys_socket[PID: 1069 (xmldbc)]: family:1, type:2, protocol:0
[   74.892441] firmadyne: sys_socket[PID: 1073 (xmldbc)]: family:1, type:2, protocol:0
[   75.030669] firmadyne: sys_socket[PID: 1077 (xmldbc)]: family:1, type:2, protocol:0
[   75.166924] firmadyne: sys_socket[PID: 1081 (xmldbc)]: family:1, type:2, protocol:0
[   75.225882] firmadyne: sys_socket[PID: 1082 (xmldbc)]: family:1, type:2, protocol:0
[   75.284027] firmadyne: sys_socket[PID: 1083 (xmldbc)]: family:1, type:2, protocol:0
[   75.344435] firmadyne: sys_socket[PID: 1084 (xmldbc)]: family:1, type:2, protocol:0
[   75.403540] firmadyne: sys_socket[PID: 1085 (xmldbc)]: family:1, type:2, protocol:0
[   75.457433] firmadyne: sys_socket[PID: 1086 (xmldbc)]: family:1, type:2, protocol:0
[   75.516662] firmadyne: sys_socket[PID: 1087 (xmldbc)]: family:1, type:2, protocol:0
[   75.575844] firmadyne: sys_socket[PID: 1088 (xmldbc)]: family:1, type:2, protocol:0
[   75.636019] firmadyne: sys_socket[PID: 1089 (xmldbc)]: family:1, type:2, protocol:0
PHP [/etc/defnodes/S11setnodes.php] ...
[   75.754414] firmadyne: sys_socket[PID: 1092 (rgdb)]: family:1, type:2, protocol:0
PHP [/etc/defnodes/S12features.php] ...
[   76.620876] firmadyne: sys_socket[PID: 1105 (rgdb)]: family:1, type:2, protocol:0
PHP [/etc/defnodes/S13flashspeed.php] ...
[   76.749238] firmadyne: sys_socket[PID: 1108 (rgdb)]: family:1, type:2, protocol:0
PHP [/etc/defnodes/S20setnodes.php] ...
[   77.006548] firmadyne: sys_socket[PID: 1113 (rgdb)]: family:1, type:2, protocol:0
[   77.475949] UDF-fs: warning (device mtdblock4): udf_fill_super: No partition found (2)
mount: mounting /dev/mtdblock/4 on /www/locale/alt failed: Invalid argument
PHP [/etc/defnodes/S40brand.php] ...
[   77.585788] firmadyne: sys_socket[PID: 1125 (rgdb)]: family:1, type:2, protocol:0
[/etc/scripts/misc/defnodes.sh] Done !!
[/etc/scripts/misc/profile.sh] put ...
[   78.264881] firmadyne: sys_socket[PID: 1133 (rgdb)]: family:1, type:2, protocol:0
ok
[   79.284610] firmadyne: sys_socket[PID: 1139 (rgdb)]: family:1, type:2, protocol:0
[   79.362834] firmadyne: sys_socket[PID: 1141 (rgdb)]: family:1, type:2, protocol:0
[/etc/templates/timezone.sh] ...
[   79.540547] firmadyne: sys_socket[PID: 1146 (rgdb)]: family:1, type:2, protocol:0
[   79.733819] firmadyne: sys_socket[PID: 1151 (rgdb)]: family:1, type:2, protocol:0
[   83.787328] firmadyne: sys_socket[PID: 1155 (rgdb)]: family:1, type:2, protocol:0
[   83.872562] firmadyne: sys_socket[PID: 1157 (rgdb)]: family:1, type:2, protocol:0
[   83.956351] firmadyne: sys_socket[PID: 1159 (rgdb)]: family:1, type:2, protocol:0
[   84.043448] firmadyne: sys_socket[PID: 1161 (rgdb)]: family:1, type:2, protocol:0
[   84.128785] firmadyne: sys_socket[PID: 1163 (rgdb)]: family:1, type:2, protocol:0
[   84.214921] firmadyne: sys_socket[PID: 1165 (rgdb)]: family:1, type:2, protocol:0
[   84.299147] firmadyne: sys_socket[PID: 1167 (rgdb)]: family:1, type:2, protocol:0
[   84.384060] firmadyne: sys_socket[PID: 1169 (rgdb)]: family:1, type:2, protocol:0
[   84.472660] firmadyne: sys_socket[PID: 1171 (rgdb)]: family:1, type:2, protocol:0
[   84.558172] firmadyne: sys_socket[PID: 1173 (rgdb)]: family:1, type:2, protocol:0
[   84.645143] firmadyne: sys_socket[PID: 1175 (rgdb)]: family:1, type:2, protocol:0
[/etc/templates/logs.sh] ...
[   85.639020] firmadyne: sys_socket[PID: 1203 (rgdb)]: family:1, type:2, protocol:0
[   85.738527] firmadyne: sys_socket[PID: 1205 (rgdb)]: family:1, type:2, protocol:0
[/var/run/logs_run.sh] ...
[   86.351480] firmadyne: sys_socket[PID: 1210 (syslogd)]: family:1, type:1, protocol:0
[   86.512735] firmadyne: sys_socket[PID: 1215 (rgdb)]: family:1, type:2, protocol:0
[   86.726914] firmadyne: sys_socket[PID: 1219 (ifconfig)]: family:2, type:1, protocol:0
[   86.748925] 8021q: adding VLAN 0 to HW filter on device eth0
[   86.754635] e1000: eth0 NIC Link is Up 1000 Mbps Full Duplex, Flow Control: RX
[   89.860313] firmadyne: sys_socket[PID: 1221 (rgdb)]: family:1, type:2, protocol:0
[   90.198795] firmadyne: sys_socket[PID: 1233 (rgdb)]: family:1, type:2, protocol:0
[   90.389783] firmadyne: sys_socket[PID: 1239 (rgdb)]: family:1, type:2, protocol:0
[   90.416852] firmadyne: sys_socket[PID: 1240 (ifconfig)]: family:2, type:1, protocol:0
[   90.419076] firmadyne: __inet_insert_ifa[PID: 1240 (ifconfig)]: device:lo ifa:0x7f000001
[   90.478929] firmadyne: sys_socket[PID: 1241 (brctl)]: family:2, type:2, protocol:0
[   90.585935] firmadyne: sys_socket[PID: 1244 (brctl)]: family:2, type:2, protocol:0
[   90.590091] firmadyne: sys_socket[PID: 1244 (brctl)]: family:10, type:1, protocol:0
[   90.646438] firmadyne: sys_socket[PID: 1245 (brctl)]: family:2, type:2, protocol:0
[   90.650425] firmadyne: sys_socket[PID: 1245 (brctl)]: family:10, type:1, protocol:0
[/etc/init.d/S03config.sh] done!
[/etc/init.d/S10system.sh]
start Layout ...
[/etc/scripts/layout.sh] start ...
[   91.031906] firmadyne: sys_socket[PID: 1255 (rgdb)]: family:1, type:2, protocol:0
[   91.171297] firmadyne: sys_socket[PID: 1256 (rgdb)]: family:1, type:2, protocol:0
[/var/run/layout_start.sh] ...
Start bridge layout ...
[   91.332346] firmadyne: sys_socket[PID: 1260 (ifconfig)]: family:2, type:1, protocol:0
[   91.381000] firmadyne: sys_socket[PID: 1261 (brctl)]: family:2, type:2, protocol:0
[   91.385065] firmadyne: sys_socket[PID: 1261 (brctl)]: family:10, type:1, protocol:0
[   91.388645] firmadyne: sys_socket[PID: 1261 (brctl)]: family:10, type:1, protocol:0
[   91.390306] firmadyne: br_add_if[PID: 1261 (brctl)]: br:br0 dev:eth0
[   91.397034] device eth0 entered promiscuous mode
[   91.497132] firmadyne: sys_socket[PID: 1264 (xmldbc)]: family:1, type:2, protocol:0
[   91.586380] firmadyne: sys_socket[PID: 1267 (ifconfig)]: family:2, type:1, protocol:0
[   91.589059] br0: port 1(eth0) entered forwarding state
[   91.589964] br0: port 1(eth0) entered forwarding state
[   91.643760] firmadyne: sys_socket[PID: 1268 (rgdb)]: family:1, type:2, protocol:0
start LAN ...
[/etc/templates/lan.sh] ...
[   91.812426] firmadyne: sys_socket[PID: 1273 (rgdb)]: family:1, type:2, protocol:0
[   91.965548] firmadyne: sys_socket[PID: 1276 (rgdb)]: family:1, type:2, protocol:0
[   92.080319] firmadyne: sys_socket[PID: 1277 (rgdb)]: family:1, type:2, protocol:0
[/var/run/lan_start.sh] ...
Bridge mode selected, LAN is disabled !
start web server ...
[/etc/templates/webs.sh] start ...
[   92.384520] firmadyne: sys_socket[PID: 1285 (rgdb)]: family:1, type:2, protocol:0
[   92.478593] firmadyne: sys_socket[PID: 1287 (rgdb)]: family:1, type:2, protocol:0
[   92.632258] firmadyne: sys_socket[PID: 1290 (rgdb)]: family:1, type:2, protocol:0
[   92.790639] firmadyne: sys_socket[PID: 1291 (rgdb)]: family:1, type:2, protocol:0
[/var/run/webs_start.sh] ...
Starting HTTPD ...
start eth0 vlan setup ...
/etc/scripts/eth_vlan.sh: not found
[   93.217366] firmadyne: sys_socket[PID: 1301 (rgdb)]: family:1, type:2, protocol:0
[   93.227240] firmadyne: sys_socket[PID: 1302 (rgdb)]: family:1, type:2, protocol:0
[   93.461305] firmadyne: sys_socket[PID: 1303 (rgdb)]: family:1, type:2, protocol:0
#!/bin/sh
echo [$0] ... > /dev/console

# limitedadmin.php <<<

limitedadmin.sh...
[   93.775209] firmadyne: sys_socket[PID: 1307 (brctl)]: family:2, type:2, protocol:0
[   93.782701] firmadyne: sys_socket[PID: 1307 (brctl)]: family:10, type:1, protocol:0
[   93.892842] firmadyne: sys_socket[PID: 1308 (brctl)]: family:2, type:2, protocol:0
[   93.900230] firmadyne: sys_socket[PID: 1308 (brctl)]: family:10, type:1, protocol:0
[   94.009100] firmadyne: sys_socket[PID: 1309 (brctl)]: family:2, type:2, protocol:0
[   94.016569] firmadyne: sys_socket[PID: 1309 (brctl)]: family:10, type:1, protocol:0
[   94.115934] firmadyne: sys_socket[PID: 1310 (brctl)]: family:2, type:2, protocol:0
[   94.118693] firmadyne: sys_socket[PID: 1310 (brctl)]: family:10, type:1, protocol:0
[   94.225220] firmadyne: sys_socket[PID: 1311 (brctl)]: family:2, type:2, protocol:0
[   94.232704] firmadyne: sys_socket[PID: 1311 (brctl)]: family:10, type:1, protocol:0
[   94.339187] firmadyne: sys_socket[PID: 1312 (brctl)]: family:2, type:2, protocol:0
[   94.346609] firmadyne: sys_socket[PID: 1312 (brctl)]: family:10, type:1, protocol:0
start fresetd ...
enable LAN ports ...
[   94.599799] firmadyne: sys_socket[PID: 1314 (servd)]: family:1, type:2, protocol:0
Factory reset time : 5 secs
System reset time  : 1 secs
WPS command : [/etc/templates/wps.sh pbc &]
[   94.706321] firmadyne: sys_socket[PID: 1305 (httpd)]: family:10, type:2, protocol:6
[   94.719994] firmadyne: sys_setsockopt[PID: 1305 (httpd)]: fd:4, level:65535, optname:4
[/etc/scripts/enlan.sh] ...
/dev/gpio: No such device or address
[   94.821484] firmadyne: sys_socket[PID: 1317 (fresetd)]: family:1, type:1, protocol:0
 Generate channel table according to the country code...
[   94.929189] firmadyne: sys_socket[PID: 1327 (httpd)]: family:1, type:1, protocol:0
[   94.974024] firmadyne: sys_socket[PID: 1330 (genchanneltable)]: family:1, type:2, protocol:0
[   94.993082] firmadyne: sys_socket[PID: 1330 (genchanneltable)]: family:1, type:2, protocol:0
[   94.998494] firmadyne: sys_socket[PID: 1330 (genchanneltable)]: family:1, type:2, protocol:0
[   95.035148] firmadyne: sys_socket[PID: 1331 (getsys)]: family:1, type:2, protocol:0
UNKNOW country code!! Use USA for default!!
[   95.136229] firmadyne: sys_socket[PID: 1330 (genchanneltable)]: family:1, type:2, protocol:0
[   95.142947] firmadyne: sys_socket[PID: 1331 (getsys)]: family:1, type:2, protocol:0
[   95.147255] firmadyne: sys_socket[PID: 1330 (genchanneltable)]: family:1, type:2, protocol:0
[   95.154092] firmadyne: sys_socket[PID: 1331 (getsys)]: family:1, type:2, protocol:0
[   95.158824] firmadyne: sys_socket[PID: 1330 (genchanneltable)]: family:1, type:2, protocol:0
[   95.165338] firmadyne: sys_socket[PID: 1331 (getsys)]: family:1, type:2, protocol:0
[   95.170090] firmadyne: sys_socket[PID: 1330 (genchanneltable)]: family:1, type:2, protocol:0
[   95.176567] firmadyne: sys_socket[PID: 1331 (getsys)]: family:1, type:2, protocol:0
[   95.181221] firmadyne: sys_socket[PID: 1330 (genchanneltable)]: family:1, type:2, protocol:0
[   95.187473] firmadyne: sys_socket[PID: 1331 (getsys)]: family:1, type:2, protocol:0
[   95.191516] firmadyne: sys_socket[PID: 1330 (genchanneltable)]: family:1, type:2, protocol:0
[   95.199490] firmadyne: sys_socket[PID: 1331 (getsys)]: family:1, type:2, protocol:0
[   95.203867] firmadyne: sys_socket[PID: 1330 (genchanneltable)]: family:1, type:2, protocol:0
[   95.210538] firmadyne: sys_socket[PID: 1331 (getsys)]: family:1, type:2, protocol:0
[   95.215131] firmadyne: sys_socket[PID: 1330 (genchanneltable)]: family:1, type:2, protocol:0
[   95.222238] firmadyne: sys_socket[PID: 1331 (getsys)]: family:1, type:2, protocol:0
[   95.227239] firmadyne: sys_socket[PID: 1330 (genchanneltable)]: family:1, type:2, protocol:0
[   95.234036] firmadyne: sys_socket[PID: 1331 (getsys)]: family:1, type:2, protocol:0
[   95.238845] firmadyne: sys_socket[PID: 1330 (genchanneltable)]: family:1, type:2, protocol:0
[   95.245511] firmadyne: sys_socket[PID: 1331 (getsys)]: family:1, type:2, protocol:0
[   95.250405] firmadyne: sys_socket[PID: 1330 (genchanneltable)]: family:1, type:2, protocol:0
[   95.257047] firmadyne: sys_socket[PID: 1331 (getsys)]: family:1, type:2, protocol:0
[   95.262108] firmadyne: sys_socket[PID: 1330 (genchanneltable)]: family:1, type:2, protocol:0
[   95.268674] firmadyne: sys_socket[PID: 1331 (getsys)]: family:1, type:2, protocol:0
[   95.273796] firmadyne: sys_socket[PID: 1330 (genchanneltable)]: family:1, type:2, protocol:0
[   95.280370] firmadyne: sys_socket[PID: 1331 (getsys)]: family:1, type:2, protocol:0
[   95.285366] firmadyne: sys_socket[PID: 1330 (genchanneltable)]: family:1, type:2, protocol:0
[   95.291974] firmadyne: sys_socket[PID: 1331 (getsys)]: family:1, type:2, protocol:0
[   95.296259] firmadyne: sys_socket[PID: 1330 (genchanneltable)]: family:1, type:2, protocol:0
[   95.302719] firmadyne: sys_socket[PID: 1331 (getsys)]: family:1, type:2, protocol:0
[   95.307870] firmadyne: sys_socket[PID: 1330 (genchanneltable)]: family:1, type:2, protocol:0
[   95.314104] firmadyne: sys_socket[PID: 1331 (getsys)]: family:1, type:2, protocol:0
[   95.318904] firmadyne: sys_socket[PID: 1330 (genchanneltable)]: family:1, type:2, protocol:0
[   95.329026] firmadyne: sys_socket[PID: 1331 (getsys)]: family:1, type:2, protocol:0
[   95.334061] firmadyne: sys_socket[PID: 1330 (genchanneltable)]: family:1, type:2, protocol:0
[   95.345511] firmadyne: sys_socket[PID: 1330 (genchanneltable)]: family:1, type:2, protocol:0
[   95.356673] firmadyne: sys_socket[PID: 1330 (genchanneltable)]: family:1, type:2, protocol:0
[   95.363543] firmadyne: sys_socket[PID: 1330 (genchanneltable)]: family:1, type:2, protocol:0
[   95.372826] firmadyne: sys_socket[PID: 1330 (genchanneltable)]: family:1, type:2, protocol:0
[   95.382220] firmadyne: sys_socket[PID: 1330 (genchanneltable)]: family:1, type:2, protocol:0
[   95.395916] firmadyne: sys_socket[PID: 1330 (genchanneltable)]: family:1, type:2, protocol:0
[   95.402266] firmadyne: sys_socket[PID: 1330 (genchanneltable)]: family:1, type:2, protocol:0
[   95.414487] firmadyne: sys_socket[PID: 1330 (genchanneltable)]: family:1, type:2, protocol:0
[   95.420827] firmadyne: sys_socket[PID: 1330 (genchanneltable)]: family:1, type:2, protocol:0
[   95.430222] firmadyne: sys_socket[PID: 1330 (genchanneltable)]: family:1, type:2, protocol:0
/dev/gpio: No such device or address
[   95.442201] firmadyne: sys_socket[PID: 1330 (genchanneltable)]: family:1, type:2, protocol:0
 Generate VLAN table according to the port...
[   95.520783] firmadyne: sys_socket[PID: 1339 (genVLANTableByP)]: family:1, type:2, protocol:0
[   95.528356] firmadyne: sys_socket[PID: 1339 (genVLANTableByP)]: family:1, type:2, protocol:0
[   95.533719] firmadyne: sys_socket[PID: 1339 (genVLANTableByP)]: family:1, type:2, protocol:0
[   95.538939] firmadyne: sys_socket[PID: 1339 (genVLANTableByP)]: family:1, type:2, protocol:0
[   95.545238] firmadyne: sys_socket[PID: 1339 (genVLANTableByP)]: family:1, type:2, protocol:0
[   95.550414] firmadyne: sys_socket[PID: 1339 (genVLANTableByP)]: family:1, type:2, protocol:0
[   95.557282] firmadyne: sys_socket[PID: 1339 (genVLANTableByP)]: family:1, type:2, protocol:0
[   95.562928] firmadyne: sys_socket[PID: 1339 (genVLANTableByP)]: family:1, type:2, protocol:0
[   95.569428] firmadyne: sys_socket[PID: 1339 (genVLANTableByP)]: family:1, type:2, protocol:0
[   95.574945] firmadyne: sys_socket[PID: 1339 (genVLANTableByP)]: family:1, type:2, protocol:0
[   95.581626] firmadyne: sys_socket[PID: 1339 (genVLANTableByP)]: family:1, type:2, protocol:0
[   95.587388] firmadyne: sys_socket[PID: 1339 (genVLANTableByP)]: family:1, type:2, protocol:0
[   95.594792] firmadyne: sys_socket[PID: 1339 (genVLANTableByP)]: family:1, type:2, protocol:0
[   95.601371] firmadyne: sys_socket[PID: 1339 (genVLANTableByP)]: family:1, type:2, protocol:0
[   95.606717] firmadyne: sys_socket[PID: 1339 (genVLANTableByP)]: family:1, type:2, protocol:0
[   95.611467] firmadyne: sys_socket[PID: 1339 (genVLANTableByP)]: family:1, type:2, protocol:0
[   95.618249] firmadyne: sys_socket[PID: 1339 (genVLANTableByP)]: family:1, type:2, protocol:0
[   95.625155] firmadyne: sys_socket[PID: 1339 (genVLANTableByP)]: family:1, type:2, protocol:0
[   95.630643] firmadyne: sys_socket[PID: 1339 (genVLANTableByP)]: family:1, type:2, protocol:0
[   95.637227] firmadyne: sys_socket[PID: 1339 (genVLANTableByP)]: family:1, type:2, protocol:0
[   95.642717] firmadyne: sys_socket[PID: 1339 (genVLANTableByP)]: family:1, type:2, protocol:0
