[    0.000000] Linux version 4.1.17+ (alessio@pc) (gcc version 5.5.0 20171010 (Ubuntu 5.5.0-12ubuntu1) ) #1 Mon May 15 23:04:08 CEST 2023
[    0.000000] earlycon: Early serial console at I/O port 0x3f8 (options '38400n8')
[    0.000000] bootconsole [uart0] enabled
[    0.000000] CPU0 revision is: 00019300 (MIPS 24Kc)
[    0.000000] FPU revision is: 00739300
[    0.000000] Software DMA cache coherency enabled
[    0.000000] Determined physical RAM map:
[    0.000000]  memory: 00001000 @ 00000000 (reserved)
[    0.000000]  memory: 000ef000 @ 00001000 (ROM data)
[    0.000000]  memory: 00798000 @ 000f0000 (reserved)
[    0.000000]  memory: 0f777000 @ 00888000 (usable)
[    0.000000] debug: ignoring loglevel setting.
[    0.000000] Wasting 69888 bytes for tracking 2184 unused pages
[    0.000000] Initrd not found or empty - disabling initrd
[    0.000000] Zone ranges:
[    0.000000]   DMA      [mem 0x0000000000000000-0x0000000000ffffff]
[    0.000000]   Normal   [mem 0x0000000001000000-0x000000000fffefff]
[    0.000000] Movable zone start for each node
[    0.000000] Early memory node ranges
[    0.000000]   node   0: [mem 0x0000000000000000-0x000000000fffefff]
[    0.000000] Initmem setup node 0 [mem 0x0000000000000000-0x000000000fffefff]
[    0.000000] On node 0 totalpages: 65535
[    0.000000] free_area_init_node: node 0, pgdat 8081d5b0, node_mem_map 81000000
[    0.000000]   DMA zone: 32 pages used for memmap
[    0.000000]   DMA zone: 0 pages reserved
[    0.000000]   DMA zone: 4096 pages, LIFO batch:0
[    0.000000]   Normal zone: 480 pages used for memmap
[    0.000000]   Normal zone: 61439 pages, LIFO batch:15
[    0.000000] Primary instruction cache 2kB, VIPT, 2-way, linesize 16 bytes.
[    0.000000] Primary data cache 2kB, 2-way, VIPT, no aliases, linesize 16 bytes
[    0.000000] pcpu-alloc: s0 r0 d32768 u32768 alloc=1*32768
[    0.000000] pcpu-alloc: [0] 0 
[    0.000000] Built 1 zonelists in Zone order, mobility grouping on.  Total pages: 65023
[    0.000000] Kernel command line: root=/dev/sda1 console=ttyS0 nandsim.parts=64,64,64,64,64,64,64,64,64,64 rdinit=/firmadyne/preInit.sh rw debug ignore_loglevel print-fatal-signals=1 FIRMAE_NET=true FIRMAE_NVRAM=true FIRMAE_KERNEL=true FIRMAE_ETC=true user_debug=0 firmadyne.syscall=1 noka
[    0.000000] found FIRMAE_KERNEL=t
[    0.000000] set the LD_PRELOAD=/firmadyne/libnvram_ioctl.so
[    0.000000] PID hash table entries: 1024 (order: 0, 4096 bytes)
[    0.000000] Dentry cache hash table entries: 32768 (order: 5, 131072 bytes)
[    0.000000] Inode-cache hash table entries: 16384 (order: 4, 65536 bytes)
[    0.000000] Writing ErrCtl register=00000000
[    0.000000] Readback ErrCtl register=00000000
[    0.000000] Memory: 251112K/262140K available (5360K kernel code, 244K rwdata, 1676K rodata, 260K init, 158K bss, 11028K reserved, 0K cma-reserved)
[    0.000000] NR_IRQS:256
[    0.000000] CPU frequency 200.00 MHz
[    0.000000] clocksource MIPS: mask: 0xffffffff max_cycles: 0xffffffff, max_idle_ns: 19112579811 ns
[    0.000168] sched_clock: 32 bits at 100MHz, resolution 9ns, wraps every 21474808827ns
[    0.011379] Console: colour dummy device 80x25
[    0.012381] Calibrating delay loop... 34.49 BogoMIPS (lpj=68992)
[    0.065364] pid_max: default: 32768 minimum: 301
[    0.068673] Mount-cache hash table entries: 1024 (order: 0, 4096 bytes)
[    0.069100] Mountpoint-cache hash table entries: 1024 (order: 0, 4096 bytes)
[    0.121219] clocksource jiffies: mask: 0xffffffff max_cycles: 0xffffffff, max_idle_ns: 7645041785100000 ns
[    0.130234] NET: Registered protocol family 16
[    0.353205] clocksource pit: mask: 0xffffffff max_cycles: 0xffffffff, max_idle_ns: 1601818034827 ns
[    0.475084] vgaarb: loaded
[    0.479740] SCSI subsystem initialized
[    0.481783] libata version 3.00 loaded.
[    0.485191] usbcore: registered new interface driver usbfs
[    0.486474] usbcore: registered new interface driver hub
[    0.487369] usbcore: registered new device driver usb
[    0.489576] pps_core: LinuxPPS API ver. 1 registered
[    0.490021] pps_core: Software ver. 5.3.6 - Copyright 2005-2007 Rodolfo Giometti <giometti@linux.it>
[    0.490783] PTP clock support registered
[    0.494696] PCI host bridge to bus 0000:00
[    0.495311] pci_bus 0000:00: root bus resource [mem 0x10000000-0x17ffffff]
[    0.495807] pci_bus 0000:00: root bus resource [io  0x1000-0x1fffff]
[    0.496290] pci_bus 0000:00: root bus resource [??? 0x00000000 flags 0x0]
[    0.496772] pci_bus 0000:00: No busn resource found for root bus, will use [bus 00-ff]
[    0.497868] pci 0000:00:00.0: [11ab:4620] type 00 class 0x060000
[    0.498821] pci 0000:00:00.0: [Firmware Bug]: reg 0x14: invalid BAR (can't size)
[    0.499310] pci 0000:00:00.0: [Firmware Bug]: reg 0x18: invalid BAR (can't size)
[    0.499785] pci 0000:00:00.0: [Firmware Bug]: reg 0x1c: invalid BAR (can't size)
[    0.500283] pci 0000:00:00.0: [Firmware Bug]: reg 0x20: invalid BAR (can't size)
[    0.500788] pci 0000:00:00.0: [Firmware Bug]: reg 0x24: invalid BAR (can't size)
[    0.504086] pci 0000:00:0a.0: [8086:7110] type 00 class 0x060100
[    0.506978] pci 0000:00:0a.1: [8086:7111] type 00 class 0x010180
[    0.507596] pci 0000:00:0a.1: reg 0x20: [io  0x0000-0x000f]
[    0.508076] pci 0000:00:0a.1: legacy IDE quirk: reg 0x10: [io  0x01f0-0x01f7]
[    0.508544] pci 0000:00:0a.1: legacy IDE quirk: reg 0x14: [io  0x03f6]
[    0.508995] pci 0000:00:0a.1: legacy IDE quirk: reg 0x18: [io  0x0170-0x0177]
[    0.509455] pci 0000:00:0a.1: legacy IDE quirk: reg 0x1c: [io  0x0376]
[    0.512179] pci 0000:00:0a.2: [8086:7112] type 00 class 0x0c0300
[    0.512746] pci 0000:00:0a.2: reg 0x20: [io  0x0000-0x001f]
[    0.515540] pci 0000:00:0a.3: [8086:7113] type 00 class 0x068000
[    0.516578] pci 0000:00:0a.3: quirk: [io  0x1000-0x103f] claimed by PIIX4 ACPI
[    0.517088] pci 0000:00:0a.3: quirk: [io  0x1100-0x110f] claimed by PIIX4 SMB
[    0.519751] pci 0000:00:12.0: [1013:00b8] type 00 class 0x030000
[    0.520268] pci 0000:00:12.0: reg 0x10: [mem 0x00000000-0x01ffffff pref]
[    0.520738] pci 0000:00:12.0: reg 0x14: [mem 0x00000000-0x00000fff]
[    0.521271] pci 0000:00:12.0: reg 0x30: [mem 0x00000000-0x0000ffff pref]
[    0.523498] vgaarb: device added: PCI:0000:00:12.0,decodes=io+mem,owns=none,locks=none
[    0.524502] pci 0000:00:13.0: [8086:100e] type 00 class 0x020000
[    0.524997] pci 0000:00:13.0: reg 0x10: [mem 0x00000000-0x0001ffff]
[    0.525446] pci 0000:00:13.0: reg 0x14: [io  0x0000-0x003f]
[    0.525957] pci 0000:00:13.0: reg 0x30: [mem 0x00000000-0x0003ffff pref]
[    0.528536] pci 0000:00:14.0: [8086:100e] type 00 class 0x020000
[    0.529055] pci 0000:00:14.0: reg 0x10: [mem 0x00000000-0x0001ffff]
[    0.529528] pci 0000:00:14.0: reg 0x14: [io  0x0000-0x003f]
[    0.530055] pci 0000:00:14.0: reg 0x30: [mem 0x00000000-0x0003ffff pref]
[    0.532790] pci 0000:00:15.0: [8086:100e] type 00 class 0x020000
[    0.533287] pci 0000:00:15.0: reg 0x10: [mem 0x00000000-0x0001ffff]
[    0.533752] pci 0000:00:15.0: reg 0x14: [io  0x0000-0x003f]
[    0.534265] pci 0000:00:15.0: reg 0x30: [mem 0x00000000-0x0003ffff pref]
[    0.536907] pci 0000:00:16.0: [8086:100e] type 00 class 0x020000
[    0.537416] pci 0000:00:16.0: reg 0x10: [mem 0x00000000-0x0001ffff]
[    0.537878] pci 0000:00:16.0: reg 0x14: [io  0x0000-0x003f]
[    0.538387] pci 0000:00:16.0: reg 0x30: [mem 0x00000000-0x0003ffff pref]
[    0.541143] pci_bus 0000:00: busn_res: [bus 00-ff] end is updated to 00
[    0.542426] pci 0000:00:12.0: BAR 0: assigned [mem 0x10000000-0x11ffffff pref]
[    0.543046] pci 0000:00:13.0: BAR 6: assigned [mem 0x12000000-0x1203ffff pref]
[    0.543614] pci 0000:00:14.0: BAR 6: assigned [mem 0x12040000-0x1207ffff pref]
[    0.544250] pci 0000:00:15.0: BAR 6: assigned [mem 0x12080000-0x120bffff pref]
[    0.544783] pci 0000:00:16.0: BAR 6: assigned [mem 0x120c0000-0x120fffff pref]
[    0.545302] pci 0000:00:13.0: BAR 0: assigned [mem 0x12100000-0x1211ffff]
[    0.545824] pci 0000:00:14.0: BAR 0: assigned [mem 0x12120000-0x1213ffff]
[    0.546338] pci 0000:00:15.0: BAR 0: assigned [mem 0x12140000-0x1215ffff]
[    0.546856] pci 0000:00:16.0: BAR 0: assigned [mem 0x12160000-0x1217ffff]
[    0.547386] pci 0000:00:12.0: BAR 6: assigned [mem 0x12180000-0x1218ffff pref]
[    0.548016] pci 0000:00:12.0: BAR 1: assigned [mem 0x12190000-0x12190fff]
[    0.548532] pci 0000:00:13.0: BAR 1: assigned [io  0x1040-0x107f]
[    0.548992] pci 0000:00:14.0: BAR 1: assigned [io  0x1080-0x10bf]
[    0.549460] pci 0000:00:15.0: BAR 1: assigned [io  0x10c0-0x10ff]
[    0.549934] pci 0000:00:16.0: BAR 1: assigned [io  0x1400-0x143f]
[    0.550397] pci 0000:00:0a.2: BAR 4: assigned [io  0x1440-0x145f]
[    0.550871] pci 0000:00:0a.1: BAR 4: assigned [io  0x1460-0x146f]
[    0.565699] cfg80211: Calling CRDA to update world regulatory domain
[    0.577073] Switched to clocksource MIPS
[    0.671768] NET: Registered protocol family 2
[    0.681944] TCP established hash table entries: 2048 (order: 1, 8192 bytes)
[    0.682858] TCP bind hash table entries: 2048 (order: 1, 8192 bytes)
[    0.683734] TCP: Hash tables configured (established 2048 bind 2048)
[    0.684665] UDP hash table entries: 256 (order: 0, 4096 bytes)
[    0.685383] UDP-Lite hash table entries: 256 (order: 0, 4096 bytes)
[    0.688599] NET: Registered protocol family 1
[    0.690116] PCI: Enabling device 0000:00:0a.2 (0000 -> 0001)
[    0.691339] PCI: CLS 0 bytes, default 16
[    0.718338] futex hash table entries: 256 (order: -1, 3072 bytes)
[    0.732207] squashfs: version 4.0 (2009/01/31) Phillip Lougher
[    0.734433] jffs2: version 2.2. (NAND) Â© 2001-2006 Red Hat, Inc.
[    0.737285] romfs: ROMFS MTD (C) 2007 Red Hat, Inc.
[    0.757465] Block layer SCSI generic (bsg) driver version 0.4 loaded (major 251)
[    0.758057] io scheduler noop registered
[    0.758670] io scheduler cfq registered (default)
[    0.759505] firmadyne: devfs: 1, execute: 1, procfs: 1, syscall: 1
[    0.764275] firmadyne: Cannot register character device: gpio, 0xfc, 0x0!
[    0.771408] firmadyne: Cannot register character device: watchdog, 0xa, 0x82!
[    0.771838] firmadyne: Cannot register character device: wdt, 0xfd, 0x0!
[    2.212277] strName = 4.1.17+
[    2.212277] init_task_addr  = 2155778944
[    2.212277] init_task_size  = 1296
[    2.212277] ts_tasks        = 292
[    2.212277] ts_pid          = 408
[    2.212277] ts_tgid         = 412
[    2.212277] ts_group_leader = 440
[    2.212277] ts_thread_group = 496
[    2.212277] ts_real_parent  = 416
[    2.212277] ts_mm           = 300
[    2.212277] ts_stack        = 4
[    2.214625] module_name   = 12
[    2.214625] module_size   = 208
[    2.214625] module_init   = 200
[    2.214625] module_list   = 4
[    2.215424] ts_real_cred    = 624
[    2.215424] ts_cred         = 628
[    2.215424] ts_comm         = 632
[    2.215424] cred_uid        = 4
[    2.215424] cred_gid        = 8
[    2.215424] cred_euid       = 20
[    2.215424] cred_egid       = 24
[    2.216714] mm_mmap         = 0
[    2.216714] mm_pgd          = 32
[    2.216714] mm_arg_start    = 136
[    2.216714] mm_start_brk    = 124
[    2.216714] mm_brk          = 128
[    2.216714] mm_start_stack  = 132
[    2.218062] vma_vm_start    = 0
[    2.218062] vma_vm_end      = 4
[    2.218062] vma_vm_next     = 8
[    2.218062] vma_vm_file     = 80
[    2.218062] vma_vm_flags    = 40
[    2.218062] vma_vm_pgoff    = 76
[    2.219185] file_dentry     = 12
[    2.219185] file_inode      = 40
[    2.219185] dentry_d_name   = 24
[    2.219185] dentry_d_iname  = 44
[    2.219185] dentry_d_parent = 16
[    2.219185] ti_task         = 0
[    2.219185] inode_ino   = 28
[    3.125647] proc_fork_connector  = 2151078840
[    3.125993] proc_exit_connector  = 2151080432
[    3.126263] proc_exec_connector  = 2151079052
[    3.126526] vma_link  = 2149124372
[    3.126759] vma_adjust  = 2149124540
[    3.127005] remove_vma  = 2149122188
[    3.127242] modules  = 2155833724
[    3.127478] trim_init_extable  = 2150545316
[    3.130642] PCI: Enabling device 0000:00:12.0 (0000 -> 0002)
[    3.131717] cirrusfb 0000:00:12.0: Cirrus Logic chipset on PCI bus, RAM (4096 kB) at 0x10000000
[    3.366782] Console: switching to colour frame buffer device 80x30
[    3.425131] Serial: 8250/16550 driver, 4 ports, IRQ sharing enabled
[    3.437251] console [ttyS0] disabled
[    3.464368] serial8250.0: ttyS0 at I/O 0x3f8 (irq = 4, base_baud = 115200) is a 16550A
[    3.465572] console [ttyS0] enabled
[    3.465572] console [ttyS0] enabled
[    3.466118] bootconsole [uart0] disabled
[    3.466118] bootconsole [uart0] disabled
[    3.496527] serial8250.0: ttyS1 at I/O 0x2f8 (irq = 3, base_baud = 115200) is a 16550A
[    3.601292] brd: module loaded
[    3.655508] loop: module loaded
[    3.661212] ata_piix 0000:00:0a.1: version 2.13
[    3.661741] PCI: Enabling device 0000:00:0a.1 (0000 -> 0001)
[    3.683812] scsi host0: ata_piix
[    3.688547] scsi host1: ata_piix
[    3.691938] ata1: PATA max UDMA/33 cmd 0x1f0 ctl 0x3f6 bmdma 0x1460 irq 14
[    3.692451] ata2: PATA max UDMA/33 cmd 0x170 ctl 0x376 bmdma 0x1468 irq 15
[    3.698372] [nandsim] warning: read_byte: unexpected data output cycle, state is STATE_READY return 0x0
[    3.698946] [nandsim] warning: read_byte: unexpected data output cycle, state is STATE_READY return 0x0
[    3.699487] [nandsim] warning: read_byte: unexpected data output cycle, state is STATE_READY return 0x0
[    3.700038] [nandsim] warning: read_byte: unexpected data output cycle, state is STATE_READY return 0x0
[    3.700587] [nandsim] warning: read_byte: unexpected data output cycle, state is STATE_READY return 0x0
[    3.701268] [nandsim] warning: read_byte: unexpected data output cycle, state is STATE_READY return 0x0
[    3.701971] nand: device found, Manufacturer ID: 0x98, Chip ID: 0x39
[    3.702391] nand: Toshiba NAND 128MiB 1,8V 8-bit
[    3.702774] nand: 128 MiB, SLC, erase size: 16 KiB, page size: 512, OOB size: 16
[    3.704246] flash size: 128 MiB
[    3.704483] page size: 512 bytes
[    3.704719] OOB area size: 16 bytes
[    3.705083] sector size: 16 KiB
[    3.705324] pages number: 262144
[    3.705561] pages per sector: 32
[    3.705792] bus width: 8
[    3.706009] bits in sector size: 14
[    3.706267] bits in page size: 9
[    3.706517] bits in OOB size: 4
[    3.706769] flash size with OOB: 135168 KiB
[    3.707049] page address bytes: 4
[    3.707289] sector address bytes: 3
[    3.707536] options: 0x42
[    3.710692] cfg80211: Calling CRDA to update world regulatory domain
[    3.780111] Scanning device for bad blocks
[    4.790109] ata2.01: NODEV after polling detection
[    4.790786] ata1.01: NODEV after polling detection
[    4.792366] ata2.00: ATAPI: QEMU DVD-ROM, 2.5+, max UDMA/100
[    4.794652] ata1.00: ATA-7: QEMU HARDDISK, 2.5+, max UDMA/100
[    4.795099] ata1.00: 2097152 sectors, multi 16: LBA48 
[    4.800069] ata2.00: configured for UDMA/33
[    4.802024] ata1.00: configured for UDMA/33
[    4.809835] scsi 0:0:0:0: Direct-Access     ATA      QEMU HARDDISK    2.5+ PQ: 0 ANSI: 5
[    4.823809] sd 0:0:0:0: [sda] 2097152 512-byte logical blocks: (1.07 GB/1.00 GiB)
[    4.825337] scsi 1:0:0:0: CD-ROM            QEMU     QEMU DVD-ROM     2.5+ PQ: 0 ANSI: 5
[    4.836612] sd 0:0:0:0: [sda] Write Protect is off
[    4.837207] sd 0:0:0:0: [sda] Mode Sense: 00 3a 00 00
[    4.838559] sd 0:0:0:0: [sda] Write cache: enabled, read cache: enabled, doesn't support DPO or FUA
[    4.848682]  sda: sda1
[    4.855478] Creating 11 MTD partitions on "NAND 128MiB 1,8V 8-bit":
[    4.856098] 0x000000000000-0x000000100000 : "NAND simulator partition 0"
[    4.865861] 0x000000100000-0x000000200000 : "NAND simulator partition 1"
[    4.875219] 0x000000200000-0x000000300000 : "NAND simulator partition 2"
[    4.884684] 0x000000300000-0x000000400000 : "NAND simulator partition 3"
[    4.894491] 0x000000400000-0x000000500000 : "NAND simulator partition 4"
[    4.904153] 0x000000500000-0x000000600000 : "NAND simulator partition 5"
[    4.913950] 0x000000600000-0x000000700000 : "NAND simulator partition 6"
[    4.923776] 0x000000700000-0x000000800000 : "NAND simulator partition 7"
[    4.934027] 0x000000800000-0x000000900000 : "NAND simulator partition 8"
[    4.942999] 0x000000900000-0x000000a00000 : "NAND simulator partition 9"
[    4.952344] 0x000000a00000-0x000008000000 : "NAND simulator partition 10"
[    4.992242] tun: Universal TUN/TAP device driver, 1.6
[    4.992591] tun: (C) 1999-2004 Max Krasnyansky <maxk@qualcomm.com>
[    4.995911] pcnet32: pcnet32.c:v1.35 21.Apr.2008 tsbogend@alpha.franken.de
[    4.997172] e1000: Intel(R) PRO/1000 Network Driver - version 7.3.21-k8-NAPI
[    4.997566] e1000: Copyright (c) 1999-2006 Intel Corporation.
[    4.998451] PCI: Enabling device 0000:00:13.0 (0000 -> 0003)
[    5.005195] sd 0:0:0:0: [sda] Attached SCSI disk
[    5.291062] e1000 0000:00:13.0 eth0: (PCI:33MHz:32-bit) 52:54:00:12:34:56
[    5.291712] e1000 0000:00:13.0 eth0: Intel(R) PRO/1000 Network Connection
[    5.292322] PCI: Enabling device 0000:00:14.0 (0000 -> 0003)
[    5.590986] e1000 0000:00:14.0 eth1: (PCI:33MHz:32-bit) 52:54:00:12:34:57
[    5.591453] e1000 0000:00:14.0 eth1: Intel(R) PRO/1000 Network Connection
[    5.592028] PCI: Enabling device 0000:00:15.0 (0000 -> 0003)
[    5.901456] e1000 0000:00:15.0 eth2: (PCI:33MHz:32-bit) 52:54:00:12:34:58
[    5.901943] e1000 0000:00:15.0 eth2: Intel(R) PRO/1000 Network Connection
[    5.902535] PCI: Enabling device 0000:00:16.0 (0000 -> 0003)
[    6.194334] e1000 0000:00:16.0 eth3: (PCI:33MHz:32-bit) 52:54:00:12:34:59
[    6.194784] e1000 0000:00:16.0 eth3: Intel(R) PRO/1000 Network Connection
[    6.195954] e1000e: Intel(R) PRO/1000 Network Driver - 2.3.2-k
[    6.196260] e1000e: Copyright(c) 1999 - 2014 Intel Corporation.
[    6.200128] PPP generic driver version 2.4.2
[    6.202169] PPP Deflate Compression module registered
[    6.202743] PPP MPPE Compression module registered
[    6.203102] NET: Registered protocol family 24
[    6.203767] ehci_hcd: USB 2.0 'Enhanced' Host Controller (EHCI) Driver
[    6.204229] ehci-pci: EHCI PCI platform driver
[    6.205359] ohci_hcd: USB 1.1 'Open' Host Controller (OHCI) Driver
[    6.205790] ohci-pci: OHCI PCI platform driver
[    6.206797] uhci_hcd: USB Universal Host Controller Interface driver
[    6.208314] uhci_hcd 0000:00:0a.2: UHCI Host Controller
[    6.209167] uhci_hcd 0000:00:0a.2: new USB bus registered, assigned bus number 1
[    6.210139] uhci_hcd 0000:00:0a.2: irq 11, io base 0x00001440
[    6.220180] hub 1-0:1.0: USB hub found
[    6.220884] hub 1-0:1.0: 2 ports detected
[    6.229401] usbcore: registered new interface driver usb-storage
[    6.233322] mousedev: PS/2 mouse device common for all mice
[    6.239148] rtc_cmos rtc_cmos: rtc core: registered rtc_cmos as rtc0
[    6.239830] rtc_cmos rtc_cmos: alarms up to one day, 242 bytes nvram
[    6.241259] i2c /dev entries driver
[    6.242392] piix4_smbus 0000:00:0a.3: SMBus Host Controller at 0x1100, revision 0
[    6.246710] sdhci: Secure Digital Host Controller Interface driver
[    6.247059] sdhci: Copyright(c) Pierre Ossman
[    6.249289] hidraw: raw HID events driver (C) Jiri Kosina
[    6.266569] usbcore: registered new interface driver usbhid
[    6.266918] usbhid: USB HID core driver
[    6.267954] Netfilter messages via NETLINK v0.30.
[    6.269410] nf_conntrack version 0.5.0 (3923 buckets, 15692 max)
[    6.272418] ctnetlink v0.93: registering with nfnetlink.
[    6.277746] ipip: IPv4 over IPv4 tunneling driver
[    6.289584] ip_tables: (C) 2000-2006 Netfilter Core Team
[    6.292140] arp_tables: (C) 2002 David S. Miller
[    6.293986] Initializing XFRM netlink socket
[    6.295104] NET: Registered protocol family 10
[    6.313525] ip6_tables: (C) 2000-2006 Netfilter Core Team
[    6.316951] sit: IPv6 over IPv4 tunneling driver
[    6.333296] NET: Registered protocol family 17
[    6.334218] bridge: automatic filtering via arp/ip/ip6tables has been deprecated. Update your scripts to load br_netfilter if you need this.
[    6.335298] Bridge firewalling registered
[    6.335697] Ebtables v2.0 registered
[    6.340733] 8021q: 802.1Q VLAN Support v1.8
[    6.361331] rtc_cmos rtc_cmos: setting system clock to 2025-07-23 18:38:12 UTC (1753295892)
[    6.381947] EXT2-fs (sda1): warning: mounting unchecked fs, running e2fsck is recommended
[    6.384064] VFS: Mounted root (ext2 filesystem) on device 8:1.
[    6.392782] Freeing YAMON memory: 956k freed
[    6.403493] Freeing unused kernel memory: 260K (8081f000 - 80860000)
[    6.518853] firmadyne: sys_reboot[PID: 48 (init)]: magic1:fee1dead, magic2:28121969, cmd:0
init started:  BusyBox v1.00 (2011.02.24-08:49+0000) multi-call binary
init started:  BusyBox v1.00 (2011.02.24-08:49+0000) multi-call binary
Starting pid 50, console /dev/ttyS0: '/usr/etc/rcS'
[    6.811111] firmadyne: do_execve: /firmadyne/console
[    6.811719] OFFSETS: offset of pid: 0x198 offset of comm: 0x278
[    6.854225] cfg80211: Calling CRDA to update world regulatory domain
[    6.865558] spurious 8259A interrupt: IRQ7.
mount: Mounting devpts on /dev/pts failed: No such file or directory
mknod: /dev/sc_led: File exists
[    9.166420] random: nonblocking pool is initialized
insmod: cannot open module `/lib/modules/ipt_string.ko': No such file or directory
[    9.998134] cfg80211: Calling CRDA to update world regulatory domain
[   10.038553] firmadyne: ioctl: 0x1
[   11.219291] firmadyne: sys_socket[PID: 92 (brctl)]: family:2, type:2, protocol:0
[   11.280329] firmadyne: sys_socket[PID: 93 (brctl)]: family:2, type:2, protocol:0
[   11.342741] firmadyne: sys_socket[PID: 94 (ifconfig)]: family:2, type:1, protocol:0
[   11.345639] firmadyne: __inet_insert_ifa[PID: 94 (ifconfig)]: device:eth0 ifa:0x00000000
[   11.359059] IPv6: ADDRCONF(NETDEV_UP): eth0: link is not ready
[   11.359590] 8021q: adding VLAN 0 to HW filter on device eth0
[   11.364056] e1000: eth0 NIC Link is Up 1000 Mbps Full Duplex, Flow Control: RX
[   11.365923] IPv6: ADDRCONF(NETDEV_CHANGE): eth0: link becomes ready
[   11.428841] firmadyne: sys_socket[PID: 95 (brctl)]: family:2, type:2, protocol:0
[   11.430177] firmadyne: sys_socket[PID: 95 (brctl)]: family:10, type:1, protocol:0
[   11.431962] firmadyne: br_add_if[PID: 95 (brctl)]: br:br0 dev:eth0
[   11.436829] device eth0 entered promiscuous mode
[   13.142733] cfg80211: Calling CRDA to update world regulatory domain
killall: dsl_cpe_control: no process killed
[   14.193964] firmadyne: ioctl: 0xc0a47204
[   14.224020] firmadyne: sys_socket[PID: 104 (ifconfig)]: family:2, type:1, protocol:0
[   14.230478] firmadyne: __inet_insert_ifa[PID: 104 (ifconfig)]: device:lo ifa:0x7f000001
[   14.233452] firmadyne: __inet_insert_ifa[PID: 104 (ifconfig)]: device:lo ifa:0x7f000001
[   14.364718] firmadyne: sys_socket[PID: 105 (route)]: family:2, type:1, protocol:0
[   14.554227] firmadyne: sys_socket[PID: 106 (klogd)]: family:1, type:1, protocol:0
[   14.556550] firmadyne: sys_socket[PID: 106 (klogd)]: family:1, type:2, protocol:0
[   14.569546] firmadyne: sys_socket[PID: 106 (klogd)]: family:1, type:1, protocol:0
[   14.570867] firmadyne: sys_socket[PID: 106 (klogd)]: family:1, type:2, protocol:0
[   14.577751] firmadyne: sys_socket[PID: 106 (klogd)]: family:1, type:1, protocol:0
[   14.579090] firmadyne: sys_socket[PID: 106 (klogd)]: family:1, type:2, protocol:0
[   14.585848] firmadyne: sys_socket[PID: 106 (klogd)]: family:1, type:1, protocol:0
[   14.587291] firmadyne: sys_socket[PID: 106 (klogd)]: family:1, type:2, protocol:0
[   14.594153] firmadyne: sys_socket[PID: 106 (klogd)]: family:1, type:1, protocol:0
[   14.595487] firmadyne: sys_socket[PID: 106 (klogd)]: family:1, type:2, protocol:0
[   14.602426] firmadyne: sys_socket[PID: 106 (klogd)]: family:1, type:1, protocol:0
[   14.603729] firmadyne: sys_socket[PID: 106 (klogd)]: family:1, type:2, protocol:0
[   14.610677] firmadyne: sys_socket[PID: 106 (klogd)]: family:1, type:1, protocol:0
[   14.611968] firmadyne: sys_socket[PID: 106 (klogd)]: family:1, type:2, protocol:0
[   14.618826] firmadyne: sys_socket[PID: 106 (klogd)]: family:1, type:1, protocol:0
[   14.620206] firmadyne: sys_socket[PID: 106 (klogd)]: family:1, type:2, protocol:0
[   14.631017] firmadyne: sys_socket[PID: 106 (klogd)]: family:1, type:1, protocol:0
[   14.632241] firmadyne: sys_socket[PID: 106 (klogd)]: family:1, type:2, protocol:0
[   14.639054] firmadyne: sys_socket[PID: 106 (klogd)]: family:1, type:1, protocol:0
[   14.640274] firmadyne: sys_socket[PID: 106 (klogd)]: family:1, type:2, protocol:0
[   14.647138] firmadyne: sys_socket[PID: 106 (klogd)]: family:1, type:1, protocol:0
[   14.648392] firmadyne: sys_socket[PID: 106 (klogd)]: family:1, type:2, protocol:0
[   14.655078] firmadyne: sys_socket[PID: 106 (klogd)]: family:1, type:1, protocol:0
[   14.656287] firmadyne: sys_socket[PID: 106 (klogd)]: family:1, type:2, protocol:0
[   14.663085] firmadyne: sys_socket[PID: 106 (klogd)]: family:1, type:1, protocol:0
[   14.664306] firmadyne: sys_socket[PID: 106 (klogd)]: family:1, type:2, protocol:0
[   14.671022] firmadyne: sys_socket[PID: 106 (klogd)]: family:1, type:1, protocol:0
[   14.672287] firmadyne: sys_socket[PID: 106 (klogd)]: family:1, type:2, protocol:0
[   14.674019] firmadyne: sys_socket[PID: 102 (dsl_cpe_control)]: family:2, type:2, protocol:0
[   14.675092] firmadyne: sys_setsockopt[PID: 102 (dsl_cpe_control)]: fd:4, level:65535, optname:8
[   14.676039] firmadyne: sys_setsockopt[PID: 102 (dsl_cpe_control)]: fd:4, level:65535, optname:4097
[   14.676916] firmadyne: sys_setsockopt[PID: 102 (dsl_cpe_control)]: fd:4, level:65535, optname:4098
[   14.679756] firmadyne: sys_socket[PID: 106 (klogd)]: family:1, type:1, protocol:0
[   14.680978] firmadyne: sys_socket[PID: 106 (klogd)]: family:1, type:2, protocol:0
[   14.682102] firmadyne: sys_setsockopt[PID: 102 (dsl_cpe_control)]: fd:4, level:6, optname:1
[   14.683115] firmadyne: inet_bind[PID: 102 (dsl_cpe_control)]: proto:SOCK_STREAM, port:8080
[   14.687068] firmadyne: sys_socket[PID: 106 (klogd)]: family:1, type:1, protocol:0
[   14.688282] firmadyne: sys_socket[PID: 106 (klogd)]: family:1, type:2, protocol:0
[   14.693088] firmadyne: sys_socket[PID: 106 (klogd)]: family:1, type:1, protocol:0
[   14.694473] firmadyne: sys_socket[PID: 106 (klogd)]: family:1, type:2, protocol:0
[   14.696926] firmadyne: sys_socket[PID: 106 (klogd)]: family:1, type:1, protocol:0
[   14.702080] firmadyne: ioctl: 0xc00c7224
[   14.702568] firmadyne: ioctl: 0xc00c721d
[   14.703007] firmadyne: ioctl: 0xc00c721d
[   14.703438] firmadyne: ioctl: 0xc00c721d
[   14.703864] firmadyne: ioctl: 0xc00c721d
[   14.704292] firmadyne: ioctl: 0xc00c721d
[   14.704715] firmadyne: ioctl: 0xc00c721d
[   14.706659] firmadyne: ioctl: 0xc00c721d
[   14.707110] firmadyne: ioctl: 0xc00c721d
[   14.707536] firmadyne: ioctl: 0xc00c721d
[   14.707969] firmadyne: ioctl: 0xc00c721d
[   14.708393] firmadyne: ioctl: 0xc00c721d
[   14.708819] firmadyne: ioctl: 0xc00c721d
[   14.709427] firmadyne: ioctl: 0xc00c721d
[   14.709851] firmadyne: ioctl: 0xc00c721d
[   14.710278] firmadyne: ioctl: 0xc00c721d
[   14.710701] firmadyne: ioctl: 0xc00c721d
[   14.711125] firmadyne: ioctl: 0xc00c721d
[   14.713857] firmadyne: sys_socket[PID: 106 (klogd)]: family:1, type:2, protocol:0
[   14.716460] firmadyne: sys_socket[PID: 106 (klogd)]: family:1, type:1, protocol:0
[   14.718197] firmadyne: ioctl: 0xc0207223
[   14.720592] firmadyne: ioctl: 0xc0207223
[   14.721871] firmadyne: sys_socket[PID: 106 (klogd)]: family:1, type:2, protocol:0
[   14.724418] firmadyne: sys_socket[PID: 106 (klogd)]: family:1, type:1, protocol:0
[   14.733012] firmadyne: ioctl: 0xc0207223
[   14.735356] firmadyne: ioctl: 0xc0207223
[   14.736436] firmadyne: ioctl: 0xc0207223
[   14.737866] firmadyne: sys_socket[PID: 106 (klogd)]: family:1, type:2, protocol:0
[   14.740433] firmadyne: sys_socket[PID: 106 (klogd)]: family:1, type:1, protocol:0
[   14.744593] firmadyne: ioctl: 0xc0207223
[   14.745915] firmadyne: ioctl: 0xc0207223
[   14.746967] firmadyne: ioctl: 0xc0207223
[   14.748035] firmadyne: ioctl: 0xc0207223
[   14.753880] firmadyne: sys_socket[PID: 106 (klogd)]: family:1, type:2, protocol:0
[   14.756423] firmadyne: sys_socket[PID: 106 (klogd)]: family:1, type:1, protocol:0
[   14.757622] firmadyne: ioctl: 0xc0207223
[   14.758782] firmadyne: ioctl: 0xc0207223
[   14.759852] firmadyne: ioctl: 0xc0207223
[   14.760914] firmadyne: ioctl: 0xc0207223
[   14.765834] firmadyne: sys_socket[PID: 106 (klogd)]: family:1, type:2, protocol:0
[   14.768590] firmadyne: sys_socket[PID: 106 (klogd)]: family:1, type:1, protocol:0
[   14.774039] firmadyne: ioctl: 0xc0207223
[   14.775105] firmadyne: ioctl: 0xc0207223
[   14.776164] firmadyne: ioctl: 0xc0207223
[   14.777774] firmadyne: sys_socket[PID: 106 (klogd)]: family:1, type:2, protocol:0
[   14.780267] firmadyne: sys_socket[PID: 106 (klogd)]: family:1, type:1, protocol:0
[   14.785571] firmadyne: ioctl: 0xc0207223
[   14.786725] firmadyne: ioctl: 0xc0207223
[   14.787826] firmadyne: ioctl: 0xc0207223
[   14.788912] firmadyne: ioctl: 0xc0207223
[   14.790020] firmadyne: sys_socket[PID: 106 (klogd)]: family:1, type:2, protocol:0
[   14.792607] firmadyne: sys_socket[PID: 106 (klogd)]: family:1, type:1, protocol:0
[   14.797990] firmadyne: ioctl: 0xc0207223
[   14.799072] firmadyne: ioctl: 0xc0207223
[   14.800128] firmadyne: ioctl: 0xc0207223
[   14.801843] firmadyne: sys_socket[PID: 106 (klogd)]: family:1, type:2, protocol:0
[   14.804375] firmadyne: sys_socket[PID: 106 (klogd)]: family:1, type:1, protocol:0
[   14.809452] firmadyne: ioctl: 0xc0207223
[   14.810574] firmadyne: ioctl: 0xc0207223
[   14.811626] firmadyne: ioctl: 0xc0207223
[   14.812682] firmadyne: ioctl: 0xc0207223
[   14.813855] firmadyne: sys_socket[PID: 106 (klogd)]: family:1, type:2, protocol:0
[   14.816374] firmadyne: sys_socket[PID: 106 (klogd)]: family:1, type:1, protocol:0
[   14.821956] firmadyne: ioctl: 0xc0207223
[   14.823070] firmadyne: ioctl: 0xc0207223
[   14.824161] firmadyne: ioctl: 0xc0207223
[   14.825719] firmadyne: sys_socket[PID: 106 (klogd)]: family:1, type:2, protocol:0
[   14.828231] firmadyne: sys_socket[PID: 106 (klogd)]: family:1, type:1, protocol:0
[   14.833537] firmadyne: ioctl: 0xc0207223
[   14.834753] firmadyne: ioctl: 0xc0207223
[   14.835899] firmadyne: ioctl: 0xc0207223
[   14.836957] firmadyne: ioctl: 0xc0207223
[   14.838020] firmadyne: sys_socket[PID: 106 (klogd)]: family:1, type:2, protocol:0
[   14.840564] firmadyne: sys_socket[PID: 106 (klogd)]: family:1, type:1, protocol:0
[   14.846051] firmadyne: ioctl: 0xc0207223
[   14.847173] firmadyne: ioctl: 0xc0207223
[   14.848226] firmadyne: ioctl: 0xc0207223
[   14.849815] firmadyne: sys_socket[PID: 106 (klogd)]: family:1, type:2, protocol:0
[   14.852397] firmadyne: sys_socket[PID: 106 (klogd)]: family:1, type:1, protocol:0
[   14.857577] firmadyne: ioctl: 0xc0207223
[   14.858736] firmadyne: ioctl: 0xc0207223
[   14.859829] firmadyne: ioctl: 0xc0207223
[   14.860891] firmadyne: ioctl: 0xc0207223
[   14.865824] firmadyne: sys_socket[PID: 106 (klogd)]: family:1, type:2, protocol:0
[   14.868498] firmadyne: sys_socket[PID: 106 (klogd)]: family:1, type:1, protocol:0
[   14.870327] firmadyne: ioctl: 0xc0207223
[   14.871398] firmadyne: ioctl: 0xc0207223
[   14.872445] firmadyne: ioctl: 0xc0207223
[   14.877832] firmadyne: sys_socket[PID: 106 (klogd)]: family:1, type:2, protocol:0
[   14.880414] firmadyne: sys_socket[PID: 106 (klogd)]: family:1, type:1, protocol:0
[   14.881943] firmadyne: ioctl: 0xc0207223
[   14.883018] firmadyne: ioctl: 0xc0207223
[   14.884116] firmadyne: ioctl: 0xc0207223
[   14.889522] firmadyne: sys_socket[PID: 106 (klogd)]: family:1, type:2, protocol:0
[   14.892232] firmadyne: sys_socket[PID: 106 (klogd)]: family:1, type:1, protocol:0
[   14.893610] firmadyne: ioctl: 0xc0207223
[   14.894695] firmadyne: ioctl: 0xc0207223
[   14.895743] firmadyne: ioctl: 0xc0207223
[   14.896793] firmadyne: ioctl: 0xc0207223
[   14.901835] firmadyne: sys_socket[PID: 106 (klogd)]: family:1, type:2, protocol:0
[   14.904564] firmadyne: sys_socket[PID: 106 (klogd)]: family:1, type:1, protocol:0
[   14.906402] firmadyne: ioctl: 0xc0207223
[   14.907524] firmadyne: ioctl: 0xc0207223
[   14.908585] firmadyne: ioctl: 0xc0207223
[   14.913824] firmadyne: sys_socket[PID: 106 (klogd)]: family:1, type:2, protocol:0
[   14.916414] firmadyne: sys_socket[PID: 106 (klogd)]: family:1, type:1, protocol:0
[   14.918100] firmadyne: ioctl: 0xc0207223
[   14.919218] firmadyne: ioctl: 0xc0207223
[   14.920308] firmadyne: ioctl: 0xc0207223
[   14.925783] firmadyne: sys_socket[PID: 106 (klogd)]: family:1, type:2, protocol:0
[   14.928287] firmadyne: sys_socket[PID: 106 (klogd)]: family:1, type:1, protocol:0
[   14.929839] firmadyne: ioctl: 0xc0207223
[   14.930926] firmadyne: ioctl: 0xc0207223
[   14.931992] firmadyne: ioctl: 0xc0207223
[   14.937723] firmadyne: sys_socket[PID: 106 (klogd)]: family:1, type:2, protocol:0
[   14.940247] firmadyne: sys_socket[PID: 106 (klogd)]: family:1, type:1, protocol:0
[   14.941441] firmadyne: ioctl: 0xc0207223
[   14.942543] firmadyne: ioctl: 0xc0207223
[   14.943598] firmadyne: ioctl: 0xc0207223
[   14.944635] firmadyne: ioctl: 0xc0207223
[   14.949990] firmadyne: ioctl: 0xc0207223
[   14.951147] firmadyne: ioctl: 0xc0207223
[   14.952227] firmadyne: ioctl: 0xc0207223
[   14.953862] firmadyne: sys_socket[PID: 106 (klogd)]: family:1, type:2, protocol:0
[   14.956398] firmadyne: sys_socket[PID: 106 (klogd)]: family:1, type:1, protocol:0
[   14.961830] firmadyne: sys_socket[PID: 106 (klogd)]: family:1, type:2, protocol:0
[   14.964383] firmadyne: sys_socket[PID: 106 (klogd)]: family:1, type:1, protocol:0
[   14.965722] firmadyne: ioctl: 0xc0207223
[   14.966868] firmadyne: ioctl: 0xc0207223
[   14.967966] firmadyne: ioctl: 0xc0207223
[   14.969224] firmadyne: ioctl: 0xc0207223
[   14.977805] firmadyne: sys_socket[PID: 106 (klogd)]: family:1, type:2, protocol:0
[   14.980274] firmadyne: sys_socket[PID: 106 (klogd)]: family:1, type:1, protocol:0
[   14.982075] firmadyne: ioctl: 0xc0207223
[   14.983140] firmadyne: ioctl: 0xc0207223
[   14.984226] firmadyne: ioctl: 0xc0207223
[   14.989475] firmadyne: ioctl: 0xc0207223
[   14.990587] firmadyne: ioctl: 0xc0207223
[   14.991668] firmadyne: ioctl: 0xc0207223
[   14.992709] firmadyne: ioctl: 0xc0207223
[   14.993775] firmadyne: sys_socket[PID: 106 (klogd)]: family:1, type:2, protocol:0
[   14.996207] firmadyne: sys_socket[PID: 106 (klogd)]: family:1, type:1, protocol:0
[   15.001717] firmadyne: sys_socket[PID: 106 (klogd)]: family:1, type:2, protocol:0
[   15.004204] firmadyne: sys_socket[PID: 106 (klogd)]: family:1, type:1, protocol:0
[   15.006050] firmadyne: ioctl: 0xc0207223
[   15.007113] firmadyne: ioctl: 0xc0207223
[   15.008167] firmadyne: ioctl: 0xc0207223
[   15.013626] firmadyne: sys_socket[PID: 106 (klogd)]: family:1, type:2, protocol:0
[   15.016072] firmadyne: sys_socket[PID: 106 (klogd)]: family:1, type:1, protocol:0
[   15.017691] firmadyne: ioctl: 0xc0207223
[   15.018774] firmadyne: ioctl: 0xc0207223
[   15.019825] firmadyne: ioctl: 0xc0207223
[   15.020889] firmadyne: ioctl: 0xc0207223
[   15.024819] firmadyne: sys_socket[PID: 106 (klogd)]: family:1, type:2, protocol:0
[   15.027578] firmadyne: sys_socket[PID: 106 (klogd)]: family:1, type:1, protocol:0
[   15.028833] firmadyne: sys_socket[PID: 106 (klogd)]: family:1, type:2, protocol:0
[   15.030697] firmadyne: ioctl: 0xc0207223
[   15.031770] firmadyne: ioctl: 0xc0207223
[   15.032811] firmadyne: ioctl: 0xc0207223
[   15.037908] firmadyne: ioctl: 0xc0207223
[   15.039049] firmadyne: ioctl: 0xc0207223
[   15.040138] firmadyne: ioctl: 0xc0207223
[   15.043079] firmadyne: sys_socket[PID: 106 (klogd)]: family:1, type:1, protocol:0
[   15.044293] firmadyne: sys_socket[PID: 106 (klogd)]: family:1, type:2, protocol:0
[   15.049414] firmadyne: ioctl: 0xc0207223
[   15.050554] firmadyne: ioctl: 0xc0207223
[   15.051675] firmadyne: ioctl: 0xc0207223
[   15.052731] firmadyne: ioctl: 0xc0207223
[   15.055055] firmadyne: sys_socket[PID: 106 (klogd)]: family:1, type:1, protocol:0
[   15.056388] firmadyne: sys_socket[PID: 106 (klogd)]: family:1, type:2, protocol:0
[   15.062029] firmadyne: ioctl: 0xc0207223
[   15.063165] firmadyne: ioctl: 0xc0207223
[   15.064248] firmadyne: ioctl: 0xc0207223
[   15.067142] firmadyne: sys_socket[PID: 106 (klogd)]: family:1, type:1, protocol:0
[   15.068408] firmadyne: sys_socket[PID: 106 (klogd)]: family:1, type:2, protocol:0
[   15.073593] firmadyne: ioctl: 0xc0207223
[   15.074706] firmadyne: ioctl: 0xc0207223
[   15.075807] firmadyne: ioctl: 0xc0207223
[   15.076867] firmadyne: ioctl: 0xc0207223
[   15.083053] firmadyne: sys_socket[PID: 106 (klogd)]: family:1, type:1, protocol:0
[   15.084358] firmadyne: sys_socket[PID: 106 (klogd)]: family:1, type:2, protocol:0
[   15.086241] firmadyne: ioctl: 0xc0207223
[   15.087331] firmadyne: ioctl: 0xc0207223
[   15.088370] firmadyne: ioctl: 0xc0207223
[   15.095124] firmadyne: sys_socket[PID: 106 (klogd)]: family:1, type:1, protocol:0
[   15.096444] firmadyne: sys_socket[PID: 106 (klogd)]: family:1, type:2, protocol:0
[   15.097894] firmadyne: ioctl: 0xc0207223
[   15.098959] firmadyne: ioctl: 0xc0207223
[   15.100004] firmadyne: ioctl: 0xc0207223
[   15.107056] firmadyne: sys_socket[PID: 106 (klogd)]: family:1, type:1, protocol:0
[   15.108293] firmadyne: sys_socket[PID: 106 (klogd)]: family:1, type:2, protocol:0
[   15.109544] firmadyne: ioctl: 0xc0207223
[   15.110660] firmadyne: ioctl: 0xc0207223
[   15.111742] firmadyne: ioctl: 0xc0207223
[   15.112822] firmadyne: ioctl: 0xc0207223
[   15.119217] firmadyne: sys_socket[PID: 106 (klogd)]: family:1, type:1, protocol:0
[   15.120479] firmadyne: sys_socket[PID: 106 (klogd)]: family:1, type:2, protocol:0
[   15.122231] firmadyne: ioctl: 0xc0207223
[   15.123318] firmadyne: ioctl: 0xc0207223
[   15.124396] firmadyne: ioctl: 0xc0207223
[   15.131078] firmadyne: sys_socket[PID: 106 (klogd)]: family:1, type:1, protocol:0
[   15.132294] firmadyne: sys_socket[PID: 106 (klogd)]: family:1, type:2, protocol:0
[   15.134900] firmadyne: ioctl: 0xc0207223
[   15.135993] firmadyne: ioctl: 0xc0207223
[   15.141240] firmadyne: ioctl: 0xc0207223
[   15.142344] firmadyne: ioctl: 0xc0207223
[   15.143574] firmadyne: ioctl: 0xc0207223
[   15.144675] firmadyne: ioctl: 0xc0207223
[   15.147190] firmadyne: sys_socket[PID: 106 (klogd)]: family:1, type:1, protocol:0
[   15.148534] firmadyne: sys_socket[PID: 106 (klogd)]: family:1, type:2, protocol:0
[   15.155088] firmadyne: sys_socket[PID: 106 (klogd)]: family:1, type:1, protocol:0
[   15.156305] firmadyne: sys_socket[PID: 106 (klogd)]: family:1, type:2, protocol:0
[   15.157983] firmadyne: ioctl: 0xc0207223
[   15.159072] firmadyne: ioctl: 0xc0207223
[   15.160164] firmadyne: ioctl: 0xc0207223
[   15.165547] firmadyne: ioctl: 0xc0207223
[   15.166662] firmadyne: ioctl: 0xc0207223
[   15.167759] firmadyne: ioctl: 0xc0207223
[   15.168847] firmadyne: ioctl: 0xc0207223
[   15.171335] firmadyne: sys_socket[PID: 106 (klogd)]: family:1, type:1, protocol:0
[   15.172561] firmadyne: sys_socket[PID: 106 (klogd)]: family:1, type:2, protocol:0
[   15.179029] firmadyne: sys_socket[PID: 106 (klogd)]: family:1, type:1, protocol:0
[   15.180307] firmadyne: sys_socket[PID: 106 (klogd)]: family:1, type:2, protocol:0
[   15.182240] firmadyne: ioctl: 0xc0207223
[   15.183358] firmadyne: ioctl: 0xc0207223
[   15.184441] firmadyne: ioctl: 0xc0207223
[   15.189671] firmadyne: ioctl: 0xc0207223
[   15.190733] firmadyne: ioctl: 0xc0207223
[   15.191786] firmadyne: ioctl: 0xc0207223
[   15.192871] firmadyne: ioctl: 0xc0207223
[   15.195165] firmadyne: sys_socket[PID: 106 (klogd)]: family:1, type:1, protocol:0
[   15.196416] firmadyne: sys_socket[PID: 106 (klogd)]: family:1, type:2, protocol:0
[   15.203171] firmadyne: sys_socket[PID: 106 (klogd)]: family:1, type:1, protocol:0
[   15.204480] firmadyne: sys_socket[PID: 106 (klogd)]: family:1, type:2, protocol:0
[   15.206269] firmadyne: ioctl: 0xc0207223
[   15.207342] firmadyne: ioctl: 0xc0207223
[   15.208398] firmadyne: ioctl: 0xc0207223
[   15.213671] firmadyne: ioctl: 0xc0207223
[   15.214789] firmadyne: ioctl: 0xc0207223
[   15.215868] firmadyne: ioctl: 0xc0207223
[   15.216949] firmadyne: ioctl: 0xc0207223
[   15.219510] firmadyne: sys_socket[PID: 106 (klogd)]: family:1, type:1, protocol:0
[   15.220784] firmadyne: sys_socket[PID: 106 (klogd)]: family:1, type:2, protocol:0
[   15.225913] firmadyne: ioctl: 0xc0207223
[   15.227024] firmadyne: ioctl: 0xc0207223
[   15.228079] firmadyne: ioctl: 0xc0207223
[   15.231019] firmadyne: sys_socket[PID: 106 (klogd)]: family:1, type:1, protocol:0
[   15.232234] firmadyne: sys_socket[PID: 106 (klogd)]: family:1, type:2, protocol:0
[   15.241354] firmadyne: ioctl: 0xc0207223
[   15.242518] firmadyne: ioctl: 0xc0207223
[   15.243685] firmadyne: ioctl: 0xc0207223
[   15.244773] firmadyne: ioctl: 0xc0207223
[   15.247007] firmadyne: sys_socket[PID: 106 (klogd)]: family:1, type:1, protocol:0
[   15.248224] firmadyne: sys_socket[PID: 106 (klogd)]: family:1, type:2, protocol:0
[   15.254869] firmadyne: sys_socket[PID: 106 (klogd)]: family:1, type:1, protocol:0
[   15.256097] firmadyne: sys_socket[PID: 106 (klogd)]: family:1, type:2, protocol:0
[   15.258275] firmadyne: ioctl: 0xc0207223
[   15.259474] firmadyne: ioctl: 0xc0207223
[   15.260608] firmadyne: ioctl: 0xc0207223
[   15.265793] firmadyne: ioctl: 0xc0207223
[   15.266884] firmadyne: ioctl: 0xc0207223
[   15.267971] firmadyne: ioctl: 0xc0207223
[   15.269218] firmadyne: ioctl: 0xc0207223
[   15.271138] firmadyne: sys_socket[PID: 106 (klogd)]: family:1, type:1, protocol:0
[   15.272364] firmadyne: sys_socket[PID: 106 (klogd)]: family:1, type:2, protocol:0
[   15.279184] firmadyne: sys_socket[PID: 106 (klogd)]: family:1, type:1, protocol:0
[   15.280448] firmadyne: sys_socket[PID: 106 (klogd)]: family:1, type:2, protocol:0
[   15.282243] firmadyne: ioctl: 0xc0207223
[   15.283313] firmadyne: ioctl: 0xc0207223
[   15.284360] firmadyne: ioctl: 0xc0207223
[   15.291055] firmadyne: sys_socket[PID: 106 (klogd)]: family:1, type:1, protocol:0
[   15.292311] firmadyne: sys_socket[PID: 106 (klogd)]: family:1, type:2, protocol:0
[   15.293904] firmadyne: ioctl: 0xc0207223
[   15.295025] firmadyne: ioctl: 0xc0207223
[   15.296089] firmadyne: ioctl: 0xc0207223
[   15.301319] firmadyne: ioctl: 0xc0207223
[   15.302408] firmadyne: ioctl: 0xc0207223
[   15.303505] firmadyne: ioctl: 0xc0207223
[   15.304586] firmadyne: ioctl: 0xc0207223
[   15.307205] firmadyne: sys_socket[PID: 106 (klogd)]: family:1, type:1, protocol:0
[   15.308477] firmadyne: sys_socket[PID: 106 (klogd)]: family:1, type:2, protocol:0
[   15.313897] firmadyne: ioctl: 0xc0207223
[   15.315002] firmadyne: ioctl: 0xc0207223
[   15.316077] firmadyne: ioctl: 0xc0207223
[   15.319025] firmadyne: sys_socket[PID: 106 (klogd)]: family:1, type:1, protocol:0
[   15.320256] firmadyne: sys_socket[PID: 106 (klogd)]: family:1, type:2, protocol:0
[   15.325503] firmadyne: ioctl: 0xc0207223
[   15.326675] firmadyne: ioctl: 0xc0207223
[   15.327764] firmadyne: ioctl: 0xc0207223
[   15.328858] firmadyne: ioctl: 0xc0207223
[   15.331216] firmadyne: sys_socket[PID: 106 (klogd)]: family:1, type:1, protocol:0
[   15.332456] firmadyne: sys_socket[PID: 106 (klogd)]: family:1, type:2, protocol:0
[   15.337942] firmadyne: ioctl: 0xc0207223
[   15.339017] firmadyne: ioctl: 0xc0207223
[   15.340070] firmadyne: ioctl: 0xc0207223
[   15.343179] firmadyne: sys_socket[PID: 106 (klogd)]: family:1, type:1, protocol:0
[   15.344558] firmadyne: sys_socket[PID: 106 (klogd)]: family:1, type:2, protocol:0
[   15.349364] firmadyne: ioctl: 0xc0207223
[   15.350517] firmadyne: ioctl: 0xc0207223
[   15.351609] firmadyne: ioctl: 0xc0207223
[   15.352683] firmadyne: ioctl: 0xc0207223
[   15.355067] firmadyne: sys_socket[PID: 106 (klogd)]: family:1, type:1, protocol:0
[   15.356300] firmadyne: sys_socket[PID: 106 (klogd)]: family:1, type:2, protocol:0
[   15.361923] firmadyne: ioctl: 0xc0207223
[   15.362986] firmadyne: ioctl: 0xc0207223
[   15.364032] firmadyne: ioctl: 0xc0207223
[   15.367536] firmadyne: sys_socket[PID: 106 (klogd)]: family:1, type:1, protocol:0
[   15.368774] firmadyne: sys_socket[PID: 106 (klogd)]: family:1, type:2, protocol:0
[   15.373365] firmadyne: ioctl: 0xc0207223
[   15.374487] firmadyne: ioctl: 0xc0207223
[   15.375551] firmadyne: ioctl: 0xc0207223
[   15.376595] firmadyne: ioctl: 0xc0207223
[   15.379030] firmadyne: sys_socket[PID: 106 (klogd)]: family:1, type:1, protocol:0
[   15.380289] firmadyne: sys_socket[PID: 106 (klogd)]: family:1, type:2, protocol:0
[   15.386001] firmadyne: ioctl: 0xc0207223
[   15.387109] firmadyne: ioctl: 0xc0207223
[   15.388177] firmadyne: ioctl: 0xc0207223
[   15.395260] firmadyne: sys_socket[PID: 106 (klogd)]: family:1, type:1, protocol:0
[   15.396492] firmadyne: sys_socket[PID: 106 (klogd)]: family:1, type:2, protocol:0
[   15.397736] firmadyne: ioctl: 0xc0207223
[   15.398807] firmadyne: ioctl: 0xc0207223
[   15.399862] firmadyne: ioctl: 0xc0207223
[   15.400953] firmadyne: ioctl: 0xc0207223
[   15.407067] firmadyne: sys_socket[PID: 106 (klogd)]: family:1, type:1, protocol:0
[   15.408283] firmadyne: sys_socket[PID: 106 (klogd)]: family:1, type:2, protocol:0
[   15.410199] firmadyne: ioctl: 0xc0207223
[   15.411295] firmadyne: ioctl: 0xc0207223
[   15.412373] firmadyne: ioctl: 0xc0207223
[   15.413616] firmadyne: ioctl: 0xc0587200
[   15.419978] firmadyne: sys_socket[PID: 106 (klogd)]: family:1, type:1, protocol:0
[   15.423549] firmadyne: sys_socket[PID: 106 (klogd)]: family:1, type:2, protocol:0
[   15.426347] firmadyne: sys_socket[PID: 106 (klogd)]: family:1, type:1, protocol:0
[   15.427553] firmadyne: sys_socket[PID: 106 (klogd)]: family:1, type:2, protocol:0
[   15.430595] firmadyne: ioctl: 0xc0207223
[   15.432092] firmadyne: ioctl: 0xc0207223
[   15.433780] firmadyne: ioctl: 0xc0207223
[   15.435247] firmadyne: ioctl: 0xc0207223
[   15.436688] firmadyne: ioctl: 0xc0207223
[   15.449808] firmadyne: ioctl: 0xc0207223
[   15.451362] firmadyne: ioctl: 0xc0207223
[   15.452866] firmadyne: ioctl: 0xc0207223
[   15.454672] firmadyne: ioctl: 0xc0207223
[   15.456130] firmadyne: ioctl: 0xc0207223
[   15.457564] firmadyne: sys_socket[PID: 106 (klogd)]: family:1, type:1, protocol:0
[   15.458836] firmadyne: sys_socket[PID: 106 (klogd)]: family:1, type:2, protocol:0
[   15.461957] firmadyne: ioctl: 0xc0207223
[   15.463513] firmadyne: ioctl: 0xc0207223
[   15.465184] firmadyne: ioctl: 0xc0207223
[   15.466296] firmadyne: sys_socket[PID: 106 (klogd)]: family:1, type:1, protocol:0
[   15.467550] firmadyne: sys_socket[PID: 106 (klogd)]: family:1, type:2, protocol:0
[   15.470530] firmadyne: ioctl: 0xc0207223
[   15.472011] firmadyne: ioctl: 0xc0207223
[   15.474179] firmadyne: sys_socket[PID: 106 (klogd)]: family:1, type:1, protocol:0
[   15.475458] firmadyne: sys_socket[PID: 106 (klogd)]: family:1, type:2, protocol:0
[   15.477782] firmadyne: ioctl: 0xc0207223
[   15.479255] firmadyne: ioctl: 0xc0207223
[   15.480699] firmadyne: ioctl: 0xc0207223
[   15.482350] firmadyne: sys_socket[PID: 106 (klogd)]: family:1, type:1, protocol:0
[   15.483606] firmadyne: sys_socket[PID: 106 (klogd)]: family:1, type:2, protocol:0
[   15.486481] firmadyne: ioctl: 0xc0207223
[   15.487994] firmadyne: ioctl: 0xc0207223
[   15.490393] firmadyne: sys_socket[PID: 106 (klogd)]: family:1, type:1, protocol:0
[   15.491968] firmadyne: sys_socket[PID: 106 (klogd)]: family:1, type:2, protocol:0
[   15.493779] firmadyne: ioctl: 0xc0207223
[   15.495263] firmadyne: ioctl: 0xc0207223
[   15.496711] firmadyne: ioctl: 0xc0207223
[   15.498853] firmadyne: sys_socket[PID: 106 (klogd)]: family:1, type:1, protocol:0
[   15.500114] firmadyne: sys_socket[PID: 106 (klogd)]: family:1, type:2, protocol:0
[   15.502586] firmadyne: ioctl: 0xc0207223
[   15.504088] firmadyne: ioctl: 0xc0207223
[   15.507140] firmadyne: sys_socket[PID: 106 (klogd)]: family:1, type:1, protocol:0
[   15.508493] firmadyne: sys_socket[PID: 106 (klogd)]: family:1, type:2, protocol:0
[   15.510112] firmadyne: ioctl: 0xc0207223
[   15.511590] firmadyne: ioctl: 0xc0207223
[   15.513207] firmadyne: ioctl: 0xc0207223
[   15.515600] firmadyne: sys_socket[PID: 106 (klogd)]: family:1, type:1, protocol:0
[   15.516817] firmadyne: sys_socket[PID: 106 (klogd)]: family:1, type:2, protocol:0
[   15.519022] firmadyne: ioctl: 0xc0207223
[   15.520520] firmadyne: ioctl: 0xc0207223
[   15.523087] firmadyne: sys_socket[PID: 106 (klogd)]: family:1, type:1, protocol:0
[   15.524336] firmadyne: sys_socket[PID: 106 (klogd)]: family:1, type:2, protocol:0
[   15.526462] firmadyne: ioctl: 0xc0207223
[   15.528000] firmadyne: ioctl: 0xc0207223
[   15.531091] firmadyne: sys_socket[PID: 106 (klogd)]: family:1, type:1, protocol:0
[   15.532297] firmadyne: sys_socket[PID: 106 (klogd)]: family:1, type:2, protocol:0
[   15.534806] firmadyne: ioctl: 0xc0207223
[   15.536303] firmadyne: ioctl: 0xc0207223
[   15.537954] firmadyne: ioctl: 0xc0207223
[   15.539416] firmadyne: ioctl: 0xc0207223
[   15.540877] firmadyne: ioctl: 0xc0207223
[   15.543434] firmadyne: sys_socket[PID: 106 (klogd)]: family:1, type:1, protocol:0
[   15.544664] firmadyne: sys_socket[PID: 106 (klogd)]: family:1, type:2, protocol:0
[   15.546937] firmadyne: ioctl: 0xc0207223
[   15.548423] firmadyne: ioctl: 0xc0207223
[   15.551161] firmadyne: sys_socket[PID: 106 (klogd)]: family:1, type:1, protocol:0
[   15.552371] firmadyne: sys_socket[PID: 106 (klogd)]: family:1, type:2, protocol:0
[   15.562788] firmadyne: ioctl: 0xc0207223
[   15.564285] firmadyne: ioctl: 0xc0207223
[   15.567232] firmadyne: sys_socket[PID: 106 (klogd)]: family:1, type:1, protocol:0
[   15.568466] firmadyne: sys_socket[PID: 106 (klogd)]: family:1, type:2, protocol:0
[   15.572062] firmadyne: ioctl: 0xc0207223
[   15.573762] firmadyne: ioctl: 0xc0207223
[   15.575293] firmadyne: ioctl: 0xc0207223
[   15.576862] firmadyne: ioctl: 0xc0207223
[   15.583164] firmadyne: sys_socket[PID: 106 (klogd)]: family:1, type:1, protocol:0
[   15.584498] firmadyne: sys_socket[PID: 106 (klogd)]: family:1, type:2, protocol:0
[   15.591741] firmadyne: ioctl: 0xc0207223
[   15.595279] firmadyne: sys_socket[PID: 106 (klogd)]: family:1, type:1, protocol:0
[   15.596492] firmadyne: sys_socket[PID: 106 (klogd)]: family:1, type:2, protocol:0
[   15.601881] firmadyne: ioctl: 0xc0207223
[   15.603428] firmadyne: ioctl: 0xc0207223
[   15.604902] firmadyne: ioctl: 0xc0207223
[   15.607451] firmadyne: sys_socket[PID: 106 (klogd)]: family:1, type:1, protocol:0
[   15.608702] firmadyne: sys_socket[PID: 106 (klogd)]: family:1, type:2, protocol:0
[   15.614418] firmadyne: ioctl: 0xc0207223
[   15.615906] firmadyne: ioctl: 0xc0207223
[   15.619435] firmadyne: sys_socket[PID: 106 (klogd)]: family:1, type:1, protocol:0
[   15.620670] firmadyne: sys_socket[PID: 106 (klogd)]: family:1, type:2, protocol:0
[   15.625460] firmadyne: ioctl: 0xc0207223
[   15.627038] firmadyne: ioctl: 0xc0207223
[   15.628504] firmadyne: ioctl: 0xc0207223
[   15.631268] firmadyne: sys_socket[PID: 106 (klogd)]: family:1, type:1, protocol:0
[   15.632577] firmadyne: sys_socket[PID: 106 (klogd)]: family:1, type:2, protocol:0
[   15.638349] firmadyne: ioctl: 0xc0207223
[   15.639882] firmadyne: ioctl: 0xc0207223
[   15.647192] firmadyne: sys_socket[PID: 106 (klogd)]: family:1, type:1, protocol:0
[   15.648419] firmadyne: sys_socket[PID: 106 (klogd)]: family:1, type:2, protocol:0
[   15.649911] firmadyne: ioctl: 0xc0207223
[   15.651444] firmadyne: ioctl: 0xc0207223
[   15.652986] firmadyne: ioctl: 0xc0207223
[   15.655630] firmadyne: sys_socket[PID: 106 (klogd)]: family:1, type:1, protocol:0
[   15.656847] firmadyne: sys_socket[PID: 106 (klogd)]: family:1, type:2, protocol:0
[   15.662492] firmadyne: ioctl: 0xc0207223
[   15.664036] firmadyne: ioctl: 0xc0207223
[   15.672768] firmadyne: sys_socket[PID: 106 (klogd)]: family:1, type:1, protocol:0
[   15.674621] firmadyne: ioctl: 0xc0207223
[   15.676196] firmadyne: ioctl: 0xc0207223
[   15.681946] firmadyne: sys_socket[PID: 106 (klogd)]: family:1, type:2, protocol:0
[   15.684578] firmadyne: sys_socket[PID: 106 (klogd)]: family:1, type:1, protocol:0
[   15.686473] firmadyne: ioctl: 0xc0207223
[   15.688004] firmadyne: ioctl: 0xc0207223
[   15.693798] firmadyne: sys_socket[PID: 106 (klogd)]: family:1, type:2, protocol:0
[   15.696352] firmadyne: sys_socket[PID: 106 (klogd)]: family:1, type:1, protocol:0
[   15.698058] firmadyne: ioctl: 0xc0207223
[   15.699717] firmadyne: ioctl: 0xc0207223
[   15.705817] firmadyne: sys_socket[PID: 106 (klogd)]: family:1, type:2, protocol:0
[   15.708348] firmadyne: sys_socket[PID: 106 (klogd)]: family:1, type:1, protocol:0
[   15.709565] firmadyne: ioctl: 0xc0207223
[   15.711089] firmadyne: ioctl: 0xc0207223
[   15.712573] firmadyne: ioctl: 0xc0207223
[   15.718002] firmadyne: sys_socket[PID: 106 (klogd)]: family:1, type:2, protocol:0
[   15.720655] firmadyne: sys_socket[PID: 106 (klogd)]: family:1, type:1, protocol:0
[   15.722859] firmadyne: ioctl: 0xc0207223
[   15.724383] firmadyne: ioctl: 0xc0207223
[   15.734729] firmadyne: sys_socket[PID: 106 (klogd)]: family:1, type:2, protocol:0
[   15.738242] firmadyne: ioctl: 0xc0207223
[   15.739759] firmadyne: ioctl: 0xc0207223
Warning: Bad CRC, using default environment
[   15.746514] firmadyne: sys_socket[PID: 106 (klogd)]: family:1, type:1, protocol:0
[   15.747793] firmadyne: sys_socket[PID: 106 (klogd)]: family:1, type:2, protocol:0
[   15.749462] firmadyne: ioctl: 0xc0207223
[   15.750985] firmadyne: ioctl: 0xc0207223
[   15.752550] firmadyne: ioctl: 0xc0207223
[   15.759236] firmadyne: sys_socket[PID: 106 (klogd)]: family:1, type:1, protocol:0
[   15.760571] firmadyne: sys_socket[PID: 106 (klogd)]: family:1, type:2, protocol:0
[   15.762805] firmadyne: ioctl: 0xc0207223
[   15.764328] firmadyne: ioctl: 0xc0207223
[   15.767318] firmadyne: sys_socket[PID: 106 (klogd)]: family:1, type:1, protocol:0
[   15.768632] firmadyne: sys_socket[PID: 106 (klogd)]: family:1, type:2, protocol:0
[   15.782169] firmadyne: ioctl: 0xc0207223
[   15.783715] firmadyne: ioctl: 0xc0207223
[   15.787477] firmadyne: sys_socket[PID: 106 (klogd)]: family:1, type:1, protocol:0
[   15.788793] firmadyne: sys_socket[PID: 106 (klogd)]: family:1, type:2, protocol:0
[   15.797179] firmadyne: ioctl: 0xc0207223
[   15.798715] firmadyne: ioctl: 0xc0207223
[   15.800179] firmadyne: ioctl: 0xc0207223
[   15.807323] firmadyne: sys_socket[PID: 106 (klogd)]: family:1, type:1, protocol:0
[   15.808636] firmadyne: sys_socket[PID: 106 (klogd)]: family:1, type:2, protocol:0
[   15.817162] firmadyne: ioctl: 0xc0207223
[   15.818706] firmadyne: ioctl: 0xc0207223
[   15.820184] firmadyne: ioctl: 0xc0207223
[   15.826429] firmadyne: sys_socket[PID: 106 (klogd)]: family:1, type:1, protocol:0
[   15.827652] firmadyne: sys_socket[PID: 106 (klogd)]: family:1, type:2, protocol:0
[   15.838848] firmadyne: ioctl: 0xc0207223
[   15.840335] firmadyne: ioctl: 0xc0207223
[   15.850295] firmadyne: sys_socket[PID: 106 (klogd)]: family:1, type:1, protocol:0
[   15.851628] firmadyne: sys_socket[PID: 106 (klogd)]: family:1, type:2, protocol:0
[   15.854293] firmadyne: ioctl: 0xc0207223
[   15.855801] firmadyne: ioctl: 0xc0207223
[   15.866463] firmadyne: sys_socket[PID: 106 (klogd)]: family:1, type:1, protocol:0
[   15.867758] firmadyne: sys_socket[PID: 106 (klogd)]: family:1, type:2, protocol:0
[   15.869610] firmadyne: ioctl: 0xc0207223
[   15.871162] firmadyne: ioctl: 0xc0207223
[   15.872633] firmadyne: ioctl: 0xc0207223
[   15.882627] firmadyne: sys_socket[PID: 106 (klogd)]: family:1, type:1, protocol:0
[   15.883879] firmadyne: sys_socket[PID: 106 (klogd)]: family:1, type:2, protocol:0
[   15.886583] firmadyne: ioctl: 0xc0207223
[   15.888055] firmadyne: ioctl: 0xc0207223
[   15.902569] firmadyne: sys_socket[PID: 106 (klogd)]: family:1, type:1, protocol:0
[   15.903847] firmadyne: sys_socket[PID: 106 (klogd)]: family:1, type:2, protocol:0
[   15.906029] firmadyne: ioctl: 0xc0207223
[   15.907579] firmadyne: ioctl: 0xc0207223
[   15.913324] firmadyne: ioctl: 0xc0207223
[   15.914890] firmadyne: ioctl: 0xc0207223
[   15.916366] firmadyne: ioctl: 0xc0207223
[   15.918764] firmadyne: sys_socket[PID: 106 (klogd)]: family:1, type:1, protocol:0
[   15.920132] firmadyne: sys_socket[PID: 106 (klogd)]: family:1, type:2, protocol:0
[   15.930229] firmadyne: ioctl: 0xc0207223
[   15.931716] firmadyne: ioctl: 0xc0207223
[   15.936062] firmadyne: sys_socket[PID: 106 (klogd)]: family:1, type:1, protocol:0
[   15.945635] firmadyne: sys_socket[PID: 106 (klogd)]: family:1, type:2, protocol:0
[   15.948236] firmadyne: sys_socket[PID: 106 (klogd)]: family:1, type:1, protocol:0
[   15.949583] firmadyne: ioctl: 0xc0207223
[   15.951242] firmadyne: ioctl: 0xc0207223
[   15.952875] firmadyne: ioctl: 0xc0207223
[   15.962025] firmadyne: sys_socket[PID: 106 (klogd)]: family:1, type:2, protocol:0
[   15.964738] firmadyne: sys_socket[PID: 106 (klogd)]: family:1, type:1, protocol:0
[   15.970424] firmadyne: ioctl: 0xc0207223
[   15.971903] firmadyne: ioctl: 0xc0207223
[   15.985741] firmadyne: sys_socket[PID: 106 (klogd)]: family:1, type:2, protocol:0
[   15.988245] firmadyne: sys_socket[PID: 106 (klogd)]: family:1, type:1, protocol:0
[   15.989543] firmadyne: ioctl: 0xc0207223
[   15.991081] firmadyne: ioctl: 0xc0207223
[   15.992567] firmadyne: ioctl: 0xc0207223
[   15.997781] firmadyne: sys_socket[PID: 106 (klogd)]: family:1, type:2, protocol:0
[   16.000404] firmadyne: sys_socket[PID: 106 (klogd)]: family:1, type:1, protocol:0
[   16.002813] firmadyne: ioctl: 0xc0207223
[   16.004349] firmadyne: ioctl: 0xc0207223
[   16.014109] firmadyne: ioctl: 0xc0207223
[   16.015607] firmadyne: ioctl: 0xc0207223
[   16.018020] firmadyne: sys_socket[PID: 106 (klogd)]: family:1, type:2, protocol:0
[   16.020783] firmadyne: sys_socket[PID: 106 (klogd)]: family:1, type:1, protocol:0
[   16.022694] firmadyne: sys_socket[PID: 113 (oamd)]: family:16, type:3, protocol:2
[   16.033440] firmadyne: ioctl: 0xc0207223
[   16.035031] firmadyne: ioctl: 0xc0207223
[   16.036506] firmadyne: ioctl: 0xc0207223
[   16.037861] firmadyne: sys_socket[PID: 106 (klogd)]: family:1, type:2, protocol:0
[   16.040369] firmadyne: sys_socket[PID: 106 (klogd)]: family:1, type:1, protocol:0
[   16.048364] firmadyne: ioctl: 0xc0207223
[   16.050045] firmadyne: ioctl: 0xc0207223
[   16.051547] firmadyne: ioctl: 0xc0207223
[   16.053064] firmadyne: ioctl: 0xc0207223
[   16.054311] firmadyne: sys_socket[PID: 106 (klogd)]: family:1, type:2, protocol:0
[   16.056857] firmadyne: sys_socket[PID: 106 (klogd)]: family:1, type:1, protocol:0
[   16.061806] firmadyne: sys_socket[PID: 106 (klogd)]: family:1, type:2, protocol:0
[   16.064330] firmadyne: sys_socket[PID: 106 (klogd)]: family:1, type:1, protocol:0
[   16.070518] firmadyne: ioctl: 0xc0207223
[   16.072006] firmadyne: ioctl: 0xc0207223
[   16.073819] firmadyne: sys_socket[PID: 106 (klogd)]: family:1, type:2, protocol:0
[   16.076296] firmadyne: sys_socket[PID: 106 (klogd)]: family:1, type:1, protocol:0
[   16.081806] firmadyne: ioctl: 0xc0207223
[   16.083638] firmadyne: ioctl: 0xc0207223
[   16.085871] firmadyne: sys_socket[PID: 106 (klogd)]: family:1, type:2, protocol:0
[   16.088448] firmadyne: sys_socket[PID: 106 (klogd)]: family:1, type:1, protocol:0
[   16.093369] firmadyne: ioctl: 0xc0207223
[   16.094951] firmadyne: ioctl: 0xc0207223
[   16.096408] firmadyne: ioctl: 0xc0207223
[   16.097811] firmadyne: sys_socket[PID: 106 (klogd)]: family:1, type:2, protocol:0
[   16.100373] firmadyne: sys_socket[PID: 106 (klogd)]: family:1, type:1, protocol:0
nvram_init: Initializing NVRAM...
sem_get: Key: 4101e004[   16.106328] firmadyne: ioctl: 0xc0207223
[   16.107848] firmadyne: ioctl: 0xc0207223
[   16.110036] firmadyne: sys_socket[PID: 106 (klogd)]: family:1, type:2, protocol:0
[   16.112675] firmadyne: sys_socket[PID: 106 (klogd)]: family:1, type:1, protocol:0

[   16.118875] firmadyne: ioctl: 0xc0207223
[   16.120403] firmadyne: ioctl: 0xc0207223
[   16.122119] firmadyne: ioctl: 0xc0207223
[   16.123577] firmadyne: ioctl: 0xc0207223
[   16.125189] firmadyne: ioctl: 0xc0207223
[   16.126302] firmadyne: sys_socket[PID: 106 (klogd)]: family:1, type:2, protocol:0
[   16.128817] firmadyne: sys_socket[PID: 106 (klogd)]: family:1, type:1, protocol:0
sem_get: Key: 41110271
[   16.134844] firmadyne: sys_socket[PID: 106 (klogd)]: family:1, type:2, protocol:0
[   16.138515] firmadyne: ioctl: 0xc0207223
[   16.140000] firmadyne: ioctl: 0xc0207223
nvram_set_default_builtin: Setting built-in default values!
nvram_set[   16.146047] firmadyne: sys_socket[PID: 106 (klogd)]: family:1, type:1, protocol:0
[   16.147309] firmadyne: sys_socket[PID: 106 (klogd)]: family:1, type:2, protocol:0
[   16.149821] firmadyne: ioctl: 0xc0207223
[   16.151306] firmadyne: ioctl: 0xc0207223
[   16.152801] firmadyne: ioctl: 0xc0207223
: console_loglevel = "7"
sem_get: Key: 41110271
[   16.158114] firmadyne: sys_socket[PID: 106 (klogd)]: family:1, type:1, protocol:0
[   16.159433] firmadyne: sys_socket[PID: 106 (klogd)]: family:1, type:2, protocol:0
[   16.162420] firmadyne: ioctl: 0xc0207223
[   16.163893] firmadyne: ioctl: 0xc0207223
sem_get: Key: 41110271
[   16.170256] firmadyne: sys_socket[PID: 106 (klogd)]: family:1, type:1, protocol:0
[   16.171592] firmadyne: sys_socket[PID: 106 (klogd)]: family:1, type:2, protocol:0
nvram_set: restore_defaults = "1"
sem_get[   16.177722] firmadyne: ioctl: 0xc0207223
[   16.179285] firmadyne: ioctl: 0xc0207223
[   16.180789] firmadyne: ioctl: 0xc0207223
[   16.182570] firmadyne: sys_socket[PID: 106 (klogd)]: family:1, type:1, protocol:0
[   16.183901] firmadyne: sys_socket[PID: 106 (klogd)]: family:1, type:2, protocol:0
: Key: 41110271
sem_get: Key: 41110271
[   16.190436] firmadyne: ioctl: 0xc0207223
[   16.191934] firmadyne: ioctl: 0xc0207223
[   16.195036] firmadyne: sys_socket[PID: 106 (klogd)]: family:1, type:1, protocol:0
[   16.196333] firmadyne: sys_socket[PID: 106 (klogd)]: family:1, type:2, protocol:0
nvram_set: sku_name = ""
sem_get: Key: [   16.201426] firmadyne: ioctl: 0xc0207223
[   16.202990] firmadyne: ioctl: 0xc0207223
[   16.204494] firmadyne: ioctl: 0xc0207223
[   16.207256] firmadyne: sys_socket[PID: 106 (klogd)]: family:1, type:1, protocol:0
[   16.208498] firmadyne: sys_socket[PID: 106 (klogd)]: family:1, type:2, protocol:0
41110271
sem_get: Key: 41110271
[   16.214351] firmadyne: ioctl: 0xc0207223
[   16.215831] firmadyne: ioctl: 0xc0207223
[   16.219283] firmadyne: sys_socket[PID: 106 (klogd)]: family:1, type:1, protocol:0
[   16.220511] firmadyne: sys_socket[PID: 106 (klogd)]: family:1, type:2, protocol:0
nvram_set: wla_wlanstate = ""
sem_get: Key: 41110271[   16.225713] firmadyne: ioctl: 0xc0207223
[   16.227224] firmadyne: ioctl: 0xc0207223
[   16.228695] firmadyne: ioctl: 0xc0207223
[   16.231222] firmadyne: sys_socket[PID: 106 (klogd)]: family:1, type:1, protocol:0
[   16.232454] firmadyne: sys_socket[PID: 106 (klogd)]: family:1, type:2, protocol:0

sem_get: Key: 41110271
[   16.238408] firmadyne: ioctl: 0xc0207223
[   16.239872] firmadyne: ioctl: 0xc0207223
[   16.243358] firmadyne: sys_socket[PID: 106 (klogd)]: family:1, type:1, protocol:0
[   16.244734] firmadyne: sys_socket[PID: 106 (klogd)]: family:1, type:2, protocol:0
nvram_set: lan_if = "br0"
sem_get: Key: 41110271[   16.249674] firmadyne: ioctl: 0xc0207223
[   16.251197] firmadyne: ioctl: 0xc0207223
[   16.252749] firmadyne: ioctl: 0xc0207223
[   16.255416] firmadyne: sys_socket[PID: 106 (klogd)]: family:1, type:1, protocol:0
[   16.256683] firmadyne: sys_socket[PID: 106 (klogd)]: family:1, type:2, protocol:0

sem_get: Key: 41110271
[   16.262383] firmadyne: ioctl: 0xc0207223
[   16.263901] firmadyne: ioctl: 0xc0207223
nvram_set: lan_ipaddr = "192.168.0.50"
sem_get: Key: [   16.271045] firmadyne: sys_socket[PID: 106 (klogd)]: family:1, type:1, protocol:0
[   16.272308] firmadyne: sys_socket[PID: 106 (klogd)]: family:1, type:2, protocol:0
[   16.273810] firmadyne: ioctl: 0xc0207223
[   16.275310] firmadyne: ioctl: 0xc0207223
[   16.276765] firmadyne: ioctl: 0xc0207223
41110271
sem_get: Key: 41110271
[   16.283123] firmadyne: sys_socket[PID: 106 (klogd)]: family:1, type:1, protocol:0
[   16.284441] firmadyne: sys_socket[PID: 106 (klogd)]: family:1, type:2, protocol:0
[   16.286855] firmadyne: ioctl: 0xc0207223
[   16.288431] firmadyne: ioctl: 0xc0207223
[   16.289354] cfg80211: Calling CRDA to update world regulatory domain
nvram_set: lan_bipaddr = "192.168.0.255"
[   16.295413] firmadyne: sys_socket[PID: 106 (klogd)]: family:1, type:1, protocol:0
[   16.296723] firmadyne: sys_socket[PID: 106 (klogd)]: family:1, type:2, protocol:0
[   16.298833] firmadyne: ioctl: 0xc0207223
[   16.300385] firmadyne: ioctl: 0xc0207223
sem_get: Key: 41110271
sem_get: Key: 41110271
[   16.307478] firmadyne: sys_socket[PID: 106 (klogd)]: family:1, type:1, protocol:0
[   16.308735] firmadyne: sys_socket[PID: 106 (klogd)]: family:1, type:2, protocol:0
[   16.310757] firmadyne: ioctl: 0xc0207223
[   16.312288] firmadyne: ioctl: 0xc0207223
nvram_set: lan_netmask = "255.255.255.0"
[   16.318128] firmadyne: ioctl: 0xc0207223
[   16.319715] firmadyne: ioctl: 0xc0207223
[   16.323240] firmadyne: sys_socket[PID: 106 (klogd)]: family:1, type:1, protocol:0
[   16.324471] firmadyne: sys_socket[PID: 106 (klogd)]: family:1, type:2, protocol:0
sem_get: Key: 41110271
sem_get: Key: 41110271[   16.329579] firmadyne: ioctl: 0xc0207223
[   16.331124] firmadyne: ioctl: 0xc0207223
[   16.332579] firmadyne: ioctl: 0xc0207223

nvram_set: time_zone = "PST8PDT"
[   16.351557] firmadyne: ioctl: 0xc0207223
sem_get: Key: 41110271
sem_get: Key: 41110271
[   16.357673] firmadyne: ioctl: 0xc0207223
[   16.359254] firmadyne: ioctl: 0xc0207223
[   16.360720] firmadyne: ioctl: 0xc0207223
[   16.362554] firmadyne: ioctl: 0xc0207223
[   16.364031] firmadyne: ioctl: 0xc0207223
nvram_set: wan_hwaddr_def = "01:23:45:67:89:ab"
[   16.369632] firmadyne: sys_socket[PID: 106 (klogd)]: family:1, type:1, protocol:0
[   16.370897] firmadyne: sys_socket[PID: 106 (klogd)]: family:1, type:2, protocol:0
[   16.373815] firmadyne: ioctl: 0xc0207223
[   16.375361] firmadyne: ioctl: 0xc0207223
[   16.376882] firmadyne: ioctl: 0xc0207223
sem_get: Key: 41110271
sem_get: Key: 41110271
[   16.381954] firmadyne: sys_socket[PID: 106 (klogd)]: family:1, type:1, protocol:0
[   16.383221] firmadyne: sys_socket[PID: 106 (klogd)]: family:1, type:2, protocol:0
nvram_set: wan_ifname = "eth0"
[   16.390495] firmadyne: ioctl: 0xc0207223
[   16.391984] firmadyne: ioctl: 0xc0207223
[   16.394028] firmadyne: sys_socket[PID: 106 (klogd)]: family:1, type:1, protocol:0
[   16.395332] firmadyne: sys_socket[PID: 106 (klogd)]: family:1, type:2, protocol:0
sem_get: Key: 41110271
sem_get: Key: 41110271
[   16.402012] firmadyne: ioctl: 0xc0207223
[   16.403580] firmadyne: ioctl: 0xc0207223
[   16.405220] firmadyne: ioctl: 0xc0207223
[   16.406560] firmadyne: sys_socket[PID: 106 (klogd)]: family:1, type:1, protocol:0
[   16.407818] firmadyne: sys_socket[PID: 106 (klogd)]: family:1, type:2, protocol:0
nvram_set: lan_ifnames = "eth1 eth2 eth3 eth4"
[   16.414523] firmadyne: ioctl: 0xc0207223
[   16.416037] firmadyne: ioctl: 0xc0207223
[   16.418735] firmadyne: sys_socket[PID: 106 (klogd)]: family:1, type:1, protocol:0
[   16.420027] firmadyne: sys_socket[PID: 106 (klogd)]: family:1, type:2, protocol:0
sem_get: Key: 41110271
sem_get: Key: 41110271
[   16.426400] firmadyne: ioctl: 0xc0207223
[   16.427964] firmadyne: ioctl: 0xc0207223
[   16.430861] firmadyne: sys_socket[PID: 106 (klogd)]: family:1, type:1, protocol:0
[   16.432108] firmadyne: sys_socket[PID: 106 (klogd)]: family:1, type:2, protocol:0
[   16.434083] firmadyne: ioctl: 0xc0207223
[   16.435621] firmadyne: ioctl: 0xc0207223
nvram_set: ethConver = "1"
sem_get[   16.443181] firmadyne: sys_socket[PID: 106 (klogd)]: family:1, type:1, protocol:0
[   16.444531] firmadyne: sys_socket[PID: 106 (klogd)]: family:1, type:2, protocol:0
[   16.445777] firmadyne: ioctl: 0xc0207223
[   16.447318] firmadyne: ioctl: 0xc0207223
[   16.448803] firmadyne: ioctl: 0xc0207223
: Key: 41110271
sem_get: Key: 41110271
[   16.455225] firmadyne: sys_socket[PID: 106 (klogd)]: family:1, type:1, protocol:0
[   16.456522] firmadyne: sys_socket[PID: 106 (klogd)]: family:1, type:2, protocol:0
[   16.458824] firmadyne: ioctl: 0xc0207223
[   16.460309] firmadyne: ioctl: 0xc0207223
nvram_set: lan_proto = "dhcp"
sem_get[   16.467774] firmadyne: sys_socket[PID: 106 (klogd)]: family:1, type:1, protocol:0
[   16.469031] firmadyne: sys_socket[PID: 106 (klogd)]: family:1, type:2, protocol:0
[   16.470975] firmadyne: ioctl: 0xc0207223
[   16.472480] firmadyne: ioctl: 0xc0207223
: Key: 41110271
sem_get: Key: 41110271
[   16.479324] firmadyne: sys_socket[PID: 106 (klogd)]: family:1, type:1, protocol:0
[   16.480561] firmadyne: sys_socket[PID: 106 (klogd)]: family:1, type:2, protocol:0
[   16.482615] firmadyne: ioctl: 0xc0207223
[   16.484116] firmadyne: ioctl: 0xc0207223
nvram_set: wan_ipaddr = "0.0.0.0"
sem_get: Key: [   16.491203] firmadyne: sys_socket[PID: 106 (klogd)]: family:1, type:1, protocol:0
[   16.492420] firmadyne: sys_socket[PID: 106 (klogd)]: family:1, type:2, protocol:0
[   16.494153] firmadyne: ioctl: 0xc0207223
[   16.495764] firmadyne: ioctl: 0xc0207223
41110271
sem_get: Key: 41110271
[   16.501518] firmadyne: ioctl: 0xc0207223
[   16.503064] firmadyne: ioctl: 0xc0207223
[   16.504578] firmadyne: ioctl: 0xc0207223
[   16.507374] firmadyne: sys_socket[PID: 106 (klogd)]: family:1, type:1, protocol:0
[   16.508634] firmadyne: sys_socket[PID: 106 (klogd)]: family:1, type:2, protocol:0
nvram_set: wan_netmask = "255.255.255.0"
[   16.514298] firmadyne: ioctl: 0xc0207223
[   16.516071] firmadyne: ioctl: 0xc0207223
[   16.519133] firmadyne: sys_socket[PID: 106 (klogd)]: family:1, type:1, protocol:0
[   16.520405] firmadyne: sys_socket[PID: 106 (klogd)]: family:1, type:2, protocol:0
sem_get: Key: 41110271
sem_get: Key: 41110271
[   16.526207] firmadyne: ioctl: 0xc0207223
[   16.527739] firmadyne: ioctl: 0xc0207223
[   16.531297] firmadyne: sys_socket[PID: 106 (klogd)]: family:1, type:1, protocol:0
[   16.532531] firmadyne: sys_socket[PID: 106 (klogd)]: family:1, type:2, protocol:0
nvram_set: wanif[   16.537490] firmadyne: ioctl: 0xc0207223
[   16.539038] firmadyne: ioctl: 0xc0207223
[   16.540500] firmadyne: ioctl: 0xc0207223
[   16.543146] firmadyne: sys_socket[PID: 106 (klogd)]: family:1, type:1, protocol:0
[   16.544359] firmadyne: sys_socket[PID: 106 (klogd)]: family:1, type:2, protocol:0
 = "eth0"
sem_get: Key: 41110271
sem_get[   16.550592] firmadyne: ioctl: 0xc0207223
[   16.552149] firmadyne: ioctl: 0xc0207223
[   16.555297] firmadyne: sys_socket[PID: 106 (klogd)]: family:1, type:1, protocol:0
[   16.556524] firmadyne: sys_socket[PID: 106 (klogd)]: family:1, type:2, protocol:0
: Key: 41110271
nvram_set: time_zone_x[   16.561956] firmadyne: ioctl: 0xc0207223
[   16.563514] firmadyne: ioctl: 0xc0207223
[   16.565204] firmadyne: ioctl: 0xc0207223
 = "0"
sem_get: Key: 41110271
[   16.571168] firmadyne: sys_socket[PID: 106 (klogd)]: family:1, type:1, protocol:0
[   16.572397] firmadyne: sys_socket[PID: 106 (klogd)]: family:1, type:2, protocol:0
[   16.574564] firmadyne: ioctl: 0xc0207223
[   16.576037] firmadyne: ioctl: 0xc0207223
sem_get: Key: 41110271
nvram_set: [   16.583132] firmadyne: sys_socket[PID: 106 (klogd)]: family:1, type:1, protocol:0
[   16.584432] firmadyne: sys_socket[PID: 106 (klogd)]: family:1, type:2, protocol:0
[   16.586327] firmadyne: ioctl: 0xc0207223
[   16.587844] firmadyne: ioctl: 0xc0207223
rip_multicast = "0"
sem_get: Key: 41110271
[   16.595108] firmadyne: sys_socket[PID: 106 (klogd)]: family:1, type:1, protocol:0
[   16.596376] firmadyne: sys_socket[PID: 106 (klogd)]: family:1, type:2, protocol:0
[   16.597590] firmadyne: ioctl: 0xc0207223
[   16.599108] firmadyne: ioctl: 0xc0207223
[   16.600568] firmadyne: ioctl: 0xc0207223
sem_get: Key: 41110271
nvram_set: [   16.607112] firmadyne: sys_socket[PID: 106 (klogd)]: family:1, type:1, protocol:0
[   16.608328] firmadyne: sys_socket[PID: 106 (klogd)]: family:1, type:2, protocol:0
[   16.610640] firmadyne: ioctl: 0xc0207223
[   16.612179] firmadyne: ioctl: 0xc0207223
bs_trustedip_enable = "0"
sem_get: Key: 41110271
[   16.619197] firmadyne: sys_socket[PID: 106 (klogd)]: family:1, type:1, protocol:0
[   16.620469] firmadyne: sys_socket[PID: 106 (klogd)]: family:1, type:2, protocol:0
[   16.622171] firmadyne: ioctl: 0xc0207223
[   16.623656] firmadyne: ioctl: 0xc0207223
sem_get: Key: 41110271
nvram_set: et0macaddr[   16.631322] firmadyne: sys_socket[PID: 106 (klogd)]: family:1, type:1, protocol:0
[   16.632534] firmadyne: sys_socket[PID: 106 (klogd)]: family:1, type:2, protocol:0
[   16.633702] firmadyne: ioctl: 0xc0207223
[   16.635396] firmadyne: ioctl: 0xc0207223
[   16.636918] firmadyne: ioctl: 0xc0207223
 = "01:23:45:67:89:ab"
sem_get: Key: 41110271
[   16.643132] firmadyne: sys_socket[PID: 106 (klogd)]: family:1, type:1, protocol:0
[   16.644400] firmadyne: sys_socket[PID: 106 (klogd)]: family:1, type:2, protocol:0
[   16.646720] firmadyne: ioctl: 0xc0207223
[   16.648290] firmadyne: ioctl: 0xc0207223
sem_get: Key: 41110271
nvram_set: filter_rule_tbl[   16.655356] firmadyne: sys_socket[PID: 106 (klogd)]: family:1, type:1, protocol:0
[   16.656570] firmadyne: sys_socket[PID: 106 (klogd)]: family:1, type:2, protocol:0
[   16.658518] firmadyne: ioctl: 0xc0207223
[   16.660096] firmadyne: ioctl: 0xc0207223
 = ""
sem_get: Key: 41110271
sem_get: Key: 41110271[   16.667345] firmadyne: sys_socket[PID: 106 (klogd)]: family:1, type:1, protocol:0
[   16.668659] firmadyne: sys_socket[PID: 106 (klogd)]: family:1, type:2, protocol:0
[   16.670377] firmadyne: ioctl: 0xc0207223
[   16.671914] firmadyne: ioctl: 0xc0207223

nvram_set: pppoe2_schedule_config = "127:0:0:23:59[   16.679139] firmadyne: sys_socket[PID: 106 (klogd)]: family:1, type:1, protocol:0
[   16.680354] firmadyne: sys_socket[PID: 106 (klogd)]: family:1, type:2, protocol:0
[   16.681968] firmadyne: ioctl: 0xc0207223
[   16.683473] firmadyne: ioctl: 0xc0207223
[   16.684933] firmadyne: ioctl: 0xc0207223
"
sem_get: Key: 41110271
sem_get: Key: [   16.690573] firmadyne: ioctl: 0xc0207223
[   16.692047] firmadyne: ioctl: 0xc0207223
[   16.695171] firmadyne: sys_socket[PID: 106 (klogd)]: family:1, type:1, protocol:0
[   16.696466] firmadyne: sys_socket[PID: 106 (klogd)]: family:1, type:2, protocol:0
41110271
nvram_set: schedule_config = "[   16.701923] firmadyne: ioctl: 0xc0207223
[   16.703473] firmadyne: ioctl: 0xc0207223
[   16.704999] firmadyne: ioctl: 0xc0207223
[   16.707651] firmadyne: sys_socket[PID: 106 (klogd)]: family:1, type:1, protocol:0
[   16.708875] firmadyne: sys_socket[PID: 106 (klogd)]: family:1, type:2, protocol:0
127:0:0:23:59"
sem_get: Key: 41110271
[   16.714425] firmadyne: ioctl: 0xc0207223
[   16.715934] firmadyne: ioctl: 0xc0207223
[   16.719184] firmadyne: sys_socket[PID: 106 (klogd)]: family:1, type:1, protocol:0
[   16.720404] firmadyne: sys_socket[PID: 106 (klogd)]: family:1, type:2, protocol:0
sem_get: Key: 41110271
nvram_set[   16.725821] firmadyne: ioctl: 0xc0207223
[   16.727363] firmadyne: ioctl: 0xc0207223
[   16.728935] firmadyne: ioctl: 0xc0207223
: access_control_mode = "0"
sem_get: Key: 41110271
[   16.736242] firmadyne: sys_socket[PID: 106 (klogd)]: family:1, type:1, protocol:0
[   16.737891] firmadyne: sys_socket[PID: 106 (klogd)]: family:1, type:2, protocol:0
[   16.740318] firmadyne: sys_socket[PID: 106 (klogd)]: family:1, type:1, protocol:0
sem_get: Key: 41110271
nvram_set[   16.746841] firmadyne: ioctl: 0xc0207223
[   16.748363] firmadyne: ioctl: 0xc0207223
[   16.749856] firmadyne: sys_socket[PID: 106 (klogd)]: family:1, type:2, protocol:0
[   16.752350] firmadyne: sys_socket[PID: 106 (klogd)]: family:1, type:1, protocol:0
[   16.754389] firmadyne: ioctl: 0xc0207223
[   16.755908] firmadyne: ioctl: 0xc0207223
: fwpt_df_count = "0"
sem_get: Key: 41110271
[   16.761847] firmadyne: sys_socket[PID: 106 (klogd)]: family:1, type:2, protocol:0
[   16.764441] firmadyne: sys_socket[PID: 106 (klogd)]: family:1, type:1, protocol:0
[   16.765932] firmadyne: ioctl: 0xc0207223
[   16.767420] firmadyne: ioctl: 0xc0207223
[   16.768953] firmadyne: ioctl: 0xc0207223
sem_get: Key: 41110271
[   16.773784] firmadyne: sys_socket[PID: 106 (klogd)]: family:1, type:2, protocol:0
[   16.776310] firmadyne: sys_socket[PID: 106 (klogd)]: family:1, type:1, protocol:0
nvram_set: static_if_status = "1"
sem_get: Key: 41110271
[   16.782413] firmadyne: ioctl: 0xc0207223
[   16.783892] firmadyne: ioctl: 0xc0207223
sem_get: Key: 41110271
nvram_set[   16.789868] firmadyne: sys_socket[PID: 106 (klogd)]: family:1, type:2, protocol:0
[   16.792343] firmadyne: sys_socket[PID: 106 (klogd)]: family:1, type:1, protocol:0
[   16.793998] firmadyne: ioctl: 0xc0207223
[   16.795541] firmadyne: ioctl: 0xc0207223
[   16.797183] firmadyne: ioctl: 0xc0207223
: www_relocation = ""
sem_get: Key: 41110271
[   16.801868] firmadyne: sys_socket[PID: 106 (klogd)]: family:1, type:2, protocol:0
[   16.804359] firmadyne: sys_socket[PID: 106 (klogd)]: family:1, type:1, protocol:0
[   16.806594] firmadyne: ioctl: 0xc0207223
[   16.808161] firmadyne: ioctl: 0xc0207223
sem_get: Key: 41110271
nvram_set[   16.814171] firmadyne: ioctl: 0xc0207223
[   16.815758] firmadyne: ioctl: 0xc0207223
[   16.818036] firmadyne: sys_socket[PID: 106 (klogd)]: family:1, type:2, protocol:0
[   16.820640] firmadyne: sys_socket[PID: 106 (klogd)]: family:1, type:1, protocol:0
: usb_info_dev0 = "A200396E0402FF83@1@14.4G@U@1@USB_Storage;U:;0;0@"
sem_get: Key: 41110271
[   16.825394] firmadyne: ioctl: 0xc0207223
[   16.826932] firmadyne: ioctl: 0xc0207223
[   16.828408] firmadyne: ioctl: 0xc0207223
[   16.829839] firmadyne: sys_socket[PID: 106 (klogd)]: family:1, type:2, protocol:0
[   16.832503] firmadyne: sys_socket[PID: 106 (klogd)]: family:1, type:1, protocol:0
sem_get: Key: 41110271
[   16.838271] firmadyne: ioctl: 0xc0207223
[   16.839862] firmadyne: ioctl: 0xc0207223
[   16.842112] firmadyne: sys_socket[PID: 106 (klogd)]: family:1, type:2, protocol:0
[   16.844667] firmadyne: sys_socket[PID: 106 (klogd)]: family:1, type:1, protocol:0
nvram_set: usb_info_dev1 = "A200396E0402FF83@1@14.4G@U@1@USB_Storage;U:;0;0@"
sem_get[   16.849724] firmadyne: ioctl: 0xc0207223
[   16.851304] firmadyne: ioctl: 0xc0207223
[   16.852789] firmadyne: ioctl: 0xc0207223
[   16.854060] firmadyne: sys_socket[PID: 106 (klogd)]: family:1, type:2, protocol:0
[   16.856643] firmadyne: sys_socket[PID: 106 (klogd)]: family:1, type:1, protocol:0
: Key: 41110271
sem_get: Key: 41110271
[   16.862433] firmadyne: ioctl: 0xc0207223
[   16.864026] firmadyne: ioctl: 0xc0207223
[   16.865823] firmadyne: sys_socket[PID: 106 (klogd)]: family:1, type:2, protocol:0
[   16.868320] firmadyne: sys_socket[PID: 106 (klogd)]: family:1, type:1, protocol:0
nvram_set: usb_info_dev2 = "A200396E0402FF83@1@14.4G@U@1@USB_Storage;U:;0;0@"
[   16.874043] firmadyne: ioctl: 0xc0207223
[   16.875554] firmadyne: ioctl: 0xc0207223
[   16.877197] firmadyne: ioctl: 0xc0207223
[   16.878336] firmadyne: sys_socket[PID: 106 (klogd)]: family:1, type:2, protocol:0
sem_get: Key: 41110271
sem_get: Key: 41110271
[   16.885435] firmadyne: sys_socket[PID: 106 (klogd)]: family:1, type:1, protocol:0
[   16.886785] firmadyne: sys_socket[PID: 106 (klogd)]: family:1, type:2, protocol:0
[   16.890416] firmadyne: ioctl: 0xc0207223
[   16.891898] firmadyne: ioctl: 0xc0207223
nvram_set: usb_info_dev3 = "A200396E0402FF83@1@14.4G@U@1@USB_Storage;U:;0;0@"
[   16.897802] firmadyne: sys_socket[PID: 106 (klogd)]: family:1, type:1, protocol:0
[   16.899148] firmadyne: sys_socket[PID: 106 (klogd)]: family:1, type:2, protocol:0
[   16.901769] firmadyne: ioctl: 0xc0207223
[   16.903398] firmadyne: ioctl: 0xc0207223
[   16.904895] firmadyne: ioctl: 0xc0207223
sem_get: Key: 41110271
sem_get: Key: 41110271[   16.910164] firmadyne: sys_socket[PID: 106 (klogd)]: family:1, type:1, protocol:0
[   16.911592] firmadyne: sys_socket[PID: 106 (klogd)]: family:1, type:2, protocol:0
[   16.914747] firmadyne: ioctl: 0xc0207223
[   16.916303] firmadyne: ioctl: 0xc0207223

nvram_set: usb_info_dev4 = "A200396E0402FF83@1@14.4G@U@1@USB_Storage;U:;0;0@[   16.922689] firmadyne: sys_socket[PID: 106 (klogd)]: family:1, type:1, protocol:0
[   16.923980] firmadyne: sys_socket[PID: 106 (klogd)]: family:1, type:2, protocol:0
[   16.926256] firmadyne: ioctl: 0xc0207223
[   16.927809] firmadyne: ioctl: 0xc0207223
"
sem_get: Key: 41110271
sem_get: Key: [   16.935917] firmadyne: sys_socket[PID: 106 (klogd)]: family:1, type:1, protocol:0
[   16.937600] firmadyne: ioctl: 0xc0207223
[   16.939132] firmadyne: ioctl: 0xc0207223
[   16.940594] firmadyne: ioctl: 0xc0207223
41110271
nvram_set: usb_info_dev5 = "[   16.945466] firmadyne: sys_socket[PID: 106 (klogd)]: family:1, type:2, protocol:0
[   16.948100] firmadyne: sys_socket[PID: 106 (klogd)]: family:1, type:1, protocol:0
[   16.950637] firmadyne: ioctl: 0xc0207223
[   16.952167] firmadyne: ioctl: 0xc0207223
A200396E0402FF83@1@14.4G@U@1@USB_Storage;U:;0;0@"
sem_get: Key: 41110271
sem_get[   16.957603] firmadyne: sys_socket[PID: 106 (klogd)]: family:1, type:2, protocol:0
[   16.960174] firmadyne: sys_socket[PID: 106 (klogd)]: family:1, type:1, protocol:0
[   16.962339] firmadyne: ioctl: 0xc0207223
[   16.963888] firmadyne: ioctl: 0xc0207223
: Key: 41110271
nvram_set: usb_info_dev6 = "[   16.969797] firmadyne: sys_socket[PID: 106 (klogd)]: family:1, type:2, protocol:0
[   16.972547] firmadyne: sys_socket[PID: 106 (klogd)]: family:1, type:1, protocol:0
[   16.974222] firmadyne: ioctl: 0xc0207223
[   16.975741] firmadyne: ioctl: 0xc0207223
A200396E0402FF83@1@14.4G@U@1@USB_Storage;U:;0;0@"
sem_get: Key: 41110271
[   16.981836] firmadyne: sys_socket[PID: 106 (klogd)]: family:1, type:2, protocol:0
[   16.984447] firmadyne: sys_socket[PID: 106 (klogd)]: family:1, type:1, protocol:0
[   16.985716] firmadyne: ioctl: 0xc0207223
[   16.987312] firmadyne: ioctl: 0xc0207223
[   16.988874] firmadyne: ioctl: 0xc0207223
sem_get: Key: 41110271
nvram_set: [   16.994037] firmadyne: sys_socket[PID: 106 (klogd)]: family:1, type:2, protocol:0
[   16.996639] firmadyne: sys_socket[PID: 106 (klogd)]: family:1, type:1, protocol:0
[   16.999013] firmadyne: ioctl: 0xc0207223
[   17.000517] firmadyne: ioctl: 0xc0207223
usb_info_dev7 = "A200396E0402FF83@1@14.4G@U@1@USB_Storage;U:;0;0@"
sem_get: Key: 41110271
[   17.006358] firmadyne: ioctl: 0xc0207223
[   17.007887] firmadyne: ioctl: 0xc0207223
[   17.010057] firmadyne: sys_socket[PID: 106 (klogd)]: family:1, type:2, protocol:0
[   17.012538] firmadyne: sys_socket[PID: 106 (klogd)]: family:1, type:1, protocol:0
sem_get: Key: 41110271
[   17.017426] firmadyne: ioctl: 0xc0207223
[   17.019003] firmadyne: ioctl: 0xc0207223
[   17.020513] firmadyne: ioctl: 0xc0207223
[   17.021973] firmadyne: sys_socket[PID: 106 (klogd)]: family:1, type:2, protocol:0
[   17.024593] firmadyne: sys_socket[PID: 106 (klogd)]: family:1, type:1, protocol:0
nvram_set: usb_info_dev8 = "A200396E0402FF83@1@14.4G@U@1@USB_Storage;U:;0;0@"
sem_get: Key: 41110271
[   17.030689] firmadyne: ioctl: 0xc0207223
[   17.032218] firmadyne: ioctl: 0xc0207223
[   17.033839] firmadyne: sys_socket[PID: 106 (klogd)]: family:1, type:2, protocol:0
[   17.036440] firmadyne: sys_socket[PID: 106 (klogd)]: family:1, type:1, protocol:0
sem_get: Key: 41110271
[   17.041996] firmadyne: ioctl: 0xc0207223
[   17.043481] firmadyne: ioctl: 0xc0207223
[   17.044989] firmadyne: ioctl: 0xc0207223
[   17.046357] firmadyne: sys_socket[PID: 106 (klogd)]: family:1, type:2, protocol:0
[   17.049020] firmadyne: sys_socket[PID: 106 (klogd)]: family:1, type:1, protocol:0
nvram_set: usb_info_dev9 = "A200396E0402FF83@1@14.4G@U@1@USB_Storage;U:;0;0@"
[   17.054746] firmadyne: ioctl: 0xc0207223
[   17.056280] firmadyne: ioctl: 0xc0207223
[   17.057853] firmadyne: sys_socket[PID: 106 (klogd)]: family:1, type:2, protocol:0
[   17.060410] firmadyne: sys_socket[PID: 106 (klogd)]: family:1, type:1, protocol:0
sem_get: Key: 41110271
sem_get: Key: 41110271[   17.066219] firmadyne: ioctl: 0xc0207223
[   17.067716] firmadyne: ioctl: 0xc0207223

nvram_set: usb_info_dev10 = "A200396E0402FF83@1@14.4G@U@1@USB_Storage;U:;0;0@[   17.074131] firmadyne: sys_socket[PID: 106 (klogd)]: family:1, type:2, protocol:0
[   17.076799] firmadyne: sys_socket[PID: 106 (klogd)]: family:1, type:1, protocol:0
[   17.078084] firmadyne: ioctl: 0xc0207223
[   17.079598] firmadyne: ioctl: 0xc0207223
"
sem_get: Key: 41110271
sem_get: Key: [   17.085913] firmadyne: sys_socket[PID: 106 (klogd)]: family:1, type:2, protocol:0
[   17.088476] firmadyne: sys_socket[PID: 106 (klogd)]: family:1, type:1, protocol:0
[   17.089590] firmadyne: ioctl: 0xc0207223
[   17.091222] firmadyne: ioctl: 0xc0207223
[   17.092741] firmadyne: ioctl: 0xc0207223
41110271
nvram_set: usb_info_dev11 = "[   17.098070] firmadyne: sys_socket[PID: 106 (klogd)]: family:1, type:2, protocol:0
[   17.100758] firmadyne: sys_socket[PID: 106 (klogd)]: family:1, type:1, protocol:0
[   17.103092] firmadyne: ioctl: 0xc0207223
[   17.104586] firmadyne: ioctl: 0xc0207223
A200396E0402FF83@1@14.4G@U@1@USB_Storage;U:;0;0@"
sem_get: Key: 41110271
sem_get[   17.110067] firmadyne: sys_socket[PID: 106 (klogd)]: family:1, type:2, protocol:0
[   17.112525] firmadyne: sys_socket[PID: 106 (klogd)]: family:1, type:1, protocol:0
[   17.114806] firmadyne: ioctl: 0xc0207223
[   17.116326] firmadyne: ioctl: 0xc0207223
: Key: 41110271
nvram_set: usb_info_dev12 = "[   17.122417] firmadyne: ioctl: 0xc0207223
[   17.124044] firmadyne: ioctl: 0xc0207223
[   17.125910] firmadyne: sys_socket[PID: 106 (klogd)]: family:1, type:2, protocol:0
[   17.128495] firmadyne: sys_socket[PID: 106 (klogd)]: family:1, type:1, protocol:0
A200396E0402FF83@1@14.4G@U@1@USB_Storage;U:;0;0@"
sem_get: Key: 41110271
[   17.134917] firmadyne: ioctl: 0xc0207223
[   17.136489] firmadyne: ioctl: 0xc0207223
[   17.137820] firmadyne: sys_socket[PID: 106 (klogd)]: family:1, type:2, protocol:0
[   17.140411] firmadyne: sys_socket[PID: 106 (klogd)]: family:1, type:1, protocol:0
[   17.142549] firmadyne: ioctl: 0xc0207223
[   17.144104] firmadyne: ioctl: 0xc0207223
sem_get: Key: 41110271
nvram_set: [   17.149822] firmadyne: sys_socket[PID: 106 (klogd)]: family:1, type:2, protocol:0
[   17.154052] firmadyne: ioctl: 0xc0207223
[   17.155604] firmadyne: ioctl: 0xc0207223
usb_info_dev13 = "A200396E0402FF83@1@14.4G@U@1@USB_Storage;U:;0;0@"
sem_get: Key: 41110271
[   17.170666] firmadyne: ioctl: 0xc0207223
[   17.172301] firmadyne: ioctl: 0xc0207223
sem_get: Key: 41110271
nvram_set[   17.178364] firmadyne: ioctl: 0xc0207223
[   17.179913] firmadyne: ioctl: 0xc0207223
: usb_info_dev14 = "A200396E0402FF83@1@14.4G@U@1@USB_Storage;U:;0;0@"
sem_get: Key: 41110271
[   17.185709] firmadyne: ioctl: 0xc0207223
[   17.187253] firmadyne: ioctl: 0xc0207223
[   17.188763] firmadyne: ioctl: 0xc0207223
[   17.189868] firmadyne: sys_socket[PID: 106 (klogd)]: family:1, type:1, protocol:0
[   17.191213] firmadyne: sys_socket[PID: 106 (klogd)]: family:1, type:2, protocol:0
sem_get: Key: 41110271
[   17.198435] firmadyne: ioctl: 0xc0207223
[   17.199965] firmadyne: ioctl: 0xc0207223
[   17.202093] firmadyne: sys_socket[PID: 106 (klogd)]: family:1, type:1, protocol:0
[   17.203398] firmadyne: sys_socket[PID: 106 (klogd)]: family:1, type:2, protocol:0
nvram_set: usb_info_dev15 = "A200396E0402FF83@1@14.4G@U@1@USB_Storage;U:;0;0@"
sem_get: Key: 41110271
[   17.210018] firmadyne: ioctl: 0xc0207223
[   17.211609] firmadyne: ioctl: 0xc0207223
[   17.214195] firmadyne: sys_socket[PID: 106 (klogd)]: family:1, type:1, protocol:0
[   17.215506] firmadyne: sys_socket[PID: 106 (klogd)]: family:1, type:2, protocol:0
sem_get: Key: 41110271
[   17.221401] firmadyne: ioctl: 0xc0207223
[   17.222933] firmadyne: ioctl: 0xc0207223
[   17.224426] firmadyne: ioctl: 0xc0207223
[   17.226275] firmadyne: sys_socket[PID: 106 (klogd)]: family:1, type:1, protocol:0
[   17.227600] firmadyne: sys_socket[PID: 106 (klogd)]: family:1, type:2, protocol:0
nvram_set: usb_info_dev16 = "A200396E0402FF83@1@14.4G@U@1@USB_Storage;U:;0;0@"
sem_get: Key: 41110271
[   17.234375] firmadyne: ioctl: 0xc0207223
[   17.235903] firmadyne: ioctl: 0xc0207223
[   17.238507] firmadyne: sys_socket[PID: 106 (klogd)]: family:1, type:1, protocol:0
[   17.239818] firmadyne: sys_socket[PID: 106 (klogd)]: family:1, type:2, protocol:0
sem_get: Key: 41110271
[   17.245803] firmadyne: ioctl: 0xc0207223
[   17.247398] firmadyne: ioctl: 0xc0207223
[   17.248907] firmadyne: ioctl: 0xc0207223
[   17.251107] firmadyne: sys_socket[PID: 106 (klogd)]: family:1, type:1, protocol:0
[   17.252393] firmadyne: sys_socket[PID: 106 (klogd)]: family:1, type:2, protocol:0
nvram_set: usb_info_dev17 = "A200396E0402FF83@1@14.4G@U@1@USB_Storage;U:;0;0@"
sem_get: Key: [   17.258367] firmadyne: ioctl: 0xc0207223
[   17.259870] firmadyne: ioctl: 0xc0207223
[   17.263148] firmadyne: sys_socket[PID: 106 (klogd)]: family:1, type:1, protocol:0
[   17.264477] firmadyne: sys_socket[PID: 106 (klogd)]: family:1, type:2, protocol:0
41110271
sem_get: Key: 41110271
[   17.269757] firmadyne: ioctl: 0xc0207223
[   17.271303] firmadyne: ioctl: 0xc0207223
[   17.272832] firmadyne: ioctl: 0xc0207223
[   17.275546] firmadyne: sys_socket[PID: 106 (klogd)]: family:1, type:1, protocol:0
[   17.276812] firmadyne: sys_socket[PID: 106 (klogd)]: family:1, type:2, protocol:0
nvram_set: usb_info_dev18 = "A200396E0402FF83@1@14.4G@U@1@USB_Storage;U:;0;0@[   17.282749] firmadyne: ioctl: 0xc0207223
[   17.284274] firmadyne: ioctl: 0xc0207223
[   17.287218] firmadyne: sys_socket[PID: 106 (klogd)]: family:1, type:1, protocol:0
[   17.288485] firmadyne: sys_socket[PID: 106 (klogd)]: family:1, type:2, protocol:0
"
sem_get: Key: 41110271
sem_get: Key: [   17.294341] firmadyne: ioctl: 0xc0207223
[   17.295864] firmadyne: ioctl: 0xc0207223
41110271
nvram_set: usb_info_dev19 = "[   17.303153] firmadyne: sys_socket[PID: 106 (klogd)]: family:1, type:1, protocol:0
[   17.304414] firmadyne: sys_socket[PID: 106 (klogd)]: family:1, type:2, protocol:0
[   17.306005] firmadyne: ioctl: 0xc0207223
[   17.307548] firmadyne: ioctl: 0xc0207223
A200396E0402FF83@1@14.4G@U@1@USB_Storage;U:;0;0@"
sem_get: Key: 41110271
sem_get[   17.315348] firmadyne: sys_socket[PID: 106 (klogd)]: family:1, type:1, protocol:0
[   17.316649] firmadyne: sys_socket[PID: 106 (klogd)]: family:1, type:2, protocol:0
[   17.317880] firmadyne: ioctl: 0xc0207223
[   17.319459] firmadyne: ioctl: 0xc0207223
[   17.320989] firmadyne: ioctl: 0xc0207223
: Key: 41110271
nvram_set: [   17.327373] firmadyne: sys_socket[PID: 106 (klogd)]: family:1, type:1, protocol:0
[   17.328636] firmadyne: sys_socket[PID: 106 (klogd)]: family:1, type:2, protocol:0
[   17.330894] firmadyne: ioctl: 0xc0207223
[   17.332452] firmadyne: ioctl: 0xc0207223
usb_info_dev20 = "A200396E0402FF83@1@14.4G@U@1@USB_Storage;U:;0;0@"
sem_get: Key: 41110271
[   17.339380] firmadyne: sys_socket[PID: 106 (klogd)]: family:1, type:1, protocol:0
[   17.340646] firmadyne: sys_socket[PID: 106 (klogd)]: family:1, type:2, protocol:0
[   17.342820] firmadyne: ioctl: 0xc0207223
[   17.344321] firmadyne: ioctl: 0xc0207223
sem_get: Key: 41110271
[   17.351084] firmadyne: sys_socket[PID: 106 (klogd)]: family:1, type:1, protocol:0
[   17.352294] firmadyne: sys_socket[PID: 106 (klogd)]: family:1, type:2, protocol:0
[   17.354305] firmadyne: ioctl: 0xc0207223
[   17.355812] firmadyne: ioctl: 0xc0207223
nvram_set: usb_info_dev21 = "A200396E0402FF83@1@14.4G@U@1@USB_Storage;U:;0;0@"
sem_get: Key: [   17.363121] firmadyne: sys_socket[PID: 106 (klogd)]: family:1, type:1, protocol:0
[   17.364399] firmadyne: sys_socket[PID: 106 (klogd)]: family:1, type:2, protocol:0
[   17.366150] firmadyne: ioctl: 0xc0207223
[   17.367714] firmadyne: ioctl: 0xc0207223
41110271
sem_get: Key: 41110271
[   17.375098] firmadyne: sys_socket[PID: 106 (klogd)]: family:1, type:1, protocol:0
[   17.376382] firmadyne: sys_socket[PID: 106 (klogd)]: family:1, type:2, protocol:0
[   17.377654] firmadyne: ioctl: 0xc0207223
[   17.379223] firmadyne: ioctl: 0xc0207223
[   17.380732] firmadyne: ioctl: 0xc0207223
nvram_set: usb_info_dev22 = "A200396E0402FF83@1@14.4G@U@1@USB_Storage;U:;0;0@"
[   17.387090] firmadyne: sys_socket[PID: 106 (klogd)]: family:1, type:1, protocol:0
[   17.388382] firmadyne: sys_socket[PID: 106 (klogd)]: family:1, type:2, protocol:0
[   17.390637] firmadyne: ioctl: 0xc0207223
[   17.392154] firmadyne: ioctl: 0xc0207223
sem_get: Key: 41110271
sem_get: Key: 41110271
[   17.398168] firmadyne: ioctl: 0xc0207223
[   17.399693] firmadyne: ioctl: 0xc0207223
[   17.403216] firmadyne: sys_socket[PID: 106 (klogd)]: family:1, type:1, protocol:0
[   17.404439] firmadyne: sys_socket[PID: 106 (klogd)]: family:1, type:2, protocol:0
nvram_set: usb_info_dev23 = "A200396E0402FF83@1@14.4G@U@1@USB_Storage;U:;0;0@"
[   17.409762] firmadyne: ioctl: 0xc0207223
[   17.411339] firmadyne: ioctl: 0xc0207223
[   17.412839] firmadyne: ioctl: 0xc0207223
[   17.415571] firmadyne: sys_socket[PID: 106 (klogd)]: family:1, type:1, protocol:0
[   17.416831] firmadyne: sys_socket[PID: 106 (klogd)]: family:1, type:2, protocol:0
sem_get: Key: 41110271
sem_get: Key: [   17.422891] firmadyne: ioctl: 0xc0207223
[   17.424423] firmadyne: ioctl: 0xc0207223
[   17.427185] firmadyne: sys_socket[PID: 106 (klogd)]: family:1, type:1, protocol:0
[   17.428466] firmadyne: sys_socket[PID: 106 (klogd)]: family:1, type:2, protocol:0
41110271
nvram_set: [   17.434186] firmadyne: ioctl: 0xc0207223
[   17.435703] firmadyne: ioctl: 0xc0207223
usb_info_dev24 = "A200396E0402FF83@1@14.4G@U@1@USB_Storage;U:;0;0@"
sem_get: Key: 41110271
[   17.443225] firmadyne: sys_socket[PID: 106 (klogd)]: family:1, type:1, protocol:0
[   17.444550] firmadyne: sys_socket[PID: 106 (klogd)]: family:1, type:2, protocol:0
[   17.445832] firmadyne: ioctl: 0xc0207223
[   17.447386] firmadyne: ioctl: 0xc0207223
[   17.448889] firmadyne: ioctl: 0xc0207223
sem_get: Key: 41110271
[   17.455117] firmadyne: sys_socket[PID: 106 (klogd)]: family:1, type:1, protocol:0
[   17.456400] firmadyne: sys_socket[PID: 106 (klogd)]: family:1, type:2, protocol:0
[   17.458707] firmadyne: ioctl: 0xc0207223
[   17.460194] firmadyne: ioctl: 0xc0207223
nvram_set: usb_info_dev25 = "A200396E0402FF83@1@14.4G@U@1@USB_Storage;U:;0;0@"
sem_get: Key: 41110271
[   17.467228] firmadyne: sys_socket[PID: 106 (klogd)]: family:1, type:1, protocol:0
[   17.468526] firmadyne: sys_socket[PID: 106 (klogd)]: family:1, type:2, protocol:0
[   17.470387] firmadyne: ioctl: 0xc0207223
[   17.471987] firmadyne: ioctl: 0xc0207223
sem_get: Key: 41110271
[   17.479234] firmadyne: sys_socket[PID: 106 (klogd)]: family:1, type:1, protocol:0
[   17.480515] firmadyne: sys_socket[PID: 106 (klogd)]: family:1, type:2, protocol:0
[   17.482159] firmadyne: ioctl: 0xc0207223
[   17.483711] firmadyne: ioctl: 0xc0207223
nvram_set: usb_info_dev26 = "A200396E0402FF83@1@14.4G@U@1@USB_Storage;U:;0;0@"
sem_get: Key: 41110271
[   17.491220] firmadyne: sys_socket[PID: 106 (klogd)]: family:1, type:1, protocol:0
[   17.492493] firmadyne: sys_socket[PID: 106 (klogd)]: family:1, type:2, protocol:0
[   17.493759] firmadyne: ioctl: 0xc0207223
[   17.495314] firmadyne: ioctl: 0xc0207223
[   17.496817] firmadyne: ioctl: 0xc0207223
sem_get: Key: 41110271
[   17.503200] firmadyne: sys_socket[PID: 106 (klogd)]: family:1, type:1, protocol:0
[   17.504476] firmadyne: sys_socket[PID: 106 (klogd)]: family:1, type:2, protocol:0
[   17.506850] firmadyne: ioctl: 0xc0207223
[   17.508423] firmadyne: ioctl: 0xc0207223
nvram_set: usb_info_dev27 = "A200396E0402FF83@1@14.4G@U@1@USB_Storage;U:;0;0@"
sem_get: Key: [   17.515212] firmadyne: sys_socket[PID: 106 (klogd)]: family:1, type:1, protocol:0
[   17.516457] firmadyne: sys_socket[PID: 106 (klogd)]: family:1, type:2, protocol:0
[   17.518499] firmadyne: ioctl: 0xc0207223
[   17.520030] firmadyne: ioctl: 0xc0207223
41110271
sem_get: Key: 41110271
[   17.525848] firmadyne: ioctl: 0xc0207223
[   17.527386] firmadyne: ioctl: 0xc0207223
[   17.528869] firmadyne: ioctl: 0xc0207223
[   17.531635] firmadyne: sys_socket[PID: 106 (klogd)]: family:1, type:1, protocol:0
[   17.532894] firmadyne: sys_socket[PID: 106 (klogd)]: family:1, type:2, protocol:0
nvram_set: usb_info_dev28 = "A200396E0402FF83@1@14.4G@U@1@USB_Storage;U:;0;0@"
sem_get: Key: 41110271
[   17.542524] firmadyne: ioctl: 0xc0207223
[   17.544043] firmadyne: ioctl: 0xc0207223
[   17.547193] firmadyne: sys_socket[PID: 106 (klogd)]: family:1, type:1, protocol:0
[   17.548428] firmadyne: sys_socket[PID: 106 (klogd)]: family:1, type:2, protocol:0
sem_get: Key: 41110271
nvram_set[   17.554203] firmadyne: ioctl: 0xc0207223
[   17.555803] firmadyne: ioctl: 0xc0207223
[   17.559408] firmadyne: sys_socket[PID: 106 (klogd)]: family:1, type:1, protocol:0
[   17.560712] firmadyne: sys_socket[PID: 106 (klogd)]: family:1, type:2, protocol:0
: usb_info_dev29 = "A200396E0402FF83@1@14.4G@U@1@USB_Storage;U:;0;0@"
sem_get: Key: 41110271
[   17.565517] firmadyne: ioctl: 0xc0207223
[   17.567107] firmadyne: ioctl: 0xc0207223
[   17.568619] firmadyne: ioctl: 0xc0207223
[   17.571296] firmadyne: sys_socket[PID: 106 (klogd)]: family:1, type:1, protocol:0
[   17.572556] firmadyne: sys_socket[PID: 106 (klogd)]: family:1, type:2, protocol:0
sem_get: Key: 41110271
[   17.578441] firmadyne: ioctl: 0xc0207223
[   17.580024] firmadyne: ioctl: 0xc0207223
[   17.583154] firmadyne: sys_socket[PID: 106 (klogd)]: family:1, type:1, protocol:0
[   17.584413] firmadyne: sys_socket[PID: 106 (klogd)]: family:1, type:2, protocol:0
nvram_set: usb_info_dev30 = "A200396E0402FF83@1@14.4G@U@1@USB_Storage;U:;0;0@"
sem_get[   17.589999] firmadyne: ioctl: 0xc0207223
[   17.591603] firmadyne: ioctl: 0xc0207223
[   17.595310] firmadyne: sys_socket[PID: 106 (klogd)]: family:1, type:1, protocol:0
[   17.596626] firmadyne: sys_socket[PID: 106 (klogd)]: family:1, type:2, protocol:0
: Key: 41110271
sem_get: Key: 41110271
[   17.601479] firmadyne: ioctl: 0xc0207223
