[    0.000000] Linux version 4.1.17+ (alessio@pc) (gcc version 5.5.0 20171010 (Ubuntu 5.5.0-12ubuntu1) ) #1 Mon May 15 23:04:08 CEST 2023
[    0.000000] earlycon: Early serial console at I/O port 0x3f8 (options '38400n8')
[    0.000000] bootconsole [uart0] enabled
[    0.000000] CPU0 revision is: 00019300 (MIPS 24Kc)
[    0.000000] FPU revision is: 00739300
[    0.000000] Software DMA cache coherency enabled
[    0.000000] Determined physical RAM map:
[    0.000000]  memory: 00001000 @ 00000000 (reserved)
[    0.000000]  memory: 000ef000 @ 00001000 (ROM data)
[    0.000000]  memory: 00798000 @ 000f0000 (reserved)
[    0.000000]  memory: 0f777000 @ 00888000 (usable)
[    0.000000] debug: ignoring loglevel setting.
[    0.000000] Wasting 69888 bytes for tracking 2184 unused pages
[    0.000000] Initrd not found or empty - disabling initrd
[    0.000000] Zone ranges:
[    0.000000]   DMA      [mem 0x0000000000000000-0x0000000000ffffff]
[    0.000000]   Normal   [mem 0x0000000001000000-0x000000000fffefff]
[    0.000000] Movable zone start for each node
[    0.000000] Early memory node ranges
[    0.000000]   node   0: [mem 0x0000000000000000-0x000000000fffefff]
[    0.000000] Initmem setup node 0 [mem 0x0000000000000000-0x000000000fffefff]
[    0.000000] On node 0 totalpages: 65535
[    0.000000] free_area_init_node: node 0, pgdat 8081d5b0, node_mem_map 81000000
[    0.000000]   DMA zone: 32 pages used for memmap
[    0.000000]   DMA zone: 0 pages reserved
[    0.000000]   DMA zone: 4096 pages, LIFO batch:0
[    0.000000]   Normal zone: 480 pages used for memmap
[    0.000000]   Normal zone: 61439 pages, LIFO batch:15
[    0.000000] Primary instruction cache 2kB, VIPT, 2-way, linesize 16 bytes.
[    0.000000] Primary data cache 2kB, 2-way, VIPT, no aliases, linesize 16 bytes
[    0.000000] pcpu-alloc: s0 r0 d32768 u32768 alloc=1*32768
[    0.000000] pcpu-alloc: [0] 0 
[    0.000000] Built 1 zonelists in Zone order, mobility grouping on.  Total pages: 65023
[    0.000000] Kernel command line: root=/dev/sda1 console=ttyS0 nandsim.parts=64,64,64,64,64,64,64,64,64,64 rdinit=/firmadyne/preInit.sh rw debug ignore_loglevel print-fatal-signals=1 FIRMAE_NET=true FIRMAE_NVRAM=true FIRMAE_KERNEL=true FIRMAE_ETC=true user_debug=0 firmadyne.syscall=1 noka
[    0.000000] found FIRMAE_KERNEL=t
[    0.000000] set the LD_PRELOAD=/firmadyne/libnvram_ioctl.so
[    0.000000] PID hash table entries: 1024 (order: 0, 4096 bytes)
[    0.000000] Dentry cache hash table entries: 32768 (order: 5, 131072 bytes)
[    0.000000] Inode-cache hash table entries: 16384 (order: 4, 65536 bytes)
[    0.000000] Writing ErrCtl register=00000000
[    0.000000] Readback ErrCtl register=00000000
[    0.000000] Memory: 251112K/262140K available (5360K kernel code, 244K rwdata, 1676K rodata, 260K init, 158K bss, 11028K reserved, 0K cma-reserved)
[    0.000000] NR_IRQS:256
[    0.000000] CPU frequency 200.01 MHz
[    0.000000] clocksource MIPS: mask: 0xffffffff max_cycles: 0xffffffff, max_idle_ns: 19112089395 ns
[    0.000209] sched_clock: 32 bits at 100MHz, resolution 9ns, wraps every 21474257915ns
[    0.015621] Console: colour dummy device 80x25
[    0.016874] Calibrating delay loop... 23.64 BogoMIPS (lpj=47296)
[    0.077569] pid_max: default: 32768 minimum: 301
[    0.082154] Mount-cache hash table entries: 1024 (order: 0, 4096 bytes)
[    0.082709] Mountpoint-cache hash table entries: 1024 (order: 0, 4096 bytes)
[    0.150434] clocksource jiffies: mask: 0xffffffff max_cycles: 0xffffffff, max_idle_ns: 7645041785100000 ns
[    0.161801] NET: Registered protocol family 16
[    0.456571] clocksource pit: mask: 0xffffffff max_cycles: 0xffffffff, max_idle_ns: 1601818034827 ns
[    0.620923] vgaarb: loaded
[    0.626927] SCSI subsystem initialized
[    0.629610] libata version 3.00 loaded.
[    0.634323] usbcore: registered new interface driver usbfs
[    0.635790] usbcore: registered new interface driver hub
[    0.636913] usbcore: registered new device driver usb
[    0.639874] pps_core: LinuxPPS API ver. 1 registered
[    0.640296] pps_core: Software ver. 5.3.6 - Copyright 2005-2007 Rodolfo Giometti <giometti@linux.it>
[    0.641287] PTP clock support registered
[    0.646486] PCI host bridge to bus 0000:00
[    0.647254] pci_bus 0000:00: root bus resource [mem 0x10000000-0x17ffffff]
[    0.647886] pci_bus 0000:00: root bus resource [io  0x1000-0x1fffff]
[    0.648511] pci_bus 0000:00: root bus resource [??? 0x00000000 flags 0x0]
[    0.649104] pci_bus 0000:00: No busn resource found for root bus, will use [bus 00-ff]
[    0.650598] pci 0000:00:00.0: [11ab:4620] type 00 class 0x060000
[    0.651554] pci 0000:00:00.0: [Firmware Bug]: reg 0x14: invalid BAR (can't size)
[    0.652169] pci 0000:00:00.0: [Firmware Bug]: reg 0x18: invalid BAR (can't size)
[    0.652770] pci 0000:00:00.0: [Firmware Bug]: reg 0x1c: invalid BAR (can't size)
[    0.653376] pci 0000:00:00.0: [Firmware Bug]: reg 0x20: invalid BAR (can't size)
[    0.653988] pci 0000:00:00.0: [Firmware Bug]: reg 0x24: invalid BAR (can't size)
[    0.658280] pci 0000:00:0a.0: [8086:7110] type 00 class 0x060100
[    0.662002] pci 0000:00:0a.1: [8086:7111] type 00 class 0x010180
[    0.662968] pci 0000:00:0a.1: reg 0x20: [io  0x0000-0x000f]
[    0.663599] pci 0000:00:0a.1: legacy IDE quirk: reg 0x10: [io  0x01f0-0x01f7]
[    0.664195] pci 0000:00:0a.1: legacy IDE quirk: reg 0x14: [io  0x03f6]
[    0.664781] pci 0000:00:0a.1: legacy IDE quirk: reg 0x18: [io  0x0170-0x0177]
[    0.665381] pci 0000:00:0a.1: legacy IDE quirk: reg 0x1c: [io  0x0376]
[    0.668884] pci 0000:00:0a.2: [8086:7112] type 00 class 0x0c0300
[    0.669623] pci 0000:00:0a.2: reg 0x20: [io  0x0000-0x001f]
[    0.673120] pci 0000:00:0a.3: [8086:7113] type 00 class 0x068000
[    0.674597] pci 0000:00:0a.3: quirk: [io  0x1000-0x103f] claimed by PIIX4 ACPI
[    0.675515] pci 0000:00:0a.3: quirk: [io  0x1100-0x110f] claimed by PIIX4 SMB
[    0.678998] pci 0000:00:12.0: [1013:00b8] type 00 class 0x030000
[    0.679850] pci 0000:00:12.0: reg 0x10: [mem 0x00000000-0x01ffffff pref]
[    0.680493] pci 0000:00:12.0: reg 0x14: [mem 0x00000000-0x00000fff]
[    0.681197] pci 0000:00:12.0: reg 0x30: [mem 0x00000000-0x0000ffff pref]
[    0.684262] vgaarb: device added: PCI:0000:00:12.0,decodes=io+mem,owns=none,locks=none
[    0.685619] pci 0000:00:13.0: [8086:100e] type 00 class 0x020000
[    0.686265] pci 0000:00:13.0: reg 0x10: [mem 0x00000000-0x0001ffff]
[    0.686845] pci 0000:00:13.0: reg 0x14: [io  0x0000-0x003f]
[    0.687496] pci 0000:00:13.0: reg 0x30: [mem 0x00000000-0x0003ffff pref]
[    0.690884] pci 0000:00:14.0: [8086:100e] type 00 class 0x020000
[    0.691520] pci 0000:00:14.0: reg 0x10: [mem 0x00000000-0x0001ffff]
[    0.692124] pci 0000:00:14.0: reg 0x14: [io  0x0000-0x003f]
[    0.692931] pci 0000:00:14.0: reg 0x30: [mem 0x00000000-0x0003ffff pref]
[    0.696310] pci 0000:00:15.0: [8086:100e] type 00 class 0x020000
[    0.697085] pci 0000:00:15.0: reg 0x10: [mem 0x00000000-0x0001ffff]
[    0.697672] pci 0000:00:15.0: reg 0x14: [io  0x0000-0x003f]
[    0.698321] pci 0000:00:15.0: reg 0x30: [mem 0x00000000-0x0003ffff pref]
[    0.701703] pci 0000:00:16.0: [8086:100e] type 00 class 0x020000
[    0.702342] pci 0000:00:16.0: reg 0x10: [mem 0x00000000-0x0001ffff]
[    0.702924] pci 0000:00:16.0: reg 0x14: [io  0x0000-0x003f]
[    0.703574] pci 0000:00:16.0: reg 0x30: [mem 0x00000000-0x0003ffff pref]
[    0.707280] pci_bus 0000:00: busn_res: [bus 00-ff] end is updated to 00
[    0.708899] pci 0000:00:12.0: BAR 0: assigned [mem 0x10000000-0x11ffffff pref]
[    0.709849] pci 0000:00:13.0: BAR 6: assigned [mem 0x12000000-0x1203ffff pref]
[    0.710570] pci 0000:00:14.0: BAR 6: assigned [mem 0x12040000-0x1207ffff pref]
[    0.711241] pci 0000:00:15.0: BAR 6: assigned [mem 0x12080000-0x120bffff pref]
[    0.711909] pci 0000:00:16.0: BAR 6: assigned [mem 0x120c0000-0x120fffff pref]
[    0.712569] pci 0000:00:13.0: BAR 0: assigned [mem 0x12100000-0x1211ffff]
[    0.713366] pci 0000:00:14.0: BAR 0: assigned [mem 0x12120000-0x1213ffff]
[    0.714028] pci 0000:00:15.0: BAR 0: assigned [mem 0x12140000-0x1215ffff]
[    0.714694] pci 0000:00:16.0: BAR 0: assigned [mem 0x12160000-0x1217ffff]
[    0.715365] pci 0000:00:12.0: BAR 6: assigned [mem 0x12180000-0x1218ffff pref]
[    0.716025] pci 0000:00:12.0: BAR 1: assigned [mem 0x12190000-0x12190fff]
[    0.716681] pci 0000:00:13.0: BAR 1: assigned [io  0x1040-0x107f]
[    0.717429] pci 0000:00:14.0: BAR 1: assigned [io  0x1080-0x10bf]
[    0.718035] pci 0000:00:15.0: BAR 1: assigned [io  0x10c0-0x10ff]
[    0.718653] pci 0000:00:16.0: BAR 1: assigned [io  0x1400-0x143f]
[    0.719261] pci 0000:00:0a.2: BAR 4: assigned [io  0x1440-0x145f]
[    0.719869] pci 0000:00:0a.1: BAR 4: assigned [io  0x1460-0x146f]
[    0.738900] cfg80211: Calling CRDA to update world regulatory domain
[    0.753679] Switched to clocksource MIPS
[    0.878685] NET: Registered protocol family 2
[    0.891957] TCP established hash table entries: 2048 (order: 1, 8192 bytes)
[    0.893175] TCP bind hash table entries: 2048 (order: 1, 8192 bytes)
[    0.894507] TCP: Hash tables configured (established 2048 bind 2048)
[    0.895646] UDP hash table entries: 256 (order: 0, 4096 bytes)
[    0.896386] UDP-Lite hash table entries: 256 (order: 0, 4096 bytes)
[    0.900718] NET: Registered protocol family 1
[    0.902667] PCI: Enabling device 0000:00:0a.2 (0000 -> 0001)
[    0.904300] PCI: CLS 0 bytes, default 16
[    0.939754] futex hash table entries: 256 (order: -1, 3072 bytes)
[    0.958069] squashfs: version 4.0 (2009/01/31) Phillip Lougher
[    0.960771] jffs2: version 2.2. (NAND) Â© 2001-2006 Red Hat, Inc.
[    0.964618] romfs: ROMFS MTD (C) 2007 Red Hat, Inc.
[    0.991222] Block layer SCSI generic (bsg) driver version 0.4 loaded (major 251)
[    0.991924] io scheduler noop registered
[    0.992692] io scheduler cfq registered (default)
[    0.993991] firmadyne: devfs: 1, execute: 1, procfs: 1, syscall: 1
[    1.000142] firmadyne: Cannot register character device: gpio, 0xfc, 0x0!
[    1.009460] firmadyne: Cannot register character device: watchdog, 0xa, 0x82!
[    1.010217] firmadyne: Cannot register character device: wdt, 0xfd, 0x0!
[    2.896982] strName = 4.1.17+
[    2.896982] init_task_addr  = 2155778944
[    2.896982] init_task_size  = 1296
[    2.896982] ts_tasks        = 292
[    2.896982] ts_pid          = 408
[    2.896982] ts_tgid         = 412
[    2.896982] ts_group_leader = 440
[    2.896982] ts_thread_group = 496
[    2.896982] ts_real_parent  = 416
[    2.896982] ts_mm           = 300
[    2.896982] ts_stack        = 4
[    2.899944] module_name   = 12
[    2.899944] module_size   = 208
[    2.899944] module_init   = 200
[    2.899944] module_list   = 4
[    2.900963] ts_real_cred    = 624
[    2.900963] ts_cred         = 628
[    2.900963] ts_comm         = 632
[    2.900963] cred_uid        = 4
[    2.900963] cred_gid        = 8
[    2.900963] cred_euid       = 20
[    2.900963] cred_egid       = 24
[    2.902893] mm_mmap         = 0
[    2.902893] mm_pgd          = 32
[    2.902893] mm_arg_start    = 136
[    2.902893] mm_start_brk    = 124
[    2.902893] mm_brk          = 128
[    2.902893] mm_start_stack  = 132
[    2.904345] vma_vm_start    = 0
[    2.904345] vma_vm_end      = 4
[    2.904345] vma_vm_next     = 8
[    2.904345] vma_vm_file     = 80
[    2.904345] vma_vm_flags    = 40
[    2.904345] vma_vm_pgoff    = 76
[    2.905948] file_dentry     = 12
[    2.905948] file_inode      = 40
[    2.905948] dentry_d_name   = 24
[    2.905948] dentry_d_iname  = 44
[    2.905948] dentry_d_parent = 16
[    2.905948] ti_task         = 0
[    2.905948] inode_ino   = 28
[    4.087332] proc_fork_connector  = 2151078840
[    4.087727] proc_exit_connector  = 2151080432
[    4.088073] proc_exec_connector  = 2151079052
[    4.088408] vma_link  = 2149124372
[    4.088697] vma_adjust  = 2149124540
[    4.088994] remove_vma  = 2149122188
[    4.089301] modules  = 2155833724
[    4.089759] trim_init_extable  = 2150545316
[    4.091193] cfg80211: Calling CRDA to update world regulatory domain
[    4.095010] PCI: Enabling device 0000:00:12.0 (0000 -> 0002)
[    4.096511] cirrusfb 0000:00:12.0: Cirrus Logic chipset on PCI bus, RAM (4096 kB) at 0x10000000
[    4.343074] Console: switching to colour frame buffer device 80x30
[    4.420957] Serial: 8250/16550 driver, 4 ports, IRQ sharing enabled
[    4.437114] console [ttyS0] disabled
[    4.464415] serial8250.0: ttyS0 at I/O 0x3f8 (irq = 4, base_baud = 115200) is a 16550A
[    4.465829] console [ttyS0] enabled
[    4.465829] console [ttyS0] enabled
[    4.466498] bootconsole [uart0] disabled
[    4.466498] bootconsole [uart0] disabled
[    4.497823] serial8250.0: ttyS1 at I/O 0x2f8 (irq = 3, base_baud = 115200) is a 16550A
[    4.633537] brd: module loaded
[    4.708823] loop: module loaded
[    4.716445] ata_piix 0000:00:0a.1: version 2.13
[    4.717113] PCI: Enabling device 0000:00:0a.1 (0000 -> 0001)
[    4.747078] scsi host0: ata_piix
[    4.753400] scsi host1: ata_piix
[    4.757977] ata1: PATA max UDMA/33 cmd 0x1f0 ctl 0x3f6 bmdma 0x1460 irq 14
[    4.758585] ata2: PATA max UDMA/33 cmd 0x170 ctl 0x376 bmdma 0x1468 irq 15
[    4.766420] [nandsim] warning: read_byte: unexpected data output cycle, state is STATE_READY return 0x0
[    4.767091] [nandsim] warning: read_byte: unexpected data output cycle, state is STATE_READY return 0x0
[    4.767739] [nandsim] warning: read_byte: unexpected data output cycle, state is STATE_READY return 0x0
[    4.768393] [nandsim] warning: read_byte: unexpected data output cycle, state is STATE_READY return 0x0
[    4.769030] [nandsim] warning: read_byte: unexpected data output cycle, state is STATE_READY return 0x0
[    4.769841] [nandsim] warning: read_byte: unexpected data output cycle, state is STATE_READY return 0x0
[    4.770696] nand: device found, Manufacturer ID: 0x98, Chip ID: 0x39
[    4.771185] nand: Toshiba NAND 128MiB 1,8V 8-bit
[    4.771634] nand: 128 MiB, SLC, erase size: 16 KiB, page size: 512, OOB size: 16
[    4.773472] flash size: 128 MiB
[    4.773964] page size: 512 bytes
[    4.774284] OOB area size: 16 bytes
[    4.774591] sector size: 16 KiB
[    4.774879] pages number: 262144
[    4.775177] pages per sector: 32
[    4.775464] bus width: 8
[    4.775720] bits in sector size: 14
[    4.776022] bits in page size: 9
[    4.776323] bits in OOB size: 4
[    4.776618] flash size with OOB: 135168 KiB
[    4.776952] page address bytes: 4
[    4.777253] sector address bytes: 3
[    4.777711] options: 0x42
[    4.872781] Scanning device for bad blocks
[    6.256270] ata2.01: NODEV after polling detection
[    6.257088] ata1.01: NODEV after polling detection
[    6.259912] ata2.00: ATAPI: QEMU DVD-ROM, 2.5+, max UDMA/100
[    6.262668] ata1.00: ATA-7: QEMU HARDDISK, 2.5+, max UDMA/100
[    6.263214] ata1.00: 2097152 sectors, multi 16: LBA48 
[    6.269265] ata2.00: configured for UDMA/33
[    6.271757] ata1.00: configured for UDMA/33
[    6.281857] scsi 0:0:0:0: Direct-Access     ATA      QEMU HARDDISK    2.5+ PQ: 0 ANSI: 5
[    6.300751] sd 0:0:0:0: [sda] 2097152 512-byte logical blocks: (1.07 GB/1.00 GiB)
[    6.303135] scsi 1:0:0:0: CD-ROM            QEMU     QEMU DVD-ROM     2.5+ PQ: 0 ANSI: 5
[    6.317469] sd 0:0:0:0: [sda] Write Protect is off
[    6.318294] sd 0:0:0:0: [sda] Mode Sense: 00 3a 00 00
[    6.320091] sd 0:0:0:0: [sda] Write cache: enabled, read cache: enabled, doesn't support DPO or FUA
[    6.333074]  sda: sda1
[    6.347277] sd 0:0:0:0: [sda] Attached SCSI disk
[    6.347909] Creating 11 MTD partitions on "NAND 128MiB 1,8V 8-bit":
[    6.348639] 0x000000000000-0x000000100000 : "NAND simulator partition 0"
[    6.361346] 0x000000100000-0x000000200000 : "NAND simulator partition 1"
[    6.373380] 0x000000200000-0x000000300000 : "NAND simulator partition 2"
[    6.385881] 0x000000300000-0x000000400000 : "NAND simulator partition 3"
[    6.398303] 0x000000400000-0x000000500000 : "NAND simulator partition 4"
[    6.410760] 0x000000500000-0x000000600000 : "NAND simulator partition 5"
[    6.423469] 0x000000600000-0x000000700000 : "NAND simulator partition 6"
[    6.436585] 0x000000700000-0x000000800000 : "NAND simulator partition 7"
[    6.449438] 0x000000800000-0x000000900000 : "NAND simulator partition 8"
[    6.461451] 0x000000900000-0x000000a00000 : "NAND simulator partition 9"
[    6.473881] 0x000000a00000-0x000008000000 : "NAND simulator partition 10"
[    6.526812] tun: Universal TUN/TAP device driver, 1.6
[    6.527243] tun: (C) 1999-2004 Max Krasnyansky <maxk@qualcomm.com>
[    6.531470] pcnet32: pcnet32.c:v1.35 21.Apr.2008 tsbogend@alpha.franken.de
[    6.532953] e1000: Intel(R) PRO/1000 Network Driver - version 7.3.21-k8-NAPI
[    6.533468] e1000: Copyright (c) 1999-2006 Intel Corporation.
[    6.534784] PCI: Enabling device 0000:00:13.0 (0000 -> 0003)
[    6.854099] e1000 0000:00:13.0 eth0: (PCI:33MHz:32-bit) 52:54:00:12:34:56
[    6.855052] e1000 0000:00:13.0 eth0: Intel(R) PRO/1000 Network Connection
[    6.855971] PCI: Enabling device 0000:00:14.0 (0000 -> 0003)
[    7.179988] e1000 0000:00:14.0 eth1: (PCI:33MHz:32-bit) 52:54:00:12:34:57
[    7.180691] e1000 0000:00:14.0 eth1: Intel(R) PRO/1000 Network Connection
[    7.181617] PCI: Enabling device 0000:00:15.0 (0000 -> 0003)
[    7.450319] cfg80211: Calling CRDA to update world regulatory domain
[    7.500663] e1000 0000:00:15.0 eth2: (PCI:33MHz:32-bit) 52:54:00:12:34:58
[    7.501313] e1000 0000:00:15.0 eth2: Intel(R) PRO/1000 Network Connection
[    7.502352] PCI: Enabling device 0000:00:16.0 (0000 -> 0003)
[    7.819598] e1000 0000:00:16.0 eth3: (PCI:33MHz:32-bit) 52:54:00:12:34:59
[    7.820283] e1000 0000:00:16.0 eth3: Intel(R) PRO/1000 Network Connection
[    7.822218] e1000e: Intel(R) PRO/1000 Network Driver - 2.3.2-k
[    7.822691] e1000e: Copyright(c) 1999 - 2014 Intel Corporation.
[    7.828325] PPP generic driver version 2.4.2
[    7.831135] PPP Deflate Compression module registered
[    7.831933] PPP MPPE Compression module registered
[    7.832443] NET: Registered protocol family 24
[    7.833336] ehci_hcd: USB 2.0 'Enhanced' Host Controller (EHCI) Driver
[    7.834153] ehci-pci: EHCI PCI platform driver
[    7.835580] ohci_hcd: USB 1.1 'Open' Host Controller (OHCI) Driver
[    7.836173] ohci-pci: OHCI PCI platform driver
[    7.837569] uhci_hcd: USB Universal Host Controller Interface driver
[    7.839689] uhci_hcd 0000:00:0a.2: UHCI Host Controller
[    7.840636] uhci_hcd 0000:00:0a.2: new USB bus registered, assigned bus number 1
[    7.842085] uhci_hcd 0000:00:0a.2: irq 11, io base 0x00001440
[    7.855978] hub 1-0:1.0: USB hub found
[    7.856905] hub 1-0:1.0: 2 ports detected
[    7.868932] usbcore: registered new interface driver usb-storage
[    7.874417] mousedev: PS/2 mouse device common for all mice
[    7.882369] rtc_cmos rtc_cmos: rtc core: registered rtc_cmos as rtc0
[    7.883280] rtc_cmos rtc_cmos: alarms up to one day, 242 bytes nvram
[    7.885043] i2c /dev entries driver
[    7.886717] piix4_smbus 0000:00:0a.3: SMBus Host Controller at 0x1100, revision 0
[    7.892586] sdhci: Secure Digital Host Controller Interface driver
[    7.893051] sdhci: Copyright(c) Pierre Ossman
[    7.896110] hidraw: raw HID events driver (C) Jiri Kosina
[    7.920022] usbcore: registered new interface driver usbhid
[    7.920463] usbhid: USB HID core driver
[    7.921940] Netfilter messages via NETLINK v0.30.
[    7.923577] nf_conntrack version 0.5.0 (3923 buckets, 15692 max)
[    7.927697] ctnetlink v0.93: registering with nfnetlink.
[    7.934939] ipip: IPv4 over IPv4 tunneling driver
[    7.950367] ip_tables: (C) 2000-2006 Netfilter Core Team
[    7.953955] arp_tables: (C) 2002 David S. Miller
[    7.956210] Initializing XFRM netlink socket
[    7.957813] NET: Registered protocol family 10
[    7.985997] ip6_tables: (C) 2000-2006 Netfilter Core Team
[    7.990672] sit: IPv6 over IPv4 tunneling driver
[    8.012482] NET: Registered protocol family 17
[    8.013796] bridge: automatic filtering via arp/ip/ip6tables has been deprecated. Update your scripts to load br_netfilter if you need this.
[    8.015132] Bridge firewalling registered
[    8.015643] Ebtables v2.0 registered
[    8.018488] 8021q: 802.1Q VLAN Support v1.8
[    8.045292] rtc_cmos rtc_cmos: setting system clock to 2025-07-28 01:24:56 UTC (1753665896)
[    8.071493] EXT2-fs (sda1): warning: mounting unchecked fs, running e2fsck is recommended
[    8.074079] VFS: Mounted root (ext2 filesystem) on device 8:1.
[    8.085272] Freeing YAMON memory: 956k freed
[    8.098852] Freeing unused kernel memory: 260K (8081f000 - 80860000)
[    8.209649] firmadyne: sys_reboot[PID: 48 (init)]: magic1:fee1dead, magic2:28121969, cmd:0
init started:  BusyBox v1.00 (2009.03.06-06:20+0000) multi-call binary
init started:  BusyBox v1.00 (2009.03.06-06:20+0000) multi-call binary
Starting pid 50, console /dev/ttyS0: '/usr/etc/rcS'
[    8.350187] spurious 8259A interrupt: IRQ7.
[    8.511033] firmadyne: do_execve: /firmadyne/console
[    8.511773] OFFSETS: offset of pid: 0x198 offset of comm: 0x278
[   10.594103] cfg80211: Calling CRDA to update world regulatory domain
insmod: cannot open module `/lib/modules/vnet.ko': No such file or directory
[   12.958364] random: nonblocking pool is initialized
[   12.992583] firmadyne: ioctl: 0x1
insmod finish
BcmAtm_Initialize: open error 6
/usr/sbin/atmctl: ATM driver return code, state error
BcmAdsl : open error 6
/usr/sbin/adslctl: BcmAdsl_Initialize error
BcmAdsl : open error 6
/usr/sbin/adslctl->ConnectionHandler: BcmAdsl_ConnectionStart error
BcmAtm_Initialize: open error 6
ATM Operation Failed , 2 
/usr/sbin/atmctl: ATM driver return code, state error
[   13.433363] firmadyne: sys_socket[PID: 103 (brctl)]: family:2, type:2, protocol:0
[   13.507134] firmadyne: sys_socket[PID: 104 (brctl)]: family:2, type:2, protocol:0
[   13.565678] firmadyne: sys_socket[PID: 105 (ifconfig)]: family:2, type:1, protocol:0
[   13.580539] IPv6: ADDRCONF(NETDEV_UP): eth0: link is not ready
[   13.581220] 8021q: adding VLAN 0 to HW filter on device eth0
[   13.587320] e1000: eth0 NIC Link is Up 1000 Mbps Full Duplex, Flow Control: RX
[   13.589402] IPv6: ADDRCONF(NETDEV_CHANGE): eth0: link becomes ready
[   13.649299] firmadyne: sys_socket[PID: 106 (brctl)]: family:2, type:2, protocol:0
[   13.651581] firmadyne: sys_socket[PID: 106 (brctl)]: family:10, type:1, protocol:0
[   13.654052] firmadyne: br_add_if[PID: 106 (brctl)]: br:br0 dev:eth0
[   13.660463] device eth0 entered promiscuous mode
[   13.723598] firmadyne: sys_socket[PID: 107 (ifconfig)]: family:2, type:1, protocol:0
[   13.736389] IPv6: ADDRCONF(NETDEV_UP): eth1: link is not ready
[   13.737055] 8021q: adding VLAN 0 to HW filter on device eth1
[   13.743825] e1000: eth1 NIC Link is Up 1000 Mbps Full Duplex, Flow Control: RX
[   13.745083] cfg80211: Calling CRDA to update world regulatory domain
[   13.746656] IPv6: ADDRCONF(NETDEV_CHANGE): eth1: link becomes ready
[   13.801306] firmadyne: sys_socket[PID: 108 (brctl)]: family:2, type:2, protocol:0
[   13.803102] firmadyne: sys_socket[PID: 108 (brctl)]: family:10, type:1, protocol:0
[   13.804931] firmadyne: br_add_if[PID: 108 (brctl)]: br:br0 dev:eth1
[   13.810892] device eth1 entered promiscuous mode
[   13.934289] firmadyne: sys_socket[PID: 110 (ifconfig)]: family:2, type:1, protocol:0
[   13.937285] firmadyne: __inet_insert_ifa[PID: 110 (ifconfig)]: device:lo ifa:0x7f000001
[   13.941271] firmadyne: __inet_insert_ifa[PID: 110 (ifconfig)]: device:lo ifa:0x7f000001
[   14.007441] firmadyne: sys_socket[PID: 111 (route)]: family:2, type:1, protocol:0
[   14.319300] firmadyne: sys_socket[PID: 114 (klogd)]: family:1, type:1, protocol:0
[   14.321399] firmadyne: sys_socket[PID: 114 (klogd)]: family:1, type:2, protocol:0
[   14.329460] firmadyne: sys_socket[PID: 114 (klogd)]: family:1, type:1, protocol:0
[   14.338503] firmadyne: sys_socket[PID: 114 (klogd)]: family:1, type:2, protocol:0
[   14.341426] firmadyne: sys_socket[PID: 114 (klogd)]: family:1, type:1, protocol:0
[   14.347839] firmadyne: sys_socket[PID: 114 (klogd)]: family:1, type:2, protocol:0
[   14.357621] firmadyne: sys_socket[PID: 114 (klogd)]: family:1, type:1, protocol:0
[   14.359317] firmadyne: sys_socket[PID: 114 (klogd)]: family:1, type:2, protocol:0
[   14.366801] firmadyne: sys_socket[PID: 114 (klogd)]: family:1, type:1, protocol:0
[   14.368260] firmadyne: sys_socket[PID: 114 (klogd)]: family:1, type:2, protocol:0
[   14.378951] firmadyne: sys_socket[PID: 114 (klogd)]: family:1, type:1, protocol:0
[   14.380430] firmadyne: sys_socket[PID: 114 (klogd)]: family:1, type:2, protocol:0
[   14.387739] firmadyne: sys_socket[PID: 114 (klogd)]: family:1, type:1, protocol:0
[   14.389187] firmadyne: sys_socket[PID: 114 (klogd)]: family:1, type:2, protocol:0
[   14.395953] firmadyne: sys_socket[PID: 114 (klogd)]: family:1, type:1, protocol:0
[   14.397366] firmadyne: sys_socket[PID: 114 (klogd)]: family:1, type:2, protocol:0
[   14.407903] firmadyne: sys_socket[PID: 114 (klogd)]: family:1, type:1, protocol:0
[   14.409328] firmadyne: sys_socket[PID: 114 (klogd)]: family:1, type:2, protocol:0
[   14.415950] firmadyne: sys_socket[PID: 114 (klogd)]: family:1, type:1, protocol:0
[   14.417369] firmadyne: sys_socket[PID: 114 (klogd)]: family:1, type:2, protocol:0
[   14.424091] firmadyne: sys_socket[PID: 114 (klogd)]: family:1, type:1, protocol:0
[   14.425509] firmadyne: sys_socket[PID: 114 (klogd)]: family:1, type:2, protocol:0
nvram_init: Initializing NVRAM...
sem_get: Key: [   14.435957] firmadyne: sys_socket[PID: 114 (klogd)]: family:1, type:1, protocol:0
[   14.437372] firmadyne: sys_socket[PID: 114 (klogd)]: family:1, type:2, protocol:0
41012003
[   14.447981] firmadyne: sys_socket[PID: 114 (klogd)]: family:1, type:1, protocol:0
[   14.449430] firmadyne: sys_socket[PID: 114 (klogd)]: family:1, type:2, protocol:0
[   14.452834] firmadyne: sys_socket[PID: 114 (klogd)]: family:1, type:1, protocol:0
[   14.454465] firmadyne: sys_socket[PID: 114 (klogd)]: family:1, type:2, protocol:0
[   14.457281] firmadyne: sys_socket[PID: 114 (klogd)]: family:1, type:1, protocol:0
sem_get: Key: 410f00a8
nvram_set_default_builtin: Setting built-in default values!
nvram_set: console_loglevel = "7"
[   14.470518] firmadyne: sys_socket[PID: 114 (klogd)]: family:1, type:2, protocol:0
[   14.473483] firmadyne: sys_socket[PID: 114 (klogd)]: family:1, type:1, protocol:0
sem_get: Key: 410f00a8
sem_get: Key: 410f00a8
[   14.482500] firmadyne: sys_socket[PID: 114 (klogd)]: family:1, type:2, protocol:0
[   14.485375] firmadyne: sys_socket[PID: 114 (klogd)]: family:1, type:1, protocol:0
[   14.487286] firmadyne: sys_socket[PID: 114 (klogd)]: family:1, type:2, protocol:0
nvram_set: restore_defaults = "1"
sem_get[   14.494607] firmadyne: sys_socket[PID: 114 (klogd)]: family:1, type:1, protocol:0
[   14.496064] firmadyne: sys_socket[PID: 114 (klogd)]: family:1, type:2, protocol:0
: Key: 410f00a8
sem_get: Key: 410f00a8
nvram_set[   14.507167] firmadyne: sys_socket[PID: 114 (klogd)]: family:1, type:1, protocol:0
[   14.508682] firmadyne: sys_socket[PID: 114 (klogd)]: family:1, type:2, protocol:0
[   14.512160] firmadyne: sys_socket[PID: 114 (klogd)]: family:1, type:1, protocol:0
[   14.513589] firmadyne: sys_socket[PID: 114 (klogd)]: family:1, type:2, protocol:0
: sku_name = ""
sem_get: Key: 410f00a8
sem_get: Key: 410f00a8
[   14.523933] firmadyne: sys_socket[PID: 114 (klogd)]: family:1, type:1, protocol:0
[   14.525351] firmadyne: sys_socket[PID: 114 (klogd)]: family:1, type:2, protocol:0
nvram_set: wla_wlanstate = ""
[   14.532149] firmadyne: sys_socket[PID: 114 (klogd)]: family:1, type:1, protocol:0
[   14.533588] firmadyne: sys_socket[PID: 114 (klogd)]: family:1, type:2, protocol:0
sem_get: Key: 410f00a8
sem_get: Key: 410f00a8
nvram_set: [   14.544197] firmadyne: sys_socket[PID: 114 (klogd)]: family:1, type:1, protocol:0
[   14.545645] firmadyne: sys_socket[PID: 114 (klogd)]: family:1, type:2, protocol:0
lan_if = "br0"
sem_get: Key: 410f00a8
sem_get: Key: 410f00a8
[   14.556049] firmadyne: sys_socket[PID: 114 (klogd)]: family:1, type:1, protocol:0
[   14.557466] firmadyne: sys_socket[PID: 114 (klogd)]: family:1, type:2, protocol:0
[   14.560801] firmadyne: sys_socket[PID: 114 (klogd)]: family:1, type:1, protocol:0
[   14.562492] firmadyne: sys_socket[PID: 114 (klogd)]: family:1, type:2, protocol:0
[   14.565253] firmadyne: sys_socket[PID: 114 (klogd)]: family:1, type:1, protocol:0
nvram_set: lan_ipaddr = "192.168.0.50"
sem_get: Key: 410f00a8
[   14.574614] firmadyne: sys_socket[PID: 114 (klogd)]: family:1, type:2, protocol:0
[   14.577466] firmadyne: sys_socket[PID: 114 (klogd)]: family:1, type:1, protocol:0
sem_get: Key: 410f00a8
nvram_set: lan_bipaddr = "192.168.0.255"
sem_get[   14.586913] firmadyne: sys_socket[PID: 114 (klogd)]: family:1, type:2, protocol:0
[   14.590120] firmadyne: sys_socket[PID: 114 (klogd)]: family:1, type:1, protocol:0
[   14.591531] firmadyne: sys_socket[PID: 114 (klogd)]: family:1, type:2, protocol:0
: Key: 410f00a8
sem_get: Key: 410f00a8
[   14.599176] firmadyne: sys_socket[PID: 114 (klogd)]: family:1, type:1, protocol:0
[   14.600634] firmadyne: sys_socket[PID: 114 (klogd)]: family:1, type:2, protocol:0
nvram_set: lan_netmask = "255.255.255.0"
[   14.608181] firmadyne: sys_socket[PID: 114 (klogd)]: family:1, type:1, protocol:0
[   14.609669] firmadyne: sys_socket[PID: 114 (klogd)]: family:1, type:2, protocol:0
sem_get: Key: 410f00a8
sem_get: Key: 410f00a8
nvram_set[   14.620216] firmadyne: sys_socket[PID: 114 (klogd)]: family:1, type:1, protocol:0
[   14.621662] firmadyne: sys_socket[PID: 114 (klogd)]: family:1, type:2, protocol:0
: time_zone = "PST8PDT"
sem_get: Key: 410f00a8
sem_get: Key: 410f00a8
[   14.632207] firmadyne: sys_socket[PID: 114 (klogd)]: family:1, type:1, protocol:0
[   14.633651] firmadyne: sys_socket[PID: 114 (klogd)]: family:1, type:2, protocol:0
[   14.636871] firmadyne: sys_socket[PID: 114 (klogd)]: family:1, type:1, protocol:0
[   14.638494] firmadyne: sys_socket[PID: 114 (klogd)]: family:1, type:2, protocol:0
[   14.641239] firmadyne: sys_socket[PID: 114 (klogd)]: family:1, type:1, protocol:0
nvram_set: wan_hwaddr_def = "01:23:45:67:89:ab"
sem_get: Key: 410f00a8
[   14.650662] firmadyne: sys_socket[PID: 114 (klogd)]: family:1, type:2, protocol:0
[   14.653456] firmadyne: sys_socket[PID: 114 (klogd)]: family:1, type:1, protocol:0
sem_get: Key: 410f00a8
nvram_set: wan_ifname = "eth0"
sem_get: Key: [   14.662457] firmadyne: sys_socket[PID: 114 (klogd)]: family:1, type:2, protocol:0
[   14.665258] firmadyne: sys_socket[PID: 114 (klogd)]: family:1, type:1, protocol:0
410f00a8
sem_get: Key: 410f00a8[   14.670872] firmadyne: sys_socket[PID: 114 (klogd)]: family:1, type:2, protocol:0
[   14.673696] firmadyne: sys_socket[PID: 114 (klogd)]: family:1, type:1, protocol:0

nvram_set: lan_ifnames = "eth1 eth2 eth3 eth4"
sem_get: Key: 410f00a8
[   14.682851] firmadyne: sys_socket[PID: 114 (klogd)]: family:1, type:2, protocol:0
[   14.685671] firmadyne: sys_socket[PID: 114 (klogd)]: family:1, type:1, protocol:0
[   14.687516] firmadyne: sys_socket[PID: 114 (klogd)]: family:1, type:2, protocol:0
[   14.690533] firmadyne: sys_socket[PID: 114 (klogd)]: family:1, type:1, protocol:0
[   14.691949] firmadyne: sys_socket[PID: 114 (klogd)]: family:1, type:2, protocol:0
sem_get: Key: 410f00a8
nvram_set: ethConver = "1"
sem_get: Key: 410f00a8
sem_get: Key: [   14.707179] firmadyne: sys_socket[PID: 114 (klogd)]: family:1, type:1, protocol:0
[   14.708646] firmadyne: sys_socket[PID: 114 (klogd)]: family:1, type:2, protocol:0
[   14.711981] firmadyne: sys_socket[PID: 114 (klogd)]: family:1, type:1, protocol:0
[   14.713384] firmadyne: sys_socket[PID: 114 (klogd)]: family:1, type:2, protocol:0
410f00a8
nvram_set: lan_proto = "dhcp"
sem_get: Key: 410f00a8
[   14.724164] firmadyne: sys_socket[PID: 114 (klogd)]: family:1, type:1, protocol:0
[   14.725601] firmadyne: sys_socket[PID: 114 (klogd)]: family:1, type:2, protocol:0
sem_get: Key: 410f00a8
nvram_set: wan_ipaddr = "0.0.0.0"
[   14.735836] firmadyne: sys_socket[PID: 114 (klogd)]: family:1, type:1, protocol:0
[   14.737253] firmadyne: sys_socket[PID: 114 (klogd)]: family:1, type:2, protocol:0
[   14.740555] firmadyne: sys_socket[PID: 114 (klogd)]: family:1, type:1, protocol:0
sem_get: Key: 410f00a8
sem_get: Key: [   14.746738] firmadyne: sys_socket[PID: 114 (klogd)]: family:1, type:2, protocol:0
410f00a8
nvram_set: [   14.754850] firmadyne: sys_socket[PID: 114 (klogd)]: family:1, type:1, protocol:0
[   14.756735] firmadyne: sys_socket[PID: 114 (klogd)]: family:1, type:2, protocol:0
wan_netmask = "255.255.255.0"
sem_get[   14.764167] firmadyne: sys_socket[PID: 114 (klogd)]: family:1, type:1, protocol:0
[   14.765648] firmadyne: sys_socket[PID: 114 (klogd)]: family:1, type:2, protocol:0
: Key: 410f00a8
sem_get: Key: 410f00a8
nvram_set: wanif[   14.776124] firmadyne: sys_socket[PID: 114 (klogd)]: family:1, type:1, protocol:0
[   14.777601] firmadyne: sys_socket[PID: 114 (klogd)]: family:1, type:2, protocol:0
 = "eth0"
sem_get: Key: 410f00a8
sem_get: Key: 410f00a8
[   14.787867] firmadyne: sys_socket[PID: 114 (klogd)]: family:1, type:1, protocol:0
[   14.789281] firmadyne: sys_socket[PID: 114 (klogd)]: family:1, type:2, protocol:0
[   14.792516] firmadyne: sys_socket[PID: 114 (klogd)]: family:1, type:1, protocol:0
nvram_set: time_zone_x = "0"
sem_get[   14.798491] firmadyne: sys_socket[PID: 114 (klogd)]: family:1, type:2, protocol:0
[   14.801309] firmadyne: sys_socket[PID: 114 (klogd)]: family:1, type:1, protocol:0
: Key: 410f00a8
sem_get[   14.806604] firmadyne: sys_socket[PID: 114 (klogd)]: family:1, type:2, protocol:0
[   14.809398] firmadyne: sys_socket[PID: 114 (klogd)]: family:1, type:1, protocol:0
: Key: 410f00a8
nvram_set[   14.814633] firmadyne: sys_socket[PID: 114 (klogd)]: family:1, type:2, protocol:0
[   14.817425] firmadyne: sys_socket[PID: 114 (klogd)]: family:1, type:1, protocol:0
: rip_multicast = "0"
sem_get: Key: 410f00a8
sem_get: Key: 410f00a8
[   14.826867] firmadyne: sys_socket[PID: 114 (klogd)]: family:1, type:2, protocol:0
[   14.829686] firmadyne: sys_socket[PID: 114 (klogd)]: family:1, type:1, protocol:0
nvram_set: bs_trustedip_enable = "0"
sem_get: Key: 410f00a8
[   14.838530] firmadyne: sys_socket[PID: 114 (klogd)]: family:1, type:2, protocol:0
[   14.841322] firmadyne: sys_socket[PID: 114 (klogd)]: family:1, type:1, protocol:0
[   14.843761] firmadyne: sys_socket[PID: 114 (klogd)]: family:1, type:2, protocol:0
[   14.846781] firmadyne: sys_socket[PID: 114 (klogd)]: family:1, type:1, protocol:0
[   14.848188] firmadyne: sys_socket[PID: 114 (klogd)]: family:1, type:2, protocol:0
sem_get: Key: 410f00a8
nvram_set: et0macaddr = "01:23:45:67:89:ab"
sem_get: Key: 410f00a8[   14.859232] firmadyne: sys_socket[PID: 114 (klogd)]: family:1, type:1, protocol:0
[   14.860675] firmadyne: sys_socket[PID: 114 (klogd)]: family:1, type:2, protocol:0

sem_get: Key: 410f00a8
[   14.867782] firmadyne: sys_socket[PID: 114 (klogd)]: family:1, type:1, protocol:0
[   14.869197] firmadyne: sys_socket[PID: 114 (klogd)]: family:1, type:2, protocol:0
nvram_set: filter_rule_tbl = ""
[   14.876288] firmadyne: sys_socket[PID: 114 (klogd)]: family:1, type:1, protocol:0
[   14.877736] firmadyne: sys_socket[PID: 114 (klogd)]: family:1, type:2, protocol:0
sem_get: Key: 410f00a8
sem_get: Key: 410f00a8
nvram_set: [   14.888243] firmadyne: sys_socket[PID: 114 (klogd)]: family:1, type:1, protocol:0
[   14.889687] firmadyne: sys_socket[PID: 114 (klogd)]: family:1, type:2, protocol:0
pppoe2_schedule_config = "127:0:0:23:59"
sem_get: Key: 410f00a8
sem_get: Key: 410f00a8
[   14.901458] firmadyne: sys_socket[PID: 114 (klogd)]: family:1, type:1, protocol:0
[   14.903213] firmadyne: sys_socket[PID: 114 (klogd)]: family:1, type:2, protocol:0
nvram_set: schedule_config = "127:0:0:23:59"
[   14.910679] firmadyne: sys_socket[PID: 114 (klogd)]: family:1, type:1, protocol:0
[   14.912148] firmadyne: sys_socket[PID: 114 (klogd)]: family:1, type:2, protocol:0
[   14.915412] firmadyne: sys_socket[PID: 114 (klogd)]: family:1, type:1, protocol:0
[   14.916832] firmadyne: sys_socket[PID: 114 (klogd)]: family:1, type:2, protocol:0
sem_get: Key: 410f00a8
sem_get[   14.924128] firmadyne: sys_socket[PID: 114 (klogd)]: family:1, type:1, protocol:0
[   14.925577] firmadyne: sys_socket[PID: 114 (klogd)]: family:1, type:2, protocol:0
: Key: 410f00a8
nvram_set: access_control_mode = "0"
sem_get: Key: 410f00a8
[   14.936199] firmadyne: sys_socket[PID: 114 (klogd)]: family:1, type:1, protocol:0
[   14.937648] firmadyne: sys_socket[PID: 114 (klogd)]: family:1, type:2, protocol:0
sem_get: Key: 410f00a8
nvram_set: fwpt_df_count = "0"
[   14.948433] firmadyne: sys_socket[PID: 114 (klogd)]: family:1, type:1, protocol:0
[   14.950400] firmadyne: sys_socket[PID: 114 (klogd)]: family:1, type:2, protocol:0
[   14.953191] firmadyne: sys_socket[PID: 114 (klogd)]: family:1, type:1, protocol:0
sem_get: Key: 410f00a8
[   14.958712] firmadyne: sys_socket[PID: 114 (klogd)]: family:1, type:2, protocol:0
[   14.961539] firmadyne: sys_socket[PID: 114 (klogd)]: family:1, type:1, protocol:0
sem_get: Key: 410f00a8
nvram_set: static_if_status = "1"
sem_get: Key: 410f00a8[   14.970748] firmadyne: sys_socket[PID: 114 (klogd)]: family:1, type:2, protocol:0
[   14.973570] firmadyne: sys_socket[PID: 114 (klogd)]: family:1, type:1, protocol:0

sem_get: Key: 410f00a8
nvram_set: www_relocation = ""
[   14.983020] firmadyne: sys_socket[PID: 114 (klogd)]: family:1, type:2, protocol:0
[   14.986264] firmadyne: sys_socket[PID: 114 (klogd)]: family:1, type:1, protocol:0
[   14.987683] firmadyne: sys_socket[PID: 114 (klogd)]: family:1, type:2, protocol:0
sem_get: Key: 410f00a8
sem_get: Key: [   14.994916] firmadyne: sys_socket[PID: 114 (klogd)]: family:1, type:1, protocol:0
[   14.996374] firmadyne: sys_socket[PID: 114 (klogd)]: family:1, type:2, protocol:0
410f00a8
nvram_set: usb_info_dev0[   15.003854] firmadyne: sys_socket[PID: 114 (klogd)]: family:1, type:1, protocol:0
[   15.005337] firmadyne: sys_socket[PID: 114 (klogd)]: family:1, type:2, protocol:0
 = "A200396E0402FF83@1@14.4G@U@1@USB_Storage;U:;0;0@"
sem_get: Key: 410f00a8[   15.012134] firmadyne: sys_socket[PID: 114 (klogd)]: family:1, type:1, protocol:0
[   15.013574] firmadyne: sys_socket[PID: 114 (klogd)]: family:1, type:2, protocol:0

sem_get: Key: 410f00a8
nvram_set: usb_info_dev1 = "[   15.023973] firmadyne: sys_socket[PID: 114 (klogd)]: family:1, type:1, protocol:0
[   15.025410] firmadyne: sys_socket[PID: 114 (klogd)]: family:1, type:2, protocol:0
[   15.028792] firmadyne: sys_socket[PID: 114 (klogd)]: family:1, type:1, protocol:0
[   15.030567] firmadyne: sys_socket[PID: 114 (klogd)]: family:1, type:2, protocol:0
[   15.033357] firmadyne: sys_socket[PID: 114 (klogd)]: family:1, type:1, protocol:0
A200396E0402FF83@1@14.4G@U@1@USB_Storage;U:;0;0@"
sem_get: Key: 410f00a8
sem_get: Key: 410f00a8
nvram_set: usb_info_dev2 = "A200396E0402FF83@1@14.4G@U@1@USB_Storage;U:;0;0@"
[   15.046520] firmadyne: sys_socket[PID: 114 (klogd)]: family:1, type:2, protocol:0
[   15.049331] firmadyne: sys_socket[PID: 114 (klogd)]: family:1, type:1, protocol:0
sem_get: Key: 410f00a8
[   15.054568] firmadyne: sys_socket[PID: 114 (klogd)]: family:1, type:2, protocol:0
[   15.057385] firmadyne: sys_socket[PID: 114 (klogd)]: family:1, type:1, protocol:0
sem_get: Key: 410f00a8
[   15.062490] firmadyne: sys_socket[PID: 114 (klogd)]: family:1, type:2, protocol:0
[   15.065301] firmadyne: sys_socket[PID: 114 (klogd)]: family:1, type:1, protocol:0
nvram_set: usb_info_dev3 = "A200396E0402FF83@1@14.4G@U@1@USB_Storage;U:;0;0@"
sem_get: Key: 410f00a8
sem_get[   15.074875] firmadyne: sys_socket[PID: 114 (klogd)]: family:1, type:2, protocol:0
[   15.077721] firmadyne: sys_socket[PID: 114 (klogd)]: family:1, type:1, protocol:0
: Key: 410f00a8
nvram_set: usb_info_dev4 = "A200396E0402FF83@1@14.4G@U@1@USB_Storage;U:;0;0@"
sem_get: Key: [   15.086606] firmadyne: sys_socket[PID: 114 (klogd)]: family:1, type:2, protocol:0
410f00a8
sem_get: Key: 410f00a8
nvram_set: usb_info_dev5 = "A200396E0402FF83@1@14.4G@U@1@USB_Storage;U:;0;0@[   15.110580] firmadyne: sys_socket[PID: 114 (klogd)]: family:1, type:1, protocol:0
[   15.112057] firmadyne: sys_socket[PID: 114 (klogd)]: family:1, type:2, protocol:0
"
sem_get: Key: 410f00a8
[   15.119241] firmadyne: sys_socket[PID: 114 (klogd)]: family:1, type:1, protocol:0
[   15.120688] firmadyne: sys_socket[PID: 114 (klogd)]: family:1, type:2, protocol:0
sem_get: Key: 410f00a8
[   15.127647] firmadyne: sys_socket[PID: 114 (klogd)]: family:1, type:1, protocol:0
[   15.129076] firmadyne: sys_socket[PID: 114 (klogd)]: family:1, type:2, protocol:0
nvram_set: usb_info_dev6 = "A200396E0402FF83@1@14.4G@U@1@USB_Storage;U:;0;0@"
sem_get[   15.136254] firmadyne: sys_socket[PID: 114 (klogd)]: family:1, type:1, protocol:0
[   15.137715] firmadyne: sys_socket[PID: 114 (klogd)]: family:1, type:2, protocol:0
: Key: 410f00a8
sem_get: Key: 410f00a8
nvram_set: [   15.148110] firmadyne: sys_socket[PID: 114 (klogd)]: family:1, type:1, protocol:0
[   15.149545] firmadyne: sys_socket[PID: 114 (klogd)]: family:1, type:2, protocol:0
usb_info_dev7 = "A200396E0402FF83@1@14.4G@U@1@USB_Storage;U:;0;0@"
sem_get: Key: [   15.156188] firmadyne: sys_socket[PID: 114 (klogd)]: family:1, type:1, protocol:0
[   15.157632] firmadyne: sys_socket[PID: 114 (klogd)]: family:1, type:2, protocol:0
410f00a8
sem_get: Key: 410f00a8
nvram_set: usb_info_dev8[   15.168081] firmadyne: sys_socket[PID: 114 (klogd)]: family:1, type:1, protocol:0
[   15.169500] firmadyne: sys_socket[PID: 114 (klogd)]: family:1, type:2, protocol:0
 = "A200396E0402FF83@1@14.4G@U@1@USB_Storage;U:;0;0@"
sem_get: Key: 410f00a8
sem_get: Key: 410f00a8
[   15.179974] firmadyne: sys_socket[PID: 114 (klogd)]: family:1, type:1, protocol:0
[   15.181419] firmadyne: sys_socket[PID: 114 (klogd)]: family:1, type:2, protocol:0
[   15.184889] firmadyne: sys_socket[PID: 114 (klogd)]: family:1, type:1, protocol:0
[   15.186537] firmadyne: sys_socket[PID: 114 (klogd)]: family:1, type:2, protocol:0
[   15.189372] firmadyne: sys_socket[PID: 114 (klogd)]: family:1, type:1, protocol:0
nvram_set: usb_info_dev9 = "A200396E0402FF83@1@14.4G@U@1@USB_Storage;U:;0;0@"
sem_get: Key: 410f00a8
[   15.198483] firmadyne: sys_socket[PID: 114 (klogd)]: family:1, type:2, protocol:0
[   15.201353] firmadyne: sys_socket[PID: 114 (klogd)]: family:1, type:1, protocol:0
sem_get: Key: 410f00a8
nvram_set: usb_info_dev10 = "A200396E0402FF83@1@14.4G@U@1@USB_Storage;U:;0;0@"
[   15.210453] firmadyne: sys_socket[PID: 114 (klogd)]: family:1, type:2, protocol:0
[   15.213333] firmadyne: sys_socket[PID: 114 (klogd)]: family:1, type:1, protocol:0
sem_get: Key: 410f00a8
[   15.218527] firmadyne: sys_socket[PID: 114 (klogd)]: family:1, type:2, protocol:0
[   15.221416] firmadyne: sys_socket[PID: 114 (klogd)]: family:1, type:1, protocol:0
sem_get: Key: 410f00a8
nvram_set: usb_info_dev11 = "A200396E0402FF83@1@14.4G@U@1@USB_Storage;U:;0;0@"
sem_get[   15.230623] firmadyne: sys_socket[PID: 114 (klogd)]: family:1, type:2, protocol:0
[   15.233556] firmadyne: sys_socket[PID: 114 (klogd)]: family:1, type:1, protocol:0
: Key: 410f00a8
sem_get: Key: 410f00a8
nvram_set: [   15.242579] firmadyne: sys_socket[PID: 114 (klogd)]: family:1, type:2, protocol:0
[   15.245487] firmadyne: sys_socket[PID: 114 (klogd)]: family:1, type:1, protocol:0
[   15.247472] firmadyne: sys_socket[PID: 114 (klogd)]: family:1, type:2, protocol:0
[   15.250596] firmadyne: sys_socket[PID: 114 (klogd)]: family:1, type:1, protocol:0
[   15.252012] firmadyne: sys_socket[PID: 114 (klogd)]: family:1, type:2, protocol:0
usb_info_dev12 = "A200396E0402FF83@1@14.4G@U@1@USB_Storage;U:;0;0@"
sem_get: Key: 410f00a8
sem_get: Key: 410f00a8
[   15.263003] firmadyne: sys_socket[PID: 114 (klogd)]: family:1, type:1, protocol:0
[   15.264466] firmadyne: sys_socket[PID: 114 (klogd)]: family:1, type:2, protocol:0
nvram_set: usb_info_dev13 = "A200396E0402FF83@1@14.4G@U@1@USB_Storage;U:;0;0@"
[   15.271811] firmadyne: sys_socket[PID: 114 (klogd)]: family:1, type:1, protocol:0
[   15.273234] firmadyne: sys_socket[PID: 114 (klogd)]: family:1, type:2, protocol:0
sem_get: Key: 410f00a8
[   15.280145] firmadyne: sys_socket[PID: 114 (klogd)]: family:1, type:1, protocol:0
[   15.281596] firmadyne: sys_socket[PID: 114 (klogd)]: family:1, type:2, protocol:0
sem_get: Key: 410f00a8
nvram_set: usb_info_dev14 = "A200396E0402FF83@1@14.4G@U@1@USB_Storage;U:;0;0@"
sem_get[   15.292044] firmadyne: sys_socket[PID: 114 (klogd)]: family:1, type:1, protocol:0
[   15.293464] firmadyne: sys_socket[PID: 114 (klogd)]: family:1, type:2, protocol:0
: Key: 410f00a8
sem_get[   15.301709] firmadyne: sys_socket[PID: 114 (klogd)]: family:1, type:1, protocol:0
[   15.303406] firmadyne: sys_socket[PID: 114 (klogd)]: family:1, type:2, protocol:0
: Key: 410f00a8
nvram_set: usb_info_dev15[   15.311104] firmadyne: sys_socket[PID: 114 (klogd)]: family:1, type:1, protocol:0
[   15.312598] firmadyne: sys_socket[PID: 114 (klogd)]: family:1, type:2, protocol:0
 = "A200396E0402FF83@1@14.4G@U@1@USB_Storage;U:;0;0@"
sem_get: Key: 410f00a8
[   15.319688] firmadyne: sys_socket[PID: 114 (klogd)]: family:1, type:1, protocol:0
[   15.321130] firmadyne: sys_socket[PID: 114 (klogd)]: family:1, type:2, protocol:0
sem_get: Key: 410f00a8
[   15.327974] firmadyne: sys_socket[PID: 114 (klogd)]: family:1, type:1, protocol:0
[   15.329413] firmadyne: sys_socket[PID: 114 (klogd)]: family:1, type:2, protocol:0
nvram_set: usb_info_dev16 = "A200396E0402FF83@1@14.4G@U@1@USB_Storage;U:;0;0@"
sem_get: Key: 410f00a8
[   15.340154] firmadyne: sys_socket[PID: 114 (klogd)]: family:1, type:1, protocol:0
[   15.341601] firmadyne: sys_socket[PID: 114 (klogd)]: family:1, type:2, protocol:0
sem_get: Key: 410f00a8
nvram_set: usb_info_dev17 = "A200396E0402FF83@1@14.4G@U@1@USB_Storage;U:;0;0@"
[   15.354595] firmadyne: sys_socket[PID: 114 (klogd)]: family:1, type:1, protocol:0
[   15.356057] firmadyne: sys_socket[PID: 114 (klogd)]: family:1, type:2, protocol:0
sem_get: Key: 410f00a8
sem_get[   15.363226] firmadyne: sys_socket[PID: 114 (klogd)]: family:1, type:1, protocol:0
[   15.364693] firmadyne: sys_socket[PID: 114 (klogd)]: family:1, type:2, protocol:0
: Key: 410f00a8
nvram_set: [   15.371754] firmadyne: sys_socket[PID: 114 (klogd)]: family:1, type:1, protocol:0
[   15.373185] firmadyne: sys_socket[PID: 114 (klogd)]: family:1, type:2, protocol:0
usb_info_dev18 = "A200396E0402FF83@1@14.4G@U@1@USB_Storage;U:;0;0@"
sem_get: Key: 410f00a8
[   15.383993] firmadyne: sys_socket[PID: 114 (klogd)]: family:1, type:1, protocol:0
[   15.385413] firmadyne: sys_socket[PID: 114 (klogd)]: family:1, type:2, protocol:0
sem_get: Key: 410f00a8
nvram_set: usb_info_dev19 = "A200396E0402FF83@1@14.4G@U@1@USB_Storage;U:;0;0@"
sem_get: Key: [   15.396290] firmadyne: sys_socket[PID: 114 (klogd)]: family:1, type:1, protocol:0
[   15.398588] firmadyne: sys_socket[PID: 114 (klogd)]: family:1, type:2, protocol:0
[   15.402022] firmadyne: sys_socket[PID: 114 (klogd)]: family:1, type:1, protocol:0
[   15.403438] firmadyne: sys_socket[PID: 114 (klogd)]: family:1, type:2, protocol:0
410f00a8
sem_get: Key: 410f00a8
nvram_set: usb_info_dev20 = "A200396E0402FF83@1@14.4G@U@1@USB_Storage;U:;0;0@[   15.414742] firmadyne: sys_socket[PID: 114 (klogd)]: family:1, type:1, protocol:0
[   15.416213] firmadyne: sys_socket[PID: 114 (klogd)]: family:1, type:2, protocol:0
"
sem_get: Key: 410f00a8
[   15.423454] firmadyne: sys_socket[PID: 114 (klogd)]: family:1, type:1, protocol:0
[   15.424923] firmadyne: sys_socket[PID: 114 (klogd)]: family:1, type:2, protocol:0
sem_get: Key: 410f00a8
nvram_set[   15.432247] firmadyne: sys_socket[PID: 114 (klogd)]: family:1, type:1, protocol:0
[   15.433706] firmadyne: sys_socket[PID: 114 (klogd)]: family:1, type:2, protocol:0
: usb_info_dev21 = "A200396E0402FF83@1@14.4G@U@1@USB_Storage;U:;0;0@"
sem_get: Key: 410f00a8
sem_get: Key: 410f00a8[   15.444331] firmadyne: sys_socket[PID: 114 (klogd)]: family:1, type:1, protocol:0
[   15.446195] firmadyne: sys_socket[PID: 114 (klogd)]: family:1, type:2, protocol:0
[   15.449064] firmadyne: sys_socket[PID: 114 (klogd)]: family:1, type:1, protocol:0

nvram_set: usb_info_dev22 = "[   15.454836] firmadyne: sys_socket[PID: 114 (klogd)]: family:1, type:2, protocol:0
A200396E0402FF83@1@14.4G@U@1@USB_Storage;U:;0;0@"
sem_get: Key: 410f00a8
[   15.462204] firmadyne: sys_socket[PID: 114 (klogd)]: family:1, type:1, protocol:0
[   15.463691] firmadyne: sys_socket[PID: 114 (klogd)]: family:1, type:2, protocol:0
sem_get: Key: 410f00a8
[   15.470937] firmadyne: sys_socket[PID: 114 (klogd)]: family:1, type:1, protocol:0
[   15.472400] firmadyne: sys_socket[PID: 114 (klogd)]: family:1, type:2, protocol:0
nvram_set: usb_info_dev23 = "A200396E0402FF83@1@14.4G@U@1@USB_Storage;U:;0;0@"
sem_get[   15.479856] firmadyne: sys_socket[PID: 114 (klogd)]: family:1, type:1, protocol:0
[   15.481295] firmadyne: sys_socket[PID: 114 (klogd)]: family:1, type:2, protocol:0
: Key: 410f00a8
sem_get[   15.488216] firmadyne: sys_socket[PID: 114 (klogd)]: family:1, type:1, protocol:0
[   15.489715] firmadyne: sys_socket[PID: 114 (klogd)]: family:1, type:2, protocol:0
: Key: 410f00a8
nvram_set: usb_info_dev24 = "A200396E0402FF83@1@14.4G@U@1@USB_Storage;U:;0;0@"
sem_get: Key: [   15.501411] firmadyne: sys_socket[PID: 114 (klogd)]: family:1, type:1, protocol:0
410f00a8
sem_get: Key: [   15.506880] firmadyne: sys_socket[PID: 114 (klogd)]: family:1, type:2, protocol:0
410f00a8
nvram_set: usb_info_dev25[   15.514284] firmadyne: sys_socket[PID: 114 (klogd)]: family:1, type:1, protocol:0
[   15.515747] firmadyne: sys_socket[PID: 114 (klogd)]: family:1, type:2, protocol:0
 = "A200396E0402FF83@1@14.4G@U@1@USB_Storage;U:;0;0@"
sem_get: Key: 410f00a8
[   15.523185] firmadyne: sys_socket[PID: 114 (klogd)]: family:1, type:1, protocol:0
[   15.524651] firmadyne: sys_socket[PID: 114 (klogd)]: family:1, type:2, protocol:0
sem_get: Key: 410f00a8
[   15.531697] firmadyne: sys_socket[PID: 114 (klogd)]: family:1, type:1, protocol:0
[   15.533129] firmadyne: sys_socket[PID: 114 (klogd)]: family:1, type:2, protocol:0
nvram_set: usb_info_dev26 = "A200396E0402FF83@1@14.4G@U@1@USB_Storage;U:;0;0@"
[   15.540141] firmadyne: sys_socket[PID: 114 (klogd)]: family:1, type:1, protocol:0
[   15.541601] firmadyne: sys_socket[PID: 114 (klogd)]: family:1, type:2, protocol:0
sem_get: Key: 410f00a8
sem_get: Key: 410f00a8
[   15.552043] firmadyne: sys_socket[PID: 114 (klogd)]: family:1, type:1, protocol:0
[   15.553594] firmadyne: sys_socket[PID: 114 (klogd)]: family:1, type:2, protocol:0
nvram_set: usb_info_dev27 = "A200396E0402FF83@1@14.4G@U@1@USB_Storage;U:;0;0@"
sem_get: Key: 410f00a8
sem_get: Key: [   15.564304] firmadyne: sys_socket[PID: 114 (klogd)]: family:1, type:1, protocol:0
[   15.565973] firmadyne: sys_socket[PID: 114 (klogd)]: family:1, type:2, protocol:0
[   15.569051] firmadyne: sys_socket[PID: 114 (klogd)]: family:1, type:1, protocol:0
[   15.570718] firmadyne: sys_socket[PID: 114 (klogd)]: family:1, type:2, protocol:0
[   15.573594] firmadyne: sys_socket[PID: 114 (klogd)]: family:1, type:1, protocol:0
410f00a8
nvram_set: usb_info_dev28 = "A200396E0402FF83@1@14.4G@U@1@USB_Storage;U:;0;0@"
sem_get: Key: 410f00a8[   15.582722] firmadyne: sys_socket[PID: 114 (klogd)]: family:1, type:2, protocol:0
[   15.585709] firmadyne: sys_socket[PID: 114 (klogd)]: family:1, type:1, protocol:0

sem_get: Key: 410f00a8
[   15.594481] firmadyne: sys_socket[PID: 114 (klogd)]: family:1, type:2, protocol:0
nvram_set: usb_info_dev29 = "A200396E0402FF83@1@14.4G@U@1@USB_Storage;U:;0;0@"
sem_get: Key: 410f00a8
sem_get: Key: 410f00a8
nvram_set: usb_info_dev30 = "A200396E0402FF83@1@14.4G@U@1@USB_Storage;U:;0;0@"
sem_get: Key: [   15.622275] firmadyne: sys_socket[PID: 114 (klogd)]: family:1, type:1, protocol:0
[   15.623739] firmadyne: sys_socket[PID: 114 (klogd)]: family:1, type:2, protocol:0
410f00a8
sem_get: Key: 410f00a8
[   15.631115] firmadyne: sys_socket[PID: 114 (klogd)]: family:1, type:1, protocol:0
[   15.632581] firmadyne: sys_socket[PID: 114 (klogd)]: family:1, type:2, protocol:0
nvram_set: usb_info_dev31 = "A200396E0402FF83@1@14.4G@U@1@USB_Storage;U:;0;0@[   15.640026] firmadyne: sys_socket[PID: 114 (klogd)]: family:1, type:1, protocol:0
[   15.641456] firmadyne: sys_socket[PID: 114 (klogd)]: family:1, type:2, protocol:0
"
sem_get: Key: 410f00a8
sem_get: Key: 410f00a8
[   15.651975] firmadyne: sys_socket[PID: 114 (klogd)]: family:1, type:1, protocol:0
[   15.653400] firmadyne: sys_socket[PID: 114 (klogd)]: family:1, type:2, protocol:0
nvram_set: usb_info_dev32 = "A200396E0402FF83@1@14.4G@U@1@USB_Storage;U:;0;0@"
[   15.660238] firmadyne: sys_socket[PID: 114 (klogd)]: family:1, type:1, protocol:0
[   15.661693] firmadyne: sys_socket[PID: 114 (klogd)]: family:1, type:2, protocol:0
sem_get: Key: 410f00a8
sem_get: Key: 410f00a8
nvram_set[   15.672403] firmadyne: sys_socket[PID: 114 (klogd)]: family:1, type:1, protocol:0
[   15.674270] firmadyne: sys_socket[PID: 114 (klogd)]: family:1, type:2, protocol:0
[   15.677140] firmadyne: sys_socket[PID: 114 (klogd)]: family:1, type:1, protocol:0
: usb_info_dev33 = "A200396E0402FF83@1@14.4G@U@1@USB_Storage;U:;0;0@"
sem_get: Key: [   15.682798] firmadyne: sys_socket[PID: 114 (klogd)]: family:1, type:2, protocol:0
[   15.685741] firmadyne: sys_socket[PID: 114 (klogd)]: family:1, type:1, protocol:0
410f00a8
sem_get: Key: 410f00a8
nvram_set: usb_info_dev34[   15.694868] firmadyne: sys_socket[PID: 114 (klogd)]: family:1, type:2, protocol:0
[   15.699424] firmadyne: sys_socket[PID: 114 (klogd)]: family:1, type:1, protocol:0
[   15.700901] firmadyne: sys_socket[PID: 114 (klogd)]: family:1, type:2, protocol:0
[   15.704113] firmadyne: sys_socket[PID: 114 (klogd)]: family:1, type:1, protocol:0
[   15.705539] firmadyne: sys_socket[PID: 114 (klogd)]: family:1, type:2, protocol:0
 = "A200396E0402FF83@1@14.4G@U@1@USB_Storage;U:;0;0@"
sem_get: Key: 410f00a8
sem_get: Key: 410f00a8
nvram_set: usb_info_dev35 = "A200396E0402FF83@1@14.4G@U@1@USB_Storage;U:;0;0@[   15.720216] firmadyne: sys_socket[PID: 114 (klogd)]: family:1, type:1, protocol:0
[   15.721669] firmadyne: sys_socket[PID: 114 (klogd)]: family:1, type:2, protocol:0
"
sem_get: Key: 410f00a8
sem_get: Key: 410f00a8
[   15.731974] firmadyne: sys_socket[PID: 114 (klogd)]: family:1, type:1, protocol:0
[   15.733396] firmadyne: sys_socket[PID: 114 (klogd)]: family:1, type:2, protocol:0
[   15.736824] firmadyne: sys_socket[PID: 114 (klogd)]: family:1, type:1, protocol:0
[   15.738486] firmadyne: sys_socket[PID: 114 (klogd)]: family:1, type:2, protocol:0
[   15.741418] firmadyne: sys_socket[PID: 114 (klogd)]: family:1, type:1, protocol:0
nvram_set: usb_info_dev36 = "A200396E0402FF83@1@14.4G@U@1@USB_Storage;U:;0;0@"
sem_get: Key: 410f00a8
sem_get: Key: 410f00a8
[   15.754500] firmadyne: sys_socket[PID: 114 (klogd)]: family:1, type:2, protocol:0
[   15.758111] firmadyne: sys_socket[PID: 114 (klogd)]: family:1, type:1, protocol:0
nvram_set: usb_info_dev37 = "A200396E0402FF83@1@14.4G@U@1@USB_Storage;U:;0;0@"
sem_get: Key: 410f00a8
[   15.766515] firmadyne: sys_socket[PID: 114 (klogd)]: family:1, type:2, protocol:0
[   15.769505] firmadyne: sys_socket[PID: 114 (klogd)]: family:1, type:1, protocol:0
sem_get: Key: 410f00a8
nvram_set: usb_info_dev38 = "A200396E0402FF83@1@14.4G@U@1@USB_Storage;U:;0;0@[   15.778889] firmadyne: sys_socket[PID: 114 (klogd)]: family:1, type:2, protocol:0
[   15.782252] firmadyne: sys_socket[PID: 114 (klogd)]: family:1, type:1, protocol:0
[   15.783672] firmadyne: sys_socket[PID: 114 (klogd)]: family:1, type:2, protocol:0
"
sem_get: Key: 410f00a8
[   15.791052] firmadyne: sys_socket[PID: 114 (klogd)]: family:1, type:1, protocol:0
[   15.792517] firmadyne: sys_socket[PID: 114 (klogd)]: family:1, type:2, protocol:0
sem_get: Key: 410f00a8
nvram_set[   15.799940] firmadyne: sys_socket[PID: 114 (klogd)]: family:1, type:1, protocol:0
[   15.801371] firmadyne: sys_socket[PID: 114 (klogd)]: family:1, type:2, protocol:0
: usb_info_dev39 = "A200396E0402FF83@1@14.4G@U@1@USB_Storage;U:;0;0@"
sem_get[   15.808089] firmadyne: sys_socket[PID: 114 (klogd)]: family:1, type:1, protocol:0
[   15.809516] firmadyne: sys_socket[PID: 114 (klogd)]: family:1, type:2, protocol:0
: Key: 410f00a8
sem_get: Key: 410f00a8
nvram_set: [   15.820842] firmadyne: sys_socket[PID: 114 (klogd)]: family:1, type:1, protocol:0
[   15.822718] firmadyne: sys_socket[PID: 114 (klogd)]: family:1, type:2, protocol:0
[   15.825610] firmadyne: sys_socket[PID: 114 (klogd)]: family:1, type:1, protocol:0
usb_info_dev40 = "A200396E0402FF83@1@14.4G@U@1@USB_Storage;U:;0;0@"
sem_get: Key: 410f00a8
sem_get: Key: 410f00a8
[   15.834870] firmadyne: sys_socket[PID: 114 (klogd)]: family:1, type:2, protocol:0
nvram_set: usb_info_dev41 = "A200396E0402FF83@1@14.4G@U@1@USB_Storage;U:;0;0@[   15.842377] firmadyne: sys_socket[PID: 114 (klogd)]: family:1, type:1, protocol:0
[   15.843846] firmadyne: sys_socket[PID: 114 (klogd)]: family:1, type:2, protocol:0
"
sem_get: Key: 410f00a8
[   15.851065] firmadyne: sys_socket[PID: 114 (klogd)]: family:1, type:1, protocol:0
[   15.852562] firmadyne: sys_socket[PID: 114 (klogd)]: family:1, type:2, protocol:0
sem_get: Key: 410f00a8
nvram_set[   15.860015] firmadyne: sys_socket[PID: 114 (klogd)]: family:1, type:1, protocol:0
[   15.861440] firmadyne: sys_socket[PID: 114 (klogd)]: family:1, type:2, protocol:0
: usb_info_dev42 = "A200396E0402FF83@1@14.4G@U@1@USB_Storage;U:;0;0@"
sem_get[   15.868160] firmadyne: sys_socket[PID: 114 (klogd)]: family:1, type:1, protocol:0
[   15.869604] firmadyne: sys_socket[PID: 114 (klogd)]: family:1, type:2, protocol:0
: Key: 410f00a8
sem_get: Key: 410f00a8
nvram_set: [   15.879949] firmadyne: sys_socket[PID: 114 (klogd)]: family:1, type:1, protocol:0
[   15.881370] firmadyne: sys_socket[PID: 114 (klogd)]: family:1, type:2, protocol:0
usb_info_dev43 = "A200396E0402FF83@1@14.4G@U@1@USB_Storage;U:;0;0@"
sem_get: Key: [   15.888086] firmadyne: sys_socket[PID: 114 (klogd)]: family:1, type:1, protocol:0
[   15.889512] firmadyne: sys_socket[PID: 114 (klogd)]: family:1, type:2, protocol:0
410f00a8
sem_get: Key: 410f00a8
nvram_set: usb_info_dev44[   15.901457] firmadyne: sys_socket[PID: 114 (klogd)]: family:1, type:1, protocol:0
[   15.903408] firmadyne: sys_socket[PID: 114 (klogd)]: family:1, type:2, protocol:0
[   15.906649] firmadyne: sys_socket[PID: 114 (klogd)]: family:1, type:1, protocol:0
[   15.908100] firmadyne: sys_socket[PID: 114 (klogd)]: family:1, type:2, protocol:0
 = "A200396E0402FF83@1@14.4G@U@1@USB_Storage;U:;0;0@"
sem_get: Key: 410f00a8
sem_get: Key: 410f00a8
[   15.919289] firmadyne: sys_socket[PID: 114 (klogd)]: family:1, type:1, protocol:0
[   15.920785] firmadyne: sys_socket[PID: 114 (klogd)]: family:1, type:2, protocol:0
nvram_set: usb_info_dev45 = "A200396E0402FF83@1@14.4G@U@1@USB_Storage;U:;0;0@"
[   15.927986] firmadyne: sys_socket[PID: 114 (klogd)]: family:1, type:1, protocol:0
[   15.929404] firmadyne: sys_socket[PID: 114 (klogd)]: family:1, type:2, protocol:0
sem_get: Key: 410f00a8
[   15.936051] firmadyne: sys_socket[PID: 114 (klogd)]: family:1, type:1, protocol:0
[   15.937502] firmadyne: sys_socket[PID: 114 (klogd)]: family:1, type:2, protocol:0
sem_get: Key: 410f00a8
nvram_set: usb_info_dev46 = "A200396E0402FF83@1@14.4G@U@1@USB_Storage;U:;0;0@"
sem_get[   15.948285] firmadyne: sys_socket[PID: 114 (klogd)]: family:1, type:1, protocol:0
[   15.949746] firmadyne: sys_socket[PID: 114 (klogd)]: family:1, type:2, protocol:0
: Key: 410f00a8
sem_get: Key: 410f00a8
nvram_set: [   15.960102] firmadyne: sys_socket[PID: 114 (klogd)]: family:1, type:1, protocol:0
[   15.961516] firmadyne: sys_socket[PID: 114 (klogd)]: family:1, type:2, protocol:0
[   15.964813] firmadyne: sys_socket[PID: 114 (klogd)]: family:1, type:1, protocol:0
[   15.966441] firmadyne: sys_socket[PID: 114 (klogd)]: family:1, type:2, protocol:0
[   15.969278] firmadyne: sys_socket[PID: 114 (klogd)]: family:1, type:1, protocol:0
usb_info_dev47 = "A200396E0402FF83@1@14.4G@U@1@USB_Storage;U:;0;0@"
sem_get: Key: 410f00a8
sem_get: Key: 410f00a8
[   15.978475] firmadyne: sys_socket[PID: 114 (klogd)]: family:1, type:2, protocol:0
[   15.981372] firmadyne: sys_socket[PID: 114 (klogd)]: family:1, type:1, protocol:0
nvram_set: usb_info_dev48 = "A200396E0402FF83@1@14.4G@U@1@USB_Storage;U:;0;0@"
sem_get: Key: 410f00a8
[   15.990687] firmadyne: sys_socket[PID: 114 (klogd)]: family:1, type:2, protocol:0
[   15.993626] firmadyne: sys_socket[PID: 114 (klogd)]: family:1, type:1, protocol:0
sem_get: Key: 410f00a8
nvram_set: usb_info_dev49 = "A200396E0402FF83@1@14.4G@U@1@USB_Storage;U:;0;0@"
[   16.002771] firmadyne: sys_socket[PID: 114 (klogd)]: family:1, type:2, protocol:0
[   16.005712] firmadyne: sys_socket[PID: 114 (klogd)]: family:1, type:1, protocol:0
[   16.007614] firmadyne: sys_socket[PID: 114 (klogd)]: family:1, type:2, protocol:0
[   16.010826] firmadyne: sys_socket[PID: 114 (klogd)]: family:1, type:1, protocol:0
[   16.012285] firmadyne: sys_socket[PID: 114 (klogd)]: family:1, type:2, protocol:0
sem_get: Key: 410f00a8
sem_get: Key: 410f00a8
nvram_set: usb_info_dev50[   16.023780] firmadyne: sys_socket[PID: 114 (klogd)]: family:1, type:1, protocol:0
[   16.025216] firmadyne: sys_socket[PID: 114 (klogd)]: family:1, type:2, protocol:0
 = "A200396E0402FF83@1@14.4G@U@1@USB_Storage;U:;0;0@"
sem_get: Key: 410f00a8
[   16.032395] firmadyne: sys_socket[PID: 114 (klogd)]: family:1, type:1, protocol:0
sem_get: Key: 410f00a8
[   16.038072] firmadyne: sys_socket[PID: 114 (klogd)]: family:1, type:2, protocol:0
[   16.041012] firmadyne: sys_socket[PID: 114 (klogd)]: family:1, type:1, protocol:0
nvram_set: usb_info_dev51 = "A200396E0402FF83@1@14.4G@U@1@USB_Storage;U:;0;0@"
[   16.046936] firmadyne: sys_socket[PID: 114 (klogd)]: family:1, type:2, protocol:0
sem_get: Key: 410f00a8
sem_get[   16.054320] firmadyne: sys_socket[PID: 114 (klogd)]: family:1, type:1, protocol:0
[   16.055783] firmadyne: sys_socket[PID: 114 (klogd)]: family:1, type:2, protocol:0
: Key: 410f00a8
nvram_set: usb_info_dev52[   16.063278] firmadyne: sys_socket[PID: 114 (klogd)]: family:1, type:1, protocol:0
[   16.064734] firmadyne: sys_socket[PID: 114 (klogd)]: family:1, type:2, protocol:0
 = "A200396E0402FF83@1@14.4G@U@1@USB_Storage;U:;0;0@"
sem_get: Key: 410f00a8
sem_get: Key: 410f00a8
nvram_set: usb_info_dev53 = "A200396E0402FF83@1@14.4G@U@1@USB_Storage;U:;0;0@"
sem_get: Key: 410f00a8
sem_get: Key: [   16.094533] firmadyne: sys_socket[PID: 114 (klogd)]: family:1, type:1, protocol:0
[   16.096000] firmadyne: sys_socket[PID: 114 (klogd)]: family:1, type:2, protocol:0
410f00a8
nvram_set: usb_info_dev54 = "A200396E0402FF83@1@14.4G@U@1@USB_Storage;U:;0;0@"
sem_get: Key: [   16.107293] firmadyne: sys_socket[PID: 114 (klogd)]: family:1, type:1, protocol:0
[   16.108767] firmadyne: sys_socket[PID: 114 (klogd)]: family:1, type:2, protocol:0
410f00a8
sem_get: Key: 410f00a8[   16.116293] firmadyne: sys_socket[PID: 114 (klogd)]: family:1, type:1, protocol:0

nvram_set: usb_info_dev55 = "[   16.122145] firmadyne: sys_socket[PID: 114 (klogd)]: family:1, type:2, protocol:0
[   16.125106] firmadyne: sys_socket[PID: 114 (klogd)]: family:1, type:1, protocol:0
A200396E0402FF83@1@14.4G@U@1@USB_Storage;U:;0;0@"
sem_get: Key: 410f00a8
[   16.130491] firmadyne: sys_socket[PID: 114 (klogd)]: family:1, type:2, protocol:0
[   16.133411] firmadyne: sys_socket[PID: 114 (klogd)]: family:1, type:1, protocol:0
sem_get: Key: 410f00a8
[   16.138646] firmadyne: sys_socket[PID: 114 (klogd)]: family:1, type:2, protocol:0
[   16.141582] firmadyne: sys_socket[PID: 114 (klogd)]: family:1, type:1, protocol:0
nvram_set: usb_info_dev56 = "A200396E0402FF83@1@14.4G@U@1@USB_Storage;U:;0;0@"
sem_get: Key: 410f00a8
[   16.150539] firmadyne: sys_socket[PID: 114 (klogd)]: family:1, type:2, protocol:0
[   16.153454] firmadyne: sys_socket[PID: 114 (klogd)]: family:1, type:1, protocol:0
sem_get: Key: 410f00a8
nvram_set: usb_info_dev57 = "A200396E0402FF83@1@14.4G@U@1@USB_Storage;U:;0;0@"
[   16.162702] firmadyne: sys_socket[PID: 114 (klogd)]: family:1, type:2, protocol:0
[   16.165647] firmadyne: sys_socket[PID: 114 (klogd)]: family:1, type:1, protocol:0
[   16.167493] firmadyne: sys_socket[PID: 114 (klogd)]: family:1, type:2, protocol:0
[   16.170682] firmadyne: sys_socket[PID: 114 (klogd)]: family:1, type:1, protocol:0
[   16.172133] firmadyne: sys_socket[PID: 114 (klogd)]: family:1, type:2, protocol:0
sem_get: Key: 410f00a8
sem_get: Key: 410f00a8
nvram_set: [   16.183425] firmadyne: sys_socket[PID: 114 (klogd)]: family:1, type:1, protocol:0
[   16.184891] firmadyne: sys_socket[PID: 114 (klogd)]: family:1, type:2, protocol:0
usb_info_dev58 = "A200396E0402FF83@1@14.4G@U@1@USB_Storage;U:;0;0@"
sem_get: Key: 410f00a8
[   16.192415] firmadyne: sys_socket[PID: 114 (klogd)]: family:1, type:1, protocol:0
sem_get: Key: 410f00a8
[   16.198194] firmadyne: sys_socket[PID: 114 (klogd)]: family:1, type:2, protocol:0
[   16.201140] firmadyne: sys_socket[PID: 114 (klogd)]: family:1, type:1, protocol:0
nvram_set: usb_info_dev59 = "A200396E0402FF83@1@14.4G@U@1@USB_Storage;U:;0;0@[   16.206710] firmadyne: sys_socket[PID: 114 (klogd)]: family:1, type:2, protocol:0
[   16.209663] firmadyne: sys_socket[PID: 114 (klogd)]: family:1, type:1, protocol:0
"
sem_get: Key: 410f00a8
sem_get: Key: 410f00a8
[   16.218475] firmadyne: sys_socket[PID: 114 (klogd)]: family:1, type:2, protocol:0
[   16.221455] firmadyne: sys_socket[PID: 114 (klogd)]: family:1, type:1, protocol:0
nvram_set: usb_info_dev60 = "A200396E0402FF83@1@14.4G@U@1@USB_Storage;U:;0;0@"
sem_get: Key: 410f00a8
sem_get[   16.230773] firmadyne: sys_socket[PID: 114 (klogd)]: family:1, type:2, protocol:0
[   16.233998] firmadyne: sys_socket[PID: 114 (klogd)]: family:1, type:1, protocol:0
[   16.235616] firmadyne: sys_socket[PID: 114 (klogd)]: family:1, type:2, protocol:0
[   16.238759] firmadyne: sys_socket[PID: 114 (klogd)]: family:1, type:1, protocol:0
[   16.240171] firmadyne: sys_socket[PID: 114 (klogd)]: family:1, type:2, protocol:0
: Key: 410f00a8
nvram_set: usb_info_dev61 = "A200396E0402FF83@1@14.4G@U@1@USB_Storage;U:;0;0@"
sem_get: Key: 410f00a8
[   16.251258] firmadyne: sys_socket[PID: 114 (klogd)]: family:1, type:1, protocol:0
[   16.252706] firmadyne: sys_socket[PID: 114 (klogd)]: family:1, type:2, protocol:0
sem_get: Key: 410f00a8
[   16.259720] firmadyne: sys_socket[PID: 114 (klogd)]: family:1, type:1, protocol:0
[   16.261148] firmadyne: sys_socket[PID: 114 (klogd)]: family:1, type:2, protocol:0
nvram_set: usb_info_dev62 = "A200396E0402FF83@1@14.4G@U@1@USB_Storage;U:;0;0@[   16.268424] firmadyne: sys_socket[PID: 114 (klogd)]: family:1, type:1, protocol:0
"
sem_get: Key: 410f00a8
[   16.274312] firmadyne: sys_socket[PID: 114 (klogd)]: family:1, type:2, protocol:0
[   16.277259] firmadyne: sys_socket[PID: 114 (klogd)]: family:1, type:1, protocol:0
sem_get: Key: 410f00a8
nvram_set: usb_info_dev63 = "A200396E0402FF83@1@14.4G@U@1@USB_Storage;U:;0;0@"
sem_get: Key: [   16.286715] firmadyne: sys_socket[PID: 114 (klogd)]: family:1, type:2, protocol:0
[   16.289671] firmadyne: sys_socket[PID: 114 (klogd)]: family:1, type:1, protocol:0
410f00a8
sem_get: Key: 410f00a8
nvram_set: usb_info_dev64[   16.299943] firmadyne: sys_socket[PID: 114 (klogd)]: family:1, type:2, protocol:0
[   16.303242] firmadyne: sys_socket[PID: 114 (klogd)]: family:1, type:1, protocol:0
[   16.304708] firmadyne: sys_socket[PID: 114 (klogd)]: family:1, type:2, protocol:0
 = "A200396E0402FF83@1@14.4G@U@1@USB_Storage;U:;0;0@"
sem_get: Key: 410f00a8
[   16.312451] firmadyne: sys_socket[PID: 114 (klogd)]: family:1, type:1, protocol:0
[   16.314319] firmadyne: sys_socket[PID: 114 (klogd)]: family:1, type:2, protocol:0
[   16.317183] firmadyne: sys_socket[PID: 114 (klogd)]: family:1, type:1, protocol:0
sem_get: Key: 410f00a8
nvram_set: usb_info_dev65 = "A200396E0402FF83@1@14.4G@U@1@USB_Storage;U:;0;0@"
[   16.326469] firmadyne: sys_socket[PID: 114 (klogd)]: family:1, type:2, protocol:0
[   16.329376] firmadyne: sys_socket[PID: 114 (klogd)]: family:1, type:1, protocol:0
sem_get: Key: 410f00a8
sem_get: Key: 410f00a8
nvram_set[   16.338592] firmadyne: sys_socket[PID: 114 (klogd)]: family:1, type:2, protocol:0
[   16.341503] firmadyne: sys_socket[PID: 114 (klogd)]: family:1, type:1, protocol:0
[   16.343432] firmadyne: sys_socket[PID: 114 (klogd)]: family:1, type:2, protocol:0
[   16.346558] firmadyne: sys_socket[PID: 114 (klogd)]: family:1, type:1, protocol:0
[   16.347988] firmadyne: sys_socket[PID: 114 (klogd)]: family:1, type:2, protocol:0
: usb_info_dev66 = "A200396E0402FF83@1@14.4G@U@1@USB_Storage;U:;0;0@"
sem_get: Key: 410f00a8
sem_get: Key: 410f00a8
[   16.359139] firmadyne: sys_socket[PID: 114 (klogd)]: family:1, type:1, protocol:0
[   16.360599] firmadyne: sys_socket[PID: 114 (klogd)]: family:1, type:2, protocol:0
nvram_set: usb_info_dev67 = "A200396E0402FF83@1@14.4G@U@1@USB_Storage;U:;0;0@[   16.367923] firmadyne: sys_socket[PID: 114 (klogd)]: family:1, type:1, protocol:0
[   16.369350] firmadyne: sys_socket[PID: 114 (klogd)]: family:1, type:2, protocol:0
"
sem_get: Key: 410f00a8
[   16.376157] firmadyne: sys_socket[PID: 114 (klogd)]: family:1, type:1, protocol:0
[   16.377645] firmadyne: sys_socket[PID: 114 (klogd)]: family:1, type:2, protocol:0
sem_get: Key: 410f00a8
nvram_set: usb_info_dev68 = "A200396E0402FF83@1@14.4G@U@1@USB_Storage;U:;0;0@"
[   16.388526] firmadyne: sys_socket[PID: 114 (klogd)]: family:1, type:1, protocol:0
sem_get: Key: 410f00a8
sem_get[   16.394467] firmadyne: sys_socket[PID: 114 (klogd)]: family:1, type:2, protocol:0
[   16.397395] firmadyne: sys_socket[PID: 114 (klogd)]: family:1, type:1, protocol:0
: Key: 410f00a8
nvram_set[   16.402769] firmadyne: sys_socket[PID: 114 (klogd)]: family:1, type:2, protocol:0
[   16.405703] firmadyne: sys_socket[PID: 114 (klogd)]: family:1, type:1, protocol:0
: usb_info_dev69 = "A200396E0402FF83@1@14.4G@U@1@USB_Storage;U:;0;0@"
sem_get: Key: 410f00a8
sem_get: Key: [   16.414495] firmadyne: sys_socket[PID: 114 (klogd)]: family:1, type:2, protocol:0
[   16.417492] firmadyne: sys_socket[PID: 114 (klogd)]: family:1, type:1, protocol:0
410f00a8
nvram_set: usb_info_dev70 = "A200396E0402FF83@1@14.4G@U@1@USB_Storage;U:;0;0@"
sem_get: Key: 410f00a8[   16.426633] firmadyne: sys_socket[PID: 114 (klogd)]: family:1, type:2, protocol:0
[   16.429642] firmadyne: sys_socket[PID: 114 (klogd)]: family:1, type:1, protocol:0
[   16.431486] firmadyne: sys_socket[PID: 114 (klogd)]: family:1, type:2, protocol:0
[   16.434609] firmadyne: sys_socket[PID: 114 (klogd)]: family:1, type:1, protocol:0
[   16.436029] firmadyne: sys_socket[PID: 114 (klogd)]: family:1, type:2, protocol:0

sem_get: Key: 410f00a8
nvram_set: usb_info_dev71 = "A200396E0402FF83@1@14.4G@U@1@USB_Storage;U:;0;0@"
[   16.447444] firmadyne: sys_socket[PID: 114 (klogd)]: family:1, type:1, protocol:0
[   16.448909] firmadyne: sys_socket[PID: 114 (klogd)]: family:1, type:2, protocol:0
sem_get: Key: 410f00a8
sem_get[   16.456479] firmadyne: sys_socket[PID: 114 (klogd)]: family:1, type:1, protocol:0
: Key: 410f00a8
nvram_set: [   16.462174] firmadyne: sys_socket[PID: 114 (klogd)]: family:1, type:2, protocol:0
[   16.465104] firmadyne: sys_socket[PID: 114 (klogd)]: family:1, type:1, protocol:0
usb_info_dev72 = "A200396E0402FF83@1@14.4G@U@1@USB_Storage;U:;0;0@"
sem_get: Key: 410f00a8[   16.470802] firmadyne: sys_socket[PID: 114 (klogd)]: family:1, type:2, protocol:0
[   16.473741] firmadyne: sys_socket[PID: 114 (klogd)]: family:1, type:1, protocol:0

sem_get: Key: 410f00a8
nvram_set: usb_info_dev73 = "[   16.482600] firmadyne: sys_socket[PID: 114 (klogd)]: family:1, type:2, protocol:0
[   16.485501] firmadyne: sys_socket[PID: 114 (klogd)]: family:1, type:1, protocol:0
[   16.487428] firmadyne: sys_socket[PID: 114 (klogd)]: family:1, type:2, protocol:0
[   16.490550] firmadyne: sys_socket[PID: 114 (klogd)]: family:1, type:1, protocol:0
[   16.491966] firmadyne: sys_socket[PID: 114 (klogd)]: family:1, type:2, protocol:0
A200396E0402FF83@1@14.4G@U@1@USB_Storage;U:;0;0@"
sem_get: Key: 410f00a8
sem_get: Key: 410f00a8
nvram_set: usb_info_dev74 = "A200396E0402FF83@1@14.4G@U@1@USB_Storage;U:;0;0@[   16.507493] firmadyne: sys_socket[PID: 114 (klogd)]: family:1, type:1, protocol:0
[   16.509010] firmadyne: sys_socket[PID: 114 (klogd)]: family:1, type:2, protocol:0
"
sem_get: Key: 410f00a8
[   16.515992] firmadyne: sys_socket[PID: 114 (klogd)]: family:1, type:1, protocol:0
[   16.517412] firmadyne: sys_socket[PID: 114 (klogd)]: family:1, type:2, protocol:0
sem_get: Key: 410f00a8
nvram_set: usb_info_dev75 = "A200396E0402FF83@1@14.4G@U@1@USB_Storage;U:;0;0@"
[   16.528017] firmadyne: sys_socket[PID: 114 (klogd)]: family:1, type:1, protocol:0
[   16.529438] firmadyne: sys_socket[PID: 114 (klogd)]: family:1, type:2, protocol:0
[   16.532811] firmadyne: sys_socket[PID: 114 (klogd)]: family:1, type:1, protocol:0
[   16.534495] firmadyne: sys_socket[PID: 114 (klogd)]: family:1, type:2, protocol:0
sem_get: Key: 410f00a8
sem_get: Key: 410f00a8
nvram_set: usb_info_dev76 = "A200396E0402FF83@1@14.4G@U@1@USB_Storage;U:;0;0@"
sem_get: Key: 410f00a8
sem_get: Key: 410f00a8
nvram_set: usb_info_dev77 = "[   16.566573] firmadyne: sys_socket[PID: 114 (klogd)]: family:1, type:1, protocol:0
[   16.568034] firmadyne: sys_socket[PID: 114 (klogd)]: family:1, type:2, protocol:0
A200396E0402FF83@1@14.4G@U@1@USB_Storage;U:;0;0@"
sem_get: Key: 410f00a8
[   16.575325] firmadyne: sys_socket[PID: 114 (klogd)]: family:1, type:1, protocol:0
[   16.576795] firmadyne: sys_socket[PID: 114 (klogd)]: family:1, type:2, protocol:0
sem_get: Key: 410f00a8
[   16.584003] firmadyne: sys_socket[PID: 114 (klogd)]: family:1, type:1, protocol:0
[   16.585424] firmadyne: sys_socket[PID: 114 (klogd)]: family:1, type:2, protocol:0
nvram_set: usb_info_dev78 = "A200396E0402FF83@1@14.4G@U@1@USB_Storage;U:;0;0@"
sem_get: Key: 410f00a8
sem_get[   16.596374] firmadyne: sys_socket[PID: 114 (klogd)]: family:1, type:1, protocol:0
[   16.598268] firmadyne: sys_socket[PID: 114 (klogd)]: family:1, type:2, protocol:0
[   16.601168] firmadyne: sys_socket[PID: 114 (klogd)]: family:1, type:1, protocol:0
: Key: 410f00a8
nvram_set: usb_info_dev79 = "A200396E0402FF83@1@14.4G@U@1@USB_Storage;U:;0;0@"
sem_get: Key: 410f00a8[   16.610601] firmadyne: sys_socket[PID: 114 (klogd)]: family:1, type:2, protocol:0
[   16.613615] firmadyne: sys_socket[PID: 114 (klogd)]: family:1, type:1, protocol:0

sem_get: Key: 410f00a8
nvram_set: usb_info_dev80[   16.622714] firmadyne: sys_socket[PID: 114 (klogd)]: family:1, type:2, protocol:0
[   16.625701] firmadyne: sys_socket[PID: 114 (klogd)]: family:1, type:1, protocol:0
[   16.627556] firmadyne: sys_socket[PID: 114 (klogd)]: family:1, type:2, protocol:0
[   16.630677] firmadyne: sys_socket[PID: 114 (klogd)]: family:1, type:1, protocol:0
[   16.632094] firmadyne: sys_socket[PID: 114 (klogd)]: family:1, type:2, protocol:0
 = "A200396E0402FF83@1@14.4G@U@1@USB_Storage;U:;0;0@"
sem_get: Key: 410f00a8
sem_get: Key: 410f00a8
[   16.643349] firmadyne: sys_socket[PID: 114 (klogd)]: family:1, type:1, protocol:0
[   16.644803] firmadyne: sys_socket[PID: 114 (klogd)]: family:1, type:2, protocol:0
nvram_set: usb_info_dev81 = "A200396E0402FF83@1@14.4G@U@1@USB_Storage;U:;0;0@"
[   16.651986] firmadyne: sys_socket[PID: 114 (klogd)]: family:1, type:1, protocol:0
[   16.653405] firmadyne: sys_socket[PID: 114 (klogd)]: family:1, type:2, protocol:0
sem_get: Key: 410f00a8
[   16.660136] firmadyne: sys_socket[PID: 114 (klogd)]: family:1, type:1, protocol:0
[   16.661576] firmadyne: sys_socket[PID: 114 (klogd)]: family:1, type:2, protocol:0
sem_get: Key: 410f00a8
nvram_set: usb_info_dev82 = "A200396E0402FF83@1@14.4G@U@1@USB_Storage;U:;0;0@"
sem_get[   16.672025] firmadyne: sys_socket[PID: 114 (klogd)]: family:1, type:1, protocol:0
[   16.673444] firmadyne: sys_socket[PID: 114 (klogd)]: family:1, type:2, protocol:0
: Key: 410f00a8
sem_get: Key: 410f00a8
nvram_set: [   16.683974] firmadyne: sys_socket[PID: 114 (klogd)]: family:1, type:1, protocol:0
[   16.685392] firmadyne: sys_socket[PID: 114 (klogd)]: family:1, type:2, protocol:0
[   16.688763] firmadyne: sys_socket[PID: 114 (klogd)]: family:1, type:1, protocol:0
[   16.690405] firmadyne: sys_socket[PID: 114 (klogd)]: family:1, type:2, protocol:0
[   16.693252] firmadyne: sys_socket[PID: 114 (klogd)]: family:1, type:1, protocol:0
usb_info_dev83 = "A200396E0402FF83@1@14.4G@U@1@USB_Storage;U:;0;0@"
sem_get: Key: 410f00a8
sem_get: Key: 410f00a8
nvram_set: usb_info_dev84[   16.706941] firmadyne: sys_socket[PID: 114 (klogd)]: family:1, type:2, protocol:0
 = "A200396E0402FF83@1@14.4G@U@1@USB_Storage;U:;0;0@"
sem_get: Key: 410f00a8
[   16.714214] firmadyne: sys_socket[PID: 114 (klogd)]: family:1, type:1, protocol:0
[   16.715676] firmadyne: sys_socket[PID: 114 (klogd)]: family:1, type:2, protocol:0
sem_get: Key: 410f00a8
[   16.722930] firmadyne: sys_socket[PID: 114 (klogd)]: family:1, type:1, protocol:0
[   16.724392] firmadyne: sys_socket[PID: 114 (klogd)]: family:1, type:2, protocol:0
nvram_set: usb_info_dev85 = "A200396E0402FF83@1@14.4G@U@1@USB_Storage;U:;0;0@"
[   16.731671] firmadyne: sys_socket[PID: 114 (klogd)]: family:1, type:1, protocol:0
[   16.733113] firmadyne: sys_socket[PID: 114 (klogd)]: family:1, type:2, protocol:0
sem_get: Key: 410f00a8
[   16.740009] firmadyne: sys_socket[PID: 114 (klogd)]: family:1, type:1, protocol:0
[   16.741464] firmadyne: sys_socket[PID: 114 (klogd)]: family:1, type:2, protocol:0
sem_get: Key: 410f00a8
nvram_set: usb_info_dev86 = "A200396E0402FF83@1@14.4G@U@1@USB_Storage;U:;0;0@"
sem_get[   16.752094] firmadyne: sys_socket[PID: 114 (klogd)]: family:1, type:1, protocol:0
[   16.753577] firmadyne: sys_socket[PID: 114 (klogd)]: family:1, type:2, protocol:0
: Key: 410f00a8
sem_get: Key: 410f00a8
nvram_set: [   16.764151] firmadyne: sys_socket[PID: 114 (klogd)]: family:1, type:1, protocol:0
[   16.765970] firmadyne: sys_socket[PID: 114 (klogd)]: family:1, type:2, protocol:0
[   16.769161] firmadyne: sys_socket[PID: 114 (klogd)]: family:1, type:1, protocol:0
usb_info_dev87 = "A200396E0402FF83@1@14.4G@U@1@USB_Storage;U:;0;0@"
sem_get: Key: 410f00a8
sem_get: Key: [   16.778959] firmadyne: sys_socket[PID: 114 (klogd)]: family:1, type:2, protocol:0
[   16.782293] firmadyne: sys_socket[PID: 114 (klogd)]: family:1, type:1, protocol:0
[   16.783748] firmadyne: sys_socket[PID: 114 (klogd)]: family:1, type:2, protocol:0
410f00a8
nvram_set: usb_info_dev88 = "[   16.791275] firmadyne: sys_socket[PID: 114 (klogd)]: family:1, type:1, protocol:0
[   16.792738] firmadyne: sys_socket[PID: 114 (klogd)]: family:1, type:2, protocol:0
A200396E0402FF83@1@14.4G@U@1@USB_Storage;U:;0;0@"
sem_get: Key: 410f00a8
[   16.800089] firmadyne: sys_socket[PID: 114 (klogd)]: family:1, type:1, protocol:0
[   16.801544] firmadyne: sys_socket[PID: 114 (klogd)]: family:1, type:2, protocol:0
sem_get: Key: 410f00a8
nvram_set: usb_info_dev89 = "A200396E0402FF83@1@14.4G@U@1@USB_Storage;U:;0;0@"
[   16.812198] firmadyne: sys_socket[PID: 114 (klogd)]: family:1, type:1, protocol:0
[   16.813647] firmadyne: sys_socket[PID: 114 (klogd)]: family:1, type:2, protocol:0
sem_get: Key: 410f00a8
sem_get: Key: 410f00a8
nvram_set[   16.824404] firmadyne: sys_socket[PID: 114 (klogd)]: family:1, type:1, protocol:0
[   16.826323] firmadyne: sys_socket[PID: 114 (klogd)]: family:1, type:2, protocol:0
[   16.829234] firmadyne: sys_socket[PID: 114 (klogd)]: family:1, type:1, protocol:0
: usb_info_dev90 = "A200396E0402FF83@1@14.4G@U@1@USB_Storage;U:;0;0@"
sem_get: Key: [   16.834796] firmadyne: sys_socket[PID: 114 (klogd)]: family:1, type:2, protocol:0
[   16.837974] firmadyne: sys_socket[PID: 114 (klogd)]: family:1, type:1, protocol:0
410f00a8
sem_get[   16.843981] firmadyne: sys_socket[PID: 114 (klogd)]: family:1, type:2, protocol:0
[   16.847133] firmadyne: sys_socket[PID: 114 (klogd)]: family:1, type:1, protocol:0
[   16.848567] firmadyne: sys_socket[PID: 114 (klogd)]: family:1, type:2, protocol:0
: Key: 410f00a8
nvram_set: usb_info_dev91 = "A200396E0402FF83@1@14.4G@U@1@USB_Storage;U:;0;0@"
sem_get: Key: 410f00a8
[   16.859675] firmadyne: sys_socket[PID: 114 (klogd)]: family:1, type:1, protocol:0
[   16.861103] firmadyne: sys_socket[PID: 114 (klogd)]: family:1, type:2, protocol:0
sem_get: Key: 410f00a8
[   16.867982] firmadyne: sys_socket[PID: 114 (klogd)]: family:1, type:1, protocol:0
[   16.869400] firmadyne: sys_socket[PID: 114 (klogd)]: family:1, type:2, protocol:0
nvram_set: usb_info_dev92 = "A200396E0402FF83@1@14.4G@U@1@USB_Storage;U:;0;0@"
sem_get: Key: 410f00a8
[   16.879988] firmadyne: sys_socket[PID: 114 (klogd)]: family:1, type:1, protocol:0
[   16.881410] firmadyne: sys_socket[PID: 114 (klogd)]: family:1, type:2, protocol:0
sem_get: Key: 410f00a8
nvram_set: usb_info_dev93 = "A200396E0402FF83@1@14.4G@U@1@USB_Storage;U:;0;0@"
[   16.890115] cfg80211: Calling CRDA to update world regulatory domain
[   16.893557] firmadyne: sys_socket[PID: 114 (klogd)]: family:1, type:1, protocol:0
[   16.895220] firmadyne: sys_socket[PID: 114 (klogd)]: family:1, type:2, protocol:0
sem_get: Key: 410f00a8
sem_get: Key: 410f00a8
[   16.906450] firmadyne: sys_socket[PID: 114 (klogd)]: family:1, type:1, protocol:0
[   16.907917] firmadyne: sys_socket[PID: 114 (klogd)]: family:1, type:2, protocol:0
[   16.911487] firmadyne: sys_socket[PID: 114 (klogd)]: family:1, type:1, protocol:0
[   16.912939] firmadyne: sys_socket[PID: 114 (klogd)]: family:1, type:2, protocol:0
nvram_set: usb_info_dev94 = "A200396E0402FF83@1@14.4G@U@1@USB_Storage;U:;0;0@"
sem_get[   16.920099] firmadyne: sys_socket[PID: 114 (klogd)]: family:1, type:1, protocol:0
[   16.921522] firmadyne: sys_socket[PID: 114 (klogd)]: family:1, type:2, protocol:0
: Key: 410f00a8
sem_get: Key: 410f00a8
nvram_set: usb_info_dev95[   16.932398] firmadyne: sys_socket[PID: 114 (klogd)]: family:1, type:1, protocol:0
[   16.934262] firmadyne: sys_socket[PID: 114 (klogd)]: family:1, type:2, protocol:0
[   16.937128] firmadyne: sys_socket[PID: 114 (klogd)]: family:1, type:1, protocol:0
 = "A200396E0402FF83@1@14.4G@U@1@USB_Storage;U:;0;0@"
sem_get: Key: 410f00a8
sem_get: Key: 410f00a8
[   16.946473] firmadyne: sys_socket[PID: 114 (klogd)]: family:1, type:2, protocol:0
[   16.949463] firmadyne: sys_socket[PID: 114 (klogd)]: family:1, type:1, protocol:0
nvram_set: usb_info_dev96 = "A200396E0402FF83@1@14.4G@U@1@USB_Storage;U:;0;0@[   16.954849] firmadyne: sys_socket[PID: 114 (klogd)]: family:1, type:2, protocol:0
"
sem_get: Key: 410f00a8
[   16.962099] firmadyne: sys_socket[PID: 114 (klogd)]: family:1, type:1, protocol:0
[   16.963560] firmadyne: sys_socket[PID: 114 (klogd)]: family:1, type:2, protocol:0
sem_get: Key: 410f00a8
nvram_set: [   16.971031] firmadyne: sys_socket[PID: 114 (klogd)]: family:1, type:1, protocol:0
[   16.972489] firmadyne: sys_socket[PID: 114 (klogd)]: family:1, type:2, protocol:0
usb_info_dev97 = "A200396E0402FF83@1@14.4G@U@1@USB_Storage;U:;0;0@"
sem_get: Key: 410f00a8
[   16.979993] firmadyne: sys_socket[PID: 114 (klogd)]: family:1, type:1, protocol:0
[   16.981453] firmadyne: sys_socket[PID: 114 (klogd)]: family:1, type:2, protocol:0
sem_get: Key: 410f00a8
nvram_set: usb_info_dev98 = "A200396E0402FF83@1@14.4G@U@1@USB_Storage;U:;0;0@[   16.992327] firmadyne: sys_socket[PID: 114 (klogd)]: family:1, type:1, protocol:0
[   16.994078] firmadyne: sys_socket[PID: 114 (klogd)]: family:1, type:2, protocol:0
[   16.996931] firmadyne: sys_socket[PID: 114 (klogd)]: family:1, type:1, protocol:0
"
sem_get: Key: 410f00a8
[   17.002520] firmadyne: sys_socket[PID: 114 (klogd)]: family:1, type:2, protocol:0
[   17.005455] firmadyne: sys_socket[PID: 114 (klogd)]: family:1, type:1, protocol:0
sem_get: Key: 410f00a8
nvram_set: usb_info_dev99 = "A200396E0402FF83@1@14.4G@U@1@USB_Storage;U:;0;0@"
sem_get[   17.014758] firmadyne: sys_socket[PID: 114 (klogd)]: family:1, type:2, protocol:0
: Key: 410f00a8
sem_get: Key: 410f00a8
nvram_set: usb_info_dev100 = "A200396E0402FF83@1@14.4G@U@1@USB_Storage;U:;0;0@"
sem_get: Key: 410f00a8
sem_get: Key: [   17.042535] firmadyne: sys_socket[PID: 114 (klogd)]: family:1, type:1, protocol:0
[   17.044059] firmadyne: sys_socket[PID: 114 (klogd)]: family:1, type:2, protocol:0
410f00a8
nvram_set: wla_ap_isolate_1[   17.051497] firmadyne: sys_socket[PID: 114 (klogd)]: family:1, type:1, protocol:0
[   17.052984] firmadyne: sys_socket[PID: 114 (klogd)]: family:1, type:2, protocol:0
 = ""
sem_get: Key: 410f00a8
[   17.059989] firmadyne: sys_socket[PID: 114 (klogd)]: family:1, type:1, protocol:0
[   17.061403] firmadyne: sys_socket[PID: 114 (klogd)]: family:1, type:2, protocol:0
sem_get: Key: 410f00a8
nvram_set: wla_ap_isolate_2 = ""
sem_get: Key: [   17.072293] firmadyne: sys_socket[PID: 114 (klogd)]: family:1, type:1, protocol:0
[   17.073950] firmadyne: sys_socket[PID: 114 (klogd)]: family:1, type:2, protocol:0
[   17.077008] firmadyne: sys_socket[PID: 114 (klogd)]: family:1, type:1, protocol:0
[   17.078655] firmadyne: sys_socket[PID: 114 (klogd)]: family:1, type:2, protocol:0
[   17.081562] firmadyne: sys_socket[PID: 114 (klogd)]: family:1, type:1, protocol:0
410f00a8
sem_get: Key: 410f00a8
nvram_set: wla_ap_isolate_3 = "[   17.090466] firmadyne: sys_socket[PID: 114 (klogd)]: family:1, type:2, protocol:0
[   17.093367] firmadyne: sys_socket[PID: 114 (klogd)]: family:1, type:1, protocol:0
"
sem_get: Key: 410f00a8
sem_get: Key: 410f00a8
nvram_set: wla_ap_isolate_4 = ""
[   17.106481] firmadyne: sys_socket[PID: 114 (klogd)]: family:1, type:2, protocol:0
[   17.109438] firmadyne: sys_socket[PID: 114 (klogd)]: family:1, type:1, protocol:0
[   17.111570] firmadyne: sys_socket[PID: 114 (klogd)]: family:1, type:2, protocol:0
[   17.114747] firmadyne: sys_socket[PID: 114 (klogd)]: family:1, type:1, protocol:0
[   17.116173] firmadyne: sys_socket[PID: 114 (klogd)]: family:1, type:2, protocol:0
sem_get: Key: 410f00a8
sem_get: Key: 410f00a8
nvram_set: wlg_ap_isolate_1 = "[   17.127421] firmadyne: sys_socket[PID: 114 (klogd)]: family:1, type:1, protocol:0
[   17.128889] firmadyne: sys_socket[PID: 114 (klogd)]: family:1, type:2, protocol:0
"
sem_get: Key: 410f00a8
[   17.136011] firmadyne: sys_socket[PID: 114 (klogd)]: family:1, type:1, protocol:0
[   17.137439] firmadyne: sys_socket[PID: 114 (klogd)]: family:1, type:2, protocol:0
sem_get: Key: 410f00a8
nvram_set: wlg_ap_isolate_2 = ""
sem_get: Key: 410f00a8[   17.148431] firmadyne: sys_socket[PID: 114 (klogd)]: family:1, type:1, protocol:0

sem_get: Key: 410f00a8
[   17.154200] firmadyne: sys_socket[PID: 114 (klogd)]: family:1, type:2, protocol:0
[   17.157169] firmadyne: sys_socket[PID: 114 (klogd)]: family:1, type:1, protocol:0
nvram_set: wlg_ap_isolate_3 = ""
[   17.162687] firmadyne: sys_socket[PID: 114 (klogd)]: family:1, type:2, protocol:0
[   17.165656] firmadyne: sys_socket[PID: 114 (klogd)]: family:1, type:1, protocol:0
sem_get: Key: 410f00a8
sem_get: Key: 410f00a8
nvram_set[   17.174680] firmadyne: sys_socket[PID: 114 (klogd)]: family:1, type:2, protocol:0
[   17.177647] firmadyne: sys_socket[PID: 114 (klogd)]: family:1, type:1, protocol:0
[   17.179517] firmadyne: sys_socket[PID: 114 (klogd)]: family:1, type:2, protocol:0
[   17.182688] firmadyne: sys_socket[PID: 114 (klogd)]: family:1, type:1, protocol:0
[   17.184111] firmadyne: sys_socket[PID: 114 (klogd)]: family:1, type:2, protocol:0
: wlg_ap_isolate_4 = ""
sem_get: Key: 410f00a8
sem_get: Key: 410f00a8
[   17.195332] firmadyne: sys_socket[PID: 114 (klogd)]: family:1, type:1, protocol:0
[   17.196832] firmadyne: sys_socket[PID: 114 (klogd)]: family:1, type:2, protocol:0
nvram_set: wlg_allow_access_1 = ""
sem_get: Key: [   17.204314] firmadyne: sys_socket[PID: 114 (klogd)]: family:1, type:1, protocol:0
410f00a8
sem_get: Key: 410f00a8
[   17.210083] firmadyne: sys_socket[PID: 114 (klogd)]: family:1, type:2, protocol:0
[   17.213068] firmadyne: sys_socket[PID: 114 (klogd)]: family:1, type:1, protocol:0
nvram_set: wlg_allow_access_2 = ""
[   17.218942] firmadyne: sys_socket[PID: 114 (klogd)]: family:1, type:2, protocol:0
sem_get: Key: 410f00a8
sem_get: Key: [   17.226537] firmadyne: sys_socket[PID: 114 (klogd)]: family:1, type:1, protocol:0
[   17.228009] firmadyne: sys_socket[PID: 114 (klogd)]: family:1, type:2, protocol:0
410f00a8
nvram_set: wlg_allow_access_3[   17.235354] firmadyne: sys_socket[PID: 114 (klogd)]: family:1, type:1, protocol:0
[   17.236853] firmadyne: sys_socket[PID: 114 (klogd)]: family:1, type:2, protocol:0
 = ""
sem_get: Key: 410f00a8
[   17.244049] firmadyne: sys_socket[PID: 114 (klogd)]: family:1, type:1, protocol:0
[   17.245473] firmadyne: sys_socket[PID: 114 (klogd)]: family:1, type:2, protocol:0
sem_get: Key: 410f00a8
nvram_set: wlg_allow_access_4 = ""
sem_get: Key: [   17.256278] firmadyne: sys_socket[PID: 114 (klogd)]: family:1, type:1, protocol:0
[   17.257954] firmadyne: sys_socket[PID: 114 (klogd)]: family:1, type:2, protocol:0
410f00a8
sem_get: Key: 410f00a8
nvram_set: 0:macaddr = "[   17.268454] firmadyne: sys_socket[PID: 114 (klogd)]: family:1, type:1, protocol:0
[   17.270321] firmadyne: sys_socket[PID: 114 (klogd)]: family:1, type:2, protocol:0
[   17.273218] firmadyne: sys_socket[PID: 114 (klogd)]: family:1, type:1, protocol:0
01:23:45:67:89:ab"
sem_get: Key: 410f00a8
[   17.279002] firmadyne: sys_socket[PID: 114 (klogd)]: family:1, type:2, protocol:0
sem_get: Key: 410f00a8
[   17.286291] firmadyne: sys_socket[PID: 114 (klogd)]: family:1, type:1, protocol:0
[   17.287798] firmadyne: sys_socket[PID: 114 (klogd)]: family:1, type:2, protocol:0
nvram_set: 1:macaddr = "01:23:45:67:89:ab"
sem_get: Key: [   17.295335] firmadyne: sys_socket[PID: 114 (klogd)]: family:1, type:1, protocol:0
[   17.296806] firmadyne: sys_socket[PID: 114 (klogd)]: family:1, type:2, protocol:0
410f00a8
sem_get: Key: 410f00a8
nvram_set: [   17.308068] firmadyne: sys_socket[PID: 114 (klogd)]: family:1, type:1, protocol:0
[   17.309762] firmadyne: sys_socket[PID: 114 (klogd)]: family:1, type:2, protocol:0
[   17.313073] firmadyne: sys_socket[PID: 114 (klogd)]: family:1, type:1, protocol:0
[   17.314734] firmadyne: sys_socket[PID: 114 (klogd)]: family:1, type:2, protocol:0
[   17.317715] firmadyne: sys_socket[PID: 114 (klogd)]: family:1, type:1, protocol:0
2:macaddr = "01:23:45:67:89:ab"
sem_get: Key: 410f00a8
sem_get: Key: 410f00a8
nvram_set: lan1_ifnames = ""
[   17.330790] firmadyne: sys_socket[PID: 114 (klogd)]: family:1, type:2, protocol:0
[   17.333744] firmadyne: sys_socket[PID: 114 (klogd)]: family:1, type:1, protocol:0
sem_get: Key: 410f00a8
sem_get: Key: 410f00a8
nvram_set[   17.342822] firmadyne: sys_socket[PID: 114 (klogd)]: family:1, type:2, protocol:0
[   17.345960] firmadyne: sys_socket[PID: 114 (klogd)]: family:1, type:1, protocol:0
[   17.347575] firmadyne: sys_socket[PID: 114 (klogd)]: family:1, type:2, protocol:0
[   17.350719] firmadyne: sys_socket[PID: 114 (klogd)]: family:1, type:1, protocol:0
[   17.352133] firmadyne: sys_socket[PID: 114 (klogd)]: family:1, type:2, protocol:0
: lan2_ifnames = ""
sem_get: Key: 410f00a8
sem_get: Key: 410f00a8
[   17.363259] firmadyne: sys_socket[PID: 114 (klogd)]: family:1, type:1, protocol:0
[   17.364707] firmadyne: sys_socket[PID: 114 (klogd)]: family:1, type:2, protocol:0
nvram_set: lan3_ifnames = ""
sem_get: Key: [   17.371903] firmadyne: sys_socket[PID: 114 (klogd)]: family:1, type:1, protocol:0
[   17.373325] firmadyne: sys_socket[PID: 114 (klogd)]: family:1, type:2, protocol:0
410f00a8
sem_get: Key: 410f00a8[   17.380277] firmadyne: sys_socket[PID: 114 (klogd)]: family:1, type:1, protocol:0
[   17.381736] firmadyne: sys_socket[PID: 114 (klogd)]: family:1, type:2, protocol:0

nvram_set: lan4_ifnames = ""
sem_get: Key: 410f00a8
[   17.392052] firmadyne: sys_socket[PID: 114 (klogd)]: family:1, type:1, protocol:0
[   17.393469] firmadyne: sys_socket[PID: 114 (klogd)]: family:1, type:2, protocol:0
sem_get: Key: 410f00a8
nvram_set: lan5_ifnames = ""
sem_get: Key: [   17.404173] firmadyne: sys_socket[PID: 114 (klogd)]: family:1, type:1, protocol:0
[   17.405614] firmadyne: sys_socket[PID: 114 (klogd)]: family:1, type:2, protocol:0
[   17.408924] firmadyne: sys_socket[PID: 114 (klogd)]: family:1, type:1, protocol:0
[   17.410610] firmadyne: sys_socket[PID: 114 (klogd)]: family:1, type:2, protocol:0
[   17.413526] firmadyne: sys_socket[PID: 114 (klogd)]: family:1, type:1, protocol:0
410f00a8
sem_get: Key: 410f00a8
nvram_set: lan6_ifnames = ""
[   17.423000] firmadyne: sys_socket[PID: 114 (klogd)]: family:1, type:2, protocol:0
sem_get: Key: 410f00a8
sem_get: Key: [   17.430364] firmadyne: sys_socket[PID: 114 (klogd)]: family:1, type:1, protocol:0
[   17.431828] firmadyne: sys_socket[PID: 114 (klogd)]: family:1, type:2, protocol:0
410f00a8
nvram_set: lan7_ifnames = "[   17.439174] firmadyne: sys_socket[PID: 114 (klogd)]: family:1, type:1, protocol:0
[   17.440635] firmadyne: sys_socket[PID: 114 (klogd)]: family:1, type:2, protocol:0
"
sem_get: Key: 410f00a8
[   17.447842] firmadyne: sys_socket[PID: 114 (klogd)]: family:1, type:1, protocol:0
[   17.449264] firmadyne: sys_socket[PID: 114 (klogd)]: family:1, type:2, protocol:0
sem_get: Key: 410f00a8
nvram_set: lan8_ifnames = ""
sem_get: Key: 410f00a8[   17.459963] firmadyne: sys_socket[PID: 114 (klogd)]: family:1, type:1, protocol:0
[   17.461414] firmadyne: sys_socket[PID: 114 (klogd)]: family:1, type:2, protocol:0

sem_get: Key: 410f00a8
[   17.468426] firmadyne: sys_socket[PID: 114 (klogd)]: family:1, type:1, protocol:0
nvram_set: lan9_ifnames = ""
[   17.474189] firmadyne: sys_socket[PID: 114 (klogd)]: family:1, type:2, protocol:0
[   17.477185] firmadyne: sys_socket[PID: 114 (klogd)]: family:1, type:1, protocol:0
sem_get: Key: 410f00a8
sem_get[   17.482900] firmadyne: sys_socket[PID: 114 (klogd)]: family:1, type:2, protocol:0
: Key: 410f00a8
nvram_set_default: Loading built-in default values = 1!
nvram_set_default: Checking for symbol "router_defaults"...
nvram_set_default: Checking for symbol "Nvrams"...
[   17.510984] firmadyne: sys_socket[PID: 114 (klogd)]: family:1, type:1, protocol:0
[   17.512492] firmadyne: sys_socket[PID: 114 (klogd)]: family:1, type:2, protocol:0
[   17.519890] firmadyne: sys_socket[PID: 114 (klogd)]: family:1, type:1, protocol:0
[   17.521355] firmadyne: sys_socket[PID: 114 (klogd)]: family:1, type:2, protocol:0
[   17.527975] firmadyne: sys_socket[PID: 114 (klogd)]: family:1, type:1, protocol:0
[   17.529388] firmadyne: sys_socket[PID: 114 (klogd)]: family:1, type:2, protocol:0
nvram_set: time_zone = "GMT+8"
sem_get: Key: 410f00a8
[   17.540170] firmadyne: sys_socket[PID: 114 (klogd)]: family:1, type:1, protocol:0
[   17.541615] firmadyne: sys_socket[PID: 114 (klogd)]: family:1, type:2, protocol:0
sem_get: Key: 410f00a8
nvram_set[   17.552277] firmadyne: sys_socket[PID: 114 (klogd)]: family:1, type:1, protocol:0
[   17.553756] firmadyne: sys_socket[PID: 114 (klogd)]: family:1, type:2, protocol:0
[   17.557070] firmadyne: sys_socket[PID: 114 (klogd)]: family:1, type:1, protocol:0
[   17.558722] firmadyne: sys_socket[PID: 114 (klogd)]: family:1, type:2, protocol:0
[   17.561571] firmadyne: sys_socket[PID: 114 (klogd)]: family:1, type:1, protocol:0
: time_daylight = ""
sem_get: Key: 410f00a8
sem_get: Key: 410f00a8
[   17.570476] firmadyne: sys_socket[PID: 114 (klogd)]: family:1, type:2, protocol:0
[   17.573380] firmadyne: sys_socket[PID: 114 (klogd)]: family:1, type:1, protocol:0
nvram_set: restore_default = "0"
[   17.582480] firmadyne: sys_socket[PID: 114 (klogd)]: family:1, type:2, protocol:0
[   17.585418] firmadyne: sys_socket[PID: 114 (klogd)]: family:1, type:1, protocol:0
sem_get: Key: 410f00a8
sem_get: Key: 410f00a8
[   17.594475] firmadyne: sys_socket[PID: 114 (klogd)]: family:1, type:2, protocol:0
[   17.597413] firmadyne: sys_socket[PID: 114 (klogd)]: family:1, type:1, protocol:0
nvram_set: wiz_language = "English"
[   17.606452] firmadyne: sys_socket[PID: 114 (klogd)]: family:1, type:2, protocol:0
[   17.609347] firmadyne: sys_socket[PID: 114 (klogd)]: family:1, type:1, protocol:0
[   17.611248] firmadyne: sys_socket[PID: 114 (klogd)]: family:1, type:2, protocol:0
sem_get: Key: 410f00a8
sem_get: Key: [   17.618545] firmadyne: sys_socket[PID: 114 (klogd)]: family:1, type:1, protocol:0
[   17.620029] firmadyne: sys_socket[PID: 114 (klogd)]: family:1, type:2, protocol:0
410f00a8
[   17.627253] firmadyne: sys_socket[PID: 114 (klogd)]: family:1, type:1, protocol:0
[   17.628702] firmadyne: sys_socket[PID: 114 (klogd)]: family:1, type:2, protocol:0
nvram_set: wiz_country = "US[   17.635721] firmadyne: sys_socket[PID: 114 (klogd)]: family:1, type:1, protocol:0
[   17.637147] firmadyne: sys_socket[PID: 114 (klogd)]: family:1, type:2, protocol:0
"
sem_get: Key: 410f00a8
[   17.644077] firmadyne: sys_socket[PID: 114 (klogd)]: family:1, type:1, protocol:0
[   17.645508] firmadyne: sys_socket[PID: 114 (klogd)]: family:1, type:2, protocol:0
sem_get: Key: 410f00a8
nvram_set: [   17.655937] firmadyne: sys_socket[PID: 114 (klogd)]: family:1, type:1, protocol:0
[   17.657353] firmadyne: sys_socket[PID: 114 (klogd)]: family:1, type:2, protocol:0
fix_ipaddr = ""
sem_get: Key: 410f00a8
[   17.664230] firmadyne: sys_socket[PID: 114 (klogd)]: family:1, type:1, protocol:0
[   17.665674] firmadyne: sys_socket[PID: 114 (klogd)]: family:1, type:2, protocol:0
sem_get: Key: 410f00a8
[   17.675978] firmadyne: sys_socket[PID: 114 (klogd)]: family:1, type:1, protocol:0
[   17.677395] firmadyne: sys_socket[PID: 114 (klogd)]: family:1, type:2, protocol:0
nvram_set: fix_netmask = ""
sem_get: Key: 410f00a8
sem_get: Key: 410f00a8[   17.688122] firmadyne: sys_socket[PID: 114 (klogd)]: family:1, type:1, protocol:0
[   17.689556] firmadyne: sys_socket[PID: 114 (klogd)]: family:1, type:2, protocol:0
[   17.692839] firmadyne: sys_socket[PID: 114 (klogd)]: family:1, type:1, protocol:0
[   17.694468] firmadyne: sys_socket[PID: 114 (klogd)]: family:1, type:2, protocol:0
[   17.697303] firmadyne: sys_socket[PID: 114 (klogd)]: family:1, type:1, protocol:0

nvram_set: fix_gateway[   17.706475] firmadyne: sys_socket[PID: 114 (klogd)]: family:1, type:2, protocol:0
[   17.709387] firmadyne: sys_socket[PID: 114 (klogd)]: family:1, type:1, protocol:0
 = ""
sem_get: Key: 410f00a8
sem_get: Key: 410f00a8
[   17.718478] firmadyne: sys_socket[PID: 114 (klogd)]: family:1, type:2, protocol:0
