[    0.000000] Linux version 4.1.17+ (alessio@pc) (gcc version 5.5.0 20171010 (Ubuntu 5.5.0-12ubuntu1) ) #1 Mon May 15 23:04:08 CEST 2023
[    0.000000] earlycon: Early serial console at I/O port 0x3f8 (options '38400n8')
[    0.000000] bootconsole [uart0] enabled
[    0.000000] CPU0 revision is: 00019300 (MIPS 24Kc)
[    0.000000] FPU revision is: 00739300
[    0.000000] Software DMA cache coherency enabled
[    0.000000] Determined physical RAM map:
[    0.000000]  memory: 00001000 @ 00000000 (reserved)
[    0.000000]  memory: 000ef000 @ 00001000 (ROM data)
[    0.000000]  memory: 00798000 @ 000f0000 (reserved)
[    0.000000]  memory: 0f777000 @ 00888000 (usable)
[    0.000000] debug: ignoring loglevel setting.
[    0.000000] Wasting 69888 bytes for tracking 2184 unused pages
[    0.000000] Initrd not found or empty - disabling initrd
[    0.000000] Zone ranges:
[    0.000000]   DMA      [mem 0x0000000000000000-0x0000000000ffffff]
[    0.000000]   Normal   [mem 0x0000000001000000-0x000000000fffefff]
[    0.000000] Movable zone start for each node
[    0.000000] Early memory node ranges
[    0.000000]   node   0: [mem 0x0000000000000000-0x000000000fffefff]
[    0.000000] Initmem setup node 0 [mem 0x0000000000000000-0x000000000fffefff]
[    0.000000] On node 0 totalpages: 65535
[    0.000000] free_area_init_node: node 0, pgdat 8081d5b0, node_mem_map 81000000
[    0.000000]   DMA zone: 32 pages used for memmap
[    0.000000]   DMA zone: 0 pages reserved
[    0.000000]   DMA zone: 4096 pages, LIFO batch:0
[    0.000000]   Normal zone: 480 pages used for memmap
[    0.000000]   Normal zone: 61439 pages, LIFO batch:15
[    0.000000] Primary instruction cache 2kB, VIPT, 2-way, linesize 16 bytes.
[    0.000000] Primary data cache 2kB, 2-way, VIPT, no aliases, linesize 16 bytes
[    0.000000] pcpu-alloc: s0 r0 d32768 u32768 alloc=1*32768
[    0.000000] pcpu-alloc: [0] 0 
[    0.000000] Built 1 zonelists in Zone order, mobility grouping on.  Total pages: 65023
[    0.000000] Kernel command line: root=/dev/sda1 console=ttyS0 nandsim.parts=64,64,64,64,64,64,64,64,64,64 rdinit=/firmadyne/preInit.sh rw debug ignore_loglevel print-fatal-signals=1 FIRMAE_NET=true FIRMAE_NVRAM=true FIRMAE_KERNEL=true FIRMAE_ETC=true user_debug=0 firmadyne.syscall=1 noka
[    0.000000] found FIRMAE_KERNEL=t
[    0.000000] set the LD_PRELOAD=/firmadyne/libnvram_ioctl.so
[    0.000000] PID hash table entries: 1024 (order: 0, 4096 bytes)
[    0.000000] Dentry cache hash table entries: 32768 (order: 5, 131072 bytes)
[    0.000000] Inode-cache hash table entries: 16384 (order: 4, 65536 bytes)
[    0.000000] Writing ErrCtl register=00000000
[    0.000000] Readback ErrCtl register=00000000
[    0.000000] Memory: 251112K/262140K available (5360K kernel code, 244K rwdata, 1676K rodata, 260K init, 158K bss, 11028K reserved, 0K cma-reserved)
[    0.000000] NR_IRQS:256
[    0.000000] CPU frequency 200.00 MHz
[    0.000000] clocksource MIPS: mask: 0xffffffff max_cycles: 0xffffffff, max_idle_ns: 19112963211 ns
[    0.000217] sched_clock: 32 bits at 99MHz, resolution 10ns, wraps every 21475239930ns
[    0.071532] spurious 8259A interrupt: IRQ7.
[    0.073766] Console: colour dummy device 80x25
[    0.075132] Calibrating delay loop... 25.08 BogoMIPS (lpj=50176)
[    0.129280] pid_max: default: 32768 minimum: 301
[    0.133912] Mount-cache hash table entries: 1024 (order: 0, 4096 bytes)
[    0.134460] Mountpoint-cache hash table entries: 1024 (order: 0, 4096 bytes)
[    0.259510] clocksource jiffies: mask: 0xffffffff max_cycles: 0xffffffff, max_idle_ns: 7645041785100000 ns
[    0.271327] NET: Registered protocol family 16
[    0.566251] clocksource pit: mask: 0xffffffff max_cycles: 0xffffffff, max_idle_ns: 1601818034827 ns
[    0.803407] vgaarb: loaded
[    0.809257] SCSI subsystem initialized
[    0.811862] libata version 3.00 loaded.
[    0.816567] usbcore: registered new interface driver usbfs
[    0.817997] usbcore: registered new interface driver hub
[    0.819123] usbcore: registered new device driver usb
[    0.821978] pps_core: LinuxPPS API ver. 1 registered
[    0.822373] pps_core: Software ver. 5.3.6 - Copyright 2005-2007 Rodolfo Giometti <giometti@linux.it>
[    0.823464] PTP clock support registered
[    0.828550] PCI host bridge to bus 0000:00
[    0.829310] pci_bus 0000:00: root bus resource [mem 0x10000000-0x17ffffff]
[    0.829921] pci_bus 0000:00: root bus resource [io  0x1000-0x1fffff]
[    0.830523] pci_bus 0000:00: root bus resource [??? 0x00000000 flags 0x0]
[    0.831101] pci_bus 0000:00: No busn resource found for root bus, will use [bus 00-ff]
[    0.832564] pci 0000:00:00.0: [11ab:4620] type 00 class 0x060000
[    0.833497] pci 0000:00:00.0: [Firmware Bug]: reg 0x14: invalid BAR (can't size)
[    0.834089] pci 0000:00:00.0: [Firmware Bug]: reg 0x18: invalid BAR (can't size)
[    0.834668] pci 0000:00:00.0: [Firmware Bug]: reg 0x1c: invalid BAR (can't size)
[    0.835245] pci 0000:00:00.0: [Firmware Bug]: reg 0x20: invalid BAR (can't size)
[    0.835993] pci 0000:00:00.0: [Firmware Bug]: reg 0x24: invalid BAR (can't size)
[    0.840169] pci 0000:00:0a.0: [8086:7110] type 00 class 0x060100
[    0.843653] pci 0000:00:0a.1: [8086:7111] type 00 class 0x010180
[    0.844606] pci 0000:00:0a.1: reg 0x20: [io  0x0000-0x000f]
[    0.845212] pci 0000:00:0a.1: legacy IDE quirk: reg 0x10: [io  0x01f0-0x01f7]
[    0.845786] pci 0000:00:0a.1: legacy IDE quirk: reg 0x14: [io  0x03f6]
[    0.846352] pci 0000:00:0a.1: legacy IDE quirk: reg 0x18: [io  0x0170-0x0177]
[    0.846919] pci 0000:00:0a.1: legacy IDE quirk: reg 0x1c: [io  0x0376]
[    0.850334] pci 0000:00:0a.2: [8086:7112] type 00 class 0x0c0300
[    0.851018] pci 0000:00:0a.2: reg 0x20: [io  0x0000-0x001f]
[    0.854435] pci 0000:00:0a.3: [8086:7113] type 00 class 0x068000
[    0.855824] pci 0000:00:0a.3: quirk: [io  0x1000-0x103f] claimed by PIIX4 ACPI
[    0.856534] pci 0000:00:0a.3: quirk: [io  0x1100-0x110f] claimed by PIIX4 SMB
[    0.859952] pci 0000:00:12.0: [1013:00b8] type 00 class 0x030000
[    0.860588] pci 0000:00:12.0: reg 0x10: [mem 0x00000000-0x01ffffff pref]
[    0.861386] pci 0000:00:12.0: reg 0x14: [mem 0x00000000-0x00000fff]
[    0.862051] pci 0000:00:12.0: reg 0x30: [mem 0x00000000-0x0000ffff pref]
[    0.864790] vgaarb: device added: PCI:0000:00:12.0,decodes=io+mem,owns=none,locks=none
[    0.866259] pci 0000:00:13.0: [8086:100e] type 00 class 0x020000
[    0.866886] pci 0000:00:13.0: reg 0x10: [mem 0x00000000-0x0001ffff]
[    0.867457] pci 0000:00:13.0: reg 0x14: [io  0x0000-0x003f]
[    0.868081] pci 0000:00:13.0: reg 0x30: [mem 0x00000000-0x0003ffff pref]
[    0.871514] pci 0000:00:14.0: [8086:100e] type 00 class 0x020000
[    0.872131] pci 0000:00:14.0: reg 0x10: [mem 0x00000000-0x0001ffff]
[    0.872694] pci 0000:00:14.0: reg 0x14: [io  0x0000-0x003f]
[    0.873325] pci 0000:00:14.0: reg 0x30: [mem 0x00000000-0x0003ffff pref]
[    0.876761] pci 0000:00:15.0: [8086:100e] type 00 class 0x020000
[    0.877380] pci 0000:00:15.0: reg 0x10: [mem 0x00000000-0x0001ffff]
[    0.877975] pci 0000:00:15.0: reg 0x14: [io  0x0000-0x003f]
[    0.878756] pci 0000:00:15.0: reg 0x30: [mem 0x00000000-0x0003ffff pref]
[    0.881980] pci 0000:00:16.0: [8086:100e] type 00 class 0x020000
[    0.882792] pci 0000:00:16.0: reg 0x10: [mem 0x00000000-0x0001ffff]
[    0.883364] pci 0000:00:16.0: reg 0x14: [io  0x0000-0x003f]
[    0.883991] pci 0000:00:16.0: reg 0x30: [mem 0x00000000-0x0003ffff pref]
[    0.887501] pci_bus 0000:00: busn_res: [bus 00-ff] end is updated to 00
[    0.889059] pci 0000:00:12.0: BAR 0: assigned [mem 0x10000000-0x11ffffff pref]
[    0.889833] pci 0000:00:13.0: BAR 6: assigned [mem 0x12000000-0x1203ffff pref]
[    0.890525] pci 0000:00:14.0: BAR 6: assigned [mem 0x12040000-0x1207ffff pref]
[    0.891376] pci 0000:00:15.0: BAR 6: assigned [mem 0x12080000-0x120bffff pref]
[    0.892031] pci 0000:00:16.0: BAR 6: assigned [mem 0x120c0000-0x120fffff pref]
[    0.892674] pci 0000:00:13.0: BAR 0: assigned [mem 0x12100000-0x1211ffff]
[    0.893309] pci 0000:00:14.0: BAR 0: assigned [mem 0x12120000-0x1213ffff]
[    0.893945] pci 0000:00:15.0: BAR 0: assigned [mem 0x12140000-0x1215ffff]
[    0.894580] pci 0000:00:16.0: BAR 0: assigned [mem 0x12160000-0x1217ffff]
[    0.895274] pci 0000:00:12.0: BAR 6: assigned [mem 0x12180000-0x1218ffff pref]
[    0.896058] pci 0000:00:12.0: BAR 1: assigned [mem 0x12190000-0x12190fff]
[    0.896703] pci 0000:00:13.0: BAR 1: assigned [io  0x1040-0x107f]
[    0.897286] pci 0000:00:14.0: BAR 1: assigned [io  0x1080-0x10bf]
[    0.897866] pci 0000:00:15.0: BAR 1: assigned [io  0x10c0-0x10ff]
[    0.898461] pci 0000:00:16.0: BAR 1: assigned [io  0x1400-0x143f]
[    0.899043] pci 0000:00:0a.2: BAR 4: assigned [io  0x1440-0x145f]
[    0.899818] pci 0000:00:0a.1: BAR 4: assigned [io  0x1460-0x146f]
[    0.918303] cfg80211: Calling CRDA to update world regulatory domain
[    0.932875] Switched to clocksource MIPS
[    1.057566] NET: Registered protocol family 2
[    1.070428] TCP established hash table entries: 2048 (order: 1, 8192 bytes)
[    1.071614] TCP bind hash table entries: 2048 (order: 1, 8192 bytes)
[    1.072767] TCP: Hash tables configured (established 2048 bind 2048)
[    1.074050] UDP hash table entries: 256 (order: 0, 4096 bytes)
[    1.074772] UDP-Lite hash table entries: 256 (order: 0, 4096 bytes)
[    1.079060] NET: Registered protocol family 1
[    1.080822] PCI: Enabling device 0000:00:0a.2 (0000 -> 0001)
[    1.082623] PCI: CLS 0 bytes, default 16
[    1.185011] futex hash table entries: 256 (order: -1, 3072 bytes)
[    1.203085] squashfs: version 4.0 (2009/01/31) Phillip Lougher
[    1.206121] jffs2: version 2.2. (NAND) Â© 2001-2006 Red Hat, Inc.
[    1.209815] romfs: ROMFS MTD (C) 2007 Red Hat, Inc.
[    2.698704] Block layer SCSI generic (bsg) driver version 0.4 loaded (major 251)
[    2.699493] io scheduler noop registered
[    2.700308] io scheduler cfq registered (default)
[    2.701677] firmadyne: devfs: 1, execute: 1, procfs: 1, syscall: 1
[    2.708078] firmadyne: Cannot register character device: gpio, 0xfc, 0x0!
[    2.717950] firmadyne: Cannot register character device: watchdog, 0xa, 0x82!
[    2.718545] firmadyne: Cannot register character device: wdt, 0xfd, 0x0!
[    4.574047] strName = 4.1.17+
[    4.574047] init_task_addr  = 2155778944
[    4.574047] init_task_size  = 1296
[    4.574047] ts_tasks        = 292
[    4.574047] ts_pid          = 408
[    4.574047] ts_tgid         = 412
[    4.574047] ts_group_leader = 440
[    4.574047] ts_thread_group = 496
[    4.574047] ts_real_parent  = 416
[    4.574047] ts_mm           = 300
[    4.574047] ts_stack        = 4
[    4.577063] module_name   = 12
[    4.577063] module_size   = 208
[    4.577063] module_init   = 200
[    4.577063] module_list   = 4
[    4.578186] ts_real_cred    = 624
[    4.578186] ts_cred         = 628
[    4.578186] ts_comm         = 632
[    4.578186] cred_uid        = 4
[    4.578186] cred_gid        = 8
[    4.578186] cred_euid       = 20
[    4.578186] cred_egid       = 24
[    4.580014] mm_mmap         = 0
[    4.580014] mm_pgd          = 32
[    4.580014] mm_arg_start    = 136
[    4.580014] mm_start_brk    = 124
[    4.580014] mm_brk          = 128
[    4.580014] mm_start_stack  = 132
[    4.581865] vma_vm_start    = 0
[    4.581865] vma_vm_end      = 4
[    4.581865] vma_vm_next     = 8
[    4.581865] vma_vm_file     = 80
[    4.581865] vma_vm_flags    = 40
[    4.581865] vma_vm_pgoff    = 76
[    4.583464] file_dentry     = 12
[    4.583464] file_inode      = 40
[    4.583464] dentry_d_name   = 24
[    4.583464] dentry_d_iname  = 44
[    4.583464] dentry_d_parent = 16
[    4.583464] ti_task         = 0
[    4.583464] inode_ino   = 28
[    5.741300] proc_fork_connector  = 2151078840
[    5.741733] proc_exit_connector  = 2151080432
[    5.742096] proc_exec_connector  = 2151079052
[    5.742454] vma_link  = 2149124372
[    5.742760] vma_adjust  = 2149124540
[    5.743076] remove_vma  = 2149122188
[    5.743396] modules  = 2155833724
[    5.743702] trim_init_extable  = 2150545316
[    5.745312] cfg80211: Calling CRDA to update world regulatory domain
[    5.749266] PCI: Enabling device 0000:00:12.0 (0000 -> 0002)
[    5.750684] cirrusfb 0000:00:12.0: Cirrus Logic chipset on PCI bus, RAM (4096 kB) at 0x10000000
[    6.061248] Console: switching to colour frame buffer device 80x30
[    6.137310] Serial: 8250/16550 driver, 4 ports, IRQ sharing enabled
[    6.153324] console [ttyS0] disabled
[    6.180793] serial8250.0: ttyS0 at I/O 0x3f8 (irq = 4, base_baud = 115200) is a 16550A
[    6.182150] console [ttyS0] enabled
[    6.182150] console [ttyS0] enabled
[    6.182759] bootconsole [uart0] disabled
[    6.182759] bootconsole [uart0] disabled
[    6.214664] serial8250.0: ttyS1 at I/O 0x2f8 (irq = 3, base_baud = 115200) is a 16550A
[    6.477457] brd: module loaded
[    6.549857] loop: module loaded
[    6.557748] ata_piix 0000:00:0a.1: version 2.13
[    6.558417] PCI: Enabling device 0000:00:0a.1 (0000 -> 0001)
[    6.588566] scsi host0: ata_piix
[    6.595262] scsi host1: ata_piix
[    6.599758] ata1: PATA max UDMA/33 cmd 0x1f0 ctl 0x3f6 bmdma 0x1460 irq 14
[    6.600365] ata2: PATA max UDMA/33 cmd 0x170 ctl 0x376 bmdma 0x1468 irq 15
[    6.608196] [nandsim] warning: read_byte: unexpected data output cycle, state is STATE_READY return 0x0
[    6.609070] [nandsim] warning: read_byte: unexpected data output cycle, state is STATE_READY return 0x0
[    6.609734] [nandsim] warning: read_byte: unexpected data output cycle, state is STATE_READY return 0x0
[    6.610389] [nandsim] warning: read_byte: unexpected data output cycle, state is STATE_READY return 0x0
[    6.611037] [nandsim] warning: read_byte: unexpected data output cycle, state is STATE_READY return 0x0
[    6.611730] [nandsim] warning: read_byte: unexpected data output cycle, state is STATE_READY return 0x0
[    6.612571] nand: device found, Manufacturer ID: 0x98, Chip ID: 0x39
[    6.613257] nand: Toshiba NAND 128MiB 1,8V 8-bit
[    6.613725] nand: 128 MiB, SLC, erase size: 16 KiB, page size: 512, OOB size: 16
[    6.615610] flash size: 128 MiB
[    6.615911] page size: 512 bytes
[    6.616213] OOB area size: 16 bytes
[    6.616523] sector size: 16 KiB
[    6.616990] pages number: 262144
[    6.617299] pages per sector: 32
[    6.617591] bus width: 8
[    6.617849] bits in sector size: 14
[    6.618153] bits in page size: 9
[    6.618455] bits in OOB size: 4
[    6.618755] flash size with OOB: 135168 KiB
[    6.619095] page address bytes: 4
[    6.619398] sector address bytes: 3
[    6.619703] options: 0x42
[    6.718620] Scanning device for bad blocks
[    8.084286] ata2.01: NODEV after polling detection
[    8.086508] ata2.00: ATAPI: QEMU DVD-ROM, 2.5+, max UDMA/100
[    8.088165] ata1.01: NODEV after polling detection
[    8.091705] ata1.00: ATA-7: QEMU HARDDISK, 2.5+, max UDMA/100
[    8.092250] ata1.00: 2097152 sectors, multi 16: LBA48 
[    8.097778] ata2.00: configured for UDMA/33
[    8.101519] ata1.00: configured for UDMA/33
[    8.787411] scsi 0:0:0:0: Direct-Access     ATA      QEMU HARDDISK    2.5+ PQ: 0 ANSI: 5
[    8.805876] sd 0:0:0:0: [sda] 2097152 512-byte logical blocks: (1.07 GB/1.00 GiB)
[    8.807690] scsi 1:0:0:0: CD-ROM            QEMU     QEMU DVD-ROM     2.5+ PQ: 0 ANSI: 5
[    8.822421] sd 0:0:0:0: [sda] Write Protect is off
[    8.823022] sd 0:0:0:0: [sda] Mode Sense: 00 3a 00 00
[    8.824771] sd 0:0:0:0: [sda] Write cache: enabled, read cache: enabled, doesn't support DPO or FUA
[    8.837775]  sda: sda1
[    8.851570] sd 0:0:0:0: [sda] Attached SCSI disk
[    8.852213] Creating 11 MTD partitions on "NAND 128MiB 1,8V 8-bit":
[    8.853133] 0x000000000000-0x000000100000 : "NAND simulator partition 0"
[    8.866040] 0x000000100000-0x000000200000 : "NAND simulator partition 1"
[    8.877880] 0x000000200000-0x000000300000 : "NAND simulator partition 2"
[    8.890500] 0x000000300000-0x000000400000 : "NAND simulator partition 3"
[    8.902610] 0x000000400000-0x000000500000 : "NAND simulator partition 4"
[    8.914880] 0x000000500000-0x000000600000 : "NAND simulator partition 5"
[    8.927501] 0x000000600000-0x000000700000 : "NAND simulator partition 6"
[    8.939984] 0x000000700000-0x000000800000 : "NAND simulator partition 7"
[   11.846687] 0x000000800000-0x000000900000 : "NAND simulator partition 8"
[   11.859073] 0x000000900000-0x000000a00000 : "NAND simulator partition 9"
[   11.871486] 0x000000a00000-0x000008000000 : "NAND simulator partition 10"
[   11.925475] tun: Universal TUN/TAP device driver, 1.6
[   11.925918] tun: (C) 1999-2004 Max Krasnyansky <maxk@qualcomm.com>
[   11.930221] pcnet32: pcnet32.c:v1.35 21.Apr.2008 tsbogend@alpha.franken.de
[   11.931750] e1000: Intel(R) PRO/1000 Network Driver - version 7.3.21-k8-NAPI
[   11.932268] e1000: Copyright (c) 1999-2006 Intel Corporation.
[   11.933584] PCI: Enabling device 0000:00:13.0 (0000 -> 0003)
[   11.937348] cfg80211: Calling CRDA to update world regulatory domain
[   12.258731] e1000 0000:00:13.0 eth0: (PCI:33MHz:32-bit) 52:54:00:12:34:56
[   12.259514] e1000 0000:00:13.0 eth0: Intel(R) PRO/1000 Network Connection
[   12.260423] PCI: Enabling device 0000:00:14.0 (0000 -> 0003)
[   12.594092] e1000 0000:00:14.0 eth1: (PCI:33MHz:32-bit) 52:54:00:12:34:57
[   12.594735] e1000 0000:00:14.0 eth1: Intel(R) PRO/1000 Network Connection
[   12.595563] PCI: Enabling device 0000:00:15.0 (0000 -> 0003)
[   12.927025] e1000 0000:00:15.0 eth2: (PCI:33MHz:32-bit) 52:54:00:12:34:58
[   12.927689] e1000 0000:00:15.0 eth2: Intel(R) PRO/1000 Network Connection
[   12.928539] PCI: Enabling device 0000:00:16.0 (0000 -> 0003)
[   13.255175] e1000 0000:00:16.0 eth3: (PCI:33MHz:32-bit) 52:54:00:12:34:59
[   13.255858] e1000 0000:00:16.0 eth3: Intel(R) PRO/1000 Network Connection
[   13.257749] e1000e: Intel(R) PRO/1000 Network Driver - 2.3.2-k
[   13.258197] e1000e: Copyright(c) 1999 - 2014 Intel Corporation.
[   13.263765] PPP generic driver version 2.4.2
[   13.266637] PPP Deflate Compression module registered
[   13.267450] PPP MPPE Compression module registered
[   13.267965] NET: Registered protocol family 24
[   13.269055] ehci_hcd: USB 2.0 'Enhanced' Host Controller (EHCI) Driver
[   13.269695] ehci-pci: EHCI PCI platform driver
[   13.271160] ohci_hcd: USB 1.1 'Open' Host Controller (OHCI) Driver
[   13.271764] ohci-pci: OHCI PCI platform driver
[   13.273420] uhci_hcd: USB Universal Host Controller Interface driver
[   13.275410] uhci_hcd 0000:00:0a.2: UHCI Host Controller
[   13.276374] uhci_hcd 0000:00:0a.2: new USB bus registered, assigned bus number 1
[   13.277829] uhci_hcd 0000:00:0a.2: irq 11, io base 0x00001440
[   13.293524] hub 1-0:1.0: USB hub found
[   13.294491] hub 1-0:1.0: 2 ports detected
[   29.594301] usbcore: registered new interface driver usb-storage
[   29.600006] mousedev: PS/2 mouse device common for all mice
[   29.608163] rtc_cmos rtc_cmos: rtc core: registered rtc_cmos as rtc0
[   29.609347] rtc_cmos rtc_cmos: alarms up to one day, 242 bytes nvram
[   29.611238] i2c /dev entries driver
[   29.613044] piix4_smbus 0000:00:0a.3: SMBus Host Controller at 0x1100, revision 0
[   29.619096] sdhci: Secure Digital Host Controller Interface driver
[   29.619599] sdhci: Copyright(c) Pierre Ossman
[   29.622947] hidraw: raw HID events driver (C) Jiri Kosina
[   29.647237] usbcore: registered new interface driver usbhid
[   29.647708] usbhid: USB HID core driver
[   29.649277] Netfilter messages via NETLINK v0.30.
[   29.651001] nf_conntrack version 0.5.0 (3923 buckets, 15692 max)
[   29.655372] ctnetlink v0.93: registering with nfnetlink.
[   29.662811] ipip: IPv4 over IPv4 tunneling driver
[   29.678920] ip_tables: (C) 2000-2006 Netfilter Core Team
[   29.682664] arp_tables: (C) 2002 David S. Miller
[   29.685201] Initializing XFRM netlink socket
[   29.686768] NET: Registered protocol family 10
[   29.712319] ip6_tables: (C) 2000-2006 Netfilter Core Team
[   29.717321] sit: IPv6 over IPv4 tunneling driver
[   29.739755] NET: Registered protocol family 17
[   29.741056] bridge: automatic filtering via arp/ip/ip6tables has been deprecated. Update your scripts to load br_netfilter if you need this.
[   29.742505] Bridge firewalling registered
[   29.743025] Ebtables v2.0 registered
[   29.745777] 8021q: 802.1Q VLAN Support v1.8
[   29.773753] rtc_cmos rtc_cmos: setting system clock to 2025-07-23 02:46:33 UTC (1753238793)
[   29.853896] EXT2-fs (sda1): warning: mounting unchecked fs, running e2fsck is recommended
[   29.856379] VFS: Mounted root (ext2 filesystem) on device 8:1.
[   29.868302] Freeing YAMON memory: 956k freed
[   29.882360] Freeing unused kernel memory: 260K (8081f000 - 80860000)
[   29.886893] cfg80211: Calling CRDA to update world regulatory domain
[   29.922272] firmadyne: sys_reboot[PID: 1 (init)]: magic1:fee1dead, magic2:28121969, cmd:0
init started: BusyBox v1.14.1 (2024-07-07 02:43:58 CEST)
starting pid 48, tty '': '/etc/init.d/rcS'
[   30.089479] firmadyne: do_execve: /firmadyne/console
[   30.090221] OFFSETS: offset of pid: 0x198 offset of comm: 0x278
[/etc/init.d/S03config.sh]
Mounting proc and var ...
[   33.029586] cfg80211: Calling CRDA to update world regulatory domain
SymbLink /dev/mtdblock/0
SymbLink /dev/mtdblock/1
SymbLink /dev/mtdblock/10
SymbLink /dev/mtdblock/2
SymbLink /dev/mtdblock/3
SymbLink /dev/mtdblock/4
SymbLink /dev/mtdblock/5
SymbLink /dev/mtdblock/6
SymbLink /dev/mtdblock/7
SymbLink /dev/mtdblock/8
SymbLink /dev/mtdblock/9
[   36.173513] cfg80211: Calling CRDA to update world regulatory domain
Inserting kernel modules ...
Inserting Rebootm ...
Inserting atheros ethernet ...
Inserting gpio ...
done.
Start xmldb ...
[   36.908765] random: nonblocking pool is initialized
[   36.972708] firmadyne: sys_socket[PID: 147 (xmldb)]: family:1, type:2, protocol:0
[/etc/scripts/misc/profile.sh] get ...
DEVCONF: unable to read config data (ret=-3) !
CAN NOT get devive config, generate default!
[/etc/scripts/misc/profile.sh] reset ...
[   38.511783] firmadyne: sys_socket[PID: 159 (rgdb)]: family:1, type:2, protocol:0
[/etc/scripts/misc/defnodes.sh] ...
[/etc/defnodes/S10setext.sh] ...
[   38.928665] firmadyne: sys_socket[PID: 165 (xmldbc)]: family:1, type:2, protocol:0
[   38.995233] firmadyne: sys_socket[PID: 166 (xmldbc)]: family:1, type:2, protocol:0
[   39.057899] firmadyne: sys_socket[PID: 167 (xmldbc)]: family:1, type:2, protocol:0
[   39.118816] firmadyne: sys_socket[PID: 168 (xmldbc)]: family:1, type:2, protocol:0
[   39.179312] firmadyne: sys_socket[PID: 169 (xmldbc)]: family:1, type:2, protocol:0
[   39.241706] firmadyne: sys_socket[PID: 170 (xmldbc)]: family:1, type:2, protocol:0
[   39.304885] firmadyne: sys_socket[PID: 171 (xmldbc)]: family:1, type:2, protocol:0
[   39.317419] cfg80211: Calling CRDA to update world regulatory domain
[   39.381658] firmadyne: sys_socket[PID: 173 (xmldbc)]: family:1, type:2, protocol:0
[   39.441925] firmadyne: sys_socket[PID: 174 (xmldbc)]: family:1, type:2, protocol:0
[   39.506299] firmadyne: sys_socket[PID: 175 (xmldbc)]: family:1, type:2, protocol:0
[   39.565836] firmadyne: sys_socket[PID: 176 (xmldbc)]: family:1, type:2, protocol:0
[   39.626734] firmadyne: sys_socket[PID: 177 (xmldbc)]: family:1, type:2, protocol:0
[   39.687329] firmadyne: sys_socket[PID: 178 (xmldbc)]: family:1, type:2, protocol:0
[   39.745864] firmadyne: sys_socket[PID: 179 (xmldbc)]: family:1, type:2, protocol:0
[   39.807298] firmadyne: sys_socket[PID: 180 (xmldbc)]: family:1, type:2, protocol:0
[   39.866895] firmadyne: sys_socket[PID: 181 (xmldbc)]: family:1, type:2, protocol:0
[   39.925676] firmadyne: sys_socket[PID: 182 (xmldbc)]: family:1, type:2, protocol:0
[   39.987402] firmadyne: sys_socket[PID: 183 (xmldbc)]: family:1, type:2, protocol:0
[   40.053844] firmadyne: sys_socket[PID: 184 (xmldbc)]: family:1, type:2, protocol:0
[   40.114113] firmadyne: sys_socket[PID: 185 (xmldbc)]: family:1, type:2, protocol:0
[   40.176061] firmadyne: sys_socket[PID: 186 (xmldbc)]: family:1, type:2, protocol:0
[   40.239714] firmadyne: sys_socket[PID: 187 (rgdb)]: family:1, type:2, protocol:0
[   40.306623] firmadyne: sys_socket[PID: 188 (rgdb)]: family:1, type:2, protocol:0
[   40.368121] firmadyne: sys_socket[PID: 189 (rgdb)]: family:1, type:2, protocol:0
[   40.429528] firmadyne: sys_socket[PID: 190 (rgdb)]: family:1, type:2, protocol:0
[   40.489529] firmadyne: sys_socket[PID: 191 (rgdb)]: family:1, type:2, protocol:0
[   40.549465] firmadyne: sys_socket[PID: 192 (rgdb)]: family:1, type:2, protocol:0
[   40.611015] firmadyne: sys_socket[PID: 193 (rgdb)]: family:1, type:2, protocol:0
[   40.670695] firmadyne: sys_socket[PID: 194 (rgdb)]: family:1, type:2, protocol:0
[   40.731048] firmadyne: sys_socket[PID: 195 (rgdb)]: family:1, type:2, protocol:0
[   40.792275] firmadyne: sys_socket[PID: 196 (rgdb)]: family:1, type:2, protocol:0
[   40.852838] firmadyne: sys_socket[PID: 197 (rgdb)]: family:1, type:2, protocol:0
[   40.913910] firmadyne: sys_socket[PID: 198 (rgdb)]: family:1, type:2, protocol:0
[   40.979305] firmadyne: sys_socket[PID: 199 (rgdb)]: family:1, type:2, protocol:0
[   41.042256] firmadyne: sys_socket[PID: 200 (rgdb)]: family:1, type:2, protocol:0
[   41.178950] firmadyne: sys_socket[PID: 202 (xmldbc)]: family:1, type:2, protocol:0
[   41.242862] firmadyne: sys_socket[PID: 203 (xmldbc)]: family:1, type:2, protocol:0
[   41.306847] firmadyne: sys_socket[PID: 204 (xmldbc)]: family:1, type:2, protocol:0
[   41.366999] firmadyne: sys_socket[PID: 205 (xmldbc)]: family:1, type:2, protocol:0
[   41.427913] firmadyne: sys_socket[PID: 206 (xmldbc)]: family:1, type:2, protocol:0
[   41.488036] firmadyne: sys_socket[PID: 207 (xmldbc)]: family:1, type:2, protocol:0
[   41.548198] firmadyne: sys_socket[PID: 208 (xmldbc)]: family:1, type:2, protocol:0
[   41.608766] firmadyne: sys_socket[PID: 209 (xmldbc)]: family:1, type:2, protocol:0
[   41.669278] firmadyne: sys_socket[PID: 210 (xmldbc)]: family:1, type:2, protocol:0
[   41.729329] firmadyne: sys_socket[PID: 211 (xmldbc)]: family:1, type:2, protocol:0
[   41.789818] firmadyne: sys_socket[PID: 212 (xmldbc)]: family:1, type:2, protocol:0
[   41.851149] firmadyne: sys_socket[PID: 213 (xmldbc)]: family:1, type:2, protocol:0
[   41.910239] firmadyne: sys_socket[PID: 214 (xmldbc)]: family:1, type:2, protocol:0
[   41.970583] firmadyne: sys_socket[PID: 215 (xmldbc)]: family:1, type:2, protocol:0
[   42.037416] firmadyne: sys_socket[PID: 216 (xmldbc)]: family:1, type:2, protocol:0
[   42.099079] firmadyne: sys_socket[PID: 217 (xmldbc)]: family:1, type:2, protocol:0
[   42.161421] firmadyne: sys_socket[PID: 218 (xmldbc)]: family:1, type:2, protocol:0
[   42.222826] firmadyne: sys_socket[PID: 219 (xmldbc)]: family:1, type:2, protocol:0
[   42.439428] firmadyne: sys_socket[PID: 224 (xmldbc)]: family:1, type:2, protocol:0
[   42.461597] cfg80211: Calling CRDA to update world regulatory domain
[   42.512699] firmadyne: sys_socket[PID: 225 (xmldbc)]: family:1, type:2, protocol:0
[   42.571086] firmadyne: sys_socket[PID: 227 (xmldbc)]: family:1, type:2, protocol:0
[   42.630877] firmadyne: sys_socket[PID: 228 (xmldbc)]: family:1, type:2, protocol:0
[   42.690577] firmadyne: sys_socket[PID: 229 (xmldbc)]: family:1, type:2, protocol:0
[   42.749723] firmadyne: sys_socket[PID: 230 (xmldbc)]: family:1, type:2, protocol:0
[   42.811598] firmadyne: sys_socket[PID: 231 (xmldbc)]: family:1, type:2, protocol:0
[   42.872690] firmadyne: sys_socket[PID: 232 (xmldbc)]: family:1, type:2, protocol:0
[   42.934832] firmadyne: sys_socket[PID: 233 (xmldbc)]: family:1, type:2, protocol:0
[   42.997227] firmadyne: sys_socket[PID: 234 (xmldbc)]: family:1, type:2, protocol:0
[   43.058726] firmadyne: sys_socket[PID: 235 (xmldbc)]: family:1, type:2, protocol:0
[   43.120149] firmadyne: sys_socket[PID: 236 (xmldbc)]: family:1, type:2, protocol:0
[   43.182877] firmadyne: sys_socket[PID: 237 (xmldbc)]: family:1, type:2, protocol:0
[   43.246789] firmadyne: sys_socket[PID: 238 (xmldbc)]: family:1, type:2, protocol:0
[   43.308664] firmadyne: sys_socket[PID: 239 (xmldbc)]: family:1, type:2, protocol:0
[   43.371262] firmadyne: sys_socket[PID: 240 (xmldbc)]: family:1, type:2, protocol:0
[   43.432224] firmadyne: sys_socket[PID: 241 (xmldbc)]: family:1, type:2, protocol:0
[   43.491993] firmadyne: sys_socket[PID: 242 (xmldbc)]: family:1, type:2, protocol:0
[   43.550283] firmadyne: sys_socket[PID: 243 (xmldbc)]: family:1, type:2, protocol:0
[   43.692632] firmadyne: sys_socket[PID: 247 (xmldbc)]: family:1, type:2, protocol:0
[   43.753493] firmadyne: sys_socket[PID: 248 (xmldbc)]: family:1, type:2, protocol:0
[   43.813357] firmadyne: sys_socket[PID: 249 (xmldbc)]: family:1, type:2, protocol:0
[   43.872807] firmadyne: sys_socket[PID: 250 (xmldbc)]: family:1, type:2, protocol:0
[   43.931207] firmadyne: sys_socket[PID: 251 (xmldbc)]: family:1, type:2, protocol:0
[   43.990833] firmadyne: sys_socket[PID: 252 (xmldbc)]: family:1, type:2, protocol:0
[   44.054869] firmadyne: sys_socket[PID: 253 (xmldbc)]: family:1, type:2, protocol:0
[   44.113734] firmadyne: sys_socket[PID: 254 (xmldbc)]: family:1, type:2, protocol:0
[   44.173618] firmadyne: sys_socket[PID: 255 (xmldbc)]: family:1, type:2, protocol:0
[   44.234528] firmadyne: sys_socket[PID: 256 (xmldbc)]: family:1, type:2, protocol:0
[   44.295489] firmadyne: sys_socket[PID: 257 (xmldbc)]: family:1, type:2, protocol:0
[   44.357364] firmadyne: sys_socket[PID: 258 (xmldbc)]: family:1, type:2, protocol:0
[   44.418532] firmadyne: sys_socket[PID: 259 (xmldbc)]: family:1, type:2, protocol:0
[   44.478187] firmadyne: sys_socket[PID: 260 (xmldbc)]: family:1, type:2, protocol:0
[   44.536204] firmadyne: sys_socket[PID: 261 (xmldbc)]: family:1, type:2, protocol:0
[   44.595983] firmadyne: sys_socket[PID: 262 (xmldbc)]: family:1, type:2, protocol:0
[   44.655072] firmadyne: sys_socket[PID: 263 (xmldbc)]: family:1, type:2, protocol:0
[   44.713291] firmadyne: sys_socket[PID: 264 (xmldbc)]: family:1, type:2, protocol:0
[   44.772562] firmadyne: sys_socket[PID: 265 (xmldbc)]: family:1, type:2, protocol:0
[   44.916396] firmadyne: sys_socket[PID: 269 (xmldbc)]: family:1, type:2, protocol:0
[   44.979245] firmadyne: sys_socket[PID: 270 (xmldbc)]: family:1, type:2, protocol:0
[   45.041560] firmadyne: sys_socket[PID: 271 (xmldbc)]: family:1, type:2, protocol:0
[   45.102763] firmadyne: sys_socket[PID: 272 (xmldbc)]: family:1, type:2, protocol:0
[   45.163700] firmadyne: sys_socket[PID: 273 (xmldbc)]: family:1, type:2, protocol:0
[   45.228348] firmadyne: sys_socket[PID: 274 (xmldbc)]: family:1, type:2, protocol:0
[   45.290617] firmadyne: sys_socket[PID: 275 (xmldbc)]: family:1, type:2, protocol:0
[   45.352110] firmadyne: sys_socket[PID: 276 (xmldbc)]: family:1, type:2, protocol:0
[   45.415806] firmadyne: sys_socket[PID: 277 (xmldbc)]: family:1, type:2, protocol:0
[   45.476253] firmadyne: sys_socket[PID: 278 (xmldbc)]: family:1, type:2, protocol:0
[   45.535031] firmadyne: sys_socket[PID: 279 (xmldbc)]: family:1, type:2, protocol:0
[   45.596227] firmadyne: sys_socket[PID: 280 (xmldbc)]: family:1, type:2, protocol:0
[   45.606474] cfg80211: Calling CRDA to update world regulatory domain
[   45.671092] firmadyne: sys_socket[PID: 282 (xmldbc)]: family:1, type:2, protocol:0
[   45.732059] firmadyne: sys_socket[PID: 283 (xmldbc)]: family:1, type:2, protocol:0
[   45.791202] firmadyne: sys_socket[PID: 284 (xmldbc)]: family:1, type:2, protocol:0
[   45.851790] firmadyne: sys_socket[PID: 285 (xmldbc)]: family:1, type:2, protocol:0
[   45.910887] firmadyne: sys_socket[PID: 286 (xmldbc)]: family:1, type:2, protocol:0
[   45.970605] firmadyne: sys_socket[PID: 287 (xmldbc)]: family:1, type:2, protocol:0
[   46.034160] firmadyne: sys_socket[PID: 288 (xmldbc)]: family:1, type:2, protocol:0
[   46.175639] firmadyne: sys_socket[PID: 292 (xmldbc)]: family:1, type:2, protocol:0
[   46.236029] firmadyne: sys_socket[PID: 293 (xmldbc)]: family:1, type:2, protocol:0
[   46.295462] firmadyne: sys_socket[PID: 294 (xmldbc)]: family:1, type:2, protocol:0
[   46.354544] firmadyne: sys_socket[PID: 295 (xmldbc)]: family:1, type:2, protocol:0
[   46.425935] firmadyne: sys_socket[PID: 296 (xmldbc)]: family:1, type:2, protocol:0
[   46.486656] firmadyne: sys_socket[PID: 297 (xmldbc)]: family:1, type:2, protocol:0
[   46.547855] firmadyne: sys_socket[PID: 298 (xmldbc)]: family:1, type:2, protocol:0
[   46.609185] firmadyne: sys_socket[PID: 299 (xmldbc)]: family:1, type:2, protocol:0
[   46.667379] firmadyne: sys_socket[PID: 300 (xmldbc)]: family:1, type:2, protocol:0
[   46.726668] firmadyne: sys_socket[PID: 301 (xmldbc)]: family:1, type:2, protocol:0
[   46.789168] firmadyne: sys_socket[PID: 302 (xmldbc)]: family:1, type:2, protocol:0
[   46.852079] firmadyne: sys_socket[PID: 303 (xmldbc)]: family:1, type:2, protocol:0
[   46.913711] firmadyne: sys_socket[PID: 304 (xmldbc)]: family:1, type:2, protocol:0
[   46.975106] firmadyne: sys_socket[PID: 305 (xmldbc)]: family:1, type:2, protocol:0
[   47.032887] firmadyne: sys_socket[PID: 306 (xmldbc)]: family:1, type:2, protocol:0
[   47.095228] firmadyne: sys_socket[PID: 307 (xmldbc)]: family:1, type:2, protocol:0
[   47.156466] firmadyne: sys_socket[PID: 308 (xmldbc)]: family:1, type:2, protocol:0
[   47.218292] firmadyne: sys_socket[PID: 309 (xmldbc)]: family:1, type:2, protocol:0
[   47.276113] firmadyne: sys_socket[PID: 310 (xmldbc)]: family:1, type:2, protocol:0
[   47.419207] firmadyne: sys_socket[PID: 314 (xmldbc)]: family:1, type:2, protocol:0
[   47.477892] firmadyne: sys_socket[PID: 315 (xmldbc)]: family:1, type:2, protocol:0
[   47.536271] firmadyne: sys_socket[PID: 316 (xmldbc)]: family:1, type:2, protocol:0
[   47.596317] firmadyne: sys_socket[PID: 317 (xmldbc)]: family:1, type:2, protocol:0
[   47.656805] firmadyne: sys_socket[PID: 318 (xmldbc)]: family:1, type:2, protocol:0
[   47.715848] firmadyne: sys_socket[PID: 319 (xmldbc)]: family:1, type:2, protocol:0
[   47.774756] firmadyne: sys_socket[PID: 320 (xmldbc)]: family:1, type:2, protocol:0
[   47.835150] firmadyne: sys_socket[PID: 321 (xmldbc)]: family:1, type:2, protocol:0
[   47.895787] firmadyne: sys_socket[PID: 322 (xmldbc)]: family:1, type:2, protocol:0
[   47.954852] firmadyne: sys_socket[PID: 323 (xmldbc)]: family:1, type:2, protocol:0
[   48.016565] firmadyne: sys_socket[PID: 324 (xmldbc)]: family:1, type:2, protocol:0
[   48.078184] firmadyne: sys_socket[PID: 325 (xmldbc)]: family:1, type:2, protocol:0
[   48.138750] firmadyne: sys_socket[PID: 326 (xmldbc)]: family:1, type:2, protocol:0
[   48.199229] firmadyne: sys_socket[PID: 327 (xmldbc)]: family:1, type:2, protocol:0
[   48.258423] firmadyne: sys_socket[PID: 328 (xmldbc)]: family:1, type:2, protocol:0
[   48.320469] firmadyne: sys_socket[PID: 329 (xmldbc)]: family:1, type:2, protocol:0
[   48.380564] firmadyne: sys_socket[PID: 330 (xmldbc)]: family:1, type:2, protocol:0
[   48.444937] firmadyne: sys_socket[PID: 331 (xmldbc)]: family:1, type:2, protocol:0
[   48.505473] firmadyne: sys_socket[PID: 332 (xmldbc)]: family:1, type:2, protocol:0
[   48.648168] firmadyne: sys_socket[PID: 336 (xmldbc)]: family:1, type:2, protocol:0
[   48.707596] firmadyne: sys_socket[PID: 337 (xmldbc)]: family:1, type:2, protocol:0
[   48.749320] cfg80211: Calling CRDA to update world regulatory domain
[   48.785985] firmadyne: sys_socket[PID: 338 (xmldbc)]: family:1, type:2, protocol:0
[   48.848533] firmadyne: sys_socket[PID: 340 (xmldbc)]: family:1, type:2, protocol:0
[   48.910890] firmadyne: sys_socket[PID: 341 (xmldbc)]: family:1, type:2, protocol:0
[   48.972367] firmadyne: sys_socket[PID: 342 (xmldbc)]: family:1, type:2, protocol:0
[   49.035753] firmadyne: sys_socket[PID: 343 (xmldbc)]: family:1, type:2, protocol:0
[   49.097712] firmadyne: sys_socket[PID: 344 (xmldbc)]: family:1, type:2, protocol:0
[   49.159217] firmadyne: sys_socket[PID: 345 (xmldbc)]: family:1, type:2, protocol:0
[   49.220532] firmadyne: sys_socket[PID: 346 (xmldbc)]: family:1, type:2, protocol:0
[   49.280100] firmadyne: sys_socket[PID: 347 (xmldbc)]: family:1, type:2, protocol:0
[   49.340887] firmadyne: sys_socket[PID: 348 (xmldbc)]: family:1, type:2, protocol:0
[   65.747438] cfg80211: Calling CRDA to update world regulatory domain
[   65.759578] firmadyne: sys_socket[PID: 349 (xmldbc)]: family:1, type:2, protocol:0
[   65.827587] firmadyne: sys_socket[PID: 351 (xmldbc)]: family:1, type:2, protocol:0
[   65.890008] firmadyne: sys_socket[PID: 352 (xmldbc)]: family:1, type:2, protocol:0
[   65.954239] firmadyne: sys_socket[PID: 353 (xmldbc)]: family:1, type:2, protocol:0
[   66.017223] firmadyne: sys_socket[PID: 354 (xmldbc)]: family:1, type:2, protocol:0
[   76.193956] cfg80211: Exceeded CRDA call max attempts. Not calling CRDA
[   76.204663] firmadyne: sys_socket[PID: 355 (xmldbc)]: family:1, type:2, protocol:0
[   76.270097] firmadyne: sys_socket[PID: 356 (xmldbc)]: family:1, type:2, protocol:0
[   76.422474] firmadyne: sys_socket[PID: 360 (xmldbc)]: family:1, type:2, protocol:0
[   76.485640] firmadyne: sys_socket[PID: 361 (xmldbc)]: family:1, type:2, protocol:0
[  103.493753] firmadyne: sys_socket[PID: 362 (xmldbc)]: family:1, type:2, protocol:0
[  103.556536] firmadyne: sys_socket[PID: 363 (xmldbc)]: family:1, type:2, protocol:0
[  103.618936] firmadyne: sys_socket[PID: 364 (xmldbc)]: family:1, type:2, protocol:0
[  103.683396] firmadyne: sys_socket[PID: 365 (xmldbc)]: family:1, type:2, protocol:0
[  109.899420] firmadyne: sys_socket[PID: 366 (xmldbc)]: family:1, type:2, protocol:0
[  109.958426] firmadyne: sys_socket[PID: 367 (xmldbc)]: family:1, type:2, protocol:0
[  110.019416] firmadyne: sys_socket[PID: 368 (xmldbc)]: family:1, type:2, protocol:0
[  110.082525] firmadyne: sys_socket[PID: 369 (xmldbc)]: family:1, type:2, protocol:0
[  133.530705] firmadyne: sys_socket[PID: 370 (xmldbc)]: family:1, type:2, protocol:0
[  133.593836] firmadyne: sys_socket[PID: 371 (xmldbc)]: family:1, type:2, protocol:0
[  133.655627] firmadyne: sys_socket[PID: 372 (xmldbc)]: family:1, type:2, protocol:0
[  133.719487] firmadyne: sys_socket[PID: 373 (xmldbc)]: family:1, type:2, protocol:0
[  155.391369] firmadyne: sys_socket[PID: 374 (xmldbc)]: family:1, type:2, protocol:0
[  155.454167] firmadyne: sys_socket[PID: 375 (xmldbc)]: family:1, type:2, protocol:0
[  155.516061] firmadyne: sys_socket[PID: 376 (xmldbc)]: family:1, type:2, protocol:0
[  155.579849] firmadyne: sys_socket[PID: 377 (xmldbc)]: family:1, type:2, protocol:0
[  167.998445] firmadyne: sys_socket[PID: 378 (xmldbc)]: family:1, type:2, protocol:0
[  168.144263] firmadyne: sys_socket[PID: 382 (xmldbc)]: family:1, type:2, protocol:0
[  168.202527] firmadyne: sys_socket[PID: 383 (xmldbc)]: family:1, type:2, protocol:0
[  168.263557] firmadyne: sys_socket[PID: 384 (xmldbc)]: family:1, type:2, protocol:0
[  168.326035] firmadyne: sys_socket[PID: 385 (xmldbc)]: family:1, type:2, protocol:0
[  178.279870] firmadyne: sys_socket[PID: 386 (xmldbc)]: family:1, type:2, protocol:0
[  178.342709] firmadyne: sys_socket[PID: 387 (xmldbc)]: family:1, type:2, protocol:0
[  178.404361] firmadyne: sys_socket[PID: 388 (xmldbc)]: family:1, type:2, protocol:0
[  178.468097] firmadyne: sys_socket[PID: 389 (xmldbc)]: family:1, type:2, protocol:0
[  200.304639] firmadyne: sys_socket[PID: 390 (xmldbc)]: family:1, type:2, protocol:0
[  200.367022] firmadyne: sys_socket[PID: 391 (xmldbc)]: family:1, type:2, protocol:0
[  200.429263] firmadyne: sys_socket[PID: 392 (xmldbc)]: family:1, type:2, protocol:0
[  208.642554] firmadyne: sys_socket[PID: 393 (xmldbc)]: family:1, type:2, protocol:0
[  208.706996] firmadyne: sys_socket[PID: 394 (xmldbc)]: family:1, type:2, protocol:0
[  208.768494] firmadyne: sys_socket[PID: 395 (xmldbc)]: family:1, type:2, protocol:0
[  208.830956] firmadyne: sys_socket[PID: 396 (xmldbc)]: family:1, type:2, protocol:0
[  232.497444] firmadyne: sys_socket[PID: 397 (xmldbc)]: family:1, type:2, protocol:0
[  232.562020] firmadyne: sys_socket[PID: 398 (xmldbc)]: family:1, type:2, protocol:0
[  232.625471] firmadyne: sys_socket[PID: 399 (xmldbc)]: family:1, type:2, protocol:0
[  232.689658] firmadyne: sys_socket[PID: 400 (xmldbc)]: family:1, type:2, protocol:0
[  235.648703] firmadyne: sys_socket[PID: 404 (xmldbc)]: family:1, type:2, protocol:0
[  235.711671] firmadyne: sys_socket[PID: 405 (xmldbc)]: family:1, type:2, protocol:0
[  235.773321] firmadyne: sys_socket[PID: 406 (xmldbc)]: family:1, type:2, protocol:0
[  235.835126] firmadyne: sys_socket[PID: 407 (xmldbc)]: family:1, type:2, protocol:0
[  243.976926] firmadyne: sys_socket[PID: 408 (xmldbc)]: family:1, type:2, protocol:0
[  244.040274] firmadyne: sys_socket[PID: 409 (xmldbc)]: family:1, type:2, protocol:0
[  244.102771] firmadyne: sys_socket[PID: 410 (xmldbc)]: family:1, type:2, protocol:0
[  244.164764] firmadyne: sys_socket[PID: 411 (xmldbc)]: family:1, type:2, protocol:0
[  264.754946] firmadyne: sys_socket[PID: 412 (xmldbc)]: family:1, type:2, protocol:0
[  264.813729] firmadyne: sys_socket[PID: 413 (xmldbc)]: family:1, type:2, protocol:0
[  264.875944] firmadyne: sys_socket[PID: 414 (xmldbc)]: family:1, type:2, protocol:0
[  264.939467] firmadyne: sys_socket[PID: 415 (xmldbc)]: family:1, type:2, protocol:0
[  264.998252] firmadyne: sys_socket[PID: 416 (xmldbc)]: family:1, type:2, protocol:0
[  265.059358] firmadyne: sys_socket[PID: 417 (xmldbc)]: family:1, type:2, protocol:0
[  273.786785] firmadyne: sys_socket[PID: 418 (xmldbc)]: family:1, type:2, protocol:0
[  273.850043] firmadyne: sys_socket[PID: 419 (xmldbc)]: family:1, type:2, protocol:0
[  273.912363] firmadyne: sys_socket[PID: 420 (xmldbc)]: family:1, type:2, protocol:0
[  273.976286] firmadyne: sys_socket[PID: 421 (xmldbc)]: family:1, type:2, protocol:0
[  280.303599] firmadyne: sys_socket[PID: 422 (xmldbc)]: family:1, type:2, protocol:0
[  280.451319] firmadyne: sys_socket[PID: 426 (xmldbc)]: family:1, type:2, protocol:0
[  280.514675] firmadyne: sys_socket[PID: 427 (xmldbc)]: family:1, type:2, protocol:0
[  280.576024] firmadyne: sys_socket[PID: 428 (xmldbc)]: family:1, type:2, protocol:0
[  286.760865] firmadyne: sys_socket[PID: 429 (xmldbc)]: family:1, type:2, protocol:0
[  286.823524] firmadyne: sys_socket[PID: 430 (xmldbc)]: family:1, type:2, protocol:0
[  286.885683] firmadyne: sys_socket[PID: 431 (xmldbc)]: family:1, type:2, protocol:0
[  286.949260] firmadyne: sys_socket[PID: 432 (xmldbc)]: family:1, type:2, protocol:0
[  297.040592] firmadyne: sys_socket[PID: 433 (xmldbc)]: family:1, type:2, protocol:0
[  297.103831] firmadyne: sys_socket[PID: 434 (xmldbc)]: family:1, type:2, protocol:0
[  297.165517] firmadyne: sys_socket[PID: 435 (xmldbc)]: family:1, type:2, protocol:0
[  297.228751] firmadyne: sys_socket[PID: 436 (xmldbc)]: family:1, type:2, protocol:0
[  311.633214] firmadyne: sys_socket[PID: 437 (xmldbc)]: family:1, type:2, protocol:0
[  311.695251] firmadyne: sys_socket[PID: 438 (xmldbc)]: family:1, type:2, protocol:0
[  311.758546] firmadyne: sys_socket[PID: 439 (xmldbc)]: family:1, type:2, protocol:0
[  311.822282] firmadyne: sys_socket[PID: 440 (xmldbc)]: family:1, type:2, protocol:0
[  326.438166] firmadyne: sys_socket[PID: 441 (xmldbc)]: family:1, type:2, protocol:0
[  326.500478] firmadyne: sys_socket[PID: 442 (xmldbc)]: family:1, type:2, protocol:0
[  326.562288] firmadyne: sys_socket[PID: 443 (xmldbc)]: family:1, type:2, protocol:0
[  326.625351] firmadyne: sys_socket[PID: 444 (xmldbc)]: family:1, type:2, protocol:0
[  329.398230] firmadyne: sys_socket[PID: 448 (xmldbc)]: family:1, type:2, protocol:0
[  329.461375] firmadyne: sys_socket[PID: 449 (xmldbc)]: family:1, type:2, protocol:0
[  329.523496] firmadyne: sys_socket[PID: 450 (xmldbc)]: family:1, type:2, protocol:0
[  329.584034] firmadyne: sys_socket[PID: 451 (xmldbc)]: family:1, type:2, protocol:0
[  343.984655] firmadyne: sys_socket[PID: 452 (xmldbc)]: family:1, type:2, protocol:0
[  344.042451] firmadyne: sys_socket[PID: 453 (xmldbc)]: family:1, type:2, protocol:0
[  344.103541] firmadyne: sys_socket[PID: 454 (xmldbc)]: family:1, type:2, protocol:0
[  344.166687] firmadyne: sys_socket[PID: 455 (xmldbc)]: family:1, type:2, protocol:0
[  352.081303] firmadyne: sys_socket[PID: 456 (xmldbc)]: family:1, type:2, protocol:0
[  352.145907] firmadyne: sys_socket[PID: 457 (xmldbc)]: family:1, type:2, protocol:0
[  352.203202] firmadyne: sys_socket[PID: 458 (xmldbc)]: family:1, type:2, protocol:0
[  352.265738] firmadyne: sys_socket[PID: 459 (xmldbc)]: family:1, type:2, protocol:0
[  352.330924] firmadyne: sys_socket[PID: 460 (xmldbc)]: family:1, type:2, protocol:0
[  361.499848] firmadyne: sys_socket[PID: 461 (xmldbc)]: family:1, type:2, protocol:0
[  361.566746] firmadyne: sys_socket[PID: 462 (xmldbc)]: family:1, type:2, protocol:0
[  361.628643] firmadyne: sys_socket[PID: 463 (xmldbc)]: family:1, type:2, protocol:0
[  361.686536] firmadyne: sys_socket[PID: 464 (xmldbc)]: family:1, type:2, protocol:0
[  361.749570] firmadyne: sys_socket[PID: 465 (xmldbc)]: family:1, type:2, protocol:0
[  372.597791] firmadyne: sys_socket[PID: 466 (xmldbc)]: family:1, type:2, protocol:0
[  372.746480] firmadyne: sys_socket[PID: 470 (xmldbc)]: family:1, type:2, protocol:0
[  372.810059] firmadyne: sys_socket[PID: 471 (xmldbc)]: family:1, type:2, protocol:0
[  372.871020] firmadyne: sys_socket[PID: 472 (xmldbc)]: family:1, type:2, protocol:0
[  393.774159] firmadyne: sys_socket[PID: 473 (xmldbc)]: family:1, type:2, protocol:0
[  393.838328] firmadyne: sys_socket[PID: 474 (xmldbc)]: family:1, type:2, protocol:0
[  393.900660] firmadyne: sys_socket[PID: 475 (xmldbc)]: family:1, type:2, protocol:0
[  393.965447] firmadyne: sys_socket[PID: 476 (xmldbc)]: family:1, type:2, protocol:0
[  415.565759] firmadyne: sys_socket[PID: 477 (xmldbc)]: family:1, type:2, protocol:0
[  415.629569] firmadyne: sys_socket[PID: 478 (xmldbc)]: family:1, type:2, protocol:0
[  415.690977] firmadyne: sys_socket[PID: 479 (xmldbc)]: family:1, type:2, protocol:0
[  415.754357] firmadyne: sys_socket[PID: 480 (xmldbc)]: family:1, type:2, protocol:0
[  426.036060] firmadyne: sys_socket[PID: 481 (xmldbc)]: family:1, type:2, protocol:0
[  426.099977] firmadyne: sys_socket[PID: 482 (xmldbc)]: family:1, type:2, protocol:0
[  426.162901] firmadyne: sys_socket[PID: 483 (xmldbc)]: family:1, type:2, protocol:0
[  426.226187] firmadyne: sys_socket[PID: 484 (xmldbc)]: family:1, type:2, protocol:0
[  439.683092] firmadyne: sys_socket[PID: 485 (xmldbc)]: family:1, type:2, protocol:0
[  439.742777] firmadyne: sys_socket[PID: 486 (xmldbc)]: family:1, type:2, protocol:0
[  439.805337] firmadyne: sys_socket[PID: 487 (xmldbc)]: family:1, type:2, protocol:0
[  439.870991] firmadyne: sys_socket[PID: 488 (xmldbc)]: family:1, type:2, protocol:0
[  440.018244] firmadyne: sys_socket[PID: 492 (xmldbc)]: family:1, type:2, protocol:0
[  451.126399] firmadyne: sys_socket[PID: 493 (xmldbc)]: family:1, type:2, protocol:0
[  451.189585] firmadyne: sys_socket[PID: 494 (xmldbc)]: family:1, type:2, protocol:0
[  451.250996] firmadyne: sys_socket[PID: 495 (xmldbc)]: family:1, type:2, protocol:0
[  451.313894] firmadyne: sys_socket[PID: 496 (xmldbc)]: family:1, type:2, protocol:0
[  463.297514] firmadyne: sys_socket[PID: 497 (xmldbc)]: family:1, type:2, protocol:0
[  463.375639] firmadyne: sys_socket[PID: 498 (xmldbc)]: family:1, type:2, protocol:0
[  463.440904] firmadyne: sys_socket[PID: 499 (xmldbc)]: family:1, type:2, protocol:0
[  463.504607] firmadyne: sys_socket[PID: 500 (xmldbc)]: family:1, type:2, protocol:0
[  467.190750] firmadyne: sys_socket[PID: 501 (xmldbc)]: family:1, type:2, protocol:0
[  467.252761] firmadyne: sys_socket[PID: 502 (xmldbc)]: family:1, type:2, protocol:0
[  467.315203] firmadyne: sys_socket[PID: 503 (xmldbc)]: family:1, type:2, protocol:0
[  467.381398] firmadyne: sys_socket[PID: 504 (xmldbc)]: family:1, type:2, protocol:0
[  469.655183] firmadyne: sys_socket[PID: 505 (xmldbc)]: family:1, type:2, protocol:0
[  469.717791] firmadyne: sys_socket[PID: 506 (xmldbc)]: family:1, type:2, protocol:0
[  469.779370] firmadyne: sys_socket[PID: 507 (xmldbc)]: family:1, type:2, protocol:0
[  469.843046] firmadyne: sys_socket[PID: 508 (xmldbc)]: family:1, type:2, protocol:0
[  475.660210] firmadyne: sys_socket[PID: 509 (xmldbc)]: family:1, type:2, protocol:0
[  475.722005] firmadyne: sys_socket[PID: 510 (xmldbc)]: family:1, type:2, protocol:0
[  475.869191] firmadyne: sys_socket[PID: 514 (xmldbc)]: family:1, type:2, protocol:0
[  475.925921] firmadyne: sys_socket[PID: 515 (xmldbc)]: family:1, type:2, protocol:0
[  475.981880] firmadyne: sys_socket[PID: 516 (xmldbc)]: family:1, type:2, protocol:0
[  477.404423] firmadyne: sys_socket[PID: 517 (xmldbc)]: family:1, type:2, protocol:0
[  477.467550] firmadyne: sys_socket[PID: 518 (xmldbc)]: family:1, type:2, protocol:0
[  477.531016] firmadyne: sys_socket[PID: 519 (xmldbc)]: family:1, type:2, protocol:0
[  477.592591] firmadyne: sys_socket[PID: 520 (xmldbc)]: family:1, type:2, protocol:0
[  480.322286] firmadyne: sys_socket[PID: 521 (xmldbc)]: family:1, type:2, protocol:0
[  480.384609] firmadyne: sys_socket[PID: 522 (xmldbc)]: family:1, type:2, protocol:0
[  480.446456] firmadyne: sys_socket[PID: 523 (xmldbc)]: family:1, type:2, protocol:0
[  480.502821] firmadyne: sys_socket[PID: 524 (xmldbc)]: family:1, type:2, protocol:0
[  480.561919] firmadyne: sys_socket[PID: 525 (xmldbc)]: family:1, type:2, protocol:0
[  480.617701] firmadyne: sys_socket[PID: 526 (xmldbc)]: family:1, type:2, protocol:0
[  480.678966] firmadyne: sys_socket[PID: 527 (xmldbc)]: family:1, type:2, protocol:0
[  487.038181] firmadyne: sys_socket[PID: 528 (xmldbc)]: family:1, type:2, protocol:0
[  487.102377] firmadyne: sys_socket[PID: 529 (xmldbc)]: family:1, type:2, protocol:0
[  487.164460] firmadyne: sys_socket[PID: 530 (xmldbc)]: family:1, type:2, protocol:0
[  487.226369] firmadyne: sys_socket[PID: 531 (xmldbc)]: family:1, type:2, protocol:0
[  487.284112] firmadyne: sys_socket[PID: 532 (xmldbc)]: family:1, type:2, protocol:0
[  490.535482] firmadyne: sys_socket[PID: 536 (xmldbc)]: family:1, type:2, protocol:0
[  490.598815] firmadyne: sys_socket[PID: 537 (xmldbc)]: family:1, type:2, protocol:0
[  490.660643] firmadyne: sys_socket[PID: 538 (xmldbc)]: family:1, type:2, protocol:0
[  490.723721] firmadyne: sys_socket[PID: 539 (xmldbc)]: family:1, type:2, protocol:0
[  493.522774] firmadyne: sys_socket[PID: 540 (xmldbc)]: family:1, type:2, protocol:0
[  493.582053] firmadyne: sys_socket[PID: 541 (xmldbc)]: family:1, type:2, protocol:0
[  493.644096] firmadyne: sys_socket[PID: 542 (xmldbc)]: family:1, type:2, protocol:0
[  493.706378] firmadyne: sys_socket[PID: 543 (xmldbc)]: family:1, type:2, protocol:0
[  493.771997] firmadyne: sys_socket[PID: 544 (xmldbc)]: family:1, type:2, protocol:0
[  500.351301] firmadyne: sys_socket[PID: 545 (xmldbc)]: family:1, type:2, protocol:0
[  500.415360] firmadyne: sys_socket[PID: 546 (xmldbc)]: family:1, type:2, protocol:0
[  500.477686] firmadyne: sys_socket[PID: 547 (xmldbc)]: family:1, type:2, protocol:0
[  500.540494] firmadyne: sys_socket[PID: 548 (xmldbc)]: family:1, type:2, protocol:0
[  504.998095] firmadyne: sys_socket[PID: 549 (xmldbc)]: family:1, type:2, protocol:0
[  505.060609] firmadyne: sys_socket[PID: 550 (xmldbc)]: family:1, type:2, protocol:0
[  505.122733] firmadyne: sys_socket[PID: 551 (xmldbc)]: family:1, type:2, protocol:0
[  505.186718] firmadyne: sys_socket[PID: 552 (xmldbc)]: family:1, type:2, protocol:0
[  517.354434] firmadyne: sys_socket[PID: 553 (xmldbc)]: family:1, type:2, protocol:0
[  517.417843] firmadyne: sys_socket[PID: 554 (xmldbc)]: family:1, type:2, protocol:0
[  517.565255] firmadyne: sys_socket[PID: 558 (xmldbc)]: family:1, type:2, protocol:0
[  517.627225] firmadyne: sys_socket[PID: 559 (xmldbc)]: family:1, type:2, protocol:0
[  522.836442] firmadyne: sys_socket[PID: 560 (xmldbc)]: family:1, type:2, protocol:0
[  522.899302] firmadyne: sys_socket[PID: 561 (xmldbc)]: family:1, type:2, protocol:0
[  522.961754] firmadyne: sys_socket[PID: 562 (xmldbc)]: family:1, type:2, protocol:0
[  523.028855] firmadyne: sys_socket[PID: 563 (xmldbc)]: family:1, type:2, protocol:0
[  523.150966] firmadyne: sys_socket[PID: 564 (xmldbc)]: family:1, type:2, protocol:0
[  523.215545] firmadyne: sys_socket[PID: 565 (xmldbc)]: family:1, type:2, protocol:0
[  523.278982] firmadyne: sys_socket[PID: 566 (xmldbc)]: family:1, type:2, protocol:0
[  523.340533] firmadyne: sys_socket[PID: 567 (xmldbc)]: family:1, type:2, protocol:0
[  532.012921] firmadyne: sys_socket[PID: 568 (xmldbc)]: family:1, type:2, protocol:0
[  532.075415] firmadyne: sys_socket[PID: 569 (xmldbc)]: family:1, type:2, protocol:0
[  532.136515] firmadyne: sys_socket[PID: 570 (xmldbc)]: family:1, type:2, protocol:0
[  532.195060] firmadyne: sys_socket[PID: 571 (xmldbc)]: family:1, type:2, protocol:0
[  532.255884] firmadyne: sys_socket[PID: 572 (xmldbc)]: family:1, type:2, protocol:0
[  542.408385] firmadyne: sys_socket[PID: 573 (xmldbc)]: family:1, type:2, protocol:0
[  542.471507] firmadyne: sys_socket[PID: 574 (xmldbc)]: family:1, type:2, protocol:0
[  542.534074] firmadyne: sys_socket[PID: 575 (xmldbc)]: family:1, type:2, protocol:0
[  542.599310] firmadyne: sys_socket[PID: 576 (xmldbc)]: family:1, type:2, protocol:0
[  548.285456] firmadyne: sys_socket[PID: 580 (xmldbc)]: family:1, type:2, protocol:0
[  548.349615] firmadyne: sys_socket[PID: 581 (xmldbc)]: family:1, type:2, protocol:0
[  548.411626] firmadyne: sys_socket[PID: 582 (xmldbc)]: family:1, type:2, protocol:0
[  548.473302] firmadyne: sys_socket[PID: 583 (xmldbc)]: family:1, type:2, protocol:0
[  553.639522] firmadyne: sys_socket[PID: 584 (xmldbc)]: family:1, type:2, protocol:0
[  553.701566] firmadyne: sys_socket[PID: 585 (xmldbc)]: family:1, type:2, protocol:0
[  553.764859] firmadyne: sys_socket[PID: 586 (xmldbc)]: family:1, type:2, protocol:0
[  555.039425] firmadyne: sys_socket[PID: 587 (xmldbc)]: family:1, type:2, protocol:0
[  555.102777] firmadyne: sys_socket[PID: 588 (xmldbc)]: family:1, type:2, protocol:0
[  555.164674] firmadyne: sys_socket[PID: 589 (xmldbc)]: family:1, type:2, protocol:0
[  555.227021] firmadyne: sys_socket[PID: 590 (xmldbc)]: family:1, type:2, protocol:0
[  557.386948] firmadyne: sys_socket[PID: 591 (xmldbc)]: family:1, type:2, protocol:0
[  557.445214] firmadyne: sys_socket[PID: 592 (xmldbc)]: family:1, type:2, protocol:0
[  557.506636] firmadyne: sys_socket[PID: 593 (xmldbc)]: family:1, type:2, protocol:0
[  557.568511] firmadyne: sys_socket[PID: 594 (xmldbc)]: family:1, type:2, protocol:0
[  557.632618] firmadyne: sys_socket[PID: 595 (xmldbc)]: family:1, type:2, protocol:0
[  564.017860] firmadyne: sys_socket[PID: 596 (xmldbc)]: family:1, type:2, protocol:0
[  564.081318] firmadyne: sys_socket[PID: 597 (xmldbc)]: family:1, type:2, protocol:0
[  564.142911] firmadyne: sys_socket[PID: 598 (xmldbc)]: family:1, type:2, protocol:0
[  564.291614] firmadyne: sys_socket[PID: 602 (xmldbc)]: family:1, type:2, protocol:0
[  568.558985] firmadyne: sys_socket[PID: 603 (xmldbc)]: family:1, type:2, protocol:0
[  568.621637] firmadyne: sys_socket[PID: 604 (xmldbc)]: family:1, type:2, protocol:0
[  568.682955] firmadyne: sys_socket[PID: 605 (xmldbc)]: family:1, type:2, protocol:0
[  568.744394] firmadyne: sys_socket[PID: 606 (xmldbc)]: family:1, type:2, protocol:0
[  575.601823] firmadyne: sys_socket[PID: 607 (xmldbc)]: family:1, type:2, protocol:0
[  575.665971] firmadyne: sys_socket[PID: 608 (xmldbc)]: family:1, type:2, protocol:0
[  575.728402] firmadyne: sys_socket[PID: 609 (xmldbc)]: family:1, type:2, protocol:0
[  575.792473] firmadyne: sys_socket[PID: 610 (xmldbc)]: family:1, type:2, protocol:0
[  584.006982] firmadyne: sys_socket[PID: 611 (xmldbc)]: family:1, type:2, protocol:0
[  584.071516] firmadyne: sys_socket[PID: 612 (xmldbc)]: family:1, type:2, protocol:0
[  584.128001] firmadyne: sys_socket[PID: 613 (xmldbc)]: family:1, type:2, protocol:0
[  584.189707] firmadyne: sys_socket[PID: 614 (xmldbc)]: family:1, type:2, protocol:0
[  584.254919] firmadyne: sys_socket[PID: 615 (xmldbc)]: family:1, type:2, protocol:0
[  587.319750] firmadyne: sys_socket[PID: 616 (xmldbc)]: family:1, type:2, protocol:0
[  587.383450] firmadyne: sys_socket[PID: 617 (xmldbc)]: family:1, type:2, protocol:0
[  587.445931] firmadyne: sys_socket[PID: 618 (xmldbc)]: family:1, type:2, protocol:0
[  587.510081] firmadyne: sys_socket[PID: 619 (xmldbc)]: family:1, type:2, protocol:0
[  593.505525] firmadyne: sys_socket[PID: 620 (xmldbc)]: family:1, type:2, protocol:0
[  593.653442] firmadyne: sys_socket[PID: 624 (xmldbc)]: family:1, type:2, protocol:0
[  593.716951] firmadyne: sys_socket[PID: 625 (xmldbc)]: family:1, type:2, protocol:0
[  593.778974] firmadyne: sys_socket[PID: 626 (xmldbc)]: family:1, type:2, protocol:0
[  593.835486] firmadyne: sys_socket[PID: 627 (xmldbc)]: family:1, type:2, protocol:0
[  598.666190] firmadyne: sys_socket[PID: 628 (xmldbc)]: family:1, type:2, protocol:0
[  598.729596] firmadyne: sys_socket[PID: 629 (xmldbc)]: family:1, type:2, protocol:0
[  598.791434] firmadyne: sys_socket[PID: 630 (xmldbc)]: family:1, type:2, protocol:0
[  598.854925] firmadyne: sys_socket[PID: 631 (xmldbc)]: family:1, type:2, protocol:0
[  613.930228] firmadyne: sys_socket[PID: 632 (xmldbc)]: family:1, type:2, protocol:0
[  613.992773] firmadyne: sys_socket[PID: 633 (xmldbc)]: family:1, type:2, protocol:0
[  614.055027] firmadyne: sys_socket[PID: 634 (xmldbc)]: family:1, type:2, protocol:0
[  614.117199] firmadyne: sys_socket[PID: 635 (xmldbc)]: family:1, type:2, protocol:0
[  619.250759] firmadyne: sys_socket[PID: 636 (xmldbc)]: family:1, type:2, protocol:0
[  619.313397] firmadyne: sys_socket[PID: 637 (xmldbc)]: family:1, type:2, protocol:0
[  619.375429] firmadyne: sys_socket[PID: 638 (xmldbc)]: family:1, type:2, protocol:0
[  619.432091] firmadyne: sys_socket[PID: 639 (xmldbc)]: family:1, type:2, protocol:0
[  619.493691] firmadyne: sys_socket[PID: 640 (xmldbc)]: family:1, type:2, protocol:0
[  624.423687] firmadyne: sys_socket[PID: 641 (xmldbc)]: family:1, type:2, protocol:0
[  624.486808] firmadyne: sys_socket[PID: 642 (xmldbc)]: family:1, type:2, protocol:0
[  624.631443] firmadyne: sys_socket[PID: 646 (xmldbc)]: family:1, type:2, protocol:0
[  624.693421] firmadyne: sys_socket[PID: 647 (xmldbc)]: family:1, type:2, protocol:0
[  627.193207] firmadyne: sys_socket[PID: 648 (xmldbc)]: family:1, type:2, protocol:0
[  627.250618] firmadyne: sys_socket[PID: 649 (xmldbc)]: family:1, type:2, protocol:0
[  627.311537] firmadyne: sys_socket[PID: 650 (xmldbc)]: family:1, type:2, protocol:0
[  627.373480] firmadyne: sys_socket[PID: 651 (xmldbc)]: family:1, type:2, protocol:0
[  627.430085] firmadyne: sys_socket[PID: 652 (xmldbc)]: family:1, type:2, protocol:0
[  627.486037] firmadyne: sys_socket[PID: 653 (xmldbc)]: family:1, type:2, protocol:0
[  632.381904] firmadyne: sys_socket[PID: 654 (xmldbc)]: family:1, type:2, protocol:0
[  632.445674] firmadyne: sys_socket[PID: 655 (xmldbc)]: family:1, type:2, protocol:0
[  632.507759] firmadyne: sys_socket[PID: 656 (xmldbc)]: family:1, type:2, protocol:0
[  632.569606] firmadyne: sys_socket[PID: 657 (xmldbc)]: family:1, type:2, protocol:0
[  635.206589] firmadyne: sys_socket[PID: 658 (xmldbc)]: family:1, type:2, protocol:0
[  635.270490] firmadyne: sys_socket[PID: 659 (xmldbc)]: family:1, type:2, protocol:0
[  635.332617] firmadyne: sys_socket[PID: 660 (xmldbc)]: family:1, type:2, protocol:0
[  635.394890] firmadyne: sys_socket[PID: 661 (xmldbc)]: family:1, type:2, protocol:0
[  638.010846] firmadyne: sys_socket[PID: 662 (xmldbc)]: family:1, type:2, protocol:0
[  638.073489] firmadyne: sys_socket[PID: 663 (xmldbc)]: family:1, type:2, protocol:0
[  638.136510] firmadyne: sys_socket[PID: 664 (xmldbc)]: family:1, type:2, protocol:0
[  638.282709] firmadyne: sys_socket[PID: 668 (xmldbc)]: family:1, type:2, protocol:0
[  640.879965] firmadyne: sys_socket[PID: 669 (xmldbc)]: family:1, type:2, protocol:0
[  640.942668] firmadyne: sys_socket[PID: 670 (xmldbc)]: family:1, type:2, protocol:0
[  641.004826] firmadyne: sys_socket[PID: 671 (xmldbc)]: family:1, type:2, protocol:0
[  641.066641] firmadyne: sys_socket[PID: 672 (xmldbc)]: family:1, type:2, protocol:0
[  643.658963] firmadyne: sys_socket[PID: 673 (xmldbc)]: family:1, type:2, protocol:0
[  643.721727] firmadyne: sys_socket[PID: 674 (xmldbc)]: family:1, type:2, protocol:0
[  643.783920] firmadyne: sys_socket[PID: 675 (xmldbc)]: family:1, type:2, protocol:0
[  643.846355] firmadyne: sys_socket[PID: 676 (xmldbc)]: family:1, type:2, protocol:0
[  643.902620] firmadyne: sys_socket[PID: 677 (xmldbc)]: family:1, type:2, protocol:0
[  646.457267] firmadyne: sys_socket[PID: 678 (xmldbc)]: family:1, type:2, protocol:0
[  646.520710] firmadyne: sys_socket[PID: 679 (xmldbc)]: family:1, type:2, protocol:0
[  646.583162] firmadyne: sys_socket[PID: 680 (xmldbc)]: family:1, type:2, protocol:0
[  646.644376] firmadyne: sys_socket[PID: 681 (xmldbc)]: family:1, type:2, protocol:0
[  646.701244] firmadyne: sys_socket[PID: 682 (xmldbc)]: family:1, type:2, protocol:0
[  649.267639] firmadyne: sys_socket[PID: 683 (xmldbc)]: family:1, type:2, protocol:0
[  649.331788] firmadyne: sys_socket[PID: 684 (xmldbc)]: family:1, type:2, protocol:0
[  649.394153] firmadyne: sys_socket[PID: 685 (xmldbc)]: family:1, type:2, protocol:0
[  649.456708] firmadyne: sys_socket[PID: 686 (xmldbc)]: family:1, type:2, protocol:0
[  654.951322] firmadyne: sys_socket[PID: 690 (xmldbc)]: family:1, type:2, protocol:0
[  655.015618] firmadyne: sys_socket[PID: 691 (xmldbc)]: family:1, type:2, protocol:0
[  655.078063] firmadyne: sys_socket[PID: 692 (xmldbc)]: family:1, type:2, protocol:0
[  655.139776] firmadyne: sys_socket[PID: 693 (xmldbc)]: family:1, type:2, protocol:0
[  657.651488] firmadyne: sys_socket[PID: 694 (xmldbc)]: family:1, type:2, protocol:0
[  657.714584] firmadyne: sys_socket[PID: 695 (xmldbc)]: family:1, type:2, protocol:0
[  657.775932] firmadyne: sys_socket[PID: 696 (xmldbc)]: family:1, type:2, protocol:0
[  657.837697] firmadyne: sys_socket[PID: 697 (xmldbc)]: family:1, type:2, protocol:0
[  660.199488] firmadyne: sys_socket[PID: 698 (xmldbc)]: family:1, type:2, protocol:0
[  660.262303] firmadyne: sys_socket[PID: 699 (xmldbc)]: family:1, type:2, protocol:0
[  660.324637] firmadyne: sys_socket[PID: 700 (xmldbc)]: family:1, type:2, protocol:0
[  660.382014] firmadyne: sys_socket[PID: 701 (xmldbc)]: family:1, type:2, protocol:0
[  660.438527] firmadyne: sys_socket[PID: 702 (xmldbc)]: family:1, type:2, protocol:0
[  660.502832] firmadyne: sys_socket[PID: 703 (xmldbc)]: family:1, type:2, protocol:0
[  660.622611] firmadyne: sys_socket[PID: 704 (xmldbc)]: family:1, type:2, protocol:0
[  660.684606] firmadyne: sys_socket[PID: 705 (xmldbc)]: family:1, type:2, protocol:0
[  660.747406] firmadyne: sys_socket[PID: 706 (xmldbc)]: family:1, type:2, protocol:0
[  660.810269] firmadyne: sys_socket[PID: 707 (xmldbc)]: family:1, type:2, protocol:0
[  666.581539] firmadyne: sys_socket[PID: 708 (xmldbc)]: family:1, type:2, protocol:0
[  666.727689] firmadyne: sys_socket[PID: 712 (xmldbc)]: family:1, type:2, protocol:0
[  666.789697] firmadyne: sys_socket[PID: 713 (xmldbc)]: family:1, type:2, protocol:0
[  666.851642] firmadyne: sys_socket[PID: 714 (xmldbc)]: family:1, type:2, protocol:0
[  670.019476] firmadyne: sys_socket[PID: 715 (xmldbc)]: family:1, type:2, protocol:0
[  670.082474] firmadyne: sys_socket[PID: 716 (xmldbc)]: family:1, type:2, protocol:0
[  670.144867] firmadyne: sys_socket[PID: 717 (xmldbc)]: family:1, type:2, protocol:0
[  670.206836] firmadyne: sys_socket[PID: 718 (xmldbc)]: family:1, type:2, protocol:0
[  670.327288] firmadyne: sys_socket[PID: 719 (xmldbc)]: family:1, type:2, protocol:0
[  670.388706] firmadyne: sys_socket[PID: 720 (xmldbc)]: family:1, type:2, protocol:0
[  670.450665] firmadyne: sys_socket[PID: 721 (xmldbc)]: family:1, type:2, protocol:0
[  670.524665] firmadyne: sys_socket[PID: 722 (xmldbc)]: family:1, type:2, protocol:0
[  670.625306] firmadyne: sys_socket[PID: 723 (xmldbc)]: family:1, type:2, protocol:0
[  670.689305] firmadyne: sys_socket[PID: 724 (xmldbc)]: family:1, type:2, protocol:0
[  670.750893] firmadyne: sys_socket[PID: 725 (xmldbc)]: family:1, type:2, protocol:0
[  670.812085] firmadyne: sys_socket[PID: 726 (xmldbc)]: family:1, type:2, protocol:0
[  670.873383] firmadyne: sys_socket[PID: 727 (xmldbc)]: family:1, type:2, protocol:0
[  670.935270] firmadyne: sys_socket[PID: 728 (xmldbc)]: family:1, type:2, protocol:0
[  670.997325] firmadyne: sys_socket[PID: 729 (xmldbc)]: family:1, type:2, protocol:0
[  671.059114] firmadyne: sys_socket[PID: 730 (xmldbc)]: family:1, type:2, protocol:0
[  671.214266] firmadyne: sys_socket[PID: 734 (xmldbc)]: family:1, type:2, protocol:0
[  671.275392] firmadyne: sys_socket[PID: 735 (xmldbc)]: family:1, type:2, protocol:0
[  671.337699] firmadyne: sys_socket[PID: 736 (xmldbc)]: family:1, type:2, protocol:0
[  671.399313] firmadyne: sys_socket[PID: 737 (xmldbc)]: family:1, type:2, protocol:0
[  671.459693] firmadyne: sys_socket[PID: 738 (xmldbc)]: family:1, type:2, protocol:0
[  671.522022] firmadyne: sys_socket[PID: 739 (xmldbc)]: family:1, type:2, protocol:0
[  671.583582] firmadyne: sys_socket[PID: 740 (xmldbc)]: family:1, type:2, protocol:0
[  671.644601] firmadyne: sys_socket[PID: 741 (xmldbc)]: family:1, type:2, protocol:0
[  671.707851] firmadyne: sys_socket[PID: 742 (xmldbc)]: family:1, type:2, protocol:0
[  671.769940] firmadyne: sys_socket[PID: 743 (xmldbc)]: family:1, type:2, protocol:0
[  671.831471] firmadyne: sys_socket[PID: 744 (xmldbc)]: family:1, type:2, protocol:0
[  671.893349] firmadyne: sys_socket[PID: 745 (xmldbc)]: family:1, type:2, protocol:0
[  671.955304] firmadyne: sys_socket[PID: 746 (xmldbc)]: family:1, type:2, protocol:0
[  672.017641] firmadyne: sys_socket[PID: 747 (xmldbc)]: family:1, type:2, protocol:0
[  672.079321] firmadyne: sys_socket[PID: 748 (xmldbc)]: family:1, type:2, protocol:0
[  672.140462] firmadyne: sys_socket[PID: 749 (xmldbc)]: family:1, type:2, protocol:0
[  672.204301] firmadyne: sys_socket[PID: 750 (xmldbc)]: family:1, type:2, protocol:0
[  672.266503] firmadyne: sys_socket[PID: 751 (xmldbc)]: family:1, type:2, protocol:0
[  672.329162] firmadyne: sys_socket[PID: 752 (xmldbc)]: family:1, type:2, protocol:0
[  672.473903] firmadyne: sys_socket[PID: 756 (xmldbc)]: family:1, type:2, protocol:0
[  672.534935] firmadyne: sys_socket[PID: 757 (xmldbc)]: family:1, type:2, protocol:0
[  672.596436] firmadyne: sys_socket[PID: 758 (xmldbc)]: family:1, type:2, protocol:0
[  672.658459] firmadyne: sys_socket[PID: 759 (xmldbc)]: family:1, type:2, protocol:0
[  672.722936] firmadyne: sys_socket[PID: 760 (xmldbc)]: family:1, type:2, protocol:0
[  672.784699] firmadyne: sys_socket[PID: 761 (xmldbc)]: family:1, type:2, protocol:0
[  672.846428] firmadyne: sys_socket[PID: 762 (xmldbc)]: family:1, type:2, protocol:0
[  672.907554] firmadyne: sys_socket[PID: 763 (xmldbc)]: family:1, type:2, protocol:0
[  672.968386] firmadyne: sys_socket[PID: 764 (xmldbc)]: family:1, type:2, protocol:0
[  673.031353] firmadyne: sys_socket[PID: 765 (xmldbc)]: family:1, type:2, protocol:0
[  673.093295] firmadyne: sys_socket[PID: 766 (xmldbc)]: family:1, type:2, protocol:0
[  673.155256] firmadyne: sys_socket[PID: 767 (xmldbc)]: family:1, type:2, protocol:0
[  673.218044] firmadyne: sys_socket[PID: 768 (xmldbc)]: family:1, type:2, protocol:0
[  673.279415] firmadyne: sys_socket[PID: 769 (xmldbc)]: family:1, type:2, protocol:0
[  673.341224] firmadyne: sys_socket[PID: 770 (xmldbc)]: family:1, type:2, protocol:0
[  673.402759] firmadyne: sys_socket[PID: 771 (xmldbc)]: family:1, type:2, protocol:0
[  673.463991] firmadyne: sys_socket[PID: 772 (xmldbc)]: family:1, type:2, protocol:0
[  673.525855] firmadyne: sys_socket[PID: 773 (xmldbc)]: family:1, type:2, protocol:0
[  673.586701] firmadyne: sys_socket[PID: 774 (xmldbc)]: family:1, type:2, protocol:0
[  673.728184] firmadyne: sys_socket[PID: 778 (xmldbc)]: family:1, type:2, protocol:0
[  673.788897] firmadyne: sys_socket[PID: 779 (xmldbc)]: family:1, type:2, protocol:0
[  673.851110] firmadyne: sys_socket[PID: 780 (xmldbc)]: family:1, type:2, protocol:0
[  673.912922] firmadyne: sys_socket[PID: 781 (xmldbc)]: family:1, type:2, protocol:0
[  673.974932] firmadyne: sys_socket[PID: 782 (xmldbc)]: family:1, type:2, protocol:0
[  674.036576] firmadyne: sys_socket[PID: 783 (xmldbc)]: family:1, type:2, protocol:0
[  674.098040] firmadyne: sys_socket[PID: 784 (xmldbc)]: family:1, type:2, protocol:0
[  674.159504] firmadyne: sys_socket[PID: 785 (xmldbc)]: family:1, type:2, protocol:0
[  674.221940] firmadyne: sys_socket[PID: 786 (xmldbc)]: family:1, type:2, protocol:0
[  674.282879] firmadyne: sys_socket[PID: 787 (xmldbc)]: family:1, type:2, protocol:0
[  674.343804] firmadyne: sys_socket[PID: 788 (xmldbc)]: family:1, type:2, protocol:0
[  674.405244] firmadyne: sys_socket[PID: 789 (xmldbc)]: family:1, type:2, protocol:0
[  674.467012] firmadyne: sys_socket[PID: 790 (xmldbc)]: family:1, type:2, protocol:0
[  674.529292] firmadyne: sys_socket[PID: 791 (xmldbc)]: family:1, type:2, protocol:0
[  674.591123] firmadyne: sys_socket[PID: 792 (xmldbc)]: family:1, type:2, protocol:0
[  674.652812] firmadyne: sys_socket[PID: 793 (xmldbc)]: family:1, type:2, protocol:0
[  674.717261] firmadyne: sys_socket[PID: 794 (xmldbc)]: family:1, type:2, protocol:0
[  674.779346] firmadyne: sys_socket[PID: 795 (xmldbc)]: family:1, type:2, protocol:0
[  674.841341] firmadyne: sys_socket[PID: 796 (xmldbc)]: family:1, type:2, protocol:0
[  674.987204] firmadyne: sys_socket[PID: 800 (xmldbc)]: family:1, type:2, protocol:0
[  675.049811] firmadyne: sys_socket[PID: 801 (xmldbc)]: family:1, type:2, protocol:0
[  675.111256] firmadyne: sys_socket[PID: 802 (xmldbc)]: family:1, type:2, protocol:0
[  675.172292] firmadyne: sys_socket[PID: 803 (xmldbc)]: family:1, type:2, protocol:0
[  675.233300] firmadyne: sys_socket[PID: 804 (xmldbc)]: family:1, type:2, protocol:0
[  675.294124] firmadyne: sys_socket[PID: 805 (xmldbc)]: family:1, type:2, protocol:0
[  675.355805] firmadyne: sys_socket[PID: 806 (xmldbc)]: family:1, type:2, protocol:0
[  675.417617] firmadyne: sys_socket[PID: 807 (xmldbc)]: family:1, type:2, protocol:0
[  675.481786] firmadyne: sys_socket[PID: 808 (xmldbc)]: family:1, type:2, protocol:0
[  675.543794] firmadyne: sys_socket[PID: 809 (xmldbc)]: family:1, type:2, protocol:0
[  675.606642] firmadyne: sys_socket[PID: 810 (xmldbc)]: family:1, type:2, protocol:0
[  675.668359] firmadyne: sys_socket[PID: 811 (xmldbc)]: family:1, type:2, protocol:0
[  675.732864] firmadyne: sys_socket[PID: 812 (xmldbc)]: family:1, type:2, protocol:0
[  675.795631] firmadyne: sys_socket[PID: 813 (xmldbc)]: family:1, type:2, protocol:0
[  675.857181] firmadyne: sys_socket[PID: 814 (xmldbc)]: family:1, type:2, protocol:0
[  675.919116] firmadyne: sys_socket[PID: 815 (xmldbc)]: family:1, type:2, protocol:0
[  675.981661] firmadyne: sys_socket[PID: 816 (xmldbc)]: family:1, type:2, protocol:0
[  676.043532] firmadyne: sys_socket[PID: 817 (xmldbc)]: family:1, type:2, protocol:0
[  676.105277] firmadyne: sys_socket[PID: 818 (xmldbc)]: family:1, type:2, protocol:0
[  676.250452] firmadyne: sys_socket[PID: 822 (xmldbc)]: family:1, type:2, protocol:0
[  676.312091] firmadyne: sys_socket[PID: 823 (xmldbc)]: family:1, type:2, protocol:0
[  676.374505] firmadyne: sys_socket[PID: 824 (xmldbc)]: family:1, type:2, protocol:0
[  676.435494] firmadyne: sys_socket[PID: 825 (xmldbc)]: family:1, type:2, protocol:0
[  676.497286] firmadyne: sys_socket[PID: 826 (xmldbc)]: family:1, type:2, protocol:0
[  676.558629] firmadyne: sys_socket[PID: 827 (xmldbc)]: family:1, type:2, protocol:0
[  676.619365] firmadyne: sys_socket[PID: 828 (xmldbc)]: family:1, type:2, protocol:0
[  676.680247] firmadyne: sys_socket[PID: 829 (xmldbc)]: family:1, type:2, protocol:0
[  676.741886] firmadyne: sys_socket[PID: 830 (xmldbc)]: family:1, type:2, protocol:0
[  676.804917] firmadyne: sys_socket[PID: 831 (xmldbc)]: family:1, type:2, protocol:0
[  676.867219] firmadyne: sys_socket[PID: 832 (xmldbc)]: family:1, type:2, protocol:0
[  676.929277] firmadyne: sys_socket[PID: 833 (xmldbc)]: family:1, type:2, protocol:0
[  676.991371] firmadyne: sys_socket[PID: 834 (xmldbc)]: family:1, type:2, protocol:0
[  677.052867] firmadyne: sys_socket[PID: 835 (xmldbc)]: family:1, type:2, protocol:0
[  677.114780] firmadyne: sys_socket[PID: 836 (xmldbc)]: family:1, type:2, protocol:0
[  677.176489] firmadyne: sys_socket[PID: 837 (xmldbc)]: family:1, type:2, protocol:0
[  677.238914] firmadyne: sys_socket[PID: 838 (xmldbc)]: family:1, type:2, protocol:0
[  677.300642] firmadyne: sys_socket[PID: 839 (xmldbc)]: family:1, type:2, protocol:0
[  677.362979] firmadyne: sys_socket[PID: 840 (xmldbc)]: family:1, type:2, protocol:0
[  677.507420] firmadyne: sys_socket[PID: 844 (xmldbc)]: family:1, type:2, protocol:0
[  677.568335] firmadyne: sys_socket[PID: 845 (xmldbc)]: family:1, type:2, protocol:0
[  677.629485] firmadyne: sys_socket[PID: 846 (xmldbc)]: family:1, type:2, protocol:0
[  677.690551] firmadyne: sys_socket[PID: 847 (xmldbc)]: family:1, type:2, protocol:0
[  677.752173] firmadyne: sys_socket[PID: 848 (xmldbc)]: family:1, type:2, protocol:0
[  677.814949] firmadyne: sys_socket[PID: 849 (xmldbc)]: family:1, type:2, protocol:0
[  677.875650] firmadyne: sys_socket[PID: 850 (xmldbc)]: family:1, type:2, protocol:0
[  677.936673] firmadyne: sys_socket[PID: 851 (xmldbc)]: family:1, type:2, protocol:0
[  678.004043] firmadyne: sys_socket[PID: 852 (xmldbc)]: family:1, type:2, protocol:0
[  678.065927] firmadyne: sys_socket[PID: 853 (xmldbc)]: family:1, type:2, protocol:0
[  678.127719] firmadyne: sys_socket[PID: 854 (xmldbc)]: family:1, type:2, protocol:0
[  678.189289] firmadyne: sys_socket[PID: 855 (xmldbc)]: family:1, type:2, protocol:0
[  678.251278] firmadyne: sys_socket[PID: 856 (xmldbc)]: family:1, type:2, protocol:0
[  678.313394] firmadyne: sys_socket[PID: 857 (xmldbc)]: family:1, type:2, protocol:0
[  678.374691] firmadyne: sys_socket[PID: 858 (xmldbc)]: family:1, type:2, protocol:0
[  678.435839] firmadyne: sys_socket[PID: 859 (xmldbc)]: family:1, type:2, protocol:0
[  678.498227] firmadyne: sys_socket[PID: 860 (xmldbc)]: family:1, type:2, protocol:0
[  678.559641] firmadyne: sys_socket[PID: 861 (xmldbc)]: family:1, type:2, protocol:0
[  678.620223] firmadyne: sys_socket[PID: 862 (xmldbc)]: family:1, type:2, protocol:0
[  678.764808] firmadyne: sys_socket[PID: 866 (xmldbc)]: family:1, type:2, protocol:0
[  678.827762] firmadyne: sys_socket[PID: 867 (xmldbc)]: family:1, type:2, protocol:0
[  678.888902] firmadyne: sys_socket[PID: 868 (xmldbc)]: family:1, type:2, protocol:0
[  678.951353] firmadyne: sys_socket[PID: 869 (xmldbc)]: family:1, type:2, protocol:0
[  679.013733] firmadyne: sys_socket[PID: 870 (xmldbc)]: family:1, type:2, protocol:0
[  679.075942] firmadyne: sys_socket[PID: 871 (xmldbc)]: family:1, type:2, protocol:0
[  679.138008] firmadyne: sys_socket[PID: 872 (xmldbc)]: family:1, type:2, protocol:0
[  679.199449] firmadyne: sys_socket[PID: 873 (xmldbc)]: family:1, type:2, protocol:0
[  679.261827] firmadyne: sys_socket[PID: 874 (xmldbc)]: family:1, type:2, protocol:0
[  679.324019] firmadyne: sys_socket[PID: 875 (xmldbc)]: family:1, type:2, protocol:0
[  679.386871] firmadyne: sys_socket[PID: 876 (xmldbc)]: family:1, type:2, protocol:0
[  679.448372] firmadyne: sys_socket[PID: 877 (xmldbc)]: family:1, type:2, protocol:0
[  679.510433] firmadyne: sys_socket[PID: 878 (xmldbc)]: family:1, type:2, protocol:0
[  679.571447] firmadyne: sys_socket[PID: 879 (xmldbc)]: family:1, type:2, protocol:0
[  679.628032] firmadyne: sys_socket[PID: 880 (xmldbc)]: family:1, type:2, protocol:0
[  679.689446] firmadyne: sys_socket[PID: 881 (xmldbc)]: family:1, type:2, protocol:0
[  679.751351] firmadyne: sys_socket[PID: 882 (xmldbc)]: family:1, type:2, protocol:0
[  679.814767] firmadyne: sys_socket[PID: 883 (xmldbc)]: family:1, type:2, protocol:0
[  679.877259] firmadyne: sys_socket[PID: 884 (xmldbc)]: family:1, type:2, protocol:0
[  680.022648] firmadyne: sys_socket[PID: 888 (xmldbc)]: family:1, type:2, protocol:0
[  680.083572] firmadyne: sys_socket[PID: 889 (xmldbc)]: family:1, type:2, protocol:0
[  680.139841] firmadyne: sys_socket[PID: 890 (xmldbc)]: family:1, type:2, protocol:0
[  680.202224] firmadyne: sys_socket[PID: 891 (xmldbc)]: family:1, type:2, protocol:0
[  680.263669] firmadyne: sys_socket[PID: 892 (xmldbc)]: family:1, type:2, protocol:0
[  680.326499] firmadyne: sys_socket[PID: 893 (xmldbc)]: family:1, type:2, protocol:0
[  680.387472] firmadyne: sys_socket[PID: 894 (xmldbc)]: family:1, type:2, protocol:0
[  680.448799] firmadyne: sys_socket[PID: 895 (xmldbc)]: family:1, type:2, protocol:0
[  680.510543] firmadyne: sys_socket[PID: 896 (xmldbc)]: family:1, type:2, protocol:0
[  680.572010] firmadyne: sys_socket[PID: 897 (xmldbc)]: family:1, type:2, protocol:0
[  680.633183] firmadyne: sys_socket[PID: 898 (xmldbc)]: family:1, type:2, protocol:0
[  680.694753] firmadyne: sys_socket[PID: 899 (xmldbc)]: family:1, type:2, protocol:0
[  680.756359] firmadyne: sys_socket[PID: 900 (xmldbc)]: family:1, type:2, protocol:0
[  680.820006] firmadyne: sys_socket[PID: 901 (xmldbc)]: family:1, type:2, protocol:0
[  680.882177] firmadyne: sys_socket[PID: 902 (xmldbc)]: family:1, type:2, protocol:0
[  680.948496] firmadyne: sys_socket[PID: 903 (xmldbc)]: family:1, type:2, protocol:0
[  681.013196] firmadyne: sys_socket[PID: 904 (xmldbc)]: family:1, type:2, protocol:0
[  681.075417] firmadyne: sys_socket[PID: 905 (xmldbc)]: family:1, type:2, protocol:0
[  681.136540] firmadyne: sys_socket[PID: 906 (xmldbc)]: family:1, type:2, protocol:0
[  681.280529] firmadyne: sys_socket[PID: 910 (xmldbc)]: family:1, type:2, protocol:0
[  681.342088] firmadyne: sys_socket[PID: 911 (xmldbc)]: family:1, type:2, protocol:0
[  681.403567] firmadyne: sys_socket[PID: 912 (xmldbc)]: family:1, type:2, protocol:0
[  681.465326] firmadyne: sys_socket[PID: 913 (xmldbc)]: family:1, type:2, protocol:0
[  681.527511] firmadyne: sys_socket[PID: 914 (xmldbc)]: family:1, type:2, protocol:0
[  681.589429] firmadyne: sys_socket[PID: 915 (xmldbc)]: family:1, type:2, protocol:0
[  681.645558] firmadyne: sys_socket[PID: 916 (xmldbc)]: family:1, type:2, protocol:0
[  681.706275] firmadyne: sys_socket[PID: 917 (xmldbc)]: family:1, type:2, protocol:0
[  681.767838] firmadyne: sys_socket[PID: 918 (xmldbc)]: family:1, type:2, protocol:0
[  681.830121] firmadyne: sys_socket[PID: 919 (xmldbc)]: family:1, type:2, protocol:0
[  681.891735] firmadyne: sys_socket[PID: 920 (xmldbc)]: family:1, type:2, protocol:0
[  681.952848] firmadyne: sys_socket[PID: 921 (xmldbc)]: family:1, type:2, protocol:0
[  682.015544] firmadyne: sys_socket[PID: 922 (xmldbc)]: family:1, type:2, protocol:0
[  682.077461] firmadyne: sys_socket[PID: 923 (xmldbc)]: family:1, type:2, protocol:0
[  682.136937] firmadyne: sys_socket[PID: 924 (xmldbc)]: family:1, type:2, protocol:0
[  682.197345] firmadyne: sys_socket[PID: 925 (xmldbc)]: family:1, type:2, protocol:0
[  682.257701] firmadyne: sys_socket[PID: 926 (xmldbc)]: family:1, type:2, protocol:0
[  682.316712] firmadyne: sys_socket[PID: 927 (xmldbc)]: family:1, type:2, protocol:0
[  682.378266] firmadyne: sys_socket[PID: 928 (xmldbc)]: family:1, type:2, protocol:0
[  682.573829] firmadyne: sys_socket[PID: 933 (xmldbc)]: family:1, type:2, protocol:0
[  682.635787] firmadyne: sys_socket[PID: 934 (xmldbc)]: family:1, type:2, protocol:0
[  682.696840] firmadyne: sys_socket[PID: 935 (xmldbc)]: family:1, type:2, protocol:0
[  682.758558] firmadyne: sys_socket[PID: 936 (xmldbc)]: family:1, type:2, protocol:0
[  682.820820] firmadyne: sys_socket[PID: 937 (xmldbc)]: family:1, type:2, protocol:0
[  682.884631] firmadyne: sys_socket[PID: 938 (xmldbc)]: family:1, type:2, protocol:0
[  683.031446] firmadyne: sys_socket[PID: 942 (xmldbc)]: family:1, type:2, protocol:0
[  683.093304] firmadyne: sys_socket[PID: 943 (xmldbc)]: family:1, type:2, protocol:0
[  683.155114] firmadyne: sys_socket[PID: 944 (xmldbc)]: family:1, type:2, protocol:0
[  683.211754] firmadyne: sys_socket[PID: 945 (xmldbc)]: family:1, type:2, protocol:0
[  683.272535] firmadyne: sys_socket[PID: 946 (xmldbc)]: family:1, type:2, protocol:0
[  683.334682] firmadyne: sys_socket[PID: 947 (xmldbc)]: family:1, type:2, protocol:0
[  683.519502] firmadyne: sys_socket[PID: 952 (xmldbc)]: family:1, type:2, protocol:0
[  683.663652] firmadyne: sys_socket[PID: 956 (xmldbc)]: family:1, type:2, protocol:0
[  683.804384] firmadyne: sys_socket[PID: 960 (xmldbc)]: family:1, type:2, protocol:0
[  683.949592] firmadyne: sys_socket[PID: 964 (xmldbc)]: family:1, type:2, protocol:0
[  684.091399] firmadyne: sys_socket[PID: 968 (xmldbc)]: family:1, type:2, protocol:0
[  684.230637] firmadyne: sys_socket[PID: 972 (xmldbc)]: family:1, type:2, protocol:0
[  684.370688] firmadyne: sys_socket[PID: 976 (xmldbc)]: family:1, type:2, protocol:0
[  684.508202] firmadyne: sys_socket[PID: 980 (xmldbc)]: family:1, type:2, protocol:0
[  684.647582] firmadyne: sys_socket[PID: 984 (xmldbc)]: family:1, type:2, protocol:0
[  684.782748] firmadyne: sys_socket[PID: 988 (xmldbc)]: family:1, type:2, protocol:0
[  684.928234] firmadyne: sys_socket[PID: 992 (xmldbc)]: family:1, type:2, protocol:0
[  685.073575] firmadyne: sys_socket[PID: 996 (xmldbc)]: family:1, type:2, protocol:0
[  685.216268] firmadyne: sys_socket[PID: 1000 (xmldbc)]: family:1, type:2, protocol:0
[  685.354037] firmadyne: sys_socket[PID: 1004 (xmldbc)]: family:1, type:2, protocol:0
[  685.491774] firmadyne: sys_socket[PID: 1008 (xmldbc)]: family:1, type:2, protocol:0
[  685.631900] firmadyne: sys_socket[PID: 1012 (xmldbc)]: family:1, type:2, protocol:0
[  685.771544] firmadyne: sys_socket[PID: 1016 (xmldbc)]: family:1, type:2, protocol:0
[  685.906726] firmadyne: sys_socket[PID: 1020 (xmldbc)]: family:1, type:2, protocol:0
[  686.047671] firmadyne: sys_socket[PID: 1024 (xmldbc)]: family:1, type:2, protocol:0
[  686.186027] firmadyne: sys_socket[PID: 1028 (xmldbc)]: family:1, type:2, protocol:0
[  686.325368] firmadyne: sys_socket[PID: 1032 (xmldbc)]: family:1, type:2, protocol:0
[  686.463646] firmadyne: sys_socket[PID: 1036 (xmldbc)]: family:1, type:2, protocol:0
[  686.603661] firmadyne: sys_socket[PID: 1040 (xmldbc)]: family:1, type:2, protocol:0
[  686.745990] firmadyne: sys_socket[PID: 1044 (xmldbc)]: family:1, type:2, protocol:0
[  686.884201] firmadyne: sys_socket[PID: 1048 (xmldbc)]: family:1, type:2, protocol:0
[  687.033278] firmadyne: sys_socket[PID: 1052 (xmldbc)]: family:1, type:2, protocol:0
[  687.171927] firmadyne: sys_socket[PID: 1056 (xmldbc)]: family:1, type:2, protocol:0
[  687.310197] firmadyne: sys_socket[PID: 1060 (xmldbc)]: family:1, type:2, protocol:0
[  687.448181] firmadyne: sys_socket[PID: 1064 (xmldbc)]: family:1, type:2, protocol:0
[  687.583937] firmadyne: sys_socket[PID: 1068 (xmldbc)]: family:1, type:2, protocol:0
[  687.721988] firmadyne: sys_socket[PID: 1072 (xmldbc)]: family:1, type:2, protocol:0
[  687.862330] firmadyne: sys_socket[PID: 1076 (xmldbc)]: family:1, type:2, protocol:0
[  688.004160] firmadyne: sys_socket[PID: 1080 (xmldbc)]: family:1, type:2, protocol:0
[  688.059234] firmadyne: sys_socket[PID: 1081 (xmldbc)]: family:1, type:2, protocol:0
[  688.119014] firmadyne: sys_socket[PID: 1082 (xmldbc)]: family:1, type:2, protocol:0
[  688.179747] firmadyne: sys_socket[PID: 1083 (xmldbc)]: family:1, type:2, protocol:0
[  688.241611] firmadyne: sys_socket[PID: 1084 (xmldbc)]: family:1, type:2, protocol:0
[  688.304234] firmadyne: sys_socket[PID: 1085 (xmldbc)]: family:1, type:2, protocol:0
[  688.361969] firmadyne: sys_socket[PID: 1086 (xmldbc)]: family:1, type:2, protocol:0
[  688.423758] firmadyne: sys_socket[PID: 1087 (xmldbc)]: family:1, type:2, protocol:0
[  688.486329] firmadyne: sys_socket[PID: 1088 (xmldbc)]: family:1, type:2, protocol:0
PHP [/etc/defnodes/S11setnodes.php] ...
[  688.608731] firmadyne: sys_socket[PID: 1091 (rgdb)]: family:1, type:2, protocol:0
PHP [/etc/defnodes/S12features.php] ...
[  689.486135] firmadyne: sys_socket[PID: 1104 (rgdb)]: family:1, type:2, protocol:0
PHP [/etc/defnodes/S13flashspeed.php] ...
[  689.620519] firmadyne: sys_socket[PID: 1107 (rgdb)]: family:1, type:2, protocol:0
PHP [/etc/defnodes/S20setnodes.php] ...
[  689.878634] firmadyne: sys_socket[PID: 1112 (rgdb)]: family:1, type:2, protocol:0
[  690.352008] UDF-fs: warning (device mtdblock4): udf_fill_super: No partition found (2)
mount: mounting /dev/mtdblock/4 on /www/locale/alt failed: Invalid argument
PHP [/etc/defnodes/S40brand.php] ...
[  690.465409] firmadyne: sys_socket[PID: 1124 (rgdb)]: family:1, type:2, protocol:0
[/etc/scripts/misc/defnodes.sh] Done !!
[/etc/scripts/misc/profile.sh] put ...
[  691.159268] firmadyne: sys_socket[PID: 1132 (rgdb)]: family:1, type:2, protocol:0
ok
[  692.182026] firmadyne: sys_socket[PID: 1138 (rgdb)]: family:1, type:2, protocol:0
[  692.261695] firmadyne: sys_socket[PID: 1140 (rgdb)]: family:1, type:2, protocol:0
[/etc/templates/timezone.sh] ...
[  692.440579] firmadyne: sys_socket[PID: 1145 (rgdb)]: family:1, type:2, protocol:0
[  692.637719] firmadyne: sys_socket[PID: 1150 (rgdb)]: family:1, type:2, protocol:0
[  696.804758] firmadyne: sys_socket[PID: 1154 (rgdb)]: family:1, type:2, protocol:0
[  696.894383] firmadyne: sys_socket[PID: 1156 (rgdb)]: family:1, type:2, protocol:0
[  696.983692] firmadyne: sys_socket[PID: 1158 (rgdb)]: family:1, type:2, protocol:0
[  697.073849] firmadyne: sys_socket[PID: 1160 (rgdb)]: family:1, type:2, protocol:0
[  697.164107] firmadyne: sys_socket[PID: 1162 (rgdb)]: family:1, type:2, protocol:0
[  697.254044] firmadyne: sys_socket[PID: 1164 (rgdb)]: family:1, type:2, protocol:0
[  697.342716] firmadyne: sys_socket[PID: 1166 (rgdb)]: family:1, type:2, protocol:0
[  697.427756] firmadyne: sys_socket[PID: 1168 (rgdb)]: family:1, type:2, protocol:0
[  697.514164] firmadyne: sys_socket[PID: 1170 (rgdb)]: family:1, type:2, protocol:0
[  697.604057] firmadyne: sys_socket[PID: 1172 (rgdb)]: family:1, type:2, protocol:0
[  697.695135] firmadyne: sys_socket[PID: 1174 (rgdb)]: family:1, type:2, protocol:0
[/etc/templates/logs.sh] ...
[  698.742055] firmadyne: sys_socket[PID: 1202 (rgdb)]: family:1, type:2, protocol:0
[  698.848073] firmadyne: sys_socket[PID: 1204 (rgdb)]: family:1, type:2, protocol:0
[/var/run/logs_run.sh] ...
[  699.487209] firmadyne: sys_socket[PID: 1209 (syslogd)]: family:1, type:1, protocol:0
[  699.657544] firmadyne: sys_socket[PID: 1214 (rgdb)]: family:1, type:2, protocol:0
[  699.879353] firmadyne: sys_socket[PID: 1218 (ifconfig)]: family:2, type:1, protocol:0
[  699.954870] 8021q: adding VLAN 0 to HW filter on device eth0
[  699.981581] e1000: eth0 NIC Link is Up 1000 Mbps Full Duplex, Flow Control: RX
[  703.088201] firmadyne: sys_socket[PID: 1220 (rgdb)]: family:1, type:2, protocol:0
[  703.440050] firmadyne: sys_socket[PID: 1232 (rgdb)]: family:1, type:2, protocol:0
[  703.633960] firmadyne: sys_socket[PID: 1238 (rgdb)]: family:1, type:2, protocol:0
[  703.659971] firmadyne: sys_socket[PID: 1239 (ifconfig)]: family:2, type:1, protocol:0
[  703.662586] firmadyne: __inet_insert_ifa[PID: 1239 (ifconfig)]: device:lo ifa:0x7f000001
[  703.720371] firmadyne: sys_socket[PID: 1240 (brctl)]: family:2, type:2, protocol:0
[  703.828321] firmadyne: sys_socket[PID: 1243 (brctl)]: family:2, type:2, protocol:0
[  703.831863] firmadyne: sys_socket[PID: 1243 (brctl)]: family:10, type:1, protocol:0
[  703.887754] firmadyne: sys_socket[PID: 1244 (brctl)]: family:2, type:2, protocol:0
[  703.891821] firmadyne: sys_socket[PID: 1244 (brctl)]: family:10, type:1, protocol:0
[/etc/init.d/S03config.sh] done!
[/etc/init.d/S10system.sh]
start Layout ...
[/etc/scripts/layout.sh] start ...
[  704.280202] firmadyne: sys_socket[PID: 1254 (rgdb)]: family:1, type:2, protocol:0
[  704.422558] firmadyne: sys_socket[PID: 1255 (rgdb)]: family:1, type:2, protocol:0
[/var/run/layout_start.sh] ...
Start bridge layout ...
[  704.583939] firmadyne: sys_socket[PID: 1259 (ifconfig)]: family:2, type:1, protocol:0
[  704.632402] firmadyne: sys_socket[PID: 1260 (brctl)]: family:2, type:2, protocol:0
[  704.635865] firmadyne: sys_socket[PID: 1260 (brctl)]: family:10, type:1, protocol:0
[  704.639788] firmadyne: sys_socket[PID: 1260 (brctl)]: family:10, type:1, protocol:0
[  704.642521] firmadyne: br_add_if[PID: 1260 (brctl)]: br:br0 dev:eth0
[  704.649455] device eth0 entered promiscuous mode
[  704.745255] firmadyne: sys_socket[PID: 1263 (xmldbc)]: family:1, type:2, protocol:0
[  704.834635] firmadyne: sys_socket[PID: 1266 (ifconfig)]: family:2, type:1, protocol:0
[  704.836502] br0: port 1(eth0) entered forwarding state
[  704.837732] br0: port 1(eth0) entered forwarding state
[  704.890588] firmadyne: sys_socket[PID: 1267 (rgdb)]: family:1, type:2, protocol:0
start LAN ...
[/etc/templates/lan.sh] ...
[  705.061789] firmadyne: sys_socket[PID: 1272 (rgdb)]: family:1, type:2, protocol:0
[  705.218251] firmadyne: sys_socket[PID: 1275 (rgdb)]: family:1, type:2, protocol:0
[  705.342876] firmadyne: sys_socket[PID: 1276 (rgdb)]: family:1, type:2, protocol:0
[/var/run/lan_start.sh] ...
Bridge mode selected, LAN is disabled !
start web server ...
[/etc/templates/webs.sh] start ...
[  705.651365] firmadyne: sys_socket[PID: 1284 (rgdb)]: family:1, type:2, protocol:0
[  705.740457] firmadyne: sys_socket[PID: 1286 (rgdb)]: family:1, type:2, protocol:0
[  705.893217] firmadyne: sys_socket[PID: 1289 (rgdb)]: family:1, type:2, protocol:0
[  706.056181] firmadyne: sys_socket[PID: 1290 (rgdb)]: family:1, type:2, protocol:0
[/var/run/webs_start.sh] ...
Starting HTTPD ...
start eth0 vlan setup ...
/etc/scripts/eth_vlan.sh: not found
[  706.484001] firmadyne: sys_socket[PID: 1300 (rgdb)]: family:1, type:2, protocol:0
[  706.506489] firmadyne: sys_socket[PID: 1301 (rgdb)]: family:1, type:2, protocol:0
[  706.735329] firmadyne: sys_socket[PID: 1302 (rgdb)]: family:1, type:2, protocol:0
#!/bin/sh
echo [$0] ... > /dev/console

# limitedadmin.php <<<

limitedadmin.sh...
[  707.054989] firmadyne: sys_socket[PID: 1306 (brctl)]: family:2, type:2, protocol:0
[  707.062642] firmadyne: sys_socket[PID: 1306 (brctl)]: family:10, type:1, protocol:0
[  707.170138] firmadyne: sys_socket[PID: 1307 (brctl)]: family:2, type:2, protocol:0
[  707.177831] firmadyne: sys_socket[PID: 1307 (brctl)]: family:10, type:1, protocol:0
[  707.290615] firmadyne: sys_socket[PID: 1308 (brctl)]: family:2, type:2, protocol:0
[  707.298304] firmadyne: sys_socket[PID: 1308 (brctl)]: family:10, type:1, protocol:0
[  707.410457] firmadyne: sys_socket[PID: 1309 (brctl)]: family:2, type:2, protocol:0
[  707.417994] firmadyne: sys_socket[PID: 1309 (brctl)]: family:10, type:1, protocol:0
[  707.523878] firmadyne: sys_socket[PID: 1310 (brctl)]: family:2, type:2, protocol:0
[  707.535424] firmadyne: sys_socket[PID: 1310 (brctl)]: family:10, type:1, protocol:0
[  707.643567] firmadyne: sys_socket[PID: 1311 (brctl)]: family:2, type:2, protocol:0
[  707.651072] firmadyne: sys_socket[PID: 1311 (brctl)]: family:10, type:1, protocol:0
start fresetd ...
enable LAN ports ...
[  707.925411] firmadyne: sys_socket[PID: 1313 (servd)]: family:1, type:2, protocol:0
Factory reset time : 5 secs
System reset time  : 1 secs
WPS command : [/etc/templates/wps.sh pbc &]
[  708.022063] firmadyne: sys_socket[PID: 1304 (httpd)]: family:10, type:2, protocol:6
[  708.023510] firmadyne: sys_setsockopt[PID: 1304 (httpd)]: fd:4, level:65535, optname:4
[/etc/scripts/enlan.sh] ...
/dev/gpio: No such device or address
[  708.146736] firmadyne: sys_socket[PID: 1316 (fresetd)]: family:1, type:1, protocol:0
 Generate channel table according to the country code...
[  708.246087] firmadyne: sys_socket[PID: 1324 (httpd)]: family:1, type:1, protocol:0
[  708.315611] firmadyne: sys_socket[PID: 1329 (genchanneltable)]: family:1, type:2, protocol:0
[  708.334946] firmadyne: sys_socket[PID: 1329 (genchanneltable)]: family:1, type:2, protocol:0
[  708.340598] firmadyne: sys_socket[PID: 1329 (genchanneltable)]: family:1, type:2, protocol:0
[  708.362203] firmadyne: sys_socket[PID: 1330 (getsys)]: family:1, type:2, protocol:0
UNKNOW country code!! Use USA for default!!
[  708.468614] firmadyne: sys_socket[PID: 1329 (genchanneltable)]: family:1, type:2, protocol:0
[  708.472327] firmadyne: sys_socket[PID: 1330 (getsys)]: family:1, type:2, protocol:0
[  708.480673] firmadyne: sys_socket[PID: 1330 (getsys)]: family:1, type:2, protocol:0
[  708.487813] firmadyne: sys_socket[PID: 1329 (genchanneltable)]: family:1, type:2, protocol:0
[  708.492613] firmadyne: sys_socket[PID: 1330 (getsys)]: family:1, type:2, protocol:0
[  708.499302] firmadyne: sys_socket[PID: 1329 (genchanneltable)]: family:1, type:2, protocol:0
[  708.504316] firmadyne: sys_socket[PID: 1330 (getsys)]: family:1, type:2, protocol:0
[  708.511119] firmadyne: sys_socket[PID: 1329 (genchanneltable)]: family:1, type:2, protocol:0
[  708.516173] firmadyne: sys_socket[PID: 1330 (getsys)]: family:1, type:2, protocol:0
[  708.522913] firmadyne: sys_socket[PID: 1329 (genchanneltable)]: family:1, type:2, protocol:0
[  708.527899] firmadyne: sys_socket[PID: 1330 (getsys)]: family:1, type:2, protocol:0
[  708.534683] firmadyne: sys_socket[PID: 1329 (genchanneltable)]: family:1, type:2, protocol:0
[  708.539687] firmadyne: sys_socket[PID: 1330 (getsys)]: family:1, type:2, protocol:0
[  708.546708] firmadyne: sys_socket[PID: 1329 (genchanneltable)]: family:1, type:2, protocol:0
[  708.552441] firmadyne: sys_socket[PID: 1330 (getsys)]: family:1, type:2, protocol:0
[  708.559981] firmadyne: sys_socket[PID: 1329 (genchanneltable)]: family:1, type:2, protocol:0
[  708.565329] firmadyne: sys_socket[PID: 1330 (getsys)]: family:1, type:2, protocol:0
[  708.572131] firmadyne: sys_socket[PID: 1329 (genchanneltable)]: family:1, type:2, protocol:0
[  708.576339] firmadyne: sys_socket[PID: 1330 (getsys)]: family:1, type:2, protocol:0
[  708.583478] firmadyne: sys_socket[PID: 1329 (genchanneltable)]: family:1, type:2, protocol:0
[  708.588224] firmadyne: sys_socket[PID: 1330 (getsys)]: family:1, type:2, protocol:0
[  708.595086] firmadyne: sys_socket[PID: 1329 (genchanneltable)]: family:1, type:2, protocol:0
[  708.599816] firmadyne: sys_socket[PID: 1330 (getsys)]: family:1, type:2, protocol:0
[  708.607058] firmadyne: sys_socket[PID: 1329 (genchanneltable)]: family:1, type:2, protocol:0
[  708.612047] firmadyne: sys_socket[PID: 1330 (getsys)]: family:1, type:2, protocol:0
[  708.618840] firmadyne: sys_socket[PID: 1329 (genchanneltable)]: family:1, type:2, protocol:0
[  708.623639] firmadyne: sys_socket[PID: 1330 (getsys)]: family:1, type:2, protocol:0
[  708.630575] firmadyne: sys_socket[PID: 1329 (genchanneltable)]: family:1, type:2, protocol:0
[  708.635624] firmadyne: sys_socket[PID: 1330 (getsys)]: family:1, type:2, protocol:0
[  708.642702] firmadyne: sys_socket[PID: 1329 (genchanneltable)]: family:1, type:2, protocol:0
[  708.647748] firmadyne: sys_socket[PID: 1330 (getsys)]: family:1, type:2, protocol:0
[  708.654744] firmadyne: sys_socket[PID: 1329 (genchanneltable)]: family:1, type:2, protocol:0
[  708.663477] firmadyne: sys_socket[PID: 1330 (getsys)]: family:1, type:2, protocol:0
[  708.669460] firmadyne: sys_socket[PID: 1329 (genchanneltable)]: family:1, type:2, protocol:0
[  708.676458] firmadyne: sys_socket[PID: 1329 (genchanneltable)]: family:1, type:2, protocol:0
[  708.692348] firmadyne: sys_socket[PID: 1329 (genchanneltable)]: family:1, type:2, protocol:0
[  708.699205] firmadyne: sys_socket[PID: 1329 (genchanneltable)]: family:1, type:2, protocol:0
[  708.708758] firmadyne: sys_socket[PID: 1329 (genchanneltable)]: family:1, type:2, protocol:0
[  708.718156] firmadyne: sys_socket[PID: 1329 (genchanneltable)]: family:1, type:2, protocol:0
[  708.727698] firmadyne: sys_socket[PID: 1329 (genchanneltable)]: family:1, type:2, protocol:0
[  708.734363] firmadyne: sys_socket[PID: 1329 (genchanneltable)]: family:1, type:2, protocol:0
[  708.743673] firmadyne: sys_socket[PID: 1329 (genchanneltable)]: family:1, type:2, protocol:0
[  708.755184] firmadyne: sys_socket[PID: 1329 (genchanneltable)]: family:1, type:2, protocol:0
[  708.762059] firmadyne: sys_socket[PID: 1329 (genchanneltable)]: family:1, type:2, protocol:0
[  708.774041] firmadyne: sys_socket[PID: 1329 (genchanneltable)]: family:1, type:2, protocol:0
[  708.780320] firmadyne: sys_socket[PID: 1329 (genchanneltable)]: family:1, type:2, protocol:0
/dev/gpio: No such device or address
 Generate VLAN table according to the port...
[  708.862739] firmadyne: sys_socket[PID: 1338 (genVLANTableByP)]: family:1, type:2, protocol:0
[  708.870052] firmadyne: sys_socket[PID: 1338 (genVLANTableByP)]: family:1, type:2, protocol:0
[  708.875611] firmadyne: sys_socket[PID: 1338 (genVLANTableByP)]: family:1, type:2, protocol:0
[  708.881636] firmadyne: sys_socket[PID: 1338 (genVLANTableByP)]: family:1, type:2, protocol:0
[  708.886837] firmadyne: sys_socket[PID: 1338 (genVLANTableByP)]: family:1, type:2, protocol:0
[  708.892294] firmadyne: sys_socket[PID: 1338 (genVLANTableByP)]: family:1, type:2, protocol:0
[  708.899318] firmadyne: sys_socket[PID: 1338 (genVLANTableByP)]: family:1, type:2, protocol:0
[  708.905328] firmadyne: sys_socket[PID: 1338 (genVLANTableByP)]: family:1, type:2, protocol:0
[  708.911788] firmadyne: sys_socket[PID: 1338 (genVLANTableByP)]: family:1, type:2, protocol:0
[  708.918461] firmadyne: sys_socket[PID: 1338 (genVLANTableByP)]: family:1, type:2, protocol:0
[  708.924803] firmadyne: sys_socket[PID: 1338 (genVLANTableByP)]: family:1, type:2, protocol:0
[  708.930714] firmadyne: sys_socket[PID: 1338 (genVLANTableByP)]: family:1, type:2, protocol:0
[  708.936273] firmadyne: sys_socket[PID: 1338 (genVLANTableByP)]: family:1, type:2, protocol:0
[  708.942753] firmadyne: sys_socket[PID: 1338 (genVLANTableByP)]: family:1, type:2, protocol:0
[  708.948239] firmadyne: sys_socket[PID: 1338 (genVLANTableByP)]: family:1, type:2, protocol:0
[  708.954713] firmadyne: sys_socket[PID: 1338 (genVLANTableByP)]: family:1, type:2, protocol:0
[  708.960448] firmadyne: sys_socket[PID: 1338 (genVLANTableByP)]: family:1, type:2, protocol:0
[  708.967275] firmadyne: sys_socket[PID: 1338 (genVLANTableByP)]: family:1, type:2, protocol:0
[  708.973480] firmadyne: sys_socket[PID: 1338 (genVLANTableByP)]: family:1, type:2, protocol:0
[  708.979063] firmadyne: sys_socket[PID: 1338 (genVLANTableByP)]: family:1, type:2, protocol:0
[  708.985188] firmadyne: sys_socket[PID: 1338 (genVLANTableByP)]: family:1, type:2, protocol:0
