[    0.000000] Linux version 4.1.17+ (alessio@pc) (gcc version 5.5.0 20171010 (Ubuntu 5.5.0-12ubuntu1) ) #1 Mon May 15 23:04:08 CEST 2023
[    0.000000] earlycon: Early serial console at I/O port 0x3f8 (options '38400n8')
[    0.000000] bootconsole [uart0] enabled
[    0.000000] CPU0 revision is: 00019300 (MIPS 24Kc)
[    0.000000] FPU revision is: 00739300
[    0.000000] Software DMA cache coherency enabled
[    0.000000] Determined physical RAM map:
[    0.000000]  memory: 00001000 @ 00000000 (reserved)
[    0.000000]  memory: 000ef000 @ 00001000 (ROM data)
[    0.000000]  memory: 00798000 @ 000f0000 (reserved)
[    0.000000]  memory: 0f777000 @ 00888000 (usable)
[    0.000000] debug: ignoring loglevel setting.
[    0.000000] Wasting 69888 bytes for tracking 2184 unused pages
[    0.000000] Initrd not found or empty - disabling initrd
[    0.000000] Zone ranges:
[    0.000000]   DMA      [mem 0x0000000000000000-0x0000000000ffffff]
[    0.000000]   Normal   [mem 0x0000000001000000-0x000000000fffefff]
[    0.000000] Movable zone start for each node
[    0.000000] Early memory node ranges
[    0.000000]   node   0: [mem 0x0000000000000000-0x000000000fffefff]
[    0.000000] Initmem setup node 0 [mem 0x0000000000000000-0x000000000fffefff]
[    0.000000] On node 0 totalpages: 65535
[    0.000000] free_area_init_node: node 0, pgdat 8081d5b0, node_mem_map 81000000
[    0.000000]   DMA zone: 32 pages used for memmap
[    0.000000]   DMA zone: 0 pages reserved
[    0.000000]   DMA zone: 4096 pages, LIFO batch:0
[    0.000000]   Normal zone: 480 pages used for memmap
[    0.000000]   Normal zone: 61439 pages, LIFO batch:15
[    0.000000] Primary instruction cache 2kB, VIPT, 2-way, linesize 16 bytes.
[    0.000000] Primary data cache 2kB, 2-way, VIPT, no aliases, linesize 16 bytes
[    0.000000] pcpu-alloc: s0 r0 d32768 u32768 alloc=1*32768
[    0.000000] pcpu-alloc: [0] 0 
[    0.000000] Built 1 zonelists in Zone order, mobility grouping on.  Total pages: 65023
[    0.000000] Kernel command line: root=/dev/sda1 console=ttyS0 nandsim.parts=64,64,64,64,64,64,64,64,64,64 rdinit=/firmadyne/preInit.sh rw debug ignore_loglevel print-fatal-signals=1 FIRMAE_NET=true FIRMAE_NVRAM=true FIRMAE_KERNEL=true FIRMAE_ETC=true user_debug=0 firmadyne.syscall=1 noka
[    0.000000] found FIRMAE_KERNEL=t
[    0.000000] set the LD_PRELOAD=/firmadyne/libnvram_ioctl.so
[    0.000000] PID hash table entries: 1024 (order: 0, 4096 bytes)
[    0.000000] Dentry cache hash table entries: 32768 (order: 5, 131072 bytes)
[    0.000000] Inode-cache hash table entries: 16384 (order: 4, 65536 bytes)
[    0.000000] Writing ErrCtl register=00000000
[    0.000000] Readback ErrCtl register=00000000
[    0.000000] Memory: 251112K/262140K available (5360K kernel code, 244K rwdata, 1676K rodata, 260K init, 158K bss, 11028K reserved, 0K cma-reserved)
[    0.000000] NR_IRQS:256
[    0.000000] CPU frequency 200.00 MHz
[    0.000000] clocksource MIPS: mask: 0xffffffff max_cycles: 0xffffffff, max_idle_ns: 19112438955 ns
[    0.000150] sched_clock: 32 bits at 100MHz, resolution 9ns, wraps every 21474650107ns
[    0.010309] Console: colour dummy device 80x25
[    0.011123] Calibrating delay loop... 40.44 BogoMIPS (lpj=80896)
[    0.061152] pid_max: default: 32768 minimum: 301
[    0.064081] Mount-cache hash table entries: 1024 (order: 0, 4096 bytes)
[    0.064499] Mountpoint-cache hash table entries: 1024 (order: 0, 4096 bytes)
[    0.110900] clocksource jiffies: mask: 0xffffffff max_cycles: 0xffffffff, max_idle_ns: 7645041785100000 ns
[    0.118985] NET: Registered protocol family 16
[    0.316707] clocksource pit: mask: 0xffffffff max_cycles: 0xffffffff, max_idle_ns: 1601818034827 ns
[    0.426163] vgaarb: loaded
[    0.430324] SCSI subsystem initialized
[    0.432142] libata version 3.00 loaded.
[    0.435340] usbcore: registered new interface driver usbfs
[    0.436366] usbcore: registered new interface driver hub
[    0.437156] usbcore: registered new device driver usb
[    0.439064] pps_core: LinuxPPS API ver. 1 registered
[    0.439451] pps_core: Software ver. 5.3.6 - Copyright 2005-2007 Rodolfo Giometti <giometti@linux.it>
[    0.440153] PTP clock support registered
[    0.443676] PCI host bridge to bus 0000:00
[    0.444234] pci_bus 0000:00: root bus resource [mem 0x10000000-0x17ffffff]
[    0.444679] pci_bus 0000:00: root bus resource [io  0x1000-0x1fffff]
[    0.445129] pci_bus 0000:00: root bus resource [??? 0x00000000 flags 0x0]
[    0.445547] pci_bus 0000:00: No busn resource found for root bus, will use [bus 00-ff]
[    0.446511] pci 0000:00:00.0: [11ab:4620] type 00 class 0x060000
[    0.447204] pci 0000:00:00.0: [Firmware Bug]: reg 0x14: invalid BAR (can't size)
[    0.447762] pci 0000:00:00.0: [Firmware Bug]: reg 0x18: invalid BAR (can't size)
[    0.448251] pci 0000:00:00.0: [Firmware Bug]: reg 0x1c: invalid BAR (can't size)
[    0.448674] pci 0000:00:00.0: [Firmware Bug]: reg 0x20: invalid BAR (can't size)
[    0.449117] pci 0000:00:00.0: [Firmware Bug]: reg 0x24: invalid BAR (can't size)
[    0.452090] pci 0000:00:0a.0: [8086:7110] type 00 class 0x060100
[    0.454560] pci 0000:00:0a.1: [8086:7111] type 00 class 0x010180
[    0.455122] pci 0000:00:0a.1: reg 0x20: [io  0x0000-0x000f]
[    0.455555] pci 0000:00:0a.1: legacy IDE quirk: reg 0x10: [io  0x01f0-0x01f7]
[    0.456099] pci 0000:00:0a.1: legacy IDE quirk: reg 0x14: [io  0x03f6]
[    0.456508] pci 0000:00:0a.1: legacy IDE quirk: reg 0x18: [io  0x0170-0x0177]
[    0.456926] pci 0000:00:0a.1: legacy IDE quirk: reg 0x1c: [io  0x0376]
[    0.459235] pci 0000:00:0a.2: [8086:7112] type 00 class 0x0c0300
[    0.459724] pci 0000:00:0a.2: reg 0x20: [io  0x0000-0x001f]
[    0.462125] pci 0000:00:0a.3: [8086:7113] type 00 class 0x068000
[    0.463022] pci 0000:00:0a.3: quirk: [io  0x1000-0x103f] claimed by PIIX4 ACPI
[    0.463475] pci 0000:00:0a.3: quirk: [io  0x1100-0x110f] claimed by PIIX4 SMB
[    0.465901] pci 0000:00:12.0: [1013:00b8] type 00 class 0x030000
[    0.466353] pci 0000:00:12.0: reg 0x10: [mem 0x00000000-0x01ffffff pref]
[    0.466781] pci 0000:00:12.0: reg 0x14: [mem 0x00000000-0x00000fff]
[    0.467264] pci 0000:00:12.0: reg 0x30: [mem 0x00000000-0x0000ffff pref]
[    0.469310] vgaarb: device added: PCI:0000:00:12.0,decodes=io+mem,owns=none,locks=none
[    0.470219] pci 0000:00:13.0: [8086:100e] type 00 class 0x020000
[    0.470669] pci 0000:00:13.0: reg 0x10: [mem 0x00000000-0x0001ffff]
[    0.471082] pci 0000:00:13.0: reg 0x14: [io  0x0000-0x003f]
[    0.471543] pci 0000:00:13.0: reg 0x30: [mem 0x00000000-0x0003ffff pref]
[    0.473887] pci 0000:00:14.0: [8086:100e] type 00 class 0x020000
[    0.474326] pci 0000:00:14.0: reg 0x10: [mem 0x00000000-0x0001ffff]
[    0.474734] pci 0000:00:14.0: reg 0x14: [io  0x0000-0x003f]
[    0.475189] pci 0000:00:14.0: reg 0x30: [mem 0x00000000-0x0003ffff pref]
[    0.477583] pci 0000:00:15.0: [8086:100e] type 00 class 0x020000
[    0.478032] pci 0000:00:15.0: reg 0x10: [mem 0x00000000-0x0001ffff]
[    0.478446] pci 0000:00:15.0: reg 0x14: [io  0x0000-0x003f]
[    0.478899] pci 0000:00:15.0: reg 0x30: [mem 0x00000000-0x0003ffff pref]
[    0.481195] pci 0000:00:16.0: [8086:100e] type 00 class 0x020000
[    0.481636] pci 0000:00:16.0: reg 0x10: [mem 0x00000000-0x0001ffff]
[    0.482047] pci 0000:00:16.0: reg 0x14: [io  0x0000-0x003f]
[    0.482497] pci 0000:00:16.0: reg 0x30: [mem 0x00000000-0x0003ffff pref]
[    0.484839] pci_bus 0000:00: busn_res: [bus 00-ff] end is updated to 00
[    0.486054] pci 0000:00:12.0: BAR 0: assigned [mem 0x10000000-0x11ffffff pref]
[    0.486619] pci 0000:00:13.0: BAR 6: assigned [mem 0x12000000-0x1203ffff pref]
[    0.487121] pci 0000:00:14.0: BAR 6: assigned [mem 0x12040000-0x1207ffff pref]
[    0.487591] pci 0000:00:15.0: BAR 6: assigned [mem 0x12080000-0x120bffff pref]
[    0.488073] pci 0000:00:16.0: BAR 6: assigned [mem 0x120c0000-0x120fffff pref]
[    0.488544] pci 0000:00:13.0: BAR 0: assigned [mem 0x12100000-0x1211ffff]
[    0.489018] pci 0000:00:14.0: BAR 0: assigned [mem 0x12120000-0x1213ffff]
[    0.489580] pci 0000:00:15.0: BAR 0: assigned [mem 0x12140000-0x1215ffff]
[    0.490058] pci 0000:00:16.0: BAR 0: assigned [mem 0x12160000-0x1217ffff]
[    0.490530] pci 0000:00:12.0: BAR 6: assigned [mem 0x12180000-0x1218ffff pref]
[    0.490998] pci 0000:00:12.0: BAR 1: assigned [mem 0x12190000-0x12190fff]
[    0.491457] pci 0000:00:13.0: BAR 1: assigned [io  0x1040-0x107f]
[    0.491865] pci 0000:00:14.0: BAR 1: assigned [io  0x1080-0x10bf]
[    0.492281] pci 0000:00:15.0: BAR 1: assigned [io  0x10c0-0x10ff]
[    0.492702] pci 0000:00:16.0: BAR 1: assigned [io  0x1400-0x143f]
[    0.493164] pci 0000:00:0a.2: BAR 4: assigned [io  0x1440-0x145f]
[    0.493679] pci 0000:00:0a.1: BAR 4: assigned [io  0x1460-0x146f]
[    0.506651] cfg80211: Calling CRDA to update world regulatory domain
[    0.516667] Switched to clocksource MIPS
[    0.601111] NET: Registered protocol family 2
[    0.610072] TCP established hash table entries: 2048 (order: 1, 8192 bytes)
[    0.610914] TCP bind hash table entries: 2048 (order: 1, 8192 bytes)
[    0.611687] TCP: Hash tables configured (established 2048 bind 2048)
[    0.612503] UDP hash table entries: 256 (order: 0, 4096 bytes)
[    0.613148] UDP-Lite hash table entries: 256 (order: 0, 4096 bytes)
[    0.616159] NET: Registered protocol family 1
[    0.617485] PCI: Enabling device 0000:00:0a.2 (0000 -> 0001)
[    0.618571] PCI: CLS 0 bytes, default 16
[    0.643208] futex hash table entries: 256 (order: -1, 3072 bytes)
[    0.655934] squashfs: version 4.0 (2009/01/31) Phillip Lougher
[    0.657949] jffs2: version 2.2. (NAND) Â© 2001-2006 Red Hat, Inc.
[    0.660452] romfs: ROMFS MTD (C) 2007 Red Hat, Inc.
[    0.678634] Block layer SCSI generic (bsg) driver version 0.4 loaded (major 251)
[    0.679203] io scheduler noop registered
[    0.679858] io scheduler cfq registered (default)
[    0.680915] firmadyne: devfs: 1, execute: 1, procfs: 1, syscall: 1
[    0.685505] firmadyne: Cannot register character device: gpio, 0xfc, 0x0!
[    0.692435] firmadyne: Cannot register character device: watchdog, 0xa, 0x82!
[    0.692988] firmadyne: Cannot register character device: wdt, 0xfd, 0x0!
[    2.038904] strName = 4.1.17+
[    2.038904] init_task_addr  = 2155778944
[    2.038904] init_task_size  = 1296
[    2.038904] ts_tasks        = 292
[    2.038904] ts_pid          = 408
[    2.038904] ts_tgid         = 412
[    2.038904] ts_group_leader = 440
[    2.038904] ts_thread_group = 496
[    2.038904] ts_real_parent  = 416
[    2.038904] ts_mm           = 300
[    2.038904] ts_stack        = 4
[    2.040930] module_name   = 12
[    2.040930] module_size   = 208
[    2.040930] module_init   = 200
[    2.040930] module_list   = 4
[    2.041647] ts_real_cred    = 624
[    2.041647] ts_cred         = 628
[    2.041647] ts_comm         = 632
[    2.041647] cred_uid        = 4
[    2.041647] cred_gid        = 8
[    2.041647] cred_euid       = 20
[    2.041647] cred_egid       = 24
[    2.042831] mm_mmap         = 0
[    2.042831] mm_pgd          = 32
[    2.042831] mm_arg_start    = 136
[    2.042831] mm_start_brk    = 124
[    2.042831] mm_brk          = 128
[    2.042831] mm_start_stack  = 132
[    2.043889] vma_vm_start    = 0
[    2.043889] vma_vm_end      = 4
[    2.043889] vma_vm_next     = 8
[    2.043889] vma_vm_file     = 80
[    2.043889] vma_vm_flags    = 40
[    2.043889] vma_vm_pgoff    = 76
[    2.045090] file_dentry     = 12
[    2.045090] file_inode      = 40
[    2.045090] dentry_d_name   = 24
[    2.045090] dentry_d_iname  = 44
[    2.045090] dentry_d_parent = 16
[    2.045090] ti_task         = 0
[    2.045090] inode_ino   = 28
[    2.885176] proc_fork_connector  = 2151078840
[    2.885516] proc_exit_connector  = 2151080432
[    2.885792] proc_exec_connector  = 2151079052
[    2.886055] vma_link  = 2149124372
[    2.886285] vma_adjust  = 2149124540
[    2.886521] remove_vma  = 2149122188
[    2.886760] modules  = 2155833724
[    2.886996] trim_init_extable  = 2150545316
[    2.889993] PCI: Enabling device 0000:00:12.0 (0000 -> 0002)
[    2.891032] cirrusfb 0000:00:12.0: Cirrus Logic chipset on PCI bus, RAM (4096 kB) at 0x10000000
[    3.134813] Console: switching to colour frame buffer device 80x30
[    3.187133] Serial: 8250/16550 driver, 4 ports, IRQ sharing enabled
[    3.198178] console [ttyS0] disabled
[    3.226091] serial8250.0: ttyS0 at I/O 0x3f8 (irq = 4, base_baud = 115200) is a 16550A
[    3.227014] console [ttyS0] enabled
[    3.227014] console [ttyS0] enabled
[    3.227476] bootconsole [uart0] disabled
[    3.227476] bootconsole [uart0] disabled
[    3.258009] serial8250.0: ttyS1 at I/O 0x2f8 (irq = 3, base_baud = 115200) is a 16550A
[    3.352897] brd: module loaded
[    3.402594] loop: module loaded
[    3.407783] ata_piix 0000:00:0a.1: version 2.13
[    3.408238] PCI: Enabling device 0000:00:0a.1 (0000 -> 0001)
[    3.427984] scsi host0: ata_piix
[    3.432332] scsi host1: ata_piix
[    3.435303] ata1: PATA max UDMA/33 cmd 0x1f0 ctl 0x3f6 bmdma 0x1460 irq 14
[    3.435695] ata2: PATA max UDMA/33 cmd 0x170 ctl 0x376 bmdma 0x1468 irq 15
[    3.440908] [nandsim] warning: read_byte: unexpected data output cycle, state is STATE_READY return 0x0
[    3.441372] [nandsim] warning: read_byte: unexpected data output cycle, state is STATE_READY return 0x0
[    3.441816] [nandsim] warning: read_byte: unexpected data output cycle, state is STATE_READY return 0x0
[    3.442268] [nandsim] warning: read_byte: unexpected data output cycle, state is STATE_READY return 0x0
[    3.442722] [nandsim] warning: read_byte: unexpected data output cycle, state is STATE_READY return 0x0
[    3.443178] [nandsim] warning: read_byte: unexpected data output cycle, state is STATE_READY return 0x0
[    3.443762] nand: device found, Manufacturer ID: 0x98, Chip ID: 0x39
[    3.444114] nand: Toshiba NAND 128MiB 1,8V 8-bit
[    3.444423] nand: 128 MiB, SLC, erase size: 16 KiB, page size: 512, OOB size: 16
[    3.445826] flash size: 128 MiB
[    3.446032] page size: 512 bytes
[    3.446231] OOB area size: 16 bytes
[    3.446438] sector size: 16 KiB
[    3.446633] pages number: 262144
[    3.446831] pages per sector: 32
[    3.447029] bus width: 8
[    3.447202] bits in sector size: 14
[    3.447409] bits in page size: 9
[    3.447610] bits in OOB size: 4
[    3.447810] flash size with OOB: 135168 KiB
[    3.448044] page address bytes: 4
[    3.448244] sector address bytes: 3
[    3.448449] options: 0x42
[    3.511262] Scanning device for bad blocks
[    4.408601] cfg80211: Calling CRDA to update world regulatory domain
[    4.412876] ata2.01: NODEV after polling detection
[    4.413458] ata1.01: NODEV after polling detection
[    4.414826] ata2.00: ATAPI: QEMU DVD-ROM, 2.5+, max UDMA/100
[    4.416441] ata1.00: ATA-7: QEMU HARDDISK, 2.5+, max UDMA/100
[    4.417027] ata1.00: 2097152 sectors, multi 16: LBA48 
[    4.420139] ata2.00: configured for UDMA/33
[    4.421339] ata1.00: configured for UDMA/33
[    4.430526] scsi 0:0:0:0: Direct-Access     ATA      QEMU HARDDISK    2.5+ PQ: 0 ANSI: 5
[    4.443171] sd 0:0:0:0: [sda] 2097152 512-byte logical blocks: (1.07 GB/1.00 GiB)
[    4.444394] scsi 1:0:0:0: CD-ROM            QEMU     QEMU DVD-ROM     2.5+ PQ: 0 ANSI: 5
[    4.454632] sd 0:0:0:0: [sda] Write Protect is off
[    4.455044] sd 0:0:0:0: [sda] Mode Sense: 00 3a 00 00
[    4.456222] sd 0:0:0:0: [sda] Write cache: enabled, read cache: enabled, doesn't support DPO or FUA
[    4.465344]  sda: sda1
[    4.474929] sd 0:0:0:0: [sda] Attached SCSI disk
[    4.475378] Creating 11 MTD partitions on "NAND 128MiB 1,8V 8-bit":
[    4.475899] 0x000000000000-0x000000100000 : "NAND simulator partition 0"
[    4.484502] 0x000000100000-0x000000200000 : "NAND simulator partition 1"
[    4.492631] 0x000000200000-0x000000300000 : "NAND simulator partition 2"
[    4.501092] 0x000000300000-0x000000400000 : "NAND simulator partition 3"
[    4.509385] 0x000000400000-0x000000500000 : "NAND simulator partition 4"
[    4.517882] 0x000000500000-0x000000600000 : "NAND simulator partition 5"
[    4.526470] 0x000000600000-0x000000700000 : "NAND simulator partition 6"
[    4.535264] 0x000000700000-0x000000800000 : "NAND simulator partition 7"
[    4.543894] 0x000000800000-0x000000900000 : "NAND simulator partition 8"
[    4.552059] 0x000000900000-0x000000a00000 : "NAND simulator partition 9"
[    4.560281] 0x000000a00000-0x000008000000 : "NAND simulator partition 10"
[    4.595405] tun: Universal TUN/TAP device driver, 1.6
[    4.595702] tun: (C) 1999-2004 Max Krasnyansky <maxk@qualcomm.com>
[    4.598551] pcnet32: pcnet32.c:v1.35 21.Apr.2008 tsbogend@alpha.franken.de
[    4.599566] e1000: Intel(R) PRO/1000 Network Driver - version 7.3.21-k8-NAPI
[    4.599934] e1000: Copyright (c) 1999-2006 Intel Corporation.
[    4.600799] PCI: Enabling device 0000:00:13.0 (0000 -> 0003)
[    4.921176] e1000 0000:00:13.0 eth0: (PCI:33MHz:32-bit) 52:54:00:12:34:56
[    4.921777] e1000 0000:00:13.0 eth0: Intel(R) PRO/1000 Network Connection
[    4.922384] PCI: Enabling device 0000:00:14.0 (0000 -> 0003)
[    5.227152] e1000 0000:00:14.0 eth1: (PCI:33MHz:32-bit) 52:54:00:12:34:57
[    5.227617] e1000 0000:00:14.0 eth1: Intel(R) PRO/1000 Network Connection
[    5.228210] PCI: Enabling device 0000:00:15.0 (0000 -> 0003)
[    5.545256] e1000 0000:00:15.0 eth2: (PCI:33MHz:32-bit) 52:54:00:12:34:58
[    5.545742] e1000 0000:00:15.0 eth2: Intel(R) PRO/1000 Network Connection
[    5.546327] PCI: Enabling device 0000:00:16.0 (0000 -> 0003)
[    5.852213] e1000 0000:00:16.0 eth3: (PCI:33MHz:32-bit) 52:54:00:12:34:59
[    5.852819] e1000 0000:00:16.0 eth3: Intel(R) PRO/1000 Network Connection
[    5.853964] e1000e: Intel(R) PRO/1000 Network Driver - 2.3.2-k
[    5.854263] e1000e: Copyright(c) 1999 - 2014 Intel Corporation.
[    5.857917] PPP generic driver version 2.4.2
[    5.859680] PPP Deflate Compression module registered
[    5.860232] PPP MPPE Compression module registered
[    5.860571] NET: Registered protocol family 24
[    5.861269] ehci_hcd: USB 2.0 'Enhanced' Host Controller (EHCI) Driver
[    5.861682] ehci-pci: EHCI PCI platform driver
[    5.862620] ohci_hcd: USB 1.1 'Open' Host Controller (OHCI) Driver
[    5.863183] ohci-pci: OHCI PCI platform driver
[    5.864112] uhci_hcd: USB Universal Host Controller Interface driver
[    5.865592] uhci_hcd 0000:00:0a.2: UHCI Host Controller
[    5.866242] uhci_hcd 0000:00:0a.2: new USB bus registered, assigned bus number 1
[    5.867116] uhci_hcd 0000:00:0a.2: irq 11, io base 0x00001440
[    5.876263] hub 1-0:1.0: USB hub found
[    5.877002] hub 1-0:1.0: 2 ports detected
[    5.884441] usbcore: registered new interface driver usb-storage
[    5.888010] mousedev: PS/2 mouse device common for all mice
[    5.893451] rtc_cmos rtc_cmos: rtc core: registered rtc_cmos as rtc0
[    5.894131] rtc_cmos rtc_cmos: alarms up to one day, 242 bytes nvram
[    5.895310] i2c /dev entries driver
[    5.896343] piix4_smbus 0000:00:0a.3: SMBus Host Controller at 0x1100, revision 0
[    5.900373] sdhci: Secure Digital Host Controller Interface driver
[    5.900863] sdhci: Copyright(c) Pierre Ossman
[    5.902832] hidraw: raw HID events driver (C) Jiri Kosina
[    5.919296] usbcore: registered new interface driver usbhid
[    5.919620] usbhid: USB HID core driver
[    5.920839] Netfilter messages via NETLINK v0.30.
[    5.922089] nf_conntrack version 0.5.0 (3923 buckets, 15692 max)
[    5.925143] ctnetlink v0.93: registering with nfnetlink.
[    5.929978] ipip: IPv4 over IPv4 tunneling driver
[    5.940883] ip_tables: (C) 2000-2006 Netfilter Core Team
[    5.943374] arp_tables: (C) 2002 David S. Miller
[    5.945055] Initializing XFRM netlink socket
[    5.946101] NET: Registered protocol family 10
[    5.963634] ip6_tables: (C) 2000-2006 Netfilter Core Team
[    5.966990] sit: IPv6 over IPv4 tunneling driver
[    5.981927] NET: Registered protocol family 17
[    5.982755] bridge: automatic filtering via arp/ip/ip6tables has been deprecated. Update your scripts to load br_netfilter if you need this.
[    5.983675] Bridge firewalling registered
[    5.984039] Ebtables v2.0 registered
[    5.987779] 8021q: 802.1Q VLAN Support v1.8
[    6.006129] rtc_cmos rtc_cmos: setting system clock to 2025-07-23 16:12:51 UTC (1753287171)
[    6.025611] EXT2-fs (sda1): warning: mounting unchecked fs, running e2fsck is recommended
[    6.027565] VFS: Mounted root (ext2 filesystem) on device 8:1.
[    6.035451] Freeing YAMON memory: 956k freed
[    6.045495] Freeing unused kernel memory: 260K (8081f000 - 80860000)
[    6.125949] firmadyne: sys_reboot[PID: 48 (init)]: magic1:fee1dead, magic2:28121969, cmd:0
[    6.140831] spurious 8259A interrupt: IRQ7.
init started:  BusyBox v1.00 (2009.03.06-06:20+0000) multi-call binary
init started:  BusyBox v1.00 (2009.03.06-06:20+0000) multi-call binary
Starting pid 50, console /dev/ttyS0: '/usr/etc/rcS'
[    6.334533] firmadyne: do_execve: /firmadyne/console
[    6.335045] OFFSETS: offset of pid: 0x198 offset of comm: 0x278
[    7.553176] cfg80211: Calling CRDA to update world regulatory domain
insmod: cannot open module `/lib/modules/vnet.ko': No such file or directory
[    9.310675] firmadyne: ioctl: 0x1
insmod finish
BcmAtm_Initialize: open error 6
/usr/sbin/atmctl: ATM driver return code, state error
BcmAdsl : open error 6
/usr/sbin/adslctl: BcmAdsl_Initialize error
BcmAdsl : open error 6
/usr/sbin/adslctl->ConnectionHandler: BcmAdsl_ConnectionStart error
BcmAtm_Initialize: open error 6
ATM Operation Failed , 2 
/usr/sbin/atmctl: ATM driver return code, state error
[    9.612120] firmadyne: sys_socket[PID: 103 (brctl)]: family:2, type:2, protocol:0
[    9.660605] firmadyne: sys_socket[PID: 104 (brctl)]: family:2, type:2, protocol:0
[    9.701291] firmadyne: sys_socket[PID: 105 (ifconfig)]: family:2, type:1, protocol:0
[    9.713922] IPv6: ADDRCONF(NETDEV_UP): eth0: link is not ready
[    9.714414] 8021q: adding VLAN 0 to HW filter on device eth0
[    9.718620] e1000: eth0 NIC Link is Up 1000 Mbps Full Duplex, Flow Control: RX
[    9.720219] IPv6: ADDRCONF(NETDEV_CHANGE): eth0: link becomes ready
[    9.760451] firmadyne: sys_socket[PID: 106 (brctl)]: family:2, type:2, protocol:0
[    9.761769] firmadyne: sys_socket[PID: 106 (brctl)]: family:10, type:1, protocol:0
[    9.763390] firmadyne: br_add_if[PID: 106 (brctl)]: br:br0 dev:eth0
[    9.767968] device eth0 entered promiscuous mode
[    9.809427] firmadyne: sys_socket[PID: 107 (ifconfig)]: family:2, type:1, protocol:0
[    9.817404] IPv6: ADDRCONF(NETDEV_UP): eth1: link is not ready
[    9.817885] 8021q: adding VLAN 0 to HW filter on device eth1
[    9.821559] e1000: eth1 NIC Link is Up 1000 Mbps Full Duplex, Flow Control: RX
[    9.822529] IPv6: ADDRCONF(NETDEV_CHANGE): eth1: link becomes ready
[    9.858505] firmadyne: sys_socket[PID: 108 (brctl)]: family:2, type:2, protocol:0
[    9.859650] firmadyne: sys_socket[PID: 108 (brctl)]: family:10, type:1, protocol:0
[    9.861123] firmadyne: br_add_if[PID: 108 (brctl)]: br:br0 dev:eth1
[    9.865000] device eth1 entered promiscuous mode
[    9.949441] firmadyne: sys_socket[PID: 110 (ifconfig)]: family:2, type:1, protocol:0
[    9.951581] firmadyne: __inet_insert_ifa[PID: 110 (ifconfig)]: device:lo ifa:0x7f000001
[    9.954475] firmadyne: __inet_insert_ifa[PID: 110 (ifconfig)]: device:lo ifa:0x7f000001
[    9.998681] firmadyne: sys_socket[PID: 111 (route)]: family:2, type:1, protocol:0
[   10.087216] random: nonblocking pool is initialized
[   10.214922] firmadyne: sys_socket[PID: 114 (klogd)]: family:1, type:1, protocol:0
[   10.216499] firmadyne: sys_socket[PID: 114 (klogd)]: family:1, type:2, protocol:0
[   10.229517] firmadyne: sys_socket[PID: 114 (klogd)]: family:1, type:1, protocol:0
[   10.230587] firmadyne: sys_socket[PID: 114 (klogd)]: family:1, type:2, protocol:0
[   10.232710] firmadyne: sys_socket[PID: 114 (klogd)]: family:1, type:1, protocol:0
[   10.238965] firmadyne: sys_socket[PID: 114 (klogd)]: family:1, type:2, protocol:0
[   10.241208] firmadyne: sys_socket[PID: 114 (klogd)]: family:1, type:1, protocol:0
[   10.242222] firmadyne: sys_socket[PID: 114 (klogd)]: family:1, type:2, protocol:0
[   10.244185] firmadyne: sys_socket[PID: 114 (klogd)]: family:1, type:1, protocol:0
[   10.252901] firmadyne: sys_socket[PID: 114 (klogd)]: family:1, type:2, protocol:0
[   10.254895] firmadyne: sys_socket[PID: 114 (klogd)]: family:1, type:1, protocol:0
[   10.255868] firmadyne: sys_socket[PID: 114 (klogd)]: family:1, type:2, protocol:0
[   10.262025] firmadyne: sys_socket[PID: 114 (klogd)]: family:1, type:1, protocol:0
[   10.263016] firmadyne: sys_socket[PID: 114 (klogd)]: family:1, type:2, protocol:0
[   10.269135] firmadyne: sys_socket[PID: 114 (klogd)]: family:1, type:1, protocol:0
[   10.270173] firmadyne: sys_socket[PID: 114 (klogd)]: family:1, type:2, protocol:0
[   10.272189] firmadyne: sys_socket[PID: 114 (klogd)]: family:1, type:1, protocol:0
[   10.277284] firmadyne: sys_socket[PID: 114 (klogd)]: family:1, type:2, protocol:0
[   10.279367] firmadyne: sys_socket[PID: 114 (klogd)]: family:1, type:1, protocol:0
[   10.280388] firmadyne: sys_socket[PID: 114 (klogd)]: family:1, type:2, protocol:0
nvram_init[   10.286330] firmadyne: sys_socket[PID: 114 (klogd)]: family:1, type:1, protocol:0
[   10.287320] firmadyne: sys_socket[PID: 114 (klogd)]: family:1, type:2, protocol:0
: Initializing NVRAM...
sem_get: Key: 4101c003
[   10.294471] firmadyne: sys_socket[PID: 114 (klogd)]: family:1, type:1, protocol:0
[   10.295484] firmadyne: sys_socket[PID: 114 (klogd)]: family:1, type:2, protocol:0
[   10.297564] firmadyne: sys_socket[PID: 114 (klogd)]: family:1, type:1, protocol:0
[   10.298536] firmadyne: sys_socket[PID: 114 (klogd)]: family:1, type:2, protocol:0
[   10.300414] firmadyne: sys_socket[PID: 114 (klogd)]: family:1, type:1, protocol:0
sem_get: Key: 410f00ab
nvram_set_default_builtin: Setting built-in default values!
[   10.309302] firmadyne: sys_socket[PID: 114 (klogd)]: family:1, type:2, protocol:0
[   10.311297] firmadyne: sys_socket[PID: 114 (klogd)]: family:1, type:1, protocol:0
[   10.312274] firmadyne: sys_socket[PID: 114 (klogd)]: family:1, type:2, protocol:0
nvram_set: console_loglevel = "7"
sem_get: Key: 410f00ab[   10.318451] firmadyne: sys_socket[PID: 114 (klogd)]: family:1, type:1, protocol:0
[   10.319440] firmadyne: sys_socket[PID: 114 (klogd)]: family:1, type:2, protocol:0

sem_get: Key: 410f00ab
[   10.325540] firmadyne: sys_socket[PID: 114 (klogd)]: family:1, type:1, protocol:0
[   10.326560] firmadyne: sys_socket[PID: 114 (klogd)]: family:1, type:2, protocol:0
[   10.328474] firmadyne: sys_socket[PID: 114 (klogd)]: family:1, type:1, protocol:0
nvram_set: restore_defaults = "1"
sem_get: Key: 410f00ab
sem_get: Key: 410f00ab
nvram_set: sku_name = "[   10.337437] firmadyne: sys_socket[PID: 114 (klogd)]: family:1, type:2, protocol:0
[   10.339367] firmadyne: sys_socket[PID: 114 (klogd)]: family:1, type:1, protocol:0
[   10.340323] firmadyne: sys_socket[PID: 114 (klogd)]: family:1, type:2, protocol:0
"
sem_get: Key: 410f00ab
sem_get: Key: 410f00ab
[   10.346340] firmadyne: sys_socket[PID: 114 (klogd)]: family:1, type:1, protocol:0
[   10.347331] firmadyne: sys_socket[PID: 114 (klogd)]: family:1, type:2, protocol:0
nvram_set: wla_wlanstate = ""
sem_get: Key: 410f00ab
[   10.353586] firmadyne: sys_socket[PID: 114 (klogd)]: family:1, type:1, protocol:0
[   10.354606] firmadyne: sys_socket[PID: 114 (klogd)]: family:1, type:2, protocol:0
[   10.356527] firmadyne: sys_socket[PID: 114 (klogd)]: family:1, type:1, protocol:0
sem_get: Key: 410f00ab
nvram_set: lan_if[   10.361313] firmadyne: sys_socket[PID: 114 (klogd)]: family:1, type:2, protocol:0
[   10.363278] firmadyne: sys_socket[PID: 114 (klogd)]: family:1, type:1, protocol:0
[   10.364254] firmadyne: sys_socket[PID: 114 (klogd)]: family:1, type:2, protocol:0
 = "br0"
sem_get: Key: 410f00ab
sem_get: Key: [   10.370269] firmadyne: sys_socket[PID: 114 (klogd)]: family:1, type:1, protocol:0
[   10.371252] firmadyne: sys_socket[PID: 114 (klogd)]: family:1, type:2, protocol:0
410f00ab
nvram_set: lan_ipaddr = "192.168.0.50"
sem_get: Key: [   10.377414] firmadyne: sys_socket[PID: 114 (klogd)]: family:1, type:1, protocol:0
[   10.378447] firmadyne: sys_socket[PID: 114 (klogd)]: family:1, type:2, protocol:0
[   10.380380] firmadyne: sys_socket[PID: 114 (klogd)]: family:1, type:1, protocol:0
410f00ab
sem_get: Key: 410f00ab
[   10.385241] firmadyne: sys_socket[PID: 114 (klogd)]: family:1, type:2, protocol:0
[   10.387205] firmadyne: sys_socket[PID: 114 (klogd)]: family:1, type:1, protocol:0
[   10.388180] firmadyne: sys_socket[PID: 114 (klogd)]: family:1, type:2, protocol:0
nvram_set: lan_bipaddr = "192.168.0.255"
sem_get: Key: 410f00ab
[   10.394215] firmadyne: sys_socket[PID: 114 (klogd)]: family:1, type:1, protocol:0
[   10.395202] firmadyne: sys_socket[PID: 114 (klogd)]: family:1, type:2, protocol:0
sem_get: Key: 410f00ab
nvram_set: lan_netmask = "255.255.255.0[   10.401407] firmadyne: sys_socket[PID: 114 (klogd)]: family:1, type:1, protocol:0
[   10.402423] firmadyne: sys_socket[PID: 114 (klogd)]: family:1, type:2, protocol:0
[   10.404348] firmadyne: sys_socket[PID: 114 (klogd)]: family:1, type:1, protocol:0
"
sem_get: Key: 410f00ab
sem_get: Key: 410f00ab
nvram_set: time_zone = "PST8PDT"
sem_get: Key: 410f00ab
[   10.413867] firmadyne: sys_socket[PID: 114 (klogd)]: family:1, type:2, protocol:0
[   10.415855] firmadyne: sys_socket[PID: 114 (klogd)]: family:1, type:1, protocol:0
[   10.417138] firmadyne: sys_socket[PID: 114 (klogd)]: family:1, type:2, protocol:0
[   10.419082] firmadyne: sys_socket[PID: 114 (klogd)]: family:1, type:1, protocol:0
[   10.420056] firmadyne: sys_socket[PID: 114 (klogd)]: family:1, type:2, protocol:0
sem_get: Key: 410f00ab
nvram_set: wan_hwaddr_def[   10.426282] firmadyne: sys_socket[PID: 114 (klogd)]: family:1, type:1, protocol:0
[   10.427267] firmadyne: sys_socket[PID: 114 (klogd)]: family:1, type:2, protocol:0
 = "01:23:45:67:89:ab"
sem_get: Key: 410f00ab
sem_get: Key: 410f00ab[   10.433580] firmadyne: sys_socket[PID: 114 (klogd)]: family:1, type:1, protocol:0
[   10.434609] firmadyne: sys_socket[PID: 114 (klogd)]: family:1, type:2, protocol:0
[   10.436511] firmadyne: sys_socket[PID: 114 (klogd)]: family:1, type:1, protocol:0

nvram_set: wan_ifname = "eth0"
sem_get[   10.441353] firmadyne: sys_socket[PID: 114 (klogd)]: family:1, type:2, protocol:0
[   10.443258] firmadyne: sys_socket[PID: 114 (klogd)]: family:1, type:1, protocol:0
[   10.444212] firmadyne: sys_socket[PID: 114 (klogd)]: family:1, type:2, protocol:0
: Key: 410f00ab
sem_get: Key: 410f00ab
nvram_set: lan_ifnames = "eth1 eth2 eth3 eth4"
sem_get: Key: 410f00ab
[   10.454284] firmadyne: sys_socket[PID: 114 (klogd)]: family:1, type:1, protocol:0
[   10.455275] firmadyne: sys_socket[PID: 114 (klogd)]: family:1, type:2, protocol:0
sem_get: Key: 410f00ab
nvram_set: ethConver = "1"
[   10.461369] firmadyne: sys_socket[PID: 114 (klogd)]: family:1, type:1, protocol:0
[   10.462389] firmadyne: sys_socket[PID: 114 (klogd)]: family:1, type:2, protocol:0
[   10.464281] firmadyne: sys_socket[PID: 114 (klogd)]: family:1, type:1, protocol:0
sem_get: Key: 410f00ab
sem_get: Key: 410f00ab
[   10.469245] firmadyne: sys_socket[PID: 114 (klogd)]: family:1, type:2, protocol:0
[   10.471168] firmadyne: sys_socket[PID: 114 (klogd)]: family:1, type:1, protocol:0
[   10.472144] firmadyne: sys_socket[PID: 114 (klogd)]: family:1, type:2, protocol:0
nvram_set: lan_proto = "dhcp"
sem_get: Key: 410f00ab
[   10.478193] firmadyne: sys_socket[PID: 114 (klogd)]: family:1, type:1, protocol:0
[   10.479179] firmadyne: sys_socket[PID: 114 (klogd)]: family:1, type:2, protocol:0
sem_get: Key: 410f00ab
nvram_set: wan_ipaddr = "[   10.485553] firmadyne: sys_socket[PID: 114 (klogd)]: family:1, type:1, protocol:0
[   10.486577] firmadyne: sys_socket[PID: 114 (klogd)]: family:1, type:2, protocol:0
[   10.488465] firmadyne: sys_socket[PID: 114 (klogd)]: family:1, type:1, protocol:0
0.0.0.0"
sem_get: Key: 410f00ab
sem_get: Key: [   10.494307] firmadyne: sys_socket[PID: 114 (klogd)]: family:1, type:2, protocol:0
[   10.496231] firmadyne: sys_socket[PID: 114 (klogd)]: family:1, type:1, protocol:0
410f00ab
nvram_set: wan_netmask = "255.255.255.0"
sem_get: Key: 410f00ab
sem_get: Key: 410f00ab
[   10.505313] firmadyne: sys_socket[PID: 114 (klogd)]: family:1, type:2, protocol:0
[   10.507236] firmadyne: sys_socket[PID: 114 (klogd)]: family:1, type:1, protocol:0
[   10.508223] firmadyne: sys_socket[PID: 114 (klogd)]: family:1, type:2, protocol:0
[   10.510437] firmadyne: sys_socket[PID: 114 (klogd)]: family:1, type:1, protocol:0
[   10.511421] firmadyne: sys_socket[PID: 114 (klogd)]: family:1, type:2, protocol:0
nvram_set: wanif = "eth0"
sem_get: Key: 410f00ab
[   10.517511] firmadyne: sys_socket[PID: 114 (klogd)]: family:1, type:1, protocol:0
[   10.518534] firmadyne: sys_socket[PID: 114 (klogd)]: family:1, type:2, protocol:0
[   10.520429] firmadyne: sys_socket[PID: 114 (klogd)]: family:1, type:1, protocol:0
sem_get: Key: 410f00ab
nvram_set: time_zone_x[   10.525335] firmadyne: sys_socket[PID: 114 (klogd)]: family:1, type:2, protocol:0
[   10.527262] firmadyne: sys_socket[PID: 114 (klogd)]: family:1, type:1, protocol:0
[   10.528237] firmadyne: sys_socket[PID: 114 (klogd)]: family:1, type:2, protocol:0
 = "0"
sem_get: Key: 410f00ab
sem_get: Key: [   10.534266] firmadyne: sys_socket[PID: 114 (klogd)]: family:1, type:1, protocol:0
[   10.535257] firmadyne: sys_socket[PID: 114 (klogd)]: family:1, type:2, protocol:0
410f00ab
nvram_set: rip_multicast = "0"
sem_get: Key: [   10.541371] firmadyne: sys_socket[PID: 114 (klogd)]: family:1, type:1, protocol:0
[   10.542394] firmadyne: sys_socket[PID: 114 (klogd)]: family:1, type:2, protocol:0
[   10.544286] firmadyne: sys_socket[PID: 114 (klogd)]: family:1, type:1, protocol:0
410f00ab
sem_get: Key: 410f00ab
[   10.549244] firmadyne: sys_socket[PID: 114 (klogd)]: family:1, type:2, protocol:0
[   10.551166] firmadyne: sys_socket[PID: 114 (klogd)]: family:1, type:1, protocol:0
[   10.552119] firmadyne: sys_socket[PID: 114 (klogd)]: family:1, type:2, protocol:0
nvram_set: bs_trustedip_enable = "0"
sem_get: Key: 410f00ab
sem_get: Key: 410f00ab
nvram_set: et0macaddr = "01:23:45:67:89:ab"
[   10.562164] firmadyne: sys_socket[PID: 114 (klogd)]: family:1, type:1, protocol:0
[   10.563156] firmadyne: sys_socket[PID: 114 (klogd)]: family:1, type:2, protocol:0
sem_get: Key: 410f00ab
sem_get: Key: 410f00ab
[   10.569292] firmadyne: sys_socket[PID: 114 (klogd)]: family:1, type:1, protocol:0
[   10.570313] firmadyne: sys_socket[PID: 114 (klogd)]: family:1, type:2, protocol:0
[   10.572206] firmadyne: sys_socket[PID: 114 (klogd)]: family:1, type:1, protocol:0
nvram_set: filter_rule_tbl = ""
sem_get: Key: 410f00ab
[   10.577258] firmadyne: sys_socket[PID: 114 (klogd)]: family:1, type:2, protocol:0
[   10.579178] firmadyne: sys_socket[PID: 114 (klogd)]: family:1, type:1, protocol:0
[   10.580153] firmadyne: sys_socket[PID: 114 (klogd)]: family:1, type:2, protocol:0
sem_get: Key: 410f00ab
nvram_set: pppoe2_schedule_config = "127:0:0:23:59[   10.586455] firmadyne: sys_socket[PID: 114 (klogd)]: family:1, type:1, protocol:0
[   10.587448] firmadyne: sys_socket[PID: 114 (klogd)]: family:1, type:2, protocol:0
"
sem_get: Key: 410f00ab
sem_get: Key: 410f00ab
[   10.593602] firmadyne: sys_socket[PID: 114 (klogd)]: family:1, type:1, protocol:0
[   10.594632] firmadyne: sys_socket[PID: 114 (klogd)]: family:1, type:2, protocol:0
[   10.596511] firmadyne: sys_socket[PID: 114 (klogd)]: family:1, type:1, protocol:0
nvram_set: schedule_config = "127:0:0:23:59"
sem_get: Key: [   10.601233] firmadyne: sys_socket[PID: 114 (klogd)]: family:1, type:2, protocol:0
[   10.603161] firmadyne: sys_socket[PID: 114 (klogd)]: family:1, type:1, protocol:0
[   10.604118] firmadyne: sys_socket[PID: 114 (klogd)]: family:1, type:2, protocol:0
410f00ab
sem_get: Key: 410f00ab
nvram_set[   10.610385] firmadyne: sys_socket[PID: 114 (klogd)]: family:1, type:1, protocol:0
[   10.611374] firmadyne: sys_socket[PID: 114 (klogd)]: family:1, type:2, protocol:0
: access_control_mode = "0"
sem_get: Key: 410f00ab
[   10.617540] firmadyne: sys_socket[PID: 114 (klogd)]: family:1, type:1, protocol:0
[   10.618571] firmadyne: sys_socket[PID: 114 (klogd)]: family:1, type:2, protocol:0
[   10.620460] firmadyne: sys_socket[PID: 114 (klogd)]: family:1, type:1, protocol:0
sem_get: Key: 410f00ab
nvram_set: fwpt_df_count = "0[   10.625213] firmadyne: sys_socket[PID: 114 (klogd)]: family:1, type:2, protocol:0
[   10.627132] firmadyne: sys_socket[PID: 114 (klogd)]: family:1, type:1, protocol:0
[   10.628110] firmadyne: sys_socket[PID: 114 (klogd)]: family:1, type:2, protocol:0
"
sem_get: Key: 410f00ab
sem_get: Key: 410f00ab
[   10.634233] firmadyne: sys_socket[PID: 114 (klogd)]: family:1, type:1, protocol:0
[   10.635221] firmadyne: sys_socket[PID: 114 (klogd)]: family:1, type:2, protocol:0
nvram_set: static_if_status = "1"
sem_get: Key: 410f00ab
[   10.641323] firmadyne: sys_socket[PID: 114 (klogd)]: family:1, type:1, protocol:0
[   10.642355] firmadyne: sys_socket[PID: 114 (klogd)]: family:1, type:2, protocol:0
[   10.644248] firmadyne: sys_socket[PID: 114 (klogd)]: family:1, type:1, protocol:0
sem_get: Key: 410f00ab
nvram_set: www_relocation[   10.649489] firmadyne: sys_socket[PID: 114 (klogd)]: family:1, type:2, protocol:0
[   10.651418] firmadyne: sys_socket[PID: 114 (klogd)]: family:1, type:1, protocol:0
[   10.652401] firmadyne: sys_socket[PID: 114 (klogd)]: family:1, type:2, protocol:0
 = ""
sem_get: Key: 410f00ab
sem_get: Key: 410f00ab
nvram_set: usb_info_dev0 = "A200396E0402FF83@1@14.4G@U@1@USB_Storage;U:;0;0@"
sem_get[   10.662168] firmadyne: sys_socket[PID: 114 (klogd)]: family:1, type:1, protocol:0
[   10.663164] firmadyne: sys_socket[PID: 114 (klogd)]: family:1, type:2, protocol:0
: Key: 410f00ab
sem_get: Key: 410f00ab
[   10.669280] firmadyne: sys_socket[PID: 114 (klogd)]: family:1, type:1, protocol:0
[   10.670301] firmadyne: sys_socket[PID: 114 (klogd)]: family:1, type:2, protocol:0
[   10.672203] firmadyne: sys_socket[PID: 114 (klogd)]: family:1, type:1, protocol:0
nvram_set: usb_info_dev1 = "A200396E0402FF83@1@14.4G@U@1@USB_Storage;U:;0;0@"
sem_get: Key: 410f00ab
[   10.677294] firmadyne: sys_socket[PID: 114 (klogd)]: family:1, type:2, protocol:0
[   10.679215] firmadyne: sys_socket[PID: 114 (klogd)]: family:1, type:1, protocol:0
[   10.680191] firmadyne: sys_socket[PID: 114 (klogd)]: family:1, type:2, protocol:0
sem_get: Key: 410f00ab
nvram_set: usb_info_dev2 = "[   10.686399] firmadyne: sys_socket[PID: 114 (klogd)]: family:1, type:1, protocol:0
[   10.687389] firmadyne: sys_socket[PID: 114 (klogd)]: family:1, type:2, protocol:0
A200396E0402FF83@1@14.4G@U@1@USB_Storage;U:;0;0@"
sem_get: Key: 410f00ab
sem_get: Key: 410f00ab[   10.694467] firmadyne: sys_socket[PID: 114 (klogd)]: family:1, type:1, protocol:0
[   10.695495] firmadyne: sys_socket[PID: 114 (klogd)]: family:1, type:2, protocol:0
[   10.697095] cfg80211: Calling CRDA to update world regulatory domain

nvram_set: usb_info_dev3 = "A200396E0402FF83@1@14.4G@U@1@USB_Storage;U:;0;0@"
sem_get: Key: 410f00ab
sem_get: Key: 410f00ab[   10.705621] firmadyne: sys_socket[PID: 114 (klogd)]: family:1, type:1, protocol:0
[   10.706647] firmadyne: sys_socket[PID: 114 (klogd)]: family:1, type:2, protocol:0
[   10.708549] firmadyne: sys_socket[PID: 114 (klogd)]: family:1, type:1, protocol:0
[   10.709819] firmadyne: sys_socket[PID: 114 (klogd)]: family:1, type:2, protocol:0
[   10.711697] firmadyne: sys_socket[PID: 114 (klogd)]: family:1, type:1, protocol:0
[   10.712784] firmadyne: sys_socket[PID: 114 (klogd)]: family:1, type:2, protocol:0

nvram_set: usb_info_dev4 = "A200396E0402FF83@1@14.4G@U@1@USB_Storage;U:;0;0@"
sem_get: Key: 410f00ab
sem_get: Key: 410f00ab
nvram_set: usb_info_dev5 = "A200396E0402FF83@1@14.4G@U@1@USB_Storage;U:;0;0@"
sem_get: Key: 410f00ab
sem_get: Key: 410f00ab
nvram_set[   10.737280] firmadyne: sys_socket[PID: 114 (klogd)]: family:1, type:1, protocol:0
[   10.738304] firmadyne: sys_socket[PID: 114 (klogd)]: family:1, type:2, protocol:0
[   10.740235] firmadyne: sys_socket[PID: 114 (klogd)]: family:1, type:1, protocol:0
: usb_info_dev6 = "A200396E0402FF83@1@14.4G@U@1@USB_Storage;U:;0;0@"
sem_get: Key: 410f00ab
[   10.745274] firmadyne: sys_socket[PID: 114 (klogd)]: family:1, type:2, protocol:0
[   10.747262] firmadyne: sys_socket[PID: 114 (klogd)]: family:1, type:1, protocol:0
[   10.748243] firmadyne: sys_socket[PID: 114 (klogd)]: family:1, type:2, protocol:0
sem_get: Key: 410f00ab
nvram_set: usb_info_dev7 = "A200396E0402FF83@1@14.4G@U@1@USB_Storage;U:;0;0@[   10.754636] firmadyne: sys_socket[PID: 114 (klogd)]: family:1, type:1, protocol:0
[   10.755621] firmadyne: sys_socket[PID: 114 (klogd)]: family:1, type:2, protocol:0
"
sem_get: Key: 410f00ab
sem_get: Key: 410f00ab
[   10.761798] firmadyne: sys_socket[PID: 114 (klogd)]: family:1, type:1, protocol:0
[   10.762804] firmadyne: sys_socket[PID: 114 (klogd)]: family:1, type:2, protocol:0
[   10.764734] firmadyne: sys_socket[PID: 114 (klogd)]: family:1, type:1, protocol:0
nvram_set: usb_info_dev8 = "A200396E0402FF83@1@14.4G@U@1@USB_Storage;U:;0;0@"
[   10.770803] firmadyne: sys_socket[PID: 114 (klogd)]: family:1, type:2, protocol:0
[   10.772934] firmadyne: sys_socket[PID: 114 (klogd)]: family:1, type:1, protocol:0
[   10.773915] firmadyne: sys_socket[PID: 114 (klogd)]: family:1, type:2, protocol:0
[   10.775816] firmadyne: sys_socket[PID: 114 (klogd)]: family:1, type:1, protocol:0
sem_get: Key: 410f00ab
sem_get: Key: 410f00ab
nvram_set: usb_info_dev9 = "A200396E0402FF83@1@14.4G@U@1@USB_Storage;U:;0;0@"
sem_get: Key: 410f00ab
[   10.785075] firmadyne: sys_socket[PID: 114 (klogd)]: family:1, type:2, protocol:0
[   10.787058] firmadyne: sys_socket[PID: 114 (klogd)]: family:1, type:1, protocol:0
[   10.788037] firmadyne: sys_socket[PID: 114 (klogd)]: family:1, type:2, protocol:0
sem_get: Key: 410f00ab
nvram_set: usb_info_dev10 = "[   10.794319] firmadyne: sys_socket[PID: 114 (klogd)]: family:1, type:1, protocol:0
[   10.795315] firmadyne: sys_socket[PID: 114 (klogd)]: family:1, type:2, protocol:0
A200396E0402FF83@1@14.4G@U@1@USB_Storage;U:;0;0@"
sem_get: Key: 410f00ab
sem_get: Key: 410f00ab[   10.801634] firmadyne: sys_socket[PID: 114 (klogd)]: family:1, type:1, protocol:0
[   10.802654] firmadyne: sys_socket[PID: 114 (klogd)]: family:1, type:2, protocol:0
[   10.804599] firmadyne: sys_socket[PID: 114 (klogd)]: family:1, type:1, protocol:0

nvram_set: usb_info_dev11 = "A200396E0402FF83@1@14.4G@U@1@USB_Storage;U:;0;0@"
[   10.809295] firmadyne: sys_socket[PID: 114 (klogd)]: family:1, type:2, protocol:0
[   10.811256] firmadyne: sys_socket[PID: 114 (klogd)]: family:1, type:1, protocol:0
[   10.812238] firmadyne: sys_socket[PID: 114 (klogd)]: family:1, type:2, protocol:0
sem_get: Key: 410f00ab
sem_get: Key: 410f00ab
[   10.818225] firmadyne: sys_socket[PID: 114 (klogd)]: family:1, type:1, protocol:0
[   10.819208] firmadyne: sys_socket[PID: 114 (klogd)]: family:1, type:2, protocol:0
nvram_set: usb_info_dev12 = "A200396E0402FF83@1@14.4G@U@1@USB_Storage;U:;0;0@"
sem_get: Key: 410f00ab
[   10.825351] firmadyne: sys_socket[PID: 114 (klogd)]: family:1, type:1, protocol:0
[   10.826370] firmadyne: sys_socket[PID: 114 (klogd)]: family:1, type:2, protocol:0
[   10.828319] firmadyne: sys_socket[PID: 114 (klogd)]: family:1, type:1, protocol:0
sem_get: Key: 410f00ab
nvram_set: [   10.833983] firmadyne: sys_socket[PID: 114 (klogd)]: family:1, type:2, protocol:0
[   10.835973] firmadyne: sys_socket[PID: 114 (klogd)]: family:1, type:1, protocol:0
usb_info_dev13 = "A200396E0402FF83@1@14.4G@U@1@USB_Storage;U:;0;0@"
sem_get: Key: 410f00ab
sem_get[   10.841345] firmadyne: sys_socket[PID: 114 (klogd)]: family:1, type:2, protocol:0
[   10.843338] firmadyne: sys_socket[PID: 114 (klogd)]: family:1, type:1, protocol:0
[   10.844311] firmadyne: sys_socket[PID: 114 (klogd)]: family:1, type:2, protocol:0
: Key: 410f00ab
nvram_set: usb_info_dev14 = "A200396E0402FF83@1@14.4G@U@1@USB_Storage;U:;0;0@"
[   10.850471] firmadyne: sys_socket[PID: 114 (klogd)]: family:1, type:1, protocol:0
[   10.851460] firmadyne: sys_socket[PID: 114 (klogd)]: family:1, type:2, protocol:0
sem_get: Key: 410f00ab
sem_get: Key: 410f00ab
[   10.857541] firmadyne: sys_socket[PID: 114 (klogd)]: family:1, type:1, protocol:0
[   10.858571] firmadyne: sys_socket[PID: 114 (klogd)]: family:1, type:2, protocol:0
[   10.860519] firmadyne: sys_socket[PID: 114 (klogd)]: family:1, type:1, protocol:0
nvram_set: usb_info_dev15 = "A200396E0402FF83@1@14.4G@U@1@USB_Storage;U:;0;0@"
sem_get: Key: [   10.865221] firmadyne: sys_socket[PID: 114 (klogd)]: family:1, type:2, protocol:0
[   10.867177] firmadyne: sys_socket[PID: 114 (klogd)]: family:1, type:1, protocol:0
[   10.868155] firmadyne: sys_socket[PID: 114 (klogd)]: family:1, type:2, protocol:0
410f00ab
sem_get: Key: 410f00ab
nvram_set[   10.874555] firmadyne: sys_socket[PID: 114 (klogd)]: family:1, type:1, protocol:0
[   10.875547] firmadyne: sys_socket[PID: 114 (klogd)]: family:1, type:2, protocol:0
: usb_info_dev16 = "A200396E0402FF83@1@14.4G@U@1@USB_Storage;U:;0;0@"
sem_get: Key: 410f00ab
[   10.881717] firmadyne: sys_socket[PID: 114 (klogd)]: family:1, type:1, protocol:0
[   10.882735] firmadyne: sys_socket[PID: 114 (klogd)]: family:1, type:2, protocol:0
[   10.884695] firmadyne: sys_socket[PID: 114 (klogd)]: family:1, type:1, protocol:0
sem_get: Key: 410f00ab
nvram_set: usb_info_dev17 = "A200396E0402FF83@1@14.4G@U@1@USB_Storage;U:;0;0@"
sem_get: Key: 410f00ab
sem_get: Key: 410f00ab[   10.894219] firmadyne: sys_socket[PID: 114 (klogd)]: family:1, type:2, protocol:0
[   10.896226] firmadyne: sys_socket[PID: 114 (klogd)]: family:1, type:1, protocol:0

nvram_set: usb_info_dev18 = "A200396E0402FF83@1@14.4G@U@1@USB_Storage;U:;0;0@"
sem_get[   10.901368] firmadyne: sys_socket[PID: 114 (klogd)]: family:1, type:2, protocol:0
[   10.903355] firmadyne: sys_socket[PID: 114 (klogd)]: family:1, type:1, protocol:0
[   10.904336] firmadyne: sys_socket[PID: 114 (klogd)]: family:1, type:2, protocol:0
: Key: 410f00ab
sem_get: Key: 410f00ab
[   10.910214] firmadyne: sys_socket[PID: 114 (klogd)]: family:1, type:1, protocol:0
[   10.911204] firmadyne: sys_socket[PID: 114 (klogd)]: family:1, type:2, protocol:0
nvram_set: usb_info_dev19 = "A200396E0402FF83@1@14.4G@U@1@USB_Storage;U:;0;0@"
sem_get: Key: 410f00ab
[   10.917588] firmadyne: sys_socket[PID: 114 (klogd)]: family:1, type:1, protocol:0
[   10.918601] firmadyne: sys_socket[PID: 114 (klogd)]: family:1, type:2, protocol:0
[   10.920564] firmadyne: sys_socket[PID: 114 (klogd)]: family:1, type:1, protocol:0
sem_get: Key: 410f00ab
nvram_set: [   10.925338] firmadyne: sys_socket[PID: 114 (klogd)]: family:1, type:2, protocol:0
[   10.927631] firmadyne: sys_socket[PID: 114 (klogd)]: family:1, type:1, protocol:0
[   10.928633] firmadyne: sys_socket[PID: 114 (klogd)]: family:1, type:2, protocol:0
usb_info_dev20 = "A200396E0402FF83@1@14.4G@U@1@USB_Storage;U:;0;0@"
sem_get: Key: 410f00ab
[   10.934192] firmadyne: sys_socket[PID: 114 (klogd)]: family:1, type:1, protocol:0
[   10.935142] firmadyne: sys_socket[PID: 114 (klogd)]: family:1, type:2, protocol:0
sem_get: Key: 410f00ab
nvram_set: usb_info_dev21 = "A200396E0402FF83@1@14.4G@U@1@USB_Storage;U:;0;0@"
[   10.941604] firmadyne: sys_socket[PID: 114 (klogd)]: family:1, type:1, protocol:0
[   10.942586] firmadyne: sys_socket[PID: 114 (klogd)]: family:1, type:2, protocol:0
[   10.944442] firmadyne: sys_socket[PID: 114 (klogd)]: family:1, type:1, protocol:0
sem_get: Key: 410f00ab
sem_get: Key: 410f00ab
[   10.949279] firmadyne: sys_socket[PID: 114 (klogd)]: family:1, type:2, protocol:0
[   10.951188] firmadyne: sys_socket[PID: 114 (klogd)]: family:1, type:1, protocol:0
[   10.952125] firmadyne: sys_socket[PID: 114 (klogd)]: family:1, type:2, protocol:0
nvram_set: usb_info_dev22 = "A200396E0402FF83@1@14.4G@U@1@USB_Storage;U:;0;0@"
sem_get: Key: 410f00ab[   10.958157] firmadyne: sys_socket[PID: 114 (klogd)]: family:1, type:1, protocol:0
[   10.959104] firmadyne: sys_socket[PID: 114 (klogd)]: family:1, type:2, protocol:0

sem_get: Key: 410f00ab
nvram_set: [   10.965369] firmadyne: sys_socket[PID: 114 (klogd)]: family:1, type:1, protocol:0
[   10.966350] firmadyne: sys_socket[PID: 114 (klogd)]: family:1, type:2, protocol:0
[   10.968240] firmadyne: sys_socket[PID: 114 (klogd)]: family:1, type:1, protocol:0
usb_info_dev23 = "A200396E0402FF83@1@14.4G@U@1@USB_Storage;U:;0;0@"
sem_get: Key: 410f00ab
sem_get[   10.973513] firmadyne: sys_socket[PID: 114 (klogd)]: family:1, type:2, protocol:0
[   10.975462] firmadyne: sys_socket[PID: 114 (klogd)]: family:1, type:1, protocol:0
[   10.976424] firmadyne: sys_socket[PID: 114 (klogd)]: family:1, type:2, protocol:0
: Key: 410f00ab
nvram_set: usb_info_dev24 = "A200396E0402FF83@1@14.4G@U@1@USB_Storage;U:;0;0@"
sem_get: Key: 410f00ab
sem_get: Key: 410f00ab
[   10.986252] firmadyne: sys_socket[PID: 114 (klogd)]: family:1, type:1, protocol:0
[   10.987244] firmadyne: sys_socket[PID: 114 (klogd)]: family:1, type:2, protocol:0
nvram_set: usb_info_dev25 = "A200396E0402FF83@1@14.4G@U@1@USB_Storage;U:;0;0@"
sem_get: Key: 410f00ab
[   10.993436] firmadyne: sys_socket[PID: 114 (klogd)]: family:1, type:1, protocol:0
[   10.994460] firmadyne: sys_socket[PID: 114 (klogd)]: family:1, type:2, protocol:0
[   10.996408] firmadyne: sys_socket[PID: 114 (klogd)]: family:1, type:1, protocol:0
sem_get: Key: 410f00ab
nvram_set[   11.001338] firmadyne: sys_socket[PID: 114 (klogd)]: family:1, type:2, protocol:0
[   11.003312] firmadyne: sys_socket[PID: 114 (klogd)]: family:1, type:1, protocol:0
[   11.004354] firmadyne: sys_socket[PID: 114 (klogd)]: family:1, type:2, protocol:0
: usb_info_dev26 = "A200396E0402FF83@1@14.4G@U@1@USB_Storage;U:;0;0@"
sem_get: Key: 410f00ab
[   11.010224] firmadyne: sys_socket[PID: 114 (klogd)]: family:1, type:1, protocol:0
[   11.011213] firmadyne: sys_socket[PID: 114 (klogd)]: family:1, type:2, protocol:0
sem_get: Key: 410f00ab
nvram_set: usb_info_dev27 = "A200396E0402FF83@1@14.4G@U@1@USB_Storage;U:;0;0@[   11.017825] firmadyne: sys_socket[PID: 114 (klogd)]: family:1, type:1, protocol:0
[   11.018855] firmadyne: sys_socket[PID: 114 (klogd)]: family:1, type:2, protocol:0
"
sem_get: Key: 410f00ab
sem_get: Key: 410f00ab
[   11.029078] firmadyne: sys_socket[PID: 114 (klogd)]: family:1, type:1, protocol:0
[   11.030111] firmadyne: sys_socket[PID: 114 (klogd)]: family:1, type:2, protocol:0
[   11.032084] firmadyne: sys_socket[PID: 114 (klogd)]: family:1, type:1, protocol:0
nvram_set: usb_info_dev28 = "A200396E0402FF83@1@14.4G@U@1@USB_Storage;U:;0;0@"
sem_get: Key: 410f00ab
sem_get: Key: [   11.041361] firmadyne: sys_socket[PID: 114 (klogd)]: family:1, type:2, protocol:0
[   11.043363] firmadyne: sys_socket[PID: 114 (klogd)]: family:1, type:1, protocol:0
[   11.044345] firmadyne: sys_socket[PID: 114 (klogd)]: family:1, type:2, protocol:0
[   11.046637] firmadyne: sys_socket[PID: 114 (klogd)]: family:1, type:1, protocol:0
[   11.047618] firmadyne: sys_socket[PID: 114 (klogd)]: family:1, type:2, protocol:0
410f00ab
nvram_set: usb_info_dev29 = "A200396E0402FF83@1@14.4G@U@1@USB_Storage;U:;0;0@"
sem_get[   11.054040] firmadyne: sys_socket[PID: 114 (klogd)]: family:1, type:1, protocol:0
[   11.055055] firmadyne: sys_socket[PID: 114 (klogd)]: family:1, type:2, protocol:0
: Key: 410f00ab
sem_get: Key: 410f00ab
[   11.061215] firmadyne: sys_socket[PID: 114 (klogd)]: family:1, type:1, protocol:0
[   11.062234] firmadyne: sys_socket[PID: 114 (klogd)]: family:1, type:2, protocol:0
nvram_set: usb_info_dev30 = "A200396E0402FF83@1@14.4G@U@1@USB_Storage;U:;0;0@"
sem_get: Key: 410f00ab
sem_get: Key: 410f00ab
nvram_set: usb_info_dev31 = "A200396E0402FF83@1@14.4G@U@1@USB_Storage;U:;0;0@"
sem_get: Key: 410f00ab[   11.081198] firmadyne: sys_socket[PID: 114 (klogd)]: family:1, type:1, protocol:0
[   11.082228] firmadyne: sys_socket[PID: 114 (klogd)]: family:1, type:2, protocol:0
[   11.084201] firmadyne: sys_socket[PID: 114 (klogd)]: family:1, type:1, protocol:0

sem_get: Key: 410f00ab
nvram_set: usb_info_dev32 = "A200396E0402FF83@1@14.4G@U@1@USB_Storage;U:;0;0@"
sem_get: Key: 410f00ab
[   11.094245] firmadyne: sys_socket[PID: 114 (klogd)]: family:1, type:2, protocol:0
[   11.096265] firmadyne: sys_socket[PID: 114 (klogd)]: family:1, type:1, protocol:0
[   11.097618] firmadyne: sys_socket[PID: 114 (klogd)]: family:1, type:2, protocol:0
[   11.099605] firmadyne: sys_socket[PID: 114 (klogd)]: family:1, type:1, protocol:0
[   11.100602] firmadyne: sys_socket[PID: 114 (klogd)]: family:1, type:2, protocol:0
sem_get: Key: 410f00ab
nvram_set: usb_info_dev33 = "[   11.106555] firmadyne: sys_socket[PID: 114 (klogd)]: family:1, type:1, protocol:0
[   11.107548] firmadyne: sys_socket[PID: 114 (klogd)]: family:1, type:2, protocol:0
A200396E0402FF83@1@14.4G@U@1@USB_Storage;U:;0;0@"
sem_get: Key: 410f00ab
sem_get: Key: [   11.113902] firmadyne: sys_socket[PID: 114 (klogd)]: family:1, type:1, protocol:0
[   11.114938] firmadyne: sys_socket[PID: 114 (klogd)]: family:1, type:2, protocol:0
410f00ab
nvram_set: usb_info_dev34 = "A200396E0402FF83@1@14.4G@U@1@USB_Storage;U:;0;0@"
sem_get[   11.121350] firmadyne: sys_socket[PID: 114 (klogd)]: family:1, type:1, protocol:0
[   11.122392] firmadyne: sys_socket[PID: 114 (klogd)]: family:1, type:2, protocol:0
[   11.124411] firmadyne: sys_socket[PID: 114 (klogd)]: family:1, type:1, protocol:0
: Key: 410f00ab
sem_get: Key: 410f00ab
nvram_set: usb_info_dev35 = "A200396E0402FF83@1@14.4G@U@1@USB_Storage;U:;0;0@"
sem_get: Key: [   11.133343] firmadyne: sys_socket[PID: 114 (klogd)]: family:1, type:2, protocol:0
[   11.135367] firmadyne: sys_socket[PID: 114 (klogd)]: family:1, type:1, protocol:0
[   11.136367] firmadyne: sys_socket[PID: 114 (klogd)]: family:1, type:2, protocol:0
410f00ab
sem_get: Key: 410f00ab
[   11.142294] firmadyne: sys_socket[PID: 114 (klogd)]: family:1, type:1, protocol:0
[   11.143307] firmadyne: sys_socket[PID: 114 (klogd)]: family:1, type:2, protocol:0
nvram_set: usb_info_dev36 = "A200396E0402FF83@1@14.4G@U@1@USB_Storage;U:;0;0@"
sem_get: Key: 410f00ab
[   11.149676] firmadyne: sys_socket[PID: 114 (klogd)]: family:1, type:1, protocol:0
[   11.150870] firmadyne: sys_socket[PID: 114 (klogd)]: family:1, type:2, protocol:0
sem_get: Key: 410f00ab
nvram_set: [   11.157438] firmadyne: sys_socket[PID: 114 (klogd)]: family:1, type:1, protocol:0
[   11.158538] firmadyne: sys_socket[PID: 114 (klogd)]: family:1, type:2, protocol:0
[   11.160557] firmadyne: sys_socket[PID: 114 (klogd)]: family:1, type:1, protocol:0
usb_info_dev37 = "A200396E0402FF83@1@14.4G@U@1@USB_Storage;U:;0;0@"
sem_get: Key: 410f00ab
[   11.165222] firmadyne: sys_socket[PID: 114 (klogd)]: family:1, type:2, protocol:0
[   11.167287] firmadyne: sys_socket[PID: 114 (klogd)]: family:1, type:1, protocol:0
[   11.168300] firmadyne: sys_socket[PID: 114 (klogd)]: family:1, type:2, protocol:0
sem_get: Key: 410f00ab
nvram_set: usb_info_dev38[   11.174606] firmadyne: sys_socket[PID: 114 (klogd)]: family:1, type:1, protocol:0
[   11.175615] firmadyne: sys_socket[PID: 114 (klogd)]: family:1, type:2, protocol:0
 = "A200396E0402FF83@1@14.4G@U@1@USB_Storage;U:;0;0@"
sem_get: Key: 410f00ab
sem_get: Key: [   11.182065] firmadyne: sys_socket[PID: 114 (klogd)]: family:1, type:1, protocol:0
[   11.183083] firmadyne: sys_socket[PID: 114 (klogd)]: family:1, type:2, protocol:0
410f00ab
nvram_set: usb_info_dev39 = "A200396E0402FF83@1@14.4G@U@1@USB_Storage;U:;0;0@"
sem_get[   11.189550] firmadyne: sys_socket[PID: 114 (klogd)]: family:1, type:1, protocol:0
[   11.190631] firmadyne: sys_socket[PID: 114 (klogd)]: family:1, type:2, protocol:0
[   11.192681] firmadyne: sys_socket[PID: 114 (klogd)]: family:1, type:1, protocol:0
: Key: 410f00ab
sem_get: Key: 410f00ab
[   11.197261] firmadyne: sys_socket[PID: 114 (klogd)]: family:1, type:2, protocol:0
[   11.199300] firmadyne: sys_socket[PID: 114 (klogd)]: family:1, type:1, protocol:0
[   11.200300] firmadyne: sys_socket[PID: 114 (klogd)]: family:1, type:2, protocol:0
nvram_set: usb_info_dev40 = "A200396E0402FF83@1@14.4G@U@1@USB_Storage;U:;0;0@"
sem_get: Key: [   11.206477] firmadyne: sys_socket[PID: 114 (klogd)]: family:1, type:1, protocol:0
[   11.207473] firmadyne: sys_socket[PID: 114 (klogd)]: family:1, type:2, protocol:0
410f00ab
sem_get: Key: 410f00ab
[   11.213630] firmadyne: sys_socket[PID: 114 (klogd)]: family:1, type:1, protocol:0
[   11.214689] firmadyne: sys_socket[PID: 114 (klogd)]: family:1, type:2, protocol:0
[   11.216874] firmadyne: sys_socket[PID: 114 (klogd)]: family:1, type:1, protocol:0
nvram_set: usb_info_dev41 = "A200396E0402FF83@1@14.4G@U@1@USB_Storage;U:;0;0@"
sem_get: Key: 410f00ab
sem_get: Key: 410f00ab
nvram_set: usb_info_dev42[   11.225524] firmadyne: sys_socket[PID: 114 (klogd)]: family:1, type:2, protocol:0
[   11.227547] firmadyne: sys_socket[PID: 114 (klogd)]: family:1, type:1, protocol:0
[   11.228546] firmadyne: sys_socket[PID: 114 (klogd)]: family:1, type:2, protocol:0
 = "A200396E0402FF83@1@14.4G@U@1@USB_Storage;U:;0;0@"
sem_get: Key: 410f00ab
[   11.234405] firmadyne: sys_socket[PID: 114 (klogd)]: family:1, type:1, protocol:0
[   11.235417] firmadyne: sys_socket[PID: 114 (klogd)]: family:1, type:2, protocol:0
sem_get: Key: 410f00ab
nvram_set: usb_info_dev43 = "A200396E0402FF83@1@14.4G@U@1@USB_Storage;U:;0;0@[   11.241590] firmadyne: sys_socket[PID: 114 (klogd)]: family:1, type:1, protocol:0
[   11.242617] firmadyne: sys_socket[PID: 114 (klogd)]: family:1, type:2, protocol:0
[   11.244636] firmadyne: sys_socket[PID: 114 (klogd)]: family:1, type:1, protocol:0
"
sem_get: Key: 410f00ab
sem_get: Key: 410f00ab
nvram_set: usb_info_dev44 = "A200396E0402FF83@1@14.4G@U@1@USB_Storage;U:;0;0@"
[   11.253222] firmadyne: sys_socket[PID: 114 (klogd)]: family:1, type:2, protocol:0
[   11.255253] firmadyne: sys_socket[PID: 114 (klogd)]: family:1, type:1, protocol:0
[   11.256250] firmadyne: sys_socket[PID: 114 (klogd)]: family:1, type:2, protocol:0
sem_get: Key: 410f00ab
sem_get: Key: 410f00ab
[   11.262266] firmadyne: sys_socket[PID: 114 (klogd)]: family:1, type:1, protocol:0
[   11.263262] firmadyne: sys_socket[PID: 114 (klogd)]: family:1, type:2, protocol:0
nvram_set: usb_info_dev45 = "A200396E0402FF83@1@14.4G@U@1@USB_Storage;U:;0;0@"
sem_get: Key: 410f00ab
[   11.269659] firmadyne: sys_socket[PID: 114 (klogd)]: family:1, type:1, protocol:0
[   11.270705] firmadyne: sys_socket[PID: 114 (klogd)]: family:1, type:2, protocol:0
[   11.272709] firmadyne: sys_socket[PID: 114 (klogd)]: family:1, type:1, protocol:0
sem_get: Key: 410f00ab
[   11.277295] firmadyne: sys_socket[PID: 114 (klogd)]: family:1, type:2, protocol:0
[   11.279288] firmadyne: sys_socket[PID: 114 (klogd)]: family:1, type:1, protocol:0
[   11.280287] firmadyne: sys_socket[PID: 114 (klogd)]: family:1, type:2, protocol:0
nvram_set: usb_info_dev46 = "A200396E0402FF83@1@14.4G@U@1@USB_Storage;U:;0;0@"
sem_get: Key: 410f00ab
[   11.286414] firmadyne: sys_socket[PID: 114 (klogd)]: family:1, type:1, protocol:0
[   11.287415] firmadyne: sys_socket[PID: 114 (klogd)]: family:1, type:2, protocol:0
sem_get: Key: 410f00ab
nvram_set: usb_info_dev47 = "[   11.294592] firmadyne: sys_socket[PID: 114 (klogd)]: family:1, type:1, protocol:0
[   11.295663] firmadyne: sys_socket[PID: 114 (klogd)]: family:1, type:2, protocol:0
[   11.297921] firmadyne: sys_socket[PID: 114 (klogd)]: family:1, type:1, protocol:0
[   11.298955] firmadyne: sys_socket[PID: 114 (klogd)]: family:1, type:2, protocol:0
A200396E0402FF83@1@14.4G@U@1@USB_Storage;U:;0;0@"
sem_get: Key: 410f00ab
sem_get: Key: 410f00ab
nvram_set: usb_info_dev48 = "A200396E0402FF83@1@14.4G@U@1@USB_Storage;U:;0;0@"
sem_get[   11.309165] firmadyne: sys_socket[PID: 114 (klogd)]: family:1, type:1, protocol:0
[   11.310214] firmadyne: sys_socket[PID: 114 (klogd)]: family:1, type:2, protocol:0
[   11.312272] firmadyne: sys_socket[PID: 114 (klogd)]: family:1, type:1, protocol:0
: Key: 410f00ab
sem_get: Key: 410f00ab
[   11.317260] firmadyne: sys_socket[PID: 114 (klogd)]: family:1, type:2, protocol:0
[   11.319356] firmadyne: sys_socket[PID: 114 (klogd)]: family:1, type:1, protocol:0
[   11.320385] firmadyne: sys_socket[PID: 114 (klogd)]: family:1, type:2, protocol:0
nvram_set: usb_info_dev49 = "A200396E0402FF83@1@14.4G@U@1@USB_Storage;U:;0;0@"
sem_get: Key: [   11.326354] firmadyne: sys_socket[PID: 114 (klogd)]: family:1, type:1, protocol:0
[   11.327401] firmadyne: sys_socket[PID: 114 (klogd)]: family:1, type:2, protocol:0
410f00ab
sem_get: Key: 410f00ab
[   11.333630] firmadyne: sys_socket[PID: 114 (klogd)]: family:1, type:1, protocol:0
[   11.334698] firmadyne: sys_socket[PID: 114 (klogd)]: family:1, type:2, protocol:0
nvram_set: usb_info_dev50 = "A200396E0402FF83@1@14.4G@U@1@USB_Storage;U:;0;0@"
sem_get: Key: 410f00ab
[   11.341047] firmadyne: sys_socket[PID: 114 (klogd)]: family:1, type:1, protocol:0
[   11.342123] firmadyne: sys_socket[PID: 114 (klogd)]: family:1, type:2, protocol:0
[   11.344181] firmadyne: sys_socket[PID: 114 (klogd)]: family:1, type:1, protocol:0
sem_get: Key: 410f00ab
nvram_set: usb_info_dev51 = "A200396E0402FF83@1@14.4G@U@1@USB_Storage;U:;0;0@[   11.349703] firmadyne: sys_socket[PID: 114 (klogd)]: family:1, type:2, protocol:0
[   11.351786] firmadyne: sys_socket[PID: 114 (klogd)]: family:1, type:1, protocol:0
"
sem_get: Key: 410f00ab
sem_get: Key: 410f00ab
[   11.357048] firmadyne: sys_socket[PID: 114 (klogd)]: family:1, type:2, protocol:0
[   11.359150] firmadyne: sys_socket[PID: 114 (klogd)]: family:1, type:1, protocol:0
[   11.360176] firmadyne: sys_socket[PID: 114 (klogd)]: family:1, type:2, protocol:0
nvram_set: usb_info_dev52 = "A200396E0402FF83@1@14.4G@U@1@USB_Storage;U:;0;0@"
sem_get: Key: [   11.366493] firmadyne: sys_socket[PID: 114 (klogd)]: family:1, type:1, protocol:0
[   11.367515] firmadyne: sys_socket[PID: 114 (klogd)]: family:1, type:2, protocol:0
410f00ab
sem_get: Key: 410f00ab
[   11.373747] firmadyne: sys_socket[PID: 114 (klogd)]: family:1, type:1, protocol:0
[   11.374811] firmadyne: sys_socket[PID: 114 (klogd)]: family:1, type:2, protocol:0
nvram_set: usb_info_dev53 = "A200396E0402FF83@1@14.4G@U@1@USB_Storage;U:;0;0@"
sem_get: Key: 410f00ab
[   11.381058] firmadyne: sys_socket[PID: 114 (klogd)]: family:1, type:1, protocol:0
[   11.382125] firmadyne: sys_socket[PID: 114 (klogd)]: family:1, type:2, protocol:0
sem_get: Key: 410f00ab
nvram_set: usb_info_dev54 = "A200396E0402FF83@1@14.4G@U@1@USB_Storage;U:;0;0@"
sem_get: Key: 410f00ab
sem_get: Key: 410f00ab
nvram_set: usb_info_dev55 = "A200396E0402FF83@1@14.4G@U@1@USB_Storage;U:;0;0@"
sem_get: Key: 410f00ab
[   11.405271] firmadyne: sys_socket[PID: 114 (klogd)]: family:1, type:1, protocol:0
[   11.406340] firmadyne: sys_socket[PID: 114 (klogd)]: family:1, type:2, protocol:0
[   11.408419] firmadyne: sys_socket[PID: 114 (klogd)]: family:1, type:1, protocol:0
sem_get: Key: 410f00ab
nvram_set: usb_info_dev56 = "[   11.413282] firmadyne: sys_socket[PID: 114 (klogd)]: family:1, type:2, protocol:0
[   11.415368] firmadyne: sys_socket[PID: 114 (klogd)]: family:1, type:1, protocol:0
[   11.416454] firmadyne: sys_socket[PID: 114 (klogd)]: family:1, type:2, protocol:0
A200396E0402FF83@1@14.4G@U@1@USB_Storage;U:;0;0@"
sem_get: Key: 410f00ab
sem_get[   11.422600] firmadyne: sys_socket[PID: 114 (klogd)]: family:1, type:1, protocol:0
[   11.423634] firmadyne: sys_socket[PID: 114 (klogd)]: family:1, type:2, protocol:0
: Key: 410f00ab
nvram_set: usb_info_dev57 = "A200396E0402FF83@1@14.4G@U@1@USB_Storage;U:;0;0@"
[   11.429944] firmadyne: sys_socket[PID: 114 (klogd)]: family:1, type:1, protocol:0
[   11.430998] firmadyne: sys_socket[PID: 114 (klogd)]: family:1, type:2, protocol:0
sem_get: Key: 410f00ab
sem_get: Key: 410f00ab
[   11.437515] firmadyne: sys_socket[PID: 114 (klogd)]: family:1, type:1, protocol:0
[   11.438595] firmadyne: sys_socket[PID: 114 (klogd)]: family:1, type:2, protocol:0
[   11.440662] firmadyne: sys_socket[PID: 114 (klogd)]: family:1, type:1, protocol:0
nvram_set: usb_info_dev58 = "A200396E0402FF83@1@14.4G@U@1@USB_Storage;U:;0;0@"
sem_get: Key: [   11.445467] firmadyne: sys_socket[PID: 114 (klogd)]: family:1, type:2, protocol:0
[   11.447583] firmadyne: sys_socket[PID: 114 (klogd)]: family:1, type:1, protocol:0
[   11.448626] firmadyne: sys_socket[PID: 114 (klogd)]: family:1, type:2, protocol:0
410f00ab
sem_get: Key: 410f00ab
nvram_set: usb_info_dev59 = "A200396E0402FF83@1@14.4G@U@1@USB_Storage;U:;0;0@"
sem_get: Key: 410f00ab
[   11.458323] firmadyne: sys_socket[PID: 114 (klogd)]: family:1, type:1, protocol:0
[   11.459360] firmadyne: sys_socket[PID: 114 (klogd)]: family:1, type:2, protocol:0
sem_get: Key: 410f00ab
nvram_set: usb_info_dev60[   11.465899] firmadyne: sys_socket[PID: 114 (klogd)]: family:1, type:1, protocol:0
[   11.466958] firmadyne: sys_socket[PID: 114 (klogd)]: family:1, type:2, protocol:0
 = "A200396E0402FF83@1@14.4G@U@1@USB_Storage;U:;0;0@"
sem_get: Key: 410f00ab
sem_get: Key: [   11.473332] firmadyne: sys_socket[PID: 114 (klogd)]: family:1, type:1, protocol:0
[   11.474396] firmadyne: sys_socket[PID: 114 (klogd)]: family:1, type:2, protocol:0
[   11.476487] firmadyne: sys_socket[PID: 114 (klogd)]: family:1, type:1, protocol:0
410f00ab
nvram_set: usb_info_dev61 = "A200396E0402FF83@1@14.4G@U@1@USB_Storage;U:;0;0@"
[   11.481520] firmadyne: sys_socket[PID: 114 (klogd)]: family:1, type:2, protocol:0
[   11.483608] firmadyne: sys_socket[PID: 114 (klogd)]: family:1, type:1, protocol:0
[   11.484613] firmadyne: sys_socket[PID: 114 (klogd)]: family:1, type:2, protocol:0
sem_get: Key: 410f00ab
sem_get: Key: 410f00ab[   11.490608] firmadyne: sys_socket[PID: 114 (klogd)]: family:1, type:1, protocol:0
[   11.491659] firmadyne: sys_socket[PID: 114 (klogd)]: family:1, type:2, protocol:0

nvram_set: usb_info_dev62 = "A200396E0402FF83@1@14.4G@U@1@USB_Storage;U:;0;0@"
[   11.499597] firmadyne: sys_socket[PID: 114 (klogd)]: family:1, type:1, protocol:0
[   11.500636] firmadyne: sys_socket[PID: 114 (klogd)]: family:1, type:2, protocol:0
[   11.502790] firmadyne: sys_socket[PID: 114 (klogd)]: family:1, type:1, protocol:0
[   11.503795] firmadyne: sys_socket[PID: 114 (klogd)]: family:1, type:2, protocol:0
sem_get: Key: 410f00ab
sem_get: Key: 410f00ab
nvram_set: usb_info_dev63 = "A200396E0402FF83@1@14.4G@U@1@USB_Storage;U:;0;0@"
sem_get: Key: 410f00ab
[   11.513996] firmadyne: sys_socket[PID: 114 (klogd)]: family:1, type:1, protocol:0
[   11.515011] firmadyne: sys_socket[PID: 114 (klogd)]: family:1, type:2, protocol:0
sem_get: Key: 410f00ab
nvram_set: usb_info_dev64[   11.521433] firmadyne: sys_socket[PID: 114 (klogd)]: family:1, type:1, protocol:0
[   11.522470] firmadyne: sys_socket[PID: 114 (klogd)]: family:1, type:2, protocol:0
[   11.524445] firmadyne: sys_socket[PID: 114 (klogd)]: family:1, type:1, protocol:0
 = "A200396E0402FF83@1@14.4G@U@1@USB_Storage;U:;0;0@"
sem_get: Key: 410f00ab
sem_get: Key: 410f00ab
nvram_set: usb_info_dev65 = "A200396E0402FF83@1@14.4G@U@1@USB_Storage;U:;0;0@[   11.533640] firmadyne: sys_socket[PID: 114 (klogd)]: family:1, type:2, protocol:0
[   11.535666] firmadyne: sys_socket[PID: 114 (klogd)]: family:1, type:1, protocol:0
[   11.536677] firmadyne: sys_socket[PID: 114 (klogd)]: family:1, type:2, protocol:0
[   11.538988] firmadyne: sys_socket[PID: 114 (klogd)]: family:1, type:1, protocol:0
[   11.539982] firmadyne: sys_socket[PID: 114 (klogd)]: family:1, type:2, protocol:0
"
sem_get: Key: 410f00ab
sem_get: Key: 410f00ab
[   11.546216] firmadyne: sys_socket[PID: 114 (klogd)]: family:1, type:1, protocol:0
[   11.547216] firmadyne: sys_socket[PID: 114 (klogd)]: family:1, type:2, protocol:0
nvram_set: usb_info_dev66 = "A200396E0402FF83@1@14.4G@U@1@USB_Storage;U:;0;0@"
sem_get: Key: 410f00ab[   11.553593] firmadyne: sys_socket[PID: 114 (klogd)]: family:1, type:1, protocol:0
[   11.554632] firmadyne: sys_socket[PID: 114 (klogd)]: family:1, type:2, protocol:0
[   11.556645] firmadyne: sys_socket[PID: 114 (klogd)]: family:1, type:1, protocol:0

sem_get: Key: 410f00ab
[   11.561251] firmadyne: sys_socket[PID: 114 (klogd)]: family:1, type:2, protocol:0
[   11.563284] firmadyne: sys_socket[PID: 114 (klogd)]: family:1, type:1, protocol:0
[   11.564319] firmadyne: sys_socket[PID: 114 (klogd)]: family:1, type:2, protocol:0
nvram_set: usb_info_dev67 = "A200396E0402FF83@1@14.4G@U@1@USB_Storage;U:;0;0@"
sem_get: Key: 410f00ab
sem_get: Key: 410f00ab
nvram_set: [   11.574487] firmadyne: sys_socket[PID: 114 (klogd)]: family:1, type:1, protocol:0
[   11.575535] firmadyne: sys_socket[PID: 114 (klogd)]: family:1, type:2, protocol:0
usb_info_dev68 = "A200396E0402FF83@1@14.4G@U@1@USB_Storage;U:;0;0@"
sem_get: Key: 410f00ab
sem_get[   11.582107] firmadyne: sys_socket[PID: 114 (klogd)]: family:1, type:1, protocol:0
[   11.583143] firmadyne: sys_socket[PID: 114 (klogd)]: family:1, type:2, protocol:0
[   11.585373] firmadyne: sys_socket[PID: 114 (klogd)]: family:1, type:1, protocol:0
[   11.586385] firmadyne: sys_socket[PID: 114 (klogd)]: family:1, type:2, protocol:0
[   11.588379] firmadyne: sys_socket[PID: 114 (klogd)]: family:1, type:1, protocol:0
: Key: 410f00ab
nvram_set: usb_info_dev69 = "A200396E0402FF83@1@14.4G@U@1@USB_Storage;U:;0;0@"
sem_get: Key: 410f00ab
sem_get: Key: 410f00ab
[   11.597294] firmadyne: sys_socket[PID: 114 (klogd)]: family:1, type:2, protocol:0
[   11.599349] firmadyne: sys_socket[PID: 114 (klogd)]: family:1, type:1, protocol:0
[   11.600368] firmadyne: sys_socket[PID: 114 (klogd)]: family:1, type:2, protocol:0
nvram_set: usb_info_dev70 = "A200396E0402FF83@1@14.4G@U@1@USB_Storage;U:;0;0@"
sem_get[   11.606443] firmadyne: sys_socket[PID: 114 (klogd)]: family:1, type:1, protocol:0
[   11.607477] firmadyne: sys_socket[PID: 114 (klogd)]: family:1, type:2, protocol:0
: Key: 410f00ab
sem_get: Key: 410f00ab
[   11.613626] firmadyne: sys_socket[PID: 114 (klogd)]: family:1, type:1, protocol:0
[   11.614725] firmadyne: sys_socket[PID: 114 (klogd)]: family:1, type:2, protocol:0
nvram_set: usb_info_dev71 = "A200396E0402FF83@1@14.4G@U@1@USB_Storage;U:;0;0@"
sem_get: Key: 410f00ab
[   11.621027] firmadyne: sys_socket[PID: 114 (klogd)]: family:1, type:1, protocol:0
[   11.622114] firmadyne: sys_socket[PID: 114 (klogd)]: family:1, type:2, protocol:0
[   11.624176] firmadyne: sys_socket[PID: 114 (klogd)]: family:1, type:1, protocol:0
sem_get: Key: 410f00ab
nvram_set[   11.629368] firmadyne: sys_socket[PID: 114 (klogd)]: family:1, type:2, protocol:0
[   11.631465] firmadyne: sys_socket[PID: 114 (klogd)]: family:1, type:1, protocol:0
[   11.632517] firmadyne: sys_socket[PID: 114 (klogd)]: family:1, type:2, protocol:0
: usb_info_dev72 = "A200396E0402FF83@1@14.4G@U@1@USB_Storage;U:;0;0@"
sem_get: Key: 410f00ab
[   11.638491] firmadyne: sys_socket[PID: 114 (klogd)]: family:1, type:1, protocol:0
[   11.639520] firmadyne: sys_socket[PID: 114 (klogd)]: family:1, type:2, protocol:0
sem_get: Key: 410f00ab
nvram_set: usb_info_dev73[   11.645940] firmadyne: sys_socket[PID: 114 (klogd)]: family:1, type:1, protocol:0
[   11.646999] firmadyne: sys_socket[PID: 114 (klogd)]: family:1, type:2, protocol:0
 = "A200396E0402FF83@1@14.4G@U@1@USB_Storage;U:;0;0@"
sem_get: Key: 410f00ab
sem_get: Key: [   11.653574] firmadyne: sys_socket[PID: 114 (klogd)]: family:1, type:1, protocol:0
[   11.654622] firmadyne: sys_socket[PID: 114 (klogd)]: family:1, type:2, protocol:0
[   11.656651] firmadyne: sys_socket[PID: 114 (klogd)]: family:1, type:1, protocol:0
410f00ab
nvram_set: usb_info_dev74 = "A200396E0402FF83@1@14.4G@U@1@USB_Storage;U:;0;0@[   11.661484] firmadyne: sys_socket[PID: 114 (klogd)]: family:1, type:2, protocol:0
[   11.663593] firmadyne: sys_socket[PID: 114 (klogd)]: family:1, type:1, protocol:0
[   11.664635] firmadyne: sys_socket[PID: 114 (klogd)]: family:1, type:2, protocol:0
"
sem_get: Key: 410f00ab
sem_get: Key: 410f00ab
nvram_set: usb_info_dev75 = "A200396E0402FF83@1@14.4G@U@1@USB_Storage;U:;0;0@"
[   11.674580] firmadyne: sys_socket[PID: 114 (klogd)]: family:1, type:1, protocol:0
[   11.675623] firmadyne: sys_socket[PID: 114 (klogd)]: family:1, type:2, protocol:0
sem_get: Key: 410f00ab
sem_get: Key: 410f00ab
[   11.681919] firmadyne: sys_socket[PID: 114 (klogd)]: family:1, type:1, protocol:0
[   11.682953] firmadyne: sys_socket[PID: 114 (klogd)]: family:1, type:2, protocol:0
nvram_set: usb_info_dev76 = "A200396E0402FF83@1@14.4G@U@1@USB_Storage;U:;0;0@"
sem_get: Key: 410f00ab
[   11.689431] firmadyne: sys_socket[PID: 114 (klogd)]: family:1, type:1, protocol:0
[   11.690594] firmadyne: sys_socket[PID: 114 (klogd)]: family:1, type:2, protocol:0
[   11.692944] firmadyne: sys_socket[PID: 114 (klogd)]: family:1, type:1, protocol:0
sem_get: Key: 410f00ab
nvram_set: usb_info_dev77 = "A200396E0402FF83@1@14.4G@U@1@USB_Storage;U:;0;0@"
sem_get: Key: [   11.701343] firmadyne: sys_socket[PID: 114 (klogd)]: family:1, type:2, protocol:0
[   11.703433] firmadyne: sys_socket[PID: 114 (klogd)]: family:1, type:1, protocol:0
[   11.704464] firmadyne: sys_socket[PID: 114 (klogd)]: family:1, type:2, protocol:0
[   11.706988] firmadyne: sys_socket[PID: 114 (klogd)]: family:1, type:1, protocol:0
[   11.708015] firmadyne: sys_socket[PID: 114 (klogd)]: family:1, type:2, protocol:0
410f00ab
sem_get: Key: 410f00ab
nvram_set: usb_info_dev78 = "A200396E0402FF83@1@14.4G@U@1@USB_Storage;U:;0;0@"
sem_get: Key: 410f00ab
sem_get: Key: 410f00ab
nvram_set: usb_info_dev79 = "A200396E0402FF83@1@14.4G@U@1@USB_Storage;U:;0;0@"
sem_get: Key: 410f00ab
[   11.733114] firmadyne: sys_socket[PID: 114 (klogd)]: family:1, type:1, protocol:0
[   11.734164] firmadyne: sys_socket[PID: 114 (klogd)]: family:1, type:2, protocol:0
[   11.736201] firmadyne: sys_socket[PID: 114 (klogd)]: family:1, type:1, protocol:0
sem_get: Key: 410f00ab
nvram_set[   11.741377] firmadyne: sys_socket[PID: 114 (klogd)]: family:1, type:2, protocol:0
[   11.743422] firmadyne: sys_socket[PID: 114 (klogd)]: family:1, type:1, protocol:0
[   11.744446] firmadyne: sys_socket[PID: 114 (klogd)]: family:1, type:2, protocol:0
: usb_info_dev80 = "A200396E0402FF83@1@14.4G@U@1@USB_Storage;U:;0;0@"
sem_get: Key: 410f00ab
[   11.750502] firmadyne: sys_socket[PID: 114 (klogd)]: family:1, type:1, protocol:0
[   11.751542] firmadyne: sys_socket[PID: 114 (klogd)]: family:1, type:2, protocol:0
sem_get: Key: 410f00ab
nvram_set: usb_info_dev81[   11.757892] firmadyne: sys_socket[PID: 114 (klogd)]: family:1, type:1, protocol:0
[   11.758930] firmadyne: sys_socket[PID: 114 (klogd)]: family:1, type:2, protocol:0
 = "A200396E0402FF83@1@14.4G@U@1@USB_Storage;U:;0;0@"
sem_get: Key: 410f00ab
sem_get: Key: [   11.765472] firmadyne: sys_socket[PID: 114 (klogd)]: family:1, type:1, protocol:0
[   11.766544] firmadyne: sys_socket[PID: 114 (klogd)]: family:1, type:2, protocol:0
[   11.768617] firmadyne: sys_socket[PID: 114 (klogd)]: family:1, type:1, protocol:0
410f00ab
nvram_set: usb_info_dev82 = "A200396E0402FF83@1@14.4G@U@1@USB_Storage;U:;0;0@[   11.773476] firmadyne: sys_socket[PID: 114 (klogd)]: family:1, type:2, protocol:0
[   11.775523] firmadyne: sys_socket[PID: 114 (klogd)]: family:1, type:1, protocol:0
[   11.776546] firmadyne: sys_socket[PID: 114 (klogd)]: family:1, type:2, protocol:0
"
sem_get: Key: 410f00ab
sem_get: Key: [   11.782627] firmadyne: sys_socket[PID: 114 (klogd)]: family:1, type:1, protocol:0
[   11.783670] firmadyne: sys_socket[PID: 114 (klogd)]: family:1, type:2, protocol:0
410f00ab
nvram_set: usb_info_dev83 = "A200396E0402FF83@1@14.4G@U@1@USB_Storage;U:;0;0@"
sem_get: Key: 410f00ab
sem_get: Key: 410f00ab
[   11.794157] firmadyne: sys_socket[PID: 114 (klogd)]: family:1, type:1, protocol:0
[   11.795216] firmadyne: sys_socket[PID: 114 (klogd)]: family:1, type:2, protocol:0
nvram_set: usb_info_dev84 = "A200396E0402FF83@1@14.4G@U@1@USB_Storage;U:;0;0@"
sem_get: Key: 410f00ab[   11.801825] firmadyne: sys_socket[PID: 114 (klogd)]: family:1, type:1, protocol:0
[   11.802876] firmadyne: sys_socket[PID: 114 (klogd)]: family:1, type:2, protocol:0
[   11.805113] firmadyne: sys_socket[PID: 114 (klogd)]: family:1, type:1, protocol:0
[   11.806121] firmadyne: sys_socket[PID: 114 (klogd)]: family:1, type:2, protocol:0
[   11.808130] firmadyne: sys_socket[PID: 114 (klogd)]: family:1, type:1, protocol:0

sem_get: Key: 410f00ab
nvram_set: usb_info_dev85 = "A200396E0402FF83@1@14.4G@U@1@USB_Storage;U:;0;0@"
sem_get: Key: 410f00ab
[   11.817313] firmadyne: sys_socket[PID: 114 (klogd)]: family:1, type:2, protocol:0
[   11.819403] firmadyne: sys_socket[PID: 114 (klogd)]: family:1, type:1, protocol:0
[   11.820507] firmadyne: sys_socket[PID: 114 (klogd)]: family:1, type:2, protocol:0
sem_get: Key: 410f00ab
nvram_set: usb_info_dev86 = "A200396E0402FF83@1@14.4G@U@1@USB_Storage;U:;0;0@"
sem_get: Key: 410f00ab
[   11.830567] firmadyne: sys_socket[PID: 114 (klogd)]: family:1, type:1, protocol:0
[   11.831609] firmadyne: sys_socket[PID: 114 (klogd)]: family:1, type:2, protocol:0
[   11.833975] firmadyne: sys_socket[PID: 114 (klogd)]: family:1, type:1, protocol:0
[   11.835008] firmadyne: sys_socket[PID: 114 (klogd)]: family:1, type:2, protocol:0
sem_get: Key: 410f00ab
nvram_set: usb_info_dev87 = "[   11.841345] firmadyne: sys_socket[PID: 114 (klogd)]: family:1, type:1, protocol:0
[   11.842397] firmadyne: sys_socket[PID: 114 (klogd)]: family:1, type:2, protocol:0
[   11.844448] firmadyne: sys_socket[PID: 114 (klogd)]: family:1, type:1, protocol:0
A200396E0402FF83@1@14.4G@U@1@USB_Storage;U:;0;0@"
sem_get: Key: 410f00ab
[   11.849382] firmadyne: sys_socket[PID: 114 (klogd)]: family:1, type:2, protocol:0
[   11.851480] firmadyne: sys_socket[PID: 114 (klogd)]: family:1, type:1, protocol:0
[   11.852506] firmadyne: sys_socket[PID: 114 (klogd)]: family:1, type:2, protocol:0
sem_get: Key: 410f00ab
nvram_set: usb_info_dev88[   11.858353] firmadyne: sys_socket[PID: 114 (klogd)]: family:1, type:1, protocol:0
[   11.859390] firmadyne: sys_socket[PID: 114 (klogd)]: family:1, type:2, protocol:0
 = "A200396E0402FF83@1@14.4G@U@1@USB_Storage;U:;0;0@"
sem_get: Key: 410f00ab
sem_get[   11.865801] firmadyne: sys_socket[PID: 114 (klogd)]: family:1, type:1, protocol:0
[   11.866875] firmadyne: sys_socket[PID: 114 (klogd)]: family:1, type:2, protocol:0
: Key: 410f00ab
nvram_set: usb_info_dev89 = "A200396E0402FF83@1@14.4G@U@1@USB_Storage;U:;0;0@"
[   11.873205] firmadyne: sys_socket[PID: 114 (klogd)]: family:1, type:1, protocol:0
[   11.874252] firmadyne: sys_socket[PID: 114 (klogd)]: family:1, type:2, protocol:0
[   11.876299] firmadyne: sys_socket[PID: 114 (klogd)]: family:1, type:1, protocol:0
sem_get: Key: 410f00ab
sem_get: Key: 410f00ab
nvram_set: usb_info_dev90 = "A200396E0402FF83@1@14.4G@U@1@USB_Storage;U:;0;0@"
sem_get: Key: [   11.885414] firmadyne: sys_socket[PID: 114 (klogd)]: family:1, type:2, protocol:0
[   11.887510] firmadyne: sys_socket[PID: 114 (klogd)]: family:1, type:1, protocol:0
[   11.888542] firmadyne: sys_socket[PID: 114 (klogd)]: family:1, type:2, protocol:0
410f00ab
sem_get: Key: 410f00ab
[   11.895194] firmadyne: sys_socket[PID: 114 (klogd)]: family:1, type:1, protocol:0
[   11.896246] firmadyne: sys_socket[PID: 114 (klogd)]: family:1, type:2, protocol:0
nvram_set: usb_info_dev91 = "A200396E0402FF83@1@14.4G@U@1@USB_Storage;U:;0;0@"
sem_get: Key: [   11.902356] firmadyne: sys_socket[PID: 114 (klogd)]: family:1, type:1, protocol:0
[   11.903397] firmadyne: sys_socket[PID: 114 (klogd)]: family:1, type:2, protocol:0
410f00ab
sem_get: Key: 410f00ab
[   11.909692] firmadyne: sys_socket[PID: 114 (klogd)]: family:1, type:1, protocol:0
[   11.910741] firmadyne: sys_socket[PID: 114 (klogd)]: family:1, type:2, protocol:0
nvram_set: usb_info_dev92 = "A200396E0402FF83@1@14.4G@U@1@USB_Storage;U:;0;0@"
sem_get: Key: 410f00ab
[   11.917034] firmadyne: sys_socket[PID: 114 (klogd)]: family:1, type:1, protocol:0
[   11.918139] firmadyne: sys_socket[PID: 114 (klogd)]: family:1, type:2, protocol:0
[   11.920234] firmadyne: sys_socket[PID: 114 (klogd)]: family:1, type:1, protocol:0
sem_get: Key: 410f00ab
nvram_set: usb_info_dev93[   11.925609] firmadyne: sys_socket[PID: 114 (klogd)]: family:1, type:2, protocol:0
[   11.927711] firmadyne: sys_socket[PID: 114 (klogd)]: family:1, type:1, protocol:0
[   11.928910] firmadyne: sys_socket[PID: 114 (klogd)]: family:1, type:2, protocol:0
 = "A200396E0402FF83@1@14.4G@U@1@USB_Storage;U:;0;0@"
sem_get: Key: 410f00ab
[   11.934404] firmadyne: sys_socket[PID: 114 (klogd)]: family:1, type:1, protocol:0
[   11.935422] firmadyne: sys_socket[PID: 114 (klogd)]: family:1, type:2, protocol:0
sem_get: Key: 410f00ab
nvram_set: usb_info_dev94 = "[   11.941760] firmadyne: sys_socket[PID: 114 (klogd)]: family:1, type:1, protocol:0
[   11.942846] firmadyne: sys_socket[PID: 114 (klogd)]: family:1, type:2, protocol:0
A200396E0402FF83@1@14.4G@U@1@USB_Storage;U:;0;0@"
sem_get: Key: 410f00ab
sem_get: Key: [   11.949257] firmadyne: sys_socket[PID: 114 (klogd)]: family:1, type:1, protocol:0
[   11.950331] firmadyne: sys_socket[PID: 114 (klogd)]: family:1, type:2, protocol:0
[   11.952397] firmadyne: sys_socket[PID: 114 (klogd)]: family:1, type:1, protocol:0
410f00ab
nvram_set: usb_info_dev95 = "A200396E0402FF83@1@14.4G@U@1@USB_Storage;U:;0;0@"
sem_get: Key: 410f00ab
sem_get: Key: 410f00ab
[   11.961253] firmadyne: sys_socket[PID: 114 (klogd)]: family:1, type:2, protocol:0
[   11.963341] firmadyne: sys_socket[PID: 114 (klogd)]: family:1, type:1, protocol:0
[   11.964366] firmadyne: sys_socket[PID: 114 (klogd)]: family:1, type:2, protocol:0
nvram_set: usb_info_dev96 = "A200396E0402FF83@1@14.4G@U@1@USB_Storage;U:;0;0@"
sem_get[   11.970568] firmadyne: sys_socket[PID: 114 (klogd)]: family:1, type:1, protocol:0
[   11.971608] firmadyne: sys_socket[PID: 114 (klogd)]: family:1, type:2, protocol:0
: Key: 410f00ab
sem_get: Key: 410f00ab
[   11.977815] firmadyne: sys_socket[PID: 114 (klogd)]: family:1, type:1, protocol:0
[   11.978856] firmadyne: sys_socket[PID: 114 (klogd)]: family:1, type:2, protocol:0
nvram_set: usb_info_dev97 = "A200396E0402FF83@1@14.4G@U@1@USB_Storage;U:;0;0@"
sem_get: Key: 410f00ab
[   11.985082] firmadyne: sys_socket[PID: 114 (klogd)]: family:1, type:1, protocol:0
[   11.986159] firmadyne: sys_socket[PID: 114 (klogd)]: family:1, type:2, protocol:0
[   11.988209] firmadyne: sys_socket[PID: 114 (klogd)]: family:1, type:1, protocol:0
sem_get: Key: 410f00ab
nvram_set[   11.993455] firmadyne: sys_socket[PID: 114 (klogd)]: family:1, type:2, protocol:0
[   11.995555] firmadyne: sys_socket[PID: 114 (klogd)]: family:1, type:1, protocol:0
[   11.996600] firmadyne: sys_socket[PID: 114 (klogd)]: family:1, type:2, protocol:0
: usb_info_dev98 = "A200396E0402FF83@1@14.4G@U@1@USB_Storage;U:;0;0@"
sem_get: Key: 410f00ab
[   12.002315] firmadyne: sys_socket[PID: 114 (klogd)]: family:1, type:1, protocol:0
[   12.003358] firmadyne: sys_socket[PID: 114 (klogd)]: family:1, type:2, protocol:0
sem_get: Key: 410f00ab
nvram_set: [   12.009646] firmadyne: sys_socket[PID: 114 (klogd)]: family:1, type:1, protocol:0
[   12.010721] firmadyne: sys_socket[PID: 114 (klogd)]: family:1, type:2, protocol:0
usb_info_dev99 = "A200396E0402FF83@1@14.4G@U@1@USB_Storage;U:;0;0@"
sem_get: Key: 410f00ab
[   12.016999] firmadyne: sys_socket[PID: 114 (klogd)]: family:1, type:1, protocol:0
[   12.018077] firmadyne: sys_socket[PID: 114 (klogd)]: family:1, type:2, protocol:0
[   12.020150] firmadyne: sys_socket[PID: 114 (klogd)]: family:1, type:1, protocol:0
sem_get: Key: 410f00ab
nvram_set: usb_info_dev100 = "[   12.025258] firmadyne: sys_socket[PID: 114 (klogd)]: family:1, type:2, protocol:0
[   12.027329] firmadyne: sys_socket[PID: 114 (klogd)]: family:1, type:1, protocol:0
[   12.028339] firmadyne: sys_socket[PID: 114 (klogd)]: family:1, type:2, protocol:0
A200396E0402FF83@1@14.4G@U@1@USB_Storage;U:;0;0@"
sem_get: Key: 410f00ab
sem_get: Key: 410f00ab
nvram_set: wla_ap_isolate_1 = ""
[   12.038312] firmadyne: sys_socket[PID: 114 (klogd)]: family:1, type:1, protocol:0
[   12.039367] firmadyne: sys_socket[PID: 114 (klogd)]: family:1, type:2, protocol:0
sem_get: Key: 410f00ab
sem_get: Key: 410f00ab
nvram_set: wla_ap_isolate_2 = ""
sem_get: Key: 410f00ab
[   12.057246] firmadyne: sys_socket[PID: 114 (klogd)]: family:1, type:1, protocol:0
[   12.058320] firmadyne: sys_socket[PID: 114 (klogd)]: family:1, type:2, protocol:0
[   12.060371] firmadyne: sys_socket[PID: 114 (klogd)]: family:1, type:1, protocol:0
sem_get: Key: 410f00ab
nvram_set: wla_ap_isolate_3 = ""
sem_get: Key: 410f00ab
sem_get: Key: 410f00ab
[   12.069258] firmadyne: sys_socket[PID: 114 (klogd)]: family:1, type:2, protocol:0
[   12.071326] firmadyne: sys_socket[PID: 114 (klogd)]: family:1, type:1, protocol:0
[   12.072340] firmadyne: sys_socket[PID: 114 (klogd)]: family:1, type:2, protocol:0
nvram_set: wla_ap_isolate_4 = ""
sem_get: Key: 410f00ab[   12.078505] firmadyne: sys_socket[PID: 114 (klogd)]: family:1, type:1, protocol:0
[   12.079548] firmadyne: sys_socket[PID: 114 (klogd)]: family:1, type:2, protocol:0

sem_get: Key: 410f00ab
nvram_set: [   12.086159] firmadyne: sys_socket[PID: 114 (klogd)]: family:1, type:1, protocol:0
[   12.087226] firmadyne: sys_socket[PID: 114 (klogd)]: family:1, type:2, protocol:0
wlg_ap_isolate_1 = ""
sem_get: Key: 410f00ab
sem_get: Key: 410f00ab[   12.094608] firmadyne: sys_socket[PID: 114 (klogd)]: family:1, type:1, protocol:0
[   12.095668] firmadyne: sys_socket[PID: 114 (klogd)]: family:1, type:2, protocol:0
[   12.097870] firmadyne: sys_socket[PID: 114 (klogd)]: family:1, type:1, protocol:0
[   12.098905] firmadyne: sys_socket[PID: 114 (klogd)]: family:1, type:2, protocol:0

nvram_set: wlg_ap_isolate_2 = ""
sem_get: Key: [   12.105190] firmadyne: sys_socket[PID: 114 (klogd)]: family:1, type:1, protocol:0
[   12.106264] firmadyne: sys_socket[PID: 114 (klogd)]: family:1, type:2, protocol:0
[   12.108341] firmadyne: sys_socket[PID: 114 (klogd)]: family:1, type:1, protocol:0
410f00ab
sem_get: Key: 410f00ab
nvram_set: wlg_ap_isolate_3 = ""
sem_get: Key: 410f00ab
[   12.117263] firmadyne: sys_socket[PID: 114 (klogd)]: family:1, type:2, protocol:0
[   12.119383] firmadyne: sys_socket[PID: 114 (klogd)]: family:1, type:1, protocol:0
[   12.120441] firmadyne: sys_socket[PID: 114 (klogd)]: family:1, type:2, protocol:0
sem_get: Key: 410f00ab
nvram_set: wlg_ap_isolate_4[   12.126348] firmadyne: sys_socket[PID: 114 (klogd)]: family:1, type:1, protocol:0
[   12.127411] firmadyne: sys_socket[PID: 114 (klogd)]: family:1, type:2, protocol:0
 = ""
sem_get: Key: 410f00ab
sem_get: Key: 410f00ab[   12.133781] firmadyne: sys_socket[PID: 114 (klogd)]: family:1, type:1, protocol:0
[   12.134859] firmadyne: sys_socket[PID: 114 (klogd)]: family:1, type:2, protocol:0

nvram_set: wlg_allow_access_1 = ""
sem_get: Key: 410f00ab[   12.141410] firmadyne: sys_socket[PID: 114 (klogd)]: family:1, type:1, protocol:0
[   12.142493] firmadyne: sys_socket[PID: 114 (klogd)]: family:1, type:2, protocol:0
[   12.144573] firmadyne: sys_socket[PID: 114 (klogd)]: family:1, type:1, protocol:0

sem_get: Key: 410f00ab
[   12.149267] firmadyne: sys_socket[PID: 114 (klogd)]: family:1, type:2, protocol:0
[   12.151373] firmadyne: sys_socket[PID: 114 (klogd)]: family:1, type:1, protocol:0
[   12.152407] firmadyne: sys_socket[PID: 114 (klogd)]: family:1, type:2, protocol:0
nvram_set: wlg_allow_access_2 = ""
sem_get: Key: 410f00ab
[   12.158391] firmadyne: sys_socket[PID: 114 (klogd)]: family:1, type:1, protocol:0
[   12.159456] firmadyne: sys_socket[PID: 114 (klogd)]: family:1, type:2, protocol:0
sem_get: Key: 410f00ab
nvram_set: wlg_allow_access_3[   12.165973] firmadyne: sys_socket[PID: 114 (klogd)]: family:1, type:1, protocol:0
[   12.167053] firmadyne: sys_socket[PID: 114 (klogd)]: family:1, type:2, protocol:0
 = ""
sem_get: Key: 410f00ab
sem_get: Key: 410f00ab
[   12.173643] firmadyne: sys_socket[PID: 114 (klogd)]: family:1, type:1, protocol:0
[   12.174709] firmadyne: sys_socket[PID: 114 (klogd)]: family:1, type:2, protocol:0
nvram_set: wlg_allow_access_4 = ""
sem_get: Key: 410f00ab
[   12.181041] firmadyne: sys_socket[PID: 114 (klogd)]: family:1, type:1, protocol:0
[   12.182096] firmadyne: sys_socket[PID: 114 (klogd)]: family:1, type:2, protocol:0
[   12.184128] firmadyne: sys_socket[PID: 114 (klogd)]: family:1, type:1, protocol:0
sem_get: Key: 410f00ab
nvram_set: 0:macaddr[   12.189558] firmadyne: sys_socket[PID: 114 (klogd)]: family:1, type:2, protocol:0
[   12.191687] firmadyne: sys_socket[PID: 114 (klogd)]: family:1, type:1, protocol:0
[   12.192720] firmadyne: sys_socket[PID: 114 (klogd)]: family:1, type:2, protocol:0
 = "01:23:45:67:89:ab"
sem_get: Key: 410f00ab
sem_get: Key: 410f00ab
nvram_set: 1:macaddr = "01:23:45:67:89:ab[   12.202500] firmadyne: sys_socket[PID: 114 (klogd)]: family:1, type:1, protocol:0
[   12.203532] firmadyne: sys_socket[PID: 114 (klogd)]: family:1, type:2, protocol:0
"
sem_get: Key: 410f00ab
sem_get: Key: 410f00ab
[   12.209925] firmadyne: sys_socket[PID: 114 (klogd)]: family:1, type:1, protocol:0
[   12.210972] firmadyne: sys_socket[PID: 114 (klogd)]: family:1, type:2, protocol:0
nvram_set: 2:macaddr = "01:23:45:67:89:ab"
sem_get: Key: 410f00ab[   12.217264] firmadyne: sys_socket[PID: 114 (klogd)]: family:1, type:1, protocol:0
[   12.218340] firmadyne: sys_socket[PID: 114 (klogd)]: family:1, type:2, protocol:0
[   12.220380] firmadyne: sys_socket[PID: 114 (klogd)]: family:1, type:1, protocol:0

sem_get: Key: 410f00ab
[   12.225259] firmadyne: sys_socket[PID: 114 (klogd)]: family:1, type:2, protocol:0
[   12.227309] firmadyne: sys_socket[PID: 114 (klogd)]: family:1, type:1, protocol:0
[   12.228399] firmadyne: sys_socket[PID: 114 (klogd)]: family:1, type:2, protocol:0
nvram_set: lan1_ifnames = ""
sem_get: Key: 410f00ab
[   12.234354] firmadyne: sys_socket[PID: 114 (klogd)]: family:1, type:1, protocol:0
[   12.235376] firmadyne: sys_socket[PID: 114 (klogd)]: family:1, type:2, protocol:0
sem_get: Key: 410f00ab
nvram_set: lan2_ifnames = ""
[   12.242028] firmadyne: sys_socket[PID: 114 (klogd)]: family:1, type:1, protocol:0
[   12.243085] firmadyne: sys_socket[PID: 114 (klogd)]: family:1, type:2, protocol:0
sem_get: Key: 410f00ab
sem_get: Key: 410f00ab
[   12.249395] firmadyne: sys_socket[PID: 114 (klogd)]: family:1, type:1, protocol:0
[   12.250450] firmadyne: sys_socket[PID: 114 (klogd)]: family:1, type:2, protocol:0
[   12.252458] firmadyne: sys_socket[PID: 114 (klogd)]: family:1, type:1, protocol:0
nvram_set: lan3_ifnames = ""
sem_get: Key: 410f00ab
[   12.257279] firmadyne: sys_socket[PID: 114 (klogd)]: family:1, type:2, protocol:0
[   12.259334] firmadyne: sys_socket[PID: 114 (klogd)]: family:1, type:1, protocol:0
[   12.260342] firmadyne: sys_socket[PID: 114 (klogd)]: family:1, type:2, protocol:0
sem_get: Key: 410f00ab
nvram_set: [   12.266533] firmadyne: sys_socket[PID: 114 (klogd)]: family:1, type:1, protocol:0
[   12.267554] firmadyne: sys_socket[PID: 114 (klogd)]: family:1, type:2, protocol:0
lan4_ifnames = ""
sem_get: Key: 410f00ab
sem_get: Key: [   12.273986] firmadyne: sys_socket[PID: 114 (klogd)]: family:1, type:1, protocol:0
[   12.275030] firmadyne: sys_socket[PID: 114 (klogd)]: family:1, type:2, protocol:0
410f00ab
nvram_set: lan5_ifnames = ""
sem_get: Key: [   12.281335] firmadyne: sys_socket[PID: 114 (klogd)]: family:1, type:1, protocol:0
[   12.282390] firmadyne: sys_socket[PID: 114 (klogd)]: family:1, type:2, protocol:0
[   12.284413] firmadyne: sys_socket[PID: 114 (klogd)]: family:1, type:1, protocol:0
410f00ab
sem_get: Key: 410f00ab
[   12.289260] firmadyne: sys_socket[PID: 114 (klogd)]: family:1, type:2, protocol:0
[   12.291318] firmadyne: sys_socket[PID: 114 (klogd)]: family:1, type:1, protocol:0
[   12.292331] firmadyne: sys_socket[PID: 114 (klogd)]: family:1, type:2, protocol:0
nvram_set: lan6_ifnames = ""
sem_get: Key: 410f00ab
sem_get: Key: 410f00ab
nvram_set: [   12.302490] firmadyne: sys_socket[PID: 114 (klogd)]: family:1, type:1, protocol:0
[   12.303506] firmadyne: sys_socket[PID: 114 (klogd)]: family:1, type:2, protocol:0
lan7_ifnames = ""
sem_get: Key: 410f00ab
sem_get: Key: [   12.309725] firmadyne: sys_socket[PID: 114 (klogd)]: family:1, type:1, protocol:0
[   12.310783] firmadyne: sys_socket[PID: 114 (klogd)]: family:1, type:2, protocol:0
410f00ab
nvram_set: lan8_ifnames = ""
sem_get: Key: [   12.317036] firmadyne: sys_socket[PID: 114 (klogd)]: family:1, type:1, protocol:0
[   12.318091] firmadyne: sys_socket[PID: 114 (klogd)]: family:1, type:2, protocol:0
[   12.320120] firmadyne: sys_socket[PID: 114 (klogd)]: family:1, type:1, protocol:0
410f00ab
sem_get: Key: 410f00ab
nvram_set[   12.325545] firmadyne: sys_socket[PID: 114 (klogd)]: family:1, type:2, protocol:0
[   12.327590] firmadyne: sys_socket[PID: 114 (klogd)]: family:1, type:1, protocol:0
[   12.328606] firmadyne: sys_socket[PID: 114 (klogd)]: family:1, type:2, protocol:0
: lan9_ifnames = ""
sem_get: Key: 410f00ab
[   12.334403] firmadyne: sys_socket[PID: 114 (klogd)]: family:1, type:1, protocol:0
[   12.335421] firmadyne: sys_socket[PID: 114 (klogd)]: family:1, type:2, protocol:0
sem_get: Key: 410f00ab
nvram_set_default: Loading built-in default values = 1!
nvram_set_default: Checking for symbol "[   12.342064] firmadyne: sys_socket[PID: 114 (klogd)]: family:1, type:1, protocol:0
[   12.343115] firmadyne: sys_socket[PID: 114 (klogd)]: family:1, type:2, protocol:0
router_defaults"...
nvram_set_default: Checking for symbol "Nvrams"...
[   12.350404] firmadyne: sys_socket[PID: 114 (klogd)]: family:1, type:1, protocol:0
[   12.351428] firmadyne: sys_socket[PID: 114 (klogd)]: family:1, type:2, protocol:0
[   12.353574] firmadyne: sys_socket[PID: 114 (klogd)]: family:1, type:1, protocol:0
[   12.354585] firmadyne: sys_socket[PID: 114 (klogd)]: family:1, type:2, protocol:0
[   12.356585] firmadyne: sys_socket[PID: 114 (klogd)]: family:1, type:1, protocol:0
nvram_set: time_zone = "GMT+8"
sem_get[   12.365322] firmadyne: sys_socket[PID: 114 (klogd)]: family:1, type:2, protocol:0
: Key: 410f00ab
sem_get: Key: 410f00ab
nvram_set: time_daylight = ""
sem_get: Key: 410f00ab
sem_get[   12.385247] firmadyne: sys_socket[PID: 114 (klogd)]: family:1, type:1, protocol:0
[   12.386299] firmadyne: sys_socket[PID: 114 (klogd)]: family:1, type:2, protocol:0
[   12.388326] firmadyne: sys_socket[PID: 114 (klogd)]: family:1, type:1, protocol:0
: Key: 410f00ab
[   12.393249] firmadyne: sys_socket[PID: 114 (klogd)]: family:1, type:2, protocol:0
[   12.395287] firmadyne: sys_socket[PID: 114 (klogd)]: family:1, type:1, protocol:0
[   12.396280] firmadyne: sys_socket[PID: 114 (klogd)]: family:1, type:2, protocol:0
nvram_set: restore_default = "0"
sem_get: Key: 410f00ab
[   12.402492] firmadyne: sys_socket[PID: 114 (klogd)]: family:1, type:1, protocol:0
[   12.403529] firmadyne: sys_socket[PID: 114 (klogd)]: family:1, type:2, protocol:0
sem_get: Key: 410f00ab
[   12.409645] firmadyne: sys_socket[PID: 114 (klogd)]: family:1, type:1, protocol:0
[   12.410690] firmadyne: sys_socket[PID: 114 (klogd)]: family:1, type:2, protocol:0
[   12.412869] firmadyne: sys_socket[PID: 114 (klogd)]: family:1, type:1, protocol:0
nvram_set: wiz_language = "[   12.417481] firmadyne: sys_socket[PID: 114 (klogd)]: family:1, type:2, protocol:0
[   12.419518] firmadyne: sys_socket[PID: 114 (klogd)]: family:1, type:1, protocol:0
[   12.420526] firmadyne: sys_socket[PID: 114 (klogd)]: family:1, type:2, protocol:0
English"
sem_get: Key: 410f00ab
sem_get: Key: 410f00ab
[   12.430211] firmadyne: sys_socket[PID: 114 (klogd)]: family:1, type:1, protocol:0
[   12.431201] firmadyne: sys_socket[PID: 114 (klogd)]: family:1, type:2, protocol:0
nvram_set: wiz_country = "US"
sem_get: Key: 410f00ab
[   12.437521] firmadyne: sys_socket[PID: 114 (klogd)]: family:1, type:1, protocol:0
[   12.438545] firmadyne: sys_socket[PID: 114 (klogd)]: family:1, type:2, protocol:0
[   12.440550] firmadyne: sys_socket[PID: 114 (klogd)]: family:1, type:1, protocol:0
sem_get: Key: 410f00ab
[   12.445238] firmadyne: sys_socket[PID: 114 (klogd)]: family:1, type:2, protocol:0
[   12.447294] firmadyne: sys_socket[PID: 114 (klogd)]: family:1, type:1, protocol:0
[   12.448296] firmadyne: sys_socket[PID: 114 (klogd)]: family:1, type:2, protocol:0
nvram_set: fix_ipaddr = ""
sem_get: Key: 410f00ab
[   12.454321] firmadyne: sys_socket[PID: 114 (klogd)]: family:1, type:1, protocol:0
[   12.455335] firmadyne: sys_socket[PID: 114 (klogd)]: family:1, type:2, protocol:0
sem_get: Key: 410f00ab
[   12.461628] firmadyne: sys_socket[PID: 114 (klogd)]: family:1, type:1, protocol:0
[   12.462731] firmadyne: sys_socket[PID: 114 (klogd)]: family:1, type:2, protocol:0
nvram_set: fix_netmask = ""
sem_get: Key: 410f00ab
[   12.469195] firmadyne: sys_socket[PID: 114 (klogd)]: family:1, type:1, protocol:0
[   12.470288] firmadyne: sys_socket[PID: 114 (klogd)]: family:1, type:2, protocol:0
[   12.472341] firmadyne: sys_socket[PID: 114 (klogd)]: family:1, type:1, protocol:0
sem_get: Key: 410f00ab
[   12.477250] firmadyne: sys_socket[PID: 114 (klogd)]: family:1, type:2, protocol:0
[   12.479278] firmadyne: sys_socket[PID: 114 (klogd)]: family:1, type:1, protocol:0
[   12.480305] firmadyne: sys_socket[PID: 114 (klogd)]: family:1, type:2, protocol:0
nvram_set: fix_gateway = ""
sem_get: Key: 410f00ab
[   12.486554] firmadyne: sys_socket[PID: 114 (klogd)]: family:1, type:1, protocol:0
[   12.487576] firmadyne: sys_socket[PID: 114 (klogd)]: family:1, type:2, protocol:0
sem_get: Key: 410f00ab
[   12.494610] firmadyne: sys_socket[PID: 114 (klogd)]: family:1, type:1, protocol:0
[   12.495648] firmadyne: sys_socket[PID: 114 (klogd)]: family:1, type:2, protocol:0
nvram_set: wan_ifname = "ppp0"
sem_get: Key: 410f00ab[   12.502021] firmadyne: sys_socket[PID: 114 (klogd)]: family:1, type:1, protocol:0
[   12.503042] firmadyne: sys_socket[PID: 114 (klogd)]: family:1, type:2, protocol:0

sem_get: Key: 410f00ab
[   12.509248] firmadyne: sys_socket[PID: 114 (klogd)]: family:1, type:1, protocol:0
[   12.510297] firmadyne: sys_socket[PID: 114 (klogd)]: family:1, type:2, protocol:0
[   12.512293] firmadyne: sys_socket[PID: 114 (klogd)]: family:1, type:1, protocol:0
nvram_set: wan_mode = "pppoe"
[   12.517286] firmadyne: sys_socket[PID: 114 (klogd)]: family:1, type:2, protocol:0
[   12.519344] firmadyne: sys_socket[PID: 114 (klogd)]: family:1, type:1, protocol:0
[   12.520349] firmadyne: sys_socket[PID: 114 (klogd)]: family:1, type:2, protocol:0
sem_get: Key: 410f00ab
sem_get: Key: 410f00ab
