[    0.000000] Linux version 4.1.17+ (alessio@pc) (gcc version 5.5.0 20171010 (Ubuntu 5.5.0-12ubuntu1) ) #1 Mon May 15 23:04:08 CEST 2023
[    0.000000] earlycon: Early serial console at I/O port 0x3f8 (options '38400n8')
[    0.000000] bootconsole [uart0] enabled
[    0.000000] CPU0 revision is: 00019300 (MIPS 24Kc)
[    0.000000] FPU revision is: 00739300
[    0.000000] Software DMA cache coherency enabled
[    0.000000] Determined physical RAM map:
[    0.000000]  memory: 00001000 @ 00000000 (reserved)
[    0.000000]  memory: 000ef000 @ 00001000 (ROM data)
[    0.000000]  memory: 00798000 @ 000f0000 (reserved)
[    0.000000]  memory: 0f777000 @ 00888000 (usable)
[    0.000000] debug: ignoring loglevel setting.
[    0.000000] Wasting 69888 bytes for tracking 2184 unused pages
[    0.000000] Initrd not found or empty - disabling initrd
[    0.000000] Zone ranges:
[    0.000000]   DMA      [mem 0x0000000000000000-0x0000000000ffffff]
[    0.000000]   Normal   [mem 0x0000000001000000-0x000000000fffefff]
[    0.000000] Movable zone start for each node
[    0.000000] Early memory node ranges
[    0.000000]   node   0: [mem 0x0000000000000000-0x000000000fffefff]
[    0.000000] Initmem setup node 0 [mem 0x0000000000000000-0x000000000fffefff]
[    0.000000] On node 0 totalpages: 65535
[    0.000000] free_area_init_node: node 0, pgdat 8081d5b0, node_mem_map 81000000
[    0.000000]   DMA zone: 32 pages used for memmap
[    0.000000]   DMA zone: 0 pages reserved
[    0.000000]   DMA zone: 4096 pages, LIFO batch:0
[    0.000000]   Normal zone: 480 pages used for memmap
[    0.000000]   Normal zone: 61439 pages, LIFO batch:15
[    0.000000] Primary instruction cache 2kB, VIPT, 2-way, linesize 16 bytes.
[    0.000000] Primary data cache 2kB, 2-way, VIPT, no aliases, linesize 16 bytes
[    0.000000] pcpu-alloc: s0 r0 d32768 u32768 alloc=1*32768
[    0.000000] pcpu-alloc: [0] 0 
[    0.000000] Built 1 zonelists in Zone order, mobility grouping on.  Total pages: 65023
[    0.000000] Kernel command line: root=/dev/sda1 console=ttyS0 nandsim.parts=64,64,64,64,64,64,64,64,64,64 rdinit=/firmadyne/preInit.sh rw debug ignore_loglevel print-fatal-signals=1 FIRMAE_NET=true FIRMAE_NVRAM=true FIRMAE_KERNEL=true FIRMAE_ETC=true user_debug=0 firmadyne.syscall=1 noka
[    0.000000] found FIRMAE_KERNEL=t
[    0.000000] set the LD_PRELOAD=/firmadyne/libnvram_ioctl.so
[    0.000000] PID hash table entries: 1024 (order: 0, 4096 bytes)
[    0.000000] Dentry cache hash table entries: 32768 (order: 5, 131072 bytes)
[    0.000000] Inode-cache hash table entries: 16384 (order: 4, 65536 bytes)
[    0.000000] Writing ErrCtl register=00000000
[    0.000000] Readback ErrCtl register=00000000
[    0.000000] Memory: 251112K/262140K available (5360K kernel code, 244K rwdata, 1676K rodata, 260K init, 158K bss, 11028K reserved, 0K cma-reserved)
[    0.000000] NR_IRQS:256
[    0.000000] CPU frequency 200.00 MHz
[    0.000000] clocksource MIPS: mask: 0xffffffff max_cycles: 0xffffffff, max_idle_ns: 19112152083 ns
[    0.000209] sched_clock: 32 bits at 100MHz, resolution 9ns, wraps every 21474328571ns
[    0.015327] Console: colour dummy device 80x25
[    0.016595] Calibrating delay loop... 24.03 BogoMIPS (lpj=48064)
[    0.073443] pid_max: default: 32768 minimum: 301
[    0.078050] Mount-cache hash table entries: 1024 (order: 0, 4096 bytes)
[    0.078604] Mountpoint-cache hash table entries: 1024 (order: 0, 4096 bytes)
[    0.146106] clocksource jiffies: mask: 0xffffffff max_cycles: 0xffffffff, max_idle_ns: 7645041785100000 ns
[    0.157497] NET: Registered protocol family 16
[    0.449814] clocksource pit: mask: 0xffffffff max_cycles: 0xffffffff, max_idle_ns: 1601818034827 ns
[    0.611963] vgaarb: loaded
[    0.617900] SCSI subsystem initialized
[    0.620526] libata version 3.00 loaded.
[    0.625209] usbcore: registered new interface driver usbfs
[    0.626670] usbcore: registered new interface driver hub
[    0.627792] usbcore: registered new device driver usb
[    0.630705] pps_core: LinuxPPS API ver. 1 registered
[    0.631120] pps_core: Software ver. 5.3.6 - Copyright 2005-2007 Rodolfo Giometti <giometti@linux.it>
[    0.632088] PTP clock support registered
[    0.637227] PCI host bridge to bus 0000:00
[    0.637991] pci_bus 0000:00: root bus resource [mem 0x10000000-0x17ffffff]
[    0.638626] pci_bus 0000:00: root bus resource [io  0x1000-0x1fffff]
[    0.639243] pci_bus 0000:00: root bus resource [??? 0x00000000 flags 0x0]
[    0.639837] pci_bus 0000:00: No busn resource found for root bus, will use [bus 00-ff]
[    0.641323] pci 0000:00:00.0: [11ab:4620] type 00 class 0x060000
[    0.642277] pci 0000:00:00.0: [Firmware Bug]: reg 0x14: invalid BAR (can't size)
[    0.642886] pci 0000:00:00.0: [Firmware Bug]: reg 0x18: invalid BAR (can't size)
[    0.643487] pci 0000:00:00.0: [Firmware Bug]: reg 0x1c: invalid BAR (can't size)
[    0.644093] pci 0000:00:00.0: [Firmware Bug]: reg 0x20: invalid BAR (can't size)
[    0.644705] pci 0000:00:00.0: [Firmware Bug]: reg 0x24: invalid BAR (can't size)
[    0.649000] pci 0000:00:0a.0: [8086:7110] type 00 class 0x060100
[    0.652755] pci 0000:00:0a.1: [8086:7111] type 00 class 0x010180
[    0.653577] pci 0000:00:0a.1: reg 0x20: [io  0x0000-0x000f]
[    0.654386] pci 0000:00:0a.1: legacy IDE quirk: reg 0x10: [io  0x01f0-0x01f7]
[    0.655001] pci 0000:00:0a.1: legacy IDE quirk: reg 0x14: [io  0x03f6]
[    0.655601] pci 0000:00:0a.1: legacy IDE quirk: reg 0x18: [io  0x0170-0x0177]
[    0.656190] pci 0000:00:0a.1: legacy IDE quirk: reg 0x1c: [io  0x0376]
[    0.659695] pci 0000:00:0a.2: [8086:7112] type 00 class 0x0c0300
[    0.660404] pci 0000:00:0a.2: reg 0x20: [io  0x0000-0x001f]
[    0.663866] pci 0000:00:0a.3: [8086:7113] type 00 class 0x068000
[    0.665335] pci 0000:00:0a.3: quirk: [io  0x1000-0x103f] claimed by PIIX4 ACPI
[    0.666012] pci 0000:00:0a.3: quirk: [io  0x1100-0x110f] claimed by PIIX4 SMB
[    0.669519] pci 0000:00:12.0: [1013:00b8] type 00 class 0x030000
[    0.670186] pci 0000:00:12.0: reg 0x10: [mem 0x00000000-0x01ffffff pref]
[    0.670944] pci 0000:00:12.0: reg 0x14: [mem 0x00000000-0x00000fff]
[    0.671625] pci 0000:00:12.0: reg 0x30: [mem 0x00000000-0x0000ffff pref]
[    0.674454] vgaarb: device added: PCI:0000:00:12.0,decodes=io+mem,owns=none,locks=none
[    0.675964] pci 0000:00:13.0: [8086:100e] type 00 class 0x020000
[    0.676615] pci 0000:00:13.0: reg 0x10: [mem 0x00000000-0x0001ffff]
[    0.677209] pci 0000:00:13.0: reg 0x14: [io  0x0000-0x003f]
[    0.677853] pci 0000:00:13.0: reg 0x30: [mem 0x00000000-0x0003ffff pref]
[    0.681229] pci 0000:00:14.0: [8086:100e] type 00 class 0x020000
[    0.681859] pci 0000:00:14.0: reg 0x10: [mem 0x00000000-0x0001ffff]
[    0.682443] pci 0000:00:14.0: reg 0x14: [io  0x0000-0x003f]
[    0.683085] pci 0000:00:14.0: reg 0x30: [mem 0x00000000-0x0003ffff pref]
[    0.686618] pci 0000:00:15.0: [8086:100e] type 00 class 0x020000
[    0.687242] pci 0000:00:15.0: reg 0x10: [mem 0x00000000-0x0001ffff]
[    0.687973] pci 0000:00:15.0: reg 0x14: [io  0x0000-0x003f]
[    0.688631] pci 0000:00:15.0: reg 0x30: [mem 0x00000000-0x0003ffff pref]
[    0.691875] pci 0000:00:16.0: [8086:100e] type 00 class 0x020000
[    0.692651] pci 0000:00:16.0: reg 0x10: [mem 0x00000000-0x0001ffff]
[    0.693233] pci 0000:00:16.0: reg 0x14: [io  0x0000-0x003f]
[    0.693876] pci 0000:00:16.0: reg 0x30: [mem 0x00000000-0x0003ffff pref]
[    0.697452] pci_bus 0000:00: busn_res: [bus 00-ff] end is updated to 00
[    0.699027] pci 0000:00:12.0: BAR 0: assigned [mem 0x10000000-0x11ffffff pref]
[    0.699821] pci 0000:00:13.0: BAR 6: assigned [mem 0x12000000-0x1203ffff pref]
[    0.700714] pci 0000:00:14.0: BAR 6: assigned [mem 0x12040000-0x1207ffff pref]
[    0.701395] pci 0000:00:15.0: BAR 6: assigned [mem 0x12080000-0x120bffff pref]
[    0.702064] pci 0000:00:16.0: BAR 6: assigned [mem 0x120c0000-0x120fffff pref]
[    0.702720] pci 0000:00:13.0: BAR 0: assigned [mem 0x12100000-0x1211ffff]
[    0.703369] pci 0000:00:14.0: BAR 0: assigned [mem 0x12120000-0x1213ffff]
[    0.704023] pci 0000:00:15.0: BAR 0: assigned [mem 0x12140000-0x1215ffff]
[    0.704841] pci 0000:00:16.0: BAR 0: assigned [mem 0x12160000-0x1217ffff]
[    0.705519] pci 0000:00:12.0: BAR 6: assigned [mem 0x12180000-0x1218ffff pref]
[    0.706184] pci 0000:00:12.0: BAR 1: assigned [mem 0x12190000-0x12190fff]
[    0.706839] pci 0000:00:13.0: BAR 1: assigned [io  0x1040-0x107f]
[    0.707441] pci 0000:00:14.0: BAR 1: assigned [io  0x1080-0x10bf]
[    0.708034] pci 0000:00:15.0: BAR 1: assigned [io  0x10c0-0x10ff]
[    0.708674] pci 0000:00:16.0: BAR 1: assigned [io  0x1400-0x143f]
[    0.709424] pci 0000:00:0a.2: BAR 4: assigned [io  0x1440-0x145f]
[    0.710027] pci 0000:00:0a.1: BAR 4: assigned [io  0x1460-0x146f]
[    0.728732] cfg80211: Calling CRDA to update world regulatory domain
[    0.743669] Switched to clocksource MIPS
[    0.867782] NET: Registered protocol family 2
[    0.882067] TCP established hash table entries: 2048 (order: 1, 8192 bytes)
[    0.883328] TCP bind hash table entries: 2048 (order: 1, 8192 bytes)
[    0.884715] TCP: Hash tables configured (established 2048 bind 2048)
[    0.885854] UDP hash table entries: 256 (order: 0, 4096 bytes)
[    0.886593] UDP-Lite hash table entries: 256 (order: 0, 4096 bytes)
[    0.890917] NET: Registered protocol family 1
[    0.892864] PCI: Enabling device 0000:00:0a.2 (0000 -> 0001)
[    0.894473] PCI: CLS 0 bytes, default 16
[    0.929582] futex hash table entries: 256 (order: -1, 3072 bytes)
[    0.947848] squashfs: version 4.0 (2009/01/31) Phillip Lougher
[    0.950570] jffs2: version 2.2. (NAND) Â© 2001-2006 Red Hat, Inc.
[    0.954347] romfs: ROMFS MTD (C) 2007 Red Hat, Inc.
[    0.980943] Block layer SCSI generic (bsg) driver version 0.4 loaded (major 251)
[    0.981658] io scheduler noop registered
[    0.982427] io scheduler cfq registered (default)
[    0.983525] firmadyne: devfs: 1, execute: 1, procfs: 1, syscall: 1
[    0.989832] firmadyne: Cannot register character device: gpio, 0xfc, 0x0!
[    0.999148] firmadyne: Cannot register character device: watchdog, 0xa, 0x82!
[    0.999866] firmadyne: Cannot register character device: wdt, 0xfd, 0x0!
[    2.871668] strName = 4.1.17+
[    2.871668] init_task_addr  = 2155778944
[    2.871668] init_task_size  = 1296
[    2.871668] ts_tasks        = 292
[    2.871668] ts_pid          = 408
[    2.871668] ts_tgid         = 412
[    2.871668] ts_group_leader = 440
[    2.871668] ts_thread_group = 496
[    2.871668] ts_real_parent  = 416
[    2.871668] ts_mm           = 300
[    2.871668] ts_stack        = 4
[    2.874267] module_name   = 12
[    2.874267] module_size   = 208
[    2.874267] module_init   = 200
[    2.874267] module_list   = 4
[    2.875262] ts_real_cred    = 624
[    2.875262] ts_cred         = 628
[    2.875262] ts_comm         = 632
[    2.875262] cred_uid        = 4
[    2.875262] cred_gid        = 8
[    2.875262] cred_euid       = 20
[    2.875262] cred_egid       = 24
[    2.877214] mm_mmap         = 0
[    2.877214] mm_pgd          = 32
[    2.877214] mm_arg_start    = 136
[    2.877214] mm_start_brk    = 124
[    2.877214] mm_brk          = 128
[    2.877214] mm_start_stack  = 132
[    2.878633] vma_vm_start    = 0
[    2.878633] vma_vm_end      = 4
[    2.878633] vma_vm_next     = 8
[    2.878633] vma_vm_file     = 80
[    2.878633] vma_vm_flags    = 40
[    2.878633] vma_vm_pgoff    = 76
[    2.880248] file_dentry     = 12
[    2.880248] file_inode      = 40
[    2.880248] dentry_d_name   = 24
[    2.880248] dentry_d_iname  = 44
[    2.880248] dentry_d_parent = 16
[    2.880248] ti_task         = 0
[    2.880248] inode_ino   = 28
[    4.052630] proc_fork_connector  = 2151078840
[    4.053009] proc_exit_connector  = 2151080432
[    4.053360] proc_exec_connector  = 2151079052
[    4.053694] vma_link  = 2149124372
[    4.053984] vma_adjust  = 2149124540
[    4.054290] remove_vma  = 2149122188
[    4.054585] modules  = 2155833724
[    4.054876] trim_init_extable  = 2150545316
[    4.056359] cfg80211: Calling CRDA to update world regulatory domain
[    4.060040] PCI: Enabling device 0000:00:12.0 (0000 -> 0002)
[    4.061460] cirrusfb 0000:00:12.0: Cirrus Logic chipset on PCI bus, RAM (4096 kB) at 0x10000000
[    4.311242] Console: switching to colour frame buffer device 80x30
[    4.388264] Serial: 8250/16550 driver, 4 ports, IRQ sharing enabled
[    4.404070] console [ttyS0] disabled
[    4.431948] serial8250.0: ttyS0 at I/O 0x3f8 (irq = 4, base_baud = 115200) is a 16550A
[    4.433179] console [ttyS0] enabled
[    4.433179] console [ttyS0] enabled
[    4.433796] bootconsole [uart0] disabled
[    4.433796] bootconsole [uart0] disabled
[    4.464916] serial8250.0: ttyS1 at I/O 0x2f8 (irq = 3, base_baud = 115200) is a 16550A
[    4.605219] brd: module loaded
[    4.676317] loop: module loaded
[    4.683794] ata_piix 0000:00:0a.1: version 2.13
[    4.684426] PCI: Enabling device 0000:00:0a.1 (0000 -> 0001)
[    4.713530] scsi host0: ata_piix
[    4.719960] scsi host1: ata_piix
[    4.724326] ata1: PATA max UDMA/33 cmd 0x1f0 ctl 0x3f6 bmdma 0x1460 irq 14
[    4.724930] ata2: PATA max UDMA/33 cmd 0x170 ctl 0x376 bmdma 0x1468 irq 15
[    4.732534] [nandsim] warning: read_byte: unexpected data output cycle, state is STATE_READY return 0x0
[    4.733205] [nandsim] warning: read_byte: unexpected data output cycle, state is STATE_READY return 0x0
[    4.733874] [nandsim] warning: read_byte: unexpected data output cycle, state is STATE_READY return 0x0
[    4.734534] [nandsim] warning: read_byte: unexpected data output cycle, state is STATE_READY return 0x0
[    4.735199] [nandsim] warning: read_byte: unexpected data output cycle, state is STATE_READY return 0x0
[    4.736024] [nandsim] warning: read_byte: unexpected data output cycle, state is STATE_READY return 0x0
[    4.736870] nand: device found, Manufacturer ID: 0x98, Chip ID: 0x39
[    4.737360] nand: Toshiba NAND 128MiB 1,8V 8-bit
[    4.737809] nand: 128 MiB, SLC, erase size: 16 KiB, page size: 512, OOB size: 16
[    4.739800] flash size: 128 MiB
[    4.740109] page size: 512 bytes
[    4.740400] OOB area size: 16 bytes
[    4.740702] sector size: 16 KiB
[    4.740981] pages number: 262144
[    4.741278] pages per sector: 32
[    4.741559] bus width: 8
[    4.741812] bits in sector size: 14
[    4.742115] bits in page size: 9
[    4.742410] bits in OOB size: 4
[    4.742701] flash size with OOB: 135168 KiB
[    4.743034] page address bytes: 4
[    4.743326] sector address bytes: 3
[    4.743790] options: 0x42
[    4.839482] Scanning device for bad blocks
[    6.217147] ata1.01: NODEV after polling detection
[    6.218029] ata2.01: NODEV after polling detection
[    6.220405] ata2.00: ATAPI: QEMU DVD-ROM, 2.5+, max UDMA/100
[    6.223021] ata1.00: ATA-7: QEMU HARDDISK, 2.5+, max UDMA/100
[    6.223802] ata1.00: 2097152 sectors, multi 16: LBA48 
[    6.230064] ata2.00: configured for UDMA/33
[    6.233663] ata1.00: configured for UDMA/33
[    6.242498] scsi 0:0:0:0: Direct-Access     ATA      QEMU HARDDISK    2.5+ PQ: 0 ANSI: 5
[    6.260633] sd 0:0:0:0: [sda] 2097152 512-byte logical blocks: (1.07 GB/1.00 GiB)
[    6.262423] scsi 1:0:0:0: CD-ROM            QEMU     QEMU DVD-ROM     2.5+ PQ: 0 ANSI: 5
[    6.277793] sd 0:0:0:0: [sda] Write Protect is off
[    6.278359] sd 0:0:0:0: [sda] Mode Sense: 00 3a 00 00
[    6.280203] sd 0:0:0:0: [sda] Write cache: enabled, read cache: enabled, doesn't support DPO or FUA
[    6.292944]  sda: sda1
[    6.306921] sd 0:0:0:0: [sda] Attached SCSI disk
[    6.307573] Creating 11 MTD partitions on "NAND 128MiB 1,8V 8-bit":
[    6.308479] 0x000000000000-0x000000100000 : "NAND simulator partition 0"
[    6.321364] 0x000000100000-0x000000200000 : "NAND simulator partition 1"
[    6.333420] 0x000000200000-0x000000300000 : "NAND simulator partition 2"
[    6.345791] 0x000000300000-0x000000400000 : "NAND simulator partition 3"
[    6.358126] 0x000000400000-0x000000500000 : "NAND simulator partition 4"
[    6.370626] 0x000000500000-0x000000600000 : "NAND simulator partition 5"
[    6.383411] 0x000000600000-0x000000700000 : "NAND simulator partition 6"
[    6.396438] 0x000000700000-0x000000800000 : "NAND simulator partition 7"
[    6.409330] 0x000000800000-0x000000900000 : "NAND simulator partition 8"
[    6.421482] 0x000000900000-0x000000a00000 : "NAND simulator partition 9"
[    6.433522] 0x000000a00000-0x000008000000 : "NAND simulator partition 10"
[    6.485981] tun: Universal TUN/TAP device driver, 1.6
[    6.486403] tun: (C) 1999-2004 Max Krasnyansky <maxk@qualcomm.com>
[    6.490511] pcnet32: pcnet32.c:v1.35 21.Apr.2008 tsbogend@alpha.franken.de
[    6.492167] e1000: Intel(R) PRO/1000 Network Driver - version 7.3.21-k8-NAPI
[    6.492674] e1000: Copyright (c) 1999-2006 Intel Corporation.
[    6.493751] PCI: Enabling device 0000:00:13.0 (0000 -> 0003)
[    6.826000] e1000 0000:00:13.0 eth0: (PCI:33MHz:32-bit) 52:54:00:12:34:56
[    6.826795] e1000 0000:00:13.0 eth0: Intel(R) PRO/1000 Network Connection
[    6.827800] PCI: Enabling device 0000:00:14.0 (0000 -> 0003)
[    7.149002] e1000 0000:00:14.0 eth1: (PCI:33MHz:32-bit) 52:54:00:12:34:57
[    7.149652] e1000 0000:00:14.0 eth1: Intel(R) PRO/1000 Network Connection
[    7.150474] PCI: Enabling device 0000:00:15.0 (0000 -> 0003)
[    7.421093] cfg80211: Calling CRDA to update world regulatory domain
[    7.472911] e1000 0000:00:15.0 eth2: (PCI:33MHz:32-bit) 52:54:00:12:34:58
[    7.473529] e1000 0000:00:15.0 eth2: Intel(R) PRO/1000 Network Connection
[    7.474318] PCI: Enabling device 0000:00:16.0 (0000 -> 0003)
[    7.805169] e1000 0000:00:16.0 eth3: (PCI:33MHz:32-bit) 52:54:00:12:34:59
[    7.805778] e1000 0000:00:16.0 eth3: Intel(R) PRO/1000 Network Connection
[    7.807356] e1000e: Intel(R) PRO/1000 Network Driver - 2.3.2-k
[    7.807973] e1000e: Copyright(c) 1999 - 2014 Intel Corporation.
[    7.813536] PPP generic driver version 2.4.2
[    7.816276] PPP Deflate Compression module registered
[    7.817057] PPP MPPE Compression module registered
[    7.817552] NET: Registered protocol family 24
[    7.818415] ehci_hcd: USB 2.0 'Enhanced' Host Controller (EHCI) Driver
[    7.819026] ehci-pci: EHCI PCI platform driver
[    7.820592] ohci_hcd: USB 1.1 'Open' Host Controller (OHCI) Driver
[    7.821180] ohci-pci: OHCI PCI platform driver
[    7.822561] uhci_hcd: USB Universal Host Controller Interface driver
[    7.824619] uhci_hcd 0000:00:0a.2: UHCI Host Controller
[    7.825570] uhci_hcd 0000:00:0a.2: new USB bus registered, assigned bus number 1
[    7.826814] uhci_hcd 0000:00:0a.2: irq 11, io base 0x00001440
[    7.840952] hub 1-0:1.0: USB hub found
[    7.841884] hub 1-0:1.0: 2 ports detected
[    7.853959] usbcore: registered new interface driver usb-storage
[    7.859362] mousedev: PS/2 mouse device common for all mice
[    7.867436] rtc_cmos rtc_cmos: rtc core: registered rtc_cmos as rtc0
[    7.868557] rtc_cmos rtc_cmos: alarms up to one day, 242 bytes nvram
[    7.870369] i2c /dev entries driver
[    7.872075] piix4_smbus 0000:00:0a.3: SMBus Host Controller at 0x1100, revision 0
[    7.878007] sdhci: Secure Digital Host Controller Interface driver
[    7.878464] sdhci: Copyright(c) Pierre Ossman
[    7.881572] hidraw: raw HID events driver (C) Jiri Kosina
[    7.905601] usbcore: registered new interface driver usbhid
[    7.906008] usbhid: USB HID core driver
[    7.907332] Netfilter messages via NETLINK v0.30.
[    7.909159] nf_conntrack version 0.5.0 (3923 buckets, 15692 max)
[    7.913367] ctnetlink v0.93: registering with nfnetlink.
[    7.920849] ipip: IPv4 over IPv4 tunneling driver
[    7.936697] ip_tables: (C) 2000-2006 Netfilter Core Team
[    7.940430] arp_tables: (C) 2002 David S. Miller
[    7.942781] Initializing XFRM netlink socket
[    7.944932] NET: Registered protocol family 10
[    7.973560] ip6_tables: (C) 2000-2006 Netfilter Core Team
[    7.978355] sit: IPv6 over IPv4 tunneling driver
[    8.000433] NET: Registered protocol family 17
[    8.001554] bridge: automatic filtering via arp/ip/ip6tables has been deprecated. Update your scripts to load br_netfilter if you need this.
[    8.002873] Bridge firewalling registered
[    8.003387] Ebtables v2.0 registered
[    8.006258] 8021q: 802.1Q VLAN Support v1.8
[    8.033138] rtc_cmos rtc_cmos: setting system clock to 2025-07-28 01:21:29 UTC (1753665689)
[    8.058912] EXT2-fs (sda1): warning: mounting unchecked fs, running e2fsck is recommended
[    8.061477] VFS: Mounted root (ext2 filesystem) on device 8:1.
[    8.072805] Freeing YAMON memory: 956k freed
[    8.085931] Freeing unused kernel memory: 260K (8081f000 - 80860000)
[    8.087921] spurious 8259A interrupt: IRQ7.
[    8.197412] firmadyne: sys_reboot[PID: 48 (init)]: magic1:fee1dead, magic2:28121969, cmd:0
init started:  BusyBox v1.00 (2009.03.06-06:20+0000) multi-call binary
init started:  BusyBox v1.00 (2009.03.06-06:20+0000) multi-call binary
Starting pid 50, console /dev/ttyS0: '/usr/etc/rcS'
[    8.493999] firmadyne: do_execve: /firmadyne/console
[    8.494709] OFFSETS: offset of pid: 0x198 offset of comm: 0x278
[   10.564271] cfg80211: Calling CRDA to update world regulatory domain
insmod: cannot open module `/lib/modules/vnet.ko': No such file or directory
[   12.897655] firmadyne: ioctl: 0x1
insmod finish
[   12.976664] random: nonblocking pool is initialized
BcmAtm_Initialize: open error 6
/usr/sbin/atmctl: ATM driver return code, state error
BcmAdsl : open error 6
/usr/sbin/adslctl: BcmAdsl_Initialize error
BcmAdsl : open error 6
/usr/sbin/adslctl->ConnectionHandler: BcmAdsl_ConnectionStart error
BcmAtm_Initialize: open error 6
ATM Operation Failed , 2 
/usr/sbin/atmctl: ATM driver return code, state error
[   13.342893] firmadyne: sys_socket[PID: 103 (brctl)]: family:2, type:2, protocol:0
[   13.414191] firmadyne: sys_socket[PID: 104 (brctl)]: family:2, type:2, protocol:0
[   13.473396] firmadyne: sys_socket[PID: 105 (ifconfig)]: family:2, type:1, protocol:0
[   13.488350] IPv6: ADDRCONF(NETDEV_UP): eth0: link is not ready
[   13.489002] 8021q: adding VLAN 0 to HW filter on device eth0
[   13.494664] e1000: eth0 NIC Link is Up 1000 Mbps Full Duplex, Flow Control: RX
[   13.497075] IPv6: ADDRCONF(NETDEV_CHANGE): eth0: link becomes ready
[   13.556405] firmadyne: sys_socket[PID: 106 (brctl)]: family:2, type:2, protocol:0
[   13.558055] firmadyne: sys_socket[PID: 106 (brctl)]: family:10, type:1, protocol:0
[   13.560481] firmadyne: br_add_if[PID: 106 (brctl)]: br:br0 dev:eth0
[   13.566838] device eth0 entered promiscuous mode
[   13.626950] firmadyne: sys_socket[PID: 107 (ifconfig)]: family:2, type:1, protocol:0
[   13.639201] IPv6: ADDRCONF(NETDEV_UP): eth1: link is not ready
[   13.640141] 8021q: adding VLAN 0 to HW filter on device eth1
[   13.645305] e1000: eth1 NIC Link is Up 1000 Mbps Full Duplex, Flow Control: RX
[   13.646557] IPv6: ADDRCONF(NETDEV_CHANGE): eth1: link becomes ready
[   13.701110] firmadyne: sys_socket[PID: 108 (brctl)]: family:2, type:2, protocol:0
[   13.702740] firmadyne: sys_socket[PID: 108 (brctl)]: family:10, type:1, protocol:0
[   13.704755] firmadyne: br_add_if[PID: 108 (brctl)]: br:br0 dev:eth1
[   13.710398] device eth1 entered promiscuous mode
[   13.712453] cfg80211: Calling CRDA to update world regulatory domain
[   13.832014] firmadyne: sys_socket[PID: 110 (ifconfig)]: family:2, type:1, protocol:0
[   13.834835] firmadyne: __inet_insert_ifa[PID: 110 (ifconfig)]: device:lo ifa:0x7f000001
[   13.838554] firmadyne: __inet_insert_ifa[PID: 110 (ifconfig)]: device:lo ifa:0x7f000001
[   13.904430] firmadyne: sys_socket[PID: 111 (route)]: family:2, type:1, protocol:0
[   14.205631] firmadyne: sys_socket[PID: 114 (klogd)]: family:1, type:1, protocol:0
[   14.207681] firmadyne: sys_socket[PID: 114 (klogd)]: family:1, type:2, protocol:0
[   14.218814] firmadyne: sys_socket[PID: 114 (klogd)]: family:1, type:1, protocol:0
[   14.228655] firmadyne: sys_socket[PID: 114 (klogd)]: family:1, type:2, protocol:0
[   14.231966] firmadyne: sys_socket[PID: 114 (klogd)]: family:1, type:1, protocol:0
[   14.239431] firmadyne: sys_socket[PID: 114 (klogd)]: family:1, type:2, protocol:0
[   14.242630] firmadyne: sys_socket[PID: 114 (klogd)]: family:1, type:1, protocol:0
[   14.249637] firmadyne: sys_socket[PID: 114 (klogd)]: family:1, type:2, protocol:0
[   14.252838] firmadyne: sys_socket[PID: 114 (klogd)]: family:1, type:1, protocol:0
[   14.254246] firmadyne: sys_socket[PID: 114 (klogd)]: family:1, type:2, protocol:0
[   14.261748] firmadyne: sys_socket[PID: 114 (klogd)]: family:1, type:1, protocol:0
[   14.263190] firmadyne: sys_socket[PID: 114 (klogd)]: family:1, type:2, protocol:0
[   14.273970] firmadyne: sys_socket[PID: 114 (klogd)]: family:1, type:1, protocol:0
[   14.275397] firmadyne: sys_socket[PID: 114 (klogd)]: family:1, type:2, protocol:0
[   14.285946] firmadyne: sys_socket[PID: 114 (klogd)]: family:1, type:1, protocol:0
[   14.287362] firmadyne: sys_socket[PID: 114 (klogd)]: family:1, type:2, protocol:0
[   14.290681] firmadyne: sys_socket[PID: 114 (klogd)]: family:1, type:1, protocol:0
[   14.296264] firmadyne: sys_socket[PID: 114 (klogd)]: family:1, type:2, protocol:0
[   14.299126] firmadyne: sys_socket[PID: 114 (klogd)]: family:1, type:1, protocol:0
[   14.308507] firmadyne: sys_socket[PID: 114 (klogd)]: family:1, type:2, protocol:0
[   14.311342] firmadyne: sys_socket[PID: 114 (klogd)]: family:1, type:1, protocol:0
[   14.316817] firmadyne: sys_socket[PID: 114 (klogd)]: family:1, type:2, protocol:0
nvram_init: Initializing NVRAM...
[   14.324398] firmadyne: sys_socket[PID: 114 (klogd)]: family:1, type:1, protocol:0
[   14.325862] firmadyne: sys_socket[PID: 114 (klogd)]: family:1, type:2, protocol:0
sem_get: Key: 41012003
[   14.333417] firmadyne: sys_socket[PID: 114 (klogd)]: family:1, type:1, protocol:0
[   14.334882] firmadyne: sys_socket[PID: 114 (klogd)]: family:1, type:2, protocol:0
[   14.343023] firmadyne: sys_socket[PID: 114 (klogd)]: family:1, type:1, protocol:0
[   14.344678] firmadyne: sys_socket[PID: 114 (klogd)]: family:1, type:2, protocol:0
[   14.347600] firmadyne: sys_socket[PID: 114 (klogd)]: family:1, type:1, protocol:0
sem_get: Key: 410f00aa
nvram_set_default_builtin: Setting built-in default values!
[   14.356496] firmadyne: sys_socket[PID: 114 (klogd)]: family:1, type:2, protocol:0
[   14.359372] firmadyne: sys_socket[PID: 114 (klogd)]: family:1, type:1, protocol:0
nvram_set: console_loglevel = "7[   14.364698] firmadyne: sys_socket[PID: 114 (klogd)]: family:1, type:2, protocol:0
[   14.367572] firmadyne: sys_socket[PID: 114 (klogd)]: family:1, type:1, protocol:0
"
sem_get: Key: 410f00aa
sem_get: Key: 410f00aa[   14.376476] firmadyne: sys_socket[PID: 114 (klogd)]: family:1, type:2, protocol:0
[   14.379329] firmadyne: sys_socket[PID: 114 (klogd)]: family:1, type:1, protocol:0

nvram_set: restore_defaults[   14.384594] firmadyne: sys_socket[PID: 114 (klogd)]: family:1, type:2, protocol:0
[   14.387482] firmadyne: sys_socket[PID: 114 (klogd)]: family:1, type:1, protocol:0
 = "1"
sem_get: Key: 410f00aa
sem_get: Key: 410f00aa
[   14.396470] firmadyne: sys_socket[PID: 114 (klogd)]: family:1, type:2, protocol:0
[   14.399302] firmadyne: sys_socket[PID: 114 (klogd)]: family:1, type:1, protocol:0
[   14.401207] firmadyne: sys_socket[PID: 114 (klogd)]: family:1, type:2, protocol:0
nvram_set: sku_name = ""
sem_get: Key: [   14.408612] firmadyne: sys_socket[PID: 114 (klogd)]: family:1, type:1, protocol:0
[   14.410072] firmadyne: sys_socket[PID: 114 (klogd)]: family:1, type:2, protocol:0
410f00aa
sem_get: Key: 410f00aa
[   14.417349] firmadyne: sys_socket[PID: 114 (klogd)]: family:1, type:1, protocol:0
[   14.418793] firmadyne: sys_socket[PID: 114 (klogd)]: family:1, type:2, protocol:0
nvram_set: wla_wlanstate = ""
[   14.425966] firmadyne: sys_socket[PID: 114 (klogd)]: family:1, type:1, protocol:0
[   14.427379] firmadyne: sys_socket[PID: 114 (klogd)]: family:1, type:2, protocol:0
sem_get: Key: 410f00aa
sem_get: Key: 410f00aa
[   14.438073] firmadyne: sys_socket[PID: 114 (klogd)]: family:1, type:1, protocol:0
[   14.439497] firmadyne: sys_socket[PID: 114 (klogd)]: family:1, type:2, protocol:0
nvram_set: lan_if = "br0"
sem_get: Key: 410f00aa
sem_get: Key: 410f00aa[   14.450269] firmadyne: sys_socket[PID: 114 (klogd)]: family:1, type:1, protocol:0
[   14.451718] firmadyne: sys_socket[PID: 114 (klogd)]: family:1, type:2, protocol:0
[   14.454925] firmadyne: sys_socket[PID: 114 (klogd)]: family:1, type:1, protocol:0
[   14.456556] firmadyne: sys_socket[PID: 114 (klogd)]: family:1, type:2, protocol:0
[   14.459343] firmadyne: sys_socket[PID: 114 (klogd)]: family:1, type:1, protocol:0

nvram_set: lan_ipaddr = "192.168.0.50"
sem_get: Key: 410f00aa
sem_get: Key: 410f00aa
[   14.472510] firmadyne: sys_socket[PID: 114 (klogd)]: family:1, type:2, protocol:0
[   14.475389] firmadyne: sys_socket[PID: 114 (klogd)]: family:1, type:1, protocol:0
nvram_set: lan_bipaddr = "192.168.0.255"
sem_get: Key: 410f00aa
[   14.484518] firmadyne: sys_socket[PID: 114 (klogd)]: family:1, type:2, protocol:0
[   14.487414] firmadyne: sys_socket[PID: 114 (klogd)]: family:1, type:1, protocol:0
[   14.489326] firmadyne: sys_socket[PID: 114 (klogd)]: family:1, type:2, protocol:0
[   14.492433] firmadyne: sys_socket[PID: 114 (klogd)]: family:1, type:1, protocol:0
[   14.493842] firmadyne: sys_socket[PID: 114 (klogd)]: family:1, type:2, protocol:0
sem_get: Key: 410f00aa
nvram_set: lan_netmask = "255.255.255.0"
sem_get: Key: 410f00aa[   14.505047] firmadyne: sys_socket[PID: 114 (klogd)]: family:1, type:1, protocol:0
[   14.506500] firmadyne: sys_socket[PID: 114 (klogd)]: family:1, type:2, protocol:0

sem_get: Key: 410f00aa
[   14.513663] firmadyne: sys_socket[PID: 114 (klogd)]: family:1, type:1, protocol:0
[   14.515104] firmadyne: sys_socket[PID: 114 (klogd)]: family:1, type:2, protocol:0
nvram_set: time_zone = "PST8PDT[   14.522060] firmadyne: sys_socket[PID: 114 (klogd)]: family:1, type:1, protocol:0
[   14.523503] firmadyne: sys_socket[PID: 114 (klogd)]: family:1, type:2, protocol:0
"
sem_get: Key: 410f00aa
sem_get: Key: 410f00aa
[   14.533872] firmadyne: sys_socket[PID: 114 (klogd)]: family:1, type:1, protocol:0
[   14.535283] firmadyne: sys_socket[PID: 114 (klogd)]: family:1, type:2, protocol:0
nvram_set: wan_hwaddr_def = "01:23:45:67:89:ab"
[   14.541921] firmadyne: sys_socket[PID: 114 (klogd)]: family:1, type:1, protocol:0
[   14.543377] firmadyne: sys_socket[PID: 114 (klogd)]: family:1, type:2, protocol:0
sem_get: Key: 410f00aa
sem_get: Key: 410f00aa
nvram_set: [   14.553999] firmadyne: sys_socket[PID: 114 (klogd)]: family:1, type:1, protocol:0
[   14.555414] firmadyne: sys_socket[PID: 114 (klogd)]: family:1, type:2, protocol:0
wan_ifname = "eth0"
sem_get: Key: 410f00aa[   14.562187] firmadyne: sys_socket[PID: 114 (klogd)]: family:1, type:1, protocol:0
[   14.563626] firmadyne: sys_socket[PID: 114 (klogd)]: family:1, type:2, protocol:0

sem_get: Key: 410f00aa
nvram_set: lan_ifnames = "eth1 eth2 eth3 eth4[   14.574224] firmadyne: sys_socket[PID: 114 (klogd)]: family:1, type:1, protocol:0
[   14.575668] firmadyne: sys_socket[PID: 114 (klogd)]: family:1, type:2, protocol:0
[   14.578847] firmadyne: sys_socket[PID: 114 (klogd)]: family:1, type:1, protocol:0
[   14.580476] firmadyne: sys_socket[PID: 114 (klogd)]: family:1, type:2, protocol:0
[   14.583212] firmadyne: sys_socket[PID: 114 (klogd)]: family:1, type:1, protocol:0
"
sem_get: Key: 410f00aa
sem_get: Key: 410f00aa
[   14.592468] firmadyne: sys_socket[PID: 114 (klogd)]: family:1, type:2, protocol:0
[   14.595257] firmadyne: sys_socket[PID: 114 (klogd)]: family:1, type:1, protocol:0
nvram_set: ethConver = "1"
sem_get: Key: 410f00aa
sem_get: Key: 410f00aa[   14.604652] firmadyne: sys_socket[PID: 114 (klogd)]: family:1, type:2, protocol:0
[   14.607441] firmadyne: sys_socket[PID: 114 (klogd)]: family:1, type:1, protocol:0

nvram_set: lan_proto[   14.612745] firmadyne: sys_socket[PID: 114 (klogd)]: family:1, type:2, protocol:0
[   14.615549] firmadyne: sys_socket[PID: 114 (klogd)]: family:1, type:1, protocol:0
 = "dhcp"
sem_get: Key: 410f00aa
sem_get: Key: 410f00aa
[   14.624471] firmadyne: sys_socket[PID: 114 (klogd)]: family:1, type:2, protocol:0
[   14.627261] firmadyne: sys_socket[PID: 114 (klogd)]: family:1, type:1, protocol:0
[   14.629168] firmadyne: sys_socket[PID: 114 (klogd)]: family:1, type:2, protocol:0
nvram_set: wan_ipaddr = "0.0.0.0"
sem_get[   14.636553] firmadyne: sys_socket[PID: 114 (klogd)]: family:1, type:1, protocol:0
[   14.638051] firmadyne: sys_socket[PID: 114 (klogd)]: family:1, type:2, protocol:0
: Key: 410f00aa
sem_get: Key: 410f00aa[   14.645663] firmadyne: sys_socket[PID: 114 (klogd)]: family:1, type:1, protocol:0
[   14.647180] firmadyne: sys_socket[PID: 114 (klogd)]: family:1, type:2, protocol:0

nvram_set: wan_netmask = "[   14.654867] firmadyne: sys_socket[PID: 114 (klogd)]: family:1, type:1, protocol:0
[   14.656525] firmadyne: sys_socket[PID: 114 (klogd)]: family:1, type:2, protocol:0
[   14.659263] firmadyne: sys_socket[PID: 114 (klogd)]: family:1, type:1, protocol:0
255.255.255.0"
sem_get: Key: 410f00aa
sem_get: Key: 410f00aa
nvram_set: wanif = "eth0"
[   14.672556] firmadyne: sys_socket[PID: 114 (klogd)]: family:1, type:2, protocol:0
[   14.675401] firmadyne: sys_socket[PID: 114 (klogd)]: family:1, type:1, protocol:0
sem_get: Key: 410f00aa
sem_get: Key: 410f00aa
nvram_set[   14.684807] firmadyne: sys_socket[PID: 114 (klogd)]: family:1, type:2, protocol:0
[   14.687627] firmadyne: sys_socket[PID: 114 (klogd)]: family:1, type:1, protocol:0
[   14.689468] firmadyne: sys_socket[PID: 114 (klogd)]: family:1, type:2, protocol:0
[   14.692589] firmadyne: sys_socket[PID: 114 (klogd)]: family:1, type:1, protocol:0
[   14.693996] firmadyne: sys_socket[PID: 114 (klogd)]: family:1, type:2, protocol:0
: time_zone_x = "0"
sem_get: Key: 410f00aa
sem_get: Key: 410f00aa
[   14.704936] firmadyne: sys_socket[PID: 114 (klogd)]: family:1, type:1, protocol:0
[   14.706390] firmadyne: sys_socket[PID: 114 (klogd)]: family:1, type:2, protocol:0
nvram_set: rip_multicast = "0"
[   14.713474] firmadyne: sys_socket[PID: 114 (klogd)]: family:1, type:1, protocol:0
[   14.714897] firmadyne: sys_socket[PID: 114 (klogd)]: family:1, type:2, protocol:0
sem_get: Key: 410f00aa
sem_get: Key: [   14.722234] firmadyne: sys_socket[PID: 114 (klogd)]: family:1, type:1, protocol:0
[   14.723678] firmadyne: sys_socket[PID: 114 (klogd)]: family:1, type:2, protocol:0
410f00aa
nvram_set: bs_trustedip_enable = "0"
sem_get: Key: 410f00aa
[   14.733984] firmadyne: sys_socket[PID: 114 (klogd)]: family:1, type:1, protocol:0
[   14.735394] firmadyne: sys_socket[PID: 114 (klogd)]: family:1, type:2, protocol:0
sem_get: Key: 410f00aa
[   14.742101] firmadyne: sys_socket[PID: 114 (klogd)]: family:1, type:1, protocol:0
[   14.743516] firmadyne: sys_socket[PID: 114 (klogd)]: family:1, type:2, protocol:0
nvram_set: et0macaddr = "01:23:45:67:89:ab"
sem_get: Key: 410f00aa
[   14.753993] firmadyne: sys_socket[PID: 114 (klogd)]: family:1, type:1, protocol:0
[   14.755403] firmadyne: sys_socket[PID: 114 (klogd)]: family:1, type:2, protocol:0
[   14.758650] firmadyne: sys_socket[PID: 114 (klogd)]: family:1, type:1, protocol:0
[   14.760282] firmadyne: sys_socket[PID: 114 (klogd)]: family:1, type:2, protocol:0
[   14.763016] firmadyne: sys_socket[PID: 114 (klogd)]: family:1, type:1, protocol:0
sem_get: Key: 410f00aa
nvram_set: filter_rule_tbl = ""
sem_get: Key: 410f00aa
[   14.772742] firmadyne: sys_socket[PID: 114 (klogd)]: family:1, type:2, protocol:0
[   14.775541] firmadyne: sys_socket[PID: 114 (klogd)]: family:1, type:1, protocol:0
sem_get: Key: 410f00aa
nvram_set: pppoe2_schedule_config = "127:0:0:23:59"
[   14.784584] firmadyne: sys_socket[PID: 114 (klogd)]: family:1, type:2, protocol:0
[   14.787374] firmadyne: sys_socket[PID: 114 (klogd)]: family:1, type:1, protocol:0
sem_get: Key: 410f00aa
sem_get: Key: 410f00aa
nvram_set[   14.796468] firmadyne: sys_socket[PID: 114 (klogd)]: family:1, type:2, protocol:0
[   14.799302] firmadyne: sys_socket[PID: 114 (klogd)]: family:1, type:1, protocol:0
[   14.801236] firmadyne: sys_socket[PID: 114 (klogd)]: family:1, type:2, protocol:0
: schedule_config = "127:0:0:23:59"
sem_get: Key: 410f00aa
[   14.808508] firmadyne: sys_socket[PID: 114 (klogd)]: family:1, type:1, protocol:0
[   14.809974] firmadyne: sys_socket[PID: 114 (klogd)]: family:1, type:2, protocol:0
sem_get: Key: 410f00aa
[   14.816970] firmadyne: sys_socket[PID: 114 (klogd)]: family:1, type:1, protocol:0
[   14.818421] firmadyne: sys_socket[PID: 114 (klogd)]: family:1, type:2, protocol:0
nvram_set: access_control_mode = "0"
[   14.825459] firmadyne: sys_socket[PID: 114 (klogd)]: family:1, type:1, protocol:0
[   14.826921] firmadyne: sys_socket[PID: 114 (klogd)]: family:1, type:2, protocol:0
sem_get: Key: 410f00aa
sem_get[   14.834319] firmadyne: sys_socket[PID: 114 (klogd)]: family:1, type:1, protocol:0
: Key: 410f00aa
nvram_set: fwpt_df_count[   14.840995] firmadyne: sys_socket[PID: 114 (klogd)]: family:1, type:2, protocol:0
[   14.844107] firmadyne: sys_socket[PID: 114 (klogd)]: family:1, type:1, protocol:0
[   14.845523] firmadyne: sys_socket[PID: 114 (klogd)]: family:1, type:2, protocol:0
 = "0"
sem_get: Key: 410f00aa
sem_get: Key: 410f00aa
[   14.856609] firmadyne: sys_socket[PID: 114 (klogd)]: family:1, type:1, protocol:0
[   14.858101] firmadyne: sys_socket[PID: 114 (klogd)]: family:1, type:2, protocol:0
nvram_set: static_if_status = "1"
sem_get: Key: [   14.866201] firmadyne: sys_socket[PID: 114 (klogd)]: family:1, type:1, protocol:0
[   14.867679] firmadyne: sys_socket[PID: 114 (klogd)]: family:1, type:2, protocol:0
410f00aa
sem_get: Key: 410f00aa
nvram_set: www_relocation = "[   14.878367] firmadyne: sys_socket[PID: 114 (klogd)]: family:1, type:1, protocol:0
[   14.880221] firmadyne: sys_socket[PID: 114 (klogd)]: family:1, type:2, protocol:0
[   14.882969] firmadyne: sys_socket[PID: 114 (klogd)]: family:1, type:1, protocol:0
"
sem_get: Key: 410f00aa
[   14.888606] firmadyne: sys_socket[PID: 114 (klogd)]: family:1, type:2, protocol:0
[   14.891405] firmadyne: sys_socket[PID: 114 (klogd)]: family:1, type:1, protocol:0
sem_get: Key: 410f00aa
nvram_set: usb_info_dev0 = "A200396E0402FF83@1@14.4G@U@1@USB_Storage;U:;0;0@"
sem_get[   14.900691] firmadyne: sys_socket[PID: 114 (klogd)]: family:1, type:2, protocol:0
[   14.903574] firmadyne: sys_socket[PID: 114 (klogd)]: family:1, type:1, protocol:0
[   14.905418] firmadyne: sys_socket[PID: 114 (klogd)]: family:1, type:2, protocol:0
[   14.908466] firmadyne: sys_socket[PID: 114 (klogd)]: family:1, type:1, protocol:0
[   14.909873] firmadyne: sys_socket[PID: 114 (klogd)]: family:1, type:2, protocol:0
: Key: 410f00aa
sem_get: Key: 410f00aa
nvram_set: usb_info_dev1 = "[   14.920926] firmadyne: sys_socket[PID: 114 (klogd)]: family:1, type:1, protocol:0
[   14.922377] firmadyne: sys_socket[PID: 114 (klogd)]: family:1, type:2, protocol:0
A200396E0402FF83@1@14.4G@U@1@USB_Storage;U:;0;0@"
sem_get: Key: 410f00aa
[   14.929468] firmadyne: sys_socket[PID: 114 (klogd)]: family:1, type:1, protocol:0
[   14.930899] firmadyne: sys_socket[PID: 114 (klogd)]: family:1, type:2, protocol:0
sem_get: Key: 410f00aa
[   14.937871] firmadyne: sys_socket[PID: 114 (klogd)]: family:1, type:1, protocol:0
[   14.939280] firmadyne: sys_socket[PID: 114 (klogd)]: family:1, type:2, protocol:0
nvram_set: usb_info_dev2 = "A200396E0402FF83@1@14.4G@U@1@USB_Storage;U:;0;0@"
sem_get: Key: 410f00aa
sem_get: Key: 410f00aa
[   14.953858] firmadyne: sys_socket[PID: 114 (klogd)]: family:1, type:1, protocol:0
[   14.955267] firmadyne: sys_socket[PID: 114 (klogd)]: family:1, type:2, protocol:0
nvram_set: usb_info_dev3 = "A200396E0402FF83@1@14.4G@U@1@USB_Storage;U:;0;0@[   14.962339] firmadyne: sys_socket[PID: 114 (klogd)]: family:1, type:1, protocol:0
[   14.964251] firmadyne: sys_socket[PID: 114 (klogd)]: family:1, type:2, protocol:0
"
sem_get: Key: 410f00aa
sem_get: Key: 410f00aa
nvram_set: usb_info_dev4 = "A200396E0402FF83@1@14.4G@U@1@USB_Storage;U:;0;0@"
sem_get: Key: 410f00aa
sem_get: Key: 410f00aa
nvram_set[   14.996429] firmadyne: sys_socket[PID: 114 (klogd)]: family:1, type:1, protocol:0
[   14.997888] firmadyne: sys_socket[PID: 114 (klogd)]: family:1, type:2, protocol:0
: usb_info_dev5 = "A200396E0402FF83@1@14.4G@U@1@USB_Storage;U:;0;0@"
sem_get: Key: 410f00aa[   15.005302] firmadyne: sys_socket[PID: 114 (klogd)]: family:1, type:1, protocol:0
[   15.006757] firmadyne: sys_socket[PID: 114 (klogd)]: family:1, type:2, protocol:0

sem_get: Key: 410f00aa
[   15.014170] firmadyne: sys_socket[PID: 114 (klogd)]: family:1, type:1, protocol:0
[   15.015962] firmadyne: sys_socket[PID: 114 (klogd)]: family:1, type:2, protocol:0
nvram_set: usb_info_dev6 = "A200396E0402FF83@1@14.4G@U@1@USB_Storage;U:;0;0@"
sem_get: Key: 410f00aa[   15.026138] firmadyne: sys_socket[PID: 114 (klogd)]: family:1, type:1, protocol:0
[   15.027614] firmadyne: sys_socket[PID: 114 (klogd)]: family:1, type:2, protocol:0
[   15.031065] firmadyne: sys_socket[PID: 114 (klogd)]: family:1, type:1, protocol:0
[   15.032757] firmadyne: sys_socket[PID: 114 (klogd)]: family:1, type:2, protocol:0
[   15.035608] firmadyne: sys_socket[PID: 114 (klogd)]: family:1, type:1, protocol:0

sem_get: Key: 410f00aa
nvram_set: usb_info_dev7 = "[   15.044462] firmadyne: sys_socket[PID: 114 (klogd)]: family:1, type:2, protocol:0
[   15.047319] firmadyne: sys_socket[PID: 114 (klogd)]: family:1, type:1, protocol:0
A200396E0402FF83@1@14.4G@U@1@USB_Storage;U:;0;0@"
sem_get: Key: 410f00aa
sem_get: Key: 410f00aa
[   15.056482] firmadyne: sys_socket[PID: 114 (klogd)]: family:1, type:2, protocol:0
[   15.059375] firmadyne: sys_socket[PID: 114 (klogd)]: family:1, type:1, protocol:0
nvram_set: usb_info_dev8 = "A200396E0402FF83@1@14.4G@U@1@USB_Storage;U:;0;0@[   15.066017] firmadyne: sys_socket[PID: 114 (klogd)]: family:1, type:2, protocol:0
[   15.069190] firmadyne: sys_socket[PID: 114 (klogd)]: family:1, type:1, protocol:0
[   15.070594] firmadyne: sys_socket[PID: 114 (klogd)]: family:1, type:2, protocol:0
"
sem_get: Key: 410f00aa
sem_get: Key: 410f00aa
nvram_set[   15.082054] firmadyne: sys_socket[PID: 114 (klogd)]: family:1, type:1, protocol:0
[   15.083472] firmadyne: sys_socket[PID: 114 (klogd)]: family:1, type:2, protocol:0
: usb_info_dev9 = "A200396E0402FF83@1@14.4G@U@1@USB_Storage;U:;0;0@"
sem_get: Key: 410f00aa
sem_get: Key: [   15.093910] firmadyne: sys_socket[PID: 114 (klogd)]: family:1, type:1, protocol:0
[   15.095321] firmadyne: sys_socket[PID: 114 (klogd)]: family:1, type:2, protocol:0
[   15.098633] firmadyne: sys_socket[PID: 114 (klogd)]: family:1, type:1, protocol:0
410f00aa
nvram_set: usb_info_dev10[   15.104342] firmadyne: sys_socket[PID: 114 (klogd)]: family:1, type:2, protocol:0
[   15.107235] firmadyne: sys_socket[PID: 114 (klogd)]: family:1, type:1, protocol:0
 = "A200396E0402FF83@1@14.4G@U@1@USB_Storage;U:;0;0@"
sem_get: Key: 410f00aa
[   15.112798] firmadyne: sys_socket[PID: 114 (klogd)]: family:1, type:2, protocol:0
sem_get: Key: 410f00aa
[   15.120063] firmadyne: sys_socket[PID: 114 (klogd)]: family:1, type:1, protocol:0
[   15.121519] firmadyne: sys_socket[PID: 114 (klogd)]: family:1, type:2, protocol:0
nvram_set: usb_info_dev11 = "A200396E0402FF83@1@14.4G@U@1@USB_Storage;U:;0;0@"
[   15.128708] firmadyne: sys_socket[PID: 114 (klogd)]: family:1, type:1, protocol:0
[   15.130197] firmadyne: sys_socket[PID: 114 (klogd)]: family:1, type:2, protocol:0
sem_get: Key: 410f00aa
sem_get: Key: [   15.137893] firmadyne: sys_socket[PID: 114 (klogd)]: family:1, type:1, protocol:0
[   15.139322] firmadyne: sys_socket[PID: 114 (klogd)]: family:1, type:2, protocol:0
410f00aa
nvram_set: usb_info_dev12 = "A200396E0402FF83@1@14.4G@U@1@USB_Storage;U:;0;0@"
sem_get: Key: 410f00aa
[   15.150171] firmadyne: sys_socket[PID: 114 (klogd)]: family:1, type:1, protocol:0
[   15.151602] firmadyne: sys_socket[PID: 114 (klogd)]: family:1, type:2, protocol:0
sem_get: Key: 410f00aa
nvram_set: usb_info_dev13 = "A200396E0402FF83@1@14.4G@U@1@USB_Storage;U:;0;0@[   15.162244] firmadyne: sys_socket[PID: 114 (klogd)]: family:1, type:1, protocol:0
[   15.163687] firmadyne: sys_socket[PID: 114 (klogd)]: family:1, type:2, protocol:0
[   15.166951] firmadyne: sys_socket[PID: 114 (klogd)]: family:1, type:1, protocol:0
[   15.168585] firmadyne: sys_socket[PID: 114 (klogd)]: family:1, type:2, protocol:0
[   15.171446] firmadyne: sys_socket[PID: 114 (klogd)]: family:1, type:1, protocol:0
"
sem_get: Key: 410f00aa
sem_get: Key: 410f00aa
[   15.180468] firmadyne: sys_socket[PID: 114 (klogd)]: family:1, type:2, protocol:0
[   15.183366] firmadyne: sys_socket[PID: 114 (klogd)]: family:1, type:1, protocol:0
nvram_set: usb_info_dev14 = "A200396E0402FF83@1@14.4G@U@1@USB_Storage;U:;0;0@"
sem_get: Key: 410f00aa
sem_get[   15.192668] firmadyne: sys_socket[PID: 114 (klogd)]: family:1, type:2, protocol:0
[   15.195563] firmadyne: sys_socket[PID: 114 (klogd)]: family:1, type:1, protocol:0
: Key: 410f00aa
nvram_set: usb_info_dev15 = "A200396E0402FF83@1@14.4G@U@1@USB_Storage;U:;0;0@"
sem_get: Key: 410f00aa[   15.204738] firmadyne: sys_socket[PID: 114 (klogd)]: family:1, type:2, protocol:0
[   15.207701] firmadyne: sys_socket[PID: 114 (klogd)]: family:1, type:1, protocol:0
[   15.209560] firmadyne: sys_socket[PID: 114 (klogd)]: family:1, type:2, protocol:0
[   15.212679] firmadyne: sys_socket[PID: 114 (klogd)]: family:1, type:1, protocol:0
[   15.214083] firmadyne: sys_socket[PID: 114 (klogd)]: family:1, type:2, protocol:0

sem_get: Key: 410f00aa
nvram_set: usb_info_dev16 = "A200396E0402FF83@1@14.4G@U@1@USB_Storage;U:;0;0@"
[   15.225481] firmadyne: sys_socket[PID: 114 (klogd)]: family:1, type:1, protocol:0
[   15.226924] firmadyne: sys_socket[PID: 114 (klogd)]: family:1, type:2, protocol:0
sem_get: Key: 410f00aa
sem_get[   15.234357] firmadyne: sys_socket[PID: 114 (klogd)]: family:1, type:1, protocol:0
: Key: 410f00aa
nvram_set: usb_info_dev17[   15.240409] firmadyne: sys_socket[PID: 114 (klogd)]: family:1, type:2, protocol:0
[   15.243295] firmadyne: sys_socket[PID: 114 (klogd)]: family:1, type:1, protocol:0
 = "A200396E0402FF83@1@14.4G@U@1@USB_Storage;U:;0;0@"
sem_get: Key: 410f00aa[   15.248491] firmadyne: sys_socket[PID: 114 (klogd)]: family:1, type:2, protocol:0
[   15.251370] firmadyne: sys_socket[PID: 114 (klogd)]: family:1, type:1, protocol:0

sem_get: Key: 410f00aa[   15.256686] firmadyne: sys_socket[PID: 114 (klogd)]: family:1, type:2, protocol:0
[   15.259624] firmadyne: sys_socket[PID: 114 (klogd)]: family:1, type:1, protocol:0

nvram_set: usb_info_dev18 = "A200396E0402FF83@1@14.4G@U@1@USB_Storage;U:;0;0@"
sem_get: Key: 410f00aa
sem_get: Key: 410f00aa[   15.272715] firmadyne: sys_socket[PID: 114 (klogd)]: family:1, type:2, protocol:0
[   15.275826] firmadyne: sys_socket[PID: 114 (klogd)]: family:1, type:1, protocol:0
[   15.277664] firmadyne: sys_socket[PID: 114 (klogd)]: family:1, type:2, protocol:0
[   15.280796] firmadyne: sys_socket[PID: 114 (klogd)]: family:1, type:1, protocol:0
[   15.282202] firmadyne: sys_socket[PID: 114 (klogd)]: family:1, type:2, protocol:0

nvram_set: usb_info_dev19 = "A200396E0402FF83@1@14.4G@U@1@USB_Storage;U:;0;0@"
sem_get: Key: 410f00aa
[   15.293521] firmadyne: sys_socket[PID: 114 (klogd)]: family:1, type:1, protocol:0
[   15.294959] firmadyne: sys_socket[PID: 114 (klogd)]: family:1, type:2, protocol:0
sem_get: Key: 410f00aa
[   15.301999] firmadyne: sys_socket[PID: 114 (klogd)]: family:1, type:1, protocol:0
[   15.303409] firmadyne: sys_socket[PID: 114 (klogd)]: family:1, type:2, protocol:0
nvram_set: usb_info_dev20 = "A200396E0402FF83@1@14.4G@U@1@USB_Storage;U:;0;0@"
sem_get: Key: 410f00aa
sem_get: Key: [   15.314184] firmadyne: sys_socket[PID: 114 (klogd)]: family:1, type:1, protocol:0
[   15.315622] firmadyne: sys_socket[PID: 114 (klogd)]: family:1, type:2, protocol:0
410f00aa
nvram_set: usb_info_dev21 = "A200396E0402FF83@1@14.4G@U@1@USB_Storage;U:;0;0@"
sem_get: Key: 410f00aa
[   15.326319] firmadyne: sys_socket[PID: 114 (klogd)]: family:1, type:1, protocol:0
[   15.327973] firmadyne: sys_socket[PID: 114 (klogd)]: family:1, type:2, protocol:0
[   15.331027] firmadyne: sys_socket[PID: 114 (klogd)]: family:1, type:1, protocol:0
[   15.332675] firmadyne: sys_socket[PID: 114 (klogd)]: family:1, type:2, protocol:0
[   15.335526] firmadyne: sys_socket[PID: 114 (klogd)]: family:1, type:1, protocol:0
sem_get: Key: 410f00aa
nvram_set: usb_info_dev22 = "A200396E0402FF83@1@14.4G@U@1@USB_Storage;U:;0;0@[   15.344764] firmadyne: sys_socket[PID: 114 (klogd)]: family:1, type:2, protocol:0
[   15.347689] firmadyne: sys_socket[PID: 114 (klogd)]: family:1, type:1, protocol:0
"
sem_get: Key: 410f00aa
sem_get: Key: 410f00aa
[   15.356467] firmadyne: sys_socket[PID: 114 (klogd)]: family:1, type:2, protocol:0
[   15.359399] firmadyne: sys_socket[PID: 114 (klogd)]: family:1, type:1, protocol:0
nvram_set: usb_info_dev23 = "A200396E0402FF83@1@14.4G@U@1@USB_Storage;U:;0;0@"
sem_get: Key: 410f00aa
sem_get[   15.368853] firmadyne: sys_socket[PID: 114 (klogd)]: family:1, type:2, protocol:0
[   15.372077] firmadyne: sys_socket[PID: 114 (klogd)]: family:1, type:1, protocol:0
[   15.373516] firmadyne: sys_socket[PID: 114 (klogd)]: family:1, type:2, protocol:0
: Key: 410f00aa
nvram_set: usb_info_dev24[   15.380918] firmadyne: sys_socket[PID: 114 (klogd)]: family:1, type:1, protocol:0
[   15.382369] firmadyne: sys_socket[PID: 114 (klogd)]: family:1, type:2, protocol:0
 = "A200396E0402FF83@1@14.4G@U@1@USB_Storage;U:;0;0@"
sem_get: Key: 410f00aa
[   15.389886] firmadyne: sys_socket[PID: 114 (klogd)]: family:1, type:1, protocol:0
[   15.391308] firmadyne: sys_socket[PID: 114 (klogd)]: family:1, type:2, protocol:0
sem_get: Key: 410f00aa
[   15.397969] firmadyne: sys_socket[PID: 114 (klogd)]: family:1, type:1, protocol:0
[   15.399380] firmadyne: sys_socket[PID: 114 (klogd)]: family:1, type:2, protocol:0
nvram_set: usb_info_dev25 = "A200396E0402FF83@1@14.4G@U@1@USB_Storage;U:;0;0@[   15.406530] firmadyne: sys_socket[PID: 114 (klogd)]: family:1, type:1, protocol:0
"
sem_get: Key: 410f00aa
[   15.413035] firmadyne: sys_socket[PID: 114 (klogd)]: family:1, type:2, protocol:0
sem_get: Key: 410f00aa
nvram_set: [   15.420560] firmadyne: sys_socket[PID: 114 (klogd)]: family:1, type:1, protocol:0
[   15.422016] firmadyne: sys_socket[PID: 114 (klogd)]: family:1, type:2, protocol:0
usb_info_dev26 = "A200396E0402FF83@1@14.4G@U@1@USB_Storage;U:;0;0@"
sem_get: Key: 410f00aa[   15.430698] firmadyne: sys_socket[PID: 114 (klogd)]: family:1, type:1, protocol:0
[   15.432396] firmadyne: sys_socket[PID: 114 (klogd)]: family:1, type:2, protocol:0
[   15.435283] firmadyne: sys_socket[PID: 114 (klogd)]: family:1, type:1, protocol:0

sem_get: Key: 410f00aa
nvram_set: usb_info_dev27 = "[   15.444445] firmadyne: sys_socket[PID: 114 (klogd)]: family:1, type:2, protocol:0
[   15.447339] firmadyne: sys_socket[PID: 114 (klogd)]: family:1, type:1, protocol:0
A200396E0402FF83@1@14.4G@U@1@USB_Storage;U:;0;0@"
sem_get: Key: 410f00aa
sem_get: Key: 410f00aa
[   15.456469] firmadyne: sys_socket[PID: 114 (klogd)]: family:1, type:2, protocol:0
[   15.459367] firmadyne: sys_socket[PID: 114 (klogd)]: family:1, type:1, protocol:0
[   15.461272] firmadyne: sys_socket[PID: 114 (klogd)]: family:1, type:2, protocol:0
nvram_set: usb_info_dev28 = "A200396E0402FF83@1@14.4G@U@1@USB_Storage;U:;0;0@[   15.468873] firmadyne: sys_socket[PID: 114 (klogd)]: family:1, type:1, protocol:0
[   15.470344] firmadyne: sys_socket[PID: 114 (klogd)]: family:1, type:2, protocol:0
"
sem_get: Key: 410f00aa
sem_get: Key: 410f00aa
nvram_set: usb_info_dev29 = "A200396E0402FF83@1@14.4G@U@1@USB_Storage;U:;0;0@"
sem_get: Key: 410f00aa
sem_get: Key: 410f00aa
nvram_set[   15.504511] firmadyne: sys_socket[PID: 114 (klogd)]: family:1, type:1, protocol:0
[   15.505977] firmadyne: sys_socket[PID: 114 (klogd)]: family:1, type:2, protocol:0
: usb_info_dev30 = "A200396E0402FF83@1@14.4G@U@1@USB_Storage;U:;0;0@"
sem_get: Key: 410f00aa[   15.513391] firmadyne: sys_socket[PID: 114 (klogd)]: family:1, type:1, protocol:0
[   15.514848] firmadyne: sys_socket[PID: 114 (klogd)]: family:1, type:2, protocol:0

sem_get: Key: 410f00aa
[   15.522088] firmadyne: sys_socket[PID: 114 (klogd)]: family:1, type:1, protocol:0
[   15.523498] firmadyne: sys_socket[PID: 114 (klogd)]: family:1, type:2, protocol:0
nvram_set: usb_info_dev31 = "A200396E0402FF83@1@14.4G@U@1@USB_Storage;U:;0;0@"
sem_get: Key: 410f00aa
[   15.533949] firmadyne: sys_socket[PID: 114 (klogd)]: family:1, type:1, protocol:0
[   15.535363] firmadyne: sys_socket[PID: 114 (klogd)]: family:1, type:2, protocol:0
[   15.538741] firmadyne: sys_socket[PID: 114 (klogd)]: family:1, type:1, protocol:0
sem_get: Key: 410f00aa
[   15.544484] firmadyne: sys_socket[PID: 114 (klogd)]: family:1, type:2, protocol:0
[   15.547379] firmadyne: sys_socket[PID: 114 (klogd)]: family:1, type:1, protocol:0
nvram_set: usb_info_dev32 = "A200396E0402FF83@1@14.4G@U@1@USB_Storage;U:;0;0@"
sem_get: Key: 410f00aa
sem_get[   15.556770] firmadyne: sys_socket[PID: 114 (klogd)]: family:1, type:2, protocol:0
[   15.559944] firmadyne: sys_socket[PID: 114 (klogd)]: family:1, type:1, protocol:0
: Key: 410f00aa
nvram_set: usb_info_dev33 = "A200396E0402FF83@1@14.4G@U@1@USB_Storage;U:;0;0@"
sem_get: Key: [   15.568488] firmadyne: sys_socket[PID: 114 (klogd)]: family:1, type:2, protocol:0
[   15.571387] firmadyne: sys_socket[PID: 114 (klogd)]: family:1, type:1, protocol:0
[   15.573297] firmadyne: sys_socket[PID: 114 (klogd)]: family:1, type:2, protocol:0
410f00aa
sem_get: Key: 410f00aa
[   15.580720] firmadyne: sys_socket[PID: 114 (klogd)]: family:1, type:1, protocol:0
[   15.582180] firmadyne: sys_socket[PID: 114 (klogd)]: family:1, type:2, protocol:0
nvram_set: usb_info_dev34 = "A200396E0402FF83@1@14.4G@U@1@USB_Storage;U:;0;0@[   15.589710] firmadyne: sys_socket[PID: 114 (klogd)]: family:1, type:1, protocol:0
[   15.591145] firmadyne: sys_socket[PID: 114 (klogd)]: family:1, type:2, protocol:0
"
sem_get: Key: 410f00aa
[   15.598085] firmadyne: sys_socket[PID: 114 (klogd)]: family:1, type:1, protocol:0
[   15.599499] firmadyne: sys_socket[PID: 114 (klogd)]: family:1, type:2, protocol:0
sem_get: Key: 410f00aa
nvram_set: usb_info_dev35 = "A200396E0402FF83@1@14.4G@U@1@USB_Storage;U:;0;0@"
[   15.609932] firmadyne: sys_socket[PID: 114 (klogd)]: family:1, type:1, protocol:0
[   15.611343] firmadyne: sys_socket[PID: 114 (klogd)]: family:1, type:2, protocol:0
sem_get: Key: 410f00aa
[   15.618065] firmadyne: sys_socket[PID: 114 (klogd)]: family:1, type:1, protocol:0
[   15.619476] firmadyne: sys_socket[PID: 114 (klogd)]: family:1, type:2, protocol:0
sem_get: Key: 410f00aa
nvram_set: usb_info_dev36 = "A200396E0402FF83@1@14.4G@U@1@USB_Storage;U:;0;0@"
sem_get[   15.630185] firmadyne: sys_socket[PID: 114 (klogd)]: family:1, type:1, protocol:0
[   15.631626] firmadyne: sys_socket[PID: 114 (klogd)]: family:1, type:2, protocol:0
[   15.634936] firmadyne: sys_socket[PID: 114 (klogd)]: family:1, type:1, protocol:0
[   15.636624] firmadyne: sys_socket[PID: 114 (klogd)]: family:1, type:2, protocol:0
[   15.639468] firmadyne: sys_socket[PID: 114 (klogd)]: family:1, type:1, protocol:0
: Key: 410f00aa
sem_get: Key: 410f00aa
nvram_set: usb_info_dev37 = "A200396E0402FF83@1@14.4G@U@1@USB_Storage;U:;0;0@"
sem_get[   15.652493] firmadyne: sys_socket[PID: 114 (klogd)]: family:1, type:2, protocol:0
[   15.655392] firmadyne: sys_socket[PID: 114 (klogd)]: family:1, type:1, protocol:0
: Key: 410f00aa
sem_get[   15.660796] firmadyne: sys_socket[PID: 114 (klogd)]: family:1, type:2, protocol:0
[   15.663739] firmadyne: sys_socket[PID: 114 (klogd)]: family:1, type:1, protocol:0
: Key: 410f00aa
nvram_set: usb_info_dev38 = "A200396E0402FF83@1@14.4G@U@1@USB_Storage;U:;0;0@"
[   15.672710] firmadyne: sys_socket[PID: 114 (klogd)]: family:1, type:2, protocol:0
[   15.675767] firmadyne: sys_socket[PID: 114 (klogd)]: family:1, type:1, protocol:0
sem_get: Key: 410f00aa
sem_get: Key: 410f00aa
[   15.684474] firmadyne: sys_socket[PID: 114 (klogd)]: family:1, type:2, protocol:0
[   15.687453] firmadyne: sys_socket[PID: 114 (klogd)]: family:1, type:1, protocol:0
nvram_set: usb_info_dev39 = "A200396E0402FF83@1@14.4G@U@1@USB_Storage;U:;0;0@"
sem_get: Key: 410f00aa
sem_get: Key: [   15.696872] firmadyne: sys_socket[PID: 114 (klogd)]: family:1, type:2, protocol:0
[   15.700111] firmadyne: sys_socket[PID: 114 (klogd)]: family:1, type:1, protocol:0
[   15.701532] firmadyne: sys_socket[PID: 114 (klogd)]: family:1, type:2, protocol:0
410f00aa
nvram_set: usb_info_dev40 = "[   15.708824] firmadyne: sys_socket[PID: 114 (klogd)]: family:1, type:1, protocol:0
[   15.710280] firmadyne: sys_socket[PID: 114 (klogd)]: family:1, type:2, protocol:0
A200396E0402FF83@1@14.4G@U@1@USB_Storage;U:;0;0@"
sem_get: Key: 410f00aa
[   15.717463] firmadyne: sys_socket[PID: 114 (klogd)]: family:1, type:1, protocol:0
[   15.718902] firmadyne: sys_socket[PID: 114 (klogd)]: family:1, type:2, protocol:0
sem_get: Key: 410f00aa
[   15.725907] firmadyne: sys_socket[PID: 114 (klogd)]: family:1, type:1, protocol:0
[   15.727295] firmadyne: sys_socket[PID: 114 (klogd)]: family:1, type:2, protocol:0
nvram_set: usb_info_dev41 = "A200396E0402FF83@1@14.4G@U@1@USB_Storage;U:;0;0@"
[   15.734356] firmadyne: sys_socket[PID: 114 (klogd)]: family:1, type:1, protocol:0
sem_get: Key: 410f00aa
sem_get[   15.740321] firmadyne: sys_socket[PID: 114 (klogd)]: family:1, type:2, protocol:0
[   15.743324] firmadyne: sys_socket[PID: 114 (klogd)]: family:1, type:1, protocol:0
: Key: 410f00aa
nvram_set[   15.748789] firmadyne: sys_socket[PID: 114 (klogd)]: family:1, type:2, protocol:0
[   15.751957] firmadyne: sys_socket[PID: 114 (klogd)]: family:1, type:1, protocol:0
: usb_info_dev42 = "A200396E0402FF83@1@14.4G@U@1@USB_Storage;U:;0;0@"
sem_get: Key: 410f00aa
sem_get: Key: [   15.760469] firmadyne: sys_socket[PID: 114 (klogd)]: family:1, type:2, protocol:0
[   15.763372] firmadyne: sys_socket[PID: 114 (klogd)]: family:1, type:1, protocol:0
410f00aa
nvram_set: [   15.768734] firmadyne: sys_socket[PID: 114 (klogd)]: family:1, type:2, protocol:0
[   15.771665] firmadyne: sys_socket[PID: 114 (klogd)]: family:1, type:1, protocol:0
usb_info_dev43 = "A200396E0402FF83@1@14.4G@U@1@USB_Storage;U:;0;0@"
sem_get: Key: 410f00aa
sem_get: Key: 410f00aa[   15.780568] firmadyne: sys_socket[PID: 114 (klogd)]: family:1, type:2, protocol:0
[   15.783472] firmadyne: sys_socket[PID: 114 (klogd)]: family:1, type:1, protocol:0

nvram_set: usb_info_dev44 = "A200396E0402FF83@1@14.4G@U@1@USB_Storage;U:;0;0@"
sem_get: Key: 410f00aa
[   15.792475] firmadyne: sys_socket[PID: 114 (klogd)]: family:1, type:2, protocol:0
[   15.795363] firmadyne: sys_socket[PID: 114 (klogd)]: family:1, type:1, protocol:0
[   15.797277] firmadyne: sys_socket[PID: 114 (klogd)]: family:1, type:2, protocol:0
sem_get: Key: 410f00aa
[   15.804510] firmadyne: sys_socket[PID: 114 (klogd)]: family:1, type:1, protocol:0
[   15.805972] firmadyne: sys_socket[PID: 114 (klogd)]: family:1, type:2, protocol:0
nvram_set: usb_info_dev45 = "A200396E0402FF83@1@14.4G@U@1@USB_Storage;U:;0;0@"
[   15.813040] firmadyne: sys_socket[PID: 114 (klogd)]: family:1, type:1, protocol:0
[   15.814496] firmadyne: sys_socket[PID: 114 (klogd)]: family:1, type:2, protocol:0
sem_get: Key: 410f00aa
sem_get[   15.822068] firmadyne: sys_socket[PID: 114 (klogd)]: family:1, type:1, protocol:0
[   15.823477] firmadyne: sys_socket[PID: 114 (klogd)]: family:1, type:2, protocol:0
: Key: 410f00aa
nvram_set: usb_info_dev46 = "A200396E0402FF83@1@14.4G@U@1@USB_Storage;U:;0;0@"
sem_get: Key: [   15.833941] firmadyne: sys_socket[PID: 114 (klogd)]: family:1, type:1, protocol:0
[   15.835359] firmadyne: sys_socket[PID: 114 (klogd)]: family:1, type:2, protocol:0
410f00aa
sem_get: Key: [   15.842212] firmadyne: sys_socket[PID: 114 (klogd)]: family:1, type:1, protocol:0
[   15.843659] firmadyne: sys_socket[PID: 114 (klogd)]: family:1, type:2, protocol:0
410f00aa
nvram_set: usb_info_dev47 = "A200396E0402FF83@1@14.4G@U@1@USB_Storage;U:;0;0@"
sem_get: Key: 410f00aa[   15.854052] firmadyne: sys_socket[PID: 114 (klogd)]: family:1, type:1, protocol:0
[   15.855467] firmadyne: sys_socket[PID: 114 (klogd)]: family:1, type:2, protocol:0
[   15.858839] firmadyne: sys_socket[PID: 114 (klogd)]: family:1, type:1, protocol:0
[   15.860471] firmadyne: sys_socket[PID: 114 (klogd)]: family:1, type:2, protocol:0
[   15.863322] firmadyne: sys_socket[PID: 114 (klogd)]: family:1, type:1, protocol:0

sem_get: Key: 410f00aa
nvram_set: usb_info_dev48 = "A200396E0402FF83@1@14.4G@U@1@USB_Storage;U:;0;0@"
sem_get: Key: 410f00aa
[   15.876588] firmadyne: sys_socket[PID: 114 (klogd)]: family:1, type:2, protocol:0
[   15.879479] firmadyne: sys_socket[PID: 114 (klogd)]: family:1, type:1, protocol:0
sem_get: Key: 410f00aa
nvram_set: usb_info_dev49 = "A200396E0402FF83@1@14.4G@U@1@USB_Storage;U:;0;0@[   15.889015] firmadyne: sys_socket[PID: 114 (klogd)]: family:1, type:2, protocol:0
[   15.892244] firmadyne: sys_socket[PID: 114 (klogd)]: family:1, type:1, protocol:0
[   15.893703] firmadyne: sys_socket[PID: 114 (klogd)]: family:1, type:2, protocol:0
"
sem_get: Key: 410f00aa
[   15.900925] firmadyne: sys_socket[PID: 114 (klogd)]: family:1, type:1, protocol:0
[   15.902376] firmadyne: sys_socket[PID: 114 (klogd)]: family:1, type:2, protocol:0
sem_get: Key: 410f00aa
nvram_set[   15.909642] firmadyne: sys_socket[PID: 114 (klogd)]: family:1, type:1, protocol:0
[   15.911067] firmadyne: sys_socket[PID: 114 (klogd)]: family:1, type:2, protocol:0
: usb_info_dev50 = "A200396E0402FF83@1@14.4G@U@1@USB_Storage;U:;0;0@"
sem_get: Key: [   15.918039] firmadyne: sys_socket[PID: 114 (klogd)]: family:1, type:1, protocol:0
[   15.919483] firmadyne: sys_socket[PID: 114 (klogd)]: family:1, type:2, protocol:0
410f00aa
sem_get: Key: 410f00aa
nvram_set: usb_info_dev51 = "[   15.930337] firmadyne: sys_socket[PID: 114 (klogd)]: family:1, type:1, protocol:0
A200396E0402FF83@1@14.4G@U@1@USB_Storage;U:;0;0@"
sem_get: Key: 410f00aa
[   15.936100] firmadyne: sys_socket[PID: 114 (klogd)]: family:1, type:2, protocol:0
[   15.939123] firmadyne: sys_socket[PID: 114 (klogd)]: family:1, type:1, protocol:0
sem_get: Key: 410f00aa
[   15.944511] firmadyne: sys_socket[PID: 114 (klogd)]: family:1, type:2, protocol:0
nvram_set: usb_info_dev52 = "A200396E0402FF83@1@14.4G@U@1@USB_Storage;U:;0;0@"
sem_get: Key: 410f00aa
sem_get: Key: 410f00aa
nvram_set: usb_info_dev53 = "A200396E0402FF83@1@14.4G@U@1@USB_Storage;U:;0;0@"
[   15.972313] firmadyne: sys_socket[PID: 114 (klogd)]: family:1, type:1, protocol:0
[   15.973769] firmadyne: sys_socket[PID: 114 (klogd)]: family:1, type:2, protocol:0
sem_get: Key: 410f00aa
sem_get: Key: [   15.981452] firmadyne: sys_socket[PID: 114 (klogd)]: family:1, type:1, protocol:0
[   15.982936] firmadyne: sys_socket[PID: 114 (klogd)]: family:1, type:2, protocol:0
410f00aa
nvram_set: usb_info_dev54[   15.990375] firmadyne: sys_socket[PID: 114 (klogd)]: family:1, type:1, protocol:0
 = "A200396E0402FF83@1@14.4G@U@1@USB_Storage;U:;0;0@"
sem_get: Key: 410f00aa
[   15.996066] firmadyne: sys_socket[PID: 114 (klogd)]: family:1, type:2, protocol:0
[   15.998999] firmadyne: sys_socket[PID: 114 (klogd)]: family:1, type:1, protocol:0
sem_get: Key: 410f00aa
[   16.004489] firmadyne: sys_socket[PID: 114 (klogd)]: family:1, type:2, protocol:0
[   16.007385] firmadyne: sys_socket[PID: 114 (klogd)]: family:1, type:1, protocol:0
nvram_set: usb_info_dev55 = "A200396E0402FF83@1@14.4G@U@1@USB_Storage;U:;0;0@[   16.013107] firmadyne: sys_socket[PID: 114 (klogd)]: family:1, type:2, protocol:0
"
sem_get: Key: 410f00aa
[   16.020411] firmadyne: sys_socket[PID: 114 (klogd)]: family:1, type:1, protocol:0
[   16.021934] firmadyne: sys_socket[PID: 114 (klogd)]: family:1, type:2, protocol:0
sem_get: Key: 410f00aa
nvram_set[   16.029675] firmadyne: sys_socket[PID: 114 (klogd)]: family:1, type:1, protocol:0
[   16.031704] firmadyne: sys_socket[PID: 114 (klogd)]: family:1, type:2, protocol:0
: usb_info_dev56 = "A200396E0402FF83@1@14.4G@U@1@USB_Storage;U:;0;0@"
sem_get: Key: 410f00aa
sem_get[   16.042002] firmadyne: sys_socket[PID: 114 (klogd)]: family:1, type:1, protocol:0
[   16.043531] firmadyne: sys_socket[PID: 114 (klogd)]: family:1, type:2, protocol:0
: Key: 410f00aa
nvram_set: usb_info_dev57 = "A200396E0402FF83@1@14.4G@U@1@USB_Storage;U:;0;0@"
sem_get: Key: [   16.054047] firmadyne: sys_socket[PID: 114 (klogd)]: family:1, type:1, protocol:0
[   16.055458] firmadyne: sys_socket[PID: 114 (klogd)]: family:1, type:2, protocol:0
[   16.058821] firmadyne: sys_socket[PID: 114 (klogd)]: family:1, type:1, protocol:0
[   16.060446] firmadyne: sys_socket[PID: 114 (klogd)]: family:1, type:2, protocol:0
[   16.063284] firmadyne: sys_socket[PID: 114 (klogd)]: family:1, type:1, protocol:0
410f00aa
sem_get: Key: 410f00aa
nvram_set: usb_info_dev58 = "A200396E0402FF83@1@14.4G@U@1@USB_Storage;U:;0;0@"
sem_get: Key: 410f00aa[   16.076744] firmadyne: sys_socket[PID: 114 (klogd)]: family:1, type:2, protocol:0
[   16.079680] firmadyne: sys_socket[PID: 114 (klogd)]: family:1, type:1, protocol:0

sem_get: Key: 410f00aa
nvram_set: usb_info_dev59 = "[   16.088731] firmadyne: sys_socket[PID: 114 (klogd)]: family:1, type:2, protocol:0
[   16.091663] firmadyne: sys_socket[PID: 114 (klogd)]: family:1, type:1, protocol:0
[   16.093510] firmadyne: sys_socket[PID: 114 (klogd)]: family:1, type:2, protocol:0
[   16.096639] firmadyne: sys_socket[PID: 114 (klogd)]: family:1, type:1, protocol:0
[   16.098052] firmadyne: sys_socket[PID: 114 (klogd)]: family:1, type:2, protocol:0
A200396E0402FF83@1@14.4G@U@1@USB_Storage;U:;0;0@"
sem_get: Key: 410f00aa
sem_get: Key: 410f00aa
[   16.109039] firmadyne: sys_socket[PID: 114 (klogd)]: family:1, type:1, protocol:0
[   16.110496] firmadyne: sys_socket[PID: 114 (klogd)]: family:1, type:2, protocol:0
nvram_set: usb_info_dev60 = "A200396E0402FF83@1@14.4G@U@1@USB_Storage;U:;0;0@"
sem_get[   16.117805] firmadyne: sys_socket[PID: 114 (klogd)]: family:1, type:1, protocol:0
[   16.119227] firmadyne: sys_socket[PID: 114 (klogd)]: family:1, type:2, protocol:0
: Key: 410f00aa
sem_get[   16.126136] firmadyne: sys_socket[PID: 114 (klogd)]: family:1, type:1, protocol:0
[   16.127572] firmadyne: sys_socket[PID: 114 (klogd)]: family:1, type:2, protocol:0
: Key: 410f00aa
nvram_set: usb_info_dev61 = "A200396E0402FF83@1@14.4G@U@1@USB_Storage;U:;0;0@"
sem_get: Key: 410f00aa[   16.138282] firmadyne: sys_socket[PID: 114 (klogd)]: family:1, type:1, protocol:0
[   16.139969] firmadyne: sys_socket[PID: 114 (klogd)]: family:1, type:2, protocol:0

sem_get: Key: 410f00aa
nvram_set: usb_info_dev62 = "[   16.150344] firmadyne: sys_socket[PID: 114 (klogd)]: family:1, type:1, protocol:0
[   16.152212] firmadyne: sys_socket[PID: 114 (klogd)]: family:1, type:2, protocol:0
[   16.155071] firmadyne: sys_socket[PID: 114 (klogd)]: family:1, type:1, protocol:0
A200396E0402FF83@1@14.4G@U@1@USB_Storage;U:;0;0@"
sem_get: Key: 410f00aa
[   16.160823] firmadyne: sys_socket[PID: 114 (klogd)]: family:1, type:2, protocol:0
[   16.163958] firmadyne: sys_socket[PID: 114 (klogd)]: family:1, type:1, protocol:0
sem_get: Key: 410f00aa
nvram_set: usb_info_dev63 = "A200396E0402FF83@1@14.4G@U@1@USB_Storage;U:;0;0@"
[   16.172823] firmadyne: sys_socket[PID: 114 (klogd)]: family:1, type:2, protocol:0
[   16.175960] firmadyne: sys_socket[PID: 114 (klogd)]: family:1, type:1, protocol:0
sem_get: Key: 410f00aa
sem_get: Key: 410f00aa
[   16.184469] firmadyne: sys_socket[PID: 114 (klogd)]: family:1, type:2, protocol:0
[   16.187373] firmadyne: sys_socket[PID: 114 (klogd)]: family:1, type:1, protocol:0
[   16.189285] firmadyne: sys_socket[PID: 114 (klogd)]: family:1, type:2, protocol:0
nvram_set: usb_info_dev64 = "A200396E0402FF83@1@14.4G@U@1@USB_Storage;U:;0;0@"
sem_get: Key: [   16.196545] firmadyne: sys_socket[PID: 114 (klogd)]: family:1, type:1, protocol:0
[   16.198052] firmadyne: sys_socket[PID: 114 (klogd)]: family:1, type:2, protocol:0
410f00aa
sem_get: Key: 410f00aa
[   16.205653] firmadyne: sys_socket[PID: 114 (klogd)]: family:1, type:1, protocol:0
[   16.207107] firmadyne: sys_socket[PID: 114 (klogd)]: family:1, type:2, protocol:0
nvram_set: usb_info_dev65 = "[   16.213955] firmadyne: sys_socket[PID: 114 (klogd)]: family:1, type:1, protocol:0
[   16.215369] firmadyne: sys_socket[PID: 114 (klogd)]: family:1, type:2, protocol:0
A200396E0402FF83@1@14.4G@U@1@USB_Storage;U:;0;0@"
sem_get: Key: 410f00aa
[   16.222020] firmadyne: sys_socket[PID: 114 (klogd)]: family:1, type:1, protocol:0
[   16.223433] firmadyne: sys_socket[PID: 114 (klogd)]: family:1, type:2, protocol:0
sem_get: Key: 410f00aa
nvram_set: usb_info_dev66 = "A200396E0402FF83@1@14.4G@U@1@USB_Storage;U:;0;0@[   16.234321] firmadyne: sys_socket[PID: 114 (klogd)]: family:1, type:1, protocol:0
"
sem_get: Key: 410f00aa
[   16.240067] firmadyne: sys_socket[PID: 114 (klogd)]: family:1, type:2, protocol:0
[   16.243008] firmadyne: sys_socket[PID: 114 (klogd)]: family:1, type:1, protocol:0
sem_get: Key: 410f00aa
nvram_set[   16.248775] firmadyne: sys_socket[PID: 114 (klogd)]: family:1, type:2, protocol:0
[   16.251698] firmadyne: sys_socket[PID: 114 (klogd)]: family:1, type:1, protocol:0
: usb_info_dev67 = "A200396E0402FF83@1@14.4G@U@1@USB_Storage;U:;0;0@"
sem_get: Key: 410f00aa
sem_get: Key: 410f00aa[   16.260893] firmadyne: sys_socket[PID: 114 (klogd)]: family:1, type:2, protocol:0
[   16.265183] firmadyne: sys_socket[PID: 114 (klogd)]: family:1, type:1, protocol:0
[   16.266641] firmadyne: sys_socket[PID: 114 (klogd)]: family:1, type:2, protocol:0
[   16.269763] firmadyne: sys_socket[PID: 114 (klogd)]: family:1, type:1, protocol:0
[   16.271164] firmadyne: sys_socket[PID: 114 (klogd)]: family:1, type:2, protocol:0

nvram_set: usb_info_dev68 = "A200396E0402FF83@1@14.4G@U@1@USB_Storage;U:;0;0@"
sem_get: Key: 410f00aa
[   16.281933] firmadyne: sys_socket[PID: 114 (klogd)]: family:1, type:1, protocol:0
[   16.283345] firmadyne: sys_socket[PID: 114 (klogd)]: family:1, type:2, protocol:0
sem_get: Key: 410f00aa
[   16.289965] firmadyne: sys_socket[PID: 114 (klogd)]: family:1, type:1, protocol:0
[   16.291377] firmadyne: sys_socket[PID: 114 (klogd)]: family:1, type:2, protocol:0
nvram_set: usb_info_dev69 = "A200396E0402FF83@1@14.4G@U@1@USB_Storage;U:;0;0@"
sem_get: Key: 410f00aa
[   16.301937] firmadyne: sys_socket[PID: 114 (klogd)]: family:1, type:1, protocol:0
[   16.303347] firmadyne: sys_socket[PID: 114 (klogd)]: family:1, type:2, protocol:0
sem_get: Key: 410f00aa
[   16.310022] firmadyne: sys_socket[PID: 114 (klogd)]: family:1, type:1, protocol:0
[   16.311480] firmadyne: sys_socket[PID: 114 (klogd)]: family:1, type:2, protocol:0
nvram_set: usb_info_dev70 = "A200396E0402FF83@1@14.4G@U@1@USB_Storage;U:;0;0@"
sem_get: Key: 410f00aa
[   16.322071] firmadyne: sys_socket[PID: 114 (klogd)]: family:1, type:1, protocol:0
[   16.323482] firmadyne: sys_socket[PID: 114 (klogd)]: family:1, type:2, protocol:0
sem_get: Key: 410f00aa
nvram_set: usb_info_dev71 = "A200396E0402FF83@1@14.4G@U@1@USB_Storage;U:;0;0@"
[   16.333930] firmadyne: sys_socket[PID: 114 (klogd)]: family:1, type:1, protocol:0
[   16.335336] firmadyne: sys_socket[PID: 114 (klogd)]: family:1, type:2, protocol:0
[   16.338676] firmadyne: sys_socket[PID: 114 (klogd)]: family:1, type:1, protocol:0
sem_get: Key: 410f00aa
sem_get: Key: [   16.344658] firmadyne: sys_socket[PID: 114 (klogd)]: family:1, type:2, protocol:0
[   16.347574] firmadyne: sys_socket[PID: 114 (klogd)]: family:1, type:1, protocol:0
410f00aa
nvram_set[   16.352582] firmadyne: sys_socket[PID: 114 (klogd)]: family:1, type:2, protocol:0
[   16.355480] firmadyne: sys_socket[PID: 114 (klogd)]: family:1, type:1, protocol:0
: usb_info_dev72 = "A200396E0402FF83@1@14.4G@U@1@USB_Storage;U:;0;0@"
sem_get: Key: 410f00aa
sem_get: Key: 410f00aa[   16.364820] firmadyne: sys_socket[PID: 114 (klogd)]: family:1, type:2, protocol:0
[   16.367955] firmadyne: sys_socket[PID: 114 (klogd)]: family:1, type:1, protocol:0

nvram_set: usb_info_dev73 = "A200396E0402FF83@1@14.4G@U@1@USB_Storage;U:;0;0@"
sem_get: Key: 410f00aa
[   16.376664] firmadyne: sys_socket[PID: 114 (klogd)]: family:1, type:2, protocol:0
[   16.379575] firmadyne: sys_socket[PID: 114 (klogd)]: family:1, type:1, protocol:0
[   16.381414] firmadyne: sys_socket[PID: 114 (klogd)]: family:1, type:2, protocol:0
[   16.384533] firmadyne: sys_socket[PID: 114 (klogd)]: family:1, type:1, protocol:0
[   16.385943] firmadyne: sys_socket[PID: 114 (klogd)]: family:1, type:2, protocol:0
sem_get: Key: 410f00aa
nvram_set: usb_info_dev74 = "A200396E0402FF83@1@14.4G@U@1@USB_Storage;U:;0;0@"
[   16.397117] firmadyne: sys_socket[PID: 114 (klogd)]: family:1, type:1, protocol:0
[   16.398568] firmadyne: sys_socket[PID: 114 (klogd)]: family:1, type:2, protocol:0
sem_get: Key: 410f00aa
sem_get[   16.406055] firmadyne: sys_socket[PID: 114 (klogd)]: family:1, type:1, protocol:0
[   16.407470] firmadyne: sys_socket[PID: 114 (klogd)]: family:1, type:2, protocol:0
: Key: 410f00aa
nvram_set: usb_info_dev75 = "A200396E0402FF83@1@14.4G@U@1@USB_Storage;U:;0;0@"
sem_get: Key: 410f00aa
sem_get: Key: 410f00aa
nvram_set: usb_info_dev76 = "A200396E0402FF83@1@14.4G@U@1@USB_Storage;U:;0;0@"
sem_get: Key: 410f00aa
[   16.440302] firmadyne: sys_socket[PID: 114 (klogd)]: family:1, type:1, protocol:0
[   16.441758] firmadyne: sys_socket[PID: 114 (klogd)]: family:1, type:2, protocol:0
sem_get: Key: 410f00aa
nvram_set[   16.449363] firmadyne: sys_socket[PID: 114 (klogd)]: family:1, type:1, protocol:0
[   16.450821] firmadyne: sys_socket[PID: 114 (klogd)]: family:1, type:2, protocol:0
: usb_info_dev77 = "A200396E0402FF83@1@14.4G@U@1@USB_Storage;U:;0;0@"
sem_get: Key: 410f00aa[   16.458223] firmadyne: sys_socket[PID: 114 (klogd)]: family:1, type:1, protocol:0
[   16.459665] firmadyne: sys_socket[PID: 114 (klogd)]: family:1, type:2, protocol:0

sem_get: Key: [   16.467026] firmadyne: sys_socket[PID: 114 (klogd)]: family:1, type:1, protocol:0
410f00aa
nvram_set: usb_info_dev78[   16.472792] firmadyne: sys_socket[PID: 114 (klogd)]: family:1, type:2, protocol:0
[   16.475853] firmadyne: sys_socket[PID: 114 (klogd)]: family:1, type:1, protocol:0
 = "A200396E0402FF83@1@14.4G@U@1@USB_Storage;U:;0;0@"
sem_get: Key: 410f00aa
sem_get: Key: 410f00aa
[   16.484655] firmadyne: sys_socket[PID: 114 (klogd)]: family:1, type:2, protocol:0
[   16.487590] firmadyne: sys_socket[PID: 114 (klogd)]: family:1, type:1, protocol:0
nvram_set: usb_info_dev79 = "A200396E0402FF83@1@14.4G@U@1@USB_Storage;U:;0;0@"
sem_get: Key: 410f00aa
[   16.496555] firmadyne: sys_socket[PID: 114 (klogd)]: family:1, type:2, protocol:0
[   16.499451] firmadyne: sys_socket[PID: 114 (klogd)]: family:1, type:1, protocol:0
[   16.501366] firmadyne: sys_socket[PID: 114 (klogd)]: family:1, type:2, protocol:0
[   16.504578] firmadyne: sys_socket[PID: 114 (klogd)]: family:1, type:1, protocol:0
[   16.505989] firmadyne: sys_socket[PID: 114 (klogd)]: family:1, type:2, protocol:0
sem_get: Key: 410f00aa
nvram_set: usb_info_dev80 = "A200396E0402FF83@1@14.4G@U@1@USB_Storage;U:;0;0@"
sem_get[   16.517298] firmadyne: sys_socket[PID: 114 (klogd)]: family:1, type:1, protocol:0
[   16.518798] firmadyne: sys_socket[PID: 114 (klogd)]: family:1, type:2, protocol:0
: Key: 410f00aa
sem_get: Key: 410f00aa[   16.526454] firmadyne: sys_socket[PID: 114 (klogd)]: family:1, type:1, protocol:0

nvram_set: usb_info_dev81 = "[   16.532222] firmadyne: sys_socket[PID: 114 (klogd)]: family:1, type:2, protocol:0
[   16.535163] firmadyne: sys_socket[PID: 114 (klogd)]: family:1, type:1, protocol:0
A200396E0402FF83@1@14.4G@U@1@USB_Storage;U:;0;0@"
sem_get: Key: 410f00aa
[   16.540472] firmadyne: sys_socket[PID: 114 (klogd)]: family:1, type:2, protocol:0
[   16.543403] firmadyne: sys_socket[PID: 114 (klogd)]: family:1, type:1, protocol:0
sem_get: Key: 410f00aa
nvram_set: usb_info_dev82 = "A200396E0402FF83@1@14.4G@U@1@USB_Storage;U:;0;0@[   16.552623] firmadyne: sys_socket[PID: 114 (klogd)]: family:1, type:2, protocol:0
[   16.555536] firmadyne: sys_socket[PID: 114 (klogd)]: family:1, type:1, protocol:0
"
sem_get: Key: 410f00aa
sem_get: Key: 410f00aa
[   16.564467] firmadyne: sys_socket[PID: 114 (klogd)]: family:1, type:2, protocol:0
[   16.567366] firmadyne: sys_socket[PID: 114 (klogd)]: family:1, type:1, protocol:0
[   16.569275] firmadyne: sys_socket[PID: 114 (klogd)]: family:1, type:2, protocol:0
nvram_set: usb_info_dev83 = "A200396E0402FF83@1@14.4G@U@1@USB_Storage;U:;0;0@"
sem_get: Key: [   16.576766] firmadyne: sys_socket[PID: 114 (klogd)]: family:1, type:1, protocol:0
[   16.578218] firmadyne: sys_socket[PID: 114 (klogd)]: family:1, type:2, protocol:0
410f00aa
sem_get: Key: 410f00aa
[   16.585868] firmadyne: sys_socket[PID: 114 (klogd)]: family:1, type:1, protocol:0
[   16.587300] firmadyne: sys_socket[PID: 114 (klogd)]: family:1, type:2, protocol:0
nvram_set: usb_info_dev84 = "[   16.594110] firmadyne: sys_socket[PID: 114 (klogd)]: family:1, type:1, protocol:0
[   16.595534] firmadyne: sys_socket[PID: 114 (klogd)]: family:1, type:2, protocol:0
A200396E0402FF83@1@14.4G@U@1@USB_Storage;U:;0;0@"
sem_get: Key: 410f00aa
[   16.602250] firmadyne: sys_socket[PID: 114 (klogd)]: family:1, type:1, protocol:0
[   16.603698] firmadyne: sys_socket[PID: 114 (klogd)]: family:1, type:2, protocol:0
sem_get: Key: 410f00aa
nvram_set: usb_info_dev85 = "A200396E0402FF83@1@14.4G@U@1@USB_Storage;U:;0;0@[   16.614469] firmadyne: sys_socket[PID: 114 (klogd)]: family:1, type:1, protocol:0
[   16.616319] firmadyne: sys_socket[PID: 114 (klogd)]: family:1, type:2, protocol:0
[   16.619168] firmadyne: sys_socket[PID: 114 (klogd)]: family:1, type:1, protocol:0
"
sem_get: Key: 410f00aa
sem_get: Key: 410f00aa
[   16.628467] firmadyne: sys_socket[PID: 114 (klogd)]: family:1, type:2, protocol:0
[   16.631363] firmadyne: sys_socket[PID: 114 (klogd)]: family:1, type:1, protocol:0
nvram_set: usb_info_dev86 = "A200396E0402FF83@1@14.4G@U@1@USB_Storage;U:;0;0@"
[   16.636463] firmadyne: sys_socket[PID: 114 (klogd)]: family:1, type:2, protocol:0
[   16.639407] firmadyne: sys_socket[PID: 114 (klogd)]: family:1, type:1, protocol:0
sem_get: Key: 410f00aa
sem_get: Key: 410f00aa
nvram_set: [   16.648824] firmadyne: sys_socket[PID: 114 (klogd)]: family:1, type:2, protocol:0
[   16.651955] firmadyne: sys_socket[PID: 114 (klogd)]: family:1, type:1, protocol:0
usb_info_dev87 = "A200396E0402FF83@1@14.4G@U@1@USB_Storage;U:;0;0@"
sem_get: Key: 410f00aa
sem_get: Key: [   16.660467] firmadyne: sys_socket[PID: 114 (klogd)]: family:1, type:2, protocol:0
[   16.663364] firmadyne: sys_socket[PID: 114 (klogd)]: family:1, type:1, protocol:0
[   16.666412] firmadyne: sys_socket[PID: 114 (klogd)]: family:1, type:2, protocol:0
[   16.669592] firmadyne: sys_socket[PID: 114 (klogd)]: family:1, type:1, protocol:0
[   16.671009] firmadyne: sys_socket[PID: 114 (klogd)]: family:1, type:2, protocol:0
410f00aa
nvram_set: usb_info_dev88 = "A200396E0402FF83@1@14.4G@U@1@USB_Storage;U:;0;0@"
sem_get: Key: 410f00aa
[   16.682023] firmadyne: sys_socket[PID: 114 (klogd)]: family:1, type:1, protocol:0
[   16.683432] firmadyne: sys_socket[PID: 114 (klogd)]: family:1, type:2, protocol:0
sem_get: Key: 410f00aa
nvram_set: usb_info_dev89 = "A200396E0402FF83@1@14.4G@U@1@USB_Storage;U:;0;0@[   16.694343] firmadyne: sys_socket[PID: 114 (klogd)]: family:1, type:1, protocol:0
[   16.696196] firmadyne: sys_socket[PID: 114 (klogd)]: family:1, type:2, protocol:0
[   16.699048] firmadyne: sys_socket[PID: 114 (klogd)]: family:1, type:1, protocol:0
"
sem_get: Key: 410f00aa
[   16.704544] firmadyne: sys_socket[PID: 114 (klogd)]: family:1, type:2, protocol:0
[   16.707444] firmadyne: sys_socket[PID: 114 (klogd)]: family:1, type:1, protocol:0
sem_get: Key: 410f00aa
nvram_set: usb_info_dev90 = "A200396E0402FF83@1@14.4G@U@1@USB_Storage;U:;0;0@"
[   16.716444] firmadyne: sys_socket[PID: 114 (klogd)]: family:1, type:2, protocol:0
[   16.719336] firmadyne: sys_socket[PID: 114 (klogd)]: family:1, type:1, protocol:0
sem_get: Key: 410f00aa
[   16.724484] firmadyne: sys_socket[PID: 114 (klogd)]: family:1, type:2, protocol:0
[   16.727378] firmadyne: sys_socket[PID: 114 (klogd)]: family:1, type:1, protocol:0
sem_get: Key: 410f00aa
[   16.732488] firmadyne: sys_socket[PID: 114 (klogd)]: family:1, type:2, protocol:0
[   16.735407] firmadyne: sys_socket[PID: 114 (klogd)]: family:1, type:1, protocol:0
nvram_set: usb_info_dev91 = "A200396E0402FF83@1@14.4G@U@1@USB_Storage;U:;0;0@"
sem_get: Key: 410f00aa
sem_get[   16.744705] firmadyne: sys_socket[PID: 114 (klogd)]: family:1, type:2, protocol:0
[   16.747639] firmadyne: sys_socket[PID: 114 (klogd)]: family:1, type:1, protocol:0
: Key: 410f00aa
nvram_set: usb_info_dev92 = "A200396E0402FF83@1@14.4G@U@1@USB_Storage;U:;0;0@"
sem_get: Key: [   16.756444] firmadyne: sys_socket[PID: 114 (klogd)]: family:1, type:2, protocol:0
[   16.759337] firmadyne: sys_socket[PID: 114 (klogd)]: family:1, type:1, protocol:0
[   16.761240] firmadyne: sys_socket[PID: 114 (klogd)]: family:1, type:2, protocol:0
410f00aa
sem_get: Key: 410f00aa
[   16.768596] firmadyne: sys_socket[PID: 114 (klogd)]: family:1, type:1, protocol:0
[   16.770054] firmadyne: sys_socket[PID: 114 (klogd)]: family:1, type:2, protocol:0
nvram_set: usb_info_dev93 = "A200396E0402FF83@1@14.4G@U@1@USB_Storage;U:;0;0@[   16.777523] firmadyne: sys_socket[PID: 114 (klogd)]: family:1, type:1, protocol:0
[   16.778980] firmadyne: sys_socket[PID: 114 (klogd)]: family:1, type:2, protocol:0
"
sem_get: Key: 410f00aa
[   16.786025] firmadyne: sys_socket[PID: 114 (klogd)]: family:1, type:1, protocol:0
[   16.787369] firmadyne: sys_socket[PID: 114 (klogd)]: family:1, type:2, protocol:0
sem_get: Key: 410f00aa
nvram_set: usb_info_dev94 = "A200396E0402FF83@1@14.4G@U@1@USB_Storage;U:;0;0@"
sem_get[   16.798207] firmadyne: sys_socket[PID: 114 (klogd)]: family:1, type:1, protocol:0
[   16.799671] firmadyne: sys_socket[PID: 114 (klogd)]: family:1, type:2, protocol:0
: Key: 410f00aa
sem_get: Key: 410f00aa
nvram_set: [   16.810043] firmadyne: sys_socket[PID: 114 (klogd)]: family:1, type:1, protocol:0
[   16.811455] firmadyne: sys_socket[PID: 114 (klogd)]: family:1, type:2, protocol:0
[   16.814814] firmadyne: sys_socket[PID: 114 (klogd)]: family:1, type:1, protocol:0
[   16.816436] firmadyne: sys_socket[PID: 114 (klogd)]: family:1, type:2, protocol:0
[   16.819272] firmadyne: sys_socket[PID: 114 (klogd)]: family:1, type:1, protocol:0
usb_info_dev95 = "A200396E0402FF83@1@14.4G@U@1@USB_Storage;U:;0;0@"
sem_get: Key: 410f00aa
sem_get: Key: 410f00aa
[   16.828578] firmadyne: sys_socket[PID: 114 (klogd)]: family:1, type:2, protocol:0
[   16.831466] firmadyne: sys_socket[PID: 114 (klogd)]: family:1, type:1, protocol:0
nvram_set: usb_info_dev96 = "A200396E0402FF83@1@14.4G@U@1@USB_Storage;U:;0;0@"
sem_get: Key: 410f00aa
[   16.841501] firmadyne: sys_socket[PID: 114 (klogd)]: family:1, type:2, protocol:0
[   16.844692] firmadyne: sys_socket[PID: 114 (klogd)]: family:1, type:1, protocol:0
[   16.846100] firmadyne: sys_socket[PID: 114 (klogd)]: family:1, type:2, protocol:0
sem_get: Key: 410f00aa
[   16.853263] firmadyne: sys_socket[PID: 114 (klogd)]: family:1, type:1, protocol:0
[   16.854703] firmadyne: sys_socket[PID: 114 (klogd)]: family:1, type:2, protocol:0
[   16.856412] cfg80211: Calling CRDA to update world regulatory domain
nvram_set: usb_info_dev97 = "A200396E0402FF83@1@14.4G@U@1@USB_Storage;U:;0;0@"
sem_get: Key: 410f00aa
[   16.866769] firmadyne: sys_socket[PID: 114 (klogd)]: family:1, type:1, protocol:0
[   16.868438] firmadyne: sys_socket[PID: 114 (klogd)]: family:1, type:2, protocol:0
[   16.871289] firmadyne: sys_socket[PID: 114 (klogd)]: family:1, type:1, protocol:0
sem_get: Key: 410f00aa
nvram_set: usb_info_dev98 = "A200396E0402FF83@1@14.4G@U@1@USB_Storage;U:;0;0@"
[   16.880446] firmadyne: sys_socket[PID: 114 (klogd)]: family:1, type:2, protocol:0
sem_get: Key: 410f00aa
sem_get: Key: 410f00aa
nvram_set: usb_info_dev99 = "A200396E0402FF83@1@14.4G@U@1@USB_Storage;U:;0;0@"
sem_get: Key: 410f00aa
sem_get: Key: [   16.908290] firmadyne: sys_socket[PID: 114 (klogd)]: family:1, type:1, protocol:0
[   16.909750] firmadyne: sys_socket[PID: 114 (klogd)]: family:1, type:2, protocol:0
410f00aa
nvram_set: usb_info_dev100 = "[   16.917159] firmadyne: sys_socket[PID: 114 (klogd)]: family:1, type:1, protocol:0
[   16.918613] firmadyne: sys_socket[PID: 114 (klogd)]: family:1, type:2, protocol:0
A200396E0402FF83@1@14.4G@U@1@USB_Storage;U:;0;0@"
sem_get: Key: 410f00aa
[   16.926003] firmadyne: sys_socket[PID: 114 (klogd)]: family:1, type:1, protocol:0
[   16.927421] firmadyne: sys_socket[PID: 114 (klogd)]: family:1, type:2, protocol:0
sem_get: Key: 410f00aa
nvram_set: wla_ap_isolate_1 = ""
sem_get[   16.938101] firmadyne: sys_socket[PID: 114 (klogd)]: family:1, type:1, protocol:0
[   16.939545] firmadyne: sys_socket[PID: 114 (klogd)]: family:1, type:2, protocol:0
[   16.942834] firmadyne: sys_socket[PID: 114 (klogd)]: family:1, type:1, protocol:0
[   16.944464] firmadyne: sys_socket[PID: 114 (klogd)]: family:1, type:2, protocol:0
[   16.947305] firmadyne: sys_socket[PID: 114 (klogd)]: family:1, type:1, protocol:0
: Key: 410f00aa
sem_get: Key: 410f00aa
nvram_set: wla_ap_isolate_2 = ""
sem_get: Key: 410f00aa
[   16.960490] firmadyne: sys_socket[PID: 114 (klogd)]: family:1, type:2, protocol:0
[   16.963437] firmadyne: sys_socket[PID: 114 (klogd)]: family:1, type:1, protocol:0
sem_get: Key: 410f00aa
nvram_set: wla_ap_isolate_3 = ""
sem_get: Key: 410f00aa[   16.972595] firmadyne: sys_socket[PID: 114 (klogd)]: family:1, type:2, protocol:0
[   16.975569] firmadyne: sys_socket[PID: 114 (klogd)]: family:1, type:1, protocol:0
[   16.977408] firmadyne: sys_socket[PID: 114 (klogd)]: family:1, type:2, protocol:0
[   16.980527] firmadyne: sys_socket[PID: 114 (klogd)]: family:1, type:1, protocol:0
[   16.981937] firmadyne: sys_socket[PID: 114 (klogd)]: family:1, type:2, protocol:0

sem_get: Key: 410f00aa
nvram_set: wla_ap_isolate_4 = ""
sem_get[   16.993089] firmadyne: sys_socket[PID: 114 (klogd)]: family:1, type:1, protocol:0
[   16.994543] firmadyne: sys_socket[PID: 114 (klogd)]: family:1, type:2, protocol:0
: Key: 410f00aa
sem_get: Key: 410f00aa
[   17.002159] firmadyne: sys_socket[PID: 114 (klogd)]: family:1, type:1, protocol:0
[   17.003602] firmadyne: sys_socket[PID: 114 (klogd)]: family:1, type:2, protocol:0
nvram_set: wlg_ap_isolate_1 = ""
sem_get: Key: 410f00aa
[   17.013983] firmadyne: sys_socket[PID: 114 (klogd)]: family:1, type:1, protocol:0
[   17.015397] firmadyne: sys_socket[PID: 114 (klogd)]: family:1, type:2, protocol:0
sem_get: Key: 410f00aa
[   17.021986] firmadyne: sys_socket[PID: 114 (klogd)]: family:1, type:1, protocol:0
[   17.023422] firmadyne: sys_socket[PID: 114 (klogd)]: family:1, type:2, protocol:0
nvram_set: wlg_ap_isolate_2 = ""
sem_get: Key: 410f00aa
sem_get: Key: 410f00aa[   17.034378] firmadyne: sys_socket[PID: 114 (klogd)]: family:1, type:1, protocol:0
[   17.036282] firmadyne: sys_socket[PID: 114 (klogd)]: family:1, type:2, protocol:0
[   17.039214] firmadyne: sys_socket[PID: 114 (klogd)]: family:1, type:1, protocol:0

nvram_set[   17.044889] firmadyne: sys_socket[PID: 114 (klogd)]: family:1, type:2, protocol:0
: wlg_ap_isolate_3 = ""
sem_get: Key: 410f00aa
[   17.052187] firmadyne: sys_socket[PID: 114 (klogd)]: family:1, type:1, protocol:0
[   17.053679] firmadyne: sys_socket[PID: 114 (klogd)]: family:1, type:2, protocol:0
sem_get: Key: 410f00aa
[   17.060928] firmadyne: sys_socket[PID: 114 (klogd)]: family:1, type:1, protocol:0
[   17.062383] firmadyne: sys_socket[PID: 114 (klogd)]: family:1, type:2, protocol:0
nvram_set: wlg_ap_isolate_4 = ""
sem_get: Key: 410f00aa
sem_get: Key: [   17.073726] firmadyne: sys_socket[PID: 114 (klogd)]: family:1, type:1, protocol:0
[   17.075161] firmadyne: sys_socket[PID: 114 (klogd)]: family:1, type:2, protocol:0
410f00aa
nvram_set: [   17.082219] firmadyne: sys_socket[PID: 114 (klogd)]: family:1, type:1, protocol:0
[   17.083662] firmadyne: sys_socket[PID: 114 (klogd)]: family:1, type:2, protocol:0
wlg_allow_access_1 = ""
sem_get: Key: 410f00aa
sem_get: Key: 410f00aa
[   17.093960] firmadyne: sys_socket[PID: 114 (klogd)]: family:1, type:1, protocol:0
[   17.095382] firmadyne: sys_socket[PID: 114 (klogd)]: family:1, type:2, protocol:0
[   17.098732] firmadyne: sys_socket[PID: 114 (klogd)]: family:1, type:1, protocol:0
nvram_set: wlg_allow_access_2 = ""
sem_get[   17.104761] firmadyne: sys_socket[PID: 114 (klogd)]: family:1, type:2, protocol:0
[   17.107680] firmadyne: sys_socket[PID: 114 (klogd)]: family:1, type:1, protocol:0
: Key: 410f00aa
sem_get: Key: 410f00aa
nvram_set: wlg_allow_access_3[   17.116971] firmadyne: sys_socket[PID: 114 (klogd)]: family:1, type:2, protocol:0
[   17.120234] firmadyne: sys_socket[PID: 114 (klogd)]: family:1, type:1, protocol:0
[   17.121650] firmadyne: sys_socket[PID: 114 (klogd)]: family:1, type:2, protocol:0
 = ""
sem_get: Key: 410f00aa
[   17.128834] firmadyne: sys_socket[PID: 114 (klogd)]: family:1, type:1, protocol:0
[   17.130285] firmadyne: sys_socket[PID: 114 (klogd)]: family:1, type:2, protocol:0
sem_get: Key: 410f00aa
nvram_set[   17.137664] firmadyne: sys_socket[PID: 114 (klogd)]: family:1, type:1, protocol:0
[   17.139100] firmadyne: sys_socket[PID: 114 (klogd)]: family:1, type:2, protocol:0
: wlg_allow_access_4 = ""
sem_get: Key: 410f00aa
sem_get: Key: 410f00aa
[   17.149957] firmadyne: sys_socket[PID: 114 (klogd)]: family:1, type:1, protocol:0
[   17.151368] firmadyne: sys_socket[PID: 114 (klogd)]: family:1, type:2, protocol:0
nvram_set: 0:macaddr = "01:23:45:67:89:ab[   17.158241] firmadyne: sys_socket[PID: 114 (klogd)]: family:1, type:1, protocol:0
[   17.159606] firmadyne: sys_socket[PID: 114 (klogd)]: family:1, type:2, protocol:0
"
sem_get: Key: 410f00aa
sem_get: Key: 410f00aa
[   17.169954] firmadyne: sys_socket[PID: 114 (klogd)]: family:1, type:1, protocol:0
[   17.171398] firmadyne: sys_socket[PID: 114 (klogd)]: family:1, type:2, protocol:0
nvram_set: 1:macaddr = "01:23:45:67:89:ab"
sem_get: Key: 410f00aa
sem_get: Key: [   17.182412] firmadyne: sys_socket[PID: 114 (klogd)]: family:1, type:1, protocol:0
[   17.184229] firmadyne: sys_socket[PID: 114 (klogd)]: family:1, type:2, protocol:0
[   17.187079] firmadyne: sys_socket[PID: 114 (klogd)]: family:1, type:1, protocol:0
410f00aa
nvram_set: [   17.192462] firmadyne: sys_socket[PID: 114 (klogd)]: family:1, type:2, protocol:0
[   17.195355] firmadyne: sys_socket[PID: 114 (klogd)]: family:1, type:1, protocol:0
2:macaddr = "01:23:45:67:89:ab"
sem_get: Key: 410f00aa[   17.200752] firmadyne: sys_socket[PID: 114 (klogd)]: family:1, type:2, protocol:0
[   17.203669] firmadyne: sys_socket[PID: 114 (klogd)]: family:1, type:1, protocol:0

sem_get: Key: 410f00aa
nvram_set: lan1_ifnames = "[   17.212464] firmadyne: sys_socket[PID: 114 (klogd)]: family:1, type:2, protocol:0
[   17.215355] firmadyne: sys_socket[PID: 114 (klogd)]: family:1, type:1, protocol:0
"
sem_get: Key: 410f00aa
[   17.220480] firmadyne: sys_socket[PID: 114 (klogd)]: family:1, type:2, protocol:0
[   17.223401] firmadyne: sys_socket[PID: 114 (klogd)]: family:1, type:1, protocol:0
sem_get: Key: 410f00aa
nvram_set: lan2_ifnames = ""
sem_get[   17.232602] firmadyne: sys_socket[PID: 114 (klogd)]: family:1, type:2, protocol:0
[   17.235497] firmadyne: sys_socket[PID: 114 (klogd)]: family:1, type:1, protocol:0
: Key: 410f00aa
sem_get: Key: 410f00aa
nvram_set: lan3_ifnames = "[   17.244868] firmadyne: sys_socket[PID: 114 (klogd)]: family:1, type:2, protocol:0
[   17.248105] firmadyne: sys_socket[PID: 114 (klogd)]: family:1, type:1, protocol:0
[   17.249491] firmadyne: sys_socket[PID: 114 (klogd)]: family:1, type:2, protocol:0
"
sem_get: Key: 410f00aa
sem_get[   17.257043] firmadyne: sys_socket[PID: 114 (klogd)]: family:1, type:1, protocol:0
[   17.258493] firmadyne: sys_socket[PID: 114 (klogd)]: family:1, type:2, protocol:0
: Key: 410f00aa
nvram_set: lan4_ifnames[   17.267176] firmadyne: sys_socket[PID: 114 (klogd)]: family:1, type:1, protocol:0
[   17.268907] firmadyne: sys_socket[PID: 114 (klogd)]: family:1, type:2, protocol:0
 = ""
sem_get: Key: 410f00aa
[   17.276415] firmadyne: sys_socket[PID: 114 (klogd)]: family:1, type:1, protocol:0
[   17.277879] firmadyne: sys_socket[PID: 114 (klogd)]: family:1, type:2, protocol:0
sem_get: Key: 410f00aa
nvram_set[   17.285173] firmadyne: sys_socket[PID: 114 (klogd)]: family:1, type:1, protocol:0
[   17.286639] firmadyne: sys_socket[PID: 114 (klogd)]: family:1, type:2, protocol:0
: lan5_ifnames = ""
sem_get: Key: 410f00aa
[   17.293771] firmadyne: sys_socket[PID: 114 (klogd)]: family:1, type:1, protocol:0
[   17.295186] firmadyne: sys_socket[PID: 114 (klogd)]: family:1, type:2, protocol:0
sem_get: Key: 410f00aa
nvram_set: lan6_ifnames = ""
sem_get[   17.306042] firmadyne: sys_socket[PID: 114 (klogd)]: family:1, type:1, protocol:0
[   17.307464] firmadyne: sys_socket[PID: 114 (klogd)]: family:1, type:2, protocol:0
: Key: 410f00aa
sem_get: Key: 410f00aa
nvram_set: lan7_ifnames[   17.318199] firmadyne: sys_socket[PID: 114 (klogd)]: family:1, type:1, protocol:0
[   17.319639] firmadyne: sys_socket[PID: 114 (klogd)]: family:1, type:2, protocol:0
[   17.322923] firmadyne: sys_socket[PID: 114 (klogd)]: family:1, type:1, protocol:0
[   17.324560] firmadyne: sys_socket[PID: 114 (klogd)]: family:1, type:2, protocol:0
[   17.327391] firmadyne: sys_socket[PID: 114 (klogd)]: family:1, type:1, protocol:0
 = ""
sem_get: Key: 410f00aa
sem_get: Key: 410f00aa
[   17.336469] firmadyne: sys_socket[PID: 114 (klogd)]: family:1, type:2, protocol:0
[   17.339368] firmadyne: sys_socket[PID: 114 (klogd)]: family:1, type:1, protocol:0
nvram_set: lan8_ifnames = ""
sem_get: Key: 410f00aa
sem_get: Key: 410f00aa
[   17.348944] firmadyne: sys_socket[PID: 114 (klogd)]: family:1, type:2, protocol:0
nvram_set: lan9_ifnames = ""
sem_get: Key: 410f00aa
sem_get: Key: 410f00aa
nvram_set_default: Loading built-in default values = 1!
nvram_set_default: Checking for symbol "router_defaults"...
[   17.376903] firmadyne: sys_socket[PID: 114 (klogd)]: family:1, type:1, protocol:0
[   17.378355] firmadyne: sys_socket[PID: 114 (klogd)]: family:1, type:2, protocol:0
[   17.381643] firmadyne: sys_socket[PID: 114 (klogd)]: family:1, type:1, protocol:0
[   17.383051] firmadyne: sys_socket[PID: 114 (klogd)]: family:1, type:2, protocol:0
nvram_set_default: Checking for symbol "Nvrams"...
[   17.392651] firmadyne: sys_socket[PID: 114 (klogd)]: family:1, type:1, protocol:0
[   17.394070] firmadyne: sys_socket[PID: 114 (klogd)]: family:1, type:2, protocol:0
[   17.401329] firmadyne: sys_socket[PID: 114 (klogd)]: family:1, type:1, protocol:0
[   17.402781] firmadyne: sys_socket[PID: 114 (klogd)]: family:1, type:2, protocol:0
nvram_set[   17.410293] firmadyne: sys_socket[PID: 114 (klogd)]: family:1, type:1, protocol:0
[   17.411950] firmadyne: sys_socket[PID: 114 (klogd)]: family:1, type:2, protocol:0
: time_zone = "GMT+8"
sem_get: Key: 410f00aa
sem_get: Key: [   17.422469] firmadyne: sys_socket[PID: 114 (klogd)]: family:1, type:1, protocol:0
410f00aa
[   17.428173] firmadyne: sys_socket[PID: 114 (klogd)]: family:1, type:2, protocol:0
[   17.431100] firmadyne: sys_socket[PID: 114 (klogd)]: family:1, type:1, protocol:0
nvram_set: time_daylight = ""
[   17.436942] firmadyne: sys_socket[PID: 114 (klogd)]: family:1, type:2, protocol:0
sem_get: Key: 410f00aa
sem_get: Key: [   17.444265] firmadyne: sys_socket[PID: 114 (klogd)]: family:1, type:1, protocol:0
[   17.445720] firmadyne: sys_socket[PID: 114 (klogd)]: family:1, type:2, protocol:0
410f00aa
[   17.452954] firmadyne: sys_socket[PID: 114 (klogd)]: family:1, type:1, protocol:0
[   17.454409] firmadyne: sys_socket[PID: 114 (klogd)]: family:1, type:2, protocol:0
nvram_set: restore_default = "0[   17.461840] firmadyne: sys_socket[PID: 114 (klogd)]: family:1, type:1, protocol:0
[   17.463214] firmadyne: sys_socket[PID: 114 (klogd)]: family:1, type:2, protocol:0
"
sem_get: Key: 410f00aa
sem_get: Key: 410f00aa
[   17.473957] firmadyne: sys_socket[PID: 114 (klogd)]: family:1, type:1, protocol:0
[   17.475376] firmadyne: sys_socket[PID: 114 (klogd)]: family:1, type:2, protocol:0
nvram_set: wiz_language = "English[   17.486331] firmadyne: sys_socket[PID: 114 (klogd)]: family:1, type:1, protocol:0
[   17.488185] firmadyne: sys_socket[PID: 114 (klogd)]: family:1, type:2, protocol:0
[   17.491104] firmadyne: sys_socket[PID: 114 (klogd)]: family:1, type:1, protocol:0
"
sem_get: Key: 410f00aa
[   17.497094] firmadyne: sys_socket[PID: 114 (klogd)]: family:1, type:2, protocol:0
sem_get: Key: 410f00aa
[   17.504315] firmadyne: sys_socket[PID: 114 (klogd)]: family:1, type:1, protocol:0
[   17.505775] firmadyne: sys_socket[PID: 114 (klogd)]: family:1, type:2, protocol:0
nvram_set: wiz_country[   17.513220] firmadyne: sys_socket[PID: 114 (klogd)]: family:1, type:1, protocol:0
[   17.514680] firmadyne: sys_socket[PID: 114 (klogd)]: family:1, type:2, protocol:0
 = "US"
sem_get: Key: 410f00aa
[   17.521879] firmadyne: sys_socket[PID: 114 (klogd)]: family:1, type:1, protocol:0
[   17.523294] firmadyne: sys_socket[PID: 114 (klogd)]: family:1, type:2, protocol:0
sem_get: Key: 410f00aa
[   17.529966] firmadyne: sys_socket[PID: 114 (klogd)]: family:1, type:1, protocol:0
[   17.531376] firmadyne: sys_socket[PID: 114 (klogd)]: family:1, type:2, protocol:0
[   17.537942] firmadyne: sys_socket[PID: 114 (klogd)]: family:1, type:1, protocol:0
[   17.539348] firmadyne: sys_socket[PID: 114 (klogd)]: family:1, type:2, protocol:0
nvram_set: fix_ipaddr = ""
sem_get: Key: 410f00aa
sem_get: Key: 410f00aa
[   17.550316] firmadyne: sys_socket[PID: 114 (klogd)]: family:1, type:1, protocol:0
[   17.551970] firmadyne: sys_socket[PID: 114 (klogd)]: family:1, type:2, protocol:0
nvram_set: fix_netmask = ""
sem_get[   17.562265] firmadyne: sys_socket[PID: 114 (klogd)]: family:1, type:1, protocol:0
[   17.563709] firmadyne: sys_socket[PID: 114 (klogd)]: family:1, type:2, protocol:0
[   17.566990] firmadyne: sys_socket[PID: 114 (klogd)]: family:1, type:1, protocol:0
[   17.568654] firmadyne: sys_socket[PID: 114 (klogd)]: family:1, type:2, protocol:0
[   17.571544] firmadyne: sys_socket[PID: 114 (klogd)]: family:1, type:1, protocol:0
: Key: 410f00aa
sem_get: Key: 410f00aa
[   17.580459] firmadyne: sys_socket[PID: 114 (klogd)]: family:1, type:2, protocol:0
[   17.583349] firmadyne: sys_socket[PID: 114 (klogd)]: family:1, type:1, protocol:0
nvram_set: fix_gateway = ""
sem_get: Key: 410f00aa
